Admin UI E2E (4, chrome)	Run Cypress	2024-12-20T00:30:23.1138413Z ##[group]Run cypress-io/github-action@v6
Admin UI E2E (4, chrome)	Run Cypress	2024-12-20T00:30:23.1139100Z with:
Admin UI E2E (4, chrome)	Run Cypress	2024-12-20T00:30:23.1139386Z   install: false
Admin UI E2E (4, chrome)	Run Cypress	2024-12-20T00:30:23.1139694Z   browser: chrome
Admin UI E2E (4, chrome)	Run Cypress	2024-12-20T00:30:23.1140067Z   wait-on: http://localhost:8080
Admin UI E2E (4, chrome)	Run Cypress	2024-12-20T00:30:23.1140495Z   working-directory: js/apps/admin-ui
Admin UI E2E (4, chrome)	Run Cypress	2024-12-20T00:30:23.1140903Z   record: false
Admin UI E2E (4, chrome)	Run Cypress	2024-12-20T00:30:23.1141219Z   publish-summary: true
Admin UI E2E (4, chrome)	Run Cypress	2024-12-20T00:30:23.1141559Z   component: false
Admin UI E2E (4, chrome)	Run Cypress	2024-12-20T00:30:23.1141855Z env:
Admin UI E2E (4, chrome)	Run Cypress	2024-12-20T00:30:23.1142287Z   MAVEN_ARGS: -B -nsu -Daether.connector.http.connectionMaxTtl=25
Admin UI E2E (4, chrome)	Run Cypress	2024-12-20T00:30:23.1142836Z   RETRY_COUNT: 3
Admin UI E2E (4, chrome)	Run Cypress	2024-12-20T00:30:23.1143168Z   WORKSPACE: keycloak-admin-ui
Admin UI E2E (4, chrome)	Run Cypress	2024-12-20T00:30:23.1143721Z   JAVA_HOME: /opt/hostedtoolcache/Java_Temurin-Hotspot_jdk/21.0.5-11/x64
Admin UI E2E (4, chrome)	Run Cypress	2024-12-20T00:30:23.1144461Z   JAVA_HOME_21_X64: /opt/hostedtoolcache/Java_Temurin-Hotspot_jdk/21.0.5-11/x64
Admin UI E2E (4, chrome)	Run Cypress	2024-12-20T00:30:23.1145031Z   SPLIT: 10
Admin UI E2E (4, chrome)	Run Cypress	2024-12-20T00:30:23.1145317Z   SPLIT_INDEX: 6
Admin UI E2E (4, chrome)	Run Cypress	2024-12-20T00:30:23.1145627Z   SPLIT_RANDOM_SEED: 65
Admin UI E2E (4, chrome)	Run Cypress	2024-12-20T00:30:23.1145997Z ##[endgroup]
Admin UI E2E (4, chrome)	Run Cypress	2024-12-20T00:30:23.3791264Z Skipping install because install parameter is false
Admin UI E2E (4, chrome)	Run Cypress	2024-12-20T00:30:23.3808671Z waiting on "http://localhost:8080" with timeout of 60 seconds
Admin UI E2E (4, chrome)	Run Cypress	2024-12-20T00:30:38.7393562Z It looks like this is your first time using Cypress: 13.17.0
Admin UI E2E (4, chrome)	Run Cypress	2024-12-20T00:30:38.7393880Z 
Admin UI E2E (4, chrome)	Run Cypress	2024-12-20T00:30:38.7415588Z [STARTED] Task without title.
Admin UI E2E (4, chrome)	Run Cypress	2024-12-20T00:30:40.2466270Z [SUCCESS] Task without title.
Admin UI E2E (4, chrome)	Run Cypress	2024-12-20T00:30:40.2470961Z 
Admin UI E2E (4, chrome)	Run Cypress	2024-12-20T00:30:40.2471368Z Opening Cypress...
Admin UI E2E (4, chrome)	Run Cypress	2024-12-20T00:30:40.8226179Z MESA: error: ZINK: vkCreateInstance failed (VK_ERROR_INCOMPATIBLE_DRIVER)
Admin UI E2E (4, chrome)	Run Cypress	2024-12-20T00:30:40.8228544Z glx: failed to create drisw screen
Admin UI E2E (4, chrome)	Run Cypress	2024-12-20T00:30:40.8734509Z 
Admin UI E2E (4, chrome)	Run Cypress	2024-12-20T00:30:40.8735360Z DevTools listening on ws://127.0.0.1:41215/devtools/browser/c9e8fb1a-8bae-4466-9982-89846d20fec5
Admin UI E2E (4, chrome)	Run Cypress	2024-12-20T00:30:41.4716406Z (node:2766) ExperimentalWarning: `--experimental-loader` may be removed in the future; instead use `register()`:
Admin UI E2E (4, chrome)	Run Cypress	2024-12-20T00:30:41.4719713Z --import 'data:text/javascript,import { register } from "node:module"; import { pathToFileURL } from "node:url"; register("file%3A///home/runner/.cache/Cypress/13.17.0/Cypress/resources/app/node_modules/ts-node/esm/transpile-only.mjs", pathToFileURL("./"));'
Admin UI E2E (4, chrome)	Run Cypress	2024-12-20T00:30:41.4721815Z (Use `node --trace-warnings ...` to show where the warning was created)
Admin UI E2E (4, chrome)	Run Cypress	2024-12-20T00:30:42.1968551Z cypress-split: there are 41 found specs
Admin UI E2E (4, chrome)	Run Cypress	2024-12-20T00:30:42.1969938Z the first 5 specs
Admin UI E2E (4, chrome)	Run Cypress	2024-12-20T00:30:42.1972293Z - 1: /home/runner/work/keycloak/keycloak/js/apps/admin-ui/cypress/e2e/authentication_policies.spec.ts
Admin UI E2E (4, chrome)	Run Cypress	2024-12-20T00:30:42.1973913Z - 2: /home/runner/work/keycloak/keycloak/js/apps/admin-ui/cypress/e2e/realm_settings_general_tab_test.spec.ts
Admin UI E2E (4, chrome)	Run Cypress	2024-12-20T00:30:42.1975642Z - 3: /home/runner/work/keycloak/keycloak/js/apps/admin-ui/cypress/e2e/realm_settings_client_policies_test.spec.ts
Admin UI E2E (4, chrome)	Run Cypress	2024-12-20T00:30:42.1976909Z - 4: /home/runner/work/keycloak/keycloak/js/apps/admin-ui/cypress/e2e/clients_saml_advanced.spec.ts
Admin UI E2E (4, chrome)	Run Cypress	2024-12-20T00:30:42.1977875Z - 5: /home/runner/work/keycloak/keycloak/js/apps/admin-ui/cypress/e2e/user_fed_ldap_test.spec.ts
Admin UI E2E (4, chrome)	Run Cypress	2024-12-20T00:30:42.1978451Z cypress-split: chunk 7 of 10
Admin UI E2E (4, chrome)	Run Cypress	2024-12-20T00:30:42.1986375Z k  spec                                            
Admin UI E2E (4, chrome)	Run Cypress	2024-12-20T00:30:42.1986994Z -  ------------------------------------------------
Admin UI E2E (4, chrome)	Run Cypress	2024-12-20T00:30:42.1987761Z 1  cypress/e2e/clients_test.spec.ts                
Admin UI E2E (4, chrome)	Run Cypress	2024-12-20T00:30:42.1988964Z 2  cypress/e2e/realm_test.spec.ts                  
Admin UI E2E (4, chrome)	Run Cypress	2024-12-20T00:30:42.1989636Z 3  cypress/e2e/partial_export_test.spec.ts         
Admin UI E2E (4, chrome)	Run Cypress	2024-12-20T00:30:42.1990267Z 4  cypress/e2e/client_registration_policies.spec.ts
Admin UI E2E (4, chrome)	Run Cypress	2024-12-20T00:30:42.1990571Z 
Admin UI E2E (4, chrome)	Run Cypress	2024-12-20T00:30:43.0994308Z 
Admin UI E2E (4, chrome)	Run Cypress	2024-12-20T00:30:43.1291305Z [90m====================================================================================================[39m
Admin UI E2E (4, chrome)	Run Cypress	2024-12-20T00:30:43.1291725Z 
Admin UI E2E (4, chrome)	Run Cypress	2024-12-20T00:30:43.1293479Z [0m  ([4m[1mRun Starting[22m[24m)[0m
Admin UI E2E (4, chrome)	Run Cypress	2024-12-20T00:30:43.1296173Z 
Admin UI E2E (4, chrome)	Run Cypress	2024-12-20T00:30:43.1370881Z [90m  â”Œ[39m[90mâ”€[39m[90mâ”€[39m[90mâ”€[39m[90mâ”€[39m[90mâ”€[39m[90mâ”€[39m[90mâ”€[39m[90mâ”€[39m[90mâ”€[39m[90mâ”€[39m[90mâ”€[39m[90mâ”€[39m[90mâ”€[39m[90mâ”€[39m[90mâ”€[39m[90mâ”€[39m[90mâ”€[39m[90mâ”€[39m[90mâ”€[39m[90mâ”€[39m[90mâ”€[39m[90mâ”€[39m[90mâ”€[39m[90mâ”€[39m[90mâ”€[39m[90mâ”€[39m[90mâ”€[39m[90mâ”€[39m[90mâ”€[39m[90mâ”€[39m[90mâ”€[39m[90mâ”€[39m[90mâ”€[39m[90mâ”€[39m[90mâ”€[39m[90mâ”€[39m[90mâ”€[39m[90mâ”€[39m[90mâ”€[39m[90mâ”€[39m[90mâ”€[39m[90mâ”€[39m[90mâ”€[39m[90mâ”€[39m[90mâ”€[39m[90mâ”€[39m[90mâ”€[39m[90mâ”€[39m[90mâ”€[39m[90mâ”€[39m[90mâ”€[39m[90mâ”€[39m[90mâ”€[39m[90mâ”€[39m[90mâ”€[39m[90mâ”€[39m[90mâ”€[39m[90mâ”€[39m[90mâ”€[39m[90mâ”€[39m[90mâ”€[39m[90mâ”€[39m[90mâ”€[39m[90mâ”€[39m[90mâ”€[39m[90mâ”€[39m[90mâ”€[39m[90mâ”€[39m[90mâ”€[39m[90mâ”€[39m[90mâ”€[39m[90mâ”€[39m[90mâ”€[39m[90mâ”€[39m[90mâ”€[39m[90mâ”€[39m[90mâ”€[39m[90mâ”€[39m[90mâ”€[39m[90mâ”€[39m[90mâ”€[39m[90mâ”€[39m[90mâ”€[39m[90mâ”€[39m[90mâ”€[39m[90mâ”€[39m[90mâ”€[39m[90mâ”€[39m[90mâ”€[39m[90mâ”€[39m[90mâ”€[39m[90mâ”€[39m[90mâ”€[39m[90mâ”€[39m[90mâ”€[39m[90mâ”€[39m[90mâ”[39m
Admin UI E2E (4, chrome)	Run Cypress	2024-12-20T00:30:43.1375565Z [90m  â”‚[39m [90mCypress:[39m        13.17.0                                                                        [90mâ”‚[39m
Admin UI E2E (4, chrome)	Run Cypress	2024-12-20T00:30:43.1377294Z [90m  â”‚[39m [90mBrowser:[39m        Chrome 131 [90m(headless)[39m                                                          [90mâ”‚[39m
Admin UI E2E (4, chrome)	Run Cypress	2024-12-20T00:30:43.1379074Z [90m  â”‚[39m [90mNode Version:[39m   [0mv20.18.0 [90m(/home/runner/runners/2.321.0/externals/node20/bin/node)[39m[0m              [90mâ”‚[39m
Admin UI E2E (4, chrome)	Run Cypress	2024-12-20T00:30:43.1380760Z [90m  â”‚[39m [90mSpecs:[39m          [0m4 found (clients_test.spec.ts, realm_test.spec.ts, partial_export_test.spec.ts[0m [90mâ”‚[39m
Admin UI E2E (4, chrome)	Run Cypress	2024-12-20T00:30:43.1382234Z [90m  â”‚[39m                 [0m, client_registration_policies.spec.ts)[0m                                        [90mâ”‚[39m
Admin UI E2E (4, chrome)	Run Cypress	2024-12-20T00:30:43.1383779Z [90m  â”‚[39m [90mSearched:[39m       [0mcypress/e2e/clients_test.spec.ts, cypress/e2e/realm_test.spec.ts, cypress/e2e/[0m [90mâ”‚[39m
Admin UI E2E (4, chrome)	Run Cypress	2024-12-20T00:30:43.1385385Z [90m  â”‚[39m                 [0mpartial_export_test.spec.ts, cypress/e2e/client_registration_policies.spec.ts[0m  [90mâ”‚[39m
Admin UI E2E (4, chrome)	Run Cypress	2024-12-20T00:30:43.1386935Z [90m  â”‚[39m [90mExperiments:[39m    experimentalMemoryManagement=true                                              [90mâ”‚[39m
Admin UI E2E (4, chrome)	Run Cypress	2024-12-20T00:30:43.1394404Z [90m  â””[39m[90mâ”€[39m[90mâ”€[39m[90mâ”€[39m[90mâ”€[39m[90mâ”€[39m[90mâ”€[39m[90mâ”€[39m[90mâ”€[39m[90mâ”€[39m[90mâ”€[39m[90mâ”€[39m[90mâ”€[39m[90mâ”€[39m[90mâ”€[39m[90mâ”€[39m[90mâ”€[39m[90mâ”€[39m[90mâ”€[39m[90mâ”€[39m[90mâ”€[39m[90mâ”€[39m[90mâ”€[39m[90mâ”€[39m[90mâ”€[39m[90mâ”€[39m[90mâ”€[39m[90mâ”€[39m[90mâ”€[39m[90mâ”€[39m[90mâ”€[39m[90mâ”€[39m[90mâ”€[39m[90mâ”€[39m[90mâ”€[39m[90mâ”€[39m[90mâ”€[39m[90mâ”€[39m[90mâ”€[39m[90mâ”€[39m[90mâ”€[39m[90mâ”€[39m[90mâ”€[39m[90mâ”€[39m[90mâ”€[39m[90mâ”€[39m[90mâ”€[39m[90mâ”€[39m[90mâ”€[39m[90mâ”€[39m[90mâ”€[39m[90mâ”€[39m[90mâ”€[39m[90mâ”€[39m[90mâ”€[39m[90mâ”€[39m[90mâ”€[39m[90mâ”€[39m[90mâ”€[39m[90mâ”€[39m[90mâ”€[39m[90mâ”€[39m[90mâ”€[39m[90mâ”€[39m[90mâ”€[39m[90mâ”€[39m[90mâ”€[39m[90mâ”€[39m[90mâ”€[39m[90mâ”€[39m[90mâ”€[39m[90mâ”€[39m[90mâ”€[39m[90mâ”€[39m[90mâ”€[39m[90mâ”€[39m[90mâ”€[39m[90mâ”€[39m[90mâ”€[39m[90mâ”€[39m[90mâ”€[39m[90mâ”€[39m[90mâ”€[39m[90mâ”€[39m[90mâ”€[39m[90mâ”€[39m[90mâ”€[39m[90mâ”€[39m[90mâ”€[39m[90mâ”€[39m[90mâ”€[39m[90mâ”€[39m[90mâ”€[39m[90mâ”€[39m[90mâ”€[39m[90mâ”€[39m[90mâ”€[39m[90mâ”˜[39m
Admin UI E2E (4, chrome)	Run Cypress	2024-12-20T00:30:43.1398159Z 
Admin UI E2E (4, chrome)	Run Cypress	2024-12-20T00:30:43.1398171Z 
Admin UI E2E (4, chrome)	Run Cypress	2024-12-20T00:30:43.1405096Z [90mâ”€[39m[90mâ”€[39m[90mâ”€[39m[90mâ”€[39m[90mâ”€[39m[90mâ”€[39m[90mâ”€[39m[90mâ”€[39m[90mâ”€[39m[90mâ”€[39m[90mâ”€[39m[90mâ”€[39m[90mâ”€[39m[90mâ”€[39m[90mâ”€[39m[90mâ”€[39m[90mâ”€[39m[90mâ”€[39m[90mâ”€[39m[90mâ”€[39m[90mâ”€[39m[90mâ”€[39m[90mâ”€[39m[90mâ”€[39m[90mâ”€[39m[90mâ”€[39m[90mâ”€[39m[90mâ”€[39m[90mâ”€[39m[90mâ”€[39m[90mâ”€[39m[90mâ”€[39m[90mâ”€[39m[90mâ”€[39m[90mâ”€[39m[90mâ”€[39m[90mâ”€[39m[90mâ”€[39m[90mâ”€[39m[90mâ”€[39m[90mâ”€[39m[90mâ”€[39m[90mâ”€[39m[90mâ”€[39m[90mâ”€[39m[90mâ”€[39m[90mâ”€[39m[90mâ”€[39m[90mâ”€[39m[90mâ”€[39m[90mâ”€[39m[90mâ”€[39m[90mâ”€[39m[90mâ”€[39m[90mâ”€[39m[90mâ”€[39m[90mâ”€[39m[90mâ”€[39m[90mâ”€[39m[90mâ”€[39m[90mâ”€[39m[90mâ”€[39m[90mâ”€[39m[90mâ”€[39m[90mâ”€[39m[90mâ”€[39m[90mâ”€[39m[90mâ”€[39m[90mâ”€[39m[90mâ”€[39m[90mâ”€[39m[90mâ”€[39m[90mâ”€[39m[90mâ”€[39m[90mâ”€[39m[90mâ”€[39m[90mâ”€[39m[90mâ”€[39m[90mâ”€[39m[90mâ”€[39m[90mâ”€[39m[90mâ”€[39m[90mâ”€[39m[90mâ”€[39m[90mâ”€[39m[90mâ”€[39m[90mâ”€[39m[90mâ”€[39m[90mâ”€[39m[90mâ”€[39m[90mâ”€[39m[90mâ”€[39m[90mâ”€[39m[90mâ”€[39m[90mâ”€[39m[90mâ”€[39m[90mâ”€[39m[90mâ”€[39m[90mâ”€[39m[90mâ”€[39m
Admin UI E2E (4, chrome)	Run Cypress	2024-12-20T00:30:43.1409527Z                                                                                                     
Admin UI E2E (4, chrome)	Run Cypress	2024-12-20T00:30:43.1410486Z   Running:  [90mclients_test.spec.ts[39m                                                            [90m(1 of 4)[39m
Admin UI E2E (4, chrome)	Run Cypress	2024-12-20T00:30:51.5573318Z 
Admin UI E2E (4, chrome)	Run Cypress	2024-12-20T00:30:51.5579652Z [0m[0m
Admin UI E2E (4, chrome)	Run Cypress	2024-12-20T00:30:51.5649665Z [0m  Clients test[0m
Admin UI E2E (4, chrome)	Run Cypress	2024-12-20T00:30:53.6926497Z [0m    Client creation[0m
Admin UI E2E (4, chrome)	Run Cypress	2024-12-20T00:31:01.8728509Z     [32m  âœ“[0m[90m Should cancel creating client[0m[90m (10271ms)[0m
Admin UI E2E (4, chrome)	Run Cypress	2024-12-20T00:31:11.1972937Z     [32m  âœ“[0m[90m Should check settings elements[0m[90m (9144ms)[0m
Admin UI E2E (4, chrome)	Run Cypress	2024-12-20T00:31:14.9906077Z     [32m  âœ“[0m[90m Should navigate to previous using 'back' button[0m[90m (3700ms)[0m
Admin UI E2E (4, chrome)	Run Cypress	2024-12-20T00:31:19.7299366Z     [32m  âœ“[0m[90m Should fail creating client[0m[90m (4699ms)[0m
Admin UI E2E (4, chrome)	Run Cypress	2024-12-20T00:31:29.6926524Z     [32m  âœ“[0m[90m Client CRUD test[0m[90m (9834ms)[0m
Admin UI E2E (4, chrome)	Run Cypress	2024-12-20T00:31:32.4001933Z     [32m  âœ“[0m[90m Should fail to create imported client with empty ID[0m[90m (2640ms)[0m
Admin UI E2E (4, chrome)	Run Cypress	2024-12-20T00:31:37.5159608Z     [32m  âœ“[0m[90m Should fail to create client with same ID[0m[90m (5085ms)[0m
Admin UI E2E (4, chrome)	Run Cypress	2024-12-20T00:31:39.9628461Z     [32m  âœ“[0m[90m should delete 'identical' client id[0m[90m (2401ms)[0m
Admin UI E2E (4, chrome)	Run Cypress	2024-12-20T00:31:39.9835154Z [0m    Service account tab test[0m
Admin UI E2E (4, chrome)	Run Cypress	2024-12-20T00:31:46.4933058Z     [32m  âœ“[0m[90m List[0m[90m (6419ms)[0m
Admin UI E2E (4, chrome)	Run Cypress	2024-12-20T00:32:24.5559554Z       [33m(Attempt 1 of 4)[0m Assign
Admin UI E2E (4, chrome)	Run Cypress	2024-12-20T00:33:07.7698268Z       [33m(Attempt 2 of 4)[0m Assign
Admin UI E2E (4, chrome)	Run Cypress	2024-12-20T00:33:56.0589974Z       [33m(Attempt 3 of 4)[0m Assign
Admin UI E2E (4, chrome)	Run Cypress	2024-12-20T00:34:49.1891905Z     [31m  1) Assign[0m
Admin UI E2E (4, chrome)	Run Cypress	2024-12-20T00:34:50.0098176Z [0m    Mapping tab[0m
Admin UI E2E (4, chrome)	Run Cypress	2024-12-20T00:34:57.2533557Z     [32m  âœ“[0m[90m Add mapping to openid client[0m[90m (6875ms)[0m
Admin UI E2E (4, chrome)	Run Cypress	2024-12-20T00:34:57.2972223Z [0m    Keys tab test[0m
Admin UI E2E (4, chrome)	Run Cypress	2024-12-20T00:35:05.0243704Z     [32m  âœ“[0m[90m Generate new keys[0m[90m (7323ms)[0m
Admin UI E2E (4, chrome)	Run Cypress	2024-12-20T00:35:05.0357257Z [0m    Realm client[0m
Admin UI E2E (4, chrome)	Run Cypress	2024-12-20T00:35:10.0336329Z     [32m  âœ“[0m[90m Displays the correct tabs[0m[90m (4811ms)[0m
Admin UI E2E (4, chrome)	Run Cypress	2024-12-20T00:35:14.1497791Z     [32m  âœ“[0m[90m Hides the delete action[0m[90m (3955ms)[0m
Admin UI E2E (4, chrome)	Run Cypress	2024-12-20T00:35:14.1618486Z [0m    ***
Admin UI E2E (4, chrome)	Run Cypress	2024-12-20T00:35:18.5617895Z     [32m  âœ“[0m[90m Shows an explainer text for bearer only clients[0m[90m (4284ms)[0m
Admin UI E2E (4, chrome)	Run Cypress	2024-12-20T00:35:23.0134850Z     [32m  âœ“[0m[90m Hides the capability config section[0m[90m (4083ms)[0m
Admin UI E2E (4, chrome)	Run Cypress	2024-12-20T00:35:23.0224012Z [0m    Generated home URLs for built-in clients[0m
Admin UI E2E (4, chrome)	Run Cypress	2024-12-20T00:35:25.6029875Z     [32m  âœ“[0m[90m Check account-console Home URL[0m[90m (2461ms)[0m
Admin UI E2E (4, chrome)	Run Cypress	2024-12-20T00:35:28.2244519Z     [32m  âœ“[0m[90m Check security-admin-console Home URL[0m[90m (2500ms)[0m
Admin UI E2E (4, chrome)	Run Cypress	2024-12-20T00:35:28.2407027Z [0m    Accessibility tests for clients[0m
Admin UI E2E (4, chrome)	Run Cypress	2024-12-20T00:35:31.3915501Z     [32m  âœ“[0m[90m Check a11y violations on load/ clients list tab[0m[90m (3026ms)[0m
Admin UI E2E (4, chrome)	Run Cypress	2024-12-20T00:35:36.0657686Z     [32m  âœ“[0m[90m Check a11y violations on create client page[0m[90m (4592ms)[0m
Admin UI E2E (4, chrome)	Run Cypress	2024-12-20T00:35:47.1877181Z     [32m  âœ“[0m[90m Check a11y violations on client details page[0m[90m (11003ms)[0m
Admin UI E2E (4, chrome)	Run Cypress	2024-12-20T00:35:51.7933176Z     [32m  âœ“[0m[90m Check a11y violations in delete dialog[0m[90m (4524ms)[0m
Admin UI E2E (4, chrome)	Run Cypress	2024-12-20T00:35:55.0527200Z     [32m  âœ“[0m[90m Check a11y violations on client registration/ anonymous access policies tab[0m[90m (3147ms)[0m
Admin UI E2E (4, chrome)	Run Cypress	2024-12-20T00:35:59.6178214Z     [32m  âœ“[0m[90m Check a11y violations on client registration/ authenticated access policies tab[0m[90m (3613ms)[0m
Admin UI E2E (4, chrome)	Run Cypress	2024-12-20T00:35:59.6179550Z 
Admin UI E2E (4, chrome)	Run Cypress	2024-12-20T00:35:59.6377200Z 
Admin UI E2E (4, chrome)	Run Cypress	2024-12-20T00:35:59.6379766Z [92m [0m[32m 23 passing[0m[90m (5m)[0m
Admin UI E2E (4, chrome)	Run Cypress	2024-12-20T00:35:59.6380342Z [31m  1 failing[0m
Admin UI E2E (4, chrome)	Run Cypress	2024-12-20T00:35:59.6381111Z 
Admin UI E2E (4, chrome)	Run Cypress	2024-12-20T00:35:59.6390644Z [0m  1) Clients test
Admin UI E2E (4, chrome)	Run Cypress	2024-12-20T00:35:59.6391692Z        Service account tab test
Admin UI E2E (4, chrome)	Run Cypress	2024-12-20T00:35:59.6393005Z          Assign:
Admin UI E2E (4, chrome)	Run Cypress	2024-12-20T00:35:59.6394926Z [0m[31m     AssertionError: Timed out retrying after 30000ms: expected '[ <td.pf-v5-c-table__td.pf-v5-c-table__check>, 39 more... ]' not to contain 'create-realm-ae23b82f-d431-4aa4-b39a-8086378e544f'[0m[90m
Admin UI E2E (4, chrome)	Run Cypress	2024-12-20T00:35:59.6397247Z       at Context.eval (webpack://@keycloak/keycloak-admin-ui/./cypress/support/pages/admin-ui/manage/RoleMappingTab.ts:91:0)
Admin UI E2E (4, chrome)	Run Cypress	2024-12-20T00:35:59.6398204Z [0m
Admin UI E2E (4, chrome)	Run Cypress	2024-12-20T00:35:59.6398345Z 
Admin UI E2E (4, chrome)	Run Cypress	2024-12-20T00:35:59.6398353Z 
Admin UI E2E (4, chrome)	Run Cypress	2024-12-20T00:36:00.6754604Z 
Admin UI E2E (4, chrome)	Run Cypress	2024-12-20T00:36:00.6756083Z [31m  ([4m[1mResults[22m[24m)[39m
Admin UI E2E (4, chrome)	Run Cypress	2024-12-20T00:36:00.6776442Z 
Admin UI E2E (4, chrome)	Run Cypress	2024-12-20T00:36:00.6793590Z [90m  â”Œ[39m[90mâ”€[39m[90mâ”€[39m[90mâ”€[39m[90mâ”€[39m[90mâ”€[39m[90mâ”€[39m[90mâ”€[39m[90mâ”€[39m[90mâ”€[39m[90mâ”€[39m[90mâ”€[39m[90mâ”€[39m[90mâ”€[39m[90mâ”€[39m[90mâ”€[39m[90mâ”€[39m[90mâ”€[39m[90mâ”€[39m[90mâ”€[39m[90mâ”€[39m[90mâ”€[39m[90mâ”€[39m[90mâ”€[39m[90mâ”€[39m[90mâ”€[39m[90mâ”€[39m[90mâ”€[39m[90mâ”€[39m[90mâ”€[39m[90mâ”€[39m[90mâ”€[39m[90mâ”€[39m[90mâ”€[39m[90mâ”€[39m[90mâ”€[39m[90mâ”€[39m[90mâ”€[39m[90mâ”€[39m[90mâ”€[39m[90mâ”€[39m[90mâ”€[39m[90mâ”€[39m[90mâ”€[39m[90mâ”€[39m[90mâ”€[39m[90mâ”€[39m[90mâ”€[39m[90mâ”€[39m[90mâ”€[39m[90mâ”€[39m[90mâ”€[39m[90mâ”€[39m[90mâ”€[39m[90mâ”€[39m[90mâ”€[39m[90mâ”€[39m[90mâ”€[39m[90mâ”€[39m[90mâ”€[39m[90mâ”€[39m[90mâ”€[39m[90mâ”€[39m[90mâ”€[39m[90mâ”€[39m[90mâ”€[39m[90mâ”€[39m[90mâ”€[39m[90mâ”€[39m[90mâ”€[39m[90mâ”€[39m[90mâ”€[39m[90mâ”€[39m[90mâ”€[39m[90mâ”€[39m[90mâ”€[39m[90mâ”€[39m[90mâ”€[39m[90mâ”€[39m[90mâ”€[39m[90mâ”€[39m[90mâ”€[39m[90mâ”€[39m[90mâ”€[39m[90mâ”€[39m[90mâ”€[39m[90mâ”€[39m[90mâ”€[39m[90mâ”€[39m[90mâ”€[39m[90mâ”€[39m[90mâ”€[39m[90mâ”€[39m[90mâ”€[39m[90mâ”€[39m[90mâ”€[39m[90mâ”€[39m[90mâ”[39m
Admin UI E2E (4, chrome)	Run Cypress	2024-12-20T00:36:00.6796970Z [90m  â”‚[39m [90mTests:[39m        [31m24[39m                                                                               [90mâ”‚[39m
Admin UI E2E (4, chrome)	Run Cypress	2024-12-20T00:36:00.6797786Z [90m  â”‚[39m [90mPassing:[39m      [31m23[39m                                                                               [90mâ”‚[39m
Admin UI E2E (4, chrome)	Run Cypress	2024-12-20T00:36:00.6798587Z [90m  â”‚[39m [90mFailing:[39m      [31m1[39m                                                                                [90mâ”‚[39m
Admin UI E2E (4, chrome)	Run Cypress	2024-12-20T00:36:00.6799569Z [90m  â”‚[39m [90mPending:[39m      [31m0[39m                                                                                [90mâ”‚[39m
Admin UI E2E (4, chrome)	Run Cypress	2024-12-20T00:36:00.6800364Z [90m  â”‚[39m [90mSkipped:[39m      [31m0[39m                                                                                [90mâ”‚[39m
Admin UI E2E (4, chrome)	Run Cypress	2024-12-20T00:36:00.6801659Z [90m  â”‚[39m [90mScreenshots:[39m  [31m4[39m                                                                                [90mâ”‚[39m
Admin UI E2E (4, chrome)	Run Cypress	2024-12-20T00:36:00.6803065Z [90m  â”‚[39m [90mVideo:[39m        [31mtrue[39m                                                                             [90mâ”‚[39m
Admin UI E2E (4, chrome)	Run Cypress	2024-12-20T00:36:00.6804423Z [90m  â”‚[39m [90mDuration:[39m     [31m5 minutes, 8 seconds[39m                                                             [90mâ”‚[39m
Admin UI E2E (4, chrome)	Run Cypress	2024-12-20T00:36:00.6805944Z [90m  â”‚[39m [90mSpec Ran:[39m     [31m[31mclients_test.spec.ts[31m[39m                                                             [90mâ”‚[39m
Admin UI E2E (4, chrome)	Run Cypress	2024-12-20T00:36:00.6813497Z [90m  â””[39m[90mâ”€[39m[90mâ”€[39m[90mâ”€[39m[90mâ”€[39m[90mâ”€[39m[90mâ”€[39m[90mâ”€[39m[90mâ”€[39m[90mâ”€[39m[90mâ”€[39m[90mâ”€[39m[90mâ”€[39m[90mâ”€[39m[90mâ”€[39m[90mâ”€[39m[90mâ”€[39m[90mâ”€[39m[90mâ”€[39m[90mâ”€[39m[90mâ”€[39m[90mâ”€[39m[90mâ”€[39m[90mâ”€[39m[90mâ”€[39m[90mâ”€[39m[90mâ”€[39m[90mâ”€[39m[90mâ”€[39m[90mâ”€[39m[90mâ”€[39m[90mâ”€[39m[90mâ”€[39m[90mâ”€[39m[90mâ”€[39m[90mâ”€[39m[90mâ”€[39m[90mâ”€[39m[90mâ”€[39m[90mâ”€[39m[90mâ”€[39m[90mâ”€[39m[90mâ”€[39m[90mâ”€[39m[90mâ”€[39m[90mâ”€[39m[90mâ”€[39m[90mâ”€[39m[90mâ”€[39m[90mâ”€[39m[90mâ”€[39m[90mâ”€[39m[90mâ”€[39m[90mâ”€[39m[90mâ”€[39m[90mâ”€[39m[90mâ”€[39m[90mâ”€[39m[90mâ”€[39m[90mâ”€[39m[90mâ”€[39m[90mâ”€[39m[90mâ”€[39m[90mâ”€[39m[90mâ”€[39m[90mâ”€[39m[90mâ”€[39m[90mâ”€[39m[90mâ”€[39m[90mâ”€[39m[90mâ”€[39m[90mâ”€[39m[90mâ”€[39m[90mâ”€[39m[90mâ”€[39m[90mâ”€[39m[90mâ”€[39m[90mâ”€[39m[90mâ”€[39m[90mâ”€[39m[90mâ”€[39m[90mâ”€[39m[90mâ”€[39m[90mâ”€[39m[90mâ”€[39m[90mâ”€[39m[90mâ”€[39m[90mâ”€[39m[90mâ”€[39m[90mâ”€[39m[90mâ”€[39m[90mâ”€[39m[90mâ”€[39m[90mâ”€[39m[90mâ”€[39m[90mâ”€[39m[90mâ”€[39m[90mâ”˜[39m
Admin UI E2E (4, chrome)	Run Cypress	2024-12-20T00:36:00.6817636Z 
Admin UI E2E (4, chrome)	Run Cypress	2024-12-20T00:36:00.6817653Z 
Admin UI E2E (4, chrome)	Run Cypress	2024-12-20T00:36:00.6818059Z [33m  ([4m[1mScreenshots[22m[24m)[39m
Admin UI E2E (4, chrome)	Run Cypress	2024-12-20T00:36:00.6818380Z 
Admin UI E2E (4, chrome)	Run Cypress	2024-12-20T00:36:00.6819813Z [90m [39m -  [0m/home/runner/work/keycloak/keycloak/js/apps/admin-ui/cypress/screenshots/clients[0m     [90m[90m(1280x633)[90m[39m
Admin UI E2E (4, chrome)	Run Cypress	2024-12-20T00:36:00.6821901Z [90m [39m    [0m_test.spec.ts/Clients test -- Service account tab test -- Assign (failed).png[0m                  
Admin UI E2E (4, chrome)	Run Cypress	2024-12-20T00:36:00.6823719Z [90m [39m -  [0m/home/runner/work/keycloak/keycloak/js/apps/admin-ui/cypress/screenshots/clients[0m     [90m[90m(1280x633)[90m[39m
Admin UI E2E (4, chrome)	Run Cypress	2024-12-20T00:36:00.6825497Z [90m [39m    [0m_test.spec.ts/Clients test -- Service account tab test -- Assign (failed) (attem[0m               
Admin UI E2E (4, chrome)	Run Cypress	2024-12-20T00:36:00.6826811Z [90m [39m    [0mpt 2).png[0m                                                                                      
Admin UI E2E (4, chrome)	Run Cypress	2024-12-20T00:36:00.6828426Z [90m [39m -  [0m/home/runner/work/keycloak/keycloak/js/apps/admin-ui/cypress/screenshots/clients[0m     [90m[90m(1280x633)[90m[39m
Admin UI E2E (4, chrome)	Run Cypress	2024-12-20T00:36:00.6831293Z [90m [39m    [0m_test.spec.ts/Clients test -- Service account tab test -- Assign (failed) (attem[0m               
Admin UI E2E (4, chrome)	Run Cypress	2024-12-20T00:36:00.6832080Z [90m [39m    [0mpt 3).png[0m                                                                                      
Admin UI E2E (4, chrome)	Run Cypress	2024-12-20T00:36:00.6832973Z [90m [39m -  [0m/home/runner/work/keycloak/keycloak/js/apps/admin-ui/cypress/screenshots/clients[0m     [90m[90m(1280x633)[90m[39m
Admin UI E2E (4, chrome)	Run Cypress	2024-12-20T00:36:00.6834003Z [90m [39m    [0m_test.spec.ts/Clients test -- Service account tab test -- Assign (failed) (attem[0m               
Admin UI E2E (4, chrome)	Run Cypress	2024-12-20T00:36:00.6835159Z [90m [39m    [0mpt 4).png[0m                                                                                      
Admin UI E2E (4, chrome)	Run Cypress	2024-12-20T00:36:00.6835580Z 
Admin UI E2E (4, chrome)	Run Cypress	2024-12-20T00:36:00.7163938Z 
Admin UI E2E (4, chrome)	Run Cypress	2024-12-20T00:36:00.7165100Z [36m  ([4m[1mVideo[22m[24m)[39m
Admin UI E2E (4, chrome)	Run Cypress	2024-12-20T00:36:00.7165847Z 
Admin UI E2E (4, chrome)	Run Cypress	2024-12-20T00:36:00.7167183Z   -  Video output: [36m/home/runner/work/keycloak/keycloak/js/apps/admin-ui/cypress/videos/clients_test.spec.ts.mp4[39m
Admin UI E2E (4, chrome)	Run Cypress	2024-12-20T00:36:00.7167978Z 
Admin UI E2E (4, chrome)	Run Cypress	2024-12-20T00:36:00.7168292Z 
Admin UI E2E (4, chrome)	Run Cypress	2024-12-20T00:36:00.7179534Z [90mâ”€[39m[90mâ”€[39m[90mâ”€[39m[90mâ”€[39m[90mâ”€[39m[90mâ”€[39m[90mâ”€[39m[90mâ”€[39m[90mâ”€[39m[90mâ”€[39m[90mâ”€[39m[90mâ”€[39m[90mâ”€[39m[90mâ”€[39m[90mâ”€[39m[90mâ”€[39m[90mâ”€[39m[90mâ”€[39m[90mâ”€[39m[90mâ”€[39m[90mâ”€[39m[90mâ”€[39m[90mâ”€[39m[90mâ”€[39m[90mâ”€[39m[90mâ”€[39m[90mâ”€[39m[90mâ”€[39m[90mâ”€[39m[90mâ”€[39m[90mâ”€[39m[90mâ”€[39m[90mâ”€[39m[90mâ”€[39m[90mâ”€[39m[90mâ”€[39m[90mâ”€[39m[90mâ”€[39m[90mâ”€[39m[90mâ”€[39m[90mâ”€[39m[90mâ”€[39m[90mâ”€[39m[90mâ”€[39m[90mâ”€[39m[90mâ”€[39m[90mâ”€[39m[90mâ”€[39m[90mâ”€[39m[90mâ”€[39m[90mâ”€[39m[90mâ”€[39m[90mâ”€[39m[90mâ”€[39m[90mâ”€[39m[90mâ”€[39m[90mâ”€[39m[90mâ”€[39m[90mâ”€[39m[90mâ”€[39m[90mâ”€[39m[90mâ”€[39m[90mâ”€[39m[90mâ”€[39m[90mâ”€[39m[90mâ”€[39m[90mâ”€[39m[90mâ”€[39m[90mâ”€[39m[90mâ”€[39m[90mâ”€[39m[90mâ”€[39m[90mâ”€[39m[90mâ”€[39m[90mâ”€[39m[90mâ”€[39m[90mâ”€[39m[90mâ”€[39m[90mâ”€[39m[90mâ”€[39m[90mâ”€[39m[90mâ”€[39m[90mâ”€[39m[90mâ”€[39m[90mâ”€[39m[90mâ”€[39m[90mâ”€[39m[90mâ”€[39m[90mâ”€[39m[90mâ”€[39m[90mâ”€[39m[90mâ”€[39m[90mâ”€[39m[90mâ”€[39m[90mâ”€[39m[90mâ”€[39m[90mâ”€[39m[90mâ”€[39m[90mâ”€[39m[90mâ”€[39m
Admin UI E2E (4, chrome)	Run Cypress	2024-12-20T00:36:00.7181995Z                                                                                                     
Admin UI E2E (4, chrome)	Run Cypress	2024-12-20T00:36:00.7182814Z   Running:  [90mrealm_test.spec.ts[39m                                                              [90m(2 of 4)[39m
Admin UI E2E (4, chrome)	Run Cypress	2024-12-20T00:36:04.6933366Z 
Admin UI E2E (4, chrome)	Run Cypress	2024-12-20T00:36:04.6934171Z [0m[0m
Admin UI E2E (4, chrome)	Run Cypress	2024-12-20T00:36:04.7014323Z [0m  Realm tests[0m
Admin UI E2E (4, chrome)	Run Cypress	2024-12-20T00:36:09.1954345Z   [32m  âœ“[0m[90m should fail creating duplicated or empty name realm[0m[90m (4486ms)[0m
Admin UI E2E (4, chrome)	Run Cypress	2024-12-20T00:36:13.6106735Z   [32m  âœ“[0m[90m should create Test realm[0m[90m (4350ms)[0m
Admin UI E2E (4, chrome)	Run Cypress	2024-12-20T00:36:24.7831136Z   [32m  âœ“[0m[90m CRUD test of Disabled realm[0m[90m (11043ms)[0m
Admin UI E2E (4, chrome)	Run Cypress	2024-12-20T00:36:30.4631514Z   [32m  âœ“[0m[90m should create realm from new a realm[0m[90m (5601ms)[0m
Admin UI E2E (4, chrome)	Run Cypress	2024-12-20T00:36:32.7819492Z   [32m  âœ“[0m[90m should change to Test realm[0m[90m (2147ms)[0m
Admin UI E2E (4, chrome)	Run Cypress	2024-12-20T00:36:37.4703690Z   [32m  âœ“[0m[90m should create realm with special characters[0m[90m (3203ms)[0m
Admin UI E2E (4, chrome)	Run Cypress	2024-12-20T00:36:37.4708946Z 
Admin UI E2E (4, chrome)	Run Cypress	2024-12-20T00:36:37.5033647Z 
Admin UI E2E (4, chrome)	Run Cypress	2024-12-20T00:36:37.5037584Z [92m [0m[32m 6 passing[0m[90m (33s)[0m
Admin UI E2E (4, chrome)	Run Cypress	2024-12-20T00:36:37.5038556Z 
Admin UI E2E (4, chrome)	Run Cypress	2024-12-20T00:36:38.5240483Z 
Admin UI E2E (4, chrome)	Run Cypress	2024-12-20T00:36:38.5242531Z [32m  ([4m[1mResults[22m[24m)[39m
Admin UI E2E (4, chrome)	Run Cypress	2024-12-20T00:36:38.5261914Z 
Admin UI E2E (4, chrome)	Run Cypress	2024-12-20T00:36:38.5276052Z [90m  â”Œ[39m[90mâ”€[39m[90mâ”€[39m[90mâ”€[39m[90mâ”€[39m[90mâ”€[39m[90mâ”€[39m[90mâ”€[39m[90mâ”€[39m[90mâ”€[39m[90mâ”€[39m[90mâ”€[39m[90mâ”€[39m[90mâ”€[39m[90mâ”€[39m[90mâ”€[39m[90mâ”€[39m[90mâ”€[39m[90mâ”€[39m[90mâ”€[39m[90mâ”€[39m[90mâ”€[39m[90mâ”€[39m[90mâ”€[39m[90mâ”€[39m[90mâ”€[39m[90mâ”€[39m[90mâ”€[39m[90mâ”€[39m[90mâ”€[39m[90mâ”€[39m[90mâ”€[39m[90mâ”€[39m[90mâ”€[39m[90mâ”€[39m[90mâ”€[39m[90mâ”€[39m[90mâ”€[39m[90mâ”€[39m[90mâ”€[39m[90mâ”€[39m[90mâ”€[39m[90mâ”€[39m[90mâ”€[39m[90mâ”€[39m[90mâ”€[39m[90mâ”€[39m[90mâ”€[39m[90mâ”€[39m[90mâ”€[39m[90mâ”€[39m[90mâ”€[39m[90mâ”€[39m[90mâ”€[39m[90mâ”€[39m[90mâ”€[39m[90mâ”€[39m[90mâ”€[39m[90mâ”€[39m[90mâ”€[39m[90mâ”€[39m[90mâ”€[39m[90mâ”€[39m[90mâ”€[39m[90mâ”€[39m[90mâ”€[39m[90mâ”€[39m[90mâ”€[39m[90mâ”€[39m[90mâ”€[39m[90mâ”€[39m[90mâ”€[39m[90mâ”€[39m[90mâ”€[39m[90mâ”€[39m[90mâ”€[39m[90mâ”€[39m[90mâ”€[39m[90mâ”€[39m[90mâ”€[39m[90mâ”€[39m[90mâ”€[39m[90mâ”€[39m[90mâ”€[39m[90mâ”€[39m[90mâ”€[39m[90mâ”€[39m[90mâ”€[39m[90mâ”€[39m[90mâ”€[39m[90mâ”€[39m[90mâ”€[39m[90mâ”€[39m[90mâ”€[39m[90mâ”€[39m[90mâ”€[39m[90mâ”€[39m[90mâ”[39m
Admin UI E2E (4, chrome)	Run Cypress	2024-12-20T00:36:38.5279135Z [90m  â”‚[39m [90mTests:[39m        [32m6[39m                                                                                [90mâ”‚[39m
Admin UI E2E (4, chrome)	Run Cypress	2024-12-20T00:36:38.5279869Z [90m  â”‚[39m [90mPassing:[39m      [32m6[39m                                                                                [90mâ”‚[39m
Admin UI E2E (4, chrome)	Run Cypress	2024-12-20T00:36:38.5280717Z [90m  â”‚[39m [90mFailing:[39m      [32m0[39m                                                                                [90mâ”‚[39m
Admin UI E2E (4, chrome)	Run Cypress	2024-12-20T00:36:38.5282432Z [90m  â”‚[39m [90mPending:[39m      [32m0[39m                                                                                [90mâ”‚[39m
Admin UI E2E (4, chrome)	Run Cypress	2024-12-20T00:36:38.5283283Z [90m  â”‚[39m [90mSkipped:[39m      [32m0[39m                                                                                [90mâ”‚[39m
Admin UI E2E (4, chrome)	Run Cypress	2024-12-20T00:36:38.5283993Z [90m  â”‚[39m [90mScreenshots:[39m  [32m0[39m                                                                                [90mâ”‚[39m
Admin UI E2E (4, chrome)	Run Cypress	2024-12-20T00:36:38.5284698Z [90m  â”‚[39m [90mVideo:[39m        [32mfalse[39m                                                                            [90mâ”‚[39m
Admin UI E2E (4, chrome)	Run Cypress	2024-12-20T00:36:38.5286038Z [90m  â”‚[39m [90mDuration:[39m     [32m32 seconds[39m                                                                       [90mâ”‚[39m
Admin UI E2E (4, chrome)	Run Cypress	2024-12-20T00:36:38.5287429Z [90m  â”‚[39m [90mSpec Ran:[39m     [32m[32mrealm_test.spec.ts[32m[39m                                                               [90mâ”‚[39m
Admin UI E2E (4, chrome)	Run Cypress	2024-12-20T00:36:38.5294696Z [90m  â””[39m[90mâ”€[39m[90mâ”€[39m[90mâ”€[39m[90mâ”€[39m[90mâ”€[39m[90mâ”€[39m[90mâ”€[39m[90mâ”€[39m[90mâ”€[39m[90mâ”€[39m[90mâ”€[39m[90mâ”€[39m[90mâ”€[39m[90mâ”€[39m[90mâ”€[39m[90mâ”€[39m[90mâ”€[39m[90mâ”€[39m[90mâ”€[39m[90mâ”€[39m[90mâ”€[39m[90mâ”€[39m[90mâ”€[39m[90mâ”€[39m[90mâ”€[39m[90mâ”€[39m[90mâ”€[39m[90mâ”€[39m[90mâ”€[39m[90mâ”€[39m[90mâ”€[39m[90mâ”€[39m[90mâ”€[39m[90mâ”€[39m[90mâ”€[39m[90mâ”€[39m[90mâ”€[39m[90mâ”€[39m[90mâ”€[39m[90mâ”€[39m[90mâ”€[39m[90mâ”€[39m[90mâ”€[39m[90mâ”€[39m[90mâ”€[39m[90mâ”€[39m[90mâ”€[39m[90mâ”€[39m[90mâ”€[39m[90mâ”€[39m[90mâ”€[39m[90mâ”€[39m[90mâ”€[39m[90mâ”€[39m[90mâ”€[39m[90mâ”€[39m[90mâ”€[39m[90mâ”€[39m[90mâ”€[39m[90mâ”€[39m[90mâ”€[39m[90mâ”€[39m[90mâ”€[39m[90mâ”€[39m[90mâ”€[39m[90mâ”€[39m[90mâ”€[39m[90mâ”€[39m[90mâ”€[39m[90mâ”€[39m[90mâ”€[39m[90mâ”€[39m[90mâ”€[39m[90mâ”€[39m[90mâ”€[39m[90mâ”€[39m[90mâ”€[39m[90mâ”€[39m[90mâ”€[39m[90mâ”€[39m[90mâ”€[39m[90mâ”€[39m[90mâ”€[39m[90mâ”€[39m[90mâ”€[39m[90mâ”€[39m[90mâ”€[39m[90mâ”€[39m[90mâ”€[39m[90mâ”€[39m[90mâ”€[39m[90mâ”€[39m[90mâ”€[39m[90mâ”€[39m[90mâ”€[39m[90mâ”€[39m[90mâ”˜[39m
Admin UI E2E (4, chrome)	Run Cypress	2024-12-20T00:36:38.5298503Z 
Admin UI E2E (4, chrome)	Run Cypress	2024-12-20T00:36:38.5674402Z 
Admin UI E2E (4, chrome)	Run Cypress	2024-12-20T00:36:38.5687044Z [90mâ”€[39m[90mâ”€[39m[90mâ”€[39m[90mâ”€[39m[90mâ”€[39m[90mâ”€[39m[90mâ”€[39m[90mâ”€[39m[90mâ”€[39m[90mâ”€[39m[90mâ”€[39m[90mâ”€[39m[90mâ”€[39m[90mâ”€[39m[90mâ”€[39m[90mâ”€[39m[90mâ”€[39m[90mâ”€[39m[90mâ”€[39m[90mâ”€[39m[90mâ”€[39m[90mâ”€[39m[90mâ”€[39m[90mâ”€[39m[90mâ”€[39m[90mâ”€[39m[90mâ”€[39m[90mâ”€[39m[90mâ”€[39m[90mâ”€[39m[90mâ”€[39m[90mâ”€[39m[90mâ”€[39m[90mâ”€[39m[90mâ”€[39m[90mâ”€[39m[90mâ”€[39m[90mâ”€[39m[90mâ”€[39m[90mâ”€[39m[90mâ”€[39m[90mâ”€[39m[90mâ”€[39m[90mâ”€[39m[90mâ”€[39m[90mâ”€[39m[90mâ”€[39m[90mâ”€[39m[90mâ”€[39m[90mâ”€[39m[90mâ”€[39m[90mâ”€[39m[90mâ”€[39m[90mâ”€[39m[90mâ”€[39m[90mâ”€[39m[90mâ”€[39m[90mâ”€[39m[90mâ”€[39m[90mâ”€[39m[90mâ”€[39m[90mâ”€[39m[90mâ”€[39m[90mâ”€[39m[90mâ”€[39m[90mâ”€[39m[90mâ”€[39m[90mâ”€[39m[90mâ”€[39m[90mâ”€[39m[90mâ”€[39m[90mâ”€[39m[90mâ”€[39m[90mâ”€[39m[90mâ”€[39m[90mâ”€[39m[90mâ”€[39m[90mâ”€[39m[90mâ”€[39m[90mâ”€[39m[90mâ”€[39m[90mâ”€[39m[90mâ”€[39m[90mâ”€[39m[90mâ”€[39m[90mâ”€[39m[90mâ”€[39m[90mâ”€[39m[90mâ”€[39m[90mâ”€[39m[90mâ”€[39m[90mâ”€[39m[90mâ”€[39m[90mâ”€[39m[90mâ”€[39m[90mâ”€[39m[90mâ”€[39m[90mâ”€[39m[90mâ”€[39m[90mâ”€[39m
Admin UI E2E (4, chrome)	Run Cypress	2024-12-20T00:36:38.5689554Z                                                                                                     
Admin UI E2E (4, chrome)	Run Cypress	2024-12-20T00:36:38.5690691Z   Running:  [90mpartial_export_test.spec.ts[39m                                                     [90m(3 of 4)[39m
Admin UI E2E (4, chrome)	Run Cypress	2024-12-20T00:36:42.2566949Z 
Admin UI E2E (4, chrome)	Run Cypress	2024-12-20T00:36:42.2567835Z [0m[0m
Admin UI E2E (4, chrome)	Run Cypress	2024-12-20T00:36:42.2592809Z [0m  Partial realm export[0m
Admin UI E2E (4, chrome)	Run Cypress	2024-12-20T00:36:47.2054928Z   [32m  âœ“[0m[90m Closes the dialog[0m[90m (4929ms)[0m
Admin UI E2E (4, chrome)	Run Cypress	2024-12-20T00:36:49.3930081Z   [32m  âœ“[0m[90m Shows a warning message[0m[90m (2144ms)[0m
Admin UI E2E (4, chrome)	Run Cypress	2024-12-20T00:36:53.0640225Z   [32m  âœ“[0m[90m Exports the realm[0m[90m (2996ms)[0m
Admin UI E2E (4, chrome)	Run Cypress	2024-12-20T00:36:53.0642191Z 
Admin UI E2E (4, chrome)	Run Cypress	2024-12-20T00:36:53.0967187Z 
Admin UI E2E (4, chrome)	Run Cypress	2024-12-20T00:36:53.0968942Z [92m [0m[32m 3 passing[0m[90m (11s)[0m
Admin UI E2E (4, chrome)	Run Cypress	2024-12-20T00:36:53.0969387Z 
Admin UI E2E (4, chrome)	Run Cypress	2024-12-20T00:36:54.1267770Z 
Admin UI E2E (4, chrome)	Run Cypress	2024-12-20T00:36:54.1269515Z [32m  ([4m[1mResults[22m[24m)[39m
Admin UI E2E (4, chrome)	Run Cypress	2024-12-20T00:36:54.1272474Z 
Admin UI E2E (4, chrome)	Run Cypress	2024-12-20T00:36:54.1284110Z [90m  â”Œ[39m[90mâ”€[39m[90mâ”€[39m[90mâ”€[39m[90mâ”€[39m[90mâ”€[39m[90mâ”€[39m[90mâ”€[39m[90mâ”€[39m[90mâ”€[39m[90mâ”€[39m[90mâ”€[39m[90mâ”€[39m[90mâ”€[39m[90mâ”€[39m[90mâ”€[39m[90mâ”€[39m[90mâ”€[39m[90mâ”€[39m[90mâ”€[39m[90mâ”€[39m[90mâ”€[39m[90mâ”€[39m[90mâ”€[39m[90mâ”€[39m[90mâ”€[39m[90mâ”€[39m[90mâ”€[39m[90mâ”€[39m[90mâ”€[39m[90mâ”€[39m[90mâ”€[39m[90mâ”€[39m[90mâ”€[39m[90mâ”€[39m[90mâ”€[39m[90mâ”€[39m[90mâ”€[39m[90mâ”€[39m[90mâ”€[39m[90mâ”€[39m[90mâ”€[39m[90mâ”€[39m[90mâ”€[39m[90mâ”€[39m[90mâ”€[39m[90mâ”€[39m[90mâ”€[39m[90mâ”€[39m[90mâ”€[39m[90mâ”€[39m[90mâ”€[39m[90mâ”€[39m[90mâ”€[39m[90mâ”€[39m[90mâ”€[39m[90mâ”€[39m[90mâ”€[39m[90mâ”€[39m[90mâ”€[39m[90mâ”€[39m[90mâ”€[39m[90mâ”€[39m[90mâ”€[39m[90mâ”€[39m[90mâ”€[39m[90mâ”€[39m[90mâ”€[39m[90mâ”€[39m[90mâ”€[39m[90mâ”€[39m[90mâ”€[39m[90mâ”€[39m[90mâ”€[39m[90mâ”€[39m[90mâ”€[39m[90mâ”€[39m[90mâ”€[39m[90mâ”€[39m[90mâ”€[39m[90mâ”€[39m[90mâ”€[39m[90mâ”€[39m[90mâ”€[39m[90mâ”€[39m[90mâ”€[39m[90mâ”€[39m[90mâ”€[39m[90mâ”€[39m[90mâ”€[39m[90mâ”€[39m[90mâ”€[39m[90mâ”€[39m[90mâ”€[39m[90mâ”€[39m[90mâ”€[39m[90mâ”€[39m[90mâ”[39m
Admin UI E2E (4, chrome)	Run Cypress	2024-12-20T00:36:54.1288955Z [90m  â”‚[39m [90mTests:[39m        [32m3[39m                                                                                [90mâ”‚[39m
Admin UI E2E (4, chrome)	Run Cypress	2024-12-20T00:36:54.1290332Z [90m  â”‚[39m [90mPassing:[39m      [32m3[39m                                                                                [90mâ”‚[39m
Admin UI E2E (4, chrome)	Run Cypress	2024-12-20T00:36:54.1291499Z [90m  â”‚[39m [90mFailing:[39m      [32m0[39m                                                                                [90mâ”‚[39m
Admin UI E2E (4, chrome)	Run Cypress	2024-12-20T00:36:54.1292821Z [90m  â”‚[39m [90mPending:[39m      [32m0[39m                                                                                [90mâ”‚[39m
Admin UI E2E (4, chrome)	Run Cypress	2024-12-20T00:36:54.1294145Z [90m  â”‚[39m [90mSkipped:[39m      [32m0[39m                                                                                [90mâ”‚[39m
Admin UI E2E (4, chrome)	Run Cypress	2024-12-20T00:36:54.1295593Z [90m  â”‚[39m [90mScreenshots:[39m  [32m0[39m                                                                                [90mâ”‚[39m
Admin UI E2E (4, chrome)	Run Cypress	2024-12-20T00:36:54.1297009Z [90m  â”‚[39m [90mVideo:[39m        [32mfalse[39m                                                                            [90mâ”‚[39m
Admin UI E2E (4, chrome)	Run Cypress	2024-12-20T00:36:54.1298393Z [90m  â”‚[39m [90mDuration:[39m     [32m10 seconds[39m                                                                       [90mâ”‚[39m
Admin UI E2E (4, chrome)	Run Cypress	2024-12-20T00:36:54.1300031Z [90m  â”‚[39m [90mSpec Ran:[39m     [32m[32mpartial_export_test.spec.ts[32m[39m                                                      [90mâ”‚[39m
Admin UI E2E (4, chrome)	Run Cypress	2024-12-20T00:36:54.1307082Z [90m  â””[39m[90mâ”€[39m[90mâ”€[39m[90mâ”€[39m[90mâ”€[39m[90mâ”€[39m[90mâ”€[39m[90mâ”€[39m[90mâ”€[39m[90mâ”€[39m[90mâ”€[39m[90mâ”€[39m[90mâ”€[39m[90mâ”€[39m[90mâ”€[39m[90mâ”€[39m[90mâ”€[39m[90mâ”€[39m[90mâ”€[39m[90mâ”€[39m[90mâ”€[39m[90mâ”€[39m[90mâ”€[39m[90mâ”€[39m[90mâ”€[39m[90mâ”€[39m[90mâ”€[39m[90mâ”€[39m[90mâ”€[39m[90mâ”€[39m[90mâ”€[39m[90mâ”€[39m[90mâ”€[39m[90mâ”€[39m[90mâ”€[39m[90mâ”€[39m[90mâ”€[39m[90mâ”€[39m[90mâ”€[39m[90mâ”€[39m[90mâ”€[39m[90mâ”€[39m[90mâ”€[39m[90mâ”€[39m[90mâ”€[39m[90mâ”€[39m[90mâ”€[39m[90mâ”€[39m[90mâ”€[39m[90mâ”€[39m[90mâ”€[39m[90mâ”€[39m[90mâ”€[39m[90mâ”€[39m[90mâ”€[39m[90mâ”€[39m[90mâ”€[39m[90mâ”€[39m[90mâ”€[39m[90mâ”€[39m[90mâ”€[39m[90mâ”€[39m[90mâ”€[39m[90mâ”€[39m[90mâ”€[39m[90mâ”€[39m[90mâ”€[39m[90mâ”€[39m[90mâ”€[39m[90mâ”€[39m[90mâ”€[39m[90mâ”€[39m[90mâ”€[39m[90mâ”€[39m[90mâ”€[39m[90mâ”€[39m[90mâ”€[39m[90mâ”€[39m[90mâ”€[39m[90mâ”€[39m[90mâ”€[39m[90mâ”€[39m[90mâ”€[39m[90mâ”€[39m[90mâ”€[39m[90mâ”€[39m[90mâ”€[39m[90mâ”€[39m[90mâ”€[39m[90mâ”€[39m[90mâ”€[39m[90mâ”€[39m[90mâ”€[39m[90mâ”€[39m[90mâ”€[39m[90mâ”€[39m[90mâ”€[39m[90mâ”˜[39m
Admin UI E2E (4, chrome)	Run Cypress	2024-12-20T00:36:54.1311342Z 
Admin UI E2E (4, chrome)	Run Cypress	2024-12-20T00:36:54.1593267Z 
Admin UI E2E (4, chrome)	Run Cypress	2024-12-20T00:36:54.1605728Z [90mâ”€[39m[90mâ”€[39m[90mâ”€[39m[90mâ”€[39m[90mâ”€[39m[90mâ”€[39m[90mâ”€[39m[90mâ”€[39m[90mâ”€[39m[90mâ”€[39m[90mâ”€[39m[90mâ”€[39m[90mâ”€[39m[90mâ”€[39m[90mâ”€[39m[90mâ”€[39m[90mâ”€[39m[90mâ”€[39m[90mâ”€[39m[90mâ”€[39m[90mâ”€[39m[90mâ”€[39m[90mâ”€[39m[90mâ”€[39m[90mâ”€[39m[90mâ”€[39m[90mâ”€[39m[90mâ”€[39m[90mâ”€[39m[90mâ”€[39m[90mâ”€[39m[90mâ”€[39m[90mâ”€[39m[90mâ”€[39m[90mâ”€[39m[90mâ”€[39m[90mâ”€[39m[90mâ”€[39m[90mâ”€[39m[90mâ”€[39m[90mâ”€[39m[90mâ”€[39m[90mâ”€[39m[90mâ”€[39m[90mâ”€[39m[90mâ”€[39m[90mâ”€[39m[90mâ”€[39m[90mâ”€[39m[90mâ”€[39m[90mâ”€[39m[90mâ”€[39m[90mâ”€[39m[90mâ”€[39m[90mâ”€[39m[90mâ”€[39m[90mâ”€[39m[90mâ”€[39m[90mâ”€[39m[90mâ”€[39m[90mâ”€[39m[90mâ”€[39m[90mâ”€[39m[90mâ”€[39m[90mâ”€[39m[90mâ”€[39m[90mâ”€[39m[90mâ”€[39m[90mâ”€[39m[90mâ”€[39m[90mâ”€[39m[90mâ”€[39m[90mâ”€[39m[90mâ”€[39m[90mâ”€[39m[90mâ”€[39m[90mâ”€[39m[90mâ”€[39m[90mâ”€[39m[90mâ”€[39m[90mâ”€[39m[90mâ”€[39m[90mâ”€[39m[90mâ”€[39m[90mâ”€[39m[90mâ”€[39m[90mâ”€[39m[90mâ”€[39m[90mâ”€[39m[90mâ”€[39m[90mâ”€[39m[90mâ”€[39m[90mâ”€[39m[90mâ”€[39m[90mâ”€[39m[90mâ”€[39m[90mâ”€[39m[90mâ”€[39m[90mâ”€[39m[90mâ”€[39m
Admin UI E2E (4, chrome)	Run Cypress	2024-12-20T00:36:54.1610458Z                                                                                                     
Admin UI E2E (4, chrome)	Run Cypress	2024-12-20T00:36:54.1611617Z   Running:  [90mclient_registration_policies.spec.ts[39m                                            [90m(4 of 4)[39m
Admin UI E2E (4, chrome)	Run Cypress	2024-12-20T00:36:56.8101083Z 
Admin UI E2E (4, chrome)	Run Cypress	2024-12-20T00:36:56.8102297Z [0m[0m
Admin UI E2E (4, chrome)	Run Cypress	2024-12-20T00:36:56.8164252Z [0m  Client registration policies tab[0m
Admin UI E2E (4, chrome)	Run Cypress	2024-12-20T00:36:56.8170543Z [0m    Anonymous client policies subtab[0m
Admin UI E2E (4, chrome)	Run Cypress	2024-12-20T00:37:00.7186891Z     [32m  âœ“[0m[90m check anonymous clients list is not empty[0m[90m (3873ms)[0m
Admin UI E2E (4, chrome)	Run Cypress	2024-12-20T00:37:02.9878078Z     [32m  âœ“[0m[90m add anonymous client registration policy[0m[90m (2227ms)[0m
Admin UI E2E (4, chrome)	Run Cypress	2024-12-20T00:37:06.2079196Z     [32m  âœ“[0m[90m edit anonymous client registration policy[0m[90m (3133ms)[0m
Admin UI E2E (4, chrome)	Run Cypress	2024-12-20T00:37:08.3876353Z     [32m  âœ“[0m[90m delete anonymous client registration policy[0m[90m (2095ms)[0m
Admin UI E2E (4, chrome)	Run Cypress	2024-12-20T00:37:08.4036090Z [0m    Authenticated client policies subtab[0m
Admin UI E2E (4, chrome)	Run Cypress	2024-12-20T00:37:10.3008495Z     [32m  âœ“[0m[90m check authenticated clients list is not empty[0m[90m (1867ms)[0m
Admin UI E2E (4, chrome)	Run Cypress	2024-12-20T00:37:13.2021171Z     [32m  âœ“[0m[90m add authenticated client registration policy[0m[90m (2838ms)[0m
Admin UI E2E (4, chrome)	Run Cypress	2024-12-20T00:37:16.0546272Z     [32m  âœ“[0m[90m edit authenticated client registration policy[0m[90m (2792ms)[0m
Admin UI E2E (4, chrome)	Run Cypress	2024-12-20T00:37:18.3395298Z     [32m  âœ“[0m[90m delete authenticated client registration policy[0m[90m (2229ms)[0m
Admin UI E2E (4, chrome)	Run Cypress	2024-12-20T00:37:18.3699631Z 
Admin UI E2E (4, chrome)	Run Cypress	2024-12-20T00:37:18.3701057Z [0m  Accessibility tests for client registration policies[0m
Admin UI E2E (4, chrome)	Run Cypress	2024-12-20T00:37:20.3972890Z   [32m  âœ“[0m[90m Check a11y violations on load/ client registration policies[0m[90m (2016ms)[0m
Admin UI E2E (4, chrome)	Run Cypress	2024-12-20T00:37:20.3973698Z 
Admin UI E2E (4, chrome)	Run Cypress	2024-12-20T00:37:20.4108428Z 
Admin UI E2E (4, chrome)	Run Cypress	2024-12-20T00:37:20.4109665Z [92m [0m[32m 9 passing[0m[90m (24s)[0m
Admin UI E2E (4, chrome)	Run Cypress	2024-12-20T00:37:20.4110062Z 
Admin UI E2E (4, chrome)	Run Cypress	2024-12-20T00:37:21.4311026Z 
Admin UI E2E (4, chrome)	Run Cypress	2024-12-20T00:37:21.4312637Z [32m  ([4m[1mResults[22m[24m)[39m
Admin UI E2E (4, chrome)	Run Cypress	2024-12-20T00:37:21.4330679Z 
Admin UI E2E (4, chrome)	Run Cypress	2024-12-20T00:37:21.4343120Z [90m  â”Œ[39m[90mâ”€[39m[90mâ”€[39m[90mâ”€[39m[90mâ”€[39m[90mâ”€[39m[90mâ”€[39m[90mâ”€[39m[90mâ”€[39m[90mâ”€[39m[90mâ”€[39m[90mâ”€[39m[90mâ”€[39m[90mâ”€[39m[90mâ”€[39m[90mâ”€[39m[90mâ”€[39m[90mâ”€[39m[90mâ”€[39m[90mâ”€[39m[90mâ”€[39m[90mâ”€[39m[90mâ”€[39m[90mâ”€[39m[90mâ”€[39m[90mâ”€[39m[90mâ”€[39m[90mâ”€[39m[90mâ”€[39m[90mâ”€[39m[90mâ”€[39m[90mâ”€[39m[90mâ”€[39m[90mâ”€[39m[90mâ”€[39m[90mâ”€[39m[90mâ”€[39m[90mâ”€[39m[90mâ”€[39m[90mâ”€[39m[90mâ”€[39m[90mâ”€[39m[90mâ”€[39m[90mâ”€[39m[90mâ”€[39m[90mâ”€[39m[90mâ”€[39m[90mâ”€[39m[90mâ”€[39m[90mâ”€[39m[90mâ”€[39m[90mâ”€[39m[90mâ”€[39m[90mâ”€[39m[90mâ”€[39m[90mâ”€[39m[90mâ”€[39m[90mâ”€[39m[90mâ”€[39m[90mâ”€[39m[90mâ”€[39m[90mâ”€[39m[90mâ”€[39m[90mâ”€[39m[90mâ”€[39m[90mâ”€[39m[90mâ”€[39m[90mâ”€[39m[90mâ”€[39m[90mâ”€[39m[90mâ”€[39m[90mâ”€[39m[90mâ”€[39m[90mâ”€[39m[90mâ”€[39m[90mâ”€[39m[90mâ”€[39m[90mâ”€[39m[90mâ”€[39m[90mâ”€[39m[90mâ”€[39m[90mâ”€[39m[90mâ”€[39m[90mâ”€[39m[90mâ”€[39m[90mâ”€[39m[90mâ”€[39m[90mâ”€[39m[90mâ”€[39m[90mâ”€[39m[90mâ”€[39m[90mâ”€[39m[90mâ”€[39m[90mâ”€[39m[90mâ”€[39m[90mâ”€[39m[90mâ”€[39m[90mâ”[39m
Admin UI E2E (4, chrome)	Run Cypress	2024-12-20T00:37:21.4346191Z [90m  â”‚[39m [90mTests:[39m        [32m9[39m                                                                                [90mâ”‚[39m
Admin UI E2E (4, chrome)	Run Cypress	2024-12-20T00:37:21.4347452Z [90m  â”‚[39m [90mPassing:[39m      [32m9[39m                                                                                [90mâ”‚[39m
Admin UI E2E (4, chrome)	Run Cypress	2024-12-20T00:37:21.4348656Z [90m  â”‚[39m [90mFailing:[39m      [32m0[39m                                                                                [90mâ”‚[39m
Admin UI E2E (4, chrome)	Run Cypress	2024-12-20T00:37:21.4350074Z [90m  â”‚[39m [90mPending:[39m      [32m0[39m                                                                                [90mâ”‚[39m
Admin UI E2E (4, chrome)	Run Cypress	2024-12-20T00:37:21.4351352Z [90m  â”‚[39m [90mSkipped:[39m      [32m0[39m                                                                                [90mâ”‚[39m
Admin UI E2E (4, chrome)	Run Cypress	2024-12-20T00:37:21.4352716Z [90m  â”‚[39m [90mScreenshots:[39m  [32m0[39m                                                                                [90mâ”‚[39m
Admin UI E2E (4, chrome)	Run Cypress	2024-12-20T00:37:21.4353982Z [90m  â”‚[39m [90mVideo:[39m        [32mfalse[39m                                                                            [90mâ”‚[39m
Admin UI E2E (4, chrome)	Run Cypress	2024-12-20T00:37:21.4355275Z [90m  â”‚[39m [90mDuration:[39m     [32m23 seconds[39m                                                                       [90mâ”‚[39m
Admin UI E2E (4, chrome)	Run Cypress	2024-12-20T00:37:21.4356795Z [90m  â”‚[39m [90mSpec Ran:[39m     [32m[32mclient_registration_policies.spec.ts[32m[39m                                             [90mâ”‚[39m
Admin UI E2E (4, chrome)	Run Cypress	2024-12-20T00:37:21.4364635Z [90m  â””[39m[90mâ”€[39m[90mâ”€[39m[90mâ”€[39m[90mâ”€[39m[90mâ”€[39m[90mâ”€[39m[90mâ”€[39m[90mâ”€[39m[90mâ”€[39m[90mâ”€[39m[90mâ”€[39m[90mâ”€[39m[90mâ”€[39m[90mâ”€[39m[90mâ”€[39m[90mâ”€[39m[90mâ”€[39m[90mâ”€[39m[90mâ”€[39m[90mâ”€[39m[90mâ”€[39m[90mâ”€[39m[90mâ”€[39m[90mâ”€[39m[90mâ”€[39m[90mâ”€[39m[90mâ”€[39m[90mâ”€[39m[90mâ”€[39m[90mâ”€[39m[90mâ”€[39m[90mâ”€[39m[90mâ”€[39m[90mâ”€[39m[90mâ”€[39m[90mâ”€[39m[90mâ”€[39m[90mâ”€[39m[90mâ”€[39m[90mâ”€[39m[90mâ”€[39m[90mâ”€[39m[90mâ”€[39m[90mâ”€[39m[90mâ”€[39m[90mâ”€[39m[90mâ”€[39m[90mâ”€[39m[90mâ”€[39m[90mâ”€[39m[90mâ”€[39m[90mâ”€[39m[90mâ”€[39m[90mâ”€[39m[90mâ”€[39m[90mâ”€[39m[90mâ”€[39m[90mâ”€[39m[90mâ”€[39m[90mâ”€[39m[90mâ”€[39m[90mâ”€[39m[90mâ”€[39m[90mâ”€[39m[90mâ”€[39m[90mâ”€[39m[90mâ”€[39m[90mâ”€[39m[90mâ”€[39m[90mâ”€[39m[90mâ”€[39m[90mâ”€[39m[90mâ”€[39m[90mâ”€[39m[90mâ”€[39m[90mâ”€[39m[90mâ”€[39m[90mâ”€[39m[90mâ”€[39m[90mâ”€[39m[90mâ”€[39m[90mâ”€[39m[90mâ”€[39m[90mâ”€[39m[90mâ”€[39m[90mâ”€[39m[90mâ”€[39m[90mâ”€[39m[90mâ”€[39m[90mâ”€[39m[90mâ”€[39m[90mâ”€[39m[90mâ”€[39m[90mâ”€[39m[90mâ”€[39m[90mâ”€[39m[90mâ”˜[39m
Admin UI E2E (4, chrome)	Run Cypress	2024-12-20T00:37:21.4368570Z 
Admin UI E2E (4, chrome)	Run Cypress	2024-12-20T00:37:21.4421422Z 
Admin UI E2E (4, chrome)	Run Cypress	2024-12-20T00:37:21.4892157Z [90m====================================================================================================[39m
Admin UI E2E (4, chrome)	Run Cypress	2024-12-20T00:37:21.4892545Z 
Admin UI E2E (4, chrome)	Run Cypress	2024-12-20T00:37:21.4893124Z [0m  ([4m[1mRun Finished[22m[24m)[0m
Admin UI E2E (4, chrome)	Run Cypress	2024-12-20T00:37:21.4910363Z 
Admin UI E2E (4, chrome)	Run Cypress	2024-12-20T00:37:21.4910493Z 
Admin UI E2E (4, chrome)	Run Cypress	2024-12-20T00:37:21.4931052Z [90m   [39m    [90mSpec[39m                                              [90mTests[39m  [90mPassing[39m  [90mFailing[39m  [90mPending[39m  [90mSkipped[39m [90m [39m
Admin UI E2E (4, chrome)	Run Cypress	2024-12-20T00:37:21.4935984Z [90m  â”Œ[39m[90mâ”€[39m[90mâ”€[39m[90mâ”€[39m[90mâ”€[39m[90mâ”€[39m[90mâ”€[39m[90mâ”€[39m[90mâ”€[39m[90mâ”€[39m[90mâ”€[39m[90mâ”€[39m[90mâ”€[39m[90mâ”€[39m[90mâ”€[39m[90mâ”€[39m[90mâ”€[39m[90mâ”€[39m[90mâ”€[39m[90mâ”€[39m[90mâ”€[39m[90mâ”€[39m[90mâ”€[39m[90mâ”€[39m[90mâ”€[39m[90mâ”€[39m[90mâ”€[39m[90mâ”€[39m[90mâ”€[39m[90mâ”€[39m[90mâ”€[39m[90mâ”€[39m[90mâ”€[39m[90mâ”€[39m[90mâ”€[39m[90mâ”€[39m[90mâ”€[39m[90mâ”€[39m[90mâ”€[39m[90mâ”€[39m[90mâ”€[39m[90mâ”€[39m[90mâ”€[39m[90mâ”€[39m[90mâ”€[39m[90mâ”€[39m[90mâ”€[39m[90mâ”€[39m[90mâ”€[39m[90mâ”€[39m[90mâ”€[39m[90mâ”€[39m[90mâ”€[39m[90mâ”€[39m[90mâ”€[39m[90mâ”€[39m[90mâ”€[39m[90mâ”€[39m[90mâ”€[39m[90mâ”€[39m[90mâ”€[39m[90mâ”€[39m[90mâ”€[39m[90mâ”€[39m[90mâ”€[39m[90mâ”€[39m[90mâ”€[39m[90mâ”€[39m[90mâ”€[39m[90mâ”€[39m[90mâ”€[39m[90mâ”€[39m[90mâ”€[39m[90mâ”€[39m[90mâ”€[39m[90mâ”€[39m[90mâ”€[39m[90mâ”€[39m[90mâ”€[39m[90mâ”€[39m[90mâ”€[39m[90mâ”€[39m[90mâ”€[39m[90mâ”€[39m[90mâ”€[39m[90mâ”€[39m[90mâ”€[39m[90mâ”€[39m[90mâ”€[39m[90mâ”€[39m[90mâ”€[39m[90mâ”€[39m[90mâ”€[39m[90mâ”€[39m[90mâ”€[39m[90mâ”€[39m[90mâ”€[39m[90mâ”[39m
Admin UI E2E (4, chrome)	Run Cypress	2024-12-20T00:37:21.4939522Z [90m  â”‚[39m [31mâœ–[39m  [0mclients_test.spec.ts[0m                     [90m05:08[39m       [0m24[0m       [32m23[39m        [31m1[39m        [90m-[39m        [90m-[39m [90mâ”‚[39m
Admin UI E2E (4, chrome)	Run Cypress	2024-12-20T00:37:21.4944025Z [90m  â”œ[39m[90mâ”€[39m[90mâ”€[39m[90mâ”€[39m[90mâ”€[39m[90mâ”€[39m[90mâ”€[39m[90mâ”€[39m[90mâ”€[39m[90mâ”€[39m[90mâ”€[39m[90mâ”€[39m[90mâ”€[39m[90mâ”€[39m[90mâ”€[39m[90mâ”€[39m[90mâ”€[39m[90mâ”€[39m[90mâ”€[39m[90mâ”€[39m[90mâ”€[39m[90mâ”€[39m[90mâ”€[39m[90mâ”€[39m[90mâ”€[39m[90mâ”€[39m[90mâ”€[39m[90mâ”€[39m[90mâ”€[39m[90mâ”€[39m[90mâ”€[39m[90mâ”€[39m[90mâ”€[39m[90mâ”€[39m[90mâ”€[39m[90mâ”€[39m[90mâ”€[39m[90mâ”€[39m[90mâ”€[39m[90mâ”€[39m[90mâ”€[39m[90mâ”€[39m[90mâ”€[39m[90mâ”€[39m[90mâ”€[39m[90mâ”€[39m[90mâ”€[39m[90mâ”€[39m[90mâ”€[39m[90mâ”€[39m[90mâ”€[39m[90mâ”€[39m[90mâ”€[39m[90mâ”€[39m[90mâ”€[39m[90mâ”€[39m[90mâ”€[39m[90mâ”€[39m[90mâ”€[39m[90mâ”€[39m[90mâ”€[39m[90mâ”€[39m[90mâ”€[39m[90mâ”€[39m[90mâ”€[39m[90mâ”€[39m[90mâ”€[39m[90mâ”€[39m[90mâ”€[39m[90mâ”€[39m[90mâ”€[39m[90mâ”€[39m[90mâ”€[39m[90mâ”€[39m[90mâ”€[39m[90mâ”€[39m[90mâ”€[39m[90mâ”€[39m[90mâ”€[39m[90mâ”€[39m[90mâ”€[39m[90mâ”€[39m[90mâ”€[39m[90mâ”€[39m[90mâ”€[39m[90mâ”€[39m[90mâ”€[39m[90mâ”€[39m[90mâ”€[39m[90mâ”€[39m[90mâ”€[39m[90mâ”€[39m[90mâ”€[39m[90mâ”€[39m[90mâ”€[39m[90mâ”€[39m[90mâ”€[39m[90mâ”¤[39m
Admin UI E2E (4, chrome)	Run Cypress	2024-12-20T00:37:21.4947787Z [90m  â”‚[39m [32mâœ”[39m  [0mrealm_test.spec.ts[0m                       [90m00:32[39m        [0m6[0m        [32m6[39m        [90m-[39m        [90m-[39m        [90m-[39m [90mâ”‚[39m
Admin UI E2E (4, chrome)	Run Cypress	2024-12-20T00:37:21.4954994Z [90m  â”œ[39m[90mâ”€[39m[90mâ”€[39m[90mâ”€[39m[90mâ”€[39m[90mâ”€[39m[90mâ”€[39m[90mâ”€[39m[90mâ”€[39m[90mâ”€[39m[90mâ”€[39m[90mâ”€[39m[90mâ”€[39m[90mâ”€[39m[90mâ”€[39m[90mâ”€[39m[90mâ”€[39m[90mâ”€[39m[90mâ”€[39m[90mâ”€[39m[90mâ”€[39m[90mâ”€[39m[90mâ”€[39m[90mâ”€[39m[90mâ”€[39m[90mâ”€[39m[90mâ”€[39m[90mâ”€[39m[90mâ”€[39m[90mâ”€[39m[90mâ”€[39m[90mâ”€[39m[90mâ”€[39m[90mâ”€[39m[90mâ”€[39m[90mâ”€[39m[90mâ”€[39m[90mâ”€[39m[90mâ”€[39m[90mâ”€[39m[90mâ”€[39m[90mâ”€[39m[90mâ”€[39m[90mâ”€[39m[90mâ”€[39m[90mâ”€[39m[90mâ”€[39m[90mâ”€[39m[90mâ”€[39m[90mâ”€[39m[90mâ”€[39m[90mâ”€[39m[90mâ”€[39m[90mâ”€[39m[90mâ”€[39m[90mâ”€[39m[90mâ”€[39m[90mâ”€[39m[90mâ”€[39m[90mâ”€[39m[90mâ”€[39m[90mâ”€[39m[90mâ”€[39m[90mâ”€[39m[90mâ”€[39m[90mâ”€[39m[90mâ”€[39m[90mâ”€[39m[90mâ”€[39m[90mâ”€[39m[90mâ”€[39m[90mâ”€[39m[90mâ”€[39m[90mâ”€[39m[90mâ”€[39m[90mâ”€[39m[90mâ”€[39m[90mâ”€[39m[90mâ”€[39m[90mâ”€[39m[90mâ”€[39m[90mâ”€[39m[90mâ”€[39m[90mâ”€[39m[90mâ”€[39m[90mâ”€[39m[90mâ”€[39m[90mâ”€[39m[90mâ”€[39m[90mâ”€[39m[90mâ”€[39m[90mâ”€[39m[90mâ”€[39m[90mâ”€[39m[90mâ”€[39m[90mâ”€[39m[90mâ”€[39m[90mâ”¤[39m
Admin UI E2E (4, chrome)	Run Cypress	2024-12-20T00:37:21.4961080Z [90m  â”‚[39m [32mâœ”[39m  [0mpartial_export_test.spec.ts[0m              [90m00:10[39m        [0m3[0m        [32m3[39m        [90m-[39m        [90m-[39m        [90m-[39m [90mâ”‚[39m
Admin UI E2E (4, chrome)	Run Cypress	2024-12-20T00:37:21.4968692Z [90m  â”œ[39m[90mâ”€[39m[90mâ”€[39m[90mâ”€[39m[90mâ”€[39m[90mâ”€[39m[90mâ”€[39m[90mâ”€[39m[90mâ”€[39m[90mâ”€[39m[90mâ”€[39m[90mâ”€[39m[90mâ”€[39m[90mâ”€[39m[90mâ”€[39m[90mâ”€[39m[90mâ”€[39m[90mâ”€[39m[90mâ”€[39m[90mâ”€[39m[90mâ”€[39m[90mâ”€[39m[90mâ”€[39m[90mâ”€[39m[90mâ”€[39m[90mâ”€[39m[90mâ”€[39m[90mâ”€[39m[90mâ”€[39m[90mâ”€[39m[90mâ”€[39m[90mâ”€[39m[90mâ”€[39m[90mâ”€[39m[90mâ”€[39m[90mâ”€[39m[90mâ”€[39m[90mâ”€[39m[90mâ”€[39m[90mâ”€[39m[90mâ”€[39m[90mâ”€[39m[90mâ”€[39m[90mâ”€[39m[90mâ”€[39m[90mâ”€[39m[90mâ”€[39m[90mâ”€[39m[90mâ”€[39m[90mâ”€[39m[90mâ”€[39m[90mâ”€[39m[90mâ”€[39m[90mâ”€[39m[90mâ”€[39m[90mâ”€[39m[90mâ”€[39m[90mâ”€[39m[90mâ”€[39m[90mâ”€[39m[90mâ”€[39m[90mâ”€[39m[90mâ”€[39m[90mâ”€[39m[90mâ”€[39m[90mâ”€[39m[90mâ”€[39m[90mâ”€[39m[90mâ”€[39m[90mâ”€[39m[90mâ”€[39m[90mâ”€[39m[90mâ”€[39m[90mâ”€[39m[90mâ”€[39m[90mâ”€[39m[90mâ”€[39m[90mâ”€[39m[90mâ”€[39m[90mâ”€[39m[90mâ”€[39m[90mâ”€[39m[90mâ”€[39m[90mâ”€[39m[90mâ”€[39m[90mâ”€[39m[90mâ”€[39m[90mâ”€[39m[90mâ”€[39m[90mâ”€[39m[90mâ”€[39m[90mâ”€[39m[90mâ”€[39m[90mâ”€[39m[90mâ”€[39m[90mâ”€[39m[90mâ”€[39m[90mâ”¤[39m
Admin UI E2E (4, chrome)	Run Cypress	2024-12-20T00:37:21.4973879Z [90m  â”‚[39m [32mâœ”[39m  [0mclient_registration_policies.spec.t[0m      [90m00:23[39m        [0m9[0m        [32m9[39m        [90m-[39m        [90m-[39m        [90m-[39m [90mâ”‚[39m
Admin UI E2E (4, chrome)	Run Cypress	2024-12-20T00:37:21.4975410Z [90m  â”‚[39m    [0ms[0m                                                                                           [90mâ”‚[39m
Admin UI E2E (4, chrome)	Run Cypress	2024-12-20T00:37:21.4982658Z [90m  â””[39m[90mâ”€[39m[90mâ”€[39m[90mâ”€[39m[90mâ”€[39m[90mâ”€[39m[90mâ”€[39m[90mâ”€[39m[90mâ”€[39m[90mâ”€[39m[90mâ”€[39m[90mâ”€[39m[90mâ”€[39m[90mâ”€[39m[90mâ”€[39m[90mâ”€[39m[90mâ”€[39m[90mâ”€[39m[90mâ”€[39m[90mâ”€[39m[90mâ”€[39m[90mâ”€[39m[90mâ”€[39m[90mâ”€[39m[90mâ”€[39m[90mâ”€[39m[90mâ”€[39m[90mâ”€[39m[90mâ”€[39m[90mâ”€[39m[90mâ”€[39m[90mâ”€[39m[90mâ”€[39m[90mâ”€[39m[90mâ”€[39m[90mâ”€[39m[90mâ”€[39m[90mâ”€[39m[90mâ”€[39m[90mâ”€[39m[90mâ”€[39m[90mâ”€[39m[90mâ”€[39m[90mâ”€[39m[90mâ”€[39m[90mâ”€[39m[90mâ”€[39m[90mâ”€[39m[90mâ”€[39m[90mâ”€[39m[90mâ”€[39m[90mâ”€[39m[90mâ”€[39m[90mâ”€[39m[90mâ”€[39m[90mâ”€[39m[90mâ”€[39m[90mâ”€[39m[90mâ”€[39m[90mâ”€[39m[90mâ”€[39m[90mâ”€[39m[90mâ”€[39m[90mâ”€[39m[90mâ”€[39m[90mâ”€[39m[90mâ”€[39m[90mâ”€[39m[90mâ”€[39m[90mâ”€[39m[90mâ”€[39m[90mâ”€[39m[90mâ”€[39m[90mâ”€[39m[90mâ”€[39m[90mâ”€[39m[90mâ”€[39m[90mâ”€[39m[90mâ”€[39m[90mâ”€[39m[90mâ”€[39m[90mâ”€[39m[90mâ”€[39m[90mâ”€[39m[90mâ”€[39m[90mâ”€[39m[90mâ”€[39m[90mâ”€[39m[90mâ”€[39m[90mâ”€[39m[90mâ”€[39m[90mâ”€[39m[90mâ”€[39m[90mâ”€[39m[90mâ”€[39m[90mâ”€[39m[90mâ”€[39m[90mâ”˜[39m
Admin UI E2E (4, chrome)	Run Cypress	2024-12-20T00:37:21.4992502Z [90m   [39m [31mâœ–[39m  [31m1 of 4 failed (25%)[39m                      [90m06:15[39m       [0m42[0m       [32m41[39m        [31m1[39m        [90m-[39m        [90m-[39m [90m [39m
Admin UI E2E (4, chrome)	Run Cypress	2024-12-20T00:37:21.4993167Z 
Admin UI E2E (4, chrome)	Run Cypress	2024-12-20T00:37:21.5903218Z ##[error]Cypress tests: 1 failed
Status Check - Keycloak JavaScript CI	Run /./.github/actions/status-check	2024-12-20T00:38:12.8631914Z Prepare all required actions
Status Check - Keycloak JavaScript CI	Run /./.github/actions/status-check	2024-12-20T00:38:12.8694428Z ##[group]Run ./.github/actions/status-check
Status Check - Keycloak JavaScript CI	Run /./.github/actions/status-check	2024-12-20T00:38:12.8694775Z with:
Status Check - Keycloak JavaScript CI	Run /./.github/actions/status-check	2024-12-20T00:38:12.8695915Z   jobs: {
Status Check - Keycloak JavaScript CI	Run /./.github/actions/status-check	  "conditional": {
Status Check - Keycloak JavaScript CI	Run /./.github/actions/status-check	    "result": "success",
Status Check - Keycloak JavaScript CI	Run /./.github/actions/status-check	    "outputs": {
Status Check - Keycloak JavaScript CI	Run /./.github/actions/status-check	      "js-ci": "true"
Status Check - Keycloak JavaScript CI	Run /./.github/actions/status-check	    }
Status Check - Keycloak JavaScript CI	Run /./.github/actions/status-check	  },
Status Check - Keycloak JavaScript CI	Run /./.github/actions/status-check	  "build-keycloak": {
Status Check - Keycloak JavaScript CI	Run /./.github/actions/status-check	    "result": "success",
Status Check - Keycloak JavaScript CI	Run /./.github/actions/status-check	    "outputs": {}
Status Check - Keycloak JavaScript CI	Run /./.github/actions/status-check	  },
Status Check - Keycloak JavaScript CI	Run /./.github/actions/status-check	  "admin-client": {
Status Check - Keycloak JavaScript CI	Run /./.github/actions/status-check	    "result": "success",
Status Check - Keycloak JavaScript CI	Run /./.github/actions/status-check	    "outputs": {}
Status Check - Keycloak JavaScript CI	Run /./.github/actions/status-check	  },
Status Check - Keycloak JavaScript CI	Run /./.github/actions/status-check	  "ui-shared": {
Status Check - Keycloak JavaScript CI	Run /./.github/actions/status-check	    "result": "success",
Status Check - Keycloak JavaScript CI	Run /./.github/actions/status-check	    "outputs": {}
Status Check - Keycloak JavaScript CI	Run /./.github/actions/status-check	  },
Status Check - Keycloak JavaScript CI	Run /./.github/actions/status-check	  "account-ui": {
Status Check - Keycloak JavaScript CI	Run /./.github/actions/status-check	    "result": "success",
Status Check - Keycloak JavaScript CI	Run /./.github/actions/status-check	    "outputs": {}
Status Check - Keycloak JavaScript CI	Run /./.github/actions/status-check	  },
Status Check - Keycloak JavaScript CI	Run /./.github/actions/status-check	  "account-ui-e2e": {
Status Check - Keycloak JavaScript CI	Run /./.github/actions/status-check	    "result": "success",
Status Check - Keycloak JavaScript CI	Run /./.github/actions/status-check	    "outputs": {}
Status Check - Keycloak JavaScript CI	Run /./.github/actions/status-check	  },
Status Check - Keycloak JavaScript CI	Run /./.github/actions/status-check	  "admin-ui": {
Status Check - Keycloak JavaScript CI	Run /./.github/actions/status-check	    "result": "success",
Status Check - Keycloak JavaScript CI	Run /./.github/actions/status-check	    "outputs": {}
Status Check - Keycloak JavaScript CI	Run /./.github/actions/status-check	  },
Status Check - Keycloak JavaScript CI	Run /./.github/actions/status-check	  "admin-ui-e2e": {
Status Check - Keycloak JavaScript CI	Run /./.github/actions/status-check	    "result": "failure",
Status Check - Keycloak JavaScript CI	Run /./.github/actions/status-check	    "outputs": {}
Status Check - Keycloak JavaScript CI	Run /./.github/actions/status-check	  }
Status Check - Keycloak JavaScript CI	Run /./.github/actions/status-check	}
Status Check - Keycloak JavaScript CI	Run /./.github/actions/status-check	2024-12-20T00:38:12.8697367Z env:
Status Check - Keycloak JavaScript CI	Run /./.github/actions/status-check	2024-12-20T00:38:12.8697676Z   MAVEN_ARGS: -B -nsu -Daether.connector.http.connectionMaxTtl=25
Status Check - Keycloak JavaScript CI	Run /./.github/actions/status-check	2024-12-20T00:38:12.8698029Z   RETRY_COUNT: 3
Status Check - Keycloak JavaScript CI	Run /./.github/actions/status-check	2024-12-20T00:38:12.8698246Z ##[endgroup]
Status Check - Keycloak JavaScript CI	Run /./.github/actions/status-check	2024-12-20T00:38:12.8791902Z ##[group]Run JOBS='{
Status Check - Keycloak JavaScript CI	Run /./.github/actions/status-check	2024-12-20T00:38:12.8792306Z [36;1mJOBS='{[0m
Status Check - Keycloak JavaScript CI	Run /./.github/actions/status-check	2024-12-20T00:38:12.8792567Z [36;1m  "conditional": {[0m
Status Check - Keycloak JavaScript CI	Run /./.github/actions/status-check	2024-12-20T00:38:12.8792842Z [36;1m    "result": "success",[0m
Status Check - Keycloak JavaScript CI	Run /./.github/actions/status-check	2024-12-20T00:38:12.8793122Z [36;1m    "outputs": {[0m
Status Check - Keycloak JavaScript CI	Run /./.github/actions/status-check	2024-12-20T00:38:12.8793376Z [36;1m      "js-ci": "true"[0m
Status Check - Keycloak JavaScript CI	Run /./.github/actions/status-check	2024-12-20T00:38:12.8793615Z [36;1m    }[0m
Status Check - Keycloak JavaScript CI	Run /./.github/actions/status-check	2024-12-20T00:38:12.8793842Z [36;1m  },[0m
Status Check - Keycloak JavaScript CI	Run /./.github/actions/status-check	2024-12-20T00:38:12.8794079Z [36;1m  "build-keycloak": {[0m
Status Check - Keycloak JavaScript CI	Run /./.github/actions/status-check	2024-12-20T00:38:12.8794559Z [36;1m    "result": "success",[0m
Status Check - Keycloak JavaScript CI	Run /./.github/actions/status-check	2024-12-20T00:38:12.8794836Z [36;1m    "outputs": {}[0m
Status Check - Keycloak JavaScript CI	Run /./.github/actions/status-check	2024-12-20T00:38:12.8795078Z [36;1m  },[0m
Status Check - Keycloak JavaScript CI	Run /./.github/actions/status-check	2024-12-20T00:38:12.8795291Z [36;1m  "admin-client": {[0m
Status Check - Keycloak JavaScript CI	Run /./.github/actions/status-check	2024-12-20T00:38:12.8795543Z [36;1m    "result": "success",[0m
Status Check - Keycloak JavaScript CI	Run /./.github/actions/status-check	2024-12-20T00:38:12.8795819Z [36;1m    "outputs": {}[0m
Status Check - Keycloak JavaScript CI	Run /./.github/actions/status-check	2024-12-20T00:38:12.8796047Z [36;1m  },[0m
Status Check - Keycloak JavaScript CI	Run /./.github/actions/status-check	2024-12-20T00:38:12.8796254Z [36;1m  "ui-shared": {[0m
Status Check - Keycloak JavaScript CI	Run /./.github/actions/status-check	2024-12-20T00:38:12.8796493Z [36;1m    "result": "success",[0m
Status Check - Keycloak JavaScript CI	Run /./.github/actions/status-check	2024-12-20T00:38:12.8796755Z [36;1m    "outputs": {}[0m
Status Check - Keycloak JavaScript CI	Run /./.github/actions/status-check	2024-12-20T00:38:12.8796995Z [36;1m  },[0m
Status Check - Keycloak JavaScript CI	Run /./.github/actions/status-check	2024-12-20T00:38:12.8797198Z [36;1m  "account-ui": {[0m
Status Check - Keycloak JavaScript CI	Run /./.github/actions/status-check	2024-12-20T00:38:12.8797442Z [36;1m    "result": "success",[0m
Status Check - Keycloak JavaScript CI	Run /./.github/actions/status-check	2024-12-20T00:38:12.8797705Z [36;1m    "outputs": {}[0m
Status Check - Keycloak JavaScript CI	Run /./.github/actions/status-check	2024-12-20T00:38:12.8797926Z [36;1m  },[0m
Status Check - Keycloak JavaScript CI	Run /./.github/actions/status-check	2024-12-20T00:38:12.8798139Z [36;1m  "account-ui-e2e": {[0m
Status Check - Keycloak JavaScript CI	Run /./.github/actions/status-check	2024-12-20T00:38:12.8798388Z [36;1m    "result": "success",[0m
Status Check - Keycloak JavaScript CI	Run /./.github/actions/status-check	2024-12-20T00:38:12.8798636Z [36;1m    "outputs": {}[0m
Status Check - Keycloak JavaScript CI	Run /./.github/actions/status-check	2024-12-20T00:38:12.8798862Z [36;1m  },[0m
Status Check - Keycloak JavaScript CI	Run /./.github/actions/status-check	2024-12-20T00:38:12.8799063Z [36;1m  "admin-ui": {[0m
Status Check - Keycloak JavaScript CI	Run /./.github/actions/status-check	2024-12-20T00:38:12.8799298Z [36;1m    "result": "success",[0m
Status Check - Keycloak JavaScript CI	Run /./.github/actions/status-check	2024-12-20T00:38:12.8799550Z [36;1m    "outputs": {}[0m
Status Check - Keycloak JavaScript CI	Run /./.github/actions/status-check	2024-12-20T00:38:12.8799778Z [36;1m  },[0m
Status Check - Keycloak JavaScript CI	Run /./.github/actions/status-check	2024-12-20T00:38:12.8799988Z [36;1m  "admin-ui-e2e": {[0m
Status Check - Keycloak JavaScript CI	Run /./.github/actions/status-check	2024-12-20T00:38:12.8800228Z [36;1m    "result": "failure",[0m
Status Check - Keycloak JavaScript CI	Run /./.github/actions/status-check	2024-12-20T00:38:12.8800477Z [36;1m    "outputs": {}[0m
Status Check - Keycloak JavaScript CI	Run /./.github/actions/status-check	2024-12-20T00:38:12.8800699Z [36;1m  }[0m
Status Check - Keycloak JavaScript CI	Run /./.github/actions/status-check	2024-12-20T00:38:12.8800899Z [36;1m}'[0m
Status Check - Keycloak JavaScript CI	Run /./.github/actions/status-check	2024-12-20T00:38:12.8801101Z [36;1m[0m
Status Check - Keycloak JavaScript CI	Run /./.github/actions/status-check	2024-12-20T00:38:12.8801311Z [36;1mecho "Job status:"[0m
Status Check - Keycloak JavaScript CI	Run /./.github/actions/status-check	2024-12-20T00:38:12.8801674Z [36;1mecho $JOBS | jq -r 'to_entries[] | " - \(.key): \(.value.result)"'[0m
Status Check - Keycloak JavaScript CI	Run /./.github/actions/status-check	2024-12-20T00:38:12.8802026Z [36;1m[0m
Status Check - Keycloak JavaScript CI	Run /./.github/actions/status-check	2024-12-20T00:38:12.8802301Z [36;1mfor i in $(echo $JOBS | jq -r 'to_entries[] | .value.result'); do[0m
Status Check - Keycloak JavaScript CI	Run /./.github/actions/status-check	2024-12-20T00:38:12.8802705Z [36;1m  if [ "$i" != "success" ] && [ "$i" != "skipped" ]; then[0m
Status Check - Keycloak JavaScript CI	Run /./.github/actions/status-check	2024-12-20T00:38:12.8803013Z [36;1m    echo ""[0m
Status Check - Keycloak JavaScript CI	Run /./.github/actions/status-check	2024-12-20T00:38:12.8803249Z [36;1m    echo "Status check not okay!"[0m
Status Check - Keycloak JavaScript CI	Run /./.github/actions/status-check	2024-12-20T00:38:12.8803526Z [36;1m    exit 1[0m
Status Check - Keycloak JavaScript CI	Run /./.github/actions/status-check	2024-12-20T00:38:12.8803742Z [36;1m  fi[0m
Status Check - Keycloak JavaScript CI	Run /./.github/actions/status-check	2024-12-20T00:38:12.8803958Z [36;1mdone[0m
Status Check - Keycloak JavaScript CI	Run /./.github/actions/status-check	2024-12-20T00:38:12.8835199Z shell: /usr/bin/bash --noprofile --norc -e -o pipefail {0}
Status Check - Keycloak JavaScript CI	Run /./.github/actions/status-check	2024-12-20T00:38:12.8835614Z env:
Status Check - Keycloak JavaScript CI	Run /./.github/actions/status-check	2024-12-20T00:38:12.8835927Z   MAVEN_ARGS: -B -nsu -Daether.connector.http.connectionMaxTtl=25
Status Check - Keycloak JavaScript CI	Run /./.github/actions/status-check	2024-12-20T00:38:12.8836289Z   RETRY_COUNT: 3
Status Check - Keycloak JavaScript CI	Run /./.github/actions/status-check	2024-12-20T00:38:12.8836522Z ##[endgroup]
Status Check - Keycloak JavaScript CI	Run /./.github/actions/status-check	2024-12-20T00:38:12.8902900Z Job status:
Status Check - Keycloak JavaScript CI	Run /./.github/actions/status-check	2024-12-20T00:38:12.8939341Z  - conditional: success
Status Check - Keycloak JavaScript CI	Run /./.github/actions/status-check	2024-12-20T00:38:12.8939818Z  - build-keycloak: success
Status Check - Keycloak JavaScript CI	Run /./.github/actions/status-check	2024-12-20T00:38:12.8940196Z  - admin-client: success
Status Check - Keycloak JavaScript CI	Run /./.github/actions/status-check	2024-12-20T00:38:12.8940458Z  - ui-shared: success
Status Check - Keycloak JavaScript CI	Run /./.github/actions/status-check	2024-12-20T00:38:12.8940723Z  - account-ui: success
Status Check - Keycloak JavaScript CI	Run /./.github/actions/status-check	2024-12-20T00:38:12.8941123Z  - account-ui-e2e: success
Status Check - Keycloak JavaScript CI	Run /./.github/actions/status-check	2024-12-20T00:38:12.8941549Z  - admin-ui: success
Status Check - Keycloak JavaScript CI	Run /./.github/actions/status-check	2024-12-20T00:38:12.8941954Z  - admin-ui-e2e: failure
Status Check - Keycloak JavaScript CI	Run /./.github/actions/status-check	2024-12-20T00:38:12.8974783Z 
Status Check - Keycloak JavaScript CI	Run /./.github/actions/status-check	2024-12-20T00:38:12.8975027Z Status check not okay!
Status Check - Keycloak JavaScript CI	Run /./.github/actions/status-check	2024-12-20T00:38:12.8987618Z ##[error]Process completed with exit code 1.
