Admin UI E2E (3, firefox)	Run Cypress	2024-11-10T00:29:00.9489221Z ##[group]Run cypress-io/github-action@v6
Admin UI E2E (3, firefox)	Run Cypress	2024-11-10T00:29:00.9489593Z with:
Admin UI E2E (3, firefox)	Run Cypress	2024-11-10T00:29:00.9489821Z   install: false
Admin UI E2E (3, firefox)	Run Cypress	2024-11-10T00:29:00.9490064Z   browser: firefox
Admin UI E2E (3, firefox)	Run Cypress	2024-11-10T00:29:00.9490343Z   wait-on: http://localhost:8080
Admin UI E2E (3, firefox)	Run Cypress	2024-11-10T00:29:00.9490683Z   working-directory: js/apps/admin-ui
Admin UI E2E (3, firefox)	Run Cypress	2024-11-10T00:29:00.9491001Z   record: false
Admin UI E2E (3, firefox)	Run Cypress	2024-11-10T00:29:00.9491246Z   publish-summary: true
Admin UI E2E (3, firefox)	Run Cypress	2024-11-10T00:29:00.9491516Z   component: false
Admin UI E2E (3, firefox)	Run Cypress	2024-11-10T00:29:00.9491736Z env:
Admin UI E2E (3, firefox)	Run Cypress	2024-11-10T00:29:00.9492080Z   MAVEN_ARGS: -B -nsu -Daether.connector.http.connectionMaxTtl=25
Admin UI E2E (3, firefox)	Run Cypress	2024-11-10T00:29:00.9492541Z   WORKSPACE: keycloak-admin-ui
Admin UI E2E (3, firefox)	Run Cypress	2024-11-10T00:29:00.9492976Z   JAVA_HOME: /opt/hostedtoolcache/Java_Temurin-Hotspot_jdk/21.0.5-11/x64
Admin UI E2E (3, firefox)	Run Cypress	2024-11-10T00:29:00.9493593Z   JAVA_HOME_21_X64: /opt/hostedtoolcache/Java_Temurin-Hotspot_jdk/21.0.5-11/x64
Admin UI E2E (3, firefox)	Run Cypress	2024-11-10T00:29:00.9494060Z   SPLIT: 10
Admin UI E2E (3, firefox)	Run Cypress	2024-11-10T00:29:00.9494281Z   SPLIT_INDEX: 5
Admin UI E2E (3, firefox)	Run Cypress	2024-11-10T00:29:00.9494523Z   SPLIT_RANDOM_SEED: 76
Admin UI E2E (3, firefox)	Run Cypress	2024-11-10T00:29:00.9494777Z ##[endgroup]
Admin UI E2E (3, firefox)	Run Cypress	2024-11-10T00:29:01.1098891Z Skipping install because install parameter is false
Admin UI E2E (3, firefox)	Run Cypress	2024-11-10T00:29:01.1107729Z waiting on "http://localhost:8080" with timeout of 60 seconds
Admin UI E2E (3, firefox)	Run Cypress	2024-11-10T00:29:23.1172440Z It looks like this is your first time using Cypress: 13.15.2
Admin UI E2E (3, firefox)	Run Cypress	2024-11-10T00:29:23.1173423Z 
Admin UI E2E (3, firefox)	Run Cypress	2024-11-10T00:29:23.1199483Z [STARTED] Task without title.
Admin UI E2E (3, firefox)	Run Cypress	2024-11-10T00:29:30.4773892Z [SUCCESS] Task without title.
Admin UI E2E (3, firefox)	Run Cypress	2024-11-10T00:29:30.4776562Z 
Admin UI E2E (3, firefox)	Run Cypress	2024-11-10T00:29:30.4777004Z Opening Cypress...
Admin UI E2E (3, firefox)	Run Cypress	2024-11-10T00:29:31.0966174Z 
Admin UI E2E (3, firefox)	Run Cypress	2024-11-10T00:29:31.0968044Z DevTools listening on ws://127.0.0.1:38435/devtools/browser/dabf91ae-42e5-4604-94da-4c87b108ba9c
Admin UI E2E (3, firefox)	Run Cypress	2024-11-10T00:29:31.8047111Z (node:2581) ExperimentalWarning: `--experimental-loader` may be removed in the future; instead use `register()`:
Admin UI E2E (3, firefox)	Run Cypress	2024-11-10T00:29:31.8051075Z --import 'data:text/javascript,import { register } from "node:module"; import { pathToFileURL } from "node:url"; register("file%3A///home/runner/.cache/Cypress/13.15.2/Cypress/resources/app/node_modules/ts-node/esm/transpile-only.mjs", pathToFileURL("./"));'
Admin UI E2E (3, firefox)	Run Cypress	2024-11-10T00:29:31.8054278Z (Use `node --trace-warnings ...` to show where the warning was created)
Admin UI E2E (3, firefox)	Run Cypress	2024-11-10T00:29:41.3067721Z cypress-split: there are 37 found specs
Admin UI E2E (3, firefox)	Run Cypress	2024-11-10T00:29:41.3068863Z the first 5 specs
Admin UI E2E (3, firefox)	Run Cypress	2024-11-10T00:29:41.3070515Z - 1: /home/runner/work/keycloak/keycloak/js/apps/admin-ui/cypress/e2e/i18n_test.spec.ts
Admin UI E2E (3, firefox)	Run Cypress	2024-11-10T00:29:41.3072564Z - 2: /home/runner/work/keycloak/keycloak/js/apps/admin-ui/cypress/e2e/realm_settings_client_profiles_test.spec.ts
Admin UI E2E (3, firefox)	Run Cypress	2024-11-10T00:29:41.3074484Z - 3: /home/runner/work/keycloak/keycloak/js/apps/admin-ui/cypress/e2e/partial_import_test.spec.ts
Admin UI E2E (3, firefox)	Run Cypress	2024-11-10T00:29:41.3076312Z - 4: /home/runner/work/keycloak/keycloak/js/apps/admin-ui/cypress/e2e/realm_settings_general_tab_test.spec.ts
Admin UI E2E (3, firefox)	Run Cypress	2024-11-10T00:29:41.3077890Z - 5: /home/runner/work/keycloak/keycloak/js/apps/admin-ui/cypress/e2e/realm_test.spec.ts
Admin UI E2E (3, firefox)	Run Cypress	2024-11-10T00:29:41.3078839Z cypress-split: chunk 6 of 10
Admin UI E2E (3, firefox)	Run Cypress	2024-11-10T00:29:41.3084444Z k  spec                                                   
Admin UI E2E (3, firefox)	Run Cypress	2024-11-10T00:29:41.3085186Z -  -------------------------------------------------------
Admin UI E2E (3, firefox)	Run Cypress	2024-11-10T00:29:41.3086053Z 1  cypress/e2e/users_enable_disable.spec.ts               
Admin UI E2E (3, firefox)	Run Cypress	2024-11-10T00:29:41.3086929Z 2  cypress/e2e/realm_settings_user_profile_enabled.spec.ts
Admin UI E2E (3, firefox)	Run Cypress	2024-11-10T00:29:41.3087770Z 3  cypress/e2e/client_scopes_test.spec.ts                 
Admin UI E2E (3, firefox)	Run Cypress	2024-11-10T00:29:41.3088563Z 4  cypress/e2e/organization.spec.ts                       
Admin UI E2E (3, firefox)	Run Cypress	2024-11-10T00:29:41.3088965Z 
Admin UI E2E (3, firefox)	Run Cypress	2024-11-10T00:29:41.9646431Z 
Admin UI E2E (3, firefox)	Run Cypress	2024-11-10T00:29:41.9971842Z [90m====================================================================================================[39m
Admin UI E2E (3, firefox)	Run Cypress	2024-11-10T00:29:41.9972432Z 
Admin UI E2E (3, firefox)	Run Cypress	2024-11-10T00:29:41.9974984Z [0m  ([4m[1mRun Starting[22m[24m)[0m
Admin UI E2E (3, firefox)	Run Cypress	2024-11-10T00:29:41.9975469Z 
Admin UI E2E (3, firefox)	Run Cypress	2024-11-10T00:29:42.0049912Z [90m  â”Œ[39m[90mâ”€[39m[90mâ”€[39m[90mâ”€[39m[90mâ”€[39m[90mâ”€[39m[90mâ”€[39m[90mâ”€[39m[90mâ”€[39m[90mâ”€[39m[90mâ”€[39m[90mâ”€[39m[90mâ”€[39m[90mâ”€[39m[90mâ”€[39m[90mâ”€[39m[90mâ”€[39m[90mâ”€[39m[90mâ”€[39m[90mâ”€[39m[90mâ”€[39m[90mâ”€[39m[90mâ”€[39m[90mâ”€[39m[90mâ”€[39m[90mâ”€[39m[90mâ”€[39m[90mâ”€[39m[90mâ”€[39m[90mâ”€[39m[90mâ”€[39m[90mâ”€[39m[90mâ”€[39m[90mâ”€[39m[90mâ”€[39m[90mâ”€[39m[90mâ”€[39m[90mâ”€[39m[90mâ”€[39m[90mâ”€[39m[90mâ”€[39m[90mâ”€[39m[90mâ”€[39m[90mâ”€[39m[90mâ”€[39m[90mâ”€[39m[90mâ”€[39m[90mâ”€[39m[90mâ”€[39m[90mâ”€[39m[90mâ”€[39m[90mâ”€[39m[90mâ”€[39m[90mâ”€[39m[90mâ”€[39m[90mâ”€[39m[90mâ”€[39m[90mâ”€[39m[90mâ”€[39m[90mâ”€[39m[90mâ”€[39m[90mâ”€[39m[90mâ”€[39m[90mâ”€[39m[90mâ”€[39m[90mâ”€[39m[90mâ”€[39m[90mâ”€[39m[90mâ”€[39m[90mâ”€[39m[90mâ”€[39m[90mâ”€[39m[90mâ”€[39m[90mâ”€[39m[90mâ”€[39m[90mâ”€[39m[90mâ”€[39m[90mâ”€[39m[90mâ”€[39m[90mâ”€[39m[90mâ”€[39m[90mâ”€[39m[90mâ”€[39m[90mâ”€[39m[90mâ”€[39m[90mâ”€[39m[90mâ”€[39m[90mâ”€[39m[90mâ”€[39m[90mâ”€[39m[90mâ”€[39m[90mâ”€[39m[90mâ”€[39m[90mâ”€[39m[90mâ”€[39m[90mâ”€[39m[90mâ”€[39m[90mâ”[39m
Admin UI E2E (3, firefox)	Run Cypress	2024-11-10T00:29:42.0059337Z [90m  â”‚[39m [90mCypress:[39m        13.15.2                                                                        [90mâ”‚[39m
Admin UI E2E (3, firefox)	Run Cypress	2024-11-10T00:29:42.0061565Z [90m  â”‚[39m [90mBrowser:[39m        Firefox 132 [90m(headless)[39m                                                         [90mâ”‚[39m
Admin UI E2E (3, firefox)	Run Cypress	2024-11-10T00:29:42.0063914Z [90m  â”‚[39m [90mNode Version:[39m   [0mv20.13.1 [90m(/home/runner/runners/2.320.0/externals/node20/bin/node)[39m[0m              [90mâ”‚[39m
Admin UI E2E (3, firefox)	Run Cypress	2024-11-10T00:29:42.0065922Z [90m  â”‚[39m [90mSpecs:[39m          [0m4 found (users_enable_disable.spec.ts, realm_settings_user_profile_enabled.spe[0m [90mâ”‚[39m
Admin UI E2E (3, firefox)	Run Cypress	2024-11-10T00:29:42.0067458Z [90m  â”‚[39m                 [0mc.ts, client_scopes_test.spec.ts, organization.spec.ts)[0m                        [90mâ”‚[39m
Admin UI E2E (3, firefox)	Run Cypress	2024-11-10T00:29:42.0068977Z [90m  â”‚[39m [90mSearched:[39m       [0mcypress/e2e/users_enable_disable.spec.ts, cypress/e2e/realm_settings_user_prof[0m [90mâ”‚[39m
Admin UI E2E (3, firefox)	Run Cypress	2024-11-10T00:29:42.0070474Z [90m  â”‚[39m                 [0mile_enabled.spec.ts, cypress/e2e/client_scopes_test.spec.ts, cypress/e2e/organ[0m [90mâ”‚[39m
Admin UI E2E (3, firefox)	Run Cypress	2024-11-10T00:29:42.0071806Z [90m  â”‚[39m                 [0mization.spec.ts[0m                                                                [90mâ”‚[39m
Admin UI E2E (3, firefox)	Run Cypress	2024-11-10T00:29:42.0073470Z [90m  â”‚[39m [90mExperiments:[39m    experimentalMemoryManagement=true                                              [90mâ”‚[39m
Admin UI E2E (3, firefox)	Run Cypress	2024-11-10T00:29:42.0078594Z [90m  â””[39m[90mâ”€[39m[90mâ”€[39m[90mâ”€[39m[90mâ”€[39m[90mâ”€[39m[90mâ”€[39m[90mâ”€[39m[90mâ”€[39m[90mâ”€[39m[90mâ”€[39m[90mâ”€[39m[90mâ”€[39m[90mâ”€[39m[90mâ”€[39m[90mâ”€[39m[90mâ”€[39m[90mâ”€[39m[90mâ”€[39m[90mâ”€[39m[90mâ”€[39m[90mâ”€[39m[90mâ”€[39m[90mâ”€[39m[90mâ”€[39m[90mâ”€[39m[90mâ”€[39m[90mâ”€[39m[90mâ”€[39m[90mâ”€[39m[90mâ”€[39m[90mâ”€[39m[90mâ”€[39m[90mâ”€[39m[90mâ”€[39m[90mâ”€[39m[90mâ”€[39m[90mâ”€[39m[90mâ”€[39m[90mâ”€[39m[90mâ”€[39m[90mâ”€[39m[90mâ”€[39m[90mâ”€[39m[90mâ”€[39m[90mâ”€[39m[90mâ”€[39m[90mâ”€[39m[90mâ”€[39m[90mâ”€[39m[90mâ”€[39m[90mâ”€[39m[90mâ”€[39m[90mâ”€[39m[90mâ”€[39m[90mâ”€[39m[90mâ”€[39m[90mâ”€[39m[90mâ”€[39m[90mâ”€[39m[90mâ”€[39m[90mâ”€[39m[90mâ”€[39m[90mâ”€[39m[90mâ”€[39m[90mâ”€[39m[90mâ”€[39m[90mâ”€[39m[90mâ”€[39m[90mâ”€[39m[90mâ”€[39m[90mâ”€[39m[90mâ”€[39m[90mâ”€[39m[90mâ”€[39m[90mâ”€[39m[90mâ”€[39m[90mâ”€[39m[90mâ”€[39m[90mâ”€[39m[90mâ”€[39m[90mâ”€[39m[90mâ”€[39m[90mâ”€[39m[90mâ”€[39m[90mâ”€[39m[90mâ”€[39m[90mâ”€[39m[90mâ”€[39m[90mâ”€[39m[90mâ”€[39m[90mâ”€[39m[90mâ”€[39m[90mâ”€[39m[90mâ”€[39m[90mâ”€[39m[90mâ”€[39m[90mâ”˜[39m
Admin UI E2E (3, firefox)	Run Cypress	2024-11-10T00:29:42.0081815Z 
Admin UI E2E (3, firefox)	Run Cypress	2024-11-10T00:29:42.0081960Z 
Admin UI E2E (3, firefox)	Run Cypress	2024-11-10T00:29:42.0086740Z [90mâ”€[39m[90mâ”€[39m[90mâ”€[39m[90mâ”€[39m[90mâ”€[39m[90mâ”€[39m[90mâ”€[39m[90mâ”€[39m[90mâ”€[39m[90mâ”€[39m[90mâ”€[39m[90mâ”€[39m[90mâ”€[39m[90mâ”€[39m[90mâ”€[39m[90mâ”€[39m[90mâ”€[39m[90mâ”€[39m[90mâ”€[39m[90mâ”€[39m[90mâ”€[39m[90mâ”€[39m[90mâ”€[39m[90mâ”€[39m[90mâ”€[39m[90mâ”€[39m[90mâ”€[39m[90mâ”€[39m[90mâ”€[39m[90mâ”€[39m[90mâ”€[39m[90mâ”€[39m[90mâ”€[39m[90mâ”€[39m[90mâ”€[39m[90mâ”€[39m[90mâ”€[39m[90mâ”€[39m[90mâ”€[39m[90mâ”€[39m[90mâ”€[39m[90mâ”€[39m[90mâ”€[39m[90mâ”€[39m[90mâ”€[39m[90mâ”€[39m[90mâ”€[39m[90mâ”€[39m[90mâ”€[39m[90mâ”€[39m[90mâ”€[39m[90mâ”€[39m[90mâ”€[39m[90mâ”€[39m[90mâ”€[39m[90mâ”€[39m[90mâ”€[39m[90mâ”€[39m[90mâ”€[39m[90mâ”€[39m[90mâ”€[39m[90mâ”€[39m[90mâ”€[39m[90mâ”€[39m[90mâ”€[39m[90mâ”€[39m[90mâ”€[39m[90mâ”€[39m[90mâ”€[39m[90mâ”€[39m[90mâ”€[39m[90mâ”€[39m[90mâ”€[39m[90mâ”€[39m[90mâ”€[39m[90mâ”€[39m[90mâ”€[39m[90mâ”€[39m[90mâ”€[39m[90mâ”€[39m[90mâ”€[39m[90mâ”€[39m[90mâ”€[39m[90mâ”€[39m[90mâ”€[39m[90mâ”€[39m[90mâ”€[39m[90mâ”€[39m[90mâ”€[39m[90mâ”€[39m[90mâ”€[39m[90mâ”€[39m[90mâ”€[39m[90mâ”€[39m[90mâ”€[39m[90mâ”€[39m[90mâ”€[39m[90mâ”€[39m[90mâ”€[39m[90mâ”€[39m
Admin UI E2E (3, firefox)	Run Cypress	2024-11-10T00:29:42.0090649Z                                                                                                     
Admin UI E2E (3, firefox)	Run Cypress	2024-11-10T00:29:42.0091765Z   Running:  [90musers_enable_disable.spec.ts[39m                                                    [90m(1 of 4)[39m
Admin UI E2E (3, firefox)	Run Cypress	2024-11-10T00:29:42.0092358Z 
Admin UI E2E (3, firefox)	Run Cypress	2024-11-10T00:29:42.0093022Z [35mYour project has set the configuration option: `chromeWebSecurity` to `false`.[39m
Admin UI E2E (3, firefox)	Run Cypress	2024-11-10T00:29:42.0093615Z [35m[39m
Admin UI E2E (3, firefox)	Run Cypress	2024-11-10T00:29:42.0094420Z [35mThis option will not have an effect in Firefox. Tests that rely on web security being disabled will not run as expected.[39m
Admin UI E2E (3, firefox)	Run Cypress	2024-11-10T00:29:50.8747777Z 
Admin UI E2E (3, firefox)	Run Cypress	2024-11-10T00:29:50.8795486Z [0m[0m
Admin UI E2E (3, firefox)	Run Cypress	2024-11-10T00:29:50.8895753Z [0m  User enable/disable[0m
Admin UI E2E (3, firefox)	Run Cypress	2024-11-10T00:29:58.8264171Z   [32m  âœ“[0m[90m disables a user[0m[90m (7941ms)[0m
Admin UI E2E (3, firefox)	Run Cypress	2024-11-10T00:30:02.7276039Z   [32m  âœ“[0m[90m enables a user[0m[90m (3866ms)[0m
Admin UI E2E (3, firefox)	Run Cypress	2024-11-10T00:30:07.6861360Z   [32m  âœ“[0m[90m ensures submitting doesn't reset the enabled state[0m[90m (4928ms)[0m
Admin UI E2E (3, firefox)	Run Cypress	2024-11-10T00:30:07.6903400Z 
Admin UI E2E (3, firefox)	Run Cypress	2024-11-10T00:30:07.7238946Z 
Admin UI E2E (3, firefox)	Run Cypress	2024-11-10T00:30:07.7241530Z [92m [0m[32m 3 passing[0m[90m (17s)[0m
Admin UI E2E (3, firefox)	Run Cypress	2024-11-10T00:30:07.7242049Z 
Admin UI E2E (3, firefox)	Run Cypress	2024-11-10T00:30:11.7304518Z [35mWarning: We failed capturing this video.[39m
Admin UI E2E (3, firefox)	Run Cypress	2024-11-10T00:30:11.7305399Z [35m[39m
Admin UI E2E (3, firefox)	Run Cypress	2024-11-10T00:30:11.7306164Z [35mThis error will not affect or change the exit code.[39m
Admin UI E2E (3, firefox)	Run Cypress	2024-11-10T00:30:11.7306988Z [35m[39m
Admin UI E2E (3, firefox)	Run Cypress	2024-11-10T00:30:11.7307729Z [35mError: Insufficient frames captured to create video.[39m
Admin UI E2E (3, firefox)	Run Cypress	2024-11-10T00:30:11.7308845Z [35m    at ChildProcess.<anonymous> (<embedded>:778:16306)[39m
Admin UI E2E (3, firefox)	Run Cypress	2024-11-10T00:30:11.7309459Z [35m    at ChildProcess.emit (node:events:514:28)[39m
Admin UI E2E (3, firefox)	Run Cypress	2024-11-10T00:30:11.7310095Z [35m    at Process.onexit (node:internal/child_process:291:12)[39m
Admin UI E2E (3, firefox)	Run Cypress	2024-11-10T00:30:11.7328371Z 
Admin UI E2E (3, firefox)	Run Cypress	2024-11-10T00:30:11.7329539Z [32m  ([4m[1mResults[22m[24m)[39m
Admin UI E2E (3, firefox)	Run Cypress	2024-11-10T00:30:11.7347844Z 
Admin UI E2E (3, firefox)	Run Cypress	2024-11-10T00:30:11.7363865Z [90m  â”Œ[39m[90mâ”€[39m[90mâ”€[39m[90mâ”€[39m[90mâ”€[39m[90mâ”€[39m[90mâ”€[39m[90mâ”€[39m[90mâ”€[39m[90mâ”€[39m[90mâ”€[39m[90mâ”€[39m[90mâ”€[39m[90mâ”€[39m[90mâ”€[39m[90mâ”€[39m[90mâ”€[39m[90mâ”€[39m[90mâ”€[39m[90mâ”€[39m[90mâ”€[39m[90mâ”€[39m[90mâ”€[39m[90mâ”€[39m[90mâ”€[39m[90mâ”€[39m[90mâ”€[39m[90mâ”€[39m[90mâ”€[39m[90mâ”€[39m[90mâ”€[39m[90mâ”€[39m[90mâ”€[39m[90mâ”€[39m[90mâ”€[39m[90mâ”€[39m[90mâ”€[39m[90mâ”€[39m[90mâ”€[39m[90mâ”€[39m[90mâ”€[39m[90mâ”€[39m[90mâ”€[39m[90mâ”€[39m[90mâ”€[39m[90mâ”€[39m[90mâ”€[39m[90mâ”€[39m[90mâ”€[39m[90mâ”€[39m[90mâ”€[39m[90mâ”€[39m[90mâ”€[39m[90mâ”€[39m[90mâ”€[39m[90mâ”€[39m[90mâ”€[39m[90mâ”€[39m[90mâ”€[39m[90mâ”€[39m[90mâ”€[39m[90mâ”€[39m[90mâ”€[39m[90mâ”€[39m[90mâ”€[39m[90mâ”€[39m[90mâ”€[39m[90mâ”€[39m[90mâ”€[39m[90mâ”€[39m[90mâ”€[39m[90mâ”€[39m[90mâ”€[39m[90mâ”€[39m[90mâ”€[39m[90mâ”€[39m[90mâ”€[39m[90mâ”€[39m[90mâ”€[39m[90mâ”€[39m[90mâ”€[39m[90mâ”€[39m[90mâ”€[39m[90mâ”€[39m[90mâ”€[39m[90mâ”€[39m[90mâ”€[39m[90mâ”€[39m[90mâ”€[39m[90mâ”€[39m[90mâ”€[39m[90mâ”€[39m[90mâ”€[39m[90mâ”€[39m[90mâ”€[39m[90mâ”€[39m[90mâ”€[39m[90mâ”[39m
Admin UI E2E (3, firefox)	Run Cypress	2024-11-10T00:30:11.7368157Z [90m  â”‚[39m [90mTests:[39m        [32m3[39m                                                                                [90mâ”‚[39m
Admin UI E2E (3, firefox)	Run Cypress	2024-11-10T00:30:11.7369105Z [90m  â”‚[39m [90mPassing:[39m      [32m3[39m                                                                                [90mâ”‚[39m
Admin UI E2E (3, firefox)	Run Cypress	2024-11-10T00:30:11.7370022Z [90m  â”‚[39m [90mFailing:[39m      [32m0[39m                                                                                [90mâ”‚[39m
Admin UI E2E (3, firefox)	Run Cypress	2024-11-10T00:30:11.7371260Z [90m  â”‚[39m [90mPending:[39m      [32m0[39m                                                                                [90mâ”‚[39m
Admin UI E2E (3, firefox)	Run Cypress	2024-11-10T00:30:11.7372170Z [90m  â”‚[39m [90mSkipped:[39m      [32m0[39m                                                                                [90mâ”‚[39m
Admin UI E2E (3, firefox)	Run Cypress	2024-11-10T00:30:11.7373144Z [90m  â”‚[39m [90mScreenshots:[39m  [32m0[39m                                                                                [90mâ”‚[39m
Admin UI E2E (3, firefox)	Run Cypress	2024-11-10T00:30:11.7374091Z [90m  â”‚[39m [90mVideo:[39m        [32mfalse[39m                                                                            [90mâ”‚[39m
Admin UI E2E (3, firefox)	Run Cypress	2024-11-10T00:30:11.7375040Z [90m  â”‚[39m [90mDuration:[39m     [32m16 seconds[39m                                                                       [90mâ”‚[39m
Admin UI E2E (3, firefox)	Run Cypress	2024-11-10T00:30:11.7376118Z [90m  â”‚[39m [90mSpec Ran:[39m     [32m[32musers_enable_disable.spec.ts[32m[39m                                                     [90mâ”‚[39m
Admin UI E2E (3, firefox)	Run Cypress	2024-11-10T00:30:11.7380969Z [90m  â””[39m[90mâ”€[39m[90mâ”€[39m[90mâ”€[39m[90mâ”€[39m[90mâ”€[39m[90mâ”€[39m[90mâ”€[39m[90mâ”€[39m[90mâ”€[39m[90mâ”€[39m[90mâ”€[39m[90mâ”€[39m[90mâ”€[39m[90mâ”€[39m[90mâ”€[39m[90mâ”€[39m[90mâ”€[39m[90mâ”€[39m[90mâ”€[39m[90mâ”€[39m[90mâ”€[39m[90mâ”€[39m[90mâ”€[39m[90mâ”€[39m[90mâ”€[39m[90mâ”€[39m[90mâ”€[39m[90mâ”€[39m[90mâ”€[39m[90mâ”€[39m[90mâ”€[39m[90mâ”€[39m[90mâ”€[39m[90mâ”€[39m[90mâ”€[39m[90mâ”€[39m[90mâ”€[39m[90mâ”€[39m[90mâ”€[39m[90mâ”€[39m[90mâ”€[39m[90mâ”€[39m[90mâ”€[39m[90mâ”€[39m[90mâ”€[39m[90mâ”€[39m[90mâ”€[39m[90mâ”€[39m[90mâ”€[39m[90mâ”€[39m[90mâ”€[39m[90mâ”€[39m[90mâ”€[39m[90mâ”€[39m[90mâ”€[39m[90mâ”€[39m[90mâ”€[39m[90mâ”€[39m[90mâ”€[39m[90mâ”€[39m[90mâ”€[39m[90mâ”€[39m[90mâ”€[39m[90mâ”€[39m[90mâ”€[39m[90mâ”€[39m[90mâ”€[39m[90mâ”€[39m[90mâ”€[39m[90mâ”€[39m[90mâ”€[39m[90mâ”€[39m[90mâ”€[39m[90mâ”€[39m[90mâ”€[39m[90mâ”€[39m[90mâ”€[39m[90mâ”€[39m[90mâ”€[39m[90mâ”€[39m[90mâ”€[39m[90mâ”€[39m[90mâ”€[39m[90mâ”€[39m[90mâ”€[39m[90mâ”€[39m[90mâ”€[39m[90mâ”€[39m[90mâ”€[39m[90mâ”€[39m[90mâ”€[39m[90mâ”€[39m[90mâ”€[39m[90mâ”€[39m[90mâ”€[39m[90mâ”€[39m[90mâ”˜[39m
Admin UI E2E (3, firefox)	Run Cypress	2024-11-10T00:30:11.7384949Z 
Admin UI E2E (3, firefox)	Run Cypress	2024-11-10T00:30:11.7758833Z 
Admin UI E2E (3, firefox)	Run Cypress	2024-11-10T00:30:11.7780366Z [90mâ”€[39m[90mâ”€[39m[90mâ”€[39m[90mâ”€[39m[90mâ”€[39m[90mâ”€[39m[90mâ”€[39m[90mâ”€[39m[90mâ”€[39m[90mâ”€[39m[90mâ”€[39m[90mâ”€[39m[90mâ”€[39m[90mâ”€[39m[90mâ”€[39m[90mâ”€[39m[90mâ”€[39m[90mâ”€[39m[90mâ”€[39m[90mâ”€[39m[90mâ”€[39m[90mâ”€[39m[90mâ”€[39m[90mâ”€[39m[90mâ”€[39m[90mâ”€[39m[90mâ”€[39m[90mâ”€[39m[90mâ”€[39m[90mâ”€[39m[90mâ”€[39m[90mâ”€[39m[90mâ”€[39m[90mâ”€[39m[90mâ”€[39m[90mâ”€[39m[90mâ”€[39m[90mâ”€[39m[90mâ”€[39m[90mâ”€[39m[90mâ”€[39m[90mâ”€[39m[90mâ”€[39m[90mâ”€[39m[90mâ”€[39m[90mâ”€[39m[90mâ”€[39m[90mâ”€[39m[90mâ”€[39m[90mâ”€[39m[90mâ”€[39m[90mâ”€[39m[90mâ”€[39m[90mâ”€[39m[90mâ”€[39m[90mâ”€[39m[90mâ”€[39m[90mâ”€[39m[90mâ”€[39m[90mâ”€[39m[90mâ”€[39m[90mâ”€[39m[90mâ”€[39m[90mâ”€[39m[90mâ”€[39m[90mâ”€[39m[90mâ”€[39m[90mâ”€[39m[90mâ”€[39m[90mâ”€[39m[90mâ”€[39m[90mâ”€[39m[90mâ”€[39m[90mâ”€[39m[90mâ”€[39m[90mâ”€[39m[90mâ”€[39m[90mâ”€[39m[90mâ”€[39m[90mâ”€[39m[90mâ”€[39m[90mâ”€[39m[90mâ”€[39m[90mâ”€[39m[90mâ”€[39m[90mâ”€[39m[90mâ”€[39m[90mâ”€[39m[90mâ”€[39m[90mâ”€[39m[90mâ”€[39m[90mâ”€[39m[90mâ”€[39m[90mâ”€[39m[90mâ”€[39m[90mâ”€[39m[90mâ”€[39m[90mâ”€[39m[90mâ”€[39m[90mâ”€[39m
Admin UI E2E (3, firefox)	Run Cypress	2024-11-10T00:30:11.7787301Z                                                                                                     
Admin UI E2E (3, firefox)	Run Cypress	2024-11-10T00:30:11.7788871Z   Running:  [90mrealm_settings_user_profile_enabled.spec.ts[39m                                     [90m(2 of 4)[39m
Admin UI E2E (3, firefox)	Run Cypress	2024-11-10T00:30:11.7789805Z 
Admin UI E2E (3, firefox)	Run Cypress	2024-11-10T00:30:11.7790734Z [35mYour project has set the configuration option: `chromeWebSecurity` to `false`.[39m
Admin UI E2E (3, firefox)	Run Cypress	2024-11-10T00:30:11.7791804Z [35m[39m
Admin UI E2E (3, firefox)	Run Cypress	2024-11-10T00:30:11.7793254Z [35mThis option will not have an effect in Firefox. Tests that rely on web security being disabled will not run as expected.[39m
Admin UI E2E (3, firefox)	Run Cypress	2024-11-10T00:30:15.6331078Z 
Admin UI E2E (3, firefox)	Run Cypress	2024-11-10T00:30:15.6366096Z [0m[0m
Admin UI E2E (3, firefox)	Run Cypress	2024-11-10T00:30:15.6411845Z [0m  User profile tabs[0m
Admin UI E2E (3, firefox)	Run Cypress	2024-11-10T00:30:16.6983853Z [0m    Attributes sub tab tests[0m
Admin UI E2E (3, firefox)	Run Cypress	2024-11-10T00:30:20.4188158Z     [32m  âœ“[0m[90m Goes to create attribute page[0m[90m (4742ms)[0m
Admin UI E2E (3, firefox)	Run Cypress	2024-11-10T00:30:22.9172915Z     [32m  âœ“[0m[90m Completes new attribute form and performs cancel[0m[90m (2419ms)[0m
Admin UI E2E (3, firefox)	Run Cypress	2024-11-10T00:30:25.4210754Z     [32m  âœ“[0m[90m Completes new attribute form and performs submit[0m[90m (2478ms)[0m
Admin UI E2E (3, firefox)	Run Cypress	2024-11-10T00:30:29.3708360Z     [32m  âœ“[0m[90m Modifies existing attribute and performs save[0m[90m (3904ms)[0m
Admin UI E2E (3, firefox)	Run Cypress	2024-11-10T00:30:32.2311436Z     [32m  âœ“[0m[90m Adds and removes validator to/from existing attribute and performs save[0m[90m (2810ms)[0m
Admin UI E2E (3, firefox)	Run Cypress	2024-11-10T00:30:32.2432921Z [0m    Attribute groups sub tab tests[0m
Admin UI E2E (3, firefox)	Run Cypress	2024-11-10T00:30:34.3182814Z     [32m  âœ“[0m[90m Deletes an attributes group[0m[90m (2054ms)[0m
Admin UI E2E (3, firefox)	Run Cypress	2024-11-10T00:30:34.3365632Z [0m    Check attributes are displayed and editable on user create/edit[0m
Admin UI E2E (3, firefox)	Run Cypress	2024-11-10T00:30:41.8339806Z     [32m  âœ“[0m[90m Checks that not required attribute is not present when user is created with email as username and edit username set to disabled[0m[90m (7474ms)[0m
Admin UI E2E (3, firefox)	Run Cypress	2024-11-10T00:30:49.9297292Z     [32m  âœ“[0m[90m Checks that not required attribute is not present when user is created/edited with email as username enabled[0m[90m (8045ms)[0m
Admin UI E2E (3, firefox)	Run Cypress	2024-11-10T00:30:56.5365332Z     [32m  âœ“[0m[90m Checks that not required attribute with permissions to view/edit is present when user is created[0m[90m (6555ms)[0m
Admin UI E2E (3, firefox)	Run Cypress	2024-11-10T00:31:01.7941364Z     [32m  âœ“[0m[90m Checks that required attribute with permissions to view/edit is present and required when user is created[0m[90m (5221ms)[0m
Admin UI E2E (3, firefox)	Run Cypress	2024-11-10T00:31:06.6436269Z     [32m  âœ“[0m[90m Checks that required attribute with permissions to view/edit is accepted when user is created[0m[90m (4816ms)[0m
Admin UI E2E (3, firefox)	Run Cypress	2024-11-10T00:31:11.4568730Z     [32m  âœ“[0m[90m Checks that attribute group is visible when user with existing attribute is created[0m[90m (4785ms)[0m
Admin UI E2E (3, firefox)	Run Cypress	2024-11-10T00:31:18.6825218Z     [32m  âœ“[0m[90m Checks that attribute group is visible when user with a new attribute is created[0m[90m (7194ms)[0m
Admin UI E2E (3, firefox)	Run Cypress	2024-11-10T00:31:24.9882011Z     [32m  âœ“[0m[90m Checks that attribute with select-annotation is displayed and editable when user is created/edited[0m[90m (5540ms)[0m
Admin UI E2E (3, firefox)	Run Cypress	2024-11-10T00:31:24.9927442Z 
Admin UI E2E (3, firefox)	Run Cypress	2024-11-10T00:31:25.0261069Z 
Admin UI E2E (3, firefox)	Run Cypress	2024-11-10T00:31:25.0262382Z [92m [0m[32m 14 passing[0m[90m (1m)[0m
Admin UI E2E (3, firefox)	Run Cypress	2024-11-10T00:31:25.0263012Z 
Admin UI E2E (3, firefox)	Run Cypress	2024-11-10T00:31:25.0307839Z 
Admin UI E2E (3, firefox)	Run Cypress	2024-11-10T00:31:25.0308687Z [32m  ([4m[1mResults[22m[24m)[39m
Admin UI E2E (3, firefox)	Run Cypress	2024-11-10T00:31:25.0318322Z 
Admin UI E2E (3, firefox)	Run Cypress	2024-11-10T00:31:25.0339894Z [90m  â”Œ[39m[90mâ”€[39m[90mâ”€[39m[90mâ”€[39m[90mâ”€[39m[90mâ”€[39m[90mâ”€[39m[90mâ”€[39m[90mâ”€[39m[90mâ”€[39m[90mâ”€[39m[90mâ”€[39m[90mâ”€[39m[90mâ”€[39m[90mâ”€[39m[90mâ”€[39m[90mâ”€[39m[90mâ”€[39m[90mâ”€[39m[90mâ”€[39m[90mâ”€[39m[90mâ”€[39m[90mâ”€[39m[90mâ”€[39m[90mâ”€[39m[90mâ”€[39m[90mâ”€[39m[90mâ”€[39m[90mâ”€[39m[90mâ”€[39m[90mâ”€[39m[90mâ”€[39m[90mâ”€[39m[90mâ”€[39m[90mâ”€[39m[90mâ”€[39m[90mâ”€[39m[90mâ”€[39m[90mâ”€[39m[90mâ”€[39m[90mâ”€[39m[90mâ”€[39m[90mâ”€[39m[90mâ”€[39m[90mâ”€[39m[90mâ”€[39m[90mâ”€[39m[90mâ”€[39m[90mâ”€[39m[90mâ”€[39m[90mâ”€[39m[90mâ”€[39m[90mâ”€[39m[90mâ”€[39m[90mâ”€[39m[90mâ”€[39m[90mâ”€[39m[90mâ”€[39m[90mâ”€[39m[90mâ”€[39m[90mâ”€[39m[90mâ”€[39m[90mâ”€[39m[90mâ”€[39m[90mâ”€[39m[90mâ”€[39m[90mâ”€[39m[90mâ”€[39m[90mâ”€[39m[90mâ”€[39m[90mâ”€[39m[90mâ”€[39m[90mâ”€[39m[90mâ”€[39m[90mâ”€[39m[90mâ”€[39m[90mâ”€[39m[90mâ”€[39m[90mâ”€[39m[90mâ”€[39m[90mâ”€[39m[90mâ”€[39m[90mâ”€[39m[90mâ”€[39m[90mâ”€[39m[90mâ”€[39m[90mâ”€[39m[90mâ”€[39m[90mâ”€[39m[90mâ”€[39m[90mâ”€[39m[90mâ”€[39m[90mâ”€[39m[90mâ”€[39m[90mâ”€[39m[90mâ”€[39m[90mâ”€[39m[90mâ”[39m
Admin UI E2E (3, firefox)	Run Cypress	2024-11-10T00:31:25.0347360Z [90m  â”‚[39m [90mTests:[39m        [32m14[39m                                                                               [90mâ”‚[39m
Admin UI E2E (3, firefox)	Run Cypress	2024-11-10T00:31:25.0349606Z [90m  â”‚[39m [90mPassing:[39m      [32m14[39m                                                                               [90mâ”‚[39m
Admin UI E2E (3, firefox)	Run Cypress	2024-11-10T00:31:25.0351444Z [90m  â”‚[39m [90mFailing:[39m      [32m0[39m                                                                                [90mâ”‚[39m
Admin UI E2E (3, firefox)	Run Cypress	2024-11-10T00:31:25.0353466Z [90m  â”‚[39m [90mPending:[39m      [32m0[39m                                                                                [90mâ”‚[39m
Admin UI E2E (3, firefox)	Run Cypress	2024-11-10T00:31:25.0355242Z [90m  â”‚[39m [90mSkipped:[39m      [32m0[39m                                                                                [90mâ”‚[39m
Admin UI E2E (3, firefox)	Run Cypress	2024-11-10T00:31:25.0357724Z [90m  â”‚[39m [90mScreenshots:[39m  [32m0[39m                                                                                [90mâ”‚[39m
Admin UI E2E (3, firefox)	Run Cypress	2024-11-10T00:31:25.0359435Z [90m  â”‚[39m [90mVideo:[39m        [32mfalse[39m                                                                            [90mâ”‚[39m
Admin UI E2E (3, firefox)	Run Cypress	2024-11-10T00:31:25.0361212Z [90m  â”‚[39m [90mDuration:[39m     [32m1 minute, 9 seconds[39m                                                              [90mâ”‚[39m
Admin UI E2E (3, firefox)	Run Cypress	2024-11-10T00:31:25.0363328Z [90m  â”‚[39m [90mSpec Ran:[39m     [32m[32mrealm_settings_user_profile_enabled.spec.ts[32m[39m                                      [90mâ”‚[39m
Admin UI E2E (3, firefox)	Run Cypress	2024-11-10T00:31:25.0374167Z [90m  â””[39m[90mâ”€[39m[90mâ”€[39m[90mâ”€[39m[90mâ”€[39m[90mâ”€[39m[90mâ”€[39m[90mâ”€[39m[90mâ”€[39m[90mâ”€[39m[90mâ”€[39m[90mâ”€[39m[90mâ”€[39m[90mâ”€[39m[90mâ”€[39m[90mâ”€[39m[90mâ”€[39m[90mâ”€[39m[90mâ”€[39m[90mâ”€[39m[90mâ”€[39m[90mâ”€[39m[90mâ”€[39m[90mâ”€[39m[90mâ”€[39m[90mâ”€[39m[90mâ”€[39m[90mâ”€[39m[90mâ”€[39m[90mâ”€[39m[90mâ”€[39m[90mâ”€[39m[90mâ”€[39m[90mâ”€[39m[90mâ”€[39m[90mâ”€[39m[90mâ”€[39m[90mâ”€[39m[90mâ”€[39m[90mâ”€[39m[90mâ”€[39m[90mâ”€[39m[90mâ”€[39m[90mâ”€[39m[90mâ”€[39m[90mâ”€[39m[90mâ”€[39m[90mâ”€[39m[90mâ”€[39m[90mâ”€[39m[90mâ”€[39m[90mâ”€[39m[90mâ”€[39m[90mâ”€[39m[90mâ”€[39m[90mâ”€[39m[90mâ”€[39m[90mâ”€[39m[90mâ”€[39m[90mâ”€[39m[90mâ”€[39m[90mâ”€[39m[90mâ”€[39m[90mâ”€[39m[90mâ”€[39m[90mâ”€[39m[90mâ”€[39m[90mâ”€[39m[90mâ”€[39m[90mâ”€[39m[90mâ”€[39m[90mâ”€[39m[90mâ”€[39m[90mâ”€[39m[90mâ”€[39m[90mâ”€[39m[90mâ”€[39m[90mâ”€[39m[90mâ”€[39m[90mâ”€[39m[90mâ”€[39m[90mâ”€[39m[90mâ”€[39m[90mâ”€[39m[90mâ”€[39m[90mâ”€[39m[90mâ”€[39m[90mâ”€[39m[90mâ”€[39m[90mâ”€[39m[90mâ”€[39m[90mâ”€[39m[90mâ”€[39m[90mâ”€[39m[90mâ”€[39m[90mâ”€[39m[90mâ”€[39m[90mâ”˜[39m
Admin UI E2E (3, firefox)	Run Cypress	2024-11-10T00:31:25.0380114Z 
Admin UI E2E (3, firefox)	Run Cypress	2024-11-10T00:31:25.0826640Z 
Admin UI E2E (3, firefox)	Run Cypress	2024-11-10T00:31:25.0840928Z [90mâ”€[39m[90mâ”€[39m[90mâ”€[39m[90mâ”€[39m[90mâ”€[39m[90mâ”€[39m[90mâ”€[39m[90mâ”€[39m[90mâ”€[39m[90mâ”€[39m[90mâ”€[39m[90mâ”€[39m[90mâ”€[39m[90mâ”€[39m[90mâ”€[39m[90mâ”€[39m[90mâ”€[39m[90mâ”€[39m[90mâ”€[39m[90mâ”€[39m[90mâ”€[39m[90mâ”€[39m[90mâ”€[39m[90mâ”€[39m[90mâ”€[39m[90mâ”€[39m[90mâ”€[39m[90mâ”€[39m[90mâ”€[39m[90mâ”€[39m[90mâ”€[39m[90mâ”€[39m[90mâ”€[39m[90mâ”€[39m[90mâ”€[39m[90mâ”€[39m[90mâ”€[39m[90mâ”€[39m[90mâ”€[39m[90mâ”€[39m[90mâ”€[39m[90mâ”€[39m[90mâ”€[39m[90mâ”€[39m[90mâ”€[39m[90mâ”€[39m[90mâ”€[39m[90mâ”€[39m[90mâ”€[39m[90mâ”€[39m[90mâ”€[39m[90mâ”€[39m[90mâ”€[39m[90mâ”€[39m[90mâ”€[39m[90mâ”€[39m[90mâ”€[39m[90mâ”€[39m[90mâ”€[39m[90mâ”€[39m[90mâ”€[39m[90mâ”€[39m[90mâ”€[39m[90mâ”€[39m[90mâ”€[39m[90mâ”€[39m[90mâ”€[39m[90mâ”€[39m[90mâ”€[39m[90mâ”€[39m[90mâ”€[39m[90mâ”€[39m[90mâ”€[39m[90mâ”€[39m[90mâ”€[39m[90mâ”€[39m[90mâ”€[39m[90mâ”€[39m[90mâ”€[39m[90mâ”€[39m[90mâ”€[39m[90mâ”€[39m[90mâ”€[39m[90mâ”€[39m[90mâ”€[39m[90mâ”€[39m[90mâ”€[39m[90mâ”€[39m[90mâ”€[39m[90mâ”€[39m[90mâ”€[39m[90mâ”€[39m[90mâ”€[39m[90mâ”€[39m[90mâ”€[39m[90mâ”€[39m[90mâ”€[39m[90mâ”€[39m[90mâ”€[39m[90mâ”€[39m
Admin UI E2E (3, firefox)	Run Cypress	2024-11-10T00:31:25.0848716Z                                                                                                     
Admin UI E2E (3, firefox)	Run Cypress	2024-11-10T00:31:25.0850361Z   Running:  [90mclient_scopes_test.spec.ts[39m                                                      [90m(3 of 4)[39m
Admin UI E2E (3, firefox)	Run Cypress	2024-11-10T00:31:25.0851329Z 
Admin UI E2E (3, firefox)	Run Cypress	2024-11-10T00:31:25.0852345Z [35mYour project has set the configuration option: `chromeWebSecurity` to `false`.[39m
Admin UI E2E (3, firefox)	Run Cypress	2024-11-10T00:31:25.0853592Z [35m[39m
Admin UI E2E (3, firefox)	Run Cypress	2024-11-10T00:31:25.0855279Z [35mThis option will not have an effect in Firefox. Tests that rely on web security being disabled will not run as expected.[39m
Admin UI E2E (3, firefox)	Run Cypress	2024-11-10T00:31:28.8968058Z 
Admin UI E2E (3, firefox)	Run Cypress	2024-11-10T00:31:28.9009896Z [0m[0m
Admin UI E2E (3, firefox)	Run Cypress	2024-11-10T00:31:28.9060391Z [0m  Client Scopes test[0m
Admin UI E2E (3, firefox)	Run Cypress	2024-11-10T00:31:29.5752389Z [0m    Client Scope filter list items[0m
Admin UI E2E (3, firefox)	Run Cypress	2024-11-10T00:31:33.6211267Z     [32m  âœ“[0m[90m should filter item by name[0m[90m (4693ms)[0m
Admin UI E2E (3, firefox)	Run Cypress	2024-11-10T00:31:35.1379194Z     [32m  âœ“[0m[90m should filter items by Assigned type All types[0m[90m (1476ms)[0m
Admin UI E2E (3, firefox)	Run Cypress	2024-11-10T00:31:36.5945161Z     [32m  âœ“[0m[90m should filter items by Assigned type Default[0m[90m (1427ms)[0m
Admin UI E2E (3, firefox)	Run Cypress	2024-11-10T00:31:38.1168947Z     [32m  âœ“[0m[90m should filter items by Assigned type Optional[0m[90m (1492ms)[0m
Admin UI E2E (3, firefox)	Run Cypress	2024-11-10T00:31:39.9940474Z     [32m  âœ“[0m[90m should filter items by Protocol All[0m[90m (1837ms)[0m
Admin UI E2E (3, firefox)	Run Cypress	2024-11-10T00:31:41.4776398Z     [32m  âœ“[0m[90m should filter items by Protocol SAML[0m[90m (1452ms)[0m
Admin UI E2E (3, firefox)	Run Cypress	2024-11-10T00:31:42.9830604Z     [32m  âœ“[0m[90m should filter items by Protocol OpenID[0m[90m (1476ms)[0m
Admin UI E2E (3, firefox)	Run Cypress	2024-11-10T00:31:44.3710149Z     [32m  âœ“[0m[90m should show items on next page are more than 11[0m[90m (1357ms)[0m
Admin UI E2E (3, firefox)	Run Cypress	2024-11-10T00:31:44.3892959Z [0m    Client Scope modify list items[0m
Admin UI E2E (3, firefox)	Run Cypress	2024-11-10T00:31:45.8456883Z     [32m  âœ“[0m[90m should modify selected item type to Default from search bar[0m[90m (1445ms)[0m
Admin UI E2E (3, firefox)	Run Cypress	2024-11-10T00:31:47.2860579Z     [32m  âœ“[0m[90m should modify selected item type to Optional from search bar[0m[90m (1411ms)[0m
Admin UI E2E (3, firefox)	Run Cypress	2024-11-10T00:31:51.7456839Z     [32m  âœ“[0m[90m should modify item client-scope-test0 AssignedType to Default from item bar[0m[90m (4413ms)[0m
Admin UI E2E (3, firefox)	Run Cypress	2024-11-10T00:31:56.2537391Z     [32m  âœ“[0m[90m should modify item client-scope-test0 AssignedType to Optional from item bar[0m[90m (4459ms)[0m
Admin UI E2E (3, firefox)	Run Cypress	2024-11-10T00:32:00.6711259Z     [32m  âœ“[0m[90m should modify item client-scope-test0 AssignedType to None from item bar[0m[90m (4374ms)[0m
Admin UI E2E (3, firefox)	Run Cypress	2024-11-10T00:32:02.7967139Z     [32m  âœ“[0m[90m should not allow to modify item AssignedType from search bar when no item selected[0m[90m (2087ms)[0m
Admin UI E2E (3, firefox)	Run Cypress	2024-11-10T00:32:02.8115491Z [0m    Client Scope delete list items [0m
Admin UI E2E (3, firefox)	Run Cypress	2024-11-10T00:32:04.2888390Z     [32m  âœ“[0m[90m should delete item from item bar[0m[90m (1462ms)[0m
Admin UI E2E (3, firefox)	Run Cypress	2024-11-10T00:32:05.8040945Z     [32m  âœ“[0m[90m should delete selected item from search bar[0m[90m (1480ms)[0m
Admin UI E2E (3, firefox)	Run Cypress	2024-11-10T00:32:07.7365528Z     [32m  âœ“[0m[90m should delete multiple selected items from search bar[0m[90m (1874ms)[0m
Admin UI E2E (3, firefox)	Run Cypress	2024-11-10T00:32:07.7546100Z [0m    Client Scope creation[0m
Admin UI E2E (3, firefox)	Run Cypress	2024-11-10T00:32:09.5377019Z     [32m  âœ“[0m[90m should fail creating client scope[0m[90m (1771ms)[0m
Admin UI E2E (3, firefox)	Run Cypress	2024-11-10T00:32:10.8159523Z     [32m  âœ“[0m[90m hides 'consent text' field when 'display consent' switch is disabled[0m[90m (1248ms)[0m
Admin UI E2E (3, firefox)	Run Cypress	2024-11-10T00:32:15.9095784Z     [32m  âœ“[0m[90m Client scope CRUD test[0m[90m (5037ms)[0m
Admin UI E2E (3, firefox)	Run Cypress	2024-11-10T00:32:15.9746441Z [0m    Scope tab test[0m
Admin UI E2E (3, firefox)	Run Cypress	2024-11-10T00:32:18.5484038Z     [32m  âœ“[0m[90m Assign and unassign role[0m[90m (2558ms)[0m
Admin UI E2E (3, firefox)	Run Cypress	2024-11-10T00:32:18.5616360Z [0m    Mappers tab test[0m
Admin UI E2E (3, firefox)	Run Cypress	2024-11-10T00:32:27.1929709Z     [32m  âœ“[0m[90m CRUD mappers[0m[90m (8615ms)[0m
Admin UI E2E (3, firefox)	Run Cypress	2024-11-10T00:32:27.2209640Z [0m    Accessibility tests for client scopes[0m
Admin UI E2E (3, firefox)	Run Cypress	2024-11-10T00:32:28.8501813Z     [32m  âœ“[0m[90m Check a11y violations on load/ client scopes[0m[90m (1617ms)[0m
Admin UI E2E (3, firefox)	Run Cypress	2024-11-10T00:32:30.4810367Z     [32m  âœ“[0m[90m Check a11y violations on empty client scope[0m[90m (1605ms)[0m
Admin UI E2E (3, firefox)	Run Cypress	2024-11-10T00:32:33.6510009Z       [33m(Attempt 1 of 4)[0m Check a11y violations on client scope details
Admin UI E2E (3, firefox)	Run Cypress	2024-11-10T00:33:06.0690411Z       [33m(Attempt 2 of 4)[0m Check a11y violations on client scope details
Admin UI E2E (3, firefox)	Run Cypress	2024-11-10T00:33:38.9680506Z       [33m(Attempt 3 of 4)[0m Check a11y violations on client scope details
Admin UI E2E (3, firefox)	Run Cypress	2024-11-10T00:34:11.8692588Z     [31m  1) Check a11y violations on client scope details[0m
Admin UI E2E (3, firefox)	Run Cypress	2024-11-10T00:34:12.6149174Z 
Admin UI E2E (3, firefox)	Run Cypress	2024-11-10T00:34:12.6796654Z 
Admin UI E2E (3, firefox)	Run Cypress	2024-11-10T00:34:12.6798118Z [92m [0m[32m 24 passing[0m[90m (3m)[0m
Admin UI E2E (3, firefox)	Run Cypress	2024-11-10T00:34:12.6799295Z [31m  1 failing[0m
Admin UI E2E (3, firefox)	Run Cypress	2024-11-10T00:34:12.6799736Z 
Admin UI E2E (3, firefox)	Run Cypress	2024-11-10T00:34:12.6819350Z [0m  1) Client Scopes test
Admin UI E2E (3, firefox)	Run Cypress	2024-11-10T00:34:12.6820336Z        Accessibility tests for client scopes
Admin UI E2E (3, firefox)	Run Cypress	2024-11-10T00:34:12.6821210Z          Check a11y violations on client scope details:
Admin UI E2E (3, firefox)	Run Cypress	2024-11-10T00:34:12.6823039Z [0m[31m     AssertionError: Timed out retrying after 30000ms: Expected to find element: `.pf-v5-c-tabs `, but never found it.[0m[90m
Admin UI E2E (3, firefox)	Run Cypress	2024-11-10T00:34:12.6825210Z       at _TabPage_getTab (webpack://@keycloak/keycloak-admin-ui/./cypress/support/pages/admin-ui/components/TabPage.ts:36:0)
Admin UI E2E (3, firefox)	Run Cypress	2024-11-10T00:34:12.6827193Z       at clickTab (webpack://@keycloak/keycloak-admin-ui/./cypress/support/pages/admin-ui/components/TabPage.ts:16:0)
Admin UI E2E (3, firefox)	Run Cypress	2024-11-10T00:34:12.6829537Z       at goToMappersTab (webpack://@keycloak/keycloak-admin-ui/./cypress/support/pages/admin-ui/manage/client_scopes/client_scope_details/ClientScopeDetailsPage.ts:29:0)
Admin UI E2E (3, firefox)	Run Cypress	2024-11-10T00:34:12.6831943Z       at  (webpack://@keycloak/keycloak-admin-ui/./cypress/e2e/client_scopes_test.spec.ts:380:0)
Admin UI E2E (3, firefox)	Run Cypress	2024-11-10T00:34:12.6834270Z       at __webpack_modules__</setRunnable/runnable.fn (http://localhost:8080/__cypress/runner/cypress_runner.js:138202:43)
Admin UI E2E (3, firefox)	Run Cypress	2024-11-10T00:34:12.6835828Z       at callFn (http://localhost:8080/__cypress/runner/cypress_runner.js:156821:21)
Admin UI E2E (3, firefox)	Run Cypress	2024-11-10T00:34:12.6837399Z       at __webpack_modules__</Runnable.prototype.run (http://localhost:8080/__cypress/runner/cypress_runner.js:156808:13)
Admin UI E2E (3, firefox)	Run Cypress	2024-11-10T00:34:12.6839209Z       at __webpack_modules__</create/onRunnableRun (http://localhost:8080/__cypress/runner/cypress_runner.js:162732:30)
Admin UI E2E (3, firefox)	Run Cypress	2024-11-10T00:34:12.6840778Z       at finallyHandler (http://localhost:8080/__cypress/runner/cypress_runner.js:4072:23)
Admin UI E2E (3, firefox)	Run Cypress	2024-11-10T00:34:12.6842004Z       at tryCatcher (http://localhost:8080/__cypress/runner/cypress_runner.js:1807:23)
Admin UI E2E (3, firefox)	Run Cypress	2024-11-10T00:34:12.6843800Z       at __webpack_modules__</module.exports/Promise.prototype._settlePromiseFromHandler (http://localhost:8080/__cypress/runner/cypress_runner.js:1519:31)
Admin UI E2E (3, firefox)	Run Cypress	2024-11-10T00:34:12.6846098Z       at __webpack_modules__</module.exports/Promise.prototype._settlePromise (http://localhost:8080/__cypress/runner/cypress_runner.js:1576:18)
Admin UI E2E (3, firefox)	Run Cypress	2024-11-10T00:34:12.6848567Z       at __webpack_modules__</module.exports/Promise.prototype._settlePromise0 (http://localhost:8080/__cypress/runner/cypress_runner.js:1621:10)
Admin UI E2E (3, firefox)	Run Cypress	2024-11-10T00:34:12.6850787Z       at __webpack_modules__</module.exports/Promise.prototype._settlePromises (http://localhost:8080/__cypress/runner/cypress_runner.js:1701:18)
Admin UI E2E (3, firefox)	Run Cypress	2024-11-10T00:34:12.6852523Z       at _drainQueueStep (http://localhost:8080/__cypress/runner/cypress_runner.js:2407:12)
Admin UI E2E (3, firefox)	Run Cypress	2024-11-10T00:34:12.6853830Z       at _drainQueue (http://localhost:8080/__cypress/runner/cypress_runner.js:2400:24)
Admin UI E2E (3, firefox)	Run Cypress	2024-11-10T00:34:12.6855398Z       at __webpack_modules__</Async.prototype._drainQueues (http://localhost:8080/__cypress/runner/cypress_runner.js:2416:16)
Admin UI E2E (3, firefox)	Run Cypress	2024-11-10T00:34:12.6857197Z       at __webpack_modules__</Async/this.drainQueues (http://localhost:8080/__cypress/runner/cypress_runner.js:2286:14)
Admin UI E2E (3, firefox)	Run Cypress	2024-11-10T00:34:12.6858710Z [0m
Admin UI E2E (3, firefox)	Run Cypress	2024-11-10T00:34:12.6858910Z 
Admin UI E2E (3, firefox)	Run Cypress	2024-11-10T00:34:12.6858923Z 
Admin UI E2E (3, firefox)	Run Cypress	2024-11-10T00:34:12.6859192Z 
Admin UI E2E (3, firefox)	Run Cypress	2024-11-10T00:34:12.6859795Z [31m  ([4m[1mResults[22m[24m)[39m
Admin UI E2E (3, firefox)	Run Cypress	2024-11-10T00:34:12.6874179Z 
Admin UI E2E (3, firefox)	Run Cypress	2024-11-10T00:34:12.6894993Z [90m  â”Œ[39m[90mâ”€[39m[90mâ”€[39m[90mâ”€[39m[90mâ”€[39m[90mâ”€[39m[90mâ”€[39m[90mâ”€[39m[90mâ”€[39m[90mâ”€[39m[90mâ”€[39m[90mâ”€[39m[90mâ”€[39m[90mâ”€[39m[90mâ”€[39m[90mâ”€[39m[90mâ”€[39m[90mâ”€[39m[90mâ”€[39m[90mâ”€[39m[90mâ”€[39m[90mâ”€[39m[90mâ”€[39m[90mâ”€[39m[90mâ”€[39m[90mâ”€[39m[90mâ”€[39m[90mâ”€[39m[90mâ”€[39m[90mâ”€[39m[90mâ”€[39m[90mâ”€[39m[90mâ”€[39m[90mâ”€[39m[90mâ”€[39m[90mâ”€[39m[90mâ”€[39m[90mâ”€[39m[90mâ”€[39m[90mâ”€[39m[90mâ”€[39m[90mâ”€[39m[90mâ”€[39m[90mâ”€[39m[90mâ”€[39m[90mâ”€[39m[90mâ”€[39m[90mâ”€[39m[90mâ”€[39m[90mâ”€[39m[90mâ”€[39m[90mâ”€[39m[90mâ”€[39m[90mâ”€[39m[90mâ”€[39m[90mâ”€[39m[90mâ”€[39m[90mâ”€[39m[90mâ”€[39m[90mâ”€[39m[90mâ”€[39m[90mâ”€[39m[90mâ”€[39m[90mâ”€[39m[90mâ”€[39m[90mâ”€[39m[90mâ”€[39m[90mâ”€[39m[90mâ”€[39m[90mâ”€[39m[90mâ”€[39m[90mâ”€[39m[90mâ”€[39m[90mâ”€[39m[90mâ”€[39m[90mâ”€[39m[90mâ”€[39m[90mâ”€[39m[90mâ”€[39m[90mâ”€[39m[90mâ”€[39m[90mâ”€[39m[90mâ”€[39m[90mâ”€[39m[90mâ”€[39m[90mâ”€[39m[90mâ”€[39m[90mâ”€[39m[90mâ”€[39m[90mâ”€[39m[90mâ”€[39m[90mâ”€[39m[90mâ”€[39m[90mâ”€[39m[90mâ”€[39m[90mâ”€[39m[90mâ”€[39m[90mâ”[39m
Admin UI E2E (3, firefox)	Run Cypress	2024-11-10T00:34:12.6902238Z [90m  â”‚[39m [90mTests:[39m        [31m25[39m                                                                               [90mâ”‚[39m
Admin UI E2E (3, firefox)	Run Cypress	2024-11-10T00:34:12.6903950Z [90m  â”‚[39m [90mPassing:[39m      [31m24[39m                                                                               [90mâ”‚[39m
Admin UI E2E (3, firefox)	Run Cypress	2024-11-10T00:34:12.6905640Z [90m  â”‚[39m [90mFailing:[39m      [31m1[39m                                                                                [90mâ”‚[39m
Admin UI E2E (3, firefox)	Run Cypress	2024-11-10T00:34:12.6907334Z [90m  â”‚[39m [90mPending:[39m      [31m0[39m                                                                                [90mâ”‚[39m
Admin UI E2E (3, firefox)	Run Cypress	2024-11-10T00:34:12.6908997Z [90m  â”‚[39m [90mSkipped:[39m      [31m0[39m                                                                                [90mâ”‚[39m
Admin UI E2E (3, firefox)	Run Cypress	2024-11-10T00:34:12.6910713Z [90m  â”‚[39m [90mScreenshots:[39m  [31m4[39m                                                                                [90mâ”‚[39m
Admin UI E2E (3, firefox)	Run Cypress	2024-11-10T00:34:12.6912449Z [90m  â”‚[39m [90mVideo:[39m        [31mfalse[39m                                                                            [90mâ”‚[39m
Admin UI E2E (3, firefox)	Run Cypress	2024-11-10T00:34:12.6914254Z [90m  â”‚[39m [90mDuration:[39m     [31m2 minutes, 43 seconds[39m                                                            [90mâ”‚[39m
Admin UI E2E (3, firefox)	Run Cypress	2024-11-10T00:34:12.6916308Z [90m  â”‚[39m [90mSpec Ran:[39m     [31m[31mclient_scopes_test.spec.ts[31m[39m                                                       [90mâ”‚[39m
Admin UI E2E (3, firefox)	Run Cypress	2024-11-10T00:34:12.6925429Z [90m  â””[39m[90mâ”€[39m[90mâ”€[39m[90mâ”€[39m[90mâ”€[39m[90mâ”€[39m[90mâ”€[39m[90mâ”€[39m[90mâ”€[39m[90mâ”€[39m[90mâ”€[39m[90mâ”€[39m[90mâ”€[39m[90mâ”€[39m[90mâ”€[39m[90mâ”€[39m[90mâ”€[39m[90mâ”€[39m[90mâ”€[39m[90mâ”€[39m[90mâ”€[39m[90mâ”€[39m[90mâ”€[39m[90mâ”€[39m[90mâ”€[39m[90mâ”€[39m[90mâ”€[39m[90mâ”€[39m[90mâ”€[39m[90mâ”€[39m[90mâ”€[39m[90mâ”€[39m[90mâ”€[39m[90mâ”€[39m[90mâ”€[39m[90mâ”€[39m[90mâ”€[39m[90mâ”€[39m[90mâ”€[39m[90mâ”€[39m[90mâ”€[39m[90mâ”€[39m[90mâ”€[39m[90mâ”€[39m[90mâ”€[39m[90mâ”€[39m[90mâ”€[39m[90mâ”€[39m[90mâ”€[39m[90mâ”€[39m[90mâ”€[39m[90mâ”€[39m[90mâ”€[39m[90mâ”€[39m[90mâ”€[39m[90mâ”€[39m[90mâ”€[39m[90mâ”€[39m[90mâ”€[39m[90mâ”€[39m[90mâ”€[39m[90mâ”€[39m[90mâ”€[39m[90mâ”€[39m[90mâ”€[39m[90mâ”€[39m[90mâ”€[39m[90mâ”€[39m[90mâ”€[39m[90mâ”€[39m[90mâ”€[39m[90mâ”€[39m[90mâ”€[39m[90mâ”€[39m[90mâ”€[39m[90mâ”€[39m[90mâ”€[39m[90mâ”€[39m[90mâ”€[39m[90mâ”€[39m[90mâ”€[39m[90mâ”€[39m[90mâ”€[39m[90mâ”€[39m[90mâ”€[39m[90mâ”€[39m[90mâ”€[39m[90mâ”€[39m[90mâ”€[39m[90mâ”€[39m[90mâ”€[39m[90mâ”€[39m[90mâ”€[39m[90mâ”€[39m[90mâ”€[39m[90mâ”€[39m[90mâ”€[39m[90mâ”˜[39m
Admin UI E2E (3, firefox)	Run Cypress	2024-11-10T00:34:12.6938083Z 
Admin UI E2E (3, firefox)	Run Cypress	2024-11-10T00:34:12.6938134Z 
Admin UI E2E (3, firefox)	Run Cypress	2024-11-10T00:34:12.6938564Z [33m  ([4m[1mScreenshots[22m[24m)[39m
Admin UI E2E (3, firefox)	Run Cypress	2024-11-10T00:34:12.6939036Z 
Admin UI E2E (3, firefox)	Run Cypress	2024-11-10T00:34:12.6976745Z [90m [39m -  [0m/home/runner/work/keycloak/keycloak/js/apps/admin-ui/cypress/screenshots/client_[0m     [90m[90m(1280x720)[90m[39m
Admin UI E2E (3, firefox)	Run Cypress	2024-11-10T00:34:12.6986721Z [90m [39m    [0mscopes_test.spec.ts/Client Scopes test -- Accessibility tests for client scopes [0m               
Admin UI E2E (3, firefox)	Run Cypress	2024-11-10T00:34:12.6996422Z [90m [39m    [0m-- Check a11y violations on client scope details (failed).png[0m                                  
Admin UI E2E (3, firefox)	Run Cypress	2024-11-10T00:34:12.6998860Z [90m [39m -  [0m/home/runner/work/keycloak/keycloak/js/apps/admin-ui/cypress/screenshots/client_[0m     [90m[90m(1280x720)[90m[39m
Admin UI E2E (3, firefox)	Run Cypress	2024-11-10T00:34:12.7001163Z [90m [39m    [0mscopes_test.spec.ts/Client Scopes test -- Accessibility tests for client scopes [0m               
Admin UI E2E (3, firefox)	Run Cypress	2024-11-10T00:34:12.7003183Z [90m [39m    [0m-- Check a11y violations on client scope details (failed) (attempt 2).png[0m                      
Admin UI E2E (3, firefox)	Run Cypress	2024-11-10T00:34:12.7005579Z [90m [39m -  [0m/home/runner/work/keycloak/keycloak/js/apps/admin-ui/cypress/screenshots/client_[0m     [90m[90m(1280x720)[90m[39m
Admin UI E2E (3, firefox)	Run Cypress	2024-11-10T00:34:12.7009232Z [90m [39m    [0mscopes_test.spec.ts/Client Scopes test -- Accessibility tests for client scopes [0m               
Admin UI E2E (3, firefox)	Run Cypress	2024-11-10T00:34:12.7011266Z [90m [39m    [0m-- Check a11y violations on client scope details (failed) (attempt 3).png[0m                      
Admin UI E2E (3, firefox)	Run Cypress	2024-11-10T00:34:12.7014328Z [90m [39m -  [0m/home/runner/work/keycloak/keycloak/js/apps/admin-ui/cypress/screenshots/client_[0m     [90m[90m(1280x720)[90m[39m
Admin UI E2E (3, firefox)	Run Cypress	2024-11-10T00:34:12.7016961Z [90m [39m    [0mscopes_test.spec.ts/Client Scopes test -- Accessibility tests for client scopes [0m               
Admin UI E2E (3, firefox)	Run Cypress	2024-11-10T00:34:12.7019962Z [90m [39m    [0m-- Check a11y violations on client scope details (failed) (attempt 4).png[0m                      
Admin UI E2E (3, firefox)	Run Cypress	2024-11-10T00:34:12.7020906Z 
Admin UI E2E (3, firefox)	Run Cypress	2024-11-10T00:34:12.7378695Z 
Admin UI E2E (3, firefox)	Run Cypress	2024-11-10T00:34:12.7405665Z [90mâ”€[39m[90mâ”€[39m[90mâ”€[39m[90mâ”€[39m[90mâ”€[39m[90mâ”€[39m[90mâ”€[39m[90mâ”€[39m[90mâ”€[39m[90mâ”€[39m[90mâ”€[39m[90mâ”€[39m[90mâ”€[39m[90mâ”€[39m[90mâ”€[39m[90mâ”€[39m[90mâ”€[39m[90mâ”€[39m[90mâ”€[39m[90mâ”€[39m[90mâ”€[39m[90mâ”€[39m[90mâ”€[39m[90mâ”€[39m[90mâ”€[39m[90mâ”€[39m[90mâ”€[39m[90mâ”€[39m[90mâ”€[39m[90mâ”€[39m[90mâ”€[39m[90mâ”€[39m[90mâ”€[39m[90mâ”€[39m[90mâ”€[39m[90mâ”€[39m[90mâ”€[39m[90mâ”€[39m[90mâ”€[39m[90mâ”€[39m[90mâ”€[39m[90mâ”€[39m[90mâ”€[39m[90mâ”€[39m[90mâ”€[39m[90mâ”€[39m[90mâ”€[39m[90mâ”€[39m[90mâ”€[39m[90mâ”€[39m[90mâ”€[39m[90mâ”€[39m[90mâ”€[39m[90mâ”€[39m[90mâ”€[39m[90mâ”€[39m[90mâ”€[39m[90mâ”€[39m[90mâ”€[39m[90mâ”€[39m[90mâ”€[39m[90mâ”€[39m[90mâ”€[39m[90mâ”€[39m[90mâ”€[39m[90mâ”€[39m[90mâ”€[39m[90mâ”€[39m[90mâ”€[39m[90mâ”€[39m[90mâ”€[39m[90mâ”€[39m[90mâ”€[39m[90mâ”€[39m[90mâ”€[39m[90mâ”€[39m[90mâ”€[39m[90mâ”€[39m[90mâ”€[39m[90mâ”€[39m[90mâ”€[39m[90mâ”€[39m[90mâ”€[39m[90mâ”€[39m[90mâ”€[39m[90mâ”€[39m[90mâ”€[39m[90mâ”€[39m[90mâ”€[39m[90mâ”€[39m[90mâ”€[39m[90mâ”€[39m[90mâ”€[39m[90mâ”€[39m[90mâ”€[39m[90mâ”€[39m[90mâ”€[39m[90mâ”€[39m[90mâ”€[39m[90mâ”€[39m
Admin UI E2E (3, firefox)	Run Cypress	2024-11-10T00:34:12.7410183Z                                                                                                     
Admin UI E2E (3, firefox)	Run Cypress	2024-11-10T00:34:12.7411539Z   Running:  [90morganization.spec.ts[39m                                                            [90m(4 of 4)[39m
Admin UI E2E (3, firefox)	Run Cypress	2024-11-10T00:34:12.7412112Z 
Admin UI E2E (3, firefox)	Run Cypress	2024-11-10T00:34:12.7412826Z [35mYour project has set the configuration option: `chromeWebSecurity` to `false`.[39m
Admin UI E2E (3, firefox)	Run Cypress	2024-11-10T00:34:12.7413398Z [35m[39m
Admin UI E2E (3, firefox)	Run Cypress	2024-11-10T00:34:12.7414213Z [35mThis option will not have an effect in Firefox. Tests that rely on web security being disabled will not run as expected.[39m
Admin UI E2E (3, firefox)	Run Cypress	2024-11-10T00:34:16.4635789Z 
Admin UI E2E (3, firefox)	Run Cypress	2024-11-10T00:34:16.4687904Z [0m[0m
Admin UI E2E (3, firefox)	Run Cypress	2024-11-10T00:34:16.4808409Z [0m  Organization CRUD[0m
Admin UI E2E (3, firefox)	Run Cypress	2024-11-10T00:34:16.4813662Z   [36m  - should create new organization[0m
Admin UI E2E (3, firefox)	Run Cypress	2024-11-10T00:34:16.4818162Z   [36m  - should modify existing organization[0m
Admin UI E2E (3, firefox)	Run Cypress	2024-11-10T00:34:16.4819856Z   [36m  - should delete from list[0m
Admin UI E2E (3, firefox)	Run Cypress	2024-11-10T00:34:16.4833244Z   [36m  - should delete from details page[0m
Admin UI E2E (3, firefox)	Run Cypress	2024-11-10T00:34:16.4897439Z 
Admin UI E2E (3, firefox)	Run Cypress	2024-11-10T00:34:16.4898000Z [0m  Members[0m
Admin UI E2E (3, firefox)	Run Cypress	2024-11-10T00:34:16.4931526Z   [36m  - should add member[0m
Admin UI E2E (3, firefox)	Run Cypress	2024-11-10T00:34:16.5039076Z 
Admin UI E2E (3, firefox)	Run Cypress	2024-11-10T00:34:16.5053989Z [0m  Identity providers[0m
Admin UI E2E (3, firefox)	Run Cypress	2024-11-10T00:34:16.5056463Z   [36m  - should add idp[0m
Admin UI E2E (3, firefox)	Run Cypress	2024-11-10T00:34:16.5057872Z 
Admin UI E2E (3, firefox)	Run Cypress	2024-11-10T00:34:16.5187299Z 
Admin UI E2E (3, firefox)	Run Cypress	2024-11-10T00:34:16.5188210Z [92m [0m[32m 0 passing[0m[90m (56ms)[0m
Admin UI E2E (3, firefox)	Run Cypress	2024-11-10T00:34:16.5189005Z [36m [0m[36m 6 pending[0m
Admin UI E2E (3, firefox)	Run Cypress	2024-11-10T00:34:16.5189350Z 
Admin UI E2E (3, firefox)	Run Cypress	2024-11-10T00:34:16.5204071Z 
Admin UI E2E (3, firefox)	Run Cypress	2024-11-10T00:34:16.5205437Z [32m  ([4m[1mResults[22m[24m)[39m
Admin UI E2E (3, firefox)	Run Cypress	2024-11-10T00:34:16.5209556Z 
Admin UI E2E (3, firefox)	Run Cypress	2024-11-10T00:34:16.5221379Z [90m  â”Œ[39m[90mâ”€[39m[90mâ”€[39m[90mâ”€[39m[90mâ”€[39m[90mâ”€[39m[90mâ”€[39m[90mâ”€[39m[90mâ”€[39m[90mâ”€[39m[90mâ”€[39m[90mâ”€[39m[90mâ”€[39m[90mâ”€[39m[90mâ”€[39m[90mâ”€[39m[90mâ”€[39m[90mâ”€[39m[90mâ”€[39m[90mâ”€[39m[90mâ”€[39m[90mâ”€[39m[90mâ”€[39m[90mâ”€[39m[90mâ”€[39m[90mâ”€[39m[90mâ”€[39m[90mâ”€[39m[90mâ”€[39m[90mâ”€[39m[90mâ”€[39m[90mâ”€[39m[90mâ”€[39m[90mâ”€[39m[90mâ”€[39m[90mâ”€[39m[90mâ”€[39m[90mâ”€[39m[90mâ”€[39m[90mâ”€[39m[90mâ”€[39m[90mâ”€[39m[90mâ”€[39m[90mâ”€[39m[90mâ”€[39m[90mâ”€[39m[90mâ”€[39m[90mâ”€[39m[90mâ”€[39m[90mâ”€[39m[90mâ”€[39m[90mâ”€[39m[90mâ”€[39m[90mâ”€[39m[90mâ”€[39m[90mâ”€[39m[90mâ”€[39m[90mâ”€[39m[90mâ”€[39m[90mâ”€[39m[90mâ”€[39m[90mâ”€[39m[90mâ”€[39m[90mâ”€[39m[90mâ”€[39m[90mâ”€[39m[90mâ”€[39m[90mâ”€[39m[90mâ”€[39m[90mâ”€[39m[90mâ”€[39m[90mâ”€[39m[90mâ”€[39m[90mâ”€[39m[90mâ”€[39m[90mâ”€[39m[90mâ”€[39m[90mâ”€[39m[90mâ”€[39m[90mâ”€[39m[90mâ”€[39m[90mâ”€[39m[90mâ”€[39m[90mâ”€[39m[90mâ”€[39m[90mâ”€[39m[90mâ”€[39m[90mâ”€[39m[90mâ”€[39m[90mâ”€[39m[90mâ”€[39m[90mâ”€[39m[90mâ”€[39m[90mâ”€[39m[90mâ”€[39m[90mâ”€[39m[90mâ”€[39m[90mâ”[39m
Admin UI E2E (3, firefox)	Run Cypress	2024-11-10T00:34:16.5228622Z [90m  â”‚[39m [90mTests:[39m        [32m6[39m                                                                                [90mâ”‚[39m
Admin UI E2E (3, firefox)	Run Cypress	2024-11-10T00:34:16.5230312Z [90m  â”‚[39m [90mPassing:[39m      [32m0[39m                                                                                [90mâ”‚[39m
Admin UI E2E (3, firefox)	Run Cypress	2024-11-10T00:34:16.5232078Z [90m  â”‚[39m [90mFailing:[39m      [32m0[39m                                                                                [90mâ”‚[39m
Admin UI E2E (3, firefox)	Run Cypress	2024-11-10T00:34:16.5233787Z [90m  â”‚[39m [90mPending:[39m      [32m6[39m                                                                                [90mâ”‚[39m
Admin UI E2E (3, firefox)	Run Cypress	2024-11-10T00:34:16.5235530Z [90m  â”‚[39m [90mSkipped:[39m      [32m0[39m                                                                                [90mâ”‚[39m
Admin UI E2E (3, firefox)	Run Cypress	2024-11-10T00:34:16.5237144Z [90m  â”‚[39m [90mScreenshots:[39m  [32m0[39m                                                                                [90mâ”‚[39m
Admin UI E2E (3, firefox)	Run Cypress	2024-11-10T00:34:16.5239080Z [90m  â”‚[39m [90mVideo:[39m        [32mfalse[39m                                                                            [90mâ”‚[39m
Admin UI E2E (3, firefox)	Run Cypress	2024-11-10T00:34:16.5241405Z [90m  â”‚[39m [90mDuration:[39m     [32m0 seconds[39m                                                                        [90mâ”‚[39m
Admin UI E2E (3, firefox)	Run Cypress	2024-11-10T00:34:16.5242934Z [90m  â”‚[39m [90mSpec Ran:[39m     [32m[32morganization.spec.ts[32m[39m                                                             [90mâ”‚[39m
Admin UI E2E (3, firefox)	Run Cypress	2024-11-10T00:34:16.5248270Z [90m  â””[39m[90mâ”€[39m[90mâ”€[39m[90mâ”€[39m[90mâ”€[39m[90mâ”€[39m[90mâ”€[39m[90mâ”€[39m[90mâ”€[39m[90mâ”€[39m[90mâ”€[39m[90mâ”€[39m[90mâ”€[39m[90mâ”€[39m[90mâ”€[39m[90mâ”€[39m[90mâ”€[39m[90mâ”€[39m[90mâ”€[39m[90mâ”€[39m[90mâ”€[39m[90mâ”€[39m[90mâ”€[39m[90mâ”€[39m[90mâ”€[39m[90mâ”€[39m[90mâ”€[39m[90mâ”€[39m[90mâ”€[39m[90mâ”€[39m[90mâ”€[39m[90mâ”€[39m[90mâ”€[39m[90mâ”€[39m[90mâ”€[39m[90mâ”€[39m[90mâ”€[39m[90mâ”€[39m[90mâ”€[39m[90mâ”€[39m[90mâ”€[39m[90mâ”€[39m[90mâ”€[39m[90mâ”€[39m[90mâ”€[39m[90mâ”€[39m[90mâ”€[39m[90mâ”€[39m[90mâ”€[39m[90mâ”€[39m[90mâ”€[39m[90mâ”€[39m[90mâ”€[39m[90mâ”€[39m[90mâ”€[39m[90mâ”€[39m[90mâ”€[39m[90mâ”€[39m[90mâ”€[39m[90mâ”€[39m[90mâ”€[39m[90mâ”€[39m[90mâ”€[39m[90mâ”€[39m[90mâ”€[39m[90mâ”€[39m[90mâ”€[39m[90mâ”€[39m[90mâ”€[39m[90mâ”€[39m[90mâ”€[39m[90mâ”€[39m[90mâ”€[39m[90mâ”€[39m[90mâ”€[39m[90mâ”€[39m[90mâ”€[39m[90mâ”€[39m[90mâ”€[39m[90mâ”€[39m[90mâ”€[39m[90mâ”€[39m[90mâ”€[39m[90mâ”€[39m[90mâ”€[39m[90mâ”€[39m[90mâ”€[39m[90mâ”€[39m[90mâ”€[39m[90mâ”€[39m[90mâ”€[39m[90mâ”€[39m[90mâ”€[39m[90mâ”€[39m[90mâ”€[39m[90mâ”€[39m[90mâ”€[39m[90mâ”˜[39m
Admin UI E2E (3, firefox)	Run Cypress	2024-11-10T00:34:16.5251509Z 
Admin UI E2E (3, firefox)	Run Cypress	2024-11-10T00:34:16.5523132Z 
Admin UI E2E (3, firefox)	Run Cypress	2024-11-10T00:34:16.6051868Z [90m====================================================================================================[39m
Admin UI E2E (3, firefox)	Run Cypress	2024-11-10T00:34:16.6052326Z 
Admin UI E2E (3, firefox)	Run Cypress	2024-11-10T00:34:16.6052596Z [0m  ([4m[1mRun Finished[22m[24m)[0m
Admin UI E2E (3, firefox)	Run Cypress	2024-11-10T00:34:16.6068903Z 
Admin UI E2E (3, firefox)	Run Cypress	2024-11-10T00:34:16.6069058Z 
Admin UI E2E (3, firefox)	Run Cypress	2024-11-10T00:34:16.6088253Z [90m   [39m    [90mSpec[39m                                              [90mTests[39m  [90mPassing[39m  [90mFailing[39m  [90mPending[39m  [90mSkipped[39m [90m [39m
Admin UI E2E (3, firefox)	Run Cypress	2024-11-10T00:34:16.6097154Z [90m  â”Œ[39m[90mâ”€[39m[90mâ”€[39m[90mâ”€[39m[90mâ”€[39m[90mâ”€[39m[90mâ”€[39m[90mâ”€[39m[90mâ”€[39m[90mâ”€[39m[90mâ”€[39m[90mâ”€[39m[90mâ”€[39m[90mâ”€[39m[90mâ”€[39m[90mâ”€[39m[90mâ”€[39m[90mâ”€[39m[90mâ”€[39m[90mâ”€[39m[90mâ”€[39m[90mâ”€[39m[90mâ”€[39m[90mâ”€[39m[90mâ”€[39m[90mâ”€[39m[90mâ”€[39m[90mâ”€[39m[90mâ”€[39m[90mâ”€[39m[90mâ”€[39m[90mâ”€[39m[90mâ”€[39m[90mâ”€[39m[90mâ”€[39m[90mâ”€[39m[90mâ”€[39m[90mâ”€[39m[90mâ”€[39m[90mâ”€[39m[90mâ”€[39m[90mâ”€[39m[90mâ”€[39m[90mâ”€[39m[90mâ”€[39m[90mâ”€[39m[90mâ”€[39m[90mâ”€[39m[90mâ”€[39m[90mâ”€[39m[90mâ”€[39m[90mâ”€[39m[90mâ”€[39m[90mâ”€[39m[90mâ”€[39m[90mâ”€[39m[90mâ”€[39m[90mâ”€[39m[90mâ”€[39m[90mâ”€[39m[90mâ”€[39m[90mâ”€[39m[90mâ”€[39m[90mâ”€[39m[90mâ”€[39m[90mâ”€[39m[90mâ”€[39m[90mâ”€[39m[90mâ”€[39m[90mâ”€[39m[90mâ”€[39m[90mâ”€[39m[90mâ”€[39m[90mâ”€[39m[90mâ”€[39m[90mâ”€[39m[90mâ”€[39m[90mâ”€[39m[90mâ”€[39m[90mâ”€[39m[90mâ”€[39m[90mâ”€[39m[90mâ”€[39m[90mâ”€[39m[90mâ”€[39m[90mâ”€[39m[90mâ”€[39m[90mâ”€[39m[90mâ”€[39m[90mâ”€[39m[90mâ”€[39m[90mâ”€[39m[90mâ”€[39m[90mâ”€[39m[90mâ”€[39m[90mâ”€[39m[90mâ”€[39m[90mâ”[39m
Admin UI E2E (3, firefox)	Run Cypress	2024-11-10T00:34:16.6105111Z [90m  â”‚[39m [32mâœ”[39m  [0musers_enable_disable.spec.ts[0m             [90m00:16[39m        [0m3[0m        [32m3[39m        [90m-[39m        [90m-[39m        [90m-[39m [90mâ”‚[39m
Admin UI E2E (3, firefox)	Run Cypress	2024-11-10T00:34:16.6114175Z [90m  â”œ[39m[90mâ”€[39m[90mâ”€[39m[90mâ”€[39m[90mâ”€[39m[90mâ”€[39m[90mâ”€[39m[90mâ”€[39m[90mâ”€[39m[90mâ”€[39m[90mâ”€[39m[90mâ”€[39m[90mâ”€[39m[90mâ”€[39m[90mâ”€[39m[90mâ”€[39m[90mâ”€[39m[90mâ”€[39m[90mâ”€[39m[90mâ”€[39m[90mâ”€[39m[90mâ”€[39m[90mâ”€[39m[90mâ”€[39m[90mâ”€[39m[90mâ”€[39m[90mâ”€[39m[90mâ”€[39m[90mâ”€[39m[90mâ”€[39m[90mâ”€[39m[90mâ”€[39m[90mâ”€[39m[90mâ”€[39m[90mâ”€[39m[90mâ”€[39m[90mâ”€[39m[90mâ”€[39m[90mâ”€[39m[90mâ”€[39m[90mâ”€[39m[90mâ”€[39m[90mâ”€[39m[90mâ”€[39m[90mâ”€[39m[90mâ”€[39m[90mâ”€[39m[90mâ”€[39m[90mâ”€[39m[90mâ”€[39m[90mâ”€[39m[90mâ”€[39m[90mâ”€[39m[90mâ”€[39m[90mâ”€[39m[90mâ”€[39m[90mâ”€[39m[90mâ”€[39m[90mâ”€[39m[90mâ”€[39m[90mâ”€[39m[90mâ”€[39m[90mâ”€[39m[90mâ”€[39m[90mâ”€[39m[90mâ”€[39m[90mâ”€[39m[90mâ”€[39m[90mâ”€[39m[90mâ”€[39m[90mâ”€[39m[90mâ”€[39m[90mâ”€[39m[90mâ”€[39m[90mâ”€[39m[90mâ”€[39m[90mâ”€[39m[90mâ”€[39m[90mâ”€[39m[90mâ”€[39m[90mâ”€[39m[90mâ”€[39m[90mâ”€[39m[90mâ”€[39m[90mâ”€[39m[90mâ”€[39m[90mâ”€[39m[90mâ”€[39m[90mâ”€[39m[90mâ”€[39m[90mâ”€[39m[90mâ”€[39m[90mâ”€[39m[90mâ”€[39m[90mâ”€[39m[90mâ”€[39m[90mâ”€[39m[90mâ”¤[39m
Admin UI E2E (3, firefox)	Run Cypress	2024-11-10T00:34:16.6121640Z [90m  â”‚[39m [32mâœ”[39m  [0mrealm_settings_user_profile_enabled[0m      [90m01:09[39m       [0m14[0m       [32m14[39m        [90m-[39m        [90m-[39m        [90m-[39m [90mâ”‚[39m
Admin UI E2E (3, firefox)	Run Cypress	2024-11-10T00:34:16.6123728Z [90m  â”‚[39m    [0m.spec.ts[0m                                                                                    [90mâ”‚[39m
Admin UI E2E (3, firefox)	Run Cypress	2024-11-10T00:34:16.6132771Z [90m  â”œ[39m[90mâ”€[39m[90mâ”€[39m[90mâ”€[39m[90mâ”€[39m[90mâ”€[39m[90mâ”€[39m[90mâ”€[39m[90mâ”€[39m[90mâ”€[39m[90mâ”€[39m[90mâ”€[39m[90mâ”€[39m[90mâ”€[39m[90mâ”€[39m[90mâ”€[39m[90mâ”€[39m[90mâ”€[39m[90mâ”€[39m[90mâ”€[39m[90mâ”€[39m[90mâ”€[39m[90mâ”€[39m[90mâ”€[39m[90mâ”€[39m[90mâ”€[39m[90mâ”€[39m[90mâ”€[39m[90mâ”€[39m[90mâ”€[39m[90mâ”€[39m[90mâ”€[39m[90mâ”€[39m[90mâ”€[39m[90mâ”€[39m[90mâ”€[39m[90mâ”€[39m[90mâ”€[39m[90mâ”€[39m[90mâ”€[39m[90mâ”€[39m[90mâ”€[39m[90mâ”€[39m[90mâ”€[39m[90mâ”€[39m[90mâ”€[39m[90mâ”€[39m[90mâ”€[39m[90mâ”€[39m[90mâ”€[39m[90mâ”€[39m[90mâ”€[39m[90mâ”€[39m[90mâ”€[39m[90mâ”€[39m[90mâ”€[39m[90mâ”€[39m[90mâ”€[39m[90mâ”€[39m[90mâ”€[39m[90mâ”€[39m[90mâ”€[39m[90mâ”€[39m[90mâ”€[39m[90mâ”€[39m[90mâ”€[39m[90mâ”€[39m[90mâ”€[39m[90mâ”€[39m[90mâ”€[39m[90mâ”€[39m[90mâ”€[39m[90mâ”€[39m[90mâ”€[39m[90mâ”€[39m[90mâ”€[39m[90mâ”€[39m[90mâ”€[39m[90mâ”€[39m[90mâ”€[39m[90mâ”€[39m[90mâ”€[39m[90mâ”€[39m[90mâ”€[39m[90mâ”€[39m[90mâ”€[39m[90mâ”€[39m[90mâ”€[39m[90mâ”€[39m[90mâ”€[39m[90mâ”€[39m[90mâ”€[39m[90mâ”€[39m[90mâ”€[39m[90mâ”€[39m[90mâ”€[39m[90mâ”€[39m[90mâ”¤[39m
Admin UI E2E (3, firefox)	Run Cypress	2024-11-10T00:34:16.6140391Z [90m  â”‚[39m [31mâœ–[39m  [0mclient_scopes_test.spec.ts[0m               [90m02:43[39m       [0m25[0m       [32m24[39m        [31m1[39m        [90m-[39m        [90m-[39m [90mâ”‚[39m
Admin UI E2E (3, firefox)	Run Cypress	2024-11-10T00:34:16.6149722Z [90m  â”œ[39m[90mâ”€[39m[90mâ”€[39m[90mâ”€[39m[90mâ”€[39m[90mâ”€[39m[90mâ”€[39m[90mâ”€[39m[90mâ”€[39m[90mâ”€[39m[90mâ”€[39m[90mâ”€[39m[90mâ”€[39m[90mâ”€[39m[90mâ”€[39m[90mâ”€[39m[90mâ”€[39m[90mâ”€[39m[90mâ”€[39m[90mâ”€[39m[90mâ”€[39m[90mâ”€[39m[90mâ”€[39m[90mâ”€[39m[90mâ”€[39m[90mâ”€[39m[90mâ”€[39m[90mâ”€[39m[90mâ”€[39m[90mâ”€[39m[90mâ”€[39m[90mâ”€[39m[90mâ”€[39m[90mâ”€[39m[90mâ”€[39m[90mâ”€[39m[90mâ”€[39m[90mâ”€[39m[90mâ”€[39m[90mâ”€[39m[90mâ”€[39m[90mâ”€[39m[90mâ”€[39m[90mâ”€[39m[90mâ”€[39m[90mâ”€[39m[90mâ”€[39m[90mâ”€[39m[90mâ”€[39m[90mâ”€[39m[90mâ”€[39m[90mâ”€[39m[90mâ”€[39m[90mâ”€[39m[90mâ”€[39m[90mâ”€[39m[90mâ”€[39m[90mâ”€[39m[90mâ”€[39m[90mâ”€[39m[90mâ”€[39m[90mâ”€[39m[90mâ”€[39m[90mâ”€[39m[90mâ”€[39m[90mâ”€[39m[90mâ”€[39m[90mâ”€[39m[90mâ”€[39m[90mâ”€[39m[90mâ”€[39m[90mâ”€[39m[90mâ”€[39m[90mâ”€[39m[90mâ”€[39m[90mâ”€[39m[90mâ”€[39m[90mâ”€[39m[90mâ”€[39m[90mâ”€[39m[90mâ”€[39m[90mâ”€[39m[90mâ”€[39m[90mâ”€[39m[90mâ”€[39m[90mâ”€[39m[90mâ”€[39m[90mâ”€[39m[90mâ”€[39m[90mâ”€[39m[90mâ”€[39m[90mâ”€[39m[90mâ”€[39m[90mâ”€[39m[90mâ”€[39m[90mâ”€[39m[90mâ”€[39m[90mâ”¤[39m
Admin UI E2E (3, firefox)	Run Cypress	2024-11-10T00:34:16.6157309Z [90m  â”‚[39m [32mâœ”[39m  [0morganization.spec.ts[0m                      [90m51ms[39m        [0m6[0m        [90m-[39m        [90m-[39m        [36m6[39m        [90m-[39m [90mâ”‚[39m
Admin UI E2E (3, firefox)	Run Cypress	2024-11-10T00:34:16.6166720Z [90m  â””[39m[90mâ”€[39m[90mâ”€[39m[90mâ”€[39m[90mâ”€[39m[90mâ”€[39m[90mâ”€[39m[90mâ”€[39m[90mâ”€[39m[90mâ”€[39m[90mâ”€[39m[90mâ”€[39m[90mâ”€[39m[90mâ”€[39m[90mâ”€[39m[90mâ”€[39m[90mâ”€[39m[90mâ”€[39m[90mâ”€[39m[90mâ”€[39m[90mâ”€[39m[90mâ”€[39m[90mâ”€[39m[90mâ”€[39m[90mâ”€[39m[90mâ”€[39m[90mâ”€[39m[90mâ”€[39m[90mâ”€[39m[90mâ”€[39m[90mâ”€[39m[90mâ”€[39m[90mâ”€[39m[90mâ”€[39m[90mâ”€[39m[90mâ”€[39m[90mâ”€[39m[90mâ”€[39m[90mâ”€[39m[90mâ”€[39m[90mâ”€[39m[90mâ”€[39m[90mâ”€[39m[90mâ”€[39m[90mâ”€[39m[90mâ”€[39m[90mâ”€[39m[90mâ”€[39m[90mâ”€[39m[90mâ”€[39m[90mâ”€[39m[90mâ”€[39m[90mâ”€[39m[90mâ”€[39m[90mâ”€[39m[90mâ”€[39m[90mâ”€[39m[90mâ”€[39m[90mâ”€[39m[90mâ”€[39m[90mâ”€[39m[90mâ”€[39m[90mâ”€[39m[90mâ”€[39m[90mâ”€[39m[90mâ”€[39m[90mâ”€[39m[90mâ”€[39m[90mâ”€[39m[90mâ”€[39m[90mâ”€[39m[90mâ”€[39m[90mâ”€[39m[90mâ”€[39m[90mâ”€[39m[90mâ”€[39m[90mâ”€[39m[90mâ”€[39m[90mâ”€[39m[90mâ”€[39m[90mâ”€[39m[90mâ”€[39m[90mâ”€[39m[90mâ”€[39m[90mâ”€[39m[90mâ”€[39m[90mâ”€[39m[90mâ”€[39m[90mâ”€[39m[90mâ”€[39m[90mâ”€[39m[90mâ”€[39m[90mâ”€[39m[90mâ”€[39m[90mâ”€[39m[90mâ”€[39m[90mâ”€[39m[90mâ”˜[39m
Admin UI E2E (3, firefox)	Run Cypress	2024-11-10T00:34:16.6173734Z [90m   [39m [31mâœ–[39m  [31m1 of 4 failed (25%)[39m                      [90m04:10[39m       [0m48[0m       [32m41[39m        [31m1[39m        [36m6[39m        [90m-[39m [90m [39m
Admin UI E2E (3, firefox)	Run Cypress	2024-11-10T00:34:16.6174720Z 
Admin UI E2E (3, firefox)	Run Cypress	2024-11-10T00:34:16.7356132Z ##[error]Cypress tests: 1 failed
Admin UI E2E (4, firefox)	Run Cypress	2024-11-10T00:28:47.0441928Z ##[group]Run cypress-io/github-action@v6
Admin UI E2E (4, firefox)	Run Cypress	2024-11-10T00:28:47.0442542Z with:
Admin UI E2E (4, firefox)	Run Cypress	2024-11-10T00:28:47.0442896Z   install: false
Admin UI E2E (4, firefox)	Run Cypress	2024-11-10T00:28:47.0443298Z   browser: firefox
Admin UI E2E (4, firefox)	Run Cypress	2024-11-10T00:28:47.0443748Z   wait-on: http://localhost:8080
Admin UI E2E (4, firefox)	Run Cypress	2024-11-10T00:28:47.0444332Z   working-directory: js/apps/admin-ui
Admin UI E2E (4, firefox)	Run Cypress	2024-11-10T00:28:47.0444875Z   record: false
Admin UI E2E (4, firefox)	Run Cypress	2024-11-10T00:28:47.0445301Z   publish-summary: true
Admin UI E2E (4, firefox)	Run Cypress	2024-11-10T00:28:47.0445796Z   component: false
Admin UI E2E (4, firefox)	Run Cypress	2024-11-10T00:28:47.0446185Z env:
Admin UI E2E (4, firefox)	Run Cypress	2024-11-10T00:28:47.0446761Z   MAVEN_ARGS: -B -nsu -Daether.connector.http.connectionMaxTtl=25
Admin UI E2E (4, firefox)	Run Cypress	2024-11-10T00:28:47.0447551Z   WORKSPACE: keycloak-admin-ui
Admin UI E2E (4, firefox)	Run Cypress	2024-11-10T00:28:47.0448301Z   JAVA_HOME: /opt/hostedtoolcache/Java_Temurin-Hotspot_jdk/21.0.5-11/x64
Admin UI E2E (4, firefox)	Run Cypress	2024-11-10T00:28:47.0449366Z   JAVA_HOME_21_X64: /opt/hostedtoolcache/Java_Temurin-Hotspot_jdk/21.0.5-11/x64
Admin UI E2E (4, firefox)	Run Cypress	2024-11-10T00:28:47.0450212Z   SPLIT: 10
Admin UI E2E (4, firefox)	Run Cypress	2024-11-10T00:28:47.0450578Z   SPLIT_INDEX: 7
Admin UI E2E (4, firefox)	Run Cypress	2024-11-10T00:28:47.0450979Z   SPLIT_RANDOM_SEED: 76
Admin UI E2E (4, firefox)	Run Cypress	2024-11-10T00:28:47.0451404Z ##[endgroup]
Admin UI E2E (4, firefox)	Run Cypress	2024-11-10T00:28:47.2132616Z Skipping install because install parameter is false
Admin UI E2E (4, firefox)	Run Cypress	2024-11-10T00:28:47.2142240Z waiting on "http://localhost:8080" with timeout of 60 seconds
Admin UI E2E (4, firefox)	Run Cypress	2024-11-10T00:29:09.3237072Z It looks like this is your first time using Cypress: 13.15.2
Admin UI E2E (4, firefox)	Run Cypress	2024-11-10T00:29:09.3241347Z 
Admin UI E2E (4, firefox)	Run Cypress	2024-11-10T00:29:09.3259766Z [STARTED] Task without title.
Admin UI E2E (4, firefox)	Run Cypress	2024-11-10T00:29:14.6964009Z [SUCCESS] Task without title.
Admin UI E2E (4, firefox)	Run Cypress	2024-11-10T00:29:14.6966749Z 
Admin UI E2E (4, firefox)	Run Cypress	2024-11-10T00:29:14.6967446Z Opening Cypress...
Admin UI E2E (4, firefox)	Run Cypress	2024-11-10T00:29:15.3353489Z 
Admin UI E2E (4, firefox)	Run Cypress	2024-11-10T00:29:15.3355339Z DevTools listening on ws://127.0.0.1:35415/devtools/browser/c81f10a6-3371-4e2d-b369-763fc8fa6078
Admin UI E2E (4, firefox)	Run Cypress	2024-11-10T00:29:15.9121141Z (node:2661) ExperimentalWarning: `--experimental-loader` may be removed in the future; instead use `register()`:
Admin UI E2E (4, firefox)	Run Cypress	2024-11-10T00:29:15.9125037Z --import 'data:text/javascript,import { register } from "node:module"; import { pathToFileURL } from "node:url"; register("file%3A///home/runner/.cache/Cypress/13.15.2/Cypress/resources/app/node_modules/ts-node/esm/transpile-only.mjs", pathToFileURL("./"));'
Admin UI E2E (4, firefox)	Run Cypress	2024-11-10T00:29:15.9127933Z (Use `node --trace-warnings ...` to show where the warning was created)
Admin UI E2E (4, firefox)	Run Cypress	2024-11-10T00:29:23.9355229Z cypress-split: there are 37 found specs
Admin UI E2E (4, firefox)	Run Cypress	2024-11-10T00:29:23.9356443Z the first 5 specs
Admin UI E2E (4, firefox)	Run Cypress	2024-11-10T00:29:23.9357972Z - 1: /home/runner/work/keycloak/keycloak/js/apps/admin-ui/cypress/e2e/i18n_test.spec.ts
Admin UI E2E (4, firefox)	Run Cypress	2024-11-10T00:29:23.9360133Z - 2: /home/runner/work/keycloak/keycloak/js/apps/admin-ui/cypress/e2e/realm_settings_client_profiles_test.spec.ts
Admin UI E2E (4, firefox)	Run Cypress	2024-11-10T00:29:23.9361783Z - 3: /home/runner/work/keycloak/keycloak/js/apps/admin-ui/cypress/e2e/partial_import_test.spec.ts
Admin UI E2E (4, firefox)	Run Cypress	2024-11-10T00:29:23.9363514Z - 4: /home/runner/work/keycloak/keycloak/js/apps/admin-ui/cypress/e2e/realm_settings_general_tab_test.spec.ts
Admin UI E2E (4, firefox)	Run Cypress	2024-11-10T00:29:23.9365028Z - 5: /home/runner/work/keycloak/keycloak/js/apps/admin-ui/cypress/e2e/realm_test.spec.ts
Admin UI E2E (4, firefox)	Run Cypress	2024-11-10T00:29:23.9365894Z cypress-split: chunk 8 of 10
Admin UI E2E (4, firefox)	Run Cypress	2024-11-10T00:29:23.9371446Z k  spec                                                   
Admin UI E2E (4, firefox)	Run Cypress	2024-11-10T00:29:23.9372241Z -  -------------------------------------------------------
Admin UI E2E (4, firefox)	Run Cypress	2024-11-10T00:29:23.9372793Z 1  cypress/e2e/authentication_policies_ciba.spec.ts       
Admin UI E2E (4, firefox)	Run Cypress	2024-11-10T00:29:23.9373640Z 2  cypress/e2e/user_fed_ldap_hardcoded_mapper_test.spec.ts
Admin UI E2E (4, firefox)	Run Cypress	2024-11-10T00:29:23.9374420Z 3  cypress/e2e/realm_roles_test.spec.ts                   
Admin UI E2E (4, firefox)	Run Cypress	2024-11-10T00:29:23.9374849Z 
Admin UI E2E (4, firefox)	Run Cypress	2024-11-10T00:29:24.5670453Z 
Admin UI E2E (4, firefox)	Run Cypress	2024-11-10T00:29:24.5992540Z [90m====================================================================================================[39m
Admin UI E2E (4, firefox)	Run Cypress	2024-11-10T00:29:24.5993080Z 
Admin UI E2E (4, firefox)	Run Cypress	2024-11-10T00:29:24.5994812Z [0m  ([4m[1mRun Starting[22m[24m)[0m
Admin UI E2E (4, firefox)	Run Cypress	2024-11-10T00:29:24.5995234Z 
Admin UI E2E (4, firefox)	Run Cypress	2024-11-10T00:29:24.6063580Z [90m  â”Œ[39m[90mâ”€[39m[90mâ”€[39m[90mâ”€[39m[90mâ”€[39m[90mâ”€[39m[90mâ”€[39m[90mâ”€[39m[90mâ”€[39m[90mâ”€[39m[90mâ”€[39m[90mâ”€[39m[90mâ”€[39m[90mâ”€[39m[90mâ”€[39m[90mâ”€[39m[90mâ”€[39m[90mâ”€[39m[90mâ”€[39m[90mâ”€[39m[90mâ”€[39m[90mâ”€[39m[90mâ”€[39m[90mâ”€[39m[90mâ”€[39m[90mâ”€[39m[90mâ”€[39m[90mâ”€[39m[90mâ”€[39m[90mâ”€[39m[90mâ”€[39m[90mâ”€[39m[90mâ”€[39m[90mâ”€[39m[90mâ”€[39m[90mâ”€[39m[90mâ”€[39m[90mâ”€[39m[90mâ”€[39m[90mâ”€[39m[90mâ”€[39m[90mâ”€[39m[90mâ”€[39m[90mâ”€[39m[90mâ”€[39m[90mâ”€[39m[90mâ”€[39m[90mâ”€[39m[90mâ”€[39m[90mâ”€[39m[90mâ”€[39m[90mâ”€[39m[90mâ”€[39m[90mâ”€[39m[90mâ”€[39m[90mâ”€[39m[90mâ”€[39m[90mâ”€[39m[90mâ”€[39m[90mâ”€[39m[90mâ”€[39m[90mâ”€[39m[90mâ”€[39m[90mâ”€[39m[90mâ”€[39m[90mâ”€[39m[90mâ”€[39m[90mâ”€[39m[90mâ”€[39m[90mâ”€[39m[90mâ”€[39m[90mâ”€[39m[90mâ”€[39m[90mâ”€[39m[90mâ”€[39m[90mâ”€[39m[90mâ”€[39m[90mâ”€[39m[90mâ”€[39m[90mâ”€[39m[90mâ”€[39m[90mâ”€[39m[90mâ”€[39m[90mâ”€[39m[90mâ”€[39m[90mâ”€[39m[90mâ”€[39m[90mâ”€[39m[90mâ”€[39m[90mâ”€[39m[90mâ”€[39m[90mâ”€[39m[90mâ”€[39m[90mâ”€[39m[90mâ”€[39m[90mâ”€[39m[90mâ”€[39m[90mâ”[39m
Admin UI E2E (4, firefox)	Run Cypress	2024-11-10T00:29:24.6068434Z [90m  â”‚[39m [90mCypress:[39m        13.15.2                                                                        [90mâ”‚[39m
Admin UI E2E (4, firefox)	Run Cypress	2024-11-10T00:29:24.6069555Z [90m  â”‚[39m [90mBrowser:[39m        Firefox 132 [90m(headless)[39m                                                         [90mâ”‚[39m
Admin UI E2E (4, firefox)	Run Cypress	2024-11-10T00:29:24.6070891Z [90m  â”‚[39m [90mNode Version:[39m   [0mv20.13.1 [90m(/home/runner/runners/2.320.0/externals/node20/bin/node)[39m[0m              [90mâ”‚[39m
Admin UI E2E (4, firefox)	Run Cypress	2024-11-10T00:29:24.6072223Z [90m  â”‚[39m [90mSpecs:[39m          [0m3 found (authentication_policies_ciba.spec.ts, user_fed_ldap_hardcoded_mapper_[0m [90mâ”‚[39m
Admin UI E2E (4, firefox)	Run Cypress	2024-11-10T00:29:24.6073855Z [90m  â”‚[39m                 [0mtest.spec.ts, realm_roles_test.spec.ts)[0m                                        [90mâ”‚[39m
Admin UI E2E (4, firefox)	Run Cypress	2024-11-10T00:29:24.6075399Z [90m  â”‚[39m [90mSearched:[39m       [0mcypress/e2e/authentication_policies_ciba.spec.ts, cypress/e2e/user_fed_ldap_ha[0m [90mâ”‚[39m
Admin UI E2E (4, firefox)	Run Cypress	2024-11-10T00:29:24.6076939Z [90m  â”‚[39m                 [0mrdcoded_mapper_test.spec.ts, cypress/e2e/realm_roles_test.spec.ts[0m              [90mâ”‚[39m
Admin UI E2E (4, firefox)	Run Cypress	2024-11-10T00:29:24.6078108Z [90m  â”‚[39m [90mExperiments:[39m    experimentalMemoryManagement=true                                              [90mâ”‚[39m
Admin UI E2E (4, firefox)	Run Cypress	2024-11-10T00:29:24.6084157Z [90m  â””[39m[90mâ”€[39m[90mâ”€[39m[90mâ”€[39m[90mâ”€[39m[90mâ”€[39m[90mâ”€[39m[90mâ”€[39m[90mâ”€[39m[90mâ”€[39m[90mâ”€[39m[90mâ”€[39m[90mâ”€[39m[90mâ”€[39m[90mâ”€[39m[90mâ”€[39m[90mâ”€[39m[90mâ”€[39m[90mâ”€[39m[90mâ”€[39m[90mâ”€[39m[90mâ”€[39m[90mâ”€[39m[90mâ”€[39m[90mâ”€[39m[90mâ”€[39m[90mâ”€[39m[90mâ”€[39m[90mâ”€[39m[90mâ”€[39m[90mâ”€[39m[90mâ”€[39m[90mâ”€[39m[90mâ”€[39m[90mâ”€[39m[90mâ”€[39m[90mâ”€[39m[90mâ”€[39m[90mâ”€[39m[90mâ”€[39m[90mâ”€[39m[90mâ”€[39m[90mâ”€[39m[90mâ”€[39m[90mâ”€[39m[90mâ”€[39m[90mâ”€[39m[90mâ”€[39m[90mâ”€[39m[90mâ”€[39m[90mâ”€[39m[90mâ”€[39m[90mâ”€[39m[90mâ”€[39m[90mâ”€[39m[90mâ”€[39m[90mâ”€[39m[90mâ”€[39m[90mâ”€[39m[90mâ”€[39m[90mâ”€[39m[90mâ”€[39m[90mâ”€[39m[90mâ”€[39m[90mâ”€[39m[90mâ”€[39m[90mâ”€[39m[90mâ”€[39m[90mâ”€[39m[90mâ”€[39m[90mâ”€[39m[90mâ”€[39m[90mâ”€[39m[90mâ”€[39m[90mâ”€[39m[90mâ”€[39m[90mâ”€[39m[90mâ”€[39m[90mâ”€[39m[90mâ”€[39m[90mâ”€[39m[90mâ”€[39m[90mâ”€[39m[90mâ”€[39m[90mâ”€[39m[90mâ”€[39m[90mâ”€[39m[90mâ”€[39m[90mâ”€[39m[90mâ”€[39m[90mâ”€[39m[90mâ”€[39m[90mâ”€[39m[90mâ”€[39m[90mâ”€[39m[90mâ”€[39m[90mâ”€[39m[90mâ”˜[39m
Admin UI E2E (4, firefox)	Run Cypress	2024-11-10T00:29:24.6088063Z 
Admin UI E2E (4, firefox)	Run Cypress	2024-11-10T00:29:24.6088138Z 
Admin UI E2E (4, firefox)	Run Cypress	2024-11-10T00:29:24.6093067Z [90mâ”€[39m[90mâ”€[39m[90mâ”€[39m[90mâ”€[39m[90mâ”€[39m[90mâ”€[39m[90mâ”€[39m[90mâ”€[39m[90mâ”€[39m[90mâ”€[39m[90mâ”€[39m[90mâ”€[39m[90mâ”€[39m[90mâ”€[39m[90mâ”€[39m[90mâ”€[39m[90mâ”€[39m[90mâ”€[39m[90mâ”€[39m[90mâ”€[39m[90mâ”€[39m[90mâ”€[39m[90mâ”€[39m[90mâ”€[39m[90mâ”€[39m[90mâ”€[39m[90mâ”€[39m[90mâ”€[39m[90mâ”€[39m[90mâ”€[39m[90mâ”€[39m[90mâ”€[39m[90mâ”€[39m[90mâ”€[39m[90mâ”€[39m[90mâ”€[39m[90mâ”€[39m[90mâ”€[39m[90mâ”€[39m[90mâ”€[39m[90mâ”€[39m[90mâ”€[39m[90mâ”€[39m[90mâ”€[39m[90mâ”€[39m[90mâ”€[39m[90mâ”€[39m[90mâ”€[39m[90mâ”€[39m[90mâ”€[39m[90mâ”€[39m[90mâ”€[39m[90mâ”€[39m[90mâ”€[39m[90mâ”€[39m[90mâ”€[39m[90mâ”€[39m[90mâ”€[39m[90mâ”€[39m[90mâ”€[39m[90mâ”€[39m[90mâ”€[39m[90mâ”€[39m[90mâ”€[39m[90mâ”€[39m[90mâ”€[39m[90mâ”€[39m[90mâ”€[39m[90mâ”€[39m[90mâ”€[39m[90mâ”€[39m[90mâ”€[39m[90mâ”€[39m[90mâ”€[39m[90mâ”€[39m[90mâ”€[39m[90mâ”€[39m[90mâ”€[39m[90mâ”€[39m[90mâ”€[39m[90mâ”€[39m[90mâ”€[39m[90mâ”€[39m[90mâ”€[39m[90mâ”€[39m[90mâ”€[39m[90mâ”€[39m[90mâ”€[39m[90mâ”€[39m[90mâ”€[39m[90mâ”€[39m[90mâ”€[39m[90mâ”€[39m[90mâ”€[39m[90mâ”€[39m[90mâ”€[39m[90mâ”€[39m[90mâ”€[39m[90mâ”€[39m[90mâ”€[39m
Admin UI E2E (4, firefox)	Run Cypress	2024-11-10T00:29:24.6096673Z                                                                                                     
Admin UI E2E (4, firefox)	Run Cypress	2024-11-10T00:29:24.6097844Z   Running:  [90mauthentication_policies_ciba.spec.ts[39m                                            [90m(1 of 3)[39m
Admin UI E2E (4, firefox)	Run Cypress	2024-11-10T00:29:24.6098452Z 
Admin UI E2E (4, firefox)	Run Cypress	2024-11-10T00:29:24.6099146Z [35mYour project has set the configuration option: `chromeWebSecurity` to `false`.[39m
Admin UI E2E (4, firefox)	Run Cypress	2024-11-10T00:29:24.6099720Z [35m[39m
Admin UI E2E (4, firefox)	Run Cypress	2024-11-10T00:29:32.6966673Z [35mThis option will not have an effect in Firefox. Tests that rely on web security being disabled will not run as expected.[39m
Admin UI E2E (4, firefox)	Run Cypress	2024-11-10T00:29:32.6967850Z 
Admin UI E2E (4, firefox)	Run Cypress	2024-11-10T00:29:32.7002141Z [0m[0m
Admin UI E2E (4, firefox)	Run Cypress	2024-11-10T00:29:32.7050979Z [0m  Authentication - Policies - CIBA[0m
Admin UI E2E (4, firefox)	Run Cypress	2024-11-10T00:29:38.7902916Z   [32m  âœ“[0m[90m displays the initial state[0m[90m (6074ms)[0m
Admin UI E2E (4, firefox)	Run Cypress	2024-11-10T00:29:41.6693498Z   [32m  âœ“[0m[90m validates the fields[0m[90m (2844ms)[0m
Admin UI E2E (4, firefox)	Run Cypress	2024-11-10T00:29:45.4691703Z   [32m  âœ“[0m[90m saves the form[0m[90m (2809ms)[0m
Admin UI E2E (4, firefox)	Run Cypress	2024-11-10T00:29:45.4741888Z 
Admin UI E2E (4, firefox)	Run Cypress	2024-11-10T00:29:45.5043085Z 
Admin UI E2E (4, firefox)	Run Cypress	2024-11-10T00:29:45.5044807Z [92m [0m[32m 3 passing[0m[90m (13s)[0m
Admin UI E2E (4, firefox)	Run Cypress	2024-11-10T00:29:45.5045397Z 
Admin UI E2E (4, firefox)	Run Cypress	2024-11-10T00:29:49.5100012Z [35mWarning: We failed capturing this video.[39m
Admin UI E2E (4, firefox)	Run Cypress	2024-11-10T00:29:49.5100658Z [35m[39m
Admin UI E2E (4, firefox)	Run Cypress	2024-11-10T00:29:49.5103981Z [35mThis error will not affect or change the exit code.[39m
Admin UI E2E (4, firefox)	Run Cypress	2024-11-10T00:29:49.5104679Z [35m[39m
Admin UI E2E (4, firefox)	Run Cypress	2024-11-10T00:29:49.5105860Z [35mError: Insufficient frames captured to create video.[39m
Admin UI E2E (4, firefox)	Run Cypress	2024-11-10T00:29:49.5106842Z [35m    at ChildProcess.<anonymous> (<embedded>:778:16306)[39m
Admin UI E2E (4, firefox)	Run Cypress	2024-11-10T00:29:49.5107775Z [35m    at ChildProcess.emit (node:events:514:28)[39m
Admin UI E2E (4, firefox)	Run Cypress	2024-11-10T00:29:49.5108754Z [35m    at Process.onexit (node:internal/child_process:291:12)[39m
Admin UI E2E (4, firefox)	Run Cypress	2024-11-10T00:29:49.5122202Z 
Admin UI E2E (4, firefox)	Run Cypress	2024-11-10T00:29:49.5122832Z [32m  ([4m[1mResults[22m[24m)[39m
Admin UI E2E (4, firefox)	Run Cypress	2024-11-10T00:29:49.5140269Z 
Admin UI E2E (4, firefox)	Run Cypress	2024-11-10T00:29:49.5155769Z [90m  â”Œ[39m[90mâ”€[39m[90mâ”€[39m[90mâ”€[39m[90mâ”€[39m[90mâ”€[39m[90mâ”€[39m[90mâ”€[39m[90mâ”€[39m[90mâ”€[39m[90mâ”€[39m[90mâ”€[39m[90mâ”€[39m[90mâ”€[39m[90mâ”€[39m[90mâ”€[39m[90mâ”€[39m[90mâ”€[39m[90mâ”€[39m[90mâ”€[39m[90mâ”€[39m[90mâ”€[39m[90mâ”€[39m[90mâ”€[39m[90mâ”€[39m[90mâ”€[39m[90mâ”€[39m[90mâ”€[39m[90mâ”€[39m[90mâ”€[39m[90mâ”€[39m[90mâ”€[39m[90mâ”€[39m[90mâ”€[39m[90mâ”€[39m[90mâ”€[39m[90mâ”€[39m[90mâ”€[39m[90mâ”€[39m[90mâ”€[39m[90mâ”€[39m[90mâ”€[39m[90mâ”€[39m[90mâ”€[39m[90mâ”€[39m[90mâ”€[39m[90mâ”€[39m[90mâ”€[39m[90mâ”€[39m[90mâ”€[39m[90mâ”€[39m[90mâ”€[39m[90mâ”€[39m[90mâ”€[39m[90mâ”€[39m[90mâ”€[39m[90mâ”€[39m[90mâ”€[39m[90mâ”€[39m[90mâ”€[39m[90mâ”€[39m[90mâ”€[39m[90mâ”€[39m[90mâ”€[39m[90mâ”€[39m[90mâ”€[39m[90mâ”€[39m[90mâ”€[39m[90mâ”€[39m[90mâ”€[39m[90mâ”€[39m[90mâ”€[39m[90mâ”€[39m[90mâ”€[39m[90mâ”€[39m[90mâ”€[39m[90mâ”€[39m[90mâ”€[39m[90mâ”€[39m[90mâ”€[39m[90mâ”€[39m[90mâ”€[39m[90mâ”€[39m[90mâ”€[39m[90mâ”€[39m[90mâ”€[39m[90mâ”€[39m[90mâ”€[39m[90mâ”€[39m[90mâ”€[39m[90mâ”€[39m[90mâ”€[39m[90mâ”€[39m[90mâ”€[39m[90mâ”€[39m[90mâ”€[39m[90mâ”€[39m[90mâ”[39m
Admin UI E2E (4, firefox)	Run Cypress	2024-11-10T00:29:49.5163039Z [90m  â”‚[39m [90mTests:[39m        [32m3[39m                                                                                [90mâ”‚[39m
Admin UI E2E (4, firefox)	Run Cypress	2024-11-10T00:29:49.5164976Z [90m  â”‚[39m [90mPassing:[39m      [32m3[39m                                                                                [90mâ”‚[39m
Admin UI E2E (4, firefox)	Run Cypress	2024-11-10T00:29:49.5166932Z [90m  â”‚[39m [90mFailing:[39m      [32m0[39m                                                                                [90mâ”‚[39m
Admin UI E2E (4, firefox)	Run Cypress	2024-11-10T00:29:49.5168922Z [90m  â”‚[39m [90mPending:[39m      [32m0[39m                                                                                [90mâ”‚[39m
Admin UI E2E (4, firefox)	Run Cypress	2024-11-10T00:29:49.5171314Z [90m  â”‚[39m [90mSkipped:[39m      [32m0[39m                                                                                [90mâ”‚[39m
Admin UI E2E (4, firefox)	Run Cypress	2024-11-10T00:29:49.5173327Z [90m  â”‚[39m [90mScreenshots:[39m  [32m0[39m                                                                                [90mâ”‚[39m
Admin UI E2E (4, firefox)	Run Cypress	2024-11-10T00:29:49.5175520Z [90m  â”‚[39m [90mVideo:[39m        [32mfalse[39m                                                                            [90mâ”‚[39m
Admin UI E2E (4, firefox)	Run Cypress	2024-11-10T00:29:49.5177609Z [90m  â”‚[39m [90mDuration:[39m     [32m12 seconds[39m                                                                       [90mâ”‚[39m
Admin UI E2E (4, firefox)	Run Cypress	2024-11-10T00:29:49.5179934Z [90m  â”‚[39m [90mSpec Ran:[39m     [32m[32mauthentication_policies_ciba.spec.ts[32m[39m                                             [90mâ”‚[39m
Admin UI E2E (4, firefox)	Run Cypress	2024-11-10T00:29:49.5187979Z [90m  â””[39m[90mâ”€[39m[90mâ”€[39m[90mâ”€[39m[90mâ”€[39m[90mâ”€[39m[90mâ”€[39m[90mâ”€[39m[90mâ”€[39m[90mâ”€[39m[90mâ”€[39m[90mâ”€[39m[90mâ”€[39m[90mâ”€[39m[90mâ”€[39m[90mâ”€[39m[90mâ”€[39m[90mâ”€[39m[90mâ”€[39m[90mâ”€[39m[90mâ”€[39m[90mâ”€[39m[90mâ”€[39m[90mâ”€[39m[90mâ”€[39m[90mâ”€[39m[90mâ”€[39m[90mâ”€[39m[90mâ”€[39m[90mâ”€[39m[90mâ”€[39m[90mâ”€[39m[90mâ”€[39m[90mâ”€[39m[90mâ”€[39m[90mâ”€[39m[90mâ”€[39m[90mâ”€[39m[90mâ”€[39m[90mâ”€[39m[90mâ”€[39m[90mâ”€[39m[90mâ”€[39m[90mâ”€[39m[90mâ”€[39m[90mâ”€[39m[90mâ”€[39m[90mâ”€[39m[90mâ”€[39m[90mâ”€[39m[90mâ”€[39m[90mâ”€[39m[90mâ”€[39m[90mâ”€[39m[90mâ”€[39m[90mâ”€[39m[90mâ”€[39m[90mâ”€[39m[90mâ”€[39m[90mâ”€[39m[90mâ”€[39m[90mâ”€[39m[90mâ”€[39m[90mâ”€[39m[90mâ”€[39m[90mâ”€[39m[90mâ”€[39m[90mâ”€[39m[90mâ”€[39m[90mâ”€[39m[90mâ”€[39m[90mâ”€[39m[90mâ”€[39m[90mâ”€[39m[90mâ”€[39m[90mâ”€[39m[90mâ”€[39m[90mâ”€[39m[90mâ”€[39m[90mâ”€[39m[90mâ”€[39m[90mâ”€[39m[90mâ”€[39m[90mâ”€[39m[90mâ”€[39m[90mâ”€[39m[90mâ”€[39m[90mâ”€[39m[90mâ”€[39m[90mâ”€[39m[90mâ”€[39m[90mâ”€[39m[90mâ”€[39m[90mâ”€[39m[90mâ”€[39m[90mâ”€[39m[90mâ”€[39m[90mâ”˜[39m
Admin UI E2E (4, firefox)	Run Cypress	2024-11-10T00:29:49.5192816Z 
Admin UI E2E (4, firefox)	Run Cypress	2024-11-10T00:29:49.5554165Z 
Admin UI E2E (4, firefox)	Run Cypress	2024-11-10T00:29:49.5581554Z [90mâ”€[39m[90mâ”€[39m[90mâ”€[39m[90mâ”€[39m[90mâ”€[39m[90mâ”€[39m[90mâ”€[39m[90mâ”€[39m[90mâ”€[39m[90mâ”€[39m[90mâ”€[39m[90mâ”€[39m[90mâ”€[39m[90mâ”€[39m[90mâ”€[39m[90mâ”€[39m[90mâ”€[39m[90mâ”€[39m[90mâ”€[39m[90mâ”€[39m[90mâ”€[39m[90mâ”€[39m[90mâ”€[39m[90mâ”€[39m[90mâ”€[39m[90mâ”€[39m[90mâ”€[39m[90mâ”€[39m[90mâ”€[39m[90mâ”€[39m[90mâ”€[39m[90mâ”€[39m[90mâ”€[39m[90mâ”€[39m[90mâ”€[39m[90mâ”€[39m[90mâ”€[39m[90mâ”€[39m[90mâ”€[39m[90mâ”€[39m[90mâ”€[39m[90mâ”€[39m[90mâ”€[39m[90mâ”€[39m[90mâ”€[39m[90mâ”€[39m[90mâ”€[39m[90mâ”€[39m[90mâ”€[39m[90mâ”€[39m[90mâ”€[39m[90mâ”€[39m[90mâ”€[39m[90mâ”€[39m[90mâ”€[39m[90mâ”€[39m[90mâ”€[39m[90mâ”€[39m[90mâ”€[39m[90mâ”€[39m[90mâ”€[39m[90mâ”€[39m[90mâ”€[39m[90mâ”€[39m[90mâ”€[39m[90mâ”€[39m[90mâ”€[39m[90mâ”€[39m[90mâ”€[39m[90mâ”€[39m[90mâ”€[39m[90mâ”€[39m[90mâ”€[39m[90mâ”€[39m[90mâ”€[39m[90mâ”€[39m[90mâ”€[39m[90mâ”€[39m[90mâ”€[39m[90mâ”€[39m[90mâ”€[39m[90mâ”€[39m[90mâ”€[39m[90mâ”€[39m[90mâ”€[39m[90mâ”€[39m[90mâ”€[39m[90mâ”€[39m[90mâ”€[39m[90mâ”€[39m[90mâ”€[39m[90mâ”€[39m[90mâ”€[39m[90mâ”€[39m[90mâ”€[39m[90mâ”€[39m[90mâ”€[39m[90mâ”€[39m[90mâ”€[39m[90mâ”€[39m
Admin UI E2E (4, firefox)	Run Cypress	2024-11-10T00:29:49.5589929Z                                                                                                     
Admin UI E2E (4, firefox)	Run Cypress	2024-11-10T00:29:49.5592573Z   Running:  [90muser_fed_ldap_hardcoded_mapper_test.spec.ts[39m                                     [90m(2 of 3)[39m
Admin UI E2E (4, firefox)	Run Cypress	2024-11-10T00:29:49.5593503Z 
Admin UI E2E (4, firefox)	Run Cypress	2024-11-10T00:29:49.5594441Z [35mYour project has set the configuration option: `chromeWebSecurity` to `false`.[39m
Admin UI E2E (4, firefox)	Run Cypress	2024-11-10T00:29:49.5597800Z [35m[39m
Admin UI E2E (4, firefox)	Run Cypress	2024-11-10T00:29:49.5599300Z [35mThis option will not have an effect in Firefox. Tests that rely on web security being disabled will not run as expected.[39m
Admin UI E2E (4, firefox)	Run Cypress	2024-11-10T00:29:52.4125598Z 
Admin UI E2E (4, firefox)	Run Cypress	2024-11-10T00:29:52.4159353Z [0m[0m
Admin UI E2E (4, firefox)	Run Cypress	2024-11-10T00:29:52.4207892Z [0m  User Fed LDAP mapper tests[0m
Admin UI E2E (4, firefox)	Run Cypress	2024-11-10T00:30:01.6987317Z   [32m  âœ“[0m[90m Create LDAP provider from empty state[0m[90m (9259ms)[0m
Admin UI E2E (4, firefox)	Run Cypress	2024-11-10T00:30:03.9675641Z   [32m  âœ“[0m[90m Create group[0m[90m (2228ms)[0m
Admin UI E2E (4, firefox)	Run Cypress	2024-11-10T00:30:12.1992177Z   [32m  âœ“[0m[90m Create client and role[0m[90m (8196ms)[0m
Admin UI E2E (4, firefox)	Run Cypress	2024-11-10T00:30:16.1828616Z   [32m  âœ“[0m[90m Delete default mappers[0m[90m (3951ms)[0m
Admin UI E2E (4, firefox)	Run Cypress	2024-11-10T00:30:21.1968779Z   [32m  âœ“[0m[90m Create hardcoded attribute mapper[0m[90m (4968ms)[0m
Admin UI E2E (4, firefox)	Run Cypress	2024-11-10T00:30:26.1493991Z   [32m  âœ“[0m[90m Create hardcoded ldap group mapper[0m[90m (4921ms)[0m
Admin UI E2E (4, firefox)	Run Cypress	2024-11-10T00:30:31.2888662Z   [32m  âœ“[0m[90m Create hardcoded ldap attribute mapper[0m[90m (5108ms)[0m
Admin UI E2E (4, firefox)	Run Cypress	2024-11-10T00:30:36.1150799Z   [32m  âœ“[0m[90m Create hardcoded ldap role mapper[0m[90m (4788ms)[0m
Admin UI E2E (4, firefox)	Run Cypress	2024-11-10T00:30:41.1809847Z   [32m  âœ“[0m[90m Create role ldap mapper[0m[90m (5027ms)[0m
Admin UI E2E (4, firefox)	Run Cypress	2024-11-10T00:30:43.8193854Z   [32m  âœ“[0m[90m Cleanup - delete LDAP provider[0m[90m (2600ms)[0m
Admin UI E2E (4, firefox)	Run Cypress	2024-11-10T00:30:45.3514110Z   [32m  âœ“[0m[90m Cleanup - delete group[0m[90m (1493ms)[0m
Admin UI E2E (4, firefox)	Run Cypress	2024-11-10T00:30:46.7088924Z   [32m  âœ“[0m[90m Cleanup - delete client[0m[90m (1326ms)[0m
Admin UI E2E (4, firefox)	Run Cypress	2024-11-10T00:30:46.7134684Z 
Admin UI E2E (4, firefox)	Run Cypress	2024-11-10T00:30:46.7266507Z 
Admin UI E2E (4, firefox)	Run Cypress	2024-11-10T00:30:46.7267491Z [92m [0m[32m 12 passing[0m[90m (54s)[0m
Admin UI E2E (4, firefox)	Run Cypress	2024-11-10T00:30:46.7268008Z 
Admin UI E2E (4, firefox)	Run Cypress	2024-11-10T00:30:46.7288872Z 
Admin UI E2E (4, firefox)	Run Cypress	2024-11-10T00:30:46.7290265Z [32m  ([4m[1mResults[22m[24m)[39m
Admin UI E2E (4, firefox)	Run Cypress	2024-11-10T00:30:46.7308509Z 
Admin UI E2E (4, firefox)	Run Cypress	2024-11-10T00:30:46.7324070Z [90m  â”Œ[39m[90mâ”€[39m[90mâ”€[39m[90mâ”€[39m[90mâ”€[39m[90mâ”€[39m[90mâ”€[39m[90mâ”€[39m[90mâ”€[39m[90mâ”€[39m[90mâ”€[39m[90mâ”€[39m[90mâ”€[39m[90mâ”€[39m[90mâ”€[39m[90mâ”€[39m[90mâ”€[39m[90mâ”€[39m[90mâ”€[39m[90mâ”€[39m[90mâ”€[39m[90mâ”€[39m[90mâ”€[39m[90mâ”€[39m[90mâ”€[39m[90mâ”€[39m[90mâ”€[39m[90mâ”€[39m[90mâ”€[39m[90mâ”€[39m[90mâ”€[39m[90mâ”€[39m[90mâ”€[39m[90mâ”€[39m[90mâ”€[39m[90mâ”€[39m[90mâ”€[39m[90mâ”€[39m[90mâ”€[39m[90mâ”€[39m[90mâ”€[39m[90mâ”€[39m[90mâ”€[39m[90mâ”€[39m[90mâ”€[39m[90mâ”€[39m[90mâ”€[39m[90mâ”€[39m[90mâ”€[39m[90mâ”€[39m[90mâ”€[39m[90mâ”€[39m[90mâ”€[39m[90mâ”€[39m[90mâ”€[39m[90mâ”€[39m[90mâ”€[39m[90mâ”€[39m[90mâ”€[39m[90mâ”€[39m[90mâ”€[39m[90mâ”€[39m[90mâ”€[39m[90mâ”€[39m[90mâ”€[39m[90mâ”€[39m[90mâ”€[39m[90mâ”€[39m[90mâ”€[39m[90mâ”€[39m[90mâ”€[39m[90mâ”€[39m[90mâ”€[39m[90mâ”€[39m[90mâ”€[39m[90mâ”€[39m[90mâ”€[39m[90mâ”€[39m[90mâ”€[39m[90mâ”€[39m[90mâ”€[39m[90mâ”€[39m[90mâ”€[39m[90mâ”€[39m[90mâ”€[39m[90mâ”€[39m[90mâ”€[39m[90mâ”€[39m[90mâ”€[39m[90mâ”€[39m[90mâ”€[39m[90mâ”€[39m[90mâ”€[39m[90mâ”€[39m[90mâ”€[39m[90mâ”€[39m[90mâ”€[39m[90mâ”[39m
Admin UI E2E (4, firefox)	Run Cypress	2024-11-10T00:30:46.7331319Z [90m  â”‚[39m [90mTests:[39m        [32m12[39m                                                                               [90mâ”‚[39m
Admin UI E2E (4, firefox)	Run Cypress	2024-11-10T00:30:46.7332945Z [90m  â”‚[39m [90mPassing:[39m      [32m12[39m                                                                               [90mâ”‚[39m
Admin UI E2E (4, firefox)	Run Cypress	2024-11-10T00:30:46.7334554Z [90m  â”‚[39m [90mFailing:[39m      [32m0[39m                                                                                [90mâ”‚[39m
Admin UI E2E (4, firefox)	Run Cypress	2024-11-10T00:30:46.7336140Z [90m  â”‚[39m [90mPending:[39m      [32m0[39m                                                                                [90mâ”‚[39m
Admin UI E2E (4, firefox)	Run Cypress	2024-11-10T00:30:46.7339956Z [90m  â”‚[39m [90mSkipped:[39m      [32m0[39m                                                                                [90mâ”‚[39m
Admin UI E2E (4, firefox)	Run Cypress	2024-11-10T00:30:46.7341585Z [90m  â”‚[39m [90mScreenshots:[39m  [32m0[39m                                                                                [90mâ”‚[39m
Admin UI E2E (4, firefox)	Run Cypress	2024-11-10T00:30:46.7343213Z [90m  â”‚[39m [90mVideo:[39m        [32mfalse[39m                                                                            [90mâ”‚[39m
Admin UI E2E (4, firefox)	Run Cypress	2024-11-10T00:30:46.7345013Z [90m  â”‚[39m [90mDuration:[39m     [32m54 seconds[39m                                                                       [90mâ”‚[39m
Admin UI E2E (4, firefox)	Run Cypress	2024-11-10T00:30:46.7346315Z [90m  â”‚[39m [90mSpec Ran:[39m     [32m[32muser_fed_ldap_hardcoded_mapper_test.spec.ts[32m[39m                                      [90mâ”‚[39m
Admin UI E2E (4, firefox)	Run Cypress	2024-11-10T00:30:46.7351456Z [90m  â””[39m[90mâ”€[39m[90mâ”€[39m[90mâ”€[39m[90mâ”€[39m[90mâ”€[39m[90mâ”€[39m[90mâ”€[39m[90mâ”€[39m[90mâ”€[39m[90mâ”€[39m[90mâ”€[39m[90mâ”€[39m[90mâ”€[39m[90mâ”€[39m[90mâ”€[39m[90mâ”€[39m[90mâ”€[39m[90mâ”€[39m[90mâ”€[39m[90mâ”€[39m[90mâ”€[39m[90mâ”€[39m[90mâ”€[39m[90mâ”€[39m[90mâ”€[39m[90mâ”€[39m[90mâ”€[39m[90mâ”€[39m[90mâ”€[39m[90mâ”€[39m[90mâ”€[39m[90mâ”€[39m[90mâ”€[39m[90mâ”€[39m[90mâ”€[39m[90mâ”€[39m[90mâ”€[39m[90mâ”€[39m[90mâ”€[39m[90mâ”€[39m[90mâ”€[39m[90mâ”€[39m[90mâ”€[39m[90mâ”€[39m[90mâ”€[39m[90mâ”€[39m[90mâ”€[39m[90mâ”€[39m[90mâ”€[39m[90mâ”€[39m[90mâ”€[39m[90mâ”€[39m[90mâ”€[39m[90mâ”€[39m[90mâ”€[39m[90mâ”€[39m[90mâ”€[39m[90mâ”€[39m[90mâ”€[39m[90mâ”€[39m[90mâ”€[39m[90mâ”€[39m[90mâ”€[39m[90mâ”€[39m[90mâ”€[39m[90mâ”€[39m[90mâ”€[39m[90mâ”€[39m[90mâ”€[39m[90mâ”€[39m[90mâ”€[39m[90mâ”€[39m[90mâ”€[39m[90mâ”€[39m[90mâ”€[39m[90mâ”€[39m[90mâ”€[39m[90mâ”€[39m[90mâ”€[39m[90mâ”€[39m[90mâ”€[39m[90mâ”€[39m[90mâ”€[39m[90mâ”€[39m[90mâ”€[39m[90mâ”€[39m[90mâ”€[39m[90mâ”€[39m[90mâ”€[39m[90mâ”€[39m[90mâ”€[39m[90mâ”€[39m[90mâ”€[39m[90mâ”€[39m[90mâ”€[39m[90mâ”€[39m[90mâ”˜[39m
Admin UI E2E (4, firefox)	Run Cypress	2024-11-10T00:30:46.7356590Z 
Admin UI E2E (4, firefox)	Run Cypress	2024-11-10T00:30:46.7624441Z 
Admin UI E2E (4, firefox)	Run Cypress	2024-11-10T00:30:46.7638746Z [90mâ”€[39m[90mâ”€[39m[90mâ”€[39m[90mâ”€[39m[90mâ”€[39m[90mâ”€[39m[90mâ”€[39m[90mâ”€[39m[90mâ”€[39m[90mâ”€[39m[90mâ”€[39m[90mâ”€[39m[90mâ”€[39m[90mâ”€[39m[90mâ”€[39m[90mâ”€[39m[90mâ”€[39m[90mâ”€[39m[90mâ”€[39m[90mâ”€[39m[90mâ”€[39m[90mâ”€[39m[90mâ”€[39m[90mâ”€[39m[90mâ”€[39m[90mâ”€[39m[90mâ”€[39m[90mâ”€[39m[90mâ”€[39m[90mâ”€[39m[90mâ”€[39m[90mâ”€[39m[90mâ”€[39m[90mâ”€[39m[90mâ”€[39m[90mâ”€[39m[90mâ”€[39m[90mâ”€[39m[90mâ”€[39m[90mâ”€[39m[90mâ”€[39m[90mâ”€[39m[90mâ”€[39m[90mâ”€[39m[90mâ”€[39m[90mâ”€[39m[90mâ”€[39m[90mâ”€[39m[90mâ”€[39m[90mâ”€[39m[90mâ”€[39m[90mâ”€[39m[90mâ”€[39m[90mâ”€[39m[90mâ”€[39m[90mâ”€[39m[90mâ”€[39m[90mâ”€[39m[90mâ”€[39m[90mâ”€[39m[90mâ”€[39m[90mâ”€[39m[90mâ”€[39m[90mâ”€[39m[90mâ”€[39m[90mâ”€[39m[90mâ”€[39m[90mâ”€[39m[90mâ”€[39m[90mâ”€[39m[90mâ”€[39m[90mâ”€[39m[90mâ”€[39m[90mâ”€[39m[90mâ”€[39m[90mâ”€[39m[90mâ”€[39m[90mâ”€[39m[90mâ”€[39m[90mâ”€[39m[90mâ”€[39m[90mâ”€[39m[90mâ”€[39m[90mâ”€[39m[90mâ”€[39m[90mâ”€[39m[90mâ”€[39m[90mâ”€[39m[90mâ”€[39m[90mâ”€[39m[90mâ”€[39m[90mâ”€[39m[90mâ”€[39m[90mâ”€[39m[90mâ”€[39m[90mâ”€[39m[90mâ”€[39m[90mâ”€[39m[90mâ”€[39m[90mâ”€[39m
Admin UI E2E (4, firefox)	Run Cypress	2024-11-10T00:30:46.7645482Z                                                                                                     
Admin UI E2E (4, firefox)	Run Cypress	2024-11-10T00:30:46.7646913Z   Running:  [90mrealm_roles_test.spec.ts[39m                                                        [90m(3 of 3)[39m
Admin UI E2E (4, firefox)	Run Cypress	2024-11-10T00:30:46.7647726Z 
Admin UI E2E (4, firefox)	Run Cypress	2024-11-10T00:30:46.7648604Z [35mYour project has set the configuration option: `chromeWebSecurity` to `false`.[39m
Admin UI E2E (4, firefox)	Run Cypress	2024-11-10T00:30:46.7649627Z [35m[39m
Admin UI E2E (4, firefox)	Run Cypress	2024-11-10T00:30:46.7651086Z [35mThis option will not have an effect in Firefox. Tests that rely on web security being disabled will not run as expected.[39m
Admin UI E2E (4, firefox)	Run Cypress	2024-11-10T00:30:50.4701761Z 
Admin UI E2E (4, firefox)	Run Cypress	2024-11-10T00:30:50.4789584Z [0m[0m
Admin UI E2E (4, firefox)	Run Cypress	2024-11-10T00:30:50.4839210Z [0m  Realm roles test[0m
Admin UI E2E (4, firefox)	Run Cypress	2024-11-10T00:30:53.8290811Z   [32m  âœ“[0m[90m should fail creating realm role[0m[90m (3339ms)[0m
Admin UI E2E (4, firefox)	Run Cypress	2024-11-10T00:30:55.2017366Z   [32m  âœ“[0m[90m shouldn't create a realm role based with only whitespace name[0m[90m (1344ms)[0m
Admin UI E2E (4, firefox)	Run Cypress	2024-11-10T00:30:57.7629957Z   [32m  âœ“[0m[90m Realm role CRUD test[0m[90m (2537ms)[0m
Admin UI E2E (4, firefox)	Run Cypress	2024-11-10T00:31:00.2338691Z   [32m  âœ“[0m[90m should delete role from details action[0m[90m (2448ms)[0m
Admin UI E2E (4, firefox)	Run Cypress	2024-11-10T00:31:01.4894131Z   [32m  âœ“[0m[90m should not be able to delete default role[0m[90m (1232ms)[0m
Admin UI E2E (4, firefox)	Run Cypress	2024-11-10T00:31:06.6630360Z   [32m  âœ“[0m[90m Add associated roles test[0m[90m (5151ms)[0m
Admin UI E2E (4, firefox)	Run Cypress	2024-11-10T00:31:08.4145085Z   [32m  âœ“[0m[90m should search existing associated role by name and go to it[0m[90m (1723ms)[0m
Admin UI E2E (4, firefox)	Run Cypress	2024-11-10T00:31:09.8794308Z   [32m  âœ“[0m[90m should go to default-roles-master link role name and check assign roles table is not empty[0m[90m (1440ms)[0m
Admin UI E2E (4, firefox)	Run Cypress	2024-11-10T00:31:11.5659789Z   [32m  âœ“[0m[90m Should search non-existent associated role by name[0m[90m (1662ms)[0m
Admin UI E2E (4, firefox)	Run Cypress	2024-11-10T00:31:13.7544588Z   [32m  âœ“[0m[90m Should hide inherited roles test[0m[90m (2165ms)[0m
Admin UI E2E (4, firefox)	Run Cypress	2024-11-10T00:31:15.9278282Z   [32m  âœ“[0m[90m Should fail to remove role when all unchecked from search bar[0m[90m (2117ms)[0m
Admin UI E2E (4, firefox)	Run Cypress	2024-11-10T00:31:18.3864216Z   [32m  âœ“[0m[90m Should delete single non-inherited role item[0m[90m (2438ms)[0m
Admin UI E2E (4, firefox)	Run Cypress	2024-11-10T00:31:20.8394990Z   [32m  âœ“[0m[90m Should delete all roles from search bar[0m[90m (2430ms)[0m
Admin UI E2E (4, firefox)	Run Cypress	2024-11-10T00:31:24.9896046Z   [32m  âœ“[0m[90m Should delete associated roles from list test[0m[90m (4127ms)[0m
Admin UI E2E (4, firefox)	Run Cypress	2024-11-10T00:31:25.0157310Z [0m    edit role details[0m
Admin UI E2E (4, firefox)	Run Cypress	2024-11-10T00:31:27.1484982Z     [32m  âœ“[0m[90m should edit realm role details[0m[90m (2120ms)[0m
Admin UI E2E (4, firefox)	Run Cypress	2024-11-10T00:31:28.9020124Z     [32m  âœ“[0m[90m should add attribute[0m[90m (1725ms)[0m
Admin UI E2E (4, firefox)	Run Cypress	2024-11-10T00:31:31.0061930Z     [32m  âœ“[0m[90m should add attribute multiple[0m[90m (2077ms)[0m
Admin UI E2E (4, firefox)	Run Cypress	2024-11-10T00:31:32.5948280Z     [32m  âœ“[0m[90m should delete attribute[0m[90m (1454ms)[0m
Admin UI E2E (4, firefox)	Run Cypress	2024-11-10T00:31:32.6055823Z [0m    Accessibility tests for realm roles[0m
Admin UI E2E (4, firefox)	Run Cypress	2024-11-10T00:31:35.2657505Z     [32m  âœ“[0m[90m Check a11y violations on load/ realm roles[0m[90m (2648ms)[0m
Admin UI E2E (4, firefox)	Run Cypress	2024-11-10T00:31:38.3165991Z     [32m  âœ“[0m[90m Check a11y violations on default-roles-master default tab and default roles tabs[0m[90m (3019ms)[0m
Admin UI E2E (4, firefox)	Run Cypress	2024-11-10T00:31:40.7984254Z     [32m  âœ“[0m[90m Check a11y violations on empty create role form[0m[90m (2455ms)[0m
Admin UI E2E (4, firefox)	Run Cypress	2024-11-10T00:31:43.9720221Z       [33m(Attempt 1 of 4)[0m Check a11y violations on role details
Admin UI E2E (4, firefox)	Run Cypress	2024-11-10T00:32:17.4844420Z       [33m(Attempt 2 of 4)[0m Check a11y violations on role details
Admin UI E2E (4, firefox)	Run Cypress	2024-11-10T00:32:51.5039967Z       [33m(Attempt 3 of 4)[0m Check a11y violations on role details
Admin UI E2E (4, firefox)	Run Cypress	2024-11-10T00:33:25.7855689Z     [31m  1) Check a11y violations on role details[0m
Admin UI E2E (4, firefox)	Run Cypress	2024-11-10T00:33:25.8162076Z 
Admin UI E2E (4, firefox)	Run Cypress	2024-11-10T00:33:25.8808817Z 
Admin UI E2E (4, firefox)	Run Cypress	2024-11-10T00:33:25.8810160Z [92m [0m[32m 21 passing[0m[90m (3m)[0m
Admin UI E2E (4, firefox)	Run Cypress	2024-11-10T00:33:25.8811019Z [31m  1 failing[0m
Admin UI E2E (4, firefox)	Run Cypress	2024-11-10T00:33:25.8812637Z 
Admin UI E2E (4, firefox)	Run Cypress	2024-11-10T00:33:25.8813097Z [0m  1) Realm roles test
Admin UI E2E (4, firefox)	Run Cypress	2024-11-10T00:33:25.8813762Z        Accessibility tests for realm roles
Admin UI E2E (4, firefox)	Run Cypress	2024-11-10T00:33:25.8814455Z          Check a11y violations on role details:
Admin UI E2E (4, firefox)	Run Cypress	2024-11-10T00:33:25.8816148Z [0m[31m     AssertionError: Timed out retrying after 30000ms: Expected to find element: `.pf-v5-c-tabs `, but never found it.[0m[90m
Admin UI E2E (4, firefox)	Run Cypress	2024-11-10T00:33:25.8818291Z       at _TabPage_getTab (webpack://@keycloak/keycloak-admin-ui/./cypress/support/pages/admin-ui/components/TabPage.ts:36:0)
Admin UI E2E (4, firefox)	Run Cypress	2024-11-10T00:33:25.8820332Z       at clickTab (webpack://@keycloak/keycloak-admin-ui/./cypress/support/pages/admin-ui/components/TabPage.ts:16:0)
Admin UI E2E (4, firefox)	Run Cypress	2024-11-10T00:33:25.8822446Z       at goToAttributesTab (webpack://@keycloak/keycloak-admin-ui/./cypress/support/pages/admin-ui/manage/clients/ClientRolesTab.ts:31:0)
Admin UI E2E (4, firefox)	Run Cypress	2024-11-10T00:33:25.8824278Z       at  (webpack://@keycloak/keycloak-admin-ui/./cypress/e2e/realm_roles_test.spec.ts:240:0)
Admin UI E2E (4, firefox)	Run Cypress	2024-11-10T00:33:25.8829647Z       at __webpack_modules__</setRunnable/runnable.fn (http://localhost:8080/__cypress/runner/cypress_runner.js:138202:43)
Admin UI E2E (4, firefox)	Run Cypress	2024-11-10T00:33:25.8831674Z       at callFn (http://localhost:8080/__cypress/runner/cypress_runner.js:156821:21)
Admin UI E2E (4, firefox)	Run Cypress	2024-11-10T00:33:25.8833494Z       at __webpack_modules__</Runnable.prototype.run (http://localhost:8080/__cypress/runner/cypress_runner.js:156808:13)
Admin UI E2E (4, firefox)	Run Cypress	2024-11-10T00:33:25.8836015Z       at __webpack_modules__</create/onRunnableRun (http://localhost:8080/__cypress/runner/cypress_runner.js:162732:30)
Admin UI E2E (4, firefox)	Run Cypress	2024-11-10T00:33:25.8837901Z       at finallyHandler (http://localhost:8080/__cypress/runner/cypress_runner.js:4072:23)
Admin UI E2E (4, firefox)	Run Cypress	2024-11-10T00:33:25.8840592Z       at tryCatcher (http://localhost:8080/__cypress/runner/cypress_runner.js:1807:23)
Admin UI E2E (4, firefox)	Run Cypress	2024-11-10T00:33:25.8842522Z       at __webpack_modules__</module.exports/Promise.prototype._settlePromiseFromHandler (http://localhost:8080/__cypress/runner/cypress_runner.js:1519:31)
Admin UI E2E (4, firefox)	Run Cypress	2024-11-10T00:33:25.8844852Z       at __webpack_modules__</module.exports/Promise.prototype._settlePromise (http://localhost:8080/__cypress/runner/cypress_runner.js:1576:18)
Admin UI E2E (4, firefox)	Run Cypress	2024-11-10T00:33:25.8847051Z       at __webpack_modules__</module.exports/Promise.prototype._settlePromise0 (http://localhost:8080/__cypress/runner/cypress_runner.js:1621:10)
Admin UI E2E (4, firefox)	Run Cypress	2024-11-10T00:33:25.8849194Z       at __webpack_modules__</module.exports/Promise.prototype._settlePromises (http://localhost:8080/__cypress/runner/cypress_runner.js:1701:18)
Admin UI E2E (4, firefox)	Run Cypress	2024-11-10T00:33:25.8850872Z       at _drainQueueStep (http://localhost:8080/__cypress/runner/cypress_runner.js:2407:12)
Admin UI E2E (4, firefox)	Run Cypress	2024-11-10T00:33:25.8852151Z       at _drainQueue (http://localhost:8080/__cypress/runner/cypress_runner.js:2400:24)
Admin UI E2E (4, firefox)	Run Cypress	2024-11-10T00:33:25.8856778Z       at __webpack_modules__</Async.prototype._drainQueues (http://localhost:8080/__cypress/runner/cypress_runner.js:2416:16)
Admin UI E2E (4, firefox)	Run Cypress	2024-11-10T00:33:25.8858562Z       at __webpack_modules__</Async/this.drainQueues (http://localhost:8080/__cypress/runner/cypress_runner.js:2286:14)
Admin UI E2E (4, firefox)	Run Cypress	2024-11-10T00:33:25.8859715Z [0m
Admin UI E2E (4, firefox)	Run Cypress	2024-11-10T00:33:25.8859917Z 
Admin UI E2E (4, firefox)	Run Cypress	2024-11-10T00:33:25.8859930Z 
Admin UI E2E (4, firefox)	Run Cypress	2024-11-10T00:33:25.8859940Z 
Admin UI E2E (4, firefox)	Run Cypress	2024-11-10T00:33:25.8860285Z [31m  ([4m[1mResults[22m[24m)[39m
Admin UI E2E (4, firefox)	Run Cypress	2024-11-10T00:33:25.8878779Z 
Admin UI E2E (4, firefox)	Run Cypress	2024-11-10T00:33:25.8895387Z [90m  â”Œ[39m[90mâ”€[39m[90mâ”€[39m[90mâ”€[39m[90mâ”€[39m[90mâ”€[39m[90mâ”€[39m[90mâ”€[39m[90mâ”€[39m[90mâ”€[39m[90mâ”€[39m[90mâ”€[39m[90mâ”€[39m[90mâ”€[39m[90mâ”€[39m[90mâ”€[39m[90mâ”€[39m[90mâ”€[39m[90mâ”€[39m[90mâ”€[39m[90mâ”€[39m[90mâ”€[39m[90mâ”€[39m[90mâ”€[39m[90mâ”€[39m[90mâ”€[39m[90mâ”€[39m[90mâ”€[39m[90mâ”€[39m[90mâ”€[39m[90mâ”€[39m[90mâ”€[39m[90mâ”€[39m[90mâ”€[39m[90mâ”€[39m[90mâ”€[39m[90mâ”€[39m[90mâ”€[39m[90mâ”€[39m[90mâ”€[39m[90mâ”€[39m[90mâ”€[39m[90mâ”€[39m[90mâ”€[39m[90mâ”€[39m[90mâ”€[39m[90mâ”€[39m[90mâ”€[39m[90mâ”€[39m[90mâ”€[39m[90mâ”€[39m[90mâ”€[39m[90mâ”€[39m[90mâ”€[39m[90mâ”€[39m[90mâ”€[39m[90mâ”€[39m[90mâ”€[39m[90mâ”€[39m[90mâ”€[39m[90mâ”€[39m[90mâ”€[39m[90mâ”€[39m[90mâ”€[39m[90mâ”€[39m[90mâ”€[39m[90mâ”€[39m[90mâ”€[39m[90mâ”€[39m[90mâ”€[39m[90mâ”€[39m[90mâ”€[39m[90mâ”€[39m[90mâ”€[39m[90mâ”€[39m[90mâ”€[39m[90mâ”€[39m[90mâ”€[39m[90mâ”€[39m[90mâ”€[39m[90mâ”€[39m[90mâ”€[39m[90mâ”€[39m[90mâ”€[39m[90mâ”€[39m[90mâ”€[39m[90mâ”€[39m[90mâ”€[39m[90mâ”€[39m[90mâ”€[39m[90mâ”€[39m[90mâ”€[39m[90mâ”€[39m[90mâ”€[39m[90mâ”€[39m[90mâ”€[39m[90mâ”€[39m[90mâ”[39m
Admin UI E2E (4, firefox)	Run Cypress	2024-11-10T00:33:25.8902623Z [90m  â”‚[39m [90mTests:[39m        [31m22[39m                                                                               [90mâ”‚[39m
Admin UI E2E (4, firefox)	Run Cypress	2024-11-10T00:33:25.8904227Z [90m  â”‚[39m [90mPassing:[39m      [31m21[39m                                                                               [90mâ”‚[39m
Admin UI E2E (4, firefox)	Run Cypress	2024-11-10T00:33:25.8905852Z [90m  â”‚[39m [90mFailing:[39m      [31m1[39m                                                                                [90mâ”‚[39m
Admin UI E2E (4, firefox)	Run Cypress	2024-11-10T00:33:25.8907504Z [90m  â”‚[39m [90mPending:[39m      [31m0[39m                                                                                [90mâ”‚[39m
Admin UI E2E (4, firefox)	Run Cypress	2024-11-10T00:33:25.8909162Z [90m  â”‚[39m [90mSkipped:[39m      [31m0[39m                                                                                [90mâ”‚[39m
Admin UI E2E (4, firefox)	Run Cypress	2024-11-10T00:33:25.8910829Z [90m  â”‚[39m [90mScreenshots:[39m  [31m4[39m                                                                                [90mâ”‚[39m
Admin UI E2E (4, firefox)	Run Cypress	2024-11-10T00:33:25.8912521Z [90m  â”‚[39m [90mVideo:[39m        [31mfalse[39m                                                                            [90mâ”‚[39m
Admin UI E2E (4, firefox)	Run Cypress	2024-11-10T00:33:25.8914246Z [90m  â”‚[39m [90mDuration:[39m     [31m2 minutes, 35 seconds[39m                                                            [90mâ”‚[39m
Admin UI E2E (4, firefox)	Run Cypress	2024-11-10T00:33:25.8916550Z [90m  â”‚[39m [90mSpec Ran:[39m     [31m[31mrealm_roles_test.spec.ts[31m[39m                                                         [90mâ”‚[39m
Admin UI E2E (4, firefox)	Run Cypress	2024-11-10T00:33:25.8927419Z [90m  â””[39m[90mâ”€[39m[90mâ”€[39m[90mâ”€[39m[90mâ”€[39m[90mâ”€[39m[90mâ”€[39m[90mâ”€[39m[90mâ”€[39m[90mâ”€[39m[90mâ”€[39m[90mâ”€[39m[90mâ”€[39m[90mâ”€[39m[90mâ”€[39m[90mâ”€[39m[90mâ”€[39m[90mâ”€[39m[90mâ”€[39m[90mâ”€[39m[90mâ”€[39m[90mâ”€[39m[90mâ”€[39m[90mâ”€[39m[90mâ”€[39m[90mâ”€[39m[90mâ”€[39m[90mâ”€[39m[90mâ”€[39m[90mâ”€[39m[90mâ”€[39m[90mâ”€[39m[90mâ”€[39m[90mâ”€[39m[90mâ”€[39m[90mâ”€[39m[90mâ”€[39m[90mâ”€[39m[90mâ”€[39m[90mâ”€[39m[90mâ”€[39m[90mâ”€[39m[90mâ”€[39m[90mâ”€[39m[90mâ”€[39m[90mâ”€[39m[90mâ”€[39m[90mâ”€[39m[90mâ”€[39m[90mâ”€[39m[90mâ”€[39m[90mâ”€[39m[90mâ”€[39m[90mâ”€[39m[90mâ”€[39m[90mâ”€[39m[90mâ”€[39m[90mâ”€[39m[90mâ”€[39m[90mâ”€[39m[90mâ”€[39m[90mâ”€[39m[90mâ”€[39m[90mâ”€[39m[90mâ”€[39m[90mâ”€[39m[90mâ”€[39m[90mâ”€[39m[90mâ”€[39m[90mâ”€[39m[90mâ”€[39m[90mâ”€[39m[90mâ”€[39m[90mâ”€[39m[90mâ”€[39m[90mâ”€[39m[90mâ”€[39m[90mâ”€[39m[90mâ”€[39m[90mâ”€[39m[90mâ”€[39m[90mâ”€[39m[90mâ”€[39m[90mâ”€[39m[90mâ”€[39m[90mâ”€[39m[90mâ”€[39m[90mâ”€[39m[90mâ”€[39m[90mâ”€[39m[90mâ”€[39m[90mâ”€[39m[90mâ”€[39m[90mâ”€[39m[90mâ”€[39m[90mâ”€[39m[90mâ”€[39m[90mâ”˜[39m
Admin UI E2E (4, firefox)	Run Cypress	2024-11-10T00:33:25.8937609Z 
Admin UI E2E (4, firefox)	Run Cypress	2024-11-10T00:33:25.8937640Z 
Admin UI E2E (4, firefox)	Run Cypress	2024-11-10T00:33:25.8938091Z [33m  ([4m[1mScreenshots[22m[24m)[39m
Admin UI E2E (4, firefox)	Run Cypress	2024-11-10T00:33:25.8938528Z 
Admin UI E2E (4, firefox)	Run Cypress	2024-11-10T00:33:25.8940091Z [90m [39m -  [0m/home/runner/work/keycloak/keycloak/js/apps/admin-ui/cypress/screenshots/realm_r[0m     [90m[90m(1280x720)[90m[39m
Admin UI E2E (4, firefox)	Run Cypress	2024-11-10T00:33:25.8942440Z [90m [39m    [0moles_test.spec.ts/Realm roles test -- Accessibility tests for realm roles -- Che[0m               
Admin UI E2E (4, firefox)	Run Cypress	2024-11-10T00:33:25.8944373Z [90m [39m    [0mck a11y violations on role details (failed).png[0m                                                
Admin UI E2E (4, firefox)	Run Cypress	2024-11-10T00:33:25.8946774Z [90m [39m -  [0m/home/runner/work/keycloak/keycloak/js/apps/admin-ui/cypress/screenshots/realm_r[0m     [90m[90m(1280x720)[90m[39m
Admin UI E2E (4, firefox)	Run Cypress	2024-11-10T00:33:25.8949044Z [90m [39m    [0moles_test.spec.ts/Realm roles test -- Accessibility tests for realm roles -- Che[0m               
Admin UI E2E (4, firefox)	Run Cypress	2024-11-10T00:33:25.8950941Z [90m [39m    [0mck a11y violations on role details (failed) (attempt 2).png[0m                                    
Admin UI E2E (4, firefox)	Run Cypress	2024-11-10T00:33:25.8953269Z [90m [39m -  [0m/home/runner/work/keycloak/keycloak/js/apps/admin-ui/cypress/screenshots/realm_r[0m     [90m[90m(1280x720)[90m[39m
Admin UI E2E (4, firefox)	Run Cypress	2024-11-10T00:33:25.8955793Z [90m [39m    [0moles_test.spec.ts/Realm roles test -- Accessibility tests for realm roles -- Che[0m               
Admin UI E2E (4, firefox)	Run Cypress	2024-11-10T00:33:25.8958053Z [90m [39m    [0mck a11y violations on role details (failed) (attempt 3).png[0m                                    
Admin UI E2E (4, firefox)	Run Cypress	2024-11-10T00:33:25.8960415Z [90m [39m -  [0m/home/runner/work/keycloak/keycloak/js/apps/admin-ui/cypress/screenshots/realm_r[0m     [90m[90m(1280x720)[90m[39m
Admin UI E2E (4, firefox)	Run Cypress	2024-11-10T00:33:25.8962686Z [90m [39m    [0moles_test.spec.ts/Realm roles test -- Accessibility tests for realm roles -- Che[0m               
Admin UI E2E (4, firefox)	Run Cypress	2024-11-10T00:33:25.8964640Z [90m [39m    [0mck a11y violations on role details (failed) (attempt 4).png[0m                                    
Admin UI E2E (4, firefox)	Run Cypress	2024-11-10T00:33:25.8965535Z 
Admin UI E2E (4, firefox)	Run Cypress	2024-11-10T00:33:25.9332788Z 
Admin UI E2E (4, firefox)	Run Cypress	2024-11-10T00:33:25.9866897Z [90m====================================================================================================[39m
Admin UI E2E (4, firefox)	Run Cypress	2024-11-10T00:33:25.9867345Z 
Admin UI E2E (4, firefox)	Run Cypress	2024-11-10T00:33:25.9867588Z [0m  ([4m[1mRun Finished[22m[24m)[0m
Admin UI E2E (4, firefox)	Run Cypress	2024-11-10T00:33:25.9884352Z 
Admin UI E2E (4, firefox)	Run Cypress	2024-11-10T00:33:25.9884494Z 
Admin UI E2E (4, firefox)	Run Cypress	2024-11-10T00:33:25.9904736Z [90m   [39m    [90mSpec[39m                                              [90mTests[39m  [90mPassing[39m  [90mFailing[39m  [90mPending[39m  [90mSkipped[39m [90m [39m
Admin UI E2E (4, firefox)	Run Cypress	2024-11-10T00:33:25.9912606Z [90m  â”Œ[39m[90mâ”€[39m[90mâ”€[39m[90mâ”€[39m[90mâ”€[39m[90mâ”€[39m[90mâ”€[39m[90mâ”€[39m[90mâ”€[39m[90mâ”€[39m[90mâ”€[39m[90mâ”€[39m[90mâ”€[39m[90mâ”€[39m[90mâ”€[39m[90mâ”€[39m[90mâ”€[39m[90mâ”€[39m[90mâ”€[39m[90mâ”€[39m[90mâ”€[39m[90mâ”€[39m[90mâ”€[39m[90mâ”€[39m[90mâ”€[39m[90mâ”€[39m[90mâ”€[39m[90mâ”€[39m[90mâ”€[39m[90mâ”€[39m[90mâ”€[39m[90mâ”€[39m[90mâ”€[39m[90mâ”€[39m[90mâ”€[39m[90mâ”€[39m[90mâ”€[39m[90mâ”€[39m[90mâ”€[39m[90mâ”€[39m[90mâ”€[39m[90mâ”€[39m[90mâ”€[39m[90mâ”€[39m[90mâ”€[39m[90mâ”€[39m[90mâ”€[39m[90mâ”€[39m[90mâ”€[39m[90mâ”€[39m[90mâ”€[39m[90mâ”€[39m[90mâ”€[39m[90mâ”€[39m[90mâ”€[39m[90mâ”€[39m[90mâ”€[39m[90mâ”€[39m[90mâ”€[39m[90mâ”€[39m[90mâ”€[39m[90mâ”€[39m[90mâ”€[39m[90mâ”€[39m[90mâ”€[39m[90mâ”€[39m[90mâ”€[39m[90mâ”€[39m[90mâ”€[39m[90mâ”€[39m[90mâ”€[39m[90mâ”€[39m[90mâ”€[39m[90mâ”€[39m[90mâ”€[39m[90mâ”€[39m[90mâ”€[39m[90mâ”€[39m[90mâ”€[39m[90mâ”€[39m[90mâ”€[39m[90mâ”€[39m[90mâ”€[39m[90mâ”€[39m[90mâ”€[39m[90mâ”€[39m[90mâ”€[39m[90mâ”€[39m[90mâ”€[39m[90mâ”€[39m[90mâ”€[39m[90mâ”€[39m[90mâ”€[39m[90mâ”€[39m[90mâ”€[39m[90mâ”€[39m[90mâ”€[39m[90mâ”[39m
Admin UI E2E (4, firefox)	Run Cypress	2024-11-10T00:33:25.9920606Z [90m  â”‚[39m [32mâœ”[39m  [0mauthentication_policies_ciba.spec.t[0m      [90m00:12[39m        [0m3[0m        [32m3[39m        [90m-[39m        [90m-[39m        [90m-[39m [90mâ”‚[39m
Admin UI E2E (4, firefox)	Run Cypress	2024-11-10T00:33:25.9922656Z [90m  â”‚[39m    [0ms[0m                                                                                           [90mâ”‚[39m
Admin UI E2E (4, firefox)	Run Cypress	2024-11-10T00:33:25.9931403Z [90m  â”œ[39m[90mâ”€[39m[90mâ”€[39m[90mâ”€[39m[90mâ”€[39m[90mâ”€[39m[90mâ”€[39m[90mâ”€[39m[90mâ”€[39m[90mâ”€[39m[90mâ”€[39m[90mâ”€[39m[90mâ”€[39m[90mâ”€[39m[90mâ”€[39m[90mâ”€[39m[90mâ”€[39m[90mâ”€[39m[90mâ”€[39m[90mâ”€[39m[90mâ”€[39m[90mâ”€[39m[90mâ”€[39m[90mâ”€[39m[90mâ”€[39m[90mâ”€[39m[90mâ”€[39m[90mâ”€[39m[90mâ”€[39m[90mâ”€[39m[90mâ”€[39m[90mâ”€[39m[90mâ”€[39m[90mâ”€[39m[90mâ”€[39m[90mâ”€[39m[90mâ”€[39m[90mâ”€[39m[90mâ”€[39m[90mâ”€[39m[90mâ”€[39m[90mâ”€[39m[90mâ”€[39m[90mâ”€[39m[90mâ”€[39m[90mâ”€[39m[90mâ”€[39m[90mâ”€[39m[90mâ”€[39m[90mâ”€[39m[90mâ”€[39m[90mâ”€[39m[90mâ”€[39m[90mâ”€[39m[90mâ”€[39m[90mâ”€[39m[90mâ”€[39m[90mâ”€[39m[90mâ”€[39m[90mâ”€[39m[90mâ”€[39m[90mâ”€[39m[90mâ”€[39m[90mâ”€[39m[90mâ”€[39m[90mâ”€[39m[90mâ”€[39m[90mâ”€[39m[90mâ”€[39m[90mâ”€[39m[90mâ”€[39m[90mâ”€[39m[90mâ”€[39m[90mâ”€[39m[90mâ”€[39m[90mâ”€[39m[90mâ”€[39m[90mâ”€[39m[90mâ”€[39m[90mâ”€[39m[90mâ”€[39m[90mâ”€[39m[90mâ”€[39m[90mâ”€[39m[90mâ”€[39m[90mâ”€[39m[90mâ”€[39m[90mâ”€[39m[90mâ”€[39m[90mâ”€[39m[90mâ”€[39m[90mâ”€[39m[90mâ”€[39m[90mâ”€[39m[90mâ”€[39m[90mâ”€[39m[90mâ”€[39m[90mâ”¤[39m
Admin UI E2E (4, firefox)	Run Cypress	2024-11-10T00:33:25.9938526Z [90m  â”‚[39m [32mâœ”[39m  [0muser_fed_ldap_hardcoded_mapper_test[0m      [90m00:54[39m       [0m12[0m       [32m12[39m        [90m-[39m        [90m-[39m        [90m-[39m [90mâ”‚[39m
Admin UI E2E (4, firefox)	Run Cypress	2024-11-10T00:33:25.9940724Z [90m  â”‚[39m    [0m.spec.ts[0m                                                                                    [90mâ”‚[39m
Admin UI E2E (4, firefox)	Run Cypress	2024-11-10T00:33:25.9949242Z [90m  â”œ[39m[90mâ”€[39m[90mâ”€[39m[90mâ”€[39m[90mâ”€[39m[90mâ”€[39m[90mâ”€[39m[90mâ”€[39m[90mâ”€[39m[90mâ”€[39m[90mâ”€[39m[90mâ”€[39m[90mâ”€[39m[90mâ”€[39m[90mâ”€[39m[90mâ”€[39m[90mâ”€[39m[90mâ”€[39m[90mâ”€[39m[90mâ”€[39m[90mâ”€[39m[90mâ”€[39m[90mâ”€[39m[90mâ”€[39m[90mâ”€[39m[90mâ”€[39m[90mâ”€[39m[90mâ”€[39m[90mâ”€[39m[90mâ”€[39m[90mâ”€[39m[90mâ”€[39m[90mâ”€[39m[90mâ”€[39m[90mâ”€[39m[90mâ”€[39m[90mâ”€[39m[90mâ”€[39m[90mâ”€[39m[90mâ”€[39m[90mâ”€[39m[90mâ”€[39m[90mâ”€[39m[90mâ”€[39m[90mâ”€[39m[90mâ”€[39m[90mâ”€[39m[90mâ”€[39m[90mâ”€[39m[90mâ”€[39m[90mâ”€[39m[90mâ”€[39m[90mâ”€[39m[90mâ”€[39m[90mâ”€[39m[90mâ”€[39m[90mâ”€[39m[90mâ”€[39m[90mâ”€[39m[90mâ”€[39m[90mâ”€[39m[90mâ”€[39m[90mâ”€[39m[90mâ”€[39m[90mâ”€[39m[90mâ”€[39m[90mâ”€[39m[90mâ”€[39m[90mâ”€[39m[90mâ”€[39m[90mâ”€[39m[90mâ”€[39m[90mâ”€[39m[90mâ”€[39m[90mâ”€[39m[90mâ”€[39m[90mâ”€[39m[90mâ”€[39m[90mâ”€[39m[90mâ”€[39m[90mâ”€[39m[90mâ”€[39m[90mâ”€[39m[90mâ”€[39m[90mâ”€[39m[90mâ”€[39m[90mâ”€[39m[90mâ”€[39m[90mâ”€[39m[90mâ”€[39m[90mâ”€[39m[90mâ”€[39m[90mâ”€[39m[90mâ”€[39m[90mâ”€[39m[90mâ”€[39m[90mâ”€[39m[90mâ”¤[39m
Admin UI E2E (4, firefox)	Run Cypress	2024-11-10T00:33:25.9956873Z [90m  â”‚[39m [31mâœ–[39m  [0mrealm_roles_test.spec.ts[0m                 [90m02:35[39m       [0m22[0m       [32m21[39m        [31m1[39m        [90m-[39m        [90m-[39m [90mâ”‚[39m
Admin UI E2E (4, firefox)	Run Cypress	2024-11-10T00:33:25.9966321Z [90m  â””[39m[90mâ”€[39m[90mâ”€[39m[90mâ”€[39m[90mâ”€[39m[90mâ”€[39m[90mâ”€[39m[90mâ”€[39m[90mâ”€[39m[90mâ”€[39m[90mâ”€[39m[90mâ”€[39m[90mâ”€[39m[90mâ”€[39m[90mâ”€[39m[90mâ”€[39m[90mâ”€[39m[90mâ”€[39m[90mâ”€[39m[90mâ”€[39m[90mâ”€[39m[90mâ”€[39m[90mâ”€[39m[90mâ”€[39m[90mâ”€[39m[90mâ”€[39m[90mâ”€[39m[90mâ”€[39m[90mâ”€[39m[90mâ”€[39m[90mâ”€[39m[90mâ”€[39m[90mâ”€[39m[90mâ”€[39m[90mâ”€[39m[90mâ”€[39m[90mâ”€[39m[90mâ”€[39m[90mâ”€[39m[90mâ”€[39m[90mâ”€[39m[90mâ”€[39m[90mâ”€[39m[90mâ”€[39m[90mâ”€[39m[90mâ”€[39m[90mâ”€[39m[90mâ”€[39m[90mâ”€[39m[90mâ”€[39m[90mâ”€[39m[90mâ”€[39m[90mâ”€[39m[90mâ”€[39m[90mâ”€[39m[90mâ”€[39m[90mâ”€[39m[90mâ”€[39m[90mâ”€[39m[90mâ”€[39m[90mâ”€[39m[90mâ”€[39m[90mâ”€[39m[90mâ”€[39m[90mâ”€[39m[90mâ”€[39m[90mâ”€[39m[90mâ”€[39m[90mâ”€[39m[90mâ”€[39m[90mâ”€[39m[90mâ”€[39m[90mâ”€[39m[90mâ”€[39m[90mâ”€[39m[90mâ”€[39m[90mâ”€[39m[90mâ”€[39m[90mâ”€[39m[90mâ”€[39m[90mâ”€[39m[90mâ”€[39m[90mâ”€[39m[90mâ”€[39m[90mâ”€[39m[90mâ”€[39m[90mâ”€[39m[90mâ”€[39m[90mâ”€[39m[90mâ”€[39m[90mâ”€[39m[90mâ”€[39m[90mâ”€[39m[90mâ”€[39m[90mâ”€[39m[90mâ”€[39m[90mâ”€[39m[90mâ”˜[39m
Admin UI E2E (4, firefox)	Run Cypress	2024-11-10T00:33:25.9974027Z [90m   [39m [31mâœ–[39m  [31m1 of 3 failed (33%)[39m                      [90m03:42[39m       [0m37[0m       [32m36[39m        [31m1[39m        [90m-[39m        [90m-[39m [90m [39m
Admin UI E2E (4, firefox)	Run Cypress	2024-11-10T00:33:25.9975133Z 
Admin UI E2E (4, firefox)	Run Cypress	2024-11-10T00:33:26.1099399Z ##[error]Cypress tests: 1 failed
Status Check - Keycloak JavaScript CI	Run /./.github/actions/status-check	2024-11-10T00:36:01.8914105Z Prepare all required actions
Status Check - Keycloak JavaScript CI	Run /./.github/actions/status-check	2024-11-10T00:36:01.9000065Z ##[group]Run ./.github/actions/status-check
Status Check - Keycloak JavaScript CI	Run /./.github/actions/status-check	2024-11-10T00:36:01.9000545Z with:
Status Check - Keycloak JavaScript CI	Run /./.github/actions/status-check	2024-11-10T00:36:01.9002326Z   jobs: {
Status Check - Keycloak JavaScript CI	Run /./.github/actions/status-check	  "conditional": {
Status Check - Keycloak JavaScript CI	Run /./.github/actions/status-check	    "result": "success",
Status Check - Keycloak JavaScript CI	Run /./.github/actions/status-check	    "outputs": {
Status Check - Keycloak JavaScript CI	Run /./.github/actions/status-check	      "js-ci": "true"
Status Check - Keycloak JavaScript CI	Run /./.github/actions/status-check	    }
Status Check - Keycloak JavaScript CI	Run /./.github/actions/status-check	  },
Status Check - Keycloak JavaScript CI	Run /./.github/actions/status-check	  "build-keycloak": {
Status Check - Keycloak JavaScript CI	Run /./.github/actions/status-check	    "result": "success",
Status Check - Keycloak JavaScript CI	Run /./.github/actions/status-check	    "outputs": {}
Status Check - Keycloak JavaScript CI	Run /./.github/actions/status-check	  },
Status Check - Keycloak JavaScript CI	Run /./.github/actions/status-check	  "admin-client": {
Status Check - Keycloak JavaScript CI	Run /./.github/actions/status-check	    "result": "success",
Status Check - Keycloak JavaScript CI	Run /./.github/actions/status-check	    "outputs": {}
Status Check - Keycloak JavaScript CI	Run /./.github/actions/status-check	  },
Status Check - Keycloak JavaScript CI	Run /./.github/actions/status-check	  "ui-shared": {
Status Check - Keycloak JavaScript CI	Run /./.github/actions/status-check	    "result": "success",
Status Check - Keycloak JavaScript CI	Run /./.github/actions/status-check	    "outputs": {}
Status Check - Keycloak JavaScript CI	Run /./.github/actions/status-check	  },
Status Check - Keycloak JavaScript CI	Run /./.github/actions/status-check	  "account-ui": {
Status Check - Keycloak JavaScript CI	Run /./.github/actions/status-check	    "result": "success",
Status Check - Keycloak JavaScript CI	Run /./.github/actions/status-check	    "outputs": {}
Status Check - Keycloak JavaScript CI	Run /./.github/actions/status-check	  },
Status Check - Keycloak JavaScript CI	Run /./.github/actions/status-check	  "account-ui-e2e": {
Status Check - Keycloak JavaScript CI	Run /./.github/actions/status-check	    "result": "success",
Status Check - Keycloak JavaScript CI	Run /./.github/actions/status-check	    "outputs": {}
Status Check - Keycloak JavaScript CI	Run /./.github/actions/status-check	  },
Status Check - Keycloak JavaScript CI	Run /./.github/actions/status-check	  "admin-ui": {
Status Check - Keycloak JavaScript CI	Run /./.github/actions/status-check	    "result": "success",
Status Check - Keycloak JavaScript CI	Run /./.github/actions/status-check	    "outputs": {}
Status Check - Keycloak JavaScript CI	Run /./.github/actions/status-check	  },
Status Check - Keycloak JavaScript CI	Run /./.github/actions/status-check	  "admin-ui-e2e": {
Status Check - Keycloak JavaScript CI	Run /./.github/actions/status-check	    "result": "failure",
Status Check - Keycloak JavaScript CI	Run /./.github/actions/status-check	    "outputs": {}
Status Check - Keycloak JavaScript CI	Run /./.github/actions/status-check	  }
Status Check - Keycloak JavaScript CI	Run /./.github/actions/status-check	}
Status Check - Keycloak JavaScript CI	Run /./.github/actions/status-check	2024-11-10T00:36:01.9004051Z env:
Status Check - Keycloak JavaScript CI	Run /./.github/actions/status-check	2024-11-10T00:36:01.9004710Z   MAVEN_ARGS: -B -nsu -Daether.connector.http.connectionMaxTtl=25
Status Check - Keycloak JavaScript CI	Run /./.github/actions/status-check	2024-11-10T00:36:01.9005326Z ##[endgroup]
Status Check - Keycloak JavaScript CI	Run /./.github/actions/status-check	2024-11-10T00:36:01.9261806Z ##[group]Run JOBS='{
Status Check - Keycloak JavaScript CI	Run /./.github/actions/status-check	2024-11-10T00:36:01.9262299Z [36;1mJOBS='{[0m
Status Check - Keycloak JavaScript CI	Run /./.github/actions/status-check	2024-11-10T00:36:01.9262922Z [36;1m  "conditional": {[0m
Status Check - Keycloak JavaScript CI	Run /./.github/actions/status-check	2024-11-10T00:36:01.9263302Z [36;1m    "result": "success",[0m
Status Check - Keycloak JavaScript CI	Run /./.github/actions/status-check	2024-11-10T00:36:01.9263746Z [36;1m    "outputs": {[0m
Status Check - Keycloak JavaScript CI	Run /./.github/actions/status-check	2024-11-10T00:36:01.9264200Z [36;1m      "js-ci": "true"[0m
Status Check - Keycloak JavaScript CI	Run /./.github/actions/status-check	2024-11-10T00:36:01.9264536Z [36;1m    }[0m
Status Check - Keycloak JavaScript CI	Run /./.github/actions/status-check	2024-11-10T00:36:01.9264860Z [36;1m  },[0m
Status Check - Keycloak JavaScript CI	Run /./.github/actions/status-check	2024-11-10T00:36:01.9265271Z [36;1m  "build-keycloak": {[0m
Status Check - Keycloak JavaScript CI	Run /./.github/actions/status-check	2024-11-10T00:36:01.9265667Z [36;1m    "result": "success",[0m
Status Check - Keycloak JavaScript CI	Run /./.github/actions/status-check	2024-11-10T00:36:01.9266077Z [36;1m    "outputs": {}[0m
Status Check - Keycloak JavaScript CI	Run /./.github/actions/status-check	2024-11-10T00:36:01.9266492Z [36;1m  },[0m
Status Check - Keycloak JavaScript CI	Run /./.github/actions/status-check	2024-11-10T00:36:01.9266780Z [36;1m  "admin-client": {[0m
Status Check - Keycloak JavaScript CI	Run /./.github/actions/status-check	2024-11-10T00:36:01.9267166Z [36;1m    "result": "success",[0m
Status Check - Keycloak JavaScript CI	Run /./.github/actions/status-check	2024-11-10T00:36:01.9267618Z [36;1m    "outputs": {}[0m
Status Check - Keycloak JavaScript CI	Run /./.github/actions/status-check	2024-11-10T00:36:01.9267930Z [36;1m  },[0m
Status Check - Keycloak JavaScript CI	Run /./.github/actions/status-check	2024-11-10T00:36:01.9268270Z [36;1m  "ui-shared": {[0m
Status Check - Keycloak JavaScript CI	Run /./.github/actions/status-check	2024-11-10T00:36:01.9268698Z [36;1m    "result": "success",[0m
Status Check - Keycloak JavaScript CI	Run /./.github/actions/status-check	2024-11-10T00:36:01.9269059Z [36;1m    "outputs": {}[0m
Status Check - Keycloak JavaScript CI	Run /./.github/actions/status-check	2024-11-10T00:36:01.9269407Z [36;1m  },[0m
Status Check - Keycloak JavaScript CI	Run /./.github/actions/status-check	2024-11-10T00:36:01.9269790Z [36;1m  "account-ui": {[0m
Status Check - Keycloak JavaScript CI	Run /./.github/actions/status-check	2024-11-10T00:36:01.9270134Z [36;1m    "result": "success",[0m
Status Check - Keycloak JavaScript CI	Run /./.github/actions/status-check	2024-11-10T00:36:01.9270512Z [36;1m    "outputs": {}[0m
Status Check - Keycloak JavaScript CI	Run /./.github/actions/status-check	2024-11-10T00:36:01.9270915Z [36;1m  },[0m
Status Check - Keycloak JavaScript CI	Run /./.github/actions/status-check	2024-11-10T00:36:01.9271215Z [36;1m  "account-ui-e2e": {[0m
Status Check - Keycloak JavaScript CI	Run /./.github/actions/status-check	2024-11-10T00:36:01.9271589Z [36;1m    "result": "success",[0m
Status Check - Keycloak JavaScript CI	Run /./.github/actions/status-check	2024-11-10T00:36:01.9272036Z [36;1m    "outputs": {}[0m
Status Check - Keycloak JavaScript CI	Run /./.github/actions/status-check	2024-11-10T00:36:01.9272360Z [36;1m  },[0m
Status Check - Keycloak JavaScript CI	Run /./.github/actions/status-check	2024-11-10T00:36:01.9272669Z [36;1m  "admin-ui": {[0m
Status Check - Keycloak JavaScript CI	Run /./.github/actions/status-check	2024-11-10T00:36:01.9273104Z [36;1m    "result": "success",[0m
Status Check - Keycloak JavaScript CI	Run /./.github/actions/status-check	2024-11-10T00:36:01.9273446Z [36;1m    "outputs": {}[0m
Status Check - Keycloak JavaScript CI	Run /./.github/actions/status-check	2024-11-10T00:36:01.9273788Z [36;1m  },[0m
Status Check - Keycloak JavaScript CI	Run /./.github/actions/status-check	2024-11-10T00:36:01.9274247Z [36;1m  "admin-ui-e2e": {[0m
Status Check - Keycloak JavaScript CI	Run /./.github/actions/status-check	2024-11-10T00:36:01.9274590Z [36;1m    "result": "failure",[0m
Status Check - Keycloak JavaScript CI	Run /./.github/actions/status-check	2024-11-10T00:36:01.9274970Z [36;1m    "outputs": {}[0m
Status Check - Keycloak JavaScript CI	Run /./.github/actions/status-check	2024-11-10T00:36:01.9275393Z [36;1m  }[0m
Status Check - Keycloak JavaScript CI	Run /./.github/actions/status-check	2024-11-10T00:36:01.9275657Z [36;1m}'[0m
Status Check - Keycloak JavaScript CI	Run /./.github/actions/status-check	2024-11-10T00:36:01.9275953Z [36;1m[0m
Status Check - Keycloak JavaScript CI	Run /./.github/actions/status-check	2024-11-10T00:36:01.9276333Z [36;1mecho "Job status:"[0m
Status Check - Keycloak JavaScript CI	Run /./.github/actions/status-check	2024-11-10T00:36:01.9276832Z [36;1mecho $JOBS | jq -r 'to_entries[] | " - \(.key): \(.value.result)"'[0m
Status Check - Keycloak JavaScript CI	Run /./.github/actions/status-check	2024-11-10T00:36:01.9277379Z [36;1m[0m
Status Check - Keycloak JavaScript CI	Run /./.github/actions/status-check	2024-11-10T00:36:01.9277899Z [36;1mfor i in $(echo $JOBS | jq -r 'to_entries[] | .value.result'); do[0m
Status Check - Keycloak JavaScript CI	Run /./.github/actions/status-check	2024-11-10T00:36:01.9278497Z [36;1m  if [ "$i" != "success" ] && [ "$i" != "skipped" ]; then[0m
Status Check - Keycloak JavaScript CI	Run /./.github/actions/status-check	2024-11-10T00:36:01.9278985Z [36;1m    echo ""[0m
Status Check - Keycloak JavaScript CI	Run /./.github/actions/status-check	2024-11-10T00:36:01.9279437Z [36;1m    echo "Status check not okay!"[0m
Status Check - Keycloak JavaScript CI	Run /./.github/actions/status-check	2024-11-10T00:36:01.9279824Z [36;1m    exit 1[0m
Status Check - Keycloak JavaScript CI	Run /./.github/actions/status-check	2024-11-10T00:36:01.9280168Z [36;1m  fi[0m
Status Check - Keycloak JavaScript CI	Run /./.github/actions/status-check	2024-11-10T00:36:01.9280534Z [36;1mdone[0m
Status Check - Keycloak JavaScript CI	Run /./.github/actions/status-check	2024-11-10T00:36:01.9378224Z shell: /usr/bin/bash --noprofile --norc -e -o pipefail {0}
Status Check - Keycloak JavaScript CI	Run /./.github/actions/status-check	2024-11-10T00:36:01.9378889Z env:
Status Check - Keycloak JavaScript CI	Run /./.github/actions/status-check	2024-11-10T00:36:01.9379313Z   MAVEN_ARGS: -B -nsu -Daether.connector.http.connectionMaxTtl=25
Status Check - Keycloak JavaScript CI	Run /./.github/actions/status-check	2024-11-10T00:36:01.9379861Z ##[endgroup]
Status Check - Keycloak JavaScript CI	Run /./.github/actions/status-check	2024-11-10T00:36:01.9530924Z Job status:
Status Check - Keycloak JavaScript CI	Run /./.github/actions/status-check	2024-11-10T00:36:01.9750359Z  - conditional: success
Status Check - Keycloak JavaScript CI	Run /./.github/actions/status-check	2024-11-10T00:36:01.9751026Z  - build-keycloak: success
Status Check - Keycloak JavaScript CI	Run /./.github/actions/status-check	2024-11-10T00:36:01.9752125Z  - admin-client: success
Status Check - Keycloak JavaScript CI	Run /./.github/actions/status-check	2024-11-10T00:36:01.9752784Z  - ui-shared: success
Status Check - Keycloak JavaScript CI	Run /./.github/actions/status-check	2024-11-10T00:36:01.9753324Z  - account-ui: success
Status Check - Keycloak JavaScript CI	Run /./.github/actions/status-check	2024-11-10T00:36:01.9756327Z  - account-ui-e2e: success
Status Check - Keycloak JavaScript CI	Run /./.github/actions/status-check	2024-11-10T00:36:01.9757010Z  - admin-ui: success
Status Check - Keycloak JavaScript CI	Run /./.github/actions/status-check	2024-11-10T00:36:01.9764087Z  - admin-ui-e2e: failure
Status Check - Keycloak JavaScript CI	Run /./.github/actions/status-check	2024-11-10T00:36:01.9964600Z 
Status Check - Keycloak JavaScript CI	Run /./.github/actions/status-check	2024-11-10T00:36:01.9965085Z Status check not okay!
Status Check - Keycloak JavaScript CI	Run /./.github/actions/status-check	2024-11-10T00:36:01.9980397Z ##[error]Process completed with exit code 1.
