Build Keycloak	Build Keycloak	ï»¿2026-01-02T04:18:48.7922078Z Prepare all required actions
Build Keycloak	Build Keycloak	2026-01-02T04:18:48.7922625Z Getting action download info
Build Keycloak	Build Keycloak	2026-01-02T04:18:48.9949624Z Download action repository 'actions/upload-artifact@ea165f8d65b6e75b540449e92b4886f43607fa02' (SHA:ea165f8d65b6e75b540449e92b4886f43607fa02)
Build Keycloak	Build Keycloak	2026-01-02T04:18:49.1179183Z ##[group]Run ./.github/actions/build-keycloak
Build Keycloak	Build Keycloak	2026-01-02T04:18:49.1179556Z with:
Build Keycloak	Build Keycloak	2026-01-02T04:18:49.1179777Z   upload-m2-repo: true
Build Keycloak	Build Keycloak	2026-01-02T04:18:49.1180025Z   upload-dist: false
Build Keycloak	Build Keycloak	2026-01-02T04:18:49.1180245Z env:
Build Keycloak	Build Keycloak	2026-01-02T04:18:49.1180557Z   MAVEN_ARGS: -B -nsu -Daether.connector.http.connectionMaxTtl=25
Build Keycloak	Build Keycloak	2026-01-02T04:18:49.1180920Z ##[endgroup]
Build Keycloak	Build Keycloak	2026-01-02T04:18:49.1255531Z Prepare all required actions
Build Keycloak	Build Keycloak	2026-01-02T04:18:49.1255888Z Getting action download info
Build Keycloak	Build Keycloak	2026-01-02T04:18:49.3286959Z Download action repository 'actions/setup-java@c5195efecf7bdfc987ee8bae7a71cb8b11521c00' (SHA:c5195efecf7bdfc987ee8bae7a71cb8b11521c00)
Build Keycloak	Build Keycloak	2026-01-02T04:18:49.9936945Z ##[group]Run ./.github/actions/java-setup
Build Keycloak	Build Keycloak	2026-01-02T04:18:49.9937244Z with:
Build Keycloak	Build Keycloak	2026-01-02T04:18:49.9937479Z   distribution: temurin
Build Keycloak	Build Keycloak	2026-01-02T04:18:49.9937709Z   java-version: 21
Build Keycloak	Build Keycloak	2026-01-02T04:18:49.9937894Z env:
Build Keycloak	Build Keycloak	2026-01-02T04:18:49.9938165Z   MAVEN_ARGS: -B -nsu -Daether.connector.http.connectionMaxTtl=25
Build Keycloak	Build Keycloak	2026-01-02T04:18:49.9938486Z ##[endgroup]
Build Keycloak	Build Keycloak	2026-01-02T04:18:50.0039185Z ##[group]Run actions/setup-java@c5195efecf7bdfc987ee8bae7a71cb8b11521c00
Build Keycloak	Build Keycloak	2026-01-02T04:18:50.0039599Z with:
Build Keycloak	Build Keycloak	2026-01-02T04:18:50.0039788Z   distribution: temurin
Build Keycloak	Build Keycloak	2026-01-02T04:18:50.0039995Z   java-version: 21
Build Keycloak	Build Keycloak	2026-01-02T04:18:50.0040186Z   java-package: jdk
Build Keycloak	Build Keycloak	2026-01-02T04:18:50.0040384Z   check-latest: false
Build Keycloak	Build Keycloak	2026-01-02T04:18:50.0040599Z   server-id: github
Build Keycloak	Build Keycloak	2026-01-02T04:18:50.0040792Z   server-username: GITHUB_ACTOR
Build Keycloak	Build Keycloak	2026-01-02T04:18:50.0041039Z   server-password: GITHUB_TOKEN
Build Keycloak	Build Keycloak	2026-01-02T04:18:50.0041273Z   overwrite-settings: true
Build Keycloak	Build Keycloak	2026-01-02T04:18:50.0041489Z   job-status: success
Build Keycloak	Build Keycloak	2026-01-02T04:18:50.0041809Z   token: ***
Build Keycloak	Build Keycloak	2026-01-02T04:18:50.0041983Z env:
Build Keycloak	Build Keycloak	2026-01-02T04:18:50.0042251Z   MAVEN_ARGS: -B -nsu -Daether.connector.http.connectionMaxTtl=25
Build Keycloak	Build Keycloak	2026-01-02T04:18:50.0042588Z ##[endgroup]
Build Keycloak	Build Keycloak	2026-01-02T04:18:50.2045561Z ##[group]Installed distributions
Build Keycloak	Build Keycloak	2026-01-02T04:18:50.2251422Z Resolved Java 21.0.9+10 from tool-cache
Build Keycloak	Build Keycloak	2026-01-02T04:18:50.2252524Z Setting Java 21.0.9+10 as the default
Build Keycloak	Build Keycloak	2026-01-02T04:18:50.2265905Z Creating toolchains.xml for JDK version 21 from temurin
Build Keycloak	Build Keycloak	2026-01-02T04:18:50.2343728Z Writing to /home/runner/.m2/toolchains.xml
Build Keycloak	Build Keycloak	2026-01-02T04:18:50.2344705Z 
Build Keycloak	Build Keycloak	2026-01-02T04:18:50.2344930Z Java configuration:
Build Keycloak	Build Keycloak	2026-01-02T04:18:50.2346031Z   Distribution: temurin
Build Keycloak	Build Keycloak	2026-01-02T04:18:50.2346442Z   Version: 21.0.9+10
Build Keycloak	Build Keycloak	2026-01-02T04:18:50.2347243Z   Path: /opt/hostedtoolcache/Java_Temurin-Hotspot_jdk/21.0.9-10/x64
Build Keycloak	Build Keycloak	2026-01-02T04:18:50.2347795Z 
Build Keycloak	Build Keycloak	2026-01-02T04:18:50.2348245Z ##[endgroup]
Build Keycloak	Build Keycloak	2026-01-02T04:18:50.2367697Z Creating settings.xml with server-id: github
Build Keycloak	Build Keycloak	2026-01-02T04:18:50.2373605Z Writing to /home/runner/.m2/settings.xml
Build Keycloak	Build Keycloak	2026-01-02T04:18:50.2529297Z Prepare all required actions
Build Keycloak	Build Keycloak	2026-01-02T04:18:50.2529621Z Getting action download info
Build Keycloak	Build Keycloak	2026-01-02T04:18:50.4514628Z Download action repository 'actions/cache@5a3ec84eff668545956fd18022155c47e93e2684' (SHA:5a3ec84eff668545956fd18022155c47e93e2684)
Build Keycloak	Build Keycloak	2026-01-02T04:18:50.6162173Z ##[group]Run ./.github/actions/maven-cache
Build Keycloak	Build Keycloak	2026-01-02T04:18:50.6162477Z with:
Build Keycloak	Build Keycloak	2026-01-02T04:18:50.6162699Z   create-cache-if-it-doesnt-exist: true
Build Keycloak	Build Keycloak	2026-01-02T04:18:50.6162955Z env:
Build Keycloak	Build Keycloak	2026-01-02T04:18:50.6163430Z   MAVEN_ARGS: -B -nsu -Daether.connector.http.connectionMaxTtl=25
Build Keycloak	Build Keycloak	2026-01-02T04:18:50.6163876Z   JAVA_HOME: /opt/hostedtoolcache/Java_Temurin-Hotspot_jdk/21.0.9-10/x64
Build Keycloak	Build Keycloak	2026-01-02T04:18:50.6164321Z   JAVA_HOME_21_X64: /opt/hostedtoolcache/Java_Temurin-Hotspot_jdk/21.0.9-10/x64
Build Keycloak	Build Keycloak	2026-01-02T04:18:50.6164684Z ##[endgroup]
Build Keycloak	Build Keycloak	2026-01-02T04:18:50.6196167Z ##[group]Run echo "key=mvn-`date -u "+%Y-%U"`" >> $GITHUB_OUTPUT
Build Keycloak	Build Keycloak	2026-01-02T04:18:50.6196653Z [36;1mecho "key=mvn-`date -u "+%Y-%U"`" >> $GITHUB_OUTPUT[0m
Build Keycloak	Build Keycloak	2026-01-02T04:18:50.6236916Z shell: /usr/bin/bash --noprofile --norc -e -o pipefail {0}
Build Keycloak	Build Keycloak	2026-01-02T04:18:50.6237504Z env:
Build Keycloak	Build Keycloak	2026-01-02T04:18:50.6237787Z   MAVEN_ARGS: -B -nsu -Daether.connector.http.connectionMaxTtl=25
Build Keycloak	Build Keycloak	2026-01-02T04:18:50.6238235Z   JAVA_HOME: /opt/hostedtoolcache/Java_Temurin-Hotspot_jdk/21.0.9-10/x64
Build Keycloak	Build Keycloak	2026-01-02T04:18:50.6238721Z   JAVA_HOME_21_X64: /opt/hostedtoolcache/Java_Temurin-Hotspot_jdk/21.0.9-10/x64
Build Keycloak	Build Keycloak	2026-01-02T04:18:50.6239068Z ##[endgroup]
Build Keycloak	Build Keycloak	2026-01-02T04:18:50.6400544Z ##[group]Run actions/cache@5a3ec84eff668545956fd18022155c47e93e2684
Build Keycloak	Build Keycloak	2026-01-02T04:18:50.6400880Z with:
Build Keycloak	Build Keycloak	2026-01-02T04:18:50.6401131Z   path: ~/.m2/repository/*/*
Build Keycloak	Build Keycloak	!~/.m2/repository/org/keycloak
Build Keycloak	Build Keycloak	
Build Keycloak	Build Keycloak	2026-01-02T04:18:50.6401460Z   key: mvn-Linux-mvn-2026-00
Build Keycloak	Build Keycloak	2026-01-02T04:18:50.6401885Z   restore-keys: mvn--mvn-2026-00
Build Keycloak	Build Keycloak	
Build Keycloak	Build Keycloak	2026-01-02T04:18:50.6402145Z   enableCrossOsArchive: true
Build Keycloak	Build Keycloak	2026-01-02T04:18:50.6402381Z   fail-on-cache-miss: false
Build Keycloak	Build Keycloak	2026-01-02T04:18:50.6402595Z   lookup-only: false
Build Keycloak	Build Keycloak	2026-01-02T04:18:50.6402791Z   save-always: false
Build Keycloak	Build Keycloak	2026-01-02T04:18:50.6402969Z env:
Build Keycloak	Build Keycloak	2026-01-02T04:18:50.6403452Z   MAVEN_ARGS: -B -nsu -Daether.connector.http.connectionMaxTtl=25
Build Keycloak	Build Keycloak	2026-01-02T04:18:50.6403924Z   JAVA_HOME: /opt/hostedtoolcache/Java_Temurin-Hotspot_jdk/21.0.9-10/x64
Build Keycloak	Build Keycloak	2026-01-02T04:18:50.6404392Z   JAVA_HOME_21_X64: /opt/hostedtoolcache/Java_Temurin-Hotspot_jdk/21.0.9-10/x64
Build Keycloak	Build Keycloak	2026-01-02T04:18:50.6404740Z ##[endgroup]
Build Keycloak	Build Keycloak	2026-01-02T04:18:51.0339339Z Cache hit for: mvn-Linux-mvn-2026-00
Build Keycloak	Build Keycloak	2026-01-02T04:18:52.3138766Z Received 8388608 of 701456867 (1.2%), 8.0 MBs/sec
Build Keycloak	Build Keycloak	2026-01-02T04:18:53.3177401Z Received 134217728 of 701456867 (19.1%), 63.9 MBs/sec
Build Keycloak	Build Keycloak	2026-01-02T04:18:54.3183560Z Received 268435456 of 701456867 (38.3%), 85.2 MBs/sec
Build Keycloak	Build Keycloak	2026-01-02T04:18:55.3197005Z Received 402653184 of 701456867 (57.4%), 95.9 MBs/sec
Build Keycloak	Build Keycloak	2026-01-02T04:18:56.3202177Z Received 536870912 of 701456867 (76.5%), 102.3 MBs/sec
Build Keycloak	Build Keycloak	2026-01-02T04:18:57.3211200Z Received 666894336 of 701456867 (95.1%), 105.9 MBs/sec
Build Keycloak	Build Keycloak	2026-01-02T04:18:57.7525297Z Received 701456867 of 701456867 (100.0%), 103.9 MBs/sec
Build Keycloak	Build Keycloak	2026-01-02T04:18:57.7527897Z Cache Size: ~669 MB (701456867 B)
Build Keycloak	Build Keycloak	2026-01-02T04:18:57.7641894Z [command]/usr/bin/tar -xf /home/runner/work/_temp/0488fe64-3097-4fcc-b36a-2f9ef8fd91fc/cache.tzst -P -C /home/runner/work/keycloak/keycloak --use-compress-program unzstd
Build Keycloak	Build Keycloak	2026-01-02T04:18:59.6574464Z Cache restored successfully
Build Keycloak	Build Keycloak	2026-01-02T04:18:59.7960662Z Cache restored from key: mvn-Linux-mvn-2026-00
Build Keycloak	Build Keycloak	2026-01-02T04:18:59.8093462Z Prepare all required actions
Build Keycloak	Build Keycloak	2026-01-02T04:18:59.8093815Z Getting action download info
Build Keycloak	Build Keycloak	2026-01-02T04:18:59.9993719Z ##[group]Run ./.github/actions/node-cache
Build Keycloak	Build Keycloak	2026-01-02T04:18:59.9994181Z env:
Build Keycloak	Build Keycloak	2026-01-02T04:18:59.9994549Z   MAVEN_ARGS: -B -nsu -Daether.connector.http.connectionMaxTtl=25
Build Keycloak	Build Keycloak	2026-01-02T04:18:59.9995036Z   JAVA_HOME: /opt/hostedtoolcache/Java_Temurin-Hotspot_jdk/21.0.9-10/x64
Build Keycloak	Build Keycloak	2026-01-02T04:18:59.9995510Z   JAVA_HOME_21_X64: /opt/hostedtoolcache/Java_Temurin-Hotspot_jdk/21.0.9-10/x64
Build Keycloak	Build Keycloak	2026-01-02T04:18:59.9995853Z ##[endgroup]
Build Keycloak	Build Keycloak	2026-01-02T04:19:00.0013553Z ##[group]Run echo "node=$(cat js/pom.xml | grep '<node.version>' | cut -d '>' -f 2 | cut -d '<' -f 1 | cut -c 2-)" >> $GITHUB_OUTPUT
Build Keycloak	Build Keycloak	2026-01-02T04:19:00.0014277Z [36;1mecho "node=$(cat js/pom.xml | grep '<node.version>' | cut -d '>' -f 2 | cut -d '<' -f 1 | cut -c 2-)" >> $GITHUB_OUTPUT[0m
Build Keycloak	Build Keycloak	2026-01-02T04:19:00.0014922Z [36;1mecho "pnpm=$(cat js/pom.xml | grep '<pnpm.version>' | cut -d '>' -f 2 | cut -d '<' -f 1 | cut -c 1-)" >> $GITHUB_OUTPUT[0m
Build Keycloak	Build Keycloak	2026-01-02T04:19:00.0047914Z shell: /usr/bin/bash --noprofile --norc -e -o pipefail {0}
Build Keycloak	Build Keycloak	2026-01-02T04:19:00.0048228Z env:
Build Keycloak	Build Keycloak	2026-01-02T04:19:00.0048506Z   MAVEN_ARGS: -B -nsu -Daether.connector.http.connectionMaxTtl=25
Build Keycloak	Build Keycloak	2026-01-02T04:19:00.0048971Z   JAVA_HOME: /opt/hostedtoolcache/Java_Temurin-Hotspot_jdk/21.0.9-10/x64
Build Keycloak	Build Keycloak	2026-01-02T04:19:00.0049440Z   JAVA_HOME_21_X64: /opt/hostedtoolcache/Java_Temurin-Hotspot_jdk/21.0.9-10/x64
Build Keycloak	Build Keycloak	2026-01-02T04:19:00.0049790Z ##[endgroup]
Build Keycloak	Build Keycloak	2026-01-02T04:19:00.0202834Z ##[group]Run actions/cache@5a3ec84eff668545956fd18022155c47e93e2684
Build Keycloak	Build Keycloak	2026-01-02T04:19:00.0203895Z with:
Build Keycloak	Build Keycloak	2026-01-02T04:19:00.0204332Z   path: ~/.m2/repository/com/github/eirslett/node
Build Keycloak	Build Keycloak	~/.m2/repository/com/github/eirslett/pnpm
Build Keycloak	Build Keycloak	
Build Keycloak	Build Keycloak	2026-01-02T04:19:00.0205047Z   key: Linux-frontend-plugin-artifacts-24.9.0-10.14.0
Build Keycloak	Build Keycloak	2026-01-02T04:19:00.0205378Z   enableCrossOsArchive: false
Build Keycloak	Build Keycloak	2026-01-02T04:19:00.0205627Z   fail-on-cache-miss: false
Build Keycloak	Build Keycloak	2026-01-02T04:19:00.0205850Z   lookup-only: false
Build Keycloak	Build Keycloak	2026-01-02T04:19:00.0206054Z   save-always: false
Build Keycloak	Build Keycloak	2026-01-02T04:19:00.0206237Z env:
Build Keycloak	Build Keycloak	2026-01-02T04:19:00.0206503Z   MAVEN_ARGS: -B -nsu -Daether.connector.http.connectionMaxTtl=25
Build Keycloak	Build Keycloak	2026-01-02T04:19:00.0206959Z   JAVA_HOME: /opt/hostedtoolcache/Java_Temurin-Hotspot_jdk/21.0.9-10/x64
Build Keycloak	Build Keycloak	2026-01-02T04:19:00.0207428Z   JAVA_HOME_21_X64: /opt/hostedtoolcache/Java_Temurin-Hotspot_jdk/21.0.9-10/x64
Build Keycloak	Build Keycloak	2026-01-02T04:19:00.0207920Z ##[endgroup]
Build Keycloak	Build Keycloak	2026-01-02T04:19:00.4097404Z Cache hit for: Linux-frontend-plugin-artifacts-24.9.0-10.14.0
Build Keycloak	Build Keycloak	2026-01-02T04:19:01.7077310Z Received 4194304 of 178075408 (2.4%), 4.0 MBs/sec
Build Keycloak	Build Keycloak	2026-01-02T04:19:02.7079698Z Received 130023424 of 178075408 (73.0%), 62.0 MBs/sec
Build Keycloak	Build Keycloak	2026-01-02T04:19:03.7072773Z Received 130023424 of 178075408 (73.0%), 41.3 MBs/sec
Build Keycloak	Build Keycloak	2026-01-02T04:19:04.7075319Z Received 130023424 of 178075408 (73.0%), 31.0 MBs/sec
Build Keycloak	Build Keycloak	2026-01-02T04:19:05.7078481Z Received 130023424 of 178075408 (73.0%), 24.8 MBs/sec
Build Keycloak	Build Keycloak	2026-01-02T04:19:06.7088877Z Received 130023424 of 178075408 (73.0%), 20.7 MBs/sec
Build Keycloak	Build Keycloak	2026-01-02T04:19:07.7098933Z Received 173881104 of 178075408 (97.6%), 23.7 MBs/sec
Build Keycloak	Build Keycloak	2026-01-02T04:19:08.7111250Z Received 173881104 of 178075408 (97.6%), 20.7 MBs/sec
Build Keycloak	Build Keycloak	2026-01-02T04:19:09.0355197Z Received 178075408 of 178075408 (100.0%), 20.4 MBs/sec
Build Keycloak	Build Keycloak	2026-01-02T04:19:09.0383688Z Cache Size: ~170 MB (178075408 B)
Build Keycloak	Build Keycloak	2026-01-02T04:19:09.0470197Z [command]/usr/bin/tar -xf /home/runner/work/_temp/fa98bed5-cdfc-4c09-8a32-54125a3b1db8/cache.tzst -P -C /home/runner/work/keycloak/keycloak --use-compress-program unzstd
Build Keycloak	Build Keycloak	2026-01-02T04:19:09.5294445Z Cache restored successfully
Build Keycloak	Build Keycloak	2026-01-02T04:19:09.5712634Z Cache restored from key: Linux-frontend-plugin-artifacts-24.9.0-10.14.0
Build Keycloak	Build Keycloak	2026-01-02T04:19:09.5830844Z Prepare all required actions
Build Keycloak	Build Keycloak	2026-01-02T04:19:09.5831192Z Getting action download info
Build Keycloak	Build Keycloak	2026-01-02T04:19:09.7686492Z ##[group]Run ./.github/actions/pnpm-store-cache
Build Keycloak	Build Keycloak	2026-01-02T04:19:09.7686806Z env:
Build Keycloak	Build Keycloak	2026-01-02T04:19:09.7687101Z   MAVEN_ARGS: -B -nsu -Daether.connector.http.connectionMaxTtl=25
Build Keycloak	Build Keycloak	2026-01-02T04:19:09.7687555Z   JAVA_HOME: /opt/hostedtoolcache/Java_Temurin-Hotspot_jdk/21.0.9-10/x64
Build Keycloak	Build Keycloak	2026-01-02T04:19:09.7688017Z   JAVA_HOME_21_X64: /opt/hostedtoolcache/Java_Temurin-Hotspot_jdk/21.0.9-10/x64
Build Keycloak	Build Keycloak	2026-01-02T04:19:09.7688370Z ##[endgroup]
Build Keycloak	Build Keycloak	2026-01-02T04:19:09.7702499Z ##[group]Run echo "key=pnpm-store-`date -u "+%Y-%U"`" >> $GITHUB_OUTPUT
Build Keycloak	Build Keycloak	2026-01-02T04:19:09.7702947Z [36;1mecho "key=pnpm-store-`date -u "+%Y-%U"`" >> $GITHUB_OUTPUT[0m
Build Keycloak	Build Keycloak	2026-01-02T04:19:09.7735630Z shell: /usr/bin/bash --noprofile --norc -e -o pipefail {0}
Build Keycloak	Build Keycloak	2026-01-02T04:19:09.7735959Z env:
Build Keycloak	Build Keycloak	2026-01-02T04:19:09.7736239Z   MAVEN_ARGS: -B -nsu -Daether.connector.http.connectionMaxTtl=25
Build Keycloak	Build Keycloak	2026-01-02T04:19:09.7736696Z   JAVA_HOME: /opt/hostedtoolcache/Java_Temurin-Hotspot_jdk/21.0.9-10/x64
Build Keycloak	Build Keycloak	2026-01-02T04:19:09.7737184Z   JAVA_HOME_21_X64: /opt/hostedtoolcache/Java_Temurin-Hotspot_jdk/21.0.9-10/x64
Build Keycloak	Build Keycloak	2026-01-02T04:19:09.7737530Z ##[endgroup]
Build Keycloak	Build Keycloak	2026-01-02T04:19:09.7836890Z ##[group]Run actions/cache@5a3ec84eff668545956fd18022155c47e93e2684
Build Keycloak	Build Keycloak	2026-01-02T04:19:09.7837226Z with:
Build Keycloak	Build Keycloak	2026-01-02T04:19:09.7837557Z   path: ~/.local/share/pnpm/store
Build Keycloak	Build Keycloak	~/AppData/Local/pnpm/store
Build Keycloak	Build Keycloak	~/Library/pnpm/store
Build Keycloak	Build Keycloak	
Build Keycloak	Build Keycloak	2026-01-02T04:19:09.7837961Z   key: Linux-pnpm-store-2026-00
Build Keycloak	Build Keycloak	2026-01-02T04:19:09.7838220Z   enableCrossOsArchive: false
Build Keycloak	Build Keycloak	2026-01-02T04:19:09.7838469Z   fail-on-cache-miss: false
Build Keycloak	Build Keycloak	2026-01-02T04:19:09.7838696Z   lookup-only: false
Build Keycloak	Build Keycloak	2026-01-02T04:19:09.7838910Z   save-always: false
Build Keycloak	Build Keycloak	2026-01-02T04:19:09.7839093Z env:
Build Keycloak	Build Keycloak	2026-01-02T04:19:09.7839381Z   MAVEN_ARGS: -B -nsu -Daether.connector.http.connectionMaxTtl=25
Build Keycloak	Build Keycloak	2026-01-02T04:19:09.7839845Z   JAVA_HOME: /opt/hostedtoolcache/Java_Temurin-Hotspot_jdk/21.0.9-10/x64
Build Keycloak	Build Keycloak	2026-01-02T04:19:09.7840313Z   JAVA_HOME_21_X64: /opt/hostedtoolcache/Java_Temurin-Hotspot_jdk/21.0.9-10/x64
Build Keycloak	Build Keycloak	2026-01-02T04:19:09.7840855Z ##[endgroup]
Build Keycloak	Build Keycloak	2026-01-02T04:19:10.1479597Z Cache hit for: Linux-pnpm-store-2026-00
Build Keycloak	Build Keycloak	2026-01-02T04:19:11.4289416Z Received 4194304 of 140446345 (3.0%), 4.0 MBs/sec
Build Keycloak	Build Keycloak	2026-01-02T04:19:12.4291668Z Received 134217728 of 140446345 (95.6%), 64.0 MBs/sec
Build Keycloak	Build Keycloak	2026-01-02T04:19:12.5534879Z Received 140446345 of 140446345 (100.0%), 63.0 MBs/sec
Build Keycloak	Build Keycloak	2026-01-02T04:19:12.5538021Z Cache Size: ~134 MB (140446345 B)
Build Keycloak	Build Keycloak	2026-01-02T04:19:12.5640586Z [command]/usr/bin/tar -xf /home/runner/work/_temp/5d72b19e-46ac-4722-969e-1a7f0cc719f8/cache.tzst -P -C /home/runner/work/keycloak/keycloak --use-compress-program unzstd
Build Keycloak	Build Keycloak	2026-01-02T04:19:15.1108566Z Cache restored successfully
Build Keycloak	Build Keycloak	2026-01-02T04:19:15.1456392Z Cache restored from key: Linux-pnpm-store-2026-00
Build Keycloak	Build Keycloak	2026-01-02T04:19:15.1556576Z ##[group]Run # Ensure this plugin is built first to avoid warnings in the build
Build Keycloak	Build Keycloak	2026-01-02T04:19:15.1557101Z [36;1m# Ensure this plugin is built first to avoid warnings in the build[0m
Build Keycloak	Build Keycloak	2026-01-02T04:19:15.1557650Z [36;1m./mvnw install -Pdistribution -am -pl distribution/maven-plugins/licenses-processor[0m
Build Keycloak	Build Keycloak	2026-01-02T04:19:15.1558314Z [36;1m# By using "dependency:resolve", it will download all dependencies used in later stages for running the tests[0m
Build Keycloak	Build Keycloak	2026-01-02T04:19:15.1559175Z [36;1m./mvnw install dependency:resolve -V -e -DskipTests -DskipExamples -DexcludeGroupIds=org.keycloak -Dsilent=true -DcommitProtoLockChanges=true[0m
Build Keycloak	Build Keycloak	2026-01-02T04:19:15.1591373Z shell: /usr/bin/bash --noprofile --norc -e -o pipefail {0}
Build Keycloak	Build Keycloak	2026-01-02T04:19:15.1591710Z env:
Build Keycloak	Build Keycloak	2026-01-02T04:19:15.1591996Z   MAVEN_ARGS: -B -nsu -Daether.connector.http.connectionMaxTtl=25
Build Keycloak	Build Keycloak	2026-01-02T04:19:15.1592476Z   JAVA_HOME: /opt/hostedtoolcache/Java_Temurin-Hotspot_jdk/21.0.9-10/x64
Build Keycloak	Build Keycloak	2026-01-02T04:19:15.1592987Z   JAVA_HOME_21_X64: /opt/hostedtoolcache/Java_Temurin-Hotspot_jdk/21.0.9-10/x64
Build Keycloak	Build Keycloak	2026-01-02T04:19:15.1593570Z ##[endgroup]
Build Keycloak	Build Keycloak	2026-01-02T04:19:15.2787745Z wget: Failed to fetch https://repo.maven.apache.org/maven2/org/apache/maven/apache-maven/3.9.8/apache-maven-3.9.8-bin.zip
Build Keycloak	Build Keycloak	2026-01-02T04:19:15.2810947Z ##[error]Process completed with exit code 1.
Status Check - Keycloak JavaScript CI	Run /./.github/actions/status-check	ï»¿2026-01-02T04:20:29.1614296Z Prepare all required actions
Status Check - Keycloak JavaScript CI	Run /./.github/actions/status-check	2026-01-02T04:20:29.1679595Z ##[group]Run ./.github/actions/status-check
Status Check - Keycloak JavaScript CI	Run /./.github/actions/status-check	2026-01-02T04:20:29.1679958Z with:
Status Check - Keycloak JavaScript CI	Run /./.github/actions/status-check	2026-01-02T04:20:29.1681299Z   jobs: {
Status Check - Keycloak JavaScript CI	Run /./.github/actions/status-check	  "conditional": {
Status Check - Keycloak JavaScript CI	Run /./.github/actions/status-check	    "result": "success",
Status Check - Keycloak JavaScript CI	Run /./.github/actions/status-check	    "outputs": {
Status Check - Keycloak JavaScript CI	Run /./.github/actions/status-check	      "js-ci": "true"
Status Check - Keycloak JavaScript CI	Run /./.github/actions/status-check	    }
Status Check - Keycloak JavaScript CI	Run /./.github/actions/status-check	  },
Status Check - Keycloak JavaScript CI	Run /./.github/actions/status-check	  "build-keycloak": {
Status Check - Keycloak JavaScript CI	Run /./.github/actions/status-check	    "result": "failure",
Status Check - Keycloak JavaScript CI	Run /./.github/actions/status-check	    "outputs": {}
Status Check - Keycloak JavaScript CI	Run /./.github/actions/status-check	  },
Status Check - Keycloak JavaScript CI	Run /./.github/actions/status-check	  "admin-client": {
Status Check - Keycloak JavaScript CI	Run /./.github/actions/status-check	    "result": "success",
Status Check - Keycloak JavaScript CI	Run /./.github/actions/status-check	    "outputs": {}
Status Check - Keycloak JavaScript CI	Run /./.github/actions/status-check	  },
Status Check - Keycloak JavaScript CI	Run /./.github/actions/status-check	  "ui-shared": {
Status Check - Keycloak JavaScript CI	Run /./.github/actions/status-check	    "result": "success",
Status Check - Keycloak JavaScript CI	Run /./.github/actions/status-check	    "outputs": {}
Status Check - Keycloak JavaScript CI	Run /./.github/actions/status-check	  },
Status Check - Keycloak JavaScript CI	Run /./.github/actions/status-check	  "account-ui": {
Status Check - Keycloak JavaScript CI	Run /./.github/actions/status-check	    "result": "success",
Status Check - Keycloak JavaScript CI	Run /./.github/actions/status-check	    "outputs": {}
Status Check - Keycloak JavaScript CI	Run /./.github/actions/status-check	  },
Status Check - Keycloak JavaScript CI	Run /./.github/actions/status-check	  "account-ui-e2e": {
Status Check - Keycloak JavaScript CI	Run /./.github/actions/status-check	    "result": "skipped",
Status Check - Keycloak JavaScript CI	Run /./.github/actions/status-check	    "outputs": {}
Status Check - Keycloak JavaScript CI	Run /./.github/actions/status-check	  },
Status Check - Keycloak JavaScript CI	Run /./.github/actions/status-check	  "admin-ui": {
Status Check - Keycloak JavaScript CI	Run /./.github/actions/status-check	    "result": "success",
Status Check - Keycloak JavaScript CI	Run /./.github/actions/status-check	    "outputs": {}
Status Check - Keycloak JavaScript CI	Run /./.github/actions/status-check	  },
Status Check - Keycloak JavaScript CI	Run /./.github/actions/status-check	  "admin-ui-e2e": {
Status Check - Keycloak JavaScript CI	Run /./.github/actions/status-check	    "result": "skipped",
Status Check - Keycloak JavaScript CI	Run /./.github/actions/status-check	    "outputs": {}
Status Check - Keycloak JavaScript CI	Run /./.github/actions/status-check	  },
Status Check - Keycloak JavaScript CI	Run /./.github/actions/status-check	  "keycloak-admin-client": {
Status Check - Keycloak JavaScript CI	Run /./.github/actions/status-check	    "result": "skipped",
Status Check - Keycloak JavaScript CI	Run /./.github/actions/status-check	    "outputs": {}
Status Check - Keycloak JavaScript CI	Run /./.github/actions/status-check	  }
Status Check - Keycloak JavaScript CI	Run /./.github/actions/status-check	}
Status Check - Keycloak JavaScript CI	Run /./.github/actions/status-check	2026-01-02T04:20:29.1682964Z env:
Status Check - Keycloak JavaScript CI	Run /./.github/actions/status-check	2026-01-02T04:20:29.1683262Z   MAVEN_ARGS: -B -nsu -Daether.connector.http.connectionMaxTtl=25
Status Check - Keycloak JavaScript CI	Run /./.github/actions/status-check	2026-01-02T04:20:29.1683623Z ##[endgroup]
Status Check - Keycloak JavaScript CI	Run /./.github/actions/status-check	2026-01-02T04:20:29.1781304Z ##[group]Run JOBS='{
Status Check - Keycloak JavaScript CI	Run /./.github/actions/status-check	2026-01-02T04:20:29.1781720Z [36;1mJOBS='{[0m
Status Check - Keycloak JavaScript CI	Run /./.github/actions/status-check	2026-01-02T04:20:29.1781956Z [36;1m  "conditional": {[0m
Status Check - Keycloak JavaScript CI	Run /./.github/actions/status-check	2026-01-02T04:20:29.1782217Z [36;1m    "result": "success",[0m
Status Check - Keycloak JavaScript CI	Run /./.github/actions/status-check	2026-01-02T04:20:29.1782482Z [36;1m    "outputs": {[0m
Status Check - Keycloak JavaScript CI	Run /./.github/actions/status-check	2026-01-02T04:20:29.1782734Z [36;1m      "js-ci": "true"[0m
Status Check - Keycloak JavaScript CI	Run /./.github/actions/status-check	2026-01-02T04:20:29.1782971Z [36;1m    }[0m
Status Check - Keycloak JavaScript CI	Run /./.github/actions/status-check	2026-01-02T04:20:29.1783177Z [36;1m  },[0m
Status Check - Keycloak JavaScript CI	Run /./.github/actions/status-check	2026-01-02T04:20:29.1783404Z [36;1m  "build-keycloak": {[0m
Status Check - Keycloak JavaScript CI	Run /./.github/actions/status-check	2026-01-02T04:20:29.1783674Z [36;1m    "result": "failure",[0m
Status Check - Keycloak JavaScript CI	Run /./.github/actions/status-check	2026-01-02T04:20:29.1783930Z [36;1m    "outputs": {}[0m
Status Check - Keycloak JavaScript CI	Run /./.github/actions/status-check	2026-01-02T04:20:29.1784163Z [36;1m  },[0m
Status Check - Keycloak JavaScript CI	Run /./.github/actions/status-check	2026-01-02T04:20:29.1784378Z [36;1m  "admin-client": {[0m
Status Check - Keycloak JavaScript CI	Run /./.github/actions/status-check	2026-01-02T04:20:29.1784620Z [36;1m    "result": "success",[0m
Status Check - Keycloak JavaScript CI	Run /./.github/actions/status-check	2026-01-02T04:20:29.1784881Z [36;1m    "outputs": {}[0m
Status Check - Keycloak JavaScript CI	Run /./.github/actions/status-check	2026-01-02T04:20:29.1785118Z [36;1m  },[0m
Status Check - Keycloak JavaScript CI	Run /./.github/actions/status-check	2026-01-02T04:20:29.1785327Z [36;1m  "ui-shared": {[0m
Status Check - Keycloak JavaScript CI	Run /./.github/actions/status-check	2026-01-02T04:20:29.1785560Z [36;1m    "result": "success",[0m
Status Check - Keycloak JavaScript CI	Run /./.github/actions/status-check	2026-01-02T04:20:29.1785825Z [36;1m    "outputs": {}[0m
Status Check - Keycloak JavaScript CI	Run /./.github/actions/status-check	2026-01-02T04:20:29.1786058Z [36;1m  },[0m
Status Check - Keycloak JavaScript CI	Run /./.github/actions/status-check	2026-01-02T04:20:29.1786269Z [36;1m  "account-ui": {[0m
Status Check - Keycloak JavaScript CI	Run /./.github/actions/status-check	2026-01-02T04:20:29.1786523Z [36;1m    "result": "success",[0m
Status Check - Keycloak JavaScript CI	Run /./.github/actions/status-check	2026-01-02T04:20:29.1786775Z [36;1m    "outputs": {}[0m
Status Check - Keycloak JavaScript CI	Run /./.github/actions/status-check	2026-01-02T04:20:29.1787007Z [36;1m  },[0m
Status Check - Keycloak JavaScript CI	Run /./.github/actions/status-check	2026-01-02T04:20:29.1787214Z [36;1m  "account-ui-e2e": {[0m
Status Check - Keycloak JavaScript CI	Run /./.github/actions/status-check	2026-01-02T04:20:29.1787469Z [36;1m    "result": "skipped",[0m
Status Check - Keycloak JavaScript CI	Run /./.github/actions/status-check	2026-01-02T04:20:29.1787716Z [36;1m    "outputs": {}[0m
Status Check - Keycloak JavaScript CI	Run /./.github/actions/status-check	2026-01-02T04:20:29.1787949Z [36;1m  },[0m
Status Check - Keycloak JavaScript CI	Run /./.github/actions/status-check	2026-01-02T04:20:29.1788147Z [36;1m  "admin-ui": {[0m
Status Check - Keycloak JavaScript CI	Run /./.github/actions/status-check	2026-01-02T04:20:29.1788388Z [36;1m    "result": "success",[0m
Status Check - Keycloak JavaScript CI	Run /./.github/actions/status-check	2026-01-02T04:20:29.1788632Z [36;1m    "outputs": {}[0m
Status Check - Keycloak JavaScript CI	Run /./.github/actions/status-check	2026-01-02T04:20:29.1789001Z [36;1m  },[0m
Status Check - Keycloak JavaScript CI	Run /./.github/actions/status-check	2026-01-02T04:20:29.1789222Z [36;1m  "admin-ui-e2e": {[0m
Status Check - Keycloak JavaScript CI	Run /./.github/actions/status-check	2026-01-02T04:20:29.1789475Z [36;1m    "result": "skipped",[0m
Status Check - Keycloak JavaScript CI	Run /./.github/actions/status-check	2026-01-02T04:20:29.1789736Z [36;1m    "outputs": {}[0m
Status Check - Keycloak JavaScript CI	Run /./.github/actions/status-check	2026-01-02T04:20:29.1789967Z [36;1m  },[0m
Status Check - Keycloak JavaScript CI	Run /./.github/actions/status-check	2026-01-02T04:20:29.1790192Z [36;1m  "keycloak-admin-client": {[0m
Status Check - Keycloak JavaScript CI	Run /./.github/actions/status-check	2026-01-02T04:20:29.1790470Z [36;1m    "result": "skipped",[0m
Status Check - Keycloak JavaScript CI	Run /./.github/actions/status-check	2026-01-02T04:20:29.1790724Z [36;1m    "outputs": {}[0m
Status Check - Keycloak JavaScript CI	Run /./.github/actions/status-check	2026-01-02T04:20:29.1790945Z [36;1m  }[0m
Status Check - Keycloak JavaScript CI	Run /./.github/actions/status-check	2026-01-02T04:20:29.1791142Z [36;1m}'[0m
Status Check - Keycloak JavaScript CI	Run /./.github/actions/status-check	2026-01-02T04:20:29.1791338Z [36;1m[0m
Status Check - Keycloak JavaScript CI	Run /./.github/actions/status-check	2026-01-02T04:20:29.1791546Z [36;1mecho "Job status:"[0m
Status Check - Keycloak JavaScript CI	Run /./.github/actions/status-check	2026-01-02T04:20:29.1791902Z [36;1mecho $JOBS | jq -r 'to_entries[] | " - \(.key): \(.value.result)"'[0m
Status Check - Keycloak JavaScript CI	Run /./.github/actions/status-check	2026-01-02T04:20:29.1792249Z [36;1m[0m
Status Check - Keycloak JavaScript CI	Run /./.github/actions/status-check	2026-01-02T04:20:29.1792528Z [36;1mfor i in $(echo $JOBS | jq -r 'to_entries[] | .value.result'); do[0m
Status Check - Keycloak JavaScript CI	Run /./.github/actions/status-check	2026-01-02T04:20:29.1792937Z [36;1m  if [ "$i" != "success" ] && [ "$i" != "skipped" ]; then[0m
Status Check - Keycloak JavaScript CI	Run /./.github/actions/status-check	2026-01-02T04:20:29.1793247Z [36;1m    echo ""[0m
Status Check - Keycloak JavaScript CI	Run /./.github/actions/status-check	2026-01-02T04:20:29.1793482Z [36;1m    echo "Status check not okay!"[0m
Status Check - Keycloak JavaScript CI	Run /./.github/actions/status-check	2026-01-02T04:20:29.1793761Z [36;1m    exit 1[0m
Status Check - Keycloak JavaScript CI	Run /./.github/actions/status-check	2026-01-02T04:20:29.1794012Z [36;1m  fi[0m
Status Check - Keycloak JavaScript CI	Run /./.github/actions/status-check	2026-01-02T04:20:29.1794209Z [36;1mdone[0m
Status Check - Keycloak JavaScript CI	Run /./.github/actions/status-check	2026-01-02T04:20:29.1831637Z shell: /usr/bin/bash --noprofile --norc -e -o pipefail {0}
Status Check - Keycloak JavaScript CI	Run /./.github/actions/status-check	2026-01-02T04:20:29.1832344Z env:
Status Check - Keycloak JavaScript CI	Run /./.github/actions/status-check	2026-01-02T04:20:29.1832649Z   MAVEN_ARGS: -B -nsu -Daether.connector.http.connectionMaxTtl=25
Status Check - Keycloak JavaScript CI	Run /./.github/actions/status-check	2026-01-02T04:20:29.1833008Z ##[endgroup]
Status Check - Keycloak JavaScript CI	Run /./.github/actions/status-check	2026-01-02T04:20:29.1904695Z Job status:
Status Check - Keycloak JavaScript CI	Run /./.github/actions/status-check	2026-01-02T04:20:29.1931976Z  - conditional: success
Status Check - Keycloak JavaScript CI	Run /./.github/actions/status-check	2026-01-02T04:20:29.1932458Z  - build-keycloak: failure
Status Check - Keycloak JavaScript CI	Run /./.github/actions/status-check	2026-01-02T04:20:29.1932823Z  - admin-client: success
Status Check - Keycloak JavaScript CI	Run /./.github/actions/status-check	2026-01-02T04:20:29.1933091Z  - ui-shared: success
Status Check - Keycloak JavaScript CI	Run /./.github/actions/status-check	2026-01-02T04:20:29.1933342Z  - account-ui: success
Status Check - Keycloak JavaScript CI	Run /./.github/actions/status-check	2026-01-02T04:20:29.1933809Z  - account-ui-e2e: skipped
Status Check - Keycloak JavaScript CI	Run /./.github/actions/status-check	2026-01-02T04:20:29.1934247Z  - admin-ui: success
Status Check - Keycloak JavaScript CI	Run /./.github/actions/status-check	2026-01-02T04:20:29.1934660Z  - admin-ui-e2e: skipped
Status Check - Keycloak JavaScript CI	Run /./.github/actions/status-check	2026-01-02T04:20:29.1935104Z  - keycloak-admin-client: skipped
Status Check - Keycloak JavaScript CI	Run /./.github/actions/status-check	2026-01-02T04:20:29.1965920Z 
Status Check - Keycloak JavaScript CI	Run /./.github/actions/status-check	2026-01-02T04:20:29.1966366Z Status check not okay!
Status Check - Keycloak JavaScript CI	Run /./.github/actions/status-check	2026-01-02T04:20:29.1978592Z ##[error]Process completed with exit code 1.
