Admin UI E2E (chromium)	Run Playwright tests	Ôªø2026-02-07T04:39:15.6658135Z ##[group]Run pnpm --fail-if-no-match --filter @keycloak/keycloak-admin-ui test:integration -- --project=chromium
Admin UI E2E (chromium)	Run Playwright tests	2026-02-07T04:39:15.6659576Z [36;1mpnpm --fail-if-no-match --filter @keycloak/keycloak-admin-ui test:integration -- --project=chromium[0m
Admin UI E2E (chromium)	Run Playwright tests	2026-02-07T04:39:15.6707573Z shell: /usr/bin/bash --noprofile --norc -e -o pipefail {0}
Admin UI E2E (chromium)	Run Playwright tests	2026-02-07T04:39:15.6708141Z env:
Admin UI E2E (chromium)	Run Playwright tests	2026-02-07T04:39:15.6708628Z   MAVEN_ARGS: -B -nsu -Daether.connector.http.connectionMaxTtl=25
Admin UI E2E (chromium)	Run Playwright tests	2026-02-07T04:39:15.6709303Z   WORKSPACE: @keycloak/keycloak-admin-ui
Admin UI E2E (chromium)	Run Playwright tests	2026-02-07T04:39:15.6709761Z   RETRY_COUNT: 3
Admin UI E2E (chromium)	Run Playwright tests	2026-02-07T04:39:15.6710285Z   JAVA_HOME: /opt/hostedtoolcache/Java_Temurin-Hotspot_jdk/21.0.10-7/x64
Admin UI E2E (chromium)	Run Playwright tests	2026-02-07T04:39:15.6711136Z   JAVA_HOME_21_X64: /opt/hostedtoolcache/Java_Temurin-Hotspot_jdk/21.0.10-7/x64
Admin UI E2E (chromium)	Run Playwright tests	2026-02-07T04:39:15.6711789Z ##[endgroup]
Admin UI E2E (chromium)	Run Playwright tests	2026-02-07T04:39:15.9948879Z 
Admin UI E2E (chromium)	Run Playwright tests	2026-02-07T04:39:15.9950084Z > @keycloak/keycloak-admin-ui@999.0.0-SNAPSHOT test:integration /home/runner/work/keycloak/keycloak/js/apps/admin-ui
Admin UI E2E (chromium)	Run Playwright tests	2026-02-07T04:39:15.9951212Z > wireit -- --project=chromium
Admin UI E2E (chromium)	Run Playwright tests	2026-02-07T04:39:15.9951502Z 
Admin UI E2E (chromium)	Run Playwright tests	2026-02-07T04:39:16.1086530Z Analyzing
Admin UI E2E (chromium)	Run Playwright tests	2026-02-07T04:39:17.1093366Z   0% [0 / 2] [1 running] ../../libs/keycloak-admin-client:build
Admin UI E2E (chromium)	Run Playwright tests	2026-02-07T04:39:18.0982370Z (node:5714) [DEP0190] DeprecationWarning: Passing args to a child process with shell option true can lead to security vulnerabilities, as the arguments are not escaped, only concatenated.
Admin UI E2E (chromium)	Run Playwright tests	2026-02-07T04:39:18.0983894Z (Use `node --trace-deprecation ...` to show where the warning was created)
Admin UI E2E (chromium)	Run Playwright tests	2026-02-07T04:39:18.1094418Z  50% [1 / 2] [1 running] test:integration
Admin UI E2E (chromium)	Run Playwright tests	2026-02-07T04:39:20.9688841Z 
Admin UI E2E (chromium)	Run Playwright tests	2026-02-07T04:39:20.9689735Z Running 395 tests using 1 worker
Admin UI E2E (chromium)	Run Playwright tests	2026-02-07T04:43:55.6815872Z ¬∑¬∑¬∑¬∑¬∑¬∑¬∑¬∑¬∑¬∑¬∑¬∑¬∑¬∑¬∑¬∑¬∑¬∑¬∑¬∑¬∑¬∑¬∑¬∑¬∑¬∑¬∑¬∑¬∑¬∑¬∑¬∑¬∑¬∑¬∑¬∑¬∑¬∑¬∑¬∑¬∑¬∑¬∑¬∑¬∑¬∑¬∑¬∑¬∑¬∑¬∑¬∑¬∑¬∑¬∑¬∑¬∑¬∑¬∑¬∑¬∑¬∑¬∑¬∑¬∑¬∑¬∑¬∑¬∑¬∑¬∑¬∑¬∑¬∑¬∑¬∑¬∑¬∑¬∑¬∑
Admin UI E2E (chromium)	Run Playwright tests	2026-02-07T04:47:29.9808056Z ¬∑¬∑¬∑¬∑¬∑¬∑¬∑¬∑¬∑¬∑¬∑¬∑¬∑¬∑¬∑¬∑¬∑¬∑¬∑¬∑¬∑¬∑¬∑¬∑¬∑¬∑¬∑¬∑¬∑¬∑¬∑¬∑¬∑¬∑¬∑¬∑¬∑¬∑¬∑¬∑¬∑¬∞¬∑¬∑¬∑¬∑¬∑¬∑¬∑¬∑¬∑¬∑¬∑¬∑¬∑¬∑¬∑¬∑¬∑¬∑¬∑¬∑¬∑¬∑¬∑¬∑¬∑¬∑¬∑¬∑¬∑¬∑¬∑¬∑¬∑¬∑¬∑¬∑¬∑¬∑
Admin UI E2E (chromium)	Run Playwright tests	2026-02-07T04:51:17.8149248Z ¬∑¬∑¬∑¬∑¬∑¬∑¬∑¬∑¬∑¬∑¬∑¬∑¬∑¬∑¬∑¬∑¬∑¬∑¬∑¬∑¬∑¬∑¬∑¬∑¬∑¬∑¬∑¬∑¬∑¬∑¬∑¬∑¬∑¬∑¬∑¬∑¬∑¬∑¬∑¬∑¬∑F¬∑¬∑¬∑¬∑¬∑¬∑¬∑¬∑¬∑¬∑¬∑¬∑¬∑¬∑¬∑¬∑¬∑¬∑¬∑¬∑¬∑¬∑¬∑¬∑¬∑¬∑¬∑¬∑¬∑¬∑¬∑¬∑¬∑¬∑¬∑¬∑¬∑¬∑
Admin UI E2E (chromium)	Run Playwright tests	2026-02-07T04:55:02.2296446Z ¬∑¬∑¬∑¬∑¬∑¬∑¬∑¬∑¬∑¬∑¬∑¬∑¬∑¬∑¬∑¬∑¬∑¬∑¬∑¬∑¬∑¬∑¬∑¬∑¬∑¬∑¬∑¬∑¬∑¬∑¬∑¬∑¬∑¬∑¬∑¬∑¬∑¬∑¬∑¬∑¬∑¬∑¬∑¬∑¬∑¬∑¬∑¬∑¬∑¬∑¬∑¬∑¬∑¬∑¬∑¬∑¬∑¬∑¬∑¬∑¬∑¬∑¬∑¬∑¬∑¬∑¬∑¬∑¬∑¬∑¬∑¬∑¬∑¬∑¬∑¬∑¬∑¬∑¬∑¬∑
Admin UI E2E (chromium)	Run Playwright tests	2026-02-07T04:58:26.5420861Z ¬∑¬∑¬∑¬∑¬∑¬∑¬∑¬∑¬∑¬∑¬∑¬∑¬∑¬∑¬∑¬∑¬∑¬∑¬∑¬∑¬∑¬∑¬∑¬∑¬∑¬∑¬∑¬∑¬∑¬∑¬∑¬∑¬∑¬∑¬∑¬∑¬∑¬∑¬∑¬∑¬∑¬∑¬∑¬∑¬∑¬∑¬∑¬∑¬∑¬∑¬∑¬∑¬∑¬∑¬∑¬∑¬∑¬∑¬∑¬∑¬∑¬∑¬∑¬∑¬∑¬∑¬∑¬∑¬∑¬∑¬∑¬∑¬∑Deleting workflow: workflow-complex-04ef8976-a310-4e42-bb50-a89de613c980 -- Copy
Admin UI E2E (chromium)	Run Playwright tests	2026-02-07T04:58:30.8470276Z ¬∑¬∑
Admin UI E2E (chromium)	Run Playwright tests	2026-02-07T04:58:30.8481126Z 
Admin UI E2E (chromium)	Run Playwright tests	2026-02-07T04:58:30.8492075Z   1) [chromium] ‚Ä∫ test/masthead/realm.spec.ts:84:3 ‚Ä∫ Realm tests ‚Ä∫ should disable preview if json very long 
Admin UI E2E (chromium)	Run Playwright tests	2026-02-07T04:58:30.8493478Z 
Admin UI E2E (chromium)	Run Playwright tests	2026-02-07T04:58:30.8495654Z     Error: unknown_error
Admin UI E2E (chromium)	Run Playwright tests	2026-02-07T04:58:30.8496015Z 
Admin UI E2E (chromium)	Run Playwright tests	2026-02-07T04:58:30.8496582Z        at ../../../libs/keycloak-admin-client/src/utils/fetchWithError.ts:25
Admin UI E2E (chromium)	Run Playwright tests	2026-02-07T04:58:30.8497112Z 
Admin UI E2E (chromium)	Run Playwright tests	2026-02-07T04:58:30.8497402Z       23 |     const responseData = await parseResponse(response);
Admin UI E2E (chromium)	Run Playwright tests	2026-02-07T04:58:30.8498029Z       24 |     const message = getErrorMessage(responseData);
Admin UI E2E (chromium)	Run Playwright tests	2026-02-07T04:58:30.8498556Z     > 25 |     throw new NetworkError(message, {
Admin UI E2E (chromium)	Run Playwright tests	2026-02-07T04:58:30.8498996Z          |           ^
Admin UI E2E (chromium)	Run Playwright tests	2026-02-07T04:58:30.8499292Z       26 |       response,
Admin UI E2E (chromium)	Run Playwright tests	2026-02-07T04:58:30.8499638Z       27 |       responseData,
Admin UI E2E (chromium)	Run Playwright tests	2026-02-07T04:58:30.8500229Z       28 |     });
Admin UI E2E (chromium)	Run Playwright tests	2026-02-07T04:58:30.8500996Z         at fetchWithError (/home/runner/work/keycloak/keycloak/js/libs/keycloak-admin-client/src/utils/fetchWithError.ts:25:11)
Admin UI E2E (chromium)	Run Playwright tests	2026-02-07T04:58:30.8502256Z         at Agent.#requestWithParams (/home/runner/work/keycloak/keycloak/js/libs/keycloak-admin-client/src/resources/agent.ts:247:19)
Admin UI E2E (chromium)	Run Playwright tests	2026-02-07T04:58:30.8503680Z         at AdminClient.deleteRealm (/home/runner/work/keycloak/keycloak/js/apps/admin-ui/test/utils/AdminClient.ts:53:7)
Admin UI E2E (chromium)	Run Playwright tests	2026-02-07T04:58:30.8505243Z         at /home/runner/work/keycloak/keycloak/js/apps/admin-ui/test/masthead/realm.spec.ts:39:5
Admin UI E2E (chromium)	Run Playwright tests	2026-02-07T04:58:30.8506181Z 
Admin UI E2E (chromium)	Run Playwright tests	2026-02-07T04:58:30.8507084Z     attachment #1: trace (application/zip) ‚îÄ‚îÄ‚îÄ‚îÄ‚îÄ‚îÄ‚îÄ‚îÄ‚îÄ‚îÄ‚îÄ‚îÄ‚îÄ‚îÄ‚îÄ‚îÄ‚îÄ‚îÄ‚îÄ‚îÄ‚îÄ‚îÄ‚îÄ‚îÄ‚îÄ‚îÄ‚îÄ‚îÄ‚îÄ‚îÄ‚îÄ‚îÄ‚îÄ‚îÄ‚îÄ‚îÄ‚îÄ‚îÄ‚îÄ‚îÄ‚îÄ‚îÄ‚îÄ‚îÄ‚îÄ‚îÄ‚îÄ‚îÄ‚îÄ‚îÄ‚îÄ‚îÄ‚îÄ‚îÄ‚îÄ‚îÄ‚îÄ
Admin UI E2E (chromium)	Run Playwright tests	2026-02-07T04:58:30.8508590Z     test-results/masthead-realm-Realm-tests-f6041-e-preview-if-json-very-long-chromium/trace.zip
Admin UI E2E (chromium)	Run Playwright tests	2026-02-07T04:58:30.8509951Z     Usage:
Admin UI E2E (chromium)	Run Playwright tests	2026-02-07T04:58:30.8510177Z 
Admin UI E2E (chromium)	Run Playwright tests	2026-02-07T04:58:30.8510987Z         pnpm exec playwright show-trace test-results/masthead-realm-Realm-tests-f6041-e-preview-if-json-very-long-chromium/trace.zip
Admin UI E2E (chromium)	Run Playwright tests	2026-02-07T04:58:30.8511573Z 
Admin UI E2E (chromium)	Run Playwright tests	2026-02-07T04:58:30.8511990Z     ‚îÄ‚îÄ‚îÄ‚îÄ‚îÄ‚îÄ‚îÄ‚îÄ‚îÄ‚îÄ‚îÄ‚îÄ‚îÄ‚îÄ‚îÄ‚îÄ‚îÄ‚îÄ‚îÄ‚îÄ‚îÄ‚îÄ‚îÄ‚îÄ‚îÄ‚îÄ‚îÄ‚îÄ‚îÄ‚îÄ‚îÄ‚îÄ‚îÄ‚îÄ‚îÄ‚îÄ‚îÄ‚îÄ‚îÄ‚îÄ‚îÄ‚îÄ‚îÄ‚îÄ‚îÄ‚îÄ‚îÄ‚îÄ‚îÄ‚îÄ‚îÄ‚îÄ‚îÄ‚îÄ‚îÄ‚îÄ‚îÄ‚îÄ‚îÄ‚îÄ‚îÄ‚îÄ‚îÄ‚îÄ‚îÄ‚îÄ‚îÄ‚îÄ‚îÄ‚îÄ‚îÄ‚îÄ‚îÄ‚îÄ‚îÄ‚îÄ‚îÄ‚îÄ‚îÄ‚îÄ‚îÄ‚îÄ‚îÄ‚îÄ‚îÄ‚îÄ‚îÄ‚îÄ‚îÄ‚îÄ‚îÄ‚îÄ‚îÄ‚îÄ‚îÄ‚îÄ
Admin UI E2E (chromium)	Run Playwright tests	2026-02-07T04:58:30.8512285Z 
Admin UI E2E (chromium)	Run Playwright tests	2026-02-07T04:58:30.8512366Z   1 failed
Admin UI E2E (chromium)	Run Playwright tests	2026-02-07T04:58:30.8512903Z     [chromium] ‚Ä∫ test/masthead/realm.spec.ts:84:3 ‚Ä∫ Realm tests ‚Ä∫ should disable preview if json very long 
Admin UI E2E (chromium)	Run Playwright tests	2026-02-07T04:58:30.8513365Z   1 skipped
Admin UI E2E (chromium)	Run Playwright tests	2026-02-07T04:58:30.8513556Z   393 passed (19.2m)
Admin UI E2E (chromium)	Run Playwright tests	2026-02-07T04:58:30.8539554Z ##[error]  1) [chromium] ‚Ä∫ test/masthead/realm.spec.ts:84:3 ‚Ä∫ Realm tests ‚Ä∫ should disable preview if json very long 
Admin UI E2E (chromium)	Run Playwright tests	    Error: unknown_error
Admin UI E2E (chromium)	Run Playwright tests	
Admin UI E2E (chromium)	Run Playwright tests	       at ../../../libs/keycloak-admin-client/src/utils/fetchWithError.ts:25
Admin UI E2E (chromium)	Run Playwright tests	
Admin UI E2E (chromium)	Run Playwright tests	      23 |     const responseData = await parseResponse(response);
Admin UI E2E (chromium)	Run Playwright tests	      24 |     const message = getErrorMessage(responseData);
Admin UI E2E (chromium)	Run Playwright tests	    > 25 |     throw new NetworkError(message, {
Admin UI E2E (chromium)	Run Playwright tests	         |           ^
Admin UI E2E (chromium)	Run Playwright tests	      26 |       response,
Admin UI E2E (chromium)	Run Playwright tests	      27 |       responseData,
Admin UI E2E (chromium)	Run Playwright tests	      28 |     });
Admin UI E2E (chromium)	Run Playwright tests	        at fetchWithError (/home/runner/work/keycloak/keycloak/js/libs/keycloak-admin-client/src/utils/fetchWithError.ts:25:11)
Admin UI E2E (chromium)	Run Playwright tests	        at Agent.#requestWithParams (/home/runner/work/keycloak/keycloak/js/libs/keycloak-admin-client/src/resources/agent.ts:247:19)
Admin UI E2E (chromium)	Run Playwright tests	        at AdminClient.deleteRealm (/home/runner/work/keycloak/keycloak/js/apps/admin-ui/test/utils/AdminClient.ts:53:7)
Admin UI E2E (chromium)	Run Playwright tests	        at /home/runner/work/keycloak/keycloak/js/apps/admin-ui/test/masthead/realm.spec.ts:39:5
Admin UI E2E (chromium)	Run Playwright tests	2026-02-07T04:58:30.8551972Z ##[notice]  1 failed
Admin UI E2E (chromium)	Run Playwright tests	    [chromium] ‚Ä∫ test/masthead/realm.spec.ts:84:3 ‚Ä∫ Realm tests ‚Ä∫ should disable preview if json very long 
Admin UI E2E (chromium)	Run Playwright tests	  1 skipped
Admin UI E2E (chromium)	Run Playwright tests	  393 passed (19.2m)
Admin UI E2E (chromium)	Run Playwright tests	2026-02-07T04:58:31.0944777Z 
Admin UI E2E (chromium)	Run Playwright tests	2026-02-07T04:58:31.0945708Z ‚ùå [test:integration] exited with exit code 1.
Admin UI E2E (chromium)	Run Playwright tests	2026-02-07T04:58:31.0950039Z ‚ùå 1 script failed.
Admin UI E2E (chromium)	Run Playwright tests	2026-02-07T04:58:31.1121603Z /home/runner/work/keycloak/keycloak/js/apps/admin-ui:
Admin UI E2E (chromium)	Run Playwright tests	2026-02-07T04:58:31.1123778Z ‚ÄâERR_PNPM_RECURSIVE_RUN_FIRST_FAIL‚Äâ @keycloak/keycloak-admin-ui@999.0.0-SNAPSHOT test:integration: `wireit -- --project=chromium`
Admin UI E2E (chromium)	Run Playwright tests	2026-02-07T04:58:31.1124595Z Exit status 1
Admin UI E2E (chromium)	Run Playwright tests	2026-02-07T04:58:31.1331394Z ##[error]Process completed with exit code 1.
Status Check - Keycloak JavaScript CI	Run /./.github/actions/status-check	Ôªø2026-02-07T05:01:31.9525632Z Prepare all required actions
Status Check - Keycloak JavaScript CI	Run /./.github/actions/status-check	2026-02-07T05:01:31.9594853Z ##[group]Run ./.github/actions/status-check
Status Check - Keycloak JavaScript CI	Run /./.github/actions/status-check	2026-02-07T05:01:31.9595226Z with:
Status Check - Keycloak JavaScript CI	Run /./.github/actions/status-check	2026-02-07T05:01:31.9596905Z   jobs: {
Status Check - Keycloak JavaScript CI	Run /./.github/actions/status-check	  "conditional": {
Status Check - Keycloak JavaScript CI	Run /./.github/actions/status-check	    "result": "success",
Status Check - Keycloak JavaScript CI	Run /./.github/actions/status-check	    "outputs": {
Status Check - Keycloak JavaScript CI	Run /./.github/actions/status-check	      "js-ci": "true"
Status Check - Keycloak JavaScript CI	Run /./.github/actions/status-check	    }
Status Check - Keycloak JavaScript CI	Run /./.github/actions/status-check	  },
Status Check - Keycloak JavaScript CI	Run /./.github/actions/status-check	  "build-keycloak": {
Status Check - Keycloak JavaScript CI	Run /./.github/actions/status-check	    "result": "success",
Status Check - Keycloak JavaScript CI	Run /./.github/actions/status-check	    "outputs": {}
Status Check - Keycloak JavaScript CI	Run /./.github/actions/status-check	  },
Status Check - Keycloak JavaScript CI	Run /./.github/actions/status-check	  "admin-client": {
Status Check - Keycloak JavaScript CI	Run /./.github/actions/status-check	    "result": "success",
Status Check - Keycloak JavaScript CI	Run /./.github/actions/status-check	    "outputs": {}
Status Check - Keycloak JavaScript CI	Run /./.github/actions/status-check	  },
Status Check - Keycloak JavaScript CI	Run /./.github/actions/status-check	  "ui-shared": {
Status Check - Keycloak JavaScript CI	Run /./.github/actions/status-check	    "result": "success",
Status Check - Keycloak JavaScript CI	Run /./.github/actions/status-check	    "outputs": {}
Status Check - Keycloak JavaScript CI	Run /./.github/actions/status-check	  },
Status Check - Keycloak JavaScript CI	Run /./.github/actions/status-check	  "account-ui": {
Status Check - Keycloak JavaScript CI	Run /./.github/actions/status-check	    "result": "success",
Status Check - Keycloak JavaScript CI	Run /./.github/actions/status-check	    "outputs": {}
Status Check - Keycloak JavaScript CI	Run /./.github/actions/status-check	  },
Status Check - Keycloak JavaScript CI	Run /./.github/actions/status-check	  "account-ui-e2e": {
Status Check - Keycloak JavaScript CI	Run /./.github/actions/status-check	    "result": "success",
Status Check - Keycloak JavaScript CI	Run /./.github/actions/status-check	    "outputs": {}
Status Check - Keycloak JavaScript CI	Run /./.github/actions/status-check	  },
Status Check - Keycloak JavaScript CI	Run /./.github/actions/status-check	  "admin-ui": {
Status Check - Keycloak JavaScript CI	Run /./.github/actions/status-check	    "result": "success",
Status Check - Keycloak JavaScript CI	Run /./.github/actions/status-check	    "outputs": {}
Status Check - Keycloak JavaScript CI	Run /./.github/actions/status-check	  },
Status Check - Keycloak JavaScript CI	Run /./.github/actions/status-check	  "admin-ui-e2e": {
Status Check - Keycloak JavaScript CI	Run /./.github/actions/status-check	    "result": "failure",
Status Check - Keycloak JavaScript CI	Run /./.github/actions/status-check	    "outputs": {}
Status Check - Keycloak JavaScript CI	Run /./.github/actions/status-check	  },
Status Check - Keycloak JavaScript CI	Run /./.github/actions/status-check	  "keycloak-admin-client": {
Status Check - Keycloak JavaScript CI	Run /./.github/actions/status-check	    "result": "success",
Status Check - Keycloak JavaScript CI	Run /./.github/actions/status-check	    "outputs": {}
Status Check - Keycloak JavaScript CI	Run /./.github/actions/status-check	  }
Status Check - Keycloak JavaScript CI	Run /./.github/actions/status-check	}
Status Check - Keycloak JavaScript CI	Run /./.github/actions/status-check	2026-02-07T05:01:31.9598951Z env:
Status Check - Keycloak JavaScript CI	Run /./.github/actions/status-check	2026-02-07T05:01:31.9599270Z   MAVEN_ARGS: -B -nsu -Daether.connector.http.connectionMaxTtl=25
Status Check - Keycloak JavaScript CI	Run /./.github/actions/status-check	2026-02-07T05:01:31.9599641Z ##[endgroup]
Status Check - Keycloak JavaScript CI	Run /./.github/actions/status-check	2026-02-07T05:01:31.9694731Z ##[group]Run JOBS='{
Status Check - Keycloak JavaScript CI	Run /./.github/actions/status-check	2026-02-07T05:01:31.9695171Z [36;1mJOBS='{[0m
Status Check - Keycloak JavaScript CI	Run /./.github/actions/status-check	2026-02-07T05:01:31.9695406Z [36;1m  "conditional": {[0m
Status Check - Keycloak JavaScript CI	Run /./.github/actions/status-check	2026-02-07T05:01:31.9695676Z [36;1m    "result": "success",[0m
Status Check - Keycloak JavaScript CI	Run /./.github/actions/status-check	2026-02-07T05:01:31.9695958Z [36;1m    "outputs": {[0m
Status Check - Keycloak JavaScript CI	Run /./.github/actions/status-check	2026-02-07T05:01:31.9696215Z [36;1m      "js-ci": "true"[0m
Status Check - Keycloak JavaScript CI	Run /./.github/actions/status-check	2026-02-07T05:01:31.9696462Z [36;1m    }[0m
Status Check - Keycloak JavaScript CI	Run /./.github/actions/status-check	2026-02-07T05:01:31.9696666Z [36;1m  },[0m
Status Check - Keycloak JavaScript CI	Run /./.github/actions/status-check	2026-02-07T05:01:31.9696905Z [36;1m  "build-keycloak": {[0m
Status Check - Keycloak JavaScript CI	Run /./.github/actions/status-check	2026-02-07T05:01:31.9697188Z [36;1m    "result": "success",[0m
Status Check - Keycloak JavaScript CI	Run /./.github/actions/status-check	2026-02-07T05:01:31.9697460Z [36;1m    "outputs": {}[0m
Status Check - Keycloak JavaScript CI	Run /./.github/actions/status-check	2026-02-07T05:01:31.9697701Z [36;1m  },[0m
Status Check - Keycloak JavaScript CI	Run /./.github/actions/status-check	2026-02-07T05:01:31.9697924Z [36;1m  "admin-client": {[0m
Status Check - Keycloak JavaScript CI	Run /./.github/actions/status-check	2026-02-07T05:01:31.9698179Z [36;1m    "result": "success",[0m
Status Check - Keycloak JavaScript CI	Run /./.github/actions/status-check	2026-02-07T05:01:31.9698458Z [36;1m    "outputs": {}[0m
Status Check - Keycloak JavaScript CI	Run /./.github/actions/status-check	2026-02-07T05:01:31.9698696Z [36;1m  },[0m
Status Check - Keycloak JavaScript CI	Run /./.github/actions/status-check	2026-02-07T05:01:31.9698902Z [36;1m  "ui-shared": {[0m
Status Check - Keycloak JavaScript CI	Run /./.github/actions/status-check	2026-02-07T05:01:31.9699149Z [36;1m    "result": "success",[0m
Status Check - Keycloak JavaScript CI	Run /./.github/actions/status-check	2026-02-07T05:01:31.9699406Z [36;1m    "outputs": {}[0m
Status Check - Keycloak JavaScript CI	Run /./.github/actions/status-check	2026-02-07T05:01:31.9699649Z [36;1m  },[0m
Status Check - Keycloak JavaScript CI	Run /./.github/actions/status-check	2026-02-07T05:01:31.9699854Z [36;1m  "account-ui": {[0m
Status Check - Keycloak JavaScript CI	Run /./.github/actions/status-check	2026-02-07T05:01:31.9700098Z [36;1m    "result": "success",[0m
Status Check - Keycloak JavaScript CI	Run /./.github/actions/status-check	2026-02-07T05:01:31.9700350Z [36;1m    "outputs": {}[0m
Status Check - Keycloak JavaScript CI	Run /./.github/actions/status-check	2026-02-07T05:01:31.9700581Z [36;1m  },[0m
Status Check - Keycloak JavaScript CI	Run /./.github/actions/status-check	2026-02-07T05:01:31.9700796Z [36;1m  "account-ui-e2e": {[0m
Status Check - Keycloak JavaScript CI	Run /./.github/actions/status-check	2026-02-07T05:01:31.9701046Z [36;1m    "result": "success",[0m
Status Check - Keycloak JavaScript CI	Run /./.github/actions/status-check	2026-02-07T05:01:31.9701305Z [36;1m    "outputs": {}[0m
Status Check - Keycloak JavaScript CI	Run /./.github/actions/status-check	2026-02-07T05:01:31.9701664Z [36;1m  },[0m
Status Check - Keycloak JavaScript CI	Run /./.github/actions/status-check	2026-02-07T05:01:31.9701912Z [36;1m  "admin-ui": {[0m
Status Check - Keycloak JavaScript CI	Run /./.github/actions/status-check	2026-02-07T05:01:31.9702145Z [36;1m    "result": "success",[0m
Status Check - Keycloak JavaScript CI	Run /./.github/actions/status-check	2026-02-07T05:01:31.9702402Z [36;1m    "outputs": {}[0m
Status Check - Keycloak JavaScript CI	Run /./.github/actions/status-check	2026-02-07T05:01:31.9702626Z [36;1m  },[0m
Status Check - Keycloak JavaScript CI	Run /./.github/actions/status-check	2026-02-07T05:01:31.9702844Z [36;1m  "admin-ui-e2e": {[0m
Status Check - Keycloak JavaScript CI	Run /./.github/actions/status-check	2026-02-07T05:01:31.9703088Z [36;1m    "result": "failure",[0m
Status Check - Keycloak JavaScript CI	Run /./.github/actions/status-check	2026-02-07T05:01:31.9703339Z [36;1m    "outputs": {}[0m
Status Check - Keycloak JavaScript CI	Run /./.github/actions/status-check	2026-02-07T05:01:31.9703568Z [36;1m  },[0m
Status Check - Keycloak JavaScript CI	Run /./.github/actions/status-check	2026-02-07T05:01:31.9703793Z [36;1m  "keycloak-admin-client": {[0m
Status Check - Keycloak JavaScript CI	Run /./.github/actions/status-check	2026-02-07T05:01:31.9704095Z [36;1m    "result": "success",[0m
Status Check - Keycloak JavaScript CI	Run /./.github/actions/status-check	2026-02-07T05:01:31.9704352Z [36;1m    "outputs": {}[0m
Status Check - Keycloak JavaScript CI	Run /./.github/actions/status-check	2026-02-07T05:01:31.9704587Z [36;1m  }[0m
Status Check - Keycloak JavaScript CI	Run /./.github/actions/status-check	2026-02-07T05:01:31.9704783Z [36;1m}'[0m
Status Check - Keycloak JavaScript CI	Run /./.github/actions/status-check	2026-02-07T05:01:31.9704998Z [36;1m[0m
Status Check - Keycloak JavaScript CI	Run /./.github/actions/status-check	2026-02-07T05:01:31.9705202Z [36;1mecho "Job status:"[0m
Status Check - Keycloak JavaScript CI	Run /./.github/actions/status-check	2026-02-07T05:01:31.9705588Z [36;1mecho $JOBS | jq -r 'to_entries[] | " - \(.key): \(.value.result)"'[0m
Status Check - Keycloak JavaScript CI	Run /./.github/actions/status-check	2026-02-07T05:01:31.9705972Z [36;1m[0m
Status Check - Keycloak JavaScript CI	Run /./.github/actions/status-check	2026-02-07T05:01:31.9706283Z [36;1mfor i in $(echo $JOBS | jq -r 'to_entries[] | .value.result'); do[0m
Status Check - Keycloak JavaScript CI	Run /./.github/actions/status-check	2026-02-07T05:01:31.9706712Z [36;1m  if [ "$i" != "success" ] && [ "$i" != "skipped" ]; then[0m
Status Check - Keycloak JavaScript CI	Run /./.github/actions/status-check	2026-02-07T05:01:31.9707030Z [36;1m    echo ""[0m
Status Check - Keycloak JavaScript CI	Run /./.github/actions/status-check	2026-02-07T05:01:31.9707282Z [36;1m    echo "Status check not okay!"[0m
Status Check - Keycloak JavaScript CI	Run /./.github/actions/status-check	2026-02-07T05:01:31.9707548Z [36;1m    exit 1[0m
Status Check - Keycloak JavaScript CI	Run /./.github/actions/status-check	2026-02-07T05:01:31.9707762Z [36;1m  fi[0m
Status Check - Keycloak JavaScript CI	Run /./.github/actions/status-check	2026-02-07T05:01:31.9707951Z [36;1mdone[0m
Status Check - Keycloak JavaScript CI	Run /./.github/actions/status-check	2026-02-07T05:01:31.9744512Z shell: /usr/bin/bash --noprofile --norc -e -o pipefail {0}
Status Check - Keycloak JavaScript CI	Run /./.github/actions/status-check	2026-02-07T05:01:31.9745246Z env:
Status Check - Keycloak JavaScript CI	Run /./.github/actions/status-check	2026-02-07T05:01:31.9745577Z   MAVEN_ARGS: -B -nsu -Daether.connector.http.connectionMaxTtl=25
Status Check - Keycloak JavaScript CI	Run /./.github/actions/status-check	2026-02-07T05:01:31.9745952Z ##[endgroup]
Status Check - Keycloak JavaScript CI	Run /./.github/actions/status-check	2026-02-07T05:01:31.9820865Z Job status:
Status Check - Keycloak JavaScript CI	Run /./.github/actions/status-check	2026-02-07T05:01:31.9848733Z  - conditional: success
Status Check - Keycloak JavaScript CI	Run /./.github/actions/status-check	2026-02-07T05:01:31.9849335Z  - build-keycloak: success
Status Check - Keycloak JavaScript CI	Run /./.github/actions/status-check	2026-02-07T05:01:31.9849666Z  - admin-client: success
Status Check - Keycloak JavaScript CI	Run /./.github/actions/status-check	2026-02-07T05:01:31.9849943Z  - ui-shared: success
Status Check - Keycloak JavaScript CI	Run /./.github/actions/status-check	2026-02-07T05:01:31.9850194Z  - account-ui: success
Status Check - Keycloak JavaScript CI	Run /./.github/actions/status-check	2026-02-07T05:01:31.9850462Z  - account-ui-e2e: success
Status Check - Keycloak JavaScript CI	Run /./.github/actions/status-check	2026-02-07T05:01:31.9850924Z  - admin-ui: success
Status Check - Keycloak JavaScript CI	Run /./.github/actions/status-check	2026-02-07T05:01:31.9851359Z  - admin-ui-e2e: failure
Status Check - Keycloak JavaScript CI	Run /./.github/actions/status-check	2026-02-07T05:01:31.9852059Z  - keycloak-admin-client: success
Status Check - Keycloak JavaScript CI	Run /./.github/actions/status-check	2026-02-07T05:01:31.9885052Z 
Status Check - Keycloak JavaScript CI	Run /./.github/actions/status-check	2026-02-07T05:01:31.9888288Z Status check not okay!
Status Check - Keycloak JavaScript CI	Run /./.github/actions/status-check	2026-02-07T05:01:31.9899985Z ##[error]Process completed with exit code 1.
