Test OLM installation	UNKNOWN STEP	ï»¿2025-10-28T00:24:23.1380559Z Current runner version: '2.328.0'
Test OLM installation	UNKNOWN STEP	2025-10-28T00:24:23.1405406Z ##[group]Runner Image Provisioner
Test OLM installation	UNKNOWN STEP	2025-10-28T00:24:23.1406321Z Hosted Compute Agent
Test OLM installation	UNKNOWN STEP	2025-10-28T00:24:23.1406857Z Version: 20250912.392
Test OLM installation	UNKNOWN STEP	2025-10-28T00:24:23.1407469Z Commit: d921fda672a98b64f4f82364647e2f10b2267d0b
Test OLM installation	UNKNOWN STEP	2025-10-28T00:24:23.1408187Z Build Date: 2025-09-12T15:23:14Z
Test OLM installation	UNKNOWN STEP	2025-10-28T00:24:23.1408812Z ##[endgroup]
Test OLM installation	UNKNOWN STEP	2025-10-28T00:24:23.1409547Z ##[group]Operating System
Test OLM installation	UNKNOWN STEP	2025-10-28T00:24:23.1410157Z Ubuntu
Test OLM installation	UNKNOWN STEP	2025-10-28T00:24:23.1410675Z 24.04.3
Test OLM installation	UNKNOWN STEP	2025-10-28T00:24:23.1411123Z LTS
Test OLM installation	UNKNOWN STEP	2025-10-28T00:24:23.1411740Z ##[endgroup]
Test OLM installation	UNKNOWN STEP	2025-10-28T00:24:23.1412248Z ##[group]Runner Image
Test OLM installation	UNKNOWN STEP	2025-10-28T00:24:23.1412839Z Image: ubuntu-24.04
Test OLM installation	UNKNOWN STEP	2025-10-28T00:24:23.1413327Z Version: 20250929.60.1
Test OLM installation	UNKNOWN STEP	2025-10-28T00:24:23.1414415Z Included Software: https://github.com/actions/runner-images/blob/ubuntu24/20250929.60/images/ubuntu/Ubuntu2404-Readme.md
Test OLM installation	UNKNOWN STEP	2025-10-28T00:24:23.1415965Z Image Release: https://github.com/actions/runner-images/releases/tag/ubuntu24%2F20250929.60
Test OLM installation	UNKNOWN STEP	2025-10-28T00:24:23.1416988Z ##[endgroup]
Test OLM installation	UNKNOWN STEP	2025-10-28T00:24:23.1418005Z ##[group]GITHUB_TOKEN Permissions
Test OLM installation	UNKNOWN STEP	2025-10-28T00:24:23.1420785Z Contents: read
Test OLM installation	UNKNOWN STEP	2025-10-28T00:24:23.1421323Z Metadata: read
Test OLM installation	UNKNOWN STEP	2025-10-28T00:24:23.1421831Z ##[endgroup]
Test OLM installation	UNKNOWN STEP	2025-10-28T00:24:23.1424302Z Secret source: Actions
Test OLM installation	UNKNOWN STEP	2025-10-28T00:24:23.1425349Z Prepare workflow directory
Test OLM installation	UNKNOWN STEP	2025-10-28T00:24:23.1829556Z Prepare all required actions
Test OLM installation	UNKNOWN STEP	2025-10-28T00:24:23.1867072Z Getting action download info
Test OLM installation	UNKNOWN STEP	2025-10-28T00:24:23.5899468Z Download action repository 'actions/checkout@08c6903cd8c0fde910a37f88322edcfb5dd907a8' (SHA:08c6903cd8c0fde910a37f88322edcfb5dd907a8)
Test OLM installation	UNKNOWN STEP	2025-10-28T00:24:23.6936763Z Download action repository 'manusa/actions-setup-minikube@b589f2d61bf96695c546929c72b38563e856059d' (SHA:b589f2d61bf96695c546929c72b38563e856059d)
Test OLM installation	UNKNOWN STEP	2025-10-28T00:24:24.4051835Z Download action repository 'redhat-actions/openshift-tools-installer@144527c7d98999f2652264c048c7a9bd103f8a82' (SHA:144527c7d98999f2652264c048c7a9bd103f8a82)
Test OLM installation	UNKNOWN STEP	2025-10-28T00:24:24.9940947Z Download action repository 'actions/download-artifact@634f93cb2916e3fdff6788551b99b062d0335ce0' (SHA:634f93cb2916e3fdff6788551b99b062d0335ce0)
Test OLM installation	UNKNOWN STEP	2025-10-28T00:24:25.4600934Z Download action repository 'actions/upload-artifact@ea165f8d65b6e75b540449e92b4886f43607fa02' (SHA:ea165f8d65b6e75b540449e92b4886f43607fa02)
Test OLM installation	UNKNOWN STEP	2025-10-28T00:24:25.6830204Z Complete job name: Test OLM installation
Test OLM installation	UNKNOWN STEP	2025-10-28T00:24:25.7690952Z ##[group]Run actions/checkout@08c6903cd8c0fde910a37f88322edcfb5dd907a8
Test OLM installation	UNKNOWN STEP	2025-10-28T00:24:25.7692504Z with:
Test OLM installation	UNKNOWN STEP	2025-10-28T00:24:25.7693275Z   repository: keycloak/keycloak
Test OLM installation	UNKNOWN STEP	2025-10-28T00:24:25.7694444Z   token: ***
Test OLM installation	UNKNOWN STEP	2025-10-28T00:24:25.7695199Z   ssh-strict: true
Test OLM installation	UNKNOWN STEP	2025-10-28T00:24:25.7695968Z   ssh-user: git
Test OLM installation	UNKNOWN STEP	2025-10-28T00:24:25.7696752Z   persist-credentials: true
Test OLM installation	UNKNOWN STEP	2025-10-28T00:24:25.7697607Z   clean: true
Test OLM installation	UNKNOWN STEP	2025-10-28T00:24:25.7698409Z   sparse-checkout-cone-mode: true
Test OLM installation	UNKNOWN STEP	2025-10-28T00:24:25.7699568Z   fetch-depth: 1
Test OLM installation	UNKNOWN STEP	2025-10-28T00:24:25.7700335Z   fetch-tags: false
Test OLM installation	UNKNOWN STEP	2025-10-28T00:24:25.7701121Z   show-progress: true
Test OLM installation	UNKNOWN STEP	2025-10-28T00:24:25.7701901Z   lfs: false
Test OLM installation	UNKNOWN STEP	2025-10-28T00:24:25.7702657Z   submodules: false
Test OLM installation	UNKNOWN STEP	2025-10-28T00:24:25.7703445Z   set-safe-directory: true
Test OLM installation	UNKNOWN STEP	2025-10-28T00:24:25.7704537Z env:
Test OLM installation	UNKNOWN STEP	2025-10-28T00:24:25.7705544Z   MAVEN_ARGS: -B -nsu -Daether.connector.http.connectionMaxTtl=25
Test OLM installation	UNKNOWN STEP	2025-10-28T00:24:25.7706732Z   MINIKUBE_VERSION: v1.37.0
Test OLM installation	UNKNOWN STEP	2025-10-28T00:24:25.7707645Z   KUBERNETES_VERSION: v1.32.9
Test OLM installation	UNKNOWN STEP	2025-10-28T00:24:25.7708515Z   MINIKUBE_MEMORY: 4096
Test OLM installation	UNKNOWN STEP	2025-10-28T00:24:25.7709428Z ##[endgroup]
Test OLM installation	UNKNOWN STEP	2025-10-28T00:24:25.8696633Z Syncing repository: keycloak/keycloak
Test OLM installation	UNKNOWN STEP	2025-10-28T00:24:25.8699400Z ##[group]Getting Git version info
Test OLM installation	UNKNOWN STEP	2025-10-28T00:24:25.8700672Z Working directory is '/home/runner/work/keycloak/keycloak'
Test OLM installation	UNKNOWN STEP	2025-10-28T00:24:25.8702494Z [command]/usr/bin/git version
Test OLM installation	UNKNOWN STEP	2025-10-28T00:24:25.8726309Z git version 2.51.0
Test OLM installation	UNKNOWN STEP	2025-10-28T00:24:25.8748544Z ##[endgroup]
Test OLM installation	UNKNOWN STEP	2025-10-28T00:24:25.8765227Z Temporarily overriding HOME='/home/runner/work/_temp/fb07ab5b-df0a-4e97-997b-402e6f2d84ef' before making global git config changes
Test OLM installation	UNKNOWN STEP	2025-10-28T00:24:25.8769309Z Adding repository directory to the temporary git global config as a safe directory
Test OLM installation	UNKNOWN STEP	2025-10-28T00:24:25.8772886Z [command]/usr/bin/git config --global --add safe.directory /home/runner/work/keycloak/keycloak
Test OLM installation	UNKNOWN STEP	2025-10-28T00:24:25.8875301Z Deleting the contents of '/home/runner/work/keycloak/keycloak'
Test OLM installation	UNKNOWN STEP	2025-10-28T00:24:25.8877920Z ##[group]Initializing the repository
Test OLM installation	UNKNOWN STEP	2025-10-28T00:24:25.8879506Z [command]/usr/bin/git init /home/runner/work/keycloak/keycloak
Test OLM installation	UNKNOWN STEP	2025-10-28T00:24:25.8915309Z hint: Using 'master' as the name for the initial branch. This default branch name
Test OLM installation	UNKNOWN STEP	2025-10-28T00:24:25.8917437Z hint: is subject to change. To configure the initial branch name to use in all
Test OLM installation	UNKNOWN STEP	2025-10-28T00:24:25.8919801Z hint: of your new repositories, which will suppress this warning, call:
Test OLM installation	UNKNOWN STEP	2025-10-28T00:24:25.8921818Z hint:
Test OLM installation	UNKNOWN STEP	2025-10-28T00:24:25.8923442Z hint: 	git config --global init.defaultBranch <name>
Test OLM installation	UNKNOWN STEP	2025-10-28T00:24:25.8925205Z hint:
Test OLM installation	UNKNOWN STEP	2025-10-28T00:24:25.8926906Z hint: Names commonly chosen instead of 'master' are 'main', 'trunk' and
Test OLM installation	UNKNOWN STEP	2025-10-28T00:24:25.8929720Z hint: 'development'. The just-created branch can be renamed via this command:
Test OLM installation	UNKNOWN STEP	2025-10-28T00:24:25.8931852Z hint:
Test OLM installation	UNKNOWN STEP	2025-10-28T00:24:25.8933120Z hint: 	git branch -m <name>
Test OLM installation	UNKNOWN STEP	2025-10-28T00:24:25.8934460Z hint:
Test OLM installation	UNKNOWN STEP	2025-10-28T00:24:25.8936184Z hint: Disable this message with "git config set advice.defaultBranchName false"
Test OLM installation	UNKNOWN STEP	2025-10-28T00:24:25.8938907Z Initialized empty Git repository in /home/runner/work/keycloak/keycloak/.git/
Test OLM installation	UNKNOWN STEP	2025-10-28T00:24:25.8942486Z [command]/usr/bin/git remote add origin https://github.com/keycloak/keycloak
Test OLM installation	UNKNOWN STEP	2025-10-28T00:24:25.8975346Z ##[endgroup]
Test OLM installation	UNKNOWN STEP	2025-10-28T00:24:25.8977613Z ##[group]Disabling automatic garbage collection
Test OLM installation	UNKNOWN STEP	2025-10-28T00:24:25.8979758Z [command]/usr/bin/git config --local gc.auto 0
Test OLM installation	UNKNOWN STEP	2025-10-28T00:24:25.9010099Z ##[endgroup]
Test OLM installation	UNKNOWN STEP	2025-10-28T00:24:25.9012247Z ##[group]Setting up auth
Test OLM installation	UNKNOWN STEP	2025-10-28T00:24:25.9017674Z [command]/usr/bin/git config --local --name-only --get-regexp core\.sshCommand
Test OLM installation	UNKNOWN STEP	2025-10-28T00:24:25.9050883Z [command]/usr/bin/git submodule foreach --recursive sh -c "git config --local --name-only --get-regexp 'core\.sshCommand' && git config --local --unset-all 'core.sshCommand' || :"
Test OLM installation	UNKNOWN STEP	2025-10-28T00:24:25.9368835Z [command]/usr/bin/git config --local --name-only --get-regexp http\.https\:\/\/github\.com\/\.extraheader
Test OLM installation	UNKNOWN STEP	2025-10-28T00:24:25.9401610Z [command]/usr/bin/git submodule foreach --recursive sh -c "git config --local --name-only --get-regexp 'http\.https\:\/\/github\.com\/\.extraheader' && git config --local --unset-all 'http.https://github.com/.extraheader' || :"
Test OLM installation	UNKNOWN STEP	2025-10-28T00:24:25.9625664Z [command]/usr/bin/git config --local http.https://github.com/.extraheader AUTHORIZATION: basic ***
Test OLM installation	UNKNOWN STEP	2025-10-28T00:24:25.9662715Z ##[endgroup]
Test OLM installation	UNKNOWN STEP	2025-10-28T00:24:25.9664940Z ##[group]Fetching the repository
Test OLM installation	UNKNOWN STEP	2025-10-28T00:24:25.9673945Z [command]/usr/bin/git -c protocol.version=2 fetch --no-tags --prune --no-recurse-submodules --depth=1 origin +8136b03c6718789faeb01731fb8ba900b95e24c0:refs/remotes/origin/main
Test OLM installation	UNKNOWN STEP	2025-10-28T00:24:29.5465259Z From https://github.com/keycloak/keycloak
Test OLM installation	UNKNOWN STEP	2025-10-28T00:24:29.5466024Z  * [new ref]         8136b03c6718789faeb01731fb8ba900b95e24c0 -> origin/main
Test OLM installation	UNKNOWN STEP	2025-10-28T00:24:29.5496033Z ##[endgroup]
Test OLM installation	UNKNOWN STEP	2025-10-28T00:24:29.5496698Z ##[group]Determining the checkout info
Test OLM installation	UNKNOWN STEP	2025-10-28T00:24:29.5499960Z ##[endgroup]
Test OLM installation	UNKNOWN STEP	2025-10-28T00:24:29.5505161Z [command]/usr/bin/git sparse-checkout disable
Test OLM installation	UNKNOWN STEP	2025-10-28T00:24:29.5548022Z [command]/usr/bin/git config --local --unset-all extensions.worktreeConfig
Test OLM installation	UNKNOWN STEP	2025-10-28T00:24:29.5575215Z ##[group]Checking out the ref
Test OLM installation	UNKNOWN STEP	2025-10-28T00:24:29.5580452Z [command]/usr/bin/git checkout --progress --force -B main refs/remotes/origin/main
Test OLM installation	UNKNOWN STEP	2025-10-28T00:24:30.3762687Z Switched to a new branch 'main'
Test OLM installation	UNKNOWN STEP	2025-10-28T00:24:30.3764748Z branch 'main' set up to track 'origin/main'.
Test OLM installation	UNKNOWN STEP	2025-10-28T00:24:30.3800170Z ##[endgroup]
Test OLM installation	UNKNOWN STEP	2025-10-28T00:24:30.3845073Z [command]/usr/bin/git log -1 --format=%H
Test OLM installation	UNKNOWN STEP	2025-10-28T00:24:30.3869664Z 8136b03c6718789faeb01731fb8ba900b95e24c0
Test OLM installation	UNKNOWN STEP	2025-10-28T00:24:30.4092271Z Prepare all required actions
Test OLM installation	UNKNOWN STEP	2025-10-28T00:24:30.4092719Z Getting action download info
Test OLM installation	UNKNOWN STEP	2025-10-28T00:24:30.6048496Z Download action repository 'actions/setup-java@c5195efecf7bdfc987ee8bae7a71cb8b11521c00' (SHA:c5195efecf7bdfc987ee8bae7a71cb8b11521c00)
Test OLM installation	UNKNOWN STEP	2025-10-28T00:24:31.1568034Z ##[group]Run ./.github/actions/java-setup
Test OLM installation	UNKNOWN STEP	2025-10-28T00:24:31.1568325Z with:
Test OLM installation	UNKNOWN STEP	2025-10-28T00:24:31.1568504Z   distribution: temurin
Test OLM installation	UNKNOWN STEP	2025-10-28T00:24:31.1568715Z   java-version: 21
Test OLM installation	UNKNOWN STEP	2025-10-28T00:24:31.1568891Z env:
Test OLM installation	UNKNOWN STEP	2025-10-28T00:24:31.1569331Z   MAVEN_ARGS: -B -nsu -Daether.connector.http.connectionMaxTtl=25
Test OLM installation	UNKNOWN STEP	2025-10-28T00:24:31.1569662Z   MINIKUBE_VERSION: v1.37.0
Test OLM installation	UNKNOWN STEP	2025-10-28T00:24:31.1569905Z   KUBERNETES_VERSION: v1.32.9
Test OLM installation	UNKNOWN STEP	2025-10-28T00:24:31.1570123Z   MINIKUBE_MEMORY: 4096
Test OLM installation	UNKNOWN STEP	2025-10-28T00:24:31.1570322Z ##[endgroup]
Test OLM installation	UNKNOWN STEP	2025-10-28T00:24:31.1711102Z ##[group]Run actions/setup-java@c5195efecf7bdfc987ee8bae7a71cb8b11521c00
Test OLM installation	UNKNOWN STEP	2025-10-28T00:24:31.1711468Z with:
Test OLM installation	UNKNOWN STEP	2025-10-28T00:24:31.1711664Z   distribution: temurin
Test OLM installation	UNKNOWN STEP	2025-10-28T00:24:31.1711932Z   java-version: 21
Test OLM installation	UNKNOWN STEP	2025-10-28T00:24:31.1712131Z   java-package: jdk
Test OLM installation	UNKNOWN STEP	2025-10-28T00:24:31.1712349Z   check-latest: false
Test OLM installation	UNKNOWN STEP	2025-10-28T00:24:31.1712543Z   server-id: github
Test OLM installation	UNKNOWN STEP	2025-10-28T00:24:31.1712750Z   server-username: GITHUB_ACTOR
Test OLM installation	UNKNOWN STEP	2025-10-28T00:24:31.1712982Z   server-password: GITHUB_TOKEN
Test OLM installation	UNKNOWN STEP	2025-10-28T00:24:31.1713220Z   overwrite-settings: true
Test OLM installation	UNKNOWN STEP	2025-10-28T00:24:31.1713432Z   job-status: success
Test OLM installation	UNKNOWN STEP	2025-10-28T00:24:31.1713750Z   token: ***
Test OLM installation	UNKNOWN STEP	2025-10-28T00:24:31.1713935Z env:
Test OLM installation	UNKNOWN STEP	2025-10-28T00:24:31.1714201Z   MAVEN_ARGS: -B -nsu -Daether.connector.http.connectionMaxTtl=25
Test OLM installation	UNKNOWN STEP	2025-10-28T00:24:31.1714539Z   MINIKUBE_VERSION: v1.37.0
Test OLM installation	UNKNOWN STEP	2025-10-28T00:24:31.1714765Z   KUBERNETES_VERSION: v1.32.9
Test OLM installation	UNKNOWN STEP	2025-10-28T00:24:31.1714981Z   MINIKUBE_MEMORY: 4096
Test OLM installation	UNKNOWN STEP	2025-10-28T00:24:31.1715176Z ##[endgroup]
Test OLM installation	UNKNOWN STEP	2025-10-28T00:24:31.3776960Z ##[group]Installed distributions
Test OLM installation	UNKNOWN STEP	2025-10-28T00:24:31.3842071Z Resolved Java 21.0.8+9 from tool-cache
Test OLM installation	UNKNOWN STEP	2025-10-28T00:24:31.3843106Z Setting Java 21.0.8+9 as the default
Test OLM installation	UNKNOWN STEP	2025-10-28T00:24:31.3855997Z Creating toolchains.xml for JDK version 21 from temurin
Test OLM installation	UNKNOWN STEP	2025-10-28T00:24:31.3934022Z Writing to /home/runner/.m2/toolchains.xml
Test OLM installation	UNKNOWN STEP	2025-10-28T00:24:31.3935883Z 
Test OLM installation	UNKNOWN STEP	2025-10-28T00:24:31.3936282Z Java configuration:
Test OLM installation	UNKNOWN STEP	2025-10-28T00:24:31.3936748Z   Distribution: temurin
Test OLM installation	UNKNOWN STEP	2025-10-28T00:24:31.3937145Z   Version: 21.0.8+9
Test OLM installation	UNKNOWN STEP	2025-10-28T00:24:31.3937687Z   Path: /opt/hostedtoolcache/Java_Temurin-Hotspot_jdk/21.0.8-9/x64
Test OLM installation	UNKNOWN STEP	2025-10-28T00:24:31.3938168Z 
Test OLM installation	UNKNOWN STEP	2025-10-28T00:24:31.3938680Z ##[endgroup]
Test OLM installation	UNKNOWN STEP	2025-10-28T00:24:31.3961796Z Creating settings.xml with server-id: github
Test OLM installation	UNKNOWN STEP	2025-10-28T00:24:31.3963849Z Writing to /home/runner/.m2/settings.xml
Test OLM installation	UNKNOWN STEP	2025-10-28T00:24:31.4116634Z ##[group]Run manusa/actions-setup-minikube@b589f2d61bf96695c546929c72b38563e856059d
Test OLM installation	UNKNOWN STEP	2025-10-28T00:24:31.4117113Z with:
Test OLM installation	UNKNOWN STEP	2025-10-28T00:24:31.4117301Z   minikube version: v1.37.0
Test OLM installation	UNKNOWN STEP	2025-10-28T00:24:31.4117542Z   kubernetes version: v1.32.9
Test OLM installation	UNKNOWN STEP	2025-10-28T00:24:31.4117961Z   github token: ***
Test OLM installation	UNKNOWN STEP	2025-10-28T00:24:31.4118161Z   driver: docker
Test OLM installation	UNKNOWN STEP	2025-10-28T00:24:31.4118478Z   start args: --memory=4096 --addons=registry --insecure-registry=192.168.49.0/24
Test OLM installation	UNKNOWN STEP	2025-10-28T00:24:31.4118897Z env:
Test OLM installation	UNKNOWN STEP	2025-10-28T00:24:31.4119440Z   MAVEN_ARGS: -B -nsu -Daether.connector.http.connectionMaxTtl=25
Test OLM installation	UNKNOWN STEP	2025-10-28T00:24:31.4119793Z   MINIKUBE_VERSION: v1.37.0
Test OLM installation	UNKNOWN STEP	2025-10-28T00:24:31.4120023Z   KUBERNETES_VERSION: v1.32.9
Test OLM installation	UNKNOWN STEP	2025-10-28T00:24:31.4120245Z   MINIKUBE_MEMORY: 4096
Test OLM installation	UNKNOWN STEP	2025-10-28T00:24:31.4120557Z   JAVA_HOME: /opt/hostedtoolcache/Java_Temurin-Hotspot_jdk/21.0.8-9/x64
Test OLM installation	UNKNOWN STEP	2025-10-28T00:24:31.4120994Z   JAVA_HOME_21_X64: /opt/hostedtoolcache/Java_Temurin-Hotspot_jdk/21.0.8-9/x64
Test OLM installation	UNKNOWN STEP	2025-10-28T00:24:31.4121333Z ##[endgroup]
Test OLM installation	UNKNOWN STEP	2025-10-28T00:24:31.5349802Z Loading input variables
Test OLM installation	UNKNOWN STEP	2025-10-28T00:24:31.5352685Z Updating Environment configuration to support Minikube
Test OLM installation	UNKNOWN STEP	2025-10-28T00:24:31.5566150Z 
Test OLM installation	UNKNOWN STEP	2025-10-28T00:24:31.5566607Z WARNING: apt does not have a stable CLI interface. Use with caution in scripts.
Test OLM installation	UNKNOWN STEP	2025-10-28T00:24:31.5567122Z 
Test OLM installation	UNKNOWN STEP	2025-10-28T00:24:31.6103210Z Get:1 file:/etc/apt/apt-mirrors.txt Mirrorlist [144 B]
Test OLM installation	UNKNOWN STEP	2025-10-28T00:24:31.6477188Z Hit:2 http://azure.archive.ubuntu.com/ubuntu noble InRelease
Test OLM installation	UNKNOWN STEP	2025-10-28T00:24:31.6502652Z Get:3 http://azure.archive.ubuntu.com/ubuntu noble-updates InRelease [126 kB]
Test OLM installation	UNKNOWN STEP	2025-10-28T00:24:31.6547625Z Get:4 http://azure.archive.ubuntu.com/ubuntu noble-backports InRelease [126 kB]
Test OLM installation	UNKNOWN STEP	2025-10-28T00:24:31.6601773Z Get:5 http://azure.archive.ubuntu.com/ubuntu noble-security InRelease [126 kB]
Test OLM installation	UNKNOWN STEP	2025-10-28T00:24:31.7912277Z Get:6 http://azure.archive.ubuntu.com/ubuntu noble-updates/main amd64 Packages [1545 kB]
Test OLM installation	UNKNOWN STEP	2025-10-28T00:24:31.8078712Z Get:7 http://azure.archive.ubuntu.com/ubuntu noble-updates/main Translation-en [294 kB]
Test OLM installation	UNKNOWN STEP	2025-10-28T00:24:31.8085666Z Get:8 http://azure.archive.ubuntu.com/ubuntu noble-updates/main amd64 Components [175 kB]
Test OLM installation	UNKNOWN STEP	2025-10-28T00:24:31.8111801Z Get:9 http://azure.archive.ubuntu.com/ubuntu noble-updates/main amd64 c-n-f Metadata [15.4 kB]
Test OLM installation	UNKNOWN STEP	2025-10-28T00:24:31.8167418Z Get:10 http://azure.archive.ubuntu.com/ubuntu noble-updates/universe amd64 Packages [1498 kB]
Test OLM installation	UNKNOWN STEP	2025-10-28T00:24:31.8237222Z Get:11 http://azure.archive.ubuntu.com/ubuntu noble-updates/universe Translation-en [303 kB]
Test OLM installation	UNKNOWN STEP	2025-10-28T00:24:31.8292397Z Get:12 http://azure.archive.ubuntu.com/ubuntu noble-updates/universe amd64 Components [378 kB]
Test OLM installation	UNKNOWN STEP	2025-10-28T00:24:31.8331842Z Get:13 http://azure.archive.ubuntu.com/ubuntu noble-updates/universe amd64 c-n-f Metadata [31.3 kB]
Test OLM installation	UNKNOWN STEP	2025-10-28T00:24:31.8393178Z Get:14 http://azure.archive.ubuntu.com/ubuntu noble-updates/restricted amd64 Packages [2175 kB]
Test OLM installation	UNKNOWN STEP	2025-10-28T00:24:31.8523708Z Get:15 http://azure.archive.ubuntu.com/ubuntu noble-updates/restricted Translation-en [490 kB]
Test OLM installation	UNKNOWN STEP	2025-10-28T00:24:31.8976428Z Get:16 http://azure.archive.ubuntu.com/ubuntu noble-updates/restricted amd64 Components [212 B]
Test OLM installation	UNKNOWN STEP	2025-10-28T00:24:31.8994415Z Get:17 http://azure.archive.ubuntu.com/ubuntu noble-updates/restricted amd64 c-n-f Metadata [516 B]
Test OLM installation	UNKNOWN STEP	2025-10-28T00:24:31.9012454Z Get:18 http://azure.archive.ubuntu.com/ubuntu noble-updates/multiverse amd64 Packages [30.3 kB]
Test OLM installation	UNKNOWN STEP	2025-10-28T00:24:31.9022510Z Get:19 http://azure.archive.ubuntu.com/ubuntu noble-updates/multiverse Translation-en [5564 B]
Test OLM installation	UNKNOWN STEP	2025-10-28T00:24:31.9031451Z Get:20 http://azure.archive.ubuntu.com/ubuntu noble-updates/multiverse amd64 Components [940 B]
Test OLM installation	UNKNOWN STEP	2025-10-28T00:24:31.9046631Z Get:21 http://azure.archive.ubuntu.com/ubuntu noble-updates/multiverse amd64 c-n-f Metadata [484 B]
Test OLM installation	UNKNOWN STEP	2025-10-28T00:24:31.9060991Z Get:22 http://azure.archive.ubuntu.com/ubuntu noble-backports/main amd64 Components [7172 B]
Test OLM installation	UNKNOWN STEP	2025-10-28T00:24:31.9071339Z Get:23 http://azure.archive.ubuntu.com/ubuntu noble-backports/universe amd64 Components [11.0 kB]
Test OLM installation	UNKNOWN STEP	2025-10-28T00:24:31.9118264Z Get:24 http://azure.archive.ubuntu.com/ubuntu noble-backports/restricted amd64 Components [216 B]
Test OLM installation	UNKNOWN STEP	2025-10-28T00:24:31.9119851Z Get:25 http://azure.archive.ubuntu.com/ubuntu noble-backports/multiverse amd64 Components [212 B]
Test OLM installation	UNKNOWN STEP	2025-10-28T00:24:31.9135137Z Get:26 http://azure.archive.ubuntu.com/ubuntu noble-security/main amd64 Packages [1270 kB]
Test OLM installation	UNKNOWN STEP	2025-10-28T00:24:31.9198062Z Get:27 http://azure.archive.ubuntu.com/ubuntu noble-security/main Translation-en [211 kB]
Test OLM installation	UNKNOWN STEP	2025-10-28T00:24:31.9220421Z Get:28 http://azure.archive.ubuntu.com/ubuntu noble-security/main amd64 Components [21.5 kB]
Test OLM installation	UNKNOWN STEP	2025-10-28T00:24:31.9240442Z Get:29 http://azure.archive.ubuntu.com/ubuntu noble-security/main amd64 c-n-f Metadata [8984 B]
Test OLM installation	UNKNOWN STEP	2025-10-28T00:24:31.9736943Z Get:30 http://azure.archive.ubuntu.com/ubuntu noble-security/universe amd64 Packages [905 kB]
Test OLM installation	UNKNOWN STEP	2025-10-28T00:24:31.9788971Z Get:31 http://azure.archive.ubuntu.com/ubuntu noble-security/universe Translation-en [203 kB]
Test OLM installation	UNKNOWN STEP	2025-10-28T00:24:31.9808941Z Get:32 http://azure.archive.ubuntu.com/ubuntu noble-security/universe amd64 Components [52.2 kB]
Test OLM installation	UNKNOWN STEP	2025-10-28T00:24:31.9822661Z Get:33 http://azure.archive.ubuntu.com/ubuntu noble-security/universe amd64 c-n-f Metadata [19.3 kB]
Test OLM installation	UNKNOWN STEP	2025-10-28T00:24:31.9835382Z Get:34 http://azure.archive.ubuntu.com/ubuntu noble-security/restricted amd64 Packages [2080 kB]
Test OLM installation	UNKNOWN STEP	2025-10-28T00:24:31.9945461Z Get:35 http://azure.archive.ubuntu.com/ubuntu noble-security/restricted Translation-en [470 kB]
Test OLM installation	UNKNOWN STEP	2025-10-28T00:24:31.9978251Z Get:36 http://azure.archive.ubuntu.com/ubuntu noble-security/restricted amd64 Components [212 B]
Test OLM installation	UNKNOWN STEP	2025-10-28T00:24:31.9985445Z Get:42 https://packages.microsoft.com/repos/azure-cli noble InRelease [3564 B]
Test OLM installation	UNKNOWN STEP	2025-10-28T00:24:31.9987547Z Get:37 http://azure.archive.ubuntu.com/ubuntu noble-security/restricted amd64 c-n-f Metadata [500 B]
Test OLM installation	UNKNOWN STEP	2025-10-28T00:24:32.0003744Z Get:38 http://azure.archive.ubuntu.com/ubuntu noble-security/multiverse amd64 Packages [27.4 kB]
Test OLM installation	UNKNOWN STEP	2025-10-28T00:24:32.0029797Z Get:39 http://azure.archive.ubuntu.com/ubuntu noble-security/multiverse Translation-en [5708 B]
Test OLM installation	UNKNOWN STEP	2025-10-28T00:24:32.0051509Z Get:40 http://azure.archive.ubuntu.com/ubuntu noble-security/multiverse amd64 Components [212 B]
Test OLM installation	UNKNOWN STEP	2025-10-28T00:24:32.0072607Z Get:41 http://azure.archive.ubuntu.com/ubuntu noble-security/multiverse amd64 c-n-f Metadata [384 B]
Test OLM installation	UNKNOWN STEP	2025-10-28T00:24:32.0075287Z Get:43 https://packages.microsoft.com/ubuntu/24.04/prod noble InRelease [3600 B]
Test OLM installation	UNKNOWN STEP	2025-10-28T00:24:32.0653011Z Get:44 https://packages.microsoft.com/repos/azure-cli noble/main amd64 Packages [1629 B]
Test OLM installation	UNKNOWN STEP	2025-10-28T00:24:32.1065150Z Get:45 https://packages.microsoft.com/ubuntu/24.04/prod noble/main armhf Packages [11.0 kB]
Test OLM installation	UNKNOWN STEP	2025-10-28T00:24:32.1093820Z Get:46 https://packages.microsoft.com/ubuntu/24.04/prod noble/main amd64 Packages [65.0 kB]
Test OLM installation	UNKNOWN STEP	2025-10-28T00:24:32.1132216Z Get:47 https://packages.microsoft.com/ubuntu/24.04/prod noble/main arm64 Packages [47.2 kB]
Test OLM installation	UNKNOWN STEP	2025-10-28T00:24:40.4844003Z Fetched 12.7 MB in 1s (8502 kB/s)
Test OLM installation	UNKNOWN STEP	2025-10-28T00:24:41.2598935Z Reading package lists...
Test OLM installation	UNKNOWN STEP	2025-10-28T00:24:41.4300258Z Building dependency tree...
Test OLM installation	UNKNOWN STEP	2025-10-28T00:24:41.4307503Z Reading state information...
Test OLM installation	UNKNOWN STEP	2025-10-28T00:24:41.4451010Z 43 packages can be upgraded. Run 'apt list --upgradable' to see them.
Test OLM installation	UNKNOWN STEP	2025-10-28T00:24:41.4713266Z Reading package lists...
Test OLM installation	UNKNOWN STEP	2025-10-28T00:24:41.6418273Z Building dependency tree...
Test OLM installation	UNKNOWN STEP	2025-10-28T00:24:41.6425566Z Reading state information...
Test OLM installation	UNKNOWN STEP	2025-10-28T00:24:41.8137070Z The following NEW packages will be installed:
Test OLM installation	UNKNOWN STEP	2025-10-28T00:24:41.8149201Z   conntrack
Test OLM installation	UNKNOWN STEP	2025-10-28T00:24:41.8342353Z 0 upgraded, 1 newly installed, 0 to remove and 43 not upgraded.
Test OLM installation	UNKNOWN STEP	2025-10-28T00:24:41.8343014Z Need to get 37.9 kB of archives.
Test OLM installation	UNKNOWN STEP	2025-10-28T00:24:41.8343536Z After this operation, 119 kB of additional disk space will be used.
Test OLM installation	UNKNOWN STEP	2025-10-28T00:24:41.8344172Z Get:1 file:/etc/apt/apt-mirrors.txt Mirrorlist [144 B]
Test OLM installation	UNKNOWN STEP	2025-10-28T00:24:41.8968568Z Get:2 http://azure.archive.ubuntu.com/ubuntu noble/main amd64 conntrack amd64 1:1.4.8-1ubuntu1 [37.9 kB]
Test OLM installation	UNKNOWN STEP	2025-10-28T00:24:42.1700184Z Fetched 37.9 kB in 0s (467 kB/s)
Test OLM installation	UNKNOWN STEP	2025-10-28T00:24:42.1911854Z Selecting previously unselected package conntrack.
Test OLM installation	UNKNOWN STEP	2025-10-28T00:24:42.2151285Z (Reading database ... 
Test OLM installation	UNKNOWN STEP	2025-10-28T00:24:42.2151756Z (Reading database ... 5%
Test OLM installation	UNKNOWN STEP	2025-10-28T00:24:42.2152281Z (Reading database ... 10%
Test OLM installation	UNKNOWN STEP	2025-10-28T00:24:42.2152731Z (Reading database ... 15%
Test OLM installation	UNKNOWN STEP	2025-10-28T00:24:42.2153033Z (Reading database ... 20%
Test OLM installation	UNKNOWN STEP	2025-10-28T00:24:42.2153300Z (Reading database ... 25%
Test OLM installation	UNKNOWN STEP	2025-10-28T00:24:42.2153554Z (Reading database ... 30%
Test OLM installation	UNKNOWN STEP	2025-10-28T00:24:42.2153943Z (Reading database ... 35%
Test OLM installation	UNKNOWN STEP	2025-10-28T00:24:42.2154270Z (Reading database ... 40%
Test OLM installation	UNKNOWN STEP	2025-10-28T00:24:42.2154526Z (Reading database ... 45%
Test OLM installation	UNKNOWN STEP	2025-10-28T00:24:42.2154767Z (Reading database ... 50%
Test OLM installation	UNKNOWN STEP	2025-10-28T00:24:42.2219987Z (Reading database ... 55%
Test OLM installation	UNKNOWN STEP	2025-10-28T00:24:42.3423778Z (Reading database ... 60%
Test OLM installation	UNKNOWN STEP	2025-10-28T00:24:42.4925352Z (Reading database ... 65%
Test OLM installation	UNKNOWN STEP	2025-10-28T00:24:42.5325487Z (Reading database ... 70%
Test OLM installation	UNKNOWN STEP	2025-10-28T00:24:42.5842325Z (Reading database ... 75%
Test OLM installation	UNKNOWN STEP	2025-10-28T00:24:42.7399966Z (Reading database ... 80%
Test OLM installation	UNKNOWN STEP	2025-10-28T00:24:42.8768333Z (Reading database ... 85%
Test OLM installation	UNKNOWN STEP	2025-10-28T00:24:43.0326079Z (Reading database ... 90%
Test OLM installation	UNKNOWN STEP	2025-10-28T00:24:43.1782184Z (Reading database ... 95%
Test OLM installation	UNKNOWN STEP	2025-10-28T00:24:43.1782700Z (Reading database ... 100%
Test OLM installation	UNKNOWN STEP	2025-10-28T00:24:43.1783351Z (Reading database ... 214596 files and directories currently installed.)
Test OLM installation	UNKNOWN STEP	2025-10-28T00:24:43.1827046Z Preparing to unpack .../conntrack_1%3a1.4.8-1ubuntu1_amd64.deb ...
Test OLM installation	UNKNOWN STEP	2025-10-28T00:24:43.1852375Z Unpacking conntrack (1:1.4.8-1ubuntu1) ...
Test OLM installation	UNKNOWN STEP	2025-10-28T00:24:43.2259290Z Setting up conntrack (1:1.4.8-1ubuntu1) ...
Test OLM installation	UNKNOWN STEP	2025-10-28T00:24:43.2288838Z Processing triggers for man-db (2.12.0-4build2) ...
Test OLM installation	UNKNOWN STEP	2025-10-28T00:24:45.0143542Z 
Test OLM installation	UNKNOWN STEP	2025-10-28T00:24:45.0144128Z Running kernel seems to be up-to-date.
Test OLM installation	UNKNOWN STEP	2025-10-28T00:24:45.0144465Z 
Test OLM installation	UNKNOWN STEP	2025-10-28T00:24:45.0144590Z Restarting services...
Test OLM installation	UNKNOWN STEP	2025-10-28T00:24:45.0215523Z 
Test OLM installation	UNKNOWN STEP	2025-10-28T00:24:45.0216100Z Service restarts being deferred:
Test OLM installation	UNKNOWN STEP	2025-10-28T00:24:45.0218347Z  systemctl restart hosted-compute-agent.service
Test OLM installation	UNKNOWN STEP	2025-10-28T00:24:45.0218635Z 
Test OLM installation	UNKNOWN STEP	2025-10-28T00:24:45.0219191Z No containers need to be restarted.
Test OLM installation	UNKNOWN STEP	2025-10-28T00:24:45.0219518Z 
Test OLM installation	UNKNOWN STEP	2025-10-28T00:24:45.0219725Z No user sessions are running outdated binaries.
Test OLM installation	UNKNOWN STEP	2025-10-28T00:24:45.0220061Z 
Test OLM installation	UNKNOWN STEP	2025-10-28T00:24:45.0220358Z No VM guests are running outdated hypervisor (qemu) binaries on this host.
Test OLM installation	UNKNOWN STEP	2025-10-28T00:24:45.9255194Z fs.protected_regular = 0
Test OLM installation	UNKNOWN STEP	2025-10-28T00:24:45.9265618Z Waiting for Docker to be ready
Test OLM installation	UNKNOWN STEP	2025-10-28T00:24:46.0050821Z 28.0.4 - 28.0.4
Test OLM installation	UNKNOWN STEP	2025-10-28T00:24:46.0070744Z Docker daemon is ready
Test OLM installation	UNKNOWN STEP	2025-10-28T00:24:46.0075058Z Downloading Minikube  v1.37.0
Test OLM installation	UNKNOWN STEP	2025-10-28T00:24:46.2742206Z Downloading from: https://github.com/kubernetes/minikube/releases/download/v1.37.0/minikube-linux-amd64
Test OLM installation	UNKNOWN STEP	2025-10-28T00:24:47.5497165Z Installing Minikube
Test OLM installation	UNKNOWN STEP	2025-10-28T00:24:47.5914042Z * minikube v1.37.0 on Ubuntu 24.04
Test OLM installation	UNKNOWN STEP	2025-10-28T00:24:47.5919712Z   - MINIKUBE_VERSION=v1.37.0
Test OLM installation	UNKNOWN STEP	2025-10-28T00:24:47.5926664Z   - MINIKUBE_MEMORY=4096
Test OLM installation	UNKNOWN STEP	2025-10-28T00:24:47.5930768Z   - MINIKUBE_HOME=/home/runner/work/_temp
Test OLM installation	UNKNOWN STEP	2025-10-28T00:24:47.8328421Z * Using the docker driver based on user configuration
Test OLM installation	UNKNOWN STEP	2025-10-28T00:24:47.8872039Z * Using Docker driver with root privileges
Test OLM installation	UNKNOWN STEP	2025-10-28T00:24:47.8880838Z * Starting "minikube" primary control-plane node in "minikube" cluster
Test OLM installation	UNKNOWN STEP	2025-10-28T00:24:47.8891517Z * Pulling base image v0.0.48 ...
Test OLM installation	UNKNOWN STEP	2025-10-28T00:24:47.9410883Z * Downloading Kubernetes v1.32.9 preload ...
Test OLM installation	UNKNOWN STEP	2025-10-28T00:25:29.7189318Z * Configuring bridge CNI (Container Networking Interface) ...
Test OLM installation	UNKNOWN STEP	2025-10-28T00:25:29.8250286Z * Verifying Kubernetes components...
Test OLM installation	UNKNOWN STEP	2025-10-28T00:25:29.8566033Z   - Using image gcr.io/k8s-minikube/storage-provisioner:v5
Test OLM installation	UNKNOWN STEP	2025-10-28T00:25:29.8682699Z   - Using image gcr.io/k8s-minikube/kube-registry-proxy:0.0.9
Test OLM installation	UNKNOWN STEP	2025-10-28T00:25:29.8683606Z   - Using image docker.io/registry:3.0.0
Test OLM installation	UNKNOWN STEP	2025-10-28T00:25:30.4009378Z * Verifying registry addon...
Test OLM installation	UNKNOWN STEP	2025-10-28T00:25:39.4051748Z * Enabled addons: storage-provisioner, default-storageclass, registry
Test OLM installation	UNKNOWN STEP	2025-10-28T00:25:43.0381463Z 
Test OLM installation	UNKNOWN STEP	2025-10-28T00:25:43.0390720Z     > gcr.io/k8s-minikube/kicbase...:  1.61 KiB / 488.52 MiB [>_] 0.00% ? p/s ?    > gcr.io/k8s-minikube/kicbase...:  65.74 KiB / 488.52 MiB [>] 0.01% ? p/s ?    > gcr.io/k8s-minikube/kicbase...:  16.19 MiB / 488.52 MiB [>] 3.31% ? p/s ?    > gcr.io/k8s-minikube/kicbase...:  46.02 MiB / 488.52 MiB  9.42% 76.69 MiB     > gcr.io/k8s-minikube/kicbase...:  67.41 MiB / 488.52 MiB  13.80% 76.69 MiB    > gcr.io/k8s-minikube/kicbase...:  96.00 MiB / 488.52 MiB  19.65% 76.69 MiB    > gcr.io/k8s-minikube/kicbase...:  112.33 MiB / 488.52 MiB  22.99% 78.88 Mi    > gcr.io/k8s-minikube/kicbase...:  148.00 MiB / 488.52 MiB  30.30% 78.88 Mi    > gcr.io/k8s-minikube/kicbase...:  176.00 MiB / 488.52 MiB  36.03% 78.88 Mi    > gcr.io/k8s-minikube/kicbase...:  200.21 MiB / 488.52 MiB  40.98% 83.24 Mi    > gcr.io/k8s-minikube/kicbase...:  234.27 MiB / 488.52 MiB  47.95% 83.24 Mi    > gcr.io/k8s-minikube/kicbase...:  269.21 MiB / 488.52 MiB  55.11% 83.24 Mi    > gcr.io/k8s-minikube/kicbase...:  304.58 MiB / 488.52 MiB  62.35% 89.08 Mi    > gcr.io/k8s-minikube/kicbase...:  340.33 MiB / 488.52 MiB  69.67% 89.08 Mi    > gcr.io/k8s-minikube/kicbase...:  376.39 MiB / 488.52 MiB  77.05% 89.08 Mi    > gcr.io/k8s-minikube/kicbase...:  412.13 MiB / 488.52 MiB  84.36% 94.91 Mi    > gcr.io/k8s-minikube/kicbase...:  444.47 MiB / 488.52 MiB  90.98% 94.91 Mi    > gcr.io/k8s-minikube/kicbase...:  479.94 MiB / 488.52 MiB  98.24% 94.91 Mi    > gcr.io/k8s-minikube/kicbase...:  488.52 MiB / 488.52 MiB  100.00% 141.69 ! /usr/bin/kubectl is version 1.34.1, which may have incompatibilities with Kubernetes 1.32.9.
Test OLM installation	UNKNOWN STEP	2025-10-28T00:25:43.0396628Z   - Want kubectl v1.32.9? Try 'minikube kubectl -- get pods -A'
Test OLM installation	UNKNOWN STEP	2025-10-28T00:25:43.0397267Z * Done! kubectl is now configured to use "minikube" cluster and "default" namespace by default
Test OLM installation	UNKNOWN STEP	2025-10-28T00:25:43.1231650Z minikube version: v1.37.0commit: 65318f4cfff9c12cc87ec9eb8f4cdd57b25047f3 installed successfully
Test OLM installation	UNKNOWN STEP	2025-10-28T00:25:43.1378114Z ##[group]Run redhat-actions/openshift-tools-installer@144527c7d98999f2652264c048c7a9bd103f8a82
Test OLM installation	UNKNOWN STEP	2025-10-28T00:25:43.1378556Z with:
Test OLM installation	UNKNOWN STEP	2025-10-28T00:25:43.1378741Z   source: github
Test OLM installation	UNKNOWN STEP	2025-10-28T00:25:43.1378918Z   opm: 1.21.0
Test OLM installation	UNKNOWN STEP	2025-10-28T00:25:43.1379514Z   github_pat: ***
Test OLM installation	UNKNOWN STEP	2025-10-28T00:25:43.1379718Z   skip_cache: false
Test OLM installation	UNKNOWN STEP	2025-10-28T00:25:43.1379906Z env:
Test OLM installation	UNKNOWN STEP	2025-10-28T00:25:43.1380171Z   MAVEN_ARGS: -B -nsu -Daether.connector.http.connectionMaxTtl=25
Test OLM installation	UNKNOWN STEP	2025-10-28T00:25:43.1380500Z   MINIKUBE_VERSION: v1.37.0
Test OLM installation	UNKNOWN STEP	2025-10-28T00:25:43.1380724Z   KUBERNETES_VERSION: v1.32.9
Test OLM installation	UNKNOWN STEP	2025-10-28T00:25:43.1380938Z   MINIKUBE_MEMORY: 4096
Test OLM installation	UNKNOWN STEP	2025-10-28T00:25:43.1381241Z   JAVA_HOME: /opt/hostedtoolcache/Java_Temurin-Hotspot_jdk/21.0.8-9/x64
Test OLM installation	UNKNOWN STEP	2025-10-28T00:25:43.1381689Z   JAVA_HOME_21_X64: /opt/hostedtoolcache/Java_Temurin-Hotspot_jdk/21.0.8-9/x64
Test OLM installation	UNKNOWN STEP	2025-10-28T00:25:43.1382055Z   MINIKUBE_HOME: /home/runner/work/_temp
Test OLM installation	UNKNOWN STEP	2025-10-28T00:25:43.1382290Z ##[endgroup]
Test OLM installation	UNKNOWN STEP	2025-10-28T00:25:43.3025723Z Installing opm matching version "1.21.0"
Test OLM installation	UNKNOWN STEP	2025-10-28T00:25:43.3044921Z â„¹ï¸ Tools will be installed from "github".
Test OLM installation	UNKNOWN STEP	2025-10-28T00:25:43.3046629Z 
Test OLM installation	UNKNOWN STEP	2025-10-28T00:25:43.3047249Z ðŸ”Ž Searching for a version of opm satisfying the range "1.21.0" that was input as "1.21.0"
Test OLM installation	UNKNOWN STEP	2025-10-28T00:25:45.1275259Z Max opm version satisfying 1.21.0 is 1.21.0
Test OLM installation	UNKNOWN STEP	2025-10-28T00:25:45.1276402Z Download path of opm is https://github.com/operator-framework/operator-registry/releases
Test OLM installation	UNKNOWN STEP	2025-10-28T00:25:45.3837077Z Current operating system is linux
Test OLM installation	UNKNOWN STEP	2025-10-28T00:25:45.3840591Z Current architecture is amd64
Test OLM installation	UNKNOWN STEP	2025-10-28T00:25:45.3841888Z Selecting linux-amd64-opm
Test OLM installation	UNKNOWN STEP	2025-10-28T00:25:45.3845436Z Using temporary directory for storage
Test OLM installation	UNKNOWN STEP	2025-10-28T00:25:45.3851897Z ðŸ“ CLIs will be downloaded to /home/runner/work/_temp/openshift-bin
Test OLM installation	UNKNOWN STEP	2025-10-28T00:25:45.3855507Z Added /home/runner/work/_temp/openshift-bin to PATH
Test OLM installation	UNKNOWN STEP	2025-10-28T00:25:45.3856077Z Checking the cache for opm v1.21.0...
Test OLM installation	UNKNOWN STEP	2025-10-28T00:25:45.6055293Z ##[warning]Failed to check cache for opm v1.21.0: Error: Cache service responded with 400
Test OLM installation	UNKNOWN STEP	2025-10-28T00:25:45.8476826Z â¬‡ï¸ Downloading 45.03MB https://github.com/operator-framework/operator-registry/releases/download/v1.21.0/linux-amd64-opm ...
Test OLM installation	UNKNOWN STEP	2025-10-28T00:25:46.3266913Z Downloaded linux-amd64-opm in 0.5s
Test OLM installation	UNKNOWN STEP	2025-10-28T00:25:46.3271074Z Download path of opm is https://github.com/operator-framework/operator-registry/releases
Test OLM installation	UNKNOWN STEP	2025-10-28T00:25:46.5987091Z â¬‡ï¸ Downloading hash file https://github.com/operator-framework/operator-registry/releases/download/v1.21.0/checksums.txt
Test OLM installation	UNKNOWN STEP	2025-10-28T00:25:46.8771347Z sha256 verification of linux-amd64-opm succeeded.
Test OLM installation	UNKNOWN STEP	2025-10-28T00:25:46.8854504Z opm installed into /home/runner/work/_temp/openshift-bin/opm
Test OLM installation	UNKNOWN STEP	2025-10-28T00:25:46.8873532Z [command]/home/runner/work/_temp/openshift-bin/opm version
Test OLM installation	UNKNOWN STEP	2025-10-28T00:25:46.9063602Z Version: version.Version{OpmVersion:"v1.21.0", GitCommit:"9999f796", BuildDate:"2022-03-03T21:23:12Z", GoOs:"linux", GoArch:"amd64"}
Test OLM installation	UNKNOWN STEP	2025-10-28T00:25:46.9082218Z ðŸ’¾ Saving opm v1.21.0 into the cache
Test OLM installation	UNKNOWN STEP	2025-10-28T00:25:46.9193675Z ##[warning]Failed to cache opm v1.21.0: ReserveCacheError: Unable to reserve cache with key opm_v1.21.0_linux_amd64_github, another job may be creating this cache.
Test OLM installation	UNKNOWN STEP	2025-10-28T00:25:46.9195872Z âœ… Successfully installed opm v1.21.0.
Test OLM installation	UNKNOWN STEP	2025-10-28T00:25:46.9196081Z 
Test OLM installation	UNKNOWN STEP	2025-10-28T00:25:46.9196227Z âœ… Successfully installed 1/1 client:
Test OLM installation	UNKNOWN STEP	2025-10-28T00:25:46.9196495Z   - opm v1.21.0
Test OLM installation	UNKNOWN STEP	2025-10-28T00:25:46.9209652Z Wrote out installed versions to /home/runner/work/_temp/openshift-bin/openshift-clients-installed.json
Test OLM installation	UNKNOWN STEP	2025-10-28T00:25:46.9380425Z ##[group]Run redhat-actions/openshift-tools-installer@144527c7d98999f2652264c048c7a9bd103f8a82
Test OLM installation	UNKNOWN STEP	2025-10-28T00:25:46.9380890Z with:
Test OLM installation	UNKNOWN STEP	2025-10-28T00:25:46.9381058Z   oc: 4
Test OLM installation	UNKNOWN STEP	2025-10-28T00:25:46.9381545Z   github_pat: ***
Test OLM installation	UNKNOWN STEP	2025-10-28T00:25:46.9381742Z   source: mirror
Test OLM installation	UNKNOWN STEP	2025-10-28T00:25:46.9381923Z   skip_cache: false
Test OLM installation	UNKNOWN STEP	2025-10-28T00:25:46.9382110Z env:
Test OLM installation	UNKNOWN STEP	2025-10-28T00:25:46.9382370Z   MAVEN_ARGS: -B -nsu -Daether.connector.http.connectionMaxTtl=25
Test OLM installation	UNKNOWN STEP	2025-10-28T00:25:46.9382708Z   MINIKUBE_VERSION: v1.37.0
Test OLM installation	UNKNOWN STEP	2025-10-28T00:25:46.9382925Z   KUBERNETES_VERSION: v1.32.9
Test OLM installation	UNKNOWN STEP	2025-10-28T00:25:46.9383143Z   MINIKUBE_MEMORY: 4096
Test OLM installation	UNKNOWN STEP	2025-10-28T00:25:46.9383438Z   JAVA_HOME: /opt/hostedtoolcache/Java_Temurin-Hotspot_jdk/21.0.8-9/x64
Test OLM installation	UNKNOWN STEP	2025-10-28T00:25:46.9383875Z   JAVA_HOME_21_X64: /opt/hostedtoolcache/Java_Temurin-Hotspot_jdk/21.0.8-9/x64
Test OLM installation	UNKNOWN STEP	2025-10-28T00:25:46.9384233Z   MINIKUBE_HOME: /home/runner/work/_temp
Test OLM installation	UNKNOWN STEP	2025-10-28T00:25:46.9384470Z ##[endgroup]
Test OLM installation	UNKNOWN STEP	2025-10-28T00:25:47.1042259Z Installing oc matching version "4"
Test OLM installation	UNKNOWN STEP	2025-10-28T00:25:47.1070269Z â„¹ï¸ Tools will be installed from "mirror".
Test OLM installation	UNKNOWN STEP	2025-10-28T00:25:47.1071959Z 
Test OLM installation	UNKNOWN STEP	2025-10-28T00:25:47.1072642Z ðŸ”Ž Searching for a version of oc satisfying the range ">=4.0.0 <5.0.0-0" that was input as "4"
Test OLM installation	UNKNOWN STEP	2025-10-28T00:25:47.1081571Z Download directory for oc is https://mirror.openshift.com/pub/openshift-v4/clients/ocp/
Test OLM installation	UNKNOWN STEP	2025-10-28T00:25:48.4185753Z Max oc version satisfying >=4.0.0 <5.0.0-0 is 4.20.1
Test OLM installation	UNKNOWN STEP	2025-10-28T00:25:48.9728377Z Current operating system is linux
Test OLM installation	UNKNOWN STEP	2025-10-28T00:25:48.9762362Z ##[warning]Multiple files were found for oc that matched the current OS and architecture: openshift-client-linux-4.20.1.tar.gz, openshift-client-linux-amd64-rhel8-4.20.1.tar.gz, openshift-client-linux-amd64-rhel9-4.20.1.tar.gz, openshift-client-linux-arm64-4.20.1.tar.gz, openshift-client-linux-arm64-rhel8-4.20.1.tar.gz, openshift-client-linux-arm64-rhel9-4.20.1.tar.gz, openshift-client-linux-ppc64le-4.20.1.tar.gz, openshift-client-linux-ppc64le-rhel8-4.20.1.tar.gz, openshift-client-linux-ppc64le-rhel9-4.20.1.tar.gz, openshift-client-linux-s390x-rhel8-4.20.1.tar.gz, openshift-client-linux-s390x-rhel9-4.20.1.tar.gz. Selecting the first one.
Test OLM installation	UNKNOWN STEP	2025-10-28T00:25:48.9778308Z Selecting openshift-client-linux-4.20.1.tar.gz
Test OLM installation	UNKNOWN STEP	2025-10-28T00:25:48.9779354Z Using temporary directory for storage
Test OLM installation	UNKNOWN STEP	2025-10-28T00:25:48.9780241Z ðŸ“ CLIs will be downloaded to /home/runner/work/_temp/openshift-bin
Test OLM installation	UNKNOWN STEP	2025-10-28T00:25:48.9780881Z Added /home/runner/work/_temp/openshift-bin to PATH
Test OLM installation	UNKNOWN STEP	2025-10-28T00:25:48.9781399Z Checking the cache for oc 4.20.1...
Test OLM installation	UNKNOWN STEP	2025-10-28T00:25:48.9781819Z Current architecture is amd64
Test OLM installation	UNKNOWN STEP	2025-10-28T00:25:49.0297251Z ##[warning]Failed to check cache for oc 4.20.1: Error: Cache service responded with 400
Test OLM installation	UNKNOWN STEP	2025-10-28T00:25:49.2162078Z â¬‡ï¸ Downloading 73.17MB https://mirror.openshift.com/pub/openshift-v4/clients/ocp/4.20.1/openshift-client-linux-4.20.1.tar.gz ...
Test OLM installation	UNKNOWN STEP	2025-10-28T00:25:50.1811766Z Downloaded openshift-client-linux-4.20.1.tar.gz in 1.0s
Test OLM installation	UNKNOWN STEP	2025-10-28T00:25:50.7934426Z â¬‡ï¸ Downloading hash file https://mirror.openshift.com/pub/openshift-v4/clients/ocp/4.20.1/sha256sum.txt
Test OLM installation	UNKNOWN STEP	2025-10-28T00:25:51.1063415Z sha256 verification of openshift-client-linux-4.20.1.tar.gz succeeded.
Test OLM installation	UNKNOWN STEP	2025-10-28T00:25:51.1148574Z [command]/usr/bin/tar xz --warning=no-unknown-keyword --overwrite -C /home/runner/work/_temp/aa2f07b3-2399-4908-871d-4bfbd2ea8b21 -f /home/runner/work/_temp/d503d5d447f02df9d02c162f52efd837-openshift-client-linux-4.20.1.tar.gz
Test OLM installation	UNKNOWN STEP	2025-10-28T00:25:52.2406034Z Removed /home/runner/work/_temp/d503d5d447f02df9d02c162f52efd837-openshift-client-linux-4.20.1.tar.gz
Test OLM installation	UNKNOWN STEP	2025-10-28T00:25:52.2469601Z oc installed into /home/runner/work/_temp/openshift-bin/oc
Test OLM installation	UNKNOWN STEP	2025-10-28T00:25:52.2484201Z [command]/home/runner/work/_temp/openshift-bin/oc version --client
Test OLM installation	UNKNOWN STEP	2025-10-28T00:25:52.3193862Z Client Version: 4.20.1
Test OLM installation	UNKNOWN STEP	2025-10-28T00:25:52.3194153Z Kustomize Version: v5.6.0
Test OLM installation	UNKNOWN STEP	2025-10-28T00:25:52.3230685Z ðŸ’¾ Saving oc 4.20.1 into the cache
Test OLM installation	UNKNOWN STEP	2025-10-28T00:25:52.3343225Z ##[warning]Failed to cache oc 4.20.1: ReserveCacheError: Unable to reserve cache with key oc_4.20.1_linux_amd64, another job may be creating this cache.
Test OLM installation	UNKNOWN STEP	2025-10-28T00:25:52.3345449Z âœ… Successfully installed oc 4.20.1.
Test OLM installation	UNKNOWN STEP	2025-10-28T00:25:52.3345787Z 
Test OLM installation	UNKNOWN STEP	2025-10-28T00:25:52.3346047Z âœ… Successfully installed 1/1 client:
Test OLM installation	UNKNOWN STEP	2025-10-28T00:25:52.3346838Z   - oc 4.20.1
Test OLM installation	UNKNOWN STEP	2025-10-28T00:25:52.3356452Z Wrote out installed versions to /home/runner/work/_temp/openshift-bin/openshift-clients-installed.json
Test OLM installation	UNKNOWN STEP	2025-10-28T00:25:52.3520576Z ##[group]Run sudo snap install yq
Test OLM installation	UNKNOWN STEP	2025-10-28T00:25:52.3520912Z [36;1msudo snap install yq[0m
Test OLM installation	UNKNOWN STEP	2025-10-28T00:25:52.3557478Z shell: /usr/bin/bash --noprofile --norc -e -o pipefail {0}
Test OLM installation	UNKNOWN STEP	2025-10-28T00:25:52.3557803Z env:
Test OLM installation	UNKNOWN STEP	2025-10-28T00:25:52.3558082Z   MAVEN_ARGS: -B -nsu -Daether.connector.http.connectionMaxTtl=25
Test OLM installation	UNKNOWN STEP	2025-10-28T00:25:52.3558417Z   MINIKUBE_VERSION: v1.37.0
Test OLM installation	UNKNOWN STEP	2025-10-28T00:25:52.3558651Z   KUBERNETES_VERSION: v1.32.9
Test OLM installation	UNKNOWN STEP	2025-10-28T00:25:52.3558869Z   MINIKUBE_MEMORY: 4096
Test OLM installation	UNKNOWN STEP	2025-10-28T00:25:52.3559341Z   JAVA_HOME: /opt/hostedtoolcache/Java_Temurin-Hotspot_jdk/21.0.8-9/x64
Test OLM installation	UNKNOWN STEP	2025-10-28T00:25:52.3559780Z   JAVA_HOME_21_X64: /opt/hostedtoolcache/Java_Temurin-Hotspot_jdk/21.0.8-9/x64
Test OLM installation	UNKNOWN STEP	2025-10-28T00:25:52.3560131Z   MINIKUBE_HOME: /home/runner/work/_temp
Test OLM installation	UNKNOWN STEP	2025-10-28T00:25:52.3560370Z ##[endgroup]
Test OLM installation	UNKNOWN STEP	2025-10-28T00:25:58.2245276Z 2025-10-28T00:25:58Z INFO Waiting for automatic snapd restart...
Test OLM installation	UNKNOWN STEP	2025-10-28T00:26:10.8006738Z yq v4.46.1 from Mike Farah (mikefarah) installed
Test OLM installation	UNKNOWN STEP	2025-10-28T00:26:10.8063891Z ##[group]Run ./scripts/install-olm.sh
Test OLM installation	UNKNOWN STEP	2025-10-28T00:26:10.8064217Z [36;1m./scripts/install-olm.sh[0m
Test OLM installation	UNKNOWN STEP	2025-10-28T00:26:10.8097729Z shell: /usr/bin/bash --noprofile --norc -e -o pipefail {0}
Test OLM installation	UNKNOWN STEP	2025-10-28T00:26:10.8098062Z env:
Test OLM installation	UNKNOWN STEP	2025-10-28T00:26:10.8098338Z   MAVEN_ARGS: -B -nsu -Daether.connector.http.connectionMaxTtl=25
Test OLM installation	UNKNOWN STEP	2025-10-28T00:26:10.8098691Z   MINIKUBE_VERSION: v1.37.0
Test OLM installation	UNKNOWN STEP	2025-10-28T00:26:10.8098928Z   KUBERNETES_VERSION: v1.32.9
Test OLM installation	UNKNOWN STEP	2025-10-28T00:26:10.8099422Z   MINIKUBE_MEMORY: 4096
Test OLM installation	UNKNOWN STEP	2025-10-28T00:26:10.8099736Z   JAVA_HOME: /opt/hostedtoolcache/Java_Temurin-Hotspot_jdk/21.0.8-9/x64
Test OLM installation	UNKNOWN STEP	2025-10-28T00:26:10.8100188Z   JAVA_HOME_21_X64: /opt/hostedtoolcache/Java_Temurin-Hotspot_jdk/21.0.8-9/x64
Test OLM installation	UNKNOWN STEP	2025-10-28T00:26:10.8100547Z   MINIKUBE_HOME: /home/runner/work/_temp
Test OLM installation	UNKNOWN STEP	2025-10-28T00:26:10.8100795Z ##[endgroup]
Test OLM installation	UNKNOWN STEP	2025-10-28T00:26:10.8168191Z + mkdir -p /tmp/olm/
Test OLM installation	UNKNOWN STEP	2025-10-28T00:26:10.8183236Z + curl -f -L https://github.com/operator-framework/operator-lifecycle-manager/releases/download/v0.26.0/install.sh -o /tmp/olm/install.sh
Test OLM installation	UNKNOWN STEP	2025-10-28T00:26:10.8247485Z   % Total    % Received % Xferd  Average Speed   Time    Time     Time  Current
Test OLM installation	UNKNOWN STEP	2025-10-28T00:26:10.8248114Z                                  Dload  Upload   Total   Spent    Left  Speed
Test OLM installation	UNKNOWN STEP	2025-10-28T00:26:10.8248478Z 
Test OLM installation	UNKNOWN STEP	2025-10-28T00:26:10.9833370Z   0     0    0     0    0     0      0      0 --:--:-- --:--:-- --:--:--     0
Test OLM installation	UNKNOWN STEP	2025-10-28T00:26:10.9834071Z   0     0    0     0    0     0      0      0 --:--:-- --:--:-- --:--:--     0
Test OLM installation	UNKNOWN STEP	2025-10-28T00:26:11.0336597Z 
Test OLM installation	UNKNOWN STEP	2025-10-28T00:26:11.0337296Z 100  1886  100  1886    0     0   9020      0 --:--:-- --:--:-- --:--:--  9020
Test OLM installation	UNKNOWN STEP	2025-10-28T00:26:11.0366209Z + chmod +x /tmp/olm/install.sh
Test OLM installation	UNKNOWN STEP	2025-10-28T00:26:11.0378715Z + /tmp/olm/install.sh v0.26.0
Test OLM installation	UNKNOWN STEP	2025-10-28T00:26:11.8087750Z customresourcedefinition.apiextensions.k8s.io/catalogsources.operators.coreos.com created
Test OLM installation	UNKNOWN STEP	2025-10-28T00:26:12.0007215Z customresourcedefinition.apiextensions.k8s.io/clusterserviceversions.operators.coreos.com created
Test OLM installation	UNKNOWN STEP	2025-10-28T00:26:12.0150097Z customresourcedefinition.apiextensions.k8s.io/installplans.operators.coreos.com created
Test OLM installation	UNKNOWN STEP	2025-10-28T00:26:12.0207630Z customresourcedefinition.apiextensions.k8s.io/olmconfigs.operators.coreos.com created
Test OLM installation	UNKNOWN STEP	2025-10-28T00:26:12.0421292Z customresourcedefinition.apiextensions.k8s.io/operatorconditions.operators.coreos.com created
Test OLM installation	UNKNOWN STEP	2025-10-28T00:26:12.0636223Z customresourcedefinition.apiextensions.k8s.io/operatorgroups.operators.coreos.com created
Test OLM installation	UNKNOWN STEP	2025-10-28T00:26:12.0790929Z customresourcedefinition.apiextensions.k8s.io/operators.operators.coreos.com created
Test OLM installation	UNKNOWN STEP	2025-10-28T00:26:12.1854410Z customresourcedefinition.apiextensions.k8s.io/subscriptions.operators.coreos.com created
Test OLM installation	UNKNOWN STEP	2025-10-28T00:26:12.6142771Z customresourcedefinition.apiextensions.k8s.io/catalogsources.operators.coreos.com condition met
Test OLM installation	UNKNOWN STEP	2025-10-28T00:26:12.8280723Z customresourcedefinition.apiextensions.k8s.io/clusterserviceversions.operators.coreos.com condition met
Test OLM installation	UNKNOWN STEP	2025-10-28T00:26:12.9357315Z customresourcedefinition.apiextensions.k8s.io/installplans.operators.coreos.com condition met
Test OLM installation	UNKNOWN STEP	2025-10-28T00:26:13.0422777Z customresourcedefinition.apiextensions.k8s.io/olmconfigs.operators.coreos.com condition met
Test OLM installation	UNKNOWN STEP	2025-10-28T00:26:13.1515897Z customresourcedefinition.apiextensions.k8s.io/operatorconditions.operators.coreos.com condition met
Test OLM installation	UNKNOWN STEP	2025-10-28T00:26:13.2613477Z customresourcedefinition.apiextensions.k8s.io/operatorgroups.operators.coreos.com condition met
Test OLM installation	UNKNOWN STEP	2025-10-28T00:26:13.3681207Z customresourcedefinition.apiextensions.k8s.io/operators.operators.coreos.com condition met
Test OLM installation	UNKNOWN STEP	2025-10-28T00:26:13.5089727Z customresourcedefinition.apiextensions.k8s.io/subscriptions.operators.coreos.com condition met
Test OLM installation	UNKNOWN STEP	2025-10-28T00:26:13.9762900Z namespace/olm created
Test OLM installation	UNKNOWN STEP	2025-10-28T00:26:13.9795526Z namespace/operators created
Test OLM installation	UNKNOWN STEP	2025-10-28T00:26:14.0630299Z serviceaccount/olm-operator-serviceaccount created
Test OLM installation	UNKNOWN STEP	2025-10-28T00:26:14.0885166Z clusterrole.rbac.authorization.k8s.io/system:controller:operator-lifecycle-manager created
Test OLM installation	UNKNOWN STEP	2025-10-28T00:26:14.1038834Z clusterrolebinding.rbac.authorization.k8s.io/olm-operator-binding-olm created
Test OLM installation	UNKNOWN STEP	2025-10-28T00:26:14.1365840Z olmconfig.operators.coreos.com/cluster created
Test OLM installation	UNKNOWN STEP	2025-10-28T00:26:14.1878473Z deployment.apps/olm-operator created
Test OLM installation	UNKNOWN STEP	2025-10-28T00:26:14.1947936Z deployment.apps/catalog-operator created
Test OLM installation	UNKNOWN STEP	2025-10-28T00:26:14.1991264Z clusterrole.rbac.authorization.k8s.io/aggregate-olm-edit created
Test OLM installation	UNKNOWN STEP	2025-10-28T00:26:14.2074371Z clusterrole.rbac.authorization.k8s.io/aggregate-olm-view created
Test OLM installation	UNKNOWN STEP	2025-10-28T00:26:14.2986988Z operatorgroup.operators.coreos.com/global-operators created
Test OLM installation	UNKNOWN STEP	2025-10-28T00:26:14.3038921Z operatorgroup.operators.coreos.com/olm-operators created
Test OLM installation	UNKNOWN STEP	2025-10-28T00:26:14.3773262Z clusterserviceversion.operators.coreos.com/packageserver created
Test OLM installation	UNKNOWN STEP	2025-10-28T00:26:14.4235827Z catalogsource.operators.coreos.com/operatorhubio-catalog created
Test OLM installation	UNKNOWN STEP	2025-10-28T00:26:14.5224198Z Waiting for deployment "olm-operator" rollout to finish: 0 of 1 updated replicas are available...
Test OLM installation	UNKNOWN STEP	2025-10-28T00:26:22.3587952Z deployment "olm-operator" successfully rolled out
Test OLM installation	UNKNOWN STEP	2025-10-28T00:26:22.5376728Z deployment "catalog-operator" successfully rolled out
Test OLM installation	UNKNOWN STEP	2025-10-28T00:26:22.6693893Z Package server phase: Installing
Test OLM installation	UNKNOWN STEP	2025-10-28T00:26:32.7587354Z Package server phase: Succeeded
Test OLM installation	UNKNOWN STEP	2025-10-28T00:26:32.8552571Z deployment "packageserver" successfully rolled out
Test OLM installation	UNKNOWN STEP	2025-10-28T00:26:32.8631564Z ##[group]Run actions/download-artifact@634f93cb2916e3fdff6788551b99b062d0335ce0
Test OLM installation	UNKNOWN STEP	2025-10-28T00:26:32.8631949Z with:
Test OLM installation	UNKNOWN STEP	2025-10-28T00:26:32.8632126Z   name: keycloak-dist
Test OLM installation	UNKNOWN STEP	2025-10-28T00:26:32.8632512Z   path: quarkus/container
Test OLM installation	UNKNOWN STEP	2025-10-28T00:26:32.8632911Z   merge-multiple: false
Test OLM installation	UNKNOWN STEP	2025-10-28T00:26:32.8633156Z   repository: keycloak/keycloak
Test OLM installation	UNKNOWN STEP	2025-10-28T00:26:32.8633505Z   run-id: 18859924506
Test OLM installation	UNKNOWN STEP	2025-10-28T00:26:32.8633687Z env:
Test OLM installation	UNKNOWN STEP	2025-10-28T00:26:32.8633951Z   MAVEN_ARGS: -B -nsu -Daether.connector.http.connectionMaxTtl=25
Test OLM installation	UNKNOWN STEP	2025-10-28T00:26:32.8634296Z   MINIKUBE_VERSION: v1.37.0
Test OLM installation	UNKNOWN STEP	2025-10-28T00:26:32.8634519Z   KUBERNETES_VERSION: v1.32.9
Test OLM installation	UNKNOWN STEP	2025-10-28T00:26:32.8634737Z   MINIKUBE_MEMORY: 4096
Test OLM installation	UNKNOWN STEP	2025-10-28T00:26:32.8635033Z   JAVA_HOME: /opt/hostedtoolcache/Java_Temurin-Hotspot_jdk/21.0.8-9/x64
Test OLM installation	UNKNOWN STEP	2025-10-28T00:26:32.8635472Z   JAVA_HOME_21_X64: /opt/hostedtoolcache/Java_Temurin-Hotspot_jdk/21.0.8-9/x64
Test OLM installation	UNKNOWN STEP	2025-10-28T00:26:32.8635840Z   MINIKUBE_HOME: /home/runner/work/_temp
Test OLM installation	UNKNOWN STEP	2025-10-28T00:26:32.8636103Z ##[endgroup]
Test OLM installation	UNKNOWN STEP	2025-10-28T00:26:33.0632240Z Downloading single artifact
Test OLM installation	UNKNOWN STEP	2025-10-28T00:26:33.2377752Z Preparing to download the following artifacts:
Test OLM installation	UNKNOWN STEP	2025-10-28T00:26:33.2378820Z - keycloak-dist (ID: 4388357368, Size: 160412512, Expected Digest: sha256:e32016c1208d52bcada519b3ce6431654b704ef9558e6606b4345c8f4989c293)
Test OLM installation	UNKNOWN STEP	2025-10-28T00:26:33.3475712Z Redirecting to blob download url: https://productionresultssa14.blob.core.windows.net/actions-results/c21496e4-e5cf-4b76-95b8-972a712c3b0d/workflow-job-run-a6f52d93-41b0-5b4a-9504-5ab2d521f548/artifacts/8ec452859fe416bcecd39b267c69bfe76c7634fb13c33b71d912d2a8c0986080.zip
Test OLM installation	UNKNOWN STEP	2025-10-28T00:26:33.3481448Z Starting download of artifact to: /home/runner/work/keycloak/keycloak/quarkus/container
Test OLM installation	UNKNOWN STEP	2025-10-28T00:26:33.5327821Z (node:8817) [DEP0005] DeprecationWarning: Buffer() is deprecated due to security and usability issues. Please use the Buffer.alloc(), Buffer.allocUnsafe(), or Buffer.from() methods instead.
Test OLM installation	UNKNOWN STEP	2025-10-28T00:26:33.5329250Z (Use `node --trace-deprecation ...` to show where the warning was created)
Test OLM installation	UNKNOWN STEP	2025-10-28T00:26:36.1721780Z SHA256 digest of downloaded artifact is e32016c1208d52bcada519b3ce6431654b704ef9558e6606b4345c8f4989c293
Test OLM installation	UNKNOWN STEP	2025-10-28T00:26:36.1722715Z Artifact download completed successfully.
Test OLM installation	UNKNOWN STEP	2025-10-28T00:26:36.1723209Z Total of 1 artifact(s) downloaded
Test OLM installation	UNKNOWN STEP	2025-10-28T00:26:36.1728920Z Download artifact has finished successfully
Test OLM installation	UNKNOWN STEP	2025-10-28T00:26:36.1863482Z ##[group]Run echo "Minikube IP $(minikube ip)"
Test OLM installation	UNKNOWN STEP	2025-10-28T00:26:36.1863888Z [36;1mecho "Minikube IP $(minikube ip)"[0m
Test OLM installation	UNKNOWN STEP	2025-10-28T00:26:36.1864198Z [36;1meval $(minikube -p minikube docker-env)[0m
Test OLM installation	UNKNOWN STEP	2025-10-28T00:26:36.1864614Z [36;1mREGISTRY=$(minikube ip):5000 ./scripts/olm-testing.sh ${GITHUB_SHA::6}[0m
Test OLM installation	UNKNOWN STEP	2025-10-28T00:26:36.1898975Z shell: /usr/bin/bash --noprofile --norc -e -o pipefail {0}
Test OLM installation	UNKNOWN STEP	2025-10-28T00:26:36.1899561Z env:
Test OLM installation	UNKNOWN STEP	2025-10-28T00:26:36.1899837Z   MAVEN_ARGS: -B -nsu -Daether.connector.http.connectionMaxTtl=25
Test OLM installation	UNKNOWN STEP	2025-10-28T00:26:36.1900177Z   MINIKUBE_VERSION: v1.37.0
Test OLM installation	UNKNOWN STEP	2025-10-28T00:26:36.1900433Z   KUBERNETES_VERSION: v1.32.9
Test OLM installation	UNKNOWN STEP	2025-10-28T00:26:36.1900661Z   MINIKUBE_MEMORY: 4096
Test OLM installation	UNKNOWN STEP	2025-10-28T00:26:36.1900973Z   JAVA_HOME: /opt/hostedtoolcache/Java_Temurin-Hotspot_jdk/21.0.8-9/x64
Test OLM installation	UNKNOWN STEP	2025-10-28T00:26:36.1901414Z   JAVA_HOME_21_X64: /opt/hostedtoolcache/Java_Temurin-Hotspot_jdk/21.0.8-9/x64
Test OLM installation	UNKNOWN STEP	2025-10-28T00:26:36.1901768Z   MINIKUBE_HOME: /home/runner/work/_temp
Test OLM installation	UNKNOWN STEP	2025-10-28T00:26:36.1902053Z ##[endgroup]
Test OLM installation	UNKNOWN STEP	2025-10-28T00:26:36.2978019Z Minikube IP 192.168.49.2
Test OLM installation	UNKNOWN STEP	2025-10-28T00:26:36.6795693Z + UUID=8136b0
Test OLM installation	UNKNOWN STEP	2025-10-28T00:26:36.6796097Z + INSTALL_NAMESPACE=default
Test OLM installation	UNKNOWN STEP	2025-10-28T00:26:36.6796573Z + TARGET_NAMESPACES=default
Test OLM installation	UNKNOWN STEP	2025-10-28T00:26:36.6801523Z +++ dirname -- ./scripts/olm-testing.sh
Test OLM installation	UNKNOWN STEP	2025-10-28T00:26:36.6812957Z ++ cd -- ./scripts
Test OLM installation	UNKNOWN STEP	2025-10-28T00:26:36.6813381Z ++ pwd
Test OLM installation	UNKNOWN STEP	2025-10-28T00:26:36.6816051Z + SCRIPT_DIR=/home/runner/work/keycloak/keycloak/operator/scripts
Test OLM installation	UNKNOWN STEP	2025-10-28T00:26:36.6816634Z + REGISTRY=192.168.49.2:5000
Test OLM installation	UNKNOWN STEP	2025-10-28T00:26:36.6816999Z + VERSION=86400000.0.0
Test OLM installation	UNKNOWN STEP	2025-10-28T00:26:36.6820018Z + cd /home/runner/work/keycloak/keycloak/operator/scripts/../../quarkus/container
Test OLM installation	UNKNOWN STEP	2025-10-28T00:26:36.6823705Z ++ ls keycloak-999.0.0-SNAPSHOT.tar.gz
Test OLM installation	UNKNOWN STEP	2025-10-28T00:26:36.6836886Z + docker build --build-arg KEYCLOAK_DIST=keycloak-999.0.0-SNAPSHOT.tar.gz . -t 192.168.49.2:5000/8136b0keycloak:86400000.0.0
Test OLM installation	UNKNOWN STEP	2025-10-28T00:26:37.0342152Z #0 building with "default" instance using docker driver
Test OLM installation	UNKNOWN STEP	2025-10-28T00:26:37.0342496Z 
Test OLM installation	UNKNOWN STEP	2025-10-28T00:26:37.0342648Z #1 [internal] load build definition from Dockerfile
Test OLM installation	UNKNOWN STEP	2025-10-28T00:26:37.0342999Z #1 transferring dockerfile: 2.73kB done
Test OLM installation	UNKNOWN STEP	2025-10-28T00:26:37.0343279Z #1 DONE 0.0s
Test OLM installation	UNKNOWN STEP	2025-10-28T00:26:37.0343408Z 
Test OLM installation	UNKNOWN STEP	2025-10-28T00:26:37.0343621Z #2 [internal] load metadata for registry.access.redhat.com/ubi9:latest
Test OLM installation	UNKNOWN STEP	2025-10-28T00:26:37.6388932Z #2 ...
Test OLM installation	UNKNOWN STEP	2025-10-28T00:26:37.6389378Z 
Test OLM installation	UNKNOWN STEP	2025-10-28T00:26:37.6389781Z #3 [internal] load metadata for registry.access.redhat.com/ubi9-micro:latest
Test OLM installation	UNKNOWN STEP	2025-10-28T00:26:37.6390436Z #3 DONE 0.8s
Test OLM installation	UNKNOWN STEP	2025-10-28T00:26:37.7923466Z 
Test OLM installation	UNKNOWN STEP	2025-10-28T00:26:37.7924100Z #2 [internal] load metadata for registry.access.redhat.com/ubi9:latest
Test OLM installation	UNKNOWN STEP	2025-10-28T00:26:37.7924733Z #2 DONE 0.8s
Test OLM installation	UNKNOWN STEP	2025-10-28T00:26:37.7924993Z 
Test OLM installation	UNKNOWN STEP	2025-10-28T00:26:37.7925166Z #4 [internal] load .dockerignore
Test OLM installation	UNKNOWN STEP	2025-10-28T00:26:37.7925576Z #4 transferring context: 2B done
Test OLM installation	UNKNOWN STEP	2025-10-28T00:26:37.7925932Z #4 DONE 0.0s
Test OLM installation	UNKNOWN STEP	2025-10-28T00:26:37.7926104Z 
Test OLM installation	UNKNOWN STEP	2025-10-28T00:26:37.7926855Z #5 [ubi-micro-build 1/8] FROM registry.access.redhat.com/ubi9:latest@sha256:dec374e05cc13ebbc0975c9f521f3db6942d27f8ccdf06b180160490eef8bdbc
Test OLM installation	UNKNOWN STEP	2025-10-28T00:26:37.7928094Z #5 resolve registry.access.redhat.com/ubi9:latest@sha256:dec374e05cc13ebbc0975c9f521f3db6942d27f8ccdf06b180160490eef8bdbc done
Test OLM installation	UNKNOWN STEP	2025-10-28T00:26:37.7930019Z #5 sha256:35d6a5cce6a146ea7213377edde7d1d27f34dda18ce9fac98ea2ab40a6b110f6 0B / 79.59MB 0.1s
Test OLM installation	UNKNOWN STEP	2025-10-28T00:26:37.7931141Z #5 sha256:dec374e05cc13ebbc0975c9f521f3db6942d27f8ccdf06b180160490eef8bdbc 970B / 970B done
Test OLM installation	UNKNOWN STEP	2025-10-28T00:26:37.7932155Z #5 sha256:f3b9841ea7615b38fd271cf18ae235d8228d3369036eb175ded171c936808255 429B / 429B done
Test OLM installation	UNKNOWN STEP	2025-10-28T00:26:37.7933199Z #5 sha256:4461e0f8948d70db7614912a1d3d4b0b180d4a3044a08058bec55dbbb941b1f3 5.94kB / 5.94kB done
Test OLM installation	UNKNOWN STEP	2025-10-28T00:26:38.0888795Z #5 sha256:35d6a5cce6a146ea7213377edde7d1d27f34dda18ce9fac98ea2ab40a6b110f6 7.34MB / 79.59MB 0.3s
Test OLM installation	UNKNOWN STEP	2025-10-28T00:26:38.1894809Z #5 sha256:35d6a5cce6a146ea7213377edde7d1d27f34dda18ce9fac98ea2ab40a6b110f6 14.68MB / 79.59MB 0.4s
Test OLM installation	UNKNOWN STEP	2025-10-28T00:26:38.2918913Z #5 sha256:35d6a5cce6a146ea7213377edde7d1d27f34dda18ce9fac98ea2ab40a6b110f6 26.21MB / 79.59MB 0.5s
Test OLM installation	UNKNOWN STEP	2025-10-28T00:26:38.3919547Z #5 sha256:35d6a5cce6a146ea7213377edde7d1d27f34dda18ce9fac98ea2ab40a6b110f6 47.19MB / 79.59MB 0.7s
Test OLM installation	UNKNOWN STEP	2025-10-28T00:26:38.4933071Z #5 sha256:35d6a5cce6a146ea7213377edde7d1d27f34dda18ce9fac98ea2ab40a6b110f6 56.56MB / 79.59MB 0.8s
Test OLM installation	UNKNOWN STEP	2025-10-28T00:26:38.6925846Z #5 ...
Test OLM installation	UNKNOWN STEP	2025-10-28T00:26:38.6926282Z 
Test OLM installation	UNKNOWN STEP	2025-10-28T00:26:38.6927437Z #6 [stage-1 1/4] FROM registry.access.redhat.com/ubi9-micro:latest@sha256:aff810919642215e15c993b9bbc110dbcc446608730ad24499dafd9df7a8f8f4
Test OLM installation	UNKNOWN STEP	2025-10-28T00:26:38.6929248Z #6 resolve registry.access.redhat.com/ubi9-micro:latest@sha256:aff810919642215e15c993b9bbc110dbcc446608730ad24499dafd9df7a8f8f4 done
Test OLM installation	UNKNOWN STEP	2025-10-28T00:26:38.6930494Z #6 sha256:b75f920bd8141e2940d7c1abf2414b8b397189662c4dd4a12047fa265a495a36 4.97kB / 4.97kB done
Test OLM installation	UNKNOWN STEP	2025-10-28T00:26:38.6931467Z #6 sha256:7d0737898ab0e39437d06df65284214e20726894f41190bad590568d64e5a15c 7.27MB / 7.27MB 0.3s done
Test OLM installation	UNKNOWN STEP	2025-10-28T00:26:38.6932445Z #6 sha256:aff810919642215e15c993b9bbc110dbcc446608730ad24499dafd9df7a8f8f4 970B / 970B done
Test OLM installation	UNKNOWN STEP	2025-10-28T00:26:38.6933588Z #6 sha256:558422e68b6b0f3cf96e61a295655c55be56b082bb51154b35884b93f37ce11f 428B / 428B done
Test OLM installation	UNKNOWN STEP	2025-10-28T00:26:38.6934592Z #6 extracting sha256:7d0737898ab0e39437d06df65284214e20726894f41190bad590568d64e5a15c 0.5s done
Test OLM installation	UNKNOWN STEP	2025-10-28T00:26:38.6935284Z #6 DONE 0.8s
Test OLM installation	UNKNOWN STEP	2025-10-28T00:26:38.6935454Z 
Test OLM installation	UNKNOWN STEP	2025-10-28T00:26:38.6935602Z #7 [internal] load build context
Test OLM installation	UNKNOWN STEP	2025-10-28T00:26:38.6936021Z #7 transferring context: 160.40MB 0.9s done
Test OLM installation	UNKNOWN STEP	2025-10-28T00:26:38.6936432Z #7 DONE 0.9s
Test OLM installation	UNKNOWN STEP	2025-10-28T00:26:38.6936597Z 
Test OLM installation	UNKNOWN STEP	2025-10-28T00:26:38.6937294Z #5 [ubi-micro-build 1/8] FROM registry.access.redhat.com/ubi9:latest@sha256:dec374e05cc13ebbc0975c9f521f3db6942d27f8ccdf06b180160490eef8bdbc
Test OLM installation	UNKNOWN STEP	2025-10-28T00:26:38.6938728Z #5 sha256:35d6a5cce6a146ea7213377edde7d1d27f34dda18ce9fac98ea2ab40a6b110f6 79.59MB / 79.59MB 1.0s
Test OLM installation	UNKNOWN STEP	2025-10-28T00:26:38.8576470Z #5 sha256:35d6a5cce6a146ea7213377edde7d1d27f34dda18ce9fac98ea2ab40a6b110f6 79.59MB / 79.59MB 1.0s done
Test OLM installation	UNKNOWN STEP	2025-10-28T00:26:38.8577667Z #5 extracting sha256:35d6a5cce6a146ea7213377edde7d1d27f34dda18ce9fac98ea2ab40a6b110f6 0.1s
Test OLM installation	UNKNOWN STEP	2025-10-28T00:26:42.0029327Z #5 extracting sha256:35d6a5cce6a146ea7213377edde7d1d27f34dda18ce9fac98ea2ab40a6b110f6 3.1s done
Test OLM installation	UNKNOWN STEP	2025-10-28T00:26:42.0030103Z #5 DONE 4.2s
Test OLM installation	UNKNOWN STEP	2025-10-28T00:26:42.0030224Z 
Test OLM installation	UNKNOWN STEP	2025-10-28T00:26:42.0030376Z #8 [ubi-micro-build 2/8] RUN dnf install -y tar gzip
Test OLM installation	UNKNOWN STEP	2025-10-28T00:26:42.2046418Z #8 0.353 Updating Subscription Management repositories.
Test OLM installation	UNKNOWN STEP	2025-10-28T00:26:42.3582324Z #8 0.353 Unable to read consumer identity
Test OLM installation	UNKNOWN STEP	2025-10-28T00:26:42.3582771Z #8 0.356 
Test OLM installation	UNKNOWN STEP	2025-10-28T00:26:42.3583229Z #8 0.356 This system is not registered with an entitlement server. You can use subscription-manager to register.
Test OLM installation	UNKNOWN STEP	2025-10-28T00:26:42.3583682Z #8 0.356 
Test OLM installation	UNKNOWN STEP	2025-10-28T00:26:42.6051039Z #8 0.753 Red Hat Universal Base Image 9 (RPMs) - BaseOS  1.4 MB/s | 531 kB     00:00    
Test OLM installation	UNKNOWN STEP	2025-10-28T00:26:43.0325571Z #8 1.181 Red Hat Universal Base Image 9 (RPMs) - AppStre 6.8 MB/s | 2.4 MB     00:00    
Test OLM installation	UNKNOWN STEP	2025-10-28T00:26:43.7114157Z #8 1.859 Red Hat Universal Base Image 9 (RPMs) - CodeRea 965 kB/s | 287 kB     00:00    
Test OLM installation	UNKNOWN STEP	2025-10-28T00:26:43.8390056Z #8 1.987 Package tar-2:1.34-7.el9.x86_64 is already installed.
Test OLM installation	UNKNOWN STEP	2025-10-28T00:26:44.0051009Z #8 1.987 Package gzip-1.12-1.el9.x86_64 is already installed.
Test OLM installation	UNKNOWN STEP	2025-10-28T00:26:44.0051406Z #8 2.001 Dependencies resolved.
Test OLM installation	UNKNOWN STEP	2025-10-28T00:26:44.0051643Z #8 2.002 Nothing to do.
Test OLM installation	UNKNOWN STEP	2025-10-28T00:26:44.0051852Z #8 2.003 Complete!
Test OLM installation	UNKNOWN STEP	2025-10-28T00:26:44.1338573Z #8 DONE 2.3s
Test OLM installation	UNKNOWN STEP	2025-10-28T00:26:44.2850678Z 
Test OLM installation	UNKNOWN STEP	2025-10-28T00:26:44.2851313Z #9 [ubi-micro-build 3/8] ADD keycloak-999.0.0-SNAPSHOT.tar.gz /tmp/keycloak/
Test OLM installation	UNKNOWN STEP	2025-10-28T00:26:46.1699304Z #9 DONE 2.0s
Test OLM installation	UNKNOWN STEP	2025-10-28T00:26:46.3224532Z 
Test OLM installation	UNKNOWN STEP	2025-10-28T00:26:46.3225520Z #10 [ubi-micro-build 4/8] RUN (cd /tmp/keycloak &&     tar -xvf /tmp/keycloak/keycloak-*.tar.gz &&     rm /tmp/keycloak/keycloak-*.tar.gz) || true
Test OLM installation	UNKNOWN STEP	2025-10-28T00:26:46.6070092Z #10 0.270 tar: /tmp/keycloak/keycloak-*.tar.gz: Cannot open: No such file or directory
Test OLM installation	UNKNOWN STEP	2025-10-28T00:26:46.6071953Z #10 0.271 tar: Error is not recoverable: exiting now
Test OLM installation	UNKNOWN STEP	2025-10-28T00:26:46.6072468Z #10 DONE 0.3s
Test OLM installation	UNKNOWN STEP	2025-10-28T00:26:46.6072658Z 
Test OLM installation	UNKNOWN STEP	2025-10-28T00:26:46.6073120Z #11 [ubi-micro-build 5/8] RUN mv /tmp/keycloak/keycloak-* /opt/keycloak && mkdir -p /opt/keycloak/data
Test OLM installation	UNKNOWN STEP	2025-10-28T00:26:46.6098742Z #11 DONE 0.2s
Test OLM installation	UNKNOWN STEP	2025-10-28T00:26:46.7609357Z 
Test OLM installation	UNKNOWN STEP	2025-10-28T00:26:46.7609946Z #12 [ubi-micro-build 6/8] RUN chmod -R g+rwX /opt/keycloak
Test OLM installation	UNKNOWN STEP	2025-10-28T00:26:47.1753675Z #12 DONE 0.6s
Test OLM installation	UNKNOWN STEP	2025-10-28T00:26:47.3231094Z 
Test OLM installation	UNKNOWN STEP	2025-10-28T00:26:47.3231561Z #13 [ubi-micro-build 7/8] ADD ubi-null.sh /tmp/
Test OLM installation	UNKNOWN STEP	2025-10-28T00:26:47.3232211Z #13 DONE 0.0s
Test OLM installation	UNKNOWN STEP	2025-10-28T00:26:47.3232399Z 
Test OLM installation	UNKNOWN STEP	2025-10-28T00:26:47.3232883Z #14 [ubi-micro-build 8/8] RUN bash /tmp/ubi-null.sh java-21-openjdk-headless glibc-langpack-en findutils
Test OLM installation	UNKNOWN STEP	2025-10-28T00:26:47.3233684Z #14 0.135 ==> Installing packages into chroot
Test OLM installation	UNKNOWN STEP	2025-10-28T00:26:47.3234193Z #14 0.135 + dnf install -y findutils diffutils
Test OLM installation	UNKNOWN STEP	2025-10-28T00:26:47.5698192Z #14 0.381 Updating Subscription Management repositories.
Test OLM installation	UNKNOWN STEP	2025-10-28T00:26:47.7981792Z #14 0.382 Unable to read consumer identity
Test OLM installation	UNKNOWN STEP	2025-10-28T00:26:47.7982137Z #14 0.385 
Test OLM installation	UNKNOWN STEP	2025-10-28T00:26:47.7982741Z #14 0.385 This system is not registered with an entitlement server. You can use subscription-manager to register.
Test OLM installation	UNKNOWN STEP	2025-10-28T00:26:47.7983539Z #14 0.385 
Test OLM installation	UNKNOWN STEP	2025-10-28T00:26:47.7984025Z #14 0.424 Last metadata expiration check: 0:00:04 ago on Tue Oct 28 00:26:43 2025.
Test OLM installation	UNKNOWN STEP	2025-10-28T00:26:47.7984721Z #14 0.445 Package findutils-1:4.8.0-7.el9.x86_64 is already installed.
Test OLM installation	UNKNOWN STEP	2025-10-28T00:26:47.7985087Z #14 0.458 Dependencies resolved.
Test OLM installation	UNKNOWN STEP	2025-10-28T00:26:47.7985364Z #14 0.459 ================================================================================
Test OLM installation	UNKNOWN STEP	2025-10-28T00:26:47.7985781Z #14 0.459  Package         Architecture Version             Repository               Size
Test OLM installation	UNKNOWN STEP	2025-10-28T00:26:47.7986178Z #14 0.459 ================================================================================
Test OLM installation	UNKNOWN STEP	2025-10-28T00:26:47.7986458Z #14 0.459 Installing:
Test OLM installation	UNKNOWN STEP	2025-10-28T00:26:47.7986776Z #14 0.459  diffutils       x86_64       3.7-12.el9          ubi-9-baseos-rpms       402 k
Test OLM installation	UNKNOWN STEP	2025-10-28T00:26:47.7987108Z #14 0.459 
Test OLM installation	UNKNOWN STEP	2025-10-28T00:26:47.7987286Z #14 0.459 Transaction Summary
Test OLM installation	UNKNOWN STEP	2025-10-28T00:26:47.7987542Z #14 0.459 ================================================================================
Test OLM installation	UNKNOWN STEP	2025-10-28T00:26:47.7987823Z #14 0.459 Install  1 Package
Test OLM installation	UNKNOWN STEP	2025-10-28T00:26:47.7988030Z #14 0.459 
Test OLM installation	UNKNOWN STEP	2025-10-28T00:26:47.7988214Z #14 0.459 Total download size: 402 k
Test OLM installation	UNKNOWN STEP	2025-10-28T00:26:47.7988461Z #14 0.459 Installed size: 1.4 M
Test OLM installation	UNKNOWN STEP	2025-10-28T00:26:47.7988689Z #14 0.459 Downloading Packages:
Test OLM installation	UNKNOWN STEP	2025-10-28T00:26:47.8325419Z #14 0.644 diffutils-3.7-12.el9.x86_64.rpm                 2.1 MB/s | 402 kB     00:00    
Test OLM installation	UNKNOWN STEP	2025-10-28T00:26:47.9409862Z #14 0.645 --------------------------------------------------------------------------------
Test OLM installation	UNKNOWN STEP	2025-10-28T00:26:47.9410577Z #14 0.646 Total                                           2.1 MB/s | 402 kB     00:00     
Test OLM installation	UNKNOWN STEP	2025-10-28T00:26:47.9411059Z #14 0.658 Running transaction check
Test OLM installation	UNKNOWN STEP	2025-10-28T00:26:47.9411496Z #14 0.662 Transaction check succeeded.
Test OLM installation	UNKNOWN STEP	2025-10-28T00:26:47.9411910Z #14 0.662 Running transaction test
Test OLM installation	UNKNOWN STEP	2025-10-28T00:26:47.9412307Z #14 0.687 Transaction test succeeded.
Test OLM installation	UNKNOWN STEP	2025-10-28T00:26:47.9413040Z #14 0.688 Running transaction
Test OLM installation	UNKNOWN STEP	2025-10-28T00:26:47.9413510Z #14 0.708   Preparing        :                                                        1/1 
Test OLM installation	UNKNOWN STEP	2025-10-28T00:26:47.9414205Z #14 0.743   Installing       : diffutils-3.7-12.el9.x86_64                            1/1 
Test OLM installation	UNKNOWN STEP	2025-10-28T00:26:48.0805177Z #14 0.753   Running scriptlet: diffutils-3.7-12.el9.x86_64                            1/1 
Test OLM installation	UNKNOWN STEP	2025-10-28T00:26:48.0806082Z #14 0.788   Verifying        : diffutils-3.7-12.el9.x86_64                            1/1 
Test OLM installation	UNKNOWN STEP	2025-10-28T00:26:48.0806785Z #14 0.815 Installed products updated.
Test OLM installation	UNKNOWN STEP	2025-10-28T00:26:48.0807220Z #14 0.841 
Test OLM installation	UNKNOWN STEP	2025-10-28T00:26:48.0807574Z #14 0.841 Installed:
Test OLM installation	UNKNOWN STEP	2025-10-28T00:26:48.0808104Z #14 0.841   diffutils-3.7-12.el9.x86_64                                                   
Test OLM installation	UNKNOWN STEP	2025-10-28T00:26:48.0809346Z #14 0.841 
Test OLM installation	UNKNOWN STEP	2025-10-28T00:26:48.0809754Z #14 0.841 Complete!
Test OLM installation	UNKNOWN STEP	2025-10-28T00:26:48.0810097Z #14 0.892 ++ realpath rootfs
Test OLM installation	UNKNOWN STEP	2025-10-28T00:26:48.2341596Z #14 0.894 + rootfs=/tmp/null/rootfs
Test OLM installation	UNKNOWN STEP	2025-10-28T00:26:48.2342010Z #14 0.894 + mkdir -p /tmp/null/rootfs
Test OLM installation	UNKNOWN STEP	2025-10-28T00:26:48.2342604Z #14 0.895 + xargs dnf install -y --installroot /tmp/null/rootfs --releasever 9 --setopt install_weak_deps=false --nodocs
Test OLM installation	UNKNOWN STEP	2025-10-28T00:26:48.3175977Z #14 1.129 Updating Subscription Management repositories.
Test OLM installation	UNKNOWN STEP	2025-10-28T00:26:48.4697414Z #14 1.130 Unable to read consumer identity
Test OLM installation	UNKNOWN STEP	2025-10-28T00:26:48.4697979Z #14 1.131 
Test OLM installation	UNKNOWN STEP	2025-10-28T00:26:48.4698526Z #14 1.131 This system is not registered with an entitlement server. You can use subscription-manager to register.
Test OLM installation	UNKNOWN STEP	2025-10-28T00:26:48.4699201Z #14 1.131 
Test OLM installation	UNKNOWN STEP	2025-10-28T00:26:48.6373194Z #14 1.449 Red Hat Universal Base Image 9 (RPMs) - BaseOS  1.7 MB/s | 531 kB     00:00    
Test OLM installation	UNKNOWN STEP	2025-10-28T00:26:49.0849316Z #14 1.896 Red Hat Universal Base Image 9 (RPMs) - AppStre 6.4 MB/s | 2.4 MB     00:00    
Test OLM installation	UNKNOWN STEP	2025-10-28T00:26:49.7445730Z #14 2.556 Red Hat Universal Base Image 9 (RPMs) - CodeRea 1.0 MB/s | 287 kB     00:00    
Test OLM installation	UNKNOWN STEP	2025-10-28T00:26:49.8807436Z #14 2.692 Dependencies resolved.
Test OLM installation	UNKNOWN STEP	2025-10-28T00:26:50.0179215Z #14 2.697 =============================================================================================
Test OLM installation	UNKNOWN STEP	2025-10-28T00:26:50.0180016Z #14 2.697  Package                    Arch    Version                       Repository             Size
Test OLM installation	UNKNOWN STEP	2025-10-28T00:26:50.0180678Z #14 2.697 =============================================================================================
Test OLM installation	UNKNOWN STEP	2025-10-28T00:26:50.0181154Z #14 2.697 Installing:
Test OLM installation	UNKNOWN STEP	2025-10-28T00:26:50.0181642Z #14 2.697  bash                       x86_64  5.1.8-9.el9                   ubi-9-baseos-rpms     1.7 M
Test OLM installation	UNKNOWN STEP	2025-10-28T00:26:50.0182436Z #14 2.697  coreutils-single           x86_64  8.32-39.el9                   ubi-9-baseos-rpms     625 k
Test OLM installation	UNKNOWN STEP	2025-10-28T00:26:50.0184298Z #14 2.697  findutils                  x86_64  1:4.8.0-7.el9                 ubi-9-baseos-rpms     550 k
Test OLM installation	UNKNOWN STEP	2025-10-28T00:26:50.0185151Z #14 2.697  glibc-langpack-en          x86_64  2.34-168.el9_6.23             ubi-9-baseos-rpms     656 k
Test OLM installation	UNKNOWN STEP	2025-10-28T00:26:50.0186053Z #14 2.697  java-21-openjdk-headless   x86_64  1:21.0.9.0.10-1.el9           ubi-9-appstream-rpms   49 M
Test OLM installation	UNKNOWN STEP	2025-10-28T00:26:50.0186785Z #14 2.697 Installing dependencies:
Test OLM installation	UNKNOWN STEP	2025-10-28T00:26:50.0187354Z #14 2.697  alsa-lib                   x86_64  1.2.13-2.el9                  ubi-9-appstream-rpms  530 k
Test OLM installation	UNKNOWN STEP	2025-10-28T00:26:50.0188109Z #14 2.697  alternatives               x86_64  1.24-2.el9                    ubi-9-baseos-rpms      42 k
Test OLM installation	UNKNOWN STEP	2025-10-28T00:26:50.0188659Z #14 2.697  avahi-libs                 x86_64  0.8-22.el9_6.1                ubi-9-baseos-rpms      67 k
Test OLM installation	UNKNOWN STEP	2025-10-28T00:26:50.0189433Z #14 2.697  basesystem                 noarch  11-13.el9                     ubi-9-baseos-rpms     8.0 k
Test OLM installation	UNKNOWN STEP	2025-10-28T00:26:50.0189937Z #14 2.697  bzip2-libs                 x86_64  1.0.8-10.el9_5                ubi-9-baseos-rpms      42 k
Test OLM installation	UNKNOWN STEP	2025-10-28T00:26:50.0190468Z #14 2.697  ca-certificates            noarch  2024.2.69_v8.0.303-91.4.el9_4 ubi-9-baseos-rpms     1.0 M
Test OLM installation	UNKNOWN STEP	2025-10-28T00:26:50.0191030Z #14 2.697  copy-jdk-configs           noarch  4.0-3.el9                     ubi-9-appstream-rpms   29 k
Test OLM installation	UNKNOWN STEP	2025-10-28T00:26:50.0191883Z #14 2.697  crypto-policies            noarch  20250128-1.git5269e22.el9     ubi-9-baseos-rpms      90 k
Test OLM installation	UNKNOWN STEP	2025-10-28T00:26:50.0193581Z #14 2.697  crypto-policies-scripts    noarch  20250128-1.git5269e22.el9     ubi-9-baseos-rpms     101 k
Test OLM installation	UNKNOWN STEP	2025-10-28T00:26:50.0194183Z #14 2.697  cups-libs                  x86_64  1:2.3.3op2-33.el9_6.1         ubi-9-baseos-rpms     260 k
Test OLM installation	UNKNOWN STEP	2025-10-28T00:26:50.0194664Z #14 2.697  dbus-libs                  x86_64  1:1.12.20-8.el9               ubi-9-baseos-rpms     154 k
Test OLM installation	UNKNOWN STEP	2025-10-28T00:26:50.0195096Z #14 2.697  expat                      x86_64  2.5.0-5.el9_6                 ubi-9-baseos-rpms     119 k
Test OLM installation	UNKNOWN STEP	2025-10-28T00:26:50.0195700Z #14 2.697  filesystem                 x86_64  3.16-5.el9                    ubi-9-baseos-rpms     4.8 M
Test OLM installation	UNKNOWN STEP	2025-10-28T00:26:50.0196124Z #14 2.697  gawk                       x86_64  5.1.0-6.el9                   ubi-9-baseos-rpms     1.0 M
Test OLM installation	UNKNOWN STEP	2025-10-28T00:26:50.0196519Z #14 2.697  gdbm-libs                  x86_64  1:1.23-1.el9                  ubi-9-baseos-rpms      59 k
Test OLM installation	UNKNOWN STEP	2025-10-28T00:26:50.0196926Z #14 2.697  glibc                      x86_64  2.34-168.el9_6.23             ubi-9-baseos-rpms     2.0 M
Test OLM installation	UNKNOWN STEP	2025-10-28T00:26:50.0197496Z #14 2.697  glibc-common               x86_64  2.34-168.el9_6.23             ubi-9-baseos-rpms     303 k
Test OLM installation	UNKNOWN STEP	2025-10-28T00:26:50.0197914Z #14 2.697  gmp                        x86_64  1:6.2.0-13.el9                ubi-9-baseos-rpms     319 k
Test OLM installation	UNKNOWN STEP	2025-10-28T00:26:50.0198421Z #14 2.697  gnutls                     x86_64  3.8.3-6.el9_6.2               ubi-9-baseos-rpms     1.1 M
Test OLM installation	UNKNOWN STEP	2025-10-28T00:26:50.0198846Z #14 2.697  grep                       x86_64  3.6-5.el9                     ubi-9-baseos-rpms     273 k
Test OLM installation	UNKNOWN STEP	2025-10-28T00:26:50.0199543Z #14 2.697  javapackages-filesystem    noarch  6.4.0-1.el9                   ubi-9-appstream-rpms   17 k
Test OLM installation	UNKNOWN STEP	2025-10-28T00:26:50.0200157Z #14 2.697  keyutils-libs              x86_64  1.6.3-1.el9                   ubi-9-baseos-rpms      34 k
Test OLM installation	UNKNOWN STEP	2025-10-28T00:26:50.0200697Z #14 2.697  krb5-libs                  x86_64  1.21.1-8.el9_6                ubi-9-baseos-rpms     766 k
Test OLM installation	UNKNOWN STEP	2025-10-28T00:26:50.0201106Z #14 2.697  libacl                     x86_64  2.3.1-4.el9                   ubi-9-baseos-rpms      24 k
Test OLM installation	UNKNOWN STEP	2025-10-28T00:26:50.0201619Z #14 2.697  libattr                    x86_64  2.5.1-3.el9                   ubi-9-baseos-rpms      20 k
Test OLM installation	UNKNOWN STEP	2025-10-28T00:26:50.0203282Z #14 2.697  libcap                     x86_64  2.48-9.el9_2                  ubi-9-baseos-rpms      74 k
Test OLM installation	UNKNOWN STEP	2025-10-28T00:26:50.0203890Z #14 2.697  libcom_err                 x86_64  1.46.5-7.el9                  ubi-9-baseos-rpms      28 k
Test OLM installation	UNKNOWN STEP	2025-10-28T00:26:50.0204573Z #14 2.697  libevent                   x86_64  2.1.12-8.el9_4                ubi-9-baseos-rpms     266 k
Test OLM installation	UNKNOWN STEP	2025-10-28T00:26:50.0205010Z #14 2.697  libffi                     x86_64  3.4.2-8.el9                   ubi-9-baseos-rpms      40 k
Test OLM installation	UNKNOWN STEP	2025-10-28T00:26:50.0205416Z #14 2.697  libgcc                     x86_64  11.5.0-5.el9_5                ubi-9-baseos-rpms      88 k
Test OLM installation	UNKNOWN STEP	2025-10-28T00:26:50.0205828Z #14 2.697  libgcrypt                  x86_64  1.10.0-11.el9                 ubi-9-baseos-rpms     510 k
Test OLM installation	UNKNOWN STEP	2025-10-28T00:26:50.0206252Z #14 2.697  libgpg-error               x86_64  1.42-5.el9                    ubi-9-baseos-rpms     220 k
Test OLM installation	UNKNOWN STEP	2025-10-28T00:26:50.0206712Z #14 2.697  libidn2                    x86_64  2.3.0-7.el9                   ubi-9-baseos-rpms     105 k
Test OLM installation	UNKNOWN STEP	2025-10-28T00:26:50.0207124Z #14 2.697  libselinux                 x86_64  3.6-3.el9                     ubi-9-baseos-rpms      88 k
Test OLM installation	UNKNOWN STEP	2025-10-28T00:26:50.0207527Z #14 2.697  libsepol                   x86_64  3.6-2.el9                     ubi-9-baseos-rpms     331 k
Test OLM installation	UNKNOWN STEP	2025-10-28T00:26:50.0207966Z #14 2.697  libsigsegv                 x86_64  2.13-4.el9                    ubi-9-baseos-rpms      30 k
Test OLM installation	UNKNOWN STEP	2025-10-28T00:26:50.0208383Z #14 2.697  libtasn1                   x86_64  4.16.0-9.el9                  ubi-9-baseos-rpms      77 k
Test OLM installation	UNKNOWN STEP	2025-10-28T00:26:50.0208806Z #14 2.697  libunistring               x86_64  0.9.10-15.el9                 ubi-9-baseos-rpms     499 k
Test OLM installation	UNKNOWN STEP	2025-10-28T00:26:50.0209592Z #14 2.697  libuuid                    x86_64  2.37.4-21.el9                 ubi-9-baseos-rpms      30 k
Test OLM installation	UNKNOWN STEP	2025-10-28T00:26:50.0209996Z #14 2.697  libverto                   x86_64  0.3.2-3.el9                   ubi-9-baseos-rpms      24 k
Test OLM installation	UNKNOWN STEP	2025-10-28T00:26:50.0210408Z #14 2.697  libxcrypt                  x86_64  4.4.18-3.el9                  ubi-9-baseos-rpms     120 k
Test OLM installation	UNKNOWN STEP	2025-10-28T00:26:50.0210814Z #14 2.697  libzstd                    x86_64  1.5.5-1.el9                   ubi-9-baseos-rpms     297 k
Test OLM installation	UNKNOWN STEP	2025-10-28T00:26:50.0211837Z #14 2.697  lksctp-tools               x86_64  1.0.19-3.el9_4                ubi-9-baseos-rpms     104 k
Test OLM installation	UNKNOWN STEP	2025-10-28T00:26:50.0212427Z #14 2.697  lua                        x86_64  5.4.4-4.el9                   ubi-9-appstream-rpms  192 k
Test OLM installation	UNKNOWN STEP	2025-10-28T00:26:50.0212821Z #14 2.697  lua-libs                   x86_64  5.4.4-4.el9                   ubi-9-baseos-rpms     132 k
Test OLM installation	UNKNOWN STEP	2025-10-28T00:26:50.0213233Z #14 2.697  lua-posix                  x86_64  35.0-8.el9                    ubi-9-appstream-rpms  155 k
Test OLM installation	UNKNOWN STEP	2025-10-28T00:26:50.0213639Z #14 2.697  lz4-libs                   x86_64  1.9.3-5.el9                   ubi-9-baseos-rpms      69 k
Test OLM installation	UNKNOWN STEP	2025-10-28T00:26:50.0214027Z #14 2.697  mpfr                       x86_64  4.1.0-7.el9                   ubi-9-baseos-rpms     329 k
Test OLM installation	UNKNOWN STEP	2025-10-28T00:26:50.0215141Z #14 2.697  ncurses-base               noarch  6.2-10.20210508.el9_6.2       ubi-9-baseos-rpms      96 k
Test OLM installation	UNKNOWN STEP	2025-10-28T00:26:50.0215674Z #14 2.697  ncurses-libs               x86_64  6.2-10.20210508.el9_6.2       ubi-9-baseos-rpms     329 k
Test OLM installation	UNKNOWN STEP	2025-10-28T00:26:50.0216090Z #14 2.697  nettle                     x86_64  3.10.1-1.el9                  ubi-9-baseos-rpms     568 k
Test OLM installation	UNKNOWN STEP	2025-10-28T00:26:50.0216490Z #14 2.697  nspr                       x86_64  4.36.0-4.el9_4                ubi-9-appstream-rpms  133 k
Test OLM installation	UNKNOWN STEP	2025-10-28T00:26:50.0216882Z #14 2.697  nss                        x86_64  3.112.0-4.el9_4               ubi-9-appstream-rpms  723 k
Test OLM installation	UNKNOWN STEP	2025-10-28T00:26:50.0217292Z #14 2.697  nss-softokn                x86_64  3.112.0-4.el9_4               ubi-9-appstream-rpms  400 k
Test OLM installation	UNKNOWN STEP	2025-10-28T00:26:50.0217845Z #14 2.697  nss-softokn-freebl         x86_64  3.112.0-4.el9_4               ubi-9-appstream-rpms  413 k
Test OLM installation	UNKNOWN STEP	2025-10-28T00:26:50.0218340Z #14 2.697  nss-sysinit                x86_64  3.112.0-4.el9_4               ubi-9-appstream-rpms   18 k
Test OLM installation	UNKNOWN STEP	2025-10-28T00:26:50.0218768Z #14 2.697  nss-util                   x86_64  3.112.0-4.el9_4               ubi-9-appstream-rpms   89 k
Test OLM installation	UNKNOWN STEP	2025-10-28T00:26:50.0219427Z #14 2.697  openssl-fips-provider      x86_64  3.0.7-6.el9_5                 ubi-9-baseos-rpms     9.4 k
Test OLM installation	UNKNOWN STEP	2025-10-28T00:26:50.0219939Z #14 2.697  openssl-fips-provider-so   x86_64  3.0.7-6.el9_5                 ubi-9-baseos-rpms     577 k
Test OLM installation	UNKNOWN STEP	2025-10-28T00:26:50.0220406Z #14 2.697  openssl-libs               x86_64  1:3.2.2-6.el9_5.1             ubi-9-baseos-rpms     2.1 M
Test OLM installation	UNKNOWN STEP	2025-10-28T00:26:50.0220829Z #14 2.697  p11-kit                    x86_64  0.25.3-3.el9_5                ubi-9-baseos-rpms     536 k
Test OLM installation	UNKNOWN STEP	2025-10-28T00:26:50.0221251Z #14 2.697  p11-kit-trust              x86_64  0.25.3-3.el9_5                ubi-9-baseos-rpms     144 k
Test OLM installation	UNKNOWN STEP	2025-10-28T00:26:50.0221658Z #14 2.697  pcre                       x86_64  8.44-4.el9                    ubi-9-baseos-rpms     200 k
Test OLM installation	UNKNOWN STEP	2025-10-28T00:26:50.0222034Z #14 2.697  pcre2                      x86_64  10.40-6.el9                   ubi-9-baseos-rpms     236 k
Test OLM installation	UNKNOWN STEP	2025-10-28T00:26:50.0222450Z #14 2.697  pcre2-syntax               noarch  10.40-6.el9                   ubi-9-baseos-rpms     144 k
Test OLM installation	UNKNOWN STEP	2025-10-28T00:26:50.0222879Z #14 2.697  python3                    x86_64  3.9.21-2.el9_6.2              ubi-9-baseos-rpms      26 k
Test OLM installation	UNKNOWN STEP	2025-10-28T00:26:50.0223711Z #14 2.697  python3-libs               x86_64  3.9.21-2.el9_6.2              ubi-9-baseos-rpms     8.1 M
Test OLM installation	UNKNOWN STEP	2025-10-28T00:26:50.0224623Z #14 2.697  python3-pip-wheel          noarch  21.3.1-1.el9                  ubi-9-baseos-rpms     1.1 M
Test OLM installation	UNKNOWN STEP	2025-10-28T00:26:50.0225354Z #14 2.697  python3-setuptools-wheel   noarch  53.0.0-13.el9_6.1             ubi-9-baseos-rpms     468 k
Test OLM installation	UNKNOWN STEP	2025-10-28T00:26:50.0225932Z #14 2.697  readline                   x86_64  8.1-4.el9                     ubi-9-baseos-rpms     215 k
Test OLM installation	UNKNOWN STEP	2025-10-28T00:26:50.0226359Z #14 2.697  redhat-release             x86_64  9.6-0.1.el9                   ubi-9-baseos-rpms      44 k
Test OLM installation	UNKNOWN STEP	2025-10-28T00:26:50.0226757Z #14 2.697  sed                        x86_64  4.8-9.el9                     ubi-9-baseos-rpms     309 k
Test OLM installation	UNKNOWN STEP	2025-10-28T00:26:50.0227138Z #14 2.697  setup                      noarch  2.13.7-10.el9                 ubi-9-baseos-rpms     150 k
Test OLM installation	UNKNOWN STEP	2025-10-28T00:26:50.0227552Z #14 2.697  sqlite-libs                x86_64  3.34.1-8.el9_6                ubi-9-baseos-rpms     618 k
Test OLM installation	UNKNOWN STEP	2025-10-28T00:26:50.0228091Z #14 2.697  systemd-libs               x86_64  252-51.el9_6.2                ubi-9-baseos-rpms     672 k
Test OLM installation	UNKNOWN STEP	2025-10-28T00:26:50.0228531Z #14 2.697  tzdata                     noarch  2025b-1.el9                   ubi-9-baseos-rpms     842 k
Test OLM installation	UNKNOWN STEP	2025-10-28T00:26:50.0228974Z #14 2.697  tzdata-java                noarch  2025b-1.el9                   ubi-9-appstream-rpms  228 k
Test OLM installation	UNKNOWN STEP	2025-10-28T00:26:50.0229696Z #14 2.697  xz-libs                    x86_64  5.2.5-8.el9_0                 ubi-9-baseos-rpms      94 k
Test OLM installation	UNKNOWN STEP	2025-10-28T00:26:50.0230078Z #14 2.697  zlib                       x86_64  1.2.11-40.el9                 ubi-9-baseos-rpms      93 k
Test OLM installation	UNKNOWN STEP	2025-10-28T00:26:50.0230393Z #14 2.697 
Test OLM installation	UNKNOWN STEP	2025-10-28T00:26:50.0230581Z #14 2.697 Transaction Summary
Test OLM installation	UNKNOWN STEP	2025-10-28T00:26:50.0230839Z #14 2.697 =============================================================================================
Test OLM installation	UNKNOWN STEP	2025-10-28T00:26:50.0231124Z #14 2.697 Install  84 Packages
Test OLM installation	UNKNOWN STEP	2025-10-28T00:26:50.0231428Z #14 2.697 
Test OLM installation	UNKNOWN STEP	2025-10-28T00:26:50.0231607Z #14 2.700 Total download size: 89 M
Test OLM installation	UNKNOWN STEP	2025-10-28T00:26:50.0231845Z #14 2.700 Installed size: 320 M
Test OLM installation	UNKNOWN STEP	2025-10-28T00:26:50.0232069Z #14 2.701 Downloading Packages:
Test OLM installation	UNKNOWN STEP	2025-10-28T00:26:50.0232412Z #14 2.770 (1/84): basesystem-11-13.el9.noarch.rpm         128 kB/s | 8.0 kB     00:00    
Test OLM installation	UNKNOWN STEP	2025-10-28T00:26:50.0232870Z #14 2.830 (2/84): alternatives-1.24-2.el9.x86_64.rpm      341 kB/s |  42 kB     00:00    
Test OLM installation	UNKNOWN STEP	2025-10-28T00:26:50.1235693Z #14 2.851 (3/84): avahi-libs-0.8-22.el9_6.1.x86_64.rpm    467 kB/s |  67 kB     00:00    
Test OLM installation	UNKNOWN STEP	2025-10-28T00:26:50.1236428Z #14 2.864 (4/84): bash-5.1.8-9.el9.x86_64.rpm              18 MB/s | 1.7 MB     00:00    
Test OLM installation	UNKNOWN STEP	2025-10-28T00:26:50.1236942Z #14 2.877 (5/84): bzip2-libs-1.0.8-10.el9_5.x86_64.rpm    881 kB/s |  42 kB     00:00    
Test OLM installation	UNKNOWN STEP	2025-10-28T00:26:50.1237464Z #14 2.885 (6/84): coreutils-single-8.32-39.el9.x86_64.rpm  30 MB/s | 625 kB     00:00    
Test OLM installation	UNKNOWN STEP	2025-10-28T00:26:50.1238040Z #14 2.922 (7/84): crypto-policies-scripts-20250128-1.git5 2.7 MB/s | 101 kB     00:00    
Test OLM installation	UNKNOWN STEP	2025-10-28T00:26:50.1239266Z #14 2.935 (8/84): crypto-policies-20250128-1.git5269e22.e 1.5 MB/s |  90 kB     00:00    
Test OLM installation	UNKNOWN STEP	2025-10-28T00:26:50.2356628Z #14 2.943 (9/84): cups-libs-2.3.3op2-33.el9_6.1.x86_64.rp  13 MB/s | 260 kB     00:00    
Test OLM installation	UNKNOWN STEP	2025-10-28T00:26:50.2357368Z #14 2.961 (10/84): expat-2.5.0-5.el9_6.x86_64.rpm         6.5 MB/s | 119 kB     00:00    
Test OLM installation	UNKNOWN STEP	2025-10-28T00:26:50.2357855Z #14 2.993 (11/84): dbus-libs-1.12.20-8.el9.x86_64.rpm     2.6 MB/s | 154 kB     00:00    
Test OLM installation	UNKNOWN STEP	2025-10-28T00:26:50.2358300Z #14 2.998 (12/84): ca-certificates-2024.2.69_v8.0.303-91. 6.8 MB/s | 1.0 MB     00:00    
Test OLM installation	UNKNOWN STEP	2025-10-28T00:26:50.2358766Z #14 3.031 (13/84): filesystem-3.16-5.el9.x86_64.rpm        69 MB/s | 4.8 MB     00:00    
Test OLM installation	UNKNOWN STEP	2025-10-28T00:26:50.2359460Z #14 3.047 (14/84): gawk-5.1.0-6.el9.x86_64.rpm             20 MB/s | 1.0 MB     00:00    
Test OLM installation	UNKNOWN STEP	2025-10-28T00:26:50.3439176Z #14 3.055 (15/84): gdbm-libs-1.23-1.el9.x86_64.rpm        2.4 MB/s |  59 kB     00:00    
Test OLM installation	UNKNOWN STEP	2025-10-28T00:26:50.3440053Z #14 3.072 (16/84): glibc-common-2.34-168.el9_6.23.x86_64.  18 MB/s | 303 kB     00:00    
Test OLM installation	UNKNOWN STEP	2025-10-28T00:26:50.3440589Z #14 3.095 (17/84): glibc-langpack-en-2.34-168.el9_6.23.x8  29 MB/s | 656 kB     00:00    
Test OLM installation	UNKNOWN STEP	2025-10-28T00:26:50.3441082Z #14 3.097 (18/84): findutils-4.8.0-7.el9.x86_64.rpm       5.2 MB/s | 550 kB     00:00    
Test OLM installation	UNKNOWN STEP	2025-10-28T00:26:50.3441812Z #14 3.114 (19/84): glibc-2.34-168.el9_6.23.x86_64.rpm      30 MB/s | 2.0 MB     00:00    
Test OLM installation	UNKNOWN STEP	2025-10-28T00:26:50.3442249Z #14 3.116 (20/84): gmp-6.2.0-13.el9.x86_64.rpm             15 MB/s | 319 kB     00:00    
Test OLM installation	UNKNOWN STEP	2025-10-28T00:26:50.3442708Z #14 3.133 (21/84): keyutils-libs-1.6.3-1.el9.x86_64.rpm   2.1 MB/s |  34 kB     00:00    
Test OLM installation	UNKNOWN STEP	2025-10-28T00:26:50.3443177Z #14 3.156 (22/84): krb5-libs-1.21.1-8.el9_6.x86_64.rpm     33 MB/s | 766 kB     00:00    
Test OLM installation	UNKNOWN STEP	2025-10-28T00:26:50.4483042Z #14 3.161 (23/84): gnutls-3.8.3-6.el9_6.2.x86_64.rpm       17 MB/s | 1.1 MB     00:00    
Test OLM installation	UNKNOWN STEP	2025-10-28T00:26:50.4483992Z #14 3.163 (24/84): grep-3.6-5.el9.x86_64.rpm              5.5 MB/s | 273 kB     00:00    
Test OLM installation	UNKNOWN STEP	2025-10-28T00:26:50.4485291Z #14 3.170 (25/84): libacl-2.3.1-4.el9.x86_64.rpm          1.6 MB/s |  24 kB     00:00    
Test OLM installation	UNKNOWN STEP	2025-10-28T00:26:50.4485968Z #14 3.185 (26/84): libcom_err-1.46.5-7.el9.x86_64.rpm     1.9 MB/s |  28 kB     00:00    
Test OLM installation	UNKNOWN STEP	2025-10-28T00:26:50.4486629Z #14 3.192 (27/84): libattr-2.5.1-3.el9.x86_64.rpm         652 kB/s |  20 kB     00:00    
Test OLM installation	UNKNOWN STEP	2025-10-28T00:26:50.4487632Z #14 3.196 (28/84): libcap-2.48-9.el9_2.x86_64.rpm         2.2 MB/s |  74 kB     00:00    
Test OLM installation	UNKNOWN STEP	2025-10-28T00:26:50.4488512Z #14 3.203 (29/84): libevent-2.1.12-8.el9_4.x86_64.rpm      15 MB/s | 266 kB     00:00    
Test OLM installation	UNKNOWN STEP	2025-10-28T00:26:50.4489554Z #14 3.223 (30/84): libgcrypt-1.10.0-11.el9.x86_64.rpm      25 MB/s | 510 kB     00:00    
Test OLM installation	UNKNOWN STEP	2025-10-28T00:26:50.4490304Z #14 3.230 (31/84): libffi-3.4.2-8.el9.x86_64.rpm          1.0 MB/s |  40 kB     00:00    
Test OLM installation	UNKNOWN STEP	2025-10-28T00:26:50.4490955Z #14 3.236 (32/84): libgcc-11.5.0-5.el9_5.x86_64.rpm       2.1 MB/s |  88 kB     00:00    
Test OLM installation	UNKNOWN STEP	2025-10-28T00:26:50.4491761Z #14 3.241 (33/84): libgpg-error-1.42-5.el9.x86_64.rpm      12 MB/s | 220 kB     00:00    
Test OLM installation	UNKNOWN STEP	2025-10-28T00:26:50.4492491Z #14 3.260 (34/84): libsepol-3.6-2.el9.x86_64.rpm           18 MB/s | 331 kB     00:00    
Test OLM installation	UNKNOWN STEP	2025-10-28T00:26:50.5608722Z #14 3.262 (35/84): libidn2-2.3.0-7.el9.x86_64.rpm         3.3 MB/s | 105 kB     00:00    
Test OLM installation	UNKNOWN STEP	2025-10-28T00:26:50.5609724Z #14 3.275 (36/84): libsigsegv-2.13-4.el9.x86_64.rpm       1.9 MB/s |  30 kB     00:00    
Test OLM installation	UNKNOWN STEP	2025-10-28T00:26:50.5610350Z #14 3.279 (37/84): libselinux-3.6-3.el9.x86_64.rpm        2.0 MB/s |  88 kB     00:00    
Test OLM installation	UNKNOWN STEP	2025-10-28T00:26:50.5610822Z #14 3.293 (38/84): libtasn1-4.16.0-9.el9.x86_64.rpm       2.4 MB/s |  77 kB     00:00    
Test OLM installation	UNKNOWN STEP	2025-10-28T00:26:50.5611266Z #14 3.299 (39/84): libunistring-0.9.10-15.el9.x86_64.rpm   21 MB/s | 499 kB     00:00    
Test OLM installation	UNKNOWN STEP	2025-10-28T00:26:50.5611701Z #14 3.307 (40/84): libuuid-2.37.4-21.el9.x86_64.rpm       1.0 MB/s |  30 kB     00:00    
Test OLM installation	UNKNOWN STEP	2025-10-28T00:26:50.5612128Z #14 3.316 (41/84): libxcrypt-4.4.18-3.el9.x86_64.rpm      6.9 MB/s | 120 kB     00:00    
Test OLM installation	UNKNOWN STEP	2025-10-28T00:26:50.5612553Z #14 3.325 (42/84): libverto-0.3.2-3.el9.x86_64.rpm        797 kB/s |  24 kB     00:00    
Test OLM installation	UNKNOWN STEP	2025-10-28T00:26:50.5613002Z #14 3.332 (43/84): lksctp-tools-1.0.19-3.el9_4.x86_64.rpm 6.3 MB/s | 104 kB     00:00    
Test OLM installation	UNKNOWN STEP	2025-10-28T00:26:50.5613430Z #14 3.338 (44/84): libzstd-1.5.5-1.el9.x86_64.rpm         9.3 MB/s | 297 kB     00:00    
Test OLM installation	UNKNOWN STEP	2025-10-28T00:26:50.5613851Z #14 3.356 (45/84): lua-libs-5.4.4-4.el9.x86_64.rpm        4.3 MB/s | 132 kB     00:00    
Test OLM installation	UNKNOWN STEP	2025-10-28T00:26:50.5614246Z #14 3.372 (46/84): mpfr-4.1.0-7.el9.x86_64.rpm            9.6 MB/s | 329 kB     00:00    
Test OLM installation	UNKNOWN STEP	2025-10-28T00:26:50.6622031Z #14 3.385 (47/84): lz4-libs-1.9.3-5.el9.x86_64.rpm        1.3 MB/s |  69 kB     00:00    
Test OLM installation	UNKNOWN STEP	2025-10-28T00:26:50.6622667Z #14 3.387 (48/84): ncurses-base-6.2-10.20210508.el9_6.2.n 3.0 MB/s |  96 kB     00:00    
Test OLM installation	UNKNOWN STEP	2025-10-28T00:26:50.6623195Z #14 3.404 (49/84): ncurses-libs-6.2-10.20210508.el9_6.2.x  10 MB/s | 329 kB     00:00    
Test OLM installation	UNKNOWN STEP	2025-10-28T00:26:50.6623666Z #14 3.407 (50/84): nettle-3.10.1-1.el9.x86_64.rpm          25 MB/s | 568 kB     00:00    
Test OLM installation	UNKNOWN STEP	2025-10-28T00:26:50.6624186Z #14 3.417 (51/84): openssl-fips-provider-3.0.7-6.el9_5.x8 318 kB/s | 9.4 kB     00:00    
Test OLM installation	UNKNOWN STEP	2025-10-28T00:26:50.6624701Z #14 3.441 (52/84): openssl-libs-3.2.2-6.el9_5.1.x86_64.rp  63 MB/s | 2.1 MB     00:00    
Test OLM installation	UNKNOWN STEP	2025-10-28T00:26:50.6625218Z #14 3.443 (53/84): openssl-fips-provider-so-3.0.7-6.el9_5  15 MB/s | 577 kB     00:00    
Test OLM installation	UNKNOWN STEP	2025-10-28T00:26:50.6625981Z #14 3.453 (54/84): p11-kit-0.25.3-3.el9_5.x86_64.rpm       15 MB/s | 536 kB     00:00    
Test OLM installation	UNKNOWN STEP	2025-10-28T00:26:50.6626450Z #14 3.458 (55/84): p11-kit-trust-0.25.3-3.el9_5.x86_64.rp 8.5 MB/s | 144 kB     00:00    
Test OLM installation	UNKNOWN STEP	2025-10-28T00:26:50.6626910Z #14 3.474 (56/84): pcre-8.44-4.el9.x86_64.rpm             6.5 MB/s | 200 kB     00:00    
Test OLM installation	UNKNOWN STEP	2025-10-28T00:26:50.7740114Z #14 3.476 (57/84): pcre2-syntax-10.40-6.el9.noarch.rpm    8.2 MB/s | 144 kB     00:00    
Test OLM installation	UNKNOWN STEP	2025-10-28T00:26:50.7741020Z #14 3.487 (58/84): pcre2-10.40-6.el9.x86_64.rpm           6.9 MB/s | 236 kB     00:00    
Test OLM installation	UNKNOWN STEP	2025-10-28T00:26:50.7741780Z #14 3.520 (59/84): python3-3.9.21-2.el9_6.2.x86_64.rpm    564 kB/s |  26 kB     00:00    
Test OLM installation	UNKNOWN STEP	2025-10-28T00:26:50.7742677Z #14 3.537 (60/84): python3-pip-wheel-21.3.1-1.el9.noarch.  23 MB/s | 1.1 MB     00:00    
Test OLM installation	UNKNOWN STEP	2025-10-28T00:26:50.7743251Z #14 3.552 (61/84): python3-setuptools-wheel-53.0.0-13.el9  14 MB/s | 468 kB     00:00    
Test OLM installation	UNKNOWN STEP	2025-10-28T00:26:50.7743728Z #14 3.586 (62/84): readline-8.1-4.el9.x86_64.rpm          4.3 MB/s | 215 kB     00:00    
Test OLM installation	UNKNOWN STEP	2025-10-28T00:26:50.8893805Z #14 3.592 (63/84): redhat-release-9.6-0.1.el9.x86_64.rpm  1.1 MB/s |  44 kB     00:00    
Test OLM installation	UNKNOWN STEP	2025-10-28T00:26:50.8894541Z #14 3.608 (64/84): python3-libs-3.9.21-2.el9_6.2.x86_64.r  61 MB/s | 8.1 MB     00:00    
Test OLM installation	UNKNOWN STEP	2025-10-28T00:26:50.8895072Z #14 3.619 (65/84): sed-4.8-9.el9.x86_64.rpm               9.2 MB/s | 309 kB     00:00    
Test OLM installation	UNKNOWN STEP	2025-10-28T00:26:50.8895567Z #14 3.627 (66/84): sqlite-libs-3.34.1-8.el9_6.x86_64.rpm   32 MB/s | 618 kB     00:00    
Test OLM installation	UNKNOWN STEP	2025-10-28T00:26:50.8896068Z #14 3.647 (67/84): setup-2.13.7-10.el9.noarch.rpm         2.7 MB/s | 150 kB     00:00    
Test OLM installation	UNKNOWN STEP	2025-10-28T00:26:50.8896602Z #14 3.652 (68/84): tzdata-2025b-1.el9.noarch.rpm           34 MB/s | 842 kB     00:00    
Test OLM installation	UNKNOWN STEP	2025-10-28T00:26:50.8897101Z #14 3.669 (69/84): zlib-1.2.11-40.el9.x86_64.rpm          5.3 MB/s |  93 kB     00:00    
Test OLM installation	UNKNOWN STEP	2025-10-28T00:26:50.8897599Z #14 3.671 (70/84): systemd-libs-252-51.el9_6.2.x86_64.rpm  13 MB/s | 672 kB     00:00    
Test OLM installation	UNKNOWN STEP	2025-10-28T00:26:50.8898105Z #14 3.677 (71/84): xz-libs-5.2.5-8.el9_0.x86_64.rpm       3.1 MB/s |  94 kB     00:00    
Test OLM installation	UNKNOWN STEP	2025-10-28T00:26:50.8898617Z #14 3.701 (72/84): copy-jdk-configs-4.0-3.el9.noarch.rpm  929 kB/s |  29 kB     00:00    
Test OLM installation	UNKNOWN STEP	2025-10-28T00:26:50.9947539Z #14 3.709 (73/84): lua-posix-35.0-8.el9.x86_64.rpm        4.8 MB/s | 155 kB     00:00    
Test OLM installation	UNKNOWN STEP	2025-10-28T00:26:50.9948374Z #14 3.713 (74/84): lua-5.4.4-4.el9.x86_64.rpm             4.5 MB/s | 192 kB     00:00    
Test OLM installation	UNKNOWN STEP	2025-10-28T00:26:50.9950588Z #14 3.729 (75/84): javapackages-filesystem-6.4.0-1.el9.no 1.1 MB/s |  17 kB     00:00    
Test OLM installation	UNKNOWN STEP	2025-10-28T00:26:50.9951757Z #14 3.736 (76/84): alsa-lib-1.2.13-2.el9.x86_64.rpm        15 MB/s | 530 kB     00:00    
Test OLM installation	UNKNOWN STEP	2025-10-28T00:26:50.9953020Z #14 3.746 (77/84): nspr-4.36.0-4.el9_4.x86_64.rpm         7.9 MB/s | 133 kB     00:00    
Test OLM installation	UNKNOWN STEP	2025-10-28T00:26:50.9953799Z #14 3.768 (78/84): nss-softokn-3.112.0-4.el9_4.x86_64.rpm  18 MB/s | 400 kB     00:00    
Test OLM installation	UNKNOWN STEP	2025-10-28T00:26:50.9954591Z #14 3.777 (79/84): nss-3.112.0-4.el9_4.x86_64.rpm          18 MB/s | 723 kB     00:00    
Test OLM installation	UNKNOWN STEP	2025-10-28T00:26:50.9955346Z #14 3.789 (80/84): nss-softokn-freebl-3.112.0-4.el9_4.x86  20 MB/s | 413 kB     00:00    
Test OLM installation	UNKNOWN STEP	2025-10-28T00:26:50.9955956Z #14 3.806 (81/84): nss-sysinit-3.112.0-4.el9_4.x86_64.rpm 608 kB/s |  18 kB     00:00    
Test OLM installation	UNKNOWN STEP	2025-10-28T00:26:51.1772942Z #14 3.809 (82/84): nss-util-3.112.0-4.el9_4.x86_64.rpm    4.6 MB/s |  89 kB     00:00    
Test OLM installation	UNKNOWN STEP	2025-10-28T00:26:51.1773504Z #14 3.838 (83/84): tzdata-java-2025b-1.el9.noarch.rpm     7.2 MB/s | 228 kB     00:00    
Test OLM installation	UNKNOWN STEP	2025-10-28T00:26:51.5401625Z #14 4.352 (84/84): java-21-openjdk-headless-21.0.9.0.10-1  77 MB/s |  49 MB     00:00    
Test OLM installation	UNKNOWN STEP	2025-10-28T00:26:51.7785462Z #14 4.355 --------------------------------------------------------------------------------
Test OLM installation	UNKNOWN STEP	2025-10-28T00:26:51.7786179Z #14 4.355 Total                                            54 MB/s |  89 MB     00:01     
Test OLM installation	UNKNOWN STEP	2025-10-28T00:26:51.7786624Z #14 4.367 Red Hat Universal Base Image 9 (RPMs) - BaseOS  3.5 MB/s | 3.6 kB     00:00    
Test OLM installation	UNKNOWN STEP	2025-10-28T00:26:51.7787340Z #14 4.435 Importing GPG key 0xFD431D51:
Test OLM installation	UNKNOWN STEP	2025-10-28T00:26:51.7787762Z #14 4.435  Userid     : "Red Hat, Inc. (release key 2) <security@redhat.com>"
Test OLM installation	UNKNOWN STEP	2025-10-28T00:26:51.7788462Z #14 4.435  Fingerprint: 567E 347A D004 4ADE 55BA 8A5F 199E 2F91 FD43 1D51
Test OLM installation	UNKNOWN STEP	2025-10-28T00:26:51.7789230Z #14 4.435  From       : /etc/pki/rpm-gpg/RPM-GPG-KEY-redhat-release
Test OLM installation	UNKNOWN STEP	2025-10-28T00:26:51.7789647Z #14 4.438 Key imported successfully
Test OLM installation	UNKNOWN STEP	2025-10-28T00:26:51.7789902Z #14 4.438 Importing GPG key 0x5A6340B3:
Test OLM installation	UNKNOWN STEP	2025-10-28T00:26:51.7790368Z #14 4.438  Userid     : "Red Hat, Inc. (auxiliary key 3) <security@redhat.com>"
Test OLM installation	UNKNOWN STEP	2025-10-28T00:26:51.7790780Z #14 4.438  Fingerprint: 7E46 2425 8C40 6535 D56D 6F13 5054 E4A4 5A63 40B3
Test OLM installation	UNKNOWN STEP	2025-10-28T00:26:51.7791487Z #14 4.438  From       : /etc/pki/rpm-gpg/RPM-GPG-KEY-redhat-release
Test OLM installation	UNKNOWN STEP	2025-10-28T00:26:51.7791980Z #14 4.440 Key imported successfully
Test OLM installation	UNKNOWN STEP	2025-10-28T00:26:52.6477671Z #14 5.459 Running transaction check
Test OLM installation	UNKNOWN STEP	2025-10-28T00:26:52.8492460Z #14 5.510 Transaction check succeeded.
Test OLM installation	UNKNOWN STEP	2025-10-28T00:26:52.8492979Z #14 5.510 Running transaction test
Test OLM installation	UNKNOWN STEP	2025-10-28T00:26:53.2936263Z #14 6.105 Transaction test succeeded.
Test OLM installation	UNKNOWN STEP	2025-10-28T00:26:53.4447444Z #14 6.106 Running transaction
Test OLM installation	UNKNOWN STEP	2025-10-28T00:26:53.8559710Z #14 6.514   Running scriptlet: filesystem-3.16-5.el9.x86_64                           1/1 
Test OLM installation	UNKNOWN STEP	2025-10-28T00:26:53.8560496Z #14 6.516   Running scriptlet: copy-jdk-configs-4.0-3.el9.noarch                      1/1 
Test OLM installation	UNKNOWN STEP	2025-10-28T00:26:54.1674182Z #14 6.517   Running scriptlet: java-21-openjdk-headless-1:21.0.9.0.10-1.el9.x86_64    1/1 
Test OLM installation	UNKNOWN STEP	2025-10-28T00:26:54.3262667Z #14 6.979   Preparing        :                                                        1/1 
Test OLM installation	UNKNOWN STEP	2025-10-28T00:26:54.3263355Z #14 6.985   Installing       : libgcc-11.5.0-5.el9_5.x86_64                          1/84 
Test OLM installation	UNKNOWN STEP	2025-10-28T00:26:54.3617797Z #14 6.987   Running scriptlet: libgcc-11.5.0-5.el9_5.x86_64                          1/84 
Test OLM installation	UNKNOWN STEP	2025-10-28T00:26:54.4705715Z #14 7.173   Installing       : tzdata-2025b-1.el9.noarch                             2/84 
Test OLM installation	UNKNOWN STEP	2025-10-28T00:26:54.4706356Z #14 7.220   Installing       : tzdata-java-2025b-1.el9.noarch                        3/84 
Test OLM installation	UNKNOWN STEP	2025-10-28T00:26:54.4706988Z #14 7.226   Installing       : javapackages-filesystem-6.4.0-1.el9.noarch            4/84 
Test OLM installation	UNKNOWN STEP	2025-10-28T00:26:54.4707652Z #14 7.231   Installing       : redhat-release-9.6-0.1.el9.x86_64                     5/84 
Test OLM installation	UNKNOWN STEP	2025-10-28T00:26:54.4708257Z #14 7.239   Installing       : setup-2.13.7-10.el9.noarch                            6/84 
Test OLM installation	UNKNOWN STEP	2025-10-28T00:26:54.4708767Z #14 7.240   Running scriptlet: setup-2.13.7-10.el9.noarch                            6/84 
Test OLM installation	UNKNOWN STEP	2025-10-28T00:26:54.6105773Z #14 7.282   Installing       : filesystem-3.16-5.el9.x86_64                          7/84 
Test OLM installation	UNKNOWN STEP	2025-10-28T00:26:54.6106684Z #14 7.329   Installing       : basesystem-11-13.el9.noarch                           8/84 
Test OLM installation	UNKNOWN STEP	2025-10-28T00:26:54.6107534Z #14 7.332   Installing       : python3-setuptools-wheel-53.0.0-13.el9_6.1.noarch     9/84 
Test OLM installation	UNKNOWN STEP	2025-10-28T00:26:54.6108412Z #14 7.335   Installing       : pcre2-syntax-10.40-6.el9.noarch                      10/84 
Test OLM installation	UNKNOWN STEP	2025-10-28T00:26:54.6109554Z #14 7.355   Installing       : ncurses-base-6.2-10.20210508.el9_6.2.noarch          11/84 
Test OLM installation	UNKNOWN STEP	2025-10-28T00:26:54.8106354Z #14 7.422   Installing       : glibc-langpack-en-2.34-168.el9_6.23.x86_64           12/84 
Test OLM installation	UNKNOWN STEP	2025-10-28T00:26:54.8107206Z #14 7.436   Installing       : glibc-common-2.34-168.el9_6.23.x86_64                13/84 
Test OLM installation	UNKNOWN STEP	2025-10-28T00:26:54.8107990Z #14 7.438   Running scriptlet: glibc-2.34-168.el9_6.23.x86_64                       14/84 
Test OLM installation	UNKNOWN STEP	2025-10-28T00:26:54.8108744Z #14 7.469   Installing       : glibc-2.34-168.el9_6.23.x86_64                       14/84 
Test OLM installation	UNKNOWN STEP	2025-10-28T00:26:55.1604395Z #14 7.472   Running scriptlet: glibc-2.34-168.el9_6.23.x86_64                       14/84 
Test OLM installation	UNKNOWN STEP	2025-10-28T00:26:55.2649873Z #14 7.972   Installing       : ncurses-libs-6.2-10.20210508.el9_6.2.x86_64          15/84 
Test OLM installation	UNKNOWN STEP	2025-10-28T00:26:55.2650747Z #14 7.988   Installing       : bash-5.1.8-9.el9.x86_64                              16/84 
Test OLM installation	UNKNOWN STEP	2025-10-28T00:26:55.2651703Z #14 7.991   Running scriptlet: bash-5.1.8-9.el9.x86_64                              16/84 
Test OLM installation	UNKNOWN STEP	2025-10-28T00:26:55.2652271Z #14 8.007   Installing       : crypto-policies-20250128-1.git5269e22.el9.noarch     17/84 
Test OLM installation	UNKNOWN STEP	2025-10-28T00:26:55.2652878Z #14 8.010   Running scriptlet: crypto-policies-20250128-1.git5269e22.el9.noarch     17/84 
Test OLM installation	UNKNOWN STEP	2025-10-28T00:26:55.2653437Z #14 8.014   Installing       : nspr-4.36.0-4.el9_4.x86_64                           18/84 
Test OLM installation	UNKNOWN STEP	2025-10-28T00:26:55.2653944Z #14 8.017   Installing       : nss-util-3.112.0-4.el9_4.x86_64                      19/84 
Test OLM installation	UNKNOWN STEP	2025-10-28T00:26:55.2654639Z #14 8.020   Installing       : zlib-1.2.11-40.el9.x86_64                            20/84 
Test OLM installation	UNKNOWN STEP	2025-10-28T00:26:55.2655456Z #14 8.025   Installing       : readline-8.1-4.el9.x86_64                            21/84 
Test OLM installation	UNKNOWN STEP	2025-10-28T00:26:55.2655987Z #14 8.028   Installing       : libtasn1-4.16.0-9.el9.x86_64                         22/84 
Test OLM installation	UNKNOWN STEP	2025-10-28T00:26:55.2656509Z #14 8.032   Installing       : libxcrypt-4.4.18-3.el9.x86_64                        23/84 
Test OLM installation	UNKNOWN STEP	2025-10-28T00:26:55.2657032Z #14 8.039   Installing       : sqlite-libs-3.34.1-8.el9_6.x86_64                    24/84 
Test OLM installation	UNKNOWN STEP	2025-10-28T00:26:55.2657758Z #14 8.041   Installing       : alternatives-1.24-2.el9.x86_64                       25/84 
Test OLM installation	UNKNOWN STEP	2025-10-28T00:26:55.2658368Z #14 8.048   Installing       : gmp-1:6.2.0-13.el9.x86_64                            26/84 
Test OLM installation	UNKNOWN STEP	2025-10-28T00:26:55.2658861Z #14 8.050   Installing       : libattr-2.5.1-3.el9.x86_64                           27/84 
Test OLM installation	UNKNOWN STEP	2025-10-28T00:26:55.2660144Z #14 8.052   Installing       : libacl-2.3.1-4.el9.x86_64                            28/84 
Test OLM installation	UNKNOWN STEP	2025-10-28T00:26:55.2660999Z #14 8.057   Installing       : libcap-2.48-9.el9_2.x86_64                           29/84 
Test OLM installation	UNKNOWN STEP	2025-10-28T00:26:55.2661854Z #14 8.060   Installing       : libffi-3.4.2-8.el9.x86_64                            30/84 
Test OLM installation	UNKNOWN STEP	2025-10-28T00:26:55.2662582Z #14 8.071   Installing       : p11-kit-0.25.3-3.el9_5.x86_64                        31/84 
Test OLM installation	UNKNOWN STEP	2025-10-28T00:26:55.4167134Z #14 8.077   Installing       : p11-kit-trust-0.25.3-3.el9_5.x86_64                  32/84 
Test OLM installation	UNKNOWN STEP	2025-10-28T00:26:55.5155753Z #14 8.078   Running scriptlet: p11-kit-trust-0.25.3-3.el9_5.x86_64                  32/84 
Test OLM installation	UNKNOWN STEP	2025-10-28T00:26:55.6160551Z #14 8.327   Installing       : libsigsegv-2.13-4.el9.x86_64                         33/84 
Test OLM installation	UNKNOWN STEP	2025-10-28T00:26:55.6161447Z #14 8.336   Installing       : libunistring-0.9.10-15.el9.x86_64                    34/84 
Test OLM installation	UNKNOWN STEP	2025-10-28T00:26:55.6162121Z #14 8.340   Installing       : lua-libs-5.4.4-4.el9.x86_64                          35/84 
Test OLM installation	UNKNOWN STEP	2025-10-28T00:26:55.6162716Z #14 8.343   Installing       : xz-libs-5.2.5-8.el9_0.x86_64                         36/84 
Test OLM installation	UNKNOWN STEP	2025-10-28T00:26:55.6163201Z #14 8.347   Installing       : lua-5.4.4-4.el9.x86_64                               37/84 
Test OLM installation	UNKNOWN STEP	2025-10-28T00:26:55.6163797Z #14 8.360   Installing       : lua-posix-35.0-8.el9.x86_64                          38/84 
Test OLM installation	UNKNOWN STEP	2025-10-28T00:26:55.6164635Z #14 8.365   Installing       : libidn2-2.3.0-7.el9.x86_64                           39/84 
Test OLM installation	UNKNOWN STEP	2025-10-28T00:26:55.6165145Z #14 8.370   Installing       : mpfr-4.1.0-7.el9.x86_64                              40/84 
Test OLM installation	UNKNOWN STEP	2025-10-28T00:26:55.6165608Z #14 8.384   Installing       : gawk-5.1.0-6.el9.x86_64                              41/84 
Test OLM installation	UNKNOWN STEP	2025-10-28T00:26:55.6166093Z #14 8.392   Installing       : nss-softokn-freebl-3.112.0-4.el9_4.x86_64            42/84 
Test OLM installation	UNKNOWN STEP	2025-10-28T00:26:55.6166585Z #14 8.402   Installing       : nss-softokn-3.112.0-4.el9_4.x86_64                   43/84 
Test OLM installation	UNKNOWN STEP	2025-10-28T00:26:55.6167074Z #14 8.407   Installing       : lksctp-tools-1.0.19-3.el9_4.x86_64                   44/84 
Test OLM installation	UNKNOWN STEP	2025-10-28T00:26:55.6167565Z #14 8.410   Installing       : bzip2-libs-1.0.8-10.el9_5.x86_64                     45/84 
Test OLM installation	UNKNOWN STEP	2025-10-28T00:26:55.6168042Z #14 8.414   Installing       : expat-2.5.0-5.el9_6.x86_64                           46/84 
Test OLM installation	UNKNOWN STEP	2025-10-28T00:26:55.6168513Z #14 8.417   Installing       : gdbm-libs-1:1.23-1.el9.x86_64                        47/84 
Test OLM installation	UNKNOWN STEP	2025-10-28T00:26:55.6169437Z #14 8.420   Installing       : keyutils-libs-1.6.3-1.el9.x86_64                     48/84 
Test OLM installation	UNKNOWN STEP	2025-10-28T00:26:55.6169898Z #14 8.423   Installing       : libcom_err-1.46.5-7.el9.x86_64                       49/84 
Test OLM installation	UNKNOWN STEP	2025-10-28T00:26:55.8595123Z #14 8.428   Installing       : libgpg-error-1.42-5.el9.x86_64                       50/84 
Test OLM installation	UNKNOWN STEP	2025-10-28T00:26:55.8595989Z #14 8.435   Installing       : libgcrypt-1.10.0-11.el9.x86_64                       51/84 
Test OLM installation	UNKNOWN STEP	2025-10-28T00:26:55.8596724Z #14 8.440   Installing       : libsepol-3.6-2.el9.x86_64                            52/84 
Test OLM installation	UNKNOWN STEP	2025-10-28T00:26:55.8597238Z #14 8.443   Installing       : libuuid-2.37.4-21.el9.x86_64                         53/84 
Test OLM installation	UNKNOWN STEP	2025-10-28T00:26:55.8598020Z #14 8.446   Installing       : libverto-0.3.2-3.el9.x86_64                          54/84 
Test OLM installation	UNKNOWN STEP	2025-10-28T00:26:55.8598518Z #14 8.451   Installing       : libzstd-1.5.5-1.el9.x86_64                           55/84 
Test OLM installation	UNKNOWN STEP	2025-10-28T00:26:55.8599241Z #14 8.454   Installing       : lz4-libs-1.9.3-5.el9.x86_64                          56/84 
Test OLM installation	UNKNOWN STEP	2025-10-28T00:26:55.8599781Z #14 8.460   Installing       : nettle-3.10.1-1.el9.x86_64                           57/84 
Test OLM installation	UNKNOWN STEP	2025-10-28T00:26:55.8600253Z #14 8.472   Installing       : gnutls-3.8.3-6.el9_6.2.x86_64                        58/84 
Test OLM installation	UNKNOWN STEP	2025-10-28T00:26:55.8600726Z #14 8.478   Installing       : pcre-8.44-4.el9.x86_64                               59/84 
Test OLM installation	UNKNOWN STEP	2025-10-28T00:26:55.8601197Z #14 8.483   Installing       : grep-3.6-5.el9.x86_64                                60/84 
Test OLM installation	UNKNOWN STEP	2025-10-28T00:26:55.8601652Z #14 8.489   Installing       : pcre2-10.40-6.el9.x86_64                             61/84 
Test OLM installation	UNKNOWN STEP	2025-10-28T00:26:55.8602133Z #14 8.492   Installing       : libselinux-3.6-3.el9.x86_64                          62/84 
Test OLM installation	UNKNOWN STEP	2025-10-28T00:26:55.8602638Z #14 8.513   Installing       : coreutils-single-8.32-39.el9.x86_64                  63/84 
Test OLM installation	UNKNOWN STEP	2025-10-28T00:26:55.8603109Z #14 8.518   Installing       : sed-4.8-9.el9.x86_64                                 64/84 
Test OLM installation	UNKNOWN STEP	2025-10-28T00:26:55.9666809Z #14 8.521   Running scriptlet: ca-certificates-2024.2.69_v8.0.303-91.4.el9_4.noar   65/84 
Test OLM installation	UNKNOWN STEP	2025-10-28T00:26:56.1205746Z #14 8.778   Installing       : ca-certificates-2024.2.69_v8.0.303-91.4.el9_4.noar   65/84 
Test OLM installation	UNKNOWN STEP	2025-10-28T00:26:57.0856220Z #14 8.782   Running scriptlet: ca-certificates-2024.2.69_v8.0.303-91.4.el9_4.noar   65/84 
Test OLM installation	UNKNOWN STEP	2025-10-28T00:26:57.2971387Z #14 9.897   Installing       : python3-pip-wheel-21.3.1-1.el9.noarch                66/84 
Test OLM installation	UNKNOWN STEP	2025-10-28T00:26:57.2972991Z #14 9.904   Installing       : openssl-fips-provider-so-3.0.7-6.el9_5.x86_64        67/84 
Test OLM installation	UNKNOWN STEP	2025-10-28T00:26:57.2973842Z #14 9.906   Installing       : openssl-fips-provider-3.0.7-6.el9_5.x86_64           68/84 
Test OLM installation	UNKNOWN STEP	2025-10-28T00:26:57.2974658Z #14 9.931   Installing       : openssl-libs-1:3.2.2-6.el9_5.1.x86_64                69/84 
Test OLM installation	UNKNOWN STEP	2025-10-28T00:26:57.2975430Z #14 9.947   Installing       : krb5-libs-1.21.1-8.el9_6.x86_64                      70/84 
Test OLM installation	UNKNOWN STEP	2025-10-28T00:26:57.2976190Z #14 9.955   Installing       : libevent-2.1.12-8.el9_4.x86_64                       71/84 
Test OLM installation	UNKNOWN STEP	2025-10-28T00:26:57.4886262Z #14 9.958   Installing       : python3-3.9.21-2.el9_6.2.x86_64                      72/84 
Test OLM installation	UNKNOWN STEP	2025-10-28T00:26:57.6760975Z #14 10.30   Installing       : python3-libs-3.9.21-2.el9_6.2.x86_64                 73/84 
Test OLM installation	UNKNOWN STEP	2025-10-28T00:26:57.6761843Z #14 10.32   Installing       : crypto-policies-scripts-20250128-1.git5269e22.el9.   74/84 
Test OLM installation	UNKNOWN STEP	2025-10-28T00:26:57.6762649Z #14 10.32   Installing       : nss-sysinit-3.112.0-4.el9_4.x86_64                   75/84 
Test OLM installation	UNKNOWN STEP	2025-10-28T00:26:57.6763356Z #14 10.34   Installing       : nss-3.112.0-4.el9_4.x86_64                           76/84 
Test OLM installation	UNKNOWN STEP	2025-10-28T00:26:57.7848390Z #14 10.34   Running scriptlet: nss-3.112.0-4.el9_4.x86_64                           76/84 
Test OLM installation	UNKNOWN STEP	2025-10-28T00:26:57.9377913Z #14 10.60   Installing       : systemd-libs-252-51.el9_6.2.x86_64                   77/84 
Test OLM installation	UNKNOWN STEP	2025-10-28T00:26:58.3862214Z #14 10.60   Running scriptlet: systemd-libs-252-51.el9_6.2.x86_64                   77/84 
Test OLM installation	UNKNOWN STEP	2025-10-28T00:26:59.2748684Z #14 11.20   Installing       : dbus-libs-1:1.12.20-8.el9.x86_64                     78/84 
Test OLM installation	UNKNOWN STEP	2025-10-28T00:26:59.4662338Z #14 12.09   Installing       : avahi-libs-0.8-22.el9_6.1.x86_64                     79/84 
Test OLM installation	UNKNOWN STEP	2025-10-28T00:26:59.4663169Z #14 12.09   Installing       : cups-libs-1:2.3.3op2-33.el9_6.1.x86_64               80/84 
Test OLM installation	UNKNOWN STEP	2025-10-28T00:26:59.4663920Z #14 12.11   Installing       : findutils-1:4.8.0-7.el9.x86_64                       81/84 
Test OLM installation	UNKNOWN STEP	2025-10-28T00:26:59.4664690Z #14 12.11   Installing       : copy-jdk-configs-4.0-3.el9.noarch                    82/84 
Test OLM installation	UNKNOWN STEP	2025-10-28T00:27:02.0369546Z #14 12.13   Installing       : alsa-lib-1.2.13-2.el9.x86_64                         83/84 
Test OLM installation	UNKNOWN STEP	2025-10-28T00:27:02.1926113Z #14 14.85   Installing       : java-21-openjdk-headless-1:21.0.9.0.10-1.el9.x86_6   84/84 
Test OLM installation	UNKNOWN STEP	2025-10-28T00:27:02.3009326Z #14 14.85   Running scriptlet: java-21-openjdk-headless-1:21.0.9.0.10-1.el9.x86_6   84/84 
Test OLM installation	UNKNOWN STEP	2025-10-28T00:27:02.5561231Z #14 15.11   Running scriptlet: filesystem-3.16-5.el9.x86_64                         84/84 
Test OLM installation	UNKNOWN STEP	2025-10-28T00:27:03.6879319Z #14 15.37   Running scriptlet: ca-certificates-2024.2.69_v8.0.303-91.4.el9_4.noar   84/84 
Test OLM installation	UNKNOWN STEP	2025-10-28T00:27:04.2792410Z #14 16.50   Running scriptlet: crypto-policies-scripts-20250128-1.git5269e22.el9.   84/84 
Test OLM installation	UNKNOWN STEP	2025-10-28T00:27:04.8731453Z #14 17.09   Running scriptlet: nss-3.112.0-4.el9_4.x86_64                           84/84 
Test OLM installation	UNKNOWN STEP	2025-10-28T00:27:05.1236807Z #14 17.68   Running scriptlet: copy-jdk-configs-4.0-3.el9.noarch                    84/84 
Test OLM installation	UNKNOWN STEP	2025-10-28T00:27:05.6739693Z #14 17.94   Running scriptlet: java-21-openjdk-headless-1:21.0.9.0.10-1.el9.x86_6   84/84 
Test OLM installation	UNKNOWN STEP	2025-10-28T00:27:05.6740667Z #14 18.49   Verifying        : alternatives-1.24-2.el9.x86_64                        1/84 
Test OLM installation	UNKNOWN STEP	2025-10-28T00:27:05.8507845Z #14 18.49   Verifying        : avahi-libs-0.8-22.el9_6.1.x86_64                      2/84 
Test OLM installation	UNKNOWN STEP	2025-10-28T00:27:05.8511607Z #14 18.49   Verifying        : basesystem-11-13.el9.noarch                           3/84 
Test OLM installation	UNKNOWN STEP	2025-10-28T00:27:05.8512401Z #14 18.49   Verifying        : bash-5.1.8-9.el9.x86_64                               4/84 
Test OLM installation	UNKNOWN STEP	2025-10-28T00:27:05.8513116Z #14 18.49   Verifying        : bzip2-libs-1.0.8-10.el9_5.x86_64                      5/84 
Test OLM installation	UNKNOWN STEP	2025-10-28T00:27:05.8513875Z #14 18.49   Verifying        : ca-certificates-2024.2.69_v8.0.303-91.4.el9_4.noar    6/84 
Test OLM installation	UNKNOWN STEP	2025-10-28T00:27:05.8514610Z #14 18.49   Verifying        : coreutils-single-8.32-39.el9.x86_64                   7/84 
Test OLM installation	UNKNOWN STEP	2025-10-28T00:27:05.8515115Z #14 18.49   Verifying        : crypto-policies-20250128-1.git5269e22.el9.noarch      8/84 
Test OLM installation	UNKNOWN STEP	2025-10-28T00:27:05.8515628Z #14 18.49   Verifying        : crypto-policies-scripts-20250128-1.git5269e22.el9.    9/84 
Test OLM installation	UNKNOWN STEP	2025-10-28T00:27:05.8516111Z #14 18.49   Verifying        : cups-libs-1:2.3.3op2-33.el9_6.1.x86_64               10/84 
Test OLM installation	UNKNOWN STEP	2025-10-28T00:27:05.8516553Z #14 18.49   Verifying        : dbus-libs-1:1.12.20-8.el9.x86_64                     11/84 
Test OLM installation	UNKNOWN STEP	2025-10-28T00:27:05.8516987Z #14 18.49   Verifying        : expat-2.5.0-5.el9_6.x86_64                           12/84 
Test OLM installation	UNKNOWN STEP	2025-10-28T00:27:05.8517429Z #14 18.49   Verifying        : filesystem-3.16-5.el9.x86_64                         13/84 
Test OLM installation	UNKNOWN STEP	2025-10-28T00:27:05.8517864Z #14 18.49   Verifying        : findutils-1:4.8.0-7.el9.x86_64                       14/84 
Test OLM installation	UNKNOWN STEP	2025-10-28T00:27:05.8518292Z #14 18.49   Verifying        : gawk-5.1.0-6.el9.x86_64                              15/84 
Test OLM installation	UNKNOWN STEP	2025-10-28T00:27:05.8518712Z #14 18.49   Verifying        : gdbm-libs-1:1.23-1.el9.x86_64                        16/84 
Test OLM installation	UNKNOWN STEP	2025-10-28T00:27:05.8519393Z #14 18.49   Verifying        : glibc-2.34-168.el9_6.23.x86_64                       17/84 
Test OLM installation	UNKNOWN STEP	2025-10-28T00:27:05.8519856Z #14 18.49   Verifying        : glibc-common-2.34-168.el9_6.23.x86_64                18/84 
Test OLM installation	UNKNOWN STEP	2025-10-28T00:27:05.8520308Z #14 18.49   Verifying        : glibc-langpack-en-2.34-168.el9_6.23.x86_64           19/84 
Test OLM installation	UNKNOWN STEP	2025-10-28T00:27:05.8520716Z #14 18.49   Verifying        : gmp-1:6.2.0-13.el9.x86_64                            20/84 
Test OLM installation	UNKNOWN STEP	2025-10-28T00:27:05.8521160Z #14 18.49   Verifying        : gnutls-3.8.3-6.el9_6.2.x86_64                        21/84 
Test OLM installation	UNKNOWN STEP	2025-10-28T00:27:05.8521881Z #14 18.49   Verifying        : grep-3.6-5.el9.x86_64                                22/84 
Test OLM installation	UNKNOWN STEP	2025-10-28T00:27:05.8522290Z #14 18.49   Verifying        : keyutils-libs-1.6.3-1.el9.x86_64                     23/84 
Test OLM installation	UNKNOWN STEP	2025-10-28T00:27:05.8522700Z #14 18.49   Verifying        : krb5-libs-1.21.1-8.el9_6.x86_64                      24/84 
Test OLM installation	UNKNOWN STEP	2025-10-28T00:27:05.8523113Z #14 18.49   Verifying        : libacl-2.3.1-4.el9.x86_64                            25/84 
Test OLM installation	UNKNOWN STEP	2025-10-28T00:27:05.8523532Z #14 18.49   Verifying        : libattr-2.5.1-3.el9.x86_64                           26/84 
Test OLM installation	UNKNOWN STEP	2025-10-28T00:27:05.8523937Z #14 18.49   Verifying        : libcap-2.48-9.el9_2.x86_64                           27/84 
Test OLM installation	UNKNOWN STEP	2025-10-28T00:27:05.8524492Z #14 18.49   Verifying        : libcom_err-1.46.5-7.el9.x86_64                       28/84 
Test OLM installation	UNKNOWN STEP	2025-10-28T00:27:05.8524906Z #14 18.49   Verifying        : libevent-2.1.12-8.el9_4.x86_64                       29/84 
Test OLM installation	UNKNOWN STEP	2025-10-28T00:27:05.8525315Z #14 18.49   Verifying        : libffi-3.4.2-8.el9.x86_64                            30/84 
Test OLM installation	UNKNOWN STEP	2025-10-28T00:27:05.8525709Z #14 18.49   Verifying        : libgcc-11.5.0-5.el9_5.x86_64                         31/84 
Test OLM installation	UNKNOWN STEP	2025-10-28T00:27:05.8526117Z #14 18.49   Verifying        : libgcrypt-1.10.0-11.el9.x86_64                       32/84 
Test OLM installation	UNKNOWN STEP	2025-10-28T00:27:05.8526535Z #14 18.49   Verifying        : libgpg-error-1.42-5.el9.x86_64                       33/84 
Test OLM installation	UNKNOWN STEP	2025-10-28T00:27:05.8526942Z #14 18.49   Verifying        : libidn2-2.3.0-7.el9.x86_64                           34/84 
Test OLM installation	UNKNOWN STEP	2025-10-28T00:27:05.8527349Z #14 18.49   Verifying        : libselinux-3.6-3.el9.x86_64                          35/84 
Test OLM installation	UNKNOWN STEP	2025-10-28T00:27:05.8527767Z #14 18.49   Verifying        : libsepol-3.6-2.el9.x86_64                            36/84 
Test OLM installation	UNKNOWN STEP	2025-10-28T00:27:05.8528183Z #14 18.49   Verifying        : libsigsegv-2.13-4.el9.x86_64                         37/84 
Test OLM installation	UNKNOWN STEP	2025-10-28T00:27:05.8528601Z #14 18.49   Verifying        : libtasn1-4.16.0-9.el9.x86_64                         38/84 
Test OLM installation	UNKNOWN STEP	2025-10-28T00:27:05.8529209Z #14 18.49   Verifying        : libunistring-0.9.10-15.el9.x86_64                    39/84 
Test OLM installation	UNKNOWN STEP	2025-10-28T00:27:05.8529696Z #14 18.49   Verifying        : libuuid-2.37.4-21.el9.x86_64                         40/84 
Test OLM installation	UNKNOWN STEP	2025-10-28T00:27:05.8530106Z #14 18.49   Verifying        : libverto-0.3.2-3.el9.x86_64                          41/84 
Test OLM installation	UNKNOWN STEP	2025-10-28T00:27:05.8530522Z #14 18.49   Verifying        : libxcrypt-4.4.18-3.el9.x86_64                        42/84 
Test OLM installation	UNKNOWN STEP	2025-10-28T00:27:05.8530928Z #14 18.49   Verifying        : libzstd-1.5.5-1.el9.x86_64                           43/84 
Test OLM installation	UNKNOWN STEP	2025-10-28T00:27:05.8531342Z #14 18.49   Verifying        : lksctp-tools-1.0.19-3.el9_4.x86_64                   44/84 
Test OLM installation	UNKNOWN STEP	2025-10-28T00:27:05.8531755Z #14 18.49   Verifying        : lua-libs-5.4.4-4.el9.x86_64                          45/84 
Test OLM installation	UNKNOWN STEP	2025-10-28T00:27:05.8532151Z #14 18.49   Verifying        : lz4-libs-1.9.3-5.el9.x86_64                          46/84 
Test OLM installation	UNKNOWN STEP	2025-10-28T00:27:05.8532554Z #14 18.49   Verifying        : mpfr-4.1.0-7.el9.x86_64                              47/84 
Test OLM installation	UNKNOWN STEP	2025-10-28T00:27:05.8532964Z #14 18.49   Verifying        : ncurses-base-6.2-10.20210508.el9_6.2.noarch          48/84 
Test OLM installation	UNKNOWN STEP	2025-10-28T00:27:05.8533385Z #14 18.49   Verifying        : ncurses-libs-6.2-10.20210508.el9_6.2.x86_64          49/84 
Test OLM installation	UNKNOWN STEP	2025-10-28T00:27:05.8533788Z #14 18.49   Verifying        : nettle-3.10.1-1.el9.x86_64                           50/84 
Test OLM installation	UNKNOWN STEP	2025-10-28T00:27:05.8534215Z #14 18.49   Verifying        : openssl-fips-provider-3.0.7-6.el9_5.x86_64           51/84 
Test OLM installation	UNKNOWN STEP	2025-10-28T00:27:05.8534660Z #14 18.49   Verifying        : openssl-fips-provider-so-3.0.7-6.el9_5.x86_64        52/84 
Test OLM installation	UNKNOWN STEP	2025-10-28T00:27:05.8535094Z #14 18.49   Verifying        : openssl-libs-1:3.2.2-6.el9_5.1.x86_64                53/84 
Test OLM installation	UNKNOWN STEP	2025-10-28T00:27:05.8535500Z #14 18.49   Verifying        : p11-kit-0.25.3-3.el9_5.x86_64                        54/84 
Test OLM installation	UNKNOWN STEP	2025-10-28T00:27:05.8535901Z #14 18.49   Verifying        : p11-kit-trust-0.25.3-3.el9_5.x86_64                  55/84 
Test OLM installation	UNKNOWN STEP	2025-10-28T00:27:05.8536460Z #14 18.49   Verifying        : pcre-8.44-4.el9.x86_64                               56/84 
Test OLM installation	UNKNOWN STEP	2025-10-28T00:27:05.8536858Z #14 18.49   Verifying        : pcre2-10.40-6.el9.x86_64                             57/84 
Test OLM installation	UNKNOWN STEP	2025-10-28T00:27:05.8537266Z #14 18.49   Verifying        : pcre2-syntax-10.40-6.el9.noarch                      58/84 
Test OLM installation	UNKNOWN STEP	2025-10-28T00:27:05.8537895Z #14 18.49   Verifying        : python3-3.9.21-2.el9_6.2.x86_64                      59/84 
Test OLM installation	UNKNOWN STEP	2025-10-28T00:27:05.8538472Z #14 18.49   Verifying        : python3-libs-3.9.21-2.el9_6.2.x86_64                 60/84 
Test OLM installation	UNKNOWN STEP	2025-10-28T00:27:05.8538983Z #14 18.49   Verifying        : python3-pip-wheel-21.3.1-1.el9.noarch                61/84 
Test OLM installation	UNKNOWN STEP	2025-10-28T00:27:05.8539758Z #14 18.49   Verifying        : python3-setuptools-wheel-53.0.0-13.el9_6.1.noarch    62/84 
Test OLM installation	UNKNOWN STEP	2025-10-28T00:27:05.8540202Z #14 18.49   Verifying        : readline-8.1-4.el9.x86_64                            63/84 
Test OLM installation	UNKNOWN STEP	2025-10-28T00:27:05.8540624Z #14 18.49   Verifying        : redhat-release-9.6-0.1.el9.x86_64                    64/84 
Test OLM installation	UNKNOWN STEP	2025-10-28T00:27:05.8541042Z #14 18.49   Verifying        : sed-4.8-9.el9.x86_64                                 65/84 
Test OLM installation	UNKNOWN STEP	2025-10-28T00:27:05.8541584Z #14 18.49   Verifying        : setup-2.13.7-10.el9.noarch                           66/84 
Test OLM installation	UNKNOWN STEP	2025-10-28T00:27:05.8541994Z #14 18.49   Verifying        : sqlite-libs-3.34.1-8.el9_6.x86_64                    67/84 
Test OLM installation	UNKNOWN STEP	2025-10-28T00:27:05.8542414Z #14 18.49   Verifying        : systemd-libs-252-51.el9_6.2.x86_64                   68/84 
Test OLM installation	UNKNOWN STEP	2025-10-28T00:27:05.8542827Z #14 18.49   Verifying        : tzdata-2025b-1.el9.noarch                            69/84 
Test OLM installation	UNKNOWN STEP	2025-10-28T00:27:05.8543239Z #14 18.49   Verifying        : xz-libs-5.2.5-8.el9_0.x86_64                         70/84 
Test OLM installation	UNKNOWN STEP	2025-10-28T00:27:05.8543632Z #14 18.49   Verifying        : zlib-1.2.11-40.el9.x86_64                            71/84 
Test OLM installation	UNKNOWN STEP	2025-10-28T00:27:05.8544193Z #14 18.49   Verifying        : copy-jdk-configs-4.0-3.el9.noarch                    72/84 
Test OLM installation	UNKNOWN STEP	2025-10-28T00:27:05.8544606Z #14 18.49   Verifying        : lua-5.4.4-4.el9.x86_64                               73/84 
Test OLM installation	UNKNOWN STEP	2025-10-28T00:27:05.8545009Z #14 18.49   Verifying        : lua-posix-35.0-8.el9.x86_64                          74/84 
Test OLM installation	UNKNOWN STEP	2025-10-28T00:27:05.8545414Z #14 18.49   Verifying        : alsa-lib-1.2.13-2.el9.x86_64                         75/84 
Test OLM installation	UNKNOWN STEP	2025-10-28T00:27:05.8545819Z #14 18.49   Verifying        : java-21-openjdk-headless-1:21.0.9.0.10-1.el9.x86_6   76/84 
Test OLM installation	UNKNOWN STEP	2025-10-28T00:27:05.8546261Z #14 18.49   Verifying        : javapackages-filesystem-6.4.0-1.el9.noarch           77/84 
Test OLM installation	UNKNOWN STEP	2025-10-28T00:27:05.8546688Z #14 18.49   Verifying        : nspr-4.36.0-4.el9_4.x86_64                           78/84 
Test OLM installation	UNKNOWN STEP	2025-10-28T00:27:05.8547084Z #14 18.49   Verifying        : nss-3.112.0-4.el9_4.x86_64                           79/84 
Test OLM installation	UNKNOWN STEP	2025-10-28T00:27:05.8547482Z #14 18.49   Verifying        : nss-softokn-3.112.0-4.el9_4.x86_64                   80/84 
Test OLM installation	UNKNOWN STEP	2025-10-28T00:27:05.8547951Z #14 18.49   Verifying        : nss-softokn-freebl-3.112.0-4.el9_4.x86_64            81/84 
Test OLM installation	UNKNOWN STEP	2025-10-28T00:27:05.8548665Z #14 18.49   Verifying        : nss-sysinit-3.112.0-4.el9_4.x86_64                   82/84 
Test OLM installation	UNKNOWN STEP	2025-10-28T00:27:05.8549396Z #14 18.49   Verifying        : nss-util-3.112.0-4.el9_4.x86_64                      83/84 
Test OLM installation	UNKNOWN STEP	2025-10-28T00:27:05.8550167Z #14 18.49   Verifying        : tzdata-java-2025b-1.el9.noarch                       84/84 
Test OLM installation	UNKNOWN STEP	2025-10-28T00:27:05.8550735Z #14 18.54 Installed products updated.
Test OLM installation	UNKNOWN STEP	2025-10-28T00:27:05.8551043Z #14 18.56 
Test OLM installation	UNKNOWN STEP	2025-10-28T00:27:05.8551282Z #14 18.56 Installed:
Test OLM installation	UNKNOWN STEP	2025-10-28T00:27:05.8551570Z #14 18.56   alsa-lib-1.2.13-2.el9.x86_64                                                  
Test OLM installation	UNKNOWN STEP	2025-10-28T00:27:05.8551981Z #14 18.56   alternatives-1.24-2.el9.x86_64                                                
Test OLM installation	UNKNOWN STEP	2025-10-28T00:27:05.8552397Z #14 18.56   avahi-libs-0.8-22.el9_6.1.x86_64                                              
Test OLM installation	UNKNOWN STEP	2025-10-28T00:27:05.8552943Z #14 18.56   basesystem-11-13.el9.noarch                                                   
Test OLM installation	UNKNOWN STEP	2025-10-28T00:27:05.8553504Z #14 18.56   bash-5.1.8-9.el9.x86_64                                                       
Test OLM installation	UNKNOWN STEP	2025-10-28T00:27:05.8553886Z #14 18.56   bzip2-libs-1.0.8-10.el9_5.x86_64                                              
Test OLM installation	UNKNOWN STEP	2025-10-28T00:27:05.8554307Z #14 18.56   ca-certificates-2024.2.69_v8.0.303-91.4.el9_4.noarch                          
Test OLM installation	UNKNOWN STEP	2025-10-28T00:27:05.8554742Z #14 18.56   copy-jdk-configs-4.0-3.el9.noarch                                             
Test OLM installation	UNKNOWN STEP	2025-10-28T00:27:05.8555177Z #14 18.56   coreutils-single-8.32-39.el9.x86_64                                           
Test OLM installation	UNKNOWN STEP	2025-10-28T00:27:05.8555640Z #14 18.56   crypto-policies-20250128-1.git5269e22.el9.noarch                              
Test OLM installation	UNKNOWN STEP	2025-10-28T00:27:05.8556239Z #14 18.56   crypto-policies-scripts-20250128-1.git5269e22.el9.noarch                      
Test OLM installation	UNKNOWN STEP	2025-10-28T00:27:05.8556706Z #14 18.56   cups-libs-1:2.3.3op2-33.el9_6.1.x86_64                                        
Test OLM installation	UNKNOWN STEP	2025-10-28T00:27:05.8557106Z #14 18.56   dbus-libs-1:1.12.20-8.el9.x86_64                                              
Test OLM installation	UNKNOWN STEP	2025-10-28T00:27:05.8557484Z #14 18.56   expat-2.5.0-5.el9_6.x86_64                                                    
Test OLM installation	UNKNOWN STEP	2025-10-28T00:27:05.8557863Z #14 18.56   filesystem-3.16-5.el9.x86_64                                                  
Test OLM installation	UNKNOWN STEP	2025-10-28T00:27:05.8558254Z #14 18.56   findutils-1:4.8.0-7.el9.x86_64                                                
Test OLM installation	UNKNOWN STEP	2025-10-28T00:27:05.8558631Z #14 18.56   gawk-5.1.0-6.el9.x86_64                                                       
Test OLM installation	UNKNOWN STEP	2025-10-28T00:27:05.8559120Z #14 18.56   gdbm-libs-1:1.23-1.el9.x86_64                                                 
Test OLM installation	UNKNOWN STEP	2025-10-28T00:27:05.8559501Z #14 18.56   glibc-2.34-168.el9_6.23.x86_64                                                
Test OLM installation	UNKNOWN STEP	2025-10-28T00:27:05.8559896Z #14 18.56   glibc-common-2.34-168.el9_6.23.x86_64                                         
Test OLM installation	UNKNOWN STEP	2025-10-28T00:27:05.8560319Z #14 18.56   glibc-langpack-en-2.34-168.el9_6.23.x86_64                                    
Test OLM installation	UNKNOWN STEP	2025-10-28T00:27:05.8560716Z #14 18.56   gmp-1:6.2.0-13.el9.x86_64                                                     
Test OLM installation	UNKNOWN STEP	2025-10-28T00:27:05.8561076Z #14 18.56   gnutls-3.8.3-6.el9_6.2.x86_64                                                 
Test OLM installation	UNKNOWN STEP	2025-10-28T00:27:05.8561438Z #14 18.56   grep-3.6-5.el9.x86_64                                                         
Test OLM installation	UNKNOWN STEP	2025-10-28T00:27:05.8561844Z #14 18.56   java-21-openjdk-headless-1:21.0.9.0.10-1.el9.x86_64                           
Test OLM installation	UNKNOWN STEP	2025-10-28T00:27:05.8562312Z #14 18.56   javapackages-filesystem-6.4.0-1.el9.noarch                                    
Test OLM installation	UNKNOWN STEP	2025-10-28T00:27:05.8562760Z #14 18.56   keyutils-libs-1.6.3-1.el9.x86_64                                              
Test OLM installation	UNKNOWN STEP	2025-10-28T00:27:05.8563163Z #14 18.56   krb5-libs-1.21.1-8.el9_6.x86_64                                               
Test OLM installation	UNKNOWN STEP	2025-10-28T00:27:05.8563540Z #14 18.56   libacl-2.3.1-4.el9.x86_64                                                     
Test OLM installation	UNKNOWN STEP	2025-10-28T00:27:05.8563912Z #14 18.56   libattr-2.5.1-3.el9.x86_64                                                    
Test OLM installation	UNKNOWN STEP	2025-10-28T00:27:05.8564286Z #14 18.56   libcap-2.48-9.el9_2.x86_64                                                    
Test OLM installation	UNKNOWN STEP	2025-10-28T00:27:05.8564661Z #14 18.56   libcom_err-1.46.5-7.el9.x86_64                                                
Test OLM installation	UNKNOWN STEP	2025-10-28T00:27:05.8565043Z #14 18.56   libevent-2.1.12-8.el9_4.x86_64                                                
Test OLM installation	UNKNOWN STEP	2025-10-28T00:27:05.8565412Z #14 18.56   libffi-3.4.2-8.el9.x86_64                                                     
Test OLM installation	UNKNOWN STEP	2025-10-28T00:27:05.8565786Z #14 18.56   libgcc-11.5.0-5.el9_5.x86_64                                                  
Test OLM installation	UNKNOWN STEP	2025-10-28T00:27:05.8566173Z #14 18.56   libgcrypt-1.10.0-11.el9.x86_64                                                
Test OLM installation	UNKNOWN STEP	2025-10-28T00:27:05.8566571Z #14 18.56   libgpg-error-1.42-5.el9.x86_64                                                
Test OLM installation	UNKNOWN STEP	2025-10-28T00:27:05.8566955Z #14 18.56   libidn2-2.3.0-7.el9.x86_64                                                    
Test OLM installation	UNKNOWN STEP	2025-10-28T00:27:05.8567465Z #14 18.56   libselinux-3.6-3.el9.x86_64                                                   
Test OLM installation	UNKNOWN STEP	2025-10-28T00:27:05.8567849Z #14 18.56   libsepol-3.6-2.el9.x86_64                                                     
Test OLM installation	UNKNOWN STEP	2025-10-28T00:27:05.8568228Z #14 18.56   libsigsegv-2.13-4.el9.x86_64                                                  
Test OLM installation	UNKNOWN STEP	2025-10-28T00:27:05.8568616Z #14 18.56   libtasn1-4.16.0-9.el9.x86_64                                                  
Test OLM installation	UNKNOWN STEP	2025-10-28T00:27:05.8569108Z #14 18.56   libunistring-0.9.10-15.el9.x86_64                                             
Test OLM installation	UNKNOWN STEP	2025-10-28T00:27:05.8569675Z #14 18.56   libuuid-2.37.4-21.el9.x86_64                                                  
Test OLM installation	UNKNOWN STEP	2025-10-28T00:27:05.8570232Z #14 18.56   libverto-0.3.2-3.el9.x86_64                                                   
Test OLM installation	UNKNOWN STEP	2025-10-28T00:27:05.8570910Z #14 18.56   libxcrypt-4.4.18-3.el9.x86_64                                                 
Test OLM installation	UNKNOWN STEP	2025-10-28T00:27:05.8571322Z #14 18.56   libzstd-1.5.5-1.el9.x86_64                                                    
Test OLM installation	UNKNOWN STEP	2025-10-28T00:27:05.8571729Z #14 18.56   lksctp-tools-1.0.19-3.el9_4.x86_64                                            
Test OLM installation	UNKNOWN STEP	2025-10-28T00:27:05.8572124Z #14 18.56   lua-5.4.4-4.el9.x86_64                                                        
Test OLM installation	UNKNOWN STEP	2025-10-28T00:27:05.8572495Z #14 18.56   lua-libs-5.4.4-4.el9.x86_64                                                   
Test OLM installation	UNKNOWN STEP	2025-10-28T00:27:05.8572874Z #14 18.56   lua-posix-35.0-8.el9.x86_64                                                   
Test OLM installation	UNKNOWN STEP	2025-10-28T00:27:05.8573253Z #14 18.56   lz4-libs-1.9.3-5.el9.x86_64                                                   
Test OLM installation	UNKNOWN STEP	2025-10-28T00:27:05.8573627Z #14 18.56   mpfr-4.1.0-7.el9.x86_64                                                       
Test OLM installation	UNKNOWN STEP	2025-10-28T00:27:05.8574031Z #14 18.56   ncurses-base-6.2-10.20210508.el9_6.2.noarch                                   
Test OLM installation	UNKNOWN STEP	2025-10-28T00:27:05.8574466Z #14 18.56   ncurses-libs-6.2-10.20210508.el9_6.2.x86_64                                   
Test OLM installation	UNKNOWN STEP	2025-10-28T00:27:05.8574873Z #14 18.56   nettle-3.10.1-1.el9.x86_64                                                    
Test OLM installation	UNKNOWN STEP	2025-10-28T00:27:05.8575243Z #14 18.56   nspr-4.36.0-4.el9_4.x86_64                                                    
Test OLM installation	UNKNOWN STEP	2025-10-28T00:27:05.8575598Z #14 18.56   nss-3.112.0-4.el9_4.x86_64                                                    
Test OLM installation	UNKNOWN STEP	2025-10-28T00:27:05.8575981Z #14 18.56   nss-softokn-3.112.0-4.el9_4.x86_64                                            
Test OLM installation	UNKNOWN STEP	2025-10-28T00:27:05.8576407Z #14 18.56   nss-softokn-freebl-3.112.0-4.el9_4.x86_64                                     
Test OLM installation	UNKNOWN STEP	2025-10-28T00:27:05.8576835Z #14 18.56   nss-sysinit-3.112.0-4.el9_4.x86_64                                            
Test OLM installation	UNKNOWN STEP	2025-10-28T00:27:05.8577222Z #14 18.56   nss-util-3.112.0-4.el9_4.x86_64                                               
Test OLM installation	UNKNOWN STEP	2025-10-28T00:27:05.8577646Z #14 18.56   openssl-fips-provider-3.0.7-6.el9_5.x86_64                                    
Test OLM installation	UNKNOWN STEP	2025-10-28T00:27:05.8578116Z #14 18.56   openssl-fips-provider-so-3.0.7-6.el9_5.x86_64                                 
Test OLM installation	UNKNOWN STEP	2025-10-28T00:27:05.8578763Z #14 18.56   openssl-libs-1:3.2.2-6.el9_5.1.x86_64                                         
Test OLM installation	UNKNOWN STEP	2025-10-28T00:27:05.8579374Z #14 18.56   p11-kit-0.25.3-3.el9_5.x86_64                                                 
Test OLM installation	UNKNOWN STEP	2025-10-28T00:27:05.8579772Z #14 18.56   p11-kit-trust-0.25.3-3.el9_5.x86_64                                           
Test OLM installation	UNKNOWN STEP	2025-10-28T00:27:05.8580153Z #14 18.56   pcre-8.44-4.el9.x86_64                                                        
Test OLM installation	UNKNOWN STEP	2025-10-28T00:27:05.8580516Z #14 18.56   pcre2-10.40-6.el9.x86_64                                                      
Test OLM installation	UNKNOWN STEP	2025-10-28T00:27:05.8580910Z #14 18.56   pcre2-syntax-10.40-6.el9.noarch                                               
Test OLM installation	UNKNOWN STEP	2025-10-28T00:27:05.8581376Z #14 18.56   python3-3.9.21-2.el9_6.2.x86_64                                               
Test OLM installation	UNKNOWN STEP	2025-10-28T00:27:05.8582019Z #14 18.56   python3-libs-3.9.21-2.el9_6.2.x86_64                                          
Test OLM installation	UNKNOWN STEP	2025-10-28T00:27:05.8582612Z #14 18.56   python3-pip-wheel-21.3.1-1.el9.noarch                                         
Test OLM installation	UNKNOWN STEP	2025-10-28T00:27:05.8583087Z #14 18.56   python3-setuptools-wheel-53.0.0-13.el9_6.1.noarch                             
Test OLM installation	UNKNOWN STEP	2025-10-28T00:27:05.8583523Z #14 18.56   readline-8.1-4.el9.x86_64                                                     
Test OLM installation	UNKNOWN STEP	2025-10-28T00:27:05.8583930Z #14 18.56   redhat-release-9.6-0.1.el9.x86_64                                             
Test OLM installation	UNKNOWN STEP	2025-10-28T00:27:05.8584309Z #14 18.56   sed-4.8-9.el9.x86_64                                                          
Test OLM installation	UNKNOWN STEP	2025-10-28T00:27:05.8584681Z #14 18.56   setup-2.13.7-10.el9.noarch                                                    
Test OLM installation	UNKNOWN STEP	2025-10-28T00:27:05.8585416Z #14 18.56   sqlite-libs-3.34.1-8.el9_6.x86_64                                             
Test OLM installation	UNKNOWN STEP	2025-10-28T00:27:05.8585848Z #14 18.56   systemd-libs-252-51.el9_6.2.x86_64                                            
Test OLM installation	UNKNOWN STEP	2025-10-28T00:27:05.8586265Z #14 18.56   tzdata-2025b-1.el9.noarch                                                     
Test OLM installation	UNKNOWN STEP	2025-10-28T00:27:05.8586686Z #14 18.56   tzdata-java-2025b-1.el9.noarch                                                
Test OLM installation	UNKNOWN STEP	2025-10-28T00:27:05.8587090Z #14 18.56   xz-libs-5.2.5-8.el9_0.x86_64                                                  
Test OLM installation	UNKNOWN STEP	2025-10-28T00:27:05.8587458Z #14 18.56   zlib-1.2.11-40.el9.x86_64                                                     
Test OLM installation	UNKNOWN STEP	2025-10-28T00:27:05.8587749Z #14 18.56 
Test OLM installation	UNKNOWN STEP	2025-10-28T00:27:05.8587921Z #14 18.56 Complete!
Test OLM installation	UNKNOWN STEP	2025-10-28T00:27:05.8588254Z #14 18.66 + dnf --installroot /tmp/null/rootfs clean all
Test OLM installation	UNKNOWN STEP	2025-10-28T00:27:06.0790668Z #14 18.89 Updating Subscription Management repositories.
Test OLM installation	UNKNOWN STEP	2025-10-28T00:27:06.2820980Z #14 18.89 Unable to read consumer identity
Test OLM installation	UNKNOWN STEP	2025-10-28T00:27:06.2821677Z #14 18.89 
Test OLM installation	UNKNOWN STEP	2025-10-28T00:27:06.2822427Z #14 18.89 This system is not registered with an entitlement server. You can use subscription-manager to register.
Test OLM installation	UNKNOWN STEP	2025-10-28T00:27:06.2823450Z #14 18.89 
Test OLM installation	UNKNOWN STEP	2025-10-28T00:27:06.2823782Z #14 18.90 26 files removed
Test OLM installation	UNKNOWN STEP	2025-10-28T00:27:06.2824873Z #14 18.94 + rm -rf /tmp/null/rootfs/var/cache/bpf /tmp/null/rootfs/var/cache/dnf /tmp/null/rootfs/var/cache/ldconfig /tmp/null/rootfs/var/log/dnf.librepo.log /tmp/null/rootfs/var/log/dnf.log /tmp/null/rootfs/var/log/dnf.rpm.log '/tmp/null/rootfs/var/log/yum.*'
Test OLM installation	UNKNOWN STEP	2025-10-28T00:27:06.2826132Z #14 18.94 ==> Building dependency tree
Test OLM installation	UNKNOWN STEP	2025-10-28T00:27:06.5241814Z #14 19.34 ==> 42 packages to erase:
Test OLM installation	UNKNOWN STEP	2025-10-28T00:27:06.6791429Z #14 19.34 alsa-lib
Test OLM installation	UNKNOWN STEP	2025-10-28T00:27:06.6791848Z #14 19.34 avahi-libs
Test OLM installation	UNKNOWN STEP	2025-10-28T00:27:06.6792186Z #14 19.34 bzip2-libs
Test OLM installation	UNKNOWN STEP	2025-10-28T00:27:06.6792529Z #14 19.34 copy-jdk-configs
Test OLM installation	UNKNOWN STEP	2025-10-28T00:27:06.6792900Z #14 19.34 cups-libs
Test OLM installation	UNKNOWN STEP	2025-10-28T00:27:06.6793196Z #14 19.34 dbus-libs
Test OLM installation	UNKNOWN STEP	2025-10-28T00:27:06.6793530Z #14 19.34 expat
Test OLM installation	UNKNOWN STEP	2025-10-28T00:27:06.6793837Z #14 19.34 gawk
Test OLM installation	UNKNOWN STEP	2025-10-28T00:27:06.6794130Z #14 19.34 gdbm-libs
Test OLM installation	UNKNOWN STEP	2025-10-28T00:27:06.6794438Z #14 19.34 gmp
Test OLM installation	UNKNOWN STEP	2025-10-28T00:27:06.6794729Z #14 19.34 gnutls
Test OLM installation	UNKNOWN STEP	2025-10-28T00:27:06.6795049Z #14 19.34 gpg-pubkey
Test OLM installation	UNKNOWN STEP	2025-10-28T00:27:06.6795380Z #14 19.34 keyutils-libs
Test OLM installation	UNKNOWN STEP	2025-10-28T00:27:06.6795710Z #14 19.34 krb5-libs
Test OLM installation	UNKNOWN STEP	2025-10-28T00:27:06.6796008Z #14 19.34 libcom_err
Test OLM installation	UNKNOWN STEP	2025-10-28T00:27:06.6796319Z #14 19.34 libevent
Test OLM installation	UNKNOWN STEP	2025-10-28T00:27:06.6796621Z #14 19.34 libffi
Test OLM installation	UNKNOWN STEP	2025-10-28T00:27:06.6796915Z #14 19.34 libgcrypt
Test OLM installation	UNKNOWN STEP	2025-10-28T00:27:06.6797226Z #14 19.34 libgpg-error
Test OLM installation	UNKNOWN STEP	2025-10-28T00:27:06.6797550Z #14 19.34 libidn2
Test OLM installation	UNKNOWN STEP	2025-10-28T00:27:06.6797848Z #14 19.34 libunistring
Test OLM installation	UNKNOWN STEP	2025-10-28T00:27:06.6798167Z #14 19.34 libuuid
Test OLM installation	UNKNOWN STEP	2025-10-28T00:27:06.6798461Z #14 19.34 libverto
Test OLM installation	UNKNOWN STEP	2025-10-28T00:27:06.6798762Z #14 19.34 libxcrypt
Test OLM installation	UNKNOWN STEP	2025-10-28T00:27:06.6799243Z #14 19.34 libzstd
Test OLM installation	UNKNOWN STEP	2025-10-28T00:27:06.6799545Z #14 19.34 lua
Test OLM installation	UNKNOWN STEP	2025-10-28T00:27:06.6799836Z #14 19.34 lua-libs
Test OLM installation	UNKNOWN STEP	2025-10-28T00:27:06.6800146Z #14 19.34 lua-posix
Test OLM installation	UNKNOWN STEP	2025-10-28T00:27:06.6800460Z #14 19.34 lz4-libs
Test OLM installation	UNKNOWN STEP	2025-10-28T00:27:06.6800747Z #14 19.34 mpfr
Test OLM installation	UNKNOWN STEP	2025-10-28T00:27:06.6801025Z #14 19.34 nettle
Test OLM installation	UNKNOWN STEP	2025-10-28T00:27:06.6801347Z #14 19.34 openssl-fips-provider
Test OLM installation	UNKNOWN STEP	2025-10-28T00:27:06.6802141Z #14 19.34 openssl-fips-provider-so
Test OLM installation	UNKNOWN STEP	2025-10-28T00:27:06.6802552Z #14 19.34 openssl-libs
Test OLM installation	UNKNOWN STEP	2025-10-28T00:27:06.6802880Z #14 19.34 p11-kit
Test OLM installation	UNKNOWN STEP	2025-10-28T00:27:06.6803184Z #14 19.34 python3
Test OLM installation	UNKNOWN STEP	2025-10-28T00:27:06.6803480Z #14 19.34 python3-libs
Test OLM installation	UNKNOWN STEP	2025-10-28T00:27:06.6803823Z #14 19.34 python3-pip-wheel
Test OLM installation	UNKNOWN STEP	2025-10-28T00:27:06.6804218Z #14 19.34 python3-setuptools-wheel
Test OLM installation	UNKNOWN STEP	2025-10-28T00:27:06.6804602Z #14 19.34 readline
Test OLM installation	UNKNOWN STEP	2025-10-28T00:27:06.6804909Z #14 19.34 systemd-libs
Test OLM installation	UNKNOWN STEP	2025-10-28T00:27:06.6805214Z #14 19.34 xz-libs
Test OLM installation	UNKNOWN STEP	2025-10-28T00:27:06.6805524Z #14 19.34 ==> 43 packages to keep:
Test OLM installation	UNKNOWN STEP	2025-10-28T00:27:06.6805908Z #14 19.34 alternatives
Test OLM installation	UNKNOWN STEP	2025-10-28T00:27:06.6806228Z #14 19.34 basesystem
Test OLM installation	UNKNOWN STEP	2025-10-28T00:27:06.6806532Z #14 19.34 bash
Test OLM installation	UNKNOWN STEP	2025-10-28T00:27:06.6806840Z #14 19.34 ca-certificates
Test OLM installation	UNKNOWN STEP	2025-10-28T00:27:06.6807409Z #14 19.34 coreutils-single
Test OLM installation	UNKNOWN STEP	2025-10-28T00:27:06.6807784Z #14 19.34 crypto-policies
Test OLM installation	UNKNOWN STEP	2025-10-28T00:27:06.6808155Z #14 19.34 crypto-policies-scripts
Test OLM installation	UNKNOWN STEP	2025-10-28T00:27:06.6808539Z #14 19.34 filesystem
Test OLM installation	UNKNOWN STEP	2025-10-28T00:27:06.6808860Z #14 19.34 findutils
Test OLM installation	UNKNOWN STEP	2025-10-28T00:27:06.6809326Z #14 19.34 glibc
Test OLM installation	UNKNOWN STEP	2025-10-28T00:27:06.6809627Z #14 19.34 glibc-common
Test OLM installation	UNKNOWN STEP	2025-10-28T00:27:06.6809957Z #14 19.34 glibc-langpack-en
Test OLM installation	UNKNOWN STEP	2025-10-28T00:27:06.6810295Z #14 19.34 grep
Test OLM installation	UNKNOWN STEP	2025-10-28T00:27:06.6810614Z #14 19.34 java-21-openjdk-headless
Test OLM installation	UNKNOWN STEP	2025-10-28T00:27:06.6811029Z #14 19.34 javapackages-filesystem
Test OLM installation	UNKNOWN STEP	2025-10-28T00:27:06.6811397Z #14 19.34 libacl
Test OLM installation	UNKNOWN STEP	2025-10-28T00:27:06.6811680Z #14 19.34 libattr
Test OLM installation	UNKNOWN STEP	2025-10-28T00:27:06.6811966Z #14 19.34 libcap
Test OLM installation	UNKNOWN STEP	2025-10-28T00:27:06.6812254Z #14 19.34 libgcc
Test OLM installation	UNKNOWN STEP	2025-10-28T00:27:06.6812538Z #14 19.34 libselinux
Test OLM installation	UNKNOWN STEP	2025-10-28T00:27:06.6812843Z #14 19.34 libsepol
Test OLM installation	UNKNOWN STEP	2025-10-28T00:27:06.6813137Z #14 19.34 libsigsegv
Test OLM installation	UNKNOWN STEP	2025-10-28T00:27:06.6813445Z #14 19.34 libtasn1
Test OLM installation	UNKNOWN STEP	2025-10-28T00:27:06.6813762Z #14 19.34 lksctp-tools
Test OLM installation	UNKNOWN STEP	2025-10-28T00:27:06.6814086Z #14 19.34 ncurses-base
Test OLM installation	UNKNOWN STEP	2025-10-28T00:27:06.6814405Z #14 19.34 ncurses-libs
Test OLM installation	UNKNOWN STEP	2025-10-28T00:27:06.6814736Z #14 19.34 nspr
Test OLM installation	UNKNOWN STEP	2025-10-28T00:27:06.6815025Z #14 19.34 nss
Test OLM installation	UNKNOWN STEP	2025-10-28T00:27:06.6815309Z #14 19.34 nss-softokn
Test OLM installation	UNKNOWN STEP	2025-10-28T00:27:06.6815662Z #14 19.34 nss-softokn-freebl
Test OLM installation	UNKNOWN STEP	2025-10-28T00:27:06.6816027Z #14 19.34 nss-sysinit
Test OLM installation	UNKNOWN STEP	2025-10-28T00:27:06.6816334Z #14 19.34 nss-util
Test OLM installation	UNKNOWN STEP	2025-10-28T00:27:06.6816640Z #14 19.34 p11-kit-trust
Test OLM installation	UNKNOWN STEP	2025-10-28T00:27:06.6816966Z #14 19.34 pcre
Test OLM installation	UNKNOWN STEP	2025-10-28T00:27:06.6817245Z #14 19.34 pcre2
Test OLM installation	UNKNOWN STEP	2025-10-28T00:27:06.6817550Z #14 19.34 pcre2-syntax
Test OLM installation	UNKNOWN STEP	2025-10-28T00:27:06.6817878Z #14 19.34 redhat-release
Test OLM installation	UNKNOWN STEP	2025-10-28T00:27:06.6818205Z #14 19.34 sed
Test OLM installation	UNKNOWN STEP	2025-10-28T00:27:06.6818489Z #14 19.34 setup
Test OLM installation	UNKNOWN STEP	2025-10-28T00:27:06.6818788Z #14 19.34 sqlite-libs
Test OLM installation	UNKNOWN STEP	2025-10-28T00:27:06.6819413Z #14 19.34 tzdata
Test OLM installation	UNKNOWN STEP	2025-10-28T00:27:06.6819719Z #14 19.34 tzdata-java
Test OLM installation	UNKNOWN STEP	2025-10-28T00:27:06.6820031Z #14 19.34 zlib
Test OLM installation	UNKNOWN STEP	2025-10-28T00:27:06.6820312Z #14 19.34 
Test OLM installation	UNKNOWN STEP	2025-10-28T00:27:06.6820609Z #14 19.34 ==> Erasing packages
Test OLM installation	UNKNOWN STEP	2025-10-28T00:27:06.6821145Z #14 19.34 + xargs rpm -r /tmp/null/rootfs --erase --nodeps --allmatches
Test OLM installation	UNKNOWN STEP	2025-10-28T00:27:06.8145142Z #14 19.63 
Test OLM installation	UNKNOWN STEP	2025-10-28T00:27:06.8145518Z #14 19.63 ==> Packages erased ok!
Test OLM installation	UNKNOWN STEP	2025-10-28T00:27:06.9933779Z #14 DONE 19.7s
Test OLM installation	UNKNOWN STEP	2025-10-28T00:27:07.5038479Z 
Test OLM installation	UNKNOWN STEP	2025-10-28T00:27:07.5039198Z #15 [stage-1 2/4] COPY --from=ubi-micro-build /tmp/null/rootfs/ /
Test OLM installation	UNKNOWN STEP	2025-10-28T00:27:08.6484136Z #15 DONE 1.1s
Test OLM installation	UNKNOWN STEP	2025-10-28T00:27:08.7998852Z 
Test OLM installation	UNKNOWN STEP	2025-10-28T00:27:08.7999802Z #16 [stage-1 3/4] COPY --from=ubi-micro-build --chown=1000:0 /opt/keycloak /opt/keycloak
Test OLM installation	UNKNOWN STEP	2025-10-28T00:27:09.2887956Z #16 DONE 0.6s
Test OLM installation	UNKNOWN STEP	2025-10-28T00:27:09.4012457Z 
Test OLM installation	UNKNOWN STEP	2025-10-28T00:27:09.4013368Z #17 [stage-1 4/4] RUN echo "keycloak:x:0:root" >> /etc/group &&     echo "keycloak:x:1000:0:keycloak user:/opt/keycloak:/sbin/nologin" >> /etc/passwd
Test OLM installation	UNKNOWN STEP	2025-10-28T00:27:09.4014974Z #17 DONE 0.1s
Test OLM installation	UNKNOWN STEP	2025-10-28T00:27:09.5530678Z 
Test OLM installation	UNKNOWN STEP	2025-10-28T00:27:09.5531357Z #18 exporting to image
Test OLM installation	UNKNOWN STEP	2025-10-28T00:27:09.5531850Z #18 exporting layers
Test OLM installation	UNKNOWN STEP	2025-10-28T00:27:10.2562989Z #18 exporting layers 0.9s done
Test OLM installation	UNKNOWN STEP	2025-10-28T00:27:10.2727630Z #18 writing image sha256:9aa299795f3b61c108abbfc26f2438a79ed51ac1bc601beb56f1801328495569 done
Test OLM installation	UNKNOWN STEP	2025-10-28T00:27:10.2730708Z #18 naming to 192.168.49.2:5000/8136b0keycloak:86400000.0.0 done
Test OLM installation	UNKNOWN STEP	2025-10-28T00:27:10.2731588Z #18 DONE 0.9s
Test OLM installation	UNKNOWN STEP	2025-10-28T00:27:10.2781048Z + docker push 192.168.49.2:5000/8136b0keycloak:86400000.0.0
Test OLM installation	UNKNOWN STEP	2025-10-28T00:27:10.2934445Z The push refers to repository [192.168.49.2:5000/8136b0keycloak]
Test OLM installation	UNKNOWN STEP	2025-10-28T00:27:10.2939547Z Get "http://192.168.49.2:5000/v2/": dial tcp 192.168.49.2:5000: connect: connection refused
Test OLM installation	UNKNOWN STEP	2025-10-28T00:27:10.2962629Z ##[error]Process completed with exit code 1.
Test OLM installation	UNKNOWN STEP	2025-10-28T00:27:10.3010339Z ##[group]Run kubectl get keycloaks -A -o yaml
Test OLM installation	UNKNOWN STEP	2025-10-28T00:27:10.3010698Z [36;1mkubectl get keycloaks -A -o yaml[0m
Test OLM installation	UNKNOWN STEP	2025-10-28T00:27:10.3011010Z [36;1mkubectl get keycloakrealmimports -A -o yaml[0m
Test OLM installation	UNKNOWN STEP	2025-10-28T00:27:10.3043682Z shell: /usr/bin/bash --noprofile --norc -e -o pipefail {0}
Test OLM installation	UNKNOWN STEP	2025-10-28T00:27:10.3044002Z env:
Test OLM installation	UNKNOWN STEP	2025-10-28T00:27:10.3044286Z   MAVEN_ARGS: -B -nsu -Daether.connector.http.connectionMaxTtl=25
Test OLM installation	UNKNOWN STEP	2025-10-28T00:27:10.3044641Z   MINIKUBE_VERSION: v1.37.0
Test OLM installation	UNKNOWN STEP	2025-10-28T00:27:10.3044868Z   KUBERNETES_VERSION: v1.32.9
Test OLM installation	UNKNOWN STEP	2025-10-28T00:27:10.3045108Z   MINIKUBE_MEMORY: 4096
Test OLM installation	UNKNOWN STEP	2025-10-28T00:27:10.3045414Z   JAVA_HOME: /opt/hostedtoolcache/Java_Temurin-Hotspot_jdk/21.0.8-9/x64
Test OLM installation	UNKNOWN STEP	2025-10-28T00:27:10.3045855Z   JAVA_HOME_21_X64: /opt/hostedtoolcache/Java_Temurin-Hotspot_jdk/21.0.8-9/x64
Test OLM installation	UNKNOWN STEP	2025-10-28T00:27:10.3046219Z   MINIKUBE_HOME: /home/runner/work/_temp
Test OLM installation	UNKNOWN STEP	2025-10-28T00:27:10.3046467Z ##[endgroup]
Test OLM installation	UNKNOWN STEP	2025-10-28T00:27:10.4056438Z error: the server doesn't have a resource type "keycloaks"
Test OLM installation	UNKNOWN STEP	2025-10-28T00:27:10.4087471Z ##[error]Process completed with exit code 1.
Test OLM installation	UNKNOWN STEP	2025-10-28T00:27:10.4109597Z ##[group]Run oc adm inspect ns
Test OLM installation	UNKNOWN STEP	2025-10-28T00:27:10.4109931Z [36;1moc adm inspect ns[0m
Test OLM installation	UNKNOWN STEP	2025-10-28T00:27:10.4142489Z shell: /usr/bin/bash --noprofile --norc -e -o pipefail {0}
Test OLM installation	UNKNOWN STEP	2025-10-28T00:27:10.4142802Z env:
Test OLM installation	UNKNOWN STEP	2025-10-28T00:27:10.4143092Z   MAVEN_ARGS: -B -nsu -Daether.connector.http.connectionMaxTtl=25
Test OLM installation	UNKNOWN STEP	2025-10-28T00:27:10.4143446Z   MINIKUBE_VERSION: v1.37.0
Test OLM installation	UNKNOWN STEP	2025-10-28T00:27:10.4143671Z   KUBERNETES_VERSION: v1.32.9
Test OLM installation	UNKNOWN STEP	2025-10-28T00:27:10.4143895Z   MINIKUBE_MEMORY: 4096
Test OLM installation	UNKNOWN STEP	2025-10-28T00:27:10.4144220Z   JAVA_HOME: /opt/hostedtoolcache/Java_Temurin-Hotspot_jdk/21.0.8-9/x64
Test OLM installation	UNKNOWN STEP	2025-10-28T00:27:10.4144693Z   JAVA_HOME_21_X64: /opt/hostedtoolcache/Java_Temurin-Hotspot_jdk/21.0.8-9/x64
Test OLM installation	UNKNOWN STEP	2025-10-28T00:27:10.4145054Z   MINIKUBE_HOME: /home/runner/work/_temp
Test OLM installation	UNKNOWN STEP	2025-10-28T00:27:10.4145300Z ##[endgroup]
Test OLM installation	UNKNOWN STEP	2025-10-28T00:27:10.5075838Z Gathering data for ns/default...
Test OLM installation	UNKNOWN STEP	2025-10-28T00:27:10.5443061Z W1028 00:27:10.544095    9995 util.go:118] the server doesn't have a resource type egressfirewalls, skipping the inspection
Test OLM installation	UNKNOWN STEP	2025-10-28T00:27:10.5456964Z W1028 00:27:10.545563    9995 util.go:118] the server doesn't have a resource type egressqoses, skipping the inspection
Test OLM installation	UNKNOWN STEP	2025-10-28T00:27:10.5816971Z W1028 00:27:10.581526    9995 util.go:118] the server doesn't have a resource type servicemonitors, skipping the inspection
Test OLM installation	UNKNOWN STEP	2025-10-28T00:27:10.5832461Z W1028 00:27:10.583113    9995 util.go:118] the server doesn't have a resource type userdefinednetworks, skipping the inspection
Test OLM installation	UNKNOWN STEP	2025-10-28T00:27:10.5833394Z Gathering data for ns/kube-node-lease...
Test OLM installation	UNKNOWN STEP	2025-10-28T00:27:10.6571886Z W1028 00:27:10.656995    9995 util.go:118] the server doesn't have a resource type egressfirewalls, skipping the inspection
Test OLM installation	UNKNOWN STEP	2025-10-28T00:27:10.6601356Z W1028 00:27:10.659865    9995 util.go:118] the server doesn't have a resource type egressqoses, skipping the inspection
Test OLM installation	UNKNOWN STEP	2025-10-28T00:27:10.6972928Z W1028 00:27:10.697128    9995 util.go:118] the server doesn't have a resource type servicemonitors, skipping the inspection
Test OLM installation	UNKNOWN STEP	2025-10-28T00:27:10.6987622Z W1028 00:27:10.698606    9995 util.go:118] the server doesn't have a resource type userdefinednetworks, skipping the inspection
Test OLM installation	UNKNOWN STEP	2025-10-28T00:27:10.6988565Z Gathering data for ns/kube-public...
Test OLM installation	UNKNOWN STEP	2025-10-28T00:27:10.7287942Z W1028 00:27:10.728609    9995 util.go:118] the server doesn't have a resource type egressfirewalls, skipping the inspection
Test OLM installation	UNKNOWN STEP	2025-10-28T00:27:10.7302544Z W1028 00:27:10.730117    9995 util.go:118] the server doesn't have a resource type egressqoses, skipping the inspection
Test OLM installation	UNKNOWN STEP	2025-10-28T00:27:10.7589304Z W1028 00:27:10.758763    9995 util.go:118] the server doesn't have a resource type servicemonitors, skipping the inspection
Test OLM installation	UNKNOWN STEP	2025-10-28T00:27:10.7604131Z W1028 00:27:10.760282    9995 util.go:118] the server doesn't have a resource type userdefinednetworks, skipping the inspection
Test OLM installation	UNKNOWN STEP	2025-10-28T00:27:10.7605042Z Gathering data for ns/kube-system...
Test OLM installation	UNKNOWN STEP	2025-10-28T00:27:10.9299378Z W1028 00:27:10.929753    9995 util.go:118] the server doesn't have a resource type egressfirewalls, skipping the inspection
Test OLM installation	UNKNOWN STEP	2025-10-28T00:27:10.9313968Z W1028 00:27:10.931232    9995 util.go:118] the server doesn't have a resource type egressqoses, skipping the inspection
Test OLM installation	UNKNOWN STEP	2025-10-28T00:27:10.9726263Z W1028 00:27:10.972423    9995 util.go:118] the server doesn't have a resource type servicemonitors, skipping the inspection
Test OLM installation	UNKNOWN STEP	2025-10-28T00:27:10.9740680Z W1028 00:27:10.973941    9995 util.go:118] the server doesn't have a resource type userdefinednetworks, skipping the inspection
Test OLM installation	UNKNOWN STEP	2025-10-28T00:27:10.9741482Z Gathering data for ns/olm...
Test OLM installation	UNKNOWN STEP	2025-10-28T00:27:11.2551935Z W1028 00:27:11.252419    9995 util.go:118] the server doesn't have a resource type egressfirewalls, skipping the inspection
Test OLM installation	UNKNOWN STEP	2025-10-28T00:27:11.2563094Z W1028 00:27:11.256175    9995 util.go:118] the server doesn't have a resource type egressqoses, skipping the inspection
Test OLM installation	UNKNOWN STEP	2025-10-28T00:27:11.2973961Z W1028 00:27:11.297196    9995 util.go:118] the server doesn't have a resource type servicemonitors, skipping the inspection
Test OLM installation	UNKNOWN STEP	2025-10-28T00:27:11.2988752Z W1028 00:27:11.298713    9995 util.go:118] the server doesn't have a resource type userdefinednetworks, skipping the inspection
Test OLM installation	UNKNOWN STEP	2025-10-28T00:27:11.2989812Z Gathering data for ns/operators...
Test OLM installation	UNKNOWN STEP	2025-10-28T00:27:11.3285191Z W1028 00:27:11.328332    9995 util.go:118] the server doesn't have a resource type egressfirewalls, skipping the inspection
Test OLM installation	UNKNOWN STEP	2025-10-28T00:27:11.3330486Z W1028 00:27:11.330687    9995 util.go:118] the server doesn't have a resource type egressqoses, skipping the inspection
Test OLM installation	UNKNOWN STEP	2025-10-28T00:27:11.3597053Z W1028 00:27:11.359564    9995 util.go:118] the server doesn't have a resource type servicemonitors, skipping the inspection
Test OLM installation	UNKNOWN STEP	2025-10-28T00:27:11.3611335Z W1028 00:27:11.360987    9995 util.go:118] the server doesn't have a resource type userdefinednetworks, skipping the inspection
Test OLM installation	UNKNOWN STEP	2025-10-28T00:27:11.3739317Z Wrote inspect data to inspect.local.6525281833895275218.
Test OLM installation	UNKNOWN STEP	2025-10-28T00:27:11.3813968Z ##[group]Run actions/upload-artifact@ea165f8d65b6e75b540449e92b4886f43607fa02
Test OLM installation	UNKNOWN STEP	2025-10-28T00:27:11.3814573Z with:
Test OLM installation	UNKNOWN STEP	2025-10-28T00:27:11.3814835Z   name: oc-inspect
Test OLM installation	UNKNOWN STEP	2025-10-28T00:27:11.3815148Z   path: inspect.*
Test OLM installation	UNKNOWN STEP	2025-10-28T00:27:11.3815355Z   if-no-files-found: warn
Test OLM installation	UNKNOWN STEP	2025-10-28T00:27:11.3815576Z   compression-level: 6
Test OLM installation	UNKNOWN STEP	2025-10-28T00:27:11.3815778Z   overwrite: false
Test OLM installation	UNKNOWN STEP	2025-10-28T00:27:11.3815977Z   include-hidden-files: false
Test OLM installation	UNKNOWN STEP	2025-10-28T00:27:11.3816195Z env:
Test OLM installation	UNKNOWN STEP	2025-10-28T00:27:11.3816457Z   MAVEN_ARGS: -B -nsu -Daether.connector.http.connectionMaxTtl=25
Test OLM installation	UNKNOWN STEP	2025-10-28T00:27:11.3816803Z   MINIKUBE_VERSION: v1.37.0
Test OLM installation	UNKNOWN STEP	2025-10-28T00:27:11.3817053Z   KUBERNETES_VERSION: v1.32.9
Test OLM installation	UNKNOWN STEP	2025-10-28T00:27:11.3817267Z   MINIKUBE_MEMORY: 4096
Test OLM installation	UNKNOWN STEP	2025-10-28T00:27:11.3817587Z   JAVA_HOME: /opt/hostedtoolcache/Java_Temurin-Hotspot_jdk/21.0.8-9/x64
Test OLM installation	UNKNOWN STEP	2025-10-28T00:27:11.3818032Z   JAVA_HOME_21_X64: /opt/hostedtoolcache/Java_Temurin-Hotspot_jdk/21.0.8-9/x64
Test OLM installation	UNKNOWN STEP	2025-10-28T00:27:11.3818410Z   MINIKUBE_HOME: /home/runner/work/_temp
Test OLM installation	UNKNOWN STEP	2025-10-28T00:27:11.3818655Z ##[endgroup]
Test OLM installation	UNKNOWN STEP	2025-10-28T00:27:11.6574076Z With the provided path, there will be 173 files uploaded
Test OLM installation	UNKNOWN STEP	2025-10-28T00:27:11.6579767Z Artifact name is valid!
Test OLM installation	UNKNOWN STEP	2025-10-28T00:27:11.6581141Z Root directory input is valid!
Test OLM installation	UNKNOWN STEP	2025-10-28T00:27:11.8405069Z Beginning upload of artifact content to blob storage
Test OLM installation	UNKNOWN STEP	2025-10-28T00:27:12.3237204Z Uploaded bytes 220944
Test OLM installation	UNKNOWN STEP	2025-10-28T00:27:12.3688599Z Finished uploading artifact content to blob storage!
Test OLM installation	UNKNOWN STEP	2025-10-28T00:27:12.3692075Z SHA256 digest of uploaded artifact zip is 83fd9187f02e20082e3bceee4e040c8dbc977a82f485fc14b10cd65085555f21
Test OLM installation	UNKNOWN STEP	2025-10-28T00:27:12.3693837Z Finalizing artifact upload
Test OLM installation	UNKNOWN STEP	2025-10-28T00:27:12.4690641Z Artifact oc-inspect.zip successfully finalized. Artifact ID 4388376112
Test OLM installation	UNKNOWN STEP	2025-10-28T00:27:12.4691644Z Artifact oc-inspect has been successfully uploaded! Final size is 220944 bytes. Artifact ID is 4388376112
Test OLM installation	UNKNOWN STEP	2025-10-28T00:27:12.4698131Z Artifact download URL: https://github.com/keycloak/keycloak/actions/runs/18859924506/artifacts/4388376112
Test OLM installation	UNKNOWN STEP	2025-10-28T00:27:12.4825195Z Post job cleanup.
Test OLM installation	UNKNOWN STEP	2025-10-28T00:27:12.4884975Z Post job cleanup.
Test OLM installation	UNKNOWN STEP	2025-10-28T00:27:12.6622372Z Post job cleanup.
Test OLM installation	UNKNOWN STEP	2025-10-28T00:27:12.7455310Z [command]/usr/bin/git version
Test OLM installation	UNKNOWN STEP	2025-10-28T00:27:12.7523044Z git version 2.51.0
Test OLM installation	UNKNOWN STEP	2025-10-28T00:27:12.7562173Z Temporarily overriding HOME='/home/runner/work/_temp/f0e9bf25-6351-4d91-879c-2590bf538366' before making global git config changes
Test OLM installation	UNKNOWN STEP	2025-10-28T00:27:12.7563536Z Adding repository directory to the temporary git global config as a safe directory
Test OLM installation	UNKNOWN STEP	2025-10-28T00:27:12.7567186Z [command]/usr/bin/git config --global --add safe.directory /home/runner/work/keycloak/keycloak
Test OLM installation	UNKNOWN STEP	2025-10-28T00:27:12.7604357Z [command]/usr/bin/git config --local --name-only --get-regexp core\.sshCommand
Test OLM installation	UNKNOWN STEP	2025-10-28T00:27:12.7635751Z [command]/usr/bin/git submodule foreach --recursive sh -c "git config --local --name-only --get-regexp 'core\.sshCommand' && git config --local --unset-all 'core.sshCommand' || :"
Test OLM installation	UNKNOWN STEP	2025-10-28T00:27:12.7886420Z [command]/usr/bin/git config --local --name-only --get-regexp http\.https\:\/\/github\.com\/\.extraheader
Test OLM installation	UNKNOWN STEP	2025-10-28T00:27:12.7909673Z http.https://github.com/.extraheader
Test OLM installation	UNKNOWN STEP	2025-10-28T00:27:12.7919701Z [command]/usr/bin/git config --local --unset-all http.https://github.com/.extraheader
Test OLM installation	UNKNOWN STEP	2025-10-28T00:27:12.7950272Z [command]/usr/bin/git submodule foreach --recursive sh -c "git config --local --name-only --get-regexp 'http\.https\:\/\/github\.com\/\.extraheader' && git config --local --unset-all 'http.https://github.com/.extraheader' || :"
Test OLM installation	UNKNOWN STEP	2025-10-28T00:27:12.8301116Z Cleaning up orphan processes
Status Check - Keycloak Operator CI	UNKNOWN STEP	ï»¿2025-10-28T00:52:52.6936508Z Current runner version: '2.328.0'
Status Check - Keycloak Operator CI	UNKNOWN STEP	2025-10-28T00:52:52.6959635Z ##[group]Runner Image Provisioner
Status Check - Keycloak Operator CI	UNKNOWN STEP	2025-10-28T00:52:52.6960435Z Hosted Compute Agent
Status Check - Keycloak Operator CI	UNKNOWN STEP	2025-10-28T00:52:52.6961066Z Version: 20250912.392
Status Check - Keycloak Operator CI	UNKNOWN STEP	2025-10-28T00:52:52.6961685Z Commit: d921fda672a98b64f4f82364647e2f10b2267d0b
Status Check - Keycloak Operator CI	UNKNOWN STEP	2025-10-28T00:52:52.6962330Z Build Date: 2025-09-12T15:23:14Z
Status Check - Keycloak Operator CI	UNKNOWN STEP	2025-10-28T00:52:52.6962997Z ##[endgroup]
Status Check - Keycloak Operator CI	UNKNOWN STEP	2025-10-28T00:52:52.6963507Z ##[group]Operating System
Status Check - Keycloak Operator CI	UNKNOWN STEP	2025-10-28T00:52:52.6964057Z Ubuntu
Status Check - Keycloak Operator CI	UNKNOWN STEP	2025-10-28T00:52:52.6964558Z 24.04.3
Status Check - Keycloak Operator CI	UNKNOWN STEP	2025-10-28T00:52:52.6964999Z LTS
Status Check - Keycloak Operator CI	UNKNOWN STEP	2025-10-28T00:52:52.6965449Z ##[endgroup]
Status Check - Keycloak Operator CI	UNKNOWN STEP	2025-10-28T00:52:52.6965871Z ##[group]Runner Image
Status Check - Keycloak Operator CI	UNKNOWN STEP	2025-10-28T00:52:52.6966484Z Image: ubuntu-24.04
Status Check - Keycloak Operator CI	UNKNOWN STEP	2025-10-28T00:52:52.6966941Z Version: 20250929.60.1
Status Check - Keycloak Operator CI	UNKNOWN STEP	2025-10-28T00:52:52.6967911Z Included Software: https://github.com/actions/runner-images/blob/ubuntu24/20250929.60/images/ubuntu/Ubuntu2404-Readme.md
Status Check - Keycloak Operator CI	UNKNOWN STEP	2025-10-28T00:52:52.6969809Z Image Release: https://github.com/actions/runner-images/releases/tag/ubuntu24%2F20250929.60
Status Check - Keycloak Operator CI	UNKNOWN STEP	2025-10-28T00:52:52.6970850Z ##[endgroup]
Status Check - Keycloak Operator CI	UNKNOWN STEP	2025-10-28T00:52:52.6971783Z ##[group]GITHUB_TOKEN Permissions
Status Check - Keycloak Operator CI	UNKNOWN STEP	2025-10-28T00:52:52.6973527Z Contents: read
Status Check - Keycloak Operator CI	UNKNOWN STEP	2025-10-28T00:52:52.6974166Z Metadata: read
Status Check - Keycloak Operator CI	UNKNOWN STEP	2025-10-28T00:52:52.6974630Z ##[endgroup]
Status Check - Keycloak Operator CI	UNKNOWN STEP	2025-10-28T00:52:52.6976628Z Secret source: Actions
Status Check - Keycloak Operator CI	UNKNOWN STEP	2025-10-28T00:52:52.6977408Z Prepare workflow directory
Status Check - Keycloak Operator CI	UNKNOWN STEP	2025-10-28T00:52:52.7370901Z Prepare all required actions
Status Check - Keycloak Operator CI	UNKNOWN STEP	2025-10-28T00:52:52.7427647Z Getting action download info
Status Check - Keycloak Operator CI	UNKNOWN STEP	2025-10-28T00:52:53.1846094Z Download action repository 'actions/checkout@08c6903cd8c0fde910a37f88322edcfb5dd907a8' (SHA:08c6903cd8c0fde910a37f88322edcfb5dd907a8)
Status Check - Keycloak Operator CI	UNKNOWN STEP	2025-10-28T00:52:53.3977910Z Complete job name: Status Check - Keycloak Operator CI
Status Check - Keycloak Operator CI	UNKNOWN STEP	2025-10-28T00:52:53.4718980Z ##[group]Run actions/checkout@08c6903cd8c0fde910a37f88322edcfb5dd907a8
Status Check - Keycloak Operator CI	UNKNOWN STEP	2025-10-28T00:52:53.4719993Z with:
Status Check - Keycloak Operator CI	UNKNOWN STEP	2025-10-28T00:52:53.4720376Z   repository: keycloak/keycloak
Status Check - Keycloak Operator CI	UNKNOWN STEP	2025-10-28T00:52:53.4720989Z   token: ***
Status Check - Keycloak Operator CI	UNKNOWN STEP	2025-10-28T00:52:53.4721358Z   ssh-strict: true
Status Check - Keycloak Operator CI	UNKNOWN STEP	2025-10-28T00:52:53.4721737Z   ssh-user: git
Status Check - Keycloak Operator CI	UNKNOWN STEP	2025-10-28T00:52:53.4722135Z   persist-credentials: true
Status Check - Keycloak Operator CI	UNKNOWN STEP	2025-10-28T00:52:53.4722557Z   clean: true
Status Check - Keycloak Operator CI	UNKNOWN STEP	2025-10-28T00:52:53.4722931Z   sparse-checkout-cone-mode: true
Status Check - Keycloak Operator CI	UNKNOWN STEP	2025-10-28T00:52:53.4723398Z   fetch-depth: 1
Status Check - Keycloak Operator CI	UNKNOWN STEP	2025-10-28T00:52:53.4723771Z   fetch-tags: false
Status Check - Keycloak Operator CI	UNKNOWN STEP	2025-10-28T00:52:53.4724165Z   show-progress: true
Status Check - Keycloak Operator CI	UNKNOWN STEP	2025-10-28T00:52:53.4724555Z   lfs: false
Status Check - Keycloak Operator CI	UNKNOWN STEP	2025-10-28T00:52:53.4724907Z   submodules: false
Status Check - Keycloak Operator CI	UNKNOWN STEP	2025-10-28T00:52:53.4725292Z   set-safe-directory: true
Status Check - Keycloak Operator CI	UNKNOWN STEP	2025-10-28T00:52:53.4725928Z env:
Status Check - Keycloak Operator CI	UNKNOWN STEP	2025-10-28T00:52:53.4726448Z   MAVEN_ARGS: -B -nsu -Daether.connector.http.connectionMaxTtl=25
Status Check - Keycloak Operator CI	UNKNOWN STEP	2025-10-28T00:52:53.4727066Z   MINIKUBE_VERSION: v1.37.0
Status Check - Keycloak Operator CI	UNKNOWN STEP	2025-10-28T00:52:53.4727612Z   KUBERNETES_VERSION: v1.32.9
Status Check - Keycloak Operator CI	UNKNOWN STEP	2025-10-28T00:52:53.4728279Z   MINIKUBE_MEMORY: 4096
Status Check - Keycloak Operator CI	UNKNOWN STEP	2025-10-28T00:52:53.4728681Z ##[endgroup]
Status Check - Keycloak Operator CI	UNKNOWN STEP	2025-10-28T00:52:53.5626563Z Syncing repository: keycloak/keycloak
Status Check - Keycloak Operator CI	UNKNOWN STEP	2025-10-28T00:52:53.5628431Z ##[group]Getting Git version info
Status Check - Keycloak Operator CI	UNKNOWN STEP	2025-10-28T00:52:53.5629147Z Working directory is '/home/runner/work/keycloak/keycloak'
Status Check - Keycloak Operator CI	UNKNOWN STEP	2025-10-28T00:52:53.5630117Z [command]/usr/bin/git version
Status Check - Keycloak Operator CI	UNKNOWN STEP	2025-10-28T00:52:53.5706567Z git version 2.51.0
Status Check - Keycloak Operator CI	UNKNOWN STEP	2025-10-28T00:52:53.5726502Z ##[endgroup]
Status Check - Keycloak Operator CI	UNKNOWN STEP	2025-10-28T00:52:53.5739938Z Temporarily overriding HOME='/home/runner/work/_temp/63ef6b82-1236-4d3c-bb9d-fb63bb447b34' before making global git config changes
Status Check - Keycloak Operator CI	UNKNOWN STEP	2025-10-28T00:52:53.5741343Z Adding repository directory to the temporary git global config as a safe directory
Status Check - Keycloak Operator CI	UNKNOWN STEP	2025-10-28T00:52:53.5744634Z [command]/usr/bin/git config --global --add safe.directory /home/runner/work/keycloak/keycloak
Status Check - Keycloak Operator CI	UNKNOWN STEP	2025-10-28T00:52:53.5780831Z Deleting the contents of '/home/runner/work/keycloak/keycloak'
Status Check - Keycloak Operator CI	UNKNOWN STEP	2025-10-28T00:52:53.5784183Z ##[group]Initializing the repository
Status Check - Keycloak Operator CI	UNKNOWN STEP	2025-10-28T00:52:53.5788731Z [command]/usr/bin/git init /home/runner/work/keycloak/keycloak
Status Check - Keycloak Operator CI	UNKNOWN STEP	2025-10-28T00:52:53.5910264Z hint: Using 'master' as the name for the initial branch. This default branch name
Status Check - Keycloak Operator CI	UNKNOWN STEP	2025-10-28T00:52:53.5911405Z hint: is subject to change. To configure the initial branch name to use in all
Status Check - Keycloak Operator CI	UNKNOWN STEP	2025-10-28T00:52:53.5912549Z hint: of your new repositories, which will suppress this warning, call:
Status Check - Keycloak Operator CI	UNKNOWN STEP	2025-10-28T00:52:53.5913173Z hint:
Status Check - Keycloak Operator CI	UNKNOWN STEP	2025-10-28T00:52:53.5913873Z hint: 	git config --global init.defaultBranch <name>
Status Check - Keycloak Operator CI	UNKNOWN STEP	2025-10-28T00:52:53.5914828Z hint:
Status Check - Keycloak Operator CI	UNKNOWN STEP	2025-10-28T00:52:53.5915743Z hint: Names commonly chosen instead of 'master' are 'main', 'trunk' and
Status Check - Keycloak Operator CI	UNKNOWN STEP	2025-10-28T00:52:53.5917199Z hint: 'development'. The just-created branch can be renamed via this command:
Status Check - Keycloak Operator CI	UNKNOWN STEP	2025-10-28T00:52:53.5918540Z hint:
Status Check - Keycloak Operator CI	UNKNOWN STEP	2025-10-28T00:52:53.5919101Z hint: 	git branch -m <name>
Status Check - Keycloak Operator CI	UNKNOWN STEP	2025-10-28T00:52:53.5919655Z hint:
Status Check - Keycloak Operator CI	UNKNOWN STEP	2025-10-28T00:52:53.5920560Z hint: Disable this message with "git config set advice.defaultBranchName false"
Status Check - Keycloak Operator CI	UNKNOWN STEP	2025-10-28T00:52:53.5921527Z Initialized empty Git repository in /home/runner/work/keycloak/keycloak/.git/
Status Check - Keycloak Operator CI	UNKNOWN STEP	2025-10-28T00:52:53.5927945Z [command]/usr/bin/git remote add origin https://github.com/keycloak/keycloak
Status Check - Keycloak Operator CI	UNKNOWN STEP	2025-10-28T00:52:53.5967695Z ##[endgroup]
Status Check - Keycloak Operator CI	UNKNOWN STEP	2025-10-28T00:52:53.5968666Z ##[group]Disabling automatic garbage collection
Status Check - Keycloak Operator CI	UNKNOWN STEP	2025-10-28T00:52:53.5971442Z [command]/usr/bin/git config --local gc.auto 0
Status Check - Keycloak Operator CI	UNKNOWN STEP	2025-10-28T00:52:53.6000137Z ##[endgroup]
Status Check - Keycloak Operator CI	UNKNOWN STEP	2025-10-28T00:52:53.6001357Z ##[group]Setting up auth
Status Check - Keycloak Operator CI	UNKNOWN STEP	2025-10-28T00:52:53.6006817Z [command]/usr/bin/git config --local --name-only --get-regexp core\.sshCommand
Status Check - Keycloak Operator CI	UNKNOWN STEP	2025-10-28T00:52:53.6036724Z [command]/usr/bin/git submodule foreach --recursive sh -c "git config --local --name-only --get-regexp 'core\.sshCommand' && git config --local --unset-all 'core.sshCommand' || :"
Status Check - Keycloak Operator CI	UNKNOWN STEP	2025-10-28T00:52:53.6377608Z [command]/usr/bin/git config --local --name-only --get-regexp http\.https\:\/\/github\.com\/\.extraheader
Status Check - Keycloak Operator CI	UNKNOWN STEP	2025-10-28T00:52:53.6407941Z [command]/usr/bin/git submodule foreach --recursive sh -c "git config --local --name-only --get-regexp 'http\.https\:\/\/github\.com\/\.extraheader' && git config --local --unset-all 'http.https://github.com/.extraheader' || :"
Status Check - Keycloak Operator CI	UNKNOWN STEP	2025-10-28T00:52:53.6625126Z [command]/usr/bin/git config --local http.https://github.com/.extraheader AUTHORIZATION: basic ***
Status Check - Keycloak Operator CI	UNKNOWN STEP	2025-10-28T00:52:53.6660884Z ##[endgroup]
Status Check - Keycloak Operator CI	UNKNOWN STEP	2025-10-28T00:52:53.6661993Z ##[group]Fetching the repository
Status Check - Keycloak Operator CI	UNKNOWN STEP	2025-10-28T00:52:53.6673781Z [command]/usr/bin/git -c protocol.version=2 fetch --no-tags --prune --no-recurse-submodules --depth=1 origin +8136b03c6718789faeb01731fb8ba900b95e24c0:refs/remotes/origin/main
Status Check - Keycloak Operator CI	UNKNOWN STEP	2025-10-28T00:52:57.0464638Z From https://github.com/keycloak/keycloak
Status Check - Keycloak Operator CI	UNKNOWN STEP	2025-10-28T00:52:57.0470043Z  * [new ref]         8136b03c6718789faeb01731fb8ba900b95e24c0 -> origin/main
Status Check - Keycloak Operator CI	UNKNOWN STEP	2025-10-28T00:52:57.0498333Z ##[endgroup]
Status Check - Keycloak Operator CI	UNKNOWN STEP	2025-10-28T00:52:57.0499435Z ##[group]Determining the checkout info
Status Check - Keycloak Operator CI	UNKNOWN STEP	2025-10-28T00:52:57.0501070Z ##[endgroup]
Status Check - Keycloak Operator CI	UNKNOWN STEP	2025-10-28T00:52:57.0505393Z [command]/usr/bin/git sparse-checkout disable
Status Check - Keycloak Operator CI	UNKNOWN STEP	2025-10-28T00:52:57.0546765Z [command]/usr/bin/git config --local --unset-all extensions.worktreeConfig
Status Check - Keycloak Operator CI	UNKNOWN STEP	2025-10-28T00:52:57.0573715Z ##[group]Checking out the ref
Status Check - Keycloak Operator CI	UNKNOWN STEP	2025-10-28T00:52:57.0576966Z [command]/usr/bin/git checkout --progress --force -B main refs/remotes/origin/main
Status Check - Keycloak Operator CI	UNKNOWN STEP	2025-10-28T00:52:57.8752564Z Switched to a new branch 'main'
Status Check - Keycloak Operator CI	UNKNOWN STEP	2025-10-28T00:52:57.8754866Z branch 'main' set up to track 'origin/main'.
Status Check - Keycloak Operator CI	UNKNOWN STEP	2025-10-28T00:52:57.8787499Z ##[endgroup]
Status Check - Keycloak Operator CI	UNKNOWN STEP	2025-10-28T00:52:57.8829138Z [command]/usr/bin/git log -1 --format=%H
Status Check - Keycloak Operator CI	UNKNOWN STEP	2025-10-28T00:52:57.8852887Z 8136b03c6718789faeb01731fb8ba900b95e24c0
Status Check - Keycloak Operator CI	UNKNOWN STEP	2025-10-28T00:52:57.9093438Z Prepare all required actions
Status Check - Keycloak Operator CI	UNKNOWN STEP	2025-10-28T00:52:57.9158477Z ##[group]Run ./.github/actions/status-check
Status Check - Keycloak Operator CI	UNKNOWN STEP	2025-10-28T00:52:57.9158855Z with:
Status Check - Keycloak Operator CI	UNKNOWN STEP	2025-10-28T00:52:57.9159736Z   jobs: {
Status Check - Keycloak Operator CI	UNKNOWN STEP	  "conditional": {
Status Check - Keycloak Operator CI	UNKNOWN STEP	    "result": "success",
Status Check - Keycloak Operator CI	UNKNOWN STEP	    "outputs": {
Status Check - Keycloak Operator CI	UNKNOWN STEP	      "operator": "true"
Status Check - Keycloak Operator CI	UNKNOWN STEP	    }
Status Check - Keycloak Operator CI	UNKNOWN STEP	  },
Status Check - Keycloak Operator CI	UNKNOWN STEP	  "build": {
Status Check - Keycloak Operator CI	UNKNOWN STEP	    "result": "success",
Status Check - Keycloak Operator CI	UNKNOWN STEP	    "outputs": {}
Status Check - Keycloak Operator CI	UNKNOWN STEP	  },
Status Check - Keycloak Operator CI	UNKNOWN STEP	  "test-local-apiserver": {
Status Check - Keycloak Operator CI	UNKNOWN STEP	    "result": "success",
Status Check - Keycloak Operator CI	UNKNOWN STEP	    "outputs": {}
Status Check - Keycloak Operator CI	UNKNOWN STEP	  },
Status Check - Keycloak Operator CI	UNKNOWN STEP	  "test-remote": {
Status Check - Keycloak Operator CI	UNKNOWN STEP	    "result": "success",
Status Check - Keycloak Operator CI	UNKNOWN STEP	    "outputs": {}
Status Check - Keycloak Operator CI	UNKNOWN STEP	  },
Status Check - Keycloak Operator CI	UNKNOWN STEP	  "test-olm": {
Status Check - Keycloak Operator CI	UNKNOWN STEP	    "result": "failure",
Status Check - Keycloak Operator CI	UNKNOWN STEP	    "outputs": {}
Status Check - Keycloak Operator CI	UNKNOWN STEP	  }
Status Check - Keycloak Operator CI	UNKNOWN STEP	}
Status Check - Keycloak Operator CI	UNKNOWN STEP	2025-10-28T00:52:57.9160658Z env:
Status Check - Keycloak Operator CI	UNKNOWN STEP	2025-10-28T00:52:57.9160964Z   MAVEN_ARGS: -B -nsu -Daether.connector.http.connectionMaxTtl=25
Status Check - Keycloak Operator CI	UNKNOWN STEP	2025-10-28T00:52:57.9161343Z   MINIKUBE_VERSION: v1.37.0
Status Check - Keycloak Operator CI	UNKNOWN STEP	2025-10-28T00:52:57.9161833Z   KUBERNETES_VERSION: v1.32.9
Status Check - Keycloak Operator CI	UNKNOWN STEP	2025-10-28T00:52:57.9162094Z   MINIKUBE_MEMORY: 4096
Status Check - Keycloak Operator CI	UNKNOWN STEP	2025-10-28T00:52:57.9162318Z ##[endgroup]
Status Check - Keycloak Operator CI	UNKNOWN STEP	2025-10-28T00:52:57.9255578Z ##[group]Run JOBS='{
Status Check - Keycloak Operator CI	UNKNOWN STEP	2025-10-28T00:52:57.9255914Z [36;1mJOBS='{[0m
Status Check - Keycloak Operator CI	UNKNOWN STEP	2025-10-28T00:52:57.9256228Z [36;1m  "conditional": {[0m
Status Check - Keycloak Operator CI	UNKNOWN STEP	2025-10-28T00:52:57.9256494Z [36;1m    "result": "success",[0m
Status Check - Keycloak Operator CI	UNKNOWN STEP	2025-10-28T00:52:57.9256768Z [36;1m    "outputs": {[0m
Status Check - Keycloak Operator CI	UNKNOWN STEP	2025-10-28T00:52:57.9257033Z [36;1m      "operator": "true"[0m
Status Check - Keycloak Operator CI	UNKNOWN STEP	2025-10-28T00:52:57.9257319Z [36;1m    }[0m
Status Check - Keycloak Operator CI	UNKNOWN STEP	2025-10-28T00:52:57.9257523Z [36;1m  },[0m
Status Check - Keycloak Operator CI	UNKNOWN STEP	2025-10-28T00:52:57.9257734Z [36;1m  "build": {[0m
Status Check - Keycloak Operator CI	UNKNOWN STEP	2025-10-28T00:52:57.9257964Z [36;1m    "result": "success",[0m
Status Check - Keycloak Operator CI	UNKNOWN STEP	2025-10-28T00:52:57.9258398Z [36;1m    "outputs": {}[0m
Status Check - Keycloak Operator CI	UNKNOWN STEP	2025-10-28T00:52:57.9258640Z [36;1m  },[0m
Status Check - Keycloak Operator CI	UNKNOWN STEP	2025-10-28T00:52:57.9258868Z [36;1m  "test-local-apiserver": {[0m
Status Check - Keycloak Operator CI	UNKNOWN STEP	2025-10-28T00:52:57.9259148Z [36;1m    "result": "success",[0m
Status Check - Keycloak Operator CI	UNKNOWN STEP	2025-10-28T00:52:57.9259401Z [36;1m    "outputs": {}[0m
Status Check - Keycloak Operator CI	UNKNOWN STEP	2025-10-28T00:52:57.9259633Z [36;1m  },[0m
Status Check - Keycloak Operator CI	UNKNOWN STEP	2025-10-28T00:52:57.9259844Z [36;1m  "test-remote": {[0m
Status Check - Keycloak Operator CI	UNKNOWN STEP	2025-10-28T00:52:57.9260095Z [36;1m    "result": "success",[0m
Status Check - Keycloak Operator CI	UNKNOWN STEP	2025-10-28T00:52:57.9260342Z [36;1m    "outputs": {}[0m
Status Check - Keycloak Operator CI	UNKNOWN STEP	2025-10-28T00:52:57.9260573Z [36;1m  },[0m
Status Check - Keycloak Operator CI	UNKNOWN STEP	2025-10-28T00:52:57.9260782Z [36;1m  "test-olm": {[0m
Status Check - Keycloak Operator CI	UNKNOWN STEP	2025-10-28T00:52:57.9261014Z [36;1m    "result": "failure",[0m
Status Check - Keycloak Operator CI	UNKNOWN STEP	2025-10-28T00:52:57.9261270Z [36;1m    "outputs": {}[0m
Status Check - Keycloak Operator CI	UNKNOWN STEP	2025-10-28T00:52:57.9261494Z [36;1m  }[0m
Status Check - Keycloak Operator CI	UNKNOWN STEP	2025-10-28T00:52:57.9261688Z [36;1m}'[0m
Status Check - Keycloak Operator CI	UNKNOWN STEP	2025-10-28T00:52:57.9261889Z [36;1m[0m
Status Check - Keycloak Operator CI	UNKNOWN STEP	2025-10-28T00:52:57.9262103Z [36;1mecho "Job status:"[0m
Status Check - Keycloak Operator CI	UNKNOWN STEP	2025-10-28T00:52:57.9262464Z [36;1mecho $JOBS | jq -r 'to_entries[] | " - \(.key): \(.value.result)"'[0m
Status Check - Keycloak Operator CI	UNKNOWN STEP	2025-10-28T00:52:57.9262813Z [36;1m[0m
Status Check - Keycloak Operator CI	UNKNOWN STEP	2025-10-28T00:52:57.9263097Z [36;1mfor i in $(echo $JOBS | jq -r 'to_entries[] | .value.result'); do[0m
Status Check - Keycloak Operator CI	UNKNOWN STEP	2025-10-28T00:52:57.9263492Z [36;1m  if [ "$i" != "success" ] && [ "$i" != "skipped" ]; then[0m
Status Check - Keycloak Operator CI	UNKNOWN STEP	2025-10-28T00:52:57.9263798Z [36;1m    echo ""[0m
Status Check - Keycloak Operator CI	UNKNOWN STEP	2025-10-28T00:52:57.9264047Z [36;1m    echo "Status check not okay!"[0m
Status Check - Keycloak Operator CI	UNKNOWN STEP	2025-10-28T00:52:57.9264320Z [36;1m    exit 1[0m
Status Check - Keycloak Operator CI	UNKNOWN STEP	2025-10-28T00:52:57.9264527Z [36;1m  fi[0m
Status Check - Keycloak Operator CI	UNKNOWN STEP	2025-10-28T00:52:57.9264728Z [36;1mdone[0m
Status Check - Keycloak Operator CI	UNKNOWN STEP	2025-10-28T00:52:57.9302272Z shell: /usr/bin/bash --noprofile --norc -e -o pipefail {0}
Status Check - Keycloak Operator CI	UNKNOWN STEP	2025-10-28T00:52:57.9302648Z env:
Status Check - Keycloak Operator CI	UNKNOWN STEP	2025-10-28T00:52:57.9302962Z   MAVEN_ARGS: -B -nsu -Daether.connector.http.connectionMaxTtl=25
Status Check - Keycloak Operator CI	UNKNOWN STEP	2025-10-28T00:52:57.9303338Z   MINIKUBE_VERSION: v1.37.0
Status Check - Keycloak Operator CI	UNKNOWN STEP	2025-10-28T00:52:57.9303609Z   KUBERNETES_VERSION: v1.32.9
Status Check - Keycloak Operator CI	UNKNOWN STEP	2025-10-28T00:52:57.9303869Z   MINIKUBE_MEMORY: 4096
Status Check - Keycloak Operator CI	UNKNOWN STEP	2025-10-28T00:52:57.9304101Z ##[endgroup]
Status Check - Keycloak Operator CI	UNKNOWN STEP	2025-10-28T00:52:57.9373832Z Job status:
Status Check - Keycloak Operator CI	UNKNOWN STEP	2025-10-28T00:52:57.9678909Z  - conditional: success
Status Check - Keycloak Operator CI	UNKNOWN STEP	2025-10-28T00:52:57.9679495Z  - build: success
Status Check - Keycloak Operator CI	UNKNOWN STEP	2025-10-28T00:52:57.9679999Z  - test-local-apiserver: success
Status Check - Keycloak Operator CI	UNKNOWN STEP	2025-10-28T00:52:57.9680368Z  - test-remote: success
Status Check - Keycloak Operator CI	UNKNOWN STEP	2025-10-28T00:52:57.9680680Z  - test-olm: failure
Status Check - Keycloak Operator CI	UNKNOWN STEP	2025-10-28T00:52:57.9712089Z 
Status Check - Keycloak Operator CI	UNKNOWN STEP	2025-10-28T00:52:57.9712577Z Status check not okay!
Status Check - Keycloak Operator CI	UNKNOWN STEP	2025-10-28T00:52:57.9724636Z ##[error]Process completed with exit code 1.
Status Check - Keycloak Operator CI	UNKNOWN STEP	2025-10-28T00:52:57.9832411Z Post job cleanup.
Status Check - Keycloak Operator CI	UNKNOWN STEP	2025-10-28T00:52:58.0592703Z [command]/usr/bin/git version
Status Check - Keycloak Operator CI	UNKNOWN STEP	2025-10-28T00:52:58.0632606Z git version 2.51.0
Status Check - Keycloak Operator CI	UNKNOWN STEP	2025-10-28T00:52:58.0669788Z Temporarily overriding HOME='/home/runner/work/_temp/0138775c-cd7e-47c8-b465-f6801ec7347b' before making global git config changes
Status Check - Keycloak Operator CI	UNKNOWN STEP	2025-10-28T00:52:58.0670796Z Adding repository directory to the temporary git global config as a safe directory
Status Check - Keycloak Operator CI	UNKNOWN STEP	2025-10-28T00:52:58.0674995Z [command]/usr/bin/git config --global --add safe.directory /home/runner/work/keycloak/keycloak
Status Check - Keycloak Operator CI	UNKNOWN STEP	2025-10-28T00:52:58.0709492Z [command]/usr/bin/git config --local --name-only --get-regexp core\.sshCommand
Status Check - Keycloak Operator CI	UNKNOWN STEP	2025-10-28T00:52:58.0740863Z [command]/usr/bin/git submodule foreach --recursive sh -c "git config --local --name-only --get-regexp 'core\.sshCommand' && git config --local --unset-all 'core.sshCommand' || :"
Status Check - Keycloak Operator CI	UNKNOWN STEP	2025-10-28T00:52:58.0980461Z [command]/usr/bin/git config --local --name-only --get-regexp http\.https\:\/\/github\.com\/\.extraheader
Status Check - Keycloak Operator CI	UNKNOWN STEP	2025-10-28T00:52:58.1001149Z http.https://github.com/.extraheader
Status Check - Keycloak Operator CI	UNKNOWN STEP	2025-10-28T00:52:58.1010692Z [command]/usr/bin/git config --local --unset-all http.https://github.com/.extraheader
Status Check - Keycloak Operator CI	UNKNOWN STEP	2025-10-28T00:52:58.1040426Z [command]/usr/bin/git submodule foreach --recursive sh -c "git config --local --name-only --get-regexp 'http\.https\:\/\/github\.com\/\.extraheader' && git config --local --unset-all 'http.https://github.com/.extraheader' || :"
Status Check - Keycloak Operator CI	UNKNOWN STEP	2025-10-28T00:52:58.1381145Z Cleaning up orphan processes
