Test OLM installation	Arrange OLM test installation	ï»¿2026-01-30T04:44:50.5907271Z ##[group]Run echo "Minikube IP $(minikube ip)"
Test OLM installation	Arrange OLM test installation	2026-01-30T04:44:50.5907842Z [36;1mecho "Minikube IP $(minikube ip)"[0m
Test OLM installation	Arrange OLM test installation	2026-01-30T04:44:50.5908376Z [36;1meval $(minikube -p minikube docker-env)[0m
Test OLM installation	Arrange OLM test installation	2026-01-30T04:44:50.5909056Z [36;1mREGISTRY=$(minikube ip):5000 ./scripts/olm-testing.sh ${GITHUB_SHA::6}[0m
Test OLM installation	Arrange OLM test installation	2026-01-30T04:44:50.5980247Z shell: /usr/bin/bash --noprofile --norc -e -o pipefail {0}
Test OLM installation	Arrange OLM test installation	2026-01-30T04:44:50.5980880Z env:
Test OLM installation	Arrange OLM test installation	2026-01-30T04:44:50.5981401Z   MAVEN_ARGS: -B -nsu -Daether.connector.http.connectionMaxTtl=25
Test OLM installation	Arrange OLM test installation	2026-01-30T04:44:50.5982013Z   MINIKUBE_VERSION: v1.37.0
Test OLM installation	Arrange OLM test installation	2026-01-30T04:44:50.5982437Z   KUBERNETES_VERSION: v1.32.9
Test OLM installation	Arrange OLM test installation	2026-01-30T04:44:50.5982834Z   MINIKUBE_MEMORY: 4096
Test OLM installation	Arrange OLM test installation	2026-01-30T04:44:50.5983425Z   JAVA_HOME: /opt/hostedtoolcache/Java_Temurin-Hotspot_jdk/21.0.10-7/x64
Test OLM installation	Arrange OLM test installation	2026-01-30T04:44:50.5984266Z   JAVA_HOME_21_X64: /opt/hostedtoolcache/Java_Temurin-Hotspot_jdk/21.0.10-7/x64
Test OLM installation	Arrange OLM test installation	2026-01-30T04:44:50.5984971Z   MINIKUBE_HOME: /home/runner/work/_temp
Test OLM installation	Arrange OLM test installation	2026-01-30T04:44:50.5985629Z ##[endgroup]
Test OLM installation	Arrange OLM test installation	2026-01-30T04:44:50.8328039Z Minikube IP 192.168.49.2
Test OLM installation	Arrange OLM test installation	2026-01-30T04:44:51.4172509Z + UUID=4e3016
Test OLM installation	Arrange OLM test installation	2026-01-30T04:44:51.4172951Z + INSTALL_NAMESPACE=default
Test OLM installation	Arrange OLM test installation	2026-01-30T04:44:51.4173360Z + TARGET_NAMESPACES=default
Test OLM installation	Arrange OLM test installation	2026-01-30T04:44:51.4175028Z +++ dirname -- ./scripts/olm-testing.sh
Test OLM installation	Arrange OLM test installation	2026-01-30T04:44:51.4185821Z ++ cd -- ./scripts
Test OLM installation	Arrange OLM test installation	2026-01-30T04:44:51.4194423Z ++ pwd
Test OLM installation	Arrange OLM test installation	2026-01-30T04:44:51.4194962Z + SCRIPT_DIR=/home/runner/work/keycloak/keycloak/operator/scripts
Test OLM installation	Arrange OLM test installation	2026-01-30T04:44:51.4195782Z + REGISTRY=192.168.49.2:5000
Test OLM installation	Arrange OLM test installation	2026-01-30T04:44:51.4196157Z + VERSION=86400000.0.0
Test OLM installation	Arrange OLM test installation	2026-01-30T04:44:51.4196755Z + cd /home/runner/work/keycloak/keycloak/operator/scripts/../../quarkus/container
Test OLM installation	Arrange OLM test installation	2026-01-30T04:44:51.4197447Z ++ ls keycloak-999.0.0-SNAPSHOT.tar.gz
Test OLM installation	Arrange OLM test installation	2026-01-30T04:44:51.4209412Z + docker build --build-arg KEYCLOAK_DIST=keycloak-999.0.0-SNAPSHOT.tar.gz . -t 192.168.49.2:5000/4e3016keycloak:86400000.0.0
Test OLM installation	Arrange OLM test installation	2026-01-30T04:44:51.9484668Z #0 building with "default" instance using docker driver
Test OLM installation	Arrange OLM test installation	2026-01-30T04:44:51.9485335Z 
Test OLM installation	Arrange OLM test installation	2026-01-30T04:44:51.9485563Z #1 [internal] load build definition from Dockerfile
Test OLM installation	Arrange OLM test installation	2026-01-30T04:44:51.9486078Z #1 transferring dockerfile: 2.73kB done
Test OLM installation	Arrange OLM test installation	2026-01-30T04:44:51.9486477Z #1 DONE 0.0s
Test OLM installation	Arrange OLM test installation	2026-01-30T04:44:51.9486652Z 
Test OLM installation	Arrange OLM test installation	2026-01-30T04:44:51.9486982Z #2 [internal] load metadata for registry.access.redhat.com/ubi9-micro:latest
Test OLM installation	Arrange OLM test installation	2026-01-30T04:44:52.2215917Z #2 ...
Test OLM installation	Arrange OLM test installation	2026-01-30T04:44:52.2216203Z 
Test OLM installation	Arrange OLM test installation	2026-01-30T04:44:52.2216547Z #3 [internal] load metadata for registry.access.redhat.com/ubi9:latest
Test OLM installation	Arrange OLM test installation	2026-01-30T04:44:52.2217125Z #3 DONE 0.4s
Test OLM installation	Arrange OLM test installation	2026-01-30T04:44:52.3265029Z 
Test OLM installation	Arrange OLM test installation	2026-01-30T04:44:52.3265838Z #2 [internal] load metadata for registry.access.redhat.com/ubi9-micro:latest
Test OLM installation	Arrange OLM test installation	2026-01-30T04:44:52.3266539Z #2 DONE 0.5s
Test OLM installation	Arrange OLM test installation	2026-01-30T04:44:52.3266730Z 
Test OLM installation	Arrange OLM test installation	2026-01-30T04:44:52.3266891Z #4 [internal] load .dockerignore
Test OLM installation	Arrange OLM test installation	2026-01-30T04:44:52.3267314Z #4 transferring context: 2B done
Test OLM installation	Arrange OLM test installation	2026-01-30T04:44:52.3267703Z #4 DONE 0.0s
Test OLM installation	Arrange OLM test installation	2026-01-30T04:44:52.3267887Z 
Test OLM installation	Arrange OLM test installation	2026-01-30T04:44:52.3268047Z #5 [internal] load build context
Test OLM installation	Arrange OLM test installation	2026-01-30T04:44:52.3269183Z #5 DONE 0.0s
Test OLM installation	Arrange OLM test installation	2026-01-30T04:44:52.3269397Z 
Test OLM installation	Arrange OLM test installation	2026-01-30T04:44:52.3270151Z #6 [stage-1 1/4] FROM registry.access.redhat.com/ubi9-micro:latest@sha256:e9765516d74cafded50d8ef593331eeca2ef6eababdda118e5297898d99b7433
Test OLM installation	Arrange OLM test installation	2026-01-30T04:44:52.3271837Z #6 resolve registry.access.redhat.com/ubi9-micro:latest@sha256:e9765516d74cafded50d8ef593331eeca2ef6eababdda118e5297898d99b7433 0.0s done
Test OLM installation	Arrange OLM test installation	2026-01-30T04:44:52.4281269Z #6 sha256:e9765516d74cafded50d8ef593331eeca2ef6eababdda118e5297898d99b7433 970B / 970B done
Test OLM installation	Arrange OLM test installation	2026-01-30T04:44:52.4282486Z #6 sha256:e07e42e9fa650458e8a94d6ff19542a965e5036a8bdce72946e23e888e60201b 428B / 428B done
Test OLM installation	Arrange OLM test installation	2026-01-30T04:44:52.4283602Z #6 sha256:84cf4e6864a9db4885ce018c997be49c775ee35907679951facaf8cfa132b136 5.35kB / 5.35kB done
Test OLM installation	Arrange OLM test installation	2026-01-30T04:44:52.4284734Z #6 sha256:07dad54395c5924cebdcf7176bcbbf4962913ea01e4772b713492dc67cbe41a0 0B / 7.27MB 0.1s
Test OLM installation	Arrange OLM test installation	2026-01-30T04:44:52.5310204Z #6 sha256:07dad54395c5924cebdcf7176bcbbf4962913ea01e4772b713492dc67cbe41a0 2.10MB / 7.27MB 0.2s
Test OLM installation	Arrange OLM test installation	2026-01-30T04:44:52.6312980Z #6 sha256:07dad54395c5924cebdcf7176bcbbf4962913ea01e4772b713492dc67cbe41a0 7.27MB / 7.27MB 0.3s done
Test OLM installation	Arrange OLM test installation	2026-01-30T04:44:52.6314853Z #6 extracting sha256:07dad54395c5924cebdcf7176bcbbf4962913ea01e4772b713492dc67cbe41a0
Test OLM installation	Arrange OLM test installation	2026-01-30T04:44:53.1442066Z #6 extracting sha256:07dad54395c5924cebdcf7176bcbbf4962913ea01e4772b713492dc67cbe41a0 0.5s done
Test OLM installation	Arrange OLM test installation	2026-01-30T04:44:53.3313176Z #6 DONE 0.9s
Test OLM installation	Arrange OLM test installation	2026-01-30T04:44:53.3313489Z 
Test OLM installation	Arrange OLM test installation	2026-01-30T04:44:53.3314321Z #7 [ubi-micro-build 1/8] FROM registry.access.redhat.com/ubi9:latest@sha256:c8df11b65b18fcf384d5b7fa53e2a92f381a2d9ad78b9de41dc6f2aa161a0e04
Test OLM installation	Arrange OLM test installation	2026-01-30T04:44:53.3316190Z #7 resolve registry.access.redhat.com/ubi9:latest@sha256:c8df11b65b18fcf384d5b7fa53e2a92f381a2d9ad78b9de41dc6f2aa161a0e04 0.0s done
Test OLM installation	Arrange OLM test installation	2026-01-30T04:44:53.3317567Z #7 sha256:c8df11b65b18fcf384d5b7fa53e2a92f381a2d9ad78b9de41dc6f2aa161a0e04 970B / 970B done
Test OLM installation	Arrange OLM test installation	2026-01-30T04:44:53.3318687Z #7 sha256:a3fb564e8be461d5bf8344996eb3ef6eb24a4b8c9333053fe4f3e782657591d3 429B / 429B done
Test OLM installation	Arrange OLM test installation	2026-01-30T04:44:53.3319854Z #7 sha256:e89dd380e2cf454886aea13596b4c6ab3e21e5b238ef9773db86b828d0215804 6.33kB / 6.33kB done
Test OLM installation	Arrange OLM test installation	2026-01-30T04:44:53.3321070Z #7 sha256:ed05ec7380a9ee435dfa899685fe7c2d7ac9c107c0a0c266a72521d623ef15e1 69.21MB / 79.98MB 1.0s
Test OLM installation	Arrange OLM test installation	2026-01-30T04:44:53.4581296Z #7 ...
Test OLM installation	Arrange OLM test installation	2026-01-30T04:44:53.4582330Z 
Test OLM installation	Arrange OLM test installation	2026-01-30T04:44:53.4582462Z #5 [internal] load build context
Test OLM installation	Arrange OLM test installation	2026-01-30T04:44:53.4582804Z #5 transferring context: 166.72MB 1.1s done
Test OLM installation	Arrange OLM test installation	2026-01-30T04:44:53.4583109Z #5 DONE 1.1s
Test OLM installation	Arrange OLM test installation	2026-01-30T04:44:53.4583237Z 
Test OLM installation	Arrange OLM test installation	2026-01-30T04:44:53.4583890Z #7 [ubi-micro-build 1/8] FROM registry.access.redhat.com/ubi9:latest@sha256:c8df11b65b18fcf384d5b7fa53e2a92f381a2d9ad78b9de41dc6f2aa161a0e04
Test OLM installation	Arrange OLM test installation	2026-01-30T04:44:53.4585629Z #7 sha256:ed05ec7380a9ee435dfa899685fe7c2d7ac9c107c0a0c266a72521d623ef15e1 79.98MB / 79.98MB 1.1s done
Test OLM installation	Arrange OLM test installation	2026-01-30T04:44:53.4586768Z #7 extracting sha256:ed05ec7380a9ee435dfa899685fe7c2d7ac9c107c0a0c266a72521d623ef15e1
Test OLM installation	Arrange OLM test installation	2026-01-30T04:44:58.5610984Z #7 extracting sha256:ed05ec7380a9ee435dfa899685fe7c2d7ac9c107c0a0c266a72521d623ef15e1 5.1s
Test OLM installation	Arrange OLM test installation	2026-01-30T04:44:58.7833535Z #7 extracting sha256:ed05ec7380a9ee435dfa899685fe7c2d7ac9c107c0a0c266a72521d623ef15e1 5.3s done
Test OLM installation	Arrange OLM test installation	2026-01-30T04:44:58.9725837Z #7 DONE 6.5s
Test OLM installation	Arrange OLM test installation	2026-01-30T04:44:58.9726133Z 
Test OLM installation	Arrange OLM test installation	2026-01-30T04:44:58.9726400Z #8 [ubi-micro-build 2/8] RUN dnf install -y tar gzip
Test OLM installation	Arrange OLM test installation	2026-01-30T04:44:59.3608846Z #8 0.539 Updating Subscription Management repositories.
Test OLM installation	Arrange OLM test installation	2026-01-30T04:44:59.5151196Z #8 0.539 Unable to read consumer identity
Test OLM installation	Arrange OLM test installation	2026-01-30T04:44:59.5151572Z #8 0.543 
Test OLM installation	Arrange OLM test installation	2026-01-30T04:44:59.5152013Z #8 0.543 This system is not registered with an entitlement server. You can use subscription-manager to register.
Test OLM installation	Arrange OLM test installation	2026-01-30T04:44:59.5152487Z #8 0.543 
Test OLM installation	Arrange OLM test installation	2026-01-30T04:44:59.5779445Z #8 0.755 Red Hat Universal Base Image 9 (RPMs) - BaseOS  2.9 MB/s | 533 kB     00:00    
Test OLM installation	Arrange OLM test installation	2026-01-30T04:44:59.7874060Z #8 0.965 Red Hat Universal Base Image 9 (RPMs) - AppStre  20 MB/s | 2.6 MB     00:00    
Test OLM installation	Arrange OLM test installation	2026-01-30T04:45:00.2837820Z #8 1.462 Red Hat Universal Base Image 9 (RPMs) - CodeRea 3.2 MB/s | 288 kB     00:00    
Test OLM installation	Arrange OLM test installation	2026-01-30T04:45:00.4140215Z #8 1.592 Package tar-2:1.34-9.el9_7.x86_64 is already installed.
Test OLM installation	Arrange OLM test installation	2026-01-30T04:45:00.6631633Z #8 1.592 Package gzip-1.12-1.el9.x86_64 is already installed.
Test OLM installation	Arrange OLM test installation	2026-01-30T04:45:00.6634370Z #8 1.605 Dependencies resolved.
Test OLM installation	Arrange OLM test installation	2026-01-30T04:45:00.6634814Z #8 1.606 Nothing to do.
Test OLM installation	Arrange OLM test installation	2026-01-30T04:45:00.6635382Z #8 1.606 Complete!
Test OLM installation	Arrange OLM test installation	2026-01-30T04:45:00.6635723Z #8 DONE 1.7s
Test OLM installation	Arrange OLM test installation	2026-01-30T04:45:00.6635919Z 
Test OLM installation	Arrange OLM test installation	2026-01-30T04:45:00.6636255Z #9 [ubi-micro-build 3/8] ADD keycloak-999.0.0-SNAPSHOT.tar.gz /tmp/keycloak/
Test OLM installation	Arrange OLM test installation	2026-01-30T04:45:01.5117189Z #9 DONE 1.0s
Test OLM installation	Arrange OLM test installation	2026-01-30T04:45:01.6199511Z 
Test OLM installation	Arrange OLM test installation	2026-01-30T04:45:01.6201931Z #10 [ubi-micro-build 4/8] RUN (cd /tmp/keycloak &&     tar -xvf /tmp/keycloak/keycloak-*.tar.gz &&     rm /tmp/keycloak/keycloak-*.tar.gz) || true
Test OLM installation	Arrange OLM test installation	2026-01-30T04:45:01.6203499Z #10 0.108 tar: /tmp/keycloak/keycloak-*.tar.gz: Cannot open: No such file or directory
Test OLM installation	Arrange OLM test installation	2026-01-30T04:45:01.6204311Z #10 0.108 tar: Error is not recoverable: exiting now
Test OLM installation	Arrange OLM test installation	2026-01-30T04:45:01.7404661Z #10 DONE 0.1s
Test OLM installation	Arrange OLM test installation	2026-01-30T04:45:01.7404979Z 
Test OLM installation	Arrange OLM test installation	2026-01-30T04:45:01.7409011Z #11 [ubi-micro-build 5/8] RUN mv /tmp/keycloak/keycloak-* /opt/keycloak && mkdir -p /opt/keycloak/data
Test OLM installation	Arrange OLM test installation	2026-01-30T04:45:01.7409868Z #11 DONE 0.1s
Test OLM installation	Arrange OLM test installation	2026-01-30T04:45:01.8919588Z 
Test OLM installation	Arrange OLM test installation	2026-01-30T04:45:01.8920012Z #12 [ubi-micro-build 6/8] RUN chmod -R g+rwX /opt/keycloak
Test OLM installation	Arrange OLM test installation	2026-01-30T04:45:02.3221183Z #12 DONE 0.6s
Test OLM installation	Arrange OLM test installation	2026-01-30T04:45:02.4550537Z 
Test OLM installation	Arrange OLM test installation	2026-01-30T04:45:02.4551108Z #13 [ubi-micro-build 7/8] ADD ubi-null.sh /tmp/
Test OLM installation	Arrange OLM test installation	2026-01-30T04:45:02.4551670Z #13 DONE 0.0s
Test OLM installation	Arrange OLM test installation	2026-01-30T04:45:02.4551863Z 
Test OLM installation	Arrange OLM test installation	2026-01-30T04:45:02.4552380Z #14 [ubi-micro-build 8/8] RUN bash /tmp/ubi-null.sh java-21-openjdk-headless glibc-langpack-en findutils
Test OLM installation	Arrange OLM test installation	2026-01-30T04:45:02.4553062Z #14 0.118 ==> Installing packages into chroot
Test OLM installation	Arrange OLM test installation	2026-01-30T04:45:02.4553568Z #14 0.118 + dnf install -y findutils diffutils
Test OLM installation	Arrange OLM test installation	2026-01-30T04:45:02.7020750Z #14 0.365 Updating Subscription Management repositories.
Test OLM installation	Arrange OLM test installation	2026-01-30T04:45:02.8677553Z #14 0.366 Unable to read consumer identity
Test OLM installation	Arrange OLM test installation	2026-01-30T04:45:02.8678277Z #14 0.369 
Test OLM installation	Arrange OLM test installation	2026-01-30T04:45:02.8679017Z #14 0.369 This system is not registered with an entitlement server. You can use subscription-manager to register.
Test OLM installation	Arrange OLM test installation	2026-01-30T04:45:02.8679863Z #14 0.369 
Test OLM installation	Arrange OLM test installation	2026-01-30T04:45:02.8680255Z #14 0.407 Last metadata expiration check: 0:00:02 ago on Fri Jan 30 04:45:00 2026.
Test OLM installation	Arrange OLM test installation	2026-01-30T04:45:02.8680862Z #14 0.430 Package findutils-1:4.8.0-7.el9.x86_64 is already installed.
Test OLM installation	Arrange OLM test installation	2026-01-30T04:45:02.8681316Z #14 0.443 Dependencies resolved.
Test OLM installation	Arrange OLM test installation	2026-01-30T04:45:02.8681686Z #14 0.443 ================================================================================
Test OLM installation	Arrange OLM test installation	2026-01-30T04:45:02.8682259Z #14 0.443  Package         Architecture Version             Repository               Size
Test OLM installation	Arrange OLM test installation	2026-01-30T04:45:02.8683110Z #14 0.443 ================================================================================
Test OLM installation	Arrange OLM test installation	2026-01-30T04:45:02.8683787Z #14 0.443 Installing:
Test OLM installation	Arrange OLM test installation	2026-01-30T04:45:02.8684618Z #14 0.443  diffutils       x86_64       3.7-12.el9          ubi-9-baseos-rpms       402 k
Test OLM installation	Arrange OLM test installation	2026-01-30T04:45:02.8685652Z #14 0.443 
Test OLM installation	Arrange OLM test installation	2026-01-30T04:45:02.8686044Z #14 0.443 Transaction Summary
Test OLM installation	Arrange OLM test installation	2026-01-30T04:45:02.8686654Z #14 0.443 ================================================================================
Test OLM installation	Arrange OLM test installation	2026-01-30T04:45:02.8687324Z #14 0.443 Install  1 Package
Test OLM installation	Arrange OLM test installation	2026-01-30T04:45:02.8687776Z #14 0.443 
Test OLM installation	Arrange OLM test installation	2026-01-30T04:45:02.8688141Z #14 0.444 Total download size: 402 k
Test OLM installation	Arrange OLM test installation	2026-01-30T04:45:02.8688668Z #14 0.444 Installed size: 1.4 M
Test OLM installation	Arrange OLM test installation	2026-01-30T04:45:02.8689122Z #14 0.444 Downloading Packages:
Test OLM installation	Arrange OLM test installation	2026-01-30T04:45:02.8689759Z #14 0.531 diffutils-3.7-12.el9.x86_64.rpm                 4.6 MB/s | 402 kB     00:00    
Test OLM installation	Arrange OLM test installation	2026-01-30T04:45:02.9773330Z #14 0.532 --------------------------------------------------------------------------------
Test OLM installation	Arrange OLM test installation	2026-01-30T04:45:02.9774459Z #14 0.532 Total                                           4.5 MB/s | 402 kB     00:00     
Test OLM installation	Arrange OLM test installation	2026-01-30T04:45:02.9775517Z #14 0.544 Running transaction check
Test OLM installation	Arrange OLM test installation	2026-01-30T04:45:02.9775935Z #14 0.548 Transaction check succeeded.
Test OLM installation	Arrange OLM test installation	2026-01-30T04:45:02.9776332Z #14 0.548 Running transaction test
Test OLM installation	Arrange OLM test installation	2026-01-30T04:45:02.9777083Z #14 0.574 Transaction test succeeded.
Test OLM installation	Arrange OLM test installation	2026-01-30T04:45:02.9777460Z #14 0.574 Running transaction
Test OLM installation	Arrange OLM test installation	2026-01-30T04:45:02.9777933Z #14 0.598   Preparing        :                                                        1/1 
Test OLM installation	Arrange OLM test installation	2026-01-30T04:45:02.9778634Z #14 0.631   Installing       : diffutils-3.7-12.el9.x86_64                            1/1 
Test OLM installation	Arrange OLM test installation	2026-01-30T04:45:03.1153791Z #14 0.641   Running scriptlet: diffutils-3.7-12.el9.x86_64                            1/1 
Test OLM installation	Arrange OLM test installation	2026-01-30T04:45:03.1154545Z #14 0.677   Verifying        : diffutils-3.7-12.el9.x86_64                            1/1 
Test OLM installation	Arrange OLM test installation	2026-01-30T04:45:03.1155008Z #14 0.702 Installed products updated.
Test OLM installation	Arrange OLM test installation	2026-01-30T04:45:03.1155549Z #14 0.730 
Test OLM installation	Arrange OLM test installation	2026-01-30T04:45:03.1155790Z #14 0.730 Installed:
Test OLM installation	Arrange OLM test installation	2026-01-30T04:45:03.1156134Z #14 0.730   diffutils-3.7-12.el9.x86_64                                                   
Test OLM installation	Arrange OLM test installation	2026-01-30T04:45:03.1156652Z #14 0.730 
Test OLM installation	Arrange OLM test installation	2026-01-30T04:45:03.1156873Z #14 0.730 Complete!
Test OLM installation	Arrange OLM test installation	2026-01-30T04:45:03.1157119Z #14 0.778 ++ realpath rootfs
Test OLM installation	Arrange OLM test installation	2026-01-30T04:45:03.2692348Z #14 0.780 + rootfs=/tmp/null/rootfs
Test OLM installation	Arrange OLM test installation	2026-01-30T04:45:03.2692981Z #14 0.780 + mkdir -p /tmp/null/rootfs
Test OLM installation	Arrange OLM test installation	2026-01-30T04:45:03.2693781Z #14 0.782 + xargs dnf install -y --installroot /tmp/null/rootfs --releasever 9 --setopt install_weak_deps=false --nodocs
Test OLM installation	Arrange OLM test installation	2026-01-30T04:45:03.3543581Z #14 1.017 Updating Subscription Management repositories.
Test OLM installation	Arrange OLM test installation	2026-01-30T04:45:03.4802617Z #14 1.018 Unable to read consumer identity
Test OLM installation	Arrange OLM test installation	2026-01-30T04:45:03.4803195Z #14 1.019 
Test OLM installation	Arrange OLM test installation	2026-01-30T04:45:03.4803999Z #14 1.019 This system is not registered with an entitlement server. You can use subscription-manager to register.
Test OLM installation	Arrange OLM test installation	2026-01-30T04:45:03.4804710Z #14 1.019 
Test OLM installation	Arrange OLM test installation	2026-01-30T04:45:03.4805128Z #14 1.143 Red Hat Universal Base Image 9 (RPMs) - BaseOS  5.0 MB/s | 533 kB     00:00    
Test OLM installation	Arrange OLM test installation	2026-01-30T04:45:03.7049121Z #14 1.368 Red Hat Universal Base Image 9 (RPMs) - AppStre  18 MB/s | 2.6 MB     00:00    
Test OLM installation	Arrange OLM test installation	2026-01-30T04:45:04.2255903Z #14 1.889 Red Hat Universal Base Image 9 (RPMs) - CodeRea 3.0 MB/s | 288 kB     00:00    
Test OLM installation	Arrange OLM test installation	2026-01-30T04:45:04.3676335Z #14 2.031 Dependencies resolved.
Test OLM installation	Arrange OLM test installation	2026-01-30T04:45:04.4678149Z #14 2.036 ===========================================================================================
Test OLM installation	Arrange OLM test installation	2026-01-30T04:45:04.4679078Z #14 2.036  Package                    Arch    Version                     Repository             Size
Test OLM installation	Arrange OLM test installation	2026-01-30T04:45:04.4679881Z #14 2.036 ===========================================================================================
Test OLM installation	Arrange OLM test installation	2026-01-30T04:45:04.4680419Z #14 2.036 Installing:
Test OLM installation	Arrange OLM test installation	2026-01-30T04:45:04.4680961Z #14 2.036  bash                       x86_64  5.1.8-9.el9                 ubi-9-baseos-rpms     1.7 M
Test OLM installation	Arrange OLM test installation	2026-01-30T04:45:04.4681818Z #14 2.036  coreutils-single           x86_64  8.32-39.el9                 ubi-9-baseos-rpms     625 k
Test OLM installation	Arrange OLM test installation	2026-01-30T04:45:04.4682731Z #14 2.036  findutils                  x86_64  1:4.8.0-7.el9               ubi-9-baseos-rpms     550 k
Test OLM installation	Arrange OLM test installation	2026-01-30T04:45:04.4683638Z #14 2.036  glibc-langpack-en          x86_64  2.34-231.el9_7.2            ubi-9-baseos-rpms     660 k
Test OLM installation	Arrange OLM test installation	2026-01-30T04:45:04.4684671Z #14 2.036  java-21-openjdk-headless   x86_64  1:21.0.10.0.7-1.el9         ubi-9-appstream-rpms   49 M
Test OLM installation	Arrange OLM test installation	2026-01-30T04:45:04.4685652Z #14 2.036 Installing dependencies:
Test OLM installation	Arrange OLM test installation	2026-01-30T04:45:04.4686286Z #14 2.036  alsa-lib                   x86_64  1.2.14-1.el9                ubi-9-appstream-rpms  529 k
Test OLM installation	Arrange OLM test installation	2026-01-30T04:45:04.4687159Z #14 2.036  alternatives               x86_64  1.24-2.el9                  ubi-9-baseos-rpms      42 k
Test OLM installation	Arrange OLM test installation	2026-01-30T04:45:04.4688035Z #14 2.036  avahi-libs                 x86_64  0.8-23.el9                  ubi-9-baseos-rpms      67 k
Test OLM installation	Arrange OLM test installation	2026-01-30T04:45:04.4688924Z #14 2.036  basesystem                 noarch  11-13.el9                   ubi-9-baseos-rpms     8.0 k
Test OLM installation	Arrange OLM test installation	2026-01-30T04:45:04.4689794Z #14 2.036  bzip2-libs                 x86_64  1.0.8-10.el9_5              ubi-9-baseos-rpms      42 k
Test OLM installation	Arrange OLM test installation	2026-01-30T04:45:04.4691109Z #14 2.036  ca-certificates            noarch  2025.2.80_v9.0.305-91.el9   ubi-9-baseos-rpms     1.0 M
Test OLM installation	Arrange OLM test installation	2026-01-30T04:45:04.4692964Z #14 2.036  copy-jdk-configs           noarch  4.0-3.el9                   ubi-9-appstream-rpms   29 k
Test OLM installation	Arrange OLM test installation	2026-01-30T04:45:04.4694312Z #14 2.036  crypto-policies            noarch  20250905-1.git377cc42.el9_7 ubi-9-baseos-rpms      90 k
Test OLM installation	Arrange OLM test installation	2026-01-30T04:45:04.4695729Z #14 2.036  crypto-policies-scripts    noarch  20250905-1.git377cc42.el9_7 ubi-9-baseos-rpms     102 k
Test OLM installation	Arrange OLM test installation	2026-01-30T04:45:04.4696750Z #14 2.036  cups-libs                  x86_64  1:2.3.3op2-34.el9_7.2       ubi-9-baseos-rpms     260 k
Test OLM installation	Arrange OLM test installation	2026-01-30T04:45:04.4697627Z #14 2.036  dbus-libs                  x86_64  1:1.12.20-8.el9             ubi-9-baseos-rpms     154 k
Test OLM installation	Arrange OLM test installation	2026-01-30T04:45:04.4698531Z #14 2.036  expat                      x86_64  2.5.0-5.el9_7.1             ubi-9-baseos-rpms     117 k
Test OLM installation	Arrange OLM test installation	2026-01-30T04:45:04.4699390Z #14 2.036  filesystem                 x86_64  3.16-5.el9                  ubi-9-baseos-rpms     4.8 M
Test OLM installation	Arrange OLM test installation	2026-01-30T04:45:04.4700219Z #14 2.036  gawk                       x86_64  5.1.0-6.el9                 ubi-9-baseos-rpms     1.0 M
Test OLM installation	Arrange OLM test installation	2026-01-30T04:45:04.4701054Z #14 2.036  gdbm-libs                  x86_64  1:1.23-1.el9                ubi-9-baseos-rpms      59 k
Test OLM installation	Arrange OLM test installation	2026-01-30T04:45:04.4702219Z #14 2.036  glibc                      x86_64  2.34-231.el9_7.2            ubi-9-baseos-rpms     2.0 M
Test OLM installation	Arrange OLM test installation	2026-01-30T04:45:04.4703097Z #14 2.036  glibc-common               x86_64  2.34-231.el9_7.2            ubi-9-baseos-rpms     306 k
Test OLM installation	Arrange OLM test installation	2026-01-30T04:45:04.4703938Z #14 2.036  gmp                        x86_64  1:6.2.0-13.el9              ubi-9-baseos-rpms     319 k
Test OLM installation	Arrange OLM test installation	2026-01-30T04:45:04.4704759Z #14 2.036  gnutls                     x86_64  3.8.3-9.el9                 ubi-9-baseos-rpms     1.1 M
Test OLM installation	Arrange OLM test installation	2026-01-30T04:45:04.4706046Z #14 2.036  grep                       x86_64  3.6-5.el9                   ubi-9-baseos-rpms     273 k
Test OLM installation	Arrange OLM test installation	2026-01-30T04:45:04.4707357Z #14 2.036  javapackages-filesystem    noarch  6.4.0-1.el9                 ubi-9-appstream-rpms   17 k
Test OLM installation	Arrange OLM test installation	2026-01-30T04:45:04.4708443Z #14 2.036  keyutils-libs              x86_64  1.6.3-1.el9                 ubi-9-baseos-rpms      34 k
Test OLM installation	Arrange OLM test installation	2026-01-30T04:45:04.4709544Z #14 2.036  krb5-libs                  x86_64  1.21.1-8.el9_6              ubi-9-baseos-rpms     766 k
Test OLM installation	Arrange OLM test installation	2026-01-30T04:45:04.4710321Z #14 2.036  libacl                     x86_64  2.3.1-4.el9                 ubi-9-baseos-rpms      24 k
Test OLM installation	Arrange OLM test installation	2026-01-30T04:45:04.4711083Z #14 2.036  libattr                    x86_64  2.5.1-3.el9                 ubi-9-baseos-rpms      20 k
Test OLM installation	Arrange OLM test installation	2026-01-30T04:45:04.4711841Z #14 2.036  libcap                     x86_64  2.48-10.el9                 ubi-9-baseos-rpms      70 k
Test OLM installation	Arrange OLM test installation	2026-01-30T04:45:04.4712606Z #14 2.036  libcom_err                 x86_64  1.46.5-8.el9                ubi-9-baseos-rpms      26 k
Test OLM installation	Arrange OLM test installation	2026-01-30T04:45:04.4713385Z #14 2.036  libevent                   x86_64  2.1.12-8.el9_4              ubi-9-baseos-rpms     266 k
Test OLM installation	Arrange OLM test installation	2026-01-30T04:45:04.4714148Z #14 2.036  libffi                     x86_64  3.4.2-8.el9                 ubi-9-baseos-rpms      40 k
Test OLM installation	Arrange OLM test installation	2026-01-30T04:45:04.4714890Z #14 2.036  libgcc                     x86_64  11.5.0-11.el9               ubi-9-baseos-rpms      85 k
Test OLM installation	Arrange OLM test installation	2026-01-30T04:45:04.4715826Z #14 2.036  libgcrypt                  x86_64  1.10.0-11.el9               ubi-9-baseos-rpms     510 k
Test OLM installation	Arrange OLM test installation	2026-01-30T04:45:04.4716620Z #14 2.036  libgpg-error               x86_64  1.42-5.el9                  ubi-9-baseos-rpms     220 k
Test OLM installation	Arrange OLM test installation	2026-01-30T04:45:04.4717402Z #14 2.036  libidn2                    x86_64  2.3.0-7.el9                 ubi-9-baseos-rpms     105 k
Test OLM installation	Arrange OLM test installation	2026-01-30T04:45:04.4718167Z #14 2.036  libselinux                 x86_64  3.6-3.el9                   ubi-9-baseos-rpms      88 k
Test OLM installation	Arrange OLM test installation	2026-01-30T04:45:04.4718937Z #14 2.036  libsepol                   x86_64  3.6-3.el9                   ubi-9-baseos-rpms     331 k
Test OLM installation	Arrange OLM test installation	2026-01-30T04:45:04.4719731Z #14 2.036  libsigsegv                 x86_64  2.13-4.el9                  ubi-9-baseos-rpms      30 k
Test OLM installation	Arrange OLM test installation	2026-01-30T04:45:04.4720614Z #14 2.036  libtasn1                   x86_64  4.16.0-9.el9                ubi-9-baseos-rpms      77 k
Test OLM installation	Arrange OLM test installation	2026-01-30T04:45:04.4721487Z #14 2.036  libunistring               x86_64  0.9.10-15.el9               ubi-9-baseos-rpms     499 k
Test OLM installation	Arrange OLM test installation	2026-01-30T04:45:04.4722677Z #14 2.036  libuuid                    x86_64  2.37.4-21.el9               ubi-9-baseos-rpms      30 k
Test OLM installation	Arrange OLM test installation	2026-01-30T04:45:04.4723538Z #14 2.036  libverto                   x86_64  0.3.2-3.el9                 ubi-9-baseos-rpms      24 k
Test OLM installation	Arrange OLM test installation	2026-01-30T04:45:04.4724386Z #14 2.036  libxcrypt                  x86_64  4.4.18-3.el9                ubi-9-baseos-rpms     120 k
Test OLM installation	Arrange OLM test installation	2026-01-30T04:45:04.4725436Z #14 2.036  libzstd                    x86_64  1.5.5-1.el9                 ubi-9-baseos-rpms     297 k
Test OLM installation	Arrange OLM test installation	2026-01-30T04:45:04.4726313Z #14 2.036  lksctp-tools               x86_64  1.0.19-3.el9_4              ubi-9-baseos-rpms     104 k
Test OLM installation	Arrange OLM test installation	2026-01-30T04:45:04.4727159Z #14 2.036  lua                        x86_64  5.4.4-4.el9                 ubi-9-appstream-rpms  192 k
Test OLM installation	Arrange OLM test installation	2026-01-30T04:45:04.4727965Z #14 2.036  lua-libs                   x86_64  5.4.4-4.el9                 ubi-9-baseos-rpms     132 k
Test OLM installation	Arrange OLM test installation	2026-01-30T04:45:04.4728819Z #14 2.036  lua-posix                  x86_64  35.0-8.el9                  ubi-9-appstream-rpms  155 k
Test OLM installation	Arrange OLM test installation	2026-01-30T04:45:04.4729890Z #14 2.036  lz4-libs                   x86_64  1.9.3-5.el9                 ubi-9-baseos-rpms      69 k
Test OLM installation	Arrange OLM test installation	2026-01-30T04:45:04.4730715Z #14 2.036  mpfr                       x86_64  4.1.0-7.el9                 ubi-9-baseos-rpms     329 k
Test OLM installation	Arrange OLM test installation	2026-01-30T04:45:04.4731576Z #14 2.036  ncurses-base               noarch  6.2-12.20210508.el9         ubi-9-baseos-rpms      96 k
Test OLM installation	Arrange OLM test installation	2026-01-30T04:45:04.4732500Z #14 2.036  ncurses-libs               x86_64  6.2-12.20210508.el9         ubi-9-baseos-rpms     328 k
Test OLM installation	Arrange OLM test installation	2026-01-30T04:45:04.4733349Z #14 2.036  nettle                     x86_64  3.10.1-1.el9                ubi-9-baseos-rpms     568 k
Test OLM installation	Arrange OLM test installation	2026-01-30T04:45:04.4734161Z #14 2.036  nspr                       x86_64  4.36.0-4.el9_4              ubi-9-appstream-rpms  133 k
Test OLM installation	Arrange OLM test installation	2026-01-30T04:45:04.4734970Z #14 2.036  nss                        x86_64  3.112.0-4.el9_4             ubi-9-appstream-rpms  723 k
Test OLM installation	Arrange OLM test installation	2026-01-30T04:45:04.4736164Z #14 2.036  nss-softokn                x86_64  3.112.0-4.el9_4             ubi-9-appstream-rpms  400 k
Test OLM installation	Arrange OLM test installation	2026-01-30T04:45:04.4737096Z #14 2.036  nss-softokn-freebl         x86_64  3.112.0-4.el9_4             ubi-9-appstream-rpms  413 k
Test OLM installation	Arrange OLM test installation	2026-01-30T04:45:04.4738127Z #14 2.036  nss-sysinit                x86_64  3.112.0-4.el9_4             ubi-9-appstream-rpms   18 k
Test OLM installation	Arrange OLM test installation	2026-01-30T04:45:04.4739049Z #14 2.036  nss-util                   x86_64  3.112.0-4.el9_4             ubi-9-appstream-rpms   89 k
Test OLM installation	Arrange OLM test installation	2026-01-30T04:45:04.4739970Z #14 2.036  openssl-fips-provider      x86_64  3.0.7-8.el9                 ubi-9-baseos-rpms     9.2 k
Test OLM installation	Arrange OLM test installation	2026-01-30T04:45:04.4740962Z #14 2.036  openssl-fips-provider-so   x86_64  3.0.7-8.el9                 ubi-9-baseos-rpms     576 k
Test OLM installation	Arrange OLM test installation	2026-01-30T04:45:04.4741912Z #14 2.036  openssl-libs               x86_64  1:3.5.1-7.el9_7             ubi-9-baseos-rpms     2.3 M
Test OLM installation	Arrange OLM test installation	2026-01-30T04:45:04.4742781Z #14 2.036  p11-kit                    x86_64  0.25.3-3.el9_5              ubi-9-baseos-rpms     536 k
Test OLM installation	Arrange OLM test installation	2026-01-30T04:45:04.4743651Z #14 2.036  p11-kit-trust              x86_64  0.25.3-3.el9_5              ubi-9-baseos-rpms     144 k
Test OLM installation	Arrange OLM test installation	2026-01-30T04:45:04.4744497Z #14 2.036  pcre                       x86_64  8.44-4.el9                  ubi-9-baseos-rpms     200 k
Test OLM installation	Arrange OLM test installation	2026-01-30T04:45:04.4745457Z #14 2.036  pcre2                      x86_64  10.40-6.el9                 ubi-9-baseos-rpms     236 k
Test OLM installation	Arrange OLM test installation	2026-01-30T04:45:04.4746329Z #14 2.036  pcre2-syntax               noarch  10.40-6.el9                 ubi-9-baseos-rpms     144 k
Test OLM installation	Arrange OLM test installation	2026-01-30T04:45:04.4747188Z #14 2.036  python3                    x86_64  3.9.25-3.el9_7              ubi-9-baseos-rpms      32 k
Test OLM installation	Arrange OLM test installation	2026-01-30T04:45:04.4748049Z #14 2.036  python3-libs               x86_64  3.9.25-3.el9_7              ubi-9-baseos-rpms     8.1 M
Test OLM installation	Arrange OLM test installation	2026-01-30T04:45:04.4748970Z #14 2.036  python3-pip-wheel          noarch  21.3.1-1.el9                ubi-9-baseos-rpms     1.1 M
Test OLM installation	Arrange OLM test installation	2026-01-30T04:45:04.4749976Z #14 2.036  python3-setuptools-wheel   noarch  53.0.0-15.el9               ubi-9-baseos-rpms     468 k
Test OLM installation	Arrange OLM test installation	2026-01-30T04:45:04.4751153Z #14 2.036  readline                   x86_64  8.1-4.el9                   ubi-9-baseos-rpms     215 k
Test OLM installation	Arrange OLM test installation	2026-01-30T04:45:04.4752219Z #14 2.036  redhat-release             x86_64  9.7-0.7.el9                 ubi-9-baseos-rpms      53 k
Test OLM installation	Arrange OLM test installation	2026-01-30T04:45:04.4753057Z #14 2.036  sed                        x86_64  4.8-9.el9                   ubi-9-baseos-rpms     309 k
Test OLM installation	Arrange OLM test installation	2026-01-30T04:45:04.4753865Z #14 2.036  setup                      noarch  2.13.7-10.el9               ubi-9-baseos-rpms     150 k
Test OLM installation	Arrange OLM test installation	2026-01-30T04:45:04.4754714Z #14 2.036  sqlite-libs                x86_64  3.34.1-9.el9_7              ubi-9-baseos-rpms     642 k
Test OLM installation	Arrange OLM test installation	2026-01-30T04:45:04.4755770Z #14 2.036  systemd-libs               x86_64  252-55.el9_7.7              ubi-9-baseos-rpms     676 k
Test OLM installation	Arrange OLM test installation	2026-01-30T04:45:04.4756653Z #14 2.036  tzdata                     noarch  2025c-1.el9                 ubi-9-baseos-rpms     904 k
Test OLM installation	Arrange OLM test installation	2026-01-30T04:45:04.4757530Z #14 2.036  tzdata-java                noarch  2025c-1.el9                 ubi-9-appstream-rpms  224 k
Test OLM installation	Arrange OLM test installation	2026-01-30T04:45:04.4758628Z #14 2.036  xz-libs                    x86_64  5.2.5-8.el9_0               ubi-9-baseos-rpms      94 k
Test OLM installation	Arrange OLM test installation	2026-01-30T04:45:04.4759440Z #14 2.036  zlib                       x86_64  1.2.11-40.el9               ubi-9-baseos-rpms      93 k
Test OLM installation	Arrange OLM test installation	2026-01-30T04:45:04.4760045Z #14 2.036 
Test OLM installation	Arrange OLM test installation	2026-01-30T04:45:04.4760349Z #14 2.036 Transaction Summary
Test OLM installation	Arrange OLM test installation	2026-01-30T04:45:04.4760845Z #14 2.036 ===========================================================================================
Test OLM installation	Arrange OLM test installation	2026-01-30T04:45:04.4761414Z #14 2.036 Install  84 Packages
Test OLM installation	Arrange OLM test installation	2026-01-30T04:45:04.4761776Z #14 2.036 
Test OLM installation	Arrange OLM test installation	2026-01-30T04:45:04.4762081Z #14 2.039 Total download size: 89 M
Test OLM installation	Arrange OLM test installation	2026-01-30T04:45:04.4762499Z #14 2.040 Installed size: 321 M
Test OLM installation	Arrange OLM test installation	2026-01-30T04:45:04.4762903Z #14 2.040 Downloading Packages:
Test OLM installation	Arrange OLM test installation	2026-01-30T04:45:04.4763510Z #14 2.091 (1/84): basesystem-11-13.el9.noarch.rpm         180 kB/s | 8.0 kB     00:00    
Test OLM installation	Arrange OLM test installation	2026-01-30T04:45:04.4764384Z #14 2.092 (2/84): alternatives-1.24-2.el9.x86_64.rpm      907 kB/s |  42 kB     00:00    
Test OLM installation	Arrange OLM test installation	2026-01-30T04:45:04.4765406Z #14 2.096 (3/84): avahi-libs-0.8-23.el9.x86_64.rpm        1.3 MB/s |  67 kB     00:00    
Test OLM installation	Arrange OLM test installation	2026-01-30T04:45:04.4766249Z #14 2.131 (4/84): bzip2-libs-1.0.8-10.el9_5.x86_64.rpm    1.2 MB/s |  42 kB     00:00    
Test OLM installation	Arrange OLM test installation	2026-01-30T04:45:04.5695528Z #14 2.146 (5/84): ca-certificates-2025.2.80_v9.0.305-91.e  22 MB/s | 1.0 MB     00:00    
Test OLM installation	Arrange OLM test installation	2026-01-30T04:45:04.5696472Z #14 2.153 (6/84): bash-5.1.8-9.el9.x86_64.rpm              28 MB/s | 1.7 MB     00:00    
Test OLM installation	Arrange OLM test installation	2026-01-30T04:45:04.5697098Z #14 2.160 (7/84): crypto-policies-20250905-1.git377cc42.e 6.5 MB/s |  90 kB     00:00    
Test OLM installation	Arrange OLM test installation	2026-01-30T04:45:04.5697747Z #14 2.172 (8/84): crypto-policies-scripts-20250905-1.git3 5.4 MB/s | 102 kB     00:00    
Test OLM installation	Arrange OLM test installation	2026-01-30T04:45:04.5698375Z #14 2.175 (9/84): coreutils-single-8.32-39.el9.x86_64.rpm  13 MB/s | 625 kB     00:00    
Test OLM installation	Arrange OLM test installation	2026-01-30T04:45:04.5698960Z #14 2.184 (10/84): expat-2.5.0-5.el9_7.1.x86_64.rpm        12 MB/s | 117 kB     00:00    
Test OLM installation	Arrange OLM test installation	2026-01-30T04:45:04.5699534Z #14 2.186 (11/84): dbus-libs-1.12.20-8.el9.x86_64.rpm      11 MB/s | 154 kB     00:00    
Test OLM installation	Arrange OLM test installation	2026-01-30T04:45:04.5700103Z #14 2.188 (12/84): cups-libs-2.3.3op2-34.el9_7.2.x86_64.r 8.6 MB/s | 260 kB     00:00    
Test OLM installation	Arrange OLM test installation	2026-01-30T04:45:04.5700662Z #14 2.201 (13/84): findutils-4.8.0-7.el9.x86_64.rpm        38 MB/s | 550 kB     00:00    
Test OLM installation	Arrange OLM test installation	2026-01-30T04:45:04.5701212Z #14 2.219 (14/84): gawk-5.1.0-6.el9.x86_64.rpm             33 MB/s | 1.0 MB     00:00    
Test OLM installation	Arrange OLM test installation	2026-01-30T04:45:04.5701750Z #14 2.221 (15/84): gdbm-libs-1.23-1.el9.x86_64.rpm        2.9 MB/s |  59 kB     00:00    
Test OLM installation	Arrange OLM test installation	2026-01-30T04:45:04.5702312Z #14 2.233 (16/84): glibc-common-2.34-231.el9_7.2.x86_64.r  28 MB/s | 306 kB     00:00    
Test OLM installation	Arrange OLM test installation	2026-01-30T04:45:04.6768828Z #14 2.247 (17/84): filesystem-3.16-5.el9.x86_64.rpm        76 MB/s | 4.8 MB     00:00    
Test OLM installation	Arrange OLM test installation	2026-01-30T04:45:04.6769949Z #14 2.254 (18/84): glibc-langpack-en-2.34-231.el9_7.2.x86  31 MB/s | 660 kB     00:00    
Test OLM installation	Arrange OLM test installation	2026-01-30T04:45:04.6770785Z #14 2.260 (19/84): gmp-6.2.0-13.el9.x86_64.rpm             27 MB/s | 319 kB     00:00    
Test OLM installation	Arrange OLM test installation	2026-01-30T04:45:04.6771919Z #14 2.267 (20/84): glibc-2.34-231.el9_7.2.x86_64.rpm       41 MB/s | 2.0 MB     00:00    
Test OLM installation	Arrange OLM test installation	2026-01-30T04:45:04.6772680Z #14 2.274 (21/84): gnutls-3.8.3-9.el9.x86_64.rpm           53 MB/s | 1.1 MB     00:00    
Test OLM installation	Arrange OLM test installation	2026-01-30T04:45:04.6773431Z #14 2.282 (22/84): grep-3.6-5.el9.x86_64.rpm               12 MB/s | 273 kB     00:00    
Test OLM installation	Arrange OLM test installation	2026-01-30T04:45:04.6774205Z #14 2.284 (23/84): keyutils-libs-1.6.3-1.el9.x86_64.rpm   2.0 MB/s |  34 kB     00:00    
Test OLM installation	Arrange OLM test installation	2026-01-30T04:45:04.6775015Z #14 2.290 (24/84): krb5-libs-1.21.1-8.el9_6.x86_64.rpm     50 MB/s | 766 kB     00:00    
Test OLM installation	Arrange OLM test installation	2026-01-30T04:45:04.6776126Z #14 2.300 (25/84): libcap-2.48-10.el9.x86_64.rpm          6.8 MB/s |  70 kB     00:00    
Test OLM installation	Arrange OLM test installation	2026-01-30T04:45:04.6776938Z #14 2.303 (26/84): libattr-2.5.1-3.el9.x86_64.rpm         1.1 MB/s |  20 kB     00:00    
Test OLM installation	Arrange OLM test installation	2026-01-30T04:45:04.6777756Z #14 2.306 (27/84): libacl-2.3.1-4.el9.x86_64.rpm          1.1 MB/s |  24 kB     00:00    
Test OLM installation	Arrange OLM test installation	2026-01-30T04:45:04.6778576Z #14 2.310 (28/84): libcom_err-1.46.5-8.el9.x86_64.rpm     2.6 MB/s |  26 kB     00:00    
Test OLM installation	Arrange OLM test installation	2026-01-30T04:45:04.6779724Z #14 2.313 (29/84): libevent-2.1.12-8.el9_4.x86_64.rpm      26 MB/s | 266 kB     00:00    
Test OLM installation	Arrange OLM test installation	2026-01-30T04:45:04.6780506Z #14 2.315 (30/84): libffi-3.4.2-8.el9.x86_64.rpm          4.7 MB/s |  40 kB     00:00    
Test OLM installation	Arrange OLM test installation	2026-01-30T04:45:04.6781326Z #14 2.318 (31/84): libgcc-11.5.0-11.el9.x86_64.rpm         11 MB/s |  85 kB     00:00    
Test OLM installation	Arrange OLM test installation	2026-01-30T04:45:04.6782153Z #14 2.332 (32/84): libgpg-error-1.42-5.el9.x86_64.rpm      13 MB/s | 220 kB     00:00    
Test OLM installation	Arrange OLM test installation	2026-01-30T04:45:04.6782689Z #14 2.340 (33/84): libselinux-3.6-3.el9.x86_64.rpm         10 MB/s |  88 kB     00:00    
Test OLM installation	Arrange OLM test installation	2026-01-30T04:45:04.7783888Z #14 2.343 (34/84): libgcrypt-1.10.0-11.el9.x86_64.rpm      17 MB/s | 510 kB     00:00    
Test OLM installation	Arrange OLM test installation	2026-01-30T04:45:04.7784907Z #14 2.344 (35/84): libidn2-2.3.0-7.el9.x86_64.rpm         4.0 MB/s | 105 kB     00:00    
Test OLM installation	Arrange OLM test installation	2026-01-30T04:45:04.7788684Z #14 2.351 (36/84): libsigsegv-2.13-4.el9.x86_64.rpm       3.7 MB/s |  30 kB     00:00    
Test OLM installation	Arrange OLM test installation	2026-01-30T04:45:04.7790043Z #14 2.357 (37/84): libsepol-3.6-3.el9.x86_64.rpm           20 MB/s | 331 kB     00:00    
Test OLM installation	Arrange OLM test installation	2026-01-30T04:45:04.7790571Z #14 2.358 (38/84): libtasn1-4.16.0-9.el9.x86_64.rpm       5.6 MB/s |  77 kB     00:00    
Test OLM installation	Arrange OLM test installation	2026-01-30T04:45:04.7791088Z #14 2.366 (39/84): libunistring-0.9.10-15.el9.x86_64.rpm   34 MB/s | 499 kB     00:00    
Test OLM installation	Arrange OLM test installation	2026-01-30T04:45:04.7791600Z #14 2.373 (40/84): libverto-0.3.2-3.el9.x86_64.rpm        1.7 MB/s |  24 kB     00:00    
Test OLM installation	Arrange OLM test installation	2026-01-30T04:45:04.7792121Z #14 2.374 (41/84): libuuid-2.37.4-21.el9.x86_64.rpm       1.7 MB/s |  30 kB     00:00    
Test OLM installation	Arrange OLM test installation	2026-01-30T04:45:04.7792637Z #14 2.377 (42/84): libxcrypt-4.4.18-3.el9.x86_64.rpm       11 MB/s | 120 kB     00:00    
Test OLM installation	Arrange OLM test installation	2026-01-30T04:45:04.7793153Z #14 2.384 (43/84): lksctp-tools-1.0.19-3.el9_4.x86_64.rpm  10 MB/s | 104 kB     00:00    
Test OLM installation	Arrange OLM test installation	2026-01-30T04:45:04.7793659Z #14 2.391 (44/84): lua-libs-5.4.4-4.el9.x86_64.rpm        9.5 MB/s | 132 kB     00:00    
Test OLM installation	Arrange OLM test installation	2026-01-30T04:45:04.7794147Z #14 2.396 (45/84): libzstd-1.5.5-1.el9.x86_64.rpm          13 MB/s | 297 kB     00:00    
Test OLM installation	Arrange OLM test installation	2026-01-30T04:45:04.7794644Z #14 2.397 (46/84): lz4-libs-1.9.3-5.el9.x86_64.rpm        5.3 MB/s |  69 kB     00:00    
Test OLM installation	Arrange OLM test installation	2026-01-30T04:45:04.7795130Z #14 2.402 (47/84): mpfr-4.1.0-7.el9.x86_64.rpm             31 MB/s | 329 kB     00:00    
Test OLM installation	Arrange OLM test installation	2026-01-30T04:45:04.7795953Z #14 2.404 (48/84): ncurses-base-6.2-12.20210508.el9.noarc  12 MB/s |  96 kB     00:00    
Test OLM installation	Arrange OLM test installation	2026-01-30T04:45:04.7796469Z #14 2.408 (49/84): ncurses-libs-6.2-12.20210508.el9.x86_6  32 MB/s | 328 kB     00:00    
Test OLM installation	Arrange OLM test installation	2026-01-30T04:45:04.7796966Z #14 2.414 (50/84): nettle-3.10.1-1.el9.x86_64.rpm          47 MB/s | 568 kB     00:00    
Test OLM installation	Arrange OLM test installation	2026-01-30T04:45:04.7797488Z #14 2.415 (51/84): openssl-fips-provider-3.0.7-8.el9.x86_ 892 kB/s | 9.2 kB     00:00    
Test OLM installation	Arrange OLM test installation	2026-01-30T04:45:04.7798045Z #14 2.431 (52/84): openssl-fips-provider-so-3.0.7-8.el9.x  25 MB/s | 576 kB     00:00    
Test OLM installation	Arrange OLM test installation	2026-01-30T04:45:04.7798582Z #14 2.439 (53/84): openssl-libs-3.5.1-7.el9_7.x86_64.rpm   92 MB/s | 2.3 MB     00:00    
Test OLM installation	Arrange OLM test installation	2026-01-30T04:45:04.7799862Z #14 2.442 (54/84): p11-kit-trust-0.25.3-3.el9_5.x86_64.rp  14 MB/s | 144 kB     00:00    
Test OLM installation	Arrange OLM test installation	2026-01-30T04:45:04.8795993Z #14 2.446 (55/84): p11-kit-0.25.3-3.el9_5.x86_64.rpm       17 MB/s | 536 kB     00:00    
Test OLM installation	Arrange OLM test installation	2026-01-30T04:45:04.8796854Z #14 2.451 (56/84): pcre-8.44-4.el9.x86_64.rpm              18 MB/s | 200 kB     00:00    
Test OLM installation	Arrange OLM test installation	2026-01-30T04:45:04.8797679Z #14 2.453 (57/84): pcre2-10.40-6.el9.x86_64.rpm            22 MB/s | 236 kB     00:00    
Test OLM installation	Arrange OLM test installation	2026-01-30T04:45:04.8798493Z #14 2.460 (58/84): python3-3.9.25-3.el9_7.x86_64.rpm      3.6 MB/s |  32 kB     00:00    
Test OLM installation	Arrange OLM test installation	2026-01-30T04:45:04.8799248Z #14 2.465 (59/84): pcre2-syntax-10.40-6.el9.noarch.rpm    7.4 MB/s | 144 kB     00:00    
Test OLM installation	Arrange OLM test installation	2026-01-30T04:45:04.8799860Z #14 2.478 (60/84): python3-setuptools-wheel-53.0.0-15.el9  37 MB/s | 468 kB     00:00    
Test OLM installation	Arrange OLM test installation	2026-01-30T04:45:04.8800453Z #14 2.488 (61/84): python3-pip-wheel-21.3.1-1.el9.noarch.  41 MB/s | 1.1 MB     00:00    
Test OLM installation	Arrange OLM test installation	2026-01-30T04:45:04.8801007Z #14 2.491 (62/84): readline-8.1-4.el9.x86_64.rpm           16 MB/s | 215 kB     00:00    
Test OLM installation	Arrange OLM test installation	2026-01-30T04:45:04.8801997Z #14 2.496 (63/84): redhat-release-9.7-0.7.el9.x86_64.rpm  6.7 MB/s |  53 kB     00:00    
Test OLM installation	Arrange OLM test installation	2026-01-30T04:45:04.8802534Z #14 2.502 (64/84): sed-4.8-9.el9.x86_64.rpm                29 MB/s | 309 kB     00:00    
Test OLM installation	Arrange OLM test installation	2026-01-30T04:45:04.8803043Z #14 2.506 (65/84): setup-2.13.7-10.el9.noarch.rpm          17 MB/s | 150 kB     00:00    
Test OLM installation	Arrange OLM test installation	2026-01-30T04:45:04.8803588Z #14 2.521 (66/84): systemd-libs-252-55.el9_7.7.x86_64.rpm  45 MB/s | 676 kB     00:00    
Test OLM installation	Arrange OLM test installation	2026-01-30T04:45:04.8804135Z #14 2.535 (67/84): python3-libs-3.9.25-3.el9_7.x86_64.rpm  99 MB/s | 8.1 MB     00:00    
Test OLM installation	Arrange OLM test installation	2026-01-30T04:45:04.8804666Z #14 2.537 (68/84): sqlite-libs-3.34.1-9.el9_7.x86_64.rpm   18 MB/s | 642 kB     00:00    
Test OLM installation	Arrange OLM test installation	2026-01-30T04:45:04.8805467Z #14 2.543 (69/84): tzdata-2025c-1.el9.noarch.rpm           41 MB/s | 904 kB     00:00    
Test OLM installation	Arrange OLM test installation	2026-01-30T04:45:05.1195340Z #14 2.546 (70/84): xz-libs-5.2.5-8.el9_0.x86_64.rpm       8.3 MB/s |  94 kB     00:00    
Test OLM installation	Arrange OLM test installation	2026-01-30T04:45:05.1196396Z #14 2.551 (71/84): copy-jdk-configs-4.0-3.el9.noarch.rpm  3.8 MB/s |  29 kB     00:00    
Test OLM installation	Arrange OLM test installation	2026-01-30T04:45:05.1196977Z #14 2.552 (72/84): zlib-1.2.11-40.el9.x86_64.rpm          6.5 MB/s |  93 kB     00:00    
Test OLM installation	Arrange OLM test installation	2026-01-30T04:45:05.1197546Z #14 2.555 (73/84): lua-5.4.4-4.el9.x86_64.rpm              23 MB/s | 192 kB     00:00    
Test OLM installation	Arrange OLM test installation	2026-01-30T04:45:05.1198108Z #14 2.560 (74/84): lua-posix-35.0-8.el9.x86_64.rpm         17 MB/s | 155 kB     00:00    
Test OLM installation	Arrange OLM test installation	2026-01-30T04:45:05.1198635Z #14 2.567 (75/84): alsa-lib-1.2.14-1.el9.x86_64.rpm        36 MB/s | 529 kB     00:00    
Test OLM installation	Arrange OLM test installation	2026-01-30T04:45:05.1199564Z #14 2.569 (76/84): javapackages-filesystem-6.4.0-1.el9.no 1.9 MB/s |  17 kB     00:00    
Test OLM installation	Arrange OLM test installation	2026-01-30T04:45:05.1200265Z #14 2.576 (77/84): nspr-4.36.0-4.el9_4.x86_64.rpm          15 MB/s | 133 kB     00:00    
Test OLM installation	Arrange OLM test installation	2026-01-30T04:45:05.1200839Z #14 2.590 (78/84): nss-3.112.0-4.el9_4.x86_64.rpm          33 MB/s | 723 kB     00:00    
Test OLM installation	Arrange OLM test installation	2026-01-30T04:45:05.1201353Z #14 2.593 (79/84): nss-softokn-3.112.0-4.el9_4.x86_64.rpm  24 MB/s | 400 kB     00:00    
Test OLM installation	Arrange OLM test installation	2026-01-30T04:45:05.1201887Z #14 2.601 (80/84): nss-sysinit-3.112.0-4.el9_4.x86_64.rpm 2.2 MB/s |  18 kB     00:00    
Test OLM installation	Arrange OLM test installation	2026-01-30T04:45:05.1202475Z #14 2.606 (81/84): nss-softokn-freebl-3.112.0-4.el9_4.x86  27 MB/s | 413 kB     00:00    
Test OLM installation	Arrange OLM test installation	2026-01-30T04:45:05.1203047Z #14 2.613 (82/84): nss-util-3.112.0-4.el9_4.x86_64.rpm    7.7 MB/s |  89 kB     00:00    
Test OLM installation	Arrange OLM test installation	2026-01-30T04:45:05.1203586Z #14 2.632 (83/84): tzdata-java-2025c-1.el9.noarch.rpm     8.8 MB/s | 224 kB     00:00    
Test OLM installation	Arrange OLM test installation	2026-01-30T04:45:05.2262311Z #14 2.889 (84/84): java-21-openjdk-headless-21.0.10.0.7-1 148 MB/s |  49 MB     00:00    
Test OLM installation	Arrange OLM test installation	2026-01-30T04:45:05.4642239Z #14 2.893 --------------------------------------------------------------------------------
Test OLM installation	Arrange OLM test installation	2026-01-30T04:45:05.4643075Z #14 2.893 Total                                           105 MB/s |  89 MB     00:00     
Test OLM installation	Arrange OLM test installation	2026-01-30T04:45:05.4643650Z #14 2.905 Red Hat Universal Base Image 9 (RPMs) - BaseOS  3.5 MB/s | 3.6 kB     00:00    
Test OLM installation	Arrange OLM test installation	2026-01-30T04:45:05.4644325Z #14 2.972 Importing GPG key 0xFD431D51:
Test OLM installation	Arrange OLM test installation	2026-01-30T04:45:05.4645616Z #14 2.972  Userid     : "Red Hat, Inc. (release key 2) <security@redhat.com>"
Test OLM installation	Arrange OLM test installation	2026-01-30T04:45:05.4646415Z #14 2.972  Fingerprint: 567E 347A D004 4ADE 55BA 8A5F 199E 2F91 FD43 1D51
Test OLM installation	Arrange OLM test installation	2026-01-30T04:45:05.4647197Z #14 2.972  From       : /etc/pki/rpm-gpg/RPM-GPG-KEY-redhat-release
Test OLM installation	Arrange OLM test installation	2026-01-30T04:45:05.4647807Z #14 2.975 Key imported successfully
Test OLM installation	Arrange OLM test installation	2026-01-30T04:45:05.4648244Z #14 2.975 Importing GPG key 0x5A6340B3:
Test OLM installation	Arrange OLM test installation	2026-01-30T04:45:05.4648862Z #14 2.975  Userid     : "Red Hat, Inc. (auxiliary key 3) <security@redhat.com>"
Test OLM installation	Arrange OLM test installation	2026-01-30T04:45:05.4649652Z #14 2.975  Fingerprint: 7E46 2425 8C40 6535 D56D 6F13 5054 E4A4 5A63 40B3
Test OLM installation	Arrange OLM test installation	2026-01-30T04:45:05.4650399Z #14 2.975  From       : /etc/pki/rpm-gpg/RPM-GPG-KEY-redhat-release
Test OLM installation	Arrange OLM test installation	2026-01-30T04:45:05.4651030Z #14 2.977 Key imported successfully
Test OLM installation	Arrange OLM test installation	2026-01-30T04:45:06.3545988Z #14 4.018 Running transaction check
Test OLM installation	Arrange OLM test installation	2026-01-30T04:45:06.5554127Z #14 4.068 Transaction check succeeded.
Test OLM installation	Arrange OLM test installation	2026-01-30T04:45:06.5554571Z #14 4.068 Running transaction test
Test OLM installation	Arrange OLM test installation	2026-01-30T04:45:07.1940150Z #14 4.857 Transaction test succeeded.
Test OLM installation	Arrange OLM test installation	2026-01-30T04:45:07.3449284Z #14 4.858 Running transaction
Test OLM installation	Arrange OLM test installation	2026-01-30T04:45:07.9395607Z #14 5.449   Running scriptlet: filesystem-3.16-5.el9.x86_64                           1/1 
Test OLM installation	Arrange OLM test installation	2026-01-30T04:45:07.9396330Z #14 5.451   Running scriptlet: copy-jdk-configs-4.0-3.el9.noarch                      1/1 
Test OLM installation	Arrange OLM test installation	2026-01-30T04:45:08.0794488Z #14 5.452   Running scriptlet: java-21-openjdk-headless-1:21.0.10.0.7-1.el9.x86_64    1/1 
Test OLM installation	Arrange OLM test installation	2026-01-30T04:45:08.2679569Z #14 5.743   Preparing        :                                                        1/1 
Test OLM installation	Arrange OLM test installation	2026-01-30T04:45:08.3761367Z #14 5.931   Installing       : tzdata-2025c-1.el9.noarch                             1/84 
Test OLM installation	Arrange OLM test installation	2026-01-30T04:45:08.3763226Z #14 5.978   Installing       : tzdata-java-2025c-1.el9.noarch                        2/84 
Test OLM installation	Arrange OLM test installation	2026-01-30T04:45:08.3764109Z #14 5.984   Installing       : javapackages-filesystem-6.4.0-1.el9.noarch            3/84 
Test OLM installation	Arrange OLM test installation	2026-01-30T04:45:08.3764995Z #14 5.990   Installing       : redhat-release-9.7-0.7.el9.x86_64                     4/84 
Test OLM installation	Arrange OLM test installation	2026-01-30T04:45:08.3766096Z #14 5.997   Installing       : setup-2.13.7-10.el9.noarch                            5/84 
Test OLM installation	Arrange OLM test installation	2026-01-30T04:45:08.3766925Z #14 5.999   Running scriptlet: setup-2.13.7-10.el9.noarch                            5/84 
Test OLM installation	Arrange OLM test installation	2026-01-30T04:45:08.4787648Z #14 6.039   Installing       : filesystem-3.16-5.el9.x86_64                          6/84 
Test OLM installation	Arrange OLM test installation	2026-01-30T04:45:08.4788742Z #14 6.085   Installing       : basesystem-11-13.el9.noarch                           7/84 
Test OLM installation	Arrange OLM test installation	2026-01-30T04:45:08.4789502Z #14 6.088   Installing       : python3-setuptools-wheel-53.0.0-15.el9.noarch         8/84 
Test OLM installation	Arrange OLM test installation	2026-01-30T04:45:08.4790181Z #14 6.091   Installing       : pcre2-syntax-10.40-6.el9.noarch                       9/84 
Test OLM installation	Arrange OLM test installation	2026-01-30T04:45:08.4790830Z #14 6.111   Installing       : ncurses-base-6.2-12.20210508.el9.noarch              10/84 
Test OLM installation	Arrange OLM test installation	2026-01-30T04:45:08.4791455Z #14 6.122   Installing       : ncurses-libs-6.2-12.20210508.el9.x86_64              11/84 
Test OLM installation	Arrange OLM test installation	2026-01-30T04:45:08.4792086Z #14 6.137   Installing       : bash-5.1.8-9.el9.x86_64                              12/84 
Test OLM installation	Arrange OLM test installation	2026-01-30T04:45:08.4792710Z #14 6.139   Running scriptlet: bash-5.1.8-9.el9.x86_64                              12/84 
Test OLM installation	Arrange OLM test installation	2026-01-30T04:45:08.5921935Z #14 6.142   Installing       : libgcc-11.5.0-11.el9.x86_64                          13/84 
Test OLM installation	Arrange OLM test installation	2026-01-30T04:45:08.5922952Z #14 6.143   Running scriptlet: libgcc-11.5.0-11.el9.x86_64                          13/84 
Test OLM installation	Arrange OLM test installation	2026-01-30T04:45:08.5923921Z #14 6.208   Installing       : glibc-langpack-en-2.34-231.el9_7.2.x86_64            14/84 
Test OLM installation	Arrange OLM test installation	2026-01-30T04:45:08.5924848Z #14 6.222   Installing       : glibc-common-2.34-231.el9_7.2.x86_64                 15/84 
Test OLM installation	Arrange OLM test installation	2026-01-30T04:45:08.5926082Z #14 6.224   Running scriptlet: glibc-2.34-231.el9_7.2.x86_64                        16/84 
Test OLM installation	Arrange OLM test installation	2026-01-30T04:45:08.7453621Z #14 6.255   Installing       : glibc-2.34-231.el9_7.2.x86_64                        16/84 
Test OLM installation	Arrange OLM test installation	2026-01-30T04:45:09.1107303Z #14 6.259   Running scriptlet: glibc-2.34-231.el9_7.2.x86_64                        16/84 
Test OLM installation	Arrange OLM test installation	2026-01-30T04:45:09.3188857Z #14 6.774   Installing       : crypto-policies-20250905-1.git377cc42.el9_7.noarch   17/84 
Test OLM installation	Arrange OLM test installation	2026-01-30T04:45:09.3189901Z #14 6.777   Running scriptlet: crypto-policies-20250905-1.git377cc42.el9_7.noarch   17/84 
Test OLM installation	Arrange OLM test installation	2026-01-30T04:45:09.3190805Z #14 6.781   Installing       : nspr-4.36.0-4.el9_4.x86_64                           18/84 
Test OLM installation	Arrange OLM test installation	2026-01-30T04:45:09.3191623Z #14 6.784   Installing       : nss-util-3.112.0-4.el9_4.x86_64                      19/84 
Test OLM installation	Arrange OLM test installation	2026-01-30T04:45:09.3192552Z #14 6.787   Installing       : zlib-1.2.11-40.el9.x86_64                            20/84 
Test OLM installation	Arrange OLM test installation	2026-01-30T04:45:09.3193483Z #14 6.790   Installing       : libffi-3.4.2-8.el9.x86_64                            21/84 
Test OLM installation	Arrange OLM test installation	2026-01-30T04:45:09.3194377Z #14 6.794   Installing       : libtasn1-4.16.0-9.el9.x86_64                         22/84 
Test OLM installation	Arrange OLM test installation	2026-01-30T04:45:09.3195775Z #14 6.805   Installing       : p11-kit-0.25.3-3.el9_5.x86_64                        23/84 
Test OLM installation	Arrange OLM test installation	2026-01-30T04:45:09.3196718Z #14 6.810   Installing       : libxcrypt-4.4.18-3.el9.x86_64                        24/84 
Test OLM installation	Arrange OLM test installation	2026-01-30T04:45:09.3198033Z #14 6.815   Installing       : readline-8.1-4.el9.x86_64                            25/84 
Test OLM installation	Arrange OLM test installation	2026-01-30T04:45:09.3199057Z #14 6.822   Installing       : sqlite-libs-3.34.1-9.el9_7.x86_64                    26/84 
Test OLM installation	Arrange OLM test installation	2026-01-30T04:45:09.3200013Z #14 6.825   Installing       : alternatives-1.24-2.el9.x86_64                       27/84 
Test OLM installation	Arrange OLM test installation	2026-01-30T04:45:09.3200921Z #14 6.830   Installing       : p11-kit-trust-0.25.3-3.el9_5.x86_64                  28/84 
Test OLM installation	Arrange OLM test installation	2026-01-30T04:45:09.4203420Z #14 6.832   Running scriptlet: p11-kit-trust-0.25.3-3.el9_5.x86_64                  28/84 
Test OLM installation	Arrange OLM test installation	2026-01-30T04:45:09.5251873Z #14 7.084   Installing       : gmp-1:6.2.0-13.el9.x86_64                            29/84 
Test OLM installation	Arrange OLM test installation	2026-01-30T04:45:09.5252924Z #14 7.087   Installing       : libattr-2.5.1-3.el9.x86_64                           30/84 
Test OLM installation	Arrange OLM test installation	2026-01-30T04:45:09.5253770Z #14 7.089   Installing       : libacl-2.3.1-4.el9.x86_64                            31/84 
Test OLM installation	Arrange OLM test installation	2026-01-30T04:45:09.5254629Z #14 7.095   Installing       : libcap-2.48-10.el9.x86_64                            32/84 
Test OLM installation	Arrange OLM test installation	2026-01-30T04:45:09.5255508Z #14 7.098   Installing       : libsigsegv-2.13-4.el9.x86_64                         33/84 
Test OLM installation	Arrange OLM test installation	2026-01-30T04:45:09.5256002Z #14 7.107   Installing       : libunistring-0.9.10-15.el9.x86_64                    34/84 
Test OLM installation	Arrange OLM test installation	2026-01-30T04:45:09.5256475Z #14 7.111   Installing       : lua-libs-5.4.4-4.el9.x86_64                          35/84 
Test OLM installation	Arrange OLM test installation	2026-01-30T04:45:09.5256938Z #14 7.114   Installing       : xz-libs-5.2.5-8.el9_0.x86_64                         36/84 
Test OLM installation	Arrange OLM test installation	2026-01-30T04:45:09.5257401Z #14 7.118   Installing       : lua-5.4.4-4.el9.x86_64                               37/84 
Test OLM installation	Arrange OLM test installation	2026-01-30T04:45:09.5257871Z #14 7.131   Installing       : lua-posix-35.0-8.el9.x86_64                          38/84 
Test OLM installation	Arrange OLM test installation	2026-01-30T04:45:09.5258338Z #14 7.137   Installing       : libidn2-2.3.0-7.el9.x86_64                           39/84 
Test OLM installation	Arrange OLM test installation	2026-01-30T04:45:09.5259007Z #14 7.142   Installing       : mpfr-4.1.0-7.el9.x86_64                              40/84 
Test OLM installation	Arrange OLM test installation	2026-01-30T04:45:09.5259669Z #14 7.157   Installing       : gawk-5.1.0-6.el9.x86_64                              41/84 
Test OLM installation	Arrange OLM test installation	2026-01-30T04:45:09.5260492Z #14 7.165   Installing       : nss-softokn-freebl-3.112.0-4.el9_4.x86_64            42/84 
Test OLM installation	Arrange OLM test installation	2026-01-30T04:45:09.5261438Z #14 7.179   Installing       : nss-softokn-3.112.0-4.el9_4.x86_64                   43/84 
Test OLM installation	Arrange OLM test installation	2026-01-30T04:45:09.5262261Z #14 7.182   Installing       : bzip2-libs-1.0.8-10.el9_5.x86_64                     44/84 
Test OLM installation	Arrange OLM test installation	2026-01-30T04:45:09.6284581Z #14 7.186   Installing       : expat-2.5.0-5.el9_7.1.x86_64                         45/84 
Test OLM installation	Arrange OLM test installation	2026-01-30T04:45:09.6285766Z #14 7.189   Installing       : gdbm-libs-1:1.23-1.el9.x86_64                        46/84 
Test OLM installation	Arrange OLM test installation	2026-01-30T04:45:09.6286661Z #14 7.192   Installing       : keyutils-libs-1.6.3-1.el9.x86_64                     47/84 
Test OLM installation	Arrange OLM test installation	2026-01-30T04:45:09.6287554Z #14 7.195   Installing       : libcom_err-1.46.5-8.el9.x86_64                       48/84 
Test OLM installation	Arrange OLM test installation	2026-01-30T04:45:09.6288781Z #14 7.200   Installing       : libgpg-error-1.42-5.el9.x86_64                       49/84 
Test OLM installation	Arrange OLM test installation	2026-01-30T04:45:09.6289662Z #14 7.208   Installing       : libgcrypt-1.10.0-11.el9.x86_64                       50/84 
Test OLM installation	Arrange OLM test installation	2026-01-30T04:45:09.6290539Z #14 7.214   Installing       : libsepol-3.6-3.el9.x86_64                            51/84 
Test OLM installation	Arrange OLM test installation	2026-01-30T04:45:09.6291403Z #14 7.216   Installing       : libuuid-2.37.4-21.el9.x86_64                         52/84 
Test OLM installation	Arrange OLM test installation	2026-01-30T04:45:09.6292266Z #14 7.219   Installing       : libverto-0.3.2-3.el9.x86_64                          53/84 
Test OLM installation	Arrange OLM test installation	2026-01-30T04:45:09.6293104Z #14 7.224   Installing       : libzstd-1.5.5-1.el9.x86_64                           54/84 
Test OLM installation	Arrange OLM test installation	2026-01-30T04:45:09.6293950Z #14 7.229   Installing       : lksctp-tools-1.0.19-3.el9_4.x86_64                   55/84 
Test OLM installation	Arrange OLM test installation	2026-01-30T04:45:09.6294792Z #14 7.232   Installing       : lz4-libs-1.9.3-5.el9.x86_64                          56/84 
Test OLM installation	Arrange OLM test installation	2026-01-30T04:45:09.6295851Z #14 7.239   Installing       : nettle-3.10.1-1.el9.x86_64                           57/84 
Test OLM installation	Arrange OLM test installation	2026-01-30T04:45:09.6296872Z #14 7.251   Installing       : gnutls-3.8.3-9.el9.x86_64                            58/84 
Test OLM installation	Arrange OLM test installation	2026-01-30T04:45:09.6297822Z #14 7.256   Installing       : pcre-8.44-4.el9.x86_64                               59/84 
Test OLM installation	Arrange OLM test installation	2026-01-30T04:45:09.6298637Z #14 7.262   Installing       : grep-3.6-5.el9.x86_64                                60/84 
Test OLM installation	Arrange OLM test installation	2026-01-30T04:45:09.6299331Z #14 7.267   Installing       : pcre2-10.40-6.el9.x86_64                             61/84 
Test OLM installation	Arrange OLM test installation	2026-01-30T04:45:09.6299803Z #14 7.271   Installing       : libselinux-3.6-3.el9.x86_64                          62/84 
Test OLM installation	Arrange OLM test installation	2026-01-30T04:45:09.7944778Z #14 7.292   Installing       : coreutils-single-8.32-39.el9.x86_64                  63/84 
Test OLM installation	Arrange OLM test installation	2026-01-30T04:45:09.7945947Z #14 7.297   Installing       : sed-4.8-9.el9.x86_64                                 64/84 
Test OLM installation	Arrange OLM test installation	2026-01-30T04:45:09.7946774Z #14 7.304   Installing       : findutils-1:4.8.0-7.el9.x86_64                       65/84 
Test OLM installation	Arrange OLM test installation	2026-01-30T04:45:09.9067411Z #14 7.307   Running scriptlet: ca-certificates-2025.2.80_v9.0.305-91.el9.noarch     66/84 
Test OLM installation	Arrange OLM test installation	2026-01-30T04:45:10.0609281Z #14 7.570   Installing       : ca-certificates-2025.2.80_v9.0.305-91.el9.noarch     66/84 
Test OLM installation	Arrange OLM test installation	2026-01-30T04:45:11.0600806Z #14 7.574   Running scriptlet: ca-certificates-2025.2.80_v9.0.305-91.el9.noarch     66/84 
Test OLM installation	Arrange OLM test installation	2026-01-30T04:45:11.2755633Z #14 8.723   Installing       : python3-pip-wheel-21.3.1-1.el9.noarch                67/84 
Test OLM installation	Arrange OLM test installation	2026-01-30T04:45:11.2756825Z #14 8.726   Installing       : copy-jdk-configs-4.0-3.el9.noarch                    68/84 
Test OLM installation	Arrange OLM test installation	2026-01-30T04:45:11.2757727Z #14 8.732   Installing       : openssl-fips-provider-so-3.0.7-8.el9.x86_64          69/84 
Test OLM installation	Arrange OLM test installation	2026-01-30T04:45:11.2758623Z #14 8.734   Installing       : openssl-fips-provider-3.0.7-8.el9.x86_64             70/84 
Test OLM installation	Arrange OLM test installation	2026-01-30T04:45:11.2759486Z #14 8.761   Installing       : openssl-libs-1:3.5.1-7.el9_7.x86_64                  71/84 
Test OLM installation	Arrange OLM test installation	2026-01-30T04:45:11.2760339Z #14 8.776   Installing       : krb5-libs-1.21.1-8.el9_6.x86_64                      72/84 
Test OLM installation	Arrange OLM test installation	2026-01-30T04:45:11.2761152Z #14 8.785   Installing       : libevent-2.1.12-8.el9_4.x86_64                       73/84 
Test OLM installation	Arrange OLM test installation	2026-01-30T04:45:11.4708088Z #14 8.788   Installing       : python3-3.9.25-3.el9_7.x86_64                        74/84 
Test OLM installation	Arrange OLM test installation	2026-01-30T04:45:11.6593663Z #14 9.134   Installing       : python3-libs-3.9.25-3.el9_7.x86_64                   75/84 
Test OLM installation	Arrange OLM test installation	2026-01-30T04:45:11.6594691Z #14 9.155   Installing       : crypto-policies-scripts-20250905-1.git377cc42.el9_   76/84 
Test OLM installation	Arrange OLM test installation	2026-01-30T04:45:11.6595813Z #14 9.158   Installing       : nss-sysinit-3.112.0-4.el9_4.x86_64                   77/84 
Test OLM installation	Arrange OLM test installation	2026-01-30T04:45:11.6596588Z #14 9.169   Installing       : nss-3.112.0-4.el9_4.x86_64                           78/84 
Test OLM installation	Arrange OLM test installation	2026-01-30T04:45:11.7656940Z #14 9.172   Running scriptlet: nss-3.112.0-4.el9_4.x86_64                           78/84 
Test OLM installation	Arrange OLM test installation	2026-01-30T04:45:11.9199923Z #14 9.428   Installing       : systemd-libs-252-55.el9_7.7.x86_64                   79/84 
Test OLM installation	Arrange OLM test installation	2026-01-30T04:45:12.0341003Z #14 9.432   Running scriptlet: systemd-libs-252-55.el9_7.7.x86_64                   79/84 
Test OLM installation	Arrange OLM test installation	2026-01-30T04:45:12.2150436Z #14 9.697   Installing       : dbus-libs-1:1.12.20-8.el9.x86_64                     80/84 
Test OLM installation	Arrange OLM test installation	2026-01-30T04:45:12.2151299Z #14 9.702   Installing       : avahi-libs-0.8-23.el9.x86_64                         81/84 
Test OLM installation	Arrange OLM test installation	2026-01-30T04:45:12.2152033Z #14 9.709   Installing       : cups-libs-1:2.3.3op2-34.el9_7.2.x86_64               82/84 
Test OLM installation	Arrange OLM test installation	2026-01-30T04:45:12.7449793Z #14 9.727   Installing       : alsa-lib-1.2.14-1.el9.x86_64                         83/84 
Test OLM installation	Arrange OLM test installation	2026-01-30T04:45:12.9010397Z #14 10.41   Installing       : java-21-openjdk-headless-1:21.0.10.0.7-1.el9.x86_6   84/84 
Test OLM installation	Arrange OLM test installation	2026-01-30T04:45:13.0095595Z #14 10.41   Running scriptlet: java-21-openjdk-headless-1:21.0.10.0.7-1.el9.x86_6   84/84 
Test OLM installation	Arrange OLM test installation	2026-01-30T04:45:13.2612399Z #14 10.67   Running scriptlet: filesystem-3.16-5.el9.x86_64                         84/84 
Test OLM installation	Arrange OLM test installation	2026-01-30T04:45:14.4462281Z #14 10.92   Running scriptlet: ca-certificates-2025.2.80_v9.0.305-91.el9.noarch     84/84 
Test OLM installation	Arrange OLM test installation	2026-01-30T04:45:14.7158139Z #14 12.11   Running scriptlet: copy-jdk-configs-4.0-3.el9.noarch                    84/84 
Test OLM installation	Arrange OLM test installation	2026-01-30T04:45:15.3247555Z #14 12.38   Running scriptlet: crypto-policies-scripts-20250905-1.git377cc42.el9_   84/84 
Test OLM installation	Arrange OLM test installation	2026-01-30T04:45:15.9201164Z #14 12.99   Running scriptlet: nss-3.112.0-4.el9_4.x86_64                           84/84 
Test OLM installation	Arrange OLM test installation	2026-01-30T04:45:16.4638186Z #14 13.58   Running scriptlet: java-21-openjdk-headless-1:21.0.10.0.7-1.el9.x86_6   84/84 
Test OLM installation	Arrange OLM test installation	2026-01-30T04:45:16.4639247Z #14 14.13   Verifying        : alternatives-1.24-2.el9.x86_64                        1/84 
Test OLM installation	Arrange OLM test installation	2026-01-30T04:45:16.6529940Z #14 14.13   Verifying        : avahi-libs-0.8-23.el9.x86_64                          2/84 
Test OLM installation	Arrange OLM test installation	2026-01-30T04:45:16.6531026Z #14 14.13   Verifying        : basesystem-11-13.el9.noarch                           3/84 
Test OLM installation	Arrange OLM test installation	2026-01-30T04:45:16.6531911Z #14 14.13   Verifying        : bash-5.1.8-9.el9.x86_64                               4/84 
Test OLM installation	Arrange OLM test installation	2026-01-30T04:45:16.6532771Z #14 14.13   Verifying        : bzip2-libs-1.0.8-10.el9_5.x86_64                      5/84 
Test OLM installation	Arrange OLM test installation	2026-01-30T04:45:16.6533683Z #14 14.13   Verifying        : ca-certificates-2025.2.80_v9.0.305-91.el9.noarch      6/84 
Test OLM installation	Arrange OLM test installation	2026-01-30T04:45:16.6534555Z #14 14.13   Verifying        : coreutils-single-8.32-39.el9.x86_64                   7/84 
Test OLM installation	Arrange OLM test installation	2026-01-30T04:45:16.6535608Z #14 14.13   Verifying        : crypto-policies-20250905-1.git377cc42.el9_7.noarch    8/84 
Test OLM installation	Arrange OLM test installation	2026-01-30T04:45:16.6536474Z #14 14.13   Verifying        : crypto-policies-scripts-20250905-1.git377cc42.el9_    9/84 
Test OLM installation	Arrange OLM test installation	2026-01-30T04:45:16.6537347Z #14 14.13   Verifying        : cups-libs-1:2.3.3op2-34.el9_7.2.x86_64               10/84 
Test OLM installation	Arrange OLM test installation	2026-01-30T04:45:16.6538165Z #14 14.13   Verifying        : dbus-libs-1:1.12.20-8.el9.x86_64                     11/84 
Test OLM installation	Arrange OLM test installation	2026-01-30T04:45:16.6538975Z #14 14.13   Verifying        : expat-2.5.0-5.el9_7.1.x86_64                         12/84 
Test OLM installation	Arrange OLM test installation	2026-01-30T04:45:16.6539826Z #14 14.13   Verifying        : filesystem-3.16-5.el9.x86_64                         13/84 
Test OLM installation	Arrange OLM test installation	2026-01-30T04:45:16.6540718Z #14 14.13   Verifying        : findutils-1:4.8.0-7.el9.x86_64                       14/84 
Test OLM installation	Arrange OLM test installation	2026-01-30T04:45:16.6541569Z #14 14.13   Verifying        : gawk-5.1.0-6.el9.x86_64                              15/84 
Test OLM installation	Arrange OLM test installation	2026-01-30T04:45:16.6542399Z #14 14.13   Verifying        : gdbm-libs-1:1.23-1.el9.x86_64                        16/84 
Test OLM installation	Arrange OLM test installation	2026-01-30T04:45:16.6543233Z #14 14.13   Verifying        : glibc-2.34-231.el9_7.2.x86_64                        17/84 
Test OLM installation	Arrange OLM test installation	2026-01-30T04:45:16.6544090Z #14 14.13   Verifying        : glibc-common-2.34-231.el9_7.2.x86_64                 18/84 
Test OLM installation	Arrange OLM test installation	2026-01-30T04:45:16.6544955Z #14 14.13   Verifying        : glibc-langpack-en-2.34-231.el9_7.2.x86_64            19/84 
Test OLM installation	Arrange OLM test installation	2026-01-30T04:45:16.6545983Z #14 14.13   Verifying        : gmp-1:6.2.0-13.el9.x86_64                            20/84 
Test OLM installation	Arrange OLM test installation	2026-01-30T04:45:16.6546804Z #14 14.13   Verifying        : gnutls-3.8.3-9.el9.x86_64                            21/84 
Test OLM installation	Arrange OLM test installation	2026-01-30T04:45:16.6548112Z #14 14.13   Verifying        : grep-3.6-5.el9.x86_64                                22/84 
Test OLM installation	Arrange OLM test installation	2026-01-30T04:45:16.6548968Z #14 14.13   Verifying        : keyutils-libs-1.6.3-1.el9.x86_64                     23/84 
Test OLM installation	Arrange OLM test installation	2026-01-30T04:45:16.6549796Z #14 14.13   Verifying        : krb5-libs-1.21.1-8.el9_6.x86_64                      24/84 
Test OLM installation	Arrange OLM test installation	2026-01-30T04:45:16.6550613Z #14 14.13   Verifying        : libacl-2.3.1-4.el9.x86_64                            25/84 
Test OLM installation	Arrange OLM test installation	2026-01-30T04:45:16.6551462Z #14 14.13   Verifying        : libattr-2.5.1-3.el9.x86_64                           26/84 
Test OLM installation	Arrange OLM test installation	2026-01-30T04:45:16.6552309Z #14 14.13   Verifying        : libcap-2.48-10.el9.x86_64                            27/84 
Test OLM installation	Arrange OLM test installation	2026-01-30T04:45:16.6553155Z #14 14.13   Verifying        : libcom_err-1.46.5-8.el9.x86_64                       28/84 
Test OLM installation	Arrange OLM test installation	2026-01-30T04:45:16.6553983Z #14 14.13   Verifying        : libevent-2.1.12-8.el9_4.x86_64                       29/84 
Test OLM installation	Arrange OLM test installation	2026-01-30T04:45:16.6554828Z #14 14.13   Verifying        : libffi-3.4.2-8.el9.x86_64                            30/84 
Test OLM installation	Arrange OLM test installation	2026-01-30T04:45:16.6556577Z #14 14.13   Verifying        : libgcc-11.5.0-11.el9.x86_64                          31/84 
Test OLM installation	Arrange OLM test installation	2026-01-30T04:45:16.6557457Z #14 14.13   Verifying        : libgcrypt-1.10.0-11.el9.x86_64                       32/84 
Test OLM installation	Arrange OLM test installation	2026-01-30T04:45:16.6558340Z #14 14.13   Verifying        : libgpg-error-1.42-5.el9.x86_64                       33/84 
Test OLM installation	Arrange OLM test installation	2026-01-30T04:45:16.6559203Z #14 14.13   Verifying        : libidn2-2.3.0-7.el9.x86_64                           34/84 
Test OLM installation	Arrange OLM test installation	2026-01-30T04:45:16.6560070Z #14 14.13   Verifying        : libselinux-3.6-3.el9.x86_64                          35/84 
Test OLM installation	Arrange OLM test installation	2026-01-30T04:45:16.6560933Z #14 14.13   Verifying        : libsepol-3.6-3.el9.x86_64                            36/84 
Test OLM installation	Arrange OLM test installation	2026-01-30T04:45:16.6561819Z #14 14.13   Verifying        : libsigsegv-2.13-4.el9.x86_64                         37/84 
Test OLM installation	Arrange OLM test installation	2026-01-30T04:45:16.6562679Z #14 14.13   Verifying        : libtasn1-4.16.0-9.el9.x86_64                         38/84 
Test OLM installation	Arrange OLM test installation	2026-01-30T04:45:16.6563575Z #14 14.13   Verifying        : libunistring-0.9.10-15.el9.x86_64                    39/84 
Test OLM installation	Arrange OLM test installation	2026-01-30T04:45:16.6564479Z #14 14.13   Verifying        : libuuid-2.37.4-21.el9.x86_64                         40/84 
Test OLM installation	Arrange OLM test installation	2026-01-30T04:45:16.6565510Z #14 14.13   Verifying        : libverto-0.3.2-3.el9.x86_64                          41/84 
Test OLM installation	Arrange OLM test installation	2026-01-30T04:45:16.6566360Z #14 14.13   Verifying        : libxcrypt-4.4.18-3.el9.x86_64                        42/84 
Test OLM installation	Arrange OLM test installation	2026-01-30T04:45:16.6567218Z #14 14.13   Verifying        : libzstd-1.5.5-1.el9.x86_64                           43/84 
Test OLM installation	Arrange OLM test installation	2026-01-30T04:45:16.6568092Z #14 14.13   Verifying        : lksctp-tools-1.0.19-3.el9_4.x86_64                   44/84 
Test OLM installation	Arrange OLM test installation	2026-01-30T04:45:16.6568944Z #14 14.13   Verifying        : lua-libs-5.4.4-4.el9.x86_64                          45/84 
Test OLM installation	Arrange OLM test installation	2026-01-30T04:45:16.6569785Z #14 14.13   Verifying        : lz4-libs-1.9.3-5.el9.x86_64                          46/84 
Test OLM installation	Arrange OLM test installation	2026-01-30T04:45:16.6570636Z #14 14.13   Verifying        : mpfr-4.1.0-7.el9.x86_64                              47/84 
Test OLM installation	Arrange OLM test installation	2026-01-30T04:45:16.6571507Z #14 14.13   Verifying        : ncurses-base-6.2-12.20210508.el9.noarch              48/84 
Test OLM installation	Arrange OLM test installation	2026-01-30T04:45:16.6572399Z #14 14.13   Verifying        : ncurses-libs-6.2-12.20210508.el9.x86_64              49/84 
Test OLM installation	Arrange OLM test installation	2026-01-30T04:45:16.6573273Z #14 14.13   Verifying        : nettle-3.10.1-1.el9.x86_64                           50/84 
Test OLM installation	Arrange OLM test installation	2026-01-30T04:45:16.6574172Z #14 14.13   Verifying        : openssl-fips-provider-3.0.7-8.el9.x86_64             51/84 
Test OLM installation	Arrange OLM test installation	2026-01-30T04:45:16.6575066Z #14 14.13   Verifying        : openssl-fips-provider-so-3.0.7-8.el9.x86_64          52/84 
Test OLM installation	Arrange OLM test installation	2026-01-30T04:45:16.6576138Z #14 14.13   Verifying        : openssl-libs-1:3.5.1-7.el9_7.x86_64                  53/84 
Test OLM installation	Arrange OLM test installation	2026-01-30T04:45:16.6576984Z #14 14.13   Verifying        : p11-kit-0.25.3-3.el9_5.x86_64                        54/84 
Test OLM installation	Arrange OLM test installation	2026-01-30T04:45:16.6577836Z #14 14.13   Verifying        : p11-kit-trust-0.25.3-3.el9_5.x86_64                  55/84 
Test OLM installation	Arrange OLM test installation	2026-01-30T04:45:16.6578983Z #14 14.13   Verifying        : pcre-8.44-4.el9.x86_64                               56/84 
Test OLM installation	Arrange OLM test installation	2026-01-30T04:45:16.6579868Z #14 14.13   Verifying        : pcre2-10.40-6.el9.x86_64                             57/84 
Test OLM installation	Arrange OLM test installation	2026-01-30T04:45:16.6580745Z #14 14.13   Verifying        : pcre2-syntax-10.40-6.el9.noarch                      58/84 
Test OLM installation	Arrange OLM test installation	2026-01-30T04:45:16.6581610Z #14 14.13   Verifying        : python3-3.9.25-3.el9_7.x86_64                        59/84 
Test OLM installation	Arrange OLM test installation	2026-01-30T04:45:16.6582488Z #14 14.13   Verifying        : python3-libs-3.9.25-3.el9_7.x86_64                   60/84 
Test OLM installation	Arrange OLM test installation	2026-01-30T04:45:16.6583379Z #14 14.13   Verifying        : python3-pip-wheel-21.3.1-1.el9.noarch                61/84 
Test OLM installation	Arrange OLM test installation	2026-01-30T04:45:16.6584302Z #14 14.13   Verifying        : python3-setuptools-wheel-53.0.0-15.el9.noarch        62/84 
Test OLM installation	Arrange OLM test installation	2026-01-30T04:45:16.6585552Z #14 14.13   Verifying        : readline-8.1-4.el9.x86_64                            63/84 
Test OLM installation	Arrange OLM test installation	2026-01-30T04:45:16.6586477Z #14 14.13   Verifying        : redhat-release-9.7-0.7.el9.x86_64                    64/84 
Test OLM installation	Arrange OLM test installation	2026-01-30T04:45:16.6587648Z #14 14.13   Verifying        : sed-4.8-9.el9.x86_64                                 65/84 
Test OLM installation	Arrange OLM test installation	2026-01-30T04:45:16.6588487Z #14 14.13   Verifying        : setup-2.13.7-10.el9.noarch                           66/84 
Test OLM installation	Arrange OLM test installation	2026-01-30T04:45:16.6589349Z #14 14.13   Verifying        : sqlite-libs-3.34.1-9.el9_7.x86_64                    67/84 
Test OLM installation	Arrange OLM test installation	2026-01-30T04:45:16.6590240Z #14 14.13   Verifying        : systemd-libs-252-55.el9_7.7.x86_64                   68/84 
Test OLM installation	Arrange OLM test installation	2026-01-30T04:45:16.6591120Z #14 14.13   Verifying        : tzdata-2025c-1.el9.noarch                            69/84 
Test OLM installation	Arrange OLM test installation	2026-01-30T04:45:16.6591994Z #14 14.13   Verifying        : xz-libs-5.2.5-8.el9_0.x86_64                         70/84 
Test OLM installation	Arrange OLM test installation	2026-01-30T04:45:16.6592833Z #14 14.13   Verifying        : zlib-1.2.11-40.el9.x86_64                            71/84 
Test OLM installation	Arrange OLM test installation	2026-01-30T04:45:16.6593690Z #14 14.13   Verifying        : copy-jdk-configs-4.0-3.el9.noarch                    72/84 
Test OLM installation	Arrange OLM test installation	2026-01-30T04:45:16.6594571Z #14 14.13   Verifying        : lua-5.4.4-4.el9.x86_64                               73/84 
Test OLM installation	Arrange OLM test installation	2026-01-30T04:45:16.6595650Z #14 14.13   Verifying        : lua-posix-35.0-8.el9.x86_64                          74/84 
Test OLM installation	Arrange OLM test installation	2026-01-30T04:45:16.6596523Z #14 14.13   Verifying        : alsa-lib-1.2.14-1.el9.x86_64                         75/84 
Test OLM installation	Arrange OLM test installation	2026-01-30T04:45:16.6597411Z #14 14.13   Verifying        : java-21-openjdk-headless-1:21.0.10.0.7-1.el9.x86_6   76/84 
Test OLM installation	Arrange OLM test installation	2026-01-30T04:45:16.6598342Z #14 14.13   Verifying        : javapackages-filesystem-6.4.0-1.el9.noarch           77/84 
Test OLM installation	Arrange OLM test installation	2026-01-30T04:45:16.6599255Z #14 14.13   Verifying        : nspr-4.36.0-4.el9_4.x86_64                           78/84 
Test OLM installation	Arrange OLM test installation	2026-01-30T04:45:16.6600102Z #14 14.13   Verifying        : nss-3.112.0-4.el9_4.x86_64                           79/84 
Test OLM installation	Arrange OLM test installation	2026-01-30T04:45:16.6600965Z #14 14.13   Verifying        : nss-softokn-3.112.0-4.el9_4.x86_64                   80/84 
Test OLM installation	Arrange OLM test installation	2026-01-30T04:45:16.6601854Z #14 14.13   Verifying        : nss-softokn-freebl-3.112.0-4.el9_4.x86_64            81/84 
Test OLM installation	Arrange OLM test installation	2026-01-30T04:45:16.6602769Z #14 14.13   Verifying        : nss-sysinit-3.112.0-4.el9_4.x86_64                   82/84 
Test OLM installation	Arrange OLM test installation	2026-01-30T04:45:16.6603657Z #14 14.13   Verifying        : nss-util-3.112.0-4.el9_4.x86_64                      83/84 
Test OLM installation	Arrange OLM test installation	2026-01-30T04:45:16.6604550Z #14 14.13   Verifying        : tzdata-java-2025c-1.el9.noarch                       84/84 
Test OLM installation	Arrange OLM test installation	2026-01-30T04:45:16.6605454Z #14 14.19 Installed products updated.
Test OLM installation	Arrange OLM test installation	2026-01-30T04:45:16.6605897Z #14 14.21 
Test OLM installation	Arrange OLM test installation	2026-01-30T04:45:16.6606190Z #14 14.21 Installed:
Test OLM installation	Arrange OLM test installation	2026-01-30T04:45:16.6606722Z #14 14.21   alsa-lib-1.2.14-1.el9.x86_64                                                  
Test OLM installation	Arrange OLM test installation	2026-01-30T04:45:16.6607579Z #14 14.21   alternatives-1.24-2.el9.x86_64                                                
Test OLM installation	Arrange OLM test installation	2026-01-30T04:45:16.6608431Z #14 14.21   avahi-libs-0.8-23.el9.x86_64                                                  
Test OLM installation	Arrange OLM test installation	2026-01-30T04:45:16.6609266Z #14 14.21   basesystem-11-13.el9.noarch                                                   
Test OLM installation	Arrange OLM test installation	2026-01-30T04:45:16.6610321Z #14 14.21   bash-5.1.8-9.el9.x86_64                                                       
Test OLM installation	Arrange OLM test installation	2026-01-30T04:45:16.6611149Z #14 14.21   bzip2-libs-1.0.8-10.el9_5.x86_64                                              
Test OLM installation	Arrange OLM test installation	2026-01-30T04:45:16.6612013Z #14 14.21   ca-certificates-2025.2.80_v9.0.305-91.el9.noarch                              
Test OLM installation	Arrange OLM test installation	2026-01-30T04:45:16.6612904Z #14 14.21   copy-jdk-configs-4.0-3.el9.noarch                                             
Test OLM installation	Arrange OLM test installation	2026-01-30T04:45:16.6613799Z #14 14.21   coreutils-single-8.32-39.el9.x86_64                                           
Test OLM installation	Arrange OLM test installation	2026-01-30T04:45:16.6614763Z #14 14.21   crypto-policies-20250905-1.git377cc42.el9_7.noarch                            
Test OLM installation	Arrange OLM test installation	2026-01-30T04:45:16.6615990Z #14 14.21   crypto-policies-scripts-20250905-1.git377cc42.el9_7.noarch                    
Test OLM installation	Arrange OLM test installation	2026-01-30T04:45:16.6616936Z #14 14.21   cups-libs-1:2.3.3op2-34.el9_7.2.x86_64                                        
Test OLM installation	Arrange OLM test installation	2026-01-30T04:45:16.6617776Z #14 14.21   dbus-libs-1:1.12.20-8.el9.x86_64                                              
Test OLM installation	Arrange OLM test installation	2026-01-30T04:45:16.6618834Z #14 14.21   expat-2.5.0-5.el9_7.1.x86_64                                                  
Test OLM installation	Arrange OLM test installation	2026-01-30T04:45:16.6619660Z #14 14.21   filesystem-3.16-5.el9.x86_64                                                  
Test OLM installation	Arrange OLM test installation	2026-01-30T04:45:16.6620489Z #14 14.21   findutils-1:4.8.0-7.el9.x86_64                                                
Test OLM installation	Arrange OLM test installation	2026-01-30T04:45:16.6621284Z #14 14.21   gawk-5.1.0-6.el9.x86_64                                                       
Test OLM installation	Arrange OLM test installation	2026-01-30T04:45:16.6622061Z #14 14.21   gdbm-libs-1:1.23-1.el9.x86_64                                                 
Test OLM installation	Arrange OLM test installation	2026-01-30T04:45:16.6622860Z #14 14.21   glibc-2.34-231.el9_7.2.x86_64                                                 
Test OLM installation	Arrange OLM test installation	2026-01-30T04:45:16.6623703Z #14 14.21   glibc-common-2.34-231.el9_7.2.x86_64                                          
Test OLM installation	Arrange OLM test installation	2026-01-30T04:45:16.6624595Z #14 14.21   glibc-langpack-en-2.34-231.el9_7.2.x86_64                                     
Test OLM installation	Arrange OLM test installation	2026-01-30T04:45:16.6625645Z #14 14.21   gmp-1:6.2.0-13.el9.x86_64                                                     
Test OLM installation	Arrange OLM test installation	2026-01-30T04:45:16.6626439Z #14 14.21   gnutls-3.8.3-9.el9.x86_64                                                     
Test OLM installation	Arrange OLM test installation	2026-01-30T04:45:16.6627247Z #14 14.21   grep-3.6-5.el9.x86_64                                                         
Test OLM installation	Arrange OLM test installation	2026-01-30T04:45:16.6628129Z #14 14.21   java-21-openjdk-headless-1:21.0.10.0.7-1.el9.x86_64                           
Test OLM installation	Arrange OLM test installation	2026-01-30T04:45:16.6629121Z #14 14.21   javapackages-filesystem-6.4.0-1.el9.noarch                                    
Test OLM installation	Arrange OLM test installation	2026-01-30T04:45:16.6630083Z #14 14.21   keyutils-libs-1.6.3-1.el9.x86_64                                              
Test OLM installation	Arrange OLM test installation	2026-01-30T04:45:16.6630937Z #14 14.21   krb5-libs-1.21.1-8.el9_6.x86_64                                               
Test OLM installation	Arrange OLM test installation	2026-01-30T04:45:16.6631737Z #14 14.21   libacl-2.3.1-4.el9.x86_64                                                     
Test OLM installation	Arrange OLM test installation	2026-01-30T04:45:16.6632619Z #14 14.21   libattr-2.5.1-3.el9.x86_64                                                    
Test OLM installation	Arrange OLM test installation	2026-01-30T04:45:16.6633456Z #14 14.21   libcap-2.48-10.el9.x86_64                                                     
Test OLM installation	Arrange OLM test installation	2026-01-30T04:45:16.6634293Z #14 14.21   libcom_err-1.46.5-8.el9.x86_64                                                
Test OLM installation	Arrange OLM test installation	2026-01-30T04:45:16.6635123Z #14 14.21   libevent-2.1.12-8.el9_4.x86_64                                                
Test OLM installation	Arrange OLM test installation	2026-01-30T04:45:16.6636138Z #14 14.21   libffi-3.4.2-8.el9.x86_64                                                     
Test OLM installation	Arrange OLM test installation	2026-01-30T04:45:16.6636955Z #14 14.21   libgcc-11.5.0-11.el9.x86_64                                                   
Test OLM installation	Arrange OLM test installation	2026-01-30T04:45:16.6637771Z #14 14.21   libgcrypt-1.10.0-11.el9.x86_64                                                
Test OLM installation	Arrange OLM test installation	2026-01-30T04:45:16.6638614Z #14 14.21   libgpg-error-1.42-5.el9.x86_64                                                
Test OLM installation	Arrange OLM test installation	2026-01-30T04:45:16.6639456Z #14 14.21   libidn2-2.3.0-7.el9.x86_64                                                    
Test OLM installation	Arrange OLM test installation	2026-01-30T04:45:16.6640524Z #14 14.21   libselinux-3.6-3.el9.x86_64                                                   
Test OLM installation	Arrange OLM test installation	2026-01-30T04:45:16.6641342Z #14 14.21   libsepol-3.6-3.el9.x86_64                                                     
Test OLM installation	Arrange OLM test installation	2026-01-30T04:45:16.6642166Z #14 14.21   libsigsegv-2.13-4.el9.x86_64                                                  
Test OLM installation	Arrange OLM test installation	2026-01-30T04:45:16.6643043Z #14 14.21   libtasn1-4.16.0-9.el9.x86_64                                                  
Test OLM installation	Arrange OLM test installation	2026-01-30T04:45:16.6643882Z #14 14.21   libunistring-0.9.10-15.el9.x86_64                                             
Test OLM installation	Arrange OLM test installation	2026-01-30T04:45:16.6644715Z #14 14.21   libuuid-2.37.4-21.el9.x86_64                                                  
Test OLM installation	Arrange OLM test installation	2026-01-30T04:45:16.6645752Z #14 14.21   libverto-0.3.2-3.el9.x86_64                                                   
Test OLM installation	Arrange OLM test installation	2026-01-30T04:45:16.6646617Z #14 14.21   libxcrypt-4.4.18-3.el9.x86_64                                                 
Test OLM installation	Arrange OLM test installation	2026-01-30T04:45:16.6647460Z #14 14.21   libzstd-1.5.5-1.el9.x86_64                                                    
Test OLM installation	Arrange OLM test installation	2026-01-30T04:45:16.6648547Z #14 14.21   lksctp-tools-1.0.19-3.el9_4.x86_64                                            
Test OLM installation	Arrange OLM test installation	2026-01-30T04:45:16.6649372Z #14 14.21   lua-5.4.4-4.el9.x86_64                                                        
Test OLM installation	Arrange OLM test installation	2026-01-30T04:45:16.6650158Z #14 14.21   lua-libs-5.4.4-4.el9.x86_64                                                   
Test OLM installation	Arrange OLM test installation	2026-01-30T04:45:16.6650974Z #14 14.21   lua-posix-35.0-8.el9.x86_64                                                   
Test OLM installation	Arrange OLM test installation	2026-01-30T04:45:16.6651807Z #14 14.21   lz4-libs-1.9.3-5.el9.x86_64                                                   
Test OLM installation	Arrange OLM test installation	2026-01-30T04:45:16.6652600Z #14 14.21   mpfr-4.1.0-7.el9.x86_64                                                       
Test OLM installation	Arrange OLM test installation	2026-01-30T04:45:16.6653405Z #14 14.21   ncurses-base-6.2-12.20210508.el9.noarch                                       
Test OLM installation	Arrange OLM test installation	2026-01-30T04:45:16.6654261Z #14 14.21   ncurses-libs-6.2-12.20210508.el9.x86_64                                       
Test OLM installation	Arrange OLM test installation	2026-01-30T04:45:16.6655064Z #14 14.21   nettle-3.10.1-1.el9.x86_64                                                    
Test OLM installation	Arrange OLM test installation	2026-01-30T04:45:16.6656082Z #14 14.21   nspr-4.36.0-4.el9_4.x86_64                                                    
Test OLM installation	Arrange OLM test installation	2026-01-30T04:45:16.6656836Z #14 14.21   nss-3.112.0-4.el9_4.x86_64                                                    
Test OLM installation	Arrange OLM test installation	2026-01-30T04:45:16.6657659Z #14 14.21   nss-softokn-3.112.0-4.el9_4.x86_64                                            
Test OLM installation	Arrange OLM test installation	2026-01-30T04:45:16.6658579Z #14 14.21   nss-softokn-freebl-3.112.0-4.el9_4.x86_64                                     
Test OLM installation	Arrange OLM test installation	2026-01-30T04:45:16.6659485Z #14 14.21   nss-sysinit-3.112.0-4.el9_4.x86_64                                            
Test OLM installation	Arrange OLM test installation	2026-01-30T04:45:16.6660330Z #14 14.21   nss-util-3.112.0-4.el9_4.x86_64                                               
Test OLM installation	Arrange OLM test installation	2026-01-30T04:45:16.6661224Z #14 14.21   openssl-fips-provider-3.0.7-8.el9.x86_64                                      
Test OLM installation	Arrange OLM test installation	2026-01-30T04:45:16.6662182Z #14 14.21   openssl-fips-provider-so-3.0.7-8.el9.x86_64                                   
Test OLM installation	Arrange OLM test installation	2026-01-30T04:45:16.6663140Z #14 14.21   openssl-libs-1:3.5.1-7.el9_7.x86_64                                           
Test OLM installation	Arrange OLM test installation	2026-01-30T04:45:16.6663963Z #14 14.21   p11-kit-0.25.3-3.el9_5.x86_64                                                 
Test OLM installation	Arrange OLM test installation	2026-01-30T04:45:16.6664785Z #14 14.21   p11-kit-trust-0.25.3-3.el9_5.x86_64                                           
Test OLM installation	Arrange OLM test installation	2026-01-30T04:45:16.6665811Z #14 14.21   pcre-8.44-4.el9.x86_64                                                        
Test OLM installation	Arrange OLM test installation	2026-01-30T04:45:16.6666609Z #14 14.21   pcre2-10.40-6.el9.x86_64                                                      
Test OLM installation	Arrange OLM test installation	2026-01-30T04:45:16.6667455Z #14 14.21   pcre2-syntax-10.40-6.el9.noarch                                               
Test OLM installation	Arrange OLM test installation	2026-01-30T04:45:16.6668342Z #14 14.21   python3-3.9.25-3.el9_7.x86_64                                                 
Test OLM installation	Arrange OLM test installation	2026-01-30T04:45:16.6669187Z #14 14.21   python3-libs-3.9.25-3.el9_7.x86_64                                            
Test OLM installation	Arrange OLM test installation	2026-01-30T04:45:16.6670291Z #14 14.21   python3-pip-wheel-21.3.1-1.el9.noarch                                         
Test OLM installation	Arrange OLM test installation	2026-01-30T04:45:16.6671275Z #14 14.21   python3-setuptools-wheel-53.0.0-15.el9.noarch                                 
Test OLM installation	Arrange OLM test installation	2026-01-30T04:45:16.6672192Z #14 14.21   readline-8.1-4.el9.x86_64                                                     
Test OLM installation	Arrange OLM test installation	2026-01-30T04:45:16.6673037Z #14 14.21   redhat-release-9.7-0.7.el9.x86_64                                             
Test OLM installation	Arrange OLM test installation	2026-01-30T04:45:16.6673848Z #14 14.21   sed-4.8-9.el9.x86_64                                                          
Test OLM installation	Arrange OLM test installation	2026-01-30T04:45:16.6674619Z #14 14.21   setup-2.13.7-10.el9.noarch                                                    
Test OLM installation	Arrange OLM test installation	2026-01-30T04:45:16.6675675Z #14 14.21   sqlite-libs-3.34.1-9.el9_7.x86_64                                             
Test OLM installation	Arrange OLM test installation	2026-01-30T04:45:16.6676565Z #14 14.21   systemd-libs-252-55.el9_7.7.x86_64                                            
Test OLM installation	Arrange OLM test installation	2026-01-30T04:45:16.6677410Z #14 14.21   tzdata-2025c-1.el9.noarch                                                     
Test OLM installation	Arrange OLM test installation	2026-01-30T04:45:16.6678505Z #14 14.21   tzdata-java-2025c-1.el9.noarch                                                
Test OLM installation	Arrange OLM test installation	2026-01-30T04:45:16.6679358Z #14 14.21   xz-libs-5.2.5-8.el9_0.x86_64                                                  
Test OLM installation	Arrange OLM test installation	2026-01-30T04:45:16.6680166Z #14 14.21   zlib-1.2.11-40.el9.x86_64                                                     
Test OLM installation	Arrange OLM test installation	2026-01-30T04:45:16.6680782Z #14 14.21 
Test OLM installation	Arrange OLM test installation	2026-01-30T04:45:16.6681087Z #14 14.21 Complete!
Test OLM installation	Arrange OLM test installation	2026-01-30T04:45:16.6681539Z #14 14.32 + dnf --installroot /tmp/null/rootfs clean all
Test OLM installation	Arrange OLM test installation	2026-01-30T04:45:16.9008296Z #14 14.56 Updating Subscription Management repositories.
Test OLM installation	Arrange OLM test installation	2026-01-30T04:45:17.1017249Z #14 14.56 Unable to read consumer identity
Test OLM installation	Arrange OLM test installation	2026-01-30T04:45:17.1017781Z #14 14.57 
Test OLM installation	Arrange OLM test installation	2026-01-30T04:45:17.1018278Z #14 14.57 This system is not registered with an entitlement server. You can use subscription-manager to register.
Test OLM installation	Arrange OLM test installation	2026-01-30T04:45:17.1018772Z #14 14.57 
Test OLM installation	Arrange OLM test installation	2026-01-30T04:45:17.1018951Z #14 14.57 26 files removed
Test OLM installation	Arrange OLM test installation	2026-01-30T04:45:17.1019909Z #14 14.61 + rm -rf /tmp/null/rootfs/var/cache/bpf /tmp/null/rootfs/var/cache/dnf /tmp/null/rootfs/var/cache/ldconfig /tmp/null/rootfs/var/log/dnf.librepo.log /tmp/null/rootfs/var/log/dnf.log /tmp/null/rootfs/var/log/dnf.rpm.log '/tmp/null/rootfs/var/log/yum.*'
Test OLM installation	Arrange OLM test installation	2026-01-30T04:45:17.1020895Z #14 14.61 ==> Building dependency tree
Test OLM installation	Arrange OLM test installation	2026-01-30T04:45:17.3554312Z #14 15.02 ==> 41 packages to erase:
Test OLM installation	Arrange OLM test installation	2026-01-30T04:45:17.5109192Z #14 15.02 alsa-lib
Test OLM installation	Arrange OLM test installation	2026-01-30T04:45:17.5109648Z #14 15.02 avahi-libs
Test OLM installation	Arrange OLM test installation	2026-01-30T04:45:17.5110008Z #14 15.02 bzip2-libs
Test OLM installation	Arrange OLM test installation	2026-01-30T04:45:17.5110364Z #14 15.02 copy-jdk-configs
Test OLM installation	Arrange OLM test installation	2026-01-30T04:45:17.5110747Z #14 15.02 cups-libs
Test OLM installation	Arrange OLM test installation	2026-01-30T04:45:17.5111064Z #14 15.02 dbus-libs
Test OLM installation	Arrange OLM test installation	2026-01-30T04:45:17.5111404Z #14 15.02 expat
Test OLM installation	Arrange OLM test installation	2026-01-30T04:45:17.5111710Z #14 15.02 gawk
Test OLM installation	Arrange OLM test installation	2026-01-30T04:45:17.5112008Z #14 15.02 gdbm-libs
Test OLM installation	Arrange OLM test installation	2026-01-30T04:45:17.5112310Z #14 15.02 gmp
Test OLM installation	Arrange OLM test installation	2026-01-30T04:45:17.5112608Z #14 15.02 gnutls
Test OLM installation	Arrange OLM test installation	2026-01-30T04:45:17.5112923Z #14 15.02 gpg-pubkey
Test OLM installation	Arrange OLM test installation	2026-01-30T04:45:17.5113275Z #14 15.02 keyutils-libs
Test OLM installation	Arrange OLM test installation	2026-01-30T04:45:17.5113619Z #14 15.02 krb5-libs
Test OLM installation	Arrange OLM test installation	2026-01-30T04:45:17.5113949Z #14 15.02 libcom_err
Test OLM installation	Arrange OLM test installation	2026-01-30T04:45:17.5114258Z #14 15.02 libevent
Test OLM installation	Arrange OLM test installation	2026-01-30T04:45:17.5114570Z #14 15.02 libgcrypt
Test OLM installation	Arrange OLM test installation	2026-01-30T04:45:17.5114891Z #14 15.02 libgpg-error
Test OLM installation	Arrange OLM test installation	2026-01-30T04:45:17.5115439Z #14 15.02 libidn2
Test OLM installation	Arrange OLM test installation	2026-01-30T04:45:17.5115763Z #14 15.02 libunistring
Test OLM installation	Arrange OLM test installation	2026-01-30T04:45:17.5116087Z #14 15.02 libuuid
Test OLM installation	Arrange OLM test installation	2026-01-30T04:45:17.5116385Z #14 15.02 libverto
Test OLM installation	Arrange OLM test installation	2026-01-30T04:45:17.5116688Z #14 15.02 libxcrypt
Test OLM installation	Arrange OLM test installation	2026-01-30T04:45:17.5116998Z #14 15.02 libzstd
Test OLM installation	Arrange OLM test installation	2026-01-30T04:45:17.5117307Z #14 15.02 lua
Test OLM installation	Arrange OLM test installation	2026-01-30T04:45:17.5117597Z #14 15.02 lua-libs
Test OLM installation	Arrange OLM test installation	2026-01-30T04:45:17.5117911Z #14 15.02 lua-posix
Test OLM installation	Arrange OLM test installation	2026-01-30T04:45:17.5118230Z #14 15.02 lz4-libs
Test OLM installation	Arrange OLM test installation	2026-01-30T04:45:17.5118524Z #14 15.02 mpfr
Test OLM installation	Arrange OLM test installation	2026-01-30T04:45:17.5118823Z #14 15.02 nettle
Test OLM installation	Arrange OLM test installation	2026-01-30T04:45:17.5119161Z #14 15.02 openssl-fips-provider
Test OLM installation	Arrange OLM test installation	2026-01-30T04:45:17.5119592Z #14 15.02 openssl-fips-provider-so
Test OLM installation	Arrange OLM test installation	2026-01-30T04:45:17.5120020Z #14 15.02 openssl-libs
Test OLM installation	Arrange OLM test installation	2026-01-30T04:45:17.5120732Z #14 15.02 p11-kit
Test OLM installation	Arrange OLM test installation	2026-01-30T04:45:17.5121058Z #14 15.02 python3
Test OLM installation	Arrange OLM test installation	2026-01-30T04:45:17.5121385Z #14 15.02 python3-libs
Test OLM installation	Arrange OLM test installation	2026-01-30T04:45:17.5121756Z #14 15.02 python3-pip-wheel
Test OLM installation	Arrange OLM test installation	2026-01-30T04:45:17.5122157Z #14 15.02 python3-setuptools-wheel
Test OLM installation	Arrange OLM test installation	2026-01-30T04:45:17.5122569Z #14 15.02 readline
Test OLM installation	Arrange OLM test installation	2026-01-30T04:45:17.5122887Z #14 15.02 systemd-libs
Test OLM installation	Arrange OLM test installation	2026-01-30T04:45:17.5123223Z #14 15.02 xz-libs
Test OLM installation	Arrange OLM test installation	2026-01-30T04:45:17.5123543Z #14 15.02 ==> 44 packages to keep:
Test OLM installation	Arrange OLM test installation	2026-01-30T04:45:17.5123935Z #14 15.02 alternatives
Test OLM installation	Arrange OLM test installation	2026-01-30T04:45:17.5124262Z #14 15.02 basesystem
Test OLM installation	Arrange OLM test installation	2026-01-30T04:45:17.5124575Z #14 15.02 bash
Test OLM installation	Arrange OLM test installation	2026-01-30T04:45:17.5124895Z #14 15.02 ca-certificates
Test OLM installation	Arrange OLM test installation	2026-01-30T04:45:17.5125681Z #14 15.02 coreutils-single
Test OLM installation	Arrange OLM test installation	2026-01-30T04:45:17.5126193Z #14 15.02 crypto-policies
Test OLM installation	Arrange OLM test installation	2026-01-30T04:45:17.5126590Z #14 15.02 crypto-policies-scripts
Test OLM installation	Arrange OLM test installation	2026-01-30T04:45:17.5126993Z #14 15.02 filesystem
Test OLM installation	Arrange OLM test installation	2026-01-30T04:45:17.5127314Z #14 15.02 findutils
Test OLM installation	Arrange OLM test installation	2026-01-30T04:45:17.5127626Z #14 15.02 glibc
Test OLM installation	Arrange OLM test installation	2026-01-30T04:45:17.5127929Z #14 15.02 glibc-common
Test OLM installation	Arrange OLM test installation	2026-01-30T04:45:17.5128286Z #14 15.02 glibc-langpack-en
Test OLM installation	Arrange OLM test installation	2026-01-30T04:45:17.5128887Z #14 15.02 grep
Test OLM installation	Arrange OLM test installation	2026-01-30T04:45:17.5129220Z #14 15.02 java-21-openjdk-headless
Test OLM installation	Arrange OLM test installation	2026-01-30T04:45:17.5129643Z #14 15.02 javapackages-filesystem
Test OLM installation	Arrange OLM test installation	2026-01-30T04:45:17.5130035Z #14 15.02 libacl
Test OLM installation	Arrange OLM test installation	2026-01-30T04:45:17.5130336Z #14 15.02 libattr
Test OLM installation	Arrange OLM test installation	2026-01-30T04:45:17.5130632Z #14 15.02 libcap
Test OLM installation	Arrange OLM test installation	2026-01-30T04:45:17.5130933Z #14 15.02 libffi
Test OLM installation	Arrange OLM test installation	2026-01-30T04:45:17.5131230Z #14 15.02 libgcc
Test OLM installation	Arrange OLM test installation	2026-01-30T04:45:17.5131522Z #14 15.02 libselinux
Test OLM installation	Arrange OLM test installation	2026-01-30T04:45:17.5131845Z #14 15.02 libsepol
Test OLM installation	Arrange OLM test installation	2026-01-30T04:45:17.5132160Z #14 15.02 libsigsegv
Test OLM installation	Arrange OLM test installation	2026-01-30T04:45:17.5132479Z #14 15.02 libtasn1
Test OLM installation	Arrange OLM test installation	2026-01-30T04:45:17.5132788Z #14 15.02 lksctp-tools
Test OLM installation	Arrange OLM test installation	2026-01-30T04:45:17.5133125Z #14 15.02 ncurses-base
Test OLM installation	Arrange OLM test installation	2026-01-30T04:45:17.5133457Z #14 15.02 ncurses-libs
Test OLM installation	Arrange OLM test installation	2026-01-30T04:45:17.5133774Z #14 15.02 nspr
Test OLM installation	Arrange OLM test installation	2026-01-30T04:45:17.5134067Z #14 15.02 nss
Test OLM installation	Arrange OLM test installation	2026-01-30T04:45:17.5134366Z #14 15.02 nss-softokn
Test OLM installation	Arrange OLM test installation	2026-01-30T04:45:17.5134706Z #14 15.02 nss-softokn-freebl
Test OLM installation	Arrange OLM test installation	2026-01-30T04:45:17.5135098Z #14 15.02 nss-sysinit
Test OLM installation	Arrange OLM test installation	2026-01-30T04:45:17.5135601Z #14 15.02 nss-util
Test OLM installation	Arrange OLM test installation	2026-01-30T04:45:17.5135917Z #14 15.02 p11-kit-trust
Test OLM installation	Arrange OLM test installation	2026-01-30T04:45:17.5136254Z #14 15.02 pcre
Test OLM installation	Arrange OLM test installation	2026-01-30T04:45:17.5136553Z #14 15.02 pcre2
Test OLM installation	Arrange OLM test installation	2026-01-30T04:45:17.5136854Z #14 15.02 pcre2-syntax
Test OLM installation	Arrange OLM test installation	2026-01-30T04:45:17.5137192Z #14 15.02 redhat-release
Test OLM installation	Arrange OLM test installation	2026-01-30T04:45:17.5137534Z #14 15.02 sed
Test OLM installation	Arrange OLM test installation	2026-01-30T04:45:17.5137813Z #14 15.02 setup
Test OLM installation	Arrange OLM test installation	2026-01-30T04:45:17.5138112Z #14 15.02 sqlite-libs
Test OLM installation	Arrange OLM test installation	2026-01-30T04:45:17.5138434Z #14 15.02 tzdata
Test OLM installation	Arrange OLM test installation	2026-01-30T04:45:17.5138732Z #14 15.02 tzdata-java
Test OLM installation	Arrange OLM test installation	2026-01-30T04:45:17.5139052Z #14 15.02 zlib
Test OLM installation	Arrange OLM test installation	2026-01-30T04:45:17.5139341Z #14 15.02 
Test OLM installation	Arrange OLM test installation	2026-01-30T04:45:17.5139640Z #14 15.02 ==> Erasing packages
Test OLM installation	Arrange OLM test installation	2026-01-30T04:45:17.5140184Z #14 15.02 + xargs rpm -r /tmp/null/rootfs --erase --nodeps --allmatches
Test OLM installation	Arrange OLM test installation	2026-01-30T04:45:17.6414128Z #14 15.30 
Test OLM installation	Arrange OLM test installation	2026-01-30T04:45:17.6414578Z #14 15.30 ==> Packages erased ok!
Test OLM installation	Arrange OLM test installation	2026-01-30T04:45:17.8099782Z #14 DONE 15.3s
Test OLM installation	Arrange OLM test installation	2026-01-30T04:45:18.3377310Z 
Test OLM installation	Arrange OLM test installation	2026-01-30T04:45:18.3377983Z #15 [stage-1 2/4] COPY --from=ubi-micro-build /tmp/null/rootfs/ /
Test OLM installation	Arrange OLM test installation	2026-01-30T04:45:19.4677436Z #15 DONE 1.1s
Test OLM installation	Arrange OLM test installation	2026-01-30T04:45:19.6212842Z 
Test OLM installation	Arrange OLM test installation	2026-01-30T04:45:19.6213627Z #16 [stage-1 3/4] COPY --from=ubi-micro-build --chown=1000:0 /opt/keycloak /opt/keycloak
Test OLM installation	Arrange OLM test installation	2026-01-30T04:45:19.9640173Z #16 DONE 0.5s
Test OLM installation	Arrange OLM test installation	2026-01-30T04:45:20.0904290Z 
Test OLM installation	Arrange OLM test installation	2026-01-30T04:45:20.0905822Z #17 [stage-1 4/4] RUN echo "keycloak:x:0:root" >> /etc/group &&     echo "keycloak:x:1000:0:keycloak user:/opt/keycloak:/sbin/nologin" >> /etc/passwd
Test OLM installation	Arrange OLM test installation	2026-01-30T04:45:20.0907025Z #17 DONE 0.1s
Test OLM installation	Arrange OLM test installation	2026-01-30T04:45:20.2417939Z 
Test OLM installation	Arrange OLM test installation	2026-01-30T04:45:20.2419172Z #18 exporting to image
Test OLM installation	Arrange OLM test installation	2026-01-30T04:45:20.2419819Z #18 exporting layers
Test OLM installation	Arrange OLM test installation	2026-01-30T04:45:21.0083449Z #18 exporting layers 0.9s done
Test OLM installation	Arrange OLM test installation	2026-01-30T04:45:21.0278313Z #18 writing image sha256:36d2c36662f8829465bc8b72863e82986b4e16d4c5624223fc4a86edc2e56c74 done
Test OLM installation	Arrange OLM test installation	2026-01-30T04:45:21.0279561Z #18 naming to 192.168.49.2:5000/4e3016keycloak:86400000.0.0 done
Test OLM installation	Arrange OLM test installation	2026-01-30T04:45:21.0280106Z #18 DONE 0.9s
Test OLM installation	Arrange OLM test installation	2026-01-30T04:45:21.0331541Z + docker push 192.168.49.2:5000/4e3016keycloak:86400000.0.0
Test OLM installation	Arrange OLM test installation	2026-01-30T04:45:21.0488622Z The push refers to repository [192.168.49.2:5000/4e3016keycloak]
Test OLM installation	Arrange OLM test installation	2026-01-30T04:45:21.0496134Z Get "http://192.168.49.2:5000/v2/": dial tcp 192.168.49.2:5000: connect: connection refused
Test OLM installation	Arrange OLM test installation	2026-01-30T04:45:21.0517779Z ##[error]Process completed with exit code 1.
Test OLM installation	Debug Custom Resources	ï»¿2026-01-30T04:45:21.0563617Z ##[group]Run kubectl get keycloaks -A -o yaml
Test OLM installation	Debug Custom Resources	2026-01-30T04:45:21.0563979Z [36;1mkubectl get keycloaks -A -o yaml[0m
Test OLM installation	Debug Custom Resources	2026-01-30T04:45:21.0564294Z [36;1mkubectl get keycloakrealmimports -A -o yaml[0m
Test OLM installation	Debug Custom Resources	2026-01-30T04:45:21.0596687Z shell: /usr/bin/bash --noprofile --norc -e -o pipefail {0}
Test OLM installation	Debug Custom Resources	2026-01-30T04:45:21.0597021Z env:
Test OLM installation	Debug Custom Resources	2026-01-30T04:45:21.0597299Z   MAVEN_ARGS: -B -nsu -Daether.connector.http.connectionMaxTtl=25
Test OLM installation	Debug Custom Resources	2026-01-30T04:45:21.0597648Z   MINIKUBE_VERSION: v1.37.0
Test OLM installation	Debug Custom Resources	2026-01-30T04:45:21.0597890Z   KUBERNETES_VERSION: v1.32.9
Test OLM installation	Debug Custom Resources	2026-01-30T04:45:21.0598115Z   MINIKUBE_MEMORY: 4096
Test OLM installation	Debug Custom Resources	2026-01-30T04:45:21.0598439Z   JAVA_HOME: /opt/hostedtoolcache/Java_Temurin-Hotspot_jdk/21.0.10-7/x64
Test OLM installation	Debug Custom Resources	2026-01-30T04:45:21.0598928Z   JAVA_HOME_21_X64: /opt/hostedtoolcache/Java_Temurin-Hotspot_jdk/21.0.10-7/x64
Test OLM installation	Debug Custom Resources	2026-01-30T04:45:21.0599303Z   MINIKUBE_HOME: /home/runner/work/_temp
Test OLM installation	Debug Custom Resources	2026-01-30T04:45:21.0599548Z ##[endgroup]
Test OLM installation	Debug Custom Resources	2026-01-30T04:45:21.1602772Z error: the server doesn't have a resource type "keycloaks"
Test OLM installation	Debug Custom Resources	2026-01-30T04:45:21.1642490Z ##[error]Process completed with exit code 1.
Test OLM installation	Gather inspect report	ï»¿2026-01-30T04:45:21.1664666Z ##[group]Run oc adm inspect ns
Test OLM installation	Gather inspect report	2026-01-30T04:45:21.1664965Z [36;1moc adm inspect ns[0m
Test OLM installation	Gather inspect report	2026-01-30T04:45:21.1697463Z shell: /usr/bin/bash --noprofile --norc -e -o pipefail {0}
Test OLM installation	Gather inspect report	2026-01-30T04:45:21.1697786Z env:
Test OLM installation	Gather inspect report	2026-01-30T04:45:21.1698068Z   MAVEN_ARGS: -B -nsu -Daether.connector.http.connectionMaxTtl=25
Test OLM installation	Gather inspect report	2026-01-30T04:45:21.1698586Z   MINIKUBE_VERSION: v1.37.0
Test OLM installation	Gather inspect report	2026-01-30T04:45:21.1698820Z   KUBERNETES_VERSION: v1.32.9
Test OLM installation	Gather inspect report	2026-01-30T04:45:21.1699055Z   MINIKUBE_MEMORY: 4096
Test OLM installation	Gather inspect report	2026-01-30T04:45:21.1699372Z   JAVA_HOME: /opt/hostedtoolcache/Java_Temurin-Hotspot_jdk/21.0.10-7/x64
Test OLM installation	Gather inspect report	2026-01-30T04:45:21.1699848Z   JAVA_HOME_21_X64: /opt/hostedtoolcache/Java_Temurin-Hotspot_jdk/21.0.10-7/x64
Test OLM installation	Gather inspect report	2026-01-30T04:45:21.1700228Z   MINIKUBE_HOME: /home/runner/work/_temp
Test OLM installation	Gather inspect report	2026-01-30T04:45:21.1700476Z ##[endgroup]
Test OLM installation	Gather inspect report	2026-01-30T04:45:21.2609446Z Gathering data for ns/default...
Test OLM installation	Gather inspect report	2026-01-30T04:45:21.2975477Z W0130 04:45:21.297306   11347 util.go:118] the server doesn't have a resource type egressfirewalls, skipping the inspection
Test OLM installation	Gather inspect report	2026-01-30T04:45:21.2989885Z W0130 04:45:21.298855   11347 util.go:118] the server doesn't have a resource type egressqoses, skipping the inspection
Test OLM installation	Gather inspect report	2026-01-30T04:45:21.3325803Z W0130 04:45:21.332395   11347 util.go:118] the server doesn't have a resource type servicemonitors, skipping the inspection
Test OLM installation	Gather inspect report	2026-01-30T04:45:21.3340083Z W0130 04:45:21.333887   11347 util.go:118] the server doesn't have a resource type userdefinednetworks, skipping the inspection
Test OLM installation	Gather inspect report	2026-01-30T04:45:21.3341064Z Gathering data for ns/kube-node-lease...
Test OLM installation	Gather inspect report	2026-01-30T04:45:21.3698753Z W0130 04:45:21.369662   11347 util.go:118] the server doesn't have a resource type egressfirewalls, skipping the inspection
Test OLM installation	Gather inspect report	2026-01-30T04:45:21.3718987Z W0130 04:45:21.371761   11347 util.go:118] the server doesn't have a resource type egressqoses, skipping the inspection
Test OLM installation	Gather inspect report	2026-01-30T04:45:21.4086281Z W0130 04:45:21.408457   11347 util.go:118] the server doesn't have a resource type servicemonitors, skipping the inspection
Test OLM installation	Gather inspect report	2026-01-30T04:45:21.4104516Z Gathering data for ns/kube-public...
Test OLM installation	Gather inspect report	2026-01-30T04:45:21.4106354Z W0130 04:45:21.410341   11347 util.go:118] the server doesn't have a resource type userdefinednetworks, skipping the inspection
Test OLM installation	Gather inspect report	2026-01-30T04:45:21.4429522Z W0130 04:45:21.442738   11347 util.go:118] the server doesn't have a resource type egressfirewalls, skipping the inspection
Test OLM installation	Gather inspect report	2026-01-30T04:45:21.4444770Z W0130 04:45:21.444329   11347 util.go:118] the server doesn't have a resource type egressqoses, skipping the inspection
Test OLM installation	Gather inspect report	2026-01-30T04:45:21.4746631Z W0130 04:45:21.472477   11347 util.go:118] the server doesn't have a resource type servicemonitors, skipping the inspection
Test OLM installation	Gather inspect report	2026-01-30T04:45:21.4759212Z W0130 04:45:21.475780   11347 util.go:118] the server doesn't have a resource type userdefinednetworks, skipping the inspection
Test OLM installation	Gather inspect report	2026-01-30T04:45:21.4760081Z Gathering data for ns/kube-system...
Test OLM installation	Gather inspect report	2026-01-30T04:45:21.6756213Z W0130 04:45:21.675399   11347 util.go:118] the server doesn't have a resource type egressfirewalls, skipping the inspection
Test OLM installation	Gather inspect report	2026-01-30T04:45:21.6769984Z W0130 04:45:21.676856   11347 util.go:118] the server doesn't have a resource type egressqoses, skipping the inspection
Test OLM installation	Gather inspect report	2026-01-30T04:45:21.7241155Z W0130 04:45:21.723922   11347 util.go:118] the server doesn't have a resource type servicemonitors, skipping the inspection
Test OLM installation	Gather inspect report	2026-01-30T04:45:21.7254563Z W0130 04:45:21.725313   11347 util.go:118] the server doesn't have a resource type userdefinednetworks, skipping the inspection
Test OLM installation	Gather inspect report	2026-01-30T04:45:21.7256010Z Gathering data for ns/olm...
Test OLM installation	Gather inspect report	2026-01-30T04:45:22.3697010Z W0130 04:45:22.369486   11347 util.go:118] the server doesn't have a resource type egressfirewalls, skipping the inspection
Test OLM installation	Gather inspect report	2026-01-30T04:45:22.3710496Z W0130 04:45:22.370925   11347 util.go:118] the server doesn't have a resource type egressqoses, skipping the inspection
Test OLM installation	Gather inspect report	2026-01-30T04:45:22.4154480Z W0130 04:45:22.415232   11347 util.go:118] the server doesn't have a resource type servicemonitors, skipping the inspection
Test OLM installation	Gather inspect report	2026-01-30T04:45:22.4193937Z W0130 04:45:22.417537   11347 util.go:118] the server doesn't have a resource type userdefinednetworks, skipping the inspection
Test OLM installation	Gather inspect report	2026-01-30T04:45:22.4195582Z Gathering data for ns/operators...
Test OLM installation	Gather inspect report	2026-01-30T04:45:22.4513303Z W0130 04:45:22.451130   11347 util.go:118] the server doesn't have a resource type egressfirewalls, skipping the inspection
Test OLM installation	Gather inspect report	2026-01-30T04:45:22.4528036Z W0130 04:45:22.452681   11347 util.go:118] the server doesn't have a resource type egressqoses, skipping the inspection
Test OLM installation	Gather inspect report	2026-01-30T04:45:22.4831731Z W0130 04:45:22.483005   11347 util.go:118] the server doesn't have a resource type servicemonitors, skipping the inspection
Test OLM installation	Gather inspect report	2026-01-30T04:45:22.4846778Z W0130 04:45:22.484487   11347 util.go:118] the server doesn't have a resource type userdefinednetworks, skipping the inspection
Test OLM installation	Gather inspect report	2026-01-30T04:45:22.5019052Z error: inspection completed with the errors occurred while gathering data:
Test OLM installation	Gather inspect report	2026-01-30T04:45:22.5019953Z Wrote inspect data to inspect.local.2778667777113311000.
Test OLM installation	Gather inspect report	2026-01-30T04:45:22.5020600Z     one or more errors occurred while gathering pod-specific data for namespace: kube-system
Test OLM installation	Gather inspect report	2026-01-30T04:45:22.5020990Z 
Test OLM installation	Gather inspect report	2026-01-30T04:45:22.5021241Z     one or more errors occurred while gathering container data for pod registry-proxy-qvkq2:
Test OLM installation	Gather inspect report	2026-01-30T04:45:22.5021578Z 
Test OLM installation	Gather inspect report	2026-01-30T04:45:22.5022193Z     [container "registry-proxy" in pod "registry-proxy-qvkq2" is waiting to start: trying and failing to pull image, previous terminated container "registry-proxy" in pod "registry-proxy-qvkq2" not found]
Test OLM installation	Gather inspect report	2026-01-30T04:45:22.5061168Z ##[error]Process completed with exit code 1.
Status Check - Keycloak Operator CI	Run /./.github/actions/status-check	ï»¿2026-01-30T05:04:59.2013541Z Prepare all required actions
Status Check - Keycloak Operator CI	Run /./.github/actions/status-check	2026-01-30T05:04:59.2080439Z ##[group]Run ./.github/actions/status-check
Status Check - Keycloak Operator CI	Run /./.github/actions/status-check	2026-01-30T05:04:59.2080797Z with:
Status Check - Keycloak Operator CI	Run /./.github/actions/status-check	2026-01-30T05:04:59.2081812Z   jobs: {
Status Check - Keycloak Operator CI	Run /./.github/actions/status-check	  "conditional": {
Status Check - Keycloak Operator CI	Run /./.github/actions/status-check	    "result": "success",
Status Check - Keycloak Operator CI	Run /./.github/actions/status-check	    "outputs": {
Status Check - Keycloak Operator CI	Run /./.github/actions/status-check	      "operator": "true"
Status Check - Keycloak Operator CI	Run /./.github/actions/status-check	    }
Status Check - Keycloak Operator CI	Run /./.github/actions/status-check	  },
Status Check - Keycloak Operator CI	Run /./.github/actions/status-check	  "build": {
Status Check - Keycloak Operator CI	Run /./.github/actions/status-check	    "result": "success",
Status Check - Keycloak Operator CI	Run /./.github/actions/status-check	    "outputs": {}
Status Check - Keycloak Operator CI	Run /./.github/actions/status-check	  },
Status Check - Keycloak Operator CI	Run /./.github/actions/status-check	  "test-local-apiserver": {
Status Check - Keycloak Operator CI	Run /./.github/actions/status-check	    "result": "success",
Status Check - Keycloak Operator CI	Run /./.github/actions/status-check	    "outputs": {}
Status Check - Keycloak Operator CI	Run /./.github/actions/status-check	  },
Status Check - Keycloak Operator CI	Run /./.github/actions/status-check	  "test-remote": {
Status Check - Keycloak Operator CI	Run /./.github/actions/status-check	    "result": "success",
Status Check - Keycloak Operator CI	Run /./.github/actions/status-check	    "outputs": {}
Status Check - Keycloak Operator CI	Run /./.github/actions/status-check	  },
Status Check - Keycloak Operator CI	Run /./.github/actions/status-check	  "test-olm": {
Status Check - Keycloak Operator CI	Run /./.github/actions/status-check	    "result": "failure",
Status Check - Keycloak Operator CI	Run /./.github/actions/status-check	    "outputs": {}
Status Check - Keycloak Operator CI	Run /./.github/actions/status-check	  }
Status Check - Keycloak Operator CI	Run /./.github/actions/status-check	}
Status Check - Keycloak Operator CI	Run /./.github/actions/status-check	2026-01-30T05:04:59.2083139Z env:
Status Check - Keycloak Operator CI	Run /./.github/actions/status-check	2026-01-30T05:04:59.2083447Z   MAVEN_ARGS: -B -nsu -Daether.connector.http.connectionMaxTtl=25
Status Check - Keycloak Operator CI	Run /./.github/actions/status-check	2026-01-30T05:04:59.2083828Z   MINIKUBE_VERSION: v1.37.0
Status Check - Keycloak Operator CI	Run /./.github/actions/status-check	2026-01-30T05:04:59.2084101Z   KUBERNETES_VERSION: v1.32.9
Status Check - Keycloak Operator CI	Run /./.github/actions/status-check	2026-01-30T05:04:59.2084369Z   MINIKUBE_MEMORY: 4096
Status Check - Keycloak Operator CI	Run /./.github/actions/status-check	2026-01-30T05:04:59.2084600Z ##[endgroup]
Status Check - Keycloak Operator CI	Run /./.github/actions/status-check	2026-01-30T05:04:59.2178120Z ##[group]Run JOBS='{
Status Check - Keycloak Operator CI	Run /./.github/actions/status-check	2026-01-30T05:04:59.2178475Z [36;1mJOBS='{[0m
Status Check - Keycloak Operator CI	Run /./.github/actions/status-check	2026-01-30T05:04:59.2178718Z [36;1m  "conditional": {[0m
Status Check - Keycloak Operator CI	Run /./.github/actions/status-check	2026-01-30T05:04:59.2179031Z [36;1m    "result": "success",[0m
Status Check - Keycloak Operator CI	Run /./.github/actions/status-check	2026-01-30T05:04:59.2179317Z [36;1m    "outputs": {[0m
Status Check - Keycloak Operator CI	Run /./.github/actions/status-check	2026-01-30T05:04:59.2179583Z [36;1m      "operator": "true"[0m
Status Check - Keycloak Operator CI	Run /./.github/actions/status-check	2026-01-30T05:04:59.2179865Z [36;1m    }[0m
Status Check - Keycloak Operator CI	Run /./.github/actions/status-check	2026-01-30T05:04:59.2180076Z [36;1m  },[0m
Status Check - Keycloak Operator CI	Run /./.github/actions/status-check	2026-01-30T05:04:59.2180293Z [36;1m  "build": {[0m
Status Check - Keycloak Operator CI	Run /./.github/actions/status-check	2026-01-30T05:04:59.2180542Z [36;1m    "result": "success",[0m
Status Check - Keycloak Operator CI	Run /./.github/actions/status-check	2026-01-30T05:04:59.2180809Z [36;1m    "outputs": {}[0m
Status Check - Keycloak Operator CI	Run /./.github/actions/status-check	2026-01-30T05:04:59.2181048Z [36;1m  },[0m
Status Check - Keycloak Operator CI	Run /./.github/actions/status-check	2026-01-30T05:04:59.2181274Z [36;1m  "test-local-apiserver": {[0m
Status Check - Keycloak Operator CI	Run /./.github/actions/status-check	2026-01-30T05:04:59.2181567Z [36;1m    "result": "success",[0m
Status Check - Keycloak Operator CI	Run /./.github/actions/status-check	2026-01-30T05:04:59.2181823Z [36;1m    "outputs": {}[0m
Status Check - Keycloak Operator CI	Run /./.github/actions/status-check	2026-01-30T05:04:59.2182053Z [36;1m  },[0m
Status Check - Keycloak Operator CI	Run /./.github/actions/status-check	2026-01-30T05:04:59.2182266Z [36;1m  "test-remote": {[0m
Status Check - Keycloak Operator CI	Run /./.github/actions/status-check	2026-01-30T05:04:59.2182518Z [36;1m    "result": "success",[0m
Status Check - Keycloak Operator CI	Run /./.github/actions/status-check	2026-01-30T05:04:59.2182780Z [36;1m    "outputs": {}[0m
Status Check - Keycloak Operator CI	Run /./.github/actions/status-check	2026-01-30T05:04:59.2183004Z [36;1m  },[0m
Status Check - Keycloak Operator CI	Run /./.github/actions/status-check	2026-01-30T05:04:59.2183213Z [36;1m  "test-olm": {[0m
Status Check - Keycloak Operator CI	Run /./.github/actions/status-check	2026-01-30T05:04:59.2183452Z [36;1m    "result": "failure",[0m
Status Check - Keycloak Operator CI	Run /./.github/actions/status-check	2026-01-30T05:04:59.2183709Z [36;1m    "outputs": {}[0m
Status Check - Keycloak Operator CI	Run /./.github/actions/status-check	2026-01-30T05:04:59.2183934Z [36;1m  }[0m
Status Check - Keycloak Operator CI	Run /./.github/actions/status-check	2026-01-30T05:04:59.2184125Z [36;1m}'[0m
Status Check - Keycloak Operator CI	Run /./.github/actions/status-check	2026-01-30T05:04:59.2184322Z [36;1m[0m
Status Check - Keycloak Operator CI	Run /./.github/actions/status-check	2026-01-30T05:04:59.2184529Z [36;1mecho "Job status:"[0m
Status Check - Keycloak Operator CI	Run /./.github/actions/status-check	2026-01-30T05:04:59.2184898Z [36;1mecho $JOBS | jq -r 'to_entries[] | " - \(.key): \(.value.result)"'[0m
Status Check - Keycloak Operator CI	Run /./.github/actions/status-check	2026-01-30T05:04:59.2185270Z [36;1m[0m
Status Check - Keycloak Operator CI	Run /./.github/actions/status-check	2026-01-30T05:04:59.2185731Z [36;1mfor i in $(echo $JOBS | jq -r 'to_entries[] | .value.result'); do[0m
Status Check - Keycloak Operator CI	Run /./.github/actions/status-check	2026-01-30T05:04:59.2186173Z [36;1m  if [ "$i" != "success" ] && [ "$i" != "skipped" ]; then[0m
Status Check - Keycloak Operator CI	Run /./.github/actions/status-check	2026-01-30T05:04:59.2186495Z [36;1m    echo ""[0m
Status Check - Keycloak Operator CI	Run /./.github/actions/status-check	2026-01-30T05:04:59.2186733Z [36;1m    echo "Status check not okay!"[0m
Status Check - Keycloak Operator CI	Run /./.github/actions/status-check	2026-01-30T05:04:59.2187008Z [36;1m    exit 1[0m
Status Check - Keycloak Operator CI	Run /./.github/actions/status-check	2026-01-30T05:04:59.2187215Z [36;1m  fi[0m
Status Check - Keycloak Operator CI	Run /./.github/actions/status-check	2026-01-30T05:04:59.2187415Z [36;1mdone[0m
Status Check - Keycloak Operator CI	Run /./.github/actions/status-check	2026-01-30T05:04:59.2222870Z shell: /usr/bin/bash --noprofile --norc -e -o pipefail {0}
Status Check - Keycloak Operator CI	Run /./.github/actions/status-check	2026-01-30T05:04:59.2223289Z env:
Status Check - Keycloak Operator CI	Run /./.github/actions/status-check	2026-01-30T05:04:59.2223609Z   MAVEN_ARGS: -B -nsu -Daether.connector.http.connectionMaxTtl=25
Status Check - Keycloak Operator CI	Run /./.github/actions/status-check	2026-01-30T05:04:59.2224001Z   MINIKUBE_VERSION: v1.37.0
Status Check - Keycloak Operator CI	Run /./.github/actions/status-check	2026-01-30T05:04:59.2224268Z   KUBERNETES_VERSION: v1.32.9
Status Check - Keycloak Operator CI	Run /./.github/actions/status-check	2026-01-30T05:04:59.2224523Z   MINIKUBE_MEMORY: 4096
Status Check - Keycloak Operator CI	Run /./.github/actions/status-check	2026-01-30T05:04:59.2224750Z ##[endgroup]
Status Check - Keycloak Operator CI	Run /./.github/actions/status-check	2026-01-30T05:04:59.2295316Z Job status:
Status Check - Keycloak Operator CI	Run /./.github/actions/status-check	2026-01-30T05:04:59.2322691Z  - conditional: success
Status Check - Keycloak Operator CI	Run /./.github/actions/status-check	2026-01-30T05:04:59.2323170Z  - build: success
Status Check - Keycloak Operator CI	Run /./.github/actions/status-check	2026-01-30T05:04:59.2323538Z  - test-local-apiserver: success
Status Check - Keycloak Operator CI	Run /./.github/actions/status-check	2026-01-30T05:04:59.2323849Z  - test-remote: success
Status Check - Keycloak Operator CI	Run /./.github/actions/status-check	2026-01-30T05:04:59.2324100Z  - test-olm: failure
Status Check - Keycloak Operator CI	Run /./.github/actions/status-check	2026-01-30T05:04:59.2356512Z 
Status Check - Keycloak Operator CI	Run /./.github/actions/status-check	2026-01-30T05:04:59.2356716Z Status check not okay!
Status Check - Keycloak Operator CI	Run /./.github/actions/status-check	2026-01-30T05:04:59.2369210Z ##[error]Process completed with exit code 1.
