Admin UI E2E (chromium)	Run Playwright tests	Ôªø2026-02-08T04:55:48.7848937Z ##[group]Run pnpm --fail-if-no-match --filter @keycloak/keycloak-admin-ui test:integration -- --project=chromium
Admin UI E2E (chromium)	Run Playwright tests	2026-02-08T04:55:48.7850346Z [36;1mpnpm --fail-if-no-match --filter @keycloak/keycloak-admin-ui test:integration -- --project=chromium[0m
Admin UI E2E (chromium)	Run Playwright tests	2026-02-08T04:55:48.7892304Z shell: /usr/bin/bash --noprofile --norc -e -o pipefail {0}
Admin UI E2E (chromium)	Run Playwright tests	2026-02-08T04:55:48.7892868Z env:
Admin UI E2E (chromium)	Run Playwright tests	2026-02-08T04:55:48.7893346Z   MAVEN_ARGS: -B -nsu -Daether.connector.http.connectionMaxTtl=25
Admin UI E2E (chromium)	Run Playwright tests	2026-02-08T04:55:48.7893993Z   WORKSPACE: @keycloak/keycloak-admin-ui
Admin UI E2E (chromium)	Run Playwright tests	2026-02-08T04:55:48.7894601Z   RETRY_COUNT: 3
Admin UI E2E (chromium)	Run Playwright tests	2026-02-08T04:55:48.7895127Z   JAVA_HOME: /opt/hostedtoolcache/Java_Temurin-Hotspot_jdk/21.0.10-7/x64
Admin UI E2E (chromium)	Run Playwright tests	2026-02-08T04:55:48.7895966Z   JAVA_HOME_21_X64: /opt/hostedtoolcache/Java_Temurin-Hotspot_jdk/21.0.10-7/x64
Admin UI E2E (chromium)	Run Playwright tests	2026-02-08T04:55:48.7896616Z ##[endgroup]
Admin UI E2E (chromium)	Run Playwright tests	2026-02-08T04:55:49.1369826Z 
Admin UI E2E (chromium)	Run Playwright tests	2026-02-08T04:55:49.1375270Z > @keycloak/keycloak-admin-ui@999.0.0-SNAPSHOT test:integration /home/runner/work/keycloak/keycloak/js/apps/admin-ui
Admin UI E2E (chromium)	Run Playwright tests	2026-02-08T04:55:49.1376417Z > wireit -- --project=chromium
Admin UI E2E (chromium)	Run Playwright tests	2026-02-08T04:55:49.1376720Z 
Admin UI E2E (chromium)	Run Playwright tests	2026-02-08T04:55:49.2485786Z Analyzing
Admin UI E2E (chromium)	Run Playwright tests	2026-02-08T04:55:50.2510516Z   0% [0 / 2] [1 running] ../../libs/keycloak-admin-client:build
Admin UI E2E (chromium)	Run Playwright tests	2026-02-08T04:55:51.1390701Z (node:5658) [DEP0190] DeprecationWarning: Passing args to a child process with shell option true can lead to security vulnerabilities, as the arguments are not escaped, only concatenated.
Admin UI E2E (chromium)	Run Playwright tests	2026-02-08T04:55:51.1394049Z (Use `node --trace-deprecation ...` to show where the warning was created)
Admin UI E2E (chromium)	Run Playwright tests	2026-02-08T04:55:51.2512544Z  50% [1 / 2] [1 running] test:integration
Admin UI E2E (chromium)	Run Playwright tests	2026-02-08T04:55:53.8698291Z 
Admin UI E2E (chromium)	Run Playwright tests	2026-02-08T04:55:53.8699072Z Running 395 tests using 1 worker
Admin UI E2E (chromium)	Run Playwright tests	2026-02-08T05:00:14.6636180Z ¬∑¬∑¬∑¬∑¬∑¬∑¬∑¬∑¬∑¬∑¬∑¬∑¬∑¬∑¬∑¬∑¬∑¬∑¬∑¬∑¬∑¬∑¬∑¬∑¬∑¬∑¬∑¬∑¬∑¬∑¬∑¬∑¬∑¬∑¬∑¬∑¬∑¬∑¬∑¬∑¬∑¬∑¬∑¬∑¬∑¬∑¬∑¬∑¬∑¬∑¬∑¬∑¬∑¬∑¬∑¬∑¬∑¬∑¬∑¬∑¬∑¬∑¬∑¬∑¬∑¬∑¬∑¬∑¬∑¬∑¬∑¬∑¬∑¬∑¬∑¬∑¬∑¬∑¬∑¬∑
Admin UI E2E (chromium)	Run Playwright tests	2026-02-08T05:03:41.0420659Z ¬∑¬∑¬∑¬∑¬∑¬∑¬∑¬∑¬∑¬∑¬∑¬∑¬∑¬∑¬∑¬∑¬∑¬∑¬∑¬∑¬∑¬∑¬∑¬∑¬∑¬∑¬∑¬∑¬∑¬∑¬∑¬∑¬∑¬∑¬∑¬∑¬∑¬∑¬∑¬∑¬∑¬∞¬∑¬∑¬∑¬∑¬∑¬∑¬∑¬∑¬∑¬∑¬∑¬∑¬∑¬∑¬∑¬∑¬∑¬∑¬∑¬∑¬∑¬∑¬∑¬∑¬∑¬∑¬∑¬∑¬∑¬∑¬∑¬∑¬∑¬∑¬∑¬∑¬∑¬∑
Admin UI E2E (chromium)	Run Playwright tests	2026-02-08T05:07:22.8142272Z ¬∑¬∑¬∑¬∑¬∑¬∑¬∑¬∑¬∑¬∑¬∑¬∑¬∑¬∑¬∑¬∑¬∑¬∑¬∑¬∑¬∑¬∑¬∑¬∑¬∑¬∑¬∑¬∑¬∑¬∑¬∑¬∑¬∑¬∑¬∑¬∑¬∑¬∑¬∑¬∑¬∑F¬∑¬∑¬∑¬∑¬∑¬∑¬∑¬∑¬∑¬∑¬∑¬∑¬∑¬∑¬∑¬∑¬∑¬∑¬∑¬∑¬∑¬∑¬∑¬∑¬∑¬∑¬∑¬∑¬∑¬∑¬∑¬∑¬∑¬∑¬∑¬∑¬∑¬∑
Admin UI E2E (chromium)	Run Playwright tests	2026-02-08T05:11:02.3198341Z ¬∑¬∑¬∑¬∑¬∑¬∑¬∑¬∑¬∑¬∑¬∑¬∑¬∑¬∑¬∑¬∑¬∑¬∑¬∑¬∑¬∑¬∑¬∑¬∑¬∑¬∑¬∑¬∑¬∑¬∑¬∑¬∑¬∑¬∑¬∑¬∑¬∑¬∑¬∑¬∑¬∑¬∑¬∑¬∑¬∑¬∑¬∑¬∑¬∑¬∑¬∑¬∑¬∑¬∑¬∑¬∑¬∑¬∑¬∑¬∑¬∑¬∑¬∑¬∑¬∑¬∑¬∑¬∑¬∑¬∑¬∑¬∑¬∑¬∑¬∑¬∑¬∑¬∑¬∑¬∑
Admin UI E2E (chromium)	Run Playwright tests	2026-02-08T05:14:22.1102958Z ¬∑¬∑¬∑¬∑¬∑¬∑¬∑¬∑¬∑¬∑¬∑¬∑¬∑¬∑¬∑¬∑¬∑¬∑¬∑¬∑¬∑¬∑¬∑¬∑¬∑¬∑¬∑¬∑¬∑¬∑¬∑¬∑¬∑¬∑¬∑¬∑¬∑¬∑¬∑¬∑¬∑¬∑¬∑¬∑¬∑¬∑¬∑¬∑¬∑¬∑¬∑¬∑¬∑¬∑¬∑¬∑¬∑¬∑¬∑¬∑¬∑¬∑¬∑¬∑¬∑¬∑¬∑¬∑¬∑¬∑¬∑¬∑¬∑Deleting workflow: workflow-complex-290b79fd-2eac-481e-a8f1-b1ca8569435f -- Copy
Admin UI E2E (chromium)	Run Playwright tests	2026-02-08T05:14:26.1611046Z ¬∑¬∑
Admin UI E2E (chromium)	Run Playwright tests	2026-02-08T05:14:26.1641298Z 
Admin UI E2E (chromium)	Run Playwright tests	2026-02-08T05:14:26.1643336Z   1) [chromium] ‚Ä∫ test/masthead/realm.spec.ts:84:3 ‚Ä∫ Realm tests ‚Ä∫ should disable preview if json very long 
Admin UI E2E (chromium)	Run Playwright tests	2026-02-08T05:14:26.1647029Z 
Admin UI E2E (chromium)	Run Playwright tests	2026-02-08T05:14:26.1647215Z     Error: unknown_error
Admin UI E2E (chromium)	Run Playwright tests	2026-02-08T05:14:26.1647415Z 
Admin UI E2E (chromium)	Run Playwright tests	2026-02-08T05:14:26.1647729Z        at ../../../libs/keycloak-admin-client/src/utils/fetchWithError.ts:25
Admin UI E2E (chromium)	Run Playwright tests	2026-02-08T05:14:26.1648096Z 
Admin UI E2E (chromium)	Run Playwright tests	2026-02-08T05:14:26.1648346Z       23 |     const responseData = await parseResponse(response);
Admin UI E2E (chromium)	Run Playwright tests	2026-02-08T05:14:26.1648889Z       24 |     const message = getErrorMessage(responseData);
Admin UI E2E (chromium)	Run Playwright tests	2026-02-08T05:14:26.1649358Z     > 25 |     throw new NetworkError(message, {
Admin UI E2E (chromium)	Run Playwright tests	2026-02-08T05:14:26.1649758Z          |           ^
Admin UI E2E (chromium)	Run Playwright tests	2026-02-08T05:14:26.1650219Z       26 |       response,
Admin UI E2E (chromium)	Run Playwright tests	2026-02-08T05:14:26.1650713Z       27 |       responseData,
Admin UI E2E (chromium)	Run Playwright tests	2026-02-08T05:14:26.1651223Z       28 |     });
Admin UI E2E (chromium)	Run Playwright tests	2026-02-08T05:14:26.1652884Z         at fetchWithError (/home/runner/work/keycloak/keycloak/js/libs/keycloak-admin-client/src/utils/fetchWithError.ts:25:11)
Admin UI E2E (chromium)	Run Playwright tests	2026-02-08T05:14:26.1655017Z         at Agent.#requestWithParams (/home/runner/work/keycloak/keycloak/js/libs/keycloak-admin-client/src/resources/agent.ts:247:19)
Admin UI E2E (chromium)	Run Playwright tests	2026-02-08T05:14:26.1657389Z         at AdminClient.deleteRealm (/home/runner/work/keycloak/keycloak/js/apps/admin-ui/test/utils/AdminClient.ts:53:7)
Admin UI E2E (chromium)	Run Playwright tests	2026-02-08T05:14:26.1658740Z         at /home/runner/work/keycloak/keycloak/js/apps/admin-ui/test/masthead/realm.spec.ts:39:5
Admin UI E2E (chromium)	Run Playwright tests	2026-02-08T05:14:26.1659363Z 
Admin UI E2E (chromium)	Run Playwright tests	2026-02-08T05:14:26.1659939Z     attachment #1: trace (application/zip) ‚îÄ‚îÄ‚îÄ‚îÄ‚îÄ‚îÄ‚îÄ‚îÄ‚îÄ‚îÄ‚îÄ‚îÄ‚îÄ‚îÄ‚îÄ‚îÄ‚îÄ‚îÄ‚îÄ‚îÄ‚îÄ‚îÄ‚îÄ‚îÄ‚îÄ‚îÄ‚îÄ‚îÄ‚îÄ‚îÄ‚îÄ‚îÄ‚îÄ‚îÄ‚îÄ‚îÄ‚îÄ‚îÄ‚îÄ‚îÄ‚îÄ‚îÄ‚îÄ‚îÄ‚îÄ‚îÄ‚îÄ‚îÄ‚îÄ‚îÄ‚îÄ‚îÄ‚îÄ‚îÄ‚îÄ‚îÄ‚îÄ
Admin UI E2E (chromium)	Run Playwright tests	2026-02-08T05:14:26.1660702Z     test-results/masthead-realm-Realm-tests-f6041-e-preview-if-json-very-long-chromium/trace.zip
Admin UI E2E (chromium)	Run Playwright tests	2026-02-08T05:14:26.1661575Z     Usage:
Admin UI E2E (chromium)	Run Playwright tests	2026-02-08T05:14:26.1661696Z 
Admin UI E2E (chromium)	Run Playwright tests	2026-02-08T05:14:26.1662222Z         pnpm exec playwright show-trace test-results/masthead-realm-Realm-tests-f6041-e-preview-if-json-very-long-chromium/trace.zip
Admin UI E2E (chromium)	Run Playwright tests	2026-02-08T05:14:26.1662790Z 
Admin UI E2E (chromium)	Run Playwright tests	2026-02-08T05:14:26.1663166Z     ‚îÄ‚îÄ‚îÄ‚îÄ‚îÄ‚îÄ‚îÄ‚îÄ‚îÄ‚îÄ‚îÄ‚îÄ‚îÄ‚îÄ‚îÄ‚îÄ‚îÄ‚îÄ‚îÄ‚îÄ‚îÄ‚îÄ‚îÄ‚îÄ‚îÄ‚îÄ‚îÄ‚îÄ‚îÄ‚îÄ‚îÄ‚îÄ‚îÄ‚îÄ‚îÄ‚îÄ‚îÄ‚îÄ‚îÄ‚îÄ‚îÄ‚îÄ‚îÄ‚îÄ‚îÄ‚îÄ‚îÄ‚îÄ‚îÄ‚îÄ‚îÄ‚îÄ‚îÄ‚îÄ‚îÄ‚îÄ‚îÄ‚îÄ‚îÄ‚îÄ‚îÄ‚îÄ‚îÄ‚îÄ‚îÄ‚îÄ‚îÄ‚îÄ‚îÄ‚îÄ‚îÄ‚îÄ‚îÄ‚îÄ‚îÄ‚îÄ‚îÄ‚îÄ‚îÄ‚îÄ‚îÄ‚îÄ‚îÄ‚îÄ‚îÄ‚îÄ‚îÄ‚îÄ‚îÄ‚îÄ‚îÄ‚îÄ‚îÄ‚îÄ‚îÄ‚îÄ
Admin UI E2E (chromium)	Run Playwright tests	2026-02-08T05:14:26.1663454Z 
Admin UI E2E (chromium)	Run Playwright tests	2026-02-08T05:14:26.1663541Z   1 failed
Admin UI E2E (chromium)	Run Playwright tests	2026-02-08T05:14:26.1664093Z     [chromium] ‚Ä∫ test/masthead/realm.spec.ts:84:3 ‚Ä∫ Realm tests ‚Ä∫ should disable preview if json very long 
Admin UI E2E (chromium)	Run Playwright tests	2026-02-08T05:14:26.1665034Z   1 skipped
Admin UI E2E (chromium)	Run Playwright tests	2026-02-08T05:14:26.1665352Z   393 passed (18.6m)
Admin UI E2E (chromium)	Run Playwright tests	2026-02-08T05:14:26.1708130Z ##[error]  1) [chromium] ‚Ä∫ test/masthead/realm.spec.ts:84:3 ‚Ä∫ Realm tests ‚Ä∫ should disable preview if json very long 
Admin UI E2E (chromium)	Run Playwright tests	    Error: unknown_error
Admin UI E2E (chromium)	Run Playwright tests	
Admin UI E2E (chromium)	Run Playwright tests	       at ../../../libs/keycloak-admin-client/src/utils/fetchWithError.ts:25
Admin UI E2E (chromium)	Run Playwright tests	
Admin UI E2E (chromium)	Run Playwright tests	      23 |     const responseData = await parseResponse(response);
Admin UI E2E (chromium)	Run Playwright tests	      24 |     const message = getErrorMessage(responseData);
Admin UI E2E (chromium)	Run Playwright tests	    > 25 |     throw new NetworkError(message, {
Admin UI E2E (chromium)	Run Playwright tests	         |           ^
Admin UI E2E (chromium)	Run Playwright tests	      26 |       response,
Admin UI E2E (chromium)	Run Playwright tests	      27 |       responseData,
Admin UI E2E (chromium)	Run Playwright tests	      28 |     });
Admin UI E2E (chromium)	Run Playwright tests	        at fetchWithError (/home/runner/work/keycloak/keycloak/js/libs/keycloak-admin-client/src/utils/fetchWithError.ts:25:11)
Admin UI E2E (chromium)	Run Playwright tests	        at Agent.#requestWithParams (/home/runner/work/keycloak/keycloak/js/libs/keycloak-admin-client/src/resources/agent.ts:247:19)
Admin UI E2E (chromium)	Run Playwright tests	        at AdminClient.deleteRealm (/home/runner/work/keycloak/keycloak/js/apps/admin-ui/test/utils/AdminClient.ts:53:7)
Admin UI E2E (chromium)	Run Playwright tests	        at /home/runner/work/keycloak/keycloak/js/apps/admin-ui/test/masthead/realm.spec.ts:39:5
Admin UI E2E (chromium)	Run Playwright tests	2026-02-08T05:14:26.1719966Z ##[notice]  1 failed
Admin UI E2E (chromium)	Run Playwright tests	    [chromium] ‚Ä∫ test/masthead/realm.spec.ts:84:3 ‚Ä∫ Realm tests ‚Ä∫ should disable preview if json very long 
Admin UI E2E (chromium)	Run Playwright tests	  1 skipped
Admin UI E2E (chromium)	Run Playwright tests	  393 passed (18.6m)
Admin UI E2E (chromium)	Run Playwright tests	2026-02-08T05:14:26.4203886Z 
Admin UI E2E (chromium)	Run Playwright tests	2026-02-08T05:14:26.4205532Z ‚ùå [test:integration] exited with exit code 1.
Admin UI E2E (chromium)	Run Playwright tests	2026-02-08T05:14:26.4211259Z ‚ùå 1 script failed.
Admin UI E2E (chromium)	Run Playwright tests	2026-02-08T05:14:26.4442560Z /home/runner/work/keycloak/keycloak/js/apps/admin-ui:
Admin UI E2E (chromium)	Run Playwright tests	2026-02-08T05:14:26.4444924Z ‚ÄâERR_PNPM_RECURSIVE_RUN_FIRST_FAIL‚Äâ @keycloak/keycloak-admin-ui@999.0.0-SNAPSHOT test:integration: `wireit -- --project=chromium`
Admin UI E2E (chromium)	Run Playwright tests	2026-02-08T05:14:26.4446588Z Exit status 1
Admin UI E2E (chromium)	Run Playwright tests	2026-02-08T05:14:26.4695673Z ##[error]Process completed with exit code 1.
Status Check - Keycloak JavaScript CI	Run /./.github/actions/status-check	Ôªø2026-02-08T05:17:34.1080314Z Prepare all required actions
Status Check - Keycloak JavaScript CI	Run /./.github/actions/status-check	2026-02-08T05:17:34.1148943Z ##[group]Run ./.github/actions/status-check
Status Check - Keycloak JavaScript CI	Run /./.github/actions/status-check	2026-02-08T05:17:34.1149319Z with:
Status Check - Keycloak JavaScript CI	Run /./.github/actions/status-check	2026-02-08T05:17:34.1151172Z   jobs: {
Status Check - Keycloak JavaScript CI	Run /./.github/actions/status-check	  "conditional": {
Status Check - Keycloak JavaScript CI	Run /./.github/actions/status-check	    "result": "success",
Status Check - Keycloak JavaScript CI	Run /./.github/actions/status-check	    "outputs": {
Status Check - Keycloak JavaScript CI	Run /./.github/actions/status-check	      "js-ci": "true"
Status Check - Keycloak JavaScript CI	Run /./.github/actions/status-check	    }
Status Check - Keycloak JavaScript CI	Run /./.github/actions/status-check	  },
Status Check - Keycloak JavaScript CI	Run /./.github/actions/status-check	  "build-keycloak": {
Status Check - Keycloak JavaScript CI	Run /./.github/actions/status-check	    "result": "success",
Status Check - Keycloak JavaScript CI	Run /./.github/actions/status-check	    "outputs": {}
Status Check - Keycloak JavaScript CI	Run /./.github/actions/status-check	  },
Status Check - Keycloak JavaScript CI	Run /./.github/actions/status-check	  "admin-client": {
Status Check - Keycloak JavaScript CI	Run /./.github/actions/status-check	    "result": "success",
Status Check - Keycloak JavaScript CI	Run /./.github/actions/status-check	    "outputs": {}
Status Check - Keycloak JavaScript CI	Run /./.github/actions/status-check	  },
Status Check - Keycloak JavaScript CI	Run /./.github/actions/status-check	  "ui-shared": {
Status Check - Keycloak JavaScript CI	Run /./.github/actions/status-check	    "result": "success",
Status Check - Keycloak JavaScript CI	Run /./.github/actions/status-check	    "outputs": {}
Status Check - Keycloak JavaScript CI	Run /./.github/actions/status-check	  },
Status Check - Keycloak JavaScript CI	Run /./.github/actions/status-check	  "account-ui": {
Status Check - Keycloak JavaScript CI	Run /./.github/actions/status-check	    "result": "success",
Status Check - Keycloak JavaScript CI	Run /./.github/actions/status-check	    "outputs": {}
Status Check - Keycloak JavaScript CI	Run /./.github/actions/status-check	  },
Status Check - Keycloak JavaScript CI	Run /./.github/actions/status-check	  "account-ui-e2e": {
Status Check - Keycloak JavaScript CI	Run /./.github/actions/status-check	    "result": "success",
Status Check - Keycloak JavaScript CI	Run /./.github/actions/status-check	    "outputs": {}
Status Check - Keycloak JavaScript CI	Run /./.github/actions/status-check	  },
Status Check - Keycloak JavaScript CI	Run /./.github/actions/status-check	  "admin-ui": {
Status Check - Keycloak JavaScript CI	Run /./.github/actions/status-check	    "result": "success",
Status Check - Keycloak JavaScript CI	Run /./.github/actions/status-check	    "outputs": {}
Status Check - Keycloak JavaScript CI	Run /./.github/actions/status-check	  },
Status Check - Keycloak JavaScript CI	Run /./.github/actions/status-check	  "admin-ui-e2e": {
Status Check - Keycloak JavaScript CI	Run /./.github/actions/status-check	    "result": "failure",
Status Check - Keycloak JavaScript CI	Run /./.github/actions/status-check	    "outputs": {}
Status Check - Keycloak JavaScript CI	Run /./.github/actions/status-check	  },
Status Check - Keycloak JavaScript CI	Run /./.github/actions/status-check	  "keycloak-admin-client": {
Status Check - Keycloak JavaScript CI	Run /./.github/actions/status-check	    "result": "success",
Status Check - Keycloak JavaScript CI	Run /./.github/actions/status-check	    "outputs": {}
Status Check - Keycloak JavaScript CI	Run /./.github/actions/status-check	  }
Status Check - Keycloak JavaScript CI	Run /./.github/actions/status-check	}
Status Check - Keycloak JavaScript CI	Run /./.github/actions/status-check	2026-02-08T05:17:34.1153202Z env:
Status Check - Keycloak JavaScript CI	Run /./.github/actions/status-check	2026-02-08T05:17:34.1153523Z   MAVEN_ARGS: -B -nsu -Daether.connector.http.connectionMaxTtl=25
Status Check - Keycloak JavaScript CI	Run /./.github/actions/status-check	2026-02-08T05:17:34.1153902Z ##[endgroup]
Status Check - Keycloak JavaScript CI	Run /./.github/actions/status-check	2026-02-08T05:17:34.1250040Z ##[group]Run JOBS='{
Status Check - Keycloak JavaScript CI	Run /./.github/actions/status-check	2026-02-08T05:17:34.1250519Z [36;1mJOBS='{[0m
Status Check - Keycloak JavaScript CI	Run /./.github/actions/status-check	2026-02-08T05:17:34.1250760Z [36;1m  "conditional": {[0m
Status Check - Keycloak JavaScript CI	Run /./.github/actions/status-check	2026-02-08T05:17:34.1251032Z [36;1m    "result": "success",[0m
Status Check - Keycloak JavaScript CI	Run /./.github/actions/status-check	2026-02-08T05:17:34.1251309Z [36;1m    "outputs": {[0m
Status Check - Keycloak JavaScript CI	Run /./.github/actions/status-check	2026-02-08T05:17:34.1251563Z [36;1m      "js-ci": "true"[0m
Status Check - Keycloak JavaScript CI	Run /./.github/actions/status-check	2026-02-08T05:17:34.1251812Z [36;1m    }[0m
Status Check - Keycloak JavaScript CI	Run /./.github/actions/status-check	2026-02-08T05:17:34.1252018Z [36;1m  },[0m
Status Check - Keycloak JavaScript CI	Run /./.github/actions/status-check	2026-02-08T05:17:34.1252252Z [36;1m  "build-keycloak": {[0m
Status Check - Keycloak JavaScript CI	Run /./.github/actions/status-check	2026-02-08T05:17:34.1252557Z [36;1m    "result": "success",[0m
Status Check - Keycloak JavaScript CI	Run /./.github/actions/status-check	2026-02-08T05:17:34.1252862Z [36;1m    "outputs": {}[0m
Status Check - Keycloak JavaScript CI	Run /./.github/actions/status-check	2026-02-08T05:17:34.1253095Z [36;1m  },[0m
Status Check - Keycloak JavaScript CI	Run /./.github/actions/status-check	2026-02-08T05:17:34.1253309Z [36;1m  "admin-client": {[0m
Status Check - Keycloak JavaScript CI	Run /./.github/actions/status-check	2026-02-08T05:17:34.1253558Z [36;1m    "result": "success",[0m
Status Check - Keycloak JavaScript CI	Run /./.github/actions/status-check	2026-02-08T05:17:34.1253835Z [36;1m    "outputs": {}[0m
Status Check - Keycloak JavaScript CI	Run /./.github/actions/status-check	2026-02-08T05:17:34.1254067Z [36;1m  },[0m
Status Check - Keycloak JavaScript CI	Run /./.github/actions/status-check	2026-02-08T05:17:34.1254271Z [36;1m  "ui-shared": {[0m
Status Check - Keycloak JavaScript CI	Run /./.github/actions/status-check	2026-02-08T05:17:34.1254511Z [36;1m    "result": "success",[0m
Status Check - Keycloak JavaScript CI	Run /./.github/actions/status-check	2026-02-08T05:17:34.1254759Z [36;1m    "outputs": {}[0m
Status Check - Keycloak JavaScript CI	Run /./.github/actions/status-check	2026-02-08T05:17:34.1254992Z [36;1m  },[0m
Status Check - Keycloak JavaScript CI	Run /./.github/actions/status-check	2026-02-08T05:17:34.1255194Z [36;1m  "account-ui": {[0m
Status Check - Keycloak JavaScript CI	Run /./.github/actions/status-check	2026-02-08T05:17:34.1255434Z [36;1m    "result": "success",[0m
Status Check - Keycloak JavaScript CI	Run /./.github/actions/status-check	2026-02-08T05:17:34.1255687Z [36;1m    "outputs": {}[0m
Status Check - Keycloak JavaScript CI	Run /./.github/actions/status-check	2026-02-08T05:17:34.1255916Z [36;1m  },[0m
Status Check - Keycloak JavaScript CI	Run /./.github/actions/status-check	2026-02-08T05:17:34.1256130Z [36;1m  "account-ui-e2e": {[0m
Status Check - Keycloak JavaScript CI	Run /./.github/actions/status-check	2026-02-08T05:17:34.1256379Z [36;1m    "result": "success",[0m
Status Check - Keycloak JavaScript CI	Run /./.github/actions/status-check	2026-02-08T05:17:34.1256632Z [36;1m    "outputs": {}[0m
Status Check - Keycloak JavaScript CI	Run /./.github/actions/status-check	2026-02-08T05:17:34.1256857Z [36;1m  },[0m
Status Check - Keycloak JavaScript CI	Run /./.github/actions/status-check	2026-02-08T05:17:34.1257061Z [36;1m  "admin-ui": {[0m
Status Check - Keycloak JavaScript CI	Run /./.github/actions/status-check	2026-02-08T05:17:34.1257293Z [36;1m    "result": "success",[0m
Status Check - Keycloak JavaScript CI	Run /./.github/actions/status-check	2026-02-08T05:17:34.1257543Z [36;1m    "outputs": {}[0m
Status Check - Keycloak JavaScript CI	Run /./.github/actions/status-check	2026-02-08T05:17:34.1257765Z [36;1m  },[0m
Status Check - Keycloak JavaScript CI	Run /./.github/actions/status-check	2026-02-08T05:17:34.1257978Z [36;1m  "admin-ui-e2e": {[0m
Status Check - Keycloak JavaScript CI	Run /./.github/actions/status-check	2026-02-08T05:17:34.1258220Z [36;1m    "result": "failure",[0m
Status Check - Keycloak JavaScript CI	Run /./.github/actions/status-check	2026-02-08T05:17:34.1258483Z [36;1m    "outputs": {}[0m
Status Check - Keycloak JavaScript CI	Run /./.github/actions/status-check	2026-02-08T05:17:34.1258725Z [36;1m  },[0m
Status Check - Keycloak JavaScript CI	Run /./.github/actions/status-check	2026-02-08T05:17:34.1258947Z [36;1m  "keycloak-admin-client": {[0m
Status Check - Keycloak JavaScript CI	Run /./.github/actions/status-check	2026-02-08T05:17:34.1259243Z [36;1m    "result": "success",[0m
Status Check - Keycloak JavaScript CI	Run /./.github/actions/status-check	2026-02-08T05:17:34.1259497Z [36;1m    "outputs": {}[0m
Status Check - Keycloak JavaScript CI	Run /./.github/actions/status-check	2026-02-08T05:17:34.1259849Z [36;1m  }[0m
Status Check - Keycloak JavaScript CI	Run /./.github/actions/status-check	2026-02-08T05:17:34.1260047Z [36;1m}'[0m
Status Check - Keycloak JavaScript CI	Run /./.github/actions/status-check	2026-02-08T05:17:34.1260267Z [36;1m[0m
Status Check - Keycloak JavaScript CI	Run /./.github/actions/status-check	2026-02-08T05:17:34.1260477Z [36;1mecho "Job status:"[0m
Status Check - Keycloak JavaScript CI	Run /./.github/actions/status-check	2026-02-08T05:17:34.1260866Z [36;1mecho $JOBS | jq -r 'to_entries[] | " - \(.key): \(.value.result)"'[0m
Status Check - Keycloak JavaScript CI	Run /./.github/actions/status-check	2026-02-08T05:17:34.1261244Z [36;1m[0m
Status Check - Keycloak JavaScript CI	Run /./.github/actions/status-check	2026-02-08T05:17:34.1261538Z [36;1mfor i in $(echo $JOBS | jq -r 'to_entries[] | .value.result'); do[0m
Status Check - Keycloak JavaScript CI	Run /./.github/actions/status-check	2026-02-08T05:17:34.1261964Z [36;1m  if [ "$i" != "success" ] && [ "$i" != "skipped" ]; then[0m
Status Check - Keycloak JavaScript CI	Run /./.github/actions/status-check	2026-02-08T05:17:34.1262283Z [36;1m    echo ""[0m
Status Check - Keycloak JavaScript CI	Run /./.github/actions/status-check	2026-02-08T05:17:34.1262540Z [36;1m    echo "Status check not okay!"[0m
Status Check - Keycloak JavaScript CI	Run /./.github/actions/status-check	2026-02-08T05:17:34.1262814Z [36;1m    exit 1[0m
Status Check - Keycloak JavaScript CI	Run /./.github/actions/status-check	2026-02-08T05:17:34.1263029Z [36;1m  fi[0m
Status Check - Keycloak JavaScript CI	Run /./.github/actions/status-check	2026-02-08T05:17:34.1263222Z [36;1mdone[0m
Status Check - Keycloak JavaScript CI	Run /./.github/actions/status-check	2026-02-08T05:17:34.1298800Z shell: /usr/bin/bash --noprofile --norc -e -o pipefail {0}
Status Check - Keycloak JavaScript CI	Run /./.github/actions/status-check	2026-02-08T05:17:34.1299479Z env:
Status Check - Keycloak JavaScript CI	Run /./.github/actions/status-check	2026-02-08T05:17:34.1300080Z   MAVEN_ARGS: -B -nsu -Daether.connector.http.connectionMaxTtl=25
Status Check - Keycloak JavaScript CI	Run /./.github/actions/status-check	2026-02-08T05:17:34.1300471Z ##[endgroup]
Status Check - Keycloak JavaScript CI	Run /./.github/actions/status-check	2026-02-08T05:17:34.1372925Z Job status:
Status Check - Keycloak JavaScript CI	Run /./.github/actions/status-check	2026-02-08T05:17:34.1401781Z  - conditional: success
Status Check - Keycloak JavaScript CI	Run /./.github/actions/status-check	2026-02-08T05:17:34.1402139Z  - build-keycloak: success
Status Check - Keycloak JavaScript CI	Run /./.github/actions/status-check	2026-02-08T05:17:34.1402419Z  - admin-client: success
Status Check - Keycloak JavaScript CI	Run /./.github/actions/status-check	2026-02-08T05:17:34.1402681Z  - ui-shared: success
Status Check - Keycloak JavaScript CI	Run /./.github/actions/status-check	2026-02-08T05:17:34.1402913Z  - account-ui: success
Status Check - Keycloak JavaScript CI	Run /./.github/actions/status-check	2026-02-08T05:17:34.1403163Z  - account-ui-e2e: success
Status Check - Keycloak JavaScript CI	Run /./.github/actions/status-check	2026-02-08T05:17:34.1403424Z  - admin-ui: success
Status Check - Keycloak JavaScript CI	Run /./.github/actions/status-check	2026-02-08T05:17:34.1403653Z  - admin-ui-e2e: failure
Status Check - Keycloak JavaScript CI	Run /./.github/actions/status-check	2026-02-08T05:17:34.1403914Z  - keycloak-admin-client: success
Status Check - Keycloak JavaScript CI	Run /./.github/actions/status-check	2026-02-08T05:17:34.1435923Z 
Status Check - Keycloak JavaScript CI	Run /./.github/actions/status-check	2026-02-08T05:17:34.1436439Z Status check not okay!
Status Check - Keycloak JavaScript CI	Run /./.github/actions/status-check	2026-02-08T05:17:34.1450559Z ##[error]Process completed with exit code 1.
