Admin UI E2E (firefox)	Run Playwright tests	Ôªø2026-01-17T04:17:53.4222676Z ##[group]Run pnpm --fail-if-no-match --filter @keycloak/keycloak-admin-ui test:integration -- --project=firefox
Admin UI E2E (firefox)	Run Playwright tests	2026-01-17T04:17:53.4224379Z [36;1mpnpm --fail-if-no-match --filter @keycloak/keycloak-admin-ui test:integration -- --project=firefox[0m
Admin UI E2E (firefox)	Run Playwright tests	2026-01-17T04:17:53.4271494Z shell: /usr/bin/bash --noprofile --norc -e -o pipefail {0}
Admin UI E2E (firefox)	Run Playwright tests	2026-01-17T04:17:53.4272142Z env:
Admin UI E2E (firefox)	Run Playwright tests	2026-01-17T04:17:53.4272668Z   MAVEN_ARGS: -B -nsu -Daether.connector.http.connectionMaxTtl=25
Admin UI E2E (firefox)	Run Playwright tests	2026-01-17T04:17:53.4273367Z   WORKSPACE: @keycloak/keycloak-admin-ui
Admin UI E2E (firefox)	Run Playwright tests	2026-01-17T04:17:53.4273876Z   RETRY_COUNT: 3
Admin UI E2E (firefox)	Run Playwright tests	2026-01-17T04:17:53.4274444Z   JAVA_HOME: /opt/hostedtoolcache/Java_Temurin-Hotspot_jdk/21.0.9-10/x64
Admin UI E2E (firefox)	Run Playwright tests	2026-01-17T04:17:53.4275339Z   JAVA_HOME_21_X64: /opt/hostedtoolcache/Java_Temurin-Hotspot_jdk/21.0.9-10/x64
Admin UI E2E (firefox)	Run Playwright tests	2026-01-17T04:17:53.4276046Z ##[endgroup]
Admin UI E2E (firefox)	Run Playwright tests	2026-01-17T04:17:53.7570950Z 
Admin UI E2E (firefox)	Run Playwright tests	2026-01-17T04:17:53.7572672Z > @keycloak/keycloak-admin-ui@999.0.0-SNAPSHOT test:integration /home/runner/work/keycloak/keycloak/js/apps/admin-ui
Admin UI E2E (firefox)	Run Playwright tests	2026-01-17T04:17:53.7575086Z > wireit -- --project=firefox
Admin UI E2E (firefox)	Run Playwright tests	2026-01-17T04:17:53.7575466Z 
Admin UI E2E (firefox)	Run Playwright tests	2026-01-17T04:17:53.8672113Z Analyzing
Admin UI E2E (firefox)	Run Playwright tests	2026-01-17T04:17:54.8730076Z   0% [0 / 2] [1 running] ../../libs/keycloak-admin-client:build
Admin UI E2E (firefox)	Run Playwright tests	2026-01-17T04:17:55.4943477Z (node:5616) [DEP0190] DeprecationWarning: Passing args to a child process with shell option true can lead to security vulnerabilities, as the arguments are not escaped, only concatenated.
Admin UI E2E (firefox)	Run Playwright tests	2026-01-17T04:17:55.4945521Z (Use `node --trace-deprecation ...` to show where the warning was created)
Admin UI E2E (firefox)	Run Playwright tests	2026-01-17T04:17:55.8709888Z  50% [1 / 2] [1 running] test:integration
Admin UI E2E (firefox)	Run Playwright tests	2026-01-17T04:17:58.2006438Z 
Admin UI E2E (firefox)	Run Playwright tests	2026-01-17T04:17:58.2007089Z Running 390 tests using 1 worker
Admin UI E2E (firefox)	Run Playwright tests	2026-01-17T04:22:58.3725055Z ¬∑¬∑¬∑¬∑¬∑¬∑¬∑¬∑¬∑F¬∑¬∑¬∑¬∑¬∑¬∑¬∑¬∑¬∑¬∑¬∑¬∑¬∑¬∑¬∑¬∑¬∑¬∑¬∑¬∑¬∑¬∑¬∑¬∑¬∑¬∑¬∑¬∑¬∑¬∑¬∑¬∑¬∑¬∑¬∑¬∑¬∑¬∑¬∑¬∑¬∑¬∑¬∑¬∑¬∑¬∑¬∑¬∑¬∑¬∑¬∑¬∑¬∑¬∑¬∑¬∑¬∑¬∑¬∑¬∑¬∑¬∑¬∑¬∑¬∑¬∑¬∑¬∑¬∑¬∑
Admin UI E2E (firefox)	Run Playwright tests	2026-01-17T04:26:59.0617448Z ¬∑¬∑¬∑¬∑¬∞¬∑¬∑¬∑¬∑¬∑¬∑¬∑¬∑¬∞¬∑¬∑¬∑¬∑¬∑¬∑¬∑¬∑¬∑¬∑¬∑¬∑¬∑¬∑¬∑¬∑¬∑¬∑¬∑¬∑¬∑¬∑¬∑¬∑¬∑¬∞¬∑¬∑¬∑¬∑¬∑¬∑¬∑¬∑¬∑¬∑¬∑¬∑¬∑¬∑¬∑¬∑¬∑¬∑¬∑¬∑¬∑¬∑¬∑¬∑¬∑¬∑¬∑¬∑¬∑¬∑¬∑¬∑¬∑¬∑¬∑¬∑¬∑¬∑¬∑¬∑
Admin UI E2E (firefox)	Run Playwright tests	2026-01-17T04:31:11.6747206Z ¬∑¬∑¬∑¬∑¬∑¬∑¬∑¬∑¬∑¬∑¬∑¬∑¬∑¬∑¬∑¬∑¬∑¬∑¬∑¬∑¬∑¬∑¬∑¬∑¬∑¬∑¬∑¬∑¬∑¬∑¬∑¬∑¬∑¬∑¬∑¬∑¬∑¬∑¬∑¬∑¬∑¬∑¬∑¬∑¬∑¬∑¬∑¬∑¬∑¬∑¬∑¬∑¬∑¬∑¬∑¬∑¬∑¬∑¬∑¬∑¬∑¬∑¬∑¬∑¬∑¬∑¬∑¬∑¬∑¬∑¬∑¬∑¬∑¬∑¬∑¬∑¬∑¬∑¬∑¬∑
Admin UI E2E (firefox)	Run Playwright tests	2026-01-17T04:35:22.6344078Z ¬∑¬∑¬∑¬∑¬∑¬∑¬∑¬∑¬∑¬∑¬∑¬∑¬∑¬∑¬∑¬∑¬∑¬∑¬∑¬∑¬∑¬∑¬∑¬∑¬∑¬∑¬∑¬∑¬∑¬∑¬∑¬∑¬∑¬∑¬∑¬∑¬∑¬∑¬∑¬∑¬∑¬∑¬∑¬∑¬∑¬∑¬∑¬∑¬∑¬∑¬∑¬∑¬∑¬∑¬∑¬∑¬∑¬∑¬∑¬∑¬∑¬∑¬∑¬∑¬∑¬∑¬∑¬∑¬∑¬∑¬∑¬∑¬∑¬∑¬∑¬∑¬∑¬∑¬∑¬∑
Admin UI E2E (firefox)	Run Playwright tests	2026-01-17T04:38:54.6789123Z ¬∑¬∑¬∑¬∑¬∑¬∑¬∑¬∑¬∑¬∑¬∑¬∑¬∑¬∑¬∑¬∑¬∑¬∑¬∑¬∑¬∑¬∑¬∑¬∑¬∑¬∑¬∑¬∑¬∑¬∑¬∑¬∑¬∑¬∑¬∑¬∑¬∑¬∑¬∑¬∑¬∑¬∑¬∑¬∑¬∑¬∑¬∑¬∑¬∑¬∑¬∑¬∑¬∑¬∑¬∑¬∑¬∑¬∑¬∑¬∑¬∑¬∑¬∑¬∑¬∑¬∑¬∑¬∑¬∑Deleting workflow: workflow-complex-2188c110-7f20-4504-9812-5f28393acd25 -- Copy
Admin UI E2E (firefox)	Run Playwright tests	2026-01-17T04:38:56.6370043Z ¬∑
Admin UI E2E (firefox)	Run Playwright tests	2026-01-17T04:38:56.6384042Z 
Admin UI E2E (firefox)	Run Playwright tests	2026-01-17T04:38:56.6393719Z   1) [firefox] ‚Ä∫ test/autentication/flows.spec.ts:222:3 ‚Ä∫ Authentication flow details ‚Ä∫ drags and drops execution 
Admin UI E2E (firefox)	Run Playwright tests	2026-01-17T04:38:56.6394596Z 
Admin UI E2E (firefox)	Run Playwright tests	2026-01-17T04:38:56.6395559Z     Error: [2mexpect([22m[31mlocator[39m[2m).[22mtoHaveText[2m([22m[32mexpected[39m[2m)[22m failed
Admin UI E2E (firefox)	Run Playwright tests	2026-01-17T04:38:56.6396376Z 
Admin UI E2E (firefox)	Run Playwright tests	2026-01-17T04:38:56.6396680Z     Locator: getByTestId('last-alert')
Admin UI E2E (firefox)	Run Playwright tests	2026-01-17T04:38:56.6397573Z     Expected: [32m"Flow successfully updated"[39m
Admin UI E2E (firefox)	Run Playwright tests	2026-01-17T04:38:56.6398193Z     Timeout: 5000ms
Admin UI E2E (firefox)	Run Playwright tests	2026-01-17T04:38:56.6398902Z     Error: element(s) not found
Admin UI E2E (firefox)	Run Playwright tests	2026-01-17T04:38:56.6399247Z 
Admin UI E2E (firefox)	Run Playwright tests	2026-01-17T04:38:56.6399433Z     Call log:
Admin UI E2E (firefox)	Run Playwright tests	2026-01-17T04:38:56.6400225Z     [2m  - Expect "toHaveText" with timeout 5000ms[22m
Admin UI E2E (firefox)	Run Playwright tests	2026-01-17T04:38:56.6400933Z     [2m  - waiting for getByTestId('last-alert')[22m
Admin UI E2E (firefox)	Run Playwright tests	2026-01-17T04:38:56.6401200Z 
Admin UI E2E (firefox)	Run Playwright tests	2026-01-17T04:38:56.6401215Z 
Admin UI E2E (firefox)	Run Playwright tests	2026-01-17T04:38:56.6401327Z        at utils/masthead.ts:5
Admin UI E2E (firefox)	Run Playwright tests	2026-01-17T04:38:56.6401519Z 
Admin UI E2E (firefox)	Run Playwright tests	2026-01-17T04:38:56.6401608Z       3 |
Admin UI E2E (firefox)	Run Playwright tests	2026-01-17T04:38:56.6402086Z       4 | export async function assertNotificationMessage(page: Page, message: string) {
Admin UI E2E (firefox)	Run Playwright tests	2026-01-17T04:38:56.6402795Z     > 5 |   await expect(page.getByTestId("last-alert")).toHaveText(message);
Admin UI E2E (firefox)	Run Playwright tests	2026-01-17T04:38:56.6403316Z         |                                                ^
Admin UI E2E (firefox)	Run Playwright tests	2026-01-17T04:38:56.6403650Z       6 | }
Admin UI E2E (firefox)	Run Playwright tests	2026-01-17T04:38:56.6403857Z       7 |
Admin UI E2E (firefox)	Run Playwright tests	2026-01-17T04:38:56.6404180Z       8 | function getActionToggleButton(page: Page) {
Admin UI E2E (firefox)	Run Playwright tests	2026-01-17T04:38:56.6404976Z         at assertNotificationMessage (/home/runner/work/keycloak/keycloak/js/apps/admin-ui/test/utils/masthead.ts:5:48)
Admin UI E2E (firefox)	Run Playwright tests	2026-01-17T04:38:56.6406431Z         at /home/runner/work/keycloak/keycloak/js/apps/admin-ui/test/autentication/flows.spec.ts:209:11
Admin UI E2E (firefox)	Run Playwright tests	2026-01-17T04:38:56.6407969Z 
Admin UI E2E (firefox)	Run Playwright tests	2026-01-17T04:38:56.6409062Z     Error Context: test-results/autentication-flows-Authen-a926b-s-drags-and-drops-execution-firefox/error-context.md
Admin UI E2E (firefox)	Run Playwright tests	2026-01-17T04:38:56.6409616Z 
Admin UI E2E (firefox)	Run Playwright tests	2026-01-17T04:38:56.6410103Z     attachment #2: trace (application/zip) ‚îÄ‚îÄ‚îÄ‚îÄ‚îÄ‚îÄ‚îÄ‚îÄ‚îÄ‚îÄ‚îÄ‚îÄ‚îÄ‚îÄ‚îÄ‚îÄ‚îÄ‚îÄ‚îÄ‚îÄ‚îÄ‚îÄ‚îÄ‚îÄ‚îÄ‚îÄ‚îÄ‚îÄ‚îÄ‚îÄ‚îÄ‚îÄ‚îÄ‚îÄ‚îÄ‚îÄ‚îÄ‚îÄ‚îÄ‚îÄ‚îÄ‚îÄ‚îÄ‚îÄ‚îÄ‚îÄ‚îÄ‚îÄ‚îÄ‚îÄ‚îÄ‚îÄ‚îÄ‚îÄ‚îÄ‚îÄ‚îÄ
Admin UI E2E (firefox)	Run Playwright tests	2026-01-17T04:38:56.6410858Z     test-results/autentication-flows-Authen-a926b-s-drags-and-drops-execution-firefox/trace.zip
Admin UI E2E (firefox)	Run Playwright tests	2026-01-17T04:38:56.6411365Z     Usage:
Admin UI E2E (firefox)	Run Playwright tests	2026-01-17T04:38:56.6411478Z 
Admin UI E2E (firefox)	Run Playwright tests	2026-01-17T04:38:56.6411988Z         pnpm exec playwright show-trace test-results/autentication-flows-Authen-a926b-s-drags-and-drops-execution-firefox/trace.zip
Admin UI E2E (firefox)	Run Playwright tests	2026-01-17T04:38:56.6412534Z 
Admin UI E2E (firefox)	Run Playwright tests	2026-01-17T04:38:56.6412885Z     ‚îÄ‚îÄ‚îÄ‚îÄ‚îÄ‚îÄ‚îÄ‚îÄ‚îÄ‚îÄ‚îÄ‚îÄ‚îÄ‚îÄ‚îÄ‚îÄ‚îÄ‚îÄ‚îÄ‚îÄ‚îÄ‚îÄ‚îÄ‚îÄ‚îÄ‚îÄ‚îÄ‚îÄ‚îÄ‚îÄ‚îÄ‚îÄ‚îÄ‚îÄ‚îÄ‚îÄ‚îÄ‚îÄ‚îÄ‚îÄ‚îÄ‚îÄ‚îÄ‚îÄ‚îÄ‚îÄ‚îÄ‚îÄ‚îÄ‚îÄ‚îÄ‚îÄ‚îÄ‚îÄ‚îÄ‚îÄ‚îÄ‚îÄ‚îÄ‚îÄ‚îÄ‚îÄ‚îÄ‚îÄ‚îÄ‚îÄ‚îÄ‚îÄ‚îÄ‚îÄ‚îÄ‚îÄ‚îÄ‚îÄ‚îÄ‚îÄ‚îÄ‚îÄ‚îÄ‚îÄ‚îÄ‚îÄ‚îÄ‚îÄ‚îÄ‚îÄ‚îÄ‚îÄ‚îÄ‚îÄ‚îÄ‚îÄ‚îÄ‚îÄ‚îÄ‚îÄ
Admin UI E2E (firefox)	Run Playwright tests	2026-01-17T04:38:56.6413174Z 
Admin UI E2E (firefox)	Run Playwright tests	2026-01-17T04:38:56.6413276Z   1 failed
Admin UI E2E (firefox)	Run Playwright tests	2026-01-17T04:38:56.6413890Z     [firefox] ‚Ä∫ test/autentication/flows.spec.ts:222:3 ‚Ä∫ Authentication flow details ‚Ä∫ drags and drops execution 
Admin UI E2E (firefox)	Run Playwright tests	2026-01-17T04:38:56.6414387Z   3 skipped
Admin UI E2E (firefox)	Run Playwright tests	2026-01-17T04:38:56.6414580Z   386 passed (21.0m)
Admin UI E2E (firefox)	Run Playwright tests	2026-01-17T04:38:56.6442518Z ##[error]  1) [firefox] ‚Ä∫ test/autentication/flows.spec.ts:222:3 ‚Ä∫ Authentication flow details ‚Ä∫ drags and drops execution 
Admin UI E2E (firefox)	Run Playwright tests	    Error: expect(locator).toHaveText(expected) failed
Admin UI E2E (firefox)	Run Playwright tests	
Admin UI E2E (firefox)	Run Playwright tests	    Locator: getByTestId('last-alert')
Admin UI E2E (firefox)	Run Playwright tests	    Expected: "Flow successfully updated"
Admin UI E2E (firefox)	Run Playwright tests	    Timeout: 5000ms
Admin UI E2E (firefox)	Run Playwright tests	    Error: element(s) not found
Admin UI E2E (firefox)	Run Playwright tests	
Admin UI E2E (firefox)	Run Playwright tests	    Call log:
Admin UI E2E (firefox)	Run Playwright tests	      - Expect "toHaveText" with timeout 5000ms
Admin UI E2E (firefox)	Run Playwright tests	      - waiting for getByTestId('last-alert')
Admin UI E2E (firefox)	Run Playwright tests	
Admin UI E2E (firefox)	Run Playwright tests	
Admin UI E2E (firefox)	Run Playwright tests	       at utils/masthead.ts:5
Admin UI E2E (firefox)	Run Playwright tests	
Admin UI E2E (firefox)	Run Playwright tests	      3 |
Admin UI E2E (firefox)	Run Playwright tests	      4 | export async function assertNotificationMessage(page: Page, message: string) {
Admin UI E2E (firefox)	Run Playwright tests	    > 5 |   await expect(page.getByTestId("last-alert")).toHaveText(message);
Admin UI E2E (firefox)	Run Playwright tests	        |                                                ^
Admin UI E2E (firefox)	Run Playwright tests	      6 | }
Admin UI E2E (firefox)	Run Playwright tests	      7 |
Admin UI E2E (firefox)	Run Playwright tests	      8 | function getActionToggleButton(page: Page) {
Admin UI E2E (firefox)	Run Playwright tests	        at assertNotificationMessage (/home/runner/work/keycloak/keycloak/js/apps/admin-ui/test/utils/masthead.ts:5:48)
Admin UI E2E (firefox)	Run Playwright tests	        at /home/runner/work/keycloak/keycloak/js/apps/admin-ui/test/autentication/flows.spec.ts:209:11
Admin UI E2E (firefox)	Run Playwright tests	2026-01-17T04:38:56.6455456Z ##[notice]  1 failed
Admin UI E2E (firefox)	Run Playwright tests	    [firefox] ‚Ä∫ test/autentication/flows.spec.ts:222:3 ‚Ä∫ Authentication flow details ‚Ä∫ drags and drops execution 
Admin UI E2E (firefox)	Run Playwright tests	  3 skipped
Admin UI E2E (firefox)	Run Playwright tests	  386 passed (21.0m)
Admin UI E2E (firefox)	Run Playwright tests	2026-01-17T04:38:56.9061488Z 
Admin UI E2E (firefox)	Run Playwright tests	2026-01-17T04:38:56.9062410Z ‚ùå [test:integration] exited with exit code 1.
Admin UI E2E (firefox)	Run Playwright tests	2026-01-17T04:38:56.9066409Z ‚ùå 1 script failed.
Admin UI E2E (firefox)	Run Playwright tests	2026-01-17T04:38:56.9238957Z /home/runner/work/keycloak/keycloak/js/apps/admin-ui:
Admin UI E2E (firefox)	Run Playwright tests	2026-01-17T04:38:56.9241051Z ‚ÄâERR_PNPM_RECURSIVE_RUN_FIRST_FAIL‚Äâ @keycloak/keycloak-admin-ui@999.0.0-SNAPSHOT test:integration: `wireit -- --project=firefox`
Admin UI E2E (firefox)	Run Playwright tests	2026-01-17T04:38:56.9241987Z Exit status 1
Admin UI E2E (firefox)	Run Playwright tests	2026-01-17T04:38:56.9468006Z ##[error]Process completed with exit code 1.
Status Check - Keycloak JavaScript CI	Run /./.github/actions/status-check	Ôªø2026-01-17T04:39:10.7708068Z Prepare all required actions
Status Check - Keycloak JavaScript CI	Run /./.github/actions/status-check	2026-01-17T04:39:10.7774930Z ##[group]Run ./.github/actions/status-check
Status Check - Keycloak JavaScript CI	Run /./.github/actions/status-check	2026-01-17T04:39:10.7775284Z with:
Status Check - Keycloak JavaScript CI	Run /./.github/actions/status-check	2026-01-17T04:39:10.7776981Z   jobs: {
Status Check - Keycloak JavaScript CI	Run /./.github/actions/status-check	  "conditional": {
Status Check - Keycloak JavaScript CI	Run /./.github/actions/status-check	    "result": "success",
Status Check - Keycloak JavaScript CI	Run /./.github/actions/status-check	    "outputs": {
Status Check - Keycloak JavaScript CI	Run /./.github/actions/status-check	      "js-ci": "true"
Status Check - Keycloak JavaScript CI	Run /./.github/actions/status-check	    }
Status Check - Keycloak JavaScript CI	Run /./.github/actions/status-check	  },
Status Check - Keycloak JavaScript CI	Run /./.github/actions/status-check	  "build-keycloak": {
Status Check - Keycloak JavaScript CI	Run /./.github/actions/status-check	    "result": "success",
Status Check - Keycloak JavaScript CI	Run /./.github/actions/status-check	    "outputs": {}
Status Check - Keycloak JavaScript CI	Run /./.github/actions/status-check	  },
Status Check - Keycloak JavaScript CI	Run /./.github/actions/status-check	  "admin-client": {
Status Check - Keycloak JavaScript CI	Run /./.github/actions/status-check	    "result": "success",
Status Check - Keycloak JavaScript CI	Run /./.github/actions/status-check	    "outputs": {}
Status Check - Keycloak JavaScript CI	Run /./.github/actions/status-check	  },
Status Check - Keycloak JavaScript CI	Run /./.github/actions/status-check	  "ui-shared": {
Status Check - Keycloak JavaScript CI	Run /./.github/actions/status-check	    "result": "success",
Status Check - Keycloak JavaScript CI	Run /./.github/actions/status-check	    "outputs": {}
Status Check - Keycloak JavaScript CI	Run /./.github/actions/status-check	  },
Status Check - Keycloak JavaScript CI	Run /./.github/actions/status-check	  "account-ui": {
Status Check - Keycloak JavaScript CI	Run /./.github/actions/status-check	    "result": "success",
Status Check - Keycloak JavaScript CI	Run /./.github/actions/status-check	    "outputs": {}
Status Check - Keycloak JavaScript CI	Run /./.github/actions/status-check	  },
Status Check - Keycloak JavaScript CI	Run /./.github/actions/status-check	  "account-ui-e2e": {
Status Check - Keycloak JavaScript CI	Run /./.github/actions/status-check	    "result": "success",
Status Check - Keycloak JavaScript CI	Run /./.github/actions/status-check	    "outputs": {}
Status Check - Keycloak JavaScript CI	Run /./.github/actions/status-check	  },
Status Check - Keycloak JavaScript CI	Run /./.github/actions/status-check	  "admin-ui": {
Status Check - Keycloak JavaScript CI	Run /./.github/actions/status-check	    "result": "success",
Status Check - Keycloak JavaScript CI	Run /./.github/actions/status-check	    "outputs": {}
Status Check - Keycloak JavaScript CI	Run /./.github/actions/status-check	  },
Status Check - Keycloak JavaScript CI	Run /./.github/actions/status-check	  "admin-ui-e2e": {
Status Check - Keycloak JavaScript CI	Run /./.github/actions/status-check	    "result": "failure",
Status Check - Keycloak JavaScript CI	Run /./.github/actions/status-check	    "outputs": {}
Status Check - Keycloak JavaScript CI	Run /./.github/actions/status-check	  },
Status Check - Keycloak JavaScript CI	Run /./.github/actions/status-check	  "keycloak-admin-client": {
Status Check - Keycloak JavaScript CI	Run /./.github/actions/status-check	    "result": "success",
Status Check - Keycloak JavaScript CI	Run /./.github/actions/status-check	    "outputs": {}
Status Check - Keycloak JavaScript CI	Run /./.github/actions/status-check	  }
Status Check - Keycloak JavaScript CI	Run /./.github/actions/status-check	}
Status Check - Keycloak JavaScript CI	Run /./.github/actions/status-check	2026-01-17T04:39:10.7779201Z env:
Status Check - Keycloak JavaScript CI	Run /./.github/actions/status-check	2026-01-17T04:39:10.7779540Z   MAVEN_ARGS: -B -nsu -Daether.connector.http.connectionMaxTtl=25
Status Check - Keycloak JavaScript CI	Run /./.github/actions/status-check	2026-01-17T04:39:10.7779945Z ##[endgroup]
Status Check - Keycloak JavaScript CI	Run /./.github/actions/status-check	2026-01-17T04:39:10.7873536Z ##[group]Run JOBS='{
Status Check - Keycloak JavaScript CI	Run /./.github/actions/status-check	2026-01-17T04:39:10.7873968Z [36;1mJOBS='{[0m
Status Check - Keycloak JavaScript CI	Run /./.github/actions/status-check	2026-01-17T04:39:10.7874212Z [36;1m  "conditional": {[0m
Status Check - Keycloak JavaScript CI	Run /./.github/actions/status-check	2026-01-17T04:39:10.7874503Z [36;1m    "result": "success",[0m
Status Check - Keycloak JavaScript CI	Run /./.github/actions/status-check	2026-01-17T04:39:10.7874790Z [36;1m    "outputs": {[0m
Status Check - Keycloak JavaScript CI	Run /./.github/actions/status-check	2026-01-17T04:39:10.7875060Z [36;1m      "js-ci": "true"[0m
Status Check - Keycloak JavaScript CI	Run /./.github/actions/status-check	2026-01-17T04:39:10.7875313Z [36;1m    }[0m
Status Check - Keycloak JavaScript CI	Run /./.github/actions/status-check	2026-01-17T04:39:10.7875536Z [36;1m  },[0m
Status Check - Keycloak JavaScript CI	Run /./.github/actions/status-check	2026-01-17T04:39:10.7875778Z [36;1m  "build-keycloak": {[0m
Status Check - Keycloak JavaScript CI	Run /./.github/actions/status-check	2026-01-17T04:39:10.7876075Z [36;1m    "result": "success",[0m
Status Check - Keycloak JavaScript CI	Run /./.github/actions/status-check	2026-01-17T04:39:10.7876357Z [36;1m    "outputs": {}[0m
Status Check - Keycloak JavaScript CI	Run /./.github/actions/status-check	2026-01-17T04:39:10.7876599Z [36;1m  },[0m
Status Check - Keycloak JavaScript CI	Run /./.github/actions/status-check	2026-01-17T04:39:10.7876827Z [36;1m  "admin-client": {[0m
Status Check - Keycloak JavaScript CI	Run /./.github/actions/status-check	2026-01-17T04:39:10.7877087Z [36;1m    "result": "success",[0m
Status Check - Keycloak JavaScript CI	Run /./.github/actions/status-check	2026-01-17T04:39:10.7877357Z [36;1m    "outputs": {}[0m
Status Check - Keycloak JavaScript CI	Run /./.github/actions/status-check	2026-01-17T04:39:10.7877599Z [36;1m  },[0m
Status Check - Keycloak JavaScript CI	Run /./.github/actions/status-check	2026-01-17T04:39:10.7877860Z [36;1m  "ui-shared": {[0m
Status Check - Keycloak JavaScript CI	Run /./.github/actions/status-check	2026-01-17T04:39:10.7878105Z [36;1m    "result": "success",[0m
Status Check - Keycloak JavaScript CI	Run /./.github/actions/status-check	2026-01-17T04:39:10.7878587Z [36;1m    "outputs": {}[0m
Status Check - Keycloak JavaScript CI	Run /./.github/actions/status-check	2026-01-17T04:39:10.7878833Z [36;1m  },[0m
Status Check - Keycloak JavaScript CI	Run /./.github/actions/status-check	2026-01-17T04:39:10.7879051Z [36;1m  "account-ui": {[0m
Status Check - Keycloak JavaScript CI	Run /./.github/actions/status-check	2026-01-17T04:39:10.7879303Z [36;1m    "result": "success",[0m
Status Check - Keycloak JavaScript CI	Run /./.github/actions/status-check	2026-01-17T04:39:10.7879559Z [36;1m    "outputs": {}[0m
Status Check - Keycloak JavaScript CI	Run /./.github/actions/status-check	2026-01-17T04:39:10.7879793Z [36;1m  },[0m
Status Check - Keycloak JavaScript CI	Run /./.github/actions/status-check	2026-01-17T04:39:10.7880014Z [36;1m  "account-ui-e2e": {[0m
Status Check - Keycloak JavaScript CI	Run /./.github/actions/status-check	2026-01-17T04:39:10.7880277Z [36;1m    "result": "success",[0m
Status Check - Keycloak JavaScript CI	Run /./.github/actions/status-check	2026-01-17T04:39:10.7880533Z [36;1m    "outputs": {}[0m
Status Check - Keycloak JavaScript CI	Run /./.github/actions/status-check	2026-01-17T04:39:10.7880767Z [36;1m  },[0m
Status Check - Keycloak JavaScript CI	Run /./.github/actions/status-check	2026-01-17T04:39:10.7880975Z [36;1m  "admin-ui": {[0m
Status Check - Keycloak JavaScript CI	Run /./.github/actions/status-check	2026-01-17T04:39:10.7881224Z [36;1m    "result": "success",[0m
Status Check - Keycloak JavaScript CI	Run /./.github/actions/status-check	2026-01-17T04:39:10.7881485Z [36;1m    "outputs": {}[0m
Status Check - Keycloak JavaScript CI	Run /./.github/actions/status-check	2026-01-17T04:39:10.7881720Z [36;1m  },[0m
Status Check - Keycloak JavaScript CI	Run /./.github/actions/status-check	2026-01-17T04:39:10.7881944Z [36;1m  "admin-ui-e2e": {[0m
Status Check - Keycloak JavaScript CI	Run /./.github/actions/status-check	2026-01-17T04:39:10.7882207Z [36;1m    "result": "failure",[0m
Status Check - Keycloak JavaScript CI	Run /./.github/actions/status-check	2026-01-17T04:39:10.7882478Z [36;1m    "outputs": {}[0m
Status Check - Keycloak JavaScript CI	Run /./.github/actions/status-check	2026-01-17T04:39:10.7882720Z [36;1m  },[0m
Status Check - Keycloak JavaScript CI	Run /./.github/actions/status-check	2026-01-17T04:39:10.7882970Z [36;1m  "keycloak-admin-client": {[0m
Status Check - Keycloak JavaScript CI	Run /./.github/actions/status-check	2026-01-17T04:39:10.7883273Z [36;1m    "result": "success",[0m
Status Check - Keycloak JavaScript CI	Run /./.github/actions/status-check	2026-01-17T04:39:10.7883549Z [36;1m    "outputs": {}[0m
Status Check - Keycloak JavaScript CI	Run /./.github/actions/status-check	2026-01-17T04:39:10.7883789Z [36;1m  }[0m
Status Check - Keycloak JavaScript CI	Run /./.github/actions/status-check	2026-01-17T04:39:10.7883994Z [36;1m}'[0m
Status Check - Keycloak JavaScript CI	Run /./.github/actions/status-check	2026-01-17T04:39:10.7884203Z [36;1m[0m
Status Check - Keycloak JavaScript CI	Run /./.github/actions/status-check	2026-01-17T04:39:10.7884417Z [36;1mecho "Job status:"[0m
Status Check - Keycloak JavaScript CI	Run /./.github/actions/status-check	2026-01-17T04:39:10.7884813Z [36;1mecho $JOBS | jq -r 'to_entries[] | " - \(.key): \(.value.result)"'[0m
Status Check - Keycloak JavaScript CI	Run /./.github/actions/status-check	2026-01-17T04:39:10.7885201Z [36;1m[0m
Status Check - Keycloak JavaScript CI	Run /./.github/actions/status-check	2026-01-17T04:39:10.7885512Z [36;1mfor i in $(echo $JOBS | jq -r 'to_entries[] | .value.result'); do[0m
Status Check - Keycloak JavaScript CI	Run /./.github/actions/status-check	2026-01-17T04:39:10.7885955Z [36;1m  if [ "$i" != "success" ] && [ "$i" != "skipped" ]; then[0m
Status Check - Keycloak JavaScript CI	Run /./.github/actions/status-check	2026-01-17T04:39:10.7886289Z [36;1m    echo ""[0m
Status Check - Keycloak JavaScript CI	Run /./.github/actions/status-check	2026-01-17T04:39:10.7886540Z [36;1m    echo "Status check not okay!"[0m
Status Check - Keycloak JavaScript CI	Run /./.github/actions/status-check	2026-01-17T04:39:10.7886834Z [36;1m    exit 1[0m
Status Check - Keycloak JavaScript CI	Run /./.github/actions/status-check	2026-01-17T04:39:10.7887054Z [36;1m  fi[0m
Status Check - Keycloak JavaScript CI	Run /./.github/actions/status-check	2026-01-17T04:39:10.7887255Z [36;1mdone[0m
Status Check - Keycloak JavaScript CI	Run /./.github/actions/status-check	2026-01-17T04:39:10.7923454Z shell: /usr/bin/bash --noprofile --norc -e -o pipefail {0}
Status Check - Keycloak JavaScript CI	Run /./.github/actions/status-check	2026-01-17T04:39:10.7924176Z env:
Status Check - Keycloak JavaScript CI	Run /./.github/actions/status-check	2026-01-17T04:39:10.7924516Z   MAVEN_ARGS: -B -nsu -Daether.connector.http.connectionMaxTtl=25
Status Check - Keycloak JavaScript CI	Run /./.github/actions/status-check	2026-01-17T04:39:10.7924908Z ##[endgroup]
Status Check - Keycloak JavaScript CI	Run /./.github/actions/status-check	2026-01-17T04:39:10.7995488Z Job status:
Status Check - Keycloak JavaScript CI	Run /./.github/actions/status-check	2026-01-17T04:39:10.8022032Z  - conditional: success
Status Check - Keycloak JavaScript CI	Run /./.github/actions/status-check	2026-01-17T04:39:10.8022476Z  - build-keycloak: success
Status Check - Keycloak JavaScript CI	Run /./.github/actions/status-check	2026-01-17T04:39:10.8022782Z  - admin-client: success
Status Check - Keycloak JavaScript CI	Run /./.github/actions/status-check	2026-01-17T04:39:10.8023046Z  - ui-shared: success
Status Check - Keycloak JavaScript CI	Run /./.github/actions/status-check	2026-01-17T04:39:10.8023294Z  - account-ui: success
Status Check - Keycloak JavaScript CI	Run /./.github/actions/status-check	2026-01-17T04:39:10.8023548Z  - account-ui-e2e: success
Status Check - Keycloak JavaScript CI	Run /./.github/actions/status-check	2026-01-17T04:39:10.8023812Z  - admin-ui: success
Status Check - Keycloak JavaScript CI	Run /./.github/actions/status-check	2026-01-17T04:39:10.8024051Z  - admin-ui-e2e: failure
Status Check - Keycloak JavaScript CI	Run /./.github/actions/status-check	2026-01-17T04:39:10.8024327Z  - keycloak-admin-client: success
Status Check - Keycloak JavaScript CI	Run /./.github/actions/status-check	2026-01-17T04:39:10.8056014Z 
Status Check - Keycloak JavaScript CI	Run /./.github/actions/status-check	2026-01-17T04:39:10.8056439Z Status check not okay!
Status Check - Keycloak JavaScript CI	Run /./.github/actions/status-check	2026-01-17T04:39:10.8069673Z ##[error]Process completed with exit code 1.
