Store IT (aurora-postgres)	Run Aurora tests on EC2	2024-03-13T00:36:12.1953778Z ##[group]Run PROPS="-Dauth.server.db.host=gh-action-343479d.cluster-ctdxeb4izrnc.us-east-1.rds.amazonaws.com"
Store IT (aurora-postgres)	Run Aurora tests on EC2	2024-03-13T00:36:12.1955145Z [36;1mPROPS="-Dauth.server.db.host=gh-action-343479d.cluster-ctdxeb4izrnc.us-east-1.rds.amazonaws.com"[0m
Store IT (aurora-postgres)	Run Aurora tests on EC2	2024-03-13T00:36:12.1956240Z [36;1mPROPS+=" -Dkeycloak.connectionsJpa.***"[0m
Store IT (aurora-postgres)	Run Aurora tests on EC2	2024-03-13T00:36:12.1956828Z [36;1m[0m
Store IT (aurora-postgres)	Run Aurora tests on EC2	2024-03-13T00:36:12.1957176Z [36;1mREGION=us-east-1[0m
Store IT (aurora-postgres)	Run Aurora tests on EC2	2024-03-13T00:36:12.1957509Z [36;1m[0m
Store IT (aurora-postgres)	Run Aurora tests on EC2	2024-03-13T00:36:12.1958254Z [36;1mcurl --fail-with-body https://truststore.pki.rds.amazonaws.com/${REGION}/${REGION}-bundle.pem -o aws.pem[0m
Store IT (aurora-postgres)	Run Aurora tests on EC2	2024-03-13T00:36:12.1959386Z [36;1mPROPS+=" -Dkeycloak.connectionsJpa.jdbcParameters=\"?ssl=true&sslmode=verify-ca&sslrootcert=/opt/keycloak/aws.pem\""[0m
Store IT (aurora-postgres)	Run Aurora tests on EC2	2024-03-13T00:36:12.1960162Z [36;1m[0m
Store IT (aurora-postgres)	Run Aurora tests on EC2	2024-03-13T00:36:12.1960828Z [36;1mTESTS=`testsuite/integration-arquillian/tests/base/testsuites/suite.sh database`[0m
Store IT (aurora-postgres)	Run Aurora tests on EC2	2024-03-13T00:36:12.1961497Z [36;1mecho "Tests: $TESTS"[0m
Store IT (aurora-postgres)	Run Aurora tests on EC2	2024-03-13T00:36:12.1961895Z [36;1m[0m
Store IT (aurora-postgres)	Run Aurora tests on EC2	2024-03-13T00:36:12.1962507Z [36;1mgit archive --format=zip --output /tmp/keycloak.zip $GITHUB_REF[0m
Store IT (aurora-postgres)	Run Aurora tests on EC2	2024-03-13T00:36:12.1963180Z [36;1mzip -u /tmp/keycloak.zip aws.pem[0m
Store IT (aurora-postgres)	Run Aurora tests on EC2	2024-03-13T00:36:12.1963687Z [36;1m[0m
Store IT (aurora-postgres)	Run Aurora tests on EC2	2024-03-13T00:36:12.1964028Z [36;1mcd .github/scripts/ansible[0m
Store IT (aurora-postgres)	Run Aurora tests on EC2	2024-03-13T00:36:12.1964597Z [36;1mexport CLUSTER_NAME=keycloak_$(git rev-parse --short HEAD)[0m
Store IT (aurora-postgres)	Run Aurora tests on EC2	2024-03-13T00:36:12.1965317Z [36;1mecho "ec2_cluster=${CLUSTER_NAME}" >> $GITHUB_OUTPUT[0m
Store IT (aurora-postgres)	Run Aurora tests on EC2	2024-03-13T00:36:12.1965862Z [36;1m./aws_ec2.sh requirements[0m
Store IT (aurora-postgres)	Run Aurora tests on EC2	2024-03-13T00:36:12.1966370Z [36;1m./aws_ec2.sh create ${REGION}[0m
Store IT (aurora-postgres)	Run Aurora tests on EC2	2024-03-13T00:36:12.1966878Z [36;1m./keycloak_ec2_installer.sh ${REGION} /tmp/keycloak.zip[0m
Store IT (aurora-postgres)	Run Aurora tests on EC2	2024-03-13T00:36:12.1967602Z [36;1m./mvn_ec2_runner.sh ${REGION} "clean install -B -DskipTests -Pdistribution"[0m
Store IT (aurora-postgres)	Run Aurora tests on EC2	2024-03-13T00:36:12.1969001Z [36;1m./mvn_ec2_runner.sh ${REGION} "clean install -B -DskipTests -pl testsuite/integration-arquillian/servers/auth-server/quarkus -Pauth-server-quarkus -Pdb-aurora-postgres -Dmaven.build.cache.enabled=true"[0m
Store IT (aurora-postgres)	Run Aurora tests on EC2	2024-03-13T00:36:12.1970906Z [36;1m./mvn_ec2_runner.sh ${REGION} "test -B -Dsurefire.rerunFailingTestsCount=2 -Pauth-server-quarkus -Pdb-aurora-postgres $PROPS -Dtest=$TESTS -pl testsuite/integration-arquillian/tests/base 2>&1 | misc/log/trimmer.sh"[0m
Store IT (aurora-postgres)	Run Aurora tests on EC2	2024-03-13T00:36:12.1972423Z [36;1m[0m
Store IT (aurora-postgres)	Run Aurora tests on EC2	2024-03-13T00:36:12.1973108Z [36;1m# Copy returned surefire-report directories to workspace root to ensure they're discovered[0m
Store IT (aurora-postgres)	Run Aurora tests on EC2	2024-03-13T00:36:12.1973838Z [36;1mresults=(files/keycloak/results/*)[0m
Store IT (aurora-postgres)	Run Aurora tests on EC2	2024-03-13T00:36:12.1974304Z [36;1mrsync -a $results/* ../../../[0m
Store IT (aurora-postgres)	Run Aurora tests on EC2	2024-03-13T00:36:12.1974804Z [36;1mrm -rf $results[0m
Store IT (aurora-postgres)	Run Aurora tests on EC2	2024-03-13T00:36:12.2024387Z shell: /usr/bin/bash --noprofile --norc -e -o pipefail {0}
Store IT (aurora-postgres)	Run Aurora tests on EC2	2024-03-13T00:36:12.2024906Z env:
Store IT (aurora-postgres)	Run Aurora tests on EC2	2024-03-13T00:36:12.2025325Z   MAVEN_ARGS: -B -nsu -Daether.connector.http.connectionMaxTtl=25
Store IT (aurora-postgres)	Run Aurora tests on EC2	2024-03-13T00:36:12.2026011Z   SUREFIRE_RERUN_FAILING_COUNT: 2
Store IT (aurora-postgres)	Run Aurora tests on EC2	2024-03-13T00:36:12.2026503Z   SUREFIRE_RETRY: -Dsurefire.rerunFailingTestsCount=2
Store IT (aurora-postgres)	Run Aurora tests on EC2	2024-03-13T00:36:12.2027069Z ##[endgroup]
Store IT (aurora-postgres)	Run Aurora tests on EC2	2024-03-13T00:36:12.2163340Z   % Total    % Received % Xferd  Average Speed   Time    Time     Time  Current
Store IT (aurora-postgres)	Run Aurora tests on EC2	2024-03-13T00:36:12.2164689Z                                  Dload  Upload   Total   Spent    Left  Speed
Store IT (aurora-postgres)	Run Aurora tests on EC2	2024-03-13T00:36:12.2165283Z 
Store IT (aurora-postgres)	Run Aurora tests on EC2	2024-03-13T00:36:12.3141831Z   0     0    0     0    0     0      0      0 --:--:-- --:--:-- --:--:--     0
Store IT (aurora-postgres)	Run Aurora tests on EC2	2024-03-13T00:36:12.3143178Z 100  7488  100  7488    0     0  76366      0 --:--:-- --:--:-- --:--:-- 77195
Store IT (aurora-postgres)	Run Aurora tests on EC2	2024-03-13T00:36:12.3832835Z Tests: AccountRestServiceTest,AuthorizationCodeTest,AuthorizationTest,ClientRegistrationTest,EventStoreProviderTest,ExportImportTest,GeneratedRsaKeyProviderTest,KcOidcBrokerTest,LDAPUserLoginTest,LoginTest,PasswordPolicyTest,RefreshTokenTest,RequiredActionUpdateProfileTest,SSOTest,SamlClientTest,TransactionsTest,UserProfileTest,org.keycloak.testsuite.admin.**,org.keycloak.testsuite.authz.**ManagementTest
Store IT (aurora-postgres)	Run Aurora tests on EC2	2024-03-13T00:36:15.2086419Z   adding: aws.pem (deflated 40%)
Store IT (aurora-postgres)	Run Aurora tests on EC2	2024-03-13T00:36:22.1031066Z Starting galaxy collection install process
Store IT (aurora-postgres)	Run Aurora tests on EC2	2024-03-13T00:36:22.1031930Z Process install dependency map
Store IT (aurora-postgres)	Run Aurora tests on EC2	2024-03-13T00:36:22.1032776Z Starting collection install process
Store IT (aurora-postgres)	Run Aurora tests on EC2	2024-03-13T00:36:22.1035269Z Downloading https://galaxy.ansible.com/api/v3/plugin/ansible/content/published/collections/artifacts/amazon-aws-6.0.0.tar.gz to /home/runner/.ansible/tmp/ansible-local-2366ilm0_ma9/tmpcdqdlcjr/amazon-aws-6.0.0-l5lywft3
Store IT (aurora-postgres)	Run Aurora tests on EC2	2024-03-13T00:36:22.1037817Z Installing 'amazon.aws:6.0.0' to '/home/runner/.ansible/collections/ansible_collections/amazon/aws'
Store IT (aurora-postgres)	Run Aurora tests on EC2	2024-03-13T00:36:22.1039024Z amazon.aws:6.0.0 was installed successfully
Store IT (aurora-postgres)	Run Aurora tests on EC2	2024-03-13T00:36:22.9489502Z Collecting ansible
Store IT (aurora-postgres)	Run Aurora tests on EC2	2024-03-13T00:36:23.0184511Z   Downloading ansible-9.3.0-py3-none-any.whl (46.3 MB)
Store IT (aurora-postgres)	Run Aurora tests on EC2	2024-03-13T00:36:23.5051740Z      ‚îÅ‚îÅ‚îÅ‚îÅ‚îÅ‚îÅ‚îÅ‚îÅ‚îÅ‚îÅ‚îÅ‚îÅ‚îÅ‚îÅ‚îÅ‚îÅ‚îÅ‚îÅ‚îÅ‚îÅ‚îÅ‚îÅ‚îÅ‚îÅ‚îÅ‚îÅ‚îÅ‚îÅ‚îÅ‚îÅ‚îÅ‚îÅ‚îÅ‚îÅ‚îÅ‚îÅ‚îÅ‚îÅ‚îÅ‚îÅ 46.3/46.3 MB 47.4 MB/s eta 0:00:00
Store IT (aurora-postgres)	Run Aurora tests on EC2	2024-03-13T00:36:24.2186514Z Collecting boto3
Store IT (aurora-postgres)	Run Aurora tests on EC2	2024-03-13T00:36:24.2365519Z   Downloading boto3-1.34.61-py3-none-any.whl (139 kB)
Store IT (aurora-postgres)	Run Aurora tests on EC2	2024-03-13T00:36:24.2419293Z      ‚îÅ‚îÅ‚îÅ‚îÅ‚îÅ‚îÅ‚îÅ‚îÅ‚îÅ‚îÅ‚îÅ‚îÅ‚îÅ‚îÅ‚îÅ‚îÅ‚îÅ‚îÅ‚îÅ‚îÅ‚îÅ‚îÅ‚îÅ‚îÅ‚îÅ‚îÅ‚îÅ‚îÅ‚îÅ‚îÅ‚îÅ‚îÅ‚îÅ‚îÅ‚îÅ‚îÅ‚îÅ‚îÅ 139.3/139.3 KB 39.9 MB/s eta 0:00:00
Store IT (aurora-postgres)	Run Aurora tests on EC2	2024-03-13T00:36:24.8896469Z Collecting botocore
Store IT (aurora-postgres)	Run Aurora tests on EC2	2024-03-13T00:36:24.9024591Z   Downloading botocore-1.34.61-py3-none-any.whl (12.0 MB)
Store IT (aurora-postgres)	Run Aurora tests on EC2	2024-03-13T00:36:25.0212905Z      ‚îÅ‚îÅ‚îÅ‚îÅ‚îÅ‚îÅ‚îÅ‚îÅ‚îÅ‚îÅ‚îÅ‚îÅ‚îÅ‚îÅ‚îÅ‚îÅ‚îÅ‚îÅ‚îÅ‚îÅ‚îÅ‚îÅ‚îÅ‚îÅ‚îÅ‚îÅ‚îÅ‚îÅ‚îÅ‚îÅ‚îÅ‚îÅ‚îÅ‚îÅ‚îÅ‚îÅ‚îÅ‚îÅ‚îÅ‚îÅ 12.0/12.0 MB 94.6 MB/s eta 0:00:00
Store IT (aurora-postgres)	Run Aurora tests on EC2	2024-03-13T00:36:25.1057310Z Collecting ansible-core~=2.16.4
Store IT (aurora-postgres)	Run Aurora tests on EC2	2024-03-13T00:36:25.1186032Z   Downloading ansible_core-2.16.4-py3-none-any.whl (2.3 MB)
Store IT (aurora-postgres)	Run Aurora tests on EC2	2024-03-13T00:36:25.1418585Z      ‚îÅ‚îÅ‚îÅ‚îÅ‚îÅ‚îÅ‚îÅ‚îÅ‚îÅ‚îÅ‚îÅ‚îÅ‚îÅ‚îÅ‚îÅ‚îÅ‚îÅ‚îÅ‚îÅ‚îÅ‚îÅ‚îÅ‚îÅ‚îÅ‚îÅ‚îÅ‚îÅ‚îÅ‚îÅ‚îÅ‚îÅ‚îÅ‚îÅ‚îÅ‚îÅ‚îÅ‚îÅ‚îÅ‚îÅ‚îÅ 2.3/2.3 MB 105.8 MB/s eta 0:00:00
Store IT (aurora-postgres)	Run Aurora tests on EC2	2024-03-13T00:36:25.2030887Z Collecting s3transfer<0.11.0,>=0.10.0
Store IT (aurora-postgres)	Run Aurora tests on EC2	2024-03-13T00:36:25.2134312Z   Downloading s3transfer-0.10.0-py3-none-any.whl (82 kB)
Store IT (aurora-postgres)	Run Aurora tests on EC2	2024-03-13T00:36:25.2178792Z      ‚îÅ‚îÅ‚îÅ‚îÅ‚îÅ‚îÅ‚îÅ‚îÅ‚îÅ‚îÅ‚îÅ‚îÅ‚îÅ‚îÅ‚îÅ‚îÅ‚îÅ‚îÅ‚îÅ‚îÅ‚îÅ‚îÅ‚îÅ‚îÅ‚îÅ‚îÅ‚îÅ‚îÅ‚îÅ‚îÅ‚îÅ‚îÅ‚îÅ‚îÅ‚îÅ‚îÅ‚îÅ‚îÅ‚îÅ‚îÅ 82.1/82.1 KB 28.4 MB/s eta 0:00:00
Store IT (aurora-postgres)	Run Aurora tests on EC2	2024-03-13T00:36:25.2502331Z Collecting jmespath<2.0.0,>=0.7.1
Store IT (aurora-postgres)	Run Aurora tests on EC2	2024-03-13T00:36:25.2623038Z   Downloading jmespath-1.0.1-py3-none-any.whl (20 kB)
Store IT (aurora-postgres)	Run Aurora tests on EC2	2024-03-13T00:36:25.3819914Z Collecting python-dateutil<3.0.0,>=2.1
Store IT (aurora-postgres)	Run Aurora tests on EC2	2024-03-13T00:36:25.3935086Z   Downloading python_dateutil-2.9.0.post0-py2.py3-none-any.whl (229 kB)
Store IT (aurora-postgres)	Run Aurora tests on EC2	2024-03-13T00:36:25.3996362Z      ‚îÅ‚îÅ‚îÅ‚îÅ‚îÅ‚îÅ‚îÅ‚îÅ‚îÅ‚îÅ‚îÅ‚îÅ‚îÅ‚îÅ‚îÅ‚îÅ‚îÅ‚îÅ‚îÅ‚îÅ‚îÅ‚îÅ‚îÅ‚îÅ‚îÅ‚îÅ‚îÅ‚îÅ‚îÅ‚îÅ‚îÅ‚îÅ‚îÅ‚îÅ‚îÅ‚îÅ‚îÅ‚îÅ 229.9/229.9 KB 54.1 MB/s eta 0:00:00
Store IT (aurora-postgres)	Run Aurora tests on EC2	2024-03-13T00:36:25.4020878Z Requirement already satisfied: urllib3<2.1,>=1.25.4 in /usr/lib/python3/dist-packages (from botocore) (1.26.5)
Store IT (aurora-postgres)	Run Aurora tests on EC2	2024-03-13T00:36:25.4056779Z Requirement already satisfied: cryptography in /usr/lib/python3/dist-packages (from ansible-core~=2.16.4->ansible) (3.4.8)
Store IT (aurora-postgres)	Run Aurora tests on EC2	2024-03-13T00:36:25.4060133Z Requirement already satisfied: packaging in /usr/local/lib/python3.10/dist-packages (from ansible-core~=2.16.4->ansible) (23.2)
Store IT (aurora-postgres)	Run Aurora tests on EC2	2024-03-13T00:36:25.4295082Z Collecting resolvelib<1.1.0,>=0.5.3
Store IT (aurora-postgres)	Run Aurora tests on EC2	2024-03-13T00:36:25.4395437Z   Downloading resolvelib-1.0.1-py2.py3-none-any.whl (17 kB)
Store IT (aurora-postgres)	Run Aurora tests on EC2	2024-03-13T00:36:25.4427758Z Requirement already satisfied: jinja2>=3.0.0 in /usr/lib/python3/dist-packages (from ansible-core~=2.16.4->ansible) (3.0.3)
Store IT (aurora-postgres)	Run Aurora tests on EC2	2024-03-13T00:36:25.4433230Z Requirement already satisfied: PyYAML>=5.1 in /usr/lib/python3/dist-packages (from ansible-core~=2.16.4->ansible) (5.4.1)
Store IT (aurora-postgres)	Run Aurora tests on EC2	2024-03-13T00:36:25.4466339Z Requirement already satisfied: six>=1.5 in /usr/lib/python3/dist-packages (from python-dateutil<3.0.0,>=2.1->botocore) (1.16.0)
Store IT (aurora-postgres)	Run Aurora tests on EC2	2024-03-13T00:36:25.8161077Z Installing collected packages: resolvelib, python-dateutil, jmespath, ansible-core, botocore, ansible, s3transfer, boto3
Store IT (aurora-postgres)	Run Aurora tests on EC2	2024-03-13T00:36:41.7216561Z Successfully installed ansible-9.3.0 ansible-core-2.16.4 boto3-1.34.61 botocore-1.34.61 jmespath-1.0.1 python-dateutil-2.9.0.post0 resolvelib-1.0.1 s3transfer-0.10.0
Store IT (aurora-postgres)	Run Aurora tests on EC2	2024-03-13T00:36:42.2266571Z [WARNING]: No inventory was parsed, only implicit localhost is available
Store IT (aurora-postgres)	Run Aurora tests on EC2	2024-03-13T00:36:42.2292383Z [WARNING]: provided hosts list is empty, only localhost is available. Note that
Store IT (aurora-postgres)	Run Aurora tests on EC2	2024-03-13T00:36:42.2293953Z the implicit localhost does not match 'all'
Store IT (aurora-postgres)	Run Aurora tests on EC2	2024-03-13T00:36:42.3076849Z Using /home/runner/work/keycloak/keycloak/.github/scripts/ansible/ansible.cfg as config file
Store IT (aurora-postgres)	Run Aurora tests on EC2	2024-03-13T00:36:42.3077964Z 
Store IT (aurora-postgres)	Run Aurora tests on EC2	2024-03-13T00:36:42.3078436Z PLAY [localhost] ***************************************************************
Store IT (aurora-postgres)	Run Aurora tests on EC2	2024-03-13T00:36:42.3078983Z 
Store IT (aurora-postgres)	Run Aurora tests on EC2	2024-03-13T00:36:42.3079390Z TASK [Gathering Facts] *********************************************************
Store IT (aurora-postgres)	Run Aurora tests on EC2	2024-03-13T00:36:43.2892594Z ok: [localhost]
Store IT (aurora-postgres)	Run Aurora tests on EC2	2024-03-13T00:36:43.2893006Z 
Store IT (aurora-postgres)	Run Aurora tests on EC2	2024-03-13T00:36:43.2893506Z TASK [aws_ec2 : debug] *********************************************************
Store IT (aurora-postgres)	Run Aurora tests on EC2	2024-03-13T00:36:43.3082677Z ok: [localhost] => {
Store IT (aurora-postgres)	Run Aurora tests on EC2	2024-03-13T00:36:43.3083312Z     "cluster_identifier": "runner"
Store IT (aurora-postgres)	Run Aurora tests on EC2	2024-03-13T00:36:43.3083773Z }
Store IT (aurora-postgres)	Run Aurora tests on EC2	2024-03-13T00:36:43.3084123Z 
Store IT (aurora-postgres)	Run Aurora tests on EC2	2024-03-13T00:36:43.3084473Z TASK [aws_ec2 : debug] *********************************************************
Store IT (aurora-postgres)	Run Aurora tests on EC2	2024-03-13T00:36:43.3242816Z ok: [localhost] => {
Store IT (aurora-postgres)	Run Aurora tests on EC2	2024-03-13T00:36:43.3243617Z     "region": "us-east-1"
Store IT (aurora-postgres)	Run Aurora tests on EC2	2024-03-13T00:36:43.3244275Z }
Store IT (aurora-postgres)	Run Aurora tests on EC2	2024-03-13T00:36:43.3244494Z 
Store IT (aurora-postgres)	Run Aurora tests on EC2	2024-03-13T00:36:43.3244869Z TASK [aws_ec2 : debug] *********************************************************
Store IT (aurora-postgres)	Run Aurora tests on EC2	2024-03-13T00:36:43.3405054Z ok: [localhost] => {
Store IT (aurora-postgres)	Run Aurora tests on EC2	2024-03-13T00:36:43.3405667Z     "cluster_name": "keycloak_343479d"
Store IT (aurora-postgres)	Run Aurora tests on EC2	2024-03-13T00:36:43.3406212Z }
Store IT (aurora-postgres)	Run Aurora tests on EC2	2024-03-13T00:36:43.3406398Z 
Store IT (aurora-postgres)	Run Aurora tests on EC2	2024-03-13T00:36:43.3406829Z TASK [aws_ec2 : include_tasks] *************************************************
Store IT (aurora-postgres)	Run Aurora tests on EC2	2024-03-13T00:36:43.3642664Z included: /home/runner/work/keycloak/keycloak/.github/scripts/ansible/roles/aws_ec2/tasks/create-resources.yml for localhost
Store IT (aurora-postgres)	Run Aurora tests on EC2	2024-03-13T00:36:43.3643671Z 
Store IT (aurora-postgres)	Run Aurora tests on EC2	2024-03-13T00:36:43.3644152Z TASK [aws_ec2 : Get Ansible Control Host's public IP] **************************
Store IT (aurora-postgres)	Run Aurora tests on EC2	2024-03-13T00:36:43.8464508Z changed: [localhost] => {"censored": "the output has been hidden due to the fact that 'no_log: true' was specified for this result", "changed": true}
Store IT (aurora-postgres)	Run Aurora tests on EC2	2024-03-13T00:36:43.8465504Z 
Store IT (aurora-postgres)	Run Aurora tests on EC2	2024-03-13T00:36:43.8465844Z TASK [aws_ec2 : debug] *********************************************************
Store IT (aurora-postgres)	Run Aurora tests on EC2	2024-03-13T00:36:43.8639042Z ok: [localhost] => {
Store IT (aurora-postgres)	Run Aurora tests on EC2	2024-03-13T00:36:43.8639768Z     "cidr_ip": "20.172.5.80/32"
Store IT (aurora-postgres)	Run Aurora tests on EC2	2024-03-13T00:36:43.8640816Z }
Store IT (aurora-postgres)	Run Aurora tests on EC2	2024-03-13T00:36:43.8641206Z 
Store IT (aurora-postgres)	Run Aurora tests on EC2	2024-03-13T00:36:43.8641792Z TASK [aws_ec2 : Create Security Group] *****************************************
Store IT (aurora-postgres)	Run Aurora tests on EC2	2024-03-13T00:36:49.6824274Z changed: [localhost] => {"censored": "the output has been hidden due to the fact that 'no_log: true' was specified for this result", "changed": true}
Store IT (aurora-postgres)	Run Aurora tests on EC2	2024-03-13T00:36:49.6841348Z 
Store IT (aurora-postgres)	Run Aurora tests on EC2	2024-03-13T00:36:49.6842136Z TASK [aws_ec2 : Create Key] ****************************************************
Store IT (aurora-postgres)	Run Aurora tests on EC2	2024-03-13T00:36:50.9397603Z changed: [localhost] => {"censored": "the output has been hidden due to the fact that 'no_log: true' was specified for this result", "changed": true}
Store IT (aurora-postgres)	Run Aurora tests on EC2	2024-03-13T00:36:50.9398908Z 
Store IT (aurora-postgres)	Run Aurora tests on EC2	2024-03-13T00:36:50.9399408Z TASK [aws_ec2 : Save Private Key on Ansible Control Machine] *******************
Store IT (aurora-postgres)	Run Aurora tests on EC2	2024-03-13T00:36:51.3656304Z changed: [localhost] => {"censored": "the output has been hidden due to the fact that 'no_log: true' was specified for this result", "changed": true}
Store IT (aurora-postgres)	Run Aurora tests on EC2	2024-03-13T00:36:51.3657998Z 
Store IT (aurora-postgres)	Run Aurora tests on EC2	2024-03-13T00:36:51.3659035Z TASK [aws_ec2 : Look up AMI 'RHEL-8.8.0_HVM-20230503-x86_64-54-Hourly2-GP2'] ***
Store IT (aurora-postgres)	Run Aurora tests on EC2	2024-03-13T00:36:52.6072989Z ok: [localhost] => {"changed": false, "images": [{"architecture": "x86_64", "block_device_mappings": [{"device_name": "/dev/sda1", "ebs": {"delete_on_termination": true, "encrypted": false, "snapshot_id": "snap-04d2aa5ae502e418f", "volume_size": 10, "volume_type": "gp2"}}], "creation_date": "2023-05-10T11:04:33.000Z", "deprecation_time": "2025-05-10T11:04:33.000Z", "description": "Provided by Red Hat, Inc.", "ena_support": true, "hypervisor": "xen", "image_id": "ami-030f1f74b3569f163", "image_location": "amazon/RHEL-8.8.0_HVM-20230503-x86_64-54-Hourly2-GP2", "image_owner_alias": "amazon", "image_type": "machine", "name": "RHEL-8.8.0_HVM-20230503-x86_64-54-Hourly2-GP2", "owner_id": "309956199498", "platform_details": "Red Hat Enterprise Linux", "public": true, "root_device_name": "/dev/sda1", "root_device_type": "ebs", "sriov_net_support": "simple", "state": "available", "tags": {}, "usage_operation": "RunInstances:0010", "virtualization_type": "hvm"}]}
Store IT (aurora-postgres)	Run Aurora tests on EC2	2024-03-13T00:36:52.6077091Z 
Store IT (aurora-postgres)	Run Aurora tests on EC2	2024-03-13T00:36:52.6077536Z TASK [aws_ec2 : Create 1 EC2 Instances] ****************************************
Store IT (aurora-postgres)	Run Aurora tests on EC2	2024-03-13T00:39:59.1730714Z changed: [localhost] => {"censored": "the output has been hidden due to the fact that 'no_log: true' was specified for this result", "changed": true}
Store IT (aurora-postgres)	Run Aurora tests on EC2	2024-03-13T00:39:59.1732650Z 
Store IT (aurora-postgres)	Run Aurora tests on EC2	2024-03-13T00:39:59.1734345Z TASK [aws_ec2 : Create Inventory File] *****************************************
Store IT (aurora-postgres)	Run Aurora tests on EC2	2024-03-13T00:39:59.4600226Z changed: [localhost] => {"changed": true, "checksum": "488f88cf747883d4397bf1ab8ef02d35e6cf72d1", "dest": "./keycloak_343479d_us-east-1_inventory.yml", "gid": 127, "group": "docker", "md5sum": "765b06c84d99d80dbb7c72beda1660b6", "mode": "0644", "owner": "runner", "size": 228, "src": "/home/runner/.ansible/tmp/ansible-tmp-1710290399.1855686-2744-259328521329639/source", "state": "file", "uid": 1001}
Store IT (aurora-postgres)	Run Aurora tests on EC2	2024-03-13T00:39:59.4603352Z 
Store IT (aurora-postgres)	Run Aurora tests on EC2	2024-03-13T00:39:59.4603875Z TASK [aws_ec2 : include_tasks] *************************************************
Store IT (aurora-postgres)	Run Aurora tests on EC2	2024-03-13T00:39:59.4722209Z skipping: [localhost] => {"changed": false, "false_condition": "operation == \"start\" or operation == \"stop\"", "skip_reason": "Conditional result was False"}
Store IT (aurora-postgres)	Run Aurora tests on EC2	2024-03-13T00:39:59.4723497Z 
Store IT (aurora-postgres)	Run Aurora tests on EC2	2024-03-13T00:39:59.4724227Z TASK [aws_ec2 : include_tasks] *************************************************
Store IT (aurora-postgres)	Run Aurora tests on EC2	2024-03-13T00:39:59.4970855Z skipping: [localhost] => {"changed": false, "false_condition": "operation == \"delete\"", "skip_reason": "Conditional result was False"}
Store IT (aurora-postgres)	Run Aurora tests on EC2	2024-03-13T00:39:59.4972216Z 
Store IT (aurora-postgres)	Run Aurora tests on EC2	2024-03-13T00:39:59.4972534Z PLAY RECAP *********************************************************************
Store IT (aurora-postgres)	Run Aurora tests on EC2	2024-03-13T00:39:59.4973648Z localhost                  : ok=13   changed=6    unreachable=0    failed=0    skipped=2    rescued=0    ignored=0   
Store IT (aurora-postgres)	Run Aurora tests on EC2	2024-03-13T00:39:59.4974268Z 
Store IT (aurora-postgres)	Run Aurora tests on EC2	2024-03-13T00:39:59.9296865Z 
Store IT (aurora-postgres)	Run Aurora tests on EC2	2024-03-13T00:39:59.9298297Z PLAY [keycloak] ****************************************************************
Store IT (aurora-postgres)	Run Aurora tests on EC2	2024-03-13T00:39:59.9298961Z 
Store IT (aurora-postgres)	Run Aurora tests on EC2	2024-03-13T00:39:59.9299339Z TASK [Gathering Facts] *********************************************************
Store IT (aurora-postgres)	Run Aurora tests on EC2	2024-03-13T00:40:06.0777908Z ok: [54.91.89.66]
Store IT (aurora-postgres)	Run Aurora tests on EC2	2024-03-13T00:40:06.0778294Z 
Store IT (aurora-postgres)	Run Aurora tests on EC2	2024-03-13T00:40:06.0778665Z TASK [keycloak_ec2_installer : include_tasks] **********************************
Store IT (aurora-postgres)	Run Aurora tests on EC2	2024-03-13T00:40:06.0949758Z included: /home/runner/work/keycloak/keycloak/.github/scripts/ansible/roles/keycloak_ec2_installer/tasks/install.yml for 54.91.89.66
Store IT (aurora-postgres)	Run Aurora tests on EC2	2024-03-13T00:40:06.0950713Z 
Store IT (aurora-postgres)	Run Aurora tests on EC2	2024-03-13T00:40:06.0951165Z TASK [keycloak_ec2_installer : Update system packages on the remote hosts] *****
Store IT (aurora-postgres)	Run Aurora tests on EC2	2024-03-13T00:40:06.1075743Z skipping: [54.91.89.66]
Store IT (aurora-postgres)	Run Aurora tests on EC2	2024-03-13T00:40:06.1076239Z 
Store IT (aurora-postgres)	Run Aurora tests on EC2	2024-03-13T00:40:06.1077054Z TASK [keycloak_ec2_installer : Install Java 17 packages on the remote hosts] ***
Store IT (aurora-postgres)	Run Aurora tests on EC2	2024-03-13T00:41:31.5715239Z changed: [54.91.89.66]
Store IT (aurora-postgres)	Run Aurora tests on EC2	2024-03-13T00:41:31.5715864Z 
Store IT (aurora-postgres)	Run Aurora tests on EC2	2024-03-13T00:41:31.5718192Z TASK [keycloak_ec2_installer : Install dependencies on the remote hosts] *******
Store IT (aurora-postgres)	Run Aurora tests on EC2	2024-03-13T00:41:40.3364687Z changed: [54.91.89.66] => (item=unzip)
Store IT (aurora-postgres)	Run Aurora tests on EC2	2024-03-13T00:41:40.3365256Z 
Store IT (aurora-postgres)	Run Aurora tests on EC2	2024-03-13T00:41:40.3366002Z TASK [keycloak_ec2_installer : Create Keycloak src dir] ************************
Store IT (aurora-postgres)	Run Aurora tests on EC2	2024-03-13T00:41:42.2222171Z changed: [54.91.89.66]
Store IT (aurora-postgres)	Run Aurora tests on EC2	2024-03-13T00:41:42.2222975Z 
Store IT (aurora-postgres)	Run Aurora tests on EC2	2024-03-13T00:41:42.2223600Z TASK [keycloak_ec2_installer : Install Keycloak src on the remote hosts] *******
Store IT (aurora-postgres)	Run Aurora tests on EC2	2024-03-13T00:42:05.9667990Z changed: [54.91.89.66]
Store IT (aurora-postgres)	Run Aurora tests on EC2	2024-03-13T00:42:05.9668534Z 
Store IT (aurora-postgres)	Run Aurora tests on EC2	2024-03-13T00:42:05.9668923Z PLAY RECAP *********************************************************************
Store IT (aurora-postgres)	Run Aurora tests on EC2	2024-03-13T00:42:05.9670214Z 54.91.89.66                : ok=6    changed=4    unreachable=0    failed=0    skipped=1    rescued=0    ignored=0   
Store IT (aurora-postgres)	Run Aurora tests on EC2	2024-03-13T00:42:05.9671093Z 
Store IT (aurora-postgres)	Run Aurora tests on EC2	2024-03-13T00:42:06.3907039Z 
Store IT (aurora-postgres)	Run Aurora tests on EC2	2024-03-13T00:42:06.3908005Z PLAY [keycloak] ****************************************************************
Store IT (aurora-postgres)	Run Aurora tests on EC2	2024-03-13T00:42:06.3911055Z 
Store IT (aurora-postgres)	Run Aurora tests on EC2	2024-03-13T00:42:06.3911625Z TASK [Gathering Facts] *********************************************************
Store IT (aurora-postgres)	Run Aurora tests on EC2	2024-03-13T00:42:09.3185039Z ok: [54.91.89.66]
Store IT (aurora-postgres)	Run Aurora tests on EC2	2024-03-13T00:42:09.3185503Z 
Store IT (aurora-postgres)	Run Aurora tests on EC2	2024-03-13T00:42:09.3187200Z TASK [mvn_ec2_runner : include_tasks] ******************************************
Store IT (aurora-postgres)	Run Aurora tests on EC2	2024-03-13T00:42:09.3390494Z included: /home/runner/work/keycloak/keycloak/.github/scripts/ansible/roles/mvn_ec2_runner/tasks/run.yml for 54.91.89.66
Store IT (aurora-postgres)	Run Aurora tests on EC2	2024-03-13T00:42:09.3391742Z 
Store IT (aurora-postgres)	Run Aurora tests on EC2	2024-03-13T00:42:09.3392181Z TASK [mvn_ec2_runner : debug] **************************************************
Store IT (aurora-postgres)	Run Aurora tests on EC2	2024-03-13T00:42:09.3541113Z ok: [54.91.89.66] => {
Store IT (aurora-postgres)	Run Aurora tests on EC2	2024-03-13T00:42:09.3541958Z     "msg": "Variable `mvn_params` must be set."
Store IT (aurora-postgres)	Run Aurora tests on EC2	2024-03-13T00:42:09.3542844Z }
Store IT (aurora-postgres)	Run Aurora tests on EC2	2024-03-13T00:42:09.3544190Z 
Store IT (aurora-postgres)	Run Aurora tests on EC2	2024-03-13T00:42:09.3544683Z TASK [mvn_ec2_runner : set_fact] ***********************************************
Store IT (aurora-postgres)	Run Aurora tests on EC2	2024-03-13T00:42:09.3768825Z ok: [54.91.89.66]
Store IT (aurora-postgres)	Run Aurora tests on EC2	2024-03-13T00:42:09.3769906Z 
Store IT (aurora-postgres)	Run Aurora tests on EC2	2024-03-13T00:42:09.3770594Z TASK [mvn_ec2_runner : debug] **************************************************
Store IT (aurora-postgres)	Run Aurora tests on EC2	2024-03-13T00:42:09.3918682Z ok: [54.91.89.66] => {
Store IT (aurora-postgres)	Run Aurora tests on EC2	2024-03-13T00:42:09.3919675Z     "local_results_dir": "files/keycloak/results/20240313004209"
Store IT (aurora-postgres)	Run Aurora tests on EC2	2024-03-13T00:42:09.3920846Z }
Store IT (aurora-postgres)	Run Aurora tests on EC2	2024-03-13T00:42:09.3921173Z 
Store IT (aurora-postgres)	Run Aurora tests on EC2	2024-03-13T00:42:09.3921838Z TASK [mvn_ec2_runner : Cleanup Previous Runs] **********************************
Store IT (aurora-postgres)	Run Aurora tests on EC2	2024-03-13T00:42:11.2878554Z fatal: [54.91.89.66]: FAILED! => {"changed": true, "cmd": "killall java\n", "delta": "0:00:00.014042", "end": "2024-03-13 00:42:11.060442", "msg": "non-zero return code", "rc": 1, "start": "2024-03-13 00:42:11.046400", "stderr": "java: no process found", "stderr_lines": ["java: no process found"], "stdout": "", "stdout_lines": []}
Store IT (aurora-postgres)	Run Aurora tests on EC2	2024-03-13T00:42:11.2881014Z ...ignoring
Store IT (aurora-postgres)	Run Aurora tests on EC2	2024-03-13T00:42:11.2881333Z 
Store IT (aurora-postgres)	Run Aurora tests on EC2	2024-03-13T00:42:11.2881825Z TASK [mvn_ec2_runner : Run mvn command on the remote hosts] ********************
Store IT (aurora-postgres)	Run Aurora tests on EC2	2024-03-13T00:58:54.6055077Z ASYNC POLL on 54.91.89.66: jid=j40664518325.15150 started=1 finished=0
Store IT (aurora-postgres)	Run Aurora tests on EC2	2024-03-13T00:58:54.6056736Z ASYNC POLL on 54.91.89.66: jid=j40664518325.15150 started=1 finished=0
Store IT (aurora-postgres)	Run Aurora tests on EC2	2024-03-13T00:58:54.6057989Z ASYNC POLL on 54.91.89.66: jid=j40664518325.15150 started=1 finished=0
Store IT (aurora-postgres)	Run Aurora tests on EC2	2024-03-13T00:58:54.6059326Z ASYNC POLL on 54.91.89.66: jid=j40664518325.15150 started=1 finished=0
Store IT (aurora-postgres)	Run Aurora tests on EC2	2024-03-13T00:58:54.6060736Z ASYNC POLL on 54.91.89.66: jid=j40664518325.15150 started=1 finished=0
Store IT (aurora-postgres)	Run Aurora tests on EC2	2024-03-13T00:58:54.6061977Z ASYNC POLL on 54.91.89.66: jid=j40664518325.15150 started=1 finished=0
Store IT (aurora-postgres)	Run Aurora tests on EC2	2024-03-13T00:58:54.6063237Z ASYNC POLL on 54.91.89.66: jid=j40664518325.15150 started=1 finished=0
Store IT (aurora-postgres)	Run Aurora tests on EC2	2024-03-13T00:58:54.6064494Z ASYNC POLL on 54.91.89.66: jid=j40664518325.15150 started=1 finished=0
Store IT (aurora-postgres)	Run Aurora tests on EC2	2024-03-13T00:58:54.6065721Z ASYNC POLL on 54.91.89.66: jid=j40664518325.15150 started=1 finished=0
Store IT (aurora-postgres)	Run Aurora tests on EC2	2024-03-13T00:58:54.6067093Z ASYNC POLL on 54.91.89.66: jid=j40664518325.15150 started=1 finished=0
Store IT (aurora-postgres)	Run Aurora tests on EC2	2024-03-13T00:58:54.6068240Z ASYNC POLL on 54.91.89.66: jid=j40664518325.15150 started=1 finished=0
Store IT (aurora-postgres)	Run Aurora tests on EC2	2024-03-13T00:58:54.6069316Z ASYNC POLL on 54.91.89.66: jid=j40664518325.15150 started=1 finished=0
Store IT (aurora-postgres)	Run Aurora tests on EC2	2024-03-13T00:58:54.6070537Z ASYNC POLL on 54.91.89.66: jid=j40664518325.15150 started=1 finished=0
Store IT (aurora-postgres)	Run Aurora tests on EC2	2024-03-13T00:58:54.6071664Z ASYNC POLL on 54.91.89.66: jid=j40664518325.15150 started=1 finished=0
Store IT (aurora-postgres)	Run Aurora tests on EC2	2024-03-13T00:58:54.6072786Z ASYNC POLL on 54.91.89.66: jid=j40664518325.15150 started=1 finished=0
Store IT (aurora-postgres)	Run Aurora tests on EC2	2024-03-13T00:58:54.6073935Z ASYNC POLL on 54.91.89.66: jid=j40664518325.15150 started=1 finished=0
Store IT (aurora-postgres)	Run Aurora tests on EC2	2024-03-13T00:58:54.6075069Z ASYNC POLL on 54.91.89.66: jid=j40664518325.15150 started=1 finished=0
Store IT (aurora-postgres)	Run Aurora tests on EC2	2024-03-13T00:58:54.6076211Z ASYNC POLL on 54.91.89.66: jid=j40664518325.15150 started=1 finished=0
Store IT (aurora-postgres)	Run Aurora tests on EC2	2024-03-13T00:58:54.6077342Z ASYNC POLL on 54.91.89.66: jid=j40664518325.15150 started=1 finished=0
Store IT (aurora-postgres)	Run Aurora tests on EC2	2024-03-13T00:58:54.6078464Z ASYNC POLL on 54.91.89.66: jid=j40664518325.15150 started=1 finished=0
Store IT (aurora-postgres)	Run Aurora tests on EC2	2024-03-13T00:58:54.6079593Z ASYNC POLL on 54.91.89.66: jid=j40664518325.15150 started=1 finished=0
Store IT (aurora-postgres)	Run Aurora tests on EC2	2024-03-13T00:58:54.6081258Z ASYNC POLL on 54.91.89.66: jid=j40664518325.15150 started=1 finished=0
Store IT (aurora-postgres)	Run Aurora tests on EC2	2024-03-13T00:58:54.6082811Z ASYNC POLL on 54.91.89.66: jid=j40664518325.15150 started=1 finished=0
Store IT (aurora-postgres)	Run Aurora tests on EC2	2024-03-13T00:58:54.6084026Z ASYNC POLL on 54.91.89.66: jid=j40664518325.15150 started=1 finished=0
Store IT (aurora-postgres)	Run Aurora tests on EC2	2024-03-13T00:58:54.6085246Z ASYNC POLL on 54.91.89.66: jid=j40664518325.15150 started=1 finished=0
Store IT (aurora-postgres)	Run Aurora tests on EC2	2024-03-13T00:58:54.6086384Z ASYNC POLL on 54.91.89.66: jid=j40664518325.15150 started=1 finished=0
Store IT (aurora-postgres)	Run Aurora tests on EC2	2024-03-13T00:58:54.6087451Z ASYNC POLL on 54.91.89.66: jid=j40664518325.15150 started=1 finished=0
Store IT (aurora-postgres)	Run Aurora tests on EC2	2024-03-13T00:58:54.6088713Z ASYNC POLL on 54.91.89.66: jid=j40664518325.15150 started=1 finished=0
Store IT (aurora-postgres)	Run Aurora tests on EC2	2024-03-13T00:58:54.6089896Z ASYNC POLL on 54.91.89.66: jid=j40664518325.15150 started=1 finished=0
Store IT (aurora-postgres)	Run Aurora tests on EC2	2024-03-13T00:58:54.6091015Z ASYNC POLL on 54.91.89.66: jid=j40664518325.15150 started=1 finished=0
Store IT (aurora-postgres)	Run Aurora tests on EC2	2024-03-13T00:58:54.6092543Z ASYNC POLL on 54.91.89.66: jid=j40664518325.15150 started=1 finished=0
Store IT (aurora-postgres)	Run Aurora tests on EC2	2024-03-13T00:58:54.6093703Z ASYNC POLL on 54.91.89.66: jid=j40664518325.15150 started=1 finished=0
Store IT (aurora-postgres)	Run Aurora tests on EC2	2024-03-13T00:58:54.6094825Z ASYNC POLL on 54.91.89.66: jid=j40664518325.15150 started=1 finished=0
Store IT (aurora-postgres)	Run Aurora tests on EC2	2024-03-13T00:58:54.6095992Z ASYNC POLL on 54.91.89.66: jid=j40664518325.15150 started=1 finished=0
Store IT (aurora-postgres)	Run Aurora tests on EC2	2024-03-13T00:58:54.6097200Z ASYNC POLL on 54.91.89.66: jid=j40664518325.15150 started=1 finished=0
Store IT (aurora-postgres)	Run Aurora tests on EC2	2024-03-13T00:58:54.6098278Z ASYNC POLL on 54.91.89.66: jid=j40664518325.15150 started=1 finished=0
Store IT (aurora-postgres)	Run Aurora tests on EC2	2024-03-13T00:58:54.6099400Z ASYNC POLL on 54.91.89.66: jid=j40664518325.15150 started=1 finished=0
Store IT (aurora-postgres)	Run Aurora tests on EC2	2024-03-13T00:58:54.6100566Z ASYNC POLL on 54.91.89.66: jid=j40664518325.15150 started=1 finished=0
Store IT (aurora-postgres)	Run Aurora tests on EC2	2024-03-13T00:58:54.6101709Z ASYNC POLL on 54.91.89.66: jid=j40664518325.15150 started=1 finished=0
Store IT (aurora-postgres)	Run Aurora tests on EC2	2024-03-13T00:58:54.6103012Z ASYNC POLL on 54.91.89.66: jid=j40664518325.15150 started=1 finished=0
Store IT (aurora-postgres)	Run Aurora tests on EC2	2024-03-13T00:58:54.6104121Z ASYNC POLL on 54.91.89.66: jid=j40664518325.15150 started=1 finished=0
Store IT (aurora-postgres)	Run Aurora tests on EC2	2024-03-13T00:58:54.6105304Z ASYNC POLL on 54.91.89.66: jid=j40664518325.15150 started=1 finished=0
Store IT (aurora-postgres)	Run Aurora tests on EC2	2024-03-13T00:58:54.6106602Z ASYNC POLL on 54.91.89.66: jid=j40664518325.15150 started=1 finished=0
Store IT (aurora-postgres)	Run Aurora tests on EC2	2024-03-13T00:58:54.6107819Z ASYNC POLL on 54.91.89.66: jid=j40664518325.15150 started=1 finished=0
Store IT (aurora-postgres)	Run Aurora tests on EC2	2024-03-13T00:58:54.6109043Z ASYNC POLL on 54.91.89.66: jid=j40664518325.15150 started=1 finished=0
Store IT (aurora-postgres)	Run Aurora tests on EC2	2024-03-13T00:58:54.6110151Z ASYNC POLL on 54.91.89.66: jid=j40664518325.15150 started=1 finished=0
Store IT (aurora-postgres)	Run Aurora tests on EC2	2024-03-13T00:58:54.6111332Z ASYNC POLL on 54.91.89.66: jid=j40664518325.15150 started=1 finished=0
Store IT (aurora-postgres)	Run Aurora tests on EC2	2024-03-13T00:58:54.6112505Z ASYNC POLL on 54.91.89.66: jid=j40664518325.15150 started=1 finished=0
Store IT (aurora-postgres)	Run Aurora tests on EC2	2024-03-13T00:58:54.6113652Z ASYNC POLL on 54.91.89.66: jid=j40664518325.15150 started=1 finished=0
Store IT (aurora-postgres)	Run Aurora tests on EC2	2024-03-13T00:58:54.6114745Z ASYNC POLL on 54.91.89.66: jid=j40664518325.15150 started=1 finished=0
Store IT (aurora-postgres)	Run Aurora tests on EC2	2024-03-13T00:58:54.6115978Z ASYNC POLL on 54.91.89.66: jid=j40664518325.15150 started=1 finished=0
Store IT (aurora-postgres)	Run Aurora tests on EC2	2024-03-13T00:58:54.6117085Z ASYNC POLL on 54.91.89.66: jid=j40664518325.15150 started=1 finished=0
Store IT (aurora-postgres)	Run Aurora tests on EC2	2024-03-13T00:58:54.6118329Z ASYNC POLL on 54.91.89.66: jid=j40664518325.15150 started=1 finished=0
Store IT (aurora-postgres)	Run Aurora tests on EC2	2024-03-13T00:58:54.6119501Z ASYNC POLL on 54.91.89.66: jid=j40664518325.15150 started=1 finished=0
Store IT (aurora-postgres)	Run Aurora tests on EC2	2024-03-13T00:58:54.6120707Z ASYNC POLL on 54.91.89.66: jid=j40664518325.15150 started=1 finished=0
Store IT (aurora-postgres)	Run Aurora tests on EC2	2024-03-13T00:58:54.6121908Z ASYNC POLL on 54.91.89.66: jid=j40664518325.15150 started=1 finished=0
Store IT (aurora-postgres)	Run Aurora tests on EC2	2024-03-13T00:58:54.6123089Z ASYNC POLL on 54.91.89.66: jid=j40664518325.15150 started=1 finished=0
Store IT (aurora-postgres)	Run Aurora tests on EC2	2024-03-13T00:58:54.6124265Z ASYNC POLL on 54.91.89.66: jid=j40664518325.15150 started=1 finished=0
Store IT (aurora-postgres)	Run Aurora tests on EC2	2024-03-13T00:58:54.6125443Z ASYNC POLL on 54.91.89.66: jid=j40664518325.15150 started=1 finished=0
Store IT (aurora-postgres)	Run Aurora tests on EC2	2024-03-13T00:58:54.6126602Z ASYNC POLL on 54.91.89.66: jid=j40664518325.15150 started=1 finished=0
Store IT (aurora-postgres)	Run Aurora tests on EC2	2024-03-13T00:58:54.6127809Z ASYNC POLL on 54.91.89.66: jid=j40664518325.15150 started=1 finished=0
Store IT (aurora-postgres)	Run Aurora tests on EC2	2024-03-13T00:58:54.6128954Z ASYNC POLL on 54.91.89.66: jid=j40664518325.15150 started=1 finished=0
Store IT (aurora-postgres)	Run Aurora tests on EC2	2024-03-13T00:58:54.6130347Z ASYNC POLL on 54.91.89.66: jid=j40664518325.15150 started=1 finished=0
Store IT (aurora-postgres)	Run Aurora tests on EC2	2024-03-13T00:58:54.6131878Z ASYNC POLL on 54.91.89.66: jid=j40664518325.15150 started=1 finished=0
Store IT (aurora-postgres)	Run Aurora tests on EC2	2024-03-13T00:58:54.6132983Z ASYNC POLL on 54.91.89.66: jid=j40664518325.15150 started=1 finished=0
Store IT (aurora-postgres)	Run Aurora tests on EC2	2024-03-13T00:58:54.6134182Z ASYNC POLL on 54.91.89.66: jid=j40664518325.15150 started=1 finished=0
Store IT (aurora-postgres)	Run Aurora tests on EC2	2024-03-13T00:58:54.6135346Z ASYNC POLL on 54.91.89.66: jid=j40664518325.15150 started=1 finished=0
Store IT (aurora-postgres)	Run Aurora tests on EC2	2024-03-13T00:58:54.6136614Z ASYNC POLL on 54.91.89.66: jid=j40664518325.15150 started=1 finished=0
Store IT (aurora-postgres)	Run Aurora tests on EC2	2024-03-13T00:58:54.6137773Z ASYNC POLL on 54.91.89.66: jid=j40664518325.15150 started=1 finished=0
Store IT (aurora-postgres)	Run Aurora tests on EC2	2024-03-13T00:58:54.6138861Z ASYNC POLL on 54.91.89.66: jid=j40664518325.15150 started=1 finished=0
Store IT (aurora-postgres)	Run Aurora tests on EC2	2024-03-13T00:58:54.6140030Z ASYNC POLL on 54.91.89.66: jid=j40664518325.15150 started=1 finished=0
Store IT (aurora-postgres)	Run Aurora tests on EC2	2024-03-13T00:58:54.6141242Z ASYNC POLL on 54.91.89.66: jid=j40664518325.15150 started=1 finished=0
Store IT (aurora-postgres)	Run Aurora tests on EC2	2024-03-13T00:58:54.6142470Z ASYNC POLL on 54.91.89.66: jid=j40664518325.15150 started=1 finished=0
Store IT (aurora-postgres)	Run Aurora tests on EC2	2024-03-13T00:58:54.6143625Z ASYNC POLL on 54.91.89.66: jid=j40664518325.15150 started=1 finished=0
Store IT (aurora-postgres)	Run Aurora tests on EC2	2024-03-13T00:58:54.6144749Z ASYNC POLL on 54.91.89.66: jid=j40664518325.15150 started=1 finished=0
Store IT (aurora-postgres)	Run Aurora tests on EC2	2024-03-13T00:58:54.6146015Z ASYNC POLL on 54.91.89.66: jid=j40664518325.15150 started=1 finished=0
Store IT (aurora-postgres)	Run Aurora tests on EC2	2024-03-13T00:58:54.6147164Z ASYNC POLL on 54.91.89.66: jid=j40664518325.15150 started=1 finished=0
Store IT (aurora-postgres)	Run Aurora tests on EC2	2024-03-13T00:58:54.6148403Z ASYNC POLL on 54.91.89.66: jid=j40664518325.15150 started=1 finished=0
Store IT (aurora-postgres)	Run Aurora tests on EC2	2024-03-13T00:58:54.6149526Z ASYNC POLL on 54.91.89.66: jid=j40664518325.15150 started=1 finished=0
Store IT (aurora-postgres)	Run Aurora tests on EC2	2024-03-13T00:58:54.6150682Z ASYNC POLL on 54.91.89.66: jid=j40664518325.15150 started=1 finished=0
Store IT (aurora-postgres)	Run Aurora tests on EC2	2024-03-13T00:58:54.6151857Z ASYNC POLL on 54.91.89.66: jid=j40664518325.15150 started=1 finished=0
Store IT (aurora-postgres)	Run Aurora tests on EC2	2024-03-13T00:58:54.6152984Z ASYNC POLL on 54.91.89.66: jid=j40664518325.15150 started=1 finished=0
Store IT (aurora-postgres)	Run Aurora tests on EC2	2024-03-13T00:58:54.6154082Z ASYNC FAILED on 54.91.89.66: jid=j40664518325.15150
Status Check - Keycloak CI	Run /./.github/actions/status-check	2024-03-13T01:19:16.0619044Z Prepare all required actions
Status Check - Keycloak CI	Run /./.github/actions/status-check	2024-03-13T01:19:16.0710785Z ##[group]Run ./.github/actions/status-check
Status Check - Keycloak CI	Run /./.github/actions/status-check	2024-03-13T01:19:16.0711324Z with:
Status Check - Keycloak CI	Run /./.github/actions/status-check	2024-03-13T01:19:16.0715784Z   jobs: {
Status Check - Keycloak CI	Run /./.github/actions/status-check	  "conditional": {
Status Check - Keycloak CI	Run /./.github/actions/status-check	    "result": "success",
Status Check - Keycloak CI	Run /./.github/actions/status-check	    "outputs": {
Status Check - Keycloak CI	Run /./.github/actions/status-check	      "ci": "true",
Status Check - Keycloak CI	Run /./.github/actions/status-check	      "ci-sssd": "true",
Status Check - Keycloak CI	Run /./.github/actions/status-check	      "ci-store": "true",
Status Check - Keycloak CI	Run /./.github/actions/status-check	      "ci-store-matrix": "[\"postgres\",\"mysql\",\"oracle\",\"mssql\",\"mariadb\",\"aurora-postgres\"]"
Status Check - Keycloak CI	Run /./.github/actions/status-check	    }
Status Check - Keycloak CI	Run /./.github/actions/status-check	  },
Status Check - Keycloak CI	Run /./.github/actions/status-check	  "build": {
Status Check - Keycloak CI	Run /./.github/actions/status-check	    "result": "success",
Status Check - Keycloak CI	Run /./.github/actions/status-check	    "outputs": {}
Status Check - Keycloak CI	Run /./.github/actions/status-check	  },
Status Check - Keycloak CI	Run /./.github/actions/status-check	  "unit-tests": {
Status Check - Keycloak CI	Run /./.github/actions/status-check	    "result": "success",
Status Check - Keycloak CI	Run /./.github/actions/status-check	    "outputs": {}
Status Check - Keycloak CI	Run /./.github/actions/status-check	  },
Status Check - Keycloak CI	Run /./.github/actions/status-check	  "base-integration-tests": {
Status Check - Keycloak CI	Run /./.github/actions/status-check	    "result": "success",
Status Check - Keycloak CI	Run /./.github/actions/status-check	    "outputs": {}
Status Check - Keycloak CI	Run /./.github/actions/status-check	  },
Status Check - Keycloak CI	Run /./.github/actions/status-check	  "adapter-integration-tests": {
Status Check - Keycloak CI	Run /./.github/actions/status-check	    "result": "success",
Status Check - Keycloak CI	Run /./.github/actions/status-check	    "outputs": {}
Status Check - Keycloak CI	Run /./.github/actions/status-check	  },
Status Check - Keycloak CI	Run /./.github/actions/status-check	  "quarkus-unit-tests": {
Status Check - Keycloak CI	Run /./.github/actions/status-check	    "result": "success",
Status Check - Keycloak CI	Run /./.github/actions/status-check	    "outputs": {}
Status Check - Keycloak CI	Run /./.github/actions/status-check	  },
Status Check - Keycloak CI	Run /./.github/actions/status-check	  "quarkus-integration-tests": {
Status Check - Keycloak CI	Run /./.github/actions/status-check	    "result": "success",
Status Check - Keycloak CI	Run /./.github/actions/status-check	    "outputs": {}
Status Check - Keycloak CI	Run /./.github/actions/status-check	  },
Status Check - Keycloak CI	Run /./.github/actions/status-check	  "jdk-integration-tests": {
Status Check - Keycloak CI	Run /./.github/actions/status-check	    "result": "success",
Status Check - Keycloak CI	Run /./.github/actions/status-check	    "outputs": {}
Status Check - Keycloak CI	Run /./.github/actions/status-check	  },
Status Check - Keycloak CI	Run /./.github/actions/status-check	  "store-integration-tests": {
Status Check - Keycloak CI	Run /./.github/actions/status-check	    "result": "failure",
Status Check - Keycloak CI	Run /./.github/actions/status-check	    "outputs": {}
Status Check - Keycloak CI	Run /./.github/actions/status-check	  },
Status Check - Keycloak CI	Run /./.github/actions/status-check	  "store-model-tests": {
Status Check - Keycloak CI	Run /./.github/actions/status-check	    "result": "success",
Status Check - Keycloak CI	Run /./.github/actions/status-check	    "outputs": {}
Status Check - Keycloak CI	Run /./.github/actions/status-check	  },
Status Check - Keycloak CI	Run /./.github/actions/status-check	  "clustering-integration-tests": {
Status Check - Keycloak CI	Run /./.github/actions/status-check	    "result": "success",
Status Check - Keycloak CI	Run /./.github/actions/status-check	    "outputs": {}
Status Check - Keycloak CI	Run /./.github/actions/status-check	  },
Status Check - Keycloak CI	Run /./.github/actions/status-check	  "fips-unit-tests": {
Status Check - Keycloak CI	Run /./.github/actions/status-check	    "result": "success",
Status Check - Keycloak CI	Run /./.github/actions/status-check	    "outputs": {}
Status Check - Keycloak CI	Run /./.github/actions/status-check	  },
Status Check - Keycloak CI	Run /./.github/actions/status-check	  "fips-integration-tests": {
Status Check - Keycloak CI	Run /./.github/actions/status-check	    "result": "success",
Status Check - Keycloak CI	Run /./.github/actions/status-check	    "outputs": {}
Status Check - Keycloak CI	Run /./.github/actions/status-check	  },
Status Check - Keycloak CI	Run /./.github/actions/status-check	  "account-console-integration-tests": {
Status Check - Keycloak CI	Run /./.github/actions/status-check	    "result": "success",
Status Check - Keycloak CI	Run /./.github/actions/status-check	    "outputs": {}
Status Check - Keycloak CI	Run /./.github/actions/status-check	  },
Status Check - Keycloak CI	Run /./.github/actions/status-check	  "forms-integration-tests": {
Status Check - Keycloak CI	Run /./.github/actions/status-check	    "result": "success",
Status Check - Keycloak CI	Run /./.github/actions/status-check	    "outputs": {}
Status Check - Keycloak CI	Run /./.github/actions/status-check	  },
Status Check - Keycloak CI	Run /./.github/actions/status-check	  "webauthn-integration-tests": {
Status Check - Keycloak CI	Run /./.github/actions/status-check	    "result": "success",
Status Check - Keycloak CI	Run /./.github/actions/status-check	    "outputs": {}
Status Check - Keycloak CI	Run /./.github/actions/status-check	  },
Status Check - Keycloak CI	Run /./.github/actions/status-check	  "sssd-unit-tests": {
Status Check - Keycloak CI	Run /./.github/actions/status-check	    "result": "success",
Status Check - Keycloak CI	Run /./.github/actions/status-check	    "outputs": {}
Status Check - Keycloak CI	Run /./.github/actions/status-check	  },
Status Check - Keycloak CI	Run /./.github/actions/status-check	  "migration-tests": {
Status Check - Keycloak CI	Run /./.github/actions/status-check	    "result": "success",
Status Check - Keycloak CI	Run /./.github/actions/status-check	    "outputs": {}
Status Check - Keycloak CI	Run /./.github/actions/status-check	  }
Status Check - Keycloak CI	Run /./.github/actions/status-check	}
Status Check - Keycloak CI	Run /./.github/actions/status-check	2024-03-13T01:19:16.0721180Z env:
Status Check - Keycloak CI	Run /./.github/actions/status-check	2024-03-13T01:19:16.0721719Z   MAVEN_ARGS: -B -nsu -Daether.connector.http.connectionMaxTtl=25
Status Check - Keycloak CI	Run /./.github/actions/status-check	2024-03-13T01:19:16.0722311Z   SUREFIRE_RERUN_FAILING_COUNT: 2
Status Check - Keycloak CI	Run /./.github/actions/status-check	2024-03-13T01:19:16.0722774Z   SUREFIRE_RETRY: -Dsurefire.rerunFailingTestsCount=2
Status Check - Keycloak CI	Run /./.github/actions/status-check	2024-03-13T01:19:16.0723338Z ##[endgroup]
Status Check - Keycloak CI	Run /./.github/actions/status-check	2024-03-13T01:19:16.0986798Z ##[group]Run JOBS='{
Status Check - Keycloak CI	Run /./.github/actions/status-check	2024-03-13T01:19:16.0987375Z [36;1mJOBS='{[0m
Status Check - Keycloak CI	Run /./.github/actions/status-check	2024-03-13T01:19:16.0987904Z [36;1m  "conditional": {[0m
Status Check - Keycloak CI	Run /./.github/actions/status-check	2024-03-13T01:19:16.0988274Z [36;1m    "result": "success",[0m
Status Check - Keycloak CI	Run /./.github/actions/status-check	2024-03-13T01:19:16.0988691Z [36;1m    "outputs": {[0m
Status Check - Keycloak CI	Run /./.github/actions/status-check	2024-03-13T01:19:16.0989177Z [36;1m      "ci": "true",[0m
Status Check - Keycloak CI	Run /./.github/actions/status-check	2024-03-13T01:19:16.0989529Z [36;1m      "ci-sssd": "true",[0m
Status Check - Keycloak CI	Run /./.github/actions/status-check	2024-03-13T01:19:16.0989943Z [36;1m      "ci-store": "true",[0m
Status Check - Keycloak CI	Run /./.github/actions/status-check	2024-03-13T01:19:16.0990789Z [36;1m      "ci-store-matrix": "[\"postgres\",\"mysql\",\"oracle\",\"mssql\",\"mariadb\",\"aurora-postgres\"]"[0m
Status Check - Keycloak CI	Run /./.github/actions/status-check	2024-03-13T01:19:16.0991518Z [36;1m    }[0m
Status Check - Keycloak CI	Run /./.github/actions/status-check	2024-03-13T01:19:16.0991800Z [36;1m  },[0m
Status Check - Keycloak CI	Run /./.github/actions/status-check	2024-03-13T01:19:16.0992202Z [36;1m  "build": {[0m
Status Check - Keycloak CI	Run /./.github/actions/status-check	2024-03-13T01:19:16.0992565Z [36;1m    "result": "success",[0m
Status Check - Keycloak CI	Run /./.github/actions/status-check	2024-03-13T01:19:16.0992944Z [36;1m    "outputs": {}[0m
Status Check - Keycloak CI	Run /./.github/actions/status-check	2024-03-13T01:19:16.0993384Z [36;1m  },[0m
Status Check - Keycloak CI	Run /./.github/actions/status-check	2024-03-13T01:19:16.0993728Z [36;1m  "unit-tests": {[0m
Status Check - Keycloak CI	Run /./.github/actions/status-check	2024-03-13T01:19:16.0994077Z [36;1m    "result": "success",[0m
Status Check - Keycloak CI	Run /./.github/actions/status-check	2024-03-13T01:19:16.0994545Z [36;1m    "outputs": {}[0m
Status Check - Keycloak CI	Run /./.github/actions/status-check	2024-03-13T01:19:16.0994899Z [36;1m  },[0m
Status Check - Keycloak CI	Run /./.github/actions/status-check	2024-03-13T01:19:16.0995226Z [36;1m  "base-integration-tests": {[0m
Status Check - Keycloak CI	Run /./.github/actions/status-check	2024-03-13T01:19:16.0995707Z [36;1m    "result": "success",[0m
Status Check - Keycloak CI	Run /./.github/actions/status-check	2024-03-13T01:19:16.0996098Z [36;1m    "outputs": {}[0m
Status Check - Keycloak CI	Run /./.github/actions/status-check	2024-03-13T01:19:16.0996429Z [36;1m  },[0m
Status Check - Keycloak CI	Run /./.github/actions/status-check	2024-03-13T01:19:16.0996839Z [36;1m  "adapter-integration-tests": {[0m
Status Check - Keycloak CI	Run /./.github/actions/status-check	2024-03-13T01:19:16.0997297Z [36;1m    "result": "success",[0m
Status Check - Keycloak CI	Run /./.github/actions/status-check	2024-03-13T01:19:16.0997648Z [36;1m    "outputs": {}[0m
Status Check - Keycloak CI	Run /./.github/actions/status-check	2024-03-13T01:19:16.0998066Z [36;1m  },[0m
Status Check - Keycloak CI	Run /./.github/actions/status-check	2024-03-13T01:19:16.0998409Z [36;1m  "quarkus-unit-tests": {[0m
Status Check - Keycloak CI	Run /./.github/actions/status-check	2024-03-13T01:19:16.0998783Z [36;1m    "result": "success",[0m
Status Check - Keycloak CI	Run /./.github/actions/status-check	2024-03-13T01:19:16.0999235Z [36;1m    "outputs": {}[0m
Status Check - Keycloak CI	Run /./.github/actions/status-check	2024-03-13T01:19:16.0999602Z [36;1m  },[0m
Status Check - Keycloak CI	Run /./.github/actions/status-check	2024-03-13T01:19:16.0999915Z [36;1m  "quarkus-integration-tests": {[0m
Status Check - Keycloak CI	Run /./.github/actions/status-check	2024-03-13T01:19:16.1000420Z [36;1m    "result": "success",[0m
Status Check - Keycloak CI	Run /./.github/actions/status-check	2024-03-13T01:19:16.1000825Z [36;1m    "outputs": {}[0m
Status Check - Keycloak CI	Run /./.github/actions/status-check	2024-03-13T01:19:16.1001468Z [36;1m  },[0m
Status Check - Keycloak CI	Run /./.github/actions/status-check	2024-03-13T01:19:16.1001905Z [36;1m  "jdk-integration-tests": {[0m
Status Check - Keycloak CI	Run /./.github/actions/status-check	2024-03-13T01:19:16.1002329Z [36;1m    "result": "success",[0m
Status Check - Keycloak CI	Run /./.github/actions/status-check	2024-03-13T01:19:16.1002692Z [36;1m    "outputs": {}[0m
Status Check - Keycloak CI	Run /./.github/actions/status-check	2024-03-13T01:19:16.1003140Z [36;1m  },[0m
Status Check - Keycloak CI	Run /./.github/actions/status-check	2024-03-13T01:19:16.1003490Z [36;1m  "store-integration-tests": {[0m
Status Check - Keycloak CI	Run /./.github/actions/status-check	2024-03-13T01:19:16.1003894Z [36;1m    "result": "failure",[0m
Status Check - Keycloak CI	Run /./.github/actions/status-check	2024-03-13T01:19:16.1004378Z [36;1m    "outputs": {}[0m
Status Check - Keycloak CI	Run /./.github/actions/status-check	2024-03-13T01:19:16.1004739Z [36;1m  },[0m
Status Check - Keycloak CI	Run /./.github/actions/status-check	2024-03-13T01:19:16.1005029Z [36;1m  "store-model-tests": {[0m
Status Check - Keycloak CI	Run /./.github/actions/status-check	2024-03-13T01:19:16.1005519Z [36;1m    "result": "success",[0m
Status Check - Keycloak CI	Run /./.github/actions/status-check	2024-03-13T01:19:16.1005920Z [36;1m    "outputs": {}[0m
Status Check - Keycloak CI	Run /./.github/actions/status-check	2024-03-13T01:19:16.1006235Z [36;1m  },[0m
Status Check - Keycloak CI	Run /./.github/actions/status-check	2024-03-13T01:19:16.1006682Z [36;1m  "clustering-integration-tests": {[0m
Status Check - Keycloak CI	Run /./.github/actions/status-check	2024-03-13T01:19:16.1007143Z [36;1m    "result": "success",[0m
Status Check - Keycloak CI	Run /./.github/actions/status-check	2024-03-13T01:19:16.1007709Z [36;1m    "outputs": {}[0m
Status Check - Keycloak CI	Run /./.github/actions/status-check	2024-03-13T01:19:16.1008138Z [36;1m  },[0m
Status Check - Keycloak CI	Run /./.github/actions/status-check	2024-03-13T01:19:16.1008571Z [36;1m  "fips-unit-tests": {[0m
Status Check - Keycloak CI	Run /./.github/actions/status-check	2024-03-13T01:19:16.1009060Z [36;1m    "result": "success",[0m
Status Check - Keycloak CI	Run /./.github/actions/status-check	2024-03-13T01:19:16.1009423Z [36;1m    "outputs": {}[0m
Status Check - Keycloak CI	Run /./.github/actions/status-check	2024-03-13T01:19:16.1009771Z [36;1m  },[0m
Status Check - Keycloak CI	Run /./.github/actions/status-check	2024-03-13T01:19:16.1010194Z [36;1m  "fips-integration-tests": {[0m
Status Check - Keycloak CI	Run /./.github/actions/status-check	2024-03-13T01:19:16.1010590Z [36;1m    "result": "success",[0m
Status Check - Keycloak CI	Run /./.github/actions/status-check	2024-03-13T01:19:16.1010987Z [36;1m    "outputs": {}[0m
Status Check - Keycloak CI	Run /./.github/actions/status-check	2024-03-13T01:19:16.1011401Z [36;1m  },[0m
Status Check - Keycloak CI	Run /./.github/actions/status-check	2024-03-13T01:19:16.1011752Z [36;1m  "account-console-integration-tests": {[0m
Status Check - Keycloak CI	Run /./.github/actions/status-check	2024-03-13T01:19:16.1012247Z [36;1m    "result": "success",[0m
Status Check - Keycloak CI	Run /./.github/actions/status-check	2024-03-13T01:19:16.1012701Z [36;1m    "outputs": {}[0m
Status Check - Keycloak CI	Run /./.github/actions/status-check	2024-03-13T01:19:16.1013023Z [36;1m  },[0m
Status Check - Keycloak CI	Run /./.github/actions/status-check	2024-03-13T01:19:16.1013399Z [36;1m  "forms-integration-tests": {[0m
Status Check - Keycloak CI	Run /./.github/actions/status-check	2024-03-13T01:19:16.1013900Z [36;1m    "result": "success",[0m
Status Check - Keycloak CI	Run /./.github/actions/status-check	2024-03-13T01:19:16.1014258Z [36;1m    "outputs": {}[0m
Status Check - Keycloak CI	Run /./.github/actions/status-check	2024-03-13T01:19:16.1014633Z [36;1m  },[0m
Status Check - Keycloak CI	Run /./.github/actions/status-check	2024-03-13T01:19:16.1015055Z [36;1m  "webauthn-integration-tests": {[0m
Status Check - Keycloak CI	Run /./.github/actions/status-check	2024-03-13T01:19:16.1015469Z [36;1m    "result": "success",[0m
Status Check - Keycloak CI	Run /./.github/actions/status-check	2024-03-13T01:19:16.1015871Z [36;1m    "outputs": {}[0m
Status Check - Keycloak CI	Run /./.github/actions/status-check	2024-03-13T01:19:16.1016282Z [36;1m  },[0m
Status Check - Keycloak CI	Run /./.github/actions/status-check	2024-03-13T01:19:16.1016575Z [36;1m  "sssd-unit-tests": {[0m
Status Check - Keycloak CI	Run /./.github/actions/status-check	2024-03-13T01:19:16.1016983Z [36;1m    "result": "success",[0m
Status Check - Keycloak CI	Run /./.github/actions/status-check	2024-03-13T01:19:16.1017427Z [36;1m    "outputs": {}[0m
Status Check - Keycloak CI	Run /./.github/actions/status-check	2024-03-13T01:19:16.1017759Z [36;1m  },[0m
Status Check - Keycloak CI	Run /./.github/actions/status-check	2024-03-13T01:19:16.1018078Z [36;1m  "migration-tests": {[0m
Status Check - Keycloak CI	Run /./.github/actions/status-check	2024-03-13T01:19:16.1018524Z [36;1m    "result": "success",[0m
Status Check - Keycloak CI	Run /./.github/actions/status-check	2024-03-13T01:19:16.1018893Z [36;1m    "outputs": {}[0m
Status Check - Keycloak CI	Run /./.github/actions/status-check	2024-03-13T01:19:16.1019236Z [36;1m  }[0m
Status Check - Keycloak CI	Run /./.github/actions/status-check	2024-03-13T01:19:16.1019602Z [36;1m}'[0m
Status Check - Keycloak CI	Run /./.github/actions/status-check	2024-03-13T01:19:16.1019887Z [36;1m[0m
Status Check - Keycloak CI	Run /./.github/actions/status-check	2024-03-13T01:19:16.1020196Z [36;1mecho "Job status:"[0m
Status Check - Keycloak CI	Run /./.github/actions/status-check	2024-03-13T01:19:16.1020944Z [36;1mecho $JOBS | jq -r 'to_entries[] | " - \(.key): \(.value.result)"'[0m
Status Check - Keycloak CI	Run /./.github/actions/status-check	2024-03-13T01:19:16.1021462Z [36;1m[0m
Status Check - Keycloak CI	Run /./.github/actions/status-check	2024-03-13T01:19:16.1021923Z [36;1mfor i in $(echo $JOBS | jq -r 'to_entries[] | .value.result'); do[0m
Status Check - Keycloak CI	Run /./.github/actions/status-check	2024-03-13T01:19:16.1022656Z [36;1m  if [ "$i" != "success" ] && [ "$i" != "skipped" ]; then[0m
Status Check - Keycloak CI	Run /./.github/actions/status-check	2024-03-13T01:19:16.1023150Z [36;1m    echo ""[0m
Status Check - Keycloak CI	Run /./.github/actions/status-check	2024-03-13T01:19:16.1023730Z [36;1m    echo "Status check not okay!"[0m
Status Check - Keycloak CI	Run /./.github/actions/status-check	2024-03-13T01:19:16.1024348Z [36;1m    exit 1[0m
Status Check - Keycloak CI	Run /./.github/actions/status-check	2024-03-13T01:19:16.1024693Z [36;1m  fi[0m
Status Check - Keycloak CI	Run /./.github/actions/status-check	2024-03-13T01:19:16.1024973Z [36;1mdone[0m
Status Check - Keycloak CI	Run /./.github/actions/status-check	2024-03-13T01:19:16.1065379Z shell: /usr/bin/bash --noprofile --norc -e -o pipefail {0}
Status Check - Keycloak CI	Run /./.github/actions/status-check	2024-03-13T01:19:16.1066090Z env:
Status Check - Keycloak CI	Run /./.github/actions/status-check	2024-03-13T01:19:16.1066580Z   MAVEN_ARGS: -B -nsu -Daether.connector.http.connectionMaxTtl=25
Status Check - Keycloak CI	Run /./.github/actions/status-check	2024-03-13T01:19:16.1067158Z   SUREFIRE_RERUN_FAILING_COUNT: 2
Status Check - Keycloak CI	Run /./.github/actions/status-check	2024-03-13T01:19:16.1067730Z   SUREFIRE_RETRY: -Dsurefire.rerunFailingTestsCount=2
Status Check - Keycloak CI	Run /./.github/actions/status-check	2024-03-13T01:19:16.1068203Z ##[endgroup]
Status Check - Keycloak CI	Run /./.github/actions/status-check	2024-03-13T01:19:16.1189916Z Job status:
Status Check - Keycloak CI	Run /./.github/actions/status-check	2024-03-13T01:19:16.1661805Z  - conditional: success
Status Check - Keycloak CI	Run /./.github/actions/status-check	2024-03-13T01:19:16.1662878Z  - build: success
Status Check - Keycloak CI	Run /./.github/actions/status-check	2024-03-13T01:19:16.1663977Z  - unit-tests: success
Status Check - Keycloak CI	Run /./.github/actions/status-check	2024-03-13T01:19:16.1664951Z  - base-integration-tests: success
Status Check - Keycloak CI	Run /./.github/actions/status-check	2024-03-13T01:19:16.1666206Z  - adapter-integration-tests: success
Status Check - Keycloak CI	Run /./.github/actions/status-check	2024-03-13T01:19:16.1666732Z  - quarkus-unit-tests: success
Status Check - Keycloak CI	Run /./.github/actions/status-check	2024-03-13T01:19:16.1667339Z  - quarkus-integration-tests: success
Status Check - Keycloak CI	Run /./.github/actions/status-check	2024-03-13T01:19:16.1667805Z  - jdk-integration-tests: success
Status Check - Keycloak CI	Run /./.github/actions/status-check	2024-03-13T01:19:16.1668300Z  - store-integration-tests: failure
Status Check - Keycloak CI	Run /./.github/actions/status-check	2024-03-13T01:19:16.1668844Z  - store-model-tests: success
Status Check - Keycloak CI	Run /./.github/actions/status-check	2024-03-13T01:19:16.1669291Z  - clustering-integration-tests: success
Status Check - Keycloak CI	Run /./.github/actions/status-check	2024-03-13T01:19:16.1669802Z  - fips-unit-tests: success
Status Check - Keycloak CI	Run /./.github/actions/status-check	2024-03-13T01:19:16.1670517Z  - fips-integration-tests: success
Status Check - Keycloak CI	Run /./.github/actions/status-check	2024-03-13T01:19:16.1671343Z  - account-console-integration-tests: success
Status Check - Keycloak CI	Run /./.github/actions/status-check	2024-03-13T01:19:16.1672237Z  - forms-integration-tests: success
Status Check - Keycloak CI	Run /./.github/actions/status-check	2024-03-13T01:19:16.1673215Z  - webauthn-integration-tests: success
Status Check - Keycloak CI	Run /./.github/actions/status-check	2024-03-13T01:19:16.1673911Z  - sssd-unit-tests: success
Status Check - Keycloak CI	Run /./.github/actions/status-check	2024-03-13T01:19:16.1674389Z  - migration-tests: success
Status Check - Keycloak CI	Run /./.github/actions/status-check	2024-03-13T01:19:16.1876987Z 
Status Check - Keycloak CI	Run /./.github/actions/status-check	2024-03-13T01:19:16.1877297Z Status check not okay!
Status Check - Keycloak CI	Run /./.github/actions/status-check	2024-03-13T01:19:16.1893007Z ##[error]Process completed with exit code 1.
