Admin UI E2E (1, chrome)	Run Cypress	2025-02-02T00:32:03.4990101Z ##[group]Run cypress-io/github-action@v6
Admin UI E2E (1, chrome)	Run Cypress	2025-02-02T00:32:03.4990628Z with:
Admin UI E2E (1, chrome)	Run Cypress	2025-02-02T00:32:03.4990937Z   install: false
Admin UI E2E (1, chrome)	Run Cypress	2025-02-02T00:32:03.4991264Z   browser: chrome
Admin UI E2E (1, chrome)	Run Cypress	2025-02-02T00:32:03.4991623Z   wait-on: http://localhost:8080
Admin UI E2E (1, chrome)	Run Cypress	2025-02-02T00:32:03.4992066Z   working-directory: js/apps/admin-ui
Admin UI E2E (1, chrome)	Run Cypress	2025-02-02T00:32:03.4992497Z   record: false
Admin UI E2E (1, chrome)	Run Cypress	2025-02-02T00:32:03.4992825Z   publish-summary: true
Admin UI E2E (1, chrome)	Run Cypress	2025-02-02T00:32:03.4993180Z   component: false
Admin UI E2E (1, chrome)	Run Cypress	2025-02-02T00:32:03.4993495Z env:
Admin UI E2E (1, chrome)	Run Cypress	2025-02-02T00:32:03.4993939Z   MAVEN_ARGS: -B -nsu -Daether.connector.http.connectionMaxTtl=25
Admin UI E2E (1, chrome)	Run Cypress	2025-02-02T00:32:03.4994515Z   RETRY_COUNT: 3
Admin UI E2E (1, chrome)	Run Cypress	2025-02-02T00:32:03.4994850Z   WORKSPACE: keycloak-admin-ui
Admin UI E2E (1, chrome)	Run Cypress	2025-02-02T00:32:03.4995581Z   JAVA_HOME: /opt/hostedtoolcache/Java_Temurin-Hotspot_jdk/21.0.6-7/x64
Admin UI E2E (1, chrome)	Run Cypress	2025-02-02T00:32:03.4996664Z   JAVA_HOME_21_X64: /opt/hostedtoolcache/Java_Temurin-Hotspot_jdk/21.0.6-7/x64
Admin UI E2E (1, chrome)	Run Cypress	2025-02-02T00:32:03.4997288Z   SPLIT: 10
Admin UI E2E (1, chrome)	Run Cypress	2025-02-02T00:32:03.4997599Z   SPLIT_INDEX: 0
Admin UI E2E (1, chrome)	Run Cypress	2025-02-02T00:32:03.4997947Z   SPLIT_RANDOM_SEED: 60
Admin UI E2E (1, chrome)	Run Cypress	2025-02-02T00:32:03.4998329Z ##[endgroup]
Admin UI E2E (1, chrome)	Run Cypress	2025-02-02T00:32:03.7961501Z Skipping install because install parameter is false
Admin UI E2E (1, chrome)	Run Cypress	2025-02-02T00:32:03.7977882Z waiting on "http://localhost:8080" with timeout of 60 seconds
Admin UI E2E (1, chrome)	Run Cypress	2025-02-02T00:32:24.8326732Z It looks like this is your first time using Cypress: 14.0.1
Admin UI E2E (1, chrome)	Run Cypress	2025-02-02T00:32:24.8327269Z 
Admin UI E2E (1, chrome)	Run Cypress	2025-02-02T00:32:24.8350009Z [STARTED] Task without title.
Admin UI E2E (1, chrome)	Run Cypress	2025-02-02T00:32:30.1730247Z [SUCCESS] Task without title.
Admin UI E2E (1, chrome)	Run Cypress	2025-02-02T00:32:30.1733369Z 
Admin UI E2E (1, chrome)	Run Cypress	2025-02-02T00:32:30.1733586Z Opening Cypress...
Admin UI E2E (1, chrome)	Run Cypress	2025-02-02T00:32:30.6902340Z MESA: error: ZINK: vkCreateInstance failed (VK_ERROR_INCOMPATIBLE_DRIVER)
Admin UI E2E (1, chrome)	Run Cypress	2025-02-02T00:32:30.7461539Z 
Admin UI E2E (1, chrome)	Run Cypress	2025-02-02T00:32:30.7463056Z DevTools listening on ws://127.0.0.1:40733/devtools/browser/60f2cc55-973a-4cc7-8acc-3e9eb70d5ad0
Admin UI E2E (1, chrome)	Run Cypress	2025-02-02T00:32:31.3433472Z (node:2750) ExperimentalWarning: `--experimental-loader` may be removed in the future; instead use `register()`:
Admin UI E2E (1, chrome)	Run Cypress	2025-02-02T00:32:31.3435382Z --import 'data:text/javascript,import { register } from "node:module"; import { pathToFileURL } from "node:url"; register("file%3A///home/runner/.cache/Cypress/14.0.1/Cypress/resources/app/node_modules/ts-node/esm/transpile-only.mjs", pathToFileURL("./"));'
Admin UI E2E (1, chrome)	Run Cypress	2025-02-02T00:32:31.3436808Z (Use `node --trace-warnings ...` to show where the warning was created)
Admin UI E2E (1, chrome)	Run Cypress	2025-02-02T00:32:33.8042060Z cypress-split: there are 41 found specs
Admin UI E2E (1, chrome)	Run Cypress	2025-02-02T00:32:33.8042910Z the first 5 specs
Admin UI E2E (1, chrome)	Run Cypress	2025-02-02T00:32:33.8043793Z - 1: /home/runner/work/keycloak/keycloak/js/apps/admin-ui/cypress/e2e/user_fed_ldap_test.spec.ts
Admin UI E2E (1, chrome)	Run Cypress	2025-02-02T00:32:33.8044676Z - 2: /home/runner/work/keycloak/keycloak/js/apps/admin-ui/cypress/e2e/users_enable_disable.spec.ts
Admin UI E2E (1, chrome)	Run Cypress	2025-02-02T00:32:33.8045831Z - 3: /home/runner/work/keycloak/keycloak/js/apps/admin-ui/cypress/e2e/clients_saml_test.spec.ts
Admin UI E2E (1, chrome)	Run Cypress	2025-02-02T00:32:33.8047481Z - 4: /home/runner/work/keycloak/keycloak/js/apps/admin-ui/cypress/e2e/realm_settings_client_profiles_test.spec.ts
Admin UI E2E (1, chrome)	Run Cypress	2025-02-02T00:32:33.8049203Z - 5: /home/runner/work/keycloak/keycloak/js/apps/admin-ui/cypress/e2e/client_registration_policies.spec.ts
Admin UI E2E (1, chrome)	Run Cypress	2025-02-02T00:32:33.8050140Z cypress-split: chunk 1 of 10
Admin UI E2E (1, chrome)	Run Cypress	2025-02-02T00:32:33.8059548Z k  spec                                                   
Admin UI E2E (1, chrome)	Run Cypress	2025-02-02T00:32:33.8060179Z -  -------------------------------------------------------
Admin UI E2E (1, chrome)	Run Cypress	2025-02-02T00:32:33.8060846Z 1  cypress/e2e/user_fed_ldap_test.spec.ts                 
Admin UI E2E (1, chrome)	Run Cypress	2025-02-02T00:32:33.8061553Z 2  cypress/e2e/users_enable_disable.spec.ts               
Admin UI E2E (1, chrome)	Run Cypress	2025-02-02T00:32:33.8062267Z 3  cypress/e2e/clients_saml_test.spec.ts                  
Admin UI E2E (1, chrome)	Run Cypress	2025-02-02T00:32:33.8062956Z 4  cypress/e2e/realm_settings_client_profiles_test.spec.ts
Admin UI E2E (1, chrome)	Run Cypress	2025-02-02T00:32:33.8063413Z 5  cypress/e2e/client_registration_policies.spec.ts       
Admin UI E2E (1, chrome)	Run Cypress	2025-02-02T00:32:33.8063644Z 
Admin UI E2E (1, chrome)	Run Cypress	2025-02-02T00:32:34.5524851Z 
Admin UI E2E (1, chrome)	Run Cypress	2025-02-02T00:32:34.6054224Z [90m====================================================================================================[39m
Admin UI E2E (1, chrome)	Run Cypress	2025-02-02T00:32:34.6054737Z 
Admin UI E2E (1, chrome)	Run Cypress	2025-02-02T00:32:34.6055771Z [0m  ([4m[1mRun Starting[22m[24m)[0m
Admin UI E2E (1, chrome)	Run Cypress	2025-02-02T00:32:34.6056827Z 
Admin UI E2E (1, chrome)	Run Cypress	2025-02-02T00:32:34.6128768Z [90m  â”Œ[39m[90mâ”€[39m[90mâ”€[39m[90mâ”€[39m[90mâ”€[39m[90mâ”€[39m[90mâ”€[39m[90mâ”€[39m[90mâ”€[39m[90mâ”€[39m[90mâ”€[39m[90mâ”€[39m[90mâ”€[39m[90mâ”€[39m[90mâ”€[39m[90mâ”€[39m[90mâ”€[39m[90mâ”€[39m[90mâ”€[39m[90mâ”€[39m[90mâ”€[39m[90mâ”€[39m[90mâ”€[39m[90mâ”€[39m[90mâ”€[39m[90mâ”€[39m[90mâ”€[39m[90mâ”€[39m[90mâ”€[39m[90mâ”€[39m[90mâ”€[39m[90mâ”€[39m[90mâ”€[39m[90mâ”€[39m[90mâ”€[39m[90mâ”€[39m[90mâ”€[39m[90mâ”€[39m[90mâ”€[39m[90mâ”€[39m[90mâ”€[39m[90mâ”€[39m[90mâ”€[39m[90mâ”€[39m[90mâ”€[39m[90mâ”€[39m[90mâ”€[39m[90mâ”€[39m[90mâ”€[39m[90mâ”€[39m[90mâ”€[39m[90mâ”€[39m[90mâ”€[39m[90mâ”€[39m[90mâ”€[39m[90mâ”€[39m[90mâ”€[39m[90mâ”€[39m[90mâ”€[39m[90mâ”€[39m[90mâ”€[39m[90mâ”€[39m[90mâ”€[39m[90mâ”€[39m[90mâ”€[39m[90mâ”€[39m[90mâ”€[39m[90mâ”€[39m[90mâ”€[39m[90mâ”€[39m[90mâ”€[39m[90mâ”€[39m[90mâ”€[39m[90mâ”€[39m[90mâ”€[39m[90mâ”€[39m[90mâ”€[39m[90mâ”€[39m[90mâ”€[39m[90mâ”€[39m[90mâ”€[39m[90mâ”€[39m[90mâ”€[39m[90mâ”€[39m[90mâ”€[39m[90mâ”€[39m[90mâ”€[39m[90mâ”€[39m[90mâ”€[39m[90mâ”€[39m[90mâ”€[39m[90mâ”€[39m[90mâ”€[39m[90mâ”€[39m[90mâ”€[39m[90mâ”€[39m[90mâ”€[39m[90mâ”[39m
Admin UI E2E (1, chrome)	Run Cypress	2025-02-02T00:32:34.6133775Z [90m  â”‚[39m [90mCypress:[39m        14.0.1                                                                         [90mâ”‚[39m
Admin UI E2E (1, chrome)	Run Cypress	2025-02-02T00:32:34.6135271Z [90m  â”‚[39m [90mBrowser:[39m        Chrome 132 [90m(headless)[39m                                                          [90mâ”‚[39m
Admin UI E2E (1, chrome)	Run Cypress	2025-02-02T00:32:34.6137508Z [90m  â”‚[39m [90mNode Version:[39m   [0mv20.18.0 [90m(/home/runner/runners/2.321.0/externals/node20/bin/node)[39m[0m              [90mâ”‚[39m
Admin UI E2E (1, chrome)	Run Cypress	2025-02-02T00:32:34.6139439Z [90m  â”‚[39m [90mSpecs:[39m          [0m5 found (user_fed_ldap_test.spec.ts, users_enable_disable.spec.ts, clients_sam[0m [90mâ”‚[39m
Admin UI E2E (1, chrome)	Run Cypress	2025-02-02T00:32:34.6141125Z [90m  â”‚[39m                 [0ml_test.spec.ts, realm_settings_client_profiles_test.spec.ts, client_registrati[0m [90mâ”‚[39m
Admin UI E2E (1, chrome)	Run Cypress	2025-02-02T00:32:34.6143089Z [90m  â”‚[39m                 [0mon_policies.spec.ts)[0m                                                           [90mâ”‚[39m
Admin UI E2E (1, chrome)	Run Cypress	2025-02-02T00:32:34.6144702Z [90m  â”‚[39m [90mSearched:[39m       [0mcypress/e2e/user_fed_ldap_test.spec.ts, cypress/e2e/users_enable_disable.spec.[0m [90mâ”‚[39m
Admin UI E2E (1, chrome)	Run Cypress	2025-02-02T00:32:34.6146679Z [90m  â”‚[39m                 [0mts, cypress/e2e/clients_saml_test.spec.ts, cypress/e2e/realm_settings_client_p[0m [90mâ”‚[39m
Admin UI E2E (1, chrome)	Run Cypress	2025-02-02T00:32:34.6148348Z [90m  â”‚[39m                 [0mrofiles_test.spec.ts, cypress/e2e/client_registration_policies.spec.ts[0m         [90mâ”‚[39m
Admin UI E2E (1, chrome)	Run Cypress	2025-02-02T00:32:34.6150078Z [90m  â”‚[39m [90mExperiments:[39m    experimentalMemoryManagement=true                                              [90mâ”‚[39m
Admin UI E2E (1, chrome)	Run Cypress	2025-02-02T00:32:34.6157864Z [90m  â””[39m[90mâ”€[39m[90mâ”€[39m[90mâ”€[39m[90mâ”€[39m[90mâ”€[39m[90mâ”€[39m[90mâ”€[39m[90mâ”€[39m[90mâ”€[39m[90mâ”€[39m[90mâ”€[39m[90mâ”€[39m[90mâ”€[39m[90mâ”€[39m[90mâ”€[39m[90mâ”€[39m[90mâ”€[39m[90mâ”€[39m[90mâ”€[39m[90mâ”€[39m[90mâ”€[39m[90mâ”€[39m[90mâ”€[39m[90mâ”€[39m[90mâ”€[39m[90mâ”€[39m[90mâ”€[39m[90mâ”€[39m[90mâ”€[39m[90mâ”€[39m[90mâ”€[39m[90mâ”€[39m[90mâ”€[39m[90mâ”€[39m[90mâ”€[39m[90mâ”€[39m[90mâ”€[39m[90mâ”€[39m[90mâ”€[39m[90mâ”€[39m[90mâ”€[39m[90mâ”€[39m[90mâ”€[39m[90mâ”€[39m[90mâ”€[39m[90mâ”€[39m[90mâ”€[39m[90mâ”€[39m[90mâ”€[39m[90mâ”€[39m[90mâ”€[39m[90mâ”€[39m[90mâ”€[39m[90mâ”€[39m[90mâ”€[39m[90mâ”€[39m[90mâ”€[39m[90mâ”€[39m[90mâ”€[39m[90mâ”€[39m[90mâ”€[39m[90mâ”€[39m[90mâ”€[39m[90mâ”€[39m[90mâ”€[39m[90mâ”€[39m[90mâ”€[39m[90mâ”€[39m[90mâ”€[39m[90mâ”€[39m[90mâ”€[39m[90mâ”€[39m[90mâ”€[39m[90mâ”€[39m[90mâ”€[39m[90mâ”€[39m[90mâ”€[39m[90mâ”€[39m[90mâ”€[39m[90mâ”€[39m[90mâ”€[39m[90mâ”€[39m[90mâ”€[39m[90mâ”€[39m[90mâ”€[39m[90mâ”€[39m[90mâ”€[39m[90mâ”€[39m[90mâ”€[39m[90mâ”€[39m[90mâ”€[39m[90mâ”€[39m[90mâ”€[39m[90mâ”€[39m[90mâ”€[39m[90mâ”€[39m[90mâ”˜[39m
Admin UI E2E (1, chrome)	Run Cypress	2025-02-02T00:32:34.6161763Z 
Admin UI E2E (1, chrome)	Run Cypress	2025-02-02T00:32:34.6161785Z 
Admin UI E2E (1, chrome)	Run Cypress	2025-02-02T00:32:34.6169035Z [90mâ”€[39m[90mâ”€[39m[90mâ”€[39m[90mâ”€[39m[90mâ”€[39m[90mâ”€[39m[90mâ”€[39m[90mâ”€[39m[90mâ”€[39m[90mâ”€[39m[90mâ”€[39m[90mâ”€[39m[90mâ”€[39m[90mâ”€[39m[90mâ”€[39m[90mâ”€[39m[90mâ”€[39m[90mâ”€[39m[90mâ”€[39m[90mâ”€[39m[90mâ”€[39m[90mâ”€[39m[90mâ”€[39m[90mâ”€[39m[90mâ”€[39m[90mâ”€[39m[90mâ”€[39m[90mâ”€[39m[90mâ”€[39m[90mâ”€[39m[90mâ”€[39m[90mâ”€[39m[90mâ”€[39m[90mâ”€[39m[90mâ”€[39m[90mâ”€[39m[90mâ”€[39m[90mâ”€[39m[90mâ”€[39m[90mâ”€[39m[90mâ”€[39m[90mâ”€[39m[90mâ”€[39m[90mâ”€[39m[90mâ”€[39m[90mâ”€[39m[90mâ”€[39m[90mâ”€[39m[90mâ”€[39m[90mâ”€[39m[90mâ”€[39m[90mâ”€[39m[90mâ”€[39m[90mâ”€[39m[90mâ”€[39m[90mâ”€[39m[90mâ”€[39m[90mâ”€[39m[90mâ”€[39m[90mâ”€[39m[90mâ”€[39m[90mâ”€[39m[90mâ”€[39m[90mâ”€[39m[90mâ”€[39m[90mâ”€[39m[90mâ”€[39m[90mâ”€[39m[90mâ”€[39m[90mâ”€[39m[90mâ”€[39m[90mâ”€[39m[90mâ”€[39m[90mâ”€[39m[90mâ”€[39m[90mâ”€[39m[90mâ”€[39m[90mâ”€[39m[90mâ”€[39m[90mâ”€[39m[90mâ”€[39m[90mâ”€[39m[90mâ”€[39m[90mâ”€[39m[90mâ”€[39m[90mâ”€[39m[90mâ”€[39m[90mâ”€[39m[90mâ”€[39m[90mâ”€[39m[90mâ”€[39m[90mâ”€[39m[90mâ”€[39m[90mâ”€[39m[90mâ”€[39m[90mâ”€[39m[90mâ”€[39m[90mâ”€[39m[90mâ”€[39m[90mâ”€[39m
Admin UI E2E (1, chrome)	Run Cypress	2025-02-02T00:32:34.6173620Z                                                                                                     
Admin UI E2E (1, chrome)	Run Cypress	2025-02-02T00:32:34.6174774Z   Running:  [90muser_fed_ldap_test.spec.ts[39m                                                      [90m(1 of 5)[39m
Admin UI E2E (1, chrome)	Run Cypress	2025-02-02T00:32:41.4090502Z 
Admin UI E2E (1, chrome)	Run Cypress	2025-02-02T00:32:41.4094198Z [0m[0m
Admin UI E2E (1, chrome)	Run Cypress	2025-02-02T00:32:41.4104167Z [0m  User Federation LDAP tests[0m
Admin UI E2E (1, chrome)	Run Cypress	2025-02-02T00:32:58.5126892Z   [32m  âœ“[0m[90m Should create LDAP provider from empty state[0m[90m (17075ms)[0m
Admin UI E2E (1, chrome)	Run Cypress	2025-02-02T00:33:03.2017959Z   [32m  âœ“[0m[90m Should fail updating advanced settings[0m[90m (4601ms)[0m
Admin UI E2E (1, chrome)	Run Cypress	2025-02-02T00:33:12.0448214Z   [32m  âœ“[0m[90m Should update advanced settings[0m[90m (8750ms)[0m
Admin UI E2E (1, chrome)	Run Cypress	2025-02-02T00:33:17.4521097Z   [32m  âœ“[0m[90m Should set cache policy to evict_daily[0m[90m (5318ms)[0m
Admin UI E2E (1, chrome)	Run Cypress	2025-02-02T00:33:22.4478947Z   [32m  âœ“[0m[90m Should set cache policy to default[0m[90m (4914ms)[0m
Admin UI E2E (1, chrome)	Run Cypress	2025-02-02T00:33:28.0550559Z   [32m  âœ“[0m[90m Should set cache policy to evict_weekly[0m[90m (5530ms)[0m
Admin UI E2E (1, chrome)	Run Cypress	2025-02-02T00:33:34.1083994Z   [32m  âœ“[0m[90m Update connection and authentication settings and save[0m[90m (5973ms)[0m
Admin UI E2E (1, chrome)	Run Cypress	2025-02-02T00:34:07.5118095Z     [33m(Attempt 1 of 4)[0m Should fail connection and authentication tests
Admin UI E2E (1, chrome)	Run Cypress	2025-02-02T00:34:41.4139670Z     [33m(Attempt 2 of 4)[0m Should fail connection and authentication tests
Admin UI E2E (1, chrome)	Run Cypress	2025-02-02T00:35:15.8802945Z     [33m(Attempt 3 of 4)[0m Should fail connection and authentication tests
Admin UI E2E (1, chrome)	Run Cypress	2025-02-02T00:35:50.3633362Z   [31m  1) Should fail connection and authentication tests[0m
Admin UI E2E (1, chrome)	Run Cypress	2025-02-02T00:35:57.2400320Z   [32m  âœ“[0m[90m Should make changes and pass connection and authentication tests[0m[90m (6752ms)[0m
Admin UI E2E (1, chrome)	Run Cypress	2025-02-02T00:36:04.8009427Z   [32m  âœ“[0m[90m Should update Kerberos integration settings and save[0m[90m (7454ms)[0m
Admin UI E2E (1, chrome)	Run Cypress	2025-02-02T00:36:11.6491794Z   [32m  âœ“[0m[90m Should update Synchronization settings and save[0m[90m (6729ms)[0m
Admin UI E2E (1, chrome)	Run Cypress	2025-02-02T00:36:25.3032336Z   [32m  âœ“[0m[90m Should update LDAP searching and updating settings and save[0m[90m (13508ms)[0m
Admin UI E2E (1, chrome)	Run Cypress	2025-02-02T00:36:30.8977355Z   [32m  âœ“[0m[90m Should update display name[0m[90m (5497ms)[0m
Admin UI E2E (1, chrome)	Run Cypress	2025-02-02T00:36:37.1057747Z   [32m  âœ“[0m[90m Should update existing LDAP provider and cancel[0m[90m (6109ms)[0m
Admin UI E2E (1, chrome)	Run Cypress	2025-02-02T00:36:42.9311039Z   [32m  âœ“[0m[90m Should set cache policy to max_lifespan[0m[90m (5723ms)[0m
Admin UI E2E (1, chrome)	Run Cypress	2025-02-02T00:36:48.0590172Z   [32m  âœ“[0m[90m Should set cache policy to no_cache[0m[90m (5010ms)[0m
Admin UI E2E (1, chrome)	Run Cypress	2025-02-02T00:36:51.9490565Z   [32m  âœ“[0m[90m Should disable an existing LDAP provider[0m[90m (3820ms)[0m
Admin UI E2E (1, chrome)	Run Cypress	2025-02-02T00:36:55.8061833Z   [32m  âœ“[0m[90m Should enable a previously-disabled LDAP provider[0m[90m (3762ms)[0m
Admin UI E2E (1, chrome)	Run Cypress	2025-02-02T00:37:04.1185953Z   [32m  âœ“[0m[90m Should create new LDAP provider using New Provider dropdown[0m[90m (8237ms)[0m
Admin UI E2E (1, chrome)	Run Cypress	2025-02-02T00:37:06.5432350Z   [32m  âœ“[0m[90m Should delete LDAP provider from card view using card menu[0m[90m (2376ms)[0m
Admin UI E2E (1, chrome)	Run Cypress	2025-02-02T00:37:10.9334863Z   [32m  âœ“[0m[90m Should delete LDAP provider using Settings view Action menu[0m[90m (3482ms)[0m
Admin UI E2E (1, chrome)	Run Cypress	2025-02-02T00:37:10.9335986Z 
Admin UI E2E (1, chrome)	Run Cypress	2025-02-02T00:37:10.9572027Z 
Admin UI E2E (1, chrome)	Run Cypress	2025-02-02T00:37:10.9576467Z [92m [0m[32m 20 passing[0m[90m (4m)[0m
Admin UI E2E (1, chrome)	Run Cypress	2025-02-02T00:37:10.9578969Z [31m  1 failing[0m
Admin UI E2E (1, chrome)	Run Cypress	2025-02-02T00:37:10.9579784Z 
Admin UI E2E (1, chrome)	Run Cypress	2025-02-02T00:37:10.9585607Z [0m  1) User Federation LDAP tests
Admin UI E2E (1, chrome)	Run Cypress	2025-02-02T00:37:10.9586427Z        Should fail connection and authentication tests:
Admin UI E2E (1, chrome)	Run Cypress	2025-02-02T00:37:10.9587777Z [0m[31m     AssertionError: Timed out retrying after 30000ms: Unable to find an element by: [data-testid="last-alert"]
Admin UI E2E (1, chrome)	Run Cypress	2025-02-02T00:37:10.9588483Z 
Admin UI E2E (1, chrome)	Run Cypress	2025-02-02T00:37:10.9588752Z Ignored nodes: comments, script, style
Admin UI E2E (1, chrome)	Run Cypress	2025-02-02T00:37:10.9589182Z <html
Admin UI E2E (1, chrome)	Run Cypress	2025-02-02T00:37:10.9589461Z   lang="en"
Admin UI E2E (1, chrome)	Run Cypress	2025-02-02T00:37:10.9589764Z >
Admin UI E2E (1, chrome)	Run Cypress	2025-02-02T00:37:10.9590030Z   <head>
Admin UI E2E (1, chrome)	Run Cypress	2025-02-02T00:37:10.9590305Z      
Admin UI E2E (1, chrome)	Run Cypress	2025-02-02T00:37:10.9590572Z     
Admin UI E2E (1, chrome)	Run Cypress	2025-02-02T00:37:10.9590827Z     
Admin UI E2E (1, chrome)	Run Cypress	2025-02-02T00:37:10.9591089Z     <meta
Admin UI E2E (1, chrome)	Run Cypress	2025-02-02T00:37:10.9591426Z       charset="utf-8"
Admin UI E2E (1, chrome)	Run Cypress	2025-02-02T00:37:10.9591763Z     />
Admin UI E2E (1, chrome)	Run Cypress	2025-02-02T00:37:10.9592034Z     
Admin UI E2E (1, chrome)	Run Cypress	2025-02-02T00:37:10.9592293Z     
Admin UI E2E (1, chrome)	Run Cypress	2025-02-02T00:37:10.9592557Z     <base
Admin UI E2E (1, chrome)	Run Cypress	2025-02-02T00:37:10.9592962Z       href="/resources/15tp6/admin/keycloak.v2/"
Admin UI E2E (1, chrome)	Run Cypress	2025-02-02T00:37:10.9593415Z     />
Admin UI E2E (1, chrome)	Run Cypress	2025-02-02T00:37:10.9593684Z     
Admin UI E2E (1, chrome)	Run Cypress	2025-02-02T00:37:10.9593946Z     
Admin UI E2E (1, chrome)	Run Cypress	2025-02-02T00:37:10.9594206Z     <link
Admin UI E2E (1, chrome)	Run Cypress	2025-02-02T00:37:10.9594654Z       href="/resources/15tp6/admin/keycloak.v2/favicon.svg"
Admin UI E2E (1, chrome)	Run Cypress	2025-02-02T00:37:10.9595150Z       rel="icon"
Admin UI E2E (1, chrome)	Run Cypress	2025-02-02T00:37:10.9595479Z       type="image/svg+xml"
Admin UI E2E (1, chrome)	Run Cypress	2025-02-02T00:37:10.9595830Z     />
Admin UI E2E (1, chrome)	Run Cypress	2025-02-02T00:37:10.9596105Z     
Admin UI E2E (1, chrome)	Run Cypress	2025-02-02T00:37:10.9596548Z     
Admin UI E2E (1, chrome)	Run Cypress	2025-02-02T00:37:10.9596812Z     <meta
Admin UI E2E (1, chrome)	Run Cypress	2025-02-02T00:37:10.9597244Z       content="width=device-width, initial-scale=1"
Admin UI E2E (1, chrome)	Run Cypress	2025-02-02T00:37:10.9597722Z       name="viewport"
Admin UI E2E (1, chrome)	Run Cypress	2025-02-02T00:37:10.9598047Z     />
Admin UI E2E (1, chrome)	Run Cypress	2025-02-02T00:37:10.9598322Z     
Admin UI E2E (1, chrome)	Run Cypress	2025-02-02T00:37:10.9598582Z     
Admin UI E2E (1, chrome)	Run Cypress	2025-02-02T00:37:10.9598849Z     <meta
Admin UI E2E (1, chrome)	Run Cypress	2025-02-02T00:37:10.9599601Z       content="light dark"
Admin UI E2E (1, chrome)	Run Cypress	2025-02-02T00:37:10.9599995Z       name="color-scheme"
Admin UI E2E (1, chrome)	Run Cypress	2025-02-02T00:37:10.9600347Z     />
Admin UI E2E (1, chrome)	Run Cypress	2025-02-02T00:37:10.9600611Z     
Admin UI E2E (1, chrome)	Run Cypress	2025-02-02T00:37:10.9600876Z     
Admin UI E2E (1, chrome)	Run Cypress	2025-02-02T00:37:10.9601133Z     <meta
Admin UI E2E (1, chrome)	Run Cypress	2025-02-02T00:37:10.9601846Z       content="The Keycloak Administration Console is a web-based interface for managing Keycloak."
Admin UI E2E (1, chrome)	Run Cypress	2025-02-02T00:37:10.9602567Z       name="description"
Admin UI E2E (1, chrome)	Run Cypress	2025-02-02T00:37:10.9602917Z     />
Admin UI E2E (1, chrome)	Run Cypress	2025-02-02T00:37:10.9603188Z     
Admin UI E2E (1, chrome)	Run Cypress	2025-02-02T00:37:10.9603446Z     
Admin UI E2E (1, chrome)	Run Cypress	2025-02-02T00:37:10.9603715Z     <title>
Admin UI E2E (1, chrome)	Run Cypress	2025-02-02T00:37:10.9604096Z       Keycloak Administration Console
Admin UI E2E (1, chrome)	Run Cypress	2025-02-02T00:37:10.9604521Z     </title>
Admin UI E2E (1, chrome)	Run Cypress	2025-02-02T00:37:10.9604810Z     
Admin UI E2E (1, chrome)	Run Cypress	2025-02-02T00:37:10.9605070Z     
Admin UI E2E (1, chrome)	Run Cypress	2025-02-02T00:37:10.9605372Z     
Admin UI E2E (1, chrome)	Run Cypress	2025-02-02T00:37:10.9605649Z     
Admin UI E2E (1, chrome)	Run Cypress	2025-02-02T00:37:10.9605943Z     
Admin UI E2E (1, chrome)	Run Cypress	2025-02-02T00:37:10.9606388Z       
Admin UI E2E (1, chrome)	Run Cypress	2025-02-02T00:37:10.9606665Z     
Admin UI E2E (1, chrome)	Run Cypress	2025-02-02T00:37:10.9606921Z         
Admin UI E2E (1, chrome)	Run Cypress	2025-02-02T00:37:10.9607200Z     <link
Admin UI E2E (1, chrome)	Run Cypress	2025-02-02T00:37:10.9607758Z       href="/resources/15tp6/admin/keycloak.v2/assets/main-IWB2v-Cu.css"
Admin UI E2E (1, chrome)	Run Cypress	2025-02-02T00:37:10.9608372Z       rel="stylesheet"
Admin UI E2E (1, chrome)	Run Cypress	2025-02-02T00:37:10.9608706Z     />
Admin UI E2E (1, chrome)	Run Cypress	2025-02-02T00:37:10.9608964Z     
Admin UI E2E (1, chrome)	Run Cypress	2025-02-02T00:37:10.9609225Z       
Admin UI E2E (1, chrome)	Run Cypress	2025-02-02T00:37:10.9609486Z     
Admin UI E2E (1, chrome)	Run Cypress	2025-02-02T00:37:10.9609751Z   
Admin UI E2E (1, chrome)	Run Cypress	2025-02-02T00:37:10.9610010Z     <link
Admin UI E2E (1, chrome)	Run Cypress	2025-02-02T00:37:10.9610311Z       crossorigin=""
Admin UI E2E (1, chrome)	Run Cypress	2025-02-02T00:37:10.9611082Z       href="http://localhost:8080/resources/15tp6/admin/keycloak.v2/assets/FileUpload-D5agceQK.css"
Admin UI E2E (1, chrome)	Run Cypress	2025-02-02T00:37:10.9611840Z       rel="stylesheet"
Admin UI E2E (1, chrome)	Run Cypress	2025-02-02T00:37:10.9612170Z     />
Admin UI E2E (1, chrome)	Run Cypress	2025-02-02T00:37:10.9612448Z     <link
Admin UI E2E (1, chrome)	Run Cypress	2025-02-02T00:37:10.9612739Z       crossorigin=""
Admin UI E2E (1, chrome)	Run Cypress	2025-02-02T00:37:10.9613560Z       href="http://localhost:8080/resources/15tp6/admin/keycloak.v2/assets/DataListItemRow-0rnekGZx.css"
Admin UI E2E (1, chrome)	Run Cypress	2025-02-02T00:37:10.9614383Z       rel="stylesheet"
Admin UI E2E (1, chrome)	Run Cypress	2025-02-02T00:37:10.9614714Z     />
Admin UI E2E (1, chrome)	Run Cypress	2025-02-02T00:37:10.9614986Z     <link
Admin UI E2E (1, chrome)	Run Cypress	2025-02-02T00:37:10.9615348Z       crossorigin=""
Admin UI E2E (1, chrome)	Run Cypress	2025-02-02T00:37:10.9621008Z       href="http://localhost:8080/resources/15tp6/admin/keycloak.v2/assets/GroupPickerDialog-Dl_Lyzxi.css"
Admin UI E2E (1, chrome)	Run Cypress	2025-02-02T00:37:10.9622278Z       rel="stylesheet"
Admin UI E2E (1, chrome)	Run Cypress	2025-02-02T00:37:10.9622627Z     />
Admin UI E2E (1, chrome)	Run Cypress	2025-02-02T00:37:10.9622907Z     <link
Admin UI E2E (1, chrome)	Run Cypress	2025-02-02T00:37:10.9623211Z       crossorigin=""
Admin UI E2E (1, chrome)	Run Cypress	2025-02-02T00:37:10.9623999Z       href="http://localhost:8080/resources/15tp6/admin/keycloak.v2/assets/KeySelect-BJe01BGx.css"
Admin UI E2E (1, chrome)	Run Cypress	2025-02-02T00:37:10.9624743Z       rel="stylesheet"
Admin UI E2E (1, chrome)	Run Cypress	2025-02-02T00:37:10.9625078Z     />
Admin UI E2E (1, chrome)	Run Cypress	2025-02-02T00:37:10.9625372Z     <link
Admin UI E2E (1, chrome)	Run Cypress	2025-02-02T00:37:10.9625680Z       crossorigin=""
Admin UI E2E (1, chrome)	Run Cypress	2025-02-02T00:37:10.9626758Z       href="http://localhost:8080/resources/15tp6/admin/keycloak.v2/assets/AddRoleMappingModal-Cz6tDcfR.css"
Admin UI E2E (1, chrome)	Run Cypress	2025-02-02T00:37:10.9627602Z       rel="stylesheet"
Admin UI E2E (1, chrome)	Run Cypress	2025-02-02T00:37:10.9627942Z     />
Admin UI E2E (1, chrome)	Run Cypress	2025-02-02T00:37:10.9628253Z     <link
Admin UI E2E (1, chrome)	Run Cypress	2025-02-02T00:37:10.9628573Z       crossorigin=""
Admin UI E2E (1, chrome)	Run Cypress	2025-02-02T00:37:10.9629287Z       href="http://localhost:8080/resources/15tp6/admin/keycloak.v2/assets/index-YFvMvTG9.css"
Admin UI E2E (1, chrome)	Run Cypress	2025-02-02T00:37:10.9630101Z       rel="stylesheet"
Admin UI E2E (1, chrome)	Run Cypress	2025-02-02T00:37:10.9630449Z     />
Admin UI E2E (1, chrome)	Run Cypress	2025-02-02T00:37:10.9630729Z     <link
Admin UI E2E (1, chrome)	Run Cypress	2025-02-02T00:37:10.9631025Z       crossorigin=""
Admin UI E2E (1, chrome)	Run Cypress	2025-02-02T00:37:10.9631860Z       href="http://localhost:8080/resources/15tp6/admin/keycloak.v2/assets/DynamicComponents-DniN0CZn.css"
Admin UI E2E (1, chrome)	Run Cypress	2025-02-02T00:37:10.9632674Z       rel="stylesheet"
Admin UI E2E (1, chrome)	Run Cypress	2025-02-02T00:37:10.9633006Z     />
Admin UI E2E (1, chrome)	Run Cypress	2025-02-02T00:37:10.9633276Z     <link
Admin UI E2E (1, chrome)	Run Cypress	2025-02-02T00:37:10.9633572Z       crossorigin=""
Admin UI E2E (1, chrome)	Run Cypress	2025-02-02T00:37:10.9634286Z       href="http://localhost:8080/resources/15tp6/admin/keycloak.v2/assets/Tabs-ViNVmBYo.css"
Admin UI E2E (1, chrome)	Run Cypress	2025-02-02T00:37:10.9635166Z       rel="stylesheet"
Admin UI E2E (1, chrome)	Run Cypress	2025-02-02T00:37:10.9635512Z     />
Admin UI E2E (1, chrome)	Run Cypress	2025-02-02T00:37:10.9635789Z     <link
Admin UI E2E (1, chrome)	Run Cypress	2025-02-02T00:37:10.9636083Z       crossorigin=""
Admin UI E2E (1, chrome)	Run Cypress	2025-02-02T00:37:10.9637119Z       href="http://localhost:8080/resources/15tp6/admin/keycloak.v2/assets/ExpandableSection-Bbwii8N8.css"
Admin UI E2E (1, chrome)	Run Cypress	2025-02-02T00:37:10.9637959Z       rel="stylesheet"
Admin UI E2E (1, chrome)	Run Cypress	2025-02-02T00:37:10.9638563Z     />
Admin UI E2E (1, chrome)	Run Cypress	2025-02-02T00:37:10.9638844Z     <link
Admin UI E2E (1, chrome)	Run Cypress	2025-02-02T00:37:10.9639141Z       crossorigin=""
Admin UI E2E (1, chrome)	Run Cypress	2025-02-02T00:37:10.9639987Z       href="http://localhost:8080/resources/15tp6/admin/keycloak.v2/assets/DescriptionListTerm-DesQLGah.css"
Admin UI E2E (1, chrome)	Run Cypress	2025-02-02T00:37:10.9640806Z       rel="stylesheet"
Admin UI E2E (1, chrome)	Run Cypress	2025-02-02T00:37:10.9641133Z     />
Admin UI E2E (1, chrome)	Run Cypress	2025-02-02T00:37:10.9641406Z     <link
Admin UI E2E (1, chrome)	Run Cypress	2025-02-02T00:37:10.9641700Z       crossorigin=""
Admin UI E2E (1, chrome)	Run Cypress	2025-02-02T00:37:10.9642445Z       href="http://localhost:8080/resources/15tp6/admin/keycloak.v2/assets/Dashboard-D322USTx.css"
Admin UI E2E (1, chrome)	Run Cypress	2025-02-02T00:37:10.9670523Z       rel="stylesheet"
Admin UI E2E (1, chrome)	Run Cypress	2025-02-02T00:37:10.9670922Z     />
Admin UI E2E (1, chrome)	Run Cypress	2025-02-02T00:37:10.9671182Z     <link
Admin UI E2E (1, chrome)	Run Cypress	2025-02-02T00:37:10.9671463Z       crossorigin=""
Admin UI E2E (1, chrome)	Run Cypress	2025-02-02T00:37:10.9672255Z       href="http://localhost:8080/resources/15tp6/admin/keycloak.v2/assets/ClickableCard-CFW7bC3I.css"
Admin UI E2E (1, chrome)	Run Cypress	2025-02-02T00:37:10.9673008Z       rel="stylesheet"
Admin UI E2E (1, chrome)	Run Cypress	2025-02-02T00:37:10.9673316Z     />
Admin UI E2E (1, chrome)	Run Cypress	2025-02-02T00:37:10.9673566Z     <link
Admin UI E2E (1, chrome)	Run Cypress	2025-02-02T00:37:10.9673842Z       crossorigin=""
Admin UI E2E (1, chrome)	Run Cypress	2025-02-02T00:37:10.9674614Z       href="http://localhost:8080/resources/15tp6/admin/keycloak.v2/assets/ViewHeader-BI0nMf5o.css"
Admin UI E2E (1, chrome)	Run Cypress	2025-02-02T00:37:10.9676809Z       rel="stylesheet"
Admin UI E2E (1, chrome)	Run Cypress	2025-02-02T00:37:10.9677165Z     />
Admin UI E2E (1, chrome)	Run Cypress	2025-02-02T00:37:10.9677443Z     <link
Admin UI E2E (1, chrome)	Run Cypress	2025-02-02T00:37:10.9677727Z       crossorigin=""
Admin UI E2E (1, chrome)	Run Cypress	2025-02-02T00:37:10.9678527Z       href="http://localhost:8080/resources/15tp6/admin/keycloak.v2/assets/Droppable-RFYrRrY9.css"
Admin UI E2E (1, chrome)	Run Cypress	2025-02-02T00:37:10.9679308Z       rel="stylesheet"
Admin UI E2E (1, chrome)	Run Cypress	2025-02-02T00:37:10.9679650Z     />
Admin UI E2E (1, chrome)	Run Cypress	2025-02-02T00:37:10.9679925Z     <link
Admin UI E2E (1, chrome)	Run Cypress	2025-02-02T00:37:10.9680214Z       crossorigin=""
Admin UI E2E (1, chrome)	Run Cypress	2025-02-02T00:37:10.9681101Z       href="http://localhost:8080/resources/15tp6/admin/keycloak.v2/assets/UserFederationSection-DmSRQBjS.css"
Admin UI E2E (1, chrome)	Run Cypress	2025-02-02T00:37:10.9681968Z       rel="stylesheet"
Admin UI E2E (1, chrome)	Run Cypress	2025-02-02T00:37:10.9682311Z     />
Admin UI E2E (1, chrome)	Run Cypress	2025-02-02T00:37:10.9682588Z     <link
Admin UI E2E (1, chrome)	Run Cypress	2025-02-02T00:37:10.9682881Z       crossorigin=""
Admin UI E2E (1, chrome)	Run Cypress	2025-02-02T00:37:10.9683657Z       href="http://localhost:8080/resources/15tp6/admin/keycloak.v2/assets/FormAccess-DVHJguuf.css"
Admin UI E2E (1, chrome)	Run Cypress	2025-02-02T00:37:10.9684707Z       rel="stylesheet"
Admin UI E2E (1, chrome)	Run Cypress	2025-02-02T00:37:10.9685044Z     />
Admin UI E2E (1, chrome)	Run Cypress	2025-02-02T00:37:10.9685328Z     <link
Admin UI E2E (1, chrome)	Run Cypress	2025-02-02T00:37:10.9685615Z       crossorigin=""
Admin UI E2E (1, chrome)	Run Cypress	2025-02-02T00:37:10.9686616Z       href="http://localhost:8080/resources/15tp6/admin/keycloak.v2/assets/SettingsCache-E5eDqPG-.css"
Admin UI E2E (1, chrome)	Run Cypress	2025-02-02T00:37:10.9687444Z       rel="stylesheet"
Admin UI E2E (1, chrome)	Run Cypress	2025-02-02T00:37:10.9687782Z     />
Admin UI E2E (1, chrome)	Run Cypress	2025-02-02T00:37:10.9688068Z   </head>
Admin UI E2E (1, chrome)	Run Cypress	2025-02-02T00:37:10.9688352Z   
Admin UI E2E (1, chrome)	Run Cypress	2025-02-02T00:37:10.9688628Z   
Admin UI E2E (1, chrome)	Run Cypress	2025-02-02T00:37:10.9688895Z   <body>
Admin UI E2E (1, chrome)	Run Cypress	2025-02-02T00:37:10.9689179Z     
Admin UI E2E (1, chrome)	Run Cypress	2025-02-02T00:37:10.9689459Z     
Admin UI E2E (1, chrome)	Run Cypress	2025-02-02T00:37:10.9689729Z     <div
Admin UI E2E (1, chrome)	Run Cypress	2025-02-02T00:37:10.9690017Z       id="app"
Admin UI E2E (1, chrome)	Run Cypress	2025-02-02T00:37:10.9690311Z     >
Admin UI E2E (1, chrome)	Run Cypress	2025-02-02T00:37:10.9690574Z       <div
Admin UI E2E (1, chrome)	Run Cypress	2025-02-02T00:37:10.9691128Z         class="pf-v5-l-flex pf-m-space-items-none pf-m-column pf-m-nowrap"
Admin UI E2E (1, chrome)	Run Cypress	2025-02-02T00:37:10.9691728Z         style="height: 100%;"
Admin UI E2E (1, chrome)	Run Cypress	2025-02-02T00:37:10.9692107Z       >
Admin UI E2E (1, chrome)	Run Cypress	2025-02-02T00:37:10.9692399Z         <div
Admin UI E2E (1, chrome)	Run Cypress	2025-02-02T00:37:10.9692693Z           class=""
Admin UI E2E (1, chrome)	Run Cypress	2025-02-02T00:37:10.9693017Z         >
Admin UI E2E (1, chrome)	Run Cypress	2025-02-02T00:37:10.9693305Z           <div
Admin UI E2E (1, chrome)	Run Cypress	2025-02-02T00:37:10.9693760Z             class="pf-v5-c-banner pf-m-gold _banner_1dgp9_2"
Admin UI E2E (1, chrome)	Run Cypress	2025-02-02T00:37:10.9694257Z           >
Admin UI E2E (1, chrome)	Run Cypress	2025-02-02T00:37:10.9694553Z             <span
Admin UI E2E (1, chrome)	Run Cypress	2025-02-02T00:37:10.9694914Z               class="pf-v5-screen-reader"
Admin UI E2E (1, chrome)	Run Cypress	2025-02-02T00:37:10.9695289Z             >
Admin UI E2E (1, chrome)	Run Cypress	2025-02-02T00:37:10.9696068Z               You are logged in as a temporary admin user. To harden security, create a permanent admin account and delete the temporary one.
Admin UI E2E (1, chrome)	Run Cypress	2025-02-02T00:37:10.9697034Z             </span>
Admin UI E2E (1, chrome)	Run Cypress	2025-02-02T00:37:10.9697534Z             <div
Admin UI E2E (1, chrome)	Run Cypress	2025-02-02T00:37:10.9697946Z               class="pf-v5-l-flex pf-m-space-items-sm pf-m-wrap"
Admin UI E2E (1, chrome)	Run Cypress	2025-02-02T00:37:10.9698382Z             >
Admin UI E2E (1, chrome)	Run Cypress	2025-02-02T00:37:10.9698652Z               <div
Admin UI E2E (1, chrome)	Run Cypress	2025-02-02T00:37:10.9698941Z                 class=""
Admin UI E2E (1, chrome)	Run Cypress	2025-02-02T00:37:10.9699343Z                 style="white-space: normal;"
Admin UI E2E (1, chrome)	Run Cypress	2025-02-02T00:37:10.9700000Z               >
Admin UI E2E (1, chrome)	Run Cypress	2025-02-02T00:37:10.9700278Z                 <svg
Admin UI E2E (1, chrome)	Run Cypress	2025-02-02T00:37:10.9700628Z                   aria-hidden="true"
Admin UI E2E (1, chrome)	Run Cypress	2025-02-02T00:37:10.9701054Z                   class="pf-v5-svg"
Admin UI E2E (1, chrome)	Run Cypress	2025-02-02T00:37:10.9701464Z                   fill="currentColor"
Admin UI E2E (1, chrome)	Run Cypress	2025-02-02T00:37:10.9701878Z                   height="1em"
Admin UI E2E (1, chrome)	Run Cypress	2025-02-02T00:37:10.9702234Z                   role="img"
Admin UI E2E (1, chrome)	Run Cypress	2025-02-02T00:37:10.9702651Z                   style="margin-right: 0.3rem;"
Admin UI E2E (1, chrome)	Run Cypress	2025-02-02T00:37:10.9703109Z                   viewBox="0 0 576 512"
Admin UI E2E (1, chrome)	Run Cypress	2025-02-02T00:37:10.9703454Z                   width="1em"
Admin UI E2E (1, chrome)	Run Cypress	2025-02-02T00:37:10.9703783Z                 >
Admin UI E2E (1, chrome)	Run Cypress	2025-02-02T00:37:10.9704075Z                   <path
Admin UI E2E (1, chrome)	Run Cypress	2025-02-02T00:37:10.9706535Z                     d="M569.517 440.013C587.975 472.007 564.806 512 527.94 512H48.054c-36.937 0-59.999-40.055-41.577-71.987L246.423 23.985c18.467-32.009 64.72-31.951 83.154 0l239.94 416.028zM288 354c-25.405 0-46 20.595-46 46s20.595 46 46 46 46-20.595 46-46-20.595-46-46-46zm-43.673-165.346l7.418 136c.347 6.364 5.609 11.346 11.982 11.346h48.546c6.373 0 11.635-4.982 11.982-11.346l7.418-136c.375-6.874-5.098-12.654-11.982-12.654h-63.383c-6.884 0-12.356 5.78-11.981 12.654z"
Admin UI E2E (1, chrome)	Run Cypress	2025-02-02T00:37:10.9708353Z                   />
Admin UI E2E (1, chrome)	Run Cypress	2025-02-02T00:37:10.9708629Z                 </svg>
Admin UI E2E (1, chrome)	Run Cypress	2025-02-02T00:37:10.9709460Z                 You are logged in as a temporary admin user. To harden security, create a permanent admin account and delete the temporary one.
Admin UI E2E (1, chrome)	Run Cypress	2025-02-02T00:37:10.9710234Z               </div>
Admin UI E2E (1, chrome)	Run Cypress	2025-02-02T00:37:10.9710510Z             </div>
Admin UI E2E (1, chrome)	Run Cypress	2025-02-02T00:37:10.9710783Z           </div>
Admin UI E2E (1, chrome)	Run Cypress	2025-02-02T00:37:10.9711052Z         </div>
Admin UI E2E (1, chrome)	Run Cypress	2025-02-02T00:37:10.9711307Z         <div
Admin UI E2E (1, chrome)	Run Cypress	2025-02-02T00:37:10.9711578Z           class="pf-m-grow"
Admin UI E2E (1, chrome)	Run Cypress	2025-02-02T00:37:10.9711977Z           style="min-height: 0px;"
Admin UI E2E (1, chrome)	Run Cypress	2025-02-02T00:37:10.9712347Z         >
Admin UI E2E (1, chrome)	Run Cypress	2025-02-02T00:37:10.9712610Z           <div
Admin UI E2E (1, chrome)	Run Cypress	2025-02-02T00:37:10.9713299Z             class="pf-v5-c-page pf-m-resize-observer pf-m-breakpoint-2xl pf-m-height-breakpoint-2xl"
Admin UI E2E (1, chrome)	Run Cypress	2025-02-02T00:37:10.9713991Z           >
Admin UI E2E (1, chrome)	Run Cypress	2025-02-02T00:37:10.9714497Z             <header
Admin UI E2E (1, chrome)	Run Cypress	2025-02-02T00:37:10.9714909Z               class="pf-v5-c-masthead pf-m-display-inline"
Admin UI E2E (1, chrome)	Run Cypress	2025-02-02T00:37:10.9715379Z             >
Admin UI E2E (1, chrome)	Run Cypress	2025-02-02T00:37:10.9715643Z               <span
Admin UI E2E (1, chrome)	Run Cypress	2025-02-02T00:37:10.9716005Z                 class="pf-v5-c-masthead__toggle"
Admin UI E2E (1, chrome)	Run Cypress	2025-02-02T00:37:10.9716645Z               >
Admin UI E2E (1, chrome)	Run Cypress	2025-02-02T00:37:10.9716941Z                 <button
Admin UI E2E (1, chrome)	Run Cypress	2025-02-02T00:37:10.9717326Z                   aria-disabled="false"
Admin UI E2E (1, chrome)	Run Cypress	2025-02-02T00:37:10.9717793Z                   aria-expanded="true"
Admin UI E2E (1, chrome)	Run Cypress	2025-02-02T00:37:10.9722689Z                   aria-label="navigation"
Admin UI E2E (1, chrome)	Run Cypress	2025-02-02T00:37:10.9723236Z                   class="pf-v5-c-button pf-m-plain"
Admin UI E2E (1, chrome)	Run Cypress	2025-02-02T00:37:10.9723893Z                   data-ouia-component-id="OUIA-Generated-Button-plain-1"
Admin UI E2E (1, chrome)	Run Cypress	2025-02-02T00:37:10.9724550Z                   data-ouia-component-type="PF5/Button"
Admin UI E2E (1, chrome)	Run Cypress	2025-02-02T00:37:10.9725067Z                   data-ouia-safe="true"
Admin UI E2E (1, chrome)	Run Cypress	2025-02-02T00:37:10.9725540Z                   id="nav-toggle"
Admin UI E2E (1, chrome)	Run Cypress	2025-02-02T00:37:10.9725964Z                   type="button"
Admin UI E2E (1, chrome)	Run Cypress	2025-02-02T00:37:10.9726530Z                 >
Admin UI E2E (1, chrome)	Run Cypress	2025-02-02T00:37:10.9726847Z                   <svg
Admin UI E2E (1, chrome)	Run Cypress	2025-02-02T00:37:10.9727237Z                     aria-hidden="true"
Admin UI E2E (1, chrome)	Run Cypress	2025-02-02T00:37:10.9731017Z                     class="pf-v5-svg"
Admin UI E2E (1, chrome)	Run Cypress	2025-02-02T00:37:10.9731487Z                     fill="currentColor"
Admin UI E2E (1, chrome)	Run Cypress	2025-02-02T00:37:10.9731898Z                     height="1em"
Admin UI E2E (1, chrome)	Run Cypress	2025-02-02T00:37:10.9732274Z                     role="img"
Admin UI E2E (1, chrome)	Run Cypress	2025-02-02T00:37:10.9732675Z                     viewBox="0 0 448 512"
Admin UI E2E (1, chrome)	Run Cypress	2025-02-02T00:37:10.9733085Z                     width="1em"
Admin UI E2E (1, chrome)	Run Cypress	2025-02-02T00:37:10.9733418Z                   >
Admin UI E2E (1, chrome)	Run Cypress	2025-02-02T00:37:10.9733701Z                     <path
Admin UI E2E (1, chrome)	Run Cypress	2025-02-02T00:37:10.9735987Z                       d="M16 132h416c8.837 0 16-7.163 16-16V76c0-8.837-7.163-16-16-16H16C7.163 60 0 67.163 0 76v40c0 8.837 7.163 16 16 16zm0 160h416c8.837 0 16-7.163 16-16v-40c0-8.837-7.163-16-16-16H16c-8.837 0-16 7.163-16 16v40c0 8.837 7.163 16 16 16zm0 160h416c8.837 0 16-7.163 16-16v-40c0-8.837-7.163-16-16-16H16c-8.837 0-16 7.163...[0m[90m
Admin UI E2E (1, chrome)	Run Cypress	2025-02-02T00:37:10.9738549Z       at captureUserInvocationStack (http://localhost:8080/__cypress/runner/cypress_runner.js:138885:94)
Admin UI E2E (1, chrome)	Run Cypress	2025-02-02T00:37:10.9739633Z       at Assertion.assert (http://localhost:8080/__cypress/runner/cypress_runner.js:138913:9)
Admin UI E2E (1, chrome)	Run Cypress	2025-02-02T00:37:10.9741427Z       at Assertion.<anonymous> (http://localhost:8080/__cypress/runner/cypress_runner.js:138855:25)
Admin UI E2E (1, chrome)	Run Cypress	2025-02-02T00:37:10.9743073Z       at Assertion.overwritingPropertyGetter (http://localhost:8080/__cypress/runner/cypress_runner.js:78003:37)
Admin UI E2E (1, chrome)	Run Cypress	2025-02-02T00:37:10.9744345Z       at Object.proxyGetter [as get] (http://localhost:8080/__cypress/runner/cypress_runner.js:77869:22)
Admin UI E2E (1, chrome)	Run Cypress	2025-02-02T00:37:10.9745382Z       at exists (http://localhost:8080/__cypress/runner/cypress_runner.js:142734:26)
Admin UI E2E (1, chrome)	Run Cypress	2025-02-02T00:37:10.9746479Z       at elExists (http://localhost:8080/__cypress/runner/cypress_runner.js:142749:10)
Admin UI E2E (1, chrome)	Run Cypress	2025-02-02T00:37:10.9747504Z       at ensureExistence (http://localhost:8080/__cypress/runner/cypress_runner.js:142930:22)
Admin UI E2E (1, chrome)	Run Cypress	2025-02-02T00:37:10.9748508Z       at onFailFn (http://localhost:8080/__cypress/runner/cypress_runner.js:142959:53)
Admin UI E2E (1, chrome)	Run Cypress	2025-02-02T00:37:10.9749451Z       at tryCatcher (http://localhost:8080/__cypress/runner/cypress_runner.js:1777:23)
Admin UI E2E (1, chrome)	Run Cypress	2025-02-02T00:37:10.9750199Z [0m
Admin UI E2E (1, chrome)	Run Cypress	2025-02-02T00:37:10.9750367Z 
Admin UI E2E (1, chrome)	Run Cypress	2025-02-02T00:37:10.9750380Z 
Admin UI E2E (1, chrome)	Run Cypress	2025-02-02T00:37:12.0545622Z 
Admin UI E2E (1, chrome)	Run Cypress	2025-02-02T00:37:12.0547440Z [31m  ([4m[1mResults[22m[24m)[39m
Admin UI E2E (1, chrome)	Run Cypress	2025-02-02T00:37:12.0564190Z 
Admin UI E2E (1, chrome)	Run Cypress	2025-02-02T00:37:12.0579683Z [90m  â”Œ[39m[90mâ”€[39m[90mâ”€[39m[90mâ”€[39m[90mâ”€[39m[90mâ”€[39m[90mâ”€[39m[90mâ”€[39m[90mâ”€[39m[90mâ”€[39m[90mâ”€[39m[90mâ”€[39m[90mâ”€[39m[90mâ”€[39m[90mâ”€[39m[90mâ”€[39m[90mâ”€[39m[90mâ”€[39m[90mâ”€[39m[90mâ”€[39m[90mâ”€[39m[90mâ”€[39m[90mâ”€[39m[90mâ”€[39m[90mâ”€[39m[90mâ”€[39m[90mâ”€[39m[90mâ”€[39m[90mâ”€[39m[90mâ”€[39m[90mâ”€[39m[90mâ”€[39m[90mâ”€[39m[90mâ”€[39m[90mâ”€[39m[90mâ”€[39m[90mâ”€[39m[90mâ”€[39m[90mâ”€[39m[90mâ”€[39m[90mâ”€[39m[90mâ”€[39m[90mâ”€[39m[90mâ”€[39m[90mâ”€[39m[90mâ”€[39m[90mâ”€[39m[90mâ”€[39m[90mâ”€[39m[90mâ”€[39m[90mâ”€[39m[90mâ”€[39m[90mâ”€[39m[90mâ”€[39m[90mâ”€[39m[90mâ”€[39m[90mâ”€[39m[90mâ”€[39m[90mâ”€[39m[90mâ”€[39m[90mâ”€[39m[90mâ”€[39m[90mâ”€[39m[90mâ”€[39m[90mâ”€[39m[90mâ”€[39m[90mâ”€[39m[90mâ”€[39m[90mâ”€[39m[90mâ”€[39m[90mâ”€[39m[90mâ”€[39m[90mâ”€[39m[90mâ”€[39m[90mâ”€[39m[90mâ”€[39m[90mâ”€[39m[90mâ”€[39m[90mâ”€[39m[90mâ”€[39m[90mâ”€[39m[90mâ”€[39m[90mâ”€[39m[90mâ”€[39m[90mâ”€[39m[90mâ”€[39m[90mâ”€[39m[90mâ”€[39m[90mâ”€[39m[90mâ”€[39m[90mâ”€[39m[90mâ”€[39m[90mâ”€[39m[90mâ”€[39m[90mâ”€[39m[90mâ”€[39m[90mâ”€[39m[90mâ”[39m
Admin UI E2E (1, chrome)	Run Cypress	2025-02-02T00:37:12.0584625Z [90m  â”‚[39m [90mTests:[39m        [31m21[39m                                                                               [90mâ”‚[39m
Admin UI E2E (1, chrome)	Run Cypress	2025-02-02T00:37:12.0585933Z [90m  â”‚[39m [90mPassing:[39m      [31m20[39m                                                                               [90mâ”‚[39m
Admin UI E2E (1, chrome)	Run Cypress	2025-02-02T00:37:12.0587398Z [90m  â”‚[39m [90mFailing:[39m      [31m1[39m                                                                                [90mâ”‚[39m
Admin UI E2E (1, chrome)	Run Cypress	2025-02-02T00:37:12.0588692Z [90m  â”‚[39m [90mPending:[39m      [31m0[39m                                                                                [90mâ”‚[39m
Admin UI E2E (1, chrome)	Run Cypress	2025-02-02T00:37:12.0589894Z [90m  â”‚[39m [90mSkipped:[39m      [31m0[39m                                                                                [90mâ”‚[39m
Admin UI E2E (1, chrome)	Run Cypress	2025-02-02T00:37:12.0591177Z [90m  â”‚[39m [90mScreenshots:[39m  [31m4[39m                                                                                [90mâ”‚[39m
Admin UI E2E (1, chrome)	Run Cypress	2025-02-02T00:37:12.0592609Z [90m  â”‚[39m [90mVideo:[39m        [31mtrue[39m                                                                             [90mâ”‚[39m
Admin UI E2E (1, chrome)	Run Cypress	2025-02-02T00:37:12.0594197Z [90m  â”‚[39m [90mDuration:[39m     [31m4 minutes, 29 seconds[39m                                                            [90mâ”‚[39m
Admin UI E2E (1, chrome)	Run Cypress	2025-02-02T00:37:12.0595854Z [90m  â”‚[39m [90mSpec Ran:[39m     [31m[31muser_fed_ldap_test.spec.ts[31m[39m                                                       [90mâ”‚[39m
Admin UI E2E (1, chrome)	Run Cypress	2025-02-02T00:37:12.0600347Z [90m  â””[39m[90mâ”€[39m[90mâ”€[39m[90mâ”€[39m[90mâ”€[39m[90mâ”€[39m[90mâ”€[39m[90mâ”€[39m[90mâ”€[39m[90mâ”€[39m[90mâ”€[39m[90mâ”€[39m[90mâ”€[39m[90mâ”€[39m[90mâ”€[39m[90mâ”€[39m[90mâ”€[39m[90mâ”€[39m[90mâ”€[39m[90mâ”€[39m[90mâ”€[39m[90mâ”€[39m[90mâ”€[39m[90mâ”€[39m[90mâ”€[39m[90mâ”€[39m[90mâ”€[39m[90mâ”€[39m[90mâ”€[39m[90mâ”€[39m[90mâ”€[39m[90mâ”€[39m[90mâ”€[39m[90mâ”€[39m[90mâ”€[39m[90mâ”€[39m[90mâ”€[39m[90mâ”€[39m[90mâ”€[39m[90mâ”€[39m[90mâ”€[39m[90mâ”€[39m[90mâ”€[39m[90mâ”€[39m[90mâ”€[39m[90mâ”€[39m[90mâ”€[39m[90mâ”€[39m[90mâ”€[39m[90mâ”€[39m[90mâ”€[39m[90mâ”€[39m[90mâ”€[39m[90mâ”€[39m[90mâ”€[39m[90mâ”€[39m[90mâ”€[39m[90mâ”€[39m[90mâ”€[39m[90mâ”€[39m[90mâ”€[39m[90mâ”€[39m[90mâ”€[39m[90mâ”€[39m[90mâ”€[39m[90mâ”€[39m[90mâ”€[39m[90mâ”€[39m[90mâ”€[39m[90mâ”€[39m[90mâ”€[39m[90mâ”€[39m[90mâ”€[39m[90mâ”€[39m[90mâ”€[39m[90mâ”€[39m[90mâ”€[39m[90mâ”€[39m[90mâ”€[39m[90mâ”€[39m[90mâ”€[39m[90mâ”€[39m[90mâ”€[39m[90mâ”€[39m[90mâ”€[39m[90mâ”€[39m[90mâ”€[39m[90mâ”€[39m[90mâ”€[39m[90mâ”€[39m[90mâ”€[39m[90mâ”€[39m[90mâ”€[39m[90mâ”€[39m[90mâ”€[39m[90mâ”€[39m[90mâ”€[39m[90mâ”˜[39m
Admin UI E2E (1, chrome)	Run Cypress	2025-02-02T00:37:12.0603112Z 
Admin UI E2E (1, chrome)	Run Cypress	2025-02-02T00:37:12.0603125Z 
Admin UI E2E (1, chrome)	Run Cypress	2025-02-02T00:37:12.0603360Z [33m  ([4m[1mScreenshots[22m[24m)[39m
Admin UI E2E (1, chrome)	Run Cypress	2025-02-02T00:37:12.0603552Z 
Admin UI E2E (1, chrome)	Run Cypress	2025-02-02T00:37:12.0604212Z [90m [39m -  [0m/home/runner/work/keycloak/keycloak/js/apps/admin-ui/cypress/screenshots/user_fe[0m     [90m[90m(1280x633)[90m[39m
Admin UI E2E (1, chrome)	Run Cypress	2025-02-02T00:37:12.0605373Z [90m [39m    [0md_ldap_test.spec.ts/User Federation LDAP tests -- Should fail connection and aut[0m               
Admin UI E2E (1, chrome)	Run Cypress	2025-02-02T00:37:12.0606771Z [90m [39m    [0mhentication tests (failed).png[0m                                                                 
Admin UI E2E (1, chrome)	Run Cypress	2025-02-02T00:37:12.0608394Z [90m [39m -  [0m/home/runner/work/keycloak/keycloak/js/apps/admin-ui/cypress/screenshots/user_fe[0m     [90m[90m(1280x633)[90m[39m
Admin UI E2E (1, chrome)	Run Cypress	2025-02-02T00:37:12.0610158Z [90m [39m    [0md_ldap_test.spec.ts/User Federation LDAP tests -- Should fail connection and aut[0m               
Admin UI E2E (1, chrome)	Run Cypress	2025-02-02T00:37:12.0611538Z [90m [39m    [0mhentication tests (failed) (attempt 2).png[0m                                                     
Admin UI E2E (1, chrome)	Run Cypress	2025-02-02T00:37:12.0614042Z [90m [39m -  [0m/home/runner/work/keycloak/keycloak/js/apps/admin-ui/cypress/screenshots/user_fe[0m     [90m[90m(1280x633)[90m[39m
Admin UI E2E (1, chrome)	Run Cypress	2025-02-02T00:37:12.0615707Z [90m [39m    [0md_ldap_test.spec.ts/User Federation LDAP tests -- Should fail connection and aut[0m               
Admin UI E2E (1, chrome)	Run Cypress	2025-02-02T00:37:12.0617232Z [90m [39m    [0mhentication tests (failed) (attempt 3).png[0m                                                     
Admin UI E2E (1, chrome)	Run Cypress	2025-02-02T00:37:12.0618816Z [90m [39m -  [0m/home/runner/work/keycloak/keycloak/js/apps/admin-ui/cypress/screenshots/user_fe[0m     [90m[90m(1280x633)[90m[39m
Admin UI E2E (1, chrome)	Run Cypress	2025-02-02T00:37:12.0620515Z [90m [39m    [0md_ldap_test.spec.ts/User Federation LDAP tests -- Should fail connection and aut[0m               
Admin UI E2E (1, chrome)	Run Cypress	2025-02-02T00:37:12.0622100Z [90m [39m    [0mhentication tests (failed) (attempt 4).png[0m                                                     
Admin UI E2E (1, chrome)	Run Cypress	2025-02-02T00:37:12.0622630Z 
Admin UI E2E (1, chrome)	Run Cypress	2025-02-02T00:37:12.0933049Z 
Admin UI E2E (1, chrome)	Run Cypress	2025-02-02T00:37:12.0934657Z [36m  ([4m[1mVideo[22m[24m)[39m
Admin UI E2E (1, chrome)	Run Cypress	2025-02-02T00:37:12.0935177Z 
Admin UI E2E (1, chrome)	Run Cypress	2025-02-02T00:37:12.0936529Z   -  Video output: [36m/home/runner/work/keycloak/keycloak/js/apps/admin-ui/cypress/videos/user_fed_ldap_test.spec.ts.mp4[39m
Admin UI E2E (1, chrome)	Run Cypress	2025-02-02T00:37:12.0937381Z 
Admin UI E2E (1, chrome)	Run Cypress	2025-02-02T00:37:12.0937394Z 
Admin UI E2E (1, chrome)	Run Cypress	2025-02-02T00:37:12.0949543Z [90mâ”€[39m[90mâ”€[39m[90mâ”€[39m[90mâ”€[39m[90mâ”€[39m[90mâ”€[39m[90mâ”€[39m[90mâ”€[39m[90mâ”€[39m[90mâ”€[39m[90mâ”€[39m[90mâ”€[39m[90mâ”€[39m[90mâ”€[39m[90mâ”€[39m[90mâ”€[39m[90mâ”€[39m[90mâ”€[39m[90mâ”€[39m[90mâ”€[39m[90mâ”€[39m[90mâ”€[39m[90mâ”€[39m[90mâ”€[39m[90mâ”€[39m[90mâ”€[39m[90mâ”€[39m[90mâ”€[39m[90mâ”€[39m[90mâ”€[39m[90mâ”€[39m[90mâ”€[39m[90mâ”€[39m[90mâ”€[39m[90mâ”€[39m[90mâ”€[39m[90mâ”€[39m[90mâ”€[39m[90mâ”€[39m[90mâ”€[39m[90mâ”€[39m[90mâ”€[39m[90mâ”€[39m[90mâ”€[39m[90mâ”€[39m[90mâ”€[39m[90mâ”€[39m[90mâ”€[39m[90mâ”€[39m[90mâ”€[39m[90mâ”€[39m[90mâ”€[39m[90mâ”€[39m[90mâ”€[39m[90mâ”€[39m[90mâ”€[39m[90mâ”€[39m[90mâ”€[39m[90mâ”€[39m[90mâ”€[39m[90mâ”€[39m[90mâ”€[39m[90mâ”€[39m[90mâ”€[39m[90mâ”€[39m[90mâ”€[39m[90mâ”€[39m[90mâ”€[39m[90mâ”€[39m[90mâ”€[39m[90mâ”€[39m[90mâ”€[39m[90mâ”€[39m[90mâ”€[39m[90mâ”€[39m[90mâ”€[39m[90mâ”€[39m[90mâ”€[39m[90mâ”€[39m[90mâ”€[39m[90mâ”€[39m[90mâ”€[39m[90mâ”€[39m[90mâ”€[39m[90mâ”€[39m[90mâ”€[39m[90mâ”€[39m[90mâ”€[39m[90mâ”€[39m[90mâ”€[39m[90mâ”€[39m[90mâ”€[39m[90mâ”€[39m[90mâ”€[39m[90mâ”€[39m[90mâ”€[39m[90mâ”€[39m[90mâ”€[39m[90mâ”€[39m[90mâ”€[39m
Admin UI E2E (1, chrome)	Run Cypress	2025-02-02T00:37:12.0953652Z                                                                                                     
Admin UI E2E (1, chrome)	Run Cypress	2025-02-02T00:37:12.0954671Z   Running:  [90musers_enable_disable.spec.ts[39m                                                    [90m(2 of 5)[39m
Admin UI E2E (1, chrome)	Run Cypress	2025-02-02T00:37:15.9520571Z 
Admin UI E2E (1, chrome)	Run Cypress	2025-02-02T00:37:15.9521565Z [0m[0m
Admin UI E2E (1, chrome)	Run Cypress	2025-02-02T00:37:15.9548722Z [0m  User enable/disable[0m
Admin UI E2E (1, chrome)	Run Cypress	2025-02-02T00:37:22.5283233Z   [32m  âœ“[0m[90m disables a user[0m[90m (6572ms)[0m
Admin UI E2E (1, chrome)	Run Cypress	2025-02-02T00:37:27.2657407Z   [32m  âœ“[0m[90m enables a user[0m[90m (4701ms)[0m
Admin UI E2E (1, chrome)	Run Cypress	2025-02-02T00:37:32.6199128Z   [32m  âœ“[0m[90m ensures submitting doesn't reset the enabled state[0m[90m (5315ms)[0m
Admin UI E2E (1, chrome)	Run Cypress	2025-02-02T00:37:32.6199692Z 
Admin UI E2E (1, chrome)	Run Cypress	2025-02-02T00:37:32.6573421Z 
Admin UI E2E (1, chrome)	Run Cypress	2025-02-02T00:37:32.6575427Z [92m [0m[32m 3 passing[0m[90m (17s)[0m
Admin UI E2E (1, chrome)	Run Cypress	2025-02-02T00:37:32.6575820Z 
Admin UI E2E (1, chrome)	Run Cypress	2025-02-02T00:37:33.6806920Z 
Admin UI E2E (1, chrome)	Run Cypress	2025-02-02T00:37:33.6808022Z [32m  ([4m[1mResults[22m[24m)[39m
Admin UI E2E (1, chrome)	Run Cypress	2025-02-02T00:37:33.6824861Z 
Admin UI E2E (1, chrome)	Run Cypress	2025-02-02T00:37:33.6837539Z [90m  â”Œ[39m[90mâ”€[39m[90mâ”€[39m[90mâ”€[39m[90mâ”€[39m[90mâ”€[39m[90mâ”€[39m[90mâ”€[39m[90mâ”€[39m[90mâ”€[39m[90mâ”€[39m[90mâ”€[39m[90mâ”€[39m[90mâ”€[39m[90mâ”€[39m[90mâ”€[39m[90mâ”€[39m[90mâ”€[39m[90mâ”€[39m[90mâ”€[39m[90mâ”€[39m[90mâ”€[39m[90mâ”€[39m[90mâ”€[39m[90mâ”€[39m[90mâ”€[39m[90mâ”€[39m[90mâ”€[39m[90mâ”€[39m[90mâ”€[39m[90mâ”€[39m[90mâ”€[39m[90mâ”€[39m[90mâ”€[39m[90mâ”€[39m[90mâ”€[39m[90mâ”€[39m[90mâ”€[39m[90mâ”€[39m[90mâ”€[39m[90mâ”€[39m[90mâ”€[39m[90mâ”€[39m[90mâ”€[39m[90mâ”€[39m[90mâ”€[39m[90mâ”€[39m[90mâ”€[39m[90mâ”€[39m[90mâ”€[39m[90mâ”€[39m[90mâ”€[39m[90mâ”€[39m[90mâ”€[39m[90mâ”€[39m[90mâ”€[39m[90mâ”€[39m[90mâ”€[39m[90mâ”€[39m[90mâ”€[39m[90mâ”€[39m[90mâ”€[39m[90mâ”€[39m[90mâ”€[39m[90mâ”€[39m[90mâ”€[39m[90mâ”€[39m[90mâ”€[39m[90mâ”€[39m[90mâ”€[39m[90mâ”€[39m[90mâ”€[39m[90mâ”€[39m[90mâ”€[39m[90mâ”€[39m[90mâ”€[39m[90mâ”€[39m[90mâ”€[39m[90mâ”€[39m[90mâ”€[39m[90mâ”€[39m[90mâ”€[39m[90mâ”€[39m[90mâ”€[39m[90mâ”€[39m[90mâ”€[39m[90mâ”€[39m[90mâ”€[39m[90mâ”€[39m[90mâ”€[39m[90mâ”€[39m[90mâ”€[39m[90mâ”€[39m[90mâ”€[39m[90mâ”€[39m[90mâ”€[39m[90mâ”€[39m[90mâ”[39m
Admin UI E2E (1, chrome)	Run Cypress	2025-02-02T00:37:33.6840406Z [90m  â”‚[39m [90mTests:[39m        [32m3[39m                                                                                [90mâ”‚[39m
Admin UI E2E (1, chrome)	Run Cypress	2025-02-02T00:37:33.6841110Z [90m  â”‚[39m [90mPassing:[39m      [32m3[39m                                                                                [90mâ”‚[39m
Admin UI E2E (1, chrome)	Run Cypress	2025-02-02T00:37:33.6842663Z [90m  â”‚[39m [90mFailing:[39m      [32m0[39m                                                                                [90mâ”‚[39m
Admin UI E2E (1, chrome)	Run Cypress	2025-02-02T00:37:33.6843572Z [90m  â”‚[39m [90mPending:[39m      [32m0[39m                                                                                [90mâ”‚[39m
Admin UI E2E (1, chrome)	Run Cypress	2025-02-02T00:37:33.6844354Z [90m  â”‚[39m [90mSkipped:[39m      [32m0[39m                                                                                [90mâ”‚[39m
Admin UI E2E (1, chrome)	Run Cypress	2025-02-02T00:37:33.6845107Z [90m  â”‚[39m [90mScreenshots:[39m  [32m0[39m                                                                                [90mâ”‚[39m
Admin UI E2E (1, chrome)	Run Cypress	2025-02-02T00:37:33.6845891Z [90m  â”‚[39m [90mVideo:[39m        [32mfalse[39m                                                                            [90mâ”‚[39m
Admin UI E2E (1, chrome)	Run Cypress	2025-02-02T00:37:33.6847210Z [90m  â”‚[39m [90mDuration:[39m     [32m16 seconds[39m                                                                       [90mâ”‚[39m
Admin UI E2E (1, chrome)	Run Cypress	2025-02-02T00:37:33.6848573Z [90m  â”‚[39m [90mSpec Ran:[39m     [32m[32musers_enable_disable.spec.ts[32m[39m                                                     [90mâ”‚[39m
Admin UI E2E (1, chrome)	Run Cypress	2025-02-02T00:37:33.6853930Z [90m  â””[39m[90mâ”€[39m[90mâ”€[39m[90mâ”€[39m[90mâ”€[39m[90mâ”€[39m[90mâ”€[39m[90mâ”€[39m[90mâ”€[39m[90mâ”€[39m[90mâ”€[39m[90mâ”€[39m[90mâ”€[39m[90mâ”€[39m[90mâ”€[39m[90mâ”€[39m[90mâ”€[39m[90mâ”€[39m[90mâ”€[39m[90mâ”€[39m[90mâ”€[39m[90mâ”€[39m[90mâ”€[39m[90mâ”€[39m[90mâ”€[39m[90mâ”€[39m[90mâ”€[39m[90mâ”€[39m[90mâ”€[39m[90mâ”€[39m[90mâ”€[39m[90mâ”€[39m[90mâ”€[39m[90mâ”€[39m[90mâ”€[39m[90mâ”€[39m[90mâ”€[39m[90mâ”€[39m[90mâ”€[39m[90mâ”€[39m[90mâ”€[39m[90mâ”€[39m[90mâ”€[39m[90mâ”€[39m[90mâ”€[39m[90mâ”€[39m[90mâ”€[39m[90mâ”€[39m[90mâ”€[39m[90mâ”€[39m[90mâ”€[39m[90mâ”€[39m[90mâ”€[39m[90mâ”€[39m[90mâ”€[39m[90mâ”€[39m[90mâ”€[39m[90mâ”€[39m[90mâ”€[39m[90mâ”€[39m[90mâ”€[39m[90mâ”€[39m[90mâ”€[39m[90mâ”€[39m[90mâ”€[39m[90mâ”€[39m[90mâ”€[39m[90mâ”€[39m[90mâ”€[39m[90mâ”€[39m[90mâ”€[39m[90mâ”€[39m[90mâ”€[39m[90mâ”€[39m[90mâ”€[39m[90mâ”€[39m[90mâ”€[39m[90mâ”€[39m[90mâ”€[39m[90mâ”€[39m[90mâ”€[39m[90mâ”€[39m[90mâ”€[39m[90mâ”€[39m[90mâ”€[39m[90mâ”€[39m[90mâ”€[39m[90mâ”€[39m[90mâ”€[39m[90mâ”€[39m[90mâ”€[39m[90mâ”€[39m[90mâ”€[39m[90mâ”€[39m[90mâ”€[39m[90mâ”€[39m[90mâ”€[39m[90mâ”˜[39m
Admin UI E2E (1, chrome)	Run Cypress	2025-02-02T00:37:33.6857964Z 
Admin UI E2E (1, chrome)	Run Cypress	2025-02-02T00:37:33.7156591Z 
Admin UI E2E (1, chrome)	Run Cypress	2025-02-02T00:37:33.7164549Z [90mâ”€[39m[90mâ”€[39m[90mâ”€[39m[90mâ”€[39m[90mâ”€[39m[90mâ”€[39m[90mâ”€[39m[90mâ”€[39m[90mâ”€[39m[90mâ”€[39m[90mâ”€[39m[90mâ”€[39m[90mâ”€[39m[90mâ”€[39m[90mâ”€[39m[90mâ”€[39m[90mâ”€[39m[90mâ”€[39m[90mâ”€[39m[90mâ”€[39m[90mâ”€[39m[90mâ”€[39m[90mâ”€[39m[90mâ”€[39m[90mâ”€[39m[90mâ”€[39m[90mâ”€[39m[90mâ”€[39m[90mâ”€[39m[90mâ”€[39m[90mâ”€[39m[90mâ”€[39m[90mâ”€[39m[90mâ”€[39m[90mâ”€[39m[90mâ”€[39m[90mâ”€[39m[90mâ”€[39m[90mâ”€[39m[90mâ”€[39m[90mâ”€[39m[90mâ”€[39m[90mâ”€[39m[90mâ”€[39m[90mâ”€[39m[90mâ”€[39m[90mâ”€[39m[90mâ”€[39m[90mâ”€[39m[90mâ”€[39m[90mâ”€[39m[90mâ”€[39m[90mâ”€[39m[90mâ”€[39m[90mâ”€[39m[90mâ”€[39m[90mâ”€[39m[90mâ”€[39m[90mâ”€[39m[90mâ”€[39m[90mâ”€[39m[90mâ”€[39m[90mâ”€[39m[90mâ”€[39m[90mâ”€[39m[90mâ”€[39m[90mâ”€[39m[90mâ”€[39m[90mâ”€[39m[90mâ”€[39m[90mâ”€[39m[90mâ”€[39m[90mâ”€[39m[90mâ”€[39m[90mâ”€[39m[90mâ”€[39m[90mâ”€[39m[90mâ”€[39m[90mâ”€[39m[90mâ”€[39m[90mâ”€[39m[90mâ”€[39m[90mâ”€[39m[90mâ”€[39m[90mâ”€[39m[90mâ”€[39m[90mâ”€[39m[90mâ”€[39m[90mâ”€[39m[90mâ”€[39m[90mâ”€[39m[90mâ”€[39m[90mâ”€[39m[90mâ”€[39m[90mâ”€[39m[90mâ”€[39m[90mâ”€[39m[90mâ”€[39m[90mâ”€[39m[90mâ”€[39m
Admin UI E2E (1, chrome)	Run Cypress	2025-02-02T00:37:33.7167764Z                                                                                                     
Admin UI E2E (1, chrome)	Run Cypress	2025-02-02T00:37:33.7169989Z   Running:  [90mclients_saml_test.spec.ts[39m                                                       [90m(3 of 5)[39m
Admin UI E2E (1, chrome)	Run Cypress	2025-02-02T00:37:37.0797687Z 
Admin UI E2E (1, chrome)	Run Cypress	2025-02-02T00:37:37.0799292Z [0m[0m
Admin UI E2E (1, chrome)	Run Cypress	2025-02-02T00:37:37.0824494Z [0m  Clients SAML tests[0m
Admin UI E2E (1, chrome)	Run Cypress	2025-02-02T00:37:37.0827194Z [0m    SAML test[0m
Admin UI E2E (1, chrome)	Run Cypress	2025-02-02T00:37:41.9118587Z     [32m  âœ“[0m[90m should display the saml sections on details screen[0m[90m (4801ms)[0m
Admin UI E2E (1, chrome)	Run Cypress	2025-02-02T00:37:45.0712003Z     [32m  âœ“[0m[90m should save force name id format[0m[90m (3012ms)[0m
Admin UI E2E (1, chrome)	Run Cypress	2025-02-02T00:37:45.0824728Z [0m    SAML keys tab[0m
Admin UI E2E (1, chrome)	Run Cypress	2025-02-02T00:37:48.2588828Z     [32m  âœ“[0m[90m should doesn't disable signature when cancel[0m[90m (3121ms)[0m
Admin UI E2E (1, chrome)	Run Cypress	2025-02-02T00:37:51.2565409Z     [32m  âœ“[0m[90m should disable client signature[0m[90m (2928ms)[0m
Admin UI E2E (1, chrome)	Run Cypress	2025-02-02T00:37:54.1109525Z     [32m  âœ“[0m[90m should enable Encryption keys config[0m[90m (2811ms)[0m
Admin UI E2E (1, chrome)	Run Cypress	2025-02-02T00:37:54.1220764Z [0m    SAML settings tab[0m
Admin UI E2E (1, chrome)	Run Cypress	2025-02-02T00:37:58.4250980Z     [32m  âœ“[0m[90m should check SAML capabilities[0m[90m (4237ms)[0m
Admin UI E2E (1, chrome)	Run Cypress	2025-02-02T00:38:03.5761821Z     [32m  âœ“[0m[90m should check signature and encryption[0m[90m (5049ms)[0m
Admin UI E2E (1, chrome)	Run Cypress	2025-02-02T00:38:10.8214435Z     [32m  âœ“[0m[90m should check access settings[0m[90m (7188ms)[0m
Admin UI E2E (1, chrome)	Run Cypress	2025-02-02T00:38:14.5487025Z     [32m  âœ“[0m[90m should check login settings[0m[90m (3645ms)[0m
Admin UI E2E (1, chrome)	Run Cypress	2025-02-02T00:38:14.5488527Z 
Admin UI E2E (1, chrome)	Run Cypress	2025-02-02T00:38:14.5930922Z 
Admin UI E2E (1, chrome)	Run Cypress	2025-02-02T00:38:14.5932355Z [92m [0m[32m 9 passing[0m[90m (38s)[0m
Admin UI E2E (1, chrome)	Run Cypress	2025-02-02T00:38:14.5932933Z 
Admin UI E2E (1, chrome)	Run Cypress	2025-02-02T00:38:15.6233999Z 
Admin UI E2E (1, chrome)	Run Cypress	2025-02-02T00:38:15.6235390Z [32m  ([4m[1mResults[22m[24m)[39m
Admin UI E2E (1, chrome)	Run Cypress	2025-02-02T00:38:15.6251868Z 
Admin UI E2E (1, chrome)	Run Cypress	2025-02-02T00:38:15.6269812Z [90m  â”Œ[39m[90mâ”€[39m[90mâ”€[39m[90mâ”€[39m[90mâ”€[39m[90mâ”€[39m[90mâ”€[39m[90mâ”€[39m[90mâ”€[39m[90mâ”€[39m[90mâ”€[39m[90mâ”€[39m[90mâ”€[39m[90mâ”€[39m[90mâ”€[39m[90mâ”€[39m[90mâ”€[39m[90mâ”€[39m[90mâ”€[39m[90mâ”€[39m[90mâ”€[39m[90mâ”€[39m[90mâ”€[39m[90mâ”€[39m[90mâ”€[39m[90mâ”€[39m[90mâ”€[39m[90mâ”€[39m[90mâ”€[39m[90mâ”€[39m[90mâ”€[39m[90mâ”€[39m[90mâ”€[39m[90mâ”€[39m[90mâ”€[39m[90mâ”€[39m[90mâ”€[39m[90mâ”€[39m[90mâ”€[39m[90mâ”€[39m[90mâ”€[39m[90mâ”€[39m[90mâ”€[39m[90mâ”€[39m[90mâ”€[39m[90mâ”€[39m[90mâ”€[39m[90mâ”€[39m[90mâ”€[39m[90mâ”€[39m[90mâ”€[39m[90mâ”€[39m[90mâ”€[39m[90mâ”€[39m[90mâ”€[39m[90mâ”€[39m[90mâ”€[39m[90mâ”€[39m[90mâ”€[39m[90mâ”€[39m[90mâ”€[39m[90mâ”€[39m[90mâ”€[39m[90mâ”€[39m[90mâ”€[39m[90mâ”€[39m[90mâ”€[39m[90mâ”€[39m[90mâ”€[39m[90mâ”€[39m[90mâ”€[39m[90mâ”€[39m[90mâ”€[39m[90mâ”€[39m[90mâ”€[39m[90mâ”€[39m[90mâ”€[39m[90mâ”€[39m[90mâ”€[39m[90mâ”€[39m[90mâ”€[39m[90mâ”€[39m[90mâ”€[39m[90mâ”€[39m[90mâ”€[39m[90mâ”€[39m[90mâ”€[39m[90mâ”€[39m[90mâ”€[39m[90mâ”€[39m[90mâ”€[39m[90mâ”€[39m[90mâ”€[39m[90mâ”€[39m[90mâ”€[39m[90mâ”€[39m[90mâ”€[39m[90mâ”[39m
Admin UI E2E (1, chrome)	Run Cypress	2025-02-02T00:38:15.6273403Z [90m  â”‚[39m [90mTests:[39m        [32m9[39m                                                                                [90mâ”‚[39m
Admin UI E2E (1, chrome)	Run Cypress	2025-02-02T00:38:15.6274209Z [90m  â”‚[39m [90mPassing:[39m      [32m9[39m                                                                                [90mâ”‚[39m
Admin UI E2E (1, chrome)	Run Cypress	2025-02-02T00:38:15.6274915Z [90m  â”‚[39m [90mFailing:[39m      [32m0[39m                                                                                [90mâ”‚[39m
Admin UI E2E (1, chrome)	Run Cypress	2025-02-02T00:38:15.6275608Z [90m  â”‚[39m [90mPending:[39m      [32m0[39m                                                                                [90mâ”‚[39m
Admin UI E2E (1, chrome)	Run Cypress	2025-02-02T00:38:15.6276852Z [90m  â”‚[39m [90mSkipped:[39m      [32m0[39m                                                                                [90mâ”‚[39m
Admin UI E2E (1, chrome)	Run Cypress	2025-02-02T00:38:15.6277751Z [90m  â”‚[39m [90mScreenshots:[39m  [32m0[39m                                                                                [90mâ”‚[39m
Admin UI E2E (1, chrome)	Run Cypress	2025-02-02T00:38:15.6278968Z [90m  â”‚[39m [90mVideo:[39m        [32mfalse[39m                                                                            [90mâ”‚[39m
Admin UI E2E (1, chrome)	Run Cypress	2025-02-02T00:38:15.6279727Z [90m  â”‚[39m [90mDuration:[39m     [32m37 seconds[39m                                                                       [90mâ”‚[39m
Admin UI E2E (1, chrome)	Run Cypress	2025-02-02T00:38:15.6280550Z [90m  â”‚[39m [90mSpec Ran:[39m     [32m[32mclients_saml_test.spec.ts[32m[39m                                                        [90mâ”‚[39m
Admin UI E2E (1, chrome)	Run Cypress	2025-02-02T00:38:15.6285842Z [90m  â””[39m[90mâ”€[39m[90mâ”€[39m[90mâ”€[39m[90mâ”€[39m[90mâ”€[39m[90mâ”€[39m[90mâ”€[39m[90mâ”€[39m[90mâ”€[39m[90mâ”€[39m[90mâ”€[39m[90mâ”€[39m[90mâ”€[39m[90mâ”€[39m[90mâ”€[39m[90mâ”€[39m[90mâ”€[39m[90mâ”€[39m[90mâ”€[39m[90mâ”€[39m[90mâ”€[39m[90mâ”€[39m[90mâ”€[39m[90mâ”€[39m[90mâ”€[39m[90mâ”€[39m[90mâ”€[39m[90mâ”€[39m[90mâ”€[39m[90mâ”€[39m[90mâ”€[39m[90mâ”€[39m[90mâ”€[39m[90mâ”€[39m[90mâ”€[39m[90mâ”€[39m[90mâ”€[39m[90mâ”€[39m[90mâ”€[39m[90mâ”€[39m[90mâ”€[39m[90mâ”€[39m[90mâ”€[39m[90mâ”€[39m[90mâ”€[39m[90mâ”€[39m[90mâ”€[39m[90mâ”€[39m[90mâ”€[39m[90mâ”€[39m[90mâ”€[39m[90mâ”€[39m[90mâ”€[39m[90mâ”€[39m[90mâ”€[39m[90mâ”€[39m[90mâ”€[39m[90mâ”€[39m[90mâ”€[39m[90mâ”€[39m[90mâ”€[39m[90mâ”€[39m[90mâ”€[39m[90mâ”€[39m[90mâ”€[39m[90mâ”€[39m[90mâ”€[39m[90mâ”€[39m[90mâ”€[39m[90mâ”€[39m[90mâ”€[39m[90mâ”€[39m[90mâ”€[39m[90mâ”€[39m[90mâ”€[39m[90mâ”€[39m[90mâ”€[39m[90mâ”€[39m[90mâ”€[39m[90mâ”€[39m[90mâ”€[39m[90mâ”€[39m[90mâ”€[39m[90mâ”€[39m[90mâ”€[39m[90mâ”€[39m[90mâ”€[39m[90mâ”€[39m[90mâ”€[39m[90mâ”€[39m[90mâ”€[39m[90mâ”€[39m[90mâ”€[39m[90mâ”€[39m[90mâ”€[39m[90mâ”€[39m[90mâ”˜[39m
Admin UI E2E (1, chrome)	Run Cypress	2025-02-02T00:38:15.6289670Z 
Admin UI E2E (1, chrome)	Run Cypress	2025-02-02T00:38:15.6736922Z 
Admin UI E2E (1, chrome)	Run Cypress	2025-02-02T00:38:15.6775686Z [90mâ”€[39m[90mâ”€[39m[90mâ”€[39m[90mâ”€[39m[90mâ”€[39m[90mâ”€[39m[90mâ”€[39m[90mâ”€[39m[90mâ”€[39m[90mâ”€[39m[90mâ”€[39m[90mâ”€[39m[90mâ”€[39m[90mâ”€[39m[90mâ”€[39m[90mâ”€[39m[90mâ”€[39m[90mâ”€[39m[90mâ”€[39m[90mâ”€[39m[90mâ”€[39m[90mâ”€[39m[90mâ”€[39m[90mâ”€[39m[90mâ”€[39m[90mâ”€[39m[90mâ”€[39m[90mâ”€[39m[90mâ”€[39m[90mâ”€[39m[90mâ”€[39m[90mâ”€[39m[90mâ”€[39m[90mâ”€[39m[90mâ”€[39m[90mâ”€[39m[90mâ”€[39m[90mâ”€[39m[90mâ”€[39m[90mâ”€[39m[90mâ”€[39m[90mâ”€[39m[90mâ”€[39m[90mâ”€[39m[90mâ”€[39m[90mâ”€[39m[90mâ”€[39m[90mâ”€[39m[90mâ”€[39m[90mâ”€[39m[90mâ”€[39m[90mâ”€[39m[90mâ”€[39m[90mâ”€[39m[90mâ”€[39m[90mâ”€[39m[90mâ”€[39m[90mâ”€[39m[90mâ”€[39m[90mâ”€[39m[90mâ”€[39m[90mâ”€[39m[90mâ”€[39m[90mâ”€[39m[90mâ”€[39m[90mâ”€[39m[90mâ”€[39m[90mâ”€[39m[90mâ”€[39m[90mâ”€[39m[90mâ”€[39m[90mâ”€[39m[90mâ”€[39m[90mâ”€[39m[90mâ”€[39m[90mâ”€[39m[90mâ”€[39m[90mâ”€[39m[90mâ”€[39m[90mâ”€[39m[90mâ”€[39m[90mâ”€[39m[90mâ”€[39m[90mâ”€[39m[90mâ”€[39m[90mâ”€[39m[90mâ”€[39m[90mâ”€[39m[90mâ”€[39m[90mâ”€[39m[90mâ”€[39m[90mâ”€[39m[90mâ”€[39m[90mâ”€[39m[90mâ”€[39m[90mâ”€[39m[90mâ”€[39m[90mâ”€[39m[90mâ”€[39m[90mâ”€[39m
Admin UI E2E (1, chrome)	Run Cypress	2025-02-02T00:38:15.6791186Z                                                                                                     
Admin UI E2E (1, chrome)	Run Cypress	2025-02-02T00:38:15.6792650Z   Running:  [90mrealm_settings_client_profiles_test.spec.ts[39m                                     [90m(4 of 5)[39m
Admin UI E2E (1, chrome)	Run Cypress	2025-02-02T00:38:19.6170069Z 
Admin UI E2E (1, chrome)	Run Cypress	2025-02-02T00:38:19.6180987Z [0m[0m
Admin UI E2E (1, chrome)	Run Cypress	2025-02-02T00:38:19.6200512Z [0m  Realm settings client profiles tab tests[0m
Admin UI E2E (1, chrome)	Run Cypress	2025-02-02T00:38:25.5977584Z   [32m  âœ“[0m[90m Go to client policies profiles tab[0m[90m (5891ms)[0m
Admin UI E2E (1, chrome)	Run Cypress	2025-02-02T00:38:28.5754767Z   [32m  âœ“[0m[90m Check new client form is displaying[0m[90m (2896ms)[0m
Admin UI E2E (1, chrome)	Run Cypress	2025-02-02T00:38:31.4274505Z   [32m  âœ“[0m[90m Complete new client form and cancel[0m[90m (2799ms)[0m
Admin UI E2E (1, chrome)	Run Cypress	2025-02-02T00:38:34.1825193Z   [32m  âœ“[0m[90m Complete new client form and submit[0m[90m (2720ms)[0m
Admin UI E2E (1, chrome)	Run Cypress	2025-02-02T00:38:36.7543030Z   [32m  âœ“[0m[90m Should perform client profile search by profile name[0m[90m (2514ms)[0m
Admin UI E2E (1, chrome)	Run Cypress	2025-02-02T00:38:39.6041014Z   [32m  âœ“[0m[90m Should search non-existent client profile[0m[90m (2789ms)[0m
Admin UI E2E (1, chrome)	Run Cypress	2025-02-02T00:38:42.7357057Z   [32m  âœ“[0m[90m Should navigate to client profile[0m[90m (3054ms)[0m
Admin UI E2E (1, chrome)	Run Cypress	2025-02-02T00:38:44.9821082Z   [32m  âœ“[0m[90m Check navigating between Form View and JSON editor[0m[90m (2204ms)[0m
Admin UI E2E (1, chrome)	Run Cypress	2025-02-02T00:38:57.3945533Z   [32m  âœ“[0m[90m Check saving changed JSON profiles[0m[90m (12349ms)[0m
Admin UI E2E (1, chrome)	Run Cypress	2025-02-02T00:39:02.0218706Z   [32m  âœ“[0m[90m Should not create duplicate client profile[0m[90m (4568ms)[0m
Admin UI E2E (1, chrome)	Run Cypress	2025-02-02T00:39:05.2708698Z   [32m  âœ“[0m[90m Should edit client profile[0m[90m (3186ms)[0m
Admin UI E2E (1, chrome)	Run Cypress	2025-02-02T00:39:07.6136963Z   [32m  âœ“[0m[90m Should check that edited client profile is now listed[0m[90m (2304ms)[0m
Admin UI E2E (1, chrome)	Run Cypress	2025-02-02T00:39:10.2337871Z   [32m  âœ“[0m[90m Should show error when client profile left blank[0m[90m (2584ms)[0m
Admin UI E2E (1, chrome)	Run Cypress	2025-02-02T00:39:12.9525585Z   [32m  âœ“[0m[90m Should revert back to the previous profile name[0m[90m (2671ms)[0m
Admin UI E2E (1, chrome)	Run Cypress	2025-02-02T00:39:15.1106124Z   [32m  âœ“[0m[90m Should not have executors configured by default[0m[90m (2112ms)[0m
Admin UI E2E (1, chrome)	Run Cypress	2025-02-02T00:39:17.8823279Z   [32m  âœ“[0m[90m Should cancel adding a new executor to a client profile[0m[90m (2722ms)[0m
Admin UI E2E (1, chrome)	Run Cypress	2025-02-02T00:39:20.9935095Z   [32m  âœ“[0m[90m Should add a new executor to a client profile[0m[90m (3051ms)[0m
Admin UI E2E (1, chrome)	Run Cypress	2025-02-02T00:39:23.2087955Z   [32m  âœ“[0m[90m Should cancel deleting executor from a client profile[0m[90m (2171ms)[0m
Admin UI E2E (1, chrome)	Run Cypress	2025-02-02T00:39:25.7726602Z   [32m  âœ“[0m[90m Should cancel editing executor[0m[90m (2547ms)[0m
Admin UI E2E (1, chrome)	Run Cypress	2025-02-02T00:39:28.4728861Z   [32m  âœ“[0m[90m Should edit executor[0m[90m (2684ms)[0m
Admin UI E2E (1, chrome)	Run Cypress	2025-02-02T00:39:30.7612349Z   [32m  âœ“[0m[90m Should delete executor from a client profile[0m[90m (2263ms)[0m
Admin UI E2E (1, chrome)	Run Cypress	2025-02-02T00:39:33.8469494Z   [32m  âœ“[0m[90m Check cancelling the client profile deletion[0m[90m (3011ms)[0m
Admin UI E2E (1, chrome)	Run Cypress	2025-02-02T00:39:37.0311273Z   [32m  âœ“[0m[90m Check deleting the client profile[0m[90m (2514ms)[0m
Admin UI E2E (1, chrome)	Run Cypress	2025-02-02T00:39:37.0316657Z 
Admin UI E2E (1, chrome)	Run Cypress	2025-02-02T00:39:37.0524123Z 
Admin UI E2E (1, chrome)	Run Cypress	2025-02-02T00:39:37.0527248Z [92m [0m[32m 23 passing[0m[90m (1m)[0m
Admin UI E2E (1, chrome)	Run Cypress	2025-02-02T00:39:37.0529297Z 
Admin UI E2E (1, chrome)	Run Cypress	2025-02-02T00:39:38.0736426Z 
Admin UI E2E (1, chrome)	Run Cypress	2025-02-02T00:39:38.0738178Z [32m  ([4m[1mResults[22m[24m)[39m
Admin UI E2E (1, chrome)	Run Cypress	2025-02-02T00:39:38.0756458Z 
Admin UI E2E (1, chrome)	Run Cypress	2025-02-02T00:39:38.0769841Z [90m  â”Œ[39m[90mâ”€[39m[90mâ”€[39m[90mâ”€[39m[90mâ”€[39m[90mâ”€[39m[90mâ”€[39m[90mâ”€[39m[90mâ”€[39m[90mâ”€[39m[90mâ”€[39m[90mâ”€[39m[90mâ”€[39m[90mâ”€[39m[90mâ”€[39m[90mâ”€[39m[90mâ”€[39m[90mâ”€[39m[90mâ”€[39m[90mâ”€[39m[90mâ”€[39m[90mâ”€[39m[90mâ”€[39m[90mâ”€[39m[90mâ”€[39m[90mâ”€[39m[90mâ”€[39m[90mâ”€[39m[90mâ”€[39m[90mâ”€[39m[90mâ”€[39m[90mâ”€[39m[90mâ”€[39m[90mâ”€[39m[90mâ”€[39m[90mâ”€[39m[90mâ”€[39m[90mâ”€[39m[90mâ”€[39m[90mâ”€[39m[90mâ”€[39m[90mâ”€[39m[90mâ”€[39m[90mâ”€[39m[90mâ”€[39m[90mâ”€[39m[90mâ”€[39m[90mâ”€[39m[90mâ”€[39m[90mâ”€[39m[90mâ”€[39m[90mâ”€[39m[90mâ”€[39m[90mâ”€[39m[90mâ”€[39m[90mâ”€[39m[90mâ”€[39m[90mâ”€[39m[90mâ”€[39m[90mâ”€[39m[90mâ”€[39m[90mâ”€[39m[90mâ”€[39m[90mâ”€[39m[90mâ”€[39m[90mâ”€[39m[90mâ”€[39m[90mâ”€[39m[90mâ”€[39m[90mâ”€[39m[90mâ”€[39m[90mâ”€[39m[90mâ”€[39m[90mâ”€[39m[90mâ”€[39m[90mâ”€[39m[90mâ”€[39m[90mâ”€[39m[90mâ”€[39m[90mâ”€[39m[90mâ”€[39m[90mâ”€[39m[90mâ”€[39m[90mâ”€[39m[90mâ”€[39m[90mâ”€[39m[90mâ”€[39m[90mâ”€[39m[90mâ”€[39m[90mâ”€[39m[90mâ”€[39m[90mâ”€[39m[90mâ”€[39m[90mâ”€[39m[90mâ”€[39m[90mâ”€[39m[90mâ”€[39m[90mâ”[39m
Admin UI E2E (1, chrome)	Run Cypress	2025-02-02T00:39:38.0772508Z [90m  â”‚[39m [90mTests:[39m        [32m23[39m                                                                               [90mâ”‚[39m
Admin UI E2E (1, chrome)	Run Cypress	2025-02-02T00:39:38.0773240Z [90m  â”‚[39m [90mPassing:[39m      [32m23[39m                                                                               [90mâ”‚[39m
Admin UI E2E (1, chrome)	Run Cypress	2025-02-02T00:39:38.0773930Z [90m  â”‚[39m [90mFailing:[39m      [32m0[39m                                                                                [90mâ”‚[39m
Admin UI E2E (1, chrome)	Run Cypress	2025-02-02T00:39:38.0774624Z [90m  â”‚[39m [90mPending:[39m      [32m0[39m                                                                                [90mâ”‚[39m
Admin UI E2E (1, chrome)	Run Cypress	2025-02-02T00:39:38.0775972Z [90m  â”‚[39m [90mSkipped:[39m      [32m0[39m                                                                                [90mâ”‚[39m
Admin UI E2E (1, chrome)	Run Cypress	2025-02-02T00:39:38.0777015Z [90m  â”‚[39m [90mScreenshots:[39m  [32m0[39m                                                                                [90mâ”‚[39m
Admin UI E2E (1, chrome)	Run Cypress	2025-02-02T00:39:38.0777718Z [90m  â”‚[39m [90mVideo:[39m        [32mfalse[39m                                                                            [90mâ”‚[39m
Admin UI E2E (1, chrome)	Run Cypress	2025-02-02T00:39:38.0778449Z [90m  â”‚[39m [90mDuration:[39m     [32m1 minute, 17 seconds[39m                                                             [90mâ”‚[39m
Admin UI E2E (1, chrome)	Run Cypress	2025-02-02T00:39:38.0779372Z [90m  â”‚[39m [90mSpec Ran:[39m     [32m[32mrealm_settings_client_profiles_test.spec.ts[32m[39m                                      [90mâ”‚[39m
Admin UI E2E (1, chrome)	Run Cypress	2025-02-02T00:39:38.0784604Z [90m  â””[39m[90mâ”€[39m[90mâ”€[39m[90mâ”€[39m[90mâ”€[39m[90mâ”€[39m[90mâ”€[39m[90mâ”€[39m[90mâ”€[39m[90mâ”€[39m[90mâ”€[39m[90mâ”€[39m[90mâ”€[39m[90mâ”€[39m[90mâ”€[39m[90mâ”€[39m[90mâ”€[39m[90mâ”€[39m[90mâ”€[39m[90mâ”€[39m[90mâ”€[39m[90mâ”€[39m[90mâ”€[39m[90mâ”€[39m[90mâ”€[39m[90mâ”€[39m[90mâ”€[39m[90mâ”€[39m[90mâ”€[39m[90mâ”€[39m[90mâ”€[39m[90mâ”€[39m[90mâ”€[39m[90mâ”€[39m[90mâ”€[39m[90mâ”€[39m[90mâ”€[39m[90mâ”€[39m[90mâ”€[39m[90mâ”€[39m[90mâ”€[39m[90mâ”€[39m[90mâ”€[39m[90mâ”€[39m[90mâ”€[39m[90mâ”€[39m[90mâ”€[39m[90mâ”€[39m[90mâ”€[39m[90mâ”€[39m[90mâ”€[39m[90mâ”€[39m[90mâ”€[39m[90mâ”€[39m[90mâ”€[39m[90mâ”€[39m[90mâ”€[39m[90mâ”€[39m[90mâ”€[39m[90mâ”€[39m[90mâ”€[39m[90mâ”€[39m[90mâ”€[39m[90mâ”€[39m[90mâ”€[39m[90mâ”€[39m[90mâ”€[39m[90mâ”€[39m[90mâ”€[39m[90mâ”€[39m[90mâ”€[39m[90mâ”€[39m[90mâ”€[39m[90mâ”€[39m[90mâ”€[39m[90mâ”€[39m[90mâ”€[39m[90mâ”€[39m[90mâ”€[39m[90mâ”€[39m[90mâ”€[39m[90mâ”€[39m[90mâ”€[39m[90mâ”€[39m[90mâ”€[39m[90mâ”€[39m[90mâ”€[39m[90mâ”€[39m[90mâ”€[39m[90mâ”€[39m[90mâ”€[39m[90mâ”€[39m[90mâ”€[39m[90mâ”€[39m[90mâ”€[39m[90mâ”€[39m[90mâ”€[39m[90mâ”˜[39m
Admin UI E2E (1, chrome)	Run Cypress	2025-02-02T00:39:38.0787439Z 
Admin UI E2E (1, chrome)	Run Cypress	2025-02-02T00:39:38.1089157Z 
Admin UI E2E (1, chrome)	Run Cypress	2025-02-02T00:39:38.1103043Z [90mâ”€[39m[90mâ”€[39m[90mâ”€[39m[90mâ”€[39m[90mâ”€[39m[90mâ”€[39m[90mâ”€[39m[90mâ”€[39m[90mâ”€[39m[90mâ”€[39m[90mâ”€[39m[90mâ”€[39m[90mâ”€[39m[90mâ”€[39m[90mâ”€[39m[90mâ”€[39m[90mâ”€[39m[90mâ”€[39m[90mâ”€[39m[90mâ”€[39m[90mâ”€[39m[90mâ”€[39m[90mâ”€[39m[90mâ”€[39m[90mâ”€[39m[90mâ”€[39m[90mâ”€[39m[90mâ”€[39m[90mâ”€[39m[90mâ”€[39m[90mâ”€[39m[90mâ”€[39m[90mâ”€[39m[90mâ”€[39m[90mâ”€[39m[90mâ”€[39m[90mâ”€[39m[90mâ”€[39m[90mâ”€[39m[90mâ”€[39m[90mâ”€[39m[90mâ”€[39m[90mâ”€[39m[90mâ”€[39m[90mâ”€[39m[90mâ”€[39m[90mâ”€[39m[90mâ”€[39m[90mâ”€[39m[90mâ”€[39m[90mâ”€[39m[90mâ”€[39m[90mâ”€[39m[90mâ”€[39m[90mâ”€[39m[90mâ”€[39m[90mâ”€[39m[90mâ”€[39m[90mâ”€[39m[90mâ”€[39m[90mâ”€[39m[90mâ”€[39m[90mâ”€[39m[90mâ”€[39m[90mâ”€[39m[90mâ”€[39m[90mâ”€[39m[90mâ”€[39m[90mâ”€[39m[90mâ”€[39m[90mâ”€[39m[90mâ”€[39m[90mâ”€[39m[90mâ”€[39m[90mâ”€[39m[90mâ”€[39m[90mâ”€[39m[90mâ”€[39m[90mâ”€[39m[90mâ”€[39m[90mâ”€[39m[90mâ”€[39m[90mâ”€[39m[90mâ”€[39m[90mâ”€[39m[90mâ”€[39m[90mâ”€[39m[90mâ”€[39m[90mâ”€[39m[90mâ”€[39m[90mâ”€[39m[90mâ”€[39m[90mâ”€[39m[90mâ”€[39m[90mâ”€[39m[90mâ”€[39m[90mâ”€[39m[90mâ”€[39m[90mâ”€[39m[90mâ”€[39m
Admin UI E2E (1, chrome)	Run Cypress	2025-02-02T00:39:38.1108045Z                                                                                                     
Admin UI E2E (1, chrome)	Run Cypress	2025-02-02T00:39:38.1109182Z   Running:  [90mclient_registration_policies.spec.ts[39m                                            [90m(5 of 5)[39m
Admin UI E2E (1, chrome)	Run Cypress	2025-02-02T00:39:40.9717340Z 
Admin UI E2E (1, chrome)	Run Cypress	2025-02-02T00:39:40.9718616Z [0m[0m
Admin UI E2E (1, chrome)	Run Cypress	2025-02-02T00:39:40.9760506Z [0m  Client registration policies tab[0m
Admin UI E2E (1, chrome)	Run Cypress	2025-02-02T00:39:40.9763298Z [0m    Anonymous client policies subtab[0m
Admin UI E2E (1, chrome)	Run Cypress	2025-02-02T00:39:44.7074683Z     [32m  âœ“[0m[90m check anonymous clients list is not empty[0m[90m (3696ms)[0m
Admin UI E2E (1, chrome)	Run Cypress	2025-02-02T00:39:47.0119088Z     [32m  âœ“[0m[90m add anonymous client registration policy[0m[90m (2265ms)[0m
Admin UI E2E (1, chrome)	Run Cypress	2025-02-02T00:39:50.0624045Z     [32m  âœ“[0m[90m edit anonymous client registration policy[0m[90m (2974ms)[0m
Admin UI E2E (1, chrome)	Run Cypress	2025-02-02T00:39:52.0490947Z     [32m  âœ“[0m[90m delete anonymous client registration policy[0m[90m (1937ms)[0m
Admin UI E2E (1, chrome)	Run Cypress	2025-02-02T00:39:52.0645058Z [0m    Authenticated client policies subtab[0m
Admin UI E2E (1, chrome)	Run Cypress	2025-02-02T00:39:53.7504931Z     [32m  âœ“[0m[90m check authenticated clients list is not empty[0m[90m (1660ms)[0m
Admin UI E2E (1, chrome)	Run Cypress	2025-02-02T00:39:56.1380250Z     [32m  âœ“[0m[90m add authenticated client registration policy[0m[90m (2353ms)[0m
Admin UI E2E (1, chrome)	Run Cypress	2025-02-02T00:39:58.3467960Z     [32m  âœ“[0m[90m edit authenticated client registration policy[0m[90m (2177ms)[0m
Admin UI E2E (1, chrome)	Run Cypress	2025-02-02T00:40:00.3342354Z     [32m  âœ“[0m[90m delete authenticated client registration policy[0m[90m (1947ms)[0m
Admin UI E2E (1, chrome)	Run Cypress	2025-02-02T00:40:00.3461676Z 
Admin UI E2E (1, chrome)	Run Cypress	2025-02-02T00:40:00.3463014Z [0m  Accessibility tests for client registration policies[0m
Admin UI E2E (1, chrome)	Run Cypress	2025-02-02T00:40:02.2379292Z   [32m  âœ“[0m[90m Check a11y violations on load/ client registration policies[0m[90m (1882ms)[0m
Admin UI E2E (1, chrome)	Run Cypress	2025-02-02T00:40:02.2380146Z 
Admin UI E2E (1, chrome)	Run Cypress	2025-02-02T00:40:02.2517510Z 
Admin UI E2E (1, chrome)	Run Cypress	2025-02-02T00:40:02.2518897Z [92m [0m[32m 9 passing[0m[90m (21s)[0m
Admin UI E2E (1, chrome)	Run Cypress	2025-02-02T00:40:02.2519740Z 
Admin UI E2E (1, chrome)	Run Cypress	2025-02-02T00:40:03.2694634Z 
Admin UI E2E (1, chrome)	Run Cypress	2025-02-02T00:40:03.2696409Z [32m  ([4m[1mResults[22m[24m)[39m
Admin UI E2E (1, chrome)	Run Cypress	2025-02-02T00:40:03.2699092Z 
Admin UI E2E (1, chrome)	Run Cypress	2025-02-02T00:40:03.2711070Z [90m  â”Œ[39m[90mâ”€[39m[90mâ”€[39m[90mâ”€[39m[90mâ”€[39m[90mâ”€[39m[90mâ”€[39m[90mâ”€[39m[90mâ”€[39m[90mâ”€[39m[90mâ”€[39m[90mâ”€[39m[90mâ”€[39m[90mâ”€[39m[90mâ”€[39m[90mâ”€[39m[90mâ”€[39m[90mâ”€[39m[90mâ”€[39m[90mâ”€[39m[90mâ”€[39m[90mâ”€[39m[90mâ”€[39m[90mâ”€[39m[90mâ”€[39m[90mâ”€[39m[90mâ”€[39m[90mâ”€[39m[90mâ”€[39m[90mâ”€[39m[90mâ”€[39m[90mâ”€[39m[90mâ”€[39m[90mâ”€[39m[90mâ”€[39m[90mâ”€[39m[90mâ”€[39m[90mâ”€[39m[90mâ”€[39m[90mâ”€[39m[90mâ”€[39m[90mâ”€[39m[90mâ”€[39m[90mâ”€[39m[90mâ”€[39m[90mâ”€[39m[90mâ”€[39m[90mâ”€[39m[90mâ”€[39m[90mâ”€[39m[90mâ”€[39m[90mâ”€[39m[90mâ”€[39m[90mâ”€[39m[90mâ”€[39m[90mâ”€[39m[90mâ”€[39m[90mâ”€[39m[90mâ”€[39m[90mâ”€[39m[90mâ”€[39m[90mâ”€[39m[90mâ”€[39m[90mâ”€[39m[90mâ”€[39m[90mâ”€[39m[90mâ”€[39m[90mâ”€[39m[90mâ”€[39m[90mâ”€[39m[90mâ”€[39m[90mâ”€[39m[90mâ”€[39m[90mâ”€[39m[90mâ”€[39m[90mâ”€[39m[90mâ”€[39m[90mâ”€[39m[90mâ”€[39m[90mâ”€[39m[90mâ”€[39m[90mâ”€[39m[90mâ”€[39m[90mâ”€[39m[90mâ”€[39m[90mâ”€[39m[90mâ”€[39m[90mâ”€[39m[90mâ”€[39m[90mâ”€[39m[90mâ”€[39m[90mâ”€[39m[90mâ”€[39m[90mâ”€[39m[90mâ”€[39m[90mâ”€[39m[90mâ”€[39m[90mâ”[39m
Admin UI E2E (1, chrome)	Run Cypress	2025-02-02T00:40:03.2715254Z [90m  â”‚[39m [90mTests:[39m        [32m9[39m                                                                                [90mâ”‚[39m
Admin UI E2E (1, chrome)	Run Cypress	2025-02-02T00:40:03.2716770Z [90m  â”‚[39m [90mPassing:[39m      [32m9[39m                                                                                [90mâ”‚[39m
Admin UI E2E (1, chrome)	Run Cypress	2025-02-02T00:40:03.2718071Z [90m  â”‚[39m [90mFailing:[39m      [32m0[39m                                                                                [90mâ”‚[39m
Admin UI E2E (1, chrome)	Run Cypress	2025-02-02T00:40:03.2719325Z [90m  â”‚[39m [90mPending:[39m      [32m0[39m                                                                                [90mâ”‚[39m
Admin UI E2E (1, chrome)	Run Cypress	2025-02-02T00:40:03.2720571Z [90m  â”‚[39m [90mSkipped:[39m      [32m0[39m                                                                                [90mâ”‚[39m
Admin UI E2E (1, chrome)	Run Cypress	2025-02-02T00:40:03.2722260Z [90m  â”‚[39m [90mScreenshots:[39m  [32m0[39m                                                                                [90mâ”‚[39m
Admin UI E2E (1, chrome)	Run Cypress	2025-02-02T00:40:03.2723506Z [90m  â”‚[39m [90mVideo:[39m        [32mfalse[39m                                                                            [90mâ”‚[39m
Admin UI E2E (1, chrome)	Run Cypress	2025-02-02T00:40:03.2724873Z [90m  â”‚[39m [90mDuration:[39m     [32m21 seconds[39m                                                                       [90mâ”‚[39m
Admin UI E2E (1, chrome)	Run Cypress	2025-02-02T00:40:03.2726786Z [90m  â”‚[39m [90mSpec Ran:[39m     [32m[32mclient_registration_policies.spec.ts[32m[39m                                             [90mâ”‚[39m
Admin UI E2E (1, chrome)	Run Cypress	2025-02-02T00:40:03.2734627Z [90m  â””[39m[90mâ”€[39m[90mâ”€[39m[90mâ”€[39m[90mâ”€[39m[90mâ”€[39m[90mâ”€[39m[90mâ”€[39m[90mâ”€[39m[90mâ”€[39m[90mâ”€[39m[90mâ”€[39m[90mâ”€[39m[90mâ”€[39m[90mâ”€[39m[90mâ”€[39m[90mâ”€[39m[90mâ”€[39m[90mâ”€[39m[90mâ”€[39m[90mâ”€[39m[90mâ”€[39m[90mâ”€[39m[90mâ”€[39m[90mâ”€[39m[90mâ”€[39m[90mâ”€[39m[90mâ”€[39m[90mâ”€[39m[90mâ”€[39m[90mâ”€[39m[90mâ”€[39m[90mâ”€[39m[90mâ”€[39m[90mâ”€[39m[90mâ”€[39m[90mâ”€[39m[90mâ”€[39m[90mâ”€[39m[90mâ”€[39m[90mâ”€[39m[90mâ”€[39m[90mâ”€[39m[90mâ”€[39m[90mâ”€[39m[90mâ”€[39m[90mâ”€[39m[90mâ”€[39m[90mâ”€[39m[90mâ”€[39m[90mâ”€[39m[90mâ”€[39m[90mâ”€[39m[90mâ”€[39m[90mâ”€[39m[90mâ”€[39m[90mâ”€[39m[90mâ”€[39m[90mâ”€[39m[90mâ”€[39m[90mâ”€[39m[90mâ”€[39m[90mâ”€[39m[90mâ”€[39m[90mâ”€[39m[90mâ”€[39m[90mâ”€[39m[90mâ”€[39m[90mâ”€[39m[90mâ”€[39m[90mâ”€[39m[90mâ”€[39m[90mâ”€[39m[90mâ”€[39m[90mâ”€[39m[90mâ”€[39m[90mâ”€[39m[90mâ”€[39m[90mâ”€[39m[90mâ”€[39m[90mâ”€[39m[90mâ”€[39m[90mâ”€[39m[90mâ”€[39m[90mâ”€[39m[90mâ”€[39m[90mâ”€[39m[90mâ”€[39m[90mâ”€[39m[90mâ”€[39m[90mâ”€[39m[90mâ”€[39m[90mâ”€[39m[90mâ”€[39m[90mâ”€[39m[90mâ”€[39m[90mâ”€[39m[90mâ”˜[39m
Admin UI E2E (1, chrome)	Run Cypress	2025-02-02T00:40:03.2738441Z 
Admin UI E2E (1, chrome)	Run Cypress	2025-02-02T00:40:03.2783039Z 
Admin UI E2E (1, chrome)	Run Cypress	2025-02-02T00:40:03.3212051Z [90m====================================================================================================[39m
Admin UI E2E (1, chrome)	Run Cypress	2025-02-02T00:40:03.3213025Z 
Admin UI E2E (1, chrome)	Run Cypress	2025-02-02T00:40:03.3213390Z [0m  ([4m[1mRun Finished[22m[24m)[0m
Admin UI E2E (1, chrome)	Run Cypress	2025-02-02T00:40:03.3229277Z 
Admin UI E2E (1, chrome)	Run Cypress	2025-02-02T00:40:03.3229361Z 
Admin UI E2E (1, chrome)	Run Cypress	2025-02-02T00:40:03.3255698Z [90m   [39m    [90mSpec[39m                                              [90mTests[39m  [90mPassing[39m  [90mFailing[39m  [90mPending[39m  [90mSkipped[39m [90m [39m
Admin UI E2E (1, chrome)	Run Cypress	2025-02-02T00:40:03.3262926Z [90m  â”Œ[39m[90mâ”€[39m[90mâ”€[39m[90mâ”€[39m[90mâ”€[39m[90mâ”€[39m[90mâ”€[39m[90mâ”€[39m[90mâ”€[39m[90mâ”€[39m[90mâ”€[39m[90mâ”€[39m[90mâ”€[39m[90mâ”€[39m[90mâ”€[39m[90mâ”€[39m[90mâ”€[39m[90mâ”€[39m[90mâ”€[39m[90mâ”€[39m[90mâ”€[39m[90mâ”€[39m[90mâ”€[39m[90mâ”€[39m[90mâ”€[39m[90mâ”€[39m[90mâ”€[39m[90mâ”€[39m[90mâ”€[39m[90mâ”€[39m[90mâ”€[39m[90mâ”€[39m[90mâ”€[39m[90mâ”€[39m[90mâ”€[39m[90mâ”€[39m[90mâ”€[39m[90mâ”€[39m[90mâ”€[39m[90mâ”€[39m[90mâ”€[39m[90mâ”€[39m[90mâ”€[39m[90mâ”€[39m[90mâ”€[39m[90mâ”€[39m[90mâ”€[39m[90mâ”€[39m[90mâ”€[39m[90mâ”€[39m[90mâ”€[39m[90mâ”€[39m[90mâ”€[39m[90mâ”€[39m[90mâ”€[39m[90mâ”€[39m[90mâ”€[39m[90mâ”€[39m[90mâ”€[39m[90mâ”€[39m[90mâ”€[39m[90mâ”€[39m[90mâ”€[39m[90mâ”€[39m[90mâ”€[39m[90mâ”€[39m[90mâ”€[39m[90mâ”€[39m[90mâ”€[39m[90mâ”€[39m[90mâ”€[39m[90mâ”€[39m[90mâ”€[39m[90mâ”€[39m[90mâ”€[39m[90mâ”€[39m[90mâ”€[39m[90mâ”€[39m[90mâ”€[39m[90mâ”€[39m[90mâ”€[39m[90mâ”€[39m[90mâ”€[39m[90mâ”€[39m[90mâ”€[39m[90mâ”€[39m[90mâ”€[39m[90mâ”€[39m[90mâ”€[39m[90mâ”€[39m[90mâ”€[39m[90mâ”€[39m[90mâ”€[39m[90mâ”€[39m[90mâ”€[39m[90mâ”€[39m[90mâ”€[39m[90mâ”[39m
Admin UI E2E (1, chrome)	Run Cypress	2025-02-02T00:40:03.3268191Z [90m  â”‚[39m [31mâœ–[39m  [0muser_fed_ldap_test.spec.ts[0m               [90m04:29[39m       [0m21[0m       [32m20[39m        [31m1[39m        [90m-[39m        [90m-[39m [90mâ”‚[39m
Admin UI E2E (1, chrome)	Run Cypress	2025-02-02T00:40:03.3275302Z [90m  â”œ[39m[90mâ”€[39m[90mâ”€[39m[90mâ”€[39m[90mâ”€[39m[90mâ”€[39m[90mâ”€[39m[90mâ”€[39m[90mâ”€[39m[90mâ”€[39m[90mâ”€[39m[90mâ”€[39m[90mâ”€[39m[90mâ”€[39m[90mâ”€[39m[90mâ”€[39m[90mâ”€[39m[90mâ”€[39m[90mâ”€[39m[90mâ”€[39m[90mâ”€[39m[90mâ”€[39m[90mâ”€[39m[90mâ”€[39m[90mâ”€[39m[90mâ”€[39m[90mâ”€[39m[90mâ”€[39m[90mâ”€[39m[90mâ”€[39m[90mâ”€[39m[90mâ”€[39m[90mâ”€[39m[90mâ”€[39m[90mâ”€[39m[90mâ”€[39m[90mâ”€[39m[90mâ”€[39m[90mâ”€[39m[90mâ”€[39m[90mâ”€[39m[90mâ”€[39m[90mâ”€[39m[90mâ”€[39m[90mâ”€[39m[90mâ”€[39m[90mâ”€[39m[90mâ”€[39m[90mâ”€[39m[90mâ”€[39m[90mâ”€[39m[90mâ”€[39m[90mâ”€[39m[90mâ”€[39m[90mâ”€[39m[90mâ”€[39m[90mâ”€[39m[90mâ”€[39m[90mâ”€[39m[90mâ”€[39m[90mâ”€[39m[90mâ”€[39m[90mâ”€[39m[90mâ”€[39m[90mâ”€[39m[90mâ”€[39m[90mâ”€[39m[90mâ”€[39m[90mâ”€[39m[90mâ”€[39m[90mâ”€[39m[90mâ”€[39m[90mâ”€[39m[90mâ”€[39m[90mâ”€[39m[90mâ”€[39m[90mâ”€[39m[90mâ”€[39m[90mâ”€[39m[90mâ”€[39m[90mâ”€[39m[90mâ”€[39m[90mâ”€[39m[90mâ”€[39m[90mâ”€[39m[90mâ”€[39m[90mâ”€[39m[90mâ”€[39m[90mâ”€[39m[90mâ”€[39m[90mâ”€[39m[90mâ”€[39m[90mâ”€[39m[90mâ”€[39m[90mâ”€[39m[90mâ”€[39m[90mâ”€[39m[90mâ”¤[39m
Admin UI E2E (1, chrome)	Run Cypress	2025-02-02T00:40:03.3285969Z [90m  â”‚[39m [32mâœ”[39m  [0musers_enable_disable.spec.ts[0m             [90m00:16[39m        [0m3[0m        [32m3[39m        [90m-[39m        [90m-[39m        [90m-[39m [90mâ”‚[39m
Admin UI E2E (1, chrome)	Run Cypress	2025-02-02T00:40:03.3292981Z [90m  â”œ[39m[90mâ”€[39m[90mâ”€[39m[90mâ”€[39m[90mâ”€[39m[90mâ”€[39m[90mâ”€[39m[90mâ”€[39m[90mâ”€[39m[90mâ”€[39m[90mâ”€[39m[90mâ”€[39m[90mâ”€[39m[90mâ”€[39m[90mâ”€[39m[90mâ”€[39m[90mâ”€[39m[90mâ”€[39m[90mâ”€[39m[90mâ”€[39m[90mâ”€[39m[90mâ”€[39m[90mâ”€[39m[90mâ”€[39m[90mâ”€[39m[90mâ”€[39m[90mâ”€[39m[90mâ”€[39m[90mâ”€[39m[90mâ”€[39m[90mâ”€[39m[90mâ”€[39m[90mâ”€[39m[90mâ”€[39m[90mâ”€[39m[90mâ”€[39m[90mâ”€[39m[90mâ”€[39m[90mâ”€[39m[90mâ”€[39m[90mâ”€[39m[90mâ”€[39m[90mâ”€[39m[90mâ”€[39m[90mâ”€[39m[90mâ”€[39m[90mâ”€[39m[90mâ”€[39m[90mâ”€[39m[90mâ”€[39m[90mâ”€[39m[90mâ”€[39m[90mâ”€[39m[90mâ”€[39m[90mâ”€[39m[90mâ”€[39m[90mâ”€[39m[90mâ”€[39m[90mâ”€[39m[90mâ”€[39m[90mâ”€[39m[90mâ”€[39m[90mâ”€[39m[90mâ”€[39m[90mâ”€[39m[90mâ”€[39m[90mâ”€[39m[90mâ”€[39m[90mâ”€[39m[90mâ”€[39m[90mâ”€[39m[90mâ”€[39m[90mâ”€[39m[90mâ”€[39m[90mâ”€[39m[90mâ”€[39m[90mâ”€[39m[90mâ”€[39m[90mâ”€[39m[90mâ”€[39m[90mâ”€[39m[90mâ”€[39m[90mâ”€[39m[90mâ”€[39m[90mâ”€[39m[90mâ”€[39m[90mâ”€[39m[90mâ”€[39m[90mâ”€[39m[90mâ”€[39m[90mâ”€[39m[90mâ”€[39m[90mâ”€[39m[90mâ”€[39m[90mâ”€[39m[90mâ”€[39m[90mâ”€[39m[90mâ”¤[39m
Admin UI E2E (1, chrome)	Run Cypress	2025-02-02T00:40:03.3298656Z [90m  â”‚[39m [32mâœ”[39m  [0mclients_saml_test.spec.ts[0m                [90m00:37[39m        [0m9[0m        [32m9[39m        [90m-[39m        [90m-[39m        [90m-[39m [90mâ”‚[39m
Admin UI E2E (1, chrome)	Run Cypress	2025-02-02T00:40:03.3309405Z [90m  â”œ[39m[90mâ”€[39m[90mâ”€[39m[90mâ”€[39m[90mâ”€[39m[90mâ”€[39m[90mâ”€[39m[90mâ”€[39m[90mâ”€[39m[90mâ”€[39m[90mâ”€[39m[90mâ”€[39m[90mâ”€[39m[90mâ”€[39m[90mâ”€[39m[90mâ”€[39m[90mâ”€[39m[90mâ”€[39m[90mâ”€[39m[90mâ”€[39m[90mâ”€[39m[90mâ”€[39m[90mâ”€[39m[90mâ”€[39m[90mâ”€[39m[90mâ”€[39m[90mâ”€[39m[90mâ”€[39m[90mâ”€[39m[90mâ”€[39m[90mâ”€[39m[90mâ”€[39m[90mâ”€[39m[90mâ”€[39m[90mâ”€[39m[90mâ”€[39m[90mâ”€[39m[90mâ”€[39m[90mâ”€[39m[90mâ”€[39m[90mâ”€[39m[90mâ”€[39m[90mâ”€[39m[90mâ”€[39m[90mâ”€[39m[90mâ”€[39m[90mâ”€[39m[90mâ”€[39m[90mâ”€[39m[90mâ”€[39m[90mâ”€[39m[90mâ”€[39m[90mâ”€[39m[90mâ”€[39m[90mâ”€[39m[90mâ”€[39m[90mâ”€[39m[90mâ”€[39m[90mâ”€[39m[90mâ”€[39m[90mâ”€[39m[90mâ”€[39m[90mâ”€[39m[90mâ”€[39m[90mâ”€[39m[90mâ”€[39m[90mâ”€[39m[90mâ”€[39m[90mâ”€[39m[90mâ”€[39m[90mâ”€[39m[90mâ”€[39m[90mâ”€[39m[90mâ”€[39m[90mâ”€[39m[90mâ”€[39m[90mâ”€[39m[90mâ”€[39m[90mâ”€[39m[90mâ”€[39m[90mâ”€[39m[90mâ”€[39m[90mâ”€[39m[90mâ”€[39m[90mâ”€[39m[90mâ”€[39m[90mâ”€[39m[90mâ”€[39m[90mâ”€[39m[90mâ”€[39m[90mâ”€[39m[90mâ”€[39m[90mâ”€[39m[90mâ”€[39m[90mâ”€[39m[90mâ”€[39m[90mâ”€[39m[90mâ”¤[39m
Admin UI E2E (1, chrome)	Run Cypress	2025-02-02T00:40:03.3316532Z [90m  â”‚[39m [32mâœ”[39m  [0mrealm_settings_client_profiles_test[0m      [90m01:17[39m       [0m23[0m       [32m23[39m        [90m-[39m        [90m-[39m        [90m-[39m [90mâ”‚[39m
Admin UI E2E (1, chrome)	Run Cypress	2025-02-02T00:40:03.3317989Z [90m  â”‚[39m    [0m.spec.ts[0m                                                                                    [90mâ”‚[39m
Admin UI E2E (1, chrome)	Run Cypress	2025-02-02T00:40:03.3328020Z [90m  â”œ[39m[90mâ”€[39m[90mâ”€[39m[90mâ”€[39m[90mâ”€[39m[90mâ”€[39m[90mâ”€[39m[90mâ”€[39m[90mâ”€[39m[90mâ”€[39m[90mâ”€[39m[90mâ”€[39m[90mâ”€[39m[90mâ”€[39m[90mâ”€[39m[90mâ”€[39m[90mâ”€[39m[90mâ”€[39m[90mâ”€[39m[90mâ”€[39m[90mâ”€[39m[90mâ”€[39m[90mâ”€[39m[90mâ”€[39m[90mâ”€[39m[90mâ”€[39m[90mâ”€[39m[90mâ”€[39m[90mâ”€[39m[90mâ”€[39m[90mâ”€[39m[90mâ”€[39m[90mâ”€[39m[90mâ”€[39m[90mâ”€[39m[90mâ”€[39m[90mâ”€[39m[90mâ”€[39m[90mâ”€[39m[90mâ”€[39m[90mâ”€[39m[90mâ”€[39m[90mâ”€[39m[90mâ”€[39m[90mâ”€[39m[90mâ”€[39m[90mâ”€[39m[90mâ”€[39m[90mâ”€[39m[90mâ”€[39m[90mâ”€[39m[90mâ”€[39m[90mâ”€[39m[90mâ”€[39m[90mâ”€[39m[90mâ”€[39m[90mâ”€[39m[90mâ”€[39m[90mâ”€[39m[90mâ”€[39m[90mâ”€[39m[90mâ”€[39m[90mâ”€[39m[90mâ”€[39m[90mâ”€[39m[90mâ”€[39m[90mâ”€[39m[90mâ”€[39m[90mâ”€[39m[90mâ”€[39m[90mâ”€[39m[90mâ”€[39m[90mâ”€[39m[90mâ”€[39m[90mâ”€[39m[90mâ”€[39m[90mâ”€[39m[90mâ”€[39m[90mâ”€[39m[90mâ”€[39m[90mâ”€[39m[90mâ”€[39m[90mâ”€[39m[90mâ”€[39m[90mâ”€[39m[90mâ”€[39m[90mâ”€[39m[90mâ”€[39m[90mâ”€[39m[90mâ”€[39m[90mâ”€[39m[90mâ”€[39m[90mâ”€[39m[90mâ”€[39m[90mâ”€[39m[90mâ”€[39m[90mâ”€[39m[90mâ”¤[39m
Admin UI E2E (1, chrome)	Run Cypress	2025-02-02T00:40:03.3332893Z [90m  â”‚[39m [32mâœ”[39m  [0mclient_registration_policies.spec.t[0m      [90m00:21[39m        [0m9[0m        [32m9[39m        [90m-[39m        [90m-[39m        [90m-[39m [90mâ”‚[39m
Admin UI E2E (1, chrome)	Run Cypress	2025-02-02T00:40:03.3334717Z [90m  â”‚[39m    [0ms[0m                                                                                           [90mâ”‚[39m
Admin UI E2E (1, chrome)	Run Cypress	2025-02-02T00:40:03.3341753Z [90m  â””[39m[90mâ”€[39m[90mâ”€[39m[90mâ”€[39m[90mâ”€[39m[90mâ”€[39m[90mâ”€[39m[90mâ”€[39m[90mâ”€[39m[90mâ”€[39m[90mâ”€[39m[90mâ”€[39m[90mâ”€[39m[90mâ”€[39m[90mâ”€[39m[90mâ”€[39m[90mâ”€[39m[90mâ”€[39m[90mâ”€[39m[90mâ”€[39m[90mâ”€[39m[90mâ”€[39m[90mâ”€[39m[90mâ”€[39m[90mâ”€[39m[90mâ”€[39m[90mâ”€[39m[90mâ”€[39m[90mâ”€[39m[90mâ”€[39m[90mâ”€[39m[90mâ”€[39m[90mâ”€[39m[90mâ”€[39m[90mâ”€[39m[90mâ”€[39m[90mâ”€[39m[90mâ”€[39m[90mâ”€[39m[90mâ”€[39m[90mâ”€[39m[90mâ”€[39m[90mâ”€[39m[90mâ”€[39m[90mâ”€[39m[90mâ”€[39m[90mâ”€[39m[90mâ”€[39m[90mâ”€[39m[90mâ”€[39m[90mâ”€[39m[90mâ”€[39m[90mâ”€[39m[90mâ”€[39m[90mâ”€[39m[90mâ”€[39m[90mâ”€[39m[90mâ”€[39m[90mâ”€[39m[90mâ”€[39m[90mâ”€[39m[90mâ”€[39m[90mâ”€[39m[90mâ”€[39m[90mâ”€[39m[90mâ”€[39m[90mâ”€[39m[90mâ”€[39m[90mâ”€[39m[90mâ”€[39m[90mâ”€[39m[90mâ”€[39m[90mâ”€[39m[90mâ”€[39m[90mâ”€[39m[90mâ”€[39m[90mâ”€[39m[90mâ”€[39m[90mâ”€[39m[90mâ”€[39m[90mâ”€[39m[90mâ”€[39m[90mâ”€[39m[90mâ”€[39m[90mâ”€[39m[90mâ”€[39m[90mâ”€[39m[90mâ”€[39m[90mâ”€[39m[90mâ”€[39m[90mâ”€[39m[90mâ”€[39m[90mâ”€[39m[90mâ”€[39m[90mâ”€[39m[90mâ”€[39m[90mâ”€[39m[90mâ”˜[39m
Admin UI E2E (1, chrome)	Run Cypress	2025-02-02T00:40:03.3347863Z [90m   [39m [31mâœ–[39m  [31m1 of 5 failed (20%)[39m                      [90m07:02[39m       [0m65[0m       [32m64[39m        [31m1[39m        [90m-[39m        [90m-[39m [90m [39m
Admin UI E2E (1, chrome)	Run Cypress	2025-02-02T00:40:03.3348547Z 
Admin UI E2E (1, chrome)	Run Cypress	2025-02-02T00:40:03.4425718Z ##[error]Cypress tests: 1 failed
Admin UI E2E (4, firefox)	Run Cypress	2025-02-02T00:34:36.6458705Z ##[group]Run cypress-io/github-action@v6
Admin UI E2E (4, firefox)	Run Cypress	2025-02-02T00:34:36.6459184Z with:
Admin UI E2E (4, firefox)	Run Cypress	2025-02-02T00:34:36.6459464Z   install: false
Admin UI E2E (4, firefox)	Run Cypress	2025-02-02T00:34:36.6459766Z   browser: firefox
Admin UI E2E (4, firefox)	Run Cypress	2025-02-02T00:34:36.6460128Z   wait-on: http://localhost:8080
Admin UI E2E (4, firefox)	Run Cypress	2025-02-02T00:34:36.6460557Z   working-directory: js/apps/admin-ui
Admin UI E2E (4, firefox)	Run Cypress	2025-02-02T00:34:36.6461193Z   record: false
Admin UI E2E (4, firefox)	Run Cypress	2025-02-02T00:34:36.6461515Z   publish-summary: true
Admin UI E2E (4, firefox)	Run Cypress	2025-02-02T00:34:36.6461863Z   component: false
Admin UI E2E (4, firefox)	Run Cypress	2025-02-02T00:34:36.6462158Z env:
Admin UI E2E (4, firefox)	Run Cypress	2025-02-02T00:34:36.6462658Z   MAVEN_ARGS: -B -nsu -Daether.connector.http.connectionMaxTtl=25
Admin UI E2E (4, firefox)	Run Cypress	2025-02-02T00:34:36.6463249Z   RETRY_COUNT: 3
Admin UI E2E (4, firefox)	Run Cypress	2025-02-02T00:34:36.6463561Z   WORKSPACE: keycloak-admin-ui
Admin UI E2E (4, firefox)	Run Cypress	2025-02-02T00:34:36.6464112Z   JAVA_HOME: /opt/hostedtoolcache/Java_Temurin-Hotspot_jdk/21.0.6-7/x64
Admin UI E2E (4, firefox)	Run Cypress	2025-02-02T00:34:36.6464879Z   JAVA_HOME_21_X64: /opt/hostedtoolcache/Java_Temurin-Hotspot_jdk/21.0.6-7/x64
Admin UI E2E (4, firefox)	Run Cypress	2025-02-02T00:34:36.6465458Z   SPLIT: 10
Admin UI E2E (4, firefox)	Run Cypress	2025-02-02T00:34:36.6465730Z   SPLIT_INDEX: 7
Admin UI E2E (4, firefox)	Run Cypress	2025-02-02T00:34:36.6466028Z   SPLIT_RANDOM_SEED: 60
Admin UI E2E (4, firefox)	Run Cypress	2025-02-02T00:34:36.6466387Z ##[endgroup]
Admin UI E2E (4, firefox)	Run Cypress	2025-02-02T00:34:36.9094340Z Skipping install because install parameter is false
Admin UI E2E (4, firefox)	Run Cypress	2025-02-02T00:34:36.9111636Z waiting on "http://localhost:8080" with timeout of 60 seconds
Admin UI E2E (4, firefox)	Run Cypress	2025-02-02T00:34:58.9985150Z It looks like this is your first time using Cypress: 14.0.1
Admin UI E2E (4, firefox)	Run Cypress	2025-02-02T00:34:58.9985599Z 
Admin UI E2E (4, firefox)	Run Cypress	2025-02-02T00:34:59.0008041Z [STARTED] Task without title.
Admin UI E2E (4, firefox)	Run Cypress	2025-02-02T00:35:04.8354271Z [SUCCESS] Task without title.
Admin UI E2E (4, firefox)	Run Cypress	2025-02-02T00:35:04.8357432Z 
Admin UI E2E (4, firefox)	Run Cypress	2025-02-02T00:35:04.8357759Z Opening Cypress...
Admin UI E2E (4, firefox)	Run Cypress	2025-02-02T00:35:05.3508909Z MESA: error: ZINK: vkCreateInstance failed (VK_ERROR_INCOMPATIBLE_DRIVER)
Admin UI E2E (4, firefox)	Run Cypress	2025-02-02T00:35:05.4057727Z 
Admin UI E2E (4, firefox)	Run Cypress	2025-02-02T00:35:05.4059555Z DevTools listening on ws://127.0.0.1:33573/devtools/browser/24a3b80f-7a19-4171-8794-86cf19ee2a33
Admin UI E2E (4, firefox)	Run Cypress	2025-02-02T00:35:06.0144758Z (node:2761) ExperimentalWarning: `--experimental-loader` may be removed in the future; instead use `register()`:
Admin UI E2E (4, firefox)	Run Cypress	2025-02-02T00:35:06.0147402Z --import 'data:text/javascript,import { register } from "node:module"; import { pathToFileURL } from "node:url"; register("file%3A///home/runner/.cache/Cypress/14.0.1/Cypress/resources/app/node_modules/ts-node/esm/transpile-only.mjs", pathToFileURL("./"));'
Admin UI E2E (4, firefox)	Run Cypress	2025-02-02T00:35:06.0149396Z (Use `node --trace-warnings ...` to show where the warning was created)
Admin UI E2E (4, firefox)	Run Cypress	2025-02-02T00:35:13.2796946Z cypress-split: there are 41 found specs
Admin UI E2E (4, firefox)	Run Cypress	2025-02-02T00:35:13.2797620Z the first 5 specs
Admin UI E2E (4, firefox)	Run Cypress	2025-02-02T00:35:13.2798800Z - 1: /home/runner/work/keycloak/keycloak/js/apps/admin-ui/cypress/e2e/user_fed_ldap_test.spec.ts
Admin UI E2E (4, firefox)	Run Cypress	2025-02-02T00:35:13.2800480Z - 2: /home/runner/work/keycloak/keycloak/js/apps/admin-ui/cypress/e2e/users_enable_disable.spec.ts
Admin UI E2E (4, firefox)	Run Cypress	2025-02-02T00:35:13.2802406Z - 3: /home/runner/work/keycloak/keycloak/js/apps/admin-ui/cypress/e2e/clients_saml_test.spec.ts
Admin UI E2E (4, firefox)	Run Cypress	2025-02-02T00:35:13.2804263Z - 4: /home/runner/work/keycloak/keycloak/js/apps/admin-ui/cypress/e2e/realm_settings_client_profiles_test.spec.ts
Admin UI E2E (4, firefox)	Run Cypress	2025-02-02T00:35:13.2805898Z - 5: /home/runner/work/keycloak/keycloak/js/apps/admin-ui/cypress/e2e/client_registration_policies.spec.ts
Admin UI E2E (4, firefox)	Run Cypress	2025-02-02T00:35:13.2806833Z cypress-split: chunk 8 of 10
Admin UI E2E (4, firefox)	Run Cypress	2025-02-02T00:35:13.2815862Z k  spec                                                   
Admin UI E2E (4, firefox)	Run Cypress	2025-02-02T00:35:13.2816542Z -  -------------------------------------------------------
Admin UI E2E (4, firefox)	Run Cypress	2025-02-02T00:35:13.2817207Z 1  cypress/e2e/masthead_test.spec.ts                      
Admin UI E2E (4, firefox)	Run Cypress	2025-02-02T00:35:13.2817913Z 2  cypress/e2e/realm_settings_client_policies_test.spec.ts
Admin UI E2E (4, firefox)	Run Cypress	2025-02-02T00:35:13.2818619Z 3  cypress/e2e/realm_roles_test.spec.ts                   
Admin UI E2E (4, firefox)	Run Cypress	2025-02-02T00:35:13.2819257Z 4  cypress/e2e/client_authorization_test.spec.ts          
Admin UI E2E (4, firefox)	Run Cypress	2025-02-02T00:35:13.2819480Z 
Admin UI E2E (4, firefox)	Run Cypress	2025-02-02T00:35:13.8374113Z 
Admin UI E2E (4, firefox)	Run Cypress	2025-02-02T00:35:13.9149119Z [90m====================================================================================================[39m
Admin UI E2E (4, firefox)	Run Cypress	2025-02-02T00:35:13.9149461Z 
Admin UI E2E (4, firefox)	Run Cypress	2025-02-02T00:35:13.9151171Z [0m  ([4m[1mRun Starting[22m[24m)[0m
Admin UI E2E (4, firefox)	Run Cypress	2025-02-02T00:35:13.9151614Z 
Admin UI E2E (4, firefox)	Run Cypress	2025-02-02T00:35:13.9228170Z [90m  â”Œ[39m[90mâ”€[39m[90mâ”€[39m[90mâ”€[39m[90mâ”€[39m[90mâ”€[39m[90mâ”€[39m[90mâ”€[39m[90mâ”€[39m[90mâ”€[39m[90mâ”€[39m[90mâ”€[39m[90mâ”€[39m[90mâ”€[39m[90mâ”€[39m[90mâ”€[39m[90mâ”€[39m[90mâ”€[39m[90mâ”€[39m[90mâ”€[39m[90mâ”€[39m[90mâ”€[39m[90mâ”€[39m[90mâ”€[39m[90mâ”€[39m[90mâ”€[39m[90mâ”€[39m[90mâ”€[39m[90mâ”€[39m[90mâ”€[39m[90mâ”€[39m[90mâ”€[39m[90mâ”€[39m[90mâ”€[39m[90mâ”€[39m[90mâ”€[39m[90mâ”€[39m[90mâ”€[39m[90mâ”€[39m[90mâ”€[39m[90mâ”€[39m[90mâ”€[39m[90mâ”€[39m[90mâ”€[39m[90mâ”€[39m[90mâ”€[39m[90mâ”€[39m[90mâ”€[39m[90mâ”€[39m[90mâ”€[39m[90mâ”€[39m[90mâ”€[39m[90mâ”€[39m[90mâ”€[39m[90mâ”€[39m[90mâ”€[39m[90mâ”€[39m[90mâ”€[39m[90mâ”€[39m[90mâ”€[39m[90mâ”€[39m[90mâ”€[39m[90mâ”€[39m[90mâ”€[39m[90mâ”€[39m[90mâ”€[39m[90mâ”€[39m[90mâ”€[39m[90mâ”€[39m[90mâ”€[39m[90mâ”€[39m[90mâ”€[39m[90mâ”€[39m[90mâ”€[39m[90mâ”€[39m[90mâ”€[39m[90mâ”€[39m[90mâ”€[39m[90mâ”€[39m[90mâ”€[39m[90mâ”€[39m[90mâ”€[39m[90mâ”€[39m[90mâ”€[39m[90mâ”€[39m[90mâ”€[39m[90mâ”€[39m[90mâ”€[39m[90mâ”€[39m[90mâ”€[39m[90mâ”€[39m[90mâ”€[39m[90mâ”€[39m[90mâ”€[39m[90mâ”€[39m[90mâ”€[39m[90mâ”€[39m[90mâ”[39m
Admin UI E2E (4, firefox)	Run Cypress	2025-02-02T00:35:13.9233867Z [90m  â”‚[39m [90mCypress:[39m        14.0.1                                                                         [90mâ”‚[39m
Admin UI E2E (4, firefox)	Run Cypress	2025-02-02T00:35:13.9235362Z [90m  â”‚[39m [90mBrowser:[39m        Firefox 134 [90m(headless)[39m                                                         [90mâ”‚[39m
Admin UI E2E (4, firefox)	Run Cypress	2025-02-02T00:35:13.9237130Z [90m  â”‚[39m [90mNode Version:[39m   [0mv20.18.0 [90m(/home/runner/runners/2.321.0/externals/node20/bin/node)[39m[0m              [90mâ”‚[39m
Admin UI E2E (4, firefox)	Run Cypress	2025-02-02T00:35:13.9239012Z [90m  â”‚[39m [90mSpecs:[39m          [0m4 found (masthead_test.spec.ts, realm_settings_client_policies_test.spec.ts, r[0m [90mâ”‚[39m
Admin UI E2E (4, firefox)	Run Cypress	2025-02-02T00:35:13.9240860Z [90m  â”‚[39m                 [0mealm_roles_test.spec.ts, client_authorization_test.spec.ts)[0m                    [90mâ”‚[39m
Admin UI E2E (4, firefox)	Run Cypress	2025-02-02T00:35:13.9243092Z [90m  â”‚[39m [90mSearched:[39m       [0mcypress/e2e/masthead_test.spec.ts, cypress/e2e/realm_settings_client_policies_[0m [90mâ”‚[39m
Admin UI E2E (4, firefox)	Run Cypress	2025-02-02T00:35:13.9244876Z [90m  â”‚[39m                 [0mtest.spec.ts, cypress/e2e/realm_roles_test.spec.ts, cypress/e2e/client_authori[0m [90mâ”‚[39m
Admin UI E2E (4, firefox)	Run Cypress	2025-02-02T00:35:13.9246312Z [90m  â”‚[39m                 [0mzation_test.spec.ts[0m                                                            [90mâ”‚[39m
Admin UI E2E (4, firefox)	Run Cypress	2025-02-02T00:35:13.9247855Z [90m  â”‚[39m [90mExperiments:[39m    experimentalMemoryManagement=true                                              [90mâ”‚[39m
Admin UI E2E (4, firefox)	Run Cypress	2025-02-02T00:35:13.9255504Z [90m  â””[39m[90mâ”€[39m[90mâ”€[39m[90mâ”€[39m[90mâ”€[39m[90mâ”€[39m[90mâ”€[39m[90mâ”€[39m[90mâ”€[39m[90mâ”€[39m[90mâ”€[39m[90mâ”€[39m[90mâ”€[39m[90mâ”€[39m[90mâ”€[39m[90mâ”€[39m[90mâ”€[39m[90mâ”€[39m[90mâ”€[39m[90mâ”€[39m[90mâ”€[39m[90mâ”€[39m[90mâ”€[39m[90mâ”€[39m[90mâ”€[39m[90mâ”€[39m[90mâ”€[39m[90mâ”€[39m[90mâ”€[39m[90mâ”€[39m[90mâ”€[39m[90mâ”€[39m[90mâ”€[39m[90mâ”€[39m[90mâ”€[39m[90mâ”€[39m[90mâ”€[39m[90mâ”€[39m[90mâ”€[39m[90mâ”€[39m[90mâ”€[39m[90mâ”€[39m[90mâ”€[39m[90mâ”€[39m[90mâ”€[39m[90mâ”€[39m[90mâ”€[39m[90mâ”€[39m[90mâ”€[39m[90mâ”€[39m[90mâ”€[39m[90mâ”€[39m[90mâ”€[39m[90mâ”€[39m[90mâ”€[39m[90mâ”€[39m[90mâ”€[39m[90mâ”€[39m[90mâ”€[39m[90mâ”€[39m[90mâ”€[39m[90mâ”€[39m[90mâ”€[39m[90mâ”€[39m[90mâ”€[39m[90mâ”€[39m[90mâ”€[39m[90mâ”€[39m[90mâ”€[39m[90mâ”€[39m[90mâ”€[39m[90mâ”€[39m[90mâ”€[39m[90mâ”€[39m[90mâ”€[39m[90mâ”€[39m[90mâ”€[39m[90mâ”€[39m[90mâ”€[39m[90mâ”€[39m[90mâ”€[39m[90mâ”€[39m[90mâ”€[39m[90mâ”€[39m[90mâ”€[39m[90mâ”€[39m[90mâ”€[39m[90mâ”€[39m[90mâ”€[39m[90mâ”€[39m[90mâ”€[39m[90mâ”€[39m[90mâ”€[39m[90mâ”€[39m[90mâ”€[39m[90mâ”€[39m[90mâ”€[39m[90mâ”˜[39m
Admin UI E2E (4, firefox)	Run Cypress	2025-02-02T00:35:13.9259389Z 
Admin UI E2E (4, firefox)	Run Cypress	2025-02-02T00:35:13.9259410Z 
Admin UI E2E (4, firefox)	Run Cypress	2025-02-02T00:35:13.9266670Z [90mâ”€[39m[90mâ”€[39m[90mâ”€[39m[90mâ”€[39m[90mâ”€[39m[90mâ”€[39m[90mâ”€[39m[90mâ”€[39m[90mâ”€[39m[90mâ”€[39m[90mâ”€[39m[90mâ”€[39m[90mâ”€[39m[90mâ”€[39m[90mâ”€[39m[90mâ”€[39m[90mâ”€[39m[90mâ”€[39m[90mâ”€[39m[90mâ”€[39m[90mâ”€[39m[90mâ”€[39m[90mâ”€[39m[90mâ”€[39m[90mâ”€[39m[90mâ”€[39m[90mâ”€[39m[90mâ”€[39m[90mâ”€[39m[90mâ”€[39m[90mâ”€[39m[90mâ”€[39m[90mâ”€[39m[90mâ”€[39m[90mâ”€[39m[90mâ”€[39m[90mâ”€[39m[90mâ”€[39m[90mâ”€[39m[90mâ”€[39m[90mâ”€[39m[90mâ”€[39m[90mâ”€[39m[90mâ”€[39m[90mâ”€[39m[90mâ”€[39m[90mâ”€[39m[90mâ”€[39m[90mâ”€[39m[90mâ”€[39m[90mâ”€[39m[90mâ”€[39m[90mâ”€[39m[90mâ”€[39m[90mâ”€[39m[90mâ”€[39m[90mâ”€[39m[90mâ”€[39m[90mâ”€[39m[90mâ”€[39m[90mâ”€[39m[90mâ”€[39m[90mâ”€[39m[90mâ”€[39m[90mâ”€[39m[90mâ”€[39m[90mâ”€[39m[90mâ”€[39m[90mâ”€[39m[90mâ”€[39m[90mâ”€[39m[90mâ”€[39m[90mâ”€[39m[90mâ”€[39m[90mâ”€[39m[90mâ”€[39m[90mâ”€[39m[90mâ”€[39m[90mâ”€[39m[90mâ”€[39m[90mâ”€[39m[90mâ”€[39m[90mâ”€[39m[90mâ”€[39m[90mâ”€[39m[90mâ”€[39m[90mâ”€[39m[90mâ”€[39m[90mâ”€[39m[90mâ”€[39m[90mâ”€[39m[90mâ”€[39m[90mâ”€[39m[90mâ”€[39m[90mâ”€[39m[90mâ”€[39m[90mâ”€[39m[90mâ”€[39m[90mâ”€[39m[90mâ”€[39m
Admin UI E2E (4, firefox)	Run Cypress	2025-02-02T00:35:13.9271461Z                                                                                                     
Admin UI E2E (4, firefox)	Run Cypress	2025-02-02T00:35:13.9272592Z   Running:  [90mmasthead_test.spec.ts[39m                                                           [90m(1 of 4)[39m
Admin UI E2E (4, firefox)	Run Cypress	2025-02-02T00:35:13.9273190Z 
Admin UI E2E (4, firefox)	Run Cypress	2025-02-02T00:35:13.9273972Z [35mYour project has set the configuration option: `chromeWebSecurity` to `false`.[39m
Admin UI E2E (4, firefox)	Run Cypress	2025-02-02T00:35:13.9274753Z [35m[39m
Admin UI E2E (4, firefox)	Run Cypress	2025-02-02T00:35:13.9275999Z [35mThis option will not have an effect in Firefox. Tests that rely on web security being disabled will not run as expected.[39m
Admin UI E2E (4, firefox)	Run Cypress	2025-02-02T00:35:22.4889902Z 
Admin UI E2E (4, firefox)	Run Cypress	2025-02-02T00:35:22.4936887Z [0m[0m
Admin UI E2E (4, firefox)	Run Cypress	2025-02-02T00:35:22.5039565Z [0m  Masthead tests[0m
Admin UI E2E (4, firefox)	Run Cypress	2025-02-02T00:35:22.5041164Z [0m    Desktop view[0m
Admin UI E2E (4, firefox)	Run Cypress	2025-02-02T00:35:29.8183942Z     [32m  âœ“[0m[90m Go to account console and back to admin console[0m[90m (7320ms)[0m
Admin UI E2E (4, firefox)	Run Cypress	2025-02-02T00:35:31.9956297Z     [32m  âœ“[0m[90m Sign out reachs to log in screen[0m[90m (2112ms)[0m
Admin UI E2E (4, firefox)	Run Cypress	2025-02-02T00:35:35.6443185Z     [32m  âœ“[0m[90m Go to realm info[0m[90m (3605ms)[0m
Admin UI E2E (4, firefox)	Run Cypress	2025-02-02T00:35:37.1529080Z     [32m  âœ“[0m[90m Should go to documentation page[0m[90m (1474ms)[0m
Admin UI E2E (4, firefox)	Run Cypress	2025-02-02T00:35:39.0533057Z     [32m  âœ“[0m[90m Enable/disable help mode in desktop mode[0m[90m (1857ms)[0m
Admin UI E2E (4, firefox)	Run Cypress	2025-02-02T00:35:39.0802012Z [0m    Login works for unprivileged users[0m
Admin UI E2E (4, firefox)	Run Cypress	2025-02-02T00:35:45.6263260Z     [32m  âœ“[0m[90m Login without privileges to see admin console[0m[90m (5680ms)[0m
Admin UI E2E (4, firefox)	Run Cypress	2025-02-02T00:35:45.6602737Z [0m    Mobile view[0m
Admin UI E2E (4, firefox)	Run Cypress	2025-02-02T00:35:49.0134730Z     [32m  âœ“[0m[90m Mobile menu is shown when in mobile view[0m[90m (3342ms)[0m
Admin UI E2E (4, firefox)	Run Cypress	2025-02-02T00:35:50.8289916Z     [32m  âœ“[0m[90m Enable/disable help mode in mobile view[0m[90m (1773ms)[0m
Admin UI E2E (4, firefox)	Run Cypress	2025-02-02T00:35:50.8413274Z [0m    Accessibility tests for masthead[0m
Admin UI E2E (4, firefox)	Run Cypress	2025-02-02T00:35:54.1693560Z     [32m  âœ“[0m[90m Check a11y violations on load/ masthead[0m[90m (3293ms)[0m
Admin UI E2E (4, firefox)	Run Cypress	2025-02-02T00:35:54.1727499Z 
Admin UI E2E (4, firefox)	Run Cypress	2025-02-02T00:35:54.1926005Z 
Admin UI E2E (4, firefox)	Run Cypress	2025-02-02T00:35:54.1928052Z [92m [0m[32m 9 passing[0m[90m (32s)[0m
Admin UI E2E (4, firefox)	Run Cypress	2025-02-02T00:35:54.1928383Z 
Admin UI E2E (4, firefox)	Run Cypress	2025-02-02T00:35:58.1992193Z [35mWarning: We failed capturing this video.[39m
Admin UI E2E (4, firefox)	Run Cypress	2025-02-02T00:35:58.1992625Z [35m[39m
Admin UI E2E (4, firefox)	Run Cypress	2025-02-02T00:35:58.1993038Z [35mThis error will not affect or change the exit code.[39m
Admin UI E2E (4, firefox)	Run Cypress	2025-02-02T00:35:58.1993431Z [35m[39m
Admin UI E2E (4, firefox)	Run Cypress	2025-02-02T00:35:58.1993847Z [35mError: Insufficient frames captured to create video.[39m
Admin UI E2E (4, firefox)	Run Cypress	2025-02-02T00:35:58.1994516Z [35m    at ChildProcess.<anonymous> (<embedded>:804:16306)[39m
Admin UI E2E (4, firefox)	Run Cypress	2025-02-02T00:35:58.1995186Z [35m    at ChildProcess.emit (node:events:518:28)[39m
Admin UI E2E (4, firefox)	Run Cypress	2025-02-02T00:35:58.1995805Z [35m    at ChildProcess._handle.onexit (node:internal/child_process:293:12)[39m
Admin UI E2E (4, firefox)	Run Cypress	2025-02-02T00:35:58.2022139Z 
Admin UI E2E (4, firefox)	Run Cypress	2025-02-02T00:35:58.2022779Z [32m  ([4m[1mResults[22m[24m)[39m
Admin UI E2E (4, firefox)	Run Cypress	2025-02-02T00:35:58.2041046Z 
Admin UI E2E (4, firefox)	Run Cypress	2025-02-02T00:35:58.2056772Z [90m  â”Œ[39m[90mâ”€[39m[90mâ”€[39m[90mâ”€[39m[90mâ”€[39m[90mâ”€[39m[90mâ”€[39m[90mâ”€[39m[90mâ”€[39m[90mâ”€[39m[90mâ”€[39m[90mâ”€[39m[90mâ”€[39m[90mâ”€[39m[90mâ”€[39m[90mâ”€[39m[90mâ”€[39m[90mâ”€[39m[90mâ”€[39m[90mâ”€[39m[90mâ”€[39m[90mâ”€[39m[90mâ”€[39m[90mâ”€[39m[90mâ”€[39m[90mâ”€[39m[90mâ”€[39m[90mâ”€[39m[90mâ”€[39m[90mâ”€[39m[90mâ”€[39m[90mâ”€[39m[90mâ”€[39m[90mâ”€[39m[90mâ”€[39m[90mâ”€[39m[90mâ”€[39m[90mâ”€[39m[90mâ”€[39m[90mâ”€[39m[90mâ”€[39m[90mâ”€[39m[90mâ”€[39m[90mâ”€[39m[90mâ”€[39m[90mâ”€[39m[90mâ”€[39m[90mâ”€[39m[90mâ”€[39m[90mâ”€[39m[90mâ”€[39m[90mâ”€[39m[90mâ”€[39m[90mâ”€[39m[90mâ”€[39m[90mâ”€[39m[90mâ”€[39m[90mâ”€[39m[90mâ”€[39m[90mâ”€[39m[90mâ”€[39m[90mâ”€[39m[90mâ”€[39m[90mâ”€[39m[90mâ”€[39m[90mâ”€[39m[90mâ”€[39m[90mâ”€[39m[90mâ”€[39m[90mâ”€[39m[90mâ”€[39m[90mâ”€[39m[90mâ”€[39m[90mâ”€[39m[90mâ”€[39m[90mâ”€[39m[90mâ”€[39m[90mâ”€[39m[90mâ”€[39m[90mâ”€[39m[90mâ”€[39m[90mâ”€[39m[90mâ”€[39m[90mâ”€[39m[90mâ”€[39m[90mâ”€[39m[90mâ”€[39m[90mâ”€[39m[90mâ”€[39m[90mâ”€[39m[90mâ”€[39m[90mâ”€[39m[90mâ”€[39m[90mâ”€[39m[90mâ”€[39m[90mâ”€[39m[90mâ”€[39m[90mâ”[39m
Admin UI E2E (4, firefox)	Run Cypress	2025-02-02T00:35:58.2060924Z [90m  â”‚[39m [90mTests:[39m        [32m9[39m                                                                                [90mâ”‚[39m
Admin UI E2E (4, firefox)	Run Cypress	2025-02-02T00:35:58.2062255Z [90m  â”‚[39m [90mPassing:[39m      [32m9[39m                                                                                [90mâ”‚[39m
Admin UI E2E (4, firefox)	Run Cypress	2025-02-02T00:35:58.2063534Z [90m  â”‚[39m [90mFailing:[39m      [32m0[39m                                                                                [90mâ”‚[39m
Admin UI E2E (4, firefox)	Run Cypress	2025-02-02T00:35:58.2064782Z [90m  â”‚[39m [90mPending:[39m      [32m0[39m                                                                                [90mâ”‚[39m
Admin UI E2E (4, firefox)	Run Cypress	2025-02-02T00:35:58.2066016Z [90m  â”‚[39m [90mSkipped:[39m      [32m0[39m                                                                                [90mâ”‚[39m
Admin UI E2E (4, firefox)	Run Cypress	2025-02-02T00:35:58.2067280Z [90m  â”‚[39m [90mScreenshots:[39m  [32m0[39m                                                                                [90mâ”‚[39m
Admin UI E2E (4, firefox)	Run Cypress	2025-02-02T00:35:58.2068564Z [90m  â”‚[39m [90mVideo:[39m        [32mfalse[39m                                                                            [90mâ”‚[39m
Admin UI E2E (4, firefox)	Run Cypress	2025-02-02T00:35:58.2070040Z [90m  â”‚[39m [90mDuration:[39m     [32m31 seconds[39m                                                                       [90mâ”‚[39m
Admin UI E2E (4, firefox)	Run Cypress	2025-02-02T00:35:58.2071527Z [90m  â”‚[39m [90mSpec Ran:[39m     [32m[32mmasthead_test.spec.ts[32m[39m                                                            [90mâ”‚[39m
Admin UI E2E (4, firefox)	Run Cypress	2025-02-02T00:35:58.2075848Z [90m  â””[39m[90mâ”€[39m[90mâ”€[39m[90mâ”€[39m[90mâ”€[39m[90mâ”€[39m[90mâ”€[39m[90mâ”€[39m[90mâ”€[39m[90mâ”€[39m[90mâ”€[39m[90mâ”€[39m[90mâ”€[39m[90mâ”€[39m[90mâ”€[39m[90mâ”€[39m[90mâ”€[39m[90mâ”€[39m[90mâ”€[39m[90mâ”€[39m[90mâ”€[39m[90mâ”€[39m[90mâ”€[39m[90mâ”€[39m[90mâ”€[39m[90mâ”€[39m[90mâ”€[39m[90mâ”€[39m[90mâ”€[39m[90mâ”€[39m[90mâ”€[39m[90mâ”€[39m[90mâ”€[39m[90mâ”€[39m[90mâ”€[39m[90mâ”€[39m[90mâ”€[39m[90mâ”€[39m[90mâ”€[39m[90mâ”€[39m[90mâ”€[39m[90mâ”€[39m[90mâ”€[39m[90mâ”€[39m[90mâ”€[39m[90mâ”€[39m[90mâ”€[39m[90mâ”€[39m[90mâ”€[39m[90mâ”€[39m[90mâ”€[39m[90mâ”€[39m[90mâ”€[39m[90mâ”€[39m[90mâ”€[39m[90mâ”€[39m[90mâ”€[39m[90mâ”€[39m[90mâ”€[39m[90mâ”€[39m[90mâ”€[39m[90mâ”€[39m[90mâ”€[39m[90mâ”€[39m[90mâ”€[39m[90mâ”€[39m[90mâ”€[39m[90mâ”€[39m[90mâ”€[39m[90mâ”€[39m[90mâ”€[39m[90mâ”€[39m[90mâ”€[39m[90mâ”€[39m[90mâ”€[39m[90mâ”€[39m[90mâ”€[39m[90mâ”€[39m[90mâ”€[39m[90mâ”€[39m[90mâ”€[39m[90mâ”€[39m[90mâ”€[39m[90mâ”€[39m[90mâ”€[39m[90mâ”€[39m[90mâ”€[39m[90mâ”€[39m[90mâ”€[39m[90mâ”€[39m[90mâ”€[39m[90mâ”€[39m[90mâ”€[39m[90mâ”€[39m[90mâ”€[39m[90mâ”€[39m[90mâ”€[39m[90mâ”˜[39m
Admin UI E2E (4, firefox)	Run Cypress	2025-02-02T00:35:58.2078125Z 
Admin UI E2E (4, firefox)	Run Cypress	2025-02-02T00:35:58.2599356Z 
Admin UI E2E (4, firefox)	Run Cypress	2025-02-02T00:35:58.2610247Z [90mâ”€[39m[90mâ”€[39m[90mâ”€[39m[90mâ”€[39m[90mâ”€[39m[90mâ”€[39m[90mâ”€[39m[90mâ”€[39m[90mâ”€[39m[90mâ”€[39m[90mâ”€[39m[90mâ”€[39m[90mâ”€[39m[90mâ”€[39m[90mâ”€[39m[90mâ”€[39m[90mâ”€[39m[90mâ”€[39m[90mâ”€[39m[90mâ”€[39m[90mâ”€[39m[90mâ”€[39m[90mâ”€[39m[90mâ”€[39m[90mâ”€[39m[90mâ”€[39m[90mâ”€[39m[90mâ”€[39m[90mâ”€[39m[90mâ”€[39m[90mâ”€[39m[90mâ”€[39m[90mâ”€[39m[90mâ”€[39m[90mâ”€[39m[90mâ”€[39m[90mâ”€[39m[90mâ”€[39m[90mâ”€[39m[90mâ”€[39m[90mâ”€[39m[90mâ”€[39m[90mâ”€[39m[90mâ”€[39m[90mâ”€[39m[90mâ”€[39m[90mâ”€[39m[90mâ”€[39m[90mâ”€[39m[90mâ”€[39m[90mâ”€[39m[90mâ”€[39m[90mâ”€[39m[90mâ”€[39m[90mâ”€[39m[90mâ”€[39m[90mâ”€[39m[90mâ”€[39m[90mâ”€[39m[90mâ”€[39m[90mâ”€[39m[90mâ”€[39m[90mâ”€[39m[90mâ”€[39m[90mâ”€[39m[90mâ”€[39m[90mâ”€[39m[90mâ”€[39m[90mâ”€[39m[90mâ”€[39m[90mâ”€[39m[90mâ”€[39m[90mâ”€[39m[90mâ”€[39m[90mâ”€[39m[90mâ”€[39m[90mâ”€[39m[90mâ”€[39m[90mâ”€[39m[90mâ”€[39m[90mâ”€[39m[90mâ”€[39m[90mâ”€[39m[90mâ”€[39m[90mâ”€[39m[90mâ”€[39m[90mâ”€[39m[90mâ”€[39m[90mâ”€[39m[90mâ”€[39m[90mâ”€[39m[90mâ”€[39m[90mâ”€[39m[90mâ”€[39m[90mâ”€[39m[90mâ”€[39m[90mâ”€[39m[90mâ”€[39m[90mâ”€[39m[90mâ”€[39m
Admin UI E2E (4, firefox)	Run Cypress	2025-02-02T00:35:58.2613439Z                                                                                                     
Admin UI E2E (4, firefox)	Run Cypress	2025-02-02T00:35:58.2614716Z   Running:  [90mrealm_settings_client_policies_test.spec.ts[39m                                     [90m(2 of 4)[39m
Admin UI E2E (4, firefox)	Run Cypress	2025-02-02T00:35:58.2616495Z 
Admin UI E2E (4, firefox)	Run Cypress	2025-02-02T00:35:58.2617262Z [35mYour project has set the configuration option: `chromeWebSecurity` to `false`.[39m
Admin UI E2E (4, firefox)	Run Cypress	2025-02-02T00:35:58.2618198Z [35m[39m
Admin UI E2E (4, firefox)	Run Cypress	2025-02-02T00:35:58.2618881Z [35mThis option will not have an effect in Firefox. Tests that rely on web security being disabled will not run as expected.[39m
Admin UI E2E (4, firefox)	Run Cypress	2025-02-02T00:36:01.8991712Z 
Admin UI E2E (4, firefox)	Run Cypress	2025-02-02T00:36:01.9034253Z [0m[0m
Admin UI E2E (4, firefox)	Run Cypress	2025-02-02T00:36:01.9096545Z [0m  Realm settings client policies tab tests[0m
Admin UI E2E (4, firefox)	Run Cypress	2025-02-02T00:36:07.4241853Z   [32m  âœ“[0m[90m Complete new client form and cancel[0m[90m (5505ms)[0m
Admin UI E2E (4, firefox)	Run Cypress	2025-02-02T00:36:10.0786289Z   [32m  âœ“[0m[90m Complete new client form and submit[0m[90m (2606ms)[0m
Admin UI E2E (4, firefox)	Run Cypress	2025-02-02T00:36:12.7752035Z   [32m  âœ“[0m[90m Should perform client profile search by profile name[0m[90m (2666ms)[0m
Admin UI E2E (4, firefox)	Run Cypress	2025-02-02T00:36:14.8174577Z   [32m  âœ“[0m[90m Should not have conditions configured by default[0m[90m (1994ms)[0m
Admin UI E2E (4, firefox)	Run Cypress	2025-02-02T00:36:17.6824606Z   [32m  âœ“[0m[90m Should cancel adding a new condition to a client profile[0m[90m (2817ms)[0m
Admin UI E2E (4, firefox)	Run Cypress	2025-02-02T00:36:20.4217708Z   [32m  âœ“[0m[90m Should add a new client-roles condition to a client profile[0m[90m (2701ms)[0m
Admin UI E2E (4, firefox)	Run Cypress	2025-02-02T00:36:23.8977299Z   [32m  âœ“[0m[90m Should add a new client-scopes condition to a client profile[0m[90m (3431ms)[0m
Admin UI E2E (4, firefox)	Run Cypress	2025-02-02T00:36:26.3592749Z   [32m  âœ“[0m[90m Should edit the client-roles condition of a client profile[0m[90m (2405ms)[0m
Admin UI E2E (4, firefox)	Run Cypress	2025-02-02T00:36:28.8964708Z   [32m  âœ“[0m[90m Should edit the client-scopes condition of a client profile[0m[90m (2489ms)[0m
Admin UI E2E (4, firefox)	Run Cypress	2025-02-02T00:36:30.9840205Z   [32m  âœ“[0m[90m Should cancel deleting condition from a client profile[0m[90m (2060ms)[0m
Admin UI E2E (4, firefox)	Run Cypress	2025-02-02T00:36:33.1768304Z   [32m  âœ“[0m[90m Should delete client-roles condition from a client profile[0m[90m (2172ms)[0m
Admin UI E2E (4, firefox)	Run Cypress	2025-02-02T00:36:35.3143948Z   [32m  âœ“[0m[90m Should delete client-scopes condition from a client profile[0m[90m (2114ms)[0m
Admin UI E2E (4, firefox)	Run Cypress	2025-02-02T00:36:37.7977855Z   [32m  âœ“[0m[90m Check cancelling the client policy deletion[0m[90m (2462ms)[0m
Admin UI E2E (4, firefox)	Run Cypress	2025-02-02T00:36:40.2713627Z   [32m  âœ“[0m[90m Check deleting the client policy[0m[90m (2450ms)[0m
Admin UI E2E (4, firefox)	Run Cypress	2025-02-02T00:36:42.4119845Z   [32m  âœ“[0m[90m Check navigating between Form View and JSON editor[0m[90m (2118ms)[0m
Admin UI E2E (4, firefox)	Run Cypress	2025-02-02T00:36:47.4907543Z   [32m  âœ“[0m[90m Should not create duplicate client profile[0m[90m (5046ms)[0m
Admin UI E2E (4, firefox)	Run Cypress	2025-02-02T00:36:50.9393982Z   [32m  âœ“[0m[90m Check deleting newly created client policy from create view via dropdown[0m[90m (3385ms)[0m
Admin UI E2E (4, firefox)	Run Cypress	2025-02-02T00:36:52.9453254Z   [32m  âœ“[0m[90m Check reloading JSON policies[0m[90m (1957ms)[0m
Admin UI E2E (4, firefox)	Run Cypress	2025-02-02T00:36:52.9454244Z 
Admin UI E2E (4, firefox)	Run Cypress	2025-02-02T00:36:52.9675826Z 
Admin UI E2E (4, firefox)	Run Cypress	2025-02-02T00:36:52.9679375Z [92m [0m[32m 18 passing[0m[90m (51s)[0m
Admin UI E2E (4, firefox)	Run Cypress	2025-02-02T00:36:52.9681912Z 
Admin UI E2E (4, firefox)	Run Cypress	2025-02-02T00:36:52.9712774Z 
Admin UI E2E (4, firefox)	Run Cypress	2025-02-02T00:36:52.9715103Z [32m  ([4m[1mResults[22m[24m)[39m
Admin UI E2E (4, firefox)	Run Cypress	2025-02-02T00:36:52.9734133Z 
Admin UI E2E (4, firefox)	Run Cypress	2025-02-02T00:36:52.9751195Z [90m  â”Œ[39m[90mâ”€[39m[90mâ”€[39m[90mâ”€[39m[90mâ”€[39m[90mâ”€[39m[90mâ”€[39m[90mâ”€[39m[90mâ”€[39m[90mâ”€[39m[90mâ”€[39m[90mâ”€[39m[90mâ”€[39m[90mâ”€[39m[90mâ”€[39m[90mâ”€[39m[90mâ”€[39m[90mâ”€[39m[90mâ”€[39m[90mâ”€[39m[90mâ”€[39m[90mâ”€[39m[90mâ”€[39m[90mâ”€[39m[90mâ”€[39m[90mâ”€[39m[90mâ”€[39m[90mâ”€[39m[90mâ”€[39m[90mâ”€[39m[90mâ”€[39m[90mâ”€[39m[90mâ”€[39m[90mâ”€[39m[90mâ”€[39m[90mâ”€[39m[90mâ”€[39m[90mâ”€[39m[90mâ”€[39m[90mâ”€[39m[90mâ”€[39m[90mâ”€[39m[90mâ”€[39m[90mâ”€[39m[90mâ”€[39m[90mâ”€[39m[90mâ”€[39m[90mâ”€[39m[90mâ”€[39m[90mâ”€[39m[90mâ”€[39m[90mâ”€[39m[90mâ”€[39m[90mâ”€[39m[90mâ”€[39m[90mâ”€[39m[90mâ”€[39m[90mâ”€[39m[90mâ”€[39m[90mâ”€[39m[90mâ”€[39m[90mâ”€[39m[90mâ”€[39m[90mâ”€[39m[90mâ”€[39m[90mâ”€[39m[90mâ”€[39m[90mâ”€[39m[90mâ”€[39m[90mâ”€[39m[90mâ”€[39m[90mâ”€[39m[90mâ”€[39m[90mâ”€[39m[90mâ”€[39m[90mâ”€[39m[90mâ”€[39m[90mâ”€[39m[90mâ”€[39m[90mâ”€[39m[90mâ”€[39m[90mâ”€[39m[90mâ”€[39m[90mâ”€[39m[90mâ”€[39m[90mâ”€[39m[90mâ”€[39m[90mâ”€[39m[90mâ”€[39m[90mâ”€[39m[90mâ”€[39m[90mâ”€[39m[90mâ”€[39m[90mâ”€[39m[90mâ”€[39m[90mâ”€[39m[90mâ”€[39m[90mâ”[39m
Admin UI E2E (4, firefox)	Run Cypress	2025-02-02T00:36:52.9755809Z [90m  â”‚[39m [90mTests:[39m        [32m18[39m                                                                               [90mâ”‚[39m
Admin UI E2E (4, firefox)	Run Cypress	2025-02-02T00:36:52.9757477Z [90m  â”‚[39m [90mPassing:[39m      [32m18[39m                                                                               [90mâ”‚[39m
Admin UI E2E (4, firefox)	Run Cypress	2025-02-02T00:36:52.9758682Z [90m  â”‚[39m [90mFailing:[39m      [32m0[39m                                                                                [90mâ”‚[39m
Admin UI E2E (4, firefox)	Run Cypress	2025-02-02T00:36:52.9759857Z [90m  â”‚[39m [90mPending:[39m      [32m0[39m                                                                                [90mâ”‚[39m
Admin UI E2E (4, firefox)	Run Cypress	2025-02-02T00:36:52.9761260Z [90m  â”‚[39m [90mSkipped:[39m      [32m0[39m                                                                                [90mâ”‚[39m
Admin UI E2E (4, firefox)	Run Cypress	2025-02-02T00:36:52.9762522Z [90m  â”‚[39m [90mScreenshots:[39m  [32m0[39m                                                                                [90mâ”‚[39m
Admin UI E2E (4, firefox)	Run Cypress	2025-02-02T00:36:52.9763823Z [90m  â”‚[39m [90mVideo:[39m        [32mfalse[39m                                                                            [90mâ”‚[39m
Admin UI E2E (4, firefox)	Run Cypress	2025-02-02T00:36:52.9765157Z [90m  â”‚[39m [90mDuration:[39m     [32m51 seconds[39m                                                                       [90mâ”‚[39m
Admin UI E2E (4, firefox)	Run Cypress	2025-02-02T00:36:52.9766743Z [90m  â”‚[39m [90mSpec Ran:[39m     [32m[32mrealm_settings_client_policies_test.spec.ts[32m[39m                                      [90mâ”‚[39m
Admin UI E2E (4, firefox)	Run Cypress	2025-02-02T00:36:52.9774390Z [90m  â””[39m[90mâ”€[39m[90mâ”€[39m[90mâ”€[39m[90mâ”€[39m[90mâ”€[39m[90mâ”€[39m[90mâ”€[39m[90mâ”€[39m[90mâ”€[39m[90mâ”€[39m[90mâ”€[39m[90mâ”€[39m[90mâ”€[39m[90mâ”€[39m[90mâ”€[39m[90mâ”€[39m[90mâ”€[39m[90mâ”€[39m[90mâ”€[39m[90mâ”€[39m[90mâ”€[39m[90mâ”€[39m[90mâ”€[39m[90mâ”€[39m[90mâ”€[39m[90mâ”€[39m[90mâ”€[39m[90mâ”€[39m[90mâ”€[39m[90mâ”€[39m[90mâ”€[39m[90mâ”€[39m[90mâ”€[39m[90mâ”€[39m[90mâ”€[39m[90mâ”€[39m[90mâ”€[39m[90mâ”€[39m[90mâ”€[39m[90mâ”€[39m[90mâ”€[39m[90mâ”€[39m[90mâ”€[39m[90mâ”€[39m[90mâ”€[39m[90mâ”€[39m[90mâ”€[39m[90mâ”€[39m[90mâ”€[39m[90mâ”€[39m[90mâ”€[39m[90mâ”€[39m[90mâ”€[39m[90mâ”€[39m[90mâ”€[39m[90mâ”€[39m[90mâ”€[39m[90mâ”€[39m[90mâ”€[39m[90mâ”€[39m[90mâ”€[39m[90mâ”€[39m[90mâ”€[39m[90mâ”€[39m[90mâ”€[39m[90mâ”€[39m[90mâ”€[39m[90mâ”€[39m[90mâ”€[39m[90mâ”€[39m[90mâ”€[39m[90mâ”€[39m[90mâ”€[39m[90mâ”€[39m[90mâ”€[39m[90mâ”€[39m[90mâ”€[39m[90mâ”€[39m[90mâ”€[39m[90mâ”€[39m[90mâ”€[39m[90mâ”€[39m[90mâ”€[39m[90mâ”€[39m[90mâ”€[39m[90mâ”€[39m[90mâ”€[39m[90mâ”€[39m[90mâ”€[39m[90mâ”€[39m[90mâ”€[39m[90mâ”€[39m[90mâ”€[39m[90mâ”€[39m[90mâ”€[39m[90mâ”€[39m[90mâ”˜[39m
Admin UI E2E (4, firefox)	Run Cypress	2025-02-02T00:36:52.9778324Z 
Admin UI E2E (4, firefox)	Run Cypress	2025-02-02T00:36:53.0368716Z 
Admin UI E2E (4, firefox)	Run Cypress	2025-02-02T00:36:53.0380809Z [90mâ”€[39m[90mâ”€[39m[90mâ”€[39m[90mâ”€[39m[90mâ”€[39m[90mâ”€[39m[90mâ”€[39m[90mâ”€[39m[90mâ”€[39m[90mâ”€[39m[90mâ”€[39m[90mâ”€[39m[90mâ”€[39m[90mâ”€[39m[90mâ”€[39m[90mâ”€[39m[90mâ”€[39m[90mâ”€[39m[90mâ”€[39m[90mâ”€[39m[90mâ”€[39m[90mâ”€[39m[90mâ”€[39m[90mâ”€[39m[90mâ”€[39m[90mâ”€[39m[90mâ”€[39m[90mâ”€[39m[90mâ”€[39m[90mâ”€[39m[90mâ”€[39m[90mâ”€[39m[90mâ”€[39m[90mâ”€[39m[90mâ”€[39m[90mâ”€[39m[90mâ”€[39m[90mâ”€[39m[90mâ”€[39m[90mâ”€[39m[90mâ”€[39m[90mâ”€[39m[90mâ”€[39m[90mâ”€[39m[90mâ”€[39m[90mâ”€[39m[90mâ”€[39m[90mâ”€[39m[90mâ”€[39m[90mâ”€[39m[90mâ”€[39m[90mâ”€[39m[90mâ”€[39m[90mâ”€[39m[90mâ”€[39m[90mâ”€[39m[90mâ”€[39m[90mâ”€[39m[90mâ”€[39m[90mâ”€[39m[90mâ”€[39m[90mâ”€[39m[90mâ”€[39m[90mâ”€[39m[90mâ”€[39m[90mâ”€[39m[90mâ”€[39m[90mâ”€[39m[90mâ”€[39m[90mâ”€[39m[90mâ”€[39m[90mâ”€[39m[90mâ”€[39m[90mâ”€[39m[90mâ”€[39m[90mâ”€[39m[90mâ”€[39m[90mâ”€[39m[90mâ”€[39m[90mâ”€[39m[90mâ”€[39m[90mâ”€[39m[90mâ”€[39m[90mâ”€[39m[90mâ”€[39m[90mâ”€[39m[90mâ”€[39m[90mâ”€[39m[90mâ”€[39m[90mâ”€[39m[90mâ”€[39m[90mâ”€[39m[90mâ”€[39m[90mâ”€[39m[90mâ”€[39m[90mâ”€[39m[90mâ”€[39m[90mâ”€[39m[90mâ”€[39m[90mâ”€[39m
Admin UI E2E (4, firefox)	Run Cypress	2025-02-02T00:36:53.0385078Z                                                                                                     
Admin UI E2E (4, firefox)	Run Cypress	2025-02-02T00:36:53.0386183Z   Running:  [90mrealm_roles_test.spec.ts[39m                                                        [90m(3 of 4)[39m
Admin UI E2E (4, firefox)	Run Cypress	2025-02-02T00:36:53.0386791Z 
Admin UI E2E (4, firefox)	Run Cypress	2025-02-02T00:36:53.0409448Z [35mYour project has set the configuration option: `chromeWebSecurity` to `false`.[39m
Admin UI E2E (4, firefox)	Run Cypress	2025-02-02T00:36:53.0428678Z [35m[39m
Admin UI E2E (4, firefox)	Run Cypress	2025-02-02T00:36:53.0429817Z [35mThis option will not have an effect in Firefox. Tests that rely on web security being disabled will not run as expected.[39m
Admin UI E2E (4, firefox)	Run Cypress	2025-02-02T00:36:56.5068225Z 
Admin UI E2E (4, firefox)	Run Cypress	2025-02-02T00:36:56.5129884Z [0m[0m
Admin UI E2E (4, firefox)	Run Cypress	2025-02-02T00:36:56.5238825Z [0m  Realm roles test[0m
Admin UI E2E (4, firefox)	Run Cypress	2025-02-02T00:37:00.1909915Z   [32m  âœ“[0m[90m should fail creating realm role[0m[90m (3663ms)[0m
Admin UI E2E (4, firefox)	Run Cypress	2025-02-02T00:37:01.8832652Z   [32m  âœ“[0m[90m shouldn't create a realm role based with only whitespace name[0m[90m (1661ms)[0m
Admin UI E2E (4, firefox)	Run Cypress	2025-02-02T00:37:04.7159847Z   [32m  âœ“[0m[90m Realm role CRUD test[0m[90m (2811ms)[0m
Admin UI E2E (4, firefox)	Run Cypress	2025-02-02T00:37:07.5347552Z   [32m  âœ“[0m[90m should delete role from details action[0m[90m (2798ms)[0m
Admin UI E2E (4, firefox)	Run Cypress	2025-02-02T00:37:09.0320878Z   [32m  âœ“[0m[90m should not be able to delete default role[0m[90m (1477ms)[0m
Admin UI E2E (4, firefox)	Run Cypress	2025-02-02T00:37:43.2961804Z     [33m(Attempt 1 of 4)[0m Add associated roles test
Admin UI E2E (4, firefox)	Run Cypress	2025-02-02T00:38:18.8470793Z     [33m(Attempt 2 of 4)[0m Add associated roles test
Admin UI E2E (4, firefox)	Run Cypress	2025-02-02T00:38:55.3380241Z     [33m(Attempt 3 of 4)[0m Add associated roles test
Admin UI E2E (4, firefox)	Run Cypress	2025-02-02T00:39:32.6765913Z   [31m  1) Add associated roles test[0m
Admin UI E2E (4, firefox)	Run Cypress	2025-02-02T00:39:35.1786054Z   [32m  âœ“[0m[90m should search existing associated role by name and go to it[0m[90m (2353ms)[0m
Admin UI E2E (4, firefox)	Run Cypress	2025-02-02T00:39:37.0176362Z   [32m  âœ“[0m[90m should go to default-roles-master link role name and check assign roles table is not empty[0m[90m (1798ms)[0m
Admin UI E2E (4, firefox)	Run Cypress	2025-02-02T00:39:38.9048732Z   [32m  âœ“[0m[90m Should search non-existent associated role by name[0m[90m (1865ms)[0m
Admin UI E2E (4, firefox)	Run Cypress	2025-02-02T00:39:42.7817944Z   [32m  âœ“[0m[90m Should hide inherited roles test[0m[90m (3821ms)[0m
Admin UI E2E (4, firefox)	Run Cypress	2025-02-02T00:39:46.8365547Z   [32m  âœ“[0m[90m Should fail to remove role when all unchecked from search bar[0m[90m (3994ms)[0m
Admin UI E2E (4, firefox)	Run Cypress	2025-02-02T00:39:51.5439942Z   [32m  âœ“[0m[90m Should delete single non-inherited role item[0m[90m (4624ms)[0m
Admin UI E2E (4, firefox)	Run Cypress	2025-02-02T00:39:56.0162838Z   [32m  âœ“[0m[90m Should delete all roles from search bar[0m[90m (4424ms)[0m
Admin UI E2E (4, firefox)	Run Cypress	2025-02-02T00:40:00.3845030Z   [32m  âœ“[0m[90m Should delete associated roles from list test[0m[90m (4322ms)[0m
Admin UI E2E (4, firefox)	Run Cypress	2025-02-02T00:40:00.3972136Z [0m    edit role details[0m
Admin UI E2E (4, firefox)	Run Cypress	2025-02-02T00:40:02.7677324Z     [32m  âœ“[0m[90m should edit realm role details[0m[90m (2358ms)[0m
Admin UI E2E (4, firefox)	Run Cypress	2025-02-02T00:40:04.8977239Z     [32m  âœ“[0m[90m should add attribute[0m[90m (2094ms)[0m
Admin UI E2E (4, firefox)	Run Cypress	2025-02-02T00:40:07.5730515Z     [32m  âœ“[0m[90m should add attribute multiple[0m[90m (2648ms)[0m
Admin UI E2E (4, firefox)	Run Cypress	2025-02-02T00:40:09.4181651Z     [32m  âœ“[0m[90m should delete attribute[0m[90m (1731ms)[0m
Admin UI E2E (4, firefox)	Run Cypress	2025-02-02T00:40:09.4334891Z [0m    Accessibility tests for realm roles[0m
Admin UI E2E (4, firefox)	Run Cypress	2025-02-02T00:40:12.5044239Z     [32m  âœ“[0m[90m Check a11y violations on load/ realm roles[0m[90m (3060ms)[0m
Admin UI E2E (4, firefox)	Run Cypress	2025-02-02T00:40:16.6845835Z     [32m  âœ“[0m[90m Check a11y violations on default-roles-master default tab and default roles tabs[0m[90m (4137ms)[0m
Admin UI E2E (4, firefox)	Run Cypress	2025-02-02T00:40:20.5744717Z     [32m  âœ“[0m[90m Check a11y violations on empty create role form[0m[90m (3813ms)[0m
Admin UI E2E (4, firefox)	Run Cypress	2025-02-02T00:40:25.7924161Z     [32m  âœ“[0m[90m Check a11y violations on role details[0m[90m (5159ms)[0m
Admin UI E2E (4, firefox)	Run Cypress	2025-02-02T00:40:25.8048233Z 
Admin UI E2E (4, firefox)	Run Cypress	2025-02-02T00:40:25.8344480Z 
Admin UI E2E (4, firefox)	Run Cypress	2025-02-02T00:40:25.8345900Z [92m [0m[32m 21 passing[0m[90m (3m)[0m
Admin UI E2E (4, firefox)	Run Cypress	2025-02-02T00:40:25.8347570Z [31m  1 failing[0m
Admin UI E2E (4, firefox)	Run Cypress	2025-02-02T00:40:25.8347837Z 
Admin UI E2E (4, firefox)	Run Cypress	2025-02-02T00:40:25.8349661Z [0m  1) Realm roles test
Admin UI E2E (4, firefox)	Run Cypress	2025-02-02T00:40:25.8350379Z        Add associated roles test:
Admin UI E2E (4, firefox)	Run Cypress	2025-02-02T00:40:25.8354772Z [0m[31m     AssertionError: Timed out retrying after 30000ms: Expected to find content: 'manage-account' within the element: <td.pf-v5-c-table__td> but never did.[0m[90m
Admin UI E2E (4, firefox)	Run Cypress	2025-02-02T00:40:25.8356743Z       at addAssociatedRoleFromSearchBar (webpack://@keycloak/keycloak-admin-ui/./cypress/support/pages/admin-ui/manage/realm_roles/AssociatedRolesPage.ts:44:0)
Admin UI E2E (4, firefox)	Run Cypress	2025-02-02T00:40:25.8358237Z       at  (webpack://@keycloak/keycloak-admin-ui/./cypress/e2e/realm_roles_test.spec.ts:84:0)
Admin UI E2E (4, firefox)	Run Cypress	2025-02-02T00:40:25.8359559Z [0m
Admin UI E2E (4, firefox)	Run Cypress	2025-02-02T00:40:25.8359737Z 
Admin UI E2E (4, firefox)	Run Cypress	2025-02-02T00:40:25.8359749Z 
Admin UI E2E (4, firefox)	Run Cypress	2025-02-02T00:40:25.8377757Z 
Admin UI E2E (4, firefox)	Run Cypress	2025-02-02T00:40:25.8379587Z [31m  ([4m[1mResults[22m[24m)[39m
Admin UI E2E (4, firefox)	Run Cypress	2025-02-02T00:40:25.8398602Z 
Admin UI E2E (4, firefox)	Run Cypress	2025-02-02T00:40:25.8413927Z [90m  â”Œ[39m[90mâ”€[39m[90mâ”€[39m[90mâ”€[39m[90mâ”€[39m[90mâ”€[39m[90mâ”€[39m[90mâ”€[39m[90mâ”€[39m[90mâ”€[39m[90mâ”€[39m[90mâ”€[39m[90mâ”€[39m[90mâ”€[39m[90mâ”€[39m[90mâ”€[39m[90mâ”€[39m[90mâ”€[39m[90mâ”€[39m[90mâ”€[39m[90mâ”€[39m[90mâ”€[39m[90mâ”€[39m[90mâ”€[39m[90mâ”€[39m[90mâ”€[39m[90mâ”€[39m[90mâ”€[39m[90mâ”€[39m[90mâ”€[39m[90mâ”€[39m[90mâ”€[39m[90mâ”€[39m[90mâ”€[39m[90mâ”€[39m[90mâ”€[39m[90mâ”€[39m[90mâ”€[39m[90mâ”€[39m[90mâ”€[39m[90mâ”€[39m[90mâ”€[39m[90mâ”€[39m[90mâ”€[39m[90mâ”€[39m[90mâ”€[39m[90mâ”€[39m[90mâ”€[39m[90mâ”€[39m[90mâ”€[39m[90mâ”€[39m[90mâ”€[39m[90mâ”€[39m[90mâ”€[39m[90mâ”€[39m[90mâ”€[39m[90mâ”€[39m[90mâ”€[39m[90mâ”€[39m[90mâ”€[39m[90mâ”€[39m[90mâ”€[39m[90mâ”€[39m[90mâ”€[39m[90mâ”€[39m[90mâ”€[39m[90mâ”€[39m[90mâ”€[39m[90mâ”€[39m[90mâ”€[39m[90mâ”€[39m[90mâ”€[39m[90mâ”€[39m[90mâ”€[39m[90mâ”€[39m[90mâ”€[39m[90mâ”€[39m[90mâ”€[39m[90mâ”€[39m[90mâ”€[39m[90mâ”€[39m[90mâ”€[39m[90mâ”€[39m[90mâ”€[39m[90mâ”€[39m[90mâ”€[39m[90mâ”€[39m[90mâ”€[39m[90mâ”€[39m[90mâ”€[39m[90mâ”€[39m[90mâ”€[39m[90mâ”€[39m[90mâ”€[39m[90mâ”€[39m[90mâ”€[39m[90mâ”€[39m[90mâ”[39m
Admin UI E2E (4, firefox)	Run Cypress	2025-02-02T00:40:25.8419148Z [90m  â”‚[39m [90mTests:[39m        [31m22[39m                                                                               [90mâ”‚[39m
Admin UI E2E (4, firefox)	Run Cypress	2025-02-02T00:40:25.8420449Z [90m  â”‚[39m [90mPassing:[39m      [31m21[39m                                                                               [90mâ”‚[39m
Admin UI E2E (4, firefox)	Run Cypress	2025-02-02T00:40:25.8421988Z [90m  â”‚[39m [90mFailing:[39m      [31m1[39m                                                                                [90mâ”‚[39m
Admin UI E2E (4, firefox)	Run Cypress	2025-02-02T00:40:25.8423305Z [90m  â”‚[39m [90mPending:[39m      [31m0[39m                                                                                [90mâ”‚[39m
Admin UI E2E (4, firefox)	Run Cypress	2025-02-02T00:40:25.8424613Z [90m  â”‚[39m [90mSkipped:[39m      [31m0[39m                                                                                [90mâ”‚[39m
Admin UI E2E (4, firefox)	Run Cypress	2025-02-02T00:40:25.8425927Z [90m  â”‚[39m [90mScreenshots:[39m  [31m4[39m                                                                                [90mâ”‚[39m
Admin UI E2E (4, firefox)	Run Cypress	2025-02-02T00:40:25.8427254Z [90m  â”‚[39m [90mVideo:[39m        [31mfalse[39m                                                                            [90mâ”‚[39m
Admin UI E2E (4, firefox)	Run Cypress	2025-02-02T00:40:25.8428658Z [90m  â”‚[39m [90mDuration:[39m     [31m3 minutes, 29 seconds[39m                                                            [90mâ”‚[39m
Admin UI E2E (4, firefox)	Run Cypress	2025-02-02T00:40:25.8430116Z [90m  â”‚[39m [90mSpec Ran:[39m     [31m[31mrealm_roles_test.spec.ts[31m[39m                                                         [90mâ”‚[39m
Admin UI E2E (4, firefox)	Run Cypress	2025-02-02T00:40:25.8437274Z [90m  â””[39m[90mâ”€[39m[90mâ”€[39m[90mâ”€[39m[90mâ”€[39m[90mâ”€[39m[90mâ”€[39m[90mâ”€[39m[90mâ”€[39m[90mâ”€[39m[90mâ”€[39m[90mâ”€[39m[90mâ”€[39m[90mâ”€[39m[90mâ”€[39m[90mâ”€[39m[90mâ”€[39m[90mâ”€[39m[90mâ”€[39m[90mâ”€[39m[90mâ”€[39m[90mâ”€[39m[90mâ”€[39m[90mâ”€[39m[90mâ”€[39m[90mâ”€[39m[90mâ”€[39m[90mâ”€[39m[90mâ”€[39m[90mâ”€[39m[90mâ”€[39m[90mâ”€[39m[90mâ”€[39m[90mâ”€[39m[90mâ”€[39m[90mâ”€[39m[90mâ”€[39m[90mâ”€[39m[90mâ”€[39m[90mâ”€[39m[90mâ”€[39m[90mâ”€[39m[90mâ”€[39m[90mâ”€[39m[90mâ”€[39m[90mâ”€[39m[90mâ”€[39m[90mâ”€[39m[90mâ”€[39m[90mâ”€[39m[90mâ”€[39m[90mâ”€[39m[90mâ”€[39m[90mâ”€[39m[90mâ”€[39m[90mâ”€[39m[90mâ”€[39m[90mâ”€[39m[90mâ”€[39m[90mâ”€[39m[90mâ”€[39m[90mâ”€[39m[90mâ”€[39m[90mâ”€[39m[90mâ”€[39m[90mâ”€[39m[90mâ”€[39m[90mâ”€[39m[90mâ”€[39m[90mâ”€[39m[90mâ”€[39m[90mâ”€[39m[90mâ”€[39m[90mâ”€[39m[90mâ”€[39m[90mâ”€[39m[90mâ”€[39m[90mâ”€[39m[90mâ”€[39m[90mâ”€[39m[90mâ”€[39m[90mâ”€[39m[90mâ”€[39m[90mâ”€[39m[90mâ”€[39m[90mâ”€[39m[90mâ”€[39m[90mâ”€[39m[90mâ”€[39m[90mâ”€[39m[90mâ”€[39m[90mâ”€[39m[90mâ”€[39m[90mâ”€[39m[90mâ”€[39m[90mâ”€[39m[90mâ”€[39m[90mâ”˜[39m
Admin UI E2E (4, firefox)	Run Cypress	2025-02-02T00:40:25.8441432Z 
Admin UI E2E (4, firefox)	Run Cypress	2025-02-02T00:40:25.8441450Z 
Admin UI E2E (4, firefox)	Run Cypress	2025-02-02T00:40:25.8441851Z [33m  ([4m[1mScreenshots[22m[24m)[39m
Admin UI E2E (4, firefox)	Run Cypress	2025-02-02T00:40:25.8442170Z 
Admin UI E2E (4, firefox)	Run Cypress	2025-02-02T00:40:25.8443403Z [90m [39m -  [0m/home/runner/work/keycloak/keycloak/js/apps/admin-ui/cypress/screenshots/realm_r[0m     [90m[90m(1280x720)[90m[39m
Admin UI E2E (4, firefox)	Run Cypress	2025-02-02T00:40:25.8445178Z [90m [39m    [0moles_test.spec.ts/Realm roles test -- Add associated roles test (failed).png[0m                   
Admin UI E2E (4, firefox)	Run Cypress	2025-02-02T00:40:25.8447027Z [90m [39m -  [0m/home/runner/work/keycloak/keycloak/js/apps/admin-ui/cypress/screenshots/realm_r[0m     [90m[90m(1280x720)[90m[39m
Admin UI E2E (4, firefox)	Run Cypress	2025-02-02T00:40:25.8448794Z [90m [39m    [0moles_test.spec.ts/Realm roles test -- Add associated roles test (failed) (attemp[0m               
Admin UI E2E (4, firefox)	Run Cypress	2025-02-02T00:40:25.8450124Z [90m [39m    [0mt 2).png[0m                                                                                       
Admin UI E2E (4, firefox)	Run Cypress	2025-02-02T00:40:25.8451944Z [90m [39m -  [0m/home/runner/work/keycloak/keycloak/js/apps/admin-ui/cypress/screenshots/realm_r[0m     [90m[90m(1280x720)[90m[39m
Admin UI E2E (4, firefox)	Run Cypress	2025-02-02T00:40:25.8453752Z [90m [39m    [0moles_test.spec.ts/Realm roles test -- Add associated roles test (failed) (attemp[0m               
Admin UI E2E (4, firefox)	Run Cypress	2025-02-02T00:40:25.8455051Z [90m [39m    [0mt 3).png[0m                                                                                       
Admin UI E2E (4, firefox)	Run Cypress	2025-02-02T00:40:25.8456944Z [90m [39m -  [0m/home/runner/work/keycloak/keycloak/js/apps/admin-ui/cypress/screenshots/realm_r[0m     [90m[90m(1280x720)[90m[39m
Admin UI E2E (4, firefox)	Run Cypress	2025-02-02T00:40:25.8458750Z [90m [39m    [0moles_test.spec.ts/Realm roles test -- Add associated roles test (failed) (attemp[0m               
Admin UI E2E (4, firefox)	Run Cypress	2025-02-02T00:40:25.8460077Z [90m [39m    [0mt 4).png[0m                                                                                       
Admin UI E2E (4, firefox)	Run Cypress	2025-02-02T00:40:25.8460496Z 
Admin UI E2E (4, firefox)	Run Cypress	2025-02-02T00:40:25.8950045Z 
Admin UI E2E (4, firefox)	Run Cypress	2025-02-02T00:40:25.8969148Z [90mâ”€[39m[90mâ”€[39m[90mâ”€[39m[90mâ”€[39m[90mâ”€[39m[90mâ”€[39m[90mâ”€[39m[90mâ”€[39m[90mâ”€[39m[90mâ”€[39m[90mâ”€[39m[90mâ”€[39m[90mâ”€[39m[90mâ”€[39m[90mâ”€[39m[90mâ”€[39m[90mâ”€[39m[90mâ”€[39m[90mâ”€[39m[90mâ”€[39m[90mâ”€[39m[90mâ”€[39m[90mâ”€[39m[90mâ”€[39m[90mâ”€[39m[90mâ”€[39m[90mâ”€[39m[90mâ”€[39m[90mâ”€[39m[90mâ”€[39m[90mâ”€[39m[90mâ”€[39m[90mâ”€[39m[90mâ”€[39m[90mâ”€[39m[90mâ”€[39m[90mâ”€[39m[90mâ”€[39m[90mâ”€[39m[90mâ”€[39m[90mâ”€[39m[90mâ”€[39m[90mâ”€[39m[90mâ”€[39m[90mâ”€[39m[90mâ”€[39m[90mâ”€[39m[90mâ”€[39m[90mâ”€[39m[90mâ”€[39m[90mâ”€[39m[90mâ”€[39m[90mâ”€[39m[90mâ”€[39m[90mâ”€[39m[90mâ”€[39m[90mâ”€[39m[90mâ”€[39m[90mâ”€[39m[90mâ”€[39m[90mâ”€[39m[90mâ”€[39m[90mâ”€[39m[90mâ”€[39m[90mâ”€[39m[90mâ”€[39m[90mâ”€[39m[90mâ”€[39m[90mâ”€[39m[90mâ”€[39m[90mâ”€[39m[90mâ”€[39m[90mâ”€[39m[90mâ”€[39m[90mâ”€[39m[90mâ”€[39m[90mâ”€[39m[90mâ”€[39m[90mâ”€[39m[90mâ”€[39m[90mâ”€[39m[90mâ”€[39m[90mâ”€[39m[90mâ”€[39m[90mâ”€[39m[90mâ”€[39m[90mâ”€[39m[90mâ”€[39m[90mâ”€[39m[90mâ”€[39m[90mâ”€[39m[90mâ”€[39m[90mâ”€[39m[90mâ”€[39m[90mâ”€[39m[90mâ”€[39m[90mâ”€[39m[90mâ”€[39m[90mâ”€[39m[90mâ”€[39m
Admin UI E2E (4, firefox)	Run Cypress	2025-02-02T00:40:25.8973226Z                                                                                                     
Admin UI E2E (4, firefox)	Run Cypress	2025-02-02T00:40:25.8974722Z   Running:  [90mclient_authorization_test.spec.ts[39m                                               [90m(4 of 4)[39m
Admin UI E2E (4, firefox)	Run Cypress	2025-02-02T00:40:25.8975317Z 
Admin UI E2E (4, firefox)	Run Cypress	2025-02-02T00:40:25.8975997Z [35mYour project has set the configuration option: `chromeWebSecurity` to `false`.[39m
Admin UI E2E (4, firefox)	Run Cypress	2025-02-02T00:40:25.8976709Z [35m[39m
Admin UI E2E (4, firefox)	Run Cypress	2025-02-02T00:40:25.8977850Z [35mThis option will not have an effect in Firefox. Tests that rely on web security being disabled will not run as expected.[39m
Admin UI E2E (4, firefox)	Run Cypress	2025-02-02T00:40:29.4944480Z 
Admin UI E2E (4, firefox)	Run Cypress	2025-02-02T00:40:29.4991042Z [0m[0m
Admin UI E2E (4, firefox)	Run Cypress	2025-02-02T00:40:29.5046742Z [0m  Client authentication subtab[0m
Admin UI E2E (4, firefox)	Run Cypress	2025-02-02T00:40:34.4781479Z   [32m  âœ“[0m[90m Should update the resource server settings[0m[90m (4964ms)[0m
Admin UI E2E (4, firefox)	Run Cypress	2025-02-02T00:40:39.1504993Z   [32m  âœ“[0m[90m Should create a resource[0m[90m (4640ms)[0m
Admin UI E2E (4, firefox)	Run Cypress	2025-02-02T00:40:42.5462902Z   [32m  âœ“[0m[90m Edit a resource[0m[90m (3369ms)[0m
Admin UI E2E (4, firefox)	Run Cypress	2025-02-02T00:40:46.4644189Z   [32m  âœ“[0m[90m Should create a scope[0m[90m (3892ms)[0m
Admin UI E2E (4, firefox)	Run Cypress	2025-02-02T00:40:50.9396090Z   [32m  âœ“[0m[90m Should create a policy[0m[90m (4448ms)[0m
Admin UI E2E (4, firefox)	Run Cypress	2025-02-02T00:40:54.7200176Z   [32m  âœ“[0m[90m Should delete a policy[0m[90m (3729ms)[0m
Admin UI E2E (4, firefox)	Run Cypress	2025-02-02T00:40:58.9186369Z   [32m  âœ“[0m[90m Should create a client policy[0m[90m (4150ms)[0m
Admin UI E2E (4, firefox)	Run Cypress	2025-02-02T00:41:03.3735843Z   [32m  âœ“[0m[90m Should create a permission[0m[90m (4425ms)[0m
Admin UI E2E (4, firefox)	Run Cypress	2025-02-02T00:41:03.4009986Z   [36m  - Should copy auth details[0m
Admin UI E2E (4, firefox)	Run Cypress	2025-02-02T00:41:06.2373600Z   [32m  âœ“[0m[90m Should export auth details[0m[90m (2829ms)[0m
Admin UI E2E (4, firefox)	Run Cypress	2025-02-02T00:41:06.2531907Z [0m    Client authorization tab access for view-realm-authorization[0m
Admin UI E2E (4, firefox)	Run Cypress	2025-02-02T00:41:18.3202290Z     [32m  âœ“[0m[90m Should view autorization tab[0m[90m (11313ms)[0m
Admin UI E2E (4, firefox)	Run Cypress	2025-02-02T00:41:18.3678576Z [0m    Accessibility tests for client authorization[0m
Admin UI E2E (4, firefox)	Run Cypress	2025-02-02T00:41:27.0338797Z     [32m  âœ“[0m[90m Check a11y violations on load/ client authorization[0m[90m (8562ms)[0m
Admin UI E2E (4, firefox)	Run Cypress	2025-02-02T00:41:27.0367242Z 
Admin UI E2E (4, firefox)	Run Cypress	2025-02-02T00:41:27.0696373Z 
Admin UI E2E (4, firefox)	Run Cypress	2025-02-02T00:41:27.0697393Z [92m [0m[32m 11 passing[0m[90m (58s)[0m
Admin UI E2E (4, firefox)	Run Cypress	2025-02-02T00:41:27.0698329Z [36m [0m[36m 1 pending[0m
Admin UI E2E (4, firefox)	Run Cypress	2025-02-02T00:41:27.0699342Z 
Admin UI E2E (4, firefox)	Run Cypress	2025-02-02T00:41:27.0741244Z 
Admin UI E2E (4, firefox)	Run Cypress	2025-02-02T00:41:27.0741934Z [32m  ([4m[1mResults[22m[24m)[39m
Admin UI E2E (4, firefox)	Run Cypress	2025-02-02T00:41:27.0761376Z 
Admin UI E2E (4, firefox)	Run Cypress	2025-02-02T00:41:27.0778009Z [90m  â”Œ[39m[90mâ”€[39m[90mâ”€[39m[90mâ”€[39m[90mâ”€[39m[90mâ”€[39m[90mâ”€[39m[90mâ”€[39m[90mâ”€[39m[90mâ”€[39m[90mâ”€[39m[90mâ”€[39m[90mâ”€[39m[90mâ”€[39m[90mâ”€[39m[90mâ”€[39m[90mâ”€[39m[90mâ”€[39m[90mâ”€[39m[90mâ”€[39m[90mâ”€[39m[90mâ”€[39m[90mâ”€[39m[90mâ”€[39m[90mâ”€[39m[90mâ”€[39m[90mâ”€[39m[90mâ”€[39m[90mâ”€[39m[90mâ”€[39m[90mâ”€[39m[90mâ”€[39m[90mâ”€[39m[90mâ”€[39m[90mâ”€[39m[90mâ”€[39m[90mâ”€[39m[90mâ”€[39m[90mâ”€[39m[90mâ”€[39m[90mâ”€[39m[90mâ”€[39m[90mâ”€[39m[90mâ”€[39m[90mâ”€[39m[90mâ”€[39m[90mâ”€[39m[90mâ”€[39m[90mâ”€[39m[90mâ”€[39m[90mâ”€[39m[90mâ”€[39m[90mâ”€[39m[90mâ”€[39m[90mâ”€[39m[90mâ”€[39m[90mâ”€[39m[90mâ”€[39m[90mâ”€[39m[90mâ”€[39m[90mâ”€[39m[90mâ”€[39m[90mâ”€[39m[90mâ”€[39m[90mâ”€[39m[90mâ”€[39m[90mâ”€[39m[90mâ”€[39m[90mâ”€[39m[90mâ”€[39m[90mâ”€[39m[90mâ”€[39m[90mâ”€[39m[90mâ”€[39m[90mâ”€[39m[90mâ”€[39m[90mâ”€[39m[90mâ”€[39m[90mâ”€[39m[90mâ”€[39m[90mâ”€[39m[90mâ”€[39m[90mâ”€[39m[90mâ”€[39m[90mâ”€[39m[90mâ”€[39m[90mâ”€[39m[90mâ”€[39m[90mâ”€[39m[90mâ”€[39m[90mâ”€[39m[90mâ”€[39m[90mâ”€[39m[90mâ”€[39m[90mâ”€[39m[90mâ”€[39m[90mâ”€[39m[90mâ”[39m
Admin UI E2E (4, firefox)	Run Cypress	2025-02-02T00:41:27.0782697Z [90m  â”‚[39m [90mTests:[39m        [32m12[39m                                                                               [90mâ”‚[39m
Admin UI E2E (4, firefox)	Run Cypress	2025-02-02T00:41:27.0789233Z [90m  â”‚[39m [90mPassing:[39m      [32m11[39m                                                                               [90mâ”‚[39m
Admin UI E2E (4, firefox)	Run Cypress	2025-02-02T00:41:27.0790434Z [90m  â”‚[39m [90mFailing:[39m      [32m0[39m                                                                                [90mâ”‚[39m
Admin UI E2E (4, firefox)	Run Cypress	2025-02-02T00:41:27.0794765Z [90m  â”‚[39m [90mPending:[39m      [32m1[39m                                                                                [90mâ”‚[39m
Admin UI E2E (4, firefox)	Run Cypress	2025-02-02T00:41:27.0796410Z [90m  â”‚[39m [90mSkipped:[39m      [32m0[39m                                                                                [90mâ”‚[39m
Admin UI E2E (4, firefox)	Run Cypress	2025-02-02T00:41:27.0797623Z [90m  â”‚[39m [90mScreenshots:[39m  [32m0[39m                                                                                [90mâ”‚[39m
Admin UI E2E (4, firefox)	Run Cypress	2025-02-02T00:41:27.0798787Z [90m  â”‚[39m [90mVideo:[39m        [32mfalse[39m                                                                            [90mâ”‚[39m
Admin UI E2E (4, firefox)	Run Cypress	2025-02-02T00:41:27.0799981Z [90m  â”‚[39m [90mDuration:[39m     [32m57 seconds[39m                                                                       [90mâ”‚[39m
Admin UI E2E (4, firefox)	Run Cypress	2025-02-02T00:41:27.0801522Z [90m  â”‚[39m [90mSpec Ran:[39m     [32m[32mclient_authorization_test.spec.ts[32m[39m                                                [90mâ”‚[39m
Admin UI E2E (4, firefox)	Run Cypress	2025-02-02T00:41:27.0807939Z [90m  â””[39m[90mâ”€[39m[90mâ”€[39m[90mâ”€[39m[90mâ”€[39m[90mâ”€[39m[90mâ”€[39m[90mâ”€[39m[90mâ”€[39m[90mâ”€[39m[90mâ”€[39m[90mâ”€[39m[90mâ”€[39m[90mâ”€[39m[90mâ”€[39m[90mâ”€[39m[90mâ”€[39m[90mâ”€[39m[90mâ”€[39m[90mâ”€[39m[90mâ”€[39m[90mâ”€[39m[90mâ”€[39m[90mâ”€[39m[90mâ”€[39m[90mâ”€[39m[90mâ”€[39m[90mâ”€[39m[90mâ”€[39m[90mâ”€[39m[90mâ”€[39m[90mâ”€[39m[90mâ”€[39m[90mâ”€[39m[90mâ”€[39m[90mâ”€[39m[90mâ”€[39m[90mâ”€[39m[90mâ”€[39m[90mâ”€[39m[90mâ”€[39m[90mâ”€[39m[90mâ”€[39m[90mâ”€[39m[90mâ”€[39m[90mâ”€[39m[90mâ”€[39m[90mâ”€[39m[90mâ”€[39m[90mâ”€[39m[90mâ”€[39m[90mâ”€[39m[90mâ”€[39m[90mâ”€[39m[90mâ”€[39m[90mâ”€[39m[90mâ”€[39m[90mâ”€[39m[90mâ”€[39m[90mâ”€[39m[90mâ”€[39m[90mâ”€[39m[90mâ”€[39m[90mâ”€[39m[90mâ”€[39m[90mâ”€[39m[90mâ”€[39m[90mâ”€[39m[90mâ”€[39m[90mâ”€[39m[90mâ”€[39m[90mâ”€[39m[90mâ”€[39m[90mâ”€[39m[90mâ”€[39m[90mâ”€[39m[90mâ”€[39m[90mâ”€[39m[90mâ”€[39m[90mâ”€[39m[90mâ”€[39m[90mâ”€[39m[90mâ”€[39m[90mâ”€[39m[90mâ”€[39m[90mâ”€[39m[90mâ”€[39m[90mâ”€[39m[90mâ”€[39m[90mâ”€[39m[90mâ”€[39m[90mâ”€[39m[90mâ”€[39m[90mâ”€[39m[90mâ”€[39m[90mâ”€[39m[90mâ”€[39m[90mâ”˜[39m
Admin UI E2E (4, firefox)	Run Cypress	2025-02-02T00:41:27.0811407Z 
Admin UI E2E (4, firefox)	Run Cypress	2025-02-02T00:41:27.1292428Z 
Admin UI E2E (4, firefox)	Run Cypress	2025-02-02T00:41:27.1794800Z [90m====================================================================================================[39m
Admin UI E2E (4, firefox)	Run Cypress	2025-02-02T00:41:27.1797966Z 
Admin UI E2E (4, firefox)	Run Cypress	2025-02-02T00:41:27.1800602Z [0m  ([4m[1mRun Finished[22m[24m)[0m
Admin UI E2E (4, firefox)	Run Cypress	2025-02-02T00:41:27.1814605Z 
Admin UI E2E (4, firefox)	Run Cypress	2025-02-02T00:41:27.1815898Z 
Admin UI E2E (4, firefox)	Run Cypress	2025-02-02T00:41:27.1843871Z [90m   [39m    [90mSpec[39m                                              [90mTests[39m  [90mPassing[39m  [90mFailing[39m  [90mPending[39m  [90mSkipped[39m [90m [39m
Admin UI E2E (4, firefox)	Run Cypress	2025-02-02T00:41:27.1850993Z [90m  â”Œ[39m[90mâ”€[39m[90mâ”€[39m[90mâ”€[39m[90mâ”€[39m[90mâ”€[39m[90mâ”€[39m[90mâ”€[39m[90mâ”€[39m[90mâ”€[39m[90mâ”€[39m[90mâ”€[39m[90mâ”€[39m[90mâ”€[39m[90mâ”€[39m[90mâ”€[39m[90mâ”€[39m[90mâ”€[39m[90mâ”€[39m[90mâ”€[39m[90mâ”€[39m[90mâ”€[39m[90mâ”€[39m[90mâ”€[39m[90mâ”€[39m[90mâ”€[39m[90mâ”€[39m[90mâ”€[39m[90mâ”€[39m[90mâ”€[39m[90mâ”€[39m[90mâ”€[39m[90mâ”€[39m[90mâ”€[39m[90mâ”€[39m[90mâ”€[39m[90mâ”€[39m[90mâ”€[39m[90mâ”€[39m[90mâ”€[39m[90mâ”€[39m[90mâ”€[39m[90mâ”€[39m[90mâ”€[39m[90mâ”€[39m[90mâ”€[39m[90mâ”€[39m[90mâ”€[39m[90mâ”€[39m[90mâ”€[39m[90mâ”€[39m[90mâ”€[39m[90mâ”€[39m[90mâ”€[39m[90mâ”€[39m[90mâ”€[39m[90mâ”€[39m[90mâ”€[39m[90mâ”€[39m[90mâ”€[39m[90mâ”€[39m[90mâ”€[39m[90mâ”€[39m[90mâ”€[39m[90mâ”€[39m[90mâ”€[39m[90mâ”€[39m[90mâ”€[39m[90mâ”€[39m[90mâ”€[39m[90mâ”€[39m[90mâ”€[39m[90mâ”€[39m[90mâ”€[39m[90mâ”€[39m[90mâ”€[39m[90mâ”€[39m[90mâ”€[39m[90mâ”€[39m[90mâ”€[39m[90mâ”€[39m[90mâ”€[39m[90mâ”€[39m[90mâ”€[39m[90mâ”€[39m[90mâ”€[39m[90mâ”€[39m[90mâ”€[39m[90mâ”€[39m[90mâ”€[39m[90mâ”€[39m[90mâ”€[39m[90mâ”€[39m[90mâ”€[39m[90mâ”€[39m[90mâ”€[39m[90mâ”€[39m[90mâ”[39m
Admin UI E2E (4, firefox)	Run Cypress	2025-02-02T00:41:27.1856181Z [90m  â”‚[39m [32mâœ”[39m  [0mmasthead_test.spec.ts[0m                    [90m00:31[39m        [0m9[0m        [32m9[39m        [90m-[39m        [90m-[39m        [90m-[39m [90mâ”‚[39m
Admin UI E2E (4, firefox)	Run Cypress	2025-02-02T00:41:27.1874458Z [90m  â”œ[39m[90mâ”€[39m[90mâ”€[39m[90mâ”€[39m[90mâ”€[39m[90mâ”€[39m[90mâ”€[39m[90mâ”€[39m[90mâ”€[39m[90mâ”€[39m[90mâ”€[39m[90mâ”€[39m[90mâ”€[39m[90mâ”€[39m[90mâ”€[39m[90mâ”€[39m[90mâ”€[39m[90mâ”€[39m[90mâ”€[39m[90mâ”€[39m[90mâ”€[39m[90mâ”€[39m[90mâ”€[39m[90mâ”€[39m[90mâ”€[39m[90mâ”€[39m[90mâ”€[39m[90mâ”€[39m[90mâ”€[39m[90mâ”€[39m[90mâ”€[39m[90mâ”€[39m[90mâ”€[39m[90mâ”€[39m[90mâ”€[39m[90mâ”€[39m[90mâ”€[39m[90mâ”€[39m[90mâ”€[39m[90mâ”€[39m[90mâ”€[39m[90mâ”€[39m[90mâ”€[39m[90mâ”€[39m[90mâ”€[39m[90mâ”€[39m[90mâ”€[39m[90mâ”€[39m[90mâ”€[39m[90mâ”€[39m[90mâ”€[39m[90mâ”€[39m[90mâ”€[39m[90mâ”€[39m[90mâ”€[39m[90mâ”€[39m[90mâ”€[39m[90mâ”€[39m[90mâ”€[39m[90mâ”€[39m[90mâ”€[39m[90mâ”€[39m[90mâ”€[39m[90mâ”€[39m[90mâ”€[39m[90mâ”€[39m[90mâ”€[39m[90mâ”€[39m[90mâ”€[39m[90mâ”€[39m[90mâ”€[39m[90mâ”€[39m[90mâ”€[39m[90mâ”€[39m[90mâ”€[39m[90mâ”€[39m[90mâ”€[39m[90mâ”€[39m[90mâ”€[39m[90mâ”€[39m[90mâ”€[39m[90mâ”€[39m[90mâ”€[39m[90mâ”€[39m[90mâ”€[39m[90mâ”€[39m[90mâ”€[39m[90mâ”€[39m[90mâ”€[39m[90mâ”€[39m[90mâ”€[39m[90mâ”€[39m[90mâ”€[39m[90mâ”€[39m[90mâ”€[39m[90mâ”€[39m[90mâ”€[39m[90mâ”¤[39m
Admin UI E2E (4, firefox)	Run Cypress	2025-02-02T00:41:27.1879583Z [90m  â”‚[39m [32mâœ”[39m  [0mrealm_settings_client_policies_test[0m      [90m00:51[39m       [0m18[0m       [32m18[39m        [90m-[39m        [90m-[39m        [90m-[39m [90mâ”‚[39m
Admin UI E2E (4, firefox)	Run Cypress	2025-02-02T00:41:27.1881580Z [90m  â”‚[39m    [0m.spec.ts[0m                                                                                    [90mâ”‚[39m
Admin UI E2E (4, firefox)	Run Cypress	2025-02-02T00:41:27.1888218Z [90m  â”œ[39m[90mâ”€[39m[90mâ”€[39m[90mâ”€[39m[90mâ”€[39m[90mâ”€[39m[90mâ”€[39m[90mâ”€[39m[90mâ”€[39m[90mâ”€[39m[90mâ”€[39m[90mâ”€[39m[90mâ”€[39m[90mâ”€[39m[90mâ”€[39m[90mâ”€[39m[90mâ”€[39m[90mâ”€[39m[90mâ”€[39m[90mâ”€[39m[90mâ”€[39m[90mâ”€[39m[90mâ”€[39m[90mâ”€[39m[90mâ”€[39m[90mâ”€[39m[90mâ”€[39m[90mâ”€[39m[90mâ”€[39m[90mâ”€[39m[90mâ”€[39m[90mâ”€[39m[90mâ”€[39m[90mâ”€[39m[90mâ”€[39m[90mâ”€[39m[90mâ”€[39m[90mâ”€[39m[90mâ”€[39m[90mâ”€[39m[90mâ”€[39m[90mâ”€[39m[90mâ”€[39m[90mâ”€[39m[90mâ”€[39m[90mâ”€[39m[90mâ”€[39m[90mâ”€[39m[90mâ”€[39m[90mâ”€[39m[90mâ”€[39m[90mâ”€[39m[90mâ”€[39m[90mâ”€[39m[90mâ”€[39m[90mâ”€[39m[90mâ”€[39m[90mâ”€[39m[90mâ”€[39m[90mâ”€[39m[90mâ”€[39m[90mâ”€[39m[90mâ”€[39m[90mâ”€[39m[90mâ”€[39m[90mâ”€[39m[90mâ”€[39m[90mâ”€[39m[90mâ”€[39m[90mâ”€[39m[90mâ”€[39m[90mâ”€[39m[90mâ”€[39m[90mâ”€[39m[90mâ”€[39m[90mâ”€[39m[90mâ”€[39m[90mâ”€[39m[90mâ”€[39m[90mâ”€[39m[90mâ”€[39m[90mâ”€[39m[90mâ”€[39m[90mâ”€[39m[90mâ”€[39m[90mâ”€[39m[90mâ”€[39m[90mâ”€[39m[90mâ”€[39m[90mâ”€[39m[90mâ”€[39m[90mâ”€[39m[90mâ”€[39m[90mâ”€[39m[90mâ”€[39m[90mâ”€[39m[90mâ”€[39m[90mâ”¤[39m
Admin UI E2E (4, firefox)	Run Cypress	2025-02-02T00:41:27.1893105Z [90m  â”‚[39m [31mâœ–[39m  [0mrealm_roles_test.spec.ts[0m                 [90m03:29[39m       [0m22[0m       [32m21[39m        [31m1[39m        [90m-[39m        [90m-[39m [90mâ”‚[39m
Admin UI E2E (4, firefox)	Run Cypress	2025-02-02T00:41:27.1899902Z [90m  â”œ[39m[90mâ”€[39m[90mâ”€[39m[90mâ”€[39m[90mâ”€[39m[90mâ”€[39m[90mâ”€[39m[90mâ”€[39m[90mâ”€[39m[90mâ”€[39m[90mâ”€[39m[90mâ”€[39m[90mâ”€[39m[90mâ”€[39m[90mâ”€[39m[90mâ”€[39m[90mâ”€[39m[90mâ”€[39m[90mâ”€[39m[90mâ”€[39m[90mâ”€[39m[90mâ”€[39m[90mâ”€[39m[90mâ”€[39m[90mâ”€[39m[90mâ”€[39m[90mâ”€[39m[90mâ”€[39m[90mâ”€[39m[90mâ”€[39m[90mâ”€[39m[90mâ”€[39m[90mâ”€[39m[90mâ”€[39m[90mâ”€[39m[90mâ”€[39m[90mâ”€[39m[90mâ”€[39m[90mâ”€[39m[90mâ”€[39m[90mâ”€[39m[90mâ”€[39m[90mâ”€[39m[90mâ”€[39m[90mâ”€[39m[90mâ”€[39m[90mâ”€[39m[90mâ”€[39m[90mâ”€[39m[90mâ”€[39m[90mâ”€[39m[90mâ”€[39m[90mâ”€[39m[90mâ”€[39m[90mâ”€[39m[90mâ”€[39m[90mâ”€[39m[90mâ”€[39m[90mâ”€[39m[90mâ”€[39m[90mâ”€[39m[90mâ”€[39m[90mâ”€[39m[90mâ”€[39m[90mâ”€[39m[90mâ”€[39m[90mâ”€[39m[90mâ”€[39m[90mâ”€[39m[90mâ”€[39m[90mâ”€[39m[90mâ”€[39m[90mâ”€[39m[90mâ”€[39m[90mâ”€[39m[90mâ”€[39m[90mâ”€[39m[90mâ”€[39m[90mâ”€[39m[90mâ”€[39m[90mâ”€[39m[90mâ”€[39m[90mâ”€[39m[90mâ”€[39m[90mâ”€[39m[90mâ”€[39m[90mâ”€[39m[90mâ”€[39m[90mâ”€[39m[90mâ”€[39m[90mâ”€[39m[90mâ”€[39m[90mâ”€[39m[90mâ”€[39m[90mâ”€[39m[90mâ”€[39m[90mâ”€[39m[90mâ”¤[39m
Admin UI E2E (4, firefox)	Run Cypress	2025-02-02T00:41:27.1904924Z [90m  â”‚[39m [32mâœ”[39m  [0mclient_authorization_test.spec.ts[0m        [90m00:57[39m       [0m12[0m       [32m11[39m        [90m-[39m        [36m1[39m        [90m-[39m [90mâ”‚[39m
Admin UI E2E (4, firefox)	Run Cypress	2025-02-02T00:41:27.1915301Z [90m  â””[39m[90mâ”€[39m[90mâ”€[39m[90mâ”€[39m[90mâ”€[39m[90mâ”€[39m[90mâ”€[39m[90mâ”€[39m[90mâ”€[39m[90mâ”€[39m[90mâ”€[39m[90mâ”€[39m[90mâ”€[39m[90mâ”€[39m[90mâ”€[39m[90mâ”€[39m[90mâ”€[39m[90mâ”€[39m[90mâ”€[39m[90mâ”€[39m[90mâ”€[39m[90mâ”€[39m[90mâ”€[39m[90mâ”€[39m[90mâ”€[39m[90mâ”€[39m[90mâ”€[39m[90mâ”€[39m[90mâ”€[39m[90mâ”€[39m[90mâ”€[39m[90mâ”€[39m[90mâ”€[39m[90mâ”€[39m[90mâ”€[39m[90mâ”€[39m[90mâ”€[39m[90mâ”€[39m[90mâ”€[39m[90mâ”€[39m[90mâ”€[39m[90mâ”€[39m[90mâ”€[39m[90mâ”€[39m[90mâ”€[39m[90mâ”€[39m[90mâ”€[39m[90mâ”€[39m[90mâ”€[39m[90mâ”€[39m[90mâ”€[39m[90mâ”€[39m[90mâ”€[39m[90mâ”€[39m[90mâ”€[39m[90mâ”€[39m[90mâ”€[39m[90mâ”€[39m[90mâ”€[39m[90mâ”€[39m[90mâ”€[39m[90mâ”€[39m[90mâ”€[39m[90mâ”€[39m[90mâ”€[39m[90mâ”€[39m[90mâ”€[39m[90mâ”€[39m[90mâ”€[39m[90mâ”€[39m[90mâ”€[39m[90mâ”€[39m[90mâ”€[39m[90mâ”€[39m[90mâ”€[39m[90mâ”€[39m[90mâ”€[39m[90mâ”€[39m[90mâ”€[39m[90mâ”€[39m[90mâ”€[39m[90mâ”€[39m[90mâ”€[39m[90mâ”€[39m[90mâ”€[39m[90mâ”€[39m[90mâ”€[39m[90mâ”€[39m[90mâ”€[39m[90mâ”€[39m[90mâ”€[39m[90mâ”€[39m[90mâ”€[39m[90mâ”€[39m[90mâ”€[39m[90mâ”€[39m[90mâ”€[39m[90mâ”˜[39m
Admin UI E2E (4, firefox)	Run Cypress	2025-02-02T00:41:27.1919942Z [90m   [39m [31mâœ–[39m  [31m1 of 4 failed (25%)[39m                      [90m05:49[39m       [0m61[0m       [32m59[39m        [31m1[39m        [36m1[39m        [90m-[39m [90m [39m
Admin UI E2E (4, firefox)	Run Cypress	2025-02-02T00:41:27.1920960Z 
Admin UI E2E (4, firefox)	Run Cypress	2025-02-02T00:41:27.3210190Z ##[error]Cypress tests: 1 failed
Status Check - Keycloak JavaScript CI	Run /./.github/actions/status-check	2025-02-02T00:41:45.4500163Z Prepare all required actions
Status Check - Keycloak JavaScript CI	Run /./.github/actions/status-check	2025-02-02T00:41:45.4564772Z ##[group]Run ./.github/actions/status-check
Status Check - Keycloak JavaScript CI	Run /./.github/actions/status-check	2025-02-02T00:41:45.4565128Z with:
Status Check - Keycloak JavaScript CI	Run /./.github/actions/status-check	2025-02-02T00:41:45.4566288Z   jobs: {
Status Check - Keycloak JavaScript CI	Run /./.github/actions/status-check	  "conditional": {
Status Check - Keycloak JavaScript CI	Run /./.github/actions/status-check	    "result": "success",
Status Check - Keycloak JavaScript CI	Run /./.github/actions/status-check	    "outputs": {
Status Check - Keycloak JavaScript CI	Run /./.github/actions/status-check	      "js-ci": "true"
Status Check - Keycloak JavaScript CI	Run /./.github/actions/status-check	    }
Status Check - Keycloak JavaScript CI	Run /./.github/actions/status-check	  },
Status Check - Keycloak JavaScript CI	Run /./.github/actions/status-check	  "build-keycloak": {
Status Check - Keycloak JavaScript CI	Run /./.github/actions/status-check	    "result": "success",
Status Check - Keycloak JavaScript CI	Run /./.github/actions/status-check	    "outputs": {}
Status Check - Keycloak JavaScript CI	Run /./.github/actions/status-check	  },
Status Check - Keycloak JavaScript CI	Run /./.github/actions/status-check	  "admin-client": {
Status Check - Keycloak JavaScript CI	Run /./.github/actions/status-check	    "result": "success",
Status Check - Keycloak JavaScript CI	Run /./.github/actions/status-check	    "outputs": {}
Status Check - Keycloak JavaScript CI	Run /./.github/actions/status-check	  },
Status Check - Keycloak JavaScript CI	Run /./.github/actions/status-check	  "ui-shared": {
Status Check - Keycloak JavaScript CI	Run /./.github/actions/status-check	    "result": "success",
Status Check - Keycloak JavaScript CI	Run /./.github/actions/status-check	    "outputs": {}
Status Check - Keycloak JavaScript CI	Run /./.github/actions/status-check	  },
Status Check - Keycloak JavaScript CI	Run /./.github/actions/status-check	  "account-ui": {
Status Check - Keycloak JavaScript CI	Run /./.github/actions/status-check	    "result": "success",
Status Check - Keycloak JavaScript CI	Run /./.github/actions/status-check	    "outputs": {}
Status Check - Keycloak JavaScript CI	Run /./.github/actions/status-check	  },
Status Check - Keycloak JavaScript CI	Run /./.github/actions/status-check	  "account-ui-e2e": {
Status Check - Keycloak JavaScript CI	Run /./.github/actions/status-check	    "result": "success",
Status Check - Keycloak JavaScript CI	Run /./.github/actions/status-check	    "outputs": {}
Status Check - Keycloak JavaScript CI	Run /./.github/actions/status-check	  },
Status Check - Keycloak JavaScript CI	Run /./.github/actions/status-check	  "admin-ui": {
Status Check - Keycloak JavaScript CI	Run /./.github/actions/status-check	    "result": "success",
Status Check - Keycloak JavaScript CI	Run /./.github/actions/status-check	    "outputs": {}
Status Check - Keycloak JavaScript CI	Run /./.github/actions/status-check	  },
Status Check - Keycloak JavaScript CI	Run /./.github/actions/status-check	  "admin-ui-e2e": {
Status Check - Keycloak JavaScript CI	Run /./.github/actions/status-check	    "result": "failure",
Status Check - Keycloak JavaScript CI	Run /./.github/actions/status-check	    "outputs": {}
Status Check - Keycloak JavaScript CI	Run /./.github/actions/status-check	  }
Status Check - Keycloak JavaScript CI	Run /./.github/actions/status-check	}
Status Check - Keycloak JavaScript CI	Run /./.github/actions/status-check	2025-02-02T00:41:45.4567838Z env:
Status Check - Keycloak JavaScript CI	Run /./.github/actions/status-check	2025-02-02T00:41:45.4568137Z   MAVEN_ARGS: -B -nsu -Daether.connector.http.connectionMaxTtl=25
Status Check - Keycloak JavaScript CI	Run /./.github/actions/status-check	2025-02-02T00:41:45.4568496Z   RETRY_COUNT: 3
Status Check - Keycloak JavaScript CI	Run /./.github/actions/status-check	2025-02-02T00:41:45.4568709Z ##[endgroup]
Status Check - Keycloak JavaScript CI	Run /./.github/actions/status-check	2025-02-02T00:41:45.4663378Z ##[group]Run JOBS='{
Status Check - Keycloak JavaScript CI	Run /./.github/actions/status-check	2025-02-02T00:41:45.4663806Z [36;1mJOBS='{[0m
Status Check - Keycloak JavaScript CI	Run /./.github/actions/status-check	2025-02-02T00:41:45.4664054Z [36;1m  "conditional": {[0m
Status Check - Keycloak JavaScript CI	Run /./.github/actions/status-check	2025-02-02T00:41:45.4664323Z [36;1m    "result": "success",[0m
Status Check - Keycloak JavaScript CI	Run /./.github/actions/status-check	2025-02-02T00:41:45.4664620Z [36;1m    "outputs": {[0m
Status Check - Keycloak JavaScript CI	Run /./.github/actions/status-check	2025-02-02T00:41:45.4664889Z [36;1m      "js-ci": "true"[0m
Status Check - Keycloak JavaScript CI	Run /./.github/actions/status-check	2025-02-02T00:41:45.4665150Z [36;1m    }[0m
Status Check - Keycloak JavaScript CI	Run /./.github/actions/status-check	2025-02-02T00:41:45.4665384Z [36;1m  },[0m
Status Check - Keycloak JavaScript CI	Run /./.github/actions/status-check	2025-02-02T00:41:45.4665629Z [36;1m  "build-keycloak": {[0m
Status Check - Keycloak JavaScript CI	Run /./.github/actions/status-check	2025-02-02T00:41:45.4665897Z [36;1m    "result": "success",[0m
Status Check - Keycloak JavaScript CI	Run /./.github/actions/status-check	2025-02-02T00:41:45.4666172Z [36;1m    "outputs": {}[0m
Status Check - Keycloak JavaScript CI	Run /./.github/actions/status-check	2025-02-02T00:41:45.4666419Z [36;1m  },[0m
Status Check - Keycloak JavaScript CI	Run /./.github/actions/status-check	2025-02-02T00:41:45.4666646Z [36;1m  "admin-client": {[0m
Status Check - Keycloak JavaScript CI	Run /./.github/actions/status-check	2025-02-02T00:41:45.4666914Z [36;1m    "result": "success",[0m
Status Check - Keycloak JavaScript CI	Run /./.github/actions/status-check	2025-02-02T00:41:45.4667198Z [36;1m    "outputs": {}[0m
Status Check - Keycloak JavaScript CI	Run /./.github/actions/status-check	2025-02-02T00:41:45.4667437Z [36;1m  },[0m
Status Check - Keycloak JavaScript CI	Run /./.github/actions/status-check	2025-02-02T00:41:45.4667662Z [36;1m  "ui-shared": {[0m
Status Check - Keycloak JavaScript CI	Run /./.github/actions/status-check	2025-02-02T00:41:45.4667912Z [36;1m    "result": "success",[0m
Status Check - Keycloak JavaScript CI	Run /./.github/actions/status-check	2025-02-02T00:41:45.4668176Z [36;1m    "outputs": {}[0m
Status Check - Keycloak JavaScript CI	Run /./.github/actions/status-check	2025-02-02T00:41:45.4668423Z [36;1m  },[0m
Status Check - Keycloak JavaScript CI	Run /./.github/actions/status-check	2025-02-02T00:41:45.4668634Z [36;1m  "account-ui": {[0m
Status Check - Keycloak JavaScript CI	Run /./.github/actions/status-check	2025-02-02T00:41:45.4668888Z [36;1m    "result": "success",[0m
Status Check - Keycloak JavaScript CI	Run /./.github/actions/status-check	2025-02-02T00:41:45.4669352Z [36;1m    "outputs": {}[0m
Status Check - Keycloak JavaScript CI	Run /./.github/actions/status-check	2025-02-02T00:41:45.4669702Z [36;1m  },[0m
Status Check - Keycloak JavaScript CI	Run /./.github/actions/status-check	2025-02-02T00:41:45.4669929Z [36;1m  "account-ui-e2e": {[0m
Status Check - Keycloak JavaScript CI	Run /./.github/actions/status-check	2025-02-02T00:41:45.4670192Z [36;1m    "result": "success",[0m
Status Check - Keycloak JavaScript CI	Run /./.github/actions/status-check	2025-02-02T00:41:45.4670449Z [36;1m    "outputs": {}[0m
Status Check - Keycloak JavaScript CI	Run /./.github/actions/status-check	2025-02-02T00:41:45.4670703Z [36;1m  },[0m
Status Check - Keycloak JavaScript CI	Run /./.github/actions/status-check	2025-02-02T00:41:45.4670920Z [36;1m  "admin-ui": {[0m
Status Check - Keycloak JavaScript CI	Run /./.github/actions/status-check	2025-02-02T00:41:45.4671161Z [36;1m    "result": "success",[0m
Status Check - Keycloak JavaScript CI	Run /./.github/actions/status-check	2025-02-02T00:41:45.4671423Z [36;1m    "outputs": {}[0m
Status Check - Keycloak JavaScript CI	Run /./.github/actions/status-check	2025-02-02T00:41:45.4671656Z [36;1m  },[0m
Status Check - Keycloak JavaScript CI	Run /./.github/actions/status-check	2025-02-02T00:41:45.4671875Z [36;1m  "admin-ui-e2e": {[0m
Status Check - Keycloak JavaScript CI	Run /./.github/actions/status-check	2025-02-02T00:41:45.4672130Z [36;1m    "result": "failure",[0m
Status Check - Keycloak JavaScript CI	Run /./.github/actions/status-check	2025-02-02T00:41:45.4672393Z [36;1m    "outputs": {}[0m
Status Check - Keycloak JavaScript CI	Run /./.github/actions/status-check	2025-02-02T00:41:45.4672631Z [36;1m  }[0m
Status Check - Keycloak JavaScript CI	Run /./.github/actions/status-check	2025-02-02T00:41:45.4672838Z [36;1m}'[0m
Status Check - Keycloak JavaScript CI	Run /./.github/actions/status-check	2025-02-02T00:41:45.4673058Z [36;1m[0m
Status Check - Keycloak JavaScript CI	Run /./.github/actions/status-check	2025-02-02T00:41:45.4673275Z [36;1mecho "Job status:"[0m
Status Check - Keycloak JavaScript CI	Run /./.github/actions/status-check	2025-02-02T00:41:45.4673648Z [36;1mecho $JOBS | jq -r 'to_entries[] | " - \(.key): \(.value.result)"'[0m
Status Check - Keycloak JavaScript CI	Run /./.github/actions/status-check	2025-02-02T00:41:45.4674015Z [36;1m[0m
Status Check - Keycloak JavaScript CI	Run /./.github/actions/status-check	2025-02-02T00:41:45.4674304Z [36;1mfor i in $(echo $JOBS | jq -r 'to_entries[] | .value.result'); do[0m
Status Check - Keycloak JavaScript CI	Run /./.github/actions/status-check	2025-02-02T00:41:45.4674721Z [36;1m  if [ "$i" != "success" ] && [ "$i" != "skipped" ]; then[0m
Status Check - Keycloak JavaScript CI	Run /./.github/actions/status-check	2025-02-02T00:41:45.4675040Z [36;1m    echo ""[0m
Status Check - Keycloak JavaScript CI	Run /./.github/actions/status-check	2025-02-02T00:41:45.4675291Z [36;1m    echo "Status check not okay!"[0m
Status Check - Keycloak JavaScript CI	Run /./.github/actions/status-check	2025-02-02T00:41:45.4675578Z [36;1m    exit 1[0m
Status Check - Keycloak JavaScript CI	Run /./.github/actions/status-check	2025-02-02T00:41:45.4675804Z [36;1m  fi[0m
Status Check - Keycloak JavaScript CI	Run /./.github/actions/status-check	2025-02-02T00:41:45.4676012Z [36;1mdone[0m
Status Check - Keycloak JavaScript CI	Run /./.github/actions/status-check	2025-02-02T00:41:45.4707876Z shell: /usr/bin/bash --noprofile --norc -e -o pipefail {0}
Status Check - Keycloak JavaScript CI	Run /./.github/actions/status-check	2025-02-02T00:41:45.4708302Z env:
Status Check - Keycloak JavaScript CI	Run /./.github/actions/status-check	2025-02-02T00:41:45.4708613Z   MAVEN_ARGS: -B -nsu -Daether.connector.http.connectionMaxTtl=25
Status Check - Keycloak JavaScript CI	Run /./.github/actions/status-check	2025-02-02T00:41:45.4708987Z   RETRY_COUNT: 3
Status Check - Keycloak JavaScript CI	Run /./.github/actions/status-check	2025-02-02T00:41:45.4709554Z ##[endgroup]
Status Check - Keycloak JavaScript CI	Run /./.github/actions/status-check	2025-02-02T00:41:45.4777509Z Job status:
Status Check - Keycloak JavaScript CI	Run /./.github/actions/status-check	2025-02-02T00:41:45.4821500Z  - conditional: success
Status Check - Keycloak JavaScript CI	Run /./.github/actions/status-check	2025-02-02T00:41:45.4822000Z  - build-keycloak: success
Status Check - Keycloak JavaScript CI	Run /./.github/actions/status-check	2025-02-02T00:41:45.4822379Z  - admin-client: success
Status Check - Keycloak JavaScript CI	Run /./.github/actions/status-check	2025-02-02T00:41:45.4822636Z  - ui-shared: success
Status Check - Keycloak JavaScript CI	Run /./.github/actions/status-check	2025-02-02T00:41:45.4822876Z  - account-ui: success
Status Check - Keycloak JavaScript CI	Run /./.github/actions/status-check	2025-02-02T00:41:45.4823129Z  - account-ui-e2e: success
Status Check - Keycloak JavaScript CI	Run /./.github/actions/status-check	2025-02-02T00:41:45.4823390Z  - admin-ui: success
Status Check - Keycloak JavaScript CI	Run /./.github/actions/status-check	2025-02-02T00:41:45.4823629Z  - admin-ui-e2e: failure
Status Check - Keycloak JavaScript CI	Run /./.github/actions/status-check	2025-02-02T00:41:45.4856380Z 
Status Check - Keycloak JavaScript CI	Run /./.github/actions/status-check	2025-02-02T00:41:45.4856635Z Status check not okay!
Status Check - Keycloak JavaScript CI	Run /./.github/actions/status-check	2025-02-02T00:41:45.4869562Z ##[error]Process completed with exit code 1.
