Admin UI E2E (firefox)	Run Playwright tests	Ôªø2026-01-08T04:24:54.2253468Z ##[group]Run pnpm --fail-if-no-match --filter @keycloak/keycloak-admin-ui test:integration -- --project=firefox
Admin UI E2E (firefox)	Run Playwright tests	2026-01-08T04:24:54.2254264Z [36;1mpnpm --fail-if-no-match --filter @keycloak/keycloak-admin-ui test:integration -- --project=firefox[0m
Admin UI E2E (firefox)	Run Playwright tests	2026-01-08T04:24:54.2288570Z shell: /usr/bin/bash --noprofile --norc -e -o pipefail {0}
Admin UI E2E (firefox)	Run Playwright tests	2026-01-08T04:24:54.2288903Z env:
Admin UI E2E (firefox)	Run Playwright tests	2026-01-08T04:24:54.2289201Z   MAVEN_ARGS: -B -nsu -Daether.connector.http.connectionMaxTtl=25
Admin UI E2E (firefox)	Run Playwright tests	2026-01-08T04:24:54.2289562Z   WORKSPACE: @keycloak/keycloak-admin-ui
Admin UI E2E (firefox)	Run Playwright tests	2026-01-08T04:24:54.2289821Z   RETRY_COUNT: 3
Admin UI E2E (firefox)	Run Playwright tests	2026-01-08T04:24:54.2290123Z   JAVA_HOME: /opt/hostedtoolcache/Java_Temurin-Hotspot_jdk/21.0.9-10/x64
Admin UI E2E (firefox)	Run Playwright tests	2026-01-08T04:24:54.2290575Z   JAVA_HOME_21_X64: /opt/hostedtoolcache/Java_Temurin-Hotspot_jdk/21.0.9-10/x64
Admin UI E2E (firefox)	Run Playwright tests	2026-01-08T04:24:54.2290926Z ##[endgroup]
Admin UI E2E (firefox)	Run Playwright tests	2026-01-08T04:24:54.5478687Z 
Admin UI E2E (firefox)	Run Playwright tests	2026-01-08T04:24:54.5479919Z > @keycloak/keycloak-admin-ui@999.0.0-SNAPSHOT test:integration /home/runner/work/keycloak/keycloak/js/apps/admin-ui
Admin UI E2E (firefox)	Run Playwright tests	2026-01-08T04:24:54.5480639Z > wireit -- --project=firefox
Admin UI E2E (firefox)	Run Playwright tests	2026-01-08T04:24:54.5480818Z 
Admin UI E2E (firefox)	Run Playwright tests	2026-01-08T04:24:54.6523656Z Analyzing
Admin UI E2E (firefox)	Run Playwright tests	2026-01-08T04:24:55.6542959Z   0% [0 / 2] [1 running] ../../libs/keycloak-admin-client:build
Admin UI E2E (firefox)	Run Playwright tests	2026-01-08T04:24:56.3178033Z (node:5646) [DEP0190] DeprecationWarning: Passing args to a child process with shell option true can lead to security vulnerabilities, as the arguments are not escaped, only concatenated.
Admin UI E2E (firefox)	Run Playwright tests	2026-01-08T04:24:56.3179085Z (Use `node --trace-deprecation ...` to show where the warning was created)
Admin UI E2E (firefox)	Run Playwright tests	2026-01-08T04:24:56.6544320Z  50% [1 / 2] [1 running] test:integration
Admin UI E2E (firefox)	Run Playwright tests	2026-01-08T04:24:59.0398644Z 
Admin UI E2E (firefox)	Run Playwright tests	2026-01-08T04:24:59.0399264Z Running 384 tests using 1 worker
Admin UI E2E (firefox)	Run Playwright tests	2026-01-08T04:29:55.4817679Z ¬∑¬∑¬∑¬∑¬∑¬∑¬∑¬∑¬∑F¬∑¬∑¬∑¬∑¬∑¬∑¬∑¬∑¬∑¬∑¬∑¬∑¬∑¬∑¬∑¬∑¬∑¬∑¬∑¬∑¬∑¬∑¬∑¬∑¬∑¬∑¬∑¬∑¬∑¬∑¬∑¬∑¬∑¬∑¬∑¬∑¬∑¬∑¬∑¬∑¬∑¬∑¬∑¬∑¬∑¬∑¬∑¬∑¬∑¬∑¬∑¬∑¬∑¬∑¬∑¬∑¬∑¬∑¬∑¬∑¬∑¬∑¬∑¬∑¬∑¬∑¬∑¬∑¬∑¬∞
Admin UI E2E (firefox)	Run Playwright tests	2026-01-08T04:33:54.7487269Z ¬∑¬∑¬∑¬∑¬∑¬∑¬∑¬∑¬∞¬∑¬∑¬∑¬∑¬∑¬∑¬∑¬∑¬∑¬∑¬∑¬∑¬∑¬∑¬∑¬∑¬∑¬∑¬∑¬∑¬∑¬∑¬∑¬∑¬∑¬∞¬∑¬∑¬∑¬∑¬∑¬∑¬∑¬∑¬∑¬∑¬∑¬∑¬∑¬∑¬∑¬∑¬∑¬∑¬∑¬∑¬∑¬∑¬∑¬∑¬∑¬∑¬∑¬∑¬∑¬∑¬∑¬∑¬∑¬∑¬∑¬∑¬∑¬∑¬∑¬∑¬∑¬∑¬∑¬∑¬∑
Admin UI E2E (firefox)	Run Playwright tests	2026-01-08T04:38:09.9320387Z ¬∑¬∑¬∑¬∑¬∑¬∑¬∑¬∑¬∑¬∑¬∑¬∑¬∑¬∑¬∑¬∑¬∑¬∑¬∑¬∑¬∑¬∑¬∑¬∑¬∑¬∑¬∑¬∑¬∑¬∑¬∑¬∑¬∑¬∑¬∑¬∑¬∑¬∑¬∑¬∑¬∑¬∑¬∑¬∑¬∑¬∑¬∑¬∑¬∑¬∑¬∑¬∑¬∑¬∑¬∑¬∑¬∑¬∑¬∑¬∑¬∑¬∑¬∑¬∑¬∑¬∑¬∑¬∑¬∑¬∑¬∑¬∑¬∑¬∑¬∑¬∑¬∑¬∑¬∑¬∑
Admin UI E2E (firefox)	Run Playwright tests	2026-01-08T04:42:19.1116647Z ¬∑¬∑¬∑¬∑¬∑¬∑¬∑¬∑¬∑¬∑¬∑¬∑¬∑¬∑¬∑¬∑¬∑¬∑¬∑¬∑¬∑¬∑¬∑¬∑¬∑¬∑¬∑¬∑¬∑¬∑¬∑¬∑¬∑¬∑¬∑¬∑¬∑¬∑¬∑¬∑¬∑¬∑¬∑¬∑¬∑¬∑¬∑¬∑¬∑¬∑¬∑¬∑¬∑¬∑¬∑¬∑¬∑¬∑¬∑¬∑¬∑¬∑¬∑¬∑¬∑¬∑¬∑¬∑¬∑¬∑¬∑¬∑¬∑¬∑¬∑¬∑¬∑¬∑¬∑¬∑
Admin UI E2E (firefox)	Run Playwright tests	2026-01-08T04:45:35.4836860Z ¬∑¬∑¬∑¬∑¬∑¬∑¬∑¬∑¬∑¬∑¬∑¬∑¬∑¬∑¬∑¬∑¬∑¬∑¬∑¬∑¬∑¬∑¬∑¬∑¬∑¬∑¬∑¬∑¬∑¬∑¬∑¬∑¬∑¬∑¬∑¬∑¬∑¬∑¬∑¬∑¬∑¬∑¬∑¬∑¬∑¬∑¬∑¬∑¬∑¬∑¬∑¬∑¬∑¬∑¬∑¬∑¬∑¬∑¬∑¬∑¬∑¬∑¬∑Deleting workflow: workflow-complex-6773df0c-3db2-47c4-86ce-8dbfffe30f0f -- Copy
Admin UI E2E (firefox)	Run Playwright tests	2026-01-08T04:45:37.4297049Z ¬∑
Admin UI E2E (firefox)	Run Playwright tests	2026-01-08T04:45:37.4298759Z 
Admin UI E2E (firefox)	Run Playwright tests	2026-01-08T04:45:37.4303889Z   1) [firefox] ‚Ä∫ test/autentication/flows.spec.ts:222:3 ‚Ä∫ Authentication flow details ‚Ä∫ drags and drops execution 
Admin UI E2E (firefox)	Run Playwright tests	2026-01-08T04:45:37.4304632Z 
Admin UI E2E (firefox)	Run Playwright tests	2026-01-08T04:45:37.4305366Z     Error: [2mexpect([22m[31mlocator[39m[2m).[22mtoHaveText[2m([22m[32mexpected[39m[2m)[22m failed
Admin UI E2E (firefox)	Run Playwright tests	2026-01-08T04:45:37.4305950Z 
Admin UI E2E (firefox)	Run Playwright tests	2026-01-08T04:45:37.4306163Z     Locator: getByTestId('last-alert')
Admin UI E2E (firefox)	Run Playwright tests	2026-01-08T04:45:37.4306801Z     Expected: [32m"Flow successfully updated"[39m
Admin UI E2E (firefox)	Run Playwright tests	2026-01-08T04:45:37.4307274Z     Timeout: 5000ms
Admin UI E2E (firefox)	Run Playwright tests	2026-01-08T04:45:37.4307639Z     Error: element(s) not found
Admin UI E2E (firefox)	Run Playwright tests	2026-01-08T04:45:37.4307887Z 
Admin UI E2E (firefox)	Run Playwright tests	2026-01-08T04:45:37.4308019Z     Call log:
Admin UI E2E (firefox)	Run Playwright tests	2026-01-08T04:45:37.4308595Z     [2m  - Expect "toHaveText" with timeout 5000ms[22m
Admin UI E2E (firefox)	Run Playwright tests	2026-01-08T04:45:37.4309252Z     [2m  - waiting for getByTestId('last-alert')[22m
Admin UI E2E (firefox)	Run Playwright tests	2026-01-08T04:45:37.4309588Z 
Admin UI E2E (firefox)	Run Playwright tests	2026-01-08T04:45:37.4310061Z 
Admin UI E2E (firefox)	Run Playwright tests	2026-01-08T04:45:37.4310221Z        at utils/masthead.ts:5
Admin UI E2E (firefox)	Run Playwright tests	2026-01-08T04:45:37.4310479Z 
Admin UI E2E (firefox)	Run Playwright tests	2026-01-08T04:45:37.4310600Z       3 |
Admin UI E2E (firefox)	Run Playwright tests	2026-01-08T04:45:37.4311231Z       4 | export async function assertNotificationMessage(page: Page, message: string) {
Admin UI E2E (firefox)	Run Playwright tests	2026-01-08T04:45:37.4312314Z     > 5 |   await expect(page.getByTestId("last-alert")).toHaveText(message);
Admin UI E2E (firefox)	Run Playwright tests	2026-01-08T04:45:37.4312973Z         |                                                ^
Admin UI E2E (firefox)	Run Playwright tests	2026-01-08T04:45:37.4313374Z       6 | }
Admin UI E2E (firefox)	Run Playwright tests	2026-01-08T04:45:37.4313644Z       7 |
Admin UI E2E (firefox)	Run Playwright tests	2026-01-08T04:45:37.4314065Z       8 | function getActionToggleButton(page: Page) {
Admin UI E2E (firefox)	Run Playwright tests	2026-01-08T04:45:37.4315118Z         at assertNotificationMessage (/home/runner/work/keycloak/keycloak/js/apps/admin-ui/test/utils/masthead.ts:5:48)
Admin UI E2E (firefox)	Run Playwright tests	2026-01-08T04:45:37.4316430Z         at /home/runner/work/keycloak/keycloak/js/apps/admin-ui/test/autentication/flows.spec.ts:209:11
Admin UI E2E (firefox)	Run Playwright tests	2026-01-08T04:45:37.4317397Z 
Admin UI E2E (firefox)	Run Playwright tests	2026-01-08T04:45:37.4318171Z     Error Context: test-results/autentication-flows-Authen-a926b-s-drags-and-drops-execution-firefox/error-context.md
Admin UI E2E (firefox)	Run Playwright tests	2026-01-08T04:45:37.4318999Z 
Admin UI E2E (firefox)	Run Playwright tests	2026-01-08T04:45:37.4319684Z     attachment #2: trace (application/zip) ‚îÄ‚îÄ‚îÄ‚îÄ‚îÄ‚îÄ‚îÄ‚îÄ‚îÄ‚îÄ‚îÄ‚îÄ‚îÄ‚îÄ‚îÄ‚îÄ‚îÄ‚îÄ‚îÄ‚îÄ‚îÄ‚îÄ‚îÄ‚îÄ‚îÄ‚îÄ‚îÄ‚îÄ‚îÄ‚îÄ‚îÄ‚îÄ‚îÄ‚îÄ‚îÄ‚îÄ‚îÄ‚îÄ‚îÄ‚îÄ‚îÄ‚îÄ‚îÄ‚îÄ‚îÄ‚îÄ‚îÄ‚îÄ‚îÄ‚îÄ‚îÄ‚îÄ‚îÄ‚îÄ‚îÄ‚îÄ‚îÄ
Admin UI E2E (firefox)	Run Playwright tests	2026-01-08T04:45:37.4320819Z     test-results/autentication-flows-Authen-a926b-s-drags-and-drops-execution-firefox/trace.zip
Admin UI E2E (firefox)	Run Playwright tests	2026-01-08T04:45:37.4321616Z     Usage:
Admin UI E2E (firefox)	Run Playwright tests	2026-01-08T04:45:37.4321786Z 
Admin UI E2E (firefox)	Run Playwright tests	2026-01-08T04:45:37.4322794Z         pnpm exec playwright show-trace test-results/autentication-flows-Authen-a926b-s-drags-and-drops-execution-firefox/trace.zip
Admin UI E2E (firefox)	Run Playwright tests	2026-01-08T04:45:37.4323646Z 
Admin UI E2E (firefox)	Run Playwright tests	2026-01-08T04:45:37.4324194Z     ‚îÄ‚îÄ‚îÄ‚îÄ‚îÄ‚îÄ‚îÄ‚îÄ‚îÄ‚îÄ‚îÄ‚îÄ‚îÄ‚îÄ‚îÄ‚îÄ‚îÄ‚îÄ‚îÄ‚îÄ‚îÄ‚îÄ‚îÄ‚îÄ‚îÄ‚îÄ‚îÄ‚îÄ‚îÄ‚îÄ‚îÄ‚îÄ‚îÄ‚îÄ‚îÄ‚îÄ‚îÄ‚îÄ‚îÄ‚îÄ‚îÄ‚îÄ‚îÄ‚îÄ‚îÄ‚îÄ‚îÄ‚îÄ‚îÄ‚îÄ‚îÄ‚îÄ‚îÄ‚îÄ‚îÄ‚îÄ‚îÄ‚îÄ‚îÄ‚îÄ‚îÄ‚îÄ‚îÄ‚îÄ‚îÄ‚îÄ‚îÄ‚îÄ‚îÄ‚îÄ‚îÄ‚îÄ‚îÄ‚îÄ‚îÄ‚îÄ‚îÄ‚îÄ‚îÄ‚îÄ‚îÄ‚îÄ‚îÄ‚îÄ‚îÄ‚îÄ‚îÄ‚îÄ‚îÄ‚îÄ‚îÄ‚îÄ‚îÄ‚îÄ‚îÄ‚îÄ
Admin UI E2E (firefox)	Run Playwright tests	2026-01-08T04:45:37.4324570Z 
Admin UI E2E (firefox)	Run Playwright tests	2026-01-08T04:45:37.4324707Z   1 failed
Admin UI E2E (firefox)	Run Playwright tests	2026-01-08T04:45:37.4325647Z     [firefox] ‚Ä∫ test/autentication/flows.spec.ts:222:3 ‚Ä∫ Authentication flow details ‚Ä∫ drags and drops execution 
Admin UI E2E (firefox)	Run Playwright tests	2026-01-08T04:45:37.4326411Z   3 skipped
Admin UI E2E (firefox)	Run Playwright tests	2026-01-08T04:45:37.4326707Z   380 passed (20.7m)
Admin UI E2E (firefox)	Run Playwright tests	2026-01-08T04:45:37.4364038Z ##[error]  1) [firefox] ‚Ä∫ test/autentication/flows.spec.ts:222:3 ‚Ä∫ Authentication flow details ‚Ä∫ drags and drops execution 
Admin UI E2E (firefox)	Run Playwright tests	    Error: expect(locator).toHaveText(expected) failed
Admin UI E2E (firefox)	Run Playwright tests	
Admin UI E2E (firefox)	Run Playwright tests	    Locator: getByTestId('last-alert')
Admin UI E2E (firefox)	Run Playwright tests	    Expected: "Flow successfully updated"
Admin UI E2E (firefox)	Run Playwright tests	    Timeout: 5000ms
Admin UI E2E (firefox)	Run Playwright tests	    Error: element(s) not found
Admin UI E2E (firefox)	Run Playwright tests	
Admin UI E2E (firefox)	Run Playwright tests	    Call log:
Admin UI E2E (firefox)	Run Playwright tests	      - Expect "toHaveText" with timeout 5000ms
Admin UI E2E (firefox)	Run Playwright tests	      - waiting for getByTestId('last-alert')
Admin UI E2E (firefox)	Run Playwright tests	
Admin UI E2E (firefox)	Run Playwright tests	
Admin UI E2E (firefox)	Run Playwright tests	       at utils/masthead.ts:5
Admin UI E2E (firefox)	Run Playwright tests	
Admin UI E2E (firefox)	Run Playwright tests	      3 |
Admin UI E2E (firefox)	Run Playwright tests	      4 | export async function assertNotificationMessage(page: Page, message: string) {
Admin UI E2E (firefox)	Run Playwright tests	    > 5 |   await expect(page.getByTestId("last-alert")).toHaveText(message);
Admin UI E2E (firefox)	Run Playwright tests	        |                                                ^
Admin UI E2E (firefox)	Run Playwright tests	      6 | }
Admin UI E2E (firefox)	Run Playwright tests	      7 |
Admin UI E2E (firefox)	Run Playwright tests	      8 | function getActionToggleButton(page: Page) {
Admin UI E2E (firefox)	Run Playwright tests	        at assertNotificationMessage (/home/runner/work/keycloak/keycloak/js/apps/admin-ui/test/utils/masthead.ts:5:48)
Admin UI E2E (firefox)	Run Playwright tests	        at /home/runner/work/keycloak/keycloak/js/apps/admin-ui/test/autentication/flows.spec.ts:209:11
Admin UI E2E (firefox)	Run Playwright tests	2026-01-08T04:45:37.4381212Z ##[notice]  1 failed
Admin UI E2E (firefox)	Run Playwright tests	    [firefox] ‚Ä∫ test/autentication/flows.spec.ts:222:3 ‚Ä∫ Authentication flow details ‚Ä∫ drags and drops execution 
Admin UI E2E (firefox)	Run Playwright tests	  3 skipped
Admin UI E2E (firefox)	Run Playwright tests	  380 passed (20.7m)
Admin UI E2E (firefox)	Run Playwright tests	2026-01-08T04:45:37.6855632Z 
Admin UI E2E (firefox)	Run Playwright tests	2026-01-08T04:45:37.6856667Z ‚ùå [test:integration] exited with exit code 1.
Admin UI E2E (firefox)	Run Playwright tests	2026-01-08T04:45:37.6860958Z ‚ùå 1 script failed.
Admin UI E2E (firefox)	Run Playwright tests	2026-01-08T04:45:37.7093126Z /home/runner/work/keycloak/keycloak/js/apps/admin-ui:
Admin UI E2E (firefox)	Run Playwright tests	2026-01-08T04:45:37.7094499Z ‚ÄâERR_PNPM_RECURSIVE_RUN_FIRST_FAIL‚Äâ @keycloak/keycloak-admin-ui@999.0.0-SNAPSHOT test:integration: `wireit -- --project=firefox`
Admin UI E2E (firefox)	Run Playwright tests	2026-01-08T04:45:37.7095319Z Exit status 1
Admin UI E2E (firefox)	Run Playwright tests	2026-01-08T04:45:37.7289989Z ##[error]Process completed with exit code 1.
Status Check - Keycloak JavaScript CI	Run /./.github/actions/status-check	Ôªø2026-01-08T04:45:51.8162326Z Prepare all required actions
Status Check - Keycloak JavaScript CI	Run /./.github/actions/status-check	2026-01-08T04:45:51.8226373Z ##[group]Run ./.github/actions/status-check
Status Check - Keycloak JavaScript CI	Run /./.github/actions/status-check	2026-01-08T04:45:51.8226681Z with:
Status Check - Keycloak JavaScript CI	Run /./.github/actions/status-check	2026-01-08T04:45:51.8228308Z   jobs: {
Status Check - Keycloak JavaScript CI	Run /./.github/actions/status-check	  "conditional": {
Status Check - Keycloak JavaScript CI	Run /./.github/actions/status-check	    "result": "success",
Status Check - Keycloak JavaScript CI	Run /./.github/actions/status-check	    "outputs": {
Status Check - Keycloak JavaScript CI	Run /./.github/actions/status-check	      "js-ci": "true"
Status Check - Keycloak JavaScript CI	Run /./.github/actions/status-check	    }
Status Check - Keycloak JavaScript CI	Run /./.github/actions/status-check	  },
Status Check - Keycloak JavaScript CI	Run /./.github/actions/status-check	  "build-keycloak": {
Status Check - Keycloak JavaScript CI	Run /./.github/actions/status-check	    "result": "success",
Status Check - Keycloak JavaScript CI	Run /./.github/actions/status-check	    "outputs": {}
Status Check - Keycloak JavaScript CI	Run /./.github/actions/status-check	  },
Status Check - Keycloak JavaScript CI	Run /./.github/actions/status-check	  "admin-client": {
Status Check - Keycloak JavaScript CI	Run /./.github/actions/status-check	    "result": "success",
Status Check - Keycloak JavaScript CI	Run /./.github/actions/status-check	    "outputs": {}
Status Check - Keycloak JavaScript CI	Run /./.github/actions/status-check	  },
Status Check - Keycloak JavaScript CI	Run /./.github/actions/status-check	  "ui-shared": {
Status Check - Keycloak JavaScript CI	Run /./.github/actions/status-check	    "result": "success",
Status Check - Keycloak JavaScript CI	Run /./.github/actions/status-check	    "outputs": {}
Status Check - Keycloak JavaScript CI	Run /./.github/actions/status-check	  },
Status Check - Keycloak JavaScript CI	Run /./.github/actions/status-check	  "account-ui": {
Status Check - Keycloak JavaScript CI	Run /./.github/actions/status-check	    "result": "success",
Status Check - Keycloak JavaScript CI	Run /./.github/actions/status-check	    "outputs": {}
Status Check - Keycloak JavaScript CI	Run /./.github/actions/status-check	  },
Status Check - Keycloak JavaScript CI	Run /./.github/actions/status-check	  "account-ui-e2e": {
Status Check - Keycloak JavaScript CI	Run /./.github/actions/status-check	    "result": "success",
Status Check - Keycloak JavaScript CI	Run /./.github/actions/status-check	    "outputs": {}
Status Check - Keycloak JavaScript CI	Run /./.github/actions/status-check	  },
Status Check - Keycloak JavaScript CI	Run /./.github/actions/status-check	  "admin-ui": {
Status Check - Keycloak JavaScript CI	Run /./.github/actions/status-check	    "result": "success",
Status Check - Keycloak JavaScript CI	Run /./.github/actions/status-check	    "outputs": {}
Status Check - Keycloak JavaScript CI	Run /./.github/actions/status-check	  },
Status Check - Keycloak JavaScript CI	Run /./.github/actions/status-check	  "admin-ui-e2e": {
Status Check - Keycloak JavaScript CI	Run /./.github/actions/status-check	    "result": "failure",
Status Check - Keycloak JavaScript CI	Run /./.github/actions/status-check	    "outputs": {}
Status Check - Keycloak JavaScript CI	Run /./.github/actions/status-check	  },
Status Check - Keycloak JavaScript CI	Run /./.github/actions/status-check	  "keycloak-admin-client": {
Status Check - Keycloak JavaScript CI	Run /./.github/actions/status-check	    "result": "success",
Status Check - Keycloak JavaScript CI	Run /./.github/actions/status-check	    "outputs": {}
Status Check - Keycloak JavaScript CI	Run /./.github/actions/status-check	  }
Status Check - Keycloak JavaScript CI	Run /./.github/actions/status-check	}
Status Check - Keycloak JavaScript CI	Run /./.github/actions/status-check	2026-01-08T04:45:51.8230096Z env:
Status Check - Keycloak JavaScript CI	Run /./.github/actions/status-check	2026-01-08T04:45:51.8230363Z   MAVEN_ARGS: -B -nsu -Daether.connector.http.connectionMaxTtl=25
Status Check - Keycloak JavaScript CI	Run /./.github/actions/status-check	2026-01-08T04:45:51.8230692Z ##[endgroup]
Status Check - Keycloak JavaScript CI	Run /./.github/actions/status-check	2026-01-08T04:45:51.8325567Z ##[group]Run JOBS='{
Status Check - Keycloak JavaScript CI	Run /./.github/actions/status-check	2026-01-08T04:45:51.8325945Z [36;1mJOBS='{[0m
Status Check - Keycloak JavaScript CI	Run /./.github/actions/status-check	2026-01-08T04:45:51.8326144Z [36;1m  "conditional": {[0m
Status Check - Keycloak JavaScript CI	Run /./.github/actions/status-check	2026-01-08T04:45:51.8326373Z [36;1m    "result": "success",[0m
Status Check - Keycloak JavaScript CI	Run /./.github/actions/status-check	2026-01-08T04:45:51.8326612Z [36;1m    "outputs": {[0m
Status Check - Keycloak JavaScript CI	Run /./.github/actions/status-check	2026-01-08T04:45:51.8326824Z [36;1m      "js-ci": "true"[0m
Status Check - Keycloak JavaScript CI	Run /./.github/actions/status-check	2026-01-08T04:45:51.8327042Z [36;1m    }[0m
Status Check - Keycloak JavaScript CI	Run /./.github/actions/status-check	2026-01-08T04:45:51.8327211Z [36;1m  },[0m
Status Check - Keycloak JavaScript CI	Run /./.github/actions/status-check	2026-01-08T04:45:51.8327728Z [36;1m  "build-keycloak": {[0m
Status Check - Keycloak JavaScript CI	Run /./.github/actions/status-check	2026-01-08T04:45:51.8327988Z [36;1m    "result": "success",[0m
Status Check - Keycloak JavaScript CI	Run /./.github/actions/status-check	2026-01-08T04:45:51.8328217Z [36;1m    "outputs": {}[0m
Status Check - Keycloak JavaScript CI	Run /./.github/actions/status-check	2026-01-08T04:45:51.8328415Z [36;1m  },[0m
Status Check - Keycloak JavaScript CI	Run /./.github/actions/status-check	2026-01-08T04:45:51.8328595Z [36;1m  "admin-client": {[0m
Status Check - Keycloak JavaScript CI	Run /./.github/actions/status-check	2026-01-08T04:45:51.8328803Z [36;1m    "result": "success",[0m
Status Check - Keycloak JavaScript CI	Run /./.github/actions/status-check	2026-01-08T04:45:51.8329019Z [36;1m    "outputs": {}[0m
Status Check - Keycloak JavaScript CI	Run /./.github/actions/status-check	2026-01-08T04:45:51.8329242Z [36;1m  },[0m
Status Check - Keycloak JavaScript CI	Run /./.github/actions/status-check	2026-01-08T04:45:51.8329410Z [36;1m  "ui-shared": {[0m
Status Check - Keycloak JavaScript CI	Run /./.github/actions/status-check	2026-01-08T04:45:51.8329614Z [36;1m    "result": "success",[0m
Status Check - Keycloak JavaScript CI	Run /./.github/actions/status-check	2026-01-08T04:45:51.8329822Z [36;1m    "outputs": {}[0m
Status Check - Keycloak JavaScript CI	Run /./.github/actions/status-check	2026-01-08T04:45:51.8330030Z [36;1m  },[0m
Status Check - Keycloak JavaScript CI	Run /./.github/actions/status-check	2026-01-08T04:45:51.8330193Z [36;1m  "account-ui": {[0m
Status Check - Keycloak JavaScript CI	Run /./.github/actions/status-check	2026-01-08T04:45:51.8330396Z [36;1m    "result": "success",[0m
Status Check - Keycloak JavaScript CI	Run /./.github/actions/status-check	2026-01-08T04:45:51.8330606Z [36;1m    "outputs": {}[0m
Status Check - Keycloak JavaScript CI	Run /./.github/actions/status-check	2026-01-08T04:45:51.8330800Z [36;1m  },[0m
Status Check - Keycloak JavaScript CI	Run /./.github/actions/status-check	2026-01-08T04:45:51.8330975Z [36;1m  "account-ui-e2e": {[0m
Status Check - Keycloak JavaScript CI	Run /./.github/actions/status-check	2026-01-08T04:45:51.8331182Z [36;1m    "result": "success",[0m
Status Check - Keycloak JavaScript CI	Run /./.github/actions/status-check	2026-01-08T04:45:51.8331401Z [36;1m    "outputs": {}[0m
Status Check - Keycloak JavaScript CI	Run /./.github/actions/status-check	2026-01-08T04:45:51.8331590Z [36;1m  },[0m
Status Check - Keycloak JavaScript CI	Run /./.github/actions/status-check	2026-01-08T04:45:51.8331812Z [36;1m  "admin-ui": {[0m
Status Check - Keycloak JavaScript CI	Run /./.github/actions/status-check	2026-01-08T04:45:51.8332007Z [36;1m    "result": "success",[0m
Status Check - Keycloak JavaScript CI	Run /./.github/actions/status-check	2026-01-08T04:45:51.8332218Z [36;1m    "outputs": {}[0m
Status Check - Keycloak JavaScript CI	Run /./.github/actions/status-check	2026-01-08T04:45:51.8332410Z [36;1m  },[0m
Status Check - Keycloak JavaScript CI	Run /./.github/actions/status-check	2026-01-08T04:45:51.8332589Z [36;1m  "admin-ui-e2e": {[0m
Status Check - Keycloak JavaScript CI	Run /./.github/actions/status-check	2026-01-08T04:45:51.8332814Z [36;1m    "result": "failure",[0m
Status Check - Keycloak JavaScript CI	Run /./.github/actions/status-check	2026-01-08T04:45:51.8333036Z [36;1m    "outputs": {}[0m
Status Check - Keycloak JavaScript CI	Run /./.github/actions/status-check	2026-01-08T04:45:51.8333231Z [36;1m  },[0m
Status Check - Keycloak JavaScript CI	Run /./.github/actions/status-check	2026-01-08T04:45:51.8333413Z [36;1m  "keycloak-admin-client": {[0m
Status Check - Keycloak JavaScript CI	Run /./.github/actions/status-check	2026-01-08T04:45:51.8333666Z [36;1m    "result": "success",[0m
Status Check - Keycloak JavaScript CI	Run /./.github/actions/status-check	2026-01-08T04:45:51.8333878Z [36;1m    "outputs": {}[0m
Status Check - Keycloak JavaScript CI	Run /./.github/actions/status-check	2026-01-08T04:45:51.8334069Z [36;1m  }[0m
Status Check - Keycloak JavaScript CI	Run /./.github/actions/status-check	2026-01-08T04:45:51.8334227Z [36;1m}'[0m
Status Check - Keycloak JavaScript CI	Run /./.github/actions/status-check	2026-01-08T04:45:51.8334393Z [36;1m[0m
Status Check - Keycloak JavaScript CI	Run /./.github/actions/status-check	2026-01-08T04:45:51.8334556Z [36;1mecho "Job status:"[0m
Status Check - Keycloak JavaScript CI	Run /./.github/actions/status-check	2026-01-08T04:45:51.8334895Z [36;1mecho $JOBS | jq -r 'to_entries[] | " - \(.key): \(.value.result)"'[0m
Status Check - Keycloak JavaScript CI	Run /./.github/actions/status-check	2026-01-08T04:45:51.8335221Z [36;1m[0m
Status Check - Keycloak JavaScript CI	Run /./.github/actions/status-check	2026-01-08T04:45:51.8335458Z [36;1mfor i in $(echo $JOBS | jq -r 'to_entries[] | .value.result'); do[0m
Status Check - Keycloak JavaScript CI	Run /./.github/actions/status-check	2026-01-08T04:45:51.8335820Z [36;1m  if [ "$i" != "success" ] && [ "$i" != "skipped" ]; then[0m
Status Check - Keycloak JavaScript CI	Run /./.github/actions/status-check	2026-01-08T04:45:51.8336088Z [36;1m    echo ""[0m
Status Check - Keycloak JavaScript CI	Run /./.github/actions/status-check	2026-01-08T04:45:51.8336298Z [36;1m    echo "Status check not okay!"[0m
Status Check - Keycloak JavaScript CI	Run /./.github/actions/status-check	2026-01-08T04:45:51.8336537Z [36;1m    exit 1[0m
Status Check - Keycloak JavaScript CI	Run /./.github/actions/status-check	2026-01-08T04:45:51.8336713Z [36;1m  fi[0m
Status Check - Keycloak JavaScript CI	Run /./.github/actions/status-check	2026-01-08T04:45:51.8336874Z [36;1mdone[0m
Status Check - Keycloak JavaScript CI	Run /./.github/actions/status-check	2026-01-08T04:45:51.8374175Z shell: /usr/bin/bash --noprofile --norc -e -o pipefail {0}
Status Check - Keycloak JavaScript CI	Run /./.github/actions/status-check	2026-01-08T04:45:51.8374763Z env:
Status Check - Keycloak JavaScript CI	Run /./.github/actions/status-check	2026-01-08T04:45:51.8375038Z   MAVEN_ARGS: -B -nsu -Daether.connector.http.connectionMaxTtl=25
Status Check - Keycloak JavaScript CI	Run /./.github/actions/status-check	2026-01-08T04:45:51.8375392Z ##[endgroup]
Status Check - Keycloak JavaScript CI	Run /./.github/actions/status-check	2026-01-08T04:45:51.8449683Z Job status:
Status Check - Keycloak JavaScript CI	Run /./.github/actions/status-check	2026-01-08T04:45:51.8477375Z  - conditional: success
Status Check - Keycloak JavaScript CI	Run /./.github/actions/status-check	2026-01-08T04:45:51.8477800Z  - build-keycloak: success
Status Check - Keycloak JavaScript CI	Run /./.github/actions/status-check	2026-01-08T04:45:51.8478154Z  - admin-client: success
Status Check - Keycloak JavaScript CI	Run /./.github/actions/status-check	2026-01-08T04:45:51.8478392Z  - ui-shared: success
Status Check - Keycloak JavaScript CI	Run /./.github/actions/status-check	2026-01-08T04:45:51.8478603Z  - account-ui: success
Status Check - Keycloak JavaScript CI	Run /./.github/actions/status-check	2026-01-08T04:45:51.8478826Z  - account-ui-e2e: success
Status Check - Keycloak JavaScript CI	Run /./.github/actions/status-check	2026-01-08T04:45:51.8479039Z  - admin-ui: success
Status Check - Keycloak JavaScript CI	Run /./.github/actions/status-check	2026-01-08T04:45:51.8479249Z  - admin-ui-e2e: failure
Status Check - Keycloak JavaScript CI	Run /./.github/actions/status-check	2026-01-08T04:45:51.8479470Z  - keycloak-admin-client: success
Status Check - Keycloak JavaScript CI	Run /./.github/actions/status-check	2026-01-08T04:45:51.8512053Z 
Status Check - Keycloak JavaScript CI	Run /./.github/actions/status-check	2026-01-08T04:45:51.8512254Z Status check not okay!
Status Check - Keycloak JavaScript CI	Run /./.github/actions/status-check	2026-01-08T04:45:51.8524622Z ##[error]Process completed with exit code 1.
