Admin UI E2E (firefox)	Run Playwright tests	Ôªø2025-12-05T04:16:08.4027124Z ##[group]Run pnpm --fail-if-no-match --filter @keycloak/keycloak-admin-ui test:integration -- --project=firefox
Admin UI E2E (firefox)	Run Playwright tests	2025-12-05T04:16:08.4028249Z [36;1mpnpm --fail-if-no-match --filter @keycloak/keycloak-admin-ui test:integration -- --project=firefox[0m
Admin UI E2E (firefox)	Run Playwright tests	2025-12-05T04:16:08.4063077Z shell: /usr/bin/bash --noprofile --norc -e -o pipefail {0}
Admin UI E2E (firefox)	Run Playwright tests	2025-12-05T04:16:08.4063418Z env:
Admin UI E2E (firefox)	Run Playwright tests	2025-12-05T04:16:08.4063701Z   MAVEN_ARGS: -B -nsu -Daether.connector.http.connectionMaxTtl=25
Admin UI E2E (firefox)	Run Playwright tests	2025-12-05T04:16:08.4064090Z   WORKSPACE: @keycloak/keycloak-admin-ui
Admin UI E2E (firefox)	Run Playwright tests	2025-12-05T04:16:08.4064366Z   RETRY_COUNT: 3
Admin UI E2E (firefox)	Run Playwright tests	2025-12-05T04:16:08.4064680Z   JAVA_HOME: /opt/hostedtoolcache/Java_Temurin-Hotspot_jdk/21.0.9-10/x64
Admin UI E2E (firefox)	Run Playwright tests	2025-12-05T04:16:08.4065186Z   JAVA_HOME_21_X64: /opt/hostedtoolcache/Java_Temurin-Hotspot_jdk/21.0.9-10/x64
Admin UI E2E (firefox)	Run Playwright tests	2025-12-05T04:16:08.4065557Z ##[endgroup]
Admin UI E2E (firefox)	Run Playwright tests	2025-12-05T04:16:08.7348994Z 
Admin UI E2E (firefox)	Run Playwright tests	2025-12-05T04:16:08.7350111Z > @keycloak/keycloak-admin-ui@999.0.0-SNAPSHOT test:integration /home/runner/work/keycloak/keycloak/js/apps/admin-ui
Admin UI E2E (firefox)	Run Playwright tests	2025-12-05T04:16:08.7351246Z > wireit -- --project=firefox
Admin UI E2E (firefox)	Run Playwright tests	2025-12-05T04:16:08.7351452Z 
Admin UI E2E (firefox)	Run Playwright tests	2025-12-05T04:16:08.8401382Z Analyzing
Admin UI E2E (firefox)	Run Playwright tests	2025-12-05T04:16:09.8412858Z   0% [0 / 2] [1 running] ../../libs/keycloak-admin-client:build
Admin UI E2E (firefox)	Run Playwright tests	2025-12-05T04:16:10.5184611Z (node:5804) [DEP0190] DeprecationWarning: Passing args to a child process with shell option true can lead to security vulnerabilities, as the arguments are not escaped, only concatenated.
Admin UI E2E (firefox)	Run Playwright tests	2025-12-05T04:16:10.5185615Z (Use `node --trace-deprecation ...` to show where the warning was created)
Admin UI E2E (firefox)	Run Playwright tests	2025-12-05T04:16:10.8421086Z  50% [1 / 2] [1 running] test:integration
Admin UI E2E (firefox)	Run Playwright tests	2025-12-05T04:16:13.2860823Z 
Admin UI E2E (firefox)	Run Playwright tests	2025-12-05T04:16:13.2861791Z Running 372 tests using 1 worker
Admin UI E2E (firefox)	Run Playwright tests	2025-12-05T04:21:03.4978607Z ¬∑¬∑¬∑¬∑¬∑¬∑¬∑¬∑¬∑F¬∑¬∑¬∑¬∑¬∑¬∑¬∑¬∑¬∑¬∑¬∑¬∑¬∑¬∑¬∑¬∑¬∑¬∑¬∑¬∑¬∑¬∑¬∑¬∑¬∑¬∑¬∑¬∑¬∑¬∑¬∑¬∑¬∑¬∑¬∑¬∑¬∑¬∑¬∑¬∑¬∑¬∑¬∑¬∑¬∑¬∑¬∑¬∑¬∑¬∑¬∑¬∑¬∑¬∑¬∑¬∑¬∑¬∑¬∑¬∑¬∑¬∑¬∑¬∑¬∑¬∑¬∑¬∑¬∑¬∞
Admin UI E2E (firefox)	Run Playwright tests	2025-12-05T04:24:58.3417848Z ¬∑¬∑¬∑¬∑¬∑¬∑¬∑¬∑¬∞¬∑¬∑¬∑¬∑¬∑¬∑¬∑¬∑¬∑¬∑¬∑¬∑¬∑¬∑¬∑¬∑¬∑¬∑¬∑¬∑¬∑¬∑¬∑¬∑¬∑¬∞¬∑¬∑¬∑¬∑¬∑¬∑¬∑¬∑¬∑¬∑¬∑¬∑¬∑¬∑¬∑¬∑¬∑¬∑¬∑¬∑¬∑¬∑¬∑¬∑¬∑¬∑¬∑¬∑¬∑¬∑¬∑¬∑¬∑¬∑¬∑¬∑¬∑¬∑¬∑¬∑¬∑¬∑¬∑¬∑¬∑
Admin UI E2E (firefox)	Run Playwright tests	2025-12-05T04:29:15.4374161Z ¬∑¬∑¬∑¬∑¬∑¬∑¬∑¬∑¬∑¬∑¬∑¬∑¬∑¬∑¬∑¬∑¬∑¬∑¬∑¬∑¬∑¬∑¬∑¬∑¬∑¬∑¬∑¬∑¬∑¬∑¬∑¬∑¬∑¬∑¬∑¬∑¬∑¬∑¬∑¬∑¬∑¬∑¬∑¬∑¬∑¬∑¬∑¬∑¬∑¬∑¬∑¬∑¬∑¬∑¬∑¬∑¬∑¬∑¬∑¬∑¬∑¬∑¬∑¬∑¬∑¬∑¬∑¬∑¬∑¬∑¬∑¬∑¬∑¬∑¬∑¬∑¬∑¬∑¬∑¬∑
Admin UI E2E (firefox)	Run Playwright tests	2025-12-05T04:33:16.7105648Z ¬∑¬∑¬∑¬∑¬∑¬∑¬∑¬∑¬∑¬∑¬∑¬∑¬∑¬∑¬∑¬∑¬∑¬∑¬∑¬∑¬∑¬∑¬∑¬∑¬∑¬∑¬∑¬∑¬∑¬∑¬∑¬∑¬∑¬∑¬∑¬∑¬∑¬∑¬∑¬∑¬∑¬∑¬∑¬∑¬∑¬∑¬∑¬∑¬∑¬∑¬∑¬∑¬∑¬∑¬∑¬∑¬∑¬∑¬∑¬∑¬∑¬∑¬∑¬∑¬∑¬∑¬∑¬∑¬∑¬∑¬∑¬∑¬∑¬∑¬∑¬∑¬∑¬∑¬∑¬∑
Admin UI E2E (firefox)	Run Playwright tests	2025-12-05T04:35:49.1366841Z ¬∑¬∑¬∑¬∑¬∑¬∑¬∑¬∑¬∑¬∑¬∑¬∑¬∑¬∑¬∑¬∑¬∑¬∑¬∑¬∑¬∑¬∑¬∑¬∑¬∑¬∑¬∑¬∑¬∑¬∑¬∑¬∑¬∑¬∑¬∑¬∑¬∑¬∑¬∑¬∑¬∑¬∑¬∑¬∑¬∑¬∑¬∑¬∑¬∑¬∑¬∑¬∑
Admin UI E2E (firefox)	Run Playwright tests	2025-12-05T04:35:49.1376599Z 
Admin UI E2E (firefox)	Run Playwright tests	2025-12-05T04:35:49.1386296Z   1) [firefox] ‚Ä∫ test/autentication/flows.spec.ts:189:3 ‚Ä∫ Authentication flow details ‚Ä∫ drags and drops execution 
Admin UI E2E (firefox)	Run Playwright tests	2025-12-05T04:35:49.1387852Z 
Admin UI E2E (firefox)	Run Playwright tests	2025-12-05T04:35:49.1388847Z     Error: [2mexpect([22m[31mlocator[39m[2m).[22mtoHaveText[2m([22m[32mexpected[39m[2m)[22m failed
Admin UI E2E (firefox)	Run Playwright tests	2025-12-05T04:35:49.1389486Z 
Admin UI E2E (firefox)	Run Playwright tests	2025-12-05T04:35:49.1389665Z     Locator: getByTestId('last-alert')
Admin UI E2E (firefox)	Run Playwright tests	2025-12-05T04:35:49.1390129Z     Expected: [32m"Flow successfully updated"[39m
Admin UI E2E (firefox)	Run Playwright tests	2025-12-05T04:35:49.1390460Z     Timeout: 5000ms
Admin UI E2E (firefox)	Run Playwright tests	2025-12-05T04:35:49.1390717Z     Error: element(s) not found
Admin UI E2E (firefox)	Run Playwright tests	2025-12-05T04:35:49.1390896Z 
Admin UI E2E (firefox)	Run Playwright tests	2025-12-05T04:35:49.1390985Z     Call log:
Admin UI E2E (firefox)	Run Playwright tests	2025-12-05T04:35:49.1391341Z     [2m  - Expect "toHaveText" with timeout 5000ms[22m
Admin UI E2E (firefox)	Run Playwright tests	2025-12-05T04:35:49.1391822Z     [2m  - waiting for getByTestId('last-alert')[22m
Admin UI E2E (firefox)	Run Playwright tests	2025-12-05T04:35:49.1392066Z 
Admin UI E2E (firefox)	Run Playwright tests	2025-12-05T04:35:49.1392073Z 
Admin UI E2E (firefox)	Run Playwright tests	2025-12-05T04:35:49.1392181Z        at utils/masthead.ts:5
Admin UI E2E (firefox)	Run Playwright tests	2025-12-05T04:35:49.1392348Z 
Admin UI E2E (firefox)	Run Playwright tests	2025-12-05T04:35:49.1392440Z       3 |
Admin UI E2E (firefox)	Run Playwright tests	2025-12-05T04:35:49.1392867Z       4 | export async function assertNotificationMessage(page: Page, message: string) {
Admin UI E2E (firefox)	Run Playwright tests	2025-12-05T04:35:49.1393477Z     > 5 |   await expect(page.getByTestId("last-alert")).toHaveText(message);
Admin UI E2E (firefox)	Run Playwright tests	2025-12-05T04:35:49.1393914Z         |                                                ^
Admin UI E2E (firefox)	Run Playwright tests	2025-12-05T04:35:49.1394197Z       6 | }
Admin UI E2E (firefox)	Run Playwright tests	2025-12-05T04:35:49.1394385Z       7 |
Admin UI E2E (firefox)	Run Playwright tests	2025-12-05T04:35:49.1394662Z       8 | function getActionToggleButton(page: Page) {
Admin UI E2E (firefox)	Run Playwright tests	2025-12-05T04:35:49.1395359Z         at assertNotificationMessage (/home/runner/work/keycloak/keycloak/js/apps/admin-ui/test/utils/masthead.ts:5:48)
Admin UI E2E (firefox)	Run Playwright tests	2025-12-05T04:35:49.1396286Z         at /home/runner/work/keycloak/keycloak/js/apps/admin-ui/test/autentication/flows.spec.ts:209:11
Admin UI E2E (firefox)	Run Playwright tests	2025-12-05T04:35:49.1396934Z 
Admin UI E2E (firefox)	Run Playwright tests	2025-12-05T04:35:49.1398416Z     Error Context: test-results/autentication-flows-Authen-a926b-s-drags-and-drops-execution-firefox/error-context.md
Admin UI E2E (firefox)	Run Playwright tests	2025-12-05T04:35:49.1399259Z 
Admin UI E2E (firefox)	Run Playwright tests	2025-12-05T04:35:49.1400032Z     attachment #2: trace (application/zip) ‚îÄ‚îÄ‚îÄ‚îÄ‚îÄ‚îÄ‚îÄ‚îÄ‚îÄ‚îÄ‚îÄ‚îÄ‚îÄ‚îÄ‚îÄ‚îÄ‚îÄ‚îÄ‚îÄ‚îÄ‚îÄ‚îÄ‚îÄ‚îÄ‚îÄ‚îÄ‚îÄ‚îÄ‚îÄ‚îÄ‚îÄ‚îÄ‚îÄ‚îÄ‚îÄ‚îÄ‚îÄ‚îÄ‚îÄ‚îÄ‚îÄ‚îÄ‚îÄ‚îÄ‚îÄ‚îÄ‚îÄ‚îÄ‚îÄ‚îÄ‚îÄ‚îÄ‚îÄ‚îÄ‚îÄ‚îÄ‚îÄ
Admin UI E2E (firefox)	Run Playwright tests	2025-12-05T04:35:49.1401258Z     test-results/autentication-flows-Authen-a926b-s-drags-and-drops-execution-firefox/trace.zip
Admin UI E2E (firefox)	Run Playwright tests	2025-12-05T04:35:49.1401910Z     Usage:
Admin UI E2E (firefox)	Run Playwright tests	2025-12-05T04:35:49.1402028Z 
Admin UI E2E (firefox)	Run Playwright tests	2025-12-05T04:35:49.1402526Z         pnpm exec playwright show-trace test-results/autentication-flows-Authen-a926b-s-drags-and-drops-execution-firefox/trace.zip
Admin UI E2E (firefox)	Run Playwright tests	2025-12-05T04:35:49.1403025Z 
Admin UI E2E (firefox)	Run Playwright tests	2025-12-05T04:35:49.1403375Z     ‚îÄ‚îÄ‚îÄ‚îÄ‚îÄ‚îÄ‚îÄ‚îÄ‚îÄ‚îÄ‚îÄ‚îÄ‚îÄ‚îÄ‚îÄ‚îÄ‚îÄ‚îÄ‚îÄ‚îÄ‚îÄ‚îÄ‚îÄ‚îÄ‚îÄ‚îÄ‚îÄ‚îÄ‚îÄ‚îÄ‚îÄ‚îÄ‚îÄ‚îÄ‚îÄ‚îÄ‚îÄ‚îÄ‚îÄ‚îÄ‚îÄ‚îÄ‚îÄ‚îÄ‚îÄ‚îÄ‚îÄ‚îÄ‚îÄ‚îÄ‚îÄ‚îÄ‚îÄ‚îÄ‚îÄ‚îÄ‚îÄ‚îÄ‚îÄ‚îÄ‚îÄ‚îÄ‚îÄ‚îÄ‚îÄ‚îÄ‚îÄ‚îÄ‚îÄ‚îÄ‚îÄ‚îÄ‚îÄ‚îÄ‚îÄ‚îÄ‚îÄ‚îÄ‚îÄ‚îÄ‚îÄ‚îÄ‚îÄ‚îÄ‚îÄ‚îÄ‚îÄ‚îÄ‚îÄ‚îÄ‚îÄ‚îÄ‚îÄ‚îÄ‚îÄ‚îÄ
Admin UI E2E (firefox)	Run Playwright tests	2025-12-05T04:35:49.1403613Z 
Admin UI E2E (firefox)	Run Playwright tests	2025-12-05T04:35:49.1403695Z   1 failed
Admin UI E2E (firefox)	Run Playwright tests	2025-12-05T04:35:49.1404245Z     [firefox] ‚Ä∫ test/autentication/flows.spec.ts:189:3 ‚Ä∫ Authentication flow details ‚Ä∫ drags and drops execution 
Admin UI E2E (firefox)	Run Playwright tests	2025-12-05T04:35:49.1404968Z   3 skipped
Admin UI E2E (firefox)	Run Playwright tests	2025-12-05T04:35:49.1405163Z   368 passed (19.6m)
Admin UI E2E (firefox)	Run Playwright tests	2025-12-05T04:35:49.1442562Z ##[error]  1) [firefox] ‚Ä∫ test/autentication/flows.spec.ts:189:3 ‚Ä∫ Authentication flow details ‚Ä∫ drags and drops execution 
Admin UI E2E (firefox)	Run Playwright tests	    Error: expect(locator).toHaveText(expected) failed
Admin UI E2E (firefox)	Run Playwright tests	
Admin UI E2E (firefox)	Run Playwright tests	    Locator: getByTestId('last-alert')
Admin UI E2E (firefox)	Run Playwright tests	    Expected: "Flow successfully updated"
Admin UI E2E (firefox)	Run Playwright tests	    Timeout: 5000ms
Admin UI E2E (firefox)	Run Playwright tests	    Error: element(s) not found
Admin UI E2E (firefox)	Run Playwright tests	
Admin UI E2E (firefox)	Run Playwright tests	    Call log:
Admin UI E2E (firefox)	Run Playwright tests	      - Expect "toHaveText" with timeout 5000ms
Admin UI E2E (firefox)	Run Playwright tests	      - waiting for getByTestId('last-alert')
Admin UI E2E (firefox)	Run Playwright tests	
Admin UI E2E (firefox)	Run Playwright tests	
Admin UI E2E (firefox)	Run Playwright tests	       at utils/masthead.ts:5
Admin UI E2E (firefox)	Run Playwright tests	
Admin UI E2E (firefox)	Run Playwright tests	      3 |
Admin UI E2E (firefox)	Run Playwright tests	      4 | export async function assertNotificationMessage(page: Page, message: string) {
Admin UI E2E (firefox)	Run Playwright tests	    > 5 |   await expect(page.getByTestId("last-alert")).toHaveText(message);
Admin UI E2E (firefox)	Run Playwright tests	        |                                                ^
Admin UI E2E (firefox)	Run Playwright tests	      6 | }
Admin UI E2E (firefox)	Run Playwright tests	      7 |
Admin UI E2E (firefox)	Run Playwright tests	      8 | function getActionToggleButton(page: Page) {
Admin UI E2E (firefox)	Run Playwright tests	        at assertNotificationMessage (/home/runner/work/keycloak/keycloak/js/apps/admin-ui/test/utils/masthead.ts:5:48)
Admin UI E2E (firefox)	Run Playwright tests	        at /home/runner/work/keycloak/keycloak/js/apps/admin-ui/test/autentication/flows.spec.ts:209:11
Admin UI E2E (firefox)	Run Playwright tests	2025-12-05T04:35:49.1458979Z ##[notice]  1 failed
Admin UI E2E (firefox)	Run Playwright tests	    [firefox] ‚Ä∫ test/autentication/flows.spec.ts:189:3 ‚Ä∫ Authentication flow details ‚Ä∫ drags and drops execution 
Admin UI E2E (firefox)	Run Playwright tests	  3 skipped
Admin UI E2E (firefox)	Run Playwright tests	  368 passed (19.6m)
Admin UI E2E (firefox)	Run Playwright tests	2025-12-05T04:35:49.3842870Z 
Admin UI E2E (firefox)	Run Playwright tests	2025-12-05T04:35:49.3844298Z ‚ùå [test:integration] exited with exit code 1.
Admin UI E2E (firefox)	Run Playwright tests	2025-12-05T04:35:49.3848054Z ‚ùå 1 script failed.
Admin UI E2E (firefox)	Run Playwright tests	2025-12-05T04:35:49.4029638Z /home/runner/work/keycloak/keycloak/js/apps/admin-ui:
Admin UI E2E (firefox)	Run Playwright tests	2025-12-05T04:35:49.4031564Z ‚ÄâERR_PNPM_RECURSIVE_RUN_FIRST_FAIL‚Äâ @keycloak/keycloak-admin-ui@999.0.0-SNAPSHOT test:integration: `wireit -- --project=firefox`
Admin UI E2E (firefox)	Run Playwright tests	2025-12-05T04:35:49.4032700Z Exit status 1
Admin UI E2E (firefox)	Run Playwright tests	2025-12-05T04:35:49.4258249Z ##[error]Process completed with exit code 1.
Status Check - Keycloak JavaScript CI	Run /./.github/actions/status-check	Ôªø2025-12-05T04:36:05.2794751Z Prepare all required actions
Status Check - Keycloak JavaScript CI	Run /./.github/actions/status-check	2025-12-05T04:36:05.2858097Z ##[group]Run ./.github/actions/status-check
Status Check - Keycloak JavaScript CI	Run /./.github/actions/status-check	2025-12-05T04:36:05.2858432Z with:
Status Check - Keycloak JavaScript CI	Run /./.github/actions/status-check	2025-12-05T04:36:05.2859623Z   jobs: {
Status Check - Keycloak JavaScript CI	Run /./.github/actions/status-check	  "conditional": {
Status Check - Keycloak JavaScript CI	Run /./.github/actions/status-check	    "result": "success",
Status Check - Keycloak JavaScript CI	Run /./.github/actions/status-check	    "outputs": {
Status Check - Keycloak JavaScript CI	Run /./.github/actions/status-check	      "js-ci": "true"
Status Check - Keycloak JavaScript CI	Run /./.github/actions/status-check	    }
Status Check - Keycloak JavaScript CI	Run /./.github/actions/status-check	  },
Status Check - Keycloak JavaScript CI	Run /./.github/actions/status-check	  "build-keycloak": {
Status Check - Keycloak JavaScript CI	Run /./.github/actions/status-check	    "result": "success",
Status Check - Keycloak JavaScript CI	Run /./.github/actions/status-check	    "outputs": {}
Status Check - Keycloak JavaScript CI	Run /./.github/actions/status-check	  },
Status Check - Keycloak JavaScript CI	Run /./.github/actions/status-check	  "admin-client": {
Status Check - Keycloak JavaScript CI	Run /./.github/actions/status-check	    "result": "success",
Status Check - Keycloak JavaScript CI	Run /./.github/actions/status-check	    "outputs": {}
Status Check - Keycloak JavaScript CI	Run /./.github/actions/status-check	  },
Status Check - Keycloak JavaScript CI	Run /./.github/actions/status-check	  "ui-shared": {
Status Check - Keycloak JavaScript CI	Run /./.github/actions/status-check	    "result": "success",
Status Check - Keycloak JavaScript CI	Run /./.github/actions/status-check	    "outputs": {}
Status Check - Keycloak JavaScript CI	Run /./.github/actions/status-check	  },
Status Check - Keycloak JavaScript CI	Run /./.github/actions/status-check	  "account-ui": {
Status Check - Keycloak JavaScript CI	Run /./.github/actions/status-check	    "result": "success",
Status Check - Keycloak JavaScript CI	Run /./.github/actions/status-check	    "outputs": {}
Status Check - Keycloak JavaScript CI	Run /./.github/actions/status-check	  },
Status Check - Keycloak JavaScript CI	Run /./.github/actions/status-check	  "account-ui-e2e": {
Status Check - Keycloak JavaScript CI	Run /./.github/actions/status-check	    "result": "success",
Status Check - Keycloak JavaScript CI	Run /./.github/actions/status-check	    "outputs": {}
Status Check - Keycloak JavaScript CI	Run /./.github/actions/status-check	  },
Status Check - Keycloak JavaScript CI	Run /./.github/actions/status-check	  "admin-ui": {
Status Check - Keycloak JavaScript CI	Run /./.github/actions/status-check	    "result": "success",
Status Check - Keycloak JavaScript CI	Run /./.github/actions/status-check	    "outputs": {}
Status Check - Keycloak JavaScript CI	Run /./.github/actions/status-check	  },
Status Check - Keycloak JavaScript CI	Run /./.github/actions/status-check	  "admin-ui-e2e": {
Status Check - Keycloak JavaScript CI	Run /./.github/actions/status-check	    "result": "failure",
Status Check - Keycloak JavaScript CI	Run /./.github/actions/status-check	    "outputs": {}
Status Check - Keycloak JavaScript CI	Run /./.github/actions/status-check	  }
Status Check - Keycloak JavaScript CI	Run /./.github/actions/status-check	}
Status Check - Keycloak JavaScript CI	Run /./.github/actions/status-check	2025-12-05T04:36:05.2860915Z env:
Status Check - Keycloak JavaScript CI	Run /./.github/actions/status-check	2025-12-05T04:36:05.2861210Z   MAVEN_ARGS: -B -nsu -Daether.connector.http.connectionMaxTtl=25
Status Check - Keycloak JavaScript CI	Run /./.github/actions/status-check	2025-12-05T04:36:05.2861795Z ##[endgroup]
Status Check - Keycloak JavaScript CI	Run /./.github/actions/status-check	2025-12-05T04:36:05.2955400Z ##[group]Run JOBS='{
Status Check - Keycloak JavaScript CI	Run /./.github/actions/status-check	2025-12-05T04:36:05.2955750Z [36;1mJOBS='{[0m
Status Check - Keycloak JavaScript CI	Run /./.github/actions/status-check	2025-12-05T04:36:05.2956048Z [36;1m  "conditional": {[0m
Status Check - Keycloak JavaScript CI	Run /./.github/actions/status-check	2025-12-05T04:36:05.2956308Z [36;1m    "result": "success",[0m
Status Check - Keycloak JavaScript CI	Run /./.github/actions/status-check	2025-12-05T04:36:05.2956591Z [36;1m    "outputs": {[0m
Status Check - Keycloak JavaScript CI	Run /./.github/actions/status-check	2025-12-05T04:36:05.2956852Z [36;1m      "js-ci": "true"[0m
Status Check - Keycloak JavaScript CI	Run /./.github/actions/status-check	2025-12-05T04:36:05.2957095Z [36;1m    }[0m
Status Check - Keycloak JavaScript CI	Run /./.github/actions/status-check	2025-12-05T04:36:05.2957301Z [36;1m  },[0m
Status Check - Keycloak JavaScript CI	Run /./.github/actions/status-check	2025-12-05T04:36:05.2957532Z [36;1m  "build-keycloak": {[0m
Status Check - Keycloak JavaScript CI	Run /./.github/actions/status-check	2025-12-05T04:36:05.2957832Z [36;1m    "result": "success",[0m
Status Check - Keycloak JavaScript CI	Run /./.github/actions/status-check	2025-12-05T04:36:05.2958097Z [36;1m    "outputs": {}[0m
Status Check - Keycloak JavaScript CI	Run /./.github/actions/status-check	2025-12-05T04:36:05.2958331Z [36;1m  },[0m
Status Check - Keycloak JavaScript CI	Run /./.github/actions/status-check	2025-12-05T04:36:05.2958543Z [36;1m  "admin-client": {[0m
Status Check - Keycloak JavaScript CI	Run /./.github/actions/status-check	2025-12-05T04:36:05.2958794Z [36;1m    "result": "success",[0m
Status Check - Keycloak JavaScript CI	Run /./.github/actions/status-check	2025-12-05T04:36:05.2959059Z [36;1m    "outputs": {}[0m
Status Check - Keycloak JavaScript CI	Run /./.github/actions/status-check	2025-12-05T04:36:05.2959290Z [36;1m  },[0m
Status Check - Keycloak JavaScript CI	Run /./.github/actions/status-check	2025-12-05T04:36:05.2959502Z [36;1m  "ui-shared": {[0m
Status Check - Keycloak JavaScript CI	Run /./.github/actions/status-check	2025-12-05T04:36:05.2959741Z [36;1m    "result": "success",[0m
Status Check - Keycloak JavaScript CI	Run /./.github/actions/status-check	2025-12-05T04:36:05.2960012Z [36;1m    "outputs": {}[0m
Status Check - Keycloak JavaScript CI	Run /./.github/actions/status-check	2025-12-05T04:36:05.2960239Z [36;1m  },[0m
Status Check - Keycloak JavaScript CI	Run /./.github/actions/status-check	2025-12-05T04:36:05.2960452Z [36;1m  "account-ui": {[0m
Status Check - Keycloak JavaScript CI	Run /./.github/actions/status-check	2025-12-05T04:36:05.2960766Z [36;1m    "result": "success",[0m
Status Check - Keycloak JavaScript CI	Run /./.github/actions/status-check	2025-12-05T04:36:05.2961014Z [36;1m    "outputs": {}[0m
Status Check - Keycloak JavaScript CI	Run /./.github/actions/status-check	2025-12-05T04:36:05.2961242Z [36;1m  },[0m
Status Check - Keycloak JavaScript CI	Run /./.github/actions/status-check	2025-12-05T04:36:05.2961450Z [36;1m  "account-ui-e2e": {[0m
Status Check - Keycloak JavaScript CI	Run /./.github/actions/status-check	2025-12-05T04:36:05.2961704Z [36;1m    "result": "success",[0m
Status Check - Keycloak JavaScript CI	Run /./.github/actions/status-check	2025-12-05T04:36:05.2961954Z [36;1m    "outputs": {}[0m
Status Check - Keycloak JavaScript CI	Run /./.github/actions/status-check	2025-12-05T04:36:05.2962184Z [36;1m  },[0m
Status Check - Keycloak JavaScript CI	Run /./.github/actions/status-check	2025-12-05T04:36:05.2962388Z [36;1m  "admin-ui": {[0m
Status Check - Keycloak JavaScript CI	Run /./.github/actions/status-check	2025-12-05T04:36:05.2962629Z [36;1m    "result": "success",[0m
Status Check - Keycloak JavaScript CI	Run /./.github/actions/status-check	2025-12-05T04:36:05.2962876Z [36;1m    "outputs": {}[0m
Status Check - Keycloak JavaScript CI	Run /./.github/actions/status-check	2025-12-05T04:36:05.2963103Z [36;1m  },[0m
Status Check - Keycloak JavaScript CI	Run /./.github/actions/status-check	2025-12-05T04:36:05.2963310Z [36;1m  "admin-ui-e2e": {[0m
Status Check - Keycloak JavaScript CI	Run /./.github/actions/status-check	2025-12-05T04:36:05.2963554Z [36;1m    "result": "failure",[0m
Status Check - Keycloak JavaScript CI	Run /./.github/actions/status-check	2025-12-05T04:36:05.2963809Z [36;1m    "outputs": {}[0m
Status Check - Keycloak JavaScript CI	Run /./.github/actions/status-check	2025-12-05T04:36:05.2964037Z [36;1m  }[0m
Status Check - Keycloak JavaScript CI	Run /./.github/actions/status-check	2025-12-05T04:36:05.2964236Z [36;1m}'[0m
Status Check - Keycloak JavaScript CI	Run /./.github/actions/status-check	2025-12-05T04:36:05.2964435Z [36;1m[0m
Status Check - Keycloak JavaScript CI	Run /./.github/actions/status-check	2025-12-05T04:36:05.2964641Z [36;1mecho "Job status:"[0m
Status Check - Keycloak JavaScript CI	Run /./.github/actions/status-check	2025-12-05T04:36:05.2965188Z [36;1mecho $JOBS | jq -r 'to_entries[] | " - \(.key): \(.value.result)"'[0m
Status Check - Keycloak JavaScript CI	Run /./.github/actions/status-check	2025-12-05T04:36:05.2965551Z [36;1m[0m
Status Check - Keycloak JavaScript CI	Run /./.github/actions/status-check	2025-12-05T04:36:05.2965844Z [36;1mfor i in $(echo $JOBS | jq -r 'to_entries[] | .value.result'); do[0m
Status Check - Keycloak JavaScript CI	Run /./.github/actions/status-check	2025-12-05T04:36:05.2966239Z [36;1m  if [ "$i" != "success" ] && [ "$i" != "skipped" ]; then[0m
Status Check - Keycloak JavaScript CI	Run /./.github/actions/status-check	2025-12-05T04:36:05.2966556Z [36;1m    echo ""[0m
Status Check - Keycloak JavaScript CI	Run /./.github/actions/status-check	2025-12-05T04:36:05.2966795Z [36;1m    echo "Status check not okay!"[0m
Status Check - Keycloak JavaScript CI	Run /./.github/actions/status-check	2025-12-05T04:36:05.2967072Z [36;1m    exit 1[0m
Status Check - Keycloak JavaScript CI	Run /./.github/actions/status-check	2025-12-05T04:36:05.2967284Z [36;1m  fi[0m
Status Check - Keycloak JavaScript CI	Run /./.github/actions/status-check	2025-12-05T04:36:05.2967489Z [36;1mdone[0m
Status Check - Keycloak JavaScript CI	Run /./.github/actions/status-check	2025-12-05T04:36:05.3004661Z shell: /usr/bin/bash --noprofile --norc -e -o pipefail {0}
Status Check - Keycloak JavaScript CI	Run /./.github/actions/status-check	2025-12-05T04:36:05.3005283Z env:
Status Check - Keycloak JavaScript CI	Run /./.github/actions/status-check	2025-12-05T04:36:05.3005600Z   MAVEN_ARGS: -B -nsu -Daether.connector.http.connectionMaxTtl=25
Status Check - Keycloak JavaScript CI	Run /./.github/actions/status-check	2025-12-05T04:36:05.3005973Z ##[endgroup]
Status Check - Keycloak JavaScript CI	Run /./.github/actions/status-check	2025-12-05T04:36:05.3077377Z Job status:
Status Check - Keycloak JavaScript CI	Run /./.github/actions/status-check	2025-12-05T04:36:05.3105576Z  - conditional: success
Status Check - Keycloak JavaScript CI	Run /./.github/actions/status-check	2025-12-05T04:36:05.3105900Z  - build-keycloak: success
Status Check - Keycloak JavaScript CI	Run /./.github/actions/status-check	2025-12-05T04:36:05.3106440Z  - admin-client: success
Status Check - Keycloak JavaScript CI	Run /./.github/actions/status-check	2025-12-05T04:36:05.3106696Z  - ui-shared: success
Status Check - Keycloak JavaScript CI	Run /./.github/actions/status-check	2025-12-05T04:36:05.3106927Z  - account-ui: success
Status Check - Keycloak JavaScript CI	Run /./.github/actions/status-check	2025-12-05T04:36:05.3107170Z  - account-ui-e2e: success
Status Check - Keycloak JavaScript CI	Run /./.github/actions/status-check	2025-12-05T04:36:05.3107413Z  - admin-ui: success
Status Check - Keycloak JavaScript CI	Run /./.github/actions/status-check	2025-12-05T04:36:05.3107645Z  - admin-ui-e2e: failure
Status Check - Keycloak JavaScript CI	Run /./.github/actions/status-check	2025-12-05T04:36:05.3140351Z 
Status Check - Keycloak JavaScript CI	Run /./.github/actions/status-check	2025-12-05T04:36:05.3140745Z Status check not okay!
Status Check - Keycloak JavaScript CI	Run /./.github/actions/status-check	2025-12-05T04:36:05.3153054Z ##[error]Process completed with exit code 1.
