Account UI E2E (chromium)	Run Playwright tests	Ôªø2025-12-26T04:20:27.8025163Z ##[group]Run pnpm --fail-if-no-match --filter @keycloak/keycloak-account-ui test -- --project=chromium
Account UI E2E (chromium)	Run Playwright tests	2025-12-26T04:20:27.8026468Z [36;1mpnpm --fail-if-no-match --filter @keycloak/keycloak-account-ui test -- --project=chromium[0m
Account UI E2E (chromium)	Run Playwright tests	2025-12-26T04:20:27.8074662Z shell: /usr/bin/bash --noprofile --norc -e -o pipefail {0}
Account UI E2E (chromium)	Run Playwright tests	2025-12-26T04:20:27.8075226Z env:
Account UI E2E (chromium)	Run Playwright tests	2025-12-26T04:20:27.8075700Z   MAVEN_ARGS: -B -nsu -Daether.connector.http.connectionMaxTtl=25
Account UI E2E (chromium)	Run Playwright tests	2025-12-26T04:20:27.8076345Z   WORKSPACE: @keycloak/keycloak-account-ui
Account UI E2E (chromium)	Run Playwright tests	2025-12-26T04:20:27.8077001Z   JAVA_HOME: /opt/hostedtoolcache/Java_Temurin-Hotspot_jdk/21.0.9-10/x64
Account UI E2E (chromium)	Run Playwright tests	2025-12-26T04:20:27.8077859Z   JAVA_HOME_21_X64: /opt/hostedtoolcache/Java_Temurin-Hotspot_jdk/21.0.9-10/x64
Account UI E2E (chromium)	Run Playwright tests	2025-12-26T04:20:27.8078496Z ##[endgroup]
Account UI E2E (chromium)	Run Playwright tests	2025-12-26T04:20:28.1435246Z 
Account UI E2E (chromium)	Run Playwright tests	2025-12-26T04:20:28.1436412Z > @keycloak/keycloak-account-ui@999.0.0-SNAPSHOT test /home/runner/work/keycloak/keycloak/js/apps/account-ui
Account UI E2E (chromium)	Run Playwright tests	2025-12-26T04:20:28.1437411Z > wireit -- --project=chromium
Account UI E2E (chromium)	Run Playwright tests	2025-12-26T04:20:28.1437741Z 
Account UI E2E (chromium)	Run Playwright tests	2025-12-26T04:20:28.2520780Z Analyzing
Account UI E2E (chromium)	Run Playwright tests	2025-12-26T04:20:29.2524811Z   0% [0 / 2] [1 running] ../../libs/keycloak-admin-client:build
Account UI E2E (chromium)	Run Playwright tests	2025-12-26T04:20:29.9456152Z (node:5838) [DEP0190] DeprecationWarning: Passing args to a child process with shell option true can lead to security vulnerabilities, as the arguments are not escaped, only concatenated.
Account UI E2E (chromium)	Run Playwright tests	2025-12-26T04:20:29.9458064Z (Use `node --trace-deprecation ...` to show where the warning was created)
Account UI E2E (chromium)	Run Playwright tests	2025-12-26T04:20:30.2531400Z  50% [1 / 2] [1 running] test
Account UI E2E (chromium)	Run Playwright tests	2025-12-26T04:20:32.0137004Z 
Account UI E2E (chromium)	Run Playwright tests	2025-12-26T04:20:32.0137669Z Running 20 tests using 2 workers
Account UI E2E (chromium)	Run Playwright tests	2025-12-26T04:21:18.0353524Z ¬∑¬∑¬∑¬∑¬∑¬∑¬∑¬∑¬∑¬∑F¬∑¬∑¬∑¬∑¬∑¬∑¬∑¬∑¬∑
Account UI E2E (chromium)	Run Playwright tests	2025-12-26T04:21:18.0357971Z 
Account UI E2E (chromium)	Run Playwright tests	2025-12-26T04:21:18.0368817Z   1) [chromium] ‚Ä∫ test/personal-info/personal-info.spec.ts:9:3 ‚Ä∫ Personal info ‚Ä∫ sets basic information 
Account UI E2E (chromium)	Run Playwright tests	2025-12-26T04:21:18.0369512Z 
Account UI E2E (chromium)	Run Playwright tests	2025-12-26T04:21:18.0369704Z     Error: unknown_error
Account UI E2E (chromium)	Run Playwright tests	2025-12-26T04:21:18.0369982Z 
Account UI E2E (chromium)	Run Playwright tests	2025-12-26T04:21:18.0370395Z        at ../../../libs/keycloak-admin-client/lib/utils/fetchWithError.js:16
Account UI E2E (chromium)	Run Playwright tests	2025-12-26T04:21:18.0375831Z 
Account UI E2E (chromium)	Run Playwright tests	2025-12-26T04:21:18.0376075Z       14 |         const responseData = await parseResponse(response);
Account UI E2E (chromium)	Run Playwright tests	2025-12-26T04:21:18.0376675Z       15 |         const message = getErrorMessage(responseData);
Account UI E2E (chromium)	Run Playwright tests	2025-12-26T04:21:18.0377336Z     > 16 |         throw new NetworkError(message, {
Account UI E2E (chromium)	Run Playwright tests	2025-12-26T04:21:18.0377851Z          |               ^
Account UI E2E (chromium)	Run Playwright tests	2025-12-26T04:21:18.0378263Z       17 |             response,
Account UI E2E (chromium)	Run Playwright tests	2025-12-26T04:21:18.0378707Z       18 |             responseData,
Account UI E2E (chromium)	Run Playwright tests	2025-12-26T04:21:18.0379073Z       19 |         });
Account UI E2E (chromium)	Run Playwright tests	2025-12-26T04:21:18.0379734Z         at fetchWithError (/home/runner/work/keycloak/keycloak/js/libs/keycloak-admin-client/lib/utils/fetchWithError.js:16:15)
Account UI E2E (chromium)	Run Playwright tests	2025-12-26T04:21:18.0381568Z         at Agent.#requestWithParams (/home/runner/work/keycloak/keycloak/js/libs/keycloak-admin-client/lib/resources/agent.js:127:25)
Account UI E2E (chromium)	Run Playwright tests	2025-12-26T04:21:18.0382554Z         at /home/runner/work/keycloak/keycloak/js/apps/account-ui/test/personal-info/personal-info.spec.ts:19:67
Account UI E2E (chromium)	Run Playwright tests	2025-12-26T04:21:18.0382997Z 
Account UI E2E (chromium)	Run Playwright tests	2025-12-26T04:21:18.0383461Z     Error Context: test-results/personal-info-personal-inf-73cd1-info-sets-basic-information-chromium/error-context.md
Account UI E2E (chromium)	Run Playwright tests	2025-12-26T04:21:18.0383938Z 
Account UI E2E (chromium)	Run Playwright tests	2025-12-26T04:21:18.0384408Z     attachment #2: trace (application/zip) ‚îÄ‚îÄ‚îÄ‚îÄ‚îÄ‚îÄ‚îÄ‚îÄ‚îÄ‚îÄ‚îÄ‚îÄ‚îÄ‚îÄ‚îÄ‚îÄ‚îÄ‚îÄ‚îÄ‚îÄ‚îÄ‚îÄ‚îÄ‚îÄ‚îÄ‚îÄ‚îÄ‚îÄ‚îÄ‚îÄ‚îÄ‚îÄ‚îÄ‚îÄ‚îÄ‚îÄ‚îÄ‚îÄ‚îÄ‚îÄ‚îÄ‚îÄ‚îÄ‚îÄ‚îÄ‚îÄ‚îÄ‚îÄ‚îÄ‚îÄ‚îÄ‚îÄ‚îÄ‚îÄ‚îÄ‚îÄ‚îÄ
Account UI E2E (chromium)	Run Playwright tests	2025-12-26T04:21:18.0385102Z     test-results/personal-info-personal-inf-73cd1-info-sets-basic-information-chromium/trace.zip
Account UI E2E (chromium)	Run Playwright tests	2025-12-26T04:21:18.0385582Z     Usage:
Account UI E2E (chromium)	Run Playwright tests	2025-12-26T04:21:18.0385689Z 
Account UI E2E (chromium)	Run Playwright tests	2025-12-26T04:21:18.0386182Z         pnpm exec playwright show-trace test-results/personal-info-personal-inf-73cd1-info-sets-basic-information-chromium/trace.zip
Account UI E2E (chromium)	Run Playwright tests	2025-12-26T04:21:18.0386714Z 
Account UI E2E (chromium)	Run Playwright tests	2025-12-26T04:21:18.0387024Z     ‚îÄ‚îÄ‚îÄ‚îÄ‚îÄ‚îÄ‚îÄ‚îÄ‚îÄ‚îÄ‚îÄ‚îÄ‚îÄ‚îÄ‚îÄ‚îÄ‚îÄ‚îÄ‚îÄ‚îÄ‚îÄ‚îÄ‚îÄ‚îÄ‚îÄ‚îÄ‚îÄ‚îÄ‚îÄ‚îÄ‚îÄ‚îÄ‚îÄ‚îÄ‚îÄ‚îÄ‚îÄ‚îÄ‚îÄ‚îÄ‚îÄ‚îÄ‚îÄ‚îÄ‚îÄ‚îÄ‚îÄ‚îÄ‚îÄ‚îÄ‚îÄ‚îÄ‚îÄ‚îÄ‚îÄ‚îÄ‚îÄ‚îÄ‚îÄ‚îÄ‚îÄ‚îÄ‚îÄ‚îÄ‚îÄ‚îÄ‚îÄ‚îÄ‚îÄ‚îÄ‚îÄ‚îÄ‚îÄ‚îÄ‚îÄ‚îÄ‚îÄ‚îÄ‚îÄ‚îÄ‚îÄ‚îÄ‚îÄ‚îÄ‚îÄ‚îÄ‚îÄ‚îÄ‚îÄ‚îÄ‚îÄ‚îÄ‚îÄ‚îÄ‚îÄ‚îÄ
Account UI E2E (chromium)	Run Playwright tests	2025-12-26T04:21:18.0387265Z 
Account UI E2E (chromium)	Run Playwright tests	2025-12-26T04:21:18.0387342Z   1 failed
Account UI E2E (chromium)	Run Playwright tests	2025-12-26T04:21:18.0387857Z     [chromium] ‚Ä∫ test/personal-info/personal-info.spec.ts:9:3 ‚Ä∫ Personal info ‚Ä∫ sets basic information 
Account UI E2E (chromium)	Run Playwright tests	2025-12-26T04:21:18.0388656Z   19 passed (47.2s)
Account UI E2E (chromium)	Run Playwright tests	2025-12-26T04:21:18.0418023Z ##[error]  1) [chromium] ‚Ä∫ test/personal-info/personal-info.spec.ts:9:3 ‚Ä∫ Personal info ‚Ä∫ sets basic information 
Account UI E2E (chromium)	Run Playwright tests	    Error: unknown_error
Account UI E2E (chromium)	Run Playwright tests	
Account UI E2E (chromium)	Run Playwright tests	       at ../../../libs/keycloak-admin-client/lib/utils/fetchWithError.js:16
Account UI E2E (chromium)	Run Playwright tests	
Account UI E2E (chromium)	Run Playwright tests	      14 |         const responseData = await parseResponse(response);
Account UI E2E (chromium)	Run Playwright tests	      15 |         const message = getErrorMessage(responseData);
Account UI E2E (chromium)	Run Playwright tests	    > 16 |         throw new NetworkError(message, {
Account UI E2E (chromium)	Run Playwright tests	         |               ^
Account UI E2E (chromium)	Run Playwright tests	      17 |             response,
Account UI E2E (chromium)	Run Playwright tests	      18 |             responseData,
Account UI E2E (chromium)	Run Playwright tests	      19 |         });
Account UI E2E (chromium)	Run Playwright tests	        at fetchWithError (/home/runner/work/keycloak/keycloak/js/libs/keycloak-admin-client/lib/utils/fetchWithError.js:16:15)
Account UI E2E (chromium)	Run Playwright tests	        at Agent.#requestWithParams (/home/runner/work/keycloak/keycloak/js/libs/keycloak-admin-client/lib/resources/agent.js:127:25)
Account UI E2E (chromium)	Run Playwright tests	        at /home/runner/work/keycloak/keycloak/js/apps/account-ui/test/personal-info/personal-info.spec.ts:19:67
Account UI E2E (chromium)	Run Playwright tests	2025-12-26T04:21:18.0430517Z ##[notice]  1 failed
Account UI E2E (chromium)	Run Playwright tests	    [chromium] ‚Ä∫ test/personal-info/personal-info.spec.ts:9:3 ‚Ä∫ Personal info ‚Ä∫ sets basic information 
Account UI E2E (chromium)	Run Playwright tests	  19 passed (47.2s)
Account UI E2E (chromium)	Run Playwright tests	2025-12-26T04:21:18.0887458Z 
Account UI E2E (chromium)	Run Playwright tests	2025-12-26T04:21:18.0888393Z ‚ùå [test] exited with exit code 1.
Account UI E2E (chromium)	Run Playwright tests	2025-12-26T04:21:18.0892652Z ‚ùå 1 script failed.
Account UI E2E (chromium)	Run Playwright tests	2025-12-26T04:21:18.1134453Z /home/runner/work/keycloak/keycloak/js/apps/account-ui:
Account UI E2E (chromium)	Run Playwright tests	2025-12-26T04:21:18.1135711Z ‚ÄâERR_PNPM_RECURSIVE_RUN_FIRST_FAIL‚Äâ @keycloak/keycloak-account-ui@999.0.0-SNAPSHOT test: `wireit -- --project=chromium`
Account UI E2E (chromium)	Run Playwright tests	2025-12-26T04:21:18.1136254Z Exit status 1
Account UI E2E (chromium)	Run Playwright tests	2025-12-26T04:21:18.1339918Z ##[error]Process completed with exit code 1.
Status Check - Keycloak JavaScript CI	Run /./.github/actions/status-check	Ôªø2025-12-26T04:44:27.4939901Z Prepare all required actions
Status Check - Keycloak JavaScript CI	Run /./.github/actions/status-check	2025-12-26T04:44:27.5012207Z ##[group]Run ./.github/actions/status-check
Status Check - Keycloak JavaScript CI	Run /./.github/actions/status-check	2025-12-26T04:44:27.5012727Z with:
Status Check - Keycloak JavaScript CI	Run /./.github/actions/status-check	2025-12-26T04:44:27.5014372Z   jobs: {
Status Check - Keycloak JavaScript CI	Run /./.github/actions/status-check	  "conditional": {
Status Check - Keycloak JavaScript CI	Run /./.github/actions/status-check	    "result": "success",
Status Check - Keycloak JavaScript CI	Run /./.github/actions/status-check	    "outputs": {
Status Check - Keycloak JavaScript CI	Run /./.github/actions/status-check	      "js-ci": "true"
Status Check - Keycloak JavaScript CI	Run /./.github/actions/status-check	    }
Status Check - Keycloak JavaScript CI	Run /./.github/actions/status-check	  },
Status Check - Keycloak JavaScript CI	Run /./.github/actions/status-check	  "build-keycloak": {
Status Check - Keycloak JavaScript CI	Run /./.github/actions/status-check	    "result": "success",
Status Check - Keycloak JavaScript CI	Run /./.github/actions/status-check	    "outputs": {}
Status Check - Keycloak JavaScript CI	Run /./.github/actions/status-check	  },
Status Check - Keycloak JavaScript CI	Run /./.github/actions/status-check	  "admin-client": {
Status Check - Keycloak JavaScript CI	Run /./.github/actions/status-check	    "result": "success",
Status Check - Keycloak JavaScript CI	Run /./.github/actions/status-check	    "outputs": {}
Status Check - Keycloak JavaScript CI	Run /./.github/actions/status-check	  },
Status Check - Keycloak JavaScript CI	Run /./.github/actions/status-check	  "ui-shared": {
Status Check - Keycloak JavaScript CI	Run /./.github/actions/status-check	    "result": "success",
Status Check - Keycloak JavaScript CI	Run /./.github/actions/status-check	    "outputs": {}
Status Check - Keycloak JavaScript CI	Run /./.github/actions/status-check	  },
Status Check - Keycloak JavaScript CI	Run /./.github/actions/status-check	  "account-ui": {
Status Check - Keycloak JavaScript CI	Run /./.github/actions/status-check	    "result": "success",
Status Check - Keycloak JavaScript CI	Run /./.github/actions/status-check	    "outputs": {}
Status Check - Keycloak JavaScript CI	Run /./.github/actions/status-check	  },
Status Check - Keycloak JavaScript CI	Run /./.github/actions/status-check	  "account-ui-e2e": {
Status Check - Keycloak JavaScript CI	Run /./.github/actions/status-check	    "result": "failure",
Status Check - Keycloak JavaScript CI	Run /./.github/actions/status-check	    "outputs": {}
Status Check - Keycloak JavaScript CI	Run /./.github/actions/status-check	  },
Status Check - Keycloak JavaScript CI	Run /./.github/actions/status-check	  "admin-ui": {
Status Check - Keycloak JavaScript CI	Run /./.github/actions/status-check	    "result": "success",
Status Check - Keycloak JavaScript CI	Run /./.github/actions/status-check	    "outputs": {}
Status Check - Keycloak JavaScript CI	Run /./.github/actions/status-check	  },
Status Check - Keycloak JavaScript CI	Run /./.github/actions/status-check	  "admin-ui-e2e": {
Status Check - Keycloak JavaScript CI	Run /./.github/actions/status-check	    "result": "success",
Status Check - Keycloak JavaScript CI	Run /./.github/actions/status-check	    "outputs": {}
Status Check - Keycloak JavaScript CI	Run /./.github/actions/status-check	  },
Status Check - Keycloak JavaScript CI	Run /./.github/actions/status-check	  "keycloak-admin-client": {
Status Check - Keycloak JavaScript CI	Run /./.github/actions/status-check	    "result": "success",
Status Check - Keycloak JavaScript CI	Run /./.github/actions/status-check	    "outputs": {}
Status Check - Keycloak JavaScript CI	Run /./.github/actions/status-check	  }
Status Check - Keycloak JavaScript CI	Run /./.github/actions/status-check	}
Status Check - Keycloak JavaScript CI	Run /./.github/actions/status-check	2025-12-26T04:44:27.5016378Z env:
Status Check - Keycloak JavaScript CI	Run /./.github/actions/status-check	2025-12-26T04:44:27.5016844Z   MAVEN_ARGS: -B -nsu -Daether.connector.http.connectionMaxTtl=25
Status Check - Keycloak JavaScript CI	Run /./.github/actions/status-check	2025-12-26T04:44:27.5017381Z ##[endgroup]
Status Check - Keycloak JavaScript CI	Run /./.github/actions/status-check	2025-12-26T04:44:27.5117240Z ##[group]Run JOBS='{
Status Check - Keycloak JavaScript CI	Run /./.github/actions/status-check	2025-12-26T04:44:27.5118175Z [36;1mJOBS='{[0m
Status Check - Keycloak JavaScript CI	Run /./.github/actions/status-check	2025-12-26T04:44:27.5118586Z [36;1m  "conditional": {[0m
Status Check - Keycloak JavaScript CI	Run /./.github/actions/status-check	2025-12-26T04:44:27.5119022Z [36;1m    "result": "success",[0m
Status Check - Keycloak JavaScript CI	Run /./.github/actions/status-check	2025-12-26T04:44:27.5119463Z [36;1m    "outputs": {[0m
Status Check - Keycloak JavaScript CI	Run /./.github/actions/status-check	2025-12-26T04:44:27.5119868Z [36;1m      "js-ci": "true"[0m
Status Check - Keycloak JavaScript CI	Run /./.github/actions/status-check	2025-12-26T04:44:27.5120261Z [36;1m    }[0m
Status Check - Keycloak JavaScript CI	Run /./.github/actions/status-check	2025-12-26T04:44:27.5120605Z [36;1m  },[0m
Status Check - Keycloak JavaScript CI	Run /./.github/actions/status-check	2025-12-26T04:44:27.5120991Z [36;1m  "build-keycloak": {[0m
Status Check - Keycloak JavaScript CI	Run /./.github/actions/status-check	2025-12-26T04:44:27.5121422Z [36;1m    "result": "success",[0m
Status Check - Keycloak JavaScript CI	Run /./.github/actions/status-check	2025-12-26T04:44:27.5121841Z [36;1m    "outputs": {}[0m
Status Check - Keycloak JavaScript CI	Run /./.github/actions/status-check	2025-12-26T04:44:27.5122213Z [36;1m  },[0m
Status Check - Keycloak JavaScript CI	Run /./.github/actions/status-check	2025-12-26T04:44:27.5122576Z [36;1m  "admin-client": {[0m
Status Check - Keycloak JavaScript CI	Run /./.github/actions/status-check	2025-12-26T04:44:27.5122982Z [36;1m    "result": "success",[0m
Status Check - Keycloak JavaScript CI	Run /./.github/actions/status-check	2025-12-26T04:44:27.5123405Z [36;1m    "outputs": {}[0m
Status Check - Keycloak JavaScript CI	Run /./.github/actions/status-check	2025-12-26T04:44:27.5123799Z [36;1m  },[0m
Status Check - Keycloak JavaScript CI	Run /./.github/actions/status-check	2025-12-26T04:44:27.5124148Z [36;1m  "ui-shared": {[0m
Status Check - Keycloak JavaScript CI	Run /./.github/actions/status-check	2025-12-26T04:44:27.5124539Z [36;1m    "result": "success",[0m
Status Check - Keycloak JavaScript CI	Run /./.github/actions/status-check	2025-12-26T04:44:27.5124943Z [36;1m    "outputs": {}[0m
Status Check - Keycloak JavaScript CI	Run /./.github/actions/status-check	2025-12-26T04:44:27.5125310Z [36;1m  },[0m
Status Check - Keycloak JavaScript CI	Run /./.github/actions/status-check	2025-12-26T04:44:27.5125635Z [36;1m  "account-ui": {[0m
Status Check - Keycloak JavaScript CI	Run /./.github/actions/status-check	2025-12-26T04:44:27.5126006Z [36;1m    "result": "success",[0m
Status Check - Keycloak JavaScript CI	Run /./.github/actions/status-check	2025-12-26T04:44:27.5126384Z [36;1m    "outputs": {}[0m
Status Check - Keycloak JavaScript CI	Run /./.github/actions/status-check	2025-12-26T04:44:27.5126735Z [36;1m  },[0m
Status Check - Keycloak JavaScript CI	Run /./.github/actions/status-check	2025-12-26T04:44:27.5127102Z [36;1m  "account-ui-e2e": {[0m
Status Check - Keycloak JavaScript CI	Run /./.github/actions/status-check	2025-12-26T04:44:27.5127475Z [36;1m    "result": "failure",[0m
Status Check - Keycloak JavaScript CI	Run /./.github/actions/status-check	2025-12-26T04:44:27.5128045Z [36;1m    "outputs": {}[0m
Status Check - Keycloak JavaScript CI	Run /./.github/actions/status-check	2025-12-26T04:44:27.5128394Z [36;1m  },[0m
Status Check - Keycloak JavaScript CI	Run /./.github/actions/status-check	2025-12-26T04:44:27.5128722Z [36;1m  "admin-ui": {[0m
Status Check - Keycloak JavaScript CI	Run /./.github/actions/status-check	2025-12-26T04:44:27.5129084Z [36;1m    "result": "success",[0m
Status Check - Keycloak JavaScript CI	Run /./.github/actions/status-check	2025-12-26T04:44:27.5129462Z [36;1m    "outputs": {}[0m
Status Check - Keycloak JavaScript CI	Run /./.github/actions/status-check	2025-12-26T04:44:27.5129799Z [36;1m  },[0m
Status Check - Keycloak JavaScript CI	Run /./.github/actions/status-check	2025-12-26T04:44:27.5130130Z [36;1m  "admin-ui-e2e": {[0m
Status Check - Keycloak JavaScript CI	Run /./.github/actions/status-check	2025-12-26T04:44:27.5130527Z [36;1m    "result": "success",[0m
Status Check - Keycloak JavaScript CI	Run /./.github/actions/status-check	2025-12-26T04:44:27.5130912Z [36;1m    "outputs": {}[0m
Status Check - Keycloak JavaScript CI	Run /./.github/actions/status-check	2025-12-26T04:44:27.5131263Z [36;1m  },[0m
Status Check - Keycloak JavaScript CI	Run /./.github/actions/status-check	2025-12-26T04:44:27.5131596Z [36;1m  "keycloak-admin-client": {[0m
Status Check - Keycloak JavaScript CI	Run /./.github/actions/status-check	2025-12-26T04:44:27.5132004Z [36;1m    "result": "success",[0m
Status Check - Keycloak JavaScript CI	Run /./.github/actions/status-check	2025-12-26T04:44:27.5132378Z [36;1m    "outputs": {}[0m
Status Check - Keycloak JavaScript CI	Run /./.github/actions/status-check	2025-12-26T04:44:27.5132726Z [36;1m  }[0m
Status Check - Keycloak JavaScript CI	Run /./.github/actions/status-check	2025-12-26T04:44:27.5133027Z [36;1m}'[0m
Status Check - Keycloak JavaScript CI	Run /./.github/actions/status-check	2025-12-26T04:44:27.5133343Z [36;1m[0m
Status Check - Keycloak JavaScript CI	Run /./.github/actions/status-check	2025-12-26T04:44:27.5133662Z [36;1mecho "Job status:"[0m
Status Check - Keycloak JavaScript CI	Run /./.github/actions/status-check	2025-12-26T04:44:27.5134175Z [36;1mecho $JOBS | jq -r 'to_entries[] | " - \(.key): \(.value.result)"'[0m
Status Check - Keycloak JavaScript CI	Run /./.github/actions/status-check	2025-12-26T04:44:27.5134663Z [36;1m[0m
Status Check - Keycloak JavaScript CI	Run /./.github/actions/status-check	2025-12-26T04:44:27.5135078Z [36;1mfor i in $(echo $JOBS | jq -r 'to_entries[] | .value.result'); do[0m
Status Check - Keycloak JavaScript CI	Run /./.github/actions/status-check	2025-12-26T04:44:27.5135620Z [36;1m  if [ "$i" != "success" ] && [ "$i" != "skipped" ]; then[0m
Status Check - Keycloak JavaScript CI	Run /./.github/actions/status-check	2025-12-26T04:44:27.5136046Z [36;1m    echo ""[0m
Status Check - Keycloak JavaScript CI	Run /./.github/actions/status-check	2025-12-26T04:44:27.5136411Z [36;1m    echo "Status check not okay!"[0m
Status Check - Keycloak JavaScript CI	Run /./.github/actions/status-check	2025-12-26T04:44:27.5136808Z [36;1m    exit 1[0m
Status Check - Keycloak JavaScript CI	Run /./.github/actions/status-check	2025-12-26T04:44:27.5137138Z [36;1m  fi[0m
Status Check - Keycloak JavaScript CI	Run /./.github/actions/status-check	2025-12-26T04:44:27.5137443Z [36;1mdone[0m
Status Check - Keycloak JavaScript CI	Run /./.github/actions/status-check	2025-12-26T04:44:27.5174749Z shell: /usr/bin/bash --noprofile --norc -e -o pipefail {0}
Status Check - Keycloak JavaScript CI	Run /./.github/actions/status-check	2025-12-26T04:44:27.5175577Z env:
Status Check - Keycloak JavaScript CI	Run /./.github/actions/status-check	2025-12-26T04:44:27.5176019Z   MAVEN_ARGS: -B -nsu -Daether.connector.http.connectionMaxTtl=25
Status Check - Keycloak JavaScript CI	Run /./.github/actions/status-check	2025-12-26T04:44:27.5176522Z ##[endgroup]
Status Check - Keycloak JavaScript CI	Run /./.github/actions/status-check	2025-12-26T04:44:27.5250394Z Job status:
Status Check - Keycloak JavaScript CI	Run /./.github/actions/status-check	2025-12-26T04:44:27.5277082Z  - conditional: success
Status Check - Keycloak JavaScript CI	Run /./.github/actions/status-check	2025-12-26T04:44:27.5277950Z  - build-keycloak: success
Status Check - Keycloak JavaScript CI	Run /./.github/actions/status-check	2025-12-26T04:44:27.5278379Z  - admin-client: success
Status Check - Keycloak JavaScript CI	Run /./.github/actions/status-check	2025-12-26T04:44:27.5278858Z  - ui-shared: success
Status Check - Keycloak JavaScript CI	Run /./.github/actions/status-check	2025-12-26T04:44:27.5279482Z  - account-ui: success
Status Check - Keycloak JavaScript CI	Run /./.github/actions/status-check	2025-12-26T04:44:27.5280118Z  - account-ui-e2e: failure
Status Check - Keycloak JavaScript CI	Run /./.github/actions/status-check	2025-12-26T04:44:27.5280756Z  - admin-ui: success
Status Check - Keycloak JavaScript CI	Run /./.github/actions/status-check	2025-12-26T04:44:27.5281302Z  - admin-ui-e2e: success
Status Check - Keycloak JavaScript CI	Run /./.github/actions/status-check	2025-12-26T04:44:27.5281698Z  - keycloak-admin-client: success
Status Check - Keycloak JavaScript CI	Run /./.github/actions/status-check	2025-12-26T04:44:27.5312440Z 
Status Check - Keycloak JavaScript CI	Run /./.github/actions/status-check	2025-12-26T04:44:27.5312958Z Status check not okay!
Status Check - Keycloak JavaScript CI	Run /./.github/actions/status-check	2025-12-26T04:44:27.5325679Z ##[error]Process completed with exit code 1.
