AzureDB IT	UNKNOWN STEP	ï»¿2026-01-18T04:19:37.8489815Z Current runner version: '2.331.0'
AzureDB IT	UNKNOWN STEP	2026-01-18T04:19:37.8514470Z ##[group]Runner Image Provisioner
AzureDB IT	UNKNOWN STEP	2026-01-18T04:19:37.8515550Z Hosted Compute Agent
AzureDB IT	UNKNOWN STEP	2026-01-18T04:19:37.8516262Z Version: 20251211.462
AzureDB IT	UNKNOWN STEP	2026-01-18T04:19:37.8517122Z Commit: 6cbad8c2bb55d58165063d031ccabf57e2d2db61
AzureDB IT	UNKNOWN STEP	2026-01-18T04:19:37.8518035Z Build Date: 2025-12-11T16:28:49Z
AzureDB IT	UNKNOWN STEP	2026-01-18T04:19:37.8518978Z Worker ID: ***6cc049c4-fafa-4df3-8ee3-ab8f34c2b45f***
AzureDB IT	UNKNOWN STEP	2026-01-18T04:19:37.8519946Z ##[endgroup]
AzureDB IT	UNKNOWN STEP	2026-01-18T04:19:37.8520675Z ##[group]Operating System
AzureDB IT	UNKNOWN STEP	2026-01-18T04:19:37.8521423Z Ubuntu
AzureDB IT	UNKNOWN STEP	2026-01-18T04:19:37.8522082Z 24.04.3
AzureDB IT	UNKNOWN STEP	2026-01-18T04:19:37.8522749Z LTS
AzureDB IT	UNKNOWN STEP	2026-01-18T04:19:37.8523323Z ##[endgroup]
AzureDB IT	UNKNOWN STEP	2026-01-18T04:19:37.8524183Z ##[group]Runner Image
AzureDB IT	UNKNOWN STEP	2026-01-18T04:19:37.8524892Z Image: ubuntu-24.04
AzureDB IT	UNKNOWN STEP	2026-01-18T04:19:37.8525681Z Version: 20260111.209.1
AzureDB IT	UNKNOWN STEP	2026-01-18T04:19:37.8526868Z Included Software: https://github.com/actions/runner-images/blob/ubuntu24/20260111.209/images/ubuntu/Ubuntu2404-Readme.md
AzureDB IT	UNKNOWN STEP	2026-01-18T04:19:37.8528705Z Image Release: https://github.com/actions/runner-images/releases/tag/ubuntu24%2F20260111.209
AzureDB IT	UNKNOWN STEP	2026-01-18T04:19:37.8529934Z ##[endgroup]
AzureDB IT	UNKNOWN STEP	2026-01-18T04:19:37.8531486Z ##[group]GITHUB_TOKEN Permissions
AzureDB IT	UNKNOWN STEP	2026-01-18T04:19:37.8533552Z Actions: write
AzureDB IT	UNKNOWN STEP	2026-01-18T04:19:37.8534643Z Contents: read
AzureDB IT	UNKNOWN STEP	2026-01-18T04:19:37.8535372Z Metadata: read
AzureDB IT	UNKNOWN STEP	2026-01-18T04:19:37.8536039Z ##[endgroup]
AzureDB IT	UNKNOWN STEP	2026-01-18T04:19:37.8538208Z Secret source: Actions
AzureDB IT	UNKNOWN STEP	2026-01-18T04:19:37.8539127Z Prepare workflow directory
AzureDB IT	UNKNOWN STEP	2026-01-18T04:19:37.8945335Z Prepare all required actions
AzureDB IT	UNKNOWN STEP	2026-01-18T04:19:37.8985479Z Getting action download info
AzureDB IT	UNKNOWN STEP	2026-01-18T04:19:38.3374545Z Download action repository 'actions/checkout@11bd71901bbe5b1630ceea73d27597364c9af683' (SHA:11bd71901bbe5b1630ceea73d27597364c9af683)
AzureDB IT	UNKNOWN STEP	2026-01-18T04:19:38.4771554Z Download action repository 'azure/login@a457da9ea143d694b1b9c7c869ebb04ebe844ef5' (SHA:a457da9ea143d694b1b9c7c869ebb04ebe844ef5)
AzureDB IT	UNKNOWN STEP	2026-01-18T04:19:39.0105418Z Complete job name: AzureDB IT
AzureDB IT	UNKNOWN STEP	2026-01-18T04:19:39.0858719Z ##[group]Run actions/checkout@11bd71901bbe5b1630ceea73d27597364c9af683
AzureDB IT	UNKNOWN STEP	2026-01-18T04:19:39.0859886Z with:
AzureDB IT	UNKNOWN STEP	2026-01-18T04:19:39.0860440Z   repository: keycloak/keycloak
AzureDB IT	UNKNOWN STEP	2026-01-18T04:19:39.0861211Z   token: ***
AzureDB IT	UNKNOWN STEP	2026-01-18T04:19:39.0861711Z   ssh-strict: true
AzureDB IT	UNKNOWN STEP	2026-01-18T04:19:39.0862239Z   ssh-user: git
AzureDB IT	UNKNOWN STEP	2026-01-18T04:19:39.0862754Z   persist-credentials: true
AzureDB IT	UNKNOWN STEP	2026-01-18T04:19:39.0863318Z   clean: true
AzureDB IT	UNKNOWN STEP	2026-01-18T04:19:39.0863835Z   sparse-checkout-cone-mode: true
AzureDB IT	UNKNOWN STEP	2026-01-18T04:19:39.0864604Z   fetch-depth: 1
AzureDB IT	UNKNOWN STEP	2026-01-18T04:19:39.0865108Z   fetch-tags: false
AzureDB IT	UNKNOWN STEP	2026-01-18T04:19:39.0865615Z   show-progress: true
AzureDB IT	UNKNOWN STEP	2026-01-18T04:19:39.0866129Z   lfs: false
AzureDB IT	UNKNOWN STEP	2026-01-18T04:19:39.0866615Z   submodules: false
AzureDB IT	UNKNOWN STEP	2026-01-18T04:19:39.0867155Z   set-safe-directory: true
AzureDB IT	UNKNOWN STEP	2026-01-18T04:19:39.0867950Z env:
AzureDB IT	UNKNOWN STEP	2026-01-18T04:19:39.0868631Z   MAVEN_ARGS: -B -nsu -Daether.connector.http.connectionMaxTtl=25
AzureDB IT	UNKNOWN STEP	2026-01-18T04:19:39.0869435Z   SUREFIRE_RERUN_FAILING_COUNT: 2
AzureDB IT	UNKNOWN STEP	2026-01-18T04:19:39.0870168Z   SUREFIRE_RETRY: -Dsurefire.rerunFailingTestsCount=2
AzureDB IT	UNKNOWN STEP	2026-01-18T04:19:39.0870887Z ##[endgroup]
AzureDB IT	UNKNOWN STEP	2026-01-18T04:19:39.1977475Z Syncing repository: keycloak/keycloak
AzureDB IT	UNKNOWN STEP	2026-01-18T04:19:39.1979429Z ##[group]Getting Git version info
AzureDB IT	UNKNOWN STEP	2026-01-18T04:19:39.1980425Z Working directory is '/home/runner/work/keycloak/keycloak'
AzureDB IT	UNKNOWN STEP	2026-01-18T04:19:39.1982095Z [command]/usr/bin/git version
AzureDB IT	UNKNOWN STEP	2026-01-18T04:19:39.2082811Z git version 2.52.0
AzureDB IT	UNKNOWN STEP	2026-01-18T04:19:39.2109858Z ##[endgroup]
AzureDB IT	UNKNOWN STEP	2026-01-18T04:19:39.2124082Z Temporarily overriding HOME='/home/runner/work/_temp/24d3b666-6ba4-4f3b-ba94-f2bc17235efc' before making global git config changes
AzureDB IT	UNKNOWN STEP	2026-01-18T04:19:39.2125613Z Adding repository directory to the temporary git global config as a safe directory
AzureDB IT	UNKNOWN STEP	2026-01-18T04:19:39.2137151Z [command]/usr/bin/git config --global --add safe.directory /home/runner/work/keycloak/keycloak
AzureDB IT	UNKNOWN STEP	2026-01-18T04:19:39.2178386Z Deleting the contents of '/home/runner/work/keycloak/keycloak'
AzureDB IT	UNKNOWN STEP	2026-01-18T04:19:39.2182180Z ##[group]Initializing the repository
AzureDB IT	UNKNOWN STEP	2026-01-18T04:19:39.2186559Z [command]/usr/bin/git init /home/runner/work/keycloak/keycloak
AzureDB IT	UNKNOWN STEP	2026-01-18T04:19:39.2313320Z hint: Using 'master' as the name for the initial branch. This default branch name
AzureDB IT	UNKNOWN STEP	2026-01-18T04:19:39.2315264Z hint: will change to "main" in Git 3.0. To configure the initial branch name
AzureDB IT	UNKNOWN STEP	2026-01-18T04:19:39.2316808Z hint: to use in all of your new repositories, which will suppress this warning,
AzureDB IT	UNKNOWN STEP	2026-01-18T04:19:39.2318032Z hint: call:
AzureDB IT	UNKNOWN STEP	2026-01-18T04:19:39.2318511Z hint:
AzureDB IT	UNKNOWN STEP	2026-01-18T04:19:39.2319103Z hint: 	git config --global init.defaultBranch <name>
AzureDB IT	UNKNOWN STEP	2026-01-18T04:19:39.2319825Z hint:
AzureDB IT	UNKNOWN STEP	2026-01-18T04:19:39.2320491Z hint: Names commonly chosen instead of 'master' are 'main', 'trunk' and
AzureDB IT	UNKNOWN STEP	2026-01-18T04:19:39.2321524Z hint: 'development'. The just-created branch can be renamed via this command:
AzureDB IT	UNKNOWN STEP	2026-01-18T04:19:39.2322667Z hint:
AzureDB IT	UNKNOWN STEP	2026-01-18T04:19:39.2323191Z hint: 	git branch -m <name>
AzureDB IT	UNKNOWN STEP	2026-01-18T04:19:39.2323759Z hint:
AzureDB IT	UNKNOWN STEP	2026-01-18T04:19:39.2324718Z hint: Disable this message with "git config set advice.defaultBranchName false"
AzureDB IT	UNKNOWN STEP	2026-01-18T04:19:39.2325829Z Initialized empty Git repository in /home/runner/work/keycloak/keycloak/.git/
AzureDB IT	UNKNOWN STEP	2026-01-18T04:19:39.2328671Z [command]/usr/bin/git remote add origin https://github.com/keycloak/keycloak
AzureDB IT	UNKNOWN STEP	2026-01-18T04:19:39.2363431Z ##[endgroup]
AzureDB IT	UNKNOWN STEP	2026-01-18T04:19:39.2364486Z ##[group]Disabling automatic garbage collection
AzureDB IT	UNKNOWN STEP	2026-01-18T04:19:39.2368803Z [command]/usr/bin/git config --local gc.auto 0
AzureDB IT	UNKNOWN STEP	2026-01-18T04:19:39.2397163Z ##[endgroup]
AzureDB IT	UNKNOWN STEP	2026-01-18T04:19:39.2398287Z ##[group]Setting up auth
AzureDB IT	UNKNOWN STEP	2026-01-18T04:19:39.2404167Z [command]/usr/bin/git config --local --name-only --get-regexp core\.sshCommand
AzureDB IT	UNKNOWN STEP	2026-01-18T04:19:39.2433447Z [command]/usr/bin/git submodule foreach --recursive sh -c "git config --local --name-only --get-regexp 'core\.sshCommand' && git config --local --unset-all 'core.sshCommand' || :"
AzureDB IT	UNKNOWN STEP	2026-01-18T04:19:39.2810920Z [command]/usr/bin/git config --local --name-only --get-regexp http\.https\:\/\/github\.com\/\.extraheader
AzureDB IT	UNKNOWN STEP	2026-01-18T04:19:39.2843317Z [command]/usr/bin/git submodule foreach --recursive sh -c "git config --local --name-only --get-regexp 'http\.https\:\/\/github\.com\/\.extraheader' && git config --local --unset-all 'http.https://github.com/.extraheader' || :"
AzureDB IT	UNKNOWN STEP	2026-01-18T04:19:39.3065393Z [command]/usr/bin/git config --local http.https://github.com/.extraheader AUTHORIZATION: basic ***
AzureDB IT	UNKNOWN STEP	2026-01-18T04:19:39.3109452Z ##[endgroup]
AzureDB IT	UNKNOWN STEP	2026-01-18T04:19:39.3118073Z ##[group]Fetching the repository
AzureDB IT	UNKNOWN STEP	2026-01-18T04:19:39.3119535Z [command]/usr/bin/git -c protocol.version=2 fetch --no-tags --prune --no-recurse-submodules --depth=1 origin +6ceaa2d391f9c7f7dc9dc5874503066a34397669:refs/remotes/origin/main
AzureDB IT	UNKNOWN STEP	2026-01-18T04:19:40.7880074Z From https://github.com/keycloak/keycloak
AzureDB IT	UNKNOWN STEP	2026-01-18T04:19:40.7880870Z  * [new ref]         6ceaa2d391f9c7f7dc9dc5874503066a34397669 -> origin/main
AzureDB IT	UNKNOWN STEP	2026-01-18T04:19:40.7917198Z ##[endgroup]
AzureDB IT	UNKNOWN STEP	2026-01-18T04:19:40.7917783Z ##[group]Determining the checkout info
AzureDB IT	UNKNOWN STEP	2026-01-18T04:19:40.7919315Z ##[endgroup]
AzureDB IT	UNKNOWN STEP	2026-01-18T04:19:40.7924817Z [command]/usr/bin/git sparse-checkout disable
AzureDB IT	UNKNOWN STEP	2026-01-18T04:19:40.8031547Z [command]/usr/bin/git config --local --unset-all extensions.worktreeConfig
AzureDB IT	UNKNOWN STEP	2026-01-18T04:19:40.8034397Z ##[group]Checking out the ref
AzureDB IT	UNKNOWN STEP	2026-01-18T04:19:40.8035328Z [command]/usr/bin/git checkout --progress --force -B main refs/remotes/origin/main
AzureDB IT	UNKNOWN STEP	2026-01-18T04:19:41.6505635Z Switched to a new branch 'main'
AzureDB IT	UNKNOWN STEP	2026-01-18T04:19:41.6509422Z branch 'main' set up to track 'origin/main'.
AzureDB IT	UNKNOWN STEP	2026-01-18T04:19:41.6541007Z ##[endgroup]
AzureDB IT	UNKNOWN STEP	2026-01-18T04:19:41.6578898Z [command]/usr/bin/git log -1 --format=%H
AzureDB IT	UNKNOWN STEP	2026-01-18T04:19:41.6601440Z 6ceaa2d391f9c7f7dc9dc5874503066a34397669
AzureDB IT	UNKNOWN STEP	2026-01-18T04:19:41.6874589Z Prepare all required actions
AzureDB IT	UNKNOWN STEP	2026-01-18T04:19:41.6875213Z Getting action download info
AzureDB IT	UNKNOWN STEP	2026-01-18T04:19:41.8681100Z Download action repository 'actions/cache@5a3ec84eff668545956fd18022155c47e93e2684' (SHA:5a3ec84eff668545956fd18022155c47e93e2684)
AzureDB IT	UNKNOWN STEP	2026-01-18T04:19:42.0229337Z ##[group]Run ./.github/actions/node-cache
AzureDB IT	UNKNOWN STEP	2026-01-18T04:19:42.0229842Z env:
AzureDB IT	UNKNOWN STEP	2026-01-18T04:19:42.0230254Z   MAVEN_ARGS: -B -nsu -Daether.connector.http.connectionMaxTtl=25
AzureDB IT	UNKNOWN STEP	2026-01-18T04:19:42.0230987Z   SUREFIRE_RERUN_FAILING_COUNT: 2
AzureDB IT	UNKNOWN STEP	2026-01-18T04:19:42.0231402Z   SUREFIRE_RETRY: -Dsurefire.rerunFailingTestsCount=2
AzureDB IT	UNKNOWN STEP	2026-01-18T04:19:42.0231823Z ##[endgroup]
AzureDB IT	UNKNOWN STEP	2026-01-18T04:19:42.0315058Z ##[group]Run echo "node=$(cat js/pom.xml | grep '<node.version>' | cut -d '>' -f 2 | cut -d '<' -f 1 | cut -c 2-)" >> $GITHUB_OUTPUT
AzureDB IT	UNKNOWN STEP	2026-01-18T04:19:42.0316117Z [36;1mecho "node=$(cat js/pom.xml | grep '<node.version>' | cut -d '>' -f 2 | cut -d '<' -f 1 | cut -c 2-)" >> $GITHUB_OUTPUT[0m
AzureDB IT	UNKNOWN STEP	2026-01-18T04:19:42.0317063Z [36;1mecho "pnpm=$(cat js/pom.xml | grep '<pnpm.version>' | cut -d '>' -f 2 | cut -d '<' -f 1 | cut -c 1-)" >> $GITHUB_OUTPUT[0m
AzureDB IT	UNKNOWN STEP	2026-01-18T04:19:42.0355011Z shell: /usr/bin/bash --noprofile --norc -e -o pipefail ***0***
AzureDB IT	UNKNOWN STEP	2026-01-18T04:19:42.0355500Z env:
AzureDB IT	UNKNOWN STEP	2026-01-18T04:19:42.0355917Z   MAVEN_ARGS: -B -nsu -Daether.connector.http.connectionMaxTtl=25
AzureDB IT	UNKNOWN STEP	2026-01-18T04:19:42.0356437Z   SUREFIRE_RERUN_FAILING_COUNT: 2
AzureDB IT	UNKNOWN STEP	2026-01-18T04:19:42.0356877Z   SUREFIRE_RETRY: -Dsurefire.rerunFailingTestsCount=2
AzureDB IT	UNKNOWN STEP	2026-01-18T04:19:42.0357335Z ##[endgroup]
AzureDB IT	UNKNOWN STEP	2026-01-18T04:19:42.0597113Z ##[group]Run actions/cache@5a3ec84eff668545956fd18022155c47e93e2684
AzureDB IT	UNKNOWN STEP	2026-01-18T04:19:42.0597595Z with:
AzureDB IT	UNKNOWN STEP	2026-01-18T04:19:42.0598077Z   path: ~/.m2/repository/com/github/eirslett/node
AzureDB IT	UNKNOWN STEP	~/.m2/repository/com/github/eirslett/pnpm
AzureDB IT	UNKNOWN STEP	
AzureDB IT	UNKNOWN STEP	2026-01-18T04:19:42.0598693Z   key: Linux-frontend-plugin-artifacts-24.9.0-10.14.0
AzureDB IT	UNKNOWN STEP	2026-01-18T04:19:42.0599133Z   enableCrossOsArchive: false
AzureDB IT	UNKNOWN STEP	2026-01-18T04:19:42.0599474Z   fail-on-cache-miss: false
AzureDB IT	UNKNOWN STEP	2026-01-18T04:19:42.0599830Z   lookup-only: false
AzureDB IT	UNKNOWN STEP	2026-01-18T04:19:42.0600135Z   save-always: false
AzureDB IT	UNKNOWN STEP	2026-01-18T04:19:42.0600427Z env:
AzureDB IT	UNKNOWN STEP	2026-01-18T04:19:42.0600806Z   MAVEN_ARGS: -B -nsu -Daether.connector.http.connectionMaxTtl=25
AzureDB IT	UNKNOWN STEP	2026-01-18T04:19:42.0601286Z   SUREFIRE_RERUN_FAILING_COUNT: 2
AzureDB IT	UNKNOWN STEP	2026-01-18T04:19:42.0601695Z   SUREFIRE_RETRY: -Dsurefire.rerunFailingTestsCount=2
AzureDB IT	UNKNOWN STEP	2026-01-18T04:19:42.0602120Z ##[endgroup]
AzureDB IT	UNKNOWN STEP	2026-01-18T04:19:42.4505431Z Cache hit for: Linux-frontend-plugin-artifacts-24.9.0-10.14.0
AzureDB IT	UNKNOWN STEP	2026-01-18T04:19:43.7340035Z Received 4194304 of 178075408 (2.4%), 4.0 MBs/sec
AzureDB IT	UNKNOWN STEP	2026-01-18T04:19:44.7433701Z Received 134217728 of 178075408 (75.4%), 63.8 MBs/sec
AzureDB IT	UNKNOWN STEP	2026-01-18T04:19:45.1713009Z Received 178075408 of 178075408 (100.0%), 69.7 MBs/sec
AzureDB IT	UNKNOWN STEP	2026-01-18T04:19:45.1745510Z Cache Size: ~170 MB (178075408 B)
AzureDB IT	UNKNOWN STEP	2026-01-18T04:19:45.1811444Z [command]/usr/bin/tar -xf /home/runner/work/_temp/07769205-b261-4328-9900-68d43496df81/cache.tzst -P -C /home/runner/work/keycloak/keycloak --use-compress-program unzstd
AzureDB IT	UNKNOWN STEP	2026-01-18T04:19:45.6216963Z Cache restored successfully
AzureDB IT	UNKNOWN STEP	2026-01-18T04:19:45.6631815Z Cache restored from key: Linux-frontend-plugin-artifacts-24.9.0-10.14.0
AzureDB IT	UNKNOWN STEP	2026-01-18T04:19:45.6777476Z ##[group]Run AZURE_REGION=westeurope
AzureDB IT	UNKNOWN STEP	2026-01-18T04:19:45.6777905Z [36;1mAZURE_REGION=westeurope[0m
AzureDB IT	UNKNOWN STEP	2026-01-18T04:19:45.6778317Z [36;1mecho "AZURE Region: $***AZURE_REGION***"[0m
AzureDB IT	UNKNOWN STEP	2026-01-18T04:19:45.6778675Z [36;1m[0m
AzureDB IT	UNKNOWN STEP	2026-01-18T04:19:45.6779065Z [36;1mAZURE_CLUSTER_NAME="gh-action-$(git rev-parse --short HEAD)-21105905291-1"[0m
AzureDB IT	UNKNOWN STEP	2026-01-18T04:19:45.6779717Z [36;1mecho "azure-cluster-name=$***AZURE_CLUSTER_NAME***" >> $GITHUB_OUTPUT[0m
AzureDB IT	UNKNOWN STEP	2026-01-18T04:19:45.6780251Z [36;1mecho "region=$***AZURE_REGION***" >> $GITHUB_OUTPUT[0m
AzureDB IT	UNKNOWN STEP	2026-01-18T04:19:45.6780633Z [36;1m[0m
AzureDB IT	UNKNOWN STEP	2026-01-18T04:19:45.6780879Z [36;1mPROPS=''[0m
AzureDB IT	UNKNOWN STEP	2026-01-18T04:19:45.6781222Z [36;1mecho "maven_properties=$***PROPS***" >> $GITHUB_OUTPUT[0m
AzureDB IT	UNKNOWN STEP	2026-01-18T04:19:45.6815386Z shell: /usr/bin/bash --noprofile --norc -e -o pipefail ***0***
AzureDB IT	UNKNOWN STEP	2026-01-18T04:19:45.6815824Z env:
AzureDB IT	UNKNOWN STEP	2026-01-18T04:19:45.6816213Z   MAVEN_ARGS: -B -nsu -Daether.connector.http.connectionMaxTtl=25
AzureDB IT	UNKNOWN STEP	2026-01-18T04:19:45.6816680Z   SUREFIRE_RERUN_FAILING_COUNT: 2
AzureDB IT	UNKNOWN STEP	2026-01-18T04:19:45.6817044Z   SUREFIRE_RETRY: -Dsurefire.rerunFailingTestsCount=2
AzureDB IT	UNKNOWN STEP	2026-01-18T04:19:45.6817414Z ##[endgroup]
AzureDB IT	UNKNOWN STEP	2026-01-18T04:19:45.6869491Z AZURE Region: westeurope
AzureDB IT	UNKNOWN STEP	2026-01-18T04:19:45.6917694Z ##[group]Run SUBSCRIPTION=$(echo '***
AzureDB IT	UNKNOWN STEP	2026-01-18T04:19:45.6918115Z [36;1mSUBSCRIPTION=$(echo '***[0m
AzureDB IT	UNKNOWN STEP	2026-01-18T04:19:45.6918551Z [36;1m  ***[0m
AzureDB IT	UNKNOWN STEP	2026-01-18T04:19:45.6919203Z [36;1m  ***[0m
AzureDB IT	UNKNOWN STEP	2026-01-18T04:19:45.6919563Z [36;1m  ***[0m
AzureDB IT	UNKNOWN STEP	2026-01-18T04:19:45.6919901Z [36;1m  ***[0m
AzureDB IT	UNKNOWN STEP	2026-01-18T04:19:45.6920339Z [36;1m  ***[0m
AzureDB IT	UNKNOWN STEP	2026-01-18T04:19:45.6920709Z [36;1m  ***[0m
AzureDB IT	UNKNOWN STEP	2026-01-18T04:19:45.6921093Z [36;1m  ***[0m
AzureDB IT	UNKNOWN STEP	2026-01-18T04:19:45.6921527Z [36;1m  ***[0m
AzureDB IT	UNKNOWN STEP	2026-01-18T04:19:45.6921887Z [36;1m  ***[0m
AzureDB IT	UNKNOWN STEP	2026-01-18T04:19:45.6922287Z [36;1m  ***[0m
AzureDB IT	UNKNOWN STEP	2026-01-18T04:19:45.6922569Z [36;1m***' | jq -r '.subscriptionId')[0m
AzureDB IT	UNKNOWN STEP	2026-01-18T04:19:45.6923001Z [36;1mif [[ -z "$SUBSCRIPTION" || "$SUBSCRIPTION" == "null" ]]; then[0m
AzureDB IT	UNKNOWN STEP	2026-01-18T04:19:45.6923529Z [36;1m  echo "ERROR: Failed to parse subscriptionId from AZURE_CREDENTIALS"[0m
AzureDB IT	UNKNOWN STEP	2026-01-18T04:19:45.6924144Z [36;1m  exit 1[0m
AzureDB IT	UNKNOWN STEP	2026-01-18T04:19:45.6924387Z [36;1mfi[0m
AzureDB IT	UNKNOWN STEP	2026-01-18T04:19:45.6924755Z [36;1m# Mask BEFORE outputting to ensure it's redacted in logs[0m
AzureDB IT	UNKNOWN STEP	2026-01-18T04:19:45.6925171Z [36;1mecho "::add-mask::$SUBSCRIPTION"[0m
AzureDB IT	UNKNOWN STEP	2026-01-18T04:19:45.6925569Z [36;1mecho "subscription=$SUBSCRIPTION" >> $GITHUB_OUTPUT[0m
AzureDB IT	UNKNOWN STEP	2026-01-18T04:19:45.6956414Z shell: /usr/bin/bash --noprofile --norc -e -o pipefail ***0***
AzureDB IT	UNKNOWN STEP	2026-01-18T04:19:45.6956847Z env:
AzureDB IT	UNKNOWN STEP	2026-01-18T04:19:45.6957192Z   MAVEN_ARGS: -B -nsu -Daether.connector.http.connectionMaxTtl=25
AzureDB IT	UNKNOWN STEP	2026-01-18T04:19:45.6957619Z   SUREFIRE_RERUN_FAILING_COUNT: 2
AzureDB IT	UNKNOWN STEP	2026-01-18T04:19:45.6957983Z   SUREFIRE_RETRY: -Dsurefire.rerunFailingTestsCount=2
AzureDB IT	UNKNOWN STEP	2026-01-18T04:19:45.6958355Z ##[endgroup]
AzureDB IT	UNKNOWN STEP	2026-01-18T04:19:45.7139445Z ##[group]Run azure/login@a457da9ea143d694b1b9c7c869ebb04ebe844ef5
AzureDB IT	UNKNOWN STEP	2026-01-18T04:19:45.7139892Z with:
AzureDB IT	UNKNOWN STEP	2026-01-18T04:19:45.7142367Z   creds: ***
AzureDB IT	UNKNOWN STEP	2026-01-18T04:19:45.7142649Z   enable-AzPSSession: false
AzureDB IT	UNKNOWN STEP	2026-01-18T04:19:45.7142949Z   environment: azurecloud
AzureDB IT	UNKNOWN STEP	2026-01-18T04:19:45.7143243Z   allow-no-subscriptions: false
AzureDB IT	UNKNOWN STEP	2026-01-18T04:19:45.7143567Z   audience: api://AzureADTokenExchange
AzureDB IT	UNKNOWN STEP	2026-01-18T04:19:45.7144108Z   auth-type: SERVICE_PRINCIPAL
AzureDB IT	UNKNOWN STEP	2026-01-18T04:19:45.7144408Z env:
AzureDB IT	UNKNOWN STEP	2026-01-18T04:19:45.7144747Z   MAVEN_ARGS: -B -nsu -Daether.connector.http.connectionMaxTtl=25
AzureDB IT	UNKNOWN STEP	2026-01-18T04:19:45.7145198Z   SUREFIRE_RERUN_FAILING_COUNT: 2
AzureDB IT	UNKNOWN STEP	2026-01-18T04:19:45.7145556Z   SUREFIRE_RETRY: -Dsurefire.rerunFailingTestsCount=2
AzureDB IT	UNKNOWN STEP	2026-01-18T04:19:45.7145923Z ##[endgroup]
AzureDB IT	UNKNOWN STEP	2026-01-18T04:19:45.7522347Z Running Azure CLI Login.
AzureDB IT	UNKNOWN STEP	2026-01-18T04:20:01.8300302Z [command]/usr/bin/az cloud set -n azurecloud
AzureDB IT	UNKNOWN STEP	2026-01-18T04:20:02.0630033Z Done setting cloud: "azurecloud"
AzureDB IT	UNKNOWN STEP	2026-01-18T04:20:02.0633321Z Note: Azure/login action also supports OIDC login mechanism. Refer https://github.com/azure/login#configure-a-service-principal-with-a-federated-credential-to-use-oidc-based-authentication for more details.
AzureDB IT	UNKNOWN STEP	2026-01-18T04:20:02.0635796Z Attempting Azure CLI login by using service principal with secret...
AzureDB IT	UNKNOWN STEP	2026-01-18T04:20:03.6617930Z Subscription is set successfully.
AzureDB IT	UNKNOWN STEP	2026-01-18T04:20:03.6626098Z Azure CLI login succeeds by using service principal with secret.
AzureDB IT	UNKNOWN STEP	2026-01-18T04:20:03.6797976Z Prepare all required actions
AzureDB IT	UNKNOWN STEP	2026-01-18T04:20:03.6875700Z ##[group]Run ./.github/actions/azure-create-database
AzureDB IT	UNKNOWN STEP	2026-01-18T04:20:03.6876095Z with:
AzureDB IT	UNKNOWN STEP	2026-01-18T04:20:03.6876354Z   name: gh-action-6ceaa2d-21105905291-1
AzureDB IT	UNKNOWN STEP	2026-01-18T04:20:03.6876686Z   region: westeurope
AzureDB IT	UNKNOWN STEP	2026-01-18T04:20:03.6877037Z   subscription: ***
AzureDB IT	UNKNOWN STEP	2026-01-18T04:20:03.6877294Z env:
AzureDB IT	UNKNOWN STEP	2026-01-18T04:20:03.6877638Z   MAVEN_ARGS: -B -nsu -Daether.connector.http.connectionMaxTtl=25
AzureDB IT	UNKNOWN STEP	2026-01-18T04:20:03.6878073Z   SUREFIRE_RERUN_FAILING_COUNT: 2
AzureDB IT	UNKNOWN STEP	2026-01-18T04:20:03.6878437Z   SUREFIRE_RETRY: -Dsurefire.rerunFailingTestsCount=2
AzureDB IT	UNKNOWN STEP	2026-01-18T04:20:03.6878848Z   AZURE_RG: gh-action-6ceaa2d-21105905291-1
AzureDB IT	UNKNOWN STEP	2026-01-18T04:20:03.6879174Z ##[endgroup]
AzureDB IT	UNKNOWN STEP	2026-01-18T04:20:03.6896633Z ##[group]Run # Generate passwords using OpenSSL
AzureDB IT	UNKNOWN STEP	2026-01-18T04:20:03.6897065Z [36;1m# Generate passwords using OpenSSL[0m
AzureDB IT	UNKNOWN STEP	2026-01-18T04:20:03.6897435Z [36;1mgenerate_password() ***[0m
AzureDB IT	UNKNOWN STEP	2026-01-18T04:20:03.6897853Z [36;1m  openssl rand -base64 48 | tr -d '\n/' | head -c 32[0m
AzureDB IT	UNKNOWN STEP	2026-01-18T04:20:03.6898252Z [36;1m***[0m
AzureDB IT	UNKNOWN STEP	2026-01-18T04:20:03.6898483Z [36;1m[0m
AzureDB IT	UNKNOWN STEP	2026-01-18T04:20:03.6898781Z [36;1m# Use provided passwords or generate random ones[0m
AzureDB IT	UNKNOWN STEP	2026-01-18T04:20:03.6899329Z [36;1mif [[ -n "" ]]; then[0m
AzureDB IT	UNKNOWN STEP	2026-01-18T04:20:03.6899627Z [36;1m  ADMIN_PASSWORD=""[0m
AzureDB IT	UNKNOWN STEP	2026-01-18T04:20:03.6899966Z [36;1m  echo "INFO: Using provided admin password"[0m
AzureDB IT	UNKNOWN STEP	2026-01-18T04:20:03.6900327Z [36;1melse[0m
AzureDB IT	UNKNOWN STEP	2026-01-18T04:20:03.6900602Z [36;1m  ADMIN_PASSWORD=$(generate_password)[0m
AzureDB IT	UNKNOWN STEP	2026-01-18T04:20:03.6900994Z [36;1m  echo "INFO: Using generated admin password"[0m
AzureDB IT	UNKNOWN STEP	2026-01-18T04:20:03.6901350Z [36;1mfi[0m
AzureDB IT	UNKNOWN STEP	2026-01-18T04:20:03.6901579Z [36;1m[0m
AzureDB IT	UNKNOWN STEP	2026-01-18T04:20:03.6901808Z [36;1mif [[ -n "" ]]; then[0m
AzureDB IT	UNKNOWN STEP	2026-01-18T04:20:03.6902092Z [36;1m  DB_PASSWORD=""[0m
AzureDB IT	UNKNOWN STEP	2026-01-18T04:20:03.6902421Z [36;1m  echo "INFO: Using provided DB password"[0m
AzureDB IT	UNKNOWN STEP	2026-01-18T04:20:03.6902783Z [36;1melse[0m
AzureDB IT	UNKNOWN STEP	2026-01-18T04:20:03.6903056Z [36;1m  DB_PASSWORD=$(generate_password)[0m
AzureDB IT	UNKNOWN STEP	2026-01-18T04:20:03.6903438Z [36;1m  echo "INFO: Using generated DB password"[0m
AzureDB IT	UNKNOWN STEP	2026-01-18T04:20:03.6903783Z [36;1mfi[0m
AzureDB IT	UNKNOWN STEP	2026-01-18T04:20:03.6904126Z [36;1m[0m
AzureDB IT	UNKNOWN STEP	2026-01-18T04:20:03.6904366Z [36;1m# Mask passwords[0m
AzureDB IT	UNKNOWN STEP	2026-01-18T04:20:03.6904662Z [36;1mecho "::add-mask::$ADMIN_PASSWORD"[0m
AzureDB IT	UNKNOWN STEP	2026-01-18T04:20:03.6905004Z [36;1mecho "::add-mask::$DB_PASSWORD"[0m
AzureDB IT	UNKNOWN STEP	2026-01-18T04:20:03.6905310Z [36;1m[0m
AzureDB IT	UNKNOWN STEP	2026-01-18T04:20:03.6905594Z [36;1m# Export to environment for subsequent steps[0m
AzureDB IT	UNKNOWN STEP	2026-01-18T04:20:03.6905952Z [36;1m***[0m
AzureDB IT	UNKNOWN STEP	2026-01-18T04:20:03.6906239Z [36;1m  echo "AZURE_ADMIN_PASSWORD=$ADMIN_PASSWORD"[0m
AzureDB IT	UNKNOWN STEP	2026-01-18T04:20:03.6906628Z [36;1m  echo "AZURE_DB_PASSWORD=$DB_PASSWORD"[0m
AzureDB IT	UNKNOWN STEP	2026-01-18T04:20:03.6906985Z [36;1m*** >> $GITHUB_ENV[0m
AzureDB IT	UNKNOWN STEP	2026-01-18T04:20:03.6938541Z shell: /usr/bin/bash --noprofile --norc -e -o pipefail ***0***
AzureDB IT	UNKNOWN STEP	2026-01-18T04:20:03.6938954Z env:
AzureDB IT	UNKNOWN STEP	2026-01-18T04:20:03.6939304Z   MAVEN_ARGS: -B -nsu -Daether.connector.http.connectionMaxTtl=25
AzureDB IT	UNKNOWN STEP	2026-01-18T04:20:03.6939752Z   SUREFIRE_RERUN_FAILING_COUNT: 2
AzureDB IT	UNKNOWN STEP	2026-01-18T04:20:03.6940122Z   SUREFIRE_RETRY: -Dsurefire.rerunFailingTestsCount=2
AzureDB IT	UNKNOWN STEP	2026-01-18T04:20:03.6940529Z   AZURE_RG: gh-action-6ceaa2d-21105905291-1
AzureDB IT	UNKNOWN STEP	2026-01-18T04:20:03.6940861Z ##[endgroup]
AzureDB IT	UNKNOWN STEP	2026-01-18T04:20:03.7034835Z INFO: Using generated admin password
AzureDB IT	UNKNOWN STEP	2026-01-18T04:20:03.7078448Z INFO: Using generated DB password
AzureDB IT	UNKNOWN STEP	2026-01-18T04:20:03.7112383Z ##[group]Run sudo apt-get update
AzureDB IT	UNKNOWN STEP	2026-01-18T04:20:03.7112960Z [36;1msudo apt-get update[0m
AzureDB IT	UNKNOWN STEP	2026-01-18T04:20:03.7113728Z [36;1msudo ACCEPT_EULA=Y apt-get install -y curl apt-transport-https gnupg[0m
AzureDB IT	UNKNOWN STEP	2026-01-18T04:20:03.7115128Z [36;1mcurl https://packages.microsoft.com/keys/microsoft.asc | sudo apt-key add -[0m
AzureDB IT	UNKNOWN STEP	2026-01-18T04:20:03.7116545Z [36;1mcurl https://packages.microsoft.com/config/ubuntu/22.04/prod.list | sudo tee /etc/apt/sources.list.d/msprod.list[0m
AzureDB IT	UNKNOWN STEP	2026-01-18T04:20:03.7117683Z [36;1msudo apt-get update[0m
AzureDB IT	UNKNOWN STEP	2026-01-18T04:20:03.7118410Z [36;1msudo ACCEPT_EULA=Y apt-get install -y mssql-tools unixodbc-dev[0m
AzureDB IT	UNKNOWN STEP	2026-01-18T04:20:03.7119500Z [36;1mecho "/opt/mssql-tools/bin" >> $GITHUB_PATH[0m
AzureDB IT	UNKNOWN STEP	2026-01-18T04:20:03.7161582Z shell: /usr/bin/bash --noprofile --norc -e -o pipefail ***0***
AzureDB IT	UNKNOWN STEP	2026-01-18T04:20:03.7162310Z env:
AzureDB IT	UNKNOWN STEP	2026-01-18T04:20:03.7162954Z   MAVEN_ARGS: -B -nsu -Daether.connector.http.connectionMaxTtl=25
AzureDB IT	UNKNOWN STEP	2026-01-18T04:20:03.7163790Z   SUREFIRE_RERUN_FAILING_COUNT: 2
AzureDB IT	UNKNOWN STEP	2026-01-18T04:20:03.7164651Z   SUREFIRE_RETRY: -Dsurefire.rerunFailingTestsCount=2
AzureDB IT	UNKNOWN STEP	2026-01-18T04:20:03.7165489Z   AZURE_ADMIN_PASSWORD: ***
AzureDB IT	UNKNOWN STEP	2026-01-18T04:20:03.7166114Z   AZURE_DB_PASSWORD: ***
AzureDB IT	UNKNOWN STEP	2026-01-18T04:20:03.7166651Z   AZURE_RG: gh-action-6ceaa2d-21105905291-1
AzureDB IT	UNKNOWN STEP	2026-01-18T04:20:03.7167224Z ##[endgroup]
AzureDB IT	UNKNOWN STEP	2026-01-18T04:20:03.8034727Z Get:1 file:/etc/apt/apt-mirrors.txt Mirrorlist [144 B]
AzureDB IT	UNKNOWN STEP	2026-01-18T04:20:03.8357847Z Hit:2 http://azure.archive.ubuntu.com/ubuntu noble InRelease
AzureDB IT	UNKNOWN STEP	2026-01-18T04:20:03.8363141Z Get:6 https://packages.microsoft.com/repos/azure-cli noble InRelease [3564 B]
AzureDB IT	UNKNOWN STEP	2026-01-18T04:20:03.8365791Z Get:7 https://packages.microsoft.com/ubuntu/24.04/prod noble InRelease [3600 B]
AzureDB IT	UNKNOWN STEP	2026-01-18T04:20:03.8377295Z Get:3 http://azure.archive.ubuntu.com/ubuntu noble-updates InRelease [126 kB]
AzureDB IT	UNKNOWN STEP	2026-01-18T04:20:03.8416917Z Get:4 http://azure.archive.ubuntu.com/ubuntu noble-backports InRelease [126 kB]
AzureDB IT	UNKNOWN STEP	2026-01-18T04:20:03.8442725Z Get:5 http://azure.archive.ubuntu.com/ubuntu noble-security InRelease [126 kB]
AzureDB IT	UNKNOWN STEP	2026-01-18T04:20:03.9729243Z Get:8 https://packages.microsoft.com/repos/azure-cli noble/main amd64 Packages [1948 B]
AzureDB IT	UNKNOWN STEP	2026-01-18T04:20:04.0168151Z Get:9 https://packages.microsoft.com/ubuntu/24.04/prod noble/main arm64 Packages [62.1 kB]
AzureDB IT	UNKNOWN STEP	2026-01-18T04:20:04.0206337Z Get:10 https://packages.microsoft.com/ubuntu/24.04/prod noble/main amd64 Packages [80.6 kB]
AzureDB IT	UNKNOWN STEP	2026-01-18T04:20:04.0234469Z Get:11 https://packages.microsoft.com/ubuntu/24.04/prod noble/main armhf Packages [11.4 kB]
AzureDB IT	UNKNOWN STEP	2026-01-18T04:20:04.0657143Z Get:12 http://azure.archive.ubuntu.com/ubuntu noble-updates/main amd64 Packages [1694 kB]
AzureDB IT	UNKNOWN STEP	2026-01-18T04:20:04.0752076Z Get:13 http://azure.archive.ubuntu.com/ubuntu noble-updates/main Translation-en [313 kB]
AzureDB IT	UNKNOWN STEP	2026-01-18T04:20:04.0779945Z Get:14 http://azure.archive.ubuntu.com/ubuntu noble-updates/main amd64 Components [175 kB]
AzureDB IT	UNKNOWN STEP	2026-01-18T04:20:04.0802277Z Get:15 http://azure.archive.ubuntu.com/ubuntu noble-updates/main amd64 c-n-f Metadata [15.9 kB]
AzureDB IT	UNKNOWN STEP	2026-01-18T04:20:04.0821785Z Get:16 http://azure.archive.ubuntu.com/ubuntu noble-updates/universe amd64 Packages [1514 kB]
AzureDB IT	UNKNOWN STEP	2026-01-18T04:20:04.0907273Z Get:17 http://azure.archive.ubuntu.com/ubuntu noble-updates/universe Translation-en [308 kB]
AzureDB IT	UNKNOWN STEP	2026-01-18T04:20:04.0930687Z Get:18 http://azure.archive.ubuntu.com/ubuntu noble-updates/universe amd64 Components [377 kB]
AzureDB IT	UNKNOWN STEP	2026-01-18T04:20:04.0962708Z Get:19 http://azure.archive.ubuntu.com/ubuntu noble-updates/universe amd64 c-n-f Metadata [31.5 kB]
AzureDB IT	UNKNOWN STEP	2026-01-18T04:20:04.0973741Z Get:20 http://azure.archive.ubuntu.com/ubuntu noble-updates/restricted amd64 Packages [2426 kB]
AzureDB IT	UNKNOWN STEP	2026-01-18T04:20:04.1168900Z Get:21 http://azure.archive.ubuntu.com/ubuntu noble-updates/restricted Translation-en [554 kB]
AzureDB IT	UNKNOWN STEP	2026-01-18T04:20:04.1629416Z Get:22 http://azure.archive.ubuntu.com/ubuntu noble-updates/restricted amd64 Components [212 B]
AzureDB IT	UNKNOWN STEP	2026-01-18T04:20:04.1638466Z Get:23 http://azure.archive.ubuntu.com/ubuntu noble-updates/multiverse amd64 Components [940 B]
AzureDB IT	UNKNOWN STEP	2026-01-18T04:20:04.1648242Z Get:24 http://azure.archive.ubuntu.com/ubuntu noble-backports/main amd64 Components [7312 B]
AzureDB IT	UNKNOWN STEP	2026-01-18T04:20:04.1658400Z Get:25 http://azure.archive.ubuntu.com/ubuntu noble-backports/universe amd64 Components [10.5 kB]
AzureDB IT	UNKNOWN STEP	2026-01-18T04:20:04.1668366Z Get:26 http://azure.archive.ubuntu.com/ubuntu noble-backports/restricted amd64 Components [216 B]
AzureDB IT	UNKNOWN STEP	2026-01-18T04:20:04.1679602Z Get:27 http://azure.archive.ubuntu.com/ubuntu noble-backports/multiverse amd64 Components [212 B]
AzureDB IT	UNKNOWN STEP	2026-01-18T04:20:04.1779519Z Get:28 http://azure.archive.ubuntu.com/ubuntu noble-security/main amd64 Packages [1404 kB]
AzureDB IT	UNKNOWN STEP	2026-01-18T04:20:04.1856463Z Get:29 http://azure.archive.ubuntu.com/ubuntu noble-security/main Translation-en [228 kB]
AzureDB IT	UNKNOWN STEP	2026-01-18T04:20:04.1881385Z Get:30 http://azure.archive.ubuntu.com/ubuntu noble-security/main amd64 Components [21.5 kB]
AzureDB IT	UNKNOWN STEP	2026-01-18T04:20:04.1894327Z Get:31 http://azure.archive.ubuntu.com/ubuntu noble-security/main amd64 c-n-f Metadata [9724 B]
AzureDB IT	UNKNOWN STEP	2026-01-18T04:20:04.1903808Z Get:32 http://azure.archive.ubuntu.com/ubuntu noble-security/universe amd64 Packages [922 kB]
AzureDB IT	UNKNOWN STEP	2026-01-18T04:20:04.1956482Z Get:33 http://azure.archive.ubuntu.com/ubuntu noble-security/universe Translation-en [209 kB]
AzureDB IT	UNKNOWN STEP	2026-01-18T04:20:04.1978819Z Get:34 http://azure.archive.ubuntu.com/ubuntu noble-security/universe amd64 Components [71.4 kB]
AzureDB IT	UNKNOWN STEP	2026-01-18T04:20:04.1994849Z Get:35 http://azure.archive.ubuntu.com/ubuntu noble-security/universe amd64 c-n-f Metadata [19.7 kB]
AzureDB IT	UNKNOWN STEP	2026-01-18T04:20:04.2431361Z Get:36 http://azure.archive.ubuntu.com/ubuntu noble-security/restricted amd64 Packages [2302 kB]
AzureDB IT	UNKNOWN STEP	2026-01-18T04:20:04.2580165Z Get:37 http://azure.archive.ubuntu.com/ubuntu noble-security/restricted Translation-en [527 kB]
AzureDB IT	UNKNOWN STEP	2026-01-18T04:20:04.2621820Z Get:38 http://azure.archive.ubuntu.com/ubuntu noble-security/restricted amd64 Components [212 B]
AzureDB IT	UNKNOWN STEP	2026-01-18T04:20:04.2632076Z Get:39 http://azure.archive.ubuntu.com/ubuntu noble-security/multiverse amd64 Components [212 B]
AzureDB IT	UNKNOWN STEP	2026-01-18T04:20:13.0448450Z Fetched 13.7 MB in 2s (8386 kB/s)
AzureDB IT	UNKNOWN STEP	2026-01-18T04:20:13.8013102Z Reading package lists...
AzureDB IT	UNKNOWN STEP	2026-01-18T04:20:13.8344143Z Reading package lists...
AzureDB IT	UNKNOWN STEP	2026-01-18T04:20:14.0208947Z Building dependency tree...
AzureDB IT	UNKNOWN STEP	2026-01-18T04:20:14.0216381Z Reading state information...
AzureDB IT	UNKNOWN STEP	2026-01-18T04:20:14.2051815Z curl is already the newest version (8.5.0-2ubuntu10.6).
AzureDB IT	UNKNOWN STEP	2026-01-18T04:20:14.2052638Z apt-transport-https is already the newest version (2.8.3).
AzureDB IT	UNKNOWN STEP	2026-01-18T04:20:14.2053417Z gnupg is already the newest version (2.4.4-2ubuntu17.4).
AzureDB IT	UNKNOWN STEP	2026-01-18T04:20:14.2054401Z 0 upgraded, 0 newly installed, 0 to remove and 109 not upgraded.
AzureDB IT	UNKNOWN STEP	2026-01-18T04:20:14.2121853Z   % Total    % Received % Xferd  Average Speed   Time    Time     Time  Current
AzureDB IT	UNKNOWN STEP	2026-01-18T04:20:14.2123099Z                                  Dload  Upload   Total   Spent    Left  Speed
AzureDB IT	UNKNOWN STEP	2026-01-18T04:20:14.2124927Z 
AzureDB IT	UNKNOWN STEP	2026-01-18T04:20:14.2501200Z   0     0    0     0    0     0      0      0 --:--:-- --:--:-- --:--:--     0
AzureDB IT	UNKNOWN STEP	2026-01-18T04:20:14.2503080Z 100   975  100   975    0     0  25564      0 --:--:-- --:--:-- --:--:-- 25657
AzureDB IT	UNKNOWN STEP	2026-01-18T04:20:14.3309671Z Warning: apt-key is deprecated. Manage keyring files in trusted.gpg.d instead (see apt-key(8)).
AzureDB IT	UNKNOWN STEP	2026-01-18T04:20:14.5072491Z OK
AzureDB IT	UNKNOWN STEP	2026-01-18T04:20:14.5217640Z   % Total    % Received % Xferd  Average Speed   Time    Time     Time  Current
AzureDB IT	UNKNOWN STEP	2026-01-18T04:20:14.5218831Z                                  Dload  Upload   Total   Spent    Left  Speed
AzureDB IT	UNKNOWN STEP	2026-01-18T04:20:14.5219330Z 
AzureDB IT	UNKNOWN STEP	2026-01-18T04:20:14.5566632Z   0     0    0     0    0     0      0      0 --:--:-- --:--:-- --:--:--     0
AzureDB IT	UNKNOWN STEP	2026-01-18T04:20:14.5567496Z 100    89  100    89    0     0   2535      0 --:--:-- --:--:-- --:--:--  2542
AzureDB IT	UNKNOWN STEP	2026-01-18T04:20:14.5568192Z deb [arch=amd64,arm64,armhf] https://packages.microsoft.com/ubuntu/22.04/prod jammy main
AzureDB IT	UNKNOWN STEP	2026-01-18T04:20:14.6265702Z Get:1 file:/etc/apt/apt-mirrors.txt Mirrorlist [144 B]
AzureDB IT	UNKNOWN STEP	2026-01-18T04:20:14.6548282Z Hit:2 http://azure.archive.ubuntu.com/ubuntu noble InRelease
AzureDB IT	UNKNOWN STEP	2026-01-18T04:20:14.6557191Z Hit:6 https://packages.microsoft.com/repos/azure-cli noble InRelease
AzureDB IT	UNKNOWN STEP	2026-01-18T04:20:14.6560330Z Hit:3 http://azure.archive.ubuntu.com/ubuntu noble-updates InRelease
AzureDB IT	UNKNOWN STEP	2026-01-18T04:20:14.6587252Z Hit:4 http://azure.archive.ubuntu.com/ubuntu noble-backports InRelease
AzureDB IT	UNKNOWN STEP	2026-01-18T04:20:14.6595304Z Hit:5 http://azure.archive.ubuntu.com/ubuntu noble-security InRelease
AzureDB IT	UNKNOWN STEP	2026-01-18T04:20:14.6600272Z Hit:7 https://packages.microsoft.com/ubuntu/24.04/prod noble InRelease
AzureDB IT	UNKNOWN STEP	2026-01-18T04:20:14.6642612Z Get:8 https://packages.microsoft.com/ubuntu/22.04/prod jammy InRelease [3632 B]
AzureDB IT	UNKNOWN STEP	2026-01-18T04:20:15.0266480Z Get:9 https://packages.microsoft.com/ubuntu/22.04/prod jammy/main amd64 Packages [288 kB]
AzureDB IT	UNKNOWN STEP	2026-01-18T04:20:15.0367037Z Get:10 https://packages.microsoft.com/ubuntu/22.04/prod jammy/main arm64 Packages [113 kB]
AzureDB IT	UNKNOWN STEP	2026-01-18T04:20:15.0415232Z Get:11 https://packages.microsoft.com/ubuntu/22.04/prod jammy/main all Packages [1331 B]
AzureDB IT	UNKNOWN STEP	2026-01-18T04:20:15.0435795Z Get:12 https://packages.microsoft.com/ubuntu/22.04/prod jammy/main armhf Packages [22.2 kB]
AzureDB IT	UNKNOWN STEP	2026-01-18T04:20:15.1752059Z Fetched 428 kB in 0s (967 kB/s)
AzureDB IT	UNKNOWN STEP	2026-01-18T04:20:15.9792556Z Reading package lists...
AzureDB IT	UNKNOWN STEP	2026-01-18T04:20:16.0129713Z Reading package lists...
AzureDB IT	UNKNOWN STEP	2026-01-18T04:20:16.1888260Z Building dependency tree...
AzureDB IT	UNKNOWN STEP	2026-01-18T04:20:16.1895542Z Reading state information...
AzureDB IT	UNKNOWN STEP	2026-01-18T04:20:16.3380502Z The following additional packages will be installed:
AzureDB IT	UNKNOWN STEP	2026-01-18T04:20:16.3383671Z   libodbccr2 libodbcinst2 msodbcsql17 odbcinst unixodbc unixodbc-common
AzureDB IT	UNKNOWN STEP	2026-01-18T04:20:16.3639764Z The following NEW packages will be installed:
AzureDB IT	UNKNOWN STEP	2026-01-18T04:20:16.3644214Z   libodbccr2 libodbcinst2 msodbcsql17 mssql-tools odbcinst unixodbc
AzureDB IT	UNKNOWN STEP	2026-01-18T04:20:16.3644813Z   unixodbc-common unixodbc-dev
AzureDB IT	UNKNOWN STEP	2026-01-18T04:20:16.3858333Z 0 upgraded, 8 newly installed, 0 to remove and 109 not upgraded.
AzureDB IT	UNKNOWN STEP	2026-01-18T04:20:16.3859100Z Need to get 1300 kB of archives.
AzureDB IT	UNKNOWN STEP	2026-01-18T04:20:16.3859577Z After this operation, 2162 kB of additional disk space will be used.
AzureDB IT	UNKNOWN STEP	2026-01-18T04:20:16.3860849Z Get:1 file:/etc/apt/apt-mirrors.txt Mirrorlist [144 B]
AzureDB IT	UNKNOWN STEP	2026-01-18T04:20:16.4055930Z Get:8 https://packages.microsoft.com/ubuntu/22.04/prod jammy/main amd64 msodbcsql17 amd64 17.10.6.1-1 [746 kB]
AzureDB IT	UNKNOWN STEP	2026-01-18T04:20:16.4682121Z Get:2 http://azure.archive.ubuntu.com/ubuntu noble-updates/main amd64 libodbccr2 amd64 2.3.12-1ubuntu0.24.04.1 [16.1 kB]
AzureDB IT	UNKNOWN STEP	2026-01-18T04:20:16.5349401Z Get:3 http://azure.archive.ubuntu.com/ubuntu noble-updates/main amd64 unixodbc-common all 2.3.12-1ubuntu0.24.04.1 [8806 B]
AzureDB IT	UNKNOWN STEP	2026-01-18T04:20:16.5878157Z Get:9 https://packages.microsoft.com/ubuntu/22.04/prod jammy/main amd64 mssql-tools amd64 17.10.1.1-1 [211 kB]
AzureDB IT	UNKNOWN STEP	2026-01-18T04:20:16.6006763Z Get:4 http://azure.archive.ubuntu.com/ubuntu noble-updates/main amd64 libodbcinst2 amd64 2.3.12-1ubuntu0.24.04.1 [30.7 kB]
AzureDB IT	UNKNOWN STEP	2026-01-18T04:20:16.6661824Z Get:5 http://azure.archive.ubuntu.com/ubuntu noble-updates/main amd64 odbcinst amd64 2.3.12-1ubuntu0.24.04.1 [9672 B]
AzureDB IT	UNKNOWN STEP	2026-01-18T04:20:16.7311311Z Get:6 http://azure.archive.ubuntu.com/ubuntu noble-updates/universe amd64 unixodbc amd64 2.3.12-1ubuntu0.24.04.1 [27.5 kB]
AzureDB IT	UNKNOWN STEP	2026-01-18T04:20:16.7965189Z Get:7 http://azure.archive.ubuntu.com/ubuntu noble-updates/main amd64 unixodbc-dev amd64 2.3.12-1ubuntu0.24.04.1 [250 kB]
AzureDB IT	UNKNOWN STEP	2026-01-18T04:20:17.0323092Z Preconfiguring packages ...
AzureDB IT	UNKNOWN STEP	2026-01-18T04:20:17.0891671Z Fetched 1300 kB in 0s (3022 kB/s)
AzureDB IT	UNKNOWN STEP	2026-01-18T04:20:17.1152192Z Selecting previously unselected package libodbccr2:amd64.
AzureDB IT	UNKNOWN STEP	2026-01-18T04:20:17.1479386Z (Reading database ... 
AzureDB IT	UNKNOWN STEP	2026-01-18T04:20:17.1480085Z (Reading database ... 5%
AzureDB IT	UNKNOWN STEP	2026-01-18T04:20:17.1480741Z (Reading database ... 10%
AzureDB IT	UNKNOWN STEP	2026-01-18T04:20:17.1481354Z (Reading database ... 15%
AzureDB IT	UNKNOWN STEP	2026-01-18T04:20:17.1482204Z (Reading database ... 20%
AzureDB IT	UNKNOWN STEP	2026-01-18T04:20:17.1482797Z (Reading database ... 25%
AzureDB IT	UNKNOWN STEP	2026-01-18T04:20:17.1483205Z (Reading database ... 30%
AzureDB IT	UNKNOWN STEP	2026-01-18T04:20:17.1483646Z (Reading database ... 35%
AzureDB IT	UNKNOWN STEP	2026-01-18T04:20:17.1484485Z (Reading database ... 40%
AzureDB IT	UNKNOWN STEP	2026-01-18T04:20:17.1485002Z (Reading database ... 45%
AzureDB IT	UNKNOWN STEP	2026-01-18T04:20:17.1485430Z (Reading database ... 50%
AzureDB IT	UNKNOWN STEP	2026-01-18T04:20:17.1598723Z (Reading database ... 55%
AzureDB IT	UNKNOWN STEP	2026-01-18T04:20:17.2769184Z (Reading database ... 60%
AzureDB IT	UNKNOWN STEP	2026-01-18T04:20:17.9131816Z (Reading database ... 65%
AzureDB IT	UNKNOWN STEP	2026-01-18T04:20:17.9777028Z (Reading database ... 70%
AzureDB IT	UNKNOWN STEP	2026-01-18T04:20:18.1195248Z (Reading database ... 75%
AzureDB IT	UNKNOWN STEP	2026-01-18T04:20:18.2797020Z (Reading database ... 80%
AzureDB IT	UNKNOWN STEP	2026-01-18T04:20:18.4677629Z (Reading database ... 85%
AzureDB IT	UNKNOWN STEP	2026-01-18T04:20:18.6367632Z (Reading database ... 90%
AzureDB IT	UNKNOWN STEP	2026-01-18T04:20:18.7843046Z (Reading database ... 95%
AzureDB IT	UNKNOWN STEP	2026-01-18T04:20:18.7843598Z (Reading database ... 100%
AzureDB IT	UNKNOWN STEP	2026-01-18T04:20:18.7844337Z (Reading database ... 217536 files and directories currently installed.)
AzureDB IT	UNKNOWN STEP	2026-01-18T04:20:18.7889676Z Preparing to unpack .../0-libodbccr2_2.3.12-1ubuntu0.24.04.1_amd64.deb ...
AzureDB IT	UNKNOWN STEP	2026-01-18T04:20:18.7955358Z Unpacking libodbccr2:amd64 (2.3.12-1ubuntu0.24.04.1) ...
AzureDB IT	UNKNOWN STEP	2026-01-18T04:20:18.8207033Z Selecting previously unselected package unixodbc-common.
AzureDB IT	UNKNOWN STEP	2026-01-18T04:20:18.8344069Z Preparing to unpack .../1-unixodbc-common_2.3.12-1ubuntu0.24.04.1_all.deb ...
AzureDB IT	UNKNOWN STEP	2026-01-18T04:20:18.8364372Z Unpacking unixodbc-common (2.3.12-1ubuntu0.24.04.1) ...
AzureDB IT	UNKNOWN STEP	2026-01-18T04:20:18.8651847Z Selecting previously unselected package libodbcinst2:amd64.
AzureDB IT	UNKNOWN STEP	2026-01-18T04:20:18.8796494Z Preparing to unpack .../2-libodbcinst2_2.3.12-1ubuntu0.24.04.1_amd64.deb ...
AzureDB IT	UNKNOWN STEP	2026-01-18T04:20:18.8816143Z Unpacking libodbcinst2:amd64 (2.3.12-1ubuntu0.24.04.1) ...
AzureDB IT	UNKNOWN STEP	2026-01-18T04:20:18.9051104Z Selecting previously unselected package odbcinst.
AzureDB IT	UNKNOWN STEP	2026-01-18T04:20:18.9190885Z Preparing to unpack .../3-odbcinst_2.3.12-1ubuntu0.24.04.1_amd64.deb ...
AzureDB IT	UNKNOWN STEP	2026-01-18T04:20:18.9203114Z Unpacking odbcinst (2.3.12-1ubuntu0.24.04.1) ...
AzureDB IT	UNKNOWN STEP	2026-01-18T04:20:18.9457159Z Selecting previously unselected package unixodbc.
AzureDB IT	UNKNOWN STEP	2026-01-18T04:20:18.9595634Z Preparing to unpack .../4-unixodbc_2.3.12-1ubuntu0.24.04.1_amd64.deb ...
AzureDB IT	UNKNOWN STEP	2026-01-18T04:20:18.9609902Z Unpacking unixodbc (2.3.12-1ubuntu0.24.04.1) ...
AzureDB IT	UNKNOWN STEP	2026-01-18T04:20:18.9948988Z Selecting previously unselected package msodbcsql17.
AzureDB IT	UNKNOWN STEP	2026-01-18T04:20:19.0086935Z Preparing to unpack .../5-msodbcsql17_17.10.6.1-1_amd64.deb ...
AzureDB IT	UNKNOWN STEP	2026-01-18T04:20:19.1068736Z Unpacking msodbcsql17 (17.10.6.1-1) ...
AzureDB IT	UNKNOWN STEP	2026-01-18T04:20:19.1871993Z Selecting previously unselected package mssql-tools.
AzureDB IT	UNKNOWN STEP	2026-01-18T04:20:19.2010642Z Preparing to unpack .../6-mssql-tools_17.10.1.1-1_amd64.deb ...
AzureDB IT	UNKNOWN STEP	2026-01-18T04:20:19.2027233Z Unpacking mssql-tools (17.10.1.1-1) ...
AzureDB IT	UNKNOWN STEP	2026-01-18T04:20:19.2425343Z Selecting previously unselected package unixodbc-dev:amd64.
AzureDB IT	UNKNOWN STEP	2026-01-18T04:20:19.2563409Z Preparing to unpack .../7-unixodbc-dev_2.3.12-1ubuntu0.24.04.1_amd64.deb ...
AzureDB IT	UNKNOWN STEP	2026-01-18T04:20:19.2578525Z Unpacking unixodbc-dev:amd64 (2.3.12-1ubuntu0.24.04.1) ...
AzureDB IT	UNKNOWN STEP	2026-01-18T04:20:19.3131139Z Setting up unixodbc-common (2.3.12-1ubuntu0.24.04.1) ...
AzureDB IT	UNKNOWN STEP	2026-01-18T04:20:19.3196748Z Setting up libodbccr2:amd64 (2.3.12-1ubuntu0.24.04.1) ...
AzureDB IT	UNKNOWN STEP	2026-01-18T04:20:19.3228902Z Setting up libodbcinst2:amd64 (2.3.12-1ubuntu0.24.04.1) ...
AzureDB IT	UNKNOWN STEP	2026-01-18T04:20:19.3298211Z Setting up odbcinst (2.3.12-1ubuntu0.24.04.1) ...
AzureDB IT	UNKNOWN STEP	2026-01-18T04:20:19.3337848Z Setting up unixodbc (2.3.12-1ubuntu0.24.04.1) ...
AzureDB IT	UNKNOWN STEP	2026-01-18T04:20:19.3380009Z Setting up msodbcsql17 (17.10.6.1-1) ...
AzureDB IT	UNKNOWN STEP	2026-01-18T04:20:19.3424912Z odbcinst: Driver installed. Usage count increased to 1. 
AzureDB IT	UNKNOWN STEP	2026-01-18T04:20:19.3425542Z     Target directory is /etc
AzureDB IT	UNKNOWN STEP	2026-01-18T04:20:19.3444493Z Setting up unixodbc-dev:amd64 (2.3.12-1ubuntu0.24.04.1) ...
AzureDB IT	UNKNOWN STEP	2026-01-18T04:20:19.3486016Z Setting up mssql-tools (17.10.1.1-1) ...
AzureDB IT	UNKNOWN STEP	2026-01-18T04:20:19.4420324Z Processing triggers for man-db (2.12.0-4build2) ...
AzureDB IT	UNKNOWN STEP	2026-01-18T04:20:19.4449687Z Not building database; man-db/auto-update is not 'true'.
AzureDB IT	UNKNOWN STEP	2026-01-18T04:20:19.4465345Z Processing triggers for libc-bin (2.39-0ubuntu8.6) ...
AzureDB IT	UNKNOWN STEP	2026-01-18T04:20:20.1646670Z 
AzureDB IT	UNKNOWN STEP	2026-01-18T04:20:20.1647495Z Running kernel seems to be up-to-date.
AzureDB IT	UNKNOWN STEP	2026-01-18T04:20:20.1647968Z 
AzureDB IT	UNKNOWN STEP	2026-01-18T04:20:20.1648208Z No services need to be restarted.
AzureDB IT	UNKNOWN STEP	2026-01-18T04:20:20.1648563Z 
AzureDB IT	UNKNOWN STEP	2026-01-18T04:20:20.1648793Z No containers need to be restarted.
AzureDB IT	UNKNOWN STEP	2026-01-18T04:20:20.1649173Z 
AzureDB IT	UNKNOWN STEP	2026-01-18T04:20:20.1649439Z No user sessions are running outdated binaries.
AzureDB IT	UNKNOWN STEP	2026-01-18T04:20:20.1649872Z 
AzureDB IT	UNKNOWN STEP	2026-01-18T04:20:20.1650259Z No VM guests are running outdated hypervisor (qemu) binaries on this host.
AzureDB IT	UNKNOWN STEP	2026-01-18T04:20:21.1621954Z ##[group]Run ./azure_create_sql.sh
AzureDB IT	UNKNOWN STEP	2026-01-18T04:20:21.1622329Z [36;1m./azure_create_sql.sh[0m
AzureDB IT	UNKNOWN STEP	2026-01-18T04:20:21.1655847Z shell: /usr/bin/bash --noprofile --norc -e -o pipefail ***0***
AzureDB IT	UNKNOWN STEP	2026-01-18T04:20:21.1656275Z env:
AzureDB IT	UNKNOWN STEP	2026-01-18T04:20:21.1656630Z   MAVEN_ARGS: -B -nsu -Daether.connector.http.connectionMaxTtl=25
AzureDB IT	UNKNOWN STEP	2026-01-18T04:20:21.1657091Z   SUREFIRE_RERUN_FAILING_COUNT: 2
AzureDB IT	UNKNOWN STEP	2026-01-18T04:20:21.1657456Z   SUREFIRE_RETRY: -Dsurefire.rerunFailingTestsCount=2
AzureDB IT	UNKNOWN STEP	2026-01-18T04:20:21.1657920Z   AZURE_ADMIN_PASSWORD: ***
AzureDB IT	UNKNOWN STEP	2026-01-18T04:20:21.1658275Z   AZURE_DB_PASSWORD: ***
AzureDB IT	UNKNOWN STEP	2026-01-18T04:20:21.1658748Z   AZURE_RG: gh-action-6ceaa2d-21105905291-1
AzureDB IT	UNKNOWN STEP	2026-01-18T04:20:21.1659152Z   AZURE_NAME: gh-action-6ceaa2d-21105905291-1
AzureDB IT	UNKNOWN STEP	2026-01-18T04:20:21.1659505Z   AZURE_REGION: westeurope
AzureDB IT	UNKNOWN STEP	2026-01-18T04:20:21.1659877Z   AZURE_SUBSCRIPTION: ***
AzureDB IT	UNKNOWN STEP	2026-01-18T04:20:21.1660159Z   AZURE_ADMIN_USER: 
AzureDB IT	UNKNOWN STEP	2026-01-18T04:20:21.1660411Z   AZURE_DB_USER: 
AzureDB IT	UNKNOWN STEP	2026-01-18T04:20:21.1660658Z ##[endgroup]
AzureDB IT	UNKNOWN STEP	2026-01-18T04:20:21.1748773Z Creating resource group gh-action-6ceaa2d-21105905291-1 in westeurope
AzureDB IT	UNKNOWN STEP	2026-01-18T04:20:23.0821085Z ***
AzureDB IT	UNKNOWN STEP	2026-01-18T04:20:23.0822101Z   "id": "/subscriptions/***/resourceGroups/gh-action-6ceaa2d-21105905291-1",
AzureDB IT	UNKNOWN STEP	2026-01-18T04:20:23.0822838Z   "location": "westeurope",
AzureDB IT	UNKNOWN STEP	2026-01-18T04:20:23.0823274Z   "managedBy": null,
AzureDB IT	UNKNOWN STEP	2026-01-18T04:20:23.0823735Z   "name": "gh-action-6ceaa2d-21105905291-1",
AzureDB IT	UNKNOWN STEP	2026-01-18T04:20:23.0824470Z   "properties": ***
AzureDB IT	UNKNOWN STEP	2026-01-18T04:20:23.0824893Z     "provisioningState": "Succeeded"
AzureDB IT	UNKNOWN STEP	2026-01-18T04:20:23.0825382Z   ***,
AzureDB IT	UNKNOWN STEP	2026-01-18T04:20:23.0825724Z   "tags": null,
AzureDB IT	UNKNOWN STEP	2026-01-18T04:20:23.0826162Z   "type": "Microsoft.Resources/resourceGroups"
AzureDB IT	UNKNOWN STEP	2026-01-18T04:20:23.0826724Z ***
AzureDB IT	UNKNOWN STEP	2026-01-18T04:20:23.1463508Z Creating SQL server gh-action-6ceaa2d-21105905291-1-sqlsrv
AzureDB IT	UNKNOWN STEP	2026-01-18T04:21:50.9065572Z ***
AzureDB IT	UNKNOWN STEP	2026-01-18T04:21:50.9066482Z   "administratorLogin": "sqladmin",
AzureDB IT	UNKNOWN STEP	2026-01-18T04:21:50.9067191Z   "administratorLoginPassword": null,
AzureDB IT	UNKNOWN STEP	2026-01-18T04:21:50.9067858Z   "administrators": null,
AzureDB IT	UNKNOWN STEP	2026-01-18T04:21:50.9068416Z   "createMode": null,
AzureDB IT	UNKNOWN STEP	2026-01-18T04:21:50.9068999Z   "externalGovernanceStatus": "Disabled",
AzureDB IT	UNKNOWN STEP	2026-01-18T04:21:50.9069640Z   "federatedClientId": null,
AzureDB IT	UNKNOWN STEP	2026-01-18T04:21:50.9070636Z   "fullyQualifiedDomainName": "gh-action-6ceaa2d-21105905291-1-sqlsrv.database.windows.net",
AzureDB IT	UNKNOWN STEP	2026-01-18T04:21:50.9072787Z   "id": "/subscriptions/***/resourceGroups/gh-action-6ceaa2d-21105905291-1/providers/Microsoft.Sql/servers/gh-action-6ceaa2d-21105905291-1-sqlsrv",
AzureDB IT	UNKNOWN STEP	2026-01-18T04:21:50.9074453Z   "identity": null,
AzureDB IT	UNKNOWN STEP	2026-01-18T04:21:50.9074967Z   "isIPv6Enabled": null,
AzureDB IT	UNKNOWN STEP	2026-01-18T04:21:50.9075543Z   "keyId": null,
AzureDB IT	UNKNOWN STEP	2026-01-18T04:21:50.9076061Z   "kind": "v12.0",
AzureDB IT	UNKNOWN STEP	2026-01-18T04:21:50.9076598Z   "location": "westeurope",
AzureDB IT	UNKNOWN STEP	2026-01-18T04:21:50.9077148Z   "minimalTlsVersion": "1.2",
AzureDB IT	UNKNOWN STEP	2026-01-18T04:21:50.9077829Z   "name": "gh-action-6ceaa2d-21105905291-1-sqlsrv",
AzureDB IT	UNKNOWN STEP	2026-01-18T04:21:50.9078543Z   "primaryUserAssignedIdentityId": null,
AzureDB IT	UNKNOWN STEP	2026-01-18T04:21:50.9079186Z   "privateEndpointConnections": [],
AzureDB IT	UNKNOWN STEP	2026-01-18T04:21:50.9079794Z   "publicNetworkAccess": "Enabled",
AzureDB IT	UNKNOWN STEP	2026-01-18T04:21:50.9080446Z   "resourceGroup": "gh-action-6ceaa2d-21105905291-1",
AzureDB IT	UNKNOWN STEP	2026-01-18T04:21:50.9081189Z   "restrictOutboundNetworkAccess": "Disabled",
AzureDB IT	UNKNOWN STEP	2026-01-18T04:21:50.9081831Z   "retentionDays": -1,
AzureDB IT	UNKNOWN STEP	2026-01-18T04:21:50.9082297Z   "state": "Ready",
AzureDB IT	UNKNOWN STEP	2026-01-18T04:21:50.9082724Z   "tags": null,
AzureDB IT	UNKNOWN STEP	2026-01-18T04:21:50.9083180Z   "type": "Microsoft.Sql/servers",
AzureDB IT	UNKNOWN STEP	2026-01-18T04:21:50.9083715Z   "version": "12.0",
AzureDB IT	UNKNOWN STEP	2026-01-18T04:21:50.9084384Z   "workspaceFeature": null
AzureDB IT	UNKNOWN STEP	2026-01-18T04:21:50.9085024Z ***
AzureDB IT	UNKNOWN STEP	2026-01-18T04:21:50.9850640Z Creating database keycloakdb
AzureDB IT	UNKNOWN STEP	2026-01-18T04:23:31.0371688Z ***
AzureDB IT	UNKNOWN STEP	2026-01-18T04:23:31.0375052Z   "autoPauseDelay": null,
AzureDB IT	UNKNOWN STEP	2026-01-18T04:23:31.0375645Z   "availabilityZone": "NoPreference",
AzureDB IT	UNKNOWN STEP	2026-01-18T04:23:31.0376345Z   "catalogCollation": "SQL_Latin1_General_CP1_CI_AS",
AzureDB IT	UNKNOWN STEP	2026-01-18T04:23:31.0377093Z   "collation": "SQL_Latin1_General_CP1_CI_AS",
AzureDB IT	UNKNOWN STEP	2026-01-18T04:23:31.0377732Z   "createMode": null,
AzureDB IT	UNKNOWN STEP	2026-01-18T04:23:31.0378254Z   "creationDate": "2026-01-18T04:23:23.740000+00:00",
AzureDB IT	UNKNOWN STEP	2026-01-18T04:23:31.0378971Z   "currentBackupStorageRedundancy": "Geo",
AzureDB IT	UNKNOWN STEP	2026-01-18T04:23:31.0379665Z   "currentServiceObjectiveName": "Basic",
AzureDB IT	UNKNOWN STEP	2026-01-18T04:23:31.0380282Z   "currentSku": ***
AzureDB IT	UNKNOWN STEP	2026-01-18T04:23:31.0380740Z     "capacity": 5,
AzureDB IT	UNKNOWN STEP	2026-01-18T04:23:31.0381218Z     "family": null,
AzureDB IT	UNKNOWN STEP	2026-01-18T04:23:31.0381698Z     "name": "Basic",
AzureDB IT	UNKNOWN STEP	2026-01-18T04:23:31.0382198Z     "size": null,
AzureDB IT	UNKNOWN STEP	2026-01-18T04:23:31.0382635Z     "tier": "Basic"
AzureDB IT	UNKNOWN STEP	2026-01-18T04:23:31.0383095Z   ***,
AzureDB IT	UNKNOWN STEP	2026-01-18T04:23:31.0383635Z   "databaseId": "8ef3bf73-74c3-446d-8892-a3ab9962845c",
AzureDB IT	UNKNOWN STEP	2026-01-18T04:23:31.0384659Z   "defaultSecondaryLocation": "northeurope",
AzureDB IT	UNKNOWN STEP	2026-01-18T04:23:31.0386902Z   "earliestRestoreDate": null,
AzureDB IT	UNKNOWN STEP	2026-01-18T04:23:31.0387503Z   "edition": "Basic",
AzureDB IT	UNKNOWN STEP	2026-01-18T04:23:31.0387979Z   "elasticPoolId": null,
AzureDB IT	UNKNOWN STEP	2026-01-18T04:23:31.0388489Z   "elasticPoolName": null,
AzureDB IT	UNKNOWN STEP	2026-01-18T04:23:31.0389010Z   "encryptionProtector": null,
AzureDB IT	UNKNOWN STEP	2026-01-18T04:23:31.0389603Z   "encryptionProtectorAutoRotation": null,
AzureDB IT	UNKNOWN STEP	2026-01-18T04:23:31.0390225Z   "failoverGroupId": null,
AzureDB IT	UNKNOWN STEP	2026-01-18T04:23:31.0390751Z   "federatedClientId": null,
AzureDB IT	UNKNOWN STEP	2026-01-18T04:23:31.0391301Z   "freeLimitExhaustionBehavior": null,
AzureDB IT	UNKNOWN STEP	2026-01-18T04:23:31.0391929Z   "highAvailabilityReplicaCount": null,
AzureDB IT	UNKNOWN STEP	2026-01-18T04:23:31.0393674Z   "id": "/subscriptions/***/resourceGroups/gh-action-6ceaa2d-21105905291-1/providers/Microsoft.Sql/servers/gh-action-6ceaa2d-21105905291-1-sqlsrv/databases/keycloakdb",
AzureDB IT	UNKNOWN STEP	2026-01-18T04:23:31.0395323Z   "identity": null,
AzureDB IT	UNKNOWN STEP	2026-01-18T04:23:31.0395815Z   "isInfraEncryptionEnabled": false,
AzureDB IT	UNKNOWN STEP	2026-01-18T04:23:31.0396374Z   "keys": null,
AzureDB IT	UNKNOWN STEP	2026-01-18T04:23:31.0396795Z   "kind": "v12.0,user",
AzureDB IT	UNKNOWN STEP	2026-01-18T04:23:31.0397271Z   "ledgerOn": false,
AzureDB IT	UNKNOWN STEP	2026-01-18T04:23:31.0397720Z   "licenseType": null,
AzureDB IT	UNKNOWN STEP	2026-01-18T04:23:31.0398194Z   "location": "westeurope",
AzureDB IT	UNKNOWN STEP	2026-01-18T04:23:31.0399267Z   "longTermRetentionBackupResourceId": null,
AzureDB IT	UNKNOWN STEP	2026-01-18T04:23:31.0400833Z   "maintenanceConfigurationId": "/subscriptions/***/providers/Microsoft.Maintenance/publicMaintenanceConfigurations/SQL_Default",
AzureDB IT	UNKNOWN STEP	2026-01-18T04:23:31.0402058Z   "managedBy": null,
AzureDB IT	UNKNOWN STEP	2026-01-18T04:23:31.0402526Z   "manualCutover": null,
AzureDB IT	UNKNOWN STEP	2026-01-18T04:23:31.0403035Z   "maxLogSizeBytes": null,
AzureDB IT	UNKNOWN STEP	2026-01-18T04:23:31.0403568Z   "maxSizeBytes": 2147483648,
AzureDB IT	UNKNOWN STEP	2026-01-18T04:23:31.0404268Z   "minCapacity": null,
AzureDB IT	UNKNOWN STEP	2026-01-18T04:23:31.0404748Z   "name": "keycloakdb",
AzureDB IT	UNKNOWN STEP	2026-01-18T04:23:31.0405236Z   "pausedDate": null,
AzureDB IT	UNKNOWN STEP	2026-01-18T04:23:31.0405715Z   "performCutover": null,
AzureDB IT	UNKNOWN STEP	2026-01-18T04:23:31.0406243Z   "preferredEnclaveType": null,
AzureDB IT	UNKNOWN STEP	2026-01-18T04:23:31.0406807Z   "readScale": "Disabled",
AzureDB IT	UNKNOWN STEP	2026-01-18T04:23:31.0407327Z   "recoverableDatabaseId": null,
AzureDB IT	UNKNOWN STEP	2026-01-18T04:23:31.0407956Z   "recoveryServicesRecoveryPointId": null,
AzureDB IT	UNKNOWN STEP	2026-01-18T04:23:31.0408675Z   "requestedBackupStorageRedundancy": "Geo",
AzureDB IT	UNKNOWN STEP	2026-01-18T04:23:31.0409346Z   "requestedServiceObjectiveName": "Basic",
AzureDB IT	UNKNOWN STEP	2026-01-18T04:23:31.0410070Z   "resourceGroup": "gh-action-6ceaa2d-21105905291-1",
AzureDB IT	UNKNOWN STEP	2026-01-18T04:23:31.0410786Z   "restorableDroppedDatabaseId": null,
AzureDB IT	UNKNOWN STEP	2026-01-18T04:23:31.0411390Z   "restorePointInTime": null,
AzureDB IT	UNKNOWN STEP	2026-01-18T04:23:31.0411919Z   "resumedDate": null,
AzureDB IT	UNKNOWN STEP	2026-01-18T04:23:31.0412397Z   "sampleName": null,
AzureDB IT	UNKNOWN STEP	2026-01-18T04:23:31.0412899Z   "secondaryType": null,
AzureDB IT	UNKNOWN STEP	2026-01-18T04:23:31.0413408Z   "sku": ***
AzureDB IT	UNKNOWN STEP	2026-01-18T04:23:31.0413819Z     "capacity": 5,
AzureDB IT	UNKNOWN STEP	2026-01-18T04:23:31.0414510Z     "family": null,
AzureDB IT	UNKNOWN STEP	2026-01-18T04:23:31.0414957Z     "name": "Basic",
AzureDB IT	UNKNOWN STEP	2026-01-18T04:23:31.0415398Z     "size": null,
AzureDB IT	UNKNOWN STEP	2026-01-18T04:23:31.0415817Z     "tier": "Basic"
AzureDB IT	UNKNOWN STEP	2026-01-18T04:23:31.0416254Z   ***,
AzureDB IT	UNKNOWN STEP	2026-01-18T04:23:31.0416698Z   "sourceDatabaseDeletionDate": null,
AzureDB IT	UNKNOWN STEP	2026-01-18T04:23:31.0417293Z   "sourceDatabaseId": null,
AzureDB IT	UNKNOWN STEP	2026-01-18T04:23:31.0417854Z   "sourceResourceId": null,
AzureDB IT	UNKNOWN STEP	2026-01-18T04:23:31.0418360Z   "status": "Online",
AzureDB IT	UNKNOWN STEP	2026-01-18T04:23:31.0418810Z   "tags": null,
AzureDB IT	UNKNOWN STEP	2026-01-18T04:23:31.0419303Z   "type": "Microsoft.Sql/servers/databases",
AzureDB IT	UNKNOWN STEP	2026-01-18T04:23:31.0419923Z   "useFreeLimit": null,
AzureDB IT	UNKNOWN STEP	2026-01-18T04:23:31.0420429Z   "zoneRedundant": false
AzureDB IT	UNKNOWN STEP	2026-01-18T04:23:31.0420927Z ***
AzureDB IT	UNKNOWN STEP	2026-01-18T04:23:31.1141250Z Allowing Azure services and current IP (0.0.0.0) - use with caution
AzureDB IT	UNKNOWN STEP	2026-01-18T04:23:32.7231882Z ***
AzureDB IT	UNKNOWN STEP	2026-01-18T04:23:32.7232339Z   "endIpAddress": "0.0.0.0",
AzureDB IT	UNKNOWN STEP	2026-01-18T04:23:32.7234116Z   "id": "/subscriptions/***/resourceGroups/gh-action-6ceaa2d-21105905291-1/providers/Microsoft.Sql/servers/gh-action-6ceaa2d-21105905291-1-sqlsrv/firewallRules/AllowAll",
AzureDB IT	UNKNOWN STEP	2026-01-18T04:23:32.7235358Z   "name": "AllowAll",
AzureDB IT	UNKNOWN STEP	2026-01-18T04:23:32.7235849Z   "resourceGroup": "gh-action-6ceaa2d-21105905291-1",
AzureDB IT	UNKNOWN STEP	2026-01-18T04:23:32.7236426Z   "startIpAddress": "0.0.0.0",
AzureDB IT	UNKNOWN STEP	2026-01-18T04:23:32.7236918Z   "type": "Microsoft.Sql/servers/firewallRules"
AzureDB IT	UNKNOWN STEP	2026-01-18T04:23:32.7237443Z ***
AzureDB IT	UNKNOWN STEP	2026-01-18T04:23:32.8032968Z Waiting for SQL server to be provisioned...
AzureDB IT	UNKNOWN STEP	2026-01-18T04:23:33.9228349Z Creating login keycloak in master via sqlcmd
AzureDB IT	UNKNOWN STEP	2026-01-18T04:23:35.9996613Z Creating user keycloak in database keycloakdb and adding db_owner
AzureDB IT	UNKNOWN STEP	2026-01-18T04:23:38.0534905Z ##[group]Run AZURE_REGION=westeurope
AzureDB IT	UNKNOWN STEP	2026-01-18T04:23:38.0535316Z [36;1mAZURE_REGION=westeurope[0m
AzureDB IT	UNKNOWN STEP	2026-01-18T04:23:38.0535714Z [36;1mAZ_VM_CLUSTER_NAME=gh-action-6ceaa2d-21105905291-1[0m
AzureDB IT	UNKNOWN STEP	2026-01-18T04:23:38.0536242Z [36;1mecho "az_vm_cluster=$***AZ_VM_CLUSTER_NAME***" >> $GITHUB_OUTPUT[0m
AzureDB IT	UNKNOWN STEP	2026-01-18T04:23:38.0536674Z [36;1m[0m
AzureDB IT	UNKNOWN STEP	2026-01-18T04:23:38.0537042Z [36;1mgit archive --format=zip --output /tmp/keycloak.zip $GITHUB_REF[0m
AzureDB IT	UNKNOWN STEP	2026-01-18T04:23:38.0537510Z [36;1mtar -C ~/ -czvf m2.tar.gz .m2 || true[0m
AzureDB IT	UNKNOWN STEP	2026-01-18T04:23:38.0537844Z [36;1m[0m
AzureDB IT	UNKNOWN STEP	2026-01-18T04:23:38.0538089Z [36;1mcd .github/scripts/ansible[0m
AzureDB IT	UNKNOWN STEP	2026-01-18T04:23:38.0538539Z [36;1m./azure_vm_manager.sh create $***AZURE_REGION*** $***AZ_VM_CLUSTER_NAME***[0m
AzureDB IT	UNKNOWN STEP	2026-01-18T04:23:38.0538986Z [36;1m[0m
AzureDB IT	UNKNOWN STEP	2026-01-18T04:23:38.0539447Z [36;1m./keycloak_remote_installer.sh $***AZURE_REGION*** $***AZ_VM_CLUSTER_NAME*** /tmp/keycloak.zip m2.tar.gz[0m
AzureDB IT	UNKNOWN STEP	2026-01-18T04:23:38.0540712Z [36;1m./mvn_remote_runner.sh $***AZURE_REGION*** $***AZ_VM_CLUSTER_NAME*** "clean install -B -DskipTests -Pdistribution -DskipProtoLock=true -Dmaven.build.cache.enabled=true"[0m
AzureDB IT	UNKNOWN STEP	2026-01-18T04:23:38.0542146Z [36;1m./mvn_remote_runner.sh $***AZURE_REGION*** $***AZ_VM_CLUSTER_NAME*** "clean install -B -DskipTests -pl testsuite/integration-arquillian/servers/auth-server/quarkus -Pdb-mssql-azure -Dmaven.build.cache.enabled=true"[0m
AzureDB IT	UNKNOWN STEP	2026-01-18T04:23:38.0574360Z shell: /usr/bin/bash --noprofile --norc -e -o pipefail ***0***
AzureDB IT	UNKNOWN STEP	2026-01-18T04:23:38.0574777Z env:
AzureDB IT	UNKNOWN STEP	2026-01-18T04:23:38.0575128Z   MAVEN_ARGS: -B -nsu -Daether.connector.http.connectionMaxTtl=25
AzureDB IT	UNKNOWN STEP	2026-01-18T04:23:38.0575566Z   SUREFIRE_RERUN_FAILING_COUNT: 2
AzureDB IT	UNKNOWN STEP	2026-01-18T04:23:38.0575942Z   SUREFIRE_RETRY: -Dsurefire.rerunFailingTestsCount=2
AzureDB IT	UNKNOWN STEP	2026-01-18T04:23:38.0576408Z   AZURE_ADMIN_PASSWORD: ***
AzureDB IT	UNKNOWN STEP	2026-01-18T04:23:38.0576763Z   AZURE_DB_PASSWORD: ***
AzureDB IT	UNKNOWN STEP	2026-01-18T04:23:38.0577035Z ##[endgroup]
AzureDB IT	UNKNOWN STEP	2026-01-18T04:23:40.7457601Z .m2/
AzureDB IT	UNKNOWN STEP	2026-01-18T04:23:40.7458117Z .m2/repository/
AzureDB IT	UNKNOWN STEP	2026-01-18T04:23:40.7458740Z .m2/repository/com/
AzureDB IT	UNKNOWN STEP	2026-01-18T04:23:40.7459230Z .m2/repository/com/github/
AzureDB IT	UNKNOWN STEP	2026-01-18T04:23:40.7459780Z .m2/repository/com/github/eirslett/
AzureDB IT	UNKNOWN STEP	2026-01-18T04:23:40.7460392Z .m2/repository/com/github/eirslett/pnpm/
AzureDB IT	UNKNOWN STEP	2026-01-18T04:23:40.7461046Z .m2/repository/com/github/eirslett/pnpm/10.14.0/
AzureDB IT	UNKNOWN STEP	2026-01-18T04:23:40.7461879Z .m2/repository/com/github/eirslett/pnpm/10.14.0/pnpm-10.14.0.tar.gz
AzureDB IT	UNKNOWN STEP	2026-01-18T04:23:40.8556748Z .m2/repository/com/github/eirslett/node/
AzureDB IT	UNKNOWN STEP	2026-01-18T04:23:40.8557499Z .m2/repository/com/github/eirslett/node/22.18.0/
AzureDB IT	UNKNOWN STEP	2026-01-18T04:23:40.8558130Z .m2/repository/com/github/eirslett/node/22.18.0/node-22.18.0-linux-x64.tar.gz
AzureDB IT	UNKNOWN STEP	2026-01-18T04:23:42.3224366Z .m2/repository/com/github/eirslett/node/22.18.0/node-22.18.0-win-x64.exe
AzureDB IT	UNKNOWN STEP	2026-01-18T04:23:46.0378173Z .m2/repository/com/github/eirslett/node/24.9.0/
AzureDB IT	UNKNOWN STEP	2026-01-18T04:23:46.0378986Z .m2/repository/com/github/eirslett/node/24.9.0/node-24.9.0-win-x64.exe
AzureDB IT	UNKNOWN STEP	2026-01-18T04:23:49.8619571Z .m2/repository/com/github/eirslett/node/24.9.0/node-24.9.0-linux-x64.tar.gz
AzureDB IT	UNKNOWN STEP	2026-01-18T04:23:54.0932852Z ***
AzureDB IT	UNKNOWN STEP	2026-01-18T04:23:54.0933811Z   "id": "/subscriptions/***/resourceGroups/gh-action-6ceaa2d-21105905291-1",
AzureDB IT	UNKNOWN STEP	2026-01-18T04:23:54.0934780Z   "location": "westeurope",
AzureDB IT	UNKNOWN STEP	2026-01-18T04:23:54.0935226Z   "managedBy": null,
AzureDB IT	UNKNOWN STEP	2026-01-18T04:23:54.0935671Z   "name": "gh-action-6ceaa2d-21105905291-1",
AzureDB IT	UNKNOWN STEP	2026-01-18T04:23:54.0936200Z   "properties": ***
AzureDB IT	UNKNOWN STEP	2026-01-18T04:23:54.0936621Z     "provisioningState": "Succeeded"
AzureDB IT	UNKNOWN STEP	2026-01-18T04:23:54.0937101Z   ***,
AzureDB IT	UNKNOWN STEP	2026-01-18T04:23:54.0937444Z   "tags": null,
AzureDB IT	UNKNOWN STEP	2026-01-18T04:23:54.0937876Z   "type": "Microsoft.Resources/resourceGroups"
AzureDB IT	UNKNOWN STEP	2026-01-18T04:23:54.0938399Z ***
AzureDB IT	UNKNOWN STEP	2026-01-18T04:23:54.4301338Z Generating public/private rsa key pair.
AzureDB IT	UNKNOWN STEP	2026-01-18T04:23:54.4302105Z Your identification has been saved in gh-action-6ceaa2d-21105905291-1_westeurope
AzureDB IT	UNKNOWN STEP	2026-01-18T04:23:54.4302990Z Your public key has been saved in gh-action-6ceaa2d-21105905291-1_westeurope.pub
AzureDB IT	UNKNOWN STEP	2026-01-18T04:23:54.4303678Z The key fingerprint is:
AzureDB IT	UNKNOWN STEP	2026-01-18T04:23:54.4305151Z SHA256:jub/penDMjQXE362rqVWhbmHvzVLk+RUDwVj0Wi3CMs runner@runnervmmtnos
AzureDB IT	UNKNOWN STEP	2026-01-18T04:23:54.4306159Z The key's randomart image is:
AzureDB IT	UNKNOWN STEP	2026-01-18T04:23:54.4306815Z +---[RSA 2048]----+
AzureDB IT	UNKNOWN STEP	2026-01-18T04:23:54.4307255Z |              ==.|
AzureDB IT	UNKNOWN STEP	2026-01-18T04:23:54.4307693Z |          .. .ooo|
AzureDB IT	UNKNOWN STEP	2026-01-18T04:23:54.4308127Z |         ...o+o.o|
AzureDB IT	UNKNOWN STEP	2026-01-18T04:23:54.4308538Z |          +E=..oo|
AzureDB IT	UNKNOWN STEP	2026-01-18T04:23:54.4308983Z |        S  = = o.|
AzureDB IT	UNKNOWN STEP	2026-01-18T04:23:54.4309434Z |       oo . = = .|
AzureDB IT	UNKNOWN STEP	2026-01-18T04:23:54.4309878Z |      o..+ ooo *.|
AzureDB IT	UNKNOWN STEP	2026-01-18T04:23:54.4310324Z |     o  o +*. o.+|
AzureDB IT	UNKNOWN STEP	2026-01-18T04:23:54.4310758Z |      ...*Bo  .o |
AzureDB IT	UNKNOWN STEP	2026-01-18T04:23:54.4311227Z +----[SHA256]-----+
AzureDB IT	UNKNOWN STEP	2026-01-18T04:23:58.5950518Z ***
AzureDB IT	UNKNOWN STEP	2026-01-18T04:23:58.5951368Z   "NewNSG": ***
AzureDB IT	UNKNOWN STEP	2026-01-18T04:23:58.5953373Z     "defaultSecurityRules": [
AzureDB IT	UNKNOWN STEP	2026-01-18T04:23:58.5954047Z       ***
AzureDB IT	UNKNOWN STEP	2026-01-18T04:23:58.5954407Z         "access": "Allow",
AzureDB IT	UNKNOWN STEP	2026-01-18T04:23:58.5955001Z         "description": "Allow inbound traffic from all VMs in VNET",
AzureDB IT	UNKNOWN STEP	2026-01-18T04:23:58.5956075Z         "destinationAddressPrefix": "VirtualNetwork",
AzureDB IT	UNKNOWN STEP	2026-01-18T04:23:58.5956697Z         "destinationAddressPrefixes": [],
AzureDB IT	UNKNOWN STEP	2026-01-18T04:23:58.5957242Z         "destinationPortRange": "*",
AzureDB IT	UNKNOWN STEP	2026-01-18T04:23:58.5957741Z         "destinationPortRanges": [],
AzureDB IT	UNKNOWN STEP	2026-01-18T04:23:58.5958217Z         "direction": "Inbound",
AzureDB IT	UNKNOWN STEP	2026-01-18T04:23:58.5958747Z         "etag": "W/\"8334047c-0cfd-45f7-ba55-94d8a12290e6\"",
AzureDB IT	UNKNOWN STEP	2026-01-18T04:23:58.5960528Z         "id": "/subscriptions/***/resourceGroups/gh-action-6ceaa2d-21105905291-1/providers/Microsoft.Network/networkSecurityGroups/gh-action-6ceaa2d-21105905291-1-nsg/defaultSecurityRules/AllowVnetInBound",
AzureDB IT	UNKNOWN STEP	2026-01-18T04:23:58.5962007Z         "name": "AllowVnetInBound",
AzureDB IT	UNKNOWN STEP	2026-01-18T04:23:58.5962479Z         "priority": 65000,
AzureDB IT	UNKNOWN STEP	2026-01-18T04:23:58.5962891Z         "protocol": "*",
AzureDB IT	UNKNOWN STEP	2026-01-18T04:23:58.5963335Z         "provisioningState": "Succeeded",
AzureDB IT	UNKNOWN STEP	2026-01-18T04:23:58.5964068Z         "resourceGroup": "gh-action-6ceaa2d-21105905291-1",
AzureDB IT	UNKNOWN STEP	2026-01-18T04:23:58.5964717Z         "sourceAddressPrefix": "VirtualNetwork",
AzureDB IT	UNKNOWN STEP	2026-01-18T04:23:58.5965244Z         "sourceAddressPrefixes": [],
AzureDB IT	UNKNOWN STEP	2026-01-18T04:23:58.5965720Z         "sourcePortRange": "*",
AzureDB IT	UNKNOWN STEP	2026-01-18T04:23:58.5966168Z         "sourcePortRanges": [],
AzureDB IT	UNKNOWN STEP	2026-01-18T04:23:58.5966787Z         "type": "Microsoft.Network/networkSecurityGroups/defaultSecurityRules"
AzureDB IT	UNKNOWN STEP	2026-01-18T04:23:58.5967446Z       ***,
AzureDB IT	UNKNOWN STEP	2026-01-18T04:23:58.5967779Z       ***
AzureDB IT	UNKNOWN STEP	2026-01-18T04:23:58.5968105Z         "access": "Allow",
AzureDB IT	UNKNOWN STEP	2026-01-18T04:23:58.5968654Z         "description": "Allow inbound traffic from azure load balancer",
AzureDB IT	UNKNOWN STEP	2026-01-18T04:23:58.5969317Z         "destinationAddressPrefix": "*",
AzureDB IT	UNKNOWN STEP	2026-01-18T04:23:58.5969850Z         "destinationAddressPrefixes": [],
AzureDB IT	UNKNOWN STEP	2026-01-18T04:23:58.5970365Z         "destinationPortRange": "*",
AzureDB IT	UNKNOWN STEP	2026-01-18T04:23:58.5970859Z         "destinationPortRanges": [],
AzureDB IT	UNKNOWN STEP	2026-01-18T04:23:58.5971359Z         "direction": "Inbound",
AzureDB IT	UNKNOWN STEP	2026-01-18T04:23:58.5971865Z         "etag": "W/\"8334047c-0cfd-45f7-ba55-94d8a12290e6\"",
AzureDB IT	UNKNOWN STEP	2026-01-18T04:23:58.5973750Z         "id": "/subscriptions/***/resourceGroups/gh-action-6ceaa2d-21105905291-1/providers/Microsoft.Network/networkSecurityGroups/gh-action-6ceaa2d-21105905291-1-nsg/defaultSecurityRules/AllowAzureLoadBalancerInBound",
AzureDB IT	UNKNOWN STEP	2026-01-18T04:23:58.5975559Z         "name": "AllowAzureLoadBalancerInBound",
AzureDB IT	UNKNOWN STEP	2026-01-18T04:23:58.5976074Z         "priority": 65001,
AzureDB IT	UNKNOWN STEP	2026-01-18T04:23:58.5976478Z         "protocol": "*",
AzureDB IT	UNKNOWN STEP	2026-01-18T04:23:58.5976906Z         "provisioningState": "Succeeded",
AzureDB IT	UNKNOWN STEP	2026-01-18T04:23:58.5977504Z         "resourceGroup": "gh-action-6ceaa2d-21105905291-1",
AzureDB IT	UNKNOWN STEP	2026-01-18T04:23:58.5978171Z         "sourceAddressPrefix": "AzureLoadBalancer",
AzureDB IT	UNKNOWN STEP	2026-01-18T04:23:58.5978737Z         "sourceAddressPrefixes": [],
AzureDB IT	UNKNOWN STEP	2026-01-18T04:23:58.5979226Z         "sourcePortRange": "*",
AzureDB IT	UNKNOWN STEP	2026-01-18T04:23:58.5979668Z         "sourcePortRanges": [],
AzureDB IT	UNKNOWN STEP	2026-01-18T04:23:58.5980304Z         "type": "Microsoft.Network/networkSecurityGroups/defaultSecurityRules"
AzureDB IT	UNKNOWN STEP	2026-01-18T04:23:58.5980992Z       ***,
AzureDB IT	UNKNOWN STEP	2026-01-18T04:23:58.5981323Z       ***
AzureDB IT	UNKNOWN STEP	2026-01-18T04:23:58.5981895Z         "access": "Deny",
AzureDB IT	UNKNOWN STEP	2026-01-18T04:23:58.5982376Z         "description": "Deny all inbound traffic",
AzureDB IT	UNKNOWN STEP	2026-01-18T04:23:58.5982947Z         "destinationAddressPrefix": "*",
AzureDB IT	UNKNOWN STEP	2026-01-18T04:23:58.5983465Z         "destinationAddressPrefixes": [],
AzureDB IT	UNKNOWN STEP	2026-01-18T04:23:58.5984138Z         "destinationPortRange": "*",
AzureDB IT	UNKNOWN STEP	2026-01-18T04:23:58.5984634Z         "destinationPortRanges": [],
AzureDB IT	UNKNOWN STEP	2026-01-18T04:23:58.5985129Z         "direction": "Inbound",
AzureDB IT	UNKNOWN STEP	2026-01-18T04:23:58.5985652Z         "etag": "W/\"8334047c-0cfd-45f7-ba55-94d8a12290e6\"",
AzureDB IT	UNKNOWN STEP	2026-01-18T04:23:58.5987459Z         "id": "/subscriptions/***/resourceGroups/gh-action-6ceaa2d-21105905291-1/providers/Microsoft.Network/networkSecurityGroups/gh-action-6ceaa2d-21105905291-1-nsg/defaultSecurityRules/DenyAllInBound",
AzureDB IT	UNKNOWN STEP	2026-01-18T04:23:58.5988971Z         "name": "DenyAllInBound",
AzureDB IT	UNKNOWN STEP	2026-01-18T04:23:58.5989417Z         "priority": 65500,
AzureDB IT	UNKNOWN STEP	2026-01-18T04:23:58.5989819Z         "protocol": "*",
AzureDB IT	UNKNOWN STEP	2026-01-18T04:23:58.5990439Z         "provisioningState": "Succeeded",
AzureDB IT	UNKNOWN STEP	2026-01-18T04:23:58.5991046Z         "resourceGroup": "gh-action-6ceaa2d-21105905291-1",
AzureDB IT	UNKNOWN STEP	2026-01-18T04:23:58.5991661Z         "sourceAddressPrefix": "*",
AzureDB IT	UNKNOWN STEP	2026-01-18T04:23:58.5992148Z         "sourceAddressPrefixes": [],
AzureDB IT	UNKNOWN STEP	2026-01-18T04:23:58.5992624Z         "sourcePortRange": "*",
AzureDB IT	UNKNOWN STEP	2026-01-18T04:23:58.5993071Z         "sourcePortRanges": [],
AzureDB IT	UNKNOWN STEP	2026-01-18T04:23:58.5993701Z         "type": "Microsoft.Network/networkSecurityGroups/defaultSecurityRules"
AzureDB IT	UNKNOWN STEP	2026-01-18T04:23:58.5994539Z       ***,
AzureDB IT	UNKNOWN STEP	2026-01-18T04:23:58.5994885Z       ***
AzureDB IT	UNKNOWN STEP	2026-01-18T04:23:58.5995217Z         "access": "Allow",
AzureDB IT	UNKNOWN STEP	2026-01-18T04:23:58.5995827Z         "description": "Allow outbound traffic from all VMs to all VMs in VNET",
AzureDB IT	UNKNOWN STEP	2026-01-18T04:23:58.5996582Z         "destinationAddressPrefix": "VirtualNetwork",
AzureDB IT	UNKNOWN STEP	2026-01-18T04:23:58.5997147Z         "destinationAddressPrefixes": [],
AzureDB IT	UNKNOWN STEP	2026-01-18T04:23:58.5997647Z         "destinationPortRange": "*",
AzureDB IT	UNKNOWN STEP	2026-01-18T04:23:58.5998126Z         "destinationPortRanges": [],
AzureDB IT	UNKNOWN STEP	2026-01-18T04:23:58.5998629Z         "direction": "Outbound",
AzureDB IT	UNKNOWN STEP	2026-01-18T04:23:58.5999161Z         "etag": "W/\"8334047c-0cfd-45f7-ba55-94d8a12290e6\"",
AzureDB IT	UNKNOWN STEP	2026-01-18T04:23:58.6000991Z         "id": "/subscriptions/***/resourceGroups/gh-action-6ceaa2d-21105905291-1/providers/Microsoft.Network/networkSecurityGroups/gh-action-6ceaa2d-21105905291-1-nsg/defaultSecurityRules/AllowVnetOutBound",
AzureDB IT	UNKNOWN STEP	2026-01-18T04:23:58.6002576Z         "name": "AllowVnetOutBound",
AzureDB IT	UNKNOWN STEP	2026-01-18T04:23:58.6003068Z         "priority": 65000,
AzureDB IT	UNKNOWN STEP	2026-01-18T04:23:58.6003479Z         "protocol": "*",
AzureDB IT	UNKNOWN STEP	2026-01-18T04:23:58.6004053Z         "provisioningState": "Succeeded",
AzureDB IT	UNKNOWN STEP	2026-01-18T04:23:58.6004613Z         "resourceGroup": "gh-action-6ceaa2d-21105905291-1",
AzureDB IT	UNKNOWN STEP	2026-01-18T04:23:58.6005207Z         "sourceAddressPrefix": "VirtualNetwork",
AzureDB IT	UNKNOWN STEP	2026-01-18T04:23:58.6005746Z         "sourceAddressPrefixes": [],
AzureDB IT	UNKNOWN STEP	2026-01-18T04:23:58.6006240Z         "sourcePortRange": "*",
AzureDB IT	UNKNOWN STEP	2026-01-18T04:23:58.6006706Z         "sourcePortRanges": [],
AzureDB IT	UNKNOWN STEP	2026-01-18T04:23:58.6007364Z         "type": "Microsoft.Network/networkSecurityGroups/defaultSecurityRules"
AzureDB IT	UNKNOWN STEP	2026-01-18T04:23:58.6008023Z       ***,
AzureDB IT	UNKNOWN STEP	2026-01-18T04:23:58.6008368Z       ***
AzureDB IT	UNKNOWN STEP	2026-01-18T04:23:58.6008711Z         "access": "Allow",
AzureDB IT	UNKNOWN STEP	2026-01-18T04:23:58.6009268Z         "description": "Allow outbound traffic from all VMs to Internet",
AzureDB IT	UNKNOWN STEP	2026-01-18T04:23:58.6009953Z         "destinationAddressPrefix": "Internet",
AzureDB IT	UNKNOWN STEP	2026-01-18T04:23:58.6010504Z         "destinationAddressPrefixes": [],
AzureDB IT	UNKNOWN STEP	2026-01-18T04:23:58.6011016Z         "destinationPortRange": "*",
AzureDB IT	UNKNOWN STEP	2026-01-18T04:23:58.6011499Z         "destinationPortRanges": [],
AzureDB IT	UNKNOWN STEP	2026-01-18T04:23:58.6011959Z         "direction": "Outbound",
AzureDB IT	UNKNOWN STEP	2026-01-18T04:23:58.6012462Z         "etag": "W/\"8334047c-0cfd-45f7-ba55-94d8a12290e6\"",
AzureDB IT	UNKNOWN STEP	2026-01-18T04:23:58.6014384Z         "id": "/subscriptions/***/resourceGroups/gh-action-6ceaa2d-21105905291-1/providers/Microsoft.Network/networkSecurityGroups/gh-action-6ceaa2d-21105905291-1-nsg/defaultSecurityRules/AllowInternetOutBound",
AzureDB IT	UNKNOWN STEP	2026-01-18T04:23:58.6015955Z         "name": "AllowInternetOutBound",
AzureDB IT	UNKNOWN STEP	2026-01-18T04:23:58.6016632Z         "priority": 65001,
AzureDB IT	UNKNOWN STEP	2026-01-18T04:23:58.6017052Z         "protocol": "*",
AzureDB IT	UNKNOWN STEP	2026-01-18T04:23:58.6017487Z         "provisioningState": "Succeeded",
AzureDB IT	UNKNOWN STEP	2026-01-18T04:23:58.6018065Z         "resourceGroup": "gh-action-6ceaa2d-21105905291-1",
AzureDB IT	UNKNOWN STEP	2026-01-18T04:23:58.6018653Z         "sourceAddressPrefix": "*",
AzureDB IT	UNKNOWN STEP	2026-01-18T04:23:58.6019128Z         "sourceAddressPrefixes": [],
AzureDB IT	UNKNOWN STEP	2026-01-18T04:23:58.6019640Z         "sourcePortRange": "*",
AzureDB IT	UNKNOWN STEP	2026-01-18T04:23:58.6020076Z         "sourcePortRanges": [],
AzureDB IT	UNKNOWN STEP	2026-01-18T04:23:58.6020696Z         "type": "Microsoft.Network/networkSecurityGroups/defaultSecurityRules"
AzureDB IT	UNKNOWN STEP	2026-01-18T04:23:58.6021362Z       ***,
AzureDB IT	UNKNOWN STEP	2026-01-18T04:23:58.6021712Z       ***
AzureDB IT	UNKNOWN STEP	2026-01-18T04:23:58.6022055Z         "access": "Deny",
AzureDB IT	UNKNOWN STEP	2026-01-18T04:23:58.6022517Z         "description": "Deny all outbound traffic",
AzureDB IT	UNKNOWN STEP	2026-01-18T04:23:58.6023071Z         "destinationAddressPrefix": "*",
AzureDB IT	UNKNOWN STEP	2026-01-18T04:23:58.6023587Z         "destinationAddressPrefixes": [],
AzureDB IT	UNKNOWN STEP	2026-01-18T04:23:58.6024498Z         "destinationPortRange": "*",
AzureDB IT	UNKNOWN STEP	2026-01-18T04:23:58.6025006Z         "destinationPortRanges": [],
AzureDB IT	UNKNOWN STEP	2026-01-18T04:23:58.6025502Z         "direction": "Outbound",
AzureDB IT	UNKNOWN STEP	2026-01-18T04:23:58.6026017Z         "etag": "W/\"8334047c-0cfd-45f7-ba55-94d8a12290e6\"",
AzureDB IT	UNKNOWN STEP	2026-01-18T04:23:58.6027759Z         "id": "/subscriptions/***/resourceGroups/gh-action-6ceaa2d-21105905291-1/providers/Microsoft.Network/networkSecurityGroups/gh-action-6ceaa2d-21105905291-1-nsg/defaultSecurityRules/DenyAllOutBound",
AzureDB IT	UNKNOWN STEP	2026-01-18T04:23:58.6029206Z         "name": "DenyAllOutBound",
AzureDB IT	UNKNOWN STEP	2026-01-18T04:23:58.6029664Z         "priority": 65500,
AzureDB IT	UNKNOWN STEP	2026-01-18T04:23:58.6030067Z         "protocol": "*",
AzureDB IT	UNKNOWN STEP	2026-01-18T04:23:58.6030495Z         "provisioningState": "Succeeded",
AzureDB IT	UNKNOWN STEP	2026-01-18T04:23:58.6031088Z         "resourceGroup": "gh-action-6ceaa2d-21105905291-1",
AzureDB IT	UNKNOWN STEP	2026-01-18T04:23:58.6031676Z         "sourceAddressPrefix": "*",
AzureDB IT	UNKNOWN STEP	2026-01-18T04:23:58.6032161Z         "sourceAddressPrefixes": [],
AzureDB IT	UNKNOWN STEP	2026-01-18T04:23:58.6032650Z         "sourcePortRange": "*",
AzureDB IT	UNKNOWN STEP	2026-01-18T04:23:58.6033098Z         "sourcePortRanges": [],
AzureDB IT	UNKNOWN STEP	2026-01-18T04:23:58.6033720Z         "type": "Microsoft.Network/networkSecurityGroups/defaultSecurityRules"
AzureDB IT	UNKNOWN STEP	2026-01-18T04:23:58.6034564Z       ***
AzureDB IT	UNKNOWN STEP	2026-01-18T04:23:58.6035009Z     ],
AzureDB IT	UNKNOWN STEP	2026-01-18T04:23:58.6035424Z     "etag": "W/\"8334047c-0cfd-45f7-ba55-94d8a12290e6\"",
AzureDB IT	UNKNOWN STEP	2026-01-18T04:23:58.6036936Z     "id": "/subscriptions/***/resourceGroups/gh-action-6ceaa2d-21105905291-1/providers/Microsoft.Network/networkSecurityGroups/gh-action-6ceaa2d-21105905291-1-nsg",
AzureDB IT	UNKNOWN STEP	2026-01-18T04:23:58.6038116Z     "location": "westeurope",
AzureDB IT	UNKNOWN STEP	2026-01-18T04:23:58.6038604Z     "name": "gh-action-6ceaa2d-21105905291-1-nsg",
AzureDB IT	UNKNOWN STEP	2026-01-18T04:23:58.6039173Z     "provisioningState": "Succeeded",
AzureDB IT	UNKNOWN STEP	2026-01-18T04:23:58.6039740Z     "resourceGroup": "gh-action-6ceaa2d-21105905291-1",
AzureDB IT	UNKNOWN STEP	2026-01-18T04:23:58.6040404Z     "resourceGuid": "2de4d513-228e-4dd3-bc61-670ad7a74af1",
AzureDB IT	UNKNOWN STEP	2026-01-18T04:23:58.6042835Z     "securityRules": [],
AzureDB IT	UNKNOWN STEP	2026-01-18T04:23:58.6043359Z     "type": "Microsoft.Network/networkSecurityGroups"
AzureDB IT	UNKNOWN STEP	2026-01-18T04:23:58.6044115Z   ***
AzureDB IT	UNKNOWN STEP	2026-01-18T04:23:58.6044449Z ***
AzureDB IT	UNKNOWN STEP	2026-01-18T04:24:01.4210272Z ***
AzureDB IT	UNKNOWN STEP	2026-01-18T04:24:01.4210799Z   "access": "Allow",
AzureDB IT	UNKNOWN STEP	2026-01-18T04:24:01.4211390Z   "destinationAddressPrefix": "*",
AzureDB IT	UNKNOWN STEP	2026-01-18T04:24:01.4212088Z   "destinationAddressPrefixes": [],
AzureDB IT	UNKNOWN STEP	2026-01-18T04:24:01.4212721Z   "destinationPortRange": "22",
AzureDB IT	UNKNOWN STEP	2026-01-18T04:24:01.4213343Z   "destinationPortRanges": [],
AzureDB IT	UNKNOWN STEP	2026-01-18T04:24:01.4214098Z   "direction": "Inbound",
AzureDB IT	UNKNOWN STEP	2026-01-18T04:24:01.4214753Z   "etag": "W/\"c42b0418-8e5a-4b5b-a028-3ee14417c154\"",
AzureDB IT	UNKNOWN STEP	2026-01-18T04:24:01.4216930Z   "id": "/subscriptions/***/resourceGroups/gh-action-6ceaa2d-21105905291-1/providers/Microsoft.Network/networkSecurityGroups/gh-action-6ceaa2d-21105905291-1-nsg/securityRules/Allow-SSH",
AzureDB IT	UNKNOWN STEP	2026-01-18T04:24:01.4218789Z   "name": "Allow-SSH",
AzureDB IT	UNKNOWN STEP	2026-01-18T04:24:01.4219360Z   "priority": 1000,
AzureDB IT	UNKNOWN STEP	2026-01-18T04:24:01.4219851Z   "protocol": "Tcp",
AzureDB IT	UNKNOWN STEP	2026-01-18T04:24:01.4220352Z   "provisioningState": "Succeeded",
AzureDB IT	UNKNOWN STEP	2026-01-18T04:24:01.4221356Z   "resourceGroup": "gh-action-6ceaa2d-21105905291-1",
AzureDB IT	UNKNOWN STEP	2026-01-18T04:24:01.4222066Z   "sourceAddressPrefix": "*",
AzureDB IT	UNKNOWN STEP	2026-01-18T04:24:01.4222619Z   "sourceAddressPrefixes": [],
AzureDB IT	UNKNOWN STEP	2026-01-18T04:24:01.4223165Z   "sourcePortRange": "*",
AzureDB IT	UNKNOWN STEP	2026-01-18T04:24:01.4223667Z   "sourcePortRanges": [],
AzureDB IT	UNKNOWN STEP	2026-01-18T04:24:01.4224532Z   "type": "Microsoft.Network/networkSecurityGroups/securityRules"
AzureDB IT	UNKNOWN STEP	2026-01-18T04:24:01.4225283Z ***
AzureDB IT	UNKNOWN STEP	2026-01-18T04:24:03.0344837Z WARNING: [Coming breaking change] In the coming release, the default behavior will be changed as follows when sku is Standard and zone is not provided: For zonal regions, you will get a zone-redundant IP indicated by zones:["1","2","3"]; For non-zonal regions, you will get a non zone-redundant IP indicated by zones:null.
AzureDB IT	UNKNOWN STEP	2026-01-18T04:24:04.4612556Z ***
AzureDB IT	UNKNOWN STEP	2026-01-18T04:24:04.4613074Z   "publicIp": ***
AzureDB IT	UNKNOWN STEP	2026-01-18T04:24:04.4613596Z     "ddosSettings": ***
AzureDB IT	UNKNOWN STEP	2026-01-18T04:24:04.4614365Z       "protectionMode": "VirtualNetworkInherited"
AzureDB IT	UNKNOWN STEP	2026-01-18T04:24:04.4615356Z     ***,
AzureDB IT	UNKNOWN STEP	2026-01-18T04:24:04.4615895Z     "etag": "W/\"61348bfc-5935-4e8b-a11d-ab04c1610776\"",
AzureDB IT	UNKNOWN STEP	2026-01-18T04:24:04.4617761Z     "id": "/subscriptions/***/resourceGroups/gh-action-6ceaa2d-21105905291-1/providers/Microsoft.Network/publicIPAddresses/gh-action-6ceaa2d-21105905291-1-pip",
AzureDB IT	UNKNOWN STEP	2026-01-18T04:24:04.4619353Z     "idleTimeoutInMinutes": 4,
AzureDB IT	UNKNOWN STEP	2026-01-18T04:24:04.4619930Z     "ipAddress": "74.234.212.45",
AzureDB IT	UNKNOWN STEP	2026-01-18T04:24:04.4620542Z     "ipTags": [],
AzureDB IT	UNKNOWN STEP	2026-01-18T04:24:04.4621088Z     "location": "westeurope",
AzureDB IT	UNKNOWN STEP	2026-01-18T04:24:04.4621739Z     "name": "gh-action-6ceaa2d-21105905291-1-pip",
AzureDB IT	UNKNOWN STEP	2026-01-18T04:24:04.4622465Z     "provisioningState": "Succeeded",
AzureDB IT	UNKNOWN STEP	2026-01-18T04:24:04.4623181Z     "publicIPAddressVersion": "IPv4",
AzureDB IT	UNKNOWN STEP	2026-01-18T04:24:04.4624324Z     "publicIPAllocationMethod": "Static",
AzureDB IT	UNKNOWN STEP	2026-01-18T04:24:04.4625207Z     "resourceGroup": "gh-action-6ceaa2d-21105905291-1",
AzureDB IT	UNKNOWN STEP	2026-01-18T04:24:04.4626129Z     "resourceGuid": "026ceaa4-601b-4d6b-8268-28c42fd04378",
AzureDB IT	UNKNOWN STEP	2026-01-18T04:24:04.4626977Z     "sku": ***
AzureDB IT	UNKNOWN STEP	2026-01-18T04:24:04.4627497Z       "name": "Standard",
AzureDB IT	UNKNOWN STEP	2026-01-18T04:24:04.4627984Z       "tier": "Regional"
AzureDB IT	UNKNOWN STEP	2026-01-18T04:24:04.4628454Z     ***,
AzureDB IT	UNKNOWN STEP	2026-01-18T04:24:04.4628950Z     "type": "Microsoft.Network/publicIPAddresses"
AzureDB IT	UNKNOWN STEP	2026-01-18T04:24:04.4629571Z   ***
AzureDB IT	UNKNOWN STEP	2026-01-18T04:24:04.4629949Z ***
AzureDB IT	UNKNOWN STEP	2026-01-18T04:24:21.3613761Z ***
AzureDB IT	UNKNOWN STEP	2026-01-18T04:24:21.3615666Z   "newVNet": ***
AzureDB IT	UNKNOWN STEP	2026-01-18T04:24:21.3616107Z     "addressSpace": ***
AzureDB IT	UNKNOWN STEP	2026-01-18T04:24:21.3616747Z       "addressPrefixes": [
AzureDB IT	UNKNOWN STEP	2026-01-18T04:24:21.3617167Z         "10.0.0.0/16"
AzureDB IT	UNKNOWN STEP	2026-01-18T04:24:21.3617552Z       ]
AzureDB IT	UNKNOWN STEP	2026-01-18T04:24:21.3617900Z     ***,
AzureDB IT	UNKNOWN STEP	2026-01-18T04:24:21.3618280Z     "enableDdosProtection": false,
AzureDB IT	UNKNOWN STEP	2026-01-18T04:24:21.3618848Z     "etag": "W/\"c5318685-0806-4706-8f6d-67430a4d6250\"",
AzureDB IT	UNKNOWN STEP	2026-01-18T04:24:21.3620363Z     "id": "/subscriptions/***/resourceGroups/gh-action-6ceaa2d-21105905291-1/providers/Microsoft.Network/virtualNetworks/gh-action-6ceaa2d-21105905291-1-vnet",
AzureDB IT	UNKNOWN STEP	2026-01-18T04:24:21.3621568Z     "location": "westeurope",
AzureDB IT	UNKNOWN STEP	2026-01-18T04:24:21.3622122Z     "name": "gh-action-6ceaa2d-21105905291-1-vnet",
AzureDB IT	UNKNOWN STEP	2026-01-18T04:24:21.3622713Z     "privateEndpointVNetPolicies": "Disabled",
AzureDB IT	UNKNOWN STEP	2026-01-18T04:24:21.3623277Z     "provisioningState": "Succeeded",
AzureDB IT	UNKNOWN STEP	2026-01-18T04:24:21.3624029Z     "resourceGroup": "gh-action-6ceaa2d-21105905291-1",
AzureDB IT	UNKNOWN STEP	2026-01-18T04:24:21.3624697Z     "resourceGuid": "9e36b7e7-28b6-493c-8f00-48a1cf8f02e0",
AzureDB IT	UNKNOWN STEP	2026-01-18T04:24:21.3625258Z     "subnets": [],
AzureDB IT	UNKNOWN STEP	2026-01-18T04:24:21.3625687Z     "type": "Microsoft.Network/virtualNetworks",
AzureDB IT	UNKNOWN STEP	2026-01-18T04:24:21.3626249Z     "virtualNetworkPeerings": []
AzureDB IT	UNKNOWN STEP	2026-01-18T04:24:21.3626710Z   ***
AzureDB IT	UNKNOWN STEP	2026-01-18T04:24:21.3627030Z ***
AzureDB IT	UNKNOWN STEP	2026-01-18T04:24:34.2200525Z ***
AzureDB IT	UNKNOWN STEP	2026-01-18T04:24:34.2201095Z   "addressPrefix": "10.0.0.0/24",
AzureDB IT	UNKNOWN STEP	2026-01-18T04:24:34.2201727Z   "delegations": [],
AzureDB IT	UNKNOWN STEP	2026-01-18T04:24:34.2202311Z   "etag": "W/\"f8bb5b53-a7d4-42f2-9039-ef051c0f4475\"",
AzureDB IT	UNKNOWN STEP	2026-01-18T04:24:34.2205034Z   "id": "/subscriptions/***/resourceGroups/gh-action-6ceaa2d-21105905291-1/providers/Microsoft.Network/virtualNetworks/gh-action-6ceaa2d-21105905291-1-vnet/subnets/gh-action-6ceaa2d-21105905291-1-subnet",
AzureDB IT	UNKNOWN STEP	2026-01-18T04:24:34.2207137Z   "name": "gh-action-6ceaa2d-21105905291-1-subnet",
AzureDB IT	UNKNOWN STEP	2026-01-18T04:24:34.2207956Z   "privateEndpointNetworkPolicies": "Disabled",
AzureDB IT	UNKNOWN STEP	2026-01-18T04:24:34.2208845Z   "privateLinkServiceNetworkPolicies": "Enabled",
AzureDB IT	UNKNOWN STEP	2026-01-18T04:24:34.2209598Z   "provisioningState": "Succeeded",
AzureDB IT	UNKNOWN STEP	2026-01-18T04:24:34.2210346Z   "resourceGroup": "gh-action-6ceaa2d-21105905291-1",
AzureDB IT	UNKNOWN STEP	2026-01-18T04:24:34.2211141Z   "type": "Microsoft.Network/virtualNetworks/subnets"
AzureDB IT	UNKNOWN STEP	2026-01-18T04:24:34.2211773Z ***
AzureDB IT	UNKNOWN STEP	2026-01-18T04:24:38.6300850Z ***
AzureDB IT	UNKNOWN STEP	2026-01-18T04:24:38.6301338Z   "NewNIC": ***
AzureDB IT	UNKNOWN STEP	2026-01-18T04:24:38.6301775Z     "auxiliaryMode": "None",
AzureDB IT	UNKNOWN STEP	2026-01-18T04:24:38.6302282Z     "auxiliarySku": "None",
AzureDB IT	UNKNOWN STEP	2026-01-18T04:24:38.6302764Z     "disableTcpStateTracking": false,
AzureDB IT	UNKNOWN STEP	2026-01-18T04:24:38.6303277Z     "dnsSettings": ***
AzureDB IT	UNKNOWN STEP	2026-01-18T04:24:38.6303731Z       "appliedDnsServers": [],
AzureDB IT	UNKNOWN STEP	2026-01-18T04:24:38.6304521Z       "dnsServers": [],
AzureDB IT	UNKNOWN STEP	2026-01-18T04:24:38.6305607Z       "internalDomainNameSuffix": "241tnhvwfa4etdyajcq25dyc2a.ax.internal.cloudapp.net"
AzureDB IT	UNKNOWN STEP	2026-01-18T04:24:38.6306429Z     ***,
AzureDB IT	UNKNOWN STEP	2026-01-18T04:24:38.6306812Z     "enableAcceleratedNetworking": false,
AzureDB IT	UNKNOWN STEP	2026-01-18T04:24:38.6307350Z     "enableIPForwarding": false,
AzureDB IT	UNKNOWN STEP	2026-01-18T04:24:38.6307910Z     "etag": "W/\"efad61e4-9e4c-4ca9-b842-a0235f6fe239\"",
AzureDB IT	UNKNOWN STEP	2026-01-18T04:24:38.6308483Z     "hostedWorkloads": [],
AzureDB IT	UNKNOWN STEP	2026-01-18T04:24:38.6309901Z     "id": "/subscriptions/***/resourceGroups/gh-action-6ceaa2d-21105905291-1/providers/Microsoft.Network/networkInterfaces/gh-action-6ceaa2d-21105905291-1-nic",
AzureDB IT	UNKNOWN STEP	2026-01-18T04:24:38.6311097Z     "ipConfigurations": [
AzureDB IT	UNKNOWN STEP	2026-01-18T04:24:38.6311521Z       ***
AzureDB IT	UNKNOWN STEP	2026-01-18T04:24:38.6311970Z         "etag": "W/\"efad61e4-9e4c-4ca9-b842-a0235f6fe239\"",
AzureDB IT	UNKNOWN STEP	2026-01-18T04:24:38.6313663Z         "id": "/subscriptions/***/resourceGroups/gh-action-6ceaa2d-21105905291-1/providers/Microsoft.Network/networkInterfaces/gh-action-6ceaa2d-21105905291-1-nic/ipConfigurations/ipconfig1",
AzureDB IT	UNKNOWN STEP	2026-01-18T04:24:38.6315220Z         "name": "ipconfig1",
AzureDB IT	UNKNOWN STEP	2026-01-18T04:24:38.6315648Z         "primary": true,
AzureDB IT	UNKNOWN STEP	2026-01-18T04:24:38.6316077Z         "privateIPAddress": "10.0.0.4",
AzureDB IT	UNKNOWN STEP	2026-01-18T04:24:38.6316602Z         "privateIPAddressVersion": "IPv4",
AzureDB IT	UNKNOWN STEP	2026-01-18T04:24:38.6317144Z         "privateIPAllocationMethod": "Dynamic",
AzureDB IT	UNKNOWN STEP	2026-01-18T04:24:38.6317687Z         "provisioningState": "Succeeded",
AzureDB IT	UNKNOWN STEP	2026-01-18T04:24:38.6318201Z         "publicIPAddress": ***
AzureDB IT	UNKNOWN STEP	2026-01-18T04:24:38.6319571Z           "id": "/subscriptions/***/resourceGroups/gh-action-6ceaa2d-21105905291-1/providers/Microsoft.Network/publicIPAddresses/gh-action-6ceaa2d-21105905291-1-pip",
AzureDB IT	UNKNOWN STEP	2026-01-18T04:24:38.6320819Z           "resourceGroup": "gh-action-6ceaa2d-21105905291-1"
AzureDB IT	UNKNOWN STEP	2026-01-18T04:24:38.6321410Z         ***,
AzureDB IT	UNKNOWN STEP	2026-01-18T04:24:38.6321865Z         "resourceGroup": "gh-action-6ceaa2d-21105905291-1",
AzureDB IT	UNKNOWN STEP	2026-01-18T04:24:38.6322434Z         "subnet": ***
AzureDB IT	UNKNOWN STEP	2026-01-18T04:24:38.6324260Z           "id": "/subscriptions/***/resourceGroups/gh-action-6ceaa2d-21105905291-1/providers/Microsoft.Network/virtualNetworks/gh-action-6ceaa2d-21105905291-1-vnet/subnets/gh-action-6ceaa2d-21105905291-1-subnet",
AzureDB IT	UNKNOWN STEP	2026-01-18T04:24:38.6325859Z           "resourceGroup": "gh-action-6ceaa2d-21105905291-1"
AzureDB IT	UNKNOWN STEP	2026-01-18T04:24:38.6326415Z         ***,
AzureDB IT	UNKNOWN STEP	2026-01-18T04:24:38.6326934Z         "type": "Microsoft.Network/networkInterfaces/ipConfigurations"
AzureDB IT	UNKNOWN STEP	2026-01-18T04:24:38.6327553Z       ***
AzureDB IT	UNKNOWN STEP	2026-01-18T04:24:38.6327868Z     ],
AzureDB IT	UNKNOWN STEP	2026-01-18T04:24:38.6328213Z     "location": "westeurope",
AzureDB IT	UNKNOWN STEP	2026-01-18T04:24:38.6328706Z     "name": "gh-action-6ceaa2d-21105905291-1-nic",
AzureDB IT	UNKNOWN STEP	2026-01-18T04:24:38.6329257Z     "networkSecurityGroup": ***
AzureDB IT	UNKNOWN STEP	2026-01-18T04:24:38.6330703Z       "id": "/subscriptions/***/resourceGroups/gh-action-6ceaa2d-21105905291-1/providers/Microsoft.Network/networkSecurityGroups/gh-action-6ceaa2d-21105905291-1-nsg",
AzureDB IT	UNKNOWN STEP	2026-01-18T04:24:38.6332007Z       "resourceGroup": "gh-action-6ceaa2d-21105905291-1"
AzureDB IT	UNKNOWN STEP	2026-01-18T04:24:38.6332553Z     ***,
AzureDB IT	UNKNOWN STEP	2026-01-18T04:24:38.6332905Z     "nicType": "Standard",
AzureDB IT	UNKNOWN STEP	2026-01-18T04:24:38.6333406Z     "provisioningState": "Succeeded",
AzureDB IT	UNKNOWN STEP	2026-01-18T04:24:38.6334337Z     "resourceGroup": "gh-action-6ceaa2d-21105905291-1",
AzureDB IT	UNKNOWN STEP	2026-01-18T04:24:38.6335040Z     "resourceGuid": "2517ac3d-e30e-4ee3-a41d-0e453f6f76ba",
AzureDB IT	UNKNOWN STEP	2026-01-18T04:24:38.6335653Z     "tapConfigurations": [],
AzureDB IT	UNKNOWN STEP	2026-01-18T04:24:38.6336162Z     "type": "Microsoft.Network/networkInterfaces",
AzureDB IT	UNKNOWN STEP	2026-01-18T04:24:38.6336711Z     "vnetEncryptionSupported": false
AzureDB IT	UNKNOWN STEP	2026-01-18T04:24:38.6337189Z   ***
AzureDB IT	UNKNOWN STEP	2026-01-18T04:24:38.6337528Z ***
AzureDB IT	UNKNOWN STEP	2026-01-18T04:24:40.0131328Z WARNING: The default value of '--size' will be changed to 'Standard_D2s_v5' from 'Standard_DS1_v2' in a future release.
AzureDB IT	UNKNOWN STEP	2026-01-18T04:24:40.5426171Z Selecting "uksouth" may reduce your costs.â¯The region you've selected may cost more for the same services. You can disable this message in the future with the command "az config set core.display_region_identified=false". Learn more at https://go.microsoft.com/fwlink/?linkid=222571 
AzureDB IT	UNKNOWN STEP	2026-01-18T04:24:40.5427618Z 
AzureDB IT	UNKNOWN STEP	2026-01-18T04:25:25.4799208Z Connection to 74.234.212.45 22 port [tcp/ssh] succeeded!
AzureDB IT	UNKNOWN STEP	2026-01-18T04:25:25.4815726Z VM provisioned. Inventory: gh-action-6ceaa2d-21105905291-1_westeurope_inventory.yml
AzureDB IT	UNKNOWN STEP	2026-01-18T04:25:28.0631689Z ansible-playbook [core 2.20.1]
AzureDB IT	UNKNOWN STEP	2026-01-18T04:25:28.0632746Z   config file = /home/runner/work/keycloak/keycloak/.github/scripts/ansible/ansible.cfg
AzureDB IT	UNKNOWN STEP	2026-01-18T04:25:28.0633822Z   configured module search path = ['/home/runner/.ansible/plugins/modules', '/usr/share/ansible/plugins/modules']
AzureDB IT	UNKNOWN STEP	2026-01-18T04:25:28.0635176Z   ansible python module location = /opt/pipx/venvs/ansible-core/lib/python3.12/site-packages/ansible
AzureDB IT	UNKNOWN STEP	2026-01-18T04:25:28.0636214Z   ansible collection location = /home/runner/.ansible/collections:/usr/share/ansible/collections
AzureDB IT	UNKNOWN STEP	2026-01-18T04:25:28.0637037Z   executable location = /opt/pipx_bin/ansible-playbook
AzureDB IT	UNKNOWN STEP	2026-01-18T04:25:28.0637838Z   python version = 3.12.3 (main, Nov  6 2025, 13:44:16) [GCC 13.3.0] (/opt/pipx/venvs/ansible-core/bin/python)
AzureDB IT	UNKNOWN STEP	2026-01-18T04:25:28.0638554Z   jinja version = 3.1.6
AzureDB IT	UNKNOWN STEP	2026-01-18T04:25:28.0639016Z   pyyaml version = 6.0.3 (with libyaml v0.2.5)
AzureDB IT	UNKNOWN STEP	2026-01-18T04:25:28.0639876Z Using /home/runner/work/keycloak/keycloak/.github/scripts/ansible/ansible.cfg as config file
AzureDB IT	UNKNOWN STEP	2026-01-18T04:25:28.0640637Z setting up inventory plugins
AzureDB IT	UNKNOWN STEP	2026-01-18T04:25:28.0641098Z Loading collection ansible.builtin from 
AzureDB IT	UNKNOWN STEP	2026-01-18T04:25:28.0642418Z host_list declined parsing /home/runner/work/keycloak/keycloak/.github/scripts/ansible/gh-action-6ceaa2d-21105905291-1_westeurope_inventory.yml as it did not pass its verify_file() method
AzureDB IT	UNKNOWN STEP	2026-01-18T04:25:28.0644715Z script declined parsing /home/runner/work/keycloak/keycloak/.github/scripts/ansible/gh-action-6ceaa2d-21105905291-1_westeurope_inventory.yml as it did not pass its verify_file() method
AzureDB IT	UNKNOWN STEP	2026-01-18T04:25:28.0646632Z Parsed /home/runner/work/keycloak/keycloak/.github/scripts/ansible/gh-action-6ceaa2d-21105905291-1_westeurope_inventory.yml inventory source with yaml plugin
AzureDB IT	UNKNOWN STEP	2026-01-18T04:25:28.0648344Z Loading callback plugin default of type stdout, v2.0 from /opt/pipx/venvs/ansible-core/lib/python3.12/site-packages/ansible/plugins/callback/default.py
AzureDB IT	UNKNOWN STEP	2026-01-18T04:25:28.0649537Z Skipping callback 'minimal', as we already have a stdout callback.
AzureDB IT	UNKNOWN STEP	2026-01-18T04:25:28.0650276Z Skipping callback 'oneline', as we already have a stdout callback.
AzureDB IT	UNKNOWN STEP	2026-01-18T04:25:28.0650609Z 
AzureDB IT	UNKNOWN STEP	2026-01-18T04:25:28.0650829Z PLAYBOOK: keycloak.yml *********************************************************
AzureDB IT	UNKNOWN STEP	2026-01-18T04:25:28.0651271Z Positional arguments: keycloak.yml
AzureDB IT	UNKNOWN STEP	2026-01-18T04:25:28.0651586Z verbosity: 4
AzureDB IT	UNKNOWN STEP	2026-01-18T04:25:28.0651834Z connection: ssh
AzureDB IT	UNKNOWN STEP	2026-01-18T04:25:28.0652090Z become_method: sudo
AzureDB IT	UNKNOWN STEP	2026-01-18T04:25:28.0652346Z tags: ('all',)
AzureDB IT	UNKNOWN STEP	2026-01-18T04:25:28.0652963Z inventory: ('/home/runner/work/keycloak/keycloak/.github/scripts/ansible/gh-action-6ceaa2d-21105905291-1_westeurope_inventory.yml',)
AzureDB IT	UNKNOWN STEP	2026-01-18T04:25:28.0653764Z extra_vars: ('keycloak_src="/tmp/keycloak.zip"', 'maven_archive="m2.tar.gz"')
AzureDB IT	UNKNOWN STEP	2026-01-18T04:25:28.0654366Z forks: 50
AzureDB IT	UNKNOWN STEP	2026-01-18T04:25:28.0654616Z 1 plays in keycloak.yml
AzureDB IT	UNKNOWN STEP	2026-01-18T04:25:28.0654792Z 
AzureDB IT	UNKNOWN STEP	2026-01-18T04:25:28.0655274Z PLAY [keycloak] ****************************************************************
AzureDB IT	UNKNOWN STEP	2026-01-18T04:25:28.0655583Z 
AzureDB IT	UNKNOWN STEP	2026-01-18T04:25:28.0655790Z TASK [Gathering Facts] *********************************************************
AzureDB IT	UNKNOWN STEP	2026-01-18T04:25:28.0656375Z task path: /home/runner/work/keycloak/keycloak/.github/scripts/ansible/keycloak.yml:1
AzureDB IT	UNKNOWN STEP	2026-01-18T04:25:37.6888303Z <74.234.212.45> ESTABLISH SSH CONNECTION FOR USER: azureuser
AzureDB IT	UNKNOWN STEP	2026-01-18T04:25:37.6891553Z <74.234.212.45> SSH: EXEC ssh -o ControlMaster=auto -o ControlPersist=60s -o ForwardAgent=yes -o StrictHostKeyChecking=no -o IdentitiesOnly=yes -o StrictHostKeyChecking=no -o 'IdentityFile="gh-action-6ceaa2d-21105905291-1_westeurope"' -o KbdInteractiveAuthentication=no -o PreferredAuthentications=gssapi-with-mic,gssapi-keyex,hostbased,publickey -o PasswordAuthentication=no -o 'User="azureuser"' -o ConnectTimeout=10 -o 'ControlPath="/home/runner/.ansible/cp/8831fa8ad3"' -o NumberOfPasswordPrompts=1 74.234.212.45 '/bin/sh -c '"'"'echo ~azureuser && sleep 0'"'"''
AzureDB IT	UNKNOWN STEP	2026-01-18T04:25:37.6895211Z <74.234.212.45> (0, b'/home/azureuser\n', b"Warning: Permanently added '74.234.212.45' (ED25519) to the list of known hosts.\r\n")
AzureDB IT	UNKNOWN STEP	2026-01-18T04:25:37.6896027Z <74.234.212.45> ESTABLISH SSH CONNECTION FOR USER: azureuser
AzureDB IT	UNKNOWN STEP	2026-01-18T04:25:37.6900180Z <74.234.212.45> SSH: EXEC ssh -o ControlMaster=auto -o ControlPersist=60s -o ForwardAgent=yes -o StrictHostKeyChecking=no -o IdentitiesOnly=yes -o StrictHostKeyChecking=no -o 'IdentityFile="gh-action-6ceaa2d-21105905291-1_westeurope"' -o KbdInteractiveAuthentication=no -o PreferredAuthentications=gssapi-with-mic,gssapi-keyex,hostbased,publickey -o PasswordAuthentication=no -o 'User="azureuser"' -o ConnectTimeout=10 -o 'ControlPath="/home/runner/.ansible/cp/8831fa8ad3"' -o NumberOfPasswordPrompts=1 74.234.212.45 '/bin/sh -c '"'"'( umask 77 && mkdir -p "` echo /home/azureuser/.ansible/tmp `"&& mkdir "` echo /home/azureuser/.ansible/tmp/ansible-tmp-1768710332.4424531-3892-13120810947360 `" && echo ansible-tmp-1768710332.4424531-3892-13120810947360="` echo /home/azureuser/.ansible/tmp/ansible-tmp-1768710332.4424531-3892-13120810947360 `" ) && sleep 0'"'"''
AzureDB IT	UNKNOWN STEP	2026-01-18T04:25:37.6904618Z <74.234.212.45> (0, b'ansible-tmp-1768710332.4424531-3892-13120810947360=/home/azureuser/.ansible/tmp/ansible-tmp-1768710332.4424531-3892-13120810947360\n', b'')
AzureDB IT	UNKNOWN STEP	2026-01-18T04:25:37.6905411Z <keycloak> Attempting python interpreter discovery.
AzureDB IT	UNKNOWN STEP	2026-01-18T04:25:37.6906092Z <74.234.212.45> ESTABLISH SSH CONNECTION FOR USER: azureuser
AzureDB IT	UNKNOWN STEP	2026-01-18T04:25:37.6909891Z <74.234.212.45> SSH: EXEC ssh -o ControlMaster=auto -o ControlPersist=60s -o ForwardAgent=yes -o StrictHostKeyChecking=no -o IdentitiesOnly=yes -o StrictHostKeyChecking=no -o 'IdentityFile="gh-action-6ceaa2d-21105905291-1_westeurope"' -o KbdInteractiveAuthentication=no -o PreferredAuthentications=gssapi-with-mic,gssapi-keyex,hostbased,publickey -o PasswordAuthentication=no -o 'User="azureuser"' -o ConnectTimeout=10 -o 'ControlPath="/home/runner/.ansible/cp/8831fa8ad3"' -o NumberOfPasswordPrompts=1 74.234.212.45 '/bin/sh -c '"'"'echo FOUND; command -v '"'"'"'"'"'"'"'"'python3.14'"'"'"'"'"'"'"'"'; command -v '"'"'"'"'"'"'"'"'python3.13'"'"'"'"'"'"'"'"'; command -v '"'"'"'"'"'"'"'"'python3.12'"'"'"'"'"'"'"'"'; command -v '"'"'"'"'"'"'"'"'python3.11'"'"'"'"'"'"'"'"'; command -v '"'"'"'"'"'"'"'"'python3.10'"'"'"'"'"'"'"'"'; command -v '"'"'"'"'"'"'"'"'python3.9'"'"'"'"'"'"'"'"'; command -v '"'"'"'"'"'"'"'"'/usr/bin/python3'"'"'"'"'"'"'"'"'; command -v '"'"'"'"'"'"'"'"'python3'"'"'"'"'"'"'"'"'; echo ENDFOUND && sleep 0'"'"''
AzureDB IT	UNKNOWN STEP	2026-01-18T04:25:37.6913679Z <74.234.212.45> (0, b'FOUND\n/usr/bin/python3.12\n/usr/bin/python3\n/usr/bin/python3\nENDFOUND\n', b'')
AzureDB IT	UNKNOWN STEP	2026-01-18T04:25:37.6914738Z Using module file /opt/pipx/venvs/ansible-core/lib/python3.12/site-packages/ansible/modules/setup.py
AzureDB IT	UNKNOWN STEP	2026-01-18T04:25:37.6915800Z <74.234.212.45> PUT /home/runner/.ansible/tmp/ansible-local-3885wv_9r1l5/tmp8n_4q98n TO /home/azureuser/.ansible/tmp/ansible-tmp-1768710332.4424531-3892-13120810947360/AnsiballZ_setup.py
AzureDB IT	UNKNOWN STEP	2026-01-18T04:25:37.6918564Z <74.234.212.45> SSH: EXEC sftp -b - -o ControlMaster=auto -o ControlPersist=60s -o ForwardAgent=yes -o StrictHostKeyChecking=no -o IdentitiesOnly=yes -o StrictHostKeyChecking=no -o 'IdentityFile="gh-action-6ceaa2d-21105905291-1_westeurope"' -o KbdInteractiveAuthentication=no -o PreferredAuthentications=gssapi-with-mic,gssapi-keyex,hostbased,publickey -o PasswordAuthentication=no -o 'User="azureuser"' -o ConnectTimeout=10 -o 'ControlPath="/home/runner/.ansible/cp/8831fa8ad3"' -o NumberOfPasswordPrompts=1 '[74.234.212.45]'
AzureDB IT	UNKNOWN STEP	2026-01-18T04:25:37.6921197Z <74.234.212.45> (0, b'sftp> put /home/runner/.ansible/tmp/ansible-local-3885wv_9r1l5/tmp8n_4q98n /home/azureuser/.ansible/tmp/ansible-tmp-1768710332.4424531-3892-13120810947360/AnsiballZ_setup.py\n', b'')
AzureDB IT	UNKNOWN STEP	2026-01-18T04:25:37.6922122Z <74.234.212.45> ESTABLISH SSH CONNECTION FOR USER: azureuser
AzureDB IT	UNKNOWN STEP	2026-01-18T04:25:37.6925433Z <74.234.212.45> SSH: EXEC ssh -o ControlMaster=auto -o ControlPersist=60s -o ForwardAgent=yes -o StrictHostKeyChecking=no -o IdentitiesOnly=yes -o StrictHostKeyChecking=no -o 'IdentityFile="gh-action-6ceaa2d-21105905291-1_westeurope"' -o KbdInteractiveAuthentication=no -o PreferredAuthentications=gssapi-with-mic,gssapi-keyex,hostbased,publickey -o PasswordAuthentication=no -o 'User="azureuser"' -o ConnectTimeout=10 -o 'ControlPath="/home/runner/.ansible/cp/8831fa8ad3"' -o NumberOfPasswordPrompts=1 74.234.212.45 '/bin/sh -c '"'"'chmod u+rwx /home/azureuser/.ansible/tmp/ansible-tmp-1768710332.4424531-3892-13120810947360/ /home/azureuser/.ansible/tmp/ansible-tmp-1768710332.4424531-3892-13120810947360/AnsiballZ_setup.py && sleep 0'"'"''
AzureDB IT	UNKNOWN STEP	2026-01-18T04:25:37.6928424Z <74.234.212.45> (0, b'', b'')
AzureDB IT	UNKNOWN STEP	2026-01-18T04:25:37.6928777Z <74.234.212.45> ESTABLISH SSH CONNECTION FOR USER: azureuser
AzureDB IT	UNKNOWN STEP	2026-01-18T04:25:37.6931376Z <74.234.212.45> SSH: EXEC ssh -o ControlMaster=auto -o ControlPersist=60s -o ForwardAgent=yes -o StrictHostKeyChecking=no -o IdentitiesOnly=yes -o StrictHostKeyChecking=no -o 'IdentityFile="gh-action-6ceaa2d-21105905291-1_westeurope"' -o KbdInteractiveAuthentication=no -o PreferredAuthentications=gssapi-with-mic,gssapi-keyex,hostbased,publickey -o PasswordAuthentication=no -o 'User="azureuser"' -o ConnectTimeout=10 -o 'ControlPath="/home/runner/.ansible/cp/8831fa8ad3"' -o NumberOfPasswordPrompts=1 -tt 74.234.212.45 '/bin/sh -c '"'"'/usr/bin/python3.12 /home/azureuser/.ansible/tmp/ansible-tmp-1768710332.4424531-3892-13120810947360/AnsiballZ_setup.py && sleep 0'"'"''
AzureDB IT	UNKNOWN STEP	2026-01-18T04:25:37.7018007Z <74.234.212.45> (0, b'\r\n***"ansible_facts": ***"ansible_system_capabilities_enforced": "True", "ansible_system_capabilities": [""], "ansible_distribution": "Ubuntu", "ansible_distribution_release": "noble", "ansible_distribution_version": "24.04", "ansible_distribution_major_version": "24", "ansible_distribution_file_path": "/etc/os-release", "ansible_distribution_file_variety": "Debian", "ansible_distribution_file_parsed": true, "ansible_os_family": "Debian", "ansible_system": "Linux", "ansible_kernel": "6.14.0-1017-azure", "ansible_kernel_version": "#17~24.04.1-Ubuntu SMP Mon Dec  1 20:10:50 UTC 2025", "ansible_machine": "x86_64", "ansible_python_version": "3.12.3", "ansible_fqdn": "gh-action-6ceaa2d-21105905291-1-vm.internal.cloudapp.net", "ansible_hostname": "gh-action-6ceaa2d-21105905291-1-vm", "ansible_nodename": "gh-action-6ceaa2d-21105905291-1-vm", "ansible_domain": "internal.cloudapp.net", "ansible_userspace_bits": "64", "ansible_architecture": "x86_64", "ansible_userspace_architecture": "x86_64", "ansible_machine_id": "3709dfcb7a644a5cba584f75c66a5611", "ansible_virtualization_role": "guest", "ansible_virtualization_type": "VirtualPC", "ansible_virtualization_tech_guest": ["VirtualPC"], "ansible_virtualization_tech_host": ["kvm"], "ansible_user_id": "azureuser", "ansible_user_uid": 1000, "ansible_user_gid": 1000, "ansible_user_gecos": "Ubuntu", "ansible_user_dir": "/home/azureuser", "ansible_user_shell": "/bin/bash", "ansible_real_user_id": 1000, "ansible_effective_user_id": 1000, "ansible_real_group_id": 1000, "ansible_effective_group_id": 1000, "ansible_ssh_host_key_rsa_public": "AAAAB3NzaC1yc2EAAAADAQABAAABgQDEWNX+8+pTGgJnUgzNhjBRvVz9iK+l0PSXgVByyaVFnAXAM+yWzxMgAVhhI8iZAdSxGGd739TOq1grQcnDIz67T8oUJkpLqRcPq5wG5eR8hI8GflPAuHnGJbGM8ANYJHRd51l8znl88RDm5ZQ0PFDVR249oPeHIExz6B1e9lfu9TARiW/Py++Emfs6zR9xodZHWvhBU7YaZU2nsALCBUJ4jIprgGjokfiH4QNxYbE0qnWsJTQk0lEDt7s8TME1f61xiMpEXx3fetooWz8hLXQxAcaErXOtsKPkGAjeDeTP3iNJTy4/4oN1TZwSqVpfcHews0WywRuFTYCmmS3zyjVL4472hW6/TuAyKCgfKl5RIiPNaspftnOKT78pDqXuPDkBmxk/OBeuwwckO4JZCrCLsGhFhtOvyl1rqOZEtvNWhab4U3k+4S38tFOb3qsLWFUbM1XGpLjjJZKUnrlWSuQQBKHlA0yZwmfbggtzzRXfTeEQVB2ogcT2ZGsdMlj1bCU=", "ansible_ssh_host_key_rsa_public_keytype": "ssh-rsa", "ansible_ssh_host_key_ecdsa_public": "AAAAE2VjZHNhLXNoYTItbmlzdHAyNTYAAAAIbmlzdHAyNTYAAABBBOTthqSePJJ17LokMNHDBMcV+P8M0H3DCkz8wl/dC28k1XRrRVMRyuvaev+3SYVtRn68Bg/Fk/wDmWhJH+niS1c=", "ansible_ssh_host_key_ecdsa_public_keytype": "ecdsa-sha2-nistp256", "ansible_ssh_host_key_ed25519_public": "AAAAC3NzaC1lZDI1NTE5AAAAIByAU91ZppMrJDLLUB+Nws6w8kELZxSMf4ZI/DjiyN1E", "ansible_ssh_host_key_ed25519_public_keytype": "ssh-ed25519", "ansible_is_chroot": false, "ansible_fibre_channel_wwn": [], "ansible_local": ***, "ansible_loadavg": ***"1m": 1.24755859375, "5m": 0.376953125, "15m": 0.12939453125***, "ansible_python": ***"version": ***"major": 3, "minor": 12, "micro": 3, "releaselevel": "final", "serial": 0***, "version_info": [3, 12, 3, "final", 0], "executable": "/usr/bin/python3.12", "has_sslcontext": true, "type": "cpython"***, "ansible_fips": false, "ansible_hostnqn": "nqn.2014-08.org.nvmexpress:uuid:19a89263-89d7-40ad-8654-8610e4194c90", "ansible_pkg_mgr": "apt", "ansible_dns": ***"nameservers": ["127.0.0.53"], "options": ***"edns0": true, "trust-ad": true***, "search": ["241tnhvwfa4etdyajcq25dyc2a.ax.internal.cloudapp.net"]***, "ansible_lsb": ***"id": "Ubuntu", "description": "Ubuntu 24.04.3 LTS", "release": "24.04", "codename": "noble", "major_release": "24"***, "ansible_iscsi_iqn": "", "ansible_env": ***"USER": "azureuser", "SSH_CLIENT": "172.184.213.224 48065 22", "XDG_SESSION_TYPE": "tty", "SHLVL": "0", "HOME": "/home/azureuser", "SSH_TTY": "/dev/pts/0", "DBUS_SESSION_BUS_ADDRESS": "unix:path=/run/user/1000/bus", "LOGNAME": "azureuser", "_": "/bin/sh", "XDG_SESSION_CLASS": "user", "XDG_SESSION_ID": "1", "PATH": "/usr/local/sbin:/usr/local/bin:/usr/sbin:/usr/bin:/sbin:/bin:/usr/games:/usr/local/games:/snap/bin", "XDG_RUNTIME_DIR": "/run/user/1000", "LANG": "C.UTF-8", "SSH_AUTH_SOCK": "/tmp/ssh-kfE1UwhZZr/agent.1736", "SHELL": "/bin/bash", "PWD": "/home/azureuser", "SSH_CONNECTION": "172.184.213.224 48065 10.0.0.4 22"***, "ansible_cmdline": ***"BOOT_IMAGE": "/vmlinuz-6.14.0-1017-azure", "root": "PARTUUID=0f3807c6-3e18-4153-9eb7-2dee19b078c8", "ro": true, "console": "ttyS0", "earlyprintk": "ttyS0", "nvme_core.io_timeout": "240", "panic": "-1"***, "ansible_proc_cmdline": ***"BOOT_IMAGE": "/vmlinuz-6.14.0-1017-azure", "root": "PARTUUID=0f3807c6-3e18-4153-9eb7-2dee19b078c8", "ro": true, "console": ["tty1", "ttyS0"], "earlyprintk": "ttyS0", "nvme_core.io_timeout": "240", "panic": "-1"***, "ansible_date_time": ***"year": "2026", "month": "01", "weekday": "Sunday", "weekday_number": "0", "weeknumber": "02", "day": "18", "hour": "04", "minute": "25", "second": "36", "epoch": "1768710336", "epoch_int": "1768710336", "date": "2026-01-18", "time": "04:25:36", "iso8601_micro": "2026-01-18T04:25:36.962918Z", "iso8601": "2026-01-18T04:25:36Z", "iso8601_basic": "20260118T042536962918", "iso8601_basic_short": "20260118T042536", "tz": "UTC", "tz_dst": "UTC", "tz_offset": "+0000"***, "ansible_selinux_python_present": true, "ansible_selinux": ***"status": "disabled"***, "ansible_systemd": ***"features": "+PAM +AUDIT +SELINUX +APPARMOR +IMA +SMACK +SECCOMP +GCRYPT -GNUTLS +OPENSSL +ACL +BLKID +CURL +ELFUTILS +FIDO2 +IDN2 -IDN +IPTC +KMOD +LIBCRYPTSETUP +LIBFDISK +PCRE2 -PWQUALITY +P11KIT +QRENCODE +TPM2 +BZIP2 +LZ4 +XZ +ZLIB +ZSTD -BPF_FRAMEWORK -XKBCOMMON +UTMP +SYSVINIT default-hierarchy=unified", "version": 255***, "ansible_apparmor": ***"status": "enabled"***, "ansible_interfaces": ["enP54950s1", "lo", "eth0"], "ansible_enP54950s1": ***"device": "enP54950s1", "macaddress": "60:45:bd:95:41:aa", "mtu": 1500, "active": true, "module": "mlx5_core", "type": "ether", "pciid": "d6a6:00:02.0", "speed": 100000, "promisc": false, "features": ***"rx_checksumming": "on", "tx_checksumming": "on", "tx_checksum_ipv4": "on [fixed]", "tx_checksum_ip_generic": "off", "tx_checksum_ipv6": "on [fixed]", "tx_checksum_fcoe_crc": "off [fixed]", "tx_checksum_sctp": "off [fixed]", "scatter_gather": "on", "tx_scatter_gather": "on", "tx_scatter_gather_fraglist": "off [fixed]", "tcp_segmentation_offload": "on", "tx_tcp_segmentation": "on", "tx_tcp_ecn_segmentation": "off [fixed]", "tx_tcp_mangleid_segmentation": "off", "tx_tcp6_segmentation": "on", "generic_segmentation_offload": "on", "generic_receive_offload": "on", "large_receive_offload": "on", "rx_vlan_offload": "on", "tx_vlan_offload": "on", "ntuple_filters": "off", "receive_hashing": "on", "highdma": "on [fixed]", "rx_vlan_filter": "off", "vlan_challenged": "off [fixed]", "tx_gso_robust": "off [fixed]", "tx_fcoe_segmentation": "off [fixed]", "tx_gre_segmentation": "off", "tx_gre_csum_segmentation": "off", "tx_ipxip4_segmentation": "off", "tx_ipxip6_segmentation": "off", "tx_udp_tnl_segmentation": "off [fixed]", "tx_udp_tnl_csum_segmentation": "off [fixed]", "tx_gso_partial": "off", "tx_tunnel_remcsum_segmentation": "off [fixed]", "tx_sctp_segmentation": "off [fixed]", "tx_esp_segmentation": "off [fixed]", "tx_udp_segmentation": "off", "tx_gso_list": "off [fixed]", "tx_nocache_copy": "off", "loopback": "off [fixed]", "rx_fcs": "off", "rx_all": "off [fixed]", "tx_vlan_stag_hw_insert": "off", "rx_vlan_stag_hw_parse": "off [fixed]", "rx_vlan_stag_filter": "on [fixed]", "l2_fwd_offload": "off [fixed]", "hw_tc_offload": "off", "esp_hw_offload": "off [fixed]", "esp_tx_csum_hw_offload": "off [fixed]", "rx_udp_tunnel_port_offload": "off [fixed]", "tls_hw_tx_offload": "off [fixed]", "tls_hw_rx_offload": "off [fixed]", "rx_gro_hw": "off [fixed]", "tls_hw_record": "off [fixed]", "rx_gro_list": "off", "macsec_hw_offload": "off", "rx_udp_gro_forwarding": "off", "hsr_tag_ins_offload": "off [fixed]", "hsr_tag_rm_offload": "off [fixed]", "hsr_fwd_offload": "off [fixed]", "hsr_dup_offload": "off [fixed]"***, "timestamping": [], "hw_timestamp_filters": [], "phc_index": 1***, "ansible_lo": ***"device": "lo", "mtu": 65536, "active": true, "type": "loopback", "promisc": false, "ipv4": ***"address": "127.0.0.1", "broadcast": "", "netmask": "255.0.0.0", "network": "127.0.0.0", "prefix": "8"***, "ipv6": [***"address": "::1", "prefix": "128", "scope": "host"***], "features": ***"rx_checksumming": "on [fixed]", "tx_checksumming": "on", "tx_checksum_ipv4": "off [fixed]", "tx_checksum_ip_generic": "on [fixed]", "tx_checksum_ipv6": "off [fixed]", "tx_checksum_fcoe_crc": "off [fixed]", "tx_checksum_sctp": "on [fixed]", "scatter_gather": "on", "tx_scatter_gather": "on [fixed]", "tx_scatter_gather_fraglist": "on [fixed]", "tcp_segmentation_offload": "on", "tx_tcp_segmentation": "on", "tx_tcp_ecn_segmentation": "on", "tx_tcp_mangleid_segmentation": "on", "tx_tcp6_segmentation": "on", "generic_segmentation_offload": "on", "generic_receive_offload": "on", "large_receive_offload": "off [fixed]", "rx_vlan_offload": "off [fixed]", "tx_vlan_offload": "off [fixed]", "ntuple_filters": "off [fixed]", "receive_hashing": "off [fixed]", "highdma": "on [fixed]", "rx_vlan_filter": "off [fixed]", "vlan_challenged": "on [fixed]", "tx_gso_robust": "off [fixed]", "tx_fcoe_segmentation": "off [fixed]", "tx_gre_segmentation": "off [fixed]", "tx_gre_csum_segmentation": "off [fixed]", "tx_ipxip4_segmentation": "off [fixed]", "tx_ipxip6_segmentation": "off [fixed]", "tx_udp_tnl_segmentation": "off [fixed]", "tx_udp_tnl_csum_segmentation": "off [fixed]", "tx_gso_partial": "off [fixed]", "tx_tunnel_remcsum_segmentation": "off [fixed]", "tx_sctp_segmentation": "on", "tx_esp_segmentation": "off [fixed]", "tx_udp_segmentation": "on", "tx_gso_list": "on", "tx_nocache_copy": "off [fixed]", "loopback": "on [fixed]", "rx_fcs": "off [fixed]", "rx_all": "off [fixed]", "tx_vlan_stag_hw_insert": "off [fixed]", "rx_vlan_stag_hw_parse": "off [fixed]", "rx_vlan_stag_filter": "off [fixed]", "l2_fwd_offload": "off [fixed]", "hw_tc_offload": "off [fixed]", "esp_hw_offload": "off [fixed]", "esp_tx_csum_hw_offload": "off [fixed]", "rx_udp_tunnel_port_offload": "off [fixed]", "tls_hw_tx_offload": "off [fixed]", "tls_hw_rx_offload": "off [fixed]", "rx_gro_hw": "off [fixed]", "tls_hw_record": "off [fixed]", "rx_gro_list": "off", "macsec_hw_offload": "off [fixed]", "rx_udp_gro_forwarding": "off", "hsr_tag_ins_offload": "off [fixed]", "hsr_tag_rm_offload": "off [fixed]", "hsr_fwd_offload": "off [fixed]", "hsr_dup_offload": "off [fixed]"***, "timestamping": [], "hw_timestamp_filters": []***, "ansible_eth0": ***"device": "eth0", "macaddress": "60:45:bd:95:41:aa", "mtu": 1500, "active": true, "module": "hv_netvsc", "type": "ether", "pciid": "6045bd95-41aa-6045-bd95-41aa6045bd95", "speed": 100000, "promisc": false, "ipv4": ***"address": "10.0.0.4", "broadcast": "", "netmask": "255.255.255.0", "network": "10.0.0.0", "prefix": "24"***, "ipv6": [***"address": "fe80::6245:bdff:fe95:41aa", "prefix": "64", "scope": "link"***], "features": ***"rx_checksumming": "on", "tx_checksumming": "on", "tx_checksum_ipv4": "on", "tx_checksum_ip_generic": "off [fixed]", "tx_checksum_ipv6": "on", "tx_checksum_fcoe_crc": "off [fixed]", "tx_checksum_sctp": "off [fixed]", "scatter_gather": "on", "tx_scatter_gather": "on", "tx_scatter_gather_fraglist": "off [fixed]", "tcp_segmentation_offload": "on", "tx_tcp_segmentation": "on", "tx_tcp_ecn_segmentation": "off [fixed]", "tx_tcp_mangleid_segmentation": "off", "tx_tcp6_segmentation": "on", "generic_segmentation_offload": "on", "generic_receive_offload": "on", "large_receive_offload": "on", "rx_vlan_offload": "on [fixed]", "tx_vlan_offload": "on [fixed]", "ntuple_filters": "off [fixed]", "receive_hashing": "on", "highdma": "on [fixed]", "rx_vlan_filter": "off [fixed]", "vlan_challenged": "off [fixed]", "tx_gso_robust": "off [fixed]", "tx_fcoe_segmentation": "off [fixed]", "tx_gre_segmentation": "off [fixed]", "tx_gre_csum_segmentation": "off [fixed]", "tx_ipxip4_segmentation": "off [fixed]", "tx_ipxip6_segmentation": "off [fixed]", "tx_udp_tnl_segmentation": "off [fixed]", "tx_udp_tnl_csum_segmentation": "off [fixed]", "tx_gso_partial": "off [fixed]", "tx_tunnel_remcsum_segmentation": "off [fixed]", "tx_sctp_segmentation": "off [fixed]", "tx_esp_segmentation": "off [fixed]", "tx_udp_segmentation": "off [fixed]", "tx_gso_list": "off [fixed]", "tx_nocache_copy": "off", "loopback": "off [fixed]", "rx_fcs": "off [fixed]", "rx_all": "off [fixed]", "tx_vlan_stag_hw_insert": "off [fixed]", "rx_vlan_stag_hw_parse": "off [fixed]", "rx_vlan_stag_filter": "off [fixed]", "l2_fwd_offload": "off [fixed]", "hw_tc_offload": "off [fixed]", "esp_hw_offload": "off [fixed]", "esp_tx_csum_hw_offload": "off [fixed]", "rx_udp_tunnel_port_offload": "off [fixed]", "tls_hw_tx_offload": "off [fixed]", "tls_hw_rx_offload": "off [fixed]", "rx_gro_hw": "off [fixed]", "tls_hw_record": "off [fixed]", "rx_gro_list": "off", "macsec_hw_offload": "off [fixed]", "rx_udp_gro_forwarding": "off", "hsr_tag_ins_offload": "off [fixed]", "hsr_tag_rm_offload": "off [fixed]", "hsr_fwd_offload": "off [fixed]", "hsr_dup_offload": "off [fixed]"***, "timestamping": [], "hw_timestamp_filters": []***, "ansible_default_ipv4": ***"gateway": "10.0.0.1", "interface": "eth0", "address": "10.0.0.4", "broadcast": "", "netmask": "255.255.255.0", "network": "10.0.0.0", "prefix": "24", "macaddress": "60:45:bd:95:41:aa", "mtu": 1500, "type": "ether", "alias": "eth0"***, "ansible_default_ipv6": ***, "ansible_all_ipv4_addresses": ["10.0.0.4"], "ansible_all_ipv6_addresses": ["fe80::6245:bdff:fe95:41aa"], "ansible_locally_reachable_ips": ***"ipv4": ["10.0.0.4", "127.0.0.0/8", "127.0.0.1"], "ipv6": ["::1", "fe80::6245:bdff:fe95:41aa"]***, "ansible_processor": ["0", "GenuineIntel", "Intel(R) Xeon(R) Platinum 8370C CPU @ 2.80GHz", "1", "GenuineIntel", "Intel(R) Xeon(R) Platinum 8370C CPU @ 2.80GHz"], "ansible_flags": ["fpu", "vme", "de", "pse", "tsc", "msr", "pae", "mce", "cx8", "apic", "sep", "mtrr", "pge", "mca", "cmov", "pat", "pse36", "clflush", "mmx", "fxsr", "sse", "sse2", "ss", "ht", "syscall", "nx", "pdpe1gb", "rdtscp", "lm", "constant_tsc", "rep_good", "nopl", "xtopology", "tsc_reliable", "nonstop_tsc", "cpuid", "aperfmperf", "tsc_known_freq", "pni", "pclmulqdq", "vmx", "ssse3", "fma", "cx16", "pcid", "sse4_1", "sse4_2", "x2apic", "movbe", "popcnt", "tsc_deadline_timer", "aes", "xsave", "avx", "f16c", "rdrand", "hypervisor", "lahf_lm", "abm", "3dnowprefetch", "tpr_shadow", "ept", "vpid", "ept_ad", "fsgsbase", "tsc_adjust", "bmi1", "hle", "avx2", "smep", "bmi2", "erms", "invpcid", "rtm", "avx512f", "avx512dq", "rdseed", "adx", "smap", "avx512ifma", "clflushopt", "clwb", "avx512cd", "sha_ni", "avx512bw", "avx512vl", "xsaveopt", "xsavec", "xgetbv1", "xsaves", "vnmi", "avx512vbmi", "umip", "avx512_vbmi2", "gfni", "vaes", "vpclmulqdq", "avx512_vnni", "avx512_bitalg", "avx512_vpopcntdq", "la57", "rdpid", "fsrm", "arch_capabilities"], "ansible_processor_count": 1, "ansible_processor_cores": 1, "ansible_processor_threads_per_core": 2, "ansible_processor_vcpus": 2, "ansible_processor_nproc": 2, "ansible_memtotal_mb": 7892, "ansible_memfree_mb": 7201, "ansible_swaptotal_mb": 0, "ansible_swapfree_mb": 0, "ansible_memory_mb": ***"real": ***"total": 7892, "used": 691, "free": 7201***, "nocache": ***"free": 7565, "used": 327***, "swap": ***"total": 0, "free": 0, "used": 0, "cached": 0***, "ansible_bios_date": "08/23/2024", "ansible_bios_vendor": "Microsoft Corporation", "ansible_bios_version": "Hyper-V UEFI Release v4.1", "ansible_board_asset_tag": "None", "ansible_board_name": "Virtual Machine", "ansible_board_serial": "NA", "ansible_board_vendor": "Microsoft Corporation", "ansible_board_version": "Hyper-V UEFI Release v4.1", "ansible_chassis_asset_tag": "7783-7084-3265-9085-8269-3286-77", "ansible_chassis_serial": "NA", "ansible_chassis_vendor": "Microsoft Corporation", "ansible_chassis_version": "Hyper-V UEFI Release v4.1", "ansible_form_factor": "Desktop", "ansible_product_name": "Virtual Machine", "ansible_product_serial": "NA", "ansible_product_uuid": "9ea63e6d-7b85-41c3-9201-1910b0c93f66", "ansible_product_version": "Hyper-V UEFI Release v4.1", "ansible_system_vendor": "Microsoft Corporation", "ansible_devices": ***"loop1": ***"virtual": 1, "links": ***"ids": [], "uuids": [], "labels": [], "masters": []***, "vendor": null, "model": null, "sas_address": null, "sas_device_handle": null, "removable": "0", "support_discard": "0", "partitions": ***, "rotational": "0", "scheduler_mode": "none", "sectorsize": "512", "sectors": 0, "size": "0.00 Bytes", "host": "", "holders": []***, "loop6": ***"virtual": 1, "links": ***"ids": [], "uuids": [], "labels": [], "masters": []***, "vendor": null, "model": null, "sas_address": null, "sas_device_handle": null, "removable": "0", "support_discard": "0", "partitions": ***, "rotational": "0", "scheduler_mode": "none", "sectorsize": "512", "sectors": 0, "size": "0.00 Bytes", "host": "", "holders": []***, "loop4": ***"virtual": 1, "links": ***"ids": [], "uuids": [], "labels": [], "masters": []***, "vendor": null, "model": null, "sas_address": null, "sas_device_handle": null, "removable": "0", "support_discard": "0", "partitions": ***, "rotational": "0", "scheduler_mode": "none", "sectorsize": "512", "sectors": 0, "size": "0.00 Bytes", "host": "", "holders": []***, "sr0": ***"virtual": 1, "links": ***"ids": ["scsi-14d534654202020207305e3437703544694957d7ced624a7d"], "uuids": [], "labels": [], "masters": []***, "vendor": "Msft", "model": "Virtual DVD-ROM", "sas_address": null, "sas_device_handle": null, "removable": "1", "support_discard": "0", "partitions": ***, "rotational": "0", "scheduler_mode": "none", "sectorsize": "2048", "sectors": 314, "size": "628.00 KB", "host": "", "holders": []***, "loop2": ***"virtual": 1, "links": ***"ids": [], "uuids": [], "labels": [], "masters": []***, "vendor": null, "model": null, "sas_address": null, "sas_device_handle": null, "removable": "0", "support_discard": "0", "partitions": ***, "rotational": "0", "scheduler_mode": "none", "sectorsize": "512", "sectors": 0, "size": "0.00 Bytes", "host": "", "holders": []***, "loop0": ***"virtual": 1, "links": ***"ids": [], "uuids": [], "labels": [], "masters": []***, "vendor": null, "model": null, "sas_address": null, "sas_device_handle": null, "removable": "0", "support_discard": "4096", "partitions": ***, "rotational": "1", "scheduler_mode": "none", "sectorsize": "512", "sectors": 0, "size": "0.00 Bytes", "host": "", "holders": []***, "loop7": ***"virtual": 1, "links": ***"ids": [], "uuids": [], "labels": [], "masters": []***, "vendor": null, "model": null, "sas_address": null, "sas_device_handle": null, "removable": "0", "support_discard": "0", "partitions": ***, "rotational": "0", "scheduler_mode": "none", "sectorsize": "512", "sectors": 0, "size": "0.00 Bytes", "host": "", "holders": []***, "sda": ***"virtual": 1, "links": ***"ids": ["scsi-14d534654202020204abfdb768a71104b8f427853dd7fbf80", "scsi-3600224804abfdb768a717853dd7fbf80", "wwn-0x600224804abfdb768a717853dd7fbf80"], "uuids": [], "labels": [], "masters": []***, "vendor": "Msft", "model": "Virtual Disk", "sas_address": null, "sas_device_handle": null, "removable": "0", "support_discard": "2097152", "wwn": "0x600224804abfdb768a717853dd7fbf80", "partitions": ***"sda16": ***"links": ***"ids": ["scsi-14d534654202020204abfdb768a71104b8f427853dd7fbf80-part16", "scsi-3600224804abfdb768a717853dd7fbf80-part16", "wwn-0x600224804abfdb768a717853dd7fbf80-part16"], "uuids": ["ecc87e32-3849-45ce-a96d-24a319460729"], "labels": ["BOOT"], "masters": []***, "start": "227328", "sectorsize": 512, "sectors": 1869825, "size": "913.00 MB", "uuid": "ecc87e32-3849-45ce-a96d-24a319460729", "holders": []***, "sda14": ***"links": ***"ids": ["scsi-14d534654202020204abfdb768a71104b8f427853dd7fbf80-part14", "scsi-3600224804abfdb768a717853dd7fbf80-part14", "wwn-0x600224804abfdb768a717853dd7fbf80-part14"], "uuids": [], "labels": [], "masters": []***, "start": "2048", "sectorsize": 512, "sectors": 8192, "size": "4.00 MB", "uuid": null, "holders": []***, "sda15": ***"links": ***"ids": ["scsi-14d534654202020204abfdb768a71104b8f427853dd7fbf80-part15", "scsi-3600224804abfdb768a717853dd7fbf80-part15", "wwn-0x600224804abfdb768a717853dd7fbf80-part15"], "uuids": ["D53A-9383"], "labels": ["UEFI"], "masters": []***, "start": "10240", "sectorsize": 512, "sectors": 217088, "size": "106.00 MB", "uuid": "D53A-9383", "holders": []***, "sda1": ***"links": ***"ids": ["scsi-14d534654202020204abfdb768a71104b8f427853dd7fbf80-part1", "scsi-3600224804abfdb768a717853dd7fbf80-part1", "wwn-0x600224804abfdb768a717853dd7fbf80-part1"], "uuids": ["3d6e1849-7c61-4f30-a75f-8594f8421eb1"], "labels": ["cloudimg-rootfs"], "masters": []***, "start": "2099200", "sectorsize": 512, "sectors": 60817375, "size": "29.00 GB", "uuid": "3d6e1849-7c61-4f30-a75f-8594f8421eb1", "holders": []***, "rotational": "1", "scheduler_mode": "none", "sectorsize": "512", "sectors": 62916608, "size": "30.00 GB", "host": "", "holders": []***, "loop5": ***"virtual": 1, "links": ***"ids": [], "uuids": [], "labels": [], "masters": []***, "vendor": null, "model": null, "sas_address": null, "sas_device_handle": null, "removable": "0", "support_discard": "0", "partitions": ***, "rotational": "0", "scheduler_mode": "none", "sectorsize": "512", "sectors": 0, "size": "0.00 Bytes", "host": "", "holders": []***, "loop3": ***"virtual": 1, "links": ***"ids": [], "uuids": [], "labels": [], "masters": []***, "vendor": null, "model": null, "sas_address": null, "sas_device_handle": null, "removable": "0", "support_discard": "0", "partitions": ***, "rotational": "0", "scheduler_mode": "none", "sectorsize": "512", "sectors": 0, "size": "0.00 Bytes", "host": "", "holders": []***, "ansible_device_links": ***"ids": ***"sda14": ["scsi-14d534654202020204abfdb768a71104b8f427853dd7fbf80-part14", "scsi-3600224804abfdb768a717853dd7fbf80-part14", "wwn-0x600224804abfdb768a717853dd7fbf80-part14"], "sda15": ["scsi-14d534654202020204abfdb768a71104b8f427853dd7fbf80-part15", "scsi-3600224804abfdb768a717853dd7fbf80-part15", "wwn-0x600224804abfdb768a717853dd7fbf80-part15"], "sda16": ["scsi-14d534654202020204abfdb768a71104b8f427853dd7fbf80-part16", "scsi-3600224804abfdb768a717853dd7fbf80-part16", "wwn-0x600224804abfdb768a717853dd7fbf80-part16"], "sda1": ["scsi-14d534654202020204abfdb768a71104b8f427853dd7fbf80-part1", "scsi-3600224804abfdb768a717853dd7fbf80-part1", "wwn-0x600224804abfdb768a717853dd7fbf80-part1"], "sda": ["scsi-14d534654202020204abfdb768a71104b8f427853dd7fbf80", "scsi-3600224804abfdb768a717853dd7fbf80", "wwn-0x600224804abfdb768a717853dd7fbf80"], "sr0": ["scsi-14d534654202020207305e3437703544694957d7ced624a7d"]***, "uuids": ***"sda15": ["D53A-9383"], "sda16": ["ecc87e32-3849-45ce-a96d-24a319460729"], "sda1": ["3d6e1849-7c61-4f30-a75f-8594f8421eb1"]***, "labels": ***"sda15": ["UEFI"], "sda16": ["BOOT"], "sda1": ["cloudimg-rootfs"]***, "masters": ***, "ansible_uptime_seconds": 5680, "ansible_lvm": "N/A", "ansible_mounts": [***"mount": "/", "device": "/dev/root", "fstype": "ext4", "options": "rw,relatime,discard,errors=remount-ro,commit=30", "dump": 0, "passno": 0, "size_total": 30084825088, "size_available": 28341460992, "block_size": 4096, "block_total": 7344928, "block_available": 6919302, "block_used": 425626, "inode_total": 3801088, "inode_available": 3722251, "inode_used": 78837, "uuid": "3d6e1849-7c61-4f30-a75f-8594f8421eb1"***, ***"mount": "/boot", "device": "/dev/sda16", "fstype": "ext4", "options": "rw,relatime,discard", "dump": 0, "passno": 0, "size_total": 923156480, "size_available": 793325568, "block_size": 4096, "block_total": 225380, "block_available": 193683, "block_used": 31697, "inode_total": 58496, "inode_available": 57896, "inode_used": 600, "uuid": "ecc87e32-3849-45ce-a96d-24a319460729"***, ***"mount": "/boot/efi", "device": "/dev/sda15", "fstype": "vfat", "options": "rw,relatime,fmask=0077,dmask=0077,codepage=437,iocharset=iso8859-1,shortname=mixed,errors=remount-ro", "dump": 0, "passno": 0, "size_total": 109395456, "size_available": 102995968, "block_size": 512, "block_total": 213663, "block_available": 201164, "block_used": 12499, "inode_total": 0, "inode_available": 0, "inode_used": 0, "uuid": "D53A-9383"***], "ansible_service_mgr": "systemd", "gather_subset": ["all"], "module_setup": true***, "invocation": ***"module_args": ***"gather_subset": ["all"], "gather_timeout": 10, "filter": [], "fact_path": "/etc/ansible/facts.d"***\r\n', b'Shared connection to 74.234.212.45 closed.\r\n')
AzureDB IT	UNKNOWN STEP	2026-01-18T04:25:37.9933330Z [WARNING]: Host 'keycloak' is using the discovered Python interpreter at '/usr/bin/python3.12', but future installation of another Python interpreter could cause a different interpreter to be discovered. See https://docs.ansible.com/ansible-core/2.20/reference_appendices/interpreter_discovery.html for more information.
AzureDB IT	UNKNOWN STEP	2026-01-18T04:25:37.9975534Z <74.234.212.45> ESTABLISH SSH CONNECTION FOR USER: azureuser
AzureDB IT	UNKNOWN STEP	2026-01-18T04:25:37.9980230Z <74.234.212.45> SSH: EXEC ssh -o ControlMaster=auto -o ControlPersist=60s -o ForwardAgent=yes -o StrictHostKeyChecking=no -o IdentitiesOnly=yes -o StrictHostKeyChecking=no -o 'IdentityFile="gh-action-6ceaa2d-21105905291-1_westeurope"' -o KbdInteractiveAuthentication=no -o PreferredAuthentications=gssapi-with-mic,gssapi-keyex,hostbased,publickey -o PasswordAuthentication=no -o 'User="azureuser"' -o ConnectTimeout=10 -o 'ControlPath="/home/runner/.ansible/cp/8831fa8ad3"' -o NumberOfPasswordPrompts=1 74.234.212.45 '/bin/sh -c '"'"'rm -f -r /home/azureuser/.ansible/tmp/ansible-tmp-1768710332.4424531-3892-13120810947360/ > /dev/null 2>&1 && sleep 0'"'"''
AzureDB IT	UNKNOWN STEP	2026-01-18T04:25:37.9984768Z <74.234.212.45> (0, b'', b'')
AzureDB IT	UNKNOWN STEP	2026-01-18T04:25:37.9985262Z ok: [keycloak]
AzureDB IT	UNKNOWN STEP	2026-01-18T04:25:37.9985518Z 
AzureDB IT	UNKNOWN STEP	2026-01-18T04:25:37.9985948Z TASK [keycloak_remote_installer : include_tasks] *******************************
AzureDB IT	UNKNOWN STEP	2026-01-18T04:25:37.9987279Z task path: /home/runner/work/keycloak/keycloak/.github/scripts/ansible/roles/keycloak_remote_installer/tasks/main.yml:1
AzureDB IT	UNKNOWN STEP	2026-01-18T04:25:38.2089972Z included: /home/runner/work/keycloak/keycloak/.github/scripts/ansible/roles/keycloak_remote_installer/tasks/install.yml for keycloak
AzureDB IT	UNKNOWN STEP	2026-01-18T04:25:38.2091090Z 
AzureDB IT	UNKNOWN STEP	2026-01-18T04:25:38.2091566Z TASK [keycloak_remote_installer : Update system packages on the remote hosts] ***
AzureDB IT	UNKNOWN STEP	2026-01-18T04:25:38.2092935Z task path: /home/runner/work/keycloak/keycloak/.github/scripts/ansible/roles/keycloak_remote_installer/tasks/install.yml:1
AzureDB IT	UNKNOWN STEP	2026-01-18T04:25:38.2212564Z skipping: [keycloak] => ***
AzureDB IT	UNKNOWN STEP	2026-01-18T04:25:38.2213131Z     "changed": false,
AzureDB IT	UNKNOWN STEP	2026-01-18T04:25:38.2213659Z     "false_condition": "update_system_packages",
AzureDB IT	UNKNOWN STEP	2026-01-18T04:25:38.2214549Z     "skip_reason": "Conditional result was False"
AzureDB IT	UNKNOWN STEP	2026-01-18T04:25:38.2215165Z ***
AzureDB IT	UNKNOWN STEP	2026-01-18T04:25:38.2215374Z 
AzureDB IT	UNKNOWN STEP	2026-01-18T04:25:38.2215815Z TASK [keycloak_remote_installer : Update apt cache on Ubuntu/Debian] ***********
AzureDB IT	UNKNOWN STEP	2026-01-18T04:25:38.2217174Z task path: /home/runner/work/keycloak/keycloak/.github/scripts/ansible/roles/keycloak_remote_installer/tasks/install.yml:7
AzureDB IT	UNKNOWN STEP	2026-01-18T04:25:53.6171695Z [WARNING]: Deprecation warnings can be disabled by setting `deprecation_warnings=False` in ansible.cfg.
AzureDB IT	UNKNOWN STEP	2026-01-18T04:25:53.6174234Z [DEPRECATION WARNING]: INJECT_FACTS_AS_VARS default to `True` is deprecated, top-level facts will not be auto injected after the change. This feature will be removed from ansible-core version 2.24.
AzureDB IT	UNKNOWN STEP	2026-01-18T04:25:53.6176299Z Origin: /home/runner/work/keycloak/keycloak/.github/scripts/ansible/roles/keycloak_remote_installer/tasks/install.yml:8:9
AzureDB IT	UNKNOWN STEP	2026-01-18T04:25:53.6177215Z 
AzureDB IT	UNKNOWN STEP	2026-01-18T04:25:53.6177383Z 6
AzureDB IT	UNKNOWN STEP	2026-01-18T04:25:53.6177784Z 7 - name: Update apt cache on Ubuntu/Debian
AzureDB IT	UNKNOWN STEP	2026-01-18T04:25:53.6178331Z 8   when: ansible_os_family == 'Debian'
AzureDB IT	UNKNOWN STEP	2026-01-18T04:25:53.6178844Z           ^ column 9
AzureDB IT	UNKNOWN STEP	2026-01-18T04:25:53.6179086Z 
AzureDB IT	UNKNOWN STEP	2026-01-18T04:25:53.6179386Z Use `ansible_facts["fact_name"]` (no `ansible_` prefix) instead.
AzureDB IT	UNKNOWN STEP	2026-01-18T04:25:53.6179851Z 
AzureDB IT	UNKNOWN STEP	2026-01-18T04:25:53.6237333Z <74.234.212.45> ESTABLISH SSH CONNECTION FOR USER: azureuser
AzureDB IT	UNKNOWN STEP	2026-01-18T04:25:53.6241555Z <74.234.212.45> SSH: EXEC ssh -o ControlMaster=auto -o ControlPersist=60s -o ForwardAgent=yes -o StrictHostKeyChecking=no -o IdentitiesOnly=yes -o StrictHostKeyChecking=no -o 'IdentityFile="gh-action-6ceaa2d-21105905291-1_westeurope"' -o KbdInteractiveAuthentication=no -o PreferredAuthentications=gssapi-with-mic,gssapi-keyex,hostbased,publickey -o PasswordAuthentication=no -o 'User="azureuser"' -o ConnectTimeout=10 -o 'ControlPath="/home/runner/.ansible/cp/8831fa8ad3"' -o NumberOfPasswordPrompts=1 74.234.212.45 '/bin/sh -c '"'"'echo ~azureuser && sleep 0'"'"''
AzureDB IT	UNKNOWN STEP	2026-01-18T04:25:53.6243840Z <74.234.212.45> (0, b'/home/azureuser\n', b'')
AzureDB IT	UNKNOWN STEP	2026-01-18T04:25:53.6244364Z <74.234.212.45> ESTABLISH SSH CONNECTION FOR USER: azureuser
AzureDB IT	UNKNOWN STEP	2026-01-18T04:25:53.6247641Z <74.234.212.45> SSH: EXEC ssh -o ControlMaster=auto -o ControlPersist=60s -o ForwardAgent=yes -o StrictHostKeyChecking=no -o IdentitiesOnly=yes -o StrictHostKeyChecking=no -o 'IdentityFile="gh-action-6ceaa2d-21105905291-1_westeurope"' -o KbdInteractiveAuthentication=no -o PreferredAuthentications=gssapi-with-mic,gssapi-keyex,hostbased,publickey -o PasswordAuthentication=no -o 'User="azureuser"' -o ConnectTimeout=10 -o 'ControlPath="/home/runner/.ansible/cp/8831fa8ad3"' -o NumberOfPasswordPrompts=1 74.234.212.45 '/bin/sh -c '"'"'( umask 77 && mkdir -p "` echo /home/azureuser/.ansible/tmp `"&& mkdir "` echo /home/azureuser/.ansible/tmp/ansible-tmp-1768710338.5266302-3908-188803858545991 `" && echo ansible-tmp-1768710338.5266302-3908-188803858545991="` echo /home/azureuser/.ansible/tmp/ansible-tmp-1768710338.5266302-3908-188803858545991 `" ) && sleep 0'"'"''
AzureDB IT	UNKNOWN STEP	2026-01-18T04:25:53.6251222Z <74.234.212.45> (0, b'ansible-tmp-1768710338.5266302-3908-188803858545991=/home/azureuser/.ansible/tmp/ansible-tmp-1768710338.5266302-3908-188803858545991\n', b'')
AzureDB IT	UNKNOWN STEP	2026-01-18T04:25:53.6252155Z Using module file /opt/pipx/venvs/ansible-core/lib/python3.12/site-packages/ansible/modules/apt.py
AzureDB IT	UNKNOWN STEP	2026-01-18T04:25:53.6253185Z <74.234.212.45> PUT /home/runner/.ansible/tmp/ansible-local-3885wv_9r1l5/tmpurwbya8d TO /home/azureuser/.ansible/tmp/ansible-tmp-1768710338.5266302-3908-188803858545991/AnsiballZ_apt.py
AzureDB IT	UNKNOWN STEP	2026-01-18T04:25:53.6256260Z <74.234.212.45> SSH: EXEC sftp -b - -o ControlMaster=auto -o ControlPersist=60s -o ForwardAgent=yes -o StrictHostKeyChecking=no -o IdentitiesOnly=yes -o StrictHostKeyChecking=no -o 'IdentityFile="gh-action-6ceaa2d-21105905291-1_westeurope"' -o KbdInteractiveAuthentication=no -o PreferredAuthentications=gssapi-with-mic,gssapi-keyex,hostbased,publickey -o PasswordAuthentication=no -o 'User="azureuser"' -o ConnectTimeout=10 -o 'ControlPath="/home/runner/.ansible/cp/8831fa8ad3"' -o NumberOfPasswordPrompts=1 '[74.234.212.45]'
AzureDB IT	UNKNOWN STEP	2026-01-18T04:25:53.6258905Z <74.234.212.45> (0, b'sftp> put /home/runner/.ansible/tmp/ansible-local-3885wv_9r1l5/tmpurwbya8d /home/azureuser/.ansible/tmp/ansible-tmp-1768710338.5266302-3908-188803858545991/AnsiballZ_apt.py\n', b'')
AzureDB IT	UNKNOWN STEP	2026-01-18T04:25:53.6259831Z <74.234.212.45> ESTABLISH SSH CONNECTION FOR USER: azureuser
AzureDB IT	UNKNOWN STEP	2026-01-18T04:25:53.6262689Z <74.234.212.45> SSH: EXEC ssh -o ControlMaster=auto -o ControlPersist=60s -o ForwardAgent=yes -o StrictHostKeyChecking=no -o IdentitiesOnly=yes -o StrictHostKeyChecking=no -o 'IdentityFile="gh-action-6ceaa2d-21105905291-1_westeurope"' -o KbdInteractiveAuthentication=no -o PreferredAuthentications=gssapi-with-mic,gssapi-keyex,hostbased,publickey -o PasswordAuthentication=no -o 'User="azureuser"' -o ConnectTimeout=10 -o 'ControlPath="/home/runner/.ansible/cp/8831fa8ad3"' -o NumberOfPasswordPrompts=1 74.234.212.45 '/bin/sh -c '"'"'chmod u+rwx /home/azureuser/.ansible/tmp/ansible-tmp-1768710338.5266302-3908-188803858545991/ /home/azureuser/.ansible/tmp/ansible-tmp-1768710338.5266302-3908-188803858545991/AnsiballZ_apt.py && sleep 0'"'"''
AzureDB IT	UNKNOWN STEP	2026-01-18T04:25:53.6265813Z <74.234.212.45> (0, b'', b'')
AzureDB IT	UNKNOWN STEP	2026-01-18T04:25:53.6266165Z <74.234.212.45> ESTABLISH SSH CONNECTION FOR USER: azureuser
AzureDB IT	UNKNOWN STEP	2026-01-18T04:25:53.6269203Z <74.234.212.45> SSH: EXEC ssh -o ControlMaster=auto -o ControlPersist=60s -o ForwardAgent=yes -o StrictHostKeyChecking=no -o IdentitiesOnly=yes -o StrictHostKeyChecking=no -o 'IdentityFile="gh-action-6ceaa2d-21105905291-1_westeurope"' -o KbdInteractiveAuthentication=no -o PreferredAuthentications=gssapi-with-mic,gssapi-keyex,hostbased,publickey -o PasswordAuthentication=no -o 'User="azureuser"' -o ConnectTimeout=10 -o 'ControlPath="/home/runner/.ansible/cp/8831fa8ad3"' -o NumberOfPasswordPrompts=1 -tt 74.234.212.45 '/bin/sh -c '"'"'sudo -H -S -n  -u root /bin/sh -c '"'"'"'"'"'"'"'"'echo BECOME-SUCCESS-ynzohstcddlnyhppxcfkelpcjfaquice ; /usr/bin/python3.12 /home/azureuser/.ansible/tmp/ansible-tmp-1768710338.5266302-3908-188803858545991/AnsiballZ_apt.py'"'"'"'"'"'"'"'"' && sleep 0'"'"''
AzureDB IT	UNKNOWN STEP	2026-01-18T04:25:53.6272121Z <74.234.212.45> Escalation succeeded
AzureDB IT	UNKNOWN STEP	2026-01-18T04:25:53.6275104Z <74.234.212.45> (0, b'\r\n***"changed": true, "cache_updated": true, "cache_update_time": 1768710346, "invocation": ***"module_args": ***"update_cache": true, "state": "present", "update_cache_retries": 5, "update_cache_retry_max_delay": 12, "cache_valid_time": 0, "purge": false, "force": false, "upgrade": null, "dpkg_options": "force-confdef,force-confold", "autoremove": false, "autoclean": false, "fail_on_autoremove": false, "only_upgrade": false, "force_apt_get": false, "clean": false, "allow_unauthenticated": false, "allow_downgrade": false, "allow_change_held_packages": false, "lock_timeout": 60, "auto_install_module_deps": true, "package": null, "deb": null, "default_release": null, "install_recommends": null, "policy_rc_d": null***\r\n', b'Shared connection to 74.234.212.45 closed.\r\n')
AzureDB IT	UNKNOWN STEP	2026-01-18T04:25:53.6277817Z <74.234.212.45> ESTABLISH SSH CONNECTION FOR USER: azureuser
AzureDB IT	UNKNOWN STEP	2026-01-18T04:25:53.6280509Z <74.234.212.45> SSH: EXEC ssh -o ControlMaster=auto -o ControlPersist=60s -o ForwardAgent=yes -o StrictHostKeyChecking=no -o IdentitiesOnly=yes -o StrictHostKeyChecking=no -o 'IdentityFile="gh-action-6ceaa2d-21105905291-1_westeurope"' -o KbdInteractiveAuthentication=no -o PreferredAuthentications=gssapi-with-mic,gssapi-keyex,hostbased,publickey -o PasswordAuthentication=no -o 'User="azureuser"' -o ConnectTimeout=10 -o 'ControlPath="/home/runner/.ansible/cp/8831fa8ad3"' -o NumberOfPasswordPrompts=1 74.234.212.45 '/bin/sh -c '"'"'rm -f -r /home/azureuser/.ansible/tmp/ansible-tmp-1768710338.5266302-3908-188803858545991/ > /dev/null 2>&1 && sleep 0'"'"''
AzureDB IT	UNKNOWN STEP	2026-01-18T04:25:53.6282975Z <74.234.212.45> (0, b'', b'')
AzureDB IT	UNKNOWN STEP	2026-01-18T04:25:53.6283284Z changed: [keycloak] => ***
AzureDB IT	UNKNOWN STEP	2026-01-18T04:25:53.6283579Z     "cache_update_time": 1768710346,
AzureDB IT	UNKNOWN STEP	2026-01-18T04:25:53.6284005Z     "cache_updated": true,
AzureDB IT	UNKNOWN STEP	2026-01-18T04:25:53.6284278Z     "changed": true,
AzureDB IT	UNKNOWN STEP	2026-01-18T04:25:53.6284541Z     "invocation": ***
AzureDB IT	UNKNOWN STEP	2026-01-18T04:25:53.6284810Z         "module_args": ***
AzureDB IT	UNKNOWN STEP	2026-01-18T04:25:53.6285112Z             "allow_change_held_packages": false,
AzureDB IT	UNKNOWN STEP	2026-01-18T04:25:53.6285465Z             "allow_downgrade": false,
AzureDB IT	UNKNOWN STEP	2026-01-18T04:25:53.6285797Z             "allow_unauthenticated": false,
AzureDB IT	UNKNOWN STEP	2026-01-18T04:25:53.6286139Z             "auto_install_module_deps": true,
AzureDB IT	UNKNOWN STEP	2026-01-18T04:25:53.6286468Z             "autoclean": false,
AzureDB IT	UNKNOWN STEP	2026-01-18T04:25:53.6286890Z             "autoremove": false,
AzureDB IT	UNKNOWN STEP	2026-01-18T04:25:53.6287192Z             "cache_valid_time": 0,
AzureDB IT	UNKNOWN STEP	2026-01-18T04:25:53.6287485Z             "clean": false,
AzureDB IT	UNKNOWN STEP	2026-01-18T04:25:53.6287758Z             "deb": null,
AzureDB IT	UNKNOWN STEP	2026-01-18T04:25:53.6288033Z             "default_release": null,
AzureDB IT	UNKNOWN STEP	2026-01-18T04:25:53.6288398Z             "dpkg_options": "force-confdef,force-confold",
AzureDB IT	UNKNOWN STEP	2026-01-18T04:25:53.6288776Z             "fail_on_autoremove": false,
AzureDB IT	UNKNOWN STEP	2026-01-18T04:25:53.6289091Z             "force": false,
AzureDB IT	UNKNOWN STEP	2026-01-18T04:25:53.6289376Z             "force_apt_get": false,
AzureDB IT	UNKNOWN STEP	2026-01-18T04:25:53.6289686Z             "install_recommends": null,
AzureDB IT	UNKNOWN STEP	2026-01-18T04:25:53.6289997Z             "lock_timeout": 60,
AzureDB IT	UNKNOWN STEP	2026-01-18T04:25:53.6290290Z             "only_upgrade": false,
AzureDB IT	UNKNOWN STEP	2026-01-18T04:25:53.6290590Z             "package": null,
AzureDB IT	UNKNOWN STEP	2026-01-18T04:25:53.6290876Z             "policy_rc_d": null,
AzureDB IT	UNKNOWN STEP	2026-01-18T04:25:53.6291175Z             "purge": false,
AzureDB IT	UNKNOWN STEP	2026-01-18T04:25:53.6291458Z             "state": "present",
AzureDB IT	UNKNOWN STEP	2026-01-18T04:25:53.6291761Z             "update_cache": true,
AzureDB IT	UNKNOWN STEP	2026-01-18T04:25:53.6292073Z             "update_cache_retries": 5,
AzureDB IT	UNKNOWN STEP	2026-01-18T04:25:53.6292407Z             "update_cache_retry_max_delay": 12,
AzureDB IT	UNKNOWN STEP	2026-01-18T04:25:53.6292736Z             "upgrade": null
AzureDB IT	UNKNOWN STEP	2026-01-18T04:25:53.6293013Z         ***
AzureDB IT	UNKNOWN STEP	2026-01-18T04:25:53.6293243Z     ***
AzureDB IT	UNKNOWN STEP	2026-01-18T04:25:53.6293470Z ***
AzureDB IT	UNKNOWN STEP	2026-01-18T04:25:53.6293591Z 
AzureDB IT	UNKNOWN STEP	2026-01-18T04:25:53.6293843Z TASK [keycloak_remote_installer : Install Java 21 packages on Ubuntu/Debian] ***
AzureDB IT	UNKNOWN STEP	2026-01-18T04:25:53.6294839Z task path: /home/runner/work/keycloak/keycloak/.github/scripts/ansible/roles/keycloak_remote_installer/tasks/install.yml:13
AzureDB IT	UNKNOWN STEP	2026-01-18T04:26:42.0118011Z Running ansible.legacy.apt
AzureDB IT	UNKNOWN STEP	2026-01-18T04:26:42.0118735Z <74.234.212.45> ESTABLISH SSH CONNECTION FOR USER: azureuser
AzureDB IT	UNKNOWN STEP	2026-01-18T04:26:42.0121898Z <74.234.212.45> SSH: EXEC ssh -o ControlMaster=auto -o ControlPersist=60s -o ForwardAgent=yes -o StrictHostKeyChecking=no -o IdentitiesOnly=yes -o StrictHostKeyChecking=no -o 'IdentityFile="gh-action-6ceaa2d-21105905291-1_westeurope"' -o KbdInteractiveAuthentication=no -o PreferredAuthentications=gssapi-with-mic,gssapi-keyex,hostbased,publickey -o PasswordAuthentication=no -o 'User="azureuser"' -o ConnectTimeout=10 -o 'ControlPath="/home/runner/.ansible/cp/8831fa8ad3"' -o NumberOfPasswordPrompts=1 74.234.212.45 '/bin/sh -c '"'"'echo ~azureuser && sleep 0'"'"''
AzureDB IT	UNKNOWN STEP	2026-01-18T04:26:42.0124605Z <74.234.212.45> (0, b'/home/azureuser\n', b'')
AzureDB IT	UNKNOWN STEP	2026-01-18T04:26:42.0125057Z <74.234.212.45> ESTABLISH SSH CONNECTION FOR USER: azureuser
AzureDB IT	UNKNOWN STEP	2026-01-18T04:26:42.0129369Z <74.234.212.45> SSH: EXEC ssh -o ControlMaster=auto -o ControlPersist=60s -o ForwardAgent=yes -o StrictHostKeyChecking=no -o IdentitiesOnly=yes -o StrictHostKeyChecking=no -o 'IdentityFile="gh-action-6ceaa2d-21105905291-1_westeurope"' -o KbdInteractiveAuthentication=no -o PreferredAuthentications=gssapi-with-mic,gssapi-keyex,hostbased,publickey -o PasswordAuthentication=no -o 'User="azureuser"' -o ConnectTimeout=10 -o 'ControlPath="/home/runner/.ansible/cp/8831fa8ad3"' -o NumberOfPasswordPrompts=1 74.234.212.45 '/bin/sh -c '"'"'( umask 77 && mkdir -p "` echo /home/azureuser/.ansible/tmp `"&& mkdir "` echo /home/azureuser/.ansible/tmp/ansible-tmp-1768710353.931156-3919-10347691950398 `" && echo ansible-tmp-1768710353.931156-3919-10347691950398="` echo /home/azureuser/.ansible/tmp/ansible-tmp-1768710353.931156-3919-10347691950398 `" ) && sleep 0'"'"''
AzureDB IT	UNKNOWN STEP	2026-01-18T04:26:42.0133614Z <74.234.212.45> (0, b'ansible-tmp-1768710353.931156-3919-10347691950398=/home/azureuser/.ansible/tmp/ansible-tmp-1768710353.931156-3919-10347691950398\n', b'')
AzureDB IT	UNKNOWN STEP	2026-01-18T04:26:42.0134761Z Using module file /opt/pipx/venvs/ansible-core/lib/python3.12/site-packages/ansible/modules/apt.py
AzureDB IT	UNKNOWN STEP	2026-01-18T04:26:42.0135782Z <74.234.212.45> PUT /home/runner/.ansible/tmp/ansible-local-3885wv_9r1l5/tmpalueoxyn TO /home/azureuser/.ansible/tmp/ansible-tmp-1768710353.931156-3919-10347691950398/AnsiballZ_apt.py
AzureDB IT	UNKNOWN STEP	2026-01-18T04:26:42.0138321Z <74.234.212.45> SSH: EXEC sftp -b - -o ControlMaster=auto -o ControlPersist=60s -o ForwardAgent=yes -o StrictHostKeyChecking=no -o IdentitiesOnly=yes -o StrictHostKeyChecking=no -o 'IdentityFile="gh-action-6ceaa2d-21105905291-1_westeurope"' -o KbdInteractiveAuthentication=no -o PreferredAuthentications=gssapi-with-mic,gssapi-keyex,hostbased,publickey -o PasswordAuthentication=no -o 'User="azureuser"' -o ConnectTimeout=10 -o 'ControlPath="/home/runner/.ansible/cp/8831fa8ad3"' -o NumberOfPasswordPrompts=1 '[74.234.212.45]'
AzureDB IT	UNKNOWN STEP	2026-01-18T04:26:42.0141094Z <74.234.212.45> (0, b'sftp> put /home/runner/.ansible/tmp/ansible-local-3885wv_9r1l5/tmpalueoxyn /home/azureuser/.ansible/tmp/ansible-tmp-1768710353.931156-3919-10347691950398/AnsiballZ_apt.py\n', b'')
AzureDB IT	UNKNOWN STEP	2026-01-18T04:26:42.0142008Z <74.234.212.45> ESTABLISH SSH CONNECTION FOR USER: azureuser
AzureDB IT	UNKNOWN STEP	2026-01-18T04:26:42.0145064Z <74.234.212.45> SSH: EXEC ssh -o ControlMaster=auto -o ControlPersist=60s -o ForwardAgent=yes -o StrictHostKeyChecking=no -o IdentitiesOnly=yes -o StrictHostKeyChecking=no -o 'IdentityFile="gh-action-6ceaa2d-21105905291-1_westeurope"' -o KbdInteractiveAuthentication=no -o PreferredAuthentications=gssapi-with-mic,gssapi-keyex,hostbased,publickey -o PasswordAuthentication=no -o 'User="azureuser"' -o ConnectTimeout=10 -o 'ControlPath="/home/runner/.ansible/cp/8831fa8ad3"' -o NumberOfPasswordPrompts=1 74.234.212.45 '/bin/sh -c '"'"'chmod u+rwx /home/azureuser/.ansible/tmp/ansible-tmp-1768710353.931156-3919-10347691950398/ /home/azureuser/.ansible/tmp/ansible-tmp-1768710353.931156-3919-10347691950398/AnsiballZ_apt.py && sleep 0'"'"''
AzureDB IT	UNKNOWN STEP	2026-01-18T04:26:42.0147816Z <74.234.212.45> (0, b'', b'')
AzureDB IT	UNKNOWN STEP	2026-01-18T04:26:42.0148166Z <74.234.212.45> ESTABLISH SSH CONNECTION FOR USER: azureuser
AzureDB IT	UNKNOWN STEP	2026-01-18T04:26:42.0151162Z <74.234.212.45> SSH: EXEC ssh -o ControlMaster=auto -o ControlPersist=60s -o ForwardAgent=yes -o StrictHostKeyChecking=no -o IdentitiesOnly=yes -o StrictHostKeyChecking=no -o 'IdentityFile="gh-action-6ceaa2d-21105905291-1_westeurope"' -o KbdInteractiveAuthentication=no -o PreferredAuthentications=gssapi-with-mic,gssapi-keyex,hostbased,publickey -o PasswordAuthentication=no -o 'User="azureuser"' -o ConnectTimeout=10 -o 'ControlPath="/home/runner/.ansible/cp/8831fa8ad3"' -o NumberOfPasswordPrompts=1 -tt 74.234.212.45 '/bin/sh -c '"'"'sudo -H -S -n  -u root /bin/sh -c '"'"'"'"'"'"'"'"'echo BECOME-SUCCESS-mwqgahoyvzsbdlqwxtboxtajagpsamqw ; /usr/bin/python3.12 /home/azureuser/.ansible/tmp/ansible-tmp-1768710353.931156-3919-10347691950398/AnsiballZ_apt.py'"'"'"'"'"'"'"'"' && sleep 0'"'"''
AzureDB IT	UNKNOWN STEP	2026-01-18T04:26:42.0154280Z <74.234.212.45> Escalation succeeded
