Build distribution	Build Keycloak	ï»¿2026-01-03T04:12:04.2627853Z Prepare all required actions
Build distribution	Build Keycloak	2026-01-03T04:12:04.2628430Z Getting action download info
Build distribution	Build Keycloak	2026-01-03T04:12:04.3909769Z Download action repository 'actions/upload-artifact@ea165f8d65b6e75b540449e92b4886f43607fa02' (SHA:ea165f8d65b6e75b540449e92b4886f43607fa02)
Build distribution	Build Keycloak	2026-01-03T04:12:04.5219666Z ##[group]Run ./.github/actions/build-keycloak
Build distribution	Build Keycloak	2026-01-03T04:12:04.5220058Z with:
Build distribution	Build Keycloak	2026-01-03T04:12:04.5220286Z   upload-m2-repo: false
Build distribution	Build Keycloak	2026-01-03T04:12:04.5220533Z   upload-dist: true
Build distribution	Build Keycloak	2026-01-03T04:12:04.5220755Z env:
Build distribution	Build Keycloak	2026-01-03T04:12:04.5221054Z   MAVEN_ARGS: -B -nsu -Daether.connector.http.connectionMaxTtl=25
Build distribution	Build Keycloak	2026-01-03T04:12:04.5221443Z   MINIKUBE_VERSION: v1.37.0
Build distribution	Build Keycloak	2026-01-03T04:12:04.5221937Z   KUBERNETES_VERSION: v1.32.9
Build distribution	Build Keycloak	2026-01-03T04:12:04.5222199Z   MINIKUBE_MEMORY: 4096
Build distribution	Build Keycloak	2026-01-03T04:12:04.5222426Z ##[endgroup]
Build distribution	Build Keycloak	2026-01-03T04:12:04.5300791Z Prepare all required actions
Build distribution	Build Keycloak	2026-01-03T04:12:04.5301170Z Getting action download info
Build distribution	Build Keycloak	2026-01-03T04:12:04.6512032Z Download action repository 'actions/setup-java@c5195efecf7bdfc987ee8bae7a71cb8b11521c00' (SHA:c5195efecf7bdfc987ee8bae7a71cb8b11521c00)
Build distribution	Build Keycloak	2026-01-03T04:12:04.9632048Z ##[group]Run ./.github/actions/java-setup
Build distribution	Build Keycloak	2026-01-03T04:12:04.9632404Z with:
Build distribution	Build Keycloak	2026-01-03T04:12:04.9632622Z   distribution: temurin
Build distribution	Build Keycloak	2026-01-03T04:12:04.9632863Z   java-version: 21
Build distribution	Build Keycloak	2026-01-03T04:12:04.9633077Z env:
Build distribution	Build Keycloak	2026-01-03T04:12:04.9633378Z   MAVEN_ARGS: -B -nsu -Daether.connector.http.connectionMaxTtl=25
Build distribution	Build Keycloak	2026-01-03T04:12:04.9633757Z   MINIKUBE_VERSION: v1.37.0
Build distribution	Build Keycloak	2026-01-03T04:12:04.9634026Z   KUBERNETES_VERSION: v1.32.9
Build distribution	Build Keycloak	2026-01-03T04:12:04.9634277Z   MINIKUBE_MEMORY: 4096
Build distribution	Build Keycloak	2026-01-03T04:12:04.9634507Z ##[endgroup]
Build distribution	Build Keycloak	2026-01-03T04:12:04.9810712Z ##[group]Run actions/setup-java@c5195efecf7bdfc987ee8bae7a71cb8b11521c00
Build distribution	Build Keycloak	2026-01-03T04:12:04.9811188Z with:
Build distribution	Build Keycloak	2026-01-03T04:12:04.9811410Z   distribution: temurin
Build distribution	Build Keycloak	2026-01-03T04:12:04.9811650Z   java-version: 21
Build distribution	Build Keycloak	2026-01-03T04:12:04.9811885Z   java-package: jdk
Build distribution	Build Keycloak	2026-01-03T04:12:04.9812110Z   check-latest: false
Build distribution	Build Keycloak	2026-01-03T04:12:04.9812344Z   server-id: github
Build distribution	Build Keycloak	2026-01-03T04:12:04.9812598Z   server-username: GITHUB_ACTOR
Build distribution	Build Keycloak	2026-01-03T04:12:04.9812873Z   server-password: GITHUB_TOKEN
Build distribution	Build Keycloak	2026-01-03T04:12:04.9813136Z   overwrite-settings: true
Build distribution	Build Keycloak	2026-01-03T04:12:04.9813381Z   job-status: success
Build distribution	Build Keycloak	2026-01-03T04:12:04.9813750Z   token: ***
Build distribution	Build Keycloak	2026-01-03T04:12:04.9813957Z env:
Build distribution	Build Keycloak	2026-01-03T04:12:04.9814262Z   MAVEN_ARGS: -B -nsu -Daether.connector.http.connectionMaxTtl=25
Build distribution	Build Keycloak	2026-01-03T04:12:04.9814632Z   MINIKUBE_VERSION: v1.37.0
Build distribution	Build Keycloak	2026-01-03T04:12:04.9814896Z   KUBERNETES_VERSION: v1.32.9
Build distribution	Build Keycloak	2026-01-03T04:12:04.9815147Z   MINIKUBE_MEMORY: 4096
Build distribution	Build Keycloak	2026-01-03T04:12:04.9815379Z ##[endgroup]
Build distribution	Build Keycloak	2026-01-03T04:12:05.1798768Z ##[group]Installed distributions
Build distribution	Build Keycloak	2026-01-03T04:12:05.1932154Z Resolved Java 21.0.9+10 from tool-cache
Build distribution	Build Keycloak	2026-01-03T04:12:05.1932809Z Setting Java 21.0.9+10 as the default
Build distribution	Build Keycloak	2026-01-03T04:12:05.1946530Z Creating toolchains.xml for JDK version 21 from temurin
Build distribution	Build Keycloak	2026-01-03T04:12:05.2028603Z Writing to /home/runner/.m2/toolchains.xml
Build distribution	Build Keycloak	2026-01-03T04:12:05.2030777Z 
Build distribution	Build Keycloak	2026-01-03T04:12:05.2030991Z Java configuration:
Build distribution	Build Keycloak	2026-01-03T04:12:05.2031454Z   Distribution: temurin
Build distribution	Build Keycloak	2026-01-03T04:12:05.2032067Z   Version: 21.0.9+10
Build distribution	Build Keycloak	2026-01-03T04:12:05.2032657Z   Path: /opt/hostedtoolcache/Java_Temurin-Hotspot_jdk/21.0.9-10/x64
Build distribution	Build Keycloak	2026-01-03T04:12:05.2033158Z 
Build distribution	Build Keycloak	2026-01-03T04:12:05.2033898Z ##[endgroup]
Build distribution	Build Keycloak	2026-01-03T04:12:05.2047978Z Creating settings.xml with server-id: github
Build distribution	Build Keycloak	2026-01-03T04:12:05.2052749Z Writing to /home/runner/.m2/settings.xml
Build distribution	Build Keycloak	2026-01-03T04:12:05.2214333Z Prepare all required actions
Build distribution	Build Keycloak	2026-01-03T04:12:05.2214690Z Getting action download info
Build distribution	Build Keycloak	2026-01-03T04:12:05.3599993Z Download action repository 'actions/cache@5a3ec84eff668545956fd18022155c47e93e2684' (SHA:5a3ec84eff668545956fd18022155c47e93e2684)
Build distribution	Build Keycloak	2026-01-03T04:12:05.4769205Z ##[group]Run ./.github/actions/maven-cache
Build distribution	Build Keycloak	2026-01-03T04:12:05.4769496Z with:
Build distribution	Build Keycloak	2026-01-03T04:12:05.4769687Z   create-cache-if-it-doesnt-exist: true
Build distribution	Build Keycloak	2026-01-03T04:12:05.4769933Z env:
Build distribution	Build Keycloak	2026-01-03T04:12:05.4770188Z   MAVEN_ARGS: -B -nsu -Daether.connector.http.connectionMaxTtl=25
Build distribution	Build Keycloak	2026-01-03T04:12:05.4770525Z   MINIKUBE_VERSION: v1.37.0
Build distribution	Build Keycloak	2026-01-03T04:12:05.4770934Z   KUBERNETES_VERSION: v1.32.9
Build distribution	Build Keycloak	2026-01-03T04:12:05.4771156Z   MINIKUBE_MEMORY: 4096
Build distribution	Build Keycloak	2026-01-03T04:12:05.4771454Z   JAVA_HOME: /opt/hostedtoolcache/Java_Temurin-Hotspot_jdk/21.0.9-10/x64
Build distribution	Build Keycloak	2026-01-03T04:12:05.4771891Z   JAVA_HOME_21_X64: /opt/hostedtoolcache/Java_Temurin-Hotspot_jdk/21.0.9-10/x64
Build distribution	Build Keycloak	2026-01-03T04:12:05.4772230Z ##[endgroup]
Build distribution	Build Keycloak	2026-01-03T04:12:05.4800392Z ##[group]Run echo "key=mvn-`date -u "+%Y-%U"`" >> $GITHUB_OUTPUT
Build distribution	Build Keycloak	2026-01-03T04:12:05.4800876Z [36;1mecho "key=mvn-`date -u "+%Y-%U"`" >> $GITHUB_OUTPUT[0m
Build distribution	Build Keycloak	2026-01-03T04:12:05.4838931Z shell: /usr/bin/bash --noprofile --norc -e -o pipefail {0}
Build distribution	Build Keycloak	2026-01-03T04:12:05.4839488Z env:
Build distribution	Build Keycloak	2026-01-03T04:12:05.4839755Z   MAVEN_ARGS: -B -nsu -Daether.connector.http.connectionMaxTtl=25
Build distribution	Build Keycloak	2026-01-03T04:12:05.4840105Z   MINIKUBE_VERSION: v1.37.0
Build distribution	Build Keycloak	2026-01-03T04:12:05.4840319Z   KUBERNETES_VERSION: v1.32.9
Build distribution	Build Keycloak	2026-01-03T04:12:05.4840537Z   MINIKUBE_MEMORY: 4096
Build distribution	Build Keycloak	2026-01-03T04:12:05.4840828Z   JAVA_HOME: /opt/hostedtoolcache/Java_Temurin-Hotspot_jdk/21.0.9-10/x64
Build distribution	Build Keycloak	2026-01-03T04:12:05.4841277Z   JAVA_HOME_21_X64: /opt/hostedtoolcache/Java_Temurin-Hotspot_jdk/21.0.9-10/x64
Build distribution	Build Keycloak	2026-01-03T04:12:05.4841608Z ##[endgroup]
Build distribution	Build Keycloak	2026-01-03T04:12:05.4992989Z ##[group]Run actions/cache@5a3ec84eff668545956fd18022155c47e93e2684
Build distribution	Build Keycloak	2026-01-03T04:12:05.4993319Z with:
Build distribution	Build Keycloak	2026-01-03T04:12:05.4993555Z   path: ~/.m2/repository/*/*
Build distribution	Build Keycloak	!~/.m2/repository/org/keycloak
Build distribution	Build Keycloak	
Build distribution	Build Keycloak	2026-01-03T04:12:05.4993865Z   key: mvn-Linux-mvn-2026-00
Build distribution	Build Keycloak	2026-01-03T04:12:05.4994092Z   restore-keys: mvn--mvn-2026-00
Build distribution	Build Keycloak	
Build distribution	Build Keycloak	2026-01-03T04:12:05.4994326Z   enableCrossOsArchive: true
Build distribution	Build Keycloak	2026-01-03T04:12:05.4994543Z   fail-on-cache-miss: false
Build distribution	Build Keycloak	2026-01-03T04:12:05.4994756Z   lookup-only: false
Build distribution	Build Keycloak	2026-01-03T04:12:05.4994941Z   save-always: false
Build distribution	Build Keycloak	2026-01-03T04:12:05.4995111Z env:
Build distribution	Build Keycloak	2026-01-03T04:12:05.4995360Z   MAVEN_ARGS: -B -nsu -Daether.connector.http.connectionMaxTtl=25
Build distribution	Build Keycloak	2026-01-03T04:12:05.4995681Z   MINIKUBE_VERSION: v1.37.0
Build distribution	Build Keycloak	2026-01-03T04:12:05.4996095Z   KUBERNETES_VERSION: v1.32.9
Build distribution	Build Keycloak	2026-01-03T04:12:05.4996323Z   MINIKUBE_MEMORY: 4096
Build distribution	Build Keycloak	2026-01-03T04:12:05.4996613Z   JAVA_HOME: /opt/hostedtoolcache/Java_Temurin-Hotspot_jdk/21.0.9-10/x64
Build distribution	Build Keycloak	2026-01-03T04:12:05.4997063Z   JAVA_HOME_21_X64: /opt/hostedtoolcache/Java_Temurin-Hotspot_jdk/21.0.9-10/x64
Build distribution	Build Keycloak	2026-01-03T04:12:05.4997402Z ##[endgroup]
Build distribution	Build Keycloak	2026-01-03T04:12:05.6978585Z Cache hit for: mvn-Linux-mvn-2026-00
Build distribution	Build Keycloak	2026-01-03T04:12:06.7702261Z Received 239075328 of 701456867 (34.1%), 226.0 MBs/sec
Build distribution	Build Keycloak	2026-01-03T04:12:07.8592007Z Received 536870912 of 701456867 (76.5%), 243.9 MBs/sec
Build distribution	Build Keycloak	2026-01-03T04:12:08.4641768Z Received 701456867 of 701456867 (100.0%), 247.5 MBs/sec
Build distribution	Build Keycloak	2026-01-03T04:12:08.4644607Z Cache Size: ~669 MB (701456867 B)
Build distribution	Build Keycloak	2026-01-03T04:12:08.4754541Z [command]/usr/bin/tar -xf /home/runner/work/_temp/7eef28d0-7ad4-4e63-b524-aefe99ed68cb/cache.tzst -P -C /home/runner/work/keycloak/keycloak --use-compress-program unzstd
Build distribution	Build Keycloak	2026-01-03T04:12:11.1290485Z Cache restored successfully
Build distribution	Build Keycloak	2026-01-03T04:12:11.2710205Z Cache restored from key: mvn-Linux-mvn-2026-00
Build distribution	Build Keycloak	2026-01-03T04:12:11.2875672Z Prepare all required actions
Build distribution	Build Keycloak	2026-01-03T04:12:11.2876358Z Getting action download info
Build distribution	Build Keycloak	2026-01-03T04:12:11.4170082Z ##[group]Run ./.github/actions/node-cache
Build distribution	Build Keycloak	2026-01-03T04:12:11.4170399Z env:
Build distribution	Build Keycloak	2026-01-03T04:12:11.4170686Z   MAVEN_ARGS: -B -nsu -Daether.connector.http.connectionMaxTtl=25
Build distribution	Build Keycloak	2026-01-03T04:12:11.4171027Z   MINIKUBE_VERSION: v1.37.0
Build distribution	Build Keycloak	2026-01-03T04:12:11.4171268Z   KUBERNETES_VERSION: v1.32.9
Build distribution	Build Keycloak	2026-01-03T04:12:11.4171497Z   MINIKUBE_MEMORY: 4096
Build distribution	Build Keycloak	2026-01-03T04:12:11.4171846Z   JAVA_HOME: /opt/hostedtoolcache/Java_Temurin-Hotspot_jdk/21.0.9-10/x64
Build distribution	Build Keycloak	2026-01-03T04:12:11.4172305Z   JAVA_HOME_21_X64: /opt/hostedtoolcache/Java_Temurin-Hotspot_jdk/21.0.9-10/x64
Build distribution	Build Keycloak	2026-01-03T04:12:11.4172677Z ##[endgroup]
Build distribution	Build Keycloak	2026-01-03T04:12:11.4191263Z ##[group]Run echo "node=$(cat js/pom.xml | grep '<node.version>' | cut -d '>' -f 2 | cut -d '<' -f 1 | cut -c 2-)" >> $GITHUB_OUTPUT
Build distribution	Build Keycloak	2026-01-03T04:12:11.4192018Z [36;1mecho "node=$(cat js/pom.xml | grep '<node.version>' | cut -d '>' -f 2 | cut -d '<' -f 1 | cut -c 2-)" >> $GITHUB_OUTPUT[0m
Build distribution	Build Keycloak	2026-01-03T04:12:11.4193106Z [36;1mecho "pnpm=$(cat js/pom.xml | grep '<pnpm.version>' | cut -d '>' -f 2 | cut -d '<' -f 1 | cut -c 1-)" >> $GITHUB_OUTPUT[0m
Build distribution	Build Keycloak	2026-01-03T04:12:11.4228869Z shell: /usr/bin/bash --noprofile --norc -e -o pipefail {0}
Build distribution	Build Keycloak	2026-01-03T04:12:11.4229236Z env:
Build distribution	Build Keycloak	2026-01-03T04:12:11.4229527Z   MAVEN_ARGS: -B -nsu -Daether.connector.http.connectionMaxTtl=25
Build distribution	Build Keycloak	2026-01-03T04:12:11.4229871Z   MINIKUBE_VERSION: v1.37.0
Build distribution	Build Keycloak	2026-01-03T04:12:11.4230123Z   KUBERNETES_VERSION: v1.32.9
Build distribution	Build Keycloak	2026-01-03T04:12:11.4230373Z   MINIKUBE_MEMORY: 4096
Build distribution	Build Keycloak	2026-01-03T04:12:11.4230695Z   JAVA_HOME: /opt/hostedtoolcache/Java_Temurin-Hotspot_jdk/21.0.9-10/x64
Build distribution	Build Keycloak	2026-01-03T04:12:11.4231378Z   JAVA_HOME_21_X64: /opt/hostedtoolcache/Java_Temurin-Hotspot_jdk/21.0.9-10/x64
Build distribution	Build Keycloak	2026-01-03T04:12:11.4231765Z ##[endgroup]
Build distribution	Build Keycloak	2026-01-03T04:12:11.4443490Z ##[group]Run actions/cache@5a3ec84eff668545956fd18022155c47e93e2684
Build distribution	Build Keycloak	2026-01-03T04:12:11.4444058Z with:
Build distribution	Build Keycloak	2026-01-03T04:12:11.4444638Z   path: ~/.m2/repository/com/github/eirslett/node
Build distribution	Build Keycloak	~/.m2/repository/com/github/eirslett/pnpm
Build distribution	Build Keycloak	
Build distribution	Build Keycloak	2026-01-03T04:12:11.4445503Z   key: Linux-frontend-plugin-artifacts-24.9.0-10.14.0
Build distribution	Build Keycloak	2026-01-03T04:12:11.4446219Z   enableCrossOsArchive: false
Build distribution	Build Keycloak	2026-01-03T04:12:11.4446619Z   fail-on-cache-miss: false
Build distribution	Build Keycloak	2026-01-03T04:12:11.4446980Z   lookup-only: false
Build distribution	Build Keycloak	2026-01-03T04:12:11.4447294Z   save-always: false
Build distribution	Build Keycloak	2026-01-03T04:12:11.4447594Z env:
Build distribution	Build Keycloak	2026-01-03T04:12:11.4448024Z   MAVEN_ARGS: -B -nsu -Daether.connector.http.connectionMaxTtl=25
Build distribution	Build Keycloak	2026-01-03T04:12:11.4448580Z   MINIKUBE_VERSION: v1.37.0
Build distribution	Build Keycloak	2026-01-03T04:12:11.4448942Z   KUBERNETES_VERSION: v1.32.9
Build distribution	Build Keycloak	2026-01-03T04:12:11.4449305Z   MINIKUBE_MEMORY: 4096
Build distribution	Build Keycloak	2026-01-03T04:12:11.4449810Z   JAVA_HOME: /opt/hostedtoolcache/Java_Temurin-Hotspot_jdk/21.0.9-10/x64
Build distribution	Build Keycloak	2026-01-03T04:12:11.4450569Z   JAVA_HOME_21_X64: /opt/hostedtoolcache/Java_Temurin-Hotspot_jdk/21.0.9-10/x64
Build distribution	Build Keycloak	2026-01-03T04:12:11.4451149Z ##[endgroup]
Build distribution	Build Keycloak	2026-01-03T04:12:11.6532059Z Cache hit for: Linux-frontend-plugin-artifacts-24.9.0-10.14.0
Build distribution	Build Keycloak	2026-01-03T04:12:12.6613223Z Received 178075408 of 178075408 (100.0%), 178.0 MBs/sec
Build distribution	Build Keycloak	2026-01-03T04:12:12.6614076Z Cache Size: ~170 MB (178075408 B)
Build distribution	Build Keycloak	2026-01-03T04:12:12.6650458Z [command]/usr/bin/tar -xf /home/runner/work/_temp/08d1e34a-068b-49a2-a03a-a9e7bad864dc/cache.tzst -P -C /home/runner/work/keycloak/keycloak --use-compress-program unzstd
Build distribution	Build Keycloak	2026-01-03T04:12:13.1465439Z Cache restored successfully
Build distribution	Build Keycloak	2026-01-03T04:12:13.1878192Z Cache restored from key: Linux-frontend-plugin-artifacts-24.9.0-10.14.0
Build distribution	Build Keycloak	2026-01-03T04:12:13.2004494Z Prepare all required actions
Build distribution	Build Keycloak	2026-01-03T04:12:13.2004817Z Getting action download info
Build distribution	Build Keycloak	2026-01-03T04:12:13.3270562Z ##[group]Run ./.github/actions/pnpm-store-cache
Build distribution	Build Keycloak	2026-01-03T04:12:13.3270880Z env:
Build distribution	Build Keycloak	2026-01-03T04:12:13.3271160Z   MAVEN_ARGS: -B -nsu -Daether.connector.http.connectionMaxTtl=25
Build distribution	Build Keycloak	2026-01-03T04:12:13.3271510Z   MINIKUBE_VERSION: v1.37.0
Build distribution	Build Keycloak	2026-01-03T04:12:13.3271748Z   KUBERNETES_VERSION: v1.32.9
Build distribution	Build Keycloak	2026-01-03T04:12:13.3271978Z   MINIKUBE_MEMORY: 4096
Build distribution	Build Keycloak	2026-01-03T04:12:13.3272286Z   JAVA_HOME: /opt/hostedtoolcache/Java_Temurin-Hotspot_jdk/21.0.9-10/x64
Build distribution	Build Keycloak	2026-01-03T04:12:13.3272763Z   JAVA_HOME_21_X64: /opt/hostedtoolcache/Java_Temurin-Hotspot_jdk/21.0.9-10/x64
Build distribution	Build Keycloak	2026-01-03T04:12:13.3273113Z ##[endgroup]
Build distribution	Build Keycloak	2026-01-03T04:12:13.3287835Z ##[group]Run echo "key=pnpm-store-`date -u "+%Y-%U"`" >> $GITHUB_OUTPUT
Build distribution	Build Keycloak	2026-01-03T04:12:13.3288301Z [36;1mecho "key=pnpm-store-`date -u "+%Y-%U"`" >> $GITHUB_OUTPUT[0m
Build distribution	Build Keycloak	2026-01-03T04:12:13.3321878Z shell: /usr/bin/bash --noprofile --norc -e -o pipefail {0}
Build distribution	Build Keycloak	2026-01-03T04:12:13.3322212Z env:
Build distribution	Build Keycloak	2026-01-03T04:12:13.3322492Z   MAVEN_ARGS: -B -nsu -Daether.connector.http.connectionMaxTtl=25
Build distribution	Build Keycloak	2026-01-03T04:12:13.3322840Z   MINIKUBE_VERSION: v1.37.0
Build distribution	Build Keycloak	2026-01-03T04:12:13.3323097Z   KUBERNETES_VERSION: v1.32.9
Build distribution	Build Keycloak	2026-01-03T04:12:13.3323338Z   MINIKUBE_MEMORY: 4096
Build distribution	Build Keycloak	2026-01-03T04:12:13.3323661Z   JAVA_HOME: /opt/hostedtoolcache/Java_Temurin-Hotspot_jdk/21.0.9-10/x64
Build distribution	Build Keycloak	2026-01-03T04:12:13.3324150Z   JAVA_HOME_21_X64: /opt/hostedtoolcache/Java_Temurin-Hotspot_jdk/21.0.9-10/x64
Build distribution	Build Keycloak	2026-01-03T04:12:13.3324512Z ##[endgroup]
Build distribution	Build Keycloak	2026-01-03T04:12:13.3433601Z ##[group]Run actions/cache@5a3ec84eff668545956fd18022155c47e93e2684
Build distribution	Build Keycloak	2026-01-03T04:12:13.3433946Z with:
Build distribution	Build Keycloak	2026-01-03T04:12:13.3434259Z   path: ~/.local/share/pnpm/store
Build distribution	Build Keycloak	~/AppData/Local/pnpm/store
Build distribution	Build Keycloak	~/Library/pnpm/store
Build distribution	Build Keycloak	
Build distribution	Build Keycloak	2026-01-03T04:12:13.3434657Z   key: Linux-pnpm-store-2026-00
Build distribution	Build Keycloak	2026-01-03T04:12:13.3434912Z   enableCrossOsArchive: false
Build distribution	Build Keycloak	2026-01-03T04:12:13.3435147Z   fail-on-cache-miss: false
Build distribution	Build Keycloak	2026-01-03T04:12:13.3435367Z   lookup-only: false
Build distribution	Build Keycloak	2026-01-03T04:12:13.3435569Z   save-always: false
Build distribution	Build Keycloak	2026-01-03T04:12:13.3435748Z env:
Build distribution	Build Keycloak	2026-01-03T04:12:13.3436314Z   MAVEN_ARGS: -B -nsu -Daether.connector.http.connectionMaxTtl=25
Build distribution	Build Keycloak	2026-01-03T04:12:13.3436854Z   MINIKUBE_VERSION: v1.37.0
Build distribution	Build Keycloak	2026-01-03T04:12:13.3437089Z   KUBERNETES_VERSION: v1.32.9
Build distribution	Build Keycloak	2026-01-03T04:12:13.3437315Z   MINIKUBE_MEMORY: 4096
Build distribution	Build Keycloak	2026-01-03T04:12:13.3437637Z   JAVA_HOME: /opt/hostedtoolcache/Java_Temurin-Hotspot_jdk/21.0.9-10/x64
Build distribution	Build Keycloak	2026-01-03T04:12:13.3438093Z   JAVA_HOME_21_X64: /opt/hostedtoolcache/Java_Temurin-Hotspot_jdk/21.0.9-10/x64
Build distribution	Build Keycloak	2026-01-03T04:12:13.3438458Z ##[endgroup]
Build distribution	Build Keycloak	2026-01-03T04:12:13.5390388Z Cache hit for: Linux-pnpm-store-2026-00
Build distribution	Build Keycloak	2026-01-03T04:12:14.2930899Z Received 140446345 of 140446345 (100.0%), 193.8 MBs/sec
Build distribution	Build Keycloak	2026-01-03T04:12:14.2931970Z Cache Size: ~134 MB (140446345 B)
Build distribution	Build Keycloak	2026-01-03T04:12:14.2962723Z [command]/usr/bin/tar -xf /home/runner/work/_temp/d057929f-81b4-4cf4-a29c-263d492c037c/cache.tzst -P -C /home/runner/work/keycloak/keycloak --use-compress-program unzstd
Build distribution	Build Keycloak	2026-01-03T04:12:17.0580197Z Cache restored successfully
Build distribution	Build Keycloak	2026-01-03T04:12:17.0929085Z Cache restored from key: Linux-pnpm-store-2026-00
Build distribution	Build Keycloak	2026-01-03T04:12:17.1035706Z ##[group]Run # Ensure this plugin is built first to avoid warnings in the build
Build distribution	Build Keycloak	2026-01-03T04:12:17.1036553Z [36;1m# Ensure this plugin is built first to avoid warnings in the build[0m
Build distribution	Build Keycloak	2026-01-03T04:12:17.1037095Z [36;1m./mvnw install -Pdistribution -am -pl distribution/maven-plugins/licenses-processor[0m
Build distribution	Build Keycloak	2026-01-03T04:12:17.1037754Z [36;1m# By using "dependency:resolve", it will download all dependencies used in later stages for running the tests[0m
Build distribution	Build Keycloak	2026-01-03T04:12:17.1038597Z [36;1m./mvnw install dependency:resolve -V -e -DskipTests -DskipExamples -DexcludeGroupIds=org.keycloak -Dsilent=true -DcommitProtoLockChanges=true[0m
Build distribution	Build Keycloak	2026-01-03T04:12:17.1071268Z shell: /usr/bin/bash --noprofile --norc -e -o pipefail {0}
Build distribution	Build Keycloak	2026-01-03T04:12:17.1071600Z env:
Build distribution	Build Keycloak	2026-01-03T04:12:17.1071886Z   MAVEN_ARGS: -B -nsu -Daether.connector.http.connectionMaxTtl=25
Build distribution	Build Keycloak	2026-01-03T04:12:17.1072236Z   MINIKUBE_VERSION: v1.37.0
Build distribution	Build Keycloak	2026-01-03T04:12:17.1072473Z   KUBERNETES_VERSION: v1.32.9
Build distribution	Build Keycloak	2026-01-03T04:12:17.1072776Z   MINIKUBE_MEMORY: 4096
Build distribution	Build Keycloak	2026-01-03T04:12:17.1073237Z   JAVA_HOME: /opt/hostedtoolcache/Java_Temurin-Hotspot_jdk/21.0.9-10/x64
Build distribution	Build Keycloak	2026-01-03T04:12:17.1073795Z   JAVA_HOME_21_X64: /opt/hostedtoolcache/Java_Temurin-Hotspot_jdk/21.0.9-10/x64
Build distribution	Build Keycloak	2026-01-03T04:12:17.1074150Z ##[endgroup]
Build distribution	Build Keycloak	2026-01-03T04:12:17.6108527Z wget: Failed to fetch https://repo.maven.apache.org/maven2/org/apache/maven/apache-maven/3.9.8/apache-maven-3.9.8-bin.zip
Build distribution	Build Keycloak	2026-01-03T04:12:17.6130318Z ##[error]Process completed with exit code 1.
Status Check - Keycloak Operator CI	Run /./.github/actions/status-check	ï»¿2026-01-03T04:12:24.2768388Z Prepare all required actions
Status Check - Keycloak Operator CI	Run /./.github/actions/status-check	2026-01-03T04:12:24.2832779Z ##[group]Run ./.github/actions/status-check
Status Check - Keycloak Operator CI	Run /./.github/actions/status-check	2026-01-03T04:12:24.2833134Z with:
Status Check - Keycloak Operator CI	Run /./.github/actions/status-check	2026-01-03T04:12:24.2833970Z   jobs: {
Status Check - Keycloak Operator CI	Run /./.github/actions/status-check	  "conditional": {
Status Check - Keycloak Operator CI	Run /./.github/actions/status-check	    "result": "success",
Status Check - Keycloak Operator CI	Run /./.github/actions/status-check	    "outputs": {
Status Check - Keycloak Operator CI	Run /./.github/actions/status-check	      "operator": "true"
Status Check - Keycloak Operator CI	Run /./.github/actions/status-check	    }
Status Check - Keycloak Operator CI	Run /./.github/actions/status-check	  },
Status Check - Keycloak Operator CI	Run /./.github/actions/status-check	  "build": {
Status Check - Keycloak Operator CI	Run /./.github/actions/status-check	    "result": "failure",
Status Check - Keycloak Operator CI	Run /./.github/actions/status-check	    "outputs": {}
Status Check - Keycloak Operator CI	Run /./.github/actions/status-check	  },
Status Check - Keycloak Operator CI	Run /./.github/actions/status-check	  "test-local-apiserver": {
Status Check - Keycloak Operator CI	Run /./.github/actions/status-check	    "result": "skipped",
Status Check - Keycloak Operator CI	Run /./.github/actions/status-check	    "outputs": {}
Status Check - Keycloak Operator CI	Run /./.github/actions/status-check	  },
Status Check - Keycloak Operator CI	Run /./.github/actions/status-check	  "test-remote": {
Status Check - Keycloak Operator CI	Run /./.github/actions/status-check	    "result": "skipped",
Status Check - Keycloak Operator CI	Run /./.github/actions/status-check	    "outputs": {}
Status Check - Keycloak Operator CI	Run /./.github/actions/status-check	  },
Status Check - Keycloak Operator CI	Run /./.github/actions/status-check	  "test-olm": {
Status Check - Keycloak Operator CI	Run /./.github/actions/status-check	    "result": "skipped",
Status Check - Keycloak Operator CI	Run /./.github/actions/status-check	    "outputs": {}
Status Check - Keycloak Operator CI	Run /./.github/actions/status-check	  }
Status Check - Keycloak Operator CI	Run /./.github/actions/status-check	}
Status Check - Keycloak Operator CI	Run /./.github/actions/status-check	2026-01-03T04:12:24.2834906Z env:
Status Check - Keycloak Operator CI	Run /./.github/actions/status-check	2026-01-03T04:12:24.2835263Z   MAVEN_ARGS: -B -nsu -Daether.connector.http.connectionMaxTtl=25
Status Check - Keycloak Operator CI	Run /./.github/actions/status-check	2026-01-03T04:12:24.2835847Z   MINIKUBE_VERSION: v1.37.0
Status Check - Keycloak Operator CI	Run /./.github/actions/status-check	2026-01-03T04:12:24.2836123Z   KUBERNETES_VERSION: v1.32.9
Status Check - Keycloak Operator CI	Run /./.github/actions/status-check	2026-01-03T04:12:24.2836384Z   MINIKUBE_MEMORY: 4096
Status Check - Keycloak Operator CI	Run /./.github/actions/status-check	2026-01-03T04:12:24.2836616Z ##[endgroup]
Status Check - Keycloak Operator CI	Run /./.github/actions/status-check	2026-01-03T04:12:24.2930551Z ##[group]Run JOBS='{
Status Check - Keycloak Operator CI	Run /./.github/actions/status-check	2026-01-03T04:12:24.2930925Z [36;1mJOBS='{[0m
Status Check - Keycloak Operator CI	Run /./.github/actions/status-check	2026-01-03T04:12:24.2931165Z [36;1m  "conditional": {[0m
Status Check - Keycloak Operator CI	Run /./.github/actions/status-check	2026-01-03T04:12:24.2931469Z [36;1m    "result": "success",[0m
Status Check - Keycloak Operator CI	Run /./.github/actions/status-check	2026-01-03T04:12:24.2931741Z [36;1m    "outputs": {[0m
Status Check - Keycloak Operator CI	Run /./.github/actions/status-check	2026-01-03T04:12:24.2931999Z [36;1m      "operator": "true"[0m
Status Check - Keycloak Operator CI	Run /./.github/actions/status-check	2026-01-03T04:12:24.2932268Z [36;1m    }[0m
Status Check - Keycloak Operator CI	Run /./.github/actions/status-check	2026-01-03T04:12:24.2932543Z [36;1m  },[0m
Status Check - Keycloak Operator CI	Run /./.github/actions/status-check	2026-01-03T04:12:24.2932752Z [36;1m  "build": {[0m
Status Check - Keycloak Operator CI	Run /./.github/actions/status-check	2026-01-03T04:12:24.2932983Z [36;1m    "result": "failure",[0m
Status Check - Keycloak Operator CI	Run /./.github/actions/status-check	2026-01-03T04:12:24.2933242Z [36;1m    "outputs": {}[0m
Status Check - Keycloak Operator CI	Run /./.github/actions/status-check	2026-01-03T04:12:24.2933482Z [36;1m  },[0m
Status Check - Keycloak Operator CI	Run /./.github/actions/status-check	2026-01-03T04:12:24.2933704Z [36;1m  "test-local-apiserver": {[0m
Status Check - Keycloak Operator CI	Run /./.github/actions/status-check	2026-01-03T04:12:24.2933989Z [36;1m    "result": "skipped",[0m
Status Check - Keycloak Operator CI	Run /./.github/actions/status-check	2026-01-03T04:12:24.2934250Z [36;1m    "outputs": {}[0m
Status Check - Keycloak Operator CI	Run /./.github/actions/status-check	2026-01-03T04:12:24.2934484Z [36;1m  },[0m
Status Check - Keycloak Operator CI	Run /./.github/actions/status-check	2026-01-03T04:12:24.2934689Z [36;1m  "test-remote": {[0m
Status Check - Keycloak Operator CI	Run /./.github/actions/status-check	2026-01-03T04:12:24.2934937Z [36;1m    "result": "skipped",[0m
Status Check - Keycloak Operator CI	Run /./.github/actions/status-check	2026-01-03T04:12:24.2935189Z [36;1m    "outputs": {}[0m
Status Check - Keycloak Operator CI	Run /./.github/actions/status-check	2026-01-03T04:12:24.2935409Z [36;1m  },[0m
Status Check - Keycloak Operator CI	Run /./.github/actions/status-check	2026-01-03T04:12:24.2935614Z [36;1m  "test-olm": {[0m
Status Check - Keycloak Operator CI	Run /./.github/actions/status-check	2026-01-03T04:12:24.2935859Z [36;1m    "result": "skipped",[0m
Status Check - Keycloak Operator CI	Run /./.github/actions/status-check	2026-01-03T04:12:24.2936121Z [36;1m    "outputs": {}[0m
Status Check - Keycloak Operator CI	Run /./.github/actions/status-check	2026-01-03T04:12:24.2936341Z [36;1m  }[0m
Status Check - Keycloak Operator CI	Run /./.github/actions/status-check	2026-01-03T04:12:24.2936539Z [36;1m}'[0m
Status Check - Keycloak Operator CI	Run /./.github/actions/status-check	2026-01-03T04:12:24.2936737Z [36;1m[0m
Status Check - Keycloak Operator CI	Run /./.github/actions/status-check	2026-01-03T04:12:24.2936947Z [36;1mecho "Job status:"[0m
Status Check - Keycloak Operator CI	Run /./.github/actions/status-check	2026-01-03T04:12:24.2937447Z [36;1mecho $JOBS | jq -r 'to_entries[] | " - \(.key): \(.value.result)"'[0m
Status Check - Keycloak Operator CI	Run /./.github/actions/status-check	2026-01-03T04:12:24.2937810Z [36;1m[0m
Status Check - Keycloak Operator CI	Run /./.github/actions/status-check	2026-01-03T04:12:24.2938110Z [36;1mfor i in $(echo $JOBS | jq -r 'to_entries[] | .value.result'); do[0m
Status Check - Keycloak Operator CI	Run /./.github/actions/status-check	2026-01-03T04:12:24.2938501Z [36;1m  if [ "$i" != "success" ] && [ "$i" != "skipped" ]; then[0m
Status Check - Keycloak Operator CI	Run /./.github/actions/status-check	2026-01-03T04:12:24.2938816Z [36;1m    echo ""[0m
Status Check - Keycloak Operator CI	Run /./.github/actions/status-check	2026-01-03T04:12:24.2939054Z [36;1m    echo "Status check not okay!"[0m
Status Check - Keycloak Operator CI	Run /./.github/actions/status-check	2026-01-03T04:12:24.2939331Z [36;1m    exit 1[0m
Status Check - Keycloak Operator CI	Run /./.github/actions/status-check	2026-01-03T04:12:24.2939545Z [36;1m  fi[0m
Status Check - Keycloak Operator CI	Run /./.github/actions/status-check	2026-01-03T04:12:24.2939748Z [36;1mdone[0m
Status Check - Keycloak Operator CI	Run /./.github/actions/status-check	2026-01-03T04:12:24.2976622Z shell: /usr/bin/bash --noprofile --norc -e -o pipefail {0}
Status Check - Keycloak Operator CI	Run /./.github/actions/status-check	2026-01-03T04:12:24.2977022Z env:
Status Check - Keycloak Operator CI	Run /./.github/actions/status-check	2026-01-03T04:12:24.2977491Z   MAVEN_ARGS: -B -nsu -Daether.connector.http.connectionMaxTtl=25
Status Check - Keycloak Operator CI	Run /./.github/actions/status-check	2026-01-03T04:12:24.2977863Z   MINIKUBE_VERSION: v1.37.0
Status Check - Keycloak Operator CI	Run /./.github/actions/status-check	2026-01-03T04:12:24.2978121Z   KUBERNETES_VERSION: v1.32.9
Status Check - Keycloak Operator CI	Run /./.github/actions/status-check	2026-01-03T04:12:24.2978372Z   MINIKUBE_MEMORY: 4096
Status Check - Keycloak Operator CI	Run /./.github/actions/status-check	2026-01-03T04:12:24.2978589Z ##[endgroup]
Status Check - Keycloak Operator CI	Run /./.github/actions/status-check	2026-01-03T04:12:24.3050370Z Job status:
Status Check - Keycloak Operator CI	Run /./.github/actions/status-check	2026-01-03T04:12:24.3076705Z  - conditional: success
Status Check - Keycloak Operator CI	Run /./.github/actions/status-check	2026-01-03T04:12:24.3077034Z  - build: failure
Status Check - Keycloak Operator CI	Run /./.github/actions/status-check	2026-01-03T04:12:24.3077529Z  - test-local-apiserver: skipped
Status Check - Keycloak Operator CI	Run /./.github/actions/status-check	2026-01-03T04:12:24.3077832Z  - test-remote: skipped
Status Check - Keycloak Operator CI	Run /./.github/actions/status-check	2026-01-03T04:12:24.3078092Z  - test-olm: skipped
Status Check - Keycloak Operator CI	Run /./.github/actions/status-check	2026-01-03T04:12:24.3110719Z 
Status Check - Keycloak Operator CI	Run /./.github/actions/status-check	2026-01-03T04:12:24.3110987Z Status check not okay!
Status Check - Keycloak Operator CI	Run /./.github/actions/status-check	2026-01-03T04:12:24.3123517Z ##[error]Process completed with exit code 1.
