Admin UI E2E (2, chrome)	Run Cypress	2024-12-21T00:22:32.2973738Z ##[group]Run cypress-io/github-action@v6
Admin UI E2E (2, chrome)	Run Cypress	2024-12-21T00:22:32.2974224Z with:
Admin UI E2E (2, chrome)	Run Cypress	2024-12-21T00:22:32.2974530Z   install: false
Admin UI E2E (2, chrome)	Run Cypress	2024-12-21T00:22:32.2974844Z   browser: chrome
Admin UI E2E (2, chrome)	Run Cypress	2024-12-21T00:22:32.2975200Z   wait-on: http://localhost:8080
Admin UI E2E (2, chrome)	Run Cypress	2024-12-21T00:22:32.2975657Z   working-directory: js/apps/admin-ui
Admin UI E2E (2, chrome)	Run Cypress	2024-12-21T00:22:32.2976089Z   record: false
Admin UI E2E (2, chrome)	Run Cypress	2024-12-21T00:22:32.2976418Z   publish-summary: true
Admin UI E2E (2, chrome)	Run Cypress	2024-12-21T00:22:32.2976765Z   component: false
Admin UI E2E (2, chrome)	Run Cypress	2024-12-21T00:22:32.2977066Z env:
Admin UI E2E (2, chrome)	Run Cypress	2024-12-21T00:22:32.2977522Z   MAVEN_ARGS: -B -nsu -Daether.connector.http.connectionMaxTtl=25
Admin UI E2E (2, chrome)	Run Cypress	2024-12-21T00:22:32.2978130Z   RETRY_COUNT: 3
Admin UI E2E (2, chrome)	Run Cypress	2024-12-21T00:22:32.2978465Z   WORKSPACE: keycloak-admin-ui
Admin UI E2E (2, chrome)	Run Cypress	2024-12-21T00:22:32.2979034Z   JAVA_HOME: /opt/hostedtoolcache/Java_Temurin-Hotspot_jdk/21.0.5-11/x64
Admin UI E2E (2, chrome)	Run Cypress	2024-12-21T00:22:32.2979819Z   JAVA_HOME_21_X64: /opt/hostedtoolcache/Java_Temurin-Hotspot_jdk/21.0.5-11/x64
Admin UI E2E (2, chrome)	Run Cypress	2024-12-21T00:22:32.2980420Z   SPLIT: 10
Admin UI E2E (2, chrome)	Run Cypress	2024-12-21T00:22:32.2980702Z   SPLIT_INDEX: 2
Admin UI E2E (2, chrome)	Run Cypress	2024-12-21T00:22:32.2981012Z   SPLIT_RANDOM_SEED: 46
Admin UI E2E (2, chrome)	Run Cypress	2024-12-21T00:22:32.2981577Z ##[endgroup]
Admin UI E2E (2, chrome)	Run Cypress	2024-12-21T00:22:32.5626712Z Skipping install because install parameter is false
Admin UI E2E (2, chrome)	Run Cypress	2024-12-21T00:22:32.5634389Z waiting on "http://localhost:8080" with timeout of 60 seconds
Admin UI E2E (2, chrome)	Run Cypress	2024-12-21T00:22:48.5222363Z It looks like this is your first time using Cypress: 13.17.0
Admin UI E2E (2, chrome)	Run Cypress	2024-12-21T00:22:48.5223485Z 
Admin UI E2E (2, chrome)	Run Cypress	2024-12-21T00:22:48.5245212Z [STARTED] Task without title.
Admin UI E2E (2, chrome)	Run Cypress	2024-12-21T00:22:50.0595316Z [SUCCESS] Task without title.
Admin UI E2E (2, chrome)	Run Cypress	2024-12-21T00:22:50.0599452Z 
Admin UI E2E (2, chrome)	Run Cypress	2024-12-21T00:22:50.0599779Z Opening Cypress...
Admin UI E2E (2, chrome)	Run Cypress	2024-12-21T00:22:50.6354107Z MESA: error: ZINK: vkCreateInstance failed (VK_ERROR_INCOMPATIBLE_DRIVER)
Admin UI E2E (2, chrome)	Run Cypress	2024-12-21T00:22:50.6356009Z glx: failed to create drisw screen
Admin UI E2E (2, chrome)	Run Cypress	2024-12-21T00:22:50.6861633Z 
Admin UI E2E (2, chrome)	Run Cypress	2024-12-21T00:22:50.6863986Z DevTools listening on ws://127.0.0.1:37563/devtools/browser/d5e1e6bc-2288-4743-9d42-923606f381e0
Admin UI E2E (2, chrome)	Run Cypress	2024-12-21T00:22:51.2752598Z (node:2766) ExperimentalWarning: `--experimental-loader` may be removed in the future; instead use `register()`:
Admin UI E2E (2, chrome)	Run Cypress	2024-12-21T00:22:51.2754939Z --import 'data:text/javascript,import { register } from "node:module"; import { pathToFileURL } from "node:url"; register("file%3A///home/runner/.cache/Cypress/13.17.0/Cypress/resources/app/node_modules/ts-node/esm/transpile-only.mjs", pathToFileURL("./"));'
Admin UI E2E (2, chrome)	Run Cypress	2024-12-21T00:22:51.2757202Z (Use `node --trace-warnings ...` to show where the warning was created)
Admin UI E2E (2, chrome)	Run Cypress	2024-12-21T00:23:03.0186351Z cypress-split: there are 41 found specs
Admin UI E2E (2, chrome)	Run Cypress	2024-12-21T00:23:03.0188007Z the first 5 specs
Admin UI E2E (2, chrome)	Run Cypress	2024-12-21T00:23:03.0188988Z - 1: /home/runner/work/keycloak/keycloak/js/apps/admin-ui/cypress/e2e/realm_roles_test.spec.ts
Admin UI E2E (2, chrome)	Run Cypress	2024-12-21T00:23:03.0190564Z - 2: /home/runner/work/keycloak/keycloak/js/apps/admin-ui/cypress/e2e/clients_saml_test.spec.ts
Admin UI E2E (2, chrome)	Run Cypress	2024-12-21T00:23:03.0191961Z - 3: /home/runner/work/keycloak/keycloak/js/apps/admin-ui/cypress/e2e/authentication_policies_ciba.spec.ts
Admin UI E2E (2, chrome)	Run Cypress	2024-12-21T00:23:03.0192878Z - 4: /home/runner/work/keycloak/keycloak/js/apps/admin-ui/cypress/e2e/client_initial_access.spec.ts
Admin UI E2E (2, chrome)	Run Cypress	2024-12-21T00:23:03.0193763Z - 5: /home/runner/work/keycloak/keycloak/js/apps/admin-ui/cypress/e2e/partial_export_test.spec.ts
Admin UI E2E (2, chrome)	Run Cypress	2024-12-21T00:23:03.0194301Z cypress-split: chunk 3 of 10
Admin UI E2E (2, chrome)	Run Cypress	2024-12-21T00:23:03.0201860Z k  spec                                        
Admin UI E2E (2, chrome)	Run Cypress	2024-12-21T00:23:03.0202457Z -  --------------------------------------------
Admin UI E2E (2, chrome)	Run Cypress	2024-12-21T00:23:03.0203033Z 1  cypress/e2e/clients_test.spec.ts            
Admin UI E2E (2, chrome)	Run Cypress	2024-12-21T00:23:03.0203629Z 2  cypress/e2e/realm_settings_tabs_test.spec.ts
Admin UI E2E (2, chrome)	Run Cypress	2024-12-21T00:23:03.0204224Z 3  cypress/e2e/user_fed_kerberos_test.spec.ts  
Admin UI E2E (2, chrome)	Run Cypress	2024-12-21T00:23:03.0204805Z 4  cypress/e2e/client_scopes_test.spec.ts      
Admin UI E2E (2, chrome)	Run Cypress	2024-12-21T00:23:03.0205128Z 
Admin UI E2E (2, chrome)	Run Cypress	2024-12-21T00:23:03.7066836Z 
Admin UI E2E (2, chrome)	Run Cypress	2024-12-21T00:23:03.7652841Z [90m====================================================================================================[39m
Admin UI E2E (2, chrome)	Run Cypress	2024-12-21T00:23:03.7653332Z 
Admin UI E2E (2, chrome)	Run Cypress	2024-12-21T00:23:03.7654582Z [0m  ([4m[1mRun Starting[22m[24m)[0m
Admin UI E2E (2, chrome)	Run Cypress	2024-12-21T00:23:03.7654941Z 
Admin UI E2E (2, chrome)	Run Cypress	2024-12-21T00:23:03.7729203Z [90m  â”Œ[39m[90mâ”€[39m[90mâ”€[39m[90mâ”€[39m[90mâ”€[39m[90mâ”€[39m[90mâ”€[39m[90mâ”€[39m[90mâ”€[39m[90mâ”€[39m[90mâ”€[39m[90mâ”€[39m[90mâ”€[39m[90mâ”€[39m[90mâ”€[39m[90mâ”€[39m[90mâ”€[39m[90mâ”€[39m[90mâ”€[39m[90mâ”€[39m[90mâ”€[39m[90mâ”€[39m[90mâ”€[39m[90mâ”€[39m[90mâ”€[39m[90mâ”€[39m[90mâ”€[39m[90mâ”€[39m[90mâ”€[39m[90mâ”€[39m[90mâ”€[39m[90mâ”€[39m[90mâ”€[39m[90mâ”€[39m[90mâ”€[39m[90mâ”€[39m[90mâ”€[39m[90mâ”€[39m[90mâ”€[39m[90mâ”€[39m[90mâ”€[39m[90mâ”€[39m[90mâ”€[39m[90mâ”€[39m[90mâ”€[39m[90mâ”€[39m[90mâ”€[39m[90mâ”€[39m[90mâ”€[39m[90mâ”€[39m[90mâ”€[39m[90mâ”€[39m[90mâ”€[39m[90mâ”€[39m[90mâ”€[39m[90mâ”€[39m[90mâ”€[39m[90mâ”€[39m[90mâ”€[39m[90mâ”€[39m[90mâ”€[39m[90mâ”€[39m[90mâ”€[39m[90mâ”€[39m[90mâ”€[39m[90mâ”€[39m[90mâ”€[39m[90mâ”€[39m[90mâ”€[39m[90mâ”€[39m[90mâ”€[39m[90mâ”€[39m[90mâ”€[39m[90mâ”€[39m[90mâ”€[39m[90mâ”€[39m[90mâ”€[39m[90mâ”€[39m[90mâ”€[39m[90mâ”€[39m[90mâ”€[39m[90mâ”€[39m[90mâ”€[39m[90mâ”€[39m[90mâ”€[39m[90mâ”€[39m[90mâ”€[39m[90mâ”€[39m[90mâ”€[39m[90mâ”€[39m[90mâ”€[39m[90mâ”€[39m[90mâ”€[39m[90mâ”€[39m[90mâ”€[39m[90mâ”€[39m[90mâ”€[39m[90mâ”[39m
Admin UI E2E (2, chrome)	Run Cypress	2024-12-21T00:23:03.7732984Z [90m  â”‚[39m [90mCypress:[39m        13.17.0                                                                        [90mâ”‚[39m
Admin UI E2E (2, chrome)	Run Cypress	2024-12-21T00:23:03.7734041Z [90m  â”‚[39m [90mBrowser:[39m        Chrome 131 [90m(headless)[39m                                                          [90mâ”‚[39m
Admin UI E2E (2, chrome)	Run Cypress	2024-12-21T00:23:03.7735023Z [90m  â”‚[39m [90mNode Version:[39m   [0mv20.18.0 [90m(/home/runner/runners/2.321.0/externals/node20/bin/node)[39m[0m              [90mâ”‚[39m
Admin UI E2E (2, chrome)	Run Cypress	2024-12-21T00:23:03.7736536Z [90m  â”‚[39m [90mSpecs:[39m          [0m4 found (clients_test.spec.ts, realm_settings_tabs_test.spec.ts, user_fed_kerb[0m [90mâ”‚[39m
Admin UI E2E (2, chrome)	Run Cypress	2024-12-21T00:23:03.7737462Z [90m  â”‚[39m                 [0meros_test.spec.ts, client_scopes_test.spec.ts)[0m                                 [90mâ”‚[39m
Admin UI E2E (2, chrome)	Run Cypress	2024-12-21T00:23:03.7738421Z [90m  â”‚[39m [90mSearched:[39m       [0mcypress/e2e/clients_test.spec.ts, cypress/e2e/realm_settings_tabs_test.spec.ts[0m [90mâ”‚[39m
Admin UI E2E (2, chrome)	Run Cypress	2024-12-21T00:23:03.7739395Z [90m  â”‚[39m                 [0m, cypress/e2e/user_fed_kerberos_test.spec.ts, cypress/e2e/client_scopes_test.s[0m [90mâ”‚[39m
Admin UI E2E (2, chrome)	Run Cypress	2024-12-21T00:23:03.7740112Z [90m  â”‚[39m                 [0mpec.ts[0m                                                                         [90mâ”‚[39m
Admin UI E2E (2, chrome)	Run Cypress	2024-12-21T00:23:03.7740851Z [90m  â”‚[39m [90mExperiments:[39m    experimentalMemoryManagement=true                                              [90mâ”‚[39m
Admin UI E2E (2, chrome)	Run Cypress	2024-12-21T00:23:03.7745362Z [90m  â””[39m[90mâ”€[39m[90mâ”€[39m[90mâ”€[39m[90mâ”€[39m[90mâ”€[39m[90mâ”€[39m[90mâ”€[39m[90mâ”€[39m[90mâ”€[39m[90mâ”€[39m[90mâ”€[39m[90mâ”€[39m[90mâ”€[39m[90mâ”€[39m[90mâ”€[39m[90mâ”€[39m[90mâ”€[39m[90mâ”€[39m[90mâ”€[39m[90mâ”€[39m[90mâ”€[39m[90mâ”€[39m[90mâ”€[39m[90mâ”€[39m[90mâ”€[39m[90mâ”€[39m[90mâ”€[39m[90mâ”€[39m[90mâ”€[39m[90mâ”€[39m[90mâ”€[39m[90mâ”€[39m[90mâ”€[39m[90mâ”€[39m[90mâ”€[39m[90mâ”€[39m[90mâ”€[39m[90mâ”€[39m[90mâ”€[39m[90mâ”€[39m[90mâ”€[39m[90mâ”€[39m[90mâ”€[39m[90mâ”€[39m[90mâ”€[39m[90mâ”€[39m[90mâ”€[39m[90mâ”€[39m[90mâ”€[39m[90mâ”€[39m[90mâ”€[39m[90mâ”€[39m[90mâ”€[39m[90mâ”€[39m[90mâ”€[39m[90mâ”€[39m[90mâ”€[39m[90mâ”€[39m[90mâ”€[39m[90mâ”€[39m[90mâ”€[39m[90mâ”€[39m[90mâ”€[39m[90mâ”€[39m[90mâ”€[39m[90mâ”€[39m[90mâ”€[39m[90mâ”€[39m[90mâ”€[39m[90mâ”€[39m[90mâ”€[39m[90mâ”€[39m[90mâ”€[39m[90mâ”€[39m[90mâ”€[39m[90mâ”€[39m[90mâ”€[39m[90mâ”€[39m[90mâ”€[39m[90mâ”€[39m[90mâ”€[39m[90mâ”€[39m[90mâ”€[39m[90mâ”€[39m[90mâ”€[39m[90mâ”€[39m[90mâ”€[39m[90mâ”€[39m[90mâ”€[39m[90mâ”€[39m[90mâ”€[39m[90mâ”€[39m[90mâ”€[39m[90mâ”€[39m[90mâ”€[39m[90mâ”€[39m[90mâ”˜[39m
Admin UI E2E (2, chrome)	Run Cypress	2024-12-21T00:23:03.7747406Z 
Admin UI E2E (2, chrome)	Run Cypress	2024-12-21T00:23:03.7747416Z 
Admin UI E2E (2, chrome)	Run Cypress	2024-12-21T00:23:03.7750968Z [90mâ”€[39m[90mâ”€[39m[90mâ”€[39m[90mâ”€[39m[90mâ”€[39m[90mâ”€[39m[90mâ”€[39m[90mâ”€[39m[90mâ”€[39m[90mâ”€[39m[90mâ”€[39m[90mâ”€[39m[90mâ”€[39m[90mâ”€[39m[90mâ”€[39m[90mâ”€[39m[90mâ”€[39m[90mâ”€[39m[90mâ”€[39m[90mâ”€[39m[90mâ”€[39m[90mâ”€[39m[90mâ”€[39m[90mâ”€[39m[90mâ”€[39m[90mâ”€[39m[90mâ”€[39m[90mâ”€[39m[90mâ”€[39m[90mâ”€[39m[90mâ”€[39m[90mâ”€[39m[90mâ”€[39m[90mâ”€[39m[90mâ”€[39m[90mâ”€[39m[90mâ”€[39m[90mâ”€[39m[90mâ”€[39m[90mâ”€[39m[90mâ”€[39m[90mâ”€[39m[90mâ”€[39m[90mâ”€[39m[90mâ”€[39m[90mâ”€[39m[90mâ”€[39m[90mâ”€[39m[90mâ”€[39m[90mâ”€[39m[90mâ”€[39m[90mâ”€[39m[90mâ”€[39m[90mâ”€[39m[90mâ”€[39m[90mâ”€[39m[90mâ”€[39m[90mâ”€[39m[90mâ”€[39m[90mâ”€[39m[90mâ”€[39m[90mâ”€[39m[90mâ”€[39m[90mâ”€[39m[90mâ”€[39m[90mâ”€[39m[90mâ”€[39m[90mâ”€[39m[90mâ”€[39m[90mâ”€[39m[90mâ”€[39m[90mâ”€[39m[90mâ”€[39m[90mâ”€[39m[90mâ”€[39m[90mâ”€[39m[90mâ”€[39m[90mâ”€[39m[90mâ”€[39m[90mâ”€[39m[90mâ”€[39m[90mâ”€[39m[90mâ”€[39m[90mâ”€[39m[90mâ”€[39m[90mâ”€[39m[90mâ”€[39m[90mâ”€[39m[90mâ”€[39m[90mâ”€[39m[90mâ”€[39m[90mâ”€[39m[90mâ”€[39m[90mâ”€[39m[90mâ”€[39m[90mâ”€[39m[90mâ”€[39m[90mâ”€[39m[90mâ”€[39m[90mâ”€[39m
Admin UI E2E (2, chrome)	Run Cypress	2024-12-21T00:23:03.7753576Z                                                                                                     
Admin UI E2E (2, chrome)	Run Cypress	2024-12-21T00:23:03.7754164Z   Running:  [90mclients_test.spec.ts[39m                                                            [90m(1 of 4)[39m
Admin UI E2E (2, chrome)	Run Cypress	2024-12-21T00:23:11.2593678Z 
Admin UI E2E (2, chrome)	Run Cypress	2024-12-21T00:23:11.2604360Z [0m[0m
Admin UI E2E (2, chrome)	Run Cypress	2024-12-21T00:23:11.2614160Z [0m  Clients test[0m
Admin UI E2E (2, chrome)	Run Cypress	2024-12-21T00:23:12.8930132Z [0m    Client creation[0m
Admin UI E2E (2, chrome)	Run Cypress	2024-12-21T00:23:21.1333982Z     [32m  âœ“[0m[90m Should cancel creating client[0m[90m (9802ms)[0m
Admin UI E2E (2, chrome)	Run Cypress	2024-12-21T00:23:31.4669810Z     [32m  âœ“[0m[90m Should check settings elements[0m[90m (10182ms)[0m
Admin UI E2E (2, chrome)	Run Cypress	2024-12-21T00:23:35.6593022Z     [32m  âœ“[0m[90m Should navigate to previous using 'back' button[0m[90m (4098ms)[0m
Admin UI E2E (2, chrome)	Run Cypress	2024-12-21T00:23:39.6165730Z     [32m  âœ“[0m[90m Should fail creating client[0m[90m (3923ms)[0m
Admin UI E2E (2, chrome)	Run Cypress	2024-12-21T00:23:48.9787028Z     [32m  âœ“[0m[90m Client CRUD test[0m[90m (9264ms)[0m
Admin UI E2E (2, chrome)	Run Cypress	2024-12-21T00:23:51.5327656Z     [32m  âœ“[0m[90m Should fail to create imported client with empty ID[0m[90m (2512ms)[0m
Admin UI E2E (2, chrome)	Run Cypress	2024-12-21T00:23:56.8526866Z     [32m  âœ“[0m[90m Should fail to create client with same ID[0m[90m (5272ms)[0m
Admin UI E2E (2, chrome)	Run Cypress	2024-12-21T00:23:59.1509877Z     [32m  âœ“[0m[90m should delete 'identical' client id[0m[90m (2272ms)[0m
Admin UI E2E (2, chrome)	Run Cypress	2024-12-21T00:23:59.1712697Z [0m    Service account tab test[0m
Admin UI E2E (2, chrome)	Run Cypress	2024-12-21T00:24:05.5874988Z     [32m  âœ“[0m[90m List[0m[90m (6326ms)[0m
Admin UI E2E (2, chrome)	Run Cypress	2024-12-21T00:24:44.0528842Z       [33m(Attempt 1 of 4)[0m Assign
Admin UI E2E (2, chrome)	Run Cypress	2024-12-21T00:25:28.0281022Z       [33m(Attempt 2 of 4)[0m Assign
Admin UI E2E (2, chrome)	Run Cypress	2024-12-21T00:26:16.4784232Z       [33m(Attempt 3 of 4)[0m Assign
Admin UI E2E (2, chrome)	Run Cypress	2024-12-21T00:27:10.8504289Z     [31m  1) Assign[0m
Admin UI E2E (2, chrome)	Run Cypress	2024-12-21T00:27:11.7153813Z [0m    Mapping tab[0m
Admin UI E2E (2, chrome)	Run Cypress	2024-12-21T00:27:18.8503253Z     [32m  âœ“[0m[90m Add mapping to openid client[0m[90m (6886ms)[0m
Admin UI E2E (2, chrome)	Run Cypress	2024-12-21T00:27:18.9029472Z [0m    Keys tab test[0m
Admin UI E2E (2, chrome)	Run Cypress	2024-12-21T00:27:26.5748133Z     [32m  âœ“[0m[90m Generate new keys[0m[90m (7287ms)[0m
Admin UI E2E (2, chrome)	Run Cypress	2024-12-21T00:27:26.5904898Z [0m    Realm client[0m
Admin UI E2E (2, chrome)	Run Cypress	2024-12-21T00:27:31.6920425Z     [32m  âœ“[0m[90m Displays the correct tabs[0m[90m (4861ms)[0m
Admin UI E2E (2, chrome)	Run Cypress	2024-12-21T00:27:36.1078123Z     [32m  âœ“[0m[90m Hides the delete action[0m[90m (4279ms)[0m
Admin UI E2E (2, chrome)	Run Cypress	2024-12-21T00:27:36.1267886Z [0m    ***
Admin UI E2E (2, chrome)	Run Cypress	2024-12-21T00:27:40.3212222Z     [32m  âœ“[0m[90m Shows an explainer text for bearer only clients[0m[90m (4094ms)[0m
Admin UI E2E (2, chrome)	Run Cypress	2024-12-21T00:27:44.8565088Z     [32m  âœ“[0m[90m Hides the capability config section[0m[90m (4102ms)[0m
Admin UI E2E (2, chrome)	Run Cypress	2024-12-21T00:27:44.8731488Z [0m    Generated home URLs for built-in clients[0m
Admin UI E2E (2, chrome)	Run Cypress	2024-12-21T00:27:47.4276158Z     [32m  âœ“[0m[90m Check account-console Home URL[0m[90m (2395ms)[0m
Admin UI E2E (2, chrome)	Run Cypress	2024-12-21T00:27:50.0332021Z     [32m  âœ“[0m[90m Check security-admin-console Home URL[0m[90m (2500ms)[0m
Admin UI E2E (2, chrome)	Run Cypress	2024-12-21T00:27:50.0471686Z [0m    Accessibility tests for clients[0m
Admin UI E2E (2, chrome)	Run Cypress	2024-12-21T00:27:53.2119884Z     [32m  âœ“[0m[90m Check a11y violations on load/ clients list tab[0m[90m (3077ms)[0m
Admin UI E2E (2, chrome)	Run Cypress	2024-12-21T00:27:57.7298096Z     [32m  âœ“[0m[90m Check a11y violations on create client page[0m[90m (4430ms)[0m
Admin UI E2E (2, chrome)	Run Cypress	2024-12-21T00:28:08.7123675Z     [32m  âœ“[0m[90m Check a11y violations on client details page[0m[90m (10857ms)[0m
Admin UI E2E (2, chrome)	Run Cypress	2024-12-21T00:28:13.2209549Z     [32m  âœ“[0m[90m Check a11y violations in delete dialog[0m[90m (4438ms)[0m
Admin UI E2E (2, chrome)	Run Cypress	2024-12-21T00:28:16.8676301Z     [32m  âœ“[0m[90m Check a11y violations on client registration/ anonymous access policies tab[0m[90m (3395ms)[0m
Admin UI E2E (2, chrome)	Run Cypress	2024-12-21T00:28:21.2708222Z     [32m  âœ“[0m[90m Check a11y violations on client registration/ authenticated access policies tab[0m[90m (3456ms)[0m
Admin UI E2E (2, chrome)	Run Cypress	2024-12-21T00:28:21.2715491Z 
Admin UI E2E (2, chrome)	Run Cypress	2024-12-21T00:28:21.2925742Z 
Admin UI E2E (2, chrome)	Run Cypress	2024-12-21T00:28:21.2930493Z [92m [0m[32m 23 passing[0m[90m (5m)[0m
Admin UI E2E (2, chrome)	Run Cypress	2024-12-21T00:28:21.2933673Z [31m  1 failing[0m
Admin UI E2E (2, chrome)	Run Cypress	2024-12-21T00:28:21.2936088Z 
Admin UI E2E (2, chrome)	Run Cypress	2024-12-21T00:28:21.2938460Z [0m  1) Clients test
Admin UI E2E (2, chrome)	Run Cypress	2024-12-21T00:28:21.2940993Z        Service account tab test
Admin UI E2E (2, chrome)	Run Cypress	2024-12-21T00:28:21.2944896Z          Assign:
Admin UI E2E (2, chrome)	Run Cypress	2024-12-21T00:28:21.2949190Z [0m[31m     AssertionError: Timed out retrying after 30000ms: expected '[ <td.pf-v5-c-table__td.pf-v5-c-table__check>, 39 more... ]' not to contain 'create-realm-9691fde0-3300-4eec-ab1b-a0fec7b7f1c6'[0m[90m
Admin UI E2E (2, chrome)	Run Cypress	2024-12-21T00:28:21.2951140Z       at Context.eval (webpack://@keycloak/keycloak-admin-ui/./cypress/support/pages/admin-ui/manage/RoleMappingTab.ts:91:0)
Admin UI E2E (2, chrome)	Run Cypress	2024-12-21T00:28:21.2952441Z [0m
Admin UI E2E (2, chrome)	Run Cypress	2024-12-21T00:28:21.2953035Z 
Admin UI E2E (2, chrome)	Run Cypress	2024-12-21T00:28:21.2953052Z 
Admin UI E2E (2, chrome)	Run Cypress	2024-12-21T00:28:22.3753352Z 
Admin UI E2E (2, chrome)	Run Cypress	2024-12-21T00:28:22.3755049Z [31m  ([4m[1mResults[22m[24m)[39m
Admin UI E2E (2, chrome)	Run Cypress	2024-12-21T00:28:22.3774461Z 
Admin UI E2E (2, chrome)	Run Cypress	2024-12-21T00:28:22.3788818Z [90m  â”Œ[39m[90mâ”€[39m[90mâ”€[39m[90mâ”€[39m[90mâ”€[39m[90mâ”€[39m[90mâ”€[39m[90mâ”€[39m[90mâ”€[39m[90mâ”€[39m[90mâ”€[39m[90mâ”€[39m[90mâ”€[39m[90mâ”€[39m[90mâ”€[39m[90mâ”€[39m[90mâ”€[39m[90mâ”€[39m[90mâ”€[39m[90mâ”€[39m[90mâ”€[39m[90mâ”€[39m[90mâ”€[39m[90mâ”€[39m[90mâ”€[39m[90mâ”€[39m[90mâ”€[39m[90mâ”€[39m[90mâ”€[39m[90mâ”€[39m[90mâ”€[39m[90mâ”€[39m[90mâ”€[39m[90mâ”€[39m[90mâ”€[39m[90mâ”€[39m[90mâ”€[39m[90mâ”€[39m[90mâ”€[39m[90mâ”€[39m[90mâ”€[39m[90mâ”€[39m[90mâ”€[39m[90mâ”€[39m[90mâ”€[39m[90mâ”€[39m[90mâ”€[39m[90mâ”€[39m[90mâ”€[39m[90mâ”€[39m[90mâ”€[39m[90mâ”€[39m[90mâ”€[39m[90mâ”€[39m[90mâ”€[39m[90mâ”€[39m[90mâ”€[39m[90mâ”€[39m[90mâ”€[39m[90mâ”€[39m[90mâ”€[39m[90mâ”€[39m[90mâ”€[39m[90mâ”€[39m[90mâ”€[39m[90mâ”€[39m[90mâ”€[39m[90mâ”€[39m[90mâ”€[39m[90mâ”€[39m[90mâ”€[39m[90mâ”€[39m[90mâ”€[39m[90mâ”€[39m[90mâ”€[39m[90mâ”€[39m[90mâ”€[39m[90mâ”€[39m[90mâ”€[39m[90mâ”€[39m[90mâ”€[39m[90mâ”€[39m[90mâ”€[39m[90mâ”€[39m[90mâ”€[39m[90mâ”€[39m[90mâ”€[39m[90mâ”€[39m[90mâ”€[39m[90mâ”€[39m[90mâ”€[39m[90mâ”€[39m[90mâ”€[39m[90mâ”€[39m[90mâ”€[39m[90mâ”€[39m[90mâ”€[39m[90mâ”[39m
Admin UI E2E (2, chrome)	Run Cypress	2024-12-21T00:28:22.3791885Z [90m  â”‚[39m [90mTests:[39m        [31m24[39m                                                                               [90mâ”‚[39m
Admin UI E2E (2, chrome)	Run Cypress	2024-12-21T00:28:22.3792632Z [90m  â”‚[39m [90mPassing:[39m      [31m23[39m                                                                               [90mâ”‚[39m
Admin UI E2E (2, chrome)	Run Cypress	2024-12-21T00:28:22.3793329Z [90m  â”‚[39m [90mFailing:[39m      [31m1[39m                                                                                [90mâ”‚[39m
Admin UI E2E (2, chrome)	Run Cypress	2024-12-21T00:28:22.3794007Z [90m  â”‚[39m [90mPending:[39m      [31m0[39m                                                                                [90mâ”‚[39m
Admin UI E2E (2, chrome)	Run Cypress	2024-12-21T00:28:22.3794830Z [90m  â”‚[39m [90mSkipped:[39m      [31m0[39m                                                                                [90mâ”‚[39m
Admin UI E2E (2, chrome)	Run Cypress	2024-12-21T00:28:22.3796139Z [90m  â”‚[39m [90mScreenshots:[39m  [31m4[39m                                                                                [90mâ”‚[39m
Admin UI E2E (2, chrome)	Run Cypress	2024-12-21T00:28:22.3797367Z [90m  â”‚[39m [90mVideo:[39m        [31mtrue[39m                                                                             [90mâ”‚[39m
Admin UI E2E (2, chrome)	Run Cypress	2024-12-21T00:28:22.3798162Z [90m  â”‚[39m [90mDuration:[39m     [31m5 minutes, 10 seconds[39m                                                            [90mâ”‚[39m
Admin UI E2E (2, chrome)	Run Cypress	2024-12-21T00:28:22.3799530Z [90m  â”‚[39m [90mSpec Ran:[39m     [31m[31mclients_test.spec.ts[31m[39m                                                             [90mâ”‚[39m
Admin UI E2E (2, chrome)	Run Cypress	2024-12-21T00:28:22.3808032Z [90m  â””[39m[90mâ”€[39m[90mâ”€[39m[90mâ”€[39m[90mâ”€[39m[90mâ”€[39m[90mâ”€[39m[90mâ”€[39m[90mâ”€[39m[90mâ”€[39m[90mâ”€[39m[90mâ”€[39m[90mâ”€[39m[90mâ”€[39m[90mâ”€[39m[90mâ”€[39m[90mâ”€[39m[90mâ”€[39m[90mâ”€[39m[90mâ”€[39m[90mâ”€[39m[90mâ”€[39m[90mâ”€[39m[90mâ”€[39m[90mâ”€[39m[90mâ”€[39m[90mâ”€[39m[90mâ”€[39m[90mâ”€[39m[90mâ”€[39m[90mâ”€[39m[90mâ”€[39m[90mâ”€[39m[90mâ”€[39m[90mâ”€[39m[90mâ”€[39m[90mâ”€[39m[90mâ”€[39m[90mâ”€[39m[90mâ”€[39m[90mâ”€[39m[90mâ”€[39m[90mâ”€[39m[90mâ”€[39m[90mâ”€[39m[90mâ”€[39m[90mâ”€[39m[90mâ”€[39m[90mâ”€[39m[90mâ”€[39m[90mâ”€[39m[90mâ”€[39m[90mâ”€[39m[90mâ”€[39m[90mâ”€[39m[90mâ”€[39m[90mâ”€[39m[90mâ”€[39m[90mâ”€[39m[90mâ”€[39m[90mâ”€[39m[90mâ”€[39m[90mâ”€[39m[90mâ”€[39m[90mâ”€[39m[90mâ”€[39m[90mâ”€[39m[90mâ”€[39m[90mâ”€[39m[90mâ”€[39m[90mâ”€[39m[90mâ”€[39m[90mâ”€[39m[90mâ”€[39m[90mâ”€[39m[90mâ”€[39m[90mâ”€[39m[90mâ”€[39m[90mâ”€[39m[90mâ”€[39m[90mâ”€[39m[90mâ”€[39m[90mâ”€[39m[90mâ”€[39m[90mâ”€[39m[90mâ”€[39m[90mâ”€[39m[90mâ”€[39m[90mâ”€[39m[90mâ”€[39m[90mâ”€[39m[90mâ”€[39m[90mâ”€[39m[90mâ”€[39m[90mâ”€[39m[90mâ”€[39m[90mâ”€[39m[90mâ”˜[39m
Admin UI E2E (2, chrome)	Run Cypress	2024-12-21T00:28:22.3812578Z 
Admin UI E2E (2, chrome)	Run Cypress	2024-12-21T00:28:22.3812736Z 
Admin UI E2E (2, chrome)	Run Cypress	2024-12-21T00:28:22.3813149Z [33m  ([4m[1mScreenshots[22m[24m)[39m
Admin UI E2E (2, chrome)	Run Cypress	2024-12-21T00:28:22.3813736Z 
Admin UI E2E (2, chrome)	Run Cypress	2024-12-21T00:28:22.3814924Z [90m [39m -  [0m/home/runner/work/keycloak/keycloak/js/apps/admin-ui/cypress/screenshots/clients[0m     [90m[90m(1280x633)[90m[39m
Admin UI E2E (2, chrome)	Run Cypress	2024-12-21T00:28:22.3816837Z [90m [39m    [0m_test.spec.ts/Clients test -- Service account tab test -- Assign (failed).png[0m                  
Admin UI E2E (2, chrome)	Run Cypress	2024-12-21T00:28:22.3818639Z [90m [39m -  [0m/home/runner/work/keycloak/keycloak/js/apps/admin-ui/cypress/screenshots/clients[0m     [90m[90m(1280x633)[90m[39m
Admin UI E2E (2, chrome)	Run Cypress	2024-12-21T00:28:22.3820383Z [90m [39m    [0m_test.spec.ts/Clients test -- Service account tab test -- Assign (failed) (attem[0m               
Admin UI E2E (2, chrome)	Run Cypress	2024-12-21T00:28:22.3821839Z [90m [39m    [0mpt 2).png[0m                                                                                      
Admin UI E2E (2, chrome)	Run Cypress	2024-12-21T00:28:22.3823413Z [90m [39m -  [0m/home/runner/work/keycloak/keycloak/js/apps/admin-ui/cypress/screenshots/clients[0m     [90m[90m(1280x633)[90m[39m
Admin UI E2E (2, chrome)	Run Cypress	2024-12-21T00:28:22.3825181Z [90m [39m    [0m_test.spec.ts/Clients test -- Service account tab test -- Assign (failed) (attem[0m               
Admin UI E2E (2, chrome)	Run Cypress	2024-12-21T00:28:22.3826447Z [90m [39m    [0mpt 3).png[0m                                                                                      
Admin UI E2E (2, chrome)	Run Cypress	2024-12-21T00:28:22.3827891Z [90m [39m -  [0m/home/runner/work/keycloak/keycloak/js/apps/admin-ui/cypress/screenshots/clients[0m     [90m[90m(1280x633)[90m[39m
Admin UI E2E (2, chrome)	Run Cypress	2024-12-21T00:28:22.3829512Z [90m [39m    [0m_test.spec.ts/Clients test -- Service account tab test -- Assign (failed) (attem[0m               
Admin UI E2E (2, chrome)	Run Cypress	2024-12-21T00:28:22.3830666Z [90m [39m    [0mpt 4).png[0m                                                                                      
Admin UI E2E (2, chrome)	Run Cypress	2024-12-21T00:28:22.3831042Z 
Admin UI E2E (2, chrome)	Run Cypress	2024-12-21T00:28:22.4231961Z 
Admin UI E2E (2, chrome)	Run Cypress	2024-12-21T00:28:22.4233708Z [36m  ([4m[1mVideo[22m[24m)[39m
Admin UI E2E (2, chrome)	Run Cypress	2024-12-21T00:28:22.4234891Z 
Admin UI E2E (2, chrome)	Run Cypress	2024-12-21T00:28:22.4236166Z   -  Video output: [36m/home/runner/work/keycloak/keycloak/js/apps/admin-ui/cypress/videos/clients_test.spec.ts.mp4[39m
Admin UI E2E (2, chrome)	Run Cypress	2024-12-21T00:28:22.4238292Z 
Admin UI E2E (2, chrome)	Run Cypress	2024-12-21T00:28:22.4239024Z 
Admin UI E2E (2, chrome)	Run Cypress	2024-12-21T00:28:22.4257983Z [90mâ”€[39m[90mâ”€[39m[90mâ”€[39m[90mâ”€[39m[90mâ”€[39m[90mâ”€[39m[90mâ”€[39m[90mâ”€[39m[90mâ”€[39m[90mâ”€[39m[90mâ”€[39m[90mâ”€[39m[90mâ”€[39m[90mâ”€[39m[90mâ”€[39m[90mâ”€[39m[90mâ”€[39m[90mâ”€[39m[90mâ”€[39m[90mâ”€[39m[90mâ”€[39m[90mâ”€[39m[90mâ”€[39m[90mâ”€[39m[90mâ”€[39m[90mâ”€[39m[90mâ”€[39m[90mâ”€[39m[90mâ”€[39m[90mâ”€[39m[90mâ”€[39m[90mâ”€[39m[90mâ”€[39m[90mâ”€[39m[90mâ”€[39m[90mâ”€[39m[90mâ”€[39m[90mâ”€[39m[90mâ”€[39m[90mâ”€[39m[90mâ”€[39m[90mâ”€[39m[90mâ”€[39m[90mâ”€[39m[90mâ”€[39m[90mâ”€[39m[90mâ”€[39m[90mâ”€[39m[90mâ”€[39m[90mâ”€[39m[90mâ”€[39m[90mâ”€[39m[90mâ”€[39m[90mâ”€[39m[90mâ”€[39m[90mâ”€[39m[90mâ”€[39m[90mâ”€[39m[90mâ”€[39m[90mâ”€[39m[90mâ”€[39m[90mâ”€[39m[90mâ”€[39m[90mâ”€[39m[90mâ”€[39m[90mâ”€[39m[90mâ”€[39m[90mâ”€[39m[90mâ”€[39m[90mâ”€[39m[90mâ”€[39m[90mâ”€[39m[90mâ”€[39m[90mâ”€[39m[90mâ”€[39m[90mâ”€[39m[90mâ”€[39m[90mâ”€[39m[90mâ”€[39m[90mâ”€[39m[90mâ”€[39m[90mâ”€[39m[90mâ”€[39m[90mâ”€[39m[90mâ”€[39m[90mâ”€[39m[90mâ”€[39m[90mâ”€[39m[90mâ”€[39m[90mâ”€[39m[90mâ”€[39m[90mâ”€[39m[90mâ”€[39m[90mâ”€[39m[90mâ”€[39m[90mâ”€[39m[90mâ”€[39m[90mâ”€[39m[90mâ”€[39m[90mâ”€[39m
Admin UI E2E (2, chrome)	Run Cypress	2024-12-21T00:28:22.4264712Z                                                                                                     
Admin UI E2E (2, chrome)	Run Cypress	2024-12-21T00:28:22.4267180Z   Running:  [90mrealm_settings_tabs_test.spec.ts[39m                                                [90m(2 of 4)[39m
Admin UI E2E (2, chrome)	Run Cypress	2024-12-21T00:28:26.6556791Z 
Admin UI E2E (2, chrome)	Run Cypress	2024-12-21T00:28:26.6559312Z [0m[0m
Admin UI E2E (2, chrome)	Run Cypress	2024-12-21T00:28:26.6583002Z [0m  Realm settings tabs tests[0m
Admin UI E2E (2, chrome)	Run Cypress	2024-12-21T00:28:32.3957513Z   [32m  âœ“[0m[90m shows the 'user profile' tab[0m[90m (5701ms)[0m
Admin UI E2E (2, chrome)	Run Cypress	2024-12-21T00:28:40.7170049Z   [32m  âœ“[0m[90m Go to login tab[0m[90m (8199ms)[0m
Admin UI E2E (2, chrome)	Run Cypress	2024-12-21T00:28:46.9376150Z   [32m  âœ“[0m[90m Go to email tab[0m[90m (6179ms)[0m
Admin UI E2E (2, chrome)	Run Cypress	2024-12-21T00:28:50.3166034Z   [32m  âœ“[0m[90m Go to themes tab[0m[90m (3298ms)[0m
Admin UI E2E (2, chrome)	Run Cypress	2024-12-21T00:28:50.3349936Z [0m    Go to security defenses tab[0m
Admin UI E2E (2, chrome)	Run Cypress	2024-12-21T00:28:53.3265577Z     [32m  âœ“[0m[90m Realm header settings- update single input[0m[90m (2934ms)[0m
Admin UI E2E (2, chrome)	Run Cypress	2024-12-21T00:28:59.3788980Z     [32m  âœ“[0m[90m Realm header settings- update all inputs[0m[90m (5969ms)[0m
Admin UI E2E (2, chrome)	Run Cypress	2024-12-21T00:29:03.2057632Z     [32m  âœ“[0m[90m Brute force detection- update values[0m[90m (3707ms)[0m
Admin UI E2E (2, chrome)	Run Cypress	2024-12-21T00:29:03.2483734Z [0m    Go to localization tab[0m
Admin UI E2E (2, chrome)	Run Cypress	2024-12-21T00:29:06.4897061Z     [32m  âœ“[0m[90m Locales tab - Add locale[0m[90m (3186ms)[0m
Admin UI E2E (2, chrome)	Run Cypress	2024-12-21T00:29:10.3573131Z     [32m  âœ“[0m[90m Realm Overrides - Add and delete bundle[0m[90m (3804ms)[0m
Admin UI E2E (2, chrome)	Run Cypress	2024-12-21T00:29:14.2383858Z     [32m  âœ“[0m[90m Realm Overrides - Search for and delete bundle[0m[90m (3807ms)[0m
Admin UI E2E (2, chrome)	Run Cypress	2024-12-21T00:29:18.8733789Z     [32m  âœ“[0m[90m Realm Overrides - Edit and cancel edit message bundle[0m[90m (4517ms)[0m
Admin UI E2E (2, chrome)	Run Cypress	2024-12-21T00:29:21.5498335Z     [32m  âœ“[0m[90m Effective Message Bundles - Check before search message[0m[90m (2582ms)[0m
Admin UI E2E (2, chrome)	Run Cypress	2024-12-21T00:29:21.5710995Z [0m    Accessibility tests for realm settings[0m
Admin UI E2E (2, chrome)	Run Cypress	2024-12-21T00:29:26.1882792Z     [32m  âœ“[0m[90m Check a11y violations on load/ realm settings/ general tab[0m[90m (4584ms)[0m
Admin UI E2E (2, chrome)	Run Cypress	2024-12-21T00:29:30.7468998Z     [32m  âœ“[0m[90m Check a11y violations on login tab[0m[90m (4493ms)[0m
Admin UI E2E (2, chrome)	Run Cypress	2024-12-21T00:29:35.4013286Z     [32m  âœ“[0m[90m Check a11y violations on email tab[0m[90m (4600ms)[0m
Admin UI E2E (2, chrome)	Run Cypress	2024-12-21T00:29:40.0127523Z     [32m  âœ“[0m[90m Check a11y violations on themes tab[0m[90m (4556ms)[0m
Admin UI E2E (2, chrome)	Run Cypress	2024-12-21T00:29:45.0021734Z     [32m  âœ“[0m[90m Check a11y violations on keys tab/ keys list sub tab[0m[90m (4920ms)[0m
Admin UI E2E (2, chrome)	Run Cypress	2024-12-21T00:29:49.8082488Z     [32m  âœ“[0m[90m Check a11y violations on keys tab/ providers sub tab[0m[90m (4744ms)[0m
Admin UI E2E (2, chrome)	Run Cypress	2024-12-21T00:29:54.2724458Z     [32m  âœ“[0m[90m Check a11y violations on keys tab/ providers sub tab / adding provider[0m[90m (4436ms)[0m
Admin UI E2E (2, chrome)	Run Cypress	2024-12-21T00:29:59.2175028Z     [32m  âœ“[0m[90m Check a11y violations on events tab/ event listeners sub tab[0m[90m (4840ms)[0m
Admin UI E2E (2, chrome)	Run Cypress	2024-12-21T00:30:04.3617441Z     [32m  âœ“[0m[90m Check a11y violations on events tab/ user events settings sub tab[0m[90m (5089ms)[0m
Admin UI E2E (2, chrome)	Run Cypress	2024-12-21T00:30:09.3888191Z     [32m  âœ“[0m[90m Check a11y violations on events tab/ admin events settings sub tab[0m[90m (4981ms)[0m
Admin UI E2E (2, chrome)	Run Cypress	2024-12-21T00:30:13.9981053Z     [32m  âœ“[0m[90m Check a11y violations on localization locales sub tab[0m[90m (4553ms)[0m
Admin UI E2E (2, chrome)	Run Cypress	2024-12-21T00:30:18.1413679Z     [32m  âœ“[0m[90m Check a11y violations on localization realm overrides sub tab[0m[90m (4072ms)[0m
Admin UI E2E (2, chrome)	Run Cypress	2024-12-21T00:30:22.7766217Z     [32m  âœ“[0m[90m Check a11y violations on localization realm overrides sub tab/ adding message bundle[0m[90m (4599ms)[0m
Admin UI E2E (2, chrome)	Run Cypress	2024-12-21T00:30:27.3421919Z     [32m  âœ“[0m[90m Check a11y violations on localization effective message bundles sub tab[0m[90m (4526ms)[0m
Admin UI E2E (2, chrome)	Run Cypress	2024-12-21T00:30:31.7795463Z     [32m  âœ“[0m[90m Check a11y violations on security defenses tab[0m[90m (4388ms)[0m
Admin UI E2E (2, chrome)	Run Cypress	2024-12-21T00:30:36.7172136Z     [32m  âœ“[0m[90m Check a11y violations on sessions tab[0m[90m (4896ms)[0m
Admin UI E2E (2, chrome)	Run Cypress	2024-12-21T00:30:41.5150087Z     [32m  âœ“[0m[90m Check a11y violations on tokens tab[0m[90m (4733ms)[0m
Admin UI E2E (2, chrome)	Run Cypress	2024-12-21T00:30:46.1489575Z     [32m  âœ“[0m[90m Check a11y violations on client policies tab/ profiles sub tab[0m[90m (4583ms)[0m
Admin UI E2E (2, chrome)	Run Cypress	2024-12-21T00:30:50.9682108Z     [32m  âœ“[0m[90m Check a11y violations on client policies tab/ creating profile[0m[90m (4761ms)[0m
Admin UI E2E (2, chrome)	Run Cypress	2024-12-21T00:30:55.7611849Z     [32m  âœ“[0m[90m Check a11y violations on client policies tab/ policies sub tab[0m[90m (4689ms)[0m
Admin UI E2E (2, chrome)	Run Cypress	2024-12-21T00:31:00.8247920Z     [32m  âœ“[0m[90m Check a11y violations on client policies tab/ creating policy[0m[90m (4989ms)[0m
Admin UI E2E (2, chrome)	Run Cypress	2024-12-21T00:31:05.4599126Z     [32m  âœ“[0m[90m Check a11y violations on user registration tab/ default roles sub tab[0m[90m (4502ms)[0m
Admin UI E2E (2, chrome)	Run Cypress	2024-12-21T00:31:11.9022621Z     [32m  âœ“[0m[90m Check a11y violations on user registration tab/ default roles sub tab/ assigning role[0m[90m (5505ms)[0m
Admin UI E2E (2, chrome)	Run Cypress	2024-12-21T00:31:11.9027907Z 
Admin UI E2E (2, chrome)	Run Cypress	2024-12-21T00:31:11.9523078Z 
Admin UI E2E (2, chrome)	Run Cypress	2024-12-21T00:31:11.9525692Z [92m [0m[32m 35 passing[0m[90m (3m)[0m
Admin UI E2E (2, chrome)	Run Cypress	2024-12-21T00:31:11.9527708Z 
Admin UI E2E (2, chrome)	Run Cypress	2024-12-21T00:31:12.9974618Z 
Admin UI E2E (2, chrome)	Run Cypress	2024-12-21T00:31:12.9976411Z [32m  ([4m[1mResults[22m[24m)[39m
Admin UI E2E (2, chrome)	Run Cypress	2024-12-21T00:31:12.9996334Z 
Admin UI E2E (2, chrome)	Run Cypress	2024-12-21T00:31:13.0009608Z [90m  â”Œ[39m[90mâ”€[39m[90mâ”€[39m[90mâ”€[39m[90mâ”€[39m[90mâ”€[39m[90mâ”€[39m[90mâ”€[39m[90mâ”€[39m[90mâ”€[39m[90mâ”€[39m[90mâ”€[39m[90mâ”€[39m[90mâ”€[39m[90mâ”€[39m[90mâ”€[39m[90mâ”€[39m[90mâ”€[39m[90mâ”€[39m[90mâ”€[39m[90mâ”€[39m[90mâ”€[39m[90mâ”€[39m[90mâ”€[39m[90mâ”€[39m[90mâ”€[39m[90mâ”€[39m[90mâ”€[39m[90mâ”€[39m[90mâ”€[39m[90mâ”€[39m[90mâ”€[39m[90mâ”€[39m[90mâ”€[39m[90mâ”€[39m[90mâ”€[39m[90mâ”€[39m[90mâ”€[39m[90mâ”€[39m[90mâ”€[39m[90mâ”€[39m[90mâ”€[39m[90mâ”€[39m[90mâ”€[39m[90mâ”€[39m[90mâ”€[39m[90mâ”€[39m[90mâ”€[39m[90mâ”€[39m[90mâ”€[39m[90mâ”€[39m[90mâ”€[39m[90mâ”€[39m[90mâ”€[39m[90mâ”€[39m[90mâ”€[39m[90mâ”€[39m[90mâ”€[39m[90mâ”€[39m[90mâ”€[39m[90mâ”€[39m[90mâ”€[39m[90mâ”€[39m[90mâ”€[39m[90mâ”€[39m[90mâ”€[39m[90mâ”€[39m[90mâ”€[39m[90mâ”€[39m[90mâ”€[39m[90mâ”€[39m[90mâ”€[39m[90mâ”€[39m[90mâ”€[39m[90mâ”€[39m[90mâ”€[39m[90mâ”€[39m[90mâ”€[39m[90mâ”€[39m[90mâ”€[39m[90mâ”€[39m[90mâ”€[39m[90mâ”€[39m[90mâ”€[39m[90mâ”€[39m[90mâ”€[39m[90mâ”€[39m[90mâ”€[39m[90mâ”€[39m[90mâ”€[39m[90mâ”€[39m[90mâ”€[39m[90mâ”€[39m[90mâ”€[39m[90mâ”€[39m[90mâ”€[39m[90mâ”€[39m[90mâ”[39m
Admin UI E2E (2, chrome)	Run Cypress	2024-12-21T00:31:13.0014551Z [90m  â”‚[39m [90mTests:[39m        [32m35[39m                                                                               [90mâ”‚[39m
Admin UI E2E (2, chrome)	Run Cypress	2024-12-21T00:31:13.0015840Z [90m  â”‚[39m [90mPassing:[39m      [32m35[39m                                                                               [90mâ”‚[39m
Admin UI E2E (2, chrome)	Run Cypress	2024-12-21T00:31:13.0017071Z [90m  â”‚[39m [90mFailing:[39m      [32m0[39m                                                                                [90mâ”‚[39m
Admin UI E2E (2, chrome)	Run Cypress	2024-12-21T00:31:13.0018325Z [90m  â”‚[39m [90mPending:[39m      [32m0[39m                                                                                [90mâ”‚[39m
Admin UI E2E (2, chrome)	Run Cypress	2024-12-21T00:31:13.0020056Z [90m  â”‚[39m [90mSkipped:[39m      [32m0[39m                                                                                [90mâ”‚[39m
Admin UI E2E (2, chrome)	Run Cypress	2024-12-21T00:31:13.0021563Z [90m  â”‚[39m [90mScreenshots:[39m  [32m0[39m                                                                                [90mâ”‚[39m
Admin UI E2E (2, chrome)	Run Cypress	2024-12-21T00:31:13.0023028Z [90m  â”‚[39m [90mVideo:[39m        [32mfalse[39m                                                                            [90mâ”‚[39m
Admin UI E2E (2, chrome)	Run Cypress	2024-12-21T00:31:13.0024458Z [90m  â”‚[39m [90mDuration:[39m     [32m2 minutes, 45 seconds[39m                                                            [90mâ”‚[39m
Admin UI E2E (2, chrome)	Run Cypress	2024-12-21T00:31:13.0026045Z [90m  â”‚[39m [90mSpec Ran:[39m     [32m[32mrealm_settings_tabs_test.spec.ts[32m[39m                                                 [90mâ”‚[39m
Admin UI E2E (2, chrome)	Run Cypress	2024-12-21T00:31:13.0032974Z [90m  â””[39m[90mâ”€[39m[90mâ”€[39m[90mâ”€[39m[90mâ”€[39m[90mâ”€[39m[90mâ”€[39m[90mâ”€[39m[90mâ”€[39m[90mâ”€[39m[90mâ”€[39m[90mâ”€[39m[90mâ”€[39m[90mâ”€[39m[90mâ”€[39m[90mâ”€[39m[90mâ”€[39m[90mâ”€[39m[90mâ”€[39m[90mâ”€[39m[90mâ”€[39m[90mâ”€[39m[90mâ”€[39m[90mâ”€[39m[90mâ”€[39m[90mâ”€[39m[90mâ”€[39m[90mâ”€[39m[90mâ”€[39m[90mâ”€[39m[90mâ”€[39m[90mâ”€[39m[90mâ”€[39m[90mâ”€[39m[90mâ”€[39m[90mâ”€[39m[90mâ”€[39m[90mâ”€[39m[90mâ”€[39m[90mâ”€[39m[90mâ”€[39m[90mâ”€[39m[90mâ”€[39m[90mâ”€[39m[90mâ”€[39m[90mâ”€[39m[90mâ”€[39m[90mâ”€[39m[90mâ”€[39m[90mâ”€[39m[90mâ”€[39m[90mâ”€[39m[90mâ”€[39m[90mâ”€[39m[90mâ”€[39m[90mâ”€[39m[90mâ”€[39m[90mâ”€[39m[90mâ”€[39m[90mâ”€[39m[90mâ”€[39m[90mâ”€[39m[90mâ”€[39m[90mâ”€[39m[90mâ”€[39m[90mâ”€[39m[90mâ”€[39m[90mâ”€[39m[90mâ”€[39m[90mâ”€[39m[90mâ”€[39m[90mâ”€[39m[90mâ”€[39m[90mâ”€[39m[90mâ”€[39m[90mâ”€[39m[90mâ”€[39m[90mâ”€[39m[90mâ”€[39m[90mâ”€[39m[90mâ”€[39m[90mâ”€[39m[90mâ”€[39m[90mâ”€[39m[90mâ”€[39m[90mâ”€[39m[90mâ”€[39m[90mâ”€[39m[90mâ”€[39m[90mâ”€[39m[90mâ”€[39m[90mâ”€[39m[90mâ”€[39m[90mâ”€[39m[90mâ”€[39m[90mâ”€[39m[90mâ”€[39m[90mâ”˜[39m
Admin UI E2E (2, chrome)	Run Cypress	2024-12-21T00:31:13.0037125Z 
Admin UI E2E (2, chrome)	Run Cypress	2024-12-21T00:31:13.0363676Z 
Admin UI E2E (2, chrome)	Run Cypress	2024-12-21T00:31:13.0378104Z [90mâ”€[39m[90mâ”€[39m[90mâ”€[39m[90mâ”€[39m[90mâ”€[39m[90mâ”€[39m[90mâ”€[39m[90mâ”€[39m[90mâ”€[39m[90mâ”€[39m[90mâ”€[39m[90mâ”€[39m[90mâ”€[39m[90mâ”€[39m[90mâ”€[39m[90mâ”€[39m[90mâ”€[39m[90mâ”€[39m[90mâ”€[39m[90mâ”€[39m[90mâ”€[39m[90mâ”€[39m[90mâ”€[39m[90mâ”€[39m[90mâ”€[39m[90mâ”€[39m[90mâ”€[39m[90mâ”€[39m[90mâ”€[39m[90mâ”€[39m[90mâ”€[39m[90mâ”€[39m[90mâ”€[39m[90mâ”€[39m[90mâ”€[39m[90mâ”€[39m[90mâ”€[39m[90mâ”€[39m[90mâ”€[39m[90mâ”€[39m[90mâ”€[39m[90mâ”€[39m[90mâ”€[39m[90mâ”€[39m[90mâ”€[39m[90mâ”€[39m[90mâ”€[39m[90mâ”€[39m[90mâ”€[39m[90mâ”€[39m[90mâ”€[39m[90mâ”€[39m[90mâ”€[39m[90mâ”€[39m[90mâ”€[39m[90mâ”€[39m[90mâ”€[39m[90mâ”€[39m[90mâ”€[39m[90mâ”€[39m[90mâ”€[39m[90mâ”€[39m[90mâ”€[39m[90mâ”€[39m[90mâ”€[39m[90mâ”€[39m[90mâ”€[39m[90mâ”€[39m[90mâ”€[39m[90mâ”€[39m[90mâ”€[39m[90mâ”€[39m[90mâ”€[39m[90mâ”€[39m[90mâ”€[39m[90mâ”€[39m[90mâ”€[39m[90mâ”€[39m[90mâ”€[39m[90mâ”€[39m[90mâ”€[39m[90mâ”€[39m[90mâ”€[39m[90mâ”€[39m[90mâ”€[39m[90mâ”€[39m[90mâ”€[39m[90mâ”€[39m[90mâ”€[39m[90mâ”€[39m[90mâ”€[39m[90mâ”€[39m[90mâ”€[39m[90mâ”€[39m[90mâ”€[39m[90mâ”€[39m[90mâ”€[39m[90mâ”€[39m[90mâ”€[39m[90mâ”€[39m
Admin UI E2E (2, chrome)	Run Cypress	2024-12-21T00:31:13.0383597Z                                                                                                     
Admin UI E2E (2, chrome)	Run Cypress	2024-12-21T00:31:13.0384773Z   Running:  [90muser_fed_kerberos_test.spec.ts[39m                                                  [90m(3 of 4)[39m
Admin UI E2E (2, chrome)	Run Cypress	2024-12-21T00:31:16.1385211Z 
Admin UI E2E (2, chrome)	Run Cypress	2024-12-21T00:31:16.1386347Z [0m[0m
Admin UI E2E (2, chrome)	Run Cypress	2024-12-21T00:31:16.1419265Z [0m  User Fed Kerberos tests[0m
Admin UI E2E (2, chrome)	Run Cypress	2024-12-21T00:31:22.9861971Z   [32m  âœ“[0m[90m Should create Kerberos provider from empty state[0m[90m (6821ms)[0m
Admin UI E2E (2, chrome)	Run Cypress	2024-12-21T00:31:27.6406900Z   [32m  âœ“[0m[90m Should enable debug, password authentication, and first login[0m[90m (4549ms)[0m
Admin UI E2E (2, chrome)	Run Cypress	2024-12-21T00:31:32.6351695Z   [32m  âœ“[0m[90m Should set cache policy to evict_daily[0m[90m (4916ms)[0m
Admin UI E2E (2, chrome)	Run Cypress	2024-12-21T00:31:37.1860018Z   [32m  âœ“[0m[90m Should set cache policy to default[0m[90m (4478ms)[0m
Admin UI E2E (2, chrome)	Run Cypress	2024-12-21T00:31:42.5135830Z   [32m  âœ“[0m[90m Should set cache policy to evict_weekly[0m[90m (5252ms)[0m
Admin UI E2E (2, chrome)	Run Cypress	2024-12-21T00:31:47.3643648Z   [32m  âœ“[0m[90m Should set cache policy to max_lifespan[0m[90m (4780ms)[0m
Admin UI E2E (2, chrome)	Run Cypress	2024-12-21T00:31:51.8611160Z   [32m  âœ“[0m[90m Should set cache policy to no_cache[0m[90m (4432ms)[0m
Admin UI E2E (2, chrome)	Run Cypress	2024-12-21T00:31:57.3437604Z   [32m  âœ“[0m[90m Should edit existing Kerberos provider and cancel[0m[90m (5431ms)[0m
Admin UI E2E (2, chrome)	Run Cypress	2024-12-21T00:32:00.5012365Z   [32m  âœ“[0m[90m Should disable an existing Kerberos provider[0m[90m (3088ms)[0m
Admin UI E2E (2, chrome)	Run Cypress	2024-12-21T00:32:03.8001990Z   [32m  âœ“[0m[90m Should enable an existing previously-disabled Kerberos provider[0m[90m (3246ms)[0m
Admin UI E2E (2, chrome)	Run Cypress	2024-12-21T00:32:07.3434332Z   [32m  âœ“[0m[90m Should create new Kerberos provider using the New Provider dropdown[0m[90m (3491ms)[0m
Admin UI E2E (2, chrome)	Run Cypress	2024-12-21T00:32:07.3581041Z   [36m  - Should change the priority order of Kerberos providers[0m
Admin UI E2E (2, chrome)	Run Cypress	2024-12-21T00:32:09.2255427Z   [32m  âœ“[0m[90m Should delete a Kerberos provider from card view using the card's menu[0m[90m (1849ms)[0m
Admin UI E2E (2, chrome)	Run Cypress	2024-12-21T00:32:12.3065368Z   [32m  âœ“[0m[90m Should delete a Kerberos provider using the Settings view's Action menu[0m[90m (3018ms)[0m
Admin UI E2E (2, chrome)	Run Cypress	2024-12-21T00:32:12.3066085Z 
Admin UI E2E (2, chrome)	Run Cypress	2024-12-21T00:32:12.3246768Z 
Admin UI E2E (2, chrome)	Run Cypress	2024-12-21T00:32:12.3248571Z [92m [0m[32m 13 passing[0m[90m (56s)[0m
Admin UI E2E (2, chrome)	Run Cypress	2024-12-21T00:32:12.3250390Z [36m [0m[36m 1 pending[0m
Admin UI E2E (2, chrome)	Run Cypress	2024-12-21T00:32:12.3250872Z 
Admin UI E2E (2, chrome)	Run Cypress	2024-12-21T00:32:13.3552158Z 
Admin UI E2E (2, chrome)	Run Cypress	2024-12-21T00:32:13.3553787Z [32m  ([4m[1mResults[22m[24m)[39m
Admin UI E2E (2, chrome)	Run Cypress	2024-12-21T00:32:13.3571425Z 
Admin UI E2E (2, chrome)	Run Cypress	2024-12-21T00:32:13.3586552Z [90m  â”Œ[39m[90mâ”€[39m[90mâ”€[39m[90mâ”€[39m[90mâ”€[39m[90mâ”€[39m[90mâ”€[39m[90mâ”€[39m[90mâ”€[39m[90mâ”€[39m[90mâ”€[39m[90mâ”€[39m[90mâ”€[39m[90mâ”€[39m[90mâ”€[39m[90mâ”€[39m[90mâ”€[39m[90mâ”€[39m[90mâ”€[39m[90mâ”€[39m[90mâ”€[39m[90mâ”€[39m[90mâ”€[39m[90mâ”€[39m[90mâ”€[39m[90mâ”€[39m[90mâ”€[39m[90mâ”€[39m[90mâ”€[39m[90mâ”€[39m[90mâ”€[39m[90mâ”€[39m[90mâ”€[39m[90mâ”€[39m[90mâ”€[39m[90mâ”€[39m[90mâ”€[39m[90mâ”€[39m[90mâ”€[39m[90mâ”€[39m[90mâ”€[39m[90mâ”€[39m[90mâ”€[39m[90mâ”€[39m[90mâ”€[39m[90mâ”€[39m[90mâ”€[39m[90mâ”€[39m[90mâ”€[39m[90mâ”€[39m[90mâ”€[39m[90mâ”€[39m[90mâ”€[39m[90mâ”€[39m[90mâ”€[39m[90mâ”€[39m[90mâ”€[39m[90mâ”€[39m[90mâ”€[39m[90mâ”€[39m[90mâ”€[39m[90mâ”€[39m[90mâ”€[39m[90mâ”€[39m[90mâ”€[39m[90mâ”€[39m[90mâ”€[39m[90mâ”€[39m[90mâ”€[39m[90mâ”€[39m[90mâ”€[39m[90mâ”€[39m[90mâ”€[39m[90mâ”€[39m[90mâ”€[39m[90mâ”€[39m[90mâ”€[39m[90mâ”€[39m[90mâ”€[39m[90mâ”€[39m[90mâ”€[39m[90mâ”€[39m[90mâ”€[39m[90mâ”€[39m[90mâ”€[39m[90mâ”€[39m[90mâ”€[39m[90mâ”€[39m[90mâ”€[39m[90mâ”€[39m[90mâ”€[39m[90mâ”€[39m[90mâ”€[39m[90mâ”€[39m[90mâ”€[39m[90mâ”€[39m[90mâ”€[39m[90mâ”[39m
Admin UI E2E (2, chrome)	Run Cypress	2024-12-21T00:32:13.3589293Z [90m  â”‚[39m [90mTests:[39m        [32m14[39m                                                                               [90mâ”‚[39m
Admin UI E2E (2, chrome)	Run Cypress	2024-12-21T00:32:13.3590015Z [90m  â”‚[39m [90mPassing:[39m      [32m13[39m                                                                               [90mâ”‚[39m
Admin UI E2E (2, chrome)	Run Cypress	2024-12-21T00:32:13.3590992Z [90m  â”‚[39m [90mFailing:[39m      [32m0[39m                                                                                [90mâ”‚[39m
Admin UI E2E (2, chrome)	Run Cypress	2024-12-21T00:32:13.3592195Z [90m  â”‚[39m [90mPending:[39m      [32m1[39m                                                                                [90mâ”‚[39m
Admin UI E2E (2, chrome)	Run Cypress	2024-12-21T00:32:13.3593038Z [90m  â”‚[39m [90mSkipped:[39m      [32m0[39m                                                                                [90mâ”‚[39m
Admin UI E2E (2, chrome)	Run Cypress	2024-12-21T00:32:13.3593732Z [90m  â”‚[39m [90mScreenshots:[39m  [32m0[39m                                                                                [90mâ”‚[39m
Admin UI E2E (2, chrome)	Run Cypress	2024-12-21T00:32:13.3594422Z [90m  â”‚[39m [90mVideo:[39m        [32mfalse[39m                                                                            [90mâ”‚[39m
Admin UI E2E (2, chrome)	Run Cypress	2024-12-21T00:32:13.3595136Z [90m  â”‚[39m [90mDuration:[39m     [32m56 seconds[39m                                                                       [90mâ”‚[39m
Admin UI E2E (2, chrome)	Run Cypress	2024-12-21T00:32:13.3596157Z [90m  â”‚[39m [90mSpec Ran:[39m     [32m[32muser_fed_kerberos_test.spec.ts[32m[39m                                                   [90mâ”‚[39m
Admin UI E2E (2, chrome)	Run Cypress	2024-12-21T00:32:13.3603365Z [90m  â””[39m[90mâ”€[39m[90mâ”€[39m[90mâ”€[39m[90mâ”€[39m[90mâ”€[39m[90mâ”€[39m[90mâ”€[39m[90mâ”€[39m[90mâ”€[39m[90mâ”€[39m[90mâ”€[39m[90mâ”€[39m[90mâ”€[39m[90mâ”€[39m[90mâ”€[39m[90mâ”€[39m[90mâ”€[39m[90mâ”€[39m[90mâ”€[39m[90mâ”€[39m[90mâ”€[39m[90mâ”€[39m[90mâ”€[39m[90mâ”€[39m[90mâ”€[39m[90mâ”€[39m[90mâ”€[39m[90mâ”€[39m[90mâ”€[39m[90mâ”€[39m[90mâ”€[39m[90mâ”€[39m[90mâ”€[39m[90mâ”€[39m[90mâ”€[39m[90mâ”€[39m[90mâ”€[39m[90mâ”€[39m[90mâ”€[39m[90mâ”€[39m[90mâ”€[39m[90mâ”€[39m[90mâ”€[39m[90mâ”€[39m[90mâ”€[39m[90mâ”€[39m[90mâ”€[39m[90mâ”€[39m[90mâ”€[39m[90mâ”€[39m[90mâ”€[39m[90mâ”€[39m[90mâ”€[39m[90mâ”€[39m[90mâ”€[39m[90mâ”€[39m[90mâ”€[39m[90mâ”€[39m[90mâ”€[39m[90mâ”€[39m[90mâ”€[39m[90mâ”€[39m[90mâ”€[39m[90mâ”€[39m[90mâ”€[39m[90mâ”€[39m[90mâ”€[39m[90mâ”€[39m[90mâ”€[39m[90mâ”€[39m[90mâ”€[39m[90mâ”€[39m[90mâ”€[39m[90mâ”€[39m[90mâ”€[39m[90mâ”€[39m[90mâ”€[39m[90mâ”€[39m[90mâ”€[39m[90mâ”€[39m[90mâ”€[39m[90mâ”€[39m[90mâ”€[39m[90mâ”€[39m[90mâ”€[39m[90mâ”€[39m[90mâ”€[39m[90mâ”€[39m[90mâ”€[39m[90mâ”€[39m[90mâ”€[39m[90mâ”€[39m[90mâ”€[39m[90mâ”€[39m[90mâ”€[39m[90mâ”€[39m[90mâ”˜[39m
Admin UI E2E (2, chrome)	Run Cypress	2024-12-21T00:32:13.3606938Z 
Admin UI E2E (2, chrome)	Run Cypress	2024-12-21T00:32:13.3919899Z 
Admin UI E2E (2, chrome)	Run Cypress	2024-12-21T00:32:13.3937047Z [90mâ”€[39m[90mâ”€[39m[90mâ”€[39m[90mâ”€[39m[90mâ”€[39m[90mâ”€[39m[90mâ”€[39m[90mâ”€[39m[90mâ”€[39m[90mâ”€[39m[90mâ”€[39m[90mâ”€[39m[90mâ”€[39m[90mâ”€[39m[90mâ”€[39m[90mâ”€[39m[90mâ”€[39m[90mâ”€[39m[90mâ”€[39m[90mâ”€[39m[90mâ”€[39m[90mâ”€[39m[90mâ”€[39m[90mâ”€[39m[90mâ”€[39m[90mâ”€[39m[90mâ”€[39m[90mâ”€[39m[90mâ”€[39m[90mâ”€[39m[90mâ”€[39m[90mâ”€[39m[90mâ”€[39m[90mâ”€[39m[90mâ”€[39m[90mâ”€[39m[90mâ”€[39m[90mâ”€[39m[90mâ”€[39m[90mâ”€[39m[90mâ”€[39m[90mâ”€[39m[90mâ”€[39m[90mâ”€[39m[90mâ”€[39m[90mâ”€[39m[90mâ”€[39m[90mâ”€[39m[90mâ”€[39m[90mâ”€[39m[90mâ”€[39m[90mâ”€[39m[90mâ”€[39m[90mâ”€[39m[90mâ”€[39m[90mâ”€[39m[90mâ”€[39m[90mâ”€[39m[90mâ”€[39m[90mâ”€[39m[90mâ”€[39m[90mâ”€[39m[90mâ”€[39m[90mâ”€[39m[90mâ”€[39m[90mâ”€[39m[90mâ”€[39m[90mâ”€[39m[90mâ”€[39m[90mâ”€[39m[90mâ”€[39m[90mâ”€[39m[90mâ”€[39m[90mâ”€[39m[90mâ”€[39m[90mâ”€[39m[90mâ”€[39m[90mâ”€[39m[90mâ”€[39m[90mâ”€[39m[90mâ”€[39m[90mâ”€[39m[90mâ”€[39m[90mâ”€[39m[90mâ”€[39m[90mâ”€[39m[90mâ”€[39m[90mâ”€[39m[90mâ”€[39m[90mâ”€[39m[90mâ”€[39m[90mâ”€[39m[90mâ”€[39m[90mâ”€[39m[90mâ”€[39m[90mâ”€[39m[90mâ”€[39m[90mâ”€[39m[90mâ”€[39m[90mâ”€[39m
Admin UI E2E (2, chrome)	Run Cypress	2024-12-21T00:32:13.3939403Z                                                                                                     
Admin UI E2E (2, chrome)	Run Cypress	2024-12-21T00:32:13.3940021Z   Running:  [90mclient_scopes_test.spec.ts[39m                                                      [90m(4 of 4)[39m
Admin UI E2E (2, chrome)	Run Cypress	2024-12-21T00:32:17.6318520Z 
Admin UI E2E (2, chrome)	Run Cypress	2024-12-21T00:32:17.6319609Z [0m[0m
Admin UI E2E (2, chrome)	Run Cypress	2024-12-21T00:32:17.6352160Z [0m  Client Scopes test[0m
Admin UI E2E (2, chrome)	Run Cypress	2024-12-21T00:32:18.1141084Z [0m    Client Scope filter list items[0m
Admin UI E2E (2, chrome)	Run Cypress	2024-12-21T00:32:23.0335783Z     [32m  âœ“[0m[90m should filter item by name[0m[90m (5344ms)[0m
Admin UI E2E (2, chrome)	Run Cypress	2024-12-21T00:32:25.6459607Z     [32m  âœ“[0m[90m should filter items by Assigned type All types[0m[90m (2531ms)[0m
Admin UI E2E (2, chrome)	Run Cypress	2024-12-21T00:32:27.8534300Z     [32m  âœ“[0m[90m should filter items by Assigned type Default[0m[90m (2115ms)[0m
Admin UI E2E (2, chrome)	Run Cypress	2024-12-21T00:32:30.0589187Z     [32m  âœ“[0m[90m should filter items by Assigned type Optional[0m[90m (2120ms)[0m
Admin UI E2E (2, chrome)	Run Cypress	2024-12-21T00:32:32.0847510Z     [32m  âœ“[0m[90m should filter items by Protocol All[0m[90m (1990ms)[0m
Admin UI E2E (2, chrome)	Run Cypress	2024-12-21T00:32:34.2607350Z     [32m  âœ“[0m[90m should filter items by Protocol SAML[0m[90m (2118ms)[0m
Admin UI E2E (2, chrome)	Run Cypress	2024-12-21T00:32:36.4154603Z     [32m  âœ“[0m[90m should filter items by Protocol OpenID[0m[90m (2091ms)[0m
Admin UI E2E (2, chrome)	Run Cypress	2024-12-21T00:32:38.0850163Z     [32m  âœ“[0m[90m should show items on next page are more than 11[0m[90m (1632ms)[0m
Admin UI E2E (2, chrome)	Run Cypress	2024-12-21T00:32:38.0946270Z [0m    Client Scope modify list items[0m
Admin UI E2E (2, chrome)	Run Cypress	2024-12-21T00:32:40.3824243Z     [32m  âœ“[0m[90m should modify selected item type to Default from search bar[0m[90m (2222ms)[0m
Admin UI E2E (2, chrome)	Run Cypress	2024-12-21T00:32:42.2565028Z     [32m  âœ“[0m[90m should modify selected item type to Optional from search bar[0m[90m (1821ms)[0m
Admin UI E2E (2, chrome)	Run Cypress	2024-12-21T00:32:47.5700471Z     [32m  âœ“[0m[90m should modify item client-scope-test0 AssignedType to Default from item bar[0m[90m (5229ms)[0m
Admin UI E2E (2, chrome)	Run Cypress	2024-12-21T00:32:52.6733088Z     [32m  âœ“[0m[90m should modify item client-scope-test0 AssignedType to Optional from item bar[0m[90m (5025ms)[0m
Admin UI E2E (2, chrome)	Run Cypress	2024-12-21T00:32:57.6556249Z     [32m  âœ“[0m[90m should modify item client-scope-test0 AssignedType to None from item bar[0m[90m (4889ms)[0m
Admin UI E2E (2, chrome)	Run Cypress	2024-12-21T00:33:00.8480339Z     [32m  âœ“[0m[90m should not allow to modify item AssignedType from search bar when no item selected[0m[90m (3114ms)[0m
Admin UI E2E (2, chrome)	Run Cypress	2024-12-21T00:33:00.8618598Z [0m    Client Scope delete list items [0m
Admin UI E2E (2, chrome)	Run Cypress	2024-12-21T00:33:03.0733616Z     [32m  âœ“[0m[90m should delete item from item bar[0m[90m (2167ms)[0m
Admin UI E2E (2, chrome)	Run Cypress	2024-12-21T00:33:05.5013281Z     [32m  âœ“[0m[90m should delete selected item from search bar[0m[90m (2339ms)[0m
Admin UI E2E (2, chrome)	Run Cypress	2024-12-21T00:33:08.4347105Z     [32m  âœ“[0m[90m should delete multiple selected items from search bar[0m[90m (2821ms)[0m
Admin UI E2E (2, chrome)	Run Cypress	2024-12-21T00:33:08.4507034Z [0m    Client Scope creation[0m
Admin UI E2E (2, chrome)	Run Cypress	2024-12-21T00:33:10.9789577Z     [32m  âœ“[0m[90m should fail creating client scope[0m[90m (2493ms)[0m
Admin UI E2E (2, chrome)	Run Cypress	2024-12-21T00:33:12.8798622Z     [32m  âœ“[0m[90m hides 'consent text' field when 'display consent' switch is disabled[0m[90m (1843ms)[0m
Admin UI E2E (2, chrome)	Run Cypress	2024-12-21T00:33:18.5053156Z     [32m  âœ“[0m[90m Client scope CRUD test[0m[90m (5538ms)[0m
Admin UI E2E (2, chrome)	Run Cypress	2024-12-21T00:33:18.5207116Z [0m    Scope tab test[0m
Admin UI E2E (2, chrome)	Run Cypress	2024-12-21T00:33:22.6072391Z     [32m  âœ“[0m[90m Assign and unassign role[0m[90m (4000ms)[0m
Admin UI E2E (2, chrome)	Run Cypress	2024-12-21T00:33:22.6258989Z [0m    Mappers tab test[0m
Admin UI E2E (2, chrome)	Run Cypress	2024-12-21T00:33:46.7484084Z     [32m  âœ“[0m[90m CRUD mappers[0m[90m (24046ms)[0m
Admin UI E2E (2, chrome)	Run Cypress	2024-12-21T00:33:46.7843643Z [0m    Accessibility tests for client scopes[0m
Admin UI E2E (2, chrome)	Run Cypress	2024-12-21T00:33:48.9725279Z     [32m  âœ“[0m[90m Check a11y violations on load/ client scopes[0m[90m (2111ms)[0m
Admin UI E2E (2, chrome)	Run Cypress	2024-12-21T00:33:50.9323664Z     [32m  âœ“[0m[90m Check a11y violations on empty client scope[0m[90m (1912ms)[0m
Admin UI E2E (2, chrome)	Run Cypress	2024-12-21T00:34:01.2102774Z     [32m  âœ“[0m[90m Check a11y violations on client scope details[0m[90m (9719ms)[0m
Admin UI E2E (2, chrome)	Run Cypress	2024-12-21T00:34:01.2107548Z 
Admin UI E2E (2, chrome)	Run Cypress	2024-12-21T00:34:01.2489564Z 
Admin UI E2E (2, chrome)	Run Cypress	2024-12-21T00:34:01.2491038Z [92m [0m[32m 25 passing[0m[90m (2m)[0m
Admin UI E2E (2, chrome)	Run Cypress	2024-12-21T00:34:01.2492421Z 
Admin UI E2E (2, chrome)	Run Cypress	2024-12-21T00:34:02.2901982Z 
Admin UI E2E (2, chrome)	Run Cypress	2024-12-21T00:34:02.2902917Z [32m  ([4m[1mResults[22m[24m)[39m
Admin UI E2E (2, chrome)	Run Cypress	2024-12-21T00:34:02.2921644Z 
Admin UI E2E (2, chrome)	Run Cypress	2024-12-21T00:34:02.2935540Z [90m  â”Œ[39m[90mâ”€[39m[90mâ”€[39m[90mâ”€[39m[90mâ”€[39m[90mâ”€[39m[90mâ”€[39m[90mâ”€[39m[90mâ”€[39m[90mâ”€[39m[90mâ”€[39m[90mâ”€[39m[90mâ”€[39m[90mâ”€[39m[90mâ”€[39m[90mâ”€[39m[90mâ”€[39m[90mâ”€[39m[90mâ”€[39m[90mâ”€[39m[90mâ”€[39m[90mâ”€[39m[90mâ”€[39m[90mâ”€[39m[90mâ”€[39m[90mâ”€[39m[90mâ”€[39m[90mâ”€[39m[90mâ”€[39m[90mâ”€[39m[90mâ”€[39m[90mâ”€[39m[90mâ”€[39m[90mâ”€[39m[90mâ”€[39m[90mâ”€[39m[90mâ”€[39m[90mâ”€[39m[90mâ”€[39m[90mâ”€[39m[90mâ”€[39m[90mâ”€[39m[90mâ”€[39m[90mâ”€[39m[90mâ”€[39m[90mâ”€[39m[90mâ”€[39m[90mâ”€[39m[90mâ”€[39m[90mâ”€[39m[90mâ”€[39m[90mâ”€[39m[90mâ”€[39m[90mâ”€[39m[90mâ”€[39m[90mâ”€[39m[90mâ”€[39m[90mâ”€[39m[90mâ”€[39m[90mâ”€[39m[90mâ”€[39m[90mâ”€[39m[90mâ”€[39m[90mâ”€[39m[90mâ”€[39m[90mâ”€[39m[90mâ”€[39m[90mâ”€[39m[90mâ”€[39m[90mâ”€[39m[90mâ”€[39m[90mâ”€[39m[90mâ”€[39m[90mâ”€[39m[90mâ”€[39m[90mâ”€[39m[90mâ”€[39m[90mâ”€[39m[90mâ”€[39m[90mâ”€[39m[90mâ”€[39m[90mâ”€[39m[90mâ”€[39m[90mâ”€[39m[90mâ”€[39m[90mâ”€[39m[90mâ”€[39m[90mâ”€[39m[90mâ”€[39m[90mâ”€[39m[90mâ”€[39m[90mâ”€[39m[90mâ”€[39m[90mâ”€[39m[90mâ”€[39m[90mâ”€[39m[90mâ”€[39m[90mâ”[39m
Admin UI E2E (2, chrome)	Run Cypress	2024-12-21T00:34:02.2939756Z [90m  â”‚[39m [90mTests:[39m        [32m25[39m                                                                               [90mâ”‚[39m
Admin UI E2E (2, chrome)	Run Cypress	2024-12-21T00:34:02.2942412Z [90m  â”‚[39m [90mPassing:[39m      [32m25[39m                                                                               [90mâ”‚[39m
Admin UI E2E (2, chrome)	Run Cypress	2024-12-21T00:34:02.2943677Z [90m  â”‚[39m [90mFailing:[39m      [32m0[39m                                                                                [90mâ”‚[39m
Admin UI E2E (2, chrome)	Run Cypress	2024-12-21T00:34:02.2945297Z [90m  â”‚[39m [90mPending:[39m      [32m0[39m                                                                                [90mâ”‚[39m
Admin UI E2E (2, chrome)	Run Cypress	2024-12-21T00:34:02.2946496Z [90m  â”‚[39m [90mSkipped:[39m      [32m0[39m                                                                                [90mâ”‚[39m
Admin UI E2E (2, chrome)	Run Cypress	2024-12-21T00:34:02.2947707Z [90m  â”‚[39m [90mScreenshots:[39m  [32m0[39m                                                                                [90mâ”‚[39m
Admin UI E2E (2, chrome)	Run Cypress	2024-12-21T00:34:02.2948976Z [90m  â”‚[39m [90mVideo:[39m        [32mfalse[39m                                                                            [90mâ”‚[39m
Admin UI E2E (2, chrome)	Run Cypress	2024-12-21T00:34:02.2950296Z [90m  â”‚[39m [90mDuration:[39m     [32m1 minute, 43 seconds[39m                                                             [90mâ”‚[39m
Admin UI E2E (2, chrome)	Run Cypress	2024-12-21T00:34:02.2951974Z [90m  â”‚[39m [90mSpec Ran:[39m     [32m[32mclient_scopes_test.spec.ts[32m[39m                                                       [90mâ”‚[39m
Admin UI E2E (2, chrome)	Run Cypress	2024-12-21T00:34:02.2959100Z [90m  â””[39m[90mâ”€[39m[90mâ”€[39m[90mâ”€[39m[90mâ”€[39m[90mâ”€[39m[90mâ”€[39m[90mâ”€[39m[90mâ”€[39m[90mâ”€[39m[90mâ”€[39m[90mâ”€[39m[90mâ”€[39m[90mâ”€[39m[90mâ”€[39m[90mâ”€[39m[90mâ”€[39m[90mâ”€[39m[90mâ”€[39m[90mâ”€[39m[90mâ”€[39m[90mâ”€[39m[90mâ”€[39m[90mâ”€[39m[90mâ”€[39m[90mâ”€[39m[90mâ”€[39m[90mâ”€[39m[90mâ”€[39m[90mâ”€[39m[90mâ”€[39m[90mâ”€[39m[90mâ”€[39m[90mâ”€[39m[90mâ”€[39m[90mâ”€[39m[90mâ”€[39m[90mâ”€[39m[90mâ”€[39m[90mâ”€[39m[90mâ”€[39m[90mâ”€[39m[90mâ”€[39m[90mâ”€[39m[90mâ”€[39m[90mâ”€[39m[90mâ”€[39m[90mâ”€[39m[90mâ”€[39m[90mâ”€[39m[90mâ”€[39m[90mâ”€[39m[90mâ”€[39m[90mâ”€[39m[90mâ”€[39m[90mâ”€[39m[90mâ”€[39m[90mâ”€[39m[90mâ”€[39m[90mâ”€[39m[90mâ”€[39m[90mâ”€[39m[90mâ”€[39m[90mâ”€[39m[90mâ”€[39m[90mâ”€[39m[90mâ”€[39m[90mâ”€[39m[90mâ”€[39m[90mâ”€[39m[90mâ”€[39m[90mâ”€[39m[90mâ”€[39m[90mâ”€[39m[90mâ”€[39m[90mâ”€[39m[90mâ”€[39m[90mâ”€[39m[90mâ”€[39m[90mâ”€[39m[90mâ”€[39m[90mâ”€[39m[90mâ”€[39m[90mâ”€[39m[90mâ”€[39m[90mâ”€[39m[90mâ”€[39m[90mâ”€[39m[90mâ”€[39m[90mâ”€[39m[90mâ”€[39m[90mâ”€[39m[90mâ”€[39m[90mâ”€[39m[90mâ”€[39m[90mâ”€[39m[90mâ”€[39m[90mâ”˜[39m
Admin UI E2E (2, chrome)	Run Cypress	2024-12-21T00:34:02.2963206Z 
Admin UI E2E (2, chrome)	Run Cypress	2024-12-21T00:34:02.3030374Z 
Admin UI E2E (2, chrome)	Run Cypress	2024-12-21T00:34:02.3463256Z [90m====================================================================================================[39m
Admin UI E2E (2, chrome)	Run Cypress	2024-12-21T00:34:02.3463902Z 
Admin UI E2E (2, chrome)	Run Cypress	2024-12-21T00:34:02.3464348Z [0m  ([4m[1mRun Finished[22m[24m)[0m
Admin UI E2E (2, chrome)	Run Cypress	2024-12-21T00:34:02.3481620Z 
Admin UI E2E (2, chrome)	Run Cypress	2024-12-21T00:34:02.3481732Z 
Admin UI E2E (2, chrome)	Run Cypress	2024-12-21T00:34:02.3500557Z [90m   [39m    [90mSpec[39m                                              [90mTests[39m  [90mPassing[39m  [90mFailing[39m  [90mPending[39m  [90mSkipped[39m [90m [39m
Admin UI E2E (2, chrome)	Run Cypress	2024-12-21T00:34:02.3507421Z [90m  â”Œ[39m[90mâ”€[39m[90mâ”€[39m[90mâ”€[39m[90mâ”€[39m[90mâ”€[39m[90mâ”€[39m[90mâ”€[39m[90mâ”€[39m[90mâ”€[39m[90mâ”€[39m[90mâ”€[39m[90mâ”€[39m[90mâ”€[39m[90mâ”€[39m[90mâ”€[39m[90mâ”€[39m[90mâ”€[39m[90mâ”€[39m[90mâ”€[39m[90mâ”€[39m[90mâ”€[39m[90mâ”€[39m[90mâ”€[39m[90mâ”€[39m[90mâ”€[39m[90mâ”€[39m[90mâ”€[39m[90mâ”€[39m[90mâ”€[39m[90mâ”€[39m[90mâ”€[39m[90mâ”€[39m[90mâ”€[39m[90mâ”€[39m[90mâ”€[39m[90mâ”€[39m[90mâ”€[39m[90mâ”€[39m[90mâ”€[39m[90mâ”€[39m[90mâ”€[39m[90mâ”€[39m[90mâ”€[39m[90mâ”€[39m[90mâ”€[39m[90mâ”€[39m[90mâ”€[39m[90mâ”€[39m[90mâ”€[39m[90mâ”€[39m[90mâ”€[39m[90mâ”€[39m[90mâ”€[39m[90mâ”€[39m[90mâ”€[39m[90mâ”€[39m[90mâ”€[39m[90mâ”€[39m[90mâ”€[39m[90mâ”€[39m[90mâ”€[39m[90mâ”€[39m[90mâ”€[39m[90mâ”€[39m[90mâ”€[39m[90mâ”€[39m[90mâ”€[39m[90mâ”€[39m[90mâ”€[39m[90mâ”€[39m[90mâ”€[39m[90mâ”€[39m[90mâ”€[39m[90mâ”€[39m[90mâ”€[39m[90mâ”€[39m[90mâ”€[39m[90mâ”€[39m[90mâ”€[39m[90mâ”€[39m[90mâ”€[39m[90mâ”€[39m[90mâ”€[39m[90mâ”€[39m[90mâ”€[39m[90mâ”€[39m[90mâ”€[39m[90mâ”€[39m[90mâ”€[39m[90mâ”€[39m[90mâ”€[39m[90mâ”€[39m[90mâ”€[39m[90mâ”€[39m[90mâ”€[39m[90mâ”€[39m[90mâ”[39m
Admin UI E2E (2, chrome)	Run Cypress	2024-12-21T00:34:02.3513086Z [90m  â”‚[39m [31mâœ–[39m  [0mclients_test.spec.ts[0m                     [90m05:10[39m       [0m24[0m       [32m23[39m        [31m1[39m        [90m-[39m        [90m-[39m [90mâ”‚[39m
Admin UI E2E (2, chrome)	Run Cypress	2024-12-21T00:34:02.3520605Z [90m  â”œ[39m[90mâ”€[39m[90mâ”€[39m[90mâ”€[39m[90mâ”€[39m[90mâ”€[39m[90mâ”€[39m[90mâ”€[39m[90mâ”€[39m[90mâ”€[39m[90mâ”€[39m[90mâ”€[39m[90mâ”€[39m[90mâ”€[39m[90mâ”€[39m[90mâ”€[39m[90mâ”€[39m[90mâ”€[39m[90mâ”€[39m[90mâ”€[39m[90mâ”€[39m[90mâ”€[39m[90mâ”€[39m[90mâ”€[39m[90mâ”€[39m[90mâ”€[39m[90mâ”€[39m[90mâ”€[39m[90mâ”€[39m[90mâ”€[39m[90mâ”€[39m[90mâ”€[39m[90mâ”€[39m[90mâ”€[39m[90mâ”€[39m[90mâ”€[39m[90mâ”€[39m[90mâ”€[39m[90mâ”€[39m[90mâ”€[39m[90mâ”€[39m[90mâ”€[39m[90mâ”€[39m[90mâ”€[39m[90mâ”€[39m[90mâ”€[39m[90mâ”€[39m[90mâ”€[39m[90mâ”€[39m[90mâ”€[39m[90mâ”€[39m[90mâ”€[39m[90mâ”€[39m[90mâ”€[39m[90mâ”€[39m[90mâ”€[39m[90mâ”€[39m[90mâ”€[39m[90mâ”€[39m[90mâ”€[39m[90mâ”€[39m[90mâ”€[39m[90mâ”€[39m[90mâ”€[39m[90mâ”€[39m[90mâ”€[39m[90mâ”€[39m[90mâ”€[39m[90mâ”€[39m[90mâ”€[39m[90mâ”€[39m[90mâ”€[39m[90mâ”€[39m[90mâ”€[39m[90mâ”€[39m[90mâ”€[39m[90mâ”€[39m[90mâ”€[39m[90mâ”€[39m[90mâ”€[39m[90mâ”€[39m[90mâ”€[39m[90mâ”€[39m[90mâ”€[39m[90mâ”€[39m[90mâ”€[39m[90mâ”€[39m[90mâ”€[39m[90mâ”€[39m[90mâ”€[39m[90mâ”€[39m[90mâ”€[39m[90mâ”€[39m[90mâ”€[39m[90mâ”€[39m[90mâ”€[39m[90mâ”€[39m[90mâ”¤[39m
Admin UI E2E (2, chrome)	Run Cypress	2024-12-21T00:34:02.3529413Z [90m  â”‚[39m [32mâœ”[39m  [0mrealm_settings_tabs_test.spec.ts[0m         [90m02:45[39m       [0m35[0m       [32m35[39m        [90m-[39m        [90m-[39m        [90m-[39m [90mâ”‚[39m
Admin UI E2E (2, chrome)	Run Cypress	2024-12-21T00:34:02.3552786Z [90m  â”œ[39m[90mâ”€[39m[90mâ”€[39m[90mâ”€[39m[90mâ”€[39m[90mâ”€[39m[90mâ”€[39m[90mâ”€[39m[90mâ”€[39m[90mâ”€[39m[90mâ”€[39m[90mâ”€[39m[90mâ”€[39m[90mâ”€[39m[90mâ”€[39m[90mâ”€[39m[90mâ”€[39m[90mâ”€[39m[90mâ”€[39m[90mâ”€[39m[90mâ”€[39m[90mâ”€[39m[90mâ”€[39m[90mâ”€[39m[90mâ”€[39m[90mâ”€[39m[90mâ”€[39m[90mâ”€[39m[90mâ”€[39m[90mâ”€[39m[90mâ”€[39m[90mâ”€[39m[90mâ”€[39m[90mâ”€[39m[90mâ”€[39m[90mâ”€[39m[90mâ”€[39m[90mâ”€[39m[90mâ”€[39m[90mâ”€[39m[90mâ”€[39m[90mâ”€[39m[90mâ”€[39m[90mâ”€[39m[90mâ”€[39m[90mâ”€[39m[90mâ”€[39m[90mâ”€[39m[90mâ”€[39m[90mâ”€[39m[90mâ”€[39m[90mâ”€[39m[90mâ”€[39m[90mâ”€[39m[90mâ”€[39m[90mâ”€[39m[90mâ”€[39m[90mâ”€[39m[90mâ”€[39m[90mâ”€[39m[90mâ”€[39m[90mâ”€[39m[90mâ”€[39m[90mâ”€[39m[90mâ”€[39m[90mâ”€[39m[90mâ”€[39m[90mâ”€[39m[90mâ”€[39m[90mâ”€[39m[90mâ”€[39m[90mâ”€[39m[90mâ”€[39m[90mâ”€[39m[90mâ”€[39m[90mâ”€[39m[90mâ”€[39m[90mâ”€[39m[90mâ”€[39m[90mâ”€[39m[90mâ”€[39m[90mâ”€[39m[90mâ”€[39m[90mâ”€[39m[90mâ”€[39m[90mâ”€[39m[90mâ”€[39m[90mâ”€[39m[90mâ”€[39m[90mâ”€[39m[90mâ”€[39m[90mâ”€[39m[90mâ”€[39m[90mâ”€[39m[90mâ”€[39m[90mâ”€[39m[90mâ”€[39m[90mâ”¤[39m
Admin UI E2E (2, chrome)	Run Cypress	2024-12-21T00:34:02.3558916Z [90m  â”‚[39m [32mâœ”[39m  [0muser_fed_kerberos_test.spec.ts[0m           [90m00:56[39m       [0m14[0m       [32m13[39m        [90m-[39m        [36m1[39m        [90m-[39m [90mâ”‚[39m
Admin UI E2E (2, chrome)	Run Cypress	2024-12-21T00:34:02.3567724Z [90m  â”œ[39m[90mâ”€[39m[90mâ”€[39m[90mâ”€[39m[90mâ”€[39m[90mâ”€[39m[90mâ”€[39m[90mâ”€[39m[90mâ”€[39m[90mâ”€[39m[90mâ”€[39m[90mâ”€[39m[90mâ”€[39m[90mâ”€[39m[90mâ”€[39m[90mâ”€[39m[90mâ”€[39m[90mâ”€[39m[90mâ”€[39m[90mâ”€[39m[90mâ”€[39m[90mâ”€[39m[90mâ”€[39m[90mâ”€[39m[90mâ”€[39m[90mâ”€[39m[90mâ”€[39m[90mâ”€[39m[90mâ”€[39m[90mâ”€[39m[90mâ”€[39m[90mâ”€[39m[90mâ”€[39m[90mâ”€[39m[90mâ”€[39m[90mâ”€[39m[90mâ”€[39m[90mâ”€[39m[90mâ”€[39m[90mâ”€[39m[90mâ”€[39m[90mâ”€[39m[90mâ”€[39m[90mâ”€[39m[90mâ”€[39m[90mâ”€[39m[90mâ”€[39m[90mâ”€[39m[90mâ”€[39m[90mâ”€[39m[90mâ”€[39m[90mâ”€[39m[90mâ”€[39m[90mâ”€[39m[90mâ”€[39m[90mâ”€[39m[90mâ”€[39m[90mâ”€[39m[90mâ”€[39m[90mâ”€[39m[90mâ”€[39m[90mâ”€[39m[90mâ”€[39m[90mâ”€[39m[90mâ”€[39m[90mâ”€[39m[90mâ”€[39m[90mâ”€[39m[90mâ”€[39m[90mâ”€[39m[90mâ”€[39m[90mâ”€[39m[90mâ”€[39m[90mâ”€[39m[90mâ”€[39m[90mâ”€[39m[90mâ”€[39m[90mâ”€[39m[90mâ”€[39m[90mâ”€[39m[90mâ”€[39m[90mâ”€[39m[90mâ”€[39m[90mâ”€[39m[90mâ”€[39m[90mâ”€[39m[90mâ”€[39m[90mâ”€[39m[90mâ”€[39m[90mâ”€[39m[90mâ”€[39m[90mâ”€[39m[90mâ”€[39m[90mâ”€[39m[90mâ”€[39m[90mâ”€[39m[90mâ”€[39m[90mâ”¤[39m
Admin UI E2E (2, chrome)	Run Cypress	2024-12-21T00:34:02.3573348Z [90m  â”‚[39m [32mâœ”[39m  [0mclient_scopes_test.spec.ts[0m               [90m01:43[39m       [0m25[0m       [32m25[39m        [90m-[39m        [90m-[39m        [90m-[39m [90mâ”‚[39m
Admin UI E2E (2, chrome)	Run Cypress	2024-12-21T00:34:02.3586128Z [90m  â””[39m[90mâ”€[39m[90mâ”€[39m[90mâ”€[39m[90mâ”€[39m[90mâ”€[39m[90mâ”€[39m[90mâ”€[39m[90mâ”€[39m[90mâ”€[39m[90mâ”€[39m[90mâ”€[39m[90mâ”€[39m[90mâ”€[39m[90mâ”€[39m[90mâ”€[39m[90mâ”€[39m[90mâ”€[39m[90mâ”€[39m[90mâ”€[39m[90mâ”€[39m[90mâ”€[39m[90mâ”€[39m[90mâ”€[39m[90mâ”€[39m[90mâ”€[39m[90mâ”€[39m[90mâ”€[39m[90mâ”€[39m[90mâ”€[39m[90mâ”€[39m[90mâ”€[39m[90mâ”€[39m[90mâ”€[39m[90mâ”€[39m[90mâ”€[39m[90mâ”€[39m[90mâ”€[39m[90mâ”€[39m[90mâ”€[39m[90mâ”€[39m[90mâ”€[39m[90mâ”€[39m[90mâ”€[39m[90mâ”€[39m[90mâ”€[39m[90mâ”€[39m[90mâ”€[39m[90mâ”€[39m[90mâ”€[39m[90mâ”€[39m[90mâ”€[39m[90mâ”€[39m[90mâ”€[39m[90mâ”€[39m[90mâ”€[39m[90mâ”€[39m[90mâ”€[39m[90mâ”€[39m[90mâ”€[39m[90mâ”€[39m[90mâ”€[39m[90mâ”€[39m[90mâ”€[39m[90mâ”€[39m[90mâ”€[39m[90mâ”€[39m[90mâ”€[39m[90mâ”€[39m[90mâ”€[39m[90mâ”€[39m[90mâ”€[39m[90mâ”€[39m[90mâ”€[39m[90mâ”€[39m[90mâ”€[39m[90mâ”€[39m[90mâ”€[39m[90mâ”€[39m[90mâ”€[39m[90mâ”€[39m[90mâ”€[39m[90mâ”€[39m[90mâ”€[39m[90mâ”€[39m[90mâ”€[39m[90mâ”€[39m[90mâ”€[39m[90mâ”€[39m[90mâ”€[39m[90mâ”€[39m[90mâ”€[39m[90mâ”€[39m[90mâ”€[39m[90mâ”€[39m[90mâ”€[39m[90mâ”€[39m[90mâ”˜[39m
Admin UI E2E (2, chrome)	Run Cypress	2024-12-21T00:34:02.3591702Z [90m   [39m [31mâœ–[39m  [31m1 of 4 failed (25%)[39m                      [90m10:35[39m       [0m98[0m       [32m96[39m        [31m1[39m        [36m1[39m        [90m-[39m [90m [39m
Admin UI E2E (2, chrome)	Run Cypress	2024-12-21T00:34:02.3592415Z 
Admin UI E2E (2, chrome)	Run Cypress	2024-12-21T00:34:02.4367131Z ##[error]Cypress tests: 1 failed
Status Check - Keycloak JavaScript CI	Run /./.github/actions/status-check	2024-12-21T00:34:18.2952787Z Prepare all required actions
Status Check - Keycloak JavaScript CI	Run /./.github/actions/status-check	2024-12-21T00:34:18.3016438Z ##[group]Run ./.github/actions/status-check
Status Check - Keycloak JavaScript CI	Run /./.github/actions/status-check	2024-12-21T00:34:18.3016954Z with:
Status Check - Keycloak JavaScript CI	Run /./.github/actions/status-check	2024-12-21T00:34:18.3018129Z   jobs: {
Status Check - Keycloak JavaScript CI	Run /./.github/actions/status-check	  "conditional": {
Status Check - Keycloak JavaScript CI	Run /./.github/actions/status-check	    "result": "success",
Status Check - Keycloak JavaScript CI	Run /./.github/actions/status-check	    "outputs": {
Status Check - Keycloak JavaScript CI	Run /./.github/actions/status-check	      "js-ci": "true"
Status Check - Keycloak JavaScript CI	Run /./.github/actions/status-check	    }
Status Check - Keycloak JavaScript CI	Run /./.github/actions/status-check	  },
Status Check - Keycloak JavaScript CI	Run /./.github/actions/status-check	  "build-keycloak": {
Status Check - Keycloak JavaScript CI	Run /./.github/actions/status-check	    "result": "success",
Status Check - Keycloak JavaScript CI	Run /./.github/actions/status-check	    "outputs": {}
Status Check - Keycloak JavaScript CI	Run /./.github/actions/status-check	  },
Status Check - Keycloak JavaScript CI	Run /./.github/actions/status-check	  "admin-client": {
Status Check - Keycloak JavaScript CI	Run /./.github/actions/status-check	    "result": "success",
Status Check - Keycloak JavaScript CI	Run /./.github/actions/status-check	    "outputs": {}
Status Check - Keycloak JavaScript CI	Run /./.github/actions/status-check	  },
Status Check - Keycloak JavaScript CI	Run /./.github/actions/status-check	  "ui-shared": {
Status Check - Keycloak JavaScript CI	Run /./.github/actions/status-check	    "result": "success",
Status Check - Keycloak JavaScript CI	Run /./.github/actions/status-check	    "outputs": {}
Status Check - Keycloak JavaScript CI	Run /./.github/actions/status-check	  },
Status Check - Keycloak JavaScript CI	Run /./.github/actions/status-check	  "account-ui": {
Status Check - Keycloak JavaScript CI	Run /./.github/actions/status-check	    "result": "success",
Status Check - Keycloak JavaScript CI	Run /./.github/actions/status-check	    "outputs": {}
Status Check - Keycloak JavaScript CI	Run /./.github/actions/status-check	  },
Status Check - Keycloak JavaScript CI	Run /./.github/actions/status-check	  "account-ui-e2e": {
Status Check - Keycloak JavaScript CI	Run /./.github/actions/status-check	    "result": "success",
Status Check - Keycloak JavaScript CI	Run /./.github/actions/status-check	    "outputs": {}
Status Check - Keycloak JavaScript CI	Run /./.github/actions/status-check	  },
Status Check - Keycloak JavaScript CI	Run /./.github/actions/status-check	  "admin-ui": {
Status Check - Keycloak JavaScript CI	Run /./.github/actions/status-check	    "result": "success",
Status Check - Keycloak JavaScript CI	Run /./.github/actions/status-check	    "outputs": {}
Status Check - Keycloak JavaScript CI	Run /./.github/actions/status-check	  },
Status Check - Keycloak JavaScript CI	Run /./.github/actions/status-check	  "admin-ui-e2e": {
Status Check - Keycloak JavaScript CI	Run /./.github/actions/status-check	    "result": "failure",
Status Check - Keycloak JavaScript CI	Run /./.github/actions/status-check	    "outputs": {}
Status Check - Keycloak JavaScript CI	Run /./.github/actions/status-check	  }
Status Check - Keycloak JavaScript CI	Run /./.github/actions/status-check	}
Status Check - Keycloak JavaScript CI	Run /./.github/actions/status-check	2024-12-21T00:34:18.3019608Z env:
Status Check - Keycloak JavaScript CI	Run /./.github/actions/status-check	2024-12-21T00:34:18.3019905Z   MAVEN_ARGS: -B -nsu -Daether.connector.http.connectionMaxTtl=25
Status Check - Keycloak JavaScript CI	Run /./.github/actions/status-check	2024-12-21T00:34:18.3020261Z   RETRY_COUNT: 3
Status Check - Keycloak JavaScript CI	Run /./.github/actions/status-check	2024-12-21T00:34:18.3020475Z ##[endgroup]
Status Check - Keycloak JavaScript CI	Run /./.github/actions/status-check	2024-12-21T00:34:18.3113011Z ##[group]Run JOBS='{
Status Check - Keycloak JavaScript CI	Run /./.github/actions/status-check	2024-12-21T00:34:18.3113462Z [36;1mJOBS='{[0m
Status Check - Keycloak JavaScript CI	Run /./.github/actions/status-check	2024-12-21T00:34:18.3113729Z [36;1m  "conditional": {[0m
Status Check - Keycloak JavaScript CI	Run /./.github/actions/status-check	2024-12-21T00:34:18.3114016Z [36;1m    "result": "success",[0m
Status Check - Keycloak JavaScript CI	Run /./.github/actions/status-check	2024-12-21T00:34:18.3114335Z [36;1m    "outputs": {[0m
Status Check - Keycloak JavaScript CI	Run /./.github/actions/status-check	2024-12-21T00:34:18.3114625Z [36;1m      "js-ci": "true"[0m
Status Check - Keycloak JavaScript CI	Run /./.github/actions/status-check	2024-12-21T00:34:18.3114894Z [36;1m    }[0m
Status Check - Keycloak JavaScript CI	Run /./.github/actions/status-check	2024-12-21T00:34:18.3115146Z [36;1m  },[0m
Status Check - Keycloak JavaScript CI	Run /./.github/actions/status-check	2024-12-21T00:34:18.3115421Z [36;1m  "build-keycloak": {[0m
Status Check - Keycloak JavaScript CI	Run /./.github/actions/status-check	2024-12-21T00:34:18.3115702Z [36;1m    "result": "success",[0m
Status Check - Keycloak JavaScript CI	Run /./.github/actions/status-check	2024-12-21T00:34:18.3115996Z [36;1m    "outputs": {}[0m
Status Check - Keycloak JavaScript CI	Run /./.github/actions/status-check	2024-12-21T00:34:18.3116256Z [36;1m  },[0m
Status Check - Keycloak JavaScript CI	Run /./.github/actions/status-check	2024-12-21T00:34:18.3116493Z [36;1m  "admin-client": {[0m
Status Check - Keycloak JavaScript CI	Run /./.github/actions/status-check	2024-12-21T00:34:18.3116961Z [36;1m    "result": "success",[0m
Status Check - Keycloak JavaScript CI	Run /./.github/actions/status-check	2024-12-21T00:34:18.3117276Z [36;1m    "outputs": {}[0m
Status Check - Keycloak JavaScript CI	Run /./.github/actions/status-check	2024-12-21T00:34:18.3117533Z [36;1m  },[0m
Status Check - Keycloak JavaScript CI	Run /./.github/actions/status-check	2024-12-21T00:34:18.3117770Z [36;1m  "ui-shared": {[0m
Status Check - Keycloak JavaScript CI	Run /./.github/actions/status-check	2024-12-21T00:34:18.3118036Z [36;1m    "result": "success",[0m
Status Check - Keycloak JavaScript CI	Run /./.github/actions/status-check	2024-12-21T00:34:18.3118326Z [36;1m    "outputs": {}[0m
Status Check - Keycloak JavaScript CI	Run /./.github/actions/status-check	2024-12-21T00:34:18.3118636Z [36;1m  },[0m
Status Check - Keycloak JavaScript CI	Run /./.github/actions/status-check	2024-12-21T00:34:18.3118869Z [36;1m  "account-ui": {[0m
Status Check - Keycloak JavaScript CI	Run /./.github/actions/status-check	2024-12-21T00:34:18.3119135Z [36;1m    "result": "success",[0m
Status Check - Keycloak JavaScript CI	Run /./.github/actions/status-check	2024-12-21T00:34:18.3119426Z [36;1m    "outputs": {}[0m
Status Check - Keycloak JavaScript CI	Run /./.github/actions/status-check	2024-12-21T00:34:18.3119680Z [36;1m  },[0m
Status Check - Keycloak JavaScript CI	Run /./.github/actions/status-check	2024-12-21T00:34:18.3119920Z [36;1m  "account-ui-e2e": {[0m
Status Check - Keycloak JavaScript CI	Run /./.github/actions/status-check	2024-12-21T00:34:18.3120199Z [36;1m    "result": "success",[0m
Status Check - Keycloak JavaScript CI	Run /./.github/actions/status-check	2024-12-21T00:34:18.3120472Z [36;1m    "outputs": {}[0m
Status Check - Keycloak JavaScript CI	Run /./.github/actions/status-check	2024-12-21T00:34:18.3120728Z [36;1m  },[0m
Status Check - Keycloak JavaScript CI	Run /./.github/actions/status-check	2024-12-21T00:34:18.3120961Z [36;1m  "admin-ui": {[0m
Status Check - Keycloak JavaScript CI	Run /./.github/actions/status-check	2024-12-21T00:34:18.3121220Z [36;1m    "result": "success",[0m
Status Check - Keycloak JavaScript CI	Run /./.github/actions/status-check	2024-12-21T00:34:18.3121504Z [36;1m    "outputs": {}[0m
Status Check - Keycloak JavaScript CI	Run /./.github/actions/status-check	2024-12-21T00:34:18.3121763Z [36;1m  },[0m
Status Check - Keycloak JavaScript CI	Run /./.github/actions/status-check	2024-12-21T00:34:18.3122000Z [36;1m  "admin-ui-e2e": {[0m
Status Check - Keycloak JavaScript CI	Run /./.github/actions/status-check	2024-12-21T00:34:18.3122276Z [36;1m    "result": "failure",[0m
Status Check - Keycloak JavaScript CI	Run /./.github/actions/status-check	2024-12-21T00:34:18.3122562Z [36;1m    "outputs": {}[0m
Status Check - Keycloak JavaScript CI	Run /./.github/actions/status-check	2024-12-21T00:34:18.3122808Z [36;1m  }[0m
Status Check - Keycloak JavaScript CI	Run /./.github/actions/status-check	2024-12-21T00:34:18.3123035Z [36;1m}'[0m
Status Check - Keycloak JavaScript CI	Run /./.github/actions/status-check	2024-12-21T00:34:18.3123264Z [36;1m[0m
Status Check - Keycloak JavaScript CI	Run /./.github/actions/status-check	2024-12-21T00:34:18.3123497Z [36;1mecho "Job status:"[0m
Status Check - Keycloak JavaScript CI	Run /./.github/actions/status-check	2024-12-21T00:34:18.3123877Z [36;1mecho $JOBS | jq -r 'to_entries[] | " - \(.key): \(.value.result)"'[0m
Status Check - Keycloak JavaScript CI	Run /./.github/actions/status-check	2024-12-21T00:34:18.3124272Z [36;1m[0m
Status Check - Keycloak JavaScript CI	Run /./.github/actions/status-check	2024-12-21T00:34:18.3124571Z [36;1mfor i in $(echo $JOBS | jq -r 'to_entries[] | .value.result'); do[0m
Status Check - Keycloak JavaScript CI	Run /./.github/actions/status-check	2024-12-21T00:34:18.3125004Z [36;1m  if [ "$i" != "success" ] && [ "$i" != "skipped" ]; then[0m
Status Check - Keycloak JavaScript CI	Run /./.github/actions/status-check	2024-12-21T00:34:18.3125340Z [36;1m    echo ""[0m
Status Check - Keycloak JavaScript CI	Run /./.github/actions/status-check	2024-12-21T00:34:18.3125620Z [36;1m    echo "Status check not okay!"[0m
Status Check - Keycloak JavaScript CI	Run /./.github/actions/status-check	2024-12-21T00:34:18.3125917Z [36;1m    exit 1[0m
Status Check - Keycloak JavaScript CI	Run /./.github/actions/status-check	2024-12-21T00:34:18.3126162Z [36;1m  fi[0m
Status Check - Keycloak JavaScript CI	Run /./.github/actions/status-check	2024-12-21T00:34:18.3126377Z [36;1mdone[0m
Status Check - Keycloak JavaScript CI	Run /./.github/actions/status-check	2024-12-21T00:34:18.3157840Z shell: /usr/bin/bash --noprofile --norc -e -o pipefail {0}
Status Check - Keycloak JavaScript CI	Run /./.github/actions/status-check	2024-12-21T00:34:18.3158293Z env:
Status Check - Keycloak JavaScript CI	Run /./.github/actions/status-check	2024-12-21T00:34:18.3158622Z   MAVEN_ARGS: -B -nsu -Daether.connector.http.connectionMaxTtl=25
Status Check - Keycloak JavaScript CI	Run /./.github/actions/status-check	2024-12-21T00:34:18.3159011Z   RETRY_COUNT: 3
Status Check - Keycloak JavaScript CI	Run /./.github/actions/status-check	2024-12-21T00:34:18.3159303Z ##[endgroup]
Status Check - Keycloak JavaScript CI	Run /./.github/actions/status-check	2024-12-21T00:34:18.3227903Z Job status:
Status Check - Keycloak JavaScript CI	Run /./.github/actions/status-check	2024-12-21T00:34:18.3271586Z  - conditional: success
Status Check - Keycloak JavaScript CI	Run /./.github/actions/status-check	2024-12-21T00:34:18.3272085Z  - build-keycloak: success
Status Check - Keycloak JavaScript CI	Run /./.github/actions/status-check	2024-12-21T00:34:18.3272480Z  - admin-client: success
Status Check - Keycloak JavaScript CI	Run /./.github/actions/status-check	2024-12-21T00:34:18.3272747Z  - ui-shared: success
Status Check - Keycloak JavaScript CI	Run /./.github/actions/status-check	2024-12-21T00:34:18.3273138Z  - account-ui: success
Status Check - Keycloak JavaScript CI	Run /./.github/actions/status-check	2024-12-21T00:34:18.3273572Z  - account-ui-e2e: success
Status Check - Keycloak JavaScript CI	Run /./.github/actions/status-check	2024-12-21T00:34:18.3274006Z  - admin-ui: success
Status Check - Keycloak JavaScript CI	Run /./.github/actions/status-check	2024-12-21T00:34:18.3274425Z  - admin-ui-e2e: failure
Status Check - Keycloak JavaScript CI	Run /./.github/actions/status-check	2024-12-21T00:34:18.3306377Z 
Status Check - Keycloak JavaScript CI	Run /./.github/actions/status-check	2024-12-21T00:34:18.3306955Z Status check not okay!
Status Check - Keycloak JavaScript CI	Run /./.github/actions/status-check	2024-12-21T00:34:18.3319807Z ##[error]Process completed with exit code 1.
