Admin UI E2E (chromium)	Run Playwright tests	Ôªø2026-02-05T04:40:58.9525586Z ##[group]Run pnpm --fail-if-no-match --filter @keycloak/keycloak-admin-ui test:integration -- --project=chromium
Admin UI E2E (chromium)	Run Playwright tests	2026-02-05T04:40:58.9527188Z [36;1mpnpm --fail-if-no-match --filter @keycloak/keycloak-admin-ui test:integration -- --project=chromium[0m
Admin UI E2E (chromium)	Run Playwright tests	2026-02-05T04:40:58.9575174Z shell: /usr/bin/bash --noprofile --norc -e -o pipefail {0}
Admin UI E2E (chromium)	Run Playwright tests	2026-02-05T04:40:58.9575776Z env:
Admin UI E2E (chromium)	Run Playwright tests	2026-02-05T04:40:58.9576307Z   MAVEN_ARGS: -B -nsu -Daether.connector.http.connectionMaxTtl=25
Admin UI E2E (chromium)	Run Playwright tests	2026-02-05T04:40:58.9577199Z   WORKSPACE: @keycloak/keycloak-admin-ui
Admin UI E2E (chromium)	Run Playwright tests	2026-02-05T04:40:58.9577675Z   RETRY_COUNT: 3
Admin UI E2E (chromium)	Run Playwright tests	2026-02-05T04:40:58.9578208Z   JAVA_HOME: /opt/hostedtoolcache/Java_Temurin-Hotspot_jdk/21.0.10-7/x64
Admin UI E2E (chromium)	Run Playwright tests	2026-02-05T04:40:58.9579068Z   JAVA_HOME_21_X64: /opt/hostedtoolcache/Java_Temurin-Hotspot_jdk/21.0.10-7/x64
Admin UI E2E (chromium)	Run Playwright tests	2026-02-05T04:40:58.9579765Z ##[endgroup]
Admin UI E2E (chromium)	Run Playwright tests	2026-02-05T04:40:59.2973050Z 
Admin UI E2E (chromium)	Run Playwright tests	2026-02-05T04:40:59.2974328Z > @keycloak/keycloak-admin-ui@999.0.0-SNAPSHOT test:integration /home/runner/work/keycloak/keycloak/js/apps/admin-ui
Admin UI E2E (chromium)	Run Playwright tests	2026-02-05T04:40:59.2975492Z > wireit -- --project=chromium
Admin UI E2E (chromium)	Run Playwright tests	2026-02-05T04:40:59.2975860Z 
Admin UI E2E (chromium)	Run Playwright tests	2026-02-05T04:40:59.4095255Z Analyzing
Admin UI E2E (chromium)	Run Playwright tests	2026-02-05T04:41:00.4105321Z   0% [0 / 2] [1 running] ../../libs/keycloak-admin-client:build
Admin UI E2E (chromium)	Run Playwright tests	2026-02-05T04:41:01.2014958Z (node:5776) [DEP0190] DeprecationWarning: Passing args to a child process with shell option true can lead to security vulnerabilities, as the arguments are not escaped, only concatenated.
Admin UI E2E (chromium)	Run Playwright tests	2026-02-05T04:41:01.2016988Z (Use `node --trace-deprecation ...` to show where the warning was created)
Admin UI E2E (chromium)	Run Playwright tests	2026-02-05T04:41:01.4109650Z  50% [1 / 2] [1 running] test:integration
Admin UI E2E (chromium)	Run Playwright tests	2026-02-05T04:41:04.1641116Z 
Admin UI E2E (chromium)	Run Playwright tests	2026-02-05T04:41:04.1641938Z Running 395 tests using 1 worker
Admin UI E2E (chromium)	Run Playwright tests	2026-02-05T04:45:46.0259699Z ¬∑¬∑¬∑¬∑¬∑¬∑¬∑¬∑¬∑¬∑¬∑¬∑¬∑¬∑¬∑¬∑¬∑¬∑¬∑¬∑¬∑¬∑¬∑¬∑¬∑¬∑¬∑¬∑¬∑¬∑¬∑¬∑¬∑¬∑¬∑¬∑¬∑¬∑¬∑¬∑¬∑¬∑¬∑¬∑¬∑¬∑¬∑¬∑¬∑¬∑¬∑¬∑¬∑¬∑¬∑¬∑¬∑¬∑¬∑¬∑¬∑¬∑¬∑¬∑¬∑¬∑¬∑¬∑¬∑¬∑¬∑¬∑¬∑¬∑¬∑¬∑¬∑¬∑¬∑¬∑
Admin UI E2E (chromium)	Run Playwright tests	2026-02-05T04:49:25.0491327Z ¬∑¬∑¬∑¬∑¬∑¬∑¬∑¬∑¬∑¬∑¬∑¬∑¬∑¬∑¬∑¬∑¬∑¬∑¬∑¬∑¬∑¬∑¬∑¬∑¬∑¬∑¬∑¬∑¬∑¬∑¬∑¬∑¬∑¬∑¬∑¬∑¬∑¬∑¬∑¬∑¬∑¬∞¬∑¬∑¬∑¬∑¬∑¬∑¬∑¬∑¬∑¬∑¬∑¬∑¬∑¬∑¬∑¬∑¬∑¬∑¬∑¬∑¬∑¬∑¬∑¬∑¬∑¬∑¬∑¬∑¬∑¬∑¬∑¬∑¬∑¬∑¬∑¬∑¬∑¬∑
Admin UI E2E (chromium)	Run Playwright tests	2026-02-05T04:53:14.7678833Z ¬∑¬∑¬∑¬∑¬∑¬∑¬∑¬∑¬∑¬∑¬∑¬∑¬∑¬∑¬∑¬∑¬∑¬∑¬∑¬∑¬∑¬∑¬∑¬∑¬∑¬∑¬∑¬∑¬∑¬∑¬∑¬∑¬∑¬∑¬∑¬∑¬∑¬∑¬∑¬∑¬∑F¬∑¬∑¬∑¬∑¬∑¬∑¬∑¬∑¬∑¬∑¬∑¬∑¬∑¬∑¬∑¬∑¬∑¬∑¬∑¬∑¬∑¬∑¬∑¬∑¬∑¬∑¬∑¬∑¬∑¬∑¬∑¬∑¬∑¬∑¬∑¬∑¬∑¬∑
Admin UI E2E (chromium)	Run Playwright tests	2026-02-05T04:57:03.3017873Z ¬∑¬∑¬∑¬∑¬∑¬∑¬∑¬∑¬∑¬∑¬∑¬∑¬∑¬∑¬∑¬∑¬∑¬∑¬∑¬∑¬∑¬∑¬∑¬∑¬∑¬∑¬∑¬∑¬∑¬∑¬∑¬∑¬∑¬∑¬∑¬∑¬∑¬∑¬∑¬∑¬∑¬∑¬∑¬∑¬∑¬∑¬∑¬∑¬∑¬∑¬∑¬∑¬∑¬∑¬∑¬∑¬∑¬∑¬∑¬∑¬∑¬∑¬∑¬∑¬∑¬∑¬∑¬∑¬∑¬∑¬∑¬∑¬∑¬∑¬∑¬∑¬∑¬∑¬∑¬∑
Admin UI E2E (chromium)	Run Playwright tests	2026-02-05T05:00:28.1996335Z ¬∑¬∑¬∑¬∑¬∑¬∑¬∑¬∑¬∑¬∑¬∑¬∑¬∑¬∑¬∑¬∑¬∑¬∑¬∑¬∑¬∑¬∑¬∑¬∑¬∑¬∑¬∑¬∑¬∑¬∑¬∑¬∑¬∑¬∑¬∑¬∑¬∑¬∑¬∑¬∑¬∑¬∑¬∑¬∑¬∑¬∑¬∑¬∑¬∑¬∑¬∑¬∑¬∑¬∑¬∑¬∑¬∑¬∑¬∑¬∑¬∑¬∑¬∑¬∑¬∑¬∑¬∑¬∑¬∑¬∑¬∑¬∑¬∑Deleting workflow: workflow-complex-ccd9f536-1f7a-42c5-8bbc-96b0a2fd173b -- Copy
Admin UI E2E (chromium)	Run Playwright tests	2026-02-05T05:00:32.4179438Z ¬∑¬∑
Admin UI E2E (chromium)	Run Playwright tests	2026-02-05T05:00:32.4193547Z 
Admin UI E2E (chromium)	Run Playwright tests	2026-02-05T05:00:32.4199593Z   1) [chromium] ‚Ä∫ test/masthead/realm.spec.ts:84:3 ‚Ä∫ Realm tests ‚Ä∫ should disable preview if json very long 
Admin UI E2E (chromium)	Run Playwright tests	2026-02-05T05:00:32.4202266Z 
Admin UI E2E (chromium)	Run Playwright tests	2026-02-05T05:00:32.4202484Z     Error: unknown_error
Admin UI E2E (chromium)	Run Playwright tests	2026-02-05T05:00:32.4202758Z 
Admin UI E2E (chromium)	Run Playwright tests	2026-02-05T05:00:32.4203163Z        at ../../../libs/keycloak-admin-client/src/utils/fetchWithError.ts:25
Admin UI E2E (chromium)	Run Playwright tests	2026-02-05T05:00:32.4203646Z 
Admin UI E2E (chromium)	Run Playwright tests	2026-02-05T05:00:32.4203970Z       23 |     const responseData = await parseResponse(response);
Admin UI E2E (chromium)	Run Playwright tests	2026-02-05T05:00:32.4204707Z       24 |     const message = getErrorMessage(responseData);
Admin UI E2E (chromium)	Run Playwright tests	2026-02-05T05:00:32.4205389Z     > 25 |     throw new NetworkError(message, {
Admin UI E2E (chromium)	Run Playwright tests	2026-02-05T05:00:32.4206168Z          |           ^
Admin UI E2E (chromium)	Run Playwright tests	2026-02-05T05:00:32.4206644Z       26 |       response,
Admin UI E2E (chromium)	Run Playwright tests	2026-02-05T05:00:32.4206972Z       27 |       responseData,
Admin UI E2E (chromium)	Run Playwright tests	2026-02-05T05:00:32.4207210Z       28 |     });
Admin UI E2E (chromium)	Run Playwright tests	2026-02-05T05:00:32.4207791Z         at fetchWithError (/home/runner/work/keycloak/keycloak/js/libs/keycloak-admin-client/src/utils/fetchWithError.ts:25:11)
Admin UI E2E (chromium)	Run Playwright tests	2026-02-05T05:00:32.4208747Z         at Agent.#requestWithParams (/home/runner/work/keycloak/keycloak/js/libs/keycloak-admin-client/src/resources/agent.ts:247:19)
Admin UI E2E (chromium)	Run Playwright tests	2026-02-05T05:00:32.4209651Z         at AdminClient.deleteRealm (/home/runner/work/keycloak/keycloak/js/apps/admin-ui/test/utils/AdminClient.ts:53:7)
Admin UI E2E (chromium)	Run Playwright tests	2026-02-05T05:00:32.4210600Z         at /home/runner/work/keycloak/keycloak/js/apps/admin-ui/test/masthead/realm.spec.ts:39:5
Admin UI E2E (chromium)	Run Playwright tests	2026-02-05T05:00:32.4211375Z 
Admin UI E2E (chromium)	Run Playwright tests	2026-02-05T05:00:32.4211881Z     attachment #1: trace (application/zip) ‚îÄ‚îÄ‚îÄ‚îÄ‚îÄ‚îÄ‚îÄ‚îÄ‚îÄ‚îÄ‚îÄ‚îÄ‚îÄ‚îÄ‚îÄ‚îÄ‚îÄ‚îÄ‚îÄ‚îÄ‚îÄ‚îÄ‚îÄ‚îÄ‚îÄ‚îÄ‚îÄ‚îÄ‚îÄ‚îÄ‚îÄ‚îÄ‚îÄ‚îÄ‚îÄ‚îÄ‚îÄ‚îÄ‚îÄ‚îÄ‚îÄ‚îÄ‚îÄ‚îÄ‚îÄ‚îÄ‚îÄ‚îÄ‚îÄ‚îÄ‚îÄ‚îÄ‚îÄ‚îÄ‚îÄ‚îÄ‚îÄ
Admin UI E2E (chromium)	Run Playwright tests	2026-02-05T05:00:32.4212616Z     test-results/masthead-realm-Realm-tests-f6041-e-preview-if-json-very-long-chromium/trace.zip
Admin UI E2E (chromium)	Run Playwright tests	2026-02-05T05:00:32.4213422Z     Usage:
Admin UI E2E (chromium)	Run Playwright tests	2026-02-05T05:00:32.4213536Z 
Admin UI E2E (chromium)	Run Playwright tests	2026-02-05T05:00:32.4214048Z         pnpm exec playwright show-trace test-results/masthead-realm-Realm-tests-f6041-e-preview-if-json-very-long-chromium/trace.zip
Admin UI E2E (chromium)	Run Playwright tests	2026-02-05T05:00:32.4214834Z 
Admin UI E2E (chromium)	Run Playwright tests	2026-02-05T05:00:32.4215932Z     ‚îÄ‚îÄ‚îÄ‚îÄ‚îÄ‚îÄ‚îÄ‚îÄ‚îÄ‚îÄ‚îÄ‚îÄ‚îÄ‚îÄ‚îÄ‚îÄ‚îÄ‚îÄ‚îÄ‚îÄ‚îÄ‚îÄ‚îÄ‚îÄ‚îÄ‚îÄ‚îÄ‚îÄ‚îÄ‚îÄ‚îÄ‚îÄ‚îÄ‚îÄ‚îÄ‚îÄ‚îÄ‚îÄ‚îÄ‚îÄ‚îÄ‚îÄ‚îÄ‚îÄ‚îÄ‚îÄ‚îÄ‚îÄ‚îÄ‚îÄ‚îÄ‚îÄ‚îÄ‚îÄ‚îÄ‚îÄ‚îÄ‚îÄ‚îÄ‚îÄ‚îÄ‚îÄ‚îÄ‚îÄ‚îÄ‚îÄ‚îÄ‚îÄ‚îÄ‚îÄ‚îÄ‚îÄ‚îÄ‚îÄ‚îÄ‚îÄ‚îÄ‚îÄ‚îÄ‚îÄ‚îÄ‚îÄ‚îÄ‚îÄ‚îÄ‚îÄ‚îÄ‚îÄ‚îÄ‚îÄ‚îÄ‚îÄ‚îÄ‚îÄ‚îÄ‚îÄ
Admin UI E2E (chromium)	Run Playwright tests	2026-02-05T05:00:32.4216672Z 
Admin UI E2E (chromium)	Run Playwright tests	2026-02-05T05:00:32.4216834Z   1 failed
Admin UI E2E (chromium)	Run Playwright tests	2026-02-05T05:00:32.4217798Z     [chromium] ‚Ä∫ test/masthead/realm.spec.ts:84:3 ‚Ä∫ Realm tests ‚Ä∫ should disable preview if json very long 
Admin UI E2E (chromium)	Run Playwright tests	2026-02-05T05:00:32.4218578Z   1 skipped
Admin UI E2E (chromium)	Run Playwright tests	2026-02-05T05:00:32.4218899Z   393 passed (19.5m)
Admin UI E2E (chromium)	Run Playwright tests	2026-02-05T05:00:32.4258949Z ##[error]  1) [chromium] ‚Ä∫ test/masthead/realm.spec.ts:84:3 ‚Ä∫ Realm tests ‚Ä∫ should disable preview if json very long 
Admin UI E2E (chromium)	Run Playwright tests	    Error: unknown_error
Admin UI E2E (chromium)	Run Playwright tests	
Admin UI E2E (chromium)	Run Playwright tests	       at ../../../libs/keycloak-admin-client/src/utils/fetchWithError.ts:25
Admin UI E2E (chromium)	Run Playwright tests	
Admin UI E2E (chromium)	Run Playwright tests	      23 |     const responseData = await parseResponse(response);
Admin UI E2E (chromium)	Run Playwright tests	      24 |     const message = getErrorMessage(responseData);
Admin UI E2E (chromium)	Run Playwright tests	    > 25 |     throw new NetworkError(message, {
Admin UI E2E (chromium)	Run Playwright tests	         |           ^
Admin UI E2E (chromium)	Run Playwright tests	      26 |       response,
Admin UI E2E (chromium)	Run Playwright tests	      27 |       responseData,
Admin UI E2E (chromium)	Run Playwright tests	      28 |     });
Admin UI E2E (chromium)	Run Playwright tests	        at fetchWithError (/home/runner/work/keycloak/keycloak/js/libs/keycloak-admin-client/src/utils/fetchWithError.ts:25:11)
Admin UI E2E (chromium)	Run Playwright tests	        at Agent.#requestWithParams (/home/runner/work/keycloak/keycloak/js/libs/keycloak-admin-client/src/resources/agent.ts:247:19)
Admin UI E2E (chromium)	Run Playwright tests	        at AdminClient.deleteRealm (/home/runner/work/keycloak/keycloak/js/apps/admin-ui/test/utils/AdminClient.ts:53:7)
Admin UI E2E (chromium)	Run Playwright tests	        at /home/runner/work/keycloak/keycloak/js/apps/admin-ui/test/masthead/realm.spec.ts:39:5
Admin UI E2E (chromium)	Run Playwright tests	2026-02-05T05:00:32.4282558Z ##[notice]  1 failed
Admin UI E2E (chromium)	Run Playwright tests	    [chromium] ‚Ä∫ test/masthead/realm.spec.ts:84:3 ‚Ä∫ Realm tests ‚Ä∫ should disable preview if json very long 
Admin UI E2E (chromium)	Run Playwright tests	  1 skipped
Admin UI E2E (chromium)	Run Playwright tests	  393 passed (19.5m)
Admin UI E2E (chromium)	Run Playwright tests	2026-02-05T05:00:32.6641753Z 
Admin UI E2E (chromium)	Run Playwright tests	2026-02-05T05:00:32.6642753Z ‚ùå [test:integration] exited with exit code 1.
Admin UI E2E (chromium)	Run Playwright tests	2026-02-05T05:00:32.6647104Z ‚ùå 1 script failed.
Admin UI E2E (chromium)	Run Playwright tests	2026-02-05T05:00:32.6842543Z /home/runner/work/keycloak/keycloak/js/apps/admin-ui:
Admin UI E2E (chromium)	Run Playwright tests	2026-02-05T05:00:32.6843956Z ‚ÄâERR_PNPM_RECURSIVE_RUN_FIRST_FAIL‚Äâ @keycloak/keycloak-admin-ui@999.0.0-SNAPSHOT test:integration: `wireit -- --project=chromium`
Admin UI E2E (chromium)	Run Playwright tests	2026-02-05T05:00:32.6844999Z Exit status 1
Admin UI E2E (chromium)	Run Playwright tests	2026-02-05T05:00:32.7036279Z ##[error]Process completed with exit code 1.
Status Check - Keycloak JavaScript CI	Run /./.github/actions/status-check	Ôªø2026-02-05T05:02:58.6698624Z Prepare all required actions
Status Check - Keycloak JavaScript CI	Run /./.github/actions/status-check	2026-02-05T05:02:58.6771215Z ##[group]Run ./.github/actions/status-check
Status Check - Keycloak JavaScript CI	Run /./.github/actions/status-check	2026-02-05T05:02:58.6771599Z with:
Status Check - Keycloak JavaScript CI	Run /./.github/actions/status-check	2026-02-05T05:02:58.6773330Z   jobs: {
Status Check - Keycloak JavaScript CI	Run /./.github/actions/status-check	  "conditional": {
Status Check - Keycloak JavaScript CI	Run /./.github/actions/status-check	    "result": "success",
Status Check - Keycloak JavaScript CI	Run /./.github/actions/status-check	    "outputs": {
Status Check - Keycloak JavaScript CI	Run /./.github/actions/status-check	      "js-ci": "true"
Status Check - Keycloak JavaScript CI	Run /./.github/actions/status-check	    }
Status Check - Keycloak JavaScript CI	Run /./.github/actions/status-check	  },
Status Check - Keycloak JavaScript CI	Run /./.github/actions/status-check	  "build-keycloak": {
Status Check - Keycloak JavaScript CI	Run /./.github/actions/status-check	    "result": "success",
Status Check - Keycloak JavaScript CI	Run /./.github/actions/status-check	    "outputs": {}
Status Check - Keycloak JavaScript CI	Run /./.github/actions/status-check	  },
Status Check - Keycloak JavaScript CI	Run /./.github/actions/status-check	  "admin-client": {
Status Check - Keycloak JavaScript CI	Run /./.github/actions/status-check	    "result": "success",
Status Check - Keycloak JavaScript CI	Run /./.github/actions/status-check	    "outputs": {}
Status Check - Keycloak JavaScript CI	Run /./.github/actions/status-check	  },
Status Check - Keycloak JavaScript CI	Run /./.github/actions/status-check	  "ui-shared": {
Status Check - Keycloak JavaScript CI	Run /./.github/actions/status-check	    "result": "success",
Status Check - Keycloak JavaScript CI	Run /./.github/actions/status-check	    "outputs": {}
Status Check - Keycloak JavaScript CI	Run /./.github/actions/status-check	  },
Status Check - Keycloak JavaScript CI	Run /./.github/actions/status-check	  "account-ui": {
Status Check - Keycloak JavaScript CI	Run /./.github/actions/status-check	    "result": "success",
Status Check - Keycloak JavaScript CI	Run /./.github/actions/status-check	    "outputs": {}
Status Check - Keycloak JavaScript CI	Run /./.github/actions/status-check	  },
Status Check - Keycloak JavaScript CI	Run /./.github/actions/status-check	  "account-ui-e2e": {
Status Check - Keycloak JavaScript CI	Run /./.github/actions/status-check	    "result": "success",
Status Check - Keycloak JavaScript CI	Run /./.github/actions/status-check	    "outputs": {}
Status Check - Keycloak JavaScript CI	Run /./.github/actions/status-check	  },
Status Check - Keycloak JavaScript CI	Run /./.github/actions/status-check	  "admin-ui": {
Status Check - Keycloak JavaScript CI	Run /./.github/actions/status-check	    "result": "success",
Status Check - Keycloak JavaScript CI	Run /./.github/actions/status-check	    "outputs": {}
Status Check - Keycloak JavaScript CI	Run /./.github/actions/status-check	  },
Status Check - Keycloak JavaScript CI	Run /./.github/actions/status-check	  "admin-ui-e2e": {
Status Check - Keycloak JavaScript CI	Run /./.github/actions/status-check	    "result": "failure",
Status Check - Keycloak JavaScript CI	Run /./.github/actions/status-check	    "outputs": {}
Status Check - Keycloak JavaScript CI	Run /./.github/actions/status-check	  },
Status Check - Keycloak JavaScript CI	Run /./.github/actions/status-check	  "keycloak-admin-client": {
Status Check - Keycloak JavaScript CI	Run /./.github/actions/status-check	    "result": "success",
Status Check - Keycloak JavaScript CI	Run /./.github/actions/status-check	    "outputs": {}
Status Check - Keycloak JavaScript CI	Run /./.github/actions/status-check	  }
Status Check - Keycloak JavaScript CI	Run /./.github/actions/status-check	}
Status Check - Keycloak JavaScript CI	Run /./.github/actions/status-check	2026-02-05T05:02:58.6775702Z env:
Status Check - Keycloak JavaScript CI	Run /./.github/actions/status-check	2026-02-05T05:02:58.6776048Z   MAVEN_ARGS: -B -nsu -Daether.connector.http.connectionMaxTtl=25
Status Check - Keycloak JavaScript CI	Run /./.github/actions/status-check	2026-02-05T05:02:58.6776431Z ##[endgroup]
Status Check - Keycloak JavaScript CI	Run /./.github/actions/status-check	2026-02-05T05:02:58.6874175Z ##[group]Run JOBS='{
Status Check - Keycloak JavaScript CI	Run /./.github/actions/status-check	2026-02-05T05:02:58.6874612Z [36;1mJOBS='{[0m
Status Check - Keycloak JavaScript CI	Run /./.github/actions/status-check	2026-02-05T05:02:58.6875082Z [36;1m  "conditional": {[0m
Status Check - Keycloak JavaScript CI	Run /./.github/actions/status-check	2026-02-05T05:02:58.6875368Z [36;1m    "result": "success",[0m
Status Check - Keycloak JavaScript CI	Run /./.github/actions/status-check	2026-02-05T05:02:58.6875670Z [36;1m    "outputs": {[0m
Status Check - Keycloak JavaScript CI	Run /./.github/actions/status-check	2026-02-05T05:02:58.6875937Z [36;1m      "js-ci": "true"[0m
Status Check - Keycloak JavaScript CI	Run /./.github/actions/status-check	2026-02-05T05:02:58.6876194Z [36;1m    }[0m
Status Check - Keycloak JavaScript CI	Run /./.github/actions/status-check	2026-02-05T05:02:58.6876405Z [36;1m  },[0m
Status Check - Keycloak JavaScript CI	Run /./.github/actions/status-check	2026-02-05T05:02:58.6876655Z [36;1m  "build-keycloak": {[0m
Status Check - Keycloak JavaScript CI	Run /./.github/actions/status-check	2026-02-05T05:02:58.6876951Z [36;1m    "result": "success",[0m
Status Check - Keycloak JavaScript CI	Run /./.github/actions/status-check	2026-02-05T05:02:58.6877229Z [36;1m    "outputs": {}[0m
Status Check - Keycloak JavaScript CI	Run /./.github/actions/status-check	2026-02-05T05:02:58.6877464Z [36;1m  },[0m
Status Check - Keycloak JavaScript CI	Run /./.github/actions/status-check	2026-02-05T05:02:58.6877688Z [36;1m  "admin-client": {[0m
Status Check - Keycloak JavaScript CI	Run /./.github/actions/status-check	2026-02-05T05:02:58.6877945Z [36;1m    "result": "success",[0m
Status Check - Keycloak JavaScript CI	Run /./.github/actions/status-check	2026-02-05T05:02:58.6878226Z [36;1m    "outputs": {}[0m
Status Check - Keycloak JavaScript CI	Run /./.github/actions/status-check	2026-02-05T05:02:58.6878459Z [36;1m  },[0m
Status Check - Keycloak JavaScript CI	Run /./.github/actions/status-check	2026-02-05T05:02:58.6878666Z [36;1m  "ui-shared": {[0m
Status Check - Keycloak JavaScript CI	Run /./.github/actions/status-check	2026-02-05T05:02:58.6878912Z [36;1m    "result": "success",[0m
Status Check - Keycloak JavaScript CI	Run /./.github/actions/status-check	2026-02-05T05:02:58.6879167Z [36;1m    "outputs": {}[0m
Status Check - Keycloak JavaScript CI	Run /./.github/actions/status-check	2026-02-05T05:02:58.6879406Z [36;1m  },[0m
Status Check - Keycloak JavaScript CI	Run /./.github/actions/status-check	2026-02-05T05:02:58.6879611Z [36;1m  "account-ui": {[0m
Status Check - Keycloak JavaScript CI	Run /./.github/actions/status-check	2026-02-05T05:02:58.6879864Z [36;1m    "result": "success",[0m
Status Check - Keycloak JavaScript CI	Run /./.github/actions/status-check	2026-02-05T05:02:58.6880116Z [36;1m    "outputs": {}[0m
Status Check - Keycloak JavaScript CI	Run /./.github/actions/status-check	2026-02-05T05:02:58.6880350Z [36;1m  },[0m
Status Check - Keycloak JavaScript CI	Run /./.github/actions/status-check	2026-02-05T05:02:58.6880569Z [36;1m  "account-ui-e2e": {[0m
Status Check - Keycloak JavaScript CI	Run /./.github/actions/status-check	2026-02-05T05:02:58.6880823Z [36;1m    "result": "success",[0m
Status Check - Keycloak JavaScript CI	Run /./.github/actions/status-check	2026-02-05T05:02:58.6881087Z [36;1m    "outputs": {}[0m
Status Check - Keycloak JavaScript CI	Run /./.github/actions/status-check	2026-02-05T05:02:58.6881314Z [36;1m  },[0m
Status Check - Keycloak JavaScript CI	Run /./.github/actions/status-check	2026-02-05T05:02:58.6881524Z [36;1m  "admin-ui": {[0m
Status Check - Keycloak JavaScript CI	Run /./.github/actions/status-check	2026-02-05T05:02:58.6881760Z [36;1m    "result": "success",[0m
Status Check - Keycloak JavaScript CI	Run /./.github/actions/status-check	2026-02-05T05:02:58.6882013Z [36;1m    "outputs": {}[0m
Status Check - Keycloak JavaScript CI	Run /./.github/actions/status-check	2026-02-05T05:02:58.6882240Z [36;1m  },[0m
Status Check - Keycloak JavaScript CI	Run /./.github/actions/status-check	2026-02-05T05:02:58.6882467Z [36;1m  "admin-ui-e2e": {[0m
Status Check - Keycloak JavaScript CI	Run /./.github/actions/status-check	2026-02-05T05:02:58.6882711Z [36;1m    "result": "failure",[0m
Status Check - Keycloak JavaScript CI	Run /./.github/actions/status-check	2026-02-05T05:02:58.6882967Z [36;1m    "outputs": {}[0m
Status Check - Keycloak JavaScript CI	Run /./.github/actions/status-check	2026-02-05T05:02:58.6883236Z [36;1m  },[0m
Status Check - Keycloak JavaScript CI	Run /./.github/actions/status-check	2026-02-05T05:02:58.6883454Z [36;1m  "keycloak-admin-client": {[0m
Status Check - Keycloak JavaScript CI	Run /./.github/actions/status-check	2026-02-05T05:02:58.6883744Z [36;1m    "result": "success",[0m
Status Check - Keycloak JavaScript CI	Run /./.github/actions/status-check	2026-02-05T05:02:58.6883991Z [36;1m    "outputs": {}[0m
Status Check - Keycloak JavaScript CI	Run /./.github/actions/status-check	2026-02-05T05:02:58.6884223Z [36;1m  }[0m
Status Check - Keycloak JavaScript CI	Run /./.github/actions/status-check	2026-02-05T05:02:58.6884416Z [36;1m}'[0m
Status Check - Keycloak JavaScript CI	Run /./.github/actions/status-check	2026-02-05T05:02:58.6884625Z [36;1m[0m
Status Check - Keycloak JavaScript CI	Run /./.github/actions/status-check	2026-02-05T05:02:58.6885027Z [36;1mecho "Job status:"[0m
Status Check - Keycloak JavaScript CI	Run /./.github/actions/status-check	2026-02-05T05:02:58.6885418Z [36;1mecho $JOBS | jq -r 'to_entries[] | " - \(.key): \(.value.result)"'[0m
Status Check - Keycloak JavaScript CI	Run /./.github/actions/status-check	2026-02-05T05:02:58.6885800Z [36;1m[0m
Status Check - Keycloak JavaScript CI	Run /./.github/actions/status-check	2026-02-05T05:02:58.6886094Z [36;1mfor i in $(echo $JOBS | jq -r 'to_entries[] | .value.result'); do[0m
Status Check - Keycloak JavaScript CI	Run /./.github/actions/status-check	2026-02-05T05:02:58.6886520Z [36;1m  if [ "$i" != "success" ] && [ "$i" != "skipped" ]; then[0m
Status Check - Keycloak JavaScript CI	Run /./.github/actions/status-check	2026-02-05T05:02:58.6886838Z [36;1m    echo ""[0m
Status Check - Keycloak JavaScript CI	Run /./.github/actions/status-check	2026-02-05T05:02:58.6887100Z [36;1m    echo "Status check not okay!"[0m
Status Check - Keycloak JavaScript CI	Run /./.github/actions/status-check	2026-02-05T05:02:58.6887375Z [36;1m    exit 1[0m
Status Check - Keycloak JavaScript CI	Run /./.github/actions/status-check	2026-02-05T05:02:58.6887595Z [36;1m  fi[0m
Status Check - Keycloak JavaScript CI	Run /./.github/actions/status-check	2026-02-05T05:02:58.6887797Z [36;1mdone[0m
Status Check - Keycloak JavaScript CI	Run /./.github/actions/status-check	2026-02-05T05:02:58.6924151Z shell: /usr/bin/bash --noprofile --norc -e -o pipefail {0}
Status Check - Keycloak JavaScript CI	Run /./.github/actions/status-check	2026-02-05T05:02:58.6924818Z env:
Status Check - Keycloak JavaScript CI	Run /./.github/actions/status-check	2026-02-05T05:02:58.6925631Z   MAVEN_ARGS: -B -nsu -Daether.connector.http.connectionMaxTtl=25
Status Check - Keycloak JavaScript CI	Run /./.github/actions/status-check	2026-02-05T05:02:58.6926011Z ##[endgroup]
Status Check - Keycloak JavaScript CI	Run /./.github/actions/status-check	2026-02-05T05:02:58.7000768Z Job status:
Status Check - Keycloak JavaScript CI	Run /./.github/actions/status-check	2026-02-05T05:02:58.7029646Z  - conditional: success
Status Check - Keycloak JavaScript CI	Run /./.github/actions/status-check	2026-02-05T05:02:58.7030231Z  - build-keycloak: success
Status Check - Keycloak JavaScript CI	Run /./.github/actions/status-check	2026-02-05T05:02:58.7030588Z  - admin-client: success
Status Check - Keycloak JavaScript CI	Run /./.github/actions/status-check	2026-02-05T05:02:58.7030852Z  - ui-shared: success
Status Check - Keycloak JavaScript CI	Run /./.github/actions/status-check	2026-02-05T05:02:58.7031109Z  - account-ui: success
Status Check - Keycloak JavaScript CI	Run /./.github/actions/status-check	2026-02-05T05:02:58.7031370Z  - account-ui-e2e: success
Status Check - Keycloak JavaScript CI	Run /./.github/actions/status-check	2026-02-05T05:02:58.7031636Z  - admin-ui: success
Status Check - Keycloak JavaScript CI	Run /./.github/actions/status-check	2026-02-05T05:02:58.7031884Z  - admin-ui-e2e: failure
Status Check - Keycloak JavaScript CI	Run /./.github/actions/status-check	2026-02-05T05:02:58.7032172Z  - keycloak-admin-client: success
Status Check - Keycloak JavaScript CI	Run /./.github/actions/status-check	2026-02-05T05:02:58.7064289Z 
Status Check - Keycloak JavaScript CI	Run /./.github/actions/status-check	2026-02-05T05:02:58.7064735Z Status check not okay!
Status Check - Keycloak JavaScript CI	Run /./.github/actions/status-check	2026-02-05T05:02:58.7078430Z ##[error]Process completed with exit code 1.
