Account UI E2E (chromium)	Run Playwright tests	Ôªø2026-02-12T04:47:07.8116641Z ##[group]Run pnpm --fail-if-no-match --filter @keycloak/keycloak-account-ui test -- --project=chromium
Account UI E2E (chromium)	Run Playwright tests	2026-02-12T04:47:07.8117915Z [36;1mpnpm --fail-if-no-match --filter @keycloak/keycloak-account-ui test -- --project=chromium[0m
Account UI E2E (chromium)	Run Playwright tests	2026-02-12T04:47:07.8164544Z shell: /usr/bin/bash --noprofile --norc -e -o pipefail {0}
Account UI E2E (chromium)	Run Playwright tests	2026-02-12T04:47:07.8165121Z env:
Account UI E2E (chromium)	Run Playwright tests	2026-02-12T04:47:07.8165609Z   MAVEN_ARGS: -B -nsu -Daether.connector.http.connectionMaxTtl=25
Account UI E2E (chromium)	Run Playwright tests	2026-02-12T04:47:07.8166623Z   WORKSPACE: @keycloak/keycloak-account-ui
Account UI E2E (chromium)	Run Playwright tests	2026-02-12T04:47:07.8167311Z   JAVA_HOME: /opt/hostedtoolcache/Java_Temurin-Hotspot_jdk/25.0.2-10/x64
Account UI E2E (chromium)	Run Playwright tests	2026-02-12T04:47:07.8168185Z   JAVA_HOME_25_X64: /opt/hostedtoolcache/Java_Temurin-Hotspot_jdk/25.0.2-10/x64
Account UI E2E (chromium)	Run Playwright tests	2026-02-12T04:47:07.8168851Z ##[endgroup]
Account UI E2E (chromium)	Run Playwright tests	2026-02-12T04:47:08.1548176Z 
Account UI E2E (chromium)	Run Playwright tests	2026-02-12T04:47:08.1550107Z > @keycloak/keycloak-account-ui@999.0.0-SNAPSHOT test /home/runner/work/keycloak/keycloak/js/apps/account-ui
Account UI E2E (chromium)	Run Playwright tests	2026-02-12T04:47:08.1551130Z > wireit -- --project=chromium
Account UI E2E (chromium)	Run Playwright tests	2026-02-12T04:47:08.1551497Z 
Account UI E2E (chromium)	Run Playwright tests	2026-02-12T04:47:08.2591803Z Analyzing
Account UI E2E (chromium)	Run Playwright tests	2026-02-12T04:47:09.2597506Z   0% [0 / 2] [1 running] ../../libs/keycloak-admin-client:build
Account UI E2E (chromium)	Run Playwright tests	2026-02-12T04:47:10.1063607Z (node:5667) [DEP0190] DeprecationWarning: Passing args to a child process with shell option true can lead to security vulnerabilities, as the arguments are not escaped, only concatenated.
Account UI E2E (chromium)	Run Playwright tests	2026-02-12T04:47:10.1065404Z (Use `node --trace-deprecation ...` to show where the warning was created)
Account UI E2E (chromium)	Run Playwright tests	2026-02-12T04:47:10.2606610Z  50% [1 / 2] [1 running] test
Account UI E2E (chromium)	Run Playwright tests	2026-02-12T04:47:12.1082789Z 
Account UI E2E (chromium)	Run Playwright tests	2026-02-12T04:47:12.1083710Z Running 20 tests using 2 workers
Account UI E2E (chromium)	Run Playwright tests	2026-02-12T04:47:42.5622708Z unknown_error [33m500[39m {
Account UI E2E (chromium)	Run Playwright tests	2026-02-12T04:47:42.5627716Z   error: [32m'unknown_error'[39m,
Account UI E2E (chromium)	Run Playwright tests	2026-02-12T04:47:42.5628984Z   error_description: [32m'For more on this error consult the server log.'[39m
Account UI E2E (chromium)	Run Playwright tests	2026-02-12T04:47:42.5629898Z }
Account UI E2E (chromium)	Run Playwright tests	2026-02-12T04:47:42.5630640Z unknown_error [33m500[39m {
Account UI E2E (chromium)	Run Playwright tests	2026-02-12T04:47:42.5631233Z   error: [32m'unknown_error'[39m,
Account UI E2E (chromium)	Run Playwright tests	2026-02-12T04:47:42.5632124Z   error_description: [32m'For more on this error consult the server log.'[39m
Account UI E2E (chromium)	Run Playwright tests	2026-02-12T04:47:42.5632812Z }
Account UI E2E (chromium)	Run Playwright tests	2026-02-12T04:47:56.8356288Z ¬∑¬∑¬∑¬∑¬∑¬∑¬∑¬∑¬∑¬∑¬∑FF¬∑¬∑¬∑¬∑¬∑¬∑¬∑
Account UI E2E (chromium)	Run Playwright tests	2026-02-12T04:47:56.8356658Z 
Account UI E2E (chromium)	Run Playwright tests	2026-02-12T04:47:56.8372070Z   1) [chromium] ‚Ä∫ test/personal-info/personal-info.spec.ts:52:3 ‚Ä∫ Personal info (user profile enabled) ‚Ä∫ renders long select options as typeahead 
Account UI E2E (chromium)	Run Playwright tests	2026-02-12T04:47:56.8373233Z 
Account UI E2E (chromium)	Run Playwright tests	2026-02-12T04:47:56.8373408Z     Error: unknown_error
Account UI E2E (chromium)	Run Playwright tests	2026-02-12T04:47:56.8373668Z 
Account UI E2E (chromium)	Run Playwright tests	2026-02-12T04:47:56.8375034Z        at ../../../libs/keycloak-admin-client/src/utils/fetchWithError.ts:26
Account UI E2E (chromium)	Run Playwright tests	2026-02-12T04:47:56.8375556Z 
Account UI E2E (chromium)	Run Playwright tests	2026-02-12T04:47:56.8375882Z       24 |     const message = getErrorMessage(responseData);
Account UI E2E (chromium)	Run Playwright tests	2026-02-12T04:47:56.8376737Z       25 |     console.error(message, response.status, responseData);
Account UI E2E (chromium)	Run Playwright tests	2026-02-12T04:47:56.8377415Z     > 26 |     throw new NetworkError(message, {
Account UI E2E (chromium)	Run Playwright tests	2026-02-12T04:47:56.8377892Z          |           ^
Account UI E2E (chromium)	Run Playwright tests	2026-02-12T04:47:56.8378272Z       27 |       response,
Account UI E2E (chromium)	Run Playwright tests	2026-02-12T04:47:56.8378704Z       28 |       responseData,
Account UI E2E (chromium)	Run Playwright tests	2026-02-12T04:47:56.8379103Z       29 |     });
Account UI E2E (chromium)	Run Playwright tests	2026-02-12T04:47:56.8380106Z         at fetchWithError (/home/runner/work/keycloak/keycloak/js/libs/keycloak-admin-client/src/utils/fetchWithError.ts:26:11)
Account UI E2E (chromium)	Run Playwright tests	2026-02-12T04:47:56.8381773Z         at Agent.#requestWithParams (/home/runner/work/keycloak/keycloak/js/libs/keycloak-admin-client/src/resources/agent.ts:247:19)
Account UI E2E (chromium)	Run Playwright tests	2026-02-12T04:47:56.8383870Z         at /home/runner/work/keycloak/keycloak/js/apps/account-ui/test/personal-info/personal-info.spec.ts:58:61
Account UI E2E (chromium)	Run Playwright tests	2026-02-12T04:47:56.8384654Z 
Account UI E2E (chromium)	Run Playwright tests	2026-02-12T04:47:56.8385503Z     Error Context: test-results/personal-info-personal-inf-992df-select-options-as-typeahead-chromium/error-context.md
Account UI E2E (chromium)	Run Playwright tests	2026-02-12T04:47:56.8386443Z 
Account UI E2E (chromium)	Run Playwright tests	2026-02-12T04:47:56.8387199Z     attachment #2: trace (application/zip) ‚îÄ‚îÄ‚îÄ‚îÄ‚îÄ‚îÄ‚îÄ‚îÄ‚îÄ‚îÄ‚îÄ‚îÄ‚îÄ‚îÄ‚îÄ‚îÄ‚îÄ‚îÄ‚îÄ‚îÄ‚îÄ‚îÄ‚îÄ‚îÄ‚îÄ‚îÄ‚îÄ‚îÄ‚îÄ‚îÄ‚îÄ‚îÄ‚îÄ‚îÄ‚îÄ‚îÄ‚îÄ‚îÄ‚îÄ‚îÄ‚îÄ‚îÄ‚îÄ‚îÄ‚îÄ‚îÄ‚îÄ‚îÄ‚îÄ‚îÄ‚îÄ‚îÄ‚îÄ‚îÄ‚îÄ‚îÄ‚îÄ
Account UI E2E (chromium)	Run Playwright tests	2026-02-12T04:47:56.8388447Z     test-results/personal-info-personal-inf-992df-select-options-as-typeahead-chromium/trace.zip
Account UI E2E (chromium)	Run Playwright tests	2026-02-12T04:47:56.8389655Z     Usage:
Account UI E2E (chromium)	Run Playwright tests	2026-02-12T04:47:56.8389839Z 
Account UI E2E (chromium)	Run Playwright tests	2026-02-12T04:47:56.8390758Z         pnpm exec playwright show-trace test-results/personal-info-personal-inf-992df-select-options-as-typeahead-chromium/trace.zip
Account UI E2E (chromium)	Run Playwright tests	2026-02-12T04:47:56.8391700Z 
Account UI E2E (chromium)	Run Playwright tests	2026-02-12T04:47:56.8392328Z     ‚îÄ‚îÄ‚îÄ‚îÄ‚îÄ‚îÄ‚îÄ‚îÄ‚îÄ‚îÄ‚îÄ‚îÄ‚îÄ‚îÄ‚îÄ‚îÄ‚îÄ‚îÄ‚îÄ‚îÄ‚îÄ‚îÄ‚îÄ‚îÄ‚îÄ‚îÄ‚îÄ‚îÄ‚îÄ‚îÄ‚îÄ‚îÄ‚îÄ‚îÄ‚îÄ‚îÄ‚îÄ‚îÄ‚îÄ‚îÄ‚îÄ‚îÄ‚îÄ‚îÄ‚îÄ‚îÄ‚îÄ‚îÄ‚îÄ‚îÄ‚îÄ‚îÄ‚îÄ‚îÄ‚îÄ‚îÄ‚îÄ‚îÄ‚îÄ‚îÄ‚îÄ‚îÄ‚îÄ‚îÄ‚îÄ‚îÄ‚îÄ‚îÄ‚îÄ‚îÄ‚îÄ‚îÄ‚îÄ‚îÄ‚îÄ‚îÄ‚îÄ‚îÄ‚îÄ‚îÄ‚îÄ‚îÄ‚îÄ‚îÄ‚îÄ‚îÄ‚îÄ‚îÄ‚îÄ‚îÄ‚îÄ‚îÄ‚îÄ‚îÄ‚îÄ‚îÄ
Account UI E2E (chromium)	Run Playwright tests	2026-02-12T04:47:56.8392841Z 
Account UI E2E (chromium)	Run Playwright tests	2026-02-12T04:47:56.8394106Z   2) [chromium] ‚Ä∫ test/personal-info/personal-info.spec.ts:77:3 ‚Ä∫ Personal info (user profile enabled) ‚Ä∫ renders long list of locales as typeahead 
Account UI E2E (chromium)	Run Playwright tests	2026-02-12T04:47:56.8395031Z 
Account UI E2E (chromium)	Run Playwright tests	2026-02-12T04:47:56.8395188Z     Error: unknown_error
Account UI E2E (chromium)	Run Playwright tests	2026-02-12T04:47:56.8395448Z 
Account UI E2E (chromium)	Run Playwright tests	2026-02-12T04:47:56.8395859Z        at ../../../libs/keycloak-admin-client/src/utils/fetchWithError.ts:26
Account UI E2E (chromium)	Run Playwright tests	2026-02-12T04:47:56.8396369Z 
Account UI E2E (chromium)	Run Playwright tests	2026-02-12T04:47:56.8396689Z       24 |     const message = getErrorMessage(responseData);
Account UI E2E (chromium)	Run Playwright tests	2026-02-12T04:47:56.8397469Z       25 |     console.error(message, response.status, responseData);
Account UI E2E (chromium)	Run Playwright tests	2026-02-12T04:47:56.8398192Z     > 26 |     throw new NetworkError(message, {
Account UI E2E (chromium)	Run Playwright tests	2026-02-12T04:47:56.8398653Z          |           ^
Account UI E2E (chromium)	Run Playwright tests	2026-02-12T04:47:56.8399014Z       27 |       response,
Account UI E2E (chromium)	Run Playwright tests	2026-02-12T04:47:56.8399430Z       28 |       responseData,
Account UI E2E (chromium)	Run Playwright tests	2026-02-12T04:47:56.8399840Z       29 |     });
Account UI E2E (chromium)	Run Playwright tests	2026-02-12T04:47:56.8400839Z         at fetchWithError (/home/runner/work/keycloak/keycloak/js/libs/keycloak-admin-client/src/utils/fetchWithError.ts:26:11)
Account UI E2E (chromium)	Run Playwright tests	2026-02-12T04:47:56.8402540Z         at Agent.#requestWithParams (/home/runner/work/keycloak/keycloak/js/libs/keycloak-admin-client/src/resources/agent.ts:247:19)
Account UI E2E (chromium)	Run Playwright tests	2026-02-12T04:47:56.8404248Z         at /home/runner/work/keycloak/keycloak/js/apps/account-ui/test/personal-info/personal-info.spec.ts:78:61
Account UI E2E (chromium)	Run Playwright tests	2026-02-12T04:47:56.8405006Z 
Account UI E2E (chromium)	Run Playwright tests	2026-02-12T04:47:56.8405834Z     Error Context: test-results/personal-info-personal-inf-802f4-ist-of-locales-as-typeahead-chromium/error-context.md
Account UI E2E (chromium)	Run Playwright tests	2026-02-12T04:47:56.8406726Z 
Account UI E2E (chromium)	Run Playwright tests	2026-02-12T04:47:56.8407469Z     attachment #2: trace (application/zip) ‚îÄ‚îÄ‚îÄ‚îÄ‚îÄ‚îÄ‚îÄ‚îÄ‚îÄ‚îÄ‚îÄ‚îÄ‚îÄ‚îÄ‚îÄ‚îÄ‚îÄ‚îÄ‚îÄ‚îÄ‚îÄ‚îÄ‚îÄ‚îÄ‚îÄ‚îÄ‚îÄ‚îÄ‚îÄ‚îÄ‚îÄ‚îÄ‚îÄ‚îÄ‚îÄ‚îÄ‚îÄ‚îÄ‚îÄ‚îÄ‚îÄ‚îÄ‚îÄ‚îÄ‚îÄ‚îÄ‚îÄ‚îÄ‚îÄ‚îÄ‚îÄ‚îÄ‚îÄ‚îÄ‚îÄ‚îÄ‚îÄ
Account UI E2E (chromium)	Run Playwright tests	2026-02-12T04:47:56.8408732Z     test-results/personal-info-personal-inf-802f4-ist-of-locales-as-typeahead-chromium/trace.zip
Account UI E2E (chromium)	Run Playwright tests	2026-02-12T04:47:56.8409626Z     Usage:
Account UI E2E (chromium)	Run Playwright tests	2026-02-12T04:47:56.8409815Z 
Account UI E2E (chromium)	Run Playwright tests	2026-02-12T04:47:56.8410721Z         pnpm exec playwright show-trace test-results/personal-info-personal-inf-802f4-ist-of-locales-as-typeahead-chromium/trace.zip
Account UI E2E (chromium)	Run Playwright tests	2026-02-12T04:47:56.8411684Z 
Account UI E2E (chromium)	Run Playwright tests	2026-02-12T04:47:56.8412323Z     ‚îÄ‚îÄ‚îÄ‚îÄ‚îÄ‚îÄ‚îÄ‚îÄ‚îÄ‚îÄ‚îÄ‚îÄ‚îÄ‚îÄ‚îÄ‚îÄ‚îÄ‚îÄ‚îÄ‚îÄ‚îÄ‚îÄ‚îÄ‚îÄ‚îÄ‚îÄ‚îÄ‚îÄ‚îÄ‚îÄ‚îÄ‚îÄ‚îÄ‚îÄ‚îÄ‚îÄ‚îÄ‚îÄ‚îÄ‚îÄ‚îÄ‚îÄ‚îÄ‚îÄ‚îÄ‚îÄ‚îÄ‚îÄ‚îÄ‚îÄ‚îÄ‚îÄ‚îÄ‚îÄ‚îÄ‚îÄ‚îÄ‚îÄ‚îÄ‚îÄ‚îÄ‚îÄ‚îÄ‚îÄ‚îÄ‚îÄ‚îÄ‚îÄ‚îÄ‚îÄ‚îÄ‚îÄ‚îÄ‚îÄ‚îÄ‚îÄ‚îÄ‚îÄ‚îÄ‚îÄ‚îÄ‚îÄ‚îÄ‚îÄ‚îÄ‚îÄ‚îÄ‚îÄ‚îÄ‚îÄ‚îÄ‚îÄ‚îÄ‚îÄ‚îÄ‚îÄ
Account UI E2E (chromium)	Run Playwright tests	2026-02-12T04:47:56.8412835Z 
Account UI E2E (chromium)	Run Playwright tests	2026-02-12T04:47:56.8412976Z   2 failed
Account UI E2E (chromium)	Run Playwright tests	2026-02-12T04:47:56.8414357Z     [chromium] ‚Ä∫ test/personal-info/personal-info.spec.ts:52:3 ‚Ä∫ Personal info (user profile enabled) ‚Ä∫ renders long select options as typeahead 
Account UI E2E (chromium)	Run Playwright tests	2026-02-12T04:47:56.8416330Z     [chromium] ‚Ä∫ test/personal-info/personal-info.spec.ts:77:3 ‚Ä∫ Personal info (user profile enabled) ‚Ä∫ renders long list of locales as typeahead 
Account UI E2E (chromium)	Run Playwright tests	2026-02-12T04:47:56.8417418Z   18 passed (45.8s)
Account UI E2E (chromium)	Run Playwright tests	2026-02-12T04:47:56.8456431Z ##[error]  1) [chromium] ‚Ä∫ test/personal-info/personal-info.spec.ts:52:3 ‚Ä∫ Personal info (user profile enabled) ‚Ä∫ renders long select options as typeahead 
Account UI E2E (chromium)	Run Playwright tests	    Error: unknown_error
Account UI E2E (chromium)	Run Playwright tests	
Account UI E2E (chromium)	Run Playwright tests	       at ../../../libs/keycloak-admin-client/src/utils/fetchWithError.ts:26
Account UI E2E (chromium)	Run Playwright tests	
Account UI E2E (chromium)	Run Playwright tests	      24 |     const message = getErrorMessage(responseData);
Account UI E2E (chromium)	Run Playwright tests	      25 |     console.error(message, response.status, responseData);
Account UI E2E (chromium)	Run Playwright tests	    > 26 |     throw new NetworkError(message, {
Account UI E2E (chromium)	Run Playwright tests	         |           ^
Account UI E2E (chromium)	Run Playwright tests	      27 |       response,
Account UI E2E (chromium)	Run Playwright tests	      28 |       responseData,
Account UI E2E (chromium)	Run Playwright tests	      29 |     });
Account UI E2E (chromium)	Run Playwright tests	        at fetchWithError (/home/runner/work/keycloak/keycloak/js/libs/keycloak-admin-client/src/utils/fetchWithError.ts:26:11)
Account UI E2E (chromium)	Run Playwright tests	        at Agent.#requestWithParams (/home/runner/work/keycloak/keycloak/js/libs/keycloak-admin-client/src/resources/agent.ts:247:19)
Account UI E2E (chromium)	Run Playwright tests	        at /home/runner/work/keycloak/keycloak/js/apps/account-ui/test/personal-info/personal-info.spec.ts:58:61
Account UI E2E (chromium)	Run Playwright tests	2026-02-12T04:47:56.8482036Z ##[error]  2) [chromium] ‚Ä∫ test/personal-info/personal-info.spec.ts:77:3 ‚Ä∫ Personal info (user profile enabled) ‚Ä∫ renders long list of locales as typeahead 
Account UI E2E (chromium)	Run Playwright tests	    Error: unknown_error
Account UI E2E (chromium)	Run Playwright tests	
Account UI E2E (chromium)	Run Playwright tests	       at ../../../libs/keycloak-admin-client/src/utils/fetchWithError.ts:26
Account UI E2E (chromium)	Run Playwright tests	
Account UI E2E (chromium)	Run Playwright tests	      24 |     const message = getErrorMessage(responseData);
Account UI E2E (chromium)	Run Playwright tests	      25 |     console.error(message, response.status, responseData);
Account UI E2E (chromium)	Run Playwright tests	    > 26 |     throw new NetworkError(message, {
Account UI E2E (chromium)	Run Playwright tests	         |           ^
Account UI E2E (chromium)	Run Playwright tests	      27 |       response,
Account UI E2E (chromium)	Run Playwright tests	      28 |       responseData,
Account UI E2E (chromium)	Run Playwright tests	      29 |     });
Account UI E2E (chromium)	Run Playwright tests	        at fetchWithError (/home/runner/work/keycloak/keycloak/js/libs/keycloak-admin-client/src/utils/fetchWithError.ts:26:11)
Account UI E2E (chromium)	Run Playwright tests	        at Agent.#requestWithParams (/home/runner/work/keycloak/keycloak/js/libs/keycloak-admin-client/src/resources/agent.ts:247:19)
Account UI E2E (chromium)	Run Playwright tests	        at /home/runner/work/keycloak/keycloak/js/apps/account-ui/test/personal-info/personal-info.spec.ts:78:61
Account UI E2E (chromium)	Run Playwright tests	2026-02-12T04:47:56.8493394Z ##[notice]  2 failed
Account UI E2E (chromium)	Run Playwright tests	    [chromium] ‚Ä∫ test/personal-info/personal-info.spec.ts:52:3 ‚Ä∫ Personal info (user profile enabled) ‚Ä∫ renders long select options as typeahead 
Account UI E2E (chromium)	Run Playwright tests	    [chromium] ‚Ä∫ test/personal-info/personal-info.spec.ts:77:3 ‚Ä∫ Personal info (user profile enabled) ‚Ä∫ renders long list of locales as typeahead 
Account UI E2E (chromium)	Run Playwright tests	  18 passed (45.8s)
Account UI E2E (chromium)	Run Playwright tests	2026-02-12T04:47:56.9967460Z 
Account UI E2E (chromium)	Run Playwright tests	2026-02-12T04:47:56.9968298Z ‚ùå [test] exited with exit code 1.
Account UI E2E (chromium)	Run Playwright tests	2026-02-12T04:47:56.9972149Z ‚ùå 1 script failed.
Account UI E2E (chromium)	Run Playwright tests	2026-02-12T04:47:57.0166175Z /home/runner/work/keycloak/keycloak/js/apps/account-ui:
Account UI E2E (chromium)	Run Playwright tests	2026-02-12T04:47:57.0168165Z ‚ÄâERR_PNPM_RECURSIVE_RUN_FIRST_FAIL‚Äâ @keycloak/keycloak-account-ui@999.0.0-SNAPSHOT test: `wireit -- --project=chromium`
Account UI E2E (chromium)	Run Playwright tests	2026-02-12T04:47:57.0169206Z Exit status 1
Account UI E2E (chromium)	Run Playwright tests	2026-02-12T04:47:57.0366091Z ##[error]Process completed with exit code 1.
Status Check - Keycloak JavaScript CI	Run /./.github/actions/status-check	Ôªø2026-02-12T05:08:41.9721600Z Prepare all required actions
Status Check - Keycloak JavaScript CI	Run /./.github/actions/status-check	2026-02-12T05:08:41.9789280Z ##[group]Run ./.github/actions/status-check
Status Check - Keycloak JavaScript CI	Run /./.github/actions/status-check	2026-02-12T05:08:41.9789624Z with:
Status Check - Keycloak JavaScript CI	Run /./.github/actions/status-check	2026-02-12T05:08:41.9791310Z   jobs: {
Status Check - Keycloak JavaScript CI	Run /./.github/actions/status-check	  "conditional": {
Status Check - Keycloak JavaScript CI	Run /./.github/actions/status-check	    "result": "success",
Status Check - Keycloak JavaScript CI	Run /./.github/actions/status-check	    "outputs": {
Status Check - Keycloak JavaScript CI	Run /./.github/actions/status-check	      "js-ci": "true"
Status Check - Keycloak JavaScript CI	Run /./.github/actions/status-check	    }
Status Check - Keycloak JavaScript CI	Run /./.github/actions/status-check	  },
Status Check - Keycloak JavaScript CI	Run /./.github/actions/status-check	  "build-keycloak": {
Status Check - Keycloak JavaScript CI	Run /./.github/actions/status-check	    "result": "success",
Status Check - Keycloak JavaScript CI	Run /./.github/actions/status-check	    "outputs": {}
Status Check - Keycloak JavaScript CI	Run /./.github/actions/status-check	  },
Status Check - Keycloak JavaScript CI	Run /./.github/actions/status-check	  "admin-client": {
Status Check - Keycloak JavaScript CI	Run /./.github/actions/status-check	    "result": "success",
Status Check - Keycloak JavaScript CI	Run /./.github/actions/status-check	    "outputs": {}
Status Check - Keycloak JavaScript CI	Run /./.github/actions/status-check	  },
Status Check - Keycloak JavaScript CI	Run /./.github/actions/status-check	  "ui-shared": {
Status Check - Keycloak JavaScript CI	Run /./.github/actions/status-check	    "result": "success",
Status Check - Keycloak JavaScript CI	Run /./.github/actions/status-check	    "outputs": {}
Status Check - Keycloak JavaScript CI	Run /./.github/actions/status-check	  },
Status Check - Keycloak JavaScript CI	Run /./.github/actions/status-check	  "account-ui": {
Status Check - Keycloak JavaScript CI	Run /./.github/actions/status-check	    "result": "success",
Status Check - Keycloak JavaScript CI	Run /./.github/actions/status-check	    "outputs": {}
Status Check - Keycloak JavaScript CI	Run /./.github/actions/status-check	  },
Status Check - Keycloak JavaScript CI	Run /./.github/actions/status-check	  "account-ui-e2e": {
Status Check - Keycloak JavaScript CI	Run /./.github/actions/status-check	    "result": "failure",
Status Check - Keycloak JavaScript CI	Run /./.github/actions/status-check	    "outputs": {}
Status Check - Keycloak JavaScript CI	Run /./.github/actions/status-check	  },
Status Check - Keycloak JavaScript CI	Run /./.github/actions/status-check	  "admin-ui": {
Status Check - Keycloak JavaScript CI	Run /./.github/actions/status-check	    "result": "success",
Status Check - Keycloak JavaScript CI	Run /./.github/actions/status-check	    "outputs": {}
Status Check - Keycloak JavaScript CI	Run /./.github/actions/status-check	  },
Status Check - Keycloak JavaScript CI	Run /./.github/actions/status-check	  "admin-ui-e2e": {
Status Check - Keycloak JavaScript CI	Run /./.github/actions/status-check	    "result": "success",
Status Check - Keycloak JavaScript CI	Run /./.github/actions/status-check	    "outputs": {}
Status Check - Keycloak JavaScript CI	Run /./.github/actions/status-check	  },
Status Check - Keycloak JavaScript CI	Run /./.github/actions/status-check	  "keycloak-admin-client": {
Status Check - Keycloak JavaScript CI	Run /./.github/actions/status-check	    "result": "success",
Status Check - Keycloak JavaScript CI	Run /./.github/actions/status-check	    "outputs": {}
Status Check - Keycloak JavaScript CI	Run /./.github/actions/status-check	  }
Status Check - Keycloak JavaScript CI	Run /./.github/actions/status-check	}
Status Check - Keycloak JavaScript CI	Run /./.github/actions/status-check	2026-02-12T05:08:41.9793528Z env:
Status Check - Keycloak JavaScript CI	Run /./.github/actions/status-check	2026-02-12T05:08:41.9793846Z   MAVEN_ARGS: -B -nsu -Daether.connector.http.connectionMaxTtl=25
Status Check - Keycloak JavaScript CI	Run /./.github/actions/status-check	2026-02-12T05:08:41.9794226Z ##[endgroup]
Status Check - Keycloak JavaScript CI	Run /./.github/actions/status-check	2026-02-12T05:08:41.9888834Z ##[group]Run JOBS='{
Status Check - Keycloak JavaScript CI	Run /./.github/actions/status-check	2026-02-12T05:08:41.9889279Z [36;1mJOBS='{[0m
Status Check - Keycloak JavaScript CI	Run /./.github/actions/status-check	2026-02-12T05:08:41.9889519Z [36;1m  "conditional": {[0m
Status Check - Keycloak JavaScript CI	Run /./.github/actions/status-check	2026-02-12T05:08:41.9889789Z [36;1m    "result": "success",[0m
Status Check - Keycloak JavaScript CI	Run /./.github/actions/status-check	2026-02-12T05:08:41.9890072Z [36;1m    "outputs": {[0m
Status Check - Keycloak JavaScript CI	Run /./.github/actions/status-check	2026-02-12T05:08:41.9890326Z [36;1m      "js-ci": "true"[0m
Status Check - Keycloak JavaScript CI	Run /./.github/actions/status-check	2026-02-12T05:08:41.9890574Z [36;1m    }[0m
Status Check - Keycloak JavaScript CI	Run /./.github/actions/status-check	2026-02-12T05:08:41.9890773Z [36;1m  },[0m
Status Check - Keycloak JavaScript CI	Run /./.github/actions/status-check	2026-02-12T05:08:41.9891007Z [36;1m  "build-keycloak": {[0m
Status Check - Keycloak JavaScript CI	Run /./.github/actions/status-check	2026-02-12T05:08:41.9891291Z [36;1m    "result": "success",[0m
Status Check - Keycloak JavaScript CI	Run /./.github/actions/status-check	2026-02-12T05:08:41.9891560Z [36;1m    "outputs": {}[0m
Status Check - Keycloak JavaScript CI	Run /./.github/actions/status-check	2026-02-12T05:08:41.9891796Z [36;1m  },[0m
Status Check - Keycloak JavaScript CI	Run /./.github/actions/status-check	2026-02-12T05:08:41.9892250Z [36;1m  "admin-client": {[0m
Status Check - Keycloak JavaScript CI	Run /./.github/actions/status-check	2026-02-12T05:08:41.9892510Z [36;1m    "result": "success",[0m
Status Check - Keycloak JavaScript CI	Run /./.github/actions/status-check	2026-02-12T05:08:41.9892779Z [36;1m    "outputs": {}[0m
Status Check - Keycloak JavaScript CI	Run /./.github/actions/status-check	2026-02-12T05:08:41.9893018Z [36;1m  },[0m
Status Check - Keycloak JavaScript CI	Run /./.github/actions/status-check	2026-02-12T05:08:41.9893222Z [36;1m  "ui-shared": {[0m
Status Check - Keycloak JavaScript CI	Run /./.github/actions/status-check	2026-02-12T05:08:41.9893466Z [36;1m    "result": "success",[0m
Status Check - Keycloak JavaScript CI	Run /./.github/actions/status-check	2026-02-12T05:08:41.9893722Z [36;1m    "outputs": {}[0m
Status Check - Keycloak JavaScript CI	Run /./.github/actions/status-check	2026-02-12T05:08:41.9893970Z [36;1m  },[0m
Status Check - Keycloak JavaScript CI	Run /./.github/actions/status-check	2026-02-12T05:08:41.9894176Z [36;1m  "account-ui": {[0m
Status Check - Keycloak JavaScript CI	Run /./.github/actions/status-check	2026-02-12T05:08:41.9894420Z [36;1m    "result": "success",[0m
Status Check - Keycloak JavaScript CI	Run /./.github/actions/status-check	2026-02-12T05:08:41.9894668Z [36;1m    "outputs": {}[0m
Status Check - Keycloak JavaScript CI	Run /./.github/actions/status-check	2026-02-12T05:08:41.9894899Z [36;1m  },[0m
Status Check - Keycloak JavaScript CI	Run /./.github/actions/status-check	2026-02-12T05:08:41.9895111Z [36;1m  "account-ui-e2e": {[0m
Status Check - Keycloak JavaScript CI	Run /./.github/actions/status-check	2026-02-12T05:08:41.9895365Z [36;1m    "result": "failure",[0m
Status Check - Keycloak JavaScript CI	Run /./.github/actions/status-check	2026-02-12T05:08:41.9895628Z [36;1m    "outputs": {}[0m
Status Check - Keycloak JavaScript CI	Run /./.github/actions/status-check	2026-02-12T05:08:41.9895863Z [36;1m  },[0m
Status Check - Keycloak JavaScript CI	Run /./.github/actions/status-check	2026-02-12T05:08:41.9896075Z [36;1m  "admin-ui": {[0m
Status Check - Keycloak JavaScript CI	Run /./.github/actions/status-check	2026-02-12T05:08:41.9896314Z [36;1m    "result": "success",[0m
Status Check - Keycloak JavaScript CI	Run /./.github/actions/status-check	2026-02-12T05:08:41.9896580Z [36;1m    "outputs": {}[0m
Status Check - Keycloak JavaScript CI	Run /./.github/actions/status-check	2026-02-12T05:08:41.9896807Z [36;1m  },[0m
Status Check - Keycloak JavaScript CI	Run /./.github/actions/status-check	2026-02-12T05:08:41.9897026Z [36;1m  "admin-ui-e2e": {[0m
Status Check - Keycloak JavaScript CI	Run /./.github/actions/status-check	2026-02-12T05:08:41.9897276Z [36;1m    "result": "success",[0m
Status Check - Keycloak JavaScript CI	Run /./.github/actions/status-check	2026-02-12T05:08:41.9897546Z [36;1m    "outputs": {}[0m
Status Check - Keycloak JavaScript CI	Run /./.github/actions/status-check	2026-02-12T05:08:41.9897788Z [36;1m  },[0m
Status Check - Keycloak JavaScript CI	Run /./.github/actions/status-check	2026-02-12T05:08:41.9898012Z [36;1m  "keycloak-admin-client": {[0m
Status Check - Keycloak JavaScript CI	Run /./.github/actions/status-check	2026-02-12T05:08:41.9898350Z [36;1m    "result": "success",[0m
Status Check - Keycloak JavaScript CI	Run /./.github/actions/status-check	2026-02-12T05:08:41.9898626Z [36;1m    "outputs": {}[0m
Status Check - Keycloak JavaScript CI	Run /./.github/actions/status-check	2026-02-12T05:08:41.9898870Z [36;1m  }[0m
Status Check - Keycloak JavaScript CI	Run /./.github/actions/status-check	2026-02-12T05:08:41.9899065Z [36;1m}'[0m
Status Check - Keycloak JavaScript CI	Run /./.github/actions/status-check	2026-02-12T05:08:41.9899273Z [36;1m[0m
Status Check - Keycloak JavaScript CI	Run /./.github/actions/status-check	2026-02-12T05:08:41.9899476Z [36;1mecho "Job status:"[0m
Status Check - Keycloak JavaScript CI	Run /./.github/actions/status-check	2026-02-12T05:08:41.9899857Z [36;1mecho $JOBS | jq -r 'to_entries[] | " - \(.key): \(.value.result)"'[0m
Status Check - Keycloak JavaScript CI	Run /./.github/actions/status-check	2026-02-12T05:08:41.9900255Z [36;1m[0m
Status Check - Keycloak JavaScript CI	Run /./.github/actions/status-check	2026-02-12T05:08:41.9900637Z [36;1mfor i in $(echo $JOBS | jq -r 'to_entries[] | .value.result'); do[0m
Status Check - Keycloak JavaScript CI	Run /./.github/actions/status-check	2026-02-12T05:08:41.9901105Z [36;1m  if [ "$i" != "success" ] && [ "$i" != "skipped" ]; then[0m
Status Check - Keycloak JavaScript CI	Run /./.github/actions/status-check	2026-02-12T05:08:41.9901436Z [36;1m    echo ""[0m
Status Check - Keycloak JavaScript CI	Run /./.github/actions/status-check	2026-02-12T05:08:41.9901697Z [36;1m    echo "Status check not okay!"[0m
Status Check - Keycloak JavaScript CI	Run /./.github/actions/status-check	2026-02-12T05:08:41.9902093Z [36;1m    exit 1[0m
Status Check - Keycloak JavaScript CI	Run /./.github/actions/status-check	2026-02-12T05:08:41.9902322Z [36;1m  fi[0m
Status Check - Keycloak JavaScript CI	Run /./.github/actions/status-check	2026-02-12T05:08:41.9902521Z [36;1mdone[0m
Status Check - Keycloak JavaScript CI	Run /./.github/actions/status-check	2026-02-12T05:08:41.9939834Z shell: /usr/bin/bash --noprofile --norc -e -o pipefail {0}
Status Check - Keycloak JavaScript CI	Run /./.github/actions/status-check	2026-02-12T05:08:41.9940540Z env:
Status Check - Keycloak JavaScript CI	Run /./.github/actions/status-check	2026-02-12T05:08:41.9940873Z   MAVEN_ARGS: -B -nsu -Daether.connector.http.connectionMaxTtl=25
Status Check - Keycloak JavaScript CI	Run /./.github/actions/status-check	2026-02-12T05:08:41.9941249Z ##[endgroup]
Status Check - Keycloak JavaScript CI	Run /./.github/actions/status-check	2026-02-12T05:08:42.0011729Z Job status:
Status Check - Keycloak JavaScript CI	Run /./.github/actions/status-check	2026-02-12T05:08:42.0038772Z  - conditional: success
Status Check - Keycloak JavaScript CI	Run /./.github/actions/status-check	2026-02-12T05:08:42.0039261Z  - build-keycloak: success
Status Check - Keycloak JavaScript CI	Run /./.github/actions/status-check	2026-02-12T05:08:42.0039646Z  - admin-client: success
Status Check - Keycloak JavaScript CI	Run /./.github/actions/status-check	2026-02-12T05:08:42.0039923Z  - ui-shared: success
Status Check - Keycloak JavaScript CI	Run /./.github/actions/status-check	2026-02-12T05:08:42.0040172Z  - account-ui: success
Status Check - Keycloak JavaScript CI	Run /./.github/actions/status-check	2026-02-12T05:08:42.0040432Z  - account-ui-e2e: failure
Status Check - Keycloak JavaScript CI	Run /./.github/actions/status-check	2026-02-12T05:08:42.0040678Z  - admin-ui: success
Status Check - Keycloak JavaScript CI	Run /./.github/actions/status-check	2026-02-12T05:08:42.0072609Z  - admin-ui-e2e: success
Status Check - Keycloak JavaScript CI	Run /./.github/actions/status-check	2026-02-12T05:08:42.0073118Z  - keycloak-admin-client: success
Status Check - Keycloak JavaScript CI	Run /./.github/actions/status-check	2026-02-12T05:08:42.0073413Z 
Status Check - Keycloak JavaScript CI	Run /./.github/actions/status-check	2026-02-12T05:08:42.0073865Z Status check not okay!
Status Check - Keycloak JavaScript CI	Run /./.github/actions/status-check	2026-02-12T05:08:42.0085040Z ##[error]Process completed with exit code 1.
