SSSD	UNKNOWN STEP	ï»¿2025-10-12T00:31:44.1966605Z Current runner version: '2.328.0'
SSSD	UNKNOWN STEP	2025-10-12T00:31:44.1989897Z ##[group]Runner Image Provisioner
SSSD	UNKNOWN STEP	2025-10-12T00:31:44.1990811Z Hosted Compute Agent
SSSD	UNKNOWN STEP	2025-10-12T00:31:44.1991332Z Version: 20250912.392
SSSD	UNKNOWN STEP	2025-10-12T00:31:44.1991903Z Commit: d921fda672a98b64f4f82364647e2f10b2267d0b
SSSD	UNKNOWN STEP	2025-10-12T00:31:44.1992664Z Build Date: 2025-09-12T15:23:14Z
SSSD	UNKNOWN STEP	2025-10-12T00:31:44.1993257Z ##[endgroup]
SSSD	UNKNOWN STEP	2025-10-12T00:31:44.1993740Z ##[group]Operating System
SSSD	UNKNOWN STEP	2025-10-12T00:31:44.1994526Z Ubuntu
SSSD	UNKNOWN STEP	2025-10-12T00:31:44.1995018Z 24.04.3
SSSD	UNKNOWN STEP	2025-10-12T00:31:44.1995442Z LTS
SSSD	UNKNOWN STEP	2025-10-12T00:31:44.1995981Z ##[endgroup]
SSSD	UNKNOWN STEP	2025-10-12T00:31:44.1996441Z ##[group]Runner Image
SSSD	UNKNOWN STEP	2025-10-12T00:31:44.1996974Z Image: ubuntu-24.04
SSSD	UNKNOWN STEP	2025-10-12T00:31:44.1997492Z Version: 20250929.60.1
SSSD	UNKNOWN STEP	2025-10-12T00:31:44.1998512Z Included Software: https://github.com/actions/runner-images/blob/ubuntu24/20250929.60/images/ubuntu/Ubuntu2404-Readme.md
SSSD	UNKNOWN STEP	2025-10-12T00:31:44.1999987Z Image Release: https://github.com/actions/runner-images/releases/tag/ubuntu24%2F20250929.60
SSSD	UNKNOWN STEP	2025-10-12T00:31:44.2001061Z ##[endgroup]
SSSD	UNKNOWN STEP	2025-10-12T00:31:44.2002003Z ##[group]GITHUB_TOKEN Permissions
SSSD	UNKNOWN STEP	2025-10-12T00:31:44.2003822Z Contents: read
SSSD	UNKNOWN STEP	2025-10-12T00:31:44.2004543Z Metadata: read
SSSD	UNKNOWN STEP	2025-10-12T00:31:44.2004997Z ##[endgroup]
SSSD	UNKNOWN STEP	2025-10-12T00:31:44.2007153Z Secret source: Actions
SSSD	UNKNOWN STEP	2025-10-12T00:31:44.2007834Z Prepare workflow directory
SSSD	UNKNOWN STEP	2025-10-12T00:31:44.2421437Z Prepare all required actions
SSSD	UNKNOWN STEP	2025-10-12T00:31:44.2459617Z Getting action download info
SSSD	UNKNOWN STEP	2025-10-12T00:31:44.6905945Z Download action repository 'actions/checkout@08c6903cd8c0fde910a37f88322edcfb5dd907a8' (SHA:08c6903cd8c0fde910a37f88322edcfb5dd907a8)
SSSD	UNKNOWN STEP	2025-10-12T00:31:44.9205335Z Download action repository 'actions/cache@0057852bfaa89a56745cba8c7296529d2fc39830' (SHA:0057852bfaa89a56745cba8c7296529d2fc39830)
SSSD	UNKNOWN STEP	2025-10-12T00:31:45.0947153Z Complete job name: SSSD
SSSD	UNKNOWN STEP	2025-10-12T00:31:45.1691756Z ##[group]Run actions/checkout@08c6903cd8c0fde910a37f88322edcfb5dd907a8
SSSD	UNKNOWN STEP	2025-10-12T00:31:45.1693085Z with:
SSSD	UNKNOWN STEP	2025-10-12T00:31:45.1693711Z   repository: keycloak/keycloak
SSSD	UNKNOWN STEP	2025-10-12T00:31:45.1694697Z   token: ***
SSSD	UNKNOWN STEP	2025-10-12T00:31:45.1695082Z   ssh-strict: true
SSSD	UNKNOWN STEP	2025-10-12T00:31:45.1695480Z   ssh-user: git
SSSD	UNKNOWN STEP	2025-10-12T00:31:45.1695877Z   persist-credentials: true
SSSD	UNKNOWN STEP	2025-10-12T00:31:45.1696373Z   clean: true
SSSD	UNKNOWN STEP	2025-10-12T00:31:45.1696828Z   sparse-checkout-cone-mode: true
SSSD	UNKNOWN STEP	2025-10-12T00:31:45.1697306Z   fetch-depth: 1
SSSD	UNKNOWN STEP	2025-10-12T00:31:45.1697719Z   fetch-tags: false
SSSD	UNKNOWN STEP	2025-10-12T00:31:45.1698117Z   show-progress: true
SSSD	UNKNOWN STEP	2025-10-12T00:31:45.1698512Z   lfs: false
SSSD	UNKNOWN STEP	2025-10-12T00:31:45.1698894Z   submodules: false
SSSD	UNKNOWN STEP	2025-10-12T00:31:45.1699281Z   set-safe-directory: true
SSSD	UNKNOWN STEP	2025-10-12T00:31:45.1700027Z env:
SSSD	UNKNOWN STEP	2025-10-12T00:31:45.1700554Z   MAVEN_ARGS: -B -nsu -Daether.connector.http.connectionMaxTtl=25
SSSD	UNKNOWN STEP	2025-10-12T00:31:45.1701187Z   SUREFIRE_RERUN_FAILING_COUNT: 2
SSSD	UNKNOWN STEP	2025-10-12T00:31:45.1701759Z   SUREFIRE_RETRY: -Dsurefire.rerunFailingTestsCount=2
SSSD	UNKNOWN STEP	2025-10-12T00:31:45.1702309Z ##[endgroup]
SSSD	UNKNOWN STEP	2025-10-12T00:31:45.2655168Z Syncing repository: keycloak/keycloak
SSSD	UNKNOWN STEP	2025-10-12T00:31:45.2657640Z ##[group]Getting Git version info
SSSD	UNKNOWN STEP	2025-10-12T00:31:45.2658877Z Working directory is '/home/runner/work/keycloak/keycloak'
SSSD	UNKNOWN STEP	2025-10-12T00:31:45.2660641Z [command]/usr/bin/git version
SSSD	UNKNOWN STEP	2025-10-12T00:31:45.2683570Z git version 2.51.0
SSSD	UNKNOWN STEP	2025-10-12T00:31:45.2739482Z ##[endgroup]
SSSD	UNKNOWN STEP	2025-10-12T00:31:45.2751950Z Temporarily overriding HOME='/home/runner/work/_temp/ec07aa07-abd6-44fc-8a1b-3c48f076db52' before making global git config changes
SSSD	UNKNOWN STEP	2025-10-12T00:31:45.2754486Z Adding repository directory to the temporary git global config as a safe directory
SSSD	UNKNOWN STEP	2025-10-12T00:31:45.2758071Z [command]/usr/bin/git config --global --add safe.directory /home/runner/work/keycloak/keycloak
SSSD	UNKNOWN STEP	2025-10-12T00:31:45.2797089Z Deleting the contents of '/home/runner/work/keycloak/keycloak'
SSSD	UNKNOWN STEP	2025-10-12T00:31:45.2800771Z ##[group]Initializing the repository
SSSD	UNKNOWN STEP	2025-10-12T00:31:45.2805791Z [command]/usr/bin/git init /home/runner/work/keycloak/keycloak
SSSD	UNKNOWN STEP	2025-10-12T00:31:45.2911624Z hint: Using 'master' as the name for the initial branch. This default branch name
SSSD	UNKNOWN STEP	2025-10-12T00:31:45.2913083Z hint: is subject to change. To configure the initial branch name to use in all
SSSD	UNKNOWN STEP	2025-10-12T00:31:45.2914254Z hint: of your new repositories, which will suppress this warning, call:
SSSD	UNKNOWN STEP	2025-10-12T00:31:45.2915595Z hint:
SSSD	UNKNOWN STEP	2025-10-12T00:31:45.2916391Z hint: 	git config --global init.defaultBranch <name>
SSSD	UNKNOWN STEP	2025-10-12T00:31:45.2917346Z hint:
SSSD	UNKNOWN STEP	2025-10-12T00:31:45.2918211Z hint: Names commonly chosen instead of 'master' are 'main', 'trunk' and
SSSD	UNKNOWN STEP	2025-10-12T00:31:45.2919589Z hint: 'development'. The just-created branch can be renamed via this command:
SSSD	UNKNOWN STEP	2025-10-12T00:31:45.2920305Z hint:
SSSD	UNKNOWN STEP	2025-10-12T00:31:45.2920838Z hint: 	git branch -m <name>
SSSD	UNKNOWN STEP	2025-10-12T00:31:45.2921575Z hint:
SSSD	UNKNOWN STEP	2025-10-12T00:31:45.2922197Z hint: Disable this message with "git config set advice.defaultBranchName false"
SSSD	UNKNOWN STEP	2025-10-12T00:31:45.2923384Z Initialized empty Git repository in /home/runner/work/keycloak/keycloak/.git/
SSSD	UNKNOWN STEP	2025-10-12T00:31:45.2932601Z [command]/usr/bin/git remote add origin https://github.com/keycloak/keycloak
SSSD	UNKNOWN STEP	2025-10-12T00:31:45.2971985Z ##[endgroup]
SSSD	UNKNOWN STEP	2025-10-12T00:31:45.2973192Z ##[group]Disabling automatic garbage collection
SSSD	UNKNOWN STEP	2025-10-12T00:31:45.2977174Z [command]/usr/bin/git config --local gc.auto 0
SSSD	UNKNOWN STEP	2025-10-12T00:31:45.3007887Z ##[endgroup]
SSSD	UNKNOWN STEP	2025-10-12T00:31:45.3008597Z ##[group]Setting up auth
SSSD	UNKNOWN STEP	2025-10-12T00:31:45.3017375Z [command]/usr/bin/git config --local --name-only --get-regexp core\.sshCommand
SSSD	UNKNOWN STEP	2025-10-12T00:31:45.3053299Z [command]/usr/bin/git submodule foreach --recursive sh -c "git config --local --name-only --get-regexp 'core\.sshCommand' && git config --local --unset-all 'core.sshCommand' || :"
SSSD	UNKNOWN STEP	2025-10-12T00:31:45.3387928Z [command]/usr/bin/git config --local --name-only --get-regexp http\.https\:\/\/github\.com\/\.extraheader
SSSD	UNKNOWN STEP	2025-10-12T00:31:45.3417024Z [command]/usr/bin/git submodule foreach --recursive sh -c "git config --local --name-only --get-regexp 'http\.https\:\/\/github\.com\/\.extraheader' && git config --local --unset-all 'http.https://github.com/.extraheader' || :"
SSSD	UNKNOWN STEP	2025-10-12T00:31:45.3634070Z [command]/usr/bin/git config --local http.https://github.com/.extraheader AUTHORIZATION: basic ***
SSSD	UNKNOWN STEP	2025-10-12T00:31:45.3669453Z ##[endgroup]
SSSD	UNKNOWN STEP	2025-10-12T00:31:45.3678227Z ##[group]Fetching the repository
SSSD	UNKNOWN STEP	2025-10-12T00:31:45.3679642Z [command]/usr/bin/git -c protocol.version=2 fetch --no-tags --prune --no-recurse-submodules --depth=1 origin +5c132b34da3308da541cc98d2e478c38bc573d1c:refs/remotes/origin/main
SSSD	UNKNOWN STEP	2025-10-12T00:31:47.0174099Z From https://github.com/keycloak/keycloak
SSSD	UNKNOWN STEP	2025-10-12T00:31:47.0176003Z  * [new ref]         5c132b34da3308da541cc98d2e478c38bc573d1c -> origin/main
SSSD	UNKNOWN STEP	2025-10-12T00:31:47.0210016Z ##[endgroup]
SSSD	UNKNOWN STEP	2025-10-12T00:31:47.0211347Z ##[group]Determining the checkout info
SSSD	UNKNOWN STEP	2025-10-12T00:31:47.0213046Z ##[endgroup]
SSSD	UNKNOWN STEP	2025-10-12T00:31:47.0219329Z [command]/usr/bin/git sparse-checkout disable
SSSD	UNKNOWN STEP	2025-10-12T00:31:47.0263275Z [command]/usr/bin/git config --local --unset-all extensions.worktreeConfig
SSSD	UNKNOWN STEP	2025-10-12T00:31:47.0290669Z ##[group]Checking out the ref
SSSD	UNKNOWN STEP	2025-10-12T00:31:47.0295468Z [command]/usr/bin/git checkout --progress --force -B main refs/remotes/origin/main
SSSD	UNKNOWN STEP	2025-10-12T00:31:47.8464828Z Switched to a new branch 'main'
SSSD	UNKNOWN STEP	2025-10-12T00:31:47.8465947Z branch 'main' set up to track 'origin/main'.
SSSD	UNKNOWN STEP	2025-10-12T00:31:47.8501251Z ##[endgroup]
SSSD	UNKNOWN STEP	2025-10-12T00:31:47.8541398Z [command]/usr/bin/git log -1 --format=%H
SSSD	UNKNOWN STEP	2025-10-12T00:31:47.8564966Z 5c132b34da3308da541cc98d2e478c38bc573d1c
SSSD	UNKNOWN STEP	2025-10-12T00:31:47.8815305Z Prepare all required actions
SSSD	UNKNOWN STEP	2025-10-12T00:31:47.8816036Z Getting action download info
SSSD	UNKNOWN STEP	2025-10-12T00:31:48.0536477Z Download action repository 'actions/download-artifact@d3f86a106a0bac45b974a628896c90dbdf5c8093' (SHA:d3f86a106a0bac45b974a628896c90dbdf5c8093)
SSSD	UNKNOWN STEP	2025-10-12T00:31:48.6416685Z ##[group]Run ./.github/actions/integration-test-setup
SSSD	UNKNOWN STEP	2025-10-12T00:31:48.6417040Z with:
SSSD	UNKNOWN STEP	2025-10-12T00:31:48.6417248Z   jdk-dist: temurin
SSSD	UNKNOWN STEP	2025-10-12T00:31:48.6417462Z   jdk-version: 21
SSSD	UNKNOWN STEP	2025-10-12T00:31:48.6417672Z env:
SSSD	UNKNOWN STEP	2025-10-12T00:31:48.6417970Z   MAVEN_ARGS: -B -nsu -Daether.connector.http.connectionMaxTtl=25
SSSD	UNKNOWN STEP	2025-10-12T00:31:48.6418337Z   SUREFIRE_RERUN_FAILING_COUNT: 2
SSSD	UNKNOWN STEP	2025-10-12T00:31:48.6418854Z   SUREFIRE_RETRY: -Dsurefire.rerunFailingTestsCount=2
SSSD	UNKNOWN STEP	2025-10-12T00:31:48.6419166Z ##[endgroup]
SSSD	UNKNOWN STEP	2025-10-12T00:31:48.6506251Z Prepare all required actions
SSSD	UNKNOWN STEP	2025-10-12T00:31:48.6534787Z ##[group]Run ./.github/actions/update-hosts
SSSD	UNKNOWN STEP	2025-10-12T00:31:48.6535089Z env:
SSSD	UNKNOWN STEP	2025-10-12T00:31:48.6535437Z   MAVEN_ARGS: -B -nsu -Daether.connector.http.connectionMaxTtl=25
SSSD	UNKNOWN STEP	2025-10-12T00:31:48.6535829Z   SUREFIRE_RERUN_FAILING_COUNT: 2
SSSD	UNKNOWN STEP	2025-10-12T00:31:48.6536142Z   SUREFIRE_RETRY: -Dsurefire.rerunFailingTestsCount=2
SSSD	UNKNOWN STEP	2025-10-12T00:31:48.6536453Z ##[endgroup]
SSSD	UNKNOWN STEP	2025-10-12T00:31:48.6577864Z ##[group]Run printf "\n\n$(cat .github/actions/update-hosts/hosts)" | sudo tee -a /etc/hosts
SSSD	UNKNOWN STEP	2025-10-12T00:31:48.6578550Z [36;1mprintf "\n\n$(cat .github/actions/update-hosts/hosts)" | sudo tee -a /etc/hosts[0m
SSSD	UNKNOWN STEP	2025-10-12T00:31:48.6616020Z shell: /usr/bin/bash --noprofile --norc -e -o pipefail {0}
SSSD	UNKNOWN STEP	2025-10-12T00:31:48.6616383Z env:
SSSD	UNKNOWN STEP	2025-10-12T00:31:48.6616695Z   MAVEN_ARGS: -B -nsu -Daether.connector.http.connectionMaxTtl=25
SSSD	UNKNOWN STEP	2025-10-12T00:31:48.6617079Z   SUREFIRE_RERUN_FAILING_COUNT: 2
SSSD	UNKNOWN STEP	2025-10-12T00:31:48.6617398Z   SUREFIRE_RETRY: -Dsurefire.rerunFailingTestsCount=2
SSSD	UNKNOWN STEP	2025-10-12T00:31:48.6617714Z ##[endgroup]
SSSD	UNKNOWN STEP	2025-10-12T00:31:48.6755522Z 
SSSD	UNKNOWN STEP	2025-10-12T00:31:48.6755566Z 
SSSD	UNKNOWN STEP	2025-10-12T00:31:48.6756544Z 127.0.0.1 localtest.me admin.localtest.me localhost-myapp.localtest.me localhost-sso.localtest.me realmFrontend.localtest.me proxy.kc.localtest.me
SSSD	UNKNOWN STEP	2025-10-12T00:31:48.6770810Z ::1 localtest.me admin.localtest.me localhost-myapp.localtest.me localhost-sso.localtest.me realmFrontend.localtest.me proxy.kc.localtest.me
SSSD	UNKNOWN STEP	2025-10-12T00:31:48.6817483Z Prepare all required actions
SSSD	UNKNOWN STEP	2025-10-12T00:31:48.6817803Z Getting action download info
SSSD	UNKNOWN STEP	2025-10-12T00:31:48.8905317Z Download action repository 'actions/setup-java@c5195efecf7bdfc987ee8bae7a71cb8b11521c00' (SHA:c5195efecf7bdfc987ee8bae7a71cb8b11521c00)
SSSD	UNKNOWN STEP	2025-10-12T00:31:49.5028699Z ##[group]Run ./.github/actions/java-setup
SSSD	UNKNOWN STEP	2025-10-12T00:31:49.5029010Z with:
SSSD	UNKNOWN STEP	2025-10-12T00:31:49.5029232Z   distribution: temurin
SSSD	UNKNOWN STEP	2025-10-12T00:31:49.5029473Z   java-version: 21
SSSD	UNKNOWN STEP	2025-10-12T00:31:49.5029676Z env:
SSSD	UNKNOWN STEP	2025-10-12T00:31:49.5029969Z   MAVEN_ARGS: -B -nsu -Daether.connector.http.connectionMaxTtl=25
SSSD	UNKNOWN STEP	2025-10-12T00:31:49.5030332Z   SUREFIRE_RERUN_FAILING_COUNT: 2
SSSD	UNKNOWN STEP	2025-10-12T00:31:49.5030667Z   SUREFIRE_RETRY: -Dsurefire.rerunFailingTestsCount=2
SSSD	UNKNOWN STEP	2025-10-12T00:31:49.5030981Z ##[endgroup]
SSSD	UNKNOWN STEP	2025-10-12T00:31:49.5116589Z ##[group]Run actions/setup-java@c5195efecf7bdfc987ee8bae7a71cb8b11521c00
SSSD	UNKNOWN STEP	2025-10-12T00:31:49.5116998Z with:
SSSD	UNKNOWN STEP	2025-10-12T00:31:49.5117208Z   distribution: temurin
SSSD	UNKNOWN STEP	2025-10-12T00:31:49.5117443Z   java-version: 21
SSSD	UNKNOWN STEP	2025-10-12T00:31:49.5117663Z   java-package: jdk
SSSD	UNKNOWN STEP	2025-10-12T00:31:49.5117899Z   check-latest: false
SSSD	UNKNOWN STEP	2025-10-12T00:31:49.5118134Z   server-id: github
SSSD	UNKNOWN STEP	2025-10-12T00:31:49.5118352Z   server-username: GITHUB_ACTOR
SSSD	UNKNOWN STEP	2025-10-12T00:31:49.5118613Z   server-password: GITHUB_TOKEN
SSSD	UNKNOWN STEP	2025-10-12T00:31:49.5118862Z   overwrite-settings: true
SSSD	UNKNOWN STEP	2025-10-12T00:31:49.5119099Z   job-status: success
SSSD	UNKNOWN STEP	2025-10-12T00:31:49.5119470Z   token: ***
SSSD	UNKNOWN STEP	2025-10-12T00:31:49.5119679Z env:
SSSD	UNKNOWN STEP	2025-10-12T00:31:49.5119978Z   MAVEN_ARGS: -B -nsu -Daether.connector.http.connectionMaxTtl=25
SSSD	UNKNOWN STEP	2025-10-12T00:31:49.5120351Z   SUREFIRE_RERUN_FAILING_COUNT: 2
SSSD	UNKNOWN STEP	2025-10-12T00:31:49.5120673Z   SUREFIRE_RETRY: -Dsurefire.rerunFailingTestsCount=2
SSSD	UNKNOWN STEP	2025-10-12T00:31:49.5121206Z ##[endgroup]
SSSD	UNKNOWN STEP	2025-10-12T00:31:49.7046927Z ##[group]Installed distributions
SSSD	UNKNOWN STEP	2025-10-12T00:31:49.7477733Z Resolved Java 21.0.8+9 from tool-cache
SSSD	UNKNOWN STEP	2025-10-12T00:31:49.7478880Z Setting Java 21.0.8+9 as the default
SSSD	UNKNOWN STEP	2025-10-12T00:31:49.7491823Z Creating toolchains.xml for JDK version 21 from temurin
SSSD	UNKNOWN STEP	2025-10-12T00:31:49.7569209Z Writing to /home/runner/.m2/toolchains.xml
SSSD	UNKNOWN STEP	2025-10-12T00:31:49.7569602Z 
SSSD	UNKNOWN STEP	2025-10-12T00:31:49.7569746Z Java configuration:
SSSD	UNKNOWN STEP	2025-10-12T00:31:49.7570971Z   Distribution: temurin
SSSD	UNKNOWN STEP	2025-10-12T00:31:49.7571362Z   Version: 21.0.8+9
SSSD	UNKNOWN STEP	2025-10-12T00:31:49.7572492Z   Path: /opt/hostedtoolcache/Java_Temurin-Hotspot_jdk/21.0.8-9/x64
SSSD	UNKNOWN STEP	2025-10-12T00:31:49.7572989Z 
SSSD	UNKNOWN STEP	2025-10-12T00:31:49.7573842Z ##[endgroup]
SSSD	UNKNOWN STEP	2025-10-12T00:31:49.7587793Z Creating settings.xml with server-id: github
SSSD	UNKNOWN STEP	2025-10-12T00:31:49.7597433Z Writing to /home/runner/.m2/settings.xml
SSSD	UNKNOWN STEP	2025-10-12T00:31:49.7738903Z Prepare all required actions
SSSD	UNKNOWN STEP	2025-10-12T00:31:49.7739241Z Getting action download info
SSSD	UNKNOWN STEP	2025-10-12T00:31:49.9433042Z Download action repository 'actions/cache@5a3ec84eff668545956fd18022155c47e93e2684' (SHA:5a3ec84eff668545956fd18022155c47e93e2684)
SSSD	UNKNOWN STEP	2025-10-12T00:31:50.0969397Z ##[group]Run ./.github/actions/maven-cache
SSSD	UNKNOWN STEP	2025-10-12T00:31:50.0969671Z with:
SSSD	UNKNOWN STEP	2025-10-12T00:31:50.0969868Z   create-cache-if-it-doesnt-exist: false
SSSD	UNKNOWN STEP	2025-10-12T00:31:50.0970114Z env:
SSSD	UNKNOWN STEP	2025-10-12T00:31:50.0970369Z   MAVEN_ARGS: -B -nsu -Daether.connector.http.connectionMaxTtl=25
SSSD	UNKNOWN STEP	2025-10-12T00:31:50.0970702Z   SUREFIRE_RERUN_FAILING_COUNT: 2
SSSD	UNKNOWN STEP	2025-10-12T00:31:50.0970980Z   SUREFIRE_RETRY: -Dsurefire.rerunFailingTestsCount=2
SSSD	UNKNOWN STEP	2025-10-12T00:31:50.0971360Z   JAVA_HOME: /opt/hostedtoolcache/Java_Temurin-Hotspot_jdk/21.0.8-9/x64
SSSD	UNKNOWN STEP	2025-10-12T00:31:50.0971806Z   JAVA_HOME_21_X64: /opt/hostedtoolcache/Java_Temurin-Hotspot_jdk/21.0.8-9/x64
SSSD	UNKNOWN STEP	2025-10-12T00:31:50.0972129Z ##[endgroup]
SSSD	UNKNOWN STEP	2025-10-12T00:31:50.0989981Z ##[group]Run echo "key=mvn-`date -u "+%Y-%U"`" >> $GITHUB_OUTPUT
SSSD	UNKNOWN STEP	2025-10-12T00:31:50.0990376Z [36;1mecho "key=mvn-`date -u "+%Y-%U"`" >> $GITHUB_OUTPUT[0m
SSSD	UNKNOWN STEP	2025-10-12T00:31:50.1027802Z shell: /usr/bin/bash --noprofile --norc -e -o pipefail {0}
SSSD	UNKNOWN STEP	2025-10-12T00:31:50.1028112Z env:
SSSD	UNKNOWN STEP	2025-10-12T00:31:50.1028374Z   MAVEN_ARGS: -B -nsu -Daether.connector.http.connectionMaxTtl=25
SSSD	UNKNOWN STEP	2025-10-12T00:31:50.1028707Z   SUREFIRE_RERUN_FAILING_COUNT: 2
SSSD	UNKNOWN STEP	2025-10-12T00:31:50.1028988Z   SUREFIRE_RETRY: -Dsurefire.rerunFailingTestsCount=2
SSSD	UNKNOWN STEP	2025-10-12T00:31:50.1029374Z   JAVA_HOME: /opt/hostedtoolcache/Java_Temurin-Hotspot_jdk/21.0.8-9/x64
SSSD	UNKNOWN STEP	2025-10-12T00:31:50.1029814Z   JAVA_HOME_21_X64: /opt/hostedtoolcache/Java_Temurin-Hotspot_jdk/21.0.8-9/x64
SSSD	UNKNOWN STEP	2025-10-12T00:31:50.1030150Z ##[endgroup]
SSSD	UNKNOWN STEP	2025-10-12T00:31:50.1164582Z ##[group]Run actions/cache/restore@5a3ec84eff668545956fd18022155c47e93e2684
SSSD	UNKNOWN STEP	2025-10-12T00:31:50.1164952Z with:
SSSD	UNKNOWN STEP	2025-10-12T00:31:50.1165196Z   path: ~/.m2/repository/*/*
SSSD	UNKNOWN STEP	!~/.m2/repository/org/keycloak
SSSD	UNKNOWN STEP	
SSSD	UNKNOWN STEP	2025-10-12T00:31:50.1165507Z   key: mvn-Linux-mvn-2025-41
SSSD	UNKNOWN STEP	2025-10-12T00:31:50.1165730Z   restore-keys: mvn--mvn-2025-41
SSSD	UNKNOWN STEP	
SSSD	UNKNOWN STEP	2025-10-12T00:31:50.1165973Z   enableCrossOsArchive: true
SSSD	UNKNOWN STEP	2025-10-12T00:31:50.1166196Z   fail-on-cache-miss: false
SSSD	UNKNOWN STEP	2025-10-12T00:31:50.1166408Z   lookup-only: false
SSSD	UNKNOWN STEP	2025-10-12T00:31:50.1166588Z env:
SSSD	UNKNOWN STEP	2025-10-12T00:31:50.1166844Z   MAVEN_ARGS: -B -nsu -Daether.connector.http.connectionMaxTtl=25
SSSD	UNKNOWN STEP	2025-10-12T00:31:50.1167177Z   SUREFIRE_RERUN_FAILING_COUNT: 2
SSSD	UNKNOWN STEP	2025-10-12T00:31:50.1167458Z   SUREFIRE_RETRY: -Dsurefire.rerunFailingTestsCount=2
SSSD	UNKNOWN STEP	2025-10-12T00:31:50.1167855Z   JAVA_HOME: /opt/hostedtoolcache/Java_Temurin-Hotspot_jdk/21.0.8-9/x64
SSSD	UNKNOWN STEP	2025-10-12T00:31:50.1168286Z   JAVA_HOME_21_X64: /opt/hostedtoolcache/Java_Temurin-Hotspot_jdk/21.0.8-9/x64
SSSD	UNKNOWN STEP	2025-10-12T00:31:50.1168621Z ##[endgroup]
SSSD	UNKNOWN STEP	2025-10-12T00:31:50.4853278Z Cache hit for: mvn-Linux-mvn-2025-41
SSSD	UNKNOWN STEP	2025-10-12T00:31:51.7833706Z Received 4194304 of 747190792 (0.6%), 4.0 MBs/sec
SSSD	UNKNOWN STEP	2025-10-12T00:31:52.7988638Z Received 134217728 of 747190792 (18.0%), 63.4 MBs/sec
SSSD	UNKNOWN STEP	2025-10-12T00:31:53.8479717Z Received 268435456 of 747190792 (35.9%), 83.5 MBs/sec
SSSD	UNKNOWN STEP	2025-10-12T00:31:54.8933607Z Received 402653184 of 747190792 (53.9%), 93.4 MBs/sec
SSSD	UNKNOWN STEP	2025-10-12T00:31:55.9630212Z Received 536870912 of 747190792 (71.9%), 98.8 MBs/sec
SSSD	UNKNOWN STEP	2025-10-12T00:31:57.0265113Z Received 671088640 of 747190792 (89.8%), 102.5 MBs/sec
SSSD	UNKNOWN STEP	2025-10-12T00:31:57.6863572Z Received 747190792 of 747190792 (100.0%), 103.2 MBs/sec
SSSD	UNKNOWN STEP	2025-10-12T00:31:57.6866284Z Cache Size: ~713 MB (747190792 B)
SSSD	UNKNOWN STEP	2025-10-12T00:31:57.6908270Z [command]/usr/bin/tar -xf /home/runner/work/_temp/ecdda3f9-0f5d-4016-abfa-b693b6500175/cache.tzst -P -C /home/runner/work/keycloak/keycloak --use-compress-program unzstd
SSSD	UNKNOWN STEP	2025-10-12T00:31:59.7552271Z Cache restored successfully
SSSD	UNKNOWN STEP	2025-10-12T00:31:59.9036800Z Cache restored from key: mvn-Linux-mvn-2025-41
SSSD	UNKNOWN STEP	2025-10-12T00:31:59.9176506Z Prepare all required actions
SSSD	UNKNOWN STEP	2025-10-12T00:31:59.9177022Z Getting action download info
SSSD	UNKNOWN STEP	2025-10-12T00:32:00.1240999Z ##[group]Run ./.github/actions/node-cache
SSSD	UNKNOWN STEP	2025-10-12T00:32:00.1241271Z env:
SSSD	UNKNOWN STEP	2025-10-12T00:32:00.1241546Z   MAVEN_ARGS: -B -nsu -Daether.connector.http.connectionMaxTtl=25
SSSD	UNKNOWN STEP	2025-10-12T00:32:00.1241883Z   SUREFIRE_RERUN_FAILING_COUNT: 2
SSSD	UNKNOWN STEP	2025-10-12T00:32:00.1242191Z   SUREFIRE_RETRY: -Dsurefire.rerunFailingTestsCount=2
SSSD	UNKNOWN STEP	2025-10-12T00:32:00.1242591Z   JAVA_HOME: /opt/hostedtoolcache/Java_Temurin-Hotspot_jdk/21.0.8-9/x64
SSSD	UNKNOWN STEP	2025-10-12T00:32:00.1243030Z   JAVA_HOME_21_X64: /opt/hostedtoolcache/Java_Temurin-Hotspot_jdk/21.0.8-9/x64
SSSD	UNKNOWN STEP	2025-10-12T00:32:00.1243370Z ##[endgroup]
SSSD	UNKNOWN STEP	2025-10-12T00:32:00.1259133Z ##[group]Run echo "node=$(cat js/pom.xml | grep '<node.version>' | cut -d '>' -f 2 | cut -d '<' -f 1 | cut -c 2-)" >> $GITHUB_OUTPUT
SSSD	UNKNOWN STEP	2025-10-12T00:32:00.1259796Z [36;1mecho "node=$(cat js/pom.xml | grep '<node.version>' | cut -d '>' -f 2 | cut -d '<' -f 1 | cut -c 2-)" >> $GITHUB_OUTPUT[0m
SSSD	UNKNOWN STEP	2025-10-12T00:32:00.1260398Z [36;1mecho "pnpm=$(cat js/pom.xml | grep '<pnpm.version>' | cut -d '>' -f 2 | cut -d '<' -f 1 | cut -c 1-)" >> $GITHUB_OUTPUT[0m
SSSD	UNKNOWN STEP	2025-10-12T00:32:00.1293434Z shell: /usr/bin/bash --noprofile --norc -e -o pipefail {0}
SSSD	UNKNOWN STEP	2025-10-12T00:32:00.1293753Z env:
SSSD	UNKNOWN STEP	2025-10-12T00:32:00.1294020Z   MAVEN_ARGS: -B -nsu -Daether.connector.http.connectionMaxTtl=25
SSSD	UNKNOWN STEP	2025-10-12T00:32:00.1294506Z   SUREFIRE_RERUN_FAILING_COUNT: 2
SSSD	UNKNOWN STEP	2025-10-12T00:32:00.1294807Z   SUREFIRE_RETRY: -Dsurefire.rerunFailingTestsCount=2
SSSD	UNKNOWN STEP	2025-10-12T00:32:00.1295252Z   JAVA_HOME: /opt/hostedtoolcache/Java_Temurin-Hotspot_jdk/21.0.8-9/x64
SSSD	UNKNOWN STEP	2025-10-12T00:32:00.1295690Z   JAVA_HOME_21_X64: /opt/hostedtoolcache/Java_Temurin-Hotspot_jdk/21.0.8-9/x64
SSSD	UNKNOWN STEP	2025-10-12T00:32:00.1296030Z ##[endgroup]
SSSD	UNKNOWN STEP	2025-10-12T00:32:00.1439454Z ##[group]Run actions/cache@5a3ec84eff668545956fd18022155c47e93e2684
SSSD	UNKNOWN STEP	2025-10-12T00:32:00.1439774Z with:
SSSD	UNKNOWN STEP	2025-10-12T00:32:00.1440122Z   path: ~/.m2/repository/com/github/eirslett/node
SSSD	UNKNOWN STEP	~/.m2/repository/com/github/eirslett/pnpm
SSSD	UNKNOWN STEP	
SSSD	UNKNOWN STEP	2025-10-12T00:32:00.1440594Z   key: Linux-frontend-plugin-artifacts-24.9.0-10.14.0
SSSD	UNKNOWN STEP	2025-10-12T00:32:00.1440920Z   enableCrossOsArchive: false
SSSD	UNKNOWN STEP	2025-10-12T00:32:00.1441164Z   fail-on-cache-miss: false
SSSD	UNKNOWN STEP	2025-10-12T00:32:00.1441380Z   lookup-only: false
SSSD	UNKNOWN STEP	2025-10-12T00:32:00.1441574Z   save-always: false
SSSD	UNKNOWN STEP	2025-10-12T00:32:00.1441745Z env:
SSSD	UNKNOWN STEP	2025-10-12T00:32:00.1442011Z   MAVEN_ARGS: -B -nsu -Daether.connector.http.connectionMaxTtl=25
SSSD	UNKNOWN STEP	2025-10-12T00:32:00.1442349Z   SUREFIRE_RERUN_FAILING_COUNT: 2
SSSD	UNKNOWN STEP	2025-10-12T00:32:00.1442637Z   SUREFIRE_RETRY: -Dsurefire.rerunFailingTestsCount=2
SSSD	UNKNOWN STEP	2025-10-12T00:32:00.1443026Z   JAVA_HOME: /opt/hostedtoolcache/Java_Temurin-Hotspot_jdk/21.0.8-9/x64
SSSD	UNKNOWN STEP	2025-10-12T00:32:00.1443457Z   JAVA_HOME_21_X64: /opt/hostedtoolcache/Java_Temurin-Hotspot_jdk/21.0.8-9/x64
SSSD	UNKNOWN STEP	2025-10-12T00:32:00.1443810Z ##[endgroup]
SSSD	UNKNOWN STEP	2025-10-12T00:32:00.5193260Z Cache hit for: Linux-frontend-plugin-artifacts-24.9.0-10.14.0
SSSD	UNKNOWN STEP	2025-10-12T00:32:01.8338387Z Received 4194304 of 178075408 (2.4%), 4.0 MBs/sec
SSSD	UNKNOWN STEP	2025-10-12T00:32:02.9152775Z Received 134217728 of 178075408 (75.4%), 61.4 MBs/sec
SSSD	UNKNOWN STEP	2025-10-12T00:32:03.4114607Z Received 178075408 of 178075408 (100.0%), 65.8 MBs/sec
SSSD	UNKNOWN STEP	2025-10-12T00:32:03.4116899Z Cache Size: ~170 MB (178075408 B)
SSSD	UNKNOWN STEP	2025-10-12T00:32:03.4227690Z [command]/usr/bin/tar -xf /home/runner/work/_temp/2ecbe891-98e0-4de7-a360-1fdd98fd7164/cache.tzst -P -C /home/runner/work/keycloak/keycloak --use-compress-program unzstd
SSSD	UNKNOWN STEP	2025-10-12T00:32:03.8931044Z Cache restored successfully
SSSD	UNKNOWN STEP	2025-10-12T00:32:03.9350658Z Cache restored from key: Linux-frontend-plugin-artifacts-24.9.0-10.14.0
SSSD	UNKNOWN STEP	2025-10-12T00:32:03.9468751Z Prepare all required actions
SSSD	UNKNOWN STEP	2025-10-12T00:32:03.9469049Z Getting action download info
SSSD	UNKNOWN STEP	2025-10-12T00:32:04.1311137Z ##[group]Run ./.github/actions/pnpm-store-cache
SSSD	UNKNOWN STEP	2025-10-12T00:32:04.1311417Z env:
SSSD	UNKNOWN STEP	2025-10-12T00:32:04.1311697Z   MAVEN_ARGS: -B -nsu -Daether.connector.http.connectionMaxTtl=25
SSSD	UNKNOWN STEP	2025-10-12T00:32:04.1312042Z   SUREFIRE_RERUN_FAILING_COUNT: 2
SSSD	UNKNOWN STEP	2025-10-12T00:32:04.1312330Z   SUREFIRE_RETRY: -Dsurefire.rerunFailingTestsCount=2
SSSD	UNKNOWN STEP	2025-10-12T00:32:04.1312739Z   JAVA_HOME: /opt/hostedtoolcache/Java_Temurin-Hotspot_jdk/21.0.8-9/x64
SSSD	UNKNOWN STEP	2025-10-12T00:32:04.1313371Z   JAVA_HOME_21_X64: /opt/hostedtoolcache/Java_Temurin-Hotspot_jdk/21.0.8-9/x64
SSSD	UNKNOWN STEP	2025-10-12T00:32:04.1313711Z ##[endgroup]
SSSD	UNKNOWN STEP	2025-10-12T00:32:04.1327131Z ##[group]Run echo "key=pnpm-store-`date -u "+%Y-%U"`" >> $GITHUB_OUTPUT
SSSD	UNKNOWN STEP	2025-10-12T00:32:04.1327575Z [36;1mecho "key=pnpm-store-`date -u "+%Y-%U"`" >> $GITHUB_OUTPUT[0m
SSSD	UNKNOWN STEP	2025-10-12T00:32:04.1359603Z shell: /usr/bin/bash --noprofile --norc -e -o pipefail {0}
SSSD	UNKNOWN STEP	2025-10-12T00:32:04.1359914Z env:
SSSD	UNKNOWN STEP	2025-10-12T00:32:04.1360192Z   MAVEN_ARGS: -B -nsu -Daether.connector.http.connectionMaxTtl=25
SSSD	UNKNOWN STEP	2025-10-12T00:32:04.1360536Z   SUREFIRE_RERUN_FAILING_COUNT: 2
SSSD	UNKNOWN STEP	2025-10-12T00:32:04.1360824Z   SUREFIRE_RETRY: -Dsurefire.rerunFailingTestsCount=2
SSSD	UNKNOWN STEP	2025-10-12T00:32:04.1361224Z   JAVA_HOME: /opt/hostedtoolcache/Java_Temurin-Hotspot_jdk/21.0.8-9/x64
SSSD	UNKNOWN STEP	2025-10-12T00:32:04.1361670Z   JAVA_HOME_21_X64: /opt/hostedtoolcache/Java_Temurin-Hotspot_jdk/21.0.8-9/x64
SSSD	UNKNOWN STEP	2025-10-12T00:32:04.1362013Z ##[endgroup]
SSSD	UNKNOWN STEP	2025-10-12T00:32:04.1457876Z ##[group]Run actions/cache@5a3ec84eff668545956fd18022155c47e93e2684
SSSD	UNKNOWN STEP	2025-10-12T00:32:04.1458191Z with:
SSSD	UNKNOWN STEP	2025-10-12T00:32:04.1458509Z   path: ~/.local/share/pnpm/store
SSSD	UNKNOWN STEP	~/AppData/Local/pnpm/store
SSSD	UNKNOWN STEP	~/Library/pnpm/store
SSSD	UNKNOWN STEP	
SSSD	UNKNOWN STEP	2025-10-12T00:32:04.1458910Z   key: Linux-pnpm-store-2025-41
SSSD	UNKNOWN STEP	2025-10-12T00:32:04.1459171Z   enableCrossOsArchive: false
SSSD	UNKNOWN STEP	2025-10-12T00:32:04.1459410Z   fail-on-cache-miss: false
SSSD	UNKNOWN STEP	2025-10-12T00:32:04.1459623Z   lookup-only: false
SSSD	UNKNOWN STEP	2025-10-12T00:32:04.1459814Z   save-always: false
SSSD	UNKNOWN STEP	2025-10-12T00:32:04.1459992Z env:
SSSD	UNKNOWN STEP	2025-10-12T00:32:04.1460248Z   MAVEN_ARGS: -B -nsu -Daether.connector.http.connectionMaxTtl=25
SSSD	UNKNOWN STEP	2025-10-12T00:32:04.1460581Z   SUREFIRE_RERUN_FAILING_COUNT: 2
SSSD	UNKNOWN STEP	2025-10-12T00:32:04.1460863Z   SUREFIRE_RETRY: -Dsurefire.rerunFailingTestsCount=2
SSSD	UNKNOWN STEP	2025-10-12T00:32:04.1461256Z   JAVA_HOME: /opt/hostedtoolcache/Java_Temurin-Hotspot_jdk/21.0.8-9/x64
SSSD	UNKNOWN STEP	2025-10-12T00:32:04.1461693Z   JAVA_HOME_21_X64: /opt/hostedtoolcache/Java_Temurin-Hotspot_jdk/21.0.8-9/x64
SSSD	UNKNOWN STEP	2025-10-12T00:32:04.1462038Z ##[endgroup]
SSSD	UNKNOWN STEP	2025-10-12T00:32:04.5111467Z Cache hit for: Linux-pnpm-store-2025-41
SSSD	UNKNOWN STEP	2025-10-12T00:32:05.8006101Z Received 0 of 139937916 (0.0%), 0.0 MBs/sec
SSSD	UNKNOWN STEP	2025-10-12T00:32:06.8587401Z Received 134217728 of 139937916 (95.9%), 62.2 MBs/sec
SSSD	UNKNOWN STEP	2025-10-12T00:32:07.0336780Z Received 139937916 of 139937916 (100.0%), 59.7 MBs/sec
SSSD	UNKNOWN STEP	2025-10-12T00:32:07.0340020Z Cache Size: ~133 MB (139937916 B)
SSSD	UNKNOWN STEP	2025-10-12T00:32:07.0444461Z [command]/usr/bin/tar -xf /home/runner/work/_temp/ebdaa46b-e88d-479b-825a-2e46ac98d283/cache.tzst -P -C /home/runner/work/keycloak/keycloak --use-compress-program unzstd
SSSD	UNKNOWN STEP	2025-10-12T00:32:09.5903662Z Cache restored successfully
SSSD	UNKNOWN STEP	2025-10-12T00:32:09.6252419Z Cache restored from key: Linux-pnpm-store-2025-41
SSSD	UNKNOWN STEP	2025-10-12T00:32:09.6367966Z ##[group]Run actions/download-artifact@d3f86a106a0bac45b974a628896c90dbdf5c8093
SSSD	UNKNOWN STEP	2025-10-12T00:32:09.6368353Z with:
SSSD	UNKNOWN STEP	2025-10-12T00:32:09.6368542Z   name: m2-keycloak.tzts
SSSD	UNKNOWN STEP	2025-10-12T00:32:09.6368767Z   merge-multiple: false
SSSD	UNKNOWN STEP	2025-10-12T00:32:09.6368986Z   repository: keycloak/keycloak
SSSD	UNKNOWN STEP	2025-10-12T00:32:09.6369231Z   run-id: 18436589726
SSSD	UNKNOWN STEP	2025-10-12T00:32:09.6369420Z env:
SSSD	UNKNOWN STEP	2025-10-12T00:32:09.6369693Z   MAVEN_ARGS: -B -nsu -Daether.connector.http.connectionMaxTtl=25
SSSD	UNKNOWN STEP	2025-10-12T00:32:09.6370044Z   SUREFIRE_RERUN_FAILING_COUNT: 2
SSSD	UNKNOWN STEP	2025-10-12T00:32:09.6370334Z   SUREFIRE_RETRY: -Dsurefire.rerunFailingTestsCount=2
SSSD	UNKNOWN STEP	2025-10-12T00:32:09.6370925Z   JAVA_HOME: /opt/hostedtoolcache/Java_Temurin-Hotspot_jdk/21.0.8-9/x64
SSSD	UNKNOWN STEP	2025-10-12T00:32:09.6371392Z   JAVA_HOME_21_X64: /opt/hostedtoolcache/Java_Temurin-Hotspot_jdk/21.0.8-9/x64
SSSD	UNKNOWN STEP	2025-10-12T00:32:09.6371734Z ##[endgroup]
SSSD	UNKNOWN STEP	2025-10-12T00:32:09.8311330Z Downloading single artifact
SSSD	UNKNOWN STEP	2025-10-12T00:32:10.1011308Z Preparing to download the following artifacts:
SSSD	UNKNOWN STEP	2025-10-12T00:32:10.1012465Z - m2-keycloak.tzts (ID: 4246257691, Size: 400459602, Expected Digest: sha256:3da3885dab7ed839b38507a09afef5175d1fe007cb6084f2207e2702a416338c)
SSSD	UNKNOWN STEP	2025-10-12T00:32:10.2687784Z Redirecting to blob download url: https://productionresultssa13.blob.core.windows.net/actions-results/15f4c029-cd06-41db-8dec-456d3645509b/workflow-job-run-0a3e997f-166c-54de-b24a-1601571f7c75/artifacts/edc4cfb0355d37e325eaae6eb235756b36f79720f66ece617babf28220e9d051.zip
SSSD	UNKNOWN STEP	2025-10-12T00:32:10.2690049Z Starting download of artifact to: /home/runner/work/keycloak/keycloak
SSSD	UNKNOWN STEP	2025-10-12T00:32:10.6080129Z (node:2142) [DEP0005] DeprecationWarning: Buffer() is deprecated due to security and usability issues. Please use the Buffer.alloc(), Buffer.allocUnsafe(), or Buffer.from() methods instead.
SSSD	UNKNOWN STEP	2025-10-12T00:32:10.6081730Z (Use `node --trace-deprecation ...` to show where the warning was created)
SSSD	UNKNOWN STEP	2025-10-12T00:32:27.1109770Z SHA256 digest of downloaded artifact is 3da3885dab7ed839b38507a09afef5175d1fe007cb6084f2207e2702a416338c
SSSD	UNKNOWN STEP	2025-10-12T00:32:27.1110702Z Artifact download completed successfully.
SSSD	UNKNOWN STEP	2025-10-12T00:32:27.1111140Z Total of 1 artifact(s) downloaded
SSSD	UNKNOWN STEP	2025-10-12T00:32:27.1120377Z Download artifact has finished successfully
SSSD	UNKNOWN STEP	2025-10-12T00:32:27.1248934Z ##[group]Run if [ "$RUNNER_OS" == "Windows" ]; then
SSSD	UNKNOWN STEP	2025-10-12T00:32:27.1249312Z [36;1mif [ "$RUNNER_OS" == "Windows" ]; then[0m
SSSD	UNKNOWN STEP	2025-10-12T00:32:27.1249725Z [36;1m  # zstd binary might be missing in older versions, install only when necessary[0m
SSSD	UNKNOWN STEP	2025-10-12T00:32:27.1250159Z [36;1m  which zstd > /dev/null || choco install zstandard[0m
SSSD	UNKNOWN STEP	2025-10-12T00:32:27.1250458Z [36;1mfi[0m
SSSD	UNKNOWN STEP	2025-10-12T00:32:27.1250774Z [36;1mtar -C ~/ --use-compress-program="zstd -d" -xf m2-keycloak.tzts[0m
SSSD	UNKNOWN STEP	2025-10-12T00:32:27.1284071Z shell: /usr/bin/bash --noprofile --norc -e -o pipefail {0}
SSSD	UNKNOWN STEP	2025-10-12T00:32:27.1284520Z env:
SSSD	UNKNOWN STEP	2025-10-12T00:32:27.1284812Z   MAVEN_ARGS: -B -nsu -Daether.connector.http.connectionMaxTtl=25
SSSD	UNKNOWN STEP	2025-10-12T00:32:27.1285162Z   SUREFIRE_RERUN_FAILING_COUNT: 2
SSSD	UNKNOWN STEP	2025-10-12T00:32:27.1285463Z   SUREFIRE_RETRY: -Dsurefire.rerunFailingTestsCount=2
SSSD	UNKNOWN STEP	2025-10-12T00:32:27.1285898Z   JAVA_HOME: /opt/hostedtoolcache/Java_Temurin-Hotspot_jdk/21.0.8-9/x64
SSSD	UNKNOWN STEP	2025-10-12T00:32:27.1286363Z   JAVA_HOME_21_X64: /opt/hostedtoolcache/Java_Temurin-Hotspot_jdk/21.0.8-9/x64
SSSD	UNKNOWN STEP	2025-10-12T00:32:27.1286726Z ##[endgroup]
SSSD	UNKNOWN STEP	2025-10-12T00:32:27.6824170Z ##[group]Run echo "key=ipa-data-`date -u "+%Y-%U"`" >> $GITHUB_OUTPUT
SSSD	UNKNOWN STEP	2025-10-12T00:32:27.6824937Z [36;1mecho "key=ipa-data-`date -u "+%Y-%U"`" >> $GITHUB_OUTPUT[0m
SSSD	UNKNOWN STEP	2025-10-12T00:32:27.6857903Z shell: /usr/bin/bash --noprofile --norc -e -o pipefail {0}
SSSD	UNKNOWN STEP	2025-10-12T00:32:27.6858243Z env:
SSSD	UNKNOWN STEP	2025-10-12T00:32:27.6858545Z   MAVEN_ARGS: -B -nsu -Daether.connector.http.connectionMaxTtl=25
SSSD	UNKNOWN STEP	2025-10-12T00:32:27.6858909Z   SUREFIRE_RERUN_FAILING_COUNT: 2
SSSD	UNKNOWN STEP	2025-10-12T00:32:27.6859223Z   SUREFIRE_RETRY: -Dsurefire.rerunFailingTestsCount=2
SSSD	UNKNOWN STEP	2025-10-12T00:32:27.6859646Z   JAVA_HOME: /opt/hostedtoolcache/Java_Temurin-Hotspot_jdk/21.0.8-9/x64
SSSD	UNKNOWN STEP	2025-10-12T00:32:27.6860108Z   JAVA_HOME_21_X64: /opt/hostedtoolcache/Java_Temurin-Hotspot_jdk/21.0.8-9/x64
SSSD	UNKNOWN STEP	2025-10-12T00:32:27.6860462Z ##[endgroup]
SSSD	UNKNOWN STEP	2025-10-12T00:32:27.6963784Z ##[group]Run actions/cache@0057852bfaa89a56745cba8c7296529d2fc39830
SSSD	UNKNOWN STEP	2025-10-12T00:32:27.6964133Z with:
SSSD	UNKNOWN STEP	2025-10-12T00:32:27.6964593Z   path: ~/ipa-data.tar
SSSD	UNKNOWN STEP	2025-10-12T00:32:27.6964869Z   key: ipa-data-2025-41
SSSD	UNKNOWN STEP	2025-10-12T00:32:27.6965097Z   enableCrossOsArchive: false
SSSD	UNKNOWN STEP	2025-10-12T00:32:27.6965341Z   fail-on-cache-miss: false
SSSD	UNKNOWN STEP	2025-10-12T00:32:27.6965569Z   lookup-only: false
SSSD	UNKNOWN STEP	2025-10-12T00:32:27.6965770Z   save-always: false
SSSD	UNKNOWN STEP	2025-10-12T00:32:27.6965968Z env:
SSSD	UNKNOWN STEP	2025-10-12T00:32:27.6966253Z   MAVEN_ARGS: -B -nsu -Daether.connector.http.connectionMaxTtl=25
SSSD	UNKNOWN STEP	2025-10-12T00:32:27.6966610Z   SUREFIRE_RERUN_FAILING_COUNT: 2
SSSD	UNKNOWN STEP	2025-10-12T00:32:27.6966912Z   SUREFIRE_RETRY: -Dsurefire.rerunFailingTestsCount=2
SSSD	UNKNOWN STEP	2025-10-12T00:32:27.6967334Z   JAVA_HOME: /opt/hostedtoolcache/Java_Temurin-Hotspot_jdk/21.0.8-9/x64
SSSD	UNKNOWN STEP	2025-10-12T00:32:27.6967787Z   JAVA_HOME_21_X64: /opt/hostedtoolcache/Java_Temurin-Hotspot_jdk/21.0.8-9/x64
SSSD	UNKNOWN STEP	2025-10-12T00:32:27.6968140Z ##[endgroup]
SSSD	UNKNOWN STEP	2025-10-12T00:32:28.1064990Z Cache not found for input keys: ipa-data-2025-41
SSSD	UNKNOWN STEP	2025-10-12T00:32:28.1130170Z ##[group]Run .github/scripts/run-ipa.sh "/home/runner/work/keycloak/keycloak"
SSSD	UNKNOWN STEP	2025-10-12T00:32:28.1130738Z [36;1m.github/scripts/run-ipa.sh "/home/runner/work/keycloak/keycloak"[0m
SSSD	UNKNOWN STEP	2025-10-12T00:32:28.1164600Z shell: /usr/bin/bash --noprofile --norc -e -o pipefail {0}
SSSD	UNKNOWN STEP	2025-10-12T00:32:28.1164953Z env:
SSSD	UNKNOWN STEP	2025-10-12T00:32:28.1165241Z   MAVEN_ARGS: -B -nsu -Daether.connector.http.connectionMaxTtl=25
SSSD	UNKNOWN STEP	2025-10-12T00:32:28.1165590Z   SUREFIRE_RERUN_FAILING_COUNT: 2
SSSD	UNKNOWN STEP	2025-10-12T00:32:28.1165901Z   SUREFIRE_RETRY: -Dsurefire.rerunFailingTestsCount=2
SSSD	UNKNOWN STEP	2025-10-12T00:32:28.1166314Z   JAVA_HOME: /opt/hostedtoolcache/Java_Temurin-Hotspot_jdk/21.0.8-9/x64
SSSD	UNKNOWN STEP	2025-10-12T00:32:28.1166769Z   JAVA_HOME_21_X64: /opt/hostedtoolcache/Java_Temurin-Hotspot_jdk/21.0.8-9/x64
SSSD	UNKNOWN STEP	2025-10-12T00:32:28.1167124Z ##[endgroup]
SSSD	UNKNOWN STEP	2025-10-12T00:32:28.1243329Z Starting ipa-server container
SSSD	UNKNOWN STEP	2025-10-12T00:32:29.8716056Z Resolving "freeipa/freeipa-server" using unqualified-search registries (/etc/containers/registries.conf)
SSSD	UNKNOWN STEP	2025-10-12T00:32:29.8717022Z Trying to pull docker.io/freeipa/freeipa-server:rocky-9...
SSSD	UNKNOWN STEP	2025-10-12T00:32:30.8893598Z Getting image source signatures
SSSD	UNKNOWN STEP	2025-10-12T00:32:30.8897134Z Copying blob sha256:60783316aee81da6eb6c6230011826daffd21ebcabd2d835544ef080027d72a3
SSSD	UNKNOWN STEP	2025-10-12T00:32:30.8898291Z Copying blob sha256:ed16142ac4dad0e1572a2a0c77b649a26afe399c0896736d93d23f0fe0b5533c
SSSD	UNKNOWN STEP	2025-10-12T00:32:30.8899510Z Copying blob sha256:cd3a1030dfc2cafd7e31ab9368392754e400507902a9078c664b7bfc006b4962
SSSD	UNKNOWN STEP	2025-10-12T00:32:30.8900551Z Copying blob sha256:d4455e145f6335ed7375837648cc24f8410c30be6717d806cc3007c6f1890b27
SSSD	UNKNOWN STEP	2025-10-12T00:32:30.8901740Z Copying blob sha256:df288e7d4fa7f38816415a9ff6e724d1f77d880931bff2c7fb328931ccf27461
SSSD	UNKNOWN STEP	2025-10-12T00:32:30.8902768Z Copying blob sha256:7f526d58e190bfab78ea3f7eaa246e8fd6a424aa5923cc6360d26dda0f2395f9
SSSD	UNKNOWN STEP	2025-10-12T00:32:31.0039443Z Copying blob sha256:efc9ef14cfbf1993755c4bac136794fa9cb503728082a2bd85aec894464ad9de
SSSD	UNKNOWN STEP	2025-10-12T00:32:31.1511555Z Copying blob sha256:6eada4bf1b928b25dc8b08817e4834e1c82966d3eac824e403885c3b818e365c
SSSD	UNKNOWN STEP	2025-10-12T00:32:31.1597492Z Copying blob sha256:ac2c741e888f6adfaf5a9be0bced105e4763ab11642a813750e8d43efb299b30
SSSD	UNKNOWN STEP	2025-10-12T00:32:31.1763854Z Copying blob sha256:5f826e046bb633ba3a4993a6118ec64c2732e611ff6e3aafc39554d1afbfa291
SSSD	UNKNOWN STEP	2025-10-12T00:32:31.1938577Z Copying blob sha256:4174a09cf510250ecaad314533aba16415249ae161444244f7e53db5bb15ee62
SSSD	UNKNOWN STEP	2025-10-12T00:32:31.2415460Z Copying blob sha256:0c1e1b46650eeb71ff05395927db1d10cf5f794805ab9e283b846ff711e87acb
SSSD	UNKNOWN STEP	2025-10-12T00:32:31.2576532Z Copying blob sha256:98df5dd191491e2d3df385ac9b09f4356c47d92ba52d3594c3524d666e0c5ac0
SSSD	UNKNOWN STEP	2025-10-12T00:32:31.2825291Z Copying blob sha256:e71ed79adb2c810e945e082557eaf23f800b9c476f8d20966ac0f19e05bdcdf1
SSSD	UNKNOWN STEP	2025-10-12T00:32:31.3415118Z Copying blob sha256:3c5391caf856148738c238ccade601cd2811145ad330f556dc0eb93401fcc0df
SSSD	UNKNOWN STEP	2025-10-12T00:32:31.4138344Z Copying blob sha256:ddbdb9e5e13d922a8f2f9f7eaa3d882e236007752b8780692c8c3442fdaad236
SSSD	UNKNOWN STEP	2025-10-12T00:32:31.4194820Z Copying blob sha256:eb293c7d09969af31a95e424d455cc9a6d0ebd44e0bce40f2430b1c7be3e058a
SSSD	UNKNOWN STEP	2025-10-12T00:32:31.4378400Z Copying blob sha256:fb74ff1754dc1bfa4b01f279c4bbe509233013bb325f4e920b542758dbb084ca
SSSD	UNKNOWN STEP	2025-10-12T00:32:31.4602498Z Copying blob sha256:2ce5732b9fdc03ca39010688197d1eca863f89654d01fcdd2c3903cee76388fa
SSSD	UNKNOWN STEP	2025-10-12T00:32:31.5145321Z Copying blob sha256:8f9df08d1347544f51b95b3a283b80aa4c5483742842af7d854c02453df68c49
SSSD	UNKNOWN STEP	2025-10-12T00:32:31.5220660Z Copying blob sha256:e97023b93e87efa9f9c15720effe0499b7befff40adcf120f54b974cc855373a
SSSD	UNKNOWN STEP	2025-10-12T00:32:31.5648169Z Copying blob sha256:57f78e84060efd1a58ef1c7ea44084413ee1ca63a345ecaf5d22ce1d2476a07d
SSSD	UNKNOWN STEP	2025-10-12T00:32:31.6067410Z Copying blob sha256:56316d4925472abc6779c8fd40c7581921b90fb9a3526e3e4a27933f8e908fd8
SSSD	UNKNOWN STEP	2025-10-12T00:32:31.6215278Z Copying blob sha256:afe24419da988210f91d95118ec1f7fae8fb156ba7eef4a3ad3fc9adfdffb9a2
SSSD	UNKNOWN STEP	2025-10-12T00:32:31.6466033Z Copying blob sha256:167479435683ae57df7a7285b9cc813de76c4fb740feca3b06d9239c191a747d
SSSD	UNKNOWN STEP	2025-10-12T00:32:31.6755997Z Copying blob sha256:e462606551e61829049ad4d195a15fc8581ab8a257a807bc0afd7ad92b6dd50b
SSSD	UNKNOWN STEP	2025-10-12T00:32:31.7161426Z Copying blob sha256:e0bb4843e65520afb17664b833bd4d1120132326d7dc5397297b867c0d6cafc7
SSSD	UNKNOWN STEP	2025-10-12T00:32:31.7288573Z Copying blob sha256:0c4641791d5c92092fff2040f624223bd9ff52ba110061269fe8ab892afb2cde
SSSD	UNKNOWN STEP	2025-10-12T00:32:31.7630009Z Copying blob sha256:07fc4a5ec8e6a0a19702afe44a5317601c21a9103bfac9bf6fe59a9841f8f05c
SSSD	UNKNOWN STEP	2025-10-12T00:32:31.7756435Z Copying blob sha256:18b4ffd007e0921d002b34ee18717fbe0a5fa6691060d7b89b2287102aafe80c
SSSD	UNKNOWN STEP	2025-10-12T00:32:31.8217981Z Copying blob sha256:4f1bdf42b18edc3a9c4523edc524d4ee29a8816eea9361764b4cc1cd2be59fc5
SSSD	UNKNOWN STEP	2025-10-12T00:32:31.8277459Z Copying blob sha256:94649455d94e225a5174bd25f2def0e00a34b3127acbd6463fad3dfcc7bfdc95
SSSD	UNKNOWN STEP	2025-10-12T00:32:31.8916239Z Copying blob sha256:d6fee4ecba487ec2f33c0fc1b2d0c7f02ec86129c676890898d935ea4d269122
SSSD	UNKNOWN STEP	2025-10-12T00:32:31.8950996Z Copying blob sha256:12f2500af331b3bb5619ab1acf3b5e6468c68eab967cc3dcef67d8f4056fcc0a
SSSD	UNKNOWN STEP	2025-10-12T00:32:31.9359443Z Copying blob sha256:bce9ec4d6acb53190806683069e96a3d59871e7eb61e7401b429be24ff7292a6
SSSD	UNKNOWN STEP	2025-10-12T00:32:31.9927235Z Copying blob sha256:2b62fa344abf0e6b5c8b7d8f01ffb457c89b7cc2bc06bfda32c47023786e152f
SSSD	UNKNOWN STEP	2025-10-12T00:32:32.0217696Z Copying blob sha256:9dace06383b9fe90496d73755f71df9e296d0c51c9d870b7ed2076f5bc86a539
SSSD	UNKNOWN STEP	2025-10-12T00:32:32.0275157Z Copying blob sha256:b2f7327b1a77b048b775dbbaba3e4b3edd52fc391a4d1e5ccfbc212dd9895308
SSSD	UNKNOWN STEP	2025-10-12T00:32:32.0394564Z Copying blob sha256:0be8ecbdb62e1cacc6710246fb5858a715220820178abebcac96581ca0578a84
SSSD	UNKNOWN STEP	2025-10-12T00:32:32.0909339Z Copying blob sha256:3dbe3e1f414770d4e88c520c5d4d4dfbbeb6373d77bb326cf46aa77981461cb3
SSSD	UNKNOWN STEP	2025-10-12T00:32:32.1417307Z Copying blob sha256:11fffd630a9c4110ac66d0d2fe5ab9a11f783b7827d6cd70ba244f4adf2f4473
SSSD	UNKNOWN STEP	2025-10-12T00:32:32.1720310Z Copying blob sha256:94dfc7fdcbb38deb44b107e72c643e1c4d6387ce8d077e6daf99f46a8d906423
SSSD	UNKNOWN STEP	2025-10-12T00:32:32.1764587Z Copying blob sha256:30c0d89ba3eb153415bdd7deeae7eb04daa90fcd01dd989e60c711517fb09732
SSSD	UNKNOWN STEP	2025-10-12T00:32:32.2559452Z Copying blob sha256:2409dd5c9e26703991d0cfa5e433fa47c927a69a14445ba57eadbb0c8312c201
SSSD	UNKNOWN STEP	2025-10-12T00:32:32.2806533Z Copying blob sha256:6cc107bb975c8f00c252c17bd4afddc6343c43e77da6f68e83d4db3f4d9c8354
SSSD	UNKNOWN STEP	2025-10-12T00:32:32.2855709Z Copying blob sha256:0717f92c7e69e5ac824f98c2afd442d890dbe59eb7d34b4ceb9e5060d2597fa0
SSSD	UNKNOWN STEP	2025-10-12T00:32:32.3044622Z Copying blob sha256:05e9cd094a183676dcdbebcc5fc17658f2eea0e4a5d3de900c4be777318b3723
SSSD	UNKNOWN STEP	2025-10-12T00:32:32.3664658Z Copying blob sha256:fbda8dd90bad1c1d17ce43d4d993c59b986a34af859a5929860e23f12e313569
SSSD	UNKNOWN STEP	2025-10-12T00:32:32.4280355Z Copying blob sha256:e2eabc4683da5d277d01804961b2b171fbfddaff6ff1c90bf94c3e77e3b19895
SSSD	UNKNOWN STEP	2025-10-12T00:32:42.4472555Z Copying config sha256:ddaed7ff9ce00a9e57f8a149ef9624a6cbfc82aab2bb0e5620fd8c1ba3dc32f8
SSSD	UNKNOWN STEP	2025-10-12T00:32:42.4495147Z Writing manifest to image destination
SSSD	UNKNOWN STEP	2025-10-12T00:32:42.7377810Z Container f9bc940c585a0d75da3943be3ec1be6706e70374f5d175ec955cf75eb12d7d2c started, waiting ipa-server configuration
SSSD	UNKNOWN STEP	2025-10-12T00:37:43.2861709Z The server is ready, performing tests
SSSD	UNKNOWN STEP	2025-10-12T00:37:43.3482055Z Executing federation-sssd-setup.sh to prepare SSSD and PAM
SSSD	UNKNOWN STEP	2025-10-12T00:37:43.5782861Z Adding users and groups for the test
SSSD	UNKNOWN STEP	2025-10-12T00:37:43.5851093Z Password for admin@EXAMPLE.TEST: 
SSSD	UNKNOWN STEP	2025-10-12T00:37:44.3078196Z -----------------------
SSSD	UNKNOWN STEP	2025-10-12T00:37:44.3080367Z Added group "testgroup"
SSSD	UNKNOWN STEP	2025-10-12T00:37:44.3080813Z -----------------------
SSSD	UNKNOWN STEP	2025-10-12T00:37:44.3081168Z   Group name: testgroup
SSSD	UNKNOWN STEP	2025-10-12T00:37:44.3081537Z   Description: test group
SSSD	UNKNOWN STEP	2025-10-12T00:37:44.3081789Z   GID: 60003
SSSD	UNKNOWN STEP	2025-10-12T00:37:45.2184695Z ------------------
SSSD	UNKNOWN STEP	2025-10-12T00:37:45.2185017Z Added user "emily"
SSSD	UNKNOWN STEP	2025-10-12T00:37:45.2185220Z ------------------
SSSD	UNKNOWN STEP	2025-10-12T00:37:45.2185423Z   User login: emily
SSSD	UNKNOWN STEP	2025-10-12T00:37:45.2185627Z   First name: Emily
SSSD	UNKNOWN STEP	2025-10-12T00:37:45.2185822Z   Last name: Jones
SSSD	UNKNOWN STEP	2025-10-12T00:37:45.2186021Z   Full name: Emily Jones
SSSD	UNKNOWN STEP	2025-10-12T00:37:45.2186268Z   Display name: Emily Jones
SSSD	UNKNOWN STEP	2025-10-12T00:37:45.2186497Z   Initials: EJ
SSSD	UNKNOWN STEP	2025-10-12T00:37:45.2186703Z   Home directory: /home/emily
SSSD	UNKNOWN STEP	2025-10-12T00:37:45.2187236Z   GECOS: Emily Jones
SSSD	UNKNOWN STEP	2025-10-12T00:37:45.2187449Z   Login shell: /bin/sh
SSSD	UNKNOWN STEP	2025-10-12T00:37:45.2187688Z   Principal name: emily@EXAMPLE.TEST
SSSD	UNKNOWN STEP	2025-10-12T00:37:45.2188455Z   Principal alias: emily@EXAMPLE.TEST
SSSD	UNKNOWN STEP	2025-10-12T00:37:45.2188881Z   User password expiration: 20251012003744Z
SSSD	UNKNOWN STEP	2025-10-12T00:37:45.2189299Z   Email address: Emily@jones.com
SSSD	UNKNOWN STEP	2025-10-12T00:37:45.2189733Z   Random password: 0Gf!XR5_I^gw{]bn6,)(z*
SSSD	UNKNOWN STEP	2025-10-12T00:37:45.2190143Z   UID: 60004
SSSD	UNKNOWN STEP	2025-10-12T00:37:45.2190421Z   GID: 60004
SSSD	UNKNOWN STEP	2025-10-12T00:37:45.2190694Z   Password: True
SSSD	UNKNOWN STEP	2025-10-12T00:37:45.2191036Z   Member of groups: ipausers
SSSD	UNKNOWN STEP	2025-10-12T00:37:45.2191283Z   Kerberos keys available: True
SSSD	UNKNOWN STEP	2025-10-12T00:37:45.9482406Z   Group name: testgroup
SSSD	UNKNOWN STEP	2025-10-12T00:37:45.9482876Z   Description: test group
SSSD	UNKNOWN STEP	2025-10-12T00:37:45.9483252Z   GID: 60003
SSSD	UNKNOWN STEP	2025-10-12T00:37:45.9483565Z   Member users: emily
SSSD	UNKNOWN STEP	2025-10-12T00:37:45.9484015Z -------------------------
SSSD	UNKNOWN STEP	2025-10-12T00:37:45.9484542Z Number of members added 1
SSSD	UNKNOWN STEP	2025-10-12T00:37:45.9484934Z -------------------------
SSSD	UNKNOWN STEP	2025-10-12T00:37:46.8015633Z -----------------
SSSD	UNKNOWN STEP	2025-10-12T00:37:46.8016074Z Added user "bart"
SSSD	UNKNOWN STEP	2025-10-12T00:37:46.8016323Z -----------------
SSSD	UNKNOWN STEP	2025-10-12T00:37:46.8016596Z   User login: bart
SSSD	UNKNOWN STEP	2025-10-12T00:37:46.8016812Z   First name: bart
SSSD	UNKNOWN STEP	2025-10-12T00:37:46.8017014Z   Last name: bart
SSSD	UNKNOWN STEP	2025-10-12T00:37:46.8017224Z   Full name: bart bart
SSSD	UNKNOWN STEP	2025-10-12T00:37:46.8017487Z   Display name: bart bart
SSSD	UNKNOWN STEP	2025-10-12T00:37:46.8017724Z   Initials: bb
SSSD	UNKNOWN STEP	2025-10-12T00:37:46.8017935Z   Home directory: /home/bart
SSSD	UNKNOWN STEP	2025-10-12T00:37:46.8018180Z   GECOS: bart bart
SSSD	UNKNOWN STEP	2025-10-12T00:37:46.8018393Z   Login shell: /bin/sh
SSSD	UNKNOWN STEP	2025-10-12T00:37:46.8018642Z   Principal name: bart@EXAMPLE.TEST
SSSD	UNKNOWN STEP	2025-10-12T00:37:46.8018940Z   Principal alias: bart@EXAMPLE.TEST
SSSD	UNKNOWN STEP	2025-10-12T00:37:46.8019239Z   User password expiration: 20251012003745Z
SSSD	UNKNOWN STEP	2025-10-12T00:37:46.8019545Z   Random password: 9Sv{/3jF)4ojP4A8}tcaBg
SSSD	UNKNOWN STEP	2025-10-12T00:37:46.8019819Z   UID: 60005
SSSD	UNKNOWN STEP	2025-10-12T00:37:46.8020007Z   GID: 60005
SSSD	UNKNOWN STEP	2025-10-12T00:37:46.8020197Z   Password: True
SSSD	UNKNOWN STEP	2025-10-12T00:37:46.8020426Z   Member of groups: ipausers
SSSD	UNKNOWN STEP	2025-10-12T00:37:46.8020683Z   Kerberos keys available: True
SSSD	UNKNOWN STEP	2025-10-12T00:37:47.6812215Z ------------------
SSSD	UNKNOWN STEP	2025-10-12T00:37:47.6812549Z Added user "david"
SSSD	UNKNOWN STEP	2025-10-12T00:37:47.6812758Z ------------------
SSSD	UNKNOWN STEP	2025-10-12T00:37:47.6812998Z   User login: david
SSSD	UNKNOWN STEP	2025-10-12T00:37:47.6813217Z   First name: david
SSSD	UNKNOWN STEP	2025-10-12T00:37:47.6813418Z   Last name: david
SSSD	UNKNOWN STEP	2025-10-12T00:37:47.6813622Z   Full name: david david
SSSD	UNKNOWN STEP	2025-10-12T00:37:47.6813868Z   Display name: david david
SSSD	UNKNOWN STEP	2025-10-12T00:37:47.6814108Z   Initials: dd
SSSD	UNKNOWN STEP	2025-10-12T00:37:47.6814525Z   Home directory: /home/david
SSSD	UNKNOWN STEP	2025-10-12T00:37:47.6814852Z   GECOS: david david
SSSD	UNKNOWN STEP	2025-10-12T00:37:47.6815065Z   Login shell: /bin/sh
SSSD	UNKNOWN STEP	2025-10-12T00:37:47.6815314Z   Principal name: david@EXAMPLE.TEST
SSSD	UNKNOWN STEP	2025-10-12T00:37:47.6815612Z   Principal alias: david@EXAMPLE.TEST
SSSD	UNKNOWN STEP	2025-10-12T00:37:47.6815910Z   User password expiration: 20251012003746Z
SSSD	UNKNOWN STEP	2025-10-12T00:37:47.6816201Z   Email address: david@example.test
SSSD	UNKNOWN STEP	2025-10-12T00:37:47.6816495Z   Random password: 4Ey|c$VU1h@+9/$X_{pCHJ
SSSD	UNKNOWN STEP	2025-10-12T00:37:47.6816761Z   UID: 60006
SSSD	UNKNOWN STEP	2025-10-12T00:37:47.6816943Z   GID: 60006
SSSD	UNKNOWN STEP	2025-10-12T00:37:47.6817130Z   Password: True
SSSD	UNKNOWN STEP	2025-10-12T00:37:47.6817347Z   Member of groups: ipausers
SSSD	UNKNOWN STEP	2025-10-12T00:37:47.6817602Z   Kerberos keys available: True
SSSD	UNKNOWN STEP	2025-10-12T00:37:48.1318824Z modifying entry "uid=emily,cn=users,cn=accounts,dc=example,dc=test"
SSSD	UNKNOWN STEP	2025-10-12T00:37:48.1319180Z 
SSSD	UNKNOWN STEP	2025-10-12T00:37:48.1319409Z modifying entry "uid=bart,cn=users,cn=accounts,dc=example,dc=test"
SSSD	UNKNOWN STEP	2025-10-12T00:37:48.1319849Z 
SSSD	UNKNOWN STEP	2025-10-12T00:37:48.1320160Z modifying entry "uid=david,cn=users,cn=accounts,dc=example,dc=test"
SSSD	UNKNOWN STEP	2025-10-12T00:37:48.1320623Z 
SSSD	UNKNOWN STEP	2025-10-12T00:37:48.1397105Z Password for admin@EXAMPLE.TEST: 
SSSD	UNKNOWN STEP	2025-10-12T00:37:48.8597472Z -----------------------------
SSSD	UNKNOWN STEP	2025-10-12T00:37:48.8597816Z Disabled user account "david"
SSSD	UNKNOWN STEP	2025-10-12T00:37:48.8598067Z -----------------------------
SSSD	UNKNOWN STEP	2025-10-12T00:37:48.9103994Z Installing jdk-21 in the container
SSSD	UNKNOWN STEP	2025-10-12T00:37:49.6817295Z Rocky Linux 9 - BaseOS                          4.1 MB/s | 2.5 MB     00:00    
SSSD	UNKNOWN STEP	2025-10-12T00:38:01.6584190Z Rocky Linux 9 - AppStream                       836 kB/s | 9.5 MB     00:11    
SSSD	UNKNOWN STEP	2025-10-12T00:38:01.6609523Z Errors during downloading metadata for repository 'appstream':
SSSD	UNKNOWN STEP	2025-10-12T00:38:01.6611320Z   - Status code: 404 for https://rocky-linux-northamerica-northeast1.production.gcp.mirrors.ctrliq.cloud/pub/rocky//9.6/AppStream/x86_64/os/repodata/160a783f-886f-4645-86b6-5c04d94522c9-MODULES.yaml.gz (IP: 34.49.186.154)
SSSD	UNKNOWN STEP	2025-10-12T00:38:01.6613558Z   - Status code: 404 for http://mirrors.upr.edu/rocky/9.6/AppStream/x86_64/os/repodata/160a783f-886f-4645-86b6-5c04d94522c9-MODULES.yaml.gz (IP: 136.145.244.40)
SSSD	UNKNOWN STEP	2025-10-12T00:38:01.6615252Z   - Status code: 404 for http://mirror.rnet.missouri.edu/rocky/9.6/AppStream/x86_64/os/repodata/306d9b18-239c-4c37-9b03-417fd21c87f3-PRIMARY.xml.gz (IP: 128.206.116.77)
SSSD	UNKNOWN STEP	2025-10-12T00:38:01.6616482Z   - Status code: 404 for http://mirror.cs.vt.edu/pub/rocky/9.6/AppStream/x86_64/os/repodata/160a783f-886f-4645-86b6-5c04d94522c9-FILELISTS.xml.gz (IP: 128.173.237.17)
SSSD	UNKNOWN STEP	2025-10-12T00:38:01.6617867Z   - Status code: 404 for https://rocky-linux-us-west4.production.gcp.mirrors.ctrliq.cloud/pub/rocky//9.6/AppStream/x86_64/os/repodata/160a783f-886f-4645-86b6-5c04d94522c9-MODULES.yaml.gz (IP: 35.186.229.59)
SSSD	UNKNOWN STEP	2025-10-12T00:38:01.6619237Z   - Status code: 404 for https://us.mirrors.cicku.me/rocky/9.6/AppStream/x86_64/os/repodata/306d9b18-239c-4c37-9b03-417fd21c87f3-PRIMARY.xml.gz (IP: 172.65.90.22)
SSSD	UNKNOWN STEP	2025-10-12T00:38:01.6620358Z   - Status code: 404 for http://mirrors.rit.edu/rocky/9.6/AppStream/x86_64/os/repodata/306d9b18-239c-4c37-9b03-417fd21c87f3-PRIMARY.xml.gz (IP: 129.21.171.72)
SSSD	UNKNOWN STEP	2025-10-12T00:38:01.6621668Z   - Status code: 404 for https://rocky-linux-us-east5.production.gcp.mirrors.ctrliq.cloud/pub/rocky//9.6/AppStream/x86_64/os/repodata/160a783f-886f-4645-86b6-5c04d94522c9-MODULES.yaml.gz (IP: 34.144.209.88)
SSSD	UNKNOWN STEP	2025-10-12T00:38:01.6623009Z   - Status code: 404 for http://distro.ibiblio.org/rocky/9.6/AppStream/x86_64/os/repodata/160a783f-886f-4645-86b6-5c04d94522c9-FILELISTS.xml.gz (IP: 152.19.134.43)
SSSD	UNKNOWN STEP	2025-10-12T00:38:01.6624096Z   - Status code: 404 for http://mirrors.egr.msu.edu/rockylinux/9.6/AppStream/x86_64/os/repodata/160a783f-886f-4645-86b6-5c04d94522c9-FILELISTS.xml.gz (IP: 35.9.37.146)
SSSD	UNKNOWN STEP	2025-10-12T00:38:01.6625358Z   - Status code: 404 for http://distro.ibiblio.org/rocky/9.6/AppStream/x86_64/os/repodata/160a783f-886f-4645-86b6-5c04d94522c9-MODULES.yaml.gz (IP: 152.19.134.43)
SSSD	UNKNOWN STEP	2025-10-12T00:38:01.6626327Z   - Status code: 404 for http://distro.ibiblio.org/rocky/9.6/AppStream/x86_64/os/repodata/306d9b18-239c-4c37-9b03-417fd21c87f3-PRIMARY.xml.gz (IP: 152.19.134.43)
SSSD	UNKNOWN STEP	2025-10-12T00:38:01.6627314Z   - Status code: 404 for http://mirror.rnet.missouri.edu/rocky/9.6/AppStream/x86_64/os/repodata/160a783f-886f-4645-86b6-5c04d94522c9-GROUPS.xml.gz (IP: 128.206.116.77)
SSSD	UNKNOWN STEP	2025-10-12T00:38:01.6628287Z   - Status code: 404 for http://distro.ibiblio.org/rocky/9.6/AppStream/x86_64/os/repodata/160a783f-886f-4645-86b6-5c04d94522c9-GROUPS.xml.gz (IP: 152.19.134.43)
SSSD	UNKNOWN STEP	2025-10-12T00:38:01.6629510Z   - Status code: 404 for https://rocky.mirror.shastacoe.net/rocky/9.6/AppStream/x86_64/os/repodata/160a783f-886f-4645-86b6-5c04d94522c9-GROUPS.xml.gz (IP: 66.244.16.51)
SSSD	UNKNOWN STEP	2025-10-12T00:38:01.6630539Z   - Status code: 404 for http://iad.mirror.rackspace.com/rocky/9.6/AppStream/x86_64/os/repodata/160a783f-886f-4645-86b6-5c04d94522c9-MODULES.yaml.gz (IP: 72.4.120.219)
SSSD	UNKNOWN STEP	2025-10-12T00:38:01.6631700Z   - Status code: 404 for https://rocky-linux-us-south1.production.gcp.mirrors.ctrliq.cloud/pub/rocky//9.6/AppStream/x86_64/os/repodata/160a783f-886f-4645-86b6-5c04d94522c9-MODULES.yaml.gz (IP: 34.36.6.112)
SSSD	UNKNOWN STEP	2025-10-12T00:38:01.6633050Z   - Status code: 404 for https://rocky-linux-us-west2.production.gcp.mirrors.ctrliq.cloud/pub/rocky//9.6/AppStream/x86_64/os/repodata/160a783f-886f-4645-86b6-5c04d94522c9-MODULES.yaml.gz (IP: 34.36.50.162)
SSSD	UNKNOWN STEP	2025-10-12T00:38:01.6634550Z   - Status code: 404 for http://mirror.cs.vt.edu/pub/rocky/9.6/AppStream/x86_64/os/repodata/160a783f-886f-4645-86b6-5c04d94522c9-GROUPS.xml.gz (IP: 128.173.237.17)
SSSD	UNKNOWN STEP	2025-10-12T00:38:01.6635594Z   - Status code: 404 for http://nyc.mirrors.clouvider.net/rocky/9.6/AppStream/x86_64/os/repodata/160a783f-886f-4645-86b6-5c04d94522c9-MODULES.yaml.gz (IP: 94.154.159.241)
SSSD	UNKNOWN STEP	2025-10-12T00:38:01.6636755Z   - Status code: 404 for https://rocky.mirror.shastacoe.net/rocky/9.6/AppStream/x86_64/os/repodata/160a783f-886f-4645-86b6-5c04d94522c9-FILELISTS.xml.gz (IP: 66.244.16.51)
SSSD	UNKNOWN STEP	2025-10-12T00:38:01.6637760Z   - Status code: 404 for https://us.mirrors.cicku.me/rocky/9.6/AppStream/x86_64/os/repodata/160a783f-886f-4645-86b6-5c04d94522c9-FILELISTS.xml.gz (IP: 172.65.90.22)
SSSD	UNKNOWN STEP	2025-10-12T00:38:01.6638747Z   - Status code: 404 for http://mirrors.egr.msu.edu/rockylinux/9.6/AppStream/x86_64/os/repodata/306d9b18-239c-4c37-9b03-417fd21c87f3-PRIMARY.xml.gz (IP: 35.9.37.146)
SSSD	UNKNOWN STEP	2025-10-12T00:38:01.6639768Z   - Status code: 404 for https://rocky.mirror.shastacoe.net/rocky/9.6/AppStream/x86_64/os/repodata/160a783f-886f-4645-86b6-5c04d94522c9-MODULES.yaml.gz (IP: 66.244.16.51)
SSSD	UNKNOWN STEP	2025-10-12T00:38:01.6640851Z   - Status code: 404 for https://pit.mirror.jurassicinnovations.com/rocky/9.6/AppStream/x86_64/os/repodata/160a783f-886f-4645-86b6-5c04d94522c9-MODULES.yaml.gz (IP: 193.30.34.70)
SSSD	UNKNOWN STEP	2025-10-12T00:38:01.6641920Z   - Status code: 404 for http://ash.mirrors.clouvider.net/rocky/9.6/AppStream/x86_64/os/repodata/160a783f-886f-4645-86b6-5c04d94522c9-MODULES.yaml.gz (IP: 45.250.25.130)
SSSD	UNKNOWN STEP	2025-10-12T00:38:01.6642955Z   - Status code: 404 for https://mirror.servaxnet.com/rocky-linux/9.6/AppStream/x86_64/os/repodata/160a783f-886f-4645-86b6-5c04d94522c9-MODULES.yaml.gz (IP: 162.255.226.75)
SSSD	UNKNOWN STEP	2025-10-12T00:38:01.6643989Z   - Status code: 404 for http://mirror.cogentco.com/pub/linux/rocky/9.6/AppStream/x86_64/os/repodata/160a783f-886f-4645-86b6-5c04d94522c9-MODULES.yaml.gz (IP: 204.157.3.70)
SSSD	UNKNOWN STEP	2025-10-12T00:38:01.6645643Z   - Status code: 404 for http://mirror.chpc.utah.edu/pub/rocky/9.6/AppStream/x86_64/os/repodata/160a783f-886f-4645-86b6-5c04d94522c9-MODULES.yaml.gz (IP: 204.99.128.20)
SSSD	UNKNOWN STEP	2025-10-12T00:38:01.6646618Z   - Status code: 404 for http://mirrors.rit.edu/rocky/9.6/AppStream/x86_64/os/repodata/160a783f-886f-4645-86b6-5c04d94522c9-MODULES.yaml.gz (IP: 129.21.171.72)
SSSD	UNKNOWN STEP	2025-10-12T00:38:01.6647575Z   - Status code: 404 for http://mirrors.egr.msu.edu/rockylinux/9.6/AppStream/x86_64/os/repodata/160a783f-886f-4645-86b6-5c04d94522c9-GROUPS.xml.gz (IP: 35.9.37.146)
SSSD	UNKNOWN STEP	2025-10-12T00:38:01.6648581Z   - Status code: 404 for https://plug-mirror.rcac.purdue.edu/rocky/9.6/AppStream/x86_64/os/repodata/160a783f-886f-4645-86b6-5c04d94522c9-GROUPS.xml.gz (IP: 128.211.151.251)
SSSD	UNKNOWN STEP	2025-10-12T00:38:01.6649605Z   - Status code: 404 for http://mirror.chpc.utah.edu/pub/rocky/9.6/AppStream/x86_64/os/repodata/160a783f-886f-4645-86b6-5c04d94522c9-FILELISTS.xml.gz (IP: 204.99.128.20)
SSSD	UNKNOWN STEP	2025-10-12T00:38:01.6650661Z   - Status code: 404 for https://mirror.cpsc.ucalgary.ca/mirror/rocky-linux/9.6/AppStream/x86_64/os/repodata/160a783f-886f-4645-86b6-5c04d94522c9-MODULES.yaml.gz (IP: 136.159.208.97)
SSSD	UNKNOWN STEP	2025-10-12T00:38:01.6651745Z   - Status code: 404 for https://plug-mirror.rcac.purdue.edu/rocky/9.6/AppStream/x86_64/os/repodata/160a783f-886f-4645-86b6-5c04d94522c9-MODULES.yaml.gz (IP: 128.211.151.251)
SSSD	UNKNOWN STEP	2025-10-12T00:38:01.6652755Z   - Status code: 404 for https://mirrors.iu13.net/rocky/9.6/AppStream/x86_64/os/repodata/160a783f-886f-4645-86b6-5c04d94522c9-MODULES.yaml.gz (IP: 206.82.17.213)
SSSD	UNKNOWN STEP	2025-10-12T00:38:01.6653725Z   - Status code: 404 for https://mirror.reenigne.net/rocky/9.6/AppStream/x86_64/os/repodata/160a783f-886f-4645-86b6-5c04d94522c9-MODULES.yaml.gz (IP: 172.83.105.10)
SSSD	UNKNOWN STEP	2025-10-12T00:38:01.6654834Z   - Status code: 404 for https://mirrors.cat.pdx.edu/rocky/9.6/AppStream/x86_64/os/repodata/160a783f-886f-4645-86b6-5c04d94522c9-MODULES.yaml.gz (IP: 131.252.208.20)
SSSD	UNKNOWN STEP	2025-10-12T00:38:01.6655982Z   - Status code: 404 for https://rocky-linux-us-west1.production.gcp.mirrors.ctrliq.cloud/pub/rocky//9.6/AppStream/x86_64/os/repodata/160a783f-886f-4645-86b6-5c04d94522c9-MODULES.yaml.gz (IP: 34.49.195.49)
SSSD	UNKNOWN STEP	2025-10-12T00:38:01.6657306Z   - Status code: 404 for http://mirror.rnet.missouri.edu/rocky/9.6/AppStream/x86_64/os/repodata/160a783f-886f-4645-86b6-5c04d94522c9-FILELISTS.xml.gz (IP: 128.206.116.77)
SSSD	UNKNOWN STEP	2025-10-12T00:38:01.6658573Z   - Status code: 404 for https://rocky-linux-us-east1.production.gcp.mirrors.ctrliq.cloud/pub/rocky//9.6/AppStream/x86_64/os/repodata/160a783f-886f-4645-86b6-5c04d94522c9-MODULES.yaml.gz (IP: 34.49.186.81)
SSSD	UNKNOWN STEP	2025-10-12T00:38:01.6659709Z   - Status code: 404 for http://mirror.cs.vt.edu/pub/rocky/9.6/AppStream/x86_64/os/repodata/306d9b18-239c-4c37-9b03-417fd21c87f3-PRIMARY.xml.gz (IP: 128.173.237.17)
SSSD	UNKNOWN STEP	2025-10-12T00:38:01.6660650Z   - Status code: 404 for https://mirror.dst.ca/rocky/9.6/AppStream/x86_64/os/repodata/160a783f-886f-4645-86b6-5c04d94522c9-MODULES.yaml.gz (IP: 208.89.84.55)
SSSD	UNKNOWN STEP	2025-10-12T00:38:01.6661570Z   - Status code: 404 for http://mirrors.rit.edu/rocky/9.6/AppStream/x86_64/os/repodata/160a783f-886f-4645-86b6-5c04d94522c9-GROUPS.xml.gz (IP: 129.21.171.72)
SSSD	UNKNOWN STEP	2025-10-12T00:38:01.6663054Z   - Status code: 404 for https://us.mirrors.cicku.me/rocky/9.6/AppStream/x86_64/os/repodata/160a783f-886f-4645-86b6-5c04d94522c9-MODULES.yaml.gz (IP: 172.65.90.22)
SSSD	UNKNOWN STEP	2025-10-12T00:38:01.6664214Z   - Status code: 404 for https://rocky-linux-us-west3.production.gcp.mirrors.ctrliq.cloud/pub/rocky//9.6/AppStream/x86_64/os/repodata/160a783f-886f-4645-86b6-5c04d94522c9-MODULES.yaml.gz (IP: 34.128.144.233)
SSSD	UNKNOWN STEP	2025-10-12T00:38:01.6665489Z   - Status code: 404 for http://mirror-mci.yuki.net.uk/rockylinux/9.6/AppStream/x86_64/os/repodata/160a783f-886f-4645-86b6-5c04d94522c9-MODULES.yaml.gz (IP: 160.20.142.103)
SSSD	UNKNOWN STEP	2025-10-12T00:38:01.6666648Z   - Status code: 404 for https://rocky-linux-us-east4.production.gcp.mirrors.ctrliq.cloud/pub/rocky//9.6/AppStream/x86_64/os/repodata/160a783f-886f-4645-86b6-5c04d94522c9-MODULES.yaml.gz (IP: 34.49.194.122)
SSSD	UNKNOWN STEP	2025-10-12T00:38:01.6667783Z   - Status code: 404 for http://mirror.cs.vt.edu/pub/rocky/9.6/AppStream/x86_64/os/repodata/160a783f-886f-4645-86b6-5c04d94522c9-MODULES.yaml.gz (IP: 128.173.237.17)
SSSD	UNKNOWN STEP	2025-10-12T00:38:01.6668745Z   - Status code: 404 for http://mirrors.vcea.wsu.edu/rocky/9.6/AppStream/x86_64/os/repodata/160a783f-886f-4645-86b6-5c04d94522c9-MODULES.yaml.gz (IP: 69.166.55.80)
SSSD	UNKNOWN STEP	2025-10-12T00:38:01.6669752Z   - Status code: 404 for https://plug-mirror.rcac.purdue.edu/rocky/9.6/AppStream/x86_64/os/repodata/306d9b18-239c-4c37-9b03-417fd21c87f3-PRIMARY.xml.gz (IP: 128.211.151.251)
SSSD	UNKNOWN STEP	2025-10-12T00:38:01.6670765Z   - Status code: 404 for http://mirrors.egr.msu.edu/rockylinux/9.6/AppStream/x86_64/os/repodata/160a783f-886f-4645-86b6-5c04d94522c9-MODULES.yaml.gz (IP: 35.9.37.146)
SSSD	UNKNOWN STEP	2025-10-12T00:38:01.6671937Z   - Status code: 404 for https://mirror.web-ster.com/rocky/9.6/AppStream/x86_64/os/repodata/160a783f-886f-4645-86b6-5c04d94522c9-MODULES.yaml.gz (IP: 65.182.224.39)
SSSD	UNKNOWN STEP	2025-10-12T00:38:01.6672909Z   - Status code: 404 for https://mirror.0xem.ma/rockylinux/9.6/AppStream/x86_64/os/repodata/160a783f-886f-4645-86b6-5c04d94522c9-MODULES.yaml.gz (IP: 69.156.120.108)
SSSD	UNKNOWN STEP	2025-10-12T00:38:01.6673906Z   - Status code: 404 for http://mirror.rnet.missouri.edu/rocky/9.6/AppStream/x86_64/os/repodata/160a783f-886f-4645-86b6-5c04d94522c9-MODULES.yaml.gz (IP: 128.206.116.77)
SSSD	UNKNOWN STEP	2025-10-12T00:38:01.6675019Z   - Status code: 404 for https://dl.rockylinux.org/pub/rocky/9.6/AppStream/x86_64/os/repodata/160a783f-886f-4645-86b6-5c04d94522c9-MODULES.yaml.gz (IP: 151.101.202.132)
SSSD	UNKNOWN STEP	2025-10-12T00:38:01.6676228Z   - Status code: 404 for https://rocky.mirror.shastacoe.net/rocky/9.6/AppStream/x86_64/os/repodata/306d9b18-239c-4c37-9b03-417fd21c87f3-PRIMARY.xml.gz (IP: 66.244.16.51)
SSSD	UNKNOWN STEP	2025-10-12T00:38:01.6677962Z   - Status code: 404 for http://mirror.siena.edu/rocky/9.6/AppStream/x86_64/os/repodata/160a783f-886f-4645-86b6-5c04d94522c9-MODULES.yaml.gz (IP: 199.223.246.113)
SSSD	UNKNOWN STEP	2025-10-12T00:38:01.6678942Z   - Status code: 404 for http://mirrors.sonic.net/rocky/9.6/AppStream/x86_64/os/repodata/160a783f-886f-4645-86b6-5c04d94522c9-MODULES.yaml.gz (IP: 157.131.224.201)
SSSD	UNKNOWN STEP	2025-10-12T00:38:01.6680139Z   - Status code: 404 for https://plug-mirror.rcac.purdue.edu/rocky/9.6/AppStream/x86_64/os/repodata/160a783f-886f-4645-86b6-5c04d94522c9-FILELISTS.xml.gz (IP: 128.211.151.251)
SSSD	UNKNOWN STEP	2025-10-12T00:38:01.6681166Z   - Status code: 404 for http://mirror.chpc.utah.edu/pub/rocky/9.6/AppStream/x86_64/os/repodata/160a783f-886f-4645-86b6-5c04d94522c9-GROUPS.xml.gz (IP: 204.99.128.20)
SSSD	UNKNOWN STEP	2025-10-12T00:38:01.6682304Z   - Status code: 404 for http://mirror.chpc.utah.edu/pub/rocky/9.6/AppStream/x86_64/os/repodata/306d9b18-239c-4c37-9b03-417fd21c87f3-PRIMARY.xml.gz (IP: 204.99.128.20)
SSSD	UNKNOWN STEP	2025-10-12T00:38:01.6683264Z   - Status code: 404 for http://mirrors.rit.edu/rocky/9.6/AppStream/x86_64/os/repodata/160a783f-886f-4645-86b6-5c04d94522c9-FILELISTS.xml.gz (IP: 129.21.171.72)
SSSD	UNKNOWN STEP	2025-10-12T00:38:01.6684497Z   - Status code: 404 for https://us.mirrors.cicku.me/rocky/9.6/AppStream/x86_64/os/repodata/160a783f-886f-4645-86b6-5c04d94522c9-GROUPS.xml.gz (IP: 172.65.90.22)
SSSD	UNKNOWN STEP	2025-10-12T00:38:01.6685688Z   - Status code: 404 for https://rocky-linux-us-central1.production.gcp.mirrors.ctrliq.cloud/pub/rocky//9.6/AppStream/x86_64/os/repodata/160a783f-886f-4645-86b6-5c04d94522c9-MODULES.yaml.gz (IP: 34.49.215.167)
SSSD	UNKNOWN STEP	2025-10-12T00:38:01.6687095Z   - Status code: 404 for https://rocky-linux-northamerica-northeast2.production.gcp.mirrors.ctrliq.cloud/pub/rocky//9.6/AppStream/x86_64/os/repodata/160a783f-886f-4645-86b6-5c04d94522c9-MODULES.yaml.gz (IP: 34.49.213.234)
SSSD	UNKNOWN STEP	2025-10-12T00:38:01.6688554Z Error: Failed to download metadata for repo 'appstream': Yum repo downloading error: Downloading error(s): repodata/160a783f-886f-4645-86b6-5c04d94522c9-MODULES.yaml.gz - Cannot download, all mirrors were already tried without success
SSSD	UNKNOWN STEP	2025-10-12T00:38:01.6866891Z Building quarkus keyclok server with SSSD integration
SSSD	UNKNOWN STEP	2025-10-12T00:38:02.3398402Z The JAVA_HOME environment variable is not defined correctly,
SSSD	UNKNOWN STEP	2025-10-12T00:38:02.3399362Z this environment variable is needed to run this program.
SSSD	UNKNOWN STEP	2025-10-12T00:38:02.3400109Z Executing SSSD tests
SSSD	UNKNOWN STEP	2025-10-12T00:38:02.3907495Z The JAVA_HOME environment variable is not defined correctly,
SSSD	UNKNOWN STEP	2025-10-12T00:38:02.3908271Z this environment variable is needed to run this program.
SSSD	UNKNOWN STEP	2025-10-12T00:38:04.2148001Z f9bc940c585a0d75da3943be3ec1be6706e70374f5d175ec955cf75eb12d7d2c
SSSD	UNKNOWN STEP	2025-10-12T00:38:04.2169426Z Tests executed with result: 1
SSSD	UNKNOWN STEP	2025-10-12T00:38:04.2190521Z ##[error]Process completed with exit code 1.
SSSD	UNKNOWN STEP	2025-10-12T00:38:04.2302193Z Post job cleanup.
SSSD	UNKNOWN STEP	2025-10-12T00:38:04.2367306Z Post job cleanup.
SSSD	UNKNOWN STEP	2025-10-12T00:38:04.4080964Z Post job cleanup.
SSSD	UNKNOWN STEP	2025-10-12T00:38:04.5134873Z [command]/usr/bin/git version
SSSD	UNKNOWN STEP	2025-10-12T00:38:04.5173740Z git version 2.51.0
SSSD	UNKNOWN STEP	2025-10-12T00:38:04.5211199Z Temporarily overriding HOME='/home/runner/work/_temp/fdcda65d-6971-40cd-9311-dab6fbc73c41' before making global git config changes
SSSD	UNKNOWN STEP	2025-10-12T00:38:04.5212519Z Adding repository directory to the temporary git global config as a safe directory
SSSD	UNKNOWN STEP	2025-10-12T00:38:04.5217328Z [command]/usr/bin/git config --global --add safe.directory /home/runner/work/keycloak/keycloak
SSSD	UNKNOWN STEP	2025-10-12T00:38:04.5253774Z [command]/usr/bin/git config --local --name-only --get-regexp core\.sshCommand
SSSD	UNKNOWN STEP	2025-10-12T00:38:04.5287347Z [command]/usr/bin/git submodule foreach --recursive sh -c "git config --local --name-only --get-regexp 'core\.sshCommand' && git config --local --unset-all 'core.sshCommand' || :"
SSSD	UNKNOWN STEP	2025-10-12T00:38:04.5540179Z [command]/usr/bin/git config --local --name-only --get-regexp http\.https\:\/\/github\.com\/\.extraheader
SSSD	UNKNOWN STEP	2025-10-12T00:38:04.5562746Z http.https://github.com/.extraheader
SSSD	UNKNOWN STEP	2025-10-12T00:38:04.5573141Z [command]/usr/bin/git config --local --unset-all http.https://github.com/.extraheader
SSSD	UNKNOWN STEP	2025-10-12T00:38:04.5605011Z [command]/usr/bin/git submodule foreach --recursive sh -c "git config --local --name-only --get-regexp 'http\.https\:\/\/github\.com\/\.extraheader' && git config --local --unset-all 'http.https://github.com/.extraheader' || :"
SSSD	UNKNOWN STEP	2025-10-12T00:38:04.5953969Z Cleaning up orphan processes
SSSD	UNKNOWN STEP	2025-10-12T00:38:04.6290386Z Terminate orphan process: pid (2190) (catatonit)
Status Check - Keycloak CI	UNKNOWN STEP	ï»¿2025-10-12T01:40:18.0416894Z Current runner version: '2.328.0'
Status Check - Keycloak CI	UNKNOWN STEP	2025-10-12T01:40:18.0452236Z ##[group]Runner Image Provisioner
Status Check - Keycloak CI	UNKNOWN STEP	2025-10-12T01:40:18.0453296Z Hosted Compute Agent
Status Check - Keycloak CI	UNKNOWN STEP	2025-10-12T01:40:18.0454329Z Version: 20250912.392
Status Check - Keycloak CI	UNKNOWN STEP	2025-10-12T01:40:18.0455243Z Commit: d921fda672a98b64f4f82364647e2f10b2267d0b
Status Check - Keycloak CI	UNKNOWN STEP	2025-10-12T01:40:18.0456323Z Build Date: 2025-09-12T15:23:14Z
Status Check - Keycloak CI	UNKNOWN STEP	2025-10-12T01:40:18.0457359Z ##[endgroup]
Status Check - Keycloak CI	UNKNOWN STEP	2025-10-12T01:40:18.0458201Z ##[group]Operating System
Status Check - Keycloak CI	UNKNOWN STEP	2025-10-12T01:40:18.0459068Z Ubuntu
Status Check - Keycloak CI	UNKNOWN STEP	2025-10-12T01:40:18.0459831Z 24.04.3
Status Check - Keycloak CI	UNKNOWN STEP	2025-10-12T01:40:18.0460580Z LTS
Status Check - Keycloak CI	UNKNOWN STEP	2025-10-12T01:40:18.0461546Z ##[endgroup]
Status Check - Keycloak CI	UNKNOWN STEP	2025-10-12T01:40:18.0462441Z ##[group]Runner Image
Status Check - Keycloak CI	UNKNOWN STEP	2025-10-12T01:40:18.0463216Z Image: ubuntu-24.04
Status Check - Keycloak CI	UNKNOWN STEP	2025-10-12T01:40:18.0464119Z Version: 20250929.60.1
Status Check - Keycloak CI	UNKNOWN STEP	2025-10-12T01:40:18.0465900Z Included Software: https://github.com/actions/runner-images/blob/ubuntu24/20250929.60/images/ubuntu/Ubuntu2404-Readme.md
Status Check - Keycloak CI	UNKNOWN STEP	2025-10-12T01:40:18.0468407Z Image Release: https://github.com/actions/runner-images/releases/tag/ubuntu24%2F20250929.60
Status Check - Keycloak CI	UNKNOWN STEP	2025-10-12T01:40:18.0470068Z ##[endgroup]
Status Check - Keycloak CI	UNKNOWN STEP	2025-10-12T01:40:18.0471878Z ##[group]GITHUB_TOKEN Permissions
Status Check - Keycloak CI	UNKNOWN STEP	2025-10-12T01:40:18.0474367Z Contents: read
Status Check - Keycloak CI	UNKNOWN STEP	2025-10-12T01:40:18.0475217Z Metadata: read
Status Check - Keycloak CI	UNKNOWN STEP	2025-10-12T01:40:18.0475924Z ##[endgroup]
Status Check - Keycloak CI	UNKNOWN STEP	2025-10-12T01:40:18.0479321Z Secret source: Actions
Status Check - Keycloak CI	UNKNOWN STEP	2025-10-12T01:40:18.0480315Z Prepare workflow directory
Status Check - Keycloak CI	UNKNOWN STEP	2025-10-12T01:40:18.1047565Z Prepare all required actions
Status Check - Keycloak CI	UNKNOWN STEP	2025-10-12T01:40:18.1103206Z Getting action download info
Status Check - Keycloak CI	UNKNOWN STEP	2025-10-12T01:40:18.3713466Z Download action repository 'actions/checkout@08c6903cd8c0fde910a37f88322edcfb5dd907a8' (SHA:08c6903cd8c0fde910a37f88322edcfb5dd907a8)
Status Check - Keycloak CI	UNKNOWN STEP	2025-10-12T01:40:18.6292126Z Complete job name: Status Check - Keycloak CI
Status Check - Keycloak CI	UNKNOWN STEP	2025-10-12T01:40:18.7053954Z ##[group]Run actions/checkout@08c6903cd8c0fde910a37f88322edcfb5dd907a8
Status Check - Keycloak CI	UNKNOWN STEP	2025-10-12T01:40:18.7054975Z with:
Status Check - Keycloak CI	UNKNOWN STEP	2025-10-12T01:40:18.7055360Z   repository: keycloak/keycloak
Status Check - Keycloak CI	UNKNOWN STEP	2025-10-12T01:40:18.7055971Z   token: ***
Status Check - Keycloak CI	UNKNOWN STEP	2025-10-12T01:40:18.7056337Z   ssh-strict: true
Status Check - Keycloak CI	UNKNOWN STEP	2025-10-12T01:40:18.7056717Z   ssh-user: git
Status Check - Keycloak CI	UNKNOWN STEP	2025-10-12T01:40:18.7057129Z   persist-credentials: true
Status Check - Keycloak CI	UNKNOWN STEP	2025-10-12T01:40:18.7057572Z   clean: true
Status Check - Keycloak CI	UNKNOWN STEP	2025-10-12T01:40:18.7057967Z   sparse-checkout-cone-mode: true
Status Check - Keycloak CI	UNKNOWN STEP	2025-10-12T01:40:18.7058427Z   fetch-depth: 1
Status Check - Keycloak CI	UNKNOWN STEP	2025-10-12T01:40:18.7058802Z   fetch-tags: false
Status Check - Keycloak CI	UNKNOWN STEP	2025-10-12T01:40:18.7059191Z   show-progress: true
Status Check - Keycloak CI	UNKNOWN STEP	2025-10-12T01:40:18.7059578Z   lfs: false
Status Check - Keycloak CI	UNKNOWN STEP	2025-10-12T01:40:18.7059923Z   submodules: false
Status Check - Keycloak CI	UNKNOWN STEP	2025-10-12T01:40:18.7060314Z   set-safe-directory: true
Status Check - Keycloak CI	UNKNOWN STEP	2025-10-12T01:40:18.7061086Z env:
Status Check - Keycloak CI	UNKNOWN STEP	2025-10-12T01:40:18.7061644Z   MAVEN_ARGS: -B -nsu -Daether.connector.http.connectionMaxTtl=25
Status Check - Keycloak CI	UNKNOWN STEP	2025-10-12T01:40:18.7062304Z   SUREFIRE_RERUN_FAILING_COUNT: 2
Status Check - Keycloak CI	UNKNOWN STEP	2025-10-12T01:40:18.7062900Z   SUREFIRE_RETRY: -Dsurefire.rerunFailingTestsCount=2
Status Check - Keycloak CI	UNKNOWN STEP	2025-10-12T01:40:18.7063462Z ##[endgroup]
Status Check - Keycloak CI	UNKNOWN STEP	2025-10-12T01:40:18.7979071Z Syncing repository: keycloak/keycloak
Status Check - Keycloak CI	UNKNOWN STEP	2025-10-12T01:40:18.7980803Z ##[group]Getting Git version info
Status Check - Keycloak CI	UNKNOWN STEP	2025-10-12T01:40:18.7981897Z Working directory is '/home/runner/work/keycloak/keycloak'
Status Check - Keycloak CI	UNKNOWN STEP	2025-10-12T01:40:18.7982908Z [command]/usr/bin/git version
Status Check - Keycloak CI	UNKNOWN STEP	2025-10-12T01:40:18.8068491Z git version 2.51.0
Status Check - Keycloak CI	UNKNOWN STEP	2025-10-12T01:40:18.8090273Z ##[endgroup]
Status Check - Keycloak CI	UNKNOWN STEP	2025-10-12T01:40:18.8105455Z Temporarily overriding HOME='/home/runner/work/_temp/f045ee92-78f7-48e4-862c-d2557d67e663' before making global git config changes
Status Check - Keycloak CI	UNKNOWN STEP	2025-10-12T01:40:18.8110313Z Adding repository directory to the temporary git global config as a safe directory
Status Check - Keycloak CI	UNKNOWN STEP	2025-10-12T01:40:18.8112095Z [command]/usr/bin/git config --global --add safe.directory /home/runner/work/keycloak/keycloak
Status Check - Keycloak CI	UNKNOWN STEP	2025-10-12T01:40:18.8149114Z Deleting the contents of '/home/runner/work/keycloak/keycloak'
Status Check - Keycloak CI	UNKNOWN STEP	2025-10-12T01:40:18.8153229Z ##[group]Initializing the repository
Status Check - Keycloak CI	UNKNOWN STEP	2025-10-12T01:40:18.8157390Z [command]/usr/bin/git init /home/runner/work/keycloak/keycloak
Status Check - Keycloak CI	UNKNOWN STEP	2025-10-12T01:40:18.8286448Z hint: Using 'master' as the name for the initial branch. This default branch name
Status Check - Keycloak CI	UNKNOWN STEP	2025-10-12T01:40:18.8288150Z hint: is subject to change. To configure the initial branch name to use in all
Status Check - Keycloak CI	UNKNOWN STEP	2025-10-12T01:40:18.8289429Z hint: of your new repositories, which will suppress this warning, call:
Status Check - Keycloak CI	UNKNOWN STEP	2025-10-12T01:40:18.8290874Z hint:
Status Check - Keycloak CI	UNKNOWN STEP	2025-10-12T01:40:18.8292111Z hint: 	git config --global init.defaultBranch <name>
Status Check - Keycloak CI	UNKNOWN STEP	2025-10-12T01:40:18.8292925Z hint:
Status Check - Keycloak CI	UNKNOWN STEP	2025-10-12T01:40:18.8294119Z hint: Names commonly chosen instead of 'master' are 'main', 'trunk' and
Status Check - Keycloak CI	UNKNOWN STEP	2025-10-12T01:40:18.8296379Z hint: 'development'. The just-created branch can be renamed via this command:
Status Check - Keycloak CI	UNKNOWN STEP	2025-10-12T01:40:18.8297994Z hint:
Status Check - Keycloak CI	UNKNOWN STEP	2025-10-12T01:40:18.8298584Z hint: 	git branch -m <name>
Status Check - Keycloak CI	UNKNOWN STEP	2025-10-12T01:40:18.8299101Z hint:
Status Check - Keycloak CI	UNKNOWN STEP	2025-10-12T01:40:18.8299742Z hint: Disable this message with "git config set advice.defaultBranchName false"
Status Check - Keycloak CI	UNKNOWN STEP	2025-10-12T01:40:18.8301459Z Initialized empty Git repository in /home/runner/work/keycloak/keycloak/.git/
Status Check - Keycloak CI	UNKNOWN STEP	2025-10-12T01:40:18.8303464Z [command]/usr/bin/git remote add origin https://github.com/keycloak/keycloak
Status Check - Keycloak CI	UNKNOWN STEP	2025-10-12T01:40:18.8340593Z ##[endgroup]
Status Check - Keycloak CI	UNKNOWN STEP	2025-10-12T01:40:18.8341522Z ##[group]Disabling automatic garbage collection
Status Check - Keycloak CI	UNKNOWN STEP	2025-10-12T01:40:18.8344113Z [command]/usr/bin/git config --local gc.auto 0
Status Check - Keycloak CI	UNKNOWN STEP	2025-10-12T01:40:18.8371126Z ##[endgroup]
Status Check - Keycloak CI	UNKNOWN STEP	2025-10-12T01:40:18.8371889Z ##[group]Setting up auth
Status Check - Keycloak CI	UNKNOWN STEP	2025-10-12T01:40:18.8377506Z [command]/usr/bin/git config --local --name-only --get-regexp core\.sshCommand
Status Check - Keycloak CI	UNKNOWN STEP	2025-10-12T01:40:18.8408734Z [command]/usr/bin/git submodule foreach --recursive sh -c "git config --local --name-only --get-regexp 'core\.sshCommand' && git config --local --unset-all 'core.sshCommand' || :"
Status Check - Keycloak CI	UNKNOWN STEP	2025-10-12T01:40:18.8801973Z [command]/usr/bin/git config --local --name-only --get-regexp http\.https\:\/\/github\.com\/\.extraheader
Status Check - Keycloak CI	UNKNOWN STEP	2025-10-12T01:40:18.8832977Z [command]/usr/bin/git submodule foreach --recursive sh -c "git config --local --name-only --get-regexp 'http\.https\:\/\/github\.com\/\.extraheader' && git config --local --unset-all 'http.https://github.com/.extraheader' || :"
Status Check - Keycloak CI	UNKNOWN STEP	2025-10-12T01:40:18.9062822Z [command]/usr/bin/git config --local http.https://github.com/.extraheader AUTHORIZATION: basic ***
Status Check - Keycloak CI	UNKNOWN STEP	2025-10-12T01:40:18.9104780Z ##[endgroup]
Status Check - Keycloak CI	UNKNOWN STEP	2025-10-12T01:40:18.9113887Z ##[group]Fetching the repository
Status Check - Keycloak CI	UNKNOWN STEP	2025-10-12T01:40:18.9115539Z [command]/usr/bin/git -c protocol.version=2 fetch --no-tags --prune --no-recurse-submodules --depth=1 origin +5c132b34da3308da541cc98d2e478c38bc573d1c:refs/remotes/origin/main
Status Check - Keycloak CI	UNKNOWN STEP	2025-10-12T01:40:21.7127721Z From https://github.com/keycloak/keycloak
Status Check - Keycloak CI	UNKNOWN STEP	2025-10-12T01:40:21.7130051Z  * [new ref]         5c132b34da3308da541cc98d2e478c38bc573d1c -> origin/main
Status Check - Keycloak CI	UNKNOWN STEP	2025-10-12T01:40:21.7164553Z ##[endgroup]
Status Check - Keycloak CI	UNKNOWN STEP	2025-10-12T01:40:21.7165835Z ##[group]Determining the checkout info
Status Check - Keycloak CI	UNKNOWN STEP	2025-10-12T01:40:21.7168744Z ##[endgroup]
Status Check - Keycloak CI	UNKNOWN STEP	2025-10-12T01:40:21.7173253Z [command]/usr/bin/git sparse-checkout disable
Status Check - Keycloak CI	UNKNOWN STEP	2025-10-12T01:40:21.7219771Z [command]/usr/bin/git config --local --unset-all extensions.worktreeConfig
Status Check - Keycloak CI	UNKNOWN STEP	2025-10-12T01:40:21.7247872Z ##[group]Checking out the ref
Status Check - Keycloak CI	UNKNOWN STEP	2025-10-12T01:40:21.7253215Z [command]/usr/bin/git checkout --progress --force -B main refs/remotes/origin/main
Status Check - Keycloak CI	UNKNOWN STEP	2025-10-12T01:40:22.5400662Z Switched to a new branch 'main'
Status Check - Keycloak CI	UNKNOWN STEP	2025-10-12T01:40:22.5402048Z branch 'main' set up to track 'origin/main'.
Status Check - Keycloak CI	UNKNOWN STEP	2025-10-12T01:40:22.5436421Z ##[endgroup]
Status Check - Keycloak CI	UNKNOWN STEP	2025-10-12T01:40:22.5479241Z [command]/usr/bin/git log -1 --format=%H
Status Check - Keycloak CI	UNKNOWN STEP	2025-10-12T01:40:22.5502706Z 5c132b34da3308da541cc98d2e478c38bc573d1c
Status Check - Keycloak CI	UNKNOWN STEP	2025-10-12T01:40:22.5749450Z Prepare all required actions
Status Check - Keycloak CI	UNKNOWN STEP	2025-10-12T01:40:22.5820611Z ##[group]Run ./.github/actions/status-check
Status Check - Keycloak CI	UNKNOWN STEP	2025-10-12T01:40:22.5821107Z with:
Status Check - Keycloak CI	UNKNOWN STEP	2025-10-12T01:40:22.5825646Z   jobs: {
Status Check - Keycloak CI	UNKNOWN STEP	  "conditional": {
Status Check - Keycloak CI	UNKNOWN STEP	    "result": "success",
Status Check - Keycloak CI	UNKNOWN STEP	    "outputs": {
Status Check - Keycloak CI	UNKNOWN STEP	      "ci-webauthn": "true",
Status Check - Keycloak CI	UNKNOWN STEP	      "ci-aurora": "true",
Status Check - Keycloak CI	UNKNOWN STEP	      "ci-compatibility-matrix": "skip",
Status Check - Keycloak CI	UNKNOWN STEP	      "ci-additional-dbs": "true",
Status Check - Keycloak CI	UNKNOWN STEP	      "ci": "true",
Status Check - Keycloak CI	UNKNOWN STEP	      "ci-quarkus": "true",
Status Check - Keycloak CI	UNKNOWN STEP	      "ci-store": "true",
Status Check - Keycloak CI	UNKNOWN STEP	      "ci-sssd": "true"
Status Check - Keycloak CI	UNKNOWN STEP	    }
Status Check - Keycloak CI	UNKNOWN STEP	  },
Status Check - Keycloak CI	UNKNOWN STEP	  "build": {
Status Check - Keycloak CI	UNKNOWN STEP	    "result": "success",
Status Check - Keycloak CI	UNKNOWN STEP	    "outputs": {}
Status Check - Keycloak CI	UNKNOWN STEP	  },
Status Check - Keycloak CI	UNKNOWN STEP	  "unit-tests": {
Status Check - Keycloak CI	UNKNOWN STEP	    "result": "success",
Status Check - Keycloak CI	UNKNOWN STEP	    "outputs": {}
Status Check - Keycloak CI	UNKNOWN STEP	  },
Status Check - Keycloak CI	UNKNOWN STEP	  "base-integration-tests": {
Status Check - Keycloak CI	UNKNOWN STEP	    "result": "success",
Status Check - Keycloak CI	UNKNOWN STEP	    "outputs": {}
Status Check - Keycloak CI	UNKNOWN STEP	  },
Status Check - Keycloak CI	UNKNOWN STEP	  "adapter-integration-tests": {
Status Check - Keycloak CI	UNKNOWN STEP	    "result": "success",
Status Check - Keycloak CI	UNKNOWN STEP	    "outputs": {}
Status Check - Keycloak CI	UNKNOWN STEP	  },
Status Check - Keycloak CI	UNKNOWN STEP	  "adapter-integration-tests-strict-cookies": {
Status Check - Keycloak CI	UNKNOWN STEP	    "result": "success",
Status Check - Keycloak CI	UNKNOWN STEP	    "outputs": {}
Status Check - Keycloak CI	UNKNOWN STEP	  },
Status Check - Keycloak CI	UNKNOWN STEP	  "quarkus-unit-tests": {
Status Check - Keycloak CI	UNKNOWN STEP	    "result": "success",
Status Check - Keycloak CI	UNKNOWN STEP	    "outputs": {}
Status Check - Keycloak CI	UNKNOWN STEP	  },
Status Check - Keycloak CI	UNKNOWN STEP	  "quarkus-integration-tests": {
Status Check - Keycloak CI	UNKNOWN STEP	    "result": "success",
Status Check - Keycloak CI	UNKNOWN STEP	    "outputs": {}
Status Check - Keycloak CI	UNKNOWN STEP	  },
Status Check - Keycloak CI	UNKNOWN STEP	  "jdk-integration-tests": {
Status Check - Keycloak CI	UNKNOWN STEP	    "result": "success",
Status Check - Keycloak CI	UNKNOWN STEP	    "outputs": {}
Status Check - Keycloak CI	UNKNOWN STEP	  },
Status Check - Keycloak CI	UNKNOWN STEP	  "store-integration-tests": {
Status Check - Keycloak CI	UNKNOWN STEP	    "result": "success",
Status Check - Keycloak CI	UNKNOWN STEP	    "outputs": {}
Status Check - Keycloak CI	UNKNOWN STEP	  },
Status Check - Keycloak CI	UNKNOWN STEP	  "volatile-sessions-tests": {
Status Check - Keycloak CI	UNKNOWN STEP	    "result": "success",
Status Check - Keycloak CI	UNKNOWN STEP	    "outputs": {}
Status Check - Keycloak CI	UNKNOWN STEP	  },
Status Check - Keycloak CI	UNKNOWN STEP	  "store-model-tests": {
Status Check - Keycloak CI	UNKNOWN STEP	    "result": "success",
Status Check - Keycloak CI	UNKNOWN STEP	    "outputs": {}
Status Check - Keycloak CI	UNKNOWN STEP	  },
Status Check - Keycloak CI	UNKNOWN STEP	  "clustering-integration-tests": {
Status Check - Keycloak CI	UNKNOWN STEP	    "result": "success",
Status Check - Keycloak CI	UNKNOWN STEP	    "outputs": {}
Status Check - Keycloak CI	UNKNOWN STEP	  },
Status Check - Keycloak CI	UNKNOWN STEP	  "fips-unit-tests": {
Status Check - Keycloak CI	UNKNOWN STEP	    "result": "success",
Status Check - Keycloak CI	UNKNOWN STEP	    "outputs": {}
Status Check - Keycloak CI	UNKNOWN STEP	  },
Status Check - Keycloak CI	UNKNOWN STEP	  "fips-integration-tests": {
Status Check - Keycloak CI	UNKNOWN STEP	    "result": "success",
Status Check - Keycloak CI	UNKNOWN STEP	    "outputs": {}
Status Check - Keycloak CI	UNKNOWN STEP	  },
Status Check - Keycloak CI	UNKNOWN STEP	  "forms-integration-tests": {
Status Check - Keycloak CI	UNKNOWN STEP	    "result": "success",
Status Check - Keycloak CI	UNKNOWN STEP	    "outputs": {}
Status Check - Keycloak CI	UNKNOWN STEP	  },
Status Check - Keycloak CI	UNKNOWN STEP	  "webauthn-integration-tests": {
Status Check - Keycloak CI	UNKNOWN STEP	    "result": "success",
Status Check - Keycloak CI	UNKNOWN STEP	    "outputs": {}
Status Check - Keycloak CI	UNKNOWN STEP	  },
Status Check - Keycloak CI	UNKNOWN STEP	  "sssd-unit-tests": {
Status Check - Keycloak CI	UNKNOWN STEP	    "result": "failure",
Status Check - Keycloak CI	UNKNOWN STEP	    "outputs": {}
Status Check - Keycloak CI	UNKNOWN STEP	  },
Status Check - Keycloak CI	UNKNOWN STEP	  "migration-tests": {
Status Check - Keycloak CI	UNKNOWN STEP	    "result": "success",
Status Check - Keycloak CI	UNKNOWN STEP	    "outputs": {}
Status Check - Keycloak CI	UNKNOWN STEP	  },
Status Check - Keycloak CI	UNKNOWN STEP	  "external-infinispan-tests": {
Status Check - Keycloak CI	UNKNOWN STEP	    "result": "success",
Status Check - Keycloak CI	UNKNOWN STEP	    "outputs": {}
Status Check - Keycloak CI	UNKNOWN STEP	  },
Status Check - Keycloak CI	UNKNOWN STEP	  "test-framework": {
Status Check - Keycloak CI	UNKNOWN STEP	    "result": "success",
Status Check - Keycloak CI	UNKNOWN STEP	    "outputs": {}
Status Check - Keycloak CI	UNKNOWN STEP	  },
Status Check - Keycloak CI	UNKNOWN STEP	  "base-new-integration-tests": {
Status Check - Keycloak CI	UNKNOWN STEP	    "result": "success",
Status Check - Keycloak CI	UNKNOWN STEP	    "outputs": {}
Status Check - Keycloak CI	UNKNOWN STEP	  },
Status Check - Keycloak CI	UNKNOWN STEP	  "mixed-cluster-compatibility-tests": {
Status Check - Keycloak CI	UNKNOWN STEP	    "result": "skipped",
Status Check - Keycloak CI	UNKNOWN STEP	    "outputs": {}
Status Check - Keycloak CI	UNKNOWN STEP	  }
Status Check - Keycloak CI	UNKNOWN STEP	}
Status Check - Keycloak CI	UNKNOWN STEP	2025-10-12T01:40:22.5830474Z env:
Status Check - Keycloak CI	UNKNOWN STEP	2025-10-12T01:40:22.5830780Z   MAVEN_ARGS: -B -nsu -Daether.connector.http.connectionMaxTtl=25
Status Check - Keycloak CI	UNKNOWN STEP	2025-10-12T01:40:22.5831352Z   SUREFIRE_RERUN_FAILING_COUNT: 2
Status Check - Keycloak CI	UNKNOWN STEP	2025-10-12T01:40:22.5831680Z   SUREFIRE_RETRY: -Dsurefire.rerunFailingTestsCount=2
Status Check - Keycloak CI	UNKNOWN STEP	2025-10-12T01:40:22.5832004Z ##[endgroup]
Status Check - Keycloak CI	UNKNOWN STEP	2025-10-12T01:40:22.5929534Z ##[group]Run JOBS='{
Status Check - Keycloak CI	UNKNOWN STEP	2025-10-12T01:40:22.5929924Z [36;1mJOBS='{[0m
Status Check - Keycloak CI	UNKNOWN STEP	2025-10-12T01:40:22.5930155Z [36;1m  "conditional": {[0m
Status Check - Keycloak CI	UNKNOWN STEP	2025-10-12T01:40:22.5930429Z [36;1m    "result": "success",[0m
Status Check - Keycloak CI	UNKNOWN STEP	2025-10-12T01:40:22.5930699Z [36;1m    "outputs": {[0m
Status Check - Keycloak CI	UNKNOWN STEP	2025-10-12T01:40:22.5931129Z [36;1m      "ci-webauthn": "true",[0m
Status Check - Keycloak CI	UNKNOWN STEP	2025-10-12T01:40:22.5931450Z [36;1m      "ci-aurora": "true",[0m
Status Check - Keycloak CI	UNKNOWN STEP	2025-10-12T01:40:22.5931812Z [36;1m      "ci-compatibility-matrix": "skip",[0m
Status Check - Keycloak CI	UNKNOWN STEP	2025-10-12T01:40:22.5932145Z [36;1m      "ci-additional-dbs": "true",[0m
Status Check - Keycloak CI	UNKNOWN STEP	2025-10-12T01:40:22.5932432Z [36;1m      "ci": "true",[0m
Status Check - Keycloak CI	UNKNOWN STEP	2025-10-12T01:40:22.5932686Z [36;1m      "ci-quarkus": "true",[0m
Status Check - Keycloak CI	UNKNOWN STEP	2025-10-12T01:40:22.5932950Z [36;1m      "ci-store": "true",[0m
Status Check - Keycloak CI	UNKNOWN STEP	2025-10-12T01:40:22.5933219Z [36;1m      "ci-sssd": "true"[0m
Status Check - Keycloak CI	UNKNOWN STEP	2025-10-12T01:40:22.5933463Z [36;1m    }[0m
Status Check - Keycloak CI	UNKNOWN STEP	2025-10-12T01:40:22.5933682Z [36;1m  },[0m
Status Check - Keycloak CI	UNKNOWN STEP	2025-10-12T01:40:22.5933891Z [36;1m  "build": {[0m
Status Check - Keycloak CI	UNKNOWN STEP	2025-10-12T01:40:22.5934128Z [36;1m    "result": "success",[0m
Status Check - Keycloak CI	UNKNOWN STEP	2025-10-12T01:40:22.5934390Z [36;1m    "outputs": {}[0m
Status Check - Keycloak CI	UNKNOWN STEP	2025-10-12T01:40:22.5934631Z [36;1m  },[0m
Status Check - Keycloak CI	UNKNOWN STEP	2025-10-12T01:40:22.5934840Z [36;1m  "unit-tests": {[0m
Status Check - Keycloak CI	UNKNOWN STEP	2025-10-12T01:40:22.5935091Z [36;1m    "result": "success",[0m
Status Check - Keycloak CI	UNKNOWN STEP	2025-10-12T01:40:22.5935347Z [36;1m    "outputs": {}[0m
Status Check - Keycloak CI	UNKNOWN STEP	2025-10-12T01:40:22.5935570Z [36;1m  },[0m
Status Check - Keycloak CI	UNKNOWN STEP	2025-10-12T01:40:22.5935802Z [36;1m  "base-integration-tests": {[0m
Status Check - Keycloak CI	UNKNOWN STEP	2025-10-12T01:40:22.5936081Z [36;1m    "result": "success",[0m
Status Check - Keycloak CI	UNKNOWN STEP	2025-10-12T01:40:22.5936335Z [36;1m    "outputs": {}[0m
Status Check - Keycloak CI	UNKNOWN STEP	2025-10-12T01:40:22.5936778Z [36;1m  },[0m
Status Check - Keycloak CI	UNKNOWN STEP	2025-10-12T01:40:22.5937029Z [36;1m  "adapter-integration-tests": {[0m
Status Check - Keycloak CI	UNKNOWN STEP	2025-10-12T01:40:22.5937314Z [36;1m    "result": "success",[0m
Status Check - Keycloak CI	UNKNOWN STEP	2025-10-12T01:40:22.5937570Z [36;1m    "outputs": {}[0m
Status Check - Keycloak CI	UNKNOWN STEP	2025-10-12T01:40:22.5937803Z [36;1m  },[0m
Status Check - Keycloak CI	UNKNOWN STEP	2025-10-12T01:40:22.5938080Z [36;1m  "adapter-integration-tests-strict-cookies": {[0m
Status Check - Keycloak CI	UNKNOWN STEP	2025-10-12T01:40:22.5938422Z [36;1m    "result": "success",[0m
Status Check - Keycloak CI	UNKNOWN STEP	2025-10-12T01:40:22.5938677Z [36;1m    "outputs": {}[0m
Status Check - Keycloak CI	UNKNOWN STEP	2025-10-12T01:40:22.5938911Z [36;1m  },[0m
Status Check - Keycloak CI	UNKNOWN STEP	2025-10-12T01:40:22.5939125Z [36;1m  "quarkus-unit-tests": {[0m
Status Check - Keycloak CI	UNKNOWN STEP	2025-10-12T01:40:22.5939393Z [36;1m    "result": "success",[0m
Status Check - Keycloak CI	UNKNOWN STEP	2025-10-12T01:40:22.5939635Z [36;1m    "outputs": {}[0m
Status Check - Keycloak CI	UNKNOWN STEP	2025-10-12T01:40:22.5939858Z [36;1m  },[0m
Status Check - Keycloak CI	UNKNOWN STEP	2025-10-12T01:40:22.5940087Z [36;1m  "quarkus-integration-tests": {[0m
Status Check - Keycloak CI	UNKNOWN STEP	2025-10-12T01:40:22.5940509Z [36;1m    "result": "success",[0m
Status Check - Keycloak CI	UNKNOWN STEP	2025-10-12T01:40:22.5940757Z [36;1m    "outputs": {}[0m
Status Check - Keycloak CI	UNKNOWN STEP	2025-10-12T01:40:22.5941099Z [36;1m  },[0m
Status Check - Keycloak CI	UNKNOWN STEP	2025-10-12T01:40:22.5941334Z [36;1m  "jdk-integration-tests": {[0m
Status Check - Keycloak CI	UNKNOWN STEP	2025-10-12T01:40:22.5941606Z [36;1m    "result": "success",[0m
Status Check - Keycloak CI	UNKNOWN STEP	2025-10-12T01:40:22.5941853Z [36;1m    "outputs": {}[0m
Status Check - Keycloak CI	UNKNOWN STEP	2025-10-12T01:40:22.5942072Z [36;1m  },[0m
Status Check - Keycloak CI	UNKNOWN STEP	2025-10-12T01:40:22.5942296Z [36;1m  "store-integration-tests": {[0m
Status Check - Keycloak CI	UNKNOWN STEP	2025-10-12T01:40:22.5942567Z [36;1m    "result": "success",[0m
Status Check - Keycloak CI	UNKNOWN STEP	2025-10-12T01:40:22.5942814Z [36;1m    "outputs": {}[0m
Status Check - Keycloak CI	UNKNOWN STEP	2025-10-12T01:40:22.5943040Z [36;1m  },[0m
Status Check - Keycloak CI	UNKNOWN STEP	2025-10-12T01:40:22.5943324Z [36;1m  "volatile-sessions-tests": {[0m
Status Check - Keycloak CI	UNKNOWN STEP	2025-10-12T01:40:22.5943605Z [36;1m    "result": "success",[0m
Status Check - Keycloak CI	UNKNOWN STEP	2025-10-12T01:40:22.5943874Z [36;1m    "outputs": {}[0m
Status Check - Keycloak CI	UNKNOWN STEP	2025-10-12T01:40:22.5944107Z [36;1m  },[0m
Status Check - Keycloak CI	UNKNOWN STEP	2025-10-12T01:40:22.5944322Z [36;1m  "store-model-tests": {[0m
Status Check - Keycloak CI	UNKNOWN STEP	2025-10-12T01:40:22.5944572Z [36;1m    "result": "success",[0m
Status Check - Keycloak CI	UNKNOWN STEP	2025-10-12T01:40:22.5944832Z [36;1m    "outputs": {}[0m
Status Check - Keycloak CI	UNKNOWN STEP	2025-10-12T01:40:22.5945050Z [36;1m  },[0m
Status Check - Keycloak CI	UNKNOWN STEP	2025-10-12T01:40:22.5945285Z [36;1m  "clustering-integration-tests": {[0m
Status Check - Keycloak CI	UNKNOWN STEP	2025-10-12T01:40:22.5945578Z [36;1m    "result": "success",[0m
Status Check - Keycloak CI	UNKNOWN STEP	2025-10-12T01:40:22.5945827Z [36;1m    "outputs": {}[0m
Status Check - Keycloak CI	UNKNOWN STEP	2025-10-12T01:40:22.5946040Z [36;1m  },[0m
Status Check - Keycloak CI	UNKNOWN STEP	2025-10-12T01:40:22.5946255Z [36;1m  "fips-unit-tests": {[0m
Status Check - Keycloak CI	UNKNOWN STEP	2025-10-12T01:40:22.5946509Z [36;1m    "result": "success",[0m
Status Check - Keycloak CI	UNKNOWN STEP	2025-10-12T01:40:22.5946749Z [36;1m    "outputs": {}[0m
Status Check - Keycloak CI	UNKNOWN STEP	2025-10-12T01:40:22.5946973Z [36;1m  },[0m
Status Check - Keycloak CI	UNKNOWN STEP	2025-10-12T01:40:22.5947192Z [36;1m  "fips-integration-tests": {[0m
Status Check - Keycloak CI	UNKNOWN STEP	2025-10-12T01:40:22.5947474Z [36;1m    "result": "success",[0m
Status Check - Keycloak CI	UNKNOWN STEP	2025-10-12T01:40:22.5947722Z [36;1m    "outputs": {}[0m
Status Check - Keycloak CI	UNKNOWN STEP	2025-10-12T01:40:22.5947951Z [36;1m  },[0m
Status Check - Keycloak CI	UNKNOWN STEP	2025-10-12T01:40:22.5948171Z [36;1m  "forms-integration-tests": {[0m
Status Check - Keycloak CI	UNKNOWN STEP	2025-10-12T01:40:22.5948449Z [36;1m    "result": "success",[0m
Status Check - Keycloak CI	UNKNOWN STEP	2025-10-12T01:40:22.5948700Z [36;1m    "outputs": {}[0m
Status Check - Keycloak CI	UNKNOWN STEP	2025-10-12T01:40:22.5948969Z [36;1m  },[0m
Status Check - Keycloak CI	UNKNOWN STEP	2025-10-12T01:40:22.5949201Z [36;1m  "webauthn-integration-tests": {[0m
Status Check - Keycloak CI	UNKNOWN STEP	2025-10-12T01:40:22.5949479Z [36;1m    "result": "success",[0m
Status Check - Keycloak CI	UNKNOWN STEP	2025-10-12T01:40:22.5949736Z [36;1m    "outputs": {}[0m
Status Check - Keycloak CI	UNKNOWN STEP	2025-10-12T01:40:22.5949957Z [36;1m  },[0m
Status Check - Keycloak CI	UNKNOWN STEP	2025-10-12T01:40:22.5950167Z [36;1m  "sssd-unit-tests": {[0m
Status Check - Keycloak CI	UNKNOWN STEP	2025-10-12T01:40:22.5950417Z [36;1m    "result": "failure",[0m
Status Check - Keycloak CI	UNKNOWN STEP	2025-10-12T01:40:22.5950667Z [36;1m    "outputs": {}[0m
Status Check - Keycloak CI	UNKNOWN STEP	2025-10-12T01:40:22.5951048Z [36;1m  },[0m
Status Check - Keycloak CI	UNKNOWN STEP	2025-10-12T01:40:22.5951259Z [36;1m  "migration-tests": {[0m
Status Check - Keycloak CI	UNKNOWN STEP	2025-10-12T01:40:22.5951518Z [36;1m    "result": "success",[0m
Status Check - Keycloak CI	UNKNOWN STEP	2025-10-12T01:40:22.5951759Z [36;1m    "outputs": {}[0m
Status Check - Keycloak CI	UNKNOWN STEP	2025-10-12T01:40:22.5951985Z [36;1m  },[0m
Status Check - Keycloak CI	UNKNOWN STEP	2025-10-12T01:40:22.5952207Z [36;1m  "external-infinispan-tests": {[0m
Status Check - Keycloak CI	UNKNOWN STEP	2025-10-12T01:40:22.5952487Z [36;1m    "result": "success",[0m
Status Check - Keycloak CI	UNKNOWN STEP	2025-10-12T01:40:22.5952729Z [36;1m    "outputs": {}[0m
Status Check - Keycloak CI	UNKNOWN STEP	2025-10-12T01:40:22.5952950Z [36;1m  },[0m
Status Check - Keycloak CI	UNKNOWN STEP	2025-10-12T01:40:22.5953161Z [36;1m  "test-framework": {[0m
Status Check - Keycloak CI	UNKNOWN STEP	2025-10-12T01:40:22.5953416Z [36;1m    "result": "success",[0m
Status Check - Keycloak CI	UNKNOWN STEP	2025-10-12T01:40:22.5953662Z [36;1m    "outputs": {}[0m
Status Check - Keycloak CI	UNKNOWN STEP	2025-10-12T01:40:22.5953889Z [36;1m  },[0m
Status Check - Keycloak CI	UNKNOWN STEP	2025-10-12T01:40:22.5954267Z [36;1m  "base-new-integration-tests": {[0m
Status Check - Keycloak CI	UNKNOWN STEP	2025-10-12T01:40:22.5954553Z [36;1m    "result": "success",[0m
Status Check - Keycloak CI	UNKNOWN STEP	2025-10-12T01:40:22.5954805Z [36;1m    "outputs": {}[0m
Status Check - Keycloak CI	UNKNOWN STEP	2025-10-12T01:40:22.5955022Z [36;1m  },[0m
Status Check - Keycloak CI	UNKNOWN STEP	2025-10-12T01:40:22.5955265Z [36;1m  "mixed-cluster-compatibility-tests": {[0m
Status Check - Keycloak CI	UNKNOWN STEP	2025-10-12T01:40:22.5955569Z [36;1m    "result": "skipped",[0m
Status Check - Keycloak CI	UNKNOWN STEP	2025-10-12T01:40:22.5955820Z [36;1m    "outputs": {}[0m
Status Check - Keycloak CI	UNKNOWN STEP	2025-10-12T01:40:22.5956041Z [36;1m  }[0m
Status Check - Keycloak CI	UNKNOWN STEP	2025-10-12T01:40:22.5956230Z [36;1m}'[0m
Status Check - Keycloak CI	UNKNOWN STEP	2025-10-12T01:40:22.5956444Z [36;1m[0m
Status Check - Keycloak CI	UNKNOWN STEP	2025-10-12T01:40:22.5956647Z [36;1mecho "Job status:"[0m
Status Check - Keycloak CI	UNKNOWN STEP	2025-10-12T01:40:22.5956981Z [36;1mecho $JOBS | jq -r 'to_entries[] | " - \(.key): \(.value.result)"'[0m
Status Check - Keycloak CI	UNKNOWN STEP	2025-10-12T01:40:22.5957318Z [36;1m[0m
Status Check - Keycloak CI	UNKNOWN STEP	2025-10-12T01:40:22.5957594Z [36;1mfor i in $(echo $JOBS | jq -r 'to_entries[] | .value.result'); do[0m
Status Check - Keycloak CI	UNKNOWN STEP	2025-10-12T01:40:22.5958117Z [36;1m  if [ "$i" != "success" ] && [ "$i" != "skipped" ]; then[0m
Status Check - Keycloak CI	UNKNOWN STEP	2025-10-12T01:40:22.5958428Z [36;1m    echo ""[0m
Status Check - Keycloak CI	UNKNOWN STEP	2025-10-12T01:40:22.5958667Z [36;1m    echo "Status check not okay!"[0m
Status Check - Keycloak CI	UNKNOWN STEP	2025-10-12T01:40:22.5958936Z [36;1m    exit 1[0m
Status Check - Keycloak CI	UNKNOWN STEP	2025-10-12T01:40:22.5959146Z [36;1m  fi[0m
Status Check - Keycloak CI	UNKNOWN STEP	2025-10-12T01:40:22.5959337Z [36;1mdone[0m
Status Check - Keycloak CI	UNKNOWN STEP	2025-10-12T01:40:22.5997661Z shell: /usr/bin/bash --noprofile --norc -e -o pipefail {0}
Status Check - Keycloak CI	UNKNOWN STEP	2025-10-12T01:40:22.5998057Z env:
Status Check - Keycloak CI	UNKNOWN STEP	2025-10-12T01:40:22.5998364Z   MAVEN_ARGS: -B -nsu -Daether.connector.http.connectionMaxTtl=25
Status Check - Keycloak CI	UNKNOWN STEP	2025-10-12T01:40:22.5998746Z   SUREFIRE_RERUN_FAILING_COUNT: 2
Status Check - Keycloak CI	UNKNOWN STEP	2025-10-12T01:40:22.5999072Z   SUREFIRE_RETRY: -Dsurefire.rerunFailingTestsCount=2
Status Check - Keycloak CI	UNKNOWN STEP	2025-10-12T01:40:22.5999396Z ##[endgroup]
Status Check - Keycloak CI	UNKNOWN STEP	2025-10-12T01:40:22.6075364Z Job status:
Status Check - Keycloak CI	UNKNOWN STEP	2025-10-12T01:40:22.6126478Z  - conditional: success
Status Check - Keycloak CI	UNKNOWN STEP	2025-10-12T01:40:22.6126995Z  - build: success
Status Check - Keycloak CI	UNKNOWN STEP	2025-10-12T01:40:22.6127362Z  - unit-tests: success
Status Check - Keycloak CI	UNKNOWN STEP	2025-10-12T01:40:22.6127687Z  - base-integration-tests: success
Status Check - Keycloak CI	UNKNOWN STEP	2025-10-12T01:40:22.6128026Z  - adapter-integration-tests: success
Status Check - Keycloak CI	UNKNOWN STEP	2025-10-12T01:40:22.6128425Z  - adapter-integration-tests-strict-cookies: success
Status Check - Keycloak CI	UNKNOWN STEP	2025-10-12T01:40:22.6128824Z  - quarkus-unit-tests: success
Status Check - Keycloak CI	UNKNOWN STEP	2025-10-12T01:40:22.6129333Z  - quarkus-integration-tests: success
Status Check - Keycloak CI	UNKNOWN STEP	2025-10-12T01:40:22.6129774Z  - jdk-integration-tests: success
Status Check - Keycloak CI	UNKNOWN STEP	2025-10-12T01:40:22.6130306Z  - store-integration-tests: success
Status Check - Keycloak CI	UNKNOWN STEP	2025-10-12T01:40:22.6130631Z  - volatile-sessions-tests: success
Status Check - Keycloak CI	UNKNOWN STEP	2025-10-12T01:40:22.6131144Z  - store-model-tests: success
Status Check - Keycloak CI	UNKNOWN STEP	2025-10-12T01:40:22.6131506Z  - clustering-integration-tests: success
Status Check - Keycloak CI	UNKNOWN STEP	2025-10-12T01:40:22.6131846Z  - fips-unit-tests: success
Status Check - Keycloak CI	UNKNOWN STEP	2025-10-12T01:40:22.6132138Z  - fips-integration-tests: success
Status Check - Keycloak CI	UNKNOWN STEP	2025-10-12T01:40:22.6132458Z  - forms-integration-tests: success
Status Check - Keycloak CI	UNKNOWN STEP	2025-10-12T01:40:22.6132780Z  - webauthn-integration-tests: success
Status Check - Keycloak CI	UNKNOWN STEP	2025-10-12T01:40:22.6133104Z  - sssd-unit-tests: failure
Status Check - Keycloak CI	UNKNOWN STEP	2025-10-12T01:40:22.6133416Z  - migration-tests: success
Status Check - Keycloak CI	UNKNOWN STEP	2025-10-12T01:40:22.6133945Z  - external-infinispan-tests: success
Status Check - Keycloak CI	UNKNOWN STEP	2025-10-12T01:40:22.6134473Z  - test-framework: success
Status Check - Keycloak CI	UNKNOWN STEP	2025-10-12T01:40:22.6134944Z  - base-new-integration-tests: success
Status Check - Keycloak CI	UNKNOWN STEP	2025-10-12T01:40:22.6135538Z  - mixed-cluster-compatibility-tests: skipped
Status Check - Keycloak CI	UNKNOWN STEP	2025-10-12T01:40:22.6163217Z 
Status Check - Keycloak CI	UNKNOWN STEP	2025-10-12T01:40:22.6163857Z Status check not okay!
Status Check - Keycloak CI	UNKNOWN STEP	2025-10-12T01:40:22.6177232Z ##[error]Process completed with exit code 1.
Status Check - Keycloak CI	UNKNOWN STEP	2025-10-12T01:40:22.6291094Z Post job cleanup.
Status Check - Keycloak CI	UNKNOWN STEP	2025-10-12T01:40:22.7091601Z [command]/usr/bin/git version
Status Check - Keycloak CI	UNKNOWN STEP	2025-10-12T01:40:22.7128572Z git version 2.51.0
Status Check - Keycloak CI	UNKNOWN STEP	2025-10-12T01:40:22.7166159Z Temporarily overriding HOME='/home/runner/work/_temp/8f8b3c32-ac43-452a-80bb-28a7265b9431' before making global git config changes
Status Check - Keycloak CI	UNKNOWN STEP	2025-10-12T01:40:22.7171158Z Adding repository directory to the temporary git global config as a safe directory
Status Check - Keycloak CI	UNKNOWN STEP	2025-10-12T01:40:22.7172376Z [command]/usr/bin/git config --global --add safe.directory /home/runner/work/keycloak/keycloak
Status Check - Keycloak CI	UNKNOWN STEP	2025-10-12T01:40:22.7208158Z [command]/usr/bin/git config --local --name-only --get-regexp core\.sshCommand
Status Check - Keycloak CI	UNKNOWN STEP	2025-10-12T01:40:22.7240052Z [command]/usr/bin/git submodule foreach --recursive sh -c "git config --local --name-only --get-regexp 'core\.sshCommand' && git config --local --unset-all 'core.sshCommand' || :"
Status Check - Keycloak CI	UNKNOWN STEP	2025-10-12T01:40:22.7491074Z [command]/usr/bin/git config --local --name-only --get-regexp http\.https\:\/\/github\.com\/\.extraheader
Status Check - Keycloak CI	UNKNOWN STEP	2025-10-12T01:40:22.7516712Z http.https://github.com/.extraheader
Status Check - Keycloak CI	UNKNOWN STEP	2025-10-12T01:40:22.7528551Z [command]/usr/bin/git config --local --unset-all http.https://github.com/.extraheader
Status Check - Keycloak CI	UNKNOWN STEP	2025-10-12T01:40:22.7563635Z [command]/usr/bin/git submodule foreach --recursive sh -c "git config --local --name-only --get-regexp 'http\.https\:\/\/github\.com\/\.extraheader' && git config --local --unset-all 'http.https://github.com/.extraheader' || :"
Status Check - Keycloak CI	UNKNOWN STEP	2025-10-12T01:40:22.7929044Z Cleaning up orphan processes
