Admin UI E2E (1, firefox)	Run Cypress	2024-10-28T00:25:48.5984275Z ##[group]Run cypress-io/github-action@v6
Admin UI E2E (1, firefox)	Run Cypress	2024-10-28T00:25:48.5984640Z with:
Admin UI E2E (1, firefox)	Run Cypress	2024-10-28T00:25:48.5984849Z   install: false
Admin UI E2E (1, firefox)	Run Cypress	2024-10-28T00:25:48.5985088Z   browser: firefox
Admin UI E2E (1, firefox)	Run Cypress	2024-10-28T00:25:48.5985355Z   wait-on: http://localhost:8080
Admin UI E2E (1, firefox)	Run Cypress	2024-10-28T00:25:48.5985691Z   working-directory: js/apps/admin-ui
Admin UI E2E (1, firefox)	Run Cypress	2024-10-28T00:25:48.5986014Z   record: false
Admin UI E2E (1, firefox)	Run Cypress	2024-10-28T00:25:48.5986461Z   publish-summary: true
Admin UI E2E (1, firefox)	Run Cypress	2024-10-28T00:25:48.5986728Z   component: false
Admin UI E2E (1, firefox)	Run Cypress	2024-10-28T00:25:48.5986956Z env:
Admin UI E2E (1, firefox)	Run Cypress	2024-10-28T00:25:48.5987297Z   MAVEN_ARGS: -B -nsu -Daether.connector.http.connectionMaxTtl=25
Admin UI E2E (1, firefox)	Run Cypress	2024-10-28T00:25:48.5987762Z   WORKSPACE: keycloak-admin-ui
Admin UI E2E (1, firefox)	Run Cypress	2024-10-28T00:25:48.5988200Z   JAVA_HOME: /opt/hostedtoolcache/Java_Temurin-Hotspot_jdk/21.0.4-7/x64
Admin UI E2E (1, firefox)	Run Cypress	2024-10-28T00:25:48.5988819Z   JAVA_HOME_21_X64: /opt/hostedtoolcache/Java_Temurin-Hotspot_jdk/21.0.4-7/x64
Admin UI E2E (1, firefox)	Run Cypress	2024-10-28T00:25:48.5989287Z   SPLIT: 10
Admin UI E2E (1, firefox)	Run Cypress	2024-10-28T00:25:48.5989508Z   SPLIT_INDEX: 1
Admin UI E2E (1, firefox)	Run Cypress	2024-10-28T00:25:48.5989907Z   SPLIT_RANDOM_SEED: 40
Admin UI E2E (1, firefox)	Run Cypress	2024-10-28T00:25:48.5990160Z ##[endgroup]
Admin UI E2E (1, firefox)	Run Cypress	2024-10-28T00:25:48.7334549Z Skipping install because install parameter is false
Admin UI E2E (1, firefox)	Run Cypress	2024-10-28T00:25:48.7347967Z waiting on "http://localhost:8080" with timeout of 60 seconds
Admin UI E2E (1, firefox)	Run Cypress	2024-10-28T00:26:09.8095092Z It looks like this is your first time using Cypress: 13.15.1
Admin UI E2E (1, firefox)	Run Cypress	2024-10-28T00:26:09.8095537Z 
Admin UI E2E (1, firefox)	Run Cypress	2024-10-28T00:26:09.8116653Z [STARTED] Task without title.
Admin UI E2E (1, firefox)	Run Cypress	2024-10-28T00:26:15.1914349Z [SUCCESS] Task without title.
Admin UI E2E (1, firefox)	Run Cypress	2024-10-28T00:26:15.1918635Z 
Admin UI E2E (1, firefox)	Run Cypress	2024-10-28T00:26:15.1920611Z Opening Cypress...
Admin UI E2E (1, firefox)	Run Cypress	2024-10-28T00:26:15.8040388Z 
Admin UI E2E (1, firefox)	Run Cypress	2024-10-28T00:26:15.8042402Z DevTools listening on ws://127.0.0.1:35655/devtools/browser/a0b25ca7-efb0-430e-9439-977675a3ef8c
Admin UI E2E (1, firefox)	Run Cypress	2024-10-28T00:26:16.3793560Z (node:2703) ExperimentalWarning: `--experimental-loader` may be removed in the future; instead use `register()`:
Admin UI E2E (1, firefox)	Run Cypress	2024-10-28T00:26:16.3797290Z --import 'data:text/javascript,import { register } from "node:module"; import { pathToFileURL } from "node:url"; register("file%3A///home/runner/.cache/Cypress/13.15.1/Cypress/resources/app/node_modules/ts-node/esm/transpile-only.mjs", pathToFileURL("./"));'
Admin UI E2E (1, firefox)	Run Cypress	2024-10-28T00:26:16.3800121Z (Use `node --trace-warnings ...` to show where the warning was created)
Admin UI E2E (1, firefox)	Run Cypress	2024-10-28T00:26:27.7826557Z cypress-split: there are 37 found specs
Admin UI E2E (1, firefox)	Run Cypress	2024-10-28T00:26:27.7827997Z the first 5 specs
Admin UI E2E (1, firefox)	Run Cypress	2024-10-28T00:26:27.7829503Z - 1: /home/runner/work/keycloak/keycloak/js/apps/admin-ui/cypress/e2e/realm_settings_general_tab_test.spec.ts
Admin UI E2E (1, firefox)	Run Cypress	2024-10-28T00:26:27.7831899Z - 2: /home/runner/work/keycloak/keycloak/js/apps/admin-ui/cypress/e2e/realm_settings_user_profile_enabled.spec.ts
Admin UI E2E (1, firefox)	Run Cypress	2024-10-28T00:26:27.7833697Z - 3: /home/runner/work/keycloak/keycloak/js/apps/admin-ui/cypress/e2e/sessions_test.spec.ts
Admin UI E2E (1, firefox)	Run Cypress	2024-10-28T00:26:27.7835122Z - 4: /home/runner/work/keycloak/keycloak/js/apps/admin-ui/cypress/e2e/clients_saml_test.spec.ts
Admin UI E2E (1, firefox)	Run Cypress	2024-10-28T00:26:27.7836623Z - 5: /home/runner/work/keycloak/keycloak/js/apps/admin-ui/cypress/e2e/client_authorization_test.spec.ts
Admin UI E2E (1, firefox)	Run Cypress	2024-10-28T00:26:27.7837422Z cypress-split: chunk 2 of 10
Admin UI E2E (1, firefox)	Run Cypress	2024-10-28T00:26:27.7843671Z k  spec                                         
Admin UI E2E (1, firefox)	Run Cypress	2024-10-28T00:26:27.7844591Z -  ---------------------------------------------
Admin UI E2E (1, firefox)	Run Cypress	2024-10-28T00:26:27.7845326Z 1  cypress/e2e/client_authorization_test.spec.ts
Admin UI E2E (1, firefox)	Run Cypress	2024-10-28T00:26:27.7845801Z 2  cypress/e2e/user_fed_ldap_test.spec.ts       
Admin UI E2E (1, firefox)	Run Cypress	2024-10-28T00:26:27.7846268Z 3  cypress/e2e/partial_export_test.spec.ts      
Admin UI E2E (1, firefox)	Run Cypress	2024-10-28T00:26:27.7846748Z 4  cypress/e2e/client_scopes_test.spec.ts       
Admin UI E2E (1, firefox)	Run Cypress	2024-10-28T00:26:27.7847021Z 
Admin UI E2E (1, firefox)	Run Cypress	2024-10-28T00:26:28.4164075Z 
Admin UI E2E (1, firefox)	Run Cypress	2024-10-28T00:26:28.4466608Z [90m====================================================================================================[39m
Admin UI E2E (1, firefox)	Run Cypress	2024-10-28T00:26:28.4467299Z 
Admin UI E2E (1, firefox)	Run Cypress	2024-10-28T00:26:28.4469212Z [0m  ([4m[1mRun Starting[22m[24m)[0m
Admin UI E2E (1, firefox)	Run Cypress	2024-10-28T00:26:28.4469708Z 
Admin UI E2E (1, firefox)	Run Cypress	2024-10-28T00:26:28.4540445Z [90m  â”Œ[39m[90mâ”€[39m[90mâ”€[39m[90mâ”€[39m[90mâ”€[39m[90mâ”€[39m[90mâ”€[39m[90mâ”€[39m[90mâ”€[39m[90mâ”€[39m[90mâ”€[39m[90mâ”€[39m[90mâ”€[39m[90mâ”€[39m[90mâ”€[39m[90mâ”€[39m[90mâ”€[39m[90mâ”€[39m[90mâ”€[39m[90mâ”€[39m[90mâ”€[39m[90mâ”€[39m[90mâ”€[39m[90mâ”€[39m[90mâ”€[39m[90mâ”€[39m[90mâ”€[39m[90mâ”€[39m[90mâ”€[39m[90mâ”€[39m[90mâ”€[39m[90mâ”€[39m[90mâ”€[39m[90mâ”€[39m[90mâ”€[39m[90mâ”€[39m[90mâ”€[39m[90mâ”€[39m[90mâ”€[39m[90mâ”€[39m[90mâ”€[39m[90mâ”€[39m[90mâ”€[39m[90mâ”€[39m[90mâ”€[39m[90mâ”€[39m[90mâ”€[39m[90mâ”€[39m[90mâ”€[39m[90mâ”€[39m[90mâ”€[39m[90mâ”€[39m[90mâ”€[39m[90mâ”€[39m[90mâ”€[39m[90mâ”€[39m[90mâ”€[39m[90mâ”€[39m[90mâ”€[39m[90mâ”€[39m[90mâ”€[39m[90mâ”€[39m[90mâ”€[39m[90mâ”€[39m[90mâ”€[39m[90mâ”€[39m[90mâ”€[39m[90mâ”€[39m[90mâ”€[39m[90mâ”€[39m[90mâ”€[39m[90mâ”€[39m[90mâ”€[39m[90mâ”€[39m[90mâ”€[39m[90mâ”€[39m[90mâ”€[39m[90mâ”€[39m[90mâ”€[39m[90mâ”€[39m[90mâ”€[39m[90mâ”€[39m[90mâ”€[39m[90mâ”€[39m[90mâ”€[39m[90mâ”€[39m[90mâ”€[39m[90mâ”€[39m[90mâ”€[39m[90mâ”€[39m[90mâ”€[39m[90mâ”€[39m[90mâ”€[39m[90mâ”€[39m[90mâ”€[39m[90mâ”€[39m[90mâ”€[39m[90mâ”[39m
Admin UI E2E (1, firefox)	Run Cypress	2024-10-28T00:26:28.4548152Z [90m  â”‚[39m [90mCypress:[39m        13.15.1                                                                        [90mâ”‚[39m
Admin UI E2E (1, firefox)	Run Cypress	2024-10-28T00:26:28.4550099Z [90m  â”‚[39m [90mBrowser:[39m        Firefox 131 [90m(headless)[39m                                                         [90mâ”‚[39m
Admin UI E2E (1, firefox)	Run Cypress	2024-10-28T00:26:28.4552534Z [90m  â”‚[39m [90mNode Version:[39m   [0mv20.13.1 [90m(/home/runner/runners/2.320.0/externals/node20/bin/node)[39m[0m              [90mâ”‚[39m
Admin UI E2E (1, firefox)	Run Cypress	2024-10-28T00:26:28.4555091Z [90m  â”‚[39m [90mSpecs:[39m          [0m4 found (client_authorization_test.spec.ts, user_fed_ldap_test.spec.ts, partia[0m [90mâ”‚[39m
Admin UI E2E (1, firefox)	Run Cypress	2024-10-28T00:26:28.4557471Z [90m  â”‚[39m                 [0ml_export_test.spec.ts, client_scopes_test.spec.ts)[0m                             [90mâ”‚[39m
Admin UI E2E (1, firefox)	Run Cypress	2024-10-28T00:26:28.4559705Z [90m  â”‚[39m [90mSearched:[39m       [0mcypress/e2e/client_authorization_test.spec.ts, cypress/e2e/user_fed_ldap_test.[0m [90mâ”‚[39m
Admin UI E2E (1, firefox)	Run Cypress	2024-10-28T00:26:28.4562011Z [90m  â”‚[39m                 [0mspec.ts, cypress/e2e/partial_export_test.spec.ts, cypress/e2e/client_scopes_te[0m [90mâ”‚[39m
Admin UI E2E (1, firefox)	Run Cypress	2024-10-28T00:26:28.4563941Z [90m  â”‚[39m                 [0mst.spec.ts[0m                                                                     [90mâ”‚[39m
Admin UI E2E (1, firefox)	Run Cypress	2024-10-28T00:26:28.4565869Z [90m  â”‚[39m [90mExperiments:[39m    experimentalMemoryManagement=true                                              [90mâ”‚[39m
Admin UI E2E (1, firefox)	Run Cypress	2024-10-28T00:26:28.4575158Z [90m  â””[39m[90mâ”€[39m[90mâ”€[39m[90mâ”€[39m[90mâ”€[39m[90mâ”€[39m[90mâ”€[39m[90mâ”€[39m[90mâ”€[39m[90mâ”€[39m[90mâ”€[39m[90mâ”€[39m[90mâ”€[39m[90mâ”€[39m[90mâ”€[39m[90mâ”€[39m[90mâ”€[39m[90mâ”€[39m[90mâ”€[39m[90mâ”€[39m[90mâ”€[39m[90mâ”€[39m[90mâ”€[39m[90mâ”€[39m[90mâ”€[39m[90mâ”€[39m[90mâ”€[39m[90mâ”€[39m[90mâ”€[39m[90mâ”€[39m[90mâ”€[39m[90mâ”€[39m[90mâ”€[39m[90mâ”€[39m[90mâ”€[39m[90mâ”€[39m[90mâ”€[39m[90mâ”€[39m[90mâ”€[39m[90mâ”€[39m[90mâ”€[39m[90mâ”€[39m[90mâ”€[39m[90mâ”€[39m[90mâ”€[39m[90mâ”€[39m[90mâ”€[39m[90mâ”€[39m[90mâ”€[39m[90mâ”€[39m[90mâ”€[39m[90mâ”€[39m[90mâ”€[39m[90mâ”€[39m[90mâ”€[39m[90mâ”€[39m[90mâ”€[39m[90mâ”€[39m[90mâ”€[39m[90mâ”€[39m[90mâ”€[39m[90mâ”€[39m[90mâ”€[39m[90mâ”€[39m[90mâ”€[39m[90mâ”€[39m[90mâ”€[39m[90mâ”€[39m[90mâ”€[39m[90mâ”€[39m[90mâ”€[39m[90mâ”€[39m[90mâ”€[39m[90mâ”€[39m[90mâ”€[39m[90mâ”€[39m[90mâ”€[39m[90mâ”€[39m[90mâ”€[39m[90mâ”€[39m[90mâ”€[39m[90mâ”€[39m[90mâ”€[39m[90mâ”€[39m[90mâ”€[39m[90mâ”€[39m[90mâ”€[39m[90mâ”€[39m[90mâ”€[39m[90mâ”€[39m[90mâ”€[39m[90mâ”€[39m[90mâ”€[39m[90mâ”€[39m[90mâ”€[39m[90mâ”€[39m[90mâ”€[39m[90mâ”˜[39m
Admin UI E2E (1, firefox)	Run Cypress	2024-10-28T00:26:28.4581070Z 
Admin UI E2E (1, firefox)	Run Cypress	2024-10-28T00:26:28.4581113Z 
Admin UI E2E (1, firefox)	Run Cypress	2024-10-28T00:26:28.4589607Z [90mâ”€[39m[90mâ”€[39m[90mâ”€[39m[90mâ”€[39m[90mâ”€[39m[90mâ”€[39m[90mâ”€[39m[90mâ”€[39m[90mâ”€[39m[90mâ”€[39m[90mâ”€[39m[90mâ”€[39m[90mâ”€[39m[90mâ”€[39m[90mâ”€[39m[90mâ”€[39m[90mâ”€[39m[90mâ”€[39m[90mâ”€[39m[90mâ”€[39m[90mâ”€[39m[90mâ”€[39m[90mâ”€[39m[90mâ”€[39m[90mâ”€[39m[90mâ”€[39m[90mâ”€[39m[90mâ”€[39m[90mâ”€[39m[90mâ”€[39m[90mâ”€[39m[90mâ”€[39m[90mâ”€[39m[90mâ”€[39m[90mâ”€[39m[90mâ”€[39m[90mâ”€[39m[90mâ”€[39m[90mâ”€[39m[90mâ”€[39m[90mâ”€[39m[90mâ”€[39m[90mâ”€[39m[90mâ”€[39m[90mâ”€[39m[90mâ”€[39m[90mâ”€[39m[90mâ”€[39m[90mâ”€[39m[90mâ”€[39m[90mâ”€[39m[90mâ”€[39m[90mâ”€[39m[90mâ”€[39m[90mâ”€[39m[90mâ”€[39m[90mâ”€[39m[90mâ”€[39m[90mâ”€[39m[90mâ”€[39m[90mâ”€[39m[90mâ”€[39m[90mâ”€[39m[90mâ”€[39m[90mâ”€[39m[90mâ”€[39m[90mâ”€[39m[90mâ”€[39m[90mâ”€[39m[90mâ”€[39m[90mâ”€[39m[90mâ”€[39m[90mâ”€[39m[90mâ”€[39m[90mâ”€[39m[90mâ”€[39m[90mâ”€[39m[90mâ”€[39m[90mâ”€[39m[90mâ”€[39m[90mâ”€[39m[90mâ”€[39m[90mâ”€[39m[90mâ”€[39m[90mâ”€[39m[90mâ”€[39m[90mâ”€[39m[90mâ”€[39m[90mâ”€[39m[90mâ”€[39m[90mâ”€[39m[90mâ”€[39m[90mâ”€[39m[90mâ”€[39m[90mâ”€[39m[90mâ”€[39m[90mâ”€[39m[90mâ”€[39m[90mâ”€[39m[90mâ”€[39m
Admin UI E2E (1, firefox)	Run Cypress	2024-10-28T00:26:28.4596822Z                                                                                                     
Admin UI E2E (1, firefox)	Run Cypress	2024-10-28T00:26:28.4598314Z   Running:  [90mclient_authorization_test.spec.ts[39m                                               [90m(1 of 4)[39m
Admin UI E2E (1, firefox)	Run Cypress	2024-10-28T00:26:28.4599203Z 
Admin UI E2E (1, firefox)	Run Cypress	2024-10-28T00:26:28.4600150Z [35mYour project has set the configuration option: `chromeWebSecurity` to `false`.[39m
Admin UI E2E (1, firefox)	Run Cypress	2024-10-28T00:26:28.4601245Z [35m[39m
Admin UI E2E (1, firefox)	Run Cypress	2024-10-28T00:26:28.4602859Z [35mThis option will not have an effect in Firefox. Tests that rely on web security being disabled will not run as expected.[39m
Admin UI E2E (1, firefox)	Run Cypress	2024-10-28T00:26:36.9875270Z 
Admin UI E2E (1, firefox)	Run Cypress	2024-10-28T00:26:36.9914817Z [0m[0m
Admin UI E2E (1, firefox)	Run Cypress	2024-10-28T00:26:36.9992605Z [0m  Client authentication subtab[0m
Admin UI E2E (1, firefox)	Run Cypress	2024-10-28T00:26:44.4695633Z   [32m  âœ“[0m[90m Should update the resource server settings[0m[90m (7465ms)[0m
Admin UI E2E (1, firefox)	Run Cypress	2024-10-28T00:26:49.0171510Z   [32m  âœ“[0m[90m Should create a resource[0m[90m (4518ms)[0m
Admin UI E2E (1, firefox)	Run Cypress	2024-10-28T00:26:52.4817050Z   [32m  âœ“[0m[90m Edit a resource[0m[90m (3435ms)[0m
Admin UI E2E (1, firefox)	Run Cypress	2024-10-28T00:26:56.3896133Z   [32m  âœ“[0m[90m Should create a scope[0m[90m (3878ms)[0m
Admin UI E2E (1, firefox)	Run Cypress	2024-10-28T00:27:00.7757227Z   [32m  âœ“[0m[90m Should create a policy[0m[90m (4345ms)[0m
Admin UI E2E (1, firefox)	Run Cypress	2024-10-28T00:27:03.8071101Z   [32m  âœ“[0m[90m Should delete a policy[0m[90m (2965ms)[0m
Admin UI E2E (1, firefox)	Run Cypress	2024-10-28T00:27:08.0075394Z   [32m  âœ“[0m[90m Should create a client policy[0m[90m (4156ms)[0m
Admin UI E2E (1, firefox)	Run Cypress	2024-10-28T00:27:12.3093453Z   [32m  âœ“[0m[90m Should create a permission[0m[90m (4243ms)[0m
Admin UI E2E (1, firefox)	Run Cypress	2024-10-28T00:27:12.3570150Z   [36m  - Should copy auth details[0m
Admin UI E2E (1, firefox)	Run Cypress	2024-10-28T00:27:15.0435524Z   [32m  âœ“[0m[90m Should export auth details[0m[90m (2679ms)[0m
Admin UI E2E (1, firefox)	Run Cypress	2024-10-28T00:27:15.0594277Z [0m    Client authorization tab access for view-realm-authorization[0m
Admin UI E2E (1, firefox)	Run Cypress	2024-10-28T00:27:28.5947495Z     [32m  âœ“[0m[90m Should view autorization tab[0m[90m (12370ms)[0m
Admin UI E2E (1, firefox)	Run Cypress	2024-10-28T00:27:28.6426915Z [0m    Accessibility tests for client authorization[0m
Admin UI E2E (1, firefox)	Run Cypress	2024-10-28T00:27:36.5461264Z     [32m  âœ“[0m[90m Check a11y violations on load/ client authorization[0m[90m (7827ms)[0m
Admin UI E2E (1, firefox)	Run Cypress	2024-10-28T00:27:36.5462487Z 
Admin UI E2E (1, firefox)	Run Cypress	2024-10-28T00:27:36.5742302Z 
Admin UI E2E (1, firefox)	Run Cypress	2024-10-28T00:27:36.5744517Z [92m [0m[32m 11 passing[0m[90m (60s)[0m
Admin UI E2E (1, firefox)	Run Cypress	2024-10-28T00:27:36.5745345Z [36m [0m[36m 1 pending[0m
Admin UI E2E (1, firefox)	Run Cypress	2024-10-28T00:27:36.5745697Z 
Admin UI E2E (1, firefox)	Run Cypress	2024-10-28T00:27:40.5819181Z [35mWarning: We failed capturing this video.[39m
Admin UI E2E (1, firefox)	Run Cypress	2024-10-28T00:27:40.5820128Z [35m[39m
Admin UI E2E (1, firefox)	Run Cypress	2024-10-28T00:27:40.5820985Z [35mThis error will not affect or change the exit code.[39m
Admin UI E2E (1, firefox)	Run Cypress	2024-10-28T00:27:40.5821898Z [35m[39m
Admin UI E2E (1, firefox)	Run Cypress	2024-10-28T00:27:40.5822752Z [35mError: Insufficient frames captured to create video.[39m
Admin UI E2E (1, firefox)	Run Cypress	2024-10-28T00:27:40.5824070Z [35m    at ChildProcess.<anonymous> (<embedded>:747:16306)[39m
Admin UI E2E (1, firefox)	Run Cypress	2024-10-28T00:27:40.5825340Z [35m    at ChildProcess.emit (node:events:514:28)[39m
Admin UI E2E (1, firefox)	Run Cypress	2024-10-28T00:27:40.5826673Z [35m    at Process.onexit (node:internal/child_process:291:12)[39m
Admin UI E2E (1, firefox)	Run Cypress	2024-10-28T00:27:40.5841178Z 
Admin UI E2E (1, firefox)	Run Cypress	2024-10-28T00:27:40.5842118Z [32m  ([4m[1mResults[22m[24m)[39m
Admin UI E2E (1, firefox)	Run Cypress	2024-10-28T00:27:40.5859285Z 
Admin UI E2E (1, firefox)	Run Cypress	2024-10-28T00:27:40.5874570Z [90m  â”Œ[39m[90mâ”€[39m[90mâ”€[39m[90mâ”€[39m[90mâ”€[39m[90mâ”€[39m[90mâ”€[39m[90mâ”€[39m[90mâ”€[39m[90mâ”€[39m[90mâ”€[39m[90mâ”€[39m[90mâ”€[39m[90mâ”€[39m[90mâ”€[39m[90mâ”€[39m[90mâ”€[39m[90mâ”€[39m[90mâ”€[39m[90mâ”€[39m[90mâ”€[39m[90mâ”€[39m[90mâ”€[39m[90mâ”€[39m[90mâ”€[39m[90mâ”€[39m[90mâ”€[39m[90mâ”€[39m[90mâ”€[39m[90mâ”€[39m[90mâ”€[39m[90mâ”€[39m[90mâ”€[39m[90mâ”€[39m[90mâ”€[39m[90mâ”€[39m[90mâ”€[39m[90mâ”€[39m[90mâ”€[39m[90mâ”€[39m[90mâ”€[39m[90mâ”€[39m[90mâ”€[39m[90mâ”€[39m[90mâ”€[39m[90mâ”€[39m[90mâ”€[39m[90mâ”€[39m[90mâ”€[39m[90mâ”€[39m[90mâ”€[39m[90mâ”€[39m[90mâ”€[39m[90mâ”€[39m[90mâ”€[39m[90mâ”€[39m[90mâ”€[39m[90mâ”€[39m[90mâ”€[39m[90mâ”€[39m[90mâ”€[39m[90mâ”€[39m[90mâ”€[39m[90mâ”€[39m[90mâ”€[39m[90mâ”€[39m[90mâ”€[39m[90mâ”€[39m[90mâ”€[39m[90mâ”€[39m[90mâ”€[39m[90mâ”€[39m[90mâ”€[39m[90mâ”€[39m[90mâ”€[39m[90mâ”€[39m[90mâ”€[39m[90mâ”€[39m[90mâ”€[39m[90mâ”€[39m[90mâ”€[39m[90mâ”€[39m[90mâ”€[39m[90mâ”€[39m[90mâ”€[39m[90mâ”€[39m[90mâ”€[39m[90mâ”€[39m[90mâ”€[39m[90mâ”€[39m[90mâ”€[39m[90mâ”€[39m[90mâ”€[39m[90mâ”€[39m[90mâ”€[39m[90mâ”€[39m[90mâ”€[39m[90mâ”[39m
Admin UI E2E (1, firefox)	Run Cypress	2024-10-28T00:27:40.5879110Z [90m  â”‚[39m [90mTests:[39m        [32m12[39m                                                                               [90mâ”‚[39m
Admin UI E2E (1, firefox)	Run Cypress	2024-10-28T00:27:40.5880446Z [90m  â”‚[39m [90mPassing:[39m      [32m11[39m                                                                               [90mâ”‚[39m
Admin UI E2E (1, firefox)	Run Cypress	2024-10-28T00:27:40.5881696Z [90m  â”‚[39m [90mFailing:[39m      [32m0[39m                                                                                [90mâ”‚[39m
Admin UI E2E (1, firefox)	Run Cypress	2024-10-28T00:27:40.5882929Z [90m  â”‚[39m [90mPending:[39m      [32m1[39m                                                                                [90mâ”‚[39m
Admin UI E2E (1, firefox)	Run Cypress	2024-10-28T00:27:40.5884126Z [90m  â”‚[39m [90mSkipped:[39m      [32m0[39m                                                                                [90mâ”‚[39m
Admin UI E2E (1, firefox)	Run Cypress	2024-10-28T00:27:40.5885365Z [90m  â”‚[39m [90mScreenshots:[39m  [32m0[39m                                                                                [90mâ”‚[39m
Admin UI E2E (1, firefox)	Run Cypress	2024-10-28T00:27:40.5886596Z [90m  â”‚[39m [90mVideo:[39m        [32mfalse[39m                                                                            [90mâ”‚[39m
Admin UI E2E (1, firefox)	Run Cypress	2024-10-28T00:27:40.5887827Z [90m  â”‚[39m [90mDuration:[39m     [32m59 seconds[39m                                                                       [90mâ”‚[39m
Admin UI E2E (1, firefox)	Run Cypress	2024-10-28T00:27:40.5889214Z [90m  â”‚[39m [90mSpec Ran:[39m     [32m[32mclient_authorization_test.spec.ts[32m[39m                                                [90mâ”‚[39m
Admin UI E2E (1, firefox)	Run Cypress	2024-10-28T00:27:40.5894517Z [90m  â””[39m[90mâ”€[39m[90mâ”€[39m[90mâ”€[39m[90mâ”€[39m[90mâ”€[39m[90mâ”€[39m[90mâ”€[39m[90mâ”€[39m[90mâ”€[39m[90mâ”€[39m[90mâ”€[39m[90mâ”€[39m[90mâ”€[39m[90mâ”€[39m[90mâ”€[39m[90mâ”€[39m[90mâ”€[39m[90mâ”€[39m[90mâ”€[39m[90mâ”€[39m[90mâ”€[39m[90mâ”€[39m[90mâ”€[39m[90mâ”€[39m[90mâ”€[39m[90mâ”€[39m[90mâ”€[39m[90mâ”€[39m[90mâ”€[39m[90mâ”€[39m[90mâ”€[39m[90mâ”€[39m[90mâ”€[39m[90mâ”€[39m[90mâ”€[39m[90mâ”€[39m[90mâ”€[39m[90mâ”€[39m[90mâ”€[39m[90mâ”€[39m[90mâ”€[39m[90mâ”€[39m[90mâ”€[39m[90mâ”€[39m[90mâ”€[39m[90mâ”€[39m[90mâ”€[39m[90mâ”€[39m[90mâ”€[39m[90mâ”€[39m[90mâ”€[39m[90mâ”€[39m[90mâ”€[39m[90mâ”€[39m[90mâ”€[39m[90mâ”€[39m[90mâ”€[39m[90mâ”€[39m[90mâ”€[39m[90mâ”€[39m[90mâ”€[39m[90mâ”€[39m[90mâ”€[39m[90mâ”€[39m[90mâ”€[39m[90mâ”€[39m[90mâ”€[39m[90mâ”€[39m[90mâ”€[39m[90mâ”€[39m[90mâ”€[39m[90mâ”€[39m[90mâ”€[39m[90mâ”€[39m[90mâ”€[39m[90mâ”€[39m[90mâ”€[39m[90mâ”€[39m[90mâ”€[39m[90mâ”€[39m[90mâ”€[39m[90mâ”€[39m[90mâ”€[39m[90mâ”€[39m[90mâ”€[39m[90mâ”€[39m[90mâ”€[39m[90mâ”€[39m[90mâ”€[39m[90mâ”€[39m[90mâ”€[39m[90mâ”€[39m[90mâ”€[39m[90mâ”€[39m[90mâ”€[39m[90mâ”€[39m[90mâ”˜[39m
Admin UI E2E (1, firefox)	Run Cypress	2024-10-28T00:27:40.5898396Z 
Admin UI E2E (1, firefox)	Run Cypress	2024-10-28T00:27:40.6379410Z 
Admin UI E2E (1, firefox)	Run Cypress	2024-10-28T00:27:40.6393601Z [90mâ”€[39m[90mâ”€[39m[90mâ”€[39m[90mâ”€[39m[90mâ”€[39m[90mâ”€[39m[90mâ”€[39m[90mâ”€[39m[90mâ”€[39m[90mâ”€[39m[90mâ”€[39m[90mâ”€[39m[90mâ”€[39m[90mâ”€[39m[90mâ”€[39m[90mâ”€[39m[90mâ”€[39m[90mâ”€[39m[90mâ”€[39m[90mâ”€[39m[90mâ”€[39m[90mâ”€[39m[90mâ”€[39m[90mâ”€[39m[90mâ”€[39m[90mâ”€[39m[90mâ”€[39m[90mâ”€[39m[90mâ”€[39m[90mâ”€[39m[90mâ”€[39m[90mâ”€[39m[90mâ”€[39m[90mâ”€[39m[90mâ”€[39m[90mâ”€[39m[90mâ”€[39m[90mâ”€[39m[90mâ”€[39m[90mâ”€[39m[90mâ”€[39m[90mâ”€[39m[90mâ”€[39m[90mâ”€[39m[90mâ”€[39m[90mâ”€[39m[90mâ”€[39m[90mâ”€[39m[90mâ”€[39m[90mâ”€[39m[90mâ”€[39m[90mâ”€[39m[90mâ”€[39m[90mâ”€[39m[90mâ”€[39m[90mâ”€[39m[90mâ”€[39m[90mâ”€[39m[90mâ”€[39m[90mâ”€[39m[90mâ”€[39m[90mâ”€[39m[90mâ”€[39m[90mâ”€[39m[90mâ”€[39m[90mâ”€[39m[90mâ”€[39m[90mâ”€[39m[90mâ”€[39m[90mâ”€[39m[90mâ”€[39m[90mâ”€[39m[90mâ”€[39m[90mâ”€[39m[90mâ”€[39m[90mâ”€[39m[90mâ”€[39m[90mâ”€[39m[90mâ”€[39m[90mâ”€[39m[90mâ”€[39m[90mâ”€[39m[90mâ”€[39m[90mâ”€[39m[90mâ”€[39m[90mâ”€[39m[90mâ”€[39m[90mâ”€[39m[90mâ”€[39m[90mâ”€[39m[90mâ”€[39m[90mâ”€[39m[90mâ”€[39m[90mâ”€[39m[90mâ”€[39m[90mâ”€[39m[90mâ”€[39m[90mâ”€[39m[90mâ”€[39m[90mâ”€[39m
Admin UI E2E (1, firefox)	Run Cypress	2024-10-28T00:27:40.6400718Z                                                                                                     
Admin UI E2E (1, firefox)	Run Cypress	2024-10-28T00:27:40.6402098Z   Running:  [90muser_fed_ldap_test.spec.ts[39m                                                      [90m(2 of 4)[39m
Admin UI E2E (1, firefox)	Run Cypress	2024-10-28T00:27:40.6403081Z 
Admin UI E2E (1, firefox)	Run Cypress	2024-10-28T00:27:40.6404157Z [35mYour project has set the configuration option: `chromeWebSecurity` to `false`.[39m
Admin UI E2E (1, firefox)	Run Cypress	2024-10-28T00:27:40.6405280Z [35m[39m
Admin UI E2E (1, firefox)	Run Cypress	2024-10-28T00:27:40.6406892Z [35mThis option will not have an effect in Firefox. Tests that rely on web security being disabled will not run as expected.[39m
Admin UI E2E (1, firefox)	Run Cypress	2024-10-28T00:27:44.1277499Z 
Admin UI E2E (1, firefox)	Run Cypress	2024-10-28T00:27:44.1343494Z [0m[0m
Admin UI E2E (1, firefox)	Run Cypress	2024-10-28T00:27:44.1404067Z [0m  User Federation LDAP tests[0m
Admin UI E2E (1, firefox)	Run Cypress	2024-10-28T00:27:54.9121192Z   [32m  âœ“[0m[90m Should create LDAP provider from empty state[0m[90m (10759ms)[0m
Admin UI E2E (1, firefox)	Run Cypress	2024-10-28T00:27:57.9786784Z   [32m  âœ“[0m[90m Should fail updating advanced settings[0m[90m (3018ms)[0m
Admin UI E2E (1, firefox)	Run Cypress	2024-10-28T00:28:04.4081713Z   [32m  âœ“[0m[90m Should update advanced settings[0m[90m (6373ms)[0m
Admin UI E2E (1, firefox)	Run Cypress	2024-10-28T00:28:09.0000806Z   [32m  âœ“[0m[90m Should set cache policy to evict_daily[0m[90m (4541ms)[0m
Admin UI E2E (1, firefox)	Run Cypress	2024-10-28T00:28:13.1717399Z   [32m  âœ“[0m[90m Should set cache policy to default[0m[90m (4131ms)[0m
Admin UI E2E (1, firefox)	Run Cypress	2024-10-28T00:28:18.0893752Z   [32m  âœ“[0m[90m Should set cache policy to evict_weekly[0m[90m (4873ms)[0m
Admin UI E2E (1, firefox)	Run Cypress	2024-10-28T00:28:23.7914451Z   [32m  âœ“[0m[90m Update connection and authentication settings and save[0m[90m (5662ms)[0m
Admin UI E2E (1, firefox)	Run Cypress	2024-10-28T00:28:31.0081068Z   [32m  âœ“[0m[90m Should fail connection and authentication tests[0m[90m (7165ms)[0m
Admin UI E2E (1, firefox)	Run Cypress	2024-10-28T00:28:36.3777935Z   [32m  âœ“[0m[90m Should make changes and pass connection and authentication tests[0m[90m (5320ms)[0m
Admin UI E2E (1, firefox)	Run Cypress	2024-10-28T00:28:42.5731274Z   [32m  âœ“[0m[90m Should update Kerberos integration settings and save[0m[90m (6143ms)[0m
Admin UI E2E (1, firefox)	Run Cypress	2024-10-28T00:28:48.2086585Z   [32m  âœ“[0m[90m Should update Synchronization settings and save[0m[90m (5562ms)[0m
Admin UI E2E (1, firefox)	Run Cypress	2024-10-28T00:29:00.1307478Z   [32m  âœ“[0m[90m Should update LDAP searching and updating settings and save[0m[90m (11867ms)[0m
Admin UI E2E (1, firefox)	Run Cypress	2024-10-28T00:29:04.7523418Z   [32m  âœ“[0m[90m Should update display name[0m[90m (4554ms)[0m
Admin UI E2E (1, firefox)	Run Cypress	2024-10-28T00:29:09.7904728Z   [32m  âœ“[0m[90m Should update existing LDAP provider and cancel[0m[90m (4988ms)[0m
Admin UI E2E (1, firefox)	Run Cypress	2024-10-28T00:29:14.4742297Z   [32m  âœ“[0m[90m Should set cache policy to max_lifespan[0m[90m (4630ms)[0m
Admin UI E2E (1, firefox)	Run Cypress	2024-10-28T00:29:18.7389310Z   [32m  âœ“[0m[90m Should set cache policy to no_cache[0m[90m (4224ms)[0m
Admin UI E2E (1, firefox)	Run Cypress	2024-10-28T00:29:21.6885328Z   [32m  âœ“[0m[90m Should disable an existing LDAP provider[0m[90m (2913ms)[0m
Admin UI E2E (1, firefox)	Run Cypress	2024-10-28T00:29:24.5039377Z   [32m  âœ“[0m[90m Should enable a previously-disabled LDAP provider[0m[90m (2765ms)[0m
Admin UI E2E (1, firefox)	Run Cypress	2024-10-28T00:29:30.6379890Z   [32m  âœ“[0m[90m Should create new LDAP provider using New Provider dropdown[0m[90m (6103ms)[0m
Admin UI E2E (1, firefox)	Run Cypress	2024-10-28T00:29:32.1844890Z   [32m  âœ“[0m[90m Should delete LDAP provider from card view using card menu[0m[90m (1517ms)[0m
Admin UI E2E (1, firefox)	Run Cypress	2024-10-28T00:29:35.6281937Z   [32m  âœ“[0m[90m Should delete LDAP provider using Settings view Action menu[0m[90m (2821ms)[0m
Admin UI E2E (1, firefox)	Run Cypress	2024-10-28T00:29:35.6362251Z 
Admin UI E2E (1, firefox)	Run Cypress	2024-10-28T00:29:35.6702487Z 
Admin UI E2E (1, firefox)	Run Cypress	2024-10-28T00:29:35.6703885Z [92m [0m[32m 21 passing[0m[90m (2m)[0m
Admin UI E2E (1, firefox)	Run Cypress	2024-10-28T00:29:35.6704683Z 
Admin UI E2E (1, firefox)	Run Cypress	2024-10-28T00:29:35.6728833Z 
Admin UI E2E (1, firefox)	Run Cypress	2024-10-28T00:29:35.6730342Z [32m  ([4m[1mResults[22m[24m)[39m
Admin UI E2E (1, firefox)	Run Cypress	2024-10-28T00:29:35.6754778Z 
Admin UI E2E (1, firefox)	Run Cypress	2024-10-28T00:29:35.6774588Z [90m  â”Œ[39m[90mâ”€[39m[90mâ”€[39m[90mâ”€[39m[90mâ”€[39m[90mâ”€[39m[90mâ”€[39m[90mâ”€[39m[90mâ”€[39m[90mâ”€[39m[90mâ”€[39m[90mâ”€[39m[90mâ”€[39m[90mâ”€[39m[90mâ”€[39m[90mâ”€[39m[90mâ”€[39m[90mâ”€[39m[90mâ”€[39m[90mâ”€[39m[90mâ”€[39m[90mâ”€[39m[90mâ”€[39m[90mâ”€[39m[90mâ”€[39m[90mâ”€[39m[90mâ”€[39m[90mâ”€[39m[90mâ”€[39m[90mâ”€[39m[90mâ”€[39m[90mâ”€[39m[90mâ”€[39m[90mâ”€[39m[90mâ”€[39m[90mâ”€[39m[90mâ”€[39m[90mâ”€[39m[90mâ”€[39m[90mâ”€[39m[90mâ”€[39m[90mâ”€[39m[90mâ”€[39m[90mâ”€[39m[90mâ”€[39m[90mâ”€[39m[90mâ”€[39m[90mâ”€[39m[90mâ”€[39m[90mâ”€[39m[90mâ”€[39m[90mâ”€[39m[90mâ”€[39m[90mâ”€[39m[90mâ”€[39m[90mâ”€[39m[90mâ”€[39m[90mâ”€[39m[90mâ”€[39m[90mâ”€[39m[90mâ”€[39m[90mâ”€[39m[90mâ”€[39m[90mâ”€[39m[90mâ”€[39m[90mâ”€[39m[90mâ”€[39m[90mâ”€[39m[90mâ”€[39m[90mâ”€[39m[90mâ”€[39m[90mâ”€[39m[90mâ”€[39m[90mâ”€[39m[90mâ”€[39m[90mâ”€[39m[90mâ”€[39m[90mâ”€[39m[90mâ”€[39m[90mâ”€[39m[90mâ”€[39m[90mâ”€[39m[90mâ”€[39m[90mâ”€[39m[90mâ”€[39m[90mâ”€[39m[90mâ”€[39m[90mâ”€[39m[90mâ”€[39m[90mâ”€[39m[90mâ”€[39m[90mâ”€[39m[90mâ”€[39m[90mâ”€[39m[90mâ”€[39m[90mâ”€[39m[90mâ”€[39m[90mâ”[39m
Admin UI E2E (1, firefox)	Run Cypress	2024-10-28T00:29:35.6781835Z [90m  â”‚[39m [90mTests:[39m        [32m21[39m                                                                               [90mâ”‚[39m
Admin UI E2E (1, firefox)	Run Cypress	2024-10-28T00:29:35.6783885Z [90m  â”‚[39m [90mPassing:[39m      [32m21[39m                                                                               [90mâ”‚[39m
Admin UI E2E (1, firefox)	Run Cypress	2024-10-28T00:29:35.6786000Z [90m  â”‚[39m [90mFailing:[39m      [32m0[39m                                                                                [90mâ”‚[39m
Admin UI E2E (1, firefox)	Run Cypress	2024-10-28T00:29:35.6787917Z [90m  â”‚[39m [90mPending:[39m      [32m0[39m                                                                                [90mâ”‚[39m
Admin UI E2E (1, firefox)	Run Cypress	2024-10-28T00:29:35.6909401Z [90m  â”‚[39m [90mSkipped:[39m      [32m0[39m                                                                                [90mâ”‚[39m
Admin UI E2E (1, firefox)	Run Cypress	2024-10-28T00:29:35.6914005Z [90m  â”‚[39m [90mScreenshots:[39m  [32m0[39m                                                                                [90mâ”‚[39m
Admin UI E2E (1, firefox)	Run Cypress	2024-10-28T00:29:35.6917903Z [90m  â”‚[39m [90mVideo:[39m        [32mfalse[39m                                                                            [90mâ”‚[39m
Admin UI E2E (1, firefox)	Run Cypress	2024-10-28T00:29:35.6920205Z [90m  â”‚[39m [90mDuration:[39m     [32m1 minute, 51 seconds[39m                                                             [90mâ”‚[39m
Admin UI E2E (1, firefox)	Run Cypress	2024-10-28T00:29:35.6923436Z [90m  â”‚[39m [90mSpec Ran:[39m     [32m[32muser_fed_ldap_test.spec.ts[32m[39m                                                       [90mâ”‚[39m
Admin UI E2E (1, firefox)	Run Cypress	2024-10-28T00:29:35.6934158Z [90m  â””[39m[90mâ”€[39m[90mâ”€[39m[90mâ”€[39m[90mâ”€[39m[90mâ”€[39m[90mâ”€[39m[90mâ”€[39m[90mâ”€[39m[90mâ”€[39m[90mâ”€[39m[90mâ”€[39m[90mâ”€[39m[90mâ”€[39m[90mâ”€[39m[90mâ”€[39m[90mâ”€[39m[90mâ”€[39m[90mâ”€[39m[90mâ”€[39m[90mâ”€[39m[90mâ”€[39m[90mâ”€[39m[90mâ”€[39m[90mâ”€[39m[90mâ”€[39m[90mâ”€[39m[90mâ”€[39m[90mâ”€[39m[90mâ”€[39m[90mâ”€[39m[90mâ”€[39m[90mâ”€[39m[90mâ”€[39m[90mâ”€[39m[90mâ”€[39m[90mâ”€[39m[90mâ”€[39m[90mâ”€[39m[90mâ”€[39m[90mâ”€[39m[90mâ”€[39m[90mâ”€[39m[90mâ”€[39m[90mâ”€[39m[90mâ”€[39m[90mâ”€[39m[90mâ”€[39m[90mâ”€[39m[90mâ”€[39m[90mâ”€[39m[90mâ”€[39m[90mâ”€[39m[90mâ”€[39m[90mâ”€[39m[90mâ”€[39m[90mâ”€[39m[90mâ”€[39m[90mâ”€[39m[90mâ”€[39m[90mâ”€[39m[90mâ”€[39m[90mâ”€[39m[90mâ”€[39m[90mâ”€[39m[90mâ”€[39m[90mâ”€[39m[90mâ”€[39m[90mâ”€[39m[90mâ”€[39m[90mâ”€[39m[90mâ”€[39m[90mâ”€[39m[90mâ”€[39m[90mâ”€[39m[90mâ”€[39m[90mâ”€[39m[90mâ”€[39m[90mâ”€[39m[90mâ”€[39m[90mâ”€[39m[90mâ”€[39m[90mâ”€[39m[90mâ”€[39m[90mâ”€[39m[90mâ”€[39m[90mâ”€[39m[90mâ”€[39m[90mâ”€[39m[90mâ”€[39m[90mâ”€[39m[90mâ”€[39m[90mâ”€[39m[90mâ”€[39m[90mâ”€[39m[90mâ”€[39m[90mâ”€[39m[90mâ”˜[39m
Admin UI E2E (1, firefox)	Run Cypress	2024-10-28T00:29:35.6940634Z 
Admin UI E2E (1, firefox)	Run Cypress	2024-10-28T00:29:35.7099614Z 
Admin UI E2E (1, firefox)	Run Cypress	2024-10-28T00:29:35.7113818Z [90mâ”€[39m[90mâ”€[39m[90mâ”€[39m[90mâ”€[39m[90mâ”€[39m[90mâ”€[39m[90mâ”€[39m[90mâ”€[39m[90mâ”€[39m[90mâ”€[39m[90mâ”€[39m[90mâ”€[39m[90mâ”€[39m[90mâ”€[39m[90mâ”€[39m[90mâ”€[39m[90mâ”€[39m[90mâ”€[39m[90mâ”€[39m[90mâ”€[39m[90mâ”€[39m[90mâ”€[39m[90mâ”€[39m[90mâ”€[39m[90mâ”€[39m[90mâ”€[39m[90mâ”€[39m[90mâ”€[39m[90mâ”€[39m[90mâ”€[39m[90mâ”€[39m[90mâ”€[39m[90mâ”€[39m[90mâ”€[39m[90mâ”€[39m[90mâ”€[39m[90mâ”€[39m[90mâ”€[39m[90mâ”€[39m[90mâ”€[39m[90mâ”€[39m[90mâ”€[39m[90mâ”€[39m[90mâ”€[39m[90mâ”€[39m[90mâ”€[39m[90mâ”€[39m[90mâ”€[39m[90mâ”€[39m[90mâ”€[39m[90mâ”€[39m[90mâ”€[39m[90mâ”€[39m[90mâ”€[39m[90mâ”€[39m[90mâ”€[39m[90mâ”€[39m[90mâ”€[39m[90mâ”€[39m[90mâ”€[39m[90mâ”€[39m[90mâ”€[39m[90mâ”€[39m[90mâ”€[39m[90mâ”€[39m[90mâ”€[39m[90mâ”€[39m[90mâ”€[39m[90mâ”€[39m[90mâ”€[39m[90mâ”€[39m[90mâ”€[39m[90mâ”€[39m[90mâ”€[39m[90mâ”€[39m[90mâ”€[39m[90mâ”€[39m[90mâ”€[39m[90mâ”€[39m[90mâ”€[39m[90mâ”€[39m[90mâ”€[39m[90mâ”€[39m[90mâ”€[39m[90mâ”€[39m[90mâ”€[39m[90mâ”€[39m[90mâ”€[39m[90mâ”€[39m[90mâ”€[39m[90mâ”€[39m[90mâ”€[39m[90mâ”€[39m[90mâ”€[39m[90mâ”€[39m[90mâ”€[39m[90mâ”€[39m[90mâ”€[39m[90mâ”€[39m[90mâ”€[39m
Admin UI E2E (1, firefox)	Run Cypress	2024-10-28T00:29:35.7120541Z                                                                                                     
Admin UI E2E (1, firefox)	Run Cypress	2024-10-28T00:29:35.7121971Z   Running:  [90mpartial_export_test.spec.ts[39m                                                     [90m(3 of 4)[39m
Admin UI E2E (1, firefox)	Run Cypress	2024-10-28T00:29:35.7122975Z 
Admin UI E2E (1, firefox)	Run Cypress	2024-10-28T00:29:35.7124115Z [35mYour project has set the configuration option: `chromeWebSecurity` to `false`.[39m
Admin UI E2E (1, firefox)	Run Cypress	2024-10-28T00:29:35.7125348Z [35m[39m
Admin UI E2E (1, firefox)	Run Cypress	2024-10-28T00:29:35.7127025Z [35mThis option will not have an effect in Firefox. Tests that rely on web security being disabled will not run as expected.[39m
Admin UI E2E (1, firefox)	Run Cypress	2024-10-28T00:29:38.9786515Z 
Admin UI E2E (1, firefox)	Run Cypress	2024-10-28T00:29:38.9855438Z [0m[0m
Admin UI E2E (1, firefox)	Run Cypress	2024-10-28T00:29:38.9902125Z [0m  Partial realm export[0m
Admin UI E2E (1, firefox)	Run Cypress	2024-10-28T00:29:43.2528167Z   [32m  âœ“[0m[90m Closes the dialog[0m[90m (4252ms)[0m
Admin UI E2E (1, firefox)	Run Cypress	2024-10-28T00:29:45.1846325Z   [32m  âœ“[0m[90m Shows a warning message[0m[90m (1903ms)[0m
Admin UI E2E (1, firefox)	Run Cypress	2024-10-28T00:29:47.5341300Z   [32m  âœ“[0m[90m Exports the realm[0m[90m (1855ms)[0m
Admin UI E2E (1, firefox)	Run Cypress	2024-10-28T00:29:47.5372187Z 
Admin UI E2E (1, firefox)	Run Cypress	2024-10-28T00:29:47.5715346Z 
Admin UI E2E (1, firefox)	Run Cypress	2024-10-28T00:29:47.5716781Z [92m [0m[32m 3 passing[0m[90m (9s)[0m
Admin UI E2E (1, firefox)	Run Cypress	2024-10-28T00:29:47.5717277Z 
Admin UI E2E (1, firefox)	Run Cypress	2024-10-28T00:29:47.5728866Z 
Admin UI E2E (1, firefox)	Run Cypress	2024-10-28T00:29:47.5730371Z [32m  ([4m[1mResults[22m[24m)[39m
Admin UI E2E (1, firefox)	Run Cypress	2024-10-28T00:29:47.5749333Z 
Admin UI E2E (1, firefox)	Run Cypress	2024-10-28T00:29:47.5764876Z [90m  â”Œ[39m[90mâ”€[39m[90mâ”€[39m[90mâ”€[39m[90mâ”€[39m[90mâ”€[39m[90mâ”€[39m[90mâ”€[39m[90mâ”€[39m[90mâ”€[39m[90mâ”€[39m[90mâ”€[39m[90mâ”€[39m[90mâ”€[39m[90mâ”€[39m[90mâ”€[39m[90mâ”€[39m[90mâ”€[39m[90mâ”€[39m[90mâ”€[39m[90mâ”€[39m[90mâ”€[39m[90mâ”€[39m[90mâ”€[39m[90mâ”€[39m[90mâ”€[39m[90mâ”€[39m[90mâ”€[39m[90mâ”€[39m[90mâ”€[39m[90mâ”€[39m[90mâ”€[39m[90mâ”€[39m[90mâ”€[39m[90mâ”€[39m[90mâ”€[39m[90mâ”€[39m[90mâ”€[39m[90mâ”€[39m[90mâ”€[39m[90mâ”€[39m[90mâ”€[39m[90mâ”€[39m[90mâ”€[39m[90mâ”€[39m[90mâ”€[39m[90mâ”€[39m[90mâ”€[39m[90mâ”€[39m[90mâ”€[39m[90mâ”€[39m[90mâ”€[39m[90mâ”€[39m[90mâ”€[39m[90mâ”€[39m[90mâ”€[39m[90mâ”€[39m[90mâ”€[39m[90mâ”€[39m[90mâ”€[39m[90mâ”€[39m[90mâ”€[39m[90mâ”€[39m[90mâ”€[39m[90mâ”€[39m[90mâ”€[39m[90mâ”€[39m[90mâ”€[39m[90mâ”€[39m[90mâ”€[39m[90mâ”€[39m[90mâ”€[39m[90mâ”€[39m[90mâ”€[39m[90mâ”€[39m[90mâ”€[39m[90mâ”€[39m[90mâ”€[39m[90mâ”€[39m[90mâ”€[39m[90mâ”€[39m[90mâ”€[39m[90mâ”€[39m[90mâ”€[39m[90mâ”€[39m[90mâ”€[39m[90mâ”€[39m[90mâ”€[39m[90mâ”€[39m[90mâ”€[39m[90mâ”€[39m[90mâ”€[39m[90mâ”€[39m[90mâ”€[39m[90mâ”€[39m[90mâ”€[39m[90mâ”€[39m[90mâ”[39m
Admin UI E2E (1, firefox)	Run Cypress	2024-10-28T00:29:47.5769904Z [90m  â”‚[39m [90mTests:[39m        [32m3[39m                                                                                [90mâ”‚[39m
Admin UI E2E (1, firefox)	Run Cypress	2024-10-28T00:29:47.5770898Z [90m  â”‚[39m [90mPassing:[39m      [32m3[39m                                                                                [90mâ”‚[39m
Admin UI E2E (1, firefox)	Run Cypress	2024-10-28T00:29:47.5772678Z [90m  â”‚[39m [90mFailing:[39m      [32m0[39m                                                                                [90mâ”‚[39m
Admin UI E2E (1, firefox)	Run Cypress	2024-10-28T00:29:47.5774246Z [90m  â”‚[39m [90mPending:[39m      [32m0[39m                                                                                [90mâ”‚[39m
Admin UI E2E (1, firefox)	Run Cypress	2024-10-28T00:29:47.5775201Z [90m  â”‚[39m [90mSkipped:[39m      [32m0[39m                                                                                [90mâ”‚[39m
Admin UI E2E (1, firefox)	Run Cypress	2024-10-28T00:29:47.5776439Z [90m  â”‚[39m [90mScreenshots:[39m  [32m0[39m                                                                                [90mâ”‚[39m
Admin UI E2E (1, firefox)	Run Cypress	2024-10-28T00:29:47.5778240Z [90m  â”‚[39m [90mVideo:[39m        [32mfalse[39m                                                                            [90mâ”‚[39m
Admin UI E2E (1, firefox)	Run Cypress	2024-10-28T00:29:47.5779299Z [90m  â”‚[39m [90mDuration:[39m     [32m8 seconds[39m                                                                        [90mâ”‚[39m
Admin UI E2E (1, firefox)	Run Cypress	2024-10-28T00:29:47.5780425Z [90m  â”‚[39m [90mSpec Ran:[39m     [32m[32mpartial_export_test.spec.ts[32m[39m                                                      [90mâ”‚[39m
Admin UI E2E (1, firefox)	Run Cypress	2024-10-28T00:29:47.5785219Z [90m  â””[39m[90mâ”€[39m[90mâ”€[39m[90mâ”€[39m[90mâ”€[39m[90mâ”€[39m[90mâ”€[39m[90mâ”€[39m[90mâ”€[39m[90mâ”€[39m[90mâ”€[39m[90mâ”€[39m[90mâ”€[39m[90mâ”€[39m[90mâ”€[39m[90mâ”€[39m[90mâ”€[39m[90mâ”€[39m[90mâ”€[39m[90mâ”€[39m[90mâ”€[39m[90mâ”€[39m[90mâ”€[39m[90mâ”€[39m[90mâ”€[39m[90mâ”€[39m[90mâ”€[39m[90mâ”€[39m[90mâ”€[39m[90mâ”€[39m[90mâ”€[39m[90mâ”€[39m[90mâ”€[39m[90mâ”€[39m[90mâ”€[39m[90mâ”€[39m[90mâ”€[39m[90mâ”€[39m[90mâ”€[39m[90mâ”€[39m[90mâ”€[39m[90mâ”€[39m[90mâ”€[39m[90mâ”€[39m[90mâ”€[39m[90mâ”€[39m[90mâ”€[39m[90mâ”€[39m[90mâ”€[39m[90mâ”€[39m[90mâ”€[39m[90mâ”€[39m[90mâ”€[39m[90mâ”€[39m[90mâ”€[39m[90mâ”€[39m[90mâ”€[39m[90mâ”€[39m[90mâ”€[39m[90mâ”€[39m[90mâ”€[39m[90mâ”€[39m[90mâ”€[39m[90mâ”€[39m[90mâ”€[39m[90mâ”€[39m[90mâ”€[39m[90mâ”€[39m[90mâ”€[39m[90mâ”€[39m[90mâ”€[39m[90mâ”€[39m[90mâ”€[39m[90mâ”€[39m[90mâ”€[39m[90mâ”€[39m[90mâ”€[39m[90mâ”€[39m[90mâ”€[39m[90mâ”€[39m[90mâ”€[39m[90mâ”€[39m[90mâ”€[39m[90mâ”€[39m[90mâ”€[39m[90mâ”€[39m[90mâ”€[39m[90mâ”€[39m[90mâ”€[39m[90mâ”€[39m[90mâ”€[39m[90mâ”€[39m[90mâ”€[39m[90mâ”€[39m[90mâ”€[39m[90mâ”€[39m[90mâ”€[39m[90mâ”˜[39m
Admin UI E2E (1, firefox)	Run Cypress	2024-10-28T00:29:47.5788336Z 
Admin UI E2E (1, firefox)	Run Cypress	2024-10-28T00:29:47.6044828Z 
Admin UI E2E (1, firefox)	Run Cypress	2024-10-28T00:29:47.6053777Z [90mâ”€[39m[90mâ”€[39m[90mâ”€[39m[90mâ”€[39m[90mâ”€[39m[90mâ”€[39m[90mâ”€[39m[90mâ”€[39m[90mâ”€[39m[90mâ”€[39m[90mâ”€[39m[90mâ”€[39m[90mâ”€[39m[90mâ”€[39m[90mâ”€[39m[90mâ”€[39m[90mâ”€[39m[90mâ”€[39m[90mâ”€[39m[90mâ”€[39m[90mâ”€[39m[90mâ”€[39m[90mâ”€[39m[90mâ”€[39m[90mâ”€[39m[90mâ”€[39m[90mâ”€[39m[90mâ”€[39m[90mâ”€[39m[90mâ”€[39m[90mâ”€[39m[90mâ”€[39m[90mâ”€[39m[90mâ”€[39m[90mâ”€[39m[90mâ”€[39m[90mâ”€[39m[90mâ”€[39m[90mâ”€[39m[90mâ”€[39m[90mâ”€[39m[90mâ”€[39m[90mâ”€[39m[90mâ”€[39m[90mâ”€[39m[90mâ”€[39m[90mâ”€[39m[90mâ”€[39m[90mâ”€[39m[90mâ”€[39m[90mâ”€[39m[90mâ”€[39m[90mâ”€[39m[90mâ”€[39m[90mâ”€[39m[90mâ”€[39m[90mâ”€[39m[90mâ”€[39m[90mâ”€[39m[90mâ”€[39m[90mâ”€[39m[90mâ”€[39m[90mâ”€[39m[90mâ”€[39m[90mâ”€[39m[90mâ”€[39m[90mâ”€[39m[90mâ”€[39m[90mâ”€[39m[90mâ”€[39m[90mâ”€[39m[90mâ”€[39m[90mâ”€[39m[90mâ”€[39m[90mâ”€[39m[90mâ”€[39m[90mâ”€[39m[90mâ”€[39m[90mâ”€[39m[90mâ”€[39m[90mâ”€[39m[90mâ”€[39m[90mâ”€[39m[90mâ”€[39m[90mâ”€[39m[90mâ”€[39m[90mâ”€[39m[90mâ”€[39m[90mâ”€[39m[90mâ”€[39m[90mâ”€[39m[90mâ”€[39m[90mâ”€[39m[90mâ”€[39m[90mâ”€[39m[90mâ”€[39m[90mâ”€[39m[90mâ”€[39m[90mâ”€[39m[90mâ”€[39m
Admin UI E2E (1, firefox)	Run Cypress	2024-10-28T00:29:47.6064864Z                                                                                                     
Admin UI E2E (1, firefox)	Run Cypress	2024-10-28T00:29:47.6066646Z   Running:  [90mclient_scopes_test.spec.ts[39m                                                      [90m(4 of 4)[39m
Admin UI E2E (1, firefox)	Run Cypress	2024-10-28T00:29:47.6077492Z 
Admin UI E2E (1, firefox)	Run Cypress	2024-10-28T00:29:47.6078757Z [35mYour project has set the configuration option: `chromeWebSecurity` to `false`.[39m
Admin UI E2E (1, firefox)	Run Cypress	2024-10-28T00:29:47.6080130Z [35m[39m
Admin UI E2E (1, firefox)	Run Cypress	2024-10-28T00:29:47.6082229Z [35mThis option will not have an effect in Firefox. Tests that rely on web security being disabled will not run as expected.[39m
Admin UI E2E (1, firefox)	Run Cypress	2024-10-28T00:29:50.9403079Z 
Admin UI E2E (1, firefox)	Run Cypress	2024-10-28T00:29:50.9439513Z [0m[0m
Admin UI E2E (1, firefox)	Run Cypress	2024-10-28T00:29:50.9532597Z [0m  Client Scopes test[0m
Admin UI E2E (1, firefox)	Run Cypress	2024-10-28T00:29:51.5051170Z [0m    Client Scope filter list items[0m
Admin UI E2E (1, firefox)	Run Cypress	2024-10-28T00:29:55.4965894Z     [32m  âœ“[0m[90m should filter item by name[0m[90m (4529ms)[0m
Admin UI E2E (1, firefox)	Run Cypress	2024-10-28T00:29:57.0211616Z     [32m  âœ“[0m[90m should filter items by Assigned type All types[0m[90m (1484ms)[0m
Admin UI E2E (1, firefox)	Run Cypress	2024-10-28T00:29:58.5082596Z     [32m  âœ“[0m[90m should filter items by Assigned type Default[0m[90m (1455ms)[0m
Admin UI E2E (1, firefox)	Run Cypress	2024-10-28T00:30:00.0286215Z     [32m  âœ“[0m[90m should filter items by Assigned type Optional[0m[90m (1485ms)[0m
Admin UI E2E (1, firefox)	Run Cypress	2024-10-28T00:30:01.7066452Z     [32m  âœ“[0m[90m should filter items by Protocol All[0m[90m (1639ms)[0m
Admin UI E2E (1, firefox)	Run Cypress	2024-10-28T00:30:03.1299576Z     [32m  âœ“[0m[90m should filter items by Protocol SAML[0m[90m (1393ms)[0m
Admin UI E2E (1, firefox)	Run Cypress	2024-10-28T00:30:04.5491391Z     [32m  âœ“[0m[90m should filter items by Protocol OpenID[0m[90m (1391ms)[0m
Admin UI E2E (1, firefox)	Run Cypress	2024-10-28T00:30:05.7837615Z     [32m  âœ“[0m[90m should show items on next page are more than 11[0m[90m (1204ms)[0m
Admin UI E2E (1, firefox)	Run Cypress	2024-10-28T00:30:05.8070837Z [0m    Client Scope modify list items[0m
Admin UI E2E (1, firefox)	Run Cypress	2024-10-28T00:30:07.2488231Z     [32m  âœ“[0m[90m should modify selected item type to Default from search bar[0m[90m (1425ms)[0m
Admin UI E2E (1, firefox)	Run Cypress	2024-10-28T00:30:08.6461492Z     [32m  âœ“[0m[90m should modify selected item type to Optional from search bar[0m[90m (1369ms)[0m
Admin UI E2E (1, firefox)	Run Cypress	2024-10-28T00:30:13.1154159Z     [32m  âœ“[0m[90m should modify item client-scope-test0 AssignedType to Default from item bar[0m[90m (4434ms)[0m
Admin UI E2E (1, firefox)	Run Cypress	2024-10-28T00:30:17.5285163Z     [32m  âœ“[0m[90m should modify item client-scope-test0 AssignedType to Optional from item bar[0m[90m (4369ms)[0m
Admin UI E2E (1, firefox)	Run Cypress	2024-10-28T00:30:21.9883767Z     [32m  âœ“[0m[90m should modify item client-scope-test0 AssignedType to None from item bar[0m[90m (4411ms)[0m
Admin UI E2E (1, firefox)	Run Cypress	2024-10-28T00:30:24.1132613Z     [32m  âœ“[0m[90m should not allow to modify item AssignedType from search bar when no item selected[0m[90m (2088ms)[0m
Admin UI E2E (1, firefox)	Run Cypress	2024-10-28T00:30:24.1273350Z [0m    Client Scope delete list items [0m
Admin UI E2E (1, firefox)	Run Cypress	2024-10-28T00:30:25.6087549Z     [32m  âœ“[0m[90m should delete item from item bar[0m[90m (1445ms)[0m
Admin UI E2E (1, firefox)	Run Cypress	2024-10-28T00:30:27.1659431Z     [32m  âœ“[0m[90m should delete selected item from search bar[0m[90m (1522ms)[0m
Admin UI E2E (1, firefox)	Run Cypress	2024-10-28T00:30:29.1204412Z     [32m  âœ“[0m[90m should delete multiple selected items from search bar[0m[90m (1913ms)[0m
Admin UI E2E (1, firefox)	Run Cypress	2024-10-28T00:30:29.1438963Z [0m    Client Scope creation[0m
Admin UI E2E (1, firefox)	Run Cypress	2024-10-28T00:30:31.0004100Z     [32m  âœ“[0m[90m should fail creating client scope[0m[90m (1845ms)[0m
Admin UI E2E (1, firefox)	Run Cypress	2024-10-28T00:30:32.2885517Z     [32m  âœ“[0m[90m hides 'consent text' field when 'display consent' switch is disabled[0m[90m (1264ms)[0m
Admin UI E2E (1, firefox)	Run Cypress	2024-10-28T00:30:36.6307843Z     [32m  âœ“[0m[90m Client scope CRUD test[0m[90m (4306ms)[0m
Admin UI E2E (1, firefox)	Run Cypress	2024-10-28T00:30:36.6602045Z [0m    Scope tab test[0m
Admin UI E2E (1, firefox)	Run Cypress	2024-10-28T00:30:39.1294389Z     [32m  âœ“[0m[90m Assign and unassign role[0m[90m (2451ms)[0m
Admin UI E2E (1, firefox)	Run Cypress	2024-10-28T00:30:39.1433455Z [0m    Mappers tab test[0m
Admin UI E2E (1, firefox)	Run Cypress	2024-10-28T00:30:47.7786775Z     [32m  âœ“[0m[90m CRUD mappers[0m[90m (8617ms)[0m
Admin UI E2E (1, firefox)	Run Cypress	2024-10-28T00:30:47.8039889Z [0m    Accessibility tests for client scopes[0m
Admin UI E2E (1, firefox)	Run Cypress	2024-10-28T00:30:49.4214563Z     [32m  âœ“[0m[90m Check a11y violations on load/ client scopes[0m[90m (1605ms)[0m
Admin UI E2E (1, firefox)	Run Cypress	2024-10-28T00:30:51.0281645Z     [32m  âœ“[0m[90m Check a11y violations on empty client scope[0m[90m (1577ms)[0m
Admin UI E2E (1, firefox)	Run Cypress	2024-10-28T00:30:54.1934227Z       [33m(Attempt 1 of 4)[0m Check a11y violations on client scope details
Admin UI E2E (1, firefox)	Run Cypress	2024-10-28T00:31:26.6095751Z       [33m(Attempt 2 of 4)[0m Check a11y violations on client scope details
Admin UI E2E (1, firefox)	Run Cypress	2024-10-28T00:31:59.3551519Z       [33m(Attempt 3 of 4)[0m Check a11y violations on client scope details
Admin UI E2E (1, firefox)	Run Cypress	2024-10-28T00:32:32.2202754Z     [31m  1) Check a11y violations on client scope details[0m
Admin UI E2E (1, firefox)	Run Cypress	2024-10-28T00:32:32.9483911Z 
Admin UI E2E (1, firefox)	Run Cypress	2024-10-28T00:32:33.0041079Z 
Admin UI E2E (1, firefox)	Run Cypress	2024-10-28T00:32:33.0042400Z [92m [0m[32m 24 passing[0m[90m (3m)[0m
Admin UI E2E (1, firefox)	Run Cypress	2024-10-28T00:32:33.0043614Z [31m  1 failing[0m
Admin UI E2E (1, firefox)	Run Cypress	2024-10-28T00:32:33.0043930Z 
Admin UI E2E (1, firefox)	Run Cypress	2024-10-28T00:32:33.0045763Z [0m  1) Client Scopes test
Admin UI E2E (1, firefox)	Run Cypress	2024-10-28T00:32:33.0046426Z        Accessibility tests for client scopes
Admin UI E2E (1, firefox)	Run Cypress	2024-10-28T00:32:33.0047202Z          Check a11y violations on client scope details:
Admin UI E2E (1, firefox)	Run Cypress	2024-10-28T00:32:33.0048981Z [0m[31m     AssertionError: Timed out retrying after 30000ms: Expected to find element: `.pf-v5-c-tabs `, but never found it.[0m[90m
Admin UI E2E (1, firefox)	Run Cypress	2024-10-28T00:32:33.0051160Z       at _TabPage_getTab (webpack://@keycloak/keycloak-admin-ui/./cypress/support/pages/admin-ui/components/TabPage.ts:36:0)
Admin UI E2E (1, firefox)	Run Cypress	2024-10-28T00:32:33.0053218Z       at clickTab (webpack://@keycloak/keycloak-admin-ui/./cypress/support/pages/admin-ui/components/TabPage.ts:16:0)
Admin UI E2E (1, firefox)	Run Cypress	2024-10-28T00:32:33.0055703Z       at goToMappersTab (webpack://@keycloak/keycloak-admin-ui/./cypress/support/pages/admin-ui/manage/client_scopes/client_scope_details/ClientScopeDetailsPage.ts:29:0)
Admin UI E2E (1, firefox)	Run Cypress	2024-10-28T00:32:33.0057820Z       at  (webpack://@keycloak/keycloak-admin-ui/./cypress/e2e/client_scopes_test.spec.ts:380:0)
Admin UI E2E (1, firefox)	Run Cypress	2024-10-28T00:32:33.0059447Z       at __webpack_modules__</setRunnable/runnable.fn (http://localhost:8080/__cypress/runner/cypress_runner.js:138202:43)
Admin UI E2E (1, firefox)	Run Cypress	2024-10-28T00:32:33.0060924Z       at callFn (http://localhost:8080/__cypress/runner/cypress_runner.js:156818:21)
Admin UI E2E (1, firefox)	Run Cypress	2024-10-28T00:32:33.0062439Z       at __webpack_modules__</Runnable.prototype.run (http://localhost:8080/__cypress/runner/cypress_runner.js:156805:13)
Admin UI E2E (1, firefox)	Run Cypress	2024-10-28T00:32:33.0064203Z       at __webpack_modules__</create/onRunnableRun (http://localhost:8080/__cypress/runner/cypress_runner.js:162729:30)
Admin UI E2E (1, firefox)	Run Cypress	2024-10-28T00:32:33.0065699Z       at finallyHandler (http://localhost:8080/__cypress/runner/cypress_runner.js:4072:23)
Admin UI E2E (1, firefox)	Run Cypress	2024-10-28T00:32:33.0067025Z       at tryCatcher (http://localhost:8080/__cypress/runner/cypress_runner.js:1807:23)
Admin UI E2E (1, firefox)	Run Cypress	2024-10-28T00:32:33.0068901Z       at __webpack_modules__</module.exports/Promise.prototype._settlePromiseFromHandler (http://localhost:8080/__cypress/runner/cypress_runner.js:1519:31)
Admin UI E2E (1, firefox)	Run Cypress	2024-10-28T00:32:33.0070767Z       at __webpack_modules__</module.exports/Promise.prototype._settlePromise (http://localhost:8080/__cypress/runner/cypress_runner.js:1576:18)
Admin UI E2E (1, firefox)	Run Cypress	2024-10-28T00:32:33.0072006Z       at __webpack_modules__</module.exports/Promise.prototype._settlePromise0 (http://localhost:8080/__cypress/runner/cypress_runner.js:1621:10)
Admin UI E2E (1, firefox)	Run Cypress	2024-10-28T00:32:33.0073230Z       at __webpack_modules__</module.exports/Promise.prototype._settlePromises (http://localhost:8080/__cypress/runner/cypress_runner.js:1701:18)
Admin UI E2E (1, firefox)	Run Cypress	2024-10-28T00:32:33.0074383Z       at _drainQueueStep (http://localhost:8080/__cypress/runner/cypress_runner.js:2407:12)
Admin UI E2E (1, firefox)	Run Cypress	2024-10-28T00:32:33.0076286Z       at _drainQueue (http://localhost:8080/__cypress/runner/cypress_runner.js:2400:24)
Admin UI E2E (1, firefox)	Run Cypress	2024-10-28T00:32:33.0077881Z       at __webpack_modules__</Async.prototype._drainQueues (http://localhost:8080/__cypress/runner/cypress_runner.js:2416:16)
Admin UI E2E (1, firefox)	Run Cypress	2024-10-28T00:32:33.0079685Z       at __webpack_modules__</Async/this.drainQueues (http://localhost:8080/__cypress/runner/cypress_runner.js:2286:14)
Admin UI E2E (1, firefox)	Run Cypress	2024-10-28T00:32:33.0081194Z [0m
Admin UI E2E (1, firefox)	Run Cypress	2024-10-28T00:32:33.0081415Z 
Admin UI E2E (1, firefox)	Run Cypress	2024-10-28T00:32:33.0081428Z 
Admin UI E2E (1, firefox)	Run Cypress	2024-10-28T00:32:33.0081446Z 
Admin UI E2E (1, firefox)	Run Cypress	2024-10-28T00:32:33.0081788Z [31m  ([4m[1mResults[22m[24m)[39m
Admin UI E2E (1, firefox)	Run Cypress	2024-10-28T00:32:33.0098368Z 
Admin UI E2E (1, firefox)	Run Cypress	2024-10-28T00:32:33.0115629Z [90m  â”Œ[39m[90mâ”€[39m[90mâ”€[39m[90mâ”€[39m[90mâ”€[39m[90mâ”€[39m[90mâ”€[39m[90mâ”€[39m[90mâ”€[39m[90mâ”€[39m[90mâ”€[39m[90mâ”€[39m[90mâ”€[39m[90mâ”€[39m[90mâ”€[39m[90mâ”€[39m[90mâ”€[39m[90mâ”€[39m[90mâ”€[39m[90mâ”€[39m[90mâ”€[39m[90mâ”€[39m[90mâ”€[39m[90mâ”€[39m[90mâ”€[39m[90mâ”€[39m[90mâ”€[39m[90mâ”€[39m[90mâ”€[39m[90mâ”€[39m[90mâ”€[39m[90mâ”€[39m[90mâ”€[39m[90mâ”€[39m[90mâ”€[39m[90mâ”€[39m[90mâ”€[39m[90mâ”€[39m[90mâ”€[39m[90mâ”€[39m[90mâ”€[39m[90mâ”€[39m[90mâ”€[39m[90mâ”€[39m[90mâ”€[39m[90mâ”€[39m[90mâ”€[39m[90mâ”€[39m[90mâ”€[39m[90mâ”€[39m[90mâ”€[39m[90mâ”€[39m[90mâ”€[39m[90mâ”€[39m[90mâ”€[39m[90mâ”€[39m[90mâ”€[39m[90mâ”€[39m[90mâ”€[39m[90mâ”€[39m[90mâ”€[39m[90mâ”€[39m[90mâ”€[39m[90mâ”€[39m[90mâ”€[39m[90mâ”€[39m[90mâ”€[39m[90mâ”€[39m[90mâ”€[39m[90mâ”€[39m[90mâ”€[39m[90mâ”€[39m[90mâ”€[39m[90mâ”€[39m[90mâ”€[39m[90mâ”€[39m[90mâ”€[39m[90mâ”€[39m[90mâ”€[39m[90mâ”€[39m[90mâ”€[39m[90mâ”€[39m[90mâ”€[39m[90mâ”€[39m[90mâ”€[39m[90mâ”€[39m[90mâ”€[39m[90mâ”€[39m[90mâ”€[39m[90mâ”€[39m[90mâ”€[39m[90mâ”€[39m[90mâ”€[39m[90mâ”€[39m[90mâ”€[39m[90mâ”€[39m[90mâ”€[39m[90mâ”[39m
Admin UI E2E (1, firefox)	Run Cypress	2024-10-28T00:32:33.0122854Z [90m  â”‚[39m [90mTests:[39m        [31m25[39m                                                                               [90mâ”‚[39m
Admin UI E2E (1, firefox)	Run Cypress	2024-10-28T00:32:33.0124560Z [90m  â”‚[39m [90mPassing:[39m      [31m24[39m                                                                               [90mâ”‚[39m
Admin UI E2E (1, firefox)	Run Cypress	2024-10-28T00:32:33.0126262Z [90m  â”‚[39m [90mFailing:[39m      [31m1[39m                                                                                [90mâ”‚[39m
Admin UI E2E (1, firefox)	Run Cypress	2024-10-28T00:32:33.0131961Z [90m  â”‚[39m [90mPending:[39m      [31m0[39m                                                                                [90mâ”‚[39m
Admin UI E2E (1, firefox)	Run Cypress	2024-10-28T00:32:33.0133630Z [90m  â”‚[39m [90mSkipped:[39m      [31m0[39m                                                                                [90mâ”‚[39m
Admin UI E2E (1, firefox)	Run Cypress	2024-10-28T00:32:33.0135291Z [90m  â”‚[39m [90mScreenshots:[39m  [31m4[39m                                                                                [90mâ”‚[39m
Admin UI E2E (1, firefox)	Run Cypress	2024-10-28T00:32:33.0137043Z [90m  â”‚[39m [90mVideo:[39m        [31mfalse[39m                                                                            [90mâ”‚[39m
Admin UI E2E (1, firefox)	Run Cypress	2024-10-28T00:32:33.0138870Z [90m  â”‚[39m [90mDuration:[39m     [31m2 minutes, 42 seconds[39m                                                            [90mâ”‚[39m
Admin UI E2E (1, firefox)	Run Cypress	2024-10-28T00:32:33.0140939Z [90m  â”‚[39m [90mSpec Ran:[39m     [31m[31mclient_scopes_test.spec.ts[31m[39m                                                       [90mâ”‚[39m
Admin UI E2E (1, firefox)	Run Cypress	2024-10-28T00:32:33.0149813Z [90m  â””[39m[90mâ”€[39m[90mâ”€[39m[90mâ”€[39m[90mâ”€[39m[90mâ”€[39m[90mâ”€[39m[90mâ”€[39m[90mâ”€[39m[90mâ”€[39m[90mâ”€[39m[90mâ”€[39m[90mâ”€[39m[90mâ”€[39m[90mâ”€[39m[90mâ”€[39m[90mâ”€[39m[90mâ”€[39m[90mâ”€[39m[90mâ”€[39m[90mâ”€[39m[90mâ”€[39m[90mâ”€[39m[90mâ”€[39m[90mâ”€[39m[90mâ”€[39m[90mâ”€[39m[90mâ”€[39m[90mâ”€[39m[90mâ”€[39m[90mâ”€[39m[90mâ”€[39m[90mâ”€[39m[90mâ”€[39m[90mâ”€[39m[90mâ”€[39m[90mâ”€[39m[90mâ”€[39m[90mâ”€[39m[90mâ”€[39m[90mâ”€[39m[90mâ”€[39m[90mâ”€[39m[90mâ”€[39m[90mâ”€[39m[90mâ”€[39m[90mâ”€[39m[90mâ”€[39m[90mâ”€[39m[90mâ”€[39m[90mâ”€[39m[90mâ”€[39m[90mâ”€[39m[90mâ”€[39m[90mâ”€[39m[90mâ”€[39m[90mâ”€[39m[90mâ”€[39m[90mâ”€[39m[90mâ”€[39m[90mâ”€[39m[90mâ”€[39m[90mâ”€[39m[90mâ”€[39m[90mâ”€[39m[90mâ”€[39m[90mâ”€[39m[90mâ”€[39m[90mâ”€[39m[90mâ”€[39m[90mâ”€[39m[90mâ”€[39m[90mâ”€[39m[90mâ”€[39m[90mâ”€[39m[90mâ”€[39m[90mâ”€[39m[90mâ”€[39m[90mâ”€[39m[90mâ”€[39m[90mâ”€[39m[90mâ”€[39m[90mâ”€[39m[90mâ”€[39m[90mâ”€[39m[90mâ”€[39m[90mâ”€[39m[90mâ”€[39m[90mâ”€[39m[90mâ”€[39m[90mâ”€[39m[90mâ”€[39m[90mâ”€[39m[90mâ”€[39m[90mâ”€[39m[90mâ”€[39m[90mâ”€[39m[90mâ”˜[39m
Admin UI E2E (1, firefox)	Run Cypress	2024-10-28T00:32:33.0154792Z 
Admin UI E2E (1, firefox)	Run Cypress	2024-10-28T00:32:33.0155068Z 
Admin UI E2E (1, firefox)	Run Cypress	2024-10-28T00:32:33.0155368Z [33m  ([4m[1mScreenshots[22m[24m)[39m
Admin UI E2E (1, firefox)	Run Cypress	2024-10-28T00:32:33.0155647Z 
Admin UI E2E (1, firefox)	Run Cypress	2024-10-28T00:32:33.0156725Z [90m [39m -  [0m/home/runner/work/keycloak/keycloak/js/apps/admin-ui/cypress/screenshots/client_[0m     [90m[90m(1280x720)[90m[39m
Admin UI E2E (1, firefox)	Run Cypress	2024-10-28T00:32:33.0158041Z [90m [39m    [0mscopes_test.spec.ts/Client Scopes test -- Accessibility tests for client scopes [0m               
Admin UI E2E (1, firefox)	Run Cypress	2024-10-28T00:32:33.0159141Z [90m [39m    [0m-- Check a11y violations on client scope details (failed).png[0m                                  
Admin UI E2E (1, firefox)	Run Cypress	2024-10-28T00:32:33.0160436Z [90m [39m -  [0m/home/runner/work/keycloak/keycloak/js/apps/admin-ui/cypress/screenshots/client_[0m     [90m[90m(1280x720)[90m[39m
Admin UI E2E (1, firefox)	Run Cypress	2024-10-28T00:32:33.0162715Z [90m [39m    [0mscopes_test.spec.ts/Client Scopes test -- Accessibility tests for client scopes [0m               
Admin UI E2E (1, firefox)	Run Cypress	2024-10-28T00:32:33.0164651Z [90m [39m    [0m-- Check a11y violations on client scope details (failed) (attempt 2).png[0m                      
Admin UI E2E (1, firefox)	Run Cypress	2024-10-28T00:32:33.0166579Z [90m [39m -  [0m/home/runner/work/keycloak/keycloak/js/apps/admin-ui/cypress/screenshots/client_[0m     [90m[90m(1280x720)[90m[39m
Admin UI E2E (1, firefox)	Run Cypress	2024-10-28T00:32:33.0167902Z [90m [39m    [0mscopes_test.spec.ts/Client Scopes test -- Accessibility tests for client scopes [0m               
Admin UI E2E (1, firefox)	Run Cypress	2024-10-28T00:32:33.0168990Z [90m [39m    [0m-- Check a11y violations on client scope details (failed) (attempt 3).png[0m                      
Admin UI E2E (1, firefox)	Run Cypress	2024-10-28T00:32:33.0170269Z [90m [39m -  [0m/home/runner/work/keycloak/keycloak/js/apps/admin-ui/cypress/screenshots/client_[0m     [90m[90m(1280x720)[90m[39m
Admin UI E2E (1, firefox)	Run Cypress	2024-10-28T00:32:33.0171525Z [90m [39m    [0mscopes_test.spec.ts/Client Scopes test -- Accessibility tests for client scopes [0m               
Admin UI E2E (1, firefox)	Run Cypress	2024-10-28T00:32:33.0172647Z [90m [39m    [0m-- Check a11y violations on client scope details (failed) (attempt 4).png[0m                      
Admin UI E2E (1, firefox)	Run Cypress	2024-10-28T00:32:33.0173542Z 
Admin UI E2E (1, firefox)	Run Cypress	2024-10-28T00:32:33.0522700Z 
Admin UI E2E (1, firefox)	Run Cypress	2024-10-28T00:32:33.1086611Z [90m====================================================================================================[39m
Admin UI E2E (1, firefox)	Run Cypress	2024-10-28T00:32:33.1087456Z 
Admin UI E2E (1, firefox)	Run Cypress	2024-10-28T00:32:33.1087915Z [0m  ([4m[1mRun Finished[22m[24m)[0m
Admin UI E2E (1, firefox)	Run Cypress	2024-10-28T00:32:33.1103598Z 
Admin UI E2E (1, firefox)	Run Cypress	2024-10-28T00:32:33.1103800Z 
Admin UI E2E (1, firefox)	Run Cypress	2024-10-28T00:32:33.1125701Z [90m   [39m    [90mSpec[39m                                              [90mTests[39m  [90mPassing[39m  [90mFailing[39m  [90mPending[39m  [90mSkipped[39m [90m [39m
Admin UI E2E (1, firefox)	Run Cypress	2024-10-28T00:32:33.1133420Z [90m  â”Œ[39m[90mâ”€[39m[90mâ”€[39m[90mâ”€[39m[90mâ”€[39m[90mâ”€[39m[90mâ”€[39m[90mâ”€[39m[90mâ”€[39m[90mâ”€[39m[90mâ”€[39m[90mâ”€[39m[90mâ”€[39m[90mâ”€[39m[90mâ”€[39m[90mâ”€[39m[90mâ”€[39m[90mâ”€[39m[90mâ”€[39m[90mâ”€[39m[90mâ”€[39m[90mâ”€[39m[90mâ”€[39m[90mâ”€[39m[90mâ”€[39m[90mâ”€[39m[90mâ”€[39m[90mâ”€[39m[90mâ”€[39m[90mâ”€[39m[90mâ”€[39m[90mâ”€[39m[90mâ”€[39m[90mâ”€[39m[90mâ”€[39m[90mâ”€[39m[90mâ”€[39m[90mâ”€[39m[90mâ”€[39m[90mâ”€[39m[90mâ”€[39m[90mâ”€[39m[90mâ”€[39m[90mâ”€[39m[90mâ”€[39m[90mâ”€[39m[90mâ”€[39m[90mâ”€[39m[90mâ”€[39m[90mâ”€[39m[90mâ”€[39m[90mâ”€[39m[90mâ”€[39m[90mâ”€[39m[90mâ”€[39m[90mâ”€[39m[90mâ”€[39m[90mâ”€[39m[90mâ”€[39m[90mâ”€[39m[90mâ”€[39m[90mâ”€[39m[90mâ”€[39m[90mâ”€[39m[90mâ”€[39m[90mâ”€[39m[90mâ”€[39m[90mâ”€[39m[90mâ”€[39m[90mâ”€[39m[90mâ”€[39m[90mâ”€[39m[90mâ”€[39m[90mâ”€[39m[90mâ”€[39m[90mâ”€[39m[90mâ”€[39m[90mâ”€[39m[90mâ”€[39m[90mâ”€[39m[90mâ”€[39m[90mâ”€[39m[90mâ”€[39m[90mâ”€[39m[90mâ”€[39m[90mâ”€[39m[90mâ”€[39m[90mâ”€[39m[90mâ”€[39m[90mâ”€[39m[90mâ”€[39m[90mâ”€[39m[90mâ”€[39m[90mâ”€[39m[90mâ”€[39m[90mâ”€[39m[90mâ”€[39m[90mâ”[39m
Admin UI E2E (1, firefox)	Run Cypress	2024-10-28T00:32:33.1141532Z [90m  â”‚[39m [32mâœ”[39m  [0mclient_authorization_test.spec.ts[0m        [90m00:59[39m       [0m12[0m       [32m11[39m        [90m-[39m        [36m1[39m        [90m-[39m [90mâ”‚[39m
Admin UI E2E (1, firefox)	Run Cypress	2024-10-28T00:32:33.1150821Z [90m  â”œ[39m[90mâ”€[39m[90mâ”€[39m[90mâ”€[39m[90mâ”€[39m[90mâ”€[39m[90mâ”€[39m[90mâ”€[39m[90mâ”€[39m[90mâ”€[39m[90mâ”€[39m[90mâ”€[39m[90mâ”€[39m[90mâ”€[39m[90mâ”€[39m[90mâ”€[39m[90mâ”€[39m[90mâ”€[39m[90mâ”€[39m[90mâ”€[39m[90mâ”€[39m[90mâ”€[39m[90mâ”€[39m[90mâ”€[39m[90mâ”€[39m[90mâ”€[39m[90mâ”€[39m[90mâ”€[39m[90mâ”€[39m[90mâ”€[39m[90mâ”€[39m[90mâ”€[39m[90mâ”€[39m[90mâ”€[39m[90mâ”€[39m[90mâ”€[39m[90mâ”€[39m[90mâ”€[39m[90mâ”€[39m[90mâ”€[39m[90mâ”€[39m[90mâ”€[39m[90mâ”€[39m[90mâ”€[39m[90mâ”€[39m[90mâ”€[39m[90mâ”€[39m[90mâ”€[39m[90mâ”€[39m[90mâ”€[39m[90mâ”€[39m[90mâ”€[39m[90mâ”€[39m[90mâ”€[39m[90mâ”€[39m[90mâ”€[39m[90mâ”€[39m[90mâ”€[39m[90mâ”€[39m[90mâ”€[39m[90mâ”€[39m[90mâ”€[39m[90mâ”€[39m[90mâ”€[39m[90mâ”€[39m[90mâ”€[39m[90mâ”€[39m[90mâ”€[39m[90mâ”€[39m[90mâ”€[39m[90mâ”€[39m[90mâ”€[39m[90mâ”€[39m[90mâ”€[39m[90mâ”€[39m[90mâ”€[39m[90mâ”€[39m[90mâ”€[39m[90mâ”€[39m[90mâ”€[39m[90mâ”€[39m[90mâ”€[39m[90mâ”€[39m[90mâ”€[39m[90mâ”€[39m[90mâ”€[39m[90mâ”€[39m[90mâ”€[39m[90mâ”€[39m[90mâ”€[39m[90mâ”€[39m[90mâ”€[39m[90mâ”€[39m[90mâ”€[39m[90mâ”€[39m[90mâ”€[39m[90mâ”€[39m[90mâ”¤[39m
Admin UI E2E (1, firefox)	Run Cypress	2024-10-28T00:32:33.1158648Z [90m  â”‚[39m [32mâœ”[39m  [0muser_fed_ldap_test.spec.ts[0m               [90m01:51[39m       [0m21[0m       [32m21[39m        [90m-[39m        [90m-[39m        [90m-[39m [90mâ”‚[39m
Admin UI E2E (1, firefox)	Run Cypress	2024-10-28T00:32:33.1170476Z [90m  â”œ[39m[90mâ”€[39m[90mâ”€[39m[90mâ”€[39m[90mâ”€[39m[90mâ”€[39m[90mâ”€[39m[90mâ”€[39m[90mâ”€[39m[90mâ”€[39m[90mâ”€[39m[90mâ”€[39m[90mâ”€[39m[90mâ”€[39m[90mâ”€[39m[90mâ”€[39m[90mâ”€[39m[90mâ”€[39m[90mâ”€[39m[90mâ”€[39m[90mâ”€[39m[90mâ”€[39m[90mâ”€[39m[90mâ”€[39m[90mâ”€[39m[90mâ”€[39m[90mâ”€[39m[90mâ”€[39m[90mâ”€[39m[90mâ”€[39m[90mâ”€[39m[90mâ”€[39m[90mâ”€[39m[90mâ”€[39m[90mâ”€[39m[90mâ”€[39m[90mâ”€[39m[90mâ”€[39m[90mâ”€[39m[90mâ”€[39m[90mâ”€[39m[90mâ”€[39m[90mâ”€[39m[90mâ”€[39m[90mâ”€[39m[90mâ”€[39m[90mâ”€[39m[90mâ”€[39m[90mâ”€[39m[90mâ”€[39m[90mâ”€[39m[90mâ”€[39m[90mâ”€[39m[90mâ”€[39m[90mâ”€[39m[90mâ”€[39m[90mâ”€[39m[90mâ”€[39m[90mâ”€[39m[90mâ”€[39m[90mâ”€[39m[90mâ”€[39m[90mâ”€[39m[90mâ”€[39m[90mâ”€[39m[90mâ”€[39m[90mâ”€[39m[90mâ”€[39m[90mâ”€[39m[90mâ”€[39m[90mâ”€[39m[90mâ”€[39m[90mâ”€[39m[90mâ”€[39m[90mâ”€[39m[90mâ”€[39m[90mâ”€[39m[90mâ”€[39m[90mâ”€[39m[90mâ”€[39m[90mâ”€[39m[90mâ”€[39m[90mâ”€[39m[90mâ”€[39m[90mâ”€[39m[90mâ”€[39m[90mâ”€[39m[90mâ”€[39m[90mâ”€[39m[90mâ”€[39m[90mâ”€[39m[90mâ”€[39m[90mâ”€[39m[90mâ”€[39m[90mâ”€[39m[90mâ”€[39m[90mâ”€[39m[90mâ”¤[39m
Admin UI E2E (1, firefox)	Run Cypress	2024-10-28T00:32:33.1177684Z [90m  â”‚[39m [32mâœ”[39m  [0mpartial_export_test.spec.ts[0m              [90m00:08[39m        [0m3[0m        [32m3[39m        [90m-[39m        [90m-[39m        [90m-[39m [90mâ”‚[39m
Admin UI E2E (1, firefox)	Run Cypress	2024-10-28T00:32:33.1186420Z [90m  â”œ[39m[90mâ”€[39m[90mâ”€[39m[90mâ”€[39m[90mâ”€[39m[90mâ”€[39m[90mâ”€[39m[90mâ”€[39m[90mâ”€[39m[90mâ”€[39m[90mâ”€[39m[90mâ”€[39m[90mâ”€[39m[90mâ”€[39m[90mâ”€[39m[90mâ”€[39m[90mâ”€[39m[90mâ”€[39m[90mâ”€[39m[90mâ”€[39m[90mâ”€[39m[90mâ”€[39m[90mâ”€[39m[90mâ”€[39m[90mâ”€[39m[90mâ”€[39m[90mâ”€[39m[90mâ”€[39m[90mâ”€[39m[90mâ”€[39m[90mâ”€[39m[90mâ”€[39m[90mâ”€[39m[90mâ”€[39m[90mâ”€[39m[90mâ”€[39m[90mâ”€[39m[90mâ”€[39m[90mâ”€[39m[90mâ”€[39m[90mâ”€[39m[90mâ”€[39m[90mâ”€[39m[90mâ”€[39m[90mâ”€[39m[90mâ”€[39m[90mâ”€[39m[90mâ”€[39m[90mâ”€[39m[90mâ”€[39m[90mâ”€[39m[90mâ”€[39m[90mâ”€[39m[90mâ”€[39m[90mâ”€[39m[90mâ”€[39m[90mâ”€[39m[90mâ”€[39m[90mâ”€[39m[90mâ”€[39m[90mâ”€[39m[90mâ”€[39m[90mâ”€[39m[90mâ”€[39m[90mâ”€[39m[90mâ”€[39m[90mâ”€[39m[90mâ”€[39m[90mâ”€[39m[90mâ”€[39m[90mâ”€[39m[90mâ”€[39m[90mâ”€[39m[90mâ”€[39m[90mâ”€[39m[90mâ”€[39m[90mâ”€[39m[90mâ”€[39m[90mâ”€[39m[90mâ”€[39m[90mâ”€[39m[90mâ”€[39m[90mâ”€[39m[90mâ”€[39m[90mâ”€[39m[90mâ”€[39m[90mâ”€[39m[90mâ”€[39m[90mâ”€[39m[90mâ”€[39m[90mâ”€[39m[90mâ”€[39m[90mâ”€[39m[90mâ”€[39m[90mâ”€[39m[90mâ”€[39m[90mâ”€[39m[90mâ”¤[39m
Admin UI E2E (1, firefox)	Run Cypress	2024-10-28T00:32:33.1194251Z [90m  â”‚[39m [31mâœ–[39m  [0mclient_scopes_test.spec.ts[0m               [90m02:42[39m       [0m25[0m       [32m24[39m        [31m1[39m        [90m-[39m        [90m-[39m [90mâ”‚[39m
Admin UI E2E (1, firefox)	Run Cypress	2024-10-28T00:32:33.1203196Z [90m  â””[39m[90mâ”€[39m[90mâ”€[39m[90mâ”€[39m[90mâ”€[39m[90mâ”€[39m[90mâ”€[39m[90mâ”€[39m[90mâ”€[39m[90mâ”€[39m[90mâ”€[39m[90mâ”€[39m[90mâ”€[39m[90mâ”€[39m[90mâ”€[39m[90mâ”€[39m[90mâ”€[39m[90mâ”€[39m[90mâ”€[39m[90mâ”€[39m[90mâ”€[39m[90mâ”€[39m[90mâ”€[39m[90mâ”€[39m[90mâ”€[39m[90mâ”€[39m[90mâ”€[39m[90mâ”€[39m[90mâ”€[39m[90mâ”€[39m[90mâ”€[39m[90mâ”€[39m[90mâ”€[39m[90mâ”€[39m[90mâ”€[39m[90mâ”€[39m[90mâ”€[39m[90mâ”€[39m[90mâ”€[39m[90mâ”€[39m[90mâ”€[39m[90mâ”€[39m[90mâ”€[39m[90mâ”€[39m[90mâ”€[39m[90mâ”€[39m[90mâ”€[39m[90mâ”€[39m[90mâ”€[39m[90mâ”€[39m[90mâ”€[39m[90mâ”€[39m[90mâ”€[39m[90mâ”€[39m[90mâ”€[39m[90mâ”€[39m[90mâ”€[39m[90mâ”€[39m[90mâ”€[39m[90mâ”€[39m[90mâ”€[39m[90mâ”€[39m[90mâ”€[39m[90mâ”€[39m[90mâ”€[39m[90mâ”€[39m[90mâ”€[39m[90mâ”€[39m[90mâ”€[39m[90mâ”€[39m[90mâ”€[39m[90mâ”€[39m[90mâ”€[39m[90mâ”€[39m[90mâ”€[39m[90mâ”€[39m[90mâ”€[39m[90mâ”€[39m[90mâ”€[39m[90mâ”€[39m[90mâ”€[39m[90mâ”€[39m[90mâ”€[39m[90mâ”€[39m[90mâ”€[39m[90mâ”€[39m[90mâ”€[39m[90mâ”€[39m[90mâ”€[39m[90mâ”€[39m[90mâ”€[39m[90mâ”€[39m[90mâ”€[39m[90mâ”€[39m[90mâ”€[39m[90mâ”€[39m[90mâ”€[39m[90mâ”˜[39m
Admin UI E2E (1, firefox)	Run Cypress	2024-10-28T00:32:33.1210145Z [90m   [39m [31mâœ–[39m  [31m1 of 4 failed (25%)[39m                      [90m05:41[39m       [0m61[0m       [32m59[39m        [31m1[39m        [36m1[39m        [90m-[39m [90m [39m
Admin UI E2E (1, firefox)	Run Cypress	2024-10-28T00:32:33.1211227Z 
Admin UI E2E (1, firefox)	Run Cypress	2024-10-28T00:32:33.2435852Z ##[error]Cypress tests: 1 failed
Admin UI E2E (2, firefox)	Run Cypress	2024-10-28T00:25:47.6188365Z ##[group]Run cypress-io/github-action@v6
Admin UI E2E (2, firefox)	Run Cypress	2024-10-28T00:25:47.6189016Z with:
Admin UI E2E (2, firefox)	Run Cypress	2024-10-28T00:25:47.6189385Z   install: false
Admin UI E2E (2, firefox)	Run Cypress	2024-10-28T00:25:47.6189826Z   browser: firefox
Admin UI E2E (2, firefox)	Run Cypress	2024-10-28T00:25:47.6190306Z   wait-on: http://localhost:8080
Admin UI E2E (2, firefox)	Run Cypress	2024-10-28T00:25:47.6191230Z   working-directory: js/apps/admin-ui
Admin UI E2E (2, firefox)	Run Cypress	2024-10-28T00:25:47.6191821Z   record: false
Admin UI E2E (2, firefox)	Run Cypress	2024-10-28T00:25:47.6192261Z   publish-summary: true
Admin UI E2E (2, firefox)	Run Cypress	2024-10-28T00:25:47.6192753Z   component: false
Admin UI E2E (2, firefox)	Run Cypress	2024-10-28T00:25:47.6193178Z env:
Admin UI E2E (2, firefox)	Run Cypress	2024-10-28T00:25:47.6193794Z   MAVEN_ARGS: -B -nsu -Daether.connector.http.connectionMaxTtl=25
Admin UI E2E (2, firefox)	Run Cypress	2024-10-28T00:25:47.6194633Z   WORKSPACE: keycloak-admin-ui
Admin UI E2E (2, firefox)	Run Cypress	2024-10-28T00:25:47.6195426Z   JAVA_HOME: /opt/hostedtoolcache/Java_Temurin-Hotspot_jdk/21.0.4-7/x64
Admin UI E2E (2, firefox)	Run Cypress	2024-10-28T00:25:47.6196561Z   JAVA_HOME_21_X64: /opt/hostedtoolcache/Java_Temurin-Hotspot_jdk/21.0.4-7/x64
Admin UI E2E (2, firefox)	Run Cypress	2024-10-28T00:25:47.6197431Z   SPLIT: 10
Admin UI E2E (2, firefox)	Run Cypress	2024-10-28T00:25:47.6197844Z   SPLIT_INDEX: 3
Admin UI E2E (2, firefox)	Run Cypress	2024-10-28T00:25:47.6198298Z   SPLIT_RANDOM_SEED: 40
Admin UI E2E (2, firefox)	Run Cypress	2024-10-28T00:25:47.6198760Z ##[endgroup]
Admin UI E2E (2, firefox)	Run Cypress	2024-10-28T00:25:47.8585001Z Skipping install because install parameter is false
Admin UI E2E (2, firefox)	Run Cypress	2024-10-28T00:25:47.8598720Z waiting on "http://localhost:8080" with timeout of 60 seconds
Admin UI E2E (2, firefox)	Run Cypress	2024-10-28T00:26:02.8199130Z It looks like this is your first time using Cypress: 13.15.1
Admin UI E2E (2, firefox)	Run Cypress	2024-10-28T00:26:02.8199660Z 
Admin UI E2E (2, firefox)	Run Cypress	2024-10-28T00:26:02.8221731Z [STARTED] Task without title.
Admin UI E2E (2, firefox)	Run Cypress	2024-10-28T00:26:04.3271230Z [SUCCESS] Task without title.
Admin UI E2E (2, firefox)	Run Cypress	2024-10-28T00:26:04.3275199Z 
Admin UI E2E (2, firefox)	Run Cypress	2024-10-28T00:26:04.3275555Z Opening Cypress...
Admin UI E2E (2, firefox)	Run Cypress	2024-10-28T00:26:04.9626411Z 
Admin UI E2E (2, firefox)	Run Cypress	2024-10-28T00:26:04.9628384Z DevTools listening on ws://127.0.0.1:36019/devtools/browser/10e2a42a-bdad-4b85-85bb-8622175e58bd
Admin UI E2E (2, firefox)	Run Cypress	2024-10-28T00:26:05.5857416Z (node:2610) ExperimentalWarning: `--experimental-loader` may be removed in the future; instead use `register()`:
Admin UI E2E (2, firefox)	Run Cypress	2024-10-28T00:26:05.5860767Z --import 'data:text/javascript,import { register } from "node:module"; import { pathToFileURL } from "node:url"; register("file%3A///home/runner/.cache/Cypress/13.15.1/Cypress/resources/app/node_modules/ts-node/esm/transpile-only.mjs", pathToFileURL("./"));'
Admin UI E2E (2, firefox)	Run Cypress	2024-10-28T00:26:05.5863678Z (Use `node --trace-warnings ...` to show where the warning was created)
Admin UI E2E (2, firefox)	Run Cypress	2024-10-28T00:26:06.2597048Z cypress-split: there are 37 found specs
Admin UI E2E (2, firefox)	Run Cypress	2024-10-28T00:26:06.2598028Z the first 5 specs
Admin UI E2E (2, firefox)	Run Cypress	2024-10-28T00:26:06.2599983Z - 1: /home/runner/work/keycloak/keycloak/js/apps/admin-ui/cypress/e2e/realm_settings_general_tab_test.spec.ts
Admin UI E2E (2, firefox)	Run Cypress	2024-10-28T00:26:06.2602910Z - 2: /home/runner/work/keycloak/keycloak/js/apps/admin-ui/cypress/e2e/realm_settings_user_profile_enabled.spec.ts
Admin UI E2E (2, firefox)	Run Cypress	2024-10-28T00:26:06.2605322Z - 3: /home/runner/work/keycloak/keycloak/js/apps/admin-ui/cypress/e2e/sessions_test.spec.ts
Admin UI E2E (2, firefox)	Run Cypress	2024-10-28T00:26:06.2609984Z - 4: /home/runner/work/keycloak/keycloak/js/apps/admin-ui/cypress/e2e/clients_saml_test.spec.ts
Admin UI E2E (2, firefox)	Run Cypress	2024-10-28T00:26:06.2611435Z - 5: /home/runner/work/keycloak/keycloak/js/apps/admin-ui/cypress/e2e/client_authorization_test.spec.ts
Admin UI E2E (2, firefox)	Run Cypress	2024-10-28T00:26:06.2612325Z cypress-split: chunk 4 of 10
Admin UI E2E (2, firefox)	Run Cypress	2024-10-28T00:26:06.2616039Z k  spec                                                   
Admin UI E2E (2, firefox)	Run Cypress	2024-10-28T00:26:06.2617001Z -  -------------------------------------------------------
Admin UI E2E (2, firefox)	Run Cypress	2024-10-28T00:26:06.2617874Z 1  cypress/e2e/clients_test.spec.ts                       
Admin UI E2E (2, firefox)	Run Cypress	2024-10-28T00:26:06.2619678Z 2  cypress/e2e/realm_test.spec.ts                         
Admin UI E2E (2, firefox)	Run Cypress	2024-10-28T00:26:06.2620646Z 3  cypress/e2e/realm_settings_client_policies_test.spec.ts
Admin UI E2E (2, firefox)	Run Cypress	2024-10-28T00:26:06.2621573Z 4  cypress/e2e/realm_roles_test.spec.ts                   
Admin UI E2E (2, firefox)	Run Cypress	2024-10-28T00:26:06.2622085Z 
Admin UI E2E (2, firefox)	Run Cypress	2024-10-28T00:26:06.8851107Z 
Admin UI E2E (2, firefox)	Run Cypress	2024-10-28T00:26:06.9181045Z [90m====================================================================================================[39m
Admin UI E2E (2, firefox)	Run Cypress	2024-10-28T00:26:06.9181840Z 
Admin UI E2E (2, firefox)	Run Cypress	2024-10-28T00:26:06.9183791Z [0m  ([4m[1mRun Starting[22m[24m)[0m
Admin UI E2E (2, firefox)	Run Cypress	2024-10-28T00:26:06.9184364Z 
Admin UI E2E (2, firefox)	Run Cypress	2024-10-28T00:26:06.9259099Z [90m  â”Œ[39m[90mâ”€[39m[90mâ”€[39m[90mâ”€[39m[90mâ”€[39m[90mâ”€[39m[90mâ”€[39m[90mâ”€[39m[90mâ”€[39m[90mâ”€[39m[90mâ”€[39m[90mâ”€[39m[90mâ”€[39m[90mâ”€[39m[90mâ”€[39m[90mâ”€[39m[90mâ”€[39m[90mâ”€[39m[90mâ”€[39m[90mâ”€[39m[90mâ”€[39m[90mâ”€[39m[90mâ”€[39m[90mâ”€[39m[90mâ”€[39m[90mâ”€[39m[90mâ”€[39m[90mâ”€[39m[90mâ”€[39m[90mâ”€[39m[90mâ”€[39m[90mâ”€[39m[90mâ”€[39m[90mâ”€[39m[90mâ”€[39m[90mâ”€[39m[90mâ”€[39m[90mâ”€[39m[90mâ”€[39m[90mâ”€[39m[90mâ”€[39m[90mâ”€[39m[90mâ”€[39m[90mâ”€[39m[90mâ”€[39m[90mâ”€[39m[90mâ”€[39m[90mâ”€[39m[90mâ”€[39m[90mâ”€[39m[90mâ”€[39m[90mâ”€[39m[90mâ”€[39m[90mâ”€[39m[90mâ”€[39m[90mâ”€[39m[90mâ”€[39m[90mâ”€[39m[90mâ”€[39m[90mâ”€[39m[90mâ”€[39m[90mâ”€[39m[90mâ”€[39m[90mâ”€[39m[90mâ”€[39m[90mâ”€[39m[90mâ”€[39m[90mâ”€[39m[90mâ”€[39m[90mâ”€[39m[90mâ”€[39m[90mâ”€[39m[90mâ”€[39m[90mâ”€[39m[90mâ”€[39m[90mâ”€[39m[90mâ”€[39m[90mâ”€[39m[90mâ”€[39m[90mâ”€[39m[90mâ”€[39m[90mâ”€[39m[90mâ”€[39m[90mâ”€[39m[90mâ”€[39m[90mâ”€[39m[90mâ”€[39m[90mâ”€[39m[90mâ”€[39m[90mâ”€[39m[90mâ”€[39m[90mâ”€[39m[90mâ”€[39m[90mâ”€[39m[90mâ”€[39m[90mâ”€[39m[90mâ”€[39m[90mâ”[39m
Admin UI E2E (2, firefox)	Run Cypress	2024-10-28T00:26:06.9267408Z [90m  â”‚[39m [90mCypress:[39m        13.15.1                                                                        [90mâ”‚[39m
Admin UI E2E (2, firefox)	Run Cypress	2024-10-28T00:26:06.9269371Z [90m  â”‚[39m [90mBrowser:[39m        Firefox 131 [90m(headless)[39m                                                         [90mâ”‚[39m
Admin UI E2E (2, firefox)	Run Cypress	2024-10-28T00:26:06.9271773Z [90m  â”‚[39m [90mNode Version:[39m   [0mv20.13.1 [90m(/home/runner/runners/2.320.0/externals/node20/bin/node)[39m[0m              [90mâ”‚[39m
Admin UI E2E (2, firefox)	Run Cypress	2024-10-28T00:26:06.9274221Z [90m  â”‚[39m [90mSpecs:[39m          [0m4 found (clients_test.spec.ts, realm_test.spec.ts, realm_settings_client_polic[0m [90mâ”‚[39m
Admin UI E2E (2, firefox)	Run Cypress	2024-10-28T00:26:06.9276401Z [90m  â”‚[39m                 [0mies_test.spec.ts, realm_roles_test.spec.ts)[0m                                    [90mâ”‚[39m
Admin UI E2E (2, firefox)	Run Cypress	2024-10-28T00:26:06.9278614Z [90m  â”‚[39m [90mSearched:[39m       [0mcypress/e2e/clients_test.spec.ts, cypress/e2e/realm_test.spec.ts, cypress/e2e/[0m [90mâ”‚[39m
Admin UI E2E (2, firefox)	Run Cypress	2024-10-28T00:26:06.9280762Z [90m  â”‚[39m                 [0mrealm_settings_client_policies_test.spec.ts, cypress/e2e/realm_roles_test.spec[0m [90mâ”‚[39m
Admin UI E2E (2, firefox)	Run Cypress	2024-10-28T00:26:06.9282553Z [90m  â”‚[39m                 [0m.ts[0m                                                                            [90mâ”‚[39m
Admin UI E2E (2, firefox)	Run Cypress	2024-10-28T00:26:06.9284412Z [90m  â”‚[39m [90mExperiments:[39m    experimentalMemoryManagement=true                                              [90mâ”‚[39m
Admin UI E2E (2, firefox)	Run Cypress	2024-10-28T00:26:06.9322704Z [90m  â””[39m[90mâ”€[39m[90mâ”€[39m[90mâ”€[39m[90mâ”€[39m[90mâ”€[39m[90mâ”€[39m[90mâ”€[39m[90mâ”€[39m[90mâ”€[39m[90mâ”€[39m[90mâ”€[39m[90mâ”€[39m[90mâ”€[39m[90mâ”€[39m[90mâ”€[39m[90mâ”€[39m[90mâ”€[39m[90mâ”€[39m[90mâ”€[39m[90mâ”€[39m[90mâ”€[39m[90mâ”€[39m[90mâ”€[39m[90mâ”€[39m[90mâ”€[39m[90mâ”€[39m[90mâ”€[39m[90mâ”€[39m[90mâ”€[39m[90mâ”€[39m[90mâ”€[39m[90mâ”€[39m[90mâ”€[39m[90mâ”€[39m[90mâ”€[39m[90mâ”€[39m[90mâ”€[39m[90mâ”€[39m[90mâ”€[39m[90mâ”€[39m[90mâ”€[39m[90mâ”€[39m[90mâ”€[39m[90mâ”€[39m[90mâ”€[39m[90mâ”€[39m[90mâ”€[39m[90mâ”€[39m[90mâ”€[39m[90mâ”€[39m[90mâ”€[39m[90mâ”€[39m[90mâ”€[39m[90mâ”€[39m[90mâ”€[39m[90mâ”€[39m[90mâ”€[39m[90mâ”€[39m[90mâ”€[39m[90mâ”€[39m[90mâ”€[39m[90mâ”€[39m[90mâ”€[39m[90mâ”€[39m[90mâ”€[39m[90mâ”€[39m[90mâ”€[39m[90mâ”€[39m[90mâ”€[39m[90mâ”€[39m[90mâ”€[39m[90mâ”€[39m[90mâ”€[39m[90mâ”€[39m[90mâ”€[39m[90mâ”€[39m[90mâ”€[39m[90mâ”€[39m[90mâ”€[39m[90mâ”€[39m[90mâ”€[39m[90mâ”€[39m[90mâ”€[39m[90mâ”€[39m[90mâ”€[39m[90mâ”€[39m[90mâ”€[39m[90mâ”€[39m[90mâ”€[39m[90mâ”€[39m[90mâ”€[39m[90mâ”€[39m[90mâ”€[39m[90mâ”€[39m[90mâ”€[39m[90mâ”€[39m[90mâ”˜[39m
Admin UI E2E (2, firefox)	Run Cypress	2024-10-28T00:26:06.9325879Z 
Admin UI E2E (2, firefox)	Run Cypress	2024-10-28T00:26:06.9325889Z 
Admin UI E2E (2, firefox)	Run Cypress	2024-10-28T00:26:06.9330228Z [90mâ”€[39m[90mâ”€[39m[90mâ”€[39m[90mâ”€[39m[90mâ”€[39m[90mâ”€[39m[90mâ”€[39m[90mâ”€[39m[90mâ”€[39m[90mâ”€[39m[90mâ”€[39m[90mâ”€[39m[90mâ”€[39m[90mâ”€[39m[90mâ”€[39m[90mâ”€[39m[90mâ”€[39m[90mâ”€[39m[90mâ”€[39m[90mâ”€[39m[90mâ”€[39m[90mâ”€[39m[90mâ”€[39m[90mâ”€[39m[90mâ”€[39m[90mâ”€[39m[90mâ”€[39m[90mâ”€[39m[90mâ”€[39m[90mâ”€[39m[90mâ”€[39m[90mâ”€[39m[90mâ”€[39m[90mâ”€[39m[90mâ”€[39m[90mâ”€[39m[90mâ”€[39m[90mâ”€[39m[90mâ”€[39m[90mâ”€[39m[90mâ”€[39m[90mâ”€[39m[90mâ”€[39m[90mâ”€[39m[90mâ”€[39m[90mâ”€[39m[90mâ”€[39m[90mâ”€[39m[90mâ”€[39m[90mâ”€[39m[90mâ”€[39m[90mâ”€[39m[90mâ”€[39m[90mâ”€[39m[90mâ”€[39m[90mâ”€[39m[90mâ”€[39m[90mâ”€[39m[90mâ”€[39m[90mâ”€[39m[90mâ”€[39m[90mâ”€[39m[90mâ”€[39m[90mâ”€[39m[90mâ”€[39m[90mâ”€[39m[90mâ”€[39m[90mâ”€[39m[90mâ”€[39m[90mâ”€[39m[90mâ”€[39m[90mâ”€[39m[90mâ”€[39m[90mâ”€[39m[90mâ”€[39m[90mâ”€[39m[90mâ”€[39m[90mâ”€[39m[90mâ”€[39m[90mâ”€[39m[90mâ”€[39m[90mâ”€[39m[90mâ”€[39m[90mâ”€[39m[90mâ”€[39m[90mâ”€[39m[90mâ”€[39m[90mâ”€[39m[90mâ”€[39m[90mâ”€[39m[90mâ”€[39m[90mâ”€[39m[90mâ”€[39m[90mâ”€[39m[90mâ”€[39m[90mâ”€[39m[90mâ”€[39m[90mâ”€[39m[90mâ”€[39m[90mâ”€[39m
Admin UI E2E (2, firefox)	Run Cypress	2024-10-28T00:26:06.9334198Z                                                                                                     
Admin UI E2E (2, firefox)	Run Cypress	2024-10-28T00:26:06.9335756Z   Running:  [90mclients_test.spec.ts[39m                                                            [90m(1 of 4)[39m
Admin UI E2E (2, firefox)	Run Cypress	2024-10-28T00:26:06.9336576Z 
Admin UI E2E (2, firefox)	Run Cypress	2024-10-28T00:26:06.9337497Z [35mYour project has set the configuration option: `chromeWebSecurity` to `false`.[39m
Admin UI E2E (2, firefox)	Run Cypress	2024-10-28T00:26:06.9338511Z [35m[39m
Admin UI E2E (2, firefox)	Run Cypress	2024-10-28T00:26:06.9339377Z [35mThis option will not have an effect in Firefox. Tests that rely on web security being disabled will not run as expected.[39m
Admin UI E2E (2, firefox)	Run Cypress	2024-10-28T00:26:15.3181938Z 
Admin UI E2E (2, firefox)	Run Cypress	2024-10-28T00:26:15.3281307Z [0m[0m
Admin UI E2E (2, firefox)	Run Cypress	2024-10-28T00:26:15.3384538Z [0m  Clients test[0m
Admin UI E2E (2, firefox)	Run Cypress	2024-10-28T00:26:16.9115575Z [0m    Client details - Client scopes subtab[0m
Admin UI E2E (2, firefox)	Run Cypress	2024-10-28T00:26:27.0313856Z     [32m  âœ“[0m[90m Should check temporary admin service label (non)existence[0m[90m (11671ms)[0m
Admin UI E2E (2, firefox)	Run Cypress	2024-10-28T00:26:29.9380863Z     [32m  âœ“[0m[90m Should list client scopes[0m[90m (2860ms)[0m
Admin UI E2E (2, firefox)	Run Cypress	2024-10-28T00:26:33.2148125Z     [32m  âœ“[0m[90m Should search existing client scope by name[0m[90m (3240ms)[0m
Admin UI E2E (2, firefox)	Run Cypress	2024-10-28T00:26:36.2091944Z     [32m  âœ“[0m[90m Should search non-existent client scope by name[0m[90m (2967ms)[0m
Admin UI E2E (2, firefox)	Run Cypress	2024-10-28T00:26:39.5080209Z     [32m  âœ“[0m[90m Should search existing client scope by assigned type[0m[90m (3268ms)[0m
Admin UI E2E (2, firefox)	Run Cypress	2024-10-28T00:26:43.2369294Z     [32m  âœ“[0m[90m Should add client scope client-scope-test-optional-type with Optional assigned type[0m[90m (3699ms)[0m
Admin UI E2E (2, firefox)	Run Cypress	2024-10-28T00:26:47.1184200Z     [32m  âœ“[0m[90m Should add client scope client-scope-test-default-type with Default assigned type[0m[90m (3847ms)[0m
Admin UI E2E (2, firefox)	Run Cypress	2024-10-28T00:26:51.1249604Z     [32m  âœ“[0m[90m Should change item client-scope-test0 AssignedType to Optional from search bar[0m[90m (3970ms)[0m
Admin UI E2E (2, firefox)	Run Cypress	2024-10-28T00:26:55.1031039Z     [32m  âœ“[0m[90m Should change item client-scope-test0 AssignedType to Default from search bar[0m[90m (3947ms)[0m
Admin UI E2E (2, firefox)	Run Cypress	2024-10-28T00:26:57.7220846Z     [32m  âœ“[0m[90m Should show items on next page are more than 11[0m[90m (2586ms)[0m
Admin UI E2E (2, firefox)	Run Cypress	2024-10-28T00:27:02.3241247Z     [32m  âœ“[0m[90m Should remove client scope from item bar[0m[90m (4568ms)[0m
Admin UI E2E (2, firefox)	Run Cypress	2024-10-28T00:27:09.8415101Z     [32m  âœ“[0m[90m Should remove multiple client scopes from search bar[0m[90m (7463ms)[0m
Admin UI E2E (2, firefox)	Run Cypress	2024-10-28T00:27:13.8926763Z     [32m  âœ“[0m[90m Should show initial items after filtering[0m[90m (2967ms)[0m
Admin UI E2E (2, firefox)	Run Cypress	2024-10-28T00:27:13.9109429Z [0m    Client scopes evaluate subtab[0m
Admin UI E2E (2, firefox)	Run Cypress	2024-10-28T00:27:16.6420834Z     [32m  âœ“[0m[90m check effective protocol mappers list is not empty and find effective protocol mapper locale[0m[90m (2693ms)[0m
Admin UI E2E (2, firefox)	Run Cypress	2024-10-28T00:27:19.0448934Z     [32m  âœ“[0m[90m check role scope mappings list list is not empty and find role scope mapping admin[0m[90m (2375ms)[0m
Admin UI E2E (2, firefox)	Run Cypress	2024-10-28T00:27:22.1932487Z     [32m  âœ“[0m[90m check generated id token and user info[0m[90m (2998ms)[0m
Admin UI E2E (2, firefox)	Run Cypress	2024-10-28T00:27:22.2084037Z [0m    Client creation[0m
Admin UI E2E (2, firefox)	Run Cypress	2024-10-28T00:27:24.0418707Z     [32m  âœ“[0m[90m Should cancel creating client[0m[90m (1821ms)[0m
Admin UI E2E (2, firefox)	Run Cypress	2024-10-28T00:27:28.1209683Z     [32m  âœ“[0m[90m Should check settings elements[0m[90m (4050ms)[0m
Admin UI E2E (2, firefox)	Run Cypress	2024-10-28T00:27:30.2902545Z     [32m  âœ“[0m[90m Should navigate to previous using 'back' button[0m[90m (2138ms)[0m
Admin UI E2E (2, firefox)	Run Cypress	2024-10-28T00:27:33.1329020Z     [32m  âœ“[0m[90m Should fail creating client[0m[90m (2751ms)[0m
Admin UI E2E (2, firefox)	Run Cypress	2024-10-28T00:27:38.8867912Z     [32m  âœ“[0m[90m Client CRUD test[0m[90m (5691ms)[0m
Admin UI E2E (2, firefox)	Run Cypress	2024-10-28T00:27:40.8246000Z     [32m  âœ“[0m[90m Initial access token can't be created with 0 days and count[0m[90m (1906ms)[0m
Admin UI E2E (2, firefox)	Run Cypress	2024-10-28T00:27:45.4719563Z     [32m  âœ“[0m[90m Initial access token[0m[90m (4616ms)[0m
Admin UI E2E (2, firefox)	Run Cypress	2024-10-28T00:27:47.1774890Z     [32m  âœ“[0m[90m Should fail to create imported client with empty ID[0m[90m (1674ms)[0m
Admin UI E2E (2, firefox)	Run Cypress	2024-10-28T00:27:51.1398854Z     [32m  âœ“[0m[90m Should fail to create client with same ID[0m[90m (3921ms)[0m
Admin UI E2E (2, firefox)	Run Cypress	2024-10-28T00:27:52.6259570Z     [32m  âœ“[0m[90m should delete 'identical' client id[0m[90m (1447ms)[0m
Admin UI E2E (2, firefox)	Run Cypress	2024-10-28T00:27:52.6457234Z [0m    Roles tab test[0m
Admin UI E2E (2, firefox)	Run Cypress	2024-10-28T00:27:55.7367149Z     [32m  âœ“[0m[90m Should fail to create client role with empty name[0m[90m (3082ms)[0m
Admin UI E2E (2, firefox)	Run Cypress	2024-10-28T00:27:59.4566625Z     [32m  âœ“[0m[90m Should create client role[0m[90m (3690ms)[0m
Admin UI E2E (2, firefox)	Run Cypress	2024-10-28T00:28:04.1174784Z     [32m  âœ“[0m[90m Should update client role description[0m[90m (4630ms)[0m
Admin UI E2E (2, firefox)	Run Cypress	2024-10-28T00:28:09.1252988Z     [32m  âœ“[0m[90m Should add attribute to client role[0m[90m (4969ms)[0m
Admin UI E2E (2, firefox)	Run Cypress	2024-10-28T00:28:12.2165012Z     [32m  âœ“[0m[90m Should delete attribute from client role[0m[90m (3041ms)[0m
Admin UI E2E (2, firefox)	Run Cypress	2024-10-28T00:28:15.5002920Z     [32m  âœ“[0m[90m Should create client role to be deleted[0m[90m (3259ms)[0m
Admin UI E2E (2, firefox)	Run Cypress	2024-10-28T00:28:19.1609080Z     [32m  âœ“[0m[90m Should fail to create duplicate client role[0m[90m (3636ms)[0m
Admin UI E2E (2, firefox)	Run Cypress	2024-10-28T00:28:22.5532220Z     [32m  âœ“[0m[90m Should search existing client role[0m[90m (3365ms)[0m
Admin UI E2E (2, firefox)	Run Cypress	2024-10-28T00:28:25.6472380Z     [32m  âœ“[0m[90m Should search non-existing role test[0m[90m (3064ms)[0m
Admin UI E2E (2, firefox)	Run Cypress	2024-10-28T00:28:28.3662340Z     [32m  âœ“[0m[90m roles empty search test[0m[90m (2692ms)[0m
Admin UI E2E (2, firefox)	Run Cypress	2024-10-28T00:28:33.4977681Z     [32m  âœ“[0m[90m Add associated roles test[0m[90m (5090ms)[0m
Admin UI E2E (2, firefox)	Run Cypress	2024-10-28T00:28:38.2202806Z     [32m  âœ“[0m[90m Should hide inherited roles test[0m[90m (4668ms)[0m
Admin UI E2E (2, firefox)	Run Cypress	2024-10-28T00:28:42.4717430Z     [32m  âœ“[0m[90m Should delete associated roles test[0m[90m (4186ms)[0m
Admin UI E2E (2, firefox)	Run Cypress	2024-10-28T00:28:46.4754161Z     [32m  âœ“[0m[90m Should delete associated role from search bar test[0m[90m (3971ms)[0m
Admin UI E2E (2, firefox)	Run Cypress	2024-10-28T00:28:49.3528909Z     [32m  âœ“[0m[90m Should delete client role test[0m[90m (2833ms)[0m
Admin UI E2E (2, firefox)	Run Cypress	2024-10-28T00:28:53.1291558Z     [32m  âœ“[0m[90m Should delete client role from role details test[0m[90m (3513ms)[0m
Admin UI E2E (2, firefox)	Run Cypress	2024-10-28T00:28:53.1452144Z [0m    Advanced tab test[0m
Admin UI E2E (2, firefox)	Run Cypress	2024-10-28T00:28:57.0203369Z     [32m  âœ“[0m[90m Clustering[0m[90m (3752ms)[0m
Admin UI E2E (2, firefox)	Run Cypress	2024-10-28T00:29:00.5872629Z     [32m  âœ“[0m[90m Fine grain OpenID connect configuration[0m[90m (3420ms)[0m
Admin UI E2E (2, firefox)	Run Cypress	2024-10-28T00:29:04.5946770Z     [32m  âœ“[0m[90m OIDC Compatibility Modes configuration[0m[90m (3863ms)[0m
Admin UI E2E (2, firefox)	Run Cypress	2024-10-28T00:29:11.3307400Z     [32m  âœ“[0m[90m Client Offline Session Max[0m[90m (6579ms)[0m
Admin UI E2E (2, firefox)	Run Cypress	2024-10-28T00:29:17.0334587Z     [32m  âœ“[0m[90m Advanced settings[0m[90m (5506ms)[0m
Admin UI E2E (2, firefox)	Run Cypress	2024-10-28T00:29:21.5557772Z     [32m  âœ“[0m[90m Authentication flow override[0m[90m (4359ms)[0m
Admin UI E2E (2, firefox)	Run Cypress	2024-10-28T00:29:21.5775906Z [0m    Service account tab test[0m
Admin UI E2E (2, firefox)	Run Cypress	2024-10-28T00:29:25.1573581Z     [32m  âœ“[0m[90m List[0m[90m (3567ms)[0m
Admin UI E2E (2, firefox)	Run Cypress	2024-10-28T00:29:29.7862787Z     [32m  âœ“[0m[90m Assign[0m[90m (4309ms)[0m
Admin UI E2E (2, firefox)	Run Cypress	2024-10-28T00:29:29.8082721Z [0m    Mapping tab[0m
Admin UI E2E (2, firefox)	Run Cypress	2024-10-28T00:29:32.8919596Z     [32m  âœ“[0m[90m Add mapping to openid client[0m[90m (2932ms)[0m
Admin UI E2E (2, firefox)	Run Cypress	2024-10-28T00:29:32.9106073Z [0m    Keys tab test[0m
Admin UI E2E (2, firefox)	Run Cypress	2024-10-28T00:29:36.6872797Z     [32m  âœ“[0m[90m Generate new keys[0m[90m (3610ms)[0m
Admin UI E2E (2, firefox)	Run Cypress	2024-10-28T00:29:36.7116004Z [0m    Realm client[0m
Admin UI E2E (2, firefox)	Run Cypress	2024-10-28T00:29:40.8048101Z     [32m  âœ“[0m[90m Displays the correct tabs[0m[90m (3996ms)[0m
Admin UI E2E (2, firefox)	Run Cypress	2024-10-28T00:29:43.3070518Z     [32m  âœ“[0m[90m Hides the delete action[0m[90m (2431ms)[0m
Admin UI E2E (2, firefox)	Run Cypress	2024-10-28T00:29:43.3241932Z [0m    ***
Admin UI E2E (2, firefox)	Run Cypress	2024-10-28T00:29:45.4774977Z     [32m  âœ“[0m[90m Shows an explainer text for bearer only clients[0m[90m (2140ms)[0m
Admin UI E2E (2, firefox)	Run Cypress	2024-10-28T00:29:47.6084166Z     [32m  âœ“[0m[90m Hides the capability config section[0m[90m (1984ms)[0m
Admin UI E2E (2, firefox)	Run Cypress	2024-10-28T00:29:47.6242638Z [0m    Generated home URLs for built-in clients[0m
Admin UI E2E (2, firefox)	Run Cypress	2024-10-28T00:29:48.8593014Z     [32m  âœ“[0m[90m Check account-console Home URL[0m[90m (1221ms)[0m
Admin UI E2E (2, firefox)	Run Cypress	2024-10-28T00:29:50.1409669Z     [32m  âœ“[0m[90m Check security-admin-console Home URL[0m[90m (1244ms)[0m
Admin UI E2E (2, firefox)	Run Cypress	2024-10-28T00:29:50.1585985Z [0m    Accessibility tests for clients[0m
Admin UI E2E (2, firefox)	Run Cypress	2024-10-28T00:29:51.9284831Z     [32m  âœ“[0m[90m Check a11y violations on load/ clients list tab[0m[90m (1757ms)[0m
Admin UI E2E (2, firefox)	Run Cypress	2024-10-28T00:29:54.5281323Z     [32m  âœ“[0m[90m Check a11y violations on create client page[0m[90m (2571ms)[0m
Admin UI E2E (2, firefox)	Run Cypress	2024-10-28T00:30:01.2865694Z     [32m  âœ“[0m[90m Check a11y violations on client details page[0m[90m (6728ms)[0m
Admin UI E2E (2, firefox)	Run Cypress	2024-10-28T00:30:03.7704623Z     [32m  âœ“[0m[90m Check a11y violations in delete dialog[0m[90m (2431ms)[0m
Admin UI E2E (2, firefox)	Run Cypress	2024-10-28T00:30:05.4995968Z     [32m  âœ“[0m[90m Check a11y violations on import client[0m[90m (1694ms)[0m
Admin UI E2E (2, firefox)	Run Cypress	2024-10-28T00:30:07.5788645Z     [32m  âœ“[0m[90m Check a11y violations on initial access token[0m[90m (1884ms)[0m
Admin UI E2E (2, firefox)	Run Cypress	2024-10-28T00:30:09.7009916Z     [32m  âœ“[0m[90m Check a11y violations on client registration/ anonymous access policies tab[0m[90m (2059ms)[0m
Admin UI E2E (2, firefox)	Run Cypress	2024-10-28T00:30:12.3072528Z     [32m  âœ“[0m[90m Check a11y violations on client registration/ authenticated access policies tab[0m[90m (1947ms)[0m
Admin UI E2E (2, firefox)	Run Cypress	2024-10-28T00:30:12.3106219Z 
Admin UI E2E (2, firefox)	Run Cypress	2024-10-28T00:30:12.3500544Z 
Admin UI E2E (2, firefox)	Run Cypress	2024-10-28T00:30:12.3507411Z [92m [0m[32m 66 passing[0m[90m (4m)[0m
Admin UI E2E (2, firefox)	Run Cypress	2024-10-28T00:30:12.3508239Z 
Admin UI E2E (2, firefox)	Run Cypress	2024-10-28T00:30:16.3556165Z [35mWarning: We failed capturing this video.[39m
Admin UI E2E (2, firefox)	Run Cypress	2024-10-28T00:30:16.3556959Z [35m[39m
Admin UI E2E (2, firefox)	Run Cypress	2024-10-28T00:30:16.3557738Z [35mThis error will not affect or change the exit code.[39m
Admin UI E2E (2, firefox)	Run Cypress	2024-10-28T00:30:16.3558516Z [35m[39m
Admin UI E2E (2, firefox)	Run Cypress	2024-10-28T00:30:16.3575410Z [35mError: Insufficient frames captured to create video.[39m
Admin UI E2E (2, firefox)	Run Cypress	2024-10-28T00:30:16.3576619Z [35m    at ChildProcess.<anonymous> (<embedded>:747:16306)[39m
Admin UI E2E (2, firefox)	Run Cypress	2024-10-28T00:30:16.3577698Z [35m    at ChildProcess.emit (node:events:514:28)[39m
Admin UI E2E (2, firefox)	Run Cypress	2024-10-28T00:30:16.3578821Z [35m    at Process.onexit (node:internal/child_process:291:12)[39m
Admin UI E2E (2, firefox)	Run Cypress	2024-10-28T00:30:16.3581957Z 
Admin UI E2E (2, firefox)	Run Cypress	2024-10-28T00:30:16.3582850Z [32m  ([4m[1mResults[22m[24m)[39m
Admin UI E2E (2, firefox)	Run Cypress	2024-10-28T00:30:16.3600710Z 
Admin UI E2E (2, firefox)	Run Cypress	2024-10-28T00:30:16.3619787Z [90m  â”Œ[39m[90mâ”€[39m[90mâ”€[39m[90mâ”€[39m[90mâ”€[39m[90mâ”€[39m[90mâ”€[39m[90mâ”€[39m[90mâ”€[39m[90mâ”€[39m[90mâ”€[39m[90mâ”€[39m[90mâ”€[39m[90mâ”€[39m[90mâ”€[39m[90mâ”€[39m[90mâ”€[39m[90mâ”€[39m[90mâ”€[39m[90mâ”€[39m[90mâ”€[39m[90mâ”€[39m[90mâ”€[39m[90mâ”€[39m[90mâ”€[39m[90mâ”€[39m[90mâ”€[39m[90mâ”€[39m[90mâ”€[39m[90mâ”€[39m[90mâ”€[39m[90mâ”€[39m[90mâ”€[39m[90mâ”€[39m[90mâ”€[39m[90mâ”€[39m[90mâ”€[39m[90mâ”€[39m[90mâ”€[39m[90mâ”€[39m[90mâ”€[39m[90mâ”€[39m[90mâ”€[39m[90mâ”€[39m[90mâ”€[39m[90mâ”€[39m[90mâ”€[39m[90mâ”€[39m[90mâ”€[39m[90mâ”€[39m[90mâ”€[39m[90mâ”€[39m[90mâ”€[39m[90mâ”€[39m[90mâ”€[39m[90mâ”€[39m[90mâ”€[39m[90mâ”€[39m[90mâ”€[39m[90mâ”€[39m[90mâ”€[39m[90mâ”€[39m[90mâ”€[39m[90mâ”€[39m[90mâ”€[39m[90mâ”€[39m[90mâ”€[39m[90mâ”€[39m[90mâ”€[39m[90mâ”€[39m[90mâ”€[39m[90mâ”€[39m[90mâ”€[39m[90mâ”€[39m[90mâ”€[39m[90mâ”€[39m[90mâ”€[39m[90mâ”€[39m[90mâ”€[39m[90mâ”€[39m[90mâ”€[39m[90mâ”€[39m[90mâ”€[39m[90mâ”€[39m[90mâ”€[39m[90mâ”€[39m[90mâ”€[39m[90mâ”€[39m[90mâ”€[39m[90mâ”€[39m[90mâ”€[39m[90mâ”€[39m[90mâ”€[39m[90mâ”€[39m[90mâ”€[39m[90mâ”€[39m[90mâ”€[39m[90mâ”[39m
Admin UI E2E (2, firefox)	Run Cypress	2024-10-28T00:30:16.3623601Z [90m  â”‚[39m [90mTests:[39m        [32m66[39m                                                                               [90mâ”‚[39m
Admin UI E2E (2, firefox)	Run Cypress	2024-10-28T00:30:16.3624560Z [90m  â”‚[39m [90mPassing:[39m      [32m66[39m                                                                               [90mâ”‚[39m
Admin UI E2E (2, firefox)	Run Cypress	2024-10-28T00:30:16.3625501Z [90m  â”‚[39m [90mFailing:[39m      [32m0[39m                                                                                [90mâ”‚[39m
Admin UI E2E (2, firefox)	Run Cypress	2024-10-28T00:30:16.3626409Z [90m  â”‚[39m [90mPending:[39m      [32m0[39m                                                                                [90mâ”‚[39m
Admin UI E2E (2, firefox)	Run Cypress	2024-10-28T00:30:16.3627722Z [90m  â”‚[39m [90mSkipped:[39m      [32m0[39m                                                                                [90mâ”‚[39m
Admin UI E2E (2, firefox)	Run Cypress	2024-10-28T00:30:16.3628850Z [90m  â”‚[39m [90mScreenshots:[39m  [32m0[39m                                                                                [90mâ”‚[39m
Admin UI E2E (2, firefox)	Run Cypress	2024-10-28T00:30:16.3629791Z [90m  â”‚[39m [90mVideo:[39m        [32mfalse[39m                                                                            [90mâ”‚[39m
Admin UI E2E (2, firefox)	Run Cypress	2024-10-28T00:30:16.3630790Z [90m  â”‚[39m [90mDuration:[39m     [32m3 minutes, 57 seconds[39m                                                            [90mâ”‚[39m
Admin UI E2E (2, firefox)	Run Cypress	2024-10-28T00:30:16.3631884Z [90m  â”‚[39m [90mSpec Ran:[39m     [32m[32mclients_test.spec.ts[32m[39m                                                             [90mâ”‚[39m
Admin UI E2E (2, firefox)	Run Cypress	2024-10-28T00:30:16.3636634Z [90m  â””[39m[90mâ”€[39m[90mâ”€[39m[90mâ”€[39m[90mâ”€[39m[90mâ”€[39m[90mâ”€[39m[90mâ”€[39m[90mâ”€[39m[90mâ”€[39m[90mâ”€[39m[90mâ”€[39m[90mâ”€[39m[90mâ”€[39m[90mâ”€[39m[90mâ”€[39m[90mâ”€[39m[90mâ”€[39m[90mâ”€[39m[90mâ”€[39m[90mâ”€[39m[90mâ”€[39m[90mâ”€[39m[90mâ”€[39m[90mâ”€[39m[90mâ”€[39m[90mâ”€[39m[90mâ”€[39m[90mâ”€[39m[90mâ”€[39m[90mâ”€[39m[90mâ”€[39m[90mâ”€[39m[90mâ”€[39m[90mâ”€[39m[90mâ”€[39m[90mâ”€[39m[90mâ”€[39m[90mâ”€[39m[90mâ”€[39m[90mâ”€[39m[90mâ”€[39m[90mâ”€[39m[90mâ”€[39m[90mâ”€[39m[90mâ”€[39m[90mâ”€[39m[90mâ”€[39m[90mâ”€[39m[90mâ”€[39m[90mâ”€[39m[90mâ”€[39m[90mâ”€[39m[90mâ”€[39m[90mâ”€[39m[90mâ”€[39m[90mâ”€[39m[90mâ”€[39m[90mâ”€[39m[90mâ”€[39m[90mâ”€[39m[90mâ”€[39m[90mâ”€[39m[90mâ”€[39m[90mâ”€[39m[90mâ”€[39m[90mâ”€[39m[90mâ”€[39m[90mâ”€[39m[90mâ”€[39m[90mâ”€[39m[90mâ”€[39m[90mâ”€[39m[90mâ”€[39m[90mâ”€[39m[90mâ”€[39m[90mâ”€[39m[90mâ”€[39m[90mâ”€[39m[90mâ”€[39m[90mâ”€[39m[90mâ”€[39m[90mâ”€[39m[90mâ”€[39m[90mâ”€[39m[90mâ”€[39m[90mâ”€[39m[90mâ”€[39m[90mâ”€[39m[90mâ”€[39m[90mâ”€[39m[90mâ”€[39m[90mâ”€[39m[90mâ”€[39m[90mâ”€[39m[90mâ”€[39m[90mâ”€[39m[90mâ”˜[39m
Admin UI E2E (2, firefox)	Run Cypress	2024-10-28T00:30:16.3640310Z 
Admin UI E2E (2, firefox)	Run Cypress	2024-10-28T00:30:16.4075959Z 
Admin UI E2E (2, firefox)	Run Cypress	2024-10-28T00:30:16.4090955Z [90mâ”€[39m[90mâ”€[39m[90mâ”€[39m[90mâ”€[39m[90mâ”€[39m[90mâ”€[39m[90mâ”€[39m[90mâ”€[39m[90mâ”€[39m[90mâ”€[39m[90mâ”€[39m[90mâ”€[39m[90mâ”€[39m[90mâ”€[39m[90mâ”€[39m[90mâ”€[39m[90mâ”€[39m[90mâ”€[39m[90mâ”€[39m[90mâ”€[39m[90mâ”€[39m[90mâ”€[39m[90mâ”€[39m[90mâ”€[39m[90mâ”€[39m[90mâ”€[39m[90mâ”€[39m[90mâ”€[39m[90mâ”€[39m[90mâ”€[39m[90mâ”€[39m[90mâ”€[39m[90mâ”€[39m[90mâ”€[39m[90mâ”€[39m[90mâ”€[39m[90mâ”€[39m[90mâ”€[39m[90mâ”€[39m[90mâ”€[39m[90mâ”€[39m[90mâ”€[39m[90mâ”€[39m[90mâ”€[39m[90mâ”€[39m[90mâ”€[39m[90mâ”€[39m[90mâ”€[39m[90mâ”€[39m[90mâ”€[39m[90mâ”€[39m[90mâ”€[39m[90mâ”€[39m[90mâ”€[39m[90mâ”€[39m[90mâ”€[39m[90mâ”€[39m[90mâ”€[39m[90mâ”€[39m[90mâ”€[39m[90mâ”€[39m[90mâ”€[39m[90mâ”€[39m[90mâ”€[39m[90mâ”€[39m[90mâ”€[39m[90mâ”€[39m[90mâ”€[39m[90mâ”€[39m[90mâ”€[39m[90mâ”€[39m[90mâ”€[39m[90mâ”€[39m[90mâ”€[39m[90mâ”€[39m[90mâ”€[39m[90mâ”€[39m[90mâ”€[39m[90mâ”€[39m[90mâ”€[39m[90mâ”€[39m[90mâ”€[39m[90mâ”€[39m[90mâ”€[39m[90mâ”€[39m[90mâ”€[39m[90mâ”€[39m[90mâ”€[39m[90mâ”€[39m[90mâ”€[39m[90mâ”€[39m[90mâ”€[39m[90mâ”€[39m[90mâ”€[39m[90mâ”€[39m[90mâ”€[39m[90mâ”€[39m[90mâ”€[39m[90mâ”€[39m[90mâ”€[39m
Admin UI E2E (2, firefox)	Run Cypress	2024-10-28T00:30:16.4098365Z                                                                                                     
Admin UI E2E (2, firefox)	Run Cypress	2024-10-28T00:30:16.4100122Z   Running:  [90mrealm_test.spec.ts[39m                                                              [90m(2 of 4)[39m
Admin UI E2E (2, firefox)	Run Cypress	2024-10-28T00:30:16.4100912Z 
Admin UI E2E (2, firefox)	Run Cypress	2024-10-28T00:30:16.4101823Z [35mYour project has set the configuration option: `chromeWebSecurity` to `false`.[39m
Admin UI E2E (2, firefox)	Run Cypress	2024-10-28T00:30:16.4102903Z [35m[39m
Admin UI E2E (2, firefox)	Run Cypress	2024-10-28T00:30:16.4104413Z [35mThis option will not have an effect in Firefox. Tests that rely on web security being disabled will not run as expected.[39m
Admin UI E2E (2, firefox)	Run Cypress	2024-10-28T00:30:19.9044637Z 
Admin UI E2E (2, firefox)	Run Cypress	2024-10-28T00:30:19.9095113Z [0m[0m
Admin UI E2E (2, firefox)	Run Cypress	2024-10-28T00:30:19.9167195Z [0m  Realm tests[0m
Admin UI E2E (2, firefox)	Run Cypress	2024-10-28T00:30:23.3072045Z   [32m  âœ“[0m[90m should fail creating duplicated or empty name realm[0m[90m (3386ms)[0m
Admin UI E2E (2, firefox)	Run Cypress	2024-10-28T00:30:54.9992267Z     [33m(Attempt 1 of 4)[0m should create Test realm
Admin UI E2E (2, firefox)	Run Cypress	2024-10-28T00:31:26.9616472Z     [33m(Attempt 2 of 4)[0m should create Test realm
Admin UI E2E (2, firefox)	Run Cypress	2024-10-28T00:31:58.9538357Z     [33m(Attempt 3 of 4)[0m should create Test realm
Admin UI E2E (2, firefox)	Run Cypress	2024-10-28T00:32:02.8383573Z   [32m  âœ“[0m[90m should create Test realm[0m[90m (3803ms)[0m
Admin UI E2E (2, firefox)	Run Cypress	2024-10-28T00:32:09.6484540Z   [32m  âœ“[0m[90m CRUD test of Disabled realm[0m[90m (6762ms)[0m
Admin UI E2E (2, firefox)	Run Cypress	2024-10-28T00:32:14.7908604Z   [32m  âœ“[0m[90m should create realm from new a realm[0m[90m (5117ms)[0m
Admin UI E2E (2, firefox)	Run Cypress	2024-10-28T00:32:16.0751399Z   [32m  âœ“[0m[90m should change to Test realm[0m[90m (1254ms)[0m
Admin UI E2E (2, firefox)	Run Cypress	2024-10-28T00:32:48.2849757Z     [33m(Attempt 1 of 4)[0m should create realm with special characters
Admin UI E2E (2, firefox)	Run Cypress	2024-10-28T00:32:52.2506745Z   [32m  âœ“[0m[90m should create realm with special characters[0m[90m (2812ms)[0m
Admin UI E2E (2, firefox)	Run Cypress	2024-10-28T00:32:52.2523630Z 
Admin UI E2E (2, firefox)	Run Cypress	2024-10-28T00:32:52.2812413Z 
Admin UI E2E (2, firefox)	Run Cypress	2024-10-28T00:32:52.2813645Z [92m [0m[32m 6 passing[0m[90m (3m)[0m
Admin UI E2E (2, firefox)	Run Cypress	2024-10-28T00:32:52.2814586Z 
Admin UI E2E (2, firefox)	Run Cypress	2024-10-28T00:32:52.2841398Z 
Admin UI E2E (2, firefox)	Run Cypress	2024-10-28T00:32:52.2842775Z [32m  ([4m[1mResults[22m[24m)[39m
Admin UI E2E (2, firefox)	Run Cypress	2024-10-28T00:32:52.2861294Z 
Admin UI E2E (2, firefox)	Run Cypress	2024-10-28T00:32:52.2873856Z [90m  â”Œ[39m[90mâ”€[39m[90mâ”€[39m[90mâ”€[39m[90mâ”€[39m[90mâ”€[39m[90mâ”€[39m[90mâ”€[39m[90mâ”€[39m[90mâ”€[39m[90mâ”€[39m[90mâ”€[39m[90mâ”€[39m[90mâ”€[39m[90mâ”€[39m[90mâ”€[39m[90mâ”€[39m[90mâ”€[39m[90mâ”€[39m[90mâ”€[39m[90mâ”€[39m[90mâ”€[39m[90mâ”€[39m[90mâ”€[39m[90mâ”€[39m[90mâ”€[39m[90mâ”€[39m[90mâ”€[39m[90mâ”€[39m[90mâ”€[39m[90mâ”€[39m[90mâ”€[39m[90mâ”€[39m[90mâ”€[39m[90mâ”€[39m[90mâ”€[39m[90mâ”€[39m[90mâ”€[39m[90mâ”€[39m[90mâ”€[39m[90mâ”€[39m[90mâ”€[39m[90mâ”€[39m[90mâ”€[39m[90mâ”€[39m[90mâ”€[39m[90mâ”€[39m[90mâ”€[39m[90mâ”€[39m[90mâ”€[39m[90mâ”€[39m[90mâ”€[39m[90mâ”€[39m[90mâ”€[39m[90mâ”€[39m[90mâ”€[39m[90mâ”€[39m[90mâ”€[39m[90mâ”€[39m[90mâ”€[39m[90mâ”€[39m[90mâ”€[39m[90mâ”€[39m[90mâ”€[39m[90mâ”€[39m[90mâ”€[39m[90mâ”€[39m[90mâ”€[39m[90mâ”€[39m[90mâ”€[39m[90mâ”€[39m[90mâ”€[39m[90mâ”€[39m[90mâ”€[39m[90mâ”€[39m[90mâ”€[39m[90mâ”€[39m[90mâ”€[39m[90mâ”€[39m[90mâ”€[39m[90mâ”€[39m[90mâ”€[39m[90mâ”€[39m[90mâ”€[39m[90mâ”€[39m[90mâ”€[39m[90mâ”€[39m[90mâ”€[39m[90mâ”€[39m[90mâ”€[39m[90mâ”€[39m[90mâ”€[39m[90mâ”€[39m[90mâ”€[39m[90mâ”€[39m[90mâ”€[39m[90mâ”€[39m[90mâ”[39m
Admin UI E2E (2, firefox)	Run Cypress	2024-10-28T00:32:52.2877952Z [90m  â”‚[39m [90mTests:[39m        [32m6[39m                                                                                [90mâ”‚[39m
Admin UI E2E (2, firefox)	Run Cypress	2024-10-28T00:32:52.2879758Z [90m  â”‚[39m [90mPassing:[39m      [32m6[39m                                                                                [90mâ”‚[39m
Admin UI E2E (2, firefox)	Run Cypress	2024-10-28T00:32:52.2881613Z [90m  â”‚[39m [90mFailing:[39m      [32m0[39m                                                                                [90mâ”‚[39m
Admin UI E2E (2, firefox)	Run Cypress	2024-10-28T00:32:52.2884324Z [90m  â”‚[39m [90mPending:[39m      [32m0[39m                                                                                [90mâ”‚[39m
Admin UI E2E (2, firefox)	Run Cypress	2024-10-28T00:32:52.2885644Z [90m  â”‚[39m [90mSkipped:[39m      [32m0[39m                                                                                [90mâ”‚[39m
Admin UI E2E (2, firefox)	Run Cypress	2024-10-28T00:32:52.2887656Z [90m  â”‚[39m [90mScreenshots:[39m  [32m4[39m                                                                                [90mâ”‚[39m
Admin UI E2E (2, firefox)	Run Cypress	2024-10-28T00:32:52.2889556Z [90m  â”‚[39m [90mVideo:[39m        [32mfalse[39m                                                                            [90mâ”‚[39m
Admin UI E2E (2, firefox)	Run Cypress	2024-10-28T00:32:52.2891338Z [90m  â”‚[39m [90mDuration:[39m     [32m2 minutes, 32 seconds[39m                                                            [90mâ”‚[39m
Admin UI E2E (2, firefox)	Run Cypress	2024-10-28T00:32:52.2892685Z [90m  â”‚[39m [90mSpec Ran:[39m     [32m[32mrealm_test.spec.ts[32m[39m                                                               [90mâ”‚[39m
Admin UI E2E (2, firefox)	Run Cypress	2024-10-28T00:32:52.2898483Z [90m  â””[39m[90mâ”€[39m[90mâ”€[39m[90mâ”€[39m[90mâ”€[39m[90mâ”€[39m[90mâ”€[39m[90mâ”€[39m[90mâ”€[39m[90mâ”€[39m[90mâ”€[39m[90mâ”€[39m[90mâ”€[39m[90mâ”€[39m[90mâ”€[39m[90mâ”€[39m[90mâ”€[39m[90mâ”€[39m[90mâ”€[39m[90mâ”€[39m[90mâ”€[39m[90mâ”€[39m[90mâ”€[39m[90mâ”€[39m[90mâ”€[39m[90mâ”€[39m[90mâ”€[39m[90mâ”€[39m[90mâ”€[39m[90mâ”€[39m[90mâ”€[39m[90mâ”€[39m[90mâ”€[39m[90mâ”€[39m[90mâ”€[39m[90mâ”€[39m[90mâ”€[39m[90mâ”€[39m[90mâ”€[39m[90mâ”€[39m[90mâ”€[39m[90mâ”€[39m[90mâ”€[39m[90mâ”€[39m[90mâ”€[39m[90mâ”€[39m[90mâ”€[39m[90mâ”€[39m[90mâ”€[39m[90mâ”€[39m[90mâ”€[39m[90mâ”€[39m[90mâ”€[39m[90mâ”€[39m[90mâ”€[39m[90mâ”€[39m[90mâ”€[39m[90mâ”€[39m[90mâ”€[39m[90mâ”€[39m[90mâ”€[39m[90mâ”€[39m[90mâ”€[39m[90mâ”€[39m[90mâ”€[39m[90mâ”€[39m[90mâ”€[39m[90mâ”€[39m[90mâ”€[39m[90mâ”€[39m[90mâ”€[39m[90mâ”€[39m[90mâ”€[39m[90mâ”€[39m[90mâ”€[39m[90mâ”€[39m[90mâ”€[39m[90mâ”€[39m[90mâ”€[39m[90mâ”€[39m[90mâ”€[39m[90mâ”€[39m[90mâ”€[39m[90mâ”€[39m[90mâ”€[39m[90mâ”€[39m[90mâ”€[39m[90mâ”€[39m[90mâ”€[39m[90mâ”€[39m[90mâ”€[39m[90mâ”€[39m[90mâ”€[39m[90mâ”€[39m[90mâ”€[39m[90mâ”€[39m[90mâ”€[39m[90mâ”˜[39m
Admin UI E2E (2, firefox)	Run Cypress	2024-10-28T00:32:52.2902994Z 
Admin UI E2E (2, firefox)	Run Cypress	2024-10-28T00:32:52.2903099Z 
Admin UI E2E (2, firefox)	Run Cypress	2024-10-28T00:32:52.2903559Z [33m  ([4m[1mScreenshots[22m[24m)[39m
Admin UI E2E (2, firefox)	Run Cypress	2024-10-28T00:32:52.2904037Z 
Admin UI E2E (2, firefox)	Run Cypress	2024-10-28T00:32:52.2905581Z [90m [39m -  [0m/home/runner/work/keycloak/keycloak/js/apps/admin-ui/cypress/screenshots/realm_t[0m     [90m[90m(1280x720)[90m[39m
Admin UI E2E (2, firefox)	Run Cypress	2024-10-28T00:32:52.2907670Z [90m [39m    [0mest.spec.ts/Realm tests -- should create Test realm (failed).png[0m                               
Admin UI E2E (2, firefox)	Run Cypress	2024-10-28T00:32:52.2909312Z [90m [39m -  [0m/home/runner/work/keycloak/keycloak/js/apps/admin-ui/cypress/screenshots/realm_t[0m     [90m[90m(1280x720)[90m[39m
Admin UI E2E (2, firefox)	Run Cypress	2024-10-28T00:32:52.2910879Z [90m [39m    [0mest.spec.ts/Realm tests -- should create Test realm (failed) (attempt 2).png[0m                   
Admin UI E2E (2, firefox)	Run Cypress	2024-10-28T00:32:52.2912459Z [90m [39m -  [0m/home/runner/work/keycloak/keycloak/js/apps/admin-ui/cypress/screenshots/realm_t[0m     [90m[90m(1280x720)[90m[39m
Admin UI E2E (2, firefox)	Run Cypress	2024-10-28T00:32:52.2913985Z [90m [39m    [0mest.spec.ts/Realm tests -- should create Test realm (failed) (attempt 3).png[0m                   
Admin UI E2E (2, firefox)	Run Cypress	2024-10-28T00:32:52.2915558Z [90m [39m -  [0m/home/runner/work/keycloak/keycloak/js/apps/admin-ui/cypress/screenshots/realm_t[0m     [90m[90m(1280x720)[90m[39m
Admin UI E2E (2, firefox)	Run Cypress	2024-10-28T00:32:52.2917244Z [90m [39m    [0mest.spec.ts/Realm tests -- should create realm with special characters (failed).[0m               
Admin UI E2E (2, firefox)	Run Cypress	2024-10-28T00:32:52.2918433Z [90m [39m    [0mpng[0m                                                                                            
Admin UI E2E (2, firefox)	Run Cypress	2024-10-28T00:32:52.2918905Z 
Admin UI E2E (2, firefox)	Run Cypress	2024-10-28T00:32:52.3187307Z 
Admin UI E2E (2, firefox)	Run Cypress	2024-10-28T00:32:52.3199400Z [90mâ”€[39m[90mâ”€[39m[90mâ”€[39m[90mâ”€[39m[90mâ”€[39m[90mâ”€[39m[90mâ”€[39m[90mâ”€[39m[90mâ”€[39m[90mâ”€[39m[90mâ”€[39m[90mâ”€[39m[90mâ”€[39m[90mâ”€[39m[90mâ”€[39m[90mâ”€[39m[90mâ”€[39m[90mâ”€[39m[90mâ”€[39m[90mâ”€[39m[90mâ”€[39m[90mâ”€[39m[90mâ”€[39m[90mâ”€[39m[90mâ”€[39m[90mâ”€[39m[90mâ”€[39m[90mâ”€[39m[90mâ”€[39m[90mâ”€[39m[90mâ”€[39m[90mâ”€[39m[90mâ”€[39m[90mâ”€[39m[90mâ”€[39m[90mâ”€[39m[90mâ”€[39m[90mâ”€[39m[90mâ”€[39m[90mâ”€[39m[90mâ”€[39m[90mâ”€[39m[90mâ”€[39m[90mâ”€[39m[90mâ”€[39m[90mâ”€[39m[90mâ”€[39m[90mâ”€[39m[90mâ”€[39m[90mâ”€[39m[90mâ”€[39m[90mâ”€[39m[90mâ”€[39m[90mâ”€[39m[90mâ”€[39m[90mâ”€[39m[90mâ”€[39m[90mâ”€[39m[90mâ”€[39m[90mâ”€[39m[90mâ”€[39m[90mâ”€[39m[90mâ”€[39m[90mâ”€[39m[90mâ”€[39m[90mâ”€[39m[90mâ”€[39m[90mâ”€[39m[90mâ”€[39m[90mâ”€[39m[90mâ”€[39m[90mâ”€[39m[90mâ”€[39m[90mâ”€[39m[90mâ”€[39m[90mâ”€[39m[90mâ”€[39m[90mâ”€[39m[90mâ”€[39m[90mâ”€[39m[90mâ”€[39m[90mâ”€[39m[90mâ”€[39m[90mâ”€[39m[90mâ”€[39m[90mâ”€[39m[90mâ”€[39m[90mâ”€[39m[90mâ”€[39m[90mâ”€[39m[90mâ”€[39m[90mâ”€[39m[90mâ”€[39m[90mâ”€[39m[90mâ”€[39m[90mâ”€[39m[90mâ”€[39m[90mâ”€[39m[90mâ”€[39m[90mâ”€[39m
Admin UI E2E (2, firefox)	Run Cypress	2024-10-28T00:32:52.3204018Z                                                                                                     
Admin UI E2E (2, firefox)	Run Cypress	2024-10-28T00:32:52.3204919Z   Running:  [90mrealm_settings_client_policies_test.spec.ts[39m                                     [90m(3 of 4)[39m
Admin UI E2E (2, firefox)	Run Cypress	2024-10-28T00:32:52.3205613Z 
Admin UI E2E (2, firefox)	Run Cypress	2024-10-28T00:32:52.3206300Z [35mYour project has set the configuration option: `chromeWebSecurity` to `false`.[39m
Admin UI E2E (2, firefox)	Run Cypress	2024-10-28T00:32:52.3206883Z [35m[39m
Admin UI E2E (2, firefox)	Run Cypress	2024-10-28T00:32:52.3207931Z [35mThis option will not have an effect in Firefox. Tests that rely on web security being disabled will not run as expected.[39m
Admin UI E2E (2, firefox)	Run Cypress	2024-10-28T00:32:56.0803227Z 
Admin UI E2E (2, firefox)	Run Cypress	2024-10-28T00:32:56.0864331Z [0m[0m
Admin UI E2E (2, firefox)	Run Cypress	2024-10-28T00:32:56.0910605Z [0m  Realm settings client policies tab tests[0m
Admin UI E2E (2, firefox)	Run Cypress	2024-10-28T00:33:00.8529360Z   [32m  âœ“[0m[90m Complete new client form and cancel[0m[90m (4750ms)[0m
Admin UI E2E (2, firefox)	Run Cypress	2024-10-28T00:33:03.0529256Z   [32m  âœ“[0m[90m Complete new client form and submit[0m[90m (2169ms)[0m
Admin UI E2E (2, firefox)	Run Cypress	2024-10-28T00:33:04.9418108Z   [32m  âœ“[0m[90m Should perform client profile search by profile name[0m[90m (1865ms)[0m
Admin UI E2E (2, firefox)	Run Cypress	2024-10-28T00:33:06.8167137Z   [32m  âœ“[0m[90m Should not have conditions configured by default[0m[90m (1842ms)[0m
Admin UI E2E (2, firefox)	Run Cypress	2024-10-28T00:33:08.8015859Z   [32m  âœ“[0m[90m Should cancel adding a new condition to a client profile[0m[90m (1946ms)[0m
Admin UI E2E (2, firefox)	Run Cypress	2024-10-28T00:33:11.1547744Z   [32m  âœ“[0m[90m Should add a new client-roles condition to a client profile[0m[90m (2322ms)[0m
Admin UI E2E (2, firefox)	Run Cypress	2024-10-28T00:33:14.1432552Z   [32m  âœ“[0m[90m Should add a new client-scopes condition to a client profile[0m[90m (2960ms)[0m
Admin UI E2E (2, firefox)	Run Cypress	2024-10-28T00:33:16.3118181Z   [32m  âœ“[0m[90m Should edit the client-roles condition of a client profile[0m[90m (2125ms)[0m
Admin UI E2E (2, firefox)	Run Cypress	2024-10-28T00:33:18.4515939Z   [32m  âœ“[0m[90m Should edit the client-scopes condition of a client profile[0m[90m (2087ms)[0m
Admin UI E2E (2, firefox)	Run Cypress	2024-10-28T00:33:20.2161335Z   [32m  âœ“[0m[90m Should cancel deleting condition from a client profile[0m[90m (1734ms)[0m
Admin UI E2E (2, firefox)	Run Cypress	2024-10-28T00:33:22.2646818Z   [32m  âœ“[0m[90m Should delete client-roles condition from a client profile[0m[90m (2028ms)[0m
Admin UI E2E (2, firefox)	Run Cypress	2024-10-28T00:33:24.0660962Z   [32m  âœ“[0m[90m Should delete client-scopes condition from a client profile[0m[90m (1773ms)[0m
Admin UI E2E (2, firefox)	Run Cypress	2024-10-28T00:33:26.2233690Z   [32m  âœ“[0m[90m Check cancelling the client policy deletion[0m[90m (2138ms)[0m
Admin UI E2E (2, firefox)	Run Cypress	2024-10-28T00:33:28.4858253Z   [32m  âœ“[0m[90m Check deleting the client policy[0m[90m (2240ms)[0m
Admin UI E2E (2, firefox)	Run Cypress	2024-10-28T00:33:30.2747960Z   [32m  âœ“[0m[90m Check navigating between Form View and JSON editor[0m[90m (1764ms)[0m
Admin UI E2E (2, firefox)	Run Cypress	2024-10-28T00:33:34.9273149Z   [32m  âœ“[0m[90m Should not create duplicate client profile[0m[90m (4513ms)[0m
Admin UI E2E (2, firefox)	Run Cypress	2024-10-28T00:33:37.7062224Z   [32m  âœ“[0m[90m Check deleting newly created client policy from create view via dropdown[0m[90m (2728ms)[0m
Admin UI E2E (2, firefox)	Run Cypress	2024-10-28T00:33:39.8761144Z   [32m  âœ“[0m[90m Check reloading JSON policies[0m[90m (2121ms)[0m
Admin UI E2E (2, firefox)	Run Cypress	2024-10-28T00:33:39.8762121Z 
Admin UI E2E (2, firefox)	Run Cypress	2024-10-28T00:33:39.9949598Z 
Admin UI E2E (2, firefox)	Run Cypress	2024-10-28T00:33:39.9951204Z [92m [0m[32m 18 passing[0m[90m (44s)[0m
Admin UI E2E (2, firefox)	Run Cypress	2024-10-28T00:33:39.9952111Z 
Admin UI E2E (2, firefox)	Run Cypress	2024-10-28T00:33:39.9990815Z 
Admin UI E2E (2, firefox)	Run Cypress	2024-10-28T00:33:39.9991705Z [32m  ([4m[1mResults[22m[24m)[39m
Admin UI E2E (2, firefox)	Run Cypress	2024-10-28T00:33:40.0006154Z 
Admin UI E2E (2, firefox)	Run Cypress	2024-10-28T00:33:40.0022109Z [90m  â”Œ[39m[90mâ”€[39m[90mâ”€[39m[90mâ”€[39m[90mâ”€[39m[90mâ”€[39m[90mâ”€[39m[90mâ”€[39m[90mâ”€[39m[90mâ”€[39m[90mâ”€[39m[90mâ”€[39m[90mâ”€[39m[90mâ”€[39m[90mâ”€[39m[90mâ”€[39m[90mâ”€[39m[90mâ”€[39m[90mâ”€[39m[90mâ”€[39m[90mâ”€[39m[90mâ”€[39m[90mâ”€[39m[90mâ”€[39m[90mâ”€[39m[90mâ”€[39m[90mâ”€[39m[90mâ”€[39m[90mâ”€[39m[90mâ”€[39m[90mâ”€[39m[90mâ”€[39m[90mâ”€[39m[90mâ”€[39m[90mâ”€[39m[90mâ”€[39m[90mâ”€[39m[90mâ”€[39m[90mâ”€[39m[90mâ”€[39m[90mâ”€[39m[90mâ”€[39m[90mâ”€[39m[90mâ”€[39m[90mâ”€[39m[90mâ”€[39m[90mâ”€[39m[90mâ”€[39m[90mâ”€[39m[90mâ”€[39m[90mâ”€[39m[90mâ”€[39m[90mâ”€[39m[90mâ”€[39m[90mâ”€[39m[90mâ”€[39m[90mâ”€[39m[90mâ”€[39m[90mâ”€[39m[90mâ”€[39m[90mâ”€[39m[90mâ”€[39m[90mâ”€[39m[90mâ”€[39m[90mâ”€[39m[90mâ”€[39m[90mâ”€[39m[90mâ”€[39m[90mâ”€[39m[90mâ”€[39m[90mâ”€[39m[90mâ”€[39m[90mâ”€[39m[90mâ”€[39m[90mâ”€[39m[90mâ”€[39m[90mâ”€[39m[90mâ”€[39m[90mâ”€[39m[90mâ”€[39m[90mâ”€[39m[90mâ”€[39m[90mâ”€[39m[90mâ”€[39m[90mâ”€[39m[90mâ”€[39m[90mâ”€[39m[90mâ”€[39m[90mâ”€[39m[90mâ”€[39m[90mâ”€[39m[90mâ”€[39m[90mâ”€[39m[90mâ”€[39m[90mâ”€[39m[90mâ”€[39m[90mâ”€[39m[90mâ”[39m
Admin UI E2E (2, firefox)	Run Cypress	2024-10-28T00:33:40.0029212Z [90m  â”‚[39m [90mTests:[39m        [32m18[39m                                                                               [90mâ”‚[39m
Admin UI E2E (2, firefox)	Run Cypress	2024-10-28T00:33:40.0031060Z [90m  â”‚[39m [90mPassing:[39m      [32m18[39m                                                                               [90mâ”‚[39m
Admin UI E2E (2, firefox)	Run Cypress	2024-10-28T00:33:40.0032901Z [90m  â”‚[39m [90mFailing:[39m      [32m0[39m                                                                                [90mâ”‚[39m
Admin UI E2E (2, firefox)	Run Cypress	2024-10-28T00:33:40.0094194Z [90m  â”‚[39m [90mPending:[39m      [32m0[39m                                                                                [90mâ”‚[39m
Admin UI E2E (2, firefox)	Run Cypress	2024-10-28T00:33:40.0096072Z [90m  â”‚[39m [90mSkipped:[39m      [32m0[39m                                                                                [90mâ”‚[39m
Admin UI E2E (2, firefox)	Run Cypress	2024-10-28T00:33:40.0097876Z [90m  â”‚[39m [90mScreenshots:[39m  [32m0[39m                                                                                [90mâ”‚[39m
Admin UI E2E (2, firefox)	Run Cypress	2024-10-28T00:33:40.0099606Z [90m  â”‚[39m [90mVideo:[39m        [32mfalse[39m                                                                            [90mâ”‚[39m
Admin UI E2E (2, firefox)	Run Cypress	2024-10-28T00:33:40.0102421Z [90m  â”‚[39m [90mDuration:[39m     [32m43 seconds[39m                                                                       [90mâ”‚[39m
Admin UI E2E (2, firefox)	Run Cypress	2024-10-28T00:33:40.0104688Z [90m  â”‚[39m [90mSpec Ran:[39m     [32m[32mrealm_settings_client_policies_test.spec.ts[32m[39m                                      [90mâ”‚[39m
Admin UI E2E (2, firefox)	Run Cypress	2024-10-28T00:33:40.0114180Z [90m  â””[39m[90mâ”€[39m[90mâ”€[39m[90mâ”€[39m[90mâ”€[39m[90mâ”€[39m[90mâ”€[39m[90mâ”€[39m[90mâ”€[39m[90mâ”€[39m[90mâ”€[39m[90mâ”€[39m[90mâ”€[39m[90mâ”€[39m[90mâ”€[39m[90mâ”€[39m[90mâ”€[39m[90mâ”€[39m[90mâ”€[39m[90mâ”€[39m[90mâ”€[39m[90mâ”€[39m[90mâ”€[39m[90mâ”€[39m[90mâ”€[39m[90mâ”€[39m[90mâ”€[39m[90mâ”€[39m[90mâ”€[39m[90mâ”€[39m[90mâ”€[39m[90mâ”€[39m[90mâ”€[39m[90mâ”€[39m[90mâ”€[39m[90mâ”€[39m[90mâ”€[39m[90mâ”€[39m[90mâ”€[39m[90mâ”€[39m[90mâ”€[39m[90mâ”€[39m[90mâ”€[39m[90mâ”€[39m[90mâ”€[39m[90mâ”€[39m[90mâ”€[39m[90mâ”€[39m[90mâ”€[39m[90mâ”€[39m[90mâ”€[39m[90mâ”€[39m[90mâ”€[39m[90mâ”€[39m[90mâ”€[39m[90mâ”€[39m[90mâ”€[39m[90mâ”€[39m[90mâ”€[39m[90mâ”€[39m[90mâ”€[39m[90mâ”€[39m[90mâ”€[39m[90mâ”€[39m[90mâ”€[39m[90mâ”€[39m[90mâ”€[39m[90mâ”€[39m[90mâ”€[39m[90mâ”€[39m[90mâ”€[39m[90mâ”€[39m[90mâ”€[39m[90mâ”€[39m[90mâ”€[39m[90mâ”€[39m[90mâ”€[39m[90mâ”€[39m[90mâ”€[39m[90mâ”€[39m[90mâ”€[39m[90mâ”€[39m[90mâ”€[39m[90mâ”€[39m[90mâ”€[39m[90mâ”€[39m[90mâ”€[39m[90mâ”€[39m[90mâ”€[39m[90mâ”€[39m[90mâ”€[39m[90mâ”€[39m[90mâ”€[39m[90mâ”€[39m[90mâ”€[39m[90mâ”€[39m[90mâ”€[39m[90mâ”˜[39m
Admin UI E2E (2, firefox)	Run Cypress	2024-10-28T00:33:40.0121663Z 
Admin UI E2E (2, firefox)	Run Cypress	2024-10-28T00:33:40.0602868Z 
Admin UI E2E (2, firefox)	Run Cypress	2024-10-28T00:33:40.0623934Z [90mâ”€[39m[90mâ”€[39m[90mâ”€[39m[90mâ”€[39m[90mâ”€[39m[90mâ”€[39m[90mâ”€[39m[90mâ”€[39m[90mâ”€[39m[90mâ”€[39m[90mâ”€[39m[90mâ”€[39m[90mâ”€[39m[90mâ”€[39m[90mâ”€[39m[90mâ”€[39m[90mâ”€[39m[90mâ”€[39m[90mâ”€[39m[90mâ”€[39m[90mâ”€[39m[90mâ”€[39m[90mâ”€[39m[90mâ”€[39m[90mâ”€[39m[90mâ”€[39m[90mâ”€[39m[90mâ”€[39m[90mâ”€[39m[90mâ”€[39m[90mâ”€[39m[90mâ”€[39m[90mâ”€[39m[90mâ”€[39m[90mâ”€[39m[90mâ”€[39m[90mâ”€[39m[90mâ”€[39m[90mâ”€[39m[90mâ”€[39m[90mâ”€[39m[90mâ”€[39m[90mâ”€[39m[90mâ”€[39m[90mâ”€[39m[90mâ”€[39m[90mâ”€[39m[90mâ”€[39m[90mâ”€[39m[90mâ”€[39m[90mâ”€[39m[90mâ”€[39m[90mâ”€[39m[90mâ”€[39m[90mâ”€[39m[90mâ”€[39m[90mâ”€[39m[90mâ”€[39m[90mâ”€[39m[90mâ”€[39m[90mâ”€[39m[90mâ”€[39m[90mâ”€[39m[90mâ”€[39m[90mâ”€[39m[90mâ”€[39m[90mâ”€[39m[90mâ”€[39m[90mâ”€[39m[90mâ”€[39m[90mâ”€[39m[90mâ”€[39m[90mâ”€[39m[90mâ”€[39m[90mâ”€[39m[90mâ”€[39m[90mâ”€[39m[90mâ”€[39m[90mâ”€[39m[90mâ”€[39m[90mâ”€[39m[90mâ”€[39m[90mâ”€[39m[90mâ”€[39m[90mâ”€[39m[90mâ”€[39m[90mâ”€[39m[90mâ”€[39m[90mâ”€[39m[90mâ”€[39m[90mâ”€[39m[90mâ”€[39m[90mâ”€[39m[90mâ”€[39m[90mâ”€[39m[90mâ”€[39m[90mâ”€[39m[90mâ”€[39m[90mâ”€[39m[90mâ”€[39m
Admin UI E2E (2, firefox)	Run Cypress	2024-10-28T00:33:40.0630420Z                                                                                                     
Admin UI E2E (2, firefox)	Run Cypress	2024-10-28T00:33:40.0631843Z   Running:  [90mrealm_roles_test.spec.ts[39m                                                        [90m(4 of 4)[39m
Admin UI E2E (2, firefox)	Run Cypress	2024-10-28T00:33:40.0632627Z 
Admin UI E2E (2, firefox)	Run Cypress	2024-10-28T00:33:40.0633476Z [35mYour project has set the configuration option: `chromeWebSecurity` to `false`.[39m
Admin UI E2E (2, firefox)	Run Cypress	2024-10-28T00:33:40.0634514Z [35m[39m
Admin UI E2E (2, firefox)	Run Cypress	2024-10-28T00:33:40.0635964Z [35mThis option will not have an effect in Firefox. Tests that rely on web security being disabled will not run as expected.[39m
Admin UI E2E (2, firefox)	Run Cypress	2024-10-28T00:33:43.8425051Z 
Admin UI E2E (2, firefox)	Run Cypress	2024-10-28T00:33:43.8526522Z [0m[0m
Admin UI E2E (2, firefox)	Run Cypress	2024-10-28T00:33:43.8582402Z [0m  Realm roles test[0m
Admin UI E2E (2, firefox)	Run Cypress	2024-10-28T00:33:47.2593610Z   [32m  âœ“[0m[90m should fail creating realm role[0m[90m (3396ms)[0m
Admin UI E2E (2, firefox)	Run Cypress	2024-10-28T00:33:48.6930052Z   [32m  âœ“[0m[90m shouldn't create a realm role based with only whitespace name[0m[90m (1398ms)[0m
Admin UI E2E (2, firefox)	Run Cypress	2024-10-28T00:33:51.1935086Z   [32m  âœ“[0m[90m Realm role CRUD test[0m[90m (2478ms)[0m
Admin UI E2E (2, firefox)	Run Cypress	2024-10-28T00:33:53.7232343Z   [32m  âœ“[0m[90m should delete role from details action[0m[90m (2508ms)[0m
Admin UI E2E (2, firefox)	Run Cypress	2024-10-28T00:33:55.0132429Z   [32m  âœ“[0m[90m should not be able to delete default role[0m[90m (1255ms)[0m
Admin UI E2E (2, firefox)	Run Cypress	2024-10-28T00:33:59.8369657Z   [32m  âœ“[0m[90m Add associated roles test[0m[90m (4803ms)[0m
Admin UI E2E (2, firefox)	Run Cypress	2024-10-28T00:34:01.9409969Z   [32m  âœ“[0m[90m should search existing associated role by name and go to it[0m[90m (2081ms)[0m
Admin UI E2E (2, firefox)	Run Cypress	2024-10-28T00:34:03.3858224Z   [32m  âœ“[0m[90m should go to default-roles-master link role name and check assign roles table is not empty[0m[90m (1420ms)[0m
Admin UI E2E (2, firefox)	Run Cypress	2024-10-28T00:34:04.9602119Z   [32m  âœ“[0m[90m Should search non-existent associated role by name[0m[90m (1549ms)[0m
Admin UI E2E (2, firefox)	Run Cypress	2024-10-28T00:34:07.0429547Z   [32m  âœ“[0m[90m Should hide inherited roles test[0m[90m (2060ms)[0m
Admin UI E2E (2, firefox)	Run Cypress	2024-10-28T00:34:09.2653438Z   [32m  âœ“[0m[90m Should fail to remove role when all unchecked from search bar[0m[90m (2172ms)[0m
Admin UI E2E (2, firefox)	Run Cypress	2024-10-28T00:34:11.7361907Z   [32m  âœ“[0m[90m Should delete single non-inherited role item[0m[90m (2448ms)[0m
Admin UI E2E (2, firefox)	Run Cypress	2024-10-28T00:34:14.6756065Z   [32m  âœ“[0m[90m Should delete all roles from search bar[0m[90m (2896ms)[0m
Admin UI E2E (2, firefox)	Run Cypress	2024-10-28T00:34:18.8414866Z   [32m  âœ“[0m[90m Should delete associated roles from list test[0m[90m (4140ms)[0m
Admin UI E2E (2, firefox)	Run Cypress	2024-10-28T00:34:18.8698199Z [0m    edit role details[0m
Admin UI E2E (2, firefox)	Run Cypress	2024-10-28T00:34:20.8607578Z     [32m  âœ“[0m[90m should edit realm role details[0m[90m (1979ms)[0m
Admin UI E2E (2, firefox)	Run Cypress	2024-10-28T00:34:22.6044621Z     [32m  âœ“[0m[90m should add attribute[0m[90m (1718ms)[0m
Admin UI E2E (2, firefox)	Run Cypress	2024-10-28T00:34:24.7301620Z     [32m  âœ“[0m[90m should add attribute multiple[0m[90m (2098ms)[0m
Admin UI E2E (2, firefox)	Run Cypress	2024-10-28T00:34:26.2708510Z     [32m  âœ“[0m[90m should delete attribute[0m[90m (1410ms)[0m
Admin UI E2E (2, firefox)	Run Cypress	2024-10-28T00:34:26.2844474Z [0m    Accessibility tests for realm roles[0m
Admin UI E2E (2, firefox)	Run Cypress	2024-10-28T00:34:28.8822174Z     [32m  âœ“[0m[90m Check a11y violations on load/ realm roles[0m[90m (2586ms)[0m
Admin UI E2E (2, firefox)	Run Cypress	2024-10-28T00:34:31.8020371Z     [32m  âœ“[0m[90m Check a11y violations on default-roles-master default tab and default roles tabs[0m[90m (2895ms)[0m
Admin UI E2E (2, firefox)	Run Cypress	2024-10-28T00:34:34.3431918Z     [32m  âœ“[0m[90m Check a11y violations on empty create role form[0m[90m (2507ms)[0m
Admin UI E2E (2, firefox)	Run Cypress	2024-10-28T00:34:37.4992699Z       [33m(Attempt 1 of 4)[0m Check a11y violations on role details
Admin UI E2E (2, firefox)	Run Cypress	2024-10-28T00:35:10.9634008Z       [33m(Attempt 2 of 4)[0m Check a11y violations on role details
Admin UI E2E (2, firefox)	Run Cypress	2024-10-28T00:35:45.1332281Z       [33m(Attempt 3 of 4)[0m Check a11y violations on role details
Admin UI E2E (2, firefox)	Run Cypress	2024-10-28T00:36:19.4713969Z     [31m  1) Check a11y violations on role details[0m
Admin UI E2E (2, firefox)	Run Cypress	2024-10-28T00:36:19.5031101Z 
Admin UI E2E (2, firefox)	Run Cypress	2024-10-28T00:36:19.5601432Z 
Admin UI E2E (2, firefox)	Run Cypress	2024-10-28T00:36:19.5602719Z [92m [0m[32m 21 passing[0m[90m (3m)[0m
Admin UI E2E (2, firefox)	Run Cypress	2024-10-28T00:36:19.5603932Z [31m  1 failing[0m
Admin UI E2E (2, firefox)	Run Cypress	2024-10-28T00:36:19.5604525Z 
Admin UI E2E (2, firefox)	Run Cypress	2024-10-28T00:36:19.5606815Z [0m  1) Realm roles test
Admin UI E2E (2, firefox)	Run Cypress	2024-10-28T00:36:19.5607448Z        Accessibility tests for realm roles
Admin UI E2E (2, firefox)	Run Cypress	2024-10-28T00:36:19.5608186Z          Check a11y violations on role details:
Admin UI E2E (2, firefox)	Run Cypress	2024-10-28T00:36:19.5613127Z [0m[31m     AssertionError: Timed out retrying after 30000ms: Expected to find element: `.pf-v5-c-tabs `, but never found it.[0m[90m
Admin UI E2E (2, firefox)	Run Cypress	2024-10-28T00:36:19.5615758Z       at _TabPage_getTab (webpack://@keycloak/keycloak-admin-ui/./cypress/support/pages/admin-ui/components/TabPage.ts:36:0)
Admin UI E2E (2, firefox)	Run Cypress	2024-10-28T00:36:19.5618040Z       at clickTab (webpack://@keycloak/keycloak-admin-ui/./cypress/support/pages/admin-ui/components/TabPage.ts:16:0)
Admin UI E2E (2, firefox)	Run Cypress	2024-10-28T00:36:19.5620476Z       at goToAttributesTab (webpack://@keycloak/keycloak-admin-ui/./cypress/support/pages/admin-ui/manage/clients/ClientRolesTab.ts:31:0)
Admin UI E2E (2, firefox)	Run Cypress	2024-10-28T00:36:19.5622636Z       at  (webpack://@keycloak/keycloak-admin-ui/./cypress/e2e/realm_roles_test.spec.ts:240:0)
Admin UI E2E (2, firefox)	Run Cypress	2024-10-28T00:36:19.5624655Z       at __webpack_modules__</setRunnable/runnable.fn (http://localhost:8080/__cypress/runner/cypress_runner.js:138202:43)
Admin UI E2E (2, firefox)	Run Cypress	2024-10-28T00:36:19.5626559Z       at callFn (http://localhost:8080/__cypress/runner/cypress_runner.js:156818:21)
Admin UI E2E (2, firefox)	Run Cypress	2024-10-28T00:36:19.5628193Z       at __webpack_modules__</Runnable.prototype.run (http://localhost:8080/__cypress/runner/cypress_runner.js:156805:13)
Admin UI E2E (2, firefox)	Run Cypress	2024-10-28T00:36:19.5629800Z       at __webpack_modules__</create/onRunnableRun (http://localhost:8080/__cypress/runner/cypress_runner.js:162729:30)
Admin UI E2E (2, firefox)	Run Cypress	2024-10-28T00:36:19.5631228Z       at finallyHandler (http://localhost:8080/__cypress/runner/cypress_runner.js:4072:23)
Admin UI E2E (2, firefox)	Run Cypress	2024-10-28T00:36:19.5632423Z       at tryCatcher (http://localhost:8080/__cypress/runner/cypress_runner.js:1807:23)
Admin UI E2E (2, firefox)	Run Cypress	2024-10-28T00:36:19.5634074Z       at __webpack_modules__</module.exports/Promise.prototype._settlePromiseFromHandler (http://localhost:8080/__cypress/runner/cypress_runner.js:1519:31)
Admin UI E2E (2, firefox)	Run Cypress	2024-10-28T00:36:19.5636111Z       at __webpack_modules__</module.exports/Promise.prototype._settlePromise (http://localhost:8080/__cypress/runner/cypress_runner.js:1576:18)
Admin UI E2E (2, firefox)	Run Cypress	2024-10-28T00:36:19.5638161Z       at __webpack_modules__</module.exports/Promise.prototype._settlePromise0 (http://localhost:8080/__cypress/runner/cypress_runner.js:1621:10)
Admin UI E2E (2, firefox)	Run Cypress	2024-10-28T00:36:19.5640328Z       at __webpack_modules__</module.exports/Promise.prototype._settlePromises (http://localhost:8080/__cypress/runner/cypress_runner.js:1701:18)
Admin UI E2E (2, firefox)	Run Cypress	2024-10-28T00:36:19.5642111Z       at _drainQueueStep (http://localhost:8080/__cypress/runner/cypress_runner.js:2407:12)
Admin UI E2E (2, firefox)	Run Cypress	2024-10-28T00:36:19.5643476Z       at _drainQueue (http://localhost:8080/__cypress/runner/cypress_runner.js:2400:24)
Admin UI E2E (2, firefox)	Run Cypress	2024-10-28T00:36:19.5645651Z       at __webpack_modules__</Async.prototype._drainQueues (http://localhost:8080/__cypress/runner/cypress_runner.js:2416:16)
Admin UI E2E (2, firefox)	Run Cypress	2024-10-28T00:36:19.5647509Z       at __webpack_modules__</Async/this.drainQueues (http://localhost:8080/__cypress/runner/cypress_runner.js:2286:14)
Admin UI E2E (2, firefox)	Run Cypress	2024-10-28T00:36:19.5649081Z [0m
Admin UI E2E (2, firefox)	Run Cypress	2024-10-28T00:36:19.5649336Z 
Admin UI E2E (2, firefox)	Run Cypress	2024-10-28T00:36:19.5649352Z 
Admin UI E2E (2, firefox)	Run Cypress	2024-10-28T00:36:19.5654936Z 
Admin UI E2E (2, firefox)	Run Cypress	2024-10-28T00:36:19.5656082Z [31m  ([4m[1mResults[22m[24m)[39m
Admin UI E2E (2, firefox)	Run Cypress	2024-10-28T00:36:19.5678973Z 
Admin UI E2E (2, firefox)	Run Cypress	2024-10-28T00:36:19.5699001Z [90m  â”Œ[39m[90mâ”€[39m[90mâ”€[39m[90mâ”€[39m[90mâ”€[39m[90mâ”€[39m[90mâ”€[39m[90mâ”€[39m[90mâ”€[39m[90mâ”€[39m[90mâ”€[39m[90mâ”€[39m[90mâ”€[39m[90mâ”€[39m[90mâ”€[39m[90mâ”€[39m[90mâ”€[39m[90mâ”€[39m[90mâ”€[39m[90mâ”€[39m[90mâ”€[39m[90mâ”€[39m[90mâ”€[39m[90mâ”€[39m[90mâ”€[39m[90mâ”€[39m[90mâ”€[39m[90mâ”€[39m[90mâ”€[39m[90mâ”€[39m[90mâ”€[39m[90mâ”€[39m[90mâ”€[39m[90mâ”€[39m[90mâ”€[39m[90mâ”€[39m[90mâ”€[39m[90mâ”€[39m[90mâ”€[39m[90mâ”€[39m[90mâ”€[39m[90mâ”€[39m[90mâ”€[39m[90mâ”€[39m[90mâ”€[39m[90mâ”€[39m[90mâ”€[39m[90mâ”€[39m[90mâ”€[39m[90mâ”€[39m[90mâ”€[39m[90mâ”€[39m[90mâ”€[39m[90mâ”€[39m[90mâ”€[39m[90mâ”€[39m[90mâ”€[39m[90mâ”€[39m[90mâ”€[39m[90mâ”€[39m[90mâ”€[39m[90mâ”€[39m[90mâ”€[39m[90mâ”€[39m[90mâ”€[39m[90mâ”€[39m[90mâ”€[39m[90mâ”€[39m[90mâ”€[39m[90mâ”€[39m[90mâ”€[39m[90mâ”€[39m[90mâ”€[39m[90mâ”€[39m[90mâ”€[39m[90mâ”€[39m[90mâ”€[39m[90mâ”€[39m[90mâ”€[39m[90mâ”€[39m[90mâ”€[39m[90mâ”€[39m[90mâ”€[39m[90mâ”€[39m[90mâ”€[39m[90mâ”€[39m[90mâ”€[39m[90mâ”€[39m[90mâ”€[39m[90mâ”€[39m[90mâ”€[39m[90mâ”€[39m[90mâ”€[39m[90mâ”€[39m[90mâ”€[39m[90mâ”€[39m[90mâ”€[39m[90mâ”[39m
Admin UI E2E (2, firefox)	Run Cypress	2024-10-28T00:36:19.5706011Z [90m  â”‚[39m [90mTests:[39m        [31m22[39m                                                                               [90mâ”‚[39m
Admin UI E2E (2, firefox)	Run Cypress	2024-10-28T00:36:19.5707681Z [90m  â”‚[39m [90mPassing:[39m      [31m21[39m                                                                               [90mâ”‚[39m
Admin UI E2E (2, firefox)	Run Cypress	2024-10-28T00:36:19.5709321Z [90m  â”‚[39m [90mFailing:[39m      [31m1[39m                                                                                [90mâ”‚[39m
Admin UI E2E (2, firefox)	Run Cypress	2024-10-28T00:36:19.5711001Z [90m  â”‚[39m [90mPending:[39m      [31m0[39m                                                                                [90mâ”‚[39m
Admin UI E2E (2, firefox)	Run Cypress	2024-10-28T00:36:19.5711987Z [90m  â”‚[39m [90mSkipped:[39m      [31m0[39m                                                                                [90mâ”‚[39m
Admin UI E2E (2, firefox)	Run Cypress	2024-10-28T00:36:19.5713478Z [90m  â”‚[39m [90mScreenshots:[39m  [31m4[39m                                                                                [90mâ”‚[39m
Admin UI E2E (2, firefox)	Run Cypress	2024-10-28T00:36:19.5715141Z [90m  â”‚[39m [90mVideo:[39m        [31mfalse[39m                                                                            [90mâ”‚[39m
Admin UI E2E (2, firefox)	Run Cypress	2024-10-28T00:36:19.5716777Z [90m  â”‚[39m [90mDuration:[39m     [31m2 minutes, 35 seconds[39m                                                            [90mâ”‚[39m
Admin UI E2E (2, firefox)	Run Cypress	2024-10-28T00:36:19.5718639Z [90m  â”‚[39m [90mSpec Ran:[39m     [31m[31mrealm_roles_test.spec.ts[31m[39m                                                         [90mâ”‚[39m
Admin UI E2E (2, firefox)	Run Cypress	2024-10-28T00:36:19.5726167Z [90m  â””[39m[90mâ”€[39m[90mâ”€[39m[90mâ”€[39m[90mâ”€[39m[90mâ”€[39m[90mâ”€[39m[90mâ”€[39m[90mâ”€[39m[90mâ”€[39m[90mâ”€[39m[90mâ”€[39m[90mâ”€[39m[90mâ”€[39m[90mâ”€[39m[90mâ”€[39m[90mâ”€[39m[90mâ”€[39m[90mâ”€[39m[90mâ”€[39m[90mâ”€[39m[90mâ”€[39m[90mâ”€[39m[90mâ”€[39m[90mâ”€[39m[90mâ”€[39m[90mâ”€[39m[90mâ”€[39m[90mâ”€[39m[90mâ”€[39m[90mâ”€[39m[90mâ”€[39m[90mâ”€[39m[90mâ”€[39m[90mâ”€[39m[90mâ”€[39m[90mâ”€[39m[90mâ”€[39m[90mâ”€[39m[90mâ”€[39m[90mâ”€[39m[90mâ”€[39m[90mâ”€[39m[90mâ”€[39m[90mâ”€[39m[90mâ”€[39m[90mâ”€[39m[90mâ”€[39m[90mâ”€[39m[90mâ”€[39m[90mâ”€[39m[90mâ”€[39m[90mâ”€[39m[90mâ”€[39m[90mâ”€[39m[90mâ”€[39m[90mâ”€[39m[90mâ”€[39m[90mâ”€[39m[90mâ”€[39m[90mâ”€[39m[90mâ”€[39m[90mâ”€[39m[90mâ”€[39m[90mâ”€[39m[90mâ”€[39m[90mâ”€[39m[90mâ”€[39m[90mâ”€[39m[90mâ”€[39m[90mâ”€[39m[90mâ”€[39m[90mâ”€[39m[90mâ”€[39m[90mâ”€[39m[90mâ”€[39m[90mâ”€[39m[90mâ”€[39m[90mâ”€[39m[90mâ”€[39m[90mâ”€[39m[90mâ”€[39m[90mâ”€[39m[90mâ”€[39m[90mâ”€[39m[90mâ”€[39m[90mâ”€[39m[90mâ”€[39m[90mâ”€[39m[90mâ”€[39m[90mâ”€[39m[90mâ”€[39m[90mâ”€[39m[90mâ”€[39m[90mâ”€[39m[90mâ”€[39m[90mâ”€[39m[90mâ”˜[39m
Admin UI E2E (2, firefox)	Run Cypress	2024-10-28T00:36:19.5731164Z 
Admin UI E2E (2, firefox)	Run Cypress	2024-10-28T00:36:19.5731486Z 
Admin UI E2E (2, firefox)	Run Cypress	2024-10-28T00:36:19.5731943Z [33m  ([4m[1mScreenshots[22m[24m)[39m
Admin UI E2E (2, firefox)	Run Cypress	2024-10-28T00:36:19.5732370Z 
Admin UI E2E (2, firefox)	Run Cypress	2024-10-28T00:36:19.5733726Z [90m [39m -  [0m/home/runner/work/keycloak/keycloak/js/apps/admin-ui/cypress/screenshots/realm_r[0m     [90m[90m(1280x720)[90m[39m
Admin UI E2E (2, firefox)	Run Cypress	2024-10-28T00:36:19.5736228Z [90m [39m    [0moles_test.spec.ts/Realm roles test -- Accessibility tests for realm roles -- Che[0m               
Admin UI E2E (2, firefox)	Run Cypress	2024-10-28T00:36:19.5738145Z [90m [39m    [0mck a11y violations on role details (failed).png[0m                                                
Admin UI E2E (2, firefox)	Run Cypress	2024-10-28T00:36:19.5740391Z [90m [39m -  [0m/home/runner/work/keycloak/keycloak/js/apps/admin-ui/cypress/screenshots/realm_r[0m     [90m[90m(1280x720)[90m[39m
Admin UI E2E (2, firefox)	Run Cypress	2024-10-28T00:36:19.5742665Z [90m [39m    [0moles_test.spec.ts/Realm roles test -- Accessibility tests for realm roles -- Che[0m               
Admin UI E2E (2, firefox)	Run Cypress	2024-10-28T00:36:19.5744661Z [90m [39m    [0mck a11y violations on role details (failed) (attempt 2).png[0m                                    
Admin UI E2E (2, firefox)	Run Cypress	2024-10-28T00:36:19.5746971Z [90m [39m -  [0m/home/runner/work/keycloak/keycloak/js/apps/admin-ui/cypress/screenshots/realm_r[0m     [90m[90m(1280x720)[90m[39m
Admin UI E2E (2, firefox)	Run Cypress	2024-10-28T00:36:19.5749277Z [90m [39m    [0moles_test.spec.ts/Realm roles test -- Accessibility tests for realm roles -- Che[0m               
Admin UI E2E (2, firefox)	Run Cypress	2024-10-28T00:36:19.5751079Z [90m [39m    [0mck a11y violations on role details (failed) (attempt 3).png[0m                                    
Admin UI E2E (2, firefox)	Run Cypress	2024-10-28T00:36:19.5753820Z [90m [39m -  [0m/home/runner/work/keycloak/keycloak/js/apps/admin-ui/cypress/screenshots/realm_r[0m     [90m[90m(1280x720)[90m[39m
Admin UI E2E (2, firefox)	Run Cypress	2024-10-28T00:36:19.5756143Z [90m [39m    [0moles_test.spec.ts/Realm roles test -- Accessibility tests for realm roles -- Che[0m               
Admin UI E2E (2, firefox)	Run Cypress	2024-10-28T00:36:19.5758155Z [90m [39m    [0mck a11y violations on role details (failed) (attempt 4).png[0m                                    
Admin UI E2E (2, firefox)	Run Cypress	2024-10-28T00:36:19.5759069Z 
Admin UI E2E (2, firefox)	Run Cypress	2024-10-28T00:36:19.6128139Z 
Admin UI E2E (2, firefox)	Run Cypress	2024-10-28T00:36:19.6678873Z [90m====================================================================================================[39m
Admin UI E2E (2, firefox)	Run Cypress	2024-10-28T00:36:19.6679535Z 
Admin UI E2E (2, firefox)	Run Cypress	2024-10-28T00:36:19.6679941Z [0m  ([4m[1mRun Finished[22m[24m)[0m
Admin UI E2E (2, firefox)	Run Cypress	2024-10-28T00:36:19.6694917Z 
Admin UI E2E (2, firefox)	Run Cypress	2024-10-28T00:36:19.6695113Z 
Admin UI E2E (2, firefox)	Run Cypress	2024-10-28T00:36:19.6718304Z [90m   [39m    [90mSpec[39m                                              [90mTests[39m  [90mPassing[39m  [90mFailing[39m  [90mPending[39m  [90mSkipped[39m [90m [39m
Admin UI E2E (2, firefox)	Run Cypress	2024-10-28T00:36:19.6726161Z [90m  â”Œ[39m[90mâ”€[39m[90mâ”€[39m[90mâ”€[39m[90mâ”€[39m[90mâ”€[39m[90mâ”€[39m[90mâ”€[39m[90mâ”€[39m[90mâ”€[39m[90mâ”€[39m[90mâ”€[39m[90mâ”€[39m[90mâ”€[39m[90mâ”€[39m[90mâ”€[39m[90mâ”€[39m[90mâ”€[39m[90mâ”€[39m[90mâ”€[39m[90mâ”€[39m[90mâ”€[39m[90mâ”€[39m[90mâ”€[39m[90mâ”€[39m[90mâ”€[39m[90mâ”€[39m[90mâ”€[39m[90mâ”€[39m[90mâ”€[39m[90mâ”€[39m[90mâ”€[39m[90mâ”€[39m[90mâ”€[39m[90mâ”€[39m[90mâ”€[39m[90mâ”€[39m[90mâ”€[39m[90mâ”€[39m[90mâ”€[39m[90mâ”€[39m[90mâ”€[39m[90mâ”€[39m[90mâ”€[39m[90mâ”€[39m[90mâ”€[39m[90mâ”€[39m[90mâ”€[39m[90mâ”€[39m[90mâ”€[39m[90mâ”€[39m[90mâ”€[39m[90mâ”€[39m[90mâ”€[39m[90mâ”€[39m[90mâ”€[39m[90mâ”€[39m[90mâ”€[39m[90mâ”€[39m[90mâ”€[39m[90mâ”€[39m[90mâ”€[39m[90mâ”€[39m[90mâ”€[39m[90mâ”€[39m[90mâ”€[39m[90mâ”€[39m[90mâ”€[39m[90mâ”€[39m[90mâ”€[39m[90mâ”€[39m[90mâ”€[39m[90mâ”€[39m[90mâ”€[39m[90mâ”€[39m[90mâ”€[39m[90mâ”€[39m[90mâ”€[39m[90mâ”€[39m[90mâ”€[39m[90mâ”€[39m[90mâ”€[39m[90mâ”€[39m[90mâ”€[39m[90mâ”€[39m[90mâ”€[39m[90mâ”€[39m[90mâ”€[39m[90mâ”€[39m[90mâ”€[39m[90mâ”€[39m[90mâ”€[39m[90mâ”€[39m[90mâ”€[39m[90mâ”€[39m[90mâ”€[39m[90mâ”€[39m[90mâ”[39m
Admin UI E2E (2, firefox)	Run Cypress	2024-10-28T00:36:19.6732284Z [90m  â”‚[39m [32mâœ”[39m  [0mclients_test.spec.ts[0m                     [90m03:57[39m       [0m66[0m       [32m66[39m        [90m-[39m        [90m-[39m        [90m-[39m [90mâ”‚[39m
Admin UI E2E (2, firefox)	Run Cypress	2024-10-28T00:36:19.6740945Z [90m  â”œ[39m[90mâ”€[39m[90mâ”€[39m[90mâ”€[39m[90mâ”€[39m[90mâ”€[39m[90mâ”€[39m[90mâ”€[39m[90mâ”€[39m[90mâ”€[39m[90mâ”€[39m[90mâ”€[39m[90mâ”€[39m[90mâ”€[39m[90mâ”€[39m[90mâ”€[39m[90mâ”€[39m[90mâ”€[39m[90mâ”€[39m[90mâ”€[39m[90mâ”€[39m[90mâ”€[39m[90mâ”€[39m[90mâ”€[39m[90mâ”€[39m[90mâ”€[39m[90mâ”€[39m[90mâ”€[39m[90mâ”€[39m[90mâ”€[39m[90mâ”€[39m[90mâ”€[39m[90mâ”€[39m[90mâ”€[39m[90mâ”€[39m[90mâ”€[39m[90mâ”€[39m[90mâ”€[39m[90mâ”€[39m[90mâ”€[39m[90mâ”€[39m[90mâ”€[39m[90mâ”€[39m[90mâ”€[39m[90mâ”€[39m[90mâ”€[39m[90mâ”€[39m[90mâ”€[39m[90mâ”€[39m[90mâ”€[39m[90mâ”€[39m[90mâ”€[39m[90mâ”€[39m[90mâ”€[39m[90mâ”€[39m[90mâ”€[39m[90mâ”€[39m[90mâ”€[39m[90mâ”€[39m[90mâ”€[39m[90mâ”€[39m[90mâ”€[39m[90mâ”€[39m[90mâ”€[39m[90mâ”€[39m[90mâ”€[39m[90mâ”€[39m[90mâ”€[39m[90mâ”€[39m[90mâ”€[39m[90mâ”€[39m[90mâ”€[39m[90mâ”€[39m[90mâ”€[39m[90mâ”€[39m[90mâ”€[39m[90mâ”€[39m[90mâ”€[39m[90mâ”€[39m[90mâ”€[39m[90mâ”€[39m[90mâ”€[39m[90mâ”€[39m[90mâ”€[39m[90mâ”€[39m[90mâ”€[39m[90mâ”€[39m[90mâ”€[39m[90mâ”€[39m[90mâ”€[39m[90mâ”€[39m[90mâ”€[39m[90mâ”€[39m[90mâ”€[39m[90mâ”€[39m[90mâ”€[39m[90mâ”€[39m[90mâ”¤[39m
Admin UI E2E (2, firefox)	Run Cypress	2024-10-28T00:36:19.6744899Z [90m  â”‚[39m [32mâœ”[39m  [0mrealm_test.spec.ts[0m                       [90m02:32[39m        [0m6[0m        [32m6[39m        [90m-[39m        [90m-[39m        [90m-[39m [90mâ”‚[39m
Admin UI E2E (2, firefox)	Run Cypress	2024-10-28T00:36:19.6749752Z [90m  â”œ[39m[90mâ”€[39m[90mâ”€[39m[90mâ”€[39m[90mâ”€[39m[90mâ”€[39m[90mâ”€[39m[90mâ”€[39m[90mâ”€[39m[90mâ”€[39m[90mâ”€[39m[90mâ”€[39m[90mâ”€[39m[90mâ”€[39m[90mâ”€[39m[90mâ”€[39m[90mâ”€[39m[90mâ”€[39m[90mâ”€[39m[90mâ”€[39m[90mâ”€[39m[90mâ”€[39m[90mâ”€[39m[90mâ”€[39m[90mâ”€[39m[90mâ”€[39m[90mâ”€[39m[90mâ”€[39m[90mâ”€[39m[90mâ”€[39m[90mâ”€[39m[90mâ”€[39m[90mâ”€[39m[90mâ”€[39m[90mâ”€[39m[90mâ”€[39m[90mâ”€[39m[90mâ”€[39m[90mâ”€[39m[90mâ”€[39m[90mâ”€[39m[90mâ”€[39m[90mâ”€[39m[90mâ”€[39m[90mâ”€[39m[90mâ”€[39m[90mâ”€[39m[90mâ”€[39m[90mâ”€[39m[90mâ”€[39m[90mâ”€[39m[90mâ”€[39m[90mâ”€[39m[90mâ”€[39m[90mâ”€[39m[90mâ”€[39m[90mâ”€[39m[90mâ”€[39m[90mâ”€[39m[90mâ”€[39m[90mâ”€[39m[90mâ”€[39m[90mâ”€[39m[90mâ”€[39m[90mâ”€[39m[90mâ”€[39m[90mâ”€[39m[90mâ”€[39m[90mâ”€[39m[90mâ”€[39m[90mâ”€[39m[90mâ”€[39m[90mâ”€[39m[90mâ”€[39m[90mâ”€[39m[90mâ”€[39m[90mâ”€[39m[90mâ”€[39m[90mâ”€[39m[90mâ”€[39m[90mâ”€[39m[90mâ”€[39m[90mâ”€[39m[90mâ”€[39m[90mâ”€[39m[90mâ”€[39m[90mâ”€[39m[90mâ”€[39m[90mâ”€[39m[90mâ”€[39m[90mâ”€[39m[90mâ”€[39m[90mâ”€[39m[90mâ”€[39m[90mâ”€[39m[90mâ”€[39m[90mâ”€[39m[90mâ”¤[39m
Admin UI E2E (2, firefox)	Run Cypress	2024-10-28T00:36:19.6753640Z [90m  â”‚[39m [32mâœ”[39m  [0mrealm_settings_client_policies_test[0m      [90m00:43[39m       [0m18[0m       [32m18[39m        [90m-[39m        [90m-[39m        [90m-[39m [90mâ”‚[39m
Admin UI E2E (2, firefox)	Run Cypress	2024-10-28T00:36:19.6754752Z [90m  â”‚[39m    [0m.spec.ts[0m                                                                                    [90mâ”‚[39m
Admin UI E2E (2, firefox)	Run Cypress	2024-10-28T00:36:19.6759353Z [90m  â”œ[39m[90mâ”€[39m[90mâ”€[39m[90mâ”€[39m[90mâ”€[39m[90mâ”€[39m[90mâ”€[39m[90mâ”€[39m[90mâ”€[39m[90mâ”€[39m[90mâ”€[39m[90mâ”€[39m[90mâ”€[39m[90mâ”€[39m[90mâ”€[39m[90mâ”€[39m[90mâ”€[39m[90mâ”€[39m[90mâ”€[39m[90mâ”€[39m[90mâ”€[39m[90mâ”€[39m[90mâ”€[39m[90mâ”€[39m[90mâ”€[39m[90mâ”€[39m[90mâ”€[39m[90mâ”€[39m[90mâ”€[39m[90mâ”€[39m[90mâ”€[39m[90mâ”€[39m[90mâ”€[39m[90mâ”€[39m[90mâ”€[39m[90mâ”€[39m[90mâ”€[39m[90mâ”€[39m[90mâ”€[39m[90mâ”€[39m[90mâ”€[39m[90mâ”€[39m[90mâ”€[39m[90mâ”€[39m[90mâ”€[39m[90mâ”€[39m[90mâ”€[39m[90mâ”€[39m[90mâ”€[39m[90mâ”€[39m[90mâ”€[39m[90mâ”€[39m[90mâ”€[39m[90mâ”€[39m[90mâ”€[39m[90mâ”€[39m[90mâ”€[39m[90mâ”€[39m[90mâ”€[39m[90mâ”€[39m[90mâ”€[39m[90mâ”€[39m[90mâ”€[39m[90mâ”€[39m[90mâ”€[39m[90mâ”€[39m[90mâ”€[39m[90mâ”€[39m[90mâ”€[39m[90mâ”€[39m[90mâ”€[39m[90mâ”€[39m[90mâ”€[39m[90mâ”€[39m[90mâ”€[39m[90mâ”€[39m[90mâ”€[39m[90mâ”€[39m[90mâ”€[39m[90mâ”€[39m[90mâ”€[39m[90mâ”€[39m[90mâ”€[39m[90mâ”€[39m[90mâ”€[39m[90mâ”€[39m[90mâ”€[39m[90mâ”€[39m[90mâ”€[39m[90mâ”€[39m[90mâ”€[39m[90mâ”€[39m[90mâ”€[39m[90mâ”€[39m[90mâ”€[39m[90mâ”€[39m[90mâ”€[39m[90mâ”¤[39m
Admin UI E2E (2, firefox)	Run Cypress	2024-10-28T00:36:19.6763619Z [90m  â”‚[39m [31mâœ–[39m  [0mrealm_roles_test.spec.ts[0m                 [90m02:35[39m       [0m22[0m       [32m21[39m        [31m1[39m        [90m-[39m        [90m-[39m [90mâ”‚[39m
Admin UI E2E (2, firefox)	Run Cypress	2024-10-28T00:36:19.6768466Z [90m  â””[39m[90mâ”€[39m[90mâ”€[39m[90mâ”€[39m[90mâ”€[39m[90mâ”€[39m[90mâ”€[39m[90mâ”€[39m[90mâ”€[39m[90mâ”€[39m[90mâ”€[39m[90mâ”€[39m[90mâ”€[39m[90mâ”€[39m[90mâ”€[39m[90mâ”€[39m[90mâ”€[39m[90mâ”€[39m[90mâ”€[39m[90mâ”€[39m[90mâ”€[39m[90mâ”€[39m[90mâ”€[39m[90mâ”€[39m[90mâ”€[39m[90mâ”€[39m[90mâ”€[39m[90mâ”€[39m[90mâ”€[39m[90mâ”€[39m[90mâ”€[39m[90mâ”€[39m[90mâ”€[39m[90mâ”€[39m[90mâ”€[39m[90mâ”€[39m[90mâ”€[39m[90mâ”€[39m[90mâ”€[39m[90mâ”€[39m[90mâ”€[39m[90mâ”€[39m[90mâ”€[39m[90mâ”€[39m[90mâ”€[39m[90mâ”€[39m[90mâ”€[39m[90mâ”€[39m[90mâ”€[39m[90mâ”€[39m[90mâ”€[39m[90mâ”€[39m[90mâ”€[39m[90mâ”€[39m[90mâ”€[39m[90mâ”€[39m[90mâ”€[39m[90mâ”€[39m[90mâ”€[39m[90mâ”€[39m[90mâ”€[39m[90mâ”€[39m[90mâ”€[39m[90mâ”€[39m[90mâ”€[39m[90mâ”€[39m[90mâ”€[39m[90mâ”€[39m[90mâ”€[39m[90mâ”€[39m[90mâ”€[39m[90mâ”€[39m[90mâ”€[39m[90mâ”€[39m[90mâ”€[39m[90mâ”€[39m[90mâ”€[39m[90mâ”€[39m[90mâ”€[39m[90mâ”€[39m[90mâ”€[39m[90mâ”€[39m[90mâ”€[39m[90mâ”€[39m[90mâ”€[39m[90mâ”€[39m[90mâ”€[39m[90mâ”€[39m[90mâ”€[39m[90mâ”€[39m[90mâ”€[39m[90mâ”€[39m[90mâ”€[39m[90mâ”€[39m[90mâ”€[39m[90mâ”€[39m[90mâ”€[39m[90mâ”˜[39m
Admin UI E2E (2, firefox)	Run Cypress	2024-10-28T00:36:19.6772334Z [90m   [39m [31mâœ–[39m  [31m1 of 4 failed (25%)[39m                      [90m09:48[39m      [0m112[0m      [32m111[39m        [31m1[39m        [90m-[39m        [90m-[39m [90m [39m
Admin UI E2E (2, firefox)	Run Cypress	2024-10-28T00:36:19.6772968Z 
Admin UI E2E (2, firefox)	Run Cypress	2024-10-28T00:36:19.7958020Z ##[error]Cypress tests: 1 failed
Status Check - Keycloak JavaScript CI	Run /./.github/actions/status-check	2024-10-28T00:36:32.8894523Z Prepare all required actions
Status Check - Keycloak JavaScript CI	Run /./.github/actions/status-check	2024-10-28T00:36:32.8979783Z ##[group]Run ./.github/actions/status-check
Status Check - Keycloak JavaScript CI	Run /./.github/actions/status-check	2024-10-28T00:36:32.8980235Z with:
Status Check - Keycloak JavaScript CI	Run /./.github/actions/status-check	2024-10-28T00:36:32.8981969Z   jobs: {
Status Check - Keycloak JavaScript CI	Run /./.github/actions/status-check	  "conditional": {
Status Check - Keycloak JavaScript CI	Run /./.github/actions/status-check	    "result": "success",
Status Check - Keycloak JavaScript CI	Run /./.github/actions/status-check	    "outputs": {
Status Check - Keycloak JavaScript CI	Run /./.github/actions/status-check	      "js-ci": "true"
Status Check - Keycloak JavaScript CI	Run /./.github/actions/status-check	    }
Status Check - Keycloak JavaScript CI	Run /./.github/actions/status-check	  },
Status Check - Keycloak JavaScript CI	Run /./.github/actions/status-check	  "build-keycloak": {
Status Check - Keycloak JavaScript CI	Run /./.github/actions/status-check	    "result": "success",
Status Check - Keycloak JavaScript CI	Run /./.github/actions/status-check	    "outputs": {}
Status Check - Keycloak JavaScript CI	Run /./.github/actions/status-check	  },
Status Check - Keycloak JavaScript CI	Run /./.github/actions/status-check	  "admin-client": {
Status Check - Keycloak JavaScript CI	Run /./.github/actions/status-check	    "result": "success",
Status Check - Keycloak JavaScript CI	Run /./.github/actions/status-check	    "outputs": {}
Status Check - Keycloak JavaScript CI	Run /./.github/actions/status-check	  },
Status Check - Keycloak JavaScript CI	Run /./.github/actions/status-check	  "ui-shared": {
Status Check - Keycloak JavaScript CI	Run /./.github/actions/status-check	    "result": "success",
Status Check - Keycloak JavaScript CI	Run /./.github/actions/status-check	    "outputs": {}
Status Check - Keycloak JavaScript CI	Run /./.github/actions/status-check	  },
Status Check - Keycloak JavaScript CI	Run /./.github/actions/status-check	  "account-ui": {
Status Check - Keycloak JavaScript CI	Run /./.github/actions/status-check	    "result": "success",
Status Check - Keycloak JavaScript CI	Run /./.github/actions/status-check	    "outputs": {}
Status Check - Keycloak JavaScript CI	Run /./.github/actions/status-check	  },
Status Check - Keycloak JavaScript CI	Run /./.github/actions/status-check	  "account-ui-e2e": {
Status Check - Keycloak JavaScript CI	Run /./.github/actions/status-check	    "result": "success",
Status Check - Keycloak JavaScript CI	Run /./.github/actions/status-check	    "outputs": {}
Status Check - Keycloak JavaScript CI	Run /./.github/actions/status-check	  },
Status Check - Keycloak JavaScript CI	Run /./.github/actions/status-check	  "admin-ui": {
Status Check - Keycloak JavaScript CI	Run /./.github/actions/status-check	    "result": "success",
Status Check - Keycloak JavaScript CI	Run /./.github/actions/status-check	    "outputs": {}
Status Check - Keycloak JavaScript CI	Run /./.github/actions/status-check	  },
Status Check - Keycloak JavaScript CI	Run /./.github/actions/status-check	  "admin-ui-e2e": {
Status Check - Keycloak JavaScript CI	Run /./.github/actions/status-check	    "result": "failure",
Status Check - Keycloak JavaScript CI	Run /./.github/actions/status-check	    "outputs": {}
Status Check - Keycloak JavaScript CI	Run /./.github/actions/status-check	  }
Status Check - Keycloak JavaScript CI	Run /./.github/actions/status-check	}
Status Check - Keycloak JavaScript CI	Run /./.github/actions/status-check	2024-10-28T00:36:32.8983685Z env:
Status Check - Keycloak JavaScript CI	Run /./.github/actions/status-check	2024-10-28T00:36:32.8984336Z   MAVEN_ARGS: -B -nsu -Daether.connector.http.connectionMaxTtl=25
Status Check - Keycloak JavaScript CI	Run /./.github/actions/status-check	2024-10-28T00:36:32.8984952Z ##[endgroup]
Status Check - Keycloak JavaScript CI	Run /./.github/actions/status-check	2024-10-28T00:36:32.9235385Z ##[group]Run JOBS='{
Status Check - Keycloak JavaScript CI	Run /./.github/actions/status-check	2024-10-28T00:36:32.9235873Z [36;1mJOBS='{[0m
Status Check - Keycloak JavaScript CI	Run /./.github/actions/status-check	2024-10-28T00:36:32.9236434Z [36;1m  "conditional": {[0m
Status Check - Keycloak JavaScript CI	Run /./.github/actions/status-check	2024-10-28T00:36:32.9236826Z [36;1m    "result": "success",[0m
Status Check - Keycloak JavaScript CI	Run /./.github/actions/status-check	2024-10-28T00:36:32.9237198Z [36;1m    "outputs": {[0m
Status Check - Keycloak JavaScript CI	Run /./.github/actions/status-check	2024-10-28T00:36:32.9237655Z [36;1m      "js-ci": "true"[0m
Status Check - Keycloak JavaScript CI	Run /./.github/actions/status-check	2024-10-28T00:36:32.9238029Z [36;1m    }[0m
Status Check - Keycloak JavaScript CI	Run /./.github/actions/status-check	2024-10-28T00:36:32.9238323Z [36;1m  },[0m
Status Check - Keycloak JavaScript CI	Run /./.github/actions/status-check	2024-10-28T00:36:32.9238715Z [36;1m  "build-keycloak": {[0m
Status Check - Keycloak JavaScript CI	Run /./.github/actions/status-check	2024-10-28T00:36:32.9239103Z [36;1m    "result": "success",[0m
Status Check - Keycloak JavaScript CI	Run /./.github/actions/status-check	2024-10-28T00:36:32.9239473Z [36;1m    "outputs": {}[0m
Status Check - Keycloak JavaScript CI	Run /./.github/actions/status-check	2024-10-28T00:36:32.9239887Z [36;1m  },[0m
Status Check - Keycloak JavaScript CI	Run /./.github/actions/status-check	2024-10-28T00:36:32.9240212Z [36;1m  "admin-client": {[0m
Status Check - Keycloak JavaScript CI	Run /./.github/actions/status-check	2024-10-28T00:36:32.9240579Z [36;1m    "result": "success",[0m
Status Check - Keycloak JavaScript CI	Run /./.github/actions/status-check	2024-10-28T00:36:32.9241035Z [36;1m    "outputs": {}[0m
Status Check - Keycloak JavaScript CI	Run /./.github/actions/status-check	2024-10-28T00:36:32.9241396Z [36;1m  },[0m
Status Check - Keycloak JavaScript CI	Run /./.github/actions/status-check	2024-10-28T00:36:32.9241719Z [36;1m  "ui-shared": {[0m
Status Check - Keycloak JavaScript CI	Run /./.github/actions/status-check	2024-10-28T00:36:32.9242155Z [36;1m    "result": "success",[0m
Status Check - Keycloak JavaScript CI	Run /./.github/actions/status-check	2024-10-28T00:36:32.9242562Z [36;1m    "outputs": {}[0m
Status Check - Keycloak JavaScript CI	Run /./.github/actions/status-check	2024-10-28T00:36:32.9242876Z [36;1m  },[0m
Status Check - Keycloak JavaScript CI	Run /./.github/actions/status-check	2024-10-28T00:36:32.9243267Z [36;1m  "account-ui": {[0m
Status Check - Keycloak JavaScript CI	Run /./.github/actions/status-check	2024-10-28T00:36:32.9243648Z [36;1m    "result": "success",[0m
Status Check - Keycloak JavaScript CI	Run /./.github/actions/status-check	2024-10-28T00:36:32.9244002Z [36;1m    "outputs": {}[0m
Status Check - Keycloak JavaScript CI	Run /./.github/actions/status-check	2024-10-28T00:36:32.9244409Z [36;1m  },[0m
Status Check - Keycloak JavaScript CI	Run /./.github/actions/status-check	2024-10-28T00:36:32.9244747Z [36;1m  "account-ui-e2e": {[0m
Status Check - Keycloak JavaScript CI	Run /./.github/actions/status-check	2024-10-28T00:36:32.9245099Z [36;1m    "result": "success",[0m
Status Check - Keycloak JavaScript CI	Run /./.github/actions/status-check	2024-10-28T00:36:32.9245552Z [36;1m    "outputs": {}[0m
Status Check - Keycloak JavaScript CI	Run /./.github/actions/status-check	2024-10-28T00:36:32.9245962Z [36;1m  },[0m
Status Check - Keycloak JavaScript CI	Run /./.github/actions/status-check	2024-10-28T00:36:32.9246452Z [36;1m  "admin-ui": {[0m
Status Check - Keycloak JavaScript CI	Run /./.github/actions/status-check	2024-10-28T00:36:32.9246922Z [36;1m    "result": "success",[0m
Status Check - Keycloak JavaScript CI	Run /./.github/actions/status-check	2024-10-28T00:36:32.9247327Z [36;1m    "outputs": {}[0m
Status Check - Keycloak JavaScript CI	Run /./.github/actions/status-check	2024-10-28T00:36:32.9247641Z [36;1m  },[0m
Status Check - Keycloak JavaScript CI	Run /./.github/actions/status-check	2024-10-28T00:36:32.9248025Z [36;1m  "admin-ui-e2e": {[0m
Status Check - Keycloak JavaScript CI	Run /./.github/actions/status-check	2024-10-28T00:36:32.9248416Z [36;1m    "result": "failure",[0m
Status Check - Keycloak JavaScript CI	Run /./.github/actions/status-check	2024-10-28T00:36:32.9248773Z [36;1m    "outputs": {}[0m
Status Check - Keycloak JavaScript CI	Run /./.github/actions/status-check	2024-10-28T00:36:32.9249194Z [36;1m  }[0m
Status Check - Keycloak JavaScript CI	Run /./.github/actions/status-check	2024-10-28T00:36:32.9249496Z [36;1m}'[0m
Status Check - Keycloak JavaScript CI	Run /./.github/actions/status-check	2024-10-28T00:36:32.9249760Z [36;1m[0m
Status Check - Keycloak JavaScript CI	Run /./.github/actions/status-check	2024-10-28T00:36:32.9250158Z [36;1mecho "Job status:"[0m
Status Check - Keycloak JavaScript CI	Run /./.github/actions/status-check	2024-10-28T00:36:32.9250738Z [36;1mecho $JOBS | jq -r 'to_entries[] | " - \(.key): \(.value.result)"'[0m
Status Check - Keycloak JavaScript CI	Run /./.github/actions/status-check	2024-10-28T00:36:32.9251236Z [36;1m[0m
Status Check - Keycloak JavaScript CI	Run /./.github/actions/status-check	2024-10-28T00:36:32.9251758Z [36;1mfor i in $(echo $JOBS | jq -r 'to_entries[] | .value.result'); do[0m
Status Check - Keycloak JavaScript CI	Run /./.github/actions/status-check	2024-10-28T00:36:32.9252384Z [36;1m  if [ "$i" != "success" ] && [ "$i" != "skipped" ]; then[0m
Status Check - Keycloak JavaScript CI	Run /./.github/actions/status-check	2024-10-28T00:36:32.9252870Z [36;1m    echo ""[0m
Status Check - Keycloak JavaScript CI	Run /./.github/actions/status-check	2024-10-28T00:36:32.9253284Z [36;1m    echo "Status check not okay!"[0m
Status Check - Keycloak JavaScript CI	Run /./.github/actions/status-check	2024-10-28T00:36:32.9253701Z [36;1m    exit 1[0m
Status Check - Keycloak JavaScript CI	Run /./.github/actions/status-check	2024-10-28T00:36:32.9254041Z [36;1m  fi[0m
Status Check - Keycloak JavaScript CI	Run /./.github/actions/status-check	2024-10-28T00:36:32.9254371Z [36;1mdone[0m
Status Check - Keycloak JavaScript CI	Run /./.github/actions/status-check	2024-10-28T00:36:32.9367502Z shell: /usr/bin/bash --noprofile --norc -e -o pipefail {0}
Status Check - Keycloak JavaScript CI	Run /./.github/actions/status-check	2024-10-28T00:36:32.9368181Z env:
Status Check - Keycloak JavaScript CI	Run /./.github/actions/status-check	2024-10-28T00:36:32.9368630Z   MAVEN_ARGS: -B -nsu -Daether.connector.http.connectionMaxTtl=25
Status Check - Keycloak JavaScript CI	Run /./.github/actions/status-check	2024-10-28T00:36:32.9369164Z ##[endgroup]
Status Check - Keycloak JavaScript CI	Run /./.github/actions/status-check	2024-10-28T00:36:32.9513339Z Job status:
Status Check - Keycloak JavaScript CI	Run /./.github/actions/status-check	2024-10-28T00:36:33.0107814Z  - conditional: success
Status Check - Keycloak JavaScript CI	Run /./.github/actions/status-check	2024-10-28T00:36:33.0108626Z  - build-keycloak: success
Status Check - Keycloak JavaScript CI	Run /./.github/actions/status-check	2024-10-28T00:36:33.0109564Z  - admin-client: success
Status Check - Keycloak JavaScript CI	Run /./.github/actions/status-check	2024-10-28T00:36:33.0109997Z  - ui-shared: success
Status Check - Keycloak JavaScript CI	Run /./.github/actions/status-check	2024-10-28T00:36:33.0110469Z  - account-ui: success
Status Check - Keycloak JavaScript CI	Run /./.github/actions/status-check	2024-10-28T00:36:33.0110832Z  - account-ui-e2e: success
Status Check - Keycloak JavaScript CI	Run /./.github/actions/status-check	2024-10-28T00:36:33.0111288Z  - admin-ui: success
Status Check - Keycloak JavaScript CI	Run /./.github/actions/status-check	2024-10-28T00:36:33.0111720Z  - admin-ui-e2e: failure
Status Check - Keycloak JavaScript CI	Run /./.github/actions/status-check	2024-10-28T00:36:33.0317141Z 
Status Check - Keycloak JavaScript CI	Run /./.github/actions/status-check	2024-10-28T00:36:33.0317524Z Status check not okay!
Status Check - Keycloak JavaScript CI	Run /./.github/actions/status-check	2024-10-28T00:36:33.0333234Z ##[error]Process completed with exit code 1.
