Admin UI E2E (chromium)	Run Playwright tests	ï»¿2025-12-14T04:27:16.6935567Z ##[group]Run pnpm --fail-if-no-match --filter @keycloak/keycloak-admin-ui test:integration -- --project=chromium
Admin UI E2E (chromium)	Run Playwright tests	2025-12-14T04:27:16.6936827Z [36;1mpnpm --fail-if-no-match --filter @keycloak/keycloak-admin-ui test:integration -- --project=chromium[0m
Admin UI E2E (chromium)	Run Playwright tests	2025-12-14T04:27:16.6980308Z shell: /usr/bin/bash --noprofile --norc -e -o pipefail {0}
Admin UI E2E (chromium)	Run Playwright tests	2025-12-14T04:27:16.6980834Z env:
Admin UI E2E (chromium)	Run Playwright tests	2025-12-14T04:27:16.6981277Z   MAVEN_ARGS: -B -nsu -Daether.connector.http.connectionMaxTtl=25
Admin UI E2E (chromium)	Run Playwright tests	2025-12-14T04:27:16.6981875Z   WORKSPACE: @keycloak/keycloak-admin-ui
Admin UI E2E (chromium)	Run Playwright tests	2025-12-14T04:27:16.6982301Z   RETRY_COUNT: 3
Admin UI E2E (chromium)	Run Playwright tests	2025-12-14T04:27:16.6982791Z   JAVA_HOME: /opt/hostedtoolcache/Java_Temurin-Hotspot_jdk/21.0.9-10/x64
Admin UI E2E (chromium)	Run Playwright tests	2025-12-14T04:27:16.6983571Z   JAVA_HOME_21_X64: /opt/hostedtoolcache/Java_Temurin-Hotspot_jdk/21.0.9-10/x64
Admin UI E2E (chromium)	Run Playwright tests	2025-12-14T04:27:16.6984166Z ##[endgroup]
Admin UI E2E (chromium)	Run Playwright tests	2025-12-14T04:27:17.0203971Z 
Admin UI E2E (chromium)	Run Playwright tests	2025-12-14T04:27:17.0205008Z > @keycloak/keycloak-admin-ui@999.0.0-SNAPSHOT test:integration /home/runner/work/keycloak/keycloak/js/apps/admin-ui
Admin UI E2E (chromium)	Run Playwright tests	2025-12-14T04:27:17.0206365Z > wireit -- --project=chromium
Admin UI E2E (chromium)	Run Playwright tests	2025-12-14T04:27:17.0206637Z 
Admin UI E2E (chromium)	Run Playwright tests	2025-12-14T04:27:17.1258176Z Analyzing
Admin UI E2E (chromium)	Run Playwright tests	2025-12-14T04:27:18.1263113Z   0% [0 / 2] [1 running] ../../libs/keycloak-admin-client:build
Admin UI E2E (chromium)	Run Playwright tests	2025-12-14T04:27:18.9399781Z (node:5784) [DEP0190] DeprecationWarning: Passing args to a child process with shell option true can lead to security vulnerabilities, as the arguments are not escaped, only concatenated.
Admin UI E2E (chromium)	Run Playwright tests	2025-12-14T04:27:18.9401361Z (Use `node --trace-deprecation ...` to show where the warning was created)
Admin UI E2E (chromium)	Run Playwright tests	2025-12-14T04:27:19.1273301Z  50% [1 / 2] [1 running] test:integration
Admin UI E2E (chromium)	Run Playwright tests	2025-12-14T04:27:21.5513064Z 
Admin UI E2E (chromium)	Run Playwright tests	2025-12-14T04:27:21.5513738Z Running 379 tests using 1 worker
Admin UI E2E (chromium)	Run Playwright tests	2025-12-14T04:31:17.2145312Z Â·Â·Â·Â·Â·Â·Â·Â·Â·Â·Â·Â·Â·Â·Â·Â·Â·Â·Â·Â·Â·Â·Â·Â·Â·Â·Â·Â·Â·Â·Â·Â·Â·Â·Â·Â·Â·Â·Â·Â·Â·Â·Â·Â·Â·Â·Â·Â·Â·Â·Â·Â·Â·Â·Â·Â·Â·Â·Â·Â·Â·Â·Â·Â·Â·Â·Â·Â·Â·Â·Â·Â·Â·Â·Â·Â·Â·Â·Â·Â·
Admin UI E2E (chromium)	Run Playwright tests	2025-12-14T04:34:20.7769564Z Â·Â·Â·Â·Â·Â·Â·Â·Â·Â·Â·Â·Â·Â·Â·Â·Â·Â·Â·Â·Â·Â·Â·Â·Â·Â·Â·Â·Â·Â·Â·Â·Â·Â·Â°Â·Â·Â·Â·Â·Â·Â·Â·Â·Â·Â·Â·Â·Â·Â·Â·Â·Â·Â·Â·Â·Â·Â·Â·Â·Â·Â·Â·Â·Â·Â·Â·Â·Â·Â·Â·Â·Â·Â·Â·Â·Â·Â·Â·Â·
Admin UI E2E (chromium)	Run Playwright tests	2025-12-14T04:37:42.2740327Z Â·Â·Â·Â·Â·Â·Â·Â·Â·Â·Â·Â·Â·Â·Â·Â·Â·Â·Â·Â·Â·Â·Â·Â·Â·Â·Â·Â·Â·Â·Â·Â·Â·Â·Â·Â·Â·Â·Â·Â·Â·Â·Â·Â·Â·Â·Â·Â·Â·Â·Â·Â·Â·Â·Â·Â·Â·Â·Â·Â·Â·Â·Â·Â·Â·Â·Â·Â·Â·Â·Â·Â·Â·Â·Â·Â·Â·Â·Â·Â·
Admin UI E2E (chromium)	Run Playwright tests	2025-12-14T04:40:52.6972144Z Â·Â·Â·Â·Â·Â·Â·Â·Â·Â·Â·Â·Â·Â·Â·Â·Â·Â·Â·Â·Â·Â·Â·Â·Â·Â·Â·Â·Â·Â·Â·Â·Â·Â·Â·Â·Â·Â·Â·Â·Â·Â·Â·Â·Â·Â·Â·Â·Â·Â·Â·Â·Â·Â·Â·Â·Â·Â·Â·Â·Â·Â·Â·Â·Â·Â·Â·Â·Â·Â·Â·Â·Â·Â·Â·Â·Â·Â·Â·Â·
Admin UI E2E (chromium)	Run Playwright tests	2025-12-14T04:43:24.3108654Z Â·Â·Â·Â·Â·Â·Â·Â·Â·Â·Â·Â·Â·Â·Â·Â·Â·Â·Â·Â·Â·Â·Â·Â·Â·Â·Â·Â·Â·Â·Â·Â·Â·Â·Â·Â·Â·Â·Â·Â·Â·Â·Â·Â·Â·Â·Â·Â·Â·Â·Â·Â·TÂ°Â°Â°Â°Â°Â°
Admin UI E2E (chromium)	Run Playwright tests	2025-12-14T04:43:24.3142765Z 
Admin UI E2E (chromium)	Run Playwright tests	2025-12-14T04:43:24.3143846Z   1) [chromium] â€º test/workflows/main.spec.ts:60:3 â€º Workflow CRUD â€º should create simple workflow from empty state 
Admin UI E2E (chromium)	Run Playwright tests	2025-12-14T04:43:24.3144536Z 
Admin UI E2E (chromium)	Run Playwright tests	2025-12-14T04:43:24.3144902Z     [31mTest timeout of 30000ms exceeded while running "beforeEach" hook.[39m
Admin UI E2E (chromium)	Run Playwright tests	2025-12-14T04:43:24.3145220Z 
Admin UI E2E (chromium)	Run Playwright tests	2025-12-14T04:43:24.3145433Z       69 |   test.afterAll(() => adminClient.deleteRealm(realmName));
Admin UI E2E (chromium)	Run Playwright tests	2025-12-14T04:43:24.3145779Z       70 |
Admin UI E2E (chromium)	Run Playwright tests	2025-12-14T04:43:24.3146047Z     > 71 |   test.beforeEach(async ({ page }) => {
Admin UI E2E (chromium)	Run Playwright tests	2025-12-14T04:43:24.3146346Z          |        ^
Admin UI E2E (chromium)	Run Playwright tests	2025-12-14T04:43:24.3146589Z       72 |     await login(page);
Admin UI E2E (chromium)	Run Playwright tests	2025-12-14T04:43:24.3146903Z       73 |     await goToRealm(page, realmName);
Admin UI E2E (chromium)	Run Playwright tests	2025-12-14T04:43:24.3147271Z       74 |     await goToWorkflows(page);
Admin UI E2E (chromium)	Run Playwright tests	2025-12-14T04:43:24.3147820Z         at /home/runner/work/keycloak/keycloak/js/apps/admin-ui/test/workflows/main.spec.ts:71:8
Admin UI E2E (chromium)	Run Playwright tests	2025-12-14T04:43:24.3148255Z 
Admin UI E2E (chromium)	Run Playwright tests	2025-12-14T04:43:24.3148575Z     Error: locator.click: Test timeout of 30000ms exceeded.
Admin UI E2E (chromium)	Run Playwright tests	2025-12-14T04:43:24.3149247Z     Call log:
Admin UI E2E (chromium)	Run Playwright tests	2025-12-14T04:43:24.3149803Z     [2m  - waiting for getByTestId('nav-item-workflows')[22m
Admin UI E2E (chromium)	Run Playwright tests	2025-12-14T04:43:24.3150058Z 
Admin UI E2E (chromium)	Run Playwright tests	2025-12-14T04:43:24.3150065Z 
Admin UI E2E (chromium)	Run Playwright tests	2025-12-14T04:43:24.3150160Z        at utils/sidebar.ts:65
Admin UI E2E (chromium)	Run Playwright tests	2025-12-14T04:43:24.3150324Z 
Admin UI E2E (chromium)	Run Playwright tests	2025-12-14T04:43:24.3150400Z       63 |
Admin UI E2E (chromium)	Run Playwright tests	2025-12-14T04:43:24.3150685Z       64 | export async function goToWorkflows(page: Page) {
Admin UI E2E (chromium)	Run Playwright tests	2025-12-14T04:43:24.3151106Z     > 65 |   await page.getByTestId("nav-item-workflows").click();
Admin UI E2E (chromium)	Run Playwright tests	2025-12-14T04:43:24.3151482Z          |                                                ^
Admin UI E2E (chromium)	Run Playwright tests	2025-12-14T04:43:24.3151751Z       66 | }
Admin UI E2E (chromium)	Run Playwright tests	2025-12-14T04:43:24.3151942Z       67 |
Admin UI E2E (chromium)	Run Playwright tests	2025-12-14T04:43:24.3152431Z         at goToWorkflows (/home/runner/work/keycloak/keycloak/js/apps/admin-ui/test/utils/sidebar.ts:65:48)
Admin UI E2E (chromium)	Run Playwright tests	2025-12-14T04:43:24.3153511Z         at /home/runner/work/keycloak/keycloak/js/apps/admin-ui/test/workflows/main.spec.ts:74:11
Admin UI E2E (chromium)	Run Playwright tests	2025-12-14T04:43:24.3153893Z 
Admin UI E2E (chromium)	Run Playwright tests	2025-12-14T04:43:24.3154360Z     Error Context: test-results/workflows-main-Workflow-CR-2d102-e-workflow-from-empty-state-chromium/error-context.md
Admin UI E2E (chromium)	Run Playwright tests	2025-12-14T04:43:24.3154842Z 
Admin UI E2E (chromium)	Run Playwright tests	2025-12-14T04:43:24.3155247Z     attachment #2: trace (application/zip) â”€â”€â”€â”€â”€â”€â”€â”€â”€â”€â”€â”€â”€â”€â”€â”€â”€â”€â”€â”€â”€â”€â”€â”€â”€â”€â”€â”€â”€â”€â”€â”€â”€â”€â”€â”€â”€â”€â”€â”€â”€â”€â”€â”€â”€â”€â”€â”€â”€â”€â”€â”€â”€â”€â”€â”€â”€
Admin UI E2E (chromium)	Run Playwright tests	2025-12-14T04:43:24.3155933Z     test-results/workflows-main-Workflow-CR-2d102-e-workflow-from-empty-state-chromium/trace.zip
Admin UI E2E (chromium)	Run Playwright tests	2025-12-14T04:43:24.3156405Z     Usage:
Admin UI E2E (chromium)	Run Playwright tests	2025-12-14T04:43:24.3156508Z 
Admin UI E2E (chromium)	Run Playwright tests	2025-12-14T04:43:24.3157005Z         pnpm exec playwright show-trace test-results/workflows-main-Workflow-CR-2d102-e-workflow-from-empty-state-chromium/trace.zip
Admin UI E2E (chromium)	Run Playwright tests	2025-12-14T04:43:24.3157531Z 
Admin UI E2E (chromium)	Run Playwright tests	2025-12-14T04:43:24.3158019Z     â”€â”€â”€â”€â”€â”€â”€â”€â”€â”€â”€â”€â”€â”€â”€â”€â”€â”€â”€â”€â”€â”€â”€â”€â”€â”€â”€â”€â”€â”€â”€â”€â”€â”€â”€â”€â”€â”€â”€â”€â”€â”€â”€â”€â”€â”€â”€â”€â”€â”€â”€â”€â”€â”€â”€â”€â”€â”€â”€â”€â”€â”€â”€â”€â”€â”€â”€â”€â”€â”€â”€â”€â”€â”€â”€â”€â”€â”€â”€â”€â”€â”€â”€â”€â”€â”€â”€â”€â”€â”€â”€â”€â”€â”€â”€â”€
Admin UI E2E (chromium)	Run Playwright tests	2025-12-14T04:43:24.3158273Z 
Admin UI E2E (chromium)	Run Playwright tests	2025-12-14T04:43:24.3158354Z   1 failed
Admin UI E2E (chromium)	Run Playwright tests	2025-12-14T04:43:24.3159099Z     [chromium] â€º test/workflows/main.spec.ts:60:3 â€º Workflow CRUD â€º should create simple workflow from empty state 
Admin UI E2E (chromium)	Run Playwright tests	2025-12-14T04:43:24.3159579Z   1 skipped
Admin UI E2E (chromium)	Run Playwright tests	2025-12-14T04:43:24.3159754Z   6 did not run
Admin UI E2E (chromium)	Run Playwright tests	2025-12-14T04:43:24.3159952Z   371 passed (16.1m)
Admin UI E2E (chromium)	Run Playwright tests	2025-12-14T04:43:24.3183730Z ##[error]  1) [chromium] â€º test/workflows/main.spec.ts:60:3 â€º Workflow CRUD â€º should create simple workflow from empty state 
Admin UI E2E (chromium)	Run Playwright tests	    Test timeout of 30000ms exceeded while running "beforeEach" hook.
Admin UI E2E (chromium)	Run Playwright tests	
Admin UI E2E (chromium)	Run Playwright tests	      69 |   test.afterAll(() => adminClient.deleteRealm(realmName));
Admin UI E2E (chromium)	Run Playwright tests	      70 |
Admin UI E2E (chromium)	Run Playwright tests	    > 71 |   test.beforeEach(async ({ page }) => {
Admin UI E2E (chromium)	Run Playwright tests	         |        ^
Admin UI E2E (chromium)	Run Playwright tests	      72 |     await login(page);
Admin UI E2E (chromium)	Run Playwright tests	      73 |     await goToRealm(page, realmName);
Admin UI E2E (chromium)	Run Playwright tests	      74 |     await goToWorkflows(page);
Admin UI E2E (chromium)	Run Playwright tests	        at /home/runner/work/keycloak/keycloak/js/apps/admin-ui/test/workflows/main.spec.ts:71:8
Admin UI E2E (chromium)	Run Playwright tests	2025-12-14T04:43:24.3197821Z ##[error]  1) [chromium] â€º test/workflows/main.spec.ts:60:3 â€º Workflow CRUD â€º should create simple workflow from empty state 
Admin UI E2E (chromium)	Run Playwright tests	    Error: locator.click: Test timeout of 30000ms exceeded.
Admin UI E2E (chromium)	Run Playwright tests	    Call log:
Admin UI E2E (chromium)	Run Playwright tests	      - waiting for getByTestId('nav-item-workflows')
Admin UI E2E (chromium)	Run Playwright tests	
Admin UI E2E (chromium)	Run Playwright tests	
Admin UI E2E (chromium)	Run Playwright tests	       at utils/sidebar.ts:65
Admin UI E2E (chromium)	Run Playwright tests	
Admin UI E2E (chromium)	Run Playwright tests	      63 |
Admin UI E2E (chromium)	Run Playwright tests	      64 | export async function goToWorkflows(page: Page) {
Admin UI E2E (chromium)	Run Playwright tests	    > 65 |   await page.getByTestId("nav-item-workflows").click();
Admin UI E2E (chromium)	Run Playwright tests	         |                                                ^
Admin UI E2E (chromium)	Run Playwright tests	      66 | }
Admin UI E2E (chromium)	Run Playwright tests	      67 |
Admin UI E2E (chromium)	Run Playwright tests	        at goToWorkflows (/home/runner/work/keycloak/keycloak/js/apps/admin-ui/test/utils/sidebar.ts:65:48)
Admin UI E2E (chromium)	Run Playwright tests	        at /home/runner/work/keycloak/keycloak/js/apps/admin-ui/test/workflows/main.spec.ts:74:11
Admin UI E2E (chromium)	Run Playwright tests	2025-12-14T04:43:24.3203246Z ##[notice]  1 failed
Admin UI E2E (chromium)	Run Playwright tests	    [chromium] â€º test/workflows/main.spec.ts:60:3 â€º Workflow CRUD â€º should create simple workflow from empty state 
Admin UI E2E (chromium)	Run Playwright tests	  1 skipped
Admin UI E2E (chromium)	Run Playwright tests	  6 did not run
Admin UI E2E (chromium)	Run Playwright tests	  371 passed (16.1m)
Admin UI E2E (chromium)	Run Playwright tests	2025-12-14T04:43:24.5606498Z 
Admin UI E2E (chromium)	Run Playwright tests	2025-12-14T04:43:24.5607292Z âŒ [test:integration] exited with exit code 1.
Admin UI E2E (chromium)	Run Playwright tests	2025-12-14T04:43:24.5612436Z âŒ 1 script failed.
Admin UI E2E (chromium)	Run Playwright tests	2025-12-14T04:43:24.5904304Z /home/runner/work/keycloak/keycloak/js/apps/admin-ui:
Admin UI E2E (chromium)	Run Playwright tests	2025-12-14T04:43:24.5906335Z â€‰ERR_PNPM_RECURSIVE_RUN_FIRST_FAILâ€‰ @keycloak/keycloak-admin-ui@999.0.0-SNAPSHOT test:integration: `wireit -- --project=chromium`
Admin UI E2E (chromium)	Run Playwright tests	2025-12-14T04:43:24.5907415Z Exit status 1
Admin UI E2E (chromium)	Run Playwright tests	2025-12-14T04:43:24.6127916Z ##[error]Process completed with exit code 1.
Admin UI E2E (firefox)	Run Playwright tests	ï»¿2025-12-14T04:27:26.0394187Z ##[group]Run pnpm --fail-if-no-match --filter @keycloak/keycloak-admin-ui test:integration -- --project=firefox
Admin UI E2E (firefox)	Run Playwright tests	2025-12-14T04:27:26.0394986Z [36;1mpnpm --fail-if-no-match --filter @keycloak/keycloak-admin-ui test:integration -- --project=firefox[0m
Admin UI E2E (firefox)	Run Playwright tests	2025-12-14T04:27:26.0428550Z shell: /usr/bin/bash --noprofile --norc -e -o pipefail {0}
Admin UI E2E (firefox)	Run Playwright tests	2025-12-14T04:27:26.0428881Z env:
Admin UI E2E (firefox)	Run Playwright tests	2025-12-14T04:27:26.0429164Z   MAVEN_ARGS: -B -nsu -Daether.connector.http.connectionMaxTtl=25
Admin UI E2E (firefox)	Run Playwright tests	2025-12-14T04:27:26.0429525Z   WORKSPACE: @keycloak/keycloak-admin-ui
Admin UI E2E (firefox)	Run Playwright tests	2025-12-14T04:27:26.0429788Z   RETRY_COUNT: 3
Admin UI E2E (firefox)	Run Playwright tests	2025-12-14T04:27:26.0430091Z   JAVA_HOME: /opt/hostedtoolcache/Java_Temurin-Hotspot_jdk/21.0.9-10/x64
Admin UI E2E (firefox)	Run Playwright tests	2025-12-14T04:27:26.0430557Z   JAVA_HOME_21_X64: /opt/hostedtoolcache/Java_Temurin-Hotspot_jdk/21.0.9-10/x64
Admin UI E2E (firefox)	Run Playwright tests	2025-12-14T04:27:26.0430907Z ##[endgroup]
Admin UI E2E (firefox)	Run Playwright tests	2025-12-14T04:27:26.3537319Z 
Admin UI E2E (firefox)	Run Playwright tests	2025-12-14T04:27:26.3538731Z > @keycloak/keycloak-admin-ui@999.0.0-SNAPSHOT test:integration /home/runner/work/keycloak/keycloak/js/apps/admin-ui
Admin UI E2E (firefox)	Run Playwright tests	2025-12-14T04:27:26.3539871Z > wireit -- --project=firefox
Admin UI E2E (firefox)	Run Playwright tests	2025-12-14T04:27:26.3540154Z 
Admin UI E2E (firefox)	Run Playwright tests	2025-12-14T04:27:26.4578536Z Analyzing
Admin UI E2E (firefox)	Run Playwright tests	2025-12-14T04:27:27.4592394Z   0% [0 / 2] [1 running] ../../libs/keycloak-admin-client:build
Admin UI E2E (firefox)	Run Playwright tests	2025-12-14T04:27:28.1062468Z (node:5810) [DEP0190] DeprecationWarning: Passing args to a child process with shell option true can lead to security vulnerabilities, as the arguments are not escaped, only concatenated.
Admin UI E2E (firefox)	Run Playwright tests	2025-12-14T04:27:28.1064184Z (Use `node --trace-deprecation ...` to show where the warning was created)
Admin UI E2E (firefox)	Run Playwright tests	2025-12-14T04:27:28.4605368Z  50% [1 / 2] [1 running] test:integration
Admin UI E2E (firefox)	Run Playwright tests	2025-12-14T04:27:30.7456286Z 
Admin UI E2E (firefox)	Run Playwright tests	2025-12-14T04:27:30.7456878Z Running 379 tests using 1 worker
Admin UI E2E (firefox)	Run Playwright tests	2025-12-14T04:32:18.2877011Z Â·Â·Â·Â·Â·Â·Â·Â·Â·Â·Â·Â·Â·Â·Â·Â·Â·Â·Â·Â·Â·Â·Â·Â·Â·Â·Â·Â·Â·Â·Â·Â·Â·Â·Â·Â·Â·Â·Â·Â·Â·Â·Â·Â·Â·Â·Â·Â·Â·Â·Â·Â·Â·Â·Â·Â·Â·Â·Â·Â·Â·Â·Â·Â·Â·Â·Â·Â·Â·Â·Â·Â·Â·Â·Â·Â·Â·Â·Â·Â°
Admin UI E2E (firefox)	Run Playwright tests	2025-12-14T04:36:18.5660286Z Â·Â·Â·Â·Â·Â·Â·Â·Â°Â·Â·Â·Â·Â·Â·Â·Â·Â·Â·Â·Â·Â·Â·Â·Â·Â·Â·Â·Â·Â·Â·Â·Â·Â·Â°Â·Â·Â·Â·Â·Â·Â·Â·Â·Â·Â·Â·Â·Â·Â·Â·Â·Â·Â·Â·Â·Â·Â·Â·Â·Â·Â·Â·Â·Â·Â·Â·Â·Â·Â·Â·Â·Â·Â·Â·Â·Â·Â·Â·Â·
Admin UI E2E (firefox)	Run Playwright tests	2025-12-14T04:40:38.4808176Z Â·Â·Â·Â·Â·Â·Â·Â·Â·Â·Â·Â·Â·Â·Â·Â·Â·Â·Â·Â·Â·Â·Â·Â·Â·Â·Â·Â·Â·Â·Â·Â·Â·Â·Â·Â·Â·Â·Â·Â·Â·Â·Â·Â·Â·Â·Â·Â·Â·Â·Â·Â·Â·Â·Â·Â·Â·Â·Â·Â·Â·Â·Â·Â·Â·Â·Â·Â·Â·Â·Â·Â·Â·Â·Â·Â·Â·Â·Â·Â·
Admin UI E2E (firefox)	Run Playwright tests	2025-12-14T04:44:48.3500528Z Â·Â·Â·Â·Â·Â·Â·Â·Â·Â·Â·Â·Â·Â·Â·Â·Â·Â·Â·Â·Â·Â·Â·Â·Â·Â·Â·Â·Â·Â·Â·Â·Â·Â·Â·Â·Â·Â·Â·Â·Â·Â·Â·Â·Â·Â·Â·Â·Â·Â·Â·Â·Â·Â·Â·Â·Â·Â·Â·Â·Â·Â·Â·Â·Â·Â·Â·Â·Â·Â·Â·Â·Â·Â·Â·Â·Â·Â·Â·Â·
Admin UI E2E (firefox)	Run Playwright tests	2025-12-14T04:47:59.6683154Z Â·Â·Â·Â·Â·Â·Â·Â·Â·Â·Â·Â·Â·Â·Â·Â·Â·Â·Â·Â·Â·Â·Â·Â·Â·Â·Â·Â·Â·Â·Â·Â·Â·Â·Â·Â·Â·Â·Â·Â·Â·Â·Â·Â·Â·Â·Â·Â·Â·Â·Â·Â·TÂ°Â°Â°Â°Â°Â°
Admin UI E2E (firefox)	Run Playwright tests	2025-12-14T04:47:59.6689277Z 
Admin UI E2E (firefox)	Run Playwright tests	2025-12-14T04:47:59.6700553Z   1) [firefox] â€º test/workflows/main.spec.ts:60:3 â€º Workflow CRUD â€º should create simple workflow from empty state 
Admin UI E2E (firefox)	Run Playwright tests	2025-12-14T04:47:59.6701339Z 
Admin UI E2E (firefox)	Run Playwright tests	2025-12-14T04:47:59.6701908Z     [31mTest timeout of 30000ms exceeded while running "beforeEach" hook.[39m
Admin UI E2E (firefox)	Run Playwright tests	2025-12-14T04:47:59.6702479Z 
Admin UI E2E (firefox)	Run Playwright tests	2025-12-14T04:47:59.6702777Z       69 |   test.afterAll(() => adminClient.deleteRealm(realmName));
Admin UI E2E (firefox)	Run Playwright tests	2025-12-14T04:47:59.6703149Z       70 |
Admin UI E2E (firefox)	Run Playwright tests	2025-12-14T04:47:59.6703435Z     > 71 |   test.beforeEach(async ({ page }) => {
Admin UI E2E (firefox)	Run Playwright tests	2025-12-14T04:47:59.6703740Z          |        ^
Admin UI E2E (firefox)	Run Playwright tests	2025-12-14T04:47:59.6704030Z       72 |     await login(page);
Admin UI E2E (firefox)	Run Playwright tests	2025-12-14T04:47:59.6704361Z       73 |     await goToRealm(page, realmName);
Admin UI E2E (firefox)	Run Playwright tests	2025-12-14T04:47:59.6704712Z       74 |     await goToWorkflows(page);
Admin UI E2E (firefox)	Run Playwright tests	2025-12-14T04:47:59.6705333Z         at /home/runner/work/keycloak/keycloak/js/apps/admin-ui/test/workflows/main.spec.ts:71:8
Admin UI E2E (firefox)	Run Playwright tests	2025-12-14T04:47:59.6705765Z 
Admin UI E2E (firefox)	Run Playwright tests	2025-12-14T04:47:59.6705979Z     Error: locator.click: Test timeout of 30000ms exceeded.
Admin UI E2E (firefox)	Run Playwright tests	2025-12-14T04:47:59.6706346Z     Call log:
Admin UI E2E (firefox)	Run Playwright tests	2025-12-14T04:47:59.6706771Z     [2m  - waiting for getByTestId('nav-item-workflows')[22m
Admin UI E2E (firefox)	Run Playwright tests	2025-12-14T04:47:59.6707044Z 
Admin UI E2E (firefox)	Run Playwright tests	2025-12-14T04:47:59.6707051Z 
Admin UI E2E (firefox)	Run Playwright tests	2025-12-14T04:47:59.6707163Z        at utils/sidebar.ts:65
Admin UI E2E (firefox)	Run Playwright tests	2025-12-14T04:47:59.6707338Z 
Admin UI E2E (firefox)	Run Playwright tests	2025-12-14T04:47:59.6707429Z       63 |
Admin UI E2E (firefox)	Run Playwright tests	2025-12-14T04:47:59.6707964Z       64 | export async function goToWorkflows(page: Page) {
Admin UI E2E (firefox)	Run Playwright tests	2025-12-14T04:47:59.6708454Z     > 65 |   await page.getByTestId("nav-item-workflows").click();
Admin UI E2E (firefox)	Run Playwright tests	2025-12-14T04:47:59.6708880Z          |                                                ^
Admin UI E2E (firefox)	Run Playwright tests	2025-12-14T04:47:59.6709185Z       66 | }
Admin UI E2E (firefox)	Run Playwright tests	2025-12-14T04:47:59.6709388Z       67 |
Admin UI E2E (firefox)	Run Playwright tests	2025-12-14T04:47:59.6709938Z         at goToWorkflows (/home/runner/work/keycloak/keycloak/js/apps/admin-ui/test/utils/sidebar.ts:65:48)
Admin UI E2E (firefox)	Run Playwright tests	2025-12-14T04:47:59.6711131Z         at /home/runner/work/keycloak/keycloak/js/apps/admin-ui/test/workflows/main.spec.ts:74:11
Admin UI E2E (firefox)	Run Playwright tests	2025-12-14T04:47:59.6711563Z 
Admin UI E2E (firefox)	Run Playwright tests	2025-12-14T04:47:59.6712104Z     Error Context: test-results/workflows-main-Workflow-CR-2d102-e-workflow-from-empty-state-firefox/error-context.md
Admin UI E2E (firefox)	Run Playwright tests	2025-12-14T04:47:59.6712679Z 
Admin UI E2E (firefox)	Run Playwright tests	2025-12-14T04:47:59.6713168Z     attachment #2: trace (application/zip) â”€â”€â”€â”€â”€â”€â”€â”€â”€â”€â”€â”€â”€â”€â”€â”€â”€â”€â”€â”€â”€â”€â”€â”€â”€â”€â”€â”€â”€â”€â”€â”€â”€â”€â”€â”€â”€â”€â”€â”€â”€â”€â”€â”€â”€â”€â”€â”€â”€â”€â”€â”€â”€â”€â”€â”€â”€
Admin UI E2E (firefox)	Run Playwright tests	2025-12-14T04:47:59.6713982Z     test-results/workflows-main-Workflow-CR-2d102-e-workflow-from-empty-state-firefox/trace.zip
Admin UI E2E (firefox)	Run Playwright tests	2025-12-14T04:47:59.6714909Z     Usage:
Admin UI E2E (firefox)	Run Playwright tests	2025-12-14T04:47:59.6715138Z 
Admin UI E2E (firefox)	Run Playwright tests	2025-12-14T04:47:59.6716140Z         pnpm exec playwright show-trace test-results/workflows-main-Workflow-CR-2d102-e-workflow-from-empty-state-firefox/trace.zip
Admin UI E2E (firefox)	Run Playwright tests	2025-12-14T04:47:59.6716963Z 
Admin UI E2E (firefox)	Run Playwright tests	2025-12-14T04:47:59.6717343Z     â”€â”€â”€â”€â”€â”€â”€â”€â”€â”€â”€â”€â”€â”€â”€â”€â”€â”€â”€â”€â”€â”€â”€â”€â”€â”€â”€â”€â”€â”€â”€â”€â”€â”€â”€â”€â”€â”€â”€â”€â”€â”€â”€â”€â”€â”€â”€â”€â”€â”€â”€â”€â”€â”€â”€â”€â”€â”€â”€â”€â”€â”€â”€â”€â”€â”€â”€â”€â”€â”€â”€â”€â”€â”€â”€â”€â”€â”€â”€â”€â”€â”€â”€â”€â”€â”€â”€â”€â”€â”€â”€â”€â”€â”€â”€â”€
Admin UI E2E (firefox)	Run Playwright tests	2025-12-14T04:47:59.6717608Z 
Admin UI E2E (firefox)	Run Playwright tests	2025-12-14T04:47:59.6717880Z   1 failed
Admin UI E2E (firefox)	Run Playwright tests	2025-12-14T04:47:59.6718455Z     [firefox] â€º test/workflows/main.spec.ts:60:3 â€º Workflow CRUD â€º should create simple workflow from empty state 
Admin UI E2E (firefox)	Run Playwright tests	2025-12-14T04:47:59.6718913Z   3 skipped
Admin UI E2E (firefox)	Run Playwright tests	2025-12-14T04:47:59.6719089Z   6 did not run
Admin UI E2E (firefox)	Run Playwright tests	2025-12-14T04:47:59.6719289Z   369 passed (20.5m)
Admin UI E2E (firefox)	Run Playwright tests	2025-12-14T04:47:59.6742954Z ##[error]  1) [firefox] â€º test/workflows/main.spec.ts:60:3 â€º Workflow CRUD â€º should create simple workflow from empty state 
Admin UI E2E (firefox)	Run Playwright tests	    Test timeout of 30000ms exceeded while running "beforeEach" hook.
Admin UI E2E (firefox)	Run Playwright tests	
Admin UI E2E (firefox)	Run Playwright tests	      69 |   test.afterAll(() => adminClient.deleteRealm(realmName));
Admin UI E2E (firefox)	Run Playwright tests	      70 |
Admin UI E2E (firefox)	Run Playwright tests	    > 71 |   test.beforeEach(async ({ page }) => {
Admin UI E2E (firefox)	Run Playwright tests	         |        ^
Admin UI E2E (firefox)	Run Playwright tests	      72 |     await login(page);
Admin UI E2E (firefox)	Run Playwright tests	      73 |     await goToRealm(page, realmName);
Admin UI E2E (firefox)	Run Playwright tests	      74 |     await goToWorkflows(page);
Admin UI E2E (firefox)	Run Playwright tests	        at /home/runner/work/keycloak/keycloak/js/apps/admin-ui/test/workflows/main.spec.ts:71:8
Admin UI E2E (firefox)	Run Playwright tests	2025-12-14T04:47:59.6755770Z ##[error]  1) [firefox] â€º test/workflows/main.spec.ts:60:3 â€º Workflow CRUD â€º should create simple workflow from empty state 
Admin UI E2E (firefox)	Run Playwright tests	    Error: locator.click: Test timeout of 30000ms exceeded.
Admin UI E2E (firefox)	Run Playwright tests	    Call log:
Admin UI E2E (firefox)	Run Playwright tests	      - waiting for getByTestId('nav-item-workflows')
Admin UI E2E (firefox)	Run Playwright tests	
Admin UI E2E (firefox)	Run Playwright tests	
Admin UI E2E (firefox)	Run Playwright tests	       at utils/sidebar.ts:65
Admin UI E2E (firefox)	Run Playwright tests	
Admin UI E2E (firefox)	Run Playwright tests	      63 |
Admin UI E2E (firefox)	Run Playwright tests	      64 | export async function goToWorkflows(page: Page) {
Admin UI E2E (firefox)	Run Playwright tests	    > 65 |   await page.getByTestId("nav-item-workflows").click();
Admin UI E2E (firefox)	Run Playwright tests	         |                                                ^
Admin UI E2E (firefox)	Run Playwright tests	      66 | }
Admin UI E2E (firefox)	Run Playwright tests	      67 |
Admin UI E2E (firefox)	Run Playwright tests	        at goToWorkflows (/home/runner/work/keycloak/keycloak/js/apps/admin-ui/test/utils/sidebar.ts:65:48)
Admin UI E2E (firefox)	Run Playwright tests	        at /home/runner/work/keycloak/keycloak/js/apps/admin-ui/test/workflows/main.spec.ts:74:11
Admin UI E2E (firefox)	Run Playwright tests	2025-12-14T04:47:59.6761414Z ##[notice]  1 failed
Admin UI E2E (firefox)	Run Playwright tests	    [firefox] â€º test/workflows/main.spec.ts:60:3 â€º Workflow CRUD â€º should create simple workflow from empty state 
Admin UI E2E (firefox)	Run Playwright tests	  3 skipped
Admin UI E2E (firefox)	Run Playwright tests	  6 did not run
Admin UI E2E (firefox)	Run Playwright tests	  369 passed (20.5m)
Admin UI E2E (firefox)	Run Playwright tests	2025-12-14T04:47:59.9529146Z 
Admin UI E2E (firefox)	Run Playwright tests	2025-12-14T04:47:59.9530120Z âŒ [test:integration] exited with exit code 1.
Admin UI E2E (firefox)	Run Playwright tests	2025-12-14T04:47:59.9534363Z âŒ 1 script failed.
Admin UI E2E (firefox)	Run Playwright tests	2025-12-14T04:47:59.9749506Z /home/runner/work/keycloak/keycloak/js/apps/admin-ui:
Admin UI E2E (firefox)	Run Playwright tests	2025-12-14T04:47:59.9751247Z â€‰ERR_PNPM_RECURSIVE_RUN_FIRST_FAILâ€‰ @keycloak/keycloak-admin-ui@999.0.0-SNAPSHOT test:integration: `wireit -- --project=firefox`
Admin UI E2E (firefox)	Run Playwright tests	2025-12-14T04:47:59.9752080Z Exit status 1
Admin UI E2E (firefox)	Run Playwright tests	2025-12-14T04:47:59.9953499Z ##[error]Process completed with exit code 1.
Account UI E2E (firefox)	Run Playwright tests	ï»¿2025-12-14T04:27:10.8131001Z ##[group]Run pnpm --fail-if-no-match --filter @keycloak/keycloak-account-ui test -- --project=firefox
Account UI E2E (firefox)	Run Playwright tests	2025-12-14T04:27:10.8132003Z [36;1mpnpm --fail-if-no-match --filter @keycloak/keycloak-account-ui test -- --project=firefox[0m
Account UI E2E (firefox)	Run Playwright tests	2025-12-14T04:27:10.8165263Z shell: /usr/bin/bash --noprofile --norc -e -o pipefail {0}
Account UI E2E (firefox)	Run Playwright tests	2025-12-14T04:27:10.8165590Z env:
Account UI E2E (firefox)	Run Playwright tests	2025-12-14T04:27:10.8165869Z   MAVEN_ARGS: -B -nsu -Daether.connector.http.connectionMaxTtl=25
Account UI E2E (firefox)	Run Playwright tests	2025-12-14T04:27:10.8166247Z   WORKSPACE: @keycloak/keycloak-account-ui
Account UI E2E (firefox)	Run Playwright tests	2025-12-14T04:27:10.8166627Z   JAVA_HOME: /opt/hostedtoolcache/Java_Temurin-Hotspot_jdk/21.0.9-10/x64
Account UI E2E (firefox)	Run Playwright tests	2025-12-14T04:27:10.8167088Z   JAVA_HOME_21_X64: /opt/hostedtoolcache/Java_Temurin-Hotspot_jdk/21.0.9-10/x64
Account UI E2E (firefox)	Run Playwright tests	2025-12-14T04:27:10.8167440Z ##[endgroup]
Account UI E2E (firefox)	Run Playwright tests	2025-12-14T04:27:11.1363527Z 
Account UI E2E (firefox)	Run Playwright tests	2025-12-14T04:27:11.1364574Z > @keycloak/keycloak-account-ui@999.0.0-SNAPSHOT test /home/runner/work/keycloak/keycloak/js/apps/account-ui
Account UI E2E (firefox)	Run Playwright tests	2025-12-14T04:27:11.1365218Z > wireit -- --project=firefox
Account UI E2E (firefox)	Run Playwright tests	2025-12-14T04:27:11.1365457Z 
Account UI E2E (firefox)	Run Playwright tests	2025-12-14T04:27:11.2422143Z Analyzing
Account UI E2E (firefox)	Run Playwright tests	2025-12-14T04:27:12.2440891Z   0% [0 / 2] [1 running] ../../libs/keycloak-admin-client:build
Account UI E2E (firefox)	Run Playwright tests	2025-12-14T04:27:12.8770843Z (node:5802) [DEP0190] DeprecationWarning: Passing args to a child process with shell option true can lead to security vulnerabilities, as the arguments are not escaped, only concatenated.
Account UI E2E (firefox)	Run Playwright tests	2025-12-14T04:27:12.8771859Z (Use `node --trace-deprecation ...` to show where the warning was created)
Account UI E2E (firefox)	Run Playwright tests	2025-12-14T04:27:13.2436812Z  50% [1 / 2] [1 running] test
Account UI E2E (firefox)	Run Playwright tests	2025-12-14T04:27:14.8935803Z 
Account UI E2E (firefox)	Run Playwright tests	2025-12-14T04:27:14.8937517Z Running 20 tests using 2 workers
Account UI E2E (firefox)	Run Playwright tests	2025-12-14T04:28:04.8691816Z Â·Â·Â·Â·Â·Â·Â·Â·Â·Â·Â·Â·Â·Â·Â·Â·Â·FFF
Account UI E2E (firefox)	Run Playwright tests	2025-12-14T04:28:04.8699520Z 
Account UI E2E (firefox)	Run Playwright tests	2025-12-14T04:28:04.8709266Z   1) [firefox] â€º test/resources.spec.ts:7:3 â€º Resources â€º shows the resources owned by the user â”€â”€â”€â”€
Account UI E2E (firefox)	Run Playwright tests	2025-12-14T04:28:04.8709651Z 
Account UI E2E (firefox)	Run Playwright tests	2025-12-14T04:28:04.8709982Z     Error: Duplicate resource error
Account UI E2E (firefox)	Run Playwright tests	2025-12-14T04:28:04.8710183Z 
Account UI E2E (firefox)	Run Playwright tests	2025-12-14T04:28:04.8710419Z        at ../../../libs/keycloak-admin-client/lib/utils/fetchWithError.js:16
Account UI E2E (firefox)	Run Playwright tests	2025-12-14T04:28:04.8710975Z 
Account UI E2E (firefox)	Run Playwright tests	2025-12-14T04:28:04.8711177Z       14 |         const responseData = await parseResponse(response);
Account UI E2E (firefox)	Run Playwright tests	2025-12-14T04:28:04.8711876Z       15 |         const message = getErrorMessage(responseData);
Account UI E2E (firefox)	Run Playwright tests	2025-12-14T04:28:04.8712499Z     > 16 |         throw new NetworkError(message, {
Account UI E2E (firefox)	Run Playwright tests	2025-12-14T04:28:04.8712803Z          |               ^
Account UI E2E (firefox)	Run Playwright tests	2025-12-14T04:28:04.8713110Z       17 |             response,
Account UI E2E (firefox)	Run Playwright tests	2025-12-14T04:28:04.8713554Z       18 |             responseData,
Account UI E2E (firefox)	Run Playwright tests	2025-12-14T04:28:04.8714022Z       19 |         });
Account UI E2E (firefox)	Run Playwright tests	2025-12-14T04:28:04.8715072Z         at fetchWithError (/home/runner/work/keycloak/keycloak/js/libs/keycloak-admin-client/lib/utils/fetchWithError.js:16:15)
Account UI E2E (firefox)	Run Playwright tests	2025-12-14T04:28:04.8716763Z         at Agent.#requestWithParams (/home/runner/work/keycloak/keycloak/js/libs/keycloak-admin-client/lib/resources/agent.js:127:25)
Account UI E2E (firefox)	Run Playwright tests	2025-12-14T04:28:04.8717632Z         at createTestBed (/home/runner/work/keycloak/keycloak/js/apps/account-ui/test/support/testbed.ts:12:32)
Account UI E2E (firefox)	Run Playwright tests	2025-12-14T04:28:04.8718358Z         at /home/runner/work/keycloak/keycloak/js/apps/account-ui/test/resources.spec.ts:9:27
Account UI E2E (firefox)	Run Playwright tests	2025-12-14T04:28:04.8718692Z 
Account UI E2E (firefox)	Run Playwright tests	2025-12-14T04:28:04.8719147Z     attachment #1: trace (application/zip) â”€â”€â”€â”€â”€â”€â”€â”€â”€â”€â”€â”€â”€â”€â”€â”€â”€â”€â”€â”€â”€â”€â”€â”€â”€â”€â”€â”€â”€â”€â”€â”€â”€â”€â”€â”€â”€â”€â”€â”€â”€â”€â”€â”€â”€â”€â”€â”€â”€â”€â”€â”€â”€â”€â”€â”€â”€
Account UI E2E (firefox)	Run Playwright tests	2025-12-14T04:28:04.8720045Z     test-results/resources-Resources-shows-the-resources-owned-by-the-user-firefox/trace.zip
Account UI E2E (firefox)	Run Playwright tests	2025-12-14T04:28:04.8720517Z     Usage:
Account UI E2E (firefox)	Run Playwright tests	2025-12-14T04:28:04.8720621Z 
Account UI E2E (firefox)	Run Playwright tests	2025-12-14T04:28:04.8721094Z         pnpm exec playwright show-trace test-results/resources-Resources-shows-the-resources-owned-by-the-user-firefox/trace.zip
Account UI E2E (firefox)	Run Playwright tests	2025-12-14T04:28:04.8721580Z 
Account UI E2E (firefox)	Run Playwright tests	2025-12-14T04:28:04.8721896Z     â”€â”€â”€â”€â”€â”€â”€â”€â”€â”€â”€â”€â”€â”€â”€â”€â”€â”€â”€â”€â”€â”€â”€â”€â”€â”€â”€â”€â”€â”€â”€â”€â”€â”€â”€â”€â”€â”€â”€â”€â”€â”€â”€â”€â”€â”€â”€â”€â”€â”€â”€â”€â”€â”€â”€â”€â”€â”€â”€â”€â”€â”€â”€â”€â”€â”€â”€â”€â”€â”€â”€â”€â”€â”€â”€â”€â”€â”€â”€â”€â”€â”€â”€â”€â”€â”€â”€â”€â”€â”€â”€â”€â”€â”€â”€â”€
Account UI E2E (firefox)	Run Playwright tests	2025-12-14T04:28:04.8722142Z 
Account UI E2E (firefox)	Run Playwright tests	2025-12-14T04:28:04.8722553Z   2) [firefox] â€º test/resources.spec.ts:24:3 â€º Resources â€º shows no resources are shared with another user 
Account UI E2E (firefox)	Run Playwright tests	2025-12-14T04:28:04.8722930Z 
Account UI E2E (firefox)	Run Playwright tests	2025-12-14T04:28:04.8723561Z     Error: Duplicate resource error
Account UI E2E (firefox)	Run Playwright tests	2025-12-14T04:28:04.8723868Z 
Account UI E2E (firefox)	Run Playwright tests	2025-12-14T04:28:04.8724252Z        at ../../../libs/keycloak-admin-client/lib/utils/fetchWithError.js:16
Account UI E2E (firefox)	Run Playwright tests	2025-12-14T04:28:04.8724597Z 
Account UI E2E (firefox)	Run Playwright tests	2025-12-14T04:28:04.8724806Z       14 |         const responseData = await parseResponse(response);
Account UI E2E (firefox)	Run Playwright tests	2025-12-14T04:28:04.8725512Z       15 |         const message = getErrorMessage(responseData);
Account UI E2E (firefox)	Run Playwright tests	2025-12-14T04:28:04.8726061Z     > 16 |         throw new NetworkError(message, {
Account UI E2E (firefox)	Run Playwright tests	2025-12-14T04:28:04.8726481Z          |               ^
Account UI E2E (firefox)	Run Playwright tests	2025-12-14T04:28:04.8726935Z       17 |             response,
Account UI E2E (firefox)	Run Playwright tests	2025-12-14T04:28:04.8727412Z       18 |             responseData,
Account UI E2E (firefox)	Run Playwright tests	2025-12-14T04:28:04.8727662Z       19 |         });
Account UI E2E (firefox)	Run Playwright tests	2025-12-14T04:28:04.8728632Z         at fetchWithError (/home/runner/work/keycloak/keycloak/js/libs/keycloak-admin-client/lib/utils/fetchWithError.js:16:15)
Account UI E2E (firefox)	Run Playwright tests	2025-12-14T04:28:04.8730318Z         at Agent.#requestWithParams (/home/runner/work/keycloak/keycloak/js/libs/keycloak-admin-client/lib/resources/agent.js:127:25)
Account UI E2E (firefox)	Run Playwright tests	2025-12-14T04:28:04.8731351Z         at createTestBed (/home/runner/work/keycloak/keycloak/js/apps/account-ui/test/support/testbed.ts:12:32)
Account UI E2E (firefox)	Run Playwright tests	2025-12-14T04:28:04.8732078Z         at /home/runner/work/keycloak/keycloak/js/apps/account-ui/test/resources.spec.ts:20:27
Account UI E2E (firefox)	Run Playwright tests	2025-12-14T04:28:04.8732420Z 
Account UI E2E (firefox)	Run Playwright tests	2025-12-14T04:28:04.8732862Z     attachment #1: trace (application/zip) â”€â”€â”€â”€â”€â”€â”€â”€â”€â”€â”€â”€â”€â”€â”€â”€â”€â”€â”€â”€â”€â”€â”€â”€â”€â”€â”€â”€â”€â”€â”€â”€â”€â”€â”€â”€â”€â”€â”€â”€â”€â”€â”€â”€â”€â”€â”€â”€â”€â”€â”€â”€â”€â”€â”€â”€â”€
Account UI E2E (firefox)	Run Playwright tests	2025-12-14T04:28:04.8733542Z     test-results/resources-Resources-shows--ef5b7-re-shared-with-another-user-firefox/trace.zip
Account UI E2E (firefox)	Run Playwright tests	2025-12-14T04:28:04.8734012Z     Usage:
Account UI E2E (firefox)	Run Playwright tests	2025-12-14T04:28:04.8734121Z 
Account UI E2E (firefox)	Run Playwright tests	2025-12-14T04:28:04.8734596Z         pnpm exec playwright show-trace test-results/resources-Resources-shows--ef5b7-re-shared-with-another-user-firefox/trace.zip
Account UI E2E (firefox)	Run Playwright tests	2025-12-14T04:28:04.8735092Z 
Account UI E2E (firefox)	Run Playwright tests	2025-12-14T04:28:04.8735395Z     â”€â”€â”€â”€â”€â”€â”€â”€â”€â”€â”€â”€â”€â”€â”€â”€â”€â”€â”€â”€â”€â”€â”€â”€â”€â”€â”€â”€â”€â”€â”€â”€â”€â”€â”€â”€â”€â”€â”€â”€â”€â”€â”€â”€â”€â”€â”€â”€â”€â”€â”€â”€â”€â”€â”€â”€â”€â”€â”€â”€â”€â”€â”€â”€â”€â”€â”€â”€â”€â”€â”€â”€â”€â”€â”€â”€â”€â”€â”€â”€â”€â”€â”€â”€â”€â”€â”€â”€â”€â”€â”€â”€â”€â”€â”€â”€
Account UI E2E (firefox)	Run Playwright tests	2025-12-14T04:28:04.8735830Z 
Account UI E2E (firefox)	Run Playwright tests	2025-12-14T04:28:04.8736214Z   3) [firefox] â€º test/resources.spec.ts:41:3 â€º Resources â€º shares a resource with another user â”€â”€â”€â”€â”€
Account UI E2E (firefox)	Run Playwright tests	2025-12-14T04:28:04.8736563Z 
Account UI E2E (firefox)	Run Playwright tests	2025-12-14T04:28:04.8736686Z     Error: Duplicate resource error
Account UI E2E (firefox)	Run Playwright tests	2025-12-14T04:28:04.8736856Z 
Account UI E2E (firefox)	Run Playwright tests	2025-12-14T04:28:04.8737081Z        at ../../../libs/keycloak-admin-client/lib/utils/fetchWithError.js:16
Account UI E2E (firefox)	Run Playwright tests	2025-12-14T04:28:04.8737339Z 
Account UI E2E (firefox)	Run Playwright tests	2025-12-14T04:28:04.8737530Z       14 |         const responseData = await parseResponse(response);
Account UI E2E (firefox)	Run Playwright tests	2025-12-14T04:28:04.8737929Z       15 |         const message = getErrorMessage(responseData);
Account UI E2E (firefox)	Run Playwright tests	2025-12-14T04:28:04.8738279Z     > 16 |         throw new NetworkError(message, {
Account UI E2E (firefox)	Run Playwright tests	2025-12-14T04:28:04.8738551Z          |               ^
Account UI E2E (firefox)	Run Playwright tests	2025-12-14T04:28:04.8738792Z       17 |             response,
Account UI E2E (firefox)	Run Playwright tests	2025-12-14T04:28:04.8739048Z       18 |             responseData,
Account UI E2E (firefox)	Run Playwright tests	2025-12-14T04:28:04.8739286Z       19 |         });
Account UI E2E (firefox)	Run Playwright tests	2025-12-14T04:28:04.8739988Z         at fetchWithError (/home/runner/work/keycloak/keycloak/js/libs/keycloak-admin-client/lib/utils/fetchWithError.js:16:15)
Account UI E2E (firefox)	Run Playwright tests	2025-12-14T04:28:04.8740952Z         at Agent.#requestWithParams (/home/runner/work/keycloak/keycloak/js/libs/keycloak-admin-client/lib/resources/agent.js:127:25)
Account UI E2E (firefox)	Run Playwright tests	2025-12-14T04:28:04.8741816Z         at createTestBed (/home/runner/work/keycloak/keycloak/js/apps/account-ui/test/support/testbed.ts:12:32)
Account UI E2E (firefox)	Run Playwright tests	2025-12-14T04:28:04.8742525Z         at /home/runner/work/keycloak/keycloak/js/apps/account-ui/test/resources.spec.ts:33:27
Account UI E2E (firefox)	Run Playwright tests	2025-12-14T04:28:04.8742866Z 
Account UI E2E (firefox)	Run Playwright tests	2025-12-14T04:28:04.8743250Z     attachment #1: trace (application/zip) â”€â”€â”€â”€â”€â”€â”€â”€â”€â”€â”€â”€â”€â”€â”€â”€â”€â”€â”€â”€â”€â”€â”€â”€â”€â”€â”€â”€â”€â”€â”€â”€â”€â”€â”€â”€â”€â”€â”€â”€â”€â”€â”€â”€â”€â”€â”€â”€â”€â”€â”€â”€â”€â”€â”€â”€â”€
Account UI E2E (firefox)	Run Playwright tests	2025-12-14T04:28:04.8743904Z     test-results/resources-Resources-shares-a-resource-with-another-user-firefox/trace.zip
Account UI E2E (firefox)	Run Playwright tests	2025-12-14T04:28:04.8744351Z     Usage:
Account UI E2E (firefox)	Run Playwright tests	2025-12-14T04:28:04.8744456Z 
Account UI E2E (firefox)	Run Playwright tests	2025-12-14T04:28:04.8744903Z         pnpm exec playwright show-trace test-results/resources-Resources-shares-a-resource-with-another-user-firefox/trace.zip
Account UI E2E (firefox)	Run Playwright tests	2025-12-14T04:28:04.8745379Z 
Account UI E2E (firefox)	Run Playwright tests	2025-12-14T04:28:04.8745688Z     â”€â”€â”€â”€â”€â”€â”€â”€â”€â”€â”€â”€â”€â”€â”€â”€â”€â”€â”€â”€â”€â”€â”€â”€â”€â”€â”€â”€â”€â”€â”€â”€â”€â”€â”€â”€â”€â”€â”€â”€â”€â”€â”€â”€â”€â”€â”€â”€â”€â”€â”€â”€â”€â”€â”€â”€â”€â”€â”€â”€â”€â”€â”€â”€â”€â”€â”€â”€â”€â”€â”€â”€â”€â”€â”€â”€â”€â”€â”€â”€â”€â”€â”€â”€â”€â”€â”€â”€â”€â”€â”€â”€â”€â”€â”€â”€
Account UI E2E (firefox)	Run Playwright tests	2025-12-14T04:28:04.8746071Z 
Account UI E2E (firefox)	Run Playwright tests	2025-12-14T04:28:04.8746169Z   3 failed
Account UI E2E (firefox)	Run Playwright tests	2025-12-14T04:28:04.8746643Z     [firefox] â€º test/resources.spec.ts:7:3 â€º Resources â€º shows the resources owned by the user â”€â”€â”€â”€â”€
Account UI E2E (firefox)	Run Playwright tests	2025-12-14T04:28:04.8747370Z     [firefox] â€º test/resources.spec.ts:24:3 â€º Resources â€º shows no resources are shared with another user 
Account UI E2E (firefox)	Run Playwright tests	2025-12-14T04:28:04.8748123Z     [firefox] â€º test/resources.spec.ts:41:3 â€º Resources â€º shares a resource with another user â”€â”€â”€â”€â”€â”€
Account UI E2E (firefox)	Run Playwright tests	2025-12-14T04:28:04.8748901Z   17 passed (51.1s)
Account UI E2E (firefox)	Run Playwright tests	2025-12-14T04:28:04.8789259Z ##[error]  1) [firefox] â€º test/resources.spec.ts:7:3 â€º Resources â€º shows the resources owned by the user â”€â”€â”€â”€
Account UI E2E (firefox)	Run Playwright tests	    Error: Duplicate resource error
Account UI E2E (firefox)	Run Playwright tests	
Account UI E2E (firefox)	Run Playwright tests	       at ../../../libs/keycloak-admin-client/lib/utils/fetchWithError.js:16
Account UI E2E (firefox)	Run Playwright tests	
Account UI E2E (firefox)	Run Playwright tests	      14 |         const responseData = await parseResponse(response);
Account UI E2E (firefox)	Run Playwright tests	      15 |         const message = getErrorMessage(responseData);
Account UI E2E (firefox)	Run Playwright tests	    > 16 |         throw new NetworkError(message, {
Account UI E2E (firefox)	Run Playwright tests	         |               ^
Account UI E2E (firefox)	Run Playwright tests	      17 |             response,
Account UI E2E (firefox)	Run Playwright tests	      18 |             responseData,
Account UI E2E (firefox)	Run Playwright tests	      19 |         });
Account UI E2E (firefox)	Run Playwright tests	        at fetchWithError (/home/runner/work/keycloak/keycloak/js/libs/keycloak-admin-client/lib/utils/fetchWithError.js:16:15)
Account UI E2E (firefox)	Run Playwright tests	        at Agent.#requestWithParams (/home/runner/work/keycloak/keycloak/js/libs/keycloak-admin-client/lib/resources/agent.js:127:25)
Account UI E2E (firefox)	Run Playwright tests	        at createTestBed (/home/runner/work/keycloak/keycloak/js/apps/account-ui/test/support/testbed.ts:12:32)
Account UI E2E (firefox)	Run Playwright tests	        at /home/runner/work/keycloak/keycloak/js/apps/account-ui/test/resources.spec.ts:9:27
Account UI E2E (firefox)	Run Playwright tests	2025-12-14T04:28:04.8807323Z ##[error]  2) [firefox] â€º test/resources.spec.ts:24:3 â€º Resources â€º shows no resources are shared with another user 
Account UI E2E (firefox)	Run Playwright tests	    Error: Duplicate resource error
Account UI E2E (firefox)	Run Playwright tests	
Account UI E2E (firefox)	Run Playwright tests	       at ../../../libs/keycloak-admin-client/lib/utils/fetchWithError.js:16
Account UI E2E (firefox)	Run Playwright tests	
Account UI E2E (firefox)	Run Playwright tests	      14 |         const responseData = await parseResponse(response);
Account UI E2E (firefox)	Run Playwright tests	      15 |         const message = getErrorMessage(responseData);
Account UI E2E (firefox)	Run Playwright tests	    > 16 |         throw new NetworkError(message, {
Account UI E2E (firefox)	Run Playwright tests	         |               ^
Account UI E2E (firefox)	Run Playwright tests	      17 |             response,
Account UI E2E (firefox)	Run Playwright tests	      18 |             responseData,
Account UI E2E (firefox)	Run Playwright tests	      19 |         });
Account UI E2E (firefox)	Run Playwright tests	        at fetchWithError (/home/runner/work/keycloak/keycloak/js/libs/keycloak-admin-client/lib/utils/fetchWithError.js:16:15)
Account UI E2E (firefox)	Run Playwright tests	        at Agent.#requestWithParams (/home/runner/work/keycloak/keycloak/js/libs/keycloak-admin-client/lib/resources/agent.js:127:25)
Account UI E2E (firefox)	Run Playwright tests	        at createTestBed (/home/runner/work/keycloak/keycloak/js/apps/account-ui/test/support/testbed.ts:12:32)
Account UI E2E (firefox)	Run Playwright tests	        at /home/runner/work/keycloak/keycloak/js/apps/account-ui/test/resources.spec.ts:20:27
Account UI E2E (firefox)	Run Playwright tests	2025-12-14T04:28:04.8819892Z ##[error]  3) [firefox] â€º test/resources.spec.ts:41:3 â€º Resources â€º shares a resource with another user â”€â”€â”€â”€â”€
Account UI E2E (firefox)	Run Playwright tests	    Error: Duplicate resource error
Account UI E2E (firefox)	Run Playwright tests	
Account UI E2E (firefox)	Run Playwright tests	       at ../../../libs/keycloak-admin-client/lib/utils/fetchWithError.js:16
Account UI E2E (firefox)	Run Playwright tests	
Account UI E2E (firefox)	Run Playwright tests	      14 |         const responseData = await parseResponse(response);
Account UI E2E (firefox)	Run Playwright tests	      15 |         const message = getErrorMessage(responseData);
Account UI E2E (firefox)	Run Playwright tests	    > 16 |         throw new NetworkError(message, {
Account UI E2E (firefox)	Run Playwright tests	         |               ^
Account UI E2E (firefox)	Run Playwright tests	      17 |             response,
Account UI E2E (firefox)	Run Playwright tests	      18 |             responseData,
Account UI E2E (firefox)	Run Playwright tests	      19 |         });
Account UI E2E (firefox)	Run Playwright tests	        at fetchWithError (/home/runner/work/keycloak/keycloak/js/libs/keycloak-admin-client/lib/utils/fetchWithError.js:16:15)
Account UI E2E (firefox)	Run Playwright tests	        at Agent.#requestWithParams (/home/runner/work/keycloak/keycloak/js/libs/keycloak-admin-client/lib/resources/agent.js:127:25)
Account UI E2E (firefox)	Run Playwright tests	        at createTestBed (/home/runner/work/keycloak/keycloak/js/apps/account-ui/test/support/testbed.ts:12:32)
Account UI E2E (firefox)	Run Playwright tests	        at /home/runner/work/keycloak/keycloak/js/apps/account-ui/test/resources.spec.ts:33:27
Account UI E2E (firefox)	Run Playwright tests	2025-12-14T04:28:04.8828464Z ##[notice]  3 failed
Account UI E2E (firefox)	Run Playwright tests	    [firefox] â€º test/resources.spec.ts:7:3 â€º Resources â€º shows the resources owned by the user â”€â”€â”€â”€â”€
Account UI E2E (firefox)	Run Playwright tests	    [firefox] â€º test/resources.spec.ts:24:3 â€º Resources â€º shows no resources are shared with another user 
Account UI E2E (firefox)	Run Playwright tests	    [firefox] â€º test/resources.spec.ts:41:3 â€º Resources â€º shares a resource with another user â”€â”€â”€â”€â”€â”€
Account UI E2E (firefox)	Run Playwright tests	  17 passed (51.1s)
Account UI E2E (firefox)	Run Playwright tests	2025-12-14T04:28:04.9215350Z 
Account UI E2E (firefox)	Run Playwright tests	2025-12-14T04:28:04.9217825Z âŒ [test] exited with exit code 1.
Account UI E2E (firefox)	Run Playwright tests	2025-12-14T04:28:04.9221098Z âŒ 1 script failed.
Account UI E2E (firefox)	Run Playwright tests	2025-12-14T04:28:04.9454913Z /home/runner/work/keycloak/keycloak/js/apps/account-ui:
Account UI E2E (firefox)	Run Playwright tests	2025-12-14T04:28:04.9456299Z â€‰ERR_PNPM_RECURSIVE_RUN_FIRST_FAILâ€‰ @keycloak/keycloak-account-ui@999.0.0-SNAPSHOT test: `wireit -- --project=firefox`
Account UI E2E (firefox)	Run Playwright tests	2025-12-14T04:28:04.9457229Z Exit status 1
Account UI E2E (firefox)	Run Playwright tests	2025-12-14T04:28:04.9652182Z ##[error]Process completed with exit code 1.
Account UI E2E (chromium)	Run Playwright tests	ï»¿2025-12-14T04:27:03.6080893Z ##[group]Run pnpm --fail-if-no-match --filter @keycloak/keycloak-account-ui test -- --project=chromium
Account UI E2E (chromium)	Run Playwright tests	2025-12-14T04:27:03.6081649Z [36;1mpnpm --fail-if-no-match --filter @keycloak/keycloak-account-ui test -- --project=chromium[0m
Account UI E2E (chromium)	Run Playwright tests	2025-12-14T04:27:03.6115851Z shell: /usr/bin/bash --noprofile --norc -e -o pipefail {0}
Account UI E2E (chromium)	Run Playwright tests	2025-12-14T04:27:03.6116191Z env:
Account UI E2E (chromium)	Run Playwright tests	2025-12-14T04:27:03.6116465Z   MAVEN_ARGS: -B -nsu -Daether.connector.http.connectionMaxTtl=25
Account UI E2E (chromium)	Run Playwright tests	2025-12-14T04:27:03.6116829Z   WORKSPACE: @keycloak/keycloak-account-ui
Account UI E2E (chromium)	Run Playwright tests	2025-12-14T04:27:03.6117404Z   JAVA_HOME: /opt/hostedtoolcache/Java_Temurin-Hotspot_jdk/21.0.9-10/x64
Account UI E2E (chromium)	Run Playwright tests	2025-12-14T04:27:03.6118058Z   JAVA_HOME_21_X64: /opt/hostedtoolcache/Java_Temurin-Hotspot_jdk/21.0.9-10/x64
Account UI E2E (chromium)	Run Playwright tests	2025-12-14T04:27:03.6118416Z ##[endgroup]
Account UI E2E (chromium)	Run Playwright tests	2025-12-14T04:27:03.9286151Z 
Account UI E2E (chromium)	Run Playwright tests	2025-12-14T04:27:03.9287203Z > @keycloak/keycloak-account-ui@999.0.0-SNAPSHOT test /home/runner/work/keycloak/keycloak/js/apps/account-ui
Account UI E2E (chromium)	Run Playwright tests	2025-12-14T04:27:03.9288458Z > wireit -- --project=chromium
Account UI E2E (chromium)	Run Playwright tests	2025-12-14T04:27:03.9288832Z 
Account UI E2E (chromium)	Run Playwright tests	2025-12-14T04:27:04.0304796Z Analyzing
Account UI E2E (chromium)	Run Playwright tests	2025-12-14T04:27:05.0311753Z   0% [0 / 2] [1 running] ../../libs/keycloak-admin-client:build
Account UI E2E (chromium)	Run Playwright tests	2025-12-14T04:27:05.6817791Z (node:5788) [DEP0190] DeprecationWarning: Passing args to a child process with shell option true can lead to security vulnerabilities, as the arguments are not escaped, only concatenated.
Account UI E2E (chromium)	Run Playwright tests	2025-12-14T04:27:05.6819524Z (Use `node --trace-deprecation ...` to show where the warning was created)
Account UI E2E (chromium)	Run Playwright tests	2025-12-14T04:27:06.0320280Z  50% [1 / 2] [1 running] test
Account UI E2E (chromium)	Run Playwright tests	2025-12-14T04:27:07.6909556Z 
Account UI E2E (chromium)	Run Playwright tests	2025-12-14T04:27:07.6910200Z Running 20 tests using 2 workers
Account UI E2E (chromium)	Run Playwright tests	2025-12-14T04:27:45.8875701Z Â·Â·Â·Â·Â·Â·Â·Â·Â·Â·Â·Â·Â·Â·Â·Â·Â·FFF
Account UI E2E (chromium)	Run Playwright tests	2025-12-14T04:27:45.8885429Z 
Account UI E2E (chromium)	Run Playwright tests	2025-12-14T04:27:45.8897218Z   1) [chromium] â€º test/resources.spec.ts:7:3 â€º Resources â€º shows the resources owned by the user â”€â”€â”€
Account UI E2E (chromium)	Run Playwright tests	2025-12-14T04:27:45.8897957Z 
Account UI E2E (chromium)	Run Playwright tests	2025-12-14T04:27:45.8898195Z     Error: Duplicate resource error
Account UI E2E (chromium)	Run Playwright tests	2025-12-14T04:27:45.8898559Z 
Account UI E2E (chromium)	Run Playwright tests	2025-12-14T04:27:45.8899003Z        at ../../../libs/keycloak-admin-client/lib/utils/fetchWithError.js:16
Account UI E2E (chromium)	Run Playwright tests	2025-12-14T04:27:45.8899525Z 
Account UI E2E (chromium)	Run Playwright tests	2025-12-14T04:27:45.8899900Z       14 |         const responseData = await parseResponse(response);
Account UI E2E (chromium)	Run Playwright tests	2025-12-14T04:27:45.8900713Z       15 |         const message = getErrorMessage(responseData);
Account UI E2E (chromium)	Run Playwright tests	2025-12-14T04:27:45.8901497Z     > 16 |         throw new NetworkError(message, {
Account UI E2E (chromium)	Run Playwright tests	2025-12-14T04:27:45.8902070Z          |               ^
Account UI E2E (chromium)	Run Playwright tests	2025-12-14T04:27:45.8902600Z       17 |             response,
Account UI E2E (chromium)	Run Playwright tests	2025-12-14T04:27:45.8903120Z       18 |             responseData,
Account UI E2E (chromium)	Run Playwright tests	2025-12-14T04:27:45.8903647Z       19 |         });
Account UI E2E (chromium)	Run Playwright tests	2025-12-14T04:27:45.8904716Z         at fetchWithError (/home/runner/work/keycloak/keycloak/js/libs/keycloak-admin-client/lib/utils/fetchWithError.js:16:15)
Account UI E2E (chromium)	Run Playwright tests	2025-12-14T04:27:45.8906459Z         at Agent.#requestWithParams (/home/runner/work/keycloak/keycloak/js/libs/keycloak-admin-client/lib/resources/agent.js:127:25)
Account UI E2E (chromium)	Run Playwright tests	2025-12-14T04:27:45.8909761Z         at createTestBed (/home/runner/work/keycloak/keycloak/js/apps/account-ui/test/support/testbed.ts:12:32)
Account UI E2E (chromium)	Run Playwright tests	2025-12-14T04:27:45.8911147Z         at /home/runner/work/keycloak/keycloak/js/apps/account-ui/test/resources.spec.ts:9:27
Account UI E2E (chromium)	Run Playwright tests	2025-12-14T04:27:45.8911778Z 
Account UI E2E (chromium)	Run Playwright tests	2025-12-14T04:27:45.8912544Z     attachment #1: trace (application/zip) â”€â”€â”€â”€â”€â”€â”€â”€â”€â”€â”€â”€â”€â”€â”€â”€â”€â”€â”€â”€â”€â”€â”€â”€â”€â”€â”€â”€â”€â”€â”€â”€â”€â”€â”€â”€â”€â”€â”€â”€â”€â”€â”€â”€â”€â”€â”€â”€â”€â”€â”€â”€â”€â”€â”€â”€â”€
Account UI E2E (chromium)	Run Playwright tests	2025-12-14T04:27:45.8913770Z     test-results/resources-Resources-shows-the-resources-owned-by-the-user-chromium/trace.zip
Account UI E2E (chromium)	Run Playwright tests	2025-12-14T04:27:45.8914591Z     Usage:
Account UI E2E (chromium)	Run Playwright tests	2025-12-14T04:27:45.8914763Z 
Account UI E2E (chromium)	Run Playwright tests	2025-12-14T04:27:45.8915361Z         pnpm exec playwright show-trace test-results/resources-Resources-shows-the-resources-owned-by-the-user-chromium/trace.zip
Account UI E2E (chromium)	Run Playwright tests	2025-12-14T04:27:45.8915947Z 
Account UI E2E (chromium)	Run Playwright tests	2025-12-14T04:27:45.8916519Z     â”€â”€â”€â”€â”€â”€â”€â”€â”€â”€â”€â”€â”€â”€â”€â”€â”€â”€â”€â”€â”€â”€â”€â”€â”€â”€â”€â”€â”€â”€â”€â”€â”€â”€â”€â”€â”€â”€â”€â”€â”€â”€â”€â”€â”€â”€â”€â”€â”€â”€â”€â”€â”€â”€â”€â”€â”€â”€â”€â”€â”€â”€â”€â”€â”€â”€â”€â”€â”€â”€â”€â”€â”€â”€â”€â”€â”€â”€â”€â”€â”€â”€â”€â”€â”€â”€â”€â”€â”€â”€â”€â”€â”€â”€â”€â”€
Account UI E2E (chromium)	Run Playwright tests	2025-12-14T04:27:45.8916978Z 
Account UI E2E (chromium)	Run Playwright tests	2025-12-14T04:27:45.8917985Z   2) [chromium] â€º test/resources.spec.ts:24:3 â€º Resources â€º shows no resources are shared with another user 
Account UI E2E (chromium)	Run Playwright tests	2025-12-14T04:27:45.8918682Z 
Account UI E2E (chromium)	Run Playwright tests	2025-12-14T04:27:45.8919369Z     Error: Duplicate resource error
Account UI E2E (chromium)	Run Playwright tests	2025-12-14T04:27:45.8919732Z 
Account UI E2E (chromium)	Run Playwright tests	2025-12-14T04:27:45.8920188Z        at ../../../libs/keycloak-admin-client/lib/utils/fetchWithError.js:16
Account UI E2E (chromium)	Run Playwright tests	2025-12-14T04:27:45.8920708Z 
Account UI E2E (chromium)	Run Playwright tests	2025-12-14T04:27:45.8921101Z       14 |         const responseData = await parseResponse(response);
Account UI E2E (chromium)	Run Playwright tests	2025-12-14T04:27:45.8921939Z       15 |         const message = getErrorMessage(responseData);
Account UI E2E (chromium)	Run Playwright tests	2025-12-14T04:27:45.8922599Z     > 16 |         throw new NetworkError(message, {
Account UI E2E (chromium)	Run Playwright tests	2025-12-14T04:27:45.8923043Z          |               ^
Account UI E2E (chromium)	Run Playwright tests	2025-12-14T04:27:45.8923669Z       17 |             response,
Account UI E2E (chromium)	Run Playwright tests	2025-12-14T04:27:45.8924117Z       18 |             responseData,
Account UI E2E (chromium)	Run Playwright tests	2025-12-14T04:27:45.8924545Z       19 |         });
Account UI E2E (chromium)	Run Playwright tests	2025-12-14T04:27:45.8925482Z         at fetchWithError (/home/runner/work/keycloak/keycloak/js/libs/keycloak-admin-client/lib/utils/fetchWithError.js:16:15)
Account UI E2E (chromium)	Run Playwright tests	2025-12-14T04:27:45.8926489Z         at Agent.#requestWithParams (/home/runner/work/keycloak/keycloak/js/libs/keycloak-admin-client/lib/resources/agent.js:127:25)
Account UI E2E (chromium)	Run Playwright tests	2025-12-14T04:27:45.8927522Z         at createTestBed (/home/runner/work/keycloak/keycloak/js/apps/account-ui/test/support/testbed.ts:12:32)
Account UI E2E (chromium)	Run Playwright tests	2025-12-14T04:27:45.8928518Z         at /home/runner/work/keycloak/keycloak/js/apps/account-ui/test/resources.spec.ts:20:27
Account UI E2E (chromium)	Run Playwright tests	2025-12-14T04:27:45.8928930Z 
Account UI E2E (chromium)	Run Playwright tests	2025-12-14T04:27:45.8929425Z     attachment #1: trace (application/zip) â”€â”€â”€â”€â”€â”€â”€â”€â”€â”€â”€â”€â”€â”€â”€â”€â”€â”€â”€â”€â”€â”€â”€â”€â”€â”€â”€â”€â”€â”€â”€â”€â”€â”€â”€â”€â”€â”€â”€â”€â”€â”€â”€â”€â”€â”€â”€â”€â”€â”€â”€â”€â”€â”€â”€â”€â”€
Account UI E2E (chromium)	Run Playwright tests	2025-12-14T04:27:45.8930208Z     test-results/resources-Resources-shows--ef5b7-re-shared-with-another-user-chromium/trace.zip
Account UI E2E (chromium)	Run Playwright tests	2025-12-14T04:27:45.8930807Z     Usage:
Account UI E2E (chromium)	Run Playwright tests	2025-12-14T04:27:45.8930976Z 
Account UI E2E (chromium)	Run Playwright tests	2025-12-14T04:27:45.8931509Z         pnpm exec playwright show-trace test-results/resources-Resources-shows--ef5b7-re-shared-with-another-user-chromium/trace.zip
Account UI E2E (chromium)	Run Playwright tests	2025-12-14T04:27:45.8932061Z 
Account UI E2E (chromium)	Run Playwright tests	2025-12-14T04:27:45.8932413Z     â”€â”€â”€â”€â”€â”€â”€â”€â”€â”€â”€â”€â”€â”€â”€â”€â”€â”€â”€â”€â”€â”€â”€â”€â”€â”€â”€â”€â”€â”€â”€â”€â”€â”€â”€â”€â”€â”€â”€â”€â”€â”€â”€â”€â”€â”€â”€â”€â”€â”€â”€â”€â”€â”€â”€â”€â”€â”€â”€â”€â”€â”€â”€â”€â”€â”€â”€â”€â”€â”€â”€â”€â”€â”€â”€â”€â”€â”€â”€â”€â”€â”€â”€â”€â”€â”€â”€â”€â”€â”€â”€â”€â”€â”€â”€â”€
Account UI E2E (chromium)	Run Playwright tests	2025-12-14T04:27:45.8932693Z 
Account UI E2E (chromium)	Run Playwright tests	2025-12-14T04:27:45.8933128Z   3) [chromium] â€º test/resources.spec.ts:41:3 â€º Resources â€º shares a resource with another user â”€â”€â”€â”€
Account UI E2E (chromium)	Run Playwright tests	2025-12-14T04:27:45.8933516Z 
Account UI E2E (chromium)	Run Playwright tests	2025-12-14T04:27:45.8933706Z     Error: Duplicate resource error
Account UI E2E (chromium)	Run Playwright tests	2025-12-14T04:27:45.8933936Z 
Account UI E2E (chromium)	Run Playwright tests	2025-12-14T04:27:45.8934214Z        at ../../../libs/keycloak-admin-client/lib/utils/fetchWithError.js:16
Account UI E2E (chromium)	Run Playwright tests	2025-12-14T04:27:45.8934534Z 
Account UI E2E (chromium)	Run Playwright tests	2025-12-14T04:27:45.8934775Z       14 |         const responseData = await parseResponse(response);
Account UI E2E (chromium)	Run Playwright tests	2025-12-14T04:27:45.8935267Z       15 |         const message = getErrorMessage(responseData);
Account UI E2E (chromium)	Run Playwright tests	2025-12-14T04:27:45.8935727Z     > 16 |         throw new NetworkError(message, {
Account UI E2E (chromium)	Run Playwright tests	2025-12-14T04:27:45.8936092Z          |               ^
Account UI E2E (chromium)	Run Playwright tests	2025-12-14T04:27:45.8936447Z       17 |             response,
Account UI E2E (chromium)	Run Playwright tests	2025-12-14T04:27:45.8936835Z       18 |             responseData,
Account UI E2E (chromium)	Run Playwright tests	2025-12-14T04:27:45.8937200Z       19 |         });
Account UI E2E (chromium)	Run Playwright tests	2025-12-14T04:27:45.8938024Z         at fetchWithError (/home/runner/work/keycloak/keycloak/js/libs/keycloak-admin-client/lib/utils/fetchWithError.js:16:15)
Account UI E2E (chromium)	Run Playwright tests	2025-12-14T04:27:45.8939046Z         at Agent.#requestWithParams (/home/runner/work/keycloak/keycloak/js/libs/keycloak-admin-client/lib/resources/agent.js:127:25)
Account UI E2E (chromium)	Run Playwright tests	2025-12-14T04:27:45.8940117Z         at createTestBed (/home/runner/work/keycloak/keycloak/js/apps/account-ui/test/support/testbed.ts:12:32)
Account UI E2E (chromium)	Run Playwright tests	2025-12-14T04:27:45.8940897Z         at /home/runner/work/keycloak/keycloak/js/apps/account-ui/test/resources.spec.ts:33:27
Account UI E2E (chromium)	Run Playwright tests	2025-12-14T04:27:45.8941274Z 
Account UI E2E (chromium)	Run Playwright tests	2025-12-14T04:27:45.8941697Z     attachment #1: trace (application/zip) â”€â”€â”€â”€â”€â”€â”€â”€â”€â”€â”€â”€â”€â”€â”€â”€â”€â”€â”€â”€â”€â”€â”€â”€â”€â”€â”€â”€â”€â”€â”€â”€â”€â”€â”€â”€â”€â”€â”€â”€â”€â”€â”€â”€â”€â”€â”€â”€â”€â”€â”€â”€â”€â”€â”€â”€â”€
Account UI E2E (chromium)	Run Playwright tests	2025-12-14T04:27:45.8942446Z     test-results/resources-Resources-shares-a-resource-with-another-user-chromium/trace.zip
Account UI E2E (chromium)	Run Playwright tests	2025-12-14T04:27:45.8943337Z     Usage:
Account UI E2E (chromium)	Run Playwright tests	2025-12-14T04:27:45.8943506Z 
Account UI E2E (chromium)	Run Playwright tests	2025-12-14T04:27:45.8944028Z         pnpm exec playwright show-trace test-results/resources-Resources-shares-a-resource-with-another-user-chromium/trace.zip
Account UI E2E (chromium)	Run Playwright tests	2025-12-14T04:27:45.8944560Z 
Account UI E2E (chromium)	Run Playwright tests	2025-12-14T04:27:45.8944960Z     â”€â”€â”€â”€â”€â”€â”€â”€â”€â”€â”€â”€â”€â”€â”€â”€â”€â”€â”€â”€â”€â”€â”€â”€â”€â”€â”€â”€â”€â”€â”€â”€â”€â”€â”€â”€â”€â”€â”€â”€â”€â”€â”€â”€â”€â”€â”€â”€â”€â”€â”€â”€â”€â”€â”€â”€â”€â”€â”€â”€â”€â”€â”€â”€â”€â”€â”€â”€â”€â”€â”€â”€â”€â”€â”€â”€â”€â”€â”€â”€â”€â”€â”€â”€â”€â”€â”€â”€â”€â”€â”€â”€â”€â”€â”€â”€
Account UI E2E (chromium)	Run Playwright tests	2025-12-14T04:27:45.8945651Z 
Account UI E2E (chromium)	Run Playwright tests	2025-12-14T04:27:45.8945809Z   3 failed
Account UI E2E (chromium)	Run Playwright tests	2025-12-14T04:27:45.8946457Z     [chromium] â€º test/resources.spec.ts:7:3 â€º Resources â€º shows the resources owned by the user â”€â”€â”€â”€
Account UI E2E (chromium)	Run Playwright tests	2025-12-14T04:27:45.8947300Z     [chromium] â€º test/resources.spec.ts:24:3 â€º Resources â€º shows no resources are shared with another user 
Account UI E2E (chromium)	Run Playwright tests	2025-12-14T04:27:45.8948310Z     [chromium] â€º test/resources.spec.ts:41:3 â€º Resources â€º shares a resource with another user â”€â”€â”€â”€â”€
Account UI E2E (chromium)	Run Playwright tests	2025-12-14T04:27:45.8948999Z   17 passed (39.3s)
Account UI E2E (chromium)	Run Playwright tests	2025-12-14T04:27:45.8987026Z ##[error]  1) [chromium] â€º test/resources.spec.ts:7:3 â€º Resources â€º shows the resources owned by the user â”€â”€â”€
Account UI E2E (chromium)	Run Playwright tests	    Error: Duplicate resource error
Account UI E2E (chromium)	Run Playwright tests	
Account UI E2E (chromium)	Run Playwright tests	       at ../../../libs/keycloak-admin-client/lib/utils/fetchWithError.js:16
Account UI E2E (chromium)	Run Playwright tests	
Account UI E2E (chromium)	Run Playwright tests	      14 |         const responseData = await parseResponse(response);
Account UI E2E (chromium)	Run Playwright tests	      15 |         const message = getErrorMessage(responseData);
Account UI E2E (chromium)	Run Playwright tests	    > 16 |         throw new NetworkError(message, {
Account UI E2E (chromium)	Run Playwright tests	         |               ^
Account UI E2E (chromium)	Run Playwright tests	      17 |             response,
Account UI E2E (chromium)	Run Playwright tests	      18 |             responseData,
Account UI E2E (chromium)	Run Playwright tests	      19 |         });
Account UI E2E (chromium)	Run Playwright tests	        at fetchWithError (/home/runner/work/keycloak/keycloak/js/libs/keycloak-admin-client/lib/utils/fetchWithError.js:16:15)
Account UI E2E (chromium)	Run Playwright tests	        at Agent.#requestWithParams (/home/runner/work/keycloak/keycloak/js/libs/keycloak-admin-client/lib/resources/agent.js:127:25)
Account UI E2E (chromium)	Run Playwright tests	        at createTestBed (/home/runner/work/keycloak/keycloak/js/apps/account-ui/test/support/testbed.ts:12:32)
Account UI E2E (chromium)	Run Playwright tests	        at /home/runner/work/keycloak/keycloak/js/apps/account-ui/test/resources.spec.ts:9:27
Account UI E2E (chromium)	Run Playwright tests	2025-12-14T04:27:45.9004690Z ##[error]  2) [chromium] â€º test/resources.spec.ts:24:3 â€º Resources â€º shows no resources are shared with another user 
Account UI E2E (chromium)	Run Playwright tests	    Error: Duplicate resource error
Account UI E2E (chromium)	Run Playwright tests	
Account UI E2E (chromium)	Run Playwright tests	       at ../../../libs/keycloak-admin-client/lib/utils/fetchWithError.js:16
Account UI E2E (chromium)	Run Playwright tests	
Account UI E2E (chromium)	Run Playwright tests	      14 |         const responseData = await parseResponse(response);
Account UI E2E (chromium)	Run Playwright tests	      15 |         const message = getErrorMessage(responseData);
Account UI E2E (chromium)	Run Playwright tests	    > 16 |         throw new NetworkError(message, {
Account UI E2E (chromium)	Run Playwright tests	         |               ^
Account UI E2E (chromium)	Run Playwright tests	      17 |             response,
Account UI E2E (chromium)	Run Playwright tests	      18 |             responseData,
Account UI E2E (chromium)	Run Playwright tests	      19 |         });
Account UI E2E (chromium)	Run Playwright tests	        at fetchWithError (/home/runner/work/keycloak/keycloak/js/libs/keycloak-admin-client/lib/utils/fetchWithError.js:16:15)
Account UI E2E (chromium)	Run Playwright tests	        at Agent.#requestWithParams (/home/runner/work/keycloak/keycloak/js/libs/keycloak-admin-client/lib/resources/agent.js:127:25)
Account UI E2E (chromium)	Run Playwright tests	        at createTestBed (/home/runner/work/keycloak/keycloak/js/apps/account-ui/test/support/testbed.ts:12:32)
Account UI E2E (chromium)	Run Playwright tests	        at /home/runner/work/keycloak/keycloak/js/apps/account-ui/test/resources.spec.ts:20:27
Account UI E2E (chromium)	Run Playwright tests	2025-12-14T04:27:45.9017925Z ##[error]  3) [chromium] â€º test/resources.spec.ts:41:3 â€º Resources â€º shares a resource with another user â”€â”€â”€â”€
Account UI E2E (chromium)	Run Playwright tests	    Error: Duplicate resource error
Account UI E2E (chromium)	Run Playwright tests	
Account UI E2E (chromium)	Run Playwright tests	       at ../../../libs/keycloak-admin-client/lib/utils/fetchWithError.js:16
Account UI E2E (chromium)	Run Playwright tests	
Account UI E2E (chromium)	Run Playwright tests	      14 |         const responseData = await parseResponse(response);
Account UI E2E (chromium)	Run Playwright tests	      15 |         const message = getErrorMessage(responseData);
Account UI E2E (chromium)	Run Playwright tests	    > 16 |         throw new NetworkError(message, {
Account UI E2E (chromium)	Run Playwright tests	         |               ^
Account UI E2E (chromium)	Run Playwright tests	      17 |             response,
Account UI E2E (chromium)	Run Playwright tests	      18 |             responseData,
Account UI E2E (chromium)	Run Playwright tests	      19 |         });
Account UI E2E (chromium)	Run Playwright tests	        at fetchWithError (/home/runner/work/keycloak/keycloak/js/libs/keycloak-admin-client/lib/utils/fetchWithError.js:16:15)
Account UI E2E (chromium)	Run Playwright tests	        at Agent.#requestWithParams (/home/runner/work/keycloak/keycloak/js/libs/keycloak-admin-client/lib/resources/agent.js:127:25)
Account UI E2E (chromium)	Run Playwright tests	        at createTestBed (/home/runner/work/keycloak/keycloak/js/apps/account-ui/test/support/testbed.ts:12:32)
Account UI E2E (chromium)	Run Playwright tests	        at /home/runner/work/keycloak/keycloak/js/apps/account-ui/test/resources.spec.ts:33:27
Account UI E2E (chromium)	Run Playwright tests	2025-12-14T04:27:45.9025698Z ##[notice]  3 failed
Account UI E2E (chromium)	Run Playwright tests	    [chromium] â€º test/resources.spec.ts:7:3 â€º Resources â€º shows the resources owned by the user â”€â”€â”€â”€
Account UI E2E (chromium)	Run Playwright tests	    [chromium] â€º test/resources.spec.ts:24:3 â€º Resources â€º shows no resources are shared with another user 
Account UI E2E (chromium)	Run Playwright tests	    [chromium] â€º test/resources.spec.ts:41:3 â€º Resources â€º shares a resource with another user â”€â”€â”€â”€â”€
Account UI E2E (chromium)	Run Playwright tests	  17 passed (39.3s)
Account UI E2E (chromium)	Run Playwright tests	2025-12-14T04:27:45.9388471Z 
Account UI E2E (chromium)	Run Playwright tests	2025-12-14T04:27:45.9389387Z âŒ [test] exited with exit code 1.
Account UI E2E (chromium)	Run Playwright tests	2025-12-14T04:27:45.9393427Z âŒ 1 script failed.
Account UI E2E (chromium)	Run Playwright tests	2025-12-14T04:27:45.9624763Z /home/runner/work/keycloak/keycloak/js/apps/account-ui:
Account UI E2E (chromium)	Run Playwright tests	2025-12-14T04:27:45.9626687Z â€‰ERR_PNPM_RECURSIVE_RUN_FIRST_FAILâ€‰ @keycloak/keycloak-account-ui@999.0.0-SNAPSHOT test: `wireit -- --project=chromium`
Account UI E2E (chromium)	Run Playwright tests	2025-12-14T04:27:45.9627443Z Exit status 1
Account UI E2E (chromium)	Run Playwright tests	2025-12-14T04:27:45.9839030Z ##[error]Process completed with exit code 1.
Status Check - Keycloak JavaScript CI	Run /./.github/actions/status-check	ï»¿2025-12-14T04:48:26.2459790Z Prepare all required actions
Status Check - Keycloak JavaScript CI	Run /./.github/actions/status-check	2025-12-14T04:48:26.2523240Z ##[group]Run ./.github/actions/status-check
Status Check - Keycloak JavaScript CI	Run /./.github/actions/status-check	2025-12-14T04:48:26.2523586Z with:
Status Check - Keycloak JavaScript CI	Run /./.github/actions/status-check	2025-12-14T04:48:26.2524927Z   jobs: {
Status Check - Keycloak JavaScript CI	Run /./.github/actions/status-check	  "conditional": {
Status Check - Keycloak JavaScript CI	Run /./.github/actions/status-check	    "result": "success",
Status Check - Keycloak JavaScript CI	Run /./.github/actions/status-check	    "outputs": {
Status Check - Keycloak JavaScript CI	Run /./.github/actions/status-check	      "js-ci": "true"
Status Check - Keycloak JavaScript CI	Run /./.github/actions/status-check	    }
Status Check - Keycloak JavaScript CI	Run /./.github/actions/status-check	  },
Status Check - Keycloak JavaScript CI	Run /./.github/actions/status-check	  "build-keycloak": {
Status Check - Keycloak JavaScript CI	Run /./.github/actions/status-check	    "result": "success",
Status Check - Keycloak JavaScript CI	Run /./.github/actions/status-check	    "outputs": {}
Status Check - Keycloak JavaScript CI	Run /./.github/actions/status-check	  },
Status Check - Keycloak JavaScript CI	Run /./.github/actions/status-check	  "admin-client": {
Status Check - Keycloak JavaScript CI	Run /./.github/actions/status-check	    "result": "success",
Status Check - Keycloak JavaScript CI	Run /./.github/actions/status-check	    "outputs": {}
Status Check - Keycloak JavaScript CI	Run /./.github/actions/status-check	  },
Status Check - Keycloak JavaScript CI	Run /./.github/actions/status-check	  "ui-shared": {
Status Check - Keycloak JavaScript CI	Run /./.github/actions/status-check	    "result": "success",
Status Check - Keycloak JavaScript CI	Run /./.github/actions/status-check	    "outputs": {}
Status Check - Keycloak JavaScript CI	Run /./.github/actions/status-check	  },
Status Check - Keycloak JavaScript CI	Run /./.github/actions/status-check	  "account-ui": {
Status Check - Keycloak JavaScript CI	Run /./.github/actions/status-check	    "result": "success",
Status Check - Keycloak JavaScript CI	Run /./.github/actions/status-check	    "outputs": {}
Status Check - Keycloak JavaScript CI	Run /./.github/actions/status-check	  },
Status Check - Keycloak JavaScript CI	Run /./.github/actions/status-check	  "account-ui-e2e": {
Status Check - Keycloak JavaScript CI	Run /./.github/actions/status-check	    "result": "failure",
Status Check - Keycloak JavaScript CI	Run /./.github/actions/status-check	    "outputs": {}
Status Check - Keycloak JavaScript CI	Run /./.github/actions/status-check	  },
Status Check - Keycloak JavaScript CI	Run /./.github/actions/status-check	  "admin-ui": {
Status Check - Keycloak JavaScript CI	Run /./.github/actions/status-check	    "result": "success",
Status Check - Keycloak JavaScript CI	Run /./.github/actions/status-check	    "outputs": {}
Status Check - Keycloak JavaScript CI	Run /./.github/actions/status-check	  },
Status Check - Keycloak JavaScript CI	Run /./.github/actions/status-check	  "admin-ui-e2e": {
Status Check - Keycloak JavaScript CI	Run /./.github/actions/status-check	    "result": "failure",
Status Check - Keycloak JavaScript CI	Run /./.github/actions/status-check	    "outputs": {}
Status Check - Keycloak JavaScript CI	Run /./.github/actions/status-check	  },
Status Check - Keycloak JavaScript CI	Run /./.github/actions/status-check	  "keycloak-admin-client": {
Status Check - Keycloak JavaScript CI	Run /./.github/actions/status-check	    "result": "success",
Status Check - Keycloak JavaScript CI	Run /./.github/actions/status-check	    "outputs": {}
Status Check - Keycloak JavaScript CI	Run /./.github/actions/status-check	  }
Status Check - Keycloak JavaScript CI	Run /./.github/actions/status-check	}
Status Check - Keycloak JavaScript CI	Run /./.github/actions/status-check	2025-12-14T04:48:26.2526586Z env:
Status Check - Keycloak JavaScript CI	Run /./.github/actions/status-check	2025-12-14T04:48:26.2526890Z   MAVEN_ARGS: -B -nsu -Daether.connector.http.connectionMaxTtl=25
Status Check - Keycloak JavaScript CI	Run /./.github/actions/status-check	2025-12-14T04:48:26.2527252Z ##[endgroup]
Status Check - Keycloak JavaScript CI	Run /./.github/actions/status-check	2025-12-14T04:48:26.2620703Z ##[group]Run JOBS='{
Status Check - Keycloak JavaScript CI	Run /./.github/actions/status-check	2025-12-14T04:48:26.2621121Z [36;1mJOBS='{[0m
Status Check - Keycloak JavaScript CI	Run /./.github/actions/status-check	2025-12-14T04:48:26.2621394Z [36;1m  "conditional": {[0m
Status Check - Keycloak JavaScript CI	Run /./.github/actions/status-check	2025-12-14T04:48:26.2621664Z [36;1m    "result": "success",[0m
Status Check - Keycloak JavaScript CI	Run /./.github/actions/status-check	2025-12-14T04:48:26.2621955Z [36;1m    "outputs": {[0m
Status Check - Keycloak JavaScript CI	Run /./.github/actions/status-check	2025-12-14T04:48:26.2622214Z [36;1m      "js-ci": "true"[0m
Status Check - Keycloak JavaScript CI	Run /./.github/actions/status-check	2025-12-14T04:48:26.2622468Z [36;1m    }[0m
Status Check - Keycloak JavaScript CI	Run /./.github/actions/status-check	2025-12-14T04:48:26.2622680Z [36;1m  },[0m
Status Check - Keycloak JavaScript CI	Run /./.github/actions/status-check	2025-12-14T04:48:26.2622916Z [36;1m  "build-keycloak": {[0m
Status Check - Keycloak JavaScript CI	Run /./.github/actions/status-check	2025-12-14T04:48:26.2623203Z [36;1m    "result": "success",[0m
Status Check - Keycloak JavaScript CI	Run /./.github/actions/status-check	2025-12-14T04:48:26.2623475Z [36;1m    "outputs": {}[0m
Status Check - Keycloak JavaScript CI	Run /./.github/actions/status-check	2025-12-14T04:48:26.2623709Z [36;1m  },[0m
Status Check - Keycloak JavaScript CI	Run /./.github/actions/status-check	2025-12-14T04:48:26.2623930Z [36;1m  "admin-client": {[0m
Status Check - Keycloak JavaScript CI	Run /./.github/actions/status-check	2025-12-14T04:48:26.2624182Z [36;1m    "result": "success",[0m
Status Check - Keycloak JavaScript CI	Run /./.github/actions/status-check	2025-12-14T04:48:26.2624446Z [36;1m    "outputs": {}[0m
Status Check - Keycloak JavaScript CI	Run /./.github/actions/status-check	2025-12-14T04:48:26.2624693Z [36;1m  },[0m
Status Check - Keycloak JavaScript CI	Run /./.github/actions/status-check	2025-12-14T04:48:26.2624901Z [36;1m  "ui-shared": {[0m
Status Check - Keycloak JavaScript CI	Run /./.github/actions/status-check	2025-12-14T04:48:26.2625145Z [36;1m    "result": "success",[0m
Status Check - Keycloak JavaScript CI	Run /./.github/actions/status-check	2025-12-14T04:48:26.2625407Z [36;1m    "outputs": {}[0m
Status Check - Keycloak JavaScript CI	Run /./.github/actions/status-check	2025-12-14T04:48:26.2625650Z [36;1m  },[0m
Status Check - Keycloak JavaScript CI	Run /./.github/actions/status-check	2025-12-14T04:48:26.2625858Z [36;1m  "account-ui": {[0m
Status Check - Keycloak JavaScript CI	Run /./.github/actions/status-check	2025-12-14T04:48:26.2626104Z [36;1m    "result": "success",[0m
Status Check - Keycloak JavaScript CI	Run /./.github/actions/status-check	2025-12-14T04:48:26.2626357Z [36;1m    "outputs": {}[0m
Status Check - Keycloak JavaScript CI	Run /./.github/actions/status-check	2025-12-14T04:48:26.2626588Z [36;1m  },[0m
Status Check - Keycloak JavaScript CI	Run /./.github/actions/status-check	2025-12-14T04:48:26.2626805Z [36;1m  "account-ui-e2e": {[0m
Status Check - Keycloak JavaScript CI	Run /./.github/actions/status-check	2025-12-14T04:48:26.2627058Z [36;1m    "result": "failure",[0m
Status Check - Keycloak JavaScript CI	Run /./.github/actions/status-check	2025-12-14T04:48:26.2627311Z [36;1m    "outputs": {}[0m
Status Check - Keycloak JavaScript CI	Run /./.github/actions/status-check	2025-12-14T04:48:26.2627533Z [36;1m  },[0m
Status Check - Keycloak JavaScript CI	Run /./.github/actions/status-check	2025-12-14T04:48:26.2627742Z [36;1m  "admin-ui": {[0m
Status Check - Keycloak JavaScript CI	Run /./.github/actions/status-check	2025-12-14T04:48:26.2627975Z [36;1m    "result": "success",[0m
Status Check - Keycloak JavaScript CI	Run /./.github/actions/status-check	2025-12-14T04:48:26.2628231Z [36;1m    "outputs": {}[0m
Status Check - Keycloak JavaScript CI	Run /./.github/actions/status-check	2025-12-14T04:48:26.2628593Z [36;1m  },[0m
Status Check - Keycloak JavaScript CI	Run /./.github/actions/status-check	2025-12-14T04:48:26.2628803Z [36;1m  "admin-ui-e2e": {[0m
Status Check - Keycloak JavaScript CI	Run /./.github/actions/status-check	2025-12-14T04:48:26.2629053Z [36;1m    "result": "failure",[0m
Status Check - Keycloak JavaScript CI	Run /./.github/actions/status-check	2025-12-14T04:48:26.2629308Z [36;1m    "outputs": {}[0m
Status Check - Keycloak JavaScript CI	Run /./.github/actions/status-check	2025-12-14T04:48:26.2629538Z [36;1m  },[0m
Status Check - Keycloak JavaScript CI	Run /./.github/actions/status-check	2025-12-14T04:48:26.2629759Z [36;1m  "keycloak-admin-client": {[0m
Status Check - Keycloak JavaScript CI	Run /./.github/actions/status-check	2025-12-14T04:48:26.2630044Z [36;1m    "result": "success",[0m
Status Check - Keycloak JavaScript CI	Run /./.github/actions/status-check	2025-12-14T04:48:26.2630291Z [36;1m    "outputs": {}[0m
Status Check - Keycloak JavaScript CI	Run /./.github/actions/status-check	2025-12-14T04:48:26.2630518Z [36;1m  }[0m
Status Check - Keycloak JavaScript CI	Run /./.github/actions/status-check	2025-12-14T04:48:26.2630711Z [36;1m}'[0m
Status Check - Keycloak JavaScript CI	Run /./.github/actions/status-check	2025-12-14T04:48:26.2630915Z [36;1m[0m
Status Check - Keycloak JavaScript CI	Run /./.github/actions/status-check	2025-12-14T04:48:26.2631120Z [36;1mecho "Job status:"[0m
Status Check - Keycloak JavaScript CI	Run /./.github/actions/status-check	2025-12-14T04:48:26.2631488Z [36;1mecho $JOBS | jq -r 'to_entries[] | " - \(.key): \(.value.result)"'[0m
Status Check - Keycloak JavaScript CI	Run /./.github/actions/status-check	2025-12-14T04:48:26.2631842Z [36;1m[0m
Status Check - Keycloak JavaScript CI	Run /./.github/actions/status-check	2025-12-14T04:48:26.2632118Z [36;1mfor i in $(echo $JOBS | jq -r 'to_entries[] | .value.result'); do[0m
Status Check - Keycloak JavaScript CI	Run /./.github/actions/status-check	2025-12-14T04:48:26.2632527Z [36;1m  if [ "$i" != "success" ] && [ "$i" != "skipped" ]; then[0m
Status Check - Keycloak JavaScript CI	Run /./.github/actions/status-check	2025-12-14T04:48:26.2632835Z [36;1m    echo ""[0m
Status Check - Keycloak JavaScript CI	Run /./.github/actions/status-check	2025-12-14T04:48:26.2633083Z [36;1m    echo "Status check not okay!"[0m
Status Check - Keycloak JavaScript CI	Run /./.github/actions/status-check	2025-12-14T04:48:26.2633356Z [36;1m    exit 1[0m
Status Check - Keycloak JavaScript CI	Run /./.github/actions/status-check	2025-12-14T04:48:26.2633573Z [36;1m  fi[0m
Status Check - Keycloak JavaScript CI	Run /./.github/actions/status-check	2025-12-14T04:48:26.2633768Z [36;1mdone[0m
Status Check - Keycloak JavaScript CI	Run /./.github/actions/status-check	2025-12-14T04:48:26.2671788Z shell: /usr/bin/bash --noprofile --norc -e -o pipefail {0}
Status Check - Keycloak JavaScript CI	Run /./.github/actions/status-check	2025-12-14T04:48:26.2672480Z env:
Status Check - Keycloak JavaScript CI	Run /./.github/actions/status-check	2025-12-14T04:48:26.2672792Z   MAVEN_ARGS: -B -nsu -Daether.connector.http.connectionMaxTtl=25
Status Check - Keycloak JavaScript CI	Run /./.github/actions/status-check	2025-12-14T04:48:26.2673151Z ##[endgroup]
Status Check - Keycloak JavaScript CI	Run /./.github/actions/status-check	2025-12-14T04:48:26.2745517Z Job status:
Status Check - Keycloak JavaScript CI	Run /./.github/actions/status-check	2025-12-14T04:48:26.2776089Z  - conditional: success
Status Check - Keycloak JavaScript CI	Run /./.github/actions/status-check	2025-12-14T04:48:26.2776608Z  - build-keycloak: success
Status Check - Keycloak JavaScript CI	Run /./.github/actions/status-check	2025-12-14T04:48:26.2777056Z  - admin-client: success
Status Check - Keycloak JavaScript CI	Run /./.github/actions/status-check	2025-12-14T04:48:26.2777470Z  - ui-shared: success
Status Check - Keycloak JavaScript CI	Run /./.github/actions/status-check	2025-12-14T04:48:26.2777865Z  - account-ui: success
Status Check - Keycloak JavaScript CI	Run /./.github/actions/status-check	2025-12-14T04:48:26.2778280Z  - account-ui-e2e: failure
Status Check - Keycloak JavaScript CI	Run /./.github/actions/status-check	2025-12-14T04:48:26.2778917Z  - admin-ui: success
Status Check - Keycloak JavaScript CI	Run /./.github/actions/status-check	2025-12-14T04:48:26.2779335Z  - admin-ui-e2e: failure
Status Check - Keycloak JavaScript CI	Run /./.github/actions/status-check	2025-12-14T04:48:26.2779787Z  - keycloak-admin-client: success
Status Check - Keycloak JavaScript CI	Run /./.github/actions/status-check	2025-12-14T04:48:26.2812303Z 
Status Check - Keycloak JavaScript CI	Run /./.github/actions/status-check	2025-12-14T04:48:26.2812749Z Status check not okay!
Status Check - Keycloak JavaScript CI	Run /./.github/actions/status-check	2025-12-14T04:48:26.2824392Z ##[error]Process completed with exit code 1.
