Test OLM installation	Setup Minikube-Kubernetes	ï»¿2026-02-11T04:49:02.2577023Z ##[group]Run manusa/actions-setup-minikube@b589f2d61bf96695c546929c72b38563e856059d
Test OLM installation	Setup Minikube-Kubernetes	2026-02-11T04:49:02.2577486Z with:
Test OLM installation	Setup Minikube-Kubernetes	2026-02-11T04:49:02.2577667Z   minikube version: v1.38.0
Test OLM installation	Setup Minikube-Kubernetes	2026-02-11T04:49:02.2577903Z   kubernetes version: v1.35.0
Test OLM installation	Setup Minikube-Kubernetes	2026-02-11T04:49:02.2578342Z   github token: ***
Test OLM installation	Setup Minikube-Kubernetes	2026-02-11T04:49:02.2578554Z   driver: docker
Test OLM installation	Setup Minikube-Kubernetes	2026-02-11T04:49:02.2578862Z   start args: --memory=4096 --addons=registry --insecure-registry=192.168.49.0/24
Test OLM installation	Setup Minikube-Kubernetes	2026-02-11T04:49:02.2579224Z env:
Test OLM installation	Setup Minikube-Kubernetes	2026-02-11T04:49:02.2579481Z   MAVEN_ARGS: -B -nsu -Daether.connector.http.connectionMaxTtl=25
Test OLM installation	Setup Minikube-Kubernetes	2026-02-11T04:49:02.2580090Z   MINIKUBE_VERSION: v1.38.0
Test OLM installation	Setup Minikube-Kubernetes	2026-02-11T04:49:02.2580310Z   KUBERNETES_VERSION: v1.35.0
Test OLM installation	Setup Minikube-Kubernetes	2026-02-11T04:49:02.2580515Z   MINIKUBE_MEMORY: 4096
Test OLM installation	Setup Minikube-Kubernetes	2026-02-11T04:49:02.2580816Z   JAVA_HOME: /opt/hostedtoolcache/Java_Temurin-Hotspot_jdk/25.0.2-10/x64
Test OLM installation	Setup Minikube-Kubernetes	2026-02-11T04:49:02.2581305Z   JAVA_HOME_25_X64: /opt/hostedtoolcache/Java_Temurin-Hotspot_jdk/25.0.2-10/x64
Test OLM installation	Setup Minikube-Kubernetes	2026-02-11T04:49:02.2581653Z ##[endgroup]
Test OLM installation	Setup Minikube-Kubernetes	2026-02-11T04:49:02.3772531Z Loading input variables
Test OLM installation	Setup Minikube-Kubernetes	2026-02-11T04:49:02.3775206Z Updating Environment configuration to support Minikube
Test OLM installation	Setup Minikube-Kubernetes	2026-02-11T04:49:02.3932832Z 
Test OLM installation	Setup Minikube-Kubernetes	2026-02-11T04:49:02.3933176Z WARNING: apt does not have a stable CLI interface. Use with caution in scripts.
Test OLM installation	Setup Minikube-Kubernetes	2026-02-11T04:49:02.3933530Z 
Test OLM installation	Setup Minikube-Kubernetes	2026-02-11T04:49:02.4553198Z Get:1 file:/etc/apt/apt-mirrors.txt Mirrorlist [144 B]
Test OLM installation	Setup Minikube-Kubernetes	2026-02-11T04:49:02.5048816Z Hit:2 http://azure.archive.ubuntu.com/ubuntu noble InRelease
Test OLM installation	Setup Minikube-Kubernetes	2026-02-11T04:49:02.5064108Z Get:6 https://packages.microsoft.com/repos/azure-cli noble InRelease [3564 B]
Test OLM installation	Setup Minikube-Kubernetes	2026-02-11T04:49:02.5124750Z Get:3 http://azure.archive.ubuntu.com/ubuntu noble-updates InRelease [126 kB]
Test OLM installation	Setup Minikube-Kubernetes	2026-02-11T04:49:02.5126827Z Get:7 https://packages.microsoft.com/ubuntu/24.04/prod noble InRelease [3600 B]
Test OLM installation	Setup Minikube-Kubernetes	2026-02-11T04:49:02.5214952Z Get:4 http://azure.archive.ubuntu.com/ubuntu noble-backports InRelease [126 kB]
Test OLM installation	Setup Minikube-Kubernetes	2026-02-11T04:49:02.5244619Z Get:5 http://azure.archive.ubuntu.com/ubuntu noble-security InRelease [126 kB]
Test OLM installation	Setup Minikube-Kubernetes	2026-02-11T04:49:02.6977392Z Get:8 https://packages.microsoft.com/repos/azure-cli noble/main amd64 Packages [2163 B]
Test OLM installation	Setup Minikube-Kubernetes	2026-02-11T04:49:02.7105557Z Get:9 https://packages.microsoft.com/ubuntu/24.04/prod noble/main arm64 Packages [71.2 kB]
Test OLM installation	Setup Minikube-Kubernetes	2026-02-11T04:49:02.7153797Z Get:10 https://packages.microsoft.com/ubuntu/24.04/prod noble/main amd64 Packages [91.9 kB]
Test OLM installation	Setup Minikube-Kubernetes	2026-02-11T04:49:02.7518023Z Get:11 http://azure.archive.ubuntu.com/ubuntu noble-updates/main amd64 Packages [1740 kB]
Test OLM installation	Setup Minikube-Kubernetes	2026-02-11T04:49:02.7632492Z Get:12 http://azure.archive.ubuntu.com/ubuntu noble-updates/main Translation-en [324 kB]
Test OLM installation	Setup Minikube-Kubernetes	2026-02-11T04:49:02.7656546Z Get:13 http://azure.archive.ubuntu.com/ubuntu noble-updates/main amd64 Components [175 kB]
Test OLM installation	Setup Minikube-Kubernetes	2026-02-11T04:49:02.7678152Z Get:14 http://azure.archive.ubuntu.com/ubuntu noble-updates/main amd64 c-n-f Metadata [16.5 kB]
Test OLM installation	Setup Minikube-Kubernetes	2026-02-11T04:49:02.7693883Z Get:15 http://azure.archive.ubuntu.com/ubuntu noble-updates/universe amd64 Packages [1528 kB]
Test OLM installation	Setup Minikube-Kubernetes	2026-02-11T04:49:02.7868758Z Get:16 http://azure.archive.ubuntu.com/ubuntu noble-updates/universe Translation-en [313 kB]
Test OLM installation	Setup Minikube-Kubernetes	2026-02-11T04:49:02.7881458Z Get:17 http://azure.archive.ubuntu.com/ubuntu noble-updates/universe amd64 Components [386 kB]
Test OLM installation	Setup Minikube-Kubernetes	2026-02-11T04:49:02.7918585Z Get:18 http://azure.archive.ubuntu.com/ubuntu noble-updates/universe amd64 c-n-f Metadata [31.9 kB]
Test OLM installation	Setup Minikube-Kubernetes	2026-02-11T04:49:02.7931270Z Get:19 http://azure.archive.ubuntu.com/ubuntu noble-updates/restricted amd64 Packages [2588 kB]
Test OLM installation	Setup Minikube-Kubernetes	2026-02-11T04:49:02.8075520Z Get:20 http://azure.archive.ubuntu.com/ubuntu noble-updates/restricted Translation-en [593 kB]
Test OLM installation	Setup Minikube-Kubernetes	2026-02-11T04:49:02.8596601Z Get:21 http://azure.archive.ubuntu.com/ubuntu noble-updates/restricted amd64 Components [212 B]
Test OLM installation	Setup Minikube-Kubernetes	2026-02-11T04:49:02.8606549Z Get:22 http://azure.archive.ubuntu.com/ubuntu noble-updates/multiverse amd64 Packages [32.1 kB]
Test OLM installation	Setup Minikube-Kubernetes	2026-02-11T04:49:02.8616704Z Get:23 http://azure.archive.ubuntu.com/ubuntu noble-updates/multiverse amd64 Components [940 B]
Test OLM installation	Setup Minikube-Kubernetes	2026-02-11T04:49:02.8627505Z Get:24 http://azure.archive.ubuntu.com/ubuntu noble-backports/main amd64 Components [7312 B]
Test OLM installation	Setup Minikube-Kubernetes	2026-02-11T04:49:02.8635045Z Get:25 http://azure.archive.ubuntu.com/ubuntu noble-backports/universe amd64 Components [10.5 kB]
Test OLM installation	Setup Minikube-Kubernetes	2026-02-11T04:49:02.8642599Z Get:26 http://azure.archive.ubuntu.com/ubuntu noble-backports/restricted amd64 Components [216 B]
Test OLM installation	Setup Minikube-Kubernetes	2026-02-11T04:49:02.8652253Z Get:27 http://azure.archive.ubuntu.com/ubuntu noble-backports/multiverse amd64 Components [212 B]
Test OLM installation	Setup Minikube-Kubernetes	2026-02-11T04:49:02.8809552Z Get:28 http://azure.archive.ubuntu.com/ubuntu noble-security/main amd64 Packages [1446 kB]
Test OLM installation	Setup Minikube-Kubernetes	2026-02-11T04:49:02.8889925Z Get:29 http://azure.archive.ubuntu.com/ubuntu noble-security/main Translation-en [234 kB]
Test OLM installation	Setup Minikube-Kubernetes	2026-02-11T04:49:02.8908931Z Get:30 http://azure.archive.ubuntu.com/ubuntu noble-security/main amd64 Components [21.5 kB]
Test OLM installation	Setup Minikube-Kubernetes	2026-02-11T04:49:02.8919999Z Get:31 http://azure.archive.ubuntu.com/ubuntu noble-security/main amd64 c-n-f Metadata [9892 B]
Test OLM installation	Setup Minikube-Kubernetes	2026-02-11T04:49:02.8931595Z Get:32 http://azure.archive.ubuntu.com/ubuntu noble-security/universe amd64 Packages [929 kB]
Test OLM installation	Setup Minikube-Kubernetes	2026-02-11T04:49:02.8983632Z Get:33 http://azure.archive.ubuntu.com/ubuntu noble-security/universe Translation-en [212 kB]
Test OLM installation	Setup Minikube-Kubernetes	2026-02-11T04:49:02.9001523Z Get:34 http://azure.archive.ubuntu.com/ubuntu noble-security/universe amd64 Components [74.2 kB]
Test OLM installation	Setup Minikube-Kubernetes	2026-02-11T04:49:02.9568418Z Get:35 http://azure.archive.ubuntu.com/ubuntu noble-security/universe amd64 c-n-f Metadata [19.9 kB]
Test OLM installation	Setup Minikube-Kubernetes	2026-02-11T04:49:02.9585780Z Get:36 http://azure.archive.ubuntu.com/ubuntu noble-security/restricted amd64 Packages [2445 kB]
Test OLM installation	Setup Minikube-Kubernetes	2026-02-11T04:49:02.9711453Z Get:37 http://azure.archive.ubuntu.com/ubuntu noble-security/restricted Translation-en [562 kB]
Test OLM installation	Setup Minikube-Kubernetes	2026-02-11T04:49:02.9743932Z Get:38 http://azure.archive.ubuntu.com/ubuntu noble-security/restricted amd64 Components [212 B]
Test OLM installation	Setup Minikube-Kubernetes	2026-02-11T04:49:02.9756629Z Get:39 http://azure.archive.ubuntu.com/ubuntu noble-security/multiverse amd64 Components [212 B]
Test OLM installation	Setup Minikube-Kubernetes	2026-02-11T04:49:12.2706265Z Fetched 14.3 MB in 2s (8230 kB/s)
Test OLM installation	Setup Minikube-Kubernetes	2026-02-11T04:49:13.0668799Z Reading package lists...
Test OLM installation	Setup Minikube-Kubernetes	2026-02-11T04:49:13.2549365Z Building dependency tree...
Test OLM installation	Setup Minikube-Kubernetes	2026-02-11T04:49:13.2556500Z Reading state information...
Test OLM installation	Setup Minikube-Kubernetes	2026-02-11T04:49:13.2734151Z 107 packages can be upgraded. Run 'apt list --upgradable' to see them.
Test OLM installation	Setup Minikube-Kubernetes	2026-02-11T04:49:13.3000677Z Reading package lists...
Test OLM installation	Setup Minikube-Kubernetes	2026-02-11T04:49:13.5004632Z Building dependency tree...
Test OLM installation	Setup Minikube-Kubernetes	2026-02-11T04:49:13.5013158Z Reading state information...
Test OLM installation	Setup Minikube-Kubernetes	2026-02-11T04:49:13.6870298Z The following NEW packages will be installed:
Test OLM installation	Setup Minikube-Kubernetes	2026-02-11T04:49:13.6877754Z   conntrack
Test OLM installation	Setup Minikube-Kubernetes	2026-02-11T04:49:13.7063723Z 0 upgraded, 1 newly installed, 0 to remove and 107 not upgraded.
Test OLM installation	Setup Minikube-Kubernetes	2026-02-11T04:49:13.7064386Z Need to get 37.9 kB of archives.
Test OLM installation	Setup Minikube-Kubernetes	2026-02-11T04:49:13.7064919Z After this operation, 119 kB of additional disk space will be used.
Test OLM installation	Setup Minikube-Kubernetes	2026-02-11T04:49:13.7065560Z Get:1 file:/etc/apt/apt-mirrors.txt Mirrorlist [144 B]
Test OLM installation	Setup Minikube-Kubernetes	2026-02-11T04:49:13.8548936Z Get:2 http://azure.archive.ubuntu.com/ubuntu noble/main amd64 conntrack amd64 1:1.4.8-1ubuntu1 [37.9 kB]
Test OLM installation	Setup Minikube-Kubernetes	2026-02-11T04:49:14.1316648Z Fetched 37.9 kB in 0s (232 kB/s)
Test OLM installation	Setup Minikube-Kubernetes	2026-02-11T04:49:14.1528705Z Selecting previously unselected package conntrack.
Test OLM installation	Setup Minikube-Kubernetes	2026-02-11T04:49:14.1825041Z (Reading database ... 
Test OLM installation	Setup Minikube-Kubernetes	2026-02-11T04:49:14.1825711Z (Reading database ... 5%
Test OLM installation	Setup Minikube-Kubernetes	2026-02-11T04:49:14.1826327Z (Reading database ... 10%
Test OLM installation	Setup Minikube-Kubernetes	2026-02-11T04:49:14.1826876Z (Reading database ... 15%
Test OLM installation	Setup Minikube-Kubernetes	2026-02-11T04:49:14.1827252Z (Reading database ... 20%
Test OLM installation	Setup Minikube-Kubernetes	2026-02-11T04:49:14.1827638Z (Reading database ... 25%
Test OLM installation	Setup Minikube-Kubernetes	2026-02-11T04:49:14.1827998Z (Reading database ... 30%
Test OLM installation	Setup Minikube-Kubernetes	2026-02-11T04:49:14.1828726Z (Reading database ... 35%
Test OLM installation	Setup Minikube-Kubernetes	2026-02-11T04:49:14.1829302Z (Reading database ... 40%
Test OLM installation	Setup Minikube-Kubernetes	2026-02-11T04:49:14.1830118Z (Reading database ... 45%
Test OLM installation	Setup Minikube-Kubernetes	2026-02-11T04:49:14.1830661Z (Reading database ... 50%
Test OLM installation	Setup Minikube-Kubernetes	2026-02-11T04:49:14.1913692Z (Reading database ... 55%
Test OLM installation	Setup Minikube-Kubernetes	2026-02-11T04:49:14.3116915Z (Reading database ... 60%
Test OLM installation	Setup Minikube-Kubernetes	2026-02-11T04:49:14.4673411Z (Reading database ... 65%
Test OLM installation	Setup Minikube-Kubernetes	2026-02-11T04:49:14.5066232Z (Reading database ... 70%
Test OLM installation	Setup Minikube-Kubernetes	2026-02-11T04:49:14.6071815Z (Reading database ... 75%
Test OLM installation	Setup Minikube-Kubernetes	2026-02-11T04:49:14.8028011Z (Reading database ... 80%
Test OLM installation	Setup Minikube-Kubernetes	2026-02-11T04:49:15.0122140Z (Reading database ... 85%
Test OLM installation	Setup Minikube-Kubernetes	2026-02-11T04:49:15.1960106Z (Reading database ... 90%
Test OLM installation	Setup Minikube-Kubernetes	2026-02-11T04:49:15.3648626Z (Reading database ... 95%
Test OLM installation	Setup Minikube-Kubernetes	2026-02-11T04:49:15.3649118Z (Reading database ... 100%
Test OLM installation	Setup Minikube-Kubernetes	2026-02-11T04:49:15.3650144Z (Reading database ... 217745 files and directories currently installed.)
Test OLM installation	Setup Minikube-Kubernetes	2026-02-11T04:49:15.3694922Z Preparing to unpack .../conntrack_1%3a1.4.8-1ubuntu1_amd64.deb ...
Test OLM installation	Setup Minikube-Kubernetes	2026-02-11T04:49:15.3731901Z Unpacking conntrack (1:1.4.8-1ubuntu1) ...
Test OLM installation	Setup Minikube-Kubernetes	2026-02-11T04:49:15.4144085Z Setting up conntrack (1:1.4.8-1ubuntu1) ...
Test OLM installation	Setup Minikube-Kubernetes	2026-02-11T04:49:15.4173354Z Processing triggers for man-db (2.12.0-4build2) ...
Test OLM installation	Setup Minikube-Kubernetes	2026-02-11T04:49:15.4198846Z Not building database; man-db/auto-update is not 'true'.
Test OLM installation	Setup Minikube-Kubernetes	2026-02-11T04:49:16.0658213Z 
Test OLM installation	Setup Minikube-Kubernetes	2026-02-11T04:49:16.0658973Z Running kernel seems to be up-to-date.
Test OLM installation	Setup Minikube-Kubernetes	2026-02-11T04:49:16.0659343Z 
Test OLM installation	Setup Minikube-Kubernetes	2026-02-11T04:49:16.0659513Z No services need to be restarted.
Test OLM installation	Setup Minikube-Kubernetes	2026-02-11T04:49:16.0659999Z 
Test OLM installation	Setup Minikube-Kubernetes	2026-02-11T04:49:16.0660149Z No containers need to be restarted.
Test OLM installation	Setup Minikube-Kubernetes	2026-02-11T04:49:16.0660438Z 
Test OLM installation	Setup Minikube-Kubernetes	2026-02-11T04:49:16.0660630Z No user sessions are running outdated binaries.
Test OLM installation	Setup Minikube-Kubernetes	2026-02-11T04:49:16.0661001Z 
Test OLM installation	Setup Minikube-Kubernetes	2026-02-11T04:49:16.0661321Z No VM guests are running outdated hypervisor (qemu) binaries on this host.
Test OLM installation	Setup Minikube-Kubernetes	2026-02-11T04:49:17.3274387Z fs.protected_regular = 0
Test OLM installation	Setup Minikube-Kubernetes	2026-02-11T04:49:17.3285620Z Waiting for Docker to be ready
Test OLM installation	Setup Minikube-Kubernetes	2026-02-11T04:49:17.4346070Z 28.0.4 - 28.0.4
Test OLM installation	Setup Minikube-Kubernetes	2026-02-11T04:49:17.4366850Z Docker daemon is ready
Test OLM installation	Setup Minikube-Kubernetes	2026-02-11T04:49:17.4371728Z Downloading Minikube  v1.38.0
Test OLM installation	Setup Minikube-Kubernetes	2026-02-11T04:49:17.7346667Z Downloading from: https://github.com/kubernetes/minikube/releases/download/v1.38.0/minikube-linux-amd64
Test OLM installation	Setup Minikube-Kubernetes	2026-02-11T04:49:17.8400500Z Unexpected HTTP response: 502
Test OLM installation	Setup Minikube-Kubernetes	2026-02-11T04:49:17.8401189Z Waiting 17 seconds before trying again
Test OLM installation	Setup Minikube-Kubernetes	2026-02-11T04:49:34.9483060Z Unexpected HTTP response: 502
Test OLM installation	Setup Minikube-Kubernetes	2026-02-11T04:49:34.9483604Z Waiting 14 seconds before trying again
Test OLM installation	Setup Minikube-Kubernetes	2026-02-11T04:49:49.0563610Z HTTPError: Unexpected HTTP response: 502
Test OLM installation	Setup Minikube-Kubernetes	2026-02-11T04:49:49.0564793Z     at /home/runner/work/_actions/manusa/actions-setup-minikube/b589f2d61bf96695c546929c72b38563e856059d/node_modules/@actions/tool-cache/lib/tool-cache.js:115:25
Test OLM installation	Setup Minikube-Kubernetes	2026-02-11T04:49:49.0566171Z     at Generator.next (<anonymous>)
Test OLM installation	Setup Minikube-Kubernetes	2026-02-11T04:49:49.0567454Z     at fulfilled (/home/runner/work/_actions/manusa/actions-setup-minikube/b589f2d61bf96695c546929c72b38563e856059d/node_modules/@actions/tool-cache/lib/tool-cache.js:28:58)
Test OLM installation	Setup Minikube-Kubernetes	2026-02-11T04:49:49.0569089Z     at process.processTicksAndRejections (node:internal/process/task_queues:95:5) {
Test OLM installation	Setup Minikube-Kubernetes	2026-02-11T04:49:49.0570081Z   httpStatusCode: 502
Test OLM installation	Setup Minikube-Kubernetes	2026-02-11T04:49:49.0593200Z }
Test OLM installation	Setup Minikube-Kubernetes	2026-02-11T04:49:49.0612254Z ##[error]Unexpected HTTP response: 502
Test OLM installation	Setup Minikube-Kubernetes	2026-02-11T04:49:49.0620196Z ##[error]Unexpected HTTP response: 502
Test OLM installation	Debug Custom Resources	ï»¿2026-02-11T04:49:49.0970351Z ##[group]Run kubectl get keycloaks -A -o yaml
Test OLM installation	Debug Custom Resources	2026-02-11T04:49:49.0970748Z [36;1mkubectl get keycloaks -A -o yaml[0m
Test OLM installation	Debug Custom Resources	2026-02-11T04:49:49.0971095Z [36;1mkubectl get keycloakrealmimports -A -o yaml[0m
Test OLM installation	Debug Custom Resources	2026-02-11T04:49:49.1005620Z shell: /usr/bin/bash --noprofile --norc -e -o pipefail {0}
Test OLM installation	Debug Custom Resources	2026-02-11T04:49:49.1005947Z env:
Test OLM installation	Debug Custom Resources	2026-02-11T04:49:49.1006214Z   MAVEN_ARGS: -B -nsu -Daether.connector.http.connectionMaxTtl=25
Test OLM installation	Debug Custom Resources	2026-02-11T04:49:49.1006557Z   MINIKUBE_VERSION: v1.38.0
Test OLM installation	Debug Custom Resources	2026-02-11T04:49:49.1006774Z   KUBERNETES_VERSION: v1.35.0
Test OLM installation	Debug Custom Resources	2026-02-11T04:49:49.1006989Z   MINIKUBE_MEMORY: 4096
Test OLM installation	Debug Custom Resources	2026-02-11T04:49:49.1007299Z   JAVA_HOME: /opt/hostedtoolcache/Java_Temurin-Hotspot_jdk/25.0.2-10/x64
Test OLM installation	Debug Custom Resources	2026-02-11T04:49:49.1007753Z   JAVA_HOME_25_X64: /opt/hostedtoolcache/Java_Temurin-Hotspot_jdk/25.0.2-10/x64
Test OLM installation	Debug Custom Resources	2026-02-11T04:49:49.1008102Z ##[endgroup]
Test OLM installation	Debug Custom Resources	2026-02-11T04:49:51.5328994Z E0211 04:49:51.532608    2685 memcache.go:265] "Unhandled Error" err="couldn't get current server API group list: Get \"http://localhost:8080/api?timeout=32s\": dial tcp [::1]:8080: connect: connection refused"
Test OLM installation	Debug Custom Resources	2026-02-11T04:49:51.5336116Z E0211 04:49:51.533360    2685 memcache.go:265] "Unhandled Error" err="couldn't get current server API group list: Get \"http://localhost:8080/api?timeout=32s\": dial tcp [::1]:8080: connect: connection refused"
Test OLM installation	Debug Custom Resources	2026-02-11T04:49:51.5351002Z E0211 04:49:51.534922    2685 memcache.go:265] "Unhandled Error" err="couldn't get current server API group list: Get \"http://localhost:8080/api?timeout=32s\": dial tcp [::1]:8080: connect: connection refused"
Test OLM installation	Debug Custom Resources	2026-02-11T04:49:51.5355784Z E0211 04:49:51.535455    2685 memcache.go:265] "Unhandled Error" err="couldn't get current server API group list: Get \"http://localhost:8080/api?timeout=32s\": dial tcp [::1]:8080: connect: connection refused"
Test OLM installation	Debug Custom Resources	2026-02-11T04:49:51.5372113Z E0211 04:49:51.537022    2685 memcache.go:265] "Unhandled Error" err="couldn't get current server API group list: Get \"http://localhost:8080/api?timeout=32s\": dial tcp [::1]:8080: connect: connection refused"
Test OLM installation	Debug Custom Resources	2026-02-11T04:49:51.5373801Z The connection to the server localhost:8080 was refused - did you specify the right host or port?
Test OLM installation	Debug Custom Resources	2026-02-11T04:49:51.5410061Z ##[error]Process completed with exit code 1.
Test OLM installation	Gather inspect report	ï»¿2026-02-11T04:49:51.5433927Z ##[group]Run oc adm inspect ns
Test OLM installation	Gather inspect report	2026-02-11T04:49:51.5434230Z [36;1moc adm inspect ns[0m
Test OLM installation	Gather inspect report	2026-02-11T04:49:51.5466628Z shell: /usr/bin/bash --noprofile --norc -e -o pipefail {0}
Test OLM installation	Gather inspect report	2026-02-11T04:49:51.5466951Z env:
Test OLM installation	Gather inspect report	2026-02-11T04:49:51.5467218Z   MAVEN_ARGS: -B -nsu -Daether.connector.http.connectionMaxTtl=25
Test OLM installation	Gather inspect report	2026-02-11T04:49:51.5467564Z   MINIKUBE_VERSION: v1.38.0
Test OLM installation	Gather inspect report	2026-02-11T04:49:51.5468014Z   KUBERNETES_VERSION: v1.35.0
Test OLM installation	Gather inspect report	2026-02-11T04:49:51.5468229Z   MINIKUBE_MEMORY: 4096
Test OLM installation	Gather inspect report	2026-02-11T04:49:51.5468537Z   JAVA_HOME: /opt/hostedtoolcache/Java_Temurin-Hotspot_jdk/25.0.2-10/x64
Test OLM installation	Gather inspect report	2026-02-11T04:49:51.5468993Z   JAVA_HOME_25_X64: /opt/hostedtoolcache/Java_Temurin-Hotspot_jdk/25.0.2-10/x64
Test OLM installation	Gather inspect report	2026-02-11T04:49:51.5469347Z ##[endgroup]
Test OLM installation	Gather inspect report	2026-02-11T04:49:51.5523284Z /home/runner/work/_temp/c99b327e-21e8-49bf-9e45-f51f684bb403.sh: line 1: oc: command not found
Test OLM installation	Gather inspect report	2026-02-11T04:49:51.5528152Z ##[error]Process completed with exit code 127.
Status Check - Keycloak Operator CI	Run /./.github/actions/status-check	ï»¿2026-02-11T05:20:52.2933747Z Prepare all required actions
Status Check - Keycloak Operator CI	Run /./.github/actions/status-check	2026-02-11T05:20:52.3040715Z ##[group]Run ./.github/actions/status-check
Status Check - Keycloak Operator CI	Run /./.github/actions/status-check	2026-02-11T05:20:52.3041911Z with:
Status Check - Keycloak Operator CI	Run /./.github/actions/status-check	2026-02-11T05:20:52.3045745Z   jobs: {
Status Check - Keycloak Operator CI	Run /./.github/actions/status-check	  "conditional": {
Status Check - Keycloak Operator CI	Run /./.github/actions/status-check	    "result": "success",
Status Check - Keycloak Operator CI	Run /./.github/actions/status-check	    "outputs": {
Status Check - Keycloak Operator CI	Run /./.github/actions/status-check	      "operator": "true"
Status Check - Keycloak Operator CI	Run /./.github/actions/status-check	    }
Status Check - Keycloak Operator CI	Run /./.github/actions/status-check	  },
Status Check - Keycloak Operator CI	Run /./.github/actions/status-check	  "build": {
Status Check - Keycloak Operator CI	Run /./.github/actions/status-check	    "result": "success",
Status Check - Keycloak Operator CI	Run /./.github/actions/status-check	    "outputs": {}
Status Check - Keycloak Operator CI	Run /./.github/actions/status-check	  },
Status Check - Keycloak Operator CI	Run /./.github/actions/status-check	  "test-local-apiserver": {
Status Check - Keycloak Operator CI	Run /./.github/actions/status-check	    "result": "success",
Status Check - Keycloak Operator CI	Run /./.github/actions/status-check	    "outputs": {}
Status Check - Keycloak Operator CI	Run /./.github/actions/status-check	  },
Status Check - Keycloak Operator CI	Run /./.github/actions/status-check	  "test-remote": {
Status Check - Keycloak Operator CI	Run /./.github/actions/status-check	    "result": "success",
Status Check - Keycloak Operator CI	Run /./.github/actions/status-check	    "outputs": {}
Status Check - Keycloak Operator CI	Run /./.github/actions/status-check	  },
Status Check - Keycloak Operator CI	Run /./.github/actions/status-check	  "test-olm": {
Status Check - Keycloak Operator CI	Run /./.github/actions/status-check	    "result": "failure",
Status Check - Keycloak Operator CI	Run /./.github/actions/status-check	    "outputs": {}
Status Check - Keycloak Operator CI	Run /./.github/actions/status-check	  }
Status Check - Keycloak Operator CI	Run /./.github/actions/status-check	}
Status Check - Keycloak Operator CI	Run /./.github/actions/status-check	2026-02-11T05:20:52.3049998Z env:
Status Check - Keycloak Operator CI	Run /./.github/actions/status-check	2026-02-11T05:20:52.3051100Z   MAVEN_ARGS: -B -nsu -Daether.connector.http.connectionMaxTtl=25
Status Check - Keycloak Operator CI	Run /./.github/actions/status-check	2026-02-11T05:20:52.3052488Z   MINIKUBE_VERSION: v1.38.0
Status Check - Keycloak Operator CI	Run /./.github/actions/status-check	2026-02-11T05:20:52.3053482Z   KUBERNETES_VERSION: v1.35.0
Status Check - Keycloak Operator CI	Run /./.github/actions/status-check	2026-02-11T05:20:52.3054454Z   MINIKUBE_MEMORY: 4096
Status Check - Keycloak Operator CI	Run /./.github/actions/status-check	2026-02-11T05:20:52.3055527Z ##[endgroup]
Status Check - Keycloak Operator CI	Run /./.github/actions/status-check	2026-02-11T05:20:52.3168570Z ##[group]Run JOBS='{
Status Check - Keycloak Operator CI	Run /./.github/actions/status-check	2026-02-11T05:20:52.3169607Z [36;1mJOBS='{[0m
Status Check - Keycloak Operator CI	Run /./.github/actions/status-check	2026-02-11T05:20:52.3170530Z [36;1m  "conditional": {[0m
Status Check - Keycloak Operator CI	Run /./.github/actions/status-check	2026-02-11T05:20:52.3171577Z [36;1m    "result": "success",[0m
Status Check - Keycloak Operator CI	Run /./.github/actions/status-check	2026-02-11T05:20:52.3172606Z [36;1m    "outputs": {[0m
Status Check - Keycloak Operator CI	Run /./.github/actions/status-check	2026-02-11T05:20:52.3173562Z [36;1m      "operator": "true"[0m
Status Check - Keycloak Operator CI	Run /./.github/actions/status-check	2026-02-11T05:20:52.3174569Z [36;1m    }[0m
Status Check - Keycloak Operator CI	Run /./.github/actions/status-check	2026-02-11T05:20:52.3175571Z [36;1m  },[0m
Status Check - Keycloak Operator CI	Run /./.github/actions/status-check	2026-02-11T05:20:52.3176397Z [36;1m  "build": {[0m
Status Check - Keycloak Operator CI	Run /./.github/actions/status-check	2026-02-11T05:20:52.3177318Z [36;1m    "result": "success",[0m
Status Check - Keycloak Operator CI	Run /./.github/actions/status-check	2026-02-11T05:20:52.3178663Z [36;1m    "outputs": {}[0m
Status Check - Keycloak Operator CI	Run /./.github/actions/status-check	2026-02-11T05:20:52.3179619Z [36;1m  },[0m
Status Check - Keycloak Operator CI	Run /./.github/actions/status-check	2026-02-11T05:20:52.3180486Z [36;1m  "test-local-apiserver": {[0m
Status Check - Keycloak Operator CI	Run /./.github/actions/status-check	2026-02-11T05:20:52.3181560Z [36;1m    "result": "success",[0m
Status Check - Keycloak Operator CI	Run /./.github/actions/status-check	2026-02-11T05:20:52.3182547Z [36;1m    "outputs": {}[0m
Status Check - Keycloak Operator CI	Run /./.github/actions/status-check	2026-02-11T05:20:52.3183430Z [36;1m  },[0m
Status Check - Keycloak Operator CI	Run /./.github/actions/status-check	2026-02-11T05:20:52.3184207Z [36;1m  "test-remote": {[0m
Status Check - Keycloak Operator CI	Run /./.github/actions/status-check	2026-02-11T05:20:52.3185247Z [36;1m    "result": "success",[0m
Status Check - Keycloak Operator CI	Run /./.github/actions/status-check	2026-02-11T05:20:52.3186223Z [36;1m    "outputs": {}[0m
Status Check - Keycloak Operator CI	Run /./.github/actions/status-check	2026-02-11T05:20:52.3187073Z [36;1m  },[0m
Status Check - Keycloak Operator CI	Run /./.github/actions/status-check	2026-02-11T05:20:52.3187838Z [36;1m  "test-olm": {[0m
Status Check - Keycloak Operator CI	Run /./.github/actions/status-check	2026-02-11T05:20:52.3188720Z [36;1m    "result": "failure",[0m
Status Check - Keycloak Operator CI	Run /./.github/actions/status-check	2026-02-11T05:20:52.3189685Z [36;1m    "outputs": {}[0m
Status Check - Keycloak Operator CI	Run /./.github/actions/status-check	2026-02-11T05:20:52.3190531Z [36;1m  }[0m
Status Check - Keycloak Operator CI	Run /./.github/actions/status-check	2026-02-11T05:20:52.3191262Z [36;1m}'[0m
Status Check - Keycloak Operator CI	Run /./.github/actions/status-check	2026-02-11T05:20:52.3191980Z [36;1m[0m
Status Check - Keycloak Operator CI	Run /./.github/actions/status-check	2026-02-11T05:20:52.3192732Z [36;1mecho "Job status:"[0m
Status Check - Keycloak Operator CI	Run /./.github/actions/status-check	2026-02-11T05:20:52.3193975Z [36;1mecho $JOBS | jq -r 'to_entries[] | " - \(.key): \(.value.result)"'[0m
Status Check - Keycloak Operator CI	Run /./.github/actions/status-check	2026-02-11T05:20:52.3195387Z [36;1m[0m
Status Check - Keycloak Operator CI	Run /./.github/actions/status-check	2026-02-11T05:20:52.3196442Z [36;1mfor i in $(echo $JOBS | jq -r 'to_entries[] | .value.result'); do[0m
Status Check - Keycloak Operator CI	Run /./.github/actions/status-check	2026-02-11T05:20:52.3197940Z [36;1m  if [ "$i" != "success" ] && [ "$i" != "skipped" ]; then[0m
Status Check - Keycloak Operator CI	Run /./.github/actions/status-check	2026-02-11T05:20:52.3199119Z [36;1m    echo ""[0m
Status Check - Keycloak Operator CI	Run /./.github/actions/status-check	2026-02-11T05:20:52.3199994Z [36;1m    echo "Status check not okay!"[0m
Status Check - Keycloak Operator CI	Run /./.github/actions/status-check	2026-02-11T05:20:52.3201011Z [36;1m    exit 1[0m
Status Check - Keycloak Operator CI	Run /./.github/actions/status-check	2026-02-11T05:20:52.3201779Z [36;1m  fi[0m
Status Check - Keycloak Operator CI	Run /./.github/actions/status-check	2026-02-11T05:20:52.3202519Z [36;1mdone[0m
Status Check - Keycloak Operator CI	Run /./.github/actions/status-check	2026-02-11T05:20:52.3240011Z shell: /usr/bin/bash --noprofile --norc -e -o pipefail {0}
Status Check - Keycloak Operator CI	Run /./.github/actions/status-check	2026-02-11T05:20:52.3241275Z env:
Status Check - Keycloak Operator CI	Run /./.github/actions/status-check	2026-02-11T05:20:52.3242339Z   MAVEN_ARGS: -B -nsu -Daether.connector.http.connectionMaxTtl=25
Status Check - Keycloak Operator CI	Run /./.github/actions/status-check	2026-02-11T05:20:52.3243669Z   MINIKUBE_VERSION: v1.38.0
Status Check - Keycloak Operator CI	Run /./.github/actions/status-check	2026-02-11T05:20:52.3244608Z   KUBERNETES_VERSION: v1.35.0
Status Check - Keycloak Operator CI	Run /./.github/actions/status-check	2026-02-11T05:20:52.3245679Z   MINIKUBE_MEMORY: 4096
Status Check - Keycloak Operator CI	Run /./.github/actions/status-check	2026-02-11T05:20:52.3246500Z ##[endgroup]
Status Check - Keycloak Operator CI	Run /./.github/actions/status-check	2026-02-11T05:20:52.3326060Z Job status:
Status Check - Keycloak Operator CI	Run /./.github/actions/status-check	2026-02-11T05:20:52.3352990Z  - conditional: success
Status Check - Keycloak Operator CI	Run /./.github/actions/status-check	2026-02-11T05:20:52.3354035Z  - build: success
Status Check - Keycloak Operator CI	Run /./.github/actions/status-check	2026-02-11T05:20:52.3355514Z  - test-local-apiserver: success
Status Check - Keycloak Operator CI	Run /./.github/actions/status-check	2026-02-11T05:20:52.3357017Z  - test-remote: success
Status Check - Keycloak Operator CI	Run /./.github/actions/status-check	2026-02-11T05:20:52.3357899Z  - test-olm: failure
Status Check - Keycloak Operator CI	Run /./.github/actions/status-check	2026-02-11T05:20:52.3387075Z 
Status Check - Keycloak Operator CI	Run /./.github/actions/status-check	2026-02-11T05:20:52.3387775Z Status check not okay!
Status Check - Keycloak Operator CI	Run /./.github/actions/status-check	2026-02-11T05:20:52.3401953Z ##[error]Process completed with exit code 1.
