Admin UI E2E (chromium)	Run Playwright tests	Ôªø2025-12-16T04:20:08.1655107Z ##[group]Run pnpm --fail-if-no-match --filter @keycloak/keycloak-admin-ui test:integration -- --project=chromium
Admin UI E2E (chromium)	Run Playwright tests	2025-12-16T04:20:08.1656208Z [36;1mpnpm --fail-if-no-match --filter @keycloak/keycloak-admin-ui test:integration -- --project=chromium[0m
Admin UI E2E (chromium)	Run Playwright tests	2025-12-16T04:20:08.1692871Z shell: /usr/bin/bash --noprofile --norc -e -o pipefail {0}
Admin UI E2E (chromium)	Run Playwright tests	2025-12-16T04:20:08.1693333Z env:
Admin UI E2E (chromium)	Run Playwright tests	2025-12-16T04:20:08.1693716Z   MAVEN_ARGS: -B -nsu -Daether.connector.http.connectionMaxTtl=25
Admin UI E2E (chromium)	Run Playwright tests	2025-12-16T04:20:08.1694247Z   WORKSPACE: @keycloak/keycloak-admin-ui
Admin UI E2E (chromium)	Run Playwright tests	2025-12-16T04:20:08.1694625Z   RETRY_COUNT: 3
Admin UI E2E (chromium)	Run Playwright tests	2025-12-16T04:20:08.1695057Z   JAVA_HOME: /opt/hostedtoolcache/Java_Temurin-Hotspot_jdk/21.0.9-10/x64
Admin UI E2E (chromium)	Run Playwright tests	2025-12-16T04:20:08.1695722Z   JAVA_HOME_21_X64: /opt/hostedtoolcache/Java_Temurin-Hotspot_jdk/21.0.9-10/x64
Admin UI E2E (chromium)	Run Playwright tests	2025-12-16T04:20:08.1696232Z ##[endgroup]
Admin UI E2E (chromium)	Run Playwright tests	2025-12-16T04:20:08.4928579Z 
Admin UI E2E (chromium)	Run Playwright tests	2025-12-16T04:20:08.4930181Z > @keycloak/keycloak-admin-ui@999.0.0-SNAPSHOT test:integration /home/runner/work/keycloak/keycloak/js/apps/admin-ui
Admin UI E2E (chromium)	Run Playwright tests	2025-12-16T04:20:08.4931821Z > wireit -- --project=chromium
Admin UI E2E (chromium)	Run Playwright tests	2025-12-16T04:20:08.4932195Z 
Admin UI E2E (chromium)	Run Playwright tests	2025-12-16T04:20:08.6000883Z Analyzing
Admin UI E2E (chromium)	Run Playwright tests	2025-12-16T04:20:09.6014981Z   0% [0 / 2] [1 running] ../../libs/keycloak-admin-client:build
Admin UI E2E (chromium)	Run Playwright tests	2025-12-16T04:20:10.2784686Z (node:5867) [DEP0190] DeprecationWarning: Passing args to a child process with shell option true can lead to security vulnerabilities, as the arguments are not escaped, only concatenated.
Admin UI E2E (chromium)	Run Playwright tests	2025-12-16T04:20:10.2787967Z (Use `node --trace-deprecation ...` to show where the warning was created)
Admin UI E2E (chromium)	Run Playwright tests	2025-12-16T04:20:10.6019556Z  50% [1 / 2] [1 running] test:integration
Admin UI E2E (chromium)	Run Playwright tests	2025-12-16T04:20:12.9586403Z 
Admin UI E2E (chromium)	Run Playwright tests	2025-12-16T04:20:12.9587300Z Running 379 tests using 1 worker
Admin UI E2E (chromium)	Run Playwright tests	2025-12-16T04:24:12.5896979Z ¬∑¬∑¬∑¬∑¬∑¬∑¬∑¬∑¬∑¬∑¬∑¬∑¬∑¬∑¬∑¬∑¬∑¬∑¬∑¬∑¬∑¬∑¬∑¬∑¬∑¬∑¬∑¬∑¬∑¬∑¬∑¬∑¬∑¬∑¬∑¬∑¬∑¬∑¬∑¬∑¬∑¬∑¬∑¬∑¬∑¬∑¬∑¬∑¬∑¬∑¬∑¬∑¬∑¬∑¬∑¬∑¬∑¬∑¬∑¬∑¬∑¬∑¬∑¬∑¬∑¬∑¬∑¬∑¬∑¬∑¬∑¬∑¬∑¬∑¬∑¬∑¬∑¬∑¬∑¬∑
Admin UI E2E (chromium)	Run Playwright tests	2025-12-16T04:27:23.4816810Z ¬∑¬∑¬∑¬∑¬∑¬∑¬∑¬∑¬∑¬∑¬∑¬∑¬∑¬∑¬∑¬∑¬∑¬∑¬∑¬∑¬∑¬∑¬∑¬∑¬∑¬∑¬∑¬∑¬∑¬∑¬∑¬∑¬∑¬∑¬∞¬∑¬∑¬∑¬∑¬∑¬∑¬∑¬∑¬∑¬∑¬∑¬∑¬∑¬∑¬∑¬∑¬∑¬∑¬∑¬∑¬∑¬∑¬∑¬∑¬∑¬∑¬∑¬∑¬∑¬∑¬∑¬∑¬∑¬∑¬∑¬∑¬∑¬∑¬∑¬∑¬∑¬∑¬∑¬∑¬∑
Admin UI E2E (chromium)	Run Playwright tests	2025-12-16T04:30:50.8166665Z ¬∑¬∑¬∑¬∑¬∑¬∑¬∑¬∑¬∑¬∑¬∑¬∑¬∑¬∑¬∑¬∑¬∑¬∑¬∑¬∑¬∑¬∑¬∑¬∑¬∑¬∑¬∑¬∑¬∑¬∑¬∑¬∑¬∑¬∑¬∑¬∑¬∑¬∑¬∑¬∑¬∑¬∑¬∑¬∑¬∑¬∑¬∑¬∑¬∑¬∑¬∑¬∑¬∑¬∑¬∑¬∑¬∑¬∑¬∑¬∑¬∑¬∑¬∑¬∑¬∑¬∑¬∑¬∑¬∑¬∑¬∑¬∑¬∑¬∑¬∑¬∑¬∑¬∑¬∑¬∑
Admin UI E2E (chromium)	Run Playwright tests	2025-12-16T04:34:06.8292840Z ¬∑¬∑¬∑¬∑¬∑¬∑¬∑¬∑¬∑¬∑¬∑¬∑¬∑¬∑¬∑¬∑¬∑¬∑¬∑¬∑¬∑¬∑¬∑¬∑¬∑¬∑¬∑¬∑¬∑¬∑¬∑¬∑¬∑¬∑¬∑¬∑¬∑¬∑¬∑¬∑¬∑¬∑¬∑¬∑¬∑¬∑¬∑¬∑¬∑¬∑¬∑¬∑¬∑¬∑¬∑¬∑¬∑¬∑¬∑¬∑¬∑¬∑¬∑¬∑¬∑¬∑¬∑¬∑¬∑¬∑¬∑¬∑¬∑¬∑¬∑¬∑¬∑¬∑¬∑¬∑
Admin UI E2E (chromium)	Run Playwright tests	2025-12-16T04:36:38.4833400Z ¬∑¬∑¬∑¬∑¬∑¬∑¬∑¬∑¬∑¬∑¬∑¬∑¬∑¬∑¬∑¬∑¬∑¬∑¬∑¬∑¬∑¬∑¬∑¬∑¬∑¬∑¬∑¬∑¬∑¬∑¬∑¬∑¬∑¬∑¬∑¬∑¬∑¬∑¬∑¬∑¬∑¬∑¬∑¬∑¬∑¬∑¬∑¬∑¬∑¬∑¬∑¬∑T¬∞¬∞¬∞¬∞¬∞¬∞
Admin UI E2E (chromium)	Run Playwright tests	2025-12-16T04:36:38.4839050Z 
Admin UI E2E (chromium)	Run Playwright tests	2025-12-16T04:36:38.4852969Z   1) [chromium] ‚Ä∫ test/workflows/main.spec.ts:60:3 ‚Ä∫ Workflow CRUD ‚Ä∫ should create simple workflow from empty state 
Admin UI E2E (chromium)	Run Playwright tests	2025-12-16T04:36:38.4854257Z 
Admin UI E2E (chromium)	Run Playwright tests	2025-12-16T04:36:38.4855333Z     [31mTest timeout of 30000ms exceeded while running "beforeEach" hook.[39m
Admin UI E2E (chromium)	Run Playwright tests	2025-12-16T04:36:38.4856242Z 
Admin UI E2E (chromium)	Run Playwright tests	2025-12-16T04:36:38.4856858Z       69 |   test.afterAll(() => adminClient.deleteRealm(realmName));
Admin UI E2E (chromium)	Run Playwright tests	2025-12-16T04:36:38.4857820Z       70 |
Admin UI E2E (chromium)	Run Playwright tests	2025-12-16T04:36:38.4858539Z     > 71 |   test.beforeEach(async ({ page }) => {
Admin UI E2E (chromium)	Run Playwright tests	2025-12-16T04:36:38.4859353Z          |        ^
Admin UI E2E (chromium)	Run Playwright tests	2025-12-16T04:36:38.4860177Z       72 |     await login(page);
Admin UI E2E (chromium)	Run Playwright tests	2025-12-16T04:36:38.4860733Z       73 |     await goToRealm(page, realmName);
Admin UI E2E (chromium)	Run Playwright tests	2025-12-16T04:36:38.4861300Z       74 |     await goToWorkflows(page);
Admin UI E2E (chromium)	Run Playwright tests	2025-12-16T04:36:38.4862272Z         at /home/runner/work/keycloak/keycloak/js/apps/admin-ui/test/workflows/main.spec.ts:71:8
Admin UI E2E (chromium)	Run Playwright tests	2025-12-16T04:36:38.4862921Z 
Admin UI E2E (chromium)	Run Playwright tests	2025-12-16T04:36:38.4863244Z     Error: locator.click: Test timeout of 30000ms exceeded.
Admin UI E2E (chromium)	Run Playwright tests	2025-12-16T04:36:38.4863793Z     Call log:
Admin UI E2E (chromium)	Run Playwright tests	2025-12-16T04:36:38.4864442Z     [2m  - waiting for getByTestId('nav-item-workflows')[22m
Admin UI E2E (chromium)	Run Playwright tests	2025-12-16T04:36:38.4864868Z 
Admin UI E2E (chromium)	Run Playwright tests	2025-12-16T04:36:38.4864878Z 
Admin UI E2E (chromium)	Run Playwright tests	2025-12-16T04:36:38.4865038Z        at utils/sidebar.ts:65
Admin UI E2E (chromium)	Run Playwright tests	2025-12-16T04:36:38.4865315Z 
Admin UI E2E (chromium)	Run Playwright tests	2025-12-16T04:36:38.4865442Z       63 |
Admin UI E2E (chromium)	Run Playwright tests	2025-12-16T04:36:38.4865932Z       64 | export async function goToWorkflows(page: Page) {
Admin UI E2E (chromium)	Run Playwright tests	2025-12-16T04:36:38.4866662Z     > 65 |   await page.getByTestId("nav-item-workflows").click();
Admin UI E2E (chromium)	Run Playwright tests	2025-12-16T04:36:38.4867320Z          |                                                ^
Admin UI E2E (chromium)	Run Playwright tests	2025-12-16T04:36:38.4867773Z       66 | }
Admin UI E2E (chromium)	Run Playwright tests	2025-12-16T04:36:38.4868081Z       67 |
Admin UI E2E (chromium)	Run Playwright tests	2025-12-16T04:36:38.4868917Z         at goToWorkflows (/home/runner/work/keycloak/keycloak/js/apps/admin-ui/test/utils/sidebar.ts:65:48)
Admin UI E2E (chromium)	Run Playwright tests	2025-12-16T04:36:38.4870520Z         at /home/runner/work/keycloak/keycloak/js/apps/admin-ui/test/workflows/main.spec.ts:74:11
Admin UI E2E (chromium)	Run Playwright tests	2025-12-16T04:36:38.4870996Z 
Admin UI E2E (chromium)	Run Playwright tests	2025-12-16T04:36:38.4871581Z     Error Context: test-results/workflows-main-Workflow-CR-2d102-e-workflow-from-empty-state-chromium/error-context.md
Admin UI E2E (chromium)	Run Playwright tests	2025-12-16T04:36:38.4872204Z 
Admin UI E2E (chromium)	Run Playwright tests	2025-12-16T04:36:38.4872732Z     attachment #2: trace (application/zip) ‚îÄ‚îÄ‚îÄ‚îÄ‚îÄ‚îÄ‚îÄ‚îÄ‚îÄ‚îÄ‚îÄ‚îÄ‚îÄ‚îÄ‚îÄ‚îÄ‚îÄ‚îÄ‚îÄ‚îÄ‚îÄ‚îÄ‚îÄ‚îÄ‚îÄ‚îÄ‚îÄ‚îÄ‚îÄ‚îÄ‚îÄ‚îÄ‚îÄ‚îÄ‚îÄ‚îÄ‚îÄ‚îÄ‚îÄ‚îÄ‚îÄ‚îÄ‚îÄ‚îÄ‚îÄ‚îÄ‚îÄ‚îÄ‚îÄ‚îÄ‚îÄ‚îÄ‚îÄ‚îÄ‚îÄ‚îÄ‚îÄ
Admin UI E2E (chromium)	Run Playwright tests	2025-12-16T04:36:38.4873614Z     test-results/workflows-main-Workflow-CR-2d102-e-workflow-from-empty-state-chromium/trace.zip
Admin UI E2E (chromium)	Run Playwright tests	2025-12-16T04:36:38.4874588Z     Usage:
Admin UI E2E (chromium)	Run Playwright tests	2025-12-16T04:36:38.4874868Z 
Admin UI E2E (chromium)	Run Playwright tests	2025-12-16T04:36:38.4876057Z         pnpm exec playwright show-trace test-results/workflows-main-Workflow-CR-2d102-e-workflow-from-empty-state-chromium/trace.zip
Admin UI E2E (chromium)	Run Playwright tests	2025-12-16T04:36:38.4877249Z 
Admin UI E2E (chromium)	Run Playwright tests	2025-12-16T04:36:38.4878057Z     ‚îÄ‚îÄ‚îÄ‚îÄ‚îÄ‚îÄ‚îÄ‚îÄ‚îÄ‚îÄ‚îÄ‚îÄ‚îÄ‚îÄ‚îÄ‚îÄ‚îÄ‚îÄ‚îÄ‚îÄ‚îÄ‚îÄ‚îÄ‚îÄ‚îÄ‚îÄ‚îÄ‚îÄ‚îÄ‚îÄ‚îÄ‚îÄ‚îÄ‚îÄ‚îÄ‚îÄ‚îÄ‚îÄ‚îÄ‚îÄ‚îÄ‚îÄ‚îÄ‚îÄ‚îÄ‚îÄ‚îÄ‚îÄ‚îÄ‚îÄ‚îÄ‚îÄ‚îÄ‚îÄ‚îÄ‚îÄ‚îÄ‚îÄ‚îÄ‚îÄ‚îÄ‚îÄ‚îÄ‚îÄ‚îÄ‚îÄ‚îÄ‚îÄ‚îÄ‚îÄ‚îÄ‚îÄ‚îÄ‚îÄ‚îÄ‚îÄ‚îÄ‚îÄ‚îÄ‚îÄ‚îÄ‚îÄ‚îÄ‚îÄ‚îÄ‚îÄ‚îÄ‚îÄ‚îÄ‚îÄ‚îÄ‚îÄ‚îÄ‚îÄ‚îÄ‚îÄ
Admin UI E2E (chromium)	Run Playwright tests	2025-12-16T04:36:38.4878906Z 
Admin UI E2E (chromium)	Run Playwright tests	2025-12-16T04:36:38.4879086Z   1 failed
Admin UI E2E (chromium)	Run Playwright tests	2025-12-16T04:36:38.4880431Z     [chromium] ‚Ä∫ test/workflows/main.spec.ts:60:3 ‚Ä∫ Workflow CRUD ‚Ä∫ should create simple workflow from empty state 
Admin UI E2E (chromium)	Run Playwright tests	2025-12-16T04:36:38.4881196Z   1 skipped
Admin UI E2E (chromium)	Run Playwright tests	2025-12-16T04:36:38.4881483Z   6 did not run
Admin UI E2E (chromium)	Run Playwright tests	2025-12-16T04:36:38.4881792Z   371 passed (16.5m)
Admin UI E2E (chromium)	Run Playwright tests	2025-12-16T04:36:38.4918978Z ##[error]  1) [chromium] ‚Ä∫ test/workflows/main.spec.ts:60:3 ‚Ä∫ Workflow CRUD ‚Ä∫ should create simple workflow from empty state 
Admin UI E2E (chromium)	Run Playwright tests	    Test timeout of 30000ms exceeded while running "beforeEach" hook.
Admin UI E2E (chromium)	Run Playwright tests	
Admin UI E2E (chromium)	Run Playwright tests	      69 |   test.afterAll(() => adminClient.deleteRealm(realmName));
Admin UI E2E (chromium)	Run Playwright tests	      70 |
Admin UI E2E (chromium)	Run Playwright tests	    > 71 |   test.beforeEach(async ({ page }) => {
Admin UI E2E (chromium)	Run Playwright tests	         |        ^
Admin UI E2E (chromium)	Run Playwright tests	      72 |     await login(page);
Admin UI E2E (chromium)	Run Playwright tests	      73 |     await goToRealm(page, realmName);
Admin UI E2E (chromium)	Run Playwright tests	      74 |     await goToWorkflows(page);
Admin UI E2E (chromium)	Run Playwright tests	        at /home/runner/work/keycloak/keycloak/js/apps/admin-ui/test/workflows/main.spec.ts:71:8
Admin UI E2E (chromium)	Run Playwright tests	2025-12-16T04:36:38.4943287Z ##[error]  1) [chromium] ‚Ä∫ test/workflows/main.spec.ts:60:3 ‚Ä∫ Workflow CRUD ‚Ä∫ should create simple workflow from empty state 
Admin UI E2E (chromium)	Run Playwright tests	    Error: locator.click: Test timeout of 30000ms exceeded.
Admin UI E2E (chromium)	Run Playwright tests	    Call log:
Admin UI E2E (chromium)	Run Playwright tests	      - waiting for getByTestId('nav-item-workflows')
Admin UI E2E (chromium)	Run Playwright tests	
Admin UI E2E (chromium)	Run Playwright tests	
Admin UI E2E (chromium)	Run Playwright tests	       at utils/sidebar.ts:65
Admin UI E2E (chromium)	Run Playwright tests	
Admin UI E2E (chromium)	Run Playwright tests	      63 |
Admin UI E2E (chromium)	Run Playwright tests	      64 | export async function goToWorkflows(page: Page) {
Admin UI E2E (chromium)	Run Playwright tests	    > 65 |   await page.getByTestId("nav-item-workflows").click();
Admin UI E2E (chromium)	Run Playwright tests	         |                                                ^
Admin UI E2E (chromium)	Run Playwright tests	      66 | }
Admin UI E2E (chromium)	Run Playwright tests	      67 |
Admin UI E2E (chromium)	Run Playwright tests	        at goToWorkflows (/home/runner/work/keycloak/keycloak/js/apps/admin-ui/test/utils/sidebar.ts:65:48)
Admin UI E2E (chromium)	Run Playwright tests	        at /home/runner/work/keycloak/keycloak/js/apps/admin-ui/test/workflows/main.spec.ts:74:11
Admin UI E2E (chromium)	Run Playwright tests	2025-12-16T04:36:38.4952938Z ##[notice]  1 failed
Admin UI E2E (chromium)	Run Playwright tests	    [chromium] ‚Ä∫ test/workflows/main.spec.ts:60:3 ‚Ä∫ Workflow CRUD ‚Ä∫ should create simple workflow from empty state 
Admin UI E2E (chromium)	Run Playwright tests	  1 skipped
Admin UI E2E (chromium)	Run Playwright tests	  6 did not run
Admin UI E2E (chromium)	Run Playwright tests	  371 passed (16.5m)
Admin UI E2E (chromium)	Run Playwright tests	2025-12-16T04:36:38.7528589Z 
Admin UI E2E (chromium)	Run Playwright tests	2025-12-16T04:36:38.7530016Z ‚ùå [test:integration] exited with exit code 1.
Admin UI E2E (chromium)	Run Playwright tests	2025-12-16T04:36:38.7534453Z ‚ùå 1 script failed.
Admin UI E2E (chromium)	Run Playwright tests	2025-12-16T04:36:38.7762529Z /home/runner/work/keycloak/keycloak/js/apps/admin-ui:
Admin UI E2E (chromium)	Run Playwright tests	2025-12-16T04:36:38.7764746Z ‚ÄâERR_PNPM_RECURSIVE_RUN_FIRST_FAIL‚Äâ @keycloak/keycloak-admin-ui@999.0.0-SNAPSHOT test:integration: `wireit -- --project=chromium`
Admin UI E2E (chromium)	Run Playwright tests	2025-12-16T04:36:38.7765440Z Exit status 1
Admin UI E2E (chromium)	Run Playwright tests	2025-12-16T04:36:38.8005911Z ##[error]Process completed with exit code 1.
Admin UI E2E (firefox)	Run Playwright tests	Ôªø2025-12-16T04:20:02.1555981Z ##[group]Run pnpm --fail-if-no-match --filter @keycloak/keycloak-admin-ui test:integration -- --project=firefox
Admin UI E2E (firefox)	Run Playwright tests	2025-12-16T04:20:02.1557306Z [36;1mpnpm --fail-if-no-match --filter @keycloak/keycloak-admin-ui test:integration -- --project=firefox[0m
Admin UI E2E (firefox)	Run Playwright tests	2025-12-16T04:20:02.1605112Z shell: /usr/bin/bash --noprofile --norc -e -o pipefail {0}
Admin UI E2E (firefox)	Run Playwright tests	2025-12-16T04:20:02.1605678Z env:
Admin UI E2E (firefox)	Run Playwright tests	2025-12-16T04:20:02.1606147Z   MAVEN_ARGS: -B -nsu -Daether.connector.http.connectionMaxTtl=25
Admin UI E2E (firefox)	Run Playwright tests	2025-12-16T04:20:02.1606781Z   WORKSPACE: @keycloak/keycloak-admin-ui
Admin UI E2E (firefox)	Run Playwright tests	2025-12-16T04:20:02.1607240Z   RETRY_COUNT: 3
Admin UI E2E (firefox)	Run Playwright tests	2025-12-16T04:20:02.1607778Z   JAVA_HOME: /opt/hostedtoolcache/Java_Temurin-Hotspot_jdk/21.0.9-10/x64
Admin UI E2E (firefox)	Run Playwright tests	2025-12-16T04:20:02.1608606Z   JAVA_HOME_21_X64: /opt/hostedtoolcache/Java_Temurin-Hotspot_jdk/21.0.9-10/x64
Admin UI E2E (firefox)	Run Playwright tests	2025-12-16T04:20:02.1609256Z ##[endgroup]
Admin UI E2E (firefox)	Run Playwright tests	2025-12-16T04:20:02.4778147Z 
Admin UI E2E (firefox)	Run Playwright tests	2025-12-16T04:20:02.4779293Z > @keycloak/keycloak-admin-ui@999.0.0-SNAPSHOT test:integration /home/runner/work/keycloak/keycloak/js/apps/admin-ui
Admin UI E2E (firefox)	Run Playwright tests	2025-12-16T04:20:02.4780577Z > wireit -- --project=firefox
Admin UI E2E (firefox)	Run Playwright tests	2025-12-16T04:20:02.4780765Z 
Admin UI E2E (firefox)	Run Playwright tests	2025-12-16T04:20:02.5778757Z Analyzing
Admin UI E2E (firefox)	Run Playwright tests	2025-12-16T04:20:03.5789818Z   0% [0 / 2] [1 running] ../../libs/keycloak-admin-client:build
Admin UI E2E (firefox)	Run Playwright tests	2025-12-16T04:20:04.2246132Z (node:5865) [DEP0190] DeprecationWarning: Passing args to a child process with shell option true can lead to security vulnerabilities, as the arguments are not escaped, only concatenated.
Admin UI E2E (firefox)	Run Playwright tests	2025-12-16T04:20:04.2247759Z (Use `node --trace-deprecation ...` to show where the warning was created)
Admin UI E2E (firefox)	Run Playwright tests	2025-12-16T04:20:04.5791602Z  50% [1 / 2] [1 running] test:integration
Admin UI E2E (firefox)	Run Playwright tests	2025-12-16T04:20:06.8252149Z 
Admin UI E2E (firefox)	Run Playwright tests	2025-12-16T04:20:06.8252910Z Running 379 tests using 1 worker
Admin UI E2E (firefox)	Run Playwright tests	2025-12-16T04:24:41.7569872Z ¬∑¬∑¬∑¬∑¬∑¬∑¬∑¬∑¬∑¬∑¬∑¬∑¬∑¬∑¬∑¬∑¬∑¬∑¬∑¬∑¬∑¬∑¬∑¬∑¬∑¬∑¬∑¬∑¬∑¬∑¬∑¬∑¬∑¬∑¬∑¬∑¬∑¬∑¬∑¬∑¬∑¬∑¬∑¬∑¬∑¬∑¬∑¬∑¬∑¬∑¬∑¬∑¬∑¬∑¬∑¬∑¬∑¬∑¬∑¬∑¬∑¬∑¬∑¬∑¬∑¬∑¬∑¬∑¬∑¬∑¬∑¬∑¬∑¬∑¬∑¬∑¬∑¬∑¬∑¬∞
Admin UI E2E (firefox)	Run Playwright tests	2025-12-16T04:28:26.8597870Z ¬∑¬∑¬∑¬∑¬∑¬∑¬∑¬∑¬∞¬∑¬∑¬∑¬∑¬∑¬∑¬∑¬∑¬∑¬∑¬∑¬∑¬∑¬∑¬∑¬∑¬∑¬∑¬∑¬∑¬∑¬∑¬∑¬∑¬∑¬∞¬∑¬∑¬∑¬∑¬∑¬∑¬∑¬∑¬∑¬∑¬∑¬∑¬∑¬∑¬∑¬∑¬∑¬∑¬∑¬∑¬∑¬∑¬∑¬∑¬∑¬∑¬∑¬∑¬∑¬∑¬∑¬∑¬∑¬∑¬∑¬∑¬∑¬∑¬∑¬∑¬∑¬∑¬∑¬∑¬∑
Admin UI E2E (firefox)	Run Playwright tests	2025-12-16T04:32:34.3014953Z ¬∑¬∑¬∑¬∑¬∑¬∑¬∑¬∑¬∑¬∑¬∑¬∑¬∑¬∑¬∑¬∑¬∑¬∑¬∑¬∑¬∑¬∑¬∑¬∑¬∑¬∑¬∑¬∑¬∑¬∑¬∑¬∑¬∑¬∑¬∑¬∑¬∑¬∑¬∑¬∑¬∑¬∑¬∑¬∑¬∑¬∑¬∑¬∑¬∑¬∑¬∑¬∑¬∑¬∑¬∑¬∑¬∑¬∑¬∑¬∑¬∑¬∑¬∑¬∑¬∑¬∑¬∑¬∑¬∑¬∑¬∑¬∑¬∑¬∑¬∑¬∑¬∑¬∑¬∑¬∑
Admin UI E2E (firefox)	Run Playwright tests	2025-12-16T04:36:36.6842157Z ¬∑¬∑¬∑¬∑¬∑¬∑¬∑¬∑¬∑¬∑¬∑¬∑¬∑¬∑¬∑¬∑¬∑¬∑¬∑¬∑¬∑¬∑¬∑¬∑¬∑¬∑¬∑¬∑¬∑¬∑¬∑¬∑¬∑¬∑¬∑¬∑¬∑¬∑¬∑¬∑¬∑¬∑¬∑¬∑¬∑¬∑¬∑¬∑¬∑¬∑¬∑¬∑¬∑¬∑¬∑¬∑¬∑¬∑¬∑¬∑¬∑¬∑¬∑¬∑¬∑¬∑¬∑¬∑¬∑¬∑¬∑¬∑¬∑¬∑¬∑¬∑¬∑¬∑¬∑¬∑
Admin UI E2E (firefox)	Run Playwright tests	2025-12-16T04:39:40.6352853Z ¬∑¬∑¬∑¬∑¬∑¬∑¬∑¬∑¬∑¬∑¬∑¬∑¬∑¬∑¬∑¬∑¬∑¬∑¬∑¬∑¬∑¬∑¬∑¬∑¬∑¬∑¬∑¬∑¬∑¬∑¬∑¬∑¬∑¬∑¬∑¬∑¬∑¬∑¬∑¬∑¬∑¬∑¬∑¬∑¬∑¬∑¬∑¬∑¬∑¬∑¬∑¬∑T¬∞¬∞¬∞¬∞¬∞¬∞
Admin UI E2E (firefox)	Run Playwright tests	2025-12-16T04:39:40.6358325Z 
Admin UI E2E (firefox)	Run Playwright tests	2025-12-16T04:39:40.6391756Z   1) [firefox] ‚Ä∫ test/workflows/main.spec.ts:60:3 ‚Ä∫ Workflow CRUD ‚Ä∫ should create simple workflow from empty state 
Admin UI E2E (firefox)	Run Playwright tests	2025-12-16T04:39:40.6392472Z 
Admin UI E2E (firefox)	Run Playwright tests	2025-12-16T04:39:40.6392967Z     [31mTest timeout of 30000ms exceeded while running "beforeEach" hook.[39m
Admin UI E2E (firefox)	Run Playwright tests	2025-12-16T04:39:40.6393391Z 
Admin UI E2E (firefox)	Run Playwright tests	2025-12-16T04:39:40.6393693Z       69 |   test.afterAll(() => adminClient.deleteRealm(realmName));
Admin UI E2E (firefox)	Run Playwright tests	2025-12-16T04:39:40.6394073Z       70 |
Admin UI E2E (firefox)	Run Playwright tests	2025-12-16T04:39:40.6394329Z     > 71 |   test.beforeEach(async ({ page }) => {
Admin UI E2E (firefox)	Run Playwright tests	2025-12-16T04:39:40.6394614Z          |        ^
Admin UI E2E (firefox)	Run Playwright tests	2025-12-16T04:39:40.6394850Z       72 |     await login(page);
Admin UI E2E (firefox)	Run Playwright tests	2025-12-16T04:39:40.6395162Z       73 |     await goToRealm(page, realmName);
Admin UI E2E (firefox)	Run Playwright tests	2025-12-16T04:39:40.6395475Z       74 |     await goToWorkflows(page);
Admin UI E2E (firefox)	Run Playwright tests	2025-12-16T04:39:40.6396017Z         at /home/runner/work/keycloak/keycloak/js/apps/admin-ui/test/workflows/main.spec.ts:71:8
Admin UI E2E (firefox)	Run Playwright tests	2025-12-16T04:39:40.6396389Z 
Admin UI E2E (firefox)	Run Playwright tests	2025-12-16T04:39:40.6396565Z     Error: locator.click: Test timeout of 30000ms exceeded.
Admin UI E2E (firefox)	Run Playwright tests	2025-12-16T04:39:40.6396862Z     Call log:
Admin UI E2E (firefox)	Run Playwright tests	2025-12-16T04:39:40.6397208Z     [2m  - waiting for getByTestId('nav-item-workflows')[22m
Admin UI E2E (firefox)	Run Playwright tests	2025-12-16T04:39:40.6397439Z 
Admin UI E2E (firefox)	Run Playwright tests	2025-12-16T04:39:40.6397446Z 
Admin UI E2E (firefox)	Run Playwright tests	2025-12-16T04:39:40.6397542Z        at utils/sidebar.ts:65
Admin UI E2E (firefox)	Run Playwright tests	2025-12-16T04:39:40.6397688Z 
Admin UI E2E (firefox)	Run Playwright tests	2025-12-16T04:39:40.6397763Z       63 |
Admin UI E2E (firefox)	Run Playwright tests	2025-12-16T04:39:40.6398028Z       64 | export async function goToWorkflows(page: Page) {
Admin UI E2E (firefox)	Run Playwright tests	2025-12-16T04:39:40.6398421Z     > 65 |   await page.getByTestId("nav-item-workflows").click();
Admin UI E2E (firefox)	Run Playwright tests	2025-12-16T04:39:40.6398766Z          |                                                ^
Admin UI E2E (firefox)	Run Playwright tests	2025-12-16T04:39:40.6399010Z       66 | }
Admin UI E2E (firefox)	Run Playwright tests	2025-12-16T04:39:40.6399176Z       67 |
Admin UI E2E (firefox)	Run Playwright tests	2025-12-16T04:39:40.6399851Z         at goToWorkflows (/home/runner/work/keycloak/keycloak/js/apps/admin-ui/test/utils/sidebar.ts:65:48)
Admin UI E2E (firefox)	Run Playwright tests	2025-12-16T04:39:40.6400968Z         at /home/runner/work/keycloak/keycloak/js/apps/admin-ui/test/workflows/main.spec.ts:74:11
Admin UI E2E (firefox)	Run Playwright tests	2025-12-16T04:39:40.6401316Z 
Admin UI E2E (firefox)	Run Playwright tests	2025-12-16T04:39:40.6401753Z     Error Context: test-results/workflows-main-Workflow-CR-2d102-e-workflow-from-empty-state-firefox/error-context.md
Admin UI E2E (firefox)	Run Playwright tests	2025-12-16T04:39:40.6402207Z 
Admin UI E2E (firefox)	Run Playwright tests	2025-12-16T04:39:40.6402612Z     attachment #2: trace (application/zip) ‚îÄ‚îÄ‚îÄ‚îÄ‚îÄ‚îÄ‚îÄ‚îÄ‚îÄ‚îÄ‚îÄ‚îÄ‚îÄ‚îÄ‚îÄ‚îÄ‚îÄ‚îÄ‚îÄ‚îÄ‚îÄ‚îÄ‚îÄ‚îÄ‚îÄ‚îÄ‚îÄ‚îÄ‚îÄ‚îÄ‚îÄ‚îÄ‚îÄ‚îÄ‚îÄ‚îÄ‚îÄ‚îÄ‚îÄ‚îÄ‚îÄ‚îÄ‚îÄ‚îÄ‚îÄ‚îÄ‚îÄ‚îÄ‚îÄ‚îÄ‚îÄ‚îÄ‚îÄ‚îÄ‚îÄ‚îÄ‚îÄ
Admin UI E2E (firefox)	Run Playwright tests	2025-12-16T04:39:40.6403257Z     test-results/workflows-main-Workflow-CR-2d102-e-workflow-from-empty-state-firefox/trace.zip
Admin UI E2E (firefox)	Run Playwright tests	2025-12-16T04:39:40.6403698Z     Usage:
Admin UI E2E (firefox)	Run Playwright tests	2025-12-16T04:39:40.6403793Z 
Admin UI E2E (firefox)	Run Playwright tests	2025-12-16T04:39:40.6404263Z         pnpm exec playwright show-trace test-results/workflows-main-Workflow-CR-2d102-e-workflow-from-empty-state-firefox/trace.zip
Admin UI E2E (firefox)	Run Playwright tests	2025-12-16T04:39:40.6404740Z 
Admin UI E2E (firefox)	Run Playwright tests	2025-12-16T04:39:40.6405050Z     ‚îÄ‚îÄ‚îÄ‚îÄ‚îÄ‚îÄ‚îÄ‚îÄ‚îÄ‚îÄ‚îÄ‚îÄ‚îÄ‚îÄ‚îÄ‚îÄ‚îÄ‚îÄ‚îÄ‚îÄ‚îÄ‚îÄ‚îÄ‚îÄ‚îÄ‚îÄ‚îÄ‚îÄ‚îÄ‚îÄ‚îÄ‚îÄ‚îÄ‚îÄ‚îÄ‚îÄ‚îÄ‚îÄ‚îÄ‚îÄ‚îÄ‚îÄ‚îÄ‚îÄ‚îÄ‚îÄ‚îÄ‚îÄ‚îÄ‚îÄ‚îÄ‚îÄ‚îÄ‚îÄ‚îÄ‚îÄ‚îÄ‚îÄ‚îÄ‚îÄ‚îÄ‚îÄ‚îÄ‚îÄ‚îÄ‚îÄ‚îÄ‚îÄ‚îÄ‚îÄ‚îÄ‚îÄ‚îÄ‚îÄ‚îÄ‚îÄ‚îÄ‚îÄ‚îÄ‚îÄ‚îÄ‚îÄ‚îÄ‚îÄ‚îÄ‚îÄ‚îÄ‚îÄ‚îÄ‚îÄ‚îÄ‚îÄ‚îÄ‚îÄ‚îÄ‚îÄ
Admin UI E2E (firefox)	Run Playwright tests	2025-12-16T04:39:40.6405590Z 
Admin UI E2E (firefox)	Run Playwright tests	2025-12-16T04:39:40.6405728Z   1 failed
Admin UI E2E (firefox)	Run Playwright tests	2025-12-16T04:39:40.6406565Z     [firefox] ‚Ä∫ test/workflows/main.spec.ts:60:3 ‚Ä∫ Workflow CRUD ‚Ä∫ should create simple workflow from empty state 
Admin UI E2E (firefox)	Run Playwright tests	2025-12-16T04:39:40.6407041Z   3 skipped
Admin UI E2E (firefox)	Run Playwright tests	2025-12-16T04:39:40.6407222Z   6 did not run
Admin UI E2E (firefox)	Run Playwright tests	2025-12-16T04:39:40.6407419Z   369 passed (19.6m)
Admin UI E2E (firefox)	Run Playwright tests	2025-12-16T04:39:40.6431910Z ##[error]  1) [firefox] ‚Ä∫ test/workflows/main.spec.ts:60:3 ‚Ä∫ Workflow CRUD ‚Ä∫ should create simple workflow from empty state 
Admin UI E2E (firefox)	Run Playwright tests	    Test timeout of 30000ms exceeded while running "beforeEach" hook.
Admin UI E2E (firefox)	Run Playwright tests	
Admin UI E2E (firefox)	Run Playwright tests	      69 |   test.afterAll(() => adminClient.deleteRealm(realmName));
Admin UI E2E (firefox)	Run Playwright tests	      70 |
Admin UI E2E (firefox)	Run Playwright tests	    > 71 |   test.beforeEach(async ({ page }) => {
Admin UI E2E (firefox)	Run Playwright tests	         |        ^
Admin UI E2E (firefox)	Run Playwright tests	      72 |     await login(page);
Admin UI E2E (firefox)	Run Playwright tests	      73 |     await goToRealm(page, realmName);
Admin UI E2E (firefox)	Run Playwright tests	      74 |     await goToWorkflows(page);
Admin UI E2E (firefox)	Run Playwright tests	        at /home/runner/work/keycloak/keycloak/js/apps/admin-ui/test/workflows/main.spec.ts:71:8
Admin UI E2E (firefox)	Run Playwright tests	2025-12-16T04:39:40.6445102Z ##[error]  1) [firefox] ‚Ä∫ test/workflows/main.spec.ts:60:3 ‚Ä∫ Workflow CRUD ‚Ä∫ should create simple workflow from empty state 
Admin UI E2E (firefox)	Run Playwright tests	    Error: locator.click: Test timeout of 30000ms exceeded.
Admin UI E2E (firefox)	Run Playwright tests	    Call log:
Admin UI E2E (firefox)	Run Playwright tests	      - waiting for getByTestId('nav-item-workflows')
Admin UI E2E (firefox)	Run Playwright tests	
Admin UI E2E (firefox)	Run Playwright tests	
Admin UI E2E (firefox)	Run Playwright tests	       at utils/sidebar.ts:65
Admin UI E2E (firefox)	Run Playwright tests	
Admin UI E2E (firefox)	Run Playwright tests	      63 |
Admin UI E2E (firefox)	Run Playwright tests	      64 | export async function goToWorkflows(page: Page) {
Admin UI E2E (firefox)	Run Playwright tests	    > 65 |   await page.getByTestId("nav-item-workflows").click();
Admin UI E2E (firefox)	Run Playwright tests	         |                                                ^
Admin UI E2E (firefox)	Run Playwright tests	      66 | }
Admin UI E2E (firefox)	Run Playwright tests	      67 |
Admin UI E2E (firefox)	Run Playwright tests	        at goToWorkflows (/home/runner/work/keycloak/keycloak/js/apps/admin-ui/test/utils/sidebar.ts:65:48)
Admin UI E2E (firefox)	Run Playwright tests	        at /home/runner/work/keycloak/keycloak/js/apps/admin-ui/test/workflows/main.spec.ts:74:11
Admin UI E2E (firefox)	Run Playwright tests	2025-12-16T04:39:40.6451076Z ##[notice]  1 failed
Admin UI E2E (firefox)	Run Playwright tests	    [firefox] ‚Ä∫ test/workflows/main.spec.ts:60:3 ‚Ä∫ Workflow CRUD ‚Ä∫ should create simple workflow from empty state 
Admin UI E2E (firefox)	Run Playwright tests	  3 skipped
Admin UI E2E (firefox)	Run Playwright tests	  6 did not run
Admin UI E2E (firefox)	Run Playwright tests	  369 passed (19.6m)
Admin UI E2E (firefox)	Run Playwright tests	2025-12-16T04:39:40.8982391Z 
Admin UI E2E (firefox)	Run Playwright tests	2025-12-16T04:39:40.8983304Z ‚ùå [test:integration] exited with exit code 1.
Admin UI E2E (firefox)	Run Playwright tests	2025-12-16T04:39:40.8987379Z ‚ùå 1 script failed.
Admin UI E2E (firefox)	Run Playwright tests	2025-12-16T04:39:40.9203086Z /home/runner/work/keycloak/keycloak/js/apps/admin-ui:
Admin UI E2E (firefox)	Run Playwright tests	2025-12-16T04:39:40.9204791Z ‚ÄâERR_PNPM_RECURSIVE_RUN_FIRST_FAIL‚Äâ @keycloak/keycloak-admin-ui@999.0.0-SNAPSHOT test:integration: `wireit -- --project=firefox`
Admin UI E2E (firefox)	Run Playwright tests	2025-12-16T04:39:40.9205406Z Exit status 1
Admin UI E2E (firefox)	Run Playwright tests	2025-12-16T04:39:40.9403546Z ##[error]Process completed with exit code 1.
Status Check - Keycloak JavaScript CI	Run /./.github/actions/status-check	Ôªø2025-12-16T04:39:51.8932943Z Prepare all required actions
Status Check - Keycloak JavaScript CI	Run /./.github/actions/status-check	2025-12-16T04:39:51.8995845Z ##[group]Run ./.github/actions/status-check
Status Check - Keycloak JavaScript CI	Run /./.github/actions/status-check	2025-12-16T04:39:51.8996183Z with:
Status Check - Keycloak JavaScript CI	Run /./.github/actions/status-check	2025-12-16T04:39:51.8997512Z   jobs: {
Status Check - Keycloak JavaScript CI	Run /./.github/actions/status-check	  "conditional": {
Status Check - Keycloak JavaScript CI	Run /./.github/actions/status-check	    "result": "success",
Status Check - Keycloak JavaScript CI	Run /./.github/actions/status-check	    "outputs": {
Status Check - Keycloak JavaScript CI	Run /./.github/actions/status-check	      "js-ci": "true"
Status Check - Keycloak JavaScript CI	Run /./.github/actions/status-check	    }
Status Check - Keycloak JavaScript CI	Run /./.github/actions/status-check	  },
Status Check - Keycloak JavaScript CI	Run /./.github/actions/status-check	  "build-keycloak": {
Status Check - Keycloak JavaScript CI	Run /./.github/actions/status-check	    "result": "success",
Status Check - Keycloak JavaScript CI	Run /./.github/actions/status-check	    "outputs": {}
Status Check - Keycloak JavaScript CI	Run /./.github/actions/status-check	  },
Status Check - Keycloak JavaScript CI	Run /./.github/actions/status-check	  "admin-client": {
Status Check - Keycloak JavaScript CI	Run /./.github/actions/status-check	    "result": "success",
Status Check - Keycloak JavaScript CI	Run /./.github/actions/status-check	    "outputs": {}
Status Check - Keycloak JavaScript CI	Run /./.github/actions/status-check	  },
Status Check - Keycloak JavaScript CI	Run /./.github/actions/status-check	  "ui-shared": {
Status Check - Keycloak JavaScript CI	Run /./.github/actions/status-check	    "result": "success",
Status Check - Keycloak JavaScript CI	Run /./.github/actions/status-check	    "outputs": {}
Status Check - Keycloak JavaScript CI	Run /./.github/actions/status-check	  },
Status Check - Keycloak JavaScript CI	Run /./.github/actions/status-check	  "account-ui": {
Status Check - Keycloak JavaScript CI	Run /./.github/actions/status-check	    "result": "success",
Status Check - Keycloak JavaScript CI	Run /./.github/actions/status-check	    "outputs": {}
Status Check - Keycloak JavaScript CI	Run /./.github/actions/status-check	  },
Status Check - Keycloak JavaScript CI	Run /./.github/actions/status-check	  "account-ui-e2e": {
Status Check - Keycloak JavaScript CI	Run /./.github/actions/status-check	    "result": "success",
Status Check - Keycloak JavaScript CI	Run /./.github/actions/status-check	    "outputs": {}
Status Check - Keycloak JavaScript CI	Run /./.github/actions/status-check	  },
Status Check - Keycloak JavaScript CI	Run /./.github/actions/status-check	  "admin-ui": {
Status Check - Keycloak JavaScript CI	Run /./.github/actions/status-check	    "result": "success",
Status Check - Keycloak JavaScript CI	Run /./.github/actions/status-check	    "outputs": {}
Status Check - Keycloak JavaScript CI	Run /./.github/actions/status-check	  },
Status Check - Keycloak JavaScript CI	Run /./.github/actions/status-check	  "admin-ui-e2e": {
Status Check - Keycloak JavaScript CI	Run /./.github/actions/status-check	    "result": "failure",
Status Check - Keycloak JavaScript CI	Run /./.github/actions/status-check	    "outputs": {}
Status Check - Keycloak JavaScript CI	Run /./.github/actions/status-check	  },
Status Check - Keycloak JavaScript CI	Run /./.github/actions/status-check	  "keycloak-admin-client": {
Status Check - Keycloak JavaScript CI	Run /./.github/actions/status-check	    "result": "success",
Status Check - Keycloak JavaScript CI	Run /./.github/actions/status-check	    "outputs": {}
Status Check - Keycloak JavaScript CI	Run /./.github/actions/status-check	  }
Status Check - Keycloak JavaScript CI	Run /./.github/actions/status-check	}
Status Check - Keycloak JavaScript CI	Run /./.github/actions/status-check	2025-12-16T04:39:51.8999145Z env:
Status Check - Keycloak JavaScript CI	Run /./.github/actions/status-check	2025-12-16T04:39:51.8999436Z   MAVEN_ARGS: -B -nsu -Daether.connector.http.connectionMaxTtl=25
Status Check - Keycloak JavaScript CI	Run /./.github/actions/status-check	2025-12-16T04:39:51.8999796Z ##[endgroup]
Status Check - Keycloak JavaScript CI	Run /./.github/actions/status-check	2025-12-16T04:39:51.9093061Z ##[group]Run JOBS='{
Status Check - Keycloak JavaScript CI	Run /./.github/actions/status-check	2025-12-16T04:39:51.9093498Z [36;1mJOBS='{[0m
Status Check - Keycloak JavaScript CI	Run /./.github/actions/status-check	2025-12-16T04:39:51.9093763Z [36;1m  "conditional": {[0m
Status Check - Keycloak JavaScript CI	Run /./.github/actions/status-check	2025-12-16T04:39:51.9094032Z [36;1m    "result": "success",[0m
Status Check - Keycloak JavaScript CI	Run /./.github/actions/status-check	2025-12-16T04:39:51.9094312Z [36;1m    "outputs": {[0m
Status Check - Keycloak JavaScript CI	Run /./.github/actions/status-check	2025-12-16T04:39:51.9094568Z [36;1m      "js-ci": "true"[0m
Status Check - Keycloak JavaScript CI	Run /./.github/actions/status-check	2025-12-16T04:39:51.9094813Z [36;1m    }[0m
Status Check - Keycloak JavaScript CI	Run /./.github/actions/status-check	2025-12-16T04:39:51.9095014Z [36;1m  },[0m
Status Check - Keycloak JavaScript CI	Run /./.github/actions/status-check	2025-12-16T04:39:51.9095245Z [36;1m  "build-keycloak": {[0m
Status Check - Keycloak JavaScript CI	Run /./.github/actions/status-check	2025-12-16T04:39:51.9095516Z [36;1m    "result": "success",[0m
Status Check - Keycloak JavaScript CI	Run /./.github/actions/status-check	2025-12-16T04:39:51.9095781Z [36;1m    "outputs": {}[0m
Status Check - Keycloak JavaScript CI	Run /./.github/actions/status-check	2025-12-16T04:39:51.9096012Z [36;1m  },[0m
Status Check - Keycloak JavaScript CI	Run /./.github/actions/status-check	2025-12-16T04:39:51.9096227Z [36;1m  "admin-client": {[0m
Status Check - Keycloak JavaScript CI	Run /./.github/actions/status-check	2025-12-16T04:39:51.9096474Z [36;1m    "result": "success",[0m
Status Check - Keycloak JavaScript CI	Run /./.github/actions/status-check	2025-12-16T04:39:51.9096734Z [36;1m    "outputs": {}[0m
Status Check - Keycloak JavaScript CI	Run /./.github/actions/status-check	2025-12-16T04:39:51.9096974Z [36;1m  },[0m
Status Check - Keycloak JavaScript CI	Run /./.github/actions/status-check	2025-12-16T04:39:51.9097174Z [36;1m  "ui-shared": {[0m
Status Check - Keycloak JavaScript CI	Run /./.github/actions/status-check	2025-12-16T04:39:51.9097415Z [36;1m    "result": "success",[0m
Status Check - Keycloak JavaScript CI	Run /./.github/actions/status-check	2025-12-16T04:39:51.9097668Z [36;1m    "outputs": {}[0m
Status Check - Keycloak JavaScript CI	Run /./.github/actions/status-check	2025-12-16T04:39:51.9097906Z [36;1m  },[0m
Status Check - Keycloak JavaScript CI	Run /./.github/actions/status-check	2025-12-16T04:39:51.9098111Z [36;1m  "account-ui": {[0m
Status Check - Keycloak JavaScript CI	Run /./.github/actions/status-check	2025-12-16T04:39:51.9098354Z [36;1m    "result": "success",[0m
Status Check - Keycloak JavaScript CI	Run /./.github/actions/status-check	2025-12-16T04:39:51.9098600Z [36;1m    "outputs": {}[0m
Status Check - Keycloak JavaScript CI	Run /./.github/actions/status-check	2025-12-16T04:39:51.9098831Z [36;1m  },[0m
Status Check - Keycloak JavaScript CI	Run /./.github/actions/status-check	2025-12-16T04:39:51.9099043Z [36;1m  "account-ui-e2e": {[0m
Status Check - Keycloak JavaScript CI	Run /./.github/actions/status-check	2025-12-16T04:39:51.9099292Z [36;1m    "result": "success",[0m
Status Check - Keycloak JavaScript CI	Run /./.github/actions/status-check	2025-12-16T04:39:51.9099543Z [36;1m    "outputs": {}[0m
Status Check - Keycloak JavaScript CI	Run /./.github/actions/status-check	2025-12-16T04:39:51.9099765Z [36;1m  },[0m
Status Check - Keycloak JavaScript CI	Run /./.github/actions/status-check	2025-12-16T04:39:51.9099968Z [36;1m  "admin-ui": {[0m
Status Check - Keycloak JavaScript CI	Run /./.github/actions/status-check	2025-12-16T04:39:51.9100197Z [36;1m    "result": "success",[0m
Status Check - Keycloak JavaScript CI	Run /./.github/actions/status-check	2025-12-16T04:39:51.9100443Z [36;1m    "outputs": {}[0m
Status Check - Keycloak JavaScript CI	Run /./.github/actions/status-check	2025-12-16T04:39:51.9100660Z [36;1m  },[0m
Status Check - Keycloak JavaScript CI	Run /./.github/actions/status-check	2025-12-16T04:39:51.9100867Z [36;1m  "admin-ui-e2e": {[0m
Status Check - Keycloak JavaScript CI	Run /./.github/actions/status-check	2025-12-16T04:39:51.9101108Z [36;1m    "result": "failure",[0m
Status Check - Keycloak JavaScript CI	Run /./.github/actions/status-check	2025-12-16T04:39:51.9101495Z [36;1m    "outputs": {}[0m
Status Check - Keycloak JavaScript CI	Run /./.github/actions/status-check	2025-12-16T04:39:51.9101719Z [36;1m  },[0m
Status Check - Keycloak JavaScript CI	Run /./.github/actions/status-check	2025-12-16T04:39:51.9101937Z [36;1m  "keycloak-admin-client": {[0m
Status Check - Keycloak JavaScript CI	Run /./.github/actions/status-check	2025-12-16T04:39:51.9102221Z [36;1m    "result": "success",[0m
Status Check - Keycloak JavaScript CI	Run /./.github/actions/status-check	2025-12-16T04:39:51.9102461Z [36;1m    "outputs": {}[0m
Status Check - Keycloak JavaScript CI	Run /./.github/actions/status-check	2025-12-16T04:39:51.9102687Z [36;1m  }[0m
Status Check - Keycloak JavaScript CI	Run /./.github/actions/status-check	2025-12-16T04:39:51.9102876Z [36;1m}'[0m
Status Check - Keycloak JavaScript CI	Run /./.github/actions/status-check	2025-12-16T04:39:51.9103074Z [36;1m[0m
Status Check - Keycloak JavaScript CI	Run /./.github/actions/status-check	2025-12-16T04:39:51.9103271Z [36;1mecho "Job status:"[0m
Status Check - Keycloak JavaScript CI	Run /./.github/actions/status-check	2025-12-16T04:39:51.9103631Z [36;1mecho $JOBS | jq -r 'to_entries[] | " - \(.key): \(.value.result)"'[0m
Status Check - Keycloak JavaScript CI	Run /./.github/actions/status-check	2025-12-16T04:39:51.9103985Z [36;1m[0m
Status Check - Keycloak JavaScript CI	Run /./.github/actions/status-check	2025-12-16T04:39:51.9104266Z [36;1mfor i in $(echo $JOBS | jq -r 'to_entries[] | .value.result'); do[0m
Status Check - Keycloak JavaScript CI	Run /./.github/actions/status-check	2025-12-16T04:39:51.9104659Z [36;1m  if [ "$i" != "success" ] && [ "$i" != "skipped" ]; then[0m
Status Check - Keycloak JavaScript CI	Run /./.github/actions/status-check	2025-12-16T04:39:51.9104959Z [36;1m    echo ""[0m
Status Check - Keycloak JavaScript CI	Run /./.github/actions/status-check	2025-12-16T04:39:51.9105201Z [36;1m    echo "Status check not okay!"[0m
Status Check - Keycloak JavaScript CI	Run /./.github/actions/status-check	2025-12-16T04:39:51.9105473Z [36;1m    exit 1[0m
Status Check - Keycloak JavaScript CI	Run /./.github/actions/status-check	2025-12-16T04:39:51.9105684Z [36;1m  fi[0m
Status Check - Keycloak JavaScript CI	Run /./.github/actions/status-check	2025-12-16T04:39:51.9105877Z [36;1mdone[0m
Status Check - Keycloak JavaScript CI	Run /./.github/actions/status-check	2025-12-16T04:39:51.9143211Z shell: /usr/bin/bash --noprofile --norc -e -o pipefail {0}
Status Check - Keycloak JavaScript CI	Run /./.github/actions/status-check	2025-12-16T04:39:51.9143907Z env:
Status Check - Keycloak JavaScript CI	Run /./.github/actions/status-check	2025-12-16T04:39:51.9144220Z   MAVEN_ARGS: -B -nsu -Daether.connector.http.connectionMaxTtl=25
Status Check - Keycloak JavaScript CI	Run /./.github/actions/status-check	2025-12-16T04:39:51.9144590Z ##[endgroup]
Status Check - Keycloak JavaScript CI	Run /./.github/actions/status-check	2025-12-16T04:39:51.9215575Z Job status:
Status Check - Keycloak JavaScript CI	Run /./.github/actions/status-check	2025-12-16T04:39:51.9243092Z  - conditional: success
Status Check - Keycloak JavaScript CI	Run /./.github/actions/status-check	2025-12-16T04:39:51.9243577Z  - build-keycloak: success
Status Check - Keycloak JavaScript CI	Run /./.github/actions/status-check	2025-12-16T04:39:51.9243988Z  - admin-client: success
Status Check - Keycloak JavaScript CI	Run /./.github/actions/status-check	2025-12-16T04:39:51.9244294Z  - ui-shared: success
Status Check - Keycloak JavaScript CI	Run /./.github/actions/status-check	2025-12-16T04:39:51.9244631Z  - account-ui: success
Status Check - Keycloak JavaScript CI	Run /./.github/actions/status-check	2025-12-16T04:39:51.9245059Z  - account-ui-e2e: success
Status Check - Keycloak JavaScript CI	Run /./.github/actions/status-check	2025-12-16T04:39:51.9245495Z  - admin-ui: success
Status Check - Keycloak JavaScript CI	Run /./.github/actions/status-check	2025-12-16T04:39:51.9245898Z  - admin-ui-e2e: failure
Status Check - Keycloak JavaScript CI	Run /./.github/actions/status-check	2025-12-16T04:39:51.9246333Z  - keycloak-admin-client: success
Status Check - Keycloak JavaScript CI	Run /./.github/actions/status-check	2025-12-16T04:39:51.9277260Z 
Status Check - Keycloak JavaScript CI	Run /./.github/actions/status-check	2025-12-16T04:39:51.9277562Z Status check not okay!
Status Check - Keycloak JavaScript CI	Run /./.github/actions/status-check	2025-12-16T04:39:51.9289986Z ##[error]Process completed with exit code 1.
