Admin UI E2E (chromium)	Run Playwright tests	Ôªø2026-02-04T04:39:34.4461246Z ##[group]Run pnpm --fail-if-no-match --filter @keycloak/keycloak-admin-ui test:integration -- --project=chromium
Admin UI E2E (chromium)	Run Playwright tests	2026-02-04T04:39:34.4462759Z [36;1mpnpm --fail-if-no-match --filter @keycloak/keycloak-admin-ui test:integration -- --project=chromium[0m
Admin UI E2E (chromium)	Run Playwright tests	2026-02-04T04:39:34.4510871Z shell: /usr/bin/bash --noprofile --norc -e -o pipefail {0}
Admin UI E2E (chromium)	Run Playwright tests	2026-02-04T04:39:34.4511484Z env:
Admin UI E2E (chromium)	Run Playwright tests	2026-02-04T04:39:34.4511996Z   MAVEN_ARGS: -B -nsu -Daether.connector.http.connectionMaxTtl=25
Admin UI E2E (chromium)	Run Playwright tests	2026-02-04T04:39:34.4512696Z   WORKSPACE: @keycloak/keycloak-admin-ui
Admin UI E2E (chromium)	Run Playwright tests	2026-02-04T04:39:34.4513194Z   RETRY_COUNT: 3
Admin UI E2E (chromium)	Run Playwright tests	2026-02-04T04:39:34.4513757Z   JAVA_HOME: /opt/hostedtoolcache/Java_Temurin-Hotspot_jdk/21.0.10-7/x64
Admin UI E2E (chromium)	Run Playwright tests	2026-02-04T04:39:34.4514680Z   JAVA_HOME_21_X64: /opt/hostedtoolcache/Java_Temurin-Hotspot_jdk/21.0.10-7/x64
Admin UI E2E (chromium)	Run Playwright tests	2026-02-04T04:39:34.4515394Z ##[endgroup]
Admin UI E2E (chromium)	Run Playwright tests	2026-02-04T04:39:34.7812323Z 
Admin UI E2E (chromium)	Run Playwright tests	2026-02-04T04:39:34.7813190Z > @keycloak/keycloak-admin-ui@999.0.0-SNAPSHOT test:integration /home/runner/work/keycloak/keycloak/js/apps/admin-ui
Admin UI E2E (chromium)	Run Playwright tests	2026-02-04T04:39:34.7813888Z > wireit -- --project=chromium
Admin UI E2E (chromium)	Run Playwright tests	2026-02-04T04:39:34.7814073Z 
Admin UI E2E (chromium)	Run Playwright tests	2026-02-04T04:39:34.8901987Z Analyzing
Admin UI E2E (chromium)	Run Playwright tests	2026-02-04T04:39:35.8909230Z   0% [0 / 2] [1 running] ../../libs/keycloak-admin-client:build
Admin UI E2E (chromium)	Run Playwright tests	2026-02-04T04:39:36.8663944Z (node:5834) [DEP0190] DeprecationWarning: Passing args to a child process with shell option true can lead to security vulnerabilities, as the arguments are not escaped, only concatenated.
Admin UI E2E (chromium)	Run Playwright tests	2026-02-04T04:39:36.8665790Z (Use `node --trace-deprecation ...` to show where the warning was created)
Admin UI E2E (chromium)	Run Playwright tests	2026-02-04T04:39:36.8906249Z  50% [1 / 2] [1 running] test:integration
Admin UI E2E (chromium)	Run Playwright tests	2026-02-04T04:39:39.6974645Z 
Admin UI E2E (chromium)	Run Playwright tests	2026-02-04T04:39:39.6975322Z Running 395 tests using 1 worker
Admin UI E2E (chromium)	Run Playwright tests	2026-02-04T04:44:02.8205637Z ¬∑¬∑¬∑¬∑¬∑¬∑¬∑¬∑¬∑¬∑¬∑¬∑¬∑¬∑¬∑¬∑¬∑¬∑¬∑¬∑¬∑¬∑¬∑¬∑¬∑¬∑¬∑¬∑¬∑¬∑¬∑¬∑¬∑¬∑¬∑¬∑¬∑¬∑¬∑¬∑¬∑¬∑¬∑¬∑¬∑¬∑¬∑¬∑¬∑¬∑¬∑¬∑¬∑¬∑¬∑¬∑¬∑¬∑¬∑¬∑¬∑¬∑¬∑¬∑¬∑¬∑¬∑¬∑¬∑¬∑¬∑¬∑¬∑¬∑¬∑¬∑¬∑¬∑¬∑¬∑
Admin UI E2E (chromium)	Run Playwright tests	2026-02-04T04:47:28.1962830Z ¬∑¬∑¬∑¬∑¬∑¬∑¬∑¬∑¬∑¬∑¬∑¬∑¬∑¬∑¬∑¬∑¬∑¬∑¬∑¬∑¬∑¬∑¬∑¬∑¬∑¬∑¬∑¬∑¬∑¬∑¬∑¬∑¬∑¬∑¬∑¬∑¬∑¬∑¬∑¬∑¬∑¬∞¬∑¬∑¬∑¬∑¬∑¬∑¬∑¬∑¬∑¬∑¬∑¬∑¬∑¬∑¬∑¬∑¬∑¬∑¬∑¬∑¬∑¬∑¬∑¬∑¬∑¬∑¬∑¬∑¬∑¬∑¬∑¬∑¬∑¬∑¬∑¬∑¬∑¬∑
Admin UI E2E (chromium)	Run Playwright tests	2026-02-04T04:51:08.9840069Z ¬∑¬∑¬∑¬∑¬∑¬∑¬∑¬∑¬∑¬∑¬∑¬∑¬∑¬∑¬∑¬∑¬∑¬∑¬∑¬∑¬∑¬∑¬∑¬∑¬∑¬∑¬∑¬∑¬∑¬∑¬∑¬∑¬∑¬∑¬∑¬∑¬∑¬∑¬∑¬∑¬∑F¬∑¬∑¬∑¬∑¬∑¬∑¬∑¬∑¬∑¬∑¬∑¬∑¬∑¬∑¬∑¬∑¬∑¬∑¬∑¬∑¬∑¬∑¬∑¬∑¬∑¬∑¬∑¬∑¬∑¬∑¬∑¬∑¬∑¬∑¬∑¬∑¬∑¬∑
Admin UI E2E (chromium)	Run Playwright tests	2026-02-04T04:54:46.2017543Z ¬∑¬∑¬∑¬∑¬∑¬∑¬∑¬∑¬∑¬∑¬∑¬∑¬∑¬∑¬∑¬∑¬∑¬∑¬∑¬∑¬∑¬∑¬∑¬∑¬∑¬∑¬∑¬∑¬∑¬∑¬∑¬∑¬∑¬∑¬∑¬∑¬∑¬∑¬∑¬∑¬∑¬∑¬∑¬∑¬∑¬∑¬∑¬∑¬∑¬∑¬∑¬∑¬∑¬∑¬∑¬∑¬∑¬∑¬∑¬∑¬∑¬∑¬∑¬∑¬∑¬∑¬∑¬∑¬∑¬∑¬∑¬∑¬∑¬∑¬∑¬∑¬∑¬∑¬∑¬∑
Admin UI E2E (chromium)	Run Playwright tests	2026-02-04T04:58:01.0308650Z ¬∑¬∑¬∑¬∑¬∑¬∑¬∑¬∑¬∑¬∑¬∑¬∑¬∑¬∑¬∑¬∑¬∑¬∑¬∑¬∑¬∑¬∑¬∑¬∑¬∑¬∑¬∑¬∑¬∑¬∑¬∑¬∑¬∑¬∑¬∑¬∑¬∑¬∑¬∑¬∑¬∑¬∑¬∑¬∑¬∑¬∑¬∑¬∑¬∑¬∑¬∑¬∑¬∑¬∑¬∑¬∑¬∑¬∑¬∑¬∑¬∑¬∑¬∑¬∑¬∑¬∑¬∑¬∑¬∑¬∑¬∑¬∑¬∑Deleting workflow: workflow-complex-55ccdbe8-be58-46a3-8f06-bd40711ac8f0 -- Copy
Admin UI E2E (chromium)	Run Playwright tests	2026-02-04T04:58:05.2323964Z ¬∑¬∑
Admin UI E2E (chromium)	Run Playwright tests	2026-02-04T04:58:05.2341557Z 
Admin UI E2E (chromium)	Run Playwright tests	2026-02-04T04:58:05.2352782Z   1) [chromium] ‚Ä∫ test/masthead/realm.spec.ts:84:3 ‚Ä∫ Realm tests ‚Ä∫ should disable preview if json very long 
Admin UI E2E (chromium)	Run Playwright tests	2026-02-04T04:58:05.2353726Z 
Admin UI E2E (chromium)	Run Playwright tests	2026-02-04T04:58:05.2354100Z     Error: unknown_error
Admin UI E2E (chromium)	Run Playwright tests	2026-02-04T04:58:05.2354497Z 
Admin UI E2E (chromium)	Run Playwright tests	2026-02-04T04:58:05.2355034Z        at ../../../libs/keycloak-admin-client/src/utils/fetchWithError.ts:25
Admin UI E2E (chromium)	Run Playwright tests	2026-02-04T04:58:05.2355667Z 
Admin UI E2E (chromium)	Run Playwright tests	2026-02-04T04:58:05.2356089Z       23 |     const responseData = await parseResponse(response);
Admin UI E2E (chromium)	Run Playwright tests	2026-02-04T04:58:05.2357886Z       24 |     const message = getErrorMessage(responseData);
Admin UI E2E (chromium)	Run Playwright tests	2026-02-04T04:58:05.2359148Z     > 25 |     throw new NetworkError(message, {
Admin UI E2E (chromium)	Run Playwright tests	2026-02-04T04:58:05.2359669Z          |           ^
Admin UI E2E (chromium)	Run Playwright tests	2026-02-04T04:58:05.2360039Z       26 |       response,
Admin UI E2E (chromium)	Run Playwright tests	2026-02-04T04:58:05.2360450Z       27 |       responseData,
Admin UI E2E (chromium)	Run Playwright tests	2026-02-04T04:58:05.2360837Z       28 |     });
Admin UI E2E (chromium)	Run Playwright tests	2026-02-04T04:58:05.2361834Z         at fetchWithError (/home/runner/work/keycloak/keycloak/js/libs/keycloak-admin-client/src/utils/fetchWithError.ts:25:11)
Admin UI E2E (chromium)	Run Playwright tests	2026-02-04T04:58:05.2363515Z         at Agent.#requestWithParams (/home/runner/work/keycloak/keycloak/js/libs/keycloak-admin-client/src/resources/agent.ts:247:19)
Admin UI E2E (chromium)	Run Playwright tests	2026-02-04T04:58:05.2365109Z         at AdminClient.deleteRealm (/home/runner/work/keycloak/keycloak/js/apps/admin-ui/test/utils/AdminClient.ts:53:7)
Admin UI E2E (chromium)	Run Playwright tests	2026-02-04T04:58:05.2366425Z         at /home/runner/work/keycloak/keycloak/js/apps/admin-ui/test/masthead/realm.spec.ts:39:5
Admin UI E2E (chromium)	Run Playwright tests	2026-02-04T04:58:05.2367091Z 
Admin UI E2E (chromium)	Run Playwright tests	2026-02-04T04:58:05.2367844Z     attachment #1: trace (application/zip) ‚îÄ‚îÄ‚îÄ‚îÄ‚îÄ‚îÄ‚îÄ‚îÄ‚îÄ‚îÄ‚îÄ‚îÄ‚îÄ‚îÄ‚îÄ‚îÄ‚îÄ‚îÄ‚îÄ‚îÄ‚îÄ‚îÄ‚îÄ‚îÄ‚îÄ‚îÄ‚îÄ‚îÄ‚îÄ‚îÄ‚îÄ‚îÄ‚îÄ‚îÄ‚îÄ‚îÄ‚îÄ‚îÄ‚îÄ‚îÄ‚îÄ‚îÄ‚îÄ‚îÄ‚îÄ‚îÄ‚îÄ‚îÄ‚îÄ‚îÄ‚îÄ‚îÄ‚îÄ‚îÄ‚îÄ‚îÄ‚îÄ
Admin UI E2E (chromium)	Run Playwright tests	2026-02-04T04:58:05.2369259Z     test-results/masthead-realm-Realm-tests-f6041-e-preview-if-json-very-long-chromium/trace.zip
Admin UI E2E (chromium)	Run Playwright tests	2026-02-04T04:58:05.2370421Z     Usage:
Admin UI E2E (chromium)	Run Playwright tests	2026-02-04T04:58:05.2370595Z 
Admin UI E2E (chromium)	Run Playwright tests	2026-02-04T04:58:05.2371487Z         pnpm exec playwright show-trace test-results/masthead-realm-Realm-tests-f6041-e-preview-if-json-very-long-chromium/trace.zip
Admin UI E2E (chromium)	Run Playwright tests	2026-02-04T04:58:05.2372418Z 
Admin UI E2E (chromium)	Run Playwright tests	2026-02-04T04:58:05.2373065Z     ‚îÄ‚îÄ‚îÄ‚îÄ‚îÄ‚îÄ‚îÄ‚îÄ‚îÄ‚îÄ‚îÄ‚îÄ‚îÄ‚îÄ‚îÄ‚îÄ‚îÄ‚îÄ‚îÄ‚îÄ‚îÄ‚îÄ‚îÄ‚îÄ‚îÄ‚îÄ‚îÄ‚îÄ‚îÄ‚îÄ‚îÄ‚îÄ‚îÄ‚îÄ‚îÄ‚îÄ‚îÄ‚îÄ‚îÄ‚îÄ‚îÄ‚îÄ‚îÄ‚îÄ‚îÄ‚îÄ‚îÄ‚îÄ‚îÄ‚îÄ‚îÄ‚îÄ‚îÄ‚îÄ‚îÄ‚îÄ‚îÄ‚îÄ‚îÄ‚îÄ‚îÄ‚îÄ‚îÄ‚îÄ‚îÄ‚îÄ‚îÄ‚îÄ‚îÄ‚îÄ‚îÄ‚îÄ‚îÄ‚îÄ‚îÄ‚îÄ‚îÄ‚îÄ‚îÄ‚îÄ‚îÄ‚îÄ‚îÄ‚îÄ‚îÄ‚îÄ‚îÄ‚îÄ‚îÄ‚îÄ‚îÄ‚îÄ‚îÄ‚îÄ‚îÄ‚îÄ
Admin UI E2E (chromium)	Run Playwright tests	2026-02-04T04:58:05.2373580Z 
Admin UI E2E (chromium)	Run Playwright tests	2026-02-04T04:58:05.2373709Z   1 failed
Admin UI E2E (chromium)	Run Playwright tests	2026-02-04T04:58:05.2374617Z     [chromium] ‚Ä∫ test/masthead/realm.spec.ts:84:3 ‚Ä∫ Realm tests ‚Ä∫ should disable preview if json very long 
Admin UI E2E (chromium)	Run Playwright tests	2026-02-04T04:58:05.2375416Z   1 skipped
Admin UI E2E (chromium)	Run Playwright tests	2026-02-04T04:58:05.2375730Z   393 passed (18.5m)
Admin UI E2E (chromium)	Run Playwright tests	2026-02-04T04:58:05.2405886Z ##[error]  1) [chromium] ‚Ä∫ test/masthead/realm.spec.ts:84:3 ‚Ä∫ Realm tests ‚Ä∫ should disable preview if json very long 
Admin UI E2E (chromium)	Run Playwright tests	    Error: unknown_error
Admin UI E2E (chromium)	Run Playwright tests	
Admin UI E2E (chromium)	Run Playwright tests	       at ../../../libs/keycloak-admin-client/src/utils/fetchWithError.ts:25
Admin UI E2E (chromium)	Run Playwright tests	
Admin UI E2E (chromium)	Run Playwright tests	      23 |     const responseData = await parseResponse(response);
Admin UI E2E (chromium)	Run Playwright tests	      24 |     const message = getErrorMessage(responseData);
Admin UI E2E (chromium)	Run Playwright tests	    > 25 |     throw new NetworkError(message, {
Admin UI E2E (chromium)	Run Playwright tests	         |           ^
Admin UI E2E (chromium)	Run Playwright tests	      26 |       response,
Admin UI E2E (chromium)	Run Playwright tests	      27 |       responseData,
Admin UI E2E (chromium)	Run Playwright tests	      28 |     });
Admin UI E2E (chromium)	Run Playwright tests	        at fetchWithError (/home/runner/work/keycloak/keycloak/js/libs/keycloak-admin-client/src/utils/fetchWithError.ts:25:11)
Admin UI E2E (chromium)	Run Playwright tests	        at Agent.#requestWithParams (/home/runner/work/keycloak/keycloak/js/libs/keycloak-admin-client/src/resources/agent.ts:247:19)
Admin UI E2E (chromium)	Run Playwright tests	        at AdminClient.deleteRealm (/home/runner/work/keycloak/keycloak/js/apps/admin-ui/test/utils/AdminClient.ts:53:7)
Admin UI E2E (chromium)	Run Playwright tests	        at /home/runner/work/keycloak/keycloak/js/apps/admin-ui/test/masthead/realm.spec.ts:39:5
Admin UI E2E (chromium)	Run Playwright tests	2026-02-04T04:58:05.2419985Z ##[notice]  1 failed
Admin UI E2E (chromium)	Run Playwright tests	    [chromium] ‚Ä∫ test/masthead/realm.spec.ts:84:3 ‚Ä∫ Realm tests ‚Ä∫ should disable preview if json very long 
Admin UI E2E (chromium)	Run Playwright tests	  1 skipped
Admin UI E2E (chromium)	Run Playwright tests	  393 passed (18.5m)
Admin UI E2E (chromium)	Run Playwright tests	2026-02-04T04:58:05.4761517Z 
Admin UI E2E (chromium)	Run Playwright tests	2026-02-04T04:58:05.4762482Z ‚ùå [test:integration] exited with exit code 1.
Admin UI E2E (chromium)	Run Playwright tests	2026-02-04T04:58:05.4769721Z ‚ùå 1 script failed.
Admin UI E2E (chromium)	Run Playwright tests	2026-02-04T04:58:05.4957331Z /home/runner/work/keycloak/keycloak/js/apps/admin-ui:
Admin UI E2E (chromium)	Run Playwright tests	2026-02-04T04:58:05.4959502Z ‚ÄâERR_PNPM_RECURSIVE_RUN_FIRST_FAIL‚Äâ @keycloak/keycloak-admin-ui@999.0.0-SNAPSHOT test:integration: `wireit -- --project=chromium`
Admin UI E2E (chromium)	Run Playwright tests	2026-02-04T04:58:05.4960701Z Exit status 1
Admin UI E2E (chromium)	Run Playwright tests	2026-02-04T04:58:05.5160311Z ##[error]Process completed with exit code 1.
Status Check - Keycloak JavaScript CI	Run /./.github/actions/status-check	Ôªø2026-02-04T05:00:13.6078462Z Prepare all required actions
Status Check - Keycloak JavaScript CI	Run /./.github/actions/status-check	2026-02-04T05:00:13.6145616Z ##[group]Run ./.github/actions/status-check
Status Check - Keycloak JavaScript CI	Run /./.github/actions/status-check	2026-02-04T05:00:13.6146003Z with:
Status Check - Keycloak JavaScript CI	Run /./.github/actions/status-check	2026-02-04T05:00:13.6147744Z   jobs: {
Status Check - Keycloak JavaScript CI	Run /./.github/actions/status-check	  "conditional": {
Status Check - Keycloak JavaScript CI	Run /./.github/actions/status-check	    "result": "success",
Status Check - Keycloak JavaScript CI	Run /./.github/actions/status-check	    "outputs": {
Status Check - Keycloak JavaScript CI	Run /./.github/actions/status-check	      "js-ci": "true"
Status Check - Keycloak JavaScript CI	Run /./.github/actions/status-check	    }
Status Check - Keycloak JavaScript CI	Run /./.github/actions/status-check	  },
Status Check - Keycloak JavaScript CI	Run /./.github/actions/status-check	  "build-keycloak": {
Status Check - Keycloak JavaScript CI	Run /./.github/actions/status-check	    "result": "success",
Status Check - Keycloak JavaScript CI	Run /./.github/actions/status-check	    "outputs": {}
Status Check - Keycloak JavaScript CI	Run /./.github/actions/status-check	  },
Status Check - Keycloak JavaScript CI	Run /./.github/actions/status-check	  "admin-client": {
Status Check - Keycloak JavaScript CI	Run /./.github/actions/status-check	    "result": "success",
Status Check - Keycloak JavaScript CI	Run /./.github/actions/status-check	    "outputs": {}
Status Check - Keycloak JavaScript CI	Run /./.github/actions/status-check	  },
Status Check - Keycloak JavaScript CI	Run /./.github/actions/status-check	  "ui-shared": {
Status Check - Keycloak JavaScript CI	Run /./.github/actions/status-check	    "result": "success",
Status Check - Keycloak JavaScript CI	Run /./.github/actions/status-check	    "outputs": {}
Status Check - Keycloak JavaScript CI	Run /./.github/actions/status-check	  },
Status Check - Keycloak JavaScript CI	Run /./.github/actions/status-check	  "account-ui": {
Status Check - Keycloak JavaScript CI	Run /./.github/actions/status-check	    "result": "success",
Status Check - Keycloak JavaScript CI	Run /./.github/actions/status-check	    "outputs": {}
Status Check - Keycloak JavaScript CI	Run /./.github/actions/status-check	  },
Status Check - Keycloak JavaScript CI	Run /./.github/actions/status-check	  "account-ui-e2e": {
Status Check - Keycloak JavaScript CI	Run /./.github/actions/status-check	    "result": "success",
Status Check - Keycloak JavaScript CI	Run /./.github/actions/status-check	    "outputs": {}
Status Check - Keycloak JavaScript CI	Run /./.github/actions/status-check	  },
Status Check - Keycloak JavaScript CI	Run /./.github/actions/status-check	  "admin-ui": {
Status Check - Keycloak JavaScript CI	Run /./.github/actions/status-check	    "result": "success",
Status Check - Keycloak JavaScript CI	Run /./.github/actions/status-check	    "outputs": {}
Status Check - Keycloak JavaScript CI	Run /./.github/actions/status-check	  },
Status Check - Keycloak JavaScript CI	Run /./.github/actions/status-check	  "admin-ui-e2e": {
Status Check - Keycloak JavaScript CI	Run /./.github/actions/status-check	    "result": "failure",
Status Check - Keycloak JavaScript CI	Run /./.github/actions/status-check	    "outputs": {}
Status Check - Keycloak JavaScript CI	Run /./.github/actions/status-check	  },
Status Check - Keycloak JavaScript CI	Run /./.github/actions/status-check	  "keycloak-admin-client": {
Status Check - Keycloak JavaScript CI	Run /./.github/actions/status-check	    "result": "success",
Status Check - Keycloak JavaScript CI	Run /./.github/actions/status-check	    "outputs": {}
Status Check - Keycloak JavaScript CI	Run /./.github/actions/status-check	  }
Status Check - Keycloak JavaScript CI	Run /./.github/actions/status-check	}
Status Check - Keycloak JavaScript CI	Run /./.github/actions/status-check	2026-02-04T05:00:13.6149972Z env:
Status Check - Keycloak JavaScript CI	Run /./.github/actions/status-check	2026-02-04T05:00:13.6150302Z   MAVEN_ARGS: -B -nsu -Daether.connector.http.connectionMaxTtl=25
Status Check - Keycloak JavaScript CI	Run /./.github/actions/status-check	2026-02-04T05:00:13.6150687Z ##[endgroup]
Status Check - Keycloak JavaScript CI	Run /./.github/actions/status-check	2026-02-04T05:00:13.6246156Z ##[group]Run JOBS='{
Status Check - Keycloak JavaScript CI	Run /./.github/actions/status-check	2026-02-04T05:00:13.6246599Z [36;1mJOBS='{[0m
Status Check - Keycloak JavaScript CI	Run /./.github/actions/status-check	2026-02-04T05:00:13.6246836Z [36;1m  "conditional": {[0m
Status Check - Keycloak JavaScript CI	Run /./.github/actions/status-check	2026-02-04T05:00:13.6247107Z [36;1m    "result": "success",[0m
Status Check - Keycloak JavaScript CI	Run /./.github/actions/status-check	2026-02-04T05:00:13.6247387Z [36;1m    "outputs": {[0m
Status Check - Keycloak JavaScript CI	Run /./.github/actions/status-check	2026-02-04T05:00:13.6247631Z [36;1m      "js-ci": "true"[0m
Status Check - Keycloak JavaScript CI	Run /./.github/actions/status-check	2026-02-04T05:00:13.6247877Z [36;1m    }[0m
Status Check - Keycloak JavaScript CI	Run /./.github/actions/status-check	2026-02-04T05:00:13.6248076Z [36;1m  },[0m
Status Check - Keycloak JavaScript CI	Run /./.github/actions/status-check	2026-02-04T05:00:13.6248476Z [36;1m  "build-keycloak": {[0m
Status Check - Keycloak JavaScript CI	Run /./.github/actions/status-check	2026-02-04T05:00:13.6248763Z [36;1m    "result": "success",[0m
Status Check - Keycloak JavaScript CI	Run /./.github/actions/status-check	2026-02-04T05:00:13.6249044Z [36;1m    "outputs": {}[0m
Status Check - Keycloak JavaScript CI	Run /./.github/actions/status-check	2026-02-04T05:00:13.6249283Z [36;1m  },[0m
Status Check - Keycloak JavaScript CI	Run /./.github/actions/status-check	2026-02-04T05:00:13.6249501Z [36;1m  "admin-client": {[0m
Status Check - Keycloak JavaScript CI	Run /./.github/actions/status-check	2026-02-04T05:00:13.6249754Z [36;1m    "result": "success",[0m
Status Check - Keycloak JavaScript CI	Run /./.github/actions/status-check	2026-02-04T05:00:13.6250031Z [36;1m    "outputs": {}[0m
Status Check - Keycloak JavaScript CI	Run /./.github/actions/status-check	2026-02-04T05:00:13.6250269Z [36;1m  },[0m
Status Check - Keycloak JavaScript CI	Run /./.github/actions/status-check	2026-02-04T05:00:13.6250479Z [36;1m  "ui-shared": {[0m
Status Check - Keycloak JavaScript CI	Run /./.github/actions/status-check	2026-02-04T05:00:13.6250726Z [36;1m    "result": "success",[0m
Status Check - Keycloak JavaScript CI	Run /./.github/actions/status-check	2026-02-04T05:00:13.6250980Z [36;1m    "outputs": {}[0m
Status Check - Keycloak JavaScript CI	Run /./.github/actions/status-check	2026-02-04T05:00:13.6251218Z [36;1m  },[0m
Status Check - Keycloak JavaScript CI	Run /./.github/actions/status-check	2026-02-04T05:00:13.6251433Z [36;1m  "account-ui": {[0m
Status Check - Keycloak JavaScript CI	Run /./.github/actions/status-check	2026-02-04T05:00:13.6251814Z [36;1m    "result": "success",[0m
Status Check - Keycloak JavaScript CI	Run /./.github/actions/status-check	2026-02-04T05:00:13.6252086Z [36;1m    "outputs": {}[0m
Status Check - Keycloak JavaScript CI	Run /./.github/actions/status-check	2026-02-04T05:00:13.6252318Z [36;1m  },[0m
Status Check - Keycloak JavaScript CI	Run /./.github/actions/status-check	2026-02-04T05:00:13.6252540Z [36;1m  "account-ui-e2e": {[0m
Status Check - Keycloak JavaScript CI	Run /./.github/actions/status-check	2026-02-04T05:00:13.6252799Z [36;1m    "result": "success",[0m
Status Check - Keycloak JavaScript CI	Run /./.github/actions/status-check	2026-02-04T05:00:13.6253066Z [36;1m    "outputs": {}[0m
Status Check - Keycloak JavaScript CI	Run /./.github/actions/status-check	2026-02-04T05:00:13.6253299Z [36;1m  },[0m
Status Check - Keycloak JavaScript CI	Run /./.github/actions/status-check	2026-02-04T05:00:13.6253555Z [36;1m  "admin-ui": {[0m
Status Check - Keycloak JavaScript CI	Run /./.github/actions/status-check	2026-02-04T05:00:13.6253795Z [36;1m    "result": "success",[0m
Status Check - Keycloak JavaScript CI	Run /./.github/actions/status-check	2026-02-04T05:00:13.6254058Z [36;1m    "outputs": {}[0m
Status Check - Keycloak JavaScript CI	Run /./.github/actions/status-check	2026-02-04T05:00:13.6254290Z [36;1m  },[0m
Status Check - Keycloak JavaScript CI	Run /./.github/actions/status-check	2026-02-04T05:00:13.6254508Z [36;1m  "admin-ui-e2e": {[0m
Status Check - Keycloak JavaScript CI	Run /./.github/actions/status-check	2026-02-04T05:00:13.6254761Z [36;1m    "result": "failure",[0m
Status Check - Keycloak JavaScript CI	Run /./.github/actions/status-check	2026-02-04T05:00:13.6255016Z [36;1m    "outputs": {}[0m
Status Check - Keycloak JavaScript CI	Run /./.github/actions/status-check	2026-02-04T05:00:13.6255247Z [36;1m  },[0m
Status Check - Keycloak JavaScript CI	Run /./.github/actions/status-check	2026-02-04T05:00:13.6255467Z [36;1m  "keycloak-admin-client": {[0m
Status Check - Keycloak JavaScript CI	Run /./.github/actions/status-check	2026-02-04T05:00:13.6255757Z [36;1m    "result": "success",[0m
Status Check - Keycloak JavaScript CI	Run /./.github/actions/status-check	2026-02-04T05:00:13.6256008Z [36;1m    "outputs": {}[0m
Status Check - Keycloak JavaScript CI	Run /./.github/actions/status-check	2026-02-04T05:00:13.6256241Z [36;1m  }[0m
Status Check - Keycloak JavaScript CI	Run /./.github/actions/status-check	2026-02-04T05:00:13.6256433Z [36;1m}'[0m
Status Check - Keycloak JavaScript CI	Run /./.github/actions/status-check	2026-02-04T05:00:13.6256648Z [36;1m[0m
Status Check - Keycloak JavaScript CI	Run /./.github/actions/status-check	2026-02-04T05:00:13.6256856Z [36;1mecho "Job status:"[0m
Status Check - Keycloak JavaScript CI	Run /./.github/actions/status-check	2026-02-04T05:00:13.6257239Z [36;1mecho $JOBS | jq -r 'to_entries[] | " - \(.key): \(.value.result)"'[0m
Status Check - Keycloak JavaScript CI	Run /./.github/actions/status-check	2026-02-04T05:00:13.6257621Z [36;1m[0m
Status Check - Keycloak JavaScript CI	Run /./.github/actions/status-check	2026-02-04T05:00:13.6257916Z [36;1mfor i in $(echo $JOBS | jq -r 'to_entries[] | .value.result'); do[0m
Status Check - Keycloak JavaScript CI	Run /./.github/actions/status-check	2026-02-04T05:00:13.6258557Z [36;1m  if [ "$i" != "success" ] && [ "$i" != "skipped" ]; then[0m
Status Check - Keycloak JavaScript CI	Run /./.github/actions/status-check	2026-02-04T05:00:13.6258892Z [36;1m    echo ""[0m
Status Check - Keycloak JavaScript CI	Run /./.github/actions/status-check	2026-02-04T05:00:13.6259148Z [36;1m    echo "Status check not okay!"[0m
Status Check - Keycloak JavaScript CI	Run /./.github/actions/status-check	2026-02-04T05:00:13.6259437Z [36;1m    exit 1[0m
Status Check - Keycloak JavaScript CI	Run /./.github/actions/status-check	2026-02-04T05:00:13.6259645Z [36;1m  fi[0m
Status Check - Keycloak JavaScript CI	Run /./.github/actions/status-check	2026-02-04T05:00:13.6259849Z [36;1mdone[0m
Status Check - Keycloak JavaScript CI	Run /./.github/actions/status-check	2026-02-04T05:00:13.6296897Z shell: /usr/bin/bash --noprofile --norc -e -o pipefail {0}
Status Check - Keycloak JavaScript CI	Run /./.github/actions/status-check	2026-02-04T05:00:13.6297584Z env:
Status Check - Keycloak JavaScript CI	Run /./.github/actions/status-check	2026-02-04T05:00:13.6297901Z   MAVEN_ARGS: -B -nsu -Daether.connector.http.connectionMaxTtl=25
Status Check - Keycloak JavaScript CI	Run /./.github/actions/status-check	2026-02-04T05:00:13.6298503Z ##[endgroup]
Status Check - Keycloak JavaScript CI	Run /./.github/actions/status-check	2026-02-04T05:00:13.6373164Z Job status:
Status Check - Keycloak JavaScript CI	Run /./.github/actions/status-check	2026-02-04T05:00:13.6402060Z  - conditional: success
Status Check - Keycloak JavaScript CI	Run /./.github/actions/status-check	2026-02-04T05:00:13.6402584Z  - build-keycloak: success
Status Check - Keycloak JavaScript CI	Run /./.github/actions/status-check	2026-02-04T05:00:13.6403024Z  - admin-client: success
Status Check - Keycloak JavaScript CI	Run /./.github/actions/status-check	2026-02-04T05:00:13.6403447Z  - ui-shared: success
Status Check - Keycloak JavaScript CI	Run /./.github/actions/status-check	2026-02-04T05:00:13.6403836Z  - account-ui: success
Status Check - Keycloak JavaScript CI	Run /./.github/actions/status-check	2026-02-04T05:00:13.6404187Z  - account-ui-e2e: success
Status Check - Keycloak JavaScript CI	Run /./.github/actions/status-check	2026-02-04T05:00:13.6404455Z  - admin-ui: success
Status Check - Keycloak JavaScript CI	Run /./.github/actions/status-check	2026-02-04T05:00:13.6404714Z  - admin-ui-e2e: failure
Status Check - Keycloak JavaScript CI	Run /./.github/actions/status-check	2026-02-04T05:00:13.6404987Z  - keycloak-admin-client: success
Status Check - Keycloak JavaScript CI	Run /./.github/actions/status-check	2026-02-04T05:00:13.6437038Z 
Status Check - Keycloak JavaScript CI	Run /./.github/actions/status-check	2026-02-04T05:00:13.6437293Z Status check not okay!
Status Check - Keycloak JavaScript CI	Run /./.github/actions/status-check	2026-02-04T05:00:13.6450657Z ##[error]Process completed with exit code 1.
