Admin UI E2E (firefox)	Run Playwright tests	Ôªø2025-11-24T04:19:24.3653733Z ##[group]Run pnpm --fail-if-no-match --filter @keycloak/keycloak-admin-ui test:integration -- --project=firefox
Admin UI E2E (firefox)	Run Playwright tests	2025-11-24T04:19:24.3655036Z [36;1mpnpm --fail-if-no-match --filter @keycloak/keycloak-admin-ui test:integration -- --project=firefox[0m
Admin UI E2E (firefox)	Run Playwright tests	2025-11-24T04:19:24.3703905Z shell: /usr/bin/bash --noprofile --norc -e -o pipefail {0}
Admin UI E2E (firefox)	Run Playwright tests	2025-11-24T04:19:24.3704452Z env:
Admin UI E2E (firefox)	Run Playwright tests	2025-11-24T04:19:24.3704922Z   MAVEN_ARGS: -B -nsu -Daether.connector.http.connectionMaxTtl=25
Admin UI E2E (firefox)	Run Playwright tests	2025-11-24T04:19:24.3705570Z   WORKSPACE: @keycloak/keycloak-admin-ui
Admin UI E2E (firefox)	Run Playwright tests	2025-11-24T04:19:24.3706028Z   RETRY_COUNT: 3
Admin UI E2E (firefox)	Run Playwright tests	2025-11-24T04:19:24.3706551Z   JAVA_HOME: /opt/hostedtoolcache/Java_Temurin-Hotspot_jdk/21.0.9-10/x64
Admin UI E2E (firefox)	Run Playwright tests	2025-11-24T04:19:24.3707393Z   JAVA_HOME_21_X64: /opt/hostedtoolcache/Java_Temurin-Hotspot_jdk/21.0.9-10/x64
Admin UI E2E (firefox)	Run Playwright tests	2025-11-24T04:19:24.3708042Z ##[endgroup]
Admin UI E2E (firefox)	Run Playwright tests	2025-11-24T04:19:24.6953856Z 
Admin UI E2E (firefox)	Run Playwright tests	2025-11-24T04:19:24.6954896Z > @keycloak/keycloak-admin-ui@999.0.0-SNAPSHOT test:integration /home/runner/work/keycloak/keycloak/js/apps/admin-ui
Admin UI E2E (firefox)	Run Playwright tests	2025-11-24T04:19:24.6956003Z > wireit -- --project=firefox
Admin UI E2E (firefox)	Run Playwright tests	2025-11-24T04:19:24.6956313Z 
Admin UI E2E (firefox)	Run Playwright tests	2025-11-24T04:19:24.8034168Z Analyzing
Admin UI E2E (firefox)	Run Playwright tests	2025-11-24T04:19:25.8048376Z   0% [0 / 2] [1 running] ../../libs/keycloak-admin-client:build
Admin UI E2E (firefox)	Run Playwright tests	2025-11-24T04:19:26.7961706Z (node:5722) [DEP0190] DeprecationWarning: Passing args to a child process with shell option true can lead to security vulnerabilities, as the arguments are not escaped, only concatenated.
Admin UI E2E (firefox)	Run Playwright tests	2025-11-24T04:19:26.7964757Z (Use `node --trace-deprecation ...` to show where the warning was created)
Admin UI E2E (firefox)	Run Playwright tests	2025-11-24T04:19:26.8042708Z  50% [1 / 2] [1 running] test:integration
Admin UI E2E (firefox)	Run Playwright tests	2025-11-24T04:19:29.4147972Z 
Admin UI E2E (firefox)	Run Playwright tests	2025-11-24T04:19:29.4148614Z Running 359 tests using 1 worker
Admin UI E2E (firefox)	Run Playwright tests	2025-11-24T04:24:16.6537676Z ¬∑¬∑¬∑¬∑¬∑¬∑¬∑¬∑¬∑F¬∑¬∑¬∑¬∑¬∑¬∑¬∑¬∑¬∑¬∑¬∑¬∑¬∑¬∑¬∑¬∑¬∑¬∑¬∑¬∑¬∑¬∑¬∑¬∑¬∑¬∑¬∑¬∑¬∑¬∑¬∑¬∑¬∑¬∑¬∑¬∑¬∑¬∑¬∑¬∑¬∑¬∑¬∑¬∑¬∑¬∑¬∑¬∑¬∑¬∑¬∑¬∑¬∑¬∑¬∑¬∑¬∑¬∑¬∞¬∑¬∑¬∑¬∑¬∑¬∑¬∑¬∑¬∞¬∑¬∑
Admin UI E2E (firefox)	Run Playwright tests	2025-11-24T04:28:15.5084407Z ¬∑¬∑¬∑¬∑¬∑¬∑¬∑¬∑¬∑¬∑¬∑¬∑¬∑¬∑¬∑¬∑¬∑¬∑¬∑¬∑¬∑¬∑¬∑¬∞¬∑¬∑¬∑¬∑¬∑¬∑¬∑¬∑¬∑¬∑¬∑¬∑¬∑¬∑¬∑¬∑¬∑¬∑¬∑¬∑¬∑¬∑¬∑¬∑¬∑¬∑¬∑¬∑¬∑¬∑¬∑¬∑¬∑¬∑¬∑¬∑¬∑¬∑¬∑¬∑¬∑¬∑¬∑¬∑¬∑¬∑¬∑¬∑¬∑¬∑¬∑¬∑¬∑¬∑¬∑¬∑
Admin UI E2E (firefox)	Run Playwright tests	2025-11-24T04:32:27.6962201Z ¬∑¬∑¬∑¬∑¬∑¬∑¬∑¬∑¬∑¬∑¬∑¬∑¬∑¬∑¬∑¬∑¬∑¬∑¬∑¬∑¬∑¬∑¬∑¬∑¬∑¬∑¬∑¬∑¬∑¬∑¬∑¬∑¬∑¬∑¬∑¬∑¬∑¬∑¬∑¬∑¬∑¬∑¬∑¬∑¬∑¬∑¬∑¬∑¬∑¬∑¬∑¬∑¬∑¬∑¬∑¬∑¬∑¬∑¬∑¬∑¬∑¬∑¬∑¬∑¬∑¬∑¬∑¬∑¬∑¬∑¬∑¬∑¬∑¬∑¬∑¬∑¬∑¬∑¬∑¬∑
Admin UI E2E (firefox)	Run Playwright tests	2025-11-24T04:36:36.9308610Z ¬∑¬∑¬∑¬∑¬∑¬∑¬∑¬∑¬∑¬∑¬∑¬∑¬∑¬∑¬∑¬∑¬∑¬∑¬∑¬∑¬∑¬∑¬∑¬∑¬∑¬∑¬∑¬∑¬∑¬∑¬∑¬∑¬∑¬∑¬∑¬∑¬∑¬∑¬∑¬∑¬∑¬∑¬∑¬∑¬∑¬∑¬∑¬∑¬∑¬∑¬∑¬∑¬∑¬∑¬∑¬∑¬∑¬∑¬∑¬∑¬∑¬∑¬∑¬∑¬∑¬∑¬∑¬∑¬∑¬∑¬∑¬∑¬∑¬∑¬∑¬∑¬∑¬∑¬∑¬∑
Admin UI E2E (firefox)	Run Playwright tests	2025-11-24T04:38:35.3693963Z ¬∑¬∑¬∑¬∑¬∑¬∑¬∑¬∑¬∑¬∑¬∑¬∑¬∑¬∑¬∑¬∑¬∑¬∑¬∑¬∑¬∑¬∑¬∑¬∑¬∑¬∑¬∑¬∑¬∑¬∑¬∑¬∑¬∑¬∑¬∑¬∑¬∑¬∑¬∑
Admin UI E2E (firefox)	Run Playwright tests	2025-11-24T04:38:35.3730783Z 
Admin UI E2E (firefox)	Run Playwright tests	2025-11-24T04:38:35.3732492Z   1) [firefox] ‚Ä∫ test/autentication/flows.spec.ts:189:3 ‚Ä∫ Authentication flow details ‚Ä∫ drags and drops execution 
Admin UI E2E (firefox)	Run Playwright tests	2025-11-24T04:38:35.3733277Z 
Admin UI E2E (firefox)	Run Playwright tests	2025-11-24T04:38:35.3736267Z     Error: [2mexpect([22m[31mlocator[39m[2m).[22mtoHaveText[2m([22m[32mexpected[39m[2m)[22m failed
Admin UI E2E (firefox)	Run Playwright tests	2025-11-24T04:38:35.3738021Z 
Admin UI E2E (firefox)	Run Playwright tests	2025-11-24T04:38:35.3738308Z     Locator: getByTestId('last-alert')
Admin UI E2E (firefox)	Run Playwright tests	2025-11-24T04:38:35.3739105Z     Expected: [32m"Flow successfully updated"[39m
Admin UI E2E (firefox)	Run Playwright tests	2025-11-24T04:38:35.3745129Z     Timeout: 5000ms
Admin UI E2E (firefox)	Run Playwright tests	2025-11-24T04:38:35.3745747Z     Error: element(s) not found
Admin UI E2E (firefox)	Run Playwright tests	2025-11-24T04:38:35.3746051Z 
Admin UI E2E (firefox)	Run Playwright tests	2025-11-24T04:38:35.3746209Z     Call log:
Admin UI E2E (firefox)	Run Playwright tests	2025-11-24T04:38:35.3746885Z     [2m  - Expect "toHaveText" with timeout 5000ms[22m
Admin UI E2E (firefox)	Run Playwright tests	2025-11-24T04:38:35.3747657Z     [2m  - waiting for getByTestId('last-alert')[22m
Admin UI E2E (firefox)	Run Playwright tests	2025-11-24T04:38:35.3748151Z 
Admin UI E2E (firefox)	Run Playwright tests	2025-11-24T04:38:35.3748172Z 
Admin UI E2E (firefox)	Run Playwright tests	2025-11-24T04:38:35.3748360Z        at utils/masthead.ts:5
Admin UI E2E (firefox)	Run Playwright tests	2025-11-24T04:38:35.3748662Z 
Admin UI E2E (firefox)	Run Playwright tests	2025-11-24T04:38:35.3748806Z       3 |
Admin UI E2E (firefox)	Run Playwright tests	2025-11-24T04:38:35.3749699Z       4 | export async function assertNotificationMessage(page: Page, message: string) {
Admin UI E2E (firefox)	Run Playwright tests	2025-11-24T04:38:35.3750612Z     > 5 |   await expect(page.getByTestId("last-alert")).toHaveText(message);
Admin UI E2E (firefox)	Run Playwright tests	2025-11-24T04:38:35.3751274Z         |                                                ^
Admin UI E2E (firefox)	Run Playwright tests	2025-11-24T04:38:35.3751709Z       6 | }
Admin UI E2E (firefox)	Run Playwright tests	2025-11-24T04:38:35.3752027Z       7 |
Admin UI E2E (firefox)	Run Playwright tests	2025-11-24T04:38:35.3752498Z       8 | function getActionToggleButton(page: Page) {
Admin UI E2E (firefox)	Run Playwright tests	2025-11-24T04:38:35.3753637Z         at assertNotificationMessage (/home/runner/work/keycloak/keycloak/js/apps/admin-ui/test/utils/masthead.ts:5:48)
Admin UI E2E (firefox)	Run Playwright tests	2025-11-24T04:38:35.3755074Z         at /home/runner/work/keycloak/keycloak/js/apps/admin-ui/test/autentication/flows.spec.ts:209:11
Admin UI E2E (firefox)	Run Playwright tests	2025-11-24T04:38:35.3755778Z 
Admin UI E2E (firefox)	Run Playwright tests	2025-11-24T04:38:35.3757167Z     Error Context: test-results/autentication-flows-Authen-a926b-s-drags-and-drops-execution-firefox/error-context.md
Admin UI E2E (firefox)	Run Playwright tests	2025-11-24T04:38:35.3758012Z 
Admin UI E2E (firefox)	Run Playwright tests	2025-11-24T04:38:35.3758811Z     attachment #2: trace (application/zip) ‚îÄ‚îÄ‚îÄ‚îÄ‚îÄ‚îÄ‚îÄ‚îÄ‚îÄ‚îÄ‚îÄ‚îÄ‚îÄ‚îÄ‚îÄ‚îÄ‚îÄ‚îÄ‚îÄ‚îÄ‚îÄ‚îÄ‚îÄ‚îÄ‚îÄ‚îÄ‚îÄ‚îÄ‚îÄ‚îÄ‚îÄ‚îÄ‚îÄ‚îÄ‚îÄ‚îÄ‚îÄ‚îÄ‚îÄ‚îÄ‚îÄ‚îÄ‚îÄ‚îÄ‚îÄ‚îÄ‚îÄ‚îÄ‚îÄ‚îÄ‚îÄ‚îÄ‚îÄ‚îÄ‚îÄ‚îÄ‚îÄ
Admin UI E2E (firefox)	Run Playwright tests	2025-11-24T04:38:35.3760242Z     test-results/autentication-flows-Authen-a926b-s-drags-and-drops-execution-firefox/trace.zip
Admin UI E2E (firefox)	Run Playwright tests	2025-11-24T04:38:35.3761130Z     Usage:
Admin UI E2E (firefox)	Run Playwright tests	2025-11-24T04:38:35.3761323Z 
Admin UI E2E (firefox)	Run Playwright tests	2025-11-24T04:38:35.3762188Z         pnpm exec playwright show-trace test-results/autentication-flows-Authen-a926b-s-drags-and-drops-execution-firefox/trace.zip
Admin UI E2E (firefox)	Run Playwright tests	2025-11-24T04:38:35.3763069Z 
Admin UI E2E (firefox)	Run Playwright tests	2025-11-24T04:38:35.3763736Z     ‚îÄ‚îÄ‚îÄ‚îÄ‚îÄ‚îÄ‚îÄ‚îÄ‚îÄ‚îÄ‚îÄ‚îÄ‚îÄ‚îÄ‚îÄ‚îÄ‚îÄ‚îÄ‚îÄ‚îÄ‚îÄ‚îÄ‚îÄ‚îÄ‚îÄ‚îÄ‚îÄ‚îÄ‚îÄ‚îÄ‚îÄ‚îÄ‚îÄ‚îÄ‚îÄ‚îÄ‚îÄ‚îÄ‚îÄ‚îÄ‚îÄ‚îÄ‚îÄ‚îÄ‚îÄ‚îÄ‚îÄ‚îÄ‚îÄ‚îÄ‚îÄ‚îÄ‚îÄ‚îÄ‚îÄ‚îÄ‚îÄ‚îÄ‚îÄ‚îÄ‚îÄ‚îÄ‚îÄ‚îÄ‚îÄ‚îÄ‚îÄ‚îÄ‚îÄ‚îÄ‚îÄ‚îÄ‚îÄ‚îÄ‚îÄ‚îÄ‚îÄ‚îÄ‚îÄ‚îÄ‚îÄ‚îÄ‚îÄ‚îÄ‚îÄ‚îÄ‚îÄ‚îÄ‚îÄ‚îÄ‚îÄ‚îÄ‚îÄ‚îÄ‚îÄ‚îÄ
Admin UI E2E (firefox)	Run Playwright tests	2025-11-24T04:38:35.3764181Z 
Admin UI E2E (firefox)	Run Playwright tests	2025-11-24T04:38:35.3764319Z   1 failed
Admin UI E2E (firefox)	Run Playwright tests	2025-11-24T04:38:35.3765316Z     [firefox] ‚Ä∫ test/autentication/flows.spec.ts:189:3 ‚Ä∫ Authentication flow details ‚Ä∫ drags and drops execution 
Admin UI E2E (firefox)	Run Playwright tests	2025-11-24T04:38:35.3766183Z   3 skipped
Admin UI E2E (firefox)	Run Playwright tests	2025-11-24T04:38:35.3766521Z   355 passed (19.1m)
Admin UI E2E (firefox)	Run Playwright tests	2025-11-24T04:38:35.3809253Z ##[error]  1) [firefox] ‚Ä∫ test/autentication/flows.spec.ts:189:3 ‚Ä∫ Authentication flow details ‚Ä∫ drags and drops execution 
Admin UI E2E (firefox)	Run Playwright tests	    Error: expect(locator).toHaveText(expected) failed
Admin UI E2E (firefox)	Run Playwright tests	
Admin UI E2E (firefox)	Run Playwright tests	    Locator: getByTestId('last-alert')
Admin UI E2E (firefox)	Run Playwright tests	    Expected: "Flow successfully updated"
Admin UI E2E (firefox)	Run Playwright tests	    Timeout: 5000ms
Admin UI E2E (firefox)	Run Playwright tests	    Error: element(s) not found
Admin UI E2E (firefox)	Run Playwright tests	
Admin UI E2E (firefox)	Run Playwright tests	    Call log:
Admin UI E2E (firefox)	Run Playwright tests	      - Expect "toHaveText" with timeout 5000ms
Admin UI E2E (firefox)	Run Playwright tests	      - waiting for getByTestId('last-alert')
Admin UI E2E (firefox)	Run Playwright tests	
Admin UI E2E (firefox)	Run Playwright tests	
Admin UI E2E (firefox)	Run Playwright tests	       at utils/masthead.ts:5
Admin UI E2E (firefox)	Run Playwright tests	
Admin UI E2E (firefox)	Run Playwright tests	      3 |
Admin UI E2E (firefox)	Run Playwright tests	      4 | export async function assertNotificationMessage(page: Page, message: string) {
Admin UI E2E (firefox)	Run Playwright tests	    > 5 |   await expect(page.getByTestId("last-alert")).toHaveText(message);
Admin UI E2E (firefox)	Run Playwright tests	        |                                                ^
Admin UI E2E (firefox)	Run Playwright tests	      6 | }
Admin UI E2E (firefox)	Run Playwright tests	      7 |
Admin UI E2E (firefox)	Run Playwright tests	      8 | function getActionToggleButton(page: Page) {
Admin UI E2E (firefox)	Run Playwright tests	        at assertNotificationMessage (/home/runner/work/keycloak/keycloak/js/apps/admin-ui/test/utils/masthead.ts:5:48)
Admin UI E2E (firefox)	Run Playwright tests	        at /home/runner/work/keycloak/keycloak/js/apps/admin-ui/test/autentication/flows.spec.ts:209:11
Admin UI E2E (firefox)	Run Playwright tests	2025-11-24T04:38:35.3828029Z ##[notice]  1 failed
Admin UI E2E (firefox)	Run Playwright tests	    [firefox] ‚Ä∫ test/autentication/flows.spec.ts:189:3 ‚Ä∫ Authentication flow details ‚Ä∫ drags and drops execution 
Admin UI E2E (firefox)	Run Playwright tests	  3 skipped
Admin UI E2E (firefox)	Run Playwright tests	  355 passed (19.1m)
Admin UI E2E (firefox)	Run Playwright tests	2025-11-24T04:38:35.6306134Z 
Admin UI E2E (firefox)	Run Playwright tests	2025-11-24T04:38:35.6307051Z ‚ùå [test:integration] exited with exit code 1.
Admin UI E2E (firefox)	Run Playwright tests	2025-11-24T04:38:35.6314449Z ‚ùå 1 script failed.
Admin UI E2E (firefox)	Run Playwright tests	2025-11-24T04:38:35.6505928Z /home/runner/work/keycloak/keycloak/js/apps/admin-ui:
Admin UI E2E (firefox)	Run Playwright tests	2025-11-24T04:38:35.6507367Z ‚ÄâERR_PNPM_RECURSIVE_RUN_FIRST_FAIL‚Äâ @keycloak/keycloak-admin-ui@999.0.0-SNAPSHOT test:integration: `wireit -- --project=firefox`
Admin UI E2E (firefox)	Run Playwright tests	2025-11-24T04:38:35.6507931Z Exit status 1
Admin UI E2E (firefox)	Run Playwright tests	2025-11-24T04:38:35.6736117Z ##[error]Process completed with exit code 1.
Status Check - Keycloak JavaScript CI	Run /./.github/actions/status-check	Ôªø2025-11-24T04:38:47.6117349Z Prepare all required actions
Status Check - Keycloak JavaScript CI	Run /./.github/actions/status-check	2025-11-24T04:38:47.6181856Z ##[group]Run ./.github/actions/status-check
Status Check - Keycloak JavaScript CI	Run /./.github/actions/status-check	2025-11-24T04:38:47.6182147Z with:
Status Check - Keycloak JavaScript CI	Run /./.github/actions/status-check	2025-11-24T04:38:47.6183295Z   jobs: {
Status Check - Keycloak JavaScript CI	Run /./.github/actions/status-check	  "conditional": {
Status Check - Keycloak JavaScript CI	Run /./.github/actions/status-check	    "result": "success",
Status Check - Keycloak JavaScript CI	Run /./.github/actions/status-check	    "outputs": {
Status Check - Keycloak JavaScript CI	Run /./.github/actions/status-check	      "js-ci": "true"
Status Check - Keycloak JavaScript CI	Run /./.github/actions/status-check	    }
Status Check - Keycloak JavaScript CI	Run /./.github/actions/status-check	  },
Status Check - Keycloak JavaScript CI	Run /./.github/actions/status-check	  "build-keycloak": {
Status Check - Keycloak JavaScript CI	Run /./.github/actions/status-check	    "result": "success",
Status Check - Keycloak JavaScript CI	Run /./.github/actions/status-check	    "outputs": {}
Status Check - Keycloak JavaScript CI	Run /./.github/actions/status-check	  },
Status Check - Keycloak JavaScript CI	Run /./.github/actions/status-check	  "admin-client": {
Status Check - Keycloak JavaScript CI	Run /./.github/actions/status-check	    "result": "success",
Status Check - Keycloak JavaScript CI	Run /./.github/actions/status-check	    "outputs": {}
Status Check - Keycloak JavaScript CI	Run /./.github/actions/status-check	  },
Status Check - Keycloak JavaScript CI	Run /./.github/actions/status-check	  "ui-shared": {
Status Check - Keycloak JavaScript CI	Run /./.github/actions/status-check	    "result": "success",
Status Check - Keycloak JavaScript CI	Run /./.github/actions/status-check	    "outputs": {}
Status Check - Keycloak JavaScript CI	Run /./.github/actions/status-check	  },
Status Check - Keycloak JavaScript CI	Run /./.github/actions/status-check	  "account-ui": {
Status Check - Keycloak JavaScript CI	Run /./.github/actions/status-check	    "result": "success",
Status Check - Keycloak JavaScript CI	Run /./.github/actions/status-check	    "outputs": {}
Status Check - Keycloak JavaScript CI	Run /./.github/actions/status-check	  },
Status Check - Keycloak JavaScript CI	Run /./.github/actions/status-check	  "account-ui-e2e": {
Status Check - Keycloak JavaScript CI	Run /./.github/actions/status-check	    "result": "success",
Status Check - Keycloak JavaScript CI	Run /./.github/actions/status-check	    "outputs": {}
Status Check - Keycloak JavaScript CI	Run /./.github/actions/status-check	  },
Status Check - Keycloak JavaScript CI	Run /./.github/actions/status-check	  "admin-ui": {
Status Check - Keycloak JavaScript CI	Run /./.github/actions/status-check	    "result": "success",
Status Check - Keycloak JavaScript CI	Run /./.github/actions/status-check	    "outputs": {}
Status Check - Keycloak JavaScript CI	Run /./.github/actions/status-check	  },
Status Check - Keycloak JavaScript CI	Run /./.github/actions/status-check	  "admin-ui-e2e": {
Status Check - Keycloak JavaScript CI	Run /./.github/actions/status-check	    "result": "failure",
Status Check - Keycloak JavaScript CI	Run /./.github/actions/status-check	    "outputs": {}
Status Check - Keycloak JavaScript CI	Run /./.github/actions/status-check	  }
Status Check - Keycloak JavaScript CI	Run /./.github/actions/status-check	}
Status Check - Keycloak JavaScript CI	Run /./.github/actions/status-check	2025-11-24T04:38:47.6184556Z env:
Status Check - Keycloak JavaScript CI	Run /./.github/actions/status-check	2025-11-24T04:38:47.6184823Z   MAVEN_ARGS: -B -nsu -Daether.connector.http.connectionMaxTtl=25
Status Check - Keycloak JavaScript CI	Run /./.github/actions/status-check	2025-11-24T04:38:47.6185156Z ##[endgroup]
Status Check - Keycloak JavaScript CI	Run /./.github/actions/status-check	2025-11-24T04:38:47.6278556Z ##[group]Run JOBS='{
Status Check - Keycloak JavaScript CI	Run /./.github/actions/status-check	2025-11-24T04:38:47.6278877Z [36;1mJOBS='{[0m
Status Check - Keycloak JavaScript CI	Run /./.github/actions/status-check	2025-11-24T04:38:47.6279124Z [36;1m  "conditional": {[0m
Status Check - Keycloak JavaScript CI	Run /./.github/actions/status-check	2025-11-24T04:38:47.6279355Z [36;1m    "result": "success",[0m
Status Check - Keycloak JavaScript CI	Run /./.github/actions/status-check	2025-11-24T04:38:47.6279593Z [36;1m    "outputs": {[0m
Status Check - Keycloak JavaScript CI	Run /./.github/actions/status-check	2025-11-24T04:38:47.6279810Z [36;1m      "js-ci": "true"[0m
Status Check - Keycloak JavaScript CI	Run /./.github/actions/status-check	2025-11-24T04:38:47.6280009Z [36;1m    }[0m
Status Check - Keycloak JavaScript CI	Run /./.github/actions/status-check	2025-11-24T04:38:47.6280182Z [36;1m  },[0m
Status Check - Keycloak JavaScript CI	Run /./.github/actions/status-check	2025-11-24T04:38:47.6280376Z [36;1m  "build-keycloak": {[0m
Status Check - Keycloak JavaScript CI	Run /./.github/actions/status-check	2025-11-24T04:38:47.6280623Z [36;1m    "result": "success",[0m
Status Check - Keycloak JavaScript CI	Run /./.github/actions/status-check	2025-11-24T04:38:47.6280841Z [36;1m    "outputs": {}[0m
Status Check - Keycloak JavaScript CI	Run /./.github/actions/status-check	2025-11-24T04:38:47.6281035Z [36;1m  },[0m
Status Check - Keycloak JavaScript CI	Run /./.github/actions/status-check	2025-11-24T04:38:47.6281204Z [36;1m  "admin-client": {[0m
Status Check - Keycloak JavaScript CI	Run /./.github/actions/status-check	2025-11-24T04:38:47.6281418Z [36;1m    "result": "success",[0m
Status Check - Keycloak JavaScript CI	Run /./.github/actions/status-check	2025-11-24T04:38:47.6281635Z [36;1m    "outputs": {}[0m
Status Check - Keycloak JavaScript CI	Run /./.github/actions/status-check	2025-11-24T04:38:47.6281819Z [36;1m  },[0m
Status Check - Keycloak JavaScript CI	Run /./.github/actions/status-check	2025-11-24T04:38:47.6281986Z [36;1m  "ui-shared": {[0m
Status Check - Keycloak JavaScript CI	Run /./.github/actions/status-check	2025-11-24T04:38:47.6282180Z [36;1m    "result": "success",[0m
Status Check - Keycloak JavaScript CI	Run /./.github/actions/status-check	2025-11-24T04:38:47.6282405Z [36;1m    "outputs": {}[0m
Status Check - Keycloak JavaScript CI	Run /./.github/actions/status-check	2025-11-24T04:38:47.6282582Z [36;1m  },[0m
Status Check - Keycloak JavaScript CI	Run /./.github/actions/status-check	2025-11-24T04:38:47.6282757Z [36;1m  "account-ui": {[0m
Status Check - Keycloak JavaScript CI	Run /./.github/actions/status-check	2025-11-24T04:38:47.6283033Z [36;1m    "result": "success",[0m
Status Check - Keycloak JavaScript CI	Run /./.github/actions/status-check	2025-11-24T04:38:47.6283275Z [36;1m    "outputs": {}[0m
Status Check - Keycloak JavaScript CI	Run /./.github/actions/status-check	2025-11-24T04:38:47.6283463Z [36;1m  },[0m
Status Check - Keycloak JavaScript CI	Run /./.github/actions/status-check	2025-11-24T04:38:47.6283631Z [36;1m  "account-ui-e2e": {[0m
Status Check - Keycloak JavaScript CI	Run /./.github/actions/status-check	2025-11-24T04:38:47.6283842Z [36;1m    "result": "success",[0m
Status Check - Keycloak JavaScript CI	Run /./.github/actions/status-check	2025-11-24T04:38:47.6284050Z [36;1m    "outputs": {}[0m
Status Check - Keycloak JavaScript CI	Run /./.github/actions/status-check	2025-11-24T04:38:47.6284234Z [36;1m  },[0m
Status Check - Keycloak JavaScript CI	Run /./.github/actions/status-check	2025-11-24T04:38:47.6284398Z [36;1m  "admin-ui": {[0m
Status Check - Keycloak JavaScript CI	Run /./.github/actions/status-check	2025-11-24T04:38:47.6284595Z [36;1m    "result": "success",[0m
Status Check - Keycloak JavaScript CI	Run /./.github/actions/status-check	2025-11-24T04:38:47.6284802Z [36;1m    "outputs": {}[0m
Status Check - Keycloak JavaScript CI	Run /./.github/actions/status-check	2025-11-24T04:38:47.6284987Z [36;1m  },[0m
Status Check - Keycloak JavaScript CI	Run /./.github/actions/status-check	2025-11-24T04:38:47.6285151Z [36;1m  "admin-ui-e2e": {[0m
Status Check - Keycloak JavaScript CI	Run /./.github/actions/status-check	2025-11-24T04:38:47.6285355Z [36;1m    "result": "failure",[0m
Status Check - Keycloak JavaScript CI	Run /./.github/actions/status-check	2025-11-24T04:38:47.6285568Z [36;1m    "outputs": {}[0m
Status Check - Keycloak JavaScript CI	Run /./.github/actions/status-check	2025-11-24T04:38:47.6285750Z [36;1m  }[0m
Status Check - Keycloak JavaScript CI	Run /./.github/actions/status-check	2025-11-24T04:38:47.6285929Z [36;1m}'[0m
Status Check - Keycloak JavaScript CI	Run /./.github/actions/status-check	2025-11-24T04:38:47.6286086Z [36;1m[0m
Status Check - Keycloak JavaScript CI	Run /./.github/actions/status-check	2025-11-24T04:38:47.6286257Z [36;1mecho "Job status:"[0m
Status Check - Keycloak JavaScript CI	Run /./.github/actions/status-check	2025-11-24T04:38:47.6286569Z [36;1mecho $JOBS | jq -r 'to_entries[] | " - \(.key): \(.value.result)"'[0m
Status Check - Keycloak JavaScript CI	Run /./.github/actions/status-check	2025-11-24T04:38:47.6286891Z [36;1m[0m
Status Check - Keycloak JavaScript CI	Run /./.github/actions/status-check	2025-11-24T04:38:47.6287134Z [36;1mfor i in $(echo $JOBS | jq -r 'to_entries[] | .value.result'); do[0m
Status Check - Keycloak JavaScript CI	Run /./.github/actions/status-check	2025-11-24T04:38:47.6287693Z [36;1m  if [ "$i" != "success" ] && [ "$i" != "skipped" ]; then[0m
Status Check - Keycloak JavaScript CI	Run /./.github/actions/status-check	2025-11-24T04:38:47.6287971Z [36;1m    echo ""[0m
Status Check - Keycloak JavaScript CI	Run /./.github/actions/status-check	2025-11-24T04:38:47.6288167Z [36;1m    echo "Status check not okay!"[0m
Status Check - Keycloak JavaScript CI	Run /./.github/actions/status-check	2025-11-24T04:38:47.6288403Z [36;1m    exit 1[0m
Status Check - Keycloak JavaScript CI	Run /./.github/actions/status-check	2025-11-24T04:38:47.6288572Z [36;1m  fi[0m
Status Check - Keycloak JavaScript CI	Run /./.github/actions/status-check	2025-11-24T04:38:47.6288730Z [36;1mdone[0m
Status Check - Keycloak JavaScript CI	Run /./.github/actions/status-check	2025-11-24T04:38:47.6325753Z shell: /usr/bin/bash --noprofile --norc -e -o pipefail {0}
Status Check - Keycloak JavaScript CI	Run /./.github/actions/status-check	2025-11-24T04:38:47.6326084Z env:
Status Check - Keycloak JavaScript CI	Run /./.github/actions/status-check	2025-11-24T04:38:47.6326351Z   MAVEN_ARGS: -B -nsu -Daether.connector.http.connectionMaxTtl=25
Status Check - Keycloak JavaScript CI	Run /./.github/actions/status-check	2025-11-24T04:38:47.6326666Z ##[endgroup]
Status Check - Keycloak JavaScript CI	Run /./.github/actions/status-check	2025-11-24T04:38:47.6397429Z Job status:
Status Check - Keycloak JavaScript CI	Run /./.github/actions/status-check	2025-11-24T04:38:47.6441938Z  - conditional: success
Status Check - Keycloak JavaScript CI	Run /./.github/actions/status-check	2025-11-24T04:38:47.6442370Z  - build-keycloak: success
Status Check - Keycloak JavaScript CI	Run /./.github/actions/status-check	2025-11-24T04:38:47.6443008Z  - admin-client: success
Status Check - Keycloak JavaScript CI	Run /./.github/actions/status-check	2025-11-24T04:38:47.6443231Z  - ui-shared: success
Status Check - Keycloak JavaScript CI	Run /./.github/actions/status-check	2025-11-24T04:38:47.6443423Z  - account-ui: success
Status Check - Keycloak JavaScript CI	Run /./.github/actions/status-check	2025-11-24T04:38:47.6443621Z  - account-ui-e2e: success
Status Check - Keycloak JavaScript CI	Run /./.github/actions/status-check	2025-11-24T04:38:47.6443820Z  - admin-ui: success
Status Check - Keycloak JavaScript CI	Run /./.github/actions/status-check	2025-11-24T04:38:47.6444020Z  - admin-ui-e2e: failure
Status Check - Keycloak JavaScript CI	Run /./.github/actions/status-check	2025-11-24T04:38:47.6475971Z 
Status Check - Keycloak JavaScript CI	Run /./.github/actions/status-check	2025-11-24T04:38:47.6476139Z Status check not okay!
Status Check - Keycloak JavaScript CI	Run /./.github/actions/status-check	2025-11-24T04:38:47.6488997Z ##[error]Process completed with exit code 1.
