Admin UI E2E (firefox)	Run Playwright tests	ï»¿2025-12-13T04:13:52.7751507Z ##[group]Run pnpm --fail-if-no-match --filter @keycloak/keycloak-admin-ui test:integration -- --project=firefox
Admin UI E2E (firefox)	Run Playwright tests	2025-12-13T04:13:52.7753303Z [36;1mpnpm --fail-if-no-match --filter @keycloak/keycloak-admin-ui test:integration -- --project=firefox[0m
Admin UI E2E (firefox)	Run Playwright tests	2025-12-13T04:13:52.7787088Z shell: /usr/bin/bash --noprofile --norc -e -o pipefail {0}
Admin UI E2E (firefox)	Run Playwright tests	2025-12-13T04:13:52.7787431Z env:
Admin UI E2E (firefox)	Run Playwright tests	2025-12-13T04:13:52.7787719Z   MAVEN_ARGS: -B -nsu -Daether.connector.http.connectionMaxTtl=25
Admin UI E2E (firefox)	Run Playwright tests	2025-12-13T04:13:52.7788088Z   WORKSPACE: @keycloak/keycloak-admin-ui
Admin UI E2E (firefox)	Run Playwright tests	2025-12-13T04:13:52.7788355Z   RETRY_COUNT: 3
Admin UI E2E (firefox)	Run Playwright tests	2025-12-13T04:13:52.7788662Z   JAVA_HOME: /opt/hostedtoolcache/Java_Temurin-Hotspot_jdk/21.0.9-10/x64
Admin UI E2E (firefox)	Run Playwright tests	2025-12-13T04:13:52.7789119Z   JAVA_HOME_21_X64: /opt/hostedtoolcache/Java_Temurin-Hotspot_jdk/21.0.9-10/x64
Admin UI E2E (firefox)	Run Playwright tests	2025-12-13T04:13:52.7789654Z ##[endgroup]
Admin UI E2E (firefox)	Run Playwright tests	2025-12-13T04:13:53.1009195Z 
Admin UI E2E (firefox)	Run Playwright tests	2025-12-13T04:13:53.1010275Z > @keycloak/keycloak-admin-ui@999.0.0-SNAPSHOT test:integration /home/runner/work/keycloak/keycloak/js/apps/admin-ui
Admin UI E2E (firefox)	Run Playwright tests	2025-12-13T04:13:53.1011066Z > wireit -- --project=firefox
Admin UI E2E (firefox)	Run Playwright tests	2025-12-13T04:13:53.1011268Z 
Admin UI E2E (firefox)	Run Playwright tests	2025-12-13T04:13:53.2041262Z Analyzing
Admin UI E2E (firefox)	Run Playwright tests	2025-12-13T04:13:54.2045864Z   0% [0 / 2] [1 running] ../../libs/keycloak-admin-client:build
Admin UI E2E (firefox)	Run Playwright tests	2025-12-13T04:13:54.8549972Z (node:5787) [DEP0190] DeprecationWarning: Passing args to a child process with shell option true can lead to security vulnerabilities, as the arguments are not escaped, only concatenated.
Admin UI E2E (firefox)	Run Playwright tests	2025-12-13T04:13:54.8551857Z (Use `node --trace-deprecation ...` to show where the warning was created)
Admin UI E2E (firefox)	Run Playwright tests	2025-12-13T04:13:55.2055283Z  50% [1 / 2] [1 running] test:integration
Admin UI E2E (firefox)	Run Playwright tests	2025-12-13T04:13:57.4841440Z 
Admin UI E2E (firefox)	Run Playwright tests	2025-12-13T04:13:57.4842334Z Running 379 tests using 1 worker
Admin UI E2E (firefox)	Run Playwright tests	2025-12-13T04:18:38.1648327Z Â·Â·Â·Â·Â·Â·Â·Â·Â·Â·Â·Â·Â·Â·Â·Â·Â·Â·Â·Â·Â·Â·Â·Â·Â·Â·Â·Â·Â·Â·Â·Â·Â·Â·Â·Â·Â·Â·Â·Â·Â·Â·Â·Â·Â·Â·Â·Â·Â·Â·Â·Â·Â·Â·Â·Â·Â·Â·Â·Â·Â·Â·Â·Â·Â·Â·Â·Â·Â·Â·Â·Â·Â·Â·Â·Â·Â·Â·Â·Â°
Admin UI E2E (firefox)	Run Playwright tests	2025-12-13T04:22:42.1414804Z Â·Â·Â·Â·Â·Â·Â·Â·Â°Â·Â·Â·Â·Â·Â·Â·Â·Â·Â·Â·Â·Â·Â·Â·Â·Â·Â·Â·Â·Â·Â·Â·Â·Â·Â°Â·Â·Â·Â·Â·Â·Â·Â·Â·Â·Â·Â·Â·Â·Â·Â·Â·Â·Â·Â·Â·Â·Â·Â·Â·Â·Â·Â·Â·Â·Â·Â·Â·Â·Â·Â·Â·Â·Â·Â·Â·Â·Â·Â·Â·
Admin UI E2E (firefox)	Run Playwright tests	2025-12-13T04:26:57.6981713Z Â·Â·Â·Â·Â·Â·Â·Â·Â·Â·Â·Â·Â·Â·Â·Â·Â·Â·Â·Â·Â·Â·Â·Â·Â·Â·Â·Â·Â·Â·Â·Â·Â·Â·Â·Â·Â·Â·Â·Â·Â·Â·Â·Â·Â·Â·Â·Â·Â·Â·Â·Â·Â·Â·Â·Â·Â·Â·Â·Â·Â·Â·Â·Â·Â·Â·Â·Â·Â·Â·Â·Â·Â·Â·Â·Â·Â·Â·Â·Â·
Admin UI E2E (firefox)	Run Playwright tests	2025-12-13T04:31:08.2515147Z Â·Â·Â·Â·Â·Â·Â·Â·Â·Â·Â·Â·Â·Â·Â·Â·Â·Â·Â·Â·Â·Â·Â·Â·Â·Â·Â·Â·Â·Â·Â·Â·Â·Â·Â·Â·Â·Â·Â·Â·Â·Â·Â·Â·Â·Â·Â·Â·Â·Â·Â·Â·Â·Â·Â·Â·Â·Â·Â·Â·Â·Â·Â·Â·Â·Â·Â·Â·Â·Â·Â·Â·Â·Â·Â·Â·Â·Â·Â·Â·
Admin UI E2E (firefox)	Run Playwright tests	2025-12-13T04:34:15.8660287Z Â·Â·Â·Â·Â·Â·Â·Â·Â·Â·Â·Â·Â·Â·Â·Â·Â·Â·Â·Â·Â·Â·Â·Â·Â·Â·Â·Â·Â·Â·Â·Â·Â·Â·Â·Â·Â·Â·Â·Â·Â·Â·Â·Â·Â·Â·Â·Â·Â·Â·Â·Â·TÂ°Â°Â°Â°Â°Â°
Admin UI E2E (firefox)	Run Playwright tests	2025-12-13T04:34:15.8666575Z 
Admin UI E2E (firefox)	Run Playwright tests	2025-12-13T04:34:15.8691610Z   1) [firefox] â€º test/workflows/main.spec.ts:60:3 â€º Workflow CRUD â€º should create simple workflow from empty state 
Admin UI E2E (firefox)	Run Playwright tests	2025-12-13T04:34:15.8703679Z 
Admin UI E2E (firefox)	Run Playwright tests	2025-12-13T04:34:15.8704645Z     [31mTest timeout of 30000ms exceeded while running "beforeEach" hook.[39m
Admin UI E2E (firefox)	Run Playwright tests	2025-12-13T04:34:15.8705154Z 
Admin UI E2E (firefox)	Run Playwright tests	2025-12-13T04:34:15.8705501Z       69 |   test.afterAll(() => adminClient.deleteRealm(realmName));
Admin UI E2E (firefox)	Run Playwright tests	2025-12-13T04:34:15.8706050Z       70 |
Admin UI E2E (firefox)	Run Playwright tests	2025-12-13T04:34:15.8706470Z     > 71 |   test.beforeEach(async ({ page }) => {
Admin UI E2E (firefox)	Run Playwright tests	2025-12-13T04:34:15.8707001Z          |        ^
Admin UI E2E (firefox)	Run Playwright tests	2025-12-13T04:34:15.8707393Z       72 |     await login(page);
Admin UI E2E (firefox)	Run Playwright tests	2025-12-13T04:34:15.8707904Z       73 |     await goToRealm(page, realmName);
Admin UI E2E (firefox)	Run Playwright tests	2025-12-13T04:34:15.8708439Z       74 |     await goToWorkflows(page);
Admin UI E2E (firefox)	Run Playwright tests	2025-12-13T04:34:15.8709312Z         at /home/runner/work/keycloak/keycloak/js/apps/admin-ui/test/workflows/main.spec.ts:71:8
Admin UI E2E (firefox)	Run Playwright tests	2025-12-13T04:34:15.8709933Z 
Admin UI E2E (firefox)	Run Playwright tests	2025-12-13T04:34:15.8710232Z     Error: locator.click: Test timeout of 30000ms exceeded.
Admin UI E2E (firefox)	Run Playwright tests	2025-12-13T04:34:15.8710740Z     Call log:
Admin UI E2E (firefox)	Run Playwright tests	2025-12-13T04:34:15.8711319Z     [2m  - waiting for getByTestId('nav-item-workflows')[22m
Admin UI E2E (firefox)	Run Playwright tests	2025-12-13T04:34:15.8711711Z 
Admin UI E2E (firefox)	Run Playwright tests	2025-12-13T04:34:15.8711721Z 
Admin UI E2E (firefox)	Run Playwright tests	2025-12-13T04:34:15.8711879Z        at utils/sidebar.ts:65
Admin UI E2E (firefox)	Run Playwright tests	2025-12-13T04:34:15.8712438Z 
Admin UI E2E (firefox)	Run Playwright tests	2025-12-13T04:34:15.8712577Z       63 |
Admin UI E2E (firefox)	Run Playwright tests	2025-12-13T04:34:15.8713055Z       64 | export async function goToWorkflows(page: Page) {
Admin UI E2E (firefox)	Run Playwright tests	2025-12-13T04:34:15.8713770Z     > 65 |   await page.getByTestId("nav-item-workflows").click();
Admin UI E2E (firefox)	Run Playwright tests	2025-12-13T04:34:15.8714395Z          |                                                ^
Admin UI E2E (firefox)	Run Playwright tests	2025-12-13T04:34:15.8714841Z       66 | }
Admin UI E2E (firefox)	Run Playwright tests	2025-12-13T04:34:15.8715148Z       67 |
Admin UI E2E (firefox)	Run Playwright tests	2025-12-13T04:34:15.8715935Z         at goToWorkflows (/home/runner/work/keycloak/keycloak/js/apps/admin-ui/test/utils/sidebar.ts:65:48)
Admin UI E2E (firefox)	Run Playwright tests	2025-12-13T04:34:15.8717560Z         at /home/runner/work/keycloak/keycloak/js/apps/admin-ui/test/workflows/main.spec.ts:74:11
Admin UI E2E (firefox)	Run Playwright tests	2025-12-13T04:34:15.8718174Z 
Admin UI E2E (firefox)	Run Playwright tests	2025-12-13T04:34:15.8718931Z     Error Context: test-results/workflows-main-Workflow-CR-2d102-e-workflow-from-empty-state-firefox/error-context.md
Admin UI E2E (firefox)	Run Playwright tests	2025-12-13T04:34:15.8719747Z 
Admin UI E2E (firefox)	Run Playwright tests	2025-12-13T04:34:15.8720429Z     attachment #2: trace (application/zip) â”€â”€â”€â”€â”€â”€â”€â”€â”€â”€â”€â”€â”€â”€â”€â”€â”€â”€â”€â”€â”€â”€â”€â”€â”€â”€â”€â”€â”€â”€â”€â”€â”€â”€â”€â”€â”€â”€â”€â”€â”€â”€â”€â”€â”€â”€â”€â”€â”€â”€â”€â”€â”€â”€â”€â”€â”€
Admin UI E2E (firefox)	Run Playwright tests	2025-12-13T04:34:15.8721558Z     test-results/workflows-main-Workflow-CR-2d102-e-workflow-from-empty-state-firefox/trace.zip
Admin UI E2E (firefox)	Run Playwright tests	2025-12-13T04:34:15.8722517Z     Usage:
Admin UI E2E (firefox)	Run Playwright tests	2025-12-13T04:34:15.8722703Z 
Admin UI E2E (firefox)	Run Playwright tests	2025-12-13T04:34:15.8723517Z         pnpm exec playwright show-trace test-results/workflows-main-Workflow-CR-2d102-e-workflow-from-empty-state-firefox/trace.zip
Admin UI E2E (firefox)	Run Playwright tests	2025-12-13T04:34:15.8724572Z 
Admin UI E2E (firefox)	Run Playwright tests	2025-12-13T04:34:15.8725134Z     â”€â”€â”€â”€â”€â”€â”€â”€â”€â”€â”€â”€â”€â”€â”€â”€â”€â”€â”€â”€â”€â”€â”€â”€â”€â”€â”€â”€â”€â”€â”€â”€â”€â”€â”€â”€â”€â”€â”€â”€â”€â”€â”€â”€â”€â”€â”€â”€â”€â”€â”€â”€â”€â”€â”€â”€â”€â”€â”€â”€â”€â”€â”€â”€â”€â”€â”€â”€â”€â”€â”€â”€â”€â”€â”€â”€â”€â”€â”€â”€â”€â”€â”€â”€â”€â”€â”€â”€â”€â”€â”€â”€â”€â”€â”€â”€
Admin UI E2E (firefox)	Run Playwright tests	2025-12-13T04:34:15.8725554Z 
Admin UI E2E (firefox)	Run Playwright tests	2025-12-13T04:34:15.8725688Z   1 failed
Admin UI E2E (firefox)	Run Playwright tests	2025-12-13T04:34:15.8726621Z     [firefox] â€º test/workflows/main.spec.ts:60:3 â€º Workflow CRUD â€º should create simple workflow from empty state 
Admin UI E2E (firefox)	Run Playwright tests	2025-12-13T04:34:15.8727397Z   3 skipped
Admin UI E2E (firefox)	Run Playwright tests	2025-12-13T04:34:15.8727712Z   6 did not run
Admin UI E2E (firefox)	Run Playwright tests	2025-12-13T04:34:15.8728051Z   369 passed (20.3m)
Admin UI E2E (firefox)	Run Playwright tests	2025-12-13T04:34:15.8757473Z ##[error]  1) [firefox] â€º test/workflows/main.spec.ts:60:3 â€º Workflow CRUD â€º should create simple workflow from empty state 
Admin UI E2E (firefox)	Run Playwright tests	    Test timeout of 30000ms exceeded while running "beforeEach" hook.
Admin UI E2E (firefox)	Run Playwright tests	
Admin UI E2E (firefox)	Run Playwright tests	      69 |   test.afterAll(() => adminClient.deleteRealm(realmName));
Admin UI E2E (firefox)	Run Playwright tests	      70 |
Admin UI E2E (firefox)	Run Playwright tests	    > 71 |   test.beforeEach(async ({ page }) => {
Admin UI E2E (firefox)	Run Playwright tests	         |        ^
Admin UI E2E (firefox)	Run Playwright tests	      72 |     await login(page);
Admin UI E2E (firefox)	Run Playwright tests	      73 |     await goToRealm(page, realmName);
Admin UI E2E (firefox)	Run Playwright tests	      74 |     await goToWorkflows(page);
Admin UI E2E (firefox)	Run Playwright tests	        at /home/runner/work/keycloak/keycloak/js/apps/admin-ui/test/workflows/main.spec.ts:71:8
Admin UI E2E (firefox)	Run Playwright tests	2025-12-13T04:34:15.8775885Z ##[error]  1) [firefox] â€º test/workflows/main.spec.ts:60:3 â€º Workflow CRUD â€º should create simple workflow from empty state 
Admin UI E2E (firefox)	Run Playwright tests	    Error: locator.click: Test timeout of 30000ms exceeded.
Admin UI E2E (firefox)	Run Playwright tests	    Call log:
Admin UI E2E (firefox)	Run Playwright tests	      - waiting for getByTestId('nav-item-workflows')
Admin UI E2E (firefox)	Run Playwright tests	
Admin UI E2E (firefox)	Run Playwright tests	
Admin UI E2E (firefox)	Run Playwright tests	       at utils/sidebar.ts:65
Admin UI E2E (firefox)	Run Playwright tests	
Admin UI E2E (firefox)	Run Playwright tests	      63 |
Admin UI E2E (firefox)	Run Playwright tests	      64 | export async function goToWorkflows(page: Page) {
Admin UI E2E (firefox)	Run Playwright tests	    > 65 |   await page.getByTestId("nav-item-workflows").click();
Admin UI E2E (firefox)	Run Playwright tests	         |                                                ^
Admin UI E2E (firefox)	Run Playwright tests	      66 | }
Admin UI E2E (firefox)	Run Playwright tests	      67 |
Admin UI E2E (firefox)	Run Playwright tests	        at goToWorkflows (/home/runner/work/keycloak/keycloak/js/apps/admin-ui/test/utils/sidebar.ts:65:48)
Admin UI E2E (firefox)	Run Playwright tests	        at /home/runner/work/keycloak/keycloak/js/apps/admin-ui/test/workflows/main.spec.ts:74:11
Admin UI E2E (firefox)	Run Playwright tests	2025-12-13T04:34:15.8781618Z ##[notice]  1 failed
Admin UI E2E (firefox)	Run Playwright tests	    [firefox] â€º test/workflows/main.spec.ts:60:3 â€º Workflow CRUD â€º should create simple workflow from empty state 
Admin UI E2E (firefox)	Run Playwright tests	  3 skipped
Admin UI E2E (firefox)	Run Playwright tests	  6 did not run
Admin UI E2E (firefox)	Run Playwright tests	  369 passed (20.3m)
Admin UI E2E (firefox)	Run Playwright tests	2025-12-13T04:34:16.1414862Z 
Admin UI E2E (firefox)	Run Playwright tests	2025-12-13T04:34:16.1415838Z âŒ [test:integration] exited with exit code 1.
Admin UI E2E (firefox)	Run Playwright tests	2025-12-13T04:34:16.1419890Z âŒ 1 script failed.
Admin UI E2E (firefox)	Run Playwright tests	2025-12-13T04:34:16.1699921Z /home/runner/work/keycloak/keycloak/js/apps/admin-ui:
Admin UI E2E (firefox)	Run Playwright tests	2025-12-13T04:34:16.1703553Z â€‰ERR_PNPM_RECURSIVE_RUN_FIRST_FAILâ€‰ @keycloak/keycloak-admin-ui@999.0.0-SNAPSHOT test:integration: `wireit -- --project=firefox`
Admin UI E2E (firefox)	Run Playwright tests	2025-12-13T04:34:16.1704641Z Exit status 1
Admin UI E2E (firefox)	Run Playwright tests	2025-12-13T04:34:16.1896858Z ##[error]Process completed with exit code 1.
Account UI E2E (chromium)	Run Playwright tests	ï»¿2025-12-13T04:13:39.0002594Z ##[group]Run pnpm --fail-if-no-match --filter @keycloak/keycloak-account-ui test -- --project=chromium
Account UI E2E (chromium)	Run Playwright tests	2025-12-13T04:13:39.0003346Z [36;1mpnpm --fail-if-no-match --filter @keycloak/keycloak-account-ui test -- --project=chromium[0m
Account UI E2E (chromium)	Run Playwright tests	2025-12-13T04:13:39.0039910Z shell: /usr/bin/bash --noprofile --norc -e -o pipefail {0}
Account UI E2E (chromium)	Run Playwright tests	2025-12-13T04:13:39.0040246Z env:
Account UI E2E (chromium)	Run Playwright tests	2025-12-13T04:13:39.0040848Z   MAVEN_ARGS: -B -nsu -Daether.connector.http.connectionMaxTtl=25
Account UI E2E (chromium)	Run Playwright tests	2025-12-13T04:13:39.0041457Z   WORKSPACE: @keycloak/keycloak-account-ui
Account UI E2E (chromium)	Run Playwright tests	2025-12-13T04:13:39.0041840Z   JAVA_HOME: /opt/hostedtoolcache/Java_Temurin-Hotspot_jdk/21.0.9-10/x64
Account UI E2E (chromium)	Run Playwright tests	2025-12-13T04:13:39.0042290Z   JAVA_HOME_21_X64: /opt/hostedtoolcache/Java_Temurin-Hotspot_jdk/21.0.9-10/x64
Account UI E2E (chromium)	Run Playwright tests	2025-12-13T04:13:39.0042641Z ##[endgroup]
Account UI E2E (chromium)	Run Playwright tests	2025-12-13T04:13:39.3194156Z 
Account UI E2E (chromium)	Run Playwright tests	2025-12-13T04:13:39.3194995Z > @keycloak/keycloak-account-ui@999.0.0-SNAPSHOT test /home/runner/work/keycloak/keycloak/js/apps/account-ui
Account UI E2E (chromium)	Run Playwright tests	2025-12-13T04:13:39.3195605Z > wireit -- --project=chromium
Account UI E2E (chromium)	Run Playwright tests	2025-12-13T04:13:39.3195822Z 
Account UI E2E (chromium)	Run Playwright tests	2025-12-13T04:13:39.4232974Z Analyzing
Account UI E2E (chromium)	Run Playwright tests	2025-12-13T04:13:40.4243380Z   0% [0 / 2] [1 running] ../../libs/keycloak-admin-client:build
Account UI E2E (chromium)	Run Playwright tests	2025-12-13T04:13:41.0687569Z (node:5805) [DEP0190] DeprecationWarning: Passing args to a child process with shell option true can lead to security vulnerabilities, as the arguments are not escaped, only concatenated.
Account UI E2E (chromium)	Run Playwright tests	2025-12-13T04:13:41.0689215Z (Use `node --trace-deprecation ...` to show where the warning was created)
Account UI E2E (chromium)	Run Playwright tests	2025-12-13T04:13:41.4243692Z  50% [1 / 2] [1 running] test
Account UI E2E (chromium)	Run Playwright tests	2025-12-13T04:13:43.1497513Z 
Account UI E2E (chromium)	Run Playwright tests	2025-12-13T04:13:43.1498514Z Running 20 tests using 2 workers
Account UI E2E (chromium)	Run Playwright tests	2025-12-13T04:14:22.9420802Z Â·Â·Â·Â·Â·Â·Â·Â·Â·Â·Â·Â·Â·Â·Â·Â·Â·FFF
Account UI E2E (chromium)	Run Playwright tests	2025-12-13T04:14:22.9428101Z 
Account UI E2E (chromium)	Run Playwright tests	2025-12-13T04:14:22.9439292Z   1) [chromium] â€º test/resources.spec.ts:7:3 â€º Resources â€º shows the resources owned by the user â”€â”€â”€
Account UI E2E (chromium)	Run Playwright tests	2025-12-13T04:14:22.9440234Z 
Account UI E2E (chromium)	Run Playwright tests	2025-12-13T04:14:22.9440474Z     Error: Duplicate resource error
Account UI E2E (chromium)	Run Playwright tests	2025-12-13T04:14:22.9440943Z 
Account UI E2E (chromium)	Run Playwright tests	2025-12-13T04:14:22.9441347Z        at ../../../libs/keycloak-admin-client/lib/utils/fetchWithError.js:16
Account UI E2E (chromium)	Run Playwright tests	2025-12-13T04:14:22.9441842Z 
Account UI E2E (chromium)	Run Playwright tests	2025-12-13T04:14:22.9442185Z       14 |         const responseData = await parseResponse(response);
Account UI E2E (chromium)	Run Playwright tests	2025-12-13T04:14:22.9442899Z       15 |         const message = getErrorMessage(responseData);
Account UI E2E (chromium)	Run Playwright tests	2025-12-13T04:14:22.9443413Z     > 16 |         throw new NetworkError(message, {
Account UI E2E (chromium)	Run Playwright tests	2025-12-13T04:14:22.9443726Z          |               ^
Account UI E2E (chromium)	Run Playwright tests	2025-12-13T04:14:22.9443995Z       17 |             response,
Account UI E2E (chromium)	Run Playwright tests	2025-12-13T04:14:22.9444295Z       18 |             responseData,
Account UI E2E (chromium)	Run Playwright tests	2025-12-13T04:14:22.9444563Z       19 |         });
Account UI E2E (chromium)	Run Playwright tests	2025-12-13T04:14:22.9445236Z         at fetchWithError (/home/runner/work/keycloak/keycloak/js/libs/keycloak-admin-client/lib/utils/fetchWithError.js:16:15)
Account UI E2E (chromium)	Run Playwright tests	2025-12-13T04:14:22.9446838Z         at Agent.#requestWithParams (/home/runner/work/keycloak/keycloak/js/libs/keycloak-admin-client/lib/resources/agent.js:127:25)
Account UI E2E (chromium)	Run Playwright tests	2025-12-13T04:14:22.9447926Z         at createTestBed (/home/runner/work/keycloak/keycloak/js/apps/account-ui/test/support/testbed.ts:12:32)
Account UI E2E (chromium)	Run Playwright tests	2025-12-13T04:14:22.9448689Z         at /home/runner/work/keycloak/keycloak/js/apps/account-ui/test/resources.spec.ts:9:27
Account UI E2E (chromium)	Run Playwright tests	2025-12-13T04:14:22.9449058Z 
Account UI E2E (chromium)	Run Playwright tests	2025-12-13T04:14:22.9449509Z     attachment #1: trace (application/zip) â”€â”€â”€â”€â”€â”€â”€â”€â”€â”€â”€â”€â”€â”€â”€â”€â”€â”€â”€â”€â”€â”€â”€â”€â”€â”€â”€â”€â”€â”€â”€â”€â”€â”€â”€â”€â”€â”€â”€â”€â”€â”€â”€â”€â”€â”€â”€â”€â”€â”€â”€â”€â”€â”€â”€â”€â”€
Account UI E2E (chromium)	Run Playwright tests	2025-12-13T04:14:22.9450219Z     test-results/resources-Resources-shows-the-resources-owned-by-the-user-chromium/trace.zip
Account UI E2E (chromium)	Run Playwright tests	2025-12-13T04:14:22.9450937Z     Usage:
Account UI E2E (chromium)	Run Playwright tests	2025-12-13T04:14:22.9451046Z 
Account UI E2E (chromium)	Run Playwright tests	2025-12-13T04:14:22.9451570Z         pnpm exec playwright show-trace test-results/resources-Resources-shows-the-resources-owned-by-the-user-chromium/trace.zip
Account UI E2E (chromium)	Run Playwright tests	2025-12-13T04:14:22.9452110Z 
Account UI E2E (chromium)	Run Playwright tests	2025-12-13T04:14:22.9452439Z     â”€â”€â”€â”€â”€â”€â”€â”€â”€â”€â”€â”€â”€â”€â”€â”€â”€â”€â”€â”€â”€â”€â”€â”€â”€â”€â”€â”€â”€â”€â”€â”€â”€â”€â”€â”€â”€â”€â”€â”€â”€â”€â”€â”€â”€â”€â”€â”€â”€â”€â”€â”€â”€â”€â”€â”€â”€â”€â”€â”€â”€â”€â”€â”€â”€â”€â”€â”€â”€â”€â”€â”€â”€â”€â”€â”€â”€â”€â”€â”€â”€â”€â”€â”€â”€â”€â”€â”€â”€â”€â”€â”€â”€â”€â”€â”€
Account UI E2E (chromium)	Run Playwright tests	2025-12-13T04:14:22.9452701Z 
Account UI E2E (chromium)	Run Playwright tests	2025-12-13T04:14:22.9453157Z   2) [chromium] â€º test/resources.spec.ts:24:3 â€º Resources â€º shows no resources are shared with another user 
Account UI E2E (chromium)	Run Playwright tests	2025-12-13T04:14:22.9453544Z 
Account UI E2E (chromium)	Run Playwright tests	2025-12-13T04:14:22.9454112Z     Error: Duplicate resource error
Account UI E2E (chromium)	Run Playwright tests	2025-12-13T04:14:22.9454408Z 
Account UI E2E (chromium)	Run Playwright tests	2025-12-13T04:14:22.9454788Z        at ../../../libs/keycloak-admin-client/lib/utils/fetchWithError.js:16
Account UI E2E (chromium)	Run Playwright tests	2025-12-13T04:14:22.9455185Z 
Account UI E2E (chromium)	Run Playwright tests	2025-12-13T04:14:22.9455519Z       14 |         const responseData = await parseResponse(response);
Account UI E2E (chromium)	Run Playwright tests	2025-12-13T04:14:22.9456268Z       15 |         const message = getErrorMessage(responseData);
Account UI E2E (chromium)	Run Playwright tests	2025-12-13T04:14:22.9456814Z     > 16 |         throw new NetworkError(message, {
Account UI E2E (chromium)	Run Playwright tests	2025-12-13T04:14:22.9457109Z          |               ^
Account UI E2E (chromium)	Run Playwright tests	2025-12-13T04:14:22.9457454Z       17 |             response,
Account UI E2E (chromium)	Run Playwright tests	2025-12-13T04:14:22.9457917Z       18 |             responseData,
Account UI E2E (chromium)	Run Playwright tests	2025-12-13T04:14:22.9458354Z       19 |         });
Account UI E2E (chromium)	Run Playwright tests	2025-12-13T04:14:22.9459428Z         at fetchWithError (/home/runner/work/keycloak/keycloak/js/libs/keycloak-admin-client/lib/utils/fetchWithError.js:16:15)
Account UI E2E (chromium)	Run Playwright tests	2025-12-13T04:14:22.9460994Z         at Agent.#requestWithParams (/home/runner/work/keycloak/keycloak/js/libs/keycloak-admin-client/lib/resources/agent.js:127:25)
Account UI E2E (chromium)	Run Playwright tests	2025-12-13T04:14:22.9462054Z         at createTestBed (/home/runner/work/keycloak/keycloak/js/apps/account-ui/test/support/testbed.ts:12:32)
Account UI E2E (chromium)	Run Playwright tests	2025-12-13T04:14:22.9462767Z         at /home/runner/work/keycloak/keycloak/js/apps/account-ui/test/resources.spec.ts:20:27
Account UI E2E (chromium)	Run Playwright tests	2025-12-13T04:14:22.9463108Z 
Account UI E2E (chromium)	Run Playwright tests	2025-12-13T04:14:22.9463543Z     attachment #1: trace (application/zip) â”€â”€â”€â”€â”€â”€â”€â”€â”€â”€â”€â”€â”€â”€â”€â”€â”€â”€â”€â”€â”€â”€â”€â”€â”€â”€â”€â”€â”€â”€â”€â”€â”€â”€â”€â”€â”€â”€â”€â”€â”€â”€â”€â”€â”€â”€â”€â”€â”€â”€â”€â”€â”€â”€â”€â”€â”€
Account UI E2E (chromium)	Run Playwright tests	2025-12-13T04:14:22.9464206Z     test-results/resources-Resources-shows--ef5b7-re-shared-with-another-user-chromium/trace.zip
Account UI E2E (chromium)	Run Playwright tests	2025-12-13T04:14:22.9464674Z     Usage:
Account UI E2E (chromium)	Run Playwright tests	2025-12-13T04:14:22.9464781Z 
Account UI E2E (chromium)	Run Playwright tests	2025-12-13T04:14:22.9465259Z         pnpm exec playwright show-trace test-results/resources-Resources-shows--ef5b7-re-shared-with-another-user-chromium/trace.zip
Account UI E2E (chromium)	Run Playwright tests	2025-12-13T04:14:22.9465961Z 
Account UI E2E (chromium)	Run Playwright tests	2025-12-13T04:14:22.9466274Z     â”€â”€â”€â”€â”€â”€â”€â”€â”€â”€â”€â”€â”€â”€â”€â”€â”€â”€â”€â”€â”€â”€â”€â”€â”€â”€â”€â”€â”€â”€â”€â”€â”€â”€â”€â”€â”€â”€â”€â”€â”€â”€â”€â”€â”€â”€â”€â”€â”€â”€â”€â”€â”€â”€â”€â”€â”€â”€â”€â”€â”€â”€â”€â”€â”€â”€â”€â”€â”€â”€â”€â”€â”€â”€â”€â”€â”€â”€â”€â”€â”€â”€â”€â”€â”€â”€â”€â”€â”€â”€â”€â”€â”€â”€â”€â”€
Account UI E2E (chromium)	Run Playwright tests	2025-12-13T04:14:22.9466508Z 
Account UI E2E (chromium)	Run Playwright tests	2025-12-13T04:14:22.9466885Z   3) [chromium] â€º test/resources.spec.ts:41:3 â€º Resources â€º shares a resource with another user â”€â”€â”€â”€
Account UI E2E (chromium)	Run Playwright tests	2025-12-13T04:14:22.9467224Z 
Account UI E2E (chromium)	Run Playwright tests	2025-12-13T04:14:22.9467349Z     Error: Duplicate resource error
Account UI E2E (chromium)	Run Playwright tests	2025-12-13T04:14:22.9467522Z 
Account UI E2E (chromium)	Run Playwright tests	2025-12-13T04:14:22.9467744Z        at ../../../libs/keycloak-admin-client/lib/utils/fetchWithError.js:16
Account UI E2E (chromium)	Run Playwright tests	2025-12-13T04:14:22.9468001Z 
Account UI E2E (chromium)	Run Playwright tests	2025-12-13T04:14:22.9468191Z       14 |         const responseData = await parseResponse(response);
Account UI E2E (chromium)	Run Playwright tests	2025-12-13T04:14:22.9468592Z       15 |         const message = getErrorMessage(responseData);
Account UI E2E (chromium)	Run Playwright tests	2025-12-13T04:14:22.9468959Z     > 16 |         throw new NetworkError(message, {
Account UI E2E (chromium)	Run Playwright tests	2025-12-13T04:14:22.9469232Z          |               ^
Account UI E2E (chromium)	Run Playwright tests	2025-12-13T04:14:22.9469468Z       17 |             response,
Account UI E2E (chromium)	Run Playwright tests	2025-12-13T04:14:22.9469722Z       18 |             responseData,
Account UI E2E (chromium)	Run Playwright tests	2025-12-13T04:14:22.9469971Z       19 |         });
Account UI E2E (chromium)	Run Playwright tests	2025-12-13T04:14:22.9470746Z         at fetchWithError (/home/runner/work/keycloak/keycloak/js/libs/keycloak-admin-client/lib/utils/fetchWithError.js:16:15)
Account UI E2E (chromium)	Run Playwright tests	2025-12-13T04:14:22.9471720Z         at Agent.#requestWithParams (/home/runner/work/keycloak/keycloak/js/libs/keycloak-admin-client/lib/resources/agent.js:127:25)
Account UI E2E (chromium)	Run Playwright tests	2025-12-13T04:14:22.9472564Z         at createTestBed (/home/runner/work/keycloak/keycloak/js/apps/account-ui/test/support/testbed.ts:12:32)
Account UI E2E (chromium)	Run Playwright tests	2025-12-13T04:14:22.9473262Z         at /home/runner/work/keycloak/keycloak/js/apps/account-ui/test/resources.spec.ts:33:27
Account UI E2E (chromium)	Run Playwright tests	2025-12-13T04:14:22.9473599Z 
Account UI E2E (chromium)	Run Playwright tests	2025-12-13T04:14:22.9473986Z     attachment #1: trace (application/zip) â”€â”€â”€â”€â”€â”€â”€â”€â”€â”€â”€â”€â”€â”€â”€â”€â”€â”€â”€â”€â”€â”€â”€â”€â”€â”€â”€â”€â”€â”€â”€â”€â”€â”€â”€â”€â”€â”€â”€â”€â”€â”€â”€â”€â”€â”€â”€â”€â”€â”€â”€â”€â”€â”€â”€â”€â”€
Account UI E2E (chromium)	Run Playwright tests	2025-12-13T04:14:22.9474626Z     test-results/resources-Resources-shares-a-resource-with-another-user-chromium/trace.zip
Account UI E2E (chromium)	Run Playwright tests	2025-12-13T04:14:22.9475073Z     Usage:
Account UI E2E (chromium)	Run Playwright tests	2025-12-13T04:14:22.9475176Z 
Account UI E2E (chromium)	Run Playwright tests	2025-12-13T04:14:22.9475654Z         pnpm exec playwright show-trace test-results/resources-Resources-shares-a-resource-with-another-user-chromium/trace.zip
Account UI E2E (chromium)	Run Playwright tests	2025-12-13T04:14:22.9476176Z 
Account UI E2E (chromium)	Run Playwright tests	2025-12-13T04:14:22.9476480Z     â”€â”€â”€â”€â”€â”€â”€â”€â”€â”€â”€â”€â”€â”€â”€â”€â”€â”€â”€â”€â”€â”€â”€â”€â”€â”€â”€â”€â”€â”€â”€â”€â”€â”€â”€â”€â”€â”€â”€â”€â”€â”€â”€â”€â”€â”€â”€â”€â”€â”€â”€â”€â”€â”€â”€â”€â”€â”€â”€â”€â”€â”€â”€â”€â”€â”€â”€â”€â”€â”€â”€â”€â”€â”€â”€â”€â”€â”€â”€â”€â”€â”€â”€â”€â”€â”€â”€â”€â”€â”€â”€â”€â”€â”€â”€â”€
Account UI E2E (chromium)	Run Playwright tests	2025-12-13T04:14:22.9476878Z 
Account UI E2E (chromium)	Run Playwright tests	2025-12-13T04:14:22.9476958Z   3 failed
Account UI E2E (chromium)	Run Playwright tests	2025-12-13T04:14:22.9477445Z     [chromium] â€º test/resources.spec.ts:7:3 â€º Resources â€º shows the resources owned by the user â”€â”€â”€â”€
Account UI E2E (chromium)	Run Playwright tests	2025-12-13T04:14:22.9478170Z     [chromium] â€º test/resources.spec.ts:24:3 â€º Resources â€º shows no resources are shared with another user 
Account UI E2E (chromium)	Run Playwright tests	2025-12-13T04:14:22.9478876Z     [chromium] â€º test/resources.spec.ts:41:3 â€º Resources â€º shares a resource with another user â”€â”€â”€â”€â”€
Account UI E2E (chromium)	Run Playwright tests	2025-12-13T04:14:22.9479282Z   17 passed (41.0s)
Account UI E2E (chromium)	Run Playwright tests	2025-12-13T04:14:22.9507693Z ##[error]  1) [chromium] â€º test/resources.spec.ts:7:3 â€º Resources â€º shows the resources owned by the user â”€â”€â”€
Account UI E2E (chromium)	Run Playwright tests	    Error: Duplicate resource error
Account UI E2E (chromium)	Run Playwright tests	
Account UI E2E (chromium)	Run Playwright tests	       at ../../../libs/keycloak-admin-client/lib/utils/fetchWithError.js:16
Account UI E2E (chromium)	Run Playwright tests	
Account UI E2E (chromium)	Run Playwright tests	      14 |         const responseData = await parseResponse(response);
Account UI E2E (chromium)	Run Playwright tests	      15 |         const message = getErrorMessage(responseData);
Account UI E2E (chromium)	Run Playwright tests	    > 16 |         throw new NetworkError(message, {
Account UI E2E (chromium)	Run Playwright tests	         |               ^
Account UI E2E (chromium)	Run Playwright tests	      17 |             response,
Account UI E2E (chromium)	Run Playwright tests	      18 |             responseData,
Account UI E2E (chromium)	Run Playwright tests	      19 |         });
Account UI E2E (chromium)	Run Playwright tests	        at fetchWithError (/home/runner/work/keycloak/keycloak/js/libs/keycloak-admin-client/lib/utils/fetchWithError.js:16:15)
Account UI E2E (chromium)	Run Playwright tests	        at Agent.#requestWithParams (/home/runner/work/keycloak/keycloak/js/libs/keycloak-admin-client/lib/resources/agent.js:127:25)
Account UI E2E (chromium)	Run Playwright tests	        at createTestBed (/home/runner/work/keycloak/keycloak/js/apps/account-ui/test/support/testbed.ts:12:32)
Account UI E2E (chromium)	Run Playwright tests	        at /home/runner/work/keycloak/keycloak/js/apps/account-ui/test/resources.spec.ts:9:27
Account UI E2E (chromium)	Run Playwright tests	2025-12-13T04:14:22.9530047Z ##[error]  2) [chromium] â€º test/resources.spec.ts:24:3 â€º Resources â€º shows no resources are shared with another user 
Account UI E2E (chromium)	Run Playwright tests	    Error: Duplicate resource error
Account UI E2E (chromium)	Run Playwright tests	
Account UI E2E (chromium)	Run Playwright tests	       at ../../../libs/keycloak-admin-client/lib/utils/fetchWithError.js:16
Account UI E2E (chromium)	Run Playwright tests	
Account UI E2E (chromium)	Run Playwright tests	      14 |         const responseData = await parseResponse(response);
Account UI E2E (chromium)	Run Playwright tests	      15 |         const message = getErrorMessage(responseData);
Account UI E2E (chromium)	Run Playwright tests	    > 16 |         throw new NetworkError(message, {
Account UI E2E (chromium)	Run Playwright tests	         |               ^
Account UI E2E (chromium)	Run Playwright tests	      17 |             response,
Account UI E2E (chromium)	Run Playwright tests	      18 |             responseData,
Account UI E2E (chromium)	Run Playwright tests	      19 |         });
Account UI E2E (chromium)	Run Playwright tests	        at fetchWithError (/home/runner/work/keycloak/keycloak/js/libs/keycloak-admin-client/lib/utils/fetchWithError.js:16:15)
Account UI E2E (chromium)	Run Playwright tests	        at Agent.#requestWithParams (/home/runner/work/keycloak/keycloak/js/libs/keycloak-admin-client/lib/resources/agent.js:127:25)
Account UI E2E (chromium)	Run Playwright tests	        at createTestBed (/home/runner/work/keycloak/keycloak/js/apps/account-ui/test/support/testbed.ts:12:32)
Account UI E2E (chromium)	Run Playwright tests	        at /home/runner/work/keycloak/keycloak/js/apps/account-ui/test/resources.spec.ts:20:27
Account UI E2E (chromium)	Run Playwright tests	2025-12-13T04:14:22.9539873Z ##[error]  3) [chromium] â€º test/resources.spec.ts:41:3 â€º Resources â€º shares a resource with another user â”€â”€â”€â”€
Account UI E2E (chromium)	Run Playwright tests	    Error: Duplicate resource error
Account UI E2E (chromium)	Run Playwright tests	
Account UI E2E (chromium)	Run Playwright tests	       at ../../../libs/keycloak-admin-client/lib/utils/fetchWithError.js:16
Account UI E2E (chromium)	Run Playwright tests	
Account UI E2E (chromium)	Run Playwright tests	      14 |         const responseData = await parseResponse(response);
Account UI E2E (chromium)	Run Playwright tests	      15 |         const message = getErrorMessage(responseData);
Account UI E2E (chromium)	Run Playwright tests	    > 16 |         throw new NetworkError(message, {
Account UI E2E (chromium)	Run Playwright tests	         |               ^
Account UI E2E (chromium)	Run Playwright tests	      17 |             response,
Account UI E2E (chromium)	Run Playwright tests	      18 |             responseData,
Account UI E2E (chromium)	Run Playwright tests	      19 |         });
Account UI E2E (chromium)	Run Playwright tests	        at fetchWithError (/home/runner/work/keycloak/keycloak/js/libs/keycloak-admin-client/lib/utils/fetchWithError.js:16:15)
Account UI E2E (chromium)	Run Playwright tests	        at Agent.#requestWithParams (/home/runner/work/keycloak/keycloak/js/libs/keycloak-admin-client/lib/resources/agent.js:127:25)
Account UI E2E (chromium)	Run Playwright tests	        at createTestBed (/home/runner/work/keycloak/keycloak/js/apps/account-ui/test/support/testbed.ts:12:32)
Account UI E2E (chromium)	Run Playwright tests	        at /home/runner/work/keycloak/keycloak/js/apps/account-ui/test/resources.spec.ts:33:27
Account UI E2E (chromium)	Run Playwright tests	2025-12-13T04:14:22.9549162Z ##[notice]  3 failed
Account UI E2E (chromium)	Run Playwright tests	    [chromium] â€º test/resources.spec.ts:7:3 â€º Resources â€º shows the resources owned by the user â”€â”€â”€â”€
Account UI E2E (chromium)	Run Playwright tests	    [chromium] â€º test/resources.spec.ts:24:3 â€º Resources â€º shows no resources are shared with another user 
Account UI E2E (chromium)	Run Playwright tests	    [chromium] â€º test/resources.spec.ts:41:3 â€º Resources â€º shares a resource with another user â”€â”€â”€â”€â”€
Account UI E2E (chromium)	Run Playwright tests	  17 passed (41.0s)
Account UI E2E (chromium)	Run Playwright tests	2025-12-13T04:14:22.9924593Z 
Account UI E2E (chromium)	Run Playwright tests	2025-12-13T04:14:22.9925271Z âŒ [test] exited with exit code 1.
Account UI E2E (chromium)	Run Playwright tests	2025-12-13T04:14:22.9929382Z âŒ 1 script failed.
Account UI E2E (chromium)	Run Playwright tests	2025-12-13T04:14:23.0163006Z /home/runner/work/keycloak/keycloak/js/apps/account-ui:
Account UI E2E (chromium)	Run Playwright tests	2025-12-13T04:14:23.0165290Z â€‰ERR_PNPM_RECURSIVE_RUN_FIRST_FAILâ€‰ @keycloak/keycloak-account-ui@999.0.0-SNAPSHOT test: `wireit -- --project=chromium`
Account UI E2E (chromium)	Run Playwright tests	2025-12-13T04:14:23.0166412Z Exit status 1
Account UI E2E (chromium)	Run Playwright tests	2025-12-13T04:14:23.0357266Z ##[error]Process completed with exit code 1.
Account UI E2E (firefox)	Run Playwright tests	ï»¿2025-12-13T04:13:25.5626256Z ##[group]Run pnpm --fail-if-no-match --filter @keycloak/keycloak-account-ui test -- --project=firefox
Account UI E2E (firefox)	Run Playwright tests	2025-12-13T04:13:25.5627023Z [36;1mpnpm --fail-if-no-match --filter @keycloak/keycloak-account-ui test -- --project=firefox[0m
Account UI E2E (firefox)	Run Playwright tests	2025-12-13T04:13:25.5661311Z shell: /usr/bin/bash --noprofile --norc -e -o pipefail {0}
Account UI E2E (firefox)	Run Playwright tests	2025-12-13T04:13:25.5661649Z env:
Account UI E2E (firefox)	Run Playwright tests	2025-12-13T04:13:25.5661937Z   MAVEN_ARGS: -B -nsu -Daether.connector.http.connectionMaxTtl=25
Account UI E2E (firefox)	Run Playwright tests	2025-12-13T04:13:25.5662314Z   WORKSPACE: @keycloak/keycloak-account-ui
Account UI E2E (firefox)	Run Playwright tests	2025-12-13T04:13:25.5662701Z   JAVA_HOME: /opt/hostedtoolcache/Java_Temurin-Hotspot_jdk/21.0.9-10/x64
Account UI E2E (firefox)	Run Playwright tests	2025-12-13T04:13:25.5663167Z   JAVA_HOME_21_X64: /opt/hostedtoolcache/Java_Temurin-Hotspot_jdk/21.0.9-10/x64
Account UI E2E (firefox)	Run Playwright tests	2025-12-13T04:13:25.5663525Z ##[endgroup]
Account UI E2E (firefox)	Run Playwright tests	2025-12-13T04:13:25.8934118Z 
Account UI E2E (firefox)	Run Playwright tests	2025-12-13T04:13:25.8935219Z > @keycloak/keycloak-account-ui@999.0.0-SNAPSHOT test /home/runner/work/keycloak/keycloak/js/apps/account-ui
Account UI E2E (firefox)	Run Playwright tests	2025-12-13T04:13:25.8935846Z > wireit -- --project=firefox
Account UI E2E (firefox)	Run Playwright tests	2025-12-13T04:13:25.8936077Z 
Account UI E2E (firefox)	Run Playwright tests	2025-12-13T04:13:25.9968070Z Analyzing
Account UI E2E (firefox)	Run Playwright tests	2025-12-13T04:13:26.9973518Z   0% [0 / 2] [1 running] ../../libs/keycloak-admin-client:build
Account UI E2E (firefox)	Run Playwright tests	2025-12-13T04:13:27.6920158Z (node:5791) [DEP0190] DeprecationWarning: Passing args to a child process with shell option true can lead to security vulnerabilities, as the arguments are not escaped, only concatenated.
Account UI E2E (firefox)	Run Playwright tests	2025-12-13T04:13:27.6921998Z (Use `node --trace-deprecation ...` to show where the warning was created)
Account UI E2E (firefox)	Run Playwright tests	2025-12-13T04:13:27.9975545Z  50% [1 / 2] [1 running] test
Account UI E2E (firefox)	Run Playwright tests	2025-12-13T04:13:29.7990654Z 
Account UI E2E (firefox)	Run Playwright tests	2025-12-13T04:13:29.7991893Z Running 20 tests using 2 workers
Account UI E2E (firefox)	Run Playwright tests	2025-12-13T04:14:19.0029554Z Â·Â·Â·Â·Â·Â·Â·Â·Â·Â·Â·Â·Â·Â·Â·Â·FÂ·FF
Account UI E2E (firefox)	Run Playwright tests	2025-12-13T04:14:19.0037198Z 
Account UI E2E (firefox)	Run Playwright tests	2025-12-13T04:14:19.0047845Z   1) [firefox] â€º test/resources.spec.ts:7:3 â€º Resources â€º shows the resources owned by the user â”€â”€â”€â”€
Account UI E2E (firefox)	Run Playwright tests	2025-12-13T04:14:19.0049623Z 
Account UI E2E (firefox)	Run Playwright tests	2025-12-13T04:14:19.0050024Z     Error: Duplicate resource error
Account UI E2E (firefox)	Run Playwright tests	2025-12-13T04:14:19.0050771Z 
Account UI E2E (firefox)	Run Playwright tests	2025-12-13T04:14:19.0051217Z        at ../../../libs/keycloak-admin-client/lib/utils/fetchWithError.js:16
Account UI E2E (firefox)	Run Playwright tests	2025-12-13T04:14:19.0052988Z 
Account UI E2E (firefox)	Run Playwright tests	2025-12-13T04:14:19.0054542Z       14 |         const responseData = await parseResponse(response);
Account UI E2E (firefox)	Run Playwright tests	2025-12-13T04:14:19.0055875Z       15 |         const message = getErrorMessage(responseData);
Account UI E2E (firefox)	Run Playwright tests	2025-12-13T04:14:19.0057736Z     > 16 |         throw new NetworkError(message, {
Account UI E2E (firefox)	Run Playwright tests	2025-12-13T04:14:19.0058381Z          |               ^
Account UI E2E (firefox)	Run Playwright tests	2025-12-13T04:14:19.0058984Z       17 |             response,
Account UI E2E (firefox)	Run Playwright tests	2025-12-13T04:14:19.0059628Z       18 |             responseData,
Account UI E2E (firefox)	Run Playwright tests	2025-12-13T04:14:19.0060197Z       19 |         });
Account UI E2E (firefox)	Run Playwright tests	2025-12-13T04:14:19.0061404Z         at fetchWithError (/home/runner/work/keycloak/keycloak/js/libs/keycloak-admin-client/lib/utils/fetchWithError.js:16:15)
Account UI E2E (firefox)	Run Playwright tests	2025-12-13T04:14:19.0067467Z         at Agent.#requestWithParams (/home/runner/work/keycloak/keycloak/js/libs/keycloak-admin-client/lib/resources/agent.js:127:25)
Account UI E2E (firefox)	Run Playwright tests	2025-12-13T04:14:19.0069382Z         at createTestBed (/home/runner/work/keycloak/keycloak/js/apps/account-ui/test/support/testbed.ts:12:32)
Account UI E2E (firefox)	Run Playwright tests	2025-12-13T04:14:19.0070723Z         at /home/runner/work/keycloak/keycloak/js/apps/account-ui/test/resources.spec.ts:9:27
Account UI E2E (firefox)	Run Playwright tests	2025-12-13T04:14:19.0071389Z 
Account UI E2E (firefox)	Run Playwright tests	2025-12-13T04:14:19.0072178Z     attachment #1: trace (application/zip) â”€â”€â”€â”€â”€â”€â”€â”€â”€â”€â”€â”€â”€â”€â”€â”€â”€â”€â”€â”€â”€â”€â”€â”€â”€â”€â”€â”€â”€â”€â”€â”€â”€â”€â”€â”€â”€â”€â”€â”€â”€â”€â”€â”€â”€â”€â”€â”€â”€â”€â”€â”€â”€â”€â”€â”€â”€
Account UI E2E (firefox)	Run Playwright tests	2025-12-13T04:14:19.0073396Z     test-results/resources-Resources-shows-the-resources-owned-by-the-user-firefox/trace.zip
Account UI E2E (firefox)	Run Playwright tests	2025-12-13T04:14:19.0074264Z     Usage:
Account UI E2E (firefox)	Run Playwright tests	2025-12-13T04:14:19.0074461Z 
Account UI E2E (firefox)	Run Playwright tests	2025-12-13T04:14:19.0075314Z         pnpm exec playwright show-trace test-results/resources-Resources-shows-the-resources-owned-by-the-user-firefox/trace.zip
Account UI E2E (firefox)	Run Playwright tests	2025-12-13T04:14:19.0076210Z 
Account UI E2E (firefox)	Run Playwright tests	2025-12-13T04:14:19.0076856Z     â”€â”€â”€â”€â”€â”€â”€â”€â”€â”€â”€â”€â”€â”€â”€â”€â”€â”€â”€â”€â”€â”€â”€â”€â”€â”€â”€â”€â”€â”€â”€â”€â”€â”€â”€â”€â”€â”€â”€â”€â”€â”€â”€â”€â”€â”€â”€â”€â”€â”€â”€â”€â”€â”€â”€â”€â”€â”€â”€â”€â”€â”€â”€â”€â”€â”€â”€â”€â”€â”€â”€â”€â”€â”€â”€â”€â”€â”€â”€â”€â”€â”€â”€â”€â”€â”€â”€â”€â”€â”€â”€â”€â”€â”€â”€â”€
Account UI E2E (firefox)	Run Playwright tests	2025-12-13T04:14:19.0077292Z 
Account UI E2E (firefox)	Run Playwright tests	2025-12-13T04:14:19.0078330Z   2) [firefox] â€º test/resources.spec.ts:24:3 â€º Resources â€º shows no resources are shared with another user 
Account UI E2E (firefox)	Run Playwright tests	2025-12-13T04:14:19.0079026Z 
Account UI E2E (firefox)	Run Playwright tests	2025-12-13T04:14:19.0079668Z     Error: Duplicate resource error
Account UI E2E (firefox)	Run Playwright tests	2025-12-13T04:14:19.0079985Z 
Account UI E2E (firefox)	Run Playwright tests	2025-12-13T04:14:19.0080425Z        at ../../../libs/keycloak-admin-client/lib/utils/fetchWithError.js:16
Account UI E2E (firefox)	Run Playwright tests	2025-12-13T04:14:19.0080930Z 
Account UI E2E (firefox)	Run Playwright tests	2025-12-13T04:14:19.0081300Z       14 |         const responseData = await parseResponse(response);
Account UI E2E (firefox)	Run Playwright tests	2025-12-13T04:14:19.0082041Z       15 |         const message = getErrorMessage(responseData);
Account UI E2E (firefox)	Run Playwright tests	2025-12-13T04:14:19.0082722Z     > 16 |         throw new NetworkError(message, {
Account UI E2E (firefox)	Run Playwright tests	2025-12-13T04:14:19.0083233Z          |               ^
Account UI E2E (firefox)	Run Playwright tests	2025-12-13T04:14:19.0083664Z       17 |             response,
Account UI E2E (firefox)	Run Playwright tests	2025-12-13T04:14:19.0084105Z       18 |             responseData,
Account UI E2E (firefox)	Run Playwright tests	2025-12-13T04:14:19.0084488Z       19 |         });
Account UI E2E (firefox)	Run Playwright tests	2025-12-13T04:14:19.0085488Z         at fetchWithError (/home/runner/work/keycloak/keycloak/js/libs/keycloak-admin-client/lib/utils/fetchWithError.js:16:15)
Account UI E2E (firefox)	Run Playwright tests	2025-12-13T04:14:19.0087327Z         at Agent.#requestWithParams (/home/runner/work/keycloak/keycloak/js/libs/keycloak-admin-client/lib/resources/agent.js:127:25)
Account UI E2E (firefox)	Run Playwright tests	2025-12-13T04:14:19.0089173Z         at createTestBed (/home/runner/work/keycloak/keycloak/js/apps/account-ui/test/support/testbed.ts:12:32)
Account UI E2E (firefox)	Run Playwright tests	2025-12-13T04:14:19.0090518Z         at /home/runner/work/keycloak/keycloak/js/apps/account-ui/test/resources.spec.ts:20:27
Account UI E2E (firefox)	Run Playwright tests	2025-12-13T04:14:19.0091180Z 
Account UI E2E (firefox)	Run Playwright tests	2025-12-13T04:14:19.0091957Z     attachment #1: trace (application/zip) â”€â”€â”€â”€â”€â”€â”€â”€â”€â”€â”€â”€â”€â”€â”€â”€â”€â”€â”€â”€â”€â”€â”€â”€â”€â”€â”€â”€â”€â”€â”€â”€â”€â”€â”€â”€â”€â”€â”€â”€â”€â”€â”€â”€â”€â”€â”€â”€â”€â”€â”€â”€â”€â”€â”€â”€â”€
Account UI E2E (firefox)	Run Playwright tests	2025-12-13T04:14:19.0093185Z     test-results/resources-Resources-shows--ef5b7-re-shared-with-another-user-firefox/trace.zip
Account UI E2E (firefox)	Run Playwright tests	2025-12-13T04:14:19.0094023Z     Usage:
Account UI E2E (firefox)	Run Playwright tests	2025-12-13T04:14:19.0094216Z 
Account UI E2E (firefox)	Run Playwright tests	2025-12-13T04:14:19.0095095Z         pnpm exec playwright show-trace test-results/resources-Resources-shows--ef5b7-re-shared-with-another-user-firefox/trace.zip
Account UI E2E (firefox)	Run Playwright tests	2025-12-13T04:14:19.0096008Z 
Account UI E2E (firefox)	Run Playwright tests	2025-12-13T04:14:19.0096667Z     â”€â”€â”€â”€â”€â”€â”€â”€â”€â”€â”€â”€â”€â”€â”€â”€â”€â”€â”€â”€â”€â”€â”€â”€â”€â”€â”€â”€â”€â”€â”€â”€â”€â”€â”€â”€â”€â”€â”€â”€â”€â”€â”€â”€â”€â”€â”€â”€â”€â”€â”€â”€â”€â”€â”€â”€â”€â”€â”€â”€â”€â”€â”€â”€â”€â”€â”€â”€â”€â”€â”€â”€â”€â”€â”€â”€â”€â”€â”€â”€â”€â”€â”€â”€â”€â”€â”€â”€â”€â”€â”€â”€â”€â”€â”€â”€
Account UI E2E (firefox)	Run Playwright tests	2025-12-13T04:14:19.0097384Z 
Account UI E2E (firefox)	Run Playwright tests	2025-12-13T04:14:19.0098395Z   3) [firefox] â€º test/resources.spec.ts:41:3 â€º Resources â€º shares a resource with another user â”€â”€â”€â”€â”€
Account UI E2E (firefox)	Run Playwright tests	2025-12-13T04:14:19.0099029Z 
Account UI E2E (firefox)	Run Playwright tests	2025-12-13T04:14:19.0099248Z     Error: Duplicate resource error
Account UI E2E (firefox)	Run Playwright tests	2025-12-13T04:14:19.0099558Z 
Account UI E2E (firefox)	Run Playwright tests	2025-12-13T04:14:19.0099941Z        at ../../../libs/keycloak-admin-client/lib/utils/fetchWithError.js:16
Account UI E2E (firefox)	Run Playwright tests	2025-12-13T04:14:19.0100412Z 
Account UI E2E (firefox)	Run Playwright tests	2025-12-13T04:14:19.0100754Z       14 |         const responseData = await parseResponse(response);
Account UI E2E (firefox)	Run Playwright tests	2025-12-13T04:14:19.0101516Z       15 |         const message = getErrorMessage(responseData);
Account UI E2E (firefox)	Run Playwright tests	2025-12-13T04:14:19.0102157Z     > 16 |         throw new NetworkError(message, {
Account UI E2E (firefox)	Run Playwright tests	2025-12-13T04:14:19.0102644Z          |               ^
Account UI E2E (firefox)	Run Playwright tests	2025-12-13T04:14:19.0103078Z       17 |             response,
Account UI E2E (firefox)	Run Playwright tests	2025-12-13T04:14:19.0103538Z       18 |             responseData,
Account UI E2E (firefox)	Run Playwright tests	2025-12-13T04:14:19.0103960Z       19 |         });
Account UI E2E (firefox)	Run Playwright tests	2025-12-13T04:14:19.0105014Z         at fetchWithError (/home/runner/work/keycloak/keycloak/js/libs/keycloak-admin-client/lib/utils/fetchWithError.js:16:15)
Account UI E2E (firefox)	Run Playwright tests	2025-12-13T04:14:19.0106738Z         at Agent.#requestWithParams (/home/runner/work/keycloak/keycloak/js/libs/keycloak-admin-client/lib/resources/agent.js:127:25)
Account UI E2E (firefox)	Run Playwright tests	2025-12-13T04:14:19.0108697Z         at createTestBed (/home/runner/work/keycloak/keycloak/js/apps/account-ui/test/support/testbed.ts:12:32)
Account UI E2E (firefox)	Run Playwright tests	2025-12-13T04:14:19.0109994Z         at /home/runner/work/keycloak/keycloak/js/apps/account-ui/test/resources.spec.ts:33:27
Account UI E2E (firefox)	Run Playwright tests	2025-12-13T04:14:19.0110620Z 
Account UI E2E (firefox)	Run Playwright tests	2025-12-13T04:14:19.0111375Z     attachment #1: trace (application/zip) â”€â”€â”€â”€â”€â”€â”€â”€â”€â”€â”€â”€â”€â”€â”€â”€â”€â”€â”€â”€â”€â”€â”€â”€â”€â”€â”€â”€â”€â”€â”€â”€â”€â”€â”€â”€â”€â”€â”€â”€â”€â”€â”€â”€â”€â”€â”€â”€â”€â”€â”€â”€â”€â”€â”€â”€â”€
Account UI E2E (firefox)	Run Playwright tests	2025-12-13T04:14:19.0112529Z     test-results/resources-Resources-shares-a-resource-with-another-user-firefox/trace.zip
Account UI E2E (firefox)	Run Playwright tests	2025-12-13T04:14:19.0113338Z     Usage:
Account UI E2E (firefox)	Run Playwright tests	2025-12-13T04:14:19.0113536Z 
Account UI E2E (firefox)	Run Playwright tests	2025-12-13T04:14:19.0114349Z         pnpm exec playwright show-trace test-results/resources-Resources-shares-a-resource-with-another-user-firefox/trace.zip
Account UI E2E (firefox)	Run Playwright tests	2025-12-13T04:14:19.0115224Z 
Account UI E2E (firefox)	Run Playwright tests	2025-12-13T04:14:19.0115845Z     â”€â”€â”€â”€â”€â”€â”€â”€â”€â”€â”€â”€â”€â”€â”€â”€â”€â”€â”€â”€â”€â”€â”€â”€â”€â”€â”€â”€â”€â”€â”€â”€â”€â”€â”€â”€â”€â”€â”€â”€â”€â”€â”€â”€â”€â”€â”€â”€â”€â”€â”€â”€â”€â”€â”€â”€â”€â”€â”€â”€â”€â”€â”€â”€â”€â”€â”€â”€â”€â”€â”€â”€â”€â”€â”€â”€â”€â”€â”€â”€â”€â”€â”€â”€â”€â”€â”€â”€â”€â”€â”€â”€â”€â”€â”€â”€
Account UI E2E (firefox)	Run Playwright tests	2025-12-13T04:14:19.0116513Z 
Account UI E2E (firefox)	Run Playwright tests	2025-12-13T04:14:19.0116672Z   3 failed
Account UI E2E (firefox)	Run Playwright tests	2025-12-13T04:14:19.0117816Z     [firefox] â€º test/resources.spec.ts:7:3 â€º Resources â€º shows the resources owned by the user â”€â”€â”€â”€â”€
Account UI E2E (firefox)	Run Playwright tests	2025-12-13T04:14:19.0119202Z     [firefox] â€º test/resources.spec.ts:24:3 â€º Resources â€º shows no resources are shared with another user 
Account UI E2E (firefox)	Run Playwright tests	2025-12-13T04:14:19.0120566Z     [firefox] â€º test/resources.spec.ts:41:3 â€º Resources â€º shares a resource with another user â”€â”€â”€â”€â”€â”€
Account UI E2E (firefox)	Run Playwright tests	2025-12-13T04:14:19.0121297Z   17 passed (50.4s)
Account UI E2E (firefox)	Run Playwright tests	2025-12-13T04:14:19.0161442Z ##[error]  1) [firefox] â€º test/resources.spec.ts:7:3 â€º Resources â€º shows the resources owned by the user â”€â”€â”€â”€
Account UI E2E (firefox)	Run Playwright tests	    Error: Duplicate resource error
Account UI E2E (firefox)	Run Playwright tests	
Account UI E2E (firefox)	Run Playwright tests	       at ../../../libs/keycloak-admin-client/lib/utils/fetchWithError.js:16
Account UI E2E (firefox)	Run Playwright tests	
Account UI E2E (firefox)	Run Playwright tests	      14 |         const responseData = await parseResponse(response);
Account UI E2E (firefox)	Run Playwright tests	      15 |         const message = getErrorMessage(responseData);
Account UI E2E (firefox)	Run Playwright tests	    > 16 |         throw new NetworkError(message, {
Account UI E2E (firefox)	Run Playwright tests	         |               ^
Account UI E2E (firefox)	Run Playwright tests	      17 |             response,
Account UI E2E (firefox)	Run Playwright tests	      18 |             responseData,
Account UI E2E (firefox)	Run Playwright tests	      19 |         });
Account UI E2E (firefox)	Run Playwright tests	        at fetchWithError (/home/runner/work/keycloak/keycloak/js/libs/keycloak-admin-client/lib/utils/fetchWithError.js:16:15)
Account UI E2E (firefox)	Run Playwright tests	        at Agent.#requestWithParams (/home/runner/work/keycloak/keycloak/js/libs/keycloak-admin-client/lib/resources/agent.js:127:25)
Account UI E2E (firefox)	Run Playwright tests	        at createTestBed (/home/runner/work/keycloak/keycloak/js/apps/account-ui/test/support/testbed.ts:12:32)
Account UI E2E (firefox)	Run Playwright tests	        at /home/runner/work/keycloak/keycloak/js/apps/account-ui/test/resources.spec.ts:9:27
Account UI E2E (firefox)	Run Playwright tests	2025-12-13T04:14:19.0188760Z ##[error]  2) [firefox] â€º test/resources.spec.ts:24:3 â€º Resources â€º shows no resources are shared with another user 
Account UI E2E (firefox)	Run Playwright tests	    Error: Duplicate resource error
Account UI E2E (firefox)	Run Playwright tests	
Account UI E2E (firefox)	Run Playwright tests	       at ../../../libs/keycloak-admin-client/lib/utils/fetchWithError.js:16
Account UI E2E (firefox)	Run Playwright tests	
Account UI E2E (firefox)	Run Playwright tests	      14 |         const responseData = await parseResponse(response);
Account UI E2E (firefox)	Run Playwright tests	      15 |         const message = getErrorMessage(responseData);
Account UI E2E (firefox)	Run Playwright tests	    > 16 |         throw new NetworkError(message, {
Account UI E2E (firefox)	Run Playwright tests	         |               ^
Account UI E2E (firefox)	Run Playwright tests	      17 |             response,
Account UI E2E (firefox)	Run Playwright tests	      18 |             responseData,
Account UI E2E (firefox)	Run Playwright tests	      19 |         });
Account UI E2E (firefox)	Run Playwright tests	        at fetchWithError (/home/runner/work/keycloak/keycloak/js/libs/keycloak-admin-client/lib/utils/fetchWithError.js:16:15)
Account UI E2E (firefox)	Run Playwright tests	        at Agent.#requestWithParams (/home/runner/work/keycloak/keycloak/js/libs/keycloak-admin-client/lib/resources/agent.js:127:25)
Account UI E2E (firefox)	Run Playwright tests	        at createTestBed (/home/runner/work/keycloak/keycloak/js/apps/account-ui/test/support/testbed.ts:12:32)
Account UI E2E (firefox)	Run Playwright tests	        at /home/runner/work/keycloak/keycloak/js/apps/account-ui/test/resources.spec.ts:20:27
Account UI E2E (firefox)	Run Playwright tests	2025-12-13T04:14:19.0205258Z ##[error]  3) [firefox] â€º test/resources.spec.ts:41:3 â€º Resources â€º shares a resource with another user â”€â”€â”€â”€â”€
Account UI E2E (firefox)	Run Playwright tests	    Error: Duplicate resource error
Account UI E2E (firefox)	Run Playwright tests	
Account UI E2E (firefox)	Run Playwright tests	       at ../../../libs/keycloak-admin-client/lib/utils/fetchWithError.js:16
Account UI E2E (firefox)	Run Playwright tests	
Account UI E2E (firefox)	Run Playwright tests	      14 |         const responseData = await parseResponse(response);
Account UI E2E (firefox)	Run Playwright tests	      15 |         const message = getErrorMessage(responseData);
Account UI E2E (firefox)	Run Playwright tests	    > 16 |         throw new NetworkError(message, {
Account UI E2E (firefox)	Run Playwright tests	         |               ^
Account UI E2E (firefox)	Run Playwright tests	      17 |             response,
Account UI E2E (firefox)	Run Playwright tests	      18 |             responseData,
Account UI E2E (firefox)	Run Playwright tests	      19 |         });
Account UI E2E (firefox)	Run Playwright tests	        at fetchWithError (/home/runner/work/keycloak/keycloak/js/libs/keycloak-admin-client/lib/utils/fetchWithError.js:16:15)
Account UI E2E (firefox)	Run Playwright tests	        at Agent.#requestWithParams (/home/runner/work/keycloak/keycloak/js/libs/keycloak-admin-client/lib/resources/agent.js:127:25)
Account UI E2E (firefox)	Run Playwright tests	        at createTestBed (/home/runner/work/keycloak/keycloak/js/apps/account-ui/test/support/testbed.ts:12:32)
Account UI E2E (firefox)	Run Playwright tests	        at /home/runner/work/keycloak/keycloak/js/apps/account-ui/test/resources.spec.ts:33:27
Account UI E2E (firefox)	Run Playwright tests	2025-12-13T04:14:19.0217045Z ##[notice]  3 failed
Account UI E2E (firefox)	Run Playwright tests	    [firefox] â€º test/resources.spec.ts:7:3 â€º Resources â€º shows the resources owned by the user â”€â”€â”€â”€â”€
Account UI E2E (firefox)	Run Playwright tests	    [firefox] â€º test/resources.spec.ts:24:3 â€º Resources â€º shows no resources are shared with another user 
Account UI E2E (firefox)	Run Playwright tests	    [firefox] â€º test/resources.spec.ts:41:3 â€º Resources â€º shares a resource with another user â”€â”€â”€â”€â”€â”€
Account UI E2E (firefox)	Run Playwright tests	  17 passed (50.4s)
Account UI E2E (firefox)	Run Playwright tests	2025-12-13T04:14:19.0598407Z 
Account UI E2E (firefox)	Run Playwright tests	2025-12-13T04:14:19.0599176Z âŒ [test] exited with exit code 1.
Account UI E2E (firefox)	Run Playwright tests	2025-12-13T04:14:19.0603441Z âŒ 1 script failed.
Account UI E2E (firefox)	Run Playwright tests	2025-12-13T04:14:19.0843205Z /home/runner/work/keycloak/keycloak/js/apps/account-ui:
Account UI E2E (firefox)	Run Playwright tests	2025-12-13T04:14:19.0845224Z â€‰ERR_PNPM_RECURSIVE_RUN_FIRST_FAILâ€‰ @keycloak/keycloak-account-ui@999.0.0-SNAPSHOT test: `wireit -- --project=firefox`
Account UI E2E (firefox)	Run Playwright tests	2025-12-13T04:14:19.0845831Z Exit status 1
Account UI E2E (firefox)	Run Playwright tests	2025-12-13T04:14:19.1041139Z ##[error]Process completed with exit code 1.
Admin UI E2E (chromium)	Run Playwright tests	ï»¿2025-12-13T04:13:26.1325361Z ##[group]Run pnpm --fail-if-no-match --filter @keycloak/keycloak-admin-ui test:integration -- --project=chromium
Admin UI E2E (chromium)	Run Playwright tests	2025-12-13T04:13:26.1326568Z [36;1mpnpm --fail-if-no-match --filter @keycloak/keycloak-admin-ui test:integration -- --project=chromium[0m
Admin UI E2E (chromium)	Run Playwright tests	2025-12-13T04:13:26.1360976Z shell: /usr/bin/bash --noprofile --norc -e -o pipefail {0}
Admin UI E2E (chromium)	Run Playwright tests	2025-12-13T04:13:26.1361313Z env:
Admin UI E2E (chromium)	Run Playwright tests	2025-12-13T04:13:26.1361599Z   MAVEN_ARGS: -B -nsu -Daether.connector.http.connectionMaxTtl=25
Admin UI E2E (chromium)	Run Playwright tests	2025-12-13T04:13:26.1361976Z   WORKSPACE: @keycloak/keycloak-admin-ui
Admin UI E2E (chromium)	Run Playwright tests	2025-12-13T04:13:26.1362247Z   RETRY_COUNT: 3
Admin UI E2E (chromium)	Run Playwright tests	2025-12-13T04:13:26.1362555Z   JAVA_HOME: /opt/hostedtoolcache/Java_Temurin-Hotspot_jdk/21.0.9-10/x64
Admin UI E2E (chromium)	Run Playwright tests	2025-12-13T04:13:26.1363020Z   JAVA_HOME_21_X64: /opt/hostedtoolcache/Java_Temurin-Hotspot_jdk/21.0.9-10/x64
Admin UI E2E (chromium)	Run Playwright tests	2025-12-13T04:13:26.1363384Z ##[endgroup]
Admin UI E2E (chromium)	Run Playwright tests	2025-12-13T04:13:26.4761558Z 
Admin UI E2E (chromium)	Run Playwright tests	2025-12-13T04:13:26.4764899Z > @keycloak/keycloak-admin-ui@999.0.0-SNAPSHOT test:integration /home/runner/work/keycloak/keycloak/js/apps/admin-ui
Admin UI E2E (chromium)	Run Playwright tests	2025-12-13T04:13:26.4768249Z > wireit -- --project=chromium
Admin UI E2E (chromium)	Run Playwright tests	2025-12-13T04:13:26.4768585Z 
Admin UI E2E (chromium)	Run Playwright tests	2025-12-13T04:13:26.5889432Z Analyzing
Admin UI E2E (chromium)	Run Playwright tests	2025-12-13T04:13:27.5900673Z   0% [0 / 2] [1 running] ../../libs/keycloak-admin-client:build
Admin UI E2E (chromium)	Run Playwright tests	2025-12-13T04:13:28.3956569Z (node:5809) [DEP0190] DeprecationWarning: Passing args to a child process with shell option true can lead to security vulnerabilities, as the arguments are not escaped, only concatenated.
Admin UI E2E (chromium)	Run Playwright tests	2025-12-13T04:13:28.3957652Z (Use `node --trace-deprecation ...` to show where the warning was created)
Admin UI E2E (chromium)	Run Playwright tests	2025-12-13T04:13:28.5910532Z  50% [1 / 2] [1 running] test:integration
Admin UI E2E (chromium)	Run Playwright tests	2025-12-13T04:13:31.2177938Z 
Admin UI E2E (chromium)	Run Playwright tests	2025-12-13T04:13:31.2178625Z Running 379 tests using 1 worker
Admin UI E2E (chromium)	Run Playwright tests	2025-12-13T04:17:30.0441747Z Â·Â·Â·Â·Â·Â·Â·Â·Â·Â·Â·Â·Â·Â·Â·Â·Â·Â·Â·Â·Â·Â·Â·Â·Â·Â·Â·Â·Â·Â·Â·Â·Â·Â·Â·Â·Â·Â·Â·Â·Â·Â·Â·Â·Â·Â·Â·Â·Â·Â·Â·Â·Â·Â·Â·Â·Â·Â·Â·Â·Â·Â·Â·Â·Â·Â·Â·Â·Â·Â·Â·Â·Â·Â·Â·Â·Â·Â·Â·Â·
Admin UI E2E (chromium)	Run Playwright tests	2025-12-13T04:20:34.2403130Z Â·Â·Â·Â·Â·Â·Â·Â·Â·Â·Â·Â·Â·Â·Â·Â·Â·Â·Â·Â·Â·Â·Â·Â·Â·Â·Â·Â·Â·Â·Â·Â·Â·Â·Â°Â·Â·Â·Â·Â·Â·Â·Â·Â·Â·Â·Â·Â·Â·Â·Â·Â·Â·Â·Â·Â·Â·Â·Â·Â·Â·Â·Â·Â·Â·Â·Â·Â·Â·Â·Â·Â·Â·Â·Â·Â·Â·Â·Â·Â·
Admin UI E2E (chromium)	Run Playwright tests	2025-12-13T04:23:57.9222011Z Â·Â·Â·Â·Â·Â·Â·Â·Â·Â·Â·Â·Â·Â·Â·Â·Â·Â·Â·Â·Â·Â·Â·Â·Â·Â·Â·Â·Â·Â·Â·Â·Â·Â·Â·Â·Â·Â·Â·Â·Â·Â·Â·Â·Â·Â·Â·Â·Â·Â·Â·Â·Â·Â·Â·Â·Â·Â·Â·Â·Â·Â·Â·Â·Â·Â·Â·Â·Â·Â·Â·Â·Â·Â·Â·Â·Â·Â·Â·Â·
Admin UI E2E (chromium)	Run Playwright tests	2025-12-13T04:27:09.9473604Z Â·Â·Â·Â·Â·Â·Â·Â·Â·Â·Â·Â·Â·Â·Â·Â·Â·Â·Â·Â·Â·Â·Â·Â·Â·Â·Â·Â·Â·Â·Â·Â·Â·Â·Â·Â·Â·Â·Â·Â·Â·Â·Â·Â·Â·Â·Â·Â·Â·Â·Â·Â·Â·Â·Â·Â·Â·Â·Â·Â·Â·Â·Â·Â·Â·Â·Â·Â·Â·Â·Â·Â·Â·Â·Â·Â·Â·Â·Â·Â·
Admin UI E2E (chromium)	Run Playwright tests	2025-12-13T04:29:40.8852448Z Â·Â·Â·Â·Â·Â·Â·Â·Â·Â·Â·Â·Â·Â·Â·Â·Â·Â·Â·Â·Â·Â·Â·Â·Â·Â·Â·Â·Â·Â·Â·Â·Â·Â·Â·Â·Â·Â·Â·Â·Â·Â·Â·Â·Â·Â·Â·Â·Â·Â·Â·Â·TÂ°Â°Â°Â°Â°Â°
Admin UI E2E (chromium)	Run Playwright tests	2025-12-13T04:29:40.8862230Z 
Admin UI E2E (chromium)	Run Playwright tests	2025-12-13T04:29:40.8875599Z   1) [chromium] â€º test/workflows/main.spec.ts:60:3 â€º Workflow CRUD â€º should create simple workflow from empty state 
Admin UI E2E (chromium)	Run Playwright tests	2025-12-13T04:29:40.8879076Z 
Admin UI E2E (chromium)	Run Playwright tests	2025-12-13T04:29:40.8880934Z     [31mTest timeout of 30000ms exceeded while running "beforeEach" hook.[39m
Admin UI E2E (chromium)	Run Playwright tests	2025-12-13T04:29:40.8882056Z 
Admin UI E2E (chromium)	Run Playwright tests	2025-12-13T04:29:40.8882738Z       69 |   test.afterAll(() => adminClient.deleteRealm(realmName));
Admin UI E2E (chromium)	Run Playwright tests	2025-12-13T04:29:40.8884225Z       70 |
Admin UI E2E (chromium)	Run Playwright tests	2025-12-13T04:29:40.8885142Z     > 71 |   test.beforeEach(async ({ page }) => {
Admin UI E2E (chromium)	Run Playwright tests	2025-12-13T04:29:40.8892511Z          |        ^
Admin UI E2E (chromium)	Run Playwright tests	2025-12-13T04:29:40.8893009Z       72 |     await login(page);
Admin UI E2E (chromium)	Run Playwright tests	2025-12-13T04:29:40.8893442Z       73 |     await goToRealm(page, realmName);
Admin UI E2E (chromium)	Run Playwright tests	2025-12-13T04:29:40.8893835Z       74 |     await goToWorkflows(page);
Admin UI E2E (chromium)	Run Playwright tests	2025-12-13T04:29:40.8894380Z         at /home/runner/work/keycloak/keycloak/js/apps/admin-ui/test/workflows/main.spec.ts:71:8
Admin UI E2E (chromium)	Run Playwright tests	2025-12-13T04:29:40.8894742Z 
Admin UI E2E (chromium)	Run Playwright tests	2025-12-13T04:29:40.8894935Z     Error: locator.click: Test timeout of 30000ms exceeded.
Admin UI E2E (chromium)	Run Playwright tests	2025-12-13T04:29:40.8895243Z     Call log:
Admin UI E2E (chromium)	Run Playwright tests	2025-12-13T04:29:40.8895678Z     [2m  - waiting for getByTestId('nav-item-workflows')[22m
Admin UI E2E (chromium)	Run Playwright tests	2025-12-13T04:29:40.8895918Z 
Admin UI E2E (chromium)	Run Playwright tests	2025-12-13T04:29:40.8895925Z 
Admin UI E2E (chromium)	Run Playwright tests	2025-12-13T04:29:40.8896022Z        at utils/sidebar.ts:65
Admin UI E2E (chromium)	Run Playwright tests	2025-12-13T04:29:40.8896455Z 
Admin UI E2E (chromium)	Run Playwright tests	2025-12-13T04:29:40.8896607Z       63 |
Admin UI E2E (chromium)	Run Playwright tests	2025-12-13T04:29:40.8897133Z       64 | export async function goToWorkflows(page: Page) {
Admin UI E2E (chromium)	Run Playwright tests	2025-12-13T04:29:40.8897913Z     > 65 |   await page.getByTestId("nav-item-workflows").click();
Admin UI E2E (chromium)	Run Playwright tests	2025-12-13T04:29:40.8898587Z          |                                                ^
Admin UI E2E (chromium)	Run Playwright tests	2025-12-13T04:29:40.8899073Z       66 | }
Admin UI E2E (chromium)	Run Playwright tests	2025-12-13T04:29:40.8899419Z       67 |
Admin UI E2E (chromium)	Run Playwright tests	2025-12-13T04:29:40.8900238Z         at goToWorkflows (/home/runner/work/keycloak/keycloak/js/apps/admin-ui/test/utils/sidebar.ts:65:48)
Admin UI E2E (chromium)	Run Playwright tests	2025-12-13T04:29:40.8902221Z         at /home/runner/work/keycloak/keycloak/js/apps/admin-ui/test/workflows/main.spec.ts:74:11
Admin UI E2E (chromium)	Run Playwright tests	2025-12-13T04:29:40.8902885Z 
Admin UI E2E (chromium)	Run Playwright tests	2025-12-13T04:29:40.8903728Z     Error Context: test-results/workflows-main-Workflow-CR-2d102-e-workflow-from-empty-state-chromium/error-context.md
Admin UI E2E (chromium)	Run Playwright tests	2025-12-13T04:29:40.8904600Z 
Admin UI E2E (chromium)	Run Playwright tests	2025-12-13T04:29:40.8905373Z     attachment #2: trace (application/zip) â”€â”€â”€â”€â”€â”€â”€â”€â”€â”€â”€â”€â”€â”€â”€â”€â”€â”€â”€â”€â”€â”€â”€â”€â”€â”€â”€â”€â”€â”€â”€â”€â”€â”€â”€â”€â”€â”€â”€â”€â”€â”€â”€â”€â”€â”€â”€â”€â”€â”€â”€â”€â”€â”€â”€â”€â”€
Admin UI E2E (chromium)	Run Playwright tests	2025-12-13T04:29:40.8906879Z     test-results/workflows-main-Workflow-CR-2d102-e-workflow-from-empty-state-chromium/trace.zip
Admin UI E2E (chromium)	Run Playwright tests	2025-12-13T04:29:40.8907757Z     Usage:
Admin UI E2E (chromium)	Run Playwright tests	2025-12-13T04:29:40.8907965Z 
Admin UI E2E (chromium)	Run Playwright tests	2025-12-13T04:29:40.8908863Z         pnpm exec playwright show-trace test-results/workflows-main-Workflow-CR-2d102-e-workflow-from-empty-state-chromium/trace.zip
Admin UI E2E (chromium)	Run Playwright tests	2025-12-13T04:29:40.8909861Z 
Admin UI E2E (chromium)	Run Playwright tests	2025-12-13T04:29:40.8910842Z     â”€â”€â”€â”€â”€â”€â”€â”€â”€â”€â”€â”€â”€â”€â”€â”€â”€â”€â”€â”€â”€â”€â”€â”€â”€â”€â”€â”€â”€â”€â”€â”€â”€â”€â”€â”€â”€â”€â”€â”€â”€â”€â”€â”€â”€â”€â”€â”€â”€â”€â”€â”€â”€â”€â”€â”€â”€â”€â”€â”€â”€â”€â”€â”€â”€â”€â”€â”€â”€â”€â”€â”€â”€â”€â”€â”€â”€â”€â”€â”€â”€â”€â”€â”€â”€â”€â”€â”€â”€â”€â”€â”€â”€â”€â”€â”€
Admin UI E2E (chromium)	Run Playwright tests	2025-12-13T04:29:40.8911318Z 
Admin UI E2E (chromium)	Run Playwright tests	2025-12-13T04:29:40.8911487Z   1 failed
Admin UI E2E (chromium)	Run Playwright tests	2025-12-13T04:29:40.8912566Z     [chromium] â€º test/workflows/main.spec.ts:60:3 â€º Workflow CRUD â€º should create simple workflow from empty state 
Admin UI E2E (chromium)	Run Playwright tests	2025-12-13T04:29:40.8913383Z   1 skipped
Admin UI E2E (chromium)	Run Playwright tests	2025-12-13T04:29:40.8913738Z   6 did not run
Admin UI E2E (chromium)	Run Playwright tests	2025-12-13T04:29:40.8914117Z   371 passed (16.2m)
Admin UI E2E (chromium)	Run Playwright tests	2025-12-13T04:29:40.8954061Z ##[error]  1) [chromium] â€º test/workflows/main.spec.ts:60:3 â€º Workflow CRUD â€º should create simple workflow from empty state 
Admin UI E2E (chromium)	Run Playwright tests	    Test timeout of 30000ms exceeded while running "beforeEach" hook.
Admin UI E2E (chromium)	Run Playwright tests	
Admin UI E2E (chromium)	Run Playwright tests	      69 |   test.afterAll(() => adminClient.deleteRealm(realmName));
Admin UI E2E (chromium)	Run Playwright tests	      70 |
Admin UI E2E (chromium)	Run Playwright tests	    > 71 |   test.beforeEach(async ({ page }) => {
Admin UI E2E (chromium)	Run Playwright tests	         |        ^
Admin UI E2E (chromium)	Run Playwright tests	      72 |     await login(page);
Admin UI E2E (chromium)	Run Playwright tests	      73 |     await goToRealm(page, realmName);
Admin UI E2E (chromium)	Run Playwright tests	      74 |     await goToWorkflows(page);
Admin UI E2E (chromium)	Run Playwright tests	        at /home/runner/work/keycloak/keycloak/js/apps/admin-ui/test/workflows/main.spec.ts:71:8
Admin UI E2E (chromium)	Run Playwright tests	2025-12-13T04:29:40.8975131Z ##[error]  1) [chromium] â€º test/workflows/main.spec.ts:60:3 â€º Workflow CRUD â€º should create simple workflow from empty state 
Admin UI E2E (chromium)	Run Playwright tests	    Error: locator.click: Test timeout of 30000ms exceeded.
Admin UI E2E (chromium)	Run Playwright tests	    Call log:
Admin UI E2E (chromium)	Run Playwright tests	      - waiting for getByTestId('nav-item-workflows')
Admin UI E2E (chromium)	Run Playwright tests	
Admin UI E2E (chromium)	Run Playwright tests	
Admin UI E2E (chromium)	Run Playwright tests	       at utils/sidebar.ts:65
Admin UI E2E (chromium)	Run Playwright tests	
Admin UI E2E (chromium)	Run Playwright tests	      63 |
Admin UI E2E (chromium)	Run Playwright tests	      64 | export async function goToWorkflows(page: Page) {
Admin UI E2E (chromium)	Run Playwright tests	    > 65 |   await page.getByTestId("nav-item-workflows").click();
Admin UI E2E (chromium)	Run Playwright tests	         |                                                ^
Admin UI E2E (chromium)	Run Playwright tests	      66 | }
Admin UI E2E (chromium)	Run Playwright tests	      67 |
Admin UI E2E (chromium)	Run Playwright tests	        at goToWorkflows (/home/runner/work/keycloak/keycloak/js/apps/admin-ui/test/utils/sidebar.ts:65:48)
Admin UI E2E (chromium)	Run Playwright tests	        at /home/runner/work/keycloak/keycloak/js/apps/admin-ui/test/workflows/main.spec.ts:74:11
Admin UI E2E (chromium)	Run Playwright tests	2025-12-13T04:29:40.8983395Z ##[notice]  1 failed
Admin UI E2E (chromium)	Run Playwright tests	    [chromium] â€º test/workflows/main.spec.ts:60:3 â€º Workflow CRUD â€º should create simple workflow from empty state 
Admin UI E2E (chromium)	Run Playwright tests	  1 skipped
Admin UI E2E (chromium)	Run Playwright tests	  6 did not run
Admin UI E2E (chromium)	Run Playwright tests	  371 passed (16.2m)
Admin UI E2E (chromium)	Run Playwright tests	2025-12-13T04:29:41.1669552Z 
Admin UI E2E (chromium)	Run Playwright tests	2025-12-13T04:29:41.1670927Z âŒ [test:integration] exited with exit code 1.
Admin UI E2E (chromium)	Run Playwright tests	2025-12-13T04:29:41.1675246Z âŒ 1 script failed.
Admin UI E2E (chromium)	Run Playwright tests	2025-12-13T04:29:41.1894689Z /home/runner/work/keycloak/keycloak/js/apps/admin-ui:
Admin UI E2E (chromium)	Run Playwright tests	2025-12-13T04:29:41.1896552Z â€‰ERR_PNPM_RECURSIVE_RUN_FIRST_FAILâ€‰ @keycloak/keycloak-admin-ui@999.0.0-SNAPSHOT test:integration: `wireit -- --project=chromium`
Admin UI E2E (chromium)	Run Playwright tests	2025-12-13T04:29:41.1897341Z Exit status 1
Admin UI E2E (chromium)	Run Playwright tests	2025-12-13T04:29:41.2117357Z ##[error]Process completed with exit code 1.
Status Check - Keycloak JavaScript CI	Run /./.github/actions/status-check	ï»¿2025-12-13T04:34:31.0005313Z Prepare all required actions
Status Check - Keycloak JavaScript CI	Run /./.github/actions/status-check	2025-12-13T04:34:31.0070904Z ##[group]Run ./.github/actions/status-check
Status Check - Keycloak JavaScript CI	Run /./.github/actions/status-check	2025-12-13T04:34:31.0071266Z with:
Status Check - Keycloak JavaScript CI	Run /./.github/actions/status-check	2025-12-13T04:34:31.0072809Z   jobs: {
Status Check - Keycloak JavaScript CI	Run /./.github/actions/status-check	  "conditional": {
Status Check - Keycloak JavaScript CI	Run /./.github/actions/status-check	    "result": "success",
Status Check - Keycloak JavaScript CI	Run /./.github/actions/status-check	    "outputs": {
Status Check - Keycloak JavaScript CI	Run /./.github/actions/status-check	      "js-ci": "true"
Status Check - Keycloak JavaScript CI	Run /./.github/actions/status-check	    }
Status Check - Keycloak JavaScript CI	Run /./.github/actions/status-check	  },
Status Check - Keycloak JavaScript CI	Run /./.github/actions/status-check	  "build-keycloak": {
Status Check - Keycloak JavaScript CI	Run /./.github/actions/status-check	    "result": "success",
Status Check - Keycloak JavaScript CI	Run /./.github/actions/status-check	    "outputs": {}
Status Check - Keycloak JavaScript CI	Run /./.github/actions/status-check	  },
Status Check - Keycloak JavaScript CI	Run /./.github/actions/status-check	  "admin-client": {
Status Check - Keycloak JavaScript CI	Run /./.github/actions/status-check	    "result": "success",
Status Check - Keycloak JavaScript CI	Run /./.github/actions/status-check	    "outputs": {}
Status Check - Keycloak JavaScript CI	Run /./.github/actions/status-check	  },
Status Check - Keycloak JavaScript CI	Run /./.github/actions/status-check	  "ui-shared": {
Status Check - Keycloak JavaScript CI	Run /./.github/actions/status-check	    "result": "success",
Status Check - Keycloak JavaScript CI	Run /./.github/actions/status-check	    "outputs": {}
Status Check - Keycloak JavaScript CI	Run /./.github/actions/status-check	  },
Status Check - Keycloak JavaScript CI	Run /./.github/actions/status-check	  "account-ui": {
Status Check - Keycloak JavaScript CI	Run /./.github/actions/status-check	    "result": "success",
Status Check - Keycloak JavaScript CI	Run /./.github/actions/status-check	    "outputs": {}
Status Check - Keycloak JavaScript CI	Run /./.github/actions/status-check	  },
Status Check - Keycloak JavaScript CI	Run /./.github/actions/status-check	  "account-ui-e2e": {
Status Check - Keycloak JavaScript CI	Run /./.github/actions/status-check	    "result": "failure",
Status Check - Keycloak JavaScript CI	Run /./.github/actions/status-check	    "outputs": {}
Status Check - Keycloak JavaScript CI	Run /./.github/actions/status-check	  },
Status Check - Keycloak JavaScript CI	Run /./.github/actions/status-check	  "admin-ui": {
Status Check - Keycloak JavaScript CI	Run /./.github/actions/status-check	    "result": "success",
Status Check - Keycloak JavaScript CI	Run /./.github/actions/status-check	    "outputs": {}
Status Check - Keycloak JavaScript CI	Run /./.github/actions/status-check	  },
Status Check - Keycloak JavaScript CI	Run /./.github/actions/status-check	  "admin-ui-e2e": {
Status Check - Keycloak JavaScript CI	Run /./.github/actions/status-check	    "result": "failure",
Status Check - Keycloak JavaScript CI	Run /./.github/actions/status-check	    "outputs": {}
Status Check - Keycloak JavaScript CI	Run /./.github/actions/status-check	  },
Status Check - Keycloak JavaScript CI	Run /./.github/actions/status-check	  "keycloak-admin-client": {
Status Check - Keycloak JavaScript CI	Run /./.github/actions/status-check	    "result": "success",
Status Check - Keycloak JavaScript CI	Run /./.github/actions/status-check	    "outputs": {}
Status Check - Keycloak JavaScript CI	Run /./.github/actions/status-check	  }
Status Check - Keycloak JavaScript CI	Run /./.github/actions/status-check	}
Status Check - Keycloak JavaScript CI	Run /./.github/actions/status-check	2025-12-13T04:34:31.0074724Z env:
Status Check - Keycloak JavaScript CI	Run /./.github/actions/status-check	2025-12-13T04:34:31.0075033Z   MAVEN_ARGS: -B -nsu -Daether.connector.http.connectionMaxTtl=25
Status Check - Keycloak JavaScript CI	Run /./.github/actions/status-check	2025-12-13T04:34:31.0075399Z ##[endgroup]
Status Check - Keycloak JavaScript CI	Run /./.github/actions/status-check	2025-12-13T04:34:31.0170000Z ##[group]Run JOBS='{
Status Check - Keycloak JavaScript CI	Run /./.github/actions/status-check	2025-12-13T04:34:31.0170453Z [36;1mJOBS='{[0m
Status Check - Keycloak JavaScript CI	Run /./.github/actions/status-check	2025-12-13T04:34:31.0170693Z [36;1m  "conditional": {[0m
Status Check - Keycloak JavaScript CI	Run /./.github/actions/status-check	2025-12-13T04:34:31.0170962Z [36;1m    "result": "success",[0m
Status Check - Keycloak JavaScript CI	Run /./.github/actions/status-check	2025-12-13T04:34:31.0171234Z [36;1m    "outputs": {[0m
Status Check - Keycloak JavaScript CI	Run /./.github/actions/status-check	2025-12-13T04:34:31.0171497Z [36;1m      "js-ci": "true"[0m
Status Check - Keycloak JavaScript CI	Run /./.github/actions/status-check	2025-12-13T04:34:31.0171996Z [36;1m    }[0m
Status Check - Keycloak JavaScript CI	Run /./.github/actions/status-check	2025-12-13T04:34:31.0172215Z [36;1m  },[0m
Status Check - Keycloak JavaScript CI	Run /./.github/actions/status-check	2025-12-13T04:34:31.0172450Z [36;1m  "build-keycloak": {[0m
Status Check - Keycloak JavaScript CI	Run /./.github/actions/status-check	2025-12-13T04:34:31.0172725Z [36;1m    "result": "success",[0m
Status Check - Keycloak JavaScript CI	Run /./.github/actions/status-check	2025-12-13T04:34:31.0173102Z [36;1m    "outputs": {}[0m
Status Check - Keycloak JavaScript CI	Run /./.github/actions/status-check	2025-12-13T04:34:31.0173332Z [36;1m  },[0m
Status Check - Keycloak JavaScript CI	Run /./.github/actions/status-check	2025-12-13T04:34:31.0173548Z [36;1m  "admin-client": {[0m
Status Check - Keycloak JavaScript CI	Run /./.github/actions/status-check	2025-12-13T04:34:31.0173788Z [36;1m    "result": "success",[0m
Status Check - Keycloak JavaScript CI	Run /./.github/actions/status-check	2025-12-13T04:34:31.0174039Z [36;1m    "outputs": {}[0m
Status Check - Keycloak JavaScript CI	Run /./.github/actions/status-check	2025-12-13T04:34:31.0174276Z [36;1m  },[0m
Status Check - Keycloak JavaScript CI	Run /./.github/actions/status-check	2025-12-13T04:34:31.0174479Z [36;1m  "ui-shared": {[0m
Status Check - Keycloak JavaScript CI	Run /./.github/actions/status-check	2025-12-13T04:34:31.0174722Z [36;1m    "result": "success",[0m
Status Check - Keycloak JavaScript CI	Run /./.github/actions/status-check	2025-12-13T04:34:31.0174969Z [36;1m    "outputs": {}[0m
Status Check - Keycloak JavaScript CI	Run /./.github/actions/status-check	2025-12-13T04:34:31.0175199Z [36;1m  },[0m
Status Check - Keycloak JavaScript CI	Run /./.github/actions/status-check	2025-12-13T04:34:31.0175398Z [36;1m  "account-ui": {[0m
Status Check - Keycloak JavaScript CI	Run /./.github/actions/status-check	2025-12-13T04:34:31.0175634Z [36;1m    "result": "success",[0m
Status Check - Keycloak JavaScript CI	Run /./.github/actions/status-check	2025-12-13T04:34:31.0175878Z [36;1m    "outputs": {}[0m
Status Check - Keycloak JavaScript CI	Run /./.github/actions/status-check	2025-12-13T04:34:31.0176108Z [36;1m  },[0m
Status Check - Keycloak JavaScript CI	Run /./.github/actions/status-check	2025-12-13T04:34:31.0176449Z [36;1m  "account-ui-e2e": {[0m
Status Check - Keycloak JavaScript CI	Run /./.github/actions/status-check	2025-12-13T04:34:31.0176701Z [36;1m    "result": "failure",[0m
Status Check - Keycloak JavaScript CI	Run /./.github/actions/status-check	2025-12-13T04:34:31.0176956Z [36;1m    "outputs": {}[0m
Status Check - Keycloak JavaScript CI	Run /./.github/actions/status-check	2025-12-13T04:34:31.0177176Z [36;1m  },[0m
Status Check - Keycloak JavaScript CI	Run /./.github/actions/status-check	2025-12-13T04:34:31.0177382Z [36;1m  "admin-ui": {[0m
Status Check - Keycloak JavaScript CI	Run /./.github/actions/status-check	2025-12-13T04:34:31.0177615Z [36;1m    "result": "success",[0m
Status Check - Keycloak JavaScript CI	Run /./.github/actions/status-check	2025-12-13T04:34:31.0177865Z [36;1m    "outputs": {}[0m
Status Check - Keycloak JavaScript CI	Run /./.github/actions/status-check	2025-12-13T04:34:31.0178082Z [36;1m  },[0m
Status Check - Keycloak JavaScript CI	Run /./.github/actions/status-check	2025-12-13T04:34:31.0178291Z [36;1m  "admin-ui-e2e": {[0m
Status Check - Keycloak JavaScript CI	Run /./.github/actions/status-check	2025-12-13T04:34:31.0178540Z [36;1m    "result": "failure",[0m
Status Check - Keycloak JavaScript CI	Run /./.github/actions/status-check	2025-12-13T04:34:31.0178780Z [36;1m    "outputs": {}[0m
Status Check - Keycloak JavaScript CI	Run /./.github/actions/status-check	2025-12-13T04:34:31.0179002Z [36;1m  },[0m
Status Check - Keycloak JavaScript CI	Run /./.github/actions/status-check	2025-12-13T04:34:31.0179214Z [36;1m  "keycloak-admin-client": {[0m
Status Check - Keycloak JavaScript CI	Run /./.github/actions/status-check	2025-12-13T04:34:31.0179491Z [36;1m    "result": "success",[0m
Status Check - Keycloak JavaScript CI	Run /./.github/actions/status-check	2025-12-13T04:34:31.0179735Z [36;1m    "outputs": {}[0m
Status Check - Keycloak JavaScript CI	Run /./.github/actions/status-check	2025-12-13T04:34:31.0179959Z [36;1m  }[0m
Status Check - Keycloak JavaScript CI	Run /./.github/actions/status-check	2025-12-13T04:34:31.0180145Z [36;1m}'[0m
Status Check - Keycloak JavaScript CI	Run /./.github/actions/status-check	2025-12-13T04:34:31.0180350Z [36;1m[0m
Status Check - Keycloak JavaScript CI	Run /./.github/actions/status-check	2025-12-13T04:34:31.0180552Z [36;1mecho "Job status:"[0m
Status Check - Keycloak JavaScript CI	Run /./.github/actions/status-check	2025-12-13T04:34:31.0180912Z [36;1mecho $JOBS | jq -r 'to_entries[] | " - \(.key): \(.value.result)"'[0m
Status Check - Keycloak JavaScript CI	Run /./.github/actions/status-check	2025-12-13T04:34:31.0181257Z [36;1m[0m
Status Check - Keycloak JavaScript CI	Run /./.github/actions/status-check	2025-12-13T04:34:31.0181536Z [36;1mfor i in $(echo $JOBS | jq -r 'to_entries[] | .value.result'); do[0m
Status Check - Keycloak JavaScript CI	Run /./.github/actions/status-check	2025-12-13T04:34:31.0182181Z [36;1m  if [ "$i" != "success" ] && [ "$i" != "skipped" ]; then[0m
Status Check - Keycloak JavaScript CI	Run /./.github/actions/status-check	2025-12-13T04:34:31.0182483Z [36;1m    echo ""[0m
Status Check - Keycloak JavaScript CI	Run /./.github/actions/status-check	2025-12-13T04:34:31.0182732Z [36;1m    echo "Status check not okay!"[0m
Status Check - Keycloak JavaScript CI	Run /./.github/actions/status-check	2025-12-13T04:34:31.0183001Z [36;1m    exit 1[0m
Status Check - Keycloak JavaScript CI	Run /./.github/actions/status-check	2025-12-13T04:34:31.0183215Z [36;1m  fi[0m
Status Check - Keycloak JavaScript CI	Run /./.github/actions/status-check	2025-12-13T04:34:31.0183414Z [36;1mdone[0m
Status Check - Keycloak JavaScript CI	Run /./.github/actions/status-check	2025-12-13T04:34:31.0221060Z shell: /usr/bin/bash --noprofile --norc -e -o pipefail {0}
Status Check - Keycloak JavaScript CI	Run /./.github/actions/status-check	2025-12-13T04:34:31.0221908Z env:
Status Check - Keycloak JavaScript CI	Run /./.github/actions/status-check	2025-12-13T04:34:31.0222261Z   MAVEN_ARGS: -B -nsu -Daether.connector.http.connectionMaxTtl=25
Status Check - Keycloak JavaScript CI	Run /./.github/actions/status-check	2025-12-13T04:34:31.0222621Z ##[endgroup]
Status Check - Keycloak JavaScript CI	Run /./.github/actions/status-check	2025-12-13T04:34:31.0303950Z Job status:
Status Check - Keycloak JavaScript CI	Run /./.github/actions/status-check	2025-12-13T04:34:31.0336785Z  - conditional: success
Status Check - Keycloak JavaScript CI	Run /./.github/actions/status-check	2025-12-13T04:34:31.0338581Z  - build-keycloak: success
Status Check - Keycloak JavaScript CI	Run /./.github/actions/status-check	2025-12-13T04:34:31.0339127Z  - admin-client: success
Status Check - Keycloak JavaScript CI	Run /./.github/actions/status-check	2025-12-13T04:34:31.0339556Z  - ui-shared: success
Status Check - Keycloak JavaScript CI	Run /./.github/actions/status-check	2025-12-13T04:34:31.0339972Z  - account-ui: success
Status Check - Keycloak JavaScript CI	Run /./.github/actions/status-check	2025-12-13T04:34:31.0340398Z  - account-ui-e2e: failure
Status Check - Keycloak JavaScript CI	Run /./.github/actions/status-check	2025-12-13T04:34:31.0340833Z  - admin-ui: success
Status Check - Keycloak JavaScript CI	Run /./.github/actions/status-check	2025-12-13T04:34:31.0341222Z  - admin-ui-e2e: failure
Status Check - Keycloak JavaScript CI	Run /./.github/actions/status-check	2025-12-13T04:34:31.0341488Z  - keycloak-admin-client: success
Status Check - Keycloak JavaScript CI	Run /./.github/actions/status-check	2025-12-13T04:34:31.0374560Z 
Status Check - Keycloak JavaScript CI	Run /./.github/actions/status-check	2025-12-13T04:34:31.0375053Z Status check not okay!
Status Check - Keycloak JavaScript CI	Run /./.github/actions/status-check	2025-12-13T04:34:31.0389881Z ##[error]Process completed with exit code 1.
