Store IT (aurora-postgres)	Run Aurora tests on EC2	2024-07-22T00:33:23.3146408Z ##[group]Run PROPS="-Dauth.server.db.host=gh-action-dc9de96.cluster-ctdxeb4izrnc.us-east-1.rds.amazonaws.com"
Store IT (aurora-postgres)	Run Aurora tests on EC2	2024-07-22T00:33:23.3147766Z [36;1mPROPS="-Dauth.server.db.host=gh-action-dc9de96.cluster-ctdxeb4izrnc.us-east-1.rds.amazonaws.com"[0m
Store IT (aurora-postgres)	Run Aurora tests on EC2	2024-07-22T00:33:23.3148841Z [36;1mPROPS+=" -Dkeycloak.connectionsJpa.***"[0m
Store IT (aurora-postgres)	Run Aurora tests on EC2	2024-07-22T00:33:23.3149455Z [36;1m[0m
Store IT (aurora-postgres)	Run Aurora tests on EC2	2024-07-22T00:33:23.3149806Z [36;1mREGION=us-east-1[0m
Store IT (aurora-postgres)	Run Aurora tests on EC2	2024-07-22T00:33:23.3150173Z [36;1m[0m
Store IT (aurora-postgres)	Run Aurora tests on EC2	2024-07-22T00:33:23.3150926Z [36;1mcurl --fail-with-body https://truststore.pki.rds.amazonaws.com/${REGION}/${REGION}-bundle.pem -o aws.pem[0m
Store IT (aurora-postgres)	Run Aurora tests on EC2	2024-07-22T00:33:23.3152063Z [36;1mPROPS+=" -Dkeycloak.connectionsJpa.jdbcParameters=\"?ssl=true&sslmode=verify-ca&sslrootcert=/opt/keycloak/aws.pem\""[0m
Store IT (aurora-postgres)	Run Aurora tests on EC2	2024-07-22T00:33:23.3152895Z [36;1m[0m
Store IT (aurora-postgres)	Run Aurora tests on EC2	2024-07-22T00:33:23.3153468Z [36;1mTESTS=`testsuite/integration-arquillian/tests/base/testsuites/suite.sh database`[0m
Store IT (aurora-postgres)	Run Aurora tests on EC2	2024-07-22T00:33:23.3154089Z [36;1mecho "Tests: $TESTS"[0m
Store IT (aurora-postgres)	Run Aurora tests on EC2	2024-07-22T00:33:23.3154551Z [36;1m[0m
Store IT (aurora-postgres)	Run Aurora tests on EC2	2024-07-22T00:33:23.3155129Z [36;1mgit archive --format=zip --output /tmp/keycloak.zip $GITHUB_REF[0m
Store IT (aurora-postgres)	Run Aurora tests on EC2	2024-07-22T00:33:23.3155806Z [36;1mzip -u /tmp/keycloak.zip aws.pem[0m
Store IT (aurora-postgres)	Run Aurora tests on EC2	2024-07-22T00:33:23.3156233Z [36;1m[0m
Store IT (aurora-postgres)	Run Aurora tests on EC2	2024-07-22T00:33:23.3156561Z [36;1mcd .github/scripts/ansible[0m
Store IT (aurora-postgres)	Run Aurora tests on EC2	2024-07-22T00:33:23.3157164Z [36;1mexport CLUSTER_NAME=keycloak_$(git rev-parse --short HEAD)[0m
Store IT (aurora-postgres)	Run Aurora tests on EC2	2024-07-22T00:33:23.3157804Z [36;1mecho "ec2_cluster=${CLUSTER_NAME}" >> $GITHUB_OUTPUT[0m
Store IT (aurora-postgres)	Run Aurora tests on EC2	2024-07-22T00:33:23.3158324Z [36;1m./aws_ec2.sh requirements[0m
Store IT (aurora-postgres)	Run Aurora tests on EC2	2024-07-22T00:33:23.3158841Z [36;1m./aws_ec2.sh create ${REGION}[0m
Store IT (aurora-postgres)	Run Aurora tests on EC2	2024-07-22T00:33:23.3159381Z [36;1m./keycloak_ec2_installer.sh ${REGION} /tmp/keycloak.zip[0m
Store IT (aurora-postgres)	Run Aurora tests on EC2	2024-07-22T00:33:23.3160155Z [36;1m./mvn_ec2_runner.sh ${REGION} "clean install -B -DskipTests -Pdistribution"[0m
Store IT (aurora-postgres)	Run Aurora tests on EC2	2024-07-22T00:33:23.3161573Z [36;1m./mvn_ec2_runner.sh ${REGION} "clean install -B -DskipTests -pl testsuite/integration-arquillian/servers/auth-server/quarkus -Pauth-server-quarkus -Pdb-aurora-postgres -Dmaven.build.cache.enabled=true"[0m
Store IT (aurora-postgres)	Run Aurora tests on EC2	2024-07-22T00:33:23.3163769Z [36;1m./mvn_ec2_runner.sh ${REGION} "test -B -Dsurefire.rerunFailingTestsCount=2 -Pauth-server-quarkus -Pdb-aurora-postgres $PROPS -Dtest=$TESTS -pl testsuite/integration-arquillian/tests/base 2>&1 | misc/log/trimmer.sh"[0m
Store IT (aurora-postgres)	Run Aurora tests on EC2	2024-07-22T00:33:23.3165060Z [36;1m[0m
Store IT (aurora-postgres)	Run Aurora tests on EC2	2024-07-22T00:33:23.3165644Z [36;1m# Copy returned surefire-report directories to workspace root to ensure they're discovered[0m
Store IT (aurora-postgres)	Run Aurora tests on EC2	2024-07-22T00:33:23.3166366Z [36;1mresults=(files/keycloak/results/*)[0m
Store IT (aurora-postgres)	Run Aurora tests on EC2	2024-07-22T00:33:23.3166848Z [36;1mrsync -a $results/* ../../../[0m
Store IT (aurora-postgres)	Run Aurora tests on EC2	2024-07-22T00:33:23.3167276Z [36;1mrm -rf $results[0m
Store IT (aurora-postgres)	Run Aurora tests on EC2	2024-07-22T00:33:23.3206769Z shell: /usr/bin/bash --noprofile --norc -e -o pipefail {0}
Store IT (aurora-postgres)	Run Aurora tests on EC2	2024-07-22T00:33:23.3207285Z env:
Store IT (aurora-postgres)	Run Aurora tests on EC2	2024-07-22T00:33:23.3207702Z   MAVEN_ARGS: -B -nsu -Daether.connector.http.connectionMaxTtl=25
Store IT (aurora-postgres)	Run Aurora tests on EC2	2024-07-22T00:33:23.3208362Z   SUREFIRE_RERUN_FAILING_COUNT: 2
Store IT (aurora-postgres)	Run Aurora tests on EC2	2024-07-22T00:33:23.3208882Z   SUREFIRE_RETRY: -Dsurefire.rerunFailingTestsCount=2
Store IT (aurora-postgres)	Run Aurora tests on EC2	2024-07-22T00:33:23.3209435Z ##[endgroup]
Store IT (aurora-postgres)	Run Aurora tests on EC2	2024-07-22T00:33:23.3347239Z   % Total    % Received % Xferd  Average Speed   Time    Time     Time  Current
Store IT (aurora-postgres)	Run Aurora tests on EC2	2024-07-22T00:33:23.3348365Z                                  Dload  Upload   Total   Spent    Left  Speed
Store IT (aurora-postgres)	Run Aurora tests on EC2	2024-07-22T00:33:23.3349052Z 
Store IT (aurora-postgres)	Run Aurora tests on EC2	2024-07-22T00:33:23.4015156Z   0     0    0     0    0     0      0      0 --:--:-- --:--:-- --:--:--     0
Store IT (aurora-postgres)	Run Aurora tests on EC2	2024-07-22T00:33:23.4016808Z 100  7488  100  7488    0     0   109k      0 --:--:-- --:--:-- --:--:--  110k
Store IT (aurora-postgres)	Run Aurora tests on EC2	2024-07-22T00:33:23.4741579Z Tests: AccountRestServiceTest,AuthorizationCodeTest,AuthorizationTest,ClientRegistrationTest,EventStoreProviderTest,ExportImportTest,GeneratedRsaKeyProviderTest,KcOidcBrokerTest,LDAPUserLoginTest,LoginTest,PasswordPolicyTest,RefreshTokenTest,RequiredActionUpdateProfileTest,SSOTest,SamlClientTest,TransactionsTest,UserProfileTest,org.keycloak.testsuite.admin.**,org.keycloak.testsuite.authz.**ManagementTest,org.keycloak.testsuite.organization.admin.**
Store IT (aurora-postgres)	Run Aurora tests on EC2	2024-07-22T00:33:26.1853907Z   adding: aws.pem (deflated 40%)
Store IT (aurora-postgres)	Run Aurora tests on EC2	2024-07-22T00:33:35.0588501Z Starting galaxy collection install process
Store IT (aurora-postgres)	Run Aurora tests on EC2	2024-07-22T00:33:35.0589509Z Process install dependency map
Store IT (aurora-postgres)	Run Aurora tests on EC2	2024-07-22T00:33:35.0590553Z Starting collection install process
Store IT (aurora-postgres)	Run Aurora tests on EC2	2024-07-22T00:33:35.0593244Z Downloading https://galaxy.ansible.com/api/v3/plugin/ansible/content/published/collections/artifacts/amazon-aws-6.0.0.tar.gz to /home/runner/.ansible/tmp/ansible-local-2268kjy_8ukj/tmpsza8t4o8/amazon-aws-6.0.0-q1_a7ncp
Store IT (aurora-postgres)	Run Aurora tests on EC2	2024-07-22T00:33:35.0595540Z Installing 'amazon.aws:6.0.0' to '/home/runner/.ansible/collections/ansible_collections/amazon/aws'
Store IT (aurora-postgres)	Run Aurora tests on EC2	2024-07-22T00:33:35.0596455Z amazon.aws:6.0.0 was installed successfully
Store IT (aurora-postgres)	Run Aurora tests on EC2	2024-07-22T00:33:37.3476250Z Collecting ansible==9.*
Store IT (aurora-postgres)	Run Aurora tests on EC2	2024-07-22T00:33:37.3837875Z   Downloading ansible-9.8.0-py3-none-any.whl (48.4 MB)
Store IT (aurora-postgres)	Run Aurora tests on EC2	2024-07-22T00:33:37.8144325Z      ‚îÅ‚îÅ‚îÅ‚îÅ‚îÅ‚îÅ‚îÅ‚îÅ‚îÅ‚îÅ‚îÅ‚îÅ‚îÅ‚îÅ‚îÅ‚îÅ‚îÅ‚îÅ‚îÅ‚îÅ‚îÅ‚îÅ‚îÅ‚îÅ‚îÅ‚îÅ‚îÅ‚îÅ‚îÅ‚îÅ‚îÅ‚îÅ‚îÅ‚îÅ‚îÅ‚îÅ‚îÅ‚îÅ‚îÅ‚îÅ 48.4/48.4 MB 45.7 MB/s eta 0:00:00
Store IT (aurora-postgres)	Run Aurora tests on EC2	2024-07-22T00:33:38.4979901Z Collecting boto3
Store IT (aurora-postgres)	Run Aurora tests on EC2	2024-07-22T00:33:38.5014598Z   Downloading boto3-1.34.145-py3-none-any.whl (139 kB)
Store IT (aurora-postgres)	Run Aurora tests on EC2	2024-07-22T00:33:38.5070797Z      ‚îÅ‚îÅ‚îÅ‚îÅ‚îÅ‚îÅ‚îÅ‚îÅ‚îÅ‚îÅ‚îÅ‚îÅ‚îÅ‚îÅ‚îÅ‚îÅ‚îÅ‚îÅ‚îÅ‚îÅ‚îÅ‚îÅ‚îÅ‚îÅ‚îÅ‚îÅ‚îÅ‚îÅ‚îÅ‚îÅ‚îÅ‚îÅ‚îÅ‚îÅ‚îÅ‚îÅ‚îÅ‚îÅ 139.2/139.2 KB 37.0 MB/s eta 0:00:00
Store IT (aurora-postgres)	Run Aurora tests on EC2	2024-07-22T00:33:39.1262207Z Collecting botocore
Store IT (aurora-postgres)	Run Aurora tests on EC2	2024-07-22T00:33:39.1295314Z   Downloading botocore-1.34.145-py3-none-any.whl (12.4 MB)
Store IT (aurora-postgres)	Run Aurora tests on EC2	2024-07-22T00:33:39.2589993Z      ‚îÅ‚îÅ‚îÅ‚îÅ‚îÅ‚îÅ‚îÅ‚îÅ‚îÅ‚îÅ‚îÅ‚îÅ‚îÅ‚îÅ‚îÅ‚îÅ‚îÅ‚îÅ‚îÅ‚îÅ‚îÅ‚îÅ‚îÅ‚îÅ‚îÅ‚îÅ‚îÅ‚îÅ‚îÅ‚îÅ‚îÅ‚îÅ‚îÅ‚îÅ‚îÅ‚îÅ‚îÅ‚îÅ‚îÅ‚îÅ 12.4/12.4 MB 88.6 MB/s eta 0:00:00
Store IT (aurora-postgres)	Run Aurora tests on EC2	2024-07-22T00:33:39.3454357Z Collecting ansible-core~=2.16.9
Store IT (aurora-postgres)	Run Aurora tests on EC2	2024-07-22T00:33:39.3529636Z   Downloading ansible_core-2.16.9-py3-none-any.whl (2.3 MB)
Store IT (aurora-postgres)	Run Aurora tests on EC2	2024-07-22T00:33:39.3746070Z      ‚îÅ‚îÅ‚îÅ‚îÅ‚îÅ‚îÅ‚îÅ‚îÅ‚îÅ‚îÅ‚îÅ‚îÅ‚îÅ‚îÅ‚îÅ‚îÅ‚îÅ‚îÅ‚îÅ‚îÅ‚îÅ‚îÅ‚îÅ‚îÅ‚îÅ‚îÅ‚îÅ‚îÅ‚îÅ‚îÅ‚îÅ‚îÅ‚îÅ‚îÅ‚îÅ‚îÅ‚îÅ‚îÅ‚îÅ‚îÅ 2.3/2.3 MB 114.1 MB/s eta 0:00:00
Store IT (aurora-postgres)	Run Aurora tests on EC2	2024-07-22T00:33:39.4196163Z Collecting s3transfer<0.11.0,>=0.10.0
Store IT (aurora-postgres)	Run Aurora tests on EC2	2024-07-22T00:33:39.4224716Z   Downloading s3transfer-0.10.2-py3-none-any.whl (82 kB)
Store IT (aurora-postgres)	Run Aurora tests on EC2	2024-07-22T00:33:39.4262604Z      ‚îÅ‚îÅ‚îÅ‚îÅ‚îÅ‚îÅ‚îÅ‚îÅ‚îÅ‚îÅ‚îÅ‚îÅ‚îÅ‚îÅ‚îÅ‚îÅ‚îÅ‚îÅ‚îÅ‚îÅ‚îÅ‚îÅ‚îÅ‚îÅ‚îÅ‚îÅ‚îÅ‚îÅ‚îÅ‚îÅ‚îÅ‚îÅ‚îÅ‚îÅ‚îÅ‚îÅ‚îÅ‚îÅ‚îÅ‚îÅ 82.7/82.7 KB 34.9 MB/s eta 0:00:00
Store IT (aurora-postgres)	Run Aurora tests on EC2	2024-07-22T00:33:39.4417030Z Collecting jmespath<2.0.0,>=0.7.1
Store IT (aurora-postgres)	Run Aurora tests on EC2	2024-07-22T00:33:39.4445591Z   Downloading jmespath-1.0.1-py3-none-any.whl (20 kB)
Store IT (aurora-postgres)	Run Aurora tests on EC2	2024-07-22T00:33:39.5624704Z Collecting python-dateutil<3.0.0,>=2.1
Store IT (aurora-postgres)	Run Aurora tests on EC2	2024-07-22T00:33:39.5655688Z   Downloading python_dateutil-2.9.0.post0-py2.py3-none-any.whl (229 kB)
Store IT (aurora-postgres)	Run Aurora tests on EC2	2024-07-22T00:33:39.5707713Z      ‚îÅ‚îÅ‚îÅ‚îÅ‚îÅ‚îÅ‚îÅ‚îÅ‚îÅ‚îÅ‚îÅ‚îÅ‚îÅ‚îÅ‚îÅ‚îÅ‚îÅ‚îÅ‚îÅ‚îÅ‚îÅ‚îÅ‚îÅ‚îÅ‚îÅ‚îÅ‚îÅ‚îÅ‚îÅ‚îÅ‚îÅ‚îÅ‚îÅ‚îÅ‚îÅ‚îÅ‚îÅ‚îÅ 229.9/229.9 KB 71.9 MB/s eta 0:00:00
Store IT (aurora-postgres)	Run Aurora tests on EC2	2024-07-22T00:33:39.5732274Z Requirement already satisfied: urllib3!=2.2.0,<3,>=1.25.4 in /usr/lib/python3/dist-packages (from botocore) (1.26.5)
Store IT (aurora-postgres)	Run Aurora tests on EC2	2024-07-22T00:33:39.5916284Z Collecting resolvelib<1.1.0,>=0.5.3
Store IT (aurora-postgres)	Run Aurora tests on EC2	2024-07-22T00:33:39.5951264Z   Downloading resolvelib-1.0.1-py2.py3-none-any.whl (17 kB)
Store IT (aurora-postgres)	Run Aurora tests on EC2	2024-07-22T00:33:39.5979582Z Requirement already satisfied: packaging in /usr/local/lib/python3.10/dist-packages (from ansible-core~=2.16.9->ansible==9.*) (24.1)
Store IT (aurora-postgres)	Run Aurora tests on EC2	2024-07-22T00:33:39.5986066Z Requirement already satisfied: jinja2>=3.0.0 in /usr/lib/python3/dist-packages (from ansible-core~=2.16.9->ansible==9.*) (3.0.3)
Store IT (aurora-postgres)	Run Aurora tests on EC2	2024-07-22T00:33:39.5992134Z Requirement already satisfied: PyYAML>=5.1 in /usr/lib/python3/dist-packages (from ansible-core~=2.16.9->ansible==9.*) (5.4.1)
Store IT (aurora-postgres)	Run Aurora tests on EC2	2024-07-22T00:33:39.5996185Z Requirement already satisfied: cryptography in /usr/lib/python3/dist-packages (from ansible-core~=2.16.9->ansible==9.*) (3.4.8)
Store IT (aurora-postgres)	Run Aurora tests on EC2	2024-07-22T00:33:39.6032364Z Requirement already satisfied: six>=1.5 in /usr/lib/python3/dist-packages (from python-dateutil<3.0.0,>=2.1->botocore) (1.16.0)
Store IT (aurora-postgres)	Run Aurora tests on EC2	2024-07-22T00:33:40.1982823Z Installing collected packages: resolvelib, python-dateutil, jmespath, ansible-core, botocore, ansible, s3transfer, boto3
Store IT (aurora-postgres)	Run Aurora tests on EC2	2024-07-22T00:33:56.8942359Z Successfully installed ansible-9.8.0 ansible-core-2.16.9 boto3-1.34.145 botocore-1.34.145 jmespath-1.0.1 python-dateutil-2.9.0.post0 resolvelib-1.0.1 s3transfer-0.10.2
Store IT (aurora-postgres)	Run Aurora tests on EC2	2024-07-22T00:33:57.8158645Z [WARNING]: No inventory was parsed, only implicit localhost is available
Store IT (aurora-postgres)	Run Aurora tests on EC2	2024-07-22T00:33:57.8183879Z [WARNING]: provided hosts list is empty, only localhost is available. Note that
Store IT (aurora-postgres)	Run Aurora tests on EC2	2024-07-22T00:33:57.8185504Z the implicit localhost does not match 'all'
Store IT (aurora-postgres)	Run Aurora tests on EC2	2024-07-22T00:33:57.9214419Z Using /home/runner/work/keycloak/keycloak/.github/scripts/ansible/ansible.cfg as config file
Store IT (aurora-postgres)	Run Aurora tests on EC2	2024-07-22T00:33:57.9215394Z 
Store IT (aurora-postgres)	Run Aurora tests on EC2	2024-07-22T00:33:57.9215826Z PLAY [localhost] ***************************************************************
Store IT (aurora-postgres)	Run Aurora tests on EC2	2024-07-22T00:33:57.9216437Z 
Store IT (aurora-postgres)	Run Aurora tests on EC2	2024-07-22T00:33:57.9216843Z TASK [Gathering Facts] *********************************************************
Store IT (aurora-postgres)	Run Aurora tests on EC2	2024-07-22T00:33:59.3898204Z ok: [localhost]
Store IT (aurora-postgres)	Run Aurora tests on EC2	2024-07-22T00:33:59.3898689Z 
Store IT (aurora-postgres)	Run Aurora tests on EC2	2024-07-22T00:33:59.3899120Z TASK [aws_ec2 : debug] *********************************************************
Store IT (aurora-postgres)	Run Aurora tests on EC2	2024-07-22T00:33:59.4068445Z ok: [localhost] => {
Store IT (aurora-postgres)	Run Aurora tests on EC2	2024-07-22T00:33:59.4069258Z     "cluster_identifier": "runner"
Store IT (aurora-postgres)	Run Aurora tests on EC2	2024-07-22T00:33:59.4069920Z }
Store IT (aurora-postgres)	Run Aurora tests on EC2	2024-07-22T00:33:59.4070149Z 
Store IT (aurora-postgres)	Run Aurora tests on EC2	2024-07-22T00:33:59.4070551Z TASK [aws_ec2 : debug] *********************************************************
Store IT (aurora-postgres)	Run Aurora tests on EC2	2024-07-22T00:33:59.4210153Z ok: [localhost] => {
Store IT (aurora-postgres)	Run Aurora tests on EC2	2024-07-22T00:33:59.4211188Z     "region": "us-east-1"
Store IT (aurora-postgres)	Run Aurora tests on EC2	2024-07-22T00:33:59.4211638Z }
Store IT (aurora-postgres)	Run Aurora tests on EC2	2024-07-22T00:33:59.4212046Z 
Store IT (aurora-postgres)	Run Aurora tests on EC2	2024-07-22T00:33:59.4212313Z TASK [aws_ec2 : debug] *********************************************************
Store IT (aurora-postgres)	Run Aurora tests on EC2	2024-07-22T00:33:59.4352033Z ok: [localhost] => {
Store IT (aurora-postgres)	Run Aurora tests on EC2	2024-07-22T00:33:59.4352827Z     "cluster_name": "keycloak_dc9de96"
Store IT (aurora-postgres)	Run Aurora tests on EC2	2024-07-22T00:33:59.4353380Z }
Store IT (aurora-postgres)	Run Aurora tests on EC2	2024-07-22T00:33:59.4353598Z 
Store IT (aurora-postgres)	Run Aurora tests on EC2	2024-07-22T00:33:59.4353992Z TASK [aws_ec2 : include_tasks] *************************************************
Store IT (aurora-postgres)	Run Aurora tests on EC2	2024-07-22T00:33:59.4583316Z included: /home/runner/work/keycloak/keycloak/.github/scripts/ansible/roles/aws_ec2/tasks/create-resources.yml for localhost
Store IT (aurora-postgres)	Run Aurora tests on EC2	2024-07-22T00:33:59.4584266Z 
Store IT (aurora-postgres)	Run Aurora tests on EC2	2024-07-22T00:33:59.4584726Z TASK [aws_ec2 : Get Ansible Control Host's public IP] **************************
Store IT (aurora-postgres)	Run Aurora tests on EC2	2024-07-22T00:33:59.7480780Z changed: [localhost] => {"censored": "the output has been hidden due to the fact that 'no_log: true' was specified for this result", "changed": true}
Store IT (aurora-postgres)	Run Aurora tests on EC2	2024-07-22T00:33:59.7482274Z 
Store IT (aurora-postgres)	Run Aurora tests on EC2	2024-07-22T00:33:59.7482632Z TASK [aws_ec2 : debug] *********************************************************
Store IT (aurora-postgres)	Run Aurora tests on EC2	2024-07-22T00:33:59.7630899Z ok: [localhost] => {
Store IT (aurora-postgres)	Run Aurora tests on EC2	2024-07-22T00:33:59.7631450Z     "cidr_ip": "4.227.175.97/32"
Store IT (aurora-postgres)	Run Aurora tests on EC2	2024-07-22T00:33:59.7632097Z }
Store IT (aurora-postgres)	Run Aurora tests on EC2	2024-07-22T00:33:59.7632348Z 
Store IT (aurora-postgres)	Run Aurora tests on EC2	2024-07-22T00:33:59.7632725Z TASK [aws_ec2 : Create Security Group] *****************************************
Store IT (aurora-postgres)	Run Aurora tests on EC2	2024-07-22T00:34:04.8706516Z changed: [localhost] => {"censored": "the output has been hidden due to the fact that 'no_log: true' was specified for this result", "changed": true}
Store IT (aurora-postgres)	Run Aurora tests on EC2	2024-07-22T00:34:04.8707575Z 
Store IT (aurora-postgres)	Run Aurora tests on EC2	2024-07-22T00:34:04.8708193Z TASK [aws_ec2 : Create Key] ****************************************************
Store IT (aurora-postgres)	Run Aurora tests on EC2	2024-07-22T00:34:05.7197827Z changed: [localhost] => {"censored": "the output has been hidden due to the fact that 'no_log: true' was specified for this result", "changed": true}
Store IT (aurora-postgres)	Run Aurora tests on EC2	2024-07-22T00:34:05.7199612Z 
Store IT (aurora-postgres)	Run Aurora tests on EC2	2024-07-22T00:34:05.7201136Z TASK [aws_ec2 : Save Private Key on Ansible Control Machine] *******************
Store IT (aurora-postgres)	Run Aurora tests on EC2	2024-07-22T00:34:06.1449159Z changed: [localhost] => {"censored": "the output has been hidden due to the fact that 'no_log: true' was specified for this result", "changed": true}
Store IT (aurora-postgres)	Run Aurora tests on EC2	2024-07-22T00:34:06.1450501Z 
Store IT (aurora-postgres)	Run Aurora tests on EC2	2024-07-22T00:34:06.1451131Z TASK [aws_ec2 : Look up AMI 'RHEL-8.8.0_HVM-20230503-x86_64-54-Hourly2-GP2'] ***
Store IT (aurora-postgres)	Run Aurora tests on EC2	2024-07-22T00:34:07.1233633Z ok: [localhost] => {"changed": false, "images": [{"architecture": "x86_64", "block_device_mappings": [{"device_name": "/dev/sda1", "ebs": {"delete_on_termination": true, "encrypted": false, "snapshot_id": "snap-04d2aa5ae502e418f", "volume_size": 10, "volume_type": "gp2"}}], "creation_date": "2023-05-10T11:04:33.000Z", "deprecation_time": "2025-05-10T11:04:33.000Z", "description": "Provided by Red Hat, Inc.", "ena_support": true, "hypervisor": "xen", "image_id": "ami-030f1f74b3569f163", "image_location": "amazon/RHEL-8.8.0_HVM-20230503-x86_64-54-Hourly2-GP2", "image_owner_alias": "amazon", "image_type": "machine", "name": "RHEL-8.8.0_HVM-20230503-x86_64-54-Hourly2-GP2", "owner_id": "309956199498", "platform_details": "Red Hat Enterprise Linux", "public": true, "root_device_name": "/dev/sda1", "root_device_type": "ebs", "sriov_net_support": "simple", "state": "available", "tags": {}, "usage_operation": "RunInstances:0010", "virtualization_type": "hvm"}]}
Store IT (aurora-postgres)	Run Aurora tests on EC2	2024-07-22T00:34:07.1240783Z 
Store IT (aurora-postgres)	Run Aurora tests on EC2	2024-07-22T00:34:07.1241304Z TASK [aws_ec2 : Create 1 EC2 Instances] ****************************************
Store IT (aurora-postgres)	Run Aurora tests on EC2	2024-07-22T00:37:42.0072490Z changed: [localhost] => {"censored": "the output has been hidden due to the fact that 'no_log: true' was specified for this result", "changed": true}
Store IT (aurora-postgres)	Run Aurora tests on EC2	2024-07-22T00:37:42.0074092Z 
Store IT (aurora-postgres)	Run Aurora tests on EC2	2024-07-22T00:37:42.0074760Z TASK [aws_ec2 : Create Inventory File] *****************************************
Store IT (aurora-postgres)	Run Aurora tests on EC2	2024-07-22T00:37:42.2950586Z changed: [localhost] => {"changed": true, "checksum": "1d489c6c3b987683068290bea7be69959c2a9420", "dest": "./keycloak_dc9de96_us-east-1_inventory.yml", "gid": 127, "group": "docker", "md5sum": "2fe3c6776da01a44693bc54885ad7bcb", "mode": "0644", "owner": "runner", "size": 230, "src": "/home/runner/.ansible/tmp/ansible-tmp-1721608662.0182025-2581-68244030352854/source", "state": "file", "uid": 1001}
Store IT (aurora-postgres)	Run Aurora tests on EC2	2024-07-22T00:37:42.2952733Z 
Store IT (aurora-postgres)	Run Aurora tests on EC2	2024-07-22T00:37:42.2953144Z TASK [aws_ec2 : include_tasks] *************************************************
Store IT (aurora-postgres)	Run Aurora tests on EC2	2024-07-22T00:37:42.3079191Z skipping: [localhost] => {"changed": false, "false_condition": "operation == \"start\" or operation == \"stop\"", "skip_reason": "Conditional result was False"}
Store IT (aurora-postgres)	Run Aurora tests on EC2	2024-07-22T00:37:42.3080251Z 
Store IT (aurora-postgres)	Run Aurora tests on EC2	2024-07-22T00:37:42.3080661Z TASK [aws_ec2 : include_tasks] *************************************************
Store IT (aurora-postgres)	Run Aurora tests on EC2	2024-07-22T00:37:42.3324140Z skipping: [localhost] => {"changed": false, "false_condition": "operation == \"delete\"", "skip_reason": "Conditional result was False"}
Store IT (aurora-postgres)	Run Aurora tests on EC2	2024-07-22T00:37:42.3325512Z 
Store IT (aurora-postgres)	Run Aurora tests on EC2	2024-07-22T00:37:42.3326029Z PLAY RECAP *********************************************************************
Store IT (aurora-postgres)	Run Aurora tests on EC2	2024-07-22T00:37:42.3327406Z localhost                  : ok=13   changed=6    unreachable=0    failed=0    skipped=2    rescued=0    ignored=0   
Store IT (aurora-postgres)	Run Aurora tests on EC2	2024-07-22T00:37:42.3327990Z 
Store IT (aurora-postgres)	Run Aurora tests on EC2	2024-07-22T00:37:42.7483389Z 
Store IT (aurora-postgres)	Run Aurora tests on EC2	2024-07-22T00:37:42.7484194Z PLAY [keycloak] ****************************************************************
Store IT (aurora-postgres)	Run Aurora tests on EC2	2024-07-22T00:37:42.7484831Z 
Store IT (aurora-postgres)	Run Aurora tests on EC2	2024-07-22T00:37:42.7485280Z TASK [Gathering Facts] *********************************************************
Store IT (aurora-postgres)	Run Aurora tests on EC2	2024-07-22T00:37:47.0086828Z ok: [54.224.207.91]
Store IT (aurora-postgres)	Run Aurora tests on EC2	2024-07-22T00:37:47.0087368Z 
Store IT (aurora-postgres)	Run Aurora tests on EC2	2024-07-22T00:37:47.0087915Z TASK [keycloak_ec2_installer : include_tasks] **********************************
Store IT (aurora-postgres)	Run Aurora tests on EC2	2024-07-22T00:37:47.0264792Z included: /home/runner/work/keycloak/keycloak/.github/scripts/ansible/roles/keycloak_ec2_installer/tasks/install.yml for 54.224.207.91
Store IT (aurora-postgres)	Run Aurora tests on EC2	2024-07-22T00:37:47.0266598Z 
Store IT (aurora-postgres)	Run Aurora tests on EC2	2024-07-22T00:37:47.0268734Z TASK [keycloak_ec2_installer : Update system packages on the remote hosts] *****
Store IT (aurora-postgres)	Run Aurora tests on EC2	2024-07-22T00:37:47.0392573Z skipping: [54.224.207.91]
Store IT (aurora-postgres)	Run Aurora tests on EC2	2024-07-22T00:37:47.0393722Z 
Store IT (aurora-postgres)	Run Aurora tests on EC2	2024-07-22T00:37:47.0394453Z TASK [keycloak_ec2_installer : Install Java 21 packages on the remote hosts] ***
Store IT (aurora-postgres)	Run Aurora tests on EC2	2024-07-22T00:39:12.4077699Z changed: [54.224.207.91]
Store IT (aurora-postgres)	Run Aurora tests on EC2	2024-07-22T00:39:12.4078524Z 
Store IT (aurora-postgres)	Run Aurora tests on EC2	2024-07-22T00:39:12.4079240Z TASK [keycloak_ec2_installer : Install dependencies on the remote hosts] *******
Store IT (aurora-postgres)	Run Aurora tests on EC2	2024-07-22T00:39:19.8182100Z changed: [54.224.207.91] => (item=unzip)
Store IT (aurora-postgres)	Run Aurora tests on EC2	2024-07-22T00:39:19.8198956Z 
Store IT (aurora-postgres)	Run Aurora tests on EC2	2024-07-22T00:39:19.8199808Z TASK [keycloak_ec2_installer : Create Keycloak src dir] ************************
Store IT (aurora-postgres)	Run Aurora tests on EC2	2024-07-22T00:39:20.5375929Z changed: [54.224.207.91]
Store IT (aurora-postgres)	Run Aurora tests on EC2	2024-07-22T00:39:20.5376415Z 
Store IT (aurora-postgres)	Run Aurora tests on EC2	2024-07-22T00:39:20.5377901Z TASK [keycloak_ec2_installer : Install Keycloak src on the remote hosts] *******
Store IT (aurora-postgres)	Run Aurora tests on EC2	2024-07-22T00:39:34.8230701Z changed: [54.224.207.91]
Store IT (aurora-postgres)	Run Aurora tests on EC2	2024-07-22T00:39:34.8231398Z 
Store IT (aurora-postgres)	Run Aurora tests on EC2	2024-07-22T00:39:34.8231873Z PLAY RECAP *********************************************************************
Store IT (aurora-postgres)	Run Aurora tests on EC2	2024-07-22T00:39:34.8236189Z 54.224.207.91              : ok=6    changed=4    unreachable=0    failed=0    skipped=1    rescued=0    ignored=0   
Store IT (aurora-postgres)	Run Aurora tests on EC2	2024-07-22T00:39:34.8237082Z 
Store IT (aurora-postgres)	Run Aurora tests on EC2	2024-07-22T00:39:35.2485039Z 
Store IT (aurora-postgres)	Run Aurora tests on EC2	2024-07-22T00:39:35.2486174Z PLAY [keycloak] ****************************************************************
Store IT (aurora-postgres)	Run Aurora tests on EC2	2024-07-22T00:39:35.2487354Z 
Store IT (aurora-postgres)	Run Aurora tests on EC2	2024-07-22T00:39:35.2487898Z TASK [Gathering Facts] *********************************************************
Store IT (aurora-postgres)	Run Aurora tests on EC2	2024-07-22T00:39:36.5217777Z ok: [54.224.207.91]
Store IT (aurora-postgres)	Run Aurora tests on EC2	2024-07-22T00:39:36.5218375Z 
Store IT (aurora-postgres)	Run Aurora tests on EC2	2024-07-22T00:39:36.5218888Z TASK [mvn_ec2_runner : include_tasks] ******************************************
Store IT (aurora-postgres)	Run Aurora tests on EC2	2024-07-22T00:39:36.5436346Z included: /home/runner/work/keycloak/keycloak/.github/scripts/ansible/roles/mvn_ec2_runner/tasks/run.yml for 54.224.207.91
Store IT (aurora-postgres)	Run Aurora tests on EC2	2024-07-22T00:39:36.5437600Z 
Store IT (aurora-postgres)	Run Aurora tests on EC2	2024-07-22T00:39:36.5438043Z TASK [mvn_ec2_runner : debug] **************************************************
Store IT (aurora-postgres)	Run Aurora tests on EC2	2024-07-22T00:39:36.5588585Z ok: [54.224.207.91] => {
Store IT (aurora-postgres)	Run Aurora tests on EC2	2024-07-22T00:39:36.5589344Z     "msg": "Variable `mvn_params` must be set."
Store IT (aurora-postgres)	Run Aurora tests on EC2	2024-07-22T00:39:36.5590246Z }
Store IT (aurora-postgres)	Run Aurora tests on EC2	2024-07-22T00:39:36.5590529Z 
Store IT (aurora-postgres)	Run Aurora tests on EC2	2024-07-22T00:39:36.5590970Z TASK [mvn_ec2_runner : set_fact] ***********************************************
Store IT (aurora-postgres)	Run Aurora tests on EC2	2024-07-22T00:39:36.5814258Z ok: [54.224.207.91]
Store IT (aurora-postgres)	Run Aurora tests on EC2	2024-07-22T00:39:36.5814657Z 
Store IT (aurora-postgres)	Run Aurora tests on EC2	2024-07-22T00:39:36.5815324Z TASK [mvn_ec2_runner : debug] **************************************************
Store IT (aurora-postgres)	Run Aurora tests on EC2	2024-07-22T00:39:36.5960754Z ok: [54.224.207.91] => {
Store IT (aurora-postgres)	Run Aurora tests on EC2	2024-07-22T00:39:36.5962247Z     "local_results_dir": "files/keycloak/results/20240722003936"
Store IT (aurora-postgres)	Run Aurora tests on EC2	2024-07-22T00:39:36.5963582Z }
Store IT (aurora-postgres)	Run Aurora tests on EC2	2024-07-22T00:39:36.5963949Z 
Store IT (aurora-postgres)	Run Aurora tests on EC2	2024-07-22T00:39:36.5964586Z TASK [mvn_ec2_runner : Cleanup Previous Runs] **********************************
Store IT (aurora-postgres)	Run Aurora tests on EC2	2024-07-22T00:39:37.2165690Z fatal: [54.224.207.91]: FAILED! => {"changed": true, "cmd": "killall java\n", "delta": "0:00:00.014520", "end": "2024-07-22 00:39:37.149135", "msg": "non-zero return code", "rc": 1, "start": "2024-07-22 00:39:37.134615", "stderr": "java: no process found", "stderr_lines": ["java: no process found"], "stdout": "", "stdout_lines": []}
Store IT (aurora-postgres)	Run Aurora tests on EC2	2024-07-22T00:39:37.2167605Z ...ignoring
Store IT (aurora-postgres)	Run Aurora tests on EC2	2024-07-22T00:39:37.2167865Z 
Store IT (aurora-postgres)	Run Aurora tests on EC2	2024-07-22T00:39:37.2168410Z TASK [mvn_ec2_runner : Run mvn command on the remote hosts] ********************
Store IT (aurora-postgres)	Run Aurora tests on EC2	2024-07-22T00:54:19.5682288Z ASYNC POLL on 54.224.207.91: jid=j125477103499.14799 started=1 finished=0
Store IT (aurora-postgres)	Run Aurora tests on EC2	2024-07-22T00:54:19.5683857Z ASYNC POLL on 54.224.207.91: jid=j125477103499.14799 started=1 finished=0
Store IT (aurora-postgres)	Run Aurora tests on EC2	2024-07-22T00:54:19.5688273Z ASYNC POLL on 54.224.207.91: jid=j125477103499.14799 started=1 finished=0
Store IT (aurora-postgres)	Run Aurora tests on EC2	2024-07-22T00:54:19.5689619Z ASYNC POLL on 54.224.207.91: jid=j125477103499.14799 started=1 finished=0
Store IT (aurora-postgres)	Run Aurora tests on EC2	2024-07-22T00:54:19.5690874Z ASYNC POLL on 54.224.207.91: jid=j125477103499.14799 started=1 finished=0
Store IT (aurora-postgres)	Run Aurora tests on EC2	2024-07-22T00:54:19.5692276Z ASYNC POLL on 54.224.207.91: jid=j125477103499.14799 started=1 finished=0
Store IT (aurora-postgres)	Run Aurora tests on EC2	2024-07-22T00:54:19.5693586Z ASYNC POLL on 54.224.207.91: jid=j125477103499.14799 started=1 finished=0
Store IT (aurora-postgres)	Run Aurora tests on EC2	2024-07-22T00:54:19.5694944Z ASYNC POLL on 54.224.207.91: jid=j125477103499.14799 started=1 finished=0
Store IT (aurora-postgres)	Run Aurora tests on EC2	2024-07-22T00:54:19.5696214Z ASYNC POLL on 54.224.207.91: jid=j125477103499.14799 started=1 finished=0
Store IT (aurora-postgres)	Run Aurora tests on EC2	2024-07-22T00:54:19.5697440Z ASYNC POLL on 54.224.207.91: jid=j125477103499.14799 started=1 finished=0
Store IT (aurora-postgres)	Run Aurora tests on EC2	2024-07-22T00:54:19.5698864Z ASYNC POLL on 54.224.207.91: jid=j125477103499.14799 started=1 finished=0
Store IT (aurora-postgres)	Run Aurora tests on EC2	2024-07-22T00:54:19.5700138Z ASYNC POLL on 54.224.207.91: jid=j125477103499.14799 started=1 finished=0
Store IT (aurora-postgres)	Run Aurora tests on EC2	2024-07-22T00:54:19.5701519Z ASYNC POLL on 54.224.207.91: jid=j125477103499.14799 started=1 finished=0
Store IT (aurora-postgres)	Run Aurora tests on EC2	2024-07-22T00:54:19.5702841Z ASYNC POLL on 54.224.207.91: jid=j125477103499.14799 started=1 finished=0
Store IT (aurora-postgres)	Run Aurora tests on EC2	2024-07-22T00:54:19.5704752Z ASYNC POLL on 54.224.207.91: jid=j125477103499.14799 started=1 finished=0
Store IT (aurora-postgres)	Run Aurora tests on EC2	2024-07-22T00:54:19.5706488Z ASYNC POLL on 54.224.207.91: jid=j125477103499.14799 started=1 finished=0
Store IT (aurora-postgres)	Run Aurora tests on EC2	2024-07-22T00:54:19.5708580Z ASYNC POLL on 54.224.207.91: jid=j125477103499.14799 started=1 finished=0
Store IT (aurora-postgres)	Run Aurora tests on EC2	2024-07-22T00:54:19.5710209Z ASYNC POLL on 54.224.207.91: jid=j125477103499.14799 started=1 finished=0
Store IT (aurora-postgres)	Run Aurora tests on EC2	2024-07-22T00:54:19.5711334Z ASYNC POLL on 54.224.207.91: jid=j125477103499.14799 started=1 finished=0
Store IT (aurora-postgres)	Run Aurora tests on EC2	2024-07-22T00:54:19.5712041Z ASYNC POLL on 54.224.207.91: jid=j125477103499.14799 started=1 finished=0
Store IT (aurora-postgres)	Run Aurora tests on EC2	2024-07-22T00:54:19.5712804Z ASYNC POLL on 54.224.207.91: jid=j125477103499.14799 started=1 finished=0
Store IT (aurora-postgres)	Run Aurora tests on EC2	2024-07-22T00:54:19.5713731Z ASYNC POLL on 54.224.207.91: jid=j125477103499.14799 started=1 finished=0
Store IT (aurora-postgres)	Run Aurora tests on EC2	2024-07-22T00:54:19.5714383Z ASYNC POLL on 54.224.207.91: jid=j125477103499.14799 started=1 finished=0
Store IT (aurora-postgres)	Run Aurora tests on EC2	2024-07-22T00:54:19.5715125Z ASYNC POLL on 54.224.207.91: jid=j125477103499.14799 started=1 finished=0
Store IT (aurora-postgres)	Run Aurora tests on EC2	2024-07-22T00:54:19.5715817Z ASYNC POLL on 54.224.207.91: jid=j125477103499.14799 started=1 finished=0
Store IT (aurora-postgres)	Run Aurora tests on EC2	2024-07-22T00:54:19.5716536Z ASYNC POLL on 54.224.207.91: jid=j125477103499.14799 started=1 finished=0
Store IT (aurora-postgres)	Run Aurora tests on EC2	2024-07-22T00:54:19.5717159Z ASYNC POLL on 54.224.207.91: jid=j125477103499.14799 started=1 finished=0
Store IT (aurora-postgres)	Run Aurora tests on EC2	2024-07-22T00:54:19.5717823Z ASYNC POLL on 54.224.207.91: jid=j125477103499.14799 started=1 finished=0
Store IT (aurora-postgres)	Run Aurora tests on EC2	2024-07-22T00:54:19.5718546Z ASYNC POLL on 54.224.207.91: jid=j125477103499.14799 started=1 finished=0
Store IT (aurora-postgres)	Run Aurora tests on EC2	2024-07-22T00:54:19.5719224Z ASYNC POLL on 54.224.207.91: jid=j125477103499.14799 started=1 finished=0
Store IT (aurora-postgres)	Run Aurora tests on EC2	2024-07-22T00:54:19.5719878Z ASYNC POLL on 54.224.207.91: jid=j125477103499.14799 started=1 finished=0
Store IT (aurora-postgres)	Run Aurora tests on EC2	2024-07-22T00:54:19.5720803Z ASYNC POLL on 54.224.207.91: jid=j125477103499.14799 started=1 finished=0
Store IT (aurora-postgres)	Run Aurora tests on EC2	2024-07-22T00:54:19.5721499Z ASYNC POLL on 54.224.207.91: jid=j125477103499.14799 started=1 finished=0
Store IT (aurora-postgres)	Run Aurora tests on EC2	2024-07-22T00:54:19.5722396Z ASYNC POLL on 54.224.207.91: jid=j125477103499.14799 started=1 finished=0
Store IT (aurora-postgres)	Run Aurora tests on EC2	2024-07-22T00:54:19.5723173Z ASYNC POLL on 54.224.207.91: jid=j125477103499.14799 started=1 finished=0
Store IT (aurora-postgres)	Run Aurora tests on EC2	2024-07-22T00:54:19.5723785Z ASYNC POLL on 54.224.207.91: jid=j125477103499.14799 started=1 finished=0
Store IT (aurora-postgres)	Run Aurora tests on EC2	2024-07-22T00:54:19.5724424Z ASYNC POLL on 54.224.207.91: jid=j125477103499.14799 started=1 finished=0
Store IT (aurora-postgres)	Run Aurora tests on EC2	2024-07-22T00:54:19.5725152Z ASYNC POLL on 54.224.207.91: jid=j125477103499.14799 started=1 finished=0
Store IT (aurora-postgres)	Run Aurora tests on EC2	2024-07-22T00:54:19.5725799Z ASYNC POLL on 54.224.207.91: jid=j125477103499.14799 started=1 finished=0
Store IT (aurora-postgres)	Run Aurora tests on EC2	2024-07-22T00:54:19.5726523Z ASYNC POLL on 54.224.207.91: jid=j125477103499.14799 started=1 finished=0
Store IT (aurora-postgres)	Run Aurora tests on EC2	2024-07-22T00:54:19.5727168Z ASYNC POLL on 54.224.207.91: jid=j125477103499.14799 started=1 finished=0
Store IT (aurora-postgres)	Run Aurora tests on EC2	2024-07-22T00:54:19.5727818Z ASYNC POLL on 54.224.207.91: jid=j125477103499.14799 started=1 finished=0
Store IT (aurora-postgres)	Run Aurora tests on EC2	2024-07-22T00:54:19.5728543Z ASYNC POLL on 54.224.207.91: jid=j125477103499.14799 started=1 finished=0
Store IT (aurora-postgres)	Run Aurora tests on EC2	2024-07-22T00:54:19.5729181Z ASYNC POLL on 54.224.207.91: jid=j125477103499.14799 started=1 finished=0
Store IT (aurora-postgres)	Run Aurora tests on EC2	2024-07-22T00:54:19.5729815Z ASYNC POLL on 54.224.207.91: jid=j125477103499.14799 started=1 finished=0
Store IT (aurora-postgres)	Run Aurora tests on EC2	2024-07-22T00:54:19.5730551Z ASYNC POLL on 54.224.207.91: jid=j125477103499.14799 started=1 finished=0
Store IT (aurora-postgres)	Run Aurora tests on EC2	2024-07-22T00:54:19.5731255Z ASYNC POLL on 54.224.207.91: jid=j125477103499.14799 started=1 finished=0
Store IT (aurora-postgres)	Run Aurora tests on EC2	2024-07-22T00:54:19.5732127Z ASYNC POLL on 54.224.207.91: jid=j125477103499.14799 started=1 finished=0
Store IT (aurora-postgres)	Run Aurora tests on EC2	2024-07-22T00:54:19.5732874Z ASYNC POLL on 54.224.207.91: jid=j125477103499.14799 started=1 finished=0
Store IT (aurora-postgres)	Run Aurora tests on EC2	2024-07-22T00:54:19.5733519Z ASYNC POLL on 54.224.207.91: jid=j125477103499.14799 started=1 finished=0
Store IT (aurora-postgres)	Run Aurora tests on EC2	2024-07-22T00:54:19.5734357Z ASYNC POLL on 54.224.207.91: jid=j125477103499.14799 started=1 finished=0
Store IT (aurora-postgres)	Run Aurora tests on EC2	2024-07-22T00:54:19.5735011Z ASYNC POLL on 54.224.207.91: jid=j125477103499.14799 started=1 finished=0
Store IT (aurora-postgres)	Run Aurora tests on EC2	2024-07-22T00:54:19.5735632Z ASYNC POLL on 54.224.207.91: jid=j125477103499.14799 started=1 finished=0
Store IT (aurora-postgres)	Run Aurora tests on EC2	2024-07-22T00:54:19.5736350Z ASYNC POLL on 54.224.207.91: jid=j125477103499.14799 started=1 finished=0
Store IT (aurora-postgres)	Run Aurora tests on EC2	2024-07-22T00:54:19.5737184Z ASYNC POLL on 54.224.207.91: jid=j125477103499.14799 started=1 finished=0
Store IT (aurora-postgres)	Run Aurora tests on EC2	2024-07-22T00:54:19.5737849Z ASYNC POLL on 54.224.207.91: jid=j125477103499.14799 started=1 finished=0
Store IT (aurora-postgres)	Run Aurora tests on EC2	2024-07-22T00:54:19.5738596Z ASYNC POLL on 54.224.207.91: jid=j125477103499.14799 started=1 finished=0
Store IT (aurora-postgres)	Run Aurora tests on EC2	2024-07-22T00:54:19.5739271Z ASYNC POLL on 54.224.207.91: jid=j125477103499.14799 started=1 finished=0
Store IT (aurora-postgres)	Run Aurora tests on EC2	2024-07-22T00:54:19.5739923Z ASYNC POLL on 54.224.207.91: jid=j125477103499.14799 started=1 finished=0
Store IT (aurora-postgres)	Run Aurora tests on EC2	2024-07-22T00:54:19.5740632Z ASYNC POLL on 54.224.207.91: jid=j125477103499.14799 started=1 finished=0
Store IT (aurora-postgres)	Run Aurora tests on EC2	2024-07-22T00:54:19.5741450Z ASYNC POLL on 54.224.207.91: jid=j125477103499.14799 started=1 finished=0
Store IT (aurora-postgres)	Run Aurora tests on EC2	2024-07-22T00:54:19.5742118Z ASYNC POLL on 54.224.207.91: jid=j125477103499.14799 started=1 finished=0
Store IT (aurora-postgres)	Run Aurora tests on EC2	2024-07-22T00:54:19.5743021Z ASYNC POLL on 54.224.207.91: jid=j125477103499.14799 started=1 finished=0
Store IT (aurora-postgres)	Run Aurora tests on EC2	2024-07-22T00:54:19.5743686Z ASYNC POLL on 54.224.207.91: jid=j125477103499.14799 started=1 finished=0
Store IT (aurora-postgres)	Run Aurora tests on EC2	2024-07-22T00:54:19.5744452Z ASYNC POLL on 54.224.207.91: jid=j125477103499.14799 started=1 finished=0
Store IT (aurora-postgres)	Run Aurora tests on EC2	2024-07-22T00:54:19.5745135Z ASYNC POLL on 54.224.207.91: jid=j125477103499.14799 started=1 finished=0
Store IT (aurora-postgres)	Run Aurora tests on EC2	2024-07-22T00:54:19.5745800Z ASYNC POLL on 54.224.207.91: jid=j125477103499.14799 started=1 finished=0
Store IT (aurora-postgres)	Run Aurora tests on EC2	2024-07-22T00:54:19.5746543Z ASYNC POLL on 54.224.207.91: jid=j125477103499.14799 started=1 finished=0
Store IT (aurora-postgres)	Run Aurora tests on EC2	2024-07-22T00:54:19.5747188Z ASYNC POLL on 54.224.207.91: jid=j125477103499.14799 started=1 finished=0
Store IT (aurora-postgres)	Run Aurora tests on EC2	2024-07-22T00:54:19.5747832Z ASYNC POLL on 54.224.207.91: jid=j125477103499.14799 started=1 finished=0
Store IT (aurora-postgres)	Run Aurora tests on EC2	2024-07-22T00:54:19.5748524Z ASYNC POLL on 54.224.207.91: jid=j125477103499.14799 started=1 finished=0
Store IT (aurora-postgres)	Run Aurora tests on EC2	2024-07-22T00:54:19.5749163Z ASYNC POLL on 54.224.207.91: jid=j125477103499.14799 started=1 finished=0
Store IT (aurora-postgres)	Run Aurora tests on EC2	2024-07-22T00:54:19.5749840Z ASYNC POLL on 54.224.207.91: jid=j125477103499.14799 started=1 finished=0
Store IT (aurora-postgres)	Run Aurora tests on EC2	2024-07-22T00:54:19.5750562Z ASYNC POLL on 54.224.207.91: jid=j125477103499.14799 started=1 finished=0
Store IT (aurora-postgres)	Run Aurora tests on EC2	2024-07-22T00:54:19.5751221Z ASYNC POLL on 54.224.207.91: jid=j125477103499.14799 started=1 finished=0
Store IT (aurora-postgres)	Run Aurora tests on EC2	2024-07-22T00:54:19.5751952Z ASYNC POLL on 54.224.207.91: jid=j125477103499.14799 started=1 finished=0
Store IT (aurora-postgres)	Run Aurora tests on EC2	2024-07-22T00:54:19.5752600Z ASYNC POLL on 54.224.207.91: jid=j125477103499.14799 started=1 finished=0
Store IT (aurora-postgres)	Run Aurora tests on EC2	2024-07-22T00:54:19.5753445Z ASYNC POLL on 54.224.207.91: jid=j125477103499.14799 started=1 finished=0
Store IT (aurora-postgres)	Run Aurora tests on EC2	2024-07-22T00:54:19.5754148Z ASYNC POLL on 54.224.207.91: jid=j125477103499.14799 started=1 finished=0
Store IT (aurora-postgres)	Run Aurora tests on EC2	2024-07-22T00:54:19.5754720Z ASYNC OK on 54.224.207.91: jid=j125477103499.14799
Store IT (aurora-postgres)	Run Aurora tests on EC2	2024-07-22T00:54:19.5755196Z changed: [54.224.207.91]
Store IT (aurora-postgres)	Run Aurora tests on EC2	2024-07-22T00:54:19.5755511Z 
Store IT (aurora-postgres)	Run Aurora tests on EC2	2024-07-22T00:54:19.5755775Z TASK [mvn_ec2_runner : debug] **************************************************
Store IT (aurora-postgres)	Run Aurora tests on EC2	2024-07-22T00:54:19.9069460Z ok: [54.224.207.91] => {
Store IT (aurora-postgres)	Run Aurora tests on EC2	2024-07-22T00:54:19.9070403Z     "result": {
Store IT (aurora-postgres)	Run Aurora tests on EC2	2024-07-22T00:54:19.9071277Z         "ansible_job_id": "j125477103499.14799",
Store IT (aurora-postgres)	Run Aurora tests on EC2	2024-07-22T00:54:19.9072381Z         "changed": true,
Store IT (aurora-postgres)	Run Aurora tests on EC2	2024-07-22T00:54:19.9074219Z         "cmd": "set -o pipefail\ncd /opt/keycloak\n./mvnw clean install -B -DskipTests -Pdistribution\n",
Store IT (aurora-postgres)	Run Aurora tests on EC2	2024-07-22T00:54:19.9075491Z         "delta": "0:14:34.419800",
Store IT (aurora-postgres)	Run Aurora tests on EC2	2024-07-22T00:54:19.9076391Z         "end": "2024-07-22 00:54:12.467563",
Store IT (aurora-postgres)	Run Aurora tests on EC2	2024-07-22T00:54:19.9077179Z         "failed": false,
Store IT (aurora-postgres)	Run Aurora tests on EC2	2024-07-22T00:54:19.9077745Z         "finished": 1,
Store IT (aurora-postgres)	Run Aurora tests on EC2	2024-07-22T00:54:19.9078355Z         "msg": "",
Store IT (aurora-postgres)	Run Aurora tests on EC2	2024-07-22T00:54:19.9078924Z         "rc": 0,
Store IT (aurora-postgres)	Run Aurora tests on EC2	2024-07-22T00:54:19.9079706Z         "results_file": "/root/.ansible_async/j125477103499.14799",
Store IT (aurora-postgres)	Run Aurora tests on EC2	2024-07-22T00:54:19.9080926Z         "start": "2024-07-22 00:39:38.047763",
Store IT (aurora-postgres)	Run Aurora tests on EC2	2024-07-22T00:54:19.9082019Z         "started": 1,
Store IT (aurora-postgres)	Run Aurora tests on EC2	2024-07-22T00:54:19.9098731Z         "stderr": "Jul 22, 2024 12:47:37 AM org.infinispan.protostream.annotations.impl.ProtoMessageTypeMetadata scanMemberAnnotations\nWARN: Class org.keycloak.models.cache.infinispan.ClearCacheEvent does not have any @ProtoField annotated members. The class should be either annotated or it should have a custom marshaller.\nJul 22, 2024 12:53:41 AM org.wildfly.core.embedded.LoggerContext$JBossLoggingModuleLogger greeting\nINFO: JBoss Modules version 2.1.0.Final\nJul 22, 2024 12:53:41 AM org.jboss.msc.service.ServiceContainerImpl <clinit>\nINFO: JBoss MSC version 1.5.1.Final\nJul 22, 2024 12:53:41 AM org.jboss.threads.Version <clinit>\nINFO: JBoss Threads version 2.4.0.Final\nJul 22, 2024 12:53:41 AM org.jboss.as.server.ApplicationServerService start\nINFO: WFLYSRV0049: WildFly Core 21.1.0.Final starting\nJul 22, 2024 12:53:42 AM org.wildfly.security.Version <clinit>\nINFO: ELY00001: WildFly Elytron version 2.2.1.Final\nJul 22, 2024 12:53:43 AM org.jboss.as.controller.extension.ExtensionRegistry$ExtensionContextImpl registerSubsystem\nINFO: WFLYCTL0033: Extension 'xts' is deprecated and may not be supported in future versions\nJul 22, 2024 12:53:43 AM org.jboss.as.controller.extension.ExtensionRegistry$ExtensionContextImpl registerSubsystem\nINFO: WFLYCTL0033: Extension 'security' is deprecated and may not be supported in future versions\nJul 22, 2024 12:53:43 AM org.jboss.as.server.suspend.SuspendController resume\nINFO: WFLYSRV0212: Resuming server\nJul 22, 2024 12:53:43 AM org.jboss.as.server.BootstrapListener printBootStatisticsMessage\nINFO: WFLYSRV0025: WildFly Core 21.1.0.Final started in 2588ms - Started 28 of 31 services (3 services are lazy, passive or on-demand) - Server configuration file in use: standalone.xml\nJul 22, 2024 12:53:45 AM org.jboss.as.server.ApplicationServerService stop\nINFO: WFLYSRV0050: WildFly Core 21.1.0.Final stopped in 32ms",
Store IT (aurora-postgres)	Run Aurora tests on EC2	2024-07-22T00:54:19.9114761Z         "stderr_lines": [
Store IT (aurora-postgres)	Run Aurora tests on EC2	2024-07-22T00:54:19.9116135Z             "Jul 22, 2024 12:47:37 AM org.infinispan.protostream.annotations.impl.ProtoMessageTypeMetadata scanMemberAnnotations",
Store IT (aurora-postgres)	Run Aurora tests on EC2	2024-07-22T00:54:19.9118812Z             "WARN: Class org.keycloak.models.cache.infinispan.ClearCacheEvent does not have any @ProtoField annotated members. The class should be either annotated or it should have a custom marshaller.",
Store IT (aurora-postgres)	Run Aurora tests on EC2	2024-07-22T00:54:19.9121302Z             "Jul 22, 2024 12:53:41 AM org.wildfly.core.embedded.LoggerContext$JBossLoggingModuleLogger greeting",
Store IT (aurora-postgres)	Run Aurora tests on EC2	2024-07-22T00:54:19.9122805Z             "INFO: JBoss Modules version 2.1.0.Final",
Store IT (aurora-postgres)	Run Aurora tests on EC2	2024-07-22T00:54:19.9123934Z             "Jul 22, 2024 12:53:41 AM org.jboss.msc.service.ServiceContainerImpl <clinit>",
Store IT (aurora-postgres)	Run Aurora tests on EC2	2024-07-22T00:54:19.9125127Z             "INFO: JBoss MSC version 1.5.1.Final",
Store IT (aurora-postgres)	Run Aurora tests on EC2	2024-07-22T00:54:19.9126025Z             "Jul 22, 2024 12:53:41 AM org.jboss.threads.Version <clinit>",
Store IT (aurora-postgres)	Run Aurora tests on EC2	2024-07-22T00:54:19.9126959Z             "INFO: JBoss Threads version 2.4.0.Final",
Store IT (aurora-postgres)	Run Aurora tests on EC2	2024-07-22T00:54:19.9127950Z             "Jul 22, 2024 12:53:41 AM org.jboss.as.server.ApplicationServerService start",
Store IT (aurora-postgres)	Run Aurora tests on EC2	2024-07-22T00:54:19.9129054Z             "INFO: WFLYSRV0049: WildFly Core 21.1.0.Final starting",
Store IT (aurora-postgres)	Run Aurora tests on EC2	2024-07-22T00:54:19.9130220Z             "Jul 22, 2024 12:53:42 AM org.wildfly.security.Version <clinit>",
Store IT (aurora-postgres)	Run Aurora tests on EC2	2024-07-22T00:54:19.9131310Z             "INFO: ELY00001: WildFly Elytron version 2.2.1.Final",
Store IT (aurora-postgres)	Run Aurora tests on EC2	2024-07-22T00:54:19.9132821Z             "Jul 22, 2024 12:53:43 AM org.jboss.as.controller.extension.ExtensionRegistry$ExtensionContextImpl registerSubsystem",
Store IT (aurora-postgres)	Run Aurora tests on EC2	2024-07-22T00:54:19.9134775Z             "INFO: WFLYCTL0033: Extension 'xts' is deprecated and may not be supported in future versions",
Store IT (aurora-postgres)	Run Aurora tests on EC2	2024-07-22T00:54:19.9136497Z             "Jul 22, 2024 12:53:43 AM org.jboss.as.controller.extension.ExtensionRegistry$ExtensionContextImpl registerSubsystem",
Store IT (aurora-postgres)	Run Aurora tests on EC2	2024-07-22T00:54:19.9138435Z             "INFO: WFLYCTL0033: Extension 'security' is deprecated and may not be supported in future versions",
Store IT (aurora-postgres)	Run Aurora tests on EC2	2024-07-22T00:54:19.9139962Z             "Jul 22, 2024 12:53:43 AM org.jboss.as.server.suspend.SuspendController resume",
Store IT (aurora-postgres)	Run Aurora tests on EC2	2024-07-22T00:54:19.9141194Z             "INFO: WFLYSRV0212: Resuming server",
Store IT (aurora-postgres)	Run Aurora tests on EC2	2024-07-22T00:54:19.9142182Z             "Jul 22, 2024 12:53:43 AM org.jboss.as.server.BootstrapListener printBootStatisticsMessage",
Store IT (aurora-postgres)	Run Aurora tests on EC2	2024-07-22T00:54:19.9143853Z             "INFO: WFLYSRV0025: WildFly Core 21.1.0.Final started in 2588ms - Started 28 of 31 services (3 services are lazy, passive or on-demand) - Server configuration file in use: standalone.xml",
Store IT (aurora-postgres)	Run Aurora tests on EC2	2024-07-22T00:54:19.9145077Z             "Jul 22, 2024 12:53:45 AM org.jboss.as.server.ApplicationServerService stop",
Store IT (aurora-postgres)	Run Aurora tests on EC2	2024-07-22T00:54:19.9145894Z             "INFO: WFLYSRV0050: WildFly Core 21.1.0.Final stopped in 32ms"
Store IT (aurora-postgres)	Run Aurora tests on EC2	2024-07-22T00:54:19.9146473Z         ],
Store IT (aurora-postgres)	Delete Aurora DB	2024-07-22T02:36:28.1967990Z ##[group]Run gh workflow run aurora-delete.yml \
Store IT (aurora-postgres)	Delete Aurora DB	2024-07-22T02:36:28.1968495Z [36;1mgh workflow run aurora-delete.yml \[0m
Store IT (aurora-postgres)	Delete Aurora DB	2024-07-22T02:36:28.1968907Z [36;1m  -f name=gh-action-dc9de96 \[0m
Store IT (aurora-postgres)	Delete Aurora DB	2024-07-22T02:36:28.1969272Z [36;1m  -f region=us-east-1 \[0m
Store IT (aurora-postgres)	Delete Aurora DB	2024-07-22T02:36:28.1969619Z [36;1m  --repo keycloak/keycloak \[0m
Store IT (aurora-postgres)	Delete Aurora DB	2024-07-22T02:36:28.1969951Z [36;1m  --ref main[0m
Store IT (aurora-postgres)	Delete Aurora DB	2024-07-22T02:36:28.2009393Z shell: /usr/bin/bash --noprofile --norc -e -o pipefail {0}
Store IT (aurora-postgres)	Delete Aurora DB	2024-07-22T02:36:28.2009828Z env:
Store IT (aurora-postgres)	Delete Aurora DB	2024-07-22T02:36:28.2010217Z   MAVEN_ARGS: -B -nsu -Daether.connector.http.connectionMaxTtl=25
Store IT (aurora-postgres)	Delete Aurora DB	2024-07-22T02:36:28.2010706Z   SUREFIRE_RERUN_FAILING_COUNT: 2
Store IT (aurora-postgres)	Delete Aurora DB	2024-07-22T02:36:28.2011112Z   SUREFIRE_RETRY: -Dsurefire.rerunFailingTestsCount=2
Store IT (aurora-postgres)	Delete Aurora DB	2024-07-22T02:36:28.2011772Z   GH_TOKEN: ***
Store IT (aurora-postgres)	Delete Aurora DB	2024-07-22T02:36:28.2012029Z ##[endgroup]
Store IT (aurora-postgres)	Delete Aurora DB	2024-07-22T02:37:00.0924392Z Get "https://api.github.com/repos/keycloak/keycloak/actions/workflows/aurora-delete.yml": dial tcp 140.82.114.6:443: i/o timeout
Store IT (aurora-postgres)	Delete Aurora DB	2024-07-22T02:37:00.0945373Z ##[error]Process completed with exit code 1.
Status Check - Keycloak CI	Run /./.github/actions/status-check	2024-07-22T02:37:46.8390806Z Prepare all required actions
Status Check - Keycloak CI	Run /./.github/actions/status-check	2024-07-22T02:37:46.8481240Z ##[group]Run ./.github/actions/status-check
Status Check - Keycloak CI	Run /./.github/actions/status-check	2024-07-22T02:37:46.8481702Z with:
Status Check - Keycloak CI	Run /./.github/actions/status-check	2024-07-22T02:37:46.8486806Z   jobs: {
Status Check - Keycloak CI	Run /./.github/actions/status-check	  "conditional": {
Status Check - Keycloak CI	Run /./.github/actions/status-check	    "result": "success",
Status Check - Keycloak CI	Run /./.github/actions/status-check	    "outputs": {
Status Check - Keycloak CI	Run /./.github/actions/status-check	      "ci": "true",
Status Check - Keycloak CI	Run /./.github/actions/status-check	      "ci-quarkus": "true",
Status Check - Keycloak CI	Run /./.github/actions/status-check	      "ci-sssd": "true",
Status Check - Keycloak CI	Run /./.github/actions/status-check	      "ci-store": "true",
Status Check - Keycloak CI	Run /./.github/actions/status-check	      "ci-store-matrix": "[\"postgres\",\"mysql\",\"oracle\",\"mssql\",\"mariadb\",\"aurora-postgres\"]",
Status Check - Keycloak CI	Run /./.github/actions/status-check	      "ci-test-poc": "true",
Status Check - Keycloak CI	Run /./.github/actions/status-check	      "ci-webauthn": "true"
Status Check - Keycloak CI	Run /./.github/actions/status-check	    }
Status Check - Keycloak CI	Run /./.github/actions/status-check	  },
Status Check - Keycloak CI	Run /./.github/actions/status-check	  "build": {
Status Check - Keycloak CI	Run /./.github/actions/status-check	    "result": "success",
Status Check - Keycloak CI	Run /./.github/actions/status-check	    "outputs": {}
Status Check - Keycloak CI	Run /./.github/actions/status-check	  },
Status Check - Keycloak CI	Run /./.github/actions/status-check	  "unit-tests": {
Status Check - Keycloak CI	Run /./.github/actions/status-check	    "result": "success",
Status Check - Keycloak CI	Run /./.github/actions/status-check	    "outputs": {}
Status Check - Keycloak CI	Run /./.github/actions/status-check	  },
Status Check - Keycloak CI	Run /./.github/actions/status-check	  "base-integration-tests": {
Status Check - Keycloak CI	Run /./.github/actions/status-check	    "result": "success",
Status Check - Keycloak CI	Run /./.github/actions/status-check	    "outputs": {}
Status Check - Keycloak CI	Run /./.github/actions/status-check	  },
Status Check - Keycloak CI	Run /./.github/actions/status-check	  "adapter-integration-tests": {
Status Check - Keycloak CI	Run /./.github/actions/status-check	    "result": "success",
Status Check - Keycloak CI	Run /./.github/actions/status-check	    "outputs": {}
Status Check - Keycloak CI	Run /./.github/actions/status-check	  },
Status Check - Keycloak CI	Run /./.github/actions/status-check	  "quarkus-unit-tests": {
Status Check - Keycloak CI	Run /./.github/actions/status-check	    "result": "success",
Status Check - Keycloak CI	Run /./.github/actions/status-check	    "outputs": {}
Status Check - Keycloak CI	Run /./.github/actions/status-check	  },
Status Check - Keycloak CI	Run /./.github/actions/status-check	  "quarkus-integration-tests": {
Status Check - Keycloak CI	Run /./.github/actions/status-check	    "result": "success",
Status Check - Keycloak CI	Run /./.github/actions/status-check	    "outputs": {}
Status Check - Keycloak CI	Run /./.github/actions/status-check	  },
Status Check - Keycloak CI	Run /./.github/actions/status-check	  "jdk-integration-tests": {
Status Check - Keycloak CI	Run /./.github/actions/status-check	    "result": "success",
Status Check - Keycloak CI	Run /./.github/actions/status-check	    "outputs": {}
Status Check - Keycloak CI	Run /./.github/actions/status-check	  },
Status Check - Keycloak CI	Run /./.github/actions/status-check	  "store-integration-tests": {
Status Check - Keycloak CI	Run /./.github/actions/status-check	    "result": "failure",
Status Check - Keycloak CI	Run /./.github/actions/status-check	    "outputs": {}
Status Check - Keycloak CI	Run /./.github/actions/status-check	  },
Status Check - Keycloak CI	Run /./.github/actions/status-check	  "persistent-sessions-tests": {
Status Check - Keycloak CI	Run /./.github/actions/status-check	    "result": "success",
Status Check - Keycloak CI	Run /./.github/actions/status-check	    "outputs": {}
Status Check - Keycloak CI	Run /./.github/actions/status-check	  },
Status Check - Keycloak CI	Run /./.github/actions/status-check	  "store-model-tests": {
Status Check - Keycloak CI	Run /./.github/actions/status-check	    "result": "success",
Status Check - Keycloak CI	Run /./.github/actions/status-check	    "outputs": {}
Status Check - Keycloak CI	Run /./.github/actions/status-check	  },
Status Check - Keycloak CI	Run /./.github/actions/status-check	  "clustering-integration-tests": {
Status Check - Keycloak CI	Run /./.github/actions/status-check	    "result": "success",
Status Check - Keycloak CI	Run /./.github/actions/status-check	    "outputs": {}
Status Check - Keycloak CI	Run /./.github/actions/status-check	  },
Status Check - Keycloak CI	Run /./.github/actions/status-check	  "fips-unit-tests": {
Status Check - Keycloak CI	Run /./.github/actions/status-check	    "result": "success",
Status Check - Keycloak CI	Run /./.github/actions/status-check	    "outputs": {}
Status Check - Keycloak CI	Run /./.github/actions/status-check	  },
Status Check - Keycloak CI	Run /./.github/actions/status-check	  "fips-integration-tests": {
Status Check - Keycloak CI	Run /./.github/actions/status-check	    "result": "success",
Status Check - Keycloak CI	Run /./.github/actions/status-check	    "outputs": {}
Status Check - Keycloak CI	Run /./.github/actions/status-check	  },
Status Check - Keycloak CI	Run /./.github/actions/status-check	  "forms-integration-tests": {
Status Check - Keycloak CI	Run /./.github/actions/status-check	    "result": "success",
Status Check - Keycloak CI	Run /./.github/actions/status-check	    "outputs": {}
Status Check - Keycloak CI	Run /./.github/actions/status-check	  },
Status Check - Keycloak CI	Run /./.github/actions/status-check	  "webauthn-integration-tests": {
Status Check - Keycloak CI	Run /./.github/actions/status-check	    "result": "success",
Status Check - Keycloak CI	Run /./.github/actions/status-check	    "outputs": {}
Status Check - Keycloak CI	Run /./.github/actions/status-check	  },
Status Check - Keycloak CI	Run /./.github/actions/status-check	  "sssd-unit-tests": {
Status Check - Keycloak CI	Run /./.github/actions/status-check	    "result": "success",
Status Check - Keycloak CI	Run /./.github/actions/status-check	    "outputs": {}
Status Check - Keycloak CI	Run /./.github/actions/status-check	  },
Status Check - Keycloak CI	Run /./.github/actions/status-check	  "migration-tests": {
Status Check - Keycloak CI	Run /./.github/actions/status-check	    "result": "success",
Status Check - Keycloak CI	Run /./.github/actions/status-check	    "outputs": {}
Status Check - Keycloak CI	Run /./.github/actions/status-check	  },
Status Check - Keycloak CI	Run /./.github/actions/status-check	  "external-infinispan-tests": {
Status Check - Keycloak CI	Run /./.github/actions/status-check	    "result": "success",
Status Check - Keycloak CI	Run /./.github/actions/status-check	    "outputs": {}
Status Check - Keycloak CI	Run /./.github/actions/status-check	  },
Status Check - Keycloak CI	Run /./.github/actions/status-check	  "test-poc": {
Status Check - Keycloak CI	Run /./.github/actions/status-check	    "result": "success",
Status Check - Keycloak CI	Run /./.github/actions/status-check	    "outputs": {}
Status Check - Keycloak CI	Run /./.github/actions/status-check	  }
Status Check - Keycloak CI	Run /./.github/actions/status-check	}
Status Check - Keycloak CI	Run /./.github/actions/status-check	2024-07-22T02:37:46.8492723Z env:
Status Check - Keycloak CI	Run /./.github/actions/status-check	2024-07-22T02:37:46.8493173Z   MAVEN_ARGS: -B -nsu -Daether.connector.http.connectionMaxTtl=25
Status Check - Keycloak CI	Run /./.github/actions/status-check	2024-07-22T02:37:46.8493705Z   SUREFIRE_RERUN_FAILING_COUNT: 2
Status Check - Keycloak CI	Run /./.github/actions/status-check	2024-07-22T02:37:46.8494280Z   SUREFIRE_RETRY: -Dsurefire.rerunFailingTestsCount=2
Status Check - Keycloak CI	Run /./.github/actions/status-check	2024-07-22T02:37:46.8494758Z ##[endgroup]
Status Check - Keycloak CI	Run /./.github/actions/status-check	2024-07-22T02:37:46.8745563Z ##[group]Run JOBS='{
Status Check - Keycloak CI	Run /./.github/actions/status-check	2024-07-22T02:37:46.8746108Z [36;1mJOBS='{[0m
Status Check - Keycloak CI	Run /./.github/actions/status-check	2024-07-22T02:37:46.8746499Z [36;1m  "conditional": {[0m
Status Check - Keycloak CI	Run /./.github/actions/status-check	2024-07-22T02:37:46.8747005Z [36;1m    "result": "success",[0m
Status Check - Keycloak CI	Run /./.github/actions/status-check	2024-07-22T02:37:46.8747394Z [36;1m    "outputs": {[0m
Status Check - Keycloak CI	Run /./.github/actions/status-check	2024-07-22T02:37:46.8747795Z [36;1m      "ci": "true",[0m
Status Check - Keycloak CI	Run /./.github/actions/status-check	2024-07-22T02:37:46.8748274Z [36;1m      "ci-quarkus": "true",[0m
Status Check - Keycloak CI	Run /./.github/actions/status-check	2024-07-22T02:37:46.8748734Z [36;1m      "ci-sssd": "true",[0m
Status Check - Keycloak CI	Run /./.github/actions/status-check	2024-07-22T02:37:46.8749126Z [36;1m      "ci-store": "true",[0m
Status Check - Keycloak CI	Run /./.github/actions/status-check	2024-07-22T02:37:46.8749916Z [36;1m      "ci-store-matrix": "[\"postgres\",\"mysql\",\"oracle\",\"mssql\",\"mariadb\",\"aurora-postgres\"]",[0m
Status Check - Keycloak CI	Run /./.github/actions/status-check	2024-07-22T02:37:46.8750646Z [36;1m      "ci-test-poc": "true",[0m
Status Check - Keycloak CI	Run /./.github/actions/status-check	2024-07-22T02:37:46.8751035Z [36;1m      "ci-webauthn": "true"[0m
Status Check - Keycloak CI	Run /./.github/actions/status-check	2024-07-22T02:37:46.8751515Z [36;1m    }[0m
Status Check - Keycloak CI	Run /./.github/actions/status-check	2024-07-22T02:37:46.8751841Z [36;1m  },[0m
Status Check - Keycloak CI	Run /./.github/actions/status-check	2024-07-22T02:37:46.8752117Z [36;1m  "build": {[0m
Status Check - Keycloak CI	Run /./.github/actions/status-check	2024-07-22T02:37:46.8752549Z [36;1m    "result": "success",[0m
Status Check - Keycloak CI	Run /./.github/actions/status-check	2024-07-22T02:37:46.8752968Z [36;1m    "outputs": {}[0m
Status Check - Keycloak CI	Run /./.github/actions/status-check	2024-07-22T02:37:46.8753291Z [36;1m  },[0m
Status Check - Keycloak CI	Run /./.github/actions/status-check	2024-07-22T02:37:46.8753685Z [36;1m  "unit-tests": {[0m
Status Check - Keycloak CI	Run /./.github/actions/status-check	2024-07-22T02:37:46.8754071Z [36;1m    "result": "success",[0m
Status Check - Keycloak CI	Run /./.github/actions/status-check	2024-07-22T02:37:46.8754426Z [36;1m    "outputs": {}[0m
Status Check - Keycloak CI	Run /./.github/actions/status-check	2024-07-22T02:37:46.8754828Z [36;1m  },[0m
Status Check - Keycloak CI	Run /./.github/actions/status-check	2024-07-22T02:37:46.8755188Z [36;1m  "base-integration-tests": {[0m
Status Check - Keycloak CI	Run /./.github/actions/status-check	2024-07-22T02:37:46.8755585Z [36;1m    "result": "success",[0m
Status Check - Keycloak CI	Run /./.github/actions/status-check	2024-07-22T02:37:46.8756038Z [36;1m    "outputs": {}[0m
Status Check - Keycloak CI	Run /./.github/actions/status-check	2024-07-22T02:37:46.8756404Z [36;1m  },[0m
Status Check - Keycloak CI	Run /./.github/actions/status-check	2024-07-22T02:37:46.8756721Z [36;1m  "adapter-integration-tests": {[0m
Status Check - Keycloak CI	Run /./.github/actions/status-check	2024-07-22T02:37:46.8757303Z [36;1m    "result": "success",[0m
Status Check - Keycloak CI	Run /./.github/actions/status-check	2024-07-22T02:37:46.8757692Z [36;1m    "outputs": {}[0m
Status Check - Keycloak CI	Run /./.github/actions/status-check	2024-07-22T02:37:46.8758001Z [36;1m  },[0m
Status Check - Keycloak CI	Run /./.github/actions/status-check	2024-07-22T02:37:46.8758699Z [36;1m  "quarkus-unit-tests": {[0m
Status Check - Keycloak CI	Run /./.github/actions/status-check	2024-07-22T02:37:46.8759125Z [36;1m    "result": "success",[0m
Status Check - Keycloak CI	Run /./.github/actions/status-check	2024-07-22T02:37:46.8759485Z [36;1m    "outputs": {}[0m
Status Check - Keycloak CI	Run /./.github/actions/status-check	2024-07-22T02:37:46.8759921Z [36;1m  },[0m
Status Check - Keycloak CI	Run /./.github/actions/status-check	2024-07-22T02:37:46.8760278Z [36;1m  "quarkus-integration-tests": {[0m
Status Check - Keycloak CI	Run /./.github/actions/status-check	2024-07-22T02:37:46.8760682Z [36;1m    "result": "success",[0m
Status Check - Keycloak CI	Run /./.github/actions/status-check	2024-07-22T02:37:46.8761147Z [36;1m    "outputs": {}[0m
Status Check - Keycloak CI	Run /./.github/actions/status-check	2024-07-22T02:37:46.8761493Z [36;1m  },[0m
Status Check - Keycloak CI	Run /./.github/actions/status-check	2024-07-22T02:37:46.8761868Z [36;1m  "jdk-integration-tests": {[0m
Status Check - Keycloak CI	Run /./.github/actions/status-check	2024-07-22T02:37:46.8762356Z [36;1m    "result": "success",[0m
Status Check - Keycloak CI	Run /./.github/actions/status-check	2024-07-22T02:37:46.8762914Z [36;1m    "outputs": {}[0m
Status Check - Keycloak CI	Run /./.github/actions/status-check	2024-07-22T02:37:46.8763249Z [36;1m  },[0m
Status Check - Keycloak CI	Run /./.github/actions/status-check	2024-07-22T02:37:46.8763669Z [36;1m  "store-integration-tests": {[0m
Status Check - Keycloak CI	Run /./.github/actions/status-check	2024-07-22T02:37:46.8764117Z [36;1m    "result": "failure",[0m
Status Check - Keycloak CI	Run /./.github/actions/status-check	2024-07-22T02:37:46.8764467Z [36;1m    "outputs": {}[0m
Status Check - Keycloak CI	Run /./.github/actions/status-check	2024-07-22T02:37:46.8764878Z [36;1m  },[0m
Status Check - Keycloak CI	Run /./.github/actions/status-check	2024-07-22T02:37:46.8765250Z [36;1m  "persistent-sessions-tests": {[0m
Status Check - Keycloak CI	Run /./.github/actions/status-check	2024-07-22T02:37:46.8765663Z [36;1m    "result": "success",[0m
Status Check - Keycloak CI	Run /./.github/actions/status-check	2024-07-22T02:37:46.8766110Z [36;1m    "outputs": {}[0m
Status Check - Keycloak CI	Run /./.github/actions/status-check	2024-07-22T02:37:46.8766477Z [36;1m  },[0m
Status Check - Keycloak CI	Run /./.github/actions/status-check	2024-07-22T02:37:46.8766825Z [36;1m  "store-model-tests": {[0m
Status Check - Keycloak CI	Run /./.github/actions/status-check	2024-07-22T02:37:46.8767279Z [36;1m    "result": "success",[0m
Status Check - Keycloak CI	Run /./.github/actions/status-check	2024-07-22T02:37:46.8767682Z [36;1m    "outputs": {}[0m
Status Check - Keycloak CI	Run /./.github/actions/status-check	2024-07-22T02:37:46.8767995Z [36;1m  },[0m
Status Check - Keycloak CI	Run /./.github/actions/status-check	2024-07-22T02:37:46.8768428Z [36;1m  "clustering-integration-tests": {[0m
Status Check - Keycloak CI	Run /./.github/actions/status-check	2024-07-22T02:37:46.8768897Z [36;1m    "result": "success",[0m
Status Check - Keycloak CI	Run /./.github/actions/status-check	2024-07-22T02:37:46.8769240Z [36;1m    "outputs": {}[0m
Status Check - Keycloak CI	Run /./.github/actions/status-check	2024-07-22T02:37:46.8769731Z [36;1m  },[0m
Status Check - Keycloak CI	Run /./.github/actions/status-check	2024-07-22T02:37:46.8770097Z [36;1m  "fips-unit-tests": {[0m
Status Check - Keycloak CI	Run /./.github/actions/status-check	2024-07-22T02:37:46.8770558Z [36;1m    "result": "success",[0m
Status Check - Keycloak CI	Run /./.github/actions/status-check	2024-07-22T02:37:46.8770931Z [36;1m    "outputs": {}[0m
Status Check - Keycloak CI	Run /./.github/actions/status-check	2024-07-22T02:37:46.8771341Z [36;1m  },[0m
Status Check - Keycloak CI	Run /./.github/actions/status-check	2024-07-22T02:37:46.8771749Z [36;1m  "fips-integration-tests": {[0m
Status Check - Keycloak CI	Run /./.github/actions/status-check	2024-07-22T02:37:46.8772161Z [36;1m    "result": "success",[0m
Status Check - Keycloak CI	Run /./.github/actions/status-check	2024-07-22T02:37:46.8772550Z [36;1m    "outputs": {}[0m
Status Check - Keycloak CI	Run /./.github/actions/status-check	2024-07-22T02:37:46.8772979Z [36;1m  },[0m
Status Check - Keycloak CI	Run /./.github/actions/status-check	2024-07-22T02:37:46.8773312Z [36;1m  "forms-integration-tests": {[0m
Status Check - Keycloak CI	Run /./.github/actions/status-check	2024-07-22T02:37:46.8773744Z [36;1m    "result": "success",[0m
Status Check - Keycloak CI	Run /./.github/actions/status-check	2024-07-22T02:37:46.8774341Z [36;1m    "outputs": {}[0m
Status Check - Keycloak CI	Run /./.github/actions/status-check	2024-07-22T02:37:46.8774666Z [36;1m  },[0m
Status Check - Keycloak CI	Run /./.github/actions/status-check	2024-07-22T02:37:46.8775026Z [36;1m  "webauthn-integration-tests": {[0m
Status Check - Keycloak CI	Run /./.github/actions/status-check	2024-07-22T02:37:46.8775544Z [36;1m    "result": "success",[0m
Status Check - Keycloak CI	Run /./.github/actions/status-check	2024-07-22T02:37:46.8775896Z [36;1m    "outputs": {}[0m
Status Check - Keycloak CI	Run /./.github/actions/status-check	2024-07-22T02:37:46.8776311Z [36;1m  },[0m
Status Check - Keycloak CI	Run /./.github/actions/status-check	2024-07-22T02:37:46.8776727Z [36;1m  "sssd-unit-tests": {[0m
Status Check - Keycloak CI	Run /./.github/actions/status-check	2024-07-22T02:37:46.8777099Z [36;1m    "result": "success",[0m
Status Check - Keycloak CI	Run /./.github/actions/status-check	2024-07-22T02:37:46.8777479Z [36;1m    "outputs": {}[0m
Status Check - Keycloak CI	Run /./.github/actions/status-check	2024-07-22T02:37:46.8777902Z [36;1m  },[0m
Status Check - Keycloak CI	Run /./.github/actions/status-check	2024-07-22T02:37:46.8778191Z [36;1m  "migration-tests": {[0m
Status Check - Keycloak CI	Run /./.github/actions/status-check	2024-07-22T02:37:46.8778579Z [36;1m    "result": "success",[0m
Status Check - Keycloak CI	Run /./.github/actions/status-check	2024-07-22T02:37:46.8779033Z [36;1m    "outputs": {}[0m
Status Check - Keycloak CI	Run /./.github/actions/status-check	2024-07-22T02:37:46.8779379Z [36;1m  },[0m
Status Check - Keycloak CI	Run /./.github/actions/status-check	2024-07-22T02:37:46.8779699Z [36;1m  "external-infinispan-tests": {[0m
Status Check - Keycloak CI	Run /./.github/actions/status-check	2024-07-22T02:37:46.8780216Z [36;1m    "result": "success",[0m
Status Check - Keycloak CI	Run /./.github/actions/status-check	2024-07-22T02:37:46.8780598Z [36;1m    "outputs": {}[0m
Status Check - Keycloak CI	Run /./.github/actions/status-check	2024-07-22T02:37:46.8780982Z [36;1m  },[0m
Status Check - Keycloak CI	Run /./.github/actions/status-check	2024-07-22T02:37:46.8781353Z [36;1m  "test-poc": {[0m
Status Check - Keycloak CI	Run /./.github/actions/status-check	2024-07-22T02:37:46.8781715Z [36;1m    "result": "success",[0m
Status Check - Keycloak CI	Run /./.github/actions/status-check	2024-07-22T02:37:46.8782110Z [36;1m    "outputs": {}[0m
Status Check - Keycloak CI	Run /./.github/actions/status-check	2024-07-22T02:37:46.8782524Z [36;1m  }[0m
Status Check - Keycloak CI	Run /./.github/actions/status-check	2024-07-22T02:37:46.8782833Z [36;1m}'[0m
Status Check - Keycloak CI	Run /./.github/actions/status-check	2024-07-22T02:37:46.8783119Z [36;1m[0m
Status Check - Keycloak CI	Run /./.github/actions/status-check	2024-07-22T02:37:46.8783488Z [36;1mecho "Job status:"[0m
Status Check - Keycloak CI	Run /./.github/actions/status-check	2024-07-22T02:37:46.8784020Z [36;1mecho $JOBS | jq -r 'to_entries[] | " - \(.key): \(.value.result)"'[0m
Status Check - Keycloak CI	Run /./.github/actions/status-check	2024-07-22T02:37:46.8784535Z [36;1m[0m
Status Check - Keycloak CI	Run /./.github/actions/status-check	2024-07-22T02:37:46.8785282Z [36;1mfor i in $(echo $JOBS | jq -r 'to_entries[] | .value.result'); do[0m
Status Check - Keycloak CI	Run /./.github/actions/status-check	2024-07-22T02:37:46.8786016Z [36;1m  if [ "$i" != "success" ] && [ "$i" != "skipped" ]; then[0m
Status Check - Keycloak CI	Run /./.github/actions/status-check	2024-07-22T02:37:46.8786470Z [36;1m    echo ""[0m
Status Check - Keycloak CI	Run /./.github/actions/status-check	2024-07-22T02:37:46.8787117Z [36;1m    echo "Status check not okay!"[0m
Status Check - Keycloak CI	Run /./.github/actions/status-check	2024-07-22T02:37:46.8787565Z [36;1m    exit 1[0m
Status Check - Keycloak CI	Run /./.github/actions/status-check	2024-07-22T02:37:46.8787858Z [36;1m  fi[0m
Status Check - Keycloak CI	Run /./.github/actions/status-check	2024-07-22T02:37:46.8788228Z [36;1mdone[0m
Status Check - Keycloak CI	Run /./.github/actions/status-check	2024-07-22T02:37:46.8831676Z shell: /usr/bin/bash --noprofile --norc -e -o pipefail {0}
Status Check - Keycloak CI	Run /./.github/actions/status-check	2024-07-22T02:37:46.8832387Z env:
Status Check - Keycloak CI	Run /./.github/actions/status-check	2024-07-22T02:37:46.8832866Z   MAVEN_ARGS: -B -nsu -Daether.connector.http.connectionMaxTtl=25
Status Check - Keycloak CI	Run /./.github/actions/status-check	2024-07-22T02:37:46.8833413Z   SUREFIRE_RERUN_FAILING_COUNT: 2
Status Check - Keycloak CI	Run /./.github/actions/status-check	2024-07-22T02:37:46.8834080Z   SUREFIRE_RETRY: -Dsurefire.rerunFailingTestsCount=2
Status Check - Keycloak CI	Run /./.github/actions/status-check	2024-07-22T02:37:46.8834578Z ##[endgroup]
Status Check - Keycloak CI	Run /./.github/actions/status-check	2024-07-22T02:37:46.8962139Z Job status:
Status Check - Keycloak CI	Run /./.github/actions/status-check	2024-07-22T02:37:46.9551186Z  - conditional: success
Status Check - Keycloak CI	Run /./.github/actions/status-check	2024-07-22T02:37:46.9551851Z  - build: success
Status Check - Keycloak CI	Run /./.github/actions/status-check	2024-07-22T02:37:46.9552324Z  - unit-tests: success
Status Check - Keycloak CI	Run /./.github/actions/status-check	2024-07-22T02:37:46.9552914Z  - base-integration-tests: success
Status Check - Keycloak CI	Run /./.github/actions/status-check	2024-07-22T02:37:46.9553375Z  - adapter-integration-tests: success
Status Check - Keycloak CI	Run /./.github/actions/status-check	2024-07-22T02:37:46.9553870Z  - quarkus-unit-tests: success
Status Check - Keycloak CI	Run /./.github/actions/status-check	2024-07-22T02:37:46.9554434Z  - quarkus-integration-tests: success
Status Check - Keycloak CI	Run /./.github/actions/status-check	2024-07-22T02:37:46.9554874Z  - jdk-integration-tests: success
Status Check - Keycloak CI	Run /./.github/actions/status-check	2024-07-22T02:37:46.9555338Z  - store-integration-tests: failure
Status Check - Keycloak CI	Run /./.github/actions/status-check	2024-07-22T02:37:46.9555889Z  - persistent-sessions-tests: success
Status Check - Keycloak CI	Run /./.github/actions/status-check	2024-07-22T02:37:46.9556317Z  - store-model-tests: success
Status Check - Keycloak CI	Run /./.github/actions/status-check	2024-07-22T02:37:46.9556785Z  - clustering-integration-tests: success
Status Check - Keycloak CI	Run /./.github/actions/status-check	2024-07-22T02:37:46.9557324Z  - fips-unit-tests: success
Status Check - Keycloak CI	Run /./.github/actions/status-check	2024-07-22T02:37:46.9557712Z  - fips-integration-tests: success
Status Check - Keycloak CI	Run /./.github/actions/status-check	2024-07-22T02:37:46.9558239Z  - forms-integration-tests: success
Status Check - Keycloak CI	Run /./.github/actions/status-check	2024-07-22T02:37:46.9559068Z  - webauthn-integration-tests: success
Status Check - Keycloak CI	Run /./.github/actions/status-check	2024-07-22T02:37:46.9559817Z  - sssd-unit-tests: success
Status Check - Keycloak CI	Run /./.github/actions/status-check	2024-07-22T02:37:46.9560515Z  - migration-tests: success
Status Check - Keycloak CI	Run /./.github/actions/status-check	2024-07-22T02:37:46.9561349Z  - external-infinispan-tests: success
Status Check - Keycloak CI	Run /./.github/actions/status-check	2024-07-22T02:37:46.9561995Z  - test-poc: success
Status Check - Keycloak CI	Run /./.github/actions/status-check	2024-07-22T02:37:46.9766966Z 
Status Check - Keycloak CI	Run /./.github/actions/status-check	2024-07-22T02:37:46.9767476Z Status check not okay!
Status Check - Keycloak CI	Run /./.github/actions/status-check	2024-07-22T02:37:46.9781998Z ##[error]Process completed with exit code 1.
