Test OLM installation	UNKNOWN STEP	Ôªø2025-07-21T00:28:38.1742502Z Current runner version: '2.326.0'
Test OLM installation	UNKNOWN STEP	2025-07-21T00:28:38.1765545Z ##[group]Runner Image Provisioner
Test OLM installation	UNKNOWN STEP	2025-07-21T00:28:38.1766453Z Hosted Compute Agent
Test OLM installation	UNKNOWN STEP	2025-07-21T00:28:38.1767223Z Version: 20250711.363
Test OLM installation	UNKNOWN STEP	2025-07-21T00:28:38.1767830Z Commit: 6785254374ce925a23743850c1cb91912ce5c14c
Test OLM installation	UNKNOWN STEP	2025-07-21T00:28:38.1768447Z Build Date: 2025-07-11T20:04:25Z
Test OLM installation	UNKNOWN STEP	2025-07-21T00:28:38.1769122Z ##[endgroup]
Test OLM installation	UNKNOWN STEP	2025-07-21T00:28:38.1769644Z ##[group]Operating System
Test OLM installation	UNKNOWN STEP	2025-07-21T00:28:38.1770193Z Ubuntu
Test OLM installation	UNKNOWN STEP	2025-07-21T00:28:38.1770730Z 24.04.2
Test OLM installation	UNKNOWN STEP	2025-07-21T00:28:38.1771148Z LTS
Test OLM installation	UNKNOWN STEP	2025-07-21T00:28:38.1771579Z ##[endgroup]
Test OLM installation	UNKNOWN STEP	2025-07-21T00:28:38.1772085Z ##[group]Runner Image
Test OLM installation	UNKNOWN STEP	2025-07-21T00:28:38.1772640Z Image: ubuntu-24.04
Test OLM installation	UNKNOWN STEP	2025-07-21T00:28:38.1773100Z Version: 20250710.1.0
Test OLM installation	UNKNOWN STEP	2025-07-21T00:28:38.1774150Z Included Software: https://github.com/actions/runner-images/blob/ubuntu24/20250710.1/images/ubuntu/Ubuntu2404-Readme.md
Test OLM installation	UNKNOWN STEP	2025-07-21T00:28:38.1775631Z Image Release: https://github.com/actions/runner-images/releases/tag/ubuntu24%2F20250710.1
Test OLM installation	UNKNOWN STEP	2025-07-21T00:28:38.1776656Z ##[endgroup]
Test OLM installation	UNKNOWN STEP	2025-07-21T00:28:38.1777777Z ##[group]GITHUB_TOKEN Permissions
Test OLM installation	UNKNOWN STEP	2025-07-21T00:28:38.1779615Z Contents: read
Test OLM installation	UNKNOWN STEP	2025-07-21T00:28:38.1780175Z Metadata: read
Test OLM installation	UNKNOWN STEP	2025-07-21T00:28:38.1780620Z ##[endgroup]
Test OLM installation	UNKNOWN STEP	2025-07-21T00:28:38.1782653Z Secret source: Actions
Test OLM installation	UNKNOWN STEP	2025-07-21T00:28:38.1783457Z Prepare workflow directory
Test OLM installation	UNKNOWN STEP	2025-07-21T00:28:38.2200589Z Prepare all required actions
Test OLM installation	UNKNOWN STEP	2025-07-21T00:28:38.2239151Z Getting action download info
Test OLM installation	UNKNOWN STEP	2025-07-21T00:28:38.6393670Z Download action repository 'actions/checkout@11bd71901bbe5b1630ceea73d27597364c9af683' (SHA:11bd71901bbe5b1630ceea73d27597364c9af683)
Test OLM installation	UNKNOWN STEP	2025-07-21T00:28:38.7394037Z Download action repository 'manusa/actions-setup-minikube@b589f2d61bf96695c546929c72b38563e856059d' (SHA:b589f2d61bf96695c546929c72b38563e856059d)
Test OLM installation	UNKNOWN STEP	2025-07-21T00:28:39.9336295Z Download action repository 'redhat-actions/openshift-tools-installer@144527c7d98999f2652264c048c7a9bd103f8a82' (SHA:144527c7d98999f2652264c048c7a9bd103f8a82)
Test OLM installation	UNKNOWN STEP	2025-07-21T00:28:40.9269906Z Download action repository 'actions/download-artifact@d3f86a106a0bac45b974a628896c90dbdf5c8093' (SHA:d3f86a106a0bac45b974a628896c90dbdf5c8093)
Test OLM installation	UNKNOWN STEP	2025-07-21T00:28:41.8567868Z Complete job name: Test OLM installation
Test OLM installation	UNKNOWN STEP	2025-07-21T00:28:41.9216648Z ##[group]Run actions/checkout@11bd71901bbe5b1630ceea73d27597364c9af683
Test OLM installation	UNKNOWN STEP	2025-07-21T00:28:41.9217769Z with:
Test OLM installation	UNKNOWN STEP	2025-07-21T00:28:41.9218043Z   repository: keycloak/keycloak
Test OLM installation	UNKNOWN STEP	2025-07-21T00:28:41.9218519Z   token: ***
Test OLM installation	UNKNOWN STEP	2025-07-21T00:28:41.9218872Z   ssh-strict: true
Test OLM installation	UNKNOWN STEP	2025-07-21T00:28:41.9219191Z   ssh-user: git
Test OLM installation	UNKNOWN STEP	2025-07-21T00:28:41.9219463Z   persist-credentials: true
Test OLM installation	UNKNOWN STEP	2025-07-21T00:28:41.9219816Z   clean: true
Test OLM installation	UNKNOWN STEP	2025-07-21T00:28:41.9220109Z   sparse-checkout-cone-mode: true
Test OLM installation	UNKNOWN STEP	2025-07-21T00:28:41.9220397Z   fetch-depth: 1
Test OLM installation	UNKNOWN STEP	2025-07-21T00:28:41.9220744Z   fetch-tags: false
Test OLM installation	UNKNOWN STEP	2025-07-21T00:28:41.9221001Z   show-progress: true
Test OLM installation	UNKNOWN STEP	2025-07-21T00:28:41.9221328Z   lfs: false
Test OLM installation	UNKNOWN STEP	2025-07-21T00:28:41.9221599Z   submodules: false
Test OLM installation	UNKNOWN STEP	2025-07-21T00:28:41.9221904Z   set-safe-directory: true
Test OLM installation	UNKNOWN STEP	2025-07-21T00:28:41.9222410Z env:
Test OLM installation	UNKNOWN STEP	2025-07-21T00:28:41.9222891Z   MAVEN_ARGS: -B -nsu -Daether.connector.http.connectionMaxTtl=25
Test OLM installation	UNKNOWN STEP	2025-07-21T00:28:41.9223381Z   MINIKUBE_VERSION: v1.32.0
Test OLM installation	UNKNOWN STEP	2025-07-21T00:28:41.9223753Z   KUBERNETES_VERSION: v1.27.10
Test OLM installation	UNKNOWN STEP	2025-07-21T00:28:41.9224144Z   MINIKUBE_MEMORY: 4096
Test OLM installation	UNKNOWN STEP	2025-07-21T00:28:41.9224400Z ##[endgroup]
Test OLM installation	UNKNOWN STEP	2025-07-21T00:28:42.0334496Z Syncing repository: keycloak/keycloak
Test OLM installation	UNKNOWN STEP	2025-07-21T00:28:42.0336123Z ##[group]Getting Git version info
Test OLM installation	UNKNOWN STEP	2025-07-21T00:28:42.0336638Z Working directory is '/home/runner/work/keycloak/keycloak'
Test OLM installation	UNKNOWN STEP	2025-07-21T00:28:42.0337605Z [command]/usr/bin/git version
Test OLM installation	UNKNOWN STEP	2025-07-21T00:28:42.0361125Z git version 2.50.1
Test OLM installation	UNKNOWN STEP	2025-07-21T00:28:42.0387008Z ##[endgroup]
Test OLM installation	UNKNOWN STEP	2025-07-21T00:28:42.0400708Z Temporarily overriding HOME='/home/runner/work/_temp/2facf2c5-2330-48e8-af51-c51e8f3b93ff' before making global git config changes
Test OLM installation	UNKNOWN STEP	2025-07-21T00:28:42.0402078Z Adding repository directory to the temporary git global config as a safe directory
Test OLM installation	UNKNOWN STEP	2025-07-21T00:28:42.0414125Z [command]/usr/bin/git config --global --add safe.directory /home/runner/work/keycloak/keycloak
Test OLM installation	UNKNOWN STEP	2025-07-21T00:28:42.0447162Z Deleting the contents of '/home/runner/work/keycloak/keycloak'
Test OLM installation	UNKNOWN STEP	2025-07-21T00:28:42.0450807Z ##[group]Initializing the repository
Test OLM installation	UNKNOWN STEP	2025-07-21T00:28:42.0454600Z [command]/usr/bin/git init /home/runner/work/keycloak/keycloak
Test OLM installation	UNKNOWN STEP	2025-07-21T00:28:42.0530204Z hint: Using 'master' as the name for the initial branch. This default branch name
Test OLM installation	UNKNOWN STEP	2025-07-21T00:28:42.0531447Z hint: is subject to change. To configure the initial branch name to use in all
Test OLM installation	UNKNOWN STEP	2025-07-21T00:28:42.0532445Z hint: of your new repositories, which will suppress this warning, call:
Test OLM installation	UNKNOWN STEP	2025-07-21T00:28:42.0533212Z hint:
Test OLM installation	UNKNOWN STEP	2025-07-21T00:28:42.0533819Z hint: 	git config --global init.defaultBranch <name>
Test OLM installation	UNKNOWN STEP	2025-07-21T00:28:42.0534402Z hint:
Test OLM installation	UNKNOWN STEP	2025-07-21T00:28:42.0535132Z hint: Names commonly chosen instead of 'master' are 'main', 'trunk' and
Test OLM installation	UNKNOWN STEP	2025-07-21T00:28:42.0536031Z hint: 'development'. The just-created branch can be renamed via this command:
Test OLM installation	UNKNOWN STEP	2025-07-21T00:28:42.0536692Z hint:
Test OLM installation	UNKNOWN STEP	2025-07-21T00:28:42.0537393Z hint: 	git branch -m <name>
Test OLM installation	UNKNOWN STEP	2025-07-21T00:28:42.0537856Z hint:
Test OLM installation	UNKNOWN STEP	2025-07-21T00:28:42.0538482Z hint: Disable this message with "git config set advice.defaultBranchName false"
Test OLM installation	UNKNOWN STEP	2025-07-21T00:28:42.0539552Z Initialized empty Git repository in /home/runner/work/keycloak/keycloak/.git/
Test OLM installation	UNKNOWN STEP	2025-07-21T00:28:42.0544749Z [command]/usr/bin/git remote add origin https://github.com/keycloak/keycloak
Test OLM installation	UNKNOWN STEP	2025-07-21T00:28:42.0580568Z ##[endgroup]
Test OLM installation	UNKNOWN STEP	2025-07-21T00:28:42.0581498Z ##[group]Disabling automatic garbage collection
Test OLM installation	UNKNOWN STEP	2025-07-21T00:28:42.0585533Z [command]/usr/bin/git config --local gc.auto 0
Test OLM installation	UNKNOWN STEP	2025-07-21T00:28:42.0614405Z ##[endgroup]
Test OLM installation	UNKNOWN STEP	2025-07-21T00:28:42.0615267Z ##[group]Setting up auth
Test OLM installation	UNKNOWN STEP	2025-07-21T00:28:42.0622287Z [command]/usr/bin/git config --local --name-only --get-regexp core\.sshCommand
Test OLM installation	UNKNOWN STEP	2025-07-21T00:28:42.0652643Z [command]/usr/bin/git submodule foreach --recursive sh -c "git config --local --name-only --get-regexp 'core\.sshCommand' && git config --local --unset-all 'core.sshCommand' || :"
Test OLM installation	UNKNOWN STEP	2025-07-21T00:28:42.0929659Z [command]/usr/bin/git config --local --name-only --get-regexp http\.https\:\/\/github\.com\/\.extraheader
Test OLM installation	UNKNOWN STEP	2025-07-21T00:28:42.0959627Z [command]/usr/bin/git submodule foreach --recursive sh -c "git config --local --name-only --get-regexp 'http\.https\:\/\/github\.com\/\.extraheader' && git config --local --unset-all 'http.https://github.com/.extraheader' || :"
Test OLM installation	UNKNOWN STEP	2025-07-21T00:28:42.1189126Z [command]/usr/bin/git config --local http.https://github.com/.extraheader AUTHORIZATION: basic ***
Test OLM installation	UNKNOWN STEP	2025-07-21T00:28:42.1235543Z ##[endgroup]
Test OLM installation	UNKNOWN STEP	2025-07-21T00:28:42.1236349Z ##[group]Fetching the repository
Test OLM installation	UNKNOWN STEP	2025-07-21T00:28:42.1244936Z [command]/usr/bin/git -c protocol.version=2 fetch --no-tags --prune --no-recurse-submodules --depth=1 origin +453f97adf06f39fa8544e229ed23b96b48cf0cac:refs/remotes/origin/main
Test OLM installation	UNKNOWN STEP	2025-07-21T00:28:43.8046773Z From https://github.com/keycloak/keycloak
Test OLM installation	UNKNOWN STEP	2025-07-21T00:28:43.8047773Z  * [new ref]         453f97adf06f39fa8544e229ed23b96b48cf0cac -> origin/main
Test OLM installation	UNKNOWN STEP	2025-07-21T00:28:43.8072684Z ##[endgroup]
Test OLM installation	UNKNOWN STEP	2025-07-21T00:28:43.8073364Z ##[group]Determining the checkout info
Test OLM installation	UNKNOWN STEP	2025-07-21T00:28:43.8075298Z ##[endgroup]
Test OLM installation	UNKNOWN STEP	2025-07-21T00:28:43.8081304Z [command]/usr/bin/git sparse-checkout disable
Test OLM installation	UNKNOWN STEP	2025-07-21T00:28:43.8125559Z [command]/usr/bin/git config --local --unset-all extensions.worktreeConfig
Test OLM installation	UNKNOWN STEP	2025-07-21T00:28:43.8153451Z ##[group]Checking out the ref
Test OLM installation	UNKNOWN STEP	2025-07-21T00:28:43.8158085Z [command]/usr/bin/git checkout --progress --force -B main refs/remotes/origin/main
Test OLM installation	UNKNOWN STEP	2025-07-21T00:28:44.6042635Z Switched to a new branch 'main'
Test OLM installation	UNKNOWN STEP	2025-07-21T00:28:44.6043418Z branch 'main' set up to track 'origin/main'.
Test OLM installation	UNKNOWN STEP	2025-07-21T00:28:44.6076801Z ##[endgroup]
Test OLM installation	UNKNOWN STEP	2025-07-21T00:28:44.6115247Z [command]/usr/bin/git log -1 --format=%H
Test OLM installation	UNKNOWN STEP	2025-07-21T00:28:44.6137510Z 453f97adf06f39fa8544e229ed23b96b48cf0cac
Test OLM installation	UNKNOWN STEP	2025-07-21T00:28:44.6371513Z Prepare all required actions
Test OLM installation	UNKNOWN STEP	2025-07-21T00:28:44.6372005Z Getting action download info
Test OLM installation	UNKNOWN STEP	2025-07-21T00:28:44.8015034Z Download action repository 'actions/setup-java@c5195efecf7bdfc987ee8bae7a71cb8b11521c00' (SHA:c5195efecf7bdfc987ee8bae7a71cb8b11521c00)
Test OLM installation	UNKNOWN STEP	2025-07-21T00:28:45.7775077Z ##[group]Run ./.github/actions/java-setup
Test OLM installation	UNKNOWN STEP	2025-07-21T00:28:45.7775374Z with:
Test OLM installation	UNKNOWN STEP	2025-07-21T00:28:45.7775544Z   distribution: temurin
Test OLM installation	UNKNOWN STEP	2025-07-21T00:28:45.7775751Z   java-version: 21
Test OLM installation	UNKNOWN STEP	2025-07-21T00:28:45.7775920Z env:
Test OLM installation	UNKNOWN STEP	2025-07-21T00:28:45.7776180Z   MAVEN_ARGS: -B -nsu -Daether.connector.http.connectionMaxTtl=25
Test OLM installation	UNKNOWN STEP	2025-07-21T00:28:45.7776506Z   MINIKUBE_VERSION: v1.32.0
Test OLM installation	UNKNOWN STEP	2025-07-21T00:28:45.7776733Z   KUBERNETES_VERSION: v1.27.10
Test OLM installation	UNKNOWN STEP	2025-07-21T00:28:45.7777198Z   MINIKUBE_MEMORY: 4096
Test OLM installation	UNKNOWN STEP	2025-07-21T00:28:45.7777390Z ##[endgroup]
Test OLM installation	UNKNOWN STEP	2025-07-21T00:28:45.7915946Z ##[group]Run actions/setup-java@c5195efecf7bdfc987ee8bae7a71cb8b11521c00
Test OLM installation	UNKNOWN STEP	2025-07-21T00:28:45.7916318Z with:
Test OLM installation	UNKNOWN STEP	2025-07-21T00:28:45.7916524Z   distribution: temurin
Test OLM installation	UNKNOWN STEP	2025-07-21T00:28:45.7916814Z   java-version: 21
Test OLM installation	UNKNOWN STEP	2025-07-21T00:28:45.7917159Z   java-package: jdk
Test OLM installation	UNKNOWN STEP	2025-07-21T00:28:45.7917353Z   check-latest: false
Test OLM installation	UNKNOWN STEP	2025-07-21T00:28:45.7917539Z   server-id: github
Test OLM installation	UNKNOWN STEP	2025-07-21T00:28:45.7917729Z   server-username: GITHUB_ACTOR
Test OLM installation	UNKNOWN STEP	2025-07-21T00:28:45.7917970Z   server-password: GITHUB_TOKEN
Test OLM installation	UNKNOWN STEP	2025-07-21T00:28:45.7918198Z   overwrite-settings: true
Test OLM installation	UNKNOWN STEP	2025-07-21T00:28:45.7918410Z   job-status: success
Test OLM installation	UNKNOWN STEP	2025-07-21T00:28:45.7918734Z   token: ***
Test OLM installation	UNKNOWN STEP	2025-07-21T00:28:45.7918906Z env:
Test OLM installation	UNKNOWN STEP	2025-07-21T00:28:45.7919164Z   MAVEN_ARGS: -B -nsu -Daether.connector.http.connectionMaxTtl=25
Test OLM installation	UNKNOWN STEP	2025-07-21T00:28:45.7919502Z   MINIKUBE_VERSION: v1.32.0
Test OLM installation	UNKNOWN STEP	2025-07-21T00:28:45.7919716Z   KUBERNETES_VERSION: v1.27.10
Test OLM installation	UNKNOWN STEP	2025-07-21T00:28:45.7919931Z   MINIKUBE_MEMORY: 4096
Test OLM installation	UNKNOWN STEP	2025-07-21T00:28:45.7920123Z ##[endgroup]
Test OLM installation	UNKNOWN STEP	2025-07-21T00:28:45.9878994Z ##[group]Installed distributions
Test OLM installation	UNKNOWN STEP	2025-07-21T00:28:45.9927513Z Resolved Java 21.0.7+6 from tool-cache
Test OLM installation	UNKNOWN STEP	2025-07-21T00:28:45.9928063Z Setting Java 21.0.7+6 as the default
Test OLM installation	UNKNOWN STEP	2025-07-21T00:28:45.9942552Z Creating toolchains.xml for JDK version 21 from temurin
Test OLM installation	UNKNOWN STEP	2025-07-21T00:28:46.0020642Z Writing to /home/runner/.m2/toolchains.xml
Test OLM installation	UNKNOWN STEP	2025-07-21T00:28:46.0021054Z 
Test OLM installation	UNKNOWN STEP	2025-07-21T00:28:46.0022314Z Java configuration:
Test OLM installation	UNKNOWN STEP	2025-07-21T00:28:46.0022827Z   Distribution: temurin
Test OLM installation	UNKNOWN STEP	2025-07-21T00:28:46.0023160Z   Version: 21.0.7+6
Test OLM installation	UNKNOWN STEP	2025-07-21T00:28:46.0023784Z   Path: /opt/hostedtoolcache/Java_Temurin-Hotspot_jdk/21.0.7-6/x64
Test OLM installation	UNKNOWN STEP	2025-07-21T00:28:46.0024234Z 
Test OLM installation	UNKNOWN STEP	2025-07-21T00:28:46.0025562Z ##[endgroup]
Test OLM installation	UNKNOWN STEP	2025-07-21T00:28:46.0044954Z Creating settings.xml with server-id: github
Test OLM installation	UNKNOWN STEP	2025-07-21T00:28:46.0048458Z Writing to /home/runner/.m2/settings.xml
Test OLM installation	UNKNOWN STEP	2025-07-21T00:28:46.0201897Z ##[group]Run manusa/actions-setup-minikube@b589f2d61bf96695c546929c72b38563e856059d
Test OLM installation	UNKNOWN STEP	2025-07-21T00:28:46.0202316Z with:
Test OLM installation	UNKNOWN STEP	2025-07-21T00:28:46.0202500Z   minikube version: v1.32.0
Test OLM installation	UNKNOWN STEP	2025-07-21T00:28:46.0202736Z   kubernetes version: v1.27.10
Test OLM installation	UNKNOWN STEP	2025-07-21T00:28:46.0203172Z   github token: ***
Test OLM installation	UNKNOWN STEP	2025-07-21T00:28:46.0203361Z   driver: docker
Test OLM installation	UNKNOWN STEP	2025-07-21T00:28:46.0203657Z   start args: --memory=4096 --addons=registry --insecure-registry=192.168.49.0/24
Test OLM installation	UNKNOWN STEP	2025-07-21T00:28:46.0204007Z env:
Test OLM installation	UNKNOWN STEP	2025-07-21T00:28:46.0204268Z   MAVEN_ARGS: -B -nsu -Daether.connector.http.connectionMaxTtl=25
Test OLM installation	UNKNOWN STEP	2025-07-21T00:28:46.0204607Z   MINIKUBE_VERSION: v1.32.0
Test OLM installation	UNKNOWN STEP	2025-07-21T00:28:46.0204844Z   KUBERNETES_VERSION: v1.27.10
Test OLM installation	UNKNOWN STEP	2025-07-21T00:28:46.0205055Z   MINIKUBE_MEMORY: 4096
Test OLM installation	UNKNOWN STEP	2025-07-21T00:28:46.0205355Z   JAVA_HOME: /opt/hostedtoolcache/Java_Temurin-Hotspot_jdk/21.0.7-6/x64
Test OLM installation	UNKNOWN STEP	2025-07-21T00:28:46.0205789Z   JAVA_HOME_21_X64: /opt/hostedtoolcache/Java_Temurin-Hotspot_jdk/21.0.7-6/x64
Test OLM installation	UNKNOWN STEP	2025-07-21T00:28:46.0206123Z ##[endgroup]
Test OLM installation	UNKNOWN STEP	2025-07-21T00:28:46.1438947Z Loading input variables
Test OLM installation	UNKNOWN STEP	2025-07-21T00:28:46.1441671Z Updating Environment configuration to support Minikube
Test OLM installation	UNKNOWN STEP	2025-07-21T00:28:46.1629816Z 
Test OLM installation	UNKNOWN STEP	2025-07-21T00:28:46.1630390Z WARNING: apt does not have a stable CLI interface. Use with caution in scripts.
Test OLM installation	UNKNOWN STEP	2025-07-21T00:28:46.1630965Z 
Test OLM installation	UNKNOWN STEP	2025-07-21T00:28:46.2648243Z Get:1 file:/etc/apt/apt-mirrors.txt Mirrorlist [144 B]
Test OLM installation	UNKNOWN STEP	2025-07-21T00:28:46.3121977Z Hit:2 http://azure.archive.ubuntu.com/ubuntu noble InRelease
Test OLM installation	UNKNOWN STEP	2025-07-21T00:28:46.3131582Z Hit:6 https://packages.microsoft.com/repos/azure-cli noble InRelease
Test OLM installation	UNKNOWN STEP	2025-07-21T00:28:46.3136548Z Get:7 https://packages.microsoft.com/ubuntu/24.04/prod noble InRelease [3600 B]
Test OLM installation	UNKNOWN STEP	2025-07-21T00:28:46.3178686Z Get:3 http://azure.archive.ubuntu.com/ubuntu noble-updates InRelease [126 kB]
Test OLM installation	UNKNOWN STEP	2025-07-21T00:28:46.3223949Z Get:4 http://azure.archive.ubuntu.com/ubuntu noble-backports InRelease [126 kB]
Test OLM installation	UNKNOWN STEP	2025-07-21T00:28:46.3298288Z Get:5 http://azure.archive.ubuntu.com/ubuntu noble-security InRelease [126 kB]
Test OLM installation	UNKNOWN STEP	2025-07-21T00:28:46.5652552Z Get:8 https://packages.microsoft.com/ubuntu/24.04/prod noble/main arm64 Packages [27.0 kB]
Test OLM installation	UNKNOWN STEP	2025-07-21T00:28:46.5771256Z Get:9 https://packages.microsoft.com/ubuntu/24.04/prod noble/main armhf Packages [9349 B]
Test OLM installation	UNKNOWN STEP	2025-07-21T00:28:46.5812493Z Get:10 https://packages.microsoft.com/ubuntu/24.04/prod noble/main amd64 Packages [41.1 kB]
Test OLM installation	UNKNOWN STEP	2025-07-21T00:28:46.6010713Z Get:11 http://azure.archive.ubuntu.com/ubuntu noble-updates/main amd64 Packages [1269 kB]
Test OLM installation	UNKNOWN STEP	2025-07-21T00:28:46.6091826Z Get:12 http://azure.archive.ubuntu.com/ubuntu noble-updates/main Translation-en [258 kB]
Test OLM installation	UNKNOWN STEP	2025-07-21T00:28:46.6120596Z Get:13 http://azure.archive.ubuntu.com/ubuntu noble-updates/main amd64 Components [163 kB]
Test OLM installation	UNKNOWN STEP	2025-07-21T00:28:46.6148417Z Get:14 http://azure.archive.ubuntu.com/ubuntu noble-updates/universe amd64 Packages [1111 kB]
Test OLM installation	UNKNOWN STEP	2025-07-21T00:28:46.6250925Z Get:15 http://azure.archive.ubuntu.com/ubuntu noble-updates/universe Translation-en [284 kB]
Test OLM installation	UNKNOWN STEP	2025-07-21T00:28:46.6281117Z Get:16 http://azure.archive.ubuntu.com/ubuntu noble-updates/universe amd64 Components [376 kB]
Test OLM installation	UNKNOWN STEP	2025-07-21T00:28:46.6321310Z Get:17 http://azure.archive.ubuntu.com/ubuntu noble-updates/restricted amd64 Packages [1533 kB]
Test OLM installation	UNKNOWN STEP	2025-07-21T00:28:46.6653821Z Get:18 http://azure.archive.ubuntu.com/ubuntu noble-updates/restricted Translation-en [330 kB]
Test OLM installation	UNKNOWN STEP	2025-07-21T00:28:46.6684257Z Get:19 http://azure.archive.ubuntu.com/ubuntu noble-updates/restricted amd64 Components [212 B]
Test OLM installation	UNKNOWN STEP	2025-07-21T00:28:46.6695943Z Get:20 http://azure.archive.ubuntu.com/ubuntu noble-updates/multiverse amd64 Packages [33.2 kB]
Test OLM installation	UNKNOWN STEP	2025-07-21T00:28:46.7146252Z Get:21 http://azure.archive.ubuntu.com/ubuntu noble-updates/multiverse Translation-en [6772 B]
Test OLM installation	UNKNOWN STEP	2025-07-21T00:28:46.7190710Z Get:22 http://azure.archive.ubuntu.com/ubuntu noble-updates/multiverse amd64 Components [940 B]
Test OLM installation	UNKNOWN STEP	2025-07-21T00:28:46.7192061Z Get:23 http://azure.archive.ubuntu.com/ubuntu noble-backports/main amd64 Components [7088 B]
Test OLM installation	UNKNOWN STEP	2025-07-21T00:28:46.7194821Z Get:24 http://azure.archive.ubuntu.com/ubuntu noble-backports/universe amd64 Components [28.3 kB]
Test OLM installation	UNKNOWN STEP	2025-07-21T00:28:46.7196010Z Get:25 http://azure.archive.ubuntu.com/ubuntu noble-backports/restricted amd64 Components [216 B]
Test OLM installation	UNKNOWN STEP	2025-07-21T00:28:46.7208748Z Get:26 http://azure.archive.ubuntu.com/ubuntu noble-backports/multiverse amd64 Components [212 B]
Test OLM installation	UNKNOWN STEP	2025-07-21T00:28:46.7221926Z Get:27 http://azure.archive.ubuntu.com/ubuntu noble-security/main amd64 Packages [1009 kB]
Test OLM installation	UNKNOWN STEP	2025-07-21T00:28:46.7299884Z Get:28 http://azure.archive.ubuntu.com/ubuntu noble-security/main Translation-en [178 kB]
Test OLM installation	UNKNOWN STEP	2025-07-21T00:28:46.7319902Z Get:29 http://azure.archive.ubuntu.com/ubuntu noble-security/main amd64 Components [21.6 kB]
Test OLM installation	UNKNOWN STEP	2025-07-21T00:28:46.7332704Z Get:30 http://azure.archive.ubuntu.com/ubuntu noble-security/universe amd64 Packages [873 kB]
Test OLM installation	UNKNOWN STEP	2025-07-21T00:28:46.7401778Z Get:31 http://azure.archive.ubuntu.com/ubuntu noble-security/universe Translation-en [192 kB]
Test OLM installation	UNKNOWN STEP	2025-07-21T00:28:46.7421634Z Get:32 http://azure.archive.ubuntu.com/ubuntu noble-security/universe amd64 Components [52.3 kB]
Test OLM installation	UNKNOWN STEP	2025-07-21T00:28:46.7435466Z Get:33 http://azure.archive.ubuntu.com/ubuntu noble-security/restricted amd64 Packages [1436 kB]
Test OLM installation	UNKNOWN STEP	2025-07-21T00:28:46.7519569Z Get:34 http://azure.archive.ubuntu.com/ubuntu noble-security/restricted Translation-en [311 kB]
Test OLM installation	UNKNOWN STEP	2025-07-21T00:28:46.7986328Z Get:35 http://azure.archive.ubuntu.com/ubuntu noble-security/restricted amd64 Components [208 B]
Test OLM installation	UNKNOWN STEP	2025-07-21T00:28:46.7998422Z Get:36 http://azure.archive.ubuntu.com/ubuntu noble-security/multiverse amd64 Components [208 B]
Test OLM installation	UNKNOWN STEP	2025-07-21T00:28:52.6046706Z Fetched 9934 kB in 1s (7424 kB/s)
Test OLM installation	UNKNOWN STEP	2025-07-21T00:28:53.3004438Z Reading package lists...
Test OLM installation	UNKNOWN STEP	2025-07-21T00:28:53.4544234Z Building dependency tree...
Test OLM installation	UNKNOWN STEP	2025-07-21T00:28:53.4551048Z Reading state information...
Test OLM installation	UNKNOWN STEP	2025-07-21T00:28:53.4744478Z 88 packages can be upgraded. Run 'apt list --upgradable' to see them.
Test OLM installation	UNKNOWN STEP	2025-07-21T00:28:53.5103189Z Reading package lists...
Test OLM installation	UNKNOWN STEP	2025-07-21T00:28:53.6730748Z Building dependency tree...
Test OLM installation	UNKNOWN STEP	2025-07-21T00:28:53.6738845Z Reading state information...
Test OLM installation	UNKNOWN STEP	2025-07-21T00:28:53.8442407Z The following NEW packages will be installed:
Test OLM installation	UNKNOWN STEP	2025-07-21T00:28:53.8449202Z   conntrack
Test OLM installation	UNKNOWN STEP	2025-07-21T00:28:53.8633616Z 0 upgraded, 1 newly installed, 0 to remove and 88 not upgraded.
Test OLM installation	UNKNOWN STEP	2025-07-21T00:28:53.8634249Z Need to get 37.9 kB of archives.
Test OLM installation	UNKNOWN STEP	2025-07-21T00:28:53.8634694Z After this operation, 119 kB of additional disk space will be used.
Test OLM installation	UNKNOWN STEP	2025-07-21T00:28:53.8635152Z Get:1 file:/etc/apt/apt-mirrors.txt Mirrorlist [144 B]
Test OLM installation	UNKNOWN STEP	2025-07-21T00:28:53.9507944Z Get:2 http://azure.archive.ubuntu.com/ubuntu noble/main amd64 conntrack amd64 1:1.4.8-1ubuntu1 [37.9 kB]
Test OLM installation	UNKNOWN STEP	2025-07-21T00:28:54.2157323Z Fetched 37.9 kB in 0s (383 kB/s)
Test OLM installation	UNKNOWN STEP	2025-07-21T00:28:54.2598247Z Selecting previously unselected package conntrack.
Test OLM installation	UNKNOWN STEP	2025-07-21T00:28:54.3260406Z (Reading database ... 
Test OLM installation	UNKNOWN STEP	2025-07-21T00:28:54.3260932Z (Reading database ... 5%
Test OLM installation	UNKNOWN STEP	2025-07-21T00:28:54.3261385Z (Reading database ... 10%
Test OLM installation	UNKNOWN STEP	2025-07-21T00:28:54.3261872Z (Reading database ... 15%
Test OLM installation	UNKNOWN STEP	2025-07-21T00:28:54.3262168Z (Reading database ... 20%
Test OLM installation	UNKNOWN STEP	2025-07-21T00:28:54.3262453Z (Reading database ... 25%
Test OLM installation	UNKNOWN STEP	2025-07-21T00:28:54.3262755Z (Reading database ... 30%
Test OLM installation	UNKNOWN STEP	2025-07-21T00:28:54.3263025Z (Reading database ... 35%
Test OLM installation	UNKNOWN STEP	2025-07-21T00:28:54.3263294Z (Reading database ... 40%
Test OLM installation	UNKNOWN STEP	2025-07-21T00:28:54.3263552Z (Reading database ... 45%
Test OLM installation	UNKNOWN STEP	2025-07-21T00:28:54.3263824Z (Reading database ... 50%
Test OLM installation	UNKNOWN STEP	2025-07-21T00:28:54.4162790Z (Reading database ... 55%
Test OLM installation	UNKNOWN STEP	2025-07-21T00:28:54.7482882Z (Reading database ... 60%
Test OLM installation	UNKNOWN STEP	2025-07-21T00:28:55.0721005Z (Reading database ... 65%
Test OLM installation	UNKNOWN STEP	2025-07-21T00:28:55.4638480Z (Reading database ... 70%
Test OLM installation	UNKNOWN STEP	2025-07-21T00:28:55.8076672Z (Reading database ... 75%
Test OLM installation	UNKNOWN STEP	2025-07-21T00:28:56.2642673Z (Reading database ... 80%
Test OLM installation	UNKNOWN STEP	2025-07-21T00:28:56.7684084Z (Reading database ... 85%
Test OLM installation	UNKNOWN STEP	2025-07-21T00:28:57.3859892Z (Reading database ... 90%
Test OLM installation	UNKNOWN STEP	2025-07-21T00:28:57.8559453Z (Reading database ... 95%
Test OLM installation	UNKNOWN STEP	2025-07-21T00:28:57.8559975Z (Reading database ... 100%
Test OLM installation	UNKNOWN STEP	2025-07-21T00:28:57.8560594Z (Reading database ... 219506 files and directories currently installed.)
Test OLM installation	UNKNOWN STEP	2025-07-21T00:28:57.8606494Z Preparing to unpack .../conntrack_1%3a1.4.8-1ubuntu1_amd64.deb ...
Test OLM installation	UNKNOWN STEP	2025-07-21T00:28:57.8636586Z Unpacking conntrack (1:1.4.8-1ubuntu1) ...
Test OLM installation	UNKNOWN STEP	2025-07-21T00:28:57.9182204Z Setting up conntrack (1:1.4.8-1ubuntu1) ...
Test OLM installation	UNKNOWN STEP	2025-07-21T00:28:57.9223710Z Processing triggers for man-db (2.12.0-4build2) ...
Test OLM installation	UNKNOWN STEP	2025-07-21T00:29:00.7236344Z 
Test OLM installation	UNKNOWN STEP	2025-07-21T00:29:00.7237050Z Running kernel seems to be up-to-date.
Test OLM installation	UNKNOWN STEP	2025-07-21T00:29:00.7237498Z 
Test OLM installation	UNKNOWN STEP	2025-07-21T00:29:00.7237662Z Restarting services...
Test OLM installation	UNKNOWN STEP	2025-07-21T00:29:00.7306678Z 
Test OLM installation	UNKNOWN STEP	2025-07-21T00:29:00.7307307Z Service restarts being deferred:
Test OLM installation	UNKNOWN STEP	2025-07-21T00:29:00.7308751Z  systemctl restart hosted-compute-agent.service
Test OLM installation	UNKNOWN STEP	2025-07-21T00:29:00.7309100Z 
Test OLM installation	UNKNOWN STEP	2025-07-21T00:29:00.7309427Z No containers need to be restarted.
Test OLM installation	UNKNOWN STEP	2025-07-21T00:29:00.7309738Z 
Test OLM installation	UNKNOWN STEP	2025-07-21T00:29:00.7309932Z No user sessions are running outdated binaries.
Test OLM installation	UNKNOWN STEP	2025-07-21T00:29:00.7310224Z 
Test OLM installation	UNKNOWN STEP	2025-07-21T00:29:00.7310528Z No VM guests are running outdated hypervisor (qemu) binaries on this host.
Test OLM installation	UNKNOWN STEP	2025-07-21T00:29:01.5563631Z fs.protected_regular = 0
Test OLM installation	UNKNOWN STEP	2025-07-21T00:29:01.5573834Z Waiting for Docker to be ready
Test OLM installation	UNKNOWN STEP	2025-07-21T00:29:01.6128826Z 28.0.4 - 28.0.4
Test OLM installation	UNKNOWN STEP	2025-07-21T00:29:01.6145098Z Docker daemon is ready
Test OLM installation	UNKNOWN STEP	2025-07-21T00:29:01.6149424Z Downloading Minikube  v1.32.0
Test OLM installation	UNKNOWN STEP	2025-07-21T00:29:01.9724654Z Downloading from: https://github.com/kubernetes/minikube/releases/download/v1.32.0/minikube-linux-amd64
Test OLM installation	UNKNOWN STEP	2025-07-21T00:29:02.9884799Z Installing Minikube
Test OLM installation	UNKNOWN STEP	2025-07-21T00:29:03.0319029Z * minikube v1.32.0 on Ubuntu 24.04
Test OLM installation	UNKNOWN STEP	2025-07-21T00:29:03.0323124Z   - MINIKUBE_VERSION=v1.32.0
Test OLM installation	UNKNOWN STEP	2025-07-21T00:29:03.0328746Z   - MINIKUBE_MEMORY=4096
Test OLM installation	UNKNOWN STEP	2025-07-21T00:29:03.0334101Z   - MINIKUBE_HOME=/home/runner/work/_temp
Test OLM installation	UNKNOWN STEP	2025-07-21T00:29:03.1110634Z * minikube 1.36.0 is available! Download it: https://github.com/kubernetes/minikube/releases/tag/v1.36.0
Test OLM installation	UNKNOWN STEP	2025-07-21T00:29:03.1114184Z * To disable this notice, run: 'minikube config set WantUpdateNotification false'
Test OLM installation	UNKNOWN STEP	2025-07-21T00:29:03.1114661Z 
Test OLM installation	UNKNOWN STEP	2025-07-21T00:29:04.8875790Z * Using the docker driver based on user configuration
Test OLM installation	UNKNOWN STEP	2025-07-21T00:29:04.9278990Z * Using Docker driver with root privileges
Test OLM installation	UNKNOWN STEP	2025-07-21T00:29:04.9290596Z * Starting control plane node minikube in cluster minikube
Test OLM installation	UNKNOWN STEP	2025-07-21T00:29:04.9297750Z * Pulling base image ...
Test OLM installation	UNKNOWN STEP	2025-07-21T00:29:04.9847116Z * Downloading Kubernetes v1.27.10 preload ...
Test OLM installation	UNKNOWN STEP	2025-07-21T00:29:18.0528302Z * Creating docker container (CPUs=2, Memory=4096MB) ...
Test OLM installation	UNKNOWN STEP	2025-07-21T00:29:34.0033017Z * Preparing Kubernetes v1.27.10 on Docker 24.0.7 ...
Test OLM installation	UNKNOWN STEP	2025-07-21T00:29:45.3646424Z   - Generating certificates and keys ...
Test OLM installation	UNKNOWN STEP	2025-07-21T00:29:45.3670269Z   - Booting up control plane ...
Test OLM installation	UNKNOWN STEP	2025-07-21T00:29:45.3690291Z   - Configuring RBAC rules ...
Test OLM installation	UNKNOWN STEP	2025-07-21T00:29:45.3722858Z * Configuring bridge CNI (Container Networking Interface) ...
Test OLM installation	UNKNOWN STEP	2025-07-21T00:29:45.5615277Z * Verifying Kubernetes components...
Test OLM installation	UNKNOWN STEP	2025-07-21T00:29:45.5663834Z   - Using image gcr.io/k8s-minikube/storage-provisioner:v5
Test OLM installation	UNKNOWN STEP	2025-07-21T00:29:45.5670773Z   - Using image gcr.io/k8s-minikube/kube-registry-proxy:0.0.5
Test OLM installation	UNKNOWN STEP	2025-07-21T00:29:45.5674854Z   - Using image docker.io/registry:2.8.3
Test OLM installation	UNKNOWN STEP	2025-07-21T00:29:46.4985624Z * Verifying registry addon...
Test OLM installation	UNKNOWN STEP	2025-07-21T00:30:05.5073544Z * Enabled addons: storage-provisioner, default-storageclass, registry
Test OLM installation	UNKNOWN STEP	2025-07-21T00:30:07.4958249Z 
Test OLM installation	UNKNOWN STEP	2025-07-21T00:30:07.4967904Z     > gcr.io/k8s-minikube/kicbase...:  0 B [_______________________] ?% ? p/s ?    > gcr.io/k8s-minikube/kicbase...:  1.62 KiB / 453.90 MiB [>_] 0.00% ? p/s ?    > gcr.io/k8s-minikube/kicbase...:  1.62 KiB / 453.90 MiB [>_] 0.00% ? p/s ?    > gcr.io/k8s-minikube/kicbase...:  353.72 KiB / 453.90 MiB  0.08% 590.04 Ki    > gcr.io/k8s-minikube/kicbase...:  24.00 MiB / 453.90 MiB  5.29% 590.04 KiB    > gcr.io/k8s-minikube/kicbase...:  40.19 MiB / 453.90 MiB  8.85% 590.04 KiB    > gcr.io/k8s-minikube/kicbase...:  64.00 MiB / 453.90 MiB  14.10% 7.38 MiB     > gcr.io/k8s-minikube/kicbase...:  87.02 MiB / 453.90 MiB  19.17% 7.38 MiB     > gcr.io/k8s-minikube/kicbase...:  112.00 MiB / 453.90 MiB  24.68% 7.38 MiB    > gcr.io/k8s-minikube/kicbase...:  128.00 MiB / 453.90 MiB  28.20% 13.78 Mi    > gcr.io/k8s-minikube/kicbase...:  160.19 MiB / 453.90 MiB  35.29% 13.78 Mi    > gcr.io/k8s-minikube/kicbase...:  200.00 MiB / 453.90 MiB  44.06% 13.78 Mi    > gcr.io/k8s-minikube/kicbase...:  240.06 MiB / 453.90 MiB  52.89% 24.96 Mi    > gcr.io/k8s-minikube/kicbase...:  277.63 MiB / 453.90 MiB  61.17% 24.96 Mi    > gcr.io/k8s-minikube/kicbase...:  319.80 MiB / 453.90 MiB  70.46% 24.96 Mi    > gcr.io/k8s-minikube/kicbase...:  336.00 MiB / 453.90 MiB  74.03% 33.65 Mi    > gcr.io/k8s-minikube/kicbase...:  361.53 MiB / 453.90 MiB  79.65% 33.65 Mi    > gcr.io/k8s-minikube/kicbase...:  401.19 MiB / 453.90 MiB  88.39% 33.65 Mi    > gcr.io/k8s-minikube/kicbase...:  445.71 MiB / 453.90 MiB  98.19% 43.28 Mi    > gcr.io/k8s-minikube/kicbase...:  453.90 MiB / 453.90 MiB  100.00% 124.80 ! /usr/bin/kubectl is version 1.33.2, which may have incompatibilities with Kubernetes 1.27.10.
Test OLM installation	UNKNOWN STEP	2025-07-21T00:30:07.4973943Z   - Want kubectl v1.27.10? Try 'minikube kubectl -- get pods -A'
Test OLM installation	UNKNOWN STEP	2025-07-21T00:30:07.4974841Z * Done! kubectl is now configured to use "minikube" cluster and "default" namespace by default
Test OLM installation	UNKNOWN STEP	2025-07-21T00:30:07.5798676Z minikube version: v1.32.0commit: 8220a6eb95f0a4d75f7f2d7b14cef975f050512d installed successfully
Test OLM installation	UNKNOWN STEP	2025-07-21T00:30:07.6022468Z ##[group]Run redhat-actions/openshift-tools-installer@144527c7d98999f2652264c048c7a9bd103f8a82
Test OLM installation	UNKNOWN STEP	2025-07-21T00:30:07.6023021Z with:
Test OLM installation	UNKNOWN STEP	2025-07-21T00:30:07.6023269Z   source: github
Test OLM installation	UNKNOWN STEP	2025-07-21T00:30:07.6023588Z   opm: 1.21.0
Test OLM installation	UNKNOWN STEP	2025-07-21T00:30:07.6024024Z   github_pat: ***
Test OLM installation	UNKNOWN STEP	2025-07-21T00:30:07.6024295Z   skip_cache: false
Test OLM installation	UNKNOWN STEP	2025-07-21T00:30:07.6024614Z env:
Test OLM installation	UNKNOWN STEP	2025-07-21T00:30:07.6025003Z   MAVEN_ARGS: -B -nsu -Daether.connector.http.connectionMaxTtl=25
Test OLM installation	UNKNOWN STEP	2025-07-21T00:30:07.6025393Z   MINIKUBE_VERSION: v1.32.0
Test OLM installation	UNKNOWN STEP	2025-07-21T00:30:07.6025947Z   KUBERNETES_VERSION: v1.27.10
Test OLM installation	UNKNOWN STEP	2025-07-21T00:30:07.6026219Z   MINIKUBE_MEMORY: 4096
Test OLM installation	UNKNOWN STEP	2025-07-21T00:30:07.6026619Z   JAVA_HOME: /opt/hostedtoolcache/Java_Temurin-Hotspot_jdk/21.0.7-6/x64
Test OLM installation	UNKNOWN STEP	2025-07-21T00:30:07.6027606Z   JAVA_HOME_21_X64: /opt/hostedtoolcache/Java_Temurin-Hotspot_jdk/21.0.7-6/x64
Test OLM installation	UNKNOWN STEP	2025-07-21T00:30:07.6028162Z   MINIKUBE_HOME: /home/runner/work/_temp
Test OLM installation	UNKNOWN STEP	2025-07-21T00:30:07.6028498Z ##[endgroup]
Test OLM installation	UNKNOWN STEP	2025-07-21T00:30:07.7738911Z Installing opm matching version "1.21.0"
Test OLM installation	UNKNOWN STEP	2025-07-21T00:30:07.7757780Z ‚ÑπÔ∏è Tools will be installed from "github".
Test OLM installation	UNKNOWN STEP	2025-07-21T00:30:07.7759678Z 
Test OLM installation	UNKNOWN STEP	2025-07-21T00:30:07.7760340Z üîé Searching for a version of opm satisfying the range "1.21.0" that was input as "1.21.0"
Test OLM installation	UNKNOWN STEP	2025-07-21T00:30:09.9563561Z Max opm version satisfying 1.21.0 is 1.21.0
Test OLM installation	UNKNOWN STEP	2025-07-21T00:30:09.9564595Z Download path of opm is https://github.com/operator-framework/operator-registry/releases
Test OLM installation	UNKNOWN STEP	2025-07-21T00:30:10.3123007Z Current operating system is linux
Test OLM installation	UNKNOWN STEP	2025-07-21T00:30:10.3125959Z Current architecture is amd64
Test OLM installation	UNKNOWN STEP	2025-07-21T00:30:10.3127292Z Selecting linux-amd64-opm
Test OLM installation	UNKNOWN STEP	2025-07-21T00:30:10.3131160Z Using temporary directory for storage
Test OLM installation	UNKNOWN STEP	2025-07-21T00:30:10.3143326Z üìÅ CLIs will be downloaded to /home/runner/work/_temp/openshift-bin
Test OLM installation	UNKNOWN STEP	2025-07-21T00:30:10.3146384Z Added /home/runner/work/_temp/openshift-bin to PATH
Test OLM installation	UNKNOWN STEP	2025-07-21T00:30:10.3147149Z Checking the cache for opm v1.21.0...
Test OLM installation	UNKNOWN STEP	2025-07-21T00:30:10.3910420Z ##[warning]Failed to check cache for opm v1.21.0: Error: Cache service responded with 400
Test OLM installation	UNKNOWN STEP	2025-07-21T00:30:10.9750689Z ‚¨áÔ∏è Downloading 45.03MB https://github.com/operator-framework/operator-registry/releases/download/v1.21.0/linux-amd64-opm ...
Test OLM installation	UNKNOWN STEP	2025-07-21T00:30:11.7967048Z Downloaded linux-amd64-opm in 0.8s
Test OLM installation	UNKNOWN STEP	2025-07-21T00:30:11.7967777Z Download path of opm is https://github.com/operator-framework/operator-registry/releases
Test OLM installation	UNKNOWN STEP	2025-07-21T00:30:12.1125021Z ‚¨áÔ∏è Downloading hash file https://github.com/operator-framework/operator-registry/releases/download/v1.21.0/checksums.txt
Test OLM installation	UNKNOWN STEP	2025-07-21T00:30:12.6329598Z sha256 verification of linux-amd64-opm succeeded.
Test OLM installation	UNKNOWN STEP	2025-07-21T00:30:12.6410519Z opm installed into /home/runner/work/_temp/openshift-bin/opm
Test OLM installation	UNKNOWN STEP	2025-07-21T00:30:12.6439920Z [command]/home/runner/work/_temp/openshift-bin/opm version
Test OLM installation	UNKNOWN STEP	2025-07-21T00:30:12.6632947Z Version: version.Version{OpmVersion:"v1.21.0", GitCommit:"9999f796", BuildDate:"2022-03-03T21:23:12Z", GoOs:"linux", GoArch:"amd64"}
Test OLM installation	UNKNOWN STEP	2025-07-21T00:30:12.6654107Z üíæ Saving opm v1.21.0 into the cache
Test OLM installation	UNKNOWN STEP	2025-07-21T00:30:12.6779663Z ##[warning]Failed to cache opm v1.21.0: ReserveCacheError: Unable to reserve cache with key opm_v1.21.0_linux_amd64_github, another job may be creating this cache.
Test OLM installation	UNKNOWN STEP	2025-07-21T00:30:12.6782282Z ‚úÖ Successfully installed opm v1.21.0.
Test OLM installation	UNKNOWN STEP	2025-07-21T00:30:12.6782671Z 
Test OLM installation	UNKNOWN STEP	2025-07-21T00:30:12.6783012Z ‚úÖ Successfully installed 1/1 client:
Test OLM installation	UNKNOWN STEP	2025-07-21T00:30:12.6783468Z   - opm v1.21.0
Test OLM installation	UNKNOWN STEP	2025-07-21T00:30:12.6796576Z Wrote out installed versions to /home/runner/work/_temp/openshift-bin/openshift-clients-installed.json
Test OLM installation	UNKNOWN STEP	2025-07-21T00:30:12.6939231Z ##[group]Run sudo snap install yq
Test OLM installation	UNKNOWN STEP	2025-07-21T00:30:12.6939595Z [36;1msudo snap install yq[0m
Test OLM installation	UNKNOWN STEP	2025-07-21T00:30:12.6971050Z shell: /usr/bin/bash --noprofile --norc -e -o pipefail {0}
Test OLM installation	UNKNOWN STEP	2025-07-21T00:30:12.6971371Z env:
Test OLM installation	UNKNOWN STEP	2025-07-21T00:30:12.6971643Z   MAVEN_ARGS: -B -nsu -Daether.connector.http.connectionMaxTtl=25
Test OLM installation	UNKNOWN STEP	2025-07-21T00:30:12.6971985Z   MINIKUBE_VERSION: v1.32.0
Test OLM installation	UNKNOWN STEP	2025-07-21T00:30:12.6972214Z   KUBERNETES_VERSION: v1.27.10
Test OLM installation	UNKNOWN STEP	2025-07-21T00:30:12.6972435Z   MINIKUBE_MEMORY: 4096
Test OLM installation	UNKNOWN STEP	2025-07-21T00:30:12.6972755Z   JAVA_HOME: /opt/hostedtoolcache/Java_Temurin-Hotspot_jdk/21.0.7-6/x64
Test OLM installation	UNKNOWN STEP	2025-07-21T00:30:12.6973212Z   JAVA_HOME_21_X64: /opt/hostedtoolcache/Java_Temurin-Hotspot_jdk/21.0.7-6/x64
Test OLM installation	UNKNOWN STEP	2025-07-21T00:30:12.6973559Z   MINIKUBE_HOME: /home/runner/work/_temp
Test OLM installation	UNKNOWN STEP	2025-07-21T00:30:12.6973798Z ##[endgroup]
Test OLM installation	UNKNOWN STEP	2025-07-21T00:30:19.2452591Z 2025-07-21T00:30:19Z INFO Waiting for automatic snapd restart...
Test OLM installation	UNKNOWN STEP	2025-07-21T00:30:32.2048554Z yq v4.46.1 from Mike Farah (mikefarah) installed
Test OLM installation	UNKNOWN STEP	2025-07-21T00:30:32.2106647Z ##[group]Run ./scripts/install-olm.sh
Test OLM installation	UNKNOWN STEP	2025-07-21T00:30:32.2108127Z [36;1m./scripts/install-olm.sh[0m
Test OLM installation	UNKNOWN STEP	2025-07-21T00:30:32.2136754Z shell: /usr/bin/bash --noprofile --norc -e -o pipefail {0}
Test OLM installation	UNKNOWN STEP	2025-07-21T00:30:32.2137279Z env:
Test OLM installation	UNKNOWN STEP	2025-07-21T00:30:32.2137540Z   MAVEN_ARGS: -B -nsu -Daether.connector.http.connectionMaxTtl=25
Test OLM installation	UNKNOWN STEP	2025-07-21T00:30:32.2137870Z   MINIKUBE_VERSION: v1.32.0
Test OLM installation	UNKNOWN STEP	2025-07-21T00:30:32.2138090Z   KUBERNETES_VERSION: v1.27.10
Test OLM installation	UNKNOWN STEP	2025-07-21T00:30:32.2138314Z   MINIKUBE_MEMORY: 4096
Test OLM installation	UNKNOWN STEP	2025-07-21T00:30:32.2138613Z   JAVA_HOME: /opt/hostedtoolcache/Java_Temurin-Hotspot_jdk/21.0.7-6/x64
Test OLM installation	UNKNOWN STEP	2025-07-21T00:30:32.2139066Z   JAVA_HOME_21_X64: /opt/hostedtoolcache/Java_Temurin-Hotspot_jdk/21.0.7-6/x64
Test OLM installation	UNKNOWN STEP	2025-07-21T00:30:32.2139428Z   MINIKUBE_HOME: /home/runner/work/_temp
Test OLM installation	UNKNOWN STEP	2025-07-21T00:30:32.2139662Z ##[endgroup]
Test OLM installation	UNKNOWN STEP	2025-07-21T00:30:32.2200493Z + mkdir -p /tmp/olm/
Test OLM installation	UNKNOWN STEP	2025-07-21T00:30:32.2215235Z + curl -f -L https://github.com/operator-framework/operator-lifecycle-manager/releases/download/v0.26.0/install.sh -o /tmp/olm/install.sh
Test OLM installation	UNKNOWN STEP	2025-07-21T00:30:32.2265511Z   % Total    % Received % Xferd  Average Speed   Time    Time     Time  Current
Test OLM installation	UNKNOWN STEP	2025-07-21T00:30:32.2266427Z                                  Dload  Upload   Total   Spent    Left  Speed
Test OLM installation	UNKNOWN STEP	2025-07-21T00:30:32.2266779Z 
Test OLM installation	UNKNOWN STEP	2025-07-21T00:30:32.4844053Z   0     0    0     0    0     0      0      0 --:--:-- --:--:-- --:--:--     0
Test OLM installation	UNKNOWN STEP	2025-07-21T00:30:32.4844628Z   0     0    0     0    0     0      0      0 --:--:-- --:--:-- --:--:--     0
Test OLM installation	UNKNOWN STEP	2025-07-21T00:30:32.8992651Z 
Test OLM installation	UNKNOWN STEP	2025-07-21T00:30:32.8993642Z 100  1886  100  1886    0     0   2802      0 --:--:-- --:--:-- --:--:--  2802
Test OLM installation	UNKNOWN STEP	2025-07-21T00:30:32.8994273Z 100  1886  100  1886    0     0   2802      0 --:--:-- --:--:-- --:--:--     0
Test OLM installation	UNKNOWN STEP	2025-07-21T00:30:32.9026356Z + chmod +x /tmp/olm/install.sh
Test OLM installation	UNKNOWN STEP	2025-07-21T00:30:32.9039278Z + /tmp/olm/install.sh v0.26.0
Test OLM installation	UNKNOWN STEP	2025-07-21T00:30:33.5237345Z customresourcedefinition.apiextensions.k8s.io/catalogsources.operators.coreos.com created
Test OLM installation	UNKNOWN STEP	2025-07-21T00:30:33.6515826Z customresourcedefinition.apiextensions.k8s.io/clusterserviceversions.operators.coreos.com created
Test OLM installation	UNKNOWN STEP	2025-07-21T00:30:33.6726681Z customresourcedefinition.apiextensions.k8s.io/installplans.operators.coreos.com created
Test OLM installation	UNKNOWN STEP	2025-07-21T00:30:33.6821331Z customresourcedefinition.apiextensions.k8s.io/olmconfigs.operators.coreos.com created
Test OLM installation	UNKNOWN STEP	2025-07-21T00:30:33.6970637Z customresourcedefinition.apiextensions.k8s.io/operatorconditions.operators.coreos.com created
Test OLM installation	UNKNOWN STEP	2025-07-21T00:30:33.7096630Z customresourcedefinition.apiextensions.k8s.io/operatorgroups.operators.coreos.com created
Test OLM installation	UNKNOWN STEP	2025-07-21T00:30:33.7197334Z customresourcedefinition.apiextensions.k8s.io/operators.operators.coreos.com created
Test OLM installation	UNKNOWN STEP	2025-07-21T00:30:33.7807085Z customresourcedefinition.apiextensions.k8s.io/subscriptions.operators.coreos.com created
Test OLM installation	UNKNOWN STEP	2025-07-21T00:30:34.2341073Z customresourcedefinition.apiextensions.k8s.io/catalogsources.operators.coreos.com condition met
Test OLM installation	UNKNOWN STEP	2025-07-21T00:30:34.3970569Z customresourcedefinition.apiextensions.k8s.io/clusterserviceversions.operators.coreos.com condition met
Test OLM installation	UNKNOWN STEP	2025-07-21T00:30:34.5029858Z customresourcedefinition.apiextensions.k8s.io/installplans.operators.coreos.com condition met
Test OLM installation	UNKNOWN STEP	2025-07-21T00:30:34.6081110Z customresourcedefinition.apiextensions.k8s.io/olmconfigs.operators.coreos.com condition met
Test OLM installation	UNKNOWN STEP	2025-07-21T00:30:34.7139377Z customresourcedefinition.apiextensions.k8s.io/operatorconditions.operators.coreos.com condition met
Test OLM installation	UNKNOWN STEP	2025-07-21T00:30:34.8192619Z customresourcedefinition.apiextensions.k8s.io/operatorgroups.operators.coreos.com condition met
Test OLM installation	UNKNOWN STEP	2025-07-21T00:30:34.9242888Z customresourcedefinition.apiextensions.k8s.io/operators.operators.coreos.com condition met
Test OLM installation	UNKNOWN STEP	2025-07-21T00:30:35.0458796Z customresourcedefinition.apiextensions.k8s.io/subscriptions.operators.coreos.com condition met
Test OLM installation	UNKNOWN STEP	2025-07-21T00:30:35.4469856Z namespace/olm created
Test OLM installation	UNKNOWN STEP	2025-07-21T00:30:35.4871965Z namespace/operators created
Test OLM installation	UNKNOWN STEP	2025-07-21T00:30:35.5218247Z serviceaccount/olm-operator-serviceaccount created
Test OLM installation	UNKNOWN STEP	2025-07-21T00:30:35.5353559Z clusterrole.rbac.authorization.k8s.io/system:controller:operator-lifecycle-manager created
Test OLM installation	UNKNOWN STEP	2025-07-21T00:30:35.5428187Z clusterrolebinding.rbac.authorization.k8s.io/olm-operator-binding-olm created
Test OLM installation	UNKNOWN STEP	2025-07-21T00:30:35.5710040Z olmconfig.operators.coreos.com/cluster created
Test OLM installation	UNKNOWN STEP	2025-07-21T00:30:35.5969597Z deployment.apps/olm-operator created
Test OLM installation	UNKNOWN STEP	2025-07-21T00:30:35.6293429Z deployment.apps/catalog-operator created
Test OLM installation	UNKNOWN STEP	2025-07-21T00:30:35.6437946Z clusterrole.rbac.authorization.k8s.io/aggregate-olm-edit created
Test OLM installation	UNKNOWN STEP	2025-07-21T00:30:35.6618335Z clusterrole.rbac.authorization.k8s.io/aggregate-olm-view created
Test OLM installation	UNKNOWN STEP	2025-07-21T00:30:35.6977282Z operatorgroup.operators.coreos.com/global-operators created
Test OLM installation	UNKNOWN STEP	2025-07-21T00:30:35.7049540Z operatorgroup.operators.coreos.com/olm-operators created
Test OLM installation	UNKNOWN STEP	2025-07-21T00:30:35.7530230Z clusterserviceversion.operators.coreos.com/packageserver created
Test OLM installation	UNKNOWN STEP	2025-07-21T00:30:35.7824755Z catalogsource.operators.coreos.com/operatorhubio-catalog created
Test OLM installation	UNKNOWN STEP	2025-07-21T00:30:35.8367802Z Waiting for deployment "olm-operator" rollout to finish: 0 of 1 updated replicas are available...
Test OLM installation	UNKNOWN STEP	2025-07-21T00:30:41.6298516Z deployment "olm-operator" successfully rolled out
Test OLM installation	UNKNOWN STEP	2025-07-21T00:30:41.7261871Z Waiting for deployment "catalog-operator" rollout to finish: 0 of 1 updated replicas are available...
Test OLM installation	UNKNOWN STEP	2025-07-21T00:30:42.6627643Z deployment "catalog-operator" successfully rolled out
Test OLM installation	UNKNOWN STEP	2025-07-21T00:30:42.7437256Z Package server phase: Installing
Test OLM installation	UNKNOWN STEP	2025-07-21T00:30:52.8001761Z Package server phase: Succeeded
Test OLM installation	UNKNOWN STEP	2025-07-21T00:30:52.8595078Z deployment "packageserver" successfully rolled out
Test OLM installation	UNKNOWN STEP	2025-07-21T00:30:52.8667326Z ##[group]Run actions/download-artifact@d3f86a106a0bac45b974a628896c90dbdf5c8093
Test OLM installation	UNKNOWN STEP	2025-07-21T00:30:52.8667868Z with:
Test OLM installation	UNKNOWN STEP	2025-07-21T00:30:52.8668045Z   name: keycloak-dist
Test OLM installation	UNKNOWN STEP	2025-07-21T00:30:52.8668243Z   path: quarkus/container
Test OLM installation	UNKNOWN STEP	2025-07-21T00:30:52.8668457Z   merge-multiple: false
Test OLM installation	UNKNOWN STEP	2025-07-21T00:30:52.8668669Z   repository: keycloak/keycloak
Test OLM installation	UNKNOWN STEP	2025-07-21T00:30:52.8668884Z   run-id: 16405855756
Test OLM installation	UNKNOWN STEP	2025-07-21T00:30:52.8669053Z env:
Test OLM installation	UNKNOWN STEP	2025-07-21T00:30:52.8669304Z   MAVEN_ARGS: -B -nsu -Daether.connector.http.connectionMaxTtl=25
Test OLM installation	UNKNOWN STEP	2025-07-21T00:30:52.8669655Z   MINIKUBE_VERSION: v1.32.0
Test OLM installation	UNKNOWN STEP	2025-07-21T00:30:52.8669874Z   KUBERNETES_VERSION: v1.27.10
Test OLM installation	UNKNOWN STEP	2025-07-21T00:30:52.8670091Z   MINIKUBE_MEMORY: 4096
Test OLM installation	UNKNOWN STEP	2025-07-21T00:30:52.8670382Z   JAVA_HOME: /opt/hostedtoolcache/Java_Temurin-Hotspot_jdk/21.0.7-6/x64
Test OLM installation	UNKNOWN STEP	2025-07-21T00:30:52.8670845Z   JAVA_HOME_21_X64: /opt/hostedtoolcache/Java_Temurin-Hotspot_jdk/21.0.7-6/x64
Test OLM installation	UNKNOWN STEP	2025-07-21T00:30:52.8671191Z   MINIKUBE_HOME: /home/runner/work/_temp
Test OLM installation	UNKNOWN STEP	2025-07-21T00:30:52.8671461Z ##[endgroup]
Test OLM installation	UNKNOWN STEP	2025-07-21T00:30:53.0723546Z Downloading single artifact
Test OLM installation	UNKNOWN STEP	2025-07-21T00:30:53.3322028Z Preparing to download the following artifacts:
Test OLM installation	UNKNOWN STEP	2025-07-21T00:30:53.3323036Z - keycloak-dist (ID: 3573778913, Size: 157005283, Expected Digest: sha256:765691b9e72aefcc0be3bb7c1a1f8aad388ee5adf17415fb07c2436b9fc68272)
Test OLM installation	UNKNOWN STEP	2025-07-21T00:30:53.4976698Z Redirecting to blob download url: https://productionresultssa9.blob.core.windows.net/actions-results/168d4306-6f42-4046-b065-2b8e3a4d336f/workflow-job-run-53ac82a6-1122-5327-be1f-b3f863f8bbb7/artifacts/8ec452859fe416bcecd39b267c69bfe76c7634fb13c33b71d912d2a8c0986080.zip
Test OLM installation	UNKNOWN STEP	2025-07-21T00:30:53.4978563Z Starting download of artifact to: /home/runner/work/keycloak/keycloak/quarkus/container
Test OLM installation	UNKNOWN STEP	2025-07-21T00:30:53.8051624Z (node:9139) [DEP0005] DeprecationWarning: Buffer() is deprecated due to security and usability issues. Please use the Buffer.alloc(), Buffer.allocUnsafe(), or Buffer.from() methods instead.
Test OLM installation	UNKNOWN STEP	2025-07-21T00:30:53.8053017Z (Use `node --trace-deprecation ...` to show where the warning was created)
Test OLM installation	UNKNOWN STEP	2025-07-21T00:30:59.1224547Z SHA256 digest of downloaded artifact is 765691b9e72aefcc0be3bb7c1a1f8aad388ee5adf17415fb07c2436b9fc68272
Test OLM installation	UNKNOWN STEP	2025-07-21T00:30:59.1225424Z Artifact download completed successfully.
Test OLM installation	UNKNOWN STEP	2025-07-21T00:30:59.1225873Z Total of 1 artifact(s) downloaded
Test OLM installation	UNKNOWN STEP	2025-07-21T00:30:59.1233987Z Download artifact has finished successfully
Test OLM installation	UNKNOWN STEP	2025-07-21T00:30:59.1353383Z ##[group]Run echo "Minikube IP $(minikube ip)"
Test OLM installation	UNKNOWN STEP	2025-07-21T00:30:59.1353741Z [36;1mecho "Minikube IP $(minikube ip)"[0m
Test OLM installation	UNKNOWN STEP	2025-07-21T00:30:59.1354045Z [36;1meval $(minikube -p minikube docker-env)[0m
Test OLM installation	UNKNOWN STEP	2025-07-21T00:30:59.1354625Z [36;1mREGISTRY=$(minikube ip):5000 ./scripts/olm-testing.sh ${GITHUB_SHA::6}[0m
Test OLM installation	UNKNOWN STEP	2025-07-21T00:30:59.1383309Z shell: /usr/bin/bash --noprofile --norc -e -o pipefail {0}
Test OLM installation	UNKNOWN STEP	2025-07-21T00:30:59.1383626Z env:
Test OLM installation	UNKNOWN STEP	2025-07-21T00:30:59.1383896Z   MAVEN_ARGS: -B -nsu -Daether.connector.http.connectionMaxTtl=25
Test OLM installation	UNKNOWN STEP	2025-07-21T00:30:59.1384234Z   MINIKUBE_VERSION: v1.32.0
Test OLM installation	UNKNOWN STEP	2025-07-21T00:30:59.1384466Z   KUBERNETES_VERSION: v1.27.10
Test OLM installation	UNKNOWN STEP	2025-07-21T00:30:59.1384688Z   MINIKUBE_MEMORY: 4096
Test OLM installation	UNKNOWN STEP	2025-07-21T00:30:59.1384990Z   JAVA_HOME: /opt/hostedtoolcache/Java_Temurin-Hotspot_jdk/21.0.7-6/x64
Test OLM installation	UNKNOWN STEP	2025-07-21T00:30:59.1385426Z   JAVA_HOME_21_X64: /opt/hostedtoolcache/Java_Temurin-Hotspot_jdk/21.0.7-6/x64
Test OLM installation	UNKNOWN STEP	2025-07-21T00:30:59.1385788Z   MINIKUBE_HOME: /home/runner/work/_temp
Test OLM installation	UNKNOWN STEP	2025-07-21T00:30:59.1386079Z ##[endgroup]
Test OLM installation	UNKNOWN STEP	2025-07-21T00:30:59.2458493Z Minikube IP 192.168.49.2
Test OLM installation	UNKNOWN STEP	2025-07-21T00:30:59.6079515Z + UUID=453f97
Test OLM installation	UNKNOWN STEP	2025-07-21T00:30:59.6079799Z + INSTALL_NAMESPACE=default
Test OLM installation	UNKNOWN STEP	2025-07-21T00:30:59.6080088Z + TARGET_NAMESPACES=default
Test OLM installation	UNKNOWN STEP	2025-07-21T00:30:59.6084671Z +++ dirname -- ./scripts/olm-testing.sh
Test OLM installation	UNKNOWN STEP	2025-07-21T00:30:59.6095429Z ++ cd -- ./scripts
Test OLM installation	UNKNOWN STEP	2025-07-21T00:30:59.6095771Z ++ pwd
Test OLM installation	UNKNOWN STEP	2025-07-21T00:30:59.6098744Z + SCRIPT_DIR=/home/runner/work/keycloak/keycloak/operator/scripts
Test OLM installation	UNKNOWN STEP	2025-07-21T00:30:59.6099344Z + REGISTRY=192.168.49.2:5000
Test OLM installation	UNKNOWN STEP	2025-07-21T00:30:59.6099724Z + VERSION=86400000.0.0
Test OLM installation	UNKNOWN STEP	2025-07-21T00:30:59.6101551Z + cd /home/runner/work/keycloak/keycloak/operator/scripts/../../quarkus/container
Test OLM installation	UNKNOWN STEP	2025-07-21T00:30:59.6105213Z ++ ls keycloak-999.0.0-SNAPSHOT.tar.gz
Test OLM installation	UNKNOWN STEP	2025-07-21T00:30:59.6117933Z + docker build --build-arg KEYCLOAK_DIST=keycloak-999.0.0-SNAPSHOT.tar.gz . -t 192.168.49.2:5000/453f97keycloak:86400000.0.0
Test OLM installation	UNKNOWN STEP	2025-07-21T00:31:00.0028996Z #0 building with "default" instance using docker driver
Test OLM installation	UNKNOWN STEP	2025-07-21T00:31:00.0029453Z 
Test OLM installation	UNKNOWN STEP	2025-07-21T00:31:00.0029624Z #1 [internal] load .dockerignore
Test OLM installation	UNKNOWN STEP	2025-07-21T00:31:00.0029948Z #1 transferring context: 2B done
Test OLM installation	UNKNOWN STEP	2025-07-21T00:31:00.0030323Z #1 DONE 0.0s
Test OLM installation	UNKNOWN STEP	2025-07-21T00:31:00.0030455Z 
Test OLM installation	UNKNOWN STEP	2025-07-21T00:31:00.0030590Z #2 [internal] load build definition from Dockerfile
Test OLM installation	UNKNOWN STEP	2025-07-21T00:31:00.0030930Z #2 transferring dockerfile: 2.72kB done
Test OLM installation	UNKNOWN STEP	2025-07-21T00:31:00.0031191Z #2 DONE 0.0s
Test OLM installation	UNKNOWN STEP	2025-07-21T00:31:00.0031304Z 
Test OLM installation	UNKNOWN STEP	2025-07-21T00:31:00.0031495Z #3 [internal] load metadata for registry.access.redhat.com/ubi9:latest
Test OLM installation	UNKNOWN STEP	2025-07-21T00:31:00.5609994Z #3 DONE 0.7s
Test OLM installation	UNKNOWN STEP	2025-07-21T00:31:00.5610237Z 
Test OLM installation	UNKNOWN STEP	2025-07-21T00:31:00.5610546Z #4 [internal] load metadata for registry.access.redhat.com/ubi9-micro:latest
Test OLM installation	UNKNOWN STEP	2025-07-21T00:31:00.7420816Z #4 DONE 0.8s
Test OLM installation	UNKNOWN STEP	2025-07-21T00:31:00.7421084Z 
Test OLM installation	UNKNOWN STEP	2025-07-21T00:31:00.7421641Z #5 [ubi-micro-build 1/8] FROM registry.access.redhat.com/ubi9@sha256:61bf5be4fcf7fa4d1ce6c8c0376dcb8b06e68aae6a0a54c4cf39c06116684962
Test OLM installation	UNKNOWN STEP	2025-07-21T00:31:00.7422528Z #5 resolve registry.access.redhat.com/ubi9@sha256:61bf5be4fcf7fa4d1ce6c8c0376dcb8b06e68aae6a0a54c4cf39c06116684962 done
Test OLM installation	UNKNOWN STEP	2025-07-21T00:31:00.7423233Z #5 sha256:d5b051408ebc769f9c0dfd5aaf60abf5b1c501edd42272a549515687b2a0f8de 5.07kB / 5.07kB done
Test OLM installation	UNKNOWN STEP	2025-07-21T00:31:00.7423832Z #5 sha256:a31fe918a8059b7f21970fe891a8a535b72ae6b75cdf2d202386dfbdd2c84038 0B / 79.61MB 0.1s
Test OLM installation	UNKNOWN STEP	2025-07-21T00:31:00.7424409Z #5 sha256:61bf5be4fcf7fa4d1ce6c8c0376dcb8b06e68aae6a0a54c4cf39c06116684962 912B / 912B done
Test OLM installation	UNKNOWN STEP	2025-07-21T00:31:00.7424979Z #5 sha256:d1c3554e5bdd9f9295b793fc31fedd97b8b14be2cfab7d84520a828af4dfb60f 505B / 505B done
Test OLM installation	UNKNOWN STEP	2025-07-21T00:31:00.9468624Z #5 sha256:a31fe918a8059b7f21970fe891a8a535b72ae6b75cdf2d202386dfbdd2c84038 7.34MB / 79.61MB 0.3s
Test OLM installation	UNKNOWN STEP	2025-07-21T00:31:01.0924190Z #5 sha256:a31fe918a8059b7f21970fe891a8a535b72ae6b75cdf2d202386dfbdd2c84038 11.53MB / 79.61MB 0.4s
Test OLM installation	UNKNOWN STEP	2025-07-21T00:31:01.1963615Z #5 sha256:a31fe918a8059b7f21970fe891a8a535b72ae6b75cdf2d202386dfbdd2c84038 16.78MB / 79.61MB 0.5s
Test OLM installation	UNKNOWN STEP	2025-07-21T00:31:01.2977789Z #5 sha256:a31fe918a8059b7f21970fe891a8a535b72ae6b75cdf2d202386dfbdd2c84038 22.93MB / 79.61MB 0.6s
Test OLM installation	UNKNOWN STEP	2025-07-21T00:31:01.4419856Z #5 sha256:a31fe918a8059b7f21970fe891a8a535b72ae6b75cdf2d202386dfbdd2c84038 35.65MB / 79.61MB 0.8s
Test OLM installation	UNKNOWN STEP	2025-07-21T00:31:01.5430735Z #5 sha256:a31fe918a8059b7f21970fe891a8a535b72ae6b75cdf2d202386dfbdd2c84038 40.89MB / 79.61MB 0.9s
Test OLM installation	UNKNOWN STEP	2025-07-21T00:31:01.6474375Z #5 ...
Test OLM installation	UNKNOWN STEP	2025-07-21T00:31:01.6474818Z 
Test OLM installation	UNKNOWN STEP	2025-07-21T00:31:01.6476042Z #6 [stage-1 1/4] FROM registry.access.redhat.com/ubi9-micro@sha256:233cce2df15dc7cd790f7f1ddbba5d4f59f31677c13a47703db3c2ca2fea67b6
Test OLM installation	UNKNOWN STEP	2025-07-21T00:31:01.6483004Z #6 resolve registry.access.redhat.com/ubi9-micro@sha256:233cce2df15dc7cd790f7f1ddbba5d4f59f31677c13a47703db3c2ca2fea67b6 0.0s done
Test OLM installation	UNKNOWN STEP	2025-07-21T00:31:01.6484407Z #6 sha256:07454593566476f2b18f62b2fe2897e55235ed6d9ccd4b51b624efab72abe254 7.24MB / 7.24MB 0.3s done
Test OLM installation	UNKNOWN STEP	2025-07-21T00:31:01.6485477Z #6 sha256:233cce2df15dc7cd790f7f1ddbba5d4f59f31677c13a47703db3c2ca2fea67b6 912B / 912B done
Test OLM installation	UNKNOWN STEP	2025-07-21T00:31:01.6486527Z #6 sha256:c5741c055fca151b3877ff5ed3b5000c0d3070e06dd94bdefc6b77d12c562840 504B / 504B done
Test OLM installation	UNKNOWN STEP	2025-07-21T00:31:01.6487829Z #6 sha256:28487a9449f4028adea31f66d44f9b71a7c05cf4bdbee8ef49a5ef1653b77bcd 4.01kB / 4.01kB done
Test OLM installation	UNKNOWN STEP	2025-07-21T00:31:01.6488998Z #6 extracting sha256:07454593566476f2b18f62b2fe2897e55235ed6d9ccd4b51b624efab72abe254 0.6s done
Test OLM installation	UNKNOWN STEP	2025-07-21T00:31:01.6491319Z #6 DONE 0.9s
Test OLM installation	UNKNOWN STEP	2025-07-21T00:31:01.6493156Z 
Test OLM installation	UNKNOWN STEP	2025-07-21T00:31:01.6494081Z #5 [ubi-micro-build 1/8] FROM registry.access.redhat.com/ubi9@sha256:61bf5be4fcf7fa4d1ce6c8c0376dcb8b06e68aae6a0a54c4cf39c06116684962
Test OLM installation	UNKNOWN STEP	2025-07-21T00:31:01.6496815Z #5 sha256:a31fe918a8059b7f21970fe891a8a535b72ae6b75cdf2d202386dfbdd2c84038 45.09MB / 79.61MB 1.0s
Test OLM installation	UNKNOWN STEP	2025-07-21T00:31:01.8426145Z #5 ...
Test OLM installation	UNKNOWN STEP	2025-07-21T00:31:01.8426453Z 
Test OLM installation	UNKNOWN STEP	2025-07-21T00:31:01.8428000Z #7 [internal] load build context
Test OLM installation	UNKNOWN STEP	2025-07-21T00:31:01.8428638Z #7 transferring context: 156.99MB 1.0s done
Test OLM installation	UNKNOWN STEP	2025-07-21T00:31:01.8429763Z #7 DONE 1.1s
Test OLM installation	UNKNOWN STEP	2025-07-21T00:31:01.8429959Z 
Test OLM installation	UNKNOWN STEP	2025-07-21T00:31:01.8430762Z #5 [ubi-micro-build 1/8] FROM registry.access.redhat.com/ubi9@sha256:61bf5be4fcf7fa4d1ce6c8c0376dcb8b06e68aae6a0a54c4cf39c06116684962
Test OLM installation	UNKNOWN STEP	2025-07-21T00:31:01.8432198Z #5 sha256:a31fe918a8059b7f21970fe891a8a535b72ae6b75cdf2d202386dfbdd2c84038 60.82MB / 79.61MB 1.2s
Test OLM installation	UNKNOWN STEP	2025-07-21T00:31:02.0441834Z #5 sha256:a31fe918a8059b7f21970fe891a8a535b72ae6b75cdf2d202386dfbdd2c84038 76.55MB / 79.61MB 1.4s
Test OLM installation	UNKNOWN STEP	2025-07-21T00:31:02.1679208Z #5 sha256:a31fe918a8059b7f21970fe891a8a535b72ae6b75cdf2d202386dfbdd2c84038 79.61MB / 79.61MB 1.5s done
Test OLM installation	UNKNOWN STEP	2025-07-21T00:31:02.1680552Z #5 extracting sha256:a31fe918a8059b7f21970fe891a8a535b72ae6b75cdf2d202386dfbdd2c84038
Test OLM installation	UNKNOWN STEP	2025-07-21T00:31:05.2630371Z #5 extracting sha256:a31fe918a8059b7f21970fe891a8a535b72ae6b75cdf2d202386dfbdd2c84038 3.1s done
Test OLM installation	UNKNOWN STEP	2025-07-21T00:31:05.4361830Z #5 DONE 4.7s
Test OLM installation	UNKNOWN STEP	2025-07-21T00:31:05.4362006Z 
Test OLM installation	UNKNOWN STEP	2025-07-21T00:31:05.4362187Z #8 [ubi-micro-build 2/8] RUN dnf install -y tar gzip
Test OLM installation	UNKNOWN STEP	2025-07-21T00:31:05.6847396Z #8 0.398 Updating Subscription Management repositories.
Test OLM installation	UNKNOWN STEP	2025-07-21T00:31:05.8400100Z #8 0.399 Unable to read consumer identity
Test OLM installation	UNKNOWN STEP	2025-07-21T00:31:05.8400559Z #8 0.404 
Test OLM installation	UNKNOWN STEP	2025-07-21T00:31:05.8401070Z #8 0.404 This system is not registered with an entitlement server. You can use subscription-manager to register.
Test OLM installation	UNKNOWN STEP	2025-07-21T00:31:05.8401629Z #8 0.404 
Test OLM installation	UNKNOWN STEP	2025-07-21T00:31:06.2365044Z #8 0.951 Red Hat Universal Base Image 9 (RPMs) - BaseOS  1.4 MB/s | 588 kB     00:00    
Test OLM installation	UNKNOWN STEP	2025-07-21T00:31:06.4692969Z #8 1.183 Red Hat Universal Base Image 9 (RPMs) - AppStre  16 MB/s | 2.4 MB     00:00    
Test OLM installation	UNKNOWN STEP	2025-07-21T00:31:06.9691929Z #8 1.683 Red Hat Universal Base Image 9 (RPMs) - CodeRea 2.4 MB/s | 285 kB     00:00    
Test OLM installation	UNKNOWN STEP	2025-07-21T00:31:07.1071184Z #8 1.821 Package tar-2:1.34-7.el9.x86_64 is already installed.
Test OLM installation	UNKNOWN STEP	2025-07-21T00:31:07.2075174Z #8 1.822 Package gzip-1.12-1.el9.x86_64 is already installed.
Test OLM installation	UNKNOWN STEP	2025-07-21T00:31:07.2080767Z #8 1.837 Dependencies resolved.
Test OLM installation	UNKNOWN STEP	2025-07-21T00:31:07.2081361Z #8 1.838 Nothing to do.
Test OLM installation	UNKNOWN STEP	2025-07-21T00:31:07.2081687Z #8 1.838 Complete!
Test OLM installation	UNKNOWN STEP	2025-07-21T00:31:07.2082299Z #8 DONE 1.9s
Test OLM installation	UNKNOWN STEP	2025-07-21T00:31:07.3607721Z 
Test OLM installation	UNKNOWN STEP	2025-07-21T00:31:07.3608875Z #9 [ubi-micro-build 3/8] ADD keycloak-999.0.0-SNAPSHOT.tar.gz /tmp/keycloak/
Test OLM installation	UNKNOWN STEP	2025-07-21T00:31:08.1137572Z #9 DONE 0.9s
Test OLM installation	UNKNOWN STEP	2025-07-21T00:31:08.2173222Z 
Test OLM installation	UNKNOWN STEP	2025-07-21T00:31:08.2174904Z #10 [ubi-micro-build 4/8] RUN (cd /tmp/keycloak &&     tar -xvf /tmp/keycloak/keycloak-*.tar.gz &&     rm /tmp/keycloak/keycloak-*.tar.gz) || true
Test OLM installation	UNKNOWN STEP	2025-07-21T00:31:08.2176108Z #10 0.103 tar: /tmp/keycloak/keycloak-*.tar.gz: Cannot open: No such file or directory
Test OLM installation	UNKNOWN STEP	2025-07-21T00:31:08.2176596Z #10 0.103 tar: Error is not recoverable: exiting now
Test OLM installation	UNKNOWN STEP	2025-07-21T00:31:08.3753294Z #10 DONE 0.1s
Test OLM installation	UNKNOWN STEP	2025-07-21T00:31:08.3753593Z 
Test OLM installation	UNKNOWN STEP	2025-07-21T00:31:08.3754339Z #11 [ubi-micro-build 5/8] RUN mv /tmp/keycloak/keycloak-* /opt/keycloak && mkdir -p /opt/keycloak/data
Test OLM installation	UNKNOWN STEP	2025-07-21T00:31:08.3855903Z #11 DONE 0.2s
Test OLM installation	UNKNOWN STEP	2025-07-21T00:31:08.5388986Z 
Test OLM installation	UNKNOWN STEP	2025-07-21T00:31:08.5390731Z #12 [ubi-micro-build 6/8] RUN chmod -R g+rwX /opt/keycloak
Test OLM installation	UNKNOWN STEP	2025-07-21T00:31:09.3645680Z #12 DONE 1.0s
Test OLM installation	UNKNOWN STEP	2025-07-21T00:31:09.5287600Z 
Test OLM installation	UNKNOWN STEP	2025-07-21T00:31:09.5288212Z #13 [ubi-micro-build 7/8] ADD ubi-null.sh /tmp/
Test OLM installation	UNKNOWN STEP	2025-07-21T00:31:09.5288783Z #13 DONE 0.0s
Test OLM installation	UNKNOWN STEP	2025-07-21T00:31:09.5288953Z 
Test OLM installation	UNKNOWN STEP	2025-07-21T00:31:09.5289424Z #14 [ubi-micro-build 8/8] RUN bash /tmp/ubi-null.sh java-21-openjdk-headless glibc-langpack-en findutils
Test OLM installation	UNKNOWN STEP	2025-07-21T00:31:09.5540692Z #14 0.176 ==> Installing packages into chroot
Test OLM installation	UNKNOWN STEP	2025-07-21T00:31:09.5541346Z #14 0.176 + dnf install -y findutils diffutils
Test OLM installation	UNKNOWN STEP	2025-07-21T00:31:09.8064671Z #14 0.428 Updating Subscription Management repositories.
Test OLM installation	UNKNOWN STEP	2025-07-21T00:31:09.9105779Z #14 0.429 Unable to read consumer identity
Test OLM installation	UNKNOWN STEP	2025-07-21T00:31:09.9106669Z #14 0.433 
Test OLM installation	UNKNOWN STEP	2025-07-21T00:31:09.9107560Z #14 0.433 This system is not registered with an entitlement server. You can use subscription-manager to register.
Test OLM installation	UNKNOWN STEP	2025-07-21T00:31:09.9108668Z #14 0.433 
Test OLM installation	UNKNOWN STEP	2025-07-21T00:31:09.9109172Z #14 0.494 Last metadata expiration check: 0:00:03 ago on Mon Jul 21 00:31:06 2025.
Test OLM installation	UNKNOWN STEP	2025-07-21T00:31:09.9112895Z #14 0.532 Package findutils-1:4.8.0-7.el9.x86_64 is already installed.
Test OLM installation	UNKNOWN STEP	2025-07-21T00:31:10.0251475Z #14 0.552 Dependencies resolved.
Test OLM installation	UNKNOWN STEP	2025-07-21T00:31:10.0252171Z #14 0.553 ================================================================================
Test OLM installation	UNKNOWN STEP	2025-07-21T00:31:10.0253539Z #14 0.553  Package         Architecture Version             Repository               Size
Test OLM installation	UNKNOWN STEP	2025-07-21T00:31:10.0255114Z #14 0.553 ================================================================================
Test OLM installation	UNKNOWN STEP	2025-07-21T00:31:10.0257574Z #14 0.553 Installing:
Test OLM installation	UNKNOWN STEP	2025-07-21T00:31:10.0258206Z #14 0.553  diffutils       x86_64       3.7-12.el9          ubi-9-baseos-rpms       402 k
Test OLM installation	UNKNOWN STEP	2025-07-21T00:31:10.0258717Z #14 0.553 
Test OLM installation	UNKNOWN STEP	2025-07-21T00:31:10.0258994Z #14 0.553 Transaction Summary
Test OLM installation	UNKNOWN STEP	2025-07-21T00:31:10.0259373Z #14 0.553 ================================================================================
Test OLM installation	UNKNOWN STEP	2025-07-21T00:31:10.0259805Z #14 0.553 Install  1 Package
Test OLM installation	UNKNOWN STEP	2025-07-21T00:31:10.0260124Z #14 0.553 
Test OLM installation	UNKNOWN STEP	2025-07-21T00:31:10.0260398Z #14 0.554 Total download size: 402 k
Test OLM installation	UNKNOWN STEP	2025-07-21T00:31:10.0260764Z #14 0.554 Installed size: 1.4 M
Test OLM installation	UNKNOWN STEP	2025-07-21T00:31:10.0261148Z #14 0.554 Downloading Packages:
Test OLM installation	UNKNOWN STEP	2025-07-21T00:31:10.0261665Z #14 0.647 diffutils-3.7-12.el9.x86_64.rpm                 4.4 MB/s | 402 kB     00:00    
Test OLM installation	UNKNOWN STEP	2025-07-21T00:31:10.1768070Z #14 0.649 --------------------------------------------------------------------------------
Test OLM installation	UNKNOWN STEP	2025-07-21T00:31:10.1771059Z #14 0.650 Total                                           4.1 MB/s | 402 kB     00:00     
Test OLM installation	UNKNOWN STEP	2025-07-21T00:31:10.1771601Z #14 0.669 Running transaction check
Test OLM installation	UNKNOWN STEP	2025-07-21T00:31:10.1772020Z #14 0.674 Transaction check succeeded.
Test OLM installation	UNKNOWN STEP	2025-07-21T00:31:10.1773387Z #14 0.674 Running transaction test
Test OLM installation	UNKNOWN STEP	2025-07-21T00:31:10.1774478Z #14 0.709 Transaction test succeeded.
Test OLM installation	UNKNOWN STEP	2025-07-21T00:31:10.1774904Z #14 0.710 Running transaction
Test OLM installation	UNKNOWN STEP	2025-07-21T00:31:10.1775381Z #14 0.737   Preparing        :                                                        1/1 
Test OLM installation	UNKNOWN STEP	2025-07-21T00:31:10.3214232Z #14 0.798   Installing       : diffutils-3.7-12.el9.x86_64                            1/1 
Test OLM installation	UNKNOWN STEP	2025-07-21T00:31:10.3215485Z #14 0.819   Running scriptlet: diffutils-3.7-12.el9.x86_64                            1/1 
Test OLM installation	UNKNOWN STEP	2025-07-21T00:31:10.3218271Z #14 0.898   Verifying        : diffutils-3.7-12.el9.x86_64                            1/1 
Test OLM installation	UNKNOWN STEP	2025-07-21T00:31:10.3218945Z #14 0.943 Installed products updated.
Test OLM installation	UNKNOWN STEP	2025-07-21T00:31:10.4800013Z #14 1.006 
Test OLM installation	UNKNOWN STEP	2025-07-21T00:31:10.4804756Z #14 1.006 Installed:
Test OLM installation	UNKNOWN STEP	2025-07-21T00:31:10.4805310Z #14 1.006   diffutils-3.7-12.el9.x86_64                                                   
Test OLM installation	UNKNOWN STEP	2025-07-21T00:31:10.4805900Z #14 1.006 
Test OLM installation	UNKNOWN STEP	2025-07-21T00:31:10.4806176Z #14 1.006 Complete!
Test OLM installation	UNKNOWN STEP	2025-07-21T00:31:10.4806507Z #14 1.101 ++ realpath rootfs
Test OLM installation	UNKNOWN STEP	2025-07-21T00:31:10.6383131Z #14 1.106 + rootfs=/tmp/null/rootfs
Test OLM installation	UNKNOWN STEP	2025-07-21T00:31:10.6384160Z #14 1.106 + mkdir -p /tmp/null/rootfs
Test OLM installation	UNKNOWN STEP	2025-07-21T00:31:10.6385107Z #14 1.109 + xargs dnf install -y --installroot /tmp/null/rootfs --releasever 9 --setopt install_weak_deps=false --nodocs
Test OLM installation	UNKNOWN STEP	2025-07-21T00:31:10.8773026Z #14 1.498 Updating Subscription Management repositories.
Test OLM installation	UNKNOWN STEP	2025-07-21T00:31:11.0302706Z #14 1.499 Unable to read consumer identity
Test OLM installation	UNKNOWN STEP	2025-07-21T00:31:11.0303426Z #14 1.501 
Test OLM installation	UNKNOWN STEP	2025-07-21T00:31:11.0304270Z #14 1.501 This system is not registered with an entitlement server. You can use subscription-manager to register.
Test OLM installation	UNKNOWN STEP	2025-07-21T00:31:11.0306078Z #14 1.501 
Test OLM installation	UNKNOWN STEP	2025-07-21T00:31:11.0798324Z #14 1.701 Red Hat Universal Base Image 9 (RPMs) - BaseOS  3.5 MB/s | 588 kB     00:00    
Test OLM installation	UNKNOWN STEP	2025-07-21T00:31:11.4754742Z #14 2.097 Red Hat Universal Base Image 9 (RPMs) - AppStre  12 MB/s | 2.4 MB     00:00    
Test OLM installation	UNKNOWN STEP	2025-07-21T00:31:12.2176250Z #14 2.839 Red Hat Universal Base Image 9 (RPMs) - CodeRea 2.3 MB/s | 285 kB     00:00    
Test OLM installation	UNKNOWN STEP	2025-07-21T00:31:12.3670327Z #14 2.989 Dependencies resolved.
Test OLM installation	UNKNOWN STEP	2025-07-21T00:31:12.4920539Z #14 2.994 =============================================================================================
Test OLM installation	UNKNOWN STEP	2025-07-21T00:31:12.4921481Z #14 2.994  Package                    Arch    Version                       Repository             Size
Test OLM installation	UNKNOWN STEP	2025-07-21T00:31:12.4922773Z #14 2.994 =============================================================================================
Test OLM installation	UNKNOWN STEP	2025-07-21T00:31:12.4923295Z #14 2.994 Installing:
Test OLM installation	UNKNOWN STEP	2025-07-21T00:31:12.4923785Z #14 2.994  bash                       x86_64  5.1.8-9.el9                   ubi-9-baseos-rpms     1.7 M
Test OLM installation	UNKNOWN STEP	2025-07-21T00:31:12.4924645Z #14 2.994  coreutils-single           x86_64  8.32-39.el9                   ubi-9-baseos-rpms     625 k
Test OLM installation	UNKNOWN STEP	2025-07-21T00:31:12.4925454Z #14 2.994  findutils                  x86_64  1:4.8.0-7.el9                 ubi-9-baseos-rpms     550 k
Test OLM installation	UNKNOWN STEP	2025-07-21T00:31:12.4926130Z #14 2.994  glibc-langpack-en          x86_64  2.34-168.el9_6.20             ubi-9-baseos-rpms     658 k
Test OLM installation	UNKNOWN STEP	2025-07-21T00:31:12.4926773Z #14 2.994  java-21-openjdk-headless   x86_64  1:21.0.8.0.9-1.el9            ubi-9-appstream-rpms   49 M
Test OLM installation	UNKNOWN STEP	2025-07-21T00:31:12.4927515Z #14 2.994 Installing dependencies:
Test OLM installation	UNKNOWN STEP	2025-07-21T00:31:12.4927860Z #14 2.994  alsa-lib                   x86_64  1.2.13-2.el9                  ubi-9-appstream-rpms  530 k
Test OLM installation	UNKNOWN STEP	2025-07-21T00:31:12.4928313Z #14 2.994  alternatives               x86_64  1.24-2.el9                    ubi-9-baseos-rpms      42 k
Test OLM installation	UNKNOWN STEP	2025-07-21T00:31:12.4928760Z #14 2.994  avahi-libs                 x86_64  0.8-22.el9_6                  ubi-9-baseos-rpms      67 k
Test OLM installation	UNKNOWN STEP	2025-07-21T00:31:12.4929211Z #14 2.994  basesystem                 noarch  11-13.el9                     ubi-9-baseos-rpms     8.0 k
Test OLM installation	UNKNOWN STEP	2025-07-21T00:31:12.4929722Z #14 2.994  bzip2-libs                 x86_64  1.0.8-10.el9_5                ubi-9-baseos-rpms      42 k
Test OLM installation	UNKNOWN STEP	2025-07-21T00:31:12.4930204Z #14 2.994  ca-certificates            noarch  2024.2.69_v8.0.303-91.4.el9_4 ubi-9-baseos-rpms     1.0 M
Test OLM installation	UNKNOWN STEP	2025-07-21T00:31:12.4930741Z #14 2.994  copy-jdk-configs           noarch  4.0-3.el9                     ubi-9-appstream-rpms   29 k
Test OLM installation	UNKNOWN STEP	2025-07-21T00:31:12.4931259Z #14 2.994  crypto-policies            noarch  20250128-1.git5269e22.el9     ubi-9-baseos-rpms      90 k
Test OLM installation	UNKNOWN STEP	2025-07-21T00:31:12.4931820Z #14 2.994  crypto-policies-scripts    noarch  20250128-1.git5269e22.el9     ubi-9-baseos-rpms     101 k
Test OLM installation	UNKNOWN STEP	2025-07-21T00:31:12.4932641Z #14 2.994  cups-libs                  x86_64  1:2.3.3op2-33.el9             ubi-9-baseos-rpms     265 k
Test OLM installation	UNKNOWN STEP	2025-07-21T00:31:12.4933091Z #14 2.994  dbus-libs                  x86_64  1:1.12.20-8.el9               ubi-9-baseos-rpms     154 k
Test OLM installation	UNKNOWN STEP	2025-07-21T00:31:12.4933705Z #14 2.994  expat                      x86_64  2.5.0-5.el9_6                 ubi-9-baseos-rpms     119 k
Test OLM installation	UNKNOWN STEP	2025-07-21T00:31:12.4934132Z #14 2.994  filesystem                 x86_64  3.16-5.el9                    ubi-9-baseos-rpms     4.8 M
Test OLM installation	UNKNOWN STEP	2025-07-21T00:31:12.4934541Z #14 2.994  gawk                       x86_64  5.1.0-6.el9                   ubi-9-baseos-rpms     1.0 M
Test OLM installation	UNKNOWN STEP	2025-07-21T00:31:12.4934947Z #14 2.994  gdbm-libs                  x86_64  1:1.23-1.el9                  ubi-9-baseos-rpms      59 k
Test OLM installation	UNKNOWN STEP	2025-07-21T00:31:12.4935365Z #14 2.994  glibc                      x86_64  2.34-168.el9_6.20             ubi-9-baseos-rpms     2.0 M
Test OLM installation	UNKNOWN STEP	2025-07-21T00:31:12.4935793Z #14 2.994  glibc-common               x86_64  2.34-168.el9_6.20             ubi-9-baseos-rpms     304 k
Test OLM installation	UNKNOWN STEP	2025-07-21T00:31:12.4936212Z #14 2.994  gmp                        x86_64  1:6.2.0-13.el9                ubi-9-baseos-rpms     319 k
Test OLM installation	UNKNOWN STEP	2025-07-21T00:31:12.4936601Z #14 2.994  gnutls                     x86_64  3.8.3-6.el9                   ubi-9-baseos-rpms     1.1 M
Test OLM installation	UNKNOWN STEP	2025-07-21T00:31:12.4937120Z #14 2.994  grep                       x86_64  3.6-5.el9                     ubi-9-baseos-rpms     273 k
Test OLM installation	UNKNOWN STEP	2025-07-21T00:31:12.4937579Z #14 2.994  javapackages-filesystem    noarch  6.4.0-1.el9                   ubi-9-appstream-rpms   17 k
Test OLM installation	UNKNOWN STEP	2025-07-21T00:31:12.4938066Z #14 2.994  keyutils-libs              x86_64  1.6.3-1.el9                   ubi-9-baseos-rpms      34 k
Test OLM installation	UNKNOWN STEP	2025-07-21T00:31:12.4938541Z #14 2.994  krb5-libs                  x86_64  1.21.1-8.el9_6                ubi-9-baseos-rpms     766 k
Test OLM installation	UNKNOWN STEP	2025-07-21T00:31:12.4938947Z #14 2.994  libacl                     x86_64  2.3.1-4.el9                   ubi-9-baseos-rpms      24 k
Test OLM installation	UNKNOWN STEP	2025-07-21T00:31:12.4939348Z #14 2.994  libattr                    x86_64  2.5.1-3.el9                   ubi-9-baseos-rpms      20 k
Test OLM installation	UNKNOWN STEP	2025-07-21T00:31:12.4939750Z #14 2.994  libcap                     x86_64  2.48-9.el9_2                  ubi-9-baseos-rpms      74 k
Test OLM installation	UNKNOWN STEP	2025-07-21T00:31:12.4940202Z #14 2.994  libcom_err                 x86_64  1.46.5-7.el9                  ubi-9-baseos-rpms      28 k
Test OLM installation	UNKNOWN STEP	2025-07-21T00:31:12.4940623Z #14 2.994  libevent                   x86_64  2.1.12-8.el9_4                ubi-9-baseos-rpms     266 k
Test OLM installation	UNKNOWN STEP	2025-07-21T00:31:12.4941032Z #14 2.994  libffi                     x86_64  3.4.2-8.el9                   ubi-9-baseos-rpms      40 k
Test OLM installation	UNKNOWN STEP	2025-07-21T00:31:12.4941427Z #14 2.994  libgcc                     x86_64  11.5.0-5.el9_5                ubi-9-baseos-rpms      88 k
Test OLM installation	UNKNOWN STEP	2025-07-21T00:31:12.4941844Z #14 2.994  libgcrypt                  x86_64  1.10.0-11.el9                 ubi-9-baseos-rpms     510 k
Test OLM installation	UNKNOWN STEP	2025-07-21T00:31:12.4942274Z #14 2.994  libgpg-error               x86_64  1.42-5.el9                    ubi-9-baseos-rpms     220 k
Test OLM installation	UNKNOWN STEP	2025-07-21T00:31:12.4942699Z #14 2.994  libidn2                    x86_64  2.3.0-7.el9                   ubi-9-baseos-rpms     105 k
Test OLM installation	UNKNOWN STEP	2025-07-21T00:31:12.4943109Z #14 2.994  libselinux                 x86_64  3.6-3.el9                     ubi-9-baseos-rpms      88 k
Test OLM installation	UNKNOWN STEP	2025-07-21T00:31:12.4943525Z #14 2.994  libsepol                   x86_64  3.6-2.el9                     ubi-9-baseos-rpms     331 k
Test OLM installation	UNKNOWN STEP	2025-07-21T00:31:12.4943950Z #14 2.994  libsigsegv                 x86_64  2.13-4.el9                    ubi-9-baseos-rpms      30 k
Test OLM installation	UNKNOWN STEP	2025-07-21T00:31:12.4944366Z #14 2.994  libtasn1                   x86_64  4.16.0-9.el9                  ubi-9-baseos-rpms      77 k
Test OLM installation	UNKNOWN STEP	2025-07-21T00:31:12.4944809Z #14 2.994  libunistring               x86_64  0.9.10-15.el9                 ubi-9-baseos-rpms     499 k
Test OLM installation	UNKNOWN STEP	2025-07-21T00:31:12.4945489Z #14 2.994  libuuid                    x86_64  2.37.4-21.el9                 ubi-9-baseos-rpms      30 k
Test OLM installation	UNKNOWN STEP	2025-07-21T00:31:12.4946000Z #14 2.994  libverto                   x86_64  0.3.2-3.el9                   ubi-9-baseos-rpms      24 k
Test OLM installation	UNKNOWN STEP	2025-07-21T00:31:12.4946608Z #14 2.994  libxcrypt                  x86_64  4.4.18-3.el9                  ubi-9-baseos-rpms     120 k
Test OLM installation	UNKNOWN STEP	2025-07-21T00:31:12.4947598Z #14 2.994  libzstd                    x86_64  1.5.5-1.el9                   ubi-9-baseos-rpms     297 k
Test OLM installation	UNKNOWN STEP	2025-07-21T00:31:12.4965717Z #14 2.994  lksctp-tools               x86_64  1.0.19-3.el9_4                ubi-9-baseos-rpms     104 k
Test OLM installation	UNKNOWN STEP	2025-07-21T00:31:12.4966448Z #14 2.994  lua                        x86_64  5.4.4-4.el9                   ubi-9-appstream-rpms  192 k
Test OLM installation	UNKNOWN STEP	2025-07-21T00:31:12.4967507Z #14 2.994  lua-libs                   x86_64  5.4.4-4.el9                   ubi-9-baseos-rpms     132 k
Test OLM installation	UNKNOWN STEP	2025-07-21T00:31:12.4968347Z #14 2.994  lua-posix                  x86_64  35.0-8.el9                    ubi-9-appstream-rpms  155 k
Test OLM installation	UNKNOWN STEP	2025-07-21T00:31:12.4969057Z #14 2.994  lz4-libs                   x86_64  1.9.3-5.el9                   ubi-9-baseos-rpms      69 k
Test OLM installation	UNKNOWN STEP	2025-07-21T00:31:12.4969531Z #14 2.994  mpfr                       x86_64  4.1.0-7.el9                   ubi-9-baseos-rpms     329 k
Test OLM installation	UNKNOWN STEP	2025-07-21T00:31:12.4970016Z #14 2.994  ncurses-base               noarch  6.2-10.20210508.el9           ubi-9-baseos-rpms      99 k
Test OLM installation	UNKNOWN STEP	2025-07-21T00:31:12.4970484Z #14 2.994  ncurses-libs               x86_64  6.2-10.20210508.el9           ubi-9-baseos-rpms     332 k
Test OLM installation	UNKNOWN STEP	2025-07-21T00:31:12.4970989Z #14 2.994  nettle                     x86_64  3.10.1-1.el9                  ubi-9-baseos-rpms     568 k
Test OLM installation	UNKNOWN STEP	2025-07-21T00:31:12.4971392Z #14 2.994  nspr                       x86_64  4.35.0-17.el9_2               ubi-9-appstream-rpms  137 k
Test OLM installation	UNKNOWN STEP	2025-07-21T00:31:12.4971792Z #14 2.994  nss                        x86_64  3.101.0-10.el9_2              ubi-9-appstream-rpms  720 k
Test OLM installation	UNKNOWN STEP	2025-07-21T00:31:12.4972280Z #14 2.994  nss-softokn                x86_64  3.101.0-10.el9_2              ubi-9-appstream-rpms  393 k
Test OLM installation	UNKNOWN STEP	2025-07-21T00:31:12.4973067Z #14 2.994  nss-softokn-freebl         x86_64  3.101.0-10.el9_2              ubi-9-appstream-rpms  313 k
Test OLM installation	UNKNOWN STEP	2025-07-21T00:31:12.4973617Z #14 2.994  nss-sysinit                x86_64  3.101.0-10.el9_2              ubi-9-appstream-rpms   21 k
Test OLM installation	UNKNOWN STEP	2025-07-21T00:31:12.4974046Z #14 2.994  nss-util                   x86_64  3.101.0-10.el9_2              ubi-9-appstream-rpms   92 k
Test OLM installation	UNKNOWN STEP	2025-07-21T00:31:12.4974511Z #14 2.994  openssl-fips-provider      x86_64  3.0.7-6.el9_5                 ubi-9-baseos-rpms     9.4 k
Test OLM installation	UNKNOWN STEP	2025-07-21T00:31:12.4975090Z #14 2.994  openssl-fips-provider-so   x86_64  3.0.7-6.el9_5                 ubi-9-baseos-rpms     577 k
Test OLM installation	UNKNOWN STEP	2025-07-21T00:31:12.4975765Z #14 2.994  openssl-libs               x86_64  1:3.2.2-6.el9_5.1             ubi-9-baseos-rpms     2.1 M
Test OLM installation	UNKNOWN STEP	2025-07-21T00:31:12.4976407Z #14 2.994  p11-kit                    x86_64  0.25.3-3.el9_5                ubi-9-baseos-rpms     536 k
Test OLM installation	UNKNOWN STEP	2025-07-21T00:31:12.4977038Z #14 2.994  p11-kit-trust              x86_64  0.25.3-3.el9_5                ubi-9-baseos-rpms     144 k
Test OLM installation	UNKNOWN STEP	2025-07-21T00:31:12.4977506Z #14 2.994  pcre                       x86_64  8.44-4.el9                    ubi-9-baseos-rpms     200 k
Test OLM installation	UNKNOWN STEP	2025-07-21T00:31:12.4977908Z #14 2.994  pcre2                      x86_64  10.40-6.el9                   ubi-9-baseos-rpms     236 k
Test OLM installation	UNKNOWN STEP	2025-07-21T00:31:12.4978340Z #14 2.994  pcre2-syntax               noarch  10.40-6.el9                   ubi-9-baseos-rpms     144 k
Test OLM installation	UNKNOWN STEP	2025-07-21T00:31:12.4978786Z #14 2.994  python3                    x86_64  3.9.21-2.el9_6.1              ubi-9-baseos-rpms      27 k
Test OLM installation	UNKNOWN STEP	2025-07-21T00:31:12.4979219Z #14 2.994  python3-libs               x86_64  3.9.21-2.el9_6.1              ubi-9-baseos-rpms     8.1 M
Test OLM installation	UNKNOWN STEP	2025-07-21T00:31:12.4979683Z #14 2.994  python3-pip-wheel          noarch  21.3.1-1.el9                  ubi-9-baseos-rpms     1.1 M
Test OLM installation	UNKNOWN STEP	2025-07-21T00:31:12.4980205Z #14 2.994  python3-setuptools-wheel   noarch  53.0.0-13.el9_6.1             ubi-9-baseos-rpms     468 k
Test OLM installation	UNKNOWN STEP	2025-07-21T00:31:12.4980697Z #14 2.994  readline                   x86_64  8.1-4.el9                     ubi-9-baseos-rpms     215 k
Test OLM installation	UNKNOWN STEP	2025-07-21T00:31:12.4981128Z #14 2.994  redhat-release             x86_64  9.6-0.1.el9                   ubi-9-baseos-rpms      44 k
Test OLM installation	UNKNOWN STEP	2025-07-21T00:31:12.4981781Z #14 2.994  sed                        x86_64  4.8-9.el9                     ubi-9-baseos-rpms     309 k
Test OLM installation	UNKNOWN STEP	2025-07-21T00:31:12.4982217Z #14 2.994  setup                      noarch  2.13.7-10.el9                 ubi-9-baseos-rpms     150 k
Test OLM installation	UNKNOWN STEP	2025-07-21T00:31:12.4982774Z #14 2.994  sqlite-libs                x86_64  3.34.1-7.el9_3                ubi-9-baseos-rpms     622 k
Test OLM installation	UNKNOWN STEP	2025-07-21T00:31:12.4983221Z #14 2.994  systemd-libs               x86_64  252-51.el9_6.1                ubi-9-baseos-rpms     675 k
Test OLM installation	UNKNOWN STEP	2025-07-21T00:31:12.4983653Z #14 2.994  tzdata                     noarch  2025b-1.el9                   ubi-9-baseos-rpms     842 k
Test OLM installation	UNKNOWN STEP	2025-07-21T00:31:12.4984102Z #14 2.994  tzdata-java                noarch  2025b-1.el9                   ubi-9-appstream-rpms  228 k
Test OLM installation	UNKNOWN STEP	2025-07-21T00:31:12.4984532Z #14 2.994  xz-libs                    x86_64  5.2.5-8.el9_0                 ubi-9-baseos-rpms      94 k
Test OLM installation	UNKNOWN STEP	2025-07-21T00:31:12.4984926Z #14 2.994  zlib                       x86_64  1.2.11-40.el9                 ubi-9-baseos-rpms      93 k
Test OLM installation	UNKNOWN STEP	2025-07-21T00:31:12.4985231Z #14 2.994 
Test OLM installation	UNKNOWN STEP	2025-07-21T00:31:12.4985415Z #14 2.994 Transaction Summary
Test OLM installation	UNKNOWN STEP	2025-07-21T00:31:12.4985673Z #14 2.994 =============================================================================================
Test OLM installation	UNKNOWN STEP	2025-07-21T00:31:12.4985965Z #14 2.994 Install  84 Packages
Test OLM installation	UNKNOWN STEP	2025-07-21T00:31:12.4986174Z #14 2.994 
Test OLM installation	UNKNOWN STEP	2025-07-21T00:31:12.4986354Z #14 2.997 Total download size: 89 M
Test OLM installation	UNKNOWN STEP	2025-07-21T00:31:12.4986590Z #14 2.997 Installed size: 319 M
Test OLM installation	UNKNOWN STEP	2025-07-21T00:31:12.4986975Z #14 2.998 Downloading Packages:
Test OLM installation	UNKNOWN STEP	2025-07-21T00:31:12.4987345Z #14 3.053 (1/84): basesystem-11-13.el9.noarch.rpm         165 kB/s | 8.0 kB     00:00    
Test OLM installation	UNKNOWN STEP	2025-07-21T00:31:12.4987814Z #14 3.055 (2/84): alternatives-1.24-2.el9.x86_64.rpm      824 kB/s |  42 kB     00:00    
Test OLM installation	UNKNOWN STEP	2025-07-21T00:31:12.4988249Z #14 3.065 (3/84): avahi-libs-0.8-22.el9_6.x86_64.rpm      1.1 MB/s |  67 kB     00:00    
Test OLM installation	UNKNOWN STEP	2025-07-21T00:31:12.4988678Z #14 3.070 (4/84): bzip2-libs-1.0.8-10.el9_5.x86_64.rpm    2.8 MB/s |  42 kB     00:00    
Test OLM installation	UNKNOWN STEP	2025-07-21T00:31:12.4989126Z #14 3.114 (5/84): coreutils-single-8.32-39.el9.x86_64.rpm  14 MB/s | 625 kB     00:00    
Test OLM installation	UNKNOWN STEP	2025-07-21T00:31:12.5941501Z #14 3.117 (6/84): ca-certificates-2024.2.69_v8.0.303-91.4  19 MB/s | 1.0 MB     00:00    
Test OLM installation	UNKNOWN STEP	2025-07-21T00:31:12.5942433Z #14 3.128 (7/84): bash-5.1.8-9.el9.x86_64.rpm              23 MB/s | 1.7 MB     00:00    
Test OLM installation	UNKNOWN STEP	2025-07-21T00:31:12.5943263Z #14 3.130 (8/84): crypto-policies-20250128-1.git5269e22.e 5.5 MB/s |  90 kB     00:00    
Test OLM installation	UNKNOWN STEP	2025-07-21T00:31:12.5944066Z #14 3.131 (9/84): crypto-policies-scripts-20250128-1.git5 7.3 MB/s | 101 kB     00:00    
Test OLM installation	UNKNOWN STEP	2025-07-21T00:31:12.5944586Z #14 3.142 (10/84): cups-libs-2.3.3op2-33.el9.x86_64.rpm    20 MB/s | 265 kB     00:00    
Test OLM installation	UNKNOWN STEP	2025-07-21T00:31:12.5945043Z #14 3.144 (11/84): expat-2.5.0-5.el9_6.x86_64.rpm         9.5 MB/s | 119 kB     00:00    
Test OLM installation	UNKNOWN STEP	2025-07-21T00:31:12.5945477Z #14 3.146 (12/84): dbus-libs-1.12.20-8.el9.x86_64.rpm     9.8 MB/s | 154 kB     00:00    
Test OLM installation	UNKNOWN STEP	2025-07-21T00:31:12.5945930Z #14 3.162 (13/84): findutils-4.8.0-7.el9.x86_64.rpm        30 MB/s | 550 kB     00:00    
Test OLM installation	UNKNOWN STEP	2025-07-21T00:31:12.5946365Z #14 3.172 (14/84): gawk-5.1.0-6.el9.x86_64.rpm             39 MB/s | 1.0 MB     00:00    
Test OLM installation	UNKNOWN STEP	2025-07-21T00:31:12.5946798Z #14 3.175 (15/84): gdbm-libs-1.23-1.el9.x86_64.rpm        4.7 MB/s |  59 kB     00:00    
Test OLM installation	UNKNOWN STEP	2025-07-21T00:31:12.5947559Z #14 3.190 (16/84): glibc-common-2.34-168.el9_6.20.x86_64.  21 MB/s | 304 kB     00:00    
Test OLM installation	UNKNOWN STEP	2025-07-21T00:31:12.5948011Z #14 3.205 (17/84): filesystem-3.16-5.el9.x86_64.rpm        77 MB/s | 4.8 MB     00:00    
Test OLM installation	UNKNOWN STEP	2025-07-21T00:31:12.5948444Z #14 3.211 (18/84): glibc-2.34-168.el9_6.20.x86_64.rpm      50 MB/s | 2.0 MB     00:00    
Test OLM installation	UNKNOWN STEP	2025-07-21T00:31:12.5948880Z #14 3.216 (19/84): glibc-langpack-en-2.34-168.el9_6.20.x8  25 MB/s | 658 kB     00:00    
Test OLM installation	UNKNOWN STEP	2025-07-21T00:31:12.6987494Z #14 3.219 (20/84): gmp-6.2.0-13.el9.x86_64.rpm             23 MB/s | 319 kB     00:00    
Test OLM installation	UNKNOWN STEP	2025-07-21T00:31:12.6988552Z #14 3.230 (21/84): gnutls-3.8.3-6.el9.x86_64.rpm           61 MB/s | 1.1 MB     00:00    
Test OLM installation	UNKNOWN STEP	2025-07-21T00:31:12.6989731Z #14 3.231 (22/84): keyutils-libs-1.6.3-1.el9.x86_64.rpm   2.9 MB/s |  34 kB     00:00    
Test OLM installation	UNKNOWN STEP	2025-07-21T00:31:12.6990520Z #14 3.233 (23/84): grep-3.6-5.el9.x86_64.rpm               16 MB/s | 273 kB     00:00    
Test OLM installation	UNKNOWN STEP	2025-07-21T00:31:12.6991444Z #14 3.241 (24/84): libacl-2.3.1-4.el9.x86_64.rpm          2.3 MB/s |  24 kB     00:00    
Test OLM installation	UNKNOWN STEP	2025-07-21T00:31:12.6992142Z #14 3.244 (25/84): libattr-2.5.1-3.el9.x86_64.rpm         1.9 MB/s |  20 kB     00:00    
Test OLM installation	UNKNOWN STEP	2025-07-21T00:31:12.6992646Z #14 3.248 (26/84): krb5-libs-1.21.1-8.el9_6.x86_64.rpm     42 MB/s | 766 kB     00:00    
Test OLM installation	UNKNOWN STEP	2025-07-21T00:31:12.6993129Z #14 3.253 (27/84): libcap-2.48-9.el9_2.x86_64.rpm         6.6 MB/s |  74 kB     00:00    
Test OLM installation	UNKNOWN STEP	2025-07-21T00:31:12.6993599Z #14 3.255 (28/84): libcom_err-1.46.5-7.el9.x86_64.rpm     2.6 MB/s |  28 kB     00:00    
Test OLM installation	UNKNOWN STEP	2025-07-21T00:31:12.6994083Z #14 3.260 (29/84): libevent-2.1.12-8.el9_4.x86_64.rpm      21 MB/s | 266 kB     00:00    
Test OLM installation	UNKNOWN STEP	2025-07-21T00:31:12.6994558Z #14 3.263 (30/84): libffi-3.4.2-8.el9.x86_64.rpm          3.8 MB/s |  40 kB     00:00    
Test OLM installation	UNKNOWN STEP	2025-07-21T00:31:12.6995027Z #14 3.266 (31/84): libgcc-11.5.0-5.el9_5.x86_64.rpm       7.7 MB/s |  88 kB     00:00    
Test OLM installation	UNKNOWN STEP	2025-07-21T00:31:12.6995508Z #14 3.275 (32/84): libgcrypt-1.10.0-11.el9.x86_64.rpm      34 MB/s | 510 kB     00:00    
Test OLM installation	UNKNOWN STEP	2025-07-21T00:31:12.6996012Z #14 3.278 (33/84): libgpg-error-1.42-5.el9.x86_64.rpm      16 MB/s | 220 kB     00:00    
Test OLM installation	UNKNOWN STEP	2025-07-21T00:31:12.6996495Z #14 3.279 (34/84): libidn2-2.3.0-7.el9.x86_64.rpm         8.1 MB/s | 105 kB     00:00    
Test OLM installation	UNKNOWN STEP	2025-07-21T00:31:12.6997142Z #14 3.288 (35/84): libselinux-3.6-3.el9.x86_64.rpm        7.3 MB/s |  88 kB     00:00    
Test OLM installation	UNKNOWN STEP	2025-07-21T00:31:12.6997666Z #14 3.291 (36/84): libsigsegv-2.13-4.el9.x86_64.rpm       2.7 MB/s |  30 kB     00:00    
Test OLM installation	UNKNOWN STEP	2025-07-21T00:31:12.6998290Z #14 3.293 (37/84): libsepol-3.6-2.el9.x86_64.rpm           22 MB/s | 331 kB     00:00    
Test OLM installation	UNKNOWN STEP	2025-07-21T00:31:12.6998968Z #14 3.299 (38/84): libtasn1-4.16.0-9.el9.x86_64.rpm       6.9 MB/s |  77 kB     00:00    
Test OLM installation	UNKNOWN STEP	2025-07-21T00:31:12.6999445Z #14 3.303 (39/84): libuuid-2.37.4-21.el9.x86_64.rpm       2.9 MB/s |  30 kB     00:00    
Test OLM installation	UNKNOWN STEP	2025-07-21T00:31:12.6999898Z #14 3.307 (40/84): libunistring-0.9.10-15.el9.x86_64.rpm   31 MB/s | 499 kB     00:00    
Test OLM installation	UNKNOWN STEP	2025-07-21T00:31:12.7000523Z #14 3.310 (41/84): libverto-0.3.2-3.el9.x86_64.rpm        2.3 MB/s |  24 kB     00:00    
Test OLM installation	UNKNOWN STEP	2025-07-21T00:31:12.7000996Z #14 3.315 (42/84): libxcrypt-4.4.18-3.el9.x86_64.rpm       10 MB/s | 120 kB     00:00    
Test OLM installation	UNKNOWN STEP	2025-07-21T00:31:12.7001496Z #14 3.320 (43/84): libzstd-1.5.5-1.el9.x86_64.rpm          22 MB/s | 297 kB     00:00    
Test OLM installation	UNKNOWN STEP	2025-07-21T00:31:12.8001947Z #14 3.323 (44/84): lksctp-tools-1.0.19-3.el9_4.x86_64.rpm 8.2 MB/s | 104 kB     00:00    
Test OLM installation	UNKNOWN STEP	2025-07-21T00:31:12.8003539Z #14 3.326 (45/84): lua-libs-5.4.4-4.el9.x86_64.rpm         12 MB/s | 132 kB     00:00    
Test OLM installation	UNKNOWN STEP	2025-07-21T00:31:12.8005068Z #14 3.333 (46/84): lz4-libs-1.9.3-5.el9.x86_64.rpm        5.5 MB/s |  69 kB     00:00    
Test OLM installation	UNKNOWN STEP	2025-07-21T00:31:12.8005837Z #14 3.336 (47/84): mpfr-4.1.0-7.el9.x86_64.rpm             24 MB/s | 329 kB     00:00    
Test OLM installation	UNKNOWN STEP	2025-07-21T00:31:12.8006675Z #14 3.338 (48/84): ncurses-base-6.2-10.20210508.el9.noarc 8.5 MB/s |  99 kB     00:00    
Test OLM installation	UNKNOWN STEP	2025-07-21T00:31:12.8007761Z #14 3.347 (49/84): ncurses-libs-6.2-10.20210508.el9.x86_6  24 MB/s | 332 kB     00:00    
Test OLM installation	UNKNOWN STEP	2025-07-21T00:31:12.8008624Z #14 3.349 (50/84): openssl-fips-provider-3.0.7-6.el9_5.x8 927 kB/s | 9.4 kB     00:00    
Test OLM installation	UNKNOWN STEP	2025-07-21T00:31:12.8009444Z #14 3.354 (51/84): nettle-3.10.1-1.el9.x86_64.rpm          32 MB/s | 568 kB     00:00    
Test OLM installation	UNKNOWN STEP	2025-07-21T00:31:12.8010269Z #14 3.364 (52/84): openssl-fips-provider-so-3.0.7-6.el9_5  34 MB/s | 577 kB     00:00    
Test OLM installation	UNKNOWN STEP	2025-07-21T00:31:12.8011096Z #14 3.370 (53/84): p11-kit-0.25.3-3.el9_5.x86_64.rpm       33 MB/s | 536 kB     00:00    
Test OLM installation	UNKNOWN STEP	2025-07-21T00:31:12.8011864Z #14 3.379 (54/84): openssl-libs-3.2.2-6.el9_5.1.x86_64.rp  70 MB/s | 2.1 MB     00:00    
Test OLM installation	UNKNOWN STEP	2025-07-21T00:31:12.8012628Z #14 3.381 (55/84): p11-kit-trust-0.25.3-3.el9_5.x86_64.rp 8.6 MB/s | 144 kB     00:00    
Test OLM installation	UNKNOWN STEP	2025-07-21T00:31:12.8013688Z #14 3.383 (56/84): pcre-8.44-4.el9.x86_64.rpm              15 MB/s | 200 kB     00:00    
Test OLM installation	UNKNOWN STEP	2025-07-21T00:31:12.8014472Z #14 3.392 (57/84): pcre2-10.40-6.el9.x86_64.rpm            19 MB/s | 236 kB     00:00    
Test OLM installation	UNKNOWN STEP	2025-07-21T00:31:12.8015258Z #14 3.394 (58/84): pcre2-syntax-10.40-6.el9.noarch.rpm     11 MB/s | 144 kB     00:00    
Test OLM installation	UNKNOWN STEP	2025-07-21T00:31:12.8016479Z #14 3.395 (59/84): python3-3.9.21-2.el9_6.1.x86_64.rpm    2.3 MB/s |  27 kB     00:00    
Test OLM installation	UNKNOWN STEP	2025-07-21T00:31:12.8017475Z #14 3.413 (60/84): python3-setuptools-wheel-53.0.0-13.el9  26 MB/s | 468 kB     00:00    
Test OLM installation	UNKNOWN STEP	2025-07-21T00:31:12.8018317Z #14 3.422 (61/84): python3-pip-wheel-21.3.1-1.el9.noarch.  41 MB/s | 1.1 MB     00:00    
Test OLM installation	UNKNOWN STEP	2025-07-21T00:31:12.9019965Z #14 3.427 (62/84): readline-8.1-4.el9.x86_64.rpm           16 MB/s | 215 kB     00:00    
Test OLM installation	UNKNOWN STEP	2025-07-21T00:31:12.9020905Z #14 3.434 (63/84): redhat-release-9.6-0.1.el9.x86_64.rpm  3.8 MB/s |  44 kB     00:00    
Test OLM installation	UNKNOWN STEP	2025-07-21T00:31:12.9025248Z #14 3.441 (64/84): sed-4.8-9.el9.x86_64.rpm                23 MB/s | 309 kB     00:00    
Test OLM installation	UNKNOWN STEP	2025-07-21T00:31:12.9026103Z #14 3.447 (65/84): setup-2.13.7-10.el9.noarch.rpm          11 MB/s | 150 kB     00:00    
Test OLM installation	UNKNOWN STEP	2025-07-21T00:31:12.9031227Z #14 3.456 (66/84): sqlite-libs-3.34.1-7.el9_3.x86_64.rpm   40 MB/s | 622 kB     00:00    
Test OLM installation	UNKNOWN STEP	2025-07-21T00:31:12.9032064Z #14 3.464 (67/84): systemd-libs-252-51.el9_6.1.x86_64.rpm  41 MB/s | 675 kB     00:00    
Test OLM installation	UNKNOWN STEP	2025-07-21T00:31:12.9032882Z #14 3.473 (68/84): tzdata-2025b-1.el9.noarch.rpm           50 MB/s | 842 kB     00:00    
Test OLM installation	UNKNOWN STEP	2025-07-21T00:31:12.9033668Z #14 3.476 (69/84): xz-libs-5.2.5-8.el9_0.x86_64.rpm       8.2 MB/s |  94 kB     00:00    
Test OLM installation	UNKNOWN STEP	2025-07-21T00:31:12.9038063Z #14 3.491 (70/84): python3-libs-3.9.21-2.el9_6.1.x86_64.r  82 MB/s | 8.1 MB     00:00    
Test OLM installation	UNKNOWN STEP	2025-07-21T00:31:12.9038921Z #14 3.492 (71/84): copy-jdk-configs-4.0-3.el9.noarch.rpm  1.8 MB/s |  29 kB     00:00    
Test OLM installation	UNKNOWN STEP	2025-07-21T00:31:12.9043109Z #14 3.494 (72/84): zlib-1.2.11-40.el9.x86_64.rpm          4.6 MB/s |  93 kB     00:00    
Test OLM installation	UNKNOWN STEP	2025-07-21T00:31:12.9043857Z #14 3.505 (73/84): lua-5.4.4-4.el9.x86_64.rpm              13 MB/s | 192 kB     00:00    
Test OLM installation	UNKNOWN STEP	2025-07-21T00:31:12.9044616Z #14 3.508 (74/84): lua-posix-35.0-8.el9.x86_64.rpm        9.8 MB/s | 155 kB     00:00    
Test OLM installation	UNKNOWN STEP	2025-07-21T00:31:12.9045370Z #14 3.511 (75/84): alsa-lib-1.2.13-2.el9.x86_64.rpm        30 MB/s | 530 kB     00:00    
Test OLM installation	UNKNOWN STEP	2025-07-21T00:31:12.9049936Z #14 3.521 (76/84): javapackages-filesystem-6.4.0-1.el9.no 1.3 MB/s |  17 kB     00:00    
Test OLM installation	UNKNOWN STEP	2025-07-21T00:31:12.9050799Z #14 3.523 (77/84): nspr-4.35.0-17.el9_2.x86_64.rpm         12 MB/s | 137 kB     00:00    
Test OLM installation	UNKNOWN STEP	2025-07-21T00:31:13.0981654Z #14 3.539 (78/84): nss-softokn-3.101.0-10.el9_2.x86_64.rp  25 MB/s | 393 kB     00:00    
Test OLM installation	UNKNOWN STEP	2025-07-21T00:31:13.0982429Z #14 3.543 (79/84): nss-3.101.0-10.el9_2.x86_64.rpm         31 MB/s | 720 kB     00:00    
Test OLM installation	UNKNOWN STEP	2025-07-21T00:31:13.0983160Z #14 3.554 (80/84): nss-softokn-freebl-3.101.0-10.el9_2.x8  22 MB/s | 313 kB     00:00    
Test OLM installation	UNKNOWN STEP	2025-07-21T00:31:13.0983898Z #14 3.555 (81/84): nss-sysinit-3.101.0-10.el9_2.x86_64.rp 1.8 MB/s |  21 kB     00:00    
Test OLM installation	UNKNOWN STEP	2025-07-21T00:31:13.0984638Z #14 3.566 (82/84): nss-util-3.101.0-10.el9_2.x86_64.rpm   7.8 MB/s |  92 kB     00:00    
Test OLM installation	UNKNOWN STEP	2025-07-21T00:31:13.0985359Z #14 3.569 (83/84): tzdata-java-2025b-1.el9.noarch.rpm      17 MB/s | 228 kB     00:00    
Test OLM installation	UNKNOWN STEP	2025-07-21T00:31:13.1649317Z #14 3.786 (84/84): java-21-openjdk-headless-21.0.8.0.9-1. 176 MB/s |  49 MB     00:00    
Test OLM installation	UNKNOWN STEP	2025-07-21T00:31:13.4062333Z #14 3.790 --------------------------------------------------------------------------------
Test OLM installation	UNKNOWN STEP	2025-07-21T00:31:13.4062861Z #14 3.791 Total                                           112 MB/s |  89 MB     00:00     
Test OLM installation	UNKNOWN STEP	2025-07-21T00:31:13.4063283Z #14 3.803 Red Hat Universal Base Image 9 (RPMs) - BaseOS  3.5 MB/s | 3.6 kB     00:00    
Test OLM installation	UNKNOWN STEP	2025-07-21T00:31:13.4063675Z #14 3.873 Importing GPG key 0xFD431D51:
Test OLM installation	UNKNOWN STEP	2025-07-21T00:31:13.4064015Z #14 3.873  Userid     : "Red Hat, Inc. (release key 2) <security@redhat.com>"
Test OLM installation	UNKNOWN STEP	2025-07-21T00:31:13.4064438Z #14 3.873  Fingerprint: 567E 347A D004 4ADE 55BA 8A5F 199E 2F91 FD43 1D51
Test OLM installation	UNKNOWN STEP	2025-07-21T00:31:13.4064863Z #14 3.873  From       : /etc/pki/rpm-gpg/RPM-GPG-KEY-redhat-release
Test OLM installation	UNKNOWN STEP	2025-07-21T00:31:13.4065554Z #14 3.876 Key imported successfully
Test OLM installation	UNKNOWN STEP	2025-07-21T00:31:13.4065831Z #14 3.877 Importing GPG key 0x5A6340B3:
Test OLM installation	UNKNOWN STEP	2025-07-21T00:31:13.4066182Z #14 3.877  Userid     : "Red Hat, Inc. (auxiliary key 3) <security@redhat.com>"
Test OLM installation	UNKNOWN STEP	2025-07-21T00:31:13.4066751Z #14 3.877  Fingerprint: 7E46 2425 8C40 6535 D56D 6F13 5054 E4A4 5A63 40B3
Test OLM installation	UNKNOWN STEP	2025-07-21T00:31:13.4067357Z #14 3.877  From       : /etc/pki/rpm-gpg/RPM-GPG-KEY-redhat-release
Test OLM installation	UNKNOWN STEP	2025-07-21T00:31:13.4067678Z #14 3.878 Key imported successfully
Test OLM installation	UNKNOWN STEP	2025-07-21T00:31:14.3881858Z #14 5.010 Running transaction check
Test OLM installation	UNKNOWN STEP	2025-07-21T00:31:14.5905343Z #14 5.062 Transaction check succeeded.
Test OLM installation	UNKNOWN STEP	2025-07-21T00:31:14.5905831Z #14 5.062 Running transaction test
Test OLM installation	UNKNOWN STEP	2025-07-21T00:31:15.0805147Z #14 5.702 Transaction test succeeded.
Test OLM installation	UNKNOWN STEP	2025-07-21T00:31:15.2316192Z #14 5.703 Running transaction
Test OLM installation	UNKNOWN STEP	2025-07-21T00:31:15.7268446Z #14 6.195   Running scriptlet: filesystem-3.16-5.el9.x86_64                           1/1 
Test OLM installation	UNKNOWN STEP	2025-07-21T00:31:15.7269456Z #14 6.197   Running scriptlet: copy-jdk-configs-4.0-3.el9.noarch                      1/1 
Test OLM installation	UNKNOWN STEP	2025-07-21T00:31:15.8495174Z #14 6.198   Running scriptlet: java-21-openjdk-headless-1:21.0.8.0.9-1.el9.x86_64     1/1 
Test OLM installation	UNKNOWN STEP	2025-07-21T00:31:16.0099803Z #14 6.471   Preparing        :                                                        1/1 
Test OLM installation	UNKNOWN STEP	2025-07-21T00:31:16.0100333Z #14 6.479   Installing       : libgcc-11.5.0-5.el9_5.x86_64                          1/84 
Test OLM installation	UNKNOWN STEP	2025-07-21T00:31:16.0495387Z #14 6.481   Running scriptlet: libgcc-11.5.0-5.el9_5.x86_64                          1/84 
Test OLM installation	UNKNOWN STEP	2025-07-21T00:31:16.1604659Z #14 6.671   Installing       : tzdata-2025b-1.el9.noarch                             2/84 
Test OLM installation	UNKNOWN STEP	2025-07-21T00:31:16.1605525Z #14 6.718   Installing       : tzdata-java-2025b-1.el9.noarch                        3/84 
Test OLM installation	UNKNOWN STEP	2025-07-21T00:31:16.1606445Z #14 6.724   Installing       : javapackages-filesystem-6.4.0-1.el9.noarch            4/84 
Test OLM installation	UNKNOWN STEP	2025-07-21T00:31:16.1607420Z #14 6.731   Installing       : redhat-release-9.6-0.1.el9.x86_64                     5/84 
Test OLM installation	UNKNOWN STEP	2025-07-21T00:31:16.1608191Z #14 6.739   Installing       : setup-2.13.7-10.el9.noarch                            6/84 
Test OLM installation	UNKNOWN STEP	2025-07-21T00:31:16.1609140Z #14 6.741   Running scriptlet: setup-2.13.7-10.el9.noarch                            6/84 
Test OLM installation	UNKNOWN STEP	2025-07-21T00:31:16.3055902Z #14 6.782   Installing       : filesystem-3.16-5.el9.x86_64                          7/84 
Test OLM installation	UNKNOWN STEP	2025-07-21T00:31:16.3056623Z #14 6.831   Installing       : basesystem-11-13.el9.noarch                           8/84 
Test OLM installation	UNKNOWN STEP	2025-07-21T00:31:16.3057352Z #14 6.834   Installing       : python3-setuptools-wheel-53.0.0-13.el9_6.1.noarch     9/84 
Test OLM installation	UNKNOWN STEP	2025-07-21T00:31:16.3057872Z #14 6.837   Installing       : pcre2-syntax-10.40-6.el9.noarch                      10/84 
Test OLM installation	UNKNOWN STEP	2025-07-21T00:31:16.3058402Z #14 6.859   Installing       : ncurses-base-6.2-10.20210508.el9.noarch              11/84 
Test OLM installation	UNKNOWN STEP	2025-07-21T00:31:16.5088665Z #14 6.927   Installing       : glibc-langpack-en-2.34-168.el9_6.20.x86_64           12/84 
Test OLM installation	UNKNOWN STEP	2025-07-21T00:31:16.5089650Z #14 6.942   Installing       : glibc-common-2.34-168.el9_6.20.x86_64                13/84 
Test OLM installation	UNKNOWN STEP	2025-07-21T00:31:16.5090540Z #14 6.945   Running scriptlet: glibc-2.34-168.el9_6.20.x86_64                       14/84 
Test OLM installation	UNKNOWN STEP	2025-07-21T00:31:16.5091386Z #14 6.977   Installing       : glibc-2.34-168.el9_6.20.x86_64                       14/84 
Test OLM installation	UNKNOWN STEP	2025-07-21T00:31:16.8569413Z #14 6.980   Running scriptlet: glibc-2.34-168.el9_6.20.x86_64                       14/84 
Test OLM installation	UNKNOWN STEP	2025-07-21T00:31:16.9604068Z #14 7.479   Installing       : ncurses-libs-6.2-10.20210508.el9.x86_64              15/84 
Test OLM installation	UNKNOWN STEP	2025-07-21T00:31:16.9604950Z #14 7.495   Installing       : bash-5.1.8-9.el9.x86_64                              16/84 
Test OLM installation	UNKNOWN STEP	2025-07-21T00:31:16.9605775Z #14 7.498   Running scriptlet: bash-5.1.8-9.el9.x86_64                              16/84 
Test OLM installation	UNKNOWN STEP	2025-07-21T00:31:16.9606628Z #14 7.515   Installing       : crypto-policies-20250128-1.git5269e22.el9.noarch     17/84 
Test OLM installation	UNKNOWN STEP	2025-07-21T00:31:16.9607935Z #14 7.517   Running scriptlet: crypto-policies-20250128-1.git5269e22.el9.noarch     17/84 
Test OLM installation	UNKNOWN STEP	2025-07-21T00:31:16.9609087Z #14 7.521   Installing       : nspr-4.35.0-17.el9_2.x86_64                          18/84 
Test OLM installation	UNKNOWN STEP	2025-07-21T00:31:16.9609888Z #14 7.525   Installing       : nss-util-3.101.0-10.el9_2.x86_64                     19/84 
Test OLM installation	UNKNOWN STEP	2025-07-21T00:31:16.9610880Z #14 7.528   Installing       : zlib-1.2.11-40.el9.x86_64                            20/84 
Test OLM installation	UNKNOWN STEP	2025-07-21T00:31:16.9611658Z #14 7.533   Installing       : readline-8.1-4.el9.x86_64                            21/84 
Test OLM installation	UNKNOWN STEP	2025-07-21T00:31:16.9612444Z #14 7.537   Installing       : libtasn1-4.16.0-9.el9.x86_64                         22/84 
Test OLM installation	UNKNOWN STEP	2025-07-21T00:31:16.9613234Z #14 7.541   Installing       : libxcrypt-4.4.18-3.el9.x86_64                        23/84 
Test OLM installation	UNKNOWN STEP	2025-07-21T00:31:16.9614025Z #14 7.549   Installing       : sqlite-libs-3.34.1-7.el9_3.x86_64                    24/84 
Test OLM installation	UNKNOWN STEP	2025-07-21T00:31:16.9614825Z #14 7.552   Installing       : alternatives-1.24-2.el9.x86_64                       25/84 
Test OLM installation	UNKNOWN STEP	2025-07-21T00:31:16.9615599Z #14 7.557   Installing       : gmp-1:6.2.0-13.el9.x86_64                            26/84 
Test OLM installation	UNKNOWN STEP	2025-07-21T00:31:16.9616360Z #14 7.560   Installing       : libattr-2.5.1-3.el9.x86_64                           27/84 
Test OLM installation	UNKNOWN STEP	2025-07-21T00:31:16.9617288Z #14 7.563   Installing       : libacl-2.3.1-4.el9.x86_64                            28/84 
Test OLM installation	UNKNOWN STEP	2025-07-21T00:31:16.9618053Z #14 7.568   Installing       : libcap-2.48-9.el9_2.x86_64                           29/84 
Test OLM installation	UNKNOWN STEP	2025-07-21T00:31:17.1188801Z #14 7.571   Installing       : libffi-3.4.2-8.el9.x86_64                            30/84 
Test OLM installation	UNKNOWN STEP	2025-07-21T00:31:17.1189623Z #14 7.582   Installing       : p11-kit-0.25.3-3.el9_5.x86_64                        31/84 
Test OLM installation	UNKNOWN STEP	2025-07-21T00:31:17.1190169Z #14 7.588   Installing       : p11-kit-trust-0.25.3-3.el9_5.x86_64                  32/84 
Test OLM installation	UNKNOWN STEP	2025-07-21T00:31:17.2179084Z #14 7.590   Running scriptlet: p11-kit-trust-0.25.3-3.el9_5.x86_64                  32/84 
Test OLM installation	UNKNOWN STEP	2025-07-21T00:31:17.3188573Z #14 7.840   Installing       : libsigsegv-2.13-4.el9.x86_64                         33/84 
Test OLM installation	UNKNOWN STEP	2025-07-21T00:31:17.3189323Z #14 7.850   Installing       : libunistring-0.9.10-15.el9.x86_64                    34/84 
Test OLM installation	UNKNOWN STEP	2025-07-21T00:31:17.3189857Z #14 7.854   Installing       : lua-libs-5.4.4-4.el9.x86_64                          35/84 
Test OLM installation	UNKNOWN STEP	2025-07-21T00:31:17.3190359Z #14 7.858   Installing       : xz-libs-5.2.5-8.el9_0.x86_64                         36/84 
Test OLM installation	UNKNOWN STEP	2025-07-21T00:31:17.3190831Z #14 7.862   Installing       : lua-5.4.4-4.el9.x86_64                               37/84 
Test OLM installation	UNKNOWN STEP	2025-07-21T00:31:17.3191312Z #14 7.876   Installing       : lua-posix-35.0-8.el9.x86_64                          38/84 
Test OLM installation	UNKNOWN STEP	2025-07-21T00:31:17.3191807Z #14 7.882   Installing       : libidn2-2.3.0-7.el9.x86_64                           39/84 
Test OLM installation	UNKNOWN STEP	2025-07-21T00:31:17.3192283Z #14 7.888   Installing       : mpfr-4.1.0-7.el9.x86_64                              40/84 
Test OLM installation	UNKNOWN STEP	2025-07-21T00:31:17.3192741Z #14 7.903   Installing       : gawk-5.1.0-6.el9.x86_64                              41/84 
Test OLM installation	UNKNOWN STEP	2025-07-21T00:31:17.3193511Z #14 7.912   Installing       : nss-softokn-freebl-3.101.0-10.el9_2.x86_64           42/84 
Test OLM installation	UNKNOWN STEP	2025-07-21T00:31:17.3194029Z #14 7.921   Installing       : nss-softokn-3.101.0-10.el9_2.x86_64                  43/84 
Test OLM installation	UNKNOWN STEP	2025-07-21T00:31:17.3194528Z #14 7.926   Installing       : lksctp-tools-1.0.19-3.el9_4.x86_64                   44/84 
Test OLM installation	UNKNOWN STEP	2025-07-21T00:31:17.3195017Z #14 7.930   Installing       : bzip2-libs-1.0.8-10.el9_5.x86_64                     45/84 
Test OLM installation	UNKNOWN STEP	2025-07-21T00:31:17.3195497Z #14 7.934   Installing       : expat-2.5.0-5.el9_6.x86_64                           46/84 
Test OLM installation	UNKNOWN STEP	2025-07-21T00:31:17.3195978Z #14 7.938   Installing       : gdbm-libs-1:1.23-1.el9.x86_64                        47/84 
Test OLM installation	UNKNOWN STEP	2025-07-21T00:31:17.4189370Z #14 7.941   Installing       : keyutils-libs-1.6.3-1.el9.x86_64                     48/84 
Test OLM installation	UNKNOWN STEP	2025-07-21T00:31:17.4190220Z #14 7.944   Installing       : libcom_err-1.46.5-7.el9.x86_64                       49/84 
Test OLM installation	UNKNOWN STEP	2025-07-21T00:31:17.4191042Z #14 7.950   Installing       : libgpg-error-1.42-5.el9.x86_64                       50/84 
Test OLM installation	UNKNOWN STEP	2025-07-21T00:31:17.4192312Z #14 7.957   Installing       : libgcrypt-1.10.0-11.el9.x86_64                       51/84 
Test OLM installation	UNKNOWN STEP	2025-07-21T00:31:17.4193244Z #14 7.963   Installing       : libsepol-3.6-2.el9.x86_64                            52/84 
Test OLM installation	UNKNOWN STEP	2025-07-21T00:31:17.4194280Z #14 7.966   Installing       : libuuid-2.37.4-21.el9.x86_64                         53/84 
Test OLM installation	UNKNOWN STEP	2025-07-21T00:31:17.4194875Z #14 7.969   Installing       : libverto-0.3.2-3.el9.x86_64                          54/84 
Test OLM installation	UNKNOWN STEP	2025-07-21T00:31:17.4195548Z #14 7.975   Installing       : libzstd-1.5.5-1.el9.x86_64                           55/84 
Test OLM installation	UNKNOWN STEP	2025-07-21T00:31:17.4196303Z #14 7.978   Installing       : lz4-libs-1.9.3-5.el9.x86_64                          56/84 
Test OLM installation	UNKNOWN STEP	2025-07-21T00:31:17.4197079Z #14 7.985   Installing       : nettle-3.10.1-1.el9.x86_64                           57/84 
Test OLM installation	UNKNOWN STEP	2025-07-21T00:31:17.4197620Z #14 7.998   Installing       : gnutls-3.8.3-6.el9.x86_64                            58/84 
Test OLM installation	UNKNOWN STEP	2025-07-21T00:31:17.4198144Z #14 8.004   Installing       : pcre-8.44-4.el9.x86_64                               59/84 
Test OLM installation	UNKNOWN STEP	2025-07-21T00:31:17.4198669Z #14 8.010   Installing       : grep-3.6-5.el9.x86_64                                60/84 
Test OLM installation	UNKNOWN STEP	2025-07-21T00:31:17.4199114Z #14 8.016   Installing       : pcre2-10.40-6.el9.x86_64                             61/84 
Test OLM installation	UNKNOWN STEP	2025-07-21T00:31:17.4199573Z #14 8.020   Installing       : libselinux-3.6-3.el9.x86_64                          62/84 
Test OLM installation	UNKNOWN STEP	2025-07-21T00:31:17.5784616Z #14 8.041   Installing       : coreutils-single-8.32-39.el9.x86_64                  63/84 
Test OLM installation	UNKNOWN STEP	2025-07-21T00:31:17.5785471Z #14 8.046   Installing       : sed-4.8-9.el9.x86_64                                 64/84 
Test OLM installation	UNKNOWN STEP	2025-07-21T00:31:17.6890847Z #14 8.050   Running scriptlet: ca-certificates-2024.2.69_v8.0.303-91.4.el9_4.noar   65/84 
Test OLM installation	UNKNOWN STEP	2025-07-21T00:31:17.8438012Z #14 8.311   Installing       : ca-certificates-2024.2.69_v8.0.303-91.4.el9_4.noar   65/84 
Test OLM installation	UNKNOWN STEP	2025-07-21T00:31:18.8184006Z #14 8.315   Running scriptlet: ca-certificates-2024.2.69_v8.0.303-91.4.el9_4.noar   65/84 
Test OLM installation	UNKNOWN STEP	2025-07-21T00:31:19.0316564Z #14 9.440   Installing       : python3-pip-wheel-21.3.1-1.el9.noarch                66/84 
Test OLM installation	UNKNOWN STEP	2025-07-21T00:31:19.0318159Z #14 9.447   Installing       : openssl-fips-provider-so-3.0.7-6.el9_5.x86_64        67/84 
Test OLM installation	UNKNOWN STEP	2025-07-21T00:31:19.0319021Z #14 9.450   Installing       : openssl-fips-provider-3.0.7-6.el9_5.x86_64           68/84 
Test OLM installation	UNKNOWN STEP	2025-07-21T00:31:19.0319792Z #14 9.475   Installing       : openssl-libs-1:3.2.2-6.el9_5.1.x86_64                69/84 
Test OLM installation	UNKNOWN STEP	2025-07-21T00:31:19.0320537Z #14 9.491   Installing       : krb5-libs-1.21.1-8.el9_6.x86_64                      70/84 
Test OLM installation	UNKNOWN STEP	2025-07-21T00:31:19.0321282Z #14 9.499   Installing       : libevent-2.1.12-8.el9_4.x86_64                       71/84 
Test OLM installation	UNKNOWN STEP	2025-07-21T00:31:19.3948771Z #14 9.503   Installing       : python3-3.9.21-2.el9_6.1.x86_64                      72/84 
Test OLM installation	UNKNOWN STEP	2025-07-21T00:31:19.5904761Z #14 10.01   Installing       : python3-libs-3.9.21-2.el9_6.1.x86_64                 73/84 
Test OLM installation	UNKNOWN STEP	2025-07-21T00:31:19.5906750Z #14 10.04   Installing       : crypto-policies-scripts-20250128-1.git5269e22.el9.   74/84 
Test OLM installation	UNKNOWN STEP	2025-07-21T00:31:19.5910008Z #14 10.05   Installing       : nss-sysinit-3.101.0-10.el9_2.x86_64                  75/84 
Test OLM installation	UNKNOWN STEP	2025-07-21T00:31:19.5910777Z #14 10.06   Installing       : nss-3.101.0-10.el9_2.x86_64                          76/84 
Test OLM installation	UNKNOWN STEP	2025-07-21T00:31:19.7208684Z #14 10.06   Running scriptlet: nss-3.101.0-10.el9_2.x86_64                          76/84 
Test OLM installation	UNKNOWN STEP	2025-07-21T00:31:19.8739061Z #14 10.34   Installing       : systemd-libs-252-51.el9_6.1.x86_64                   77/84 
Test OLM installation	UNKNOWN STEP	2025-07-21T00:31:19.9835213Z #14 10.35   Running scriptlet: systemd-libs-252-51.el9_6.1.x86_64                   77/84 
Test OLM installation	UNKNOWN STEP	2025-07-21T00:31:20.1723278Z #14 10.61   Installing       : dbus-libs-1:1.12.20-8.el9.x86_64                     78/84 
Test OLM installation	UNKNOWN STEP	2025-07-21T00:31:20.1724183Z #14 10.61   Installing       : avahi-libs-0.8-22.el9_6.x86_64                       79/84 
Test OLM installation	UNKNOWN STEP	2025-07-21T00:31:20.1724977Z #14 10.62   Installing       : cups-libs-1:2.3.3op2-33.el9.x86_64                   80/84 
Test OLM installation	UNKNOWN STEP	2025-07-21T00:31:20.1726083Z #14 10.62   Installing       : findutils-1:4.8.0-7.el9.x86_64                       81/84 
Test OLM installation	UNKNOWN STEP	2025-07-21T00:31:20.1726652Z #14 10.63   Installing       : copy-jdk-configs-4.0-3.el9.noarch                    82/84 
Test OLM installation	UNKNOWN STEP	2025-07-21T00:31:20.7516263Z #14 10.64   Installing       : alsa-lib-1.2.13-2.el9.x86_64                         83/84 
Test OLM installation	UNKNOWN STEP	2025-07-21T00:31:20.9077450Z #14 11.37   Installing       : java-21-openjdk-headless-1:21.0.8.0.9-1.el9.x86_64   84/84 
Test OLM installation	UNKNOWN STEP	2025-07-21T00:31:21.0132521Z #14 11.38   Running scriptlet: java-21-openjdk-headless-1:21.0.8.0.9-1.el9.x86_64   84/84 
Test OLM installation	UNKNOWN STEP	2025-07-21T00:31:21.2658866Z #14 11.63   Running scriptlet: filesystem-3.16-5.el9.x86_64                         84/84 
Test OLM installation	UNKNOWN STEP	2025-07-21T00:31:24.0109993Z #14 11.89   Running scriptlet: ca-certificates-2024.2.69_v8.0.303-91.4.el9_4.noar   84/84 
Test OLM installation	UNKNOWN STEP	2025-07-21T00:31:24.6050135Z #14 14.63   Running scriptlet: crypto-policies-scripts-20250128-1.git5269e22.el9.   84/84 
Test OLM installation	UNKNOWN STEP	2025-07-21T00:31:25.1964139Z #14 15.23   Running scriptlet: nss-3.101.0-10.el9_2.x86_64                          84/84 
Test OLM installation	UNKNOWN STEP	2025-07-21T00:31:25.4495281Z #14 15.82   Running scriptlet: copy-jdk-configs-4.0-3.el9.noarch                    84/84 
Test OLM installation	UNKNOWN STEP	2025-07-21T00:31:25.9979865Z #14 16.07   Running scriptlet: java-21-openjdk-headless-1:21.0.8.0.9-1.el9.x86_64   84/84 
Test OLM installation	UNKNOWN STEP	2025-07-21T00:31:26.2032872Z #14 16.62   Verifying        : alternatives-1.24-2.el9.x86_64                        1/84 
Test OLM installation	UNKNOWN STEP	2025-07-21T00:31:26.2034445Z #14 16.62   Verifying        : avahi-libs-0.8-22.el9_6.x86_64                        2/84 
Test OLM installation	UNKNOWN STEP	2025-07-21T00:31:26.2035207Z #14 16.62   Verifying        : basesystem-11-13.el9.noarch                           3/84 
Test OLM installation	UNKNOWN STEP	2025-07-21T00:31:26.2035741Z #14 16.62   Verifying        : bash-5.1.8-9.el9.x86_64                               4/84 
Test OLM installation	UNKNOWN STEP	2025-07-21T00:31:26.2036467Z #14 16.62   Verifying        : bzip2-libs-1.0.8-10.el9_5.x86_64                      5/84 
Test OLM installation	UNKNOWN STEP	2025-07-21T00:31:26.2037567Z #14 16.62   Verifying        : ca-certificates-2024.2.69_v8.0.303-91.4.el9_4.noar    6/84 
Test OLM installation	UNKNOWN STEP	2025-07-21T00:31:26.2038441Z #14 16.62   Verifying        : coreutils-single-8.32-39.el9.x86_64                   7/84 
Test OLM installation	UNKNOWN STEP	2025-07-21T00:31:26.2039308Z #14 16.62   Verifying        : crypto-policies-20250128-1.git5269e22.el9.noarch      8/84 
Test OLM installation	UNKNOWN STEP	2025-07-21T00:31:26.2040163Z #14 16.62   Verifying        : crypto-policies-scripts-20250128-1.git5269e22.el9.    9/84 
Test OLM installation	UNKNOWN STEP	2025-07-21T00:31:26.2040971Z #14 16.62   Verifying        : cups-libs-1:2.3.3op2-33.el9.x86_64                   10/84 
Test OLM installation	UNKNOWN STEP	2025-07-21T00:31:26.2041697Z #14 16.62   Verifying        : dbus-libs-1:1.12.20-8.el9.x86_64                     11/84 
Test OLM installation	UNKNOWN STEP	2025-07-21T00:31:26.2042405Z #14 16.62   Verifying        : expat-2.5.0-5.el9_6.x86_64                           12/84 
Test OLM installation	UNKNOWN STEP	2025-07-21T00:31:26.2043131Z #14 16.62   Verifying        : filesystem-3.16-5.el9.x86_64                         13/84 
Test OLM installation	UNKNOWN STEP	2025-07-21T00:31:26.2043867Z #14 16.62   Verifying        : findutils-1:4.8.0-7.el9.x86_64                       14/84 
Test OLM installation	UNKNOWN STEP	2025-07-21T00:31:26.2044577Z #14 16.62   Verifying        : gawk-5.1.0-6.el9.x86_64                              15/84 
Test OLM installation	UNKNOWN STEP	2025-07-21T00:31:26.2045282Z #14 16.62   Verifying        : gdbm-libs-1:1.23-1.el9.x86_64                        16/84 
Test OLM installation	UNKNOWN STEP	2025-07-21T00:31:26.2046000Z #14 16.62   Verifying        : glibc-2.34-168.el9_6.20.x86_64                       17/84 
Test OLM installation	UNKNOWN STEP	2025-07-21T00:31:26.2046468Z #14 16.62   Verifying        : glibc-common-2.34-168.el9_6.20.x86_64                18/84 
Test OLM installation	UNKNOWN STEP	2025-07-21T00:31:26.2047230Z #14 16.62   Verifying        : glibc-langpack-en-2.34-168.el9_6.20.x86_64           19/84 
Test OLM installation	UNKNOWN STEP	2025-07-21T00:31:26.2047717Z #14 16.62   Verifying        : gmp-1:6.2.0-13.el9.x86_64                            20/84 
Test OLM installation	UNKNOWN STEP	2025-07-21T00:31:26.2048140Z #14 16.62   Verifying        : gnutls-3.8.3-6.el9.x86_64                            21/84 
Test OLM installation	UNKNOWN STEP	2025-07-21T00:31:26.2048556Z #14 16.62   Verifying        : grep-3.6-5.el9.x86_64                                22/84 
Test OLM installation	UNKNOWN STEP	2025-07-21T00:31:26.2049003Z #14 16.62   Verifying        : keyutils-libs-1.6.3-1.el9.x86_64                     23/84 
Test OLM installation	UNKNOWN STEP	2025-07-21T00:31:26.2049811Z #14 16.62   Verifying        : krb5-libs-1.21.1-8.el9_6.x86_64                      24/84 
Test OLM installation	UNKNOWN STEP	2025-07-21T00:31:26.2050269Z #14 16.62   Verifying        : libacl-2.3.1-4.el9.x86_64                            25/84 
Test OLM installation	UNKNOWN STEP	2025-07-21T00:31:26.2050708Z #14 16.62   Verifying        : libattr-2.5.1-3.el9.x86_64                           26/84 
Test OLM installation	UNKNOWN STEP	2025-07-21T00:31:26.2051430Z #14 16.62   Verifying        : libcap-2.48-9.el9_2.x86_64                           27/84 
Test OLM installation	UNKNOWN STEP	2025-07-21T00:31:26.2051862Z #14 16.62   Verifying        : libcom_err-1.46.5-7.el9.x86_64                       28/84 
Test OLM installation	UNKNOWN STEP	2025-07-21T00:31:26.2052283Z #14 16.62   Verifying        : libevent-2.1.12-8.el9_4.x86_64                       29/84 
Test OLM installation	UNKNOWN STEP	2025-07-21T00:31:26.2052716Z #14 16.62   Verifying        : libffi-3.4.2-8.el9.x86_64                            30/84 
Test OLM installation	UNKNOWN STEP	2025-07-21T00:31:26.2053141Z #14 16.62   Verifying        : libgcc-11.5.0-5.el9_5.x86_64                         31/84 
Test OLM installation	UNKNOWN STEP	2025-07-21T00:31:26.2053578Z #14 16.62   Verifying        : libgcrypt-1.10.0-11.el9.x86_64                       32/84 
Test OLM installation	UNKNOWN STEP	2025-07-21T00:31:26.2054026Z #14 16.62   Verifying        : libgpg-error-1.42-5.el9.x86_64                       33/84 
Test OLM installation	UNKNOWN STEP	2025-07-21T00:31:26.2054462Z #14 16.62   Verifying        : libidn2-2.3.0-7.el9.x86_64                           34/84 
Test OLM installation	UNKNOWN STEP	2025-07-21T00:31:26.2054898Z #14 16.62   Verifying        : libselinux-3.6-3.el9.x86_64                          35/84 
Test OLM installation	UNKNOWN STEP	2025-07-21T00:31:26.2055331Z #14 16.62   Verifying        : libsepol-3.6-2.el9.x86_64                            36/84 
Test OLM installation	UNKNOWN STEP	2025-07-21T00:31:26.2055758Z #14 16.62   Verifying        : libsigsegv-2.13-4.el9.x86_64                         37/84 
Test OLM installation	UNKNOWN STEP	2025-07-21T00:31:26.2056195Z #14 16.62   Verifying        : libtasn1-4.16.0-9.el9.x86_64                         38/84 
Test OLM installation	UNKNOWN STEP	2025-07-21T00:31:26.2056651Z #14 16.62   Verifying        : libunistring-0.9.10-15.el9.x86_64                    39/84 
Test OLM installation	UNKNOWN STEP	2025-07-21T00:31:26.2057407Z #14 16.62   Verifying        : libuuid-2.37.4-21.el9.x86_64                         40/84 
Test OLM installation	UNKNOWN STEP	2025-07-21T00:31:26.2057850Z #14 16.62   Verifying        : libverto-0.3.2-3.el9.x86_64                          41/84 
Test OLM installation	UNKNOWN STEP	2025-07-21T00:31:26.2058316Z #14 16.62   Verifying        : libxcrypt-4.4.18-3.el9.x86_64                        42/84 
Test OLM installation	UNKNOWN STEP	2025-07-21T00:31:26.2058757Z #14 16.62   Verifying        : libzstd-1.5.5-1.el9.x86_64                           43/84 
Test OLM installation	UNKNOWN STEP	2025-07-21T00:31:26.2059197Z #14 16.62   Verifying        : lksctp-tools-1.0.19-3.el9_4.x86_64                   44/84 
Test OLM installation	UNKNOWN STEP	2025-07-21T00:31:26.2059631Z #14 16.62   Verifying        : lua-libs-5.4.4-4.el9.x86_64                          45/84 
Test OLM installation	UNKNOWN STEP	2025-07-21T00:31:26.2060054Z #14 16.62   Verifying        : lz4-libs-1.9.3-5.el9.x86_64                          46/84 
Test OLM installation	UNKNOWN STEP	2025-07-21T00:31:26.2060474Z #14 16.62   Verifying        : mpfr-4.1.0-7.el9.x86_64                              47/84 
Test OLM installation	UNKNOWN STEP	2025-07-21T00:31:26.2060909Z #14 16.62   Verifying        : ncurses-base-6.2-10.20210508.el9.noarch              48/84 
Test OLM installation	UNKNOWN STEP	2025-07-21T00:31:26.2061360Z #14 16.62   Verifying        : ncurses-libs-6.2-10.20210508.el9.x86_64              49/84 
Test OLM installation	UNKNOWN STEP	2025-07-21T00:31:26.2061806Z #14 16.62   Verifying        : nettle-3.10.1-1.el9.x86_64                           50/84 
Test OLM installation	UNKNOWN STEP	2025-07-21T00:31:26.2062253Z #14 16.62   Verifying        : openssl-fips-provider-3.0.7-6.el9_5.x86_64           51/84 
Test OLM installation	UNKNOWN STEP	2025-07-21T00:31:26.2062722Z #14 16.62   Verifying        : openssl-fips-provider-so-3.0.7-6.el9_5.x86_64        52/84 
Test OLM installation	UNKNOWN STEP	2025-07-21T00:31:26.2063176Z #14 16.62   Verifying        : openssl-libs-1:3.2.2-6.el9_5.1.x86_64                53/84 
Test OLM installation	UNKNOWN STEP	2025-07-21T00:31:26.2063607Z #14 16.62   Verifying        : p11-kit-0.25.3-3.el9_5.x86_64                        54/84 
Test OLM installation	UNKNOWN STEP	2025-07-21T00:31:26.2064035Z #14 16.62   Verifying        : p11-kit-trust-0.25.3-3.el9_5.x86_64                  55/84 
Test OLM installation	UNKNOWN STEP	2025-07-21T00:31:26.2064489Z #14 16.62   Verifying        : pcre-8.44-4.el9.x86_64                               56/84 
Test OLM installation	UNKNOWN STEP	2025-07-21T00:31:26.2064923Z #14 16.62   Verifying        : pcre2-10.40-6.el9.x86_64                             57/84 
Test OLM installation	UNKNOWN STEP	2025-07-21T00:31:26.2065507Z #14 16.63   Verifying        : pcre2-syntax-10.40-6.el9.noarch                      58/84 
Test OLM installation	UNKNOWN STEP	2025-07-21T00:31:26.2065958Z #14 16.63   Verifying        : python3-3.9.21-2.el9_6.1.x86_64                      59/84 
Test OLM installation	UNKNOWN STEP	2025-07-21T00:31:26.2066395Z #14 16.63   Verifying        : python3-libs-3.9.21-2.el9_6.1.x86_64                 60/84 
Test OLM installation	UNKNOWN STEP	2025-07-21T00:31:26.2067200Z #14 16.63   Verifying        : python3-pip-wheel-21.3.1-1.el9.noarch                61/84 
Test OLM installation	UNKNOWN STEP	2025-07-21T00:31:26.2067687Z #14 16.63   Verifying        : python3-setuptools-wheel-53.0.0-13.el9_6.1.noarch    62/84 
Test OLM installation	UNKNOWN STEP	2025-07-21T00:31:26.2068145Z #14 16.63   Verifying        : readline-8.1-4.el9.x86_64                            63/84 
Test OLM installation	UNKNOWN STEP	2025-07-21T00:31:26.2068590Z #14 16.63   Verifying        : redhat-release-9.6-0.1.el9.x86_64                    64/84 
Test OLM installation	UNKNOWN STEP	2025-07-21T00:31:26.2069019Z #14 16.63   Verifying        : sed-4.8-9.el9.x86_64                                 65/84 
Test OLM installation	UNKNOWN STEP	2025-07-21T00:31:26.2069438Z #14 16.63   Verifying        : setup-2.13.7-10.el9.noarch                           66/84 
Test OLM installation	UNKNOWN STEP	2025-07-21T00:31:26.2069878Z #14 16.63   Verifying        : sqlite-libs-3.34.1-7.el9_3.x86_64                    67/84 
Test OLM installation	UNKNOWN STEP	2025-07-21T00:31:26.2070318Z #14 16.63   Verifying        : systemd-libs-252-51.el9_6.1.x86_64                   68/84 
Test OLM installation	UNKNOWN STEP	2025-07-21T00:31:26.2070764Z #14 16.63   Verifying        : tzdata-2025b-1.el9.noarch                            69/84 
Test OLM installation	UNKNOWN STEP	2025-07-21T00:31:26.2071193Z #14 16.63   Verifying        : xz-libs-5.2.5-8.el9_0.x86_64                         70/84 
Test OLM installation	UNKNOWN STEP	2025-07-21T00:31:26.2071603Z #14 16.63   Verifying        : zlib-1.2.11-40.el9.x86_64                            71/84 
Test OLM installation	UNKNOWN STEP	2025-07-21T00:31:26.2072034Z #14 16.63   Verifying        : copy-jdk-configs-4.0-3.el9.noarch                    72/84 
Test OLM installation	UNKNOWN STEP	2025-07-21T00:31:26.2072473Z #14 16.63   Verifying        : lua-5.4.4-4.el9.x86_64                               73/84 
Test OLM installation	UNKNOWN STEP	2025-07-21T00:31:26.2072888Z #14 16.63   Verifying        : lua-posix-35.0-8.el9.x86_64                          74/84 
Test OLM installation	UNKNOWN STEP	2025-07-21T00:31:26.2073321Z #14 16.63   Verifying        : alsa-lib-1.2.13-2.el9.x86_64                         75/84 
Test OLM installation	UNKNOWN STEP	2025-07-21T00:31:26.2073756Z #14 16.63   Verifying        : java-21-openjdk-headless-1:21.0.8.0.9-1.el9.x86_64   76/84 
Test OLM installation	UNKNOWN STEP	2025-07-21T00:31:26.2074215Z #14 16.63   Verifying        : javapackages-filesystem-6.4.0-1.el9.noarch           77/84 
Test OLM installation	UNKNOWN STEP	2025-07-21T00:31:26.2074662Z #14 16.63   Verifying        : nspr-4.35.0-17.el9_2.x86_64                          78/84 
Test OLM installation	UNKNOWN STEP	2025-07-21T00:31:26.2075078Z #14 16.63   Verifying        : nss-3.101.0-10.el9_2.x86_64                          79/84 
Test OLM installation	UNKNOWN STEP	2025-07-21T00:31:26.2075507Z #14 16.63   Verifying        : nss-softokn-3.101.0-10.el9_2.x86_64                  80/84 
Test OLM installation	UNKNOWN STEP	2025-07-21T00:31:26.2075954Z #14 16.63   Verifying        : nss-softokn-freebl-3.101.0-10.el9_2.x86_64           81/84 
Test OLM installation	UNKNOWN STEP	2025-07-21T00:31:26.2076393Z #14 16.63   Verifying        : nss-sysinit-3.101.0-10.el9_2.x86_64                  82/84 
Test OLM installation	UNKNOWN STEP	2025-07-21T00:31:26.2076988Z #14 16.63   Verifying        : nss-util-3.101.0-10.el9_2.x86_64                     83/84 
Test OLM installation	UNKNOWN STEP	2025-07-21T00:31:26.2077639Z #14 16.63   Verifying        : tzdata-java-2025b-1.el9.noarch                       84/84 
Test OLM installation	UNKNOWN STEP	2025-07-21T00:31:26.2078022Z #14 16.69 Installed products updated.
Test OLM installation	UNKNOWN STEP	2025-07-21T00:31:26.2078270Z #14 16.72 
Test OLM installation	UNKNOWN STEP	2025-07-21T00:31:26.2078458Z #14 16.72 Installed:
Test OLM installation	UNKNOWN STEP	2025-07-21T00:31:26.2078754Z #14 16.72   alsa-lib-1.2.13-2.el9.x86_64                                                  
Test OLM installation	UNKNOWN STEP	2025-07-21T00:31:26.2079177Z #14 16.72   alternatives-1.24-2.el9.x86_64                                                
Test OLM installation	UNKNOWN STEP	2025-07-21T00:31:26.2079608Z #14 16.72   avahi-libs-0.8-22.el9_6.x86_64                                                
Test OLM installation	UNKNOWN STEP	2025-07-21T00:31:26.2080035Z #14 16.72   basesystem-11-13.el9.noarch                                                   
Test OLM installation	UNKNOWN STEP	2025-07-21T00:31:26.2080442Z #14 16.72   bash-5.1.8-9.el9.x86_64                                                       
Test OLM installation	UNKNOWN STEP	2025-07-21T00:31:26.2080838Z #14 16.72   bzip2-libs-1.0.8-10.el9_5.x86_64                                              
Test OLM installation	UNKNOWN STEP	2025-07-21T00:31:26.2081417Z #14 16.72   ca-certificates-2024.2.69_v8.0.303-91.4.el9_4.noarch                          
Test OLM installation	UNKNOWN STEP	2025-07-21T00:31:26.2081892Z #14 16.72   copy-jdk-configs-4.0-3.el9.noarch                                             
Test OLM installation	UNKNOWN STEP	2025-07-21T00:31:26.2082345Z #14 16.72   coreutils-single-8.32-39.el9.x86_64                                           
Test OLM installation	UNKNOWN STEP	2025-07-21T00:31:26.2082946Z #14 16.72   crypto-policies-20250128-1.git5269e22.el9.noarch                              
Test OLM installation	UNKNOWN STEP	2025-07-21T00:31:26.2083470Z #14 16.72   crypto-policies-scripts-20250128-1.git5269e22.el9.noarch                      
Test OLM installation	UNKNOWN STEP	2025-07-21T00:31:26.2083964Z #14 16.72   cups-libs-1:2.3.3op2-33.el9.x86_64                                            
Test OLM installation	UNKNOWN STEP	2025-07-21T00:31:26.2084379Z #14 16.72   dbus-libs-1:1.12.20-8.el9.x86_64                                              
Test OLM installation	UNKNOWN STEP	2025-07-21T00:31:26.2084786Z #14 16.72   expat-2.5.0-5.el9_6.x86_64                                                    
Test OLM installation	UNKNOWN STEP	2025-07-21T00:31:26.2085189Z #14 16.72   filesystem-3.16-5.el9.x86_64                                                  
Test OLM installation	UNKNOWN STEP	2025-07-21T00:31:26.2085610Z #14 16.72   findutils-1:4.8.0-7.el9.x86_64                                                
Test OLM installation	UNKNOWN STEP	2025-07-21T00:31:26.2085997Z #14 16.72   gawk-5.1.0-6.el9.x86_64                                                       
Test OLM installation	UNKNOWN STEP	2025-07-21T00:31:26.2086389Z #14 16.72   gdbm-libs-1:1.23-1.el9.x86_64                                                 
Test OLM installation	UNKNOWN STEP	2025-07-21T00:31:26.2086794Z #14 16.72   glibc-2.34-168.el9_6.20.x86_64                                                
Test OLM installation	UNKNOWN STEP	2025-07-21T00:31:26.2087472Z #14 16.72   glibc-common-2.34-168.el9_6.20.x86_64                                         
Test OLM installation	UNKNOWN STEP	2025-07-21T00:31:26.2087925Z #14 16.72   glibc-langpack-en-2.34-168.el9_6.20.x86_64                                    
Test OLM installation	UNKNOWN STEP	2025-07-21T00:31:26.2088351Z #14 16.72   gmp-1:6.2.0-13.el9.x86_64                                                     
Test OLM installation	UNKNOWN STEP	2025-07-21T00:31:26.2088735Z #14 16.72   gnutls-3.8.3-6.el9.x86_64                                                     
Test OLM installation	UNKNOWN STEP	2025-07-21T00:31:26.2089127Z #14 16.72   grep-3.6-5.el9.x86_64                                                         
Test OLM installation	UNKNOWN STEP	2025-07-21T00:31:26.2089556Z #14 16.72   java-21-openjdk-headless-1:21.0.8.0.9-1.el9.x86_64                            
Test OLM installation	UNKNOWN STEP	2025-07-21T00:31:26.2090045Z #14 16.72   javapackages-filesystem-6.4.0-1.el9.noarch                                    
Test OLM installation	UNKNOWN STEP	2025-07-21T00:31:26.2090521Z #14 16.72   keyutils-libs-1.6.3-1.el9.x86_64                                              
Test OLM installation	UNKNOWN STEP	2025-07-21T00:31:26.2090930Z #14 16.72   krb5-libs-1.21.1-8.el9_6.x86_64                                               
Test OLM installation	UNKNOWN STEP	2025-07-21T00:31:26.2091324Z #14 16.72   libacl-2.3.1-4.el9.x86_64                                                     
Test OLM installation	UNKNOWN STEP	2025-07-21T00:31:26.2091716Z #14 16.72   libattr-2.5.1-3.el9.x86_64                                                    
Test OLM installation	UNKNOWN STEP	2025-07-21T00:31:26.2092116Z #14 16.72   libcap-2.48-9.el9_2.x86_64                                                    
Test OLM installation	UNKNOWN STEP	2025-07-21T00:31:26.2092510Z #14 16.72   libcom_err-1.46.5-7.el9.x86_64                                                
Test OLM installation	UNKNOWN STEP	2025-07-21T00:31:26.2092920Z #14 16.72   libevent-2.1.12-8.el9_4.x86_64                                                
Test OLM installation	UNKNOWN STEP	2025-07-21T00:31:26.2093316Z #14 16.72   libffi-3.4.2-8.el9.x86_64                                                     
Test OLM installation	UNKNOWN STEP	2025-07-21T00:31:26.2093710Z #14 16.72   libgcc-11.5.0-5.el9_5.x86_64                                                  
Test OLM installation	UNKNOWN STEP	2025-07-21T00:31:26.2094108Z #14 16.72   libgcrypt-1.10.0-11.el9.x86_64                                                
Test OLM installation	UNKNOWN STEP	2025-07-21T00:31:26.2094528Z #14 16.72   libgpg-error-1.42-5.el9.x86_64                                                
Test OLM installation	UNKNOWN STEP	2025-07-21T00:31:26.2094935Z #14 16.72   libidn2-2.3.0-7.el9.x86_64                                                    
Test OLM installation	UNKNOWN STEP	2025-07-21T00:31:26.2095343Z #14 16.72   libselinux-3.6-3.el9.x86_64                                                   
Test OLM installation	UNKNOWN STEP	2025-07-21T00:31:26.2095752Z #14 16.72   libsepol-3.6-2.el9.x86_64                                                     
Test OLM installation	UNKNOWN STEP	2025-07-21T00:31:26.2096294Z #14 16.72   libsigsegv-2.13-4.el9.x86_64                                                  
Test OLM installation	UNKNOWN STEP	2025-07-21T00:31:26.2096748Z #14 16.72   libtasn1-4.16.0-9.el9.x86_64                                                  
Test OLM installation	UNKNOWN STEP	2025-07-21T00:31:26.2097333Z #14 16.72   libunistring-0.9.10-15.el9.x86_64                                             
Test OLM installation	UNKNOWN STEP	2025-07-21T00:31:26.2097893Z #14 16.72   libuuid-2.37.4-21.el9.x86_64                                                  
Test OLM installation	UNKNOWN STEP	2025-07-21T00:31:26.2098295Z #14 16.72   libverto-0.3.2-3.el9.x86_64                                                   
Test OLM installation	UNKNOWN STEP	2025-07-21T00:31:26.2098709Z #14 16.72   libxcrypt-4.4.18-3.el9.x86_64                                                 
Test OLM installation	UNKNOWN STEP	2025-07-21T00:31:26.2099116Z #14 16.72   libzstd-1.5.5-1.el9.x86_64                                                    
Test OLM installation	UNKNOWN STEP	2025-07-21T00:31:26.2099531Z #14 16.72   lksctp-tools-1.0.19-3.el9_4.x86_64                                            
Test OLM installation	UNKNOWN STEP	2025-07-21T00:31:26.2099929Z #14 16.72   lua-5.4.4-4.el9.x86_64                                                        
Test OLM installation	UNKNOWN STEP	2025-07-21T00:31:26.2100329Z #14 16.72   lua-libs-5.4.4-4.el9.x86_64                                                   
Test OLM installation	UNKNOWN STEP	2025-07-21T00:31:26.2100737Z #14 16.72   lua-posix-35.0-8.el9.x86_64                                                   
Test OLM installation	UNKNOWN STEP	2025-07-21T00:31:26.2101157Z #14 16.72   lz4-libs-1.9.3-5.el9.x86_64                                                   
Test OLM installation	UNKNOWN STEP	2025-07-21T00:31:26.2101541Z #14 16.72   mpfr-4.1.0-7.el9.x86_64                                                       
Test OLM installation	UNKNOWN STEP	2025-07-21T00:31:26.2101972Z #14 16.72   ncurses-base-6.2-10.20210508.el9.noarch                                       
Test OLM installation	UNKNOWN STEP	2025-07-21T00:31:26.2102446Z #14 16.72   ncurses-libs-6.2-10.20210508.el9.x86_64                                       
Test OLM installation	UNKNOWN STEP	2025-07-21T00:31:26.2102870Z #14 16.72   nettle-3.10.1-1.el9.x86_64                                                    
Test OLM installation	UNKNOWN STEP	2025-07-21T00:31:26.2103266Z #14 16.72   nspr-4.35.0-17.el9_2.x86_64                                                   
Test OLM installation	UNKNOWN STEP	2025-07-21T00:31:26.2103659Z #14 16.72   nss-3.101.0-10.el9_2.x86_64                                                   
Test OLM installation	UNKNOWN STEP	2025-07-21T00:31:26.2104072Z #14 16.72   nss-softokn-3.101.0-10.el9_2.x86_64                                           
Test OLM installation	UNKNOWN STEP	2025-07-21T00:31:26.2104515Z #14 16.72   nss-softokn-freebl-3.101.0-10.el9_2.x86_64                                    
Test OLM installation	UNKNOWN STEP	2025-07-21T00:31:26.2104964Z #14 16.72   nss-sysinit-3.101.0-10.el9_2.x86_64                                           
Test OLM installation	UNKNOWN STEP	2025-07-21T00:31:26.2105386Z #14 16.72   nss-util-3.101.0-10.el9_2.x86_64                                              
Test OLM installation	UNKNOWN STEP	2025-07-21T00:31:26.2105831Z #14 16.72   openssl-fips-provider-3.0.7-6.el9_5.x86_64                                    
Test OLM installation	UNKNOWN STEP	2025-07-21T00:31:26.2106311Z #14 16.72   openssl-fips-provider-so-3.0.7-6.el9_5.x86_64                                 
Test OLM installation	UNKNOWN STEP	2025-07-21T00:31:26.2106771Z #14 16.72   openssl-libs-1:3.2.2-6.el9_5.1.x86_64                                         
Test OLM installation	UNKNOWN STEP	2025-07-21T00:31:26.2107299Z #14 16.72   p11-kit-0.25.3-3.el9_5.x86_64                                                 
Test OLM installation	UNKNOWN STEP	2025-07-21T00:31:26.2107714Z #14 16.72   p11-kit-trust-0.25.3-3.el9_5.x86_64                                           
Test OLM installation	UNKNOWN STEP	2025-07-21T00:31:26.2108110Z #14 16.72   pcre-8.44-4.el9.x86_64                                                        
Test OLM installation	UNKNOWN STEP	2025-07-21T00:31:26.2108500Z #14 16.72   pcre2-10.40-6.el9.x86_64                                                      
Test OLM installation	UNKNOWN STEP	2025-07-21T00:31:26.2108911Z #14 16.72   pcre2-syntax-10.40-6.el9.noarch                                               
Test OLM installation	UNKNOWN STEP	2025-07-21T00:31:26.2109328Z #14 16.72   python3-3.9.21-2.el9_6.1.x86_64                                               
Test OLM installation	UNKNOWN STEP	2025-07-21T00:31:26.2109738Z #14 16.72   python3-libs-3.9.21-2.el9_6.1.x86_64                                          
Test OLM installation	UNKNOWN STEP	2025-07-21T00:31:26.2110194Z #14 16.72   python3-pip-wheel-21.3.1-1.el9.noarch                                         
Test OLM installation	UNKNOWN STEP	2025-07-21T00:31:26.2110681Z #14 16.72   python3-setuptools-wheel-53.0.0-13.el9_6.1.noarch                             
Test OLM installation	UNKNOWN STEP	2025-07-21T00:31:26.2111242Z #14 16.72   readline-8.1-4.el9.x86_64                                                     
Test OLM installation	UNKNOWN STEP	2025-07-21T00:31:26.2111666Z #14 16.72   redhat-release-9.6-0.1.el9.x86_64                                             
Test OLM installation	UNKNOWN STEP	2025-07-21T00:31:26.2112102Z #14 16.72   sed-4.8-9.el9.x86_64                                                          
Test OLM installation	UNKNOWN STEP	2025-07-21T00:31:26.2112611Z #14 16.72   setup-2.13.7-10.el9.noarch                                                    
Test OLM installation	UNKNOWN STEP	2025-07-21T00:31:26.2113028Z #14 16.72   sqlite-libs-3.34.1-7.el9_3.x86_64                                             
Test OLM installation	UNKNOWN STEP	2025-07-21T00:31:26.2113463Z #14 16.72   systemd-libs-252-51.el9_6.1.x86_64                                            
Test OLM installation	UNKNOWN STEP	2025-07-21T00:31:26.2113895Z #14 16.72   tzdata-2025b-1.el9.noarch                                                     
Test OLM installation	UNKNOWN STEP	2025-07-21T00:31:26.2114343Z #14 16.72   tzdata-java-2025b-1.el9.noarch                                                
Test OLM installation	UNKNOWN STEP	2025-07-21T00:31:26.2114759Z #14 16.72   xz-libs-5.2.5-8.el9_0.x86_64                                                  
Test OLM installation	UNKNOWN STEP	2025-07-21T00:31:26.2115152Z #14 16.72   zlib-1.2.11-40.el9.x86_64                                                     
Test OLM installation	UNKNOWN STEP	2025-07-21T00:31:26.2115458Z #14 16.72 
Test OLM installation	UNKNOWN STEP	2025-07-21T00:31:26.2115641Z #14 16.72 Complete!
Test OLM installation	UNKNOWN STEP	2025-07-21T00:31:26.2115893Z #14 16.82 + dnf --installroot /tmp/null/rootfs clean all
Test OLM installation	UNKNOWN STEP	2025-07-21T00:31:26.4363308Z #14 17.06 Updating Subscription Management repositories.
Test OLM installation	UNKNOWN STEP	2025-07-21T00:31:26.6390573Z #14 17.06 Unable to read consumer identity
Test OLM installation	UNKNOWN STEP	2025-07-21T00:31:26.6391054Z #14 17.06 
Test OLM installation	UNKNOWN STEP	2025-07-21T00:31:26.6391711Z #14 17.06 This system is not registered with an entitlement server. You can use subscription-manager to register.
Test OLM installation	UNKNOWN STEP	2025-07-21T00:31:26.6392481Z #14 17.06 
Test OLM installation	UNKNOWN STEP	2025-07-21T00:31:26.6392806Z #14 17.07 26 files removed
Test OLM installation	UNKNOWN STEP	2025-07-21T00:31:26.6394504Z #14 17.11 + rm -rf /tmp/null/rootfs/var/cache/bpf /tmp/null/rootfs/var/cache/dnf /tmp/null/rootfs/var/cache/ldconfig /tmp/null/rootfs/var/log/dnf.librepo.log /tmp/null/rootfs/var/log/dnf.log /tmp/null/rootfs/var/log/dnf.rpm.log '/tmp/null/rootfs/var/log/yum.*'
Test OLM installation	UNKNOWN STEP	2025-07-21T00:31:26.6396345Z #14 17.11 ==> Building dependency tree
Test OLM installation	UNKNOWN STEP	2025-07-21T00:31:26.8904996Z #14 17.51 ==> 42 packages to erase:
Test OLM installation	UNKNOWN STEP	2025-07-21T00:31:27.0457420Z #14 17.51 alsa-lib
Test OLM installation	UNKNOWN STEP	2025-07-21T00:31:27.0458005Z #14 17.51 avahi-libs
Test OLM installation	UNKNOWN STEP	2025-07-21T00:31:27.0458407Z #14 17.51 bzip2-libs
Test OLM installation	UNKNOWN STEP	2025-07-21T00:31:27.0458794Z #14 17.51 copy-jdk-configs
Test OLM installation	UNKNOWN STEP	2025-07-21T00:31:27.0459147Z #14 17.51 cups-libs
Test OLM installation	UNKNOWN STEP	2025-07-21T00:31:27.0459444Z #14 17.51 dbus-libs
Test OLM installation	UNKNOWN STEP	2025-07-21T00:31:27.0459746Z #14 17.51 expat
Test OLM installation	UNKNOWN STEP	2025-07-21T00:31:27.0460043Z #14 17.51 gawk
Test OLM installation	UNKNOWN STEP	2025-07-21T00:31:27.0460279Z #14 17.51 gdbm-libs
Test OLM installation	UNKNOWN STEP	2025-07-21T00:31:27.0460474Z #14 17.51 gmp
Test OLM installation	UNKNOWN STEP	2025-07-21T00:31:27.0460840Z #14 17.51 gnutls
Test OLM installation	UNKNOWN STEP	2025-07-21T00:31:27.0461097Z #14 17.51 gpg-pubkey
Test OLM installation	UNKNOWN STEP	2025-07-21T00:31:27.0461315Z #14 17.51 keyutils-libs
Test OLM installation	UNKNOWN STEP	2025-07-21T00:31:27.0461521Z #14 17.51 krb5-libs
Test OLM installation	UNKNOWN STEP	2025-07-21T00:31:27.0461721Z #14 17.51 libcom_err
Test OLM installation	UNKNOWN STEP	2025-07-21T00:31:27.0461919Z #14 17.51 libevent
Test OLM installation	UNKNOWN STEP	2025-07-21T00:31:27.0462109Z #14 17.51 libffi
Test OLM installation	UNKNOWN STEP	2025-07-21T00:31:27.0462308Z #14 17.51 libgcrypt
Test OLM installation	UNKNOWN STEP	2025-07-21T00:31:27.0462507Z #14 17.51 libgpg-error
Test OLM installation	UNKNOWN STEP	2025-07-21T00:31:27.0462720Z #14 17.51 libidn2
Test OLM installation	UNKNOWN STEP	2025-07-21T00:31:27.0462912Z #14 17.51 libunistring
Test OLM installation	UNKNOWN STEP	2025-07-21T00:31:27.0463107Z #14 17.51 libuuid
Test OLM installation	UNKNOWN STEP	2025-07-21T00:31:27.0463286Z #14 17.51 libverto
Test OLM installation	UNKNOWN STEP	2025-07-21T00:31:27.0463474Z #14 17.51 libxcrypt
Test OLM installation	UNKNOWN STEP	2025-07-21T00:31:27.0463667Z #14 17.51 libzstd
Test OLM installation	UNKNOWN STEP	2025-07-21T00:31:27.0463838Z #14 17.51 lua
Test OLM installation	UNKNOWN STEP	2025-07-21T00:31:27.0464019Z #14 17.51 lua-libs
Test OLM installation	UNKNOWN STEP	2025-07-21T00:31:27.0464217Z #14 17.51 lua-posix
Test OLM installation	UNKNOWN STEP	2025-07-21T00:31:27.0464408Z #14 17.51 lz4-libs
Test OLM installation	UNKNOWN STEP	2025-07-21T00:31:27.0464589Z #14 17.51 mpfr
Test OLM installation	UNKNOWN STEP	2025-07-21T00:31:27.0464773Z #14 17.51 nettle
Test OLM installation	UNKNOWN STEP	2025-07-21T00:31:27.0465077Z #14 17.51 openssl-fips-provider
Test OLM installation	UNKNOWN STEP	2025-07-21T00:31:27.0465370Z #14 17.51 openssl-fips-provider-so
Test OLM installation	UNKNOWN STEP	2025-07-21T00:31:27.0465623Z #14 17.51 openssl-libs
Test OLM installation	UNKNOWN STEP	2025-07-21T00:31:27.0465830Z #14 17.51 p11-kit
Test OLM installation	UNKNOWN STEP	2025-07-21T00:31:27.0466019Z #14 17.51 python3
Test OLM installation	UNKNOWN STEP	2025-07-21T00:31:27.0466215Z #14 17.51 python3-libs
Test OLM installation	UNKNOWN STEP	2025-07-21T00:31:27.0466427Z #14 17.51 python3-pip-wheel
Test OLM installation	UNKNOWN STEP	2025-07-21T00:31:27.0466673Z #14 17.51 python3-setuptools-wheel
Test OLM installation	UNKNOWN STEP	2025-07-21T00:31:27.0467473Z #14 17.51 readline
Test OLM installation	UNKNOWN STEP	2025-07-21T00:31:27.0467712Z #14 17.51 systemd-libs
Test OLM installation	UNKNOWN STEP	2025-07-21T00:31:27.0467920Z #14 17.51 xz-libs
Test OLM installation	UNKNOWN STEP	2025-07-21T00:31:27.0468129Z #14 17.52 ==> 43 packages to keep:
Test OLM installation	UNKNOWN STEP	2025-07-21T00:31:27.0468528Z #14 17.52 alternatives
Test OLM installation	UNKNOWN STEP	2025-07-21T00:31:27.0468720Z #14 17.52 basesystem
Test OLM installation	UNKNOWN STEP	2025-07-21T00:31:27.0468923Z #14 17.52 bash
Test OLM installation	UNKNOWN STEP	2025-07-21T00:31:27.0469121Z #14 17.52 ca-certificates
Test OLM installation	UNKNOWN STEP	2025-07-21T00:31:27.0469351Z #14 17.52 coreutils-single
Test OLM installation	UNKNOWN STEP	2025-07-21T00:31:27.0469575Z #14 17.52 crypto-policies
Test OLM installation	UNKNOWN STEP	2025-07-21T00:31:27.0469815Z #14 17.52 crypto-policies-scripts
Test OLM installation	UNKNOWN STEP	2025-07-21T00:31:27.0470066Z #14 17.52 filesystem
Test OLM installation	UNKNOWN STEP	2025-07-21T00:31:27.0470266Z #14 17.52 findutils
Test OLM installation	UNKNOWN STEP	2025-07-21T00:31:27.0470467Z #14 17.52 glibc
Test OLM installation	UNKNOWN STEP	2025-07-21T00:31:27.0470663Z #14 17.52 glibc-common
Test OLM installation	UNKNOWN STEP	2025-07-21T00:31:27.0471000Z #14 17.52 glibc-langpack-en
Test OLM installation	UNKNOWN STEP	2025-07-21T00:31:27.0471363Z #14 17.52 grep
Test OLM installation	UNKNOWN STEP	2025-07-21T00:31:27.0471591Z #14 17.52 java-21-openjdk-headless
Test OLM installation	UNKNOWN STEP	2025-07-21T00:31:27.0471841Z #14 17.52 javapackages-filesystem
Test OLM installation	UNKNOWN STEP	2025-07-21T00:31:27.0472082Z #14 17.52 libacl
Test OLM installation	UNKNOWN STEP	2025-07-21T00:31:27.0472301Z #14 17.52 libattr
Test OLM installation	UNKNOWN STEP	2025-07-21T00:31:27.0472488Z #14 17.52 libcap
Test OLM installation	UNKNOWN STEP	2025-07-21T00:31:27.0472670Z #14 17.52 libgcc
Test OLM installation	UNKNOWN STEP	2025-07-21T00:31:27.0472859Z #14 17.52 libselinux
Test OLM installation	UNKNOWN STEP	2025-07-21T00:31:27.0473070Z #14 17.52 libsepol
Test OLM installation	UNKNOWN STEP	2025-07-21T00:31:27.0473257Z #14 17.52 libsigsegv
Test OLM installation	UNKNOWN STEP	2025-07-21T00:31:27.0473457Z #14 17.52 libtasn1
Test OLM installation	UNKNOWN STEP	2025-07-21T00:31:27.0473648Z #14 17.52 lksctp-tools
Test OLM installation	UNKNOWN STEP	2025-07-21T00:31:27.0473849Z #14 17.52 ncurses-base
Test OLM installation	UNKNOWN STEP	2025-07-21T00:31:27.0474050Z #14 17.52 ncurses-libs
Test OLM installation	UNKNOWN STEP	2025-07-21T00:31:27.0474242Z #14 17.52 nspr
Test OLM installation	UNKNOWN STEP	2025-07-21T00:31:27.0474420Z #14 17.52 nss
Test OLM installation	UNKNOWN STEP	2025-07-21T00:31:27.0474608Z #14 17.52 nss-softokn
Test OLM installation	UNKNOWN STEP	2025-07-21T00:31:27.0474823Z #14 17.52 nss-softokn-freebl
Test OLM installation	UNKNOWN STEP	2025-07-21T00:31:27.0475045Z #14 17.52 nss-sysinit
Test OLM installation	UNKNOWN STEP	2025-07-21T00:31:27.0475257Z #14 17.52 nss-util
Test OLM installation	UNKNOWN STEP	2025-07-21T00:31:27.0475585Z #14 17.52 p11-kit-trust
Test OLM installation	UNKNOWN STEP	2025-07-21T00:31:27.0475785Z #14 17.52 pcre
Test OLM installation	UNKNOWN STEP	2025-07-21T00:31:27.0475982Z #14 17.52 pcre2
Test OLM installation	UNKNOWN STEP	2025-07-21T00:31:27.0476175Z #14 17.52 pcre2-syntax
Test OLM installation	UNKNOWN STEP	2025-07-21T00:31:27.0476389Z #14 17.52 redhat-release
Test OLM installation	UNKNOWN STEP	2025-07-21T00:31:27.0476589Z #14 17.52 sed
Test OLM installation	UNKNOWN STEP	2025-07-21T00:31:27.0476769Z #14 17.52 setup
Test OLM installation	UNKNOWN STEP	2025-07-21T00:31:27.0477177Z #14 17.52 sqlite-libs
Test OLM installation	UNKNOWN STEP	2025-07-21T00:31:27.0477368Z #14 17.52 tzdata
Test OLM installation	UNKNOWN STEP	2025-07-21T00:31:27.0477565Z #14 17.52 tzdata-java
Test OLM installation	UNKNOWN STEP	2025-07-21T00:31:27.0477756Z #14 17.52 zlib
Test OLM installation	UNKNOWN STEP	2025-07-21T00:31:27.0477934Z #14 17.52 
Test OLM installation	UNKNOWN STEP	2025-07-21T00:31:27.0478124Z #14 17.52 ==> Erasing packages
Test OLM installation	UNKNOWN STEP	2025-07-21T00:31:27.0478536Z #14 17.52 + xargs rpm -r /tmp/null/rootfs --erase --nodeps --allmatches
Test OLM installation	UNKNOWN STEP	2025-07-21T00:31:27.1933746Z #14 17.82 
Test OLM installation	UNKNOWN STEP	2025-07-21T00:31:27.1934155Z #14 17.82 ==> Packages erased ok!
Test OLM installation	UNKNOWN STEP	2025-07-21T00:31:27.3587821Z #14 DONE 17.8s
Test OLM installation	UNKNOWN STEP	2025-07-21T00:31:28.2224051Z 
Test OLM installation	UNKNOWN STEP	2025-07-21T00:31:28.2224912Z #15 [stage-1 2/4] COPY --from=ubi-micro-build /tmp/null/rootfs/ /
Test OLM installation	UNKNOWN STEP	2025-07-21T00:31:29.8608317Z #15 DONE 1.6s
Test OLM installation	UNKNOWN STEP	2025-07-21T00:31:30.0369617Z 
Test OLM installation	UNKNOWN STEP	2025-07-21T00:31:30.0371332Z #16 [stage-1 3/4] COPY --from=ubi-micro-build --chown=1000:0 /opt/keycloak /opt/keycloak
Test OLM installation	UNKNOWN STEP	2025-07-21T00:31:30.3921318Z #16 DONE 0.5s
Test OLM installation	UNKNOWN STEP	2025-07-21T00:31:30.5242372Z 
Test OLM installation	UNKNOWN STEP	2025-07-21T00:31:30.5243351Z #17 [stage-1 4/4] RUN echo "keycloak:x:0:root" >> /etc/group &&     echo "keycloak:x:1000:0:keycloak user:/opt/keycloak:/sbin/nologin" >> /etc/passwd
Test OLM installation	UNKNOWN STEP	2025-07-21T00:31:30.5244257Z #17 DONE 0.1s
Test OLM installation	UNKNOWN STEP	2025-07-21T00:31:30.6759819Z 
Test OLM installation	UNKNOWN STEP	2025-07-21T00:31:30.6760679Z #18 exporting to image
Test OLM installation	UNKNOWN STEP	2025-07-21T00:31:30.6761405Z #18 exporting layers
Test OLM installation	UNKNOWN STEP	2025-07-21T00:31:31.9293046Z #18 exporting layers 1.4s done
Test OLM installation	UNKNOWN STEP	2025-07-21T00:31:31.9489618Z #18 writing image sha256:1192003d8d5cfbb42dc4bfb06a4235df7cbb40366dfa33903bc589d478388346 done
Test OLM installation	UNKNOWN STEP	2025-07-21T00:31:31.9490547Z #18 naming to 192.168.49.2:5000/453f97keycloak:86400000.0.0 done
Test OLM installation	UNKNOWN STEP	2025-07-21T00:31:31.9491089Z #18 DONE 1.4s
Test OLM installation	UNKNOWN STEP	2025-07-21T00:31:31.9542144Z + docker push 192.168.49.2:5000/453f97keycloak:86400000.0.0
Test OLM installation	UNKNOWN STEP	2025-07-21T00:31:31.9700165Z The push refers to repository [192.168.49.2:5000/453f97keycloak]
Test OLM installation	UNKNOWN STEP	2025-07-21T00:31:31.9745046Z 7a158699cec9: Preparing
Test OLM installation	UNKNOWN STEP	2025-07-21T00:31:31.9747495Z 1f9b2ef6f6bb: Preparing
Test OLM installation	UNKNOWN STEP	2025-07-21T00:31:31.9747898Z 5f9b2634213e: Preparing
Test OLM installation	UNKNOWN STEP	2025-07-21T00:31:31.9748627Z 906559f0b893: Preparing
Test OLM installation	UNKNOWN STEP	2025-07-21T00:31:32.0119761Z 7a158699cec9: Pushed
Test OLM installation	UNKNOWN STEP	2025-07-21T00:31:33.0188538Z 906559f0b893: Pushed
Test OLM installation	UNKNOWN STEP	2025-07-21T00:31:43.4788111Z 1f9b2ef6f6bb: Pushed
Test OLM installation	UNKNOWN STEP	2025-07-21T00:31:47.9323796Z 5f9b2634213e: Pushed
Test OLM installation	UNKNOWN STEP	2025-07-21T00:31:47.9509350Z 86400000.0.0: digest: sha256:6a8f769cd428f86c993a65d888269de540737396a15aac30d1ea2b59662b2163 size: 1160
Test OLM installation	UNKNOWN STEP	2025-07-21T00:31:47.9540427Z + cd /home/runner/work/keycloak/keycloak/operator/scripts/../../
Test OLM installation	UNKNOWN STEP	2025-07-21T00:31:47.9542007Z + ./mvnw clean package -Poperator -pl :keycloak-operator -am -Dquarkus.container-image.build=true -Dquarkus.container-image.image=192.168.49.2:5000/453f97keycloak-operator:86400000.0.0 -Dkc.operator.keycloak.image=192.168.49.2:5000/453f97keycloak:86400000.0.0 -DskipTests
Test OLM installation	UNKNOWN STEP	2025-07-21T00:31:48.0814325Z wget: Failed to fetch https://repo.maven.apache.org/maven2/org/apache/maven/apache-maven/3.9.8/apache-maven-3.9.8-bin.zip
Test OLM installation	UNKNOWN STEP	2025-07-21T00:31:48.0836088Z ##[error]Process completed with exit code 1.
Test OLM installation	UNKNOWN STEP	2025-07-21T00:31:48.0887467Z Post job cleanup.
Test OLM installation	UNKNOWN STEP	2025-07-21T00:31:48.0944614Z Post job cleanup.
Test OLM installation	UNKNOWN STEP	2025-07-21T00:31:48.2710032Z Post job cleanup.
Test OLM installation	UNKNOWN STEP	2025-07-21T00:31:48.3671765Z [command]/usr/bin/git version
Test OLM installation	UNKNOWN STEP	2025-07-21T00:31:48.3708311Z git version 2.50.1
Test OLM installation	UNKNOWN STEP	2025-07-21T00:31:48.3750802Z Temporarily overriding HOME='/home/runner/work/_temp/6f2a9feb-db66-4a10-b25e-a561872fbe1b' before making global git config changes
Test OLM installation	UNKNOWN STEP	2025-07-21T00:31:48.3751863Z Adding repository directory to the temporary git global config as a safe directory
Test OLM installation	UNKNOWN STEP	2025-07-21T00:31:48.3756393Z [command]/usr/bin/git config --global --add safe.directory /home/runner/work/keycloak/keycloak
Test OLM installation	UNKNOWN STEP	2025-07-21T00:31:48.3794342Z [command]/usr/bin/git config --local --name-only --get-regexp core\.sshCommand
Test OLM installation	UNKNOWN STEP	2025-07-21T00:31:48.3827021Z [command]/usr/bin/git submodule foreach --recursive sh -c "git config --local --name-only --get-regexp 'core\.sshCommand' && git config --local --unset-all 'core.sshCommand' || :"
Test OLM installation	UNKNOWN STEP	2025-07-21T00:31:48.4099197Z [command]/usr/bin/git config --local --name-only --get-regexp http\.https\:\/\/github\.com\/\.extraheader
Test OLM installation	UNKNOWN STEP	2025-07-21T00:31:48.4124689Z http.https://github.com/.extraheader
Test OLM installation	UNKNOWN STEP	2025-07-21T00:31:48.4138977Z [command]/usr/bin/git config --local --unset-all http.https://github.com/.extraheader
Test OLM installation	UNKNOWN STEP	2025-07-21T00:31:48.4174769Z [command]/usr/bin/git submodule foreach --recursive sh -c "git config --local --name-only --get-regexp 'http\.https\:\/\/github\.com\/\.extraheader' && git config --local --unset-all 'http.https://github.com/.extraheader' || :"
Test OLM installation	UNKNOWN STEP	2025-07-21T00:31:48.4556028Z Cleaning up orphan processes
Status Check - Keycloak Operator CI	UNKNOWN STEP	Ôªø2025-07-21T00:57:54.6863096Z Current runner version: '2.326.0'
Status Check - Keycloak Operator CI	UNKNOWN STEP	2025-07-21T00:57:54.6886911Z ##[group]Runner Image Provisioner
Status Check - Keycloak Operator CI	UNKNOWN STEP	2025-07-21T00:57:54.6887735Z Hosted Compute Agent
Status Check - Keycloak Operator CI	UNKNOWN STEP	2025-07-21T00:57:54.6888422Z Version: 20250711.363
Status Check - Keycloak Operator CI	UNKNOWN STEP	2025-07-21T00:57:54.6889215Z Commit: 6785254374ce925a23743850c1cb91912ce5c14c
Status Check - Keycloak Operator CI	UNKNOWN STEP	2025-07-21T00:57:54.6889945Z Build Date: 2025-07-11T20:04:25Z
Status Check - Keycloak Operator CI	UNKNOWN STEP	2025-07-21T00:57:54.6890543Z ##[endgroup]
Status Check - Keycloak Operator CI	UNKNOWN STEP	2025-07-21T00:57:54.6891120Z ##[group]Operating System
Status Check - Keycloak Operator CI	UNKNOWN STEP	2025-07-21T00:57:54.6891674Z Ubuntu
Status Check - Keycloak Operator CI	UNKNOWN STEP	2025-07-21T00:57:54.6892225Z 24.04.2
Status Check - Keycloak Operator CI	UNKNOWN STEP	2025-07-21T00:57:54.6892743Z LTS
Status Check - Keycloak Operator CI	UNKNOWN STEP	2025-07-21T00:57:54.6893200Z ##[endgroup]
Status Check - Keycloak Operator CI	UNKNOWN STEP	2025-07-21T00:57:54.6893752Z ##[group]Runner Image
Status Check - Keycloak Operator CI	UNKNOWN STEP	2025-07-21T00:57:54.6894329Z Image: ubuntu-24.04
Status Check - Keycloak Operator CI	UNKNOWN STEP	2025-07-21T00:57:54.6894870Z Version: 20250710.1.0
Status Check - Keycloak Operator CI	UNKNOWN STEP	2025-07-21T00:57:54.6895832Z Included Software: https://github.com/actions/runner-images/blob/ubuntu24/20250710.1/images/ubuntu/Ubuntu2404-Readme.md
Status Check - Keycloak Operator CI	UNKNOWN STEP	2025-07-21T00:57:54.6897401Z Image Release: https://github.com/actions/runner-images/releases/tag/ubuntu24%2F20250710.1
Status Check - Keycloak Operator CI	UNKNOWN STEP	2025-07-21T00:57:54.6898510Z ##[endgroup]
Status Check - Keycloak Operator CI	UNKNOWN STEP	2025-07-21T00:57:54.6899723Z ##[group]GITHUB_TOKEN Permissions
Status Check - Keycloak Operator CI	UNKNOWN STEP	2025-07-21T00:57:54.6901463Z Contents: read
Status Check - Keycloak Operator CI	UNKNOWN STEP	2025-07-21T00:57:54.6902089Z Metadata: read
Status Check - Keycloak Operator CI	UNKNOWN STEP	2025-07-21T00:57:54.6902583Z ##[endgroup]
Status Check - Keycloak Operator CI	UNKNOWN STEP	2025-07-21T00:57:54.6904516Z Secret source: Actions
Status Check - Keycloak Operator CI	UNKNOWN STEP	2025-07-21T00:57:54.6905405Z Prepare workflow directory
Status Check - Keycloak Operator CI	UNKNOWN STEP	2025-07-21T00:57:54.7423691Z Prepare all required actions
Status Check - Keycloak Operator CI	UNKNOWN STEP	2025-07-21T00:57:54.7477972Z Getting action download info
Status Check - Keycloak Operator CI	UNKNOWN STEP	2025-07-21T00:57:55.0350623Z Download action repository 'actions/checkout@11bd71901bbe5b1630ceea73d27597364c9af683' (SHA:11bd71901bbe5b1630ceea73d27597364c9af683)
Status Check - Keycloak Operator CI	UNKNOWN STEP	2025-07-21T00:57:55.1954900Z Complete job name: Status Check - Keycloak Operator CI
Status Check - Keycloak Operator CI	UNKNOWN STEP	2025-07-21T00:57:55.2728710Z ##[group]Run actions/checkout@11bd71901bbe5b1630ceea73d27597364c9af683
Status Check - Keycloak Operator CI	UNKNOWN STEP	2025-07-21T00:57:55.2729995Z with:
Status Check - Keycloak Operator CI	UNKNOWN STEP	2025-07-21T00:57:55.2730424Z   repository: keycloak/keycloak
Status Check - Keycloak Operator CI	UNKNOWN STEP	2025-07-21T00:57:55.2731072Z   token: ***
Status Check - Keycloak Operator CI	UNKNOWN STEP	2025-07-21T00:57:55.2731509Z   ssh-strict: true
Status Check - Keycloak Operator CI	UNKNOWN STEP	2025-07-21T00:57:55.2731945Z   ssh-user: git
Status Check - Keycloak Operator CI	UNKNOWN STEP	2025-07-21T00:57:55.2732409Z   persist-credentials: true
Status Check - Keycloak Operator CI	UNKNOWN STEP	2025-07-21T00:57:55.2732898Z   clean: true
Status Check - Keycloak Operator CI	UNKNOWN STEP	2025-07-21T00:57:55.2733296Z   sparse-checkout-cone-mode: true
Status Check - Keycloak Operator CI	UNKNOWN STEP	2025-07-21T00:57:55.2733824Z   fetch-depth: 1
Status Check - Keycloak Operator CI	UNKNOWN STEP	2025-07-21T00:57:55.2734216Z   fetch-tags: false
Status Check - Keycloak Operator CI	UNKNOWN STEP	2025-07-21T00:57:55.2734621Z   show-progress: true
Status Check - Keycloak Operator CI	UNKNOWN STEP	2025-07-21T00:57:55.2735028Z   lfs: false
Status Check - Keycloak Operator CI	UNKNOWN STEP	2025-07-21T00:57:55.2735384Z   submodules: false
Status Check - Keycloak Operator CI	UNKNOWN STEP	2025-07-21T00:57:55.2735811Z   set-safe-directory: true
Status Check - Keycloak Operator CI	UNKNOWN STEP	2025-07-21T00:57:55.2736657Z env:
Status Check - Keycloak Operator CI	UNKNOWN STEP	2025-07-21T00:57:55.2737220Z   MAVEN_ARGS: -B -nsu -Daether.connector.http.connectionMaxTtl=25
Status Check - Keycloak Operator CI	UNKNOWN STEP	2025-07-21T00:57:55.2737874Z   MINIKUBE_VERSION: v1.32.0
Status Check - Keycloak Operator CI	UNKNOWN STEP	2025-07-21T00:57:55.2738369Z   KUBERNETES_VERSION: v1.27.10
Status Check - Keycloak Operator CI	UNKNOWN STEP	2025-07-21T00:57:55.2738821Z   MINIKUBE_MEMORY: 4096
Status Check - Keycloak Operator CI	UNKNOWN STEP	2025-07-21T00:57:55.2739475Z ##[endgroup]
Status Check - Keycloak Operator CI	UNKNOWN STEP	2025-07-21T00:57:55.3801789Z Syncing repository: keycloak/keycloak
Status Check - Keycloak Operator CI	UNKNOWN STEP	2025-07-21T00:57:55.3803795Z ##[group]Getting Git version info
Status Check - Keycloak Operator CI	UNKNOWN STEP	2025-07-21T00:57:55.3804508Z Working directory is '/home/runner/work/keycloak/keycloak'
Status Check - Keycloak Operator CI	UNKNOWN STEP	2025-07-21T00:57:55.3805489Z [command]/usr/bin/git version
Status Check - Keycloak Operator CI	UNKNOWN STEP	2025-07-21T00:57:55.3859229Z git version 2.50.1
Status Check - Keycloak Operator CI	UNKNOWN STEP	2025-07-21T00:57:55.3885278Z ##[endgroup]
Status Check - Keycloak Operator CI	UNKNOWN STEP	2025-07-21T00:57:55.3899671Z Temporarily overriding HOME='/home/runner/work/_temp/0600dc5b-c85d-4955-b9d2-14339ea2fda2' before making global git config changes
Status Check - Keycloak Operator CI	UNKNOWN STEP	2025-07-21T00:57:55.3901745Z Adding repository directory to the temporary git global config as a safe directory
Status Check - Keycloak Operator CI	UNKNOWN STEP	2025-07-21T00:57:55.3912093Z [command]/usr/bin/git config --global --add safe.directory /home/runner/work/keycloak/keycloak
Status Check - Keycloak Operator CI	UNKNOWN STEP	2025-07-21T00:57:55.3945687Z Deleting the contents of '/home/runner/work/keycloak/keycloak'
Status Check - Keycloak Operator CI	UNKNOWN STEP	2025-07-21T00:57:55.3949370Z ##[group]Initializing the repository
Status Check - Keycloak Operator CI	UNKNOWN STEP	2025-07-21T00:57:55.3953387Z [command]/usr/bin/git init /home/runner/work/keycloak/keycloak
Status Check - Keycloak Operator CI	UNKNOWN STEP	2025-07-21T00:57:55.4042155Z hint: Using 'master' as the name for the initial branch. This default branch name
Status Check - Keycloak Operator CI	UNKNOWN STEP	2025-07-21T00:57:55.4043353Z hint: is subject to change. To configure the initial branch name to use in all
Status Check - Keycloak Operator CI	UNKNOWN STEP	2025-07-21T00:57:55.4044595Z hint: of your new repositories, which will suppress this warning, call:
Status Check - Keycloak Operator CI	UNKNOWN STEP	2025-07-21T00:57:55.4045626Z hint:
Status Check - Keycloak Operator CI	UNKNOWN STEP	2025-07-21T00:57:55.4046398Z hint: 	git config --global init.defaultBranch <name>
Status Check - Keycloak Operator CI	UNKNOWN STEP	2025-07-21T00:57:55.4047359Z hint:
Status Check - Keycloak Operator CI	UNKNOWN STEP	2025-07-21T00:57:55.4048258Z hint: Names commonly chosen instead of 'master' are 'main', 'trunk' and
Status Check - Keycloak Operator CI	UNKNOWN STEP	2025-07-21T00:57:55.4049833Z hint: 'development'. The just-created branch can be renamed via this command:
Status Check - Keycloak Operator CI	UNKNOWN STEP	2025-07-21T00:57:55.4050625Z hint:
Status Check - Keycloak Operator CI	UNKNOWN STEP	2025-07-21T00:57:55.4051218Z hint: 	git branch -m <name>
Status Check - Keycloak Operator CI	UNKNOWN STEP	2025-07-21T00:57:55.4051847Z hint:
Status Check - Keycloak Operator CI	UNKNOWN STEP	2025-07-21T00:57:55.4052501Z hint: Disable this message with "git config set advice.defaultBranchName false"
Status Check - Keycloak Operator CI	UNKNOWN STEP	2025-07-21T00:57:55.4053565Z Initialized empty Git repository in /home/runner/work/keycloak/keycloak/.git/
Status Check - Keycloak Operator CI	UNKNOWN STEP	2025-07-21T00:57:55.4056908Z [command]/usr/bin/git remote add origin https://github.com/keycloak/keycloak
Status Check - Keycloak Operator CI	UNKNOWN STEP	2025-07-21T00:57:55.4088496Z ##[endgroup]
Status Check - Keycloak Operator CI	UNKNOWN STEP	2025-07-21T00:57:55.4089443Z ##[group]Disabling automatic garbage collection
Status Check - Keycloak Operator CI	UNKNOWN STEP	2025-07-21T00:57:55.4092603Z [command]/usr/bin/git config --local gc.auto 0
Status Check - Keycloak Operator CI	UNKNOWN STEP	2025-07-21T00:57:55.4119807Z ##[endgroup]
Status Check - Keycloak Operator CI	UNKNOWN STEP	2025-07-21T00:57:55.4120493Z ##[group]Setting up auth
Status Check - Keycloak Operator CI	UNKNOWN STEP	2025-07-21T00:57:55.4126445Z [command]/usr/bin/git config --local --name-only --get-regexp core\.sshCommand
Status Check - Keycloak Operator CI	UNKNOWN STEP	2025-07-21T00:57:55.4155195Z [command]/usr/bin/git submodule foreach --recursive sh -c "git config --local --name-only --get-regexp 'core\.sshCommand' && git config --local --unset-all 'core.sshCommand' || :"
Status Check - Keycloak Operator CI	UNKNOWN STEP	2025-07-21T00:57:55.4523634Z [command]/usr/bin/git config --local --name-only --get-regexp http\.https\:\/\/github\.com\/\.extraheader
Status Check - Keycloak Operator CI	UNKNOWN STEP	2025-07-21T00:57:55.4552809Z [command]/usr/bin/git submodule foreach --recursive sh -c "git config --local --name-only --get-regexp 'http\.https\:\/\/github\.com\/\.extraheader' && git config --local --unset-all 'http.https://github.com/.extraheader' || :"
Status Check - Keycloak Operator CI	UNKNOWN STEP	2025-07-21T00:57:55.4768639Z [command]/usr/bin/git config --local http.https://github.com/.extraheader AUTHORIZATION: basic ***
Status Check - Keycloak Operator CI	UNKNOWN STEP	2025-07-21T00:57:55.4802305Z ##[endgroup]
Status Check - Keycloak Operator CI	UNKNOWN STEP	2025-07-21T00:57:55.4803563Z ##[group]Fetching the repository
Status Check - Keycloak Operator CI	UNKNOWN STEP	2025-07-21T00:57:55.4820934Z [command]/usr/bin/git -c protocol.version=2 fetch --no-tags --prune --no-recurse-submodules --depth=1 origin +453f97adf06f39fa8544e229ed23b96b48cf0cac:refs/remotes/origin/main
Status Check - Keycloak Operator CI	UNKNOWN STEP	2025-07-21T00:57:58.5299847Z From https://github.com/keycloak/keycloak
Status Check - Keycloak Operator CI	UNKNOWN STEP	2025-07-21T00:57:58.5302201Z  * [new ref]         453f97adf06f39fa8544e229ed23b96b48cf0cac -> origin/main
Status Check - Keycloak Operator CI	UNKNOWN STEP	2025-07-21T00:57:58.5324493Z ##[endgroup]
Status Check - Keycloak Operator CI	UNKNOWN STEP	2025-07-21T00:57:58.5326153Z ##[group]Determining the checkout info
Status Check - Keycloak Operator CI	UNKNOWN STEP	2025-07-21T00:57:58.5327863Z ##[endgroup]
Status Check - Keycloak Operator CI	UNKNOWN STEP	2025-07-21T00:57:58.5330415Z [command]/usr/bin/git sparse-checkout disable
Status Check - Keycloak Operator CI	UNKNOWN STEP	2025-07-21T00:57:58.5367897Z [command]/usr/bin/git config --local --unset-all extensions.worktreeConfig
Status Check - Keycloak Operator CI	UNKNOWN STEP	2025-07-21T00:57:58.5395623Z ##[group]Checking out the ref
Status Check - Keycloak Operator CI	UNKNOWN STEP	2025-07-21T00:57:58.5397896Z [command]/usr/bin/git checkout --progress --force -B main refs/remotes/origin/main
Status Check - Keycloak Operator CI	UNKNOWN STEP	2025-07-21T00:57:59.3373483Z Switched to a new branch 'main'
Status Check - Keycloak Operator CI	UNKNOWN STEP	2025-07-21T00:57:59.3375012Z branch 'main' set up to track 'origin/main'.
Status Check - Keycloak Operator CI	UNKNOWN STEP	2025-07-21T00:57:59.3407845Z ##[endgroup]
Status Check - Keycloak Operator CI	UNKNOWN STEP	2025-07-21T00:57:59.3445069Z [command]/usr/bin/git log -1 --format=%H
Status Check - Keycloak Operator CI	UNKNOWN STEP	2025-07-21T00:57:59.3467104Z 453f97adf06f39fa8544e229ed23b96b48cf0cac
Status Check - Keycloak Operator CI	UNKNOWN STEP	2025-07-21T00:57:59.3697843Z Prepare all required actions
Status Check - Keycloak Operator CI	UNKNOWN STEP	2025-07-21T00:57:59.3761942Z ##[group]Run ./.github/actions/status-check
Status Check - Keycloak Operator CI	UNKNOWN STEP	2025-07-21T00:57:59.3762266Z with:
Status Check - Keycloak Operator CI	UNKNOWN STEP	2025-07-21T00:57:59.3763114Z   jobs: {
Status Check - Keycloak Operator CI	UNKNOWN STEP	  "conditional": {
Status Check - Keycloak Operator CI	UNKNOWN STEP	    "result": "success",
Status Check - Keycloak Operator CI	UNKNOWN STEP	    "outputs": {
Status Check - Keycloak Operator CI	UNKNOWN STEP	      "operator": "true"
Status Check - Keycloak Operator CI	UNKNOWN STEP	    }
Status Check - Keycloak Operator CI	UNKNOWN STEP	  },
Status Check - Keycloak Operator CI	UNKNOWN STEP	  "build": {
Status Check - Keycloak Operator CI	UNKNOWN STEP	    "result": "success",
Status Check - Keycloak Operator CI	UNKNOWN STEP	    "outputs": {}
Status Check - Keycloak Operator CI	UNKNOWN STEP	  },
Status Check - Keycloak Operator CI	UNKNOWN STEP	  "test-local-apiserver": {
Status Check - Keycloak Operator CI	UNKNOWN STEP	    "result": "success",
Status Check - Keycloak Operator CI	UNKNOWN STEP	    "outputs": {}
Status Check - Keycloak Operator CI	UNKNOWN STEP	  },
Status Check - Keycloak Operator CI	UNKNOWN STEP	  "test-remote": {
Status Check - Keycloak Operator CI	UNKNOWN STEP	    "result": "success",
Status Check - Keycloak Operator CI	UNKNOWN STEP	    "outputs": {}
Status Check - Keycloak Operator CI	UNKNOWN STEP	  },
Status Check - Keycloak Operator CI	UNKNOWN STEP	  "test-olm": {
Status Check - Keycloak Operator CI	UNKNOWN STEP	    "result": "failure",
Status Check - Keycloak Operator CI	UNKNOWN STEP	    "outputs": {}
Status Check - Keycloak Operator CI	UNKNOWN STEP	  }
Status Check - Keycloak Operator CI	UNKNOWN STEP	}
Status Check - Keycloak Operator CI	UNKNOWN STEP	2025-07-21T00:57:59.3764010Z env:
Status Check - Keycloak Operator CI	UNKNOWN STEP	2025-07-21T00:57:59.3764318Z   MAVEN_ARGS: -B -nsu -Daether.connector.http.connectionMaxTtl=25
Status Check - Keycloak Operator CI	UNKNOWN STEP	2025-07-21T00:57:59.3764694Z   MINIKUBE_VERSION: v1.32.0
Status Check - Keycloak Operator CI	UNKNOWN STEP	2025-07-21T00:57:59.3765164Z   KUBERNETES_VERSION: v1.27.10
Status Check - Keycloak Operator CI	UNKNOWN STEP	2025-07-21T00:57:59.3765435Z   MINIKUBE_MEMORY: 4096
Status Check - Keycloak Operator CI	UNKNOWN STEP	2025-07-21T00:57:59.3765661Z ##[endgroup]
Status Check - Keycloak Operator CI	UNKNOWN STEP	2025-07-21T00:57:59.3859918Z ##[group]Run JOBS='{
Status Check - Keycloak Operator CI	UNKNOWN STEP	2025-07-21T00:57:59.3860259Z [36;1mJOBS='{[0m
Status Check - Keycloak Operator CI	UNKNOWN STEP	2025-07-21T00:57:59.3860561Z [36;1m  "conditional": {[0m
Status Check - Keycloak Operator CI	UNKNOWN STEP	2025-07-21T00:57:59.3860836Z [36;1m    "result": "success",[0m
Status Check - Keycloak Operator CI	UNKNOWN STEP	2025-07-21T00:57:59.3861112Z [36;1m    "outputs": {[0m
Status Check - Keycloak Operator CI	UNKNOWN STEP	2025-07-21T00:57:59.3861371Z [36;1m      "operator": "true"[0m
Status Check - Keycloak Operator CI	UNKNOWN STEP	2025-07-21T00:57:59.3861653Z [36;1m    }[0m
Status Check - Keycloak Operator CI	UNKNOWN STEP	2025-07-21T00:57:59.3861891Z [36;1m  },[0m
Status Check - Keycloak Operator CI	UNKNOWN STEP	2025-07-21T00:57:59.3862103Z [36;1m  "build": {[0m
Status Check - Keycloak Operator CI	UNKNOWN STEP	2025-07-21T00:57:59.3862332Z [36;1m    "result": "success",[0m
Status Check - Keycloak Operator CI	UNKNOWN STEP	2025-07-21T00:57:59.3862594Z [36;1m    "outputs": {}[0m
Status Check - Keycloak Operator CI	UNKNOWN STEP	2025-07-21T00:57:59.3862829Z [36;1m  },[0m
Status Check - Keycloak Operator CI	UNKNOWN STEP	2025-07-21T00:57:59.3863053Z [36;1m  "test-local-apiserver": {[0m
Status Check - Keycloak Operator CI	UNKNOWN STEP	2025-07-21T00:57:59.3863345Z [36;1m    "result": "success",[0m
Status Check - Keycloak Operator CI	UNKNOWN STEP	2025-07-21T00:57:59.3863603Z [36;1m    "outputs": {}[0m
Status Check - Keycloak Operator CI	UNKNOWN STEP	2025-07-21T00:57:59.3863831Z [36;1m  },[0m
Status Check - Keycloak Operator CI	UNKNOWN STEP	2025-07-21T00:57:59.3864057Z [36;1m  "test-remote": {[0m
Status Check - Keycloak Operator CI	UNKNOWN STEP	2025-07-21T00:57:59.3864309Z [36;1m    "result": "success",[0m
Status Check - Keycloak Operator CI	UNKNOWN STEP	2025-07-21T00:57:59.3864566Z [36;1m    "outputs": {}[0m
Status Check - Keycloak Operator CI	UNKNOWN STEP	2025-07-21T00:57:59.3864800Z [36;1m  },[0m
Status Check - Keycloak Operator CI	UNKNOWN STEP	2025-07-21T00:57:59.3865008Z [36;1m  "test-olm": {[0m
Status Check - Keycloak Operator CI	UNKNOWN STEP	2025-07-21T00:57:59.3865258Z [36;1m    "result": "failure",[0m
Status Check - Keycloak Operator CI	UNKNOWN STEP	2025-07-21T00:57:59.3865508Z [36;1m    "outputs": {}[0m
Status Check - Keycloak Operator CI	UNKNOWN STEP	2025-07-21T00:57:59.3865737Z [36;1m  }[0m
Status Check - Keycloak Operator CI	UNKNOWN STEP	2025-07-21T00:57:59.3865929Z [36;1m}'[0m
Status Check - Keycloak Operator CI	UNKNOWN STEP	2025-07-21T00:57:59.3866136Z [36;1m[0m
Status Check - Keycloak Operator CI	UNKNOWN STEP	2025-07-21T00:57:59.3866340Z [36;1mecho "Job status:"[0m
Status Check - Keycloak Operator CI	UNKNOWN STEP	2025-07-21T00:57:59.3866700Z [36;1mecho $JOBS | jq -r 'to_entries[] | " - \(.key): \(.value.result)"'[0m
Status Check - Keycloak Operator CI	UNKNOWN STEP	2025-07-21T00:57:59.3867047Z [36;1m[0m
Status Check - Keycloak Operator CI	UNKNOWN STEP	2025-07-21T00:57:59.3867338Z [36;1mfor i in $(echo $JOBS | jq -r 'to_entries[] | .value.result'); do[0m
Status Check - Keycloak Operator CI	UNKNOWN STEP	2025-07-21T00:57:59.3867751Z [36;1m  if [ "$i" != "success" ] && [ "$i" != "skipped" ]; then[0m
Status Check - Keycloak Operator CI	UNKNOWN STEP	2025-07-21T00:57:59.3868060Z [36;1m    echo ""[0m
Status Check - Keycloak Operator CI	UNKNOWN STEP	2025-07-21T00:57:59.3868311Z [36;1m    echo "Status check not okay!"[0m
Status Check - Keycloak Operator CI	UNKNOWN STEP	2025-07-21T00:57:59.3868584Z [36;1m    exit 1[0m
Status Check - Keycloak Operator CI	UNKNOWN STEP	2025-07-21T00:57:59.3868798Z [36;1m  fi[0m
Status Check - Keycloak Operator CI	UNKNOWN STEP	2025-07-21T00:57:59.3869120Z [36;1mdone[0m
Status Check - Keycloak Operator CI	UNKNOWN STEP	2025-07-21T00:57:59.3901706Z shell: /usr/bin/bash --noprofile --norc -e -o pipefail {0}
Status Check - Keycloak Operator CI	UNKNOWN STEP	2025-07-21T00:57:59.3902087Z env:
Status Check - Keycloak Operator CI	UNKNOWN STEP	2025-07-21T00:57:59.3902387Z   MAVEN_ARGS: -B -nsu -Daether.connector.http.connectionMaxTtl=25
Status Check - Keycloak Operator CI	UNKNOWN STEP	2025-07-21T00:57:59.3902759Z   MINIKUBE_VERSION: v1.32.0
Status Check - Keycloak Operator CI	UNKNOWN STEP	2025-07-21T00:57:59.3903024Z   KUBERNETES_VERSION: v1.27.10
Status Check - Keycloak Operator CI	UNKNOWN STEP	2025-07-21T00:57:59.3903279Z   MINIKUBE_MEMORY: 4096
Status Check - Keycloak Operator CI	UNKNOWN STEP	2025-07-21T00:57:59.3903511Z ##[endgroup]
Status Check - Keycloak Operator CI	UNKNOWN STEP	2025-07-21T00:57:59.3969960Z Job status:
Status Check - Keycloak Operator CI	UNKNOWN STEP	2025-07-21T00:57:59.4003228Z  - conditional: success
Status Check - Keycloak Operator CI	UNKNOWN STEP	2025-07-21T00:57:59.4003542Z  - build: success
Status Check - Keycloak Operator CI	UNKNOWN STEP	2025-07-21T00:57:59.4003801Z  - test-local-apiserver: success
Status Check - Keycloak Operator CI	UNKNOWN STEP	2025-07-21T00:57:59.4004086Z  - test-remote: success
Status Check - Keycloak Operator CI	UNKNOWN STEP	2025-07-21T00:57:59.4004325Z  - test-olm: failure
Status Check - Keycloak Operator CI	UNKNOWN STEP	2025-07-21T00:57:59.4037222Z 
Status Check - Keycloak Operator CI	UNKNOWN STEP	2025-07-21T00:57:59.4037397Z Status check not okay!
Status Check - Keycloak Operator CI	UNKNOWN STEP	2025-07-21T00:57:59.4049690Z ##[error]Process completed with exit code 1.
Status Check - Keycloak Operator CI	UNKNOWN STEP	2025-07-21T00:57:59.4158405Z Post job cleanup.
Status Check - Keycloak Operator CI	UNKNOWN STEP	2025-07-21T00:57:59.5076550Z [command]/usr/bin/git version
Status Check - Keycloak Operator CI	UNKNOWN STEP	2025-07-21T00:57:59.5112773Z git version 2.50.1
Status Check - Keycloak Operator CI	UNKNOWN STEP	2025-07-21T00:57:59.5155369Z Temporarily overriding HOME='/home/runner/work/_temp/d8adce8d-2717-4c27-b356-574b4326d8ed' before making global git config changes
Status Check - Keycloak Operator CI	UNKNOWN STEP	2025-07-21T00:57:59.5156352Z Adding repository directory to the temporary git global config as a safe directory
Status Check - Keycloak Operator CI	UNKNOWN STEP	2025-07-21T00:57:59.5160850Z [command]/usr/bin/git config --global --add safe.directory /home/runner/work/keycloak/keycloak
Status Check - Keycloak Operator CI	UNKNOWN STEP	2025-07-21T00:57:59.5195377Z [command]/usr/bin/git config --local --name-only --get-regexp core\.sshCommand
Status Check - Keycloak Operator CI	UNKNOWN STEP	2025-07-21T00:57:59.5227024Z [command]/usr/bin/git submodule foreach --recursive sh -c "git config --local --name-only --get-regexp 'core\.sshCommand' && git config --local --unset-all 'core.sshCommand' || :"
Status Check - Keycloak Operator CI	UNKNOWN STEP	2025-07-21T00:57:59.5469513Z [command]/usr/bin/git config --local --name-only --get-regexp http\.https\:\/\/github\.com\/\.extraheader
Status Check - Keycloak Operator CI	UNKNOWN STEP	2025-07-21T00:57:59.5489769Z http.https://github.com/.extraheader
Status Check - Keycloak Operator CI	UNKNOWN STEP	2025-07-21T00:57:59.5502803Z [command]/usr/bin/git config --local --unset-all http.https://github.com/.extraheader
Status Check - Keycloak Operator CI	UNKNOWN STEP	2025-07-21T00:57:59.5533763Z [command]/usr/bin/git submodule foreach --recursive sh -c "git config --local --name-only --get-regexp 'http\.https\:\/\/github\.com\/\.extraheader' && git config --local --unset-all 'http.https://github.com/.extraheader' || :"
Status Check - Keycloak Operator CI	UNKNOWN STEP	2025-07-21T00:57:59.5876411Z Cleaning up orphan processes
