Test OLM installation	UNKNOWN STEP	ï»¿2025-11-15T00:24:44.4402127Z Current runner version: '2.329.0'
Test OLM installation	UNKNOWN STEP	2025-11-15T00:24:44.4424434Z ##[group]Runner Image Provisioner
Test OLM installation	UNKNOWN STEP	2025-11-15T00:24:44.4425157Z Hosted Compute Agent
Test OLM installation	UNKNOWN STEP	2025-11-15T00:24:44.4425701Z Version: 20251016.436
Test OLM installation	UNKNOWN STEP	2025-11-15T00:24:44.4426302Z Commit: 8ab8ac8bfd662a3739dab9fe09456aba92132568
Test OLM installation	UNKNOWN STEP	2025-11-15T00:24:44.4427010Z Build Date: 2025-10-15T20:44:12Z
Test OLM installation	UNKNOWN STEP	2025-11-15T00:24:44.4427578Z ##[endgroup]
Test OLM installation	UNKNOWN STEP	2025-11-15T00:24:44.4428177Z ##[group]Operating System
Test OLM installation	UNKNOWN STEP	2025-11-15T00:24:44.4428755Z Ubuntu
Test OLM installation	UNKNOWN STEP	2025-11-15T00:24:44.4429200Z 24.04.3
Test OLM installation	UNKNOWN STEP	2025-11-15T00:24:44.4429968Z LTS
Test OLM installation	UNKNOWN STEP	2025-11-15T00:24:44.4430456Z ##[endgroup]
Test OLM installation	UNKNOWN STEP	2025-11-15T00:24:44.4430949Z ##[group]Runner Image
Test OLM installation	UNKNOWN STEP	2025-11-15T00:24:44.4431463Z Image: ubuntu-24.04
Test OLM installation	UNKNOWN STEP	2025-11-15T00:24:44.4432041Z Version: 20251112.124.1
Test OLM installation	UNKNOWN STEP	2025-11-15T00:24:44.4433018Z Included Software: https://github.com/actions/runner-images/blob/ubuntu24/20251112.124/images/ubuntu/Ubuntu2404-Readme.md
Test OLM installation	UNKNOWN STEP	2025-11-15T00:24:44.4434624Z Image Release: https://github.com/actions/runner-images/releases/tag/ubuntu24%2F20251112.124
Test OLM installation	UNKNOWN STEP	2025-11-15T00:24:44.4435599Z ##[endgroup]
Test OLM installation	UNKNOWN STEP	2025-11-15T00:24:44.4436947Z ##[group]GITHUB_TOKEN Permissions
Test OLM installation	UNKNOWN STEP	2025-11-15T00:24:44.4438960Z Contents: read
Test OLM installation	UNKNOWN STEP	2025-11-15T00:24:44.4439457Z Metadata: read
Test OLM installation	UNKNOWN STEP	2025-11-15T00:24:44.4440203Z ##[endgroup]
Test OLM installation	UNKNOWN STEP	2025-11-15T00:24:44.4442442Z Secret source: Actions
Test OLM installation	UNKNOWN STEP	2025-11-15T00:24:44.4443311Z Prepare workflow directory
Test OLM installation	UNKNOWN STEP	2025-11-15T00:24:44.4844615Z Prepare all required actions
Test OLM installation	UNKNOWN STEP	2025-11-15T00:24:44.4881779Z Getting action download info
Test OLM installation	UNKNOWN STEP	2025-11-15T00:24:44.9196244Z Download action repository 'actions/checkout@08c6903cd8c0fde910a37f88322edcfb5dd907a8' (SHA:08c6903cd8c0fde910a37f88322edcfb5dd907a8)
Test OLM installation	UNKNOWN STEP	2025-11-15T00:24:45.0649223Z Download action repository 'manusa/actions-setup-minikube@b589f2d61bf96695c546929c72b38563e856059d' (SHA:b589f2d61bf96695c546929c72b38563e856059d)
Test OLM installation	UNKNOWN STEP	2025-11-15T00:24:45.8402998Z Download action repository 'redhat-actions/openshift-tools-installer@144527c7d98999f2652264c048c7a9bd103f8a82' (SHA:144527c7d98999f2652264c048c7a9bd103f8a82)
Test OLM installation	UNKNOWN STEP	2025-11-15T00:24:46.3527391Z Download action repository 'actions/download-artifact@634f93cb2916e3fdff6788551b99b062d0335ce0' (SHA:634f93cb2916e3fdff6788551b99b062d0335ce0)
Test OLM installation	UNKNOWN STEP	2025-11-15T00:24:46.7275844Z Download action repository 'actions/upload-artifact@ea165f8d65b6e75b540449e92b4886f43607fa02' (SHA:ea165f8d65b6e75b540449e92b4886f43607fa02)
Test OLM installation	UNKNOWN STEP	2025-11-15T00:24:46.9823050Z Complete job name: Test OLM installation
Test OLM installation	UNKNOWN STEP	2025-11-15T00:24:47.0638085Z ##[group]Run actions/checkout@08c6903cd8c0fde910a37f88322edcfb5dd907a8
Test OLM installation	UNKNOWN STEP	2025-11-15T00:24:47.0638957Z with:
Test OLM installation	UNKNOWN STEP	2025-11-15T00:24:47.0639282Z   repository: keycloak/keycloak
Test OLM installation	UNKNOWN STEP	2025-11-15T00:24:47.0640159Z   token: ***
Test OLM installation	UNKNOWN STEP	2025-11-15T00:24:47.0640473Z   ssh-strict: true
Test OLM installation	UNKNOWN STEP	2025-11-15T00:24:47.0640797Z   ssh-user: git
Test OLM installation	UNKNOWN STEP	2025-11-15T00:24:47.0641116Z   persist-credentials: true
Test OLM installation	UNKNOWN STEP	2025-11-15T00:24:47.0641472Z   clean: true
Test OLM installation	UNKNOWN STEP	2025-11-15T00:24:47.0641808Z   sparse-checkout-cone-mode: true
Test OLM installation	UNKNOWN STEP	2025-11-15T00:24:47.0642202Z   fetch-depth: 1
Test OLM installation	UNKNOWN STEP	2025-11-15T00:24:47.0642509Z   fetch-tags: false
Test OLM installation	UNKNOWN STEP	2025-11-15T00:24:47.0642824Z   show-progress: true
Test OLM installation	UNKNOWN STEP	2025-11-15T00:24:47.0643167Z   lfs: false
Test OLM installation	UNKNOWN STEP	2025-11-15T00:24:47.0643456Z   submodules: false
Test OLM installation	UNKNOWN STEP	2025-11-15T00:24:47.0643780Z   set-safe-directory: true
Test OLM installation	UNKNOWN STEP	2025-11-15T00:24:47.0644390Z env:
Test OLM installation	UNKNOWN STEP	2025-11-15T00:24:47.0644864Z   MAVEN_ARGS: -B -nsu -Daether.connector.http.connectionMaxTtl=25
Test OLM installation	UNKNOWN STEP	2025-11-15T00:24:47.0645374Z   MINIKUBE_VERSION: v1.37.0
Test OLM installation	UNKNOWN STEP	2025-11-15T00:24:47.0645790Z   KUBERNETES_VERSION: v1.32.9
Test OLM installation	UNKNOWN STEP	2025-11-15T00:24:47.0646157Z   MINIKUBE_MEMORY: 4096
Test OLM installation	UNKNOWN STEP	2025-11-15T00:24:47.0646480Z ##[endgroup]
Test OLM installation	UNKNOWN STEP	2025-11-15T00:24:47.1578554Z Syncing repository: keycloak/keycloak
Test OLM installation	UNKNOWN STEP	2025-11-15T00:24:47.1580381Z ##[group]Getting Git version info
Test OLM installation	UNKNOWN STEP	2025-11-15T00:24:47.1580933Z Working directory is '/home/runner/work/keycloak/keycloak'
Test OLM installation	UNKNOWN STEP	2025-11-15T00:24:47.1581665Z [command]/usr/bin/git version
Test OLM installation	UNKNOWN STEP	2025-11-15T00:24:47.2758637Z git version 2.51.2
Test OLM installation	UNKNOWN STEP	2025-11-15T00:24:47.2812949Z ##[endgroup]
Test OLM installation	UNKNOWN STEP	2025-11-15T00:24:47.2829935Z Temporarily overriding HOME='/home/runner/work/_temp/3cb65e64-89ac-4a66-bc1b-7ab4ce040ab3' before making global git config changes
Test OLM installation	UNKNOWN STEP	2025-11-15T00:24:47.2831555Z Adding repository directory to the temporary git global config as a safe directory
Test OLM installation	UNKNOWN STEP	2025-11-15T00:24:47.2836206Z [command]/usr/bin/git config --global --add safe.directory /home/runner/work/keycloak/keycloak
Test OLM installation	UNKNOWN STEP	2025-11-15T00:24:47.2925265Z Deleting the contents of '/home/runner/work/keycloak/keycloak'
Test OLM installation	UNKNOWN STEP	2025-11-15T00:24:47.2928629Z ##[group]Initializing the repository
Test OLM installation	UNKNOWN STEP	2025-11-15T00:24:47.2933626Z [command]/usr/bin/git init /home/runner/work/keycloak/keycloak
Test OLM installation	UNKNOWN STEP	2025-11-15T00:24:47.3543307Z hint: Using 'master' as the name for the initial branch. This default branch name
Test OLM installation	UNKNOWN STEP	2025-11-15T00:24:47.3544474Z hint: is subject to change. To configure the initial branch name to use in all
Test OLM installation	UNKNOWN STEP	2025-11-15T00:24:47.3545259Z hint: of your new repositories, which will suppress this warning, call:
Test OLM installation	UNKNOWN STEP	2025-11-15T00:24:47.3545832Z hint:
Test OLM installation	UNKNOWN STEP	2025-11-15T00:24:47.3546373Z hint: 	git config --global init.defaultBranch <name>
Test OLM installation	UNKNOWN STEP	2025-11-15T00:24:47.3546902Z hint:
Test OLM installation	UNKNOWN STEP	2025-11-15T00:24:47.3547385Z hint: Names commonly chosen instead of 'master' are 'main', 'trunk' and
Test OLM installation	UNKNOWN STEP	2025-11-15T00:24:47.3548177Z hint: 'development'. The just-created branch can be renamed via this command:
Test OLM installation	UNKNOWN STEP	2025-11-15T00:24:47.3548760Z hint:
Test OLM installation	UNKNOWN STEP	2025-11-15T00:24:47.3549115Z hint: 	git branch -m <name>
Test OLM installation	UNKNOWN STEP	2025-11-15T00:24:47.3549501Z hint:
Test OLM installation	UNKNOWN STEP	2025-11-15T00:24:47.3550259Z hint: Disable this message with "git config set advice.defaultBranchName false"
Test OLM installation	UNKNOWN STEP	2025-11-15T00:24:47.3598484Z Initialized empty Git repository in /home/runner/work/keycloak/keycloak/.git/
Test OLM installation	UNKNOWN STEP	2025-11-15T00:24:47.3610391Z [command]/usr/bin/git remote add origin https://github.com/keycloak/keycloak
Test OLM installation	UNKNOWN STEP	2025-11-15T00:24:47.3699420Z ##[endgroup]
Test OLM installation	UNKNOWN STEP	2025-11-15T00:24:47.3700172Z ##[group]Disabling automatic garbage collection
Test OLM installation	UNKNOWN STEP	2025-11-15T00:24:47.3703663Z [command]/usr/bin/git config --local gc.auto 0
Test OLM installation	UNKNOWN STEP	2025-11-15T00:24:47.3740750Z ##[endgroup]
Test OLM installation	UNKNOWN STEP	2025-11-15T00:24:47.3741601Z ##[group]Setting up auth
Test OLM installation	UNKNOWN STEP	2025-11-15T00:24:47.3742462Z [command]/usr/bin/git config --local --name-only --get-regexp core\.sshCommand
Test OLM installation	UNKNOWN STEP	2025-11-15T00:24:47.3771686Z [command]/usr/bin/git submodule foreach --recursive sh -c "git config --local --name-only --get-regexp 'core\.sshCommand' && git config --local --unset-all 'core.sshCommand' || :"
Test OLM installation	UNKNOWN STEP	2025-11-15T00:24:47.5669822Z [command]/usr/bin/git config --local --name-only --get-regexp http\.https\:\/\/github\.com\/\.extraheader
Test OLM installation	UNKNOWN STEP	2025-11-15T00:24:47.5700964Z [command]/usr/bin/git submodule foreach --recursive sh -c "git config --local --name-only --get-regexp 'http\.https\:\/\/github\.com\/\.extraheader' && git config --local --unset-all 'http.https://github.com/.extraheader' || :"
Test OLM installation	UNKNOWN STEP	2025-11-15T00:24:47.5924431Z [command]/usr/bin/git config --local http.https://github.com/.extraheader AUTHORIZATION: basic ***
Test OLM installation	UNKNOWN STEP	2025-11-15T00:24:47.5963549Z ##[endgroup]
Test OLM installation	UNKNOWN STEP	2025-11-15T00:24:47.5964499Z ##[group]Fetching the repository
Test OLM installation	UNKNOWN STEP	2025-11-15T00:24:47.5973338Z [command]/usr/bin/git -c protocol.version=2 fetch --no-tags --prune --no-recurse-submodules --depth=1 origin +6260622f2e7dc7e0a9b7964075e58b663f9227b4:refs/remotes/origin/main
Test OLM installation	UNKNOWN STEP	2025-11-15T00:24:50.5364614Z From https://github.com/keycloak/keycloak
Test OLM installation	UNKNOWN STEP	2025-11-15T00:24:50.5365512Z  * [new ref]         6260622f2e7dc7e0a9b7964075e58b663f9227b4 -> origin/main
Test OLM installation	UNKNOWN STEP	2025-11-15T00:24:50.5455433Z ##[endgroup]
Test OLM installation	UNKNOWN STEP	2025-11-15T00:24:50.5456091Z ##[group]Determining the checkout info
Test OLM installation	UNKNOWN STEP	2025-11-15T00:24:50.5458229Z ##[endgroup]
Test OLM installation	UNKNOWN STEP	2025-11-15T00:24:50.5464326Z [command]/usr/bin/git sparse-checkout disable
Test OLM installation	UNKNOWN STEP	2025-11-15T00:24:50.5554975Z [command]/usr/bin/git config --local --unset-all extensions.worktreeConfig
Test OLM installation	UNKNOWN STEP	2025-11-15T00:24:50.5581059Z ##[group]Checking out the ref
Test OLM installation	UNKNOWN STEP	2025-11-15T00:24:50.5586793Z [command]/usr/bin/git checkout --progress --force -B main refs/remotes/origin/main
Test OLM installation	UNKNOWN STEP	2025-11-15T00:24:51.4427612Z Switched to a new branch 'main'
Test OLM installation	UNKNOWN STEP	2025-11-15T00:24:51.4430092Z branch 'main' set up to track 'origin/main'.
Test OLM installation	UNKNOWN STEP	2025-11-15T00:24:51.4464224Z ##[endgroup]
Test OLM installation	UNKNOWN STEP	2025-11-15T00:24:51.4504256Z [command]/usr/bin/git log -1 --format=%H
Test OLM installation	UNKNOWN STEP	2025-11-15T00:24:51.4527133Z 6260622f2e7dc7e0a9b7964075e58b663f9227b4
Test OLM installation	UNKNOWN STEP	2025-11-15T00:24:51.4753464Z Prepare all required actions
Test OLM installation	UNKNOWN STEP	2025-11-15T00:24:51.4754087Z Getting action download info
Test OLM installation	UNKNOWN STEP	2025-11-15T00:24:51.6374306Z Download action repository 'actions/setup-java@c5195efecf7bdfc987ee8bae7a71cb8b11521c00' (SHA:c5195efecf7bdfc987ee8bae7a71cb8b11521c00)
Test OLM installation	UNKNOWN STEP	2025-11-15T00:24:52.1037773Z ##[group]Run ./.github/actions/java-setup
Test OLM installation	UNKNOWN STEP	2025-11-15T00:24:52.1038057Z with:
Test OLM installation	UNKNOWN STEP	2025-11-15T00:24:52.1038238Z   distribution: temurin
Test OLM installation	UNKNOWN STEP	2025-11-15T00:24:52.1038449Z   java-version: 21
Test OLM installation	UNKNOWN STEP	2025-11-15T00:24:52.1038628Z env:
Test OLM installation	UNKNOWN STEP	2025-11-15T00:24:52.1038883Z   MAVEN_ARGS: -B -nsu -Daether.connector.http.connectionMaxTtl=25
Test OLM installation	UNKNOWN STEP	2025-11-15T00:24:52.1039226Z   MINIKUBE_VERSION: v1.37.0
Test OLM installation	UNKNOWN STEP	2025-11-15T00:24:52.1039447Z   KUBERNETES_VERSION: v1.32.9
Test OLM installation	UNKNOWN STEP	2025-11-15T00:24:52.1039893Z   MINIKUBE_MEMORY: 4096
Test OLM installation	UNKNOWN STEP	2025-11-15T00:24:52.1040099Z ##[endgroup]
Test OLM installation	UNKNOWN STEP	2025-11-15T00:24:52.1180254Z ##[group]Run actions/setup-java@c5195efecf7bdfc987ee8bae7a71cb8b11521c00
Test OLM installation	UNKNOWN STEP	2025-11-15T00:24:52.1180732Z with:
Test OLM installation	UNKNOWN STEP	2025-11-15T00:24:52.1181062Z   distribution: temurin
Test OLM installation	UNKNOWN STEP	2025-11-15T00:24:52.1181358Z   java-version: 21
Test OLM installation	UNKNOWN STEP	2025-11-15T00:24:52.1181543Z   java-package: jdk
Test OLM installation	UNKNOWN STEP	2025-11-15T00:24:52.1181748Z   check-latest: false
Test OLM installation	UNKNOWN STEP	2025-11-15T00:24:52.1181928Z   server-id: github
Test OLM installation	UNKNOWN STEP	2025-11-15T00:24:52.1182123Z   server-username: GITHUB_ACTOR
Test OLM installation	UNKNOWN STEP	2025-11-15T00:24:52.1182360Z   server-password: GITHUB_TOKEN
Test OLM installation	UNKNOWN STEP	2025-11-15T00:24:52.1182591Z   overwrite-settings: true
Test OLM installation	UNKNOWN STEP	2025-11-15T00:24:52.1182800Z   job-status: success
Test OLM installation	UNKNOWN STEP	2025-11-15T00:24:52.1183107Z   token: ***
Test OLM installation	UNKNOWN STEP	2025-11-15T00:24:52.1183281Z env:
Test OLM installation	UNKNOWN STEP	2025-11-15T00:24:52.1183538Z   MAVEN_ARGS: -B -nsu -Daether.connector.http.connectionMaxTtl=25
Test OLM installation	UNKNOWN STEP	2025-11-15T00:24:52.1183876Z   MINIKUBE_VERSION: v1.37.0
Test OLM installation	UNKNOWN STEP	2025-11-15T00:24:52.1184088Z   KUBERNETES_VERSION: v1.32.9
Test OLM installation	UNKNOWN STEP	2025-11-15T00:24:52.1184304Z   MINIKUBE_MEMORY: 4096
Test OLM installation	UNKNOWN STEP	2025-11-15T00:24:52.1184495Z ##[endgroup]
Test OLM installation	UNKNOWN STEP	2025-11-15T00:24:52.3106577Z ##[group]Installed distributions
Test OLM installation	UNKNOWN STEP	2025-11-15T00:24:52.3370627Z Resolved Java 21.0.9+10 from tool-cache
Test OLM installation	UNKNOWN STEP	2025-11-15T00:24:52.3371798Z Setting Java 21.0.9+10 as the default
Test OLM installation	UNKNOWN STEP	2025-11-15T00:24:52.3385383Z Creating toolchains.xml for JDK version 21 from temurin
Test OLM installation	UNKNOWN STEP	2025-11-15T00:24:52.3463293Z Writing to /home/runner/.m2/toolchains.xml
Test OLM installation	UNKNOWN STEP	2025-11-15T00:24:52.3464307Z 
Test OLM installation	UNKNOWN STEP	2025-11-15T00:24:52.3464505Z Java configuration:
Test OLM installation	UNKNOWN STEP	2025-11-15T00:24:52.3464883Z   Distribution: temurin
Test OLM installation	UNKNOWN STEP	2025-11-15T00:24:52.3465729Z   Version: 21.0.9+10
Test OLM installation	UNKNOWN STEP	2025-11-15T00:24:52.3466507Z   Path: /opt/hostedtoolcache/Java_Temurin-Hotspot_jdk/21.0.9-10/x64
Test OLM installation	UNKNOWN STEP	2025-11-15T00:24:52.3467181Z 
Test OLM installation	UNKNOWN STEP	2025-11-15T00:24:52.3467638Z ##[endgroup]
Test OLM installation	UNKNOWN STEP	2025-11-15T00:24:52.3483614Z Creating settings.xml with server-id: github
Test OLM installation	UNKNOWN STEP	2025-11-15T00:24:52.3490815Z Writing to /home/runner/.m2/settings.xml
Test OLM installation	UNKNOWN STEP	2025-11-15T00:24:52.3645710Z ##[group]Run manusa/actions-setup-minikube@b589f2d61bf96695c546929c72b38563e856059d
Test OLM installation	UNKNOWN STEP	2025-11-15T00:24:52.3646135Z with:
Test OLM installation	UNKNOWN STEP	2025-11-15T00:24:52.3646322Z   minikube version: v1.37.0
Test OLM installation	UNKNOWN STEP	2025-11-15T00:24:52.3646549Z   kubernetes version: v1.32.9
Test OLM installation	UNKNOWN STEP	2025-11-15T00:24:52.3646966Z   github token: ***
Test OLM installation	UNKNOWN STEP	2025-11-15T00:24:52.3647156Z   driver: docker
Test OLM installation	UNKNOWN STEP	2025-11-15T00:24:52.3647459Z   start args: --memory=4096 --addons=registry --insecure-registry=192.168.49.0/24
Test OLM installation	UNKNOWN STEP	2025-11-15T00:24:52.3647817Z env:
Test OLM installation	UNKNOWN STEP	2025-11-15T00:24:52.3648064Z   MAVEN_ARGS: -B -nsu -Daether.connector.http.connectionMaxTtl=25
Test OLM installation	UNKNOWN STEP	2025-11-15T00:24:52.3648399Z   MINIKUBE_VERSION: v1.37.0
Test OLM installation	UNKNOWN STEP	2025-11-15T00:24:52.3648614Z   KUBERNETES_VERSION: v1.32.9
Test OLM installation	UNKNOWN STEP	2025-11-15T00:24:52.3648831Z   MINIKUBE_MEMORY: 4096
Test OLM installation	UNKNOWN STEP	2025-11-15T00:24:52.3649135Z   JAVA_HOME: /opt/hostedtoolcache/Java_Temurin-Hotspot_jdk/21.0.9-10/x64
Test OLM installation	UNKNOWN STEP	2025-11-15T00:24:52.3649580Z   JAVA_HOME_21_X64: /opt/hostedtoolcache/Java_Temurin-Hotspot_jdk/21.0.9-10/x64
Test OLM installation	UNKNOWN STEP	2025-11-15T00:24:52.3650077Z ##[endgroup]
Test OLM installation	UNKNOWN STEP	2025-11-15T00:24:52.4824107Z Loading input variables
Test OLM installation	UNKNOWN STEP	2025-11-15T00:24:52.4826202Z Updating Environment configuration to support Minikube
Test OLM installation	UNKNOWN STEP	2025-11-15T00:24:52.5014558Z 
Test OLM installation	UNKNOWN STEP	2025-11-15T00:24:52.5015103Z WARNING: apt does not have a stable CLI interface. Use with caution in scripts.
Test OLM installation	UNKNOWN STEP	2025-11-15T00:24:52.5015717Z 
Test OLM installation	UNKNOWN STEP	2025-11-15T00:24:52.6081793Z Get:1 file:/etc/apt/apt-mirrors.txt Mirrorlist [144 B]
Test OLM installation	UNKNOWN STEP	2025-11-15T00:24:52.6516031Z Hit:2 http://azure.archive.ubuntu.com/ubuntu noble InRelease
Test OLM installation	UNKNOWN STEP	2025-11-15T00:24:52.6520487Z Hit:6 https://packages.microsoft.com/repos/azure-cli noble InRelease
Test OLM installation	UNKNOWN STEP	2025-11-15T00:24:52.6601887Z Get:3 http://azure.archive.ubuntu.com/ubuntu noble-updates InRelease [126 kB]
Test OLM installation	UNKNOWN STEP	2025-11-15T00:24:52.6681628Z Get:4 http://azure.archive.ubuntu.com/ubuntu noble-backports InRelease [126 kB]
Test OLM installation	UNKNOWN STEP	2025-11-15T00:24:52.6738194Z Get:5 http://azure.archive.ubuntu.com/ubuntu noble-security InRelease [126 kB]
Test OLM installation	UNKNOWN STEP	2025-11-15T00:24:52.6797153Z Get:7 https://packages.microsoft.com/ubuntu/24.04/prod noble InRelease [3600 B]
Test OLM installation	UNKNOWN STEP	2025-11-15T00:24:52.8788615Z Get:8 http://azure.archive.ubuntu.com/ubuntu noble-updates/main amd64 Packages [1585 kB]
Test OLM installation	UNKNOWN STEP	2025-11-15T00:24:52.9003800Z Get:9 http://azure.archive.ubuntu.com/ubuntu noble-updates/main amd64 Components [175 kB]
Test OLM installation	UNKNOWN STEP	2025-11-15T00:24:52.9016098Z Get:10 http://azure.archive.ubuntu.com/ubuntu noble-updates/main amd64 c-n-f Metadata [15.7 kB]
Test OLM installation	UNKNOWN STEP	2025-11-15T00:24:52.9053463Z Get:11 http://azure.archive.ubuntu.com/ubuntu noble-updates/universe amd64 Packages [1499 kB]
Test OLM installation	UNKNOWN STEP	2025-11-15T00:24:52.9134348Z Get:12 http://azure.archive.ubuntu.com/ubuntu noble-updates/universe Translation-en [303 kB]
Test OLM installation	UNKNOWN STEP	2025-11-15T00:24:52.9166512Z Get:13 http://azure.archive.ubuntu.com/ubuntu noble-updates/universe amd64 Components [377 kB]
Test OLM installation	UNKNOWN STEP	2025-11-15T00:24:52.9201757Z Get:14 http://azure.archive.ubuntu.com/ubuntu noble-updates/universe amd64 c-n-f Metadata [31.4 kB]
Test OLM installation	UNKNOWN STEP	2025-11-15T00:24:52.9220496Z Get:15 http://azure.archive.ubuntu.com/ubuntu noble-updates/restricted amd64 Components [212 B]
Test OLM installation	UNKNOWN STEP	2025-11-15T00:24:52.9236816Z Get:16 http://azure.archive.ubuntu.com/ubuntu noble-updates/multiverse amd64 Components [940 B]
Test OLM installation	UNKNOWN STEP	2025-11-15T00:24:52.9494770Z Get:17 http://azure.archive.ubuntu.com/ubuntu noble-backports/main amd64 Components [7144 B]
Test OLM installation	UNKNOWN STEP	2025-11-15T00:24:52.9921810Z Get:18 http://azure.archive.ubuntu.com/ubuntu noble-backports/universe amd64 Components [11.0 kB]
Test OLM installation	UNKNOWN STEP	2025-11-15T00:24:52.9930749Z Get:19 http://azure.archive.ubuntu.com/ubuntu noble-backports/restricted amd64 Components [216 B]
Test OLM installation	UNKNOWN STEP	2025-11-15T00:24:52.9940828Z Get:20 http://azure.archive.ubuntu.com/ubuntu noble-backports/multiverse amd64 Components [212 B]
Test OLM installation	UNKNOWN STEP	2025-11-15T00:24:52.9994201Z Get:21 http://azure.archive.ubuntu.com/ubuntu noble-security/main amd64 Packages [1309 kB]
Test OLM installation	UNKNOWN STEP	2025-11-15T00:24:53.0065102Z Get:22 http://azure.archive.ubuntu.com/ubuntu noble-security/main Translation-en [215 kB]
Test OLM installation	UNKNOWN STEP	2025-11-15T00:24:53.0087223Z Get:23 http://azure.archive.ubuntu.com/ubuntu noble-security/main amd64 Components [21.5 kB]
Test OLM installation	UNKNOWN STEP	2025-11-15T00:24:53.0097994Z Get:24 http://azure.archive.ubuntu.com/ubuntu noble-security/main amd64 c-n-f Metadata [9416 B]
Test OLM installation	UNKNOWN STEP	2025-11-15T00:24:53.0107329Z Get:25 http://azure.archive.ubuntu.com/ubuntu noble-security/universe amd64 Packages [908 kB]
Test OLM installation	UNKNOWN STEP	2025-11-15T00:24:53.0163168Z Get:26 http://azure.archive.ubuntu.com/ubuntu noble-security/universe Translation-en [204 kB]
Test OLM installation	UNKNOWN STEP	2025-11-15T00:24:53.0187237Z Get:27 http://azure.archive.ubuntu.com/ubuntu noble-security/universe amd64 Components [52.3 kB]
Test OLM installation	UNKNOWN STEP	2025-11-15T00:24:53.0198842Z Get:28 http://azure.archive.ubuntu.com/ubuntu noble-security/universe amd64 c-n-f Metadata [19.4 kB]
Test OLM installation	UNKNOWN STEP	2025-11-15T00:24:53.0210185Z Get:29 http://azure.archive.ubuntu.com/ubuntu noble-security/restricted amd64 Components [212 B]
Test OLM installation	UNKNOWN STEP	2025-11-15T00:24:53.0218647Z Get:30 http://azure.archive.ubuntu.com/ubuntu noble-security/multiverse amd64 Components [212 B]
Test OLM installation	UNKNOWN STEP	2025-11-15T00:24:53.0555385Z Get:31 https://packages.microsoft.com/ubuntu/24.04/prod noble/main arm64 Packages [50.3 kB]
Test OLM installation	UNKNOWN STEP	2025-11-15T00:24:53.0601190Z Get:32 https://packages.microsoft.com/ubuntu/24.04/prod noble/main amd64 Packages [67.6 kB]
Test OLM installation	UNKNOWN STEP	2025-11-15T00:24:53.0635252Z Get:33 https://packages.microsoft.com/ubuntu/24.04/prod noble/main armhf Packages [11.2 kB]
Test OLM installation	UNKNOWN STEP	2025-11-15T00:25:05.0368341Z Fetched 7256 kB in 1s (6989 kB/s)
Test OLM installation	UNKNOWN STEP	2025-11-15T00:25:05.7695922Z Reading package lists...
Test OLM installation	UNKNOWN STEP	2025-11-15T00:25:05.9287294Z Building dependency tree...
Test OLM installation	UNKNOWN STEP	2025-11-15T00:25:05.9293793Z Reading state information...
Test OLM installation	UNKNOWN STEP	2025-11-15T00:25:05.9430680Z 28 packages can be upgraded. Run 'apt list --upgradable' to see them.
Test OLM installation	UNKNOWN STEP	2025-11-15T00:25:05.9759187Z Reading package lists...
Test OLM installation	UNKNOWN STEP	2025-11-15T00:25:06.1521629Z Building dependency tree...
Test OLM installation	UNKNOWN STEP	2025-11-15T00:25:06.1529406Z Reading state information...
Test OLM installation	UNKNOWN STEP	2025-11-15T00:25:06.3281264Z The following NEW packages will be installed:
Test OLM installation	UNKNOWN STEP	2025-11-15T00:25:06.3288056Z   conntrack
Test OLM installation	UNKNOWN STEP	2025-11-15T00:25:06.3461389Z 0 upgraded, 1 newly installed, 0 to remove and 28 not upgraded.
Test OLM installation	UNKNOWN STEP	2025-11-15T00:25:06.3461943Z Need to get 37.9 kB of archives.
Test OLM installation	UNKNOWN STEP	2025-11-15T00:25:06.3462456Z After this operation, 119 kB of additional disk space will be used.
Test OLM installation	UNKNOWN STEP	2025-11-15T00:25:06.3463340Z Get:1 file:/etc/apt/apt-mirrors.txt Mirrorlist [144 B]
Test OLM installation	UNKNOWN STEP	2025-11-15T00:25:06.3914165Z Get:2 http://azure.archive.ubuntu.com/ubuntu noble/main amd64 conntrack amd64 1:1.4.8-1ubuntu1 [37.9 kB]
Test OLM installation	UNKNOWN STEP	2025-11-15T00:25:06.6500976Z Fetched 37.9 kB in 0s (672 kB/s)
Test OLM installation	UNKNOWN STEP	2025-11-15T00:25:06.7113437Z Selecting previously unselected package conntrack.
Test OLM installation	UNKNOWN STEP	2025-11-15T00:25:06.7904125Z (Reading database ... 
Test OLM installation	UNKNOWN STEP	2025-11-15T00:25:06.7904793Z (Reading database ... 5%
Test OLM installation	UNKNOWN STEP	2025-11-15T00:25:06.7905111Z (Reading database ... 10%
Test OLM installation	UNKNOWN STEP	2025-11-15T00:25:06.7905479Z (Reading database ... 15%
Test OLM installation	UNKNOWN STEP	2025-11-15T00:25:06.7905899Z (Reading database ... 20%
Test OLM installation	UNKNOWN STEP	2025-11-15T00:25:06.7906183Z (Reading database ... 25%
Test OLM installation	UNKNOWN STEP	2025-11-15T00:25:06.7906490Z (Reading database ... 30%
Test OLM installation	UNKNOWN STEP	2025-11-15T00:25:06.7906795Z (Reading database ... 35%
Test OLM installation	UNKNOWN STEP	2025-11-15T00:25:06.7907124Z (Reading database ... 40%
Test OLM installation	UNKNOWN STEP	2025-11-15T00:25:06.7907400Z (Reading database ... 45%
Test OLM installation	UNKNOWN STEP	2025-11-15T00:25:06.7907742Z (Reading database ... 50%
Test OLM installation	UNKNOWN STEP	2025-11-15T00:25:06.9037785Z (Reading database ... 55%
Test OLM installation	UNKNOWN STEP	2025-11-15T00:25:07.2695198Z (Reading database ... 60%
Test OLM installation	UNKNOWN STEP	2025-11-15T00:25:07.4364059Z (Reading database ... 65%
Test OLM installation	UNKNOWN STEP	2025-11-15T00:25:07.5278690Z (Reading database ... 70%
Test OLM installation	UNKNOWN STEP	2025-11-15T00:25:07.6328033Z (Reading database ... 75%
Test OLM installation	UNKNOWN STEP	2025-11-15T00:25:08.1749387Z (Reading database ... 80%
Test OLM installation	UNKNOWN STEP	2025-11-15T00:25:08.8981945Z (Reading database ... 85%
Test OLM installation	UNKNOWN STEP	2025-11-15T00:25:09.5770353Z (Reading database ... 90%
Test OLM installation	UNKNOWN STEP	2025-11-15T00:25:10.3176747Z (Reading database ... 95%
Test OLM installation	UNKNOWN STEP	2025-11-15T00:25:10.3177180Z (Reading database ... 100%
Test OLM installation	UNKNOWN STEP	2025-11-15T00:25:10.3177750Z (Reading database ... 216225 files and directories currently installed.)
Test OLM installation	UNKNOWN STEP	2025-11-15T00:25:10.3225112Z Preparing to unpack .../conntrack_1%3a1.4.8-1ubuntu1_amd64.deb ...
Test OLM installation	UNKNOWN STEP	2025-11-15T00:25:10.3257033Z Unpacking conntrack (1:1.4.8-1ubuntu1) ...
Test OLM installation	UNKNOWN STEP	2025-11-15T00:25:10.3917251Z Setting up conntrack (1:1.4.8-1ubuntu1) ...
Test OLM installation	UNKNOWN STEP	2025-11-15T00:25:10.3947446Z Processing triggers for man-db (2.12.0-4build2) ...
Test OLM installation	UNKNOWN STEP	2025-11-15T00:25:10.4084996Z Not building database; man-db/auto-update is not 'true'.
Test OLM installation	UNKNOWN STEP	2025-11-15T00:25:11.5098810Z 
Test OLM installation	UNKNOWN STEP	2025-11-15T00:25:11.5099964Z Running kernel seems to be up-to-date.
Test OLM installation	UNKNOWN STEP	2025-11-15T00:25:11.5100438Z 
Test OLM installation	UNKNOWN STEP	2025-11-15T00:25:11.5100663Z No services need to be restarted.
Test OLM installation	UNKNOWN STEP	2025-11-15T00:25:11.5101021Z 
Test OLM installation	UNKNOWN STEP	2025-11-15T00:25:11.5101217Z No containers need to be restarted.
Test OLM installation	UNKNOWN STEP	2025-11-15T00:25:11.5101586Z 
Test OLM installation	UNKNOWN STEP	2025-11-15T00:25:11.5101827Z No user sessions are running outdated binaries.
Test OLM installation	UNKNOWN STEP	2025-11-15T00:25:11.5102261Z 
Test OLM installation	UNKNOWN STEP	2025-11-15T00:25:11.5102584Z No VM guests are running outdated hypervisor (qemu) binaries on this host.
Test OLM installation	UNKNOWN STEP	2025-11-15T00:25:12.3907790Z fs.protected_regular = 0
Test OLM installation	UNKNOWN STEP	2025-11-15T00:25:12.3918347Z Waiting for Docker to be ready
Test OLM installation	UNKNOWN STEP	2025-11-15T00:25:13.6312902Z 28.0.4 - 28.0.4
Test OLM installation	UNKNOWN STEP	2025-11-15T00:25:13.6331544Z Docker daemon is ready
Test OLM installation	UNKNOWN STEP	2025-11-15T00:25:13.6335633Z Downloading Minikube  v1.37.0
Test OLM installation	UNKNOWN STEP	2025-11-15T00:25:13.9524295Z Downloading from: https://github.com/kubernetes/minikube/releases/download/v1.37.0/minikube-linux-amd64
Test OLM installation	UNKNOWN STEP	2025-11-15T00:25:14.8251676Z Installing Minikube
Test OLM installation	UNKNOWN STEP	2025-11-15T00:25:14.8656700Z * minikube v1.37.0 on Ubuntu 24.04
Test OLM installation	UNKNOWN STEP	2025-11-15T00:25:14.8660943Z   - MINIKUBE_VERSION=v1.37.0
Test OLM installation	UNKNOWN STEP	2025-11-15T00:25:14.8671360Z   - MINIKUBE_MEMORY=4096
Test OLM installation	UNKNOWN STEP	2025-11-15T00:25:14.8675585Z   - MINIKUBE_HOME=/home/runner/work/_temp
Test OLM installation	UNKNOWN STEP	2025-11-15T00:25:17.4773229Z * Using the docker driver based on user configuration
Test OLM installation	UNKNOWN STEP	2025-11-15T00:25:17.5277551Z * Using Docker driver with root privileges
Test OLM installation	UNKNOWN STEP	2025-11-15T00:25:17.5289134Z * Starting "minikube" primary control-plane node in "minikube" cluster
Test OLM installation	UNKNOWN STEP	2025-11-15T00:25:17.5296954Z * Pulling base image v0.0.48 ...
Test OLM installation	UNKNOWN STEP	2025-11-15T00:25:17.5831295Z * Downloading Kubernetes v1.32.9 preload ...
Test OLM installation	UNKNOWN STEP	2025-11-15T00:25:58.7216534Z * Configuring bridge CNI (Container Networking Interface) ...
Test OLM installation	UNKNOWN STEP	2025-11-15T00:25:58.8427123Z * Verifying Kubernetes components...
Test OLM installation	UNKNOWN STEP	2025-11-15T00:25:58.8738247Z   - Using image gcr.io/k8s-minikube/storage-provisioner:v5
Test OLM installation	UNKNOWN STEP	2025-11-15T00:25:58.8790305Z   - Using image gcr.io/k8s-minikube/kube-registry-proxy:0.0.9
Test OLM installation	UNKNOWN STEP	2025-11-15T00:25:58.8800986Z   - Using image docker.io/registry:3.0.0
Test OLM installation	UNKNOWN STEP	2025-11-15T00:25:59.4072832Z * Verifying registry addon...
Test OLM installation	UNKNOWN STEP	2025-11-15T00:26:08.4115291Z * Enabled addons: storage-provisioner, default-storageclass, registry
Test OLM installation	UNKNOWN STEP	2025-11-15T00:26:10.8007937Z 
Test OLM installation	UNKNOWN STEP	2025-11-15T00:26:10.8017325Z     > gcr.io/k8s-minikube/kicbase...:  0 B [_______________________] ?% ? p/s ?    > gcr.io/k8s-minikube/kicbase...:  1.61 KiB / 488.52 MiB [>_] 0.00% ? p/s ?    > gcr.io/k8s-minikube/kicbase...:  1.61 KiB / 488.52 MiB [>_] 0.00% ? p/s ?    > gcr.io/k8s-minikube/kicbase...:  12.42 MiB / 488.52 MiB  2.54% 20.70 MiB     > gcr.io/k8s-minikube/kicbase...:  52.61 MiB / 488.52 MiB  10.77% 20.70 MiB    > gcr.io/k8s-minikube/kicbase...:  92.29 MiB / 488.52 MiB  18.89% 20.70 MiB    > gcr.io/k8s-minikube/kicbase...:  130.96 MiB / 488.52 MiB  26.81% 32.11 Mi    > gcr.io/k8s-minikube/kicbase...:  171.08 MiB / 488.52 MiB  35.02% 32.11 Mi    > gcr.io/k8s-minikube/kicbase...:  210.74 MiB / 488.52 MiB  43.14% 32.11 Mi    > gcr.io/k8s-minikube/kicbase...:  250.92 MiB / 488.52 MiB  51.36% 42.94 Mi    > gcr.io/k8s-minikube/kicbase...:  290.65 MiB / 488.52 MiB  59.50% 42.94 Mi    > gcr.io/k8s-minikube/kicbase...:  325.92 MiB / 488.52 MiB  66.72% 42.94 Mi    > gcr.io/k8s-minikube/kicbase...:  348.06 MiB / 488.52 MiB  71.25% 50.61 Mi    > gcr.io/k8s-minikube/kicbase...:  388.36 MiB / 488.52 MiB  79.50% 50.61 Mi    > gcr.io/k8s-minikube/kicbase...:  428.77 MiB / 488.52 MiB  87.77% 50.61 Mi    > gcr.io/k8s-minikube/kicbase...:  469.67 MiB / 488.52 MiB  96.14% 60.43 Mi    > gcr.io/k8s-minikube/kicbase...:  488.51 MiB / 488.52 MiB  100.00% 157.72 ! /usr/bin/kubectl is version 1.34.2, which may have incompatibilities with Kubernetes 1.32.9.
Test OLM installation	UNKNOWN STEP	2025-11-15T00:26:10.8023105Z   - Want kubectl v1.32.9? Try 'minikube kubectl -- get pods -A'
Test OLM installation	UNKNOWN STEP	2025-11-15T00:26:10.8023717Z * Done! kubectl is now configured to use "minikube" cluster and "default" namespace by default
Test OLM installation	UNKNOWN STEP	2025-11-15T00:26:10.8776046Z minikube version: v1.37.0commit: 65318f4cfff9c12cc87ec9eb8f4cdd57b25047f3 installed successfully
Test OLM installation	UNKNOWN STEP	2025-11-15T00:26:10.8910340Z ##[group]Run redhat-actions/openshift-tools-installer@144527c7d98999f2652264c048c7a9bd103f8a82
Test OLM installation	UNKNOWN STEP	2025-11-15T00:26:10.8910823Z with:
Test OLM installation	UNKNOWN STEP	2025-11-15T00:26:10.8910990Z   source: github
Test OLM installation	UNKNOWN STEP	2025-11-15T00:26:10.8911156Z   opm: 1.21.0
Test OLM installation	UNKNOWN STEP	2025-11-15T00:26:10.8911450Z   github_pat: ***
Test OLM installation	UNKNOWN STEP	2025-11-15T00:26:10.8911629Z   skip_cache: false
Test OLM installation	UNKNOWN STEP	2025-11-15T00:26:10.8911801Z env:
Test OLM installation	UNKNOWN STEP	2025-11-15T00:26:10.8912052Z   MAVEN_ARGS: -B -nsu -Daether.connector.http.connectionMaxTtl=25
Test OLM installation	UNKNOWN STEP	2025-11-15T00:26:10.8912376Z   MINIKUBE_VERSION: v1.37.0
Test OLM installation	UNKNOWN STEP	2025-11-15T00:26:10.8912595Z   KUBERNETES_VERSION: v1.32.9
Test OLM installation	UNKNOWN STEP	2025-11-15T00:26:10.8912821Z   MINIKUBE_MEMORY: 4096
Test OLM installation	UNKNOWN STEP	2025-11-15T00:26:10.8913119Z   JAVA_HOME: /opt/hostedtoolcache/Java_Temurin-Hotspot_jdk/21.0.9-10/x64
Test OLM installation	UNKNOWN STEP	2025-11-15T00:26:10.8913552Z   JAVA_HOME_21_X64: /opt/hostedtoolcache/Java_Temurin-Hotspot_jdk/21.0.9-10/x64
Test OLM installation	UNKNOWN STEP	2025-11-15T00:26:10.8913909Z   MINIKUBE_HOME: /home/runner/work/_temp
Test OLM installation	UNKNOWN STEP	2025-11-15T00:26:10.8914134Z ##[endgroup]
Test OLM installation	UNKNOWN STEP	2025-11-15T00:26:11.0534148Z Installing opm matching version "1.21.0"
Test OLM installation	UNKNOWN STEP	2025-11-15T00:26:11.0554162Z â„¹ï¸ Tools will be installed from "github".
Test OLM installation	UNKNOWN STEP	2025-11-15T00:26:11.0555974Z 
Test OLM installation	UNKNOWN STEP	2025-11-15T00:26:11.0556548Z ðŸ”Ž Searching for a version of opm satisfying the range "1.21.0" that was input as "1.21.0"
Test OLM installation	UNKNOWN STEP	2025-11-15T00:26:12.6803416Z Max opm version satisfying 1.21.0 is 1.21.0
Test OLM installation	UNKNOWN STEP	2025-11-15T00:26:12.6804505Z Download path of opm is https://github.com/operator-framework/operator-registry/releases
Test OLM installation	UNKNOWN STEP	2025-11-15T00:26:12.8704340Z Current operating system is linux
Test OLM installation	UNKNOWN STEP	2025-11-15T00:26:12.8707307Z Current architecture is amd64
Test OLM installation	UNKNOWN STEP	2025-11-15T00:26:12.8708375Z Selecting linux-amd64-opm
Test OLM installation	UNKNOWN STEP	2025-11-15T00:26:12.8712366Z Using temporary directory for storage
Test OLM installation	UNKNOWN STEP	2025-11-15T00:26:12.8719042Z ðŸ“ CLIs will be downloaded to /home/runner/work/_temp/openshift-bin
Test OLM installation	UNKNOWN STEP	2025-11-15T00:26:12.8722539Z Added /home/runner/work/_temp/openshift-bin to PATH
Test OLM installation	UNKNOWN STEP	2025-11-15T00:26:12.8723097Z Checking the cache for opm v1.21.0...
Test OLM installation	UNKNOWN STEP	2025-11-15T00:26:12.9172093Z ##[warning]Failed to check cache for opm v1.21.0: Error: Cache service responded with 400
Test OLM installation	UNKNOWN STEP	2025-11-15T00:26:13.1591233Z â¬‡ï¸ Downloading 45.03MB https://github.com/operator-framework/operator-registry/releases/download/v1.21.0/linux-amd64-opm ...
Test OLM installation	UNKNOWN STEP	2025-11-15T00:26:13.5315789Z Downloaded linux-amd64-opm in 0.4s
Test OLM installation	UNKNOWN STEP	2025-11-15T00:26:13.5316444Z Download path of opm is https://github.com/operator-framework/operator-registry/releases
Test OLM installation	UNKNOWN STEP	2025-11-15T00:26:13.7131569Z â¬‡ï¸ Downloading hash file https://github.com/operator-framework/operator-registry/releases/download/v1.21.0/checksums.txt
Test OLM installation	UNKNOWN STEP	2025-11-15T00:26:13.9753906Z sha256 verification of linux-amd64-opm succeeded.
Test OLM installation	UNKNOWN STEP	2025-11-15T00:26:13.9769628Z opm installed into /home/runner/work/_temp/openshift-bin/opm
Test OLM installation	UNKNOWN STEP	2025-11-15T00:26:13.9810778Z [command]/home/runner/work/_temp/openshift-bin/opm version
Test OLM installation	UNKNOWN STEP	2025-11-15T00:26:14.0010936Z Version: version.Version{OpmVersion:"v1.21.0", GitCommit:"9999f796", BuildDate:"2022-03-03T21:23:12Z", GoOs:"linux", GoArch:"amd64"}
Test OLM installation	UNKNOWN STEP	2025-11-15T00:26:14.0031354Z ðŸ’¾ Saving opm v1.21.0 into the cache
Test OLM installation	UNKNOWN STEP	2025-11-15T00:26:14.0160970Z ##[warning]Failed to cache opm v1.21.0: ReserveCacheError: Unable to reserve cache with key opm_v1.21.0_linux_amd64_github, another job may be creating this cache.
Test OLM installation	UNKNOWN STEP	2025-11-15T00:26:14.0163016Z âœ… Successfully installed opm v1.21.0.
Test OLM installation	UNKNOWN STEP	2025-11-15T00:26:14.0163354Z 
Test OLM installation	UNKNOWN STEP	2025-11-15T00:26:14.0163600Z âœ… Successfully installed 1/1 client:
Test OLM installation	UNKNOWN STEP	2025-11-15T00:26:14.0164028Z   - opm v1.21.0
Test OLM installation	UNKNOWN STEP	2025-11-15T00:26:14.0177326Z Wrote out installed versions to /home/runner/work/_temp/openshift-bin/openshift-clients-installed.json
Test OLM installation	UNKNOWN STEP	2025-11-15T00:26:14.0326310Z ##[group]Run redhat-actions/openshift-tools-installer@144527c7d98999f2652264c048c7a9bd103f8a82
Test OLM installation	UNKNOWN STEP	2025-11-15T00:26:14.0326780Z with:
Test OLM installation	UNKNOWN STEP	2025-11-15T00:26:14.0326935Z   oc: 4
Test OLM installation	UNKNOWN STEP	2025-11-15T00:26:14.0327213Z   github_pat: ***
Test OLM installation	UNKNOWN STEP	2025-11-15T00:26:14.0327395Z   source: mirror
Test OLM installation	UNKNOWN STEP	2025-11-15T00:26:14.0327564Z   skip_cache: false
Test OLM installation	UNKNOWN STEP	2025-11-15T00:26:14.0327737Z env:
Test OLM installation	UNKNOWN STEP	2025-11-15T00:26:14.0327985Z   MAVEN_ARGS: -B -nsu -Daether.connector.http.connectionMaxTtl=25
Test OLM installation	UNKNOWN STEP	2025-11-15T00:26:14.0328313Z   MINIKUBE_VERSION: v1.37.0
Test OLM installation	UNKNOWN STEP	2025-11-15T00:26:14.0328523Z   KUBERNETES_VERSION: v1.32.9
Test OLM installation	UNKNOWN STEP	2025-11-15T00:26:14.0328730Z   MINIKUBE_MEMORY: 4096
Test OLM installation	UNKNOWN STEP	2025-11-15T00:26:14.0329018Z   JAVA_HOME: /opt/hostedtoolcache/Java_Temurin-Hotspot_jdk/21.0.9-10/x64
Test OLM installation	UNKNOWN STEP	2025-11-15T00:26:14.0329465Z   JAVA_HOME_21_X64: /opt/hostedtoolcache/Java_Temurin-Hotspot_jdk/21.0.9-10/x64
Test OLM installation	UNKNOWN STEP	2025-11-15T00:26:14.0330147Z   MINIKUBE_HOME: /home/runner/work/_temp
Test OLM installation	UNKNOWN STEP	2025-11-15T00:26:14.0330380Z ##[endgroup]
Test OLM installation	UNKNOWN STEP	2025-11-15T00:26:14.1955695Z Installing oc matching version "4"
Test OLM installation	UNKNOWN STEP	2025-11-15T00:26:14.1976015Z â„¹ï¸ Tools will be installed from "mirror".
Test OLM installation	UNKNOWN STEP	2025-11-15T00:26:14.1977838Z 
Test OLM installation	UNKNOWN STEP	2025-11-15T00:26:14.1978400Z ðŸ”Ž Searching for a version of oc satisfying the range ">=4.0.0 <5.0.0-0" that was input as "4"
Test OLM installation	UNKNOWN STEP	2025-11-15T00:26:14.1984814Z Download directory for oc is https://mirror.openshift.com/pub/openshift-v4/clients/ocp/
Test OLM installation	UNKNOWN STEP	2025-11-15T00:26:15.8421446Z Max oc version satisfying >=4.0.0 <5.0.0-0 is 4.20.4
Test OLM installation	UNKNOWN STEP	2025-11-15T00:26:16.3833047Z Current operating system is linux
Test OLM installation	UNKNOWN STEP	2025-11-15T00:26:16.3846411Z ##[warning]Multiple files were found for oc that matched the current OS and architecture: openshift-client-linux-4.20.4.tar.gz, openshift-client-linux-amd64-rhel8-4.20.4.tar.gz, openshift-client-linux-amd64-rhel9-4.20.4.tar.gz, openshift-client-linux-arm64-4.20.4.tar.gz, openshift-client-linux-arm64-rhel8-4.20.4.tar.gz, openshift-client-linux-arm64-rhel9-4.20.4.tar.gz, openshift-client-linux-ppc64le-4.20.4.tar.gz, openshift-client-linux-ppc64le-rhel8-4.20.4.tar.gz, openshift-client-linux-ppc64le-rhel9-4.20.4.tar.gz, openshift-client-linux-s390x-rhel8-4.20.4.tar.gz, openshift-client-linux-s390x-rhel9-4.20.4.tar.gz. Selecting the first one.
Test OLM installation	UNKNOWN STEP	2025-11-15T00:26:16.3851901Z Selecting openshift-client-linux-4.20.4.tar.gz
Test OLM installation	UNKNOWN STEP	2025-11-15T00:26:16.3852765Z Using temporary directory for storage
Test OLM installation	UNKNOWN STEP	2025-11-15T00:26:16.3853712Z ðŸ“ CLIs will be downloaded to /home/runner/work/_temp/openshift-bin
Test OLM installation	UNKNOWN STEP	2025-11-15T00:26:16.3857227Z Added /home/runner/work/_temp/openshift-bin to PATH
Test OLM installation	UNKNOWN STEP	2025-11-15T00:26:16.3858421Z Checking the cache for oc 4.20.4...
Test OLM installation	UNKNOWN STEP	2025-11-15T00:26:16.3859936Z Current architecture is amd64
Test OLM installation	UNKNOWN STEP	2025-11-15T00:26:16.4247177Z ##[warning]Failed to check cache for oc 4.20.4: Error: Cache service responded with 400
Test OLM installation	UNKNOWN STEP	2025-11-15T00:26:16.6149515Z â¬‡ï¸ Downloading 73.18MB https://mirror.openshift.com/pub/openshift-v4/clients/ocp/4.20.4/openshift-client-linux-4.20.4.tar.gz ...
Test OLM installation	UNKNOWN STEP	2025-11-15T00:26:17.4935868Z Downloaded openshift-client-linux-4.20.4.tar.gz in 0.9s
Test OLM installation	UNKNOWN STEP	2025-11-15T00:26:18.0216240Z â¬‡ï¸ Downloading hash file https://mirror.openshift.com/pub/openshift-v4/clients/ocp/4.20.4/sha256sum.txt
Test OLM installation	UNKNOWN STEP	2025-11-15T00:26:18.3059980Z sha256 verification of openshift-client-linux-4.20.4.tar.gz succeeded.
Test OLM installation	UNKNOWN STEP	2025-11-15T00:26:18.3147303Z [command]/usr/bin/tar xz --warning=no-unknown-keyword --overwrite -C /home/runner/work/_temp/b678b904-fa4c-4945-a4d5-8f199fee9766 -f /home/runner/work/_temp/b0a9fc11e9916315f4858556f5755113-openshift-client-linux-4.20.4.tar.gz
Test OLM installation	UNKNOWN STEP	2025-11-15T00:26:19.4316540Z Removed /home/runner/work/_temp/b0a9fc11e9916315f4858556f5755113-openshift-client-linux-4.20.4.tar.gz
Test OLM installation	UNKNOWN STEP	2025-11-15T00:26:19.4382133Z oc installed into /home/runner/work/_temp/openshift-bin/oc
Test OLM installation	UNKNOWN STEP	2025-11-15T00:26:19.4398532Z [command]/home/runner/work/_temp/openshift-bin/oc version --client
Test OLM installation	UNKNOWN STEP	2025-11-15T00:26:19.5087032Z Client Version: 4.20.4
Test OLM installation	UNKNOWN STEP	2025-11-15T00:26:19.5087438Z Kustomize Version: v5.6.0
Test OLM installation	UNKNOWN STEP	2025-11-15T00:26:19.5123032Z ðŸ’¾ Saving oc 4.20.4 into the cache
Test OLM installation	UNKNOWN STEP	2025-11-15T00:26:19.5230570Z ##[warning]Failed to cache oc 4.20.4: ReserveCacheError: Unable to reserve cache with key oc_4.20.4_linux_amd64, another job may be creating this cache.
Test OLM installation	UNKNOWN STEP	2025-11-15T00:26:19.5232943Z âœ… Successfully installed oc 4.20.4.
Test OLM installation	UNKNOWN STEP	2025-11-15T00:26:19.5233299Z 
Test OLM installation	UNKNOWN STEP	2025-11-15T00:26:19.5233578Z âœ… Successfully installed 1/1 client:
Test OLM installation	UNKNOWN STEP	2025-11-15T00:26:19.5234015Z   - oc 4.20.4
Test OLM installation	UNKNOWN STEP	2025-11-15T00:26:19.5244218Z Wrote out installed versions to /home/runner/work/_temp/openshift-bin/openshift-clients-installed.json
Test OLM installation	UNKNOWN STEP	2025-11-15T00:26:19.5411593Z ##[group]Run sudo snap install yq
Test OLM installation	UNKNOWN STEP	2025-11-15T00:26:19.5411952Z [36;1msudo snap install yq[0m
Test OLM installation	UNKNOWN STEP	2025-11-15T00:26:19.5448621Z shell: /usr/bin/bash --noprofile --norc -e -o pipefail {0}
Test OLM installation	UNKNOWN STEP	2025-11-15T00:26:19.5448950Z env:
Test OLM installation	UNKNOWN STEP	2025-11-15T00:26:19.5449217Z   MAVEN_ARGS: -B -nsu -Daether.connector.http.connectionMaxTtl=25
Test OLM installation	UNKNOWN STEP	2025-11-15T00:26:19.5449543Z   MINIKUBE_VERSION: v1.37.0
Test OLM installation	UNKNOWN STEP	2025-11-15T00:26:19.5449926Z   KUBERNETES_VERSION: v1.32.9
Test OLM installation	UNKNOWN STEP	2025-11-15T00:26:19.5450151Z   MINIKUBE_MEMORY: 4096
Test OLM installation	UNKNOWN STEP	2025-11-15T00:26:19.5450452Z   JAVA_HOME: /opt/hostedtoolcache/Java_Temurin-Hotspot_jdk/21.0.9-10/x64
Test OLM installation	UNKNOWN STEP	2025-11-15T00:26:19.5450890Z   JAVA_HOME_21_X64: /opt/hostedtoolcache/Java_Temurin-Hotspot_jdk/21.0.9-10/x64
Test OLM installation	UNKNOWN STEP	2025-11-15T00:26:19.5451243Z   MINIKUBE_HOME: /home/runner/work/_temp
Test OLM installation	UNKNOWN STEP	2025-11-15T00:26:19.5451487Z ##[endgroup]
Test OLM installation	UNKNOWN STEP	2025-11-15T00:26:25.7291581Z 2025-11-15T00:26:25Z INFO Waiting for automatic snapd restart...
Test OLM installation	UNKNOWN STEP	2025-11-15T00:26:34.9847365Z yq v4.46.1 from Mike Farah (mikefarah) installed
Test OLM installation	UNKNOWN STEP	2025-11-15T00:26:34.9903464Z ##[group]Run ./scripts/install-olm.sh
Test OLM installation	UNKNOWN STEP	2025-11-15T00:26:34.9903787Z [36;1m./scripts/install-olm.sh[0m
Test OLM installation	UNKNOWN STEP	2025-11-15T00:26:34.9937505Z shell: /usr/bin/bash --noprofile --norc -e -o pipefail {0}
Test OLM installation	UNKNOWN STEP	2025-11-15T00:26:34.9937820Z env:
Test OLM installation	UNKNOWN STEP	2025-11-15T00:26:34.9938082Z   MAVEN_ARGS: -B -nsu -Daether.connector.http.connectionMaxTtl=25
Test OLM installation	UNKNOWN STEP	2025-11-15T00:26:34.9938414Z   MINIKUBE_VERSION: v1.37.0
Test OLM installation	UNKNOWN STEP	2025-11-15T00:26:34.9938635Z   KUBERNETES_VERSION: v1.32.9
Test OLM installation	UNKNOWN STEP	2025-11-15T00:26:34.9938842Z   MINIKUBE_MEMORY: 4096
Test OLM installation	UNKNOWN STEP	2025-11-15T00:26:34.9939141Z   JAVA_HOME: /opt/hostedtoolcache/Java_Temurin-Hotspot_jdk/21.0.9-10/x64
Test OLM installation	UNKNOWN STEP	2025-11-15T00:26:34.9939595Z   JAVA_HOME_21_X64: /opt/hostedtoolcache/Java_Temurin-Hotspot_jdk/21.0.9-10/x64
Test OLM installation	UNKNOWN STEP	2025-11-15T00:26:34.9940204Z   MINIKUBE_HOME: /home/runner/work/_temp
Test OLM installation	UNKNOWN STEP	2025-11-15T00:26:34.9940641Z ##[endgroup]
Test OLM installation	UNKNOWN STEP	2025-11-15T00:26:35.0005800Z + mkdir -p /tmp/olm/
Test OLM installation	UNKNOWN STEP	2025-11-15T00:26:35.0020675Z + curl -f -L https://github.com/operator-framework/operator-lifecycle-manager/releases/download/v0.26.0/install.sh -o /tmp/olm/install.sh
Test OLM installation	UNKNOWN STEP	2025-11-15T00:26:35.0092463Z   % Total    % Received % Xferd  Average Speed   Time    Time     Time  Current
Test OLM installation	UNKNOWN STEP	2025-11-15T00:26:35.0093285Z                                  Dload  Upload   Total   Spent    Left  Speed
Test OLM installation	UNKNOWN STEP	2025-11-15T00:26:35.0093639Z 
Test OLM installation	UNKNOWN STEP	2025-11-15T00:26:35.0503109Z   0     0    0     0    0     0      0      0 --:--:-- --:--:-- --:--:--     0
Test OLM installation	UNKNOWN STEP	2025-11-15T00:26:35.1373566Z   0     0    0     0    0     0      0      0 --:--:-- --:--:-- --:--:--     0
Test OLM installation	UNKNOWN STEP	2025-11-15T00:26:35.1374157Z   0     0    0     0    0     0      0      0 --:--:-- --:--:-- --:--:--     0
Test OLM installation	UNKNOWN STEP	2025-11-15T00:26:35.1894309Z 
Test OLM installation	UNKNOWN STEP	2025-11-15T00:26:35.1895345Z 100  1886  100  1886    0     0  10456      0 --:--:-- --:--:-- --:--:-- 10456
Test OLM installation	UNKNOWN STEP	2025-11-15T00:26:35.1941183Z + chmod +x /tmp/olm/install.sh
Test OLM installation	UNKNOWN STEP	2025-11-15T00:26:35.1956721Z + /tmp/olm/install.sh v0.26.0
Test OLM installation	UNKNOWN STEP	2025-11-15T00:26:35.6978559Z customresourcedefinition.apiextensions.k8s.io/catalogsources.operators.coreos.com created
Test OLM installation	UNKNOWN STEP	2025-11-15T00:26:35.8341199Z customresourcedefinition.apiextensions.k8s.io/clusterserviceversions.operators.coreos.com created
Test OLM installation	UNKNOWN STEP	2025-11-15T00:26:35.8467882Z customresourcedefinition.apiextensions.k8s.io/installplans.operators.coreos.com created
Test OLM installation	UNKNOWN STEP	2025-11-15T00:26:35.8514583Z customresourcedefinition.apiextensions.k8s.io/olmconfigs.operators.coreos.com created
Test OLM installation	UNKNOWN STEP	2025-11-15T00:26:35.8616810Z customresourcedefinition.apiextensions.k8s.io/operatorconditions.operators.coreos.com created
Test OLM installation	UNKNOWN STEP	2025-11-15T00:26:35.8714558Z customresourcedefinition.apiextensions.k8s.io/operatorgroups.operators.coreos.com created
Test OLM installation	UNKNOWN STEP	2025-11-15T00:26:35.8768347Z customresourcedefinition.apiextensions.k8s.io/operators.operators.coreos.com created
Test OLM installation	UNKNOWN STEP	2025-11-15T00:26:35.9161580Z customresourcedefinition.apiextensions.k8s.io/subscriptions.operators.coreos.com created
Test OLM installation	UNKNOWN STEP	2025-11-15T00:26:36.2187325Z customresourcedefinition.apiextensions.k8s.io/catalogsources.operators.coreos.com condition met
Test OLM installation	UNKNOWN STEP	2025-11-15T00:26:36.3788945Z customresourcedefinition.apiextensions.k8s.io/clusterserviceversions.operators.coreos.com condition met
Test OLM installation	UNKNOWN STEP	2025-11-15T00:26:36.4834083Z customresourcedefinition.apiextensions.k8s.io/installplans.operators.coreos.com condition met
Test OLM installation	UNKNOWN STEP	2025-11-15T00:26:36.5876954Z customresourcedefinition.apiextensions.k8s.io/olmconfigs.operators.coreos.com condition met
Test OLM installation	UNKNOWN STEP	2025-11-15T00:26:36.6941348Z customresourcedefinition.apiextensions.k8s.io/operatorconditions.operators.coreos.com condition met
Test OLM installation	UNKNOWN STEP	2025-11-15T00:26:36.8008144Z customresourcedefinition.apiextensions.k8s.io/operatorgroups.operators.coreos.com condition met
Test OLM installation	UNKNOWN STEP	2025-11-15T00:26:36.9045799Z customresourcedefinition.apiextensions.k8s.io/operators.operators.coreos.com condition met
Test OLM installation	UNKNOWN STEP	2025-11-15T00:26:37.0271540Z customresourcedefinition.apiextensions.k8s.io/subscriptions.operators.coreos.com condition met
Test OLM installation	UNKNOWN STEP	2025-11-15T00:26:37.2817880Z namespace/olm created
Test OLM installation	UNKNOWN STEP	2025-11-15T00:26:37.2854081Z namespace/operators created
Test OLM installation	UNKNOWN STEP	2025-11-15T00:26:37.3194399Z serviceaccount/olm-operator-serviceaccount created
Test OLM installation	UNKNOWN STEP	2025-11-15T00:26:37.3303640Z clusterrole.rbac.authorization.k8s.io/system:controller:operator-lifecycle-manager created
Test OLM installation	UNKNOWN STEP	2025-11-15T00:26:37.3387552Z clusterrolebinding.rbac.authorization.k8s.io/olm-operator-binding-olm created
Test OLM installation	UNKNOWN STEP	2025-11-15T00:26:39.3649177Z olmconfig.operators.coreos.com/cluster created
Test OLM installation	UNKNOWN STEP	2025-11-15T00:26:39.3902256Z deployment.apps/olm-operator created
Test OLM installation	UNKNOWN STEP	2025-11-15T00:26:39.3951673Z deployment.apps/catalog-operator created
Test OLM installation	UNKNOWN STEP	2025-11-15T00:26:39.4037689Z clusterrole.rbac.authorization.k8s.io/aggregate-olm-edit created
Test OLM installation	UNKNOWN STEP	2025-11-15T00:26:39.4097681Z clusterrole.rbac.authorization.k8s.io/aggregate-olm-view created
Test OLM installation	UNKNOWN STEP	2025-11-15T00:26:39.4793584Z operatorgroup.operators.coreos.com/global-operators created
Test OLM installation	UNKNOWN STEP	2025-11-15T00:26:39.4819012Z operatorgroup.operators.coreos.com/olm-operators created
Test OLM installation	UNKNOWN STEP	2025-11-15T00:26:39.5260285Z clusterserviceversion.operators.coreos.com/packageserver created
Test OLM installation	UNKNOWN STEP	2025-11-15T00:26:39.5569028Z catalogsource.operators.coreos.com/operatorhubio-catalog created
Test OLM installation	UNKNOWN STEP	2025-11-15T00:26:39.6192198Z Waiting for deployment "olm-operator" rollout to finish: 0 of 1 updated replicas are available...
Test OLM installation	UNKNOWN STEP	2025-11-15T00:26:45.4132623Z deployment "olm-operator" successfully rolled out
Test OLM installation	UNKNOWN STEP	2025-11-15T00:26:45.5100534Z deployment "catalog-operator" successfully rolled out
Test OLM installation	UNKNOWN STEP	2025-11-15T00:26:45.5663510Z Package server phase: Installing
Test OLM installation	UNKNOWN STEP	2025-11-15T00:26:55.6244591Z Package server phase: Succeeded
Test OLM installation	UNKNOWN STEP	2025-11-15T00:26:55.6794804Z deployment "packageserver" successfully rolled out
Test OLM installation	UNKNOWN STEP	2025-11-15T00:26:55.6862691Z ##[group]Run actions/download-artifact@634f93cb2916e3fdff6788551b99b062d0335ce0
Test OLM installation	UNKNOWN STEP	2025-11-15T00:26:55.6863072Z with:
Test OLM installation	UNKNOWN STEP	2025-11-15T00:26:55.6876128Z   name: keycloak-dist
Test OLM installation	UNKNOWN STEP	2025-11-15T00:26:55.6876537Z   path: quarkus/container
Test OLM installation	UNKNOWN STEP	2025-11-15T00:26:55.6876896Z   merge-multiple: false
Test OLM installation	UNKNOWN STEP	2025-11-15T00:26:55.6877262Z   repository: keycloak/keycloak
Test OLM installation	UNKNOWN STEP	2025-11-15T00:26:55.6877658Z   run-id: 19381255099
Test OLM installation	UNKNOWN STEP	2025-11-15T00:26:55.6877941Z env:
Test OLM installation	UNKNOWN STEP	2025-11-15T00:26:55.6878361Z   MAVEN_ARGS: -B -nsu -Daether.connector.http.connectionMaxTtl=25
Test OLM installation	UNKNOWN STEP	2025-11-15T00:26:55.6878766Z   MINIKUBE_VERSION: v1.37.0
Test OLM installation	UNKNOWN STEP	2025-11-15T00:26:55.6878989Z   KUBERNETES_VERSION: v1.32.9
Test OLM installation	UNKNOWN STEP	2025-11-15T00:26:55.6879211Z   MINIKUBE_MEMORY: 4096
Test OLM installation	UNKNOWN STEP	2025-11-15T00:26:55.6879511Z   JAVA_HOME: /opt/hostedtoolcache/Java_Temurin-Hotspot_jdk/21.0.9-10/x64
Test OLM installation	UNKNOWN STEP	2025-11-15T00:26:55.6880212Z   JAVA_HOME_21_X64: /opt/hostedtoolcache/Java_Temurin-Hotspot_jdk/21.0.9-10/x64
Test OLM installation	UNKNOWN STEP	2025-11-15T00:26:55.6880567Z   MINIKUBE_HOME: /home/runner/work/_temp
Test OLM installation	UNKNOWN STEP	2025-11-15T00:26:55.6880827Z ##[endgroup]
Test OLM installation	UNKNOWN STEP	2025-11-15T00:26:55.8857546Z Downloading single artifact
Test OLM installation	UNKNOWN STEP	2025-11-15T00:26:56.0445078Z Preparing to download the following artifacts:
Test OLM installation	UNKNOWN STEP	2025-11-15T00:26:56.0446154Z - keycloak-dist (ID: 4574562904, Size: 165095434, Expected Digest: sha256:029af1957db8461c5eb5002d56128f2aa919697a6add04e65f262e52e3097028)
Test OLM installation	UNKNOWN STEP	2025-11-15T00:26:56.1772123Z Redirecting to blob download url: https://productionresultssa19.blob.core.windows.net/actions-results/a910bf77-cdb0-4d05-9c04-666615130761/workflow-job-run-d61f7f6b-c9dc-5f46-acf9-56e9810f0cee/artifacts/8ec452859fe416bcecd39b267c69bfe76c7634fb13c33b71d912d2a8c0986080.zip
Test OLM installation	UNKNOWN STEP	2025-11-15T00:26:56.1773816Z Starting download of artifact to: /home/runner/work/keycloak/keycloak/quarkus/container
Test OLM installation	UNKNOWN STEP	2025-11-15T00:26:56.3551767Z (node:8861) [DEP0005] DeprecationWarning: Buffer() is deprecated due to security and usability issues. Please use the Buffer.alloc(), Buffer.allocUnsafe(), or Buffer.from() methods instead.
Test OLM installation	UNKNOWN STEP	2025-11-15T00:26:56.3553321Z (Use `node --trace-deprecation ...` to show where the warning was created)
Test OLM installation	UNKNOWN STEP	2025-11-15T00:26:58.7084919Z SHA256 digest of downloaded artifact is 029af1957db8461c5eb5002d56128f2aa919697a6add04e65f262e52e3097028
Test OLM installation	UNKNOWN STEP	2025-11-15T00:26:58.7085871Z Artifact download completed successfully.
Test OLM installation	UNKNOWN STEP	2025-11-15T00:26:58.7086370Z Total of 1 artifact(s) downloaded
Test OLM installation	UNKNOWN STEP	2025-11-15T00:26:58.7092161Z Download artifact has finished successfully
Test OLM installation	UNKNOWN STEP	2025-11-15T00:26:58.7210471Z ##[group]Run echo "Minikube IP $(minikube ip)"
Test OLM installation	UNKNOWN STEP	2025-11-15T00:26:58.7210836Z [36;1mecho "Minikube IP $(minikube ip)"[0m
Test OLM installation	UNKNOWN STEP	2025-11-15T00:26:58.7211134Z [36;1meval $(minikube -p minikube docker-env)[0m
Test OLM installation	UNKNOWN STEP	2025-11-15T00:26:58.7211534Z [36;1mREGISTRY=$(minikube ip):5000 ./scripts/olm-testing.sh ${GITHUB_SHA::6}[0m
Test OLM installation	UNKNOWN STEP	2025-11-15T00:26:58.7244644Z shell: /usr/bin/bash --noprofile --norc -e -o pipefail {0}
Test OLM installation	UNKNOWN STEP	2025-11-15T00:26:58.7244958Z env:
Test OLM installation	UNKNOWN STEP	2025-11-15T00:26:58.7245223Z   MAVEN_ARGS: -B -nsu -Daether.connector.http.connectionMaxTtl=25
Test OLM installation	UNKNOWN STEP	2025-11-15T00:26:58.7245562Z   MINIKUBE_VERSION: v1.37.0
Test OLM installation	UNKNOWN STEP	2025-11-15T00:26:58.7245782Z   KUBERNETES_VERSION: v1.32.9
Test OLM installation	UNKNOWN STEP	2025-11-15T00:26:58.7245998Z   MINIKUBE_MEMORY: 4096
Test OLM installation	UNKNOWN STEP	2025-11-15T00:26:58.7246301Z   JAVA_HOME: /opt/hostedtoolcache/Java_Temurin-Hotspot_jdk/21.0.9-10/x64
Test OLM installation	UNKNOWN STEP	2025-11-15T00:26:58.7246748Z   JAVA_HOME_21_X64: /opt/hostedtoolcache/Java_Temurin-Hotspot_jdk/21.0.9-10/x64
Test OLM installation	UNKNOWN STEP	2025-11-15T00:26:58.7247104Z   MINIKUBE_HOME: /home/runner/work/_temp
Test OLM installation	UNKNOWN STEP	2025-11-15T00:26:58.7247368Z ##[endgroup]
Test OLM installation	UNKNOWN STEP	2025-11-15T00:26:58.8410706Z Minikube IP 192.168.49.2
Test OLM installation	UNKNOWN STEP	2025-11-15T00:26:59.2397631Z + UUID=626062
Test OLM installation	UNKNOWN STEP	2025-11-15T00:26:59.2398033Z + INSTALL_NAMESPACE=default
Test OLM installation	UNKNOWN STEP	2025-11-15T00:26:59.2398427Z + TARGET_NAMESPACES=default
Test OLM installation	UNKNOWN STEP	2025-11-15T00:26:59.2403416Z +++ dirname -- ./scripts/olm-testing.sh
Test OLM installation	UNKNOWN STEP	2025-11-15T00:26:59.2414225Z ++ cd -- ./scripts
Test OLM installation	UNKNOWN STEP	2025-11-15T00:26:59.2414549Z ++ pwd
Test OLM installation	UNKNOWN STEP	2025-11-15T00:26:59.2416777Z + SCRIPT_DIR=/home/runner/work/keycloak/keycloak/operator/scripts
Test OLM installation	UNKNOWN STEP	2025-11-15T00:26:59.2417254Z + REGISTRY=192.168.49.2:5000
Test OLM installation	UNKNOWN STEP	2025-11-15T00:26:59.2417561Z + VERSION=86400000.0.0
Test OLM installation	UNKNOWN STEP	2025-11-15T00:26:59.2420626Z + cd /home/runner/work/keycloak/keycloak/operator/scripts/../../quarkus/container
Test OLM installation	UNKNOWN STEP	2025-11-15T00:26:59.2424498Z ++ ls keycloak-999.0.0-SNAPSHOT.tar.gz
Test OLM installation	UNKNOWN STEP	2025-11-15T00:26:59.2437861Z + docker build --build-arg KEYCLOAK_DIST=keycloak-999.0.0-SNAPSHOT.tar.gz . -t 192.168.49.2:5000/626062keycloak:86400000.0.0
Test OLM installation	UNKNOWN STEP	2025-11-15T00:26:59.6755191Z #0 building with "default" instance using docker driver
Test OLM installation	UNKNOWN STEP	2025-11-15T00:26:59.6755632Z 
Test OLM installation	UNKNOWN STEP	2025-11-15T00:26:59.6755876Z #1 [internal] load build definition from Dockerfile
Test OLM installation	UNKNOWN STEP	2025-11-15T00:26:59.6756415Z #1 transferring dockerfile: 2.73kB done
Test OLM installation	UNKNOWN STEP	2025-11-15T00:26:59.6756815Z #1 DONE 0.0s
Test OLM installation	UNKNOWN STEP	2025-11-15T00:26:59.6756984Z 
Test OLM installation	UNKNOWN STEP	2025-11-15T00:26:59.6757274Z #2 [internal] load metadata for registry.access.redhat.com/ubi9:latest
Test OLM installation	UNKNOWN STEP	2025-11-15T00:27:00.0843870Z #2 DONE 0.6s
Test OLM installation	UNKNOWN STEP	2025-11-15T00:27:00.0844073Z 
Test OLM installation	UNKNOWN STEP	2025-11-15T00:27:00.0844355Z #3 [internal] load metadata for registry.access.redhat.com/ubi9-micro:latest
Test OLM installation	UNKNOWN STEP	2025-11-15T00:27:00.2787417Z #3 DONE 0.8s
Test OLM installation	UNKNOWN STEP	2025-11-15T00:27:00.3989964Z 
Test OLM installation	UNKNOWN STEP	2025-11-15T00:27:00.3991598Z #4 [internal] load .dockerignore
Test OLM installation	UNKNOWN STEP	2025-11-15T00:27:00.3992113Z #4 transferring context: 2B done
Test OLM installation	UNKNOWN STEP	2025-11-15T00:27:00.3992530Z #4 DONE 0.0s
Test OLM installation	UNKNOWN STEP	2025-11-15T00:27:00.3992726Z 
Test OLM installation	UNKNOWN STEP	2025-11-15T00:27:00.3993472Z #5 [ubi-micro-build 1/8] FROM registry.access.redhat.com/ubi9:latest@sha256:bbac76ac0310eefd6298ed3ab3c1710e1c842f1f778800de0f49e660b402bdc5
Test OLM installation	UNKNOWN STEP	2025-11-15T00:27:00.3995080Z #5 resolve registry.access.redhat.com/ubi9:latest@sha256:bbac76ac0310eefd6298ed3ab3c1710e1c842f1f778800de0f49e660b402bdc5 done
Test OLM installation	UNKNOWN STEP	2025-11-15T00:27:00.3996434Z #5 sha256:bbac76ac0310eefd6298ed3ab3c1710e1c842f1f778800de0f49e660b402bdc5 970B / 970B done
Test OLM installation	UNKNOWN STEP	2025-11-15T00:27:00.3997509Z #5 sha256:b62d42eccf24213e83596e835ab3df5c7bee8e896cf517005b8da4c09ee586a6 429B / 429B done
Test OLM installation	UNKNOWN STEP	2025-11-15T00:27:00.3998618Z #5 sha256:c0293e146868b9cc92258316d7964c2dd067879fa25803bfab5ea1e5fa886dfa 6.15kB / 6.15kB done
Test OLM installation	UNKNOWN STEP	2025-11-15T00:27:00.3999883Z #5 sha256:3022abd78a961678ba580f66f4abc6871189b6620202a20e5a15ea1adef11a8c 0B / 80.04MB 0.1s
Test OLM installation	UNKNOWN STEP	2025-11-15T00:27:00.6022885Z #5 sha256:3022abd78a961678ba580f66f4abc6871189b6620202a20e5a15ea1adef11a8c 8.39MB / 80.04MB 0.3s
Test OLM installation	UNKNOWN STEP	2025-11-15T00:27:00.7039582Z #5 sha256:3022abd78a961678ba580f66f4abc6871189b6620202a20e5a15ea1adef11a8c 20.97MB / 80.04MB 0.4s
Test OLM installation	UNKNOWN STEP	2025-11-15T00:27:00.8032325Z #5 sha256:3022abd78a961678ba580f66f4abc6871189b6620202a20e5a15ea1adef11a8c 35.65MB / 80.04MB 0.5s
Test OLM installation	UNKNOWN STEP	2025-11-15T00:27:00.9799288Z #5 sha256:3022abd78a961678ba580f66f4abc6871189b6620202a20e5a15ea1adef11a8c 47.19MB / 80.04MB 0.6s
Test OLM installation	UNKNOWN STEP	2025-11-15T00:27:01.0993760Z #5 sha256:3022abd78a961678ba580f66f4abc6871189b6620202a20e5a15ea1adef11a8c 71.79MB / 80.04MB 0.8s
Test OLM installation	UNKNOWN STEP	2025-11-15T00:27:01.1990917Z #5 sha256:3022abd78a961678ba580f66f4abc6871189b6620202a20e5a15ea1adef11a8c 80.04MB / 80.04MB 0.9s done
Test OLM installation	UNKNOWN STEP	2025-11-15T00:27:01.3495300Z #5 ...
Test OLM installation	UNKNOWN STEP	2025-11-15T00:27:01.3495551Z 
Test OLM installation	UNKNOWN STEP	2025-11-15T00:27:01.3495738Z #6 [internal] load build context
Test OLM installation	UNKNOWN STEP	2025-11-15T00:27:01.3496202Z #6 transferring context: 165.08MB 0.9s done
Test OLM installation	UNKNOWN STEP	2025-11-15T00:27:01.3496752Z #6 DONE 0.9s
Test OLM installation	UNKNOWN STEP	2025-11-15T00:27:01.3496922Z 
Test OLM installation	UNKNOWN STEP	2025-11-15T00:27:01.3497642Z #5 [ubi-micro-build 1/8] FROM registry.access.redhat.com/ubi9:latest@sha256:bbac76ac0310eefd6298ed3ab3c1710e1c842f1f778800de0f49e660b402bdc5
Test OLM installation	UNKNOWN STEP	2025-11-15T00:27:01.3498928Z #5 extracting sha256:3022abd78a961678ba580f66f4abc6871189b6620202a20e5a15ea1adef11a8c
Test OLM installation	UNKNOWN STEP	2025-11-15T00:27:01.4826043Z #5 ...
Test OLM installation	UNKNOWN STEP	2025-11-15T00:27:01.4827178Z 
Test OLM installation	UNKNOWN STEP	2025-11-15T00:27:01.4829140Z #7 [stage-1 1/4] FROM registry.access.redhat.com/ubi9-micro:latest@sha256:e14a8cbcaa0c26b77140ac85d40a47b5e910a4068686b02ebcad72126e9b5f86
Test OLM installation	UNKNOWN STEP	2025-11-15T00:27:01.4831077Z #7 resolve registry.access.redhat.com/ubi9-micro:latest@sha256:e14a8cbcaa0c26b77140ac85d40a47b5e910a4068686b02ebcad72126e9b5f86 done
Test OLM installation	UNKNOWN STEP	2025-11-15T00:27:01.4832375Z #7 sha256:e14a8cbcaa0c26b77140ac85d40a47b5e910a4068686b02ebcad72126e9b5f86 970B / 970B done
Test OLM installation	UNKNOWN STEP	2025-11-15T00:27:01.4833057Z #7 sha256:75ffc6927416cde1aa15ca0a27b611df7a9582428214f2844e66bc0dc27ba0d0 428B / 428B done
Test OLM installation	UNKNOWN STEP	2025-11-15T00:27:01.4833636Z #7 sha256:cd8681aeba57c6800510d7e2fc4a8847c3d2f803f9edf37c57b0a2420f163b9a 5.18kB / 5.18kB done
Test OLM installation	UNKNOWN STEP	2025-11-15T00:27:01.4834570Z #7 sha256:f9e37a00861053482dab42a6e67717c2c18b9b71ff4689e9dd7561195918ecc3 7.27MB / 7.27MB 0.7s done
Test OLM installation	UNKNOWN STEP	2025-11-15T00:27:01.4835607Z #7 extracting sha256:f9e37a00861053482dab42a6e67717c2c18b9b71ff4689e9dd7561195918ecc3 0.4s done
Test OLM installation	UNKNOWN STEP	2025-11-15T00:27:01.4836304Z #7 DONE 1.1s
Test OLM installation	UNKNOWN STEP	2025-11-15T00:27:01.4836469Z 
Test OLM installation	UNKNOWN STEP	2025-11-15T00:27:01.4837176Z #5 [ubi-micro-build 1/8] FROM registry.access.redhat.com/ubi9:latest@sha256:bbac76ac0310eefd6298ed3ab3c1710e1c842f1f778800de0f49e660b402bdc5
Test OLM installation	UNKNOWN STEP	2025-11-15T00:27:04.3102331Z #5 extracting sha256:3022abd78a961678ba580f66f4abc6871189b6620202a20e5a15ea1adef11a8c 2.9s done
Test OLM installation	UNKNOWN STEP	2025-11-15T00:27:04.3102896Z #5 DONE 3.9s
Test OLM installation	UNKNOWN STEP	2025-11-15T00:27:04.3103026Z 
Test OLM installation	UNKNOWN STEP	2025-11-15T00:27:04.3103186Z #8 [ubi-micro-build 2/8] RUN dnf install -y tar gzip
Test OLM installation	UNKNOWN STEP	2025-11-15T00:27:04.5163500Z #8 0.356 Updating Subscription Management repositories.
Test OLM installation	UNKNOWN STEP	2025-11-15T00:27:04.6705959Z #8 0.357 Unable to read consumer identity
Test OLM installation	UNKNOWN STEP	2025-11-15T00:27:04.6706301Z #8 0.360 
Test OLM installation	UNKNOWN STEP	2025-11-15T00:27:04.6706712Z #8 0.360 This system is not registered with an entitlement server. You can use subscription-manager to register.
Test OLM installation	UNKNOWN STEP	2025-11-15T00:27:04.6707145Z #8 0.360 
Test OLM installation	UNKNOWN STEP	2025-11-15T00:27:04.7374005Z #8 0.578 Red Hat Universal Base Image 9 (RPMs) - BaseOS  2.9 MB/s | 531 kB     00:00    
Test OLM installation	UNKNOWN STEP	2025-11-15T00:27:04.8984466Z #8 0.739 Red Hat Universal Base Image 9 (RPMs) - AppStre  31 MB/s | 2.6 MB     00:00    
Test OLM installation	UNKNOWN STEP	2025-11-15T00:27:05.4104198Z #8 1.251 Red Hat Universal Base Image 9 (RPMs) - CodeRea 3.7 MB/s | 287 kB     00:00    
Test OLM installation	UNKNOWN STEP	2025-11-15T00:27:05.5504211Z #8 1.390 Package tar-2:1.34-7.el9.x86_64 is already installed.
Test OLM installation	UNKNOWN STEP	2025-11-15T00:27:05.7181464Z #8 1.391 Package gzip-1.12-1.el9.x86_64 is already installed.
Test OLM installation	UNKNOWN STEP	2025-11-15T00:27:05.7182068Z #8 1.407 Dependencies resolved.
Test OLM installation	UNKNOWN STEP	2025-11-15T00:27:05.7182357Z #8 1.408 Nothing to do.
Test OLM installation	UNKNOWN STEP	2025-11-15T00:27:05.7182603Z #8 1.408 Complete!
Test OLM installation	UNKNOWN STEP	2025-11-15T00:27:06.7529448Z #8 DONE 2.6s
Test OLM installation	UNKNOWN STEP	2025-11-15T00:27:06.9033113Z 
Test OLM installation	UNKNOWN STEP	2025-11-15T00:27:06.9033825Z #9 [ubi-micro-build 3/8] ADD keycloak-999.0.0-SNAPSHOT.tar.gz /tmp/keycloak/
Test OLM installation	UNKNOWN STEP	2025-11-15T00:27:07.7049899Z #9 DONE 1.0s
Test OLM installation	UNKNOWN STEP	2025-11-15T00:27:07.8129448Z 
Test OLM installation	UNKNOWN STEP	2025-11-15T00:27:07.8131672Z #10 [ubi-micro-build 4/8] RUN (cd /tmp/keycloak &&     tar -xvf /tmp/keycloak/keycloak-*.tar.gz &&     rm /tmp/keycloak/keycloak-*.tar.gz) || true
Test OLM installation	UNKNOWN STEP	2025-11-15T00:27:07.8132879Z #10 0.107 tar: /tmp/keycloak/keycloak-*.tar.gz: Cannot open: No such file or directory
Test OLM installation	UNKNOWN STEP	2025-11-15T00:27:07.8134073Z #10 0.107 tar: Error is not recoverable: exiting now
Test OLM installation	UNKNOWN STEP	2025-11-15T00:27:07.9507382Z #10 DONE 0.1s
Test OLM installation	UNKNOWN STEP	2025-11-15T00:27:07.9507755Z 
Test OLM installation	UNKNOWN STEP	2025-11-15T00:27:07.9508467Z #11 [ubi-micro-build 5/8] RUN mv /tmp/keycloak/keycloak-* /opt/keycloak && mkdir -p /opt/keycloak/data
Test OLM installation	UNKNOWN STEP	2025-11-15T00:27:07.9509220Z #11 DONE 0.1s
Test OLM installation	UNKNOWN STEP	2025-11-15T00:27:08.1024504Z 
Test OLM installation	UNKNOWN STEP	2025-11-15T00:27:08.1025362Z #12 [ubi-micro-build 6/8] RUN chmod -R g+rwX /opt/keycloak
Test OLM installation	UNKNOWN STEP	2025-11-15T00:27:08.5788218Z #12 DONE 0.6s
Test OLM installation	UNKNOWN STEP	2025-11-15T00:27:08.7181194Z 
Test OLM installation	UNKNOWN STEP	2025-11-15T00:27:08.7182036Z #13 [ubi-micro-build 7/8] ADD ubi-null.sh /tmp/
Test OLM installation	UNKNOWN STEP	2025-11-15T00:27:08.7182577Z #13 DONE 0.0s
Test OLM installation	UNKNOWN STEP	2025-11-15T00:27:08.7182757Z 
Test OLM installation	UNKNOWN STEP	2025-11-15T00:27:08.7183109Z #14 [ubi-micro-build 8/8] RUN bash /tmp/ubi-null.sh java-21-openjdk-headless glibc-langpack-en findutils
Test OLM installation	UNKNOWN STEP	2025-11-15T00:27:08.7183589Z #14 0.121 ==> Installing packages into chroot
Test OLM installation	UNKNOWN STEP	2025-11-15T00:27:08.7183881Z #14 0.121 + dnf install -y findutils diffutils
Test OLM installation	UNKNOWN STEP	2025-11-15T00:27:08.9705821Z #14 0.373 Updating Subscription Management repositories.
Test OLM installation	UNKNOWN STEP	2025-11-15T00:27:09.0805494Z #14 0.374 Unable to read consumer identity
Test OLM installation	UNKNOWN STEP	2025-11-15T00:27:09.0806507Z #14 0.377 
Test OLM installation	UNKNOWN STEP	2025-11-15T00:27:09.0807411Z #14 0.377 This system is not registered with an entitlement server. You can use subscription-manager to register.
Test OLM installation	UNKNOWN STEP	2025-11-15T00:27:09.0808140Z #14 0.377 
Test OLM installation	UNKNOWN STEP	2025-11-15T00:27:09.0808530Z #14 0.416 Last metadata expiration check: 0:00:04 ago on Sat Nov 15 00:27:05 2025.
Test OLM installation	UNKNOWN STEP	2025-11-15T00:27:09.0809120Z #14 0.439 Package findutils-1:4.8.0-7.el9.x86_64 is already installed.
Test OLM installation	UNKNOWN STEP	2025-11-15T00:27:09.0809557Z #14 0.453 Dependencies resolved.
Test OLM installation	UNKNOWN STEP	2025-11-15T00:27:09.0810262Z #14 0.453 ================================================================================
Test OLM installation	UNKNOWN STEP	2025-11-15T00:27:09.0810777Z #14 0.453  Package         Architecture Version             Repository               Size
Test OLM installation	UNKNOWN STEP	2025-11-15T00:27:09.0811488Z #14 0.453 ================================================================================
Test OLM installation	UNKNOWN STEP	2025-11-15T00:27:09.0812007Z #14 0.453 Installing:
Test OLM installation	UNKNOWN STEP	2025-11-15T00:27:09.0812612Z #14 0.453  diffutils       x86_64       3.7-12.el9          ubi-9-baseos-rpms       402 k
Test OLM installation	UNKNOWN STEP	2025-11-15T00:27:09.0813315Z #14 0.453 
Test OLM installation	UNKNOWN STEP	2025-11-15T00:27:09.0813683Z #14 0.453 Transaction Summary
Test OLM installation	UNKNOWN STEP	2025-11-15T00:27:09.0814196Z #14 0.453 ================================================================================
Test OLM installation	UNKNOWN STEP	2025-11-15T00:27:09.0814734Z #14 0.453 Install  1 Package
Test OLM installation	UNKNOWN STEP	2025-11-15T00:27:09.0815162Z #14 0.453 
Test OLM installation	UNKNOWN STEP	2025-11-15T00:27:09.0815429Z #14 0.454 Total download size: 402 k
Test OLM installation	UNKNOWN STEP	2025-11-15T00:27:09.0815795Z #14 0.454 Installed size: 1.4 M
Test OLM installation	UNKNOWN STEP	2025-11-15T00:27:09.0816250Z #14 0.454 Downloading Packages:
Test OLM installation	UNKNOWN STEP	2025-11-15T00:27:09.0816893Z #14 0.484 diffutils-3.7-12.el9.x86_64.rpm                  14 MB/s | 402 kB     00:00    
Test OLM installation	UNKNOWN STEP	2025-11-15T00:27:09.1887989Z #14 0.485 --------------------------------------------------------------------------------
Test OLM installation	UNKNOWN STEP	2025-11-15T00:27:09.1888828Z #14 0.485 Total                                            13 MB/s | 402 kB     00:00     
Test OLM installation	UNKNOWN STEP	2025-11-15T00:27:09.1889428Z #14 0.497 Running transaction check
Test OLM installation	UNKNOWN STEP	2025-11-15T00:27:09.1890217Z #14 0.500 Transaction check succeeded.
Test OLM installation	UNKNOWN STEP	2025-11-15T00:27:09.1890739Z #14 0.501 Running transaction test
Test OLM installation	UNKNOWN STEP	2025-11-15T00:27:09.1891211Z #14 0.526 Transaction test succeeded.
Test OLM installation	UNKNOWN STEP	2025-11-15T00:27:09.1891676Z #14 0.527 Running transaction
Test OLM installation	UNKNOWN STEP	2025-11-15T00:27:09.1892044Z #14 0.548   Preparing        :                                                        1/1 
Test OLM installation	UNKNOWN STEP	2025-11-15T00:27:09.1892577Z #14 0.582   Installing       : diffutils-3.7-12.el9.x86_64                            1/1 
Test OLM installation	UNKNOWN STEP	2025-11-15T00:27:09.3280356Z #14 0.592   Running scriptlet: diffutils-3.7-12.el9.x86_64                            1/1 
Test OLM installation	UNKNOWN STEP	2025-11-15T00:27:09.3281464Z #14 0.630   Verifying        : diffutils-3.7-12.el9.x86_64                            1/1 
Test OLM installation	UNKNOWN STEP	2025-11-15T00:27:09.3282212Z #14 0.656 Installed products updated.
Test OLM installation	UNKNOWN STEP	2025-11-15T00:27:09.3283154Z #14 0.683 
Test OLM installation	UNKNOWN STEP	2025-11-15T00:27:09.3283505Z #14 0.683 Installed:
Test OLM installation	UNKNOWN STEP	2025-11-15T00:27:09.3284090Z #14 0.683   diffutils-3.7-12.el9.x86_64                                                   
Test OLM installation	UNKNOWN STEP	2025-11-15T00:27:09.3284690Z #14 0.683 
Test OLM installation	UNKNOWN STEP	2025-11-15T00:27:09.3285432Z #14 0.683 Complete!
Test OLM installation	UNKNOWN STEP	2025-11-15T00:27:09.3285687Z #14 0.731 ++ realpath rootfs
Test OLM installation	UNKNOWN STEP	2025-11-15T00:27:09.4816095Z #14 0.733 + rootfs=/tmp/null/rootfs
Test OLM installation	UNKNOWN STEP	2025-11-15T00:27:09.4816652Z #14 0.733 + mkdir -p /tmp/null/rootfs
Test OLM installation	UNKNOWN STEP	2025-11-15T00:27:09.4817512Z #14 0.734 + xargs dnf install -y --installroot /tmp/null/rootfs --releasever 9 --setopt install_weak_deps=false --nodocs
Test OLM installation	UNKNOWN STEP	2025-11-15T00:27:09.5701559Z #14 0.973 Updating Subscription Management repositories.
Test OLM installation	UNKNOWN STEP	2025-11-15T00:27:09.8082932Z #14 0.974 Unable to read consumer identity
Test OLM installation	UNKNOWN STEP	2025-11-15T00:27:09.8084715Z #14 0.975 
Test OLM installation	UNKNOWN STEP	2025-11-15T00:27:09.8085618Z #14 0.975 This system is not registered with an entitlement server. You can use subscription-manager to register.
Test OLM installation	UNKNOWN STEP	2025-11-15T00:27:09.8086556Z #14 0.975 
Test OLM installation	UNKNOWN STEP	2025-11-15T00:27:09.8087177Z #14 1.061 Red Hat Universal Base Image 9 (RPMs) - BaseOS  7.7 MB/s | 531 kB     00:00    
Test OLM installation	UNKNOWN STEP	2025-11-15T00:27:09.8088279Z #14 1.212 Red Hat Universal Base Image 9 (RPMs) - AppStre  35 MB/s | 2.6 MB     00:00    
Test OLM installation	UNKNOWN STEP	2025-11-15T00:27:10.2793140Z #14 1.682 Red Hat Universal Base Image 9 (RPMs) - CodeRea 4.5 MB/s | 287 kB     00:00    
Test OLM installation	UNKNOWN STEP	2025-11-15T00:27:10.4183039Z #14 1.821 Dependencies resolved.
Test OLM installation	UNKNOWN STEP	2025-11-15T00:27:10.5233194Z #14 1.826 =============================================================================================
Test OLM installation	UNKNOWN STEP	2025-11-15T00:27:10.5235248Z #14 1.826  Package                    Arch    Version                       Repository             Size
Test OLM installation	UNKNOWN STEP	2025-11-15T00:27:10.5235983Z #14 1.826 =============================================================================================
Test OLM installation	UNKNOWN STEP	2025-11-15T00:27:10.5237309Z #14 1.826 Installing:
Test OLM installation	UNKNOWN STEP	2025-11-15T00:27:10.5237884Z #14 1.826  bash                       x86_64  5.1.8-9.el9                   ubi-9-baseos-rpms     1.7 M
Test OLM installation	UNKNOWN STEP	2025-11-15T00:27:10.5239604Z #14 1.826  coreutils-single           x86_64  8.32-39.el9                   ubi-9-baseos-rpms     625 k
Test OLM installation	UNKNOWN STEP	2025-11-15T00:27:10.5240762Z #14 1.826  findutils                  x86_64  1:4.8.0-7.el9                 ubi-9-baseos-rpms     550 k
Test OLM installation	UNKNOWN STEP	2025-11-15T00:27:10.5241641Z #14 1.826  glibc-langpack-en          x86_64  2.34-231.el9_7.2              ubi-9-baseos-rpms     660 k
Test OLM installation	UNKNOWN STEP	2025-11-15T00:27:10.5242595Z #14 1.826  java-21-openjdk-headless   x86_64  1:21.0.9.0.10-1.el9           ubi-9-appstream-rpms   49 M
Test OLM installation	UNKNOWN STEP	2025-11-15T00:27:10.5243305Z #14 1.826 Installing dependencies:
Test OLM installation	UNKNOWN STEP	2025-11-15T00:27:10.5243901Z #14 1.826  alsa-lib                   x86_64  1.2.14-1.el9                  ubi-9-appstream-rpms  529 k
Test OLM installation	UNKNOWN STEP	2025-11-15T00:27:10.5244685Z #14 1.826  alternatives               x86_64  1.24-2.el9                    ubi-9-baseos-rpms      42 k
Test OLM installation	UNKNOWN STEP	2025-11-15T00:27:10.5245481Z #14 1.826  avahi-libs                 x86_64  0.8-23.el9                    ubi-9-baseos-rpms      67 k
Test OLM installation	UNKNOWN STEP	2025-11-15T00:27:10.5246283Z #14 1.826  basesystem                 noarch  11-13.el9                     ubi-9-baseos-rpms     8.0 k
Test OLM installation	UNKNOWN STEP	2025-11-15T00:27:10.5247081Z #14 1.826  bzip2-libs                 x86_64  1.0.8-10.el9_5                ubi-9-baseos-rpms      42 k
Test OLM installation	UNKNOWN STEP	2025-11-15T00:27:10.5247952Z #14 1.826  ca-certificates            noarch  2024.2.69_v8.0.303-91.4.el9_4 ubi-9-baseos-rpms     1.0 M
Test OLM installation	UNKNOWN STEP	2025-11-15T00:27:10.5248858Z #14 1.826  copy-jdk-configs           noarch  4.0-3.el9                     ubi-9-appstream-rpms   29 k
Test OLM installation	UNKNOWN STEP	2025-11-15T00:27:10.5252026Z #14 1.826  crypto-policies            noarch  20250905-1.git377cc42.el9_7   ubi-9-baseos-rpms      90 k
Test OLM installation	UNKNOWN STEP	2025-11-15T00:27:10.5253072Z #14 1.826  crypto-policies-scripts    noarch  20250905-1.git377cc42.el9_7   ubi-9-baseos-rpms     102 k
Test OLM installation	UNKNOWN STEP	2025-11-15T00:27:10.5254017Z #14 1.826  cups-libs                  x86_64  1:2.3.3op2-34.el9_7           ubi-9-baseos-rpms     261 k
Test OLM installation	UNKNOWN STEP	2025-11-15T00:27:10.5254806Z #14 1.826  dbus-libs                  x86_64  1:1.12.20-8.el9               ubi-9-baseos-rpms     154 k
Test OLM installation	UNKNOWN STEP	2025-11-15T00:27:10.5255530Z #14 1.826  expat                      x86_64  2.5.0-5.el9_6                 ubi-9-baseos-rpms     119 k
Test OLM installation	UNKNOWN STEP	2025-11-15T00:27:10.5256268Z #14 1.826  filesystem                 x86_64  3.16-5.el9                    ubi-9-baseos-rpms     4.8 M
Test OLM installation	UNKNOWN STEP	2025-11-15T00:27:10.5257313Z #14 1.826  gawk                       x86_64  5.1.0-6.el9                   ubi-9-baseos-rpms     1.0 M
Test OLM installation	UNKNOWN STEP	2025-11-15T00:27:10.5258092Z #14 1.826  gdbm-libs                  x86_64  1:1.23-1.el9                  ubi-9-baseos-rpms      59 k
Test OLM installation	UNKNOWN STEP	2025-11-15T00:27:10.5258836Z #14 1.826  glibc                      x86_64  2.34-231.el9_7.2              ubi-9-baseos-rpms     2.0 M
Test OLM installation	UNKNOWN STEP	2025-11-15T00:27:10.5261594Z #14 1.826  glibc-common               x86_64  2.34-231.el9_7.2              ubi-9-baseos-rpms     306 k
Test OLM installation	UNKNOWN STEP	2025-11-15T00:27:10.5262391Z #14 1.826  gmp                        x86_64  1:6.2.0-13.el9                ubi-9-baseos-rpms     319 k
Test OLM installation	UNKNOWN STEP	2025-11-15T00:27:10.5263119Z #14 1.826  gnutls                     x86_64  3.8.3-9.el9                   ubi-9-baseos-rpms     1.1 M
Test OLM installation	UNKNOWN STEP	2025-11-15T00:27:10.5263825Z #14 1.826  grep                       x86_64  3.6-5.el9                     ubi-9-baseos-rpms     273 k
Test OLM installation	UNKNOWN STEP	2025-11-15T00:27:10.5264690Z #14 1.826  javapackages-filesystem    noarch  6.4.0-1.el9                   ubi-9-appstream-rpms   17 k
Test OLM installation	UNKNOWN STEP	2025-11-15T00:27:10.5265839Z #14 1.826  keyutils-libs              x86_64  1.6.3-1.el9                   ubi-9-baseos-rpms      34 k
Test OLM installation	UNKNOWN STEP	2025-11-15T00:27:10.5266636Z #14 1.826  krb5-libs                  x86_64  1.21.1-8.el9_6                ubi-9-baseos-rpms     766 k
Test OLM installation	UNKNOWN STEP	2025-11-15T00:27:10.5267355Z #14 1.826  libacl                     x86_64  2.3.1-4.el9                   ubi-9-baseos-rpms      24 k
Test OLM installation	UNKNOWN STEP	2025-11-15T00:27:10.5268084Z #14 1.826  libattr                    x86_64  2.5.1-3.el9                   ubi-9-baseos-rpms      20 k
Test OLM installation	UNKNOWN STEP	2025-11-15T00:27:10.5268819Z #14 1.826  libcap                     x86_64  2.48-10.el9                   ubi-9-baseos-rpms      70 k
Test OLM installation	UNKNOWN STEP	2025-11-15T00:27:10.5271166Z #14 1.826  libcom_err                 x86_64  1.46.5-8.el9                  ubi-9-baseos-rpms      26 k
Test OLM installation	UNKNOWN STEP	2025-11-15T00:27:10.5273732Z #14 1.826  libevent                   x86_64  2.1.12-8.el9_4                ubi-9-baseos-rpms     266 k
Test OLM installation	UNKNOWN STEP	2025-11-15T00:27:10.5274553Z #14 1.826  libffi                     x86_64  3.4.2-8.el9                   ubi-9-baseos-rpms      40 k
Test OLM installation	UNKNOWN STEP	2025-11-15T00:27:10.5275301Z #14 1.826  libgcc                     x86_64  11.5.0-11.el9                 ubi-9-baseos-rpms      85 k
Test OLM installation	UNKNOWN STEP	2025-11-15T00:27:10.5276067Z #14 1.826  libgcrypt                  x86_64  1.10.0-11.el9                 ubi-9-baseos-rpms     510 k
Test OLM installation	UNKNOWN STEP	2025-11-15T00:27:10.5276852Z #14 1.826  libgpg-error               x86_64  1.42-5.el9                    ubi-9-baseos-rpms     220 k
Test OLM installation	UNKNOWN STEP	2025-11-15T00:27:10.5277627Z #14 1.826  libidn2                    x86_64  2.3.0-7.el9                   ubi-9-baseos-rpms     105 k
Test OLM installation	UNKNOWN STEP	2025-11-15T00:27:10.5278401Z #14 1.826  libselinux                 x86_64  3.6-3.el9                     ubi-9-baseos-rpms      88 k
Test OLM installation	UNKNOWN STEP	2025-11-15T00:27:10.5279154Z #14 1.826  libsepol                   x86_64  3.6-3.el9                     ubi-9-baseos-rpms     331 k
Test OLM installation	UNKNOWN STEP	2025-11-15T00:27:10.5281748Z #14 1.826  libsigsegv                 x86_64  2.13-4.el9                    ubi-9-baseos-rpms      30 k
Test OLM installation	UNKNOWN STEP	2025-11-15T00:27:10.5282561Z #14 1.826  libtasn1                   x86_64  4.16.0-9.el9                  ubi-9-baseos-rpms      77 k
Test OLM installation	UNKNOWN STEP	2025-11-15T00:27:10.5283371Z #14 1.826  libunistring               x86_64  0.9.10-15.el9                 ubi-9-baseos-rpms     499 k
Test OLM installation	UNKNOWN STEP	2025-11-15T00:27:10.5284163Z #14 1.826  libuuid                    x86_64  2.37.4-21.el9                 ubi-9-baseos-rpms      30 k
Test OLM installation	UNKNOWN STEP	2025-11-15T00:27:10.5284914Z #14 1.826  libverto                   x86_64  0.3.2-3.el9                   ubi-9-baseos-rpms      24 k
Test OLM installation	UNKNOWN STEP	2025-11-15T00:27:10.5285663Z #14 1.826  libxcrypt                  x86_64  4.4.18-3.el9                  ubi-9-baseos-rpms     120 k
Test OLM installation	UNKNOWN STEP	2025-11-15T00:27:10.5286394Z #14 1.826  libzstd                    x86_64  1.5.5-1.el9                   ubi-9-baseos-rpms     297 k
Test OLM installation	UNKNOWN STEP	2025-11-15T00:27:10.5287080Z #14 1.826  lksctp-tools               x86_64  1.0.19-3.el9_4                ubi-9-baseos-rpms     104 k
Test OLM installation	UNKNOWN STEP	2025-11-15T00:27:10.5287517Z #14 1.826  lua                        x86_64  5.4.4-4.el9                   ubi-9-appstream-rpms  192 k
Test OLM installation	UNKNOWN STEP	2025-11-15T00:27:10.5288131Z #14 1.826  lua-libs                   x86_64  5.4.4-4.el9                   ubi-9-baseos-rpms     132 k
Test OLM installation	UNKNOWN STEP	2025-11-15T00:27:10.5288565Z #14 1.826  lua-posix                  x86_64  35.0-8.el9                    ubi-9-appstream-rpms  155 k
Test OLM installation	UNKNOWN STEP	2025-11-15T00:27:10.5289153Z #14 1.826  lz4-libs                   x86_64  1.9.3-5.el9                   ubi-9-baseos-rpms      69 k
Test OLM installation	UNKNOWN STEP	2025-11-15T00:27:10.5290007Z #14 1.826  mpfr                       x86_64  4.1.0-7.el9                   ubi-9-baseos-rpms     329 k
Test OLM installation	UNKNOWN STEP	2025-11-15T00:27:10.5292902Z #14 1.826  ncurses-base               noarch  6.2-12.20210508.el9           ubi-9-baseos-rpms      96 k
Test OLM installation	UNKNOWN STEP	2025-11-15T00:27:10.5293789Z #14 1.826  ncurses-libs               x86_64  6.2-12.20210508.el9           ubi-9-baseos-rpms     328 k
Test OLM installation	UNKNOWN STEP	2025-11-15T00:27:10.5294603Z #14 1.826  nettle                     x86_64  3.10.1-1.el9                  ubi-9-baseos-rpms     568 k
Test OLM installation	UNKNOWN STEP	2025-11-15T00:27:10.5296980Z #14 1.826  nspr                       x86_64  4.36.0-4.el9_4                ubi-9-appstream-rpms  133 k
Test OLM installation	UNKNOWN STEP	2025-11-15T00:27:10.5298138Z #14 1.826  nss                        x86_64  3.112.0-4.el9_4               ubi-9-appstream-rpms  723 k
Test OLM installation	UNKNOWN STEP	2025-11-15T00:27:10.5298949Z #14 1.826  nss-softokn                x86_64  3.112.0-4.el9_4               ubi-9-appstream-rpms  400 k
Test OLM installation	UNKNOWN STEP	2025-11-15T00:27:10.5299997Z #14 1.826  nss-softokn-freebl         x86_64  3.112.0-4.el9_4               ubi-9-appstream-rpms  413 k
Test OLM installation	UNKNOWN STEP	2025-11-15T00:27:10.5302134Z #14 1.826  nss-sysinit                x86_64  3.112.0-4.el9_4               ubi-9-appstream-rpms   18 k
Test OLM installation	UNKNOWN STEP	2025-11-15T00:27:10.5302971Z #14 1.826  nss-util                   x86_64  3.112.0-4.el9_4               ubi-9-appstream-rpms   89 k
Test OLM installation	UNKNOWN STEP	2025-11-15T00:27:10.5303825Z #14 1.826  openssl-fips-provider      x86_64  3.0.7-8.el9                   ubi-9-baseos-rpms     9.2 k
Test OLM installation	UNKNOWN STEP	2025-11-15T00:27:10.5304750Z #14 1.826  openssl-fips-provider-so   x86_64  3.0.7-8.el9                   ubi-9-baseos-rpms     576 k
Test OLM installation	UNKNOWN STEP	2025-11-15T00:27:10.5305637Z #14 1.826  openssl-libs               x86_64  1:3.5.1-4.el9_7               ubi-9-baseos-rpms     2.3 M
Test OLM installation	UNKNOWN STEP	2025-11-15T00:27:10.5306417Z #14 1.826  p11-kit                    x86_64  0.25.3-3.el9_5                ubi-9-baseos-rpms     536 k
Test OLM installation	UNKNOWN STEP	2025-11-15T00:27:10.5307182Z #14 1.826  p11-kit-trust              x86_64  0.25.3-3.el9_5                ubi-9-baseos-rpms     144 k
Test OLM installation	UNKNOWN STEP	2025-11-15T00:27:10.5307940Z #14 1.826  pcre                       x86_64  8.44-4.el9                    ubi-9-baseos-rpms     200 k
Test OLM installation	UNKNOWN STEP	2025-11-15T00:27:10.5308649Z #14 1.826  pcre2                      x86_64  10.40-6.el9                   ubi-9-baseos-rpms     236 k
Test OLM installation	UNKNOWN STEP	2025-11-15T00:27:10.5309415Z #14 1.826  pcre2-syntax               noarch  10.40-6.el9                   ubi-9-baseos-rpms     144 k
Test OLM installation	UNKNOWN STEP	2025-11-15T00:27:10.5310370Z #14 1.826  python3                    x86_64  3.9.23-2.el9                  ubi-9-baseos-rpms      26 k
Test OLM installation	UNKNOWN STEP	2025-11-15T00:27:10.5312380Z #14 1.826  python3-libs               x86_64  3.9.23-2.el9                  ubi-9-baseos-rpms     8.1 M
Test OLM installation	UNKNOWN STEP	2025-11-15T00:27:10.5313257Z #14 1.826  python3-pip-wheel          noarch  21.3.1-1.el9                  ubi-9-baseos-rpms     1.1 M
Test OLM installation	UNKNOWN STEP	2025-11-15T00:27:10.5314203Z #14 1.826  python3-setuptools-wheel   noarch  53.0.0-15.el9                 ubi-9-baseos-rpms     468 k
Test OLM installation	UNKNOWN STEP	2025-11-15T00:27:10.5315092Z #14 1.826  readline                   x86_64  8.1-4.el9                     ubi-9-baseos-rpms     215 k
Test OLM installation	UNKNOWN STEP	2025-11-15T00:27:10.5315897Z #14 1.826  redhat-release             x86_64  9.7-0.7.el9                   ubi-9-baseos-rpms      53 k
Test OLM installation	UNKNOWN STEP	2025-11-15T00:27:10.5316666Z #14 1.826  sed                        x86_64  4.8-9.el9                     ubi-9-baseos-rpms     309 k
Test OLM installation	UNKNOWN STEP	2025-11-15T00:27:10.5317369Z #14 1.826  setup                      noarch  2.13.7-10.el9                 ubi-9-baseos-rpms     150 k
Test OLM installation	UNKNOWN STEP	2025-11-15T00:27:10.5318136Z #14 1.826  sqlite-libs                x86_64  3.34.1-9.el9_7                ubi-9-baseos-rpms     642 k
Test OLM installation	UNKNOWN STEP	2025-11-15T00:27:10.5319124Z #14 1.826  systemd-libs               x86_64  252-55.el9_7.2                ubi-9-baseos-rpms     676 k
Test OLM installation	UNKNOWN STEP	2025-11-15T00:27:10.5320178Z #14 1.826  tzdata                     noarch  2025b-2.el9                   ubi-9-baseos-rpms     901 k
Test OLM installation	UNKNOWN STEP	2025-11-15T00:27:10.5320994Z #14 1.826  tzdata-java                noarch  2025b-2.el9                   ubi-9-appstream-rpms  223 k
Test OLM installation	UNKNOWN STEP	2025-11-15T00:27:10.5322480Z #14 1.826  xz-libs                    x86_64  5.2.5-8.el9_0                 ubi-9-baseos-rpms      94 k
Test OLM installation	UNKNOWN STEP	2025-11-15T00:27:10.5323231Z #14 1.826  zlib                       x86_64  1.2.11-40.el9                 ubi-9-baseos-rpms      93 k
Test OLM installation	UNKNOWN STEP	2025-11-15T00:27:10.5323781Z #14 1.826 
Test OLM installation	UNKNOWN STEP	2025-11-15T00:27:10.5324089Z #14 1.826 Transaction Summary
Test OLM installation	UNKNOWN STEP	2025-11-15T00:27:10.5324535Z #14 1.826 =============================================================================================
Test OLM installation	UNKNOWN STEP	2025-11-15T00:27:10.5325050Z #14 1.826 Install  84 Packages
Test OLM installation	UNKNOWN STEP	2025-11-15T00:27:10.5325406Z #14 1.826 
Test OLM installation	UNKNOWN STEP	2025-11-15T00:27:10.5325710Z #14 1.829 Total download size: 89 M
Test OLM installation	UNKNOWN STEP	2025-11-15T00:27:10.5326136Z #14 1.829 Installed size: 321 M
Test OLM installation	UNKNOWN STEP	2025-11-15T00:27:10.5326533Z #14 1.830 Downloading Packages:
Test OLM installation	UNKNOWN STEP	2025-11-15T00:27:10.5327260Z #14 1.868 (1/84): alternatives-1.24-2.el9.x86_64.rpm      1.3 MB/s |  42 kB     00:00    
Test OLM installation	UNKNOWN STEP	2025-11-15T00:27:10.5328016Z #14 1.869 (2/84): basesystem-11-13.el9.noarch.rpm         244 kB/s | 8.0 kB     00:00    
Test OLM installation	UNKNOWN STEP	2025-11-15T00:27:10.5328753Z #14 1.870 (3/84): avahi-libs-0.8-23.el9.x86_64.rpm        1.9 MB/s |  67 kB     00:00    
Test OLM installation	UNKNOWN STEP	2025-11-15T00:27:10.5329458Z #14 1.877 (4/84): bzip2-libs-1.0.8-10.el9_5.x86_64.rpm    5.3 MB/s |  42 kB     00:00    
Test OLM installation	UNKNOWN STEP	2025-11-15T00:27:10.5332684Z #14 1.893 (5/84): coreutils-single-8.32-39.el9.x86_64.rpm  40 MB/s | 625 kB     00:00    
Test OLM installation	UNKNOWN STEP	2025-11-15T00:27:10.5333764Z #14 1.898 (6/84): bash-5.1.8-9.el9.x86_64.rpm              56 MB/s | 1.7 MB     00:00    
Test OLM installation	UNKNOWN STEP	2025-11-15T00:27:10.5334467Z #14 1.902 (7/84): ca-certificates-2024.2.69_v8.0.303-91.4  32 MB/s | 1.0 MB     00:00    
Test OLM installation	UNKNOWN STEP	2025-11-15T00:27:10.5335233Z #14 1.905 (8/84): crypto-policies-scripts-20250905-1.git3  16 MB/s | 102 kB     00:00    
Test OLM installation	UNKNOWN STEP	2025-11-15T00:27:10.5336163Z #14 1.911 (9/84): dbus-libs-1.12.20-8.el9.x86_64.rpm       23 MB/s | 154 kB     00:00    
Test OLM installation	UNKNOWN STEP	2025-11-15T00:27:10.5336943Z #14 1.913 (10/84): crypto-policies-20250905-1.git377cc42. 4.5 MB/s |  90 kB     00:00    
Test OLM installation	UNKNOWN STEP	2025-11-15T00:27:10.5337744Z #14 1.914 (11/84): cups-libs-2.3.3op2-34.el9_7.x86_64.rpm  22 MB/s | 261 kB     00:00    
Test OLM installation	UNKNOWN STEP	2025-11-15T00:27:10.5338464Z #14 1.918 (12/84): expat-2.5.0-5.el9_6.x86_64.rpm          21 MB/s | 119 kB     00:00    
Test OLM installation	UNKNOWN STEP	2025-11-15T00:27:10.5339185Z #14 1.926 (13/84): findutils-4.8.0-7.el9.x86_64.rpm        46 MB/s | 550 kB     00:00    
Test OLM installation	UNKNOWN STEP	2025-11-15T00:27:10.6244879Z #14 1.933 (14/84): gdbm-libs-1.23-1.el9.x86_64.rpm        9.1 MB/s |  59 kB     00:00    
Test OLM installation	UNKNOWN STEP	2025-11-15T00:27:10.6246185Z #14 1.941 (15/84): gawk-5.1.0-6.el9.x86_64.rpm             44 MB/s | 1.0 MB     00:00    
Test OLM installation	UNKNOWN STEP	2025-11-15T00:27:10.6247065Z #14 1.950 (16/84): glibc-common-2.34-231.el9_7.2.x86_64.r  33 MB/s | 306 kB     00:00    
Test OLM installation	UNKNOWN STEP	2025-11-15T00:27:10.6247926Z #14 1.965 (17/84): glibc-langpack-en-2.34-231.el9_7.2.x86  47 MB/s | 660 kB     00:00    
Test OLM installation	UNKNOWN STEP	2025-11-15T00:27:10.6248734Z #14 1.969 (18/84): glibc-2.34-231.el9_7.2.x86_64.rpm       55 MB/s | 2.0 MB     00:00    
Test OLM installation	UNKNOWN STEP	2025-11-15T00:27:10.6249467Z #14 1.973 (19/84): gmp-6.2.0-13.el9.x86_64.rpm             38 MB/s | 319 kB     00:00    
Test OLM installation	UNKNOWN STEP	2025-11-15T00:27:10.6250463Z #14 1.981 (20/84): grep-3.6-5.el9.x86_64.rpm               36 MB/s | 273 kB     00:00    
Test OLM installation	UNKNOWN STEP	2025-11-15T00:27:10.6251216Z #14 1.986 (21/84): gnutls-3.8.3-9.el9.x86_64.rpm           66 MB/s | 1.1 MB     00:00    
Test OLM installation	UNKNOWN STEP	2025-11-15T00:27:10.6251992Z #14 1.995 (22/84): filesystem-3.16-5.el9.x86_64.rpm        58 MB/s | 4.8 MB     00:00    
Test OLM installation	UNKNOWN STEP	2025-11-15T00:27:10.6252787Z #14 1.997 (23/84): keyutils-libs-1.6.3-1.el9.x86_64.rpm   2.2 MB/s |  34 kB     00:00    
Test OLM installation	UNKNOWN STEP	2025-11-15T00:27:10.6253506Z #14 2.001 (24/84): libacl-2.3.1-4.el9.x86_64.rpm          4.9 MB/s |  24 kB     00:00    
Test OLM installation	UNKNOWN STEP	2025-11-15T00:27:10.6254215Z #14 2.003 (25/84): krb5-libs-1.21.1-8.el9_6.x86_64.rpm     45 MB/s | 766 kB     00:00    
Test OLM installation	UNKNOWN STEP	2025-11-15T00:27:10.6255078Z #14 2.004 (26/84): libattr-2.5.1-3.el9.x86_64.rpm         2.8 MB/s |  20 kB     00:00    
Test OLM installation	UNKNOWN STEP	2025-11-15T00:27:10.6255529Z #14 2.007 (27/84): libcap-2.48-10.el9.x86_64.rpm           11 MB/s |  70 kB     00:00    
Test OLM installation	UNKNOWN STEP	2025-11-15T00:27:10.6255937Z #14 2.012 (28/84): libevent-2.1.12-8.el9_4.x86_64.rpm      36 MB/s | 266 kB     00:00    
Test OLM installation	UNKNOWN STEP	2025-11-15T00:27:10.6256348Z #14 2.013 (29/84): libcom_err-1.46.5-8.el9.x86_64.rpm     2.6 MB/s |  26 kB     00:00    
Test OLM installation	UNKNOWN STEP	2025-11-15T00:27:10.6256908Z #14 2.014 (30/84): libffi-3.4.2-8.el9.x86_64.rpm          5.7 MB/s |  40 kB     00:00    
Test OLM installation	UNKNOWN STEP	2025-11-15T00:27:10.6257454Z #14 2.021 (31/84): libgcc-11.5.0-11.el9.x86_64.rpm        9.5 MB/s |  85 kB     00:00    
Test OLM installation	UNKNOWN STEP	2025-11-15T00:27:10.6257876Z #14 2.023 (32/84): libgpg-error-1.42-5.el9.x86_64.rpm      27 MB/s | 220 kB     00:00    
Test OLM installation	UNKNOWN STEP	2025-11-15T00:27:10.6258420Z #14 2.028 (33/84): libidn2-2.3.0-7.el9.x86_64.rpm          16 MB/s | 105 kB     00:00    
Test OLM installation	UNKNOWN STEP	2025-11-15T00:27:10.7266732Z #14 2.030 (34/84): libselinux-3.6-3.el9.x86_64.rpm         13 MB/s |  88 kB     00:00    
Test OLM installation	UNKNOWN STEP	2025-11-15T00:27:10.7268764Z #14 2.032 (35/84): libgcrypt-1.10.0-11.el9.x86_64.rpm      29 MB/s | 510 kB     00:00    
Test OLM installation	UNKNOWN STEP	2025-11-15T00:27:10.7270483Z #14 2.034 (36/84): libsigsegv-2.13-4.el9.x86_64.rpm       6.5 MB/s |  30 kB     00:00    
Test OLM installation	UNKNOWN STEP	2025-11-15T00:27:10.7272754Z #14 2.036 (37/84): libsepol-3.6-3.el9.x86_64.rpm           39 MB/s | 331 kB     00:00    
Test OLM installation	UNKNOWN STEP	2025-11-15T00:27:10.7273578Z #14 2.041 (38/84): libtasn1-4.16.0-9.el9.x86_64.rpm       8.9 MB/s |  77 kB     00:00    
Test OLM installation	UNKNOWN STEP	2025-11-15T00:27:10.7274368Z #14 2.043 (39/84): libuuid-2.37.4-21.el9.x86_64.rpm       5.0 MB/s |  30 kB     00:00    
Test OLM installation	UNKNOWN STEP	2025-11-15T00:27:10.7275143Z #14 2.047 (40/84): libunistring-0.9.10-15.el9.x86_64.rpm   41 MB/s | 499 kB     00:00    
Test OLM installation	UNKNOWN STEP	2025-11-15T00:27:10.7275927Z #14 2.049 (41/84): libxcrypt-4.4.18-3.el9.x86_64.rpm       21 MB/s | 120 kB     00:00    
Test OLM installation	UNKNOWN STEP	2025-11-15T00:27:10.7276697Z #14 2.052 (42/84): libverto-0.3.2-3.el9.x86_64.rpm        2.4 MB/s |  24 kB     00:00    
Test OLM installation	UNKNOWN STEP	2025-11-15T00:27:10.7277483Z #14 2.054 (43/84): lksctp-tools-1.0.19-3.el9_4.x86_64.rpm  18 MB/s | 104 kB     00:00    
Test OLM installation	UNKNOWN STEP	2025-11-15T00:27:10.7278251Z #14 2.056 (44/84): libzstd-1.5.5-1.el9.x86_64.rpm          32 MB/s | 297 kB     00:00    
Test OLM installation	UNKNOWN STEP	2025-11-15T00:27:10.7278987Z #14 2.062 (45/84): lz4-libs-1.9.3-5.el9.x86_64.rpm        9.1 MB/s |  69 kB     00:00    
Test OLM installation	UNKNOWN STEP	2025-11-15T00:27:10.7279977Z #14 2.064 (46/84): lua-libs-5.4.4-4.el9.x86_64.rpm         11 MB/s | 132 kB     00:00    
Test OLM installation	UNKNOWN STEP	2025-11-15T00:27:10.7280777Z #14 2.069 (47/84): ncurses-base-6.2-12.20210508.el9.noarc  13 MB/s |  96 kB     00:00    
Test OLM installation	UNKNOWN STEP	2025-11-15T00:27:10.7281569Z #14 2.073 (48/84): ncurses-libs-6.2-12.20210508.el9.x86_6  34 MB/s | 328 kB     00:00    
Test OLM installation	UNKNOWN STEP	2025-11-15T00:27:10.7282343Z #14 2.079 (49/84): nettle-3.10.1-1.el9.x86_64.rpm          65 MB/s | 568 kB     00:00    
Test OLM installation	UNKNOWN STEP	2025-11-15T00:27:10.7283148Z #14 2.080 (50/84): openssl-fips-provider-3.0.7-8.el9.x86_ 1.5 MB/s | 9.2 kB     00:00    
Test OLM installation	UNKNOWN STEP	2025-11-15T00:27:10.7283941Z #14 2.088 (51/84): mpfr-4.1.0-7.el9.x86_64.rpm             10 MB/s | 329 kB     00:00    
Test OLM installation	UNKNOWN STEP	2025-11-15T00:27:10.7284744Z #14 2.093 (52/84): openssl-fips-provider-so-3.0.7-8.el9.x  42 MB/s | 576 kB     00:00    
Test OLM installation	UNKNOWN STEP	2025-11-15T00:27:10.7285555Z #14 2.100 (53/84): p11-kit-0.25.3-3.el9_5.x86_64.rpm       45 MB/s | 536 kB     00:00    
Test OLM installation	UNKNOWN STEP	2025-11-15T00:27:10.7286308Z #14 2.101 (54/84): p11-kit-trust-0.25.3-3.el9_5.x86_64.rp  18 MB/s | 144 kB     00:00    
Test OLM installation	UNKNOWN STEP	2025-11-15T00:27:10.7287054Z #14 2.107 (55/84): pcre-8.44-4.el9.x86_64.rpm              29 MB/s | 200 kB     00:00    
Test OLM installation	UNKNOWN STEP	2025-11-15T00:27:10.7287782Z #14 2.110 (56/84): pcre2-10.40-6.el9.x86_64.rpm            28 MB/s | 236 kB     00:00    
Test OLM installation	UNKNOWN STEP	2025-11-15T00:27:10.7288528Z #14 2.117 (57/84): openssl-libs-3.5.1-4.el9_7.x86_64.rpm   63 MB/s | 2.3 MB     00:00    
Test OLM installation	UNKNOWN STEP	2025-11-15T00:27:10.7289302Z #14 2.118 (58/84): python3-3.9.23-2.el9.x86_64.rpm        3.3 MB/s |  26 kB     00:00    
Test OLM installation	UNKNOWN STEP	2025-11-15T00:27:10.7290287Z #14 2.120 (59/84): pcre2-syntax-10.40-6.el9.noarch.rpm     12 MB/s | 144 kB     00:00    
Test OLM installation	UNKNOWN STEP	2025-11-15T00:27:10.7291355Z #14 2.130 (60/84): python3-setuptools-wheel-53.0.0-15.el9  46 MB/s | 468 kB     00:00    
Test OLM installation	UNKNOWN STEP	2025-11-15T00:27:10.8325099Z #14 2.137 (61/84): python3-pip-wheel-21.3.1-1.el9.noarch.  62 MB/s | 1.1 MB     00:00    
Test OLM installation	UNKNOWN STEP	2025-11-15T00:27:10.8325951Z #14 2.139 (62/84): readline-8.1-4.el9.x86_64.rpm           24 MB/s | 215 kB     00:00    
Test OLM installation	UNKNOWN STEP	2025-11-15T00:27:10.8326502Z #14 2.142 (63/84): redhat-release-9.7-0.7.el9.x86_64.rpm   10 MB/s |  53 kB     00:00    
Test OLM installation	UNKNOWN STEP	2025-11-15T00:27:10.8327022Z #14 2.147 (64/84): sed-4.8-9.el9.x86_64.rpm                36 MB/s | 309 kB     00:00    
Test OLM installation	UNKNOWN STEP	2025-11-15T00:27:10.8327535Z #14 2.150 (65/84): setup-2.13.7-10.el9.noarch.rpm          20 MB/s | 150 kB     00:00    
Test OLM installation	UNKNOWN STEP	2025-11-15T00:27:10.8328051Z #14 2.159 (66/84): sqlite-libs-3.34.1-9.el9_7.x86_64.rpm   57 MB/s | 642 kB     00:00    
Test OLM installation	UNKNOWN STEP	2025-11-15T00:27:10.8328571Z #14 2.164 (67/84): systemd-libs-252-55.el9_7.2.x86_64.rpm  48 MB/s | 676 kB     00:00    
Test OLM installation	UNKNOWN STEP	2025-11-15T00:27:10.8329086Z #14 2.174 (68/84): xz-libs-5.2.5-8.el9_0.x86_64.rpm       9.7 MB/s |  94 kB     00:00    
Test OLM installation	UNKNOWN STEP	2025-11-15T00:27:11.0193479Z #14 2.178 (69/84): tzdata-2025b-2.el9.noarch.rpm           47 MB/s | 901 kB     00:00    
Test OLM installation	UNKNOWN STEP	2025-11-15T00:27:11.0194457Z #14 2.180 (70/84): zlib-1.2.11-40.el9.x86_64.rpm           16 MB/s |  93 kB     00:00    
Test OLM installation	UNKNOWN STEP	2025-11-15T00:27:11.0195040Z #14 2.184 (71/84): copy-jdk-configs-4.0-3.el9.noarch.rpm  5.7 MB/s |  29 kB     00:00    
Test OLM installation	UNKNOWN STEP	2025-11-15T00:27:11.0195603Z #14 2.187 (72/84): lua-5.4.4-4.el9.x86_64.rpm              29 MB/s | 192 kB     00:00    
Test OLM installation	UNKNOWN STEP	2025-11-15T00:27:11.0196140Z #14 2.190 (73/84): lua-posix-35.0-8.el9.x86_64.rpm         26 MB/s | 155 kB     00:00    
Test OLM installation	UNKNOWN STEP	2025-11-15T00:27:11.0196689Z #14 2.199 (74/84): alsa-lib-1.2.14-1.el9.x86_64.rpm        46 MB/s | 529 kB     00:00    
Test OLM installation	UNKNOWN STEP	2025-11-15T00:27:11.0197279Z #14 2.204 (75/84): javapackages-filesystem-6.4.0-1.el9.no 3.3 MB/s |  17 kB     00:00    
Test OLM installation	UNKNOWN STEP	2025-11-15T00:27:11.0197859Z #14 2.211 (76/84): nspr-4.36.0-4.el9_4.x86_64.rpm          19 MB/s | 133 kB     00:00    
Test OLM installation	UNKNOWN STEP	2025-11-15T00:27:11.0198372Z #14 2.226 (77/84): nss-3.112.0-4.el9_4.x86_64.rpm          51 MB/s | 723 kB     00:00    
Test OLM installation	UNKNOWN STEP	2025-11-15T00:27:11.0198917Z #14 2.236 (78/84): nss-softokn-3.112.0-4.el9_4.x86_64.rpm  42 MB/s | 400 kB     00:00    
Test OLM installation	UNKNOWN STEP	2025-11-15T00:27:11.0199483Z #14 2.256 (79/84): python3-libs-3.9.23-2.el9.x86_64.rpm    58 MB/s | 8.1 MB     00:00    
Test OLM installation	UNKNOWN STEP	2025-11-15T00:27:11.0200324Z #14 2.259 (80/84): nss-softokn-freebl-3.112.0-4.el9_4.x86  18 MB/s | 413 kB     00:00    
Test OLM installation	UNKNOWN STEP	2025-11-15T00:27:11.0200928Z #14 2.263 (81/84): nss-sysinit-3.112.0-4.el9_4.x86_64.rpm 2.8 MB/s |  18 kB     00:00    
Test OLM installation	UNKNOWN STEP	2025-11-15T00:27:11.0201487Z #14 2.265 (82/84): nss-util-3.112.0-4.el9_4.x86_64.rpm     14 MB/s |  89 kB     00:00    
Test OLM installation	UNKNOWN STEP	2025-11-15T00:27:11.0202061Z #14 2.271 (83/84): tzdata-java-2025b-2.el9.noarch.rpm      28 MB/s | 223 kB     00:00    
Test OLM installation	UNKNOWN STEP	2025-11-15T00:27:11.2536890Z #14 2.657 (84/84): java-21-openjdk-headless-21.0.9.0.10-1 106 MB/s |  49 MB     00:00    
Test OLM installation	UNKNOWN STEP	2025-11-15T00:27:11.4906059Z #14 2.660 --------------------------------------------------------------------------------
Test OLM installation	UNKNOWN STEP	2025-11-15T00:27:11.4906726Z #14 2.661 Total                                           108 MB/s |  89 MB     00:00     
Test OLM installation	UNKNOWN STEP	2025-11-15T00:27:11.4907164Z #14 2.673 Red Hat Universal Base Image 9 (RPMs) - BaseOS  3.5 MB/s | 3.6 kB     00:00    
Test OLM installation	UNKNOWN STEP	2025-11-15T00:27:11.4907852Z #14 2.739 Importing GPG key 0xFD431D51:
Test OLM installation	UNKNOWN STEP	2025-11-15T00:27:11.4908342Z #14 2.739  Userid     : "Red Hat, Inc. (release key 2) <security@redhat.com>"
Test OLM installation	UNKNOWN STEP	2025-11-15T00:27:11.4908826Z #14 2.739  Fingerprint: 567E 347A D004 4ADE 55BA 8A5F 199E 2F91 FD43 1D51
Test OLM installation	UNKNOWN STEP	2025-11-15T00:27:11.4909418Z #14 2.739  From       : /etc/pki/rpm-gpg/RPM-GPG-KEY-redhat-release
Test OLM installation	UNKNOWN STEP	2025-11-15T00:27:11.4909902Z #14 2.742 Key imported successfully
Test OLM installation	UNKNOWN STEP	2025-11-15T00:27:11.4910140Z #14 2.742 Importing GPG key 0x5A6340B3:
Test OLM installation	UNKNOWN STEP	2025-11-15T00:27:11.4910465Z #14 2.742  Userid     : "Red Hat, Inc. (auxiliary key 3) <security@redhat.com>"
Test OLM installation	UNKNOWN STEP	2025-11-15T00:27:11.4910866Z #14 2.742  Fingerprint: 7E46 2425 8C40 6535 D56D 6F13 5054 E4A4 5A63 40B3
Test OLM installation	UNKNOWN STEP	2025-11-15T00:27:11.4911235Z #14 2.742  From       : /etc/pki/rpm-gpg/RPM-GPG-KEY-redhat-release
Test OLM installation	UNKNOWN STEP	2025-11-15T00:27:11.4911842Z #14 2.743 Key imported successfully
Test OLM installation	UNKNOWN STEP	2025-11-15T00:27:12.8162805Z #14 4.219 Running transaction check
Test OLM installation	UNKNOWN STEP	2025-11-15T00:27:13.0503310Z #14 4.301 Transaction check succeeded.
Test OLM installation	UNKNOWN STEP	2025-11-15T00:27:13.0505446Z #14 4.302 Running transaction test
Test OLM installation	UNKNOWN STEP	2025-11-15T00:27:14.0375973Z #14 5.440 Transaction test succeeded.
Test OLM installation	UNKNOWN STEP	2025-11-15T00:27:14.1890558Z #14 5.442 Running transaction
Test OLM installation	UNKNOWN STEP	2025-11-15T00:27:14.7960256Z #14 6.046   Running scriptlet: filesystem-3.16-5.el9.x86_64                           1/1 
Test OLM installation	UNKNOWN STEP	2025-11-15T00:27:14.7961272Z #14 6.047   Running scriptlet: copy-jdk-configs-4.0-3.el9.noarch                      1/1 
Test OLM installation	UNKNOWN STEP	2025-11-15T00:27:14.9189200Z #14 6.049   Running scriptlet: java-21-openjdk-headless-1:21.0.9.0.10-1.el9.x86_64    1/1 
Test OLM installation	UNKNOWN STEP	2025-11-15T00:27:15.1104981Z #14 6.322   Preparing        :                                                        1/1 
Test OLM installation	UNKNOWN STEP	2025-11-15T00:27:15.2177083Z #14 6.513   Installing       : tzdata-2025b-2.el9.noarch                             1/84 
Test OLM installation	UNKNOWN STEP	2025-11-15T00:27:15.2178167Z #14 6.560   Installing       : tzdata-java-2025b-2.el9.noarch                        2/84 
Test OLM installation	UNKNOWN STEP	2025-11-15T00:27:15.2179104Z #14 6.566   Installing       : javapackages-filesystem-6.4.0-1.el9.noarch            3/84 
Test OLM installation	UNKNOWN STEP	2025-11-15T00:27:15.2180039Z #14 6.571   Installing       : redhat-release-9.7-0.7.el9.x86_64                     4/84 
Test OLM installation	UNKNOWN STEP	2025-11-15T00:27:15.2180645Z #14 6.579   Installing       : setup-2.13.7-10.el9.noarch                            5/84 
Test OLM installation	UNKNOWN STEP	2025-11-15T00:27:15.2181244Z #14 6.580   Running scriptlet: setup-2.13.7-10.el9.noarch                            5/84 
Test OLM installation	UNKNOWN STEP	2025-11-15T00:27:15.3294072Z #14 6.621   Installing       : filesystem-3.16-5.el9.x86_64                          6/84 
Test OLM installation	UNKNOWN STEP	2025-11-15T00:27:15.3295128Z #14 6.676   Installing       : basesystem-11-13.el9.noarch                           7/84 
Test OLM installation	UNKNOWN STEP	2025-11-15T00:27:15.3295974Z #14 6.680   Installing       : python3-setuptools-wheel-53.0.0-15.el9.noarch         8/84 
Test OLM installation	UNKNOWN STEP	2025-11-15T00:27:15.3296619Z #14 6.682   Installing       : pcre2-syntax-10.40-6.el9.noarch                       9/84 
Test OLM installation	UNKNOWN STEP	2025-11-15T00:27:15.3297243Z #14 6.703   Installing       : ncurses-base-6.2-12.20210508.el9.noarch              10/84 
Test OLM installation	UNKNOWN STEP	2025-11-15T00:27:15.3297845Z #14 6.717   Installing       : ncurses-libs-6.2-12.20210508.el9.x86_64              11/84 
Test OLM installation	UNKNOWN STEP	2025-11-15T00:27:15.4477718Z #14 6.732   Installing       : bash-5.1.8-9.el9.x86_64                              12/84 
Test OLM installation	UNKNOWN STEP	2025-11-15T00:27:15.4479359Z #14 6.735   Running scriptlet: bash-5.1.8-9.el9.x86_64                              12/84 
Test OLM installation	UNKNOWN STEP	2025-11-15T00:27:15.4480501Z #14 6.738   Installing       : libgcc-11.5.0-11.el9.x86_64                          13/84 
Test OLM installation	UNKNOWN STEP	2025-11-15T00:27:15.4481317Z #14 6.739   Running scriptlet: libgcc-11.5.0-11.el9.x86_64                          13/84 
Test OLM installation	UNKNOWN STEP	2025-11-15T00:27:15.4482172Z #14 6.803   Installing       : glibc-langpack-en-2.34-231.el9_7.2.x86_64            14/84 
Test OLM installation	UNKNOWN STEP	2025-11-15T00:27:15.4483034Z #14 6.816   Installing       : glibc-common-2.34-231.el9_7.2.x86_64                 15/84 
Test OLM installation	UNKNOWN STEP	2025-11-15T00:27:15.4483913Z #14 6.819   Running scriptlet: glibc-2.34-231.el9_7.2.x86_64                        16/84 
Test OLM installation	UNKNOWN STEP	2025-11-15T00:27:15.6012595Z #14 6.851   Installing       : glibc-2.34-231.el9_7.2.x86_64                        16/84 
Test OLM installation	UNKNOWN STEP	2025-11-15T00:27:15.9684160Z #14 6.854   Running scriptlet: glibc-2.34-231.el9_7.2.x86_64                        16/84 
Test OLM installation	UNKNOWN STEP	2025-11-15T00:27:16.1932331Z #14 7.371   Installing       : crypto-policies-20250905-1.git377cc42.el9_7.noarch   17/84 
Test OLM installation	UNKNOWN STEP	2025-11-15T00:27:16.1933005Z #14 7.374   Running scriptlet: crypto-policies-20250905-1.git377cc42.el9_7.noarch   17/84 
Test OLM installation	UNKNOWN STEP	2025-11-15T00:27:16.1933584Z #14 7.378   Installing       : nspr-4.36.0-4.el9_4.x86_64                           18/84 
Test OLM installation	UNKNOWN STEP	2025-11-15T00:27:16.1934101Z #14 7.382   Installing       : nss-util-3.112.0-4.el9_4.x86_64                      19/84 
Test OLM installation	UNKNOWN STEP	2025-11-15T00:27:16.1934617Z #14 7.385   Installing       : zlib-1.2.11-40.el9.x86_64                            20/84 
Test OLM installation	UNKNOWN STEP	2025-11-15T00:27:16.1935144Z #14 7.388   Installing       : libtasn1-4.16.0-9.el9.x86_64                         21/84 
Test OLM installation	UNKNOWN STEP	2025-11-15T00:27:16.1935985Z #14 7.392   Installing       : libxcrypt-4.4.18-3.el9.x86_64                        22/84 
Test OLM installation	UNKNOWN STEP	2025-11-15T00:27:16.1936539Z #14 7.397   Installing       : readline-8.1-4.el9.x86_64                            23/84 
Test OLM installation	UNKNOWN STEP	2025-11-15T00:27:16.1937067Z #14 7.404   Installing       : sqlite-libs-3.34.1-9.el9_7.x86_64                    24/84 
Test OLM installation	UNKNOWN STEP	2025-11-15T00:27:16.1937599Z #14 7.407   Installing       : alternatives-1.24-2.el9.x86_64                       25/84 
Test OLM installation	UNKNOWN STEP	2025-11-15T00:27:16.1938113Z #14 7.413   Installing       : gmp-1:6.2.0-13.el9.x86_64                            26/84 
Test OLM installation	UNKNOWN STEP	2025-11-15T00:27:16.1938619Z #14 7.416   Installing       : libattr-2.5.1-3.el9.x86_64                           27/84 
Test OLM installation	UNKNOWN STEP	2025-11-15T00:27:16.1939132Z #14 7.419   Installing       : libacl-2.3.1-4.el9.x86_64                            28/84 
Test OLM installation	UNKNOWN STEP	2025-11-15T00:27:16.1939902Z #14 7.424   Installing       : libcap-2.48-10.el9.x86_64                            29/84 
Test OLM installation	UNKNOWN STEP	2025-11-15T00:27:16.1940504Z #14 7.427   Installing       : libffi-3.4.2-8.el9.x86_64                            30/84 
Test OLM installation	UNKNOWN STEP	2025-11-15T00:27:16.1941201Z #14 7.438   Installing       : p11-kit-0.25.3-3.el9_5.x86_64                        31/84 
Test OLM installation	UNKNOWN STEP	2025-11-15T00:27:16.1941717Z #14 7.444   Installing       : p11-kit-trust-0.25.3-3.el9_5.x86_64                  32/84 
Test OLM installation	UNKNOWN STEP	2025-11-15T00:27:16.2916891Z #14 7.446   Running scriptlet: p11-kit-trust-0.25.3-3.el9_5.x86_64                  32/84 
Test OLM installation	UNKNOWN STEP	2025-11-15T00:27:16.3944689Z #14 7.695   Installing       : libsigsegv-2.13-4.el9.x86_64                         33/84 
Test OLM installation	UNKNOWN STEP	2025-11-15T00:27:16.3945602Z #14 7.703   Installing       : libunistring-0.9.10-15.el9.x86_64                    34/84 
Test OLM installation	UNKNOWN STEP	2025-11-15T00:27:16.3946439Z #14 7.707   Installing       : lua-libs-5.4.4-4.el9.x86_64                          35/84 
Test OLM installation	UNKNOWN STEP	2025-11-15T00:27:16.3947205Z #14 7.710   Installing       : xz-libs-5.2.5-8.el9_0.x86_64                         36/84 
Test OLM installation	UNKNOWN STEP	2025-11-15T00:27:16.3947931Z #14 7.714   Installing       : lua-5.4.4-4.el9.x86_64                               37/84 
Test OLM installation	UNKNOWN STEP	2025-11-15T00:27:16.3948701Z #14 7.728   Installing       : lua-posix-35.0-8.el9.x86_64                          38/84 
Test OLM installation	UNKNOWN STEP	2025-11-15T00:27:16.3949482Z #14 7.733   Installing       : libidn2-2.3.0-7.el9.x86_64                           39/84 
Test OLM installation	UNKNOWN STEP	2025-11-15T00:27:16.3950262Z #14 7.738   Installing       : mpfr-4.1.0-7.el9.x86_64                              40/84 
Test OLM installation	UNKNOWN STEP	2025-11-15T00:27:16.3950703Z #14 7.752   Installing       : gawk-5.1.0-6.el9.x86_64                              41/84 
Test OLM installation	UNKNOWN STEP	2025-11-15T00:27:16.3951152Z #14 7.760   Installing       : nss-softokn-freebl-3.112.0-4.el9_4.x86_64            42/84 
Test OLM installation	UNKNOWN STEP	2025-11-15T00:27:16.3951595Z #14 7.769   Installing       : nss-softokn-3.112.0-4.el9_4.x86_64                   43/84 
Test OLM installation	UNKNOWN STEP	2025-11-15T00:27:16.3952191Z #14 7.772   Installing       : bzip2-libs-1.0.8-10.el9_5.x86_64                     44/84 
Test OLM installation	UNKNOWN STEP	2025-11-15T00:27:16.3952794Z #14 7.776   Installing       : expat-2.5.0-5.el9_6.x86_64                           45/84 
Test OLM installation	UNKNOWN STEP	2025-11-15T00:27:16.3953216Z #14 7.779   Installing       : gdbm-libs-1:1.23-1.el9.x86_64                        46/84 
Test OLM installation	UNKNOWN STEP	2025-11-15T00:27:16.3953646Z #14 7.782   Installing       : keyutils-libs-1.6.3-1.el9.x86_64                     47/84 
Test OLM installation	UNKNOWN STEP	2025-11-15T00:27:16.3954197Z #14 7.785   Installing       : libcom_err-1.46.5-8.el9.x86_64                       48/84 
Test OLM installation	UNKNOWN STEP	2025-11-15T00:27:16.3954622Z #14 7.790   Installing       : libgpg-error-1.42-5.el9.x86_64                       49/84 
Test OLM installation	UNKNOWN STEP	2025-11-15T00:27:16.6389843Z #14 7.798   Installing       : libgcrypt-1.10.0-11.el9.x86_64                       50/84 
Test OLM installation	UNKNOWN STEP	2025-11-15T00:27:16.6390783Z #14 7.803   Installing       : libsepol-3.6-3.el9.x86_64                            51/84 
Test OLM installation	UNKNOWN STEP	2025-11-15T00:27:16.6391618Z #14 7.806   Installing       : libuuid-2.37.4-21.el9.x86_64                         52/84 
Test OLM installation	UNKNOWN STEP	2025-11-15T00:27:16.6392405Z #14 7.809   Installing       : libverto-0.3.2-3.el9.x86_64                          53/84 
Test OLM installation	UNKNOWN STEP	2025-11-15T00:27:16.6393191Z #14 7.814   Installing       : libzstd-1.5.5-1.el9.x86_64                           54/84 
Test OLM installation	UNKNOWN STEP	2025-11-15T00:27:16.6394382Z #14 7.819   Installing       : lksctp-tools-1.0.19-3.el9_4.x86_64                   55/84 
Test OLM installation	UNKNOWN STEP	2025-11-15T00:27:16.6394976Z #14 7.822   Installing       : lz4-libs-1.9.3-5.el9.x86_64                          56/84 
Test OLM installation	UNKNOWN STEP	2025-11-15T00:27:16.6395584Z #14 7.829   Installing       : nettle-3.10.1-1.el9.x86_64                           57/84 
Test OLM installation	UNKNOWN STEP	2025-11-15T00:27:16.6396173Z #14 7.841   Installing       : gnutls-3.8.3-9.el9.x86_64                            58/84 
Test OLM installation	UNKNOWN STEP	2025-11-15T00:27:16.6396650Z #14 7.847   Installing       : pcre-8.44-4.el9.x86_64                               59/84 
Test OLM installation	UNKNOWN STEP	2025-11-15T00:27:16.6397232Z #14 7.852   Installing       : grep-3.6-5.el9.x86_64                                60/84 
Test OLM installation	UNKNOWN STEP	2025-11-15T00:27:16.6397804Z #14 7.858   Installing       : pcre2-10.40-6.el9.x86_64                             61/84 
Test OLM installation	UNKNOWN STEP	2025-11-15T00:27:16.6398286Z #14 7.861   Installing       : libselinux-3.6-3.el9.x86_64                          62/84 
Test OLM installation	UNKNOWN STEP	2025-11-15T00:27:16.6398898Z #14 7.882   Installing       : coreutils-single-8.32-39.el9.x86_64                  63/84 
Test OLM installation	UNKNOWN STEP	2025-11-15T00:27:16.6399839Z #14 7.888   Installing       : sed-4.8-9.el9.x86_64                                 64/84 
Test OLM installation	UNKNOWN STEP	2025-11-15T00:27:16.7485502Z #14 7.892   Running scriptlet: ca-certificates-2024.2.69_v8.0.303-91.4.el9_4.noar   65/84 
Test OLM installation	UNKNOWN STEP	2025-11-15T00:27:16.9027954Z #14 8.151   Installing       : ca-certificates-2024.2.69_v8.0.303-91.4.el9_4.noar   65/84 
Test OLM installation	UNKNOWN STEP	2025-11-15T00:27:17.8614286Z #14 8.155   Running scriptlet: ca-certificates-2024.2.69_v8.0.303-91.4.el9_4.noar   65/84 
Test OLM installation	UNKNOWN STEP	2025-11-15T00:27:18.0759582Z #14 9.264   Installing       : python3-pip-wheel-21.3.1-1.el9.noarch                66/84 
Test OLM installation	UNKNOWN STEP	2025-11-15T00:27:18.0760906Z #14 9.271   Installing       : openssl-fips-provider-so-3.0.7-8.el9.x86_64          67/84 
Test OLM installation	UNKNOWN STEP	2025-11-15T00:27:18.0761610Z #14 9.273   Installing       : openssl-fips-provider-3.0.7-8.el9.x86_64             68/84 
Test OLM installation	UNKNOWN STEP	2025-11-15T00:27:18.0762224Z #14 9.300   Installing       : openssl-libs-1:3.5.1-4.el9_7.x86_64                  69/84 
Test OLM installation	UNKNOWN STEP	2025-11-15T00:27:18.0762834Z #14 9.315   Installing       : krb5-libs-1.21.1-8.el9_6.x86_64                      70/84 
Test OLM installation	UNKNOWN STEP	2025-11-15T00:27:18.0763410Z #14 9.325   Installing       : libevent-2.1.12-8.el9_4.x86_64                       71/84 
Test OLM installation	UNKNOWN STEP	2025-11-15T00:27:18.2878506Z #14 9.328   Installing       : python3-3.9.23-2.el9.x86_64                          72/84 
Test OLM installation	UNKNOWN STEP	2025-11-15T00:27:18.7998191Z #14 9.691   Installing       : python3-libs-3.9.23-2.el9.x86_64                     73/84 
Test OLM installation	UNKNOWN STEP	2025-11-15T00:27:18.9670096Z #14 10.20   Installing       : crypto-policies-scripts-20250905-1.git377cc42.el9_   74/84 
Test OLM installation	UNKNOWN STEP	2025-11-15T00:27:18.9670646Z #14 10.21   Installing       : nss-sysinit-3.112.0-4.el9_4.x86_64                   75/84 
Test OLM installation	UNKNOWN STEP	2025-11-15T00:27:18.9671069Z #14 10.22   Installing       : nss-3.112.0-4.el9_4.x86_64                           76/84 
Test OLM installation	UNKNOWN STEP	2025-11-15T00:27:19.0733603Z #14 10.22   Running scriptlet: nss-3.112.0-4.el9_4.x86_64                           76/84 
Test OLM installation	UNKNOWN STEP	2025-11-15T00:27:19.2266595Z #14 10.48   Installing       : systemd-libs-252-55.el9_7.2.x86_64                   77/84 
Test OLM installation	UNKNOWN STEP	2025-11-15T00:27:19.3349058Z #14 10.48   Running scriptlet: systemd-libs-252-55.el9_7.2.x86_64                   77/84 
Test OLM installation	UNKNOWN STEP	2025-11-15T00:27:19.5226136Z #14 10.74   Installing       : dbus-libs-1:1.12.20-8.el9.x86_64                     78/84 
Test OLM installation	UNKNOWN STEP	2025-11-15T00:27:19.5226804Z #14 10.74   Installing       : avahi-libs-0.8-23.el9.x86_64                         79/84 
Test OLM installation	UNKNOWN STEP	2025-11-15T00:27:19.5227399Z #14 10.75   Installing       : cups-libs-1:2.3.3op2-34.el9_7.x86_64                 80/84 
Test OLM installation	UNKNOWN STEP	2025-11-15T00:27:19.5227997Z #14 10.76   Installing       : findutils-1:4.8.0-7.el9.x86_64                       81/84 
Test OLM installation	UNKNOWN STEP	2025-11-15T00:27:19.5228584Z #14 10.76   Installing       : copy-jdk-configs-4.0-3.el9.noarch                    82/84 
Test OLM installation	UNKNOWN STEP	2025-11-15T00:27:20.0539181Z #14 10.78   Installing       : alsa-lib-1.2.14-1.el9.x86_64                         83/84 
Test OLM installation	UNKNOWN STEP	2025-11-15T00:27:20.2100871Z #14 11.46   Installing       : java-21-openjdk-headless-1:21.0.9.0.10-1.el9.x86_6   84/84 
Test OLM installation	UNKNOWN STEP	2025-11-15T00:27:20.3183862Z #14 11.46   Running scriptlet: java-21-openjdk-headless-1:21.0.9.0.10-1.el9.x86_6   84/84 
Test OLM installation	UNKNOWN STEP	2025-11-15T00:27:20.5715900Z #14 11.72   Running scriptlet: filesystem-3.16-5.el9.x86_64                         84/84 
Test OLM installation	UNKNOWN STEP	2025-11-15T00:27:23.5299451Z #14 11.97   Running scriptlet: ca-certificates-2024.2.69_v8.0.303-91.4.el9_4.noar   84/84 
Test OLM installation	UNKNOWN STEP	2025-11-15T00:27:24.1300432Z #14 14.93   Running scriptlet: crypto-policies-scripts-20250905-1.git377cc42.el9_   84/84 
Test OLM installation	UNKNOWN STEP	2025-11-15T00:27:24.7329063Z #14 15.53   Running scriptlet: nss-3.112.0-4.el9_4.x86_64                           84/84 
Test OLM installation	UNKNOWN STEP	2025-11-15T00:27:24.9853114Z #14 16.14   Running scriptlet: copy-jdk-configs-4.0-3.el9.noarch                    84/84 
Test OLM installation	UNKNOWN STEP	2025-11-15T00:27:25.5437464Z #14 16.39   Running scriptlet: java-21-openjdk-headless-1:21.0.9.0.10-1.el9.x86_6   84/84 
Test OLM installation	UNKNOWN STEP	2025-11-15T00:27:25.5438408Z #14 16.95   Verifying        : alternatives-1.24-2.el9.x86_64                        1/84 
Test OLM installation	UNKNOWN STEP	2025-11-15T00:27:25.7350909Z #14 16.95   Verifying        : avahi-libs-0.8-23.el9.x86_64                          2/84 
Test OLM installation	UNKNOWN STEP	2025-11-15T00:27:25.7352509Z #14 16.95   Verifying        : basesystem-11-13.el9.noarch                           3/84 
Test OLM installation	UNKNOWN STEP	2025-11-15T00:27:25.7353414Z #14 16.95   Verifying        : bash-5.1.8-9.el9.x86_64                               4/84 
Test OLM installation	UNKNOWN STEP	2025-11-15T00:27:25.7354377Z #14 16.95   Verifying        : bzip2-libs-1.0.8-10.el9_5.x86_64                      5/84 
Test OLM installation	UNKNOWN STEP	2025-11-15T00:27:25.7355307Z #14 16.95   Verifying        : ca-certificates-2024.2.69_v8.0.303-91.4.el9_4.noar    6/84 
Test OLM installation	UNKNOWN STEP	2025-11-15T00:27:25.7356317Z #14 16.95   Verifying        : coreutils-single-8.32-39.el9.x86_64                   7/84 
Test OLM installation	UNKNOWN STEP	2025-11-15T00:27:25.7357138Z #14 16.95   Verifying        : crypto-policies-20250905-1.git377cc42.el9_7.noarch    8/84 
Test OLM installation	UNKNOWN STEP	2025-11-15T00:27:25.7358043Z #14 16.95   Verifying        : crypto-policies-scripts-20250905-1.git377cc42.el9_    9/84 
Test OLM installation	UNKNOWN STEP	2025-11-15T00:27:25.7358900Z #14 16.95   Verifying        : cups-libs-1:2.3.3op2-34.el9_7.x86_64                 10/84 
Test OLM installation	UNKNOWN STEP	2025-11-15T00:27:25.7359974Z #14 16.95   Verifying        : dbus-libs-1:1.12.20-8.el9.x86_64                     11/84 
Test OLM installation	UNKNOWN STEP	2025-11-15T00:27:25.7360825Z #14 16.95   Verifying        : expat-2.5.0-5.el9_6.x86_64                           12/84 
Test OLM installation	UNKNOWN STEP	2025-11-15T00:27:25.7361562Z #14 16.95   Verifying        : filesystem-3.16-5.el9.x86_64                         13/84 
Test OLM installation	UNKNOWN STEP	2025-11-15T00:27:25.7362315Z #14 16.95   Verifying        : findutils-1:4.8.0-7.el9.x86_64                       14/84 
Test OLM installation	UNKNOWN STEP	2025-11-15T00:27:25.7363198Z #14 16.95   Verifying        : gawk-5.1.0-6.el9.x86_64                              15/84 
Test OLM installation	UNKNOWN STEP	2025-11-15T00:27:25.7363914Z #14 16.95   Verifying        : gdbm-libs-1:1.23-1.el9.x86_64                        16/84 
Test OLM installation	UNKNOWN STEP	2025-11-15T00:27:25.7364642Z #14 16.95   Verifying        : glibc-2.34-231.el9_7.2.x86_64                        17/84 
Test OLM installation	UNKNOWN STEP	2025-11-15T00:27:25.7365392Z #14 16.95   Verifying        : glibc-common-2.34-231.el9_7.2.x86_64                 18/84 
Test OLM installation	UNKNOWN STEP	2025-11-15T00:27:25.7366162Z #14 16.95   Verifying        : glibc-langpack-en-2.34-231.el9_7.2.x86_64            19/84 
Test OLM installation	UNKNOWN STEP	2025-11-15T00:27:25.7366917Z #14 16.95   Verifying        : gmp-1:6.2.0-13.el9.x86_64                            20/84 
Test OLM installation	UNKNOWN STEP	2025-11-15T00:27:25.7367639Z #14 16.95   Verifying        : gnutls-3.8.3-9.el9.x86_64                            21/84 
Test OLM installation	UNKNOWN STEP	2025-11-15T00:27:25.7368369Z #14 16.95   Verifying        : grep-3.6-5.el9.x86_64                                22/84 
Test OLM installation	UNKNOWN STEP	2025-11-15T00:27:25.7369116Z #14 16.95   Verifying        : keyutils-libs-1.6.3-1.el9.x86_64                     23/84 
Test OLM installation	UNKNOWN STEP	2025-11-15T00:27:25.7370051Z #14 16.95   Verifying        : krb5-libs-1.21.1-8.el9_6.x86_64                      24/84 
Test OLM installation	UNKNOWN STEP	2025-11-15T00:27:25.7370792Z #14 16.95   Verifying        : libacl-2.3.1-4.el9.x86_64                            25/84 
Test OLM installation	UNKNOWN STEP	2025-11-15T00:27:25.7371580Z #14 16.95   Verifying        : libattr-2.5.1-3.el9.x86_64                           26/84 
Test OLM installation	UNKNOWN STEP	2025-11-15T00:27:25.7372312Z #14 16.95   Verifying        : libcap-2.48-10.el9.x86_64                            27/84 
Test OLM installation	UNKNOWN STEP	2025-11-15T00:27:25.7373303Z #14 16.95   Verifying        : libcom_err-1.46.5-8.el9.x86_64                       28/84 
Test OLM installation	UNKNOWN STEP	2025-11-15T00:27:25.7374140Z #14 16.95   Verifying        : libevent-2.1.12-8.el9_4.x86_64                       29/84 
Test OLM installation	UNKNOWN STEP	2025-11-15T00:27:25.7374870Z #14 16.95   Verifying        : libffi-3.4.2-8.el9.x86_64                            30/84 
Test OLM installation	UNKNOWN STEP	2025-11-15T00:27:25.7375613Z #14 16.95   Verifying        : libgcc-11.5.0-11.el9.x86_64                          31/84 
Test OLM installation	UNKNOWN STEP	2025-11-15T00:27:25.7376470Z #14 16.95   Verifying        : libgcrypt-1.10.0-11.el9.x86_64                       32/84 
Test OLM installation	UNKNOWN STEP	2025-11-15T00:27:25.7377246Z #14 16.95   Verifying        : libgpg-error-1.42-5.el9.x86_64                       33/84 
Test OLM installation	UNKNOWN STEP	2025-11-15T00:27:25.7378026Z #14 16.95   Verifying        : libidn2-2.3.0-7.el9.x86_64                           34/84 
Test OLM installation	UNKNOWN STEP	2025-11-15T00:27:25.7378882Z #14 16.95   Verifying        : libselinux-3.6-3.el9.x86_64                          35/84 
Test OLM installation	UNKNOWN STEP	2025-11-15T00:27:25.7379883Z #14 16.95   Verifying        : libsepol-3.6-3.el9.x86_64                            36/84 
Test OLM installation	UNKNOWN STEP	2025-11-15T00:27:25.7380683Z #14 16.95   Verifying        : libsigsegv-2.13-4.el9.x86_64                         37/84 
Test OLM installation	UNKNOWN STEP	2025-11-15T00:27:25.7381672Z #14 16.95   Verifying        : libtasn1-4.16.0-9.el9.x86_64                         38/84 
Test OLM installation	UNKNOWN STEP	2025-11-15T00:27:25.7382454Z #14 16.95   Verifying        : libunistring-0.9.10-15.el9.x86_64                    39/84 
Test OLM installation	UNKNOWN STEP	2025-11-15T00:27:25.7383222Z #14 16.95   Verifying        : libuuid-2.37.4-21.el9.x86_64                         40/84 
Test OLM installation	UNKNOWN STEP	2025-11-15T00:27:25.7383970Z #14 16.95   Verifying        : libverto-0.3.2-3.el9.x86_64                          41/84 
Test OLM installation	UNKNOWN STEP	2025-11-15T00:27:25.7384754Z #14 16.95   Verifying        : libxcrypt-4.4.18-3.el9.x86_64                        42/84 
Test OLM installation	UNKNOWN STEP	2025-11-15T00:27:25.7385528Z #14 16.95   Verifying        : libzstd-1.5.5-1.el9.x86_64                           43/84 
Test OLM installation	UNKNOWN STEP	2025-11-15T00:27:25.7386286Z #14 16.95   Verifying        : lksctp-tools-1.0.19-3.el9_4.x86_64                   44/84 
Test OLM installation	UNKNOWN STEP	2025-11-15T00:27:25.7387032Z #14 16.95   Verifying        : lua-libs-5.4.4-4.el9.x86_64                          45/84 
Test OLM installation	UNKNOWN STEP	2025-11-15T00:27:25.7387772Z #14 16.95   Verifying        : lz4-libs-1.9.3-5.el9.x86_64                          46/84 
Test OLM installation	UNKNOWN STEP	2025-11-15T00:27:25.7388505Z #14 16.95   Verifying        : mpfr-4.1.0-7.el9.x86_64                              47/84 
Test OLM installation	UNKNOWN STEP	2025-11-15T00:27:25.7389280Z #14 16.95   Verifying        : ncurses-base-6.2-12.20210508.el9.noarch              48/84 
Test OLM installation	UNKNOWN STEP	2025-11-15T00:27:25.7390266Z #14 16.95   Verifying        : ncurses-libs-6.2-12.20210508.el9.x86_64              49/84 
Test OLM installation	UNKNOWN STEP	2025-11-15T00:27:25.7391053Z #14 16.95   Verifying        : nettle-3.10.1-1.el9.x86_64                           50/84 
Test OLM installation	UNKNOWN STEP	2025-11-15T00:27:25.7391837Z #14 16.95   Verifying        : openssl-fips-provider-3.0.7-8.el9.x86_64             51/84 
Test OLM installation	UNKNOWN STEP	2025-11-15T00:27:25.7392672Z #14 16.95   Verifying        : openssl-fips-provider-so-3.0.7-8.el9.x86_64          52/84 
Test OLM installation	UNKNOWN STEP	2025-11-15T00:27:25.7393508Z #14 16.95   Verifying        : openssl-libs-1:3.5.1-4.el9_7.x86_64                  53/84 
Test OLM installation	UNKNOWN STEP	2025-11-15T00:27:25.7394288Z #14 16.95   Verifying        : p11-kit-0.25.3-3.el9_5.x86_64                        54/84 
Test OLM installation	UNKNOWN STEP	2025-11-15T00:27:25.7395062Z #14 16.95   Verifying        : p11-kit-trust-0.25.3-3.el9_5.x86_64                  55/84 
Test OLM installation	UNKNOWN STEP	2025-11-15T00:27:25.7395790Z #14 16.95   Verifying        : pcre-8.44-4.el9.x86_64                               56/84 
Test OLM installation	UNKNOWN STEP	2025-11-15T00:27:25.7396504Z #14 16.95   Verifying        : pcre2-10.40-6.el9.x86_64                             57/84 
Test OLM installation	UNKNOWN STEP	2025-11-15T00:27:25.7397246Z #14 16.95   Verifying        : pcre2-syntax-10.40-6.el9.noarch                      58/84 
Test OLM installation	UNKNOWN STEP	2025-11-15T00:27:25.7398027Z #14 16.95   Verifying        : python3-3.9.23-2.el9.x86_64                          59/84 
Test OLM installation	UNKNOWN STEP	2025-11-15T00:27:25.7398808Z #14 16.95   Verifying        : python3-libs-3.9.23-2.el9.x86_64                     60/84 
Test OLM installation	UNKNOWN STEP	2025-11-15T00:27:25.7399844Z #14 16.95   Verifying        : python3-pip-wheel-21.3.1-1.el9.noarch                61/84 
Test OLM installation	UNKNOWN STEP	2025-11-15T00:27:25.7400962Z #14 16.95   Verifying        : python3-setuptools-wheel-53.0.0-15.el9.noarch        62/84 
Test OLM installation	UNKNOWN STEP	2025-11-15T00:27:25.7401837Z #14 16.95   Verifying        : readline-8.1-4.el9.x86_64                            63/84 
Test OLM installation	UNKNOWN STEP	2025-11-15T00:27:25.7402631Z #14 16.95   Verifying        : redhat-release-9.7-0.7.el9.x86_64                    64/84 
Test OLM installation	UNKNOWN STEP	2025-11-15T00:27:25.7403420Z #14 16.95   Verifying        : sed-4.8-9.el9.x86_64                                 65/84 
Test OLM installation	UNKNOWN STEP	2025-11-15T00:27:25.7404151Z #14 16.95   Verifying        : setup-2.13.7-10.el9.noarch                           66/84 
Test OLM installation	UNKNOWN STEP	2025-11-15T00:27:25.7404915Z #14 16.95   Verifying        : sqlite-libs-3.34.1-9.el9_7.x86_64                    67/84 
Test OLM installation	UNKNOWN STEP	2025-11-15T00:27:25.7405708Z #14 16.95   Verifying        : systemd-libs-252-55.el9_7.2.x86_64                   68/84 
Test OLM installation	UNKNOWN STEP	2025-11-15T00:27:25.7406469Z #14 16.95   Verifying        : tzdata-2025b-2.el9.noarch                            69/84 
Test OLM installation	UNKNOWN STEP	2025-11-15T00:27:25.7407212Z #14 16.95   Verifying        : xz-libs-5.2.5-8.el9_0.x86_64                         70/84 
Test OLM installation	UNKNOWN STEP	2025-11-15T00:27:25.7407976Z #14 16.95   Verifying        : zlib-1.2.11-40.el9.x86_64                            71/84 
Test OLM installation	UNKNOWN STEP	2025-11-15T00:27:25.7408978Z #14 16.95   Verifying        : copy-jdk-configs-4.0-3.el9.noarch                    72/84 
Test OLM installation	UNKNOWN STEP	2025-11-15T00:27:25.7409960Z #14 16.95   Verifying        : lua-5.4.4-4.el9.x86_64                               73/84 
Test OLM installation	UNKNOWN STEP	2025-11-15T00:27:25.7410751Z #14 16.95   Verifying        : lua-posix-35.0-8.el9.x86_64                          74/84 
Test OLM installation	UNKNOWN STEP	2025-11-15T00:27:25.7411552Z #14 16.95   Verifying        : alsa-lib-1.2.14-1.el9.x86_64                         75/84 
Test OLM installation	UNKNOWN STEP	2025-11-15T00:27:25.7412349Z #14 16.95   Verifying        : java-21-openjdk-headless-1:21.0.9.0.10-1.el9.x86_6   76/84 
Test OLM installation	UNKNOWN STEP	2025-11-15T00:27:25.7413178Z #14 16.95   Verifying        : javapackages-filesystem-6.4.0-1.el9.noarch           77/84 
Test OLM installation	UNKNOWN STEP	2025-11-15T00:27:25.7413969Z #14 16.95   Verifying        : nspr-4.36.0-4.el9_4.x86_64                           78/84 
Test OLM installation	UNKNOWN STEP	2025-11-15T00:27:25.7415008Z #14 16.95   Verifying        : nss-3.112.0-4.el9_4.x86_64                           79/84 
Test OLM installation	UNKNOWN STEP	2025-11-15T00:27:25.7415976Z #14 16.95   Verifying        : nss-softokn-3.112.0-4.el9_4.x86_64                   80/84 
Test OLM installation	UNKNOWN STEP	2025-11-15T00:27:25.7416866Z #14 16.95   Verifying        : nss-softokn-freebl-3.112.0-4.el9_4.x86_64            81/84 
Test OLM installation	UNKNOWN STEP	2025-11-15T00:27:25.7417924Z #14 16.95   Verifying        : nss-sysinit-3.112.0-4.el9_4.x86_64                   82/84 
Test OLM installation	UNKNOWN STEP	2025-11-15T00:27:25.7418965Z #14 16.95   Verifying        : nss-util-3.112.0-4.el9_4.x86_64                      83/84 
Test OLM installation	UNKNOWN STEP	2025-11-15T00:27:25.7420135Z #14 16.95   Verifying        : tzdata-java-2025b-2.el9.noarch                       84/84 
Test OLM installation	UNKNOWN STEP	2025-11-15T00:27:25.7420996Z #14 17.01 Installed products updated.
Test OLM installation	UNKNOWN STEP	2025-11-15T00:27:25.7421579Z #14 17.03 
Test OLM installation	UNKNOWN STEP	2025-11-15T00:27:25.7422004Z #14 17.03 Installed:
Test OLM installation	UNKNOWN STEP	2025-11-15T00:27:25.7422649Z #14 17.03   alsa-lib-1.2.14-1.el9.x86_64                                                  
Test OLM installation	UNKNOWN STEP	2025-11-15T00:27:25.7423637Z #14 17.03   alternatives-1.24-2.el9.x86_64                                                
Test OLM installation	UNKNOWN STEP	2025-11-15T00:27:25.7424595Z #14 17.03   avahi-libs-0.8-23.el9.x86_64                                                  
Test OLM installation	UNKNOWN STEP	2025-11-15T00:27:25.7425564Z #14 17.03   basesystem-11-13.el9.noarch                                                   
Test OLM installation	UNKNOWN STEP	2025-11-15T00:27:25.7457886Z #14 17.03   bash-5.1.8-9.el9.x86_64                                                       
Test OLM installation	UNKNOWN STEP	2025-11-15T00:27:25.7458786Z #14 17.03   bzip2-libs-1.0.8-10.el9_5.x86_64                                              
Test OLM installation	UNKNOWN STEP	2025-11-15T00:27:25.7459878Z #14 17.03   ca-certificates-2024.2.69_v8.0.303-91.4.el9_4.noarch                          
Test OLM installation	UNKNOWN STEP	2025-11-15T00:27:25.7460708Z #14 17.03   copy-jdk-configs-4.0-3.el9.noarch                                             
Test OLM installation	UNKNOWN STEP	2025-11-15T00:27:25.7461577Z #14 17.03   coreutils-single-8.32-39.el9.x86_64                                           
Test OLM installation	UNKNOWN STEP	2025-11-15T00:27:25.7462522Z #14 17.03   crypto-policies-20250905-1.git377cc42.el9_7.noarch                            
Test OLM installation	UNKNOWN STEP	2025-11-15T00:27:25.7463672Z #14 17.03   crypto-policies-scripts-20250905-1.git377cc42.el9_7.noarch                    
Test OLM installation	UNKNOWN STEP	2025-11-15T00:27:25.7464589Z #14 17.03   cups-libs-1:2.3.3op2-34.el9_7.x86_64                                          
Test OLM installation	UNKNOWN STEP	2025-11-15T00:27:25.7465337Z #14 17.03   dbus-libs-1:1.12.20-8.el9.x86_64                                              
Test OLM installation	UNKNOWN STEP	2025-11-15T00:27:25.7466060Z #14 17.03   expat-2.5.0-5.el9_6.x86_64                                                    
Test OLM installation	UNKNOWN STEP	2025-11-15T00:27:25.7466807Z #14 17.03   filesystem-3.16-5.el9.x86_64                                                  
Test OLM installation	UNKNOWN STEP	2025-11-15T00:27:25.7467563Z #14 17.03   findutils-1:4.8.0-7.el9.x86_64                                                
Test OLM installation	UNKNOWN STEP	2025-11-15T00:27:25.7468274Z #14 17.03   gawk-5.1.0-6.el9.x86_64                                                       
Test OLM installation	UNKNOWN STEP	2025-11-15T00:27:25.7468987Z #14 17.03   gdbm-libs-1:1.23-1.el9.x86_64                                                 
Test OLM installation	UNKNOWN STEP	2025-11-15T00:27:25.7469888Z #14 17.03   glibc-2.34-231.el9_7.2.x86_64                                                 
Test OLM installation	UNKNOWN STEP	2025-11-15T00:27:25.7470662Z #14 17.03   glibc-common-2.34-231.el9_7.2.x86_64                                          
Test OLM installation	UNKNOWN STEP	2025-11-15T00:27:25.7471720Z #14 17.03   glibc-langpack-en-2.34-231.el9_7.2.x86_64                                     
Test OLM installation	UNKNOWN STEP	2025-11-15T00:27:25.7472435Z #14 17.03   gmp-1:6.2.0-13.el9.x86_64                                                     
Test OLM installation	UNKNOWN STEP	2025-11-15T00:27:25.7473066Z #14 17.03   gnutls-3.8.3-9.el9.x86_64                                                     
Test OLM installation	UNKNOWN STEP	2025-11-15T00:27:25.7473698Z #14 17.03   grep-3.6-5.el9.x86_64                                                         
Test OLM installation	UNKNOWN STEP	2025-11-15T00:27:25.7474396Z #14 17.03   java-21-openjdk-headless-1:21.0.9.0.10-1.el9.x86_64                           
Test OLM installation	UNKNOWN STEP	2025-11-15T00:27:25.7475225Z #14 17.03   javapackages-filesystem-6.4.0-1.el9.noarch                                    
Test OLM installation	UNKNOWN STEP	2025-11-15T00:27:25.7476036Z #14 17.03   keyutils-libs-1.6.3-1.el9.x86_64                                              
Test OLM installation	UNKNOWN STEP	2025-11-15T00:27:25.7476813Z #14 17.03   krb5-libs-1.21.1-8.el9_6.x86_64                                               
Test OLM installation	UNKNOWN STEP	2025-11-15T00:27:25.7477541Z #14 17.03   libacl-2.3.1-4.el9.x86_64                                                     
Test OLM installation	UNKNOWN STEP	2025-11-15T00:27:25.7478251Z #14 17.03   libattr-2.5.1-3.el9.x86_64                                                    
Test OLM installation	UNKNOWN STEP	2025-11-15T00:27:25.7478969Z #14 17.03   libcap-2.48-10.el9.x86_64                                                     
Test OLM installation	UNKNOWN STEP	2025-11-15T00:27:25.7479891Z #14 17.03   libcom_err-1.46.5-8.el9.x86_64                                                
Test OLM installation	UNKNOWN STEP	2025-11-15T00:27:25.7480644Z #14 17.03   libevent-2.1.12-8.el9_4.x86_64                                                
Test OLM installation	UNKNOWN STEP	2025-11-15T00:27:25.7481338Z #14 17.03   libffi-3.4.2-8.el9.x86_64                                                     
Test OLM installation	UNKNOWN STEP	2025-11-15T00:27:25.7482043Z #14 17.03   libgcc-11.5.0-11.el9.x86_64                                                   
Test OLM installation	UNKNOWN STEP	2025-11-15T00:27:25.7482764Z #14 17.03   libgcrypt-1.10.0-11.el9.x86_64                                                
Test OLM installation	UNKNOWN STEP	2025-11-15T00:27:25.7483501Z #14 17.03   libgpg-error-1.42-5.el9.x86_64                                                
Test OLM installation	UNKNOWN STEP	2025-11-15T00:27:25.7484254Z #14 17.03   libidn2-2.3.0-7.el9.x86_64                                                    
Test OLM installation	UNKNOWN STEP	2025-11-15T00:27:25.7484972Z #14 17.03   libselinux-3.6-3.el9.x86_64                                                   
Test OLM installation	UNKNOWN STEP	2025-11-15T00:27:25.7485706Z #14 17.03   libsepol-3.6-3.el9.x86_64                                                     
Test OLM installation	UNKNOWN STEP	2025-11-15T00:27:25.7486430Z #14 17.03   libsigsegv-2.13-4.el9.x86_64                                                  
Test OLM installation	UNKNOWN STEP	2025-11-15T00:27:25.7487210Z #14 17.03   libtasn1-4.16.0-9.el9.x86_64                                                  
Test OLM installation	UNKNOWN STEP	2025-11-15T00:27:25.7487947Z #14 17.03   libunistring-0.9.10-15.el9.x86_64                                             
Test OLM installation	UNKNOWN STEP	2025-11-15T00:27:25.7488677Z #14 17.03   libuuid-2.37.4-21.el9.x86_64                                                  
Test OLM installation	UNKNOWN STEP	2025-11-15T00:27:25.7489613Z #14 17.03   libverto-0.3.2-3.el9.x86_64                                                   
Test OLM installation	UNKNOWN STEP	2025-11-15T00:27:25.7490866Z #14 17.03   libxcrypt-4.4.18-3.el9.x86_64                                                 
Test OLM installation	UNKNOWN STEP	2025-11-15T00:27:25.7491597Z #14 17.03   libzstd-1.5.5-1.el9.x86_64                                                    
Test OLM installation	UNKNOWN STEP	2025-11-15T00:27:25.7492351Z #14 17.03   lksctp-tools-1.0.19-3.el9_4.x86_64                                            
Test OLM installation	UNKNOWN STEP	2025-11-15T00:27:25.7493063Z #14 17.03   lua-5.4.4-4.el9.x86_64                                                        
Test OLM installation	UNKNOWN STEP	2025-11-15T00:27:25.7493733Z #14 17.03   lua-libs-5.4.4-4.el9.x86_64                                                   
Test OLM installation	UNKNOWN STEP	2025-11-15T00:27:25.7494422Z #14 17.03   lua-posix-35.0-8.el9.x86_64                                                   
Test OLM installation	UNKNOWN STEP	2025-11-15T00:27:25.7495145Z #14 17.03   lz4-libs-1.9.3-5.el9.x86_64                                                   
Test OLM installation	UNKNOWN STEP	2025-11-15T00:27:25.7495876Z #14 17.03   mpfr-4.1.0-7.el9.x86_64                                                       
Test OLM installation	UNKNOWN STEP	2025-11-15T00:27:25.7496656Z #14 17.03   ncurses-base-6.2-12.20210508.el9.noarch                                       
Test OLM installation	UNKNOWN STEP	2025-11-15T00:27:25.7497709Z #14 17.03   ncurses-libs-6.2-12.20210508.el9.x86_64                                       
Test OLM installation	UNKNOWN STEP	2025-11-15T00:27:25.7498489Z #14 17.03   nettle-3.10.1-1.el9.x86_64                                                    
Test OLM installation	UNKNOWN STEP	2025-11-15T00:27:25.7499184Z #14 17.03   nspr-4.36.0-4.el9_4.x86_64                                                    
Test OLM installation	UNKNOWN STEP	2025-11-15T00:27:25.7500195Z #14 17.03   nss-3.112.0-4.el9_4.x86_64                                                    
Test OLM installation	UNKNOWN STEP	2025-11-15T00:27:25.7500945Z #14 17.03   nss-softokn-3.112.0-4.el9_4.x86_64                                            
Test OLM installation	UNKNOWN STEP	2025-11-15T00:27:25.7501758Z #14 17.03   nss-softokn-freebl-3.112.0-4.el9_4.x86_64                                     
Test OLM installation	UNKNOWN STEP	2025-11-15T00:27:25.7502555Z #14 17.03   nss-sysinit-3.112.0-4.el9_4.x86_64                                            
Test OLM installation	UNKNOWN STEP	2025-11-15T00:27:25.7503320Z #14 17.03   nss-util-3.112.0-4.el9_4.x86_64                                               
Test OLM installation	UNKNOWN STEP	2025-11-15T00:27:25.7504147Z #14 17.03   openssl-fips-provider-3.0.7-8.el9.x86_64                                      
Test OLM installation	UNKNOWN STEP	2025-11-15T00:27:25.7505019Z #14 17.03   openssl-fips-provider-so-3.0.7-8.el9.x86_64                                   
Test OLM installation	UNKNOWN STEP	2025-11-15T00:27:25.7505859Z #14 17.03   openssl-libs-1:3.5.1-4.el9_7.x86_64                                           
Test OLM installation	UNKNOWN STEP	2025-11-15T00:27:25.7506588Z #14 17.03   p11-kit-0.25.3-3.el9_5.x86_64                                                 
Test OLM installation	UNKNOWN STEP	2025-11-15T00:27:25.7507307Z #14 17.03   p11-kit-trust-0.25.3-3.el9_5.x86_64                                           
Test OLM installation	UNKNOWN STEP	2025-11-15T00:27:25.7508016Z #14 17.03   pcre-8.44-4.el9.x86_64                                                        
Test OLM installation	UNKNOWN STEP	2025-11-15T00:27:25.7508699Z #14 17.03   pcre2-10.40-6.el9.x86_64                                                      
Test OLM installation	UNKNOWN STEP	2025-11-15T00:27:25.7509443Z #14 17.03   pcre2-syntax-10.40-6.el9.noarch                                               
Test OLM installation	UNKNOWN STEP	2025-11-15T00:27:25.7510576Z #14 17.03   python3-3.9.23-2.el9.x86_64                                                   
Test OLM installation	UNKNOWN STEP	2025-11-15T00:27:25.7511112Z #14 17.03   python3-libs-3.9.23-2.el9.x86_64                                              
Test OLM installation	UNKNOWN STEP	2025-11-15T00:27:25.7511673Z #14 17.03   python3-pip-wheel-21.3.1-1.el9.noarch                                         
Test OLM installation	UNKNOWN STEP	2025-11-15T00:27:25.7512264Z #14 17.03   python3-setuptools-wheel-53.0.0-15.el9.noarch                                 
Test OLM installation	UNKNOWN STEP	2025-11-15T00:27:25.7512808Z #14 17.03   readline-8.1-4.el9.x86_64                                                     
Test OLM installation	UNKNOWN STEP	2025-11-15T00:27:25.7513309Z #14 17.03   redhat-release-9.7-0.7.el9.x86_64                                             
Test OLM installation	UNKNOWN STEP	2025-11-15T00:27:25.7513780Z #14 17.03   sed-4.8-9.el9.x86_64                                                          
Test OLM installation	UNKNOWN STEP	2025-11-15T00:27:25.7514237Z #14 17.03   setup-2.13.7-10.el9.noarch                                                    
Test OLM installation	UNKNOWN STEP	2025-11-15T00:27:25.7514930Z #14 17.03   sqlite-libs-3.34.1-9.el9_7.x86_64                                             
Test OLM installation	UNKNOWN STEP	2025-11-15T00:27:25.7515455Z #14 17.03   systemd-libs-252-55.el9_7.2.x86_64                                            
Test OLM installation	UNKNOWN STEP	2025-11-15T00:27:25.7515966Z #14 17.03   tzdata-2025b-2.el9.noarch                                                     
Test OLM installation	UNKNOWN STEP	2025-11-15T00:27:25.7516484Z #14 17.03   tzdata-java-2025b-2.el9.noarch                                                
Test OLM installation	UNKNOWN STEP	2025-11-15T00:27:25.7516982Z #14 17.03   xz-libs-5.2.5-8.el9_0.x86_64                                                  
Test OLM installation	UNKNOWN STEP	2025-11-15T00:27:25.7517433Z #14 17.03   zlib-1.2.11-40.el9.x86_64                                                     
Test OLM installation	UNKNOWN STEP	2025-11-15T00:27:25.7517793Z #14 17.03 
Test OLM installation	UNKNOWN STEP	2025-11-15T00:27:25.7517987Z #14 17.03 Complete!
Test OLM installation	UNKNOWN STEP	2025-11-15T00:27:25.7518275Z #14 17.14 + dnf --installroot /tmp/null/rootfs clean all
Test OLM installation	UNKNOWN STEP	2025-11-15T00:27:25.9700369Z #14 17.37 Updating Subscription Management repositories.
Test OLM installation	UNKNOWN STEP	2025-11-15T00:27:26.1706824Z #14 17.37 Unable to read consumer identity
Test OLM installation	UNKNOWN STEP	2025-11-15T00:27:26.1707321Z #14 17.38 
Test OLM installation	UNKNOWN STEP	2025-11-15T00:27:26.1708051Z #14 17.38 This system is not registered with an entitlement server. You can use subscription-manager to register.
Test OLM installation	UNKNOWN STEP	2025-11-15T00:27:26.1709129Z #14 17.38 
Test OLM installation	UNKNOWN STEP	2025-11-15T00:27:26.1709412Z #14 17.38 26 files removed
Test OLM installation	UNKNOWN STEP	2025-11-15T00:27:26.1711252Z #14 17.42 + rm -rf /tmp/null/rootfs/var/cache/bpf /tmp/null/rootfs/var/cache/dnf /tmp/null/rootfs/var/cache/ldconfig /tmp/null/rootfs/var/log/dnf.librepo.log /tmp/null/rootfs/var/log/dnf.log /tmp/null/rootfs/var/log/dnf.rpm.log '/tmp/null/rootfs/var/log/yum.*'
Test OLM installation	UNKNOWN STEP	2025-11-15T00:27:26.1713046Z #14 17.42 ==> Building dependency tree
Test OLM installation	UNKNOWN STEP	2025-11-15T00:27:26.4117227Z #14 17.81 ==> 42 packages to erase:
Test OLM installation	UNKNOWN STEP	2025-11-15T00:27:26.5667497Z #14 17.82 alsa-lib
Test OLM installation	UNKNOWN STEP	2025-11-15T00:27:26.5667878Z #14 17.82 avahi-libs
Test OLM installation	UNKNOWN STEP	2025-11-15T00:27:26.5668225Z #14 17.82 bzip2-libs
Test OLM installation	UNKNOWN STEP	2025-11-15T00:27:26.5668558Z #14 17.82 copy-jdk-configs
Test OLM installation	UNKNOWN STEP	2025-11-15T00:27:26.5668922Z #14 17.82 cups-libs
Test OLM installation	UNKNOWN STEP	2025-11-15T00:27:26.5669232Z #14 17.82 dbus-libs
Test OLM installation	UNKNOWN STEP	2025-11-15T00:27:26.5669521Z #14 17.82 expat
Test OLM installation	UNKNOWN STEP	2025-11-15T00:27:26.5669997Z #14 17.82 gawk
Test OLM installation	UNKNOWN STEP	2025-11-15T00:27:26.5670334Z #14 17.82 gdbm-libs
Test OLM installation	UNKNOWN STEP	2025-11-15T00:27:26.5670624Z #14 17.82 gmp
Test OLM installation	UNKNOWN STEP	2025-11-15T00:27:26.5670907Z #14 17.82 gnutls
Test OLM installation	UNKNOWN STEP	2025-11-15T00:27:26.5671214Z #14 17.82 gpg-pubkey
Test OLM installation	UNKNOWN STEP	2025-11-15T00:27:26.5671563Z #14 17.82 keyutils-libs
Test OLM installation	UNKNOWN STEP	2025-11-15T00:27:26.5671886Z #14 17.82 krb5-libs
Test OLM installation	UNKNOWN STEP	2025-11-15T00:27:26.5672188Z #14 17.82 libcom_err
Test OLM installation	UNKNOWN STEP	2025-11-15T00:27:26.5672493Z #14 17.82 libevent
Test OLM installation	UNKNOWN STEP	2025-11-15T00:27:26.5672781Z #14 17.82 libffi
Test OLM installation	UNKNOWN STEP	2025-11-15T00:27:26.5673075Z #14 17.82 libgcrypt
Test OLM installation	UNKNOWN STEP	2025-11-15T00:27:26.5673398Z #14 17.82 libgpg-error
Test OLM installation	UNKNOWN STEP	2025-11-15T00:27:26.5673721Z #14 17.82 libidn2
Test OLM installation	UNKNOWN STEP	2025-11-15T00:27:26.5674018Z #14 17.82 libunistring
Test OLM installation	UNKNOWN STEP	2025-11-15T00:27:26.5674333Z #14 17.82 libuuid
Test OLM installation	UNKNOWN STEP	2025-11-15T00:27:26.5674621Z #14 17.82 libverto
Test OLM installation	UNKNOWN STEP	2025-11-15T00:27:26.5674906Z #14 17.82 libxcrypt
Test OLM installation	UNKNOWN STEP	2025-11-15T00:27:26.5675198Z #14 17.82 libzstd
Test OLM installation	UNKNOWN STEP	2025-11-15T00:27:26.5675481Z #14 17.82 lua
Test OLM installation	UNKNOWN STEP	2025-11-15T00:27:26.5675761Z #14 17.82 lua-libs
Test OLM installation	UNKNOWN STEP	2025-11-15T00:27:26.5676057Z #14 17.82 lua-posix
Test OLM installation	UNKNOWN STEP	2025-11-15T00:27:26.5676359Z #14 17.82 lz4-libs
Test OLM installation	UNKNOWN STEP	2025-11-15T00:27:26.5676651Z #14 17.82 mpfr
Test OLM installation	UNKNOWN STEP	2025-11-15T00:27:26.5676940Z #14 17.82 nettle
Test OLM installation	UNKNOWN STEP	2025-11-15T00:27:26.5677264Z #14 17.82 openssl-fips-provider
Test OLM installation	UNKNOWN STEP	2025-11-15T00:27:26.5677708Z #14 17.82 openssl-fips-provider-so
Test OLM installation	UNKNOWN STEP	2025-11-15T00:27:26.5678117Z #14 17.82 openssl-libs
Test OLM installation	UNKNOWN STEP	2025-11-15T00:27:26.5678439Z #14 17.82 p11-kit
Test OLM installation	UNKNOWN STEP	2025-11-15T00:27:26.5678728Z #14 17.82 python3
Test OLM installation	UNKNOWN STEP	2025-11-15T00:27:26.5679030Z #14 17.82 python3-libs
Test OLM installation	UNKNOWN STEP	2025-11-15T00:27:26.5679372Z #14 17.82 python3-pip-wheel
Test OLM installation	UNKNOWN STEP	2025-11-15T00:27:26.5679953Z #14 17.82 python3-setuptools-wheel
Test OLM installation	UNKNOWN STEP	2025-11-15T00:27:26.5680361Z #14 17.82 readline
Test OLM installation	UNKNOWN STEP	2025-11-15T00:27:26.5680667Z #14 17.82 systemd-libs
Test OLM installation	UNKNOWN STEP	2025-11-15T00:27:26.5680981Z #14 17.82 xz-libs
Test OLM installation	UNKNOWN STEP	2025-11-15T00:27:26.5681293Z #14 17.82 ==> 43 packages to keep:
Test OLM installation	UNKNOWN STEP	2025-11-15T00:27:26.5681675Z #14 17.82 alternatives
Test OLM installation	UNKNOWN STEP	2025-11-15T00:27:26.5681988Z #14 17.82 basesystem
Test OLM installation	UNKNOWN STEP	2025-11-15T00:27:26.5682283Z #14 17.82 bash
Test OLM installation	UNKNOWN STEP	2025-11-15T00:27:26.5682582Z #14 17.82 ca-certificates
Test OLM installation	UNKNOWN STEP	2025-11-15T00:27:26.5682939Z #14 17.82 coreutils-single
Test OLM installation	UNKNOWN STEP	2025-11-15T00:27:26.5683576Z #14 17.82 crypto-policies
Test OLM installation	UNKNOWN STEP	2025-11-15T00:27:26.5683993Z #14 17.82 crypto-policies-scripts
Test OLM installation	UNKNOWN STEP	2025-11-15T00:27:26.5684390Z #14 17.82 filesystem
Test OLM installation	UNKNOWN STEP	2025-11-15T00:27:26.5684691Z #14 17.82 findutils
Test OLM installation	UNKNOWN STEP	2025-11-15T00:27:26.5684987Z #14 17.82 glibc
Test OLM installation	UNKNOWN STEP	2025-11-15T00:27:26.5685287Z #14 17.82 glibc-common
Test OLM installation	UNKNOWN STEP	2025-11-15T00:27:26.5685620Z #14 17.82 glibc-langpack-en
Test OLM installation	UNKNOWN STEP	2025-11-15T00:27:26.5686038Z #14 17.82 grep
Test OLM installation	UNKNOWN STEP	2025-11-15T00:27:26.5686355Z #14 17.82 java-21-openjdk-headless
Test OLM installation	UNKNOWN STEP	2025-11-15T00:27:26.5686761Z #14 17.82 javapackages-filesystem
Test OLM installation	UNKNOWN STEP	2025-11-15T00:27:26.5687117Z #14 17.82 libacl
Test OLM installation	UNKNOWN STEP	2025-11-15T00:27:26.5687392Z #14 17.82 libattr
Test OLM installation	UNKNOWN STEP	2025-11-15T00:27:26.5687664Z #14 17.82 libcap
Test OLM installation	UNKNOWN STEP	2025-11-15T00:27:26.5687936Z #14 17.82 libgcc
Test OLM installation	UNKNOWN STEP	2025-11-15T00:27:26.5688212Z #14 17.82 libselinux
Test OLM installation	UNKNOWN STEP	2025-11-15T00:27:26.5688497Z #14 17.82 libsepol
Test OLM installation	UNKNOWN STEP	2025-11-15T00:27:26.5688787Z #14 17.82 libsigsegv
Test OLM installation	UNKNOWN STEP	2025-11-15T00:27:26.5689086Z #14 17.82 libtasn1
Test OLM installation	UNKNOWN STEP	2025-11-15T00:27:26.5689379Z #14 17.82 lksctp-tools
Test OLM installation	UNKNOWN STEP	2025-11-15T00:27:26.5689920Z #14 17.82 ncurses-base
Test OLM installation	UNKNOWN STEP	2025-11-15T00:27:26.5690262Z #14 17.82 ncurses-libs
Test OLM installation	UNKNOWN STEP	2025-11-15T00:27:26.5690805Z #14 17.82 nspr
Test OLM installation	UNKNOWN STEP	2025-11-15T00:27:26.5691094Z #14 17.82 nss
Test OLM installation	UNKNOWN STEP	2025-11-15T00:27:26.5691383Z #14 17.82 nss-softokn
Test OLM installation	UNKNOWN STEP	2025-11-15T00:27:26.5691709Z #14 17.82 nss-softokn-freebl
Test OLM installation	UNKNOWN STEP	2025-11-15T00:27:26.5692071Z #14 17.82 nss-sysinit
Test OLM installation	UNKNOWN STEP	2025-11-15T00:27:26.5692375Z #14 17.82 nss-util
Test OLM installation	UNKNOWN STEP	2025-11-15T00:27:26.5692671Z #14 17.82 p11-kit-trust
Test OLM installation	UNKNOWN STEP	2025-11-15T00:27:26.5692989Z #14 17.82 pcre
Test OLM installation	UNKNOWN STEP	2025-11-15T00:27:26.5693273Z #14 17.82 pcre2
Test OLM installation	UNKNOWN STEP	2025-11-15T00:27:26.5693558Z #14 17.82 pcre2-syntax
Test OLM installation	UNKNOWN STEP	2025-11-15T00:27:26.5693883Z #14 17.82 redhat-release
Test OLM installation	UNKNOWN STEP	2025-11-15T00:27:26.5694208Z #14 17.82 sed
Test OLM installation	UNKNOWN STEP	2025-11-15T00:27:26.5694488Z #14 17.82 setup
Test OLM installation	UNKNOWN STEP	2025-11-15T00:27:26.5694771Z #14 17.82 sqlite-libs
Test OLM installation	UNKNOWN STEP	2025-11-15T00:27:26.5695080Z #14 17.82 tzdata
Test OLM installation	UNKNOWN STEP	2025-11-15T00:27:26.5695371Z #14 17.82 tzdata-java
Test OLM installation	UNKNOWN STEP	2025-11-15T00:27:26.5695665Z #14 17.82 zlib
Test OLM installation	UNKNOWN STEP	2025-11-15T00:27:26.5695940Z #14 17.82 
Test OLM installation	UNKNOWN STEP	2025-11-15T00:27:26.5696238Z #14 17.82 ==> Erasing packages
Test OLM installation	UNKNOWN STEP	2025-11-15T00:27:26.5696768Z #14 17.82 + xargs rpm -r /tmp/null/rootfs --erase --nodeps --allmatches
Test OLM installation	UNKNOWN STEP	2025-11-15T00:27:26.7066522Z #14 18.11 
Test OLM installation	UNKNOWN STEP	2025-11-15T00:27:26.7066920Z #14 18.11 ==> Packages erased ok!
Test OLM installation	UNKNOWN STEP	2025-11-15T00:27:26.8761347Z #14 DONE 18.1s
Test OLM installation	UNKNOWN STEP	2025-11-15T00:27:27.2315430Z 
Test OLM installation	UNKNOWN STEP	2025-11-15T00:27:27.2316367Z #15 [stage-1 2/4] COPY --from=ubi-micro-build /tmp/null/rootfs/ /
Test OLM installation	UNKNOWN STEP	2025-11-15T00:27:28.4147002Z #15 DONE 1.2s
Test OLM installation	UNKNOWN STEP	2025-11-15T00:27:28.5662608Z 
Test OLM installation	UNKNOWN STEP	2025-11-15T00:27:28.5663222Z #16 [stage-1 3/4] COPY --from=ubi-micro-build --chown=1000:0 /opt/keycloak /opt/keycloak
Test OLM installation	UNKNOWN STEP	2025-11-15T00:27:29.1132673Z #16 DONE 0.7s
Test OLM installation	UNKNOWN STEP	2025-11-15T00:27:29.2233906Z 
Test OLM installation	UNKNOWN STEP	2025-11-15T00:27:29.2235429Z #17 [stage-1 4/4] RUN echo "keycloak:x:0:root" >> /etc/group &&     echo "keycloak:x:1000:0:keycloak user:/opt/keycloak:/sbin/nologin" >> /etc/passwd
Test OLM installation	UNKNOWN STEP	2025-11-15T00:27:29.2236352Z #17 DONE 0.1s
Test OLM installation	UNKNOWN STEP	2025-11-15T00:27:29.3755477Z 
Test OLM installation	UNKNOWN STEP	2025-11-15T00:27:29.3755947Z #18 exporting to image
Test OLM installation	UNKNOWN STEP	2025-11-15T00:27:29.3757134Z #18 exporting layers
Test OLM installation	UNKNOWN STEP	2025-11-15T00:27:30.0713382Z #18 exporting layers 0.8s done
Test OLM installation	UNKNOWN STEP	2025-11-15T00:27:30.0894444Z #18 writing image sha256:10a6bbc204b14114b3cd6c0e5b2cdd21bfed69047a3f2a202dc596e1168bc040 done
Test OLM installation	UNKNOWN STEP	2025-11-15T00:27:30.0895345Z #18 naming to 192.168.49.2:5000/626062keycloak:86400000.0.0 done
Test OLM installation	UNKNOWN STEP	2025-11-15T00:27:30.0895843Z #18 DONE 0.9s
Test OLM installation	UNKNOWN STEP	2025-11-15T00:27:30.0952897Z + docker push 192.168.49.2:5000/626062keycloak:86400000.0.0
Test OLM installation	UNKNOWN STEP	2025-11-15T00:27:30.1101187Z The push refers to repository [192.168.49.2:5000/626062keycloak]
Test OLM installation	UNKNOWN STEP	2025-11-15T00:27:30.1105428Z Get "http://192.168.49.2:5000/v2/": dial tcp 192.168.49.2:5000: connect: connection refused
Test OLM installation	UNKNOWN STEP	2025-11-15T00:27:30.1128366Z ##[error]Process completed with exit code 1.
Test OLM installation	UNKNOWN STEP	2025-11-15T00:27:30.1173158Z ##[group]Run kubectl get keycloaks -A -o yaml
Test OLM installation	UNKNOWN STEP	2025-11-15T00:27:30.1173508Z [36;1mkubectl get keycloaks -A -o yaml[0m
Test OLM installation	UNKNOWN STEP	2025-11-15T00:27:30.1173816Z [36;1mkubectl get keycloakrealmimports -A -o yaml[0m
Test OLM installation	UNKNOWN STEP	2025-11-15T00:27:30.1207334Z shell: /usr/bin/bash --noprofile --norc -e -o pipefail {0}
Test OLM installation	UNKNOWN STEP	2025-11-15T00:27:30.1207649Z env:
Test OLM installation	UNKNOWN STEP	2025-11-15T00:27:30.1207918Z   MAVEN_ARGS: -B -nsu -Daether.connector.http.connectionMaxTtl=25
Test OLM installation	UNKNOWN STEP	2025-11-15T00:27:30.1208265Z   MINIKUBE_VERSION: v1.37.0
Test OLM installation	UNKNOWN STEP	2025-11-15T00:27:30.1208488Z   KUBERNETES_VERSION: v1.32.9
Test OLM installation	UNKNOWN STEP	2025-11-15T00:27:30.1208699Z   MINIKUBE_MEMORY: 4096
Test OLM installation	UNKNOWN STEP	2025-11-15T00:27:30.1209001Z   JAVA_HOME: /opt/hostedtoolcache/Java_Temurin-Hotspot_jdk/21.0.9-10/x64
Test OLM installation	UNKNOWN STEP	2025-11-15T00:27:30.1209448Z   JAVA_HOME_21_X64: /opt/hostedtoolcache/Java_Temurin-Hotspot_jdk/21.0.9-10/x64
Test OLM installation	UNKNOWN STEP	2025-11-15T00:27:30.1210030Z   MINIKUBE_HOME: /home/runner/work/_temp
Test OLM installation	UNKNOWN STEP	2025-11-15T00:27:30.1210274Z ##[endgroup]
Test OLM installation	UNKNOWN STEP	2025-11-15T00:27:30.1838617Z error: the server doesn't have a resource type "keycloaks"
Test OLM installation	UNKNOWN STEP	2025-11-15T00:27:30.1860182Z ##[error]Process completed with exit code 1.
Test OLM installation	UNKNOWN STEP	2025-11-15T00:27:30.1881596Z ##[group]Run oc adm inspect ns
Test OLM installation	UNKNOWN STEP	2025-11-15T00:27:30.1881872Z [36;1moc adm inspect ns[0m
Test OLM installation	UNKNOWN STEP	2025-11-15T00:27:30.1914521Z shell: /usr/bin/bash --noprofile --norc -e -o pipefail {0}
Test OLM installation	UNKNOWN STEP	2025-11-15T00:27:30.1914825Z env:
Test OLM installation	UNKNOWN STEP	2025-11-15T00:27:30.1915089Z   MAVEN_ARGS: -B -nsu -Daether.connector.http.connectionMaxTtl=25
Test OLM installation	UNKNOWN STEP	2025-11-15T00:27:30.1915431Z   MINIKUBE_VERSION: v1.37.0
Test OLM installation	UNKNOWN STEP	2025-11-15T00:27:30.1915824Z   KUBERNETES_VERSION: v1.32.9
Test OLM installation	UNKNOWN STEP	2025-11-15T00:27:30.1916035Z   MINIKUBE_MEMORY: 4096
Test OLM installation	UNKNOWN STEP	2025-11-15T00:27:30.1916337Z   JAVA_HOME: /opt/hostedtoolcache/Java_Temurin-Hotspot_jdk/21.0.9-10/x64
Test OLM installation	UNKNOWN STEP	2025-11-15T00:27:30.1916784Z   JAVA_HOME_21_X64: /opt/hostedtoolcache/Java_Temurin-Hotspot_jdk/21.0.9-10/x64
Test OLM installation	UNKNOWN STEP	2025-11-15T00:27:30.1917136Z   MINIKUBE_HOME: /home/runner/work/_temp
Test OLM installation	UNKNOWN STEP	2025-11-15T00:27:30.1917378Z ##[endgroup]
Test OLM installation	UNKNOWN STEP	2025-11-15T00:27:30.2844011Z Gathering data for ns/default...
Test OLM installation	UNKNOWN STEP	2025-11-15T00:27:30.3211117Z W1115 00:27:30.320903   10006 util.go:118] the server doesn't have a resource type egressfirewalls, skipping the inspection
Test OLM installation	UNKNOWN STEP	2025-11-15T00:27:30.3232288Z W1115 00:27:30.323106   10006 util.go:118] the server doesn't have a resource type egressqoses, skipping the inspection
Test OLM installation	UNKNOWN STEP	2025-11-15T00:27:30.3660664Z W1115 00:27:30.365847   10006 util.go:118] the server doesn't have a resource type servicemonitors, skipping the inspection
Test OLM installation	UNKNOWN STEP	2025-11-15T00:27:30.3675512Z W1115 00:27:30.367413   10006 util.go:118] the server doesn't have a resource type userdefinednetworks, skipping the inspection
Test OLM installation	UNKNOWN STEP	2025-11-15T00:27:30.3676505Z Gathering data for ns/kube-node-lease...
Test OLM installation	UNKNOWN STEP	2025-11-15T00:27:30.4007943Z W1115 00:27:30.400618   10006 util.go:118] the server doesn't have a resource type egressfirewalls, skipping the inspection
Test OLM installation	UNKNOWN STEP	2025-11-15T00:27:30.4024976Z W1115 00:27:30.402357   10006 util.go:118] the server doesn't have a resource type egressqoses, skipping the inspection
Test OLM installation	UNKNOWN STEP	2025-11-15T00:27:30.4316585Z W1115 00:27:30.431520   10006 util.go:118] the server doesn't have a resource type servicemonitors, skipping the inspection
Test OLM installation	UNKNOWN STEP	2025-11-15T00:27:30.4330728Z W1115 00:27:30.432924   10006 util.go:118] the server doesn't have a resource type userdefinednetworks, skipping the inspection
Test OLM installation	UNKNOWN STEP	2025-11-15T00:27:30.4331655Z Gathering data for ns/kube-public...
Test OLM installation	UNKNOWN STEP	2025-11-15T00:27:30.4641040Z W1115 00:27:30.463991   10006 util.go:118] the server doesn't have a resource type egressfirewalls, skipping the inspection
Test OLM installation	UNKNOWN STEP	2025-11-15T00:27:30.4655801Z W1115 00:27:30.465493   10006 util.go:118] the server doesn't have a resource type egressqoses, skipping the inspection
Test OLM installation	UNKNOWN STEP	2025-11-15T00:27:30.4978794Z W1115 00:27:30.497759   10006 util.go:118] the server doesn't have a resource type servicemonitors, skipping the inspection
Test OLM installation	UNKNOWN STEP	2025-11-15T00:27:30.4993153Z W1115 00:27:30.499222   10006 util.go:118] the server doesn't have a resource type userdefinednetworks, skipping the inspection
Test OLM installation	UNKNOWN STEP	2025-11-15T00:27:30.4994026Z Gathering data for ns/kube-system...
Test OLM installation	UNKNOWN STEP	2025-11-15T00:27:30.6732096Z W1115 00:27:30.673019   10006 util.go:118] the server doesn't have a resource type egressfirewalls, skipping the inspection
Test OLM installation	UNKNOWN STEP	2025-11-15T00:27:30.6745766Z W1115 00:27:30.674450   10006 util.go:118] the server doesn't have a resource type egressqoses, skipping the inspection
Test OLM installation	UNKNOWN STEP	2025-11-15T00:27:30.7138108Z W1115 00:27:30.713628   10006 util.go:118] the server doesn't have a resource type servicemonitors, skipping the inspection
Test OLM installation	UNKNOWN STEP	2025-11-15T00:27:30.7151802Z W1115 00:27:30.715055   10006 util.go:118] the server doesn't have a resource type userdefinednetworks, skipping the inspection
Test OLM installation	UNKNOWN STEP	2025-11-15T00:27:30.7152524Z Gathering data for ns/olm...
Test OLM installation	UNKNOWN STEP	2025-11-15T00:27:30.9910998Z W1115 00:27:30.990897   10006 util.go:118] the server doesn't have a resource type egressfirewalls, skipping the inspection
Test OLM installation	UNKNOWN STEP	2025-11-15T00:27:30.9926508Z W1115 00:27:30.992521   10006 util.go:118] the server doesn't have a resource type egressqoses, skipping the inspection
Test OLM installation	UNKNOWN STEP	2025-11-15T00:27:31.0354231Z W1115 00:27:31.035229   10006 util.go:118] the server doesn't have a resource type servicemonitors, skipping the inspection
Test OLM installation	UNKNOWN STEP	2025-11-15T00:27:31.0369590Z W1115 00:27:31.036760   10006 util.go:118] the server doesn't have a resource type userdefinednetworks, skipping the inspection
Test OLM installation	UNKNOWN STEP	2025-11-15T00:27:31.0370683Z Gathering data for ns/operators...
Test OLM installation	UNKNOWN STEP	2025-11-15T00:27:31.0662530Z W1115 00:27:31.066100   10006 util.go:118] the server doesn't have a resource type egressfirewalls, skipping the inspection
Test OLM installation	UNKNOWN STEP	2025-11-15T00:27:31.0678985Z W1115 00:27:31.067763   10006 util.go:118] the server doesn't have a resource type egressqoses, skipping the inspection
Test OLM installation	UNKNOWN STEP	2025-11-15T00:27:31.0973503Z W1115 00:27:31.097216   10006 util.go:118] the server doesn't have a resource type servicemonitors, skipping the inspection
Test OLM installation	UNKNOWN STEP	2025-11-15T00:27:31.0989842Z W1115 00:27:31.098762   10006 util.go:118] the server doesn't have a resource type userdefinednetworks, skipping the inspection
Test OLM installation	UNKNOWN STEP	2025-11-15T00:27:31.1110500Z Wrote inspect data to inspect.local.1238666493004769865.
Test OLM installation	UNKNOWN STEP	2025-11-15T00:27:31.1190083Z ##[group]Run actions/upload-artifact@ea165f8d65b6e75b540449e92b4886f43607fa02
Test OLM installation	UNKNOWN STEP	2025-11-15T00:27:31.1190505Z with:
Test OLM installation	UNKNOWN STEP	2025-11-15T00:27:31.1190679Z   name: oc-inspect
Test OLM installation	UNKNOWN STEP	2025-11-15T00:27:31.1190869Z   path: inspect.*
Test OLM installation	UNKNOWN STEP	2025-11-15T00:27:31.1191060Z   if-no-files-found: warn
Test OLM installation	UNKNOWN STEP	2025-11-15T00:27:31.1191273Z   compression-level: 6
Test OLM installation	UNKNOWN STEP	2025-11-15T00:27:31.1191459Z   overwrite: false
Test OLM installation	UNKNOWN STEP	2025-11-15T00:27:31.1191647Z   include-hidden-files: false
Test OLM installation	UNKNOWN STEP	2025-11-15T00:27:31.1191852Z env:
Test OLM installation	UNKNOWN STEP	2025-11-15T00:27:31.1192103Z   MAVEN_ARGS: -B -nsu -Daether.connector.http.connectionMaxTtl=25
Test OLM installation	UNKNOWN STEP	2025-11-15T00:27:31.1192611Z   MINIKUBE_VERSION: v1.37.0
Test OLM installation	UNKNOWN STEP	2025-11-15T00:27:31.1192837Z   KUBERNETES_VERSION: v1.32.9
Test OLM installation	UNKNOWN STEP	2025-11-15T00:27:31.1193042Z   MINIKUBE_MEMORY: 4096
Test OLM installation	UNKNOWN STEP	2025-11-15T00:27:31.1193508Z   JAVA_HOME: /opt/hostedtoolcache/Java_Temurin-Hotspot_jdk/21.0.9-10/x64
Test OLM installation	UNKNOWN STEP	2025-11-15T00:27:31.1194106Z   JAVA_HOME_21_X64: /opt/hostedtoolcache/Java_Temurin-Hotspot_jdk/21.0.9-10/x64
Test OLM installation	UNKNOWN STEP	2025-11-15T00:27:31.1194630Z   MINIKUBE_HOME: /home/runner/work/_temp
Test OLM installation	UNKNOWN STEP	2025-11-15T00:27:31.1194875Z ##[endgroup]
Test OLM installation	UNKNOWN STEP	2025-11-15T00:27:31.4004648Z With the provided path, there will be 173 files uploaded
Test OLM installation	UNKNOWN STEP	2025-11-15T00:27:31.4009170Z Artifact name is valid!
Test OLM installation	UNKNOWN STEP	2025-11-15T00:27:31.4010478Z Root directory input is valid!
Test OLM installation	UNKNOWN STEP	2025-11-15T00:27:31.5219090Z Beginning upload of artifact content to blob storage
Test OLM installation	UNKNOWN STEP	2025-11-15T00:27:31.9061132Z Uploaded bytes 221523
Test OLM installation	UNKNOWN STEP	2025-11-15T00:27:31.9390737Z Finished uploading artifact content to blob storage!
Test OLM installation	UNKNOWN STEP	2025-11-15T00:27:31.9393679Z SHA256 digest of uploaded artifact zip is 909084cb0ea5d326df94ceb45b8b3c30679cfd53273a048781920d7500903bf9
Test OLM installation	UNKNOWN STEP	2025-11-15T00:27:31.9395435Z Finalizing artifact upload
Test OLM installation	UNKNOWN STEP	2025-11-15T00:27:32.0347030Z Artifact oc-inspect.zip successfully finalized. Artifact ID 4574579329
Test OLM installation	UNKNOWN STEP	2025-11-15T00:27:32.0348061Z Artifact oc-inspect has been successfully uploaded! Final size is 221523 bytes. Artifact ID is 4574579329
Test OLM installation	UNKNOWN STEP	2025-11-15T00:27:32.0355193Z Artifact download URL: https://github.com/keycloak/keycloak/actions/runs/19381255099/artifacts/4574579329
Test OLM installation	UNKNOWN STEP	2025-11-15T00:27:32.0491789Z Post job cleanup.
Test OLM installation	UNKNOWN STEP	2025-11-15T00:27:32.0531604Z Post job cleanup.
Test OLM installation	UNKNOWN STEP	2025-11-15T00:27:32.2306376Z Post job cleanup.
Test OLM installation	UNKNOWN STEP	2025-11-15T00:27:32.3166471Z [command]/usr/bin/git version
Test OLM installation	UNKNOWN STEP	2025-11-15T00:27:32.3202584Z git version 2.51.2
Test OLM installation	UNKNOWN STEP	2025-11-15T00:27:32.3272633Z Temporarily overriding HOME='/home/runner/work/_temp/acd1fcef-28fc-4346-809b-f114ef86ef07' before making global git config changes
Test OLM installation	UNKNOWN STEP	2025-11-15T00:27:32.3273935Z Adding repository directory to the temporary git global config as a safe directory
Test OLM installation	UNKNOWN STEP	2025-11-15T00:27:32.3278565Z [command]/usr/bin/git config --global --add safe.directory /home/runner/work/keycloak/keycloak
Test OLM installation	UNKNOWN STEP	2025-11-15T00:27:32.3313384Z [command]/usr/bin/git config --local --name-only --get-regexp core\.sshCommand
Test OLM installation	UNKNOWN STEP	2025-11-15T00:27:32.3346916Z [command]/usr/bin/git submodule foreach --recursive sh -c "git config --local --name-only --get-regexp 'core\.sshCommand' && git config --local --unset-all 'core.sshCommand' || :"
Test OLM installation	UNKNOWN STEP	2025-11-15T00:27:32.3600705Z [command]/usr/bin/git config --local --name-only --get-regexp http\.https\:\/\/github\.com\/\.extraheader
Test OLM installation	UNKNOWN STEP	2025-11-15T00:27:32.3622355Z http.https://github.com/.extraheader
Test OLM installation	UNKNOWN STEP	2025-11-15T00:27:32.3633493Z [command]/usr/bin/git config --local --unset-all http.https://github.com/.extraheader
Test OLM installation	UNKNOWN STEP	2025-11-15T00:27:32.3664745Z [command]/usr/bin/git submodule foreach --recursive sh -c "git config --local --name-only --get-regexp 'http\.https\:\/\/github\.com\/\.extraheader' && git config --local --unset-all 'http.https://github.com/.extraheader' || :"
Test OLM installation	UNKNOWN STEP	2025-11-15T00:27:32.4014443Z Cleaning up orphan processes
Status Check - Keycloak Operator CI	UNKNOWN STEP	ï»¿2025-11-15T00:52:39.2906804Z Current runner version: '2.329.0'
Status Check - Keycloak Operator CI	UNKNOWN STEP	2025-11-15T00:52:39.2930412Z ##[group]Runner Image Provisioner
Status Check - Keycloak Operator CI	UNKNOWN STEP	2025-11-15T00:52:39.2931210Z Hosted Compute Agent
Status Check - Keycloak Operator CI	UNKNOWN STEP	2025-11-15T00:52:39.2931798Z Version: 20251016.436
Status Check - Keycloak Operator CI	UNKNOWN STEP	2025-11-15T00:52:39.2932441Z Commit: 8ab8ac8bfd662a3739dab9fe09456aba92132568
Status Check - Keycloak Operator CI	UNKNOWN STEP	2025-11-15T00:52:39.2933157Z Build Date: 2025-10-15T20:44:12Z
Status Check - Keycloak Operator CI	UNKNOWN STEP	2025-11-15T00:52:39.2933796Z ##[endgroup]
Status Check - Keycloak Operator CI	UNKNOWN STEP	2025-11-15T00:52:39.2934529Z ##[group]Operating System
Status Check - Keycloak Operator CI	UNKNOWN STEP	2025-11-15T00:52:39.2935065Z Ubuntu
Status Check - Keycloak Operator CI	UNKNOWN STEP	2025-11-15T00:52:39.2935591Z 24.04.3
Status Check - Keycloak Operator CI	UNKNOWN STEP	2025-11-15T00:52:39.2936044Z LTS
Status Check - Keycloak Operator CI	UNKNOWN STEP	2025-11-15T00:52:39.2936504Z ##[endgroup]
Status Check - Keycloak Operator CI	UNKNOWN STEP	2025-11-15T00:52:39.2936941Z ##[group]Runner Image
Status Check - Keycloak Operator CI	UNKNOWN STEP	2025-11-15T00:52:39.2937578Z Image: ubuntu-24.04
Status Check - Keycloak Operator CI	UNKNOWN STEP	2025-11-15T00:52:39.2938084Z Version: 20251112.124.1
Status Check - Keycloak Operator CI	UNKNOWN STEP	2025-11-15T00:52:39.2939053Z Included Software: https://github.com/actions/runner-images/blob/ubuntu24/20251112.124/images/ubuntu/Ubuntu2404-Readme.md
Status Check - Keycloak Operator CI	UNKNOWN STEP	2025-11-15T00:52:39.2940629Z Image Release: https://github.com/actions/runner-images/releases/tag/ubuntu24%2F20251112.124
Status Check - Keycloak Operator CI	UNKNOWN STEP	2025-11-15T00:52:39.2941720Z ##[endgroup]
Status Check - Keycloak Operator CI	UNKNOWN STEP	2025-11-15T00:52:39.2942695Z ##[group]GITHUB_TOKEN Permissions
Status Check - Keycloak Operator CI	UNKNOWN STEP	2025-11-15T00:52:39.2944933Z Contents: read
Status Check - Keycloak Operator CI	UNKNOWN STEP	2025-11-15T00:52:39.2945576Z Metadata: read
Status Check - Keycloak Operator CI	UNKNOWN STEP	2025-11-15T00:52:39.2946087Z ##[endgroup]
Status Check - Keycloak Operator CI	UNKNOWN STEP	2025-11-15T00:52:39.2948105Z Secret source: Actions
Status Check - Keycloak Operator CI	UNKNOWN STEP	2025-11-15T00:52:39.2948889Z Prepare workflow directory
Status Check - Keycloak Operator CI	UNKNOWN STEP	2025-11-15T00:52:39.3481352Z Prepare all required actions
Status Check - Keycloak Operator CI	UNKNOWN STEP	2025-11-15T00:52:39.3528313Z Getting action download info
Status Check - Keycloak Operator CI	UNKNOWN STEP	2025-11-15T00:52:39.7709915Z Download action repository 'actions/checkout@08c6903cd8c0fde910a37f88322edcfb5dd907a8' (SHA:08c6903cd8c0fde910a37f88322edcfb5dd907a8)
Status Check - Keycloak Operator CI	UNKNOWN STEP	2025-11-15T00:52:39.9638799Z Complete job name: Status Check - Keycloak Operator CI
Status Check - Keycloak Operator CI	UNKNOWN STEP	2025-11-15T00:52:40.0397312Z ##[group]Run actions/checkout@08c6903cd8c0fde910a37f88322edcfb5dd907a8
Status Check - Keycloak Operator CI	UNKNOWN STEP	2025-11-15T00:52:40.0398316Z with:
Status Check - Keycloak Operator CI	UNKNOWN STEP	2025-11-15T00:52:40.0398716Z   repository: keycloak/keycloak
Status Check - Keycloak Operator CI	UNKNOWN STEP	2025-11-15T00:52:40.0399347Z   token: ***
Status Check - Keycloak Operator CI	UNKNOWN STEP	2025-11-15T00:52:40.0399737Z   ssh-strict: true
Status Check - Keycloak Operator CI	UNKNOWN STEP	2025-11-15T00:52:40.0400140Z   ssh-user: git
Status Check - Keycloak Operator CI	UNKNOWN STEP	2025-11-15T00:52:40.0400577Z   persist-credentials: true
Status Check - Keycloak Operator CI	UNKNOWN STEP	2025-11-15T00:52:40.0401041Z   clean: true
Status Check - Keycloak Operator CI	UNKNOWN STEP	2025-11-15T00:52:40.0401455Z   sparse-checkout-cone-mode: true
Status Check - Keycloak Operator CI	UNKNOWN STEP	2025-11-15T00:52:40.0401960Z   fetch-depth: 1
Status Check - Keycloak Operator CI	UNKNOWN STEP	2025-11-15T00:52:40.0402362Z   fetch-tags: false
Status Check - Keycloak Operator CI	UNKNOWN STEP	2025-11-15T00:52:40.0402769Z   show-progress: true
Status Check - Keycloak Operator CI	UNKNOWN STEP	2025-11-15T00:52:40.0403179Z   lfs: false
Status Check - Keycloak Operator CI	UNKNOWN STEP	2025-11-15T00:52:40.0403563Z   submodules: false
Status Check - Keycloak Operator CI	UNKNOWN STEP	2025-11-15T00:52:40.0404126Z   set-safe-directory: true
Status Check - Keycloak Operator CI	UNKNOWN STEP	2025-11-15T00:52:40.0404793Z env:
Status Check - Keycloak Operator CI	UNKNOWN STEP	2025-11-15T00:52:40.0405335Z   MAVEN_ARGS: -B -nsu -Daether.connector.http.connectionMaxTtl=25
Status Check - Keycloak Operator CI	UNKNOWN STEP	2025-11-15T00:52:40.0406002Z   MINIKUBE_VERSION: v1.37.0
Status Check - Keycloak Operator CI	UNKNOWN STEP	2025-11-15T00:52:40.0406493Z   KUBERNETES_VERSION: v1.32.9
Status Check - Keycloak Operator CI	UNKNOWN STEP	2025-11-15T00:52:40.0406964Z   MINIKUBE_MEMORY: 4096
Status Check - Keycloak Operator CI	UNKNOWN STEP	2025-11-15T00:52:40.0407378Z ##[endgroup]
Status Check - Keycloak Operator CI	UNKNOWN STEP	2025-11-15T00:52:40.1306533Z Syncing repository: keycloak/keycloak
Status Check - Keycloak Operator CI	UNKNOWN STEP	2025-11-15T00:52:40.1308335Z ##[group]Getting Git version info
Status Check - Keycloak Operator CI	UNKNOWN STEP	2025-11-15T00:52:40.1309049Z Working directory is '/home/runner/work/keycloak/keycloak'
Status Check - Keycloak Operator CI	UNKNOWN STEP	2025-11-15T00:52:40.1310109Z [command]/usr/bin/git version
Status Check - Keycloak Operator CI	UNKNOWN STEP	2025-11-15T00:52:40.1425866Z git version 2.51.2
Status Check - Keycloak Operator CI	UNKNOWN STEP	2025-11-15T00:52:40.1478711Z ##[endgroup]
Status Check - Keycloak Operator CI	UNKNOWN STEP	2025-11-15T00:52:40.1494510Z Temporarily overriding HOME='/home/runner/work/_temp/632b1f2f-735e-470f-9b27-8ca53760f092' before making global git config changes
Status Check - Keycloak Operator CI	UNKNOWN STEP	2025-11-15T00:52:40.1497002Z Adding repository directory to the temporary git global config as a safe directory
Status Check - Keycloak Operator CI	UNKNOWN STEP	2025-11-15T00:52:40.1500416Z [command]/usr/bin/git config --global --add safe.directory /home/runner/work/keycloak/keycloak
Status Check - Keycloak Operator CI	UNKNOWN STEP	2025-11-15T00:52:40.1541458Z Deleting the contents of '/home/runner/work/keycloak/keycloak'
Status Check - Keycloak Operator CI	UNKNOWN STEP	2025-11-15T00:52:40.1545550Z ##[group]Initializing the repository
Status Check - Keycloak Operator CI	UNKNOWN STEP	2025-11-15T00:52:40.1550032Z [command]/usr/bin/git init /home/runner/work/keycloak/keycloak
Status Check - Keycloak Operator CI	UNKNOWN STEP	2025-11-15T00:52:40.1721402Z hint: Using 'master' as the name for the initial branch. This default branch name
Status Check - Keycloak Operator CI	UNKNOWN STEP	2025-11-15T00:52:40.1722849Z hint: is subject to change. To configure the initial branch name to use in all
Status Check - Keycloak Operator CI	UNKNOWN STEP	2025-11-15T00:52:40.1724332Z hint: of your new repositories, which will suppress this warning, call:
Status Check - Keycloak Operator CI	UNKNOWN STEP	2025-11-15T00:52:40.1725047Z hint:
Status Check - Keycloak Operator CI	UNKNOWN STEP	2025-11-15T00:52:40.1725537Z hint: 	git config --global init.defaultBranch <name>
Status Check - Keycloak Operator CI	UNKNOWN STEP	2025-11-15T00:52:40.1726134Z hint:
Status Check - Keycloak Operator CI	UNKNOWN STEP	2025-11-15T00:52:40.1727052Z hint: Names commonly chosen instead of 'master' are 'main', 'trunk' and
Status Check - Keycloak Operator CI	UNKNOWN STEP	2025-11-15T00:52:40.1728198Z hint: 'development'. The just-created branch can be renamed via this command:
Status Check - Keycloak Operator CI	UNKNOWN STEP	2025-11-15T00:52:40.1729404Z hint:
Status Check - Keycloak Operator CI	UNKNOWN STEP	2025-11-15T00:52:40.1730128Z hint: 	git branch -m <name>
Status Check - Keycloak Operator CI	UNKNOWN STEP	2025-11-15T00:52:40.1730954Z hint:
Status Check - Keycloak Operator CI	UNKNOWN STEP	2025-11-15T00:52:40.1732034Z hint: Disable this message with "git config set advice.defaultBranchName false"
Status Check - Keycloak Operator CI	UNKNOWN STEP	2025-11-15T00:52:40.1733856Z Initialized empty Git repository in /home/runner/work/keycloak/keycloak/.git/
Status Check - Keycloak Operator CI	UNKNOWN STEP	2025-11-15T00:52:40.1740213Z [command]/usr/bin/git remote add origin https://github.com/keycloak/keycloak
Status Check - Keycloak Operator CI	UNKNOWN STEP	2025-11-15T00:52:40.1777031Z ##[endgroup]
Status Check - Keycloak Operator CI	UNKNOWN STEP	2025-11-15T00:52:40.1777772Z ##[group]Disabling automatic garbage collection
Status Check - Keycloak Operator CI	UNKNOWN STEP	2025-11-15T00:52:40.1780367Z [command]/usr/bin/git config --local gc.auto 0
Status Check - Keycloak Operator CI	UNKNOWN STEP	2025-11-15T00:52:40.1806619Z ##[endgroup]
Status Check - Keycloak Operator CI	UNKNOWN STEP	2025-11-15T00:52:40.1812968Z ##[group]Setting up auth
Status Check - Keycloak Operator CI	UNKNOWN STEP	2025-11-15T00:52:40.1813694Z [command]/usr/bin/git config --local --name-only --get-regexp core\.sshCommand
Status Check - Keycloak Operator CI	UNKNOWN STEP	2025-11-15T00:52:40.1842427Z [command]/usr/bin/git submodule foreach --recursive sh -c "git config --local --name-only --get-regexp 'core\.sshCommand' && git config --local --unset-all 'core.sshCommand' || :"
Status Check - Keycloak Operator CI	UNKNOWN STEP	2025-11-15T00:52:40.2260790Z [command]/usr/bin/git config --local --name-only --get-regexp http\.https\:\/\/github\.com\/\.extraheader
Status Check - Keycloak Operator CI	UNKNOWN STEP	2025-11-15T00:52:40.2290304Z [command]/usr/bin/git submodule foreach --recursive sh -c "git config --local --name-only --get-regexp 'http\.https\:\/\/github\.com\/\.extraheader' && git config --local --unset-all 'http.https://github.com/.extraheader' || :"
Status Check - Keycloak Operator CI	UNKNOWN STEP	2025-11-15T00:52:40.2509298Z [command]/usr/bin/git config --local http.https://github.com/.extraheader AUTHORIZATION: basic ***
Status Check - Keycloak Operator CI	UNKNOWN STEP	2025-11-15T00:52:40.2544152Z ##[endgroup]
Status Check - Keycloak Operator CI	UNKNOWN STEP	2025-11-15T00:52:40.2552641Z ##[group]Fetching the repository
Status Check - Keycloak Operator CI	UNKNOWN STEP	2025-11-15T00:52:40.2555378Z [command]/usr/bin/git -c protocol.version=2 fetch --no-tags --prune --no-recurse-submodules --depth=1 origin +6260622f2e7dc7e0a9b7964075e58b663f9227b4:refs/remotes/origin/main
Status Check - Keycloak Operator CI	UNKNOWN STEP	2025-11-15T00:52:43.6505815Z From https://github.com/keycloak/keycloak
Status Check - Keycloak Operator CI	UNKNOWN STEP	2025-11-15T00:52:43.6507333Z  * [new ref]         6260622f2e7dc7e0a9b7964075e58b663f9227b4 -> origin/main
Status Check - Keycloak Operator CI	UNKNOWN STEP	2025-11-15T00:52:43.6542544Z ##[endgroup]
Status Check - Keycloak Operator CI	UNKNOWN STEP	2025-11-15T00:52:43.6544629Z ##[group]Determining the checkout info
Status Check - Keycloak Operator CI	UNKNOWN STEP	2025-11-15T00:52:43.6546720Z ##[endgroup]
Status Check - Keycloak Operator CI	UNKNOWN STEP	2025-11-15T00:52:43.6551548Z [command]/usr/bin/git sparse-checkout disable
Status Check - Keycloak Operator CI	UNKNOWN STEP	2025-11-15T00:52:43.6596440Z [command]/usr/bin/git config --local --unset-all extensions.worktreeConfig
Status Check - Keycloak Operator CI	UNKNOWN STEP	2025-11-15T00:52:43.6622190Z ##[group]Checking out the ref
Status Check - Keycloak Operator CI	UNKNOWN STEP	2025-11-15T00:52:43.6625834Z [command]/usr/bin/git checkout --progress --force -B main refs/remotes/origin/main
Status Check - Keycloak Operator CI	UNKNOWN STEP	2025-11-15T00:52:44.4988941Z Switched to a new branch 'main'
Status Check - Keycloak Operator CI	UNKNOWN STEP	2025-11-15T00:52:44.4990024Z branch 'main' set up to track 'origin/main'.
Status Check - Keycloak Operator CI	UNKNOWN STEP	2025-11-15T00:52:44.5023869Z ##[endgroup]
Status Check - Keycloak Operator CI	UNKNOWN STEP	2025-11-15T00:52:44.5062676Z [command]/usr/bin/git log -1 --format=%H
Status Check - Keycloak Operator CI	UNKNOWN STEP	2025-11-15T00:52:44.5086004Z 6260622f2e7dc7e0a9b7964075e58b663f9227b4
Status Check - Keycloak Operator CI	UNKNOWN STEP	2025-11-15T00:52:44.5312115Z Prepare all required actions
Status Check - Keycloak Operator CI	UNKNOWN STEP	2025-11-15T00:52:44.5375416Z ##[group]Run ./.github/actions/status-check
Status Check - Keycloak Operator CI	UNKNOWN STEP	2025-11-15T00:52:44.5375744Z with:
Status Check - Keycloak Operator CI	UNKNOWN STEP	2025-11-15T00:52:44.5376593Z   jobs: {
Status Check - Keycloak Operator CI	UNKNOWN STEP	  "conditional": {
Status Check - Keycloak Operator CI	UNKNOWN STEP	    "result": "success",
Status Check - Keycloak Operator CI	UNKNOWN STEP	    "outputs": {
Status Check - Keycloak Operator CI	UNKNOWN STEP	      "operator": "true"
Status Check - Keycloak Operator CI	UNKNOWN STEP	    }
Status Check - Keycloak Operator CI	UNKNOWN STEP	  },
Status Check - Keycloak Operator CI	UNKNOWN STEP	  "build": {
Status Check - Keycloak Operator CI	UNKNOWN STEP	    "result": "success",
Status Check - Keycloak Operator CI	UNKNOWN STEP	    "outputs": {}
Status Check - Keycloak Operator CI	UNKNOWN STEP	  },
Status Check - Keycloak Operator CI	UNKNOWN STEP	  "test-local-apiserver": {
Status Check - Keycloak Operator CI	UNKNOWN STEP	    "result": "success",
Status Check - Keycloak Operator CI	UNKNOWN STEP	    "outputs": {}
Status Check - Keycloak Operator CI	UNKNOWN STEP	  },
Status Check - Keycloak Operator CI	UNKNOWN STEP	  "test-remote": {
Status Check - Keycloak Operator CI	UNKNOWN STEP	    "result": "success",
Status Check - Keycloak Operator CI	UNKNOWN STEP	    "outputs": {}
Status Check - Keycloak Operator CI	UNKNOWN STEP	  },
Status Check - Keycloak Operator CI	UNKNOWN STEP	  "test-olm": {
Status Check - Keycloak Operator CI	UNKNOWN STEP	    "result": "failure",
Status Check - Keycloak Operator CI	UNKNOWN STEP	    "outputs": {}
Status Check - Keycloak Operator CI	UNKNOWN STEP	  }
Status Check - Keycloak Operator CI	UNKNOWN STEP	}
Status Check - Keycloak Operator CI	UNKNOWN STEP	2025-11-15T00:52:44.5377472Z env:
Status Check - Keycloak Operator CI	UNKNOWN STEP	2025-11-15T00:52:44.5377776Z   MAVEN_ARGS: -B -nsu -Daether.connector.http.connectionMaxTtl=25
Status Check - Keycloak Operator CI	UNKNOWN STEP	2025-11-15T00:52:44.5378153Z   MINIKUBE_VERSION: v1.37.0
Status Check - Keycloak Operator CI	UNKNOWN STEP	2025-11-15T00:52:44.5378633Z   KUBERNETES_VERSION: v1.32.9
Status Check - Keycloak Operator CI	UNKNOWN STEP	2025-11-15T00:52:44.5378903Z   MINIKUBE_MEMORY: 4096
Status Check - Keycloak Operator CI	UNKNOWN STEP	2025-11-15T00:52:44.5379126Z ##[endgroup]
Status Check - Keycloak Operator CI	UNKNOWN STEP	2025-11-15T00:52:44.5472086Z ##[group]Run JOBS='{
Status Check - Keycloak Operator CI	UNKNOWN STEP	2025-11-15T00:52:44.5472423Z [36;1mJOBS='{[0m
Status Check - Keycloak Operator CI	UNKNOWN STEP	2025-11-15T00:52:44.5472715Z [36;1m  "conditional": {[0m
Status Check - Keycloak Operator CI	UNKNOWN STEP	2025-11-15T00:52:44.5472986Z [36;1m    "result": "success",[0m
Status Check - Keycloak Operator CI	UNKNOWN STEP	2025-11-15T00:52:44.5473270Z [36;1m    "outputs": {[0m
Status Check - Keycloak Operator CI	UNKNOWN STEP	2025-11-15T00:52:44.5473529Z [36;1m      "operator": "true"[0m
Status Check - Keycloak Operator CI	UNKNOWN STEP	2025-11-15T00:52:44.5473809Z [36;1m    }[0m
Status Check - Keycloak Operator CI	UNKNOWN STEP	2025-11-15T00:52:44.5474295Z [36;1m  },[0m
Status Check - Keycloak Operator CI	UNKNOWN STEP	2025-11-15T00:52:44.5474523Z [36;1m  "build": {[0m
Status Check - Keycloak Operator CI	UNKNOWN STEP	2025-11-15T00:52:44.5474756Z [36;1m    "result": "success",[0m
Status Check - Keycloak Operator CI	UNKNOWN STEP	2025-11-15T00:52:44.5475015Z [36;1m    "outputs": {}[0m
Status Check - Keycloak Operator CI	UNKNOWN STEP	2025-11-15T00:52:44.5475257Z [36;1m  },[0m
Status Check - Keycloak Operator CI	UNKNOWN STEP	2025-11-15T00:52:44.5475487Z [36;1m  "test-local-apiserver": {[0m
Status Check - Keycloak Operator CI	UNKNOWN STEP	2025-11-15T00:52:44.5475791Z [36;1m    "result": "success",[0m
Status Check - Keycloak Operator CI	UNKNOWN STEP	2025-11-15T00:52:44.5476055Z [36;1m    "outputs": {}[0m
Status Check - Keycloak Operator CI	UNKNOWN STEP	2025-11-15T00:52:44.5476291Z [36;1m  },[0m
Status Check - Keycloak Operator CI	UNKNOWN STEP	2025-11-15T00:52:44.5476515Z [36;1m  "test-remote": {[0m
Status Check - Keycloak Operator CI	UNKNOWN STEP	2025-11-15T00:52:44.5476767Z [36;1m    "result": "success",[0m
Status Check - Keycloak Operator CI	UNKNOWN STEP	2025-11-15T00:52:44.5477020Z [36;1m    "outputs": {}[0m
Status Check - Keycloak Operator CI	UNKNOWN STEP	2025-11-15T00:52:44.5477243Z [36;1m  },[0m
Status Check - Keycloak Operator CI	UNKNOWN STEP	2025-11-15T00:52:44.5477459Z [36;1m  "test-olm": {[0m
Status Check - Keycloak Operator CI	UNKNOWN STEP	2025-11-15T00:52:44.5477691Z [36;1m    "result": "failure",[0m
Status Check - Keycloak Operator CI	UNKNOWN STEP	2025-11-15T00:52:44.5477943Z [36;1m    "outputs": {}[0m
Status Check - Keycloak Operator CI	UNKNOWN STEP	2025-11-15T00:52:44.5478167Z [36;1m  }[0m
Status Check - Keycloak Operator CI	UNKNOWN STEP	2025-11-15T00:52:44.5478363Z [36;1m}'[0m
Status Check - Keycloak Operator CI	UNKNOWN STEP	2025-11-15T00:52:44.5478562Z [36;1m[0m
Status Check - Keycloak Operator CI	UNKNOWN STEP	2025-11-15T00:52:44.5478766Z [36;1mecho "Job status:"[0m
Status Check - Keycloak Operator CI	UNKNOWN STEP	2025-11-15T00:52:44.5479116Z [36;1mecho $JOBS | jq -r 'to_entries[] | " - \(.key): \(.value.result)"'[0m
Status Check - Keycloak Operator CI	UNKNOWN STEP	2025-11-15T00:52:44.5479459Z [36;1m[0m
Status Check - Keycloak Operator CI	UNKNOWN STEP	2025-11-15T00:52:44.5479742Z [36;1mfor i in $(echo $JOBS | jq -r 'to_entries[] | .value.result'); do[0m
Status Check - Keycloak Operator CI	UNKNOWN STEP	2025-11-15T00:52:44.5480131Z [36;1m  if [ "$i" != "success" ] && [ "$i" != "skipped" ]; then[0m
Status Check - Keycloak Operator CI	UNKNOWN STEP	2025-11-15T00:52:44.5480432Z [36;1m    echo ""[0m
Status Check - Keycloak Operator CI	UNKNOWN STEP	2025-11-15T00:52:44.5480677Z [36;1m    echo "Status check not okay!"[0m
Status Check - Keycloak Operator CI	UNKNOWN STEP	2025-11-15T00:52:44.5480952Z [36;1m    exit 1[0m
Status Check - Keycloak Operator CI	UNKNOWN STEP	2025-11-15T00:52:44.5481157Z [36;1m  fi[0m
Status Check - Keycloak Operator CI	UNKNOWN STEP	2025-11-15T00:52:44.5481360Z [36;1mdone[0m
Status Check - Keycloak Operator CI	UNKNOWN STEP	2025-11-15T00:52:44.5518079Z shell: /usr/bin/bash --noprofile --norc -e -o pipefail {0}
Status Check - Keycloak Operator CI	UNKNOWN STEP	2025-11-15T00:52:44.5518451Z env:
Status Check - Keycloak Operator CI	UNKNOWN STEP	2025-11-15T00:52:44.5518753Z   MAVEN_ARGS: -B -nsu -Daether.connector.http.connectionMaxTtl=25
Status Check - Keycloak Operator CI	UNKNOWN STEP	2025-11-15T00:52:44.5519130Z   MINIKUBE_VERSION: v1.37.0
Status Check - Keycloak Operator CI	UNKNOWN STEP	2025-11-15T00:52:44.5519386Z   KUBERNETES_VERSION: v1.32.9
Status Check - Keycloak Operator CI	UNKNOWN STEP	2025-11-15T00:52:44.5519640Z   MINIKUBE_MEMORY: 4096
Status Check - Keycloak Operator CI	UNKNOWN STEP	2025-11-15T00:52:44.5519862Z ##[endgroup]
Status Check - Keycloak Operator CI	UNKNOWN STEP	2025-11-15T00:52:44.5590194Z Job status:
Status Check - Keycloak Operator CI	UNKNOWN STEP	2025-11-15T00:52:44.5716000Z  - conditional: success
Status Check - Keycloak Operator CI	UNKNOWN STEP	2025-11-15T00:52:44.5716357Z  - build: success
Status Check - Keycloak Operator CI	UNKNOWN STEP	2025-11-15T00:52:44.5716632Z  - test-local-apiserver: success
Status Check - Keycloak Operator CI	UNKNOWN STEP	2025-11-15T00:52:44.5716918Z  - test-remote: success
Status Check - Keycloak Operator CI	UNKNOWN STEP	2025-11-15T00:52:44.5717157Z  - test-olm: failure
Status Check - Keycloak Operator CI	UNKNOWN STEP	2025-11-15T00:52:44.5749521Z 
Status Check - Keycloak Operator CI	UNKNOWN STEP	2025-11-15T00:52:44.5749862Z Status check not okay!
Status Check - Keycloak Operator CI	UNKNOWN STEP	2025-11-15T00:52:44.5762245Z ##[error]Process completed with exit code 1.
Status Check - Keycloak Operator CI	UNKNOWN STEP	2025-11-15T00:52:44.5880660Z Post job cleanup.
Status Check - Keycloak Operator CI	UNKNOWN STEP	2025-11-15T00:52:44.6637729Z [command]/usr/bin/git version
Status Check - Keycloak Operator CI	UNKNOWN STEP	2025-11-15T00:52:44.6705012Z git version 2.51.2
Status Check - Keycloak Operator CI	UNKNOWN STEP	2025-11-15T00:52:44.6741679Z Temporarily overriding HOME='/home/runner/work/_temp/4f4a3ad0-6146-4437-b9ba-23d3fafa8052' before making global git config changes
Status Check - Keycloak Operator CI	UNKNOWN STEP	2025-11-15T00:52:44.6742537Z Adding repository directory to the temporary git global config as a safe directory
Status Check - Keycloak Operator CI	UNKNOWN STEP	2025-11-15T00:52:44.6747572Z [command]/usr/bin/git config --global --add safe.directory /home/runner/work/keycloak/keycloak
Status Check - Keycloak Operator CI	UNKNOWN STEP	2025-11-15T00:52:44.6783951Z [command]/usr/bin/git config --local --name-only --get-regexp core\.sshCommand
Status Check - Keycloak Operator CI	UNKNOWN STEP	2025-11-15T00:52:44.6815210Z [command]/usr/bin/git submodule foreach --recursive sh -c "git config --local --name-only --get-regexp 'core\.sshCommand' && git config --local --unset-all 'core.sshCommand' || :"
Status Check - Keycloak Operator CI	UNKNOWN STEP	2025-11-15T00:52:44.7059980Z [command]/usr/bin/git config --local --name-only --get-regexp http\.https\:\/\/github\.com\/\.extraheader
Status Check - Keycloak Operator CI	UNKNOWN STEP	2025-11-15T00:52:44.7083903Z http.https://github.com/.extraheader
Status Check - Keycloak Operator CI	UNKNOWN STEP	2025-11-15T00:52:44.7093744Z [command]/usr/bin/git config --local --unset-all http.https://github.com/.extraheader
Status Check - Keycloak Operator CI	UNKNOWN STEP	2025-11-15T00:52:44.7122988Z [command]/usr/bin/git submodule foreach --recursive sh -c "git config --local --name-only --get-regexp 'http\.https\:\/\/github\.com\/\.extraheader' && git config --local --unset-all 'http.https://github.com/.extraheader' || :"
Status Check - Keycloak Operator CI	UNKNOWN STEP	2025-11-15T00:52:44.7468868Z Cleaning up orphan processes
