Store IT (aurora-postgres)	Run Aurora tests on EC2	2024-02-18T00:39:18.3946017Z ##[group]Run PROPS="-Dauth.server.db.host=gh-action-1f57fc1.cluster-ctdxeb4izrnc.us-east-1.rds.amazonaws.com"
Store IT (aurora-postgres)	Run Aurora tests on EC2	2024-02-18T00:39:18.3947316Z [36;1mPROPS="-Dauth.server.db.host=gh-action-1f57fc1.cluster-ctdxeb4izrnc.us-east-1.rds.amazonaws.com"[0m
Store IT (aurora-postgres)	Run Aurora tests on EC2	2024-02-18T00:39:18.3948503Z [36;1mPROPS+=" -Dkeycloak.connectionsJpa.***"[0m
Store IT (aurora-postgres)	Run Aurora tests on EC2	2024-02-18T00:39:18.3949025Z [36;1m[0m
Store IT (aurora-postgres)	Run Aurora tests on EC2	2024-02-18T00:39:18.3949361Z [36;1mREGION=us-east-1[0m
Store IT (aurora-postgres)	Run Aurora tests on EC2	2024-02-18T00:39:18.3949800Z [36;1m[0m
Store IT (aurora-postgres)	Run Aurora tests on EC2	2024-02-18T00:39:18.3950491Z [36;1mcurl --fail-with-body https://truststore.pki.rds.amazonaws.com/${REGION}/${REGION}-bundle.pem -o aws.pem[0m
Store IT (aurora-postgres)	Run Aurora tests on EC2	2024-02-18T00:39:18.3951605Z [36;1mPROPS+=" -Dkeycloak.connectionsJpa.jdbcParameters=\"?ssl=true&sslmode=verify-ca&sslrootcert=/opt/keycloak/aws.pem\""[0m
Store IT (aurora-postgres)	Run Aurora tests on EC2	2024-02-18T00:39:18.3952447Z [36;1m[0m
Store IT (aurora-postgres)	Run Aurora tests on EC2	2024-02-18T00:39:18.3953017Z [36;1mTESTS=`testsuite/integration-arquillian/tests/base/testsuites/suite.sh database`[0m
Store IT (aurora-postgres)	Run Aurora tests on EC2	2024-02-18T00:39:18.3953710Z [36;1mecho "Tests: $TESTS"[0m
Store IT (aurora-postgres)	Run Aurora tests on EC2	2024-02-18T00:39:18.3954171Z [36;1m[0m
Store IT (aurora-postgres)	Run Aurora tests on EC2	2024-02-18T00:39:18.3954740Z [36;1mgit archive --format=zip --output /tmp/keycloak.zip $GITHUB_REF[0m
Store IT (aurora-postgres)	Run Aurora tests on EC2	2024-02-18T00:39:18.3955420Z [36;1mzip -u /tmp/keycloak.zip aws.pem[0m
Store IT (aurora-postgres)	Run Aurora tests on EC2	2024-02-18T00:39:18.3955816Z [36;1m[0m
Store IT (aurora-postgres)	Run Aurora tests on EC2	2024-02-18T00:39:18.3956149Z [36;1mcd .github/scripts/ansible[0m
Store IT (aurora-postgres)	Run Aurora tests on EC2	2024-02-18T00:39:18.3956781Z [36;1mexport CLUSTER_NAME=keycloak_$(git rev-parse --short HEAD)[0m
Store IT (aurora-postgres)	Run Aurora tests on EC2	2024-02-18T00:39:18.3957417Z [36;1mecho "ec2_cluster=${CLUSTER_NAME}" >> $GITHUB_OUTPUT[0m
Store IT (aurora-postgres)	Run Aurora tests on EC2	2024-02-18T00:39:18.3958019Z [36;1m./aws_ec2.sh requirements[0m
Store IT (aurora-postgres)	Run Aurora tests on EC2	2024-02-18T00:39:18.3958456Z [36;1m./aws_ec2.sh create ${REGION}[0m
Store IT (aurora-postgres)	Run Aurora tests on EC2	2024-02-18T00:39:18.3959000Z [36;1m./keycloak_ec2_installer.sh ${REGION} /tmp/keycloak.zip[0m
Store IT (aurora-postgres)	Run Aurora tests on EC2	2024-02-18T00:39:18.3959804Z [36;1m./mvn_ec2_runner.sh ${REGION} "clean install -B -DskipTests -Pdistribution"[0m
Store IT (aurora-postgres)	Run Aurora tests on EC2	2024-02-18T00:39:18.3961006Z [36;1m./mvn_ec2_runner.sh ${REGION} "clean install -B -DskipTests -pl testsuite/integration-arquillian/servers/auth-server/quarkus -Pauth-server-quarkus -Dmaven.build.cache.enabled=true"[0m
Store IT (aurora-postgres)	Run Aurora tests on EC2	2024-02-18T00:39:18.3962881Z [36;1m./mvn_ec2_runner.sh ${REGION} "test -B -Dsurefire.rerunFailingTestsCount=2 -Pauth-server-quarkus -Pdb-aurora-postgres $PROPS -Dtest=$TESTS -pl testsuite/integration-arquillian/tests/base 2>&1 | misc/log/trimmer.sh"[0m
Store IT (aurora-postgres)	Run Aurora tests on EC2	2024-02-18T00:39:18.3964109Z [36;1m[0m
Store IT (aurora-postgres)	Run Aurora tests on EC2	2024-02-18T00:39:18.3964658Z [36;1m# Copy returned surefire-report directories to workspace root to ensure they're discovered[0m
Store IT (aurora-postgres)	Run Aurora tests on EC2	2024-02-18T00:39:18.3965382Z [36;1mresults=(files/keycloak/results/*)[0m
Store IT (aurora-postgres)	Run Aurora tests on EC2	2024-02-18T00:39:18.3965905Z [36;1mrsync -a $results/* ../../../[0m
Store IT (aurora-postgres)	Run Aurora tests on EC2	2024-02-18T00:39:18.3966328Z [36;1mrm -rf $results[0m
Store IT (aurora-postgres)	Run Aurora tests on EC2	2024-02-18T00:39:18.3994278Z shell: /usr/bin/bash --noprofile --norc -e -o pipefail {0}
Store IT (aurora-postgres)	Run Aurora tests on EC2	2024-02-18T00:39:18.3994918Z env:
Store IT (aurora-postgres)	Run Aurora tests on EC2	2024-02-18T00:39:18.3995381Z   MAVEN_ARGS: -B -nsu -Daether.connector.http.connectionMaxTtl=25
Store IT (aurora-postgres)	Run Aurora tests on EC2	2024-02-18T00:39:18.3995927Z   SUREFIRE_RERUN_FAILING_COUNT: 2
Store IT (aurora-postgres)	Run Aurora tests on EC2	2024-02-18T00:39:18.3996505Z   SUREFIRE_RETRY: -Dsurefire.rerunFailingTestsCount=2
Store IT (aurora-postgres)	Run Aurora tests on EC2	2024-02-18T00:39:18.3996998Z ##[endgroup]
Store IT (aurora-postgres)	Run Aurora tests on EC2	2024-02-18T00:39:18.4116138Z   % Total    % Received % Xferd  Average Speed   Time    Time     Time  Current
Store IT (aurora-postgres)	Run Aurora tests on EC2	2024-02-18T00:39:18.4117215Z                                  Dload  Upload   Total   Spent    Left  Speed
Store IT (aurora-postgres)	Run Aurora tests on EC2	2024-02-18T00:39:18.4117821Z 
Store IT (aurora-postgres)	Run Aurora tests on EC2	2024-02-18T00:39:18.5182111Z   0     0    0     0    0     0      0      0 --:--:-- --:--:-- --:--:--     0
Store IT (aurora-postgres)	Run Aurora tests on EC2	2024-02-18T00:39:18.5183352Z 100  7488  100  7488    0     0  70207      0 --:--:-- --:--:-- --:--:-- 70641
Store IT (aurora-postgres)	Run Aurora tests on EC2	2024-02-18T00:39:18.5880218Z Tests: AccountRestServiceTest,AuthorizationCodeTest,AuthorizationTest,ClientRegistrationTest,EventStoreProviderTest,ExportImportTest,GeneratedRsaKeyProviderTest,KcOidcBrokerTest,LDAPUserLoginTest,LoginTest,PasswordPolicyTest,RefreshTokenTest,RequiredActionUpdateProfileTest,SSOTest,SamlClientTest,TransactionsTest,UserProfileTest,org.keycloak.testsuite.admin.**,org.keycloak.testsuite.authz.**ManagementTest
Store IT (aurora-postgres)	Run Aurora tests on EC2	2024-02-18T00:39:21.3706946Z   adding: aws.pem (deflated 40%)
Store IT (aurora-postgres)	Run Aurora tests on EC2	2024-02-18T00:39:30.6524589Z Starting galaxy collection install process
Store IT (aurora-postgres)	Run Aurora tests on EC2	2024-02-18T00:39:30.6525641Z Process install dependency map
Store IT (aurora-postgres)	Run Aurora tests on EC2	2024-02-18T00:39:30.6526297Z Starting collection install process
Store IT (aurora-postgres)	Run Aurora tests on EC2	2024-02-18T00:39:30.6528834Z Downloading https://galaxy.ansible.com/api/v3/plugin/ansible/content/published/collections/artifacts/amazon-aws-6.0.0.tar.gz to /home/runner/.ansible/tmp/ansible-local-22062rwe_yql/tmpvvcbhkd0/amazon-aws-6.0.0-a9rg_acg
Store IT (aurora-postgres)	Run Aurora tests on EC2	2024-02-18T00:39:30.6531411Z Installing 'amazon.aws:6.0.0' to '/home/runner/.ansible/collections/ansible_collections/amazon/aws'
Store IT (aurora-postgres)	Run Aurora tests on EC2	2024-02-18T00:39:30.6532503Z amazon.aws:6.0.0 was installed successfully
Store IT (aurora-postgres)	Run Aurora tests on EC2	2024-02-18T00:39:31.4838552Z Collecting ansible
Store IT (aurora-postgres)	Run Aurora tests on EC2	2024-02-18T00:39:31.5338546Z   Downloading ansible-9.2.0-py3-none-any.whl (48.5 MB)
Store IT (aurora-postgres)	Run Aurora tests on EC2	2024-02-18T00:39:32.1563730Z      ‚îÅ‚îÅ‚îÅ‚îÅ‚îÅ‚îÅ‚îÅ‚îÅ‚îÅ‚îÅ‚îÅ‚îÅ‚îÅ‚îÅ‚îÅ‚îÅ‚îÅ‚îÅ‚îÅ‚îÅ‚îÅ‚îÅ‚îÅ‚îÅ‚îÅ‚îÅ‚îÅ‚îÅ‚îÅ‚îÅ‚îÅ‚îÅ‚îÅ‚îÅ‚îÅ‚îÅ‚îÅ‚îÅ‚îÅ‚îÅ 48.5/48.5 MB 48.1 MB/s eta 0:00:00
Store IT (aurora-postgres)	Run Aurora tests on EC2	2024-02-18T00:39:32.8452591Z Collecting boto3
Store IT (aurora-postgres)	Run Aurora tests on EC2	2024-02-18T00:39:32.8529362Z   Downloading boto3-1.34.44-py3-none-any.whl (139 kB)
Store IT (aurora-postgres)	Run Aurora tests on EC2	2024-02-18T00:39:32.8579367Z      ‚îÅ‚îÅ‚îÅ‚îÅ‚îÅ‚îÅ‚îÅ‚îÅ‚îÅ‚îÅ‚îÅ‚îÅ‚îÅ‚îÅ‚îÅ‚îÅ‚îÅ‚îÅ‚îÅ‚îÅ‚îÅ‚îÅ‚îÅ‚îÅ‚îÅ‚îÅ‚îÅ‚îÅ‚îÅ‚îÅ‚îÅ‚îÅ‚îÅ‚îÅ‚îÅ‚îÅ‚îÅ‚îÅ 139.3/139.3 KB 45.6 MB/s eta 0:00:00
Store IT (aurora-postgres)	Run Aurora tests on EC2	2024-02-18T00:39:33.4803232Z Collecting botocore
Store IT (aurora-postgres)	Run Aurora tests on EC2	2024-02-18T00:39:33.4922691Z   Downloading botocore-1.34.44-py3-none-any.whl (12.0 MB)
Store IT (aurora-postgres)	Run Aurora tests on EC2	2024-02-18T00:39:33.6007348Z      ‚îÅ‚îÅ‚îÅ‚îÅ‚îÅ‚îÅ‚îÅ‚îÅ‚îÅ‚îÅ‚îÅ‚îÅ‚îÅ‚îÅ‚îÅ‚îÅ‚îÅ‚îÅ‚îÅ‚îÅ‚îÅ‚îÅ‚îÅ‚îÅ‚îÅ‚îÅ‚îÅ‚îÅ‚îÅ‚îÅ‚îÅ‚îÅ‚îÅ‚îÅ‚îÅ‚îÅ‚îÅ‚îÅ‚îÅ 12.0/12.0 MB 106.2 MB/s eta 0:00:00
Store IT (aurora-postgres)	Run Aurora tests on EC2	2024-02-18T00:39:33.6797855Z Collecting ansible-core~=2.16.3
Store IT (aurora-postgres)	Run Aurora tests on EC2	2024-02-18T00:39:33.6904524Z   Downloading ansible_core-2.16.3-py3-none-any.whl (2.3 MB)
Store IT (aurora-postgres)	Run Aurora tests on EC2	2024-02-18T00:39:33.7172438Z      ‚îÅ‚îÅ‚îÅ‚îÅ‚îÅ‚îÅ‚îÅ‚îÅ‚îÅ‚îÅ‚îÅ‚îÅ‚îÅ‚îÅ‚îÅ‚îÅ‚îÅ‚îÅ‚îÅ‚îÅ‚îÅ‚îÅ‚îÅ‚îÅ‚îÅ‚îÅ‚îÅ‚îÅ‚îÅ‚îÅ‚îÅ‚îÅ‚îÅ‚îÅ‚îÅ‚îÅ‚îÅ‚îÅ‚îÅ‚îÅ 2.3/2.3 MB 89.8 MB/s eta 0:00:00
Store IT (aurora-postgres)	Run Aurora tests on EC2	2024-02-18T00:39:33.8738394Z Collecting jmespath<2.0.0,>=0.7.1
Store IT (aurora-postgres)	Run Aurora tests on EC2	2024-02-18T00:39:33.8810511Z   Downloading jmespath-1.0.1-py3-none-any.whl (20 kB)
Store IT (aurora-postgres)	Run Aurora tests on EC2	2024-02-18T00:39:33.9078918Z Collecting s3transfer<0.11.0,>=0.10.0
Store IT (aurora-postgres)	Run Aurora tests on EC2	2024-02-18T00:39:33.9233751Z   Downloading s3transfer-0.10.0-py3-none-any.whl (82 kB)
Store IT (aurora-postgres)	Run Aurora tests on EC2	2024-02-18T00:39:33.9273964Z      ‚îÅ‚îÅ‚îÅ‚îÅ‚îÅ‚îÅ‚îÅ‚îÅ‚îÅ‚îÅ‚îÅ‚îÅ‚îÅ‚îÅ‚îÅ‚îÅ‚îÅ‚îÅ‚îÅ‚îÅ‚îÅ‚îÅ‚îÅ‚îÅ‚îÅ‚îÅ‚îÅ‚îÅ‚îÅ‚îÅ‚îÅ‚îÅ‚îÅ‚îÅ‚îÅ‚îÅ‚îÅ‚îÅ‚îÅ‚îÅ 82.1/82.1 KB 31.6 MB/s eta 0:00:00
Store IT (aurora-postgres)	Run Aurora tests on EC2	2024-02-18T00:39:33.9566797Z Collecting python-dateutil<3.0.0,>=2.1
Store IT (aurora-postgres)	Run Aurora tests on EC2	2024-02-18T00:39:33.9635638Z   Downloading python_dateutil-2.8.2-py2.py3-none-any.whl (247 kB)
Store IT (aurora-postgres)	Run Aurora tests on EC2	2024-02-18T00:39:33.9687103Z      ‚îÅ‚îÅ‚îÅ‚îÅ‚îÅ‚îÅ‚îÅ‚îÅ‚îÅ‚îÅ‚îÅ‚îÅ‚îÅ‚îÅ‚îÅ‚îÅ‚îÅ‚îÅ‚îÅ‚îÅ‚îÅ‚îÅ‚îÅ‚îÅ‚îÅ‚îÅ‚îÅ‚îÅ‚îÅ‚îÅ‚îÅ‚îÅ‚îÅ‚îÅ‚îÅ‚îÅ‚îÅ‚îÅ 247.7/247.7 KB 73.2 MB/s eta 0:00:00
Store IT (aurora-postgres)	Run Aurora tests on EC2	2024-02-18T00:39:33.9708079Z Requirement already satisfied: urllib3<2.1,>=1.25.4 in /usr/lib/python3/dist-packages (from botocore) (1.26.5)
Store IT (aurora-postgres)	Run Aurora tests on EC2	2024-02-18T00:39:33.9744726Z Requirement already satisfied: cryptography in /usr/lib/python3/dist-packages (from ansible-core~=2.16.3->ansible) (3.4.8)
Store IT (aurora-postgres)	Run Aurora tests on EC2	2024-02-18T00:39:33.9749902Z Requirement already satisfied: jinja2>=3.0.0 in /usr/lib/python3/dist-packages (from ansible-core~=2.16.3->ansible) (3.0.3)
Store IT (aurora-postgres)	Run Aurora tests on EC2	2024-02-18T00:39:33.9753113Z Requirement already satisfied: packaging in /usr/local/lib/python3.10/dist-packages (from ansible-core~=2.16.3->ansible) (23.2)
Store IT (aurora-postgres)	Run Aurora tests on EC2	2024-02-18T00:39:33.9759558Z Requirement already satisfied: PyYAML>=5.1 in /usr/lib/python3/dist-packages (from ansible-core~=2.16.3->ansible) (5.4.1)
Store IT (aurora-postgres)	Run Aurora tests on EC2	2024-02-18T00:39:33.9951798Z Collecting resolvelib<1.1.0,>=0.5.3
Store IT (aurora-postgres)	Run Aurora tests on EC2	2024-02-18T00:39:34.0022733Z   Downloading resolvelib-1.0.1-py2.py3-none-any.whl (17 kB)
Store IT (aurora-postgres)	Run Aurora tests on EC2	2024-02-18T00:39:34.0074890Z Requirement already satisfied: six>=1.5 in /usr/lib/python3/dist-packages (from python-dateutil<3.0.0,>=2.1->botocore) (1.16.0)
Store IT (aurora-postgres)	Run Aurora tests on EC2	2024-02-18T00:39:34.4185333Z Installing collected packages: resolvelib, python-dateutil, jmespath, ansible-core, botocore, ansible, s3transfer, boto3
Store IT (aurora-postgres)	Run Aurora tests on EC2	2024-02-18T00:39:54.1866756Z Successfully installed ansible-9.2.0 ansible-core-2.16.3 boto3-1.34.44 botocore-1.34.44 jmespath-1.0.1 python-dateutil-2.8.2 resolvelib-1.0.1 s3transfer-0.10.0
Store IT (aurora-postgres)	Run Aurora tests on EC2	2024-02-18T00:39:55.0335084Z [WARNING]: No inventory was parsed, only implicit localhost is available
Store IT (aurora-postgres)	Run Aurora tests on EC2	2024-02-18T00:39:55.0366277Z [WARNING]: provided hosts list is empty, only localhost is available. Note that
Store IT (aurora-postgres)	Run Aurora tests on EC2	2024-02-18T00:39:55.0367627Z the implicit localhost does not match 'all'
Store IT (aurora-postgres)	Run Aurora tests on EC2	2024-02-18T00:39:55.1325691Z Using /home/runner/work/keycloak/keycloak/.github/scripts/ansible/ansible.cfg as config file
Store IT (aurora-postgres)	Run Aurora tests on EC2	2024-02-18T00:39:55.1326748Z 
Store IT (aurora-postgres)	Run Aurora tests on EC2	2024-02-18T00:39:55.1327301Z PLAY [localhost] ***************************************************************
Store IT (aurora-postgres)	Run Aurora tests on EC2	2024-02-18T00:39:55.1327772Z 
Store IT (aurora-postgres)	Run Aurora tests on EC2	2024-02-18T00:39:55.1328134Z TASK [Gathering Facts] *********************************************************
Store IT (aurora-postgres)	Run Aurora tests on EC2	2024-02-18T00:39:56.4464805Z ok: [localhost]
Store IT (aurora-postgres)	Run Aurora tests on EC2	2024-02-18T00:39:56.4465296Z 
Store IT (aurora-postgres)	Run Aurora tests on EC2	2024-02-18T00:39:56.4465660Z TASK [aws_ec2 : debug] *********************************************************
Store IT (aurora-postgres)	Run Aurora tests on EC2	2024-02-18T00:39:56.4647494Z ok: [localhost] => {
Store IT (aurora-postgres)	Run Aurora tests on EC2	2024-02-18T00:39:56.4649400Z     "cluster_identifier": "runner"
Store IT (aurora-postgres)	Run Aurora tests on EC2	2024-02-18T00:39:56.4650176Z }
Store IT (aurora-postgres)	Run Aurora tests on EC2	2024-02-18T00:39:56.4650423Z 
Store IT (aurora-postgres)	Run Aurora tests on EC2	2024-02-18T00:39:56.4650880Z TASK [aws_ec2 : debug] *********************************************************
Store IT (aurora-postgres)	Run Aurora tests on EC2	2024-02-18T00:39:56.4805452Z ok: [localhost] => {
Store IT (aurora-postgres)	Run Aurora tests on EC2	2024-02-18T00:39:56.4806223Z     "region": "us-east-1"
Store IT (aurora-postgres)	Run Aurora tests on EC2	2024-02-18T00:39:56.4806844Z }
Store IT (aurora-postgres)	Run Aurora tests on EC2	2024-02-18T00:39:56.4807080Z 
Store IT (aurora-postgres)	Run Aurora tests on EC2	2024-02-18T00:39:56.4807445Z TASK [aws_ec2 : debug] *********************************************************
Store IT (aurora-postgres)	Run Aurora tests on EC2	2024-02-18T00:39:56.4964186Z ok: [localhost] => {
Store IT (aurora-postgres)	Run Aurora tests on EC2	2024-02-18T00:39:56.4964895Z     "cluster_name": "keycloak_1f57fc1"
Store IT (aurora-postgres)	Run Aurora tests on EC2	2024-02-18T00:39:56.4965445Z }
Store IT (aurora-postgres)	Run Aurora tests on EC2	2024-02-18T00:39:56.4965626Z 
Store IT (aurora-postgres)	Run Aurora tests on EC2	2024-02-18T00:39:56.4965972Z TASK [aws_ec2 : include_tasks] *************************************************
Store IT (aurora-postgres)	Run Aurora tests on EC2	2024-02-18T00:39:56.5192065Z included: /home/runner/work/keycloak/keycloak/.github/scripts/ansible/roles/aws_ec2/tasks/create-resources.yml for localhost
Store IT (aurora-postgres)	Run Aurora tests on EC2	2024-02-18T00:39:56.5192947Z 
Store IT (aurora-postgres)	Run Aurora tests on EC2	2024-02-18T00:39:56.5193381Z TASK [aws_ec2 : Get Ansible Control Host's public IP] **************************
Store IT (aurora-postgres)	Run Aurora tests on EC2	2024-02-18T00:39:56.8282752Z changed: [localhost] => {"censored": "the output has been hidden due to the fact that 'no_log: true' was specified for this result", "changed": true}
Store IT (aurora-postgres)	Run Aurora tests on EC2	2024-02-18T00:39:56.8284030Z 
Store IT (aurora-postgres)	Run Aurora tests on EC2	2024-02-18T00:39:56.8346846Z TASK [aws_ec2 : debug] *********************************************************
Store IT (aurora-postgres)	Run Aurora tests on EC2	2024-02-18T00:39:56.8476767Z ok: [localhost] => {
Store IT (aurora-postgres)	Run Aurora tests on EC2	2024-02-18T00:39:56.8477746Z     "cidr_ip": "20.57.14.20/32"
Store IT (aurora-postgres)	Run Aurora tests on EC2	2024-02-18T00:39:56.8478490Z }
Store IT (aurora-postgres)	Run Aurora tests on EC2	2024-02-18T00:39:56.8478689Z 
Store IT (aurora-postgres)	Run Aurora tests on EC2	2024-02-18T00:39:56.8479078Z TASK [aws_ec2 : Create Security Group] *****************************************
Store IT (aurora-postgres)	Run Aurora tests on EC2	2024-02-18T00:40:02.1572310Z changed: [localhost] => {"censored": "the output has been hidden due to the fact that 'no_log: true' was specified for this result", "changed": true}
Store IT (aurora-postgres)	Run Aurora tests on EC2	2024-02-18T00:40:02.1573334Z 
Store IT (aurora-postgres)	Run Aurora tests on EC2	2024-02-18T00:40:02.1573665Z TASK [aws_ec2 : Create Key] ****************************************************
Store IT (aurora-postgres)	Run Aurora tests on EC2	2024-02-18T00:40:03.0704387Z changed: [localhost] => {"censored": "the output has been hidden due to the fact that 'no_log: true' was specified for this result", "changed": true}
Store IT (aurora-postgres)	Run Aurora tests on EC2	2024-02-18T00:40:03.0705997Z 
Store IT (aurora-postgres)	Run Aurora tests on EC2	2024-02-18T00:40:03.0706716Z TASK [aws_ec2 : Save Private Key on Ansible Control Machine] *******************
Store IT (aurora-postgres)	Run Aurora tests on EC2	2024-02-18T00:40:03.4945837Z changed: [localhost] => {"censored": "the output has been hidden due to the fact that 'no_log: true' was specified for this result", "changed": true}
Store IT (aurora-postgres)	Run Aurora tests on EC2	2024-02-18T00:40:03.4947114Z 
Store IT (aurora-postgres)	Run Aurora tests on EC2	2024-02-18T00:40:03.4947768Z TASK [aws_ec2 : Look up AMI 'RHEL-8.8.0_HVM-20230503-x86_64-54-Hourly2-GP2'] ***
Store IT (aurora-postgres)	Run Aurora tests on EC2	2024-02-18T00:40:04.5448340Z ok: [localhost] => {"changed": false, "images": [{"architecture": "x86_64", "block_device_mappings": [{"device_name": "/dev/sda1", "ebs": {"delete_on_termination": true, "encrypted": false, "snapshot_id": "snap-04d2aa5ae502e418f", "volume_size": 10, "volume_type": "gp2"}}], "creation_date": "2023-05-10T11:04:33.000Z", "deprecation_time": "2025-05-10T11:04:33.000Z", "description": "Provided by Red Hat, Inc.", "ena_support": true, "hypervisor": "xen", "image_id": "ami-030f1f74b3569f163", "image_location": "amazon/RHEL-8.8.0_HVM-20230503-x86_64-54-Hourly2-GP2", "image_owner_alias": "amazon", "image_type": "machine", "name": "RHEL-8.8.0_HVM-20230503-x86_64-54-Hourly2-GP2", "owner_id": "309956199498", "platform_details": "Red Hat Enterprise Linux", "public": true, "root_device_name": "/dev/sda1", "root_device_type": "ebs", "sriov_net_support": "simple", "state": "available", "tags": {}, "usage_operation": "RunInstances:0010", "virtualization_type": "hvm"}]}
Store IT (aurora-postgres)	Run Aurora tests on EC2	2024-02-18T00:40:04.5455043Z 
Store IT (aurora-postgres)	Run Aurora tests on EC2	2024-02-18T00:40:04.5455606Z TASK [aws_ec2 : Create 1 EC2 Instances] ****************************************
Store IT (aurora-postgres)	Run Aurora tests on EC2	2024-02-18T00:43:55.0935753Z changed: [localhost] => {"censored": "the output has been hidden due to the fact that 'no_log: true' was specified for this result", "changed": true}
Store IT (aurora-postgres)	Run Aurora tests on EC2	2024-02-18T00:43:55.0937227Z 
Store IT (aurora-postgres)	Run Aurora tests on EC2	2024-02-18T00:43:55.0937724Z TASK [aws_ec2 : Create Inventory File] *****************************************
Store IT (aurora-postgres)	Run Aurora tests on EC2	2024-02-18T00:43:55.3792768Z changed: [localhost] => {"changed": true, "checksum": "8ac0743f17b106fdb8a8a5564a78bd3d4d744839", "dest": "./keycloak_1f57fc1_us-east-1_inventory.yml", "gid": 127, "group": "docker", "md5sum": "1c8ce66564fae0d96c2dbc8a45cd7090", "mode": "0644", "owner": "runner", "size": 230, "src": "/home/runner/.ansible/tmp/ansible-tmp-1708217035.1062465-2532-39044570644464/source", "state": "file", "uid": 1001}
Store IT (aurora-postgres)	Run Aurora tests on EC2	2024-02-18T00:43:55.3795753Z 
Store IT (aurora-postgres)	Run Aurora tests on EC2	2024-02-18T00:43:55.3796381Z TASK [aws_ec2 : include_tasks] *************************************************
Store IT (aurora-postgres)	Run Aurora tests on EC2	2024-02-18T00:43:55.3912229Z skipping: [localhost] => {"changed": false, "false_condition": "operation == \"start\" or operation == \"stop\"", "skip_reason": "Conditional result was False"}
Store IT (aurora-postgres)	Run Aurora tests on EC2	2024-02-18T00:43:55.3913683Z 
Store IT (aurora-postgres)	Run Aurora tests on EC2	2024-02-18T00:43:55.3914133Z TASK [aws_ec2 : include_tasks] *************************************************
Store IT (aurora-postgres)	Run Aurora tests on EC2	2024-02-18T00:43:55.4154847Z skipping: [localhost] => {"changed": false, "false_condition": "operation == \"delete\"", "skip_reason": "Conditional result was False"}
Store IT (aurora-postgres)	Run Aurora tests on EC2	2024-02-18T00:43:55.4156060Z 
Store IT (aurora-postgres)	Run Aurora tests on EC2	2024-02-18T00:43:55.4156464Z PLAY RECAP *********************************************************************
Store IT (aurora-postgres)	Run Aurora tests on EC2	2024-02-18T00:43:55.4157910Z localhost                  : ok=13   changed=6    unreachable=0    failed=0    skipped=2    rescued=0    ignored=0   
Store IT (aurora-postgres)	Run Aurora tests on EC2	2024-02-18T00:43:55.4158875Z 
Store IT (aurora-postgres)	Run Aurora tests on EC2	2024-02-18T00:43:55.8350125Z 
Store IT (aurora-postgres)	Run Aurora tests on EC2	2024-02-18T00:43:55.8351273Z PLAY [keycloak] ****************************************************************
Store IT (aurora-postgres)	Run Aurora tests on EC2	2024-02-18T00:43:55.8351986Z 
Store IT (aurora-postgres)	Run Aurora tests on EC2	2024-02-18T00:43:55.8371817Z TASK [Gathering Facts] *********************************************************
Store IT (aurora-postgres)	Run Aurora tests on EC2	2024-02-18T00:43:58.2886378Z ok: [54.224.58.103]
Store IT (aurora-postgres)	Run Aurora tests on EC2	2024-02-18T00:43:58.2886955Z 
Store IT (aurora-postgres)	Run Aurora tests on EC2	2024-02-18T00:43:58.2887482Z TASK [keycloak_ec2_installer : include_tasks] **********************************
Store IT (aurora-postgres)	Run Aurora tests on EC2	2024-02-18T00:43:58.3054915Z included: /home/runner/work/keycloak/keycloak/.github/scripts/ansible/roles/keycloak_ec2_installer/tasks/install.yml for 54.224.58.103
Store IT (aurora-postgres)	Run Aurora tests on EC2	2024-02-18T00:43:58.3056255Z 
Store IT (aurora-postgres)	Run Aurora tests on EC2	2024-02-18T00:43:58.3056851Z TASK [keycloak_ec2_installer : Update system packages on the remote hosts] *****
Store IT (aurora-postgres)	Run Aurora tests on EC2	2024-02-18T00:43:58.3181907Z skipping: [54.224.58.103]
Store IT (aurora-postgres)	Run Aurora tests on EC2	2024-02-18T00:43:58.3182399Z 
Store IT (aurora-postgres)	Run Aurora tests on EC2	2024-02-18T00:43:58.3183078Z TASK [keycloak_ec2_installer : Install Java 17 packages on the remote hosts] ***
Store IT (aurora-postgres)	Run Aurora tests on EC2	2024-02-18T00:45:19.1395258Z changed: [54.224.58.103]
Store IT (aurora-postgres)	Run Aurora tests on EC2	2024-02-18T00:45:19.1395837Z 
Store IT (aurora-postgres)	Run Aurora tests on EC2	2024-02-18T00:45:19.1396365Z TASK [keycloak_ec2_installer : Install dependencies on the remote hosts] *******
Store IT (aurora-postgres)	Run Aurora tests on EC2	2024-02-18T00:45:29.5648960Z changed: [54.224.58.103] => (item=unzip)
Store IT (aurora-postgres)	Run Aurora tests on EC2	2024-02-18T00:45:29.5649750Z 
Store IT (aurora-postgres)	Run Aurora tests on EC2	2024-02-18T00:45:29.5650505Z TASK [keycloak_ec2_installer : Create Keycloak src dir] ************************
Store IT (aurora-postgres)	Run Aurora tests on EC2	2024-02-18T00:45:30.4981407Z changed: [54.224.58.103]
Store IT (aurora-postgres)	Run Aurora tests on EC2	2024-02-18T00:45:30.4982033Z 
Store IT (aurora-postgres)	Run Aurora tests on EC2	2024-02-18T00:45:30.4982701Z TASK [keycloak_ec2_installer : Install Keycloak src on the remote hosts] *******
Store IT (aurora-postgres)	Run Aurora tests on EC2	2024-02-18T00:45:51.6990290Z changed: [54.224.58.103]
Store IT (aurora-postgres)	Run Aurora tests on EC2	2024-02-18T00:45:51.6990772Z 
Store IT (aurora-postgres)	Run Aurora tests on EC2	2024-02-18T00:45:51.6991175Z PLAY RECAP *********************************************************************
Store IT (aurora-postgres)	Run Aurora tests on EC2	2024-02-18T00:45:51.6992788Z 54.224.58.103              : ok=6    changed=4    unreachable=0    failed=0    skipped=1    rescued=0    ignored=0   
Store IT (aurora-postgres)	Run Aurora tests on EC2	2024-02-18T00:45:51.6993824Z 
Store IT (aurora-postgres)	Run Aurora tests on EC2	2024-02-18T00:45:52.1186922Z 
Store IT (aurora-postgres)	Run Aurora tests on EC2	2024-02-18T00:45:52.1187724Z PLAY [keycloak] ****************************************************************
Store IT (aurora-postgres)	Run Aurora tests on EC2	2024-02-18T00:45:52.1188512Z 
Store IT (aurora-postgres)	Run Aurora tests on EC2	2024-02-18T00:45:54.2199113Z TASK [Gathering Facts] *********************************************************
Store IT (aurora-postgres)	Run Aurora tests on EC2	2024-02-18T00:45:54.2200582Z ok: [54.224.58.103]
Store IT (aurora-postgres)	Run Aurora tests on EC2	2024-02-18T00:45:54.2200967Z 
Store IT (aurora-postgres)	Run Aurora tests on EC2	2024-02-18T00:45:54.2201640Z TASK [mvn_ec2_runner : include_tasks] ******************************************
Store IT (aurora-postgres)	Run Aurora tests on EC2	2024-02-18T00:45:54.2312213Z ERROR! conflicting action statements: ansible.builtin.shell, executable
Store IT (aurora-postgres)	Run Aurora tests on EC2	2024-02-18T00:45:54.2313106Z 
Store IT (aurora-postgres)	Run Aurora tests on EC2	2024-02-18T00:45:54.2315025Z The error appears to be in '/home/runner/work/keycloak/keycloak/.github/scripts/ansible/roles/mvn_ec2_runner/tasks/run.yml': line 15, column 3, but may
Store IT (aurora-postgres)	Run Aurora tests on EC2	2024-02-18T00:45:54.2317294Z be elsewhere in the file depending on the exact syntax problem.
Store IT (aurora-postgres)	Run Aurora tests on EC2	2024-02-18T00:45:54.2317809Z 
Store IT (aurora-postgres)	Run Aurora tests on EC2	2024-02-18T00:45:54.2318037Z The offending line appears to be:
Store IT (aurora-postgres)	Run Aurora tests on EC2	2024-02-18T00:45:54.2318358Z 
Store IT (aurora-postgres)	Run Aurora tests on EC2	2024-02-18T00:45:54.2318364Z 
Store IT (aurora-postgres)	Run Aurora tests on EC2	2024-02-18T00:45:54.2318678Z - name: Run mvn command on the remote hosts
Store IT (aurora-postgres)	Run Aurora tests on EC2	2024-02-18T00:45:54.2319301Z   ^ here
Store IT (aurora-postgres)	Run Aurora tests on EC2	2024-02-18T00:45:54.2727067Z ##[error]Process completed with exit code 4.
Status Check - Keycloak CI	Run /./.github/actions/status-check	2024-02-18T01:21:51.7457976Z Prepare all required actions
Status Check - Keycloak CI	Run /./.github/actions/status-check	2024-02-18T01:21:51.7546502Z ##[group]Run ./.github/actions/status-check
Status Check - Keycloak CI	Run /./.github/actions/status-check	2024-02-18T01:21:51.7547010Z with:
Status Check - Keycloak CI	Run /./.github/actions/status-check	2024-02-18T01:21:51.7551444Z   jobs: {
Status Check - Keycloak CI	Run /./.github/actions/status-check	  "conditional": {
Status Check - Keycloak CI	Run /./.github/actions/status-check	    "result": "success",
Status Check - Keycloak CI	Run /./.github/actions/status-check	    "outputs": {
Status Check - Keycloak CI	Run /./.github/actions/status-check	      "ci": "true",
Status Check - Keycloak CI	Run /./.github/actions/status-check	      "ci-sssd": "true",
Status Check - Keycloak CI	Run /./.github/actions/status-check	      "ci-store": "true",
Status Check - Keycloak CI	Run /./.github/actions/status-check	      "ci-store-matrix": "[\"postgres\",\"mysql\",\"oracle\",\"mssql\",\"mariadb\",\"aurora-postgres\"]"
Status Check - Keycloak CI	Run /./.github/actions/status-check	    }
Status Check - Keycloak CI	Run /./.github/actions/status-check	  },
Status Check - Keycloak CI	Run /./.github/actions/status-check	  "build": {
Status Check - Keycloak CI	Run /./.github/actions/status-check	    "result": "success",
Status Check - Keycloak CI	Run /./.github/actions/status-check	    "outputs": {}
Status Check - Keycloak CI	Run /./.github/actions/status-check	  },
Status Check - Keycloak CI	Run /./.github/actions/status-check	  "unit-tests": {
Status Check - Keycloak CI	Run /./.github/actions/status-check	    "result": "success",
Status Check - Keycloak CI	Run /./.github/actions/status-check	    "outputs": {}
Status Check - Keycloak CI	Run /./.github/actions/status-check	  },
Status Check - Keycloak CI	Run /./.github/actions/status-check	  "base-integration-tests": {
Status Check - Keycloak CI	Run /./.github/actions/status-check	    "result": "success",
Status Check - Keycloak CI	Run /./.github/actions/status-check	    "outputs": {}
Status Check - Keycloak CI	Run /./.github/actions/status-check	  },
Status Check - Keycloak CI	Run /./.github/actions/status-check	  "adapter-integration-tests": {
Status Check - Keycloak CI	Run /./.github/actions/status-check	    "result": "success",
Status Check - Keycloak CI	Run /./.github/actions/status-check	    "outputs": {}
Status Check - Keycloak CI	Run /./.github/actions/status-check	  },
Status Check - Keycloak CI	Run /./.github/actions/status-check	  "quarkus-unit-tests": {
Status Check - Keycloak CI	Run /./.github/actions/status-check	    "result": "success",
Status Check - Keycloak CI	Run /./.github/actions/status-check	    "outputs": {}
Status Check - Keycloak CI	Run /./.github/actions/status-check	  },
Status Check - Keycloak CI	Run /./.github/actions/status-check	  "quarkus-integration-tests": {
Status Check - Keycloak CI	Run /./.github/actions/status-check	    "result": "success",
Status Check - Keycloak CI	Run /./.github/actions/status-check	    "outputs": {}
Status Check - Keycloak CI	Run /./.github/actions/status-check	  },
Status Check - Keycloak CI	Run /./.github/actions/status-check	  "jdk-integration-tests": {
Status Check - Keycloak CI	Run /./.github/actions/status-check	    "result": "success",
Status Check - Keycloak CI	Run /./.github/actions/status-check	    "outputs": {}
Status Check - Keycloak CI	Run /./.github/actions/status-check	  },
Status Check - Keycloak CI	Run /./.github/actions/status-check	  "store-integration-tests": {
Status Check - Keycloak CI	Run /./.github/actions/status-check	    "result": "failure",
Status Check - Keycloak CI	Run /./.github/actions/status-check	    "outputs": {}
Status Check - Keycloak CI	Run /./.github/actions/status-check	  },
Status Check - Keycloak CI	Run /./.github/actions/status-check	  "store-model-tests": {
Status Check - Keycloak CI	Run /./.github/actions/status-check	    "result": "success",
Status Check - Keycloak CI	Run /./.github/actions/status-check	    "outputs": {}
Status Check - Keycloak CI	Run /./.github/actions/status-check	  },
Status Check - Keycloak CI	Run /./.github/actions/status-check	  "clustering-integration-tests": {
Status Check - Keycloak CI	Run /./.github/actions/status-check	    "result": "success",
Status Check - Keycloak CI	Run /./.github/actions/status-check	    "outputs": {}
Status Check - Keycloak CI	Run /./.github/actions/status-check	  },
Status Check - Keycloak CI	Run /./.github/actions/status-check	  "fips-unit-tests": {
Status Check - Keycloak CI	Run /./.github/actions/status-check	    "result": "success",
Status Check - Keycloak CI	Run /./.github/actions/status-check	    "outputs": {}
Status Check - Keycloak CI	Run /./.github/actions/status-check	  },
Status Check - Keycloak CI	Run /./.github/actions/status-check	  "fips-integration-tests": {
Status Check - Keycloak CI	Run /./.github/actions/status-check	    "result": "success",
Status Check - Keycloak CI	Run /./.github/actions/status-check	    "outputs": {}
Status Check - Keycloak CI	Run /./.github/actions/status-check	  },
Status Check - Keycloak CI	Run /./.github/actions/status-check	  "account-console-integration-tests": {
Status Check - Keycloak CI	Run /./.github/actions/status-check	    "result": "success",
Status Check - Keycloak CI	Run /./.github/actions/status-check	    "outputs": {}
Status Check - Keycloak CI	Run /./.github/actions/status-check	  },
Status Check - Keycloak CI	Run /./.github/actions/status-check	  "forms-integration-tests": {
Status Check - Keycloak CI	Run /./.github/actions/status-check	    "result": "success",
Status Check - Keycloak CI	Run /./.github/actions/status-check	    "outputs": {}
Status Check - Keycloak CI	Run /./.github/actions/status-check	  },
Status Check - Keycloak CI	Run /./.github/actions/status-check	  "webauthn-integration-tests": {
Status Check - Keycloak CI	Run /./.github/actions/status-check	    "result": "success",
Status Check - Keycloak CI	Run /./.github/actions/status-check	    "outputs": {}
Status Check - Keycloak CI	Run /./.github/actions/status-check	  },
Status Check - Keycloak CI	Run /./.github/actions/status-check	  "sssd-unit-tests": {
Status Check - Keycloak CI	Run /./.github/actions/status-check	    "result": "success",
Status Check - Keycloak CI	Run /./.github/actions/status-check	    "outputs": {}
Status Check - Keycloak CI	Run /./.github/actions/status-check	  },
Status Check - Keycloak CI	Run /./.github/actions/status-check	  "migration-tests": {
Status Check - Keycloak CI	Run /./.github/actions/status-check	    "result": "success",
Status Check - Keycloak CI	Run /./.github/actions/status-check	    "outputs": {}
Status Check - Keycloak CI	Run /./.github/actions/status-check	  }
Status Check - Keycloak CI	Run /./.github/actions/status-check	}
Status Check - Keycloak CI	Run /./.github/actions/status-check	2024-02-18T01:21:51.7556769Z env:
Status Check - Keycloak CI	Run /./.github/actions/status-check	2024-02-18T01:21:51.7557298Z   MAVEN_ARGS: -B -nsu -Daether.connector.http.connectionMaxTtl=25
Status Check - Keycloak CI	Run /./.github/actions/status-check	2024-02-18T01:21:51.7557861Z   SUREFIRE_RERUN_FAILING_COUNT: 2
Status Check - Keycloak CI	Run /./.github/actions/status-check	2024-02-18T01:21:51.7558319Z   SUREFIRE_RETRY: -Dsurefire.rerunFailingTestsCount=2
Status Check - Keycloak CI	Run /./.github/actions/status-check	2024-02-18T01:21:51.7558883Z ##[endgroup]
Status Check - Keycloak CI	Run /./.github/actions/status-check	2024-02-18T01:21:51.7812638Z ##[group]Run JOBS='{
Status Check - Keycloak CI	Run /./.github/actions/status-check	2024-02-18T01:21:51.7813190Z [36;1mJOBS='{[0m
Status Check - Keycloak CI	Run /./.github/actions/status-check	2024-02-18T01:21:51.7813629Z [36;1m  "conditional": {[0m
Status Check - Keycloak CI	Run /./.github/actions/status-check	2024-02-18T01:21:51.7814039Z [36;1m    "result": "success",[0m
Status Check - Keycloak CI	Run /./.github/actions/status-check	2024-02-18T01:21:51.7814446Z [36;1m    "outputs": {[0m
Status Check - Keycloak CI	Run /./.github/actions/status-check	2024-02-18T01:21:51.7814879Z [36;1m      "ci": "true",[0m
Status Check - Keycloak CI	Run /./.github/actions/status-check	2024-02-18T01:21:51.7815277Z [36;1m      "ci-sssd": "true",[0m
Status Check - Keycloak CI	Run /./.github/actions/status-check	2024-02-18T01:21:51.7815677Z [36;1m      "ci-store": "true",[0m
Status Check - Keycloak CI	Run /./.github/actions/status-check	2024-02-18T01:21:51.7816435Z [36;1m      "ci-store-matrix": "[\"postgres\",\"mysql\",\"oracle\",\"mssql\",\"mariadb\",\"aurora-postgres\"]"[0m
Status Check - Keycloak CI	Run /./.github/actions/status-check	2024-02-18T01:21:51.7817173Z [36;1m    }[0m
Status Check - Keycloak CI	Run /./.github/actions/status-check	2024-02-18T01:21:51.7817518Z [36;1m  },[0m
Status Check - Keycloak CI	Run /./.github/actions/status-check	2024-02-18T01:21:51.7817921Z [36;1m  "build": {[0m
Status Check - Keycloak CI	Run /./.github/actions/status-check	2024-02-18T01:21:51.7818241Z [36;1m    "result": "success",[0m
Status Check - Keycloak CI	Run /./.github/actions/status-check	2024-02-18T01:21:51.7818638Z [36;1m    "outputs": {}[0m
Status Check - Keycloak CI	Run /./.github/actions/status-check	2024-02-18T01:21:51.7819078Z [36;1m  },[0m
Status Check - Keycloak CI	Run /./.github/actions/status-check	2024-02-18T01:21:51.7819380Z [36;1m  "unit-tests": {[0m
Status Check - Keycloak CI	Run /./.github/actions/status-check	2024-02-18T01:21:51.7819748Z [36;1m    "result": "success",[0m
Status Check - Keycloak CI	Run /./.github/actions/status-check	2024-02-18T01:21:51.7820230Z [36;1m    "outputs": {}[0m
Status Check - Keycloak CI	Run /./.github/actions/status-check	2024-02-18T01:21:51.7820543Z [36;1m  },[0m
Status Check - Keycloak CI	Run /./.github/actions/status-check	2024-02-18T01:21:51.7820881Z [36;1m  "base-integration-tests": {[0m
Status Check - Keycloak CI	Run /./.github/actions/status-check	2024-02-18T01:21:51.7821378Z [36;1m    "result": "success",[0m
Status Check - Keycloak CI	Run /./.github/actions/status-check	2024-02-18T01:21:51.7821730Z [36;1m    "outputs": {}[0m
Status Check - Keycloak CI	Run /./.github/actions/status-check	2024-02-18T01:21:51.7822096Z [36;1m  },[0m
Status Check - Keycloak CI	Run /./.github/actions/status-check	2024-02-18T01:21:51.7822528Z [36;1m  "adapter-integration-tests": {[0m
Status Check - Keycloak CI	Run /./.github/actions/status-check	2024-02-18T01:21:51.7822925Z [36;1m    "result": "success",[0m
Status Check - Keycloak CI	Run /./.github/actions/status-check	2024-02-18T01:21:51.7823321Z [36;1m    "outputs": {}[0m
Status Check - Keycloak CI	Run /./.github/actions/status-check	2024-02-18T01:21:51.7823733Z [36;1m  },[0m
Status Check - Keycloak CI	Run /./.github/actions/status-check	2024-02-18T01:21:51.7824035Z [36;1m  "quarkus-unit-tests": {[0m
Status Check - Keycloak CI	Run /./.github/actions/status-check	2024-02-18T01:21:51.7824458Z [36;1m    "result": "success",[0m
Status Check - Keycloak CI	Run /./.github/actions/status-check	2024-02-18T01:21:51.7824911Z [36;1m    "outputs": {}[0m
Status Check - Keycloak CI	Run /./.github/actions/status-check	2024-02-18T01:21:51.7825229Z [36;1m  },[0m
Status Check - Keycloak CI	Run /./.github/actions/status-check	2024-02-18T01:21:51.7825601Z [36;1m  "quarkus-integration-tests": {[0m
Status Check - Keycloak CI	Run /./.github/actions/status-check	2024-02-18T01:21:51.7826110Z [36;1m    "result": "success",[0m
Status Check - Keycloak CI	Run /./.github/actions/status-check	2024-02-18T01:21:51.7826462Z [36;1m    "outputs": {}[0m
Status Check - Keycloak CI	Run /./.github/actions/status-check	2024-02-18T01:21:51.7827152Z [36;1m  },[0m
Status Check - Keycloak CI	Run /./.github/actions/status-check	2024-02-18T01:21:51.7827578Z [36;1m  "jdk-integration-tests": {[0m
Status Check - Keycloak CI	Run /./.github/actions/status-check	2024-02-18T01:21:51.7827981Z [36;1m    "result": "success",[0m
Status Check - Keycloak CI	Run /./.github/actions/status-check	2024-02-18T01:21:51.7828367Z [36;1m    "outputs": {}[0m
Status Check - Keycloak CI	Run /./.github/actions/status-check	2024-02-18T01:21:51.7828778Z [36;1m  },[0m
Status Check - Keycloak CI	Run /./.github/actions/status-check	2024-02-18T01:21:51.7829105Z [36;1m  "store-integration-tests": {[0m
Status Check - Keycloak CI	Run /./.github/actions/status-check	2024-02-18T01:21:51.7829528Z [36;1m    "result": "failure",[0m
Status Check - Keycloak CI	Run /./.github/actions/status-check	2024-02-18T01:21:51.7829972Z [36;1m    "outputs": {}[0m
Status Check - Keycloak CI	Run /./.github/actions/status-check	2024-02-18T01:21:51.7830302Z [36;1m  },[0m
Status Check - Keycloak CI	Run /./.github/actions/status-check	2024-02-18T01:21:51.7830621Z [36;1m  "store-model-tests": {[0m
Status Check - Keycloak CI	Run /./.github/actions/status-check	2024-02-18T01:21:51.7831076Z [36;1m    "result": "success",[0m
Status Check - Keycloak CI	Run /./.github/actions/status-check	2024-02-18T01:21:51.7831463Z [36;1m    "outputs": {}[0m
Status Check - Keycloak CI	Run /./.github/actions/status-check	2024-02-18T01:21:51.7831809Z [36;1m  },[0m
Status Check - Keycloak CI	Run /./.github/actions/status-check	2024-02-18T01:21:51.7832254Z [36;1m  "clustering-integration-tests": {[0m
Status Check - Keycloak CI	Run /./.github/actions/status-check	2024-02-18T01:21:51.7832669Z [36;1m    "result": "success",[0m
Status Check - Keycloak CI	Run /./.github/actions/status-check	2024-02-18T01:21:51.7833220Z [36;1m    "outputs": {}[0m
Status Check - Keycloak CI	Run /./.github/actions/status-check	2024-02-18T01:21:51.7833659Z [36;1m  },[0m
Status Check - Keycloak CI	Run /./.github/actions/status-check	2024-02-18T01:21:51.7834069Z [36;1m  "fips-unit-tests": {[0m
Status Check - Keycloak CI	Run /./.github/actions/status-check	2024-02-18T01:21:51.7834431Z [36;1m    "result": "success",[0m
Status Check - Keycloak CI	Run /./.github/actions/status-check	2024-02-18T01:21:51.7834909Z [36;1m    "outputs": {}[0m
Status Check - Keycloak CI	Run /./.github/actions/status-check	2024-02-18T01:21:51.7835255Z [36;1m  },[0m
Status Check - Keycloak CI	Run /./.github/actions/status-check	2024-02-18T01:21:51.7835558Z [36;1m  "fips-integration-tests": {[0m
Status Check - Keycloak CI	Run /./.github/actions/status-check	2024-02-18T01:21:51.7836088Z [36;1m    "result": "success",[0m
Status Check - Keycloak CI	Run /./.github/actions/status-check	2024-02-18T01:21:51.7836470Z [36;1m    "outputs": {}[0m
Status Check - Keycloak CI	Run /./.github/actions/status-check	2024-02-18T01:21:51.7836797Z [36;1m  },[0m
Status Check - Keycloak CI	Run /./.github/actions/status-check	2024-02-18T01:21:51.7837239Z [36;1m  "account-console-integration-tests": {[0m
Status Check - Keycloak CI	Run /./.github/actions/status-check	2024-02-18T01:21:51.7837708Z [36;1m    "result": "success",[0m
Status Check - Keycloak CI	Run /./.github/actions/status-check	2024-02-18T01:21:51.7838073Z [36;1m    "outputs": {}[0m
Status Check - Keycloak CI	Run /./.github/actions/status-check	2024-02-18T01:21:51.7838486Z [36;1m  },[0m
Status Check - Keycloak CI	Run /./.github/actions/status-check	2024-02-18T01:21:51.7838827Z [36;1m  "forms-integration-tests": {[0m
Status Check - Keycloak CI	Run /./.github/actions/status-check	2024-02-18T01:21:51.7839230Z [36;1m    "result": "success",[0m
Status Check - Keycloak CI	Run /./.github/actions/status-check	2024-02-18T01:21:51.7839679Z [36;1m    "outputs": {}[0m
Status Check - Keycloak CI	Run /./.github/actions/status-check	2024-02-18T01:21:51.7840032Z [36;1m  },[0m
Status Check - Keycloak CI	Run /./.github/actions/status-check	2024-02-18T01:21:51.7840363Z [36;1m  "webauthn-integration-tests": {[0m
Status Check - Keycloak CI	Run /./.github/actions/status-check	2024-02-18T01:21:51.7840907Z [36;1m    "result": "success",[0m
Status Check - Keycloak CI	Run /./.github/actions/status-check	2024-02-18T01:21:51.7841305Z [36;1m    "outputs": {}[0m
Status Check - Keycloak CI	Run /./.github/actions/status-check	2024-02-18T01:21:51.7841612Z [36;1m  },[0m
Status Check - Keycloak CI	Run /./.github/actions/status-check	2024-02-18T01:21:51.7842000Z [36;1m  "sssd-unit-tests": {[0m
Status Check - Keycloak CI	Run /./.github/actions/status-check	2024-02-18T01:21:51.7842402Z [36;1m    "result": "success",[0m
Status Check - Keycloak CI	Run /./.github/actions/status-check	2024-02-18T01:21:51.7842745Z [36;1m    "outputs": {}[0m
Status Check - Keycloak CI	Run /./.github/actions/status-check	2024-02-18T01:21:51.7843151Z [36;1m  },[0m
Status Check - Keycloak CI	Run /./.github/actions/status-check	2024-02-18T01:21:51.7843692Z [36;1m  "migration-tests": {[0m
Status Check - Keycloak CI	Run /./.github/actions/status-check	2024-02-18T01:21:51.7844047Z [36;1m    "result": "success",[0m
Status Check - Keycloak CI	Run /./.github/actions/status-check	2024-02-18T01:21:51.7844516Z [36;1m    "outputs": {}[0m
Status Check - Keycloak CI	Run /./.github/actions/status-check	2024-02-18T01:21:51.7844876Z [36;1m  }[0m
Status Check - Keycloak CI	Run /./.github/actions/status-check	2024-02-18T01:21:51.7845138Z [36;1m}'[0m
Status Check - Keycloak CI	Run /./.github/actions/status-check	2024-02-18T01:21:51.7845547Z [36;1m[0m
Status Check - Keycloak CI	Run /./.github/actions/status-check	2024-02-18T01:21:51.7845873Z [36;1mecho "Job status:"[0m
Status Check - Keycloak CI	Run /./.github/actions/status-check	2024-02-18T01:21:51.7846443Z [36;1mecho $JOBS | jq -r 'to_entries[] | " - \(.key): \(.value.result)"'[0m
Status Check - Keycloak CI	Run /./.github/actions/status-check	2024-02-18T01:21:51.7847077Z [36;1m[0m
Status Check - Keycloak CI	Run /./.github/actions/status-check	2024-02-18T01:21:51.7847532Z [36;1mfor i in $(echo $JOBS | jq -r 'to_entries[] | .value.result'); do[0m
Status Check - Keycloak CI	Run /./.github/actions/status-check	2024-02-18T01:21:51.7848137Z [36;1m  if [ "$i" != "success" ] && [ "$i" != "skipped" ]; then[0m
Status Check - Keycloak CI	Run /./.github/actions/status-check	2024-02-18T01:21:51.7848712Z [36;1m    echo ""[0m
Status Check - Keycloak CI	Run /./.github/actions/status-check	2024-02-18T01:21:51.7849087Z [36;1m    echo "Status check not okay!"[0m
Status Check - Keycloak CI	Run /./.github/actions/status-check	2024-02-18T01:21:51.7849587Z [36;1m    exit 1[0m
Status Check - Keycloak CI	Run /./.github/actions/status-check	2024-02-18T01:21:51.7849899Z [36;1m  fi[0m
Status Check - Keycloak CI	Run /./.github/actions/status-check	2024-02-18T01:21:51.7850202Z [36;1mdone[0m
Status Check - Keycloak CI	Run /./.github/actions/status-check	2024-02-18T01:21:51.7893670Z shell: /usr/bin/bash --noprofile --norc -e -o pipefail {0}
Status Check - Keycloak CI	Run /./.github/actions/status-check	2024-02-18T01:21:51.7894230Z env:
Status Check - Keycloak CI	Run /./.github/actions/status-check	2024-02-18T01:21:51.7894814Z   MAVEN_ARGS: -B -nsu -Daether.connector.http.connectionMaxTtl=25
Status Check - Keycloak CI	Run /./.github/actions/status-check	2024-02-18T01:21:51.7895407Z   SUREFIRE_RERUN_FAILING_COUNT: 2
Status Check - Keycloak CI	Run /./.github/actions/status-check	2024-02-18T01:21:51.7895854Z   SUREFIRE_RETRY: -Dsurefire.rerunFailingTestsCount=2
Status Check - Keycloak CI	Run /./.github/actions/status-check	2024-02-18T01:21:51.7896409Z ##[endgroup]
Status Check - Keycloak CI	Run /./.github/actions/status-check	2024-02-18T01:21:51.8016655Z Job status:
Status Check - Keycloak CI	Run /./.github/actions/status-check	2024-02-18T01:21:51.8252357Z  - conditional: success
Status Check - Keycloak CI	Run /./.github/actions/status-check	2024-02-18T01:21:51.8252865Z  - build: success
Status Check - Keycloak CI	Run /./.github/actions/status-check	2024-02-18T01:21:51.8253238Z  - unit-tests: success
Status Check - Keycloak CI	Run /./.github/actions/status-check	2024-02-18T01:21:51.8253766Z  - base-integration-tests: success
Status Check - Keycloak CI	Run /./.github/actions/status-check	2024-02-18T01:21:51.8254508Z  - adapter-integration-tests: success
Status Check - Keycloak CI	Run /./.github/actions/status-check	2024-02-18T01:21:51.8255044Z  - quarkus-unit-tests: success
Status Check - Keycloak CI	Run /./.github/actions/status-check	2024-02-18T01:21:51.8255570Z  - quarkus-integration-tests: success
Status Check - Keycloak CI	Run /./.github/actions/status-check	2024-02-18T01:21:51.8256112Z  - jdk-integration-tests: success
Status Check - Keycloak CI	Run /./.github/actions/status-check	2024-02-18T01:21:51.8256622Z  - store-integration-tests: failure
Status Check - Keycloak CI	Run /./.github/actions/status-check	2024-02-18T01:21:51.8257144Z  - store-model-tests: success
Status Check - Keycloak CI	Run /./.github/actions/status-check	2024-02-18T01:21:51.8257635Z  - clustering-integration-tests: success
Status Check - Keycloak CI	Run /./.github/actions/status-check	2024-02-18T01:21:51.8258158Z  - fips-unit-tests: success
Status Check - Keycloak CI	Run /./.github/actions/status-check	2024-02-18T01:21:51.8258652Z  - fips-integration-tests: success
Status Check - Keycloak CI	Run /./.github/actions/status-check	2024-02-18T01:21:51.8259498Z  - account-console-integration-tests: success
Status Check - Keycloak CI	Run /./.github/actions/status-check	2024-02-18T01:21:51.8260425Z  - forms-integration-tests: success
Status Check - Keycloak CI	Run /./.github/actions/status-check	2024-02-18T01:21:51.8261339Z  - webauthn-integration-tests: success
Status Check - Keycloak CI	Run /./.github/actions/status-check	2024-02-18T01:21:51.8262164Z  - sssd-unit-tests: success
Status Check - Keycloak CI	Run /./.github/actions/status-check	2024-02-18T01:21:51.8262748Z  - migration-tests: success
Status Check - Keycloak CI	Run /./.github/actions/status-check	2024-02-18T01:21:51.8464261Z 
Status Check - Keycloak CI	Run /./.github/actions/status-check	2024-02-18T01:21:51.8464683Z Status check not okay!
Status Check - Keycloak CI	Run /./.github/actions/status-check	2024-02-18T01:21:51.8477546Z ##[error]Process completed with exit code 1.
