Build distribution	UNKNOWN STEP	ï»¿2026-01-06T13:32:59.3632257Z Current runner version: '2.330.0'
Build distribution	UNKNOWN STEP	2026-01-06T13:32:59.3666209Z ##[group]Runner Image Provisioner
Build distribution	UNKNOWN STEP	2026-01-06T13:32:59.3667120Z Hosted Compute Agent
Build distribution	UNKNOWN STEP	2026-01-06T13:32:59.3667707Z Version: 20251211.462
Build distribution	UNKNOWN STEP	2026-01-06T13:32:59.3668353Z Commit: 6cbad8c2bb55d58165063d031ccabf57e2d2db61
Build distribution	UNKNOWN STEP	2026-01-06T13:32:59.3669070Z Build Date: 2025-12-11T16:28:49Z
Build distribution	UNKNOWN STEP	2026-01-06T13:32:59.3669681Z Worker ID: {13f6d587-dc30-4473-8f9d-7b72111f42b1}
Build distribution	UNKNOWN STEP	2026-01-06T13:32:59.3670413Z ##[endgroup]
Build distribution	UNKNOWN STEP	2026-01-06T13:32:59.3670916Z ##[group]Operating System
Build distribution	UNKNOWN STEP	2026-01-06T13:32:59.3671471Z Ubuntu
Build distribution	UNKNOWN STEP	2026-01-06T13:32:59.3671885Z 24.04.3
Build distribution	UNKNOWN STEP	2026-01-06T13:32:59.3672397Z LTS
Build distribution	UNKNOWN STEP	2026-01-06T13:32:59.3672825Z ##[endgroup]
Build distribution	UNKNOWN STEP	2026-01-06T13:32:59.3673329Z ##[group]Runner Image
Build distribution	UNKNOWN STEP	2026-01-06T13:32:59.3673927Z Image: ubuntu-24.04
Build distribution	UNKNOWN STEP	2026-01-06T13:32:59.3674392Z Version: 20251215.174.1
Build distribution	UNKNOWN STEP	2026-01-06T13:32:59.3675873Z Included Software: https://github.com/actions/runner-images/blob/ubuntu24/20251215.174/images/ubuntu/Ubuntu2404-Readme.md
Build distribution	UNKNOWN STEP	2026-01-06T13:32:59.3677568Z Image Release: https://github.com/actions/runner-images/releases/tag/ubuntu24%2F20251215.174
Build distribution	UNKNOWN STEP	2026-01-06T13:32:59.3678546Z ##[endgroup]
Build distribution	UNKNOWN STEP	2026-01-06T13:32:59.3679613Z ##[group]GITHUB_TOKEN Permissions
Build distribution	UNKNOWN STEP	2026-01-06T13:32:59.3681626Z Contents: read
Build distribution	UNKNOWN STEP	2026-01-06T13:32:59.3682277Z Metadata: read
Build distribution	UNKNOWN STEP	2026-01-06T13:32:59.3682760Z ##[endgroup]
Build distribution	UNKNOWN STEP	2026-01-06T13:32:59.3685721Z Secret source: None
Build distribution	UNKNOWN STEP	2026-01-06T13:32:59.3686506Z Prepare workflow directory
Build distribution	UNKNOWN STEP	2026-01-06T13:32:59.4241332Z Prepare all required actions
Build distribution	UNKNOWN STEP	2026-01-06T13:32:59.4298474Z Getting action download info
Build distribution	UNKNOWN STEP	2026-01-06T13:32:59.8077723Z Download action repository 'actions/checkout@08c6903cd8c0fde910a37f88322edcfb5dd907a8' (SHA:08c6903cd8c0fde910a37f88322edcfb5dd907a8)
Build distribution	UNKNOWN STEP	2026-01-06T13:32:59.9984381Z Complete job name: Build distribution
Build distribution	UNKNOWN STEP	2026-01-06T13:33:00.0716090Z ##[group]Run actions/checkout@08c6903cd8c0fde910a37f88322edcfb5dd907a8
Build distribution	UNKNOWN STEP	2026-01-06T13:33:00.0717318Z with:
Build distribution	UNKNOWN STEP	2026-01-06T13:33:00.0717755Z   repository: keycloak/keycloak
Build distribution	UNKNOWN STEP	2026-01-06T13:33:00.0718472Z   token: ***
Build distribution	UNKNOWN STEP	2026-01-06T13:33:00.0718888Z   ssh-strict: true
Build distribution	UNKNOWN STEP	2026-01-06T13:33:00.0719333Z   ssh-user: git
Build distribution	UNKNOWN STEP	2026-01-06T13:33:00.0719763Z   persist-credentials: true
Build distribution	UNKNOWN STEP	2026-01-06T13:33:00.0720258Z   clean: true
Build distribution	UNKNOWN STEP	2026-01-06T13:33:00.0720695Z   sparse-checkout-cone-mode: true
Build distribution	UNKNOWN STEP	2026-01-06T13:33:00.0721218Z   fetch-depth: 1
Build distribution	UNKNOWN STEP	2026-01-06T13:33:00.0721639Z   fetch-tags: false
Build distribution	UNKNOWN STEP	2026-01-06T13:33:00.0722083Z   show-progress: true
Build distribution	UNKNOWN STEP	2026-01-06T13:33:00.0722527Z   lfs: false
Build distribution	UNKNOWN STEP	2026-01-06T13:33:00.0722933Z   submodules: false
Build distribution	UNKNOWN STEP	2026-01-06T13:33:00.0723374Z   set-safe-directory: true
Build distribution	UNKNOWN STEP	2026-01-06T13:33:00.0724065Z env:
Build distribution	UNKNOWN STEP	2026-01-06T13:33:00.0725080Z   MAVEN_ARGS: -B -nsu -Daether.connector.http.connectionMaxTtl=25
Build distribution	UNKNOWN STEP	2026-01-06T13:33:00.0725915Z   MINIKUBE_VERSION: v1.37.0
Build distribution	UNKNOWN STEP	2026-01-06T13:33:00.0726618Z   KUBERNETES_VERSION: v1.32.9
Build distribution	UNKNOWN STEP	2026-01-06T13:33:00.0727109Z   MINIKUBE_MEMORY: 4096
Build distribution	UNKNOWN STEP	2026-01-06T13:33:00.0727564Z ##[endgroup]
Build distribution	UNKNOWN STEP	2026-01-06T13:33:00.1687658Z Syncing repository: keycloak/keycloak
Build distribution	UNKNOWN STEP	2026-01-06T13:33:00.1689502Z ##[group]Getting Git version info
Build distribution	UNKNOWN STEP	2026-01-06T13:33:00.1690238Z Working directory is '/home/runner/work/keycloak/keycloak'
Build distribution	UNKNOWN STEP	2026-01-06T13:33:00.1691399Z [command]/usr/bin/git version
Build distribution	UNKNOWN STEP	2026-01-06T13:33:00.1744403Z git version 2.52.0
Build distribution	UNKNOWN STEP	2026-01-06T13:33:00.1768504Z ##[endgroup]
Build distribution	UNKNOWN STEP	2026-01-06T13:33:00.1784036Z Temporarily overriding HOME='/home/runner/work/_temp/268b2728-a8cd-411f-ae68-d21b7e58cc25' before making global git config changes
Build distribution	UNKNOWN STEP	2026-01-06T13:33:00.1785717Z Adding repository directory to the temporary git global config as a safe directory
Build distribution	UNKNOWN STEP	2026-01-06T13:33:00.1789333Z [command]/usr/bin/git config --global --add safe.directory /home/runner/work/keycloak/keycloak
Build distribution	UNKNOWN STEP	2026-01-06T13:33:00.1831775Z Deleting the contents of '/home/runner/work/keycloak/keycloak'
Build distribution	UNKNOWN STEP	2026-01-06T13:33:00.1836413Z ##[group]Initializing the repository
Build distribution	UNKNOWN STEP	2026-01-06T13:33:00.1841242Z [command]/usr/bin/git init /home/runner/work/keycloak/keycloak
Build distribution	UNKNOWN STEP	2026-01-06T13:33:00.1934051Z hint: Using 'master' as the name for the initial branch. This default branch name
Build distribution	UNKNOWN STEP	2026-01-06T13:33:00.1935430Z hint: will change to "main" in Git 3.0. To configure the initial branch name
Build distribution	UNKNOWN STEP	2026-01-06T13:33:00.1936793Z hint: to use in all of your new repositories, which will suppress this warning,
Build distribution	UNKNOWN STEP	2026-01-06T13:33:00.1937545Z hint: call:
Build distribution	UNKNOWN STEP	2026-01-06T13:33:00.1937942Z hint:
Build distribution	UNKNOWN STEP	2026-01-06T13:33:00.1938458Z hint: 	git config --global init.defaultBranch <name>
Build distribution	UNKNOWN STEP	2026-01-06T13:33:00.1939074Z hint:
Build distribution	UNKNOWN STEP	2026-01-06T13:33:00.1939697Z hint: Names commonly chosen instead of 'master' are 'main', 'trunk' and
Build distribution	UNKNOWN STEP	2026-01-06T13:33:00.1940794Z hint: 'development'. The just-created branch can be renamed via this command:
Build distribution	UNKNOWN STEP	2026-01-06T13:33:00.1941682Z hint:
Build distribution	UNKNOWN STEP	2026-01-06T13:33:00.1942089Z hint: 	git branch -m <name>
Build distribution	UNKNOWN STEP	2026-01-06T13:33:00.1942573Z hint:
Build distribution	UNKNOWN STEP	2026-01-06T13:33:00.1943404Z hint: Disable this message with "git config set advice.defaultBranchName false"
Build distribution	UNKNOWN STEP	2026-01-06T13:33:00.1945385Z Initialized empty Git repository in /home/runner/work/keycloak/keycloak/.git/
Build distribution	UNKNOWN STEP	2026-01-06T13:33:00.1957540Z [command]/usr/bin/git remote add origin https://github.com/keycloak/keycloak
Build distribution	UNKNOWN STEP	2026-01-06T13:33:00.1993682Z ##[endgroup]
Build distribution	UNKNOWN STEP	2026-01-06T13:33:00.1995248Z ##[group]Disabling automatic garbage collection
Build distribution	UNKNOWN STEP	2026-01-06T13:33:00.1998578Z [command]/usr/bin/git config --local gc.auto 0
Build distribution	UNKNOWN STEP	2026-01-06T13:33:00.2027532Z ##[endgroup]
Build distribution	UNKNOWN STEP	2026-01-06T13:33:00.2028889Z ##[group]Setting up auth
Build distribution	UNKNOWN STEP	2026-01-06T13:33:00.2035162Z [command]/usr/bin/git config --local --name-only --get-regexp core\.sshCommand
Build distribution	UNKNOWN STEP	2026-01-06T13:33:00.2066975Z [command]/usr/bin/git submodule foreach --recursive sh -c "git config --local --name-only --get-regexp 'core\.sshCommand' && git config --local --unset-all 'core.sshCommand' || :"
Build distribution	UNKNOWN STEP	2026-01-06T13:33:00.2409000Z [command]/usr/bin/git config --local --name-only --get-regexp http\.https\:\/\/github\.com\/\.extraheader
Build distribution	UNKNOWN STEP	2026-01-06T13:33:00.2445315Z [command]/usr/bin/git submodule foreach --recursive sh -c "git config --local --name-only --get-regexp 'http\.https\:\/\/github\.com\/\.extraheader' && git config --local --unset-all 'http.https://github.com/.extraheader' || :"
Build distribution	UNKNOWN STEP	2026-01-06T13:33:00.2679397Z [command]/usr/bin/git config --local http.https://github.com/.extraheader AUTHORIZATION: basic ***
Build distribution	UNKNOWN STEP	2026-01-06T13:33:00.2718382Z ##[endgroup]
Build distribution	UNKNOWN STEP	2026-01-06T13:33:00.2727615Z ##[group]Fetching the repository
Build distribution	UNKNOWN STEP	2026-01-06T13:33:00.2729492Z [command]/usr/bin/git -c protocol.version=2 fetch --no-tags --prune --no-recurse-submodules --depth=1 origin +c0d2bb3838cbb68e8c9cac9a60a3206adc368543:refs/remotes/pull/45171/merge
Build distribution	UNKNOWN STEP	2026-01-06T13:33:03.3870724Z From https://github.com/keycloak/keycloak
Build distribution	UNKNOWN STEP	2026-01-06T13:33:03.3873197Z  * [new ref]         c0d2bb3838cbb68e8c9cac9a60a3206adc368543 -> pull/45171/merge
Build distribution	UNKNOWN STEP	2026-01-06T13:33:03.3907225Z ##[endgroup]
Build distribution	UNKNOWN STEP	2026-01-06T13:33:03.3909111Z ##[group]Determining the checkout info
Build distribution	UNKNOWN STEP	2026-01-06T13:33:03.3911301Z ##[endgroup]
Build distribution	UNKNOWN STEP	2026-01-06T13:33:03.3916822Z [command]/usr/bin/git sparse-checkout disable
Build distribution	UNKNOWN STEP	2026-01-06T13:33:03.3963140Z [command]/usr/bin/git config --local --unset-all extensions.worktreeConfig
Build distribution	UNKNOWN STEP	2026-01-06T13:33:03.3993618Z ##[group]Checking out the ref
Build distribution	UNKNOWN STEP	2026-01-06T13:33:03.3998717Z [command]/usr/bin/git checkout --progress --force refs/remotes/pull/45171/merge
Build distribution	UNKNOWN STEP	2026-01-06T13:33:04.2594989Z Note: switching to 'refs/remotes/pull/45171/merge'.
Build distribution	UNKNOWN STEP	2026-01-06T13:33:04.2595628Z 
Build distribution	UNKNOWN STEP	2026-01-06T13:33:04.2596068Z You are in 'detached HEAD' state. You can look around, make experimental
Build distribution	UNKNOWN STEP	2026-01-06T13:33:04.2597088Z changes and commit them, and you can discard any commits you make in this
Build distribution	UNKNOWN STEP	2026-01-06T13:33:04.2598154Z state without impacting any branches by switching back to a branch.
Build distribution	UNKNOWN STEP	2026-01-06T13:33:04.2598838Z 
Build distribution	UNKNOWN STEP	2026-01-06T13:33:04.2599249Z If you want to create a new branch to retain commits you create, you may
Build distribution	UNKNOWN STEP	2026-01-06T13:33:04.2600087Z do so (now or later) by using -c with the switch command. Example:
Build distribution	UNKNOWN STEP	2026-01-06T13:33:04.2600617Z 
Build distribution	UNKNOWN STEP	2026-01-06T13:33:04.2600924Z   git switch -c <new-branch-name>
Build distribution	UNKNOWN STEP	2026-01-06T13:33:04.2601632Z 
Build distribution	UNKNOWN STEP	2026-01-06T13:33:04.2601946Z Or undo this operation with:
Build distribution	UNKNOWN STEP	2026-01-06T13:33:04.2602383Z 
Build distribution	UNKNOWN STEP	2026-01-06T13:33:04.2602647Z   git switch -
Build distribution	UNKNOWN STEP	2026-01-06T13:33:04.2603047Z 
Build distribution	UNKNOWN STEP	2026-01-06T13:33:04.2603656Z Turn off this advice by setting config variable advice.detachedHead to false
Build distribution	UNKNOWN STEP	2026-01-06T13:33:04.2604878Z 
Build distribution	UNKNOWN STEP	2026-01-06T13:33:04.2605249Z HEAD is now at c0d2bb3 Merge 2c25b3a8aff8e3500c74c5f04fd4814be1a71af6 into ffed84194e405af2f3f07f3b684e0c039d53e9b0
Build distribution	UNKNOWN STEP	2026-01-06T13:33:04.2628890Z ##[endgroup]
Build distribution	UNKNOWN STEP	2026-01-06T13:33:04.2672007Z [command]/usr/bin/git log -1 --format=%H
Build distribution	UNKNOWN STEP	2026-01-06T13:33:04.2698173Z c0d2bb3838cbb68e8c9cac9a60a3206adc368543
Build distribution	UNKNOWN STEP	2026-01-06T13:33:04.2990777Z Prepare all required actions
Build distribution	UNKNOWN STEP	2026-01-06T13:33:04.2991284Z Getting action download info
Build distribution	UNKNOWN STEP	2026-01-06T13:33:04.4536150Z Download action repository 'actions/upload-artifact@ea165f8d65b6e75b540449e92b4886f43607fa02' (SHA:ea165f8d65b6e75b540449e92b4886f43607fa02)
Build distribution	UNKNOWN STEP	2026-01-06T13:33:04.5838171Z ##[group]Run ./.github/actions/build-keycloak
Build distribution	UNKNOWN STEP	2026-01-06T13:33:04.5838524Z with:
Build distribution	UNKNOWN STEP	2026-01-06T13:33:04.5838748Z   upload-m2-repo: false
Build distribution	UNKNOWN STEP	2026-01-06T13:33:04.5838984Z   upload-dist: true
Build distribution	UNKNOWN STEP	2026-01-06T13:33:04.5839237Z env:
Build distribution	UNKNOWN STEP	2026-01-06T13:33:04.5839532Z   MAVEN_ARGS: -B -nsu -Daether.connector.http.connectionMaxTtl=25
Build distribution	UNKNOWN STEP	2026-01-06T13:33:04.5839935Z   MINIKUBE_VERSION: v1.37.0
Build distribution	UNKNOWN STEP	2026-01-06T13:33:04.5840191Z   KUBERNETES_VERSION: v1.32.9
Build distribution	UNKNOWN STEP	2026-01-06T13:33:04.5840450Z   MINIKUBE_MEMORY: 4096
Build distribution	UNKNOWN STEP	2026-01-06T13:33:04.5840673Z ##[endgroup]
Build distribution	UNKNOWN STEP	2026-01-06T13:33:04.5920216Z Prepare all required actions
Build distribution	UNKNOWN STEP	2026-01-06T13:33:04.5920555Z Getting action download info
Build distribution	UNKNOWN STEP	2026-01-06T13:33:04.8047717Z Download action repository 'actions/setup-java@c5195efecf7bdfc987ee8bae7a71cb8b11521c00' (SHA:c5195efecf7bdfc987ee8bae7a71cb8b11521c00)
Build distribution	UNKNOWN STEP	2026-01-06T13:33:05.3082392Z ##[group]Run ./.github/actions/java-setup
Build distribution	UNKNOWN STEP	2026-01-06T13:33:05.3082662Z with:
Build distribution	UNKNOWN STEP	2026-01-06T13:33:05.3082836Z   distribution: temurin
Build distribution	UNKNOWN STEP	2026-01-06T13:33:05.3083037Z   java-version: 21
Build distribution	UNKNOWN STEP	2026-01-06T13:33:05.3083209Z env:
Build distribution	UNKNOWN STEP	2026-01-06T13:33:05.3083470Z   MAVEN_ARGS: -B -nsu -Daether.connector.http.connectionMaxTtl=25
Build distribution	UNKNOWN STEP	2026-01-06T13:33:05.3083792Z   MINIKUBE_VERSION: v1.37.0
Build distribution	UNKNOWN STEP	2026-01-06T13:33:05.3084016Z   KUBERNETES_VERSION: v1.32.9
Build distribution	UNKNOWN STEP	2026-01-06T13:33:05.3084234Z   MINIKUBE_MEMORY: 4096
Build distribution	UNKNOWN STEP	2026-01-06T13:33:05.3084437Z ##[endgroup]
Build distribution	UNKNOWN STEP	2026-01-06T13:33:05.3182266Z ##[group]Run actions/setup-java@c5195efecf7bdfc987ee8bae7a71cb8b11521c00
Build distribution	UNKNOWN STEP	2026-01-06T13:33:05.3182643Z with:
Build distribution	UNKNOWN STEP	2026-01-06T13:33:05.3182831Z   distribution: temurin
Build distribution	UNKNOWN STEP	2026-01-06T13:33:05.3183039Z   java-version: 21
Build distribution	UNKNOWN STEP	2026-01-06T13:33:05.3183232Z   java-package: jdk
Build distribution	UNKNOWN STEP	2026-01-06T13:33:05.3183430Z   check-latest: false
Build distribution	UNKNOWN STEP	2026-01-06T13:33:05.3183653Z   server-id: github
Build distribution	UNKNOWN STEP	2026-01-06T13:33:05.3183846Z   server-username: GITHUB_ACTOR
Build distribution	UNKNOWN STEP	2026-01-06T13:33:05.3184080Z   server-password: GITHUB_TOKEN
Build distribution	UNKNOWN STEP	2026-01-06T13:33:05.3184300Z   overwrite-settings: true
Build distribution	UNKNOWN STEP	2026-01-06T13:33:05.3184677Z   job-status: success
Build distribution	UNKNOWN STEP	2026-01-06T13:33:05.3185035Z   token: ***
Build distribution	UNKNOWN STEP	2026-01-06T13:33:05.3185218Z env:
Build distribution	UNKNOWN STEP	2026-01-06T13:33:05.3185486Z   MAVEN_ARGS: -B -nsu -Daether.connector.http.connectionMaxTtl=25
Build distribution	UNKNOWN STEP	2026-01-06T13:33:05.3185817Z   MINIKUBE_VERSION: v1.37.0
Build distribution	UNKNOWN STEP	2026-01-06T13:33:05.3186047Z   KUBERNETES_VERSION: v1.32.9
Build distribution	UNKNOWN STEP	2026-01-06T13:33:05.3186272Z   MINIKUBE_MEMORY: 4096
Build distribution	UNKNOWN STEP	2026-01-06T13:33:05.3186470Z ##[endgroup]
Build distribution	UNKNOWN STEP	2026-01-06T13:33:05.5233931Z ##[group]Installed distributions
Build distribution	UNKNOWN STEP	2026-01-06T13:33:05.5321816Z Resolved Java 21.0.9+10 from tool-cache
Build distribution	UNKNOWN STEP	2026-01-06T13:33:05.5323064Z Setting Java 21.0.9+10 as the default
Build distribution	UNKNOWN STEP	2026-01-06T13:33:05.5341299Z Creating toolchains.xml for JDK version 21 from temurin
Build distribution	UNKNOWN STEP	2026-01-06T13:33:05.5473343Z Writing to /home/runner/.m2/toolchains.xml
Build distribution	UNKNOWN STEP	2026-01-06T13:33:05.5474118Z 
Build distribution	UNKNOWN STEP	2026-01-06T13:33:05.5474391Z Java configuration:
Build distribution	UNKNOWN STEP	2026-01-06T13:33:05.5475772Z   Distribution: temurin
Build distribution	UNKNOWN STEP	2026-01-06T13:33:05.5476326Z   Version: 21.0.9+10
Build distribution	UNKNOWN STEP	2026-01-06T13:33:05.5477140Z   Path: /opt/hostedtoolcache/Java_Temurin-Hotspot_jdk/21.0.9-10/x64
Build distribution	UNKNOWN STEP	2026-01-06T13:33:05.5477691Z 
Build distribution	UNKNOWN STEP	2026-01-06T13:33:05.5478384Z ##[endgroup]
Build distribution	UNKNOWN STEP	2026-01-06T13:33:05.5497825Z Creating settings.xml with server-id: github
Build distribution	UNKNOWN STEP	2026-01-06T13:33:05.5506342Z Writing to /home/runner/.m2/settings.xml
Build distribution	UNKNOWN STEP	2026-01-06T13:33:05.5666429Z Prepare all required actions
Build distribution	UNKNOWN STEP	2026-01-06T13:33:05.5666727Z Getting action download info
Build distribution	UNKNOWN STEP	2026-01-06T13:33:05.7092685Z Download action repository 'actions/cache@5a3ec84eff668545956fd18022155c47e93e2684' (SHA:5a3ec84eff668545956fd18022155c47e93e2684)
Build distribution	UNKNOWN STEP	2026-01-06T13:33:05.8737602Z ##[group]Run ./.github/actions/maven-cache
Build distribution	UNKNOWN STEP	2026-01-06T13:33:05.8737868Z with:
Build distribution	UNKNOWN STEP	2026-01-06T13:33:05.8738064Z   create-cache-if-it-doesnt-exist: true
Build distribution	UNKNOWN STEP	2026-01-06T13:33:05.8738310Z env:
Build distribution	UNKNOWN STEP	2026-01-06T13:33:05.8738564Z   MAVEN_ARGS: -B -nsu -Daether.connector.http.connectionMaxTtl=25
Build distribution	UNKNOWN STEP	2026-01-06T13:33:05.8739100Z   MINIKUBE_VERSION: v1.37.0
Build distribution	UNKNOWN STEP	2026-01-06T13:33:05.8739328Z   KUBERNETES_VERSION: v1.32.9
Build distribution	UNKNOWN STEP	2026-01-06T13:33:05.8739552Z   MINIKUBE_MEMORY: 4096
Build distribution	UNKNOWN STEP	2026-01-06T13:33:05.8739860Z   JAVA_HOME: /opt/hostedtoolcache/Java_Temurin-Hotspot_jdk/21.0.9-10/x64
Build distribution	UNKNOWN STEP	2026-01-06T13:33:05.8740303Z   JAVA_HOME_21_X64: /opt/hostedtoolcache/Java_Temurin-Hotspot_jdk/21.0.9-10/x64
Build distribution	UNKNOWN STEP	2026-01-06T13:33:05.8740647Z ##[endgroup]
Build distribution	UNKNOWN STEP	2026-01-06T13:33:05.8775238Z ##[group]Run echo "key=mvn-`date -u "+%Y-%U"`" >> $GITHUB_OUTPUT
Build distribution	UNKNOWN STEP	2026-01-06T13:33:05.8775696Z [36;1mecho "key=mvn-`date -u "+%Y-%U"`" >> $GITHUB_OUTPUT[0m
Build distribution	UNKNOWN STEP	2026-01-06T13:33:05.8815866Z shell: /usr/bin/bash --noprofile --norc -e -o pipefail {0}
Build distribution	UNKNOWN STEP	2026-01-06T13:33:05.8816193Z env:
Build distribution	UNKNOWN STEP	2026-01-06T13:33:05.8816470Z   MAVEN_ARGS: -B -nsu -Daether.connector.http.connectionMaxTtl=25
Build distribution	UNKNOWN STEP	2026-01-06T13:33:05.8816820Z   MINIKUBE_VERSION: v1.37.0
Build distribution	UNKNOWN STEP	2026-01-06T13:33:05.8817054Z   KUBERNETES_VERSION: v1.32.9
Build distribution	UNKNOWN STEP	2026-01-06T13:33:05.8817279Z   MINIKUBE_MEMORY: 4096
Build distribution	UNKNOWN STEP	2026-01-06T13:33:05.8817605Z   JAVA_HOME: /opt/hostedtoolcache/Java_Temurin-Hotspot_jdk/21.0.9-10/x64
Build distribution	UNKNOWN STEP	2026-01-06T13:33:05.8818063Z   JAVA_HOME_21_X64: /opt/hostedtoolcache/Java_Temurin-Hotspot_jdk/21.0.9-10/x64
Build distribution	UNKNOWN STEP	2026-01-06T13:33:05.8818407Z ##[endgroup]
Build distribution	UNKNOWN STEP	2026-01-06T13:33:05.8982936Z ##[group]Run actions/cache@5a3ec84eff668545956fd18022155c47e93e2684
Build distribution	UNKNOWN STEP	2026-01-06T13:33:05.8983263Z with:
Build distribution	UNKNOWN STEP	2026-01-06T13:33:05.8983511Z   path: ~/.m2/repository/*/*
Build distribution	UNKNOWN STEP	!~/.m2/repository/org/keycloak
Build distribution	UNKNOWN STEP	
Build distribution	UNKNOWN STEP	2026-01-06T13:33:05.8983816Z   key: mvn-Linux-mvn-2026-01
Build distribution	UNKNOWN STEP	2026-01-06T13:33:05.8984057Z   restore-keys: mvn--mvn-2026-01
Build distribution	UNKNOWN STEP	
Build distribution	UNKNOWN STEP	2026-01-06T13:33:05.8984296Z   enableCrossOsArchive: true
Build distribution	UNKNOWN STEP	2026-01-06T13:33:05.8984762Z   fail-on-cache-miss: false
Build distribution	UNKNOWN STEP	2026-01-06T13:33:05.8984981Z   lookup-only: false
Build distribution	UNKNOWN STEP	2026-01-06T13:33:05.8985178Z   save-always: false
Build distribution	UNKNOWN STEP	2026-01-06T13:33:05.8985367Z env:
Build distribution	UNKNOWN STEP	2026-01-06T13:33:05.8985637Z   MAVEN_ARGS: -B -nsu -Daether.connector.http.connectionMaxTtl=25
Build distribution	UNKNOWN STEP	2026-01-06T13:33:05.8985976Z   MINIKUBE_VERSION: v1.37.0
Build distribution	UNKNOWN STEP	2026-01-06T13:33:05.8986207Z   KUBERNETES_VERSION: v1.32.9
Build distribution	UNKNOWN STEP	2026-01-06T13:33:05.8986431Z   MINIKUBE_MEMORY: 4096
Build distribution	UNKNOWN STEP	2026-01-06T13:33:05.8986734Z   JAVA_HOME: /opt/hostedtoolcache/Java_Temurin-Hotspot_jdk/21.0.9-10/x64
Build distribution	UNKNOWN STEP	2026-01-06T13:33:05.8987190Z   JAVA_HOME_21_X64: /opt/hostedtoolcache/Java_Temurin-Hotspot_jdk/21.0.9-10/x64
Build distribution	UNKNOWN STEP	2026-01-06T13:33:05.8987529Z ##[endgroup]
Build distribution	UNKNOWN STEP	2026-01-06T13:33:06.1554018Z Cache hit for: mvn-Linux-mvn-2026-01
Build distribution	UNKNOWN STEP	2026-01-06T13:33:07.2871101Z Received 134217728 of 701456732 (19.1%), 125.5 MBs/sec
Build distribution	UNKNOWN STEP	2026-01-06T13:33:08.2883102Z Received 264241152 of 701456732 (37.7%), 124.7 MBs/sec
Build distribution	UNKNOWN STEP	2026-01-06T13:33:09.2917889Z Received 402653184 of 701456732 (57.4%), 126.9 MBs/sec
Build distribution	UNKNOWN STEP	2026-01-06T13:33:10.2930739Z Received 612368384 of 701456732 (87.3%), 145.1 MBs/sec
Build distribution	UNKNOWN STEP	2026-01-06T13:33:10.8080761Z Received 701456732 of 701456732 (100.0%), 147.3 MBs/sec
Build distribution	UNKNOWN STEP	2026-01-06T13:33:10.8081759Z Cache Size: ~669 MB (701456732 B)
Build distribution	UNKNOWN STEP	2026-01-06T13:33:10.8125558Z [command]/usr/bin/tar -xf /home/runner/work/_temp/29a745b3-14f0-4020-a374-69a87ce0dcb6/cache.tzst -P -C /home/runner/work/keycloak/keycloak --use-compress-program unzstd
Build distribution	UNKNOWN STEP	2026-01-06T13:33:12.7942146Z Cache restored successfully
Build distribution	UNKNOWN STEP	2026-01-06T13:33:12.9358315Z Cache restored from key: mvn-Linux-mvn-2026-01
Build distribution	UNKNOWN STEP	2026-01-06T13:33:12.9544316Z Prepare all required actions
Build distribution	UNKNOWN STEP	2026-01-06T13:33:12.9544771Z Getting action download info
Build distribution	UNKNOWN STEP	2026-01-06T13:33:13.0916127Z ##[group]Run ./.github/actions/node-cache
Build distribution	UNKNOWN STEP	2026-01-06T13:33:13.0916402Z env:
Build distribution	UNKNOWN STEP	2026-01-06T13:33:13.0916677Z   MAVEN_ARGS: -B -nsu -Daether.connector.http.connectionMaxTtl=25
Build distribution	UNKNOWN STEP	2026-01-06T13:33:13.0917017Z   MINIKUBE_VERSION: v1.37.0
Build distribution	UNKNOWN STEP	2026-01-06T13:33:13.0917257Z   KUBERNETES_VERSION: v1.32.9
Build distribution	UNKNOWN STEP	2026-01-06T13:33:13.0917661Z   MINIKUBE_MEMORY: 4096
Build distribution	UNKNOWN STEP	2026-01-06T13:33:13.0917970Z   JAVA_HOME: /opt/hostedtoolcache/Java_Temurin-Hotspot_jdk/21.0.9-10/x64
Build distribution	UNKNOWN STEP	2026-01-06T13:33:13.0918426Z   JAVA_HOME_21_X64: /opt/hostedtoolcache/Java_Temurin-Hotspot_jdk/21.0.9-10/x64
Build distribution	UNKNOWN STEP	2026-01-06T13:33:13.0918767Z ##[endgroup]
Build distribution	UNKNOWN STEP	2026-01-06T13:33:13.0938830Z ##[group]Run echo "node=$(cat js/pom.xml | grep '<node.version>' | cut -d '>' -f 2 | cut -d '<' -f 1 | cut -c 2-)" >> $GITHUB_OUTPUT
Build distribution	UNKNOWN STEP	2026-01-06T13:33:13.0939568Z [36;1mecho "node=$(cat js/pom.xml | grep '<node.version>' | cut -d '>' -f 2 | cut -d '<' -f 1 | cut -c 2-)" >> $GITHUB_OUTPUT[0m
Build distribution	UNKNOWN STEP	2026-01-06T13:33:13.0940183Z [36;1mecho "pnpm=$(cat js/pom.xml | grep '<pnpm.version>' | cut -d '>' -f 2 | cut -d '<' -f 1 | cut -c 1-)" >> $GITHUB_OUTPUT[0m
Build distribution	UNKNOWN STEP	2026-01-06T13:33:13.0975011Z shell: /usr/bin/bash --noprofile --norc -e -o pipefail {0}
Build distribution	UNKNOWN STEP	2026-01-06T13:33:13.0975366Z env:
Build distribution	UNKNOWN STEP	2026-01-06T13:33:13.0975670Z   MAVEN_ARGS: -B -nsu -Daether.connector.http.connectionMaxTtl=25
Build distribution	UNKNOWN STEP	2026-01-06T13:33:13.0976033Z   MINIKUBE_VERSION: v1.37.0
Build distribution	UNKNOWN STEP	2026-01-06T13:33:13.0976285Z   KUBERNETES_VERSION: v1.32.9
Build distribution	UNKNOWN STEP	2026-01-06T13:33:13.0976522Z   MINIKUBE_MEMORY: 4096
Build distribution	UNKNOWN STEP	2026-01-06T13:33:13.0976848Z   JAVA_HOME: /opt/hostedtoolcache/Java_Temurin-Hotspot_jdk/21.0.9-10/x64
Build distribution	UNKNOWN STEP	2026-01-06T13:33:13.0977322Z   JAVA_HOME_21_X64: /opt/hostedtoolcache/Java_Temurin-Hotspot_jdk/21.0.9-10/x64
Build distribution	UNKNOWN STEP	2026-01-06T13:33:13.0977696Z ##[endgroup]
Build distribution	UNKNOWN STEP	2026-01-06T13:33:13.1144980Z ##[group]Run actions/cache@5a3ec84eff668545956fd18022155c47e93e2684
Build distribution	UNKNOWN STEP	2026-01-06T13:33:13.1145324Z with:
Build distribution	UNKNOWN STEP	2026-01-06T13:33:13.1145697Z   path: ~/.m2/repository/com/github/eirslett/node
Build distribution	UNKNOWN STEP	~/.m2/repository/com/github/eirslett/pnpm
Build distribution	UNKNOWN STEP	
Build distribution	UNKNOWN STEP	2026-01-06T13:33:13.1146179Z   key: Linux-frontend-plugin-artifacts-24.9.0-10.14.0
Build distribution	UNKNOWN STEP	2026-01-06T13:33:13.1146490Z   enableCrossOsArchive: false
Build distribution	UNKNOWN STEP	2026-01-06T13:33:13.1146727Z   fail-on-cache-miss: false
Build distribution	UNKNOWN STEP	2026-01-06T13:33:13.1146942Z   lookup-only: false
Build distribution	UNKNOWN STEP	2026-01-06T13:33:13.1147141Z   save-always: false
Build distribution	UNKNOWN STEP	2026-01-06T13:33:13.1147332Z env:
Build distribution	UNKNOWN STEP	2026-01-06T13:33:13.1147595Z   MAVEN_ARGS: -B -nsu -Daether.connector.http.connectionMaxTtl=25
Build distribution	UNKNOWN STEP	2026-01-06T13:33:13.1147941Z   MINIKUBE_VERSION: v1.37.0
Build distribution	UNKNOWN STEP	2026-01-06T13:33:13.1148165Z   KUBERNETES_VERSION: v1.32.9
Build distribution	UNKNOWN STEP	2026-01-06T13:33:13.1148391Z   MINIKUBE_MEMORY: 4096
Build distribution	UNKNOWN STEP	2026-01-06T13:33:13.1148695Z   JAVA_HOME: /opt/hostedtoolcache/Java_Temurin-Hotspot_jdk/21.0.9-10/x64
Build distribution	UNKNOWN STEP	2026-01-06T13:33:13.1149160Z   JAVA_HOME_21_X64: /opt/hostedtoolcache/Java_Temurin-Hotspot_jdk/21.0.9-10/x64
Build distribution	UNKNOWN STEP	2026-01-06T13:33:13.1149509Z ##[endgroup]
Build distribution	UNKNOWN STEP	2026-01-06T13:33:13.3716661Z Cache hit for: Linux-frontend-plugin-artifacts-24.9.0-10.14.0
Build distribution	UNKNOWN STEP	2026-01-06T13:33:14.5693171Z Received 134217728 of 178075408 (75.4%), 120.2 MBs/sec
Build distribution	UNKNOWN STEP	2026-01-06T13:33:14.8868669Z Received 178075408 of 178075408 (100.0%), 122.5 MBs/sec
Build distribution	UNKNOWN STEP	2026-01-06T13:33:14.8870268Z Cache Size: ~170 MB (178075408 B)
Build distribution	UNKNOWN STEP	2026-01-06T13:33:14.8900379Z [command]/usr/bin/tar -xf /home/runner/work/_temp/57febfca-03e5-4a59-9903-7e5f0bf43c9a/cache.tzst -P -C /home/runner/work/keycloak/keycloak --use-compress-program unzstd
Build distribution	UNKNOWN STEP	2026-01-06T13:33:15.3889437Z Cache restored successfully
Build distribution	UNKNOWN STEP	2026-01-06T13:33:15.4321846Z Cache restored from key: Linux-frontend-plugin-artifacts-24.9.0-10.14.0
Build distribution	UNKNOWN STEP	2026-01-06T13:33:15.4464391Z Prepare all required actions
Build distribution	UNKNOWN STEP	2026-01-06T13:33:15.4465064Z Getting action download info
Build distribution	UNKNOWN STEP	2026-01-06T13:33:15.6243528Z ##[group]Run ./.github/actions/pnpm-store-cache
Build distribution	UNKNOWN STEP	2026-01-06T13:33:15.6243833Z env:
Build distribution	UNKNOWN STEP	2026-01-06T13:33:15.6244131Z   MAVEN_ARGS: -B -nsu -Daether.connector.http.connectionMaxTtl=25
Build distribution	UNKNOWN STEP	2026-01-06T13:33:15.6244763Z   MINIKUBE_VERSION: v1.37.0
Build distribution	UNKNOWN STEP	2026-01-06T13:33:15.6245018Z   KUBERNETES_VERSION: v1.32.9
Build distribution	UNKNOWN STEP	2026-01-06T13:33:15.6245255Z   MINIKUBE_MEMORY: 4096
Build distribution	UNKNOWN STEP	2026-01-06T13:33:15.6245570Z   JAVA_HOME: /opt/hostedtoolcache/Java_Temurin-Hotspot_jdk/21.0.9-10/x64
Build distribution	UNKNOWN STEP	2026-01-06T13:33:15.6246034Z   JAVA_HOME_21_X64: /opt/hostedtoolcache/Java_Temurin-Hotspot_jdk/21.0.9-10/x64
Build distribution	UNKNOWN STEP	2026-01-06T13:33:15.6246393Z ##[endgroup]
Build distribution	UNKNOWN STEP	2026-01-06T13:33:15.6265250Z ##[group]Run echo "key=pnpm-store-`date -u "+%Y-%U"`" >> $GITHUB_OUTPUT
Build distribution	UNKNOWN STEP	2026-01-06T13:33:15.6265713Z [36;1mecho "key=pnpm-store-`date -u "+%Y-%U"`" >> $GITHUB_OUTPUT[0m
Build distribution	UNKNOWN STEP	2026-01-06T13:33:15.6298808Z shell: /usr/bin/bash --noprofile --norc -e -o pipefail {0}
Build distribution	UNKNOWN STEP	2026-01-06T13:33:15.6299136Z env:
Build distribution	UNKNOWN STEP	2026-01-06T13:33:15.6299418Z   MAVEN_ARGS: -B -nsu -Daether.connector.http.connectionMaxTtl=25
Build distribution	UNKNOWN STEP	2026-01-06T13:33:15.6299771Z   MINIKUBE_VERSION: v1.37.0
Build distribution	UNKNOWN STEP	2026-01-06T13:33:15.6300008Z   KUBERNETES_VERSION: v1.32.9
Build distribution	UNKNOWN STEP	2026-01-06T13:33:15.6300464Z   MINIKUBE_MEMORY: 4096
Build distribution	UNKNOWN STEP	2026-01-06T13:33:15.6300798Z   JAVA_HOME: /opt/hostedtoolcache/Java_Temurin-Hotspot_jdk/21.0.9-10/x64
Build distribution	UNKNOWN STEP	2026-01-06T13:33:15.6301259Z   JAVA_HOME_21_X64: /opt/hostedtoolcache/Java_Temurin-Hotspot_jdk/21.0.9-10/x64
Build distribution	UNKNOWN STEP	2026-01-06T13:33:15.6301617Z ##[endgroup]
Build distribution	UNKNOWN STEP	2026-01-06T13:33:15.6421518Z ##[group]Run actions/cache@5a3ec84eff668545956fd18022155c47e93e2684
Build distribution	UNKNOWN STEP	2026-01-06T13:33:15.6421864Z with:
Build distribution	UNKNOWN STEP	2026-01-06T13:33:15.6422191Z   path: ~/.local/share/pnpm/store
Build distribution	UNKNOWN STEP	~/AppData/Local/pnpm/store
Build distribution	UNKNOWN STEP	~/Library/pnpm/store
Build distribution	UNKNOWN STEP	
Build distribution	UNKNOWN STEP	2026-01-06T13:33:15.6422594Z   key: Linux-pnpm-store-2026-01
Build distribution	UNKNOWN STEP	2026-01-06T13:33:15.6422859Z   enableCrossOsArchive: false
Build distribution	UNKNOWN STEP	2026-01-06T13:33:15.6423121Z   fail-on-cache-miss: false
Build distribution	UNKNOWN STEP	2026-01-06T13:33:15.6423349Z   lookup-only: false
Build distribution	UNKNOWN STEP	2026-01-06T13:33:15.6423555Z   save-always: false
Build distribution	UNKNOWN STEP	2026-01-06T13:33:15.6423747Z env:
Build distribution	UNKNOWN STEP	2026-01-06T13:33:15.6424023Z   MAVEN_ARGS: -B -nsu -Daether.connector.http.connectionMaxTtl=25
Build distribution	UNKNOWN STEP	2026-01-06T13:33:15.6424377Z   MINIKUBE_VERSION: v1.37.0
Build distribution	UNKNOWN STEP	2026-01-06T13:33:15.6424927Z   KUBERNETES_VERSION: v1.32.9
Build distribution	UNKNOWN STEP	2026-01-06T13:33:15.6425167Z   MINIKUBE_MEMORY: 4096
Build distribution	UNKNOWN STEP	2026-01-06T13:33:15.6425490Z   JAVA_HOME: /opt/hostedtoolcache/Java_Temurin-Hotspot_jdk/21.0.9-10/x64
Build distribution	UNKNOWN STEP	2026-01-06T13:33:15.6425942Z   JAVA_HOME_21_X64: /opt/hostedtoolcache/Java_Temurin-Hotspot_jdk/21.0.9-10/x64
Build distribution	UNKNOWN STEP	2026-01-06T13:33:15.6426300Z ##[endgroup]
Build distribution	UNKNOWN STEP	2026-01-06T13:33:15.9018848Z Cache hit for: Linux-pnpm-store-2026-01
Build distribution	UNKNOWN STEP	2026-01-06T13:33:17.0325334Z Received 134217728 of 140478293 (95.5%), 127.9 MBs/sec
Build distribution	UNKNOWN STEP	2026-01-06T13:33:17.0461173Z Received 140478293 of 140478293 (100.0%), 132.1 MBs/sec
Build distribution	UNKNOWN STEP	2026-01-06T13:33:17.0462903Z Cache Size: ~134 MB (140478293 B)
Build distribution	UNKNOWN STEP	2026-01-06T13:33:17.0492491Z [command]/usr/bin/tar -xf /home/runner/work/_temp/f420f98a-1b2f-4266-adac-500aafccec29/cache.tzst -P -C /home/runner/work/keycloak/keycloak --use-compress-program unzstd
Build distribution	UNKNOWN STEP	2026-01-06T13:33:19.8905618Z Cache restored successfully
Build distribution	UNKNOWN STEP	2026-01-06T13:33:19.9262521Z Cache restored from key: Linux-pnpm-store-2026-01
Build distribution	UNKNOWN STEP	2026-01-06T13:33:19.9383129Z ##[group]Run # Ensure this plugin is built first to avoid warnings in the build
Build distribution	UNKNOWN STEP	2026-01-06T13:33:19.9383677Z [36;1m# Ensure this plugin is built first to avoid warnings in the build[0m
Build distribution	UNKNOWN STEP	2026-01-06T13:33:19.9384296Z [36;1m./mvnw install -Pdistribution -am -pl distribution/maven-plugins/licenses-processor[0m
Build distribution	UNKNOWN STEP	2026-01-06T13:33:19.9385365Z [36;1m# By using "dependency:resolve", it will download all dependencies used in later stages for running the tests[0m
Build distribution	UNKNOWN STEP	2026-01-06T13:33:19.9386213Z [36;1m./mvnw install dependency:resolve -V -e -DskipTests -DskipExamples -DexcludeGroupIds=org.keycloak -Dsilent=true -DcommitProtoLockChanges=true[0m
Build distribution	UNKNOWN STEP	2026-01-06T13:33:19.9419907Z shell: /usr/bin/bash --noprofile --norc -e -o pipefail {0}
Build distribution	UNKNOWN STEP	2026-01-06T13:33:19.9420247Z env:
Build distribution	UNKNOWN STEP	2026-01-06T13:33:19.9420534Z   MAVEN_ARGS: -B -nsu -Daether.connector.http.connectionMaxTtl=25
Build distribution	UNKNOWN STEP	2026-01-06T13:33:19.9420901Z   MINIKUBE_VERSION: v1.37.0
Build distribution	UNKNOWN STEP	2026-01-06T13:33:19.9421152Z   KUBERNETES_VERSION: v1.32.9
Build distribution	UNKNOWN STEP	2026-01-06T13:33:19.9421394Z   MINIKUBE_MEMORY: 4096
Build distribution	UNKNOWN STEP	2026-01-06T13:33:19.9421738Z   JAVA_HOME: /opt/hostedtoolcache/Java_Temurin-Hotspot_jdk/21.0.9-10/x64
Build distribution	UNKNOWN STEP	2026-01-06T13:33:19.9422213Z   JAVA_HOME_21_X64: /opt/hostedtoolcache/Java_Temurin-Hotspot_jdk/21.0.9-10/x64
Build distribution	UNKNOWN STEP	2026-01-06T13:33:19.9422578Z ##[endgroup]
Build distribution	UNKNOWN STEP	2026-01-06T13:33:20.0899049Z wget: Failed to fetch https://repo.maven.apache.org/maven2/org/apache/maven/apache-maven/3.9.8/apache-maven-3.9.8-bin.zip
Build distribution	UNKNOWN STEP	2026-01-06T13:33:20.0928304Z ##[error]Process completed with exit code 1.
Build distribution	UNKNOWN STEP	2026-01-06T13:33:20.1025786Z Post job cleanup.
Build distribution	UNKNOWN STEP	2026-01-06T13:33:20.1082636Z Post job cleanup.
Build distribution	UNKNOWN STEP	2026-01-06T13:33:20.2902718Z Post job cleanup.
Build distribution	UNKNOWN STEP	2026-01-06T13:33:20.3790153Z [command]/usr/bin/git version
Build distribution	UNKNOWN STEP	2026-01-06T13:33:20.3829698Z git version 2.52.0
Build distribution	UNKNOWN STEP	2026-01-06T13:33:20.3872258Z Temporarily overriding HOME='/home/runner/work/_temp/0b27b6cb-b446-45f4-9855-d1e8ee33c8e1' before making global git config changes
Build distribution	UNKNOWN STEP	2026-01-06T13:33:20.3873566Z Adding repository directory to the temporary git global config as a safe directory
Build distribution	UNKNOWN STEP	2026-01-06T13:33:20.3879309Z [command]/usr/bin/git config --global --add safe.directory /home/runner/work/keycloak/keycloak
Build distribution	UNKNOWN STEP	2026-01-06T13:33:20.3924419Z [command]/usr/bin/git config --local --name-only --get-regexp core\.sshCommand
Build distribution	UNKNOWN STEP	2026-01-06T13:33:20.3965839Z [command]/usr/bin/git submodule foreach --recursive sh -c "git config --local --name-only --get-regexp 'core\.sshCommand' && git config --local --unset-all 'core.sshCommand' || :"
Build distribution	UNKNOWN STEP	2026-01-06T13:33:20.4246907Z [command]/usr/bin/git config --local --name-only --get-regexp http\.https\:\/\/github\.com\/\.extraheader
Build distribution	UNKNOWN STEP	2026-01-06T13:33:20.4276645Z http.https://github.com/.extraheader
Build distribution	UNKNOWN STEP	2026-01-06T13:33:20.4289045Z [command]/usr/bin/git config --local --unset-all http.https://github.com/.extraheader
Build distribution	UNKNOWN STEP	2026-01-06T13:33:20.4329402Z [command]/usr/bin/git submodule foreach --recursive sh -c "git config --local --name-only --get-regexp 'http\.https\:\/\/github\.com\/\.extraheader' && git config --local --unset-all 'http.https://github.com/.extraheader' || :"
Build distribution	UNKNOWN STEP	2026-01-06T13:33:20.4725299Z Cleaning up orphan processes
Status Check - Keycloak Operator CI	UNKNOWN STEP	ï»¿2026-01-06T13:33:56.2381702Z Current runner version: '2.330.0'
Status Check - Keycloak Operator CI	UNKNOWN STEP	2026-01-06T13:33:56.2406016Z ##[group]Runner Image Provisioner
Status Check - Keycloak Operator CI	UNKNOWN STEP	2026-01-06T13:33:56.2406787Z Hosted Compute Agent
Status Check - Keycloak Operator CI	UNKNOWN STEP	2026-01-06T13:33:56.2407605Z Version: 20251211.462
Status Check - Keycloak Operator CI	UNKNOWN STEP	2026-01-06T13:33:56.2408201Z Commit: 6cbad8c2bb55d58165063d031ccabf57e2d2db61
Status Check - Keycloak Operator CI	UNKNOWN STEP	2026-01-06T13:33:56.2408898Z Build Date: 2025-12-11T16:28:49Z
Status Check - Keycloak Operator CI	UNKNOWN STEP	2026-01-06T13:33:56.2409617Z Worker ID: {e45c83e6-362e-4361-8aa1-1d4b3afce6bc}
Status Check - Keycloak Operator CI	UNKNOWN STEP	2026-01-06T13:33:56.2410287Z ##[endgroup]
Status Check - Keycloak Operator CI	UNKNOWN STEP	2026-01-06T13:33:56.2410818Z ##[group]Operating System
Status Check - Keycloak Operator CI	UNKNOWN STEP	2026-01-06T13:33:56.2411374Z Ubuntu
Status Check - Keycloak Operator CI	UNKNOWN STEP	2026-01-06T13:33:56.2411868Z 24.04.3
Status Check - Keycloak Operator CI	UNKNOWN STEP	2026-01-06T13:33:56.2412296Z LTS
Status Check - Keycloak Operator CI	UNKNOWN STEP	2026-01-06T13:33:56.2412798Z ##[endgroup]
Status Check - Keycloak Operator CI	UNKNOWN STEP	2026-01-06T13:33:56.2413303Z ##[group]Runner Image
Status Check - Keycloak Operator CI	UNKNOWN STEP	2026-01-06T13:33:56.2413834Z Image: ubuntu-24.04
Status Check - Keycloak Operator CI	UNKNOWN STEP	2026-01-06T13:33:56.2414373Z Version: 20251215.174.1
Status Check - Keycloak Operator CI	UNKNOWN STEP	2026-01-06T13:33:56.2415389Z Included Software: https://github.com/actions/runner-images/blob/ubuntu24/20251215.174/images/ubuntu/Ubuntu2404-Readme.md
Status Check - Keycloak Operator CI	UNKNOWN STEP	2026-01-06T13:33:56.2416926Z Image Release: https://github.com/actions/runner-images/releases/tag/ubuntu24%2F20251215.174
Status Check - Keycloak Operator CI	UNKNOWN STEP	2026-01-06T13:33:56.2418100Z ##[endgroup]
Status Check - Keycloak Operator CI	UNKNOWN STEP	2026-01-06T13:33:56.2419084Z ##[group]GITHUB_TOKEN Permissions
Status Check - Keycloak Operator CI	UNKNOWN STEP	2026-01-06T13:33:56.2420894Z Contents: read
Status Check - Keycloak Operator CI	UNKNOWN STEP	2026-01-06T13:33:56.2421416Z Metadata: read
Status Check - Keycloak Operator CI	UNKNOWN STEP	2026-01-06T13:33:56.2421901Z ##[endgroup]
Status Check - Keycloak Operator CI	UNKNOWN STEP	2026-01-06T13:33:56.2423932Z Secret source: None
Status Check - Keycloak Operator CI	UNKNOWN STEP	2026-01-06T13:33:56.2424604Z Prepare workflow directory
Status Check - Keycloak Operator CI	UNKNOWN STEP	2026-01-06T13:33:56.2815175Z Prepare all required actions
Status Check - Keycloak Operator CI	UNKNOWN STEP	2026-01-06T13:33:56.2852187Z Getting action download info
Status Check - Keycloak Operator CI	UNKNOWN STEP	2026-01-06T13:33:56.7578236Z Download action repository 'actions/checkout@08c6903cd8c0fde910a37f88322edcfb5dd907a8' (SHA:08c6903cd8c0fde910a37f88322edcfb5dd907a8)
Status Check - Keycloak Operator CI	UNKNOWN STEP	2026-01-06T13:33:56.9687660Z Complete job name: Status Check - Keycloak Operator CI
Status Check - Keycloak Operator CI	UNKNOWN STEP	2026-01-06T13:33:57.0345520Z ##[group]Run actions/checkout@08c6903cd8c0fde910a37f88322edcfb5dd907a8
Status Check - Keycloak Operator CI	UNKNOWN STEP	2026-01-06T13:33:57.0346520Z with:
Status Check - Keycloak Operator CI	UNKNOWN STEP	2026-01-06T13:33:57.0346913Z   repository: keycloak/keycloak
Status Check - Keycloak Operator CI	UNKNOWN STEP	2026-01-06T13:33:57.0347695Z   token: ***
Status Check - Keycloak Operator CI	UNKNOWN STEP	2026-01-06T13:33:57.0348104Z   ssh-strict: true
Status Check - Keycloak Operator CI	UNKNOWN STEP	2026-01-06T13:33:57.0348495Z   ssh-user: git
Status Check - Keycloak Operator CI	UNKNOWN STEP	2026-01-06T13:33:57.0348895Z   persist-credentials: true
Status Check - Keycloak Operator CI	UNKNOWN STEP	2026-01-06T13:33:57.0349320Z   clean: true
Status Check - Keycloak Operator CI	UNKNOWN STEP	2026-01-06T13:33:57.0349713Z   sparse-checkout-cone-mode: true
Status Check - Keycloak Operator CI	UNKNOWN STEP	2026-01-06T13:33:57.0350175Z   fetch-depth: 1
Status Check - Keycloak Operator CI	UNKNOWN STEP	2026-01-06T13:33:57.0350552Z   fetch-tags: false
Status Check - Keycloak Operator CI	UNKNOWN STEP	2026-01-06T13:33:57.0350940Z   show-progress: true
Status Check - Keycloak Operator CI	UNKNOWN STEP	2026-01-06T13:33:57.0351333Z   lfs: false
Status Check - Keycloak Operator CI	UNKNOWN STEP	2026-01-06T13:33:57.0351710Z   submodules: false
Status Check - Keycloak Operator CI	UNKNOWN STEP	2026-01-06T13:33:57.0352234Z   set-safe-directory: true
Status Check - Keycloak Operator CI	UNKNOWN STEP	2026-01-06T13:33:57.0353146Z env:
Status Check - Keycloak Operator CI	UNKNOWN STEP	2026-01-06T13:33:57.0353686Z   MAVEN_ARGS: -B -nsu -Daether.connector.http.connectionMaxTtl=25
Status Check - Keycloak Operator CI	UNKNOWN STEP	2026-01-06T13:33:57.0354526Z   MINIKUBE_VERSION: v1.37.0
Status Check - Keycloak Operator CI	UNKNOWN STEP	2026-01-06T13:33:57.0355011Z   KUBERNETES_VERSION: v1.32.9
Status Check - Keycloak Operator CI	UNKNOWN STEP	2026-01-06T13:33:57.0355458Z   MINIKUBE_MEMORY: 4096
Status Check - Keycloak Operator CI	UNKNOWN STEP	2026-01-06T13:33:57.0355856Z ##[endgroup]
Status Check - Keycloak Operator CI	UNKNOWN STEP	2026-01-06T13:33:57.1270365Z Syncing repository: keycloak/keycloak
Status Check - Keycloak Operator CI	UNKNOWN STEP	2026-01-06T13:33:57.1272025Z ##[group]Getting Git version info
Status Check - Keycloak Operator CI	UNKNOWN STEP	2026-01-06T13:33:57.1272744Z Working directory is '/home/runner/work/keycloak/keycloak'
Status Check - Keycloak Operator CI	UNKNOWN STEP	2026-01-06T13:33:57.1273653Z [command]/usr/bin/git version
Status Check - Keycloak Operator CI	UNKNOWN STEP	2026-01-06T13:33:57.1335856Z git version 2.52.0
Status Check - Keycloak Operator CI	UNKNOWN STEP	2026-01-06T13:33:57.1355812Z ##[endgroup]
Status Check - Keycloak Operator CI	UNKNOWN STEP	2026-01-06T13:33:57.1370584Z Temporarily overriding HOME='/home/runner/work/_temp/ea70da9f-28a4-4b9c-9b4d-1b1d12c1c3e7' before making global git config changes
Status Check - Keycloak Operator CI	UNKNOWN STEP	2026-01-06T13:33:57.1371931Z Adding repository directory to the temporary git global config as a safe directory
Status Check - Keycloak Operator CI	UNKNOWN STEP	2026-01-06T13:33:57.1375226Z [command]/usr/bin/git config --global --add safe.directory /home/runner/work/keycloak/keycloak
Status Check - Keycloak Operator CI	UNKNOWN STEP	2026-01-06T13:33:57.1413789Z Deleting the contents of '/home/runner/work/keycloak/keycloak'
Status Check - Keycloak Operator CI	UNKNOWN STEP	2026-01-06T13:33:57.1416985Z ##[group]Initializing the repository
Status Check - Keycloak Operator CI	UNKNOWN STEP	2026-01-06T13:33:57.1421455Z [command]/usr/bin/git init /home/runner/work/keycloak/keycloak
Status Check - Keycloak Operator CI	UNKNOWN STEP	2026-01-06T13:33:57.1527658Z hint: Using 'master' as the name for the initial branch. This default branch name
Status Check - Keycloak Operator CI	UNKNOWN STEP	2026-01-06T13:33:57.1528749Z hint: will change to "main" in Git 3.0. To configure the initial branch name
Status Check - Keycloak Operator CI	UNKNOWN STEP	2026-01-06T13:33:57.1529867Z hint: to use in all of your new repositories, which will suppress this warning,
Status Check - Keycloak Operator CI	UNKNOWN STEP	2026-01-06T13:33:57.1530600Z hint: call:
Status Check - Keycloak Operator CI	UNKNOWN STEP	2026-01-06T13:33:57.1531190Z hint:
Status Check - Keycloak Operator CI	UNKNOWN STEP	2026-01-06T13:33:57.1531922Z hint: 	git config --global init.defaultBranch <name>
Status Check - Keycloak Operator CI	UNKNOWN STEP	2026-01-06T13:33:57.1532559Z hint:
Status Check - Keycloak Operator CI	UNKNOWN STEP	2026-01-06T13:33:57.1533094Z hint: Names commonly chosen instead of 'master' are 'main', 'trunk' and
Status Check - Keycloak Operator CI	UNKNOWN STEP	2026-01-06T13:33:57.1533953Z hint: 'development'. The just-created branch can be renamed via this command:
Status Check - Keycloak Operator CI	UNKNOWN STEP	2026-01-06T13:33:57.1534616Z hint:
Status Check - Keycloak Operator CI	UNKNOWN STEP	2026-01-06T13:33:57.1534983Z hint: 	git branch -m <name>
Status Check - Keycloak Operator CI	UNKNOWN STEP	2026-01-06T13:33:57.1535408Z hint:
Status Check - Keycloak Operator CI	UNKNOWN STEP	2026-01-06T13:33:57.1536249Z hint: Disable this message with "git config set advice.defaultBranchName false"
Status Check - Keycloak Operator CI	UNKNOWN STEP	2026-01-06T13:33:57.1538012Z Initialized empty Git repository in /home/runner/work/keycloak/keycloak/.git/
Status Check - Keycloak Operator CI	UNKNOWN STEP	2026-01-06T13:33:57.1542290Z [command]/usr/bin/git remote add origin https://github.com/keycloak/keycloak
Status Check - Keycloak Operator CI	UNKNOWN STEP	2026-01-06T13:33:57.1607738Z ##[endgroup]
Status Check - Keycloak Operator CI	UNKNOWN STEP	2026-01-06T13:33:57.1608451Z ##[group]Disabling automatic garbage collection
Status Check - Keycloak Operator CI	UNKNOWN STEP	2026-01-06T13:33:57.1611371Z [command]/usr/bin/git config --local gc.auto 0
Status Check - Keycloak Operator CI	UNKNOWN STEP	2026-01-06T13:33:57.1639277Z ##[endgroup]
Status Check - Keycloak Operator CI	UNKNOWN STEP	2026-01-06T13:33:57.1639954Z ##[group]Setting up auth
Status Check - Keycloak Operator CI	UNKNOWN STEP	2026-01-06T13:33:57.1645933Z [command]/usr/bin/git config --local --name-only --get-regexp core\.sshCommand
Status Check - Keycloak Operator CI	UNKNOWN STEP	2026-01-06T13:33:57.1675621Z [command]/usr/bin/git submodule foreach --recursive sh -c "git config --local --name-only --get-regexp 'core\.sshCommand' && git config --local --unset-all 'core.sshCommand' || :"
Status Check - Keycloak Operator CI	UNKNOWN STEP	2026-01-06T13:33:57.1988484Z [command]/usr/bin/git config --local --name-only --get-regexp http\.https\:\/\/github\.com\/\.extraheader
Status Check - Keycloak Operator CI	UNKNOWN STEP	2026-01-06T13:33:57.2018885Z [command]/usr/bin/git submodule foreach --recursive sh -c "git config --local --name-only --get-regexp 'http\.https\:\/\/github\.com\/\.extraheader' && git config --local --unset-all 'http.https://github.com/.extraheader' || :"
Status Check - Keycloak Operator CI	UNKNOWN STEP	2026-01-06T13:33:57.2244812Z [command]/usr/bin/git config --local http.https://github.com/.extraheader AUTHORIZATION: basic ***
Status Check - Keycloak Operator CI	UNKNOWN STEP	2026-01-06T13:33:57.2278848Z ##[endgroup]
Status Check - Keycloak Operator CI	UNKNOWN STEP	2026-01-06T13:33:57.2279753Z ##[group]Fetching the repository
Status Check - Keycloak Operator CI	UNKNOWN STEP	2026-01-06T13:33:57.2288121Z [command]/usr/bin/git -c protocol.version=2 fetch --no-tags --prune --no-recurse-submodules --depth=1 origin +c0d2bb3838cbb68e8c9cac9a60a3206adc368543:refs/remotes/pull/45171/merge
Status Check - Keycloak Operator CI	UNKNOWN STEP	2026-01-06T13:34:00.6151527Z From https://github.com/keycloak/keycloak
Status Check - Keycloak Operator CI	UNKNOWN STEP	2026-01-06T13:34:00.6157758Z  * [new ref]         c0d2bb3838cbb68e8c9cac9a60a3206adc368543 -> pull/45171/merge
Status Check - Keycloak Operator CI	UNKNOWN STEP	2026-01-06T13:34:00.6204725Z ##[endgroup]
Status Check - Keycloak Operator CI	UNKNOWN STEP	2026-01-06T13:34:00.6206761Z ##[group]Determining the checkout info
Status Check - Keycloak Operator CI	UNKNOWN STEP	2026-01-06T13:34:00.6209994Z ##[endgroup]
Status Check - Keycloak Operator CI	UNKNOWN STEP	2026-01-06T13:34:00.6210898Z [command]/usr/bin/git sparse-checkout disable
Status Check - Keycloak Operator CI	UNKNOWN STEP	2026-01-06T13:34:00.6273867Z [command]/usr/bin/git config --local --unset-all extensions.worktreeConfig
Status Check - Keycloak Operator CI	UNKNOWN STEP	2026-01-06T13:34:00.6309065Z ##[group]Checking out the ref
Status Check - Keycloak Operator CI	UNKNOWN STEP	2026-01-06T13:34:00.6312660Z [command]/usr/bin/git checkout --progress --force refs/remotes/pull/45171/merge
Status Check - Keycloak Operator CI	UNKNOWN STEP	2026-01-06T13:34:01.4948609Z Note: switching to 'refs/remotes/pull/45171/merge'.
Status Check - Keycloak Operator CI	UNKNOWN STEP	2026-01-06T13:34:01.4949052Z 
Status Check - Keycloak Operator CI	UNKNOWN STEP	2026-01-06T13:34:01.4949341Z You are in 'detached HEAD' state. You can look around, make experimental
Status Check - Keycloak Operator CI	UNKNOWN STEP	2026-01-06T13:34:01.4949956Z changes and commit them, and you can discard any commits you make in this
Status Check - Keycloak Operator CI	UNKNOWN STEP	2026-01-06T13:34:01.4950565Z state without impacting any branches by switching back to a branch.
Status Check - Keycloak Operator CI	UNKNOWN STEP	2026-01-06T13:34:01.4950921Z 
Status Check - Keycloak Operator CI	UNKNOWN STEP	2026-01-06T13:34:01.4951183Z If you want to create a new branch to retain commits you create, you may
Status Check - Keycloak Operator CI	UNKNOWN STEP	2026-01-06T13:34:01.4951732Z do so (now or later) by using -c with the switch command. Example:
Status Check - Keycloak Operator CI	UNKNOWN STEP	2026-01-06T13:34:01.4952043Z 
Status Check - Keycloak Operator CI	UNKNOWN STEP	2026-01-06T13:34:01.4952241Z   git switch -c <new-branch-name>
Status Check - Keycloak Operator CI	UNKNOWN STEP	2026-01-06T13:34:01.4952454Z 
Status Check - Keycloak Operator CI	UNKNOWN STEP	2026-01-06T13:34:01.4952615Z Or undo this operation with:
Status Check - Keycloak Operator CI	UNKNOWN STEP	2026-01-06T13:34:01.4952812Z 
Status Check - Keycloak Operator CI	UNKNOWN STEP	2026-01-06T13:34:01.4952928Z   git switch -
Status Check - Keycloak Operator CI	UNKNOWN STEP	2026-01-06T13:34:01.4953112Z 
Status Check - Keycloak Operator CI	UNKNOWN STEP	2026-01-06T13:34:01.4953392Z Turn off this advice by setting config variable advice.detachedHead to false
Status Check - Keycloak Operator CI	UNKNOWN STEP	2026-01-06T13:34:01.4954123Z 
Status Check - Keycloak Operator CI	UNKNOWN STEP	2026-01-06T13:34:01.4954573Z HEAD is now at c0d2bb3 Merge 2c25b3a8aff8e3500c74c5f04fd4814be1a71af6 into ffed84194e405af2f3f07f3b684e0c039d53e9b0
Status Check - Keycloak Operator CI	UNKNOWN STEP	2026-01-06T13:34:01.4983323Z ##[endgroup]
Status Check - Keycloak Operator CI	UNKNOWN STEP	2026-01-06T13:34:01.5021637Z [command]/usr/bin/git log -1 --format=%H
Status Check - Keycloak Operator CI	UNKNOWN STEP	2026-01-06T13:34:01.5046340Z c0d2bb3838cbb68e8c9cac9a60a3206adc368543
Status Check - Keycloak Operator CI	UNKNOWN STEP	2026-01-06T13:34:01.5276537Z Prepare all required actions
Status Check - Keycloak Operator CI	UNKNOWN STEP	2026-01-06T13:34:01.5347955Z ##[group]Run ./.github/actions/status-check
Status Check - Keycloak Operator CI	UNKNOWN STEP	2026-01-06T13:34:01.5348347Z with:
Status Check - Keycloak Operator CI	UNKNOWN STEP	2026-01-06T13:34:01.5349419Z   jobs: {
Status Check - Keycloak Operator CI	UNKNOWN STEP	  "conditional": {
Status Check - Keycloak Operator CI	UNKNOWN STEP	    "result": "success",
Status Check - Keycloak Operator CI	UNKNOWN STEP	    "outputs": {
Status Check - Keycloak Operator CI	UNKNOWN STEP	      "operator": "true"
Status Check - Keycloak Operator CI	UNKNOWN STEP	    }
Status Check - Keycloak Operator CI	UNKNOWN STEP	  },
Status Check - Keycloak Operator CI	UNKNOWN STEP	  "build": {
Status Check - Keycloak Operator CI	UNKNOWN STEP	    "result": "failure",
Status Check - Keycloak Operator CI	UNKNOWN STEP	    "outputs": {}
Status Check - Keycloak Operator CI	UNKNOWN STEP	  },
Status Check - Keycloak Operator CI	UNKNOWN STEP	  "test-local-apiserver": {
Status Check - Keycloak Operator CI	UNKNOWN STEP	    "result": "skipped",
Status Check - Keycloak Operator CI	UNKNOWN STEP	    "outputs": {}
Status Check - Keycloak Operator CI	UNKNOWN STEP	  },
Status Check - Keycloak Operator CI	UNKNOWN STEP	  "test-remote": {
Status Check - Keycloak Operator CI	UNKNOWN STEP	    "result": "skipped",
Status Check - Keycloak Operator CI	UNKNOWN STEP	    "outputs": {}
Status Check - Keycloak Operator CI	UNKNOWN STEP	  },
Status Check - Keycloak Operator CI	UNKNOWN STEP	  "test-olm": {
Status Check - Keycloak Operator CI	UNKNOWN STEP	    "result": "skipped",
Status Check - Keycloak Operator CI	UNKNOWN STEP	    "outputs": {}
Status Check - Keycloak Operator CI	UNKNOWN STEP	  }
Status Check - Keycloak Operator CI	UNKNOWN STEP	}
Status Check - Keycloak Operator CI	UNKNOWN STEP	2026-01-06T13:34:01.5350568Z env:
Status Check - Keycloak Operator CI	UNKNOWN STEP	2026-01-06T13:34:01.5350938Z   MAVEN_ARGS: -B -nsu -Daether.connector.http.connectionMaxTtl=25
Status Check - Keycloak Operator CI	UNKNOWN STEP	2026-01-06T13:34:01.5351396Z   MINIKUBE_VERSION: v1.37.0
Status Check - Keycloak Operator CI	UNKNOWN STEP	2026-01-06T13:34:01.5351731Z   KUBERNETES_VERSION: v1.32.9
Status Check - Keycloak Operator CI	UNKNOWN STEP	2026-01-06T13:34:01.5352049Z   MINIKUBE_MEMORY: 4096
Status Check - Keycloak Operator CI	UNKNOWN STEP	2026-01-06T13:34:01.5352315Z ##[endgroup]
Status Check - Keycloak Operator CI	UNKNOWN STEP	2026-01-06T13:34:01.5452937Z ##[group]Run JOBS='{
Status Check - Keycloak Operator CI	UNKNOWN STEP	2026-01-06T13:34:01.5453315Z [36;1mJOBS='{[0m
Status Check - Keycloak Operator CI	UNKNOWN STEP	2026-01-06T13:34:01.5453637Z [36;1m  "conditional": {[0m
Status Check - Keycloak Operator CI	UNKNOWN STEP	2026-01-06T13:34:01.5453950Z [36;1m    "result": "success",[0m
Status Check - Keycloak Operator CI	UNKNOWN STEP	2026-01-06T13:34:01.5454279Z [36;1m    "outputs": {[0m
Status Check - Keycloak Operator CI	UNKNOWN STEP	2026-01-06T13:34:01.5454570Z [36;1m      "operator": "true"[0m
Status Check - Keycloak Operator CI	UNKNOWN STEP	2026-01-06T13:34:01.5454871Z [36;1m    }[0m
Status Check - Keycloak Operator CI	UNKNOWN STEP	2026-01-06T13:34:01.5455117Z [36;1m  },[0m
Status Check - Keycloak Operator CI	UNKNOWN STEP	2026-01-06T13:34:01.5455358Z [36;1m  "build": {[0m
Status Check - Keycloak Operator CI	UNKNOWN STEP	2026-01-06T13:34:01.5455634Z [36;1m    "result": "failure",[0m
Status Check - Keycloak Operator CI	UNKNOWN STEP	2026-01-06T13:34:01.5455953Z [36;1m    "outputs": {}[0m
Status Check - Keycloak Operator CI	UNKNOWN STEP	2026-01-06T13:34:01.5456220Z [36;1m  },[0m
Status Check - Keycloak Operator CI	UNKNOWN STEP	2026-01-06T13:34:01.5456488Z [36;1m  "test-local-apiserver": {[0m
Status Check - Keycloak Operator CI	UNKNOWN STEP	2026-01-06T13:34:01.5456829Z [36;1m    "result": "skipped",[0m
Status Check - Keycloak Operator CI	UNKNOWN STEP	2026-01-06T13:34:01.5457157Z [36;1m    "outputs": {}[0m
Status Check - Keycloak Operator CI	UNKNOWN STEP	2026-01-06T13:34:01.5457663Z [36;1m  },[0m
Status Check - Keycloak Operator CI	UNKNOWN STEP	2026-01-06T13:34:01.5457921Z [36;1m  "test-remote": {[0m
Status Check - Keycloak Operator CI	UNKNOWN STEP	2026-01-06T13:34:01.5458224Z [36;1m    "result": "skipped",[0m
Status Check - Keycloak Operator CI	UNKNOWN STEP	2026-01-06T13:34:01.5458531Z [36;1m    "outputs": {}[0m
Status Check - Keycloak Operator CI	UNKNOWN STEP	2026-01-06T13:34:01.5458807Z [36;1m  },[0m
Status Check - Keycloak Operator CI	UNKNOWN STEP	2026-01-06T13:34:01.5459054Z [36;1m  "test-olm": {[0m
Status Check - Keycloak Operator CI	UNKNOWN STEP	2026-01-06T13:34:01.5459338Z [36;1m    "result": "skipped",[0m
Status Check - Keycloak Operator CI	UNKNOWN STEP	2026-01-06T13:34:01.5459635Z [36;1m    "outputs": {}[0m
Status Check - Keycloak Operator CI	UNKNOWN STEP	2026-01-06T13:34:01.5459912Z [36;1m  }[0m
Status Check - Keycloak Operator CI	UNKNOWN STEP	2026-01-06T13:34:01.5460136Z [36;1m}'[0m
Status Check - Keycloak Operator CI	UNKNOWN STEP	2026-01-06T13:34:01.5460370Z [36;1m[0m
Status Check - Keycloak Operator CI	UNKNOWN STEP	2026-01-06T13:34:01.5460617Z [36;1mecho "Job status:"[0m
Status Check - Keycloak Operator CI	UNKNOWN STEP	2026-01-06T13:34:01.5461050Z [36;1mecho $JOBS | jq -r 'to_entries[] | " - \(.key): \(.value.result)"'[0m
Status Check - Keycloak Operator CI	UNKNOWN STEP	2026-01-06T13:34:01.5461452Z [36;1m[0m
Status Check - Keycloak Operator CI	UNKNOWN STEP	2026-01-06T13:34:01.5461770Z [36;1mfor i in $(echo $JOBS | jq -r 'to_entries[] | .value.result'); do[0m
Status Check - Keycloak Operator CI	UNKNOWN STEP	2026-01-06T13:34:01.5462229Z [36;1m  if [ "$i" != "success" ] && [ "$i" != "skipped" ]; then[0m
Status Check - Keycloak Operator CI	UNKNOWN STEP	2026-01-06T13:34:01.5462573Z [36;1m    echo ""[0m
Status Check - Keycloak Operator CI	UNKNOWN STEP	2026-01-06T13:34:01.5462856Z [36;1m    echo "Status check not okay!"[0m
Status Check - Keycloak Operator CI	UNKNOWN STEP	2026-01-06T13:34:01.5463161Z [36;1m    exit 1[0m
Status Check - Keycloak Operator CI	UNKNOWN STEP	2026-01-06T13:34:01.5463404Z [36;1m  fi[0m
Status Check - Keycloak Operator CI	UNKNOWN STEP	2026-01-06T13:34:01.5463639Z [36;1mdone[0m
Status Check - Keycloak Operator CI	UNKNOWN STEP	2026-01-06T13:34:01.5500567Z shell: /usr/bin/bash --noprofile --norc -e -o pipefail {0}
Status Check - Keycloak Operator CI	UNKNOWN STEP	2026-01-06T13:34:01.5501022Z env:
Status Check - Keycloak Operator CI	UNKNOWN STEP	2026-01-06T13:34:01.5501382Z   MAVEN_ARGS: -B -nsu -Daether.connector.http.connectionMaxTtl=25
Status Check - Keycloak Operator CI	UNKNOWN STEP	2026-01-06T13:34:01.5501829Z   MINIKUBE_VERSION: v1.37.0
Status Check - Keycloak Operator CI	UNKNOWN STEP	2026-01-06T13:34:01.5502151Z   KUBERNETES_VERSION: v1.32.9
Status Check - Keycloak Operator CI	UNKNOWN STEP	2026-01-06T13:34:01.5502512Z   MINIKUBE_MEMORY: 4096
Status Check - Keycloak Operator CI	UNKNOWN STEP	2026-01-06T13:34:01.5502783Z ##[endgroup]
Status Check - Keycloak Operator CI	UNKNOWN STEP	2026-01-06T13:34:01.5573577Z Job status:
Status Check - Keycloak Operator CI	UNKNOWN STEP	2026-01-06T13:34:01.5600620Z  - conditional: success
Status Check - Keycloak Operator CI	UNKNOWN STEP	2026-01-06T13:34:01.5601133Z  - build: failure
Status Check - Keycloak Operator CI	UNKNOWN STEP	2026-01-06T13:34:01.5601562Z  - test-local-apiserver: skipped
Status Check - Keycloak Operator CI	UNKNOWN STEP	2026-01-06T13:34:01.5602294Z  - test-remote: skipped
Status Check - Keycloak Operator CI	UNKNOWN STEP	2026-01-06T13:34:01.5602817Z  - test-olm: skipped
Status Check - Keycloak Operator CI	UNKNOWN STEP	2026-01-06T13:34:01.5634142Z 
Status Check - Keycloak Operator CI	UNKNOWN STEP	2026-01-06T13:34:01.5634404Z Status check not okay!
Status Check - Keycloak Operator CI	UNKNOWN STEP	2026-01-06T13:34:01.5647792Z ##[error]Process completed with exit code 1.
Status Check - Keycloak Operator CI	UNKNOWN STEP	2026-01-06T13:34:01.5773868Z Post job cleanup.
Status Check - Keycloak Operator CI	UNKNOWN STEP	2026-01-06T13:34:01.6596597Z [command]/usr/bin/git version
Status Check - Keycloak Operator CI	UNKNOWN STEP	2026-01-06T13:34:01.6597481Z git version 2.52.0
Status Check - Keycloak Operator CI	UNKNOWN STEP	2026-01-06T13:34:01.6649832Z Temporarily overriding HOME='/home/runner/work/_temp/20914972-919f-4f06-9653-e0cb15eec85e' before making global git config changes
Status Check - Keycloak Operator CI	UNKNOWN STEP	2026-01-06T13:34:01.6651436Z Adding repository directory to the temporary git global config as a safe directory
Status Check - Keycloak Operator CI	UNKNOWN STEP	2026-01-06T13:34:01.6654892Z [command]/usr/bin/git config --global --add safe.directory /home/runner/work/keycloak/keycloak
Status Check - Keycloak Operator CI	UNKNOWN STEP	2026-01-06T13:34:01.6689872Z [command]/usr/bin/git config --local --name-only --get-regexp core\.sshCommand
Status Check - Keycloak Operator CI	UNKNOWN STEP	2026-01-06T13:34:01.6721567Z [command]/usr/bin/git submodule foreach --recursive sh -c "git config --local --name-only --get-regexp 'core\.sshCommand' && git config --local --unset-all 'core.sshCommand' || :"
Status Check - Keycloak Operator CI	UNKNOWN STEP	2026-01-06T13:34:01.6973503Z [command]/usr/bin/git config --local --name-only --get-regexp http\.https\:\/\/github\.com\/\.extraheader
Status Check - Keycloak Operator CI	UNKNOWN STEP	2026-01-06T13:34:01.6998139Z http.https://github.com/.extraheader
Status Check - Keycloak Operator CI	UNKNOWN STEP	2026-01-06T13:34:01.7008010Z [command]/usr/bin/git config --local --unset-all http.https://github.com/.extraheader
Status Check - Keycloak Operator CI	UNKNOWN STEP	2026-01-06T13:34:01.7039933Z [command]/usr/bin/git submodule foreach --recursive sh -c "git config --local --name-only --get-regexp 'http\.https\:\/\/github\.com\/\.extraheader' && git config --local --unset-all 'http.https://github.com/.extraheader' || :"
Status Check - Keycloak Operator CI	UNKNOWN STEP	2026-01-06T13:34:01.7393930Z Cleaning up orphan processes
