Admin UI E2E (2, chrome)	Run Cypress	2025-01-07T14:21:03.2278522Z ##[group]Run cypress-io/github-action@v6
Admin UI E2E (2, chrome)	Run Cypress	2025-01-07T14:21:03.2279009Z with:
Admin UI E2E (2, chrome)	Run Cypress	2025-01-07T14:21:03.2279327Z   install: false
Admin UI E2E (2, chrome)	Run Cypress	2025-01-07T14:21:03.2279691Z   browser: chrome
Admin UI E2E (2, chrome)	Run Cypress	2025-01-07T14:21:03.2280099Z   wait-on: http://localhost:8080
Admin UI E2E (2, chrome)	Run Cypress	2025-01-07T14:21:03.2280545Z   working-directory: js/apps/admin-ui
Admin UI E2E (2, chrome)	Run Cypress	2025-01-07T14:21:03.2280966Z   record: false
Admin UI E2E (2, chrome)	Run Cypress	2025-01-07T14:21:03.2281293Z   publish-summary: true
Admin UI E2E (2, chrome)	Run Cypress	2025-01-07T14:21:03.2281643Z   component: false
Admin UI E2E (2, chrome)	Run Cypress	2025-01-07T14:21:03.2281949Z env:
Admin UI E2E (2, chrome)	Run Cypress	2025-01-07T14:21:03.2282384Z   MAVEN_ARGS: -B -nsu -Daether.connector.http.connectionMaxTtl=25
Admin UI E2E (2, chrome)	Run Cypress	2025-01-07T14:21:03.2283191Z   RETRY_COUNT: 3
Admin UI E2E (2, chrome)	Run Cypress	2025-01-07T14:21:03.2283577Z   WORKSPACE: keycloak-admin-ui
Admin UI E2E (2, chrome)	Run Cypress	2025-01-07T14:21:03.2284134Z   JAVA_HOME: /opt/hostedtoolcache/Java_Temurin-Hotspot_jdk/21.0.5-11/x64
Admin UI E2E (2, chrome)	Run Cypress	2025-01-07T14:21:03.2284924Z   JAVA_HOME_21_X64: /opt/hostedtoolcache/Java_Temurin-Hotspot_jdk/21.0.5-11/x64
Admin UI E2E (2, chrome)	Run Cypress	2025-01-07T14:21:03.2285519Z   SPLIT: 5
Admin UI E2E (2, chrome)	Run Cypress	2025-01-07T14:21:03.2285803Z   SPLIT_INDEX: 1
Admin UI E2E (2, chrome)	Run Cypress	2025-01-07T14:21:03.2286112Z   SPLIT_RANDOM_SEED: 55
Admin UI E2E (2, chrome)	Run Cypress	2025-01-07T14:21:03.2286474Z ##[endgroup]
Admin UI E2E (2, chrome)	Run Cypress	2025-01-07T14:21:03.4985991Z Skipping install because install parameter is false
Admin UI E2E (2, chrome)	Run Cypress	2025-01-07T14:21:03.5001532Z waiting on "http://localhost:8080" with timeout of 60 seconds
Admin UI E2E (2, chrome)	Run Cypress	2025-01-07T14:21:23.4658563Z It looks like this is your first time using Cypress: 13.17.0
Admin UI E2E (2, chrome)	Run Cypress	2025-01-07T14:21:23.4659546Z 
Admin UI E2E (2, chrome)	Run Cypress	2025-01-07T14:21:23.4683396Z [STARTED] Task without title.
Admin UI E2E (2, chrome)	Run Cypress	2025-01-07T14:21:27.6244996Z [SUCCESS] Task without title.
Admin UI E2E (2, chrome)	Run Cypress	2025-01-07T14:21:27.6249246Z 
Admin UI E2E (2, chrome)	Run Cypress	2025-01-07T14:21:27.6249515Z Opening Cypress...
Admin UI E2E (2, chrome)	Run Cypress	2025-01-07T14:21:28.2211751Z MESA: error: ZINK: vkCreateInstance failed (VK_ERROR_INCOMPATIBLE_DRIVER)
Admin UI E2E (2, chrome)	Run Cypress	2025-01-07T14:21:28.2213675Z glx: failed to create drisw screen
Admin UI E2E (2, chrome)	Run Cypress	2025-01-07T14:21:28.2726768Z 
Admin UI E2E (2, chrome)	Run Cypress	2025-01-07T14:21:28.2728300Z DevTools listening on ws://127.0.0.1:37065/devtools/browser/ffa5e2dd-0e54-4c8b-ba6a-01ccf339d4a5
Admin UI E2E (2, chrome)	Run Cypress	2025-01-07T14:21:28.8724136Z (node:2772) ExperimentalWarning: `--experimental-loader` may be removed in the future; instead use `register()`:
Admin UI E2E (2, chrome)	Run Cypress	2025-01-07T14:21:28.8726969Z --import 'data:text/javascript,import { register } from "node:module"; import { pathToFileURL } from "node:url"; register("file%3A///home/runner/.cache/Cypress/13.17.0/Cypress/resources/app/node_modules/ts-node/esm/transpile-only.mjs", pathToFileURL("./"));'
Admin UI E2E (2, chrome)	Run Cypress	2025-01-07T14:21:28.8729151Z (Use `node --trace-warnings ...` to show where the warning was created)
Admin UI E2E (2, chrome)	Run Cypress	2025-01-07T14:21:36.1369786Z cypress-split: there are 41 found specs
Admin UI E2E (2, chrome)	Run Cypress	2025-01-07T14:21:36.1370543Z the first 5 specs
Admin UI E2E (2, chrome)	Run Cypress	2025-01-07T14:21:36.1371710Z - 1: /home/runner/work/keycloak/keycloak/js/apps/admin-ui/cypress/e2e/identity_providers_test.spec.ts
Admin UI E2E (2, chrome)	Run Cypress	2025-01-07T14:21:36.1373586Z - 2: /home/runner/work/keycloak/keycloak/js/apps/admin-ui/cypress/e2e/realm_roles_test.spec.ts
Admin UI E2E (2, chrome)	Run Cypress	2025-01-07T14:21:36.1374961Z - 3: /home/runner/work/keycloak/keycloak/js/apps/admin-ui/cypress/e2e/user_fed_ldap_hardcoded_mapper_test.spec.ts
Admin UI E2E (2, chrome)	Run Cypress	2025-01-07T14:21:36.1376200Z - 4: /home/runner/work/keycloak/keycloak/js/apps/admin-ui/cypress/e2e/sessions_test.spec.ts
Admin UI E2E (2, chrome)	Run Cypress	2025-01-07T14:21:36.1377349Z - 5: /home/runner/work/keycloak/keycloak/js/apps/admin-ui/cypress/e2e/user_fed_kerberos_test.spec.ts
Admin UI E2E (2, chrome)	Run Cypress	2025-01-07T14:21:36.1378073Z cypress-split: chunk 2 of 5
Admin UI E2E (2, chrome)	Run Cypress	2025-01-07T14:21:36.1387544Z k  spec                                            
Admin UI E2E (2, chrome)	Run Cypress	2025-01-07T14:21:36.1388088Z -  ------------------------------------------------
Admin UI E2E (2, chrome)	Run Cypress	2025-01-07T14:21:36.1388473Z 1  cypress/e2e/realm_user_registration.spec.ts     
Admin UI E2E (2, chrome)	Run Cypress	2025-01-07T14:21:36.1388842Z 2  cypress/e2e/clients_test.spec.ts                
Admin UI E2E (2, chrome)	Run Cypress	2025-01-07T14:21:36.1389195Z 3  cypress/e2e/identity_providers_oidc_test.spec.ts
Admin UI E2E (2, chrome)	Run Cypress	2025-01-07T14:21:36.1389548Z 4  cypress/e2e/i18n_test.spec.ts                   
Admin UI E2E (2, chrome)	Run Cypress	2025-01-07T14:21:36.1389894Z 5  cypress/e2e/partial_export_test.spec.ts         
Admin UI E2E (2, chrome)	Run Cypress	2025-01-07T14:21:36.1390240Z 6  cypress/e2e/masthead_test.spec.ts               
Admin UI E2E (2, chrome)	Run Cypress	2025-01-07T14:21:36.1390887Z 7  cypress/e2e/client_initial_access.spec.ts       
Admin UI E2E (2, chrome)	Run Cypress	2025-01-07T14:21:36.1391235Z 8  cypress/e2e/user_fed_ldap_test.spec.ts          
Admin UI E2E (2, chrome)	Run Cypress	2025-01-07T14:21:36.1391434Z 
Admin UI E2E (2, chrome)	Run Cypress	2025-01-07T14:21:36.7988357Z 
Admin UI E2E (2, chrome)	Run Cypress	2025-01-07T14:21:36.8487233Z [90m====================================================================================================[39m
Admin UI E2E (2, chrome)	Run Cypress	2025-01-07T14:21:36.8487589Z 
Admin UI E2E (2, chrome)	Run Cypress	2025-01-07T14:21:36.8489304Z [0m  ([4m[1mRun Starting[22m[24m)[0m
Admin UI E2E (2, chrome)	Run Cypress	2025-01-07T14:21:36.8489627Z 
Admin UI E2E (2, chrome)	Run Cypress	2025-01-07T14:21:36.8561020Z [90m  â”Œ[39m[90mâ”€[39m[90mâ”€[39m[90mâ”€[39m[90mâ”€[39m[90mâ”€[39m[90mâ”€[39m[90mâ”€[39m[90mâ”€[39m[90mâ”€[39m[90mâ”€[39m[90mâ”€[39m[90mâ”€[39m[90mâ”€[39m[90mâ”€[39m[90mâ”€[39m[90mâ”€[39m[90mâ”€[39m[90mâ”€[39m[90mâ”€[39m[90mâ”€[39m[90mâ”€[39m[90mâ”€[39m[90mâ”€[39m[90mâ”€[39m[90mâ”€[39m[90mâ”€[39m[90mâ”€[39m[90mâ”€[39m[90mâ”€[39m[90mâ”€[39m[90mâ”€[39m[90mâ”€[39m[90mâ”€[39m[90mâ”€[39m[90mâ”€[39m[90mâ”€[39m[90mâ”€[39m[90mâ”€[39m[90mâ”€[39m[90mâ”€[39m[90mâ”€[39m[90mâ”€[39m[90mâ”€[39m[90mâ”€[39m[90mâ”€[39m[90mâ”€[39m[90mâ”€[39m[90mâ”€[39m[90mâ”€[39m[90mâ”€[39m[90mâ”€[39m[90mâ”€[39m[90mâ”€[39m[90mâ”€[39m[90mâ”€[39m[90mâ”€[39m[90mâ”€[39m[90mâ”€[39m[90mâ”€[39m[90mâ”€[39m[90mâ”€[39m[90mâ”€[39m[90mâ”€[39m[90mâ”€[39m[90mâ”€[39m[90mâ”€[39m[90mâ”€[39m[90mâ”€[39m[90mâ”€[39m[90mâ”€[39m[90mâ”€[39m[90mâ”€[39m[90mâ”€[39m[90mâ”€[39m[90mâ”€[39m[90mâ”€[39m[90mâ”€[39m[90mâ”€[39m[90mâ”€[39m[90mâ”€[39m[90mâ”€[39m[90mâ”€[39m[90mâ”€[39m[90mâ”€[39m[90mâ”€[39m[90mâ”€[39m[90mâ”€[39m[90mâ”€[39m[90mâ”€[39m[90mâ”€[39m[90mâ”€[39m[90mâ”€[39m[90mâ”€[39m[90mâ”€[39m[90mâ”€[39m[90mâ”€[39m[90mâ”[39m
Admin UI E2E (2, chrome)	Run Cypress	2025-01-07T14:21:36.8564644Z [90m  â”‚[39m [90mCypress:[39m        13.17.0                                                                        [90mâ”‚[39m
Admin UI E2E (2, chrome)	Run Cypress	2025-01-07T14:21:36.8565587Z [90m  â”‚[39m [90mBrowser:[39m        Chrome 131 [90m(headless)[39m                                                          [90mâ”‚[39m
Admin UI E2E (2, chrome)	Run Cypress	2025-01-07T14:21:36.8566881Z [90m  â”‚[39m [90mNode Version:[39m   [0mv20.18.0 [90m(/home/runner/runners/2.321.0/externals/node20/bin/node)[39m[0m              [90mâ”‚[39m
Admin UI E2E (2, chrome)	Run Cypress	2025-01-07T14:21:36.8568183Z [90m  â”‚[39m [90mSpecs:[39m          [0m8 found (realm_user_registration.spec.ts, clients_test.spec.ts, identity_provi[0m [90mâ”‚[39m
Admin UI E2E (2, chrome)	Run Cypress	2025-01-07T14:21:36.8569696Z [90m  â”‚[39m                 [0mders_oidc_test.spec.ts, i18n_test.spec.ts, partial_export_test.spec.ts, masthe[0m [90mâ”‚[39m
Admin UI E2E (2, chrome)	Run Cypress	2025-01-07T14:21:36.8570935Z [90m  â”‚[39m                 [0mad_test.spec.ts, client_initial_access.spec.ts, user_fed_ldap_test.spec.ts)[0m    [90mâ”‚[39m
Admin UI E2E (2, chrome)	Run Cypress	2025-01-07T14:21:36.8572139Z [90m  â”‚[39m [90mSearched:[39m       [0mcypress/e2e/realm_user_registration.spec.ts, cypress/e2e/clients_test.spec.ts,[0m [90mâ”‚[39m
Admin UI E2E (2, chrome)	Run Cypress	2025-01-07T14:21:36.8573630Z [90m  â”‚[39m                 [0m cypress/e2e/identity_providers_oidc_test.spec.ts, cypress/e2e/i18n_test.spec.[0m [90mâ”‚[39m
Admin UI E2E (2, chrome)	Run Cypress	2025-01-07T14:21:36.8574799Z [90m  â”‚[39m                 [0mts, cypress/e2e/partial_export_test.spec.ts, cypress/e2e/masthead_test.spec.ts[0m [90mâ”‚[39m
Admin UI E2E (2, chrome)	Run Cypress	2025-01-07T14:21:36.8576450Z [90m  â”‚[39m                 [0m, cypress/e2e/client_initial_access.spec.ts, cypress/e2e/user_fed_ldap_test.sp[0m [90mâ”‚[39m
Admin UI E2E (2, chrome)	Run Cypress	2025-01-07T14:21:36.8577319Z [90m  â”‚[39m                 [0mec.ts[0m                                                                          [90mâ”‚[39m
Admin UI E2E (2, chrome)	Run Cypress	2025-01-07T14:21:36.8578149Z [90m  â”‚[39m [90mExperiments:[39m    experimentalMemoryManagement=true                                              [90mâ”‚[39m
Admin UI E2E (2, chrome)	Run Cypress	2025-01-07T14:21:36.8582067Z [90m  â””[39m[90mâ”€[39m[90mâ”€[39m[90mâ”€[39m[90mâ”€[39m[90mâ”€[39m[90mâ”€[39m[90mâ”€[39m[90mâ”€[39m[90mâ”€[39m[90mâ”€[39m[90mâ”€[39m[90mâ”€[39m[90mâ”€[39m[90mâ”€[39m[90mâ”€[39m[90mâ”€[39m[90mâ”€[39m[90mâ”€[39m[90mâ”€[39m[90mâ”€[39m[90mâ”€[39m[90mâ”€[39m[90mâ”€[39m[90mâ”€[39m[90mâ”€[39m[90mâ”€[39m[90mâ”€[39m[90mâ”€[39m[90mâ”€[39m[90mâ”€[39m[90mâ”€[39m[90mâ”€[39m[90mâ”€[39m[90mâ”€[39m[90mâ”€[39m[90mâ”€[39m[90mâ”€[39m[90mâ”€[39m[90mâ”€[39m[90mâ”€[39m[90mâ”€[39m[90mâ”€[39m[90mâ”€[39m[90mâ”€[39m[90mâ”€[39m[90mâ”€[39m[90mâ”€[39m[90mâ”€[39m[90mâ”€[39m[90mâ”€[39m[90mâ”€[39m[90mâ”€[39m[90mâ”€[39m[90mâ”€[39m[90mâ”€[39m[90mâ”€[39m[90mâ”€[39m[90mâ”€[39m[90mâ”€[39m[90mâ”€[39m[90mâ”€[39m[90mâ”€[39m[90mâ”€[39m[90mâ”€[39m[90mâ”€[39m[90mâ”€[39m[90mâ”€[39m[90mâ”€[39m[90mâ”€[39m[90mâ”€[39m[90mâ”€[39m[90mâ”€[39m[90mâ”€[39m[90mâ”€[39m[90mâ”€[39m[90mâ”€[39m[90mâ”€[39m[90mâ”€[39m[90mâ”€[39m[90mâ”€[39m[90mâ”€[39m[90mâ”€[39m[90mâ”€[39m[90mâ”€[39m[90mâ”€[39m[90mâ”€[39m[90mâ”€[39m[90mâ”€[39m[90mâ”€[39m[90mâ”€[39m[90mâ”€[39m[90mâ”€[39m[90mâ”€[39m[90mâ”€[39m[90mâ”€[39m[90mâ”€[39m[90mâ”˜[39m
Admin UI E2E (2, chrome)	Run Cypress	2025-01-07T14:21:36.8584936Z 
Admin UI E2E (2, chrome)	Run Cypress	2025-01-07T14:21:36.8585110Z 
Admin UI E2E (2, chrome)	Run Cypress	2025-01-07T14:21:36.8588727Z [90mâ”€[39m[90mâ”€[39m[90mâ”€[39m[90mâ”€[39m[90mâ”€[39m[90mâ”€[39m[90mâ”€[39m[90mâ”€[39m[90mâ”€[39m[90mâ”€[39m[90mâ”€[39m[90mâ”€[39m[90mâ”€[39m[90mâ”€[39m[90mâ”€[39m[90mâ”€[39m[90mâ”€[39m[90mâ”€[39m[90mâ”€[39m[90mâ”€[39m[90mâ”€[39m[90mâ”€[39m[90mâ”€[39m[90mâ”€[39m[90mâ”€[39m[90mâ”€[39m[90mâ”€[39m[90mâ”€[39m[90mâ”€[39m[90mâ”€[39m[90mâ”€[39m[90mâ”€[39m[90mâ”€[39m[90mâ”€[39m[90mâ”€[39m[90mâ”€[39m[90mâ”€[39m[90mâ”€[39m[90mâ”€[39m[90mâ”€[39m[90mâ”€[39m[90mâ”€[39m[90mâ”€[39m[90mâ”€[39m[90mâ”€[39m[90mâ”€[39m[90mâ”€[39m[90mâ”€[39m[90mâ”€[39m[90mâ”€[39m[90mâ”€[39m[90mâ”€[39m[90mâ”€[39m[90mâ”€[39m[90mâ”€[39m[90mâ”€[39m[90mâ”€[39m[90mâ”€[39m[90mâ”€[39m[90mâ”€[39m[90mâ”€[39m[90mâ”€[39m[90mâ”€[39m[90mâ”€[39m[90mâ”€[39m[90mâ”€[39m[90mâ”€[39m[90mâ”€[39m[90mâ”€[39m[90mâ”€[39m[90mâ”€[39m[90mâ”€[39m[90mâ”€[39m[90mâ”€[39m[90mâ”€[39m[90mâ”€[39m[90mâ”€[39m[90mâ”€[39m[90mâ”€[39m[90mâ”€[39m[90mâ”€[39m[90mâ”€[39m[90mâ”€[39m[90mâ”€[39m[90mâ”€[39m[90mâ”€[39m[90mâ”€[39m[90mâ”€[39m[90mâ”€[39m[90mâ”€[39m[90mâ”€[39m[90mâ”€[39m[90mâ”€[39m[90mâ”€[39m[90mâ”€[39m[90mâ”€[39m[90mâ”€[39m[90mâ”€[39m[90mâ”€[39m[90mâ”€[39m
Admin UI E2E (2, chrome)	Run Cypress	2025-01-07T14:21:36.8591047Z                                                                                                     
Admin UI E2E (2, chrome)	Run Cypress	2025-01-07T14:21:36.8592240Z   Running:  [90mrealm_user_registration.spec.ts[39m                                                 [90m(1 of 8)[39m
Admin UI E2E (2, chrome)	Run Cypress	2025-01-07T14:21:43.7403826Z 
Admin UI E2E (2, chrome)	Run Cypress	2025-01-07T14:21:43.7408411Z [0m[0m
Admin UI E2E (2, chrome)	Run Cypress	2025-01-07T14:21:43.7420642Z [0m  Realm settings - User registration tab[0m
Admin UI E2E (2, chrome)	Run Cypress	2025-01-07T14:21:54.7919369Z   [32m  âœ“[0m[90m Add admin role[0m[90m (11011ms)[0m
Admin UI E2E (2, chrome)	Run Cypress	2025-01-07T14:21:57.5929066Z   [32m  âœ“[0m[90m Remove admin role[0m[90m (2751ms)[0m
Admin UI E2E (2, chrome)	Run Cypress	2025-01-07T14:22:00.5690638Z   [32m  âœ“[0m[90m Add default group[0m[90m (2780ms)[0m
Admin UI E2E (2, chrome)	Run Cypress	2025-01-07T14:22:00.5692907Z 
Admin UI E2E (2, chrome)	Run Cypress	2025-01-07T14:22:00.5838706Z 
Admin UI E2E (2, chrome)	Run Cypress	2025-01-07T14:22:00.5841951Z [92m [0m[32m 3 passing[0m[90m (17s)[0m
Admin UI E2E (2, chrome)	Run Cypress	2025-01-07T14:22:00.5843872Z 
Admin UI E2E (2, chrome)	Run Cypress	2025-01-07T14:22:01.6140943Z 
Admin UI E2E (2, chrome)	Run Cypress	2025-01-07T14:22:01.6143072Z [32m  ([4m[1mResults[22m[24m)[39m
Admin UI E2E (2, chrome)	Run Cypress	2025-01-07T14:22:01.6167463Z 
Admin UI E2E (2, chrome)	Run Cypress	2025-01-07T14:22:01.6187095Z [90m  â”Œ[39m[90mâ”€[39m[90mâ”€[39m[90mâ”€[39m[90mâ”€[39m[90mâ”€[39m[90mâ”€[39m[90mâ”€[39m[90mâ”€[39m[90mâ”€[39m[90mâ”€[39m[90mâ”€[39m[90mâ”€[39m[90mâ”€[39m[90mâ”€[39m[90mâ”€[39m[90mâ”€[39m[90mâ”€[39m[90mâ”€[39m[90mâ”€[39m[90mâ”€[39m[90mâ”€[39m[90mâ”€[39m[90mâ”€[39m[90mâ”€[39m[90mâ”€[39m[90mâ”€[39m[90mâ”€[39m[90mâ”€[39m[90mâ”€[39m[90mâ”€[39m[90mâ”€[39m[90mâ”€[39m[90mâ”€[39m[90mâ”€[39m[90mâ”€[39m[90mâ”€[39m[90mâ”€[39m[90mâ”€[39m[90mâ”€[39m[90mâ”€[39m[90mâ”€[39m[90mâ”€[39m[90mâ”€[39m[90mâ”€[39m[90mâ”€[39m[90mâ”€[39m[90mâ”€[39m[90mâ”€[39m[90mâ”€[39m[90mâ”€[39m[90mâ”€[39m[90mâ”€[39m[90mâ”€[39m[90mâ”€[39m[90mâ”€[39m[90mâ”€[39m[90mâ”€[39m[90mâ”€[39m[90mâ”€[39m[90mâ”€[39m[90mâ”€[39m[90mâ”€[39m[90mâ”€[39m[90mâ”€[39m[90mâ”€[39m[90mâ”€[39m[90mâ”€[39m[90mâ”€[39m[90mâ”€[39m[90mâ”€[39m[90mâ”€[39m[90mâ”€[39m[90mâ”€[39m[90mâ”€[39m[90mâ”€[39m[90mâ”€[39m[90mâ”€[39m[90mâ”€[39m[90mâ”€[39m[90mâ”€[39m[90mâ”€[39m[90mâ”€[39m[90mâ”€[39m[90mâ”€[39m[90mâ”€[39m[90mâ”€[39m[90mâ”€[39m[90mâ”€[39m[90mâ”€[39m[90mâ”€[39m[90mâ”€[39m[90mâ”€[39m[90mâ”€[39m[90mâ”€[39m[90mâ”€[39m[90mâ”€[39m[90mâ”[39m
Admin UI E2E (2, chrome)	Run Cypress	2025-01-07T14:22:01.6190032Z [90m  â”‚[39m [90mTests:[39m        [32m3[39m                                                                                [90mâ”‚[39m
Admin UI E2E (2, chrome)	Run Cypress	2025-01-07T14:22:01.6190858Z [90m  â”‚[39m [90mPassing:[39m      [32m3[39m                                                                                [90mâ”‚[39m
Admin UI E2E (2, chrome)	Run Cypress	2025-01-07T14:22:01.6191925Z [90m  â”‚[39m [90mFailing:[39m      [32m0[39m                                                                                [90mâ”‚[39m
Admin UI E2E (2, chrome)	Run Cypress	2025-01-07T14:22:01.6193032Z [90m  â”‚[39m [90mPending:[39m      [32m0[39m                                                                                [90mâ”‚[39m
Admin UI E2E (2, chrome)	Run Cypress	2025-01-07T14:22:01.6193752Z [90m  â”‚[39m [90mSkipped:[39m      [32m0[39m                                                                                [90mâ”‚[39m
Admin UI E2E (2, chrome)	Run Cypress	2025-01-07T14:22:01.6194462Z [90m  â”‚[39m [90mScreenshots:[39m  [32m0[39m                                                                                [90mâ”‚[39m
Admin UI E2E (2, chrome)	Run Cypress	2025-01-07T14:22:01.6195451Z [90m  â”‚[39m [90mVideo:[39m        [32mfalse[39m                                                                            [90mâ”‚[39m
Admin UI E2E (2, chrome)	Run Cypress	2025-01-07T14:22:01.6196789Z [90m  â”‚[39m [90mDuration:[39m     [32m16 seconds[39m                                                                       [90mâ”‚[39m
Admin UI E2E (2, chrome)	Run Cypress	2025-01-07T14:22:01.6197709Z [90m  â”‚[39m [90mSpec Ran:[39m     [32m[32mrealm_user_registration.spec.ts[32m[39m                                                  [90mâ”‚[39m
Admin UI E2E (2, chrome)	Run Cypress	2025-01-07T14:22:01.6203556Z [90m  â””[39m[90mâ”€[39m[90mâ”€[39m[90mâ”€[39m[90mâ”€[39m[90mâ”€[39m[90mâ”€[39m[90mâ”€[39m[90mâ”€[39m[90mâ”€[39m[90mâ”€[39m[90mâ”€[39m[90mâ”€[39m[90mâ”€[39m[90mâ”€[39m[90mâ”€[39m[90mâ”€[39m[90mâ”€[39m[90mâ”€[39m[90mâ”€[39m[90mâ”€[39m[90mâ”€[39m[90mâ”€[39m[90mâ”€[39m[90mâ”€[39m[90mâ”€[39m[90mâ”€[39m[90mâ”€[39m[90mâ”€[39m[90mâ”€[39m[90mâ”€[39m[90mâ”€[39m[90mâ”€[39m[90mâ”€[39m[90mâ”€[39m[90mâ”€[39m[90mâ”€[39m[90mâ”€[39m[90mâ”€[39m[90mâ”€[39m[90mâ”€[39m[90mâ”€[39m[90mâ”€[39m[90mâ”€[39m[90mâ”€[39m[90mâ”€[39m[90mâ”€[39m[90mâ”€[39m[90mâ”€[39m[90mâ”€[39m[90mâ”€[39m[90mâ”€[39m[90mâ”€[39m[90mâ”€[39m[90mâ”€[39m[90mâ”€[39m[90mâ”€[39m[90mâ”€[39m[90mâ”€[39m[90mâ”€[39m[90mâ”€[39m[90mâ”€[39m[90mâ”€[39m[90mâ”€[39m[90mâ”€[39m[90mâ”€[39m[90mâ”€[39m[90mâ”€[39m[90mâ”€[39m[90mâ”€[39m[90mâ”€[39m[90mâ”€[39m[90mâ”€[39m[90mâ”€[39m[90mâ”€[39m[90mâ”€[39m[90mâ”€[39m[90mâ”€[39m[90mâ”€[39m[90mâ”€[39m[90mâ”€[39m[90mâ”€[39m[90mâ”€[39m[90mâ”€[39m[90mâ”€[39m[90mâ”€[39m[90mâ”€[39m[90mâ”€[39m[90mâ”€[39m[90mâ”€[39m[90mâ”€[39m[90mâ”€[39m[90mâ”€[39m[90mâ”€[39m[90mâ”€[39m[90mâ”€[39m[90mâ”€[39m[90mâ”˜[39m
Admin UI E2E (2, chrome)	Run Cypress	2025-01-07T14:22:01.6207496Z 
Admin UI E2E (2, chrome)	Run Cypress	2025-01-07T14:22:01.6663985Z 
Admin UI E2E (2, chrome)	Run Cypress	2025-01-07T14:22:01.6679722Z [90mâ”€[39m[90mâ”€[39m[90mâ”€[39m[90mâ”€[39m[90mâ”€[39m[90mâ”€[39m[90mâ”€[39m[90mâ”€[39m[90mâ”€[39m[90mâ”€[39m[90mâ”€[39m[90mâ”€[39m[90mâ”€[39m[90mâ”€[39m[90mâ”€[39m[90mâ”€[39m[90mâ”€[39m[90mâ”€[39m[90mâ”€[39m[90mâ”€[39m[90mâ”€[39m[90mâ”€[39m[90mâ”€[39m[90mâ”€[39m[90mâ”€[39m[90mâ”€[39m[90mâ”€[39m[90mâ”€[39m[90mâ”€[39m[90mâ”€[39m[90mâ”€[39m[90mâ”€[39m[90mâ”€[39m[90mâ”€[39m[90mâ”€[39m[90mâ”€[39m[90mâ”€[39m[90mâ”€[39m[90mâ”€[39m[90mâ”€[39m[90mâ”€[39m[90mâ”€[39m[90mâ”€[39m[90mâ”€[39m[90mâ”€[39m[90mâ”€[39m[90mâ”€[39m[90mâ”€[39m[90mâ”€[39m[90mâ”€[39m[90mâ”€[39m[90mâ”€[39m[90mâ”€[39m[90mâ”€[39m[90mâ”€[39m[90mâ”€[39m[90mâ”€[39m[90mâ”€[39m[90mâ”€[39m[90mâ”€[39m[90mâ”€[39m[90mâ”€[39m[90mâ”€[39m[90mâ”€[39m[90mâ”€[39m[90mâ”€[39m[90mâ”€[39m[90mâ”€[39m[90mâ”€[39m[90mâ”€[39m[90mâ”€[39m[90mâ”€[39m[90mâ”€[39m[90mâ”€[39m[90mâ”€[39m[90mâ”€[39m[90mâ”€[39m[90mâ”€[39m[90mâ”€[39m[90mâ”€[39m[90mâ”€[39m[90mâ”€[39m[90mâ”€[39m[90mâ”€[39m[90mâ”€[39m[90mâ”€[39m[90mâ”€[39m[90mâ”€[39m[90mâ”€[39m[90mâ”€[39m[90mâ”€[39m[90mâ”€[39m[90mâ”€[39m[90mâ”€[39m[90mâ”€[39m[90mâ”€[39m[90mâ”€[39m[90mâ”€[39m[90mâ”€[39m[90mâ”€[39m
Admin UI E2E (2, chrome)	Run Cypress	2025-01-07T14:22:01.6685374Z                                                                                                     
Admin UI E2E (2, chrome)	Run Cypress	2025-01-07T14:22:01.6686464Z   Running:  [90mclients_test.spec.ts[39m                                                            [90m(2 of 8)[39m
Admin UI E2E (2, chrome)	Run Cypress	2025-01-07T14:22:06.3307767Z 
Admin UI E2E (2, chrome)	Run Cypress	2025-01-07T14:22:06.3309839Z [0m[0m
Admin UI E2E (2, chrome)	Run Cypress	2025-01-07T14:22:06.3315568Z [0m  Clients test[0m
Admin UI E2E (2, chrome)	Run Cypress	2025-01-07T14:22:07.5534628Z [0m    Client creation[0m
Admin UI E2E (2, chrome)	Run Cypress	2025-01-07T14:22:14.0131428Z     [32m  âœ“[0m[90m Should cancel creating client[0m[90m (7589ms)[0m
Admin UI E2E (2, chrome)	Run Cypress	2025-01-07T14:22:22.8208857Z     [32m  âœ“[0m[90m Should check settings elements[0m[90m (8679ms)[0m
Admin UI E2E (2, chrome)	Run Cypress	2025-01-07T14:22:26.1775518Z     [32m  âœ“[0m[90m Should navigate to previous using 'back' button[0m[90m (3274ms)[0m
Admin UI E2E (2, chrome)	Run Cypress	2025-01-07T14:22:29.7683213Z     [32m  âœ“[0m[90m Should fail creating client[0m[90m (3557ms)[0m
Admin UI E2E (2, chrome)	Run Cypress	2025-01-07T14:22:38.6255689Z     [32m  âœ“[0m[90m Client CRUD test[0m[90m (8741ms)[0m
Admin UI E2E (2, chrome)	Run Cypress	2025-01-07T14:22:41.3257155Z     [32m  âœ“[0m[90m Should fail to create imported client with empty ID[0m[90m (2657ms)[0m
Admin UI E2E (2, chrome)	Run Cypress	2025-01-07T14:22:46.6069616Z     [32m  âœ“[0m[90m Should fail to create client with same ID[0m[90m (5235ms)[0m
Admin UI E2E (2, chrome)	Run Cypress	2025-01-07T14:22:48.7766255Z     [32m  âœ“[0m[90m should delete 'identical' client id[0m[90m (2142ms)[0m
Admin UI E2E (2, chrome)	Run Cypress	2025-01-07T14:22:48.7899945Z [0m    Service account tab test[0m
Admin UI E2E (2, chrome)	Run Cypress	2025-01-07T14:22:55.0159762Z     [32m  âœ“[0m[90m List[0m[90m (6131ms)[0m
Admin UI E2E (2, chrome)	Run Cypress	2025-01-07T14:23:33.2235177Z       [33m(Attempt 1 of 4)[0m Assign
Admin UI E2E (2, chrome)	Run Cypress	2025-01-07T14:24:16.9817643Z       [33m(Attempt 2 of 4)[0m Assign
Admin UI E2E (2, chrome)	Run Cypress	2025-01-07T14:25:05.8049456Z       [33m(Attempt 3 of 4)[0m Assign
Admin UI E2E (2, chrome)	Run Cypress	2025-01-07T14:25:59.1122244Z     [31m  1) Assign[0m
Admin UI E2E (2, chrome)	Run Cypress	2025-01-07T14:26:00.1057466Z [0m    Mapping tab[0m
Admin UI E2E (2, chrome)	Run Cypress	2025-01-07T14:26:06.9414810Z     [32m  âœ“[0m[90m Add mapping to openid client[0m[90m (6480ms)[0m
Admin UI E2E (2, chrome)	Run Cypress	2025-01-07T14:26:06.9834290Z [0m    Keys tab test[0m
Admin UI E2E (2, chrome)	Run Cypress	2025-01-07T14:26:14.0527056Z     [32m  âœ“[0m[90m Generate new keys[0m[90m (6659ms)[0m
Admin UI E2E (2, chrome)	Run Cypress	2025-01-07T14:26:14.0692513Z [0m    Realm client[0m
Admin UI E2E (2, chrome)	Run Cypress	2025-01-07T14:26:19.1725062Z     [32m  âœ“[0m[90m Displays the correct tabs[0m[90m (4881ms)[0m
Admin UI E2E (2, chrome)	Run Cypress	2025-01-07T14:26:23.4184499Z     [32m  âœ“[0m[90m Hides the delete action[0m[90m (4099ms)[0m
Admin UI E2E (2, chrome)	Run Cypress	2025-01-07T14:26:23.4186414Z [0m    ***
Admin UI E2E (2, chrome)	Run Cypress	2025-01-07T14:26:27.9021370Z     [32m  âœ“[0m[90m Shows an explainer text for bearer only clients[0m[90m (4374ms)[0m
Admin UI E2E (2, chrome)	Run Cypress	2025-01-07T14:26:32.0224721Z     [32m  âœ“[0m[90m Hides the capability config section[0m[90m (3811ms)[0m
Admin UI E2E (2, chrome)	Run Cypress	2025-01-07T14:26:32.0337185Z [0m    Generated home URLs for built-in clients[0m
Admin UI E2E (2, chrome)	Run Cypress	2025-01-07T14:26:34.9369292Z     [32m  âœ“[0m[90m Check account-console Home URL[0m[90m (2763ms)[0m
Admin UI E2E (2, chrome)	Run Cypress	2025-01-07T14:26:37.5556842Z     [32m  âœ“[0m[90m Check security-admin-console Home URL[0m[90m (2495ms)[0m
Admin UI E2E (2, chrome)	Run Cypress	2025-01-07T14:26:37.5714953Z [0m    Accessibility tests for clients[0m
Admin UI E2E (2, chrome)	Run Cypress	2025-01-07T14:26:40.6704757Z     [32m  âœ“[0m[90m Check a11y violations on load/ clients list tab[0m[90m (3039ms)[0m
Admin UI E2E (2, chrome)	Run Cypress	2025-01-07T14:26:45.2847084Z     [32m  âœ“[0m[90m Check a11y violations on create client page[0m[90m (4544ms)[0m
Admin UI E2E (2, chrome)	Run Cypress	2025-01-07T14:26:56.4679343Z     [32m  âœ“[0m[90m Check a11y violations on client details page[0m[90m (11011ms)[0m
Admin UI E2E (2, chrome)	Run Cypress	2025-01-07T14:27:00.8732375Z     [32m  âœ“[0m[90m Check a11y violations in delete dialog[0m[90m (4268ms)[0m
Admin UI E2E (2, chrome)	Run Cypress	2025-01-07T14:27:04.3913418Z     [32m  âœ“[0m[90m Check a11y violations on client registration/ anonymous access policies tab[0m[90m (3391ms)[0m
Admin UI E2E (2, chrome)	Run Cypress	2025-01-07T14:27:08.6713142Z     [32m  âœ“[0m[90m Check a11y violations on client registration/ authenticated access policies tab[0m[90m (3446ms)[0m
Admin UI E2E (2, chrome)	Run Cypress	2025-01-07T14:27:08.6723996Z 
Admin UI E2E (2, chrome)	Run Cypress	2025-01-07T14:27:08.6897143Z 
Admin UI E2E (2, chrome)	Run Cypress	2025-01-07T14:27:08.6900285Z [92m [0m[32m 23 passing[0m[90m (5m)[0m
Admin UI E2E (2, chrome)	Run Cypress	2025-01-07T14:27:08.6903718Z [31m  1 failing[0m
Admin UI E2E (2, chrome)	Run Cypress	2025-01-07T14:27:08.6905964Z 
Admin UI E2E (2, chrome)	Run Cypress	2025-01-07T14:27:08.6908386Z [0m  1) Clients test
Admin UI E2E (2, chrome)	Run Cypress	2025-01-07T14:27:08.6911414Z        Service account tab test
Admin UI E2E (2, chrome)	Run Cypress	2025-01-07T14:27:08.6915433Z          Assign:
Admin UI E2E (2, chrome)	Run Cypress	2025-01-07T14:27:08.6919192Z [0m[31m     AssertionError: Timed out retrying after 30000ms: expected '[ <td.pf-v5-c-table__td.pf-v5-c-table__check>, 39 more... ]' not to contain 'create-realm-8300a243-5d9c-4081-8113-9c650f084d9a'[0m[90m
Admin UI E2E (2, chrome)	Run Cypress	2025-01-07T14:27:08.6926441Z       at Context.eval (webpack://@keycloak/keycloak-admin-ui/./cypress/support/pages/admin-ui/manage/RoleMappingTab.ts:91:0)
Admin UI E2E (2, chrome)	Run Cypress	2025-01-07T14:27:08.6927417Z [0m
Admin UI E2E (2, chrome)	Run Cypress	2025-01-07T14:27:08.6927584Z 
Admin UI E2E (2, chrome)	Run Cypress	2025-01-07T14:27:08.6927598Z 
Admin UI E2E (2, chrome)	Run Cypress	2025-01-07T14:27:09.7205239Z 
Admin UI E2E (2, chrome)	Run Cypress	2025-01-07T14:27:09.7206934Z [31m  ([4m[1mResults[22m[24m)[39m
Admin UI E2E (2, chrome)	Run Cypress	2025-01-07T14:27:09.7225429Z 
Admin UI E2E (2, chrome)	Run Cypress	2025-01-07T14:27:09.7242421Z [90m  â”Œ[39m[90mâ”€[39m[90mâ”€[39m[90mâ”€[39m[90mâ”€[39m[90mâ”€[39m[90mâ”€[39m[90mâ”€[39m[90mâ”€[39m[90mâ”€[39m[90mâ”€[39m[90mâ”€[39m[90mâ”€[39m[90mâ”€[39m[90mâ”€[39m[90mâ”€[39m[90mâ”€[39m[90mâ”€[39m[90mâ”€[39m[90mâ”€[39m[90mâ”€[39m[90mâ”€[39m[90mâ”€[39m[90mâ”€[39m[90mâ”€[39m[90mâ”€[39m[90mâ”€[39m[90mâ”€[39m[90mâ”€[39m[90mâ”€[39m[90mâ”€[39m[90mâ”€[39m[90mâ”€[39m[90mâ”€[39m[90mâ”€[39m[90mâ”€[39m[90mâ”€[39m[90mâ”€[39m[90mâ”€[39m[90mâ”€[39m[90mâ”€[39m[90mâ”€[39m[90mâ”€[39m[90mâ”€[39m[90mâ”€[39m[90mâ”€[39m[90mâ”€[39m[90mâ”€[39m[90mâ”€[39m[90mâ”€[39m[90mâ”€[39m[90mâ”€[39m[90mâ”€[39m[90mâ”€[39m[90mâ”€[39m[90mâ”€[39m[90mâ”€[39m[90mâ”€[39m[90mâ”€[39m[90mâ”€[39m[90mâ”€[39m[90mâ”€[39m[90mâ”€[39m[90mâ”€[39m[90mâ”€[39m[90mâ”€[39m[90mâ”€[39m[90mâ”€[39m[90mâ”€[39m[90mâ”€[39m[90mâ”€[39m[90mâ”€[39m[90mâ”€[39m[90mâ”€[39m[90mâ”€[39m[90mâ”€[39m[90mâ”€[39m[90mâ”€[39m[90mâ”€[39m[90mâ”€[39m[90mâ”€[39m[90mâ”€[39m[90mâ”€[39m[90mâ”€[39m[90mâ”€[39m[90mâ”€[39m[90mâ”€[39m[90mâ”€[39m[90mâ”€[39m[90mâ”€[39m[90mâ”€[39m[90mâ”€[39m[90mâ”€[39m[90mâ”€[39m[90mâ”€[39m[90mâ”€[39m[90mâ”€[39m[90mâ”[39m
Admin UI E2E (2, chrome)	Run Cypress	2025-01-07T14:27:09.7247883Z [90m  â”‚[39m [90mTests:[39m        [31m24[39m                                                                               [90mâ”‚[39m
Admin UI E2E (2, chrome)	Run Cypress	2025-01-07T14:27:09.7249421Z [90m  â”‚[39m [90mPassing:[39m      [31m23[39m                                                                               [90mâ”‚[39m
Admin UI E2E (2, chrome)	Run Cypress	2025-01-07T14:27:09.7250853Z [90m  â”‚[39m [90mFailing:[39m      [31m1[39m                                                                                [90mâ”‚[39m
Admin UI E2E (2, chrome)	Run Cypress	2025-01-07T14:27:09.7252258Z [90m  â”‚[39m [90mPending:[39m      [31m0[39m                                                                                [90mâ”‚[39m
Admin UI E2E (2, chrome)	Run Cypress	2025-01-07T14:27:09.7253958Z [90m  â”‚[39m [90mSkipped:[39m      [31m0[39m                                                                                [90mâ”‚[39m
Admin UI E2E (2, chrome)	Run Cypress	2025-01-07T14:27:09.7255278Z [90m  â”‚[39m [90mScreenshots:[39m  [31m4[39m                                                                                [90mâ”‚[39m
Admin UI E2E (2, chrome)	Run Cypress	2025-01-07T14:27:09.7256581Z [90m  â”‚[39m [90mVideo:[39m        [31mtrue[39m                                                                             [90mâ”‚[39m
Admin UI E2E (2, chrome)	Run Cypress	2025-01-07T14:27:09.7257726Z [90m  â”‚[39m [90mDuration:[39m     [31m5 minutes, 2 seconds[39m                                                             [90mâ”‚[39m
Admin UI E2E (2, chrome)	Run Cypress	2025-01-07T14:27:09.7259086Z [90m  â”‚[39m [90mSpec Ran:[39m     [31m[31mclients_test.spec.ts[31m[39m                                                             [90mâ”‚[39m
Admin UI E2E (2, chrome)	Run Cypress	2025-01-07T14:27:09.7264128Z [90m  â””[39m[90mâ”€[39m[90mâ”€[39m[90mâ”€[39m[90mâ”€[39m[90mâ”€[39m[90mâ”€[39m[90mâ”€[39m[90mâ”€[39m[90mâ”€[39m[90mâ”€[39m[90mâ”€[39m[90mâ”€[39m[90mâ”€[39m[90mâ”€[39m[90mâ”€[39m[90mâ”€[39m[90mâ”€[39m[90mâ”€[39m[90mâ”€[39m[90mâ”€[39m[90mâ”€[39m[90mâ”€[39m[90mâ”€[39m[90mâ”€[39m[90mâ”€[39m[90mâ”€[39m[90mâ”€[39m[90mâ”€[39m[90mâ”€[39m[90mâ”€[39m[90mâ”€[39m[90mâ”€[39m[90mâ”€[39m[90mâ”€[39m[90mâ”€[39m[90mâ”€[39m[90mâ”€[39m[90mâ”€[39m[90mâ”€[39m[90mâ”€[39m[90mâ”€[39m[90mâ”€[39m[90mâ”€[39m[90mâ”€[39m[90mâ”€[39m[90mâ”€[39m[90mâ”€[39m[90mâ”€[39m[90mâ”€[39m[90mâ”€[39m[90mâ”€[39m[90mâ”€[39m[90mâ”€[39m[90mâ”€[39m[90mâ”€[39m[90mâ”€[39m[90mâ”€[39m[90mâ”€[39m[90mâ”€[39m[90mâ”€[39m[90mâ”€[39m[90mâ”€[39m[90mâ”€[39m[90mâ”€[39m[90mâ”€[39m[90mâ”€[39m[90mâ”€[39m[90mâ”€[39m[90mâ”€[39m[90mâ”€[39m[90mâ”€[39m[90mâ”€[39m[90mâ”€[39m[90mâ”€[39m[90mâ”€[39m[90mâ”€[39m[90mâ”€[39m[90mâ”€[39m[90mâ”€[39m[90mâ”€[39m[90mâ”€[39m[90mâ”€[39m[90mâ”€[39m[90mâ”€[39m[90mâ”€[39m[90mâ”€[39m[90mâ”€[39m[90mâ”€[39m[90mâ”€[39m[90mâ”€[39m[90mâ”€[39m[90mâ”€[39m[90mâ”€[39m[90mâ”€[39m[90mâ”€[39m[90mâ”€[39m[90mâ”˜[39m
Admin UI E2E (2, chrome)	Run Cypress	2025-01-07T14:27:09.7266758Z 
Admin UI E2E (2, chrome)	Run Cypress	2025-01-07T14:27:09.7266920Z 
Admin UI E2E (2, chrome)	Run Cypress	2025-01-07T14:27:09.7267249Z [33m  ([4m[1mScreenshots[22m[24m)[39m
Admin UI E2E (2, chrome)	Run Cypress	2025-01-07T14:27:09.7267582Z 
Admin UI E2E (2, chrome)	Run Cypress	2025-01-07T14:27:09.7268740Z [90m [39m -  [0m/home/runner/work/keycloak/keycloak/js/apps/admin-ui/cypress/screenshots/clients[0m     [90m[90m(1280x633)[90m[39m
Admin UI E2E (2, chrome)	Run Cypress	2025-01-07T14:27:09.7270321Z [90m [39m    [0m_test.spec.ts/Clients test -- Service account tab test -- Assign (failed).png[0m                  
Admin UI E2E (2, chrome)	Run Cypress	2025-01-07T14:27:09.7271902Z [90m [39m -  [0m/home/runner/work/keycloak/keycloak/js/apps/admin-ui/cypress/screenshots/clients[0m     [90m[90m(1280x633)[90m[39m
Admin UI E2E (2, chrome)	Run Cypress	2025-01-07T14:27:09.7273789Z [90m [39m    [0m_test.spec.ts/Clients test -- Service account tab test -- Assign (failed) (attem[0m               
Admin UI E2E (2, chrome)	Run Cypress	2025-01-07T14:27:09.7275050Z [90m [39m    [0mpt 2).png[0m                                                                                      
Admin UI E2E (2, chrome)	Run Cypress	2025-01-07T14:27:09.7276552Z [90m [39m -  [0m/home/runner/work/keycloak/keycloak/js/apps/admin-ui/cypress/screenshots/clients[0m     [90m[90m(1280x633)[90m[39m
Admin UI E2E (2, chrome)	Run Cypress	2025-01-07T14:27:09.7278161Z [90m [39m    [0m_test.spec.ts/Clients test -- Service account tab test -- Assign (failed) (attem[0m               
Admin UI E2E (2, chrome)	Run Cypress	2025-01-07T14:27:09.7279340Z [90m [39m    [0mpt 3).png[0m                                                                                      
Admin UI E2E (2, chrome)	Run Cypress	2025-01-07T14:27:09.7280782Z [90m [39m -  [0m/home/runner/work/keycloak/keycloak/js/apps/admin-ui/cypress/screenshots/clients[0m     [90m[90m(1280x633)[90m[39m
Admin UI E2E (2, chrome)	Run Cypress	2025-01-07T14:27:09.7282385Z [90m [39m    [0m_test.spec.ts/Clients test -- Service account tab test -- Assign (failed) (attem[0m               
Admin UI E2E (2, chrome)	Run Cypress	2025-01-07T14:27:09.7283720Z [90m [39m    [0mpt 4).png[0m                                                                                      
Admin UI E2E (2, chrome)	Run Cypress	2025-01-07T14:27:09.7284109Z 
Admin UI E2E (2, chrome)	Run Cypress	2025-01-07T14:27:09.7578351Z 
Admin UI E2E (2, chrome)	Run Cypress	2025-01-07T14:27:09.7579072Z [36m  ([4m[1mVideo[22m[24m)[39m
Admin UI E2E (2, chrome)	Run Cypress	2025-01-07T14:27:09.7579323Z 
Admin UI E2E (2, chrome)	Run Cypress	2025-01-07T14:27:09.7579870Z   -  Video output: [36m/home/runner/work/keycloak/keycloak/js/apps/admin-ui/cypress/videos/clients_test.spec.ts.mp4[39m
Admin UI E2E (2, chrome)	Run Cypress	2025-01-07T14:27:09.7580334Z 
Admin UI E2E (2, chrome)	Run Cypress	2025-01-07T14:27:09.7580826Z 
Admin UI E2E (2, chrome)	Run Cypress	2025-01-07T14:27:09.7590411Z [90mâ”€[39m[90mâ”€[39m[90mâ”€[39m[90mâ”€[39m[90mâ”€[39m[90mâ”€[39m[90mâ”€[39m[90mâ”€[39m[90mâ”€[39m[90mâ”€[39m[90mâ”€[39m[90mâ”€[39m[90mâ”€[39m[90mâ”€[39m[90mâ”€[39m[90mâ”€[39m[90mâ”€[39m[90mâ”€[39m[90mâ”€[39m[90mâ”€[39m[90mâ”€[39m[90mâ”€[39m[90mâ”€[39m[90mâ”€[39m[90mâ”€[39m[90mâ”€[39m[90mâ”€[39m[90mâ”€[39m[90mâ”€[39m[90mâ”€[39m[90mâ”€[39m[90mâ”€[39m[90mâ”€[39m[90mâ”€[39m[90mâ”€[39m[90mâ”€[39m[90mâ”€[39m[90mâ”€[39m[90mâ”€[39m[90mâ”€[39m[90mâ”€[39m[90mâ”€[39m[90mâ”€[39m[90mâ”€[39m[90mâ”€[39m[90mâ”€[39m[90mâ”€[39m[90mâ”€[39m[90mâ”€[39m[90mâ”€[39m[90mâ”€[39m[90mâ”€[39m[90mâ”€[39m[90mâ”€[39m[90mâ”€[39m[90mâ”€[39m[90mâ”€[39m[90mâ”€[39m[90mâ”€[39m[90mâ”€[39m[90mâ”€[39m[90mâ”€[39m[90mâ”€[39m[90mâ”€[39m[90mâ”€[39m[90mâ”€[39m[90mâ”€[39m[90mâ”€[39m[90mâ”€[39m[90mâ”€[39m[90mâ”€[39m[90mâ”€[39m[90mâ”€[39m[90mâ”€[39m[90mâ”€[39m[90mâ”€[39m[90mâ”€[39m[90mâ”€[39m[90mâ”€[39m[90mâ”€[39m[90mâ”€[39m[90mâ”€[39m[90mâ”€[39m[90mâ”€[39m[90mâ”€[39m[90mâ”€[39m[90mâ”€[39m[90mâ”€[39m[90mâ”€[39m[90mâ”€[39m[90mâ”€[39m[90mâ”€[39m[90mâ”€[39m[90mâ”€[39m[90mâ”€[39m[90mâ”€[39m[90mâ”€[39m[90mâ”€[39m[90mâ”€[39m[90mâ”€[39m
Admin UI E2E (2, chrome)	Run Cypress	2025-01-07T14:27:09.7593536Z                                                                                                     
Admin UI E2E (2, chrome)	Run Cypress	2025-01-07T14:27:09.7594464Z   Running:  [90midentity_providers_oidc_test.spec.ts[39m                                            [90m(3 of 8)[39m
Admin UI E2E (2, chrome)	Run Cypress	2025-01-07T14:27:12.8350477Z 
Admin UI E2E (2, chrome)	Run Cypress	2025-01-07T14:27:12.8352091Z [0m[0m
Admin UI E2E (2, chrome)	Run Cypress	2025-01-07T14:27:12.8407690Z [0m  OIDC identity provider test[0m
Admin UI E2E (2, chrome)	Run Cypress	2025-01-07T14:27:12.8408465Z [0m    OIDC Identity provider creation[0m
Admin UI E2E (2, chrome)	Run Cypress	2025-01-07T14:27:21.3867770Z     [32m  âœ“[0m[90m should create an OIDC provider using discovery url[0m[90m (8431ms)[0m
Admin UI E2E (2, chrome)	Run Cypress	2025-01-07T14:27:48.0272128Z     [32m  âœ“[0m[90m should test all settings[0m[90m (26374ms)[0m
Admin UI E2E (2, chrome)	Run Cypress	2025-01-07T14:27:52.5075666Z     [32m  âœ“[0m[90m should add OIDC mapper of type Attribute Importer[0m[90m (4401ms)[0m
Admin UI E2E (2, chrome)	Run Cypress	2025-01-07T14:27:56.3797014Z     [32m  âœ“[0m[90m should add OIDC mapper of type Claim To Role[0m[90m (3821ms)[0m
Admin UI E2E (2, chrome)	Run Cypress	2025-01-07T14:27:58.4188526Z     [32m  âœ“[0m[90m should cancel the addition of the OIDC mapper[0m[90m (2026ms)[0m
Admin UI E2E (2, chrome)	Run Cypress	2025-01-07T14:28:00.5043677Z     [32m  âœ“[0m[90m clean up providers[0m[90m (2020ms)[0m
Admin UI E2E (2, chrome)	Run Cypress	2025-01-07T14:28:00.5044808Z 
Admin UI E2E (2, chrome)	Run Cypress	2025-01-07T14:28:00.5222498Z 
Admin UI E2E (2, chrome)	Run Cypress	2025-01-07T14:28:00.5224273Z [92m [0m[32m 6 passing[0m[90m (48s)[0m
Admin UI E2E (2, chrome)	Run Cypress	2025-01-07T14:28:00.5224650Z 
Admin UI E2E (2, chrome)	Run Cypress	2025-01-07T14:28:01.5487613Z 
Admin UI E2E (2, chrome)	Run Cypress	2025-01-07T14:28:01.5489216Z [32m  ([4m[1mResults[22m[24m)[39m
Admin UI E2E (2, chrome)	Run Cypress	2025-01-07T14:28:01.5508083Z 
Admin UI E2E (2, chrome)	Run Cypress	2025-01-07T14:28:01.5520834Z [90m  â”Œ[39m[90mâ”€[39m[90mâ”€[39m[90mâ”€[39m[90mâ”€[39m[90mâ”€[39m[90mâ”€[39m[90mâ”€[39m[90mâ”€[39m[90mâ”€[39m[90mâ”€[39m[90mâ”€[39m[90mâ”€[39m[90mâ”€[39m[90mâ”€[39m[90mâ”€[39m[90mâ”€[39m[90mâ”€[39m[90mâ”€[39m[90mâ”€[39m[90mâ”€[39m[90mâ”€[39m[90mâ”€[39m[90mâ”€[39m[90mâ”€[39m[90mâ”€[39m[90mâ”€[39m[90mâ”€[39m[90mâ”€[39m[90mâ”€[39m[90mâ”€[39m[90mâ”€[39m[90mâ”€[39m[90mâ”€[39m[90mâ”€[39m[90mâ”€[39m[90mâ”€[39m[90mâ”€[39m[90mâ”€[39m[90mâ”€[39m[90mâ”€[39m[90mâ”€[39m[90mâ”€[39m[90mâ”€[39m[90mâ”€[39m[90mâ”€[39m[90mâ”€[39m[90mâ”€[39m[90mâ”€[39m[90mâ”€[39m[90mâ”€[39m[90mâ”€[39m[90mâ”€[39m[90mâ”€[39m[90mâ”€[39m[90mâ”€[39m[90mâ”€[39m[90mâ”€[39m[90mâ”€[39m[90mâ”€[39m[90mâ”€[39m[90mâ”€[39m[90mâ”€[39m[90mâ”€[39m[90mâ”€[39m[90mâ”€[39m[90mâ”€[39m[90mâ”€[39m[90mâ”€[39m[90mâ”€[39m[90mâ”€[39m[90mâ”€[39m[90mâ”€[39m[90mâ”€[39m[90mâ”€[39m[90mâ”€[39m[90mâ”€[39m[90mâ”€[39m[90mâ”€[39m[90mâ”€[39m[90mâ”€[39m[90mâ”€[39m[90mâ”€[39m[90mâ”€[39m[90mâ”€[39m[90mâ”€[39m[90mâ”€[39m[90mâ”€[39m[90mâ”€[39m[90mâ”€[39m[90mâ”€[39m[90mâ”€[39m[90mâ”€[39m[90mâ”€[39m[90mâ”€[39m[90mâ”€[39m[90mâ”€[39m[90mâ”[39m
Admin UI E2E (2, chrome)	Run Cypress	2025-01-07T14:28:01.5524273Z [90m  â”‚[39m [90mTests:[39m        [32m6[39m                                                                                [90mâ”‚[39m
Admin UI E2E (2, chrome)	Run Cypress	2025-01-07T14:28:01.5525095Z [90m  â”‚[39m [90mPassing:[39m      [32m6[39m                                                                                [90mâ”‚[39m
Admin UI E2E (2, chrome)	Run Cypress	2025-01-07T14:28:01.5526171Z [90m  â”‚[39m [90mFailing:[39m      [32m0[39m                                                                                [90mâ”‚[39m
Admin UI E2E (2, chrome)	Run Cypress	2025-01-07T14:28:01.5527387Z [90m  â”‚[39m [90mPending:[39m      [32m0[39m                                                                                [90mâ”‚[39m
Admin UI E2E (2, chrome)	Run Cypress	2025-01-07T14:28:01.5528355Z [90m  â”‚[39m [90mSkipped:[39m      [32m0[39m                                                                                [90mâ”‚[39m
Admin UI E2E (2, chrome)	Run Cypress	2025-01-07T14:28:01.5529186Z [90m  â”‚[39m [90mScreenshots:[39m  [32m0[39m                                                                                [90mâ”‚[39m
Admin UI E2E (2, chrome)	Run Cypress	2025-01-07T14:28:01.5530318Z [90m  â”‚[39m [90mVideo:[39m        [32mfalse[39m                                                                            [90mâ”‚[39m
Admin UI E2E (2, chrome)	Run Cypress	2025-01-07T14:28:01.5531556Z [90m  â”‚[39m [90mDuration:[39m     [32m47 seconds[39m                                                                       [90mâ”‚[39m
Admin UI E2E (2, chrome)	Run Cypress	2025-01-07T14:28:01.5532580Z [90m  â”‚[39m [90mSpec Ran:[39m     [32m[32midentity_providers_oidc_test.spec.ts[32m[39m                                             [90mâ”‚[39m
Admin UI E2E (2, chrome)	Run Cypress	2025-01-07T14:28:01.5537930Z [90m  â””[39m[90mâ”€[39m[90mâ”€[39m[90mâ”€[39m[90mâ”€[39m[90mâ”€[39m[90mâ”€[39m[90mâ”€[39m[90mâ”€[39m[90mâ”€[39m[90mâ”€[39m[90mâ”€[39m[90mâ”€[39m[90mâ”€[39m[90mâ”€[39m[90mâ”€[39m[90mâ”€[39m[90mâ”€[39m[90mâ”€[39m[90mâ”€[39m[90mâ”€[39m[90mâ”€[39m[90mâ”€[39m[90mâ”€[39m[90mâ”€[39m[90mâ”€[39m[90mâ”€[39m[90mâ”€[39m[90mâ”€[39m[90mâ”€[39m[90mâ”€[39m[90mâ”€[39m[90mâ”€[39m[90mâ”€[39m[90mâ”€[39m[90mâ”€[39m[90mâ”€[39m[90mâ”€[39m[90mâ”€[39m[90mâ”€[39m[90mâ”€[39m[90mâ”€[39m[90mâ”€[39m[90mâ”€[39m[90mâ”€[39m[90mâ”€[39m[90mâ”€[39m[90mâ”€[39m[90mâ”€[39m[90mâ”€[39m[90mâ”€[39m[90mâ”€[39m[90mâ”€[39m[90mâ”€[39m[90mâ”€[39m[90mâ”€[39m[90mâ”€[39m[90mâ”€[39m[90mâ”€[39m[90mâ”€[39m[90mâ”€[39m[90mâ”€[39m[90mâ”€[39m[90mâ”€[39m[90mâ”€[39m[90mâ”€[39m[90mâ”€[39m[90mâ”€[39m[90mâ”€[39m[90mâ”€[39m[90mâ”€[39m[90mâ”€[39m[90mâ”€[39m[90mâ”€[39m[90mâ”€[39m[90mâ”€[39m[90mâ”€[39m[90mâ”€[39m[90mâ”€[39m[90mâ”€[39m[90mâ”€[39m[90mâ”€[39m[90mâ”€[39m[90mâ”€[39m[90mâ”€[39m[90mâ”€[39m[90mâ”€[39m[90mâ”€[39m[90mâ”€[39m[90mâ”€[39m[90mâ”€[39m[90mâ”€[39m[90mâ”€[39m[90mâ”€[39m[90mâ”€[39m[90mâ”€[39m[90mâ”€[39m[90mâ”˜[39m
Admin UI E2E (2, chrome)	Run Cypress	2025-01-07T14:28:01.5541121Z 
Admin UI E2E (2, chrome)	Run Cypress	2025-01-07T14:28:01.5818014Z 
Admin UI E2E (2, chrome)	Run Cypress	2025-01-07T14:28:01.5830680Z [90mâ”€[39m[90mâ”€[39m[90mâ”€[39m[90mâ”€[39m[90mâ”€[39m[90mâ”€[39m[90mâ”€[39m[90mâ”€[39m[90mâ”€[39m[90mâ”€[39m[90mâ”€[39m[90mâ”€[39m[90mâ”€[39m[90mâ”€[39m[90mâ”€[39m[90mâ”€[39m[90mâ”€[39m[90mâ”€[39m[90mâ”€[39m[90mâ”€[39m[90mâ”€[39m[90mâ”€[39m[90mâ”€[39m[90mâ”€[39m[90mâ”€[39m[90mâ”€[39m[90mâ”€[39m[90mâ”€[39m[90mâ”€[39m[90mâ”€[39m[90mâ”€[39m[90mâ”€[39m[90mâ”€[39m[90mâ”€[39m[90mâ”€[39m[90mâ”€[39m[90mâ”€[39m[90mâ”€[39m[90mâ”€[39m[90mâ”€[39m[90mâ”€[39m[90mâ”€[39m[90mâ”€[39m[90mâ”€[39m[90mâ”€[39m[90mâ”€[39m[90mâ”€[39m[90mâ”€[39m[90mâ”€[39m[90mâ”€[39m[90mâ”€[39m[90mâ”€[39m[90mâ”€[39m[90mâ”€[39m[90mâ”€[39m[90mâ”€[39m[90mâ”€[39m[90mâ”€[39m[90mâ”€[39m[90mâ”€[39m[90mâ”€[39m[90mâ”€[39m[90mâ”€[39m[90mâ”€[39m[90mâ”€[39m[90mâ”€[39m[90mâ”€[39m[90mâ”€[39m[90mâ”€[39m[90mâ”€[39m[90mâ”€[39m[90mâ”€[39m[90mâ”€[39m[90mâ”€[39m[90mâ”€[39m[90mâ”€[39m[90mâ”€[39m[90mâ”€[39m[90mâ”€[39m[90mâ”€[39m[90mâ”€[39m[90mâ”€[39m[90mâ”€[39m[90mâ”€[39m[90mâ”€[39m[90mâ”€[39m[90mâ”€[39m[90mâ”€[39m[90mâ”€[39m[90mâ”€[39m[90mâ”€[39m[90mâ”€[39m[90mâ”€[39m[90mâ”€[39m[90mâ”€[39m[90mâ”€[39m[90mâ”€[39m[90mâ”€[39m[90mâ”€[39m[90mâ”€[39m
Admin UI E2E (2, chrome)	Run Cypress	2025-01-07T14:28:01.5835522Z                                                                                                     
Admin UI E2E (2, chrome)	Run Cypress	2025-01-07T14:28:01.5836242Z   Running:  [90mi18n_test.spec.ts[39m                                                               [90m(4 of 8)[39m
Admin UI E2E (2, chrome)	Run Cypress	2025-01-07T14:28:05.3948494Z 
Admin UI E2E (2, chrome)	Run Cypress	2025-01-07T14:28:05.3950323Z [0m[0m
Admin UI E2E (2, chrome)	Run Cypress	2025-01-07T14:28:05.3976695Z [0m  i18n tests[0m
Admin UI E2E (2, chrome)	Run Cypress	2025-01-07T14:28:09.8259080Z   [32m  âœ“[0m[90m should use THEME localization for fallback (en) when language without theme localization is requested and no realm localization exists[0m[90m (4340ms)[0m
Admin UI E2E (2, chrome)	Run Cypress	2025-01-07T14:28:11.6396600Z   [32m  âœ“[0m[90m should use THEME localization for language when language with theme localization is requested and no realm localization exists[0m[90m (1639ms)[0m
Admin UI E2E (2, chrome)	Run Cypress	2025-01-07T14:28:13.8572940Z   [32m  âœ“[0m[90m should use REALM localization for fallback (en) when language without theme localization is requested and realm localization exists for fallback (en)[0m[90m (2086ms)[0m
Admin UI E2E (2, chrome)	Run Cypress	2025-01-07T14:28:15.6638185Z   [32m  âœ“[0m[90m should use THEME localization for language when language with theme localization is requested and realm localization exists for fallback (en) only[0m[90m (1644ms)[0m
Admin UI E2E (2, chrome)	Run Cypress	2025-01-07T14:28:17.6014051Z   [32m  âœ“[0m[90m should use REALM localization for language when language is requested and realm localization exists for language[0m[90m (1789ms)[0m
Admin UI E2E (2, chrome)	Run Cypress	2025-01-07T14:28:17.6139437Z   [36m  - should use REALM localization for region when region is requested and realm localization exists for region[0m
Admin UI E2E (2, chrome)	Run Cypress	2025-01-07T14:28:19.5950280Z   [32m  âœ“[0m[90m should use REALM localization for language when language is requested and realm localization exists for fallback (en), language, region[0m[90m (1819ms)[0m
Admin UI E2E (2, chrome)	Run Cypress	2025-01-07T14:28:21.5425139Z   [32m  âœ“[0m[90m should use REALM localization for language when region is requested and realm localization exists for fallback (en), language[0m[90m (1823ms)[0m
Admin UI E2E (2, chrome)	Run Cypress	2025-01-07T14:28:23.2541160Z   [32m  âœ“[0m[90m should apply plurals and interpolation for THEME localization[0m[90m (1611ms)[0m
Admin UI E2E (2, chrome)	Run Cypress	2025-01-07T14:28:25.2439997Z   [32m  âœ“[0m[90m should apply plurals and interpolation for REALM localization[0m[90m (1615ms)[0m
Admin UI E2E (2, chrome)	Run Cypress	2025-01-07T14:28:25.2440910Z 
Admin UI E2E (2, chrome)	Run Cypress	2025-01-07T14:28:25.2686858Z 
Admin UI E2E (2, chrome)	Run Cypress	2025-01-07T14:28:25.2687746Z [92m [0m[32m 9 passing[0m[90m (20s)[0m
Admin UI E2E (2, chrome)	Run Cypress	2025-01-07T14:28:25.2688796Z [36m [0m[36m 1 pending[0m
Admin UI E2E (2, chrome)	Run Cypress	2025-01-07T14:28:25.2688975Z 
Admin UI E2E (2, chrome)	Run Cypress	2025-01-07T14:28:26.3154000Z 
Admin UI E2E (2, chrome)	Run Cypress	2025-01-07T14:28:26.3155640Z [32m  ([4m[1mResults[22m[24m)[39m
Admin UI E2E (2, chrome)	Run Cypress	2025-01-07T14:28:26.3173636Z 
Admin UI E2E (2, chrome)	Run Cypress	2025-01-07T14:28:26.3186904Z [90m  â”Œ[39m[90mâ”€[39m[90mâ”€[39m[90mâ”€[39m[90mâ”€[39m[90mâ”€[39m[90mâ”€[39m[90mâ”€[39m[90mâ”€[39m[90mâ”€[39m[90mâ”€[39m[90mâ”€[39m[90mâ”€[39m[90mâ”€[39m[90mâ”€[39m[90mâ”€[39m[90mâ”€[39m[90mâ”€[39m[90mâ”€[39m[90mâ”€[39m[90mâ”€[39m[90mâ”€[39m[90mâ”€[39m[90mâ”€[39m[90mâ”€[39m[90mâ”€[39m[90mâ”€[39m[90mâ”€[39m[90mâ”€[39m[90mâ”€[39m[90mâ”€[39m[90mâ”€[39m[90mâ”€[39m[90mâ”€[39m[90mâ”€[39m[90mâ”€[39m[90mâ”€[39m[90mâ”€[39m[90mâ”€[39m[90mâ”€[39m[90mâ”€[39m[90mâ”€[39m[90mâ”€[39m[90mâ”€[39m[90mâ”€[39m[90mâ”€[39m[90mâ”€[39m[90mâ”€[39m[90mâ”€[39m[90mâ”€[39m[90mâ”€[39m[90mâ”€[39m[90mâ”€[39m[90mâ”€[39m[90mâ”€[39m[90mâ”€[39m[90mâ”€[39m[90mâ”€[39m[90mâ”€[39m[90mâ”€[39m[90mâ”€[39m[90mâ”€[39m[90mâ”€[39m[90mâ”€[39m[90mâ”€[39m[90mâ”€[39m[90mâ”€[39m[90mâ”€[39m[90mâ”€[39m[90mâ”€[39m[90mâ”€[39m[90mâ”€[39m[90mâ”€[39m[90mâ”€[39m[90mâ”€[39m[90mâ”€[39m[90mâ”€[39m[90mâ”€[39m[90mâ”€[39m[90mâ”€[39m[90mâ”€[39m[90mâ”€[39m[90mâ”€[39m[90mâ”€[39m[90mâ”€[39m[90mâ”€[39m[90mâ”€[39m[90mâ”€[39m[90mâ”€[39m[90mâ”€[39m[90mâ”€[39m[90mâ”€[39m[90mâ”€[39m[90mâ”€[39m[90mâ”€[39m[90mâ”€[39m[90mâ”€[39m[90mâ”[39m
Admin UI E2E (2, chrome)	Run Cypress	2025-01-07T14:28:26.3191619Z [90m  â”‚[39m [90mTests:[39m        [32m10[39m                                                                               [90mâ”‚[39m
Admin UI E2E (2, chrome)	Run Cypress	2025-01-07T14:28:26.3193151Z [90m  â”‚[39m [90mPassing:[39m      [32m9[39m                                                                                [90mâ”‚[39m
Admin UI E2E (2, chrome)	Run Cypress	2025-01-07T14:28:26.3194460Z [90m  â”‚[39m [90mFailing:[39m      [32m0[39m                                                                                [90mâ”‚[39m
Admin UI E2E (2, chrome)	Run Cypress	2025-01-07T14:28:26.3195729Z [90m  â”‚[39m [90mPending:[39m      [32m1[39m                                                                                [90mâ”‚[39m
Admin UI E2E (2, chrome)	Run Cypress	2025-01-07T14:28:26.3197023Z [90m  â”‚[39m [90mSkipped:[39m      [32m0[39m                                                                                [90mâ”‚[39m
Admin UI E2E (2, chrome)	Run Cypress	2025-01-07T14:28:26.3198374Z [90m  â”‚[39m [90mScreenshots:[39m  [32m0[39m                                                                                [90mâ”‚[39m
Admin UI E2E (2, chrome)	Run Cypress	2025-01-07T14:28:26.3199809Z [90m  â”‚[39m [90mVideo:[39m        [32mfalse[39m                                                                            [90mâ”‚[39m
Admin UI E2E (2, chrome)	Run Cypress	2025-01-07T14:28:26.3201547Z [90m  â”‚[39m [90mDuration:[39m     [32m19 seconds[39m                                                                       [90mâ”‚[39m
Admin UI E2E (2, chrome)	Run Cypress	2025-01-07T14:28:26.3208580Z [90m  â”‚[39m [90mSpec Ran:[39m     [32m[32mi18n_test.spec.ts[32m[39m                                                                [90mâ”‚[39m
Admin UI E2E (2, chrome)	Run Cypress	2025-01-07T14:28:26.3213628Z [90m  â””[39m[90mâ”€[39m[90mâ”€[39m[90mâ”€[39m[90mâ”€[39m[90mâ”€[39m[90mâ”€[39m[90mâ”€[39m[90mâ”€[39m[90mâ”€[39m[90mâ”€[39m[90mâ”€[39m[90mâ”€[39m[90mâ”€[39m[90mâ”€[39m[90mâ”€[39m[90mâ”€[39m[90mâ”€[39m[90mâ”€[39m[90mâ”€[39m[90mâ”€[39m[90mâ”€[39m[90mâ”€[39m[90mâ”€[39m[90mâ”€[39m[90mâ”€[39m[90mâ”€[39m[90mâ”€[39m[90mâ”€[39m[90mâ”€[39m[90mâ”€[39m[90mâ”€[39m[90mâ”€[39m[90mâ”€[39m[90mâ”€[39m[90mâ”€[39m[90mâ”€[39m[90mâ”€[39m[90mâ”€[39m[90mâ”€[39m[90mâ”€[39m[90mâ”€[39m[90mâ”€[39m[90mâ”€[39m[90mâ”€[39m[90mâ”€[39m[90mâ”€[39m[90mâ”€[39m[90mâ”€[39m[90mâ”€[39m[90mâ”€[39m[90mâ”€[39m[90mâ”€[39m[90mâ”€[39m[90mâ”€[39m[90mâ”€[39m[90mâ”€[39m[90mâ”€[39m[90mâ”€[39m[90mâ”€[39m[90mâ”€[39m[90mâ”€[39m[90mâ”€[39m[90mâ”€[39m[90mâ”€[39m[90mâ”€[39m[90mâ”€[39m[90mâ”€[39m[90mâ”€[39m[90mâ”€[39m[90mâ”€[39m[90mâ”€[39m[90mâ”€[39m[90mâ”€[39m[90mâ”€[39m[90mâ”€[39m[90mâ”€[39m[90mâ”€[39m[90mâ”€[39m[90mâ”€[39m[90mâ”€[39m[90mâ”€[39m[90mâ”€[39m[90mâ”€[39m[90mâ”€[39m[90mâ”€[39m[90mâ”€[39m[90mâ”€[39m[90mâ”€[39m[90mâ”€[39m[90mâ”€[39m[90mâ”€[39m[90mâ”€[39m[90mâ”€[39m[90mâ”€[39m[90mâ”€[39m[90mâ”€[39m[90mâ”˜[39m
Admin UI E2E (2, chrome)	Run Cypress	2025-01-07T14:28:26.3217551Z 
Admin UI E2E (2, chrome)	Run Cypress	2025-01-07T14:28:26.3513067Z 
Admin UI E2E (2, chrome)	Run Cypress	2025-01-07T14:28:26.3523981Z [90mâ”€[39m[90mâ”€[39m[90mâ”€[39m[90mâ”€[39m[90mâ”€[39m[90mâ”€[39m[90mâ”€[39m[90mâ”€[39m[90mâ”€[39m[90mâ”€[39m[90mâ”€[39m[90mâ”€[39m[90mâ”€[39m[90mâ”€[39m[90mâ”€[39m[90mâ”€[39m[90mâ”€[39m[90mâ”€[39m[90mâ”€[39m[90mâ”€[39m[90mâ”€[39m[90mâ”€[39m[90mâ”€[39m[90mâ”€[39m[90mâ”€[39m[90mâ”€[39m[90mâ”€[39m[90mâ”€[39m[90mâ”€[39m[90mâ”€[39m[90mâ”€[39m[90mâ”€[39m[90mâ”€[39m[90mâ”€[39m[90mâ”€[39m[90mâ”€[39m[90mâ”€[39m[90mâ”€[39m[90mâ”€[39m[90mâ”€[39m[90mâ”€[39m[90mâ”€[39m[90mâ”€[39m[90mâ”€[39m[90mâ”€[39m[90mâ”€[39m[90mâ”€[39m[90mâ”€[39m[90mâ”€[39m[90mâ”€[39m[90mâ”€[39m[90mâ”€[39m[90mâ”€[39m[90mâ”€[39m[90mâ”€[39m[90mâ”€[39m[90mâ”€[39m[90mâ”€[39m[90mâ”€[39m[90mâ”€[39m[90mâ”€[39m[90mâ”€[39m[90mâ”€[39m[90mâ”€[39m[90mâ”€[39m[90mâ”€[39m[90mâ”€[39m[90mâ”€[39m[90mâ”€[39m[90mâ”€[39m[90mâ”€[39m[90mâ”€[39m[90mâ”€[39m[90mâ”€[39m[90mâ”€[39m[90mâ”€[39m[90mâ”€[39m[90mâ”€[39m[90mâ”€[39m[90mâ”€[39m[90mâ”€[39m[90mâ”€[39m[90mâ”€[39m[90mâ”€[39m[90mâ”€[39m[90mâ”€[39m[90mâ”€[39m[90mâ”€[39m[90mâ”€[39m[90mâ”€[39m[90mâ”€[39m[90mâ”€[39m[90mâ”€[39m[90mâ”€[39m[90mâ”€[39m[90mâ”€[39m[90mâ”€[39m[90mâ”€[39m[90mâ”€[39m[90mâ”€[39m
Admin UI E2E (2, chrome)	Run Cypress	2025-01-07T14:28:26.3526404Z                                                                                                     
Admin UI E2E (2, chrome)	Run Cypress	2025-01-07T14:28:26.3527034Z   Running:  [90mpartial_export_test.spec.ts[39m                                                     [90m(5 of 8)[39m
Admin UI E2E (2, chrome)	Run Cypress	2025-01-07T14:28:29.6350452Z 
Admin UI E2E (2, chrome)	Run Cypress	2025-01-07T14:28:29.6351420Z [0m[0m
Admin UI E2E (2, chrome)	Run Cypress	2025-01-07T14:28:29.6374640Z [0m  Partial realm export[0m
Admin UI E2E (2, chrome)	Run Cypress	2025-01-07T14:28:34.8890355Z   [32m  âœ“[0m[90m Closes the dialog[0m[90m (5230ms)[0m
Admin UI E2E (2, chrome)	Run Cypress	2025-01-07T14:28:37.4845844Z   [32m  âœ“[0m[90m Shows a warning message[0m[90m (2553ms)[0m
Admin UI E2E (2, chrome)	Run Cypress	2025-01-07T14:28:40.9592379Z   [32m  âœ“[0m[90m Exports the realm[0m[90m (2883ms)[0m
Admin UI E2E (2, chrome)	Run Cypress	2025-01-07T14:28:40.9596488Z 
Admin UI E2E (2, chrome)	Run Cypress	2025-01-07T14:28:40.9747579Z 
Admin UI E2E (2, chrome)	Run Cypress	2025-01-07T14:28:40.9750078Z [92m [0m[32m 3 passing[0m[90m (11s)[0m
Admin UI E2E (2, chrome)	Run Cypress	2025-01-07T14:28:40.9751989Z 
Admin UI E2E (2, chrome)	Run Cypress	2025-01-07T14:28:42.0076487Z 
Admin UI E2E (2, chrome)	Run Cypress	2025-01-07T14:28:42.0078549Z [32m  ([4m[1mResults[22m[24m)[39m
Admin UI E2E (2, chrome)	Run Cypress	2025-01-07T14:28:42.0081758Z 
Admin UI E2E (2, chrome)	Run Cypress	2025-01-07T14:28:42.0094639Z [90m  â”Œ[39m[90mâ”€[39m[90mâ”€[39m[90mâ”€[39m[90mâ”€[39m[90mâ”€[39m[90mâ”€[39m[90mâ”€[39m[90mâ”€[39m[90mâ”€[39m[90mâ”€[39m[90mâ”€[39m[90mâ”€[39m[90mâ”€[39m[90mâ”€[39m[90mâ”€[39m[90mâ”€[39m[90mâ”€[39m[90mâ”€[39m[90mâ”€[39m[90mâ”€[39m[90mâ”€[39m[90mâ”€[39m[90mâ”€[39m[90mâ”€[39m[90mâ”€[39m[90mâ”€[39m[90mâ”€[39m[90mâ”€[39m[90mâ”€[39m[90mâ”€[39m[90mâ”€[39m[90mâ”€[39m[90mâ”€[39m[90mâ”€[39m[90mâ”€[39m[90mâ”€[39m[90mâ”€[39m[90mâ”€[39m[90mâ”€[39m[90mâ”€[39m[90mâ”€[39m[90mâ”€[39m[90mâ”€[39m[90mâ”€[39m[90mâ”€[39m[90mâ”€[39m[90mâ”€[39m[90mâ”€[39m[90mâ”€[39m[90mâ”€[39m[90mâ”€[39m[90mâ”€[39m[90mâ”€[39m[90mâ”€[39m[90mâ”€[39m[90mâ”€[39m[90mâ”€[39m[90mâ”€[39m[90mâ”€[39m[90mâ”€[39m[90mâ”€[39m[90mâ”€[39m[90mâ”€[39m[90mâ”€[39m[90mâ”€[39m[90mâ”€[39m[90mâ”€[39m[90mâ”€[39m[90mâ”€[39m[90mâ”€[39m[90mâ”€[39m[90mâ”€[39m[90mâ”€[39m[90mâ”€[39m[90mâ”€[39m[90mâ”€[39m[90mâ”€[39m[90mâ”€[39m[90mâ”€[39m[90mâ”€[39m[90mâ”€[39m[90mâ”€[39m[90mâ”€[39m[90mâ”€[39m[90mâ”€[39m[90mâ”€[39m[90mâ”€[39m[90mâ”€[39m[90mâ”€[39m[90mâ”€[39m[90mâ”€[39m[90mâ”€[39m[90mâ”€[39m[90mâ”€[39m[90mâ”€[39m[90mâ”€[39m[90mâ”[39m
Admin UI E2E (2, chrome)	Run Cypress	2025-01-07T14:28:42.0099643Z [90m  â”‚[39m [90mTests:[39m        [32m3[39m                                                                                [90mâ”‚[39m
Admin UI E2E (2, chrome)	Run Cypress	2025-01-07T14:28:42.0101015Z [90m  â”‚[39m [90mPassing:[39m      [32m3[39m                                                                                [90mâ”‚[39m
Admin UI E2E (2, chrome)	Run Cypress	2025-01-07T14:28:42.0102355Z [90m  â”‚[39m [90mFailing:[39m      [32m0[39m                                                                                [90mâ”‚[39m
Admin UI E2E (2, chrome)	Run Cypress	2025-01-07T14:28:42.0103998Z [90m  â”‚[39m [90mPending:[39m      [32m0[39m                                                                                [90mâ”‚[39m
Admin UI E2E (2, chrome)	Run Cypress	2025-01-07T14:28:42.0105624Z [90m  â”‚[39m [90mSkipped:[39m      [32m0[39m                                                                                [90mâ”‚[39m
Admin UI E2E (2, chrome)	Run Cypress	2025-01-07T14:28:42.0107058Z [90m  â”‚[39m [90mScreenshots:[39m  [32m0[39m                                                                                [90mâ”‚[39m
Admin UI E2E (2, chrome)	Run Cypress	2025-01-07T14:28:42.0108483Z [90m  â”‚[39m [90mVideo:[39m        [32mfalse[39m                                                                            [90mâ”‚[39m
Admin UI E2E (2, chrome)	Run Cypress	2025-01-07T14:28:42.0109868Z [90m  â”‚[39m [90mDuration:[39m     [32m11 seconds[39m                                                                       [90mâ”‚[39m
Admin UI E2E (2, chrome)	Run Cypress	2025-01-07T14:28:42.0118077Z [90m  â”‚[39m [90mSpec Ran:[39m     [32m[32mpartial_export_test.spec.ts[32m[39m                                                      [90mâ”‚[39m
Admin UI E2E (2, chrome)	Run Cypress	2025-01-07T14:28:42.0127161Z [90m  â””[39m[90mâ”€[39m[90mâ”€[39m[90mâ”€[39m[90mâ”€[39m[90mâ”€[39m[90mâ”€[39m[90mâ”€[39m[90mâ”€[39m[90mâ”€[39m[90mâ”€[39m[90mâ”€[39m[90mâ”€[39m[90mâ”€[39m[90mâ”€[39m[90mâ”€[39m[90mâ”€[39m[90mâ”€[39m[90mâ”€[39m[90mâ”€[39m[90mâ”€[39m[90mâ”€[39m[90mâ”€[39m[90mâ”€[39m[90mâ”€[39m[90mâ”€[39m[90mâ”€[39m[90mâ”€[39m[90mâ”€[39m[90mâ”€[39m[90mâ”€[39m[90mâ”€[39m[90mâ”€[39m[90mâ”€[39m[90mâ”€[39m[90mâ”€[39m[90mâ”€[39m[90mâ”€[39m[90mâ”€[39m[90mâ”€[39m[90mâ”€[39m[90mâ”€[39m[90mâ”€[39m[90mâ”€[39m[90mâ”€[39m[90mâ”€[39m[90mâ”€[39m[90mâ”€[39m[90mâ”€[39m[90mâ”€[39m[90mâ”€[39m[90mâ”€[39m[90mâ”€[39m[90mâ”€[39m[90mâ”€[39m[90mâ”€[39m[90mâ”€[39m[90mâ”€[39m[90mâ”€[39m[90mâ”€[39m[90mâ”€[39m[90mâ”€[39m[90mâ”€[39m[90mâ”€[39m[90mâ”€[39m[90mâ”€[39m[90mâ”€[39m[90mâ”€[39m[90mâ”€[39m[90mâ”€[39m[90mâ”€[39m[90mâ”€[39m[90mâ”€[39m[90mâ”€[39m[90mâ”€[39m[90mâ”€[39m[90mâ”€[39m[90mâ”€[39m[90mâ”€[39m[90mâ”€[39m[90mâ”€[39m[90mâ”€[39m[90mâ”€[39m[90mâ”€[39m[90mâ”€[39m[90mâ”€[39m[90mâ”€[39m[90mâ”€[39m[90mâ”€[39m[90mâ”€[39m[90mâ”€[39m[90mâ”€[39m[90mâ”€[39m[90mâ”€[39m[90mâ”€[39m[90mâ”€[39m[90mâ”€[39m[90mâ”˜[39m
Admin UI E2E (2, chrome)	Run Cypress	2025-01-07T14:28:42.0131562Z 
Admin UI E2E (2, chrome)	Run Cypress	2025-01-07T14:28:42.0446763Z 
Admin UI E2E (2, chrome)	Run Cypress	2025-01-07T14:28:42.0456744Z [90mâ”€[39m[90mâ”€[39m[90mâ”€[39m[90mâ”€[39m[90mâ”€[39m[90mâ”€[39m[90mâ”€[39m[90mâ”€[39m[90mâ”€[39m[90mâ”€[39m[90mâ”€[39m[90mâ”€[39m[90mâ”€[39m[90mâ”€[39m[90mâ”€[39m[90mâ”€[39m[90mâ”€[39m[90mâ”€[39m[90mâ”€[39m[90mâ”€[39m[90mâ”€[39m[90mâ”€[39m[90mâ”€[39m[90mâ”€[39m[90mâ”€[39m[90mâ”€[39m[90mâ”€[39m[90mâ”€[39m[90mâ”€[39m[90mâ”€[39m[90mâ”€[39m[90mâ”€[39m[90mâ”€[39m[90mâ”€[39m[90mâ”€[39m[90mâ”€[39m[90mâ”€[39m[90mâ”€[39m[90mâ”€[39m[90mâ”€[39m[90mâ”€[39m[90mâ”€[39m[90mâ”€[39m[90mâ”€[39m[90mâ”€[39m[90mâ”€[39m[90mâ”€[39m[90mâ”€[39m[90mâ”€[39m[90mâ”€[39m[90mâ”€[39m[90mâ”€[39m[90mâ”€[39m[90mâ”€[39m[90mâ”€[39m[90mâ”€[39m[90mâ”€[39m[90mâ”€[39m[90mâ”€[39m[90mâ”€[39m[90mâ”€[39m[90mâ”€[39m[90mâ”€[39m[90mâ”€[39m[90mâ”€[39m[90mâ”€[39m[90mâ”€[39m[90mâ”€[39m[90mâ”€[39m[90mâ”€[39m[90mâ”€[39m[90mâ”€[39m[90mâ”€[39m[90mâ”€[39m[90mâ”€[39m[90mâ”€[39m[90mâ”€[39m[90mâ”€[39m[90mâ”€[39m[90mâ”€[39m[90mâ”€[39m[90mâ”€[39m[90mâ”€[39m[90mâ”€[39m[90mâ”€[39m[90mâ”€[39m[90mâ”€[39m[90mâ”€[39m[90mâ”€[39m[90mâ”€[39m[90mâ”€[39m[90mâ”€[39m[90mâ”€[39m[90mâ”€[39m[90mâ”€[39m[90mâ”€[39m[90mâ”€[39m[90mâ”€[39m[90mâ”€[39m[90mâ”€[39m
Admin UI E2E (2, chrome)	Run Cypress	2025-01-07T14:28:42.0461219Z                                                                                                     
Admin UI E2E (2, chrome)	Run Cypress	2025-01-07T14:28:42.0463000Z   Running:  [90mmasthead_test.spec.ts[39m                                                           [90m(6 of 8)[39m
Admin UI E2E (2, chrome)	Run Cypress	2025-01-07T14:28:45.1229477Z 
Admin UI E2E (2, chrome)	Run Cypress	2025-01-07T14:28:45.1230796Z [0m[0m
Admin UI E2E (2, chrome)	Run Cypress	2025-01-07T14:28:45.1293079Z [0m  Masthead tests[0m
Admin UI E2E (2, chrome)	Run Cypress	2025-01-07T14:28:45.1295015Z [0m    Desktop view[0m
Admin UI E2E (2, chrome)	Run Cypress	2025-01-07T14:28:48.8570143Z     [32m  âœ“[0m[90m Go to account console and back to admin console[0m[90m (3713ms)[0m
Admin UI E2E (2, chrome)	Run Cypress	2025-01-07T14:28:50.7734310Z     [32m  âœ“[0m[90m Sign out reachs to log in screen[0m[90m (1883ms)[0m
Admin UI E2E (2, chrome)	Run Cypress	2025-01-07T14:28:55.0020429Z     [32m  âœ“[0m[90m Go to realm info[0m[90m (4198ms)[0m
Admin UI E2E (2, chrome)	Run Cypress	2025-01-07T14:28:56.4877737Z     [32m  âœ“[0m[90m Should go to documentation page[0m[90m (1450ms)[0m
Admin UI E2E (2, chrome)	Run Cypress	2025-01-07T14:28:58.2500247Z     [32m  âœ“[0m[90m Enable/disable help mode in desktop mode[0m[90m (1728ms)[0m
Admin UI E2E (2, chrome)	Run Cypress	2025-01-07T14:28:58.2599487Z [0m    Login works for unprivileged users[0m
Admin UI E2E (2, chrome)	Run Cypress	2025-01-07T14:29:04.4098218Z     [32m  âœ“[0m[90m Login without privileges to see admin console[0m[90m (5660ms)[0m
Admin UI E2E (2, chrome)	Run Cypress	2025-01-07T14:29:04.4252649Z [0m    Mobile view[0m
Admin UI E2E (2, chrome)	Run Cypress	2025-01-07T14:29:08.1055294Z     [32m  âœ“[0m[90m Mobile menu is shown when in mobile view[0m[90m (3649ms)[0m
Admin UI E2E (2, chrome)	Run Cypress	2025-01-07T14:29:10.1051665Z     [32m  âœ“[0m[90m Enable/disable help mode in mobile view[0m[90m (1957ms)[0m
Admin UI E2E (2, chrome)	Run Cypress	2025-01-07T14:29:10.1189778Z [0m    Accessibility tests for masthead[0m
Admin UI E2E (2, chrome)	Run Cypress	2025-01-07T14:29:13.5123008Z     [32m  âœ“[0m[90m Check a11y violations on load/ masthead[0m[90m (3359ms)[0m
Admin UI E2E (2, chrome)	Run Cypress	2025-01-07T14:29:13.5130139Z 
Admin UI E2E (2, chrome)	Run Cypress	2025-01-07T14:29:13.5298621Z 
Admin UI E2E (2, chrome)	Run Cypress	2025-01-07T14:29:13.5300550Z [92m [0m[32m 9 passing[0m[90m (28s)[0m
Admin UI E2E (2, chrome)	Run Cypress	2025-01-07T14:29:13.5301027Z 
Admin UI E2E (2, chrome)	Run Cypress	2025-01-07T14:29:14.5530089Z 
Admin UI E2E (2, chrome)	Run Cypress	2025-01-07T14:29:14.5530673Z [32m  ([4m[1mResults[22m[24m)[39m
Admin UI E2E (2, chrome)	Run Cypress	2025-01-07T14:29:14.5534130Z 
Admin UI E2E (2, chrome)	Run Cypress	2025-01-07T14:29:14.5546936Z [90m  â”Œ[39m[90mâ”€[39m[90mâ”€[39m[90mâ”€[39m[90mâ”€[39m[90mâ”€[39m[90mâ”€[39m[90mâ”€[39m[90mâ”€[39m[90mâ”€[39m[90mâ”€[39m[90mâ”€[39m[90mâ”€[39m[90mâ”€[39m[90mâ”€[39m[90mâ”€[39m[90mâ”€[39m[90mâ”€[39m[90mâ”€[39m[90mâ”€[39m[90mâ”€[39m[90mâ”€[39m[90mâ”€[39m[90mâ”€[39m[90mâ”€[39m[90mâ”€[39m[90mâ”€[39m[90mâ”€[39m[90mâ”€[39m[90mâ”€[39m[90mâ”€[39m[90mâ”€[39m[90mâ”€[39m[90mâ”€[39m[90mâ”€[39m[90mâ”€[39m[90mâ”€[39m[90mâ”€[39m[90mâ”€[39m[90mâ”€[39m[90mâ”€[39m[90mâ”€[39m[90mâ”€[39m[90mâ”€[39m[90mâ”€[39m[90mâ”€[39m[90mâ”€[39m[90mâ”€[39m[90mâ”€[39m[90mâ”€[39m[90mâ”€[39m[90mâ”€[39m[90mâ”€[39m[90mâ”€[39m[90mâ”€[39m[90mâ”€[39m[90mâ”€[39m[90mâ”€[39m[90mâ”€[39m[90mâ”€[39m[90mâ”€[39m[90mâ”€[39m[90mâ”€[39m[90mâ”€[39m[90mâ”€[39m[90mâ”€[39m[90mâ”€[39m[90mâ”€[39m[90mâ”€[39m[90mâ”€[39m[90mâ”€[39m[90mâ”€[39m[90mâ”€[39m[90mâ”€[39m[90mâ”€[39m[90mâ”€[39m[90mâ”€[39m[90mâ”€[39m[90mâ”€[39m[90mâ”€[39m[90mâ”€[39m[90mâ”€[39m[90mâ”€[39m[90mâ”€[39m[90mâ”€[39m[90mâ”€[39m[90mâ”€[39m[90mâ”€[39m[90mâ”€[39m[90mâ”€[39m[90mâ”€[39m[90mâ”€[39m[90mâ”€[39m[90mâ”€[39m[90mâ”€[39m[90mâ”€[39m[90mâ”€[39m[90mâ”[39m
Admin UI E2E (2, chrome)	Run Cypress	2025-01-07T14:29:14.5550587Z [90m  â”‚[39m [90mTests:[39m        [32m9[39m                                                                                [90mâ”‚[39m
Admin UI E2E (2, chrome)	Run Cypress	2025-01-07T14:29:14.5551744Z [90m  â”‚[39m [90mPassing:[39m      [32m9[39m                                                                                [90mâ”‚[39m
Admin UI E2E (2, chrome)	Run Cypress	2025-01-07T14:29:14.5553191Z [90m  â”‚[39m [90mFailing:[39m      [32m0[39m                                                                                [90mâ”‚[39m
Admin UI E2E (2, chrome)	Run Cypress	2025-01-07T14:29:14.5554297Z [90m  â”‚[39m [90mPending:[39m      [32m0[39m                                                                                [90mâ”‚[39m
Admin UI E2E (2, chrome)	Run Cypress	2025-01-07T14:29:14.5555308Z [90m  â”‚[39m [90mSkipped:[39m      [32m0[39m                                                                                [90mâ”‚[39m
Admin UI E2E (2, chrome)	Run Cypress	2025-01-07T14:29:14.5556476Z [90m  â”‚[39m [90mScreenshots:[39m  [32m0[39m                                                                                [90mâ”‚[39m
Admin UI E2E (2, chrome)	Run Cypress	2025-01-07T14:29:14.5557798Z [90m  â”‚[39m [90mVideo:[39m        [32mfalse[39m                                                                            [90mâ”‚[39m
Admin UI E2E (2, chrome)	Run Cypress	2025-01-07T14:29:14.5559355Z [90m  â”‚[39m [90mDuration:[39m     [32m28 seconds[39m                                                                       [90mâ”‚[39m
Admin UI E2E (2, chrome)	Run Cypress	2025-01-07T14:29:14.5560923Z [90m  â”‚[39m [90mSpec Ran:[39m     [32m[32mmasthead_test.spec.ts[32m[39m                                                            [90mâ”‚[39m
Admin UI E2E (2, chrome)	Run Cypress	2025-01-07T14:29:14.5567313Z [90m  â””[39m[90mâ”€[39m[90mâ”€[39m[90mâ”€[39m[90mâ”€[39m[90mâ”€[39m[90mâ”€[39m[90mâ”€[39m[90mâ”€[39m[90mâ”€[39m[90mâ”€[39m[90mâ”€[39m[90mâ”€[39m[90mâ”€[39m[90mâ”€[39m[90mâ”€[39m[90mâ”€[39m[90mâ”€[39m[90mâ”€[39m[90mâ”€[39m[90mâ”€[39m[90mâ”€[39m[90mâ”€[39m[90mâ”€[39m[90mâ”€[39m[90mâ”€[39m[90mâ”€[39m[90mâ”€[39m[90mâ”€[39m[90mâ”€[39m[90mâ”€[39m[90mâ”€[39m[90mâ”€[39m[90mâ”€[39m[90mâ”€[39m[90mâ”€[39m[90mâ”€[39m[90mâ”€[39m[90mâ”€[39m[90mâ”€[39m[90mâ”€[39m[90mâ”€[39m[90mâ”€[39m[90mâ”€[39m[90mâ”€[39m[90mâ”€[39m[90mâ”€[39m[90mâ”€[39m[90mâ”€[39m[90mâ”€[39m[90mâ”€[39m[90mâ”€[39m[90mâ”€[39m[90mâ”€[39m[90mâ”€[39m[90mâ”€[39m[90mâ”€[39m[90mâ”€[39m[90mâ”€[39m[90mâ”€[39m[90mâ”€[39m[90mâ”€[39m[90mâ”€[39m[90mâ”€[39m[90mâ”€[39m[90mâ”€[39m[90mâ”€[39m[90mâ”€[39m[90mâ”€[39m[90mâ”€[39m[90mâ”€[39m[90mâ”€[39m[90mâ”€[39m[90mâ”€[39m[90mâ”€[39m[90mâ”€[39m[90mâ”€[39m[90mâ”€[39m[90mâ”€[39m[90mâ”€[39m[90mâ”€[39m[90mâ”€[39m[90mâ”€[39m[90mâ”€[39m[90mâ”€[39m[90mâ”€[39m[90mâ”€[39m[90mâ”€[39m[90mâ”€[39m[90mâ”€[39m[90mâ”€[39m[90mâ”€[39m[90mâ”€[39m[90mâ”€[39m[90mâ”€[39m[90mâ”€[39m[90mâ”€[39m[90mâ”˜[39m
Admin UI E2E (2, chrome)	Run Cypress	2025-01-07T14:29:14.5570111Z 
Admin UI E2E (2, chrome)	Run Cypress	2025-01-07T14:29:14.5857218Z 
Admin UI E2E (2, chrome)	Run Cypress	2025-01-07T14:29:14.5865997Z [90mâ”€[39m[90mâ”€[39m[90mâ”€[39m[90mâ”€[39m[90mâ”€[39m[90mâ”€[39m[90mâ”€[39m[90mâ”€[39m[90mâ”€[39m[90mâ”€[39m[90mâ”€[39m[90mâ”€[39m[90mâ”€[39m[90mâ”€[39m[90mâ”€[39m[90mâ”€[39m[90mâ”€[39m[90mâ”€[39m[90mâ”€[39m[90mâ”€[39m[90mâ”€[39m[90mâ”€[39m[90mâ”€[39m[90mâ”€[39m[90mâ”€[39m[90mâ”€[39m[90mâ”€[39m[90mâ”€[39m[90mâ”€[39m[90mâ”€[39m[90mâ”€[39m[90mâ”€[39m[90mâ”€[39m[90mâ”€[39m[90mâ”€[39m[90mâ”€[39m[90mâ”€[39m[90mâ”€[39m[90mâ”€[39m[90mâ”€[39m[90mâ”€[39m[90mâ”€[39m[90mâ”€[39m[90mâ”€[39m[90mâ”€[39m[90mâ”€[39m[90mâ”€[39m[90mâ”€[39m[90mâ”€[39m[90mâ”€[39m[90mâ”€[39m[90mâ”€[39m[90mâ”€[39m[90mâ”€[39m[90mâ”€[39m[90mâ”€[39m[90mâ”€[39m[90mâ”€[39m[90mâ”€[39m[90mâ”€[39m[90mâ”€[39m[90mâ”€[39m[90mâ”€[39m[90mâ”€[39m[90mâ”€[39m[90mâ”€[39m[90mâ”€[39m[90mâ”€[39m[90mâ”€[39m[90mâ”€[39m[90mâ”€[39m[90mâ”€[39m[90mâ”€[39m[90mâ”€[39m[90mâ”€[39m[90mâ”€[39m[90mâ”€[39m[90mâ”€[39m[90mâ”€[39m[90mâ”€[39m[90mâ”€[39m[90mâ”€[39m[90mâ”€[39m[90mâ”€[39m[90mâ”€[39m[90mâ”€[39m[90mâ”€[39m[90mâ”€[39m[90mâ”€[39m[90mâ”€[39m[90mâ”€[39m[90mâ”€[39m[90mâ”€[39m[90mâ”€[39m[90mâ”€[39m[90mâ”€[39m[90mâ”€[39m[90mâ”€[39m[90mâ”€[39m[90mâ”€[39m
Admin UI E2E (2, chrome)	Run Cypress	2025-01-07T14:29:14.5868907Z                                                                                                     
Admin UI E2E (2, chrome)	Run Cypress	2025-01-07T14:29:14.5869972Z   Running:  [90mclient_initial_access.spec.ts[39m                                                   [90m(7 of 8)[39m
Admin UI E2E (2, chrome)	Run Cypress	2025-01-07T14:29:17.4601031Z 
Admin UI E2E (2, chrome)	Run Cypress	2025-01-07T14:29:17.4602221Z [0m[0m
Admin UI E2E (2, chrome)	Run Cypress	2025-01-07T14:29:17.4684888Z [0m  Client initial access tokens[0m
Admin UI E2E (2, chrome)	Run Cypress	2025-01-07T14:29:21.6041834Z   [32m  âœ“[0m[90m Initial access token can't be created with 0 days and count[0m[90m (4113ms)[0m
Admin UI E2E (2, chrome)	Run Cypress	2025-01-07T14:29:28.2310922Z   [32m  âœ“[0m[90m Initial access token[0m[90m (6549ms)[0m
Admin UI E2E (2, chrome)	Run Cypress	2025-01-07T14:29:28.2311744Z 
Admin UI E2E (2, chrome)	Run Cypress	2025-01-07T14:29:28.2529830Z 
Admin UI E2E (2, chrome)	Run Cypress	2025-01-07T14:29:28.2532322Z [92m [0m[32m 2 passing[0m[90m (11s)[0m
Admin UI E2E (2, chrome)	Run Cypress	2025-01-07T14:29:28.2536103Z 
Admin UI E2E (2, chrome)	Run Cypress	2025-01-07T14:29:29.2803923Z 
Admin UI E2E (2, chrome)	Run Cypress	2025-01-07T14:29:29.2804959Z [32m  ([4m[1mResults[22m[24m)[39m
Admin UI E2E (2, chrome)	Run Cypress	2025-01-07T14:29:29.2807448Z 
Admin UI E2E (2, chrome)	Run Cypress	2025-01-07T14:29:29.2818652Z [90m  â”Œ[39m[90mâ”€[39m[90mâ”€[39m[90mâ”€[39m[90mâ”€[39m[90mâ”€[39m[90mâ”€[39m[90mâ”€[39m[90mâ”€[39m[90mâ”€[39m[90mâ”€[39m[90mâ”€[39m[90mâ”€[39m[90mâ”€[39m[90mâ”€[39m[90mâ”€[39m[90mâ”€[39m[90mâ”€[39m[90mâ”€[39m[90mâ”€[39m[90mâ”€[39m[90mâ”€[39m[90mâ”€[39m[90mâ”€[39m[90mâ”€[39m[90mâ”€[39m[90mâ”€[39m[90mâ”€[39m[90mâ”€[39m[90mâ”€[39m[90mâ”€[39m[90mâ”€[39m[90mâ”€[39m[90mâ”€[39m[90mâ”€[39m[90mâ”€[39m[90mâ”€[39m[90mâ”€[39m[90mâ”€[39m[90mâ”€[39m[90mâ”€[39m[90mâ”€[39m[90mâ”€[39m[90mâ”€[39m[90mâ”€[39m[90mâ”€[39m[90mâ”€[39m[90mâ”€[39m[90mâ”€[39m[90mâ”€[39m[90mâ”€[39m[90mâ”€[39m[90mâ”€[39m[90mâ”€[39m[90mâ”€[39m[90mâ”€[39m[90mâ”€[39m[90mâ”€[39m[90mâ”€[39m[90mâ”€[39m[90mâ”€[39m[90mâ”€[39m[90mâ”€[39m[90mâ”€[39m[90mâ”€[39m[90mâ”€[39m[90mâ”€[39m[90mâ”€[39m[90mâ”€[39m[90mâ”€[39m[90mâ”€[39m[90mâ”€[39m[90mâ”€[39m[90mâ”€[39m[90mâ”€[39m[90mâ”€[39m[90mâ”€[39m[90mâ”€[39m[90mâ”€[39m[90mâ”€[39m[90mâ”€[39m[90mâ”€[39m[90mâ”€[39m[90mâ”€[39m[90mâ”€[39m[90mâ”€[39m[90mâ”€[39m[90mâ”€[39m[90mâ”€[39m[90mâ”€[39m[90mâ”€[39m[90mâ”€[39m[90mâ”€[39m[90mâ”€[39m[90mâ”€[39m[90mâ”€[39m[90mâ”€[39m[90mâ”[39m
Admin UI E2E (2, chrome)	Run Cypress	2025-01-07T14:29:29.2823491Z [90m  â”‚[39m [90mTests:[39m        [32m2[39m                                                                                [90mâ”‚[39m
Admin UI E2E (2, chrome)	Run Cypress	2025-01-07T14:29:29.2824711Z [90m  â”‚[39m [90mPassing:[39m      [32m2[39m                                                                                [90mâ”‚[39m
Admin UI E2E (2, chrome)	Run Cypress	2025-01-07T14:29:29.2825881Z [90m  â”‚[39m [90mFailing:[39m      [32m0[39m                                                                                [90mâ”‚[39m
Admin UI E2E (2, chrome)	Run Cypress	2025-01-07T14:29:29.2826997Z [90m  â”‚[39m [90mPending:[39m      [32m0[39m                                                                                [90mâ”‚[39m
Admin UI E2E (2, chrome)	Run Cypress	2025-01-07T14:29:29.2828137Z [90m  â”‚[39m [90mSkipped:[39m      [32m0[39m                                                                                [90mâ”‚[39m
Admin UI E2E (2, chrome)	Run Cypress	2025-01-07T14:29:29.2829671Z [90m  â”‚[39m [90mScreenshots:[39m  [32m0[39m                                                                                [90mâ”‚[39m
Admin UI E2E (2, chrome)	Run Cypress	2025-01-07T14:29:29.2831228Z [90m  â”‚[39m [90mVideo:[39m        [32mfalse[39m                                                                            [90mâ”‚[39m
Admin UI E2E (2, chrome)	Run Cypress	2025-01-07T14:29:29.2832536Z [90m  â”‚[39m [90mDuration:[39m     [32m10 seconds[39m                                                                       [90mâ”‚[39m
Admin UI E2E (2, chrome)	Run Cypress	2025-01-07T14:29:29.2834155Z [90m  â”‚[39m [90mSpec Ran:[39m     [32m[32mclient_initial_access.spec.ts[32m[39m                                                    [90mâ”‚[39m
Admin UI E2E (2, chrome)	Run Cypress	2025-01-07T14:29:29.2840960Z [90m  â””[39m[90mâ”€[39m[90mâ”€[39m[90mâ”€[39m[90mâ”€[39m[90mâ”€[39m[90mâ”€[39m[90mâ”€[39m[90mâ”€[39m[90mâ”€[39m[90mâ”€[39m[90mâ”€[39m[90mâ”€[39m[90mâ”€[39m[90mâ”€[39m[90mâ”€[39m[90mâ”€[39m[90mâ”€[39m[90mâ”€[39m[90mâ”€[39m[90mâ”€[39m[90mâ”€[39m[90mâ”€[39m[90mâ”€[39m[90mâ”€[39m[90mâ”€[39m[90mâ”€[39m[90mâ”€[39m[90mâ”€[39m[90mâ”€[39m[90mâ”€[39m[90mâ”€[39m[90mâ”€[39m[90mâ”€[39m[90mâ”€[39m[90mâ”€[39m[90mâ”€[39m[90mâ”€[39m[90mâ”€[39m[90mâ”€[39m[90mâ”€[39m[90mâ”€[39m[90mâ”€[39m[90mâ”€[39m[90mâ”€[39m[90mâ”€[39m[90mâ”€[39m[90mâ”€[39m[90mâ”€[39m[90mâ”€[39m[90mâ”€[39m[90mâ”€[39m[90mâ”€[39m[90mâ”€[39m[90mâ”€[39m[90mâ”€[39m[90mâ”€[39m[90mâ”€[39m[90mâ”€[39m[90mâ”€[39m[90mâ”€[39m[90mâ”€[39m[90mâ”€[39m[90mâ”€[39m[90mâ”€[39m[90mâ”€[39m[90mâ”€[39m[90mâ”€[39m[90mâ”€[39m[90mâ”€[39m[90mâ”€[39m[90mâ”€[39m[90mâ”€[39m[90mâ”€[39m[90mâ”€[39m[90mâ”€[39m[90mâ”€[39m[90mâ”€[39m[90mâ”€[39m[90mâ”€[39m[90mâ”€[39m[90mâ”€[39m[90mâ”€[39m[90mâ”€[39m[90mâ”€[39m[90mâ”€[39m[90mâ”€[39m[90mâ”€[39m[90mâ”€[39m[90mâ”€[39m[90mâ”€[39m[90mâ”€[39m[90mâ”€[39m[90mâ”€[39m[90mâ”€[39m[90mâ”€[39m[90mâ”€[39m[90mâ”˜[39m
Admin UI E2E (2, chrome)	Run Cypress	2025-01-07T14:29:29.2844874Z 
Admin UI E2E (2, chrome)	Run Cypress	2025-01-07T14:29:29.3129937Z 
Admin UI E2E (2, chrome)	Run Cypress	2025-01-07T14:29:29.3138755Z [90mâ”€[39m[90mâ”€[39m[90mâ”€[39m[90mâ”€[39m[90mâ”€[39m[90mâ”€[39m[90mâ”€[39m[90mâ”€[39m[90mâ”€[39m[90mâ”€[39m[90mâ”€[39m[90mâ”€[39m[90mâ”€[39m[90mâ”€[39m[90mâ”€[39m[90mâ”€[39m[90mâ”€[39m[90mâ”€[39m[90mâ”€[39m[90mâ”€[39m[90mâ”€[39m[90mâ”€[39m[90mâ”€[39m[90mâ”€[39m[90mâ”€[39m[90mâ”€[39m[90mâ”€[39m[90mâ”€[39m[90mâ”€[39m[90mâ”€[39m[90mâ”€[39m[90mâ”€[39m[90mâ”€[39m[90mâ”€[39m[90mâ”€[39m[90mâ”€[39m[90mâ”€[39m[90mâ”€[39m[90mâ”€[39m[90mâ”€[39m[90mâ”€[39m[90mâ”€[39m[90mâ”€[39m[90mâ”€[39m[90mâ”€[39m[90mâ”€[39m[90mâ”€[39m[90mâ”€[39m[90mâ”€[39m[90mâ”€[39m[90mâ”€[39m[90mâ”€[39m[90mâ”€[39m[90mâ”€[39m[90mâ”€[39m[90mâ”€[39m[90mâ”€[39m[90mâ”€[39m[90mâ”€[39m[90mâ”€[39m[90mâ”€[39m[90mâ”€[39m[90mâ”€[39m[90mâ”€[39m[90mâ”€[39m[90mâ”€[39m[90mâ”€[39m[90mâ”€[39m[90mâ”€[39m[90mâ”€[39m[90mâ”€[39m[90mâ”€[39m[90mâ”€[39m[90mâ”€[39m[90mâ”€[39m[90mâ”€[39m[90mâ”€[39m[90mâ”€[39m[90mâ”€[39m[90mâ”€[39m[90mâ”€[39m[90mâ”€[39m[90mâ”€[39m[90mâ”€[39m[90mâ”€[39m[90mâ”€[39m[90mâ”€[39m[90mâ”€[39m[90mâ”€[39m[90mâ”€[39m[90mâ”€[39m[90mâ”€[39m[90mâ”€[39m[90mâ”€[39m[90mâ”€[39m[90mâ”€[39m[90mâ”€[39m[90mâ”€[39m[90mâ”€[39m[90mâ”€[39m
Admin UI E2E (2, chrome)	Run Cypress	2025-01-07T14:29:29.3144621Z                                                                                                     
Admin UI E2E (2, chrome)	Run Cypress	2025-01-07T14:29:29.3145675Z   Running:  [90muser_fed_ldap_test.spec.ts[39m                                                      [90m(8 of 8)[39m
Admin UI E2E (2, chrome)	Run Cypress	2025-01-07T14:29:33.0193504Z 
Admin UI E2E (2, chrome)	Run Cypress	2025-01-07T14:29:33.0194742Z [0m[0m
Admin UI E2E (2, chrome)	Run Cypress	2025-01-07T14:29:33.0218496Z [0m  User Federation LDAP tests[0m
Admin UI E2E (2, chrome)	Run Cypress	2025-01-07T14:29:46.0205695Z   [32m  âœ“[0m[90m Should create LDAP provider from empty state[0m[90m (12938ms)[0m
Admin UI E2E (2, chrome)	Run Cypress	2025-01-07T14:29:49.8200214Z   [32m  âœ“[0m[90m Should fail updating advanced settings[0m[90m (3733ms)[0m
Admin UI E2E (2, chrome)	Run Cypress	2025-01-07T14:29:57.3755507Z   [32m  âœ“[0m[90m Should update advanced settings[0m[90m (7477ms)[0m
Admin UI E2E (2, chrome)	Run Cypress	2025-01-07T14:30:03.1333279Z   [32m  âœ“[0m[90m Should set cache policy to evict_daily[0m[90m (5673ms)[0m
Admin UI E2E (2, chrome)	Run Cypress	2025-01-07T14:30:08.1839017Z   [32m  âœ“[0m[90m Should set cache policy to default[0m[90m (4975ms)[0m
Admin UI E2E (2, chrome)	Run Cypress	2025-01-07T14:30:13.8823182Z   [32m  âœ“[0m[90m Should set cache policy to evict_weekly[0m[90m (5614ms)[0m
Admin UI E2E (2, chrome)	Run Cypress	2025-01-07T14:30:20.4338225Z   [32m  âœ“[0m[90m Update connection and authentication settings and save[0m[90m (6475ms)[0m
Admin UI E2E (2, chrome)	Run Cypress	2025-01-07T14:30:27.9490410Z   [32m  âœ“[0m[90m Should fail connection and authentication tests[0m[90m (7472ms)[0m
Admin UI E2E (2, chrome)	Run Cypress	2025-01-07T14:30:34.1429252Z   [32m  âœ“[0m[90m Should make changes and pass connection and authentication tests[0m[90m (6135ms)[0m
Admin UI E2E (2, chrome)	Run Cypress	2025-01-07T14:30:41.1473471Z   [32m  âœ“[0m[90m Should update Kerberos integration settings and save[0m[90m (6911ms)[0m
Admin UI E2E (2, chrome)	Run Cypress	2025-01-07T14:30:47.4901330Z   [32m  âœ“[0m[90m Should update Synchronization settings and save[0m[90m (6268ms)[0m
Admin UI E2E (2, chrome)	Run Cypress	2025-01-07T14:31:00.7357480Z   [32m  âœ“[0m[90m Should update LDAP searching and updating settings and save[0m[90m (13137ms)[0m
Admin UI E2E (2, chrome)	Run Cypress	2025-01-07T14:31:06.0682557Z   [32m  âœ“[0m[90m Should update display name[0m[90m (5268ms)[0m
Admin UI E2E (2, chrome)	Run Cypress	2025-01-07T14:31:11.9252279Z   [32m  âœ“[0m[90m Should update existing LDAP provider and cancel[0m[90m (5780ms)[0m
Admin UI E2E (2, chrome)	Run Cypress	2025-01-07T14:31:17.3803925Z   [32m  âœ“[0m[90m Should set cache policy to max_lifespan[0m[90m (5377ms)[0m
Admin UI E2E (2, chrome)	Run Cypress	2025-01-07T14:31:22.1257089Z   [32m  âœ“[0m[90m Should set cache policy to no_cache[0m[90m (4656ms)[0m
Admin UI E2E (2, chrome)	Run Cypress	2025-01-07T14:31:25.6505584Z   [32m  âœ“[0m[90m Should disable an existing LDAP provider[0m[90m (3449ms)[0m
Admin UI E2E (2, chrome)	Run Cypress	2025-01-07T14:31:29.1660922Z   [32m  âœ“[0m[90m Should enable a previously-disabled LDAP provider[0m[90m (3456ms)[0m
Admin UI E2E (2, chrome)	Run Cypress	2025-01-07T14:31:35.5464583Z   [32m  âœ“[0m[90m Should create new LDAP provider using New Provider dropdown[0m[90m (6348ms)[0m
Admin UI E2E (2, chrome)	Run Cypress	2025-01-07T14:31:37.4471756Z   [32m  âœ“[0m[90m Should delete LDAP provider from card view using card menu[0m[90m (1874ms)[0m
Admin UI E2E (2, chrome)	Run Cypress	2025-01-07T14:31:41.4894543Z   [32m  âœ“[0m[90m Should delete LDAP provider using Settings view Action menu[0m[90m (3566ms)[0m
Admin UI E2E (2, chrome)	Run Cypress	2025-01-07T14:31:41.4895671Z 
Admin UI E2E (2, chrome)	Run Cypress	2025-01-07T14:31:41.5077541Z 
Admin UI E2E (2, chrome)	Run Cypress	2025-01-07T14:31:41.5078559Z [92m [0m[32m 21 passing[0m[90m (2m)[0m
Admin UI E2E (2, chrome)	Run Cypress	2025-01-07T14:31:41.5078971Z 
Admin UI E2E (2, chrome)	Run Cypress	2025-01-07T14:31:42.5384616Z 
Admin UI E2E (2, chrome)	Run Cypress	2025-01-07T14:31:42.5398886Z [32m  ([4m[1mResults[22m[24m)[39m
Admin UI E2E (2, chrome)	Run Cypress	2025-01-07T14:31:42.5399395Z 
Admin UI E2E (2, chrome)	Run Cypress	2025-01-07T14:31:42.5405837Z [90m  â”Œ[39m[90mâ”€[39m[90mâ”€[39m[90mâ”€[39m[90mâ”€[39m[90mâ”€[39m[90mâ”€[39m[90mâ”€[39m[90mâ”€[39m[90mâ”€[39m[90mâ”€[39m[90mâ”€[39m[90mâ”€[39m[90mâ”€[39m[90mâ”€[39m[90mâ”€[39m[90mâ”€[39m[90mâ”€[39m[90mâ”€[39m[90mâ”€[39m[90mâ”€[39m[90mâ”€[39m[90mâ”€[39m[90mâ”€[39m[90mâ”€[39m[90mâ”€[39m[90mâ”€[39m[90mâ”€[39m[90mâ”€[39m[90mâ”€[39m[90mâ”€[39m[90mâ”€[39m[90mâ”€[39m[90mâ”€[39m[90mâ”€[39m[90mâ”€[39m[90mâ”€[39m[90mâ”€[39m[90mâ”€[39m[90mâ”€[39m[90mâ”€[39m[90mâ”€[39m[90mâ”€[39m[90mâ”€[39m[90mâ”€[39m[90mâ”€[39m[90mâ”€[39m[90mâ”€[39m[90mâ”€[39m[90mâ”€[39m[90mâ”€[39m[90mâ”€[39m[90mâ”€[39m[90mâ”€[39m[90mâ”€[39m[90mâ”€[39m[90mâ”€[39m[90mâ”€[39m[90mâ”€[39m[90mâ”€[39m[90mâ”€[39m[90mâ”€[39m[90mâ”€[39m[90mâ”€[39m[90mâ”€[39m[90mâ”€[39m[90mâ”€[39m[90mâ”€[39m[90mâ”€[39m[90mâ”€[39m[90mâ”€[39m[90mâ”€[39m[90mâ”€[39m[90mâ”€[39m[90mâ”€[39m[90mâ”€[39m[90mâ”€[39m[90mâ”€[39m[90mâ”€[39m[90mâ”€[39m[90mâ”€[39m[90mâ”€[39m[90mâ”€[39m[90mâ”€[39m[90mâ”€[39m[90mâ”€[39m[90mâ”€[39m[90mâ”€[39m[90mâ”€[39m[90mâ”€[39m[90mâ”€[39m[90mâ”€[39m[90mâ”€[39m[90mâ”€[39m[90mâ”€[39m[90mâ”€[39m[90mâ”€[39m[90mâ”[39m
Admin UI E2E (2, chrome)	Run Cypress	2025-01-07T14:31:42.5410888Z [90m  â”‚[39m [90mTests:[39m        [32m21[39m                                                                               [90mâ”‚[39m
Admin UI E2E (2, chrome)	Run Cypress	2025-01-07T14:31:42.5412544Z [90m  â”‚[39m [90mPassing:[39m      [32m21[39m                                                                               [90mâ”‚[39m
Admin UI E2E (2, chrome)	Run Cypress	2025-01-07T14:31:42.5414058Z [90m  â”‚[39m [90mFailing:[39m      [32m0[39m                                                                                [90mâ”‚[39m
Admin UI E2E (2, chrome)	Run Cypress	2025-01-07T14:31:42.5415368Z [90m  â”‚[39m [90mPending:[39m      [32m0[39m                                                                                [90mâ”‚[39m
Admin UI E2E (2, chrome)	Run Cypress	2025-01-07T14:31:42.5416613Z [90m  â”‚[39m [90mSkipped:[39m      [32m0[39m                                                                                [90mâ”‚[39m
Admin UI E2E (2, chrome)	Run Cypress	2025-01-07T14:31:42.5417981Z [90m  â”‚[39m [90mScreenshots:[39m  [32m0[39m                                                                                [90mâ”‚[39m
Admin UI E2E (2, chrome)	Run Cypress	2025-01-07T14:31:42.5419352Z [90m  â”‚[39m [90mVideo:[39m        [32mfalse[39m                                                                            [90mâ”‚[39m
Admin UI E2E (2, chrome)	Run Cypress	2025-01-07T14:31:42.5420761Z [90m  â”‚[39m [90mDuration:[39m     [32m2 minutes, 8 seconds[39m                                                             [90mâ”‚[39m
Admin UI E2E (2, chrome)	Run Cypress	2025-01-07T14:31:42.5422316Z [90m  â”‚[39m [90mSpec Ran:[39m     [32m[32muser_fed_ldap_test.spec.ts[32m[39m                                                       [90mâ”‚[39m
Admin UI E2E (2, chrome)	Run Cypress	2025-01-07T14:31:42.5430570Z [90m  â””[39m[90mâ”€[39m[90mâ”€[39m[90mâ”€[39m[90mâ”€[39m[90mâ”€[39m[90mâ”€[39m[90mâ”€[39m[90mâ”€[39m[90mâ”€[39m[90mâ”€[39m[90mâ”€[39m[90mâ”€[39m[90mâ”€[39m[90mâ”€[39m[90mâ”€[39m[90mâ”€[39m[90mâ”€[39m[90mâ”€[39m[90mâ”€[39m[90mâ”€[39m[90mâ”€[39m[90mâ”€[39m[90mâ”€[39m[90mâ”€[39m[90mâ”€[39m[90mâ”€[39m[90mâ”€[39m[90mâ”€[39m[90mâ”€[39m[90mâ”€[39m[90mâ”€[39m[90mâ”€[39m[90mâ”€[39m[90mâ”€[39m[90mâ”€[39m[90mâ”€[39m[90mâ”€[39m[90mâ”€[39m[90mâ”€[39m[90mâ”€[39m[90mâ”€[39m[90mâ”€[39m[90mâ”€[39m[90mâ”€[39m[90mâ”€[39m[90mâ”€[39m[90mâ”€[39m[90mâ”€[39m[90mâ”€[39m[90mâ”€[39m[90mâ”€[39m[90mâ”€[39m[90mâ”€[39m[90mâ”€[39m[90mâ”€[39m[90mâ”€[39m[90mâ”€[39m[90mâ”€[39m[90mâ”€[39m[90mâ”€[39m[90mâ”€[39m[90mâ”€[39m[90mâ”€[39m[90mâ”€[39m[90mâ”€[39m[90mâ”€[39m[90mâ”€[39m[90mâ”€[39m[90mâ”€[39m[90mâ”€[39m[90mâ”€[39m[90mâ”€[39m[90mâ”€[39m[90mâ”€[39m[90mâ”€[39m[90mâ”€[39m[90mâ”€[39m[90mâ”€[39m[90mâ”€[39m[90mâ”€[39m[90mâ”€[39m[90mâ”€[39m[90mâ”€[39m[90mâ”€[39m[90mâ”€[39m[90mâ”€[39m[90mâ”€[39m[90mâ”€[39m[90mâ”€[39m[90mâ”€[39m[90mâ”€[39m[90mâ”€[39m[90mâ”€[39m[90mâ”€[39m[90mâ”€[39m[90mâ”€[39m[90mâ”˜[39m
Admin UI E2E (2, chrome)	Run Cypress	2025-01-07T14:31:42.5434720Z 
Admin UI E2E (2, chrome)	Run Cypress	2025-01-07T14:31:42.5490761Z 
Admin UI E2E (2, chrome)	Run Cypress	2025-01-07T14:31:42.5895456Z [90m====================================================================================================[39m
Admin UI E2E (2, chrome)	Run Cypress	2025-01-07T14:31:42.5895891Z 
Admin UI E2E (2, chrome)	Run Cypress	2025-01-07T14:31:42.5896348Z [0m  ([4m[1mRun Finished[22m[24m)[0m
Admin UI E2E (2, chrome)	Run Cypress	2025-01-07T14:31:42.5914002Z 
Admin UI E2E (2, chrome)	Run Cypress	2025-01-07T14:31:42.5914150Z 
Admin UI E2E (2, chrome)	Run Cypress	2025-01-07T14:31:42.5948029Z [90m   [39m    [90mSpec[39m                                              [90mTests[39m  [90mPassing[39m  [90mFailing[39m  [90mPending[39m  [90mSkipped[39m [90m [39m
Admin UI E2E (2, chrome)	Run Cypress	2025-01-07T14:31:42.5953394Z [90m  â”Œ[39m[90mâ”€[39m[90mâ”€[39m[90mâ”€[39m[90mâ”€[39m[90mâ”€[39m[90mâ”€[39m[90mâ”€[39m[90mâ”€[39m[90mâ”€[39m[90mâ”€[39m[90mâ”€[39m[90mâ”€[39m[90mâ”€[39m[90mâ”€[39m[90mâ”€[39m[90mâ”€[39m[90mâ”€[39m[90mâ”€[39m[90mâ”€[39m[90mâ”€[39m[90mâ”€[39m[90mâ”€[39m[90mâ”€[39m[90mâ”€[39m[90mâ”€[39m[90mâ”€[39m[90mâ”€[39m[90mâ”€[39m[90mâ”€[39m[90mâ”€[39m[90mâ”€[39m[90mâ”€[39m[90mâ”€[39m[90mâ”€[39m[90mâ”€[39m[90mâ”€[39m[90mâ”€[39m[90mâ”€[39m[90mâ”€[39m[90mâ”€[39m[90mâ”€[39m[90mâ”€[39m[90mâ”€[39m[90mâ”€[39m[90mâ”€[39m[90mâ”€[39m[90mâ”€[39m[90mâ”€[39m[90mâ”€[39m[90mâ”€[39m[90mâ”€[39m[90mâ”€[39m[90mâ”€[39m[90mâ”€[39m[90mâ”€[39m[90mâ”€[39m[90mâ”€[39m[90mâ”€[39m[90mâ”€[39m[90mâ”€[39m[90mâ”€[39m[90mâ”€[39m[90mâ”€[39m[90mâ”€[39m[90mâ”€[39m[90mâ”€[39m[90mâ”€[39m[90mâ”€[39m[90mâ”€[39m[90mâ”€[39m[90mâ”€[39m[90mâ”€[39m[90mâ”€[39m[90mâ”€[39m[90mâ”€[39m[90mâ”€[39m[90mâ”€[39m[90mâ”€[39m[90mâ”€[39m[90mâ”€[39m[90mâ”€[39m[90mâ”€[39m[90mâ”€[39m[90mâ”€[39m[90mâ”€[39m[90mâ”€[39m[90mâ”€[39m[90mâ”€[39m[90mâ”€[39m[90mâ”€[39m[90mâ”€[39m[90mâ”€[39m[90mâ”€[39m[90mâ”€[39m[90mâ”€[39m[90mâ”€[39m[90mâ”[39m
Admin UI E2E (2, chrome)	Run Cypress	2025-01-07T14:31:42.5958105Z [90m  â”‚[39m [32mâœ”[39m  [0mrealm_user_registration.spec.ts[0m          [90m00:16[39m        [0m3[0m        [32m3[39m        [90m-[39m        [90m-[39m        [90m-[39m [90mâ”‚[39m
Admin UI E2E (2, chrome)	Run Cypress	2025-01-07T14:31:42.5962423Z [90m  â”œ[39m[90mâ”€[39m[90mâ”€[39m[90mâ”€[39m[90mâ”€[39m[90mâ”€[39m[90mâ”€[39m[90mâ”€[39m[90mâ”€[39m[90mâ”€[39m[90mâ”€[39m[90mâ”€[39m[90mâ”€[39m[90mâ”€[39m[90mâ”€[39m[90mâ”€[39m[90mâ”€[39m[90mâ”€[39m[90mâ”€[39m[90mâ”€[39m[90mâ”€[39m[90mâ”€[39m[90mâ”€[39m[90mâ”€[39m[90mâ”€[39m[90mâ”€[39m[90mâ”€[39m[90mâ”€[39m[90mâ”€[39m[90mâ”€[39m[90mâ”€[39m[90mâ”€[39m[90mâ”€[39m[90mâ”€[39m[90mâ”€[39m[90mâ”€[39m[90mâ”€[39m[90mâ”€[39m[90mâ”€[39m[90mâ”€[39m[90mâ”€[39m[90mâ”€[39m[90mâ”€[39m[90mâ”€[39m[90mâ”€[39m[90mâ”€[39m[90mâ”€[39m[90mâ”€[39m[90mâ”€[39m[90mâ”€[39m[90mâ”€[39m[90mâ”€[39m[90mâ”€[39m[90mâ”€[39m[90mâ”€[39m[90mâ”€[39m[90mâ”€[39m[90mâ”€[39m[90mâ”€[39m[90mâ”€[39m[90mâ”€[39m[90mâ”€[39m[90mâ”€[39m[90mâ”€[39m[90mâ”€[39m[90mâ”€[39m[90mâ”€[39m[90mâ”€[39m[90mâ”€[39m[90mâ”€[39m[90mâ”€[39m[90mâ”€[39m[90mâ”€[39m[90mâ”€[39m[90mâ”€[39m[90mâ”€[39m[90mâ”€[39m[90mâ”€[39m[90mâ”€[39m[90mâ”€[39m[90mâ”€[39m[90mâ”€[39m[90mâ”€[39m[90mâ”€[39m[90mâ”€[39m[90mâ”€[39m[90mâ”€[39m[90mâ”€[39m[90mâ”€[39m[90mâ”€[39m[90mâ”€[39m[90mâ”€[39m[90mâ”€[39m[90mâ”€[39m[90mâ”€[39m[90mâ”€[39m[90mâ”€[39m[90mâ”¤[39m
Admin UI E2E (2, chrome)	Run Cypress	2025-01-07T14:31:42.5966726Z [90m  â”‚[39m [31mâœ–[39m  [0mclients_test.spec.ts[0m                     [90m05:02[39m       [0m24[0m       [32m23[39m        [31m1[39m        [90m-[39m        [90m-[39m [90mâ”‚[39m
Admin UI E2E (2, chrome)	Run Cypress	2025-01-07T14:31:42.5997287Z [90m  â”œ[39m[90mâ”€[39m[90mâ”€[39m[90mâ”€[39m[90mâ”€[39m[90mâ”€[39m[90mâ”€[39m[90mâ”€[39m[90mâ”€[39m[90mâ”€[39m[90mâ”€[39m[90mâ”€[39m[90mâ”€[39m[90mâ”€[39m[90mâ”€[39m[90mâ”€[39m[90mâ”€[39m[90mâ”€[39m[90mâ”€[39m[90mâ”€[39m[90mâ”€[39m[90mâ”€[39m[90mâ”€[39m[90mâ”€[39m[90mâ”€[39m[90mâ”€[39m[90mâ”€[39m[90mâ”€[39m[90mâ”€[39m[90mâ”€[39m[90mâ”€[39m[90mâ”€[39m[90mâ”€[39m[90mâ”€[39m[90mâ”€[39m[90mâ”€[39m[90mâ”€[39m[90mâ”€[39m[90mâ”€[39m[90mâ”€[39m[90mâ”€[39m[90mâ”€[39m[90mâ”€[39m[90mâ”€[39m[90mâ”€[39m[90mâ”€[39m[90mâ”€[39m[90mâ”€[39m[90mâ”€[39m[90mâ”€[39m[90mâ”€[39m[90mâ”€[39m[90mâ”€[39m[90mâ”€[39m[90mâ”€[39m[90mâ”€[39m[90mâ”€[39m[90mâ”€[39m[90mâ”€[39m[90mâ”€[39m[90mâ”€[39m[90mâ”€[39m[90mâ”€[39m[90mâ”€[39m[90mâ”€[39m[90mâ”€[39m[90mâ”€[39m[90mâ”€[39m[90mâ”€[39m[90mâ”€[39m[90mâ”€[39m[90mâ”€[39m[90mâ”€[39m[90mâ”€[39m[90mâ”€[39m[90mâ”€[39m[90mâ”€[39m[90mâ”€[39m[90mâ”€[39m[90mâ”€[39m[90mâ”€[39m[90mâ”€[39m[90mâ”€[39m[90mâ”€[39m[90mâ”€[39m[90mâ”€[39m[90mâ”€[39m[90mâ”€[39m[90mâ”€[39m[90mâ”€[39m[90mâ”€[39m[90mâ”€[39m[90mâ”€[39m[90mâ”€[39m[90mâ”€[39m[90mâ”€[39m[90mâ”€[39m[90mâ”¤[39m
Admin UI E2E (2, chrome)	Run Cypress	2025-01-07T14:31:42.6003404Z [90m  â”‚[39m [32mâœ”[39m  [0midentity_providers_oidc_test.spec.t[0m      [90m00:47[39m        [0m6[0m        [32m6[39m        [90m-[39m        [90m-[39m        [90m-[39m [90mâ”‚[39m
Admin UI E2E (2, chrome)	Run Cypress	2025-01-07T14:31:42.6005573Z [90m  â”‚[39m    [0ms[0m                                                                                           [90mâ”‚[39m
Admin UI E2E (2, chrome)	Run Cypress	2025-01-07T14:31:42.6013523Z [90m  â”œ[39m[90mâ”€[39m[90mâ”€[39m[90mâ”€[39m[90mâ”€[39m[90mâ”€[39m[90mâ”€[39m[90mâ”€[39m[90mâ”€[39m[90mâ”€[39m[90mâ”€[39m[90mâ”€[39m[90mâ”€[39m[90mâ”€[39m[90mâ”€[39m[90mâ”€[39m[90mâ”€[39m[90mâ”€[39m[90mâ”€[39m[90mâ”€[39m[90mâ”€[39m[90mâ”€[39m[90mâ”€[39m[90mâ”€[39m[90mâ”€[39m[90mâ”€[39m[90mâ”€[39m[90mâ”€[39m[90mâ”€[39m[90mâ”€[39m[90mâ”€[39m[90mâ”€[39m[90mâ”€[39m[90mâ”€[39m[90mâ”€[39m[90mâ”€[39m[90mâ”€[39m[90mâ”€[39m[90mâ”€[39m[90mâ”€[39m[90mâ”€[39m[90mâ”€[39m[90mâ”€[39m[90mâ”€[39m[90mâ”€[39m[90mâ”€[39m[90mâ”€[39m[90mâ”€[39m[90mâ”€[39m[90mâ”€[39m[90mâ”€[39m[90mâ”€[39m[90mâ”€[39m[90mâ”€[39m[90mâ”€[39m[90mâ”€[39m[90mâ”€[39m[90mâ”€[39m[90mâ”€[39m[90mâ”€[39m[90mâ”€[39m[90mâ”€[39m[90mâ”€[39m[90mâ”€[39m[90mâ”€[39m[90mâ”€[39m[90mâ”€[39m[90mâ”€[39m[90mâ”€[39m[90mâ”€[39m[90mâ”€[39m[90mâ”€[39m[90mâ”€[39m[90mâ”€[39m[90mâ”€[39m[90mâ”€[39m[90mâ”€[39m[90mâ”€[39m[90mâ”€[39m[90mâ”€[39m[90mâ”€[39m[90mâ”€[39m[90mâ”€[39m[90mâ”€[39m[90mâ”€[39m[90mâ”€[39m[90mâ”€[39m[90mâ”€[39m[90mâ”€[39m[90mâ”€[39m[90mâ”€[39m[90mâ”€[39m[90mâ”€[39m[90mâ”€[39m[90mâ”€[39m[90mâ”€[39m[90mâ”€[39m[90mâ”¤[39m
Admin UI E2E (2, chrome)	Run Cypress	2025-01-07T14:31:42.6019155Z [90m  â”‚[39m [32mâœ”[39m  [0mi18n_test.spec.ts[0m                        [90m00:19[39m       [0m10[0m        [32m9[39m        [90m-[39m        [36m1[39m        [90m-[39m [90mâ”‚[39m
Admin UI E2E (2, chrome)	Run Cypress	2025-01-07T14:31:42.6033472Z [90m  â”œ[39m[90mâ”€[39m[90mâ”€[39m[90mâ”€[39m[90mâ”€[39m[90mâ”€[39m[90mâ”€[39m[90mâ”€[39m[90mâ”€[39m[90mâ”€[39m[90mâ”€[39m[90mâ”€[39m[90mâ”€[39m[90mâ”€[39m[90mâ”€[39m[90mâ”€[39m[90mâ”€[39m[90mâ”€[39m[90mâ”€[39m[90mâ”€[39m[90mâ”€[39m[90mâ”€[39m[90mâ”€[39m[90mâ”€[39m[90mâ”€[39m[90mâ”€[39m[90mâ”€[39m[90mâ”€[39m[90mâ”€[39m[90mâ”€[39m[90mâ”€[39m[90mâ”€[39m[90mâ”€[39m[90mâ”€[39m[90mâ”€[39m[90mâ”€[39m[90mâ”€[39m[90mâ”€[39m[90mâ”€[39m[90mâ”€[39m[90mâ”€[39m[90mâ”€[39m[90mâ”€[39m[90mâ”€[39m[90mâ”€[39m[90mâ”€[39m[90mâ”€[39m[90mâ”€[39m[90mâ”€[39m[90mâ”€[39m[90mâ”€[39m[90mâ”€[39m[90mâ”€[39m[90mâ”€[39m[90mâ”€[39m[90mâ”€[39m[90mâ”€[39m[90mâ”€[39m[90mâ”€[39m[90mâ”€[39m[90mâ”€[39m[90mâ”€[39m[90mâ”€[39m[90mâ”€[39m[90mâ”€[39m[90mâ”€[39m[90mâ”€[39m[90mâ”€[39m[90mâ”€[39m[90mâ”€[39m[90mâ”€[39m[90mâ”€[39m[90mâ”€[39m[90mâ”€[39m[90mâ”€[39m[90mâ”€[39m[90mâ”€[39m[90mâ”€[39m[90mâ”€[39m[90mâ”€[39m[90mâ”€[39m[90mâ”€[39m[90mâ”€[39m[90mâ”€[39m[90mâ”€[39m[90mâ”€[39m[90mâ”€[39m[90mâ”€[39m[90mâ”€[39m[90mâ”€[39m[90mâ”€[39m[90mâ”€[39m[90mâ”€[39m[90mâ”€[39m[90mâ”€[39m[90mâ”€[39m[90mâ”€[39m[90mâ”¤[39m
Admin UI E2E (2, chrome)	Run Cypress	2025-01-07T14:31:42.6038730Z [90m  â”‚[39m [32mâœ”[39m  [0mpartial_export_test.spec.ts[0m              [90m00:11[39m        [0m3[0m        [32m3[39m        [90m-[39m        [90m-[39m        [90m-[39m [90mâ”‚[39m
Admin UI E2E (2, chrome)	Run Cypress	2025-01-07T14:31:42.6046609Z [90m  â”œ[39m[90mâ”€[39m[90mâ”€[39m[90mâ”€[39m[90mâ”€[39m[90mâ”€[39m[90mâ”€[39m[90mâ”€[39m[90mâ”€[39m[90mâ”€[39m[90mâ”€[39m[90mâ”€[39m[90mâ”€[39m[90mâ”€[39m[90mâ”€[39m[90mâ”€[39m[90mâ”€[39m[90mâ”€[39m[90mâ”€[39m[90mâ”€[39m[90mâ”€[39m[90mâ”€[39m[90mâ”€[39m[90mâ”€[39m[90mâ”€[39m[90mâ”€[39m[90mâ”€[39m[90mâ”€[39m[90mâ”€[39m[90mâ”€[39m[90mâ”€[39m[90mâ”€[39m[90mâ”€[39m[90mâ”€[39m[90mâ”€[39m[90mâ”€[39m[90mâ”€[39m[90mâ”€[39m[90mâ”€[39m[90mâ”€[39m[90mâ”€[39m[90mâ”€[39m[90mâ”€[39m[90mâ”€[39m[90mâ”€[39m[90mâ”€[39m[90mâ”€[39m[90mâ”€[39m[90mâ”€[39m[90mâ”€[39m[90mâ”€[39m[90mâ”€[39m[90mâ”€[39m[90mâ”€[39m[90mâ”€[39m[90mâ”€[39m[90mâ”€[39m[90mâ”€[39m[90mâ”€[39m[90mâ”€[39m[90mâ”€[39m[90mâ”€[39m[90mâ”€[39m[90mâ”€[39m[90mâ”€[39m[90mâ”€[39m[90mâ”€[39m[90mâ”€[39m[90mâ”€[39m[90mâ”€[39m[90mâ”€[39m[90mâ”€[39m[90mâ”€[39m[90mâ”€[39m[90mâ”€[39m[90mâ”€[39m[90mâ”€[39m[90mâ”€[39m[90mâ”€[39m[90mâ”€[39m[90mâ”€[39m[90mâ”€[39m[90mâ”€[39m[90mâ”€[39m[90mâ”€[39m[90mâ”€[39m[90mâ”€[39m[90mâ”€[39m[90mâ”€[39m[90mâ”€[39m[90mâ”€[39m[90mâ”€[39m[90mâ”€[39m[90mâ”€[39m[90mâ”€[39m[90mâ”€[39m[90mâ”€[39m[90mâ”¤[39m
Admin UI E2E (2, chrome)	Run Cypress	2025-01-07T14:31:42.6052170Z [90m  â”‚[39m [32mâœ”[39m  [0mmasthead_test.spec.ts[0m                    [90m00:28[39m        [0m9[0m        [32m9[39m        [90m-[39m        [90m-[39m        [90m-[39m [90mâ”‚[39m
Admin UI E2E (2, chrome)	Run Cypress	2025-01-07T14:31:42.6060196Z [90m  â”œ[39m[90mâ”€[39m[90mâ”€[39m[90mâ”€[39m[90mâ”€[39m[90mâ”€[39m[90mâ”€[39m[90mâ”€[39m[90mâ”€[39m[90mâ”€[39m[90mâ”€[39m[90mâ”€[39m[90mâ”€[39m[90mâ”€[39m[90mâ”€[39m[90mâ”€[39m[90mâ”€[39m[90mâ”€[39m[90mâ”€[39m[90mâ”€[39m[90mâ”€[39m[90mâ”€[39m[90mâ”€[39m[90mâ”€[39m[90mâ”€[39m[90mâ”€[39m[90mâ”€[39m[90mâ”€[39m[90mâ”€[39m[90mâ”€[39m[90mâ”€[39m[90mâ”€[39m[90mâ”€[39m[90mâ”€[39m[90mâ”€[39m[90mâ”€[39m[90mâ”€[39m[90mâ”€[39m[90mâ”€[39m[90mâ”€[39m[90mâ”€[39m[90mâ”€[39m[90mâ”€[39m[90mâ”€[39m[90mâ”€[39m[90mâ”€[39m[90mâ”€[39m[90mâ”€[39m[90mâ”€[39m[90mâ”€[39m[90mâ”€[39m[90mâ”€[39m[90mâ”€[39m[90mâ”€[39m[90mâ”€[39m[90mâ”€[39m[90mâ”€[39m[90mâ”€[39m[90mâ”€[39m[90mâ”€[39m[90mâ”€[39m[90mâ”€[39m[90mâ”€[39m[90mâ”€[39m[90mâ”€[39m[90mâ”€[39m[90mâ”€[39m[90mâ”€[39m[90mâ”€[39m[90mâ”€[39m[90mâ”€[39m[90mâ”€[39m[90mâ”€[39m[90mâ”€[39m[90mâ”€[39m[90mâ”€[39m[90mâ”€[39m[90mâ”€[39m[90mâ”€[39m[90mâ”€[39m[90mâ”€[39m[90mâ”€[39m[90mâ”€[39m[90mâ”€[39m[90mâ”€[39m[90mâ”€[39m[90mâ”€[39m[90mâ”€[39m[90mâ”€[39m[90mâ”€[39m[90mâ”€[39m[90mâ”€[39m[90mâ”€[39m[90mâ”€[39m[90mâ”€[39m[90mâ”€[39m[90mâ”€[39m[90mâ”¤[39m
Admin UI E2E (2, chrome)	Run Cypress	2025-01-07T14:31:42.6065598Z [90m  â”‚[39m [32mâœ”[39m  [0mclient_initial_access.spec.ts[0m            [90m00:10[39m        [0m2[0m        [32m2[39m        [90m-[39m        [90m-[39m        [90m-[39m [90mâ”‚[39m
Admin UI E2E (2, chrome)	Run Cypress	2025-01-07T14:31:42.6078255Z [90m  â”œ[39m[90mâ”€[39m[90mâ”€[39m[90mâ”€[39m[90mâ”€[39m[90mâ”€[39m[90mâ”€[39m[90mâ”€[39m[90mâ”€[39m[90mâ”€[39m[90mâ”€[39m[90mâ”€[39m[90mâ”€[39m[90mâ”€[39m[90mâ”€[39m[90mâ”€[39m[90mâ”€[39m[90mâ”€[39m[90mâ”€[39m[90mâ”€[39m[90mâ”€[39m[90mâ”€[39m[90mâ”€[39m[90mâ”€[39m[90mâ”€[39m[90mâ”€[39m[90mâ”€[39m[90mâ”€[39m[90mâ”€[39m[90mâ”€[39m[90mâ”€[39m[90mâ”€[39m[90mâ”€[39m[90mâ”€[39m[90mâ”€[39m[90mâ”€[39m[90mâ”€[39m[90mâ”€[39m[90mâ”€[39m[90mâ”€[39m[90mâ”€[39m[90mâ”€[39m[90mâ”€[39m[90mâ”€[39m[90mâ”€[39m[90mâ”€[39m[90mâ”€[39m[90mâ”€[39m[90mâ”€[39m[90mâ”€[39m[90mâ”€[39m[90mâ”€[39m[90mâ”€[39m[90mâ”€[39m[90mâ”€[39m[90mâ”€[39m[90mâ”€[39m[90mâ”€[39m[90mâ”€[39m[90mâ”€[39m[90mâ”€[39m[90mâ”€[39m[90mâ”€[39m[90mâ”€[39m[90mâ”€[39m[90mâ”€[39m[90mâ”€[39m[90mâ”€[39m[90mâ”€[39m[90mâ”€[39m[90mâ”€[39m[90mâ”€[39m[90mâ”€[39m[90mâ”€[39m[90mâ”€[39m[90mâ”€[39m[90mâ”€[39m[90mâ”€[39m[90mâ”€[39m[90mâ”€[39m[90mâ”€[39m[90mâ”€[39m[90mâ”€[39m[90mâ”€[39m[90mâ”€[39m[90mâ”€[39m[90mâ”€[39m[90mâ”€[39m[90mâ”€[39m[90mâ”€[39m[90mâ”€[39m[90mâ”€[39m[90mâ”€[39m[90mâ”€[39m[90mâ”€[39m[90mâ”€[39m[90mâ”€[39m[90mâ”¤[39m
Admin UI E2E (2, chrome)	Run Cypress	2025-01-07T14:31:42.6083682Z [90m  â”‚[39m [32mâœ”[39m  [0muser_fed_ldap_test.spec.ts[0m               [90m02:08[39m       [0m21[0m       [32m21[39m        [90m-[39m        [90m-[39m        [90m-[39m [90mâ”‚[39m
Admin UI E2E (2, chrome)	Run Cypress	2025-01-07T14:31:42.6091029Z [90m  â””[39m[90mâ”€[39m[90mâ”€[39m[90mâ”€[39m[90mâ”€[39m[90mâ”€[39m[90mâ”€[39m[90mâ”€[39m[90mâ”€[39m[90mâ”€[39m[90mâ”€[39m[90mâ”€[39m[90mâ”€[39m[90mâ”€[39m[90mâ”€[39m[90mâ”€[39m[90mâ”€[39m[90mâ”€[39m[90mâ”€[39m[90mâ”€[39m[90mâ”€[39m[90mâ”€[39m[90mâ”€[39m[90mâ”€[39m[90mâ”€[39m[90mâ”€[39m[90mâ”€[39m[90mâ”€[39m[90mâ”€[39m[90mâ”€[39m[90mâ”€[39m[90mâ”€[39m[90mâ”€[39m[90mâ”€[39m[90mâ”€[39m[90mâ”€[39m[90mâ”€[39m[90mâ”€[39m[90mâ”€[39m[90mâ”€[39m[90mâ”€[39m[90mâ”€[39m[90mâ”€[39m[90mâ”€[39m[90mâ”€[39m[90mâ”€[39m[90mâ”€[39m[90mâ”€[39m[90mâ”€[39m[90mâ”€[39m[90mâ”€[39m[90mâ”€[39m[90mâ”€[39m[90mâ”€[39m[90mâ”€[39m[90mâ”€[39m[90mâ”€[39m[90mâ”€[39m[90mâ”€[39m[90mâ”€[39m[90mâ”€[39m[90mâ”€[39m[90mâ”€[39m[90mâ”€[39m[90mâ”€[39m[90mâ”€[39m[90mâ”€[39m[90mâ”€[39m[90mâ”€[39m[90mâ”€[39m[90mâ”€[39m[90mâ”€[39m[90mâ”€[39m[90mâ”€[39m[90mâ”€[39m[90mâ”€[39m[90mâ”€[39m[90mâ”€[39m[90mâ”€[39m[90mâ”€[39m[90mâ”€[39m[90mâ”€[39m[90mâ”€[39m[90mâ”€[39m[90mâ”€[39m[90mâ”€[39m[90mâ”€[39m[90mâ”€[39m[90mâ”€[39m[90mâ”€[39m[90mâ”€[39m[90mâ”€[39m[90mâ”€[39m[90mâ”€[39m[90mâ”€[39m[90mâ”€[39m[90mâ”€[39m[90mâ”˜[39m
Admin UI E2E (2, chrome)	Run Cypress	2025-01-07T14:31:42.6126546Z [90m   [39m [31mâœ–[39m  [31m1 of 8 failed (13%)[39m                      [90m09:25[39m       [0m78[0m       [32m76[39m        [31m1[39m        [36m1[39m        [90m-[39m [90m [39m
Admin UI E2E (2, chrome)	Run Cypress	2025-01-07T14:31:42.6127228Z 
Admin UI E2E (2, chrome)	Run Cypress	2025-01-07T14:31:42.7113902Z ##[error]Cypress tests: 1 failed
Status Check - Keycloak JavaScript CI	Run /./.github/actions/status-check	2025-01-07T14:36:34.5787857Z Prepare all required actions
Status Check - Keycloak JavaScript CI	Run /./.github/actions/status-check	2025-01-07T14:36:34.5856552Z ##[group]Run ./.github/actions/status-check
Status Check - Keycloak JavaScript CI	Run /./.github/actions/status-check	2025-01-07T14:36:34.5856896Z with:
Status Check - Keycloak JavaScript CI	Run /./.github/actions/status-check	2025-01-07T14:36:34.5858056Z   jobs: {
Status Check - Keycloak JavaScript CI	Run /./.github/actions/status-check	  "conditional": {
Status Check - Keycloak JavaScript CI	Run /./.github/actions/status-check	    "result": "success",
Status Check - Keycloak JavaScript CI	Run /./.github/actions/status-check	    "outputs": {
Status Check - Keycloak JavaScript CI	Run /./.github/actions/status-check	      "js-ci": "true"
Status Check - Keycloak JavaScript CI	Run /./.github/actions/status-check	    }
Status Check - Keycloak JavaScript CI	Run /./.github/actions/status-check	  },
Status Check - Keycloak JavaScript CI	Run /./.github/actions/status-check	  "build-keycloak": {
Status Check - Keycloak JavaScript CI	Run /./.github/actions/status-check	    "result": "success",
Status Check - Keycloak JavaScript CI	Run /./.github/actions/status-check	    "outputs": {}
Status Check - Keycloak JavaScript CI	Run /./.github/actions/status-check	  },
Status Check - Keycloak JavaScript CI	Run /./.github/actions/status-check	  "admin-client": {
Status Check - Keycloak JavaScript CI	Run /./.github/actions/status-check	    "result": "success",
Status Check - Keycloak JavaScript CI	Run /./.github/actions/status-check	    "outputs": {}
Status Check - Keycloak JavaScript CI	Run /./.github/actions/status-check	  },
Status Check - Keycloak JavaScript CI	Run /./.github/actions/status-check	  "ui-shared": {
Status Check - Keycloak JavaScript CI	Run /./.github/actions/status-check	    "result": "success",
Status Check - Keycloak JavaScript CI	Run /./.github/actions/status-check	    "outputs": {}
Status Check - Keycloak JavaScript CI	Run /./.github/actions/status-check	  },
Status Check - Keycloak JavaScript CI	Run /./.github/actions/status-check	  "account-ui": {
Status Check - Keycloak JavaScript CI	Run /./.github/actions/status-check	    "result": "success",
Status Check - Keycloak JavaScript CI	Run /./.github/actions/status-check	    "outputs": {}
Status Check - Keycloak JavaScript CI	Run /./.github/actions/status-check	  },
Status Check - Keycloak JavaScript CI	Run /./.github/actions/status-check	  "account-ui-e2e": {
Status Check - Keycloak JavaScript CI	Run /./.github/actions/status-check	    "result": "success",
Status Check - Keycloak JavaScript CI	Run /./.github/actions/status-check	    "outputs": {}
Status Check - Keycloak JavaScript CI	Run /./.github/actions/status-check	  },
Status Check - Keycloak JavaScript CI	Run /./.github/actions/status-check	  "admin-ui": {
Status Check - Keycloak JavaScript CI	Run /./.github/actions/status-check	    "result": "success",
Status Check - Keycloak JavaScript CI	Run /./.github/actions/status-check	    "outputs": {}
Status Check - Keycloak JavaScript CI	Run /./.github/actions/status-check	  },
Status Check - Keycloak JavaScript CI	Run /./.github/actions/status-check	  "admin-ui-e2e": {
Status Check - Keycloak JavaScript CI	Run /./.github/actions/status-check	    "result": "failure",
Status Check - Keycloak JavaScript CI	Run /./.github/actions/status-check	    "outputs": {}
Status Check - Keycloak JavaScript CI	Run /./.github/actions/status-check	  }
Status Check - Keycloak JavaScript CI	Run /./.github/actions/status-check	}
Status Check - Keycloak JavaScript CI	Run /./.github/actions/status-check	2025-01-07T14:36:34.5859361Z env:
Status Check - Keycloak JavaScript CI	Run /./.github/actions/status-check	2025-01-07T14:36:34.5859653Z   MAVEN_ARGS: -B -nsu -Daether.connector.http.connectionMaxTtl=25
Status Check - Keycloak JavaScript CI	Run /./.github/actions/status-check	2025-01-07T14:36:34.5860074Z   RETRY_COUNT: 3
Status Check - Keycloak JavaScript CI	Run /./.github/actions/status-check	2025-01-07T14:36:34.5860308Z ##[endgroup]
Status Check - Keycloak JavaScript CI	Run /./.github/actions/status-check	2025-01-07T14:36:34.5961143Z ##[group]Run JOBS='{
Status Check - Keycloak JavaScript CI	Run /./.github/actions/status-check	2025-01-07T14:36:34.5961563Z [36;1mJOBS='{[0m
Status Check - Keycloak JavaScript CI	Run /./.github/actions/status-check	2025-01-07T14:36:34.6043467Z [36;1m  "conditional": {[0m
Status Check - Keycloak JavaScript CI	Run /./.github/actions/status-check	2025-01-07T14:36:34.6043989Z [36;1m    "result": "success",[0m
Status Check - Keycloak JavaScript CI	Run /./.github/actions/status-check	2025-01-07T14:36:34.6044438Z [36;1m    "outputs": {[0m
Status Check - Keycloak JavaScript CI	Run /./.github/actions/status-check	2025-01-07T14:36:34.6045029Z [36;1m      "js-ci": "true"[0m
Status Check - Keycloak JavaScript CI	Run /./.github/actions/status-check	2025-01-07T14:36:34.6045325Z [36;1m    }[0m
Status Check - Keycloak JavaScript CI	Run /./.github/actions/status-check	2025-01-07T14:36:34.6045582Z [36;1m  },[0m
Status Check - Keycloak JavaScript CI	Run /./.github/actions/status-check	2025-01-07T14:36:34.6045815Z [36;1m  "build-keycloak": {[0m
Status Check - Keycloak JavaScript CI	Run /./.github/actions/status-check	2025-01-07T14:36:34.6046082Z [36;1m    "result": "success",[0m
Status Check - Keycloak JavaScript CI	Run /./.github/actions/status-check	2025-01-07T14:36:34.6046351Z [36;1m    "outputs": {}[0m
Status Check - Keycloak JavaScript CI	Run /./.github/actions/status-check	2025-01-07T14:36:34.6046584Z [36;1m  },[0m
Status Check - Keycloak JavaScript CI	Run /./.github/actions/status-check	2025-01-07T14:36:34.6046791Z [36;1m  "admin-client": {[0m
Status Check - Keycloak JavaScript CI	Run /./.github/actions/status-check	2025-01-07T14:36:34.6047045Z [36;1m    "result": "success",[0m
Status Check - Keycloak JavaScript CI	Run /./.github/actions/status-check	2025-01-07T14:36:34.6047331Z [36;1m    "outputs": {}[0m
Status Check - Keycloak JavaScript CI	Run /./.github/actions/status-check	2025-01-07T14:36:34.6047558Z [36;1m  },[0m
Status Check - Keycloak JavaScript CI	Run /./.github/actions/status-check	2025-01-07T14:36:34.6047765Z [36;1m  "ui-shared": {[0m
Status Check - Keycloak JavaScript CI	Run /./.github/actions/status-check	2025-01-07T14:36:34.6048009Z [36;1m    "result": "success",[0m
Status Check - Keycloak JavaScript CI	Run /./.github/actions/status-check	2025-01-07T14:36:34.6048261Z [36;1m    "outputs": {}[0m
Status Check - Keycloak JavaScript CI	Run /./.github/actions/status-check	2025-01-07T14:36:34.6048525Z [36;1m  },[0m
Status Check - Keycloak JavaScript CI	Run /./.github/actions/status-check	2025-01-07T14:36:34.6048737Z [36;1m  "account-ui": {[0m
Status Check - Keycloak JavaScript CI	Run /./.github/actions/status-check	2025-01-07T14:36:34.6048970Z [36;1m    "result": "success",[0m
Status Check - Keycloak JavaScript CI	Run /./.github/actions/status-check	2025-01-07T14:36:34.6049224Z [36;1m    "outputs": {}[0m
Status Check - Keycloak JavaScript CI	Run /./.github/actions/status-check	2025-01-07T14:36:34.6049454Z [36;1m  },[0m
Status Check - Keycloak JavaScript CI	Run /./.github/actions/status-check	2025-01-07T14:36:34.6049663Z [36;1m  "account-ui-e2e": {[0m
Status Check - Keycloak JavaScript CI	Run /./.github/actions/status-check	2025-01-07T14:36:34.6049912Z [36;1m    "result": "success",[0m
Status Check - Keycloak JavaScript CI	Run /./.github/actions/status-check	2025-01-07T14:36:34.6050162Z [36;1m    "outputs": {}[0m
Status Check - Keycloak JavaScript CI	Run /./.github/actions/status-check	2025-01-07T14:36:34.6050382Z [36;1m  },[0m
Status Check - Keycloak JavaScript CI	Run /./.github/actions/status-check	2025-01-07T14:36:34.6050585Z [36;1m  "admin-ui": {[0m
Status Check - Keycloak JavaScript CI	Run /./.github/actions/status-check	2025-01-07T14:36:34.6050830Z [36;1m    "result": "success",[0m
Status Check - Keycloak JavaScript CI	Run /./.github/actions/status-check	2025-01-07T14:36:34.6051089Z [36;1m    "outputs": {}[0m
Status Check - Keycloak JavaScript CI	Run /./.github/actions/status-check	2025-01-07T14:36:34.6051334Z [36;1m  },[0m
Status Check - Keycloak JavaScript CI	Run /./.github/actions/status-check	2025-01-07T14:36:34.6051546Z [36;1m  "admin-ui-e2e": {[0m
Status Check - Keycloak JavaScript CI	Run /./.github/actions/status-check	2025-01-07T14:36:34.6051784Z [36;1m    "result": "failure",[0m
Status Check - Keycloak JavaScript CI	Run /./.github/actions/status-check	2025-01-07T14:36:34.6052038Z [36;1m    "outputs": {}[0m
Status Check - Keycloak JavaScript CI	Run /./.github/actions/status-check	2025-01-07T14:36:34.6052280Z [36;1m  }[0m
Status Check - Keycloak JavaScript CI	Run /./.github/actions/status-check	2025-01-07T14:36:34.6052469Z [36;1m}'[0m
Status Check - Keycloak JavaScript CI	Run /./.github/actions/status-check	2025-01-07T14:36:34.6052675Z [36;1m[0m
Status Check - Keycloak JavaScript CI	Run /./.github/actions/status-check	2025-01-07T14:36:34.6052888Z [36;1mecho "Job status:"[0m
Status Check - Keycloak JavaScript CI	Run /./.github/actions/status-check	2025-01-07T14:36:34.6053261Z [36;1mecho $JOBS | jq -r 'to_entries[] | " - \(.key): \(.value.result)"'[0m
Status Check - Keycloak JavaScript CI	Run /./.github/actions/status-check	2025-01-07T14:36:34.6053610Z [36;1m[0m
Status Check - Keycloak JavaScript CI	Run /./.github/actions/status-check	2025-01-07T14:36:34.6053887Z [36;1mfor i in $(echo $JOBS | jq -r 'to_entries[] | .value.result'); do[0m
Status Check - Keycloak JavaScript CI	Run /./.github/actions/status-check	2025-01-07T14:36:34.6054279Z [36;1m  if [ "$i" != "success" ] && [ "$i" != "skipped" ]; then[0m
Status Check - Keycloak JavaScript CI	Run /./.github/actions/status-check	2025-01-07T14:36:34.6054889Z [36;1m    echo ""[0m
Status Check - Keycloak JavaScript CI	Run /./.github/actions/status-check	2025-01-07T14:36:34.6055157Z [36;1m    echo "Status check not okay!"[0m
Status Check - Keycloak JavaScript CI	Run /./.github/actions/status-check	2025-01-07T14:36:34.6055431Z [36;1m    exit 1[0m
Status Check - Keycloak JavaScript CI	Run /./.github/actions/status-check	2025-01-07T14:36:34.6055641Z [36;1m  fi[0m
Status Check - Keycloak JavaScript CI	Run /./.github/actions/status-check	2025-01-07T14:36:34.6055843Z [36;1mdone[0m
Status Check - Keycloak JavaScript CI	Run /./.github/actions/status-check	2025-01-07T14:36:34.6087722Z shell: /usr/bin/bash --noprofile --norc -e -o pipefail {0}
Status Check - Keycloak JavaScript CI	Run /./.github/actions/status-check	2025-01-07T14:36:34.6088130Z env:
Status Check - Keycloak JavaScript CI	Run /./.github/actions/status-check	2025-01-07T14:36:34.6088434Z   MAVEN_ARGS: -B -nsu -Daether.connector.http.connectionMaxTtl=25
Status Check - Keycloak JavaScript CI	Run /./.github/actions/status-check	2025-01-07T14:36:34.6088817Z   RETRY_COUNT: 3
Status Check - Keycloak JavaScript CI	Run /./.github/actions/status-check	2025-01-07T14:36:34.6089040Z ##[endgroup]
Status Check - Keycloak JavaScript CI	Run /./.github/actions/status-check	2025-01-07T14:36:34.6156554Z Job status:
Status Check - Keycloak JavaScript CI	Run /./.github/actions/status-check	2025-01-07T14:36:34.6202082Z  - conditional: success
Status Check - Keycloak JavaScript CI	Run /./.github/actions/status-check	2025-01-07T14:36:34.6202572Z  - build-keycloak: success
Status Check - Keycloak JavaScript CI	Run /./.github/actions/status-check	2025-01-07T14:36:34.6202988Z  - admin-client: success
Status Check - Keycloak JavaScript CI	Run /./.github/actions/status-check	2025-01-07T14:36:34.6203262Z  - ui-shared: success
Status Check - Keycloak JavaScript CI	Run /./.github/actions/status-check	2025-01-07T14:36:34.6203503Z  - account-ui: success
Status Check - Keycloak JavaScript CI	Run /./.github/actions/status-check	2025-01-07T14:36:34.6203752Z  - account-ui-e2e: success
Status Check - Keycloak JavaScript CI	Run /./.github/actions/status-check	2025-01-07T14:36:34.6204008Z  - admin-ui: success
Status Check - Keycloak JavaScript CI	Run /./.github/actions/status-check	2025-01-07T14:36:34.6204243Z  - admin-ui-e2e: failure
Status Check - Keycloak JavaScript CI	Run /./.github/actions/status-check	2025-01-07T14:36:34.6236755Z 
Status Check - Keycloak JavaScript CI	Run /./.github/actions/status-check	2025-01-07T14:36:34.6237123Z Status check not okay!
Status Check - Keycloak JavaScript CI	Run /./.github/actions/status-check	2025-01-07T14:36:34.6248949Z ##[error]Process completed with exit code 1.
