Admin UI E2E (3, chrome)	Run Cypress	2025-02-20T15:34:17.6112802Z ##[group]Run cypress-io/github-action@v6
Admin UI E2E (3, chrome)	Run Cypress	2025-02-20T15:34:17.6113271Z with:
Admin UI E2E (3, chrome)	Run Cypress	2025-02-20T15:34:17.6113571Z   install: false
Admin UI E2E (3, chrome)	Run Cypress	2025-02-20T15:34:17.6113887Z   browser: chrome
Admin UI E2E (3, chrome)	Run Cypress	2025-02-20T15:34:17.6114251Z   wait-on: http://localhost:8080
Admin UI E2E (3, chrome)	Run Cypress	2025-02-20T15:34:17.6114702Z   working-directory: js/apps/admin-ui
Admin UI E2E (3, chrome)	Run Cypress	2025-02-20T15:34:17.6115144Z   record: false
Admin UI E2E (3, chrome)	Run Cypress	2025-02-20T15:34:17.6115689Z   publish-summary: true
Admin UI E2E (3, chrome)	Run Cypress	2025-02-20T15:34:17.6116113Z   component: false
Admin UI E2E (3, chrome)	Run Cypress	2025-02-20T15:34:17.6116426Z env:
Admin UI E2E (3, chrome)	Run Cypress	2025-02-20T15:34:17.6116884Z   MAVEN_ARGS: -B -nsu -Daether.connector.http.connectionMaxTtl=25
Admin UI E2E (3, chrome)	Run Cypress	2025-02-20T15:34:17.6117447Z   RETRY_COUNT: 3
Admin UI E2E (3, chrome)	Run Cypress	2025-02-20T15:34:17.6117777Z   WORKSPACE: keycloak-admin-ui
Admin UI E2E (3, chrome)	Run Cypress	2025-02-20T15:34:17.6118338Z   JAVA_HOME: /opt/hostedtoolcache/Java_Temurin-Hotspot_jdk/21.0.6-7/x64
Admin UI E2E (3, chrome)	Run Cypress	2025-02-20T15:34:17.6119107Z   JAVA_HOME_21_X64: /opt/hostedtoolcache/Java_Temurin-Hotspot_jdk/21.0.6-7/x64
Admin UI E2E (3, chrome)	Run Cypress	2025-02-20T15:34:17.6119695Z   SPLIT: 5
Admin UI E2E (3, chrome)	Run Cypress	2025-02-20T15:34:17.6119986Z   SPLIT_INDEX: 2
Admin UI E2E (3, chrome)	Run Cypress	2025-02-20T15:34:17.6120324Z   SPLIT_RANDOM_SEED: 38
Admin UI E2E (3, chrome)	Run Cypress	2025-02-20T15:34:17.6120712Z ##[endgroup]
Admin UI E2E (3, chrome)	Run Cypress	2025-02-20T15:34:17.9882494Z Skipping install because install parameter is false
Admin UI E2E (3, chrome)	Run Cypress	2025-02-20T15:34:17.9902280Z waiting on "http://localhost:8080" with timeout of 60 seconds
Admin UI E2E (3, chrome)	Run Cypress	2025-02-20T15:34:37.0128975Z It looks like this is your first time using Cypress: 14.0.3
Admin UI E2E (3, chrome)	Run Cypress	2025-02-20T15:34:37.0129338Z 
Admin UI E2E (3, chrome)	Run Cypress	2025-02-20T15:34:37.0152526Z [STARTED] Task without title.
Admin UI E2E (3, chrome)	Run Cypress	2025-02-20T15:34:38.5202855Z [SUCCESS] Task without title.
Admin UI E2E (3, chrome)	Run Cypress	2025-02-20T15:34:38.5206469Z 
Admin UI E2E (3, chrome)	Run Cypress	2025-02-20T15:34:38.5206793Z Opening Cypress...
Admin UI E2E (3, chrome)	Run Cypress	2025-02-20T15:34:39.1253324Z 
Admin UI E2E (3, chrome)	Run Cypress	2025-02-20T15:34:39.1254832Z DevTools listening on ws://127.0.0.1:38513/devtools/browser/69904a90-db8b-4cea-929b-b64325d9a6ca
Admin UI E2E (3, chrome)	Run Cypress	2025-02-20T15:34:39.7669555Z (node:2748) ExperimentalWarning: `--experimental-loader` may be removed in the future; instead use `register()`:
Admin UI E2E (3, chrome)	Run Cypress	2025-02-20T15:34:39.7672552Z --import 'data:text/javascript,import { register } from "node:module"; import { pathToFileURL } from "node:url"; register("file%3A///home/runner/.cache/Cypress/14.0.3/Cypress/resources/app/node_modules/ts-node/esm/transpile-only.mjs", pathToFileURL("./"));'
Admin UI E2E (3, chrome)	Run Cypress	2025-02-20T15:34:39.7674837Z (Use `node --trace-warnings ...` to show where the warning was created)
Admin UI E2E (3, chrome)	Run Cypress	2025-02-20T15:34:40.5201906Z cypress-split: there are 41 found specs
Admin UI E2E (3, chrome)	Run Cypress	2025-02-20T15:34:40.5204201Z the first 5 specs
Admin UI E2E (3, chrome)	Run Cypress	2025-02-20T15:34:40.5205258Z - 1: /home/runner/work/keycloak/keycloak/js/apps/admin-ui/cypress/e2e/user_fed_kerberos_test.spec.ts
Admin UI E2E (3, chrome)	Run Cypress	2025-02-20T15:34:40.5206872Z - 2: /home/runner/work/keycloak/keycloak/js/apps/admin-ui/cypress/e2e/clients_role.spec.ts
Admin UI E2E (3, chrome)	Run Cypress	2025-02-20T15:34:40.5208220Z - 3: /home/runner/work/keycloak/keycloak/js/apps/admin-ui/cypress/e2e/client_initial_access.spec.ts
Admin UI E2E (3, chrome)	Run Cypress	2025-02-20T15:34:40.5209713Z - 4: /home/runner/work/keycloak/keycloak/js/apps/admin-ui/cypress/e2e/client_authorization_test.spec.ts
Admin UI E2E (3, chrome)	Run Cypress	2025-02-20T15:34:40.5211101Z - 5: /home/runner/work/keycloak/keycloak/js/apps/admin-ui/cypress/e2e/realm_test.spec.ts
Admin UI E2E (3, chrome)	Run Cypress	2025-02-20T15:34:40.5211949Z cypress-split: chunk 3 of 5
Admin UI E2E (3, chrome)	Run Cypress	2025-02-20T15:34:40.5223047Z k  spec                                                   
Admin UI E2E (3, chrome)	Run Cypress	2025-02-20T15:34:40.5224102Z -  -------------------------------------------------------
Admin UI E2E (3, chrome)	Run Cypress	2025-02-20T15:34:40.5225030Z 1  cypress/e2e/group_test.spec.ts                         
Admin UI E2E (3, chrome)	Run Cypress	2025-02-20T15:34:40.5225896Z 2  cypress/e2e/sessions_test.spec.ts                      
Admin UI E2E (3, chrome)	Run Cypress	2025-02-20T15:34:40.5226516Z 3  cypress/e2e/clients_test.spec.ts                       
Admin UI E2E (3, chrome)	Run Cypress	2025-02-20T15:34:40.5227125Z 4  cypress/e2e/user_fed_ldap_mapper_test.spec.ts          
Admin UI E2E (3, chrome)	Run Cypress	2025-02-20T15:34:40.5227734Z 5  cypress/e2e/client_registration_policies.spec.ts       
Admin UI E2E (3, chrome)	Run Cypress	2025-02-20T15:34:40.5228346Z 6  cypress/e2e/realm_settings_user_profile_enabled.spec.ts
Admin UI E2E (3, chrome)	Run Cypress	2025-02-20T15:34:40.5228963Z 7  cypress/e2e/realm_settings_events_test.spec.ts         
Admin UI E2E (3, chrome)	Run Cypress	2025-02-20T15:34:40.5229550Z 8  cypress/e2e/client_advanced.spec.ts                    
Admin UI E2E (3, chrome)	Run Cypress	2025-02-20T15:34:40.5229869Z 
Admin UI E2E (3, chrome)	Run Cypress	2025-02-20T15:34:41.2694830Z 
Admin UI E2E (3, chrome)	Run Cypress	2025-02-20T15:34:41.2958749Z [90m====================================================================================================[39m
Admin UI E2E (3, chrome)	Run Cypress	2025-02-20T15:34:41.2959542Z 
Admin UI E2E (3, chrome)	Run Cypress	2025-02-20T15:34:41.2960518Z [0m  ([4m[1mRun Starting[22m[24m)[0m
Admin UI E2E (3, chrome)	Run Cypress	2025-02-20T15:34:41.2960968Z 
Admin UI E2E (3, chrome)	Run Cypress	2025-02-20T15:34:41.3030953Z [90m  â”Œ[39m[90mâ”€[39m[90mâ”€[39m[90mâ”€[39m[90mâ”€[39m[90mâ”€[39m[90mâ”€[39m[90mâ”€[39m[90mâ”€[39m[90mâ”€[39m[90mâ”€[39m[90mâ”€[39m[90mâ”€[39m[90mâ”€[39m[90mâ”€[39m[90mâ”€[39m[90mâ”€[39m[90mâ”€[39m[90mâ”€[39m[90mâ”€[39m[90mâ”€[39m[90mâ”€[39m[90mâ”€[39m[90mâ”€[39m[90mâ”€[39m[90mâ”€[39m[90mâ”€[39m[90mâ”€[39m[90mâ”€[39m[90mâ”€[39m[90mâ”€[39m[90mâ”€[39m[90mâ”€[39m[90mâ”€[39m[90mâ”€[39m[90mâ”€[39m[90mâ”€[39m[90mâ”€[39m[90mâ”€[39m[90mâ”€[39m[90mâ”€[39m[90mâ”€[39m[90mâ”€[39m[90mâ”€[39m[90mâ”€[39m[90mâ”€[39m[90mâ”€[39m[90mâ”€[39m[90mâ”€[39m[90mâ”€[39m[90mâ”€[39m[90mâ”€[39m[90mâ”€[39m[90mâ”€[39m[90mâ”€[39m[90mâ”€[39m[90mâ”€[39m[90mâ”€[39m[90mâ”€[39m[90mâ”€[39m[90mâ”€[39m[90mâ”€[39m[90mâ”€[39m[90mâ”€[39m[90mâ”€[39m[90mâ”€[39m[90mâ”€[39m[90mâ”€[39m[90mâ”€[39m[90mâ”€[39m[90mâ”€[39m[90mâ”€[39m[90mâ”€[39m[90mâ”€[39m[90mâ”€[39m[90mâ”€[39m[90mâ”€[39m[90mâ”€[39m[90mâ”€[39m[90mâ”€[39m[90mâ”€[39m[90mâ”€[39m[90mâ”€[39m[90mâ”€[39m[90mâ”€[39m[90mâ”€[39m[90mâ”€[39m[90mâ”€[39m[90mâ”€[39m[90mâ”€[39m[90mâ”€[39m[90mâ”€[39m[90mâ”€[39m[90mâ”€[39m[90mâ”€[39m[90mâ”€[39m[90mâ”€[39m[90mâ”[39m
Admin UI E2E (3, chrome)	Run Cypress	2025-02-20T15:34:41.3034258Z [90m  â”‚[39m [90mCypress:[39m        14.0.3                                                                         [90mâ”‚[39m
Admin UI E2E (3, chrome)	Run Cypress	2025-02-20T15:34:41.3035197Z [90m  â”‚[39m [90mBrowser:[39m        Chrome 133 [90m(headless)[39m                                                          [90mâ”‚[39m
Admin UI E2E (3, chrome)	Run Cypress	2025-02-20T15:34:41.3036731Z [90m  â”‚[39m [90mNode Version:[39m   [0mv20.18.0 [90m(/home/runner/runners/2.322.0/externals/node20/bin/node)[39m[0m              [90mâ”‚[39m
Admin UI E2E (3, chrome)	Run Cypress	2025-02-20T15:34:41.3038004Z [90m  â”‚[39m [90mSpecs:[39m          [0m8 found (group_test.spec.ts, sessions_test.spec.ts, clients_test.spec.ts, user[0m [90mâ”‚[39m
Admin UI E2E (3, chrome)	Run Cypress	2025-02-20T15:34:41.3039370Z [90m  â”‚[39m                 [0m_fed_ldap_mapper_test.spec.ts, client_registration_policies.spec.ts, realm_set[0m [90mâ”‚[39m
Admin UI E2E (3, chrome)	Run Cypress	2025-02-20T15:34:41.3040653Z [90m  â”‚[39m                 [0mtings_user_profile_enabled.spec.ts, realm_settings_events_test.spec.ts, client[0m [90mâ”‚[39m
Admin UI E2E (3, chrome)	Run Cypress	2025-02-20T15:34:41.3041697Z [90m  â”‚[39m                 [0m_advanced.spec.ts)[0m                                                             [90mâ”‚[39m
Admin UI E2E (3, chrome)	Run Cypress	2025-02-20T15:34:41.3042813Z [90m  â”‚[39m [90mSearched:[39m       [0mcypress/e2e/group_test.spec.ts, cypress/e2e/sessions_test.spec.ts, cypress/e2e[0m [90mâ”‚[39m
Admin UI E2E (3, chrome)	Run Cypress	2025-02-20T15:34:41.3044225Z [90m  â”‚[39m                 [0m/clients_test.spec.ts, cypress/e2e/user_fed_ldap_mapper_test.spec.ts, cypress/[0m [90mâ”‚[39m
Admin UI E2E (3, chrome)	Run Cypress	2025-02-20T15:34:41.3045776Z [90m  â”‚[39m                 [0me2e/client_registration_policies.spec.ts, cypress/e2e/realm_settings_user_prof[0m [90mâ”‚[39m
Admin UI E2E (3, chrome)	Run Cypress	2025-02-20T15:34:41.3047097Z [90m  â”‚[39m                 [0mile_enabled.spec.ts, cypress/e2e/realm_settings_events_test.spec.ts, cypress/e[0m [90mâ”‚[39m
Admin UI E2E (3, chrome)	Run Cypress	2025-02-20T15:34:41.3048243Z [90m  â”‚[39m                 [0m2e/client_advanced.spec.ts[0m                                                     [90mâ”‚[39m
Admin UI E2E (3, chrome)	Run Cypress	2025-02-20T15:34:41.3049433Z [90m  â”‚[39m [90mExperiments:[39m    experimentalMemoryManagement=true                                              [90mâ”‚[39m
Admin UI E2E (3, chrome)	Run Cypress	2025-02-20T15:34:41.3053588Z [90m  â””[39m[90mâ”€[39m[90mâ”€[39m[90mâ”€[39m[90mâ”€[39m[90mâ”€[39m[90mâ”€[39m[90mâ”€[39m[90mâ”€[39m[90mâ”€[39m[90mâ”€[39m[90mâ”€[39m[90mâ”€[39m[90mâ”€[39m[90mâ”€[39m[90mâ”€[39m[90mâ”€[39m[90mâ”€[39m[90mâ”€[39m[90mâ”€[39m[90mâ”€[39m[90mâ”€[39m[90mâ”€[39m[90mâ”€[39m[90mâ”€[39m[90mâ”€[39m[90mâ”€[39m[90mâ”€[39m[90mâ”€[39m[90mâ”€[39m[90mâ”€[39m[90mâ”€[39m[90mâ”€[39m[90mâ”€[39m[90mâ”€[39m[90mâ”€[39m[90mâ”€[39m[90mâ”€[39m[90mâ”€[39m[90mâ”€[39m[90mâ”€[39m[90mâ”€[39m[90mâ”€[39m[90mâ”€[39m[90mâ”€[39m[90mâ”€[39m[90mâ”€[39m[90mâ”€[39m[90mâ”€[39m[90mâ”€[39m[90mâ”€[39m[90mâ”€[39m[90mâ”€[39m[90mâ”€[39m[90mâ”€[39m[90mâ”€[39m[90mâ”€[39m[90mâ”€[39m[90mâ”€[39m[90mâ”€[39m[90mâ”€[39m[90mâ”€[39m[90mâ”€[39m[90mâ”€[39m[90mâ”€[39m[90mâ”€[39m[90mâ”€[39m[90mâ”€[39m[90mâ”€[39m[90mâ”€[39m[90mâ”€[39m[90mâ”€[39m[90mâ”€[39m[90mâ”€[39m[90mâ”€[39m[90mâ”€[39m[90mâ”€[39m[90mâ”€[39m[90mâ”€[39m[90mâ”€[39m[90mâ”€[39m[90mâ”€[39m[90mâ”€[39m[90mâ”€[39m[90mâ”€[39m[90mâ”€[39m[90mâ”€[39m[90mâ”€[39m[90mâ”€[39m[90mâ”€[39m[90mâ”€[39m[90mâ”€[39m[90mâ”€[39m[90mâ”€[39m[90mâ”€[39m[90mâ”€[39m[90mâ”€[39m[90mâ”˜[39m
Admin UI E2E (3, chrome)	Run Cypress	2025-02-20T15:34:41.3056280Z 
Admin UI E2E (3, chrome)	Run Cypress	2025-02-20T15:34:41.3056431Z 
Admin UI E2E (3, chrome)	Run Cypress	2025-02-20T15:34:41.3060215Z [90mâ”€[39m[90mâ”€[39m[90mâ”€[39m[90mâ”€[39m[90mâ”€[39m[90mâ”€[39m[90mâ”€[39m[90mâ”€[39m[90mâ”€[39m[90mâ”€[39m[90mâ”€[39m[90mâ”€[39m[90mâ”€[39m[90mâ”€[39m[90mâ”€[39m[90mâ”€[39m[90mâ”€[39m[90mâ”€[39m[90mâ”€[39m[90mâ”€[39m[90mâ”€[39m[90mâ”€[39m[90mâ”€[39m[90mâ”€[39m[90mâ”€[39m[90mâ”€[39m[90mâ”€[39m[90mâ”€[39m[90mâ”€[39m[90mâ”€[39m[90mâ”€[39m[90mâ”€[39m[90mâ”€[39m[90mâ”€[39m[90mâ”€[39m[90mâ”€[39m[90mâ”€[39m[90mâ”€[39m[90mâ”€[39m[90mâ”€[39m[90mâ”€[39m[90mâ”€[39m[90mâ”€[39m[90mâ”€[39m[90mâ”€[39m[90mâ”€[39m[90mâ”€[39m[90mâ”€[39m[90mâ”€[39m[90mâ”€[39m[90mâ”€[39m[90mâ”€[39m[90mâ”€[39m[90mâ”€[39m[90mâ”€[39m[90mâ”€[39m[90mâ”€[39m[90mâ”€[39m[90mâ”€[39m[90mâ”€[39m[90mâ”€[39m[90mâ”€[39m[90mâ”€[39m[90mâ”€[39m[90mâ”€[39m[90mâ”€[39m[90mâ”€[39m[90mâ”€[39m[90mâ”€[39m[90mâ”€[39m[90mâ”€[39m[90mâ”€[39m[90mâ”€[39m[90mâ”€[39m[90mâ”€[39m[90mâ”€[39m[90mâ”€[39m[90mâ”€[39m[90mâ”€[39m[90mâ”€[39m[90mâ”€[39m[90mâ”€[39m[90mâ”€[39m[90mâ”€[39m[90mâ”€[39m[90mâ”€[39m[90mâ”€[39m[90mâ”€[39m[90mâ”€[39m[90mâ”€[39m[90mâ”€[39m[90mâ”€[39m[90mâ”€[39m[90mâ”€[39m[90mâ”€[39m[90mâ”€[39m[90mâ”€[39m[90mâ”€[39m[90mâ”€[39m[90mâ”€[39m
Admin UI E2E (3, chrome)	Run Cypress	2025-02-20T15:34:41.3062471Z                                                                                                     
Admin UI E2E (3, chrome)	Run Cypress	2025-02-20T15:34:41.3063263Z   Running:  [90mgroup_test.spec.ts[39m                                                              [90m(1 of 8)[39m
Admin UI E2E (3, chrome)	Run Cypress	2025-02-20T15:34:48.8616341Z 
Admin UI E2E (3, chrome)	Run Cypress	2025-02-20T15:34:48.8617252Z [0m[0m
Admin UI E2E (3, chrome)	Run Cypress	2025-02-20T15:34:48.8647583Z [0m  Group test[0m
Admin UI E2E (3, chrome)	Run Cypress	2025-02-20T15:34:50.1598847Z [0m    List[0m
Admin UI E2E (3, chrome)	Run Cypress	2025-02-20T15:35:00.1479470Z     [32m  âœ“[0m[90m Create group from empty option[0m[90m (11232ms)[0m
Admin UI E2E (3, chrome)	Run Cypress	2025-02-20T15:35:04.8409266Z     [32m  âœ“[0m[90m Create group from search bar[0m[90m (4613ms)[0m
Admin UI E2E (3, chrome)	Run Cypress	2025-02-20T15:35:07.7459798Z     [32m  âœ“[0m[90m Fail to create group with empty name[0m[90m (2862ms)[0m
Admin UI E2E (3, chrome)	Run Cypress	2025-02-20T15:35:14.3295087Z     [32m  âœ“[0m[90m Fail to create group with duplicated name[0m[90m (6449ms)[0m
Admin UI E2E (3, chrome)	Run Cypress	2025-02-20T15:35:17.3276871Z     [32m  âœ“[0m[90m Empty search[0m[90m (2883ms)[0m
Admin UI E2E (3, chrome)	Run Cypress	2025-02-20T15:35:20.2180746Z     [32m  âœ“[0m[90m Search group that exists[0m[90m (2846ms)[0m
Admin UI E2E (3, chrome)	Run Cypress	2025-02-20T15:35:22.9008508Z     [32m  âœ“[0m[90m Search group that does not exists[0m[90m (2585ms)[0m
Admin UI E2E (3, chrome)	Run Cypress	2025-02-20T15:35:25.3497248Z     [32m  âœ“[0m[90m Duplicate group from item bar[0m[90m (2408ms)[0m
Admin UI E2E (3, chrome)	Run Cypress	2025-02-20T15:35:30.3583620Z     [32m  âœ“[0m[90m Delete group from item bar[0m[90m (4916ms)[0m
Admin UI E2E (3, chrome)	Run Cypress	2025-02-20T15:35:34.0500459Z     [32m  âœ“[0m[90m Delete group from search bar[0m[90m (3574ms)[0m
Admin UI E2E (3, chrome)	Run Cypress	2025-02-20T15:35:39.0404318Z     [32m  âœ“[0m[90m Delete groups from search bar[0m[90m (4874ms)[0m
Admin UI E2E (3, chrome)	Run Cypress	2025-02-20T15:35:39.0576597Z [0m    Search group under current group[0m
Admin UI E2E (3, chrome)	Run Cypress	2025-02-20T15:35:41.8019397Z     [32m  âœ“[0m[90m Search child group in group[0m[90m (2719ms)[0m
Admin UI E2E (3, chrome)	Run Cypress	2025-02-20T15:35:44.9880837Z     [32m  âœ“[0m[90m Search non existing child group in group[0m[90m (3111ms)[0m
Admin UI E2E (3, chrome)	Run Cypress	2025-02-20T15:35:47.5908823Z     [32m  âœ“[0m[90m Empty search in group[0m[90m (2524ms)[0m
Admin UI E2E (3, chrome)	Run Cypress	2025-02-20T15:35:47.6081414Z [0m    Group Actions[0m
Admin UI E2E (3, chrome)	Run Cypress	2025-02-20T15:35:50.7433501Z     [32m  âœ“[0m[90m Rename group[0m[90m (3091ms)[0m
Admin UI E2E (3, chrome)	Run Cypress	2025-02-20T15:35:52.9535774Z     [32m  âœ“[0m[90m Delete group from group details[0m[90m (2145ms)[0m
Admin UI E2E (3, chrome)	Run Cypress	2025-02-20T15:35:52.9784950Z [0m      Search globally[0m
Admin UI E2E (3, chrome)	Run Cypress	2025-02-20T15:35:55.7557004Z       [32m  âœ“[0m[90m Navigate to parent group details[0m[90m (2517ms)[0m
Admin UI E2E (3, chrome)	Run Cypress	2025-02-20T15:35:55.7798210Z [0m    Child Groups[0m
Admin UI E2E (3, chrome)	Run Cypress	2025-02-20T15:35:57.8583250Z     [32m  âœ“[0m[90m Check empty state[0m[90m (2050ms)[0m
Admin UI E2E (3, chrome)	Run Cypress	2025-02-20T15:36:00.0867060Z     [32m  âœ“[0m[90m Create group from empty state[0m[90m (2205ms)[0m
Admin UI E2E (3, chrome)	Run Cypress	2025-02-20T15:36:02.3821612Z     [32m  âœ“[0m[90m Create group from search bar[0m[90m (2278ms)[0m
Admin UI E2E (3, chrome)	Run Cypress	2025-02-20T15:36:04.5818944Z     [32m  âœ“[0m[90m Fail to create group with empty name[0m[90m (2160ms)[0m
Admin UI E2E (3, chrome)	Run Cypress	2025-02-20T15:36:07.3166286Z     [32m  âœ“[0m[90m Fail to create group with duplicated name[0m[90m (2711ms)[0m
Admin UI E2E (3, chrome)	Run Cypress	2025-02-20T15:36:10.8208090Z     [32m  âœ“[0m[90m Move group from item bar[0m[90m (3370ms)[0m
Admin UI E2E (3, chrome)	Run Cypress	2025-02-20T15:36:13.9051163Z     [32m  âœ“[0m[90m Search group[0m[90m (2988ms)[0m
Admin UI E2E (3, chrome)	Run Cypress	2025-02-20T15:36:15.9930481Z     [32m  âœ“[0m[90m Show child group in groups[0m[90m (2022ms)[0m
Admin UI E2E (3, chrome)	Run Cypress	2025-02-20T15:36:18.3134227Z     [32m  âœ“[0m[90m Delete group from search bar[0m[90m (2282ms)[0m
Admin UI E2E (3, chrome)	Run Cypress	2025-02-20T15:36:21.2673899Z     [32m  âœ“[0m[90m Delete group from item bar[0m[90m (2706ms)[0m
Admin UI E2E (3, chrome)	Run Cypress	2025-02-20T15:36:21.2811085Z [0m    Members[0m
Admin UI E2E (3, chrome)	Run Cypress	2025-02-20T15:36:24.3057382Z     [32m  âœ“[0m[90m Add member from search bar[0m[90m (2993ms)[0m
Admin UI E2E (3, chrome)	Run Cypress	2025-02-20T15:36:26.9470755Z     [32m  âœ“[0m[90m Show members with sub-group users[0m[90m (2617ms)[0m
Admin UI E2E (3, chrome)	Run Cypress	2025-02-20T15:36:29.6081790Z     [32m  âœ“[0m[90m Add member from empty state[0m[90m (2632ms)[0m
Admin UI E2E (3, chrome)	Run Cypress	2025-02-20T15:36:33.1217281Z     [32m  âœ“[0m[90m Leave group from search bar[0m[90m (3437ms)[0m
Admin UI E2E (3, chrome)	Run Cypress	2025-02-20T15:36:35.7040895Z     [32m  âœ“[0m[90m Leave group from item bar[0m[90m (2537ms)[0m
Admin UI E2E (3, chrome)	Run Cypress	2025-02-20T15:36:39.1677316Z     [32m  âœ“[0m[90m Show memberships from item bar[0m[90m (3188ms)[0m
Admin UI E2E (3, chrome)	Run Cypress	2025-02-20T15:36:39.1811159Z [0m    Breadcrumbs[0m
Admin UI E2E (3, chrome)	Run Cypress	2025-02-20T15:36:44.0446891Z     [32m  âœ“[0m[90m Navigate to parent group[0m[90m (4801ms)[0m
Admin UI E2E (3, chrome)	Run Cypress	2025-02-20T15:36:44.0625016Z [0m    Attributes[0m
Admin UI E2E (3, chrome)	Run Cypress	2025-02-20T15:36:47.6033641Z     [32m  âœ“[0m[90m Add attribute[0m[90m (3503ms)[0m
Admin UI E2E (3, chrome)	Run Cypress	2025-02-20T15:36:50.1446599Z     [32m  âœ“[0m[90m Remove attribute[0m[90m (2492ms)[0m
Admin UI E2E (3, chrome)	Run Cypress	2025-02-20T15:36:54.6735568Z     [32m  âœ“[0m[90m Revert changes[0m[90m (4471ms)[0m
Admin UI E2E (3, chrome)	Run Cypress	2025-02-20T15:36:54.6908965Z [0m    'Move to' function[0m
Admin UI E2E (3, chrome)	Run Cypress	2025-02-20T15:36:57.0064837Z     [32m  âœ“[0m[90m Move group to other group[0m[90m (2275ms)[0m
Admin UI E2E (3, chrome)	Run Cypress	2025-02-20T15:36:59.3415594Z     [32m  âœ“[0m[90m Move group to root[0m[90m (2287ms)[0m
Admin UI E2E (3, chrome)	Run Cypress	2025-02-20T15:36:59.3566848Z [0m    Role mappings[0m
Admin UI E2E (3, chrome)	Run Cypress	2025-02-20T15:37:01.2880999Z     [32m  âœ“[0m[90m Check empty state[0m[90m (1916ms)[0m
Admin UI E2E (3, chrome)	Run Cypress	2025-02-20T15:37:03.6590116Z     [32m  âœ“[0m[90m Assign roles from empty state[0m[90m (2337ms)[0m
Admin UI E2E (3, chrome)	Run Cypress	2025-02-20T15:37:05.5569466Z     [32m  âœ“[0m[90m Show and search roles[0m[90m (1869ms)[0m
Admin UI E2E (3, chrome)	Run Cypress	2025-02-20T15:37:07.5622958Z     [32m  âœ“[0m[90m Check hide inherited roles option[0m[90m (1974ms)[0m
Admin UI E2E (3, chrome)	Run Cypress	2025-02-20T15:37:09.7481204Z     [32m  âœ“[0m[90m Remove roles[0m[90m (2154ms)[0m
Admin UI E2E (3, chrome)	Run Cypress	2025-02-20T15:37:09.7665013Z [0m    Permissions[0m
Admin UI E2E (3, chrome)	Run Cypress	2025-02-20T15:37:11.9918138Z     [32m  âœ“[0m[90m enable/disable permissions[0m[90m (2204ms)[0m
Admin UI E2E (3, chrome)	Run Cypress	2025-02-20T15:37:12.0138441Z [0m    Accessibility tests for groups[0m
Admin UI E2E (3, chrome)	Run Cypress	2025-02-20T15:37:17.0711653Z     [32m  âœ“[0m[90m Check a11y violations on load/ groups[0m[90m (4407ms)[0m
Admin UI E2E (3, chrome)	Run Cypress	2025-02-20T15:37:17.0715223Z 
Admin UI E2E (3, chrome)	Run Cypress	2025-02-20T15:37:17.1093008Z 
Admin UI E2E (3, chrome)	Run Cypress	2025-02-20T15:37:17.1096892Z [92m [0m[32m 46 passing[0m[90m (2m)[0m
Admin UI E2E (3, chrome)	Run Cypress	2025-02-20T15:37:17.1098526Z 
Admin UI E2E (3, chrome)	Run Cypress	2025-02-20T15:37:18.1519893Z 
Admin UI E2E (3, chrome)	Run Cypress	2025-02-20T15:37:18.1521222Z [32m  ([4m[1mResults[22m[24m)[39m
Admin UI E2E (3, chrome)	Run Cypress	2025-02-20T15:37:18.1525287Z 
Admin UI E2E (3, chrome)	Run Cypress	2025-02-20T15:37:18.1542945Z [90m  â”Œ[39m[90mâ”€[39m[90mâ”€[39m[90mâ”€[39m[90mâ”€[39m[90mâ”€[39m[90mâ”€[39m[90mâ”€[39m[90mâ”€[39m[90mâ”€[39m[90mâ”€[39m[90mâ”€[39m[90mâ”€[39m[90mâ”€[39m[90mâ”€[39m[90mâ”€[39m[90mâ”€[39m[90mâ”€[39m[90mâ”€[39m[90mâ”€[39m[90mâ”€[39m[90mâ”€[39m[90mâ”€[39m[90mâ”€[39m[90mâ”€[39m[90mâ”€[39m[90mâ”€[39m[90mâ”€[39m[90mâ”€[39m[90mâ”€[39m[90mâ”€[39m[90mâ”€[39m[90mâ”€[39m[90mâ”€[39m[90mâ”€[39m[90mâ”€[39m[90mâ”€[39m[90mâ”€[39m[90mâ”€[39m[90mâ”€[39m[90mâ”€[39m[90mâ”€[39m[90mâ”€[39m[90mâ”€[39m[90mâ”€[39m[90mâ”€[39m[90mâ”€[39m[90mâ”€[39m[90mâ”€[39m[90mâ”€[39m[90mâ”€[39m[90mâ”€[39m[90mâ”€[39m[90mâ”€[39m[90mâ”€[39m[90mâ”€[39m[90mâ”€[39m[90mâ”€[39m[90mâ”€[39m[90mâ”€[39m[90mâ”€[39m[90mâ”€[39m[90mâ”€[39m[90mâ”€[39m[90mâ”€[39m[90mâ”€[39m[90mâ”€[39m[90mâ”€[39m[90mâ”€[39m[90mâ”€[39m[90mâ”€[39m[90mâ”€[39m[90mâ”€[39m[90mâ”€[39m[90mâ”€[39m[90mâ”€[39m[90mâ”€[39m[90mâ”€[39m[90mâ”€[39m[90mâ”€[39m[90mâ”€[39m[90mâ”€[39m[90mâ”€[39m[90mâ”€[39m[90mâ”€[39m[90mâ”€[39m[90mâ”€[39m[90mâ”€[39m[90mâ”€[39m[90mâ”€[39m[90mâ”€[39m[90mâ”€[39m[90mâ”€[39m[90mâ”€[39m[90mâ”€[39m[90mâ”€[39m[90mâ”€[39m[90mâ”[39m
Admin UI E2E (3, chrome)	Run Cypress	2025-02-20T15:37:18.1549128Z [90m  â”‚[39m [90mTests:[39m        [32m46[39m                                                                               [90mâ”‚[39m
Admin UI E2E (3, chrome)	Run Cypress	2025-02-20T15:37:18.1550322Z [90m  â”‚[39m [90mPassing:[39m      [32m46[39m                                                                               [90mâ”‚[39m
Admin UI E2E (3, chrome)	Run Cypress	2025-02-20T15:37:18.1551480Z [90m  â”‚[39m [90mFailing:[39m      [32m0[39m                                                                                [90mâ”‚[39m
Admin UI E2E (3, chrome)	Run Cypress	2025-02-20T15:37:18.1552684Z [90m  â”‚[39m [90mPending:[39m      [32m0[39m                                                                                [90mâ”‚[39m
Admin UI E2E (3, chrome)	Run Cypress	2025-02-20T15:37:18.1553939Z [90m  â”‚[39m [90mSkipped:[39m      [32m0[39m                                                                                [90mâ”‚[39m
Admin UI E2E (3, chrome)	Run Cypress	2025-02-20T15:37:18.1555250Z [90m  â”‚[39m [90mScreenshots:[39m  [32m0[39m                                                                                [90mâ”‚[39m
Admin UI E2E (3, chrome)	Run Cypress	2025-02-20T15:37:18.1556663Z [90m  â”‚[39m [90mVideo:[39m        [32mfalse[39m                                                                            [90mâ”‚[39m
Admin UI E2E (3, chrome)	Run Cypress	2025-02-20T15:37:18.1557973Z [90m  â”‚[39m [90mDuration:[39m     [32m2 minutes, 28 seconds[39m                                                            [90mâ”‚[39m
Admin UI E2E (3, chrome)	Run Cypress	2025-02-20T15:37:18.1559291Z [90m  â”‚[39m [90mSpec Ran:[39m     [32m[32mgroup_test.spec.ts[32m[39m                                                               [90mâ”‚[39m
Admin UI E2E (3, chrome)	Run Cypress	2025-02-20T15:37:18.1566374Z [90m  â””[39m[90mâ”€[39m[90mâ”€[39m[90mâ”€[39m[90mâ”€[39m[90mâ”€[39m[90mâ”€[39m[90mâ”€[39m[90mâ”€[39m[90mâ”€[39m[90mâ”€[39m[90mâ”€[39m[90mâ”€[39m[90mâ”€[39m[90mâ”€[39m[90mâ”€[39m[90mâ”€[39m[90mâ”€[39m[90mâ”€[39m[90mâ”€[39m[90mâ”€[39m[90mâ”€[39m[90mâ”€[39m[90mâ”€[39m[90mâ”€[39m[90mâ”€[39m[90mâ”€[39m[90mâ”€[39m[90mâ”€[39m[90mâ”€[39m[90mâ”€[39m[90mâ”€[39m[90mâ”€[39m[90mâ”€[39m[90mâ”€[39m[90mâ”€[39m[90mâ”€[39m[90mâ”€[39m[90mâ”€[39m[90mâ”€[39m[90mâ”€[39m[90mâ”€[39m[90mâ”€[39m[90mâ”€[39m[90mâ”€[39m[90mâ”€[39m[90mâ”€[39m[90mâ”€[39m[90mâ”€[39m[90mâ”€[39m[90mâ”€[39m[90mâ”€[39m[90mâ”€[39m[90mâ”€[39m[90mâ”€[39m[90mâ”€[39m[90mâ”€[39m[90mâ”€[39m[90mâ”€[39m[90mâ”€[39m[90mâ”€[39m[90mâ”€[39m[90mâ”€[39m[90mâ”€[39m[90mâ”€[39m[90mâ”€[39m[90mâ”€[39m[90mâ”€[39m[90mâ”€[39m[90mâ”€[39m[90mâ”€[39m[90mâ”€[39m[90mâ”€[39m[90mâ”€[39m[90mâ”€[39m[90mâ”€[39m[90mâ”€[39m[90mâ”€[39m[90mâ”€[39m[90mâ”€[39m[90mâ”€[39m[90mâ”€[39m[90mâ”€[39m[90mâ”€[39m[90mâ”€[39m[90mâ”€[39m[90mâ”€[39m[90mâ”€[39m[90mâ”€[39m[90mâ”€[39m[90mâ”€[39m[90mâ”€[39m[90mâ”€[39m[90mâ”€[39m[90mâ”€[39m[90mâ”€[39m[90mâ”€[39m[90mâ”˜[39m
Admin UI E2E (3, chrome)	Run Cypress	2025-02-20T15:37:18.1571308Z 
Admin UI E2E (3, chrome)	Run Cypress	2025-02-20T15:37:18.1892328Z 
Admin UI E2E (3, chrome)	Run Cypress	2025-02-20T15:37:18.1905868Z [90mâ”€[39m[90mâ”€[39m[90mâ”€[39m[90mâ”€[39m[90mâ”€[39m[90mâ”€[39m[90mâ”€[39m[90mâ”€[39m[90mâ”€[39m[90mâ”€[39m[90mâ”€[39m[90mâ”€[39m[90mâ”€[39m[90mâ”€[39m[90mâ”€[39m[90mâ”€[39m[90mâ”€[39m[90mâ”€[39m[90mâ”€[39m[90mâ”€[39m[90mâ”€[39m[90mâ”€[39m[90mâ”€[39m[90mâ”€[39m[90mâ”€[39m[90mâ”€[39m[90mâ”€[39m[90mâ”€[39m[90mâ”€[39m[90mâ”€[39m[90mâ”€[39m[90mâ”€[39m[90mâ”€[39m[90mâ”€[39m[90mâ”€[39m[90mâ”€[39m[90mâ”€[39m[90mâ”€[39m[90mâ”€[39m[90mâ”€[39m[90mâ”€[39m[90mâ”€[39m[90mâ”€[39m[90mâ”€[39m[90mâ”€[39m[90mâ”€[39m[90mâ”€[39m[90mâ”€[39m[90mâ”€[39m[90mâ”€[39m[90mâ”€[39m[90mâ”€[39m[90mâ”€[39m[90mâ”€[39m[90mâ”€[39m[90mâ”€[39m[90mâ”€[39m[90mâ”€[39m[90mâ”€[39m[90mâ”€[39m[90mâ”€[39m[90mâ”€[39m[90mâ”€[39m[90mâ”€[39m[90mâ”€[39m[90mâ”€[39m[90mâ”€[39m[90mâ”€[39m[90mâ”€[39m[90mâ”€[39m[90mâ”€[39m[90mâ”€[39m[90mâ”€[39m[90mâ”€[39m[90mâ”€[39m[90mâ”€[39m[90mâ”€[39m[90mâ”€[39m[90mâ”€[39m[90mâ”€[39m[90mâ”€[39m[90mâ”€[39m[90mâ”€[39m[90mâ”€[39m[90mâ”€[39m[90mâ”€[39m[90mâ”€[39m[90mâ”€[39m[90mâ”€[39m[90mâ”€[39m[90mâ”€[39m[90mâ”€[39m[90mâ”€[39m[90mâ”€[39m[90mâ”€[39m[90mâ”€[39m[90mâ”€[39m[90mâ”€[39m[90mâ”€[39m[90mâ”€[39m
Admin UI E2E (3, chrome)	Run Cypress	2025-02-20T15:37:18.1908264Z                                                                                                     
Admin UI E2E (3, chrome)	Run Cypress	2025-02-20T15:37:18.1908881Z   Running:  [90msessions_test.spec.ts[39m                                                           [90m(2 of 8)[39m
Admin UI E2E (3, chrome)	Run Cypress	2025-02-20T15:37:22.1092015Z 
Admin UI E2E (3, chrome)	Run Cypress	2025-02-20T15:37:22.1093356Z [0m[0m
Admin UI E2E (3, chrome)	Run Cypress	2025-02-20T15:37:22.1124333Z [0m  Sessions test[0m
Admin UI E2E (3, chrome)	Run Cypress	2025-02-20T15:37:22.1124978Z [0m    Sessions list view[0m
Admin UI E2E (3, chrome)	Run Cypress	2025-02-20T15:37:26.9547706Z     [32m  âœ“[0m[90m check item values[0m[90m (4813ms)[0m
Admin UI E2E (3, chrome)	Run Cypress	2025-02-20T15:37:29.1757252Z     [32m  âœ“[0m[90m go to item accessed clients link[0m[90m (2159ms)[0m
Admin UI E2E (3, chrome)	Run Cypress	2025-02-20T15:37:29.1925749Z [0m    Offline sessions[0m
Admin UI E2E (3, chrome)	Run Cypress	2025-02-20T15:37:33.2118851Z     [32m  âœ“[0m[90m check offline token[0m[90m (3743ms)[0m
Admin UI E2E (3, chrome)	Run Cypress	2025-02-20T15:37:33.2366625Z [0m    Search[0m
Admin UI E2E (3, chrome)	Run Cypress	2025-02-20T15:37:35.2758180Z     [32m  âœ“[0m[90m search existing session[0m[90m (2016ms)[0m
Admin UI E2E (3, chrome)	Run Cypress	2025-02-20T15:37:37.4840475Z     [32m  âœ“[0m[90m search non-existant session[0m[90m (2171ms)[0m
Admin UI E2E (3, chrome)	Run Cypress	2025-02-20T15:37:37.4998453Z [0m    revocation[0m
Admin UI E2E (3, chrome)	Run Cypress	2025-02-20T15:37:37.5111789Z     [36m  - Clear revocation notBefore[0m
Admin UI E2E (3, chrome)	Run Cypress	2025-02-20T15:37:37.5139948Z     [36m  - Check if notBefore cleared[0m
Admin UI E2E (3, chrome)	Run Cypress	2025-02-20T15:37:37.5143984Z     [36m  - Set revocation notBefore[0m
Admin UI E2E (3, chrome)	Run Cypress	2025-02-20T15:37:37.5157102Z     [36m  - Check if notBefore saved[0m
Admin UI E2E (3, chrome)	Run Cypress	2025-02-20T15:37:37.5157723Z     [36m  - Push when URI not configured[0m
Admin UI E2E (3, chrome)	Run Cypress	2025-02-20T15:37:37.5259666Z [0m    Accessibility tests for sessions[0m
Admin UI E2E (3, chrome)	Run Cypress	2025-02-20T15:37:41.2623771Z     [32m  âœ“[0m[90m Check a11y violations on load/ sessions[0m[90m (3731ms)[0m
Admin UI E2E (3, chrome)	Run Cypress	2025-02-20T15:37:45.3733815Z     [32m  âœ“[0m[90m Check a11y violations on revocation dialog[0m[90m (4088ms)[0m
Admin UI E2E (3, chrome)	Run Cypress	2025-02-20T15:37:49.2015878Z     [32m  âœ“[0m[90m Check a11y violations on sign out all active sessions dialog[0m[90m (3791ms)[0m
Admin UI E2E (3, chrome)	Run Cypress	2025-02-20T15:37:49.2016562Z 
Admin UI E2E (3, chrome)	Run Cypress	2025-02-20T15:37:49.2182813Z 
Admin UI E2E (3, chrome)	Run Cypress	2025-02-20T15:37:49.2184541Z [92m [0m[32m 8 passing[0m[90m (27s)[0m
Admin UI E2E (3, chrome)	Run Cypress	2025-02-20T15:37:49.2186342Z [36m [0m[36m 5 pending[0m
Admin UI E2E (3, chrome)	Run Cypress	2025-02-20T15:37:49.2187103Z 
Admin UI E2E (3, chrome)	Run Cypress	2025-02-20T15:37:50.2443135Z 
Admin UI E2E (3, chrome)	Run Cypress	2025-02-20T15:37:50.2444422Z [32m  ([4m[1mResults[22m[24m)[39m
Admin UI E2E (3, chrome)	Run Cypress	2025-02-20T15:37:50.2448220Z 
Admin UI E2E (3, chrome)	Run Cypress	2025-02-20T15:37:50.2461513Z [90m  â”Œ[39m[90mâ”€[39m[90mâ”€[39m[90mâ”€[39m[90mâ”€[39m[90mâ”€[39m[90mâ”€[39m[90mâ”€[39m[90mâ”€[39m[90mâ”€[39m[90mâ”€[39m[90mâ”€[39m[90mâ”€[39m[90mâ”€[39m[90mâ”€[39m[90mâ”€[39m[90mâ”€[39m[90mâ”€[39m[90mâ”€[39m[90mâ”€[39m[90mâ”€[39m[90mâ”€[39m[90mâ”€[39m[90mâ”€[39m[90mâ”€[39m[90mâ”€[39m[90mâ”€[39m[90mâ”€[39m[90mâ”€[39m[90mâ”€[39m[90mâ”€[39m[90mâ”€[39m[90mâ”€[39m[90mâ”€[39m[90mâ”€[39m[90mâ”€[39m[90mâ”€[39m[90mâ”€[39m[90mâ”€[39m[90mâ”€[39m[90mâ”€[39m[90mâ”€[39m[90mâ”€[39m[90mâ”€[39m[90mâ”€[39m[90mâ”€[39m[90mâ”€[39m[90mâ”€[39m[90mâ”€[39m[90mâ”€[39m[90mâ”€[39m[90mâ”€[39m[90mâ”€[39m[90mâ”€[39m[90mâ”€[39m[90mâ”€[39m[90mâ”€[39m[90mâ”€[39m[90mâ”€[39m[90mâ”€[39m[90mâ”€[39m[90mâ”€[39m[90mâ”€[39m[90mâ”€[39m[90mâ”€[39m[90mâ”€[39m[90mâ”€[39m[90mâ”€[39m[90mâ”€[39m[90mâ”€[39m[90mâ”€[39m[90mâ”€[39m[90mâ”€[39m[90mâ”€[39m[90mâ”€[39m[90mâ”€[39m[90mâ”€[39m[90mâ”€[39m[90mâ”€[39m[90mâ”€[39m[90mâ”€[39m[90mâ”€[39m[90mâ”€[39m[90mâ”€[39m[90mâ”€[39m[90mâ”€[39m[90mâ”€[39m[90mâ”€[39m[90mâ”€[39m[90mâ”€[39m[90mâ”€[39m[90mâ”€[39m[90mâ”€[39m[90mâ”€[39m[90mâ”€[39m[90mâ”€[39m[90mâ”€[39m[90mâ”[39m
Admin UI E2E (3, chrome)	Run Cypress	2025-02-20T15:37:50.2466689Z [90m  â”‚[39m [90mTests:[39m        [32m13[39m                                                                               [90mâ”‚[39m
Admin UI E2E (3, chrome)	Run Cypress	2025-02-20T15:37:50.2467902Z [90m  â”‚[39m [90mPassing:[39m      [32m8[39m                                                                                [90mâ”‚[39m
Admin UI E2E (3, chrome)	Run Cypress	2025-02-20T15:37:50.2469044Z [90m  â”‚[39m [90mFailing:[39m      [32m0[39m                                                                                [90mâ”‚[39m
Admin UI E2E (3, chrome)	Run Cypress	2025-02-20T15:37:50.2470323Z [90m  â”‚[39m [90mPending:[39m      [32m5[39m                                                                                [90mâ”‚[39m
Admin UI E2E (3, chrome)	Run Cypress	2025-02-20T15:37:50.2471523Z [90m  â”‚[39m [90mSkipped:[39m      [32m0[39m                                                                                [90mâ”‚[39m
Admin UI E2E (3, chrome)	Run Cypress	2025-02-20T15:37:50.2472803Z [90m  â”‚[39m [90mScreenshots:[39m  [32m0[39m                                                                                [90mâ”‚[39m
Admin UI E2E (3, chrome)	Run Cypress	2025-02-20T15:37:50.2474094Z [90m  â”‚[39m [90mVideo:[39m        [32mfalse[39m                                                                            [90mâ”‚[39m
Admin UI E2E (3, chrome)	Run Cypress	2025-02-20T15:37:50.2475562Z [90m  â”‚[39m [90mDuration:[39m     [32m27 seconds[39m                                                                       [90mâ”‚[39m
Admin UI E2E (3, chrome)	Run Cypress	2025-02-20T15:37:50.2476975Z [90m  â”‚[39m [90mSpec Ran:[39m     [32m[32msessions_test.spec.ts[32m[39m                                                            [90mâ”‚[39m
Admin UI E2E (3, chrome)	Run Cypress	2025-02-20T15:37:50.2483822Z [90m  â””[39m[90mâ”€[39m[90mâ”€[39m[90mâ”€[39m[90mâ”€[39m[90mâ”€[39m[90mâ”€[39m[90mâ”€[39m[90mâ”€[39m[90mâ”€[39m[90mâ”€[39m[90mâ”€[39m[90mâ”€[39m[90mâ”€[39m[90mâ”€[39m[90mâ”€[39m[90mâ”€[39m[90mâ”€[39m[90mâ”€[39m[90mâ”€[39m[90mâ”€[39m[90mâ”€[39m[90mâ”€[39m[90mâ”€[39m[90mâ”€[39m[90mâ”€[39m[90mâ”€[39m[90mâ”€[39m[90mâ”€[39m[90mâ”€[39m[90mâ”€[39m[90mâ”€[39m[90mâ”€[39m[90mâ”€[39m[90mâ”€[39m[90mâ”€[39m[90mâ”€[39m[90mâ”€[39m[90mâ”€[39m[90mâ”€[39m[90mâ”€[39m[90mâ”€[39m[90mâ”€[39m[90mâ”€[39m[90mâ”€[39m[90mâ”€[39m[90mâ”€[39m[90mâ”€[39m[90mâ”€[39m[90mâ”€[39m[90mâ”€[39m[90mâ”€[39m[90mâ”€[39m[90mâ”€[39m[90mâ”€[39m[90mâ”€[39m[90mâ”€[39m[90mâ”€[39m[90mâ”€[39m[90mâ”€[39m[90mâ”€[39m[90mâ”€[39m[90mâ”€[39m[90mâ”€[39m[90mâ”€[39m[90mâ”€[39m[90mâ”€[39m[90mâ”€[39m[90mâ”€[39m[90mâ”€[39m[90mâ”€[39m[90mâ”€[39m[90mâ”€[39m[90mâ”€[39m[90mâ”€[39m[90mâ”€[39m[90mâ”€[39m[90mâ”€[39m[90mâ”€[39m[90mâ”€[39m[90mâ”€[39m[90mâ”€[39m[90mâ”€[39m[90mâ”€[39m[90mâ”€[39m[90mâ”€[39m[90mâ”€[39m[90mâ”€[39m[90mâ”€[39m[90mâ”€[39m[90mâ”€[39m[90mâ”€[39m[90mâ”€[39m[90mâ”€[39m[90mâ”€[39m[90mâ”€[39m[90mâ”€[39m[90mâ”˜[39m
Admin UI E2E (3, chrome)	Run Cypress	2025-02-20T15:37:50.2487804Z 
Admin UI E2E (3, chrome)	Run Cypress	2025-02-20T15:37:50.2801281Z 
Admin UI E2E (3, chrome)	Run Cypress	2025-02-20T15:37:50.2809964Z [90mâ”€[39m[90mâ”€[39m[90mâ”€[39m[90mâ”€[39m[90mâ”€[39m[90mâ”€[39m[90mâ”€[39m[90mâ”€[39m[90mâ”€[39m[90mâ”€[39m[90mâ”€[39m[90mâ”€[39m[90mâ”€[39m[90mâ”€[39m[90mâ”€[39m[90mâ”€[39m[90mâ”€[39m[90mâ”€[39m[90mâ”€[39m[90mâ”€[39m[90mâ”€[39m[90mâ”€[39m[90mâ”€[39m[90mâ”€[39m[90mâ”€[39m[90mâ”€[39m[90mâ”€[39m[90mâ”€[39m[90mâ”€[39m[90mâ”€[39m[90mâ”€[39m[90mâ”€[39m[90mâ”€[39m[90mâ”€[39m[90mâ”€[39m[90mâ”€[39m[90mâ”€[39m[90mâ”€[39m[90mâ”€[39m[90mâ”€[39m[90mâ”€[39m[90mâ”€[39m[90mâ”€[39m[90mâ”€[39m[90mâ”€[39m[90mâ”€[39m[90mâ”€[39m[90mâ”€[39m[90mâ”€[39m[90mâ”€[39m[90mâ”€[39m[90mâ”€[39m[90mâ”€[39m[90mâ”€[39m[90mâ”€[39m[90mâ”€[39m[90mâ”€[39m[90mâ”€[39m[90mâ”€[39m[90mâ”€[39m[90mâ”€[39m[90mâ”€[39m[90mâ”€[39m[90mâ”€[39m[90mâ”€[39m[90mâ”€[39m[90mâ”€[39m[90mâ”€[39m[90mâ”€[39m[90mâ”€[39m[90mâ”€[39m[90mâ”€[39m[90mâ”€[39m[90mâ”€[39m[90mâ”€[39m[90mâ”€[39m[90mâ”€[39m[90mâ”€[39m[90mâ”€[39m[90mâ”€[39m[90mâ”€[39m[90mâ”€[39m[90mâ”€[39m[90mâ”€[39m[90mâ”€[39m[90mâ”€[39m[90mâ”€[39m[90mâ”€[39m[90mâ”€[39m[90mâ”€[39m[90mâ”€[39m[90mâ”€[39m[90mâ”€[39m[90mâ”€[39m[90mâ”€[39m[90mâ”€[39m[90mâ”€[39m[90mâ”€[39m[90mâ”€[39m[90mâ”€[39m
Admin UI E2E (3, chrome)	Run Cypress	2025-02-20T15:37:50.2812840Z                                                                                                     
Admin UI E2E (3, chrome)	Run Cypress	2025-02-20T15:37:50.2813434Z   Running:  [90mclients_test.spec.ts[39m                                                            [90m(3 of 8)[39m
Admin UI E2E (3, chrome)	Run Cypress	2025-02-20T15:37:54.5621057Z 
Admin UI E2E (3, chrome)	Run Cypress	2025-02-20T15:37:54.5622684Z [0m[0m
Admin UI E2E (3, chrome)	Run Cypress	2025-02-20T15:37:54.5648958Z [0m  Clients test[0m
Admin UI E2E (3, chrome)	Run Cypress	2025-02-20T15:37:55.6716502Z [0m    Client creation[0m
Admin UI E2E (3, chrome)	Run Cypress	2025-02-20T15:38:00.9882500Z     [32m  âœ“[0m[90m Should cancel creating client[0m[90m (6375ms)[0m
Admin UI E2E (3, chrome)	Run Cypress	2025-02-20T15:38:08.0501983Z     [32m  âœ“[0m[90m Should check settings elements[0m[90m (6891ms)[0m
Admin UI E2E (3, chrome)	Run Cypress	2025-02-20T15:38:10.7304265Z     [32m  âœ“[0m[90m Should navigate to previous using 'back' button[0m[90m (2626ms)[0m
Admin UI E2E (3, chrome)	Run Cypress	2025-02-20T15:38:13.7787491Z     [32m  âœ“[0m[90m Should fail creating client[0m[90m (3012ms)[0m
Admin UI E2E (3, chrome)	Run Cypress	2025-02-20T15:38:21.5982051Z     [32m  âœ“[0m[90m Client CRUD test[0m[90m (7721ms)[0m
Admin UI E2E (3, chrome)	Run Cypress	2025-02-20T15:38:23.8196259Z     [32m  âœ“[0m[90m Should fail to create imported client with empty ID[0m[90m (2175ms)[0m
Admin UI E2E (3, chrome)	Run Cypress	2025-02-20T15:38:28.1636646Z     [32m  âœ“[0m[90m Should fail to create client with same ID[0m[90m (4290ms)[0m
Admin UI E2E (3, chrome)	Run Cypress	2025-02-20T15:38:30.1534570Z     [32m  âœ“[0m[90m should delete 'identical' client id[0m[90m (1959ms)[0m
Admin UI E2E (3, chrome)	Run Cypress	2025-02-20T15:38:30.1725814Z [0m    Service account tab test[0m
Admin UI E2E (3, chrome)	Run Cypress	2025-02-20T15:38:34.7556751Z     [32m  âœ“[0m[90m List[0m[90m (4567ms)[0m
Admin UI E2E (3, chrome)	Run Cypress	2025-02-20T15:39:11.9364033Z       [33m(Attempt 1 of 4)[0m Assign
Admin UI E2E (3, chrome)	Run Cypress	2025-02-20T15:39:52.6364047Z       [33m(Attempt 2 of 4)[0m Assign
Admin UI E2E (3, chrome)	Run Cypress	2025-02-20T15:40:36.9345164Z       [33m(Attempt 3 of 4)[0m Assign
Admin UI E2E (3, chrome)	Run Cypress	2025-02-20T15:41:25.5936969Z     [31m  1) Assign[0m
Admin UI E2E (3, chrome)	Run Cypress	2025-02-20T15:41:26.4119243Z [0m    Mapping tab[0m
Admin UI E2E (3, chrome)	Run Cypress	2025-02-20T15:41:33.5580379Z     [32m  âœ“[0m[90m Add mapping to openid client[0m[90m (6456ms)[0m
Admin UI E2E (3, chrome)	Run Cypress	2025-02-20T15:41:33.5766001Z [0m    Keys tab test[0m
Admin UI E2E (3, chrome)	Run Cypress	2025-02-20T15:41:40.6483861Z     [32m  âœ“[0m[90m Generate new keys[0m[90m (6708ms)[0m
Admin UI E2E (3, chrome)	Run Cypress	2025-02-20T15:41:40.6653796Z [0m    Realm client[0m
Admin UI E2E (3, chrome)	Run Cypress	2025-02-20T15:41:44.0178275Z     [32m  âœ“[0m[90m Displays the correct tabs[0m[90m (3280ms)[0m
Admin UI E2E (3, chrome)	Run Cypress	2025-02-20T15:41:47.1450798Z     [32m  âœ“[0m[90m Hides the delete action[0m[90m (3089ms)[0m
Admin UI E2E (3, chrome)	Run Cypress	2025-02-20T15:41:47.1567864Z [0m    ***
Admin UI E2E (3, chrome)	Run Cypress	2025-02-20T15:41:49.9220947Z     [32m  âœ“[0m[90m Shows an explainer text for bearer only clients[0m[90m (2744ms)[0m
Admin UI E2E (3, chrome)	Run Cypress	2025-02-20T15:41:52.7905603Z     [32m  âœ“[0m[90m Hides the capability config section[0m[90m (2701ms)[0m
Admin UI E2E (3, chrome)	Run Cypress	2025-02-20T15:41:52.8011102Z [0m    Generated home URLs for built-in clients[0m
Admin UI E2E (3, chrome)	Run Cypress	2025-02-20T15:41:55.4418250Z     [32m  âœ“[0m[90m Check account-console Home URL[0m[90m (2506ms)[0m
Admin UI E2E (3, chrome)	Run Cypress	2025-02-20T15:41:57.4775792Z     [32m  âœ“[0m[90m Check security-admin-console Home URL[0m[90m (1969ms)[0m
Admin UI E2E (3, chrome)	Run Cypress	2025-02-20T15:41:57.4910575Z [0m    Accessibility tests for clients[0m
Admin UI E2E (3, chrome)	Run Cypress	2025-02-20T15:41:59.8317421Z     [32m  âœ“[0m[90m Check a11y violations on load/ clients list tab[0m[90m (2329ms)[0m
Admin UI E2E (3, chrome)	Run Cypress	2025-02-20T15:42:03.0451866Z     [32m  âœ“[0m[90m Check a11y violations on create client page[0m[90m (3194ms)[0m
Admin UI E2E (3, chrome)	Run Cypress	2025-02-20T15:42:10.4078020Z     [32m  âœ“[0m[90m Check a11y violations on client details page[0m[90m (7337ms)[0m
Admin UI E2E (3, chrome)	Run Cypress	2025-02-20T15:42:13.3792994Z     [32m  âœ“[0m[90m Check a11y violations in delete dialog[0m[90m (2914ms)[0m
Admin UI E2E (3, chrome)	Run Cypress	2025-02-20T15:42:15.8221312Z     [32m  âœ“[0m[90m Check a11y violations on client registration/ anonymous access policies tab[0m[90m (2420ms)[0m
Admin UI E2E (3, chrome)	Run Cypress	2025-02-20T15:42:18.9380558Z     [32m  âœ“[0m[90m Check a11y violations on client registration/ authenticated access policies tab[0m[90m (2371ms)[0m
Admin UI E2E (3, chrome)	Run Cypress	2025-02-20T15:42:18.9389703Z 
Admin UI E2E (3, chrome)	Run Cypress	2025-02-20T15:42:18.9615749Z 
Admin UI E2E (3, chrome)	Run Cypress	2025-02-20T15:42:18.9616775Z [92m [0m[32m 23 passing[0m[90m (4m)[0m
Admin UI E2E (3, chrome)	Run Cypress	2025-02-20T15:42:18.9618080Z [31m  1 failing[0m
Admin UI E2E (3, chrome)	Run Cypress	2025-02-20T15:42:18.9618305Z 
Admin UI E2E (3, chrome)	Run Cypress	2025-02-20T15:42:18.9620346Z [0m  1) Clients test
Admin UI E2E (3, chrome)	Run Cypress	2025-02-20T15:42:18.9620753Z        Service account tab test
Admin UI E2E (3, chrome)	Run Cypress	2025-02-20T15:42:18.9621093Z          Assign:
Admin UI E2E (3, chrome)	Run Cypress	2025-02-20T15:42:18.9622848Z [0m[31m     AssertionError: Timed out retrying after 30000ms: expected '[ <td.pf-v5-c-table__td.pf-v5-c-table__check>, 39 more... ]' not to contain 'create-realm-2dcf0dfa-82fb-4cf4-adfa-27c96bd20493'[0m[90m
Admin UI E2E (3, chrome)	Run Cypress	2025-02-20T15:42:18.9624713Z       at Context.eval (webpack://@keycloak/keycloak-admin-ui/./cypress/support/pages/admin-ui/manage/RoleMappingTab.ts:91:0)
Admin UI E2E (3, chrome)	Run Cypress	2025-02-20T15:42:18.9626108Z       at <unknown> (http://localhost:8080/__cypress/runner/cypress_runner.js:117742:17)
Admin UI E2E (3, chrome)	Run Cypress	2025-02-20T15:42:18.9627076Z       at tryCatcher (http://localhost:8080/__cypress/runner/cypress_runner.js:1777:23)
Admin UI E2E (3, chrome)	Run Cypress	2025-02-20T15:42:18.9628146Z       at Promise.attempt.Promise.try (http://localhost:8080/__cypress/runner/cypress_runner.js:4285:29)
Admin UI E2E (3, chrome)	Run Cypress	2025-02-20T15:42:18.9629353Z       at Context.shouldFnWithCallback (http://localhost:8080/__cypress/runner/cypress_runner.js:117739:66)
Admin UI E2E (3, chrome)	Run Cypress	2025-02-20T15:42:18.9630206Z [0m
Admin UI E2E (3, chrome)	Run Cypress	2025-02-20T15:42:18.9630378Z 
Admin UI E2E (3, chrome)	Run Cypress	2025-02-20T15:42:18.9630390Z 
Admin UI E2E (3, chrome)	Run Cypress	2025-02-20T15:42:19.9816516Z 
Admin UI E2E (3, chrome)	Run Cypress	2025-02-20T15:42:19.9817478Z [31m  ([4m[1mResults[22m[24m)[39m
Admin UI E2E (3, chrome)	Run Cypress	2025-02-20T15:42:19.9834965Z 
Admin UI E2E (3, chrome)	Run Cypress	2025-02-20T15:42:19.9848352Z [90m  â”Œ[39m[90mâ”€[39m[90mâ”€[39m[90mâ”€[39m[90mâ”€[39m[90mâ”€[39m[90mâ”€[39m[90mâ”€[39m[90mâ”€[39m[90mâ”€[39m[90mâ”€[39m[90mâ”€[39m[90mâ”€[39m[90mâ”€[39m[90mâ”€[39m[90mâ”€[39m[90mâ”€[39m[90mâ”€[39m[90mâ”€[39m[90mâ”€[39m[90mâ”€[39m[90mâ”€[39m[90mâ”€[39m[90mâ”€[39m[90mâ”€[39m[90mâ”€[39m[90mâ”€[39m[90mâ”€[39m[90mâ”€[39m[90mâ”€[39m[90mâ”€[39m[90mâ”€[39m[90mâ”€[39m[90mâ”€[39m[90mâ”€[39m[90mâ”€[39m[90mâ”€[39m[90mâ”€[39m[90mâ”€[39m[90mâ”€[39m[90mâ”€[39m[90mâ”€[39m[90mâ”€[39m[90mâ”€[39m[90mâ”€[39m[90mâ”€[39m[90mâ”€[39m[90mâ”€[39m[90mâ”€[39m[90mâ”€[39m[90mâ”€[39m[90mâ”€[39m[90mâ”€[39m[90mâ”€[39m[90mâ”€[39m[90mâ”€[39m[90mâ”€[39m[90mâ”€[39m[90mâ”€[39m[90mâ”€[39m[90mâ”€[39m[90mâ”€[39m[90mâ”€[39m[90mâ”€[39m[90mâ”€[39m[90mâ”€[39m[90mâ”€[39m[90mâ”€[39m[90mâ”€[39m[90mâ”€[39m[90mâ”€[39m[90mâ”€[39m[90mâ”€[39m[90mâ”€[39m[90mâ”€[39m[90mâ”€[39m[90mâ”€[39m[90mâ”€[39m[90mâ”€[39m[90mâ”€[39m[90mâ”€[39m[90mâ”€[39m[90mâ”€[39m[90mâ”€[39m[90mâ”€[39m[90mâ”€[39m[90mâ”€[39m[90mâ”€[39m[90mâ”€[39m[90mâ”€[39m[90mâ”€[39m[90mâ”€[39m[90mâ”€[39m[90mâ”€[39m[90mâ”€[39m[90mâ”€[39m[90mâ”€[39m[90mâ”[39m
Admin UI E2E (3, chrome)	Run Cypress	2025-02-20T15:42:19.9851008Z [90m  â”‚[39m [90mTests:[39m        [31m24[39m                                                                               [90mâ”‚[39m
Admin UI E2E (3, chrome)	Run Cypress	2025-02-20T15:42:19.9851714Z [90m  â”‚[39m [90mPassing:[39m      [31m23[39m                                                                               [90mâ”‚[39m
Admin UI E2E (3, chrome)	Run Cypress	2025-02-20T15:42:19.9852394Z [90m  â”‚[39m [90mFailing:[39m      [31m1[39m                                                                                [90mâ”‚[39m
Admin UI E2E (3, chrome)	Run Cypress	2025-02-20T15:42:19.9853064Z [90m  â”‚[39m [90mPending:[39m      [31m0[39m                                                                                [90mâ”‚[39m
Admin UI E2E (3, chrome)	Run Cypress	2025-02-20T15:42:19.9854476Z [90m  â”‚[39m [90mSkipped:[39m      [31m0[39m                                                                                [90mâ”‚[39m
Admin UI E2E (3, chrome)	Run Cypress	2025-02-20T15:42:19.9855837Z [90m  â”‚[39m [90mScreenshots:[39m  [31m4[39m                                                                                [90mâ”‚[39m
Admin UI E2E (3, chrome)	Run Cypress	2025-02-20T15:42:19.9857132Z [90m  â”‚[39m [90mVideo:[39m        [31mtrue[39m                                                                             [90mâ”‚[39m
Admin UI E2E (3, chrome)	Run Cypress	2025-02-20T15:42:19.9858484Z [90m  â”‚[39m [90mDuration:[39m     [31m4 minutes, 24 seconds[39m                                                            [90mâ”‚[39m
Admin UI E2E (3, chrome)	Run Cypress	2025-02-20T15:42:19.9859962Z [90m  â”‚[39m [90mSpec Ran:[39m     [31m[31mclients_test.spec.ts[31m[39m                                                             [90mâ”‚[39m
Admin UI E2E (3, chrome)	Run Cypress	2025-02-20T15:42:19.9864419Z [90m  â””[39m[90mâ”€[39m[90mâ”€[39m[90mâ”€[39m[90mâ”€[39m[90mâ”€[39m[90mâ”€[39m[90mâ”€[39m[90mâ”€[39m[90mâ”€[39m[90mâ”€[39m[90mâ”€[39m[90mâ”€[39m[90mâ”€[39m[90mâ”€[39m[90mâ”€[39m[90mâ”€[39m[90mâ”€[39m[90mâ”€[39m[90mâ”€[39m[90mâ”€[39m[90mâ”€[39m[90mâ”€[39m[90mâ”€[39m[90mâ”€[39m[90mâ”€[39m[90mâ”€[39m[90mâ”€[39m[90mâ”€[39m[90mâ”€[39m[90mâ”€[39m[90mâ”€[39m[90mâ”€[39m[90mâ”€[39m[90mâ”€[39m[90mâ”€[39m[90mâ”€[39m[90mâ”€[39m[90mâ”€[39m[90mâ”€[39m[90mâ”€[39m[90mâ”€[39m[90mâ”€[39m[90mâ”€[39m[90mâ”€[39m[90mâ”€[39m[90mâ”€[39m[90mâ”€[39m[90mâ”€[39m[90mâ”€[39m[90mâ”€[39m[90mâ”€[39m[90mâ”€[39m[90mâ”€[39m[90mâ”€[39m[90mâ”€[39m[90mâ”€[39m[90mâ”€[39m[90mâ”€[39m[90mâ”€[39m[90mâ”€[39m[90mâ”€[39m[90mâ”€[39m[90mâ”€[39m[90mâ”€[39m[90mâ”€[39m[90mâ”€[39m[90mâ”€[39m[90mâ”€[39m[90mâ”€[39m[90mâ”€[39m[90mâ”€[39m[90mâ”€[39m[90mâ”€[39m[90mâ”€[39m[90mâ”€[39m[90mâ”€[39m[90mâ”€[39m[90mâ”€[39m[90mâ”€[39m[90mâ”€[39m[90mâ”€[39m[90mâ”€[39m[90mâ”€[39m[90mâ”€[39m[90mâ”€[39m[90mâ”€[39m[90mâ”€[39m[90mâ”€[39m[90mâ”€[39m[90mâ”€[39m[90mâ”€[39m[90mâ”€[39m[90mâ”€[39m[90mâ”€[39m[90mâ”€[39m[90mâ”€[39m[90mâ”˜[39m
Admin UI E2E (3, chrome)	Run Cypress	2025-02-20T15:42:19.9866697Z 
Admin UI E2E (3, chrome)	Run Cypress	2025-02-20T15:42:19.9866706Z 
Admin UI E2E (3, chrome)	Run Cypress	2025-02-20T15:42:19.9866930Z [33m  ([4m[1mScreenshots[22m[24m)[39m
Admin UI E2E (3, chrome)	Run Cypress	2025-02-20T15:42:19.9867113Z 
Admin UI E2E (3, chrome)	Run Cypress	2025-02-20T15:42:19.9867792Z [90m [39m -  [0m/home/runner/work/keycloak/keycloak/js/apps/admin-ui/cypress/screenshots/clients[0m     [90m[90m(1280x633)[90m[39m
Admin UI E2E (3, chrome)	Run Cypress	2025-02-20T15:42:19.9868743Z [90m [39m    [0m_test.spec.ts/Clients test -- Service account tab test -- Assign (failed).png[0m                  
Admin UI E2E (3, chrome)	Run Cypress	2025-02-20T15:42:19.9870412Z [90m [39m -  [0m/home/runner/work/keycloak/keycloak/js/apps/admin-ui/cypress/screenshots/clients[0m     [90m[90m(1280x633)[90m[39m
Admin UI E2E (3, chrome)	Run Cypress	2025-02-20T15:42:19.9871391Z [90m [39m    [0m_test.spec.ts/Clients test -- Service account tab test -- Assign (failed) (attem[0m               
Admin UI E2E (3, chrome)	Run Cypress	2025-02-20T15:42:19.9872075Z [90m [39m    [0mpt 2).png[0m                                                                                      
Admin UI E2E (3, chrome)	Run Cypress	2025-02-20T15:42:19.9872940Z [90m [39m -  [0m/home/runner/work/keycloak/keycloak/js/apps/admin-ui/cypress/screenshots/clients[0m     [90m[90m(1280x633)[90m[39m
Admin UI E2E (3, chrome)	Run Cypress	2025-02-20T15:42:19.9874136Z [90m [39m    [0m_test.spec.ts/Clients test -- Service account tab test -- Assign (failed) (attem[0m               
Admin UI E2E (3, chrome)	Run Cypress	2025-02-20T15:42:19.9875172Z [90m [39m    [0mpt 3).png[0m                                                                                      
Admin UI E2E (3, chrome)	Run Cypress	2025-02-20T15:42:19.9876880Z [90m [39m -  [0m/home/runner/work/keycloak/keycloak/js/apps/admin-ui/cypress/screenshots/clients[0m     [90m[90m(1280x633)[90m[39m
Admin UI E2E (3, chrome)	Run Cypress	2025-02-20T15:42:19.9878572Z [90m [39m    [0m_test.spec.ts/Clients test -- Service account tab test -- Assign (failed) (attem[0m               
Admin UI E2E (3, chrome)	Run Cypress	2025-02-20T15:42:19.9879858Z [90m [39m    [0mpt 4).png[0m                                                                                      
Admin UI E2E (3, chrome)	Run Cypress	2025-02-20T15:42:19.9880273Z 
Admin UI E2E (3, chrome)	Run Cypress	2025-02-20T15:42:20.0236469Z 
Admin UI E2E (3, chrome)	Run Cypress	2025-02-20T15:42:20.0237852Z [36m  ([4m[1mVideo[22m[24m)[39m
Admin UI E2E (3, chrome)	Run Cypress	2025-02-20T15:42:20.0238870Z 
Admin UI E2E (3, chrome)	Run Cypress	2025-02-20T15:42:20.0239970Z   -  Video output: [36m/home/runner/work/keycloak/keycloak/js/apps/admin-ui/cypress/videos/clients_test.spec.ts.mp4[39m
Admin UI E2E (3, chrome)	Run Cypress	2025-02-20T15:42:20.0241058Z 
Admin UI E2E (3, chrome)	Run Cypress	2025-02-20T15:42:20.0241257Z 
Admin UI E2E (3, chrome)	Run Cypress	2025-02-20T15:42:20.0250234Z [90mâ”€[39m[90mâ”€[39m[90mâ”€[39m[90mâ”€[39m[90mâ”€[39m[90mâ”€[39m[90mâ”€[39m[90mâ”€[39m[90mâ”€[39m[90mâ”€[39m[90mâ”€[39m[90mâ”€[39m[90mâ”€[39m[90mâ”€[39m[90mâ”€[39m[90mâ”€[39m[90mâ”€[39m[90mâ”€[39m[90mâ”€[39m[90mâ”€[39m[90mâ”€[39m[90mâ”€[39m[90mâ”€[39m[90mâ”€[39m[90mâ”€[39m[90mâ”€[39m[90mâ”€[39m[90mâ”€[39m[90mâ”€[39m[90mâ”€[39m[90mâ”€[39m[90mâ”€[39m[90mâ”€[39m[90mâ”€[39m[90mâ”€[39m[90mâ”€[39m[90mâ”€[39m[90mâ”€[39m[90mâ”€[39m[90mâ”€[39m[90mâ”€[39m[90mâ”€[39m[90mâ”€[39m[90mâ”€[39m[90mâ”€[39m[90mâ”€[39m[90mâ”€[39m[90mâ”€[39m[90mâ”€[39m[90mâ”€[39m[90mâ”€[39m[90mâ”€[39m[90mâ”€[39m[90mâ”€[39m[90mâ”€[39m[90mâ”€[39m[90mâ”€[39m[90mâ”€[39m[90mâ”€[39m[90mâ”€[39m[90mâ”€[39m[90mâ”€[39m[90mâ”€[39m[90mâ”€[39m[90mâ”€[39m[90mâ”€[39m[90mâ”€[39m[90mâ”€[39m[90mâ”€[39m[90mâ”€[39m[90mâ”€[39m[90mâ”€[39m[90mâ”€[39m[90mâ”€[39m[90mâ”€[39m[90mâ”€[39m[90mâ”€[39m[90mâ”€[39m[90mâ”€[39m[90mâ”€[39m[90mâ”€[39m[90mâ”€[39m[90mâ”€[39m[90mâ”€[39m[90mâ”€[39m[90mâ”€[39m[90mâ”€[39m[90mâ”€[39m[90mâ”€[39m[90mâ”€[39m[90mâ”€[39m[90mâ”€[39m[90mâ”€[39m[90mâ”€[39m[90mâ”€[39m[90mâ”€[39m[90mâ”€[39m[90mâ”€[39m[90mâ”€[39m[90mâ”€[39m
Admin UI E2E (3, chrome)	Run Cypress	2025-02-20T15:42:20.0252562Z                                                                                                     
Admin UI E2E (3, chrome)	Run Cypress	2025-02-20T15:42:20.0253152Z   Running:  [90muser_fed_ldap_mapper_test.spec.ts[39m                                               [90m(4 of 8)[39m
Admin UI E2E (3, chrome)	Run Cypress	2025-02-20T15:42:22.9326593Z 
Admin UI E2E (3, chrome)	Run Cypress	2025-02-20T15:42:22.9330936Z [0m[0m
Admin UI E2E (3, chrome)	Run Cypress	2025-02-20T15:42:22.9377943Z [0m  User Fed LDAP mapper tests[0m
Admin UI E2E (3, chrome)	Run Cypress	2025-02-20T15:42:33.7344691Z   [32m  âœ“[0m[90m Create LDAP provider from empty state[0m[90m (10773ms)[0m
Admin UI E2E (3, chrome)	Run Cypress	2025-02-20T15:42:40.7259735Z   [32m  âœ“[0m[90m Delete default mappers[0m[90m (6893ms)[0m
Admin UI E2E (3, chrome)	Run Cypress	2025-02-20T15:42:46.6903367Z   [32m  âœ“[0m[90m Create certificate ldap mapper[0m[90m (5819ms)[0m
Admin UI E2E (3, chrome)	Run Cypress	2025-02-20T15:42:50.5942077Z   [32m  âœ“[0m[90m Update certificate ldap mapper[0m[90m (3844ms)[0m
Admin UI E2E (3, chrome)	Run Cypress	2025-02-20T15:42:53.7478818Z   [32m  âœ“[0m[90m Delete certificate ldap mapper[0m[90m (3087ms)[0m
Admin UI E2E (3, chrome)	Run Cypress	2025-02-20T15:42:58.9033102Z   [32m  âœ“[0m[90m Create user account control mapper[0m[90m (5085ms)[0m
Admin UI E2E (3, chrome)	Run Cypress	2025-02-20T15:43:04.1006219Z   [32m  âœ“[0m[90m Create msad lds user account control mapper[0m[90m (5122ms)[0m
Admin UI E2E (3, chrome)	Run Cypress	2025-02-20T15:43:09.8749544Z   [32m  âœ“[0m[90m Create user attribute ldap mapper[0m[90m (5714ms)[0m
Admin UI E2E (3, chrome)	Run Cypress	2025-02-20T15:43:15.2173600Z   [32m  âœ“[0m[90m Create full name ldap mapper[0m[90m (5273ms)[0m
Admin UI E2E (3, chrome)	Run Cypress	2025-02-20T15:43:20.5936747Z   [32m  âœ“[0m[90m Create group ldap mapper[0m[90m (5313ms)[0m
Admin UI E2E (3, chrome)	Run Cypress	2025-02-20T15:43:23.8954377Z   [32m  âœ“[0m[90m Should return one search result for mapper with unique string[0m[90m (3250ms)[0m
Admin UI E2E (3, chrome)	Run Cypress	2025-02-20T15:43:27.2264343Z   [32m  âœ“[0m[90m Should return multiple search results for mappers that share common string[0m[90m (3274ms)[0m
Admin UI E2E (3, chrome)	Run Cypress	2025-02-20T15:43:30.3336891Z   [32m  âœ“[0m[90m Should return all mappers in search results when no string is specified[0m[90m (3025ms)[0m
Admin UI E2E (3, chrome)	Run Cypress	2025-02-20T15:43:33.5599707Z   [32m  âœ“[0m[90m Should return no search results for string that does not exist in any mappers[0m[90m (3186ms)[0m
Admin UI E2E (3, chrome)	Run Cypress	2025-02-20T15:43:36.8577801Z   [32m  âœ“[0m[90m Cleanup - delete LDAP provider[0m[90m (3227ms)[0m
Admin UI E2E (3, chrome)	Run Cypress	2025-02-20T15:43:36.8583336Z 
Admin UI E2E (3, chrome)	Run Cypress	2025-02-20T15:43:36.8899690Z 
Admin UI E2E (3, chrome)	Run Cypress	2025-02-20T15:43:36.8900704Z [92m [0m[32m 15 passing[0m[90m (1m)[0m
Admin UI E2E (3, chrome)	Run Cypress	2025-02-20T15:43:36.8901059Z 
Admin UI E2E (3, chrome)	Run Cypress	2025-02-20T15:43:37.9257321Z 
Admin UI E2E (3, chrome)	Run Cypress	2025-02-20T15:43:37.9258656Z [32m  ([4m[1mResults[22m[24m)[39m
Admin UI E2E (3, chrome)	Run Cypress	2025-02-20T15:43:37.9277200Z 
Admin UI E2E (3, chrome)	Run Cypress	2025-02-20T15:43:37.9291137Z [90m  â”Œ[39m[90mâ”€[39m[90mâ”€[39m[90mâ”€[39m[90mâ”€[39m[90mâ”€[39m[90mâ”€[39m[90mâ”€[39m[90mâ”€[39m[90mâ”€[39m[90mâ”€[39m[90mâ”€[39m[90mâ”€[39m[90mâ”€[39m[90mâ”€[39m[90mâ”€[39m[90mâ”€[39m[90mâ”€[39m[90mâ”€[39m[90mâ”€[39m[90mâ”€[39m[90mâ”€[39m[90mâ”€[39m[90mâ”€[39m[90mâ”€[39m[90mâ”€[39m[90mâ”€[39m[90mâ”€[39m[90mâ”€[39m[90mâ”€[39m[90mâ”€[39m[90mâ”€[39m[90mâ”€[39m[90mâ”€[39m[90mâ”€[39m[90mâ”€[39m[90mâ”€[39m[90mâ”€[39m[90mâ”€[39m[90mâ”€[39m[90mâ”€[39m[90mâ”€[39m[90mâ”€[39m[90mâ”€[39m[90mâ”€[39m[90mâ”€[39m[90mâ”€[39m[90mâ”€[39m[90mâ”€[39m[90mâ”€[39m[90mâ”€[39m[90mâ”€[39m[90mâ”€[39m[90mâ”€[39m[90mâ”€[39m[90mâ”€[39m[90mâ”€[39m[90mâ”€[39m[90mâ”€[39m[90mâ”€[39m[90mâ”€[39m[90mâ”€[39m[90mâ”€[39m[90mâ”€[39m[90mâ”€[39m[90mâ”€[39m[90mâ”€[39m[90mâ”€[39m[90mâ”€[39m[90mâ”€[39m[90mâ”€[39m[90mâ”€[39m[90mâ”€[39m[90mâ”€[39m[90mâ”€[39m[90mâ”€[39m[90mâ”€[39m[90mâ”€[39m[90mâ”€[39m[90mâ”€[39m[90mâ”€[39m[90mâ”€[39m[90mâ”€[39m[90mâ”€[39m[90mâ”€[39m[90mâ”€[39m[90mâ”€[39m[90mâ”€[39m[90mâ”€[39m[90mâ”€[39m[90mâ”€[39m[90mâ”€[39m[90mâ”€[39m[90mâ”€[39m[90mâ”€[39m[90mâ”€[39m[90mâ”€[39m[90mâ”[39m
Admin UI E2E (3, chrome)	Run Cypress	2025-02-20T15:43:37.9294243Z [90m  â”‚[39m [90mTests:[39m        [32m15[39m                                                                               [90mâ”‚[39m
Admin UI E2E (3, chrome)	Run Cypress	2025-02-20T15:43:37.9295077Z [90m  â”‚[39m [90mPassing:[39m      [32m15[39m                                                                               [90mâ”‚[39m
Admin UI E2E (3, chrome)	Run Cypress	2025-02-20T15:43:37.9296514Z [90m  â”‚[39m [90mFailing:[39m      [32m0[39m                                                                                [90mâ”‚[39m
Admin UI E2E (3, chrome)	Run Cypress	2025-02-20T15:43:37.9297806Z [90m  â”‚[39m [90mPending:[39m      [32m0[39m                                                                                [90mâ”‚[39m
Admin UI E2E (3, chrome)	Run Cypress	2025-02-20T15:43:37.9298581Z [90m  â”‚[39m [90mSkipped:[39m      [32m0[39m                                                                                [90mâ”‚[39m
Admin UI E2E (3, chrome)	Run Cypress	2025-02-20T15:43:37.9299281Z [90m  â”‚[39m [90mScreenshots:[39m  [32m0[39m                                                                                [90mâ”‚[39m
Admin UI E2E (3, chrome)	Run Cypress	2025-02-20T15:43:37.9300148Z [90m  â”‚[39m [90mVideo:[39m        [32mfalse[39m                                                                            [90mâ”‚[39m
Admin UI E2E (3, chrome)	Run Cypress	2025-02-20T15:43:37.9301306Z [90m  â”‚[39m [90mDuration:[39m     [32m1 minute, 13 seconds[39m                                                             [90mâ”‚[39m
Admin UI E2E (3, chrome)	Run Cypress	2025-02-20T15:43:37.9302922Z [90m  â”‚[39m [90mSpec Ran:[39m     [32m[32muser_fed_ldap_mapper_test.spec.ts[32m[39m                                                [90mâ”‚[39m
Admin UI E2E (3, chrome)	Run Cypress	2025-02-20T15:43:37.9308995Z [90m  â””[39m[90mâ”€[39m[90mâ”€[39m[90mâ”€[39m[90mâ”€[39m[90mâ”€[39m[90mâ”€[39m[90mâ”€[39m[90mâ”€[39m[90mâ”€[39m[90mâ”€[39m[90mâ”€[39m[90mâ”€[39m[90mâ”€[39m[90mâ”€[39m[90mâ”€[39m[90mâ”€[39m[90mâ”€[39m[90mâ”€[39m[90mâ”€[39m[90mâ”€[39m[90mâ”€[39m[90mâ”€[39m[90mâ”€[39m[90mâ”€[39m[90mâ”€[39m[90mâ”€[39m[90mâ”€[39m[90mâ”€[39m[90mâ”€[39m[90mâ”€[39m[90mâ”€[39m[90mâ”€[39m[90mâ”€[39m[90mâ”€[39m[90mâ”€[39m[90mâ”€[39m[90mâ”€[39m[90mâ”€[39m[90mâ”€[39m[90mâ”€[39m[90mâ”€[39m[90mâ”€[39m[90mâ”€[39m[90mâ”€[39m[90mâ”€[39m[90mâ”€[39m[90mâ”€[39m[90mâ”€[39m[90mâ”€[39m[90mâ”€[39m[90mâ”€[39m[90mâ”€[39m[90mâ”€[39m[90mâ”€[39m[90mâ”€[39m[90mâ”€[39m[90mâ”€[39m[90mâ”€[39m[90mâ”€[39m[90mâ”€[39m[90mâ”€[39m[90mâ”€[39m[90mâ”€[39m[90mâ”€[39m[90mâ”€[39m[90mâ”€[39m[90mâ”€[39m[90mâ”€[39m[90mâ”€[39m[90mâ”€[39m[90mâ”€[39m[90mâ”€[39m[90mâ”€[39m[90mâ”€[39m[90mâ”€[39m[90mâ”€[39m[90mâ”€[39m[90mâ”€[39m[90mâ”€[39m[90mâ”€[39m[90mâ”€[39m[90mâ”€[39m[90mâ”€[39m[90mâ”€[39m[90mâ”€[39m[90mâ”€[39m[90mâ”€[39m[90mâ”€[39m[90mâ”€[39m[90mâ”€[39m[90mâ”€[39m[90mâ”€[39m[90mâ”€[39m[90mâ”€[39m[90mâ”€[39m[90mâ”€[39m[90mâ”˜[39m
Admin UI E2E (3, chrome)	Run Cypress	2025-02-20T15:43:37.9312051Z 
Admin UI E2E (3, chrome)	Run Cypress	2025-02-20T15:43:37.9635985Z 
Admin UI E2E (3, chrome)	Run Cypress	2025-02-20T15:43:37.9649653Z [90mâ”€[39m[90mâ”€[39m[90mâ”€[39m[90mâ”€[39m[90mâ”€[39m[90mâ”€[39m[90mâ”€[39m[90mâ”€[39m[90mâ”€[39m[90mâ”€[39m[90mâ”€[39m[90mâ”€[39m[90mâ”€[39m[90mâ”€[39m[90mâ”€[39m[90mâ”€[39m[90mâ”€[39m[90mâ”€[39m[90mâ”€[39m[90mâ”€[39m[90mâ”€[39m[90mâ”€[39m[90mâ”€[39m[90mâ”€[39m[90mâ”€[39m[90mâ”€[39m[90mâ”€[39m[90mâ”€[39m[90mâ”€[39m[90mâ”€[39m[90mâ”€[39m[90mâ”€[39m[90mâ”€[39m[90mâ”€[39m[90mâ”€[39m[90mâ”€[39m[90mâ”€[39m[90mâ”€[39m[90mâ”€[39m[90mâ”€[39m[90mâ”€[39m[90mâ”€[39m[90mâ”€[39m[90mâ”€[39m[90mâ”€[39m[90mâ”€[39m[90mâ”€[39m[90mâ”€[39m[90mâ”€[39m[90mâ”€[39m[90mâ”€[39m[90mâ”€[39m[90mâ”€[39m[90mâ”€[39m[90mâ”€[39m[90mâ”€[39m[90mâ”€[39m[90mâ”€[39m[90mâ”€[39m[90mâ”€[39m[90mâ”€[39m[90mâ”€[39m[90mâ”€[39m[90mâ”€[39m[90mâ”€[39m[90mâ”€[39m[90mâ”€[39m[90mâ”€[39m[90mâ”€[39m[90mâ”€[39m[90mâ”€[39m[90mâ”€[39m[90mâ”€[39m[90mâ”€[39m[90mâ”€[39m[90mâ”€[39m[90mâ”€[39m[90mâ”€[39m[90mâ”€[39m[90mâ”€[39m[90mâ”€[39m[90mâ”€[39m[90mâ”€[39m[90mâ”€[39m[90mâ”€[39m[90mâ”€[39m[90mâ”€[39m[90mâ”€[39m[90mâ”€[39m[90mâ”€[39m[90mâ”€[39m[90mâ”€[39m[90mâ”€[39m[90mâ”€[39m[90mâ”€[39m[90mâ”€[39m[90mâ”€[39m[90mâ”€[39m[90mâ”€[39m[90mâ”€[39m
Admin UI E2E (3, chrome)	Run Cypress	2025-02-20T15:43:37.9714362Z                                                                                                     
Admin UI E2E (3, chrome)	Run Cypress	2025-02-20T15:43:37.9715230Z   Running:  [90mclient_registration_policies.spec.ts[39m                                            [90m(5 of 8)[39m
Admin UI E2E (3, chrome)	Run Cypress	2025-02-20T15:43:40.9601840Z 
Admin UI E2E (3, chrome)	Run Cypress	2025-02-20T15:43:40.9604318Z [0m[0m
Admin UI E2E (3, chrome)	Run Cypress	2025-02-20T15:43:40.9641050Z [0m  Client registration policies tab[0m
Admin UI E2E (3, chrome)	Run Cypress	2025-02-20T15:43:40.9641903Z [0m    Anonymous client policies subtab[0m
Admin UI E2E (3, chrome)	Run Cypress	2025-02-20T15:43:45.0439053Z     [32m  âœ“[0m[90m check anonymous clients list is not empty[0m[90m (4049ms)[0m
Admin UI E2E (3, chrome)	Run Cypress	2025-02-20T15:43:47.6932589Z     [32m  âœ“[0m[90m add anonymous client registration policy[0m[90m (2603ms)[0m
Admin UI E2E (3, chrome)	Run Cypress	2025-02-20T15:43:50.3456242Z     [32m  âœ“[0m[90m edit anonymous client registration policy[0m[90m (2613ms)[0m
Admin UI E2E (3, chrome)	Run Cypress	2025-02-20T15:43:52.4076968Z     [32m  âœ“[0m[90m delete anonymous client registration policy[0m[90m (2021ms)[0m
Admin UI E2E (3, chrome)	Run Cypress	2025-02-20T15:43:52.4202415Z [0m    Authenticated client policies subtab[0m
Admin UI E2E (3, chrome)	Run Cypress	2025-02-20T15:43:54.1366114Z     [32m  âœ“[0m[90m check authenticated clients list is not empty[0m[90m (1695ms)[0m
Admin UI E2E (3, chrome)	Run Cypress	2025-02-20T15:43:56.7553992Z     [32m  âœ“[0m[90m add authenticated client registration policy[0m[90m (2590ms)[0m
Admin UI E2E (3, chrome)	Run Cypress	2025-02-20T15:43:59.2050174Z     [32m  âœ“[0m[90m edit authenticated client registration policy[0m[90m (2420ms)[0m
Admin UI E2E (3, chrome)	Run Cypress	2025-02-20T15:44:01.2780040Z     [32m  âœ“[0m[90m delete authenticated client registration policy[0m[90m (2031ms)[0m
Admin UI E2E (3, chrome)	Run Cypress	2025-02-20T15:44:01.2908860Z 
Admin UI E2E (3, chrome)	Run Cypress	2025-02-20T15:44:01.2910078Z [0m  Accessibility tests for client registration policies[0m
Admin UI E2E (3, chrome)	Run Cypress	2025-02-20T15:44:03.4868099Z   [32m  âœ“[0m[90m Check a11y violations on load/ client registration policies[0m[90m (2184ms)[0m
Admin UI E2E (3, chrome)	Run Cypress	2025-02-20T15:44:03.4869677Z 
Admin UI E2E (3, chrome)	Run Cypress	2025-02-20T15:44:03.4999852Z 
Admin UI E2E (3, chrome)	Run Cypress	2025-02-20T15:44:03.5001479Z [92m [0m[32m 9 passing[0m[90m (23s)[0m
Admin UI E2E (3, chrome)	Run Cypress	2025-02-20T15:44:03.5002747Z 
Admin UI E2E (3, chrome)	Run Cypress	2025-02-20T15:44:04.5161078Z 
Admin UI E2E (3, chrome)	Run Cypress	2025-02-20T15:44:04.5162354Z [32m  ([4m[1mResults[22m[24m)[39m
Admin UI E2E (3, chrome)	Run Cypress	2025-02-20T15:44:04.5167497Z 
Admin UI E2E (3, chrome)	Run Cypress	2025-02-20T15:44:04.5179724Z [90m  â”Œ[39m[90mâ”€[39m[90mâ”€[39m[90mâ”€[39m[90mâ”€[39m[90mâ”€[39m[90mâ”€[39m[90mâ”€[39m[90mâ”€[39m[90mâ”€[39m[90mâ”€[39m[90mâ”€[39m[90mâ”€[39m[90mâ”€[39m[90mâ”€[39m[90mâ”€[39m[90mâ”€[39m[90mâ”€[39m[90mâ”€[39m[90mâ”€[39m[90mâ”€[39m[90mâ”€[39m[90mâ”€[39m[90mâ”€[39m[90mâ”€[39m[90mâ”€[39m[90mâ”€[39m[90mâ”€[39m[90mâ”€[39m[90mâ”€[39m[90mâ”€[39m[90mâ”€[39m[90mâ”€[39m[90mâ”€[39m[90mâ”€[39m[90mâ”€[39m[90mâ”€[39m[90mâ”€[39m[90mâ”€[39m[90mâ”€[39m[90mâ”€[39m[90mâ”€[39m[90mâ”€[39m[90mâ”€[39m[90mâ”€[39m[90mâ”€[39m[90mâ”€[39m[90mâ”€[39m[90mâ”€[39m[90mâ”€[39m[90mâ”€[39m[90mâ”€[39m[90mâ”€[39m[90mâ”€[39m[90mâ”€[39m[90mâ”€[39m[90mâ”€[39m[90mâ”€[39m[90mâ”€[39m[90mâ”€[39m[90mâ”€[39m[90mâ”€[39m[90mâ”€[39m[90mâ”€[39m[90mâ”€[39m[90mâ”€[39m[90mâ”€[39m[90mâ”€[39m[90mâ”€[39m[90mâ”€[39m[90mâ”€[39m[90mâ”€[39m[90mâ”€[39m[90mâ”€[39m[90mâ”€[39m[90mâ”€[39m[90mâ”€[39m[90mâ”€[39m[90mâ”€[39m[90mâ”€[39m[90mâ”€[39m[90mâ”€[39m[90mâ”€[39m[90mâ”€[39m[90mâ”€[39m[90mâ”€[39m[90mâ”€[39m[90mâ”€[39m[90mâ”€[39m[90mâ”€[39m[90mâ”€[39m[90mâ”€[39m[90mâ”€[39m[90mâ”€[39m[90mâ”€[39m[90mâ”€[39m[90mâ”€[39m[90mâ”[39m
Admin UI E2E (3, chrome)	Run Cypress	2025-02-20T15:44:04.5183009Z [90m  â”‚[39m [90mTests:[39m        [32m9[39m                                                                                [90mâ”‚[39m
Admin UI E2E (3, chrome)	Run Cypress	2025-02-20T15:44:04.5183878Z [90m  â”‚[39m [90mPassing:[39m      [32m9[39m                                                                                [90mâ”‚[39m
Admin UI E2E (3, chrome)	Run Cypress	2025-02-20T15:44:04.5185178Z [90m  â”‚[39m [90mFailing:[39m      [32m0[39m                                                                                [90mâ”‚[39m
Admin UI E2E (3, chrome)	Run Cypress	2025-02-20T15:44:04.5186468Z [90m  â”‚[39m [90mPending:[39m      [32m0[39m                                                                                [90mâ”‚[39m
Admin UI E2E (3, chrome)	Run Cypress	2025-02-20T15:44:04.5187426Z [90m  â”‚[39m [90mSkipped:[39m      [32m0[39m                                                                                [90mâ”‚[39m
Admin UI E2E (3, chrome)	Run Cypress	2025-02-20T15:44:04.5188571Z [90m  â”‚[39m [90mScreenshots:[39m  [32m0[39m                                                                                [90mâ”‚[39m
Admin UI E2E (3, chrome)	Run Cypress	2025-02-20T15:44:04.5189807Z [90m  â”‚[39m [90mVideo:[39m        [32mfalse[39m                                                                            [90mâ”‚[39m
Admin UI E2E (3, chrome)	Run Cypress	2025-02-20T15:44:04.5191069Z [90m  â”‚[39m [90mDuration:[39m     [32m22 seconds[39m                                                                       [90mâ”‚[39m
Admin UI E2E (3, chrome)	Run Cypress	2025-02-20T15:44:04.5192026Z [90m  â”‚[39m [90mSpec Ran:[39m     [32m[32mclient_registration_policies.spec.ts[32m[39m                                             [90mâ”‚[39m
Admin UI E2E (3, chrome)	Run Cypress	2025-02-20T15:44:04.5200503Z [90m  â””[39m[90mâ”€[39m[90mâ”€[39m[90mâ”€[39m[90mâ”€[39m[90mâ”€[39m[90mâ”€[39m[90mâ”€[39m[90mâ”€[39m[90mâ”€[39m[90mâ”€[39m[90mâ”€[39m[90mâ”€[39m[90mâ”€[39m[90mâ”€[39m[90mâ”€[39m[90mâ”€[39m[90mâ”€[39m[90mâ”€[39m[90mâ”€[39m[90mâ”€[39m[90mâ”€[39m[90mâ”€[39m[90mâ”€[39m[90mâ”€[39m[90mâ”€[39m[90mâ”€[39m[90mâ”€[39m[90mâ”€[39m[90mâ”€[39m[90mâ”€[39m[90mâ”€[39m[90mâ”€[39m[90mâ”€[39m[90mâ”€[39m[90mâ”€[39m[90mâ”€[39m[90mâ”€[39m[90mâ”€[39m[90mâ”€[39m[90mâ”€[39m[90mâ”€[39m[90mâ”€[39m[90mâ”€[39m[90mâ”€[39m[90mâ”€[39m[90mâ”€[39m[90mâ”€[39m[90mâ”€[39m[90mâ”€[39m[90mâ”€[39m[90mâ”€[39m[90mâ”€[39m[90mâ”€[39m[90mâ”€[39m[90mâ”€[39m[90mâ”€[39m[90mâ”€[39m[90mâ”€[39m[90mâ”€[39m[90mâ”€[39m[90mâ”€[39m[90mâ”€[39m[90mâ”€[39m[90mâ”€[39m[90mâ”€[39m[90mâ”€[39m[90mâ”€[39m[90mâ”€[39m[90mâ”€[39m[90mâ”€[39m[90mâ”€[39m[90mâ”€[39m[90mâ”€[39m[90mâ”€[39m[90mâ”€[39m[90mâ”€[39m[90mâ”€[39m[90mâ”€[39m[90mâ”€[39m[90mâ”€[39m[90mâ”€[39m[90mâ”€[39m[90mâ”€[39m[90mâ”€[39m[90mâ”€[39m[90mâ”€[39m[90mâ”€[39m[90mâ”€[39m[90mâ”€[39m[90mâ”€[39m[90mâ”€[39m[90mâ”€[39m[90mâ”€[39m[90mâ”€[39m[90mâ”€[39m[90mâ”€[39m[90mâ”˜[39m
Admin UI E2E (3, chrome)	Run Cypress	2025-02-20T15:44:04.5204358Z 
Admin UI E2E (3, chrome)	Run Cypress	2025-02-20T15:44:04.5548398Z 
Admin UI E2E (3, chrome)	Run Cypress	2025-02-20T15:44:04.5560787Z [90mâ”€[39m[90mâ”€[39m[90mâ”€[39m[90mâ”€[39m[90mâ”€[39m[90mâ”€[39m[90mâ”€[39m[90mâ”€[39m[90mâ”€[39m[90mâ”€[39m[90mâ”€[39m[90mâ”€[39m[90mâ”€[39m[90mâ”€[39m[90mâ”€[39m[90mâ”€[39m[90mâ”€[39m[90mâ”€[39m[90mâ”€[39m[90mâ”€[39m[90mâ”€[39m[90mâ”€[39m[90mâ”€[39m[90mâ”€[39m[90mâ”€[39m[90mâ”€[39m[90mâ”€[39m[90mâ”€[39m[90mâ”€[39m[90mâ”€[39m[90mâ”€[39m[90mâ”€[39m[90mâ”€[39m[90mâ”€[39m[90mâ”€[39m[90mâ”€[39m[90mâ”€[39m[90mâ”€[39m[90mâ”€[39m[90mâ”€[39m[90mâ”€[39m[90mâ”€[39m[90mâ”€[39m[90mâ”€[39m[90mâ”€[39m[90mâ”€[39m[90mâ”€[39m[90mâ”€[39m[90mâ”€[39m[90mâ”€[39m[90mâ”€[39m[90mâ”€[39m[90mâ”€[39m[90mâ”€[39m[90mâ”€[39m[90mâ”€[39m[90mâ”€[39m[90mâ”€[39m[90mâ”€[39m[90mâ”€[39m[90mâ”€[39m[90mâ”€[39m[90mâ”€[39m[90mâ”€[39m[90mâ”€[39m[90mâ”€[39m[90mâ”€[39m[90mâ”€[39m[90mâ”€[39m[90mâ”€[39m[90mâ”€[39m[90mâ”€[39m[90mâ”€[39m[90mâ”€[39m[90mâ”€[39m[90mâ”€[39m[90mâ”€[39m[90mâ”€[39m[90mâ”€[39m[90mâ”€[39m[90mâ”€[39m[90mâ”€[39m[90mâ”€[39m[90mâ”€[39m[90mâ”€[39m[90mâ”€[39m[90mâ”€[39m[90mâ”€[39m[90mâ”€[39m[90mâ”€[39m[90mâ”€[39m[90mâ”€[39m[90mâ”€[39m[90mâ”€[39m[90mâ”€[39m[90mâ”€[39m[90mâ”€[39m[90mâ”€[39m[90mâ”€[39m[90mâ”€[39m
Admin UI E2E (3, chrome)	Run Cypress	2025-02-20T15:44:04.5566302Z                                                                                                     
Admin UI E2E (3, chrome)	Run Cypress	2025-02-20T15:44:04.5567283Z   Running:  [90mrealm_settings_user_profile_enabled.spec.ts[39m                                     [90m(6 of 8)[39m
Admin UI E2E (3, chrome)	Run Cypress	2025-02-20T15:44:08.7966248Z 
Admin UI E2E (3, chrome)	Run Cypress	2025-02-20T15:44:08.7971792Z [0m[0m
Admin UI E2E (3, chrome)	Run Cypress	2025-02-20T15:44:08.7992997Z [0m  User profile tabs[0m
Admin UI E2E (3, chrome)	Run Cypress	2025-02-20T15:44:09.5488710Z [0m    Attributes sub tab tests[0m
Admin UI E2E (3, chrome)	Run Cypress	2025-02-20T15:44:14.2650240Z     [32m  âœ“[0m[90m Goes to create attribute page[0m[90m (5414ms)[0m
Admin UI E2E (3, chrome)	Run Cypress	2025-02-20T15:44:17.9157964Z     [32m  âœ“[0m[90m Completes new attribute form and performs cancel[0m[90m (3572ms)[0m
Admin UI E2E (3, chrome)	Run Cypress	2025-02-20T15:44:20.7593385Z     [32m  âœ“[0m[90m Completes new attribute form and performs submit[0m[90m (2794ms)[0m
Admin UI E2E (3, chrome)	Run Cypress	2025-02-20T15:44:24.7939665Z     [32m  âœ“[0m[90m Modifies existing attribute and performs save[0m[90m (4004ms)[0m
Admin UI E2E (3, chrome)	Run Cypress	2025-02-20T15:44:27.9032456Z     [32m  âœ“[0m[90m Adds and removes validator to/from existing attribute and performs save[0m[90m (3071ms)[0m
Admin UI E2E (3, chrome)	Run Cypress	2025-02-20T15:44:27.9177459Z [0m    Attribute groups sub tab tests[0m
Admin UI E2E (3, chrome)	Run Cypress	2025-02-20T15:44:30.5388182Z     [32m  âœ“[0m[90m Deletes an attributes group[0m[90m (2597ms)[0m
Admin UI E2E (3, chrome)	Run Cypress	2025-02-20T15:44:30.5516600Z [0m    Check attributes are displayed and editable on user create/edit[0m
Admin UI E2E (3, chrome)	Run Cypress	2025-02-20T15:44:39.8029209Z     [32m  âœ“[0m[90m Checks that not required attribute is not present when user is created with email as username and edit username set to disabled[0m[90m (9186ms)[0m
Admin UI E2E (3, chrome)	Run Cypress	2025-02-20T15:44:49.2779445Z     [32m  âœ“[0m[90m Checks that not required attribute is not present when user is created/edited with email as username enabled[0m[90m (9391ms)[0m
Admin UI E2E (3, chrome)	Run Cypress	2025-02-20T15:44:56.9951100Z     [32m  âœ“[0m[90m Checks that not required attribute with permissions to view/edit is present when user is created[0m[90m (7649ms)[0m
Admin UI E2E (3, chrome)	Run Cypress	2025-02-20T15:45:02.5275222Z     [32m  âœ“[0m[90m Checks that required attribute with permissions to view/edit is present and required when user is created[0m[90m (5485ms)[0m
Admin UI E2E (3, chrome)	Run Cypress	2025-02-20T15:45:07.9487218Z     [32m  âœ“[0m[90m Checks that required attribute with permissions to view/edit is accepted when user is created[0m[90m (5390ms)[0m
Admin UI E2E (3, chrome)	Run Cypress	2025-02-20T15:45:13.2730427Z     [32m  âœ“[0m[90m Checks that attribute group is visible when user with existing attribute is created[0m[90m (5290ms)[0m
Admin UI E2E (3, chrome)	Run Cypress	2025-02-20T15:45:20.8833790Z     [32m  âœ“[0m[90m Checks that attribute group is visible when user with a new attribute is created[0m[90m (7577ms)[0m
Admin UI E2E (3, chrome)	Run Cypress	2025-02-20T15:45:27.3667533Z     [32m  âœ“[0m[90m Checks that attribute with select-annotation is displayed and editable when user is created/edited[0m[90m (5958ms)[0m
Admin UI E2E (3, chrome)	Run Cypress	2025-02-20T15:45:27.3668964Z 
Admin UI E2E (3, chrome)	Run Cypress	2025-02-20T15:45:27.4041947Z 
Admin UI E2E (3, chrome)	Run Cypress	2025-02-20T15:45:27.4043392Z [92m [0m[32m 14 passing[0m[90m (1m)[0m
Admin UI E2E (3, chrome)	Run Cypress	2025-02-20T15:45:27.4043786Z 
Admin UI E2E (3, chrome)	Run Cypress	2025-02-20T15:45:28.4235647Z 
Admin UI E2E (3, chrome)	Run Cypress	2025-02-20T15:45:28.4238053Z [32m  ([4m[1mResults[22m[24m)[39m
Admin UI E2E (3, chrome)	Run Cypress	2025-02-20T15:45:28.4242734Z 
Admin UI E2E (3, chrome)	Run Cypress	2025-02-20T15:45:28.4257666Z [90m  â”Œ[39m[90mâ”€[39m[90mâ”€[39m[90mâ”€[39m[90mâ”€[39m[90mâ”€[39m[90mâ”€[39m[90mâ”€[39m[90mâ”€[39m[90mâ”€[39m[90mâ”€[39m[90mâ”€[39m[90mâ”€[39m[90mâ”€[39m[90mâ”€[39m[90mâ”€[39m[90mâ”€[39m[90mâ”€[39m[90mâ”€[39m[90mâ”€[39m[90mâ”€[39m[90mâ”€[39m[90mâ”€[39m[90mâ”€[39m[90mâ”€[39m[90mâ”€[39m[90mâ”€[39m[90mâ”€[39m[90mâ”€[39m[90mâ”€[39m[90mâ”€[39m[90mâ”€[39m[90mâ”€[39m[90mâ”€[39m[90mâ”€[39m[90mâ”€[39m[90mâ”€[39m[90mâ”€[39m[90mâ”€[39m[90mâ”€[39m[90mâ”€[39m[90mâ”€[39m[90mâ”€[39m[90mâ”€[39m[90mâ”€[39m[90mâ”€[39m[90mâ”€[39m[90mâ”€[39m[90mâ”€[39m[90mâ”€[39m[90mâ”€[39m[90mâ”€[39m[90mâ”€[39m[90mâ”€[39m[90mâ”€[39m[90mâ”€[39m[90mâ”€[39m[90mâ”€[39m[90mâ”€[39m[90mâ”€[39m[90mâ”€[39m[90mâ”€[39m[90mâ”€[39m[90mâ”€[39m[90mâ”€[39m[90mâ”€[39m[90mâ”€[39m[90mâ”€[39m[90mâ”€[39m[90mâ”€[39m[90mâ”€[39m[90mâ”€[39m[90mâ”€[39m[90mâ”€[39m[90mâ”€[39m[90mâ”€[39m[90mâ”€[39m[90mâ”€[39m[90mâ”€[39m[90mâ”€[39m[90mâ”€[39m[90mâ”€[39m[90mâ”€[39m[90mâ”€[39m[90mâ”€[39m[90mâ”€[39m[90mâ”€[39m[90mâ”€[39m[90mâ”€[39m[90mâ”€[39m[90mâ”€[39m[90mâ”€[39m[90mâ”€[39m[90mâ”€[39m[90mâ”€[39m[90mâ”€[39m[90mâ”€[39m[90mâ”[39m
Admin UI E2E (3, chrome)	Run Cypress	2025-02-20T15:45:28.4261526Z [90m  â”‚[39m [90mTests:[39m        [32m14[39m                                                                               [90mâ”‚[39m
Admin UI E2E (3, chrome)	Run Cypress	2025-02-20T15:45:28.4262255Z [90m  â”‚[39m [90mPassing:[39m      [32m14[39m                                                                               [90mâ”‚[39m
Admin UI E2E (3, chrome)	Run Cypress	2025-02-20T15:45:28.4262936Z [90m  â”‚[39m [90mFailing:[39m      [32m0[39m                                                                                [90mâ”‚[39m
Admin UI E2E (3, chrome)	Run Cypress	2025-02-20T15:45:28.4264098Z [90m  â”‚[39m [90mPending:[39m      [32m0[39m                                                                                [90mâ”‚[39m
Admin UI E2E (3, chrome)	Run Cypress	2025-02-20T15:45:28.4265254Z [90m  â”‚[39m [90mSkipped:[39m      [32m0[39m                                                                                [90mâ”‚[39m
Admin UI E2E (3, chrome)	Run Cypress	2025-02-20T15:45:28.4266377Z [90m  â”‚[39m [90mScreenshots:[39m  [32m0[39m                                                                                [90mâ”‚[39m
Admin UI E2E (3, chrome)	Run Cypress	2025-02-20T15:45:28.4267145Z [90m  â”‚[39m [90mVideo:[39m        [32mfalse[39m                                                                            [90mâ”‚[39m
Admin UI E2E (3, chrome)	Run Cypress	2025-02-20T15:45:28.4267899Z [90m  â”‚[39m [90mDuration:[39m     [32m1 minute, 18 seconds[39m                                                             [90mâ”‚[39m
Admin UI E2E (3, chrome)	Run Cypress	2025-02-20T15:45:28.4268782Z [90m  â”‚[39m [90mSpec Ran:[39m     [32m[32mrealm_settings_user_profile_enabled.spec.ts[32m[39m                                      [90mâ”‚[39m
Admin UI E2E (3, chrome)	Run Cypress	2025-02-20T15:45:28.4275590Z [90m  â””[39m[90mâ”€[39m[90mâ”€[39m[90mâ”€[39m[90mâ”€[39m[90mâ”€[39m[90mâ”€[39m[90mâ”€[39m[90mâ”€[39m[90mâ”€[39m[90mâ”€[39m[90mâ”€[39m[90mâ”€[39m[90mâ”€[39m[90mâ”€[39m[90mâ”€[39m[90mâ”€[39m[90mâ”€[39m[90mâ”€[39m[90mâ”€[39m[90mâ”€[39m[90mâ”€[39m[90mâ”€[39m[90mâ”€[39m[90mâ”€[39m[90mâ”€[39m[90mâ”€[39m[90mâ”€[39m[90mâ”€[39m[90mâ”€[39m[90mâ”€[39m[90mâ”€[39m[90mâ”€[39m[90mâ”€[39m[90mâ”€[39m[90mâ”€[39m[90mâ”€[39m[90mâ”€[39m[90mâ”€[39m[90mâ”€[39m[90mâ”€[39m[90mâ”€[39m[90mâ”€[39m[90mâ”€[39m[90mâ”€[39m[90mâ”€[39m[90mâ”€[39m[90mâ”€[39m[90mâ”€[39m[90mâ”€[39m[90mâ”€[39m[90mâ”€[39m[90mâ”€[39m[90mâ”€[39m[90mâ”€[39m[90mâ”€[39m[90mâ”€[39m[90mâ”€[39m[90mâ”€[39m[90mâ”€[39m[90mâ”€[39m[90mâ”€[39m[90mâ”€[39m[90mâ”€[39m[90mâ”€[39m[90mâ”€[39m[90mâ”€[39m[90mâ”€[39m[90mâ”€[39m[90mâ”€[39m[90mâ”€[39m[90mâ”€[39m[90mâ”€[39m[90mâ”€[39m[90mâ”€[39m[90mâ”€[39m[90mâ”€[39m[90mâ”€[39m[90mâ”€[39m[90mâ”€[39m[90mâ”€[39m[90mâ”€[39m[90mâ”€[39m[90mâ”€[39m[90mâ”€[39m[90mâ”€[39m[90mâ”€[39m[90mâ”€[39m[90mâ”€[39m[90mâ”€[39m[90mâ”€[39m[90mâ”€[39m[90mâ”€[39m[90mâ”€[39m[90mâ”€[39m[90mâ”€[39m[90mâ”€[39m[90mâ”˜[39m
Admin UI E2E (3, chrome)	Run Cypress	2025-02-20T15:45:28.4279560Z 
Admin UI E2E (3, chrome)	Run Cypress	2025-02-20T15:45:28.4699018Z 
Admin UI E2E (3, chrome)	Run Cypress	2025-02-20T15:45:28.4712872Z [90mâ”€[39m[90mâ”€[39m[90mâ”€[39m[90mâ”€[39m[90mâ”€[39m[90mâ”€[39m[90mâ”€[39m[90mâ”€[39m[90mâ”€[39m[90mâ”€[39m[90mâ”€[39m[90mâ”€[39m[90mâ”€[39m[90mâ”€[39m[90mâ”€[39m[90mâ”€[39m[90mâ”€[39m[90mâ”€[39m[90mâ”€[39m[90mâ”€[39m[90mâ”€[39m[90mâ”€[39m[90mâ”€[39m[90mâ”€[39m[90mâ”€[39m[90mâ”€[39m[90mâ”€[39m[90mâ”€[39m[90mâ”€[39m[90mâ”€[39m[90mâ”€[39m[90mâ”€[39m[90mâ”€[39m[90mâ”€[39m[90mâ”€[39m[90mâ”€[39m[90mâ”€[39m[90mâ”€[39m[90mâ”€[39m[90mâ”€[39m[90mâ”€[39m[90mâ”€[39m[90mâ”€[39m[90mâ”€[39m[90mâ”€[39m[90mâ”€[39m[90mâ”€[39m[90mâ”€[39m[90mâ”€[39m[90mâ”€[39m[90mâ”€[39m[90mâ”€[39m[90mâ”€[39m[90mâ”€[39m[90mâ”€[39m[90mâ”€[39m[90mâ”€[39m[90mâ”€[39m[90mâ”€[39m[90mâ”€[39m[90mâ”€[39m[90mâ”€[39m[90mâ”€[39m[90mâ”€[39m[90mâ”€[39m[90mâ”€[39m[90mâ”€[39m[90mâ”€[39m[90mâ”€[39m[90mâ”€[39m[90mâ”€[39m[90mâ”€[39m[90mâ”€[39m[90mâ”€[39m[90mâ”€[39m[90mâ”€[39m[90mâ”€[39m[90mâ”€[39m[90mâ”€[39m[90mâ”€[39m[90mâ”€[39m[90mâ”€[39m[90mâ”€[39m[90mâ”€[39m[90mâ”€[39m[90mâ”€[39m[90mâ”€[39m[90mâ”€[39m[90mâ”€[39m[90mâ”€[39m[90mâ”€[39m[90mâ”€[39m[90mâ”€[39m[90mâ”€[39m[90mâ”€[39m[90mâ”€[39m[90mâ”€[39m[90mâ”€[39m[90mâ”€[39m[90mâ”€[39m
Admin UI E2E (3, chrome)	Run Cypress	2025-02-20T15:45:28.4718148Z                                                                                                     
Admin UI E2E (3, chrome)	Run Cypress	2025-02-20T15:45:28.4719168Z   Running:  [90mrealm_settings_events_test.spec.ts[39m                                              [90m(7 of 8)[39m
Admin UI E2E (3, chrome)	Run Cypress	2025-02-20T15:45:32.7126674Z 
Admin UI E2E (3, chrome)	Run Cypress	2025-02-20T15:45:32.7128752Z [0m[0m
Admin UI E2E (3, chrome)	Run Cypress	2025-02-20T15:45:32.7157027Z [0m  Realm settings events tab tests[0m
Admin UI E2E (3, chrome)	Run Cypress	2025-02-20T15:45:41.9337186Z   [32m  âœ“[0m[90m Enable user events[0m[90m (9142ms)[0m
Admin UI E2E (3, chrome)	Run Cypress	2025-02-20T15:45:44.0019918Z   [32m  âœ“[0m[90m Go to keys tab[0m[90m (2009ms)[0m
Admin UI E2E (3, chrome)	Run Cypress	2025-02-20T15:45:50.0046841Z   [32m  âœ“[0m[90m add Providers[0m[90m (5970ms)[0m
Admin UI E2E (3, chrome)	Run Cypress	2025-02-20T15:45:52.6614290Z   [32m  âœ“[0m[90m search providers[0m[90m (2587ms)[0m
Admin UI E2E (3, chrome)	Run Cypress	2025-02-20T15:45:56.4766417Z   [32m  âœ“[0m[90m go to details[0m[90m (3789ms)[0m
Admin UI E2E (3, chrome)	Run Cypress	2025-02-20T15:45:58.9167656Z   [32m  âœ“[0m[90m Test keys[0m[90m (2408ms)[0m
Admin UI E2E (3, chrome)	Run Cypress	2025-02-20T15:45:58.9300995Z   [36m  - Should search active keys[0m
Admin UI E2E (3, chrome)	Run Cypress	2025-02-20T15:46:01.4244635Z   [32m  âœ“[0m[90m Should search passive keys[0m[90m (2476ms)[0m
Admin UI E2E (3, chrome)	Run Cypress	2025-02-20T15:46:04.0176087Z   [32m  âœ“[0m[90m Should search disabled keys[0m[90m (2567ms)[0m
Admin UI E2E (3, chrome)	Run Cypress	2025-02-20T15:46:06.8526833Z   [32m  âœ“[0m[90m delete provider[0m[90m (2802ms)[0m
Admin UI E2E (3, chrome)	Run Cypress	2025-02-20T15:46:09.2143396Z   [32m  âœ“[0m[90m list keys[0m[90m (2308ms)[0m
Admin UI E2E (3, chrome)	Run Cypress	2025-02-20T15:46:11.5937340Z   [32m  âœ“[0m[90m Realm header settings[0m[90m (2341ms)[0m
Admin UI E2E (3, chrome)	Run Cypress	2025-02-20T15:46:14.6172148Z   [32m  âœ“[0m[90m Brute force detection[0m[90m (2997ms)[0m
Admin UI E2E (3, chrome)	Run Cypress	2025-02-20T15:46:20.1485585Z   [32m  âœ“[0m[90m add session data[0m[90m (5486ms)[0m
Admin UI E2E (3, chrome)	Run Cypress	2025-02-20T15:46:22.3618669Z   [32m  âœ“[0m[90m check that sessions data was saved[0m[90m (2186ms)[0m
Admin UI E2E (3, chrome)	Run Cypress	2025-02-20T15:46:28.5381808Z   [32m  âœ“[0m[90m add token data[0m[90m (6123ms)[0m
Admin UI E2E (3, chrome)	Run Cypress	2025-02-20T15:46:31.0426800Z   [32m  âœ“[0m[90m check that token data was saved[0m[90m (1947ms)[0m
Admin UI E2E (3, chrome)	Run Cypress	2025-02-20T15:46:31.0598350Z 
Admin UI E2E (3, chrome)	Run Cypress	2025-02-20T15:46:31.0606444Z [0m  Realm settings events tab tests[0m
Admin UI E2E (3, chrome)	Run Cypress	2025-02-20T15:46:33.0360624Z   [32m  âœ“[0m[90m Should display event listeners form[0m[90m (1956ms)[0m
Admin UI E2E (3, chrome)	Run Cypress	2025-02-20T15:46:35.4056989Z   [32m  âœ“[0m[90m Should revert saving event listener[0m[90m (2343ms)[0m
Admin UI E2E (3, chrome)	Run Cypress	2025-02-20T15:46:37.6884694Z   [32m  âœ“[0m[90m Should save event listener[0m[90m (2251ms)[0m
Admin UI E2E (3, chrome)	Run Cypress	2025-02-20T15:46:39.7424992Z   [32m  âœ“[0m[90m Should remove event from event listener[0m[90m (2020ms)[0m
Admin UI E2E (3, chrome)	Run Cypress	2025-02-20T15:46:42.4641061Z   [32m  âœ“[0m[90m Should remove all events from event listener and re-save original[0m[90m (2683ms)[0m
Admin UI E2E (3, chrome)	Run Cypress	2025-02-20T15:46:42.4641511Z 
Admin UI E2E (3, chrome)	Run Cypress	2025-02-20T15:46:42.5042292Z 
Admin UI E2E (3, chrome)	Run Cypress	2025-02-20T15:46:42.5044268Z [92m [0m[32m 21 passing[0m[90m (1m)[0m
Admin UI E2E (3, chrome)	Run Cypress	2025-02-20T15:46:42.5045782Z [36m [0m[36m 1 pending[0m
Admin UI E2E (3, chrome)	Run Cypress	2025-02-20T15:46:42.5051439Z 
Admin UI E2E (3, chrome)	Run Cypress	2025-02-20T15:46:43.5217617Z 
Admin UI E2E (3, chrome)	Run Cypress	2025-02-20T15:46:43.5218913Z [32m  ([4m[1mResults[22m[24m)[39m
Admin UI E2E (3, chrome)	Run Cypress	2025-02-20T15:46:43.5224053Z 
Admin UI E2E (3, chrome)	Run Cypress	2025-02-20T15:46:43.5236727Z [90m  â”Œ[39m[90mâ”€[39m[90mâ”€[39m[90mâ”€[39m[90mâ”€[39m[90mâ”€[39m[90mâ”€[39m[90mâ”€[39m[90mâ”€[39m[90mâ”€[39m[90mâ”€[39m[90mâ”€[39m[90mâ”€[39m[90mâ”€[39m[90mâ”€[39m[90mâ”€[39m[90mâ”€[39m[90mâ”€[39m[90mâ”€[39m[90mâ”€[39m[90mâ”€[39m[90mâ”€[39m[90mâ”€[39m[90mâ”€[39m[90mâ”€[39m[90mâ”€[39m[90mâ”€[39m[90mâ”€[39m[90mâ”€[39m[90mâ”€[39m[90mâ”€[39m[90mâ”€[39m[90mâ”€[39m[90mâ”€[39m[90mâ”€[39m[90mâ”€[39m[90mâ”€[39m[90mâ”€[39m[90mâ”€[39m[90mâ”€[39m[90mâ”€[39m[90mâ”€[39m[90mâ”€[39m[90mâ”€[39m[90mâ”€[39m[90mâ”€[39m[90mâ”€[39m[90mâ”€[39m[90mâ”€[39m[90mâ”€[39m[90mâ”€[39m[90mâ”€[39m[90mâ”€[39m[90mâ”€[39m[90mâ”€[39m[90mâ”€[39m[90mâ”€[39m[90mâ”€[39m[90mâ”€[39m[90mâ”€[39m[90mâ”€[39m[90mâ”€[39m[90mâ”€[39m[90mâ”€[39m[90mâ”€[39m[90mâ”€[39m[90mâ”€[39m[90mâ”€[39m[90mâ”€[39m[90mâ”€[39m[90mâ”€[39m[90mâ”€[39m[90mâ”€[39m[90mâ”€[39m[90mâ”€[39m[90mâ”€[39m[90mâ”€[39m[90mâ”€[39m[90mâ”€[39m[90mâ”€[39m[90mâ”€[39m[90mâ”€[39m[90mâ”€[39m[90mâ”€[39m[90mâ”€[39m[90mâ”€[39m[90mâ”€[39m[90mâ”€[39m[90mâ”€[39m[90mâ”€[39m[90mâ”€[39m[90mâ”€[39m[90mâ”€[39m[90mâ”€[39m[90mâ”€[39m[90mâ”€[39m[90mâ”€[39m[90mâ”[39m
Admin UI E2E (3, chrome)	Run Cypress	2025-02-20T15:46:43.5239397Z [90m  â”‚[39m [90mTests:[39m        [32m22[39m                                                                               [90mâ”‚[39m
Admin UI E2E (3, chrome)	Run Cypress	2025-02-20T15:46:43.5240100Z [90m  â”‚[39m [90mPassing:[39m      [32m21[39m                                                                               [90mâ”‚[39m
Admin UI E2E (3, chrome)	Run Cypress	2025-02-20T15:46:43.5240808Z [90m  â”‚[39m [90mFailing:[39m      [32m0[39m                                                                                [90mâ”‚[39m
Admin UI E2E (3, chrome)	Run Cypress	2025-02-20T15:46:43.5241482Z [90m  â”‚[39m [90mPending:[39m      [32m1[39m                                                                                [90mâ”‚[39m
Admin UI E2E (3, chrome)	Run Cypress	2025-02-20T15:46:43.5242162Z [90m  â”‚[39m [90mSkipped:[39m      [32m0[39m                                                                                [90mâ”‚[39m
Admin UI E2E (3, chrome)	Run Cypress	2025-02-20T15:46:43.5243213Z [90m  â”‚[39m [90mScreenshots:[39m  [32m0[39m                                                                                [90mâ”‚[39m
Admin UI E2E (3, chrome)	Run Cypress	2025-02-20T15:46:43.5243975Z [90m  â”‚[39m [90mVideo:[39m        [32mfalse[39m                                                                            [90mâ”‚[39m
Admin UI E2E (3, chrome)	Run Cypress	2025-02-20T15:46:43.5244701Z [90m  â”‚[39m [90mDuration:[39m     [32m1 minute, 9 seconds[39m                                                              [90mâ”‚[39m
Admin UI E2E (3, chrome)	Run Cypress	2025-02-20T15:46:43.5245938Z [90m  â”‚[39m [90mSpec Ran:[39m     [32m[32mrealm_settings_events_test.spec.ts[32m[39m                                               [90mâ”‚[39m
Admin UI E2E (3, chrome)	Run Cypress	2025-02-20T15:46:43.5251471Z [90m  â””[39m[90mâ”€[39m[90mâ”€[39m[90mâ”€[39m[90mâ”€[39m[90mâ”€[39m[90mâ”€[39m[90mâ”€[39m[90mâ”€[39m[90mâ”€[39m[90mâ”€[39m[90mâ”€[39m[90mâ”€[39m[90mâ”€[39m[90mâ”€[39m[90mâ”€[39m[90mâ”€[39m[90mâ”€[39m[90mâ”€[39m[90mâ”€[39m[90mâ”€[39m[90mâ”€[39m[90mâ”€[39m[90mâ”€[39m[90mâ”€[39m[90mâ”€[39m[90mâ”€[39m[90mâ”€[39m[90mâ”€[39m[90mâ”€[39m[90mâ”€[39m[90mâ”€[39m[90mâ”€[39m[90mâ”€[39m[90mâ”€[39m[90mâ”€[39m[90mâ”€[39m[90mâ”€[39m[90mâ”€[39m[90mâ”€[39m[90mâ”€[39m[90mâ”€[39m[90mâ”€[39m[90mâ”€[39m[90mâ”€[39m[90mâ”€[39m[90mâ”€[39m[90mâ”€[39m[90mâ”€[39m[90mâ”€[39m[90mâ”€[39m[90mâ”€[39m[90mâ”€[39m[90mâ”€[39m[90mâ”€[39m[90mâ”€[39m[90mâ”€[39m[90mâ”€[39m[90mâ”€[39m[90mâ”€[39m[90mâ”€[39m[90mâ”€[39m[90mâ”€[39m[90mâ”€[39m[90mâ”€[39m[90mâ”€[39m[90mâ”€[39m[90mâ”€[39m[90mâ”€[39m[90mâ”€[39m[90mâ”€[39m[90mâ”€[39m[90mâ”€[39m[90mâ”€[39m[90mâ”€[39m[90mâ”€[39m[90mâ”€[39m[90mâ”€[39m[90mâ”€[39m[90mâ”€[39m[90mâ”€[39m[90mâ”€[39m[90mâ”€[39m[90mâ”€[39m[90mâ”€[39m[90mâ”€[39m[90mâ”€[39m[90mâ”€[39m[90mâ”€[39m[90mâ”€[39m[90mâ”€[39m[90mâ”€[39m[90mâ”€[39m[90mâ”€[39m[90mâ”€[39m[90mâ”€[39m[90mâ”€[39m[90mâ”˜[39m
Admin UI E2E (3, chrome)	Run Cypress	2025-02-20T15:46:43.5254217Z 
Admin UI E2E (3, chrome)	Run Cypress	2025-02-20T15:46:43.5634111Z 
Admin UI E2E (3, chrome)	Run Cypress	2025-02-20T15:46:43.5684121Z [90mâ”€[39m[90mâ”€[39m[90mâ”€[39m[90mâ”€[39m[90mâ”€[39m[90mâ”€[39m[90mâ”€[39m[90mâ”€[39m[90mâ”€[39m[90mâ”€[39m[90mâ”€[39m[90mâ”€[39m[90mâ”€[39m[90mâ”€[39m[90mâ”€[39m[90mâ”€[39m[90mâ”€[39m[90mâ”€[39m[90mâ”€[39m[90mâ”€[39m[90mâ”€[39m[90mâ”€[39m[90mâ”€[39m[90mâ”€[39m[90mâ”€[39m[90mâ”€[39m[90mâ”€[39m[90mâ”€[39m[90mâ”€[39m[90mâ”€[39m[90mâ”€[39m[90mâ”€[39m[90mâ”€[39m[90mâ”€[39m[90mâ”€[39m[90mâ”€[39m[90mâ”€[39m[90mâ”€[39m[90mâ”€[39m[90mâ”€[39m[90mâ”€[39m[90mâ”€[39m[90mâ”€[39m[90mâ”€[39m[90mâ”€[39m[90mâ”€[39m[90mâ”€[39m[90mâ”€[39m[90mâ”€[39m[90mâ”€[39m[90mâ”€[39m[90mâ”€[39m[90mâ”€[39m[90mâ”€[39m[90mâ”€[39m[90mâ”€[39m[90mâ”€[39m[90mâ”€[39m[90mâ”€[39m[90mâ”€[39m[90mâ”€[39m[90mâ”€[39m[90mâ”€[39m[90mâ”€[39m[90mâ”€[39m[90mâ”€[39m[90mâ”€[39m[90mâ”€[39m[90mâ”€[39m[90mâ”€[39m[90mâ”€[39m[90mâ”€[39m[90mâ”€[39m[90mâ”€[39m[90mâ”€[39m[90mâ”€[39m[90mâ”€[39m[90mâ”€[39m[90mâ”€[39m[90mâ”€[39m[90mâ”€[39m[90mâ”€[39m[90mâ”€[39m[90mâ”€[39m[90mâ”€[39m[90mâ”€[39m[90mâ”€[39m[90mâ”€[39m[90mâ”€[39m[90mâ”€[39m[90mâ”€[39m[90mâ”€[39m[90mâ”€[39m[90mâ”€[39m[90mâ”€[39m[90mâ”€[39m[90mâ”€[39m[90mâ”€[39m[90mâ”€[39m[90mâ”€[39m
Admin UI E2E (3, chrome)	Run Cypress	2025-02-20T15:46:43.5689209Z                                                                                                     
Admin UI E2E (3, chrome)	Run Cypress	2025-02-20T15:46:43.5692883Z   Running:  [90mclient_advanced.spec.ts[39m                                                         [90m(8 of 8)[39m
Admin UI E2E (3, chrome)	Run Cypress	2025-02-20T15:46:47.9699430Z 
Admin UI E2E (3, chrome)	Run Cypress	2025-02-20T15:46:47.9701442Z [0m[0m
Admin UI E2E (3, chrome)	Run Cypress	2025-02-20T15:46:47.9731046Z [0m  Advanced tab test[0m
Admin UI E2E (3, chrome)	Run Cypress	2025-02-20T15:46:56.1890834Z   [32m  âœ“[0m[90m Clustering[0m[90m (8154ms)[0m
Admin UI E2E (3, chrome)	Run Cypress	2025-02-20T15:47:00.2376445Z   [32m  âœ“[0m[90m Fine grain OpenID connect configuration[0m[90m (4005ms)[0m
Admin UI E2E (3, chrome)	Run Cypress	2025-02-20T15:47:04.5617266Z   [32m  âœ“[0m[90m OIDC Compatibility Modes configuration[0m[90m (4289ms)[0m
Admin UI E2E (3, chrome)	Run Cypress	2025-02-20T15:47:11.0800499Z   [32m  âœ“[0m[90m Client Offline Session Max[0m[90m (6489ms)[0m
Admin UI E2E (3, chrome)	Run Cypress	2025-02-20T15:47:15.8682062Z   [32m  âœ“[0m[90m Advanced settings[0m[90m (4763ms)[0m
Admin UI E2E (3, chrome)	Run Cypress	2025-02-20T15:47:21.3364974Z   [32m  âœ“[0m[90m Authentication flow override[0m[90m (4929ms)[0m
Admin UI E2E (3, chrome)	Run Cypress	2025-02-20T15:47:21.3374760Z 
Admin UI E2E (3, chrome)	Run Cypress	2025-02-20T15:47:21.3668046Z 
Admin UI E2E (3, chrome)	Run Cypress	2025-02-20T15:47:21.3675190Z [92m [0m[32m 6 passing[0m[90m (33s)[0m
Admin UI E2E (3, chrome)	Run Cypress	2025-02-20T15:47:21.3676015Z 
Admin UI E2E (3, chrome)	Run Cypress	2025-02-20T15:47:22.3832151Z 
Admin UI E2E (3, chrome)	Run Cypress	2025-02-20T15:47:22.3833403Z [32m  ([4m[1mResults[22m[24m)[39m
Admin UI E2E (3, chrome)	Run Cypress	2025-02-20T15:47:22.3838171Z 
Admin UI E2E (3, chrome)	Run Cypress	2025-02-20T15:47:22.3851484Z [90m  â”Œ[39m[90mâ”€[39m[90mâ”€[39m[90mâ”€[39m[90mâ”€[39m[90mâ”€[39m[90mâ”€[39m[90mâ”€[39m[90mâ”€[39m[90mâ”€[39m[90mâ”€[39m[90mâ”€[39m[90mâ”€[39m[90mâ”€[39m[90mâ”€[39m[90mâ”€[39m[90mâ”€[39m[90mâ”€[39m[90mâ”€[39m[90mâ”€[39m[90mâ”€[39m[90mâ”€[39m[90mâ”€[39m[90mâ”€[39m[90mâ”€[39m[90mâ”€[39m[90mâ”€[39m[90mâ”€[39m[90mâ”€[39m[90mâ”€[39m[90mâ”€[39m[90mâ”€[39m[90mâ”€[39m[90mâ”€[39m[90mâ”€[39m[90mâ”€[39m[90mâ”€[39m[90mâ”€[39m[90mâ”€[39m[90mâ”€[39m[90mâ”€[39m[90mâ”€[39m[90mâ”€[39m[90mâ”€[39m[90mâ”€[39m[90mâ”€[39m[90mâ”€[39m[90mâ”€[39m[90mâ”€[39m[90mâ”€[39m[90mâ”€[39m[90mâ”€[39m[90mâ”€[39m[90mâ”€[39m[90mâ”€[39m[90mâ”€[39m[90mâ”€[39m[90mâ”€[39m[90mâ”€[39m[90mâ”€[39m[90mâ”€[39m[90mâ”€[39m[90mâ”€[39m[90mâ”€[39m[90mâ”€[39m[90mâ”€[39m[90mâ”€[39m[90mâ”€[39m[90mâ”€[39m[90mâ”€[39m[90mâ”€[39m[90mâ”€[39m[90mâ”€[39m[90mâ”€[39m[90mâ”€[39m[90mâ”€[39m[90mâ”€[39m[90mâ”€[39m[90mâ”€[39m[90mâ”€[39m[90mâ”€[39m[90mâ”€[39m[90mâ”€[39m[90mâ”€[39m[90mâ”€[39m[90mâ”€[39m[90mâ”€[39m[90mâ”€[39m[90mâ”€[39m[90mâ”€[39m[90mâ”€[39m[90mâ”€[39m[90mâ”€[39m[90mâ”€[39m[90mâ”€[39m[90mâ”€[39m[90mâ”€[39m[90mâ”[39m
Admin UI E2E (3, chrome)	Run Cypress	2025-02-20T15:47:22.3857467Z [90m  â”‚[39m [90mTests:[39m        [32m6[39m                                                                                [90mâ”‚[39m
Admin UI E2E (3, chrome)	Run Cypress	2025-02-20T15:47:22.3858723Z [90m  â”‚[39m [90mPassing:[39m      [32m6[39m                                                                                [90mâ”‚[39m
Admin UI E2E (3, chrome)	Run Cypress	2025-02-20T15:47:22.3859979Z [90m  â”‚[39m [90mFailing:[39m      [32m0[39m                                                                                [90mâ”‚[39m
Admin UI E2E (3, chrome)	Run Cypress	2025-02-20T15:47:22.3861391Z [90m  â”‚[39m [90mPending:[39m      [32m0[39m                                                                                [90mâ”‚[39m
Admin UI E2E (3, chrome)	Run Cypress	2025-02-20T15:47:22.3862715Z [90m  â”‚[39m [90mSkipped:[39m      [32m0[39m                                                                                [90mâ”‚[39m
Admin UI E2E (3, chrome)	Run Cypress	2025-02-20T15:47:22.3864100Z [90m  â”‚[39m [90mScreenshots:[39m  [32m0[39m                                                                                [90mâ”‚[39m
Admin UI E2E (3, chrome)	Run Cypress	2025-02-20T15:47:22.3865589Z [90m  â”‚[39m [90mVideo:[39m        [32mfalse[39m                                                                            [90mâ”‚[39m
Admin UI E2E (3, chrome)	Run Cypress	2025-02-20T15:47:22.3866928Z [90m  â”‚[39m [90mDuration:[39m     [32m33 seconds[39m                                                                       [90mâ”‚[39m
Admin UI E2E (3, chrome)	Run Cypress	2025-02-20T15:47:22.3868390Z [90m  â”‚[39m [90mSpec Ran:[39m     [32m[32mclient_advanced.spec.ts[32m[39m                                                          [90mâ”‚[39m
Admin UI E2E (3, chrome)	Run Cypress	2025-02-20T15:47:22.3876174Z [90m  â””[39m[90mâ”€[39m[90mâ”€[39m[90mâ”€[39m[90mâ”€[39m[90mâ”€[39m[90mâ”€[39m[90mâ”€[39m[90mâ”€[39m[90mâ”€[39m[90mâ”€[39m[90mâ”€[39m[90mâ”€[39m[90mâ”€[39m[90mâ”€[39m[90mâ”€[39m[90mâ”€[39m[90mâ”€[39m[90mâ”€[39m[90mâ”€[39m[90mâ”€[39m[90mâ”€[39m[90mâ”€[39m[90mâ”€[39m[90mâ”€[39m[90mâ”€[39m[90mâ”€[39m[90mâ”€[39m[90mâ”€[39m[90mâ”€[39m[90mâ”€[39m[90mâ”€[39m[90mâ”€[39m[90mâ”€[39m[90mâ”€[39m[90mâ”€[39m[90mâ”€[39m[90mâ”€[39m[90mâ”€[39m[90mâ”€[39m[90mâ”€[39m[90mâ”€[39m[90mâ”€[39m[90mâ”€[39m[90mâ”€[39m[90mâ”€[39m[90mâ”€[39m[90mâ”€[39m[90mâ”€[39m[90mâ”€[39m[90mâ”€[39m[90mâ”€[39m[90mâ”€[39m[90mâ”€[39m[90mâ”€[39m[90mâ”€[39m[90mâ”€[39m[90mâ”€[39m[90mâ”€[39m[90mâ”€[39m[90mâ”€[39m[90mâ”€[39m[90mâ”€[39m[90mâ”€[39m[90mâ”€[39m[90mâ”€[39m[90mâ”€[39m[90mâ”€[39m[90mâ”€[39m[90mâ”€[39m[90mâ”€[39m[90mâ”€[39m[90mâ”€[39m[90mâ”€[39m[90mâ”€[39m[90mâ”€[39m[90mâ”€[39m[90mâ”€[39m[90mâ”€[39m[90mâ”€[39m[90mâ”€[39m[90mâ”€[39m[90mâ”€[39m[90mâ”€[39m[90mâ”€[39m[90mâ”€[39m[90mâ”€[39m[90mâ”€[39m[90mâ”€[39m[90mâ”€[39m[90mâ”€[39m[90mâ”€[39m[90mâ”€[39m[90mâ”€[39m[90mâ”€[39m[90mâ”€[39m[90mâ”€[39m[90mâ”˜[39m
Admin UI E2E (3, chrome)	Run Cypress	2025-02-20T15:47:22.3879666Z 
Admin UI E2E (3, chrome)	Run Cypress	2025-02-20T15:47:22.3948473Z 
Admin UI E2E (3, chrome)	Run Cypress	2025-02-20T15:47:22.4371554Z [90m====================================================================================================[39m
Admin UI E2E (3, chrome)	Run Cypress	2025-02-20T15:47:22.4371933Z 
Admin UI E2E (3, chrome)	Run Cypress	2025-02-20T15:47:22.4372185Z [0m  ([4m[1mRun Finished[22m[24m)[0m
Admin UI E2E (3, chrome)	Run Cypress	2025-02-20T15:47:22.4388139Z 
Admin UI E2E (3, chrome)	Run Cypress	2025-02-20T15:47:22.4388160Z 
Admin UI E2E (3, chrome)	Run Cypress	2025-02-20T15:47:22.4421766Z [90m   [39m    [90mSpec[39m                                              [90mTests[39m  [90mPassing[39m  [90mFailing[39m  [90mPending[39m  [90mSkipped[39m [90m [39m
Admin UI E2E (3, chrome)	Run Cypress	2025-02-20T15:47:22.4426954Z [90m  â”Œ[39m[90mâ”€[39m[90mâ”€[39m[90mâ”€[39m[90mâ”€[39m[90mâ”€[39m[90mâ”€[39m[90mâ”€[39m[90mâ”€[39m[90mâ”€[39m[90mâ”€[39m[90mâ”€[39m[90mâ”€[39m[90mâ”€[39m[90mâ”€[39m[90mâ”€[39m[90mâ”€[39m[90mâ”€[39m[90mâ”€[39m[90mâ”€[39m[90mâ”€[39m[90mâ”€[39m[90mâ”€[39m[90mâ”€[39m[90mâ”€[39m[90mâ”€[39m[90mâ”€[39m[90mâ”€[39m[90mâ”€[39m[90mâ”€[39m[90mâ”€[39m[90mâ”€[39m[90mâ”€[39m[90mâ”€[39m[90mâ”€[39m[90mâ”€[39m[90mâ”€[39m[90mâ”€[39m[90mâ”€[39m[90mâ”€[39m[90mâ”€[39m[90mâ”€[39m[90mâ”€[39m[90mâ”€[39m[90mâ”€[39m[90mâ”€[39m[90mâ”€[39m[90mâ”€[39m[90mâ”€[39m[90mâ”€[39m[90mâ”€[39m[90mâ”€[39m[90mâ”€[39m[90mâ”€[39m[90mâ”€[39m[90mâ”€[39m[90mâ”€[39m[90mâ”€[39m[90mâ”€[39m[90mâ”€[39m[90mâ”€[39m[90mâ”€[39m[90mâ”€[39m[90mâ”€[39m[90mâ”€[39m[90mâ”€[39m[90mâ”€[39m[90mâ”€[39m[90mâ”€[39m[90mâ”€[39m[90mâ”€[39m[90mâ”€[39m[90mâ”€[39m[90mâ”€[39m[90mâ”€[39m[90mâ”€[39m[90mâ”€[39m[90mâ”€[39m[90mâ”€[39m[90mâ”€[39m[90mâ”€[39m[90mâ”€[39m[90mâ”€[39m[90mâ”€[39m[90mâ”€[39m[90mâ”€[39m[90mâ”€[39m[90mâ”€[39m[90mâ”€[39m[90mâ”€[39m[90mâ”€[39m[90mâ”€[39m[90mâ”€[39m[90mâ”€[39m[90mâ”€[39m[90mâ”€[39m[90mâ”€[39m[90mâ”[39m
Admin UI E2E (3, chrome)	Run Cypress	2025-02-20T15:47:22.4431955Z [90m  â”‚[39m [32mâœ”[39m  [0mgroup_test.spec.ts[0m                       [90m02:28[39m       [0m46[0m       [32m46[39m        [90m-[39m        [90m-[39m        [90m-[39m [90mâ”‚[39m
Admin UI E2E (3, chrome)	Run Cypress	2025-02-20T15:47:22.4438293Z [90m  â”œ[39m[90mâ”€[39m[90mâ”€[39m[90mâ”€[39m[90mâ”€[39m[90mâ”€[39m[90mâ”€[39m[90mâ”€[39m[90mâ”€[39m[90mâ”€[39m[90mâ”€[39m[90mâ”€[39m[90mâ”€[39m[90mâ”€[39m[90mâ”€[39m[90mâ”€[39m[90mâ”€[39m[90mâ”€[39m[90mâ”€[39m[90mâ”€[39m[90mâ”€[39m[90mâ”€[39m[90mâ”€[39m[90mâ”€[39m[90mâ”€[39m[90mâ”€[39m[90mâ”€[39m[90mâ”€[39m[90mâ”€[39m[90mâ”€[39m[90mâ”€[39m[90mâ”€[39m[90mâ”€[39m[90mâ”€[39m[90mâ”€[39m[90mâ”€[39m[90mâ”€[39m[90mâ”€[39m[90mâ”€[39m[90mâ”€[39m[90mâ”€[39m[90mâ”€[39m[90mâ”€[39m[90mâ”€[39m[90mâ”€[39m[90mâ”€[39m[90mâ”€[39m[90mâ”€[39m[90mâ”€[39m[90mâ”€[39m[90mâ”€[39m[90mâ”€[39m[90mâ”€[39m[90mâ”€[39m[90mâ”€[39m[90mâ”€[39m[90mâ”€[39m[90mâ”€[39m[90mâ”€[39m[90mâ”€[39m[90mâ”€[39m[90mâ”€[39m[90mâ”€[39m[90mâ”€[39m[90mâ”€[39m[90mâ”€[39m[90mâ”€[39m[90mâ”€[39m[90mâ”€[39m[90mâ”€[39m[90mâ”€[39m[90mâ”€[39m[90mâ”€[39m[90mâ”€[39m[90mâ”€[39m[90mâ”€[39m[90mâ”€[39m[90mâ”€[39m[90mâ”€[39m[90mâ”€[39m[90mâ”€[39m[90mâ”€[39m[90mâ”€[39m[90mâ”€[39m[90mâ”€[39m[90mâ”€[39m[90mâ”€[39m[90mâ”€[39m[90mâ”€[39m[90mâ”€[39m[90mâ”€[39m[90mâ”€[39m[90mâ”€[39m[90mâ”€[39m[90mâ”€[39m[90mâ”€[39m[90mâ”€[39m[90mâ”¤[39m
Admin UI E2E (3, chrome)	Run Cypress	2025-02-20T15:47:22.4443166Z [90m  â”‚[39m [32mâœ”[39m  [0msessions_test.spec.ts[0m                    [90m00:27[39m       [0m13[0m        [32m8[39m        [90m-[39m        [36m5[39m        [90m-[39m [90mâ”‚[39m
Admin UI E2E (3, chrome)	Run Cypress	2025-02-20T15:47:22.4450387Z [90m  â”œ[39m[90mâ”€[39m[90mâ”€[39m[90mâ”€[39m[90mâ”€[39m[90mâ”€[39m[90mâ”€[39m[90mâ”€[39m[90mâ”€[39m[90mâ”€[39m[90mâ”€[39m[90mâ”€[39m[90mâ”€[39m[90mâ”€[39m[90mâ”€[39m[90mâ”€[39m[90mâ”€[39m[90mâ”€[39m[90mâ”€[39m[90mâ”€[39m[90mâ”€[39m[90mâ”€[39m[90mâ”€[39m[90mâ”€[39m[90mâ”€[39m[90mâ”€[39m[90mâ”€[39m[90mâ”€[39m[90mâ”€[39m[90mâ”€[39m[90mâ”€[39m[90mâ”€[39m[90mâ”€[39m[90mâ”€[39m[90mâ”€[39m[90mâ”€[39m[90mâ”€[39m[90mâ”€[39m[90mâ”€[39m[90mâ”€[39m[90mâ”€[39m[90mâ”€[39m[90mâ”€[39m[90mâ”€[39m[90mâ”€[39m[90mâ”€[39m[90mâ”€[39m[90mâ”€[39m[90mâ”€[39m[90mâ”€[39m[90mâ”€[39m[90mâ”€[39m[90mâ”€[39m[90mâ”€[39m[90mâ”€[39m[90mâ”€[39m[90mâ”€[39m[90mâ”€[39m[90mâ”€[39m[90mâ”€[39m[90mâ”€[39m[90mâ”€[39m[90mâ”€[39m[90mâ”€[39m[90mâ”€[39m[90mâ”€[39m[90mâ”€[39m[90mâ”€[39m[90mâ”€[39m[90mâ”€[39m[90mâ”€[39m[90mâ”€[39m[90mâ”€[39m[90mâ”€[39m[90mâ”€[39m[90mâ”€[39m[90mâ”€[39m[90mâ”€[39m[90mâ”€[39m[90mâ”€[39m[90mâ”€[39m[90mâ”€[39m[90mâ”€[39m[90mâ”€[39m[90mâ”€[39m[90mâ”€[39m[90mâ”€[39m[90mâ”€[39m[90mâ”€[39m[90mâ”€[39m[90mâ”€[39m[90mâ”€[39m[90mâ”€[39m[90mâ”€[39m[90mâ”€[39m[90mâ”€[39m[90mâ”€[39m[90mâ”¤[39m
Admin UI E2E (3, chrome)	Run Cypress	2025-02-20T15:47:22.4462524Z [90m  â”‚[39m [31mâœ–[39m  [0mclients_test.spec.ts[0m                     [90m04:24[39m       [0m24[0m       [32m23[39m        [31m1[39m        [90m-[39m        [90m-[39m [90mâ”‚[39m
Admin UI E2E (3, chrome)	Run Cypress	2025-02-20T15:47:22.4470913Z [90m  â”œ[39m[90mâ”€[39m[90mâ”€[39m[90mâ”€[39m[90mâ”€[39m[90mâ”€[39m[90mâ”€[39m[90mâ”€[39m[90mâ”€[39m[90mâ”€[39m[90mâ”€[39m[90mâ”€[39m[90mâ”€[39m[90mâ”€[39m[90mâ”€[39m[90mâ”€[39m[90mâ”€[39m[90mâ”€[39m[90mâ”€[39m[90mâ”€[39m[90mâ”€[39m[90mâ”€[39m[90mâ”€[39m[90mâ”€[39m[90mâ”€[39m[90mâ”€[39m[90mâ”€[39m[90mâ”€[39m[90mâ”€[39m[90mâ”€[39m[90mâ”€[39m[90mâ”€[39m[90mâ”€[39m[90mâ”€[39m[90mâ”€[39m[90mâ”€[39m[90mâ”€[39m[90mâ”€[39m[90mâ”€[39m[90mâ”€[39m[90mâ”€[39m[90mâ”€[39m[90mâ”€[39m[90mâ”€[39m[90mâ”€[39m[90mâ”€[39m[90mâ”€[39m[90mâ”€[39m[90mâ”€[39m[90mâ”€[39m[90mâ”€[39m[90mâ”€[39m[90mâ”€[39m[90mâ”€[39m[90mâ”€[39m[90mâ”€[39m[90mâ”€[39m[90mâ”€[39m[90mâ”€[39m[90mâ”€[39m[90mâ”€[39m[90mâ”€[39m[90mâ”€[39m[90mâ”€[39m[90mâ”€[39m[90mâ”€[39m[90mâ”€[39m[90mâ”€[39m[90mâ”€[39m[90mâ”€[39m[90mâ”€[39m[90mâ”€[39m[90mâ”€[39m[90mâ”€[39m[90mâ”€[39m[90mâ”€[39m[90mâ”€[39m[90mâ”€[39m[90mâ”€[39m[90mâ”€[39m[90mâ”€[39m[90mâ”€[39m[90mâ”€[39m[90mâ”€[39m[90mâ”€[39m[90mâ”€[39m[90mâ”€[39m[90mâ”€[39m[90mâ”€[39m[90mâ”€[39m[90mâ”€[39m[90mâ”€[39m[90mâ”€[39m[90mâ”€[39m[90mâ”€[39m[90mâ”€[39m[90mâ”€[39m[90mâ”¤[39m
Admin UI E2E (3, chrome)	Run Cypress	2025-02-20T15:47:22.4476010Z [90m  â”‚[39m [32mâœ”[39m  [0muser_fed_ldap_mapper_test.spec.ts[0m        [90m01:13[39m       [0m15[0m       [32m15[39m        [90m-[39m        [90m-[39m        [90m-[39m [90mâ”‚[39m
Admin UI E2E (3, chrome)	Run Cypress	2025-02-20T15:47:22.4485001Z [90m  â”œ[39m[90mâ”€[39m[90mâ”€[39m[90mâ”€[39m[90mâ”€[39m[90mâ”€[39m[90mâ”€[39m[90mâ”€[39m[90mâ”€[39m[90mâ”€[39m[90mâ”€[39m[90mâ”€[39m[90mâ”€[39m[90mâ”€[39m[90mâ”€[39m[90mâ”€[39m[90mâ”€[39m[90mâ”€[39m[90mâ”€[39m[90mâ”€[39m[90mâ”€[39m[90mâ”€[39m[90mâ”€[39m[90mâ”€[39m[90mâ”€[39m[90mâ”€[39m[90mâ”€[39m[90mâ”€[39m[90mâ”€[39m[90mâ”€[39m[90mâ”€[39m[90mâ”€[39m[90mâ”€[39m[90mâ”€[39m[90mâ”€[39m[90mâ”€[39m[90mâ”€[39m[90mâ”€[39m[90mâ”€[39m[90mâ”€[39m[90mâ”€[39m[90mâ”€[39m[90mâ”€[39m[90mâ”€[39m[90mâ”€[39m[90mâ”€[39m[90mâ”€[39m[90mâ”€[39m[90mâ”€[39m[90mâ”€[39m[90mâ”€[39m[90mâ”€[39m[90mâ”€[39m[90mâ”€[39m[90mâ”€[39m[90mâ”€[39m[90mâ”€[39m[90mâ”€[39m[90mâ”€[39m[90mâ”€[39m[90mâ”€[39m[90mâ”€[39m[90mâ”€[39m[90mâ”€[39m[90mâ”€[39m[90mâ”€[39m[90mâ”€[39m[90mâ”€[39m[90mâ”€[39m[90mâ”€[39m[90mâ”€[39m[90mâ”€[39m[90mâ”€[39m[90mâ”€[39m[90mâ”€[39m[90mâ”€[39m[90mâ”€[39m[90mâ”€[39m[90mâ”€[39m[90mâ”€[39m[90mâ”€[39m[90mâ”€[39m[90mâ”€[39m[90mâ”€[39m[90mâ”€[39m[90mâ”€[39m[90mâ”€[39m[90mâ”€[39m[90mâ”€[39m[90mâ”€[39m[90mâ”€[39m[90mâ”€[39m[90mâ”€[39m[90mâ”€[39m[90mâ”€[39m[90mâ”€[39m[90mâ”€[39m[90mâ”¤[39m
Admin UI E2E (3, chrome)	Run Cypress	2025-02-20T15:47:22.4489943Z [90m  â”‚[39m [32mâœ”[39m  [0mclient_registration_policies.spec.t[0m      [90m00:22[39m        [0m9[0m        [32m9[39m        [90m-[39m        [90m-[39m        [90m-[39m [90mâ”‚[39m
Admin UI E2E (3, chrome)	Run Cypress	2025-02-20T15:47:22.4491274Z [90m  â”‚[39m    [0ms[0m                                                                                           [90mâ”‚[39m
Admin UI E2E (3, chrome)	Run Cypress	2025-02-20T15:47:22.4498101Z [90m  â”œ[39m[90mâ”€[39m[90mâ”€[39m[90mâ”€[39m[90mâ”€[39m[90mâ”€[39m[90mâ”€[39m[90mâ”€[39m[90mâ”€[39m[90mâ”€[39m[90mâ”€[39m[90mâ”€[39m[90mâ”€[39m[90mâ”€[39m[90mâ”€[39m[90mâ”€[39m[90mâ”€[39m[90mâ”€[39m[90mâ”€[39m[90mâ”€[39m[90mâ”€[39m[90mâ”€[39m[90mâ”€[39m[90mâ”€[39m[90mâ”€[39m[90mâ”€[39m[90mâ”€[39m[90mâ”€[39m[90mâ”€[39m[90mâ”€[39m[90mâ”€[39m[90mâ”€[39m[90mâ”€[39m[90mâ”€[39m[90mâ”€[39m[90mâ”€[39m[90mâ”€[39m[90mâ”€[39m[90mâ”€[39m[90mâ”€[39m[90mâ”€[39m[90mâ”€[39m[90mâ”€[39m[90mâ”€[39m[90mâ”€[39m[90mâ”€[39m[90mâ”€[39m[90mâ”€[39m[90mâ”€[39m[90mâ”€[39m[90mâ”€[39m[90mâ”€[39m[90mâ”€[39m[90mâ”€[39m[90mâ”€[39m[90mâ”€[39m[90mâ”€[39m[90mâ”€[39m[90mâ”€[39m[90mâ”€[39m[90mâ”€[39m[90mâ”€[39m[90mâ”€[39m[90mâ”€[39m[90mâ”€[39m[90mâ”€[39m[90mâ”€[39m[90mâ”€[39m[90mâ”€[39m[90mâ”€[39m[90mâ”€[39m[90mâ”€[39m[90mâ”€[39m[90mâ”€[39m[90mâ”€[39m[90mâ”€[39m[90mâ”€[39m[90mâ”€[39m[90mâ”€[39m[90mâ”€[39m[90mâ”€[39m[90mâ”€[39m[90mâ”€[39m[90mâ”€[39m[90mâ”€[39m[90mâ”€[39m[90mâ”€[39m[90mâ”€[39m[90mâ”€[39m[90mâ”€[39m[90mâ”€[39m[90mâ”€[39m[90mâ”€[39m[90mâ”€[39m[90mâ”€[39m[90mâ”€[39m[90mâ”€[39m[90mâ”¤[39m
Admin UI E2E (3, chrome)	Run Cypress	2025-02-20T15:47:22.4503979Z [90m  â”‚[39m [32mâœ”[39m  [0mrealm_settings_user_profile_enabled[0m      [90m01:18[39m       [0m14[0m       [32m14[39m        [90m-[39m        [90m-[39m        [90m-[39m [90mâ”‚[39m
Admin UI E2E (3, chrome)	Run Cypress	2025-02-20T15:47:22.4505600Z [90m  â”‚[39m    [0m.spec.ts[0m                                                                                    [90mâ”‚[39m
Admin UI E2E (3, chrome)	Run Cypress	2025-02-20T15:47:22.4512531Z [90m  â”œ[39m[90mâ”€[39m[90mâ”€[39m[90mâ”€[39m[90mâ”€[39m[90mâ”€[39m[90mâ”€[39m[90mâ”€[39m[90mâ”€[39m[90mâ”€[39m[90mâ”€[39m[90mâ”€[39m[90mâ”€[39m[90mâ”€[39m[90mâ”€[39m[90mâ”€[39m[90mâ”€[39m[90mâ”€[39m[90mâ”€[39m[90mâ”€[39m[90mâ”€[39m[90mâ”€[39m[90mâ”€[39m[90mâ”€[39m[90mâ”€[39m[90mâ”€[39m[90mâ”€[39m[90mâ”€[39m[90mâ”€[39m[90mâ”€[39m[90mâ”€[39m[90mâ”€[39m[90mâ”€[39m[90mâ”€[39m[90mâ”€[39m[90mâ”€[39m[90mâ”€[39m[90mâ”€[39m[90mâ”€[39m[90mâ”€[39m[90mâ”€[39m[90mâ”€[39m[90mâ”€[39m[90mâ”€[39m[90mâ”€[39m[90mâ”€[39m[90mâ”€[39m[90mâ”€[39m[90mâ”€[39m[90mâ”€[39m[90mâ”€[39m[90mâ”€[39m[90mâ”€[39m[90mâ”€[39m[90mâ”€[39m[90mâ”€[39m[90mâ”€[39m[90mâ”€[39m[90mâ”€[39m[90mâ”€[39m[90mâ”€[39m[90mâ”€[39m[90mâ”€[39m[90mâ”€[39m[90mâ”€[39m[90mâ”€[39m[90mâ”€[39m[90mâ”€[39m[90mâ”€[39m[90mâ”€[39m[90mâ”€[39m[90mâ”€[39m[90mâ”€[39m[90mâ”€[39m[90mâ”€[39m[90mâ”€[39m[90mâ”€[39m[90mâ”€[39m[90mâ”€[39m[90mâ”€[39m[90mâ”€[39m[90mâ”€[39m[90mâ”€[39m[90mâ”€[39m[90mâ”€[39m[90mâ”€[39m[90mâ”€[39m[90mâ”€[39m[90mâ”€[39m[90mâ”€[39m[90mâ”€[39m[90mâ”€[39m[90mâ”€[39m[90mâ”€[39m[90mâ”€[39m[90mâ”€[39m[90mâ”€[39m[90mâ”¤[39m
Admin UI E2E (3, chrome)	Run Cypress	2025-02-20T15:47:22.4517921Z [90m  â”‚[39m [32mâœ”[39m  [0mrealm_settings_events_test.spec.ts[0m       [90m01:09[39m       [0m22[0m       [32m21[39m        [90m-[39m        [36m1[39m        [90m-[39m [90mâ”‚[39m
Admin UI E2E (3, chrome)	Run Cypress	2025-02-20T15:47:22.4525590Z [90m  â”œ[39m[90mâ”€[39m[90mâ”€[39m[90mâ”€[39m[90mâ”€[39m[90mâ”€[39m[90mâ”€[39m[90mâ”€[39m[90mâ”€[39m[90mâ”€[39m[90mâ”€[39m[90mâ”€[39m[90mâ”€[39m[90mâ”€[39m[90mâ”€[39m[90mâ”€[39m[90mâ”€[39m[90mâ”€[39m[90mâ”€[39m[90mâ”€[39m[90mâ”€[39m[90mâ”€[39m[90mâ”€[39m[90mâ”€[39m[90mâ”€[39m[90mâ”€[39m[90mâ”€[39m[90mâ”€[39m[90mâ”€[39m[90mâ”€[39m[90mâ”€[39m[90mâ”€[39m[90mâ”€[39m[90mâ”€[39m[90mâ”€[39m[90mâ”€[39m[90mâ”€[39m[90mâ”€[39m[90mâ”€[39m[90mâ”€[39m[90mâ”€[39m[90mâ”€[39m[90mâ”€[39m[90mâ”€[39m[90mâ”€[39m[90mâ”€[39m[90mâ”€[39m[90mâ”€[39m[90mâ”€[39m[90mâ”€[39m[90mâ”€[39m[90mâ”€[39m[90mâ”€[39m[90mâ”€[39m[90mâ”€[39m[90mâ”€[39m[90mâ”€[39m[90mâ”€[39m[90mâ”€[39m[90mâ”€[39m[90mâ”€[39m[90mâ”€[39m[90mâ”€[39m[90mâ”€[39m[90mâ”€[39m[90mâ”€[39m[90mâ”€[39m[90mâ”€[39m[90mâ”€[39m[90mâ”€[39m[90mâ”€[39m[90mâ”€[39m[90mâ”€[39m[90mâ”€[39m[90mâ”€[39m[90mâ”€[39m[90mâ”€[39m[90mâ”€[39m[90mâ”€[39m[90mâ”€[39m[90mâ”€[39m[90mâ”€[39m[90mâ”€[39m[90mâ”€[39m[90mâ”€[39m[90mâ”€[39m[90mâ”€[39m[90mâ”€[39m[90mâ”€[39m[90mâ”€[39m[90mâ”€[39m[90mâ”€[39m[90mâ”€[39m[90mâ”€[39m[90mâ”€[39m[90mâ”€[39m[90mâ”€[39m[90mâ”¤[39m
Admin UI E2E (3, chrome)	Run Cypress	2025-02-20T15:47:22.4530693Z [90m  â”‚[39m [32mâœ”[39m  [0mclient_advanced.spec.ts[0m                  [90m00:33[39m        [0m6[0m        [32m6[39m        [90m-[39m        [90m-[39m        [90m-[39m [90mâ”‚[39m
Admin UI E2E (3, chrome)	Run Cypress	2025-02-20T15:47:22.4538815Z [90m  â””[39m[90mâ”€[39m[90mâ”€[39m[90mâ”€[39m[90mâ”€[39m[90mâ”€[39m[90mâ”€[39m[90mâ”€[39m[90mâ”€[39m[90mâ”€[39m[90mâ”€[39m[90mâ”€[39m[90mâ”€[39m[90mâ”€[39m[90mâ”€[39m[90mâ”€[39m[90mâ”€[39m[90mâ”€[39m[90mâ”€[39m[90mâ”€[39m[90mâ”€[39m[90mâ”€[39m[90mâ”€[39m[90mâ”€[39m[90mâ”€[39m[90mâ”€[39m[90mâ”€[39m[90mâ”€[39m[90mâ”€[39m[90mâ”€[39m[90mâ”€[39m[90mâ”€[39m[90mâ”€[39m[90mâ”€[39m[90mâ”€[39m[90mâ”€[39m[90mâ”€[39m[90mâ”€[39m[90mâ”€[39m[90mâ”€[39m[90mâ”€[39m[90mâ”€[39m[90mâ”€[39m[90mâ”€[39m[90mâ”€[39m[90mâ”€[39m[90mâ”€[39m[90mâ”€[39m[90mâ”€[39m[90mâ”€[39m[90mâ”€[39m[90mâ”€[39m[90mâ”€[39m[90mâ”€[39m[90mâ”€[39m[90mâ”€[39m[90mâ”€[39m[90mâ”€[39m[90mâ”€[39m[90mâ”€[39m[90mâ”€[39m[90mâ”€[39m[90mâ”€[39m[90mâ”€[39m[90mâ”€[39m[90mâ”€[39m[90mâ”€[39m[90mâ”€[39m[90mâ”€[39m[90mâ”€[39m[90mâ”€[39m[90mâ”€[39m[90mâ”€[39m[90mâ”€[39m[90mâ”€[39m[90mâ”€[39m[90mâ”€[39m[90mâ”€[39m[90mâ”€[39m[90mâ”€[39m[90mâ”€[39m[90mâ”€[39m[90mâ”€[39m[90mâ”€[39m[90mâ”€[39m[90mâ”€[39m[90mâ”€[39m[90mâ”€[39m[90mâ”€[39m[90mâ”€[39m[90mâ”€[39m[90mâ”€[39m[90mâ”€[39m[90mâ”€[39m[90mâ”€[39m[90mâ”€[39m[90mâ”€[39m[90mâ”˜[39m
Admin UI E2E (3, chrome)	Run Cypress	2025-02-20T15:47:22.4543625Z [90m   [39m [31mâœ–[39m  [31m1 of 8 failed (13%)[39m                      [90m11:58[39m      [0m149[0m      [32m142[39m        [31m1[39m        [36m6[39m        [90m-[39m [90m [39m
Admin UI E2E (3, chrome)	Run Cypress	2025-02-20T15:47:22.4544304Z 
Admin UI E2E (3, chrome)	Run Cypress	2025-02-20T15:47:22.5696585Z ##[error]Cypress tests: 1 failed
Status Check - Keycloak JavaScript CI	Run /./.github/actions/status-check	2025-02-20T15:47:39.0164829Z Prepare all required actions
Status Check - Keycloak JavaScript CI	Run /./.github/actions/status-check	2025-02-20T15:47:39.0234840Z ##[group]Run ./.github/actions/status-check
Status Check - Keycloak JavaScript CI	Run /./.github/actions/status-check	2025-02-20T15:47:39.0235257Z with:
Status Check - Keycloak JavaScript CI	Run /./.github/actions/status-check	2025-02-20T15:47:39.0236656Z   jobs: {
Status Check - Keycloak JavaScript CI	Run /./.github/actions/status-check	  "conditional": {
Status Check - Keycloak JavaScript CI	Run /./.github/actions/status-check	    "result": "success",
Status Check - Keycloak JavaScript CI	Run /./.github/actions/status-check	    "outputs": {
Status Check - Keycloak JavaScript CI	Run /./.github/actions/status-check	      "js-ci": "true"
Status Check - Keycloak JavaScript CI	Run /./.github/actions/status-check	    }
Status Check - Keycloak JavaScript CI	Run /./.github/actions/status-check	  },
Status Check - Keycloak JavaScript CI	Run /./.github/actions/status-check	  "build-keycloak": {
Status Check - Keycloak JavaScript CI	Run /./.github/actions/status-check	    "result": "success",
Status Check - Keycloak JavaScript CI	Run /./.github/actions/status-check	    "outputs": {}
Status Check - Keycloak JavaScript CI	Run /./.github/actions/status-check	  },
Status Check - Keycloak JavaScript CI	Run /./.github/actions/status-check	  "admin-client": {
Status Check - Keycloak JavaScript CI	Run /./.github/actions/status-check	    "result": "success",
Status Check - Keycloak JavaScript CI	Run /./.github/actions/status-check	    "outputs": {}
Status Check - Keycloak JavaScript CI	Run /./.github/actions/status-check	  },
Status Check - Keycloak JavaScript CI	Run /./.github/actions/status-check	  "ui-shared": {
Status Check - Keycloak JavaScript CI	Run /./.github/actions/status-check	    "result": "success",
Status Check - Keycloak JavaScript CI	Run /./.github/actions/status-check	    "outputs": {}
Status Check - Keycloak JavaScript CI	Run /./.github/actions/status-check	  },
Status Check - Keycloak JavaScript CI	Run /./.github/actions/status-check	  "account-ui": {
Status Check - Keycloak JavaScript CI	Run /./.github/actions/status-check	    "result": "success",
Status Check - Keycloak JavaScript CI	Run /./.github/actions/status-check	    "outputs": {}
Status Check - Keycloak JavaScript CI	Run /./.github/actions/status-check	  },
Status Check - Keycloak JavaScript CI	Run /./.github/actions/status-check	  "account-ui-e2e": {
Status Check - Keycloak JavaScript CI	Run /./.github/actions/status-check	    "result": "success",
Status Check - Keycloak JavaScript CI	Run /./.github/actions/status-check	    "outputs": {}
Status Check - Keycloak JavaScript CI	Run /./.github/actions/status-check	  },
Status Check - Keycloak JavaScript CI	Run /./.github/actions/status-check	  "admin-ui": {
Status Check - Keycloak JavaScript CI	Run /./.github/actions/status-check	    "result": "success",
Status Check - Keycloak JavaScript CI	Run /./.github/actions/status-check	    "outputs": {}
Status Check - Keycloak JavaScript CI	Run /./.github/actions/status-check	  },
Status Check - Keycloak JavaScript CI	Run /./.github/actions/status-check	  "admin-ui-e2e": {
Status Check - Keycloak JavaScript CI	Run /./.github/actions/status-check	    "result": "failure",
Status Check - Keycloak JavaScript CI	Run /./.github/actions/status-check	    "outputs": {}
Status Check - Keycloak JavaScript CI	Run /./.github/actions/status-check	  }
Status Check - Keycloak JavaScript CI	Run /./.github/actions/status-check	}
Status Check - Keycloak JavaScript CI	Run /./.github/actions/status-check	2025-02-20T15:47:39.0238174Z env:
Status Check - Keycloak JavaScript CI	Run /./.github/actions/status-check	2025-02-20T15:47:39.0238540Z   MAVEN_ARGS: -B -nsu -Daether.connector.http.connectionMaxTtl=25
Status Check - Keycloak JavaScript CI	Run /./.github/actions/status-check	2025-02-20T15:47:39.0238996Z   RETRY_COUNT: 3
Status Check - Keycloak JavaScript CI	Run /./.github/actions/status-check	2025-02-20T15:47:39.0239284Z ##[endgroup]
Status Check - Keycloak JavaScript CI	Run /./.github/actions/status-check	2025-02-20T15:47:39.0428677Z ##[group]Run JOBS='{
Status Check - Keycloak JavaScript CI	Run /./.github/actions/status-check	2025-02-20T15:47:39.0429226Z [36;1mJOBS='{[0m
Status Check - Keycloak JavaScript CI	Run /./.github/actions/status-check	2025-02-20T15:47:39.0429524Z [36;1m  "conditional": {[0m
Status Check - Keycloak JavaScript CI	Run /./.github/actions/status-check	2025-02-20T15:47:39.0429850Z [36;1m    "result": "success",[0m
Status Check - Keycloak JavaScript CI	Run /./.github/actions/status-check	2025-02-20T15:47:39.0430190Z [36;1m    "outputs": {[0m
Status Check - Keycloak JavaScript CI	Run /./.github/actions/status-check	2025-02-20T15:47:39.0430497Z [36;1m      "js-ci": "true"[0m
Status Check - Keycloak JavaScript CI	Run /./.github/actions/status-check	2025-02-20T15:47:39.0430799Z [36;1m    }[0m
Status Check - Keycloak JavaScript CI	Run /./.github/actions/status-check	2025-02-20T15:47:39.0431256Z [36;1m  },[0m
Status Check - Keycloak JavaScript CI	Run /./.github/actions/status-check	2025-02-20T15:47:39.0431599Z [36;1m  "build-keycloak": {[0m
Status Check - Keycloak JavaScript CI	Run /./.github/actions/status-check	2025-02-20T15:47:39.0431922Z [36;1m    "result": "success",[0m
Status Check - Keycloak JavaScript CI	Run /./.github/actions/status-check	2025-02-20T15:47:39.0432248Z [36;1m    "outputs": {}[0m
Status Check - Keycloak JavaScript CI	Run /./.github/actions/status-check	2025-02-20T15:47:39.0432536Z [36;1m  },[0m
Status Check - Keycloak JavaScript CI	Run /./.github/actions/status-check	2025-02-20T15:47:39.0432801Z [36;1m  "admin-client": {[0m
Status Check - Keycloak JavaScript CI	Run /./.github/actions/status-check	2025-02-20T15:47:39.0433111Z [36;1m    "result": "success",[0m
Status Check - Keycloak JavaScript CI	Run /./.github/actions/status-check	2025-02-20T15:47:39.0433433Z [36;1m    "outputs": {}[0m
Status Check - Keycloak JavaScript CI	Run /./.github/actions/status-check	2025-02-20T15:47:39.0433718Z [36;1m  },[0m
Status Check - Keycloak JavaScript CI	Run /./.github/actions/status-check	2025-02-20T15:47:39.0433978Z [36;1m  "ui-shared": {[0m
Status Check - Keycloak JavaScript CI	Run /./.github/actions/status-check	2025-02-20T15:47:39.0434271Z [36;1m    "result": "success",[0m
Status Check - Keycloak JavaScript CI	Run /./.github/actions/status-check	2025-02-20T15:47:39.0434583Z [36;1m    "outputs": {}[0m
Status Check - Keycloak JavaScript CI	Run /./.github/actions/status-check	2025-02-20T15:47:39.0434862Z [36;1m  },[0m
Status Check - Keycloak JavaScript CI	Run /./.github/actions/status-check	2025-02-20T15:47:39.0435123Z [36;1m  "account-ui": {[0m
Status Check - Keycloak JavaScript CI	Run /./.github/actions/status-check	2025-02-20T15:47:39.0435415Z [36;1m    "result": "success",[0m
Status Check - Keycloak JavaScript CI	Run /./.github/actions/status-check	2025-02-20T15:47:39.0435723Z [36;1m    "outputs": {}[0m
Status Check - Keycloak JavaScript CI	Run /./.github/actions/status-check	2025-02-20T15:47:39.0435996Z [36;1m  },[0m
Status Check - Keycloak JavaScript CI	Run /./.github/actions/status-check	2025-02-20T15:47:39.0436251Z [36;1m  "account-ui-e2e": {[0m
Status Check - Keycloak JavaScript CI	Run /./.github/actions/status-check	2025-02-20T15:47:39.0436563Z [36;1m    "result": "success",[0m
Status Check - Keycloak JavaScript CI	Run /./.github/actions/status-check	2025-02-20T15:47:39.0436871Z [36;1m    "outputs": {}[0m
Status Check - Keycloak JavaScript CI	Run /./.github/actions/status-check	2025-02-20T15:47:39.0437149Z [36;1m  },[0m
Status Check - Keycloak JavaScript CI	Run /./.github/actions/status-check	2025-02-20T15:47:39.0437402Z [36;1m  "admin-ui": {[0m
Status Check - Keycloak JavaScript CI	Run /./.github/actions/status-check	2025-02-20T15:47:39.0437687Z [36;1m    "result": "success",[0m
Status Check - Keycloak JavaScript CI	Run /./.github/actions/status-check	2025-02-20T15:47:39.0437995Z [36;1m    "outputs": {}[0m
Status Check - Keycloak JavaScript CI	Run /./.github/actions/status-check	2025-02-20T15:47:39.0438268Z [36;1m  },[0m
Status Check - Keycloak JavaScript CI	Run /./.github/actions/status-check	2025-02-20T15:47:39.0438534Z [36;1m  "admin-ui-e2e": {[0m
Status Check - Keycloak JavaScript CI	Run /./.github/actions/status-check	2025-02-20T15:47:39.0438848Z [36;1m    "result": "failure",[0m
Status Check - Keycloak JavaScript CI	Run /./.github/actions/status-check	2025-02-20T15:47:39.0439150Z [36;1m    "outputs": {}[0m
Status Check - Keycloak JavaScript CI	Run /./.github/actions/status-check	2025-02-20T15:47:39.0439441Z [36;1m  }[0m
Status Check - Keycloak JavaScript CI	Run /./.github/actions/status-check	2025-02-20T15:47:39.0439684Z [36;1m}'[0m
Status Check - Keycloak JavaScript CI	Run /./.github/actions/status-check	2025-02-20T15:47:39.0439939Z [36;1m[0m
Status Check - Keycloak JavaScript CI	Run /./.github/actions/status-check	2025-02-20T15:47:39.0440207Z [36;1mecho "Job status:"[0m
Status Check - Keycloak JavaScript CI	Run /./.github/actions/status-check	2025-02-20T15:47:39.0440650Z [36;1mecho $JOBS | jq -r 'to_entries[] | " - \(.key): \(.value.result)"'[0m
Status Check - Keycloak JavaScript CI	Run /./.github/actions/status-check	2025-02-20T15:47:39.0441284Z [36;1m[0m
Status Check - Keycloak JavaScript CI	Run /./.github/actions/status-check	2025-02-20T15:47:39.0441715Z [36;1mfor i in $(echo $JOBS | jq -r 'to_entries[] | .value.result'); do[0m
Status Check - Keycloak JavaScript CI	Run /./.github/actions/status-check	2025-02-20T15:47:39.0442210Z [36;1m  if [ "$i" != "success" ] && [ "$i" != "skipped" ]; then[0m
Status Check - Keycloak JavaScript CI	Run /./.github/actions/status-check	2025-02-20T15:47:39.0442658Z [36;1m    echo ""[0m
Status Check - Keycloak JavaScript CI	Run /./.github/actions/status-check	2025-02-20T15:47:39.0442967Z [36;1m    echo "Status check not okay!"[0m
Status Check - Keycloak JavaScript CI	Run /./.github/actions/status-check	2025-02-20T15:47:39.0443304Z [36;1m    exit 1[0m
Status Check - Keycloak JavaScript CI	Run /./.github/actions/status-check	2025-02-20T15:47:39.0443568Z [36;1m  fi[0m
Status Check - Keycloak JavaScript CI	Run /./.github/actions/status-check	2025-02-20T15:47:39.0443820Z [36;1mdone[0m
Status Check - Keycloak JavaScript CI	Run /./.github/actions/status-check	2025-02-20T15:47:39.0586815Z shell: /usr/bin/bash --noprofile --norc -e -o pipefail {0}
Status Check - Keycloak JavaScript CI	Run /./.github/actions/status-check	2025-02-20T15:47:39.0587315Z env:
Status Check - Keycloak JavaScript CI	Run /./.github/actions/status-check	2025-02-20T15:47:39.0587757Z   MAVEN_ARGS: -B -nsu -Daether.connector.http.connectionMaxTtl=25
Status Check - Keycloak JavaScript CI	Run /./.github/actions/status-check	2025-02-20T15:47:39.0588209Z   RETRY_COUNT: 3
Status Check - Keycloak JavaScript CI	Run /./.github/actions/status-check	2025-02-20T15:47:39.0588492Z ##[endgroup]
Status Check - Keycloak JavaScript CI	Run /./.github/actions/status-check	2025-02-20T15:47:39.0683256Z Job status:
Status Check - Keycloak JavaScript CI	Run /./.github/actions/status-check	2025-02-20T15:47:39.0729244Z  - conditional: success
Status Check - Keycloak JavaScript CI	Run /./.github/actions/status-check	2025-02-20T15:47:39.0729673Z  - build-keycloak: success
Status Check - Keycloak JavaScript CI	Run /./.github/actions/status-check	2025-02-20T15:47:39.0730016Z  - admin-client: success
Status Check - Keycloak JavaScript CI	Run /./.github/actions/status-check	2025-02-20T15:47:39.0730356Z  - ui-shared: success
Status Check - Keycloak JavaScript CI	Run /./.github/actions/status-check	2025-02-20T15:47:39.0730661Z  - account-ui: success
Status Check - Keycloak JavaScript CI	Run /./.github/actions/status-check	2025-02-20T15:47:39.0730959Z  - account-ui-e2e: success
Status Check - Keycloak JavaScript CI	Run /./.github/actions/status-check	2025-02-20T15:47:39.0731529Z  - admin-ui: success
Status Check - Keycloak JavaScript CI	Run /./.github/actions/status-check	2025-02-20T15:47:39.0731840Z  - admin-ui-e2e: failure
Status Check - Keycloak JavaScript CI	Run /./.github/actions/status-check	2025-02-20T15:47:39.0764207Z 
Status Check - Keycloak JavaScript CI	Run /./.github/actions/status-check	2025-02-20T15:47:39.0764514Z Status check not okay!
Status Check - Keycloak JavaScript CI	Run /./.github/actions/status-check	2025-02-20T15:47:39.0777777Z ##[error]Process completed with exit code 1.
