Admin UI E2E (3, chrome)	Run Cypress	2025-03-11T09:04:09.3810947Z ##[group]Run cypress-io/github-action@v6
Admin UI E2E (3, chrome)	Run Cypress	2025-03-11T09:04:09.3811416Z with:
Admin UI E2E (3, chrome)	Run Cypress	2025-03-11T09:04:09.3811714Z   install: false
Admin UI E2E (3, chrome)	Run Cypress	2025-03-11T09:04:09.3812033Z   browser: chrome
Admin UI E2E (3, chrome)	Run Cypress	2025-03-11T09:04:09.3812403Z   wait-on: http://localhost:8080
Admin UI E2E (3, chrome)	Run Cypress	2025-03-11T09:04:09.3812857Z   working-directory: js/apps/admin-ui
Admin UI E2E (3, chrome)	Run Cypress	2025-03-11T09:04:09.3813279Z   record: false
Admin UI E2E (3, chrome)	Run Cypress	2025-03-11T09:04:09.3813614Z   publish-summary: true
Admin UI E2E (3, chrome)	Run Cypress	2025-03-11T09:04:09.3813969Z   component: false
Admin UI E2E (3, chrome)	Run Cypress	2025-03-11T09:04:09.3814276Z env:
Admin UI E2E (3, chrome)	Run Cypress	2025-03-11T09:04:09.3814719Z   MAVEN_ARGS: -B -nsu -Daether.connector.http.connectionMaxTtl=25
Admin UI E2E (3, chrome)	Run Cypress	2025-03-11T09:04:09.3815293Z   RETRY_COUNT: 3
Admin UI E2E (3, chrome)	Run Cypress	2025-03-11T09:04:09.3815876Z   WORKSPACE: keycloak-admin-ui
Admin UI E2E (3, chrome)	Run Cypress	2025-03-11T09:04:09.3816666Z   JAVA_HOME: /opt/hostedtoolcache/Java_Temurin-Hotspot_jdk/21.0.6-7/x64
Admin UI E2E (3, chrome)	Run Cypress	2025-03-11T09:04:09.3817490Z   JAVA_HOME_21_X64: /opt/hostedtoolcache/Java_Temurin-Hotspot_jdk/21.0.6-7/x64
Admin UI E2E (3, chrome)	Run Cypress	2025-03-11T09:04:09.3818113Z   SPLIT: 5
Admin UI E2E (3, chrome)	Run Cypress	2025-03-11T09:04:09.3818397Z   SPLIT_INDEX: 2
Admin UI E2E (3, chrome)	Run Cypress	2025-03-11T09:04:09.3818718Z   SPLIT_RANDOM_SEED: 99
Admin UI E2E (3, chrome)	Run Cypress	2025-03-11T09:04:09.3819110Z ##[endgroup]
Admin UI E2E (3, chrome)	Run Cypress	2025-03-11T09:04:09.6586973Z Skipping install because install parameter is false
Admin UI E2E (3, chrome)	Run Cypress	2025-03-11T09:04:09.6602505Z waiting on "http://localhost:8080" with timeout of 60 seconds
Admin UI E2E (3, chrome)	Run Cypress	2025-03-11T09:04:26.6735232Z It looks like this is your first time using Cypress: 14.1.0
Admin UI E2E (3, chrome)	Run Cypress	2025-03-11T09:04:26.6735695Z 
Admin UI E2E (3, chrome)	Run Cypress	2025-03-11T09:04:26.6758030Z [STARTED] Task without title.
Admin UI E2E (3, chrome)	Run Cypress	2025-03-11T09:04:28.1796950Z [SUCCESS] Task without title.
Admin UI E2E (3, chrome)	Run Cypress	2025-03-11T09:04:28.1800423Z 
Admin UI E2E (3, chrome)	Run Cypress	2025-03-11T09:04:28.1800612Z Opening Cypress...
Admin UI E2E (3, chrome)	Run Cypress	2025-03-11T09:04:28.7583660Z 
Admin UI E2E (3, chrome)	Run Cypress	2025-03-11T09:04:28.7585333Z DevTools listening on ws://127.0.0.1:37121/devtools/browser/9c8c46ff-1a70-4f21-9022-4c527ccee98e
Admin UI E2E (3, chrome)	Run Cypress	2025-03-11T09:04:29.3609240Z (node:2743) ExperimentalWarning: `--experimental-loader` may be removed in the future; instead use `register()`:
Admin UI E2E (3, chrome)	Run Cypress	2025-03-11T09:04:29.3610918Z --import 'data:text/javascript,import { register } from "node:module"; import { pathToFileURL } from "node:url"; register("file%3A///home/runner/.cache/Cypress/14.1.0/Cypress/resources/app/node_modules/ts-node/esm/transpile-only.mjs", pathToFileURL("./"));'
Admin UI E2E (3, chrome)	Run Cypress	2025-03-11T09:04:29.3612113Z (Use `node --trace-warnings ...` to show where the warning was created)
Admin UI E2E (3, chrome)	Run Cypress	2025-03-11T09:04:30.0722361Z cypress-split: there are 41 found specs
Admin UI E2E (3, chrome)	Run Cypress	2025-03-11T09:04:30.0724956Z the first 5 specs
Admin UI E2E (3, chrome)	Run Cypress	2025-03-11T09:04:30.0726109Z - 1: /home/runner/work/keycloak/keycloak/js/apps/admin-ui/cypress/e2e/authentication_policies_ciba.spec.ts
Admin UI E2E (3, chrome)	Run Cypress	2025-03-11T09:04:30.0727896Z - 2: /home/runner/work/keycloak/keycloak/js/apps/admin-ui/cypress/e2e/client_authorization_test.spec.ts
Admin UI E2E (3, chrome)	Run Cypress	2025-03-11T09:04:30.0729369Z - 3: /home/runner/work/keycloak/keycloak/js/apps/admin-ui/cypress/e2e/clients_role.spec.ts
Admin UI E2E (3, chrome)	Run Cypress	2025-03-11T09:04:30.0730846Z - 4: /home/runner/work/keycloak/keycloak/js/apps/admin-ui/cypress/e2e/users_attribute_search_test.spec.ts
Admin UI E2E (3, chrome)	Run Cypress	2025-03-11T09:04:30.0732272Z - 5: /home/runner/work/keycloak/keycloak/js/apps/admin-ui/cypress/e2e/i18n_test.spec.ts
Admin UI E2E (3, chrome)	Run Cypress	2025-03-11T09:04:30.0733145Z cypress-split: chunk 3 of 5
Admin UI E2E (3, chrome)	Run Cypress	2025-03-11T09:04:30.0742324Z k  spec                                                   
Admin UI E2E (3, chrome)	Run Cypress	2025-03-11T09:04:30.0743212Z -  -------------------------------------------------------
Admin UI E2E (3, chrome)	Run Cypress	2025-03-11T09:04:30.0743947Z 1  cypress/e2e/user_fed_ldap_hardcoded_mapper_test.spec.ts
Admin UI E2E (3, chrome)	Run Cypress	2025-03-11T09:04:30.0744700Z 2  cypress/e2e/client_scopes_test.spec.ts                 
Admin UI E2E (3, chrome)	Run Cypress	2025-03-11T09:04:30.0745430Z 3  cypress/e2e/client_registration_policies.spec.ts       
Admin UI E2E (3, chrome)	Run Cypress	2025-03-11T09:04:30.0746167Z 4  cypress/e2e/partial_export_test.spec.ts                
Admin UI E2E (3, chrome)	Run Cypress	2025-03-11T09:04:30.0747059Z 5  cypress/e2e/user_fed_ldap_mapper_test.spec.ts          
Admin UI E2E (3, chrome)	Run Cypress	2025-03-11T09:04:30.0747591Z 6  cypress/e2e/realm_settings_client_profiles_test.spec.ts
Admin UI E2E (3, chrome)	Run Cypress	2025-03-11T09:04:30.0748086Z 7  cypress/e2e/user_fed_kerberos_test.spec.ts             
Admin UI E2E (3, chrome)	Run Cypress	2025-03-11T09:04:30.0748549Z 8  cypress/e2e/realm_test.spec.ts                         
Admin UI E2E (3, chrome)	Run Cypress	2025-03-11T09:04:30.0748793Z 
Admin UI E2E (3, chrome)	Run Cypress	2025-03-11T09:04:30.8556848Z 
Admin UI E2E (3, chrome)	Run Cypress	2025-03-11T09:04:30.8791420Z [90m====================================================================================================[39m
Admin UI E2E (3, chrome)	Run Cypress	2025-03-11T09:04:30.8792332Z 
Admin UI E2E (3, chrome)	Run Cypress	2025-03-11T09:04:30.8792911Z [0m  ([4m[1mRun Starting[22m[24m)[0m
Admin UI E2E (3, chrome)	Run Cypress	2025-03-11T09:04:30.8793694Z 
Admin UI E2E (3, chrome)	Run Cypress	2025-03-11T09:04:30.8867890Z [90m  â”Œ[39m[90mâ”€[39m[90mâ”€[39m[90mâ”€[39m[90mâ”€[39m[90mâ”€[39m[90mâ”€[39m[90mâ”€[39m[90mâ”€[39m[90mâ”€[39m[90mâ”€[39m[90mâ”€[39m[90mâ”€[39m[90mâ”€[39m[90mâ”€[39m[90mâ”€[39m[90mâ”€[39m[90mâ”€[39m[90mâ”€[39m[90mâ”€[39m[90mâ”€[39m[90mâ”€[39m[90mâ”€[39m[90mâ”€[39m[90mâ”€[39m[90mâ”€[39m[90mâ”€[39m[90mâ”€[39m[90mâ”€[39m[90mâ”€[39m[90mâ”€[39m[90mâ”€[39m[90mâ”€[39m[90mâ”€[39m[90mâ”€[39m[90mâ”€[39m[90mâ”€[39m[90mâ”€[39m[90mâ”€[39m[90mâ”€[39m[90mâ”€[39m[90mâ”€[39m[90mâ”€[39m[90mâ”€[39m[90mâ”€[39m[90mâ”€[39m[90mâ”€[39m[90mâ”€[39m[90mâ”€[39m[90mâ”€[39m[90mâ”€[39m[90mâ”€[39m[90mâ”€[39m[90mâ”€[39m[90mâ”€[39m[90mâ”€[39m[90mâ”€[39m[90mâ”€[39m[90mâ”€[39m[90mâ”€[39m[90mâ”€[39m[90mâ”€[39m[90mâ”€[39m[90mâ”€[39m[90mâ”€[39m[90mâ”€[39m[90mâ”€[39m[90mâ”€[39m[90mâ”€[39m[90mâ”€[39m[90mâ”€[39m[90mâ”€[39m[90mâ”€[39m[90mâ”€[39m[90mâ”€[39m[90mâ”€[39m[90mâ”€[39m[90mâ”€[39m[90mâ”€[39m[90mâ”€[39m[90mâ”€[39m[90mâ”€[39m[90mâ”€[39m[90mâ”€[39m[90mâ”€[39m[90mâ”€[39m[90mâ”€[39m[90mâ”€[39m[90mâ”€[39m[90mâ”€[39m[90mâ”€[39m[90mâ”€[39m[90mâ”€[39m[90mâ”€[39m[90mâ”€[39m[90mâ”€[39m[90mâ”€[39m[90mâ”[39m
Admin UI E2E (3, chrome)	Run Cypress	2025-03-11T09:04:30.8873058Z [90m  â”‚[39m [90mCypress:[39m        14.1.0                                                                         [90mâ”‚[39m
Admin UI E2E (3, chrome)	Run Cypress	2025-03-11T09:04:30.8874555Z [90m  â”‚[39m [90mBrowser:[39m        Chrome 134 [90m(headless)[39m                                                          [90mâ”‚[39m
Admin UI E2E (3, chrome)	Run Cypress	2025-03-11T09:04:30.8876444Z [90m  â”‚[39m [90mNode Version:[39m   [0mv20.18.0 [90m(/home/runner/runners/2.322.0/externals/node20/bin/node)[39m[0m              [90mâ”‚[39m
Admin UI E2E (3, chrome)	Run Cypress	2025-03-11T09:04:30.8878605Z [90m  â”‚[39m [90mSpecs:[39m          [0m8 found (user_fed_ldap_hardcoded_mapper_test.spec.ts, client_scopes_test.spec.[0m [90mâ”‚[39m
Admin UI E2E (3, chrome)	Run Cypress	2025-03-11T09:04:30.8880383Z [90m  â”‚[39m                 [0mts, client_registration_policies.spec.ts, partial_export_test.spec.ts, user_fe[0m [90mâ”‚[39m
Admin UI E2E (3, chrome)	Run Cypress	2025-03-11T09:04:30.8882103Z [90m  â”‚[39m                 [0md_ldap_mapper_test.spec.ts, realm_settings_client_profiles_test.spec.ts, user_[0m [90mâ”‚[39m
Admin UI E2E (3, chrome)	Run Cypress	2025-03-11T09:04:30.8883592Z [90m  â”‚[39m                 [0mfed_kerberos_test.spec...)[0m                                                     [90mâ”‚[39m
Admin UI E2E (3, chrome)	Run Cypress	2025-03-11T09:04:30.8885278Z [90m  â”‚[39m [90mSearched:[39m       [0mcypress/e2e/user_fed_ldap_hardcoded_mapper_test.spec.ts, cypress/e2e/client_sc[0m [90mâ”‚[39m
Admin UI E2E (3, chrome)	Run Cypress	2025-03-11T09:04:30.8887306Z [90m  â”‚[39m                 [0mopes_test.spec.ts, cypress/e2e/client_registration_policies.spec.ts, cypress/e[0m [90mâ”‚[39m
Admin UI E2E (3, chrome)	Run Cypress	2025-03-11T09:04:30.8889040Z [90m  â”‚[39m                 [0m2e/partial_export_test.spec.ts, cypress/e2e/user_fed_ldap_mapper_test.spec.ts,[0m [90mâ”‚[39m
Admin UI E2E (3, chrome)	Run Cypress	2025-03-11T09:04:30.8890752Z [90m  â”‚[39m                 [0m cypress/e2e/realm_settings_client_profiles_test.spec.ts, cypress/e2e/user_fed[0m [90mâ”‚[39m
Admin UI E2E (3, chrome)	Run Cypress	2025-03-11T09:04:30.8892471Z [90m  â”‚[39m                 [0m_kerberos_test.spec.ts, cypress/e2e/realm_test.spec.ts[0m                         [90mâ”‚[39m
Admin UI E2E (3, chrome)	Run Cypress	2025-03-11T09:04:30.8894147Z [90m  â”‚[39m [90mExperiments:[39m    experimentalMemoryManagement=true                                              [90mâ”‚[39m
Admin UI E2E (3, chrome)	Run Cypress	2025-03-11T09:04:30.8902025Z [90m  â””[39m[90mâ”€[39m[90mâ”€[39m[90mâ”€[39m[90mâ”€[39m[90mâ”€[39m[90mâ”€[39m[90mâ”€[39m[90mâ”€[39m[90mâ”€[39m[90mâ”€[39m[90mâ”€[39m[90mâ”€[39m[90mâ”€[39m[90mâ”€[39m[90mâ”€[39m[90mâ”€[39m[90mâ”€[39m[90mâ”€[39m[90mâ”€[39m[90mâ”€[39m[90mâ”€[39m[90mâ”€[39m[90mâ”€[39m[90mâ”€[39m[90mâ”€[39m[90mâ”€[39m[90mâ”€[39m[90mâ”€[39m[90mâ”€[39m[90mâ”€[39m[90mâ”€[39m[90mâ”€[39m[90mâ”€[39m[90mâ”€[39m[90mâ”€[39m[90mâ”€[39m[90mâ”€[39m[90mâ”€[39m[90mâ”€[39m[90mâ”€[39m[90mâ”€[39m[90mâ”€[39m[90mâ”€[39m[90mâ”€[39m[90mâ”€[39m[90mâ”€[39m[90mâ”€[39m[90mâ”€[39m[90mâ”€[39m[90mâ”€[39m[90mâ”€[39m[90mâ”€[39m[90mâ”€[39m[90mâ”€[39m[90mâ”€[39m[90mâ”€[39m[90mâ”€[39m[90mâ”€[39m[90mâ”€[39m[90mâ”€[39m[90mâ”€[39m[90mâ”€[39m[90mâ”€[39m[90mâ”€[39m[90mâ”€[39m[90mâ”€[39m[90mâ”€[39m[90mâ”€[39m[90mâ”€[39m[90mâ”€[39m[90mâ”€[39m[90mâ”€[39m[90mâ”€[39m[90mâ”€[39m[90mâ”€[39m[90mâ”€[39m[90mâ”€[39m[90mâ”€[39m[90mâ”€[39m[90mâ”€[39m[90mâ”€[39m[90mâ”€[39m[90mâ”€[39m[90mâ”€[39m[90mâ”€[39m[90mâ”€[39m[90mâ”€[39m[90mâ”€[39m[90mâ”€[39m[90mâ”€[39m[90mâ”€[39m[90mâ”€[39m[90mâ”€[39m[90mâ”€[39m[90mâ”€[39m[90mâ”€[39m[90mâ”˜[39m
Admin UI E2E (3, chrome)	Run Cypress	2025-03-11T09:04:30.8906229Z 
Admin UI E2E (3, chrome)	Run Cypress	2025-03-11T09:04:30.8906252Z 
Admin UI E2E (3, chrome)	Run Cypress	2025-03-11T09:04:30.8913489Z [90mâ”€[39m[90mâ”€[39m[90mâ”€[39m[90mâ”€[39m[90mâ”€[39m[90mâ”€[39m[90mâ”€[39m[90mâ”€[39m[90mâ”€[39m[90mâ”€[39m[90mâ”€[39m[90mâ”€[39m[90mâ”€[39m[90mâ”€[39m[90mâ”€[39m[90mâ”€[39m[90mâ”€[39m[90mâ”€[39m[90mâ”€[39m[90mâ”€[39m[90mâ”€[39m[90mâ”€[39m[90mâ”€[39m[90mâ”€[39m[90mâ”€[39m[90mâ”€[39m[90mâ”€[39m[90mâ”€[39m[90mâ”€[39m[90mâ”€[39m[90mâ”€[39m[90mâ”€[39m[90mâ”€[39m[90mâ”€[39m[90mâ”€[39m[90mâ”€[39m[90mâ”€[39m[90mâ”€[39m[90mâ”€[39m[90mâ”€[39m[90mâ”€[39m[90mâ”€[39m[90mâ”€[39m[90mâ”€[39m[90mâ”€[39m[90mâ”€[39m[90mâ”€[39m[90mâ”€[39m[90mâ”€[39m[90mâ”€[39m[90mâ”€[39m[90mâ”€[39m[90mâ”€[39m[90mâ”€[39m[90mâ”€[39m[90mâ”€[39m[90mâ”€[39m[90mâ”€[39m[90mâ”€[39m[90mâ”€[39m[90mâ”€[39m[90mâ”€[39m[90mâ”€[39m[90mâ”€[39m[90mâ”€[39m[90mâ”€[39m[90mâ”€[39m[90mâ”€[39m[90mâ”€[39m[90mâ”€[39m[90mâ”€[39m[90mâ”€[39m[90mâ”€[39m[90mâ”€[39m[90mâ”€[39m[90mâ”€[39m[90mâ”€[39m[90mâ”€[39m[90mâ”€[39m[90mâ”€[39m[90mâ”€[39m[90mâ”€[39m[90mâ”€[39m[90mâ”€[39m[90mâ”€[39m[90mâ”€[39m[90mâ”€[39m[90mâ”€[39m[90mâ”€[39m[90mâ”€[39m[90mâ”€[39m[90mâ”€[39m[90mâ”€[39m[90mâ”€[39m[90mâ”€[39m[90mâ”€[39m[90mâ”€[39m[90mâ”€[39m[90mâ”€[39m[90mâ”€[39m
Admin UI E2E (3, chrome)	Run Cypress	2025-03-11T09:04:30.8918177Z                                                                                                     
Admin UI E2E (3, chrome)	Run Cypress	2025-03-11T09:04:30.8919268Z   Running:  [90muser_fed_ldap_hardcoded_mapper_test.spec.ts[39m                                     [90m(1 of 8)[39m
Admin UI E2E (3, chrome)	Run Cypress	2025-03-11T09:04:36.1546201Z 
Admin UI E2E (3, chrome)	Run Cypress	2025-03-11T09:04:36.1548946Z [0m[0m
Admin UI E2E (3, chrome)	Run Cypress	2025-03-11T09:04:36.1562584Z [0m  User Fed LDAP mapper tests[0m
Admin UI E2E (3, chrome)	Run Cypress	2025-03-11T09:04:50.4854547Z   [32m  âœ“[0m[90m Create LDAP provider from empty state[0m[90m (14321ms)[0m
Admin UI E2E (3, chrome)	Run Cypress	2025-03-11T09:04:54.3672490Z   [32m  âœ“[0m[90m Create group[0m[90m (3759ms)[0m
Admin UI E2E (3, chrome)	Run Cypress	2025-03-11T09:05:05.0285427Z   [32m  âœ“[0m[90m Create client and role[0m[90m (10556ms)[0m
Admin UI E2E (3, chrome)	Run Cypress	2025-03-11T09:05:10.3116188Z   [32m  âœ“[0m[90m Delete default mappers[0m[90m (5211ms)[0m
Admin UI E2E (3, chrome)	Run Cypress	2025-03-11T09:05:16.3291628Z   [32m  âœ“[0m[90m Create hardcoded attribute mapper[0m[90m (5936ms)[0m
Admin UI E2E (3, chrome)	Run Cypress	2025-03-11T09:05:22.1472263Z   [32m  âœ“[0m[90m Create hardcoded ldap group mapper[0m[90m (5761ms)[0m
Admin UI E2E (3, chrome)	Run Cypress	2025-03-11T09:05:27.9798547Z   [32m  âœ“[0m[90m Create hardcoded ldap attribute mapper[0m[90m (5766ms)[0m
Admin UI E2E (3, chrome)	Run Cypress	2025-03-11T09:05:33.4591092Z   [32m  âœ“[0m[90m Create hardcoded ldap role mapper[0m[90m (5412ms)[0m
Admin UI E2E (3, chrome)	Run Cypress	2025-03-11T09:05:39.2919932Z   [32m  âœ“[0m[90m Create role ldap mapper[0m[90m (5747ms)[0m
Admin UI E2E (3, chrome)	Run Cypress	2025-03-11T09:05:42.6607137Z   [32m  âœ“[0m[90m Cleanup - delete LDAP provider[0m[90m (3317ms)[0m
Admin UI E2E (3, chrome)	Run Cypress	2025-03-11T09:05:45.1254454Z   [32m  âœ“[0m[90m Cleanup - delete group[0m[90m (2387ms)[0m
Admin UI E2E (3, chrome)	Run Cypress	2025-03-11T09:05:47.2699055Z   [32m  âœ“[0m[90m Cleanup - delete client[0m[90m (2080ms)[0m
Admin UI E2E (3, chrome)	Run Cypress	2025-03-11T09:05:47.2700155Z 
Admin UI E2E (3, chrome)	Run Cypress	2025-03-11T09:05:47.2872603Z 
Admin UI E2E (3, chrome)	Run Cypress	2025-03-11T09:05:47.2875008Z [92m [0m[32m 12 passing[0m[90m (1m)[0m
Admin UI E2E (3, chrome)	Run Cypress	2025-03-11T09:05:47.2879395Z 
Admin UI E2E (3, chrome)	Run Cypress	2025-03-11T09:05:48.3076252Z 
Admin UI E2E (3, chrome)	Run Cypress	2025-03-11T09:05:48.3077891Z [32m  ([4m[1mResults[22m[24m)[39m
Admin UI E2E (3, chrome)	Run Cypress	2025-03-11T09:05:48.3080963Z 
Admin UI E2E (3, chrome)	Run Cypress	2025-03-11T09:05:48.3092214Z [90m  â”Œ[39m[90mâ”€[39m[90mâ”€[39m[90mâ”€[39m[90mâ”€[39m[90mâ”€[39m[90mâ”€[39m[90mâ”€[39m[90mâ”€[39m[90mâ”€[39m[90mâ”€[39m[90mâ”€[39m[90mâ”€[39m[90mâ”€[39m[90mâ”€[39m[90mâ”€[39m[90mâ”€[39m[90mâ”€[39m[90mâ”€[39m[90mâ”€[39m[90mâ”€[39m[90mâ”€[39m[90mâ”€[39m[90mâ”€[39m[90mâ”€[39m[90mâ”€[39m[90mâ”€[39m[90mâ”€[39m[90mâ”€[39m[90mâ”€[39m[90mâ”€[39m[90mâ”€[39m[90mâ”€[39m[90mâ”€[39m[90mâ”€[39m[90mâ”€[39m[90mâ”€[39m[90mâ”€[39m[90mâ”€[39m[90mâ”€[39m[90mâ”€[39m[90mâ”€[39m[90mâ”€[39m[90mâ”€[39m[90mâ”€[39m[90mâ”€[39m[90mâ”€[39m[90mâ”€[39m[90mâ”€[39m[90mâ”€[39m[90mâ”€[39m[90mâ”€[39m[90mâ”€[39m[90mâ”€[39m[90mâ”€[39m[90mâ”€[39m[90mâ”€[39m[90mâ”€[39m[90mâ”€[39m[90mâ”€[39m[90mâ”€[39m[90mâ”€[39m[90mâ”€[39m[90mâ”€[39m[90mâ”€[39m[90mâ”€[39m[90mâ”€[39m[90mâ”€[39m[90mâ”€[39m[90mâ”€[39m[90mâ”€[39m[90mâ”€[39m[90mâ”€[39m[90mâ”€[39m[90mâ”€[39m[90mâ”€[39m[90mâ”€[39m[90mâ”€[39m[90mâ”€[39m[90mâ”€[39m[90mâ”€[39m[90mâ”€[39m[90mâ”€[39m[90mâ”€[39m[90mâ”€[39m[90mâ”€[39m[90mâ”€[39m[90mâ”€[39m[90mâ”€[39m[90mâ”€[39m[90mâ”€[39m[90mâ”€[39m[90mâ”€[39m[90mâ”€[39m[90mâ”€[39m[90mâ”€[39m[90mâ”€[39m[90mâ”[39m
Admin UI E2E (3, chrome)	Run Cypress	2025-03-11T09:05:48.3095419Z [90m  â”‚[39m [90mTests:[39m        [32m12[39m                                                                               [90mâ”‚[39m
Admin UI E2E (3, chrome)	Run Cypress	2025-03-11T09:05:48.3096446Z [90m  â”‚[39m [90mPassing:[39m      [32m12[39m                                                                               [90mâ”‚[39m
Admin UI E2E (3, chrome)	Run Cypress	2025-03-11T09:05:48.3097631Z [90m  â”‚[39m [90mFailing:[39m      [32m0[39m                                                                                [90mâ”‚[39m
Admin UI E2E (3, chrome)	Run Cypress	2025-03-11T09:05:48.3098755Z [90m  â”‚[39m [90mPending:[39m      [32m0[39m                                                                                [90mâ”‚[39m
Admin UI E2E (3, chrome)	Run Cypress	2025-03-11T09:05:48.3099746Z [90m  â”‚[39m [90mSkipped:[39m      [32m0[39m                                                                                [90mâ”‚[39m
Admin UI E2E (3, chrome)	Run Cypress	2025-03-11T09:05:48.3100714Z [90m  â”‚[39m [90mScreenshots:[39m  [32m0[39m                                                                                [90mâ”‚[39m
Admin UI E2E (3, chrome)	Run Cypress	2025-03-11T09:05:48.3101857Z [90m  â”‚[39m [90mVideo:[39m        [32mfalse[39m                                                                            [90mâ”‚[39m
Admin UI E2E (3, chrome)	Run Cypress	2025-03-11T09:05:48.3103239Z [90m  â”‚[39m [90mDuration:[39m     [32m1 minute, 11 seconds[39m                                                             [90mâ”‚[39m
Admin UI E2E (3, chrome)	Run Cypress	2025-03-11T09:05:48.3104467Z [90m  â”‚[39m [90mSpec Ran:[39m     [32m[32muser_fed_ldap_hardcoded_mapper_test.spec.ts[32m[39m                                      [90mâ”‚[39m
Admin UI E2E (3, chrome)	Run Cypress	2025-03-11T09:05:48.3109952Z [90m  â””[39m[90mâ”€[39m[90mâ”€[39m[90mâ”€[39m[90mâ”€[39m[90mâ”€[39m[90mâ”€[39m[90mâ”€[39m[90mâ”€[39m[90mâ”€[39m[90mâ”€[39m[90mâ”€[39m[90mâ”€[39m[90mâ”€[39m[90mâ”€[39m[90mâ”€[39m[90mâ”€[39m[90mâ”€[39m[90mâ”€[39m[90mâ”€[39m[90mâ”€[39m[90mâ”€[39m[90mâ”€[39m[90mâ”€[39m[90mâ”€[39m[90mâ”€[39m[90mâ”€[39m[90mâ”€[39m[90mâ”€[39m[90mâ”€[39m[90mâ”€[39m[90mâ”€[39m[90mâ”€[39m[90mâ”€[39m[90mâ”€[39m[90mâ”€[39m[90mâ”€[39m[90mâ”€[39m[90mâ”€[39m[90mâ”€[39m[90mâ”€[39m[90mâ”€[39m[90mâ”€[39m[90mâ”€[39m[90mâ”€[39m[90mâ”€[39m[90mâ”€[39m[90mâ”€[39m[90mâ”€[39m[90mâ”€[39m[90mâ”€[39m[90mâ”€[39m[90mâ”€[39m[90mâ”€[39m[90mâ”€[39m[90mâ”€[39m[90mâ”€[39m[90mâ”€[39m[90mâ”€[39m[90mâ”€[39m[90mâ”€[39m[90mâ”€[39m[90mâ”€[39m[90mâ”€[39m[90mâ”€[39m[90mâ”€[39m[90mâ”€[39m[90mâ”€[39m[90mâ”€[39m[90mâ”€[39m[90mâ”€[39m[90mâ”€[39m[90mâ”€[39m[90mâ”€[39m[90mâ”€[39m[90mâ”€[39m[90mâ”€[39m[90mâ”€[39m[90mâ”€[39m[90mâ”€[39m[90mâ”€[39m[90mâ”€[39m[90mâ”€[39m[90mâ”€[39m[90mâ”€[39m[90mâ”€[39m[90mâ”€[39m[90mâ”€[39m[90mâ”€[39m[90mâ”€[39m[90mâ”€[39m[90mâ”€[39m[90mâ”€[39m[90mâ”€[39m[90mâ”€[39m[90mâ”€[39m[90mâ”€[39m[90mâ”˜[39m
Admin UI E2E (3, chrome)	Run Cypress	2025-03-11T09:05:48.3114055Z 
Admin UI E2E (3, chrome)	Run Cypress	2025-03-11T09:05:48.3557468Z 
Admin UI E2E (3, chrome)	Run Cypress	2025-03-11T09:05:48.3565573Z [90mâ”€[39m[90mâ”€[39m[90mâ”€[39m[90mâ”€[39m[90mâ”€[39m[90mâ”€[39m[90mâ”€[39m[90mâ”€[39m[90mâ”€[39m[90mâ”€[39m[90mâ”€[39m[90mâ”€[39m[90mâ”€[39m[90mâ”€[39m[90mâ”€[39m[90mâ”€[39m[90mâ”€[39m[90mâ”€[39m[90mâ”€[39m[90mâ”€[39m[90mâ”€[39m[90mâ”€[39m[90mâ”€[39m[90mâ”€[39m[90mâ”€[39m[90mâ”€[39m[90mâ”€[39m[90mâ”€[39m[90mâ”€[39m[90mâ”€[39m[90mâ”€[39m[90mâ”€[39m[90mâ”€[39m[90mâ”€[39m[90mâ”€[39m[90mâ”€[39m[90mâ”€[39m[90mâ”€[39m[90mâ”€[39m[90mâ”€[39m[90mâ”€[39m[90mâ”€[39m[90mâ”€[39m[90mâ”€[39m[90mâ”€[39m[90mâ”€[39m[90mâ”€[39m[90mâ”€[39m[90mâ”€[39m[90mâ”€[39m[90mâ”€[39m[90mâ”€[39m[90mâ”€[39m[90mâ”€[39m[90mâ”€[39m[90mâ”€[39m[90mâ”€[39m[90mâ”€[39m[90mâ”€[39m[90mâ”€[39m[90mâ”€[39m[90mâ”€[39m[90mâ”€[39m[90mâ”€[39m[90mâ”€[39m[90mâ”€[39m[90mâ”€[39m[90mâ”€[39m[90mâ”€[39m[90mâ”€[39m[90mâ”€[39m[90mâ”€[39m[90mâ”€[39m[90mâ”€[39m[90mâ”€[39m[90mâ”€[39m[90mâ”€[39m[90mâ”€[39m[90mâ”€[39m[90mâ”€[39m[90mâ”€[39m[90mâ”€[39m[90mâ”€[39m[90mâ”€[39m[90mâ”€[39m[90mâ”€[39m[90mâ”€[39m[90mâ”€[39m[90mâ”€[39m[90mâ”€[39m[90mâ”€[39m[90mâ”€[39m[90mâ”€[39m[90mâ”€[39m[90mâ”€[39m[90mâ”€[39m[90mâ”€[39m[90mâ”€[39m[90mâ”€[39m[90mâ”€[39m
Admin UI E2E (3, chrome)	Run Cypress	2025-03-11T09:05:48.3570412Z                                                                                                     
Admin UI E2E (3, chrome)	Run Cypress	2025-03-11T09:05:48.3572261Z   Running:  [90mclient_scopes_test.spec.ts[39m                                                      [90m(2 of 8)[39m
Admin UI E2E (3, chrome)	Run Cypress	2025-03-11T09:05:53.2498377Z 
Admin UI E2E (3, chrome)	Run Cypress	2025-03-11T09:05:53.2499853Z [0m[0m
Admin UI E2E (3, chrome)	Run Cypress	2025-03-11T09:05:53.2537988Z [0m  Client Scopes test[0m
Admin UI E2E (3, chrome)	Run Cypress	2025-03-11T09:05:53.9083193Z [0m    Client Scope filter list items[0m
Admin UI E2E (3, chrome)	Run Cypress	2025-03-11T09:05:59.3400499Z     [32m  âœ“[0m[90m should filter item by name[0m[90m (6002ms)[0m
Admin UI E2E (3, chrome)	Run Cypress	2025-03-11T09:06:02.1472224Z     [32m  âœ“[0m[90m should filter items by Assigned type All types[0m[90m (2697ms)[0m
Admin UI E2E (3, chrome)	Run Cypress	2025-03-11T09:06:04.2698140Z     [32m  âœ“[0m[90m should filter items by Assigned type Default[0m[90m (2083ms)[0m
Admin UI E2E (3, chrome)	Run Cypress	2025-03-11T09:06:06.6074506Z     [32m  âœ“[0m[90m should filter items by Assigned type Optional[0m[90m (2275ms)[0m
Admin UI E2E (3, chrome)	Run Cypress	2025-03-11T09:06:08.8057952Z     [32m  âœ“[0m[90m should filter items by Protocol All[0m[90m (2150ms)[0m
Admin UI E2E (3, chrome)	Run Cypress	2025-03-11T09:06:10.9237354Z     [32m  âœ“[0m[90m should filter items by Protocol SAML[0m[90m (2077ms)[0m
Admin UI E2E (3, chrome)	Run Cypress	2025-03-11T09:06:12.9352031Z     [32m  âœ“[0m[90m should filter items by Protocol OpenID[0m[90m (1980ms)[0m
Admin UI E2E (3, chrome)	Run Cypress	2025-03-11T09:06:14.6929675Z     [32m  âœ“[0m[90m should show items on next page are more than 11[0m[90m (1725ms)[0m
Admin UI E2E (3, chrome)	Run Cypress	2025-03-11T09:06:14.7039667Z [0m    Client Scope modify list items[0m
Admin UI E2E (3, chrome)	Run Cypress	2025-03-11T09:06:16.8235576Z     [32m  âœ“[0m[90m should modify selected item type to Default from search bar[0m[90m (2096ms)[0m
Admin UI E2E (3, chrome)	Run Cypress	2025-03-11T09:06:19.2854014Z     [32m  âœ“[0m[90m should modify selected item type to Optional from search bar[0m[90m (2392ms)[0m
Admin UI E2E (3, chrome)	Run Cypress	2025-03-11T09:06:24.6618930Z     [32m  âœ“[0m[90m should modify item client-scope-test0 AssignedType to Default from item bar[0m[90m (5304ms)[0m
Admin UI E2E (3, chrome)	Run Cypress	2025-03-11T09:06:29.7096136Z     [32m  âœ“[0m[90m should modify item client-scope-test0 AssignedType to Optional from item bar[0m[90m (4973ms)[0m
Admin UI E2E (3, chrome)	Run Cypress	2025-03-11T09:06:35.1648403Z     [32m  âœ“[0m[90m should modify item client-scope-test0 AssignedType to None from item bar[0m[90m (5395ms)[0m
Admin UI E2E (3, chrome)	Run Cypress	2025-03-11T09:06:38.3411922Z     [32m  âœ“[0m[90m should not allow to modify item AssignedType from search bar when no item selected[0m[90m (3121ms)[0m
Admin UI E2E (3, chrome)	Run Cypress	2025-03-11T09:06:38.3573856Z [0m    Client Scope delete list items [0m
Admin UI E2E (3, chrome)	Run Cypress	2025-03-11T09:06:40.5289049Z     [32m  âœ“[0m[90m should delete item from item bar[0m[90m (2145ms)[0m
Admin UI E2E (3, chrome)	Run Cypress	2025-03-11T09:06:42.6387447Z     [32m  âœ“[0m[90m should delete selected item from search bar[0m[90m (2079ms)[0m
Admin UI E2E (3, chrome)	Run Cypress	2025-03-11T09:06:45.1131465Z     [32m  âœ“[0m[90m should delete multiple selected items from search bar[0m[90m (2439ms)[0m
Admin UI E2E (3, chrome)	Run Cypress	2025-03-11T09:06:45.1370934Z [0m    Client Scope creation[0m
Admin UI E2E (3, chrome)	Run Cypress	2025-03-11T09:06:47.4878078Z     [32m  âœ“[0m[90m should fail creating client scope[0m[90m (2333ms)[0m
Admin UI E2E (3, chrome)	Run Cypress	2025-03-11T09:06:49.4093611Z     [32m  âœ“[0m[90m hides 'consent text' field when 'display consent' switch is disabled[0m[90m (1891ms)[0m
Admin UI E2E (3, chrome)	Run Cypress	2025-03-11T09:06:54.7873322Z     [32m  âœ“[0m[90m Client scope CRUD test[0m[90m (5272ms)[0m
Admin UI E2E (3, chrome)	Run Cypress	2025-03-11T09:06:54.8046663Z [0m    Scope tab test[0m
Admin UI E2E (3, chrome)	Run Cypress	2025-03-11T09:06:57.8295463Z     [32m  âœ“[0m[90m Assign and unassign role[0m[90m (2978ms)[0m
Admin UI E2E (3, chrome)	Run Cypress	2025-03-11T09:06:57.8519226Z [0m    Mappers tab test[0m
Admin UI E2E (3, chrome)	Run Cypress	2025-03-11T09:07:16.0040681Z     [32m  âœ“[0m[90m CRUD mappers[0m[90m (18051ms)[0m
Admin UI E2E (3, chrome)	Run Cypress	2025-03-11T09:07:16.0308020Z [0m    Accessibility tests for client scopes[0m
Admin UI E2E (3, chrome)	Run Cypress	2025-03-11T09:07:18.1800673Z     [32m  âœ“[0m[90m Check a11y violations on load/ client scopes[0m[90m (2142ms)[0m
Admin UI E2E (3, chrome)	Run Cypress	2025-03-11T09:07:20.3327106Z     [32m  âœ“[0m[90m Check a11y violations on empty client scope[0m[90m (2135ms)[0m
Admin UI E2E (3, chrome)	Run Cypress	2025-03-11T09:07:28.4867771Z       [33m(Attempt 1 of 4)[0m Check a11y violations on client scope details
Admin UI E2E (3, chrome)	Run Cypress	2025-03-11T09:08:02.6924826Z       [33m(Attempt 2 of 4)[0m Check a11y violations on client scope details
Admin UI E2E (3, chrome)	Run Cypress	2025-03-11T09:08:37.6401047Z       [33m(Attempt 3 of 4)[0m Check a11y violations on client scope details
Admin UI E2E (3, chrome)	Run Cypress	2025-03-11T09:09:12.6177297Z     [31m  1) Check a11y violations on client scope details[0m
Admin UI E2E (3, chrome)	Run Cypress	2025-03-11T09:09:13.3485908Z 
Admin UI E2E (3, chrome)	Run Cypress	2025-03-11T09:09:13.3717092Z 
Admin UI E2E (3, chrome)	Run Cypress	2025-03-11T09:09:13.3718453Z [92m [0m[32m 24 passing[0m[90m (3m)[0m
Admin UI E2E (3, chrome)	Run Cypress	2025-03-11T09:09:13.3719245Z [31m  1 failing[0m
Admin UI E2E (3, chrome)	Run Cypress	2025-03-11T09:09:13.3720619Z 
Admin UI E2E (3, chrome)	Run Cypress	2025-03-11T09:09:13.3722101Z [0m  1) Client Scopes test
Admin UI E2E (3, chrome)	Run Cypress	2025-03-11T09:09:13.3722676Z        Accessibility tests for client scopes
Admin UI E2E (3, chrome)	Run Cypress	2025-03-11T09:09:13.3724096Z          Check a11y violations on client scope details:
Admin UI E2E (3, chrome)	Run Cypress	2025-03-11T09:09:13.3726268Z [0m[31m     AssertionError: Timed out retrying after 30000ms: Expected to find element: `.pf-v5-c-tabs `, but never found it.[0m[90m
Admin UI E2E (3, chrome)	Run Cypress	2025-03-11T09:09:13.3728027Z       at TabPage._TabPage_getTab (webpack://@keycloak/keycloak-admin-ui/./cypress/support/pages/admin-ui/components/TabPage.ts:36:0)
Admin UI E2E (3, chrome)	Run Cypress	2025-03-11T09:09:13.3729584Z       at TabPage.clickTab (webpack://@keycloak/keycloak-admin-ui/./cypress/support/pages/admin-ui/components/TabPage.ts:16:0)
Admin UI E2E (3, chrome)	Run Cypress	2025-03-11T09:09:13.3731598Z       at ClientScopeDetailsPage.goToMappersTab (webpack://@keycloak/keycloak-admin-ui/./cypress/support/pages/admin-ui/manage/client_scopes/client_scope_details/ClientScopeDetailsPage.ts:29:0)
Admin UI E2E (3, chrome)	Run Cypress	2025-03-11T09:09:13.3733320Z       at Context.eval (webpack://@keycloak/keycloak-admin-ui/./cypress/e2e/client_scopes_test.spec.ts:379:0)
Admin UI E2E (3, chrome)	Run Cypress	2025-03-11T09:09:13.3734096Z [0m
Admin UI E2E (3, chrome)	Run Cypress	2025-03-11T09:09:13.3734258Z 
Admin UI E2E (3, chrome)	Run Cypress	2025-03-11T09:09:13.3734269Z 
Admin UI E2E (3, chrome)	Run Cypress	2025-03-11T09:09:14.3956797Z 
Admin UI E2E (3, chrome)	Run Cypress	2025-03-11T09:09:14.3958163Z [31m  ([4m[1mResults[22m[24m)[39m
Admin UI E2E (3, chrome)	Run Cypress	2025-03-11T09:09:14.3975125Z 
Admin UI E2E (3, chrome)	Run Cypress	2025-03-11T09:09:14.3991662Z [90m  â”Œ[39m[90mâ”€[39m[90mâ”€[39m[90mâ”€[39m[90mâ”€[39m[90mâ”€[39m[90mâ”€[39m[90mâ”€[39m[90mâ”€[39m[90mâ”€[39m[90mâ”€[39m[90mâ”€[39m[90mâ”€[39m[90mâ”€[39m[90mâ”€[39m[90mâ”€[39m[90mâ”€[39m[90mâ”€[39m[90mâ”€[39m[90mâ”€[39m[90mâ”€[39m[90mâ”€[39m[90mâ”€[39m[90mâ”€[39m[90mâ”€[39m[90mâ”€[39m[90mâ”€[39m[90mâ”€[39m[90mâ”€[39m[90mâ”€[39m[90mâ”€[39m[90mâ”€[39m[90mâ”€[39m[90mâ”€[39m[90mâ”€[39m[90mâ”€[39m[90mâ”€[39m[90mâ”€[39m[90mâ”€[39m[90mâ”€[39m[90mâ”€[39m[90mâ”€[39m[90mâ”€[39m[90mâ”€[39m[90mâ”€[39m[90mâ”€[39m[90mâ”€[39m[90mâ”€[39m[90mâ”€[39m[90mâ”€[39m[90mâ”€[39m[90mâ”€[39m[90mâ”€[39m[90mâ”€[39m[90mâ”€[39m[90mâ”€[39m[90mâ”€[39m[90mâ”€[39m[90mâ”€[39m[90mâ”€[39m[90mâ”€[39m[90mâ”€[39m[90mâ”€[39m[90mâ”€[39m[90mâ”€[39m[90mâ”€[39m[90mâ”€[39m[90mâ”€[39m[90mâ”€[39m[90mâ”€[39m[90mâ”€[39m[90mâ”€[39m[90mâ”€[39m[90mâ”€[39m[90mâ”€[39m[90mâ”€[39m[90mâ”€[39m[90mâ”€[39m[90mâ”€[39m[90mâ”€[39m[90mâ”€[39m[90mâ”€[39m[90mâ”€[39m[90mâ”€[39m[90mâ”€[39m[90mâ”€[39m[90mâ”€[39m[90mâ”€[39m[90mâ”€[39m[90mâ”€[39m[90mâ”€[39m[90mâ”€[39m[90mâ”€[39m[90mâ”€[39m[90mâ”€[39m[90mâ”€[39m[90mâ”€[39m[90mâ”[39m
Admin UI E2E (3, chrome)	Run Cypress	2025-03-11T09:09:14.3997042Z [90m  â”‚[39m [90mTests:[39m        [31m25[39m                                                                               [90mâ”‚[39m
Admin UI E2E (3, chrome)	Run Cypress	2025-03-11T09:09:14.3999115Z [90m  â”‚[39m [90mPassing:[39m      [31m24[39m                                                                               [90mâ”‚[39m
Admin UI E2E (3, chrome)	Run Cypress	2025-03-11T09:09:14.4000630Z [90m  â”‚[39m [90mFailing:[39m      [31m1[39m                                                                                [90mâ”‚[39m
Admin UI E2E (3, chrome)	Run Cypress	2025-03-11T09:09:14.4002095Z [90m  â”‚[39m [90mPending:[39m      [31m0[39m                                                                                [90mâ”‚[39m
Admin UI E2E (3, chrome)	Run Cypress	2025-03-11T09:09:14.4003482Z [90m  â”‚[39m [90mSkipped:[39m      [31m0[39m                                                                                [90mâ”‚[39m
Admin UI E2E (3, chrome)	Run Cypress	2025-03-11T09:09:14.4005805Z [90m  â”‚[39m [90mScreenshots:[39m  [31m4[39m                                                                                [90mâ”‚[39m
Admin UI E2E (3, chrome)	Run Cypress	2025-03-11T09:09:14.4007311Z [90m  â”‚[39m [90mVideo:[39m        [31mtrue[39m                                                                             [90mâ”‚[39m
Admin UI E2E (3, chrome)	Run Cypress	2025-03-11T09:09:14.4008823Z [90m  â”‚[39m [90mDuration:[39m     [31m3 minutes, 20 seconds[39m                                                            [90mâ”‚[39m
Admin UI E2E (3, chrome)	Run Cypress	2025-03-11T09:09:14.4010517Z [90m  â”‚[39m [90mSpec Ran:[39m     [31m[31mclient_scopes_test.spec.ts[31m[39m                                                       [90mâ”‚[39m
Admin UI E2E (3, chrome)	Run Cypress	2025-03-11T09:09:14.4017240Z [90m  â””[39m[90mâ”€[39m[90mâ”€[39m[90mâ”€[39m[90mâ”€[39m[90mâ”€[39m[90mâ”€[39m[90mâ”€[39m[90mâ”€[39m[90mâ”€[39m[90mâ”€[39m[90mâ”€[39m[90mâ”€[39m[90mâ”€[39m[90mâ”€[39m[90mâ”€[39m[90mâ”€[39m[90mâ”€[39m[90mâ”€[39m[90mâ”€[39m[90mâ”€[39m[90mâ”€[39m[90mâ”€[39m[90mâ”€[39m[90mâ”€[39m[90mâ”€[39m[90mâ”€[39m[90mâ”€[39m[90mâ”€[39m[90mâ”€[39m[90mâ”€[39m[90mâ”€[39m[90mâ”€[39m[90mâ”€[39m[90mâ”€[39m[90mâ”€[39m[90mâ”€[39m[90mâ”€[39m[90mâ”€[39m[90mâ”€[39m[90mâ”€[39m[90mâ”€[39m[90mâ”€[39m[90mâ”€[39m[90mâ”€[39m[90mâ”€[39m[90mâ”€[39m[90mâ”€[39m[90mâ”€[39m[90mâ”€[39m[90mâ”€[39m[90mâ”€[39m[90mâ”€[39m[90mâ”€[39m[90mâ”€[39m[90mâ”€[39m[90mâ”€[39m[90mâ”€[39m[90mâ”€[39m[90mâ”€[39m[90mâ”€[39m[90mâ”€[39m[90mâ”€[39m[90mâ”€[39m[90mâ”€[39m[90mâ”€[39m[90mâ”€[39m[90mâ”€[39m[90mâ”€[39m[90mâ”€[39m[90mâ”€[39m[90mâ”€[39m[90mâ”€[39m[90mâ”€[39m[90mâ”€[39m[90mâ”€[39m[90mâ”€[39m[90mâ”€[39m[90mâ”€[39m[90mâ”€[39m[90mâ”€[39m[90mâ”€[39m[90mâ”€[39m[90mâ”€[39m[90mâ”€[39m[90mâ”€[39m[90mâ”€[39m[90mâ”€[39m[90mâ”€[39m[90mâ”€[39m[90mâ”€[39m[90mâ”€[39m[90mâ”€[39m[90mâ”€[39m[90mâ”€[39m[90mâ”€[39m[90mâ”€[39m[90mâ”˜[39m
Admin UI E2E (3, chrome)	Run Cypress	2025-03-11T09:09:14.4020919Z 
Admin UI E2E (3, chrome)	Run Cypress	2025-03-11T09:09:14.4021098Z 
Admin UI E2E (3, chrome)	Run Cypress	2025-03-11T09:09:14.4021610Z [33m  ([4m[1mScreenshots[22m[24m)[39m
Admin UI E2E (3, chrome)	Run Cypress	2025-03-11T09:09:14.4022803Z 
Admin UI E2E (3, chrome)	Run Cypress	2025-03-11T09:09:14.4024021Z [90m [39m -  [0m/home/runner/work/keycloak/keycloak/js/apps/admin-ui/cypress/screenshots/client_[0m     [90m[90m(1280x633)[90m[39m
Admin UI E2E (3, chrome)	Run Cypress	2025-03-11T09:09:14.4025652Z [90m [39m    [0mscopes_test.spec.ts/Client Scopes test -- Accessibility tests for client scopes [0m               
Admin UI E2E (3, chrome)	Run Cypress	2025-03-11T09:09:14.4027350Z [90m [39m    [0m-- Check a11y violations on client scope details (failed).png[0m                                  
Admin UI E2E (3, chrome)	Run Cypress	2025-03-11T09:09:14.4029114Z [90m [39m -  [0m/home/runner/work/keycloak/keycloak/js/apps/admin-ui/cypress/screenshots/client_[0m     [90m[90m(1280x633)[90m[39m
Admin UI E2E (3, chrome)	Run Cypress	2025-03-11T09:09:14.4030846Z [90m [39m    [0mscopes_test.spec.ts/Client Scopes test -- Accessibility tests for client scopes [0m               
Admin UI E2E (3, chrome)	Run Cypress	2025-03-11T09:09:14.4032389Z [90m [39m    [0m-- Check a11y violations on client scope details (failed) (attempt 2).png[0m                      
Admin UI E2E (3, chrome)	Run Cypress	2025-03-11T09:09:14.4034419Z [90m [39m -  [0m/home/runner/work/keycloak/keycloak/js/apps/admin-ui/cypress/screenshots/client_[0m     [90m[90m(1280x633)[90m[39m
Admin UI E2E (3, chrome)	Run Cypress	2025-03-11T09:09:14.4036268Z [90m [39m    [0mscopes_test.spec.ts/Client Scopes test -- Accessibility tests for client scopes [0m               
Admin UI E2E (3, chrome)	Run Cypress	2025-03-11T09:09:14.4037975Z [90m [39m    [0m-- Check a11y violations on client scope details (failed) (attempt 3).png[0m                      
Admin UI E2E (3, chrome)	Run Cypress	2025-03-11T09:09:14.4040047Z [90m [39m -  [0m/home/runner/work/keycloak/keycloak/js/apps/admin-ui/cypress/screenshots/client_[0m     [90m[90m(1280x633)[90m[39m
Admin UI E2E (3, chrome)	Run Cypress	2025-03-11T09:09:14.4041769Z [90m [39m    [0mscopes_test.spec.ts/Client Scopes test -- Accessibility tests for client scopes [0m               
Admin UI E2E (3, chrome)	Run Cypress	2025-03-11T09:09:14.4043205Z [90m [39m    [0m-- Check a11y violations on client scope details (failed) (attempt 4).png[0m                      
Admin UI E2E (3, chrome)	Run Cypress	2025-03-11T09:09:14.4043771Z 
Admin UI E2E (3, chrome)	Run Cypress	2025-03-11T09:09:14.4369945Z 
Admin UI E2E (3, chrome)	Run Cypress	2025-03-11T09:09:14.4372954Z [36m  ([4m[1mVideo[22m[24m)[39m
Admin UI E2E (3, chrome)	Run Cypress	2025-03-11T09:09:14.4373973Z 
Admin UI E2E (3, chrome)	Run Cypress	2025-03-11T09:09:14.4375379Z   -  Video output: [36m/home/runner/work/keycloak/keycloak/js/apps/admin-ui/cypress/videos/client_scopes_test.spec.ts.mp4[39m
Admin UI E2E (3, chrome)	Run Cypress	2025-03-11T09:09:14.4376058Z 
Admin UI E2E (3, chrome)	Run Cypress	2025-03-11T09:09:14.4376190Z 
Admin UI E2E (3, chrome)	Run Cypress	2025-03-11T09:09:14.4385379Z [90mâ”€[39m[90mâ”€[39m[90mâ”€[39m[90mâ”€[39m[90mâ”€[39m[90mâ”€[39m[90mâ”€[39m[90mâ”€[39m[90mâ”€[39m[90mâ”€[39m[90mâ”€[39m[90mâ”€[39m[90mâ”€[39m[90mâ”€[39m[90mâ”€[39m[90mâ”€[39m[90mâ”€[39m[90mâ”€[39m[90mâ”€[39m[90mâ”€[39m[90mâ”€[39m[90mâ”€[39m[90mâ”€[39m[90mâ”€[39m[90mâ”€[39m[90mâ”€[39m[90mâ”€[39m[90mâ”€[39m[90mâ”€[39m[90mâ”€[39m[90mâ”€[39m[90mâ”€[39m[90mâ”€[39m[90mâ”€[39m[90mâ”€[39m[90mâ”€[39m[90mâ”€[39m[90mâ”€[39m[90mâ”€[39m[90mâ”€[39m[90mâ”€[39m[90mâ”€[39m[90mâ”€[39m[90mâ”€[39m[90mâ”€[39m[90mâ”€[39m[90mâ”€[39m[90mâ”€[39m[90mâ”€[39m[90mâ”€[39m[90mâ”€[39m[90mâ”€[39m[90mâ”€[39m[90mâ”€[39m[90mâ”€[39m[90mâ”€[39m[90mâ”€[39m[90mâ”€[39m[90mâ”€[39m[90mâ”€[39m[90mâ”€[39m[90mâ”€[39m[90mâ”€[39m[90mâ”€[39m[90mâ”€[39m[90mâ”€[39m[90mâ”€[39m[90mâ”€[39m[90mâ”€[39m[90mâ”€[39m[90mâ”€[39m[90mâ”€[39m[90mâ”€[39m[90mâ”€[39m[90mâ”€[39m[90mâ”€[39m[90mâ”€[39m[90mâ”€[39m[90mâ”€[39m[90mâ”€[39m[90mâ”€[39m[90mâ”€[39m[90mâ”€[39m[90mâ”€[39m[90mâ”€[39m[90mâ”€[39m[90mâ”€[39m[90mâ”€[39m[90mâ”€[39m[90mâ”€[39m[90mâ”€[39m[90mâ”€[39m[90mâ”€[39m[90mâ”€[39m[90mâ”€[39m[90mâ”€[39m[90mâ”€[39m[90mâ”€[39m[90mâ”€[39m[90mâ”€[39m
Admin UI E2E (3, chrome)	Run Cypress	2025-03-11T09:09:14.4388165Z                                                                                                     
Admin UI E2E (3, chrome)	Run Cypress	2025-03-11T09:09:14.4389219Z   Running:  [90mclient_registration_policies.spec.ts[39m                                            [90m(3 of 8)[39m
Admin UI E2E (3, chrome)	Run Cypress	2025-03-11T09:09:17.4399785Z 
Admin UI E2E (3, chrome)	Run Cypress	2025-03-11T09:09:17.4401177Z [0m[0m
Admin UI E2E (3, chrome)	Run Cypress	2025-03-11T09:09:17.4429491Z [0m  Client registration policies tab[0m
Admin UI E2E (3, chrome)	Run Cypress	2025-03-11T09:09:17.4430307Z [0m    Anonymous client policies subtab[0m
Admin UI E2E (3, chrome)	Run Cypress	2025-03-11T09:09:21.8747581Z     [32m  âœ“[0m[90m check anonymous clients list is not empty[0m[90m (4387ms)[0m
Admin UI E2E (3, chrome)	Run Cypress	2025-03-11T09:09:24.4801743Z     [32m  âœ“[0m[90m add anonymous client registration policy[0m[90m (2559ms)[0m
Admin UI E2E (3, chrome)	Run Cypress	2025-03-11T09:09:27.0784901Z     [32m  âœ“[0m[90m edit anonymous client registration policy[0m[90m (2559ms)[0m
Admin UI E2E (3, chrome)	Run Cypress	2025-03-11T09:09:29.0911850Z     [32m  âœ“[0m[90m delete anonymous client registration policy[0m[90m (1979ms)[0m
Admin UI E2E (3, chrome)	Run Cypress	2025-03-11T09:09:29.1031506Z [0m    Authenticated client policies subtab[0m
Admin UI E2E (3, chrome)	Run Cypress	2025-03-11T09:09:31.2329312Z     [32m  âœ“[0m[90m check authenticated clients list is not empty[0m[90m (2080ms)[0m
Admin UI E2E (3, chrome)	Run Cypress	2025-03-11T09:09:33.9384845Z     [32m  âœ“[0m[90m add authenticated client registration policy[0m[90m (2661ms)[0m
Admin UI E2E (3, chrome)	Run Cypress	2025-03-11T09:09:36.3634607Z     [32m  âœ“[0m[90m edit authenticated client registration policy[0m[90m (2394ms)[0m
Admin UI E2E (3, chrome)	Run Cypress	2025-03-11T09:09:38.4658288Z     [32m  âœ“[0m[90m delete authenticated client registration policy[0m[90m (2066ms)[0m
Admin UI E2E (3, chrome)	Run Cypress	2025-03-11T09:09:38.4772959Z 
Admin UI E2E (3, chrome)	Run Cypress	2025-03-11T09:09:38.4773866Z [0m  Accessibility tests for client registration policies[0m
Admin UI E2E (3, chrome)	Run Cypress	2025-03-11T09:09:41.0426324Z   [32m  âœ“[0m[90m Check a11y violations on load/ client registration policies[0m[90m (2551ms)[0m
Admin UI E2E (3, chrome)	Run Cypress	2025-03-11T09:09:41.0431116Z 
Admin UI E2E (3, chrome)	Run Cypress	2025-03-11T09:09:41.0595982Z 
Admin UI E2E (3, chrome)	Run Cypress	2025-03-11T09:09:41.0597514Z [92m [0m[32m 9 passing[0m[90m (24s)[0m
Admin UI E2E (3, chrome)	Run Cypress	2025-03-11T09:09:41.0598284Z 
Admin UI E2E (3, chrome)	Run Cypress	2025-03-11T09:09:42.0900653Z 
Admin UI E2E (3, chrome)	Run Cypress	2025-03-11T09:09:42.0901938Z [32m  ([4m[1mResults[22m[24m)[39m
Admin UI E2E (3, chrome)	Run Cypress	2025-03-11T09:09:42.0918916Z 
Admin UI E2E (3, chrome)	Run Cypress	2025-03-11T09:09:42.0932964Z [90m  â”Œ[39m[90mâ”€[39m[90mâ”€[39m[90mâ”€[39m[90mâ”€[39m[90mâ”€[39m[90mâ”€[39m[90mâ”€[39m[90mâ”€[39m[90mâ”€[39m[90mâ”€[39m[90mâ”€[39m[90mâ”€[39m[90mâ”€[39m[90mâ”€[39m[90mâ”€[39m[90mâ”€[39m[90mâ”€[39m[90mâ”€[39m[90mâ”€[39m[90mâ”€[39m[90mâ”€[39m[90mâ”€[39m[90mâ”€[39m[90mâ”€[39m[90mâ”€[39m[90mâ”€[39m[90mâ”€[39m[90mâ”€[39m[90mâ”€[39m[90mâ”€[39m[90mâ”€[39m[90mâ”€[39m[90mâ”€[39m[90mâ”€[39m[90mâ”€[39m[90mâ”€[39m[90mâ”€[39m[90mâ”€[39m[90mâ”€[39m[90mâ”€[39m[90mâ”€[39m[90mâ”€[39m[90mâ”€[39m[90mâ”€[39m[90mâ”€[39m[90mâ”€[39m[90mâ”€[39m[90mâ”€[39m[90mâ”€[39m[90mâ”€[39m[90mâ”€[39m[90mâ”€[39m[90mâ”€[39m[90mâ”€[39m[90mâ”€[39m[90mâ”€[39m[90mâ”€[39m[90mâ”€[39m[90mâ”€[39m[90mâ”€[39m[90mâ”€[39m[90mâ”€[39m[90mâ”€[39m[90mâ”€[39m[90mâ”€[39m[90mâ”€[39m[90mâ”€[39m[90mâ”€[39m[90mâ”€[39m[90mâ”€[39m[90mâ”€[39m[90mâ”€[39m[90mâ”€[39m[90mâ”€[39m[90mâ”€[39m[90mâ”€[39m[90mâ”€[39m[90mâ”€[39m[90mâ”€[39m[90mâ”€[39m[90mâ”€[39m[90mâ”€[39m[90mâ”€[39m[90mâ”€[39m[90mâ”€[39m[90mâ”€[39m[90mâ”€[39m[90mâ”€[39m[90mâ”€[39m[90mâ”€[39m[90mâ”€[39m[90mâ”€[39m[90mâ”€[39m[90mâ”€[39m[90mâ”€[39m[90mâ”€[39m[90mâ”[39m
Admin UI E2E (3, chrome)	Run Cypress	2025-03-11T09:09:42.0937968Z [90m  â”‚[39m [90mTests:[39m        [32m9[39m                                                                                [90mâ”‚[39m
Admin UI E2E (3, chrome)	Run Cypress	2025-03-11T09:09:42.0939139Z [90m  â”‚[39m [90mPassing:[39m      [32m9[39m                                                                                [90mâ”‚[39m
Admin UI E2E (3, chrome)	Run Cypress	2025-03-11T09:09:42.0940278Z [90m  â”‚[39m [90mFailing:[39m      [32m0[39m                                                                                [90mâ”‚[39m
Admin UI E2E (3, chrome)	Run Cypress	2025-03-11T09:09:42.0941448Z [90m  â”‚[39m [90mPending:[39m      [32m0[39m                                                                                [90mâ”‚[39m
Admin UI E2E (3, chrome)	Run Cypress	2025-03-11T09:09:42.0942652Z [90m  â”‚[39m [90mSkipped:[39m      [32m0[39m                                                                                [90mâ”‚[39m
Admin UI E2E (3, chrome)	Run Cypress	2025-03-11T09:09:42.0943927Z [90m  â”‚[39m [90mScreenshots:[39m  [32m0[39m                                                                                [90mâ”‚[39m
Admin UI E2E (3, chrome)	Run Cypress	2025-03-11T09:09:42.0945239Z [90m  â”‚[39m [90mVideo:[39m        [32mfalse[39m                                                                            [90mâ”‚[39m
Admin UI E2E (3, chrome)	Run Cypress	2025-03-11T09:09:42.0946710Z [90m  â”‚[39m [90mDuration:[39m     [32m23 seconds[39m                                                                       [90mâ”‚[39m
Admin UI E2E (3, chrome)	Run Cypress	2025-03-11T09:09:42.0948174Z [90m  â”‚[39m [90mSpec Ran:[39m     [32m[32mclient_registration_policies.spec.ts[32m[39m                                             [90mâ”‚[39m
Admin UI E2E (3, chrome)	Run Cypress	2025-03-11T09:09:42.0955948Z [90m  â””[39m[90mâ”€[39m[90mâ”€[39m[90mâ”€[39m[90mâ”€[39m[90mâ”€[39m[90mâ”€[39m[90mâ”€[39m[90mâ”€[39m[90mâ”€[39m[90mâ”€[39m[90mâ”€[39m[90mâ”€[39m[90mâ”€[39m[90mâ”€[39m[90mâ”€[39m[90mâ”€[39m[90mâ”€[39m[90mâ”€[39m[90mâ”€[39m[90mâ”€[39m[90mâ”€[39m[90mâ”€[39m[90mâ”€[39m[90mâ”€[39m[90mâ”€[39m[90mâ”€[39m[90mâ”€[39m[90mâ”€[39m[90mâ”€[39m[90mâ”€[39m[90mâ”€[39m[90mâ”€[39m[90mâ”€[39m[90mâ”€[39m[90mâ”€[39m[90mâ”€[39m[90mâ”€[39m[90mâ”€[39m[90mâ”€[39m[90mâ”€[39m[90mâ”€[39m[90mâ”€[39m[90mâ”€[39m[90mâ”€[39m[90mâ”€[39m[90mâ”€[39m[90mâ”€[39m[90mâ”€[39m[90mâ”€[39m[90mâ”€[39m[90mâ”€[39m[90mâ”€[39m[90mâ”€[39m[90mâ”€[39m[90mâ”€[39m[90mâ”€[39m[90mâ”€[39m[90mâ”€[39m[90mâ”€[39m[90mâ”€[39m[90mâ”€[39m[90mâ”€[39m[90mâ”€[39m[90mâ”€[39m[90mâ”€[39m[90mâ”€[39m[90mâ”€[39m[90mâ”€[39m[90mâ”€[39m[90mâ”€[39m[90mâ”€[39m[90mâ”€[39m[90mâ”€[39m[90mâ”€[39m[90mâ”€[39m[90mâ”€[39m[90mâ”€[39m[90mâ”€[39m[90mâ”€[39m[90mâ”€[39m[90mâ”€[39m[90mâ”€[39m[90mâ”€[39m[90mâ”€[39m[90mâ”€[39m[90mâ”€[39m[90mâ”€[39m[90mâ”€[39m[90mâ”€[39m[90mâ”€[39m[90mâ”€[39m[90mâ”€[39m[90mâ”€[39m[90mâ”€[39m[90mâ”€[39m[90mâ”€[39m[90mâ”˜[39m
Admin UI E2E (3, chrome)	Run Cypress	2025-03-11T09:09:42.0960137Z 
Admin UI E2E (3, chrome)	Run Cypress	2025-03-11T09:09:42.1276803Z 
Admin UI E2E (3, chrome)	Run Cypress	2025-03-11T09:09:42.1285897Z [90mâ”€[39m[90mâ”€[39m[90mâ”€[39m[90mâ”€[39m[90mâ”€[39m[90mâ”€[39m[90mâ”€[39m[90mâ”€[39m[90mâ”€[39m[90mâ”€[39m[90mâ”€[39m[90mâ”€[39m[90mâ”€[39m[90mâ”€[39m[90mâ”€[39m[90mâ”€[39m[90mâ”€[39m[90mâ”€[39m[90mâ”€[39m[90mâ”€[39m[90mâ”€[39m[90mâ”€[39m[90mâ”€[39m[90mâ”€[39m[90mâ”€[39m[90mâ”€[39m[90mâ”€[39m[90mâ”€[39m[90mâ”€[39m[90mâ”€[39m[90mâ”€[39m[90mâ”€[39m[90mâ”€[39m[90mâ”€[39m[90mâ”€[39m[90mâ”€[39m[90mâ”€[39m[90mâ”€[39m[90mâ”€[39m[90mâ”€[39m[90mâ”€[39m[90mâ”€[39m[90mâ”€[39m[90mâ”€[39m[90mâ”€[39m[90mâ”€[39m[90mâ”€[39m[90mâ”€[39m[90mâ”€[39m[90mâ”€[39m[90mâ”€[39m[90mâ”€[39m[90mâ”€[39m[90mâ”€[39m[90mâ”€[39m[90mâ”€[39m[90mâ”€[39m[90mâ”€[39m[90mâ”€[39m[90mâ”€[39m[90mâ”€[39m[90mâ”€[39m[90mâ”€[39m[90mâ”€[39m[90mâ”€[39m[90mâ”€[39m[90mâ”€[39m[90mâ”€[39m[90mâ”€[39m[90mâ”€[39m[90mâ”€[39m[90mâ”€[39m[90mâ”€[39m[90mâ”€[39m[90mâ”€[39m[90mâ”€[39m[90mâ”€[39m[90mâ”€[39m[90mâ”€[39m[90mâ”€[39m[90mâ”€[39m[90mâ”€[39m[90mâ”€[39m[90mâ”€[39m[90mâ”€[39m[90mâ”€[39m[90mâ”€[39m[90mâ”€[39m[90mâ”€[39m[90mâ”€[39m[90mâ”€[39m[90mâ”€[39m[90mâ”€[39m[90mâ”€[39m[90mâ”€[39m[90mâ”€[39m[90mâ”€[39m[90mâ”€[39m[90mâ”€[39m[90mâ”€[39m
Admin UI E2E (3, chrome)	Run Cypress	2025-03-11T09:09:42.1291902Z                                                                                                     
Admin UI E2E (3, chrome)	Run Cypress	2025-03-11T09:09:42.1294070Z   Running:  [90mpartial_export_test.spec.ts[39m                                                     [90m(4 of 8)[39m
Admin UI E2E (3, chrome)	Run Cypress	2025-03-11T09:09:45.7313732Z 
Admin UI E2E (3, chrome)	Run Cypress	2025-03-11T09:09:45.7314575Z [0m[0m
Admin UI E2E (3, chrome)	Run Cypress	2025-03-11T09:09:45.7339312Z [0m  Partial realm export[0m
Admin UI E2E (3, chrome)	Run Cypress	2025-03-11T09:09:51.0254285Z   [32m  âœ“[0m[90m Closes the dialog[0m[90m (5284ms)[0m
Admin UI E2E (3, chrome)	Run Cypress	2025-03-11T09:09:53.3218702Z   [32m  âœ“[0m[90m Shows a warning message[0m[90m (2253ms)[0m
Admin UI E2E (3, chrome)	Run Cypress	2025-03-11T09:09:56.7352907Z   [32m  âœ“[0m[90m Exports the realm[0m[90m (2812ms)[0m
Admin UI E2E (3, chrome)	Run Cypress	2025-03-11T09:09:56.7355081Z 
Admin UI E2E (3, chrome)	Run Cypress	2025-03-11T09:09:56.7564701Z 
Admin UI E2E (3, chrome)	Run Cypress	2025-03-11T09:09:56.7565786Z [92m [0m[32m 3 passing[0m[90m (11s)[0m
Admin UI E2E (3, chrome)	Run Cypress	2025-03-11T09:09:56.7566154Z 
Admin UI E2E (3, chrome)	Run Cypress	2025-03-11T09:09:57.7942311Z 
Admin UI E2E (3, chrome)	Run Cypress	2025-03-11T09:09:57.7943456Z [32m  ([4m[1mResults[22m[24m)[39m
Admin UI E2E (3, chrome)	Run Cypress	2025-03-11T09:09:57.7947900Z 
Admin UI E2E (3, chrome)	Run Cypress	2025-03-11T09:09:57.7960478Z [90m  â”Œ[39m[90mâ”€[39m[90mâ”€[39m[90mâ”€[39m[90mâ”€[39m[90mâ”€[39m[90mâ”€[39m[90mâ”€[39m[90mâ”€[39m[90mâ”€[39m[90mâ”€[39m[90mâ”€[39m[90mâ”€[39m[90mâ”€[39m[90mâ”€[39m[90mâ”€[39m[90mâ”€[39m[90mâ”€[39m[90mâ”€[39m[90mâ”€[39m[90mâ”€[39m[90mâ”€[39m[90mâ”€[39m[90mâ”€[39m[90mâ”€[39m[90mâ”€[39m[90mâ”€[39m[90mâ”€[39m[90mâ”€[39m[90mâ”€[39m[90mâ”€[39m[90mâ”€[39m[90mâ”€[39m[90mâ”€[39m[90mâ”€[39m[90mâ”€[39m[90mâ”€[39m[90mâ”€[39m[90mâ”€[39m[90mâ”€[39m[90mâ”€[39m[90mâ”€[39m[90mâ”€[39m[90mâ”€[39m[90mâ”€[39m[90mâ”€[39m[90mâ”€[39m[90mâ”€[39m[90mâ”€[39m[90mâ”€[39m[90mâ”€[39m[90mâ”€[39m[90mâ”€[39m[90mâ”€[39m[90mâ”€[39m[90mâ”€[39m[90mâ”€[39m[90mâ”€[39m[90mâ”€[39m[90mâ”€[39m[90mâ”€[39m[90mâ”€[39m[90mâ”€[39m[90mâ”€[39m[90mâ”€[39m[90mâ”€[39m[90mâ”€[39m[90mâ”€[39m[90mâ”€[39m[90mâ”€[39m[90mâ”€[39m[90mâ”€[39m[90mâ”€[39m[90mâ”€[39m[90mâ”€[39m[90mâ”€[39m[90mâ”€[39m[90mâ”€[39m[90mâ”€[39m[90mâ”€[39m[90mâ”€[39m[90mâ”€[39m[90mâ”€[39m[90mâ”€[39m[90mâ”€[39m[90mâ”€[39m[90mâ”€[39m[90mâ”€[39m[90mâ”€[39m[90mâ”€[39m[90mâ”€[39m[90mâ”€[39m[90mâ”€[39m[90mâ”€[39m[90mâ”€[39m[90mâ”€[39m[90mâ”€[39m[90mâ”[39m
Admin UI E2E (3, chrome)	Run Cypress	2025-03-11T09:09:57.7964748Z [90m  â”‚[39m [90mTests:[39m        [32m3[39m                                                                                [90mâ”‚[39m
Admin UI E2E (3, chrome)	Run Cypress	2025-03-11T09:09:57.7965905Z [90m  â”‚[39m [90mPassing:[39m      [32m3[39m                                                                                [90mâ”‚[39m
Admin UI E2E (3, chrome)	Run Cypress	2025-03-11T09:09:57.7967625Z [90m  â”‚[39m [90mFailing:[39m      [32m0[39m                                                                                [90mâ”‚[39m
Admin UI E2E (3, chrome)	Run Cypress	2025-03-11T09:09:57.7968800Z [90m  â”‚[39m [90mPending:[39m      [32m0[39m                                                                                [90mâ”‚[39m
Admin UI E2E (3, chrome)	Run Cypress	2025-03-11T09:09:57.7969969Z [90m  â”‚[39m [90mSkipped:[39m      [32m0[39m                                                                                [90mâ”‚[39m
Admin UI E2E (3, chrome)	Run Cypress	2025-03-11T09:09:57.7971578Z [90m  â”‚[39m [90mScreenshots:[39m  [32m0[39m                                                                                [90mâ”‚[39m
Admin UI E2E (3, chrome)	Run Cypress	2025-03-11T09:09:57.7972843Z [90m  â”‚[39m [90mVideo:[39m        [32mfalse[39m                                                                            [90mâ”‚[39m
Admin UI E2E (3, chrome)	Run Cypress	2025-03-11T09:09:57.7974133Z [90m  â”‚[39m [90mDuration:[39m     [32m11 seconds[39m                                                                       [90mâ”‚[39m
Admin UI E2E (3, chrome)	Run Cypress	2025-03-11T09:09:57.7975531Z [90m  â”‚[39m [90mSpec Ran:[39m     [32m[32mpartial_export_test.spec.ts[32m[39m                                                      [90mâ”‚[39m
Admin UI E2E (3, chrome)	Run Cypress	2025-03-11T09:09:57.7983732Z [90m  â””[39m[90mâ”€[39m[90mâ”€[39m[90mâ”€[39m[90mâ”€[39m[90mâ”€[39m[90mâ”€[39m[90mâ”€[39m[90mâ”€[39m[90mâ”€[39m[90mâ”€[39m[90mâ”€[39m[90mâ”€[39m[90mâ”€[39m[90mâ”€[39m[90mâ”€[39m[90mâ”€[39m[90mâ”€[39m[90mâ”€[39m[90mâ”€[39m[90mâ”€[39m[90mâ”€[39m[90mâ”€[39m[90mâ”€[39m[90mâ”€[39m[90mâ”€[39m[90mâ”€[39m[90mâ”€[39m[90mâ”€[39m[90mâ”€[39m[90mâ”€[39m[90mâ”€[39m[90mâ”€[39m[90mâ”€[39m[90mâ”€[39m[90mâ”€[39m[90mâ”€[39m[90mâ”€[39m[90mâ”€[39m[90mâ”€[39m[90mâ”€[39m[90mâ”€[39m[90mâ”€[39m[90mâ”€[39m[90mâ”€[39m[90mâ”€[39m[90mâ”€[39m[90mâ”€[39m[90mâ”€[39m[90mâ”€[39m[90mâ”€[39m[90mâ”€[39m[90mâ”€[39m[90mâ”€[39m[90mâ”€[39m[90mâ”€[39m[90mâ”€[39m[90mâ”€[39m[90mâ”€[39m[90mâ”€[39m[90mâ”€[39m[90mâ”€[39m[90mâ”€[39m[90mâ”€[39m[90mâ”€[39m[90mâ”€[39m[90mâ”€[39m[90mâ”€[39m[90mâ”€[39m[90mâ”€[39m[90mâ”€[39m[90mâ”€[39m[90mâ”€[39m[90mâ”€[39m[90mâ”€[39m[90mâ”€[39m[90mâ”€[39m[90mâ”€[39m[90mâ”€[39m[90mâ”€[39m[90mâ”€[39m[90mâ”€[39m[90mâ”€[39m[90mâ”€[39m[90mâ”€[39m[90mâ”€[39m[90mâ”€[39m[90mâ”€[39m[90mâ”€[39m[90mâ”€[39m[90mâ”€[39m[90mâ”€[39m[90mâ”€[39m[90mâ”€[39m[90mâ”€[39m[90mâ”€[39m[90mâ”€[39m[90mâ”˜[39m
Admin UI E2E (3, chrome)	Run Cypress	2025-03-11T09:09:57.7987681Z 
Admin UI E2E (3, chrome)	Run Cypress	2025-03-11T09:09:57.8332096Z 
Admin UI E2E (3, chrome)	Run Cypress	2025-03-11T09:09:57.8346759Z [90mâ”€[39m[90mâ”€[39m[90mâ”€[39m[90mâ”€[39m[90mâ”€[39m[90mâ”€[39m[90mâ”€[39m[90mâ”€[39m[90mâ”€[39m[90mâ”€[39m[90mâ”€[39m[90mâ”€[39m[90mâ”€[39m[90mâ”€[39m[90mâ”€[39m[90mâ”€[39m[90mâ”€[39m[90mâ”€[39m[90mâ”€[39m[90mâ”€[39m[90mâ”€[39m[90mâ”€[39m[90mâ”€[39m[90mâ”€[39m[90mâ”€[39m[90mâ”€[39m[90mâ”€[39m[90mâ”€[39m[90mâ”€[39m[90mâ”€[39m[90mâ”€[39m[90mâ”€[39m[90mâ”€[39m[90mâ”€[39m[90mâ”€[39m[90mâ”€[39m[90mâ”€[39m[90mâ”€[39m[90mâ”€[39m[90mâ”€[39m[90mâ”€[39m[90mâ”€[39m[90mâ”€[39m[90mâ”€[39m[90mâ”€[39m[90mâ”€[39m[90mâ”€[39m[90mâ”€[39m[90mâ”€[39m[90mâ”€[39m[90mâ”€[39m[90mâ”€[39m[90mâ”€[39m[90mâ”€[39m[90mâ”€[39m[90mâ”€[39m[90mâ”€[39m[90mâ”€[39m[90mâ”€[39m[90mâ”€[39m[90mâ”€[39m[90mâ”€[39m[90mâ”€[39m[90mâ”€[39m[90mâ”€[39m[90mâ”€[39m[90mâ”€[39m[90mâ”€[39m[90mâ”€[39m[90mâ”€[39m[90mâ”€[39m[90mâ”€[39m[90mâ”€[39m[90mâ”€[39m[90mâ”€[39m[90mâ”€[39m[90mâ”€[39m[90mâ”€[39m[90mâ”€[39m[90mâ”€[39m[90mâ”€[39m[90mâ”€[39m[90mâ”€[39m[90mâ”€[39m[90mâ”€[39m[90mâ”€[39m[90mâ”€[39m[90mâ”€[39m[90mâ”€[39m[90mâ”€[39m[90mâ”€[39m[90mâ”€[39m[90mâ”€[39m[90mâ”€[39m[90mâ”€[39m[90mâ”€[39m[90mâ”€[39m[90mâ”€[39m[90mâ”€[39m[90mâ”€[39m
Admin UI E2E (3, chrome)	Run Cypress	2025-03-11T09:09:57.8351334Z                                                                                                     
Admin UI E2E (3, chrome)	Run Cypress	2025-03-11T09:09:57.8352697Z   Running:  [90muser_fed_ldap_mapper_test.spec.ts[39m                                               [90m(5 of 8)[39m
Admin UI E2E (3, chrome)	Run Cypress	2025-03-11T09:10:00.3441581Z 
Admin UI E2E (3, chrome)	Run Cypress	2025-03-11T09:10:00.3447210Z [0m[0m
Admin UI E2E (3, chrome)	Run Cypress	2025-03-11T09:10:00.3470288Z [0m  User Fed LDAP mapper tests[0m
Admin UI E2E (3, chrome)	Run Cypress	2025-03-11T09:10:10.8220942Z   [32m  âœ“[0m[90m Create LDAP provider from empty state[0m[90m (10467ms)[0m
Admin UI E2E (3, chrome)	Run Cypress	2025-03-11T09:10:17.9145482Z   [32m  âœ“[0m[90m Delete default mappers[0m[90m (6945ms)[0m
Admin UI E2E (3, chrome)	Run Cypress	2025-03-11T09:10:23.7765083Z   [32m  âœ“[0m[90m Create certificate ldap mapper[0m[90m (5745ms)[0m
Admin UI E2E (3, chrome)	Run Cypress	2025-03-11T09:10:27.6031545Z   [32m  âœ“[0m[90m Update certificate ldap mapper[0m[90m (3781ms)[0m
Admin UI E2E (3, chrome)	Run Cypress	2025-03-11T09:10:30.9642609Z   [32m  âœ“[0m[90m Delete certificate ldap mapper[0m[90m (3305ms)[0m
Admin UI E2E (3, chrome)	Run Cypress	2025-03-11T09:10:36.1968615Z   [32m  âœ“[0m[90m Create user account control mapper[0m[90m (5162ms)[0m
Admin UI E2E (3, chrome)	Run Cypress	2025-03-11T09:10:41.6511434Z   [32m  âœ“[0m[90m Create msad lds user account control mapper[0m[90m (5372ms)[0m
Admin UI E2E (3, chrome)	Run Cypress	2025-03-11T09:10:47.3820859Z   [32m  âœ“[0m[90m Create user attribute ldap mapper[0m[90m (5664ms)[0m
Admin UI E2E (3, chrome)	Run Cypress	2025-03-11T09:10:52.7417955Z   [32m  âœ“[0m[90m Create full name ldap mapper[0m[90m (5306ms)[0m
Admin UI E2E (3, chrome)	Run Cypress	2025-03-11T09:10:58.0558519Z   [32m  âœ“[0m[90m Create group ldap mapper[0m[90m (5248ms)[0m
Admin UI E2E (3, chrome)	Run Cypress	2025-03-11T09:11:01.3361131Z   [32m  âœ“[0m[90m Should return one search result for mapper with unique string[0m[90m (3220ms)[0m
Admin UI E2E (3, chrome)	Run Cypress	2025-03-11T09:11:04.6511867Z   [32m  âœ“[0m[90m Should return multiple search results for mappers that share common string[0m[90m (3279ms)[0m
Admin UI E2E (3, chrome)	Run Cypress	2025-03-11T09:11:08.0008214Z   [32m  âœ“[0m[90m Should return all mappers in search results when no string is specified[0m[90m (3277ms)[0m
Admin UI E2E (3, chrome)	Run Cypress	2025-03-11T09:11:11.2509397Z   [32m  âœ“[0m[90m Should return no search results for string that does not exist in any mappers[0m[90m (3210ms)[0m
Admin UI E2E (3, chrome)	Run Cypress	2025-03-11T09:11:14.4463356Z   [32m  âœ“[0m[90m Cleanup - delete LDAP provider[0m[90m (3133ms)[0m
Admin UI E2E (3, chrome)	Run Cypress	2025-03-11T09:11:14.4463904Z 
Admin UI E2E (3, chrome)	Run Cypress	2025-03-11T09:11:14.4634935Z 
Admin UI E2E (3, chrome)	Run Cypress	2025-03-11T09:11:14.4636035Z [92m [0m[32m 15 passing[0m[90m (1m)[0m
Admin UI E2E (3, chrome)	Run Cypress	2025-03-11T09:11:14.4636407Z 
Admin UI E2E (3, chrome)	Run Cypress	2025-03-11T09:11:15.4989179Z 
Admin UI E2E (3, chrome)	Run Cypress	2025-03-11T09:11:15.4990701Z [32m  ([4m[1mResults[22m[24m)[39m
Admin UI E2E (3, chrome)	Run Cypress	2025-03-11T09:11:15.4996138Z 
Admin UI E2E (3, chrome)	Run Cypress	2025-03-11T09:11:15.5009859Z [90m  â”Œ[39m[90mâ”€[39m[90mâ”€[39m[90mâ”€[39m[90mâ”€[39m[90mâ”€[39m[90mâ”€[39m[90mâ”€[39m[90mâ”€[39m[90mâ”€[39m[90mâ”€[39m[90mâ”€[39m[90mâ”€[39m[90mâ”€[39m[90mâ”€[39m[90mâ”€[39m[90mâ”€[39m[90mâ”€[39m[90mâ”€[39m[90mâ”€[39m[90mâ”€[39m[90mâ”€[39m[90mâ”€[39m[90mâ”€[39m[90mâ”€[39m[90mâ”€[39m[90mâ”€[39m[90mâ”€[39m[90mâ”€[39m[90mâ”€[39m[90mâ”€[39m[90mâ”€[39m[90mâ”€[39m[90mâ”€[39m[90mâ”€[39m[90mâ”€[39m[90mâ”€[39m[90mâ”€[39m[90mâ”€[39m[90mâ”€[39m[90mâ”€[39m[90mâ”€[39m[90mâ”€[39m[90mâ”€[39m[90mâ”€[39m[90mâ”€[39m[90mâ”€[39m[90mâ”€[39m[90mâ”€[39m[90mâ”€[39m[90mâ”€[39m[90mâ”€[39m[90mâ”€[39m[90mâ”€[39m[90mâ”€[39m[90mâ”€[39m[90mâ”€[39m[90mâ”€[39m[90mâ”€[39m[90mâ”€[39m[90mâ”€[39m[90mâ”€[39m[90mâ”€[39m[90mâ”€[39m[90mâ”€[39m[90mâ”€[39m[90mâ”€[39m[90mâ”€[39m[90mâ”€[39m[90mâ”€[39m[90mâ”€[39m[90mâ”€[39m[90mâ”€[39m[90mâ”€[39m[90mâ”€[39m[90mâ”€[39m[90mâ”€[39m[90mâ”€[39m[90mâ”€[39m[90mâ”€[39m[90mâ”€[39m[90mâ”€[39m[90mâ”€[39m[90mâ”€[39m[90mâ”€[39m[90mâ”€[39m[90mâ”€[39m[90mâ”€[39m[90mâ”€[39m[90mâ”€[39m[90mâ”€[39m[90mâ”€[39m[90mâ”€[39m[90mâ”€[39m[90mâ”€[39m[90mâ”€[39m[90mâ”€[39m[90mâ”[39m
Admin UI E2E (3, chrome)	Run Cypress	2025-03-11T09:11:15.5014411Z [90m  â”‚[39m [90mTests:[39m        [32m15[39m                                                                               [90mâ”‚[39m
Admin UI E2E (3, chrome)	Run Cypress	2025-03-11T09:11:15.5015589Z [90m  â”‚[39m [90mPassing:[39m      [32m15[39m                                                                               [90mâ”‚[39m
Admin UI E2E (3, chrome)	Run Cypress	2025-03-11T09:11:15.5016958Z [90m  â”‚[39m [90mFailing:[39m      [32m0[39m                                                                                [90mâ”‚[39m
Admin UI E2E (3, chrome)	Run Cypress	2025-03-11T09:11:15.5018141Z [90m  â”‚[39m [90mPending:[39m      [32m0[39m                                                                                [90mâ”‚[39m
Admin UI E2E (3, chrome)	Run Cypress	2025-03-11T09:11:15.5019708Z [90m  â”‚[39m [90mSkipped:[39m      [32m0[39m                                                                                [90mâ”‚[39m
Admin UI E2E (3, chrome)	Run Cypress	2025-03-11T09:11:15.5021007Z [90m  â”‚[39m [90mScreenshots:[39m  [32m0[39m                                                                                [90mâ”‚[39m
Admin UI E2E (3, chrome)	Run Cypress	2025-03-11T09:11:15.5022302Z [90m  â”‚[39m [90mVideo:[39m        [32mfalse[39m                                                                            [90mâ”‚[39m
Admin UI E2E (3, chrome)	Run Cypress	2025-03-11T09:11:15.5023581Z [90m  â”‚[39m [90mDuration:[39m     [32m1 minute, 14 seconds[39m                                                             [90mâ”‚[39m
Admin UI E2E (3, chrome)	Run Cypress	2025-03-11T09:11:15.5025018Z [90m  â”‚[39m [90mSpec Ran:[39m     [32m[32muser_fed_ldap_mapper_test.spec.ts[32m[39m                                                [90mâ”‚[39m
Admin UI E2E (3, chrome)	Run Cypress	2025-03-11T09:11:15.5032109Z [90m  â””[39m[90mâ”€[39m[90mâ”€[39m[90mâ”€[39m[90mâ”€[39m[90mâ”€[39m[90mâ”€[39m[90mâ”€[39m[90mâ”€[39m[90mâ”€[39m[90mâ”€[39m[90mâ”€[39m[90mâ”€[39m[90mâ”€[39m[90mâ”€[39m[90mâ”€[39m[90mâ”€[39m[90mâ”€[39m[90mâ”€[39m[90mâ”€[39m[90mâ”€[39m[90mâ”€[39m[90mâ”€[39m[90mâ”€[39m[90mâ”€[39m[90mâ”€[39m[90mâ”€[39m[90mâ”€[39m[90mâ”€[39m[90mâ”€[39m[90mâ”€[39m[90mâ”€[39m[90mâ”€[39m[90mâ”€[39m[90mâ”€[39m[90mâ”€[39m[90mâ”€[39m[90mâ”€[39m[90mâ”€[39m[90mâ”€[39m[90mâ”€[39m[90mâ”€[39m[90mâ”€[39m[90mâ”€[39m[90mâ”€[39m[90mâ”€[39m[90mâ”€[39m[90mâ”€[39m[90mâ”€[39m[90mâ”€[39m[90mâ”€[39m[90mâ”€[39m[90mâ”€[39m[90mâ”€[39m[90mâ”€[39m[90mâ”€[39m[90mâ”€[39m[90mâ”€[39m[90mâ”€[39m[90mâ”€[39m[90mâ”€[39m[90mâ”€[39m[90mâ”€[39m[90mâ”€[39m[90mâ”€[39m[90mâ”€[39m[90mâ”€[39m[90mâ”€[39m[90mâ”€[39m[90mâ”€[39m[90mâ”€[39m[90mâ”€[39m[90mâ”€[39m[90mâ”€[39m[90mâ”€[39m[90mâ”€[39m[90mâ”€[39m[90mâ”€[39m[90mâ”€[39m[90mâ”€[39m[90mâ”€[39m[90mâ”€[39m[90mâ”€[39m[90mâ”€[39m[90mâ”€[39m[90mâ”€[39m[90mâ”€[39m[90mâ”€[39m[90mâ”€[39m[90mâ”€[39m[90mâ”€[39m[90mâ”€[39m[90mâ”€[39m[90mâ”€[39m[90mâ”€[39m[90mâ”€[39m[90mâ”€[39m[90mâ”˜[39m
Admin UI E2E (3, chrome)	Run Cypress	2025-03-11T09:11:15.5035827Z 
Admin UI E2E (3, chrome)	Run Cypress	2025-03-11T09:11:15.5366366Z 
Admin UI E2E (3, chrome)	Run Cypress	2025-03-11T09:11:15.5377640Z [90mâ”€[39m[90mâ”€[39m[90mâ”€[39m[90mâ”€[39m[90mâ”€[39m[90mâ”€[39m[90mâ”€[39m[90mâ”€[39m[90mâ”€[39m[90mâ”€[39m[90mâ”€[39m[90mâ”€[39m[90mâ”€[39m[90mâ”€[39m[90mâ”€[39m[90mâ”€[39m[90mâ”€[39m[90mâ”€[39m[90mâ”€[39m[90mâ”€[39m[90mâ”€[39m[90mâ”€[39m[90mâ”€[39m[90mâ”€[39m[90mâ”€[39m[90mâ”€[39m[90mâ”€[39m[90mâ”€[39m[90mâ”€[39m[90mâ”€[39m[90mâ”€[39m[90mâ”€[39m[90mâ”€[39m[90mâ”€[39m[90mâ”€[39m[90mâ”€[39m[90mâ”€[39m[90mâ”€[39m[90mâ”€[39m[90mâ”€[39m[90mâ”€[39m[90mâ”€[39m[90mâ”€[39m[90mâ”€[39m[90mâ”€[39m[90mâ”€[39m[90mâ”€[39m[90mâ”€[39m[90mâ”€[39m[90mâ”€[39m[90mâ”€[39m[90mâ”€[39m[90mâ”€[39m[90mâ”€[39m[90mâ”€[39m[90mâ”€[39m[90mâ”€[39m[90mâ”€[39m[90mâ”€[39m[90mâ”€[39m[90mâ”€[39m[90mâ”€[39m[90mâ”€[39m[90mâ”€[39m[90mâ”€[39m[90mâ”€[39m[90mâ”€[39m[90mâ”€[39m[90mâ”€[39m[90mâ”€[39m[90mâ”€[39m[90mâ”€[39m[90mâ”€[39m[90mâ”€[39m[90mâ”€[39m[90mâ”€[39m[90mâ”€[39m[90mâ”€[39m[90mâ”€[39m[90mâ”€[39m[90mâ”€[39m[90mâ”€[39m[90mâ”€[39m[90mâ”€[39m[90mâ”€[39m[90mâ”€[39m[90mâ”€[39m[90mâ”€[39m[90mâ”€[39m[90mâ”€[39m[90mâ”€[39m[90mâ”€[39m[90mâ”€[39m[90mâ”€[39m[90mâ”€[39m[90mâ”€[39m[90mâ”€[39m[90mâ”€[39m[90mâ”€[39m[90mâ”€[39m
Admin UI E2E (3, chrome)	Run Cypress	2025-03-11T09:11:15.5381880Z                                                                                                     
Admin UI E2E (3, chrome)	Run Cypress	2025-03-11T09:11:15.5383041Z   Running:  [90mrealm_settings_client_profiles_test.spec.ts[39m                                     [90m(6 of 8)[39m
Admin UI E2E (3, chrome)	Run Cypress	2025-03-11T09:11:19.6004775Z 
Admin UI E2E (3, chrome)	Run Cypress	2025-03-11T09:11:19.6006025Z [0m[0m
Admin UI E2E (3, chrome)	Run Cypress	2025-03-11T09:11:19.6032809Z [0m  Realm settings client profiles tab tests[0m
Admin UI E2E (3, chrome)	Run Cypress	2025-03-11T09:11:25.0802261Z   [32m  âœ“[0m[90m Go to client policies profiles tab[0m[90m (5430ms)[0m
Admin UI E2E (3, chrome)	Run Cypress	2025-03-11T09:11:28.0874579Z   [32m  âœ“[0m[90m Check new client form is displaying[0m[90m (2933ms)[0m
Admin UI E2E (3, chrome)	Run Cypress	2025-03-11T09:11:31.4209217Z   [32m  âœ“[0m[90m Complete new client form and cancel[0m[90m (3281ms)[0m
Admin UI E2E (3, chrome)	Run Cypress	2025-03-11T09:11:34.2646902Z   [32m  âœ“[0m[90m Complete new client form and submit[0m[90m (2777ms)[0m
Admin UI E2E (3, chrome)	Run Cypress	2025-03-11T09:11:36.7204987Z   [32m  âœ“[0m[90m Should perform client profile search by profile name[0m[90m (2430ms)[0m
Admin UI E2E (3, chrome)	Run Cypress	2025-03-11T09:11:39.4217096Z   [32m  âœ“[0m[90m Should search non-existent client profile[0m[90m (2677ms)[0m
Admin UI E2E (3, chrome)	Run Cypress	2025-03-11T09:11:42.1184114Z   [32m  âœ“[0m[90m Should navigate to client profile[0m[90m (2671ms)[0m
Admin UI E2E (3, chrome)	Run Cypress	2025-03-11T09:11:44.5888085Z   [32m  âœ“[0m[90m Check navigating between Form View and JSON editor[0m[90m (2441ms)[0m
Admin UI E2E (3, chrome)	Run Cypress	2025-03-11T09:11:56.5198965Z   [32m  âœ“[0m[90m Check saving changed JSON profiles[0m[90m (11905ms)[0m
Admin UI E2E (3, chrome)	Run Cypress	2025-03-11T09:12:00.3596695Z   [32m  âœ“[0m[90m Should not create duplicate client profile[0m[90m (3774ms)[0m
Admin UI E2E (3, chrome)	Run Cypress	2025-03-11T09:12:03.8467586Z   [32m  âœ“[0m[90m Should edit client profile[0m[90m (3449ms)[0m
Admin UI E2E (3, chrome)	Run Cypress	2025-03-11T09:12:06.1921332Z   [32m  âœ“[0m[90m Should check that edited client profile is now listed[0m[90m (2313ms)[0m
Admin UI E2E (3, chrome)	Run Cypress	2025-03-11T09:12:08.9184379Z   [32m  âœ“[0m[90m Should show error when client profile left blank[0m[90m (2691ms)[0m
Admin UI E2E (3, chrome)	Run Cypress	2025-03-11T09:12:11.3984724Z   [32m  âœ“[0m[90m Should revert back to the previous profile name[0m[90m (2437ms)[0m
Admin UI E2E (3, chrome)	Run Cypress	2025-03-11T09:12:14.0471257Z   [32m  âœ“[0m[90m Should not have executors configured by default[0m[90m (2607ms)[0m
Admin UI E2E (3, chrome)	Run Cypress	2025-03-11T09:12:16.5895824Z   [32m  âœ“[0m[90m Should cancel adding a new executor to a client profile[0m[90m (2508ms)[0m
Admin UI E2E (3, chrome)	Run Cypress	2025-03-11T09:12:19.1035351Z   [32m  âœ“[0m[90m Should add a new executor to a client profile[0m[90m (2491ms)[0m
Admin UI E2E (3, chrome)	Run Cypress	2025-03-11T09:12:21.8473348Z   [32m  âœ“[0m[90m Should cancel deleting executor from a client profile[0m[90m (2709ms)[0m
Admin UI E2E (3, chrome)	Run Cypress	2025-03-11T09:12:24.6196009Z   [32m  âœ“[0m[90m Should cancel editing executor[0m[90m (2746ms)[0m
Admin UI E2E (3, chrome)	Run Cypress	2025-03-11T09:12:27.3623740Z   [32m  âœ“[0m[90m Should edit executor[0m[90m (2701ms)[0m
Admin UI E2E (3, chrome)	Run Cypress	2025-03-11T09:12:29.7153305Z   [32m  âœ“[0m[90m Should delete executor from a client profile[0m[90m (2341ms)[0m
Admin UI E2E (3, chrome)	Run Cypress	2025-03-11T09:12:32.7809614Z   [32m  âœ“[0m[90m Check cancelling the client profile deletion[0m[90m (3031ms)[0m
Admin UI E2E (3, chrome)	Run Cypress	2025-03-11T09:12:35.8892425Z   [32m  âœ“[0m[90m Check deleting the client profile[0m[90m (2623ms)[0m
Admin UI E2E (3, chrome)	Run Cypress	2025-03-11T09:12:35.8894989Z 
Admin UI E2E (3, chrome)	Run Cypress	2025-03-11T09:12:35.9089479Z 
Admin UI E2E (3, chrome)	Run Cypress	2025-03-11T09:12:35.9090686Z [92m [0m[32m 23 passing[0m[90m (1m)[0m
Admin UI E2E (3, chrome)	Run Cypress	2025-03-11T09:12:35.9091064Z 
Admin UI E2E (3, chrome)	Run Cypress	2025-03-11T09:12:36.9304407Z 
Admin UI E2E (3, chrome)	Run Cypress	2025-03-11T09:12:36.9305752Z [32m  ([4m[1mResults[22m[24m)[39m
Admin UI E2E (3, chrome)	Run Cypress	2025-03-11T09:12:36.9311341Z 
Admin UI E2E (3, chrome)	Run Cypress	2025-03-11T09:12:36.9325305Z [90m  â”Œ[39m[90mâ”€[39m[90mâ”€[39m[90mâ”€[39m[90mâ”€[39m[90mâ”€[39m[90mâ”€[39m[90mâ”€[39m[90mâ”€[39m[90mâ”€[39m[90mâ”€[39m[90mâ”€[39m[90mâ”€[39m[90mâ”€[39m[90mâ”€[39m[90mâ”€[39m[90mâ”€[39m[90mâ”€[39m[90mâ”€[39m[90mâ”€[39m[90mâ”€[39m[90mâ”€[39m[90mâ”€[39m[90mâ”€[39m[90mâ”€[39m[90mâ”€[39m[90mâ”€[39m[90mâ”€[39m[90mâ”€[39m[90mâ”€[39m[90mâ”€[39m[90mâ”€[39m[90mâ”€[39m[90mâ”€[39m[90mâ”€[39m[90mâ”€[39m[90mâ”€[39m[90mâ”€[39m[90mâ”€[39m[90mâ”€[39m[90mâ”€[39m[90mâ”€[39m[90mâ”€[39m[90mâ”€[39m[90mâ”€[39m[90mâ”€[39m[90mâ”€[39m[90mâ”€[39m[90mâ”€[39m[90mâ”€[39m[90mâ”€[39m[90mâ”€[39m[90mâ”€[39m[90mâ”€[39m[90mâ”€[39m[90mâ”€[39m[90mâ”€[39m[90mâ”€[39m[90mâ”€[39m[90mâ”€[39m[90mâ”€[39m[90mâ”€[39m[90mâ”€[39m[90mâ”€[39m[90mâ”€[39m[90mâ”€[39m[90mâ”€[39m[90mâ”€[39m[90mâ”€[39m[90mâ”€[39m[90mâ”€[39m[90mâ”€[39m[90mâ”€[39m[90mâ”€[39m[90mâ”€[39m[90mâ”€[39m[90mâ”€[39m[90mâ”€[39m[90mâ”€[39m[90mâ”€[39m[90mâ”€[39m[90mâ”€[39m[90mâ”€[39m[90mâ”€[39m[90mâ”€[39m[90mâ”€[39m[90mâ”€[39m[90mâ”€[39m[90mâ”€[39m[90mâ”€[39m[90mâ”€[39m[90mâ”€[39m[90mâ”€[39m[90mâ”€[39m[90mâ”€[39m[90mâ”€[39m[90mâ”€[39m[90mâ”[39m
Admin UI E2E (3, chrome)	Run Cypress	2025-03-11T09:12:36.9330144Z [90m  â”‚[39m [90mTests:[39m        [32m23[39m                                                                               [90mâ”‚[39m
Admin UI E2E (3, chrome)	Run Cypress	2025-03-11T09:12:36.9331340Z [90m  â”‚[39m [90mPassing:[39m      [32m23[39m                                                                               [90mâ”‚[39m
Admin UI E2E (3, chrome)	Run Cypress	2025-03-11T09:12:36.9332504Z [90m  â”‚[39m [90mFailing:[39m      [32m0[39m                                                                                [90mâ”‚[39m
Admin UI E2E (3, chrome)	Run Cypress	2025-03-11T09:12:36.9333688Z [90m  â”‚[39m [90mPending:[39m      [32m0[39m                                                                                [90mâ”‚[39m
Admin UI E2E (3, chrome)	Run Cypress	2025-03-11T09:12:36.9335244Z [90m  â”‚[39m [90mSkipped:[39m      [32m0[39m                                                                                [90mâ”‚[39m
Admin UI E2E (3, chrome)	Run Cypress	2025-03-11T09:12:36.9336742Z [90m  â”‚[39m [90mScreenshots:[39m  [32m0[39m                                                                                [90mâ”‚[39m
Admin UI E2E (3, chrome)	Run Cypress	2025-03-11T09:12:36.9338068Z [90m  â”‚[39m [90mVideo:[39m        [32mfalse[39m                                                                            [90mâ”‚[39m
Admin UI E2E (3, chrome)	Run Cypress	2025-03-11T09:12:36.9339401Z [90m  â”‚[39m [90mDuration:[39m     [32m1 minute, 16 seconds[39m                                                             [90mâ”‚[39m
Admin UI E2E (3, chrome)	Run Cypress	2025-03-11T09:12:36.9340875Z [90m  â”‚[39m [90mSpec Ran:[39m     [32m[32mrealm_settings_client_profiles_test.spec.ts[32m[39m                                      [90mâ”‚[39m
Admin UI E2E (3, chrome)	Run Cypress	2025-03-11T09:12:36.9348221Z [90m  â””[39m[90mâ”€[39m[90mâ”€[39m[90mâ”€[39m[90mâ”€[39m[90mâ”€[39m[90mâ”€[39m[90mâ”€[39m[90mâ”€[39m[90mâ”€[39m[90mâ”€[39m[90mâ”€[39m[90mâ”€[39m[90mâ”€[39m[90mâ”€[39m[90mâ”€[39m[90mâ”€[39m[90mâ”€[39m[90mâ”€[39m[90mâ”€[39m[90mâ”€[39m[90mâ”€[39m[90mâ”€[39m[90mâ”€[39m[90mâ”€[39m[90mâ”€[39m[90mâ”€[39m[90mâ”€[39m[90mâ”€[39m[90mâ”€[39m[90mâ”€[39m[90mâ”€[39m[90mâ”€[39m[90mâ”€[39m[90mâ”€[39m[90mâ”€[39m[90mâ”€[39m[90mâ”€[39m[90mâ”€[39m[90mâ”€[39m[90mâ”€[39m[90mâ”€[39m[90mâ”€[39m[90mâ”€[39m[90mâ”€[39m[90mâ”€[39m[90mâ”€[39m[90mâ”€[39m[90mâ”€[39m[90mâ”€[39m[90mâ”€[39m[90mâ”€[39m[90mâ”€[39m[90mâ”€[39m[90mâ”€[39m[90mâ”€[39m[90mâ”€[39m[90mâ”€[39m[90mâ”€[39m[90mâ”€[39m[90mâ”€[39m[90mâ”€[39m[90mâ”€[39m[90mâ”€[39m[90mâ”€[39m[90mâ”€[39m[90mâ”€[39m[90mâ”€[39m[90mâ”€[39m[90mâ”€[39m[90mâ”€[39m[90mâ”€[39m[90mâ”€[39m[90mâ”€[39m[90mâ”€[39m[90mâ”€[39m[90mâ”€[39m[90mâ”€[39m[90mâ”€[39m[90mâ”€[39m[90mâ”€[39m[90mâ”€[39m[90mâ”€[39m[90mâ”€[39m[90mâ”€[39m[90mâ”€[39m[90mâ”€[39m[90mâ”€[39m[90mâ”€[39m[90mâ”€[39m[90mâ”€[39m[90mâ”€[39m[90mâ”€[39m[90mâ”€[39m[90mâ”€[39m[90mâ”€[39m[90mâ”€[39m[90mâ”˜[39m
Admin UI E2E (3, chrome)	Run Cypress	2025-03-11T09:12:36.9351979Z 
Admin UI E2E (3, chrome)	Run Cypress	2025-03-11T09:12:36.9695861Z 
Admin UI E2E (3, chrome)	Run Cypress	2025-03-11T09:12:36.9703514Z [90mâ”€[39m[90mâ”€[39m[90mâ”€[39m[90mâ”€[39m[90mâ”€[39m[90mâ”€[39m[90mâ”€[39m[90mâ”€[39m[90mâ”€[39m[90mâ”€[39m[90mâ”€[39m[90mâ”€[39m[90mâ”€[39m[90mâ”€[39m[90mâ”€[39m[90mâ”€[39m[90mâ”€[39m[90mâ”€[39m[90mâ”€[39m[90mâ”€[39m[90mâ”€[39m[90mâ”€[39m[90mâ”€[39m[90mâ”€[39m[90mâ”€[39m[90mâ”€[39m[90mâ”€[39m[90mâ”€[39m[90mâ”€[39m[90mâ”€[39m[90mâ”€[39m[90mâ”€[39m[90mâ”€[39m[90mâ”€[39m[90mâ”€[39m[90mâ”€[39m[90mâ”€[39m[90mâ”€[39m[90mâ”€[39m[90mâ”€[39m[90mâ”€[39m[90mâ”€[39m[90mâ”€[39m[90mâ”€[39m[90mâ”€[39m[90mâ”€[39m[90mâ”€[39m[90mâ”€[39m[90mâ”€[39m[90mâ”€[39m[90mâ”€[39m[90mâ”€[39m[90mâ”€[39m[90mâ”€[39m[90mâ”€[39m[90mâ”€[39m[90mâ”€[39m[90mâ”€[39m[90mâ”€[39m[90mâ”€[39m[90mâ”€[39m[90mâ”€[39m[90mâ”€[39m[90mâ”€[39m[90mâ”€[39m[90mâ”€[39m[90mâ”€[39m[90mâ”€[39m[90mâ”€[39m[90mâ”€[39m[90mâ”€[39m[90mâ”€[39m[90mâ”€[39m[90mâ”€[39m[90mâ”€[39m[90mâ”€[39m[90mâ”€[39m[90mâ”€[39m[90mâ”€[39m[90mâ”€[39m[90mâ”€[39m[90mâ”€[39m[90mâ”€[39m[90mâ”€[39m[90mâ”€[39m[90mâ”€[39m[90mâ”€[39m[90mâ”€[39m[90mâ”€[39m[90mâ”€[39m[90mâ”€[39m[90mâ”€[39m[90mâ”€[39m[90mâ”€[39m[90mâ”€[39m[90mâ”€[39m[90mâ”€[39m[90mâ”€[39m[90mâ”€[39m[90mâ”€[39m
Admin UI E2E (3, chrome)	Run Cypress	2025-03-11T09:12:36.9707697Z                                                                                                     
Admin UI E2E (3, chrome)	Run Cypress	2025-03-11T09:12:36.9708865Z   Running:  [90muser_fed_kerberos_test.spec.ts[39m                                                  [90m(7 of 8)[39m
Admin UI E2E (3, chrome)	Run Cypress	2025-03-11T09:12:39.8647436Z 
Admin UI E2E (3, chrome)	Run Cypress	2025-03-11T09:12:39.8649329Z [0m[0m
Admin UI E2E (3, chrome)	Run Cypress	2025-03-11T09:12:39.8679866Z [0m  User Fed Kerberos tests[0m
Admin UI E2E (3, chrome)	Run Cypress	2025-03-11T09:12:46.5979590Z   [32m  âœ“[0m[90m Should create Kerberos provider from empty state[0m[90m (6702ms)[0m
Admin UI E2E (3, chrome)	Run Cypress	2025-03-11T09:12:51.1218937Z   [32m  âœ“[0m[90m Should enable debug, password authentication, and first login[0m[90m (4450ms)[0m
Admin UI E2E (3, chrome)	Run Cypress	2025-03-11T09:12:55.8866765Z   [32m  âœ“[0m[90m Should set cache policy to evict_daily[0m[90m (4693ms)[0m
Admin UI E2E (3, chrome)	Run Cypress	2025-03-11T09:13:00.3098591Z   [32m  âœ“[0m[90m Should set cache policy to default[0m[90m (4340ms)[0m
Admin UI E2E (3, chrome)	Run Cypress	2025-03-11T09:13:05.2231579Z   [32m  âœ“[0m[90m Should set cache policy to evict_weekly[0m[90m (4844ms)[0m
Admin UI E2E (3, chrome)	Run Cypress	2025-03-11T09:13:10.0603830Z   [32m  âœ“[0m[90m Should set cache policy to max_lifespan[0m[90m (4778ms)[0m
Admin UI E2E (3, chrome)	Run Cypress	2025-03-11T09:13:14.2767819Z   [32m  âœ“[0m[90m Should set cache policy to no_cache[0m[90m (4159ms)[0m
Admin UI E2E (3, chrome)	Run Cypress	2025-03-11T09:13:19.5405458Z   [32m  âœ“[0m[90m Should edit existing Kerberos provider and cancel[0m[90m (5138ms)[0m
Admin UI E2E (3, chrome)	Run Cypress	2025-03-11T09:13:22.6431327Z   [32m  âœ“[0m[90m Should disable an existing Kerberos provider[0m[90m (3033ms)[0m
Admin UI E2E (3, chrome)	Run Cypress	2025-03-11T09:13:25.7460866Z   [32m  âœ“[0m[90m Should enable an existing previously-disabled Kerberos provider[0m[90m (3069ms)[0m
Admin UI E2E (3, chrome)	Run Cypress	2025-03-11T09:13:29.1263565Z   [32m  âœ“[0m[90m Should create new Kerberos provider using the New Provider dropdown[0m[90m (3333ms)[0m
Admin UI E2E (3, chrome)	Run Cypress	2025-03-11T09:13:29.1389752Z   [36m  - Should change the priority order of Kerberos providers[0m
Admin UI E2E (3, chrome)	Run Cypress	2025-03-11T09:13:31.0168960Z   [32m  âœ“[0m[90m Should delete a Kerberos provider from card view using the card's menu[0m[90m (1864ms)[0m
Admin UI E2E (3, chrome)	Run Cypress	2025-03-11T09:13:34.0181254Z   [32m  âœ“[0m[90m Should delete a Kerberos provider using the Settings view's Action menu[0m[90m (2965ms)[0m
Admin UI E2E (3, chrome)	Run Cypress	2025-03-11T09:13:34.0182647Z 
Admin UI E2E (3, chrome)	Run Cypress	2025-03-11T09:13:34.0476319Z 
Admin UI E2E (3, chrome)	Run Cypress	2025-03-11T09:13:34.0477414Z [92m [0m[32m 13 passing[0m[90m (54s)[0m
Admin UI E2E (3, chrome)	Run Cypress	2025-03-11T09:13:34.0478107Z [36m [0m[36m 1 pending[0m
Admin UI E2E (3, chrome)	Run Cypress	2025-03-11T09:13:34.0478411Z 
Admin UI E2E (3, chrome)	Run Cypress	2025-03-11T09:13:35.0822440Z 
Admin UI E2E (3, chrome)	Run Cypress	2025-03-11T09:13:35.0823811Z [32m  ([4m[1mResults[22m[24m)[39m
Admin UI E2E (3, chrome)	Run Cypress	2025-03-11T09:13:35.0829093Z 
Admin UI E2E (3, chrome)	Run Cypress	2025-03-11T09:13:35.0842244Z [90m  â”Œ[39m[90mâ”€[39m[90mâ”€[39m[90mâ”€[39m[90mâ”€[39m[90mâ”€[39m[90mâ”€[39m[90mâ”€[39m[90mâ”€[39m[90mâ”€[39m[90mâ”€[39m[90mâ”€[39m[90mâ”€[39m[90mâ”€[39m[90mâ”€[39m[90mâ”€[39m[90mâ”€[39m[90mâ”€[39m[90mâ”€[39m[90mâ”€[39m[90mâ”€[39m[90mâ”€[39m[90mâ”€[39m[90mâ”€[39m[90mâ”€[39m[90mâ”€[39m[90mâ”€[39m[90mâ”€[39m[90mâ”€[39m[90mâ”€[39m[90mâ”€[39m[90mâ”€[39m[90mâ”€[39m[90mâ”€[39m[90mâ”€[39m[90mâ”€[39m[90mâ”€[39m[90mâ”€[39m[90mâ”€[39m[90mâ”€[39m[90mâ”€[39m[90mâ”€[39m[90mâ”€[39m[90mâ”€[39m[90mâ”€[39m[90mâ”€[39m[90mâ”€[39m[90mâ”€[39m[90mâ”€[39m[90mâ”€[39m[90mâ”€[39m[90mâ”€[39m[90mâ”€[39m[90mâ”€[39m[90mâ”€[39m[90mâ”€[39m[90mâ”€[39m[90mâ”€[39m[90mâ”€[39m[90mâ”€[39m[90mâ”€[39m[90mâ”€[39m[90mâ”€[39m[90mâ”€[39m[90mâ”€[39m[90mâ”€[39m[90mâ”€[39m[90mâ”€[39m[90mâ”€[39m[90mâ”€[39m[90mâ”€[39m[90mâ”€[39m[90mâ”€[39m[90mâ”€[39m[90mâ”€[39m[90mâ”€[39m[90mâ”€[39m[90mâ”€[39m[90mâ”€[39m[90mâ”€[39m[90mâ”€[39m[90mâ”€[39m[90mâ”€[39m[90mâ”€[39m[90mâ”€[39m[90mâ”€[39m[90mâ”€[39m[90mâ”€[39m[90mâ”€[39m[90mâ”€[39m[90mâ”€[39m[90mâ”€[39m[90mâ”€[39m[90mâ”€[39m[90mâ”€[39m[90mâ”€[39m[90mâ”€[39m[90mâ”[39m
Admin UI E2E (3, chrome)	Run Cypress	2025-03-11T09:13:35.0845123Z [90m  â”‚[39m [90mTests:[39m        [32m14[39m                                                                               [90mâ”‚[39m
Admin UI E2E (3, chrome)	Run Cypress	2025-03-11T09:13:35.0846174Z [90m  â”‚[39m [90mPassing:[39m      [32m13[39m                                                                               [90mâ”‚[39m
Admin UI E2E (3, chrome)	Run Cypress	2025-03-11T09:13:35.0847582Z [90m  â”‚[39m [90mFailing:[39m      [32m0[39m                                                                                [90mâ”‚[39m
Admin UI E2E (3, chrome)	Run Cypress	2025-03-11T09:13:35.0848318Z [90m  â”‚[39m [90mPending:[39m      [32m1[39m                                                                                [90mâ”‚[39m
Admin UI E2E (3, chrome)	Run Cypress	2025-03-11T09:13:35.0849024Z [90m  â”‚[39m [90mSkipped:[39m      [32m0[39m                                                                                [90mâ”‚[39m
Admin UI E2E (3, chrome)	Run Cypress	2025-03-11T09:13:35.0849747Z [90m  â”‚[39m [90mScreenshots:[39m  [32m0[39m                                                                                [90mâ”‚[39m
Admin UI E2E (3, chrome)	Run Cypress	2025-03-11T09:13:35.0850715Z [90m  â”‚[39m [90mVideo:[39m        [32mfalse[39m                                                                            [90mâ”‚[39m
Admin UI E2E (3, chrome)	Run Cypress	2025-03-11T09:13:35.0851861Z [90m  â”‚[39m [90mDuration:[39m     [32m54 seconds[39m                                                                       [90mâ”‚[39m
Admin UI E2E (3, chrome)	Run Cypress	2025-03-11T09:13:35.0852801Z [90m  â”‚[39m [90mSpec Ran:[39m     [32m[32muser_fed_kerberos_test.spec.ts[32m[39m                                                   [90mâ”‚[39m
Admin UI E2E (3, chrome)	Run Cypress	2025-03-11T09:13:35.0859213Z [90m  â””[39m[90mâ”€[39m[90mâ”€[39m[90mâ”€[39m[90mâ”€[39m[90mâ”€[39m[90mâ”€[39m[90mâ”€[39m[90mâ”€[39m[90mâ”€[39m[90mâ”€[39m[90mâ”€[39m[90mâ”€[39m[90mâ”€[39m[90mâ”€[39m[90mâ”€[39m[90mâ”€[39m[90mâ”€[39m[90mâ”€[39m[90mâ”€[39m[90mâ”€[39m[90mâ”€[39m[90mâ”€[39m[90mâ”€[39m[90mâ”€[39m[90mâ”€[39m[90mâ”€[39m[90mâ”€[39m[90mâ”€[39m[90mâ”€[39m[90mâ”€[39m[90mâ”€[39m[90mâ”€[39m[90mâ”€[39m[90mâ”€[39m[90mâ”€[39m[90mâ”€[39m[90mâ”€[39m[90mâ”€[39m[90mâ”€[39m[90mâ”€[39m[90mâ”€[39m[90mâ”€[39m[90mâ”€[39m[90mâ”€[39m[90mâ”€[39m[90mâ”€[39m[90mâ”€[39m[90mâ”€[39m[90mâ”€[39m[90mâ”€[39m[90mâ”€[39m[90mâ”€[39m[90mâ”€[39m[90mâ”€[39m[90mâ”€[39m[90mâ”€[39m[90mâ”€[39m[90mâ”€[39m[90mâ”€[39m[90mâ”€[39m[90mâ”€[39m[90mâ”€[39m[90mâ”€[39m[90mâ”€[39m[90mâ”€[39m[90mâ”€[39m[90mâ”€[39m[90mâ”€[39m[90mâ”€[39m[90mâ”€[39m[90mâ”€[39m[90mâ”€[39m[90mâ”€[39m[90mâ”€[39m[90mâ”€[39m[90mâ”€[39m[90mâ”€[39m[90mâ”€[39m[90mâ”€[39m[90mâ”€[39m[90mâ”€[39m[90mâ”€[39m[90mâ”€[39m[90mâ”€[39m[90mâ”€[39m[90mâ”€[39m[90mâ”€[39m[90mâ”€[39m[90mâ”€[39m[90mâ”€[39m[90mâ”€[39m[90mâ”€[39m[90mâ”€[39m[90mâ”€[39m[90mâ”€[39m[90mâ”€[39m[90mâ”˜[39m
Admin UI E2E (3, chrome)	Run Cypress	2025-03-11T09:13:35.0862768Z 
Admin UI E2E (3, chrome)	Run Cypress	2025-03-11T09:13:35.1208429Z 
Admin UI E2E (3, chrome)	Run Cypress	2025-03-11T09:13:35.1219257Z [90mâ”€[39m[90mâ”€[39m[90mâ”€[39m[90mâ”€[39m[90mâ”€[39m[90mâ”€[39m[90mâ”€[39m[90mâ”€[39m[90mâ”€[39m[90mâ”€[39m[90mâ”€[39m[90mâ”€[39m[90mâ”€[39m[90mâ”€[39m[90mâ”€[39m[90mâ”€[39m[90mâ”€[39m[90mâ”€[39m[90mâ”€[39m[90mâ”€[39m[90mâ”€[39m[90mâ”€[39m[90mâ”€[39m[90mâ”€[39m[90mâ”€[39m[90mâ”€[39m[90mâ”€[39m[90mâ”€[39m[90mâ”€[39m[90mâ”€[39m[90mâ”€[39m[90mâ”€[39m[90mâ”€[39m[90mâ”€[39m[90mâ”€[39m[90mâ”€[39m[90mâ”€[39m[90mâ”€[39m[90mâ”€[39m[90mâ”€[39m[90mâ”€[39m[90mâ”€[39m[90mâ”€[39m[90mâ”€[39m[90mâ”€[39m[90mâ”€[39m[90mâ”€[39m[90mâ”€[39m[90mâ”€[39m[90mâ”€[39m[90mâ”€[39m[90mâ”€[39m[90mâ”€[39m[90mâ”€[39m[90mâ”€[39m[90mâ”€[39m[90mâ”€[39m[90mâ”€[39m[90mâ”€[39m[90mâ”€[39m[90mâ”€[39m[90mâ”€[39m[90mâ”€[39m[90mâ”€[39m[90mâ”€[39m[90mâ”€[39m[90mâ”€[39m[90mâ”€[39m[90mâ”€[39m[90mâ”€[39m[90mâ”€[39m[90mâ”€[39m[90mâ”€[39m[90mâ”€[39m[90mâ”€[39m[90mâ”€[39m[90mâ”€[39m[90mâ”€[39m[90mâ”€[39m[90mâ”€[39m[90mâ”€[39m[90mâ”€[39m[90mâ”€[39m[90mâ”€[39m[90mâ”€[39m[90mâ”€[39m[90mâ”€[39m[90mâ”€[39m[90mâ”€[39m[90mâ”€[39m[90mâ”€[39m[90mâ”€[39m[90mâ”€[39m[90mâ”€[39m[90mâ”€[39m[90mâ”€[39m[90mâ”€[39m[90mâ”€[39m[90mâ”€[39m[90mâ”€[39m
Admin UI E2E (3, chrome)	Run Cypress	2025-03-11T09:13:35.1222113Z                                                                                                     
Admin UI E2E (3, chrome)	Run Cypress	2025-03-11T09:13:35.1222796Z   Running:  [90mrealm_test.spec.ts[39m                                                              [90m(8 of 8)[39m
Admin UI E2E (3, chrome)	Run Cypress	2025-03-11T09:13:38.8680712Z 
Admin UI E2E (3, chrome)	Run Cypress	2025-03-11T09:13:38.8684174Z [0m[0m
Admin UI E2E (3, chrome)	Run Cypress	2025-03-11T09:13:38.8713166Z [0m  Realm tests[0m
Admin UI E2E (3, chrome)	Run Cypress	2025-03-11T09:13:43.0969916Z   [32m  âœ“[0m[90m should fail creating duplicated or empty name realm[0m[90m (4218ms)[0m
Admin UI E2E (3, chrome)	Run Cypress	2025-03-11T09:13:46.8420265Z   [32m  âœ“[0m[90m should create Test realm[0m[90m (3698ms)[0m
Admin UI E2E (3, chrome)	Run Cypress	2025-03-11T09:13:57.2313372Z   [32m  âœ“[0m[90m CRUD test of Disabled realm[0m[90m (10318ms)[0m
Admin UI E2E (3, chrome)	Run Cypress	2025-03-11T09:14:02.4324509Z   [32m  âœ“[0m[90m should create realm from new a realm[0m[90m (5133ms)[0m
Admin UI E2E (3, chrome)	Run Cypress	2025-03-11T09:14:04.3057076Z   [32m  âœ“[0m[90m should change to Test realm[0m[90m (1804ms)[0m
Admin UI E2E (3, chrome)	Run Cypress	2025-03-11T09:14:08.6837434Z   [32m  âœ“[0m[90m should create realm with special characters[0m[90m (3297ms)[0m
Admin UI E2E (3, chrome)	Run Cypress	2025-03-11T09:14:08.6840213Z 
Admin UI E2E (3, chrome)	Run Cypress	2025-03-11T09:14:08.7167626Z 
Admin UI E2E (3, chrome)	Run Cypress	2025-03-11T09:14:08.7170909Z [92m [0m[32m 6 passing[0m[90m (30s)[0m
Admin UI E2E (3, chrome)	Run Cypress	2025-03-11T09:14:09.7344250Z 
Admin UI E2E (3, chrome)	Run Cypress	2025-03-11T09:14:09.7344316Z 
Admin UI E2E (3, chrome)	Run Cypress	2025-03-11T09:14:09.7345859Z [32m  ([4m[1mResults[22m[24m)[39m
Admin UI E2E (3, chrome)	Run Cypress	2025-03-11T09:14:09.7350704Z 
Admin UI E2E (3, chrome)	Run Cypress	2025-03-11T09:14:09.7364810Z [90m  â”Œ[39m[90mâ”€[39m[90mâ”€[39m[90mâ”€[39m[90mâ”€[39m[90mâ”€[39m[90mâ”€[39m[90mâ”€[39m[90mâ”€[39m[90mâ”€[39m[90mâ”€[39m[90mâ”€[39m[90mâ”€[39m[90mâ”€[39m[90mâ”€[39m[90mâ”€[39m[90mâ”€[39m[90mâ”€[39m[90mâ”€[39m[90mâ”€[39m[90mâ”€[39m[90mâ”€[39m[90mâ”€[39m[90mâ”€[39m[90mâ”€[39m[90mâ”€[39m[90mâ”€[39m[90mâ”€[39m[90mâ”€[39m[90mâ”€[39m[90mâ”€[39m[90mâ”€[39m[90mâ”€[39m[90mâ”€[39m[90mâ”€[39m[90mâ”€[39m[90mâ”€[39m[90mâ”€[39m[90mâ”€[39m[90mâ”€[39m[90mâ”€[39m[90mâ”€[39m[90mâ”€[39m[90mâ”€[39m[90mâ”€[39m[90mâ”€[39m[90mâ”€[39m[90mâ”€[39m[90mâ”€[39m[90mâ”€[39m[90mâ”€[39m[90mâ”€[39m[90mâ”€[39m[90mâ”€[39m[90mâ”€[39m[90mâ”€[39m[90mâ”€[39m[90mâ”€[39m[90mâ”€[39m[90mâ”€[39m[90mâ”€[39m[90mâ”€[39m[90mâ”€[39m[90mâ”€[39m[90mâ”€[39m[90mâ”€[39m[90mâ”€[39m[90mâ”€[39m[90mâ”€[39m[90mâ”€[39m[90mâ”€[39m[90mâ”€[39m[90mâ”€[39m[90mâ”€[39m[90mâ”€[39m[90mâ”€[39m[90mâ”€[39m[90mâ”€[39m[90mâ”€[39m[90mâ”€[39m[90mâ”€[39m[90mâ”€[39m[90mâ”€[39m[90mâ”€[39m[90mâ”€[39m[90mâ”€[39m[90mâ”€[39m[90mâ”€[39m[90mâ”€[39m[90mâ”€[39m[90mâ”€[39m[90mâ”€[39m[90mâ”€[39m[90mâ”€[39m[90mâ”€[39m[90mâ”€[39m[90mâ”€[39m[90mâ”[39m
Admin UI E2E (3, chrome)	Run Cypress	2025-03-11T09:14:09.7369639Z [90m  â”‚[39m [90mTests:[39m        [32m6[39m                                                                                [90mâ”‚[39m
Admin UI E2E (3, chrome)	Run Cypress	2025-03-11T09:14:09.7370964Z [90m  â”‚[39m [90mPassing:[39m      [32m6[39m                                                                                [90mâ”‚[39m
Admin UI E2E (3, chrome)	Run Cypress	2025-03-11T09:14:09.7372211Z [90m  â”‚[39m [90mFailing:[39m      [32m0[39m                                                                                [90mâ”‚[39m
Admin UI E2E (3, chrome)	Run Cypress	2025-03-11T09:14:09.7373468Z [90m  â”‚[39m [90mPending:[39m      [32m0[39m                                                                                [90mâ”‚[39m
Admin UI E2E (3, chrome)	Run Cypress	2025-03-11T09:14:09.7375139Z [90m  â”‚[39m [90mSkipped:[39m      [32m0[39m                                                                                [90mâ”‚[39m
Admin UI E2E (3, chrome)	Run Cypress	2025-03-11T09:14:09.7376701Z [90m  â”‚[39m [90mScreenshots:[39m  [32m0[39m                                                                                [90mâ”‚[39m
Admin UI E2E (3, chrome)	Run Cypress	2025-03-11T09:14:09.7378075Z [90m  â”‚[39m [90mVideo:[39m        [32mfalse[39m                                                                            [90mâ”‚[39m
Admin UI E2E (3, chrome)	Run Cypress	2025-03-11T09:14:09.7379772Z [90m  â”‚[39m [90mDuration:[39m     [32m29 seconds[39m                                                                       [90mâ”‚[39m
Admin UI E2E (3, chrome)	Run Cypress	2025-03-11T09:14:09.7381267Z [90m  â”‚[39m [90mSpec Ran:[39m     [32m[32mrealm_test.spec.ts[32m[39m                                                               [90mâ”‚[39m
Admin UI E2E (3, chrome)	Run Cypress	2025-03-11T09:14:09.7388970Z [90m  â””[39m[90mâ”€[39m[90mâ”€[39m[90mâ”€[39m[90mâ”€[39m[90mâ”€[39m[90mâ”€[39m[90mâ”€[39m[90mâ”€[39m[90mâ”€[39m[90mâ”€[39m[90mâ”€[39m[90mâ”€[39m[90mâ”€[39m[90mâ”€[39m[90mâ”€[39m[90mâ”€[39m[90mâ”€[39m[90mâ”€[39m[90mâ”€[39m[90mâ”€[39m[90mâ”€[39m[90mâ”€[39m[90mâ”€[39m[90mâ”€[39m[90mâ”€[39m[90mâ”€[39m[90mâ”€[39m[90mâ”€[39m[90mâ”€[39m[90mâ”€[39m[90mâ”€[39m[90mâ”€[39m[90mâ”€[39m[90mâ”€[39m[90mâ”€[39m[90mâ”€[39m[90mâ”€[39m[90mâ”€[39m[90mâ”€[39m[90mâ”€[39m[90mâ”€[39m[90mâ”€[39m[90mâ”€[39m[90mâ”€[39m[90mâ”€[39m[90mâ”€[39m[90mâ”€[39m[90mâ”€[39m[90mâ”€[39m[90mâ”€[39m[90mâ”€[39m[90mâ”€[39m[90mâ”€[39m[90mâ”€[39m[90mâ”€[39m[90mâ”€[39m[90mâ”€[39m[90mâ”€[39m[90mâ”€[39m[90mâ”€[39m[90mâ”€[39m[90mâ”€[39m[90mâ”€[39m[90mâ”€[39m[90mâ”€[39m[90mâ”€[39m[90mâ”€[39m[90mâ”€[39m[90mâ”€[39m[90mâ”€[39m[90mâ”€[39m[90mâ”€[39m[90mâ”€[39m[90mâ”€[39m[90mâ”€[39m[90mâ”€[39m[90mâ”€[39m[90mâ”€[39m[90mâ”€[39m[90mâ”€[39m[90mâ”€[39m[90mâ”€[39m[90mâ”€[39m[90mâ”€[39m[90mâ”€[39m[90mâ”€[39m[90mâ”€[39m[90mâ”€[39m[90mâ”€[39m[90mâ”€[39m[90mâ”€[39m[90mâ”€[39m[90mâ”€[39m[90mâ”€[39m[90mâ”€[39m[90mâ”€[39m[90mâ”˜[39m
Admin UI E2E (3, chrome)	Run Cypress	2025-03-11T09:14:09.7392716Z 
Admin UI E2E (3, chrome)	Run Cypress	2025-03-11T09:14:09.7488628Z 
Admin UI E2E (3, chrome)	Run Cypress	2025-03-11T09:14:09.7948540Z [90m====================================================================================================[39m
Admin UI E2E (3, chrome)	Run Cypress	2025-03-11T09:14:09.7949007Z 
Admin UI E2E (3, chrome)	Run Cypress	2025-03-11T09:14:09.7949359Z [0m  ([4m[1mRun Finished[22m[24m)[0m
Admin UI E2E (3, chrome)	Run Cypress	2025-03-11T09:14:09.7965978Z 
Admin UI E2E (3, chrome)	Run Cypress	2025-03-11T09:14:09.7966003Z 
Admin UI E2E (3, chrome)	Run Cypress	2025-03-11T09:14:09.8000367Z [90m   [39m    [90mSpec[39m                                              [90mTests[39m  [90mPassing[39m  [90mFailing[39m  [90mPending[39m  [90mSkipped[39m [90m [39m
Admin UI E2E (3, chrome)	Run Cypress	2025-03-11T09:14:09.8007083Z [90m  â”Œ[39m[90mâ”€[39m[90mâ”€[39m[90mâ”€[39m[90mâ”€[39m[90mâ”€[39m[90mâ”€[39m[90mâ”€[39m[90mâ”€[39m[90mâ”€[39m[90mâ”€[39m[90mâ”€[39m[90mâ”€[39m[90mâ”€[39m[90mâ”€[39m[90mâ”€[39m[90mâ”€[39m[90mâ”€[39m[90mâ”€[39m[90mâ”€[39m[90mâ”€[39m[90mâ”€[39m[90mâ”€[39m[90mâ”€[39m[90mâ”€[39m[90mâ”€[39m[90mâ”€[39m[90mâ”€[39m[90mâ”€[39m[90mâ”€[39m[90mâ”€[39m[90mâ”€[39m[90mâ”€[39m[90mâ”€[39m[90mâ”€[39m[90mâ”€[39m[90mâ”€[39m[90mâ”€[39m[90mâ”€[39m[90mâ”€[39m[90mâ”€[39m[90mâ”€[39m[90mâ”€[39m[90mâ”€[39m[90mâ”€[39m[90mâ”€[39m[90mâ”€[39m[90mâ”€[39m[90mâ”€[39m[90mâ”€[39m[90mâ”€[39m[90mâ”€[39m[90mâ”€[39m[90mâ”€[39m[90mâ”€[39m[90mâ”€[39m[90mâ”€[39m[90mâ”€[39m[90mâ”€[39m[90mâ”€[39m[90mâ”€[39m[90mâ”€[39m[90mâ”€[39m[90mâ”€[39m[90mâ”€[39m[90mâ”€[39m[90mâ”€[39m[90mâ”€[39m[90mâ”€[39m[90mâ”€[39m[90mâ”€[39m[90mâ”€[39m[90mâ”€[39m[90mâ”€[39m[90mâ”€[39m[90mâ”€[39m[90mâ”€[39m[90mâ”€[39m[90mâ”€[39m[90mâ”€[39m[90mâ”€[39m[90mâ”€[39m[90mâ”€[39m[90mâ”€[39m[90mâ”€[39m[90mâ”€[39m[90mâ”€[39m[90mâ”€[39m[90mâ”€[39m[90mâ”€[39m[90mâ”€[39m[90mâ”€[39m[90mâ”€[39m[90mâ”€[39m[90mâ”€[39m[90mâ”€[39m[90mâ”€[39m[90mâ”[39m
Admin UI E2E (3, chrome)	Run Cypress	2025-03-11T09:14:09.8010102Z [90m  â”‚[39m [32mâœ”[39m  [0muser_fed_ldap_hardcoded_mapper_test[0m      [90m01:11[39m       [0m12[0m       [32m12[39m        [90m-[39m        [90m-[39m        [90m-[39m [90mâ”‚[39m
Admin UI E2E (3, chrome)	Run Cypress	2025-03-11T09:14:09.8010932Z [90m  â”‚[39m    [0m.spec.ts[0m                                                                                    [90mâ”‚[39m
Admin UI E2E (3, chrome)	Run Cypress	2025-03-11T09:14:09.8015809Z [90m  â”œ[39m[90mâ”€[39m[90mâ”€[39m[90mâ”€[39m[90mâ”€[39m[90mâ”€[39m[90mâ”€[39m[90mâ”€[39m[90mâ”€[39m[90mâ”€[39m[90mâ”€[39m[90mâ”€[39m[90mâ”€[39m[90mâ”€[39m[90mâ”€[39m[90mâ”€[39m[90mâ”€[39m[90mâ”€[39m[90mâ”€[39m[90mâ”€[39m[90mâ”€[39m[90mâ”€[39m[90mâ”€[39m[90mâ”€[39m[90mâ”€[39m[90mâ”€[39m[90mâ”€[39m[90mâ”€[39m[90mâ”€[39m[90mâ”€[39m[90mâ”€[39m[90mâ”€[39m[90mâ”€[39m[90mâ”€[39m[90mâ”€[39m[90mâ”€[39m[90mâ”€[39m[90mâ”€[39m[90mâ”€[39m[90mâ”€[39m[90mâ”€[39m[90mâ”€[39m[90mâ”€[39m[90mâ”€[39m[90mâ”€[39m[90mâ”€[39m[90mâ”€[39m[90mâ”€[39m[90mâ”€[39m[90mâ”€[39m[90mâ”€[39m[90mâ”€[39m[90mâ”€[39m[90mâ”€[39m[90mâ”€[39m[90mâ”€[39m[90mâ”€[39m[90mâ”€[39m[90mâ”€[39m[90mâ”€[39m[90mâ”€[39m[90mâ”€[39m[90mâ”€[39m[90mâ”€[39m[90mâ”€[39m[90mâ”€[39m[90mâ”€[39m[90mâ”€[39m[90mâ”€[39m[90mâ”€[39m[90mâ”€[39m[90mâ”€[39m[90mâ”€[39m[90mâ”€[39m[90mâ”€[39m[90mâ”€[39m[90mâ”€[39m[90mâ”€[39m[90mâ”€[39m[90mâ”€[39m[90mâ”€[39m[90mâ”€[39m[90mâ”€[39m[90mâ”€[39m[90mâ”€[39m[90mâ”€[39m[90mâ”€[39m[90mâ”€[39m[90mâ”€[39m[90mâ”€[39m[90mâ”€[39m[90mâ”€[39m[90mâ”€[39m[90mâ”€[39m[90mâ”€[39m[90mâ”€[39m[90mâ”€[39m[90mâ”¤[39m
Admin UI E2E (3, chrome)	Run Cypress	2025-03-11T09:14:09.8020156Z [90m  â”‚[39m [31mâœ–[39m  [0mclient_scopes_test.spec.ts[0m               [90m03:20[39m       [0m25[0m       [32m24[39m        [31m1[39m        [90m-[39m        [90m-[39m [90mâ”‚[39m
Admin UI E2E (3, chrome)	Run Cypress	2025-03-11T09:14:09.8025285Z [90m  â”œ[39m[90mâ”€[39m[90mâ”€[39m[90mâ”€[39m[90mâ”€[39m[90mâ”€[39m[90mâ”€[39m[90mâ”€[39m[90mâ”€[39m[90mâ”€[39m[90mâ”€[39m[90mâ”€[39m[90mâ”€[39m[90mâ”€[39m[90mâ”€[39m[90mâ”€[39m[90mâ”€[39m[90mâ”€[39m[90mâ”€[39m[90mâ”€[39m[90mâ”€[39m[90mâ”€[39m[90mâ”€[39m[90mâ”€[39m[90mâ”€[39m[90mâ”€[39m[90mâ”€[39m[90mâ”€[39m[90mâ”€[39m[90mâ”€[39m[90mâ”€[39m[90mâ”€[39m[90mâ”€[39m[90mâ”€[39m[90mâ”€[39m[90mâ”€[39m[90mâ”€[39m[90mâ”€[39m[90mâ”€[39m[90mâ”€[39m[90mâ”€[39m[90mâ”€[39m[90mâ”€[39m[90mâ”€[39m[90mâ”€[39m[90mâ”€[39m[90mâ”€[39m[90mâ”€[39m[90mâ”€[39m[90mâ”€[39m[90mâ”€[39m[90mâ”€[39m[90mâ”€[39m[90mâ”€[39m[90mâ”€[39m[90mâ”€[39m[90mâ”€[39m[90mâ”€[39m[90mâ”€[39m[90mâ”€[39m[90mâ”€[39m[90mâ”€[39m[90mâ”€[39m[90mâ”€[39m[90mâ”€[39m[90mâ”€[39m[90mâ”€[39m[90mâ”€[39m[90mâ”€[39m[90mâ”€[39m[90mâ”€[39m[90mâ”€[39m[90mâ”€[39m[90mâ”€[39m[90mâ”€[39m[90mâ”€[39m[90mâ”€[39m[90mâ”€[39m[90mâ”€[39m[90mâ”€[39m[90mâ”€[39m[90mâ”€[39m[90mâ”€[39m[90mâ”€[39m[90mâ”€[39m[90mâ”€[39m[90mâ”€[39m[90mâ”€[39m[90mâ”€[39m[90mâ”€[39m[90mâ”€[39m[90mâ”€[39m[90mâ”€[39m[90mâ”€[39m[90mâ”€[39m[90mâ”€[39m[90mâ”€[39m[90mâ”¤[39m
Admin UI E2E (3, chrome)	Run Cypress	2025-03-11T09:14:09.8030819Z [90m  â”‚[39m [32mâœ”[39m  [0mclient_registration_policies.spec.t[0m      [90m00:23[39m        [0m9[0m        [32m9[39m        [90m-[39m        [90m-[39m        [90m-[39m [90mâ”‚[39m
Admin UI E2E (3, chrome)	Run Cypress	2025-03-11T09:14:09.8032364Z [90m  â”‚[39m    [0ms[0m                                                                                           [90mâ”‚[39m
Admin UI E2E (3, chrome)	Run Cypress	2025-03-11T09:14:09.8039514Z [90m  â”œ[39m[90mâ”€[39m[90mâ”€[39m[90mâ”€[39m[90mâ”€[39m[90mâ”€[39m[90mâ”€[39m[90mâ”€[39m[90mâ”€[39m[90mâ”€[39m[90mâ”€[39m[90mâ”€[39m[90mâ”€[39m[90mâ”€[39m[90mâ”€[39m[90mâ”€[39m[90mâ”€[39m[90mâ”€[39m[90mâ”€[39m[90mâ”€[39m[90mâ”€[39m[90mâ”€[39m[90mâ”€[39m[90mâ”€[39m[90mâ”€[39m[90mâ”€[39m[90mâ”€[39m[90mâ”€[39m[90mâ”€[39m[90mâ”€[39m[90mâ”€[39m[90mâ”€[39m[90mâ”€[39m[90mâ”€[39m[90mâ”€[39m[90mâ”€[39m[90mâ”€[39m[90mâ”€[39m[90mâ”€[39m[90mâ”€[39m[90mâ”€[39m[90mâ”€[39m[90mâ”€[39m[90mâ”€[39m[90mâ”€[39m[90mâ”€[39m[90mâ”€[39m[90mâ”€[39m[90mâ”€[39m[90mâ”€[39m[90mâ”€[39m[90mâ”€[39m[90mâ”€[39m[90mâ”€[39m[90mâ”€[39m[90mâ”€[39m[90mâ”€[39m[90mâ”€[39m[90mâ”€[39m[90mâ”€[39m[90mâ”€[39m[90mâ”€[39m[90mâ”€[39m[90mâ”€[39m[90mâ”€[39m[90mâ”€[39m[90mâ”€[39m[90mâ”€[39m[90mâ”€[39m[90mâ”€[39m[90mâ”€[39m[90mâ”€[39m[90mâ”€[39m[90mâ”€[39m[90mâ”€[39m[90mâ”€[39m[90mâ”€[39m[90mâ”€[39m[90mâ”€[39m[90mâ”€[39m[90mâ”€[39m[90mâ”€[39m[90mâ”€[39m[90mâ”€[39m[90mâ”€[39m[90mâ”€[39m[90mâ”€[39m[90mâ”€[39m[90mâ”€[39m[90mâ”€[39m[90mâ”€[39m[90mâ”€[39m[90mâ”€[39m[90mâ”€[39m[90mâ”€[39m[90mâ”€[39m[90mâ”€[39m[90mâ”¤[39m
Admin UI E2E (3, chrome)	Run Cypress	2025-03-11T09:14:09.8044638Z [90m  â”‚[39m [32mâœ”[39m  [0mpartial_export_test.spec.ts[0m              [90m00:11[39m        [0m3[0m        [32m3[39m        [90m-[39m        [90m-[39m        [90m-[39m [90mâ”‚[39m
Admin UI E2E (3, chrome)	Run Cypress	2025-03-11T09:14:09.8052214Z [90m  â”œ[39m[90mâ”€[39m[90mâ”€[39m[90mâ”€[39m[90mâ”€[39m[90mâ”€[39m[90mâ”€[39m[90mâ”€[39m[90mâ”€[39m[90mâ”€[39m[90mâ”€[39m[90mâ”€[39m[90mâ”€[39m[90mâ”€[39m[90mâ”€[39m[90mâ”€[39m[90mâ”€[39m[90mâ”€[39m[90mâ”€[39m[90mâ”€[39m[90mâ”€[39m[90mâ”€[39m[90mâ”€[39m[90mâ”€[39m[90mâ”€[39m[90mâ”€[39m[90mâ”€[39m[90mâ”€[39m[90mâ”€[39m[90mâ”€[39m[90mâ”€[39m[90mâ”€[39m[90mâ”€[39m[90mâ”€[39m[90mâ”€[39m[90mâ”€[39m[90mâ”€[39m[90mâ”€[39m[90mâ”€[39m[90mâ”€[39m[90mâ”€[39m[90mâ”€[39m[90mâ”€[39m[90mâ”€[39m[90mâ”€[39m[90mâ”€[39m[90mâ”€[39m[90mâ”€[39m[90mâ”€[39m[90mâ”€[39m[90mâ”€[39m[90mâ”€[39m[90mâ”€[39m[90mâ”€[39m[90mâ”€[39m[90mâ”€[39m[90mâ”€[39m[90mâ”€[39m[90mâ”€[39m[90mâ”€[39m[90mâ”€[39m[90mâ”€[39m[90mâ”€[39m[90mâ”€[39m[90mâ”€[39m[90mâ”€[39m[90mâ”€[39m[90mâ”€[39m[90mâ”€[39m[90mâ”€[39m[90mâ”€[39m[90mâ”€[39m[90mâ”€[39m[90mâ”€[39m[90mâ”€[39m[90mâ”€[39m[90mâ”€[39m[90mâ”€[39m[90mâ”€[39m[90mâ”€[39m[90mâ”€[39m[90mâ”€[39m[90mâ”€[39m[90mâ”€[39m[90mâ”€[39m[90mâ”€[39m[90mâ”€[39m[90mâ”€[39m[90mâ”€[39m[90mâ”€[39m[90mâ”€[39m[90mâ”€[39m[90mâ”€[39m[90mâ”€[39m[90mâ”€[39m[90mâ”€[39m[90mâ”€[39m[90mâ”¤[39m
Admin UI E2E (3, chrome)	Run Cypress	2025-03-11T09:14:09.8064606Z [90m  â”‚[39m [32mâœ”[39m  [0muser_fed_ldap_mapper_test.spec.ts[0m        [90m01:14[39m       [0m15[0m       [32m15[39m        [90m-[39m        [90m-[39m        [90m-[39m [90mâ”‚[39m
Admin UI E2E (3, chrome)	Run Cypress	2025-03-11T09:14:09.8079500Z [90m  â”œ[39m[90mâ”€[39m[90mâ”€[39m[90mâ”€[39m[90mâ”€[39m[90mâ”€[39m[90mâ”€[39m[90mâ”€[39m[90mâ”€[39m[90mâ”€[39m[90mâ”€[39m[90mâ”€[39m[90mâ”€[39m[90mâ”€[39m[90mâ”€[39m[90mâ”€[39m[90mâ”€[39m[90mâ”€[39m[90mâ”€[39m[90mâ”€[39m[90mâ”€[39m[90mâ”€[39m[90mâ”€[39m[90mâ”€[39m[90mâ”€[39m[90mâ”€[39m[90mâ”€[39m[90mâ”€[39m[90mâ”€[39m[90mâ”€[39m[90mâ”€[39m[90mâ”€[39m[90mâ”€[39m[90mâ”€[39m[90mâ”€[39m[90mâ”€[39m[90mâ”€[39m[90mâ”€[39m[90mâ”€[39m[90mâ”€[39m[90mâ”€[39m[90mâ”€[39m[90mâ”€[39m[90mâ”€[39m[90mâ”€[39m[90mâ”€[39m[90mâ”€[39m[90mâ”€[39m[90mâ”€[39m[90mâ”€[39m[90mâ”€[39m[90mâ”€[39m[90mâ”€[39m[90mâ”€[39m[90mâ”€[39m[90mâ”€[39m[90mâ”€[39m[90mâ”€[39m[90mâ”€[39m[90mâ”€[39m[90mâ”€[39m[90mâ”€[39m[90mâ”€[39m[90mâ”€[39m[90mâ”€[39m[90mâ”€[39m[90mâ”€[39m[90mâ”€[39m[90mâ”€[39m[90mâ”€[39m[90mâ”€[39m[90mâ”€[39m[90mâ”€[39m[90mâ”€[39m[90mâ”€[39m[90mâ”€[39m[90mâ”€[39m[90mâ”€[39m[90mâ”€[39m[90mâ”€[39m[90mâ”€[39m[90mâ”€[39m[90mâ”€[39m[90mâ”€[39m[90mâ”€[39m[90mâ”€[39m[90mâ”€[39m[90mâ”€[39m[90mâ”€[39m[90mâ”€[39m[90mâ”€[39m[90mâ”€[39m[90mâ”€[39m[90mâ”€[39m[90mâ”€[39m[90mâ”€[39m[90mâ”€[39m[90mâ”¤[39m
Admin UI E2E (3, chrome)	Run Cypress	2025-03-11T09:14:09.8085298Z [90m  â”‚[39m [32mâœ”[39m  [0mrealm_settings_client_profiles_test[0m      [90m01:16[39m       [0m23[0m       [32m23[39m        [90m-[39m        [90m-[39m        [90m-[39m [90mâ”‚[39m
Admin UI E2E (3, chrome)	Run Cypress	2025-03-11T09:14:09.8087018Z [90m  â”‚[39m    [0m.spec.ts[0m                                                                                    [90mâ”‚[39m
Admin UI E2E (3, chrome)	Run Cypress	2025-03-11T09:14:09.8136365Z [90m  â”œ[39m[90mâ”€[39m[90mâ”€[39m[90mâ”€[39m[90mâ”€[39m[90mâ”€[39m[90mâ”€[39m[90mâ”€[39m[90mâ”€[39m[90mâ”€[39m[90mâ”€[39m[90mâ”€[39m[90mâ”€[39m[90mâ”€[39m[90mâ”€[39m[90mâ”€[39m[90mâ”€[39m[90mâ”€[39m[90mâ”€[39m[90mâ”€[39m[90mâ”€[39m[90mâ”€[39m[90mâ”€[39m[90mâ”€[39m[90mâ”€[39m[90mâ”€[39m[90mâ”€[39m[90mâ”€[39m[90mâ”€[39m[90mâ”€[39m[90mâ”€[39m[90mâ”€[39m[90mâ”€[39m[90mâ”€[39m[90mâ”€[39m[90mâ”€[39m[90mâ”€[39m[90mâ”€[39m[90mâ”€[39m[90mâ”€[39m[90mâ”€[39m[90mâ”€[39m[90mâ”€[39m[90mâ”€[39m[90mâ”€[39m[90mâ”€[39m[90mâ”€[39m[90mâ”€[39m[90mâ”€[39m[90mâ”€[39m[90mâ”€[39m[90mâ”€[39m[90mâ”€[39m[90mâ”€[39m[90mâ”€[39m[90mâ”€[39m[90mâ”€[39m[90mâ”€[39m[90mâ”€[39m[90mâ”€[39m[90mâ”€[39m[90mâ”€[39m[90mâ”€[39m[90mâ”€[39m[90mâ”€[39m[90mâ”€[39m[90mâ”€[39m[90mâ”€[39m[90mâ”€[39m[90mâ”€[39m[90mâ”€[39m[90mâ”€[39m[90mâ”€[39m[90mâ”€[39m[90mâ”€[39m[90mâ”€[39m[90mâ”€[39m[90mâ”€[39m[90mâ”€[39m[90mâ”€[39m[90mâ”€[39m[90mâ”€[39m[90mâ”€[39m[90mâ”€[39m[90mâ”€[39m[90mâ”€[39m[90mâ”€[39m[90mâ”€[39m[90mâ”€[39m[90mâ”€[39m[90mâ”€[39m[90mâ”€[39m[90mâ”€[39m[90mâ”€[39m[90mâ”€[39m[90mâ”€[39m[90mâ”€[39m[90mâ”¤[39m
Admin UI E2E (3, chrome)	Run Cypress	2025-03-11T09:14:09.8141896Z [90m  â”‚[39m [32mâœ”[39m  [0muser_fed_kerberos_test.spec.ts[0m           [90m00:54[39m       [0m14[0m       [32m13[39m        [90m-[39m        [36m1[39m        [90m-[39m [90mâ”‚[39m
Admin UI E2E (3, chrome)	Run Cypress	2025-03-11T09:14:09.8149071Z [90m  â”œ[39m[90mâ”€[39m[90mâ”€[39m[90mâ”€[39m[90mâ”€[39m[90mâ”€[39m[90mâ”€[39m[90mâ”€[39m[90mâ”€[39m[90mâ”€[39m[90mâ”€[39m[90mâ”€[39m[90mâ”€[39m[90mâ”€[39m[90mâ”€[39m[90mâ”€[39m[90mâ”€[39m[90mâ”€[39m[90mâ”€[39m[90mâ”€[39m[90mâ”€[39m[90mâ”€[39m[90mâ”€[39m[90mâ”€[39m[90mâ”€[39m[90mâ”€[39m[90mâ”€[39m[90mâ”€[39m[90mâ”€[39m[90mâ”€[39m[90mâ”€[39m[90mâ”€[39m[90mâ”€[39m[90mâ”€[39m[90mâ”€[39m[90mâ”€[39m[90mâ”€[39m[90mâ”€[39m[90mâ”€[39m[90mâ”€[39m[90mâ”€[39m[90mâ”€[39m[90mâ”€[39m[90mâ”€[39m[90mâ”€[39m[90mâ”€[39m[90mâ”€[39m[90mâ”€[39m[90mâ”€[39m[90mâ”€[39m[90mâ”€[39m[90mâ”€[39m[90mâ”€[39m[90mâ”€[39m[90mâ”€[39m[90mâ”€[39m[90mâ”€[39m[90mâ”€[39m[90mâ”€[39m[90mâ”€[39m[90mâ”€[39m[90mâ”€[39m[90mâ”€[39m[90mâ”€[39m[90mâ”€[39m[90mâ”€[39m[90mâ”€[39m[90mâ”€[39m[90mâ”€[39m[90mâ”€[39m[90mâ”€[39m[90mâ”€[39m[90mâ”€[39m[90mâ”€[39m[90mâ”€[39m[90mâ”€[39m[90mâ”€[39m[90mâ”€[39m[90mâ”€[39m[90mâ”€[39m[90mâ”€[39m[90mâ”€[39m[90mâ”€[39m[90mâ”€[39m[90mâ”€[39m[90mâ”€[39m[90mâ”€[39m[90mâ”€[39m[90mâ”€[39m[90mâ”€[39m[90mâ”€[39m[90mâ”€[39m[90mâ”€[39m[90mâ”€[39m[90mâ”€[39m[90mâ”€[39m[90mâ”€[39m[90mâ”¤[39m
Admin UI E2E (3, chrome)	Run Cypress	2025-03-11T09:14:09.8153995Z [90m  â”‚[39m [32mâœ”[39m  [0mrealm_test.spec.ts[0m                       [90m00:29[39m        [0m6[0m        [32m6[39m        [90m-[39m        [90m-[39m        [90m-[39m [90mâ”‚[39m
Admin UI E2E (3, chrome)	Run Cypress	2025-03-11T09:14:09.8164106Z [90m  â””[39m[90mâ”€[39m[90mâ”€[39m[90mâ”€[39m[90mâ”€[39m[90mâ”€[39m[90mâ”€[39m[90mâ”€[39m[90mâ”€[39m[90mâ”€[39m[90mâ”€[39m[90mâ”€[39m[90mâ”€[39m[90mâ”€[39m[90mâ”€[39m[90mâ”€[39m[90mâ”€[39m[90mâ”€[39m[90mâ”€[39m[90mâ”€[39m[90mâ”€[39m[90mâ”€[39m[90mâ”€[39m[90mâ”€[39m[90mâ”€[39m[90mâ”€[39m[90mâ”€[39m[90mâ”€[39m[90mâ”€[39m[90mâ”€[39m[90mâ”€[39m[90mâ”€[39m[90mâ”€[39m[90mâ”€[39m[90mâ”€[39m[90mâ”€[39m[90mâ”€[39m[90mâ”€[39m[90mâ”€[39m[90mâ”€[39m[90mâ”€[39m[90mâ”€[39m[90mâ”€[39m[90mâ”€[39m[90mâ”€[39m[90mâ”€[39m[90mâ”€[39m[90mâ”€[39m[90mâ”€[39m[90mâ”€[39m[90mâ”€[39m[90mâ”€[39m[90mâ”€[39m[90mâ”€[39m[90mâ”€[39m[90mâ”€[39m[90mâ”€[39m[90mâ”€[39m[90mâ”€[39m[90mâ”€[39m[90mâ”€[39m[90mâ”€[39m[90mâ”€[39m[90mâ”€[39m[90mâ”€[39m[90mâ”€[39m[90mâ”€[39m[90mâ”€[39m[90mâ”€[39m[90mâ”€[39m[90mâ”€[39m[90mâ”€[39m[90mâ”€[39m[90mâ”€[39m[90mâ”€[39m[90mâ”€[39m[90mâ”€[39m[90mâ”€[39m[90mâ”€[39m[90mâ”€[39m[90mâ”€[39m[90mâ”€[39m[90mâ”€[39m[90mâ”€[39m[90mâ”€[39m[90mâ”€[39m[90mâ”€[39m[90mâ”€[39m[90mâ”€[39m[90mâ”€[39m[90mâ”€[39m[90mâ”€[39m[90mâ”€[39m[90mâ”€[39m[90mâ”€[39m[90mâ”€[39m[90mâ”€[39m[90mâ”˜[39m
Admin UI E2E (3, chrome)	Run Cypress	2025-03-11T09:14:09.8169779Z [90m   [39m [31mâœ–[39m  [31m1 of 8 failed (13%)[39m                      [90m09:00[39m      [0m107[0m      [32m105[39m        [31m1[39m        [36m1[39m        [90m-[39m [90m [39m
Admin UI E2E (3, chrome)	Run Cypress	2025-03-11T09:14:09.8170738Z 
Admin UI E2E (3, chrome)	Run Cypress	2025-03-11T09:14:09.8981964Z ##[error]Cypress tests: 1 failed
Status Check - Keycloak JavaScript CI	Run /./.github/actions/status-check	2025-03-11T09:15:01.6337913Z Prepare all required actions
Status Check - Keycloak JavaScript CI	Run /./.github/actions/status-check	2025-03-11T09:15:01.6455041Z ##[group]Run ./.github/actions/status-check
Status Check - Keycloak JavaScript CI	Run /./.github/actions/status-check	2025-03-11T09:15:01.6455364Z with:
Status Check - Keycloak JavaScript CI	Run /./.github/actions/status-check	2025-03-11T09:15:01.6456545Z   jobs: {
Status Check - Keycloak JavaScript CI	Run /./.github/actions/status-check	  "conditional": {
Status Check - Keycloak JavaScript CI	Run /./.github/actions/status-check	    "result": "success",
Status Check - Keycloak JavaScript CI	Run /./.github/actions/status-check	    "outputs": {
Status Check - Keycloak JavaScript CI	Run /./.github/actions/status-check	      "js-ci": "true"
Status Check - Keycloak JavaScript CI	Run /./.github/actions/status-check	    }
Status Check - Keycloak JavaScript CI	Run /./.github/actions/status-check	  },
Status Check - Keycloak JavaScript CI	Run /./.github/actions/status-check	  "build-keycloak": {
Status Check - Keycloak JavaScript CI	Run /./.github/actions/status-check	    "result": "success",
Status Check - Keycloak JavaScript CI	Run /./.github/actions/status-check	    "outputs": {}
Status Check - Keycloak JavaScript CI	Run /./.github/actions/status-check	  },
Status Check - Keycloak JavaScript CI	Run /./.github/actions/status-check	  "admin-client": {
Status Check - Keycloak JavaScript CI	Run /./.github/actions/status-check	    "result": "success",
Status Check - Keycloak JavaScript CI	Run /./.github/actions/status-check	    "outputs": {}
Status Check - Keycloak JavaScript CI	Run /./.github/actions/status-check	  },
Status Check - Keycloak JavaScript CI	Run /./.github/actions/status-check	  "ui-shared": {
Status Check - Keycloak JavaScript CI	Run /./.github/actions/status-check	    "result": "success",
Status Check - Keycloak JavaScript CI	Run /./.github/actions/status-check	    "outputs": {}
Status Check - Keycloak JavaScript CI	Run /./.github/actions/status-check	  },
Status Check - Keycloak JavaScript CI	Run /./.github/actions/status-check	  "account-ui": {
Status Check - Keycloak JavaScript CI	Run /./.github/actions/status-check	    "result": "success",
Status Check - Keycloak JavaScript CI	Run /./.github/actions/status-check	    "outputs": {}
Status Check - Keycloak JavaScript CI	Run /./.github/actions/status-check	  },
Status Check - Keycloak JavaScript CI	Run /./.github/actions/status-check	  "account-ui-e2e": {
Status Check - Keycloak JavaScript CI	Run /./.github/actions/status-check	    "result": "success",
Status Check - Keycloak JavaScript CI	Run /./.github/actions/status-check	    "outputs": {}
Status Check - Keycloak JavaScript CI	Run /./.github/actions/status-check	  },
Status Check - Keycloak JavaScript CI	Run /./.github/actions/status-check	  "admin-ui": {
Status Check - Keycloak JavaScript CI	Run /./.github/actions/status-check	    "result": "success",
Status Check - Keycloak JavaScript CI	Run /./.github/actions/status-check	    "outputs": {}
Status Check - Keycloak JavaScript CI	Run /./.github/actions/status-check	  },
Status Check - Keycloak JavaScript CI	Run /./.github/actions/status-check	  "admin-ui-e2e": {
Status Check - Keycloak JavaScript CI	Run /./.github/actions/status-check	    "result": "failure",
Status Check - Keycloak JavaScript CI	Run /./.github/actions/status-check	    "outputs": {}
Status Check - Keycloak JavaScript CI	Run /./.github/actions/status-check	  }
Status Check - Keycloak JavaScript CI	Run /./.github/actions/status-check	}
Status Check - Keycloak JavaScript CI	Run /./.github/actions/status-check	2025-03-11T09:15:01.6457876Z env:
Status Check - Keycloak JavaScript CI	Run /./.github/actions/status-check	2025-03-11T09:15:01.6458157Z   MAVEN_ARGS: -B -nsu -Daether.connector.http.connectionMaxTtl=25
Status Check - Keycloak JavaScript CI	Run /./.github/actions/status-check	2025-03-11T09:15:01.6458532Z   RETRY_COUNT: 3
Status Check - Keycloak JavaScript CI	Run /./.github/actions/status-check	2025-03-11T09:15:01.6458746Z ##[endgroup]
Status Check - Keycloak JavaScript CI	Run /./.github/actions/status-check	2025-03-11T09:15:01.6645433Z ##[group]Run JOBS='{
Status Check - Keycloak JavaScript CI	Run /./.github/actions/status-check	2025-03-11T09:15:01.6645833Z [36;1mJOBS='{[0m
Status Check - Keycloak JavaScript CI	Run /./.github/actions/status-check	2025-03-11T09:15:01.6646051Z [36;1m  "conditional": {[0m
Status Check - Keycloak JavaScript CI	Run /./.github/actions/status-check	2025-03-11T09:15:01.6646290Z [36;1m    "result": "success",[0m
Status Check - Keycloak JavaScript CI	Run /./.github/actions/status-check	2025-03-11T09:15:01.6646537Z [36;1m    "outputs": {[0m
Status Check - Keycloak JavaScript CI	Run /./.github/actions/status-check	2025-03-11T09:15:01.6646767Z [36;1m      "js-ci": "true"[0m
Status Check - Keycloak JavaScript CI	Run /./.github/actions/status-check	2025-03-11T09:15:01.6646984Z [36;1m    }[0m
Status Check - Keycloak JavaScript CI	Run /./.github/actions/status-check	2025-03-11T09:15:01.6647162Z [36;1m  },[0m
Status Check - Keycloak JavaScript CI	Run /./.github/actions/status-check	2025-03-11T09:15:01.6647353Z [36;1m  "build-keycloak": {[0m
Status Check - Keycloak JavaScript CI	Run /./.github/actions/status-check	2025-03-11T09:15:01.6647579Z [36;1m    "result": "success",[0m
Status Check - Keycloak JavaScript CI	Run /./.github/actions/status-check	2025-03-11T09:15:01.6647821Z [36;1m    "outputs": {}[0m
Status Check - Keycloak JavaScript CI	Run /./.github/actions/status-check	2025-03-11T09:15:01.6648034Z [36;1m  },[0m
Status Check - Keycloak JavaScript CI	Run /./.github/actions/status-check	2025-03-11T09:15:01.6648226Z [36;1m  "admin-client": {[0m
Status Check - Keycloak JavaScript CI	Run /./.github/actions/status-check	2025-03-11T09:15:01.6648458Z [36;1m    "result": "success",[0m
Status Check - Keycloak JavaScript CI	Run /./.github/actions/status-check	2025-03-11T09:15:01.6648695Z [36;1m    "outputs": {}[0m
Status Check - Keycloak JavaScript CI	Run /./.github/actions/status-check	2025-03-11T09:15:01.6648903Z [36;1m  },[0m
Status Check - Keycloak JavaScript CI	Run /./.github/actions/status-check	2025-03-11T09:15:01.6649088Z [36;1m  "ui-shared": {[0m
Status Check - Keycloak JavaScript CI	Run /./.github/actions/status-check	2025-03-11T09:15:01.6649299Z [36;1m    "result": "success",[0m
Status Check - Keycloak JavaScript CI	Run /./.github/actions/status-check	2025-03-11T09:15:01.6649525Z [36;1m    "outputs": {}[0m
Status Check - Keycloak JavaScript CI	Run /./.github/actions/status-check	2025-03-11T09:15:01.6649729Z [36;1m  },[0m
Status Check - Keycloak JavaScript CI	Run /./.github/actions/status-check	2025-03-11T09:15:01.6649915Z [36;1m  "account-ui": {[0m
Status Check - Keycloak JavaScript CI	Run /./.github/actions/status-check	2025-03-11T09:15:01.6650135Z [36;1m    "result": "success",[0m
Status Check - Keycloak JavaScript CI	Run /./.github/actions/status-check	2025-03-11T09:15:01.6650374Z [36;1m    "outputs": {}[0m
Status Check - Keycloak JavaScript CI	Run /./.github/actions/status-check	2025-03-11T09:15:01.6650591Z [36;1m  },[0m
Status Check - Keycloak JavaScript CI	Run /./.github/actions/status-check	2025-03-11T09:15:01.6650784Z [36;1m  "account-ui-e2e": {[0m
Status Check - Keycloak JavaScript CI	Run /./.github/actions/status-check	2025-03-11T09:15:01.6651017Z [36;1m    "result": "success",[0m
Status Check - Keycloak JavaScript CI	Run /./.github/actions/status-check	2025-03-11T09:15:01.6651253Z [36;1m    "outputs": {}[0m
Status Check - Keycloak JavaScript CI	Run /./.github/actions/status-check	2025-03-11T09:15:01.6651462Z [36;1m  },[0m
Status Check - Keycloak JavaScript CI	Run /./.github/actions/status-check	2025-03-11T09:15:01.6651648Z [36;1m  "admin-ui": {[0m
Status Check - Keycloak JavaScript CI	Run /./.github/actions/status-check	2025-03-11T09:15:01.6651859Z [36;1m    "result": "success",[0m
Status Check - Keycloak JavaScript CI	Run /./.github/actions/status-check	2025-03-11T09:15:01.6652088Z [36;1m    "outputs": {}[0m
Status Check - Keycloak JavaScript CI	Run /./.github/actions/status-check	2025-03-11T09:15:01.6652435Z [36;1m  },[0m
Status Check - Keycloak JavaScript CI	Run /./.github/actions/status-check	2025-03-11T09:15:01.6652627Z [36;1m  "admin-ui-e2e": {[0m
Status Check - Keycloak JavaScript CI	Run /./.github/actions/status-check	2025-03-11T09:15:01.6652850Z [36;1m    "result": "failure",[0m
Status Check - Keycloak JavaScript CI	Run /./.github/actions/status-check	2025-03-11T09:15:01.6653072Z [36;1m    "outputs": {}[0m
Status Check - Keycloak JavaScript CI	Run /./.github/actions/status-check	2025-03-11T09:15:01.6653276Z [36;1m  }[0m
Status Check - Keycloak JavaScript CI	Run /./.github/actions/status-check	2025-03-11T09:15:01.6653451Z [36;1m}'[0m
Status Check - Keycloak JavaScript CI	Run /./.github/actions/status-check	2025-03-11T09:15:01.6653639Z [36;1m[0m
Status Check - Keycloak JavaScript CI	Run /./.github/actions/status-check	2025-03-11T09:15:01.6653833Z [36;1mecho "Job status:"[0m
Status Check - Keycloak JavaScript CI	Run /./.github/actions/status-check	2025-03-11T09:15:01.6654146Z [36;1mecho $JOBS | jq -r 'to_entries[] | " - \(.key): \(.value.result)"'[0m
Status Check - Keycloak JavaScript CI	Run /./.github/actions/status-check	2025-03-11T09:15:01.6654474Z [36;1m[0m
Status Check - Keycloak JavaScript CI	Run /./.github/actions/status-check	2025-03-11T09:15:01.6654737Z [36;1mfor i in $(echo $JOBS | jq -r 'to_entries[] | .value.result'); do[0m
Status Check - Keycloak JavaScript CI	Run /./.github/actions/status-check	2025-03-11T09:15:01.6655114Z [36;1m  if [ "$i" != "success" ] && [ "$i" != "skipped" ]; then[0m
Status Check - Keycloak JavaScript CI	Run /./.github/actions/status-check	2025-03-11T09:15:01.6655425Z [36;1m    echo ""[0m
Status Check - Keycloak JavaScript CI	Run /./.github/actions/status-check	2025-03-11T09:15:01.6655683Z [36;1m    echo "Status check not okay!"[0m
Status Check - Keycloak JavaScript CI	Run /./.github/actions/status-check	2025-03-11T09:15:01.6655933Z [36;1m    exit 1[0m
Status Check - Keycloak JavaScript CI	Run /./.github/actions/status-check	2025-03-11T09:15:01.6656122Z [36;1m  fi[0m
Status Check - Keycloak JavaScript CI	Run /./.github/actions/status-check	2025-03-11T09:15:01.6656301Z [36;1mdone[0m
Status Check - Keycloak JavaScript CI	Run /./.github/actions/status-check	2025-03-11T09:15:01.6707848Z shell: /usr/bin/bash --noprofile --norc -e -o pipefail {0}
Status Check - Keycloak JavaScript CI	Run /./.github/actions/status-check	2025-03-11T09:15:01.6708191Z env:
Status Check - Keycloak JavaScript CI	Run /./.github/actions/status-check	2025-03-11T09:15:01.6708479Z   MAVEN_ARGS: -B -nsu -Daether.connector.http.connectionMaxTtl=25
Status Check - Keycloak JavaScript CI	Run /./.github/actions/status-check	2025-03-11T09:15:01.6708823Z   RETRY_COUNT: 3
Status Check - Keycloak JavaScript CI	Run /./.github/actions/status-check	2025-03-11T09:15:01.6709018Z ##[endgroup]
Status Check - Keycloak JavaScript CI	Run /./.github/actions/status-check	2025-03-11T09:15:01.6794006Z Job status:
Status Check - Keycloak JavaScript CI	Run /./.github/actions/status-check	2025-03-11T09:15:01.6828492Z  - conditional: success
Status Check - Keycloak JavaScript CI	Run /./.github/actions/status-check	2025-03-11T09:15:01.6828925Z  - build-keycloak: success
Status Check - Keycloak JavaScript CI	Run /./.github/actions/status-check	2025-03-11T09:15:01.6829328Z  - admin-client: success
Status Check - Keycloak JavaScript CI	Run /./.github/actions/status-check	2025-03-11T09:15:01.6829578Z  - ui-shared: success
Status Check - Keycloak JavaScript CI	Run /./.github/actions/status-check	2025-03-11T09:15:01.6829809Z  - account-ui: success
Status Check - Keycloak JavaScript CI	Run /./.github/actions/status-check	2025-03-11T09:15:01.6830039Z  - account-ui-e2e: success
Status Check - Keycloak JavaScript CI	Run /./.github/actions/status-check	2025-03-11T09:15:01.6830261Z  - admin-ui: success
Status Check - Keycloak JavaScript CI	Run /./.github/actions/status-check	2025-03-11T09:15:01.6830463Z  - admin-ui-e2e: failure
Status Check - Keycloak JavaScript CI	Run /./.github/actions/status-check	2025-03-11T09:15:01.6862820Z 
Status Check - Keycloak JavaScript CI	Run /./.github/actions/status-check	2025-03-11T09:15:01.6863046Z Status check not okay!
Status Check - Keycloak JavaScript CI	Run /./.github/actions/status-check	2025-03-11T09:15:01.6875778Z ##[error]Process completed with exit code 1.
