Java Distribution IT (windows-latest, temurin, 17)	UNKNOWN STEP	ï»¿2025-10-29T17:32:49.6273266Z Current runner version: '2.328.0'
Java Distribution IT (windows-latest, temurin, 17)	UNKNOWN STEP	2025-10-29T17:32:49.6308332Z ##[group]Runner Image Provisioner
Java Distribution IT (windows-latest, temurin, 17)	UNKNOWN STEP	2025-10-29T17:32:49.6309426Z Hosted Compute Agent
Java Distribution IT (windows-latest, temurin, 17)	UNKNOWN STEP	2025-10-29T17:32:49.6310318Z Version: 20251016.436
Java Distribution IT (windows-latest, temurin, 17)	UNKNOWN STEP	2025-10-29T17:32:49.6311341Z Commit: 8ab8ac8bfd662a3739dab9fe09456aba92132568
Java Distribution IT (windows-latest, temurin, 17)	UNKNOWN STEP	2025-10-29T17:32:49.6312353Z Build Date: 2025-10-15T20:44:12Z
Java Distribution IT (windows-latest, temurin, 17)	UNKNOWN STEP	2025-10-29T17:32:49.6313313Z ##[endgroup]
Java Distribution IT (windows-latest, temurin, 17)	UNKNOWN STEP	2025-10-29T17:32:49.6314021Z ##[group]Operating System
Java Distribution IT (windows-latest, temurin, 17)	UNKNOWN STEP	2025-10-29T17:32:49.6314948Z Microsoft Windows Server 2025
Java Distribution IT (windows-latest, temurin, 17)	UNKNOWN STEP	2025-10-29T17:32:49.6315737Z 10.0.26100
Java Distribution IT (windows-latest, temurin, 17)	UNKNOWN STEP	2025-10-29T17:32:49.6316468Z Datacenter
Java Distribution IT (windows-latest, temurin, 17)	UNKNOWN STEP	2025-10-29T17:32:49.6317307Z ##[endgroup]
Java Distribution IT (windows-latest, temurin, 17)	UNKNOWN STEP	2025-10-29T17:32:49.6318243Z ##[group]Runner Image
Java Distribution IT (windows-latest, temurin, 17)	UNKNOWN STEP	2025-10-29T17:32:49.6319110Z Image: windows-2025
Java Distribution IT (windows-latest, temurin, 17)	UNKNOWN STEP	2025-10-29T17:32:49.6319851Z Version: 20251021.67.1
Java Distribution IT (windows-latest, temurin, 17)	UNKNOWN STEP	2025-10-29T17:32:49.6322004Z Included Software: https://github.com/actions/runner-images/blob/win25/20251021.67/images/windows/Windows2025-Readme.md
Java Distribution IT (windows-latest, temurin, 17)	UNKNOWN STEP	2025-10-29T17:32:49.6325138Z Image Release: https://github.com/actions/runner-images/releases/tag/win25%2F20251021.67
Java Distribution IT (windows-latest, temurin, 17)	UNKNOWN STEP	2025-10-29T17:32:49.6327045Z ##[endgroup]
Java Distribution IT (windows-latest, temurin, 17)	UNKNOWN STEP	2025-10-29T17:32:49.6328730Z ##[group]GITHUB_TOKEN Permissions
Java Distribution IT (windows-latest, temurin, 17)	UNKNOWN STEP	2025-10-29T17:32:49.6331224Z Contents: read
Java Distribution IT (windows-latest, temurin, 17)	UNKNOWN STEP	2025-10-29T17:32:49.6332021Z Metadata: read
Java Distribution IT (windows-latest, temurin, 17)	UNKNOWN STEP	2025-10-29T17:32:49.6332749Z ##[endgroup]
Java Distribution IT (windows-latest, temurin, 17)	UNKNOWN STEP	2025-10-29T17:32:49.6335801Z Secret source: None
Java Distribution IT (windows-latest, temurin, 17)	UNKNOWN STEP	2025-10-29T17:32:49.6336692Z Prepare workflow directory
Java Distribution IT (windows-latest, temurin, 17)	UNKNOWN STEP	2025-10-29T17:32:49.6894996Z Prepare all required actions
Java Distribution IT (windows-latest, temurin, 17)	UNKNOWN STEP	2025-10-29T17:32:49.6950291Z Getting action download info
Java Distribution IT (windows-latest, temurin, 17)	UNKNOWN STEP	2025-10-29T17:32:49.9565598Z Download action repository 'actions/checkout@08c6903cd8c0fde910a37f88322edcfb5dd907a8' (SHA:08c6903cd8c0fde910a37f88322edcfb5dd907a8)
Java Distribution IT (windows-latest, temurin, 17)	UNKNOWN STEP	2025-10-29T17:32:50.1887848Z Complete job name: Java Distribution IT (windows-latest, temurin, 17)
Java Distribution IT (windows-latest, temurin, 17)	UNKNOWN STEP	2025-10-29T17:32:50.3414428Z ##[group]Run actions/checkout@08c6903cd8c0fde910a37f88322edcfb5dd907a8
Java Distribution IT (windows-latest, temurin, 17)	UNKNOWN STEP	2025-10-29T17:32:50.3415617Z with:
Java Distribution IT (windows-latest, temurin, 17)	UNKNOWN STEP	2025-10-29T17:32:50.3415990Z   repository: keycloak/keycloak
Java Distribution IT (windows-latest, temurin, 17)	UNKNOWN STEP	2025-10-29T17:32:50.3416662Z   token: ***
Java Distribution IT (windows-latest, temurin, 17)	UNKNOWN STEP	2025-10-29T17:32:50.3417035Z   ssh-strict: true
Java Distribution IT (windows-latest, temurin, 17)	UNKNOWN STEP	2025-10-29T17:32:50.3417382Z   ssh-user: git
Java Distribution IT (windows-latest, temurin, 17)	UNKNOWN STEP	2025-10-29T17:32:50.3417745Z   persist-credentials: true
Java Distribution IT (windows-latest, temurin, 17)	UNKNOWN STEP	2025-10-29T17:32:50.3418146Z   clean: true
Java Distribution IT (windows-latest, temurin, 17)	UNKNOWN STEP	2025-10-29T17:32:50.3418515Z   sparse-checkout-cone-mode: true
Java Distribution IT (windows-latest, temurin, 17)	UNKNOWN STEP	2025-10-29T17:32:50.3418949Z   fetch-depth: 1
Java Distribution IT (windows-latest, temurin, 17)	UNKNOWN STEP	2025-10-29T17:32:50.3419292Z   fetch-tags: false
Java Distribution IT (windows-latest, temurin, 17)	UNKNOWN STEP	2025-10-29T17:32:50.3419650Z   show-progress: true
Java Distribution IT (windows-latest, temurin, 17)	UNKNOWN STEP	2025-10-29T17:32:50.3420011Z   lfs: false
Java Distribution IT (windows-latest, temurin, 17)	UNKNOWN STEP	2025-10-29T17:32:50.3420334Z   submodules: false
Java Distribution IT (windows-latest, temurin, 17)	UNKNOWN STEP	2025-10-29T17:32:50.3420697Z   set-safe-directory: true
Java Distribution IT (windows-latest, temurin, 17)	UNKNOWN STEP	2025-10-29T17:32:50.3421273Z env:
Java Distribution IT (windows-latest, temurin, 17)	UNKNOWN STEP	2025-10-29T17:32:50.3421768Z   MAVEN_ARGS: -B -nsu -Daether.connector.http.connectionMaxTtl=25
Java Distribution IT (windows-latest, temurin, 17)	UNKNOWN STEP	2025-10-29T17:32:50.3422372Z   SUREFIRE_RERUN_FAILING_COUNT: 2
Java Distribution IT (windows-latest, temurin, 17)	UNKNOWN STEP	2025-10-29T17:32:50.3422936Z   SUREFIRE_RETRY: -Dsurefire.rerunFailingTestsCount=2
Java Distribution IT (windows-latest, temurin, 17)	UNKNOWN STEP	2025-10-29T17:32:50.3423452Z ##[endgroup]
Java Distribution IT (windows-latest, temurin, 17)	UNKNOWN STEP	2025-10-29T17:32:50.5004571Z Syncing repository: keycloak/keycloak
Java Distribution IT (windows-latest, temurin, 17)	UNKNOWN STEP	2025-10-29T17:32:50.5006236Z ##[group]Getting Git version info
Java Distribution IT (windows-latest, temurin, 17)	UNKNOWN STEP	2025-10-29T17:32:50.5006791Z Working directory is 'D:\a\keycloak\keycloak'
Java Distribution IT (windows-latest, temurin, 17)	UNKNOWN STEP	2025-10-29T17:32:50.5850762Z [command]"C:\Program Files\Git\bin\git.exe" version
Java Distribution IT (windows-latest, temurin, 17)	UNKNOWN STEP	2025-10-29T17:32:50.7991134Z git version 2.51.1.windows.1
Java Distribution IT (windows-latest, temurin, 17)	UNKNOWN STEP	2025-10-29T17:32:50.8038145Z ##[endgroup]
Java Distribution IT (windows-latest, temurin, 17)	UNKNOWN STEP	2025-10-29T17:32:50.8060340Z Temporarily overriding HOME='D:\a\_temp\b28fdb03-0944-432c-85bd-d3625195412d' before making global git config changes
Java Distribution IT (windows-latest, temurin, 17)	UNKNOWN STEP	2025-10-29T17:32:50.8061889Z Adding repository directory to the temporary git global config as a safe directory
Java Distribution IT (windows-latest, temurin, 17)	UNKNOWN STEP	2025-10-29T17:32:50.8071426Z [command]"C:\Program Files\Git\bin\git.exe" config --global --add safe.directory D:\a\keycloak\keycloak
Java Distribution IT (windows-latest, temurin, 17)	UNKNOWN STEP	2025-10-29T17:32:50.8384438Z Deleting the contents of 'D:\a\keycloak\keycloak'
Java Distribution IT (windows-latest, temurin, 17)	UNKNOWN STEP	2025-10-29T17:32:50.8390613Z ##[group]Initializing the repository
Java Distribution IT (windows-latest, temurin, 17)	UNKNOWN STEP	2025-10-29T17:32:50.8399182Z [command]"C:\Program Files\Git\bin\git.exe" init D:\a\keycloak\keycloak
Java Distribution IT (windows-latest, temurin, 17)	UNKNOWN STEP	2025-10-29T17:32:50.9107964Z Initialized empty Git repository in D:/a/keycloak/keycloak/.git/
Java Distribution IT (windows-latest, temurin, 17)	UNKNOWN STEP	2025-10-29T17:32:50.9154869Z [command]"C:\Program Files\Git\bin\git.exe" remote add origin https://github.com/keycloak/keycloak
Java Distribution IT (windows-latest, temurin, 17)	UNKNOWN STEP	2025-10-29T17:32:50.9472173Z ##[endgroup]
Java Distribution IT (windows-latest, temurin, 17)	UNKNOWN STEP	2025-10-29T17:32:50.9472883Z ##[group]Disabling automatic garbage collection
Java Distribution IT (windows-latest, temurin, 17)	UNKNOWN STEP	2025-10-29T17:32:50.9481253Z [command]"C:\Program Files\Git\bin\git.exe" config --local gc.auto 0
Java Distribution IT (windows-latest, temurin, 17)	UNKNOWN STEP	2025-10-29T17:32:50.9780660Z ##[endgroup]
Java Distribution IT (windows-latest, temurin, 17)	UNKNOWN STEP	2025-10-29T17:32:50.9781309Z ##[group]Setting up auth
Java Distribution IT (windows-latest, temurin, 17)	UNKNOWN STEP	2025-10-29T17:32:50.9793492Z [command]"C:\Program Files\Git\bin\git.exe" config --local --name-only --get-regexp core\.sshCommand
Java Distribution IT (windows-latest, temurin, 17)	UNKNOWN STEP	2025-10-29T17:32:51.0109795Z [command]"C:\Program Files\Git\bin\git.exe" submodule foreach --recursive "sh -c \"git config --local --name-only --get-regexp 'core\.sshCommand' && git config --local --unset-all 'core.sshCommand' || :\""
Java Distribution IT (windows-latest, temurin, 17)	UNKNOWN STEP	2025-10-29T17:32:52.0263713Z [command]"C:\Program Files\Git\bin\git.exe" config --local --name-only --get-regexp http\.https\:\/\/github\.com\/\.extraheader
Java Distribution IT (windows-latest, temurin, 17)	UNKNOWN STEP	2025-10-29T17:32:52.0612981Z [command]"C:\Program Files\Git\bin\git.exe" submodule foreach --recursive "sh -c \"git config --local --name-only --get-regexp 'http\.https\:\/\/github\.com\/\.extraheader' && git config --local --unset-all 'http.https://github.com/.extraheader' || :\""
Java Distribution IT (windows-latest, temurin, 17)	UNKNOWN STEP	2025-10-29T17:32:52.6139113Z [command]"C:\Program Files\Git\bin\git.exe" config --local http.https://github.com/.extraheader "AUTHORIZATION: basic ***"
Java Distribution IT (windows-latest, temurin, 17)	UNKNOWN STEP	2025-10-29T17:32:52.6499619Z ##[endgroup]
Java Distribution IT (windows-latest, temurin, 17)	UNKNOWN STEP	2025-10-29T17:32:52.6500141Z ##[group]Fetching the repository
Java Distribution IT (windows-latest, temurin, 17)	UNKNOWN STEP	2025-10-29T17:32:52.6512351Z [command]"C:\Program Files\Git\bin\git.exe" -c protocol.version=2 fetch --no-tags --prune --no-recurse-submodules --depth=1 origin +2d6a8c2368874c2608bb5bb21f151d600f749adf:refs/remotes/pull/43740/merge
Java Distribution IT (windows-latest, temurin, 17)	UNKNOWN STEP	2025-10-29T17:32:58.1056791Z From https://github.com/keycloak/keycloak
Java Distribution IT (windows-latest, temurin, 17)	UNKNOWN STEP	2025-10-29T17:32:58.1060333Z  * [new ref]         2d6a8c2368874c2608bb5bb21f151d600f749adf -> pull/43740/merge
Java Distribution IT (windows-latest, temurin, 17)	UNKNOWN STEP	2025-10-29T17:32:58.1256206Z ##[endgroup]
Java Distribution IT (windows-latest, temurin, 17)	UNKNOWN STEP	2025-10-29T17:32:58.1256709Z ##[group]Determining the checkout info
Java Distribution IT (windows-latest, temurin, 17)	UNKNOWN STEP	2025-10-29T17:32:58.1258965Z ##[endgroup]
Java Distribution IT (windows-latest, temurin, 17)	UNKNOWN STEP	2025-10-29T17:32:58.1281851Z [command]"C:\Program Files\Git\bin\git.exe" sparse-checkout disable
Java Distribution IT (windows-latest, temurin, 17)	UNKNOWN STEP	2025-10-29T17:32:58.1633789Z [command]"C:\Program Files\Git\bin\git.exe" config --local --unset-all extensions.worktreeConfig
Java Distribution IT (windows-latest, temurin, 17)	UNKNOWN STEP	2025-10-29T17:32:58.1936448Z ##[group]Checking out the ref
Java Distribution IT (windows-latest, temurin, 17)	UNKNOWN STEP	2025-10-29T17:32:58.1950009Z [command]"C:\Program Files\Git\bin\git.exe" checkout --progress --force refs/remotes/pull/43740/merge
Java Distribution IT (windows-latest, temurin, 17)	UNKNOWN STEP	2025-10-29T17:32:59.2546260Z Updating files:  27% (3030/11019)
Java Distribution IT (windows-latest, temurin, 17)	UNKNOWN STEP	2025-10-29T17:32:59.2822424Z Updating files:  28% (3086/11019)
Java Distribution IT (windows-latest, temurin, 17)	UNKNOWN STEP	2025-10-29T17:32:59.3165241Z Updating files:  29% (3196/11019)
Java Distribution IT (windows-latest, temurin, 17)	UNKNOWN STEP	2025-10-29T17:32:59.3416368Z Updating files:  30% (3306/11019)
Java Distribution IT (windows-latest, temurin, 17)	UNKNOWN STEP	2025-10-29T17:32:59.3657412Z Updating files:  31% (3416/11019)
Java Distribution IT (windows-latest, temurin, 17)	UNKNOWN STEP	2025-10-29T17:32:59.3912709Z Updating files:  32% (3527/11019)
Java Distribution IT (windows-latest, temurin, 17)	UNKNOWN STEP	2025-10-29T17:32:59.4215848Z Updating files:  33% (3637/11019)
Java Distribution IT (windows-latest, temurin, 17)	UNKNOWN STEP	2025-10-29T17:32:59.4520713Z Updating files:  34% (3747/11019)
Java Distribution IT (windows-latest, temurin, 17)	UNKNOWN STEP	2025-10-29T17:32:59.4777042Z Updating files:  35% (3857/11019)
Java Distribution IT (windows-latest, temurin, 17)	UNKNOWN STEP	2025-10-29T17:32:59.5060090Z Updating files:  36% (3967/11019)
Java Distribution IT (windows-latest, temurin, 17)	UNKNOWN STEP	2025-10-29T17:32:59.5370023Z Updating files:  37% (4078/11019)
Java Distribution IT (windows-latest, temurin, 17)	UNKNOWN STEP	2025-10-29T17:32:59.5658584Z Updating files:  38% (4188/11019)
Java Distribution IT (windows-latest, temurin, 17)	UNKNOWN STEP	2025-10-29T17:32:59.5929670Z Updating files:  39% (4298/11019)
Java Distribution IT (windows-latest, temurin, 17)	UNKNOWN STEP	2025-10-29T17:32:59.6203775Z Updating files:  40% (4408/11019)
Java Distribution IT (windows-latest, temurin, 17)	UNKNOWN STEP	2025-10-29T17:32:59.6511786Z Updating files:  41% (4518/11019)
Java Distribution IT (windows-latest, temurin, 17)	UNKNOWN STEP	2025-10-29T17:32:59.6807084Z Updating files:  42% (4628/11019)
Java Distribution IT (windows-latest, temurin, 17)	UNKNOWN STEP	2025-10-29T17:32:59.7114201Z Updating files:  43% (4739/11019)
Java Distribution IT (windows-latest, temurin, 17)	UNKNOWN STEP	2025-10-29T17:32:59.7399739Z Updating files:  44% (4849/11019)
Java Distribution IT (windows-latest, temurin, 17)	UNKNOWN STEP	2025-10-29T17:32:59.7706193Z Updating files:  45% (4959/11019)
Java Distribution IT (windows-latest, temurin, 17)	UNKNOWN STEP	2025-10-29T17:32:59.8008806Z Updating files:  46% (5069/11019)
Java Distribution IT (windows-latest, temurin, 17)	UNKNOWN STEP	2025-10-29T17:32:59.8261950Z Updating files:  47% (5179/11019)
Java Distribution IT (windows-latest, temurin, 17)	UNKNOWN STEP	2025-10-29T17:33:00.0406213Z Updating files:  48% (5290/11019)
Java Distribution IT (windows-latest, temurin, 17)	UNKNOWN STEP	2025-10-29T17:33:00.0893094Z Updating files:  49% (5400/11019)
Java Distribution IT (windows-latest, temurin, 17)	UNKNOWN STEP	2025-10-29T17:33:00.1159878Z Updating files:  50% (5510/11019)
Java Distribution IT (windows-latest, temurin, 17)	UNKNOWN STEP	2025-10-29T17:33:00.1459569Z Updating files:  51% (5620/11019)
Java Distribution IT (windows-latest, temurin, 17)	UNKNOWN STEP	2025-10-29T17:33:00.1715127Z Updating files:  52% (5730/11019)
Java Distribution IT (windows-latest, temurin, 17)	UNKNOWN STEP	2025-10-29T17:33:00.1971400Z Updating files:  53% (5841/11019)
Java Distribution IT (windows-latest, temurin, 17)	UNKNOWN STEP	2025-10-29T17:33:00.2207882Z Updating files:  54% (5951/11019)
Java Distribution IT (windows-latest, temurin, 17)	UNKNOWN STEP	2025-10-29T17:33:00.2458956Z Updating files:  55% (6061/11019)
Java Distribution IT (windows-latest, temurin, 17)	UNKNOWN STEP	2025-10-29T17:33:00.2553526Z Updating files:  56% (6171/11019)
Java Distribution IT (windows-latest, temurin, 17)	UNKNOWN STEP	2025-10-29T17:33:00.2715365Z Updating files:  56% (6208/11019)
Java Distribution IT (windows-latest, temurin, 17)	UNKNOWN STEP	2025-10-29T17:33:00.2991597Z Updating files:  57% (6281/11019)
Java Distribution IT (windows-latest, temurin, 17)	UNKNOWN STEP	2025-10-29T17:33:00.3238370Z Updating files:  58% (6392/11019)
Java Distribution IT (windows-latest, temurin, 17)	UNKNOWN STEP	2025-10-29T17:33:00.3496361Z Updating files:  59% (6502/11019)
Java Distribution IT (windows-latest, temurin, 17)	UNKNOWN STEP	2025-10-29T17:33:00.3779865Z Updating files:  60% (6612/11019)
Java Distribution IT (windows-latest, temurin, 17)	UNKNOWN STEP	2025-10-29T17:33:00.4078477Z Updating files:  61% (6722/11019)
Java Distribution IT (windows-latest, temurin, 17)	UNKNOWN STEP	2025-10-29T17:33:00.4350380Z Updating files:  62% (6832/11019)
Java Distribution IT (windows-latest, temurin, 17)	UNKNOWN STEP	2025-10-29T17:33:00.4617632Z Updating files:  63% (6942/11019)
Java Distribution IT (windows-latest, temurin, 17)	UNKNOWN STEP	2025-10-29T17:33:00.4937148Z Updating files:  64% (7053/11019)
Java Distribution IT (windows-latest, temurin, 17)	UNKNOWN STEP	2025-10-29T17:33:00.5182490Z Updating files:  65% (7163/11019)
Java Distribution IT (windows-latest, temurin, 17)	UNKNOWN STEP	2025-10-29T17:33:00.5470400Z Updating files:  66% (7273/11019)
Java Distribution IT (windows-latest, temurin, 17)	UNKNOWN STEP	2025-10-29T17:33:00.5761144Z Updating files:  67% (7383/11019)
Java Distribution IT (windows-latest, temurin, 17)	UNKNOWN STEP	2025-10-29T17:33:00.6019979Z Updating files:  68% (7493/11019)
Java Distribution IT (windows-latest, temurin, 17)	UNKNOWN STEP	2025-10-29T17:33:00.6272589Z Updating files:  69% (7604/11019)
Java Distribution IT (windows-latest, temurin, 17)	UNKNOWN STEP	2025-10-29T17:33:00.6551199Z Updating files:  70% (7714/11019)
Java Distribution IT (windows-latest, temurin, 17)	UNKNOWN STEP	2025-10-29T17:33:00.6945860Z Updating files:  71% (7824/11019)
Java Distribution IT (windows-latest, temurin, 17)	UNKNOWN STEP	2025-10-29T17:33:00.7202371Z Updating files:  72% (7934/11019)
Java Distribution IT (windows-latest, temurin, 17)	UNKNOWN STEP	2025-10-29T17:33:00.7503610Z Updating files:  73% (8044/11019)
Java Distribution IT (windows-latest, temurin, 17)	UNKNOWN STEP	2025-10-29T17:33:00.7798105Z Updating files:  74% (8155/11019)
Java Distribution IT (windows-latest, temurin, 17)	UNKNOWN STEP	2025-10-29T17:33:00.8035780Z Updating files:  75% (8265/11019)
Java Distribution IT (windows-latest, temurin, 17)	UNKNOWN STEP	2025-10-29T17:33:00.8523366Z Updating files:  76% (8375/11019)
Java Distribution IT (windows-latest, temurin, 17)	UNKNOWN STEP	2025-10-29T17:33:00.8836646Z Updating files:  77% (8485/11019)
Java Distribution IT (windows-latest, temurin, 17)	UNKNOWN STEP	2025-10-29T17:33:00.9124783Z Updating files:  78% (8595/11019)
Java Distribution IT (windows-latest, temurin, 17)	UNKNOWN STEP	2025-10-29T17:33:00.9427647Z Updating files:  79% (8706/11019)
Java Distribution IT (windows-latest, temurin, 17)	UNKNOWN STEP	2025-10-29T17:33:00.9799556Z Updating files:  80% (8816/11019)
Java Distribution IT (windows-latest, temurin, 17)	UNKNOWN STEP	2025-10-29T17:33:01.0049115Z Updating files:  81% (8926/11019)
Java Distribution IT (windows-latest, temurin, 17)	UNKNOWN STEP	2025-10-29T17:33:01.0330841Z Updating files:  82% (9036/11019)
Java Distribution IT (windows-latest, temurin, 17)	UNKNOWN STEP	2025-10-29T17:33:01.0642449Z Updating files:  83% (9146/11019)
Java Distribution IT (windows-latest, temurin, 17)	UNKNOWN STEP	2025-10-29T17:33:01.0920239Z Updating files:  84% (9256/11019)
Java Distribution IT (windows-latest, temurin, 17)	UNKNOWN STEP	2025-10-29T17:33:01.1181000Z Updating files:  85% (9367/11019)
Java Distribution IT (windows-latest, temurin, 17)	UNKNOWN STEP	2025-10-29T17:33:01.1434191Z Updating files:  86% (9477/11019)
Java Distribution IT (windows-latest, temurin, 17)	UNKNOWN STEP	2025-10-29T17:33:01.1743779Z Updating files:  87% (9587/11019)
Java Distribution IT (windows-latest, temurin, 17)	UNKNOWN STEP	2025-10-29T17:33:01.2120298Z Updating files:  88% (9697/11019)
Java Distribution IT (windows-latest, temurin, 17)	UNKNOWN STEP	2025-10-29T17:33:01.2725809Z Updating files:  89% (9807/11019)
Java Distribution IT (windows-latest, temurin, 17)	UNKNOWN STEP	2025-10-29T17:33:01.4399463Z Updating files:  89% (9813/11019)
Java Distribution IT (windows-latest, temurin, 17)	UNKNOWN STEP	2025-10-29T17:33:01.4801916Z Updating files:  90% (9918/11019)
Java Distribution IT (windows-latest, temurin, 17)	UNKNOWN STEP	2025-10-29T17:33:01.5112615Z Updating files:  91% (10028/11019)
Java Distribution IT (windows-latest, temurin, 17)	UNKNOWN STEP	2025-10-29T17:33:01.5431099Z Updating files:  92% (10138/11019)
Java Distribution IT (windows-latest, temurin, 17)	UNKNOWN STEP	2025-10-29T17:33:01.5719130Z Updating files:  93% (10248/11019)
Java Distribution IT (windows-latest, temurin, 17)	UNKNOWN STEP	2025-10-29T17:33:01.6055982Z Updating files:  94% (10358/11019)
Java Distribution IT (windows-latest, temurin, 17)	UNKNOWN STEP	2025-10-29T17:33:01.6379787Z Updating files:  95% (10469/11019)
Java Distribution IT (windows-latest, temurin, 17)	UNKNOWN STEP	2025-10-29T17:33:01.6715196Z Updating files:  96% (10579/11019)
Java Distribution IT (windows-latest, temurin, 17)	UNKNOWN STEP	2025-10-29T17:33:01.6993881Z Updating files:  97% (10689/11019)
Java Distribution IT (windows-latest, temurin, 17)	UNKNOWN STEP	2025-10-29T17:33:01.7269389Z Updating files:  98% (10799/11019)
Java Distribution IT (windows-latest, temurin, 17)	UNKNOWN STEP	2025-10-29T17:33:01.7555067Z Updating files:  99% (10909/11019)
Java Distribution IT (windows-latest, temurin, 17)	UNKNOWN STEP	2025-10-29T17:33:01.7558117Z Updating files: 100% (11019/11019)
Java Distribution IT (windows-latest, temurin, 17)	UNKNOWN STEP	2025-10-29T17:33:01.7558533Z Updating files: 100% (11019/11019), done.
Java Distribution IT (windows-latest, temurin, 17)	UNKNOWN STEP	2025-10-29T17:33:01.7848290Z Note: switching to 'refs/remotes/pull/43740/merge'.
Java Distribution IT (windows-latest, temurin, 17)	UNKNOWN STEP	2025-10-29T17:33:01.7848638Z 
Java Distribution IT (windows-latest, temurin, 17)	UNKNOWN STEP	2025-10-29T17:33:01.7848938Z You are in 'detached HEAD' state. You can look around, make experimental
Java Distribution IT (windows-latest, temurin, 17)	UNKNOWN STEP	2025-10-29T17:33:01.7849618Z changes and commit them, and you can discard any commits you make in this
Java Distribution IT (windows-latest, temurin, 17)	UNKNOWN STEP	2025-10-29T17:33:01.7850637Z state without impacting any branches by switching back to a branch.
Java Distribution IT (windows-latest, temurin, 17)	UNKNOWN STEP	2025-10-29T17:33:01.7851093Z 
Java Distribution IT (windows-latest, temurin, 17)	UNKNOWN STEP	2025-10-29T17:33:01.7851413Z If you want to create a new branch to retain commits you create, you may
Java Distribution IT (windows-latest, temurin, 17)	UNKNOWN STEP	2025-10-29T17:33:01.7852161Z do so (now or later) by using -c with the switch command. Example:
Java Distribution IT (windows-latest, temurin, 17)	UNKNOWN STEP	2025-10-29T17:33:01.7852894Z 
Java Distribution IT (windows-latest, temurin, 17)	UNKNOWN STEP	2025-10-29T17:33:01.7853070Z   git switch -c <new-branch-name>
Java Distribution IT (windows-latest, temurin, 17)	UNKNOWN STEP	2025-10-29T17:33:01.7853317Z 
Java Distribution IT (windows-latest, temurin, 17)	UNKNOWN STEP	2025-10-29T17:33:01.7853737Z Or undo this operation with:
Java Distribution IT (windows-latest, temurin, 17)	UNKNOWN STEP	2025-10-29T17:33:01.7853964Z 
Java Distribution IT (windows-latest, temurin, 17)	UNKNOWN STEP	2025-10-29T17:33:01.7854066Z   git switch -
Java Distribution IT (windows-latest, temurin, 17)	UNKNOWN STEP	2025-10-29T17:33:01.7854219Z 
Java Distribution IT (windows-latest, temurin, 17)	UNKNOWN STEP	2025-10-29T17:33:01.7854513Z Turn off this advice by setting config variable advice.detachedHead to false
Java Distribution IT (windows-latest, temurin, 17)	UNKNOWN STEP	2025-10-29T17:33:01.7854973Z 
Java Distribution IT (windows-latest, temurin, 17)	UNKNOWN STEP	2025-10-29T17:33:01.7855482Z HEAD is now at 2d6a8c2 Merge 3fc1de8d340b85b6d66daa88a338db6646f358cc into ccc75688790a6df235a7ef45a2a1a42673e1b123
Java Distribution IT (windows-latest, temurin, 17)	UNKNOWN STEP	2025-10-29T17:33:01.7944810Z ##[endgroup]
Java Distribution IT (windows-latest, temurin, 17)	UNKNOWN STEP	2025-10-29T17:33:01.8285754Z [command]"C:\Program Files\Git\bin\git.exe" log -1 --format=%H
Java Distribution IT (windows-latest, temurin, 17)	UNKNOWN STEP	2025-10-29T17:33:01.8553885Z 2d6a8c2368874c2608bb5bb21f151d600f749adf
Java Distribution IT (windows-latest, temurin, 17)	UNKNOWN STEP	2025-10-29T17:33:01.8987306Z Prepare all required actions
Java Distribution IT (windows-latest, temurin, 17)	UNKNOWN STEP	2025-10-29T17:33:01.8988170Z Getting action download info
Java Distribution IT (windows-latest, temurin, 17)	UNKNOWN STEP	2025-10-29T17:33:02.0671132Z Download action repository 'actions/download-artifact@d3f86a106a0bac45b974a628896c90dbdf5c8093' (SHA:d3f86a106a0bac45b974a628896c90dbdf5c8093)
Java Distribution IT (windows-latest, temurin, 17)	UNKNOWN STEP	2025-10-29T17:33:02.6495776Z ##[group]Run ./.github/actions/integration-test-setup
Java Distribution IT (windows-latest, temurin, 17)	UNKNOWN STEP	2025-10-29T17:33:02.6496068Z with:
Java Distribution IT (windows-latest, temurin, 17)	UNKNOWN STEP	2025-10-29T17:33:02.6496220Z   jdk-dist: temurin
Java Distribution IT (windows-latest, temurin, 17)	UNKNOWN STEP	2025-10-29T17:33:02.6496374Z   jdk-version: 17
Java Distribution IT (windows-latest, temurin, 17)	UNKNOWN STEP	2025-10-29T17:33:02.6496523Z env:
Java Distribution IT (windows-latest, temurin, 17)	UNKNOWN STEP	2025-10-29T17:33:02.6496769Z   MAVEN_ARGS: -B -nsu -Daether.connector.http.connectionMaxTtl=25
Java Distribution IT (windows-latest, temurin, 17)	UNKNOWN STEP	2025-10-29T17:33:02.6497075Z   SUREFIRE_RERUN_FAILING_COUNT: 2
Java Distribution IT (windows-latest, temurin, 17)	UNKNOWN STEP	2025-10-29T17:33:02.6497325Z   SUREFIRE_RETRY: -Dsurefire.rerunFailingTestsCount=2
Java Distribution IT (windows-latest, temurin, 17)	UNKNOWN STEP	2025-10-29T17:33:02.6497572Z ##[endgroup]
Java Distribution IT (windows-latest, temurin, 17)	UNKNOWN STEP	2025-10-29T17:33:02.6699264Z Prepare all required actions
Java Distribution IT (windows-latest, temurin, 17)	UNKNOWN STEP	2025-10-29T17:33:02.6736293Z ##[group]Run ./.github/actions/update-hosts
Java Distribution IT (windows-latest, temurin, 17)	UNKNOWN STEP	2025-10-29T17:33:02.6736535Z env:
Java Distribution IT (windows-latest, temurin, 17)	UNKNOWN STEP	2025-10-29T17:33:02.6736824Z   MAVEN_ARGS: -B -nsu -Daether.connector.http.connectionMaxTtl=25
Java Distribution IT (windows-latest, temurin, 17)	UNKNOWN STEP	2025-10-29T17:33:02.6737135Z   SUREFIRE_RERUN_FAILING_COUNT: 2
Java Distribution IT (windows-latest, temurin, 17)	UNKNOWN STEP	2025-10-29T17:33:02.6737392Z   SUREFIRE_RETRY: -Dsurefire.rerunFailingTestsCount=2
Java Distribution IT (windows-latest, temurin, 17)	UNKNOWN STEP	2025-10-29T17:33:02.6737644Z ##[endgroup]
Java Distribution IT (windows-latest, temurin, 17)	UNKNOWN STEP	2025-10-29T17:33:02.6902853Z ##[group]Run "`n`n" | Add-Content C:\Windows\System32\drivers\etc\hosts
Java Distribution IT (windows-latest, temurin, 17)	UNKNOWN STEP	2025-10-29T17:33:02.6903363Z [36;1m"`n`n" | Add-Content C:\Windows\System32\drivers\etc\hosts[0m
Java Distribution IT (windows-latest, temurin, 17)	UNKNOWN STEP	2025-10-29T17:33:02.6903883Z [36;1mGet-Content .github/actions/update-hosts/hosts | Add-Content C:\Windows\System32\drivers\etc\hosts[0m
Java Distribution IT (windows-latest, temurin, 17)	UNKNOWN STEP	2025-10-29T17:33:02.7015925Z shell: C:\Windows\System32\WindowsPowerShell\v1.0\powershell.EXE -command ". '{0}'"
Java Distribution IT (windows-latest, temurin, 17)	UNKNOWN STEP	2025-10-29T17:33:02.7016315Z env:
Java Distribution IT (windows-latest, temurin, 17)	UNKNOWN STEP	2025-10-29T17:33:02.7016568Z   MAVEN_ARGS: -B -nsu -Daether.connector.http.connectionMaxTtl=25
Java Distribution IT (windows-latest, temurin, 17)	UNKNOWN STEP	2025-10-29T17:33:02.7016881Z   SUREFIRE_RERUN_FAILING_COUNT: 2
Java Distribution IT (windows-latest, temurin, 17)	UNKNOWN STEP	2025-10-29T17:33:02.7017148Z   SUREFIRE_RETRY: -Dsurefire.rerunFailingTestsCount=2
Java Distribution IT (windows-latest, temurin, 17)	UNKNOWN STEP	2025-10-29T17:33:02.7017430Z ##[endgroup]
Java Distribution IT (windows-latest, temurin, 17)	UNKNOWN STEP	2025-10-29T17:33:03.0299799Z Prepare all required actions
Java Distribution IT (windows-latest, temurin, 17)	UNKNOWN STEP	2025-10-29T17:33:03.0300066Z Getting action download info
Java Distribution IT (windows-latest, temurin, 17)	UNKNOWN STEP	2025-10-29T17:33:03.1778844Z Download action repository 'actions/setup-java@c5195efecf7bdfc987ee8bae7a71cb8b11521c00' (SHA:c5195efecf7bdfc987ee8bae7a71cb8b11521c00)
Java Distribution IT (windows-latest, temurin, 17)	UNKNOWN STEP	2025-10-29T17:33:03.6862080Z ##[group]Run ./.github/actions/java-setup
Java Distribution IT (windows-latest, temurin, 17)	UNKNOWN STEP	2025-10-29T17:33:03.6862317Z with:
Java Distribution IT (windows-latest, temurin, 17)	UNKNOWN STEP	2025-10-29T17:33:03.6862468Z   distribution: temurin
Java Distribution IT (windows-latest, temurin, 17)	UNKNOWN STEP	2025-10-29T17:33:03.6862630Z   java-version: 17
Java Distribution IT (windows-latest, temurin, 17)	UNKNOWN STEP	2025-10-29T17:33:03.6862774Z env:
Java Distribution IT (windows-latest, temurin, 17)	UNKNOWN STEP	2025-10-29T17:33:03.6863002Z   MAVEN_ARGS: -B -nsu -Daether.connector.http.connectionMaxTtl=25
Java Distribution IT (windows-latest, temurin, 17)	UNKNOWN STEP	2025-10-29T17:33:03.6863306Z   SUREFIRE_RERUN_FAILING_COUNT: 2
Java Distribution IT (windows-latest, temurin, 17)	UNKNOWN STEP	2025-10-29T17:33:03.6863564Z   SUREFIRE_RETRY: -Dsurefire.rerunFailingTestsCount=2
Java Distribution IT (windows-latest, temurin, 17)	UNKNOWN STEP	2025-10-29T17:33:03.6863810Z ##[endgroup]
Java Distribution IT (windows-latest, temurin, 17)	UNKNOWN STEP	2025-10-29T17:33:03.7062045Z ##[group]Run actions/setup-java@c5195efecf7bdfc987ee8bae7a71cb8b11521c00
Java Distribution IT (windows-latest, temurin, 17)	UNKNOWN STEP	2025-10-29T17:33:03.7062393Z with:
Java Distribution IT (windows-latest, temurin, 17)	UNKNOWN STEP	2025-10-29T17:33:03.7062569Z   distribution: temurin
Java Distribution IT (windows-latest, temurin, 17)	UNKNOWN STEP	2025-10-29T17:33:03.7062750Z   java-version: 17
Java Distribution IT (windows-latest, temurin, 17)	UNKNOWN STEP	2025-10-29T17:33:03.7062913Z   java-package: jdk
Java Distribution IT (windows-latest, temurin, 17)	UNKNOWN STEP	2025-10-29T17:33:03.7063080Z   check-latest: false
Java Distribution IT (windows-latest, temurin, 17)	UNKNOWN STEP	2025-10-29T17:33:03.7063238Z   server-id: github
Java Distribution IT (windows-latest, temurin, 17)	UNKNOWN STEP	2025-10-29T17:33:03.7063405Z   server-username: GITHUB_ACTOR
Java Distribution IT (windows-latest, temurin, 17)	UNKNOWN STEP	2025-10-29T17:33:03.7063612Z   server-password: GITHUB_TOKEN
Java Distribution IT (windows-latest, temurin, 17)	UNKNOWN STEP	2025-10-29T17:33:03.7063801Z   overwrite-settings: true
Java Distribution IT (windows-latest, temurin, 17)	UNKNOWN STEP	2025-10-29T17:33:03.7064239Z   job-status: success
Java Distribution IT (windows-latest, temurin, 17)	UNKNOWN STEP	2025-10-29T17:33:03.7064528Z   token: ***
Java Distribution IT (windows-latest, temurin, 17)	UNKNOWN STEP	2025-10-29T17:33:03.7064673Z env:
Java Distribution IT (windows-latest, temurin, 17)	UNKNOWN STEP	2025-10-29T17:33:03.7064900Z   MAVEN_ARGS: -B -nsu -Daether.connector.http.connectionMaxTtl=25
Java Distribution IT (windows-latest, temurin, 17)	UNKNOWN STEP	2025-10-29T17:33:03.7065208Z   SUREFIRE_RERUN_FAILING_COUNT: 2
Java Distribution IT (windows-latest, temurin, 17)	UNKNOWN STEP	2025-10-29T17:33:03.7065459Z   SUREFIRE_RETRY: -Dsurefire.rerunFailingTestsCount=2
Java Distribution IT (windows-latest, temurin, 17)	UNKNOWN STEP	2025-10-29T17:33:03.7065718Z ##[endgroup]
Java Distribution IT (windows-latest, temurin, 17)	UNKNOWN STEP	2025-10-29T17:33:03.9961491Z ##[group]Installed distributions
Java Distribution IT (windows-latest, temurin, 17)	UNKNOWN STEP	2025-10-29T17:33:04.0048002Z Resolved Java 17.0.16+8 from tool-cache
Java Distribution IT (windows-latest, temurin, 17)	UNKNOWN STEP	2025-10-29T17:33:04.0048648Z Setting Java 17.0.16+8 as the default
Java Distribution IT (windows-latest, temurin, 17)	UNKNOWN STEP	2025-10-29T17:33:04.0086789Z Creating toolchains.xml for JDK version 17 from temurin
Java Distribution IT (windows-latest, temurin, 17)	UNKNOWN STEP	2025-10-29T17:33:04.0193161Z Writing to C:\Users\runneradmin\.m2\toolchains.xml
Java Distribution IT (windows-latest, temurin, 17)	UNKNOWN STEP	2025-10-29T17:33:04.0197920Z 
Java Distribution IT (windows-latest, temurin, 17)	UNKNOWN STEP	2025-10-29T17:33:04.0198074Z Java configuration:
Java Distribution IT (windows-latest, temurin, 17)	UNKNOWN STEP	2025-10-29T17:33:04.0198636Z   Distribution: temurin
Java Distribution IT (windows-latest, temurin, 17)	UNKNOWN STEP	2025-10-29T17:33:04.0199163Z   Version: 17.0.16+8
Java Distribution IT (windows-latest, temurin, 17)	UNKNOWN STEP	2025-10-29T17:33:04.0199693Z   Path: C:\hostedtoolcache\windows\Java_Temurin-Hotspot_jdk\17.0.16-8\x64
Java Distribution IT (windows-latest, temurin, 17)	UNKNOWN STEP	2025-10-29T17:33:04.0200225Z 
Java Distribution IT (windows-latest, temurin, 17)	UNKNOWN STEP	2025-10-29T17:33:04.0201422Z ##[endgroup]
Java Distribution IT (windows-latest, temurin, 17)	UNKNOWN STEP	2025-10-29T17:33:04.0222514Z Creating settings.xml with server-id: github
Java Distribution IT (windows-latest, temurin, 17)	UNKNOWN STEP	2025-10-29T17:33:04.0233206Z Writing to C:\Users\runneradmin\.m2\settings.xml
Java Distribution IT (windows-latest, temurin, 17)	UNKNOWN STEP	2025-10-29T17:33:04.0507606Z Prepare all required actions
Java Distribution IT (windows-latest, temurin, 17)	UNKNOWN STEP	2025-10-29T17:33:04.0507899Z Getting action download info
Java Distribution IT (windows-latest, temurin, 17)	UNKNOWN STEP	2025-10-29T17:33:04.2053443Z Download action repository 'actions/cache@5a3ec84eff668545956fd18022155c47e93e2684' (SHA:5a3ec84eff668545956fd18022155c47e93e2684)
Java Distribution IT (windows-latest, temurin, 17)	UNKNOWN STEP	2025-10-29T17:33:04.3686431Z ##[group]Run ./.github/actions/maven-cache
Java Distribution IT (windows-latest, temurin, 17)	UNKNOWN STEP	2025-10-29T17:33:04.3686681Z with:
Java Distribution IT (windows-latest, temurin, 17)	UNKNOWN STEP	2025-10-29T17:33:04.3686846Z   create-cache-if-it-doesnt-exist: false
Java Distribution IT (windows-latest, temurin, 17)	UNKNOWN STEP	2025-10-29T17:33:04.3687060Z env:
Java Distribution IT (windows-latest, temurin, 17)	UNKNOWN STEP	2025-10-29T17:33:04.3687292Z   MAVEN_ARGS: -B -nsu -Daether.connector.http.connectionMaxTtl=25
Java Distribution IT (windows-latest, temurin, 17)	UNKNOWN STEP	2025-10-29T17:33:04.3687602Z   SUREFIRE_RERUN_FAILING_COUNT: 2
Java Distribution IT (windows-latest, temurin, 17)	UNKNOWN STEP	2025-10-29T17:33:04.3687859Z   SUREFIRE_RETRY: -Dsurefire.rerunFailingTestsCount=2
Java Distribution IT (windows-latest, temurin, 17)	UNKNOWN STEP	2025-10-29T17:33:04.3688236Z   JAVA_HOME: C:\hostedtoolcache\windows\Java_Temurin-Hotspot_jdk\17.0.16-8\x64
Java Distribution IT (windows-latest, temurin, 17)	UNKNOWN STEP	2025-10-29T17:33:04.3688689Z   JAVA_HOME_17_X64: C:\hostedtoolcache\windows\Java_Temurin-Hotspot_jdk\17.0.16-8\x64
Java Distribution IT (windows-latest, temurin, 17)	UNKNOWN STEP	2025-10-29T17:33:04.3689007Z ##[endgroup]
Java Distribution IT (windows-latest, temurin, 17)	UNKNOWN STEP	2025-10-29T17:33:04.3822437Z ##[group]Run echo "key=mvn-`date -u "+%Y-%U"`" >> $GITHUB_OUTPUT
Java Distribution IT (windows-latest, temurin, 17)	UNKNOWN STEP	2025-10-29T17:33:04.3822817Z [36;1mecho "key=mvn-`date -u "+%Y-%U"`" >> $GITHUB_OUTPUT[0m
Java Distribution IT (windows-latest, temurin, 17)	UNKNOWN STEP	2025-10-29T17:33:04.3840673Z shell: C:\Program Files\Git\bin\bash.EXE --noprofile --norc -e -o pipefail {0}
Java Distribution IT (windows-latest, temurin, 17)	UNKNOWN STEP	2025-10-29T17:33:04.3841006Z env:
Java Distribution IT (windows-latest, temurin, 17)	UNKNOWN STEP	2025-10-29T17:33:04.3841260Z   MAVEN_ARGS: -B -nsu -Daether.connector.http.connectionMaxTtl=25
Java Distribution IT (windows-latest, temurin, 17)	UNKNOWN STEP	2025-10-29T17:33:04.3841567Z   SUREFIRE_RERUN_FAILING_COUNT: 2
Java Distribution IT (windows-latest, temurin, 17)	UNKNOWN STEP	2025-10-29T17:33:04.3841816Z   SUREFIRE_RETRY: -Dsurefire.rerunFailingTestsCount=2
Java Distribution IT (windows-latest, temurin, 17)	UNKNOWN STEP	2025-10-29T17:33:04.3842186Z   JAVA_HOME: C:\hostedtoolcache\windows\Java_Temurin-Hotspot_jdk\17.0.16-8\x64
Java Distribution IT (windows-latest, temurin, 17)	UNKNOWN STEP	2025-10-29T17:33:04.3842615Z   JAVA_HOME_17_X64: C:\hostedtoolcache\windows\Java_Temurin-Hotspot_jdk\17.0.16-8\x64
Java Distribution IT (windows-latest, temurin, 17)	UNKNOWN STEP	2025-10-29T17:33:04.3842949Z ##[endgroup]
Java Distribution IT (windows-latest, temurin, 17)	UNKNOWN STEP	2025-10-29T17:33:04.4634742Z ##[group]Run actions/cache/restore@5a3ec84eff668545956fd18022155c47e93e2684
Java Distribution IT (windows-latest, temurin, 17)	UNKNOWN STEP	2025-10-29T17:33:04.4635062Z with:
Java Distribution IT (windows-latest, temurin, 17)	UNKNOWN STEP	2025-10-29T17:33:04.4635298Z   path: ~/.m2/repository/*/*
Java Distribution IT (windows-latest, temurin, 17)	UNKNOWN STEP	!~/.m2/repository/org/keycloak
Java Distribution IT (windows-latest, temurin, 17)	UNKNOWN STEP	
Java Distribution IT (windows-latest, temurin, 17)	UNKNOWN STEP	2025-10-29T17:33:04.4635585Z   key: mvn-Windows-mvn-2025-43
Java Distribution IT (windows-latest, temurin, 17)	UNKNOWN STEP	2025-10-29T17:33:04.4635793Z   restore-keys: mvn--mvn-2025-43
Java Distribution IT (windows-latest, temurin, 17)	UNKNOWN STEP	
Java Distribution IT (windows-latest, temurin, 17)	UNKNOWN STEP	2025-10-29T17:33:04.4636006Z   enableCrossOsArchive: true
Java Distribution IT (windows-latest, temurin, 17)	UNKNOWN STEP	2025-10-29T17:33:04.4636200Z   fail-on-cache-miss: false
Java Distribution IT (windows-latest, temurin, 17)	UNKNOWN STEP	2025-10-29T17:33:04.4636393Z   lookup-only: false
Java Distribution IT (windows-latest, temurin, 17)	UNKNOWN STEP	2025-10-29T17:33:04.4636560Z env:
Java Distribution IT (windows-latest, temurin, 17)	UNKNOWN STEP	2025-10-29T17:33:04.4636794Z   MAVEN_ARGS: -B -nsu -Daether.connector.http.connectionMaxTtl=25
Java Distribution IT (windows-latest, temurin, 17)	UNKNOWN STEP	2025-10-29T17:33:04.4637098Z   SUREFIRE_RERUN_FAILING_COUNT: 2
Java Distribution IT (windows-latest, temurin, 17)	UNKNOWN STEP	2025-10-29T17:33:04.4637350Z   SUREFIRE_RETRY: -Dsurefire.rerunFailingTestsCount=2
Java Distribution IT (windows-latest, temurin, 17)	UNKNOWN STEP	2025-10-29T17:33:04.4637724Z   JAVA_HOME: C:\hostedtoolcache\windows\Java_Temurin-Hotspot_jdk\17.0.16-8\x64
Java Distribution IT (windows-latest, temurin, 17)	UNKNOWN STEP	2025-10-29T17:33:04.4638228Z   JAVA_HOME_17_X64: C:\hostedtoolcache\windows\Java_Temurin-Hotspot_jdk\17.0.16-8\x64
Java Distribution IT (windows-latest, temurin, 17)	UNKNOWN STEP	2025-10-29T17:33:04.4639534Z ##[endgroup]
Java Distribution IT (windows-latest, temurin, 17)	UNKNOWN STEP	2025-10-29T17:33:04.9660932Z Cache not found for input keys: mvn-Windows-mvn-2025-43, mvn--mvn-2025-43
Java Distribution IT (windows-latest, temurin, 17)	UNKNOWN STEP	2025-10-29T17:33:04.9900956Z Prepare all required actions
Java Distribution IT (windows-latest, temurin, 17)	UNKNOWN STEP	2025-10-29T17:33:04.9901233Z Getting action download info
Java Distribution IT (windows-latest, temurin, 17)	UNKNOWN STEP	2025-10-29T17:33:05.2290407Z ##[group]Run ./.github/actions/node-cache
Java Distribution IT (windows-latest, temurin, 17)	UNKNOWN STEP	2025-10-29T17:33:05.2290650Z env:
Java Distribution IT (windows-latest, temurin, 17)	UNKNOWN STEP	2025-10-29T17:33:05.2290884Z   MAVEN_ARGS: -B -nsu -Daether.connector.http.connectionMaxTtl=25
Java Distribution IT (windows-latest, temurin, 17)	UNKNOWN STEP	2025-10-29T17:33:05.2291201Z   SUREFIRE_RERUN_FAILING_COUNT: 2
Java Distribution IT (windows-latest, temurin, 17)	UNKNOWN STEP	2025-10-29T17:33:05.2292204Z   SUREFIRE_RETRY: -Dsurefire.rerunFailingTestsCount=2
Java Distribution IT (windows-latest, temurin, 17)	UNKNOWN STEP	2025-10-29T17:33:05.2292607Z   JAVA_HOME: C:\hostedtoolcache\windows\Java_Temurin-Hotspot_jdk\17.0.16-8\x64
Java Distribution IT (windows-latest, temurin, 17)	UNKNOWN STEP	2025-10-29T17:33:05.2293051Z   JAVA_HOME_17_X64: C:\hostedtoolcache\windows\Java_Temurin-Hotspot_jdk\17.0.16-8\x64
Java Distribution IT (windows-latest, temurin, 17)	UNKNOWN STEP	2025-10-29T17:33:05.2293389Z ##[endgroup]
Java Distribution IT (windows-latest, temurin, 17)	UNKNOWN STEP	2025-10-29T17:33:05.2434503Z ##[group]Run echo "node=$(cat js/pom.xml | grep '<node.version>' | cut -d '>' -f 2 | cut -d '<' -f 1 | cut -c 2-)" >> $GITHUB_OUTPUT
Java Distribution IT (windows-latest, temurin, 17)	UNKNOWN STEP	2025-10-29T17:33:05.2435394Z [36;1mecho "node=$(cat js/pom.xml | grep '<node.version>' | cut -d '>' -f 2 | cut -d '<' -f 1 | cut -c 2-)" >> $GITHUB_OUTPUT[0m
Java Distribution IT (windows-latest, temurin, 17)	UNKNOWN STEP	2025-10-29T17:33:05.2436079Z [36;1mecho "pnpm=$(cat js/pom.xml | grep '<pnpm.version>' | cut -d '>' -f 2 | cut -d '<' -f 1 | cut -c 1-)" >> $GITHUB_OUTPUT[0m
Java Distribution IT (windows-latest, temurin, 17)	UNKNOWN STEP	2025-10-29T17:33:05.2451167Z shell: C:\Program Files\Git\bin\bash.EXE --noprofile --norc -e -o pipefail {0}
Java Distribution IT (windows-latest, temurin, 17)	UNKNOWN STEP	2025-10-29T17:33:05.2451559Z env:
Java Distribution IT (windows-latest, temurin, 17)	UNKNOWN STEP	2025-10-29T17:33:05.2451897Z   MAVEN_ARGS: -B -nsu -Daether.connector.http.connectionMaxTtl=25
Java Distribution IT (windows-latest, temurin, 17)	UNKNOWN STEP	2025-10-29T17:33:05.2452305Z   SUREFIRE_RERUN_FAILING_COUNT: 2
Java Distribution IT (windows-latest, temurin, 17)	UNKNOWN STEP	2025-10-29T17:33:05.2452620Z   SUREFIRE_RETRY: -Dsurefire.rerunFailingTestsCount=2
Java Distribution IT (windows-latest, temurin, 17)	UNKNOWN STEP	2025-10-29T17:33:05.2453055Z   JAVA_HOME: C:\hostedtoolcache\windows\Java_Temurin-Hotspot_jdk\17.0.16-8\x64
Java Distribution IT (windows-latest, temurin, 17)	UNKNOWN STEP	2025-10-29T17:33:05.2471981Z   JAVA_HOME_17_X64: C:\hostedtoolcache\windows\Java_Temurin-Hotspot_jdk\17.0.16-8\x64
Java Distribution IT (windows-latest, temurin, 17)	UNKNOWN STEP	2025-10-29T17:33:05.2474917Z ##[endgroup]
Java Distribution IT (windows-latest, temurin, 17)	UNKNOWN STEP	2025-10-29T17:33:05.4784895Z ##[group]Run actions/cache@5a3ec84eff668545956fd18022155c47e93e2684
Java Distribution IT (windows-latest, temurin, 17)	UNKNOWN STEP	2025-10-29T17:33:05.4785180Z with:
Java Distribution IT (windows-latest, temurin, 17)	UNKNOWN STEP	2025-10-29T17:33:05.4785516Z   path: ~/.m2/repository/com/github/eirslett/node
Java Distribution IT (windows-latest, temurin, 17)	UNKNOWN STEP	~/.m2/repository/com/github/eirslett/pnpm
Java Distribution IT (windows-latest, temurin, 17)	UNKNOWN STEP	
Java Distribution IT (windows-latest, temurin, 17)	UNKNOWN STEP	2025-10-29T17:33:05.4785963Z   key: Windows-frontend-plugin-artifacts-24.9.0-10.14.0
Java Distribution IT (windows-latest, temurin, 17)	UNKNOWN STEP	2025-10-29T17:33:05.4786242Z   enableCrossOsArchive: false
Java Distribution IT (windows-latest, temurin, 17)	UNKNOWN STEP	2025-10-29T17:33:05.4786438Z   fail-on-cache-miss: false
Java Distribution IT (windows-latest, temurin, 17)	UNKNOWN STEP	2025-10-29T17:33:05.4786622Z   lookup-only: false
Java Distribution IT (windows-latest, temurin, 17)	UNKNOWN STEP	2025-10-29T17:33:05.4786778Z   save-always: false
Java Distribution IT (windows-latest, temurin, 17)	UNKNOWN STEP	2025-10-29T17:33:05.4786941Z env:
Java Distribution IT (windows-latest, temurin, 17)	UNKNOWN STEP	2025-10-29T17:33:05.4787169Z   MAVEN_ARGS: -B -nsu -Daether.connector.http.connectionMaxTtl=25
Java Distribution IT (windows-latest, temurin, 17)	UNKNOWN STEP	2025-10-29T17:33:05.4787472Z   SUREFIRE_RERUN_FAILING_COUNT: 2
Java Distribution IT (windows-latest, temurin, 17)	UNKNOWN STEP	2025-10-29T17:33:05.4787720Z   SUREFIRE_RETRY: -Dsurefire.rerunFailingTestsCount=2
Java Distribution IT (windows-latest, temurin, 17)	UNKNOWN STEP	2025-10-29T17:33:05.4788080Z   JAVA_HOME: C:\hostedtoolcache\windows\Java_Temurin-Hotspot_jdk\17.0.16-8\x64
Java Distribution IT (windows-latest, temurin, 17)	UNKNOWN STEP	2025-10-29T17:33:05.4788521Z   JAVA_HOME_17_X64: C:\hostedtoolcache\windows\Java_Temurin-Hotspot_jdk\17.0.16-8\x64
Java Distribution IT (windows-latest, temurin, 17)	UNKNOWN STEP	2025-10-29T17:33:05.4788836Z ##[endgroup]
Java Distribution IT (windows-latest, temurin, 17)	UNKNOWN STEP	2025-10-29T17:33:05.9309190Z Cache hit for: Windows-frontend-plugin-artifacts-24.9.0-10.14.0
Java Distribution IT (windows-latest, temurin, 17)	UNKNOWN STEP	2025-10-29T17:33:07.1193952Z Received 92826586 of 92826586 (100.0%), 88.3 MBs/sec
Java Distribution IT (windows-latest, temurin, 17)	UNKNOWN STEP	2025-10-29T17:33:07.1197549Z Cache Size: ~89 MB (92826586 B)
Java Distribution IT (windows-latest, temurin, 17)	UNKNOWN STEP	2025-10-29T17:33:07.1230905Z [command]"C:\Program Files\Git\usr\bin\tar.exe" -xf D:/a/_temp/81e76d12-a242-483c-9f13-d4b9896f130f/cache.tzst -P -C D:/a/keycloak/keycloak --force-local --use-compress-program "zstd -d"
Java Distribution IT (windows-latest, temurin, 17)	UNKNOWN STEP	2025-10-29T17:33:07.7390987Z Cache restored successfully
Java Distribution IT (windows-latest, temurin, 17)	UNKNOWN STEP	2025-10-29T17:33:07.7590941Z Cache restored from key: Windows-frontend-plugin-artifacts-24.9.0-10.14.0
Java Distribution IT (windows-latest, temurin, 17)	UNKNOWN STEP	2025-10-29T17:33:07.7930972Z Prepare all required actions
Java Distribution IT (windows-latest, temurin, 17)	UNKNOWN STEP	2025-10-29T17:33:07.7931260Z Getting action download info
Java Distribution IT (windows-latest, temurin, 17)	UNKNOWN STEP	2025-10-29T17:33:07.9746315Z ##[group]Run ./.github/actions/pnpm-store-cache
Java Distribution IT (windows-latest, temurin, 17)	UNKNOWN STEP	2025-10-29T17:33:07.9746567Z env:
Java Distribution IT (windows-latest, temurin, 17)	UNKNOWN STEP	2025-10-29T17:33:07.9746807Z   MAVEN_ARGS: -B -nsu -Daether.connector.http.connectionMaxTtl=25
Java Distribution IT (windows-latest, temurin, 17)	UNKNOWN STEP	2025-10-29T17:33:07.9747299Z   SUREFIRE_RERUN_FAILING_COUNT: 2
Java Distribution IT (windows-latest, temurin, 17)	UNKNOWN STEP	2025-10-29T17:33:07.9747566Z   SUREFIRE_RETRY: -Dsurefire.rerunFailingTestsCount=2
Java Distribution IT (windows-latest, temurin, 17)	UNKNOWN STEP	2025-10-29T17:33:07.9747943Z   JAVA_HOME: C:\hostedtoolcache\windows\Java_Temurin-Hotspot_jdk\17.0.16-8\x64
Java Distribution IT (windows-latest, temurin, 17)	UNKNOWN STEP	2025-10-29T17:33:07.9748679Z   JAVA_HOME_17_X64: C:\hostedtoolcache\windows\Java_Temurin-Hotspot_jdk\17.0.16-8\x64
Java Distribution IT (windows-latest, temurin, 17)	UNKNOWN STEP	2025-10-29T17:33:07.9749022Z ##[endgroup]
Java Distribution IT (windows-latest, temurin, 17)	UNKNOWN STEP	2025-10-29T17:33:07.9884330Z ##[group]Run echo "key=pnpm-store-`date -u "+%Y-%U"`" >> $GITHUB_OUTPUT
Java Distribution IT (windows-latest, temurin, 17)	UNKNOWN STEP	2025-10-29T17:33:07.9885197Z [36;1mecho "key=pnpm-store-`date -u "+%Y-%U"`" >> $GITHUB_OUTPUT[0m
Java Distribution IT (windows-latest, temurin, 17)	UNKNOWN STEP	2025-10-29T17:33:07.9901992Z shell: C:\Program Files\Git\bin\bash.EXE --noprofile --norc -e -o pipefail {0}
Java Distribution IT (windows-latest, temurin, 17)	UNKNOWN STEP	2025-10-29T17:33:07.9902330Z env:
Java Distribution IT (windows-latest, temurin, 17)	UNKNOWN STEP	2025-10-29T17:33:07.9902584Z   MAVEN_ARGS: -B -nsu -Daether.connector.http.connectionMaxTtl=25
Java Distribution IT (windows-latest, temurin, 17)	UNKNOWN STEP	2025-10-29T17:33:07.9902907Z   SUREFIRE_RERUN_FAILING_COUNT: 2
Java Distribution IT (windows-latest, temurin, 17)	UNKNOWN STEP	2025-10-29T17:33:07.9903176Z   SUREFIRE_RETRY: -Dsurefire.rerunFailingTestsCount=2
Java Distribution IT (windows-latest, temurin, 17)	UNKNOWN STEP	2025-10-29T17:33:07.9903571Z   JAVA_HOME: C:\hostedtoolcache\windows\Java_Temurin-Hotspot_jdk\17.0.16-8\x64
Java Distribution IT (windows-latest, temurin, 17)	UNKNOWN STEP	2025-10-29T17:33:07.9904009Z   JAVA_HOME_17_X64: C:\hostedtoolcache\windows\Java_Temurin-Hotspot_jdk\17.0.16-8\x64
Java Distribution IT (windows-latest, temurin, 17)	UNKNOWN STEP	2025-10-29T17:33:07.9904333Z ##[endgroup]
Java Distribution IT (windows-latest, temurin, 17)	UNKNOWN STEP	2025-10-29T17:33:08.2902255Z ##[group]Run actions/cache@5a3ec84eff668545956fd18022155c47e93e2684
Java Distribution IT (windows-latest, temurin, 17)	UNKNOWN STEP	2025-10-29T17:33:08.2902763Z with:
Java Distribution IT (windows-latest, temurin, 17)	UNKNOWN STEP	2025-10-29T17:33:08.2903285Z   path: ~/.local/share/pnpm/store
Java Distribution IT (windows-latest, temurin, 17)	UNKNOWN STEP	~/AppData/Local/pnpm/store
Java Distribution IT (windows-latest, temurin, 17)	UNKNOWN STEP	~/Library/pnpm/store
Java Distribution IT (windows-latest, temurin, 17)	UNKNOWN STEP	
Java Distribution IT (windows-latest, temurin, 17)	UNKNOWN STEP	2025-10-29T17:33:08.2903943Z   key: Windows-pnpm-store-2025-43
Java Distribution IT (windows-latest, temurin, 17)	UNKNOWN STEP	2025-10-29T17:33:08.2904360Z   enableCrossOsArchive: false
Java Distribution IT (windows-latest, temurin, 17)	UNKNOWN STEP	2025-10-29T17:33:08.2904726Z   fail-on-cache-miss: false
Java Distribution IT (windows-latest, temurin, 17)	UNKNOWN STEP	2025-10-29T17:33:08.2905052Z   lookup-only: false
Java Distribution IT (windows-latest, temurin, 17)	UNKNOWN STEP	2025-10-29T17:33:08.2905358Z   save-always: false
Java Distribution IT (windows-latest, temurin, 17)	UNKNOWN STEP	2025-10-29T17:33:08.2905624Z env:
Java Distribution IT (windows-latest, temurin, 17)	UNKNOWN STEP	2025-10-29T17:33:08.2906032Z   MAVEN_ARGS: -B -nsu -Daether.connector.http.connectionMaxTtl=25
Java Distribution IT (windows-latest, temurin, 17)	UNKNOWN STEP	2025-10-29T17:33:08.2906579Z   SUREFIRE_RERUN_FAILING_COUNT: 2
Java Distribution IT (windows-latest, temurin, 17)	UNKNOWN STEP	2025-10-29T17:33:08.2907054Z   SUREFIRE_RETRY: -Dsurefire.rerunFailingTestsCount=2
Java Distribution IT (windows-latest, temurin, 17)	UNKNOWN STEP	2025-10-29T17:33:08.2907730Z   JAVA_HOME: C:\hostedtoolcache\windows\Java_Temurin-Hotspot_jdk\17.0.16-8\x64
Java Distribution IT (windows-latest, temurin, 17)	UNKNOWN STEP	2025-10-29T17:33:08.2908542Z   JAVA_HOME_17_X64: C:\hostedtoolcache\windows\Java_Temurin-Hotspot_jdk\17.0.16-8\x64
Java Distribution IT (windows-latest, temurin, 17)	UNKNOWN STEP	2025-10-29T17:33:08.2909602Z ##[endgroup]
Java Distribution IT (windows-latest, temurin, 17)	UNKNOWN STEP	2025-10-29T17:33:08.7549861Z Cache not found for input keys: Windows-pnpm-store-2025-43
Java Distribution IT (windows-latest, temurin, 17)	UNKNOWN STEP	2025-10-29T17:33:08.7812514Z ##[group]Run actions/download-artifact@d3f86a106a0bac45b974a628896c90dbdf5c8093
Java Distribution IT (windows-latest, temurin, 17)	UNKNOWN STEP	2025-10-29T17:33:08.7812854Z with:
Java Distribution IT (windows-latest, temurin, 17)	UNKNOWN STEP	2025-10-29T17:33:08.7813021Z   name: m2-keycloak.tzts
Java Distribution IT (windows-latest, temurin, 17)	UNKNOWN STEP	2025-10-29T17:33:08.7813207Z   merge-multiple: false
Java Distribution IT (windows-latest, temurin, 17)	UNKNOWN STEP	2025-10-29T17:33:08.7813401Z   repository: keycloak/keycloak
Java Distribution IT (windows-latest, temurin, 17)	UNKNOWN STEP	2025-10-29T17:33:08.7813588Z   run-id: 18916695693
Java Distribution IT (windows-latest, temurin, 17)	UNKNOWN STEP	2025-10-29T17:33:08.7813739Z env:
Java Distribution IT (windows-latest, temurin, 17)	UNKNOWN STEP	2025-10-29T17:33:08.7813972Z   MAVEN_ARGS: -B -nsu -Daether.connector.http.connectionMaxTtl=25
Java Distribution IT (windows-latest, temurin, 17)	UNKNOWN STEP	2025-10-29T17:33:08.7814281Z   SUREFIRE_RERUN_FAILING_COUNT: 2
Java Distribution IT (windows-latest, temurin, 17)	UNKNOWN STEP	2025-10-29T17:33:08.7814545Z   SUREFIRE_RETRY: -Dsurefire.rerunFailingTestsCount=2
Java Distribution IT (windows-latest, temurin, 17)	UNKNOWN STEP	2025-10-29T17:33:08.7814913Z   JAVA_HOME: C:\hostedtoolcache\windows\Java_Temurin-Hotspot_jdk\17.0.16-8\x64
Java Distribution IT (windows-latest, temurin, 17)	UNKNOWN STEP	2025-10-29T17:33:08.7815346Z   JAVA_HOME_17_X64: C:\hostedtoolcache\windows\Java_Temurin-Hotspot_jdk\17.0.16-8\x64
Java Distribution IT (windows-latest, temurin, 17)	UNKNOWN STEP	2025-10-29T17:33:08.7815671Z ##[endgroup]
Java Distribution IT (windows-latest, temurin, 17)	UNKNOWN STEP	2025-10-29T17:33:09.0423586Z Downloading single artifact
Java Distribution IT (windows-latest, temurin, 17)	UNKNOWN STEP	2025-10-29T17:33:09.2078964Z Preparing to download the following artifacts:
Java Distribution IT (windows-latest, temurin, 17)	UNKNOWN STEP	2025-10-29T17:33:09.2080060Z - m2-keycloak.tzts (ID: 4408895161, Size: 401953070, Expected Digest: sha256:764cab650eb0856cbb31a96f5d7fb92e937babf9e5aa1a1c104965b5c5c159b9)
Java Distribution IT (windows-latest, temurin, 17)	UNKNOWN STEP	2025-10-29T17:33:09.3214127Z Redirecting to blob download url: https://productionresultssa9.blob.core.windows.net/actions-results/8fd23c95-3313-4876-8a89-77ec097cb29b/workflow-job-run-2bfa217e-7369-5063-8c06-f41f2a8968a9/artifacts/edc4cfb0355d37e325eaae6eb235756b36f79720f66ece617babf28220e9d051.zip
Java Distribution IT (windows-latest, temurin, 17)	UNKNOWN STEP	2025-10-29T17:33:09.3216299Z Starting download of artifact to: D:\a\keycloak\keycloak
Java Distribution IT (windows-latest, temurin, 17)	UNKNOWN STEP	2025-10-29T17:33:09.5105773Z (node:8748) [DEP0005] DeprecationWarning: Buffer() is deprecated due to security and usability issues. Please use the Buffer.alloc(), Buffer.allocUnsafe(), or Buffer.from() methods instead.
Java Distribution IT (windows-latest, temurin, 17)	UNKNOWN STEP	2025-10-29T17:33:09.5107014Z (Use `node --trace-deprecation ...` to show where the warning was created)
Java Distribution IT (windows-latest, temurin, 17)	UNKNOWN STEP	2025-10-29T17:33:15.5181715Z SHA256 digest of downloaded artifact is 764cab650eb0856cbb31a96f5d7fb92e937babf9e5aa1a1c104965b5c5c159b9
Java Distribution IT (windows-latest, temurin, 17)	UNKNOWN STEP	2025-10-29T17:33:15.5182584Z Artifact download completed successfully.
Java Distribution IT (windows-latest, temurin, 17)	UNKNOWN STEP	2025-10-29T17:33:15.5183009Z Total of 1 artifact(s) downloaded
Java Distribution IT (windows-latest, temurin, 17)	UNKNOWN STEP	2025-10-29T17:33:15.5195149Z Download artifact has finished successfully
Java Distribution IT (windows-latest, temurin, 17)	UNKNOWN STEP	2025-10-29T17:33:15.5577919Z ##[group]Run if [ "$RUNNER_OS" == "Windows" ]; then
Java Distribution IT (windows-latest, temurin, 17)	UNKNOWN STEP	2025-10-29T17:33:15.5578451Z [36;1mif [ "$RUNNER_OS" == "Windows" ]; then[0m
Java Distribution IT (windows-latest, temurin, 17)	UNKNOWN STEP	2025-10-29T17:33:15.5579118Z [36;1m  # zstd binary might be missing in older versions, install only when necessary[0m
Java Distribution IT (windows-latest, temurin, 17)	UNKNOWN STEP	2025-10-29T17:33:15.5579843Z [36;1m  which zstd > /dev/null || choco install zstandard[0m
Java Distribution IT (windows-latest, temurin, 17)	UNKNOWN STEP	2025-10-29T17:33:15.5580333Z [36;1mfi[0m
Java Distribution IT (windows-latest, temurin, 17)	UNKNOWN STEP	2025-10-29T17:33:15.5580770Z [36;1mtar -C ~/ --use-compress-program="zstd -d" -xf m2-keycloak.tzts[0m
Java Distribution IT (windows-latest, temurin, 17)	UNKNOWN STEP	2025-10-29T17:33:15.5602194Z shell: C:\Program Files\Git\bin\bash.EXE --noprofile --norc -e -o pipefail {0}
Java Distribution IT (windows-latest, temurin, 17)	UNKNOWN STEP	2025-10-29T17:33:15.5602772Z env:
Java Distribution IT (windows-latest, temurin, 17)	UNKNOWN STEP	2025-10-29T17:33:15.5603189Z   MAVEN_ARGS: -B -nsu -Daether.connector.http.connectionMaxTtl=25
Java Distribution IT (windows-latest, temurin, 17)	UNKNOWN STEP	2025-10-29T17:33:15.5603738Z   SUREFIRE_RERUN_FAILING_COUNT: 2
Java Distribution IT (windows-latest, temurin, 17)	UNKNOWN STEP	2025-10-29T17:33:15.5604216Z   SUREFIRE_RETRY: -Dsurefire.rerunFailingTestsCount=2
Java Distribution IT (windows-latest, temurin, 17)	UNKNOWN STEP	2025-10-29T17:33:15.5604928Z   JAVA_HOME: C:\hostedtoolcache\windows\Java_Temurin-Hotspot_jdk\17.0.16-8\x64
Java Distribution IT (windows-latest, temurin, 17)	UNKNOWN STEP	2025-10-29T17:33:15.5605758Z   JAVA_HOME_17_X64: C:\hostedtoolcache\windows\Java_Temurin-Hotspot_jdk\17.0.16-8\x64
Java Distribution IT (windows-latest, temurin, 17)	UNKNOWN STEP	2025-10-29T17:33:15.5606335Z ##[endgroup]
Java Distribution IT (windows-latest, temurin, 17)	UNKNOWN STEP	2025-10-29T17:33:26.4285867Z ##[group]Run ./mvnw install -e -pl testsuite/integration-arquillian/servers/auth-server/quarkus
Java Distribution IT (windows-latest, temurin, 17)	UNKNOWN STEP	2025-10-29T17:33:26.4286535Z [36;1m./mvnw install -e -pl testsuite/integration-arquillian/servers/auth-server/quarkus[0m
Java Distribution IT (windows-latest, temurin, 17)	UNKNOWN STEP	2025-10-29T17:33:26.4301909Z shell: C:\Program Files\Git\bin\bash.EXE --noprofile --norc -e -o pipefail {0}
Java Distribution IT (windows-latest, temurin, 17)	UNKNOWN STEP	2025-10-29T17:33:26.4302256Z env:
Java Distribution IT (windows-latest, temurin, 17)	UNKNOWN STEP	2025-10-29T17:33:26.4302513Z   MAVEN_ARGS: -B -nsu -Daether.connector.http.connectionMaxTtl=25
Java Distribution IT (windows-latest, temurin, 17)	UNKNOWN STEP	2025-10-29T17:33:26.4302836Z   SUREFIRE_RERUN_FAILING_COUNT: 2
Java Distribution IT (windows-latest, temurin, 17)	UNKNOWN STEP	2025-10-29T17:33:26.4303115Z   SUREFIRE_RETRY: -Dsurefire.rerunFailingTestsCount=2
Java Distribution IT (windows-latest, temurin, 17)	UNKNOWN STEP	2025-10-29T17:33:26.4303509Z   JAVA_HOME: C:\hostedtoolcache\windows\Java_Temurin-Hotspot_jdk\17.0.16-8\x64
Java Distribution IT (windows-latest, temurin, 17)	UNKNOWN STEP	2025-10-29T17:33:26.4303957Z   JAVA_HOME_17_X64: C:\hostedtoolcache\windows\Java_Temurin-Hotspot_jdk\17.0.16-8\x64
Java Distribution IT (windows-latest, temurin, 17)	UNKNOWN STEP	2025-10-29T17:33:26.4304294Z ##[endgroup]
Java Distribution IT (windows-latest, temurin, 17)	UNKNOWN STEP	2025-10-29T17:34:44.5332650Z [INFO] Downloading from central: https://repo.maven.apache.org/maven2/org/apache/maven/extensions/maven-build-cache-extension/1.2.0/maven-build-cache-extension-1.2.0.pom
Java Distribution IT (windows-latest, temurin, 17)	UNKNOWN STEP	2025-10-29T17:35:13.3861691Z [ERROR] Error executing Maven.
Java Distribution IT (windows-latest, temurin, 17)	UNKNOWN STEP	2025-10-29T17:35:13.3865014Z org.apache.maven.cli.internal.ExtensionResolutionException: Extension org.apache.maven.extensions:maven-build-cache-extension:1.2.0 or one of its dependencies could not be resolved: Plugin org.apache.maven.extensions:maven-build-cache-extension:1.2.0 or one of its dependencies could not be resolved:
Java Distribution IT (windows-latest, temurin, 17)	UNKNOWN STEP	2025-10-29T17:35:13.3868151Z 	Failed to read artifact descriptor for org.apache.maven.extensions:maven-build-cache-extension:jar:1.2.0
Java Distribution IT (windows-latest, temurin, 17)	UNKNOWN STEP	2025-10-29T17:35:13.3869038Z 
Java Distribution IT (windows-latest, temurin, 17)	UNKNOWN STEP	2025-10-29T17:35:13.3870109Z     at org.apache.maven.cli.internal.BootstrapCoreExtensionManager.resolveExtension (BootstrapCoreExtensionManager.java:182)
Java Distribution IT (windows-latest, temurin, 17)	UNKNOWN STEP	2025-10-29T17:35:13.3872440Z     at org.apache.maven.cli.internal.BootstrapCoreExtensionManager.resolveCoreExtensions (BootstrapCoreExtensionManager.java:115)
Java Distribution IT (windows-latest, temurin, 17)	UNKNOWN STEP	2025-10-29T17:35:13.3879529Z     at org.apache.maven.cli.internal.BootstrapCoreExtensionManager.loadCoreExtensions (BootstrapCoreExtensionManager.java:99)
Java Distribution IT (windows-latest, temurin, 17)	UNKNOWN STEP	2025-10-29T17:35:13.3881977Z     at org.apache.maven.cli.MavenCli.loadCoreExtensions (MavenCli.java:753)
Java Distribution IT (windows-latest, temurin, 17)	UNKNOWN STEP	2025-10-29T17:35:13.3884477Z     at org.apache.maven.cli.MavenCli.container (MavenCli.java:624)
Java Distribution IT (windows-latest, temurin, 17)	UNKNOWN STEP	2025-10-29T17:35:13.3900792Z     at org.apache.maven.cli.MavenCli.doMain (MavenCli.java:274)
Java Distribution IT (windows-latest, temurin, 17)	UNKNOWN STEP	2025-10-29T17:35:13.3902536Z     at org.apache.maven.cli.MavenCli.main (MavenCli.java:203)
Java Distribution IT (windows-latest, temurin, 17)	UNKNOWN STEP	2025-10-29T17:35:13.3903491Z     at jdk.internal.reflect.NativeMethodAccessorImpl.invoke0 (Native Method)
Java Distribution IT (windows-latest, temurin, 17)	UNKNOWN STEP	2025-10-29T17:35:13.3904717Z     at jdk.internal.reflect.NativeMethodAccessorImpl.invoke (NativeMethodAccessorImpl.java:77)
Java Distribution IT (windows-latest, temurin, 17)	UNKNOWN STEP	2025-10-29T17:35:13.3906021Z     at jdk.internal.reflect.DelegatingMethodAccessorImpl.invoke (DelegatingMethodAccessorImpl.java:43)
Java Distribution IT (windows-latest, temurin, 17)	UNKNOWN STEP	2025-10-29T17:35:13.3907045Z     at java.lang.reflect.Method.invoke (Method.java:569)
Java Distribution IT (windows-latest, temurin, 17)	UNKNOWN STEP	2025-10-29T17:35:13.3907964Z     at org.codehaus.plexus.classworlds.launcher.Launcher.launchEnhanced (Launcher.java:255)
Java Distribution IT (windows-latest, temurin, 17)	UNKNOWN STEP	2025-10-29T17:35:13.3909088Z     at org.codehaus.plexus.classworlds.launcher.Launcher.launch (Launcher.java:201)
Java Distribution IT (windows-latest, temurin, 17)	UNKNOWN STEP	2025-10-29T17:35:13.3910189Z     at org.codehaus.plexus.classworlds.launcher.Launcher.mainWithExitCode (Launcher.java:361)
Java Distribution IT (windows-latest, temurin, 17)	UNKNOWN STEP	2025-10-29T17:35:13.3911295Z     at org.codehaus.plexus.classworlds.launcher.Launcher.main (Launcher.java:314)
Java Distribution IT (windows-latest, temurin, 17)	UNKNOWN STEP	2025-10-29T17:35:13.3913258Z Caused by: org.apache.maven.plugin.PluginResolutionException: Plugin org.apache.maven.extensions:maven-build-cache-extension:1.2.0 or one of its dependencies could not be resolved:
Java Distribution IT (windows-latest, temurin, 17)	UNKNOWN STEP	2025-10-29T17:35:13.3914969Z 	Failed to read artifact descriptor for org.apache.maven.extensions:maven-build-cache-extension:jar:1.2.0
Java Distribution IT (windows-latest, temurin, 17)	UNKNOWN STEP	2025-10-29T17:35:13.3915655Z 
Java Distribution IT (windows-latest, temurin, 17)	UNKNOWN STEP	2025-10-29T17:35:13.3916509Z     at org.apache.maven.plugin.internal.DefaultPluginDependenciesResolver.resolveInternal (DefaultPluginDependenciesResolver.java:224)
Java Distribution IT (windows-latest, temurin, 17)	UNKNOWN STEP	2025-10-29T17:35:13.3924421Z     at org.apache.maven.plugin.internal.DefaultPluginDependenciesResolver.resolveCoreExtension (DefaultPluginDependenciesResolver.java:157)
Java Distribution IT (windows-latest, temurin, 17)	UNKNOWN STEP	2025-10-29T17:35:13.3926351Z     at org.apache.maven.cli.internal.BootstrapCoreExtensionManager.resolveExtension (BootstrapCoreExtensionManager.java:174)
Java Distribution IT (windows-latest, temurin, 17)	UNKNOWN STEP	2025-10-29T17:35:13.3928097Z     at org.apache.maven.cli.internal.BootstrapCoreExtensionManager.resolveCoreExtensions (BootstrapCoreExtensionManager.java:115)
Java Distribution IT (windows-latest, temurin, 17)	UNKNOWN STEP	2025-10-29T17:35:13.3929803Z     at org.apache.maven.cli.internal.BootstrapCoreExtensionManager.loadCoreExtensions (BootstrapCoreExtensionManager.java:99)
Java Distribution IT (windows-latest, temurin, 17)	UNKNOWN STEP	2025-10-29T17:35:13.3931090Z     at org.apache.maven.cli.MavenCli.loadCoreExtensions (MavenCli.java:753)
Java Distribution IT (windows-latest, temurin, 17)	UNKNOWN STEP	2025-10-29T17:35:13.3932281Z     at org.apache.maven.cli.MavenCli.container (MavenCli.java:624)
Java Distribution IT (windows-latest, temurin, 17)	UNKNOWN STEP	2025-10-29T17:35:13.3933020Z     at org.apache.maven.cli.MavenCli.doMain (MavenCli.java:274)
Java Distribution IT (windows-latest, temurin, 17)	UNKNOWN STEP	2025-10-29T17:35:13.3933713Z     at org.apache.maven.cli.MavenCli.main (MavenCli.java:203)
Java Distribution IT (windows-latest, temurin, 17)	UNKNOWN STEP	2025-10-29T17:35:13.3934546Z     at jdk.internal.reflect.NativeMethodAccessorImpl.invoke0 (Native Method)
Java Distribution IT (windows-latest, temurin, 17)	UNKNOWN STEP	2025-10-29T17:35:13.3935619Z     at jdk.internal.reflect.NativeMethodAccessorImpl.invoke (NativeMethodAccessorImpl.java:77)
Java Distribution IT (windows-latest, temurin, 17)	UNKNOWN STEP	2025-10-29T17:35:13.3936884Z     at jdk.internal.reflect.DelegatingMethodAccessorImpl.invoke (DelegatingMethodAccessorImpl.java:43)
Java Distribution IT (windows-latest, temurin, 17)	UNKNOWN STEP	2025-10-29T17:35:13.3937893Z     at java.lang.reflect.Method.invoke (Method.java:569)
Java Distribution IT (windows-latest, temurin, 17)	UNKNOWN STEP	2025-10-29T17:35:13.3938781Z     at org.codehaus.plexus.classworlds.launcher.Launcher.launchEnhanced (Launcher.java:255)
Java Distribution IT (windows-latest, temurin, 17)	UNKNOWN STEP	2025-10-29T17:35:13.3939867Z     at org.codehaus.plexus.classworlds.launcher.Launcher.launch (Launcher.java:201)
Java Distribution IT (windows-latest, temurin, 17)	UNKNOWN STEP	2025-10-29T17:35:13.3940982Z     at org.codehaus.plexus.classworlds.launcher.Launcher.mainWithExitCode (Launcher.java:361)
Java Distribution IT (windows-latest, temurin, 17)	UNKNOWN STEP	2025-10-29T17:35:13.3942072Z     at org.codehaus.plexus.classworlds.launcher.Launcher.main (Launcher.java:314)
Java Distribution IT (windows-latest, temurin, 17)	UNKNOWN STEP	2025-10-29T17:35:13.4320522Z ##[error]Process completed with exit code 1.
Java Distribution IT (windows-latest, temurin, 17)	UNKNOWN STEP	2025-10-29T17:35:13.4515160Z Post job cleanup.
Java Distribution IT (windows-latest, temurin, 17)	UNKNOWN STEP	2025-10-29T17:35:13.4664973Z Post job cleanup.
Java Distribution IT (windows-latest, temurin, 17)	UNKNOWN STEP	2025-10-29T17:35:13.7258634Z Post job cleanup.
Java Distribution IT (windows-latest, temurin, 17)	UNKNOWN STEP	2025-10-29T17:35:13.9135372Z [command]"C:\Program Files\Git\bin\git.exe" version
Java Distribution IT (windows-latest, temurin, 17)	UNKNOWN STEP	2025-10-29T17:35:13.9410039Z git version 2.51.1.windows.1
Java Distribution IT (windows-latest, temurin, 17)	UNKNOWN STEP	2025-10-29T17:35:13.9484657Z Temporarily overriding HOME='D:\a\_temp\8616052f-d3ab-4e8d-af42-72b99908ae65' before making global git config changes
Java Distribution IT (windows-latest, temurin, 17)	UNKNOWN STEP	2025-10-29T17:35:13.9485736Z Adding repository directory to the temporary git global config as a safe directory
Java Distribution IT (windows-latest, temurin, 17)	UNKNOWN STEP	2025-10-29T17:35:13.9496873Z [command]"C:\Program Files\Git\bin\git.exe" config --global --add safe.directory D:\a\keycloak\keycloak
Java Distribution IT (windows-latest, temurin, 17)	UNKNOWN STEP	2025-10-29T17:35:13.9824891Z [command]"C:\Program Files\Git\bin\git.exe" config --local --name-only --get-regexp core\.sshCommand
Java Distribution IT (windows-latest, temurin, 17)	UNKNOWN STEP	2025-10-29T17:35:14.0148957Z [command]"C:\Program Files\Git\bin\git.exe" submodule foreach --recursive "sh -c \"git config --local --name-only --get-regexp 'core\.sshCommand' && git config --local --unset-all 'core.sshCommand' || :\""
Java Distribution IT (windows-latest, temurin, 17)	UNKNOWN STEP	2025-10-29T17:35:14.6361106Z [command]"C:\Program Files\Git\bin\git.exe" config --local --name-only --get-regexp http\.https\:\/\/github\.com\/\.extraheader
Java Distribution IT (windows-latest, temurin, 17)	UNKNOWN STEP	2025-10-29T17:35:14.6640751Z http.https://github.com/.extraheader
Java Distribution IT (windows-latest, temurin, 17)	UNKNOWN STEP	2025-10-29T17:35:14.6689698Z [command]"C:\Program Files\Git\bin\git.exe" config --local --unset-all http.https://github.com/.extraheader
Java Distribution IT (windows-latest, temurin, 17)	UNKNOWN STEP	2025-10-29T17:35:14.7005320Z [command]"C:\Program Files\Git\bin\git.exe" submodule foreach --recursive "sh -c \"git config --local --name-only --get-regexp 'http\.https\:\/\/github\.com\/\.extraheader' && git config --local --unset-all 'http.https://github.com/.extraheader' || :\""
Java Distribution IT (windows-latest, temurin, 17)	UNKNOWN STEP	2025-10-29T17:35:15.3078762Z Cleaning up orphan processes
Status Check - Keycloak CI	UNKNOWN STEP	ï»¿2025-10-29T18:40:23.7434584Z Current runner version: '2.328.0'
Status Check - Keycloak CI	UNKNOWN STEP	2025-10-29T18:40:23.7459269Z ##[group]Runner Image Provisioner
Status Check - Keycloak CI	UNKNOWN STEP	2025-10-29T18:40:23.7460236Z Hosted Compute Agent
Status Check - Keycloak CI	UNKNOWN STEP	2025-10-29T18:40:23.7460777Z Version: 20250912.392
Status Check - Keycloak CI	UNKNOWN STEP	2025-10-29T18:40:23.7461365Z Commit: d921fda672a98b64f4f82364647e2f10b2267d0b
Status Check - Keycloak CI	UNKNOWN STEP	2025-10-29T18:40:23.7462028Z Build Date: 2025-09-12T15:23:14Z
Status Check - Keycloak CI	UNKNOWN STEP	2025-10-29T18:40:23.7462681Z ##[endgroup]
Status Check - Keycloak CI	UNKNOWN STEP	2025-10-29T18:40:23.7463189Z ##[group]Operating System
Status Check - Keycloak CI	UNKNOWN STEP	2025-10-29T18:40:23.7463729Z Ubuntu
Status Check - Keycloak CI	UNKNOWN STEP	2025-10-29T18:40:23.7464235Z 24.04.3
Status Check - Keycloak CI	UNKNOWN STEP	2025-10-29T18:40:23.7464707Z LTS
Status Check - Keycloak CI	UNKNOWN STEP	2025-10-29T18:40:23.7465162Z ##[endgroup]
Status Check - Keycloak CI	UNKNOWN STEP	2025-10-29T18:40:23.7465698Z ##[group]Runner Image
Status Check - Keycloak CI	UNKNOWN STEP	2025-10-29T18:40:23.7466217Z Image: ubuntu-24.04
Status Check - Keycloak CI	UNKNOWN STEP	2025-10-29T18:40:23.7466695Z Version: 20250929.60.1
Status Check - Keycloak CI	UNKNOWN STEP	2025-10-29T18:40:23.7467743Z Included Software: https://github.com/actions/runner-images/blob/ubuntu24/20250929.60/images/ubuntu/Ubuntu2404-Readme.md
Status Check - Keycloak CI	UNKNOWN STEP	2025-10-29T18:40:23.7469660Z Image Release: https://github.com/actions/runner-images/releases/tag/ubuntu24%2F20250929.60
Status Check - Keycloak CI	UNKNOWN STEP	2025-10-29T18:40:23.7470711Z ##[endgroup]
Status Check - Keycloak CI	UNKNOWN STEP	2025-10-29T18:40:23.7471698Z ##[group]GITHUB_TOKEN Permissions
Status Check - Keycloak CI	UNKNOWN STEP	2025-10-29T18:40:23.7473952Z Contents: read
Status Check - Keycloak CI	UNKNOWN STEP	2025-10-29T18:40:23.7474518Z Metadata: read
Status Check - Keycloak CI	UNKNOWN STEP	2025-10-29T18:40:23.7474980Z ##[endgroup]
Status Check - Keycloak CI	UNKNOWN STEP	2025-10-29T18:40:23.7477046Z Secret source: None
Status Check - Keycloak CI	UNKNOWN STEP	2025-10-29T18:40:23.7478035Z Prepare workflow directory
Status Check - Keycloak CI	UNKNOWN STEP	2025-10-29T18:40:23.7888315Z Prepare all required actions
Status Check - Keycloak CI	UNKNOWN STEP	2025-10-29T18:40:23.7926489Z Getting action download info
Status Check - Keycloak CI	UNKNOWN STEP	2025-10-29T18:40:24.1063405Z Download action repository 'actions/checkout@08c6903cd8c0fde910a37f88322edcfb5dd907a8' (SHA:08c6903cd8c0fde910a37f88322edcfb5dd907a8)
Status Check - Keycloak CI	UNKNOWN STEP	2025-10-29T18:40:24.3608246Z Complete job name: Status Check - Keycloak CI
Status Check - Keycloak CI	UNKNOWN STEP	2025-10-29T18:40:24.4320964Z ##[group]Run actions/checkout@08c6903cd8c0fde910a37f88322edcfb5dd907a8
Status Check - Keycloak CI	UNKNOWN STEP	2025-10-29T18:40:24.4322060Z with:
Status Check - Keycloak CI	UNKNOWN STEP	2025-10-29T18:40:24.4322519Z   repository: keycloak/keycloak
Status Check - Keycloak CI	UNKNOWN STEP	2025-10-29T18:40:24.4323291Z   token: ***
Status Check - Keycloak CI	UNKNOWN STEP	2025-10-29T18:40:24.4323710Z   ssh-strict: true
Status Check - Keycloak CI	UNKNOWN STEP	2025-10-29T18:40:24.4324145Z   ssh-user: git
Status Check - Keycloak CI	UNKNOWN STEP	2025-10-29T18:40:24.4324610Z   persist-credentials: true
Status Check - Keycloak CI	UNKNOWN STEP	2025-10-29T18:40:24.4325101Z   clean: true
Status Check - Keycloak CI	UNKNOWN STEP	2025-10-29T18:40:24.4325534Z   sparse-checkout-cone-mode: true
Status Check - Keycloak CI	UNKNOWN STEP	2025-10-29T18:40:24.4326048Z   fetch-depth: 1
Status Check - Keycloak CI	UNKNOWN STEP	2025-10-29T18:40:24.4326457Z   fetch-tags: false
Status Check - Keycloak CI	UNKNOWN STEP	2025-10-29T18:40:24.4326905Z   show-progress: true
Status Check - Keycloak CI	UNKNOWN STEP	2025-10-29T18:40:24.4327340Z   lfs: false
Status Check - Keycloak CI	UNKNOWN STEP	2025-10-29T18:40:24.4327749Z   submodules: false
Status Check - Keycloak CI	UNKNOWN STEP	2025-10-29T18:40:24.4328196Z   set-safe-directory: true
Status Check - Keycloak CI	UNKNOWN STEP	2025-10-29T18:40:24.4329354Z env:
Status Check - Keycloak CI	UNKNOWN STEP	2025-10-29T18:40:24.4330000Z   MAVEN_ARGS: -B -nsu -Daether.connector.http.connectionMaxTtl=25
Status Check - Keycloak CI	UNKNOWN STEP	2025-10-29T18:40:24.4330735Z   SUREFIRE_RERUN_FAILING_COUNT: 2
Status Check - Keycloak CI	UNKNOWN STEP	2025-10-29T18:40:24.4331391Z   SUREFIRE_RETRY: -Dsurefire.rerunFailingTestsCount=2
Status Check - Keycloak CI	UNKNOWN STEP	2025-10-29T18:40:24.4332014Z ##[endgroup]
Status Check - Keycloak CI	UNKNOWN STEP	2025-10-29T18:40:24.5290010Z Syncing repository: keycloak/keycloak
Status Check - Keycloak CI	UNKNOWN STEP	2025-10-29T18:40:24.5291879Z ##[group]Getting Git version info
Status Check - Keycloak CI	UNKNOWN STEP	2025-10-29T18:40:24.5292640Z Working directory is '/home/runner/work/keycloak/keycloak'
Status Check - Keycloak CI	UNKNOWN STEP	2025-10-29T18:40:24.5293661Z [command]/usr/bin/git version
Status Check - Keycloak CI	UNKNOWN STEP	2025-10-29T18:40:24.5372213Z git version 2.51.0
Status Check - Keycloak CI	UNKNOWN STEP	2025-10-29T18:40:24.5394840Z ##[endgroup]
Status Check - Keycloak CI	UNKNOWN STEP	2025-10-29T18:40:24.5410792Z Temporarily overriding HOME='/home/runner/work/_temp/8e8062ca-0262-47ca-b0d7-ad597219f07e' before making global git config changes
Status Check - Keycloak CI	UNKNOWN STEP	2025-10-29T18:40:24.5412899Z Adding repository directory to the temporary git global config as a safe directory
Status Check - Keycloak CI	UNKNOWN STEP	2025-10-29T18:40:24.5417108Z [command]/usr/bin/git config --global --add safe.directory /home/runner/work/keycloak/keycloak
Status Check - Keycloak CI	UNKNOWN STEP	2025-10-29T18:40:24.5459532Z Deleting the contents of '/home/runner/work/keycloak/keycloak'
Status Check - Keycloak CI	UNKNOWN STEP	2025-10-29T18:40:24.5463668Z ##[group]Initializing the repository
Status Check - Keycloak CI	UNKNOWN STEP	2025-10-29T18:40:24.5469192Z [command]/usr/bin/git init /home/runner/work/keycloak/keycloak
Status Check - Keycloak CI	UNKNOWN STEP	2025-10-29T18:40:24.5576353Z hint: Using 'master' as the name for the initial branch. This default branch name
Status Check - Keycloak CI	UNKNOWN STEP	2025-10-29T18:40:24.5578280Z hint: is subject to change. To configure the initial branch name to use in all
Status Check - Keycloak CI	UNKNOWN STEP	2025-10-29T18:40:24.5580114Z hint: of your new repositories, which will suppress this warning, call:
Status Check - Keycloak CI	UNKNOWN STEP	2025-10-29T18:40:24.5581706Z hint:
Status Check - Keycloak CI	UNKNOWN STEP	2025-10-29T18:40:24.5582294Z hint: 	git config --global init.defaultBranch <name>
Status Check - Keycloak CI	UNKNOWN STEP	2025-10-29T18:40:24.5582909Z hint:
Status Check - Keycloak CI	UNKNOWN STEP	2025-10-29T18:40:24.5583498Z hint: Names commonly chosen instead of 'master' are 'main', 'trunk' and
Status Check - Keycloak CI	UNKNOWN STEP	2025-10-29T18:40:24.5584445Z hint: 'development'. The just-created branch can be renamed via this command:
Status Check - Keycloak CI	UNKNOWN STEP	2025-10-29T18:40:24.5585180Z hint:
Status Check - Keycloak CI	UNKNOWN STEP	2025-10-29T18:40:24.5585599Z hint: 	git branch -m <name>
Status Check - Keycloak CI	UNKNOWN STEP	2025-10-29T18:40:24.5586081Z hint:
Status Check - Keycloak CI	UNKNOWN STEP	2025-10-29T18:40:24.5586704Z hint: Disable this message with "git config set advice.defaultBranchName false"
Status Check - Keycloak CI	UNKNOWN STEP	2025-10-29T18:40:24.5588323Z Initialized empty Git repository in /home/runner/work/keycloak/keycloak/.git/
Status Check - Keycloak CI	UNKNOWN STEP	2025-10-29T18:40:24.5593627Z [command]/usr/bin/git remote add origin https://github.com/keycloak/keycloak
Status Check - Keycloak CI	UNKNOWN STEP	2025-10-29T18:40:24.5638237Z ##[endgroup]
Status Check - Keycloak CI	UNKNOWN STEP	2025-10-29T18:40:24.5639304Z ##[group]Disabling automatic garbage collection
Status Check - Keycloak CI	UNKNOWN STEP	2025-10-29T18:40:24.5642522Z [command]/usr/bin/git config --local gc.auto 0
Status Check - Keycloak CI	UNKNOWN STEP	2025-10-29T18:40:24.5671760Z ##[endgroup]
Status Check - Keycloak CI	UNKNOWN STEP	2025-10-29T18:40:24.5672486Z ##[group]Setting up auth
Status Check - Keycloak CI	UNKNOWN STEP	2025-10-29T18:40:24.5679596Z [command]/usr/bin/git config --local --name-only --get-regexp core\.sshCommand
Status Check - Keycloak CI	UNKNOWN STEP	2025-10-29T18:40:24.5712017Z [command]/usr/bin/git submodule foreach --recursive sh -c "git config --local --name-only --get-regexp 'core\.sshCommand' && git config --local --unset-all 'core.sshCommand' || :"
Status Check - Keycloak CI	UNKNOWN STEP	2025-10-29T18:40:24.6086520Z [command]/usr/bin/git config --local --name-only --get-regexp http\.https\:\/\/github\.com\/\.extraheader
Status Check - Keycloak CI	UNKNOWN STEP	2025-10-29T18:40:24.6120784Z [command]/usr/bin/git submodule foreach --recursive sh -c "git config --local --name-only --get-regexp 'http\.https\:\/\/github\.com\/\.extraheader' && git config --local --unset-all 'http.https://github.com/.extraheader' || :"
Status Check - Keycloak CI	UNKNOWN STEP	2025-10-29T18:40:24.6355979Z [command]/usr/bin/git config --local http.https://github.com/.extraheader AUTHORIZATION: basic ***
Status Check - Keycloak CI	UNKNOWN STEP	2025-10-29T18:40:24.6396564Z ##[endgroup]
Status Check - Keycloak CI	UNKNOWN STEP	2025-10-29T18:40:24.6397523Z ##[group]Fetching the repository
Status Check - Keycloak CI	UNKNOWN STEP	2025-10-29T18:40:24.6407578Z [command]/usr/bin/git -c protocol.version=2 fetch --no-tags --prune --no-recurse-submodules --depth=1 origin +2d6a8c2368874c2608bb5bb21f151d600f749adf:refs/remotes/pull/43740/merge
Status Check - Keycloak CI	UNKNOWN STEP	2025-10-29T18:40:26.5870463Z From https://github.com/keycloak/keycloak
Status Check - Keycloak CI	UNKNOWN STEP	2025-10-29T18:40:26.5873307Z  * [new ref]         2d6a8c2368874c2608bb5bb21f151d600f749adf -> pull/43740/merge
Status Check - Keycloak CI	UNKNOWN STEP	2025-10-29T18:40:26.5906623Z ##[endgroup]
Status Check - Keycloak CI	UNKNOWN STEP	2025-10-29T18:40:26.5907728Z ##[group]Determining the checkout info
Status Check - Keycloak CI	UNKNOWN STEP	2025-10-29T18:40:26.5909483Z ##[endgroup]
Status Check - Keycloak CI	UNKNOWN STEP	2025-10-29T18:40:26.5915587Z [command]/usr/bin/git sparse-checkout disable
Status Check - Keycloak CI	UNKNOWN STEP	2025-10-29T18:40:26.5962655Z [command]/usr/bin/git config --local --unset-all extensions.worktreeConfig
Status Check - Keycloak CI	UNKNOWN STEP	2025-10-29T18:40:26.5992842Z ##[group]Checking out the ref
Status Check - Keycloak CI	UNKNOWN STEP	2025-10-29T18:40:26.5997108Z [command]/usr/bin/git checkout --progress --force refs/remotes/pull/43740/merge
Status Check - Keycloak CI	UNKNOWN STEP	2025-10-29T18:40:27.6379741Z Note: switching to 'refs/remotes/pull/43740/merge'.
Status Check - Keycloak CI	UNKNOWN STEP	2025-10-29T18:40:27.6380620Z 
Status Check - Keycloak CI	UNKNOWN STEP	2025-10-29T18:40:27.6381129Z You are in 'detached HEAD' state. You can look around, make experimental
Status Check - Keycloak CI	UNKNOWN STEP	2025-10-29T18:40:27.6382175Z changes and commit them, and you can discard any commits you make in this
Status Check - Keycloak CI	UNKNOWN STEP	2025-10-29T18:40:27.6383097Z state without impacting any branches by switching back to a branch.
Status Check - Keycloak CI	UNKNOWN STEP	2025-10-29T18:40:27.6383653Z 
Status Check - Keycloak CI	UNKNOWN STEP	2025-10-29T18:40:27.6384043Z If you want to create a new branch to retain commits you create, you may
Status Check - Keycloak CI	UNKNOWN STEP	2025-10-29T18:40:27.6384870Z do so (now or later) by using -c with the switch command. Example:
Status Check - Keycloak CI	UNKNOWN STEP	2025-10-29T18:40:27.6385351Z 
Status Check - Keycloak CI	UNKNOWN STEP	2025-10-29T18:40:27.6385563Z   git switch -c <new-branch-name>
Status Check - Keycloak CI	UNKNOWN STEP	2025-10-29T18:40:27.6385902Z 
Status Check - Keycloak CI	UNKNOWN STEP	2025-10-29T18:40:27.6386144Z Or undo this operation with:
Status Check - Keycloak CI	UNKNOWN STEP	2025-10-29T18:40:27.6386463Z 
Status Check - Keycloak CI	UNKNOWN STEP	2025-10-29T18:40:27.6386627Z   git switch -
Status Check - Keycloak CI	UNKNOWN STEP	2025-10-29T18:40:27.6386905Z 
Status Check - Keycloak CI	UNKNOWN STEP	2025-10-29T18:40:27.6387298Z Turn off this advice by setting config variable advice.detachedHead to false
Status Check - Keycloak CI	UNKNOWN STEP	2025-10-29T18:40:27.6387904Z 
Status Check - Keycloak CI	UNKNOWN STEP	2025-10-29T18:40:27.6388710Z HEAD is now at 2d6a8c2 Merge 3fc1de8d340b85b6d66daa88a338db6646f358cc into ccc75688790a6df235a7ef45a2a1a42673e1b123
Status Check - Keycloak CI	UNKNOWN STEP	2025-10-29T18:40:27.6408078Z ##[endgroup]
Status Check - Keycloak CI	UNKNOWN STEP	2025-10-29T18:40:27.6457037Z [command]/usr/bin/git log -1 --format=%H
Status Check - Keycloak CI	UNKNOWN STEP	2025-10-29T18:40:27.6482751Z 2d6a8c2368874c2608bb5bb21f151d600f749adf
Status Check - Keycloak CI	UNKNOWN STEP	2025-10-29T18:40:27.6762318Z Prepare all required actions
Status Check - Keycloak CI	UNKNOWN STEP	2025-10-29T18:40:27.6842635Z ##[group]Run ./.github/actions/status-check
Status Check - Keycloak CI	UNKNOWN STEP	2025-10-29T18:40:27.6842985Z with:
Status Check - Keycloak CI	UNKNOWN STEP	2025-10-29T18:40:27.6847753Z   jobs: {
Status Check - Keycloak CI	UNKNOWN STEP	  "conditional": {
Status Check - Keycloak CI	UNKNOWN STEP	    "result": "success",
Status Check - Keycloak CI	UNKNOWN STEP	    "outputs": {
Status Check - Keycloak CI	UNKNOWN STEP	      "ci-store": "true",
Status Check - Keycloak CI	UNKNOWN STEP	      "ci-sssd": "false",
Status Check - Keycloak CI	UNKNOWN STEP	      "ci-webauthn": "true",
Status Check - Keycloak CI	UNKNOWN STEP	      "ci-aurora": "false",
Status Check - Keycloak CI	UNKNOWN STEP	      "ci-compatibility-matrix": "skip",
Status Check - Keycloak CI	UNKNOWN STEP	      "ci-additional-dbs": "false",
Status Check - Keycloak CI	UNKNOWN STEP	      "ci": "true",
Status Check - Keycloak CI	UNKNOWN STEP	      "ci-quarkus": "false"
Status Check - Keycloak CI	UNKNOWN STEP	    }
Status Check - Keycloak CI	UNKNOWN STEP	  },
Status Check - Keycloak CI	UNKNOWN STEP	  "build": {
Status Check - Keycloak CI	UNKNOWN STEP	    "result": "success",
Status Check - Keycloak CI	UNKNOWN STEP	    "outputs": {}
Status Check - Keycloak CI	UNKNOWN STEP	  },
Status Check - Keycloak CI	UNKNOWN STEP	  "unit-tests": {
Status Check - Keycloak CI	UNKNOWN STEP	    "result": "success",
Status Check - Keycloak CI	UNKNOWN STEP	    "outputs": {}
Status Check - Keycloak CI	UNKNOWN STEP	  },
Status Check - Keycloak CI	UNKNOWN STEP	  "base-integration-tests": {
Status Check - Keycloak CI	UNKNOWN STEP	    "result": "success",
Status Check - Keycloak CI	UNKNOWN STEP	    "outputs": {}
Status Check - Keycloak CI	UNKNOWN STEP	  },
Status Check - Keycloak CI	UNKNOWN STEP	  "adapter-integration-tests": {
Status Check - Keycloak CI	UNKNOWN STEP	    "result": "success",
Status Check - Keycloak CI	UNKNOWN STEP	    "outputs": {}
Status Check - Keycloak CI	UNKNOWN STEP	  },
Status Check - Keycloak CI	UNKNOWN STEP	  "adapter-integration-tests-strict-cookies": {
Status Check - Keycloak CI	UNKNOWN STEP	    "result": "success",
Status Check - Keycloak CI	UNKNOWN STEP	    "outputs": {}
Status Check - Keycloak CI	UNKNOWN STEP	  },
Status Check - Keycloak CI	UNKNOWN STEP	  "quarkus-unit-tests": {
Status Check - Keycloak CI	UNKNOWN STEP	    "result": "skipped",
Status Check - Keycloak CI	UNKNOWN STEP	    "outputs": {}
Status Check - Keycloak CI	UNKNOWN STEP	  },
Status Check - Keycloak CI	UNKNOWN STEP	  "quarkus-integration-tests": {
Status Check - Keycloak CI	UNKNOWN STEP	    "result": "success",
Status Check - Keycloak CI	UNKNOWN STEP	    "outputs": {}
Status Check - Keycloak CI	UNKNOWN STEP	  },
Status Check - Keycloak CI	UNKNOWN STEP	  "jdk-integration-tests": {
Status Check - Keycloak CI	UNKNOWN STEP	    "result": "failure",
Status Check - Keycloak CI	UNKNOWN STEP	    "outputs": {}
Status Check - Keycloak CI	UNKNOWN STEP	  },
Status Check - Keycloak CI	UNKNOWN STEP	  "store-integration-tests": {
Status Check - Keycloak CI	UNKNOWN STEP	    "result": "success",
Status Check - Keycloak CI	UNKNOWN STEP	    "outputs": {}
Status Check - Keycloak CI	UNKNOWN STEP	  },
Status Check - Keycloak CI	UNKNOWN STEP	  "volatile-sessions-tests": {
Status Check - Keycloak CI	UNKNOWN STEP	    "result": "success",
Status Check - Keycloak CI	UNKNOWN STEP	    "outputs": {}
Status Check - Keycloak CI	UNKNOWN STEP	  },
Status Check - Keycloak CI	UNKNOWN STEP	  "store-model-tests": {
Status Check - Keycloak CI	UNKNOWN STEP	    "result": "success",
Status Check - Keycloak CI	UNKNOWN STEP	    "outputs": {}
Status Check - Keycloak CI	UNKNOWN STEP	  },
Status Check - Keycloak CI	UNKNOWN STEP	  "clustering-integration-tests": {
Status Check - Keycloak CI	UNKNOWN STEP	    "result": "success",
Status Check - Keycloak CI	UNKNOWN STEP	    "outputs": {}
Status Check - Keycloak CI	UNKNOWN STEP	  },
Status Check - Keycloak CI	UNKNOWN STEP	  "fips-unit-tests": {
Status Check - Keycloak CI	UNKNOWN STEP	    "result": "success",
Status Check - Keycloak CI	UNKNOWN STEP	    "outputs": {}
Status Check - Keycloak CI	UNKNOWN STEP	  },
Status Check - Keycloak CI	UNKNOWN STEP	  "fips-integration-tests": {
Status Check - Keycloak CI	UNKNOWN STEP	    "result": "success",
Status Check - Keycloak CI	UNKNOWN STEP	    "outputs": {}
Status Check - Keycloak CI	UNKNOWN STEP	  },
Status Check - Keycloak CI	UNKNOWN STEP	  "forms-integration-tests": {
Status Check - Keycloak CI	UNKNOWN STEP	    "result": "success",
Status Check - Keycloak CI	UNKNOWN STEP	    "outputs": {}
Status Check - Keycloak CI	UNKNOWN STEP	  },
Status Check - Keycloak CI	UNKNOWN STEP	  "webauthn-integration-tests": {
Status Check - Keycloak CI	UNKNOWN STEP	    "result": "success",
Status Check - Keycloak CI	UNKNOWN STEP	    "outputs": {}
Status Check - Keycloak CI	UNKNOWN STEP	  },
Status Check - Keycloak CI	UNKNOWN STEP	  "sssd-unit-tests": {
Status Check - Keycloak CI	UNKNOWN STEP	    "result": "skipped",
Status Check - Keycloak CI	UNKNOWN STEP	    "outputs": {}
Status Check - Keycloak CI	UNKNOWN STEP	  },
Status Check - Keycloak CI	UNKNOWN STEP	  "migration-tests": {
Status Check - Keycloak CI	UNKNOWN STEP	    "result": "success",
Status Check - Keycloak CI	UNKNOWN STEP	    "outputs": {}
Status Check - Keycloak CI	UNKNOWN STEP	  },
Status Check - Keycloak CI	UNKNOWN STEP	  "external-infinispan-tests": {
Status Check - Keycloak CI	UNKNOWN STEP	    "result": "success",
Status Check - Keycloak CI	UNKNOWN STEP	    "outputs": {}
Status Check - Keycloak CI	UNKNOWN STEP	  },
Status Check - Keycloak CI	UNKNOWN STEP	  "test-framework": {
Status Check - Keycloak CI	UNKNOWN STEP	    "result": "success",
Status Check - Keycloak CI	UNKNOWN STEP	    "outputs": {}
Status Check - Keycloak CI	UNKNOWN STEP	  },
Status Check - Keycloak CI	UNKNOWN STEP	  "base-new-integration-tests": {
Status Check - Keycloak CI	UNKNOWN STEP	    "result": "success",
Status Check - Keycloak CI	UNKNOWN STEP	    "outputs": {}
Status Check - Keycloak CI	UNKNOWN STEP	  },
Status Check - Keycloak CI	UNKNOWN STEP	  "mixed-cluster-compatibility-tests": {
Status Check - Keycloak CI	UNKNOWN STEP	    "result": "skipped",
Status Check - Keycloak CI	UNKNOWN STEP	    "outputs": {}
Status Check - Keycloak CI	UNKNOWN STEP	  }
Status Check - Keycloak CI	UNKNOWN STEP	}
Status Check - Keycloak CI	UNKNOWN STEP	2025-10-29T18:40:27.6852954Z env:
Status Check - Keycloak CI	UNKNOWN STEP	2025-10-29T18:40:27.6853298Z   MAVEN_ARGS: -B -nsu -Daether.connector.http.connectionMaxTtl=25
Status Check - Keycloak CI	UNKNOWN STEP	2025-10-29T18:40:27.6853705Z   SUREFIRE_RERUN_FAILING_COUNT: 2
Status Check - Keycloak CI	UNKNOWN STEP	2025-10-29T18:40:27.6854070Z   SUREFIRE_RETRY: -Dsurefire.rerunFailingTestsCount=2
Status Check - Keycloak CI	UNKNOWN STEP	2025-10-29T18:40:27.6854394Z ##[endgroup]
Status Check - Keycloak CI	UNKNOWN STEP	2025-10-29T18:40:27.6961937Z ##[group]Run JOBS='{
Status Check - Keycloak CI	UNKNOWN STEP	2025-10-29T18:40:27.6962327Z [36;1mJOBS='{[0m
Status Check - Keycloak CI	UNKNOWN STEP	2025-10-29T18:40:27.6962575Z [36;1m  "conditional": {[0m
Status Check - Keycloak CI	UNKNOWN STEP	2025-10-29T18:40:27.6962858Z [36;1m    "result": "success",[0m
Status Check - Keycloak CI	UNKNOWN STEP	2025-10-29T18:40:27.6963134Z [36;1m    "outputs": {[0m
Status Check - Keycloak CI	UNKNOWN STEP	2025-10-29T18:40:27.6963462Z [36;1m      "ci-store": "true",[0m
Status Check - Keycloak CI	UNKNOWN STEP	2025-10-29T18:40:27.6963741Z [36;1m      "ci-sssd": "false",[0m
Status Check - Keycloak CI	UNKNOWN STEP	2025-10-29T18:40:27.6964013Z [36;1m      "ci-webauthn": "true",[0m
Status Check - Keycloak CI	UNKNOWN STEP	2025-10-29T18:40:27.6964317Z [36;1m      "ci-aurora": "false",[0m
Status Check - Keycloak CI	UNKNOWN STEP	2025-10-29T18:40:27.6964652Z [36;1m      "ci-compatibility-matrix": "skip",[0m
Status Check - Keycloak CI	UNKNOWN STEP	2025-10-29T18:40:27.6965002Z [36;1m      "ci-additional-dbs": "false",[0m
Status Check - Keycloak CI	UNKNOWN STEP	2025-10-29T18:40:27.6965298Z [36;1m      "ci": "true",[0m
Status Check - Keycloak CI	UNKNOWN STEP	2025-10-29T18:40:27.6965562Z [36;1m      "ci-quarkus": "false"[0m
Status Check - Keycloak CI	UNKNOWN STEP	2025-10-29T18:40:27.6965825Z [36;1m    }[0m
Status Check - Keycloak CI	UNKNOWN STEP	2025-10-29T18:40:27.6966035Z [36;1m  },[0m
Status Check - Keycloak CI	UNKNOWN STEP	2025-10-29T18:40:27.6966245Z [36;1m  "build": {[0m
Status Check - Keycloak CI	UNKNOWN STEP	2025-10-29T18:40:27.6966478Z [36;1m    "result": "success",[0m
Status Check - Keycloak CI	UNKNOWN STEP	2025-10-29T18:40:27.6966745Z [36;1m    "outputs": {}[0m
Status Check - Keycloak CI	UNKNOWN STEP	2025-10-29T18:40:27.6966979Z [36;1m  },[0m
Status Check - Keycloak CI	UNKNOWN STEP	2025-10-29T18:40:27.6967193Z [36;1m  "unit-tests": {[0m
Status Check - Keycloak CI	UNKNOWN STEP	2025-10-29T18:40:27.6967444Z [36;1m    "result": "success",[0m
Status Check - Keycloak CI	UNKNOWN STEP	2025-10-29T18:40:27.6967710Z [36;1m    "outputs": {}[0m
Status Check - Keycloak CI	UNKNOWN STEP	2025-10-29T18:40:27.6968139Z [36;1m  },[0m
Status Check - Keycloak CI	UNKNOWN STEP	2025-10-29T18:40:27.6968373Z [36;1m  "base-integration-tests": {[0m
Status Check - Keycloak CI	UNKNOWN STEP	2025-10-29T18:40:27.6969006Z [36;1m    "result": "success",[0m
Status Check - Keycloak CI	UNKNOWN STEP	2025-10-29T18:40:27.6969298Z [36;1m    "outputs": {}[0m
Status Check - Keycloak CI	UNKNOWN STEP	2025-10-29T18:40:27.6969727Z [36;1m  },[0m
Status Check - Keycloak CI	UNKNOWN STEP	2025-10-29T18:40:27.6969973Z [36;1m  "adapter-integration-tests": {[0m
Status Check - Keycloak CI	UNKNOWN STEP	2025-10-29T18:40:27.6970268Z [36;1m    "result": "success",[0m
Status Check - Keycloak CI	UNKNOWN STEP	2025-10-29T18:40:27.6970523Z [36;1m    "outputs": {}[0m
Status Check - Keycloak CI	UNKNOWN STEP	2025-10-29T18:40:27.6970752Z [36;1m  },[0m
Status Check - Keycloak CI	UNKNOWN STEP	2025-10-29T18:40:27.6971031Z [36;1m  "adapter-integration-tests-strict-cookies": {[0m
Status Check - Keycloak CI	UNKNOWN STEP	2025-10-29T18:40:27.6971373Z [36;1m    "result": "success",[0m
Status Check - Keycloak CI	UNKNOWN STEP	2025-10-29T18:40:27.6971628Z [36;1m    "outputs": {}[0m
Status Check - Keycloak CI	UNKNOWN STEP	2025-10-29T18:40:27.6971861Z [36;1m  },[0m
Status Check - Keycloak CI	UNKNOWN STEP	2025-10-29T18:40:27.6972091Z [36;1m  "quarkus-unit-tests": {[0m
Status Check - Keycloak CI	UNKNOWN STEP	2025-10-29T18:40:27.6972362Z [36;1m    "result": "skipped",[0m
Status Check - Keycloak CI	UNKNOWN STEP	2025-10-29T18:40:27.6972623Z [36;1m    "outputs": {}[0m
Status Check - Keycloak CI	UNKNOWN STEP	2025-10-29T18:40:27.6972857Z [36;1m  },[0m
Status Check - Keycloak CI	UNKNOWN STEP	2025-10-29T18:40:27.6973092Z [36;1m  "quarkus-integration-tests": {[0m
Status Check - Keycloak CI	UNKNOWN STEP	2025-10-29T18:40:27.6973378Z [36;1m    "result": "success",[0m
Status Check - Keycloak CI	UNKNOWN STEP	2025-10-29T18:40:27.6973637Z [36;1m    "outputs": {}[0m
Status Check - Keycloak CI	UNKNOWN STEP	2025-10-29T18:40:27.6973897Z [36;1m  },[0m
Status Check - Keycloak CI	UNKNOWN STEP	2025-10-29T18:40:27.6974162Z [36;1m  "jdk-integration-tests": {[0m
Status Check - Keycloak CI	UNKNOWN STEP	2025-10-29T18:40:27.6974444Z [36;1m    "result": "failure",[0m
Status Check - Keycloak CI	UNKNOWN STEP	2025-10-29T18:40:27.6974696Z [36;1m    "outputs": {}[0m
Status Check - Keycloak CI	UNKNOWN STEP	2025-10-29T18:40:27.6974933Z [36;1m  },[0m
Status Check - Keycloak CI	UNKNOWN STEP	2025-10-29T18:40:27.6975156Z [36;1m  "store-integration-tests": {[0m
Status Check - Keycloak CI	UNKNOWN STEP	2025-10-29T18:40:27.6975445Z [36;1m    "result": "success",[0m
Status Check - Keycloak CI	UNKNOWN STEP	2025-10-29T18:40:27.6975706Z [36;1m    "outputs": {}[0m
Status Check - Keycloak CI	UNKNOWN STEP	2025-10-29T18:40:27.6975933Z [36;1m  },[0m
Status Check - Keycloak CI	UNKNOWN STEP	2025-10-29T18:40:27.6976166Z [36;1m  "volatile-sessions-tests": {[0m
Status Check - Keycloak CI	UNKNOWN STEP	2025-10-29T18:40:27.6976446Z [36;1m    "result": "success",[0m
Status Check - Keycloak CI	UNKNOWN STEP	2025-10-29T18:40:27.6976705Z [36;1m    "outputs": {}[0m
Status Check - Keycloak CI	UNKNOWN STEP	2025-10-29T18:40:27.6976933Z [36;1m  },[0m
Status Check - Keycloak CI	UNKNOWN STEP	2025-10-29T18:40:27.6977153Z [36;1m  "store-model-tests": {[0m
Status Check - Keycloak CI	UNKNOWN STEP	2025-10-29T18:40:27.6977414Z [36;1m    "result": "success",[0m
Status Check - Keycloak CI	UNKNOWN STEP	2025-10-29T18:40:27.6977685Z [36;1m    "outputs": {}[0m
Status Check - Keycloak CI	UNKNOWN STEP	2025-10-29T18:40:27.6977917Z [36;1m  },[0m
Status Check - Keycloak CI	UNKNOWN STEP	2025-10-29T18:40:27.6978154Z [36;1m  "clustering-integration-tests": {[0m
Status Check - Keycloak CI	UNKNOWN STEP	2025-10-29T18:40:27.6978458Z [36;1m    "result": "success",[0m
Status Check - Keycloak CI	UNKNOWN STEP	2025-10-29T18:40:27.6979056Z [36;1m    "outputs": {}[0m
Status Check - Keycloak CI	UNKNOWN STEP	2025-10-29T18:40:27.6979300Z [36;1m  },[0m
Status Check - Keycloak CI	UNKNOWN STEP	2025-10-29T18:40:27.6979513Z [36;1m  "fips-unit-tests": {[0m
Status Check - Keycloak CI	UNKNOWN STEP	2025-10-29T18:40:27.6979775Z [36;1m    "result": "success",[0m
Status Check - Keycloak CI	UNKNOWN STEP	2025-10-29T18:40:27.6980024Z [36;1m    "outputs": {}[0m
Status Check - Keycloak CI	UNKNOWN STEP	2025-10-29T18:40:27.6980250Z [36;1m  },[0m
Status Check - Keycloak CI	UNKNOWN STEP	2025-10-29T18:40:27.6980471Z [36;1m  "fips-integration-tests": {[0m
Status Check - Keycloak CI	UNKNOWN STEP	2025-10-29T18:40:27.6980752Z [36;1m    "result": "success",[0m
Status Check - Keycloak CI	UNKNOWN STEP	2025-10-29T18:40:27.6981004Z [36;1m    "outputs": {}[0m
Status Check - Keycloak CI	UNKNOWN STEP	2025-10-29T18:40:27.6981224Z [36;1m  },[0m
Status Check - Keycloak CI	UNKNOWN STEP	2025-10-29T18:40:27.6981449Z [36;1m  "forms-integration-tests": {[0m
Status Check - Keycloak CI	UNKNOWN STEP	2025-10-29T18:40:27.6981724Z [36;1m    "result": "success",[0m
Status Check - Keycloak CI	UNKNOWN STEP	2025-10-29T18:40:27.6981994Z [36;1m    "outputs": {}[0m
Status Check - Keycloak CI	UNKNOWN STEP	2025-10-29T18:40:27.6982216Z [36;1m  },[0m
Status Check - Keycloak CI	UNKNOWN STEP	2025-10-29T18:40:27.6982450Z [36;1m  "webauthn-integration-tests": {[0m
Status Check - Keycloak CI	UNKNOWN STEP	2025-10-29T18:40:27.6982732Z [36;1m    "result": "success",[0m
Status Check - Keycloak CI	UNKNOWN STEP	2025-10-29T18:40:27.6982989Z [36;1m    "outputs": {}[0m
Status Check - Keycloak CI	UNKNOWN STEP	2025-10-29T18:40:27.6983218Z [36;1m  },[0m
Status Check - Keycloak CI	UNKNOWN STEP	2025-10-29T18:40:27.6983429Z [36;1m  "sssd-unit-tests": {[0m
Status Check - Keycloak CI	UNKNOWN STEP	2025-10-29T18:40:27.6983688Z [36;1m    "result": "skipped",[0m
Status Check - Keycloak CI	UNKNOWN STEP	2025-10-29T18:40:27.6983934Z [36;1m    "outputs": {}[0m
Status Check - Keycloak CI	UNKNOWN STEP	2025-10-29T18:40:27.6984160Z [36;1m  },[0m
Status Check - Keycloak CI	UNKNOWN STEP	2025-10-29T18:40:27.6984370Z [36;1m  "migration-tests": {[0m
Status Check - Keycloak CI	UNKNOWN STEP	2025-10-29T18:40:27.6984627Z [36;1m    "result": "success",[0m
Status Check - Keycloak CI	UNKNOWN STEP	2025-10-29T18:40:27.6984871Z [36;1m    "outputs": {}[0m
Status Check - Keycloak CI	UNKNOWN STEP	2025-10-29T18:40:27.6985103Z [36;1m  },[0m
Status Check - Keycloak CI	UNKNOWN STEP	2025-10-29T18:40:27.6985332Z [36;1m  "external-infinispan-tests": {[0m
Status Check - Keycloak CI	UNKNOWN STEP	2025-10-29T18:40:27.6985612Z [36;1m    "result": "success",[0m
Status Check - Keycloak CI	UNKNOWN STEP	2025-10-29T18:40:27.6985866Z [36;1m    "outputs": {}[0m
Status Check - Keycloak CI	UNKNOWN STEP	2025-10-29T18:40:27.6986244Z [36;1m  },[0m
Status Check - Keycloak CI	UNKNOWN STEP	2025-10-29T18:40:27.6986457Z [36;1m  "test-framework": {[0m
Status Check - Keycloak CI	UNKNOWN STEP	2025-10-29T18:40:27.6986707Z [36;1m    "result": "success",[0m
Status Check - Keycloak CI	UNKNOWN STEP	2025-10-29T18:40:27.6986962Z [36;1m    "outputs": {}[0m
Status Check - Keycloak CI	UNKNOWN STEP	2025-10-29T18:40:27.6987183Z [36;1m  },[0m
Status Check - Keycloak CI	UNKNOWN STEP	2025-10-29T18:40:27.6987542Z [36;1m  "base-new-integration-tests": {[0m
Status Check - Keycloak CI	UNKNOWN STEP	2025-10-29T18:40:27.6987834Z [36;1m    "result": "success",[0m
Status Check - Keycloak CI	UNKNOWN STEP	2025-10-29T18:40:27.6988093Z [36;1m    "outputs": {}[0m
Status Check - Keycloak CI	UNKNOWN STEP	2025-10-29T18:40:27.6988326Z [36;1m  },[0m
Status Check - Keycloak CI	UNKNOWN STEP	2025-10-29T18:40:27.6988703Z [36;1m  "mixed-cluster-compatibility-tests": {[0m
Status Check - Keycloak CI	UNKNOWN STEP	2025-10-29T18:40:27.6989037Z [36;1m    "result": "skipped",[0m
Status Check - Keycloak CI	UNKNOWN STEP	2025-10-29T18:40:27.6989299Z [36;1m    "outputs": {}[0m
Status Check - Keycloak CI	UNKNOWN STEP	2025-10-29T18:40:27.6989532Z [36;1m  }[0m
Status Check - Keycloak CI	UNKNOWN STEP	2025-10-29T18:40:27.6989727Z [36;1m}'[0m
Status Check - Keycloak CI	UNKNOWN STEP	2025-10-29T18:40:27.6989931Z [36;1m[0m
Status Check - Keycloak CI	UNKNOWN STEP	2025-10-29T18:40:27.6990136Z [36;1mecho "Job status:"[0m
Status Check - Keycloak CI	UNKNOWN STEP	2025-10-29T18:40:27.6990485Z [36;1mecho $JOBS | jq -r 'to_entries[] | " - \(.key): \(.value.result)"'[0m
Status Check - Keycloak CI	UNKNOWN STEP	2025-10-29T18:40:27.6990849Z [36;1m[0m
Status Check - Keycloak CI	UNKNOWN STEP	2025-10-29T18:40:27.6991127Z [36;1mfor i in $(echo $JOBS | jq -r 'to_entries[] | .value.result'); do[0m
Status Check - Keycloak CI	UNKNOWN STEP	2025-10-29T18:40:27.6991523Z [36;1m  if [ "$i" != "success" ] && [ "$i" != "skipped" ]; then[0m
Status Check - Keycloak CI	UNKNOWN STEP	2025-10-29T18:40:27.6991834Z [36;1m    echo ""[0m
Status Check - Keycloak CI	UNKNOWN STEP	2025-10-29T18:40:27.6992088Z [36;1m    echo "Status check not okay!"[0m
Status Check - Keycloak CI	UNKNOWN STEP	2025-10-29T18:40:27.6992359Z [36;1m    exit 1[0m
Status Check - Keycloak CI	UNKNOWN STEP	2025-10-29T18:40:27.6992571Z [36;1m  fi[0m
Status Check - Keycloak CI	UNKNOWN STEP	2025-10-29T18:40:27.6992767Z [36;1mdone[0m
Status Check - Keycloak CI	UNKNOWN STEP	2025-10-29T18:40:27.7031606Z shell: /usr/bin/bash --noprofile --norc -e -o pipefail {0}
Status Check - Keycloak CI	UNKNOWN STEP	2025-10-29T18:40:27.7031996Z env:
Status Check - Keycloak CI	UNKNOWN STEP	2025-10-29T18:40:27.7032309Z   MAVEN_ARGS: -B -nsu -Daether.connector.http.connectionMaxTtl=25
Status Check - Keycloak CI	UNKNOWN STEP	2025-10-29T18:40:27.7032703Z   SUREFIRE_RERUN_FAILING_COUNT: 2
Status Check - Keycloak CI	UNKNOWN STEP	2025-10-29T18:40:27.7033028Z   SUREFIRE_RETRY: -Dsurefire.rerunFailingTestsCount=2
Status Check - Keycloak CI	UNKNOWN STEP	2025-10-29T18:40:27.7033348Z ##[endgroup]
Status Check - Keycloak CI	UNKNOWN STEP	2025-10-29T18:40:27.7339670Z Job status:
Status Check - Keycloak CI	UNKNOWN STEP	2025-10-29T18:40:27.8019658Z  - conditional: success
Status Check - Keycloak CI	UNKNOWN STEP	2025-10-29T18:40:27.8020233Z  - build: success
Status Check - Keycloak CI	UNKNOWN STEP	2025-10-29T18:40:27.8020670Z  - unit-tests: success
Status Check - Keycloak CI	UNKNOWN STEP	2025-10-29T18:40:27.8021061Z  - base-integration-tests: success
Status Check - Keycloak CI	UNKNOWN STEP	2025-10-29T18:40:27.8021499Z  - adapter-integration-tests: success
Status Check - Keycloak CI	UNKNOWN STEP	2025-10-29T18:40:27.8022044Z  - adapter-integration-tests-strict-cookies: success
Status Check - Keycloak CI	UNKNOWN STEP	2025-10-29T18:40:27.8022559Z  - quarkus-unit-tests: skipped
Status Check - Keycloak CI	UNKNOWN STEP	2025-10-29T18:40:27.8022962Z  - quarkus-integration-tests: success
Status Check - Keycloak CI	UNKNOWN STEP	2025-10-29T18:40:27.8023389Z  - jdk-integration-tests: failure
Status Check - Keycloak CI	UNKNOWN STEP	2025-10-29T18:40:27.8023796Z  - store-integration-tests: success
Status Check - Keycloak CI	UNKNOWN STEP	2025-10-29T18:40:27.8024219Z  - volatile-sessions-tests: success
Status Check - Keycloak CI	UNKNOWN STEP	2025-10-29T18:40:27.8024627Z  - store-model-tests: success
Status Check - Keycloak CI	UNKNOWN STEP	2025-10-29T18:40:27.8025004Z  - clustering-integration-tests: success
Status Check - Keycloak CI	UNKNOWN STEP	2025-10-29T18:40:27.8025402Z  - fips-unit-tests: success
Status Check - Keycloak CI	UNKNOWN STEP	2025-10-29T18:40:27.8025749Z  - fips-integration-tests: success
Status Check - Keycloak CI	UNKNOWN STEP	2025-10-29T18:40:27.8026126Z  - forms-integration-tests: success
Status Check - Keycloak CI	UNKNOWN STEP	2025-10-29T18:40:27.8026511Z  - webauthn-integration-tests: success
Status Check - Keycloak CI	UNKNOWN STEP	2025-10-29T18:40:27.8027007Z  - sssd-unit-tests: skipped
Status Check - Keycloak CI	UNKNOWN STEP	2025-10-29T18:40:27.8027551Z  - migration-tests: success
Status Check - Keycloak CI	UNKNOWN STEP	2025-10-29T18:40:27.8028107Z  - external-infinispan-tests: success
Status Check - Keycloak CI	UNKNOWN STEP	2025-10-29T18:40:27.8028869Z  - test-framework: success
Status Check - Keycloak CI	UNKNOWN STEP	2025-10-29T18:40:27.8029419Z  - base-new-integration-tests: success
Status Check - Keycloak CI	UNKNOWN STEP	2025-10-29T18:40:27.8030047Z  - mixed-cluster-compatibility-tests: skipped
Status Check - Keycloak CI	UNKNOWN STEP	2025-10-29T18:40:27.8058489Z 
Status Check - Keycloak CI	UNKNOWN STEP	2025-10-29T18:40:27.8058942Z Status check not okay!
Status Check - Keycloak CI	UNKNOWN STEP	2025-10-29T18:40:27.8075884Z ##[error]Process completed with exit code 1.
Status Check - Keycloak CI	UNKNOWN STEP	2025-10-29T18:40:27.8284336Z Post job cleanup.
Status Check - Keycloak CI	UNKNOWN STEP	2025-10-29T18:40:27.9145876Z [command]/usr/bin/git version
Status Check - Keycloak CI	UNKNOWN STEP	2025-10-29T18:40:27.9183927Z git version 2.51.0
Status Check - Keycloak CI	UNKNOWN STEP	2025-10-29T18:40:27.9224729Z Temporarily overriding HOME='/home/runner/work/_temp/d6a536db-4b5f-400c-832c-35053118056b' before making global git config changes
Status Check - Keycloak CI	UNKNOWN STEP	2025-10-29T18:40:27.9226194Z Adding repository directory to the temporary git global config as a safe directory
Status Check - Keycloak CI	UNKNOWN STEP	2025-10-29T18:40:27.9231366Z [command]/usr/bin/git config --global --add safe.directory /home/runner/work/keycloak/keycloak
Status Check - Keycloak CI	UNKNOWN STEP	2025-10-29T18:40:27.9271197Z [command]/usr/bin/git config --local --name-only --get-regexp core\.sshCommand
Status Check - Keycloak CI	UNKNOWN STEP	2025-10-29T18:40:27.9307310Z [command]/usr/bin/git submodule foreach --recursive sh -c "git config --local --name-only --get-regexp 'core\.sshCommand' && git config --local --unset-all 'core.sshCommand' || :"
Status Check - Keycloak CI	UNKNOWN STEP	2025-10-29T18:40:27.9566388Z [command]/usr/bin/git config --local --name-only --get-regexp http\.https\:\/\/github\.com\/\.extraheader
Status Check - Keycloak CI	UNKNOWN STEP	2025-10-29T18:40:27.9591460Z http.https://github.com/.extraheader
Status Check - Keycloak CI	UNKNOWN STEP	2025-10-29T18:40:27.9602349Z [command]/usr/bin/git config --local --unset-all http.https://github.com/.extraheader
Status Check - Keycloak CI	UNKNOWN STEP	2025-10-29T18:40:27.9635237Z [command]/usr/bin/git submodule foreach --recursive sh -c "git config --local --name-only --get-regexp 'http\.https\:\/\/github\.com\/\.extraheader' && git config --local --unset-all 'http.https://github.com/.extraheader' || :"
Status Check - Keycloak CI	UNKNOWN STEP	2025-10-29T18:40:28.0004183Z Cleaning up orphan processes
