Admin UI E2E (5, chrome)	Run Cypress	2025-01-08T13:20:06.2619572Z ##[group]Run cypress-io/github-action@v6
Admin UI E2E (5, chrome)	Run Cypress	2025-01-08T13:20:06.2620035Z with:
Admin UI E2E (5, chrome)	Run Cypress	2025-01-08T13:20:06.2620224Z   install: false
Admin UI E2E (5, chrome)	Run Cypress	2025-01-08T13:20:06.2620427Z   browser: chrome
Admin UI E2E (5, chrome)	Run Cypress	2025-01-08T13:20:06.2620653Z   wait-on: http://localhost:8080
Admin UI E2E (5, chrome)	Run Cypress	2025-01-08T13:20:06.2620923Z   working-directory: js/apps/admin-ui
Admin UI E2E (5, chrome)	Run Cypress	2025-01-08T13:20:06.2621177Z   record: false
Admin UI E2E (5, chrome)	Run Cypress	2025-01-08T13:20:06.2621381Z   publish-summary: true
Admin UI E2E (5, chrome)	Run Cypress	2025-01-08T13:20:06.2621596Z   component: false
Admin UI E2E (5, chrome)	Run Cypress	2025-01-08T13:20:06.2621787Z env:
Admin UI E2E (5, chrome)	Run Cypress	2025-01-08T13:20:06.2622046Z   MAVEN_ARGS: -B -nsu -Daether.connector.http.connectionMaxTtl=25
Admin UI E2E (5, chrome)	Run Cypress	2025-01-08T13:20:06.2622377Z   RETRY_COUNT: 3
Admin UI E2E (5, chrome)	Run Cypress	2025-01-08T13:20:06.2622580Z   WORKSPACE: keycloak-admin-ui
Admin UI E2E (5, chrome)	Run Cypress	2025-01-08T13:20:06.2622917Z   JAVA_HOME: /opt/hostedtoolcache/Java_Temurin-Hotspot_jdk/21.0.5-11/x64
Admin UI E2E (5, chrome)	Run Cypress	2025-01-08T13:20:06.2623388Z   JAVA_HOME_21_X64: /opt/hostedtoolcache/Java_Temurin-Hotspot_jdk/21.0.5-11/x64
Admin UI E2E (5, chrome)	Run Cypress	2025-01-08T13:20:06.2623740Z   SPLIT: 5
Admin UI E2E (5, chrome)	Run Cypress	2025-01-08T13:20:06.2623916Z   SPLIT_INDEX: 4
Admin UI E2E (5, chrome)	Run Cypress	2025-01-08T13:20:06.2624112Z   SPLIT_RANDOM_SEED: 93
Admin UI E2E (5, chrome)	Run Cypress	2025-01-08T13:20:06.2624352Z ##[endgroup]
Admin UI E2E (5, chrome)	Run Cypress	2025-01-08T13:20:06.4327904Z Skipping install because install parameter is false
Admin UI E2E (5, chrome)	Run Cypress	2025-01-08T13:20:06.4336938Z waiting on "http://localhost:8080" with timeout of 60 seconds
Admin UI E2E (5, chrome)	Run Cypress	2025-01-08T13:20:37.6319628Z It looks like this is your first time using Cypress: 13.17.0
Admin UI E2E (5, chrome)	Run Cypress	2025-01-08T13:20:37.6320163Z 
Admin UI E2E (5, chrome)	Run Cypress	2025-01-08T13:20:37.6342226Z [STARTED] Task without title.
Admin UI E2E (5, chrome)	Run Cypress	2025-01-08T13:20:40.5827589Z [SUCCESS] Task without title.
Admin UI E2E (5, chrome)	Run Cypress	2025-01-08T13:20:40.5830404Z 
Admin UI E2E (5, chrome)	Run Cypress	2025-01-08T13:20:40.5830627Z Opening Cypress...
Admin UI E2E (5, chrome)	Run Cypress	2025-01-08T13:20:41.1610755Z MESA: error: ZINK: vkCreateInstance failed (VK_ERROR_INCOMPATIBLE_DRIVER)
Admin UI E2E (5, chrome)	Run Cypress	2025-01-08T13:20:41.1612972Z glx: failed to create drisw screen
Admin UI E2E (5, chrome)	Run Cypress	2025-01-08T13:20:41.2121862Z 
Admin UI E2E (5, chrome)	Run Cypress	2025-01-08T13:20:41.2123445Z DevTools listening on ws://127.0.0.1:44459/devtools/browser/b6bc5f64-d3f1-42f2-97d4-1a1f9641fab4
Admin UI E2E (5, chrome)	Run Cypress	2025-01-08T13:20:41.7899632Z (node:2718) ExperimentalWarning: `--experimental-loader` may be removed in the future; instead use `register()`:
Admin UI E2E (5, chrome)	Run Cypress	2025-01-08T13:20:41.7903131Z --import 'data:text/javascript,import { register } from "node:module"; import { pathToFileURL } from "node:url"; register("file%3A///home/runner/.cache/Cypress/13.17.0/Cypress/resources/app/node_modules/ts-node/esm/transpile-only.mjs", pathToFileURL("./"));'
Admin UI E2E (5, chrome)	Run Cypress	2025-01-08T13:20:41.7904543Z (Use `node --trace-warnings ...` to show where the warning was created)
Admin UI E2E (5, chrome)	Run Cypress	2025-01-08T13:20:46.2418878Z cypress-split: there are 41 found specs
Admin UI E2E (5, chrome)	Run Cypress	2025-01-08T13:20:46.2419468Z the first 5 specs
Admin UI E2E (5, chrome)	Run Cypress	2025-01-08T13:20:46.2420339Z - 1: /home/runner/work/keycloak/keycloak/js/apps/admin-ui/cypress/e2e/partial_export_test.spec.ts
Admin UI E2E (5, chrome)	Run Cypress	2025-01-08T13:20:46.2421794Z - 2: /home/runner/work/keycloak/keycloak/js/apps/admin-ui/cypress/e2e/realm_settings_client_policies_test.spec.ts
Admin UI E2E (5, chrome)	Run Cypress	2025-01-08T13:20:46.2423234Z - 3: /home/runner/work/keycloak/keycloak/js/apps/admin-ui/cypress/e2e/user_fed_ldap_test.spec.ts
Admin UI E2E (5, chrome)	Run Cypress	2025-01-08T13:20:46.2424588Z - 4: /home/runner/work/keycloak/keycloak/js/apps/admin-ui/cypress/e2e/user_fed_ldap_mapper_test.spec.ts
Admin UI E2E (5, chrome)	Run Cypress	2025-01-08T13:20:46.2427400Z - 5: /home/runner/work/keycloak/keycloak/js/apps/admin-ui/cypress/e2e/user_fed_test.spec.ts
Admin UI E2E (5, chrome)	Run Cypress	2025-01-08T13:20:46.2428203Z cypress-split: chunk 5 of 5
Admin UI E2E (5, chrome)	Run Cypress	2025-01-08T13:20:46.2439332Z k  spec                                                   
Admin UI E2E (5, chrome)	Run Cypress	2025-01-08T13:20:46.2440011Z -  -------------------------------------------------------
Admin UI E2E (5, chrome)	Run Cypress	2025-01-08T13:20:46.2440621Z 1  cypress/e2e/partial_import_test.spec.ts                
Admin UI E2E (5, chrome)	Run Cypress	2025-01-08T13:20:46.2441056Z 2  cypress/e2e/realm_test.spec.ts                         
Admin UI E2E (5, chrome)	Run Cypress	2025-01-08T13:20:46.2441459Z 3  cypress/e2e/users_test.spec.ts                         
Admin UI E2E (5, chrome)	Run Cypress	2025-01-08T13:20:46.2441866Z 4  cypress/e2e/user_fed_ldap_hardcoded_mapper_test.spec.ts
Admin UI E2E (5, chrome)	Run Cypress	2025-01-08T13:20:46.2442284Z 5  cypress/e2e/clients_test.spec.ts                       
Admin UI E2E (5, chrome)	Run Cypress	2025-01-08T13:20:46.2442691Z 6  cypress/e2e/client_advanced.spec.ts                    
Admin UI E2E (5, chrome)	Run Cypress	2025-01-08T13:20:46.2443097Z 7  cypress/e2e/realm_settings_events_test.spec.ts         
Admin UI E2E (5, chrome)	Run Cypress	2025-01-08T13:20:46.2443504Z 8  cypress/e2e/identity_providers_saml_test.spec.ts       
Admin UI E2E (5, chrome)	Run Cypress	2025-01-08T13:20:46.2444179Z 
Admin UI E2E (5, chrome)	Run Cypress	2025-01-08T13:20:46.9082697Z 
Admin UI E2E (5, chrome)	Run Cypress	2025-01-08T13:20:46.9443842Z [90m====================================================================================================[39m
Admin UI E2E (5, chrome)	Run Cypress	2025-01-08T13:20:46.9444164Z 
Admin UI E2E (5, chrome)	Run Cypress	2025-01-08T13:20:46.9446570Z [0m  ([4m[1mRun Starting[22m[24m)[0m
Admin UI E2E (5, chrome)	Run Cypress	2025-01-08T13:20:46.9446937Z 
Admin UI E2E (5, chrome)	Run Cypress	2025-01-08T13:20:46.9527633Z [90m  â”Œ[39m[90mâ”€[39m[90mâ”€[39m[90mâ”€[39m[90mâ”€[39m[90mâ”€[39m[90mâ”€[39m[90mâ”€[39m[90mâ”€[39m[90mâ”€[39m[90mâ”€[39m[90mâ”€[39m[90mâ”€[39m[90mâ”€[39m[90mâ”€[39m[90mâ”€[39m[90mâ”€[39m[90mâ”€[39m[90mâ”€[39m[90mâ”€[39m[90mâ”€[39m[90mâ”€[39m[90mâ”€[39m[90mâ”€[39m[90mâ”€[39m[90mâ”€[39m[90mâ”€[39m[90mâ”€[39m[90mâ”€[39m[90mâ”€[39m[90mâ”€[39m[90mâ”€[39m[90mâ”€[39m[90mâ”€[39m[90mâ”€[39m[90mâ”€[39m[90mâ”€[39m[90mâ”€[39m[90mâ”€[39m[90mâ”€[39m[90mâ”€[39m[90mâ”€[39m[90mâ”€[39m[90mâ”€[39m[90mâ”€[39m[90mâ”€[39m[90mâ”€[39m[90mâ”€[39m[90mâ”€[39m[90mâ”€[39m[90mâ”€[39m[90mâ”€[39m[90mâ”€[39m[90mâ”€[39m[90mâ”€[39m[90mâ”€[39m[90mâ”€[39m[90mâ”€[39m[90mâ”€[39m[90mâ”€[39m[90mâ”€[39m[90mâ”€[39m[90mâ”€[39m[90mâ”€[39m[90mâ”€[39m[90mâ”€[39m[90mâ”€[39m[90mâ”€[39m[90mâ”€[39m[90mâ”€[39m[90mâ”€[39m[90mâ”€[39m[90mâ”€[39m[90mâ”€[39m[90mâ”€[39m[90mâ”€[39m[90mâ”€[39m[90mâ”€[39m[90mâ”€[39m[90mâ”€[39m[90mâ”€[39m[90mâ”€[39m[90mâ”€[39m[90mâ”€[39m[90mâ”€[39m[90mâ”€[39m[90mâ”€[39m[90mâ”€[39m[90mâ”€[39m[90mâ”€[39m[90mâ”€[39m[90mâ”€[39m[90mâ”€[39m[90mâ”€[39m[90mâ”€[39m[90mâ”€[39m[90mâ”€[39m[90mâ”[39m
Admin UI E2E (5, chrome)	Run Cypress	2025-01-08T13:20:46.9532705Z [90m  â”‚[39m [90mCypress:[39m        13.17.0                                                                        [90mâ”‚[39m
Admin UI E2E (5, chrome)	Run Cypress	2025-01-08T13:20:46.9534204Z [90m  â”‚[39m [90mBrowser:[39m        Chrome 131 [90m(headless)[39m                                                          [90mâ”‚[39m
Admin UI E2E (5, chrome)	Run Cypress	2025-01-08T13:20:46.9536208Z [90m  â”‚[39m [90mNode Version:[39m   [0mv20.18.0 [90m(/home/runner/runners/2.321.0/externals/node20/bin/node)[39m[0m              [90mâ”‚[39m
Admin UI E2E (5, chrome)	Run Cypress	2025-01-08T13:20:46.9538062Z [90m  â”‚[39m [90mSpecs:[39m          [0m8 found (partial_import_test.spec.ts, realm_test.spec.ts, users_test.spec.ts, [0m [90mâ”‚[39m
Admin UI E2E (5, chrome)	Run Cypress	2025-01-08T13:20:46.9539835Z [90m  â”‚[39m                 [0muser_fed_ldap_hardcoded_mapper_test.spec.ts, clients_test.spec.ts, client_adva[0m [90mâ”‚[39m
Admin UI E2E (5, chrome)	Run Cypress	2025-01-08T13:20:46.9541416Z [90m  â”‚[39m                 [0mnced.spec.ts, realm_settings_events_test.spec.ts, identity_providers_saml_test[0m [90mâ”‚[39m
Admin UI E2E (5, chrome)	Run Cypress	2025-01-08T13:20:46.9542818Z [90m  â”‚[39m                 [0m.spec.ts)[0m                                                                      [90mâ”‚[39m
Admin UI E2E (5, chrome)	Run Cypress	2025-01-08T13:20:46.9544341Z [90m  â”‚[39m [90mSearched:[39m       [0mcypress/e2e/partial_import_test.spec.ts, cypress/e2e/realm_test.spec.ts, cypre[0m [90mâ”‚[39m
Admin UI E2E (5, chrome)	Run Cypress	2025-01-08T13:20:46.9546316Z [90m  â”‚[39m                 [0mss/e2e/users_test.spec.ts, cypress/e2e/user_fed_ldap_hardcoded_mapper_test.spe[0m [90mâ”‚[39m
Admin UI E2E (5, chrome)	Run Cypress	2025-01-08T13:20:46.9547976Z [90m  â”‚[39m                 [0mc.ts, cypress/e2e/clients_test.spec.ts, cypress/e2e/client_advanced.spec.ts, c[0m [90mâ”‚[39m
Admin UI E2E (5, chrome)	Run Cypress	2025-01-08T13:20:46.9549662Z [90m  â”‚[39m                 [0mypress/e2e/realm_settings_events_test.spec.ts, cypress/e2e/identity_providers_[0m [90mâ”‚[39m
Admin UI E2E (5, chrome)	Run Cypress	2025-01-08T13:20:46.9551160Z [90m  â”‚[39m                 [0msaml_test.spec.ts[0m                                                              [90mâ”‚[39m
Admin UI E2E (5, chrome)	Run Cypress	2025-01-08T13:20:46.9552705Z [90m  â”‚[39m [90mExperiments:[39m    experimentalMemoryManagement=true                                              [90mâ”‚[39m
Admin UI E2E (5, chrome)	Run Cypress	2025-01-08T13:20:46.9560421Z [90m  â””[39m[90mâ”€[39m[90mâ”€[39m[90mâ”€[39m[90mâ”€[39m[90mâ”€[39m[90mâ”€[39m[90mâ”€[39m[90mâ”€[39m[90mâ”€[39m[90mâ”€[39m[90mâ”€[39m[90mâ”€[39m[90mâ”€[39m[90mâ”€[39m[90mâ”€[39m[90mâ”€[39m[90mâ”€[39m[90mâ”€[39m[90mâ”€[39m[90mâ”€[39m[90mâ”€[39m[90mâ”€[39m[90mâ”€[39m[90mâ”€[39m[90mâ”€[39m[90mâ”€[39m[90mâ”€[39m[90mâ”€[39m[90mâ”€[39m[90mâ”€[39m[90mâ”€[39m[90mâ”€[39m[90mâ”€[39m[90mâ”€[39m[90mâ”€[39m[90mâ”€[39m[90mâ”€[39m[90mâ”€[39m[90mâ”€[39m[90mâ”€[39m[90mâ”€[39m[90mâ”€[39m[90mâ”€[39m[90mâ”€[39m[90mâ”€[39m[90mâ”€[39m[90mâ”€[39m[90mâ”€[39m[90mâ”€[39m[90mâ”€[39m[90mâ”€[39m[90mâ”€[39m[90mâ”€[39m[90mâ”€[39m[90mâ”€[39m[90mâ”€[39m[90mâ”€[39m[90mâ”€[39m[90mâ”€[39m[90mâ”€[39m[90mâ”€[39m[90mâ”€[39m[90mâ”€[39m[90mâ”€[39m[90mâ”€[39m[90mâ”€[39m[90mâ”€[39m[90mâ”€[39m[90mâ”€[39m[90mâ”€[39m[90mâ”€[39m[90mâ”€[39m[90mâ”€[39m[90mâ”€[39m[90mâ”€[39m[90mâ”€[39m[90mâ”€[39m[90mâ”€[39m[90mâ”€[39m[90mâ”€[39m[90mâ”€[39m[90mâ”€[39m[90mâ”€[39m[90mâ”€[39m[90mâ”€[39m[90mâ”€[39m[90mâ”€[39m[90mâ”€[39m[90mâ”€[39m[90mâ”€[39m[90mâ”€[39m[90mâ”€[39m[90mâ”€[39m[90mâ”€[39m[90mâ”€[39m[90mâ”€[39m[90mâ”˜[39m
Admin UI E2E (5, chrome)	Run Cypress	2025-01-08T13:20:46.9565019Z 
Admin UI E2E (5, chrome)	Run Cypress	2025-01-08T13:20:46.9565041Z 
Admin UI E2E (5, chrome)	Run Cypress	2025-01-08T13:20:46.9572237Z [90mâ”€[39m[90mâ”€[39m[90mâ”€[39m[90mâ”€[39m[90mâ”€[39m[90mâ”€[39m[90mâ”€[39m[90mâ”€[39m[90mâ”€[39m[90mâ”€[39m[90mâ”€[39m[90mâ”€[39m[90mâ”€[39m[90mâ”€[39m[90mâ”€[39m[90mâ”€[39m[90mâ”€[39m[90mâ”€[39m[90mâ”€[39m[90mâ”€[39m[90mâ”€[39m[90mâ”€[39m[90mâ”€[39m[90mâ”€[39m[90mâ”€[39m[90mâ”€[39m[90mâ”€[39m[90mâ”€[39m[90mâ”€[39m[90mâ”€[39m[90mâ”€[39m[90mâ”€[39m[90mâ”€[39m[90mâ”€[39m[90mâ”€[39m[90mâ”€[39m[90mâ”€[39m[90mâ”€[39m[90mâ”€[39m[90mâ”€[39m[90mâ”€[39m[90mâ”€[39m[90mâ”€[39m[90mâ”€[39m[90mâ”€[39m[90mâ”€[39m[90mâ”€[39m[90mâ”€[39m[90mâ”€[39m[90mâ”€[39m[90mâ”€[39m[90mâ”€[39m[90mâ”€[39m[90mâ”€[39m[90mâ”€[39m[90mâ”€[39m[90mâ”€[39m[90mâ”€[39m[90mâ”€[39m[90mâ”€[39m[90mâ”€[39m[90mâ”€[39m[90mâ”€[39m[90mâ”€[39m[90mâ”€[39m[90mâ”€[39m[90mâ”€[39m[90mâ”€[39m[90mâ”€[39m[90mâ”€[39m[90mâ”€[39m[90mâ”€[39m[90mâ”€[39m[90mâ”€[39m[90mâ”€[39m[90mâ”€[39m[90mâ”€[39m[90mâ”€[39m[90mâ”€[39m[90mâ”€[39m[90mâ”€[39m[90mâ”€[39m[90mâ”€[39m[90mâ”€[39m[90mâ”€[39m[90mâ”€[39m[90mâ”€[39m[90mâ”€[39m[90mâ”€[39m[90mâ”€[39m[90mâ”€[39m[90mâ”€[39m[90mâ”€[39m[90mâ”€[39m[90mâ”€[39m[90mâ”€[39m[90mâ”€[39m[90mâ”€[39m[90mâ”€[39m[90mâ”€[39m
Admin UI E2E (5, chrome)	Run Cypress	2025-01-08T13:20:46.9576814Z                                                                                                     
Admin UI E2E (5, chrome)	Run Cypress	2025-01-08T13:20:46.9577918Z   Running:  [90mpartial_import_test.spec.ts[39m                                                     [90m(1 of 8)[39m
Admin UI E2E (5, chrome)	Run Cypress	2025-01-08T13:20:53.5928009Z 
Admin UI E2E (5, chrome)	Run Cypress	2025-01-08T13:20:53.5931963Z [0m[0m
Admin UI E2E (5, chrome)	Run Cypress	2025-01-08T13:20:53.5940338Z [0m  Partial import test[0m
Admin UI E2E (5, chrome)	Run Cypress	2025-01-08T13:21:04.4023083Z   [32m  âœ“[0m[90m Opens and closes partial import dialog[0m[90m (10792ms)[0m
Admin UI E2E (5, chrome)	Run Cypress	2025-01-08T13:21:07.2196696Z   [32m  âœ“[0m[90m Import button only enabled if JSON has something to import[0m[90m (2786ms)[0m
Admin UI E2E (5, chrome)	Run Cypress	2025-01-08T13:21:11.6016445Z   [32m  âœ“[0m[90m Displays user options after multi-realm import[0m[90m (4348ms)[0m
Admin UI E2E (5, chrome)	Run Cypress	2025-01-08T13:21:15.3450100Z   [32m  âœ“[0m[90m Displays user options after realmless import and does the import[0m[90m (3697ms)[0m
Admin UI E2E (5, chrome)	Run Cypress	2025-01-08T13:21:20.1523258Z   [32m  âœ“[0m[90m Should clear the input with the button[0m[90m (3080ms)[0m
Admin UI E2E (5, chrome)	Run Cypress	2025-01-08T13:21:20.1524244Z 
Admin UI E2E (5, chrome)	Run Cypress	2025-01-08T13:21:20.1911349Z 
Admin UI E2E (5, chrome)	Run Cypress	2025-01-08T13:21:20.1916571Z [92m [0m[32m 5 passing[0m[90m (27s)[0m
Admin UI E2E (5, chrome)	Run Cypress	2025-01-08T13:21:20.1920389Z 
Admin UI E2E (5, chrome)	Run Cypress	2025-01-08T13:21:21.3194902Z 
Admin UI E2E (5, chrome)	Run Cypress	2025-01-08T13:21:21.3197105Z [32m  ([4m[1mResults[22m[24m)[39m
Admin UI E2E (5, chrome)	Run Cypress	2025-01-08T13:21:21.3221078Z 
Admin UI E2E (5, chrome)	Run Cypress	2025-01-08T13:21:21.3240782Z [90m  â”Œ[39m[90mâ”€[39m[90mâ”€[39m[90mâ”€[39m[90mâ”€[39m[90mâ”€[39m[90mâ”€[39m[90mâ”€[39m[90mâ”€[39m[90mâ”€[39m[90mâ”€[39m[90mâ”€[39m[90mâ”€[39m[90mâ”€[39m[90mâ”€[39m[90mâ”€[39m[90mâ”€[39m[90mâ”€[39m[90mâ”€[39m[90mâ”€[39m[90mâ”€[39m[90mâ”€[39m[90mâ”€[39m[90mâ”€[39m[90mâ”€[39m[90mâ”€[39m[90mâ”€[39m[90mâ”€[39m[90mâ”€[39m[90mâ”€[39m[90mâ”€[39m[90mâ”€[39m[90mâ”€[39m[90mâ”€[39m[90mâ”€[39m[90mâ”€[39m[90mâ”€[39m[90mâ”€[39m[90mâ”€[39m[90mâ”€[39m[90mâ”€[39m[90mâ”€[39m[90mâ”€[39m[90mâ”€[39m[90mâ”€[39m[90mâ”€[39m[90mâ”€[39m[90mâ”€[39m[90mâ”€[39m[90mâ”€[39m[90mâ”€[39m[90mâ”€[39m[90mâ”€[39m[90mâ”€[39m[90mâ”€[39m[90mâ”€[39m[90mâ”€[39m[90mâ”€[39m[90mâ”€[39m[90mâ”€[39m[90mâ”€[39m[90mâ”€[39m[90mâ”€[39m[90mâ”€[39m[90mâ”€[39m[90mâ”€[39m[90mâ”€[39m[90mâ”€[39m[90mâ”€[39m[90mâ”€[39m[90mâ”€[39m[90mâ”€[39m[90mâ”€[39m[90mâ”€[39m[90mâ”€[39m[90mâ”€[39m[90mâ”€[39m[90mâ”€[39m[90mâ”€[39m[90mâ”€[39m[90mâ”€[39m[90mâ”€[39m[90mâ”€[39m[90mâ”€[39m[90mâ”€[39m[90mâ”€[39m[90mâ”€[39m[90mâ”€[39m[90mâ”€[39m[90mâ”€[39m[90mâ”€[39m[90mâ”€[39m[90mâ”€[39m[90mâ”€[39m[90mâ”€[39m[90mâ”€[39m[90mâ”€[39m[90mâ”[39m
Admin UI E2E (5, chrome)	Run Cypress	2025-01-08T13:21:21.3246215Z [90m  â”‚[39m [90mTests:[39m        [32m5[39m                                                                                [90mâ”‚[39m
Admin UI E2E (5, chrome)	Run Cypress	2025-01-08T13:21:21.3247539Z [90m  â”‚[39m [90mPassing:[39m      [32m5[39m                                                                                [90mâ”‚[39m
Admin UI E2E (5, chrome)	Run Cypress	2025-01-08T13:21:21.3248814Z [90m  â”‚[39m [90mFailing:[39m      [32m0[39m                                                                                [90mâ”‚[39m
Admin UI E2E (5, chrome)	Run Cypress	2025-01-08T13:21:21.3250093Z [90m  â”‚[39m [90mPending:[39m      [32m0[39m                                                                                [90mâ”‚[39m
Admin UI E2E (5, chrome)	Run Cypress	2025-01-08T13:21:21.3251343Z [90m  â”‚[39m [90mSkipped:[39m      [32m0[39m                                                                                [90mâ”‚[39m
Admin UI E2E (5, chrome)	Run Cypress	2025-01-08T13:21:21.3252635Z [90m  â”‚[39m [90mScreenshots:[39m  [32m0[39m                                                                                [90mâ”‚[39m
Admin UI E2E (5, chrome)	Run Cypress	2025-01-08T13:21:21.3253981Z [90m  â”‚[39m [90mVideo:[39m        [32mfalse[39m                                                                            [90mâ”‚[39m
Admin UI E2E (5, chrome)	Run Cypress	2025-01-08T13:21:21.3254938Z [90m  â”‚[39m [90mDuration:[39m     [32m26 seconds[39m                                                                       [90mâ”‚[39m
Admin UI E2E (5, chrome)	Run Cypress	2025-01-08T13:21:21.3256734Z [90m  â”‚[39m [90mSpec Ran:[39m     [32m[32mpartial_import_test.spec.ts[32m[39m                                                      [90mâ”‚[39m
Admin UI E2E (5, chrome)	Run Cypress	2025-01-08T13:21:21.3264303Z [90m  â””[39m[90mâ”€[39m[90mâ”€[39m[90mâ”€[39m[90mâ”€[39m[90mâ”€[39m[90mâ”€[39m[90mâ”€[39m[90mâ”€[39m[90mâ”€[39m[90mâ”€[39m[90mâ”€[39m[90mâ”€[39m[90mâ”€[39m[90mâ”€[39m[90mâ”€[39m[90mâ”€[39m[90mâ”€[39m[90mâ”€[39m[90mâ”€[39m[90mâ”€[39m[90mâ”€[39m[90mâ”€[39m[90mâ”€[39m[90mâ”€[39m[90mâ”€[39m[90mâ”€[39m[90mâ”€[39m[90mâ”€[39m[90mâ”€[39m[90mâ”€[39m[90mâ”€[39m[90mâ”€[39m[90mâ”€[39m[90mâ”€[39m[90mâ”€[39m[90mâ”€[39m[90mâ”€[39m[90mâ”€[39m[90mâ”€[39m[90mâ”€[39m[90mâ”€[39m[90mâ”€[39m[90mâ”€[39m[90mâ”€[39m[90mâ”€[39m[90mâ”€[39m[90mâ”€[39m[90mâ”€[39m[90mâ”€[39m[90mâ”€[39m[90mâ”€[39m[90mâ”€[39m[90mâ”€[39m[90mâ”€[39m[90mâ”€[39m[90mâ”€[39m[90mâ”€[39m[90mâ”€[39m[90mâ”€[39m[90mâ”€[39m[90mâ”€[39m[90mâ”€[39m[90mâ”€[39m[90mâ”€[39m[90mâ”€[39m[90mâ”€[39m[90mâ”€[39m[90mâ”€[39m[90mâ”€[39m[90mâ”€[39m[90mâ”€[39m[90mâ”€[39m[90mâ”€[39m[90mâ”€[39m[90mâ”€[39m[90mâ”€[39m[90mâ”€[39m[90mâ”€[39m[90mâ”€[39m[90mâ”€[39m[90mâ”€[39m[90mâ”€[39m[90mâ”€[39m[90mâ”€[39m[90mâ”€[39m[90mâ”€[39m[90mâ”€[39m[90mâ”€[39m[90mâ”€[39m[90mâ”€[39m[90mâ”€[39m[90mâ”€[39m[90mâ”€[39m[90mâ”€[39m[90mâ”€[39m[90mâ”€[39m[90mâ”˜[39m
Admin UI E2E (5, chrome)	Run Cypress	2025-01-08T13:21:21.3268191Z 
Admin UI E2E (5, chrome)	Run Cypress	2025-01-08T13:21:21.3674684Z 
Admin UI E2E (5, chrome)	Run Cypress	2025-01-08T13:21:21.3685759Z [90mâ”€[39m[90mâ”€[39m[90mâ”€[39m[90mâ”€[39m[90mâ”€[39m[90mâ”€[39m[90mâ”€[39m[90mâ”€[39m[90mâ”€[39m[90mâ”€[39m[90mâ”€[39m[90mâ”€[39m[90mâ”€[39m[90mâ”€[39m[90mâ”€[39m[90mâ”€[39m[90mâ”€[39m[90mâ”€[39m[90mâ”€[39m[90mâ”€[39m[90mâ”€[39m[90mâ”€[39m[90mâ”€[39m[90mâ”€[39m[90mâ”€[39m[90mâ”€[39m[90mâ”€[39m[90mâ”€[39m[90mâ”€[39m[90mâ”€[39m[90mâ”€[39m[90mâ”€[39m[90mâ”€[39m[90mâ”€[39m[90mâ”€[39m[90mâ”€[39m[90mâ”€[39m[90mâ”€[39m[90mâ”€[39m[90mâ”€[39m[90mâ”€[39m[90mâ”€[39m[90mâ”€[39m[90mâ”€[39m[90mâ”€[39m[90mâ”€[39m[90mâ”€[39m[90mâ”€[39m[90mâ”€[39m[90mâ”€[39m[90mâ”€[39m[90mâ”€[39m[90mâ”€[39m[90mâ”€[39m[90mâ”€[39m[90mâ”€[39m[90mâ”€[39m[90mâ”€[39m[90mâ”€[39m[90mâ”€[39m[90mâ”€[39m[90mâ”€[39m[90mâ”€[39m[90mâ”€[39m[90mâ”€[39m[90mâ”€[39m[90mâ”€[39m[90mâ”€[39m[90mâ”€[39m[90mâ”€[39m[90mâ”€[39m[90mâ”€[39m[90mâ”€[39m[90mâ”€[39m[90mâ”€[39m[90mâ”€[39m[90mâ”€[39m[90mâ”€[39m[90mâ”€[39m[90mâ”€[39m[90mâ”€[39m[90mâ”€[39m[90mâ”€[39m[90mâ”€[39m[90mâ”€[39m[90mâ”€[39m[90mâ”€[39m[90mâ”€[39m[90mâ”€[39m[90mâ”€[39m[90mâ”€[39m[90mâ”€[39m[90mâ”€[39m[90mâ”€[39m[90mâ”€[39m[90mâ”€[39m[90mâ”€[39m[90mâ”€[39m[90mâ”€[39m[90mâ”€[39m
Admin UI E2E (5, chrome)	Run Cypress	2025-01-08T13:21:21.3691233Z                                                                                                     
Admin UI E2E (5, chrome)	Run Cypress	2025-01-08T13:21:21.3692346Z   Running:  [90mrealm_test.spec.ts[39m                                                              [90m(2 of 8)[39m
Admin UI E2E (5, chrome)	Run Cypress	2025-01-08T13:21:26.0393732Z 
Admin UI E2E (5, chrome)	Run Cypress	2025-01-08T13:21:26.0396050Z [0m[0m
Admin UI E2E (5, chrome)	Run Cypress	2025-01-08T13:21:26.0486658Z [0m  Realm tests[0m
Admin UI E2E (5, chrome)	Run Cypress	2025-01-08T13:21:31.0627439Z   [32m  âœ“[0m[90m should fail creating duplicated or empty name realm[0m[90m (5007ms)[0m
Admin UI E2E (5, chrome)	Run Cypress	2025-01-08T13:21:35.4022455Z   [32m  âœ“[0m[90m should create Test realm[0m[90m (4275ms)[0m
Admin UI E2E (5, chrome)	Run Cypress	2025-01-08T13:21:47.6644842Z   [32m  âœ“[0m[90m CRUD test of Disabled realm[0m[90m (12134ms)[0m
Admin UI E2E (5, chrome)	Run Cypress	2025-01-08T13:21:53.7519309Z   [32m  âœ“[0m[90m should create realm from new a realm[0m[90m (6023ms)[0m
Admin UI E2E (5, chrome)	Run Cypress	2025-01-08T13:21:55.9260754Z   [32m  âœ“[0m[90m should change to Test realm[0m[90m (2105ms)[0m
Admin UI E2E (5, chrome)	Run Cypress	2025-01-08T13:22:01.3253120Z   [32m  âœ“[0m[90m should create realm with special characters[0m[90m (4210ms)[0m
Admin UI E2E (5, chrome)	Run Cypress	2025-01-08T13:22:01.3257726Z 
Admin UI E2E (5, chrome)	Run Cypress	2025-01-08T13:22:01.3533629Z 
Admin UI E2E (5, chrome)	Run Cypress	2025-01-08T13:22:01.3534312Z [92m [0m[32m 6 passing[0m[90m (35s)[0m
Admin UI E2E (5, chrome)	Run Cypress	2025-01-08T13:22:01.3534725Z 
Admin UI E2E (5, chrome)	Run Cypress	2025-01-08T13:22:02.4034388Z 
Admin UI E2E (5, chrome)	Run Cypress	2025-01-08T13:22:02.4036056Z [32m  ([4m[1mResults[22m[24m)[39m
Admin UI E2E (5, chrome)	Run Cypress	2025-01-08T13:22:02.4040777Z 
Admin UI E2E (5, chrome)	Run Cypress	2025-01-08T13:22:02.4054947Z [90m  â”Œ[39m[90mâ”€[39m[90mâ”€[39m[90mâ”€[39m[90mâ”€[39m[90mâ”€[39m[90mâ”€[39m[90mâ”€[39m[90mâ”€[39m[90mâ”€[39m[90mâ”€[39m[90mâ”€[39m[90mâ”€[39m[90mâ”€[39m[90mâ”€[39m[90mâ”€[39m[90mâ”€[39m[90mâ”€[39m[90mâ”€[39m[90mâ”€[39m[90mâ”€[39m[90mâ”€[39m[90mâ”€[39m[90mâ”€[39m[90mâ”€[39m[90mâ”€[39m[90mâ”€[39m[90mâ”€[39m[90mâ”€[39m[90mâ”€[39m[90mâ”€[39m[90mâ”€[39m[90mâ”€[39m[90mâ”€[39m[90mâ”€[39m[90mâ”€[39m[90mâ”€[39m[90mâ”€[39m[90mâ”€[39m[90mâ”€[39m[90mâ”€[39m[90mâ”€[39m[90mâ”€[39m[90mâ”€[39m[90mâ”€[39m[90mâ”€[39m[90mâ”€[39m[90mâ”€[39m[90mâ”€[39m[90mâ”€[39m[90mâ”€[39m[90mâ”€[39m[90mâ”€[39m[90mâ”€[39m[90mâ”€[39m[90mâ”€[39m[90mâ”€[39m[90mâ”€[39m[90mâ”€[39m[90mâ”€[39m[90mâ”€[39m[90mâ”€[39m[90mâ”€[39m[90mâ”€[39m[90mâ”€[39m[90mâ”€[39m[90mâ”€[39m[90mâ”€[39m[90mâ”€[39m[90mâ”€[39m[90mâ”€[39m[90mâ”€[39m[90mâ”€[39m[90mâ”€[39m[90mâ”€[39m[90mâ”€[39m[90mâ”€[39m[90mâ”€[39m[90mâ”€[39m[90mâ”€[39m[90mâ”€[39m[90mâ”€[39m[90mâ”€[39m[90mâ”€[39m[90mâ”€[39m[90mâ”€[39m[90mâ”€[39m[90mâ”€[39m[90mâ”€[39m[90mâ”€[39m[90mâ”€[39m[90mâ”€[39m[90mâ”€[39m[90mâ”€[39m[90mâ”€[39m[90mâ”€[39m[90mâ”€[39m[90mâ”[39m
Admin UI E2E (5, chrome)	Run Cypress	2025-01-08T13:22:02.4058084Z [90m  â”‚[39m [90mTests:[39m        [32m6[39m                                                                                [90mâ”‚[39m
Admin UI E2E (5, chrome)	Run Cypress	2025-01-08T13:22:02.4058810Z [90m  â”‚[39m [90mPassing:[39m      [32m6[39m                                                                                [90mâ”‚[39m
Admin UI E2E (5, chrome)	Run Cypress	2025-01-08T13:22:02.4059558Z [90m  â”‚[39m [90mFailing:[39m      [32m0[39m                                                                                [90mâ”‚[39m
Admin UI E2E (5, chrome)	Run Cypress	2025-01-08T13:22:02.4060260Z [90m  â”‚[39m [90mPending:[39m      [32m0[39m                                                                                [90mâ”‚[39m
Admin UI E2E (5, chrome)	Run Cypress	2025-01-08T13:22:02.4061277Z [90m  â”‚[39m [90mSkipped:[39m      [32m0[39m                                                                                [90mâ”‚[39m
Admin UI E2E (5, chrome)	Run Cypress	2025-01-08T13:22:02.4062690Z [90m  â”‚[39m [90mScreenshots:[39m  [32m0[39m                                                                                [90mâ”‚[39m
Admin UI E2E (5, chrome)	Run Cypress	2025-01-08T13:22:02.4063402Z [90m  â”‚[39m [90mVideo:[39m        [32mfalse[39m                                                                            [90mâ”‚[39m
Admin UI E2E (5, chrome)	Run Cypress	2025-01-08T13:22:02.4064144Z [90m  â”‚[39m [90mDuration:[39m     [32m35 seconds[39m                                                                       [90mâ”‚[39m
Admin UI E2E (5, chrome)	Run Cypress	2025-01-08T13:22:02.4065133Z [90m  â”‚[39m [90mSpec Ran:[39m     [32m[32mrealm_test.spec.ts[32m[39m                                                               [90mâ”‚[39m
Admin UI E2E (5, chrome)	Run Cypress	2025-01-08T13:22:02.4071945Z [90m  â””[39m[90mâ”€[39m[90mâ”€[39m[90mâ”€[39m[90mâ”€[39m[90mâ”€[39m[90mâ”€[39m[90mâ”€[39m[90mâ”€[39m[90mâ”€[39m[90mâ”€[39m[90mâ”€[39m[90mâ”€[39m[90mâ”€[39m[90mâ”€[39m[90mâ”€[39m[90mâ”€[39m[90mâ”€[39m[90mâ”€[39m[90mâ”€[39m[90mâ”€[39m[90mâ”€[39m[90mâ”€[39m[90mâ”€[39m[90mâ”€[39m[90mâ”€[39m[90mâ”€[39m[90mâ”€[39m[90mâ”€[39m[90mâ”€[39m[90mâ”€[39m[90mâ”€[39m[90mâ”€[39m[90mâ”€[39m[90mâ”€[39m[90mâ”€[39m[90mâ”€[39m[90mâ”€[39m[90mâ”€[39m[90mâ”€[39m[90mâ”€[39m[90mâ”€[39m[90mâ”€[39m[90mâ”€[39m[90mâ”€[39m[90mâ”€[39m[90mâ”€[39m[90mâ”€[39m[90mâ”€[39m[90mâ”€[39m[90mâ”€[39m[90mâ”€[39m[90mâ”€[39m[90mâ”€[39m[90mâ”€[39m[90mâ”€[39m[90mâ”€[39m[90mâ”€[39m[90mâ”€[39m[90mâ”€[39m[90mâ”€[39m[90mâ”€[39m[90mâ”€[39m[90mâ”€[39m[90mâ”€[39m[90mâ”€[39m[90mâ”€[39m[90mâ”€[39m[90mâ”€[39m[90mâ”€[39m[90mâ”€[39m[90mâ”€[39m[90mâ”€[39m[90mâ”€[39m[90mâ”€[39m[90mâ”€[39m[90mâ”€[39m[90mâ”€[39m[90mâ”€[39m[90mâ”€[39m[90mâ”€[39m[90mâ”€[39m[90mâ”€[39m[90mâ”€[39m[90mâ”€[39m[90mâ”€[39m[90mâ”€[39m[90mâ”€[39m[90mâ”€[39m[90mâ”€[39m[90mâ”€[39m[90mâ”€[39m[90mâ”€[39m[90mâ”€[39m[90mâ”€[39m[90mâ”€[39m[90mâ”€[39m[90mâ”˜[39m
Admin UI E2E (5, chrome)	Run Cypress	2025-01-08T13:22:02.4075549Z 
Admin UI E2E (5, chrome)	Run Cypress	2025-01-08T13:22:02.4377515Z 
Admin UI E2E (5, chrome)	Run Cypress	2025-01-08T13:22:02.4390120Z [90mâ”€[39m[90mâ”€[39m[90mâ”€[39m[90mâ”€[39m[90mâ”€[39m[90mâ”€[39m[90mâ”€[39m[90mâ”€[39m[90mâ”€[39m[90mâ”€[39m[90mâ”€[39m[90mâ”€[39m[90mâ”€[39m[90mâ”€[39m[90mâ”€[39m[90mâ”€[39m[90mâ”€[39m[90mâ”€[39m[90mâ”€[39m[90mâ”€[39m[90mâ”€[39m[90mâ”€[39m[90mâ”€[39m[90mâ”€[39m[90mâ”€[39m[90mâ”€[39m[90mâ”€[39m[90mâ”€[39m[90mâ”€[39m[90mâ”€[39m[90mâ”€[39m[90mâ”€[39m[90mâ”€[39m[90mâ”€[39m[90mâ”€[39m[90mâ”€[39m[90mâ”€[39m[90mâ”€[39m[90mâ”€[39m[90mâ”€[39m[90mâ”€[39m[90mâ”€[39m[90mâ”€[39m[90mâ”€[39m[90mâ”€[39m[90mâ”€[39m[90mâ”€[39m[90mâ”€[39m[90mâ”€[39m[90mâ”€[39m[90mâ”€[39m[90mâ”€[39m[90mâ”€[39m[90mâ”€[39m[90mâ”€[39m[90mâ”€[39m[90mâ”€[39m[90mâ”€[39m[90mâ”€[39m[90mâ”€[39m[90mâ”€[39m[90mâ”€[39m[90mâ”€[39m[90mâ”€[39m[90mâ”€[39m[90mâ”€[39m[90mâ”€[39m[90mâ”€[39m[90mâ”€[39m[90mâ”€[39m[90mâ”€[39m[90mâ”€[39m[90mâ”€[39m[90mâ”€[39m[90mâ”€[39m[90mâ”€[39m[90mâ”€[39m[90mâ”€[39m[90mâ”€[39m[90mâ”€[39m[90mâ”€[39m[90mâ”€[39m[90mâ”€[39m[90mâ”€[39m[90mâ”€[39m[90mâ”€[39m[90mâ”€[39m[90mâ”€[39m[90mâ”€[39m[90mâ”€[39m[90mâ”€[39m[90mâ”€[39m[90mâ”€[39m[90mâ”€[39m[90mâ”€[39m[90mâ”€[39m[90mâ”€[39m[90mâ”€[39m[90mâ”€[39m[90mâ”€[39m
Admin UI E2E (5, chrome)	Run Cypress	2025-01-08T13:22:02.4394523Z                                                                                                     
Admin UI E2E (5, chrome)	Run Cypress	2025-01-08T13:22:02.4395536Z   Running:  [90musers_test.spec.ts[39m                                                              [90m(3 of 8)[39m
Admin UI E2E (5, chrome)	Run Cypress	2025-01-08T13:22:06.9437469Z 
Admin UI E2E (5, chrome)	Run Cypress	2025-01-08T13:22:06.9438598Z [0m[0m
Admin UI E2E (5, chrome)	Run Cypress	2025-01-08T13:22:06.9542056Z [0m  User creation[0m
Admin UI E2E (5, chrome)	Run Cypress	2025-01-08T13:22:11.6430169Z   [32m  âœ“[0m[90m Go to create User page[0m[90m (4629ms)[0m
Admin UI E2E (5, chrome)	Run Cypress	2025-01-08T13:22:14.8823181Z   [32m  âœ“[0m[90m Create user test[0m[90m (3176ms)[0m
Admin UI E2E (5, chrome)	Run Cypress	2025-01-08T13:22:17.2231144Z   [32m  âœ“[0m[90m Should check temporary admin user existence[0m[90m (2236ms)[0m
Admin UI E2E (5, chrome)	Run Cypress	2025-01-08T13:22:21.3939082Z   [32m  âœ“[0m[90m Create user with groups test[0m[90m (4133ms)[0m
Admin UI E2E (5, chrome)	Run Cypress	2025-01-08T13:22:27.6251501Z   [32m  âœ“[0m[90m Create user with credentials test[0m[90m (6141ms)[0m
Admin UI E2E (5, chrome)	Run Cypress	2025-01-08T13:22:30.3029474Z   [32m  âœ“[0m[90m Search existing user test[0m[90m (2573ms)[0m
Admin UI E2E (5, chrome)	Run Cypress	2025-01-08T13:22:32.5658179Z   [32m  âœ“[0m[90m Search non-existing user test[0m[90m (2191ms)[0m
Admin UI E2E (5, chrome)	Run Cypress	2025-01-08T13:22:39.0150972Z   [32m  âœ“[0m[90m User details test[0m[90m (6370ms)[0m
Admin UI E2E (5, chrome)	Run Cypress	2025-01-08T13:22:41.6687512Z   [32m  âœ“[0m[90m Select Unmanaged attributes[0m[90m (2612ms)[0m
Admin UI E2E (5, chrome)	Run Cypress	2025-01-08T13:22:54.0437291Z   [32m  âœ“[0m[90m User attributes test[0m[90m (12262ms)[0m
Admin UI E2E (5, chrome)	Run Cypress	2025-01-08T13:22:59.2404040Z   [32m  âœ“[0m[90m User attributes with multiple values test[0m[90m (5124ms)[0m
Admin UI E2E (5, chrome)	Run Cypress	2025-01-08T13:23:03.1499495Z   [32m  âœ“[0m[90m Add user to groups test[0m[90m (3828ms)[0m
Admin UI E2E (5, chrome)	Run Cypress	2025-01-08T13:23:06.6587218Z   [32m  âœ“[0m[90m Leave group test[0m[90m (3435ms)[0m
Admin UI E2E (5, chrome)	Run Cypress	2025-01-08T13:23:10.9096642Z   [32m  âœ“[0m[90m search and leave group[0m[90m (4178ms)[0m
Admin UI E2E (5, chrome)	Run Cypress	2025-01-08T13:23:14.3285124Z   [32m  âœ“[0m[90m Go to user consents test[0m[90m (3345ms)[0m
Admin UI E2E (5, chrome)	Run Cypress	2025-01-08T13:23:18.0082704Z   [32m  âœ“[0m[90m Reset credential of User with empty state[0m[90m (3645ms)[0m
Admin UI E2E (5, chrome)	Run Cypress	2025-01-08T13:23:21.3108421Z   [32m  âœ“[0m[90m Reset credential of User with existing credentials[0m[90m (3252ms)[0m
Admin UI E2E (5, chrome)	Run Cypress	2025-01-08T13:23:24.1761516Z   [32m  âœ“[0m[90m Edit credential label[0m[90m (2830ms)[0m
Admin UI E2E (5, chrome)	Run Cypress	2025-01-08T13:23:26.7428328Z   [32m  âœ“[0m[90m Show credential data dialog[0m[90m (2531ms)[0m
Admin UI E2E (5, chrome)	Run Cypress	2025-01-08T13:23:31.8338427Z   [32m  âœ“[0m[90m Delete credential[0m[90m (5030ms)[0m
Admin UI E2E (5, chrome)	Run Cypress	2025-01-08T13:23:35.0746168Z   [32m  âœ“[0m[90m Delete user from search bar test[0m[90m (3168ms)[0m
Admin UI E2E (5, chrome)	Run Cypress	2025-01-08T13:23:36.8424974Z   [32m  âœ“[0m[90m Delete user with groups test[0m[90m (1734ms)[0m
Admin UI E2E (5, chrome)	Run Cypress	2025-01-08T13:23:39.0583741Z   [32m  âœ“[0m[90m Delete user with credential test[0m[90m (2155ms)[0m
Admin UI E2E (5, chrome)	Run Cypress	2025-01-08T13:23:39.0709084Z [0m    Identity provider links[0m
Admin UI E2E (5, chrome)	Run Cypress	2025-01-08T13:23:42.7471716Z     [32m  âœ“[0m[90m Link account to IdP:  Bitbucket[0m[90m (3654ms)[0m
Admin UI E2E (5, chrome)	Run Cypress	2025-01-08T13:23:47.3551652Z     [32m  âœ“[0m[90m Link account to IdP:  Facebook[0m[90m (4520ms)[0m
Admin UI E2E (5, chrome)	Run Cypress	2025-01-08T13:23:52.1293143Z     [32m  âœ“[0m[90m Link account to IdP:  Keycloak-oidc[0m[90m (4708ms)[0m
Admin UI E2E (5, chrome)	Run Cypress	2025-01-08T13:23:58.3976372Z     [32m  âœ“[0m[90m Link account to already added IdP fail[0m[90m (6218ms)[0m
Admin UI E2E (5, chrome)	Run Cypress	2025-01-08T13:24:01.0660416Z     [32m  âœ“[0m[90m Unlink account from IdP:  Bitbucket[0m[90m (2600ms)[0m
Admin UI E2E (5, chrome)	Run Cypress	2025-01-08T13:24:05.1118137Z     [32m  âœ“[0m[90m Unlink account from IdP:  Facebook[0m[90m (3956ms)[0m
Admin UI E2E (5, chrome)	Run Cypress	2025-01-08T13:24:09.1916353Z     [32m  âœ“[0m[90m Unlink account from IdP:  Keycloak-oidc[0m[90m (3776ms)[0m
Admin UI E2E (5, chrome)	Run Cypress	2025-01-08T13:24:09.2023759Z [0m    Accessibility tests for users[0m
Admin UI E2E (5, chrome)	Run Cypress	2025-01-08T13:24:13.0667687Z     [32m  âœ“[0m[90m Check a11y violations on load/ users list[0m[90m (3837ms)[0m
Admin UI E2E (5, chrome)	Run Cypress	2025-01-08T13:24:17.5035276Z     [32m  âœ“[0m[90m Check a11y violations on empty create user form[0m[90m (4353ms)[0m
Admin UI E2E (5, chrome)	Run Cypress	2025-01-08T13:24:24.0401137Z     [32m  âœ“[0m[90m Check a11y violations on user details tab[0m[90m (6479ms)[0m
Admin UI E2E (5, chrome)	Run Cypress	2025-01-08T13:24:30.5647557Z     [32m  âœ“[0m[90m Check a11y violations on user credentials tab setting a password[0m[90m (6450ms)[0m
Admin UI E2E (5, chrome)	Run Cypress	2025-01-08T13:24:36.2041286Z     [32m  âœ“[0m[90m Check a11y violations on user credentials tab resetting a password[0m[90m (5608ms)[0m
Admin UI E2E (5, chrome)	Run Cypress	2025-01-08T13:24:41.5046642Z     [32m  âœ“[0m[90m Check a11y violations on user role mapping tab[0m[90m (5234ms)[0m
Admin UI E2E (5, chrome)	Run Cypress	2025-01-08T13:24:48.0868388Z     [32m  âœ“[0m[90m Check a11y violations on user role mapping tab assigning a role dialog[0m[90m (6494ms)[0m
Admin UI E2E (5, chrome)	Run Cypress	2025-01-08T13:24:53.2244358Z     [32m  âœ“[0m[90m Check a11y violations on user groups tab[0m[90m (5055ms)[0m
Admin UI E2E (5, chrome)	Run Cypress	2025-01-08T13:24:58.3942027Z     [32m  âœ“[0m[90m Check a11y violations on user groups tab joining group dialog[0m[90m (5093ms)[0m
Admin UI E2E (5, chrome)	Run Cypress	2025-01-08T13:25:04.1656297Z     [32m  âœ“[0m[90m Check a11y violations on user groups tab joining group[0m[90m (5686ms)[0m
Admin UI E2E (5, chrome)	Run Cypress	2025-01-08T13:25:09.7304162Z     [32m  âœ“[0m[90m Check a11y violations on user consents tab[0m[90m (5520ms)[0m
Admin UI E2E (5, chrome)	Run Cypress	2025-01-08T13:25:15.0143626Z     [32m  âœ“[0m[90m Check a11y violations on user identity provider links tab[0m[90m (5196ms)[0m
Admin UI E2E (5, chrome)	Run Cypress	2025-01-08T13:25:20.2652386Z     [32m  âœ“[0m[90m Check a11y violations on user sessions tab[0m[90m (5174ms)[0m
Admin UI E2E (5, chrome)	Run Cypress	2025-01-08T13:25:26.4011163Z     [32m  âœ“[0m[90m Check a11y violations on user deleting dialog[0m[90m (5749ms)[0m
Admin UI E2E (5, chrome)	Run Cypress	2025-01-08T13:25:26.4070990Z 
Admin UI E2E (5, chrome)	Run Cypress	2025-01-08T13:25:26.4307638Z 
Admin UI E2E (5, chrome)	Run Cypress	2025-01-08T13:25:26.4309299Z [92m [0m[32m 44 passing[0m[90m (3m)[0m
Admin UI E2E (5, chrome)	Run Cypress	2025-01-08T13:25:26.4310359Z 
Admin UI E2E (5, chrome)	Run Cypress	2025-01-08T13:25:27.4809007Z 
Admin UI E2E (5, chrome)	Run Cypress	2025-01-08T13:25:27.4810310Z [32m  ([4m[1mResults[22m[24m)[39m
Admin UI E2E (5, chrome)	Run Cypress	2025-01-08T13:25:27.4829114Z 
Admin UI E2E (5, chrome)	Run Cypress	2025-01-08T13:25:27.4846876Z [90m  â”Œ[39m[90mâ”€[39m[90mâ”€[39m[90mâ”€[39m[90mâ”€[39m[90mâ”€[39m[90mâ”€[39m[90mâ”€[39m[90mâ”€[39m[90mâ”€[39m[90mâ”€[39m[90mâ”€[39m[90mâ”€[39m[90mâ”€[39m[90mâ”€[39m[90mâ”€[39m[90mâ”€[39m[90mâ”€[39m[90mâ”€[39m[90mâ”€[39m[90mâ”€[39m[90mâ”€[39m[90mâ”€[39m[90mâ”€[39m[90mâ”€[39m[90mâ”€[39m[90mâ”€[39m[90mâ”€[39m[90mâ”€[39m[90mâ”€[39m[90mâ”€[39m[90mâ”€[39m[90mâ”€[39m[90mâ”€[39m[90mâ”€[39m[90mâ”€[39m[90mâ”€[39m[90mâ”€[39m[90mâ”€[39m[90mâ”€[39m[90mâ”€[39m[90mâ”€[39m[90mâ”€[39m[90mâ”€[39m[90mâ”€[39m[90mâ”€[39m[90mâ”€[39m[90mâ”€[39m[90mâ”€[39m[90mâ”€[39m[90mâ”€[39m[90mâ”€[39m[90mâ”€[39m[90mâ”€[39m[90mâ”€[39m[90mâ”€[39m[90mâ”€[39m[90mâ”€[39m[90mâ”€[39m[90mâ”€[39m[90mâ”€[39m[90mâ”€[39m[90mâ”€[39m[90mâ”€[39m[90mâ”€[39m[90mâ”€[39m[90mâ”€[39m[90mâ”€[39m[90mâ”€[39m[90mâ”€[39m[90mâ”€[39m[90mâ”€[39m[90mâ”€[39m[90mâ”€[39m[90mâ”€[39m[90mâ”€[39m[90mâ”€[39m[90mâ”€[39m[90mâ”€[39m[90mâ”€[39m[90mâ”€[39m[90mâ”€[39m[90mâ”€[39m[90mâ”€[39m[90mâ”€[39m[90mâ”€[39m[90mâ”€[39m[90mâ”€[39m[90mâ”€[39m[90mâ”€[39m[90mâ”€[39m[90mâ”€[39m[90mâ”€[39m[90mâ”€[39m[90mâ”€[39m[90mâ”€[39m[90mâ”€[39m[90mâ”[39m
Admin UI E2E (5, chrome)	Run Cypress	2025-01-08T13:25:27.4852753Z [90m  â”‚[39m [90mTests:[39m        [32m44[39m                                                                               [90mâ”‚[39m
Admin UI E2E (5, chrome)	Run Cypress	2025-01-08T13:25:27.4854351Z [90m  â”‚[39m [90mPassing:[39m      [32m44[39m                                                                               [90mâ”‚[39m
Admin UI E2E (5, chrome)	Run Cypress	2025-01-08T13:25:27.4855957Z [90m  â”‚[39m [90mFailing:[39m      [32m0[39m                                                                                [90mâ”‚[39m
Admin UI E2E (5, chrome)	Run Cypress	2025-01-08T13:25:27.4860763Z [90m  â”‚[39m [90mPending:[39m      [32m0[39m                                                                                [90mâ”‚[39m
Admin UI E2E (5, chrome)	Run Cypress	2025-01-08T13:25:27.4862105Z [90m  â”‚[39m [90mSkipped:[39m      [32m0[39m                                                                                [90mâ”‚[39m
Admin UI E2E (5, chrome)	Run Cypress	2025-01-08T13:25:27.4863405Z [90m  â”‚[39m [90mScreenshots:[39m  [32m0[39m                                                                                [90mâ”‚[39m
Admin UI E2E (5, chrome)	Run Cypress	2025-01-08T13:25:27.4864714Z [90m  â”‚[39m [90mVideo:[39m        [32mfalse[39m                                                                            [90mâ”‚[39m
Admin UI E2E (5, chrome)	Run Cypress	2025-01-08T13:25:27.4865669Z [90m  â”‚[39m [90mDuration:[39m     [32m3 minutes, 19 seconds[39m                                                            [90mâ”‚[39m
Admin UI E2E (5, chrome)	Run Cypress	2025-01-08T13:25:27.4867217Z [90m  â”‚[39m [90mSpec Ran:[39m     [32m[32musers_test.spec.ts[32m[39m                                                               [90mâ”‚[39m
Admin UI E2E (5, chrome)	Run Cypress	2025-01-08T13:25:27.4873264Z [90m  â””[39m[90mâ”€[39m[90mâ”€[39m[90mâ”€[39m[90mâ”€[39m[90mâ”€[39m[90mâ”€[39m[90mâ”€[39m[90mâ”€[39m[90mâ”€[39m[90mâ”€[39m[90mâ”€[39m[90mâ”€[39m[90mâ”€[39m[90mâ”€[39m[90mâ”€[39m[90mâ”€[39m[90mâ”€[39m[90mâ”€[39m[90mâ”€[39m[90mâ”€[39m[90mâ”€[39m[90mâ”€[39m[90mâ”€[39m[90mâ”€[39m[90mâ”€[39m[90mâ”€[39m[90mâ”€[39m[90mâ”€[39m[90mâ”€[39m[90mâ”€[39m[90mâ”€[39m[90mâ”€[39m[90mâ”€[39m[90mâ”€[39m[90mâ”€[39m[90mâ”€[39m[90mâ”€[39m[90mâ”€[39m[90mâ”€[39m[90mâ”€[39m[90mâ”€[39m[90mâ”€[39m[90mâ”€[39m[90mâ”€[39m[90mâ”€[39m[90mâ”€[39m[90mâ”€[39m[90mâ”€[39m[90mâ”€[39m[90mâ”€[39m[90mâ”€[39m[90mâ”€[39m[90mâ”€[39m[90mâ”€[39m[90mâ”€[39m[90mâ”€[39m[90mâ”€[39m[90mâ”€[39m[90mâ”€[39m[90mâ”€[39m[90mâ”€[39m[90mâ”€[39m[90mâ”€[39m[90mâ”€[39m[90mâ”€[39m[90mâ”€[39m[90mâ”€[39m[90mâ”€[39m[90mâ”€[39m[90mâ”€[39m[90mâ”€[39m[90mâ”€[39m[90mâ”€[39m[90mâ”€[39m[90mâ”€[39m[90mâ”€[39m[90mâ”€[39m[90mâ”€[39m[90mâ”€[39m[90mâ”€[39m[90mâ”€[39m[90mâ”€[39m[90mâ”€[39m[90mâ”€[39m[90mâ”€[39m[90mâ”€[39m[90mâ”€[39m[90mâ”€[39m[90mâ”€[39m[90mâ”€[39m[90mâ”€[39m[90mâ”€[39m[90mâ”€[39m[90mâ”€[39m[90mâ”€[39m[90mâ”€[39m[90mâ”˜[39m
Admin UI E2E (5, chrome)	Run Cypress	2025-01-08T13:25:27.4875370Z 
Admin UI E2E (5, chrome)	Run Cypress	2025-01-08T13:25:27.5181637Z 
Admin UI E2E (5, chrome)	Run Cypress	2025-01-08T13:25:27.5193708Z [90mâ”€[39m[90mâ”€[39m[90mâ”€[39m[90mâ”€[39m[90mâ”€[39m[90mâ”€[39m[90mâ”€[39m[90mâ”€[39m[90mâ”€[39m[90mâ”€[39m[90mâ”€[39m[90mâ”€[39m[90mâ”€[39m[90mâ”€[39m[90mâ”€[39m[90mâ”€[39m[90mâ”€[39m[90mâ”€[39m[90mâ”€[39m[90mâ”€[39m[90mâ”€[39m[90mâ”€[39m[90mâ”€[39m[90mâ”€[39m[90mâ”€[39m[90mâ”€[39m[90mâ”€[39m[90mâ”€[39m[90mâ”€[39m[90mâ”€[39m[90mâ”€[39m[90mâ”€[39m[90mâ”€[39m[90mâ”€[39m[90mâ”€[39m[90mâ”€[39m[90mâ”€[39m[90mâ”€[39m[90mâ”€[39m[90mâ”€[39m[90mâ”€[39m[90mâ”€[39m[90mâ”€[39m[90mâ”€[39m[90mâ”€[39m[90mâ”€[39m[90mâ”€[39m[90mâ”€[39m[90mâ”€[39m[90mâ”€[39m[90mâ”€[39m[90mâ”€[39m[90mâ”€[39m[90mâ”€[39m[90mâ”€[39m[90mâ”€[39m[90mâ”€[39m[90mâ”€[39m[90mâ”€[39m[90mâ”€[39m[90mâ”€[39m[90mâ”€[39m[90mâ”€[39m[90mâ”€[39m[90mâ”€[39m[90mâ”€[39m[90mâ”€[39m[90mâ”€[39m[90mâ”€[39m[90mâ”€[39m[90mâ”€[39m[90mâ”€[39m[90mâ”€[39m[90mâ”€[39m[90mâ”€[39m[90mâ”€[39m[90mâ”€[39m[90mâ”€[39m[90mâ”€[39m[90mâ”€[39m[90mâ”€[39m[90mâ”€[39m[90mâ”€[39m[90mâ”€[39m[90mâ”€[39m[90mâ”€[39m[90mâ”€[39m[90mâ”€[39m[90mâ”€[39m[90mâ”€[39m[90mâ”€[39m[90mâ”€[39m[90mâ”€[39m[90mâ”€[39m[90mâ”€[39m[90mâ”€[39m[90mâ”€[39m[90mâ”€[39m[90mâ”€[39m[90mâ”€[39m
Admin UI E2E (5, chrome)	Run Cypress	2025-01-08T13:25:27.5198239Z                                                                                                     
Admin UI E2E (5, chrome)	Run Cypress	2025-01-08T13:25:27.5199341Z   Running:  [90muser_fed_ldap_hardcoded_mapper_test.spec.ts[39m                                     [90m(4 of 8)[39m
Admin UI E2E (5, chrome)	Run Cypress	2025-01-08T13:25:30.7698355Z 
Admin UI E2E (5, chrome)	Run Cypress	2025-01-08T13:25:30.7700481Z [0m[0m
Admin UI E2E (5, chrome)	Run Cypress	2025-01-08T13:25:30.7734663Z [0m  User Fed LDAP mapper tests[0m
Admin UI E2E (5, chrome)	Run Cypress	2025-01-08T13:25:41.2597688Z   [32m  âœ“[0m[90m Create LDAP provider from empty state[0m[90m (10477ms)[0m
Admin UI E2E (5, chrome)	Run Cypress	2025-01-08T13:25:43.7253129Z   [32m  âœ“[0m[90m Create group[0m[90m (2410ms)[0m
Admin UI E2E (5, chrome)	Run Cypress	2025-01-08T13:25:52.8230357Z   [32m  âœ“[0m[90m Create client and role[0m[90m (9021ms)[0m
Admin UI E2E (5, chrome)	Run Cypress	2025-01-08T13:25:58.3638756Z   [32m  âœ“[0m[90m Delete default mappers[0m[90m (5457ms)[0m
Admin UI E2E (5, chrome)	Run Cypress	2025-01-08T13:26:03.9831718Z   [32m  âœ“[0m[90m Create hardcoded attribute mapper[0m[90m (5553ms)[0m
Admin UI E2E (5, chrome)	Run Cypress	2025-01-08T13:26:09.5441059Z   [32m  âœ“[0m[90m Create hardcoded ldap group mapper[0m[90m (5502ms)[0m
Admin UI E2E (5, chrome)	Run Cypress	2025-01-08T13:26:15.0587053Z   [32m  âœ“[0m[90m Create hardcoded ldap attribute mapper[0m[90m (5457ms)[0m
Admin UI E2E (5, chrome)	Run Cypress	2025-01-08T13:26:20.4283290Z   [32m  âœ“[0m[90m Create hardcoded ldap role mapper[0m[90m (5290ms)[0m
Admin UI E2E (5, chrome)	Run Cypress	2025-01-08T13:26:25.9728756Z   [32m  âœ“[0m[90m Create role ldap mapper[0m[90m (5490ms)[0m
Admin UI E2E (5, chrome)	Run Cypress	2025-01-08T13:26:29.1178034Z   [32m  âœ“[0m[90m Cleanup - delete LDAP provider[0m[90m (3109ms)[0m
Admin UI E2E (5, chrome)	Run Cypress	2025-01-08T13:26:31.0231297Z   [32m  âœ“[0m[90m Cleanup - delete group[0m[90m (1866ms)[0m
Admin UI E2E (5, chrome)	Run Cypress	2025-01-08T13:26:33.1647871Z   [32m  âœ“[0m[90m Cleanup - delete client[0m[90m (2067ms)[0m
Admin UI E2E (5, chrome)	Run Cypress	2025-01-08T13:26:33.1648692Z 
Admin UI E2E (5, chrome)	Run Cypress	2025-01-08T13:26:33.1931608Z 
Admin UI E2E (5, chrome)	Run Cypress	2025-01-08T13:26:33.1935773Z [92m [0m[32m 12 passing[0m[90m (1m)[0m
Admin UI E2E (5, chrome)	Run Cypress	2025-01-08T13:26:33.1941301Z 
Admin UI E2E (5, chrome)	Run Cypress	2025-01-08T13:26:34.2260032Z 
Admin UI E2E (5, chrome)	Run Cypress	2025-01-08T13:26:34.2261470Z [32m  ([4m[1mResults[22m[24m)[39m
Admin UI E2E (5, chrome)	Run Cypress	2025-01-08T13:26:34.2267133Z 
Admin UI E2E (5, chrome)	Run Cypress	2025-01-08T13:26:34.2283088Z [90m  â”Œ[39m[90mâ”€[39m[90mâ”€[39m[90mâ”€[39m[90mâ”€[39m[90mâ”€[39m[90mâ”€[39m[90mâ”€[39m[90mâ”€[39m[90mâ”€[39m[90mâ”€[39m[90mâ”€[39m[90mâ”€[39m[90mâ”€[39m[90mâ”€[39m[90mâ”€[39m[90mâ”€[39m[90mâ”€[39m[90mâ”€[39m[90mâ”€[39m[90mâ”€[39m[90mâ”€[39m[90mâ”€[39m[90mâ”€[39m[90mâ”€[39m[90mâ”€[39m[90mâ”€[39m[90mâ”€[39m[90mâ”€[39m[90mâ”€[39m[90mâ”€[39m[90mâ”€[39m[90mâ”€[39m[90mâ”€[39m[90mâ”€[39m[90mâ”€[39m[90mâ”€[39m[90mâ”€[39m[90mâ”€[39m[90mâ”€[39m[90mâ”€[39m[90mâ”€[39m[90mâ”€[39m[90mâ”€[39m[90mâ”€[39m[90mâ”€[39m[90mâ”€[39m[90mâ”€[39m[90mâ”€[39m[90mâ”€[39m[90mâ”€[39m[90mâ”€[39m[90mâ”€[39m[90mâ”€[39m[90mâ”€[39m[90mâ”€[39m[90mâ”€[39m[90mâ”€[39m[90mâ”€[39m[90mâ”€[39m[90mâ”€[39m[90mâ”€[39m[90mâ”€[39m[90mâ”€[39m[90mâ”€[39m[90mâ”€[39m[90mâ”€[39m[90mâ”€[39m[90mâ”€[39m[90mâ”€[39m[90mâ”€[39m[90mâ”€[39m[90mâ”€[39m[90mâ”€[39m[90mâ”€[39m[90mâ”€[39m[90mâ”€[39m[90mâ”€[39m[90mâ”€[39m[90mâ”€[39m[90mâ”€[39m[90mâ”€[39m[90mâ”€[39m[90mâ”€[39m[90mâ”€[39m[90mâ”€[39m[90mâ”€[39m[90mâ”€[39m[90mâ”€[39m[90mâ”€[39m[90mâ”€[39m[90mâ”€[39m[90mâ”€[39m[90mâ”€[39m[90mâ”€[39m[90mâ”€[39m[90mâ”€[39m[90mâ”[39m
Admin UI E2E (5, chrome)	Run Cypress	2025-01-08T13:26:34.2287756Z [90m  â”‚[39m [90mTests:[39m        [32m12[39m                                                                               [90mâ”‚[39m
Admin UI E2E (5, chrome)	Run Cypress	2025-01-08T13:26:34.2288967Z [90m  â”‚[39m [90mPassing:[39m      [32m12[39m                                                                               [90mâ”‚[39m
Admin UI E2E (5, chrome)	Run Cypress	2025-01-08T13:26:34.2290133Z [90m  â”‚[39m [90mFailing:[39m      [32m0[39m                                                                                [90mâ”‚[39m
Admin UI E2E (5, chrome)	Run Cypress	2025-01-08T13:26:34.2291276Z [90m  â”‚[39m [90mPending:[39m      [32m0[39m                                                                                [90mâ”‚[39m
Admin UI E2E (5, chrome)	Run Cypress	2025-01-08T13:26:34.2292455Z [90m  â”‚[39m [90mSkipped:[39m      [32m0[39m                                                                                [90mâ”‚[39m
Admin UI E2E (5, chrome)	Run Cypress	2025-01-08T13:26:34.2293732Z [90m  â”‚[39m [90mScreenshots:[39m  [32m0[39m                                                                                [90mâ”‚[39m
Admin UI E2E (5, chrome)	Run Cypress	2025-01-08T13:26:34.2295204Z [90m  â”‚[39m [90mVideo:[39m        [32mfalse[39m                                                                            [90mâ”‚[39m
Admin UI E2E (5, chrome)	Run Cypress	2025-01-08T13:26:34.2297161Z [90m  â”‚[39m [90mDuration:[39m     [32m1 minute, 2 seconds[39m                                                              [90mâ”‚[39m
Admin UI E2E (5, chrome)	Run Cypress	2025-01-08T13:26:34.2298720Z [90m  â”‚[39m [90mSpec Ran:[39m     [32m[32muser_fed_ldap_hardcoded_mapper_test.spec.ts[32m[39m                                      [90mâ”‚[39m
Admin UI E2E (5, chrome)	Run Cypress	2025-01-08T13:26:34.2305643Z [90m  â””[39m[90mâ”€[39m[90mâ”€[39m[90mâ”€[39m[90mâ”€[39m[90mâ”€[39m[90mâ”€[39m[90mâ”€[39m[90mâ”€[39m[90mâ”€[39m[90mâ”€[39m[90mâ”€[39m[90mâ”€[39m[90mâ”€[39m[90mâ”€[39m[90mâ”€[39m[90mâ”€[39m[90mâ”€[39m[90mâ”€[39m[90mâ”€[39m[90mâ”€[39m[90mâ”€[39m[90mâ”€[39m[90mâ”€[39m[90mâ”€[39m[90mâ”€[39m[90mâ”€[39m[90mâ”€[39m[90mâ”€[39m[90mâ”€[39m[90mâ”€[39m[90mâ”€[39m[90mâ”€[39m[90mâ”€[39m[90mâ”€[39m[90mâ”€[39m[90mâ”€[39m[90mâ”€[39m[90mâ”€[39m[90mâ”€[39m[90mâ”€[39m[90mâ”€[39m[90mâ”€[39m[90mâ”€[39m[90mâ”€[39m[90mâ”€[39m[90mâ”€[39m[90mâ”€[39m[90mâ”€[39m[90mâ”€[39m[90mâ”€[39m[90mâ”€[39m[90mâ”€[39m[90mâ”€[39m[90mâ”€[39m[90mâ”€[39m[90mâ”€[39m[90mâ”€[39m[90mâ”€[39m[90mâ”€[39m[90mâ”€[39m[90mâ”€[39m[90mâ”€[39m[90mâ”€[39m[90mâ”€[39m[90mâ”€[39m[90mâ”€[39m[90mâ”€[39m[90mâ”€[39m[90mâ”€[39m[90mâ”€[39m[90mâ”€[39m[90mâ”€[39m[90mâ”€[39m[90mâ”€[39m[90mâ”€[39m[90mâ”€[39m[90mâ”€[39m[90mâ”€[39m[90mâ”€[39m[90mâ”€[39m[90mâ”€[39m[90mâ”€[39m[90mâ”€[39m[90mâ”€[39m[90mâ”€[39m[90mâ”€[39m[90mâ”€[39m[90mâ”€[39m[90mâ”€[39m[90mâ”€[39m[90mâ”€[39m[90mâ”€[39m[90mâ”€[39m[90mâ”€[39m[90mâ”€[39m[90mâ”€[39m[90mâ”˜[39m
Admin UI E2E (5, chrome)	Run Cypress	2025-01-08T13:26:34.2309925Z 
Admin UI E2E (5, chrome)	Run Cypress	2025-01-08T13:26:34.2617410Z 
Admin UI E2E (5, chrome)	Run Cypress	2025-01-08T13:26:34.2629371Z [90mâ”€[39m[90mâ”€[39m[90mâ”€[39m[90mâ”€[39m[90mâ”€[39m[90mâ”€[39m[90mâ”€[39m[90mâ”€[39m[90mâ”€[39m[90mâ”€[39m[90mâ”€[39m[90mâ”€[39m[90mâ”€[39m[90mâ”€[39m[90mâ”€[39m[90mâ”€[39m[90mâ”€[39m[90mâ”€[39m[90mâ”€[39m[90mâ”€[39m[90mâ”€[39m[90mâ”€[39m[90mâ”€[39m[90mâ”€[39m[90mâ”€[39m[90mâ”€[39m[90mâ”€[39m[90mâ”€[39m[90mâ”€[39m[90mâ”€[39m[90mâ”€[39m[90mâ”€[39m[90mâ”€[39m[90mâ”€[39m[90mâ”€[39m[90mâ”€[39m[90mâ”€[39m[90mâ”€[39m[90mâ”€[39m[90mâ”€[39m[90mâ”€[39m[90mâ”€[39m[90mâ”€[39m[90mâ”€[39m[90mâ”€[39m[90mâ”€[39m[90mâ”€[39m[90mâ”€[39m[90mâ”€[39m[90mâ”€[39m[90mâ”€[39m[90mâ”€[39m[90mâ”€[39m[90mâ”€[39m[90mâ”€[39m[90mâ”€[39m[90mâ”€[39m[90mâ”€[39m[90mâ”€[39m[90mâ”€[39m[90mâ”€[39m[90mâ”€[39m[90mâ”€[39m[90mâ”€[39m[90mâ”€[39m[90mâ”€[39m[90mâ”€[39m[90mâ”€[39m[90mâ”€[39m[90mâ”€[39m[90mâ”€[39m[90mâ”€[39m[90mâ”€[39m[90mâ”€[39m[90mâ”€[39m[90mâ”€[39m[90mâ”€[39m[90mâ”€[39m[90mâ”€[39m[90mâ”€[39m[90mâ”€[39m[90mâ”€[39m[90mâ”€[39m[90mâ”€[39m[90mâ”€[39m[90mâ”€[39m[90mâ”€[39m[90mâ”€[39m[90mâ”€[39m[90mâ”€[39m[90mâ”€[39m[90mâ”€[39m[90mâ”€[39m[90mâ”€[39m[90mâ”€[39m[90mâ”€[39m[90mâ”€[39m[90mâ”€[39m[90mâ”€[39m[90mâ”€[39m
Admin UI E2E (5, chrome)	Run Cypress	2025-01-08T13:26:34.2634376Z                                                                                                     
Admin UI E2E (5, chrome)	Run Cypress	2025-01-08T13:26:34.2635405Z   Running:  [90mclients_test.spec.ts[39m                                                            [90m(5 of 8)[39m
Admin UI E2E (5, chrome)	Run Cypress	2025-01-08T13:26:38.5572367Z 
Admin UI E2E (5, chrome)	Run Cypress	2025-01-08T13:26:38.5574471Z [0m[0m
Admin UI E2E (5, chrome)	Run Cypress	2025-01-08T13:26:38.5603250Z [0m  Clients test[0m
Admin UI E2E (5, chrome)	Run Cypress	2025-01-08T13:26:39.3099807Z [0m    Client creation[0m
Admin UI E2E (5, chrome)	Run Cypress	2025-01-08T13:26:44.1840011Z     [32m  âœ“[0m[90m Should cancel creating client[0m[90m (5581ms)[0m
Admin UI E2E (5, chrome)	Run Cypress	2025-01-08T13:26:52.9459749Z     [32m  âœ“[0m[90m Should check settings elements[0m[90m (8651ms)[0m
Admin UI E2E (5, chrome)	Run Cypress	2025-01-08T13:26:55.9152138Z     [32m  âœ“[0m[90m Should navigate to previous using 'back' button[0m[90m (2888ms)[0m
Admin UI E2E (5, chrome)	Run Cypress	2025-01-08T13:26:59.4006786Z     [32m  âœ“[0m[90m Should fail creating client[0m[90m (3450ms)[0m
Admin UI E2E (5, chrome)	Run Cypress	2025-01-08T13:27:07.7987371Z     [32m  âœ“[0m[90m Client CRUD test[0m[90m (8298ms)[0m
Admin UI E2E (5, chrome)	Run Cypress	2025-01-08T13:27:10.2191350Z     [32m  âœ“[0m[90m Should fail to create imported client with empty ID[0m[90m (2364ms)[0m
Admin UI E2E (5, chrome)	Run Cypress	2025-01-08T13:27:15.2906365Z     [32m  âœ“[0m[90m Should fail to create client with same ID[0m[90m (5025ms)[0m
Admin UI E2E (5, chrome)	Run Cypress	2025-01-08T13:27:17.3108497Z     [32m  âœ“[0m[90m should delete 'identical' client id[0m[90m (1958ms)[0m
Admin UI E2E (5, chrome)	Run Cypress	2025-01-08T13:27:17.3316619Z [0m    Service account tab test[0m
Admin UI E2E (5, chrome)	Run Cypress	2025-01-08T13:27:21.5031846Z     [32m  âœ“[0m[90m List[0m[90m (4150ms)[0m
Admin UI E2E (5, chrome)	Run Cypress	2025-01-08T13:27:59.5419989Z       [33m(Attempt 1 of 4)[0m Assign
Admin UI E2E (5, chrome)	Run Cypress	2025-01-08T13:28:42.7818163Z       [33m(Attempt 2 of 4)[0m Assign
Admin UI E2E (5, chrome)	Run Cypress	2025-01-08T13:29:30.6326261Z       [33m(Attempt 3 of 4)[0m Assign
Admin UI E2E (5, chrome)	Run Cypress	2025-01-08T13:30:24.0295307Z     [31m  1) Assign[0m
Admin UI E2E (5, chrome)	Run Cypress	2025-01-08T13:30:24.7757936Z [0m    Mapping tab[0m
Admin UI E2E (5, chrome)	Run Cypress	2025-01-08T13:30:31.9635998Z     [32m  âœ“[0m[90m Add mapping to openid client[0m[90m (6906ms)[0m
Admin UI E2E (5, chrome)	Run Cypress	2025-01-08T13:30:32.0026077Z [0m    Keys tab test[0m
Admin UI E2E (5, chrome)	Run Cypress	2025-01-08T13:30:38.7614623Z     [32m  âœ“[0m[90m Generate new keys[0m[90m (6537ms)[0m
Admin UI E2E (5, chrome)	Run Cypress	2025-01-08T13:30:38.7774512Z [0m    Realm client[0m
Admin UI E2E (5, chrome)	Run Cypress	2025-01-08T13:30:41.7223378Z     [32m  âœ“[0m[90m Displays the correct tabs[0m[90m (2899ms)[0m
Admin UI E2E (5, chrome)	Run Cypress	2025-01-08T13:30:44.6243724Z     [32m  âœ“[0m[90m Hides the delete action[0m[90m (2854ms)[0m
Admin UI E2E (5, chrome)	Run Cypress	2025-01-08T13:30:44.6345412Z [0m    ***
Admin UI E2E (5, chrome)	Run Cypress	2025-01-08T13:30:48.8677865Z     [32m  âœ“[0m[90m Shows an explainer text for bearer only clients[0m[90m (4122ms)[0m
Admin UI E2E (5, chrome)	Run Cypress	2025-01-08T13:30:53.0160566Z     [32m  âœ“[0m[90m Hides the capability config section[0m[90m (3835ms)[0m
Admin UI E2E (5, chrome)	Run Cypress	2025-01-08T13:30:53.0278015Z [0m    Generated home URLs for built-in clients[0m
Admin UI E2E (5, chrome)	Run Cypress	2025-01-08T13:30:55.4667239Z     [32m  âœ“[0m[90m Check account-console Home URL[0m[90m (2302ms)[0m
Admin UI E2E (5, chrome)	Run Cypress	2025-01-08T13:30:57.9191888Z     [32m  âœ“[0m[90m Check security-admin-console Home URL[0m[90m (2316ms)[0m
Admin UI E2E (5, chrome)	Run Cypress	2025-01-08T13:30:57.9316620Z [0m    Accessibility tests for clients[0m
Admin UI E2E (5, chrome)	Run Cypress	2025-01-08T13:31:00.9348132Z     [32m  âœ“[0m[90m Check a11y violations on load/ clients list tab[0m[90m (2939ms)[0m
Admin UI E2E (5, chrome)	Run Cypress	2025-01-08T13:31:04.1066758Z     [32m  âœ“[0m[90m Check a11y violations on create client page[0m[90m (3114ms)[0m
Admin UI E2E (5, chrome)	Run Cypress	2025-01-08T13:31:14.8814813Z     [32m  âœ“[0m[90m Check a11y violations on client details page[0m[90m (10652ms)[0m
Admin UI E2E (5, chrome)	Run Cypress	2025-01-08T13:31:17.6239752Z     [32m  âœ“[0m[90m Check a11y violations in delete dialog[0m[90m (2677ms)[0m
Admin UI E2E (5, chrome)	Run Cypress	2025-01-08T13:31:21.1455682Z     [32m  âœ“[0m[90m Check a11y violations on client registration/ anonymous access policies tab[0m[90m (3384ms)[0m
Admin UI E2E (5, chrome)	Run Cypress	2025-01-08T13:31:23.8701187Z     [32m  âœ“[0m[90m Check a11y violations on client registration/ authenticated access policies tab[0m[90m (2283ms)[0m
Admin UI E2E (5, chrome)	Run Cypress	2025-01-08T13:31:23.8726392Z 
Admin UI E2E (5, chrome)	Run Cypress	2025-01-08T13:31:23.9104390Z 
Admin UI E2E (5, chrome)	Run Cypress	2025-01-08T13:31:23.9106090Z [92m [0m[32m 23 passing[0m[90m (5m)[0m
Admin UI E2E (5, chrome)	Run Cypress	2025-01-08T13:31:23.9106879Z [31m  1 failing[0m
Admin UI E2E (5, chrome)	Run Cypress	2025-01-08T13:31:23.9109214Z 
Admin UI E2E (5, chrome)	Run Cypress	2025-01-08T13:31:23.9112641Z [0m  1) Clients test
Admin UI E2E (5, chrome)	Run Cypress	2025-01-08T13:31:23.9113113Z        Service account tab test
Admin UI E2E (5, chrome)	Run Cypress	2025-01-08T13:31:23.9113524Z          Assign:
Admin UI E2E (5, chrome)	Run Cypress	2025-01-08T13:31:23.9115351Z [0m[31m     AssertionError: Timed out retrying after 30000ms: expected '[ <td.pf-v5-c-table__td.pf-v5-c-table__check>, 39 more... ]' not to contain 'create-realm-793836ba-8f4c-4577-8a13-001dc87390d1'[0m[90m
Admin UI E2E (5, chrome)	Run Cypress	2025-01-08T13:31:23.9117405Z       at Context.eval (webpack://@keycloak/keycloak-admin-ui/./cypress/support/pages/admin-ui/manage/RoleMappingTab.ts:91:0)
Admin UI E2E (5, chrome)	Run Cypress	2025-01-08T13:31:23.9118376Z [0m
Admin UI E2E (5, chrome)	Run Cypress	2025-01-08T13:31:23.9118550Z 
Admin UI E2E (5, chrome)	Run Cypress	2025-01-08T13:31:23.9118561Z 
Admin UI E2E (5, chrome)	Run Cypress	2025-01-08T13:31:24.9289734Z 
Admin UI E2E (5, chrome)	Run Cypress	2025-01-08T13:31:24.9290928Z [31m  ([4m[1mResults[22m[24m)[39m
Admin UI E2E (5, chrome)	Run Cypress	2025-01-08T13:31:24.9309550Z 
Admin UI E2E (5, chrome)	Run Cypress	2025-01-08T13:31:24.9327229Z [90m  â”Œ[39m[90mâ”€[39m[90mâ”€[39m[90mâ”€[39m[90mâ”€[39m[90mâ”€[39m[90mâ”€[39m[90mâ”€[39m[90mâ”€[39m[90mâ”€[39m[90mâ”€[39m[90mâ”€[39m[90mâ”€[39m[90mâ”€[39m[90mâ”€[39m[90mâ”€[39m[90mâ”€[39m[90mâ”€[39m[90mâ”€[39m[90mâ”€[39m[90mâ”€[39m[90mâ”€[39m[90mâ”€[39m[90mâ”€[39m[90mâ”€[39m[90mâ”€[39m[90mâ”€[39m[90mâ”€[39m[90mâ”€[39m[90mâ”€[39m[90mâ”€[39m[90mâ”€[39m[90mâ”€[39m[90mâ”€[39m[90mâ”€[39m[90mâ”€[39m[90mâ”€[39m[90mâ”€[39m[90mâ”€[39m[90mâ”€[39m[90mâ”€[39m[90mâ”€[39m[90mâ”€[39m[90mâ”€[39m[90mâ”€[39m[90mâ”€[39m[90mâ”€[39m[90mâ”€[39m[90mâ”€[39m[90mâ”€[39m[90mâ”€[39m[90mâ”€[39m[90mâ”€[39m[90mâ”€[39m[90mâ”€[39m[90mâ”€[39m[90mâ”€[39m[90mâ”€[39m[90mâ”€[39m[90mâ”€[39m[90mâ”€[39m[90mâ”€[39m[90mâ”€[39m[90mâ”€[39m[90mâ”€[39m[90mâ”€[39m[90mâ”€[39m[90mâ”€[39m[90mâ”€[39m[90mâ”€[39m[90mâ”€[39m[90mâ”€[39m[90mâ”€[39m[90mâ”€[39m[90mâ”€[39m[90mâ”€[39m[90mâ”€[39m[90mâ”€[39m[90mâ”€[39m[90mâ”€[39m[90mâ”€[39m[90mâ”€[39m[90mâ”€[39m[90mâ”€[39m[90mâ”€[39m[90mâ”€[39m[90mâ”€[39m[90mâ”€[39m[90mâ”€[39m[90mâ”€[39m[90mâ”€[39m[90mâ”€[39m[90mâ”€[39m[90mâ”€[39m[90mâ”€[39m[90mâ”€[39m[90mâ”€[39m[90mâ”[39m
Admin UI E2E (5, chrome)	Run Cypress	2025-01-08T13:31:24.9332660Z [90m  â”‚[39m [90mTests:[39m        [31m24[39m                                                                               [90mâ”‚[39m
Admin UI E2E (5, chrome)	Run Cypress	2025-01-08T13:31:24.9334034Z [90m  â”‚[39m [90mPassing:[39m      [31m23[39m                                                                               [90mâ”‚[39m
Admin UI E2E (5, chrome)	Run Cypress	2025-01-08T13:31:24.9336228Z [90m  â”‚[39m [90mFailing:[39m      [31m1[39m                                                                                [90mâ”‚[39m
Admin UI E2E (5, chrome)	Run Cypress	2025-01-08T13:31:24.9337232Z [90m  â”‚[39m [90mPending:[39m      [31m0[39m                                                                                [90mâ”‚[39m
Admin UI E2E (5, chrome)	Run Cypress	2025-01-08T13:31:24.9337959Z [90m  â”‚[39m [90mSkipped:[39m      [31m0[39m                                                                                [90mâ”‚[39m
Admin UI E2E (5, chrome)	Run Cypress	2025-01-08T13:31:24.9338993Z [90m  â”‚[39m [90mScreenshots:[39m  [31m4[39m                                                                                [90mâ”‚[39m
Admin UI E2E (5, chrome)	Run Cypress	2025-01-08T13:31:24.9339712Z [90m  â”‚[39m [90mVideo:[39m        [31mtrue[39m                                                                             [90mâ”‚[39m
Admin UI E2E (5, chrome)	Run Cypress	2025-01-08T13:31:24.9340661Z [90m  â”‚[39m [90mDuration:[39m     [31m4 minutes, 45 seconds[39m                                                            [90mâ”‚[39m
Admin UI E2E (5, chrome)	Run Cypress	2025-01-08T13:31:24.9341558Z [90m  â”‚[39m [90mSpec Ran:[39m     [31m[31mclients_test.spec.ts[31m[39m                                                             [90mâ”‚[39m
Admin UI E2E (5, chrome)	Run Cypress	2025-01-08T13:31:24.9346242Z [90m  â””[39m[90mâ”€[39m[90mâ”€[39m[90mâ”€[39m[90mâ”€[39m[90mâ”€[39m[90mâ”€[39m[90mâ”€[39m[90mâ”€[39m[90mâ”€[39m[90mâ”€[39m[90mâ”€[39m[90mâ”€[39m[90mâ”€[39m[90mâ”€[39m[90mâ”€[39m[90mâ”€[39m[90mâ”€[39m[90mâ”€[39m[90mâ”€[39m[90mâ”€[39m[90mâ”€[39m[90mâ”€[39m[90mâ”€[39m[90mâ”€[39m[90mâ”€[39m[90mâ”€[39m[90mâ”€[39m[90mâ”€[39m[90mâ”€[39m[90mâ”€[39m[90mâ”€[39m[90mâ”€[39m[90mâ”€[39m[90mâ”€[39m[90mâ”€[39m[90mâ”€[39m[90mâ”€[39m[90mâ”€[39m[90mâ”€[39m[90mâ”€[39m[90mâ”€[39m[90mâ”€[39m[90mâ”€[39m[90mâ”€[39m[90mâ”€[39m[90mâ”€[39m[90mâ”€[39m[90mâ”€[39m[90mâ”€[39m[90mâ”€[39m[90mâ”€[39m[90mâ”€[39m[90mâ”€[39m[90mâ”€[39m[90mâ”€[39m[90mâ”€[39m[90mâ”€[39m[90mâ”€[39m[90mâ”€[39m[90mâ”€[39m[90mâ”€[39m[90mâ”€[39m[90mâ”€[39m[90mâ”€[39m[90mâ”€[39m[90mâ”€[39m[90mâ”€[39m[90mâ”€[39m[90mâ”€[39m[90mâ”€[39m[90mâ”€[39m[90mâ”€[39m[90mâ”€[39m[90mâ”€[39m[90mâ”€[39m[90mâ”€[39m[90mâ”€[39m[90mâ”€[39m[90mâ”€[39m[90mâ”€[39m[90mâ”€[39m[90mâ”€[39m[90mâ”€[39m[90mâ”€[39m[90mâ”€[39m[90mâ”€[39m[90mâ”€[39m[90mâ”€[39m[90mâ”€[39m[90mâ”€[39m[90mâ”€[39m[90mâ”€[39m[90mâ”€[39m[90mâ”€[39m[90mâ”€[39m[90mâ”€[39m[90mâ”˜[39m
Admin UI E2E (5, chrome)	Run Cypress	2025-01-08T13:31:24.9348540Z 
Admin UI E2E (5, chrome)	Run Cypress	2025-01-08T13:31:24.9348551Z 
Admin UI E2E (5, chrome)	Run Cypress	2025-01-08T13:31:24.9348865Z [33m  ([4m[1mScreenshots[22m[24m)[39m
Admin UI E2E (5, chrome)	Run Cypress	2025-01-08T13:31:24.9349192Z 
Admin UI E2E (5, chrome)	Run Cypress	2025-01-08T13:31:24.9350314Z [90m [39m -  [0m/home/runner/work/keycloak/keycloak/js/apps/admin-ui/cypress/screenshots/clients[0m     [90m[90m(1280x633)[90m[39m
Admin UI E2E (5, chrome)	Run Cypress	2025-01-08T13:31:24.9352819Z [90m [39m    [0m_test.spec.ts/Clients test -- Service account tab test -- Assign (failed).png[0m                  
Admin UI E2E (5, chrome)	Run Cypress	2025-01-08T13:31:24.9354932Z [90m [39m -  [0m/home/runner/work/keycloak/keycloak/js/apps/admin-ui/cypress/screenshots/clients[0m     [90m[90m(1280x633)[90m[39m
Admin UI E2E (5, chrome)	Run Cypress	2025-01-08T13:31:24.9356362Z [90m [39m    [0m_test.spec.ts/Clients test -- Service account tab test -- Assign (failed) (attem[0m               
Admin UI E2E (5, chrome)	Run Cypress	2025-01-08T13:31:24.9358108Z [90m [39m    [0mpt 2).png[0m                                                                                      
Admin UI E2E (5, chrome)	Run Cypress	2025-01-08T13:31:24.9359015Z [90m [39m -  [0m/home/runner/work/keycloak/keycloak/js/apps/admin-ui/cypress/screenshots/clients[0m     [90m[90m(1280x633)[90m[39m
Admin UI E2E (5, chrome)	Run Cypress	2025-01-08T13:31:24.9359989Z [90m [39m    [0m_test.spec.ts/Clients test -- Service account tab test -- Assign (failed) (attem[0m               
Admin UI E2E (5, chrome)	Run Cypress	2025-01-08T13:31:24.9360690Z [90m [39m    [0mpt 3).png[0m                                                                                      
Admin UI E2E (5, chrome)	Run Cypress	2025-01-08T13:31:24.9361562Z [90m [39m -  [0m/home/runner/work/keycloak/keycloak/js/apps/admin-ui/cypress/screenshots/clients[0m     [90m[90m(1280x633)[90m[39m
Admin UI E2E (5, chrome)	Run Cypress	2025-01-08T13:31:24.9363178Z [90m [39m    [0m_test.spec.ts/Clients test -- Service account tab test -- Assign (failed) (attem[0m               
Admin UI E2E (5, chrome)	Run Cypress	2025-01-08T13:31:24.9364476Z [90m [39m    [0mpt 4).png[0m                                                                                      
Admin UI E2E (5, chrome)	Run Cypress	2025-01-08T13:31:24.9365201Z 
Admin UI E2E (5, chrome)	Run Cypress	2025-01-08T13:31:24.9683085Z 
Admin UI E2E (5, chrome)	Run Cypress	2025-01-08T13:31:24.9684241Z [36m  ([4m[1mVideo[22m[24m)[39m
Admin UI E2E (5, chrome)	Run Cypress	2025-01-08T13:31:24.9685185Z 
Admin UI E2E (5, chrome)	Run Cypress	2025-01-08T13:31:24.9686915Z   -  Video output: [36m/home/runner/work/keycloak/keycloak/js/apps/admin-ui/cypress/videos/clients_test.spec.ts.mp4[39m
Admin UI E2E (5, chrome)	Run Cypress	2025-01-08T13:31:24.9687756Z 
Admin UI E2E (5, chrome)	Run Cypress	2025-01-08T13:31:24.9687773Z 
Admin UI E2E (5, chrome)	Run Cypress	2025-01-08T13:31:24.9700232Z [90mâ”€[39m[90mâ”€[39m[90mâ”€[39m[90mâ”€[39m[90mâ”€[39m[90mâ”€[39m[90mâ”€[39m[90mâ”€[39m[90mâ”€[39m[90mâ”€[39m[90mâ”€[39m[90mâ”€[39m[90mâ”€[39m[90mâ”€[39m[90mâ”€[39m[90mâ”€[39m[90mâ”€[39m[90mâ”€[39m[90mâ”€[39m[90mâ”€[39m[90mâ”€[39m[90mâ”€[39m[90mâ”€[39m[90mâ”€[39m[90mâ”€[39m[90mâ”€[39m[90mâ”€[39m[90mâ”€[39m[90mâ”€[39m[90mâ”€[39m[90mâ”€[39m[90mâ”€[39m[90mâ”€[39m[90mâ”€[39m[90mâ”€[39m[90mâ”€[39m[90mâ”€[39m[90mâ”€[39m[90mâ”€[39m[90mâ”€[39m[90mâ”€[39m[90mâ”€[39m[90mâ”€[39m[90mâ”€[39m[90mâ”€[39m[90mâ”€[39m[90mâ”€[39m[90mâ”€[39m[90mâ”€[39m[90mâ”€[39m[90mâ”€[39m[90mâ”€[39m[90mâ”€[39m[90mâ”€[39m[90mâ”€[39m[90mâ”€[39m[90mâ”€[39m[90mâ”€[39m[90mâ”€[39m[90mâ”€[39m[90mâ”€[39m[90mâ”€[39m[90mâ”€[39m[90mâ”€[39m[90mâ”€[39m[90mâ”€[39m[90mâ”€[39m[90mâ”€[39m[90mâ”€[39m[90mâ”€[39m[90mâ”€[39m[90mâ”€[39m[90mâ”€[39m[90mâ”€[39m[90mâ”€[39m[90mâ”€[39m[90mâ”€[39m[90mâ”€[39m[90mâ”€[39m[90mâ”€[39m[90mâ”€[39m[90mâ”€[39m[90mâ”€[39m[90mâ”€[39m[90mâ”€[39m[90mâ”€[39m[90mâ”€[39m[90mâ”€[39m[90mâ”€[39m[90mâ”€[39m[90mâ”€[39m[90mâ”€[39m[90mâ”€[39m[90mâ”€[39m[90mâ”€[39m[90mâ”€[39m[90mâ”€[39m[90mâ”€[39m[90mâ”€[39m[90mâ”€[39m
Admin UI E2E (5, chrome)	Run Cypress	2025-01-08T13:31:24.9705011Z                                                                                                     
Admin UI E2E (5, chrome)	Run Cypress	2025-01-08T13:31:24.9706240Z   Running:  [90mclient_advanced.spec.ts[39m                                                         [90m(6 of 8)[39m
Admin UI E2E (5, chrome)	Run Cypress	2025-01-08T13:31:29.3780894Z 
Admin UI E2E (5, chrome)	Run Cypress	2025-01-08T13:31:29.3781672Z [0m[0m
Admin UI E2E (5, chrome)	Run Cypress	2025-01-08T13:31:29.3807073Z [0m  Advanced tab test[0m
Admin UI E2E (5, chrome)	Run Cypress	2025-01-08T13:31:37.6529677Z   [32m  âœ“[0m[90m Clustering[0m[90m (8217ms)[0m
Admin UI E2E (5, chrome)	Run Cypress	2025-01-08T13:31:41.3893356Z   [32m  âœ“[0m[90m Fine grain OpenID connect configuration[0m[90m (3700ms)[0m
Admin UI E2E (5, chrome)	Run Cypress	2025-01-08T13:31:45.5694718Z   [32m  âœ“[0m[90m OIDC Compatibility Modes configuration[0m[90m (4154ms)[0m
Admin UI E2E (5, chrome)	Run Cypress	2025-01-08T13:31:52.2092813Z   [32m  âœ“[0m[90m Client Offline Session Max[0m[90m (6600ms)[0m
Admin UI E2E (5, chrome)	Run Cypress	2025-01-08T13:31:58.3061736Z   [32m  âœ“[0m[90m Advanced settings[0m[90m (6004ms)[0m
Admin UI E2E (5, chrome)	Run Cypress	2025-01-08T13:32:05.0238051Z   [32m  âœ“[0m[90m Authentication flow override[0m[90m (6373ms)[0m
Admin UI E2E (5, chrome)	Run Cypress	2025-01-08T13:32:05.0248634Z 
Admin UI E2E (5, chrome)	Run Cypress	2025-01-08T13:32:05.0784609Z 
Admin UI E2E (5, chrome)	Run Cypress	2025-01-08T13:32:05.0786854Z [92m [0m[32m 6 passing[0m[90m (36s)[0m
Admin UI E2E (5, chrome)	Run Cypress	2025-01-08T13:32:05.0818323Z 
Admin UI E2E (5, chrome)	Run Cypress	2025-01-08T13:32:06.1019426Z 
Admin UI E2E (5, chrome)	Run Cypress	2025-01-08T13:32:06.1020837Z [32m  ([4m[1mResults[22m[24m)[39m
Admin UI E2E (5, chrome)	Run Cypress	2025-01-08T13:32:06.1026842Z 
Admin UI E2E (5, chrome)	Run Cypress	2025-01-08T13:32:06.1078960Z [90m  â”Œ[39m[90mâ”€[39m[90mâ”€[39m[90mâ”€[39m[90mâ”€[39m[90mâ”€[39m[90mâ”€[39m[90mâ”€[39m[90mâ”€[39m[90mâ”€[39m[90mâ”€[39m[90mâ”€[39m[90mâ”€[39m[90mâ”€[39m[90mâ”€[39m[90mâ”€[39m[90mâ”€[39m[90mâ”€[39m[90mâ”€[39m[90mâ”€[39m[90mâ”€[39m[90mâ”€[39m[90mâ”€[39m[90mâ”€[39m[90mâ”€[39m[90mâ”€[39m[90mâ”€[39m[90mâ”€[39m[90mâ”€[39m[90mâ”€[39m[90mâ”€[39m[90mâ”€[39m[90mâ”€[39m[90mâ”€[39m[90mâ”€[39m[90mâ”€[39m[90mâ”€[39m[90mâ”€[39m[90mâ”€[39m[90mâ”€[39m[90mâ”€[39m[90mâ”€[39m[90mâ”€[39m[90mâ”€[39m[90mâ”€[39m[90mâ”€[39m[90mâ”€[39m[90mâ”€[39m[90mâ”€[39m[90mâ”€[39m[90mâ”€[39m[90mâ”€[39m[90mâ”€[39m[90mâ”€[39m[90mâ”€[39m[90mâ”€[39m[90mâ”€[39m[90mâ”€[39m[90mâ”€[39m[90mâ”€[39m[90mâ”€[39m[90mâ”€[39m[90mâ”€[39m[90mâ”€[39m[90mâ”€[39m[90mâ”€[39m[90mâ”€[39m[90mâ”€[39m[90mâ”€[39m[90mâ”€[39m[90mâ”€[39m[90mâ”€[39m[90mâ”€[39m[90mâ”€[39m[90mâ”€[39m[90mâ”€[39m[90mâ”€[39m[90mâ”€[39m[90mâ”€[39m[90mâ”€[39m[90mâ”€[39m[90mâ”€[39m[90mâ”€[39m[90mâ”€[39m[90mâ”€[39m[90mâ”€[39m[90mâ”€[39m[90mâ”€[39m[90mâ”€[39m[90mâ”€[39m[90mâ”€[39m[90mâ”€[39m[90mâ”€[39m[90mâ”€[39m[90mâ”€[39m[90mâ”€[39m[90mâ”€[39m[90mâ”[39m
Admin UI E2E (5, chrome)	Run Cypress	2025-01-08T13:32:06.1083511Z [90m  â”‚[39m [90mTests:[39m        [32m6[39m                                                                                [90mâ”‚[39m
Admin UI E2E (5, chrome)	Run Cypress	2025-01-08T13:32:06.1085257Z [90m  â”‚[39m [90mPassing:[39m      [32m6[39m                                                                                [90mâ”‚[39m
Admin UI E2E (5, chrome)	Run Cypress	2025-01-08T13:32:06.1086661Z [90m  â”‚[39m [90mFailing:[39m      [32m0[39m                                                                                [90mâ”‚[39m
Admin UI E2E (5, chrome)	Run Cypress	2025-01-08T13:32:06.1087824Z [90m  â”‚[39m [90mPending:[39m      [32m0[39m                                                                                [90mâ”‚[39m
Admin UI E2E (5, chrome)	Run Cypress	2025-01-08T13:32:06.1088975Z [90m  â”‚[39m [90mSkipped:[39m      [32m0[39m                                                                                [90mâ”‚[39m
Admin UI E2E (5, chrome)	Run Cypress	2025-01-08T13:32:06.1090151Z [90m  â”‚[39m [90mScreenshots:[39m  [32m0[39m                                                                                [90mâ”‚[39m
Admin UI E2E (5, chrome)	Run Cypress	2025-01-08T13:32:06.1091348Z [90m  â”‚[39m [90mVideo:[39m        [32mfalse[39m                                                                            [90mâ”‚[39m
Admin UI E2E (5, chrome)	Run Cypress	2025-01-08T13:32:06.1092662Z [90m  â”‚[39m [90mDuration:[39m     [32m35 seconds[39m                                                                       [90mâ”‚[39m
Admin UI E2E (5, chrome)	Run Cypress	2025-01-08T13:32:06.1094150Z [90m  â”‚[39m [90mSpec Ran:[39m     [32m[32mclient_advanced.spec.ts[32m[39m                                                          [90mâ”‚[39m
Admin UI E2E (5, chrome)	Run Cypress	2025-01-08T13:32:06.1101142Z [90m  â””[39m[90mâ”€[39m[90mâ”€[39m[90mâ”€[39m[90mâ”€[39m[90mâ”€[39m[90mâ”€[39m[90mâ”€[39m[90mâ”€[39m[90mâ”€[39m[90mâ”€[39m[90mâ”€[39m[90mâ”€[39m[90mâ”€[39m[90mâ”€[39m[90mâ”€[39m[90mâ”€[39m[90mâ”€[39m[90mâ”€[39m[90mâ”€[39m[90mâ”€[39m[90mâ”€[39m[90mâ”€[39m[90mâ”€[39m[90mâ”€[39m[90mâ”€[39m[90mâ”€[39m[90mâ”€[39m[90mâ”€[39m[90mâ”€[39m[90mâ”€[39m[90mâ”€[39m[90mâ”€[39m[90mâ”€[39m[90mâ”€[39m[90mâ”€[39m[90mâ”€[39m[90mâ”€[39m[90mâ”€[39m[90mâ”€[39m[90mâ”€[39m[90mâ”€[39m[90mâ”€[39m[90mâ”€[39m[90mâ”€[39m[90mâ”€[39m[90mâ”€[39m[90mâ”€[39m[90mâ”€[39m[90mâ”€[39m[90mâ”€[39m[90mâ”€[39m[90mâ”€[39m[90mâ”€[39m[90mâ”€[39m[90mâ”€[39m[90mâ”€[39m[90mâ”€[39m[90mâ”€[39m[90mâ”€[39m[90mâ”€[39m[90mâ”€[39m[90mâ”€[39m[90mâ”€[39m[90mâ”€[39m[90mâ”€[39m[90mâ”€[39m[90mâ”€[39m[90mâ”€[39m[90mâ”€[39m[90mâ”€[39m[90mâ”€[39m[90mâ”€[39m[90mâ”€[39m[90mâ”€[39m[90mâ”€[39m[90mâ”€[39m[90mâ”€[39m[90mâ”€[39m[90mâ”€[39m[90mâ”€[39m[90mâ”€[39m[90mâ”€[39m[90mâ”€[39m[90mâ”€[39m[90mâ”€[39m[90mâ”€[39m[90mâ”€[39m[90mâ”€[39m[90mâ”€[39m[90mâ”€[39m[90mâ”€[39m[90mâ”€[39m[90mâ”€[39m[90mâ”€[39m[90mâ”€[39m[90mâ”€[39m[90mâ”˜[39m
Admin UI E2E (5, chrome)	Run Cypress	2025-01-08T13:32:06.1104722Z 
Admin UI E2E (5, chrome)	Run Cypress	2025-01-08T13:32:06.1364560Z 
Admin UI E2E (5, chrome)	Run Cypress	2025-01-08T13:32:06.1375207Z [90mâ”€[39m[90mâ”€[39m[90mâ”€[39m[90mâ”€[39m[90mâ”€[39m[90mâ”€[39m[90mâ”€[39m[90mâ”€[39m[90mâ”€[39m[90mâ”€[39m[90mâ”€[39m[90mâ”€[39m[90mâ”€[39m[90mâ”€[39m[90mâ”€[39m[90mâ”€[39m[90mâ”€[39m[90mâ”€[39m[90mâ”€[39m[90mâ”€[39m[90mâ”€[39m[90mâ”€[39m[90mâ”€[39m[90mâ”€[39m[90mâ”€[39m[90mâ”€[39m[90mâ”€[39m[90mâ”€[39m[90mâ”€[39m[90mâ”€[39m[90mâ”€[39m[90mâ”€[39m[90mâ”€[39m[90mâ”€[39m[90mâ”€[39m[90mâ”€[39m[90mâ”€[39m[90mâ”€[39m[90mâ”€[39m[90mâ”€[39m[90mâ”€[39m[90mâ”€[39m[90mâ”€[39m[90mâ”€[39m[90mâ”€[39m[90mâ”€[39m[90mâ”€[39m[90mâ”€[39m[90mâ”€[39m[90mâ”€[39m[90mâ”€[39m[90mâ”€[39m[90mâ”€[39m[90mâ”€[39m[90mâ”€[39m[90mâ”€[39m[90mâ”€[39m[90mâ”€[39m[90mâ”€[39m[90mâ”€[39m[90mâ”€[39m[90mâ”€[39m[90mâ”€[39m[90mâ”€[39m[90mâ”€[39m[90mâ”€[39m[90mâ”€[39m[90mâ”€[39m[90mâ”€[39m[90mâ”€[39m[90mâ”€[39m[90mâ”€[39m[90mâ”€[39m[90mâ”€[39m[90mâ”€[39m[90mâ”€[39m[90mâ”€[39m[90mâ”€[39m[90mâ”€[39m[90mâ”€[39m[90mâ”€[39m[90mâ”€[39m[90mâ”€[39m[90mâ”€[39m[90mâ”€[39m[90mâ”€[39m[90mâ”€[39m[90mâ”€[39m[90mâ”€[39m[90mâ”€[39m[90mâ”€[39m[90mâ”€[39m[90mâ”€[39m[90mâ”€[39m[90mâ”€[39m[90mâ”€[39m[90mâ”€[39m[90mâ”€[39m[90mâ”€[39m[90mâ”€[39m
Admin UI E2E (5, chrome)	Run Cypress	2025-01-08T13:32:06.1378158Z                                                                                                     
Admin UI E2E (5, chrome)	Run Cypress	2025-01-08T13:32:06.1378813Z   Running:  [90mrealm_settings_events_test.spec.ts[39m                                              [90m(7 of 8)[39m
Admin UI E2E (5, chrome)	Run Cypress	2025-01-08T13:32:10.4037392Z 
Admin UI E2E (5, chrome)	Run Cypress	2025-01-08T13:32:10.4039360Z [0m[0m
Admin UI E2E (5, chrome)	Run Cypress	2025-01-08T13:32:10.4065773Z [0m  Realm settings events tab tests[0m
Admin UI E2E (5, chrome)	Run Cypress	2025-01-08T13:32:19.7290138Z   [32m  âœ“[0m[90m Enable user events[0m[90m (9259ms)[0m
Admin UI E2E (5, chrome)	Run Cypress	2025-01-08T13:32:21.9019010Z   [32m  âœ“[0m[90m Go to keys tab[0m[90m (2110ms)[0m
Admin UI E2E (5, chrome)	Run Cypress	2025-01-08T13:32:29.0035695Z   [32m  âœ“[0m[90m add Providers[0m[90m (7043ms)[0m
Admin UI E2E (5, chrome)	Run Cypress	2025-01-08T13:32:31.5580274Z   [32m  âœ“[0m[90m search providers[0m[90m (2517ms)[0m
Admin UI E2E (5, chrome)	Run Cypress	2025-01-08T13:32:37.2598969Z   [32m  âœ“[0m[90m go to details[0m[90m (5648ms)[0m
Admin UI E2E (5, chrome)	Run Cypress	2025-01-08T13:32:39.9245339Z   [32m  âœ“[0m[90m Test keys[0m[90m (2600ms)[0m
Admin UI E2E (5, chrome)	Run Cypress	2025-01-08T13:32:39.9410552Z   [36m  - Should search active keys[0m
Admin UI E2E (5, chrome)	Run Cypress	2025-01-08T13:32:43.1250249Z   [32m  âœ“[0m[90m Should search passive keys[0m[90m (3149ms)[0m
Admin UI E2E (5, chrome)	Run Cypress	2025-01-08T13:32:45.5730018Z   [32m  âœ“[0m[90m Should search disabled keys[0m[90m (2418ms)[0m
Admin UI E2E (5, chrome)	Run Cypress	2025-01-08T13:32:47.7615457Z   [32m  âœ“[0m[90m delete provider[0m[90m (2161ms)[0m
Admin UI E2E (5, chrome)	Run Cypress	2025-01-08T13:32:50.3334962Z   [32m  âœ“[0m[90m list keys[0m[90m (2548ms)[0m
Admin UI E2E (5, chrome)	Run Cypress	2025-01-08T13:32:53.1398681Z   [32m  âœ“[0m[90m Realm header settings[0m[90m (2771ms)[0m
Admin UI E2E (5, chrome)	Run Cypress	2025-01-08T13:32:56.6286144Z   [32m  âœ“[0m[90m Brute force detection[0m[90m (3411ms)[0m
Admin UI E2E (5, chrome)	Run Cypress	2025-01-08T13:33:03.4019729Z   [32m  âœ“[0m[90m add session data[0m[90m (6683ms)[0m
Admin UI E2E (5, chrome)	Run Cypress	2025-01-08T13:33:05.5932926Z   [32m  âœ“[0m[90m check that sessions data was saved[0m[90m (2128ms)[0m
Admin UI E2E (5, chrome)	Run Cypress	2025-01-08T13:33:13.3992187Z   [32m  âœ“[0m[90m add token data[0m[90m (7676ms)[0m
Admin UI E2E (5, chrome)	Run Cypress	2025-01-08T13:33:15.8469817Z   [32m  âœ“[0m[90m check that token data was saved[0m[90m (2052ms)[0m
Admin UI E2E (5, chrome)	Run Cypress	2025-01-08T13:33:15.8579913Z 
Admin UI E2E (5, chrome)	Run Cypress	2025-01-08T13:33:15.8581831Z [0m  Realm settings events tab tests[0m
Admin UI E2E (5, chrome)	Run Cypress	2025-01-08T13:33:18.0550197Z   [32m  âœ“[0m[90m Should display event listeners form[0m[90m (2152ms)[0m
Admin UI E2E (5, chrome)	Run Cypress	2025-01-08T13:33:20.5058210Z   [32m  âœ“[0m[90m Should revert saving event listener[0m[90m (2415ms)[0m
Admin UI E2E (5, chrome)	Run Cypress	2025-01-08T13:33:22.8937605Z   [32m  âœ“[0m[90m Should save event listener[0m[90m (2320ms)[0m
Admin UI E2E (5, chrome)	Run Cypress	2025-01-08T13:33:24.8502354Z   [32m  âœ“[0m[90m Should remove event from event listener[0m[90m (1914ms)[0m
Admin UI E2E (5, chrome)	Run Cypress	2025-01-08T13:33:27.4062048Z   [32m  âœ“[0m[90m Should remove all events from event listener and re-save original[0m[90m (2483ms)[0m
Admin UI E2E (5, chrome)	Run Cypress	2025-01-08T13:33:27.4062755Z 
Admin UI E2E (5, chrome)	Run Cypress	2025-01-08T13:33:27.4334755Z 
Admin UI E2E (5, chrome)	Run Cypress	2025-01-08T13:33:27.4336111Z [92m [0m[32m 21 passing[0m[90m (1m)[0m
Admin UI E2E (5, chrome)	Run Cypress	2025-01-08T13:33:27.4340122Z [36m [0m[36m 1 pending[0m
Admin UI E2E (5, chrome)	Run Cypress	2025-01-08T13:33:27.4340460Z 
Admin UI E2E (5, chrome)	Run Cypress	2025-01-08T13:33:28.4722674Z 
Admin UI E2E (5, chrome)	Run Cypress	2025-01-08T13:33:28.4724444Z [32m  ([4m[1mResults[22m[24m)[39m
Admin UI E2E (5, chrome)	Run Cypress	2025-01-08T13:33:28.4730632Z 
Admin UI E2E (5, chrome)	Run Cypress	2025-01-08T13:33:28.4743231Z [90m  â”Œ[39m[90mâ”€[39m[90mâ”€[39m[90mâ”€[39m[90mâ”€[39m[90mâ”€[39m[90mâ”€[39m[90mâ”€[39m[90mâ”€[39m[90mâ”€[39m[90mâ”€[39m[90mâ”€[39m[90mâ”€[39m[90mâ”€[39m[90mâ”€[39m[90mâ”€[39m[90mâ”€[39m[90mâ”€[39m[90mâ”€[39m[90mâ”€[39m[90mâ”€[39m[90mâ”€[39m[90mâ”€[39m[90mâ”€[39m[90mâ”€[39m[90mâ”€[39m[90mâ”€[39m[90mâ”€[39m[90mâ”€[39m[90mâ”€[39m[90mâ”€[39m[90mâ”€[39m[90mâ”€[39m[90mâ”€[39m[90mâ”€[39m[90mâ”€[39m[90mâ”€[39m[90mâ”€[39m[90mâ”€[39m[90mâ”€[39m[90mâ”€[39m[90mâ”€[39m[90mâ”€[39m[90mâ”€[39m[90mâ”€[39m[90mâ”€[39m[90mâ”€[39m[90mâ”€[39m[90mâ”€[39m[90mâ”€[39m[90mâ”€[39m[90mâ”€[39m[90mâ”€[39m[90mâ”€[39m[90mâ”€[39m[90mâ”€[39m[90mâ”€[39m[90mâ”€[39m[90mâ”€[39m[90mâ”€[39m[90mâ”€[39m[90mâ”€[39m[90mâ”€[39m[90mâ”€[39m[90mâ”€[39m[90mâ”€[39m[90mâ”€[39m[90mâ”€[39m[90mâ”€[39m[90mâ”€[39m[90mâ”€[39m[90mâ”€[39m[90mâ”€[39m[90mâ”€[39m[90mâ”€[39m[90mâ”€[39m[90mâ”€[39m[90mâ”€[39m[90mâ”€[39m[90mâ”€[39m[90mâ”€[39m[90mâ”€[39m[90mâ”€[39m[90mâ”€[39m[90mâ”€[39m[90mâ”€[39m[90mâ”€[39m[90mâ”€[39m[90mâ”€[39m[90mâ”€[39m[90mâ”€[39m[90mâ”€[39m[90mâ”€[39m[90mâ”€[39m[90mâ”€[39m[90mâ”€[39m[90mâ”€[39m[90mâ”[39m
Admin UI E2E (5, chrome)	Run Cypress	2025-01-08T13:33:28.4746569Z [90m  â”‚[39m [90mTests:[39m        [32m22[39m                                                                               [90mâ”‚[39m
Admin UI E2E (5, chrome)	Run Cypress	2025-01-08T13:33:28.4747324Z [90m  â”‚[39m [90mPassing:[39m      [32m21[39m                                                                               [90mâ”‚[39m
Admin UI E2E (5, chrome)	Run Cypress	2025-01-08T13:33:28.4748035Z [90m  â”‚[39m [90mFailing:[39m      [32m0[39m                                                                                [90mâ”‚[39m
Admin UI E2E (5, chrome)	Run Cypress	2025-01-08T13:33:28.4748766Z [90m  â”‚[39m [90mPending:[39m      [32m1[39m                                                                                [90mâ”‚[39m
Admin UI E2E (5, chrome)	Run Cypress	2025-01-08T13:33:28.4749839Z [90m  â”‚[39m [90mSkipped:[39m      [32m0[39m                                                                                [90mâ”‚[39m
Admin UI E2E (5, chrome)	Run Cypress	2025-01-08T13:33:28.4750571Z [90m  â”‚[39m [90mScreenshots:[39m  [32m0[39m                                                                                [90mâ”‚[39m
Admin UI E2E (5, chrome)	Run Cypress	2025-01-08T13:33:28.4751285Z [90m  â”‚[39m [90mVideo:[39m        [32mfalse[39m                                                                            [90mâ”‚[39m
Admin UI E2E (5, chrome)	Run Cypress	2025-01-08T13:33:28.4752041Z [90m  â”‚[39m [90mDuration:[39m     [32m1 minute, 17 seconds[39m                                                             [90mâ”‚[39m
Admin UI E2E (5, chrome)	Run Cypress	2025-01-08T13:33:28.4752966Z [90m  â”‚[39m [90mSpec Ran:[39m     [32m[32mrealm_settings_events_test.spec.ts[32m[39m                                               [90mâ”‚[39m
Admin UI E2E (5, chrome)	Run Cypress	2025-01-08T13:33:28.4759750Z [90m  â””[39m[90mâ”€[39m[90mâ”€[39m[90mâ”€[39m[90mâ”€[39m[90mâ”€[39m[90mâ”€[39m[90mâ”€[39m[90mâ”€[39m[90mâ”€[39m[90mâ”€[39m[90mâ”€[39m[90mâ”€[39m[90mâ”€[39m[90mâ”€[39m[90mâ”€[39m[90mâ”€[39m[90mâ”€[39m[90mâ”€[39m[90mâ”€[39m[90mâ”€[39m[90mâ”€[39m[90mâ”€[39m[90mâ”€[39m[90mâ”€[39m[90mâ”€[39m[90mâ”€[39m[90mâ”€[39m[90mâ”€[39m[90mâ”€[39m[90mâ”€[39m[90mâ”€[39m[90mâ”€[39m[90mâ”€[39m[90mâ”€[39m[90mâ”€[39m[90mâ”€[39m[90mâ”€[39m[90mâ”€[39m[90mâ”€[39m[90mâ”€[39m[90mâ”€[39m[90mâ”€[39m[90mâ”€[39m[90mâ”€[39m[90mâ”€[39m[90mâ”€[39m[90mâ”€[39m[90mâ”€[39m[90mâ”€[39m[90mâ”€[39m[90mâ”€[39m[90mâ”€[39m[90mâ”€[39m[90mâ”€[39m[90mâ”€[39m[90mâ”€[39m[90mâ”€[39m[90mâ”€[39m[90mâ”€[39m[90mâ”€[39m[90mâ”€[39m[90mâ”€[39m[90mâ”€[39m[90mâ”€[39m[90mâ”€[39m[90mâ”€[39m[90mâ”€[39m[90mâ”€[39m[90mâ”€[39m[90mâ”€[39m[90mâ”€[39m[90mâ”€[39m[90mâ”€[39m[90mâ”€[39m[90mâ”€[39m[90mâ”€[39m[90mâ”€[39m[90mâ”€[39m[90mâ”€[39m[90mâ”€[39m[90mâ”€[39m[90mâ”€[39m[90mâ”€[39m[90mâ”€[39m[90mâ”€[39m[90mâ”€[39m[90mâ”€[39m[90mâ”€[39m[90mâ”€[39m[90mâ”€[39m[90mâ”€[39m[90mâ”€[39m[90mâ”€[39m[90mâ”€[39m[90mâ”€[39m[90mâ”€[39m[90mâ”˜[39m
Admin UI E2E (5, chrome)	Run Cypress	2025-01-08T13:33:28.4763797Z 
Admin UI E2E (5, chrome)	Run Cypress	2025-01-08T13:33:28.5070116Z 
Admin UI E2E (5, chrome)	Run Cypress	2025-01-08T13:33:28.5081249Z [90mâ”€[39m[90mâ”€[39m[90mâ”€[39m[90mâ”€[39m[90mâ”€[39m[90mâ”€[39m[90mâ”€[39m[90mâ”€[39m[90mâ”€[39m[90mâ”€[39m[90mâ”€[39m[90mâ”€[39m[90mâ”€[39m[90mâ”€[39m[90mâ”€[39m[90mâ”€[39m[90mâ”€[39m[90mâ”€[39m[90mâ”€[39m[90mâ”€[39m[90mâ”€[39m[90mâ”€[39m[90mâ”€[39m[90mâ”€[39m[90mâ”€[39m[90mâ”€[39m[90mâ”€[39m[90mâ”€[39m[90mâ”€[39m[90mâ”€[39m[90mâ”€[39m[90mâ”€[39m[90mâ”€[39m[90mâ”€[39m[90mâ”€[39m[90mâ”€[39m[90mâ”€[39m[90mâ”€[39m[90mâ”€[39m[90mâ”€[39m[90mâ”€[39m[90mâ”€[39m[90mâ”€[39m[90mâ”€[39m[90mâ”€[39m[90mâ”€[39m[90mâ”€[39m[90mâ”€[39m[90mâ”€[39m[90mâ”€[39m[90mâ”€[39m[90mâ”€[39m[90mâ”€[39m[90mâ”€[39m[90mâ”€[39m[90mâ”€[39m[90mâ”€[39m[90mâ”€[39m[90mâ”€[39m[90mâ”€[39m[90mâ”€[39m[90mâ”€[39m[90mâ”€[39m[90mâ”€[39m[90mâ”€[39m[90mâ”€[39m[90mâ”€[39m[90mâ”€[39m[90mâ”€[39m[90mâ”€[39m[90mâ”€[39m[90mâ”€[39m[90mâ”€[39m[90mâ”€[39m[90mâ”€[39m[90mâ”€[39m[90mâ”€[39m[90mâ”€[39m[90mâ”€[39m[90mâ”€[39m[90mâ”€[39m[90mâ”€[39m[90mâ”€[39m[90mâ”€[39m[90mâ”€[39m[90mâ”€[39m[90mâ”€[39m[90mâ”€[39m[90mâ”€[39m[90mâ”€[39m[90mâ”€[39m[90mâ”€[39m[90mâ”€[39m[90mâ”€[39m[90mâ”€[39m[90mâ”€[39m[90mâ”€[39m[90mâ”€[39m[90mâ”€[39m[90mâ”€[39m
Admin UI E2E (5, chrome)	Run Cypress	2025-01-08T13:33:28.5086216Z                                                                                                     
Admin UI E2E (5, chrome)	Run Cypress	2025-01-08T13:33:28.5087360Z   Running:  [90midentity_providers_saml_test.spec.ts[39m                                            [90m(8 of 8)[39m
Admin UI E2E (5, chrome)	Run Cypress	2025-01-08T13:33:31.6427354Z 
Admin UI E2E (5, chrome)	Run Cypress	2025-01-08T13:33:31.6428653Z [0m[0m
Admin UI E2E (5, chrome)	Run Cypress	2025-01-08T13:33:31.6518152Z [0m  SAML identity provider test[0m
Admin UI E2E (5, chrome)	Run Cypress	2025-01-08T13:33:31.6519851Z [0m    SAML identity provider creation[0m
Admin UI E2E (5, chrome)	Run Cypress	2025-01-08T13:33:39.6143515Z     [32m  âœ“[0m[90m should create a SAML provider using entity descriptor[0m[90m (7891ms)[0m
Admin UI E2E (5, chrome)	Run Cypress	2025-01-08T13:33:43.4701043Z     [32m  âœ“[0m[90m should add auth constraints to existing SAML provider[0m[90m (3776ms)[0m
Admin UI E2E (5, chrome)	Run Cypress	2025-01-08T13:33:47.9878606Z     [32m  âœ“[0m[90m should add SAML mapper of type Advanced Attribute to Role[0m[90m (4466ms)[0m
Admin UI E2E (5, chrome)	Run Cypress	2025-01-08T13:33:51.5723965Z     [32m  âœ“[0m[90m should add SAML mapper of type Username Template Importer[0m[90m (3547ms)[0m
Admin UI E2E (5, chrome)	Run Cypress	2025-01-08T13:33:56.1556989Z     [32m  âœ“[0m[90m should add SAML mapper of type Hardcoded User Session Attribute[0m[90m (4537ms)[0m
Admin UI E2E (5, chrome)	Run Cypress	2025-01-08T13:34:01.0248684Z     [32m  âœ“[0m[90m should add SAML mapper of type Attribute Importer[0m[90m (4814ms)[0m
Admin UI E2E (5, chrome)	Run Cypress	2025-01-08T13:34:04.7051742Z     [32m  âœ“[0m[90m should add SAML mapper of type Hardcoded Role[0m[90m (3605ms)[0m
Admin UI E2E (5, chrome)	Run Cypress	2025-01-08T13:34:09.0061604Z     [32m  âœ“[0m[90m should add SAML mapper of type Hardcoded Attribute[0m[90m (4255ms)[0m
Admin UI E2E (5, chrome)	Run Cypress	2025-01-08T13:34:12.7022437Z     [32m  âœ“[0m[90m should add SAML mapper of type SAML Attribute To Role[0m[90m (3649ms)[0m
Admin UI E2E (5, chrome)	Run Cypress	2025-01-08T13:34:15.7870261Z     [32m  âœ“[0m[90m should edit Username Template Importer mapper[0m[90m (3037ms)[0m
Admin UI E2E (5, chrome)	Run Cypress	2025-01-08T13:34:18.8403492Z     [32m  âœ“[0m[90m should edit SAML mapper[0m[90m (3014ms)[0m
Admin UI E2E (5, chrome)	Run Cypress	2025-01-08T13:34:42.3907445Z     [32m  âœ“[0m[90m should edit SAML settings[0m[90m (23519ms)[0m
Admin UI E2E (5, chrome)	Run Cypress	2025-01-08T13:34:44.6811105Z     [32m  âœ“[0m[90m clean up providers[0m[90m (2107ms)[0m
Admin UI E2E (5, chrome)	Run Cypress	2025-01-08T13:34:44.6814920Z 
Admin UI E2E (5, chrome)	Run Cypress	2025-01-08T13:34:44.6993467Z 
Admin UI E2E (5, chrome)	Run Cypress	2025-01-08T13:34:44.6994453Z [92m [0m[32m 13 passing[0m[90m (1m)[0m
Admin UI E2E (5, chrome)	Run Cypress	2025-01-08T13:34:44.6994866Z 
Admin UI E2E (5, chrome)	Run Cypress	2025-01-08T13:34:45.7302044Z 
Admin UI E2E (5, chrome)	Run Cypress	2025-01-08T13:34:45.7303906Z [32m  ([4m[1mResults[22m[24m)[39m
Admin UI E2E (5, chrome)	Run Cypress	2025-01-08T13:34:45.7309371Z 
Admin UI E2E (5, chrome)	Run Cypress	2025-01-08T13:34:45.7322335Z [90m  â”Œ[39m[90mâ”€[39m[90mâ”€[39m[90mâ”€[39m[90mâ”€[39m[90mâ”€[39m[90mâ”€[39m[90mâ”€[39m[90mâ”€[39m[90mâ”€[39m[90mâ”€[39m[90mâ”€[39m[90mâ”€[39m[90mâ”€[39m[90mâ”€[39m[90mâ”€[39m[90mâ”€[39m[90mâ”€[39m[90mâ”€[39m[90mâ”€[39m[90mâ”€[39m[90mâ”€[39m[90mâ”€[39m[90mâ”€[39m[90mâ”€[39m[90mâ”€[39m[90mâ”€[39m[90mâ”€[39m[90mâ”€[39m[90mâ”€[39m[90mâ”€[39m[90mâ”€[39m[90mâ”€[39m[90mâ”€[39m[90mâ”€[39m[90mâ”€[39m[90mâ”€[39m[90mâ”€[39m[90mâ”€[39m[90mâ”€[39m[90mâ”€[39m[90mâ”€[39m[90mâ”€[39m[90mâ”€[39m[90mâ”€[39m[90mâ”€[39m[90mâ”€[39m[90mâ”€[39m[90mâ”€[39m[90mâ”€[39m[90mâ”€[39m[90mâ”€[39m[90mâ”€[39m[90mâ”€[39m[90mâ”€[39m[90mâ”€[39m[90mâ”€[39m[90mâ”€[39m[90mâ”€[39m[90mâ”€[39m[90mâ”€[39m[90mâ”€[39m[90mâ”€[39m[90mâ”€[39m[90mâ”€[39m[90mâ”€[39m[90mâ”€[39m[90mâ”€[39m[90mâ”€[39m[90mâ”€[39m[90mâ”€[39m[90mâ”€[39m[90mâ”€[39m[90mâ”€[39m[90mâ”€[39m[90mâ”€[39m[90mâ”€[39m[90mâ”€[39m[90mâ”€[39m[90mâ”€[39m[90mâ”€[39m[90mâ”€[39m[90mâ”€[39m[90mâ”€[39m[90mâ”€[39m[90mâ”€[39m[90mâ”€[39m[90mâ”€[39m[90mâ”€[39m[90mâ”€[39m[90mâ”€[39m[90mâ”€[39m[90mâ”€[39m[90mâ”€[39m[90mâ”€[39m[90mâ”€[39m[90mâ”€[39m[90mâ”[39m
Admin UI E2E (5, chrome)	Run Cypress	2025-01-08T13:34:45.7327526Z [90m  â”‚[39m [90mTests:[39m        [32m13[39m                                                                               [90mâ”‚[39m
Admin UI E2E (5, chrome)	Run Cypress	2025-01-08T13:34:45.7328893Z [90m  â”‚[39m [90mPassing:[39m      [32m13[39m                                                                               [90mâ”‚[39m
Admin UI E2E (5, chrome)	Run Cypress	2025-01-08T13:34:45.7330293Z [90m  â”‚[39m [90mFailing:[39m      [32m0[39m                                                                                [90mâ”‚[39m
Admin UI E2E (5, chrome)	Run Cypress	2025-01-08T13:34:45.7331525Z [90m  â”‚[39m [90mPending:[39m      [32m0[39m                                                                                [90mâ”‚[39m
Admin UI E2E (5, chrome)	Run Cypress	2025-01-08T13:34:45.7332778Z [90m  â”‚[39m [90mSkipped:[39m      [32m0[39m                                                                                [90mâ”‚[39m
Admin UI E2E (5, chrome)	Run Cypress	2025-01-08T13:34:45.7334133Z [90m  â”‚[39m [90mScreenshots:[39m  [32m0[39m                                                                                [90mâ”‚[39m
Admin UI E2E (5, chrome)	Run Cypress	2025-01-08T13:34:45.7335384Z [90m  â”‚[39m [90mVideo:[39m        [32mfalse[39m                                                                            [90mâ”‚[39m
Admin UI E2E (5, chrome)	Run Cypress	2025-01-08T13:34:45.7337507Z [90m  â”‚[39m [90mDuration:[39m     [32m1 minute, 13 seconds[39m                                                             [90mâ”‚[39m
Admin UI E2E (5, chrome)	Run Cypress	2025-01-08T13:34:45.7339390Z [90m  â”‚[39m [90mSpec Ran:[39m     [32m[32midentity_providers_saml_test.spec.ts[32m[39m                                             [90mâ”‚[39m
Admin UI E2E (5, chrome)	Run Cypress	2025-01-08T13:34:45.7354643Z [90m  â””[39m[90mâ”€[39m[90mâ”€[39m[90mâ”€[39m[90mâ”€[39m[90mâ”€[39m[90mâ”€[39m[90mâ”€[39m[90mâ”€[39m[90mâ”€[39m[90mâ”€[39m[90mâ”€[39m[90mâ”€[39m[90mâ”€[39m[90mâ”€[39m[90mâ”€[39m[90mâ”€[39m[90mâ”€[39m[90mâ”€[39m[90mâ”€[39m[90mâ”€[39m[90mâ”€[39m[90mâ”€[39m[90mâ”€[39m[90mâ”€[39m[90mâ”€[39m[90mâ”€[39m[90mâ”€[39m[90mâ”€[39m[90mâ”€[39m[90mâ”€[39m[90mâ”€[39m[90mâ”€[39m[90mâ”€[39m[90mâ”€[39m[90mâ”€[39m[90mâ”€[39m[90mâ”€[39m[90mâ”€[39m[90mâ”€[39m[90mâ”€[39m[90mâ”€[39m[90mâ”€[39m[90mâ”€[39m[90mâ”€[39m[90mâ”€[39m[90mâ”€[39m[90mâ”€[39m[90mâ”€[39m[90mâ”€[39m[90mâ”€[39m[90mâ”€[39m[90mâ”€[39m[90mâ”€[39m[90mâ”€[39m[90mâ”€[39m[90mâ”€[39m[90mâ”€[39m[90mâ”€[39m[90mâ”€[39m[90mâ”€[39m[90mâ”€[39m[90mâ”€[39m[90mâ”€[39m[90mâ”€[39m[90mâ”€[39m[90mâ”€[39m[90mâ”€[39m[90mâ”€[39m[90mâ”€[39m[90mâ”€[39m[90mâ”€[39m[90mâ”€[39m[90mâ”€[39m[90mâ”€[39m[90mâ”€[39m[90mâ”€[39m[90mâ”€[39m[90mâ”€[39m[90mâ”€[39m[90mâ”€[39m[90mâ”€[39m[90mâ”€[39m[90mâ”€[39m[90mâ”€[39m[90mâ”€[39m[90mâ”€[39m[90mâ”€[39m[90mâ”€[39m[90mâ”€[39m[90mâ”€[39m[90mâ”€[39m[90mâ”€[39m[90mâ”€[39m[90mâ”€[39m[90mâ”€[39m[90mâ”€[39m[90mâ”˜[39m
Admin UI E2E (5, chrome)	Run Cypress	2025-01-08T13:34:45.7359592Z 
Admin UI E2E (5, chrome)	Run Cypress	2025-01-08T13:34:45.7416033Z 
Admin UI E2E (5, chrome)	Run Cypress	2025-01-08T13:34:45.7871066Z [90m====================================================================================================[39m
Admin UI E2E (5, chrome)	Run Cypress	2025-01-08T13:34:45.7871394Z 
Admin UI E2E (5, chrome)	Run Cypress	2025-01-08T13:34:45.7871950Z [0m  ([4m[1mRun Finished[22m[24m)[0m
Admin UI E2E (5, chrome)	Run Cypress	2025-01-08T13:34:45.7889742Z 
Admin UI E2E (5, chrome)	Run Cypress	2025-01-08T13:34:45.7889776Z 
Admin UI E2E (5, chrome)	Run Cypress	2025-01-08T13:34:45.7924497Z [90m   [39m    [90mSpec[39m                                              [90mTests[39m  [90mPassing[39m  [90mFailing[39m  [90mPending[39m  [90mSkipped[39m [90m [39m
Admin UI E2E (5, chrome)	Run Cypress	2025-01-08T13:34:45.7928998Z [90m  â”Œ[39m[90mâ”€[39m[90mâ”€[39m[90mâ”€[39m[90mâ”€[39m[90mâ”€[39m[90mâ”€[39m[90mâ”€[39m[90mâ”€[39m[90mâ”€[39m[90mâ”€[39m[90mâ”€[39m[90mâ”€[39m[90mâ”€[39m[90mâ”€[39m[90mâ”€[39m[90mâ”€[39m[90mâ”€[39m[90mâ”€[39m[90mâ”€[39m[90mâ”€[39m[90mâ”€[39m[90mâ”€[39m[90mâ”€[39m[90mâ”€[39m[90mâ”€[39m[90mâ”€[39m[90mâ”€[39m[90mâ”€[39m[90mâ”€[39m[90mâ”€[39m[90mâ”€[39m[90mâ”€[39m[90mâ”€[39m[90mâ”€[39m[90mâ”€[39m[90mâ”€[39m[90mâ”€[39m[90mâ”€[39m[90mâ”€[39m[90mâ”€[39m[90mâ”€[39m[90mâ”€[39m[90mâ”€[39m[90mâ”€[39m[90mâ”€[39m[90mâ”€[39m[90mâ”€[39m[90mâ”€[39m[90mâ”€[39m[90mâ”€[39m[90mâ”€[39m[90mâ”€[39m[90mâ”€[39m[90mâ”€[39m[90mâ”€[39m[90mâ”€[39m[90mâ”€[39m[90mâ”€[39m[90mâ”€[39m[90mâ”€[39m[90mâ”€[39m[90mâ”€[39m[90mâ”€[39m[90mâ”€[39m[90mâ”€[39m[90mâ”€[39m[90mâ”€[39m[90mâ”€[39m[90mâ”€[39m[90mâ”€[39m[90mâ”€[39m[90mâ”€[39m[90mâ”€[39m[90mâ”€[39m[90mâ”€[39m[90mâ”€[39m[90mâ”€[39m[90mâ”€[39m[90mâ”€[39m[90mâ”€[39m[90mâ”€[39m[90mâ”€[39m[90mâ”€[39m[90mâ”€[39m[90mâ”€[39m[90mâ”€[39m[90mâ”€[39m[90mâ”€[39m[90mâ”€[39m[90mâ”€[39m[90mâ”€[39m[90mâ”€[39m[90mâ”€[39m[90mâ”€[39m[90mâ”€[39m[90mâ”€[39m[90mâ”[39m
Admin UI E2E (5, chrome)	Run Cypress	2025-01-08T13:34:45.7933351Z [90m  â”‚[39m [32mâœ”[39m  [0mpartial_import_test.spec.ts[0m              [90m00:26[39m        [0m5[0m        [32m5[39m        [90m-[39m        [90m-[39m        [90m-[39m [90mâ”‚[39m
Admin UI E2E (5, chrome)	Run Cypress	2025-01-08T13:34:45.7939699Z [90m  â”œ[39m[90mâ”€[39m[90mâ”€[39m[90mâ”€[39m[90mâ”€[39m[90mâ”€[39m[90mâ”€[39m[90mâ”€[39m[90mâ”€[39m[90mâ”€[39m[90mâ”€[39m[90mâ”€[39m[90mâ”€[39m[90mâ”€[39m[90mâ”€[39m[90mâ”€[39m[90mâ”€[39m[90mâ”€[39m[90mâ”€[39m[90mâ”€[39m[90mâ”€[39m[90mâ”€[39m[90mâ”€[39m[90mâ”€[39m[90mâ”€[39m[90mâ”€[39m[90mâ”€[39m[90mâ”€[39m[90mâ”€[39m[90mâ”€[39m[90mâ”€[39m[90mâ”€[39m[90mâ”€[39m[90mâ”€[39m[90mâ”€[39m[90mâ”€[39m[90mâ”€[39m[90mâ”€[39m[90mâ”€[39m[90mâ”€[39m[90mâ”€[39m[90mâ”€[39m[90mâ”€[39m[90mâ”€[39m[90mâ”€[39m[90mâ”€[39m[90mâ”€[39m[90mâ”€[39m[90mâ”€[39m[90mâ”€[39m[90mâ”€[39m[90mâ”€[39m[90mâ”€[39m[90mâ”€[39m[90mâ”€[39m[90mâ”€[39m[90mâ”€[39m[90mâ”€[39m[90mâ”€[39m[90mâ”€[39m[90mâ”€[39m[90mâ”€[39m[90mâ”€[39m[90mâ”€[39m[90mâ”€[39m[90mâ”€[39m[90mâ”€[39m[90mâ”€[39m[90mâ”€[39m[90mâ”€[39m[90mâ”€[39m[90mâ”€[39m[90mâ”€[39m[90mâ”€[39m[90mâ”€[39m[90mâ”€[39m[90mâ”€[39m[90mâ”€[39m[90mâ”€[39m[90mâ”€[39m[90mâ”€[39m[90mâ”€[39m[90mâ”€[39m[90mâ”€[39m[90mâ”€[39m[90mâ”€[39m[90mâ”€[39m[90mâ”€[39m[90mâ”€[39m[90mâ”€[39m[90mâ”€[39m[90mâ”€[39m[90mâ”€[39m[90mâ”€[39m[90mâ”€[39m[90mâ”€[39m[90mâ”€[39m[90mâ”¤[39m
Admin UI E2E (5, chrome)	Run Cypress	2025-01-08T13:34:45.7943477Z [90m  â”‚[39m [32mâœ”[39m  [0mrealm_test.spec.ts[0m                       [90m00:35[39m        [0m6[0m        [32m6[39m        [90m-[39m        [90m-[39m        [90m-[39m [90mâ”‚[39m
Admin UI E2E (5, chrome)	Run Cypress	2025-01-08T13:34:45.7950441Z [90m  â”œ[39m[90mâ”€[39m[90mâ”€[39m[90mâ”€[39m[90mâ”€[39m[90mâ”€[39m[90mâ”€[39m[90mâ”€[39m[90mâ”€[39m[90mâ”€[39m[90mâ”€[39m[90mâ”€[39m[90mâ”€[39m[90mâ”€[39m[90mâ”€[39m[90mâ”€[39m[90mâ”€[39m[90mâ”€[39m[90mâ”€[39m[90mâ”€[39m[90mâ”€[39m[90mâ”€[39m[90mâ”€[39m[90mâ”€[39m[90mâ”€[39m[90mâ”€[39m[90mâ”€[39m[90mâ”€[39m[90mâ”€[39m[90mâ”€[39m[90mâ”€[39m[90mâ”€[39m[90mâ”€[39m[90mâ”€[39m[90mâ”€[39m[90mâ”€[39m[90mâ”€[39m[90mâ”€[39m[90mâ”€[39m[90mâ”€[39m[90mâ”€[39m[90mâ”€[39m[90mâ”€[39m[90mâ”€[39m[90mâ”€[39m[90mâ”€[39m[90mâ”€[39m[90mâ”€[39m[90mâ”€[39m[90mâ”€[39m[90mâ”€[39m[90mâ”€[39m[90mâ”€[39m[90mâ”€[39m[90mâ”€[39m[90mâ”€[39m[90mâ”€[39m[90mâ”€[39m[90mâ”€[39m[90mâ”€[39m[90mâ”€[39m[90mâ”€[39m[90mâ”€[39m[90mâ”€[39m[90mâ”€[39m[90mâ”€[39m[90mâ”€[39m[90mâ”€[39m[90mâ”€[39m[90mâ”€[39m[90mâ”€[39m[90mâ”€[39m[90mâ”€[39m[90mâ”€[39m[90mâ”€[39m[90mâ”€[39m[90mâ”€[39m[90mâ”€[39m[90mâ”€[39m[90mâ”€[39m[90mâ”€[39m[90mâ”€[39m[90mâ”€[39m[90mâ”€[39m[90mâ”€[39m[90mâ”€[39m[90mâ”€[39m[90mâ”€[39m[90mâ”€[39m[90mâ”€[39m[90mâ”€[39m[90mâ”€[39m[90mâ”€[39m[90mâ”€[39m[90mâ”€[39m[90mâ”€[39m[90mâ”€[39m[90mâ”¤[39m
Admin UI E2E (5, chrome)	Run Cypress	2025-01-08T13:34:45.7955181Z [90m  â”‚[39m [32mâœ”[39m  [0musers_test.spec.ts[0m                       [90m03:19[39m       [0m44[0m       [32m44[39m        [90m-[39m        [90m-[39m        [90m-[39m [90mâ”‚[39m
Admin UI E2E (5, chrome)	Run Cypress	2025-01-08T13:34:45.7963495Z [90m  â”œ[39m[90mâ”€[39m[90mâ”€[39m[90mâ”€[39m[90mâ”€[39m[90mâ”€[39m[90mâ”€[39m[90mâ”€[39m[90mâ”€[39m[90mâ”€[39m[90mâ”€[39m[90mâ”€[39m[90mâ”€[39m[90mâ”€[39m[90mâ”€[39m[90mâ”€[39m[90mâ”€[39m[90mâ”€[39m[90mâ”€[39m[90mâ”€[39m[90mâ”€[39m[90mâ”€[39m[90mâ”€[39m[90mâ”€[39m[90mâ”€[39m[90mâ”€[39m[90mâ”€[39m[90mâ”€[39m[90mâ”€[39m[90mâ”€[39m[90mâ”€[39m[90mâ”€[39m[90mâ”€[39m[90mâ”€[39m[90mâ”€[39m[90mâ”€[39m[90mâ”€[39m[90mâ”€[39m[90mâ”€[39m[90mâ”€[39m[90mâ”€[39m[90mâ”€[39m[90mâ”€[39m[90mâ”€[39m[90mâ”€[39m[90mâ”€[39m[90mâ”€[39m[90mâ”€[39m[90mâ”€[39m[90mâ”€[39m[90mâ”€[39m[90mâ”€[39m[90mâ”€[39m[90mâ”€[39m[90mâ”€[39m[90mâ”€[39m[90mâ”€[39m[90mâ”€[39m[90mâ”€[39m[90mâ”€[39m[90mâ”€[39m[90mâ”€[39m[90mâ”€[39m[90mâ”€[39m[90mâ”€[39m[90mâ”€[39m[90mâ”€[39m[90mâ”€[39m[90mâ”€[39m[90mâ”€[39m[90mâ”€[39m[90mâ”€[39m[90mâ”€[39m[90mâ”€[39m[90mâ”€[39m[90mâ”€[39m[90mâ”€[39m[90mâ”€[39m[90mâ”€[39m[90mâ”€[39m[90mâ”€[39m[90mâ”€[39m[90mâ”€[39m[90mâ”€[39m[90mâ”€[39m[90mâ”€[39m[90mâ”€[39m[90mâ”€[39m[90mâ”€[39m[90mâ”€[39m[90mâ”€[39m[90mâ”€[39m[90mâ”€[39m[90mâ”€[39m[90mâ”€[39m[90mâ”€[39m[90mâ”€[39m[90mâ”¤[39m
Admin UI E2E (5, chrome)	Run Cypress	2025-01-08T13:34:45.7968762Z [90m  â”‚[39m [32mâœ”[39m  [0muser_fed_ldap_hardcoded_mapper_test[0m      [90m01:02[39m       [0m12[0m       [32m12[39m        [90m-[39m        [90m-[39m        [90m-[39m [90mâ”‚[39m
Admin UI E2E (5, chrome)	Run Cypress	2025-01-08T13:34:45.7970153Z [90m  â”‚[39m    [0m.spec.ts[0m                                                                                    [90mâ”‚[39m
Admin UI E2E (5, chrome)	Run Cypress	2025-01-08T13:34:45.7977054Z [90m  â”œ[39m[90mâ”€[39m[90mâ”€[39m[90mâ”€[39m[90mâ”€[39m[90mâ”€[39m[90mâ”€[39m[90mâ”€[39m[90mâ”€[39m[90mâ”€[39m[90mâ”€[39m[90mâ”€[39m[90mâ”€[39m[90mâ”€[39m[90mâ”€[39m[90mâ”€[39m[90mâ”€[39m[90mâ”€[39m[90mâ”€[39m[90mâ”€[39m[90mâ”€[39m[90mâ”€[39m[90mâ”€[39m[90mâ”€[39m[90mâ”€[39m[90mâ”€[39m[90mâ”€[39m[90mâ”€[39m[90mâ”€[39m[90mâ”€[39m[90mâ”€[39m[90mâ”€[39m[90mâ”€[39m[90mâ”€[39m[90mâ”€[39m[90mâ”€[39m[90mâ”€[39m[90mâ”€[39m[90mâ”€[39m[90mâ”€[39m[90mâ”€[39m[90mâ”€[39m[90mâ”€[39m[90mâ”€[39m[90mâ”€[39m[90mâ”€[39m[90mâ”€[39m[90mâ”€[39m[90mâ”€[39m[90mâ”€[39m[90mâ”€[39m[90mâ”€[39m[90mâ”€[39m[90mâ”€[39m[90mâ”€[39m[90mâ”€[39m[90mâ”€[39m[90mâ”€[39m[90mâ”€[39m[90mâ”€[39m[90mâ”€[39m[90mâ”€[39m[90mâ”€[39m[90mâ”€[39m[90mâ”€[39m[90mâ”€[39m[90mâ”€[39m[90mâ”€[39m[90mâ”€[39m[90mâ”€[39m[90mâ”€[39m[90mâ”€[39m[90mâ”€[39m[90mâ”€[39m[90mâ”€[39m[90mâ”€[39m[90mâ”€[39m[90mâ”€[39m[90mâ”€[39m[90mâ”€[39m[90mâ”€[39m[90mâ”€[39m[90mâ”€[39m[90mâ”€[39m[90mâ”€[39m[90mâ”€[39m[90mâ”€[39m[90mâ”€[39m[90mâ”€[39m[90mâ”€[39m[90mâ”€[39m[90mâ”€[39m[90mâ”€[39m[90mâ”€[39m[90mâ”€[39m[90mâ”€[39m[90mâ”€[39m[90mâ”¤[39m
Admin UI E2E (5, chrome)	Run Cypress	2025-01-08T13:34:45.7981842Z [90m  â”‚[39m [31mâœ–[39m  [0mclients_test.spec.ts[0m                     [90m04:45[39m       [0m24[0m       [32m23[39m        [31m1[39m        [90m-[39m        [90m-[39m [90mâ”‚[39m
Admin UI E2E (5, chrome)	Run Cypress	2025-01-08T13:34:45.7988993Z [90m  â”œ[39m[90mâ”€[39m[90mâ”€[39m[90mâ”€[39m[90mâ”€[39m[90mâ”€[39m[90mâ”€[39m[90mâ”€[39m[90mâ”€[39m[90mâ”€[39m[90mâ”€[39m[90mâ”€[39m[90mâ”€[39m[90mâ”€[39m[90mâ”€[39m[90mâ”€[39m[90mâ”€[39m[90mâ”€[39m[90mâ”€[39m[90mâ”€[39m[90mâ”€[39m[90mâ”€[39m[90mâ”€[39m[90mâ”€[39m[90mâ”€[39m[90mâ”€[39m[90mâ”€[39m[90mâ”€[39m[90mâ”€[39m[90mâ”€[39m[90mâ”€[39m[90mâ”€[39m[90mâ”€[39m[90mâ”€[39m[90mâ”€[39m[90mâ”€[39m[90mâ”€[39m[90mâ”€[39m[90mâ”€[39m[90mâ”€[39m[90mâ”€[39m[90mâ”€[39m[90mâ”€[39m[90mâ”€[39m[90mâ”€[39m[90mâ”€[39m[90mâ”€[39m[90mâ”€[39m[90mâ”€[39m[90mâ”€[39m[90mâ”€[39m[90mâ”€[39m[90mâ”€[39m[90mâ”€[39m[90mâ”€[39m[90mâ”€[39m[90mâ”€[39m[90mâ”€[39m[90mâ”€[39m[90mâ”€[39m[90mâ”€[39m[90mâ”€[39m[90mâ”€[39m[90mâ”€[39m[90mâ”€[39m[90mâ”€[39m[90mâ”€[39m[90mâ”€[39m[90mâ”€[39m[90mâ”€[39m[90mâ”€[39m[90mâ”€[39m[90mâ”€[39m[90mâ”€[39m[90mâ”€[39m[90mâ”€[39m[90mâ”€[39m[90mâ”€[39m[90mâ”€[39m[90mâ”€[39m[90mâ”€[39m[90mâ”€[39m[90mâ”€[39m[90mâ”€[39m[90mâ”€[39m[90mâ”€[39m[90mâ”€[39m[90mâ”€[39m[90mâ”€[39m[90mâ”€[39m[90mâ”€[39m[90mâ”€[39m[90mâ”€[39m[90mâ”€[39m[90mâ”€[39m[90mâ”€[39m[90mâ”€[39m[90mâ”¤[39m
Admin UI E2E (5, chrome)	Run Cypress	2025-01-08T13:34:45.7994141Z [90m  â”‚[39m [32mâœ”[39m  [0mclient_advanced.spec.ts[0m                  [90m00:35[39m        [0m6[0m        [32m6[39m        [90m-[39m        [90m-[39m        [90m-[39m [90mâ”‚[39m
Admin UI E2E (5, chrome)	Run Cypress	2025-01-08T13:34:45.8001236Z [90m  â”œ[39m[90mâ”€[39m[90mâ”€[39m[90mâ”€[39m[90mâ”€[39m[90mâ”€[39m[90mâ”€[39m[90mâ”€[39m[90mâ”€[39m[90mâ”€[39m[90mâ”€[39m[90mâ”€[39m[90mâ”€[39m[90mâ”€[39m[90mâ”€[39m[90mâ”€[39m[90mâ”€[39m[90mâ”€[39m[90mâ”€[39m[90mâ”€[39m[90mâ”€[39m[90mâ”€[39m[90mâ”€[39m[90mâ”€[39m[90mâ”€[39m[90mâ”€[39m[90mâ”€[39m[90mâ”€[39m[90mâ”€[39m[90mâ”€[39m[90mâ”€[39m[90mâ”€[39m[90mâ”€[39m[90mâ”€[39m[90mâ”€[39m[90mâ”€[39m[90mâ”€[39m[90mâ”€[39m[90mâ”€[39m[90mâ”€[39m[90mâ”€[39m[90mâ”€[39m[90mâ”€[39m[90mâ”€[39m[90mâ”€[39m[90mâ”€[39m[90mâ”€[39m[90mâ”€[39m[90mâ”€[39m[90mâ”€[39m[90mâ”€[39m[90mâ”€[39m[90mâ”€[39m[90mâ”€[39m[90mâ”€[39m[90mâ”€[39m[90mâ”€[39m[90mâ”€[39m[90mâ”€[39m[90mâ”€[39m[90mâ”€[39m[90mâ”€[39m[90mâ”€[39m[90mâ”€[39m[90mâ”€[39m[90mâ”€[39m[90mâ”€[39m[90mâ”€[39m[90mâ”€[39m[90mâ”€[39m[90mâ”€[39m[90mâ”€[39m[90mâ”€[39m[90mâ”€[39m[90mâ”€[39m[90mâ”€[39m[90mâ”€[39m[90mâ”€[39m[90mâ”€[39m[90mâ”€[39m[90mâ”€[39m[90mâ”€[39m[90mâ”€[39m[90mâ”€[39m[90mâ”€[39m[90mâ”€[39m[90mâ”€[39m[90mâ”€[39m[90mâ”€[39m[90mâ”€[39m[90mâ”€[39m[90mâ”€[39m[90mâ”€[39m[90mâ”€[39m[90mâ”€[39m[90mâ”€[39m[90mâ”€[39m[90mâ”¤[39m
Admin UI E2E (5, chrome)	Run Cypress	2025-01-08T13:34:45.8006405Z [90m  â”‚[39m [32mâœ”[39m  [0mrealm_settings_events_test.spec.ts[0m       [90m01:17[39m       [0m22[0m       [32m21[39m        [90m-[39m        [36m1[39m        [90m-[39m [90mâ”‚[39m
Admin UI E2E (5, chrome)	Run Cypress	2025-01-08T13:34:45.8013584Z [90m  â”œ[39m[90mâ”€[39m[90mâ”€[39m[90mâ”€[39m[90mâ”€[39m[90mâ”€[39m[90mâ”€[39m[90mâ”€[39m[90mâ”€[39m[90mâ”€[39m[90mâ”€[39m[90mâ”€[39m[90mâ”€[39m[90mâ”€[39m[90mâ”€[39m[90mâ”€[39m[90mâ”€[39m[90mâ”€[39m[90mâ”€[39m[90mâ”€[39m[90mâ”€[39m[90mâ”€[39m[90mâ”€[39m[90mâ”€[39m[90mâ”€[39m[90mâ”€[39m[90mâ”€[39m[90mâ”€[39m[90mâ”€[39m[90mâ”€[39m[90mâ”€[39m[90mâ”€[39m[90mâ”€[39m[90mâ”€[39m[90mâ”€[39m[90mâ”€[39m[90mâ”€[39m[90mâ”€[39m[90mâ”€[39m[90mâ”€[39m[90mâ”€[39m[90mâ”€[39m[90mâ”€[39m[90mâ”€[39m[90mâ”€[39m[90mâ”€[39m[90mâ”€[39m[90mâ”€[39m[90mâ”€[39m[90mâ”€[39m[90mâ”€[39m[90mâ”€[39m[90mâ”€[39m[90mâ”€[39m[90mâ”€[39m[90mâ”€[39m[90mâ”€[39m[90mâ”€[39m[90mâ”€[39m[90mâ”€[39m[90mâ”€[39m[90mâ”€[39m[90mâ”€[39m[90mâ”€[39m[90mâ”€[39m[90mâ”€[39m[90mâ”€[39m[90mâ”€[39m[90mâ”€[39m[90mâ”€[39m[90mâ”€[39m[90mâ”€[39m[90mâ”€[39m[90mâ”€[39m[90mâ”€[39m[90mâ”€[39m[90mâ”€[39m[90mâ”€[39m[90mâ”€[39m[90mâ”€[39m[90mâ”€[39m[90mâ”€[39m[90mâ”€[39m[90mâ”€[39m[90mâ”€[39m[90mâ”€[39m[90mâ”€[39m[90mâ”€[39m[90mâ”€[39m[90mâ”€[39m[90mâ”€[39m[90mâ”€[39m[90mâ”€[39m[90mâ”€[39m[90mâ”€[39m[90mâ”€[39m[90mâ”€[39m[90mâ”¤[39m
Admin UI E2E (5, chrome)	Run Cypress	2025-01-08T13:34:45.8019112Z [90m  â”‚[39m [32mâœ”[39m  [0midentity_providers_saml_test.spec.t[0m      [90m01:13[39m       [0m13[0m       [32m13[39m        [90m-[39m        [90m-[39m        [90m-[39m [90mâ”‚[39m
Admin UI E2E (5, chrome)	Run Cypress	2025-01-08T13:34:45.8020546Z [90m  â”‚[39m    [0ms[0m                                                                                           [90mâ”‚[39m
Admin UI E2E (5, chrome)	Run Cypress	2025-01-08T13:34:45.8028003Z [90m  â””[39m[90mâ”€[39m[90mâ”€[39m[90mâ”€[39m[90mâ”€[39m[90mâ”€[39m[90mâ”€[39m[90mâ”€[39m[90mâ”€[39m[90mâ”€[39m[90mâ”€[39m[90mâ”€[39m[90mâ”€[39m[90mâ”€[39m[90mâ”€[39m[90mâ”€[39m[90mâ”€[39m[90mâ”€[39m[90mâ”€[39m[90mâ”€[39m[90mâ”€[39m[90mâ”€[39m[90mâ”€[39m[90mâ”€[39m[90mâ”€[39m[90mâ”€[39m[90mâ”€[39m[90mâ”€[39m[90mâ”€[39m[90mâ”€[39m[90mâ”€[39m[90mâ”€[39m[90mâ”€[39m[90mâ”€[39m[90mâ”€[39m[90mâ”€[39m[90mâ”€[39m[90mâ”€[39m[90mâ”€[39m[90mâ”€[39m[90mâ”€[39m[90mâ”€[39m[90mâ”€[39m[90mâ”€[39m[90mâ”€[39m[90mâ”€[39m[90mâ”€[39m[90mâ”€[39m[90mâ”€[39m[90mâ”€[39m[90mâ”€[39m[90mâ”€[39m[90mâ”€[39m[90mâ”€[39m[90mâ”€[39m[90mâ”€[39m[90mâ”€[39m[90mâ”€[39m[90mâ”€[39m[90mâ”€[39m[90mâ”€[39m[90mâ”€[39m[90mâ”€[39m[90mâ”€[39m[90mâ”€[39m[90mâ”€[39m[90mâ”€[39m[90mâ”€[39m[90mâ”€[39m[90mâ”€[39m[90mâ”€[39m[90mâ”€[39m[90mâ”€[39m[90mâ”€[39m[90mâ”€[39m[90mâ”€[39m[90mâ”€[39m[90mâ”€[39m[90mâ”€[39m[90mâ”€[39m[90mâ”€[39m[90mâ”€[39m[90mâ”€[39m[90mâ”€[39m[90mâ”€[39m[90mâ”€[39m[90mâ”€[39m[90mâ”€[39m[90mâ”€[39m[90mâ”€[39m[90mâ”€[39m[90mâ”€[39m[90mâ”€[39m[90mâ”€[39m[90mâ”€[39m[90mâ”€[39m[90mâ”€[39m[90mâ”˜[39m
Admin UI E2E (5, chrome)	Run Cypress	2025-01-08T13:34:45.8032637Z [90m   [39m [31mâœ–[39m  [31m1 of 8 failed (13%)[39m                      [90m13:14[39m      [0m132[0m      [32m130[39m        [31m1[39m        [36m1[39m        [90m-[39m [90m [39m
Admin UI E2E (5, chrome)	Run Cypress	2025-01-08T13:34:45.8033284Z 
Admin UI E2E (5, chrome)	Run Cypress	2025-01-08T13:34:45.8760868Z ##[error]Cypress tests: 1 failed
Status Check - Keycloak JavaScript CI	Run /./.github/actions/status-check	2025-01-08T13:35:01.3762430Z Prepare all required actions
Status Check - Keycloak JavaScript CI	Run /./.github/actions/status-check	2025-01-08T13:35:01.3832075Z ##[group]Run ./.github/actions/status-check
Status Check - Keycloak JavaScript CI	Run /./.github/actions/status-check	2025-01-08T13:35:01.3832430Z with:
Status Check - Keycloak JavaScript CI	Run /./.github/actions/status-check	2025-01-08T13:35:01.3833582Z   jobs: {
Status Check - Keycloak JavaScript CI	Run /./.github/actions/status-check	  "conditional": {
Status Check - Keycloak JavaScript CI	Run /./.github/actions/status-check	    "result": "success",
Status Check - Keycloak JavaScript CI	Run /./.github/actions/status-check	    "outputs": {
Status Check - Keycloak JavaScript CI	Run /./.github/actions/status-check	      "js-ci": "true"
Status Check - Keycloak JavaScript CI	Run /./.github/actions/status-check	    }
Status Check - Keycloak JavaScript CI	Run /./.github/actions/status-check	  },
Status Check - Keycloak JavaScript CI	Run /./.github/actions/status-check	  "build-keycloak": {
Status Check - Keycloak JavaScript CI	Run /./.github/actions/status-check	    "result": "success",
Status Check - Keycloak JavaScript CI	Run /./.github/actions/status-check	    "outputs": {}
Status Check - Keycloak JavaScript CI	Run /./.github/actions/status-check	  },
Status Check - Keycloak JavaScript CI	Run /./.github/actions/status-check	  "admin-client": {
Status Check - Keycloak JavaScript CI	Run /./.github/actions/status-check	    "result": "success",
Status Check - Keycloak JavaScript CI	Run /./.github/actions/status-check	    "outputs": {}
Status Check - Keycloak JavaScript CI	Run /./.github/actions/status-check	  },
Status Check - Keycloak JavaScript CI	Run /./.github/actions/status-check	  "ui-shared": {
Status Check - Keycloak JavaScript CI	Run /./.github/actions/status-check	    "result": "success",
Status Check - Keycloak JavaScript CI	Run /./.github/actions/status-check	    "outputs": {}
Status Check - Keycloak JavaScript CI	Run /./.github/actions/status-check	  },
Status Check - Keycloak JavaScript CI	Run /./.github/actions/status-check	  "account-ui": {
Status Check - Keycloak JavaScript CI	Run /./.github/actions/status-check	    "result": "success",
Status Check - Keycloak JavaScript CI	Run /./.github/actions/status-check	    "outputs": {}
Status Check - Keycloak JavaScript CI	Run /./.github/actions/status-check	  },
Status Check - Keycloak JavaScript CI	Run /./.github/actions/status-check	  "account-ui-e2e": {
Status Check - Keycloak JavaScript CI	Run /./.github/actions/status-check	    "result": "success",
Status Check - Keycloak JavaScript CI	Run /./.github/actions/status-check	    "outputs": {}
Status Check - Keycloak JavaScript CI	Run /./.github/actions/status-check	  },
Status Check - Keycloak JavaScript CI	Run /./.github/actions/status-check	  "admin-ui": {
Status Check - Keycloak JavaScript CI	Run /./.github/actions/status-check	    "result": "success",
Status Check - Keycloak JavaScript CI	Run /./.github/actions/status-check	    "outputs": {}
Status Check - Keycloak JavaScript CI	Run /./.github/actions/status-check	  },
Status Check - Keycloak JavaScript CI	Run /./.github/actions/status-check	  "admin-ui-e2e": {
Status Check - Keycloak JavaScript CI	Run /./.github/actions/status-check	    "result": "failure",
Status Check - Keycloak JavaScript CI	Run /./.github/actions/status-check	    "outputs": {}
Status Check - Keycloak JavaScript CI	Run /./.github/actions/status-check	  }
Status Check - Keycloak JavaScript CI	Run /./.github/actions/status-check	}
Status Check - Keycloak JavaScript CI	Run /./.github/actions/status-check	2025-01-08T13:35:01.3834858Z env:
Status Check - Keycloak JavaScript CI	Run /./.github/actions/status-check	2025-01-08T13:35:01.3835147Z   MAVEN_ARGS: -B -nsu -Daether.connector.http.connectionMaxTtl=25
Status Check - Keycloak JavaScript CI	Run /./.github/actions/status-check	2025-01-08T13:35:01.3835523Z   RETRY_COUNT: 3
Status Check - Keycloak JavaScript CI	Run /./.github/actions/status-check	2025-01-08T13:35:01.3835770Z ##[endgroup]
Status Check - Keycloak JavaScript CI	Run /./.github/actions/status-check	2025-01-08T13:35:01.4017510Z ##[group]Run JOBS='{
Status Check - Keycloak JavaScript CI	Run /./.github/actions/status-check	2025-01-08T13:35:01.4017935Z [36;1mJOBS='{[0m
Status Check - Keycloak JavaScript CI	Run /./.github/actions/status-check	2025-01-08T13:35:01.4018166Z [36;1m  "conditional": {[0m
Status Check - Keycloak JavaScript CI	Run /./.github/actions/status-check	2025-01-08T13:35:01.4018426Z [36;1m    "result": "success",[0m
Status Check - Keycloak JavaScript CI	Run /./.github/actions/status-check	2025-01-08T13:35:01.4018701Z [36;1m    "outputs": {[0m
Status Check - Keycloak JavaScript CI	Run /./.github/actions/status-check	2025-01-08T13:35:01.4018942Z [36;1m      "js-ci": "true"[0m
Status Check - Keycloak JavaScript CI	Run /./.github/actions/status-check	2025-01-08T13:35:01.4019185Z [36;1m    }[0m
Status Check - Keycloak JavaScript CI	Run /./.github/actions/status-check	2025-01-08T13:35:01.4019386Z [36;1m  },[0m
Status Check - Keycloak JavaScript CI	Run /./.github/actions/status-check	2025-01-08T13:35:01.4019597Z [36;1m  "build-keycloak": {[0m
Status Check - Keycloak JavaScript CI	Run /./.github/actions/status-check	2025-01-08T13:35:01.4019856Z [36;1m    "result": "success",[0m
Status Check - Keycloak JavaScript CI	Run /./.github/actions/status-check	2025-01-08T13:35:01.4020264Z [36;1m    "outputs": {}[0m
Status Check - Keycloak JavaScript CI	Run /./.github/actions/status-check	2025-01-08T13:35:01.4020500Z [36;1m  },[0m
Status Check - Keycloak JavaScript CI	Run /./.github/actions/status-check	2025-01-08T13:35:01.4020716Z [36;1m  "admin-client": {[0m
Status Check - Keycloak JavaScript CI	Run /./.github/actions/status-check	2025-01-08T13:35:01.4020967Z [36;1m    "result": "success",[0m
Status Check - Keycloak JavaScript CI	Run /./.github/actions/status-check	2025-01-08T13:35:01.4021235Z [36;1m    "outputs": {}[0m
Status Check - Keycloak JavaScript CI	Run /./.github/actions/status-check	2025-01-08T13:35:01.4021471Z [36;1m  },[0m
Status Check - Keycloak JavaScript CI	Run /./.github/actions/status-check	2025-01-08T13:35:01.4021682Z [36;1m  "ui-shared": {[0m
Status Check - Keycloak JavaScript CI	Run /./.github/actions/status-check	2025-01-08T13:35:01.4021914Z [36;1m    "result": "success",[0m
Status Check - Keycloak JavaScript CI	Run /./.github/actions/status-check	2025-01-08T13:35:01.4022173Z [36;1m    "outputs": {}[0m
Status Check - Keycloak JavaScript CI	Run /./.github/actions/status-check	2025-01-08T13:35:01.4022402Z [36;1m  },[0m
Status Check - Keycloak JavaScript CI	Run /./.github/actions/status-check	2025-01-08T13:35:01.4022614Z [36;1m  "account-ui": {[0m
Status Check - Keycloak JavaScript CI	Run /./.github/actions/status-check	2025-01-08T13:35:01.4022849Z [36;1m    "result": "success",[0m
Status Check - Keycloak JavaScript CI	Run /./.github/actions/status-check	2025-01-08T13:35:01.4023094Z [36;1m    "outputs": {}[0m
Status Check - Keycloak JavaScript CI	Run /./.github/actions/status-check	2025-01-08T13:35:01.4023316Z [36;1m  },[0m
Status Check - Keycloak JavaScript CI	Run /./.github/actions/status-check	2025-01-08T13:35:01.4023524Z [36;1m  "account-ui-e2e": {[0m
Status Check - Keycloak JavaScript CI	Run /./.github/actions/status-check	2025-01-08T13:35:01.4023768Z [36;1m    "result": "success",[0m
Status Check - Keycloak JavaScript CI	Run /./.github/actions/status-check	2025-01-08T13:35:01.4024025Z [36;1m    "outputs": {}[0m
Status Check - Keycloak JavaScript CI	Run /./.github/actions/status-check	2025-01-08T13:35:01.4024249Z [36;1m  },[0m
Status Check - Keycloak JavaScript CI	Run /./.github/actions/status-check	2025-01-08T13:35:01.4024447Z [36;1m  "admin-ui": {[0m
Status Check - Keycloak JavaScript CI	Run /./.github/actions/status-check	2025-01-08T13:35:01.4024678Z [36;1m    "result": "success",[0m
Status Check - Keycloak JavaScript CI	Run /./.github/actions/status-check	2025-01-08T13:35:01.4024923Z [36;1m    "outputs": {}[0m
Status Check - Keycloak JavaScript CI	Run /./.github/actions/status-check	2025-01-08T13:35:01.4025143Z [36;1m  },[0m
Status Check - Keycloak JavaScript CI	Run /./.github/actions/status-check	2025-01-08T13:35:01.4025352Z [36;1m  "admin-ui-e2e": {[0m
Status Check - Keycloak JavaScript CI	Run /./.github/actions/status-check	2025-01-08T13:35:01.4025604Z [36;1m    "result": "failure",[0m
Status Check - Keycloak JavaScript CI	Run /./.github/actions/status-check	2025-01-08T13:35:01.4025853Z [36;1m    "outputs": {}[0m
Status Check - Keycloak JavaScript CI	Run /./.github/actions/status-check	2025-01-08T13:35:01.4026088Z [36;1m  }[0m
Status Check - Keycloak JavaScript CI	Run /./.github/actions/status-check	2025-01-08T13:35:01.4026287Z [36;1m}'[0m
Status Check - Keycloak JavaScript CI	Run /./.github/actions/status-check	2025-01-08T13:35:01.4026487Z [36;1m[0m
Status Check - Keycloak JavaScript CI	Run /./.github/actions/status-check	2025-01-08T13:35:01.4026708Z [36;1mecho "Job status:"[0m
Status Check - Keycloak JavaScript CI	Run /./.github/actions/status-check	2025-01-08T13:35:01.4027080Z [36;1mecho $JOBS | jq -r 'to_entries[] | " - \(.key): \(.value.result)"'[0m
Status Check - Keycloak JavaScript CI	Run /./.github/actions/status-check	2025-01-08T13:35:01.4027426Z [36;1m[0m
Status Check - Keycloak JavaScript CI	Run /./.github/actions/status-check	2025-01-08T13:35:01.4027711Z [36;1mfor i in $(echo $JOBS | jq -r 'to_entries[] | .value.result'); do[0m
Status Check - Keycloak JavaScript CI	Run /./.github/actions/status-check	2025-01-08T13:35:01.4028107Z [36;1m  if [ "$i" != "success" ] && [ "$i" != "skipped" ]; then[0m
Status Check - Keycloak JavaScript CI	Run /./.github/actions/status-check	2025-01-08T13:35:01.4028472Z [36;1m    echo ""[0m
Status Check - Keycloak JavaScript CI	Run /./.github/actions/status-check	2025-01-08T13:35:01.4028709Z [36;1m    echo "Status check not okay!"[0m
Status Check - Keycloak JavaScript CI	Run /./.github/actions/status-check	2025-01-08T13:35:01.4028979Z [36;1m    exit 1[0m
Status Check - Keycloak JavaScript CI	Run /./.github/actions/status-check	2025-01-08T13:35:01.4029189Z [36;1m  fi[0m
Status Check - Keycloak JavaScript CI	Run /./.github/actions/status-check	2025-01-08T13:35:01.4029381Z [36;1mdone[0m
Status Check - Keycloak JavaScript CI	Run /./.github/actions/status-check	2025-01-08T13:35:01.4061597Z shell: /usr/bin/bash --noprofile --norc -e -o pipefail {0}
Status Check - Keycloak JavaScript CI	Run /./.github/actions/status-check	2025-01-08T13:35:01.4061994Z env:
Status Check - Keycloak JavaScript CI	Run /./.github/actions/status-check	2025-01-08T13:35:01.4062302Z   MAVEN_ARGS: -B -nsu -Daether.connector.http.connectionMaxTtl=25
Status Check - Keycloak JavaScript CI	Run /./.github/actions/status-check	2025-01-08T13:35:01.4062665Z   RETRY_COUNT: 3
Status Check - Keycloak JavaScript CI	Run /./.github/actions/status-check	2025-01-08T13:35:01.4062878Z ##[endgroup]
Status Check - Keycloak JavaScript CI	Run /./.github/actions/status-check	2025-01-08T13:35:01.4130946Z Job status:
Status Check - Keycloak JavaScript CI	Run /./.github/actions/status-check	2025-01-08T13:35:01.4166925Z  - conditional: success
Status Check - Keycloak JavaScript CI	Run /./.github/actions/status-check	2025-01-08T13:35:01.4167413Z  - build-keycloak: success
Status Check - Keycloak JavaScript CI	Run /./.github/actions/status-check	2025-01-08T13:35:01.4167807Z  - admin-client: success
Status Check - Keycloak JavaScript CI	Run /./.github/actions/status-check	2025-01-08T13:35:01.4168064Z  - ui-shared: success
Status Check - Keycloak JavaScript CI	Run /./.github/actions/status-check	2025-01-08T13:35:01.4168303Z  - account-ui: success
Status Check - Keycloak JavaScript CI	Run /./.github/actions/status-check	2025-01-08T13:35:01.4168554Z  - account-ui-e2e: success
Status Check - Keycloak JavaScript CI	Run /./.github/actions/status-check	2025-01-08T13:35:01.4168804Z  - admin-ui: success
Status Check - Keycloak JavaScript CI	Run /./.github/actions/status-check	2025-01-08T13:35:01.4169043Z  - admin-ui-e2e: failure
Status Check - Keycloak JavaScript CI	Run /./.github/actions/status-check	2025-01-08T13:35:01.4202049Z 
Status Check - Keycloak JavaScript CI	Run /./.github/actions/status-check	2025-01-08T13:35:01.4202320Z Status check not okay!
Status Check - Keycloak JavaScript CI	Run /./.github/actions/status-check	2025-01-08T13:35:01.4214774Z ##[error]Process completed with exit code 1.
