Admin UI E2E (3, chrome)	Run Cypress	2024-11-22T06:28:52.8317827Z ##[group]Run cypress-io/github-action@v6
Admin UI E2E (3, chrome)	Run Cypress	2024-11-22T06:28:52.8318454Z with:
Admin UI E2E (3, chrome)	Run Cypress	2024-11-22T06:28:52.8318808Z   install: false
Admin UI E2E (3, chrome)	Run Cypress	2024-11-22T06:28:52.8319202Z   browser: chrome
Admin UI E2E (3, chrome)	Run Cypress	2024-11-22T06:28:52.8319647Z   wait-on: http://localhost:8080
Admin UI E2E (3, chrome)	Run Cypress	2024-11-22T06:28:52.8320502Z   working-directory: js/apps/admin-ui
Admin UI E2E (3, chrome)	Run Cypress	2024-11-22T06:28:52.8321040Z   record: false
Admin UI E2E (3, chrome)	Run Cypress	2024-11-22T06:28:52.8321432Z   publish-summary: true
Admin UI E2E (3, chrome)	Run Cypress	2024-11-22T06:28:52.8321866Z   component: false
Admin UI E2E (3, chrome)	Run Cypress	2024-11-22T06:28:52.8322222Z env:
Admin UI E2E (3, chrome)	Run Cypress	2024-11-22T06:28:52.8322785Z   MAVEN_ARGS: -B -nsu -Daether.connector.http.connectionMaxTtl=25
Admin UI E2E (3, chrome)	Run Cypress	2024-11-22T06:28:52.8323563Z   WORKSPACE: keycloak-admin-ui
Admin UI E2E (3, chrome)	Run Cypress	2024-11-22T06:28:52.8324300Z   JAVA_HOME: /opt/hostedtoolcache/Java_Temurin-Hotspot_jdk/21.0.5-11/x64
Admin UI E2E (3, chrome)	Run Cypress	2024-11-22T06:28:52.8325361Z   JAVA_HOME_21_X64: /opt/hostedtoolcache/Java_Temurin-Hotspot_jdk/21.0.5-11/x64
Admin UI E2E (3, chrome)	Run Cypress	2024-11-22T06:28:52.8326177Z   SPLIT: 5
Admin UI E2E (3, chrome)	Run Cypress	2024-11-22T06:28:52.8326539Z   SPLIT_INDEX: 2
Admin UI E2E (3, chrome)	Run Cypress	2024-11-22T06:28:52.8326928Z   SPLIT_RANDOM_SEED: 83
Admin UI E2E (3, chrome)	Run Cypress	2024-11-22T06:28:52.8327337Z ##[endgroup]
Admin UI E2E (3, chrome)	Run Cypress	2024-11-22T06:28:53.3198868Z Skipping install because install parameter is false
Admin UI E2E (3, chrome)	Run Cypress	2024-11-22T06:28:53.3243622Z waiting on "http://localhost:8080" with timeout of 60 seconds
Admin UI E2E (3, chrome)	Run Cypress	2024-11-22T06:29:11.2625111Z It looks like this is your first time using Cypress: 13.16.0
Admin UI E2E (3, chrome)	Run Cypress	2024-11-22T06:29:11.2625803Z 
Admin UI E2E (3, chrome)	Run Cypress	2024-11-22T06:29:11.2647303Z [STARTED] Task without title.
Admin UI E2E (3, chrome)	Run Cypress	2024-11-22T06:29:12.8479282Z [SUCCESS] Task without title.
Admin UI E2E (3, chrome)	Run Cypress	2024-11-22T06:29:12.8482425Z 
Admin UI E2E (3, chrome)	Run Cypress	2024-11-22T06:29:12.8482777Z Opening Cypress...
Admin UI E2E (3, chrome)	Run Cypress	2024-11-22T06:29:13.4715744Z 
Admin UI E2E (3, chrome)	Run Cypress	2024-11-22T06:29:13.4718003Z DevTools listening on ws://127.0.0.1:41045/devtools/browser/efcc6313-8094-4800-9f7e-3f04ad636e06
Admin UI E2E (3, chrome)	Run Cypress	2024-11-22T06:29:14.0556559Z (node:2670) ExperimentalWarning: `--experimental-loader` may be removed in the future; instead use `register()`:
Admin UI E2E (3, chrome)	Run Cypress	2024-11-22T06:29:14.0561041Z --import 'data:text/javascript,import { register } from "node:module"; import { pathToFileURL } from "node:url"; register("file%3A///home/runner/.cache/Cypress/13.16.0/Cypress/resources/app/node_modules/ts-node/esm/transpile-only.mjs", pathToFileURL("./"));'
Admin UI E2E (3, chrome)	Run Cypress	2024-11-22T06:29:14.0564396Z (Use `node --trace-warnings ...` to show where the warning was created)
Admin UI E2E (3, chrome)	Run Cypress	2024-11-22T06:29:25.9237041Z cypress-split: there are 37 found specs
Admin UI E2E (3, chrome)	Run Cypress	2024-11-22T06:29:25.9239953Z the first 5 specs
Admin UI E2E (3, chrome)	Run Cypress	2024-11-22T06:29:25.9241334Z - 1: /home/runner/work/keycloak/keycloak/js/apps/admin-ui/cypress/e2e/authentication_policies.spec.ts
Admin UI E2E (3, chrome)	Run Cypress	2024-11-22T06:29:25.9243151Z - 2: /home/runner/work/keycloak/keycloak/js/apps/admin-ui/cypress/e2e/users_test.spec.ts
Admin UI E2E (3, chrome)	Run Cypress	2024-11-22T06:29:25.9244973Z - 3: /home/runner/work/keycloak/keycloak/js/apps/admin-ui/cypress/e2e/identity_providers_test.spec.ts
Admin UI E2E (3, chrome)	Run Cypress	2024-11-22T06:29:25.9247012Z - 4: /home/runner/work/keycloak/keycloak/js/apps/admin-ui/cypress/e2e/realm_user_registration.spec.ts
Admin UI E2E (3, chrome)	Run Cypress	2024-11-22T06:29:25.9248842Z - 5: /home/runner/work/keycloak/keycloak/js/apps/admin-ui/cypress/e2e/organization.spec.ts
Admin UI E2E (3, chrome)	Run Cypress	2024-11-22T06:29:25.9249957Z cypress-split: chunk 3 of 5
Admin UI E2E (3, chrome)	Run Cypress	2024-11-22T06:29:25.9255700Z k  spec                                               
Admin UI E2E (3, chrome)	Run Cypress	2024-11-22T06:29:25.9256909Z -  ---------------------------------------------------
Admin UI E2E (3, chrome)	Run Cypress	2024-11-22T06:29:25.9257745Z 1  cypress/e2e/clients_saml_test.spec.ts              
Admin UI E2E (3, chrome)	Run Cypress	2024-11-22T06:29:25.9258611Z 2  cypress/e2e/clients_test.spec.ts                   
Admin UI E2E (3, chrome)	Run Cypress	2024-11-22T06:29:25.9259477Z 3  cypress/e2e/masthead_test.spec.ts                  
Admin UI E2E (3, chrome)	Run Cypress	2024-11-22T06:29:25.9260156Z 4  cypress/e2e/authentication_policies_ciba.spec.ts   
Admin UI E2E (3, chrome)	Run Cypress	2024-11-22T06:29:25.9260661Z 5  cypress/e2e/realm_settings_general_tab_test.spec.ts
Admin UI E2E (3, chrome)	Run Cypress	2024-11-22T06:29:25.9261189Z 6  cypress/e2e/realm_settings_events_test.spec.ts     
Admin UI E2E (3, chrome)	Run Cypress	2024-11-22T06:29:25.9261699Z 7  cypress/e2e/client_registration_policies.spec.ts   
Admin UI E2E (3, chrome)	Run Cypress	2024-11-22T06:29:25.9261993Z 
Admin UI E2E (3, chrome)	Run Cypress	2024-11-22T06:29:26.6343271Z 
Admin UI E2E (3, chrome)	Run Cypress	2024-11-22T06:29:26.6659827Z [90m====================================================================================================[39m
Admin UI E2E (3, chrome)	Run Cypress	2024-11-22T06:29:26.6660478Z 
Admin UI E2E (3, chrome)	Run Cypress	2024-11-22T06:29:26.6662706Z [0m  ([4m[1mRun Starting[22m[24m)[0m
Admin UI E2E (3, chrome)	Run Cypress	2024-11-22T06:29:26.6663154Z 
Admin UI E2E (3, chrome)	Run Cypress	2024-11-22T06:29:26.6740938Z [90m  â”Œ[39m[90mâ”€[39m[90mâ”€[39m[90mâ”€[39m[90mâ”€[39m[90mâ”€[39m[90mâ”€[39m[90mâ”€[39m[90mâ”€[39m[90mâ”€[39m[90mâ”€[39m[90mâ”€[39m[90mâ”€[39m[90mâ”€[39m[90mâ”€[39m[90mâ”€[39m[90mâ”€[39m[90mâ”€[39m[90mâ”€[39m[90mâ”€[39m[90mâ”€[39m[90mâ”€[39m[90mâ”€[39m[90mâ”€[39m[90mâ”€[39m[90mâ”€[39m[90mâ”€[39m[90mâ”€[39m[90mâ”€[39m[90mâ”€[39m[90mâ”€[39m[90mâ”€[39m[90mâ”€[39m[90mâ”€[39m[90mâ”€[39m[90mâ”€[39m[90mâ”€[39m[90mâ”€[39m[90mâ”€[39m[90mâ”€[39m[90mâ”€[39m[90mâ”€[39m[90mâ”€[39m[90mâ”€[39m[90mâ”€[39m[90mâ”€[39m[90mâ”€[39m[90mâ”€[39m[90mâ”€[39m[90mâ”€[39m[90mâ”€[39m[90mâ”€[39m[90mâ”€[39m[90mâ”€[39m[90mâ”€[39m[90mâ”€[39m[90mâ”€[39m[90mâ”€[39m[90mâ”€[39m[90mâ”€[39m[90mâ”€[39m[90mâ”€[39m[90mâ”€[39m[90mâ”€[39m[90mâ”€[39m[90mâ”€[39m[90mâ”€[39m[90mâ”€[39m[90mâ”€[39m[90mâ”€[39m[90mâ”€[39m[90mâ”€[39m[90mâ”€[39m[90mâ”€[39m[90mâ”€[39m[90mâ”€[39m[90mâ”€[39m[90mâ”€[39m[90mâ”€[39m[90mâ”€[39m[90mâ”€[39m[90mâ”€[39m[90mâ”€[39m[90mâ”€[39m[90mâ”€[39m[90mâ”€[39m[90mâ”€[39m[90mâ”€[39m[90mâ”€[39m[90mâ”€[39m[90mâ”€[39m[90mâ”€[39m[90mâ”€[39m[90mâ”€[39m[90mâ”€[39m[90mâ”€[39m[90mâ”€[39m[90mâ”[39m
Admin UI E2E (3, chrome)	Run Cypress	2024-11-22T06:29:26.6748521Z [90m  â”‚[39m [90mCypress:[39m        13.16.0                                                                        [90mâ”‚[39m
Admin UI E2E (3, chrome)	Run Cypress	2024-11-22T06:29:26.6750549Z [90m  â”‚[39m [90mBrowser:[39m        Chrome 131 [90m(headless)[39m                                                          [90mâ”‚[39m
Admin UI E2E (3, chrome)	Run Cypress	2024-11-22T06:29:26.6753011Z [90m  â”‚[39m [90mNode Version:[39m   [0mv20.13.1 [90m(/home/runner/runners/2.320.0/externals/node20/bin/node)[39m[0m              [90mâ”‚[39m
Admin UI E2E (3, chrome)	Run Cypress	2024-11-22T06:29:26.6755537Z [90m  â”‚[39m [90mSpecs:[39m          [0m7 found (clients_saml_test.spec.ts, clients_test.spec.ts, masthead_test.spec.t[0m [90mâ”‚[39m
Admin UI E2E (3, chrome)	Run Cypress	2024-11-22T06:29:26.6757860Z [90m  â”‚[39m                 [0ms, authentication_policies_ciba.spec.ts, realm_settings_general_tab_test.spec.[0m [90mâ”‚[39m
Admin UI E2E (3, chrome)	Run Cypress	2024-11-22T06:29:26.6759795Z [90m  â”‚[39m                 [0mts, realm_settings_events_test.spec.ts, client_registration_policies.spec.ts)[0m  [90mâ”‚[39m
Admin UI E2E (3, chrome)	Run Cypress	2024-11-22T06:29:26.6761889Z [90m  â”‚[39m [90mSearched:[39m       [0mcypress/e2e/clients_saml_test.spec.ts, cypress/e2e/clients_test.spec.ts, cypre[0m [90mâ”‚[39m
Admin UI E2E (3, chrome)	Run Cypress	2024-11-22T06:29:26.6764014Z [90m  â”‚[39m                 [0mss/e2e/masthead_test.spec.ts, cypress/e2e/authentication_policies_ciba.spec.ts[0m [90mâ”‚[39m
Admin UI E2E (3, chrome)	Run Cypress	2024-11-22T06:29:26.6765981Z [90m  â”‚[39m                 [0m, cypress/e2e/realm_settings_general_tab_test.spec.ts, cypress/e2e/realm_setti[0m [90mâ”‚[39m
Admin UI E2E (3, chrome)	Run Cypress	2024-11-22T06:29:26.6767906Z [90m  â”‚[39m                 [0mngs_events_test.spec.ts, cypress/e2e/client_registration_policies.spec.ts[0m      [90mâ”‚[39m
Admin UI E2E (3, chrome)	Run Cypress	2024-11-22T06:29:26.6769958Z [90m  â”‚[39m [90mExperiments:[39m    experimentalMemoryManagement=true                                              [90mâ”‚[39m
Admin UI E2E (3, chrome)	Run Cypress	2024-11-22T06:29:26.6779299Z [90m  â””[39m[90mâ”€[39m[90mâ”€[39m[90mâ”€[39m[90mâ”€[39m[90mâ”€[39m[90mâ”€[39m[90mâ”€[39m[90mâ”€[39m[90mâ”€[39m[90mâ”€[39m[90mâ”€[39m[90mâ”€[39m[90mâ”€[39m[90mâ”€[39m[90mâ”€[39m[90mâ”€[39m[90mâ”€[39m[90mâ”€[39m[90mâ”€[39m[90mâ”€[39m[90mâ”€[39m[90mâ”€[39m[90mâ”€[39m[90mâ”€[39m[90mâ”€[39m[90mâ”€[39m[90mâ”€[39m[90mâ”€[39m[90mâ”€[39m[90mâ”€[39m[90mâ”€[39m[90mâ”€[39m[90mâ”€[39m[90mâ”€[39m[90mâ”€[39m[90mâ”€[39m[90mâ”€[39m[90mâ”€[39m[90mâ”€[39m[90mâ”€[39m[90mâ”€[39m[90mâ”€[39m[90mâ”€[39m[90mâ”€[39m[90mâ”€[39m[90mâ”€[39m[90mâ”€[39m[90mâ”€[39m[90mâ”€[39m[90mâ”€[39m[90mâ”€[39m[90mâ”€[39m[90mâ”€[39m[90mâ”€[39m[90mâ”€[39m[90mâ”€[39m[90mâ”€[39m[90mâ”€[39m[90mâ”€[39m[90mâ”€[39m[90mâ”€[39m[90mâ”€[39m[90mâ”€[39m[90mâ”€[39m[90mâ”€[39m[90mâ”€[39m[90mâ”€[39m[90mâ”€[39m[90mâ”€[39m[90mâ”€[39m[90mâ”€[39m[90mâ”€[39m[90mâ”€[39m[90mâ”€[39m[90mâ”€[39m[90mâ”€[39m[90mâ”€[39m[90mâ”€[39m[90mâ”€[39m[90mâ”€[39m[90mâ”€[39m[90mâ”€[39m[90mâ”€[39m[90mâ”€[39m[90mâ”€[39m[90mâ”€[39m[90mâ”€[39m[90mâ”€[39m[90mâ”€[39m[90mâ”€[39m[90mâ”€[39m[90mâ”€[39m[90mâ”€[39m[90mâ”€[39m[90mâ”€[39m[90mâ”€[39m[90mâ”˜[39m
Admin UI E2E (3, chrome)	Run Cypress	2024-11-22T06:29:26.6785476Z 
Admin UI E2E (3, chrome)	Run Cypress	2024-11-22T06:29:26.6785504Z 
Admin UI E2E (3, chrome)	Run Cypress	2024-11-22T06:29:26.6794409Z [90mâ”€[39m[90mâ”€[39m[90mâ”€[39m[90mâ”€[39m[90mâ”€[39m[90mâ”€[39m[90mâ”€[39m[90mâ”€[39m[90mâ”€[39m[90mâ”€[39m[90mâ”€[39m[90mâ”€[39m[90mâ”€[39m[90mâ”€[39m[90mâ”€[39m[90mâ”€[39m[90mâ”€[39m[90mâ”€[39m[90mâ”€[39m[90mâ”€[39m[90mâ”€[39m[90mâ”€[39m[90mâ”€[39m[90mâ”€[39m[90mâ”€[39m[90mâ”€[39m[90mâ”€[39m[90mâ”€[39m[90mâ”€[39m[90mâ”€[39m[90mâ”€[39m[90mâ”€[39m[90mâ”€[39m[90mâ”€[39m[90mâ”€[39m[90mâ”€[39m[90mâ”€[39m[90mâ”€[39m[90mâ”€[39m[90mâ”€[39m[90mâ”€[39m[90mâ”€[39m[90mâ”€[39m[90mâ”€[39m[90mâ”€[39m[90mâ”€[39m[90mâ”€[39m[90mâ”€[39m[90mâ”€[39m[90mâ”€[39m[90mâ”€[39m[90mâ”€[39m[90mâ”€[39m[90mâ”€[39m[90mâ”€[39m[90mâ”€[39m[90mâ”€[39m[90mâ”€[39m[90mâ”€[39m[90mâ”€[39m[90mâ”€[39m[90mâ”€[39m[90mâ”€[39m[90mâ”€[39m[90mâ”€[39m[90mâ”€[39m[90mâ”€[39m[90mâ”€[39m[90mâ”€[39m[90mâ”€[39m[90mâ”€[39m[90mâ”€[39m[90mâ”€[39m[90mâ”€[39m[90mâ”€[39m[90mâ”€[39m[90mâ”€[39m[90mâ”€[39m[90mâ”€[39m[90mâ”€[39m[90mâ”€[39m[90mâ”€[39m[90mâ”€[39m[90mâ”€[39m[90mâ”€[39m[90mâ”€[39m[90mâ”€[39m[90mâ”€[39m[90mâ”€[39m[90mâ”€[39m[90mâ”€[39m[90mâ”€[39m[90mâ”€[39m[90mâ”€[39m[90mâ”€[39m[90mâ”€[39m[90mâ”€[39m[90mâ”€[39m[90mâ”€[39m[90mâ”€[39m
Admin UI E2E (3, chrome)	Run Cypress	2024-11-22T06:29:26.6801567Z                                                                                                     
Admin UI E2E (3, chrome)	Run Cypress	2024-11-22T06:29:26.6803042Z   Running:  [90mclients_saml_test.spec.ts[39m                                                       [90m(1 of 7)[39m
Admin UI E2E (3, chrome)	Run Cypress	2024-11-22T06:29:33.5107222Z 
Admin UI E2E (3, chrome)	Run Cypress	2024-11-22T06:29:33.5112696Z [0m[0m
Admin UI E2E (3, chrome)	Run Cypress	2024-11-22T06:29:33.5123636Z [0m  Clients SAML tests[0m
Admin UI E2E (3, chrome)	Run Cypress	2024-11-22T06:29:33.5124492Z [0m    SAML test[0m
Admin UI E2E (3, chrome)	Run Cypress	2024-11-22T06:29:40.6325079Z     [32m  âœ“[0m[90m should display the saml sections on details screen[0m[90m (7058ms)[0m
Admin UI E2E (3, chrome)	Run Cypress	2024-11-22T06:29:43.8513112Z     [32m  âœ“[0m[90m should save force name id format[0m[90m (3154ms)[0m
Admin UI E2E (3, chrome)	Run Cypress	2024-11-22T06:29:43.8709702Z [0m    SAML keys tab[0m
Admin UI E2E (3, chrome)	Run Cypress	2024-11-22T06:29:47.6343857Z     [32m  âœ“[0m[90m should doesn't disable signature when cancel[0m[90m (3715ms)[0m
Admin UI E2E (3, chrome)	Run Cypress	2024-11-22T06:29:51.3875969Z     [32m  âœ“[0m[90m should disable client signature[0m[90m (3687ms)[0m
Admin UI E2E (3, chrome)	Run Cypress	2024-11-22T06:29:55.5531595Z     [32m  âœ“[0m[90m should enable Encryption keys config[0m[90m (4077ms)[0m
Admin UI E2E (3, chrome)	Run Cypress	2024-11-22T06:29:55.5726464Z [0m    SAML settings tab[0m
Admin UI E2E (3, chrome)	Run Cypress	2024-11-22T06:30:00.2790199Z     [32m  âœ“[0m[90m should check SAML capabilities[0m[90m (4634ms)[0m
Admin UI E2E (3, chrome)	Run Cypress	2024-11-22T06:30:04.7754978Z     [32m  âœ“[0m[90m should check signature and encryption[0m[90m (4459ms)[0m
Admin UI E2E (3, chrome)	Run Cypress	2024-11-22T06:30:11.9563446Z     [32m  âœ“[0m[90m should check access settings[0m[90m (7151ms)[0m
Admin UI E2E (3, chrome)	Run Cypress	2024-11-22T06:30:14.8264456Z     [32m  âœ“[0m[90m should check login settings[0m[90m (2825ms)[0m
Admin UI E2E (3, chrome)	Run Cypress	2024-11-22T06:30:14.8265153Z 
Admin UI E2E (3, chrome)	Run Cypress	2024-11-22T06:30:14.8396349Z 
Admin UI E2E (3, chrome)	Run Cypress	2024-11-22T06:30:14.8403031Z [92m [0m[32m 9 passing[0m[90m (41s)[0m
Admin UI E2E (3, chrome)	Run Cypress	2024-11-22T06:30:14.8407030Z 
Admin UI E2E (3, chrome)	Run Cypress	2024-11-22T06:30:15.8595288Z 
Admin UI E2E (3, chrome)	Run Cypress	2024-11-22T06:30:15.8596928Z [32m  ([4m[1mResults[22m[24m)[39m
Admin UI E2E (3, chrome)	Run Cypress	2024-11-22T06:30:15.8615695Z 
Admin UI E2E (3, chrome)	Run Cypress	2024-11-22T06:30:15.8634957Z [90m  â”Œ[39m[90mâ”€[39m[90mâ”€[39m[90mâ”€[39m[90mâ”€[39m[90mâ”€[39m[90mâ”€[39m[90mâ”€[39m[90mâ”€[39m[90mâ”€[39m[90mâ”€[39m[90mâ”€[39m[90mâ”€[39m[90mâ”€[39m[90mâ”€[39m[90mâ”€[39m[90mâ”€[39m[90mâ”€[39m[90mâ”€[39m[90mâ”€[39m[90mâ”€[39m[90mâ”€[39m[90mâ”€[39m[90mâ”€[39m[90mâ”€[39m[90mâ”€[39m[90mâ”€[39m[90mâ”€[39m[90mâ”€[39m[90mâ”€[39m[90mâ”€[39m[90mâ”€[39m[90mâ”€[39m[90mâ”€[39m[90mâ”€[39m[90mâ”€[39m[90mâ”€[39m[90mâ”€[39m[90mâ”€[39m[90mâ”€[39m[90mâ”€[39m[90mâ”€[39m[90mâ”€[39m[90mâ”€[39m[90mâ”€[39m[90mâ”€[39m[90mâ”€[39m[90mâ”€[39m[90mâ”€[39m[90mâ”€[39m[90mâ”€[39m[90mâ”€[39m[90mâ”€[39m[90mâ”€[39m[90mâ”€[39m[90mâ”€[39m[90mâ”€[39m[90mâ”€[39m[90mâ”€[39m[90mâ”€[39m[90mâ”€[39m[90mâ”€[39m[90mâ”€[39m[90mâ”€[39m[90mâ”€[39m[90mâ”€[39m[90mâ”€[39m[90mâ”€[39m[90mâ”€[39m[90mâ”€[39m[90mâ”€[39m[90mâ”€[39m[90mâ”€[39m[90mâ”€[39m[90mâ”€[39m[90mâ”€[39m[90mâ”€[39m[90mâ”€[39m[90mâ”€[39m[90mâ”€[39m[90mâ”€[39m[90mâ”€[39m[90mâ”€[39m[90mâ”€[39m[90mâ”€[39m[90mâ”€[39m[90mâ”€[39m[90mâ”€[39m[90mâ”€[39m[90mâ”€[39m[90mâ”€[39m[90mâ”€[39m[90mâ”€[39m[90mâ”€[39m[90mâ”€[39m[90mâ”€[39m[90mâ”€[39m[90mâ”[39m
Admin UI E2E (3, chrome)	Run Cypress	2024-11-22T06:30:15.8641916Z [90m  â”‚[39m [90mTests:[39m        [32m9[39m                                                                                [90mâ”‚[39m
Admin UI E2E (3, chrome)	Run Cypress	2024-11-22T06:30:15.8643874Z [90m  â”‚[39m [90mPassing:[39m      [32m9[39m                                                                                [90mâ”‚[39m
Admin UI E2E (3, chrome)	Run Cypress	2024-11-22T06:30:15.8645804Z [90m  â”‚[39m [90mFailing:[39m      [32m0[39m                                                                                [90mâ”‚[39m
Admin UI E2E (3, chrome)	Run Cypress	2024-11-22T06:30:15.8647438Z [90m  â”‚[39m [90mPending:[39m      [32m0[39m                                                                                [90mâ”‚[39m
Admin UI E2E (3, chrome)	Run Cypress	2024-11-22T06:30:15.8649017Z [90m  â”‚[39m [90mSkipped:[39m      [32m0[39m                                                                                [90mâ”‚[39m
Admin UI E2E (3, chrome)	Run Cypress	2024-11-22T06:30:15.8650530Z [90m  â”‚[39m [90mScreenshots:[39m  [32m0[39m                                                                                [90mâ”‚[39m
Admin UI E2E (3, chrome)	Run Cypress	2024-11-22T06:30:15.8652127Z [90m  â”‚[39m [90mVideo:[39m        [32mfalse[39m                                                                            [90mâ”‚[39m
Admin UI E2E (3, chrome)	Run Cypress	2024-11-22T06:30:15.8653903Z [90m  â”‚[39m [90mDuration:[39m     [32m41 seconds[39m                                                                       [90mâ”‚[39m
Admin UI E2E (3, chrome)	Run Cypress	2024-11-22T06:30:15.8655819Z [90m  â”‚[39m [90mSpec Ran:[39m     [32m[32mclients_saml_test.spec.ts[32m[39m                                                        [90mâ”‚[39m
Admin UI E2E (3, chrome)	Run Cypress	2024-11-22T06:30:15.8664333Z [90m  â””[39m[90mâ”€[39m[90mâ”€[39m[90mâ”€[39m[90mâ”€[39m[90mâ”€[39m[90mâ”€[39m[90mâ”€[39m[90mâ”€[39m[90mâ”€[39m[90mâ”€[39m[90mâ”€[39m[90mâ”€[39m[90mâ”€[39m[90mâ”€[39m[90mâ”€[39m[90mâ”€[39m[90mâ”€[39m[90mâ”€[39m[90mâ”€[39m[90mâ”€[39m[90mâ”€[39m[90mâ”€[39m[90mâ”€[39m[90mâ”€[39m[90mâ”€[39m[90mâ”€[39m[90mâ”€[39m[90mâ”€[39m[90mâ”€[39m[90mâ”€[39m[90mâ”€[39m[90mâ”€[39m[90mâ”€[39m[90mâ”€[39m[90mâ”€[39m[90mâ”€[39m[90mâ”€[39m[90mâ”€[39m[90mâ”€[39m[90mâ”€[39m[90mâ”€[39m[90mâ”€[39m[90mâ”€[39m[90mâ”€[39m[90mâ”€[39m[90mâ”€[39m[90mâ”€[39m[90mâ”€[39m[90mâ”€[39m[90mâ”€[39m[90mâ”€[39m[90mâ”€[39m[90mâ”€[39m[90mâ”€[39m[90mâ”€[39m[90mâ”€[39m[90mâ”€[39m[90mâ”€[39m[90mâ”€[39m[90mâ”€[39m[90mâ”€[39m[90mâ”€[39m[90mâ”€[39m[90mâ”€[39m[90mâ”€[39m[90mâ”€[39m[90mâ”€[39m[90mâ”€[39m[90mâ”€[39m[90mâ”€[39m[90mâ”€[39m[90mâ”€[39m[90mâ”€[39m[90mâ”€[39m[90mâ”€[39m[90mâ”€[39m[90mâ”€[39m[90mâ”€[39m[90mâ”€[39m[90mâ”€[39m[90mâ”€[39m[90mâ”€[39m[90mâ”€[39m[90mâ”€[39m[90mâ”€[39m[90mâ”€[39m[90mâ”€[39m[90mâ”€[39m[90mâ”€[39m[90mâ”€[39m[90mâ”€[39m[90mâ”€[39m[90mâ”€[39m[90mâ”€[39m[90mâ”€[39m[90mâ”€[39m[90mâ”˜[39m
Admin UI E2E (3, chrome)	Run Cypress	2024-11-22T06:30:15.8669949Z 
Admin UI E2E (3, chrome)	Run Cypress	2024-11-22T06:30:15.9056089Z 
Admin UI E2E (3, chrome)	Run Cypress	2024-11-22T06:30:15.9065939Z [90mâ”€[39m[90mâ”€[39m[90mâ”€[39m[90mâ”€[39m[90mâ”€[39m[90mâ”€[39m[90mâ”€[39m[90mâ”€[39m[90mâ”€[39m[90mâ”€[39m[90mâ”€[39m[90mâ”€[39m[90mâ”€[39m[90mâ”€[39m[90mâ”€[39m[90mâ”€[39m[90mâ”€[39m[90mâ”€[39m[90mâ”€[39m[90mâ”€[39m[90mâ”€[39m[90mâ”€[39m[90mâ”€[39m[90mâ”€[39m[90mâ”€[39m[90mâ”€[39m[90mâ”€[39m[90mâ”€[39m[90mâ”€[39m[90mâ”€[39m[90mâ”€[39m[90mâ”€[39m[90mâ”€[39m[90mâ”€[39m[90mâ”€[39m[90mâ”€[39m[90mâ”€[39m[90mâ”€[39m[90mâ”€[39m[90mâ”€[39m[90mâ”€[39m[90mâ”€[39m[90mâ”€[39m[90mâ”€[39m[90mâ”€[39m[90mâ”€[39m[90mâ”€[39m[90mâ”€[39m[90mâ”€[39m[90mâ”€[39m[90mâ”€[39m[90mâ”€[39m[90mâ”€[39m[90mâ”€[39m[90mâ”€[39m[90mâ”€[39m[90mâ”€[39m[90mâ”€[39m[90mâ”€[39m[90mâ”€[39m[90mâ”€[39m[90mâ”€[39m[90mâ”€[39m[90mâ”€[39m[90mâ”€[39m[90mâ”€[39m[90mâ”€[39m[90mâ”€[39m[90mâ”€[39m[90mâ”€[39m[90mâ”€[39m[90mâ”€[39m[90mâ”€[39m[90mâ”€[39m[90mâ”€[39m[90mâ”€[39m[90mâ”€[39m[90mâ”€[39m[90mâ”€[39m[90mâ”€[39m[90mâ”€[39m[90mâ”€[39m[90mâ”€[39m[90mâ”€[39m[90mâ”€[39m[90mâ”€[39m[90mâ”€[39m[90mâ”€[39m[90mâ”€[39m[90mâ”€[39m[90mâ”€[39m[90mâ”€[39m[90mâ”€[39m[90mâ”€[39m[90mâ”€[39m[90mâ”€[39m[90mâ”€[39m[90mâ”€[39m[90mâ”€[39m[90mâ”€[39m
Admin UI E2E (3, chrome)	Run Cypress	2024-11-22T06:30:15.9070017Z                                                                                                     
Admin UI E2E (3, chrome)	Run Cypress	2024-11-22T06:30:15.9070813Z   Running:  [90mclients_test.spec.ts[39m                                                            [90m(2 of 7)[39m
Admin UI E2E (3, chrome)	Run Cypress	2024-11-22T06:30:20.7304891Z 
Admin UI E2E (3, chrome)	Run Cypress	2024-11-22T06:30:20.7306199Z [0m[0m
Admin UI E2E (3, chrome)	Run Cypress	2024-11-22T06:30:20.7442227Z [0m  Clients test[0m
Admin UI E2E (3, chrome)	Run Cypress	2024-11-22T06:30:21.7494459Z [0m    Client details - Client scopes subtab[0m
Admin UI E2E (3, chrome)	Run Cypress	2024-11-22T06:30:32.9185893Z     [32m  âœ“[0m[90m Should check temporary admin service label (non)existence[0m[90m (12087ms)[0m
Admin UI E2E (3, chrome)	Run Cypress	2024-11-22T06:30:35.6981655Z     [32m  âœ“[0m[90m Should list client scopes[0m[90m (2727ms)[0m
Admin UI E2E (3, chrome)	Run Cypress	2024-11-22T06:30:39.0930579Z     [32m  âœ“[0m[90m Should search existing client scope by name[0m[90m (3357ms)[0m
Admin UI E2E (3, chrome)	Run Cypress	2024-11-22T06:30:42.3384499Z     [32m  âœ“[0m[90m Should search non-existent client scope by name[0m[90m (3203ms)[0m
Admin UI E2E (3, chrome)	Run Cypress	2024-11-22T06:30:46.0640207Z     [32m  âœ“[0m[90m Should search existing client scope by assigned type[0m[90m (3681ms)[0m
Admin UI E2E (3, chrome)	Run Cypress	2024-11-22T06:30:50.1235703Z     [32m  âœ“[0m[90m Should add client scope client-scope-test-optional-type with Optional assigned type[0m[90m (4019ms)[0m
Admin UI E2E (3, chrome)	Run Cypress	2024-11-22T06:30:54.0129159Z     [32m  âœ“[0m[90m Should add client scope client-scope-test-default-type with Default assigned type[0m[90m (3840ms)[0m
Admin UI E2E (3, chrome)	Run Cypress	2024-11-22T06:30:58.2324614Z     [32m  âœ“[0m[90m Should change item client-scope-test0 AssignedType to Optional from search bar[0m[90m (4182ms)[0m
Admin UI E2E (3, chrome)	Run Cypress	2024-11-22T06:31:02.6803669Z     [32m  âœ“[0m[90m Should change item client-scope-test0 AssignedType to Default from search bar[0m[90m (4413ms)[0m
Admin UI E2E (3, chrome)	Run Cypress	2024-11-22T06:31:05.6606147Z     [32m  âœ“[0m[90m Should show items on next page are more than 11[0m[90m (2943ms)[0m
Admin UI E2E (3, chrome)	Run Cypress	2024-11-22T06:31:10.0251920Z     [32m  âœ“[0m[90m Should remove client scope from item bar[0m[90m (4324ms)[0m
Admin UI E2E (3, chrome)	Run Cypress	2024-11-22T06:31:19.1640853Z     [32m  âœ“[0m[90m Should remove multiple client scopes from search bar[0m[90m (9035ms)[0m
Admin UI E2E (3, chrome)	Run Cypress	2024-11-22T06:31:23.7663279Z     [32m  âœ“[0m[90m Should show initial items after filtering[0m[90m (3384ms)[0m
Admin UI E2E (3, chrome)	Run Cypress	2024-11-22T06:31:23.7937687Z [0m    Client scopes evaluate subtab[0m
Admin UI E2E (3, chrome)	Run Cypress	2024-11-22T06:31:27.0685773Z     [32m  âœ“[0m[90m check effective protocol mappers list is not empty and find effective protocol mapper locale[0m[90m (3240ms)[0m
Admin UI E2E (3, chrome)	Run Cypress	2024-11-22T06:31:29.9773397Z     [32m  âœ“[0m[90m check role scope mappings list list is not empty and find role scope mapping admin[0m[90m (2848ms)[0m
Admin UI E2E (3, chrome)	Run Cypress	2024-11-22T06:31:33.8249264Z     [32m  âœ“[0m[90m check generated id token and user info[0m[90m (3516ms)[0m
Admin UI E2E (3, chrome)	Run Cypress	2024-11-22T06:31:33.8301225Z [0m    Client creation[0m
Admin UI E2E (3, chrome)	Run Cypress	2024-11-22T06:31:35.8915385Z     [32m  âœ“[0m[90m Should cancel creating client[0m[90m (2031ms)[0m
Admin UI E2E (3, chrome)	Run Cypress	2024-11-22T06:31:40.2407279Z     [32m  âœ“[0m[90m Should check settings elements[0m[90m (4315ms)[0m
Admin UI E2E (3, chrome)	Run Cypress	2024-11-22T06:31:42.5298451Z     [32m  âœ“[0m[90m Should navigate to previous using 'back' button[0m[90m (2253ms)[0m
Admin UI E2E (3, chrome)	Run Cypress	2024-11-22T06:31:45.2519510Z     [32m  âœ“[0m[90m Should fail creating client[0m[90m (2675ms)[0m
Admin UI E2E (3, chrome)	Run Cypress	2024-11-22T06:31:51.5150207Z     [32m  âœ“[0m[90m Client CRUD test[0m[90m (6225ms)[0m
Admin UI E2E (3, chrome)	Run Cypress	2024-11-22T06:31:53.5214571Z     [32m  âœ“[0m[90m Initial access token can't be created with 0 days and count[0m[90m (1966ms)[0m
Admin UI E2E (3, chrome)	Run Cypress	2024-11-22T06:31:58.3400374Z     [32m  âœ“[0m[90m Initial access token[0m[90m (4787ms)[0m
Admin UI E2E (3, chrome)	Run Cypress	2024-11-22T06:32:00.1299601Z     [32m  âœ“[0m[90m Should fail to create imported client with empty ID[0m[90m (1749ms)[0m
Admin UI E2E (3, chrome)	Run Cypress	2024-11-22T06:32:04.8285679Z     [32m  âœ“[0m[90m Should fail to create client with same ID[0m[90m (4615ms)[0m
Admin UI E2E (3, chrome)	Run Cypress	2024-11-22T06:32:06.5380753Z     [32m  âœ“[0m[90m should delete 'identical' client id[0m[90m (1673ms)[0m
Admin UI E2E (3, chrome)	Run Cypress	2024-11-22T06:32:06.5497443Z [0m    Roles tab test[0m
Admin UI E2E (3, chrome)	Run Cypress	2024-11-22T06:32:09.8938420Z     [32m  âœ“[0m[90m Should fail to create client role with empty name[0m[90m (3315ms)[0m
Admin UI E2E (3, chrome)	Run Cypress	2024-11-22T06:32:13.7405590Z     [32m  âœ“[0m[90m Should create client role[0m[90m (3809ms)[0m
Admin UI E2E (3, chrome)	Run Cypress	2024-11-22T06:32:18.1675926Z     [32m  âœ“[0m[90m Should update client role description[0m[90m (4392ms)[0m
Admin UI E2E (3, chrome)	Run Cypress	2024-11-22T06:32:23.7408934Z     [32m  âœ“[0m[90m Should add attribute to client role[0m[90m (5520ms)[0m
Admin UI E2E (3, chrome)	Run Cypress	2024-11-22T06:32:27.1297777Z     [32m  âœ“[0m[90m Should delete attribute from client role[0m[90m (3347ms)[0m
Admin UI E2E (3, chrome)	Run Cypress	2024-11-22T06:32:30.8837040Z     [32m  âœ“[0m[90m Should create client role to be deleted[0m[90m (3715ms)[0m
Admin UI E2E (3, chrome)	Run Cypress	2024-11-22T06:32:34.9414918Z     [32m  âœ“[0m[90m Should fail to create duplicate client role[0m[90m (4026ms)[0m
Admin UI E2E (3, chrome)	Run Cypress	2024-11-22T06:32:39.0469416Z     [32m  âœ“[0m[90m Should search existing client role[0m[90m (4046ms)[0m
Admin UI E2E (3, chrome)	Run Cypress	2024-11-22T06:32:42.4948391Z     [32m  âœ“[0m[90m Should search non-existing role test[0m[90m (3415ms)[0m
Admin UI E2E (3, chrome)	Run Cypress	2024-11-22T06:32:45.7522730Z     [32m  âœ“[0m[90m roles empty search test[0m[90m (3222ms)[0m
Admin UI E2E (3, chrome)	Run Cypress	2024-11-22T06:32:51.2552097Z     [32m  âœ“[0m[90m Add associated roles test[0m[90m (5463ms)[0m
Admin UI E2E (3, chrome)	Run Cypress	2024-11-22T06:32:55.2574008Z     [32m  âœ“[0m[90m Should hide inherited roles test[0m[90m (3962ms)[0m
Admin UI E2E (3, chrome)	Run Cypress	2024-11-22T06:32:59.7168705Z     [32m  âœ“[0m[90m Should delete associated roles test[0m[90m (4412ms)[0m
Admin UI E2E (3, chrome)	Run Cypress	2024-11-22T06:33:03.9048288Z     [32m  âœ“[0m[90m Should delete associated role from search bar test[0m[90m (4148ms)[0m
Admin UI E2E (3, chrome)	Run Cypress	2024-11-22T06:33:06.9264016Z     [32m  âœ“[0m[90m Should delete client role test[0m[90m (2972ms)[0m
Admin UI E2E (3, chrome)	Run Cypress	2024-11-22T06:33:11.2140652Z     [32m  âœ“[0m[90m Should delete client role from role details test[0m[90m (3953ms)[0m
Admin UI E2E (3, chrome)	Run Cypress	2024-11-22T06:33:11.2285205Z [0m    Advanced tab test[0m
Admin UI E2E (3, chrome)	Run Cypress	2024-11-22T06:33:15.3056200Z     [32m  âœ“[0m[90m Clustering[0m[90m (3927ms)[0m
Admin UI E2E (3, chrome)	Run Cypress	2024-11-22T06:33:19.2461588Z     [32m  âœ“[0m[90m Fine grain OpenID connect configuration[0m[90m (3736ms)[0m
Admin UI E2E (3, chrome)	Run Cypress	2024-11-22T06:33:23.5840575Z     [32m  âœ“[0m[90m OIDC Compatibility Modes configuration[0m[90m (4160ms)[0m
Admin UI E2E (3, chrome)	Run Cypress	2024-11-22T06:33:30.1965965Z     [32m  âœ“[0m[90m Client Offline Session Max[0m[90m (6433ms)[0m
Admin UI E2E (3, chrome)	Run Cypress	2024-11-22T06:33:34.7422384Z     [32m  âœ“[0m[90m Advanced settings[0m[90m (4376ms)[0m
Admin UI E2E (3, chrome)	Run Cypress	2024-11-22T06:33:39.6906791Z     [32m  âœ“[0m[90m Authentication flow override[0m[90m (4774ms)[0m
Admin UI E2E (3, chrome)	Run Cypress	2024-11-22T06:33:39.7134687Z [0m    Service account tab test[0m
Admin UI E2E (3, chrome)	Run Cypress	2024-11-22T06:33:43.6797267Z     [32m  âœ“[0m[90m List[0m[90m (3939ms)[0m
Admin UI E2E (3, chrome)	Run Cypress	2024-11-22T06:33:48.5526737Z     [32m  âœ“[0m[90m Assign[0m[90m (4542ms)[0m
Admin UI E2E (3, chrome)	Run Cypress	2024-11-22T06:33:48.5664110Z [0m    Mapping tab[0m
Admin UI E2E (3, chrome)	Run Cypress	2024-11-22T06:33:51.8071911Z     [32m  âœ“[0m[90m Add mapping to openid client[0m[90m (3053ms)[0m
Admin UI E2E (3, chrome)	Run Cypress	2024-11-22T06:33:51.8332803Z [0m    Keys tab test[0m
Admin UI E2E (3, chrome)	Run Cypress	2024-11-22T06:33:55.7981782Z     [32m  âœ“[0m[90m Generate new keys[0m[90m (3773ms)[0m
Admin UI E2E (3, chrome)	Run Cypress	2024-11-22T06:33:55.8124371Z [0m    Realm client[0m
Admin UI E2E (3, chrome)	Run Cypress	2024-11-22T06:33:58.6945997Z     [32m  âœ“[0m[90m Displays the correct tabs[0m[90m (2852ms)[0m
Admin UI E2E (3, chrome)	Run Cypress	2024-11-22T06:34:01.4770238Z     [32m  âœ“[0m[90m Hides the delete action[0m[90m (2740ms)[0m
Admin UI E2E (3, chrome)	Run Cypress	2024-11-22T06:34:01.4896122Z [0m    ***
Admin UI E2E (3, chrome)	Run Cypress	2024-11-22T06:34:04.0150957Z     [32m  âœ“[0m[90m Shows an explainer text for bearer only clients[0m[90m (2496ms)[0m
Admin UI E2E (3, chrome)	Run Cypress	2024-11-22T06:34:08.2894694Z     [32m  âœ“[0m[90m Hides the capability config section[0m[90m (3943ms)[0m
Admin UI E2E (3, chrome)	Run Cypress	2024-11-22T06:34:08.3235025Z [0m    Generated home URLs for built-in clients[0m
Admin UI E2E (3, chrome)	Run Cypress	2024-11-22T06:34:09.8728018Z     [32m  âœ“[0m[90m Check account-console Home URL[0m[90m (1518ms)[0m
Admin UI E2E (3, chrome)	Run Cypress	2024-11-22T06:34:11.9581444Z     [32m  âœ“[0m[90m Check security-admin-console Home URL[0m[90m (2006ms)[0m
Admin UI E2E (3, chrome)	Run Cypress	2024-11-22T06:34:11.9721742Z [0m    Accessibility tests for clients[0m
Admin UI E2E (3, chrome)	Run Cypress	2024-11-22T06:34:13.8446979Z     [32m  âœ“[0m[90m Check a11y violations on load/ clients list tab[0m[90m (1857ms)[0m
Admin UI E2E (3, chrome)	Run Cypress	2024-11-22T06:34:16.7741813Z     [32m  âœ“[0m[90m Check a11y violations on create client page[0m[90m (2882ms)[0m
Admin UI E2E (3, chrome)	Run Cypress	2024-11-22T06:34:23.6920854Z     [32m  âœ“[0m[90m Check a11y violations on client details page[0m[90m (6875ms)[0m
Admin UI E2E (3, chrome)	Run Cypress	2024-11-22T06:34:26.3085964Z     [32m  âœ“[0m[90m Check a11y violations in delete dialog[0m[90m (2561ms)[0m
Admin UI E2E (3, chrome)	Run Cypress	2024-11-22T06:34:28.6005869Z     [32m  âœ“[0m[90m Check a11y violations on import client[0m[90m (2090ms)[0m
Admin UI E2E (3, chrome)	Run Cypress	2024-11-22T06:34:30.4409114Z     [32m  âœ“[0m[90m Check a11y violations on initial access token[0m[90m (1809ms)[0m
Admin UI E2E (3, chrome)	Run Cypress	2024-11-22T06:34:32.4023159Z     [32m  âœ“[0m[90m Check a11y violations on client registration/ anonymous access policies tab[0m[90m (1930ms)[0m
Admin UI E2E (3, chrome)	Run Cypress	2024-11-22T06:34:35.5507052Z     [32m  âœ“[0m[90m Check a11y violations on client registration/ authenticated access policies tab[0m[90m (2045ms)[0m
Admin UI E2E (3, chrome)	Run Cypress	2024-11-22T06:34:35.5508448Z 
Admin UI E2E (3, chrome)	Run Cypress	2024-11-22T06:34:35.5698125Z 
Admin UI E2E (3, chrome)	Run Cypress	2024-11-22T06:34:35.5699530Z [92m [0m[32m 66 passing[0m[90m (4m)[0m
Admin UI E2E (3, chrome)	Run Cypress	2024-11-22T06:34:35.5700246Z 
Admin UI E2E (3, chrome)	Run Cypress	2024-11-22T06:34:36.5921325Z 
Admin UI E2E (3, chrome)	Run Cypress	2024-11-22T06:34:36.5922984Z [32m  ([4m[1mResults[22m[24m)[39m
Admin UI E2E (3, chrome)	Run Cypress	2024-11-22T06:34:36.5941906Z 
Admin UI E2E (3, chrome)	Run Cypress	2024-11-22T06:34:36.5960386Z [90m  â”Œ[39m[90mâ”€[39m[90mâ”€[39m[90mâ”€[39m[90mâ”€[39m[90mâ”€[39m[90mâ”€[39m[90mâ”€[39m[90mâ”€[39m[90mâ”€[39m[90mâ”€[39m[90mâ”€[39m[90mâ”€[39m[90mâ”€[39m[90mâ”€[39m[90mâ”€[39m[90mâ”€[39m[90mâ”€[39m[90mâ”€[39m[90mâ”€[39m[90mâ”€[39m[90mâ”€[39m[90mâ”€[39m[90mâ”€[39m[90mâ”€[39m[90mâ”€[39m[90mâ”€[39m[90mâ”€[39m[90mâ”€[39m[90mâ”€[39m[90mâ”€[39m[90mâ”€[39m[90mâ”€[39m[90mâ”€[39m[90mâ”€[39m[90mâ”€[39m[90mâ”€[39m[90mâ”€[39m[90mâ”€[39m[90mâ”€[39m[90mâ”€[39m[90mâ”€[39m[90mâ”€[39m[90mâ”€[39m[90mâ”€[39m[90mâ”€[39m[90mâ”€[39m[90mâ”€[39m[90mâ”€[39m[90mâ”€[39m[90mâ”€[39m[90mâ”€[39m[90mâ”€[39m[90mâ”€[39m[90mâ”€[39m[90mâ”€[39m[90mâ”€[39m[90mâ”€[39m[90mâ”€[39m[90mâ”€[39m[90mâ”€[39m[90mâ”€[39m[90mâ”€[39m[90mâ”€[39m[90mâ”€[39m[90mâ”€[39m[90mâ”€[39m[90mâ”€[39m[90mâ”€[39m[90mâ”€[39m[90mâ”€[39m[90mâ”€[39m[90mâ”€[39m[90mâ”€[39m[90mâ”€[39m[90mâ”€[39m[90mâ”€[39m[90mâ”€[39m[90mâ”€[39m[90mâ”€[39m[90mâ”€[39m[90mâ”€[39m[90mâ”€[39m[90mâ”€[39m[90mâ”€[39m[90mâ”€[39m[90mâ”€[39m[90mâ”€[39m[90mâ”€[39m[90mâ”€[39m[90mâ”€[39m[90mâ”€[39m[90mâ”€[39m[90mâ”€[39m[90mâ”€[39m[90mâ”€[39m[90mâ”€[39m[90mâ”[39m
Admin UI E2E (3, chrome)	Run Cypress	2024-11-22T06:34:36.5966444Z [90m  â”‚[39m [90mTests:[39m        [32m66[39m                                                                               [90mâ”‚[39m
Admin UI E2E (3, chrome)	Run Cypress	2024-11-22T06:34:36.5967440Z [90m  â”‚[39m [90mPassing:[39m      [32m66[39m                                                                               [90mâ”‚[39m
Admin UI E2E (3, chrome)	Run Cypress	2024-11-22T06:34:36.5968372Z [90m  â”‚[39m [90mFailing:[39m      [32m0[39m                                                                                [90mâ”‚[39m
Admin UI E2E (3, chrome)	Run Cypress	2024-11-22T06:34:36.5969555Z [90m  â”‚[39m [90mPending:[39m      [32m0[39m                                                                                [90mâ”‚[39m
Admin UI E2E (3, chrome)	Run Cypress	2024-11-22T06:34:36.5971093Z [90m  â”‚[39m [90mSkipped:[39m      [32m0[39m                                                                                [90mâ”‚[39m
Admin UI E2E (3, chrome)	Run Cypress	2024-11-22T06:34:36.5972717Z [90m  â”‚[39m [90mScreenshots:[39m  [32m0[39m                                                                                [90mâ”‚[39m
Admin UI E2E (3, chrome)	Run Cypress	2024-11-22T06:34:36.5973723Z [90m  â”‚[39m [90mVideo:[39m        [32mfalse[39m                                                                            [90mâ”‚[39m
Admin UI E2E (3, chrome)	Run Cypress	2024-11-22T06:34:36.5974727Z [90m  â”‚[39m [90mDuration:[39m     [32m4 minutes, 14 seconds[39m                                                            [90mâ”‚[39m
Admin UI E2E (3, chrome)	Run Cypress	2024-11-22T06:34:36.5975834Z [90m  â”‚[39m [90mSpec Ran:[39m     [32m[32mclients_test.spec.ts[32m[39m                                                             [90mâ”‚[39m
Admin UI E2E (3, chrome)	Run Cypress	2024-11-22T06:34:36.5983074Z [90m  â””[39m[90mâ”€[39m[90mâ”€[39m[90mâ”€[39m[90mâ”€[39m[90mâ”€[39m[90mâ”€[39m[90mâ”€[39m[90mâ”€[39m[90mâ”€[39m[90mâ”€[39m[90mâ”€[39m[90mâ”€[39m[90mâ”€[39m[90mâ”€[39m[90mâ”€[39m[90mâ”€[39m[90mâ”€[39m[90mâ”€[39m[90mâ”€[39m[90mâ”€[39m[90mâ”€[39m[90mâ”€[39m[90mâ”€[39m[90mâ”€[39m[90mâ”€[39m[90mâ”€[39m[90mâ”€[39m[90mâ”€[39m[90mâ”€[39m[90mâ”€[39m[90mâ”€[39m[90mâ”€[39m[90mâ”€[39m[90mâ”€[39m[90mâ”€[39m[90mâ”€[39m[90mâ”€[39m[90mâ”€[39m[90mâ”€[39m[90mâ”€[39m[90mâ”€[39m[90mâ”€[39m[90mâ”€[39m[90mâ”€[39m[90mâ”€[39m[90mâ”€[39m[90mâ”€[39m[90mâ”€[39m[90mâ”€[39m[90mâ”€[39m[90mâ”€[39m[90mâ”€[39m[90mâ”€[39m[90mâ”€[39m[90mâ”€[39m[90mâ”€[39m[90mâ”€[39m[90mâ”€[39m[90mâ”€[39m[90mâ”€[39m[90mâ”€[39m[90mâ”€[39m[90mâ”€[39m[90mâ”€[39m[90mâ”€[39m[90mâ”€[39m[90mâ”€[39m[90mâ”€[39m[90mâ”€[39m[90mâ”€[39m[90mâ”€[39m[90mâ”€[39m[90mâ”€[39m[90mâ”€[39m[90mâ”€[39m[90mâ”€[39m[90mâ”€[39m[90mâ”€[39m[90mâ”€[39m[90mâ”€[39m[90mâ”€[39m[90mâ”€[39m[90mâ”€[39m[90mâ”€[39m[90mâ”€[39m[90mâ”€[39m[90mâ”€[39m[90mâ”€[39m[90mâ”€[39m[90mâ”€[39m[90mâ”€[39m[90mâ”€[39m[90mâ”€[39m[90mâ”€[39m[90mâ”€[39m[90mâ”€[39m[90mâ”˜[39m
Admin UI E2E (3, chrome)	Run Cypress	2024-11-22T06:34:36.5987983Z 
Admin UI E2E (3, chrome)	Run Cypress	2024-11-22T06:34:36.6388213Z 
Admin UI E2E (3, chrome)	Run Cypress	2024-11-22T06:34:36.6399741Z [90mâ”€[39m[90mâ”€[39m[90mâ”€[39m[90mâ”€[39m[90mâ”€[39m[90mâ”€[39m[90mâ”€[39m[90mâ”€[39m[90mâ”€[39m[90mâ”€[39m[90mâ”€[39m[90mâ”€[39m[90mâ”€[39m[90mâ”€[39m[90mâ”€[39m[90mâ”€[39m[90mâ”€[39m[90mâ”€[39m[90mâ”€[39m[90mâ”€[39m[90mâ”€[39m[90mâ”€[39m[90mâ”€[39m[90mâ”€[39m[90mâ”€[39m[90mâ”€[39m[90mâ”€[39m[90mâ”€[39m[90mâ”€[39m[90mâ”€[39m[90mâ”€[39m[90mâ”€[39m[90mâ”€[39m[90mâ”€[39m[90mâ”€[39m[90mâ”€[39m[90mâ”€[39m[90mâ”€[39m[90mâ”€[39m[90mâ”€[39m[90mâ”€[39m[90mâ”€[39m[90mâ”€[39m[90mâ”€[39m[90mâ”€[39m[90mâ”€[39m[90mâ”€[39m[90mâ”€[39m[90mâ”€[39m[90mâ”€[39m[90mâ”€[39m[90mâ”€[39m[90mâ”€[39m[90mâ”€[39m[90mâ”€[39m[90mâ”€[39m[90mâ”€[39m[90mâ”€[39m[90mâ”€[39m[90mâ”€[39m[90mâ”€[39m[90mâ”€[39m[90mâ”€[39m[90mâ”€[39m[90mâ”€[39m[90mâ”€[39m[90mâ”€[39m[90mâ”€[39m[90mâ”€[39m[90mâ”€[39m[90mâ”€[39m[90mâ”€[39m[90mâ”€[39m[90mâ”€[39m[90mâ”€[39m[90mâ”€[39m[90mâ”€[39m[90mâ”€[39m[90mâ”€[39m[90mâ”€[39m[90mâ”€[39m[90mâ”€[39m[90mâ”€[39m[90mâ”€[39m[90mâ”€[39m[90mâ”€[39m[90mâ”€[39m[90mâ”€[39m[90mâ”€[39m[90mâ”€[39m[90mâ”€[39m[90mâ”€[39m[90mâ”€[39m[90mâ”€[39m[90mâ”€[39m[90mâ”€[39m[90mâ”€[39m[90mâ”€[39m[90mâ”€[39m[90mâ”€[39m
Admin UI E2E (3, chrome)	Run Cypress	2024-11-22T06:34:36.6406067Z                                                                                                     
Admin UI E2E (3, chrome)	Run Cypress	2024-11-22T06:34:36.6407590Z   Running:  [90mmasthead_test.spec.ts[39m                                                           [90m(3 of 7)[39m
Admin UI E2E (3, chrome)	Run Cypress	2024-11-22T06:34:40.6242626Z 
Admin UI E2E (3, chrome)	Run Cypress	2024-11-22T06:34:40.6243958Z [0m[0m
Admin UI E2E (3, chrome)	Run Cypress	2024-11-22T06:34:40.6285676Z [0m  Masthead tests[0m
Admin UI E2E (3, chrome)	Run Cypress	2024-11-22T06:34:40.6286821Z [0m    Desktop view[0m
Admin UI E2E (3, chrome)	Run Cypress	2024-11-22T06:34:44.0527762Z     [32m  âœ“[0m[90m Go to account console and back to admin console[0m[90m (3404ms)[0m
Admin UI E2E (3, chrome)	Run Cypress	2024-11-22T06:34:45.7001395Z     [32m  âœ“[0m[90m Sign out reachs to log in screen[0m[90m (1616ms)[0m
Admin UI E2E (3, chrome)	Run Cypress	2024-11-22T06:34:49.4693082Z     [32m  âœ“[0m[90m Go to realm info[0m[90m (3727ms)[0m
Admin UI E2E (3, chrome)	Run Cypress	2024-11-22T06:34:50.7264798Z     [32m  âœ“[0m[90m Should go to documentation page[0m[90m (1222ms)[0m
Admin UI E2E (3, chrome)	Run Cypress	2024-11-22T06:34:52.2807092Z     [32m  âœ“[0m[90m Enable/disable help mode in desktop mode[0m[90m (1521ms)[0m
Admin UI E2E (3, chrome)	Run Cypress	2024-11-22T06:34:52.2913000Z [0m    Login works for unprivileged users[0m
Admin UI E2E (3, chrome)	Run Cypress	2024-11-22T06:34:57.7109127Z     [32m  âœ“[0m[90m Login without privileges to see admin console[0m[90m (4806ms)[0m
Admin UI E2E (3, chrome)	Run Cypress	2024-11-22T06:34:57.7196659Z [0m    Mobile view[0m
Admin UI E2E (3, chrome)	Run Cypress	2024-11-22T06:35:01.1733801Z     [32m  âœ“[0m[90m Mobile menu is shown when in mobile view[0m[90m (3430ms)[0m
Admin UI E2E (3, chrome)	Run Cypress	2024-11-22T06:35:02.8849860Z     [32m  âœ“[0m[90m Enable/disable help mode in mobile view[0m[90m (1670ms)[0m
Admin UI E2E (3, chrome)	Run Cypress	2024-11-22T06:35:02.8967753Z [0m    Accessibility tests for masthead[0m
Admin UI E2E (3, chrome)	Run Cypress	2024-11-22T06:35:05.7644224Z     [32m  âœ“[0m[90m Check a11y violations on load/ masthead[0m[90m (2852ms)[0m
Admin UI E2E (3, chrome)	Run Cypress	2024-11-22T06:35:05.7645385Z 
Admin UI E2E (3, chrome)	Run Cypress	2024-11-22T06:35:05.7843604Z 
Admin UI E2E (3, chrome)	Run Cypress	2024-11-22T06:35:05.7845183Z [92m [0m[32m 9 passing[0m[90m (25s)[0m
Admin UI E2E (3, chrome)	Run Cypress	2024-11-22T06:35:05.7845740Z 
Admin UI E2E (3, chrome)	Run Cypress	2024-11-22T06:35:06.8006011Z 
Admin UI E2E (3, chrome)	Run Cypress	2024-11-22T06:35:06.8007388Z [32m  ([4m[1mResults[22m[24m)[39m
Admin UI E2E (3, chrome)	Run Cypress	2024-11-22T06:35:06.8012943Z 
Admin UI E2E (3, chrome)	Run Cypress	2024-11-22T06:35:06.8027848Z [90m  â”Œ[39m[90mâ”€[39m[90mâ”€[39m[90mâ”€[39m[90mâ”€[39m[90mâ”€[39m[90mâ”€[39m[90mâ”€[39m[90mâ”€[39m[90mâ”€[39m[90mâ”€[39m[90mâ”€[39m[90mâ”€[39m[90mâ”€[39m[90mâ”€[39m[90mâ”€[39m[90mâ”€[39m[90mâ”€[39m[90mâ”€[39m[90mâ”€[39m[90mâ”€[39m[90mâ”€[39m[90mâ”€[39m[90mâ”€[39m[90mâ”€[39m[90mâ”€[39m[90mâ”€[39m[90mâ”€[39m[90mâ”€[39m[90mâ”€[39m[90mâ”€[39m[90mâ”€[39m[90mâ”€[39m[90mâ”€[39m[90mâ”€[39m[90mâ”€[39m[90mâ”€[39m[90mâ”€[39m[90mâ”€[39m[90mâ”€[39m[90mâ”€[39m[90mâ”€[39m[90mâ”€[39m[90mâ”€[39m[90mâ”€[39m[90mâ”€[39m[90mâ”€[39m[90mâ”€[39m[90mâ”€[39m[90mâ”€[39m[90mâ”€[39m[90mâ”€[39m[90mâ”€[39m[90mâ”€[39m[90mâ”€[39m[90mâ”€[39m[90mâ”€[39m[90mâ”€[39m[90mâ”€[39m[90mâ”€[39m[90mâ”€[39m[90mâ”€[39m[90mâ”€[39m[90mâ”€[39m[90mâ”€[39m[90mâ”€[39m[90mâ”€[39m[90mâ”€[39m[90mâ”€[39m[90mâ”€[39m[90mâ”€[39m[90mâ”€[39m[90mâ”€[39m[90mâ”€[39m[90mâ”€[39m[90mâ”€[39m[90mâ”€[39m[90mâ”€[39m[90mâ”€[39m[90mâ”€[39m[90mâ”€[39m[90mâ”€[39m[90mâ”€[39m[90mâ”€[39m[90mâ”€[39m[90mâ”€[39m[90mâ”€[39m[90mâ”€[39m[90mâ”€[39m[90mâ”€[39m[90mâ”€[39m[90mâ”€[39m[90mâ”€[39m[90mâ”€[39m[90mâ”€[39m[90mâ”€[39m[90mâ”€[39m[90mâ”[39m
Admin UI E2E (3, chrome)	Run Cypress	2024-11-22T06:35:06.8033991Z [90m  â”‚[39m [90mTests:[39m        [32m9[39m                                                                                [90mâ”‚[39m
Admin UI E2E (3, chrome)	Run Cypress	2024-11-22T06:35:06.8035557Z [90m  â”‚[39m [90mPassing:[39m      [32m9[39m                                                                                [90mâ”‚[39m
Admin UI E2E (3, chrome)	Run Cypress	2024-11-22T06:35:06.8037162Z [90m  â”‚[39m [90mFailing:[39m      [32m0[39m                                                                                [90mâ”‚[39m
Admin UI E2E (3, chrome)	Run Cypress	2024-11-22T06:35:06.8089944Z [90m  â”‚[39m [90mPending:[39m      [32m0[39m                                                                                [90mâ”‚[39m
Admin UI E2E (3, chrome)	Run Cypress	2024-11-22T06:35:06.8091797Z [90m  â”‚[39m [90mSkipped:[39m      [32m0[39m                                                                                [90mâ”‚[39m
Admin UI E2E (3, chrome)	Run Cypress	2024-11-22T06:35:06.8093603Z [90m  â”‚[39m [90mScreenshots:[39m  [32m0[39m                                                                                [90mâ”‚[39m
Admin UI E2E (3, chrome)	Run Cypress	2024-11-22T06:35:06.8095373Z [90m  â”‚[39m [90mVideo:[39m        [32mfalse[39m                                                                            [90mâ”‚[39m
Admin UI E2E (3, chrome)	Run Cypress	2024-11-22T06:35:06.8097130Z [90m  â”‚[39m [90mDuration:[39m     [32m25 seconds[39m                                                                       [90mâ”‚[39m
Admin UI E2E (3, chrome)	Run Cypress	2024-11-22T06:35:06.8099044Z [90m  â”‚[39m [90mSpec Ran:[39m     [32m[32mmasthead_test.spec.ts[32m[39m                                                            [90mâ”‚[39m
Admin UI E2E (3, chrome)	Run Cypress	2024-11-22T06:35:06.8108232Z [90m  â””[39m[90mâ”€[39m[90mâ”€[39m[90mâ”€[39m[90mâ”€[39m[90mâ”€[39m[90mâ”€[39m[90mâ”€[39m[90mâ”€[39m[90mâ”€[39m[90mâ”€[39m[90mâ”€[39m[90mâ”€[39m[90mâ”€[39m[90mâ”€[39m[90mâ”€[39m[90mâ”€[39m[90mâ”€[39m[90mâ”€[39m[90mâ”€[39m[90mâ”€[39m[90mâ”€[39m[90mâ”€[39m[90mâ”€[39m[90mâ”€[39m[90mâ”€[39m[90mâ”€[39m[90mâ”€[39m[90mâ”€[39m[90mâ”€[39m[90mâ”€[39m[90mâ”€[39m[90mâ”€[39m[90mâ”€[39m[90mâ”€[39m[90mâ”€[39m[90mâ”€[39m[90mâ”€[39m[90mâ”€[39m[90mâ”€[39m[90mâ”€[39m[90mâ”€[39m[90mâ”€[39m[90mâ”€[39m[90mâ”€[39m[90mâ”€[39m[90mâ”€[39m[90mâ”€[39m[90mâ”€[39m[90mâ”€[39m[90mâ”€[39m[90mâ”€[39m[90mâ”€[39m[90mâ”€[39m[90mâ”€[39m[90mâ”€[39m[90mâ”€[39m[90mâ”€[39m[90mâ”€[39m[90mâ”€[39m[90mâ”€[39m[90mâ”€[39m[90mâ”€[39m[90mâ”€[39m[90mâ”€[39m[90mâ”€[39m[90mâ”€[39m[90mâ”€[39m[90mâ”€[39m[90mâ”€[39m[90mâ”€[39m[90mâ”€[39m[90mâ”€[39m[90mâ”€[39m[90mâ”€[39m[90mâ”€[39m[90mâ”€[39m[90mâ”€[39m[90mâ”€[39m[90mâ”€[39m[90mâ”€[39m[90mâ”€[39m[90mâ”€[39m[90mâ”€[39m[90mâ”€[39m[90mâ”€[39m[90mâ”€[39m[90mâ”€[39m[90mâ”€[39m[90mâ”€[39m[90mâ”€[39m[90mâ”€[39m[90mâ”€[39m[90mâ”€[39m[90mâ”€[39m[90mâ”€[39m[90mâ”€[39m[90mâ”˜[39m
Admin UI E2E (3, chrome)	Run Cypress	2024-11-22T06:35:06.8114812Z 
Admin UI E2E (3, chrome)	Run Cypress	2024-11-22T06:35:06.8487088Z 
Admin UI E2E (3, chrome)	Run Cypress	2024-11-22T06:35:06.8515347Z [90mâ”€[39m[90mâ”€[39m[90mâ”€[39m[90mâ”€[39m[90mâ”€[39m[90mâ”€[39m[90mâ”€[39m[90mâ”€[39m[90mâ”€[39m[90mâ”€[39m[90mâ”€[39m[90mâ”€[39m[90mâ”€[39m[90mâ”€[39m[90mâ”€[39m[90mâ”€[39m[90mâ”€[39m[90mâ”€[39m[90mâ”€[39m[90mâ”€[39m[90mâ”€[39m[90mâ”€[39m[90mâ”€[39m[90mâ”€[39m[90mâ”€[39m[90mâ”€[39m[90mâ”€[39m[90mâ”€[39m[90mâ”€[39m[90mâ”€[39m[90mâ”€[39m[90mâ”€[39m[90mâ”€[39m[90mâ”€[39m[90mâ”€[39m[90mâ”€[39m[90mâ”€[39m[90mâ”€[39m[90mâ”€[39m[90mâ”€[39m[90mâ”€[39m[90mâ”€[39m[90mâ”€[39m[90mâ”€[39m[90mâ”€[39m[90mâ”€[39m[90mâ”€[39m[90mâ”€[39m[90mâ”€[39m[90mâ”€[39m[90mâ”€[39m[90mâ”€[39m[90mâ”€[39m[90mâ”€[39m[90mâ”€[39m[90mâ”€[39m[90mâ”€[39m[90mâ”€[39m[90mâ”€[39m[90mâ”€[39m[90mâ”€[39m[90mâ”€[39m[90mâ”€[39m[90mâ”€[39m[90mâ”€[39m[90mâ”€[39m[90mâ”€[39m[90mâ”€[39m[90mâ”€[39m[90mâ”€[39m[90mâ”€[39m[90mâ”€[39m[90mâ”€[39m[90mâ”€[39m[90mâ”€[39m[90mâ”€[39m[90mâ”€[39m[90mâ”€[39m[90mâ”€[39m[90mâ”€[39m[90mâ”€[39m[90mâ”€[39m[90mâ”€[39m[90mâ”€[39m[90mâ”€[39m[90mâ”€[39m[90mâ”€[39m[90mâ”€[39m[90mâ”€[39m[90mâ”€[39m[90mâ”€[39m[90mâ”€[39m[90mâ”€[39m[90mâ”€[39m[90mâ”€[39m[90mâ”€[39m[90mâ”€[39m[90mâ”€[39m[90mâ”€[39m[90mâ”€[39m
Admin UI E2E (3, chrome)	Run Cypress	2024-11-22T06:35:06.8521952Z                                                                                                     
Admin UI E2E (3, chrome)	Run Cypress	2024-11-22T06:35:06.8523542Z   Running:  [90mauthentication_policies_ciba.spec.ts[39m                                            [90m(4 of 7)[39m
Admin UI E2E (3, chrome)	Run Cypress	2024-11-22T06:35:10.8847317Z 
Admin UI E2E (3, chrome)	Run Cypress	2024-11-22T06:35:10.8848661Z [0m[0m
Admin UI E2E (3, chrome)	Run Cypress	2024-11-22T06:35:10.8876707Z [0m  Authentication - Policies - CIBA[0m
Admin UI E2E (3, chrome)	Run Cypress	2024-11-22T06:35:15.7253816Z   [32m  âœ“[0m[90m displays the initial state[0m[90m (4785ms)[0m
Admin UI E2E (3, chrome)	Run Cypress	2024-11-22T06:35:18.6829642Z   [32m  âœ“[0m[90m validates the fields[0m[90m (2901ms)[0m
Admin UI E2E (3, chrome)	Run Cypress	2024-11-22T06:35:22.2367050Z   [32m  âœ“[0m[90m saves the form[0m[90m (2916ms)[0m
Admin UI E2E (3, chrome)	Run Cypress	2024-11-22T06:35:22.2377341Z 
Admin UI E2E (3, chrome)	Run Cypress	2024-11-22T06:35:22.2741077Z 
Admin UI E2E (3, chrome)	Run Cypress	2024-11-22T06:35:22.2742642Z [92m [0m[32m 3 passing[0m[90m (11s)[0m
Admin UI E2E (3, chrome)	Run Cypress	2024-11-22T06:35:22.2745463Z 
Admin UI E2E (3, chrome)	Run Cypress	2024-11-22T06:35:23.2893536Z 
Admin UI E2E (3, chrome)	Run Cypress	2024-11-22T06:35:23.2895276Z [32m  ([4m[1mResults[22m[24m)[39m
Admin UI E2E (3, chrome)	Run Cypress	2024-11-22T06:35:23.2913570Z 
Admin UI E2E (3, chrome)	Run Cypress	2024-11-22T06:35:23.2931005Z [90m  â”Œ[39m[90mâ”€[39m[90mâ”€[39m[90mâ”€[39m[90mâ”€[39m[90mâ”€[39m[90mâ”€[39m[90mâ”€[39m[90mâ”€[39m[90mâ”€[39m[90mâ”€[39m[90mâ”€[39m[90mâ”€[39m[90mâ”€[39m[90mâ”€[39m[90mâ”€[39m[90mâ”€[39m[90mâ”€[39m[90mâ”€[39m[90mâ”€[39m[90mâ”€[39m[90mâ”€[39m[90mâ”€[39m[90mâ”€[39m[90mâ”€[39m[90mâ”€[39m[90mâ”€[39m[90mâ”€[39m[90mâ”€[39m[90mâ”€[39m[90mâ”€[39m[90mâ”€[39m[90mâ”€[39m[90mâ”€[39m[90mâ”€[39m[90mâ”€[39m[90mâ”€[39m[90mâ”€[39m[90mâ”€[39m[90mâ”€[39m[90mâ”€[39m[90mâ”€[39m[90mâ”€[39m[90mâ”€[39m[90mâ”€[39m[90mâ”€[39m[90mâ”€[39m[90mâ”€[39m[90mâ”€[39m[90mâ”€[39m[90mâ”€[39m[90mâ”€[39m[90mâ”€[39m[90mâ”€[39m[90mâ”€[39m[90mâ”€[39m[90mâ”€[39m[90mâ”€[39m[90mâ”€[39m[90mâ”€[39m[90mâ”€[39m[90mâ”€[39m[90mâ”€[39m[90mâ”€[39m[90mâ”€[39m[90mâ”€[39m[90mâ”€[39m[90mâ”€[39m[90mâ”€[39m[90mâ”€[39m[90mâ”€[39m[90mâ”€[39m[90mâ”€[39m[90mâ”€[39m[90mâ”€[39m[90mâ”€[39m[90mâ”€[39m[90mâ”€[39m[90mâ”€[39m[90mâ”€[39m[90mâ”€[39m[90mâ”€[39m[90mâ”€[39m[90mâ”€[39m[90mâ”€[39m[90mâ”€[39m[90mâ”€[39m[90mâ”€[39m[90mâ”€[39m[90mâ”€[39m[90mâ”€[39m[90mâ”€[39m[90mâ”€[39m[90mâ”€[39m[90mâ”€[39m[90mâ”€[39m[90mâ”€[39m[90mâ”[39m
Admin UI E2E (3, chrome)	Run Cypress	2024-11-22T06:35:23.2935758Z [90m  â”‚[39m [90mTests:[39m        [32m3[39m                                                                                [90mâ”‚[39m
Admin UI E2E (3, chrome)	Run Cypress	2024-11-22T06:35:23.2937249Z [90m  â”‚[39m [90mPassing:[39m      [32m3[39m                                                                                [90mâ”‚[39m
Admin UI E2E (3, chrome)	Run Cypress	2024-11-22T06:35:23.2938206Z [90m  â”‚[39m [90mFailing:[39m      [32m0[39m                                                                                [90mâ”‚[39m
Admin UI E2E (3, chrome)	Run Cypress	2024-11-22T06:35:23.2939128Z [90m  â”‚[39m [90mPending:[39m      [32m0[39m                                                                                [90mâ”‚[39m
Admin UI E2E (3, chrome)	Run Cypress	2024-11-22T06:35:23.2940232Z [90m  â”‚[39m [90mSkipped:[39m      [32m0[39m                                                                                [90mâ”‚[39m
Admin UI E2E (3, chrome)	Run Cypress	2024-11-22T06:35:23.2941820Z [90m  â”‚[39m [90mScreenshots:[39m  [32m0[39m                                                                                [90mâ”‚[39m
Admin UI E2E (3, chrome)	Run Cypress	2024-11-22T06:35:23.2943461Z [90m  â”‚[39m [90mVideo:[39m        [32mfalse[39m                                                                            [90mâ”‚[39m
Admin UI E2E (3, chrome)	Run Cypress	2024-11-22T06:35:23.2945086Z [90m  â”‚[39m [90mDuration:[39m     [32m11 seconds[39m                                                                       [90mâ”‚[39m
Admin UI E2E (3, chrome)	Run Cypress	2024-11-22T06:35:23.2947086Z [90m  â”‚[39m [90mSpec Ran:[39m     [32m[32mauthentication_policies_ciba.spec.ts[32m[39m                                             [90mâ”‚[39m
Admin UI E2E (3, chrome)	Run Cypress	2024-11-22T06:35:23.2955973Z [90m  â””[39m[90mâ”€[39m[90mâ”€[39m[90mâ”€[39m[90mâ”€[39m[90mâ”€[39m[90mâ”€[39m[90mâ”€[39m[90mâ”€[39m[90mâ”€[39m[90mâ”€[39m[90mâ”€[39m[90mâ”€[39m[90mâ”€[39m[90mâ”€[39m[90mâ”€[39m[90mâ”€[39m[90mâ”€[39m[90mâ”€[39m[90mâ”€[39m[90mâ”€[39m[90mâ”€[39m[90mâ”€[39m[90mâ”€[39m[90mâ”€[39m[90mâ”€[39m[90mâ”€[39m[90mâ”€[39m[90mâ”€[39m[90mâ”€[39m[90mâ”€[39m[90mâ”€[39m[90mâ”€[39m[90mâ”€[39m[90mâ”€[39m[90mâ”€[39m[90mâ”€[39m[90mâ”€[39m[90mâ”€[39m[90mâ”€[39m[90mâ”€[39m[90mâ”€[39m[90mâ”€[39m[90mâ”€[39m[90mâ”€[39m[90mâ”€[39m[90mâ”€[39m[90mâ”€[39m[90mâ”€[39m[90mâ”€[39m[90mâ”€[39m[90mâ”€[39m[90mâ”€[39m[90mâ”€[39m[90mâ”€[39m[90mâ”€[39m[90mâ”€[39m[90mâ”€[39m[90mâ”€[39m[90mâ”€[39m[90mâ”€[39m[90mâ”€[39m[90mâ”€[39m[90mâ”€[39m[90mâ”€[39m[90mâ”€[39m[90mâ”€[39m[90mâ”€[39m[90mâ”€[39m[90mâ”€[39m[90mâ”€[39m[90mâ”€[39m[90mâ”€[39m[90mâ”€[39m[90mâ”€[39m[90mâ”€[39m[90mâ”€[39m[90mâ”€[39m[90mâ”€[39m[90mâ”€[39m[90mâ”€[39m[90mâ”€[39m[90mâ”€[39m[90mâ”€[39m[90mâ”€[39m[90mâ”€[39m[90mâ”€[39m[90mâ”€[39m[90mâ”€[39m[90mâ”€[39m[90mâ”€[39m[90mâ”€[39m[90mâ”€[39m[90mâ”€[39m[90mâ”€[39m[90mâ”€[39m[90mâ”€[39m[90mâ”˜[39m
Admin UI E2E (3, chrome)	Run Cypress	2024-11-22T06:35:23.2962161Z 
Admin UI E2E (3, chrome)	Run Cypress	2024-11-22T06:35:23.3326556Z 
Admin UI E2E (3, chrome)	Run Cypress	2024-11-22T06:35:23.3337949Z [90mâ”€[39m[90mâ”€[39m[90mâ”€[39m[90mâ”€[39m[90mâ”€[39m[90mâ”€[39m[90mâ”€[39m[90mâ”€[39m[90mâ”€[39m[90mâ”€[39m[90mâ”€[39m[90mâ”€[39m[90mâ”€[39m[90mâ”€[39m[90mâ”€[39m[90mâ”€[39m[90mâ”€[39m[90mâ”€[39m[90mâ”€[39m[90mâ”€[39m[90mâ”€[39m[90mâ”€[39m[90mâ”€[39m[90mâ”€[39m[90mâ”€[39m[90mâ”€[39m[90mâ”€[39m[90mâ”€[39m[90mâ”€[39m[90mâ”€[39m[90mâ”€[39m[90mâ”€[39m[90mâ”€[39m[90mâ”€[39m[90mâ”€[39m[90mâ”€[39m[90mâ”€[39m[90mâ”€[39m[90mâ”€[39m[90mâ”€[39m[90mâ”€[39m[90mâ”€[39m[90mâ”€[39m[90mâ”€[39m[90mâ”€[39m[90mâ”€[39m[90mâ”€[39m[90mâ”€[39m[90mâ”€[39m[90mâ”€[39m[90mâ”€[39m[90mâ”€[39m[90mâ”€[39m[90mâ”€[39m[90mâ”€[39m[90mâ”€[39m[90mâ”€[39m[90mâ”€[39m[90mâ”€[39m[90mâ”€[39m[90mâ”€[39m[90mâ”€[39m[90mâ”€[39m[90mâ”€[39m[90mâ”€[39m[90mâ”€[39m[90mâ”€[39m[90mâ”€[39m[90mâ”€[39m[90mâ”€[39m[90mâ”€[39m[90mâ”€[39m[90mâ”€[39m[90mâ”€[39m[90mâ”€[39m[90mâ”€[39m[90mâ”€[39m[90mâ”€[39m[90mâ”€[39m[90mâ”€[39m[90mâ”€[39m[90mâ”€[39m[90mâ”€[39m[90mâ”€[39m[90mâ”€[39m[90mâ”€[39m[90mâ”€[39m[90mâ”€[39m[90mâ”€[39m[90mâ”€[39m[90mâ”€[39m[90mâ”€[39m[90mâ”€[39m[90mâ”€[39m[90mâ”€[39m[90mâ”€[39m[90mâ”€[39m[90mâ”€[39m[90mâ”€[39m[90mâ”€[39m
Admin UI E2E (3, chrome)	Run Cypress	2024-11-22T06:35:23.3342753Z                                                                                                     
Admin UI E2E (3, chrome)	Run Cypress	2024-11-22T06:35:23.3343692Z   Running:  [90mrealm_settings_general_tab_test.spec.ts[39m                                         [90m(5 of 7)[39m
Admin UI E2E (3, chrome)	Run Cypress	2024-11-22T06:35:27.1203234Z 
Admin UI E2E (3, chrome)	Run Cypress	2024-11-22T06:35:27.1204209Z [0m[0m
Admin UI E2E (3, chrome)	Run Cypress	2024-11-22T06:35:27.1275496Z [0m  Realm settings general tab tests[0m
Admin UI E2E (3, chrome)	Run Cypress	2024-11-22T06:36:03.1828531Z     [33m(Attempt 1 of 4)[0m Test all general tab switches
Admin UI E2E (3, chrome)	Run Cypress	2024-11-22T06:36:11.9802448Z     [33m(Attempt 2 of 4)[0m Test all general tab switches
Admin UI E2E (3, chrome)	Run Cypress	2024-11-22T06:36:21.6484797Z     [33m(Attempt 3 of 4)[0m Test all general tab switches
Admin UI E2E (3, chrome)	Run Cypress	2024-11-22T06:36:56.9839243Z   [31m  1) Test all general tab switches[0m
Admin UI E2E (3, chrome)	Run Cypress	2024-11-22T06:36:58.9632471Z   [32m  âœ“[0m[90m Fail to set Realm ID to empty[0m[90m (1842ms)[0m
Admin UI E2E (3, chrome)	Run Cypress	2024-11-22T06:37:01.1195747Z   [32m  âœ“[0m[90m Modify Display name[0m[90m (2116ms)[0m
Admin UI E2E (3, chrome)	Run Cypress	2024-11-22T06:37:02.7183653Z   [32m  âœ“[0m[90m Check Display name value[0m[90m (1562ms)[0m
Admin UI E2E (3, chrome)	Run Cypress	2024-11-22T06:37:04.8612758Z   [32m  âœ“[0m[90m Modify front end URL[0m[90m (2110ms)[0m
Admin UI E2E (3, chrome)	Run Cypress	2024-11-22T06:37:06.7795852Z   [32m  âœ“[0m[90m Select SSL all requests[0m[90m (1882ms)[0m
Admin UI E2E (3, chrome)	Run Cypress	2024-11-22T06:37:08.3379189Z   [32m  âœ“[0m[90m Verify SSL all requests displays[0m[90m (1522ms)[0m
Admin UI E2E (3, chrome)	Run Cypress	2024-11-22T06:37:10.3470366Z   [32m  âœ“[0m[90m Select SSL external requests[0m[90m (1973ms)[0m
Admin UI E2E (3, chrome)	Run Cypress	2024-11-22T06:37:11.9866684Z   [32m  âœ“[0m[90m Verify SSL external requests displays[0m[90m (1601ms)[0m
Admin UI E2E (3, chrome)	Run Cypress	2024-11-22T06:37:13.8237243Z   [32m  âœ“[0m[90m Select SSL None[0m[90m (1796ms)[0m
Admin UI E2E (3, chrome)	Run Cypress	2024-11-22T06:37:15.3487618Z   [32m  âœ“[0m[90m Verify SSL None displays[0m[90m (1487ms)[0m
Admin UI E2E (3, chrome)	Run Cypress	2024-11-22T06:37:16.9578636Z   [32m  âœ“[0m[90m Check Access Endpoints OpenID Endpoint Configuration link[0m[90m (1569ms)[0m
Admin UI E2E (3, chrome)	Run Cypress	2024-11-22T06:37:18.5397270Z   [32m  âœ“[0m[90m Access Endpoints OpenID Endpoint Configuration link[0m[90m (1553ms)[0m
Admin UI E2E (3, chrome)	Run Cypress	2024-11-22T06:37:20.1274763Z   [32m  âœ“[0m[90m Check if Access Endpoints SAML 2.0 Identity Provider Metadata link exists[0m[90m (1549ms)[0m
Admin UI E2E (3, chrome)	Run Cypress	2024-11-22T06:37:21.8162651Z   [32m  âœ“[0m[90m Access Endpoints SAML 2.0 Identity Provider Metadata link[0m[90m (1663ms)[0m
Admin UI E2E (3, chrome)	Run Cypress	2024-11-22T06:37:24.3990842Z   [32m  âœ“[0m[90m Verify 'Revert' button works[0m[90m (1968ms)[0m
Admin UI E2E (3, chrome)	Run Cypress	2024-11-22T06:37:24.3992041Z 
Admin UI E2E (3, chrome)	Run Cypress	2024-11-22T06:37:24.4558376Z 
Admin UI E2E (3, chrome)	Run Cypress	2024-11-22T06:37:24.4559786Z [92m [0m[32m 15 passing[0m[90m (2m)[0m
Admin UI E2E (3, chrome)	Run Cypress	2024-11-22T06:37:24.4561002Z [31m  1 failing[0m
Admin UI E2E (3, chrome)	Run Cypress	2024-11-22T06:37:24.4561664Z 
Admin UI E2E (3, chrome)	Run Cypress	2024-11-22T06:37:24.4562291Z [0m  1) Realm settings general tab tests
Admin UI E2E (3, chrome)	Run Cypress	2024-11-22T06:37:24.4563231Z        Test all general tab switches:
Admin UI E2E (3, chrome)	Run Cypress	2024-11-22T06:37:24.4565126Z [0m[31m     AssertionError: Timed out retrying after 30000ms: Unable to find an element by: [data-testid="last-alert"]
Admin UI E2E (3, chrome)	Run Cypress	2024-11-22T06:37:24.4566320Z 
Admin UI E2E (3, chrome)	Run Cypress	2024-11-22T06:37:24.4566803Z Ignored nodes: comments, script, style
Admin UI E2E (3, chrome)	Run Cypress	2024-11-22T06:37:24.4567591Z <html
Admin UI E2E (3, chrome)	Run Cypress	2024-11-22T06:37:24.4568318Z   lang="en"
Admin UI E2E (3, chrome)	Run Cypress	2024-11-22T06:37:24.4568906Z >
Admin UI E2E (3, chrome)	Run Cypress	2024-11-22T06:37:24.4569480Z   <head>
Admin UI E2E (3, chrome)	Run Cypress	2024-11-22T06:37:24.4570199Z      
Admin UI E2E (3, chrome)	Run Cypress	2024-11-22T06:37:24.4570770Z     
Admin UI E2E (3, chrome)	Run Cypress	2024-11-22T06:37:24.4571976Z     
Admin UI E2E (3, chrome)	Run Cypress	2024-11-22T06:37:24.4572554Z     <meta
Admin UI E2E (3, chrome)	Run Cypress	2024-11-22T06:37:24.4573269Z       charset="utf-8"
Admin UI E2E (3, chrome)	Run Cypress	2024-11-22T06:37:24.4574024Z     />
Admin UI E2E (3, chrome)	Run Cypress	2024-11-22T06:37:24.4574605Z     
Admin UI E2E (3, chrome)	Run Cypress	2024-11-22T06:37:24.4575177Z     
Admin UI E2E (3, chrome)	Run Cypress	2024-11-22T06:37:24.4576150Z     <base
Admin UI E2E (3, chrome)	Run Cypress	2024-11-22T06:37:24.4576872Z       href="/resources/3stjs/admin/keycloak.v2/"
Admin UI E2E (3, chrome)	Run Cypress	2024-11-22T06:37:24.4577713Z     />
Admin UI E2E (3, chrome)	Run Cypress	2024-11-22T06:37:24.4578422Z     
Admin UI E2E (3, chrome)	Run Cypress	2024-11-22T06:37:24.4579017Z     
Admin UI E2E (3, chrome)	Run Cypress	2024-11-22T06:37:24.4579712Z     <link
Admin UI E2E (3, chrome)	Run Cypress	2024-11-22T06:37:24.4580579Z       href="/resources/3stjs/admin/keycloak.v2/favicon.svg"
Admin UI E2E (3, chrome)	Run Cypress	2024-11-22T06:37:24.4581493Z       rel="icon"
Admin UI E2E (3, chrome)	Run Cypress	2024-11-22T06:37:24.4582249Z       type="image/svg+xml"
Admin UI E2E (3, chrome)	Run Cypress	2024-11-22T06:37:24.4582955Z     />
Admin UI E2E (3, chrome)	Run Cypress	2024-11-22T06:37:24.4583510Z     
Admin UI E2E (3, chrome)	Run Cypress	2024-11-22T06:37:24.4584197Z     
Admin UI E2E (3, chrome)	Run Cypress	2024-11-22T06:37:24.4584759Z     <meta
Admin UI E2E (3, chrome)	Run Cypress	2024-11-22T06:37:24.4585713Z       content="width=device-width, initial-scale=1"
Admin UI E2E (3, chrome)	Run Cypress	2024-11-22T06:37:24.4586634Z       name="viewport"
Admin UI E2E (3, chrome)	Run Cypress	2024-11-22T06:37:24.4587326Z     />
Admin UI E2E (3, chrome)	Run Cypress	2024-11-22T06:37:24.4588021Z     
Admin UI E2E (3, chrome)	Run Cypress	2024-11-22T06:37:24.4588601Z     
Admin UI E2E (3, chrome)	Run Cypress	2024-11-22T06:37:24.4589294Z     <meta
Admin UI E2E (3, chrome)	Run Cypress	2024-11-22T06:37:24.4589927Z       content="light dark"
Admin UI E2E (3, chrome)	Run Cypress	2024-11-22T06:37:24.4590714Z       name="color-scheme"
Admin UI E2E (3, chrome)	Run Cypress	2024-11-22T06:37:24.4591523Z     />
Admin UI E2E (3, chrome)	Run Cypress	2024-11-22T06:37:24.4592112Z     
Admin UI E2E (3, chrome)	Run Cypress	2024-11-22T06:37:24.4592724Z     
Admin UI E2E (3, chrome)	Run Cypress	2024-11-22T06:37:24.4593349Z     <meta
Admin UI E2E (3, chrome)	Run Cypress	2024-11-22T06:37:24.4594639Z       content="The Keycloak Administration Console is a web-based interface for managing Keycloak."
Admin UI E2E (3, chrome)	Run Cypress	2024-11-22T06:37:24.4598187Z       name="description"
Admin UI E2E (3, chrome)	Run Cypress	2024-11-22T06:37:24.4598919Z     />
Admin UI E2E (3, chrome)	Run Cypress	2024-11-22T06:37:24.4599394Z     
Admin UI E2E (3, chrome)	Run Cypress	2024-11-22T06:37:24.4599875Z     
Admin UI E2E (3, chrome)	Run Cypress	2024-11-22T06:37:24.4600418Z     <title>
Admin UI E2E (3, chrome)	Run Cypress	2024-11-22T06:37:24.4601052Z       Keycloak Administration Console
Admin UI E2E (3, chrome)	Run Cypress	2024-11-22T06:37:24.4601757Z     </title>
Admin UI E2E (3, chrome)	Run Cypress	2024-11-22T06:37:24.4602336Z     
Admin UI E2E (3, chrome)	Run Cypress	2024-11-22T06:37:24.4602815Z     
Admin UI E2E (3, chrome)	Run Cypress	2024-11-22T06:37:24.4603218Z     
Admin UI E2E (3, chrome)	Run Cypress	2024-11-22T06:37:24.4603758Z     
Admin UI E2E (3, chrome)	Run Cypress	2024-11-22T06:37:24.4604241Z     
Admin UI E2E (3, chrome)	Run Cypress	2024-11-22T06:37:24.4604795Z       
Admin UI E2E (3, chrome)	Run Cypress	2024-11-22T06:37:24.4605262Z     
Admin UI E2E (3, chrome)	Run Cypress	2024-11-22T06:37:24.4605733Z         
Admin UI E2E (3, chrome)	Run Cypress	2024-11-22T06:37:24.4606303Z     <link
Admin UI E2E (3, chrome)	Run Cypress	2024-11-22T06:37:24.4607276Z       href="/resources/3stjs/admin/keycloak.v2/assets/main-CDG4HExi.css"
Admin UI E2E (3, chrome)	Run Cypress	2024-11-22T06:37:24.4608217Z       rel="stylesheet"
Admin UI E2E (3, chrome)	Run Cypress	2024-11-22T06:37:24.4608869Z     />
Admin UI E2E (3, chrome)	Run Cypress	2024-11-22T06:37:24.4609357Z     
Admin UI E2E (3, chrome)	Run Cypress	2024-11-22T06:37:24.4609899Z       
Admin UI E2E (3, chrome)	Run Cypress	2024-11-22T06:37:24.4610338Z     
Admin UI E2E (3, chrome)	Run Cypress	2024-11-22T06:37:24.4610796Z   
Admin UI E2E (3, chrome)	Run Cypress	2024-11-22T06:37:24.4611339Z     <link
Admin UI E2E (3, chrome)	Run Cypress	2024-11-22T06:37:24.4611863Z       crossorigin=""
Admin UI E2E (3, chrome)	Run Cypress	2024-11-22T06:37:24.4613132Z       href="http://localhost:8080/resources/3stjs/admin/keycloak.v2/assets/CodeEditor-vnn8gnex.css"
Admin UI E2E (3, chrome)	Run Cypress	2024-11-22T06:37:24.4614429Z       rel="stylesheet"
Admin UI E2E (3, chrome)	Run Cypress	2024-11-22T06:37:24.4614976Z     />
Admin UI E2E (3, chrome)	Run Cypress	2024-11-22T06:37:24.4615442Z     <link
Admin UI E2E (3, chrome)	Run Cypress	2024-11-22T06:37:24.4616065Z       crossorigin=""
Admin UI E2E (3, chrome)	Run Cypress	2024-11-22T06:37:24.4617409Z       href="http://localhost:8080/resources/3stjs/admin/keycloak.v2/assets/DataListItemRow-0rnekGZx.css"
Admin UI E2E (3, chrome)	Run Cypress	2024-11-22T06:37:24.4618749Z       rel="stylesheet"
Admin UI E2E (3, chrome)	Run Cypress	2024-11-22T06:37:24.4619293Z     />
Admin UI E2E (3, chrome)	Run Cypress	2024-11-22T06:37:24.4619766Z     <link
Admin UI E2E (3, chrome)	Run Cypress	2024-11-22T06:37:24.4620385Z       crossorigin=""
Admin UI E2E (3, chrome)	Run Cypress	2024-11-22T06:37:24.4621684Z       href="http://localhost:8080/resources/3stjs/admin/keycloak.v2/assets/GroupPickerDialog-Dl_Lyzxi.css"
Admin UI E2E (3, chrome)	Run Cypress	2024-11-22T06:37:24.4622903Z       rel="stylesheet"
Admin UI E2E (3, chrome)	Run Cypress	2024-11-22T06:37:24.4623586Z     />
Admin UI E2E (3, chrome)	Run Cypress	2024-11-22T06:37:24.4624053Z     <link
Admin UI E2E (3, chrome)	Run Cypress	2024-11-22T06:37:24.4624567Z       crossorigin=""
Admin UI E2E (3, chrome)	Run Cypress	2024-11-22T06:37:24.4625944Z       href="http://localhost:8080/resources/3stjs/admin/keycloak.v2/assets/KeySelect-BJe01BGx.css"
Admin UI E2E (3, chrome)	Run Cypress	2024-11-22T06:37:24.4627104Z       rel="stylesheet"
Admin UI E2E (3, chrome)	Run Cypress	2024-11-22T06:37:24.4627781Z     />
Admin UI E2E (3, chrome)	Run Cypress	2024-11-22T06:37:24.4628251Z     <link
Admin UI E2E (3, chrome)	Run Cypress	2024-11-22T06:37:24.4628762Z       crossorigin=""
Admin UI E2E (3, chrome)	Run Cypress	2024-11-22T06:37:24.4630246Z       href="http://localhost:8080/resources/3stjs/admin/keycloak.v2/assets/AddRoleMappingModal-Cz6tDcfR.css"
Admin UI E2E (3, chrome)	Run Cypress	2024-11-22T06:37:24.4631508Z       rel="stylesheet"
Admin UI E2E (3, chrome)	Run Cypress	2024-11-22T06:37:24.4632073Z     />
Admin UI E2E (3, chrome)	Run Cypress	2024-11-22T06:37:24.4632631Z     <link
Admin UI E2E (3, chrome)	Run Cypress	2024-11-22T06:37:24.4633156Z       crossorigin=""
Admin UI E2E (3, chrome)	Run Cypress	2024-11-22T06:37:24.4634470Z       href="http://localhost:8080/resources/3stjs/admin/keycloak.v2/assets/DynamicComponents-DniN0CZn.css"
Admin UI E2E (3, chrome)	Run Cypress	2024-11-22T06:37:24.4636216Z       rel="stylesheet"
Admin UI E2E (3, chrome)	Run Cypress	2024-11-22T06:37:24.4636798Z     />
Admin UI E2E (3, chrome)	Run Cypress	2024-11-22T06:37:24.4637371Z     <link
Admin UI E2E (3, chrome)	Run Cypress	2024-11-22T06:37:24.4638385Z       crossorigin=""
Admin UI E2E (3, chrome)	Run Cypress	2024-11-22T06:37:24.4639563Z       href="http://localhost:8080/resources/3stjs/admin/keycloak.v2/assets/Tabs-ViNVmBYo.css"
Admin UI E2E (3, chrome)	Run Cypress	2024-11-22T06:37:24.4640775Z       rel="stylesheet"
Admin UI E2E (3, chrome)	Run Cypress	2024-11-22T06:37:24.4641289Z     />
Admin UI E2E (3, chrome)	Run Cypress	2024-11-22T06:37:24.4641727Z     <link
Admin UI E2E (3, chrome)	Run Cypress	2024-11-22T06:37:24.4642288Z       crossorigin=""
Admin UI E2E (3, chrome)	Run Cypress	2024-11-22T06:37:24.4643571Z       href="http://localhost:8080/resources/3stjs/admin/keycloak.v2/assets/ExpandableSection-Bbwii8N8.css"
Admin UI E2E (3, chrome)	Run Cypress	2024-11-22T06:37:24.4644829Z       rel="stylesheet"
Admin UI E2E (3, chrome)	Run Cypress	2024-11-22T06:37:24.4645334Z     />
Admin UI E2E (3, chrome)	Run Cypress	2024-11-22T06:37:24.4645760Z     <link
Admin UI E2E (3, chrome)	Run Cypress	2024-11-22T06:37:24.4646265Z       crossorigin=""
Admin UI E2E (3, chrome)	Run Cypress	2024-11-22T06:37:24.4647569Z       href="http://localhost:8080/resources/3stjs/admin/keycloak.v2/assets/DescriptionListTerm-DesQLGah.css"
Admin UI E2E (3, chrome)	Run Cypress	2024-11-22T06:37:24.4648774Z       rel="stylesheet"
Admin UI E2E (3, chrome)	Run Cypress	2024-11-22T06:37:24.4649374Z     />
Admin UI E2E (3, chrome)	Run Cypress	2024-11-22T06:37:24.4649812Z     <link
Admin UI E2E (3, chrome)	Run Cypress	2024-11-22T06:37:24.4650289Z       crossorigin=""
Admin UI E2E (3, chrome)	Run Cypress	2024-11-22T06:37:24.4651535Z       href="http://localhost:8080/resources/3stjs/admin/keycloak.v2/assets/Dashboard-D322USTx.css"
Admin UI E2E (3, chrome)	Run Cypress	2024-11-22T06:37:24.4652627Z       rel="stylesheet"
Admin UI E2E (3, chrome)	Run Cypress	2024-11-22T06:37:24.4653239Z     />
Admin UI E2E (3, chrome)	Run Cypress	2024-11-22T06:37:24.4653673Z     <link
Admin UI E2E (3, chrome)	Run Cypress	2024-11-22T06:37:24.4654154Z       crossorigin=""
Admin UI E2E (3, chrome)	Run Cypress	2024-11-22T06:37:24.4655406Z       href="http://localhost:8080/resources/3stjs/admin/keycloak.v2/assets/ViewHeader-BI0nMf5o.css"
Admin UI E2E (3, chrome)	Run Cypress	2024-11-22T06:37:24.4656501Z       rel="stylesheet"
Admin UI E2E (3, chrome)	Run Cypress	2024-11-22T06:37:24.4657025Z     />
Admin UI E2E (3, chrome)	Run Cypress	2024-11-22T06:37:24.4657528Z     <link
Admin UI E2E (3, chrome)	Run Cypress	2024-11-22T06:37:24.4657944Z       crossorigin=""
Admin UI E2E (3, chrome)	Run Cypress	2024-11-22T06:37:24.4659147Z       href="http://localhost:8080/resources/3stjs/admin/keycloak.v2/assets/FormAccess-DVHJguuf.css"
Admin UI E2E (3, chrome)	Run Cypress	2024-11-22T06:37:24.4663886Z       rel="stylesheet"
Admin UI E2E (3, chrome)	Run Cypress	2024-11-22T06:37:24.4664431Z     />
Admin UI E2E (3, chrome)	Run Cypress	2024-11-22T06:37:24.4665023Z     <link
Admin UI E2E (3, chrome)	Run Cypress	2024-11-22T06:37:24.4665551Z       crossorigin=""
Admin UI E2E (3, chrome)	Run Cypress	2024-11-22T06:37:24.4666865Z       href="http://localhost:8080/resources/3stjs/admin/keycloak.v2/assets/DropdownPanel-Dur9M3jN.css"
Admin UI E2E (3, chrome)	Run Cypress	2024-11-22T06:37:24.4668104Z       rel="stylesheet"
Admin UI E2E (3, chrome)	Run Cypress	2024-11-22T06:37:24.4668620Z     />
Admin UI E2E (3, chrome)	Run Cypress	2024-11-22T06:37:24.4669029Z     <link
Admin UI E2E (3, chrome)	Run Cypress	2024-11-22T06:37:24.4669563Z       crossorigin=""
Admin UI E2E (3, chrome)	Run Cypress	2024-11-22T06:37:24.4670886Z       href="http://localhost:8080/resources/3stjs/admin/keycloak.v2/assets/RealmSettingsSection-p83T4jkl.css"
Admin UI E2E (3, chrome)	Run Cypress	2024-11-22T06:37:24.4672181Z       rel="stylesheet"
Admin UI E2E (3, chrome)	Run Cypress	2024-11-22T06:37:24.4672689Z     />
Admin UI E2E (3, chrome)	Run Cypress	2024-11-22T06:37:24.4673140Z     <link
Admin UI E2E (3, chrome)	Run Cypress	2024-11-22T06:37:24.4673677Z       crossorigin=""
Admin UI E2E (3, chrome)	Run Cypress	2024-11-22T06:37:24.4675005Z       href="http://localhost:8080/resources/3stjs/admin/keycloak.v2/assets/realm-settings-section-CanJfOWk.css"
Admin UI E2E (3, chrome)	Run Cypress	2024-11-22T06:37:24.4676238Z       rel="stylesheet"
Admin UI E2E (3, chrome)	Run Cypress	2024-11-22T06:37:24.4676828Z     />
Admin UI E2E (3, chrome)	Run Cypress	2024-11-22T06:37:24.4677278Z   </head>
Admin UI E2E (3, chrome)	Run Cypress	2024-11-22T06:37:24.4678022Z   
Admin UI E2E (3, chrome)	Run Cypress	2024-11-22T06:37:24.4678450Z   
Admin UI E2E (3, chrome)	Run Cypress	2024-11-22T06:37:24.4678868Z   <body
Admin UI E2E (3, chrome)	Run Cypress	2024-11-22T06:37:24.4679549Z     class="pf-v5-c-backdrop__open"
Admin UI E2E (3, chrome)	Run Cypress	2024-11-22T06:37:24.4680149Z   >
Admin UI E2E (3, chrome)	Run Cypress	2024-11-22T06:37:24.4680589Z     
Admin UI E2E (3, chrome)	Run Cypress	2024-11-22T06:37:24.4681086Z     
Admin UI E2E (3, chrome)	Run Cypress	2024-11-22T06:37:24.4681536Z     <div
Admin UI E2E (3, chrome)	Run Cypress	2024-11-22T06:37:24.4682053Z       aria-hidden="true"
Admin UI E2E (3, chrome)	Run Cypress	2024-11-22T06:37:24.4682669Z       id="app"
Admin UI E2E (3, chrome)	Run Cypress	2024-11-22T06:37:24.4683149Z     >
Admin UI E2E (3, chrome)	Run Cypress	2024-11-22T06:37:24.4683657Z       <div
Admin UI E2E (3, chrome)	Run Cypress	2024-11-22T06:37:24.4684349Z         class="pf-v5-c-banner pf-m-gold pf-m-sticky"
Admin UI E2E (3, chrome)	Run Cypress	2024-11-22T06:37:24.4685040Z       >
Admin UI E2E (3, chrome)	Run Cypress	2024-11-22T06:37:24.4685558Z         <span
Admin UI E2E (3, chrome)	Run Cypress	2024-11-22T06:37:24.4686140Z           class="pf-v5-screen-reader"
Admin UI E2E (3, chrome)	Run Cypress	2024-11-22T06:37:24.4686754Z         >
Admin UI E2E (3, chrome)	Run Cypress	2024-11-22T06:37:24.4688123Z           You are logged in as a temporary admin user. To harden security, create a permanent admin account and delete the temporary one.
Admin UI E2E (3, chrome)	Run Cypress	2024-11-22T06:37:24.4689430Z         </span>
Admin UI E2E (3, chrome)	Run Cypress	2024-11-22T06:37:24.4689894Z         <div
Admin UI E2E (3, chrome)	Run Cypress	2024-11-22T06:37:24.4690753Z           class="pf-v5-l-flex pf-m-space-items-sm pf-m-wrap"
Admin UI E2E (3, chrome)	Run Cypress	2024-11-22T06:37:24.4691828Z         >
Admin UI E2E (3, chrome)	Run Cypress	2024-11-22T06:37:24.4692377Z           <div
Admin UI E2E (3, chrome)	Run Cypress	2024-11-22T06:37:24.4692848Z             class=""
Admin UI E2E (3, chrome)	Run Cypress	2024-11-22T06:37:24.4693497Z             style="white-space: normal;"
Admin UI E2E (3, chrome)	Run Cypress	2024-11-22T06:37:24.4694225Z           >
Admin UI E2E (3, chrome)	Run Cypress	2024-11-22T06:37:24.4694870Z             <svg
Admin UI E2E (3, chrome)	Run Cypress	2024-11-22T06:37:24.4695480Z               aria-hidden="true"
Admin UI E2E (3, chrome)	Run Cypress	2024-11-22T06:37:24.4696245Z               class="pf-v5-svg"
Admin UI E2E (3, chrome)	Run Cypress	2024-11-22T06:37:24.4696835Z               fill="currentColor"
Admin UI E2E (3, chrome)	Run Cypress	2024-11-22T06:37:24.4697459Z               height="1em"
Admin UI E2E (3, chrome)	Run Cypress	2024-11-22T06:37:24.4698595Z               role="img"
Admin UI E2E (3, chrome)	Run Cypress	2024-11-22T06:37:24.4699755Z               style="margin-right: 0.3rem;"
Admin UI E2E (3, chrome)	Run Cypress	2024-11-22T06:37:24.4701154Z               viewBox="0 0 576 512"
Admin UI E2E (3, chrome)	Run Cypress	2024-11-22T06:37:24.4702170Z               width="1em"
Admin UI E2E (3, chrome)	Run Cypress	2024-11-22T06:37:24.4702740Z             >
Admin UI E2E (3, chrome)	Run Cypress	2024-11-22T06:37:24.4703557Z               <path
Admin UI E2E (3, chrome)	Run Cypress	2024-11-22T06:37:24.4709133Z                 d="M569.517 440.013C587.975 472.007 564.806 512 527.94 512H48.054c-36.937 0-59.999-40.055-41.577-71.987L246.423 23.985c18.467-32.009 64.72-31.951 83.154 0l239.94 416.028zM288 354c-25.405 0-46 20.595-46 46s20.595 46 46 46 46-20.595 46-46-20.595-46-46-46zm-43.673-165.346l7.418 136c.347 6.364 5.609 11.346 11.982 11.346h48.546c6.373 0 11.635-4.982 11.982-11.346l7.418-136c.375-6.874-5.098-12.654-11.982-12.654h-63.383c-6.884 0-12.356 5.78-11.981 12.654z"
Admin UI E2E (3, chrome)	Run Cypress	2024-11-22T06:37:24.4713216Z               />
Admin UI E2E (3, chrome)	Run Cypress	2024-11-22T06:37:24.4713834Z             </svg>
Admin UI E2E (3, chrome)	Run Cypress	2024-11-22T06:37:24.4715191Z             You are logged in as a temporary admin user. To harden security, create a permanent admin account and delete the temporary one.
Admin UI E2E (3, chrome)	Run Cypress	2024-11-22T06:37:24.4716587Z           </div>
Admin UI E2E (3, chrome)	Run Cypress	2024-11-22T06:37:24.4717092Z         </div>
Admin UI E2E (3, chrome)	Run Cypress	2024-11-22T06:37:24.4721110Z       </div>
Admin UI E2E (3, chrome)	Run Cypress	2024-11-22T06:37:24.4721738Z       <div
Admin UI E2E (3, chrome)	Run Cypress	2024-11-22T06:37:24.4722944Z         class="pf-v5-c-page pf-m-resize-observer pf-m-breakpoint-2xl pf-m-height-breakpoint-2xl"
Admin UI E2E (3, chrome)	Run Cypress	2024-11-22T06:37:24.4724018Z       >
Admin UI E2E (3, chrome)	Run Cypress	2024-11-22T06:37:24.4724559Z         <header
Admin UI E2E (3, chrome)	Run Cypress	2024-11-22T06:37:24.4725269Z           class="pf-v5-c-masthead pf-m-display-inline"
Admin UI E2E (3, chrome)	Run Cypress	2024-11-22T06:37:24.4726062Z         >
Admin UI E2E (3, chrome)	Run Cypress	2024-11-22T06:37:24.4726486Z           <span
Admin UI E2E (3, chrome)	Run Cypress	2024-11-22T06:37:24.4727129Z             class="pf-v5-c-masthead__toggle"
Admin UI E2E (3, chrome)	Run Cypress	2024-11-22T06:37:24.4727888Z           >
Admin UI E2E (3, chrome)	Run Cypress	2024-11-22T06:37:24.4728343Z             <button
Admin UI E2E (3, chrome)	Run Cypress	2024-11-22T06:37:24.4728949Z               aria-disabled="false"
Admin UI E2E (3, chrome)	Run Cypress	2024-11-22T06:37:24.4729787Z               aria-expanded="true"
Admin UI E2E (3, chrome)	Run Cypress	2024-11-22T06:37:24.4730510Z               aria-label="navigation"
Admin UI E2E (3, chrome)	Run Cypress	2024-11-22T06:37:24.4731325Z               class="pf-v5-c-button pf-m-plain"
Admin UI E2E (3, chrome)	Run Cypress	2024-11-22T06:37:24.4732421Z               data-ouia-component-id="OUIA-Generated-Button-plain-1"
Admin UI E2E (3, chrome)	Run Cypress	2024-11-22T06:37:24.4733438Z               data-ouia-component-type="PF5/Button"
Admin UI E2E (3, chrome)	Run Cypress	2024-11-22T06:37:24.4734352Z               data-ouia-safe="true"
Admin UI E2E (3, chrome)	Run Cypress	2024-11-22T06:37:24.4735036Z               id="nav-toggle"
Admin UI E2E (3, chrome)	Run Cypress	2024-11-22T06:37:24.4735627Z               type="button"
Admin UI E2E (3, chrome)	Run Cypress	2024-11-22T06:37:24.4736232Z             >
Admin UI E2E (3, chrome)	Run Cypress	2024-11-22T06:37:24.4736693Z               <svg
Admin UI E2E (3, chrome)	Run Cypress	2024-11-22T06:37:24.4737275Z                 aria-hidden="true"
Admin UI E2E (3, chrome)	Run Cypress	2024-11-22T06:37:24.4738047Z                 class="pf-v5-svg"
Admin UI E2E (3, chrome)	Run Cypress	2024-11-22T06:37:24.4738694Z                 fill="currentColor"
Admin UI E2E (3, chrome)	Run Cypress	2024-11-22T06:37:24.4739329Z                 height="1em"
Admin UI E2E (3, chrome)	Run Cypress	2024-11-22T06:37:24.4739966Z                 role="img"
Admin UI E2E (3, chrome)	Run Cypress	2024-11-22T06:37:24.4740589Z                 viewBox="0 0 448 512"
Admin UI E2E (3, chrome)	Run Cypress	2024-11-22T06:37:24.4741285Z                 width="1em"
Admin UI E2E (3, chrome)	Run Cypress	2024-11-22T06:37:24.4741817Z               >
Admin UI E2E (3, chrome)	Run Cypress	2024-11-22T06:37:24.4742309Z                 <path
Admin UI E2E (3, chrome)	Run Cypress	2024-11-22T06:37:24.4745748Z                   d="M16 132h416c8.837 0 16-7.163 16-16V76c0-8.837-7.163-16-16-16H16C7.163 60 0 67.163 0 76v40c0 8.837 7.163 16 16 16zm0 160h416c8.837 0 16-7.163 16-16v-40c0-8.837-7.163-16-16-16H16c-8.837 0-16 7.163-16 16v40c0 8.837 7.163 16 16 16zm0 160h416c8.837 0 16-7.163 16-16v-40c0-8.837-7.163-16-16-16H16c-8.837 0-16 7.163-16 16v40c0 8.837 7.163 16 16 16z"
Admin UI E2E (3, chrome)	Run Cypress	2024-11-22T06:37:24.4748471Z                 />
Admin UI E2E (3, chrome)	Run Cypress	2024-11-22T06:37:24.4748953Z               </svg>
Admin UI E2E (3, chrome)	Run Cypress	2024-11-22T06:37:24.4749815Z             </button>
Admin UI E2E (3, chrome)	Run Cypress	2024-11-22T06:37:24.4750316Z           </span>
Admin UI E2E (3, chrome)	Run Cypress	2024-11-22T06:37:24.4750872Z           <a
Admin UI E2E (3, chrome)	Run Cypress	2024-11-22T06:37:24.4751528Z             class="pf-v5-c-masthead__brand"
Admin UI E2E (3, chrome)	Run Cypress	2024-11-22T06:37:24.4752875Z             href="http://localhost:8080/admin/master/console/#/Realm_c7a5e68a-1868-442a-9b48-9d4ddd64d98c"
Admin UI E2E (3, chrome)	Run Cypress	2024-11-22T06:37:24.4754260Z             tabindex="0"
Admin UI E2E (3, chrome)	Run Cypress	2024-11-22T06:37:24.4754749Z           >
Admin UI E2E (3, chrome)	Run Cypress	2024-11-22T06:37:24.4755199Z             <img
Admin UI E2E (3, chrome)	Run Cypress	2024-11-22T06:37:24.4755782Z               alt="Logo"
Admin UI E2E (3, chrome)	Run Cypress	2024-11-22T06:37:24.4756417Z               aria-label="Logo"
Admin UI E2E (3, chrome)	Run Cypress	2024-11-22T06:37:24.4757129Z               class="keycloak__pageheader_brand"
Admin UI E2E (3, chrome)	Run Cypress	2024-11-22T06:37:24.4758203Z               id="masthead-logo"
Admin UI E2E (3, chrome)	Run Cypress	2024-11-22T06:37:24.4759029Z               src="/resources/3stjs/admin/keycloak.v2/logo.svg"
Admin UI E2E (3, chrome)	Run Cypress	2024-11-22T06:37:24.4759936Z             />
Admin UI E2E (3, chrome)	Run Cypress	2024-11-22T06:37:24.4760449Z           </a>
Admin UI E2E (3, chrome)	Run Cypress	2024-11-22T06:37:24.4760976Z           <div
Admin UI E2E (3, chrome)	Run Cypress	2024-11-22T06:37:24.4761770Z             class="pf-v5-c-masthead__content"
Admin UI E2E (3, chrome)	Run Cypress	2024-11-22T06:37:24.4762490Z           >
Admin UI E2E (3, chrome)	Run Cypress	2024-11-22T06:37:24.4762993Z             <div
Admin UI E2E (3, chrome)	Run Cypress	2024-11-22T06:37:24.4763728Z               class="pf-v5-c-toolbar"
Admin UI E2E (3, chrome)	Run Cypress	2024-11-22T06:37:24.4764662Z               data-ouia-component-id="OUIA-Generated-Toolbar-1"
Admin UI E2E (3, chrome)	Run Cypress	2024-11-22T06:37:24.4765578Z               ...[0m[90m
Admin UI E2E (3, chrome)	Run Cypress	2024-11-22T06:37:24.4767295Z       at Masthead.checkNotificationMessage (webpack://@keycloak/keycloak-admin-ui/./cypress/support/pages/admin-ui/Masthead.ts:87:0)
Admin UI E2E (3, chrome)	Run Cypress	2024-11-22T06:37:24.4769628Z       at Context.eval (webpack://@keycloak/keycloak-admin-ui/./cypress/e2e/realm_settings_general_tab_test.spec.ts:45:0)
Admin UI E2E (3, chrome)	Run Cypress	2024-11-22T06:37:24.4771064Z [0m
Admin UI E2E (3, chrome)	Run Cypress	2024-11-22T06:37:24.4771368Z 
Admin UI E2E (3, chrome)	Run Cypress	2024-11-22T06:37:24.4771381Z 
Admin UI E2E (3, chrome)	Run Cypress	2024-11-22T06:37:25.4930658Z 
Admin UI E2E (3, chrome)	Run Cypress	2024-11-22T06:37:25.4932283Z [31m  ([4m[1mResults[22m[24m)[39m
Admin UI E2E (3, chrome)	Run Cypress	2024-11-22T06:37:25.4949540Z 
Admin UI E2E (3, chrome)	Run Cypress	2024-11-22T06:37:25.4967215Z [90m  â”Œ[39m[90mâ”€[39m[90mâ”€[39m[90mâ”€[39m[90mâ”€[39m[90mâ”€[39m[90mâ”€[39m[90mâ”€[39m[90mâ”€[39m[90mâ”€[39m[90mâ”€[39m[90mâ”€[39m[90mâ”€[39m[90mâ”€[39m[90mâ”€[39m[90mâ”€[39m[90mâ”€[39m[90mâ”€[39m[90mâ”€[39m[90mâ”€[39m[90mâ”€[39m[90mâ”€[39m[90mâ”€[39m[90mâ”€[39m[90mâ”€[39m[90mâ”€[39m[90mâ”€[39m[90mâ”€[39m[90mâ”€[39m[90mâ”€[39m[90mâ”€[39m[90mâ”€[39m[90mâ”€[39m[90mâ”€[39m[90mâ”€[39m[90mâ”€[39m[90mâ”€[39m[90mâ”€[39m[90mâ”€[39m[90mâ”€[39m[90mâ”€[39m[90mâ”€[39m[90mâ”€[39m[90mâ”€[39m[90mâ”€[39m[90mâ”€[39m[90mâ”€[39m[90mâ”€[39m[90mâ”€[39m[90mâ”€[39m[90mâ”€[39m[90mâ”€[39m[90mâ”€[39m[90mâ”€[39m[90mâ”€[39m[90mâ”€[39m[90mâ”€[39m[90mâ”€[39m[90mâ”€[39m[90mâ”€[39m[90mâ”€[39m[90mâ”€[39m[90mâ”€[39m[90mâ”€[39m[90mâ”€[39m[90mâ”€[39m[90mâ”€[39m[90mâ”€[39m[90mâ”€[39m[90mâ”€[39m[90mâ”€[39m[90mâ”€[39m[90mâ”€[39m[90mâ”€[39m[90mâ”€[39m[90mâ”€[39m[90mâ”€[39m[90mâ”€[39m[90mâ”€[39m[90mâ”€[39m[90mâ”€[39m[90mâ”€[39m[90mâ”€[39m[90mâ”€[39m[90mâ”€[39m[90mâ”€[39m[90mâ”€[39m[90mâ”€[39m[90mâ”€[39m[90mâ”€[39m[90mâ”€[39m[90mâ”€[39m[90mâ”€[39m[90mâ”€[39m[90mâ”€[39m[90mâ”€[39m[90mâ”€[39m[90mâ”[39m
Admin UI E2E (3, chrome)	Run Cypress	2024-11-22T06:37:25.4974860Z [90m  â”‚[39m [90mTests:[39m        [31m16[39m                                                                               [90mâ”‚[39m
Admin UI E2E (3, chrome)	Run Cypress	2024-11-22T06:37:25.4977063Z [90m  â”‚[39m [90mPassing:[39m      [31m15[39m                                                                               [90mâ”‚[39m
Admin UI E2E (3, chrome)	Run Cypress	2024-11-22T06:37:25.4978970Z [90m  â”‚[39m [90mFailing:[39m      [31m1[39m                                                                                [90mâ”‚[39m
Admin UI E2E (3, chrome)	Run Cypress	2024-11-22T06:37:25.4980935Z [90m  â”‚[39m [90mPending:[39m      [31m0[39m                                                                                [90mâ”‚[39m
Admin UI E2E (3, chrome)	Run Cypress	2024-11-22T06:37:25.4984423Z [90m  â”‚[39m [90mSkipped:[39m      [31m0[39m                                                                                [90mâ”‚[39m
Admin UI E2E (3, chrome)	Run Cypress	2024-11-22T06:37:25.4986302Z [90m  â”‚[39m [90mScreenshots:[39m  [31m4[39m                                                                                [90mâ”‚[39m
Admin UI E2E (3, chrome)	Run Cypress	2024-11-22T06:37:25.4988115Z [90m  â”‚[39m [90mVideo:[39m        [31mtrue[39m                                                                             [90mâ”‚[39m
Admin UI E2E (3, chrome)	Run Cypress	2024-11-22T06:37:25.4990429Z [90m  â”‚[39m [90mDuration:[39m     [31m1 minute, 57 seconds[39m                                                             [90mâ”‚[39m
Admin UI E2E (3, chrome)	Run Cypress	2024-11-22T06:37:25.4992796Z [90m  â”‚[39m [90mSpec Ran:[39m     [31m[31mrealm_settings_general_tab_test.spec.ts[31m[39m                                          [90mâ”‚[39m
Admin UI E2E (3, chrome)	Run Cypress	2024-11-22T06:37:25.5002646Z [90m  â””[39m[90mâ”€[39m[90mâ”€[39m[90mâ”€[39m[90mâ”€[39m[90mâ”€[39m[90mâ”€[39m[90mâ”€[39m[90mâ”€[39m[90mâ”€[39m[90mâ”€[39m[90mâ”€[39m[90mâ”€[39m[90mâ”€[39m[90mâ”€[39m[90mâ”€[39m[90mâ”€[39m[90mâ”€[39m[90mâ”€[39m[90mâ”€[39m[90mâ”€[39m[90mâ”€[39m[90mâ”€[39m[90mâ”€[39m[90mâ”€[39m[90mâ”€[39m[90mâ”€[39m[90mâ”€[39m[90mâ”€[39m[90mâ”€[39m[90mâ”€[39m[90mâ”€[39m[90mâ”€[39m[90mâ”€[39m[90mâ”€[39m[90mâ”€[39m[90mâ”€[39m[90mâ”€[39m[90mâ”€[39m[90mâ”€[39m[90mâ”€[39m[90mâ”€[39m[90mâ”€[39m[90mâ”€[39m[90mâ”€[39m[90mâ”€[39m[90mâ”€[39m[90mâ”€[39m[90mâ”€[39m[90mâ”€[39m[90mâ”€[39m[90mâ”€[39m[90mâ”€[39m[90mâ”€[39m[90mâ”€[39m[90mâ”€[39m[90mâ”€[39m[90mâ”€[39m[90mâ”€[39m[90mâ”€[39m[90mâ”€[39m[90mâ”€[39m[90mâ”€[39m[90mâ”€[39m[90mâ”€[39m[90mâ”€[39m[90mâ”€[39m[90mâ”€[39m[90mâ”€[39m[90mâ”€[39m[90mâ”€[39m[90mâ”€[39m[90mâ”€[39m[90mâ”€[39m[90mâ”€[39m[90mâ”€[39m[90mâ”€[39m[90mâ”€[39m[90mâ”€[39m[90mâ”€[39m[90mâ”€[39m[90mâ”€[39m[90mâ”€[39m[90mâ”€[39m[90mâ”€[39m[90mâ”€[39m[90mâ”€[39m[90mâ”€[39m[90mâ”€[39m[90mâ”€[39m[90mâ”€[39m[90mâ”€[39m[90mâ”€[39m[90mâ”€[39m[90mâ”€[39m[90mâ”€[39m[90mâ”€[39m[90mâ”˜[39m
Admin UI E2E (3, chrome)	Run Cypress	2024-11-22T06:37:25.5011567Z 
Admin UI E2E (3, chrome)	Run Cypress	2024-11-22T06:37:25.5011594Z 
Admin UI E2E (3, chrome)	Run Cypress	2024-11-22T06:37:25.5013837Z [33m  ([4m[1mScreenshots[22m[24m)[39m
Admin UI E2E (3, chrome)	Run Cypress	2024-11-22T06:37:25.5014703Z 
Admin UI E2E (3, chrome)	Run Cypress	2024-11-22T06:37:25.5016884Z [90m [39m -  [0m/home/runner/work/keycloak/keycloak/js/apps/admin-ui/cypress/screenshots/realm_s[0m     [90m[90m(1280x581)[90m[39m
Admin UI E2E (3, chrome)	Run Cypress	2024-11-22T06:37:25.5019025Z [90m [39m    [0mettings_general_tab_test.spec.ts/Realm settings general tab tests -- Test all ge[0m               
Admin UI E2E (3, chrome)	Run Cypress	2024-11-22T06:37:25.5021091Z [90m [39m    [0mneral tab switches (failed).png[0m                                                                
Admin UI E2E (3, chrome)	Run Cypress	2024-11-22T06:37:25.5027367Z [90m [39m -  [0m/home/runner/work/keycloak/keycloak/js/apps/admin-ui/cypress/screenshots/realm_s[0m     [90m[90m(1280x581)[90m[39m
Admin UI E2E (3, chrome)	Run Cypress	2024-11-22T06:37:25.5030068Z [90m [39m    [0mettings_general_tab_test.spec.ts/Realm settings general tab tests -- Test all ge[0m               
Admin UI E2E (3, chrome)	Run Cypress	2024-11-22T06:37:25.5040532Z [90m [39m    [0mneral tab switches (failed) (attempt 2).png[0m                                                    
Admin UI E2E (3, chrome)	Run Cypress	2024-11-22T06:37:25.5062175Z [90m [39m -  [0m/home/runner/work/keycloak/keycloak/js/apps/admin-ui/cypress/screenshots/realm_s[0m     [90m[90m(1280x581)[90m[39m
Admin UI E2E (3, chrome)	Run Cypress	2024-11-22T06:37:25.5065862Z [90m [39m    [0mettings_general_tab_test.spec.ts/Realm settings general tab tests -- Test all ge[0m               
Admin UI E2E (3, chrome)	Run Cypress	2024-11-22T06:37:25.5091769Z [90m [39m    [0mneral tab switches (failed) (attempt 3).png[0m                                                    
Admin UI E2E (3, chrome)	Run Cypress	2024-11-22T06:37:25.5094341Z [90m [39m -  [0m/home/runner/work/keycloak/keycloak/js/apps/admin-ui/cypress/screenshots/realm_s[0m     [90m[90m(1280x581)[90m[39m
Admin UI E2E (3, chrome)	Run Cypress	2024-11-22T06:37:25.5096939Z [90m [39m    [0mettings_general_tab_test.spec.ts/Realm settings general tab tests -- Test all ge[0m               
Admin UI E2E (3, chrome)	Run Cypress	2024-11-22T06:37:25.5099030Z [90m [39m    [0mneral tab switches (failed) (attempt 4).png[0m                                                    
Admin UI E2E (3, chrome)	Run Cypress	2024-11-22T06:37:25.5100170Z 
Admin UI E2E (3, chrome)	Run Cypress	2024-11-22T06:37:25.5432916Z 
Admin UI E2E (3, chrome)	Run Cypress	2024-11-22T06:37:25.5433966Z [36m  ([4m[1mVideo[22m[24m)[39m
Admin UI E2E (3, chrome)	Run Cypress	2024-11-22T06:37:25.5436101Z 
Admin UI E2E (3, chrome)	Run Cypress	2024-11-22T06:37:25.5437785Z   -  Video output: [36m/home/runner/work/keycloak/keycloak/js/apps/admin-ui/cypress/videos/realm_settings_general_tab_test.spec.ts.mp4[39m
Admin UI E2E (3, chrome)	Run Cypress	2024-11-22T06:37:25.5439110Z 
Admin UI E2E (3, chrome)	Run Cypress	2024-11-22T06:37:25.5439316Z 
Admin UI E2E (3, chrome)	Run Cypress	2024-11-22T06:37:25.5455485Z [90mâ”€[39m[90mâ”€[39m[90mâ”€[39m[90mâ”€[39m[90mâ”€[39m[90mâ”€[39m[90mâ”€[39m[90mâ”€[39m[90mâ”€[39m[90mâ”€[39m[90mâ”€[39m[90mâ”€[39m[90mâ”€[39m[90mâ”€[39m[90mâ”€[39m[90mâ”€[39m[90mâ”€[39m[90mâ”€[39m[90mâ”€[39m[90mâ”€[39m[90mâ”€[39m[90mâ”€[39m[90mâ”€[39m[90mâ”€[39m[90mâ”€[39m[90mâ”€[39m[90mâ”€[39m[90mâ”€[39m[90mâ”€[39m[90mâ”€[39m[90mâ”€[39m[90mâ”€[39m[90mâ”€[39m[90mâ”€[39m[90mâ”€[39m[90mâ”€[39m[90mâ”€[39m[90mâ”€[39m[90mâ”€[39m[90mâ”€[39m[90mâ”€[39m[90mâ”€[39m[90mâ”€[39m[90mâ”€[39m[90mâ”€[39m[90mâ”€[39m[90mâ”€[39m[90mâ”€[39m[90mâ”€[39m[90mâ”€[39m[90mâ”€[39m[90mâ”€[39m[90mâ”€[39m[90mâ”€[39m[90mâ”€[39m[90mâ”€[39m[90mâ”€[39m[90mâ”€[39m[90mâ”€[39m[90mâ”€[39m[90mâ”€[39m[90mâ”€[39m[90mâ”€[39m[90mâ”€[39m[90mâ”€[39m[90mâ”€[39m[90mâ”€[39m[90mâ”€[39m[90mâ”€[39m[90mâ”€[39m[90mâ”€[39m[90mâ”€[39m[90mâ”€[39m[90mâ”€[39m[90mâ”€[39m[90mâ”€[39m[90mâ”€[39m[90mâ”€[39m[90mâ”€[39m[90mâ”€[39m[90mâ”€[39m[90mâ”€[39m[90mâ”€[39m[90mâ”€[39m[90mâ”€[39m[90mâ”€[39m[90mâ”€[39m[90mâ”€[39m[90mâ”€[39m[90mâ”€[39m[90mâ”€[39m[90mâ”€[39m[90mâ”€[39m[90mâ”€[39m[90mâ”€[39m[90mâ”€[39m[90mâ”€[39m[90mâ”€[39m[90mâ”€[39m[90mâ”€[39m
Admin UI E2E (3, chrome)	Run Cypress	2024-11-22T06:37:25.5462812Z                                                                                                     
Admin UI E2E (3, chrome)	Run Cypress	2024-11-22T06:37:25.5464385Z   Running:  [90mrealm_settings_events_test.spec.ts[39m                                              [90m(6 of 7)[39m
Admin UI E2E (3, chrome)	Run Cypress	2024-11-22T06:37:29.7674298Z 
Admin UI E2E (3, chrome)	Run Cypress	2024-11-22T06:37:29.7675688Z [0m[0m
Admin UI E2E (3, chrome)	Run Cypress	2024-11-22T06:37:29.7702897Z [0m  Realm settings events tab tests[0m
Admin UI E2E (3, chrome)	Run Cypress	2024-11-22T06:37:38.9301494Z   [32m  âœ“[0m[90m Enable user events[0m[90m (9104ms)[0m
Admin UI E2E (3, chrome)	Run Cypress	2024-11-22T06:37:40.5877948Z   [32m  âœ“[0m[90m Go to keys tab[0m[90m (1591ms)[0m
Admin UI E2E (3, chrome)	Run Cypress	2024-11-22T06:37:46.3680022Z   [32m  âœ“[0m[90m add Providers[0m[90m (5748ms)[0m
Admin UI E2E (3, chrome)	Run Cypress	2024-11-22T06:37:48.6068426Z   [32m  âœ“[0m[90m search providers[0m[90m (2206ms)[0m
Admin UI E2E (3, chrome)	Run Cypress	2024-11-22T06:37:51.9185254Z   [32m  âœ“[0m[90m go to details[0m[90m (3287ms)[0m
Admin UI E2E (3, chrome)	Run Cypress	2024-11-22T06:37:53.9906765Z   [32m  âœ“[0m[90m Test keys[0m[90m (2046ms)[0m
Admin UI E2E (3, chrome)	Run Cypress	2024-11-22T06:37:54.0029436Z   [36m  - Should search active keys[0m
Admin UI E2E (3, chrome)	Run Cypress	2024-11-22T06:37:56.2449605Z   [32m  âœ“[0m[90m Should search passive keys[0m[90m (2223ms)[0m
Admin UI E2E (3, chrome)	Run Cypress	2024-11-22T06:37:58.3834415Z   [32m  âœ“[0m[90m Should search disabled keys[0m[90m (2111ms)[0m
Admin UI E2E (3, chrome)	Run Cypress	2024-11-22T06:38:00.3337517Z   [32m  âœ“[0m[90m delete provider[0m[90m (1913ms)[0m
Admin UI E2E (3, chrome)	Run Cypress	2024-11-22T06:38:02.2666733Z   [32m  âœ“[0m[90m list keys[0m[90m (1908ms)[0m
Admin UI E2E (3, chrome)	Run Cypress	2024-11-22T06:38:04.3208656Z   [32m  âœ“[0m[90m Realm header settings[0m[90m (2030ms)[0m
Admin UI E2E (3, chrome)	Run Cypress	2024-11-22T06:38:06.9636037Z   [32m  âœ“[0m[90m Brute force detection[0m[90m (2603ms)[0m
Admin UI E2E (3, chrome)	Run Cypress	2024-11-22T06:38:12.1442459Z   [32m  âœ“[0m[90m add session data[0m[90m (5128ms)[0m
Admin UI E2E (3, chrome)	Run Cypress	2024-11-22T06:38:13.9342449Z   [32m  âœ“[0m[90m check that sessions data was saved[0m[90m (1775ms)[0m
Admin UI E2E (3, chrome)	Run Cypress	2024-11-22T06:38:19.6550749Z   [32m  âœ“[0m[90m add token data[0m[90m (5664ms)[0m
Admin UI E2E (3, chrome)	Run Cypress	2024-11-22T06:38:21.7236842Z   [32m  âœ“[0m[90m check that token data was saved[0m[90m (1593ms)[0m
Admin UI E2E (3, chrome)	Run Cypress	2024-11-22T06:38:21.7423173Z 
Admin UI E2E (3, chrome)	Run Cypress	2024-11-22T06:38:21.7424425Z [0m  Realm settings events tab tests[0m
Admin UI E2E (3, chrome)	Run Cypress	2024-11-22T06:38:23.3134458Z   [32m  âœ“[0m[90m Should display event listeners form[0m[90m (1550ms)[0m
Admin UI E2E (3, chrome)	Run Cypress	2024-11-22T06:38:25.3907052Z   [32m  âœ“[0m[90m Should revert saving event listener[0m[90m (2047ms)[0m
Admin UI E2E (3, chrome)	Run Cypress	2024-11-22T06:38:27.4588896Z   [32m  âœ“[0m[90m Should save event listener[0m[90m (2037ms)[0m
Admin UI E2E (3, chrome)	Run Cypress	2024-11-22T06:38:29.2588072Z   [32m  âœ“[0m[90m Should remove event from event listener[0m[90m (1748ms)[0m
Admin UI E2E (3, chrome)	Run Cypress	2024-11-22T06:38:31.7576652Z   [32m  âœ“[0m[90m Should remove all events from event listener and re-save original[0m[90m (2464ms)[0m
Admin UI E2E (3, chrome)	Run Cypress	2024-11-22T06:38:31.7582262Z 
Admin UI E2E (3, chrome)	Run Cypress	2024-11-22T06:38:31.7961975Z 
Admin UI E2E (3, chrome)	Run Cypress	2024-11-22T06:38:31.7963570Z [92m [0m[32m 21 passing[0m[90m (1m)[0m
Admin UI E2E (3, chrome)	Run Cypress	2024-11-22T06:38:31.7964917Z [36m [0m[36m 1 pending[0m
Admin UI E2E (3, chrome)	Run Cypress	2024-11-22T06:38:31.7965459Z 
Admin UI E2E (3, chrome)	Run Cypress	2024-11-22T06:38:32.8149770Z 
Admin UI E2E (3, chrome)	Run Cypress	2024-11-22T06:38:32.8151130Z [32m  ([4m[1mResults[22m[24m)[39m
Admin UI E2E (3, chrome)	Run Cypress	2024-11-22T06:38:32.8156473Z 
Admin UI E2E (3, chrome)	Run Cypress	2024-11-22T06:38:32.8173502Z [90m  â”Œ[39m[90mâ”€[39m[90mâ”€[39m[90mâ”€[39m[90mâ”€[39m[90mâ”€[39m[90mâ”€[39m[90mâ”€[39m[90mâ”€[39m[90mâ”€[39m[90mâ”€[39m[90mâ”€[39m[90mâ”€[39m[90mâ”€[39m[90mâ”€[39m[90mâ”€[39m[90mâ”€[39m[90mâ”€[39m[90mâ”€[39m[90mâ”€[39m[90mâ”€[39m[90mâ”€[39m[90mâ”€[39m[90mâ”€[39m[90mâ”€[39m[90mâ”€[39m[90mâ”€[39m[90mâ”€[39m[90mâ”€[39m[90mâ”€[39m[90mâ”€[39m[90mâ”€[39m[90mâ”€[39m[90mâ”€[39m[90mâ”€[39m[90mâ”€[39m[90mâ”€[39m[90mâ”€[39m[90mâ”€[39m[90mâ”€[39m[90mâ”€[39m[90mâ”€[39m[90mâ”€[39m[90mâ”€[39m[90mâ”€[39m[90mâ”€[39m[90mâ”€[39m[90mâ”€[39m[90mâ”€[39m[90mâ”€[39m[90mâ”€[39m[90mâ”€[39m[90mâ”€[39m[90mâ”€[39m[90mâ”€[39m[90mâ”€[39m[90mâ”€[39m[90mâ”€[39m[90mâ”€[39m[90mâ”€[39m[90mâ”€[39m[90mâ”€[39m[90mâ”€[39m[90mâ”€[39m[90mâ”€[39m[90mâ”€[39m[90mâ”€[39m[90mâ”€[39m[90mâ”€[39m[90mâ”€[39m[90mâ”€[39m[90mâ”€[39m[90mâ”€[39m[90mâ”€[39m[90mâ”€[39m[90mâ”€[39m[90mâ”€[39m[90mâ”€[39m[90mâ”€[39m[90mâ”€[39m[90mâ”€[39m[90mâ”€[39m[90mâ”€[39m[90mâ”€[39m[90mâ”€[39m[90mâ”€[39m[90mâ”€[39m[90mâ”€[39m[90mâ”€[39m[90mâ”€[39m[90mâ”€[39m[90mâ”€[39m[90mâ”€[39m[90mâ”€[39m[90mâ”€[39m[90mâ”€[39m[90mâ”€[39m[90mâ”[39m
Admin UI E2E (3, chrome)	Run Cypress	2024-11-22T06:38:32.8181133Z [90m  â”‚[39m [90mTests:[39m        [32m22[39m                                                                               [90mâ”‚[39m
Admin UI E2E (3, chrome)	Run Cypress	2024-11-22T06:38:32.8182922Z [90m  â”‚[39m [90mPassing:[39m      [32m21[39m                                                                               [90mâ”‚[39m
Admin UI E2E (3, chrome)	Run Cypress	2024-11-22T06:38:32.8184658Z [90m  â”‚[39m [90mFailing:[39m      [32m0[39m                                                                                [90mâ”‚[39m
Admin UI E2E (3, chrome)	Run Cypress	2024-11-22T06:38:32.8186607Z [90m  â”‚[39m [90mPending:[39m      [32m1[39m                                                                                [90mâ”‚[39m
Admin UI E2E (3, chrome)	Run Cypress	2024-11-22T06:38:32.8188486Z [90m  â”‚[39m [90mSkipped:[39m      [32m0[39m                                                                                [90mâ”‚[39m
Admin UI E2E (3, chrome)	Run Cypress	2024-11-22T06:38:32.8190449Z [90m  â”‚[39m [90mScreenshots:[39m  [32m0[39m                                                                                [90mâ”‚[39m
Admin UI E2E (3, chrome)	Run Cypress	2024-11-22T06:38:32.8192216Z [90m  â”‚[39m [90mVideo:[39m        [32mfalse[39m                                                                            [90mâ”‚[39m
Admin UI E2E (3, chrome)	Run Cypress	2024-11-22T06:38:32.8194112Z [90m  â”‚[39m [90mDuration:[39m     [32m1 minute, 2 seconds[39m                                                              [90mâ”‚[39m
Admin UI E2E (3, chrome)	Run Cypress	2024-11-22T06:38:32.8196480Z [90m  â”‚[39m [90mSpec Ran:[39m     [32m[32mrealm_settings_events_test.spec.ts[32m[39m                                               [90mâ”‚[39m
Admin UI E2E (3, chrome)	Run Cypress	2024-11-22T06:38:32.8205592Z [90m  â””[39m[90mâ”€[39m[90mâ”€[39m[90mâ”€[39m[90mâ”€[39m[90mâ”€[39m[90mâ”€[39m[90mâ”€[39m[90mâ”€[39m[90mâ”€[39m[90mâ”€[39m[90mâ”€[39m[90mâ”€[39m[90mâ”€[39m[90mâ”€[39m[90mâ”€[39m[90mâ”€[39m[90mâ”€[39m[90mâ”€[39m[90mâ”€[39m[90mâ”€[39m[90mâ”€[39m[90mâ”€[39m[90mâ”€[39m[90mâ”€[39m[90mâ”€[39m[90mâ”€[39m[90mâ”€[39m[90mâ”€[39m[90mâ”€[39m[90mâ”€[39m[90mâ”€[39m[90mâ”€[39m[90mâ”€[39m[90mâ”€[39m[90mâ”€[39m[90mâ”€[39m[90mâ”€[39m[90mâ”€[39m[90mâ”€[39m[90mâ”€[39m[90mâ”€[39m[90mâ”€[39m[90mâ”€[39m[90mâ”€[39m[90mâ”€[39m[90mâ”€[39m[90mâ”€[39m[90mâ”€[39m[90mâ”€[39m[90mâ”€[39m[90mâ”€[39m[90mâ”€[39m[90mâ”€[39m[90mâ”€[39m[90mâ”€[39m[90mâ”€[39m[90mâ”€[39m[90mâ”€[39m[90mâ”€[39m[90mâ”€[39m[90mâ”€[39m[90mâ”€[39m[90mâ”€[39m[90mâ”€[39m[90mâ”€[39m[90mâ”€[39m[90mâ”€[39m[90mâ”€[39m[90mâ”€[39m[90mâ”€[39m[90mâ”€[39m[90mâ”€[39m[90mâ”€[39m[90mâ”€[39m[90mâ”€[39m[90mâ”€[39m[90mâ”€[39m[90mâ”€[39m[90mâ”€[39m[90mâ”€[39m[90mâ”€[39m[90mâ”€[39m[90mâ”€[39m[90mâ”€[39m[90mâ”€[39m[90mâ”€[39m[90mâ”€[39m[90mâ”€[39m[90mâ”€[39m[90mâ”€[39m[90mâ”€[39m[90mâ”€[39m[90mâ”€[39m[90mâ”€[39m[90mâ”€[39m[90mâ”€[39m[90mâ”˜[39m
Admin UI E2E (3, chrome)	Run Cypress	2024-11-22T06:38:32.8211911Z 
Admin UI E2E (3, chrome)	Run Cypress	2024-11-22T06:38:32.8548748Z 
Admin UI E2E (3, chrome)	Run Cypress	2024-11-22T06:38:32.8562999Z [90mâ”€[39m[90mâ”€[39m[90mâ”€[39m[90mâ”€[39m[90mâ”€[39m[90mâ”€[39m[90mâ”€[39m[90mâ”€[39m[90mâ”€[39m[90mâ”€[39m[90mâ”€[39m[90mâ”€[39m[90mâ”€[39m[90mâ”€[39m[90mâ”€[39m[90mâ”€[39m[90mâ”€[39m[90mâ”€[39m[90mâ”€[39m[90mâ”€[39m[90mâ”€[39m[90mâ”€[39m[90mâ”€[39m[90mâ”€[39m[90mâ”€[39m[90mâ”€[39m[90mâ”€[39m[90mâ”€[39m[90mâ”€[39m[90mâ”€[39m[90mâ”€[39m[90mâ”€[39m[90mâ”€[39m[90mâ”€[39m[90mâ”€[39m[90mâ”€[39m[90mâ”€[39m[90mâ”€[39m[90mâ”€[39m[90mâ”€[39m[90mâ”€[39m[90mâ”€[39m[90mâ”€[39m[90mâ”€[39m[90mâ”€[39m[90mâ”€[39m[90mâ”€[39m[90mâ”€[39m[90mâ”€[39m[90mâ”€[39m[90mâ”€[39m[90mâ”€[39m[90mâ”€[39m[90mâ”€[39m[90mâ”€[39m[90mâ”€[39m[90mâ”€[39m[90mâ”€[39m[90mâ”€[39m[90mâ”€[39m[90mâ”€[39m[90mâ”€[39m[90mâ”€[39m[90mâ”€[39m[90mâ”€[39m[90mâ”€[39m[90mâ”€[39m[90mâ”€[39m[90mâ”€[39m[90mâ”€[39m[90mâ”€[39m[90mâ”€[39m[90mâ”€[39m[90mâ”€[39m[90mâ”€[39m[90mâ”€[39m[90mâ”€[39m[90mâ”€[39m[90mâ”€[39m[90mâ”€[39m[90mâ”€[39m[90mâ”€[39m[90mâ”€[39m[90mâ”€[39m[90mâ”€[39m[90mâ”€[39m[90mâ”€[39m[90mâ”€[39m[90mâ”€[39m[90mâ”€[39m[90mâ”€[39m[90mâ”€[39m[90mâ”€[39m[90mâ”€[39m[90mâ”€[39m[90mâ”€[39m[90mâ”€[39m[90mâ”€[39m[90mâ”€[39m[90mâ”€[39m
Admin UI E2E (3, chrome)	Run Cypress	2024-11-22T06:38:32.8569839Z                                                                                                     
Admin UI E2E (3, chrome)	Run Cypress	2024-11-22T06:38:32.8571421Z   Running:  [90mclient_registration_policies.spec.ts[39m                                            [90m(7 of 7)[39m
Admin UI E2E (3, chrome)	Run Cypress	2024-11-22T06:38:35.9896757Z 
Admin UI E2E (3, chrome)	Run Cypress	2024-11-22T06:38:35.9898380Z [0m[0m
Admin UI E2E (3, chrome)	Run Cypress	2024-11-22T06:38:35.9934946Z [0m  Client registration policies tab[0m
Admin UI E2E (3, chrome)	Run Cypress	2024-11-22T06:38:35.9936094Z [0m    Anonymous client policies subtab[0m
Admin UI E2E (3, chrome)	Run Cypress	2024-11-22T06:38:39.2640334Z     [32m  âœ“[0m[90m check anonymous clients list is not empty[0m[90m (3251ms)[0m
Admin UI E2E (3, chrome)	Run Cypress	2024-11-22T06:38:41.3513276Z     [32m  âœ“[0m[90m add anonymous client registration policy[0m[90m (2049ms)[0m
Admin UI E2E (3, chrome)	Run Cypress	2024-11-22T06:38:43.3546129Z     [32m  âœ“[0m[90m edit anonymous client registration policy[0m[90m (1974ms)[0m
Admin UI E2E (3, chrome)	Run Cypress	2024-11-22T06:38:44.9254369Z     [32m  âœ“[0m[90m delete anonymous client registration policy[0m[90m (1528ms)[0m
Admin UI E2E (3, chrome)	Run Cypress	2024-11-22T06:38:44.9370747Z [0m    Authenticated client policies subtab[0m
Admin UI E2E (3, chrome)	Run Cypress	2024-11-22T06:38:46.3401951Z     [32m  âœ“[0m[90m check authenticated clients list is not empty[0m[90m (1380ms)[0m
Admin UI E2E (3, chrome)	Run Cypress	2024-11-22T06:38:48.4100751Z     [32m  âœ“[0m[90m add authenticated client registration policy[0m[90m (2034ms)[0m
Admin UI E2E (3, chrome)	Run Cypress	2024-11-22T06:38:50.5690979Z     [32m  âœ“[0m[90m edit authenticated client registration policy[0m[90m (2113ms)[0m
Admin UI E2E (3, chrome)	Run Cypress	2024-11-22T06:38:52.2068814Z     [32m  âœ“[0m[90m delete authenticated client registration policy[0m[90m (1598ms)[0m
Admin UI E2E (3, chrome)	Run Cypress	2024-11-22T06:38:52.2206069Z 
Admin UI E2E (3, chrome)	Run Cypress	2024-11-22T06:38:52.2207369Z [0m  Accessibility tests for client registration policies[0m
Admin UI E2E (3, chrome)	Run Cypress	2024-11-22T06:38:53.8764380Z   [32m  âœ“[0m[90m Check a11y violations on load/ client registration policies[0m[90m (1648ms)[0m
Admin UI E2E (3, chrome)	Run Cypress	2024-11-22T06:38:53.8765617Z 
Admin UI E2E (3, chrome)	Run Cypress	2024-11-22T06:38:53.8953756Z 
Admin UI E2E (3, chrome)	Run Cypress	2024-11-22T06:38:53.8955025Z [92m [0m[32m 9 passing[0m[90m (18s)[0m
Admin UI E2E (3, chrome)	Run Cypress	2024-11-22T06:38:53.8955654Z 
Admin UI E2E (3, chrome)	Run Cypress	2024-11-22T06:38:54.9103972Z 
Admin UI E2E (3, chrome)	Run Cypress	2024-11-22T06:38:54.9105202Z [32m  ([4m[1mResults[22m[24m)[39m
Admin UI E2E (3, chrome)	Run Cypress	2024-11-22T06:38:54.9106533Z 
Admin UI E2E (3, chrome)	Run Cypress	2024-11-22T06:38:54.9120269Z [90m  â”Œ[39m[90mâ”€[39m[90mâ”€[39m[90mâ”€[39m[90mâ”€[39m[90mâ”€[39m[90mâ”€[39m[90mâ”€[39m[90mâ”€[39m[90mâ”€[39m[90mâ”€[39m[90mâ”€[39m[90mâ”€[39m[90mâ”€[39m[90mâ”€[39m[90mâ”€[39m[90mâ”€[39m[90mâ”€[39m[90mâ”€[39m[90mâ”€[39m[90mâ”€[39m[90mâ”€[39m[90mâ”€[39m[90mâ”€[39m[90mâ”€[39m[90mâ”€[39m[90mâ”€[39m[90mâ”€[39m[90mâ”€[39m[90mâ”€[39m[90mâ”€[39m[90mâ”€[39m[90mâ”€[39m[90mâ”€[39m[90mâ”€[39m[90mâ”€[39m[90mâ”€[39m[90mâ”€[39m[90mâ”€[39m[90mâ”€[39m[90mâ”€[39m[90mâ”€[39m[90mâ”€[39m[90mâ”€[39m[90mâ”€[39m[90mâ”€[39m[90mâ”€[39m[90mâ”€[39m[90mâ”€[39m[90mâ”€[39m[90mâ”€[39m[90mâ”€[39m[90mâ”€[39m[90mâ”€[39m[90mâ”€[39m[90mâ”€[39m[90mâ”€[39m[90mâ”€[39m[90mâ”€[39m[90mâ”€[39m[90mâ”€[39m[90mâ”€[39m[90mâ”€[39m[90mâ”€[39m[90mâ”€[39m[90mâ”€[39m[90mâ”€[39m[90mâ”€[39m[90mâ”€[39m[90mâ”€[39m[90mâ”€[39m[90mâ”€[39m[90mâ”€[39m[90mâ”€[39m[90mâ”€[39m[90mâ”€[39m[90mâ”€[39m[90mâ”€[39m[90mâ”€[39m[90mâ”€[39m[90mâ”€[39m[90mâ”€[39m[90mâ”€[39m[90mâ”€[39m[90mâ”€[39m[90mâ”€[39m[90mâ”€[39m[90mâ”€[39m[90mâ”€[39m[90mâ”€[39m[90mâ”€[39m[90mâ”€[39m[90mâ”€[39m[90mâ”€[39m[90mâ”€[39m[90mâ”€[39m[90mâ”€[39m[90mâ”[39m
Admin UI E2E (3, chrome)	Run Cypress	2024-11-22T06:38:54.9126599Z [90m  â”‚[39m [90mTests:[39m        [32m9[39m                                                                                [90mâ”‚[39m
Admin UI E2E (3, chrome)	Run Cypress	2024-11-22T06:38:54.9128678Z [90m  â”‚[39m [90mPassing:[39m      [32m9[39m                                                                                [90mâ”‚[39m
Admin UI E2E (3, chrome)	Run Cypress	2024-11-22T06:38:54.9130565Z [90m  â”‚[39m [90mFailing:[39m      [32m0[39m                                                                                [90mâ”‚[39m
Admin UI E2E (3, chrome)	Run Cypress	2024-11-22T06:38:54.9132537Z [90m  â”‚[39m [90mPending:[39m      [32m0[39m                                                                                [90mâ”‚[39m
Admin UI E2E (3, chrome)	Run Cypress	2024-11-22T06:38:54.9167478Z [90m  â”‚[39m [90mSkipped:[39m      [32m0[39m                                                                                [90mâ”‚[39m
Admin UI E2E (3, chrome)	Run Cypress	2024-11-22T06:38:54.9169365Z [90m  â”‚[39m [90mScreenshots:[39m  [32m0[39m                                                                                [90mâ”‚[39m
Admin UI E2E (3, chrome)	Run Cypress	2024-11-22T06:38:54.9171563Z [90m  â”‚[39m [90mVideo:[39m        [32mfalse[39m                                                                            [90mâ”‚[39m
Admin UI E2E (3, chrome)	Run Cypress	2024-11-22T06:38:54.9180286Z [90m  â”‚[39m [90mDuration:[39m     [32m17 seconds[39m                                                                       [90mâ”‚[39m
Admin UI E2E (3, chrome)	Run Cypress	2024-11-22T06:38:54.9187480Z [90m  â”‚[39m [90mSpec Ran:[39m     [32m[32mclient_registration_policies.spec.ts[32m[39m                                             [90mâ”‚[39m
Admin UI E2E (3, chrome)	Run Cypress	2024-11-22T06:38:54.9199114Z [90m  â””[39m[90mâ”€[39m[90mâ”€[39m[90mâ”€[39m[90mâ”€[39m[90mâ”€[39m[90mâ”€[39m[90mâ”€[39m[90mâ”€[39m[90mâ”€[39m[90mâ”€[39m[90mâ”€[39m[90mâ”€[39m[90mâ”€[39m[90mâ”€[39m[90mâ”€[39m[90mâ”€[39m[90mâ”€[39m[90mâ”€[39m[90mâ”€[39m[90mâ”€[39m[90mâ”€[39m[90mâ”€[39m[90mâ”€[39m[90mâ”€[39m[90mâ”€[39m[90mâ”€[39m[90mâ”€[39m[90mâ”€[39m[90mâ”€[39m[90mâ”€[39m[90mâ”€[39m[90mâ”€[39m[90mâ”€[39m[90mâ”€[39m[90mâ”€[39m[90mâ”€[39m[90mâ”€[39m[90mâ”€[39m[90mâ”€[39m[90mâ”€[39m[90mâ”€[39m[90mâ”€[39m[90mâ”€[39m[90mâ”€[39m[90mâ”€[39m[90mâ”€[39m[90mâ”€[39m[90mâ”€[39m[90mâ”€[39m[90mâ”€[39m[90mâ”€[39m[90mâ”€[39m[90mâ”€[39m[90mâ”€[39m[90mâ”€[39m[90mâ”€[39m[90mâ”€[39m[90mâ”€[39m[90mâ”€[39m[90mâ”€[39m[90mâ”€[39m[90mâ”€[39m[90mâ”€[39m[90mâ”€[39m[90mâ”€[39m[90mâ”€[39m[90mâ”€[39m[90mâ”€[39m[90mâ”€[39m[90mâ”€[39m[90mâ”€[39m[90mâ”€[39m[90mâ”€[39m[90mâ”€[39m[90mâ”€[39m[90mâ”€[39m[90mâ”€[39m[90mâ”€[39m[90mâ”€[39m[90mâ”€[39m[90mâ”€[39m[90mâ”€[39m[90mâ”€[39m[90mâ”€[39m[90mâ”€[39m[90mâ”€[39m[90mâ”€[39m[90mâ”€[39m[90mâ”€[39m[90mâ”€[39m[90mâ”€[39m[90mâ”€[39m[90mâ”€[39m[90mâ”€[39m[90mâ”€[39m[90mâ”€[39m[90mâ”˜[39m
Admin UI E2E (3, chrome)	Run Cypress	2024-11-22T06:38:54.9205696Z 
Admin UI E2E (3, chrome)	Run Cypress	2024-11-22T06:38:54.9208765Z 
Admin UI E2E (3, chrome)	Run Cypress	2024-11-22T06:38:54.9783431Z [90m====================================================================================================[39m
Admin UI E2E (3, chrome)	Run Cypress	2024-11-22T06:38:54.9784245Z 
Admin UI E2E (3, chrome)	Run Cypress	2024-11-22T06:38:54.9784705Z [0m  ([4m[1mRun Finished[22m[24m)[0m
Admin UI E2E (3, chrome)	Run Cypress	2024-11-22T06:38:54.9802158Z 
Admin UI E2E (3, chrome)	Run Cypress	2024-11-22T06:38:54.9802255Z 
Admin UI E2E (3, chrome)	Run Cypress	2024-11-22T06:38:54.9831529Z [90m   [39m    [90mSpec[39m                                              [90mTests[39m  [90mPassing[39m  [90mFailing[39m  [90mPending[39m  [90mSkipped[39m [90m [39m
Admin UI E2E (3, chrome)	Run Cypress	2024-11-22T06:38:54.9840076Z [90m  â”Œ[39m[90mâ”€[39m[90mâ”€[39m[90mâ”€[39m[90mâ”€[39m[90mâ”€[39m[90mâ”€[39m[90mâ”€[39m[90mâ”€[39m[90mâ”€[39m[90mâ”€[39m[90mâ”€[39m[90mâ”€[39m[90mâ”€[39m[90mâ”€[39m[90mâ”€[39m[90mâ”€[39m[90mâ”€[39m[90mâ”€[39m[90mâ”€[39m[90mâ”€[39m[90mâ”€[39m[90mâ”€[39m[90mâ”€[39m[90mâ”€[39m[90mâ”€[39m[90mâ”€[39m[90mâ”€[39m[90mâ”€[39m[90mâ”€[39m[90mâ”€[39m[90mâ”€[39m[90mâ”€[39m[90mâ”€[39m[90mâ”€[39m[90mâ”€[39m[90mâ”€[39m[90mâ”€[39m[90mâ”€[39m[90mâ”€[39m[90mâ”€[39m[90mâ”€[39m[90mâ”€[39m[90mâ”€[39m[90mâ”€[39m[90mâ”€[39m[90mâ”€[39m[90mâ”€[39m[90mâ”€[39m[90mâ”€[39m[90mâ”€[39m[90mâ”€[39m[90mâ”€[39m[90mâ”€[39m[90mâ”€[39m[90mâ”€[39m[90mâ”€[39m[90mâ”€[39m[90mâ”€[39m[90mâ”€[39m[90mâ”€[39m[90mâ”€[39m[90mâ”€[39m[90mâ”€[39m[90mâ”€[39m[90mâ”€[39m[90mâ”€[39m[90mâ”€[39m[90mâ”€[39m[90mâ”€[39m[90mâ”€[39m[90mâ”€[39m[90mâ”€[39m[90mâ”€[39m[90mâ”€[39m[90mâ”€[39m[90mâ”€[39m[90mâ”€[39m[90mâ”€[39m[90mâ”€[39m[90mâ”€[39m[90mâ”€[39m[90mâ”€[39m[90mâ”€[39m[90mâ”€[39m[90mâ”€[39m[90mâ”€[39m[90mâ”€[39m[90mâ”€[39m[90mâ”€[39m[90mâ”€[39m[90mâ”€[39m[90mâ”€[39m[90mâ”€[39m[90mâ”€[39m[90mâ”€[39m[90mâ”€[39m[90mâ”[39m
Admin UI E2E (3, chrome)	Run Cypress	2024-11-22T06:38:54.9845152Z [90m  â”‚[39m [32mâœ”[39m  [0mclients_saml_test.spec.ts[0m                [90m00:41[39m        [0m9[0m        [32m9[39m        [90m-[39m        [90m-[39m        [90m-[39m [90mâ”‚[39m
Admin UI E2E (3, chrome)	Run Cypress	2024-11-22T06:38:54.9850895Z [90m  â”œ[39m[90mâ”€[39m[90mâ”€[39m[90mâ”€[39m[90mâ”€[39m[90mâ”€[39m[90mâ”€[39m[90mâ”€[39m[90mâ”€[39m[90mâ”€[39m[90mâ”€[39m[90mâ”€[39m[90mâ”€[39m[90mâ”€[39m[90mâ”€[39m[90mâ”€[39m[90mâ”€[39m[90mâ”€[39m[90mâ”€[39m[90mâ”€[39m[90mâ”€[39m[90mâ”€[39m[90mâ”€[39m[90mâ”€[39m[90mâ”€[39m[90mâ”€[39m[90mâ”€[39m[90mâ”€[39m[90mâ”€[39m[90mâ”€[39m[90mâ”€[39m[90mâ”€[39m[90mâ”€[39m[90mâ”€[39m[90mâ”€[39m[90mâ”€[39m[90mâ”€[39m[90mâ”€[39m[90mâ”€[39m[90mâ”€[39m[90mâ”€[39m[90mâ”€[39m[90mâ”€[39m[90mâ”€[39m[90mâ”€[39m[90mâ”€[39m[90mâ”€[39m[90mâ”€[39m[90mâ”€[39m[90mâ”€[39m[90mâ”€[39m[90mâ”€[39m[90mâ”€[39m[90mâ”€[39m[90mâ”€[39m[90mâ”€[39m[90mâ”€[39m[90mâ”€[39m[90mâ”€[39m[90mâ”€[39m[90mâ”€[39m[90mâ”€[39m[90mâ”€[39m[90mâ”€[39m[90mâ”€[39m[90mâ”€[39m[90mâ”€[39m[90mâ”€[39m[90mâ”€[39m[90mâ”€[39m[90mâ”€[39m[90mâ”€[39m[90mâ”€[39m[90mâ”€[39m[90mâ”€[39m[90mâ”€[39m[90mâ”€[39m[90mâ”€[39m[90mâ”€[39m[90mâ”€[39m[90mâ”€[39m[90mâ”€[39m[90mâ”€[39m[90mâ”€[39m[90mâ”€[39m[90mâ”€[39m[90mâ”€[39m[90mâ”€[39m[90mâ”€[39m[90mâ”€[39m[90mâ”€[39m[90mâ”€[39m[90mâ”€[39m[90mâ”€[39m[90mâ”€[39m[90mâ”€[39m[90mâ”€[39m[90mâ”¤[39m
Admin UI E2E (3, chrome)	Run Cypress	2024-11-22T06:38:54.9856166Z [90m  â”‚[39m [32mâœ”[39m  [0mclients_test.spec.ts[0m                     [90m04:14[39m       [0m66[0m       [32m66[39m        [90m-[39m        [90m-[39m        [90m-[39m [90mâ”‚[39m
Admin UI E2E (3, chrome)	Run Cypress	2024-11-22T06:38:54.9864303Z [90m  â”œ[39m[90mâ”€[39m[90mâ”€[39m[90mâ”€[39m[90mâ”€[39m[90mâ”€[39m[90mâ”€[39m[90mâ”€[39m[90mâ”€[39m[90mâ”€[39m[90mâ”€[39m[90mâ”€[39m[90mâ”€[39m[90mâ”€[39m[90mâ”€[39m[90mâ”€[39m[90mâ”€[39m[90mâ”€[39m[90mâ”€[39m[90mâ”€[39m[90mâ”€[39m[90mâ”€[39m[90mâ”€[39m[90mâ”€[39m[90mâ”€[39m[90mâ”€[39m[90mâ”€[39m[90mâ”€[39m[90mâ”€[39m[90mâ”€[39m[90mâ”€[39m[90mâ”€[39m[90mâ”€[39m[90mâ”€[39m[90mâ”€[39m[90mâ”€[39m[90mâ”€[39m[90mâ”€[39m[90mâ”€[39m[90mâ”€[39m[90mâ”€[39m[90mâ”€[39m[90mâ”€[39m[90mâ”€[39m[90mâ”€[39m[90mâ”€[39m[90mâ”€[39m[90mâ”€[39m[90mâ”€[39m[90mâ”€[39m[90mâ”€[39m[90mâ”€[39m[90mâ”€[39m[90mâ”€[39m[90mâ”€[39m[90mâ”€[39m[90mâ”€[39m[90mâ”€[39m[90mâ”€[39m[90mâ”€[39m[90mâ”€[39m[90mâ”€[39m[90mâ”€[39m[90mâ”€[39m[90mâ”€[39m[90mâ”€[39m[90mâ”€[39m[90mâ”€[39m[90mâ”€[39m[90mâ”€[39m[90mâ”€[39m[90mâ”€[39m[90mâ”€[39m[90mâ”€[39m[90mâ”€[39m[90mâ”€[39m[90mâ”€[39m[90mâ”€[39m[90mâ”€[39m[90mâ”€[39m[90mâ”€[39m[90mâ”€[39m[90mâ”€[39m[90mâ”€[39m[90mâ”€[39m[90mâ”€[39m[90mâ”€[39m[90mâ”€[39m[90mâ”€[39m[90mâ”€[39m[90mâ”€[39m[90mâ”€[39m[90mâ”€[39m[90mâ”€[39m[90mâ”€[39m[90mâ”€[39m[90mâ”€[39m[90mâ”¤[39m
Admin UI E2E (3, chrome)	Run Cypress	2024-11-22T06:38:54.9871817Z [90m  â”‚[39m [32mâœ”[39m  [0mmasthead_test.spec.ts[0m                    [90m00:25[39m        [0m9[0m        [32m9[39m        [90m-[39m        [90m-[39m        [90m-[39m [90mâ”‚[39m
Admin UI E2E (3, chrome)	Run Cypress	2024-11-22T06:38:54.9883117Z [90m  â”œ[39m[90mâ”€[39m[90mâ”€[39m[90mâ”€[39m[90mâ”€[39m[90mâ”€[39m[90mâ”€[39m[90mâ”€[39m[90mâ”€[39m[90mâ”€[39m[90mâ”€[39m[90mâ”€[39m[90mâ”€[39m[90mâ”€[39m[90mâ”€[39m[90mâ”€[39m[90mâ”€[39m[90mâ”€[39m[90mâ”€[39m[90mâ”€[39m[90mâ”€[39m[90mâ”€[39m[90mâ”€[39m[90mâ”€[39m[90mâ”€[39m[90mâ”€[39m[90mâ”€[39m[90mâ”€[39m[90mâ”€[39m[90mâ”€[39m[90mâ”€[39m[90mâ”€[39m[90mâ”€[39m[90mâ”€[39m[90mâ”€[39m[90mâ”€[39m[90mâ”€[39m[90mâ”€[39m[90mâ”€[39m[90mâ”€[39m[90mâ”€[39m[90mâ”€[39m[90mâ”€[39m[90mâ”€[39m[90mâ”€[39m[90mâ”€[39m[90mâ”€[39m[90mâ”€[39m[90mâ”€[39m[90mâ”€[39m[90mâ”€[39m[90mâ”€[39m[90mâ”€[39m[90mâ”€[39m[90mâ”€[39m[90mâ”€[39m[90mâ”€[39m[90mâ”€[39m[90mâ”€[39m[90mâ”€[39m[90mâ”€[39m[90mâ”€[39m[90mâ”€[39m[90mâ”€[39m[90mâ”€[39m[90mâ”€[39m[90mâ”€[39m[90mâ”€[39m[90mâ”€[39m[90mâ”€[39m[90mâ”€[39m[90mâ”€[39m[90mâ”€[39m[90mâ”€[39m[90mâ”€[39m[90mâ”€[39m[90mâ”€[39m[90mâ”€[39m[90mâ”€[39m[90mâ”€[39m[90mâ”€[39m[90mâ”€[39m[90mâ”€[39m[90mâ”€[39m[90mâ”€[39m[90mâ”€[39m[90mâ”€[39m[90mâ”€[39m[90mâ”€[39m[90mâ”€[39m[90mâ”€[39m[90mâ”€[39m[90mâ”€[39m[90mâ”€[39m[90mâ”€[39m[90mâ”€[39m[90mâ”€[39m[90mâ”¤[39m
Admin UI E2E (3, chrome)	Run Cypress	2024-11-22T06:38:54.9890938Z [90m  â”‚[39m [32mâœ”[39m  [0mauthentication_policies_ciba.spec.t[0m      [90m00:11[39m        [0m3[0m        [32m3[39m        [90m-[39m        [90m-[39m        [90m-[39m [90mâ”‚[39m
Admin UI E2E (3, chrome)	Run Cypress	2024-11-22T06:38:54.9893442Z [90m  â”‚[39m    [0ms[0m                                                                                           [90mâ”‚[39m
Admin UI E2E (3, chrome)	Run Cypress	2024-11-22T06:38:54.9902457Z [90m  â”œ[39m[90mâ”€[39m[90mâ”€[39m[90mâ”€[39m[90mâ”€[39m[90mâ”€[39m[90mâ”€[39m[90mâ”€[39m[90mâ”€[39m[90mâ”€[39m[90mâ”€[39m[90mâ”€[39m[90mâ”€[39m[90mâ”€[39m[90mâ”€[39m[90mâ”€[39m[90mâ”€[39m[90mâ”€[39m[90mâ”€[39m[90mâ”€[39m[90mâ”€[39m[90mâ”€[39m[90mâ”€[39m[90mâ”€[39m[90mâ”€[39m[90mâ”€[39m[90mâ”€[39m[90mâ”€[39m[90mâ”€[39m[90mâ”€[39m[90mâ”€[39m[90mâ”€[39m[90mâ”€[39m[90mâ”€[39m[90mâ”€[39m[90mâ”€[39m[90mâ”€[39m[90mâ”€[39m[90mâ”€[39m[90mâ”€[39m[90mâ”€[39m[90mâ”€[39m[90mâ”€[39m[90mâ”€[39m[90mâ”€[39m[90mâ”€[39m[90mâ”€[39m[90mâ”€[39m[90mâ”€[39m[90mâ”€[39m[90mâ”€[39m[90mâ”€[39m[90mâ”€[39m[90mâ”€[39m[90mâ”€[39m[90mâ”€[39m[90mâ”€[39m[90mâ”€[39m[90mâ”€[39m[90mâ”€[39m[90mâ”€[39m[90mâ”€[39m[90mâ”€[39m[90mâ”€[39m[90mâ”€[39m[90mâ”€[39m[90mâ”€[39m[90mâ”€[39m[90mâ”€[39m[90mâ”€[39m[90mâ”€[39m[90mâ”€[39m[90mâ”€[39m[90mâ”€[39m[90mâ”€[39m[90mâ”€[39m[90mâ”€[39m[90mâ”€[39m[90mâ”€[39m[90mâ”€[39m[90mâ”€[39m[90mâ”€[39m[90mâ”€[39m[90mâ”€[39m[90mâ”€[39m[90mâ”€[39m[90mâ”€[39m[90mâ”€[39m[90mâ”€[39m[90mâ”€[39m[90mâ”€[39m[90mâ”€[39m[90mâ”€[39m[90mâ”€[39m[90mâ”€[39m[90mâ”€[39m[90mâ”€[39m[90mâ”¤[39m
Admin UI E2E (3, chrome)	Run Cypress	2024-11-22T06:38:54.9910178Z [90m  â”‚[39m [31mâœ–[39m  [0mrealm_settings_general_tab_test.spe[0m      [90m01:57[39m       [0m16[0m       [32m15[39m        [31m1[39m        [90m-[39m        [90m-[39m [90mâ”‚[39m
Admin UI E2E (3, chrome)	Run Cypress	2024-11-22T06:38:54.9912448Z [90m  â”‚[39m    [0mc.ts[0m                                                                                        [90mâ”‚[39m
Admin UI E2E (3, chrome)	Run Cypress	2024-11-22T06:38:54.9922212Z [90m  â”œ[39m[90mâ”€[39m[90mâ”€[39m[90mâ”€[39m[90mâ”€[39m[90mâ”€[39m[90mâ”€[39m[90mâ”€[39m[90mâ”€[39m[90mâ”€[39m[90mâ”€[39m[90mâ”€[39m[90mâ”€[39m[90mâ”€[39m[90mâ”€[39m[90mâ”€[39m[90mâ”€[39m[90mâ”€[39m[90mâ”€[39m[90mâ”€[39m[90mâ”€[39m[90mâ”€[39m[90mâ”€[39m[90mâ”€[39m[90mâ”€[39m[90mâ”€[39m[90mâ”€[39m[90mâ”€[39m[90mâ”€[39m[90mâ”€[39m[90mâ”€[39m[90mâ”€[39m[90mâ”€[39m[90mâ”€[39m[90mâ”€[39m[90mâ”€[39m[90mâ”€[39m[90mâ”€[39m[90mâ”€[39m[90mâ”€[39m[90mâ”€[39m[90mâ”€[39m[90mâ”€[39m[90mâ”€[39m[90mâ”€[39m[90mâ”€[39m[90mâ”€[39m[90mâ”€[39m[90mâ”€[39m[90mâ”€[39m[90mâ”€[39m[90mâ”€[39m[90mâ”€[39m[90mâ”€[39m[90mâ”€[39m[90mâ”€[39m[90mâ”€[39m[90mâ”€[39m[90mâ”€[39m[90mâ”€[39m[90mâ”€[39m[90mâ”€[39m[90mâ”€[39m[90mâ”€[39m[90mâ”€[39m[90mâ”€[39m[90mâ”€[39m[90mâ”€[39m[90mâ”€[39m[90mâ”€[39m[90mâ”€[39m[90mâ”€[39m[90mâ”€[39m[90mâ”€[39m[90mâ”€[39m[90mâ”€[39m[90mâ”€[39m[90mâ”€[39m[90mâ”€[39m[90mâ”€[39m[90mâ”€[39m[90mâ”€[39m[90mâ”€[39m[90mâ”€[39m[90mâ”€[39m[90mâ”€[39m[90mâ”€[39m[90mâ”€[39m[90mâ”€[39m[90mâ”€[39m[90mâ”€[39m[90mâ”€[39m[90mâ”€[39m[90mâ”€[39m[90mâ”€[39m[90mâ”€[39m[90mâ”€[39m[90mâ”¤[39m
Admin UI E2E (3, chrome)	Run Cypress	2024-11-22T06:38:54.9932082Z [90m  â”‚[39m [32mâœ”[39m  [0mrealm_settings_events_test.spec.ts[0m       [90m01:02[39m       [0m22[0m       [32m21[39m        [90m-[39m        [36m1[39m        [90m-[39m [90mâ”‚[39m
Admin UI E2E (3, chrome)	Run Cypress	2024-11-22T06:38:54.9942072Z [90m  â”œ[39m[90mâ”€[39m[90mâ”€[39m[90mâ”€[39m[90mâ”€[39m[90mâ”€[39m[90mâ”€[39m[90mâ”€[39m[90mâ”€[39m[90mâ”€[39m[90mâ”€[39m[90mâ”€[39m[90mâ”€[39m[90mâ”€[39m[90mâ”€[39m[90mâ”€[39m[90mâ”€[39m[90mâ”€[39m[90mâ”€[39m[90mâ”€[39m[90mâ”€[39m[90mâ”€[39m[90mâ”€[39m[90mâ”€[39m[90mâ”€[39m[90mâ”€[39m[90mâ”€[39m[90mâ”€[39m[90mâ”€[39m[90mâ”€[39m[90mâ”€[39m[90mâ”€[39m[90mâ”€[39m[90mâ”€[39m[90mâ”€[39m[90mâ”€[39m[90mâ”€[39m[90mâ”€[39m[90mâ”€[39m[90mâ”€[39m[90mâ”€[39m[90mâ”€[39m[90mâ”€[39m[90mâ”€[39m[90mâ”€[39m[90mâ”€[39m[90mâ”€[39m[90mâ”€[39m[90mâ”€[39m[90mâ”€[39m[90mâ”€[39m[90mâ”€[39m[90mâ”€[39m[90mâ”€[39m[90mâ”€[39m[90mâ”€[39m[90mâ”€[39m[90mâ”€[39m[90mâ”€[39m[90mâ”€[39m[90mâ”€[39m[90mâ”€[39m[90mâ”€[39m[90mâ”€[39m[90mâ”€[39m[90mâ”€[39m[90mâ”€[39m[90mâ”€[39m[90mâ”€[39m[90mâ”€[39m[90mâ”€[39m[90mâ”€[39m[90mâ”€[39m[90mâ”€[39m[90mâ”€[39m[90mâ”€[39m[90mâ”€[39m[90mâ”€[39m[90mâ”€[39m[90mâ”€[39m[90mâ”€[39m[90mâ”€[39m[90mâ”€[39m[90mâ”€[39m[90mâ”€[39m[90mâ”€[39m[90mâ”€[39m[90mâ”€[39m[90mâ”€[39m[90mâ”€[39m[90mâ”€[39m[90mâ”€[39m[90mâ”€[39m[90mâ”€[39m[90mâ”€[39m[90mâ”€[39m[90mâ”€[39m[90mâ”¤[39m
Admin UI E2E (3, chrome)	Run Cypress	2024-11-22T06:38:54.9949730Z [90m  â”‚[39m [32mâœ”[39m  [0mclient_registration_policies.spec.t[0m      [90m00:17[39m        [0m9[0m        [32m9[39m        [90m-[39m        [90m-[39m        [90m-[39m [90mâ”‚[39m
Admin UI E2E (3, chrome)	Run Cypress	2024-11-22T06:38:54.9951742Z [90m  â”‚[39m    [0ms[0m                                                                                           [90mâ”‚[39m
Admin UI E2E (3, chrome)	Run Cypress	2024-11-22T06:38:54.9960697Z [90m  â””[39m[90mâ”€[39m[90mâ”€[39m[90mâ”€[39m[90mâ”€[39m[90mâ”€[39m[90mâ”€[39m[90mâ”€[39m[90mâ”€[39m[90mâ”€[39m[90mâ”€[39m[90mâ”€[39m[90mâ”€[39m[90mâ”€[39m[90mâ”€[39m[90mâ”€[39m[90mâ”€[39m[90mâ”€[39m[90mâ”€[39m[90mâ”€[39m[90mâ”€[39m[90mâ”€[39m[90mâ”€[39m[90mâ”€[39m[90mâ”€[39m[90mâ”€[39m[90mâ”€[39m[90mâ”€[39m[90mâ”€[39m[90mâ”€[39m[90mâ”€[39m[90mâ”€[39m[90mâ”€[39m[90mâ”€[39m[90mâ”€[39m[90mâ”€[39m[90mâ”€[39m[90mâ”€[39m[90mâ”€[39m[90mâ”€[39m[90mâ”€[39m[90mâ”€[39m[90mâ”€[39m[90mâ”€[39m[90mâ”€[39m[90mâ”€[39m[90mâ”€[39m[90mâ”€[39m[90mâ”€[39m[90mâ”€[39m[90mâ”€[39m[90mâ”€[39m[90mâ”€[39m[90mâ”€[39m[90mâ”€[39m[90mâ”€[39m[90mâ”€[39m[90mâ”€[39m[90mâ”€[39m[90mâ”€[39m[90mâ”€[39m[90mâ”€[39m[90mâ”€[39m[90mâ”€[39m[90mâ”€[39m[90mâ”€[39m[90mâ”€[39m[90mâ”€[39m[90mâ”€[39m[90mâ”€[39m[90mâ”€[39m[90mâ”€[39m[90mâ”€[39m[90mâ”€[39m[90mâ”€[39m[90mâ”€[39m[90mâ”€[39m[90mâ”€[39m[90mâ”€[39m[90mâ”€[39m[90mâ”€[39m[90mâ”€[39m[90mâ”€[39m[90mâ”€[39m[90mâ”€[39m[90mâ”€[39m[90mâ”€[39m[90mâ”€[39m[90mâ”€[39m[90mâ”€[39m[90mâ”€[39m[90mâ”€[39m[90mâ”€[39m[90mâ”€[39m[90mâ”€[39m[90mâ”€[39m[90mâ”€[39m[90mâ”˜[39m
Admin UI E2E (3, chrome)	Run Cypress	2024-11-22T06:38:54.9969215Z [90m   [39m [31mâœ–[39m  [31m1 of 7 failed (14%)[39m                      [90m08:49[39m      [0m134[0m      [32m132[39m        [31m1[39m        [36m1[39m        [90m-[39m [90m [39m
Admin UI E2E (3, chrome)	Run Cypress	2024-11-22T06:38:54.9970292Z 
Admin UI E2E (3, chrome)	Run Cypress	2024-11-22T06:38:55.1142859Z ##[error]Cypress tests: 1 failed
Status Check - Keycloak JavaScript CI	Run /./.github/actions/status-check	2024-11-22T06:40:35.6988395Z Prepare all required actions
Status Check - Keycloak JavaScript CI	Run /./.github/actions/status-check	2024-11-22T06:40:35.7081238Z ##[group]Run ./.github/actions/status-check
Status Check - Keycloak JavaScript CI	Run /./.github/actions/status-check	2024-11-22T06:40:35.7081729Z with:
Status Check - Keycloak JavaScript CI	Run /./.github/actions/status-check	2024-11-22T06:40:35.7083526Z   jobs: {
Status Check - Keycloak JavaScript CI	Run /./.github/actions/status-check	  "conditional": {
Status Check - Keycloak JavaScript CI	Run /./.github/actions/status-check	    "result": "success",
Status Check - Keycloak JavaScript CI	Run /./.github/actions/status-check	    "outputs": {
Status Check - Keycloak JavaScript CI	Run /./.github/actions/status-check	      "js-ci": "true"
Status Check - Keycloak JavaScript CI	Run /./.github/actions/status-check	    }
Status Check - Keycloak JavaScript CI	Run /./.github/actions/status-check	  },
Status Check - Keycloak JavaScript CI	Run /./.github/actions/status-check	  "build-keycloak": {
Status Check - Keycloak JavaScript CI	Run /./.github/actions/status-check	    "result": "success",
Status Check - Keycloak JavaScript CI	Run /./.github/actions/status-check	    "outputs": {}
Status Check - Keycloak JavaScript CI	Run /./.github/actions/status-check	  },
Status Check - Keycloak JavaScript CI	Run /./.github/actions/status-check	  "admin-client": {
Status Check - Keycloak JavaScript CI	Run /./.github/actions/status-check	    "result": "success",
Status Check - Keycloak JavaScript CI	Run /./.github/actions/status-check	    "outputs": {}
Status Check - Keycloak JavaScript CI	Run /./.github/actions/status-check	  },
Status Check - Keycloak JavaScript CI	Run /./.github/actions/status-check	  "ui-shared": {
Status Check - Keycloak JavaScript CI	Run /./.github/actions/status-check	    "result": "success",
Status Check - Keycloak JavaScript CI	Run /./.github/actions/status-check	    "outputs": {}
Status Check - Keycloak JavaScript CI	Run /./.github/actions/status-check	  },
Status Check - Keycloak JavaScript CI	Run /./.github/actions/status-check	  "account-ui": {
Status Check - Keycloak JavaScript CI	Run /./.github/actions/status-check	    "result": "success",
Status Check - Keycloak JavaScript CI	Run /./.github/actions/status-check	    "outputs": {}
Status Check - Keycloak JavaScript CI	Run /./.github/actions/status-check	  },
Status Check - Keycloak JavaScript CI	Run /./.github/actions/status-check	  "account-ui-e2e": {
Status Check - Keycloak JavaScript CI	Run /./.github/actions/status-check	    "result": "success",
Status Check - Keycloak JavaScript CI	Run /./.github/actions/status-check	    "outputs": {}
Status Check - Keycloak JavaScript CI	Run /./.github/actions/status-check	  },
Status Check - Keycloak JavaScript CI	Run /./.github/actions/status-check	  "admin-ui": {
Status Check - Keycloak JavaScript CI	Run /./.github/actions/status-check	    "result": "success",
Status Check - Keycloak JavaScript CI	Run /./.github/actions/status-check	    "outputs": {}
Status Check - Keycloak JavaScript CI	Run /./.github/actions/status-check	  },
Status Check - Keycloak JavaScript CI	Run /./.github/actions/status-check	  "admin-ui-e2e": {
Status Check - Keycloak JavaScript CI	Run /./.github/actions/status-check	    "result": "failure",
Status Check - Keycloak JavaScript CI	Run /./.github/actions/status-check	    "outputs": {}
Status Check - Keycloak JavaScript CI	Run /./.github/actions/status-check	  }
Status Check - Keycloak JavaScript CI	Run /./.github/actions/status-check	}
Status Check - Keycloak JavaScript CI	Run /./.github/actions/status-check	2024-11-22T06:40:35.7085272Z env:
Status Check - Keycloak JavaScript CI	Run /./.github/actions/status-check	2024-11-22T06:40:35.7085689Z   MAVEN_ARGS: -B -nsu -Daether.connector.http.connectionMaxTtl=25
Status Check - Keycloak JavaScript CI	Run /./.github/actions/status-check	2024-11-22T06:40:35.7086290Z ##[endgroup]
Status Check - Keycloak JavaScript CI	Run /./.github/actions/status-check	2024-11-22T06:40:35.7343249Z ##[group]Run JOBS='{
Status Check - Keycloak JavaScript CI	Run /./.github/actions/status-check	2024-11-22T06:40:35.7343736Z [36;1mJOBS='{[0m
Status Check - Keycloak JavaScript CI	Run /./.github/actions/status-check	2024-11-22T06:40:35.7344319Z [36;1m  "conditional": {[0m
Status Check - Keycloak JavaScript CI	Run /./.github/actions/status-check	2024-11-22T06:40:35.7344720Z [36;1m    "result": "success",[0m
Status Check - Keycloak JavaScript CI	Run /./.github/actions/status-check	2024-11-22T06:40:35.7345209Z [36;1m    "outputs": {[0m
Status Check - Keycloak JavaScript CI	Run /./.github/actions/status-check	2024-11-22T06:40:35.7345607Z [36;1m      "js-ci": "true"[0m
Status Check - Keycloak JavaScript CI	Run /./.github/actions/status-check	2024-11-22T06:40:35.7345983Z [36;1m    }[0m
Status Check - Keycloak JavaScript CI	Run /./.github/actions/status-check	2024-11-22T06:40:35.7346396Z [36;1m  },[0m
Status Check - Keycloak JavaScript CI	Run /./.github/actions/status-check	2024-11-22T06:40:35.7346696Z [36;1m  "build-keycloak": {[0m
Status Check - Keycloak JavaScript CI	Run /./.github/actions/status-check	2024-11-22T06:40:35.7347090Z [36;1m    "result": "success",[0m
Status Check - Keycloak JavaScript CI	Run /./.github/actions/status-check	2024-11-22T06:40:35.7347585Z [36;1m    "outputs": {}[0m
Status Check - Keycloak JavaScript CI	Run /./.github/actions/status-check	2024-11-22T06:40:35.7347919Z [36;1m  },[0m
Status Check - Keycloak JavaScript CI	Run /./.github/actions/status-check	2024-11-22T06:40:35.7348246Z [36;1m  "admin-client": {[0m
Status Check - Keycloak JavaScript CI	Run /./.github/actions/status-check	2024-11-22T06:40:35.7348712Z [36;1m    "result": "success",[0m
Status Check - Keycloak JavaScript CI	Run /./.github/actions/status-check	2024-11-22T06:40:35.7349078Z [36;1m    "outputs": {}[0m
Status Check - Keycloak JavaScript CI	Run /./.github/actions/status-check	2024-11-22T06:40:35.7349443Z [36;1m  },[0m
Status Check - Keycloak JavaScript CI	Run /./.github/actions/status-check	2024-11-22T06:40:35.7349910Z [36;1m  "ui-shared": {[0m
Status Check - Keycloak JavaScript CI	Run /./.github/actions/status-check	2024-11-22T06:40:35.7350247Z [36;1m    "result": "success",[0m
Status Check - Keycloak JavaScript CI	Run /./.github/actions/status-check	2024-11-22T06:40:35.7350657Z [36;1m    "outputs": {}[0m
Status Check - Keycloak JavaScript CI	Run /./.github/actions/status-check	2024-11-22T06:40:35.7351076Z [36;1m  },[0m
Status Check - Keycloak JavaScript CI	Run /./.github/actions/status-check	2024-11-22T06:40:35.7351368Z [36;1m  "account-ui": {[0m
Status Check - Keycloak JavaScript CI	Run /./.github/actions/status-check	2024-11-22T06:40:35.7351752Z [36;1m    "result": "success",[0m
Status Check - Keycloak JavaScript CI	Run /./.github/actions/status-check	2024-11-22T06:40:35.7352204Z [36;1m    "outputs": {}[0m
Status Check - Keycloak JavaScript CI	Run /./.github/actions/status-check	2024-11-22T06:40:35.7352552Z [36;1m  },[0m
Status Check - Keycloak JavaScript CI	Run /./.github/actions/status-check	2024-11-22T06:40:35.7352856Z [36;1m  "account-ui-e2e": {[0m
Status Check - Keycloak JavaScript CI	Run /./.github/actions/status-check	2024-11-22T06:40:35.7353304Z [36;1m    "result": "success",[0m
Status Check - Keycloak JavaScript CI	Run /./.github/actions/status-check	2024-11-22T06:40:35.7353697Z [36;1m    "outputs": {}[0m
Status Check - Keycloak JavaScript CI	Run /./.github/actions/status-check	2024-11-22T06:40:35.7354026Z [36;1m  },[0m
Status Check - Keycloak JavaScript CI	Run /./.github/actions/status-check	2024-11-22T06:40:35.7354470Z [36;1m  "admin-ui": {[0m
Status Check - Keycloak JavaScript CI	Run /./.github/actions/status-check	2024-11-22T06:40:35.7354850Z [36;1m    "result": "success",[0m
Status Check - Keycloak JavaScript CI	Run /./.github/actions/status-check	2024-11-22T06:40:35.7355201Z [36;1m    "outputs": {}[0m
Status Check - Keycloak JavaScript CI	Run /./.github/actions/status-check	2024-11-22T06:40:35.7355618Z [36;1m  },[0m
Status Check - Keycloak JavaScript CI	Run /./.github/actions/status-check	2024-11-22T06:40:35.7355955Z [36;1m  "admin-ui-e2e": {[0m
Status Check - Keycloak JavaScript CI	Run /./.github/actions/status-check	2024-11-22T06:40:35.7356299Z [36;1m    "result": "failure",[0m
Status Check - Keycloak JavaScript CI	Run /./.github/actions/status-check	2024-11-22T06:40:35.7356748Z [36;1m    "outputs": {}[0m
Status Check - Keycloak JavaScript CI	Run /./.github/actions/status-check	2024-11-22T06:40:35.7357111Z [36;1m  }[0m
Status Check - Keycloak JavaScript CI	Run /./.github/actions/status-check	2024-11-22T06:40:35.7357377Z [36;1m}'[0m
Status Check - Keycloak JavaScript CI	Run /./.github/actions/status-check	2024-11-22T06:40:35.7357740Z [36;1m[0m
Status Check - Keycloak JavaScript CI	Run /./.github/actions/status-check	2024-11-22T06:40:35.7358034Z [36;1mecho "Job status:"[0m
Status Check - Keycloak JavaScript CI	Run /./.github/actions/status-check	2024-11-22T06:40:35.7358574Z [36;1mecho $JOBS | jq -r 'to_entries[] | " - \(.key): \(.value.result)"'[0m
Status Check - Keycloak JavaScript CI	Run /./.github/actions/status-check	2024-11-22T06:40:35.7359254Z [36;1m[0m
Status Check - Keycloak JavaScript CI	Run /./.github/actions/status-check	2024-11-22T06:40:35.7359720Z [36;1mfor i in $(echo $JOBS | jq -r 'to_entries[] | .value.result'); do[0m
Status Check - Keycloak JavaScript CI	Run /./.github/actions/status-check	2024-11-22T06:40:35.7360317Z [36;1m  if [ "$i" != "success" ] && [ "$i" != "skipped" ]; then[0m
Status Check - Keycloak JavaScript CI	Run /./.github/actions/status-check	2024-11-22T06:40:35.7360888Z [36;1m    echo ""[0m
Status Check - Keycloak JavaScript CI	Run /./.github/actions/status-check	2024-11-22T06:40:35.7361357Z [36;1m    echo "Status check not okay!"[0m
Status Check - Keycloak JavaScript CI	Run /./.github/actions/status-check	2024-11-22T06:40:35.7361781Z [36;1m    exit 1[0m
Status Check - Keycloak JavaScript CI	Run /./.github/actions/status-check	2024-11-22T06:40:35.7362165Z [36;1m  fi[0m
Status Check - Keycloak JavaScript CI	Run /./.github/actions/status-check	2024-11-22T06:40:35.7362472Z [36;1mdone[0m
Status Check - Keycloak JavaScript CI	Run /./.github/actions/status-check	2024-11-22T06:40:35.7458630Z shell: /usr/bin/bash --noprofile --norc -e -o pipefail {0}
Status Check - Keycloak JavaScript CI	Run /./.github/actions/status-check	2024-11-22T06:40:35.7459834Z env:
Status Check - Keycloak JavaScript CI	Run /./.github/actions/status-check	2024-11-22T06:40:35.7460295Z   MAVEN_ARGS: -B -nsu -Daether.connector.http.connectionMaxTtl=25
Status Check - Keycloak JavaScript CI	Run /./.github/actions/status-check	2024-11-22T06:40:35.7460955Z ##[endgroup]
Status Check - Keycloak JavaScript CI	Run /./.github/actions/status-check	2024-11-22T06:40:35.7610362Z Job status:
Status Check - Keycloak JavaScript CI	Run /./.github/actions/status-check	2024-11-22T06:40:35.7832066Z  - conditional: success
Status Check - Keycloak JavaScript CI	Run /./.github/actions/status-check	2024-11-22T06:40:35.7832849Z  - build-keycloak: success
Status Check - Keycloak JavaScript CI	Run /./.github/actions/status-check	2024-11-22T06:40:35.7834007Z  - admin-client: success
Status Check - Keycloak JavaScript CI	Run /./.github/actions/status-check	2024-11-22T06:40:35.7834687Z  - ui-shared: success
Status Check - Keycloak JavaScript CI	Run /./.github/actions/status-check	2024-11-22T06:40:35.7835447Z  - account-ui: success
Status Check - Keycloak JavaScript CI	Run /./.github/actions/status-check	2024-11-22T06:40:35.7835904Z  - account-ui-e2e: success
Status Check - Keycloak JavaScript CI	Run /./.github/actions/status-check	2024-11-22T06:40:35.7836312Z  - admin-ui: success
Status Check - Keycloak JavaScript CI	Run /./.github/actions/status-check	2024-11-22T06:40:35.7836790Z  - admin-ui-e2e: failure
Status Check - Keycloak JavaScript CI	Run /./.github/actions/status-check	2024-11-22T06:40:35.8042615Z 
Status Check - Keycloak JavaScript CI	Run /./.github/actions/status-check	2024-11-22T06:40:35.8042950Z Status check not okay!
Status Check - Keycloak JavaScript CI	Run /./.github/actions/status-check	2024-11-22T06:40:35.8056783Z ##[error]Process completed with exit code 1.
