Account UI E2E	Run Playwright tests	2024-10-22T17:58:25.8650355Z ##[group]Run pnpm --fail-if-no-match --filter @keycloak/keycloak-account-ui test
Account UI E2E	Run Playwright tests	2024-10-22T17:58:25.8651100Z [36;1mpnpm --fail-if-no-match --filter @keycloak/keycloak-account-ui test[0m
Account UI E2E	Run Playwright tests	2024-10-22T17:58:25.8710182Z shell: /usr/bin/bash --noprofile --norc -e -o pipefail {0}
Account UI E2E	Run Playwright tests	2024-10-22T17:58:25.8710609Z env:
Account UI E2E	Run Playwright tests	2024-10-22T17:58:25.8710955Z   MAVEN_ARGS: -B -nsu -Daether.connector.http.connectionMaxTtl=25
Account UI E2E	Run Playwright tests	2024-10-22T17:58:25.8711447Z   WORKSPACE: @keycloak/keycloak-account-ui
Account UI E2E	Run Playwright tests	2024-10-22T17:58:25.8711950Z   JAVA_HOME: /opt/hostedtoolcache/Java_Temurin-Hotspot_jdk/21.0.4-7/x64
Account UI E2E	Run Playwright tests	2024-10-22T17:58:25.8712559Z   JAVA_HOME_21_X64: /opt/hostedtoolcache/Java_Temurin-Hotspot_jdk/21.0.4-7/x64
Account UI E2E	Run Playwright tests	2024-10-22T17:58:25.8713023Z ##[endgroup]
Account UI E2E	Run Playwright tests	2024-10-22T17:58:26.2490285Z 
Account UI E2E	Run Playwright tests	2024-10-22T17:58:26.2492444Z > @keycloak/keycloak-account-ui@999.0.0-SNAPSHOT test /home/runner/work/keycloak/keycloak/js/apps/account-ui
Account UI E2E	Run Playwright tests	2024-10-22T17:58:26.2493777Z > wireit
Account UI E2E	Run Playwright tests	2024-10-22T17:58:26.2494022Z 
Account UI E2E	Run Playwright tests	2024-10-22T17:58:26.3604645Z Analyzing
Account UI E2E	Run Playwright tests	2024-10-22T17:58:27.3620010Z   0% [0 / 2] [1 running] ../../libs/keycloak-admin-client:build
Account UI E2E	Run Playwright tests	2024-10-22T17:58:29.2833395Z (node:5580) ExperimentalWarning: Importing JSON modules is an experimental feature and might change at any time
Account UI E2E	Run Playwright tests	2024-10-22T17:58:29.2834619Z (Use `node --trace-warnings ...` to show where the warning was created)
Account UI E2E	Run Playwright tests	2024-10-22T17:58:30.6243932Z 
Account UI E2E	Run Playwright tests	2024-10-22T17:58:30.6244703Z Running 26 tests using 1 worker
Account UI E2E	Run Playwright tests	2024-10-22T17:58:31.0974861Z (node:5599) ExperimentalWarning: Importing JSON modules is an experimental feature and might change at any time
Account UI E2E	Run Playwright tests	2024-10-22T17:58:31.0976395Z (Use `node --trace-warnings ...` to show where the warning was created)
Account UI E2E	Run Playwright tests	2024-10-22T17:58:42.7687493Z (node:5612) ExperimentalWarning: Importing JSON modules is an experimental feature and might change at any time
Account UI E2E	Run Playwright tests	2024-10-22T17:58:42.7689833Z (Use `node --trace-warnings ...` to show where the warning was created)
Account UI E2E	Run Playwright tests	2024-10-22T17:59:57.7339570Z (node:6112) ExperimentalWarning: Importing JSON modules is an experimental feature and might change at any time
Account UI E2E	Run Playwright tests	2024-10-22T17:59:57.7342963Z (Use `node --trace-warnings ...` to show where the warning was created)
Account UI E2E	Run Playwright tests	2024-10-22T17:59:59.3024793Z TypeError: Cannot destructure property 'id' of 'users[0]' as it is undefined.
Account UI E2E	Run Playwright tests	2024-10-22T17:59:59.3026933Z     at deleteUser [90m(file:///home/runner/work/keycloak/keycloak/js/apps/account-ui/[39mtest/admin-client.ts:130:13[90m)[39m
Account UI E2E	Run Playwright tests	2024-10-22T17:59:59.3028921Z [90m    at processTicksAndRejections (node:internal/process/task_queues:95:5)[39m
Account UI E2E	Run Playwright tests	2024-10-22T17:59:59.3030790Z     at inRealm [90m(file:///home/runner/work/keycloak/keycloak/js/apps/account-ui/[39mtest/admin-client.ts:37:12[90m)[39m
Account UI E2E	Run Playwright tests	2024-10-22T17:59:59.3033020Z     at [90mfile:///home/runner/work/keycloak/keycloak/js/apps/account-ui/[39mtest/personal-info/personal-info.spec.ts:20:29
Account UI E2E	Run Playwright tests	2024-10-22T17:59:59.3035596Z     at /home/runner/work/keycloak/keycloak/node_modules/[4m.pnpm[24m/playwright@1.47.2/node_modules/[4mplaywright[24m/lib/worker/fixtureRunner.js:250:7
Account UI E2E	Run Playwright tests	2024-10-22T17:59:59.3038278Z     at /home/runner/work/keycloak/keycloak/node_modules/[4m.pnpm[24m/playwright@1.47.2/node_modules/[4mplaywright[24m/lib/worker/testInfo.js:285:11
Account UI E2E	Run Playwright tests	2024-10-22T17:59:59.3041261Z     at TimeoutManager.withRunnable (/home/runner/work/keycloak/keycloak/node_modules/[4m.pnpm[24m/playwright@1.47.2/node_modules/[4mplaywright[24m/lib/worker/timeoutManager.js:64:14)
Account UI E2E	Run Playwright tests	2024-10-22T17:59:59.3044352Z     at TestInfoImpl._runAsStage (/home/runner/work/keycloak/keycloak/node_modules/[4m.pnpm[24m/playwright@1.47.2/node_modules/[4mplaywright[24m/lib/worker/testInfo.js:283:7)
Account UI E2E	Run Playwright tests	2024-10-22T17:59:59.3047698Z     at FixtureRunner.resolveParametersAndRunFunction (/home/runner/work/keycloak/keycloak/node_modules/[4m.pnpm[24m/playwright@1.47.2/node_modules/[4mplaywright[24m/lib/worker/fixtureRunner.js:246:5)
Account UI E2E	Run Playwright tests	2024-10-22T17:59:59.3050732Z     at /home/runner/work/keycloak/keycloak/node_modules/[4m.pnpm[24m/playwright@1.47.2/node_modules/[4mplaywright[24m/lib/worker/workerMain.js:534:13
Account UI E2E	Run Playwright tests	2024-10-22T17:59:59.3053345Z     at /home/runner/work/keycloak/keycloak/node_modules/[4m.pnpm[24m/playwright@1.47.2/node_modules/[4mplaywright[24m/lib/worker/testInfo.js:285:11
Account UI E2E	Run Playwright tests	2024-10-22T17:59:59.3057032Z     at TimeoutManager.withRunnable (/home/runner/work/keycloak/keycloak/node_modules/[4m.pnpm[24m/playwright@1.47.2/node_modules/[4mplaywright[24m/lib/worker/timeoutManager.js:52:27)
Account UI E2E	Run Playwright tests	2024-10-22T17:59:59.3060423Z     at TestInfoImpl._runAsStage (/home/runner/work/keycloak/keycloak/node_modules/[4m.pnpm[24m/playwright@1.47.2/node_modules/[4mplaywright[24m/lib/worker/testInfo.js:283:7)
Account UI E2E	Run Playwright tests	2024-10-22T17:59:59.3063517Z     at WorkerMain._runAllHooksForSuite (/home/runner/work/keycloak/keycloak/node_modules/[4m.pnpm[24m/playwright@1.47.2/node_modules/[4mplaywright[24m/lib/worker/workerMain.js:515:9)
Account UI E2E	Run Playwright tests	2024-10-22T17:59:59.3066785Z     at WorkerMain._runAfterAllHooksForSuite (/home/runner/work/keycloak/keycloak/node_modules/[4m.pnpm[24m/playwright@1.47.2/node_modules/[4mplaywright[24m/lib/worker/workerMain.js:564:5)
Account UI E2E	Run Playwright tests	2024-10-22T17:59:59.3069731Z     at /home/runner/work/keycloak/keycloak/node_modules/[4m.pnpm[24m/playwright@1.47.2/node_modules/[4mplaywright[24m/lib/worker/workerMain.js:402:13
Account UI E2E	Run Playwright tests	2024-10-22T17:59:59.3072305Z     at /home/runner/work/keycloak/keycloak/node_modules/[4m.pnpm[24m/playwright@1.47.2/node_modules/[4mplaywright[24m/lib/worker/testInfo.js:285:11
Account UI E2E	Run Playwright tests	2024-10-22T17:59:59.3074350Z     at TimeoutManager.withRunnable (/home/runner/work/keycloak/keycloak/node_modules/[4m.pnpm[24m/playwright@1.47.2/node_modules/[4mplaywright[24m/lib/worker/timeoutManager.js:52:27)
Account UI E2E	Run Playwright tests	2024-10-22T17:59:59.3076082Z     at TestInfoImpl._runAsStage (/home/runner/work/keycloak/keycloak/node_modules/[4m.pnpm[24m/playwright@1.47.2/node_modules/[4mplaywright[24m/lib/worker/testInfo.js:283:7)
Account UI E2E	Run Playwright tests	2024-10-22T17:59:59.3077733Z     at WorkerMain._runTest (/home/runner/work/keycloak/keycloak/node_modules/[4m.pnpm[24m/playwright@1.47.2/node_modules/[4mplaywright[24m/lib/worker/workerMain.js:354:5)
Account UI E2E	Run Playwright tests	2024-10-22T17:59:59.3079790Z     at WorkerMain.runTestGroup (/home/runner/work/keycloak/keycloak/node_modules/[4m.pnpm[24m/playwright@1.47.2/node_modules/[4mplaywright[24m/lib/worker/workerMain.js:204:11)
Account UI E2E	Run Playwright tests	2024-10-22T17:59:59.3082508Z     at process.<anonymous> (/home/runner/work/keycloak/keycloak/node_modules/[4m.pnpm[24m/playwright@1.47.2/node_modules/[4mplaywright[24m/lib/common/process.js:95:22)
Account UI E2E	Run Playwright tests	2024-10-22T18:00:10.5329805Z Â·Â·Â·Â·Â·Â·Â·Â·Â·Â·Â·Â·Â·Â·Â·Ã—Â·Â·Â±Â°Â·Â·Â±Â°Â°Â·Â·Â·Â·Â·Â·Â·Â·Â·
Account UI E2E	Run Playwright tests	2024-10-22T18:00:10.5335641Z 
Account UI E2E	Run Playwright tests	2024-10-22T18:00:10.5353294Z   1) [chromium] â€º my-resources.spec.ts:55:3 â€º My resources page â€º One is shared with alice â”€â”€â”€â”€â”€â”€â”€â”€â”€
Account UI E2E	Run Playwright tests	2024-10-22T18:00:10.5354302Z 
Account UI E2E	Run Playwright tests	2024-10-22T18:00:10.5355386Z     Error: [2mexpect([22m[31mreceived[39m[2m).[22mtoEqual[2m([22m[32mexpected[39m[2m) // deep equality[22m
Account UI E2E	Run Playwright tests	2024-10-22T18:00:10.5356292Z 
Account UI E2E	Run Playwright tests	2024-10-22T18:00:10.5356601Z     [32m- Expected  - 3[39m
Account UI E2E	Run Playwright tests	2024-10-22T18:00:10.5357233Z     [31m+ Received  + 1[39m
Account UI E2E	Run Playwright tests	2024-10-22T18:00:10.5364696Z 
Account UI E2E	Run Playwright tests	2024-10-22T18:00:10.5365055Z     [32m- Array [[39m
Account UI E2E	Run Playwright tests	2024-10-22T18:00:10.5365627Z     [32m-   "one",[39m
Account UI E2E	Run Playwright tests	2024-10-22T18:00:10.5368597Z     [32m- ][39m
Account UI E2E	Run Playwright tests	2024-10-22T18:00:10.5369448Z     [31m+ Array [][39m
Account UI E2E	Run Playwright tests	2024-10-22T18:00:10.5372946Z 
Account UI E2E	Run Playwright tests	2024-10-22T18:00:10.5373537Z       59 |     await page.getByTestId("sharedWithMe").click();
Account UI E2E	Run Playwright tests	2024-10-22T18:00:10.5378357Z       60 |     const rowData = await page.getByTestId("row[0].name").allTextContents();
Account UI E2E	Run Playwright tests	2024-10-22T18:00:10.5379626Z     > 61 |     expect(rowData).toEqual(["one"]);
Account UI E2E	Run Playwright tests	2024-10-22T18:00:10.5382242Z          |                     ^
Account UI E2E	Run Playwright tests	2024-10-22T18:00:10.5382776Z       62 |   });
Account UI E2E	Run Playwright tests	2024-10-22T18:00:10.5383163Z       63 | });
Account UI E2E	Run Playwright tests	2024-10-22T18:00:10.5383521Z       64 |
Account UI E2E	Run Playwright tests	2024-10-22T18:00:10.5383771Z 
Account UI E2E	Run Playwright tests	2024-10-22T18:00:10.5384718Z         at /home/runner/work/keycloak/keycloak/js/apps/account-ui/test/my-resources.spec.ts:61:21
Account UI E2E	Run Playwright tests	2024-10-22T18:00:10.5385615Z 
Account UI E2E	Run Playwright tests	2024-10-22T18:00:10.5386551Z   2) [chromium] â€º my-resources.spec.ts:23:3 â€º My resources page â€º Share one with alice â”€â”€â”€â”€â”€â”€â”€â”€â”€â”€â”€â”€â”€
Account UI E2E	Run Playwright tests	2024-10-22T18:00:10.5387456Z 
Account UI E2E	Run Playwright tests	2024-10-22T18:00:10.5388294Z     Retry #1 â”€â”€â”€â”€â”€â”€â”€â”€â”€â”€â”€â”€â”€â”€â”€â”€â”€â”€â”€â”€â”€â”€â”€â”€â”€â”€â”€â”€â”€â”€â”€â”€â”€â”€â”€â”€â”€â”€â”€â”€â”€â”€â”€â”€â”€â”€â”€â”€â”€â”€â”€â”€â”€â”€â”€â”€â”€â”€â”€â”€â”€â”€â”€â”€â”€â”€â”€â”€â”€â”€â”€â”€â”€â”€â”€â”€â”€â”€â”€â”€â”€â”€â”€â”€â”€â”€â”€
Account UI E2E	Run Playwright tests	2024-10-22T18:00:10.5389530Z 
Account UI E2E	Run Playwright tests	2024-10-22T18:00:10.5390548Z     Error: [31mTimed out 20000ms waiting for [39m[2mexpect([22m[31mlocator[39m[2m).[22mtoBeVisible[2m()[22m
Account UI E2E	Run Playwright tests	2024-10-22T18:00:10.5391464Z 
Account UI E2E	Run Playwright tests	2024-10-22T18:00:10.5391902Z     Locator: getByText('This resource is not shared.')
Account UI E2E	Run Playwright tests	2024-10-22T18:00:10.5392541Z     Expected: visible
Account UI E2E	Run Playwright tests	2024-10-22T18:00:10.5393038Z     Received: <element(s) not found>
Account UI E2E	Run Playwright tests	2024-10-22T18:00:10.5393600Z     Call log:
Account UI E2E	Run Playwright tests	2024-10-22T18:00:10.5394309Z       [2m- expect.toBeVisible with timeout 20000ms[22m
Account UI E2E	Run Playwright tests	2024-10-22T18:00:10.5395429Z     [2m  - waiting for getByText('This resource is not shared.')[22m
Account UI E2E	Run Playwright tests	2024-10-22T18:00:10.5396085Z 
Account UI E2E	Run Playwright tests	2024-10-22T18:00:10.5396102Z 
Account UI E2E	Run Playwright tests	2024-10-22T18:00:10.5396262Z       26 |
Account UI E2E	Run Playwright tests	2024-10-22T18:00:10.5396953Z       27 |     await page.getByTestId("expand-one").click();
Account UI E2E	Run Playwright tests	2024-10-22T18:00:10.5398189Z     > 28 |     await expect(page.getByText("This resource is not shared.")).toBeVisible();
Account UI E2E	Run Playwright tests	2024-10-22T18:00:10.5399295Z          |                                                                  ^
Account UI E2E	Run Playwright tests	2024-10-22T18:00:10.5399942Z       29 |
Account UI E2E	Run Playwright tests	2024-10-22T18:00:10.5409932Z       30 |     await page.getByTestId("share-one").click();
Account UI E2E	Run Playwright tests	2024-10-22T18:00:10.5410813Z       31 |     await page.getByTestId("users").click();
Account UI E2E	Run Playwright tests	2024-10-22T18:00:10.5411342Z 
Account UI E2E	Run Playwright tests	2024-10-22T18:00:10.5412251Z         at /home/runner/work/keycloak/keycloak/js/apps/account-ui/test/my-resources.spec.ts:28:66
Account UI E2E	Run Playwright tests	2024-10-22T18:00:10.5413133Z 
Account UI E2E	Run Playwright tests	2024-10-22T18:00:10.5414030Z     attachment #1: trace (application/zip) â”€â”€â”€â”€â”€â”€â”€â”€â”€â”€â”€â”€â”€â”€â”€â”€â”€â”€â”€â”€â”€â”€â”€â”€â”€â”€â”€â”€â”€â”€â”€â”€â”€â”€â”€â”€â”€â”€â”€â”€â”€â”€â”€â”€â”€â”€â”€â”€â”€â”€â”€â”€â”€â”€â”€â”€â”€
Account UI E2E	Run Playwright tests	2024-10-22T18:00:10.5415658Z     test-results/my-resources-My-resources-page-Share-one-with-alice-chromium-retry1/trace.zip
Account UI E2E	Run Playwright tests	2024-10-22T18:00:10.5416708Z     Usage:
Account UI E2E	Run Playwright tests	2024-10-22T18:00:10.5416912Z 
Account UI E2E	Run Playwright tests	2024-10-22T18:00:10.5419594Z         pnpm exec playwright show-trace test-results/my-resources-My-resources-page-Share-one-with-alice-chromium-retry1/trace.zip
Account UI E2E	Run Playwright tests	2024-10-22T18:00:10.5421125Z 
Account UI E2E	Run Playwright tests	2024-10-22T18:00:10.5421850Z     â”€â”€â”€â”€â”€â”€â”€â”€â”€â”€â”€â”€â”€â”€â”€â”€â”€â”€â”€â”€â”€â”€â”€â”€â”€â”€â”€â”€â”€â”€â”€â”€â”€â”€â”€â”€â”€â”€â”€â”€â”€â”€â”€â”€â”€â”€â”€â”€â”€â”€â”€â”€â”€â”€â”€â”€â”€â”€â”€â”€â”€â”€â”€â”€â”€â”€â”€â”€â”€â”€â”€â”€â”€â”€â”€â”€â”€â”€â”€â”€â”€â”€â”€â”€â”€â”€â”€â”€â”€â”€â”€â”€â”€â”€â”€â”€
Account UI E2E	Run Playwright tests	2024-10-22T18:00:10.5422499Z 
Account UI E2E	Run Playwright tests	2024-10-22T18:00:10.5423271Z     Retry #2 â”€â”€â”€â”€â”€â”€â”€â”€â”€â”€â”€â”€â”€â”€â”€â”€â”€â”€â”€â”€â”€â”€â”€â”€â”€â”€â”€â”€â”€â”€â”€â”€â”€â”€â”€â”€â”€â”€â”€â”€â”€â”€â”€â”€â”€â”€â”€â”€â”€â”€â”€â”€â”€â”€â”€â”€â”€â”€â”€â”€â”€â”€â”€â”€â”€â”€â”€â”€â”€â”€â”€â”€â”€â”€â”€â”€â”€â”€â”€â”€â”€â”€â”€â”€â”€â”€â”€
Account UI E2E	Run Playwright tests	2024-10-22T18:00:10.5424027Z 
Account UI E2E	Run Playwright tests	2024-10-22T18:00:10.5424999Z     Error: [31mTimed out 20000ms waiting for [39m[2mexpect([22m[31mlocator[39m[2m).[22mtoBeVisible[2m()[22m
Account UI E2E	Run Playwright tests	2024-10-22T18:00:10.5425921Z 
Account UI E2E	Run Playwright tests	2024-10-22T18:00:10.5426370Z     Locator: getByText('This resource is not shared.')
Account UI E2E	Run Playwright tests	2024-10-22T18:00:10.5427060Z     Expected: visible
Account UI E2E	Run Playwright tests	2024-10-22T18:00:10.5427575Z     Received: <element(s) not found>
Account UI E2E	Run Playwright tests	2024-10-22T18:00:10.5428139Z     Call log:
Account UI E2E	Run Playwright tests	2024-10-22T18:00:10.5428879Z       [2m- expect.toBeVisible with timeout 20000ms[22m
Account UI E2E	Run Playwright tests	2024-10-22T18:00:10.5429970Z     [2m  - waiting for getByText('This resource is not shared.')[22m
Account UI E2E	Run Playwright tests	2024-10-22T18:00:10.5431525Z     [2m  -   locator resolved to <div data-testid="shared-with-none">This resource is not shared.</div>[22m
Account UI E2E	Run Playwright tests	2024-10-22T18:00:10.5432925Z     [2m  -   unexpected value "hidden"[22m
Account UI E2E	Run Playwright tests	2024-10-22T18:00:10.5434303Z     [2m  -   locator resolved to <div data-testid="shared-with-none">This resource is not shared.</div>[22m
Account UI E2E	Run Playwright tests	2024-10-22T18:00:10.5435544Z     [2m  -   unexpected value "hidden"[22m
Account UI E2E	Run Playwright tests	2024-10-22T18:00:10.5436006Z 
Account UI E2E	Run Playwright tests	2024-10-22T18:00:10.5436022Z 
Account UI E2E	Run Playwright tests	2024-10-22T18:00:10.5436175Z       26 |
Account UI E2E	Run Playwright tests	2024-10-22T18:00:10.5436860Z       27 |     await page.getByTestId("expand-one").click();
Account UI E2E	Run Playwright tests	2024-10-22T18:00:10.5437966Z     > 28 |     await expect(page.getByText("This resource is not shared.")).toBeVisible();
Account UI E2E	Run Playwright tests	2024-10-22T18:00:10.5438994Z          |                                                                  ^
Account UI E2E	Run Playwright tests	2024-10-22T18:00:10.5439623Z       29 |
Account UI E2E	Run Playwright tests	2024-10-22T18:00:10.5440322Z       30 |     await page.getByTestId("share-one").click();
Account UI E2E	Run Playwright tests	2024-10-22T18:00:10.5441161Z       31 |     await page.getByTestId("users").click();
Account UI E2E	Run Playwright tests	2024-10-22T18:00:10.5441658Z 
Account UI E2E	Run Playwright tests	2024-10-22T18:00:10.5442550Z         at /home/runner/work/keycloak/keycloak/js/apps/account-ui/test/my-resources.spec.ts:28:66
Account UI E2E	Run Playwright tests	2024-10-22T18:00:10.5443749Z 
Account UI E2E	Run Playwright tests	2024-10-22T18:00:10.5443915Z   1 failed
Account UI E2E	Run Playwright tests	2024-10-22T18:00:10.5445054Z     [chromium] â€º my-resources.spec.ts:55:3 â€º My resources page â€º One is shared with alice â”€â”€â”€â”€â”€â”€â”€â”€â”€â”€
Account UI E2E	Run Playwright tests	2024-10-22T18:00:10.5446049Z   1 flaky
Account UI E2E	Run Playwright tests	2024-10-22T18:00:10.5447126Z     [chromium] â€º my-resources.spec.ts:23:3 â€º My resources page â€º Share one with alice â”€â”€â”€â”€â”€â”€â”€â”€â”€â”€â”€â”€â”€â”€
Account UI E2E	Run Playwright tests	2024-10-22T18:00:10.5448121Z   1 skipped
Account UI E2E	Run Playwright tests	2024-10-22T18:00:10.5448527Z   23 passed (1.7m)
Account UI E2E	Run Playwright tests	2024-10-22T18:00:10.5498222Z ##[error]  1) [chromium] â€º my-resources.spec.ts:55:3 â€º My resources page â€º One is shared with alice â”€â”€â”€â”€â”€â”€â”€â”€â”€
Account UI E2E	Run Playwright tests	    Error: expect(received).toEqual(expected) // deep equality
Account UI E2E	Run Playwright tests	
Account UI E2E	Run Playwright tests	    - Expected  - 3
Account UI E2E	Run Playwright tests	    + Received  + 1
Account UI E2E	Run Playwright tests	
Account UI E2E	Run Playwright tests	    - Array [
Account UI E2E	Run Playwright tests	    -   "one",
Account UI E2E	Run Playwright tests	    - ]
Account UI E2E	Run Playwright tests	    + Array []
Account UI E2E	Run Playwright tests	
Account UI E2E	Run Playwright tests	      59 |     await page.getByTestId("sharedWithMe").click();
Account UI E2E	Run Playwright tests	      60 |     const rowData = await page.getByTestId("row[0].name").allTextContents();
Account UI E2E	Run Playwright tests	    > 61 |     expect(rowData).toEqual(["one"]);
Account UI E2E	Run Playwright tests	         |                     ^
Account UI E2E	Run Playwright tests	      62 |   });
Account UI E2E	Run Playwright tests	      63 | });
Account UI E2E	Run Playwright tests	      64 |
Account UI E2E	Run Playwright tests	
Account UI E2E	Run Playwright tests	        at /home/runner/work/keycloak/keycloak/js/apps/account-ui/test/my-resources.spec.ts:61:21
Account UI E2E	Run Playwright tests	2024-10-22T18:00:10.5523886Z ##[error]  2) [chromium] â€º my-resources.spec.ts:23:3 â€º My resources page â€º Share one with alice â”€â”€â”€â”€â”€â”€â”€â”€â”€â”€â”€â”€â”€
Account UI E2E	Run Playwright tests	
Account UI E2E	Run Playwright tests	    Retry #1 â”€â”€â”€â”€â”€â”€â”€â”€â”€â”€â”€â”€â”€â”€â”€â”€â”€â”€â”€â”€â”€â”€â”€â”€â”€â”€â”€â”€â”€â”€â”€â”€â”€â”€â”€â”€â”€â”€â”€â”€â”€â”€â”€â”€â”€â”€â”€â”€â”€â”€â”€â”€â”€â”€â”€â”€â”€â”€â”€â”€â”€â”€â”€â”€â”€â”€â”€â”€â”€â”€â”€â”€â”€â”€â”€â”€â”€â”€â”€â”€â”€â”€â”€â”€â”€â”€â”€
Account UI E2E	Run Playwright tests	    Error: Timed out 20000ms waiting for expect(locator).toBeVisible()
Account UI E2E	Run Playwright tests	
Account UI E2E	Run Playwright tests	    Locator: getByText('This resource is not shared.')
Account UI E2E	Run Playwright tests	    Expected: visible
Account UI E2E	Run Playwright tests	    Received: <element(s) not found>
Account UI E2E	Run Playwright tests	    Call log:
Account UI E2E	Run Playwright tests	      - expect.toBeVisible with timeout 20000ms
Account UI E2E	Run Playwright tests	      - waiting for getByText('This resource is not shared.')
Account UI E2E	Run Playwright tests	
Account UI E2E	Run Playwright tests	
Account UI E2E	Run Playwright tests	      26 |
Account UI E2E	Run Playwright tests	      27 |     await page.getByTestId("expand-one").click();
Account UI E2E	Run Playwright tests	    > 28 |     await expect(page.getByText("This resource is not shared.")).toBeVisible();
Account UI E2E	Run Playwright tests	         |                                                                  ^
Account UI E2E	Run Playwright tests	      29 |
Account UI E2E	Run Playwright tests	      30 |     await page.getByTestId("share-one").click();
Account UI E2E	Run Playwright tests	      31 |     await page.getByTestId("users").click();
Account UI E2E	Run Playwright tests	
Account UI E2E	Run Playwright tests	        at /home/runner/work/keycloak/keycloak/js/apps/account-ui/test/my-resources.spec.ts:28:66
Account UI E2E	Run Playwright tests	2024-10-22T18:00:10.5545042Z ##[error]  2) [chromium] â€º my-resources.spec.ts:23:3 â€º My resources page â€º Share one with alice â”€â”€â”€â”€â”€â”€â”€â”€â”€â”€â”€â”€â”€
Account UI E2E	Run Playwright tests	
Account UI E2E	Run Playwright tests	    Retry #2 â”€â”€â”€â”€â”€â”€â”€â”€â”€â”€â”€â”€â”€â”€â”€â”€â”€â”€â”€â”€â”€â”€â”€â”€â”€â”€â”€â”€â”€â”€â”€â”€â”€â”€â”€â”€â”€â”€â”€â”€â”€â”€â”€â”€â”€â”€â”€â”€â”€â”€â”€â”€â”€â”€â”€â”€â”€â”€â”€â”€â”€â”€â”€â”€â”€â”€â”€â”€â”€â”€â”€â”€â”€â”€â”€â”€â”€â”€â”€â”€â”€â”€â”€â”€â”€â”€â”€
Account UI E2E	Run Playwright tests	    Error: Timed out 20000ms waiting for expect(locator).toBeVisible()
Account UI E2E	Run Playwright tests	
Account UI E2E	Run Playwright tests	    Locator: getByText('This resource is not shared.')
Account UI E2E	Run Playwright tests	    Expected: visible
Account UI E2E	Run Playwright tests	    Received: <element(s) not found>
Account UI E2E	Run Playwright tests	    Call log:
Account UI E2E	Run Playwright tests	      - expect.toBeVisible with timeout 20000ms
Account UI E2E	Run Playwright tests	      - waiting for getByText('This resource is not shared.')
Account UI E2E	Run Playwright tests	      -   locator resolved to <div data-testid="shared-with-none">This resource is not shared.</div>
Account UI E2E	Run Playwright tests	      -   unexpected value "hidden"
Account UI E2E	Run Playwright tests	      -   locator resolved to <div data-testid="shared-with-none">This resource is not shared.</div>
Account UI E2E	Run Playwright tests	      -   unexpected value "hidden"
Account UI E2E	Run Playwright tests	
Account UI E2E	Run Playwright tests	
Account UI E2E	Run Playwright tests	      26 |
Account UI E2E	Run Playwright tests	      27 |     await page.getByTestId("expand-one").click();
Account UI E2E	Run Playwright tests	    > 28 |     await expect(page.getByText("This resource is not shared.")).toBeVisible();
Account UI E2E	Run Playwright tests	         |                                                                  ^
Account UI E2E	Run Playwright tests	      29 |
Account UI E2E	Run Playwright tests	      30 |     await page.getByTestId("share-one").click();
Account UI E2E	Run Playwright tests	      31 |     await page.getByTestId("users").click();
Account UI E2E	Run Playwright tests	
Account UI E2E	Run Playwright tests	        at /home/runner/work/keycloak/keycloak/js/apps/account-ui/test/my-resources.spec.ts:28:66
Account UI E2E	Run Playwright tests	2024-10-22T18:00:10.5559929Z ##[notice]  1 failed
Account UI E2E	Run Playwright tests	    [chromium] â€º my-resources.spec.ts:55:3 â€º My resources page â€º One is shared with alice â”€â”€â”€â”€â”€â”€â”€â”€â”€â”€
Account UI E2E	Run Playwright tests	  1 flaky
Account UI E2E	Run Playwright tests	    [chromium] â€º my-resources.spec.ts:23:3 â€º My resources page â€º Share one with alice â”€â”€â”€â”€â”€â”€â”€â”€â”€â”€â”€â”€â”€â”€
Account UI E2E	Run Playwright tests	  1 skipped
Account UI E2E	Run Playwright tests	  23 passed (1.7m)
Account UI E2E	Run Playwright tests	2024-10-22T18:00:10.5922981Z 
Account UI E2E	Run Playwright tests	2024-10-22T18:00:10.5924192Z âŒ [test] exited with exit code 1.
Account UI E2E	Run Playwright tests	2024-10-22T18:00:10.5928416Z âŒ 1 script failed.
Account UI E2E	Run Playwright tests	2024-10-22T18:00:10.6006726Z /home/runner/work/keycloak/keycloak/js/apps/account-ui:
Account UI E2E	Run Playwright tests	2024-10-22T18:00:10.6007874Z â€‰ERR_PNPM_RECURSIVE_RUN_FIRST_FAILâ€‰ @keycloak/keycloak-account-ui@999.0.0-SNAPSHOT test: `wireit`
Account UI E2E	Run Playwright tests	2024-10-22T18:00:10.6008513Z Exit status 1
Account UI E2E	Run Playwright tests	2024-10-22T18:00:10.6220576Z ##[error]Process completed with exit code 1.
Status Check - Keycloak JavaScript CI	Run /./.github/actions/status-check	2024-10-22T18:09:31.5390143Z Prepare all required actions
Status Check - Keycloak JavaScript CI	Run /./.github/actions/status-check	2024-10-22T18:09:31.5480219Z ##[group]Run ./.github/actions/status-check
Status Check - Keycloak JavaScript CI	Run /./.github/actions/status-check	2024-10-22T18:09:31.5480716Z with:
Status Check - Keycloak JavaScript CI	Run /./.github/actions/status-check	2024-10-22T18:09:31.5482443Z   jobs: {
Status Check - Keycloak JavaScript CI	Run /./.github/actions/status-check	  "conditional": {
Status Check - Keycloak JavaScript CI	Run /./.github/actions/status-check	    "result": "success",
Status Check - Keycloak JavaScript CI	Run /./.github/actions/status-check	    "outputs": {
Status Check - Keycloak JavaScript CI	Run /./.github/actions/status-check	      "js-ci": "true"
Status Check - Keycloak JavaScript CI	Run /./.github/actions/status-check	    }
Status Check - Keycloak JavaScript CI	Run /./.github/actions/status-check	  },
Status Check - Keycloak JavaScript CI	Run /./.github/actions/status-check	  "build-keycloak": {
Status Check - Keycloak JavaScript CI	Run /./.github/actions/status-check	    "result": "success",
Status Check - Keycloak JavaScript CI	Run /./.github/actions/status-check	    "outputs": {}
Status Check - Keycloak JavaScript CI	Run /./.github/actions/status-check	  },
Status Check - Keycloak JavaScript CI	Run /./.github/actions/status-check	  "admin-client": {
Status Check - Keycloak JavaScript CI	Run /./.github/actions/status-check	    "result": "success",
Status Check - Keycloak JavaScript CI	Run /./.github/actions/status-check	    "outputs": {}
Status Check - Keycloak JavaScript CI	Run /./.github/actions/status-check	  },
Status Check - Keycloak JavaScript CI	Run /./.github/actions/status-check	  "ui-shared": {
Status Check - Keycloak JavaScript CI	Run /./.github/actions/status-check	    "result": "success",
Status Check - Keycloak JavaScript CI	Run /./.github/actions/status-check	    "outputs": {}
Status Check - Keycloak JavaScript CI	Run /./.github/actions/status-check	  },
Status Check - Keycloak JavaScript CI	Run /./.github/actions/status-check	  "account-ui": {
Status Check - Keycloak JavaScript CI	Run /./.github/actions/status-check	    "result": "success",
Status Check - Keycloak JavaScript CI	Run /./.github/actions/status-check	    "outputs": {}
Status Check - Keycloak JavaScript CI	Run /./.github/actions/status-check	  },
Status Check - Keycloak JavaScript CI	Run /./.github/actions/status-check	  "account-ui-e2e": {
Status Check - Keycloak JavaScript CI	Run /./.github/actions/status-check	    "result": "failure",
Status Check - Keycloak JavaScript CI	Run /./.github/actions/status-check	    "outputs": {}
Status Check - Keycloak JavaScript CI	Run /./.github/actions/status-check	  },
Status Check - Keycloak JavaScript CI	Run /./.github/actions/status-check	  "admin-ui": {
Status Check - Keycloak JavaScript CI	Run /./.github/actions/status-check	    "result": "success",
Status Check - Keycloak JavaScript CI	Run /./.github/actions/status-check	    "outputs": {}
Status Check - Keycloak JavaScript CI	Run /./.github/actions/status-check	  },
Status Check - Keycloak JavaScript CI	Run /./.github/actions/status-check	  "admin-ui-e2e": {
Status Check - Keycloak JavaScript CI	Run /./.github/actions/status-check	    "result": "success",
Status Check - Keycloak JavaScript CI	Run /./.github/actions/status-check	    "outputs": {}
Status Check - Keycloak JavaScript CI	Run /./.github/actions/status-check	  }
Status Check - Keycloak JavaScript CI	Run /./.github/actions/status-check	}
Status Check - Keycloak JavaScript CI	Run /./.github/actions/status-check	2024-10-22T18:09:31.5484170Z env:
Status Check - Keycloak JavaScript CI	Run /./.github/actions/status-check	2024-10-22T18:09:31.5484581Z   MAVEN_ARGS: -B -nsu -Daether.connector.http.connectionMaxTtl=25
Status Check - Keycloak JavaScript CI	Run /./.github/actions/status-check	2024-10-22T18:09:31.5485182Z ##[endgroup]
Status Check - Keycloak JavaScript CI	Run /./.github/actions/status-check	2024-10-22T18:09:31.5739782Z ##[group]Run JOBS='{
Status Check - Keycloak JavaScript CI	Run /./.github/actions/status-check	2024-10-22T18:09:31.5740279Z [36;1mJOBS='{[0m
Status Check - Keycloak JavaScript CI	Run /./.github/actions/status-check	2024-10-22T18:09:31.5740818Z [36;1m  "conditional": {[0m
Status Check - Keycloak JavaScript CI	Run /./.github/actions/status-check	2024-10-22T18:09:31.5741228Z [36;1m    "result": "success",[0m
Status Check - Keycloak JavaScript CI	Run /./.github/actions/status-check	2024-10-22T18:09:31.5741751Z [36;1m    "outputs": {[0m
Status Check - Keycloak JavaScript CI	Run /./.github/actions/status-check	2024-10-22T18:09:31.5742120Z [36;1m      "js-ci": "true"[0m
Status Check - Keycloak JavaScript CI	Run /./.github/actions/status-check	2024-10-22T18:09:31.5742504Z [36;1m    }[0m
Status Check - Keycloak JavaScript CI	Run /./.github/actions/status-check	2024-10-22T18:09:31.5742849Z [36;1m  },[0m
Status Check - Keycloak JavaScript CI	Run /./.github/actions/status-check	2024-10-22T18:09:31.5743182Z [36;1m  "build-keycloak": {[0m
Status Check - Keycloak JavaScript CI	Run /./.github/actions/status-check	2024-10-22T18:09:31.5743592Z [36;1m    "result": "success",[0m
Status Check - Keycloak JavaScript CI	Run /./.github/actions/status-check	2024-10-22T18:09:31.5744018Z [36;1m    "outputs": {}[0m
Status Check - Keycloak JavaScript CI	Run /./.github/actions/status-check	2024-10-22T18:09:31.5744369Z [36;1m  },[0m
Status Check - Keycloak JavaScript CI	Run /./.github/actions/status-check	2024-10-22T18:09:31.5744706Z [36;1m  "admin-client": {[0m
Status Check - Keycloak JavaScript CI	Run /./.github/actions/status-check	2024-10-22T18:09:31.5745125Z [36;1m    "result": "success",[0m
Status Check - Keycloak JavaScript CI	Run /./.github/actions/status-check	2024-10-22T18:09:31.5745518Z [36;1m    "outputs": {}[0m
Status Check - Keycloak JavaScript CI	Run /./.github/actions/status-check	2024-10-22T18:09:31.5745893Z [36;1m  },[0m
Status Check - Keycloak JavaScript CI	Run /./.github/actions/status-check	2024-10-22T18:09:31.5746305Z [36;1m  "ui-shared": {[0m
Status Check - Keycloak JavaScript CI	Run /./.github/actions/status-check	2024-10-22T18:09:31.5746688Z [36;1m    "result": "success",[0m
Status Check - Keycloak JavaScript CI	Run /./.github/actions/status-check	2024-10-22T18:09:31.5747072Z [36;1m    "outputs": {}[0m
Status Check - Keycloak JavaScript CI	Run /./.github/actions/status-check	2024-10-22T18:09:31.5747450Z [36;1m  },[0m
Status Check - Keycloak JavaScript CI	Run /./.github/actions/status-check	2024-10-22T18:09:31.5747793Z [36;1m  "account-ui": {[0m
Status Check - Keycloak JavaScript CI	Run /./.github/actions/status-check	2024-10-22T18:09:31.5748160Z [36;1m    "result": "success",[0m
Status Check - Keycloak JavaScript CI	Run /./.github/actions/status-check	2024-10-22T18:09:31.5748568Z [36;1m    "outputs": {}[0m
Status Check - Keycloak JavaScript CI	Run /./.github/actions/status-check	2024-10-22T18:09:31.5748926Z [36;1m  },[0m
Status Check - Keycloak JavaScript CI	Run /./.github/actions/status-check	2024-10-22T18:09:31.5749244Z [36;1m  "account-ui-e2e": {[0m
Status Check - Keycloak JavaScript CI	Run /./.github/actions/status-check	2024-10-22T18:09:31.5749654Z [36;1m    "result": "failure",[0m
Status Check - Keycloak JavaScript CI	Run /./.github/actions/status-check	2024-10-22T18:09:31.5750055Z [36;1m    "outputs": {}[0m
Status Check - Keycloak JavaScript CI	Run /./.github/actions/status-check	2024-10-22T18:09:31.5750400Z [36;1m  },[0m
Status Check - Keycloak JavaScript CI	Run /./.github/actions/status-check	2024-10-22T18:09:31.5750806Z [36;1m  "admin-ui": {[0m
Status Check - Keycloak JavaScript CI	Run /./.github/actions/status-check	2024-10-22T18:09:31.5751178Z [36;1m    "result": "success",[0m
Status Check - Keycloak JavaScript CI	Run /./.github/actions/status-check	2024-10-22T18:09:31.5751562Z [36;1m    "outputs": {}[0m
Status Check - Keycloak JavaScript CI	Run /./.github/actions/status-check	2024-10-22T18:09:31.5751930Z [36;1m  },[0m
Status Check - Keycloak JavaScript CI	Run /./.github/actions/status-check	2024-10-22T18:09:31.5752268Z [36;1m  "admin-ui-e2e": {[0m
Status Check - Keycloak JavaScript CI	Run /./.github/actions/status-check	2024-10-22T18:09:31.5752645Z [36;1m    "result": "success",[0m
Status Check - Keycloak JavaScript CI	Run /./.github/actions/status-check	2024-10-22T18:09:31.5753073Z [36;1m    "outputs": {}[0m
Status Check - Keycloak JavaScript CI	Run /./.github/actions/status-check	2024-10-22T18:09:31.5753422Z [36;1m  }[0m
Status Check - Keycloak JavaScript CI	Run /./.github/actions/status-check	2024-10-22T18:09:31.5753720Z [36;1m}'[0m
Status Check - Keycloak JavaScript CI	Run /./.github/actions/status-check	2024-10-22T18:09:31.5754060Z [36;1m[0m
Status Check - Keycloak JavaScript CI	Run /./.github/actions/status-check	2024-10-22T18:09:31.5754370Z [36;1mecho "Job status:"[0m
Status Check - Keycloak JavaScript CI	Run /./.github/actions/status-check	2024-10-22T18:09:31.5754960Z [36;1mecho $JOBS | jq -r 'to_entries[] | " - \(.key): \(.value.result)"'[0m
Status Check - Keycloak JavaScript CI	Run /./.github/actions/status-check	2024-10-22T18:09:31.5755533Z [36;1m[0m
Status Check - Keycloak JavaScript CI	Run /./.github/actions/status-check	2024-10-22T18:09:31.5755986Z [36;1mfor i in $(echo $JOBS | jq -r 'to_entries[] | .value.result'); do[0m
Status Check - Keycloak JavaScript CI	Run /./.github/actions/status-check	2024-10-22T18:09:31.5756629Z [36;1m  if [ "$i" != "success" ] && [ "$i" != "skipped" ]; then[0m
Status Check - Keycloak JavaScript CI	Run /./.github/actions/status-check	2024-10-22T18:09:31.5757164Z [36;1m    echo ""[0m
Status Check - Keycloak JavaScript CI	Run /./.github/actions/status-check	2024-10-22T18:09:31.5757625Z [36;1m    echo "Status check not okay!"[0m
Status Check - Keycloak JavaScript CI	Run /./.github/actions/status-check	2024-10-22T18:09:31.5758064Z [36;1m    exit 1[0m
Status Check - Keycloak JavaScript CI	Run /./.github/actions/status-check	2024-10-22T18:09:31.5758461Z [36;1m  fi[0m
Status Check - Keycloak JavaScript CI	Run /./.github/actions/status-check	2024-10-22T18:09:31.5758738Z [36;1mdone[0m
Status Check - Keycloak JavaScript CI	Run /./.github/actions/status-check	2024-10-22T18:09:31.5845291Z shell: /usr/bin/bash --noprofile --norc -e -o pipefail {0}
Status Check - Keycloak JavaScript CI	Run /./.github/actions/status-check	2024-10-22T18:09:31.5846066Z env:
Status Check - Keycloak JavaScript CI	Run /./.github/actions/status-check	2024-10-22T18:09:31.5846643Z   MAVEN_ARGS: -B -nsu -Daether.connector.http.connectionMaxTtl=25
Status Check - Keycloak JavaScript CI	Run /./.github/actions/status-check	2024-10-22T18:09:31.5847187Z ##[endgroup]
Status Check - Keycloak JavaScript CI	Run /./.github/actions/status-check	2024-10-22T18:09:31.5991622Z Job status:
Status Check - Keycloak JavaScript CI	Run /./.github/actions/status-check	2024-10-22T18:09:31.6220134Z  - conditional: success
Status Check - Keycloak JavaScript CI	Run /./.github/actions/status-check	2024-10-22T18:09:31.6220615Z  - build-keycloak: success
Status Check - Keycloak JavaScript CI	Run /./.github/actions/status-check	2024-10-22T18:09:31.6221529Z  - admin-client: success
Status Check - Keycloak JavaScript CI	Run /./.github/actions/status-check	2024-10-22T18:09:31.6221921Z  - ui-shared: success
Status Check - Keycloak JavaScript CI	Run /./.github/actions/status-check	2024-10-22T18:09:31.6222323Z  - account-ui: success
Status Check - Keycloak JavaScript CI	Run /./.github/actions/status-check	2024-10-22T18:09:31.6222817Z  - account-ui-e2e: failure
Status Check - Keycloak JavaScript CI	Run /./.github/actions/status-check	2024-10-22T18:09:31.6223185Z  - admin-ui: success
Status Check - Keycloak JavaScript CI	Run /./.github/actions/status-check	2024-10-22T18:09:31.6223561Z  - admin-ui-e2e: success
Status Check - Keycloak JavaScript CI	Run /./.github/actions/status-check	2024-10-22T18:09:31.6430245Z 
Status Check - Keycloak JavaScript CI	Run /./.github/actions/status-check	2024-10-22T18:09:31.6431156Z Status check not okay!
Status Check - Keycloak JavaScript CI	Run /./.github/actions/status-check	2024-10-22T18:09:31.6446001Z ##[error]Process completed with exit code 1.
