Test remote (slow)	UNKNOWN STEP	ï»¿2025-11-03T11:06:05.3058883Z Current runner version: '2.329.0'
Test remote (slow)	UNKNOWN STEP	2025-11-03T11:06:05.3082503Z ##[group]Runner Image Provisioner
Test remote (slow)	UNKNOWN STEP	2025-11-03T11:06:05.3083356Z Hosted Compute Agent
Test remote (slow)	UNKNOWN STEP	2025-11-03T11:06:05.3083947Z Version: 20251016.436
Test remote (slow)	UNKNOWN STEP	2025-11-03T11:06:05.3084575Z Commit: 8ab8ac8bfd662a3739dab9fe09456aba92132568
Test remote (slow)	UNKNOWN STEP	2025-11-03T11:06:05.3085293Z Build Date: 2025-10-15T20:44:12Z
Test remote (slow)	UNKNOWN STEP	2025-11-03T11:06:05.3085901Z ##[endgroup]
Test remote (slow)	UNKNOWN STEP	2025-11-03T11:06:05.3086432Z ##[group]Operating System
Test remote (slow)	UNKNOWN STEP	2025-11-03T11:06:05.3087049Z Ubuntu
Test remote (slow)	UNKNOWN STEP	2025-11-03T11:06:05.3087509Z 24.04.3
Test remote (slow)	UNKNOWN STEP	2025-11-03T11:06:05.3087982Z LTS
Test remote (slow)	UNKNOWN STEP	2025-11-03T11:06:05.3088403Z ##[endgroup]
Test remote (slow)	UNKNOWN STEP	2025-11-03T11:06:05.3088966Z ##[group]Runner Image
Test remote (slow)	UNKNOWN STEP	2025-11-03T11:06:05.3089537Z Image: ubuntu-24.04
Test remote (slow)	UNKNOWN STEP	2025-11-03T11:06:05.3089993Z Version: 20251030.96.2
Test remote (slow)	UNKNOWN STEP	2025-11-03T11:06:05.3091099Z Included Software: https://github.com/actions/runner-images/blob/ubuntu24/20251030.96/images/ubuntu/Ubuntu2404-Readme.md
Test remote (slow)	UNKNOWN STEP	2025-11-03T11:06:05.3092767Z Image Release: https://github.com/actions/runner-images/releases/tag/ubuntu24%2F20251030.96
Test remote (slow)	UNKNOWN STEP	2025-11-03T11:06:05.3093803Z ##[endgroup]
Test remote (slow)	UNKNOWN STEP	2025-11-03T11:06:05.3094777Z ##[group]GITHUB_TOKEN Permissions
Test remote (slow)	UNKNOWN STEP	2025-11-03T11:06:05.3096633Z Contents: read
Test remote (slow)	UNKNOWN STEP	2025-11-03T11:06:05.3097183Z Metadata: read
Test remote (slow)	UNKNOWN STEP	2025-11-03T11:06:05.3097632Z ##[endgroup]
Test remote (slow)	UNKNOWN STEP	2025-11-03T11:06:05.3099810Z Secret source: None
Test remote (slow)	UNKNOWN STEP	2025-11-03T11:06:05.3100482Z Prepare workflow directory
Test remote (slow)	UNKNOWN STEP	2025-11-03T11:06:05.3492010Z Prepare all required actions
Test remote (slow)	UNKNOWN STEP	2025-11-03T11:06:05.3529699Z Getting action download info
Test remote (slow)	UNKNOWN STEP	2025-11-03T11:06:05.6578567Z Download action repository 'actions/checkout@08c6903cd8c0fde910a37f88322edcfb5dd907a8' (SHA:08c6903cd8c0fde910a37f88322edcfb5dd907a8)
Test remote (slow)	UNKNOWN STEP	2025-11-03T11:06:05.7763107Z Download action repository 'manusa/actions-setup-minikube@b589f2d61bf96695c546929c72b38563e856059d' (SHA:b589f2d61bf96695c546929c72b38563e856059d)
Test remote (slow)	UNKNOWN STEP	2025-11-03T11:06:06.1761243Z Download action repository 'actions/download-artifact@634f93cb2916e3fdff6788551b99b062d0335ce0' (SHA:634f93cb2916e3fdff6788551b99b062d0335ce0)
Test remote (slow)	UNKNOWN STEP	2025-11-03T11:06:06.4516525Z Complete job name: Test remote (slow)
Test remote (slow)	UNKNOWN STEP	2025-11-03T11:06:06.5214234Z ##[group]Run actions/checkout@08c6903cd8c0fde910a37f88322edcfb5dd907a8
Test remote (slow)	UNKNOWN STEP	2025-11-03T11:06:06.5215320Z with:
Test remote (slow)	UNKNOWN STEP	2025-11-03T11:06:06.5215764Z   repository: keycloak/keycloak
Test remote (slow)	UNKNOWN STEP	2025-11-03T11:06:06.5216454Z   token: ***
Test remote (slow)	UNKNOWN STEP	2025-11-03T11:06:06.5216873Z   ssh-strict: true
Test remote (slow)	UNKNOWN STEP	2025-11-03T11:06:06.5217295Z   ssh-user: git
Test remote (slow)	UNKNOWN STEP	2025-11-03T11:06:06.5217728Z   persist-credentials: true
Test remote (slow)	UNKNOWN STEP	2025-11-03T11:06:06.5218206Z   clean: true
Test remote (slow)	UNKNOWN STEP	2025-11-03T11:06:06.5218646Z   sparse-checkout-cone-mode: true
Test remote (slow)	UNKNOWN STEP	2025-11-03T11:06:06.5219160Z   fetch-depth: 1
Test remote (slow)	UNKNOWN STEP	2025-11-03T11:06:06.5219580Z   fetch-tags: false
Test remote (slow)	UNKNOWN STEP	2025-11-03T11:06:06.5220023Z   show-progress: true
Test remote (slow)	UNKNOWN STEP	2025-11-03T11:06:06.5220456Z   lfs: false
Test remote (slow)	UNKNOWN STEP	2025-11-03T11:06:06.5220863Z   submodules: false
Test remote (slow)	UNKNOWN STEP	2025-11-03T11:06:06.5221311Z   set-safe-directory: true
Test remote (slow)	UNKNOWN STEP	2025-11-03T11:06:06.5221995Z env:
Test remote (slow)	UNKNOWN STEP	2025-11-03T11:06:06.5222826Z   MAVEN_ARGS: -B -nsu -Daether.connector.http.connectionMaxTtl=25
Test remote (slow)	UNKNOWN STEP	2025-11-03T11:06:06.5223538Z   MINIKUBE_VERSION: v1.37.0
Test remote (slow)	UNKNOWN STEP	2025-11-03T11:06:06.5224086Z   KUBERNETES_VERSION: v1.32.9
Test remote (slow)	UNKNOWN STEP	2025-11-03T11:06:06.5224600Z   MINIKUBE_MEMORY: 4096
Test remote (slow)	UNKNOWN STEP	2025-11-03T11:06:06.5225046Z ##[endgroup]
Test remote (slow)	UNKNOWN STEP	2025-11-03T11:06:06.6129869Z Syncing repository: keycloak/keycloak
Test remote (slow)	UNKNOWN STEP	2025-11-03T11:06:06.6131760Z ##[group]Getting Git version info
Test remote (slow)	UNKNOWN STEP	2025-11-03T11:06:06.6132823Z Working directory is '/home/runner/work/keycloak/keycloak'
Test remote (slow)	UNKNOWN STEP	2025-11-03T11:06:06.6133836Z [command]/usr/bin/git version
Test remote (slow)	UNKNOWN STEP	2025-11-03T11:06:06.6194871Z git version 2.51.2
Test remote (slow)	UNKNOWN STEP	2025-11-03T11:06:06.6217453Z ##[endgroup]
Test remote (slow)	UNKNOWN STEP	2025-11-03T11:06:06.6233678Z Temporarily overriding HOME='/home/runner/work/_temp/81778dd2-298c-4fa4-b64b-4bd32361a031' before making global git config changes
Test remote (slow)	UNKNOWN STEP	2025-11-03T11:06:06.6236794Z Adding repository directory to the temporary git global config as a safe directory
Test remote (slow)	UNKNOWN STEP	2025-11-03T11:06:06.6239269Z [command]/usr/bin/git config --global --add safe.directory /home/runner/work/keycloak/keycloak
Test remote (slow)	UNKNOWN STEP	2025-11-03T11:06:06.6276134Z Deleting the contents of '/home/runner/work/keycloak/keycloak'
Test remote (slow)	UNKNOWN STEP	2025-11-03T11:06:06.6279434Z ##[group]Initializing the repository
Test remote (slow)	UNKNOWN STEP	2025-11-03T11:06:06.6284752Z [command]/usr/bin/git init /home/runner/work/keycloak/keycloak
Test remote (slow)	UNKNOWN STEP	2025-11-03T11:06:06.6395110Z hint: Using 'master' as the name for the initial branch. This default branch name
Test remote (slow)	UNKNOWN STEP	2025-11-03T11:06:06.6397197Z hint: is subject to change. To configure the initial branch name to use in all
Test remote (slow)	UNKNOWN STEP	2025-11-03T11:06:06.6398996Z hint: of your new repositories, which will suppress this warning, call:
Test remote (slow)	UNKNOWN STEP	2025-11-03T11:06:06.6400509Z hint:
Test remote (slow)	UNKNOWN STEP	2025-11-03T11:06:06.6401216Z hint: 	git config --global init.defaultBranch <name>
Test remote (slow)	UNKNOWN STEP	2025-11-03T11:06:06.6401936Z hint:
Test remote (slow)	UNKNOWN STEP	2025-11-03T11:06:06.6403023Z hint: Names commonly chosen instead of 'master' are 'main', 'trunk' and
Test remote (slow)	UNKNOWN STEP	2025-11-03T11:06:06.6404068Z hint: 'development'. The just-created branch can be renamed via this command:
Test remote (slow)	UNKNOWN STEP	2025-11-03T11:06:06.6405489Z hint:
Test remote (slow)	UNKNOWN STEP	2025-11-03T11:06:06.6406430Z hint: 	git branch -m <name>
Test remote (slow)	UNKNOWN STEP	2025-11-03T11:06:06.6407118Z hint:
Test remote (slow)	UNKNOWN STEP	2025-11-03T11:06:06.6407832Z hint: Disable this message with "git config set advice.defaultBranchName false"
Test remote (slow)	UNKNOWN STEP	2025-11-03T11:06:06.6409302Z Initialized empty Git repository in /home/runner/work/keycloak/keycloak/.git/
Test remote (slow)	UNKNOWN STEP	2025-11-03T11:06:06.6411764Z [command]/usr/bin/git remote add origin https://github.com/keycloak/keycloak
Test remote (slow)	UNKNOWN STEP	2025-11-03T11:06:06.6445092Z ##[endgroup]
Test remote (slow)	UNKNOWN STEP	2025-11-03T11:06:06.6446217Z ##[group]Disabling automatic garbage collection
Test remote (slow)	UNKNOWN STEP	2025-11-03T11:06:06.6447920Z [command]/usr/bin/git config --local gc.auto 0
Test remote (slow)	UNKNOWN STEP	2025-11-03T11:06:06.6478434Z ##[endgroup]
Test remote (slow)	UNKNOWN STEP	2025-11-03T11:06:06.6480146Z ##[group]Setting up auth
Test remote (slow)	UNKNOWN STEP	2025-11-03T11:06:06.6485836Z [command]/usr/bin/git config --local --name-only --get-regexp core\.sshCommand
Test remote (slow)	UNKNOWN STEP	2025-11-03T11:06:06.6516576Z [command]/usr/bin/git submodule foreach --recursive sh -c "git config --local --name-only --get-regexp 'core\.sshCommand' && git config --local --unset-all 'core.sshCommand' || :"
Test remote (slow)	UNKNOWN STEP	2025-11-03T11:06:06.6875336Z [command]/usr/bin/git config --local --name-only --get-regexp http\.https\:\/\/github\.com\/\.extraheader
Test remote (slow)	UNKNOWN STEP	2025-11-03T11:06:06.6906319Z [command]/usr/bin/git submodule foreach --recursive sh -c "git config --local --name-only --get-regexp 'http\.https\:\/\/github\.com\/\.extraheader' && git config --local --unset-all 'http.https://github.com/.extraheader' || :"
Test remote (slow)	UNKNOWN STEP	2025-11-03T11:06:06.7120691Z [command]/usr/bin/git config --local http.https://github.com/.extraheader AUTHORIZATION: basic ***
Test remote (slow)	UNKNOWN STEP	2025-11-03T11:06:06.7154952Z ##[endgroup]
Test remote (slow)	UNKNOWN STEP	2025-11-03T11:06:06.7155936Z ##[group]Fetching the repository
Test remote (slow)	UNKNOWN STEP	2025-11-03T11:06:06.7163785Z [command]/usr/bin/git -c protocol.version=2 fetch --no-tags --prune --no-recurse-submodules --depth=1 origin +68ee6724f4e99e02793e56bae6b25e2515a5ff34:refs/remotes/pull/43395/merge
Test remote (slow)	UNKNOWN STEP	2025-11-03T11:06:08.6251813Z From https://github.com/keycloak/keycloak
Test remote (slow)	UNKNOWN STEP	2025-11-03T11:06:08.6253900Z  * [new ref]         68ee6724f4e99e02793e56bae6b25e2515a5ff34 -> pull/43395/merge
Test remote (slow)	UNKNOWN STEP	2025-11-03T11:06:08.6285181Z ##[endgroup]
Test remote (slow)	UNKNOWN STEP	2025-11-03T11:06:08.6286339Z ##[group]Determining the checkout info
Test remote (slow)	UNKNOWN STEP	2025-11-03T11:06:08.6288418Z ##[endgroup]
Test remote (slow)	UNKNOWN STEP	2025-11-03T11:06:08.6294010Z [command]/usr/bin/git sparse-checkout disable
Test remote (slow)	UNKNOWN STEP	2025-11-03T11:06:08.6331797Z [command]/usr/bin/git config --local --unset-all extensions.worktreeConfig
Test remote (slow)	UNKNOWN STEP	2025-11-03T11:06:08.6358709Z ##[group]Checking out the ref
Test remote (slow)	UNKNOWN STEP	2025-11-03T11:06:08.6362970Z [command]/usr/bin/git checkout --progress --force refs/remotes/pull/43395/merge
Test remote (slow)	UNKNOWN STEP	2025-11-03T11:06:09.4667167Z Note: switching to 'refs/remotes/pull/43395/merge'.
Test remote (slow)	UNKNOWN STEP	2025-11-03T11:06:09.4667897Z 
Test remote (slow)	UNKNOWN STEP	2025-11-03T11:06:09.4668583Z You are in 'detached HEAD' state. You can look around, make experimental
Test remote (slow)	UNKNOWN STEP	2025-11-03T11:06:09.4669797Z changes and commit them, and you can discard any commits you make in this
Test remote (slow)	UNKNOWN STEP	2025-11-03T11:06:09.4671038Z state without impacting any branches by switching back to a branch.
Test remote (slow)	UNKNOWN STEP	2025-11-03T11:06:09.4672735Z 
Test remote (slow)	UNKNOWN STEP	2025-11-03T11:06:09.4673207Z If you want to create a new branch to retain commits you create, you may
Test remote (slow)	UNKNOWN STEP	2025-11-03T11:06:09.4674484Z do so (now or later) by using -c with the switch command. Example:
Test remote (slow)	UNKNOWN STEP	2025-11-03T11:06:09.4674986Z 
Test remote (slow)	UNKNOWN STEP	2025-11-03T11:06:09.4675270Z   git switch -c <new-branch-name>
Test remote (slow)	UNKNOWN STEP	2025-11-03T11:06:09.4676060Z 
Test remote (slow)	UNKNOWN STEP	2025-11-03T11:06:09.4676392Z Or undo this operation with:
Test remote (slow)	UNKNOWN STEP	2025-11-03T11:06:09.4676871Z 
Test remote (slow)	UNKNOWN STEP	2025-11-03T11:06:09.4677009Z   git switch -
Test remote (slow)	UNKNOWN STEP	2025-11-03T11:06:09.4677203Z 
Test remote (slow)	UNKNOWN STEP	2025-11-03T11:06:09.4677460Z Turn off this advice by setting config variable advice.detachedHead to false
Test remote (slow)	UNKNOWN STEP	2025-11-03T11:06:09.4677843Z 
Test remote (slow)	UNKNOWN STEP	2025-11-03T11:06:09.4678273Z HEAD is now at 68ee672 Merge 61e21c8360cd3786c395e4198a86e711982483a6 into ece96e397e5a7aa451f690a9c78508d7ff7f869f
Test remote (slow)	UNKNOWN STEP	2025-11-03T11:06:09.4704057Z ##[endgroup]
Test remote (slow)	UNKNOWN STEP	2025-11-03T11:06:09.4743151Z [command]/usr/bin/git log -1 --format=%H
Test remote (slow)	UNKNOWN STEP	2025-11-03T11:06:09.4772497Z 68ee6724f4e99e02793e56bae6b25e2515a5ff34
Test remote (slow)	UNKNOWN STEP	2025-11-03T11:06:09.4969147Z ##[group]Run echo "version_remote=0.0.1-${GITHUB_SHA::6}" >> $GITHUB_ENV
Test remote (slow)	UNKNOWN STEP	2025-11-03T11:06:09.4969848Z [36;1mecho "version_remote=0.0.1-${GITHUB_SHA::6}" >> $GITHUB_ENV[0m
Test remote (slow)	UNKNOWN STEP	2025-11-03T11:06:09.5008645Z shell: /usr/bin/bash --noprofile --norc -e -o pipefail {0}
Test remote (slow)	UNKNOWN STEP	2025-11-03T11:06:09.5009090Z env:
Test remote (slow)	UNKNOWN STEP	2025-11-03T11:06:09.5009594Z   MAVEN_ARGS: -B -nsu -Daether.connector.http.connectionMaxTtl=25
Test remote (slow)	UNKNOWN STEP	2025-11-03T11:06:09.5010074Z   MINIKUBE_VERSION: v1.37.0
Test remote (slow)	UNKNOWN STEP	2025-11-03T11:06:09.5010440Z   KUBERNETES_VERSION: v1.32.9
Test remote (slow)	UNKNOWN STEP	2025-11-03T11:06:09.5010774Z   MINIKUBE_MEMORY: 4096
Test remote (slow)	UNKNOWN STEP	2025-11-03T11:06:09.5011177Z ##[endgroup]
Test remote (slow)	UNKNOWN STEP	2025-11-03T11:06:09.5258909Z Prepare all required actions
Test remote (slow)	UNKNOWN STEP	2025-11-03T11:06:09.5259388Z Getting action download info
Test remote (slow)	UNKNOWN STEP	2025-11-03T11:06:09.6448878Z Download action repository 'actions/setup-java@c5195efecf7bdfc987ee8bae7a71cb8b11521c00' (SHA:c5195efecf7bdfc987ee8bae7a71cb8b11521c00)
Test remote (slow)	UNKNOWN STEP	2025-11-03T11:06:09.9455546Z ##[group]Run ./.github/actions/java-setup
Test remote (slow)	UNKNOWN STEP	2025-11-03T11:06:09.9455814Z with:
Test remote (slow)	UNKNOWN STEP	2025-11-03T11:06:09.9455984Z   distribution: temurin
Test remote (slow)	UNKNOWN STEP	2025-11-03T11:06:09.9456183Z   java-version: 21
Test remote (slow)	UNKNOWN STEP	2025-11-03T11:06:09.9456347Z env:
Test remote (slow)	UNKNOWN STEP	2025-11-03T11:06:09.9456601Z   MAVEN_ARGS: -B -nsu -Daether.connector.http.connectionMaxTtl=25
Test remote (slow)	UNKNOWN STEP	2025-11-03T11:06:09.9456916Z   MINIKUBE_VERSION: v1.37.0
Test remote (slow)	UNKNOWN STEP	2025-11-03T11:06:09.9457190Z   KUBERNETES_VERSION: v1.32.9
Test remote (slow)	UNKNOWN STEP	2025-11-03T11:06:09.9457403Z   MINIKUBE_MEMORY: 4096
Test remote (slow)	UNKNOWN STEP	2025-11-03T11:06:09.9457623Z   version_remote: 0.0.1-68ee67
Test remote (slow)	UNKNOWN STEP	2025-11-03T11:06:09.9457819Z ##[endgroup]
Test remote (slow)	UNKNOWN STEP	2025-11-03T11:06:09.9604614Z ##[group]Run actions/setup-java@c5195efecf7bdfc987ee8bae7a71cb8b11521c00
Test remote (slow)	UNKNOWN STEP	2025-11-03T11:06:09.9605025Z with:
Test remote (slow)	UNKNOWN STEP	2025-11-03T11:06:09.9605202Z   distribution: temurin
Test remote (slow)	UNKNOWN STEP	2025-11-03T11:06:09.9605402Z   java-version: 21
Test remote (slow)	UNKNOWN STEP	2025-11-03T11:06:09.9605581Z   java-package: jdk
Test remote (slow)	UNKNOWN STEP	2025-11-03T11:06:09.9605766Z   check-latest: false
Test remote (slow)	UNKNOWN STEP	2025-11-03T11:06:09.9605947Z   server-id: github
Test remote (slow)	UNKNOWN STEP	2025-11-03T11:06:09.9606132Z   server-username: GITHUB_ACTOR
Test remote (slow)	UNKNOWN STEP	2025-11-03T11:06:09.9606352Z   server-password: GITHUB_TOKEN
Test remote (slow)	UNKNOWN STEP	2025-11-03T11:06:09.9606568Z   overwrite-settings: true
Test remote (slow)	UNKNOWN STEP	2025-11-03T11:06:09.9606775Z   job-status: success
Test remote (slow)	UNKNOWN STEP	2025-11-03T11:06:09.9607083Z   token: ***
Test remote (slow)	UNKNOWN STEP	2025-11-03T11:06:09.9607254Z env:
Test remote (slow)	UNKNOWN STEP	2025-11-03T11:06:09.9607509Z   MAVEN_ARGS: -B -nsu -Daether.connector.http.connectionMaxTtl=25
Test remote (slow)	UNKNOWN STEP	2025-11-03T11:06:09.9607888Z   MINIKUBE_VERSION: v1.37.0
Test remote (slow)	UNKNOWN STEP	2025-11-03T11:06:09.9608102Z   KUBERNETES_VERSION: v1.32.9
Test remote (slow)	UNKNOWN STEP	2025-11-03T11:06:09.9608327Z   MINIKUBE_MEMORY: 4096
Test remote (slow)	UNKNOWN STEP	2025-11-03T11:06:09.9608522Z   version_remote: 0.0.1-68ee67
Test remote (slow)	UNKNOWN STEP	2025-11-03T11:06:09.9608874Z ##[endgroup]
Test remote (slow)	UNKNOWN STEP	2025-11-03T11:06:10.1619004Z ##[group]Installed distributions
Test remote (slow)	UNKNOWN STEP	2025-11-03T11:06:10.1682825Z Resolved Java 21.0.9+10 from tool-cache
Test remote (slow)	UNKNOWN STEP	2025-11-03T11:06:10.1684111Z Setting Java 21.0.9+10 as the default
Test remote (slow)	UNKNOWN STEP	2025-11-03T11:06:10.1696923Z Creating toolchains.xml for JDK version 21 from temurin
Test remote (slow)	UNKNOWN STEP	2025-11-03T11:06:10.1774014Z Writing to /home/runner/.m2/toolchains.xml
Test remote (slow)	UNKNOWN STEP	2025-11-03T11:06:10.1774389Z 
Test remote (slow)	UNKNOWN STEP	2025-11-03T11:06:10.1778123Z Java configuration:
Test remote (slow)	UNKNOWN STEP	2025-11-03T11:06:10.1778873Z   Distribution: temurin
Test remote (slow)	UNKNOWN STEP	2025-11-03T11:06:10.1779481Z   Version: 21.0.9+10
Test remote (slow)	UNKNOWN STEP	2025-11-03T11:06:10.1780030Z   Path: /opt/hostedtoolcache/Java_Temurin-Hotspot_jdk/21.0.9-10/x64
Test remote (slow)	UNKNOWN STEP	2025-11-03T11:06:10.1780511Z 
Test remote (slow)	UNKNOWN STEP	2025-11-03T11:06:10.1780916Z ##[endgroup]
Test remote (slow)	UNKNOWN STEP	2025-11-03T11:06:10.1796174Z Creating settings.xml with server-id: github
Test remote (slow)	UNKNOWN STEP	2025-11-03T11:06:10.1800269Z Writing to /home/runner/.m2/settings.xml
Test remote (slow)	UNKNOWN STEP	2025-11-03T11:06:10.1950147Z ##[group]Run manusa/actions-setup-minikube@b589f2d61bf96695c546929c72b38563e856059d
Test remote (slow)	UNKNOWN STEP	2025-11-03T11:06:10.1950728Z with:
Test remote (slow)	UNKNOWN STEP	2025-11-03T11:06:10.1950897Z   minikube version: v1.37.0
Test remote (slow)	UNKNOWN STEP	2025-11-03T11:06:10.1951122Z   kubernetes version: v1.32.9
Test remote (slow)	UNKNOWN STEP	2025-11-03T11:06:10.1951544Z   github token: ***
Test remote (slow)	UNKNOWN STEP	2025-11-03T11:06:10.1951722Z   driver: docker
Test remote (slow)	UNKNOWN STEP	2025-11-03T11:06:10.1951983Z   start args: --addons=ingress --memory=4096 --cni calico --cpus=max
Test remote (slow)	UNKNOWN STEP	2025-11-03T11:06:10.1952437Z env:
Test remote (slow)	UNKNOWN STEP	2025-11-03T11:06:10.1952689Z   MAVEN_ARGS: -B -nsu -Daether.connector.http.connectionMaxTtl=25
Test remote (slow)	UNKNOWN STEP	2025-11-03T11:06:10.1953010Z   MINIKUBE_VERSION: v1.37.0
Test remote (slow)	UNKNOWN STEP	2025-11-03T11:06:10.1953229Z   KUBERNETES_VERSION: v1.32.9
Test remote (slow)	UNKNOWN STEP	2025-11-03T11:06:10.1953433Z   MINIKUBE_MEMORY: 4096
Test remote (slow)	UNKNOWN STEP	2025-11-03T11:06:10.1953630Z   version_remote: 0.0.1-68ee67
Test remote (slow)	UNKNOWN STEP	2025-11-03T11:06:10.1953940Z   JAVA_HOME: /opt/hostedtoolcache/Java_Temurin-Hotspot_jdk/21.0.9-10/x64
Test remote (slow)	UNKNOWN STEP	2025-11-03T11:06:10.1954410Z   JAVA_HOME_21_X64: /opt/hostedtoolcache/Java_Temurin-Hotspot_jdk/21.0.9-10/x64
Test remote (slow)	UNKNOWN STEP	2025-11-03T11:06:10.1954740Z ##[endgroup]
Test remote (slow)	UNKNOWN STEP	2025-11-03T11:06:10.3122956Z Loading input variables
Test remote (slow)	UNKNOWN STEP	2025-11-03T11:06:10.3125447Z Updating Environment configuration to support Minikube
Test remote (slow)	UNKNOWN STEP	2025-11-03T11:06:10.3323967Z 
Test remote (slow)	UNKNOWN STEP	2025-11-03T11:06:10.3324468Z WARNING: apt does not have a stable CLI interface. Use with caution in scripts.
Test remote (slow)	UNKNOWN STEP	2025-11-03T11:06:10.3324913Z 
Test remote (slow)	UNKNOWN STEP	2025-11-03T11:06:10.3963294Z Get:1 file:/etc/apt/apt-mirrors.txt Mirrorlist [144 B]
Test remote (slow)	UNKNOWN STEP	2025-11-03T11:06:10.4342720Z Hit:6 https://packages.microsoft.com/repos/azure-cli noble InRelease
Test remote (slow)	UNKNOWN STEP	2025-11-03T11:06:10.4345310Z Get:7 https://packages.microsoft.com/ubuntu/24.04/prod noble InRelease [3600 B]
Test remote (slow)	UNKNOWN STEP	2025-11-03T11:06:10.5148786Z Hit:2 http://azure.archive.ubuntu.com/ubuntu noble InRelease
Test remote (slow)	UNKNOWN STEP	2025-11-03T11:06:10.5164999Z Get:3 http://azure.archive.ubuntu.com/ubuntu noble-updates InRelease [126 kB]
Test remote (slow)	UNKNOWN STEP	2025-11-03T11:06:10.5195204Z Get:4 http://azure.archive.ubuntu.com/ubuntu noble-backports InRelease [126 kB]
Test remote (slow)	UNKNOWN STEP	2025-11-03T11:06:10.5226445Z Get:5 http://azure.archive.ubuntu.com/ubuntu noble-security InRelease [126 kB]
Test remote (slow)	UNKNOWN STEP	2025-11-03T11:06:10.5627271Z Get:8 https://packages.microsoft.com/ubuntu/24.04/prod noble/main arm64 Packages [48.8 kB]
Test remote (slow)	UNKNOWN STEP	2025-11-03T11:06:10.5743190Z Get:9 https://packages.microsoft.com/ubuntu/24.04/prod noble/main armhf Packages [11.1 kB]
Test remote (slow)	UNKNOWN STEP	2025-11-03T11:06:10.5783096Z Get:10 https://packages.microsoft.com/ubuntu/24.04/prod noble/main amd64 Packages [66.2 kB]
Test remote (slow)	UNKNOWN STEP	2025-11-03T11:06:10.6710276Z Get:11 http://azure.archive.ubuntu.com/ubuntu noble-updates/main amd64 Packages [1573 kB]
Test remote (slow)	UNKNOWN STEP	2025-11-03T11:06:10.6809903Z Get:12 http://azure.archive.ubuntu.com/ubuntu noble-updates/main Translation-en [297 kB]
Test remote (slow)	UNKNOWN STEP	2025-11-03T11:06:10.6849362Z Get:13 http://azure.archive.ubuntu.com/ubuntu noble-updates/main amd64 Components [175 kB]
Test remote (slow)	UNKNOWN STEP	2025-11-03T11:06:10.6938428Z Get:14 http://azure.archive.ubuntu.com/ubuntu noble-updates/main amd64 c-n-f Metadata [15.4 kB]
Test remote (slow)	UNKNOWN STEP	2025-11-03T11:06:10.6971602Z Get:15 http://azure.archive.ubuntu.com/ubuntu noble-updates/universe amd64 Packages [1498 kB]
Test remote (slow)	UNKNOWN STEP	2025-11-03T11:06:10.7084755Z Get:16 http://azure.archive.ubuntu.com/ubuntu noble-updates/universe Translation-en [303 kB]
Test remote (slow)	UNKNOWN STEP	2025-11-03T11:06:10.7121385Z Get:17 http://azure.archive.ubuntu.com/ubuntu noble-updates/universe amd64 Components [377 kB]
Test remote (slow)	UNKNOWN STEP	2025-11-03T11:06:10.7188199Z Get:18 http://azure.archive.ubuntu.com/ubuntu noble-updates/universe amd64 c-n-f Metadata [31.4 kB]
Test remote (slow)	UNKNOWN STEP	2025-11-03T11:06:10.7196289Z Get:19 http://azure.archive.ubuntu.com/ubuntu noble-updates/restricted amd64 Packages [2226 kB]
Test remote (slow)	UNKNOWN STEP	2025-11-03T11:06:10.7408031Z Get:20 http://azure.archive.ubuntu.com/ubuntu noble-updates/restricted Translation-en [505 kB]
Test remote (slow)	UNKNOWN STEP	2025-11-03T11:06:10.7889203Z Get:21 http://azure.archive.ubuntu.com/ubuntu noble-updates/restricted amd64 Components [212 B]
Test remote (slow)	UNKNOWN STEP	2025-11-03T11:06:10.7892669Z Get:22 http://azure.archive.ubuntu.com/ubuntu noble-updates/multiverse amd64 Components [940 B]
Test remote (slow)	UNKNOWN STEP	2025-11-03T11:06:10.7897807Z Get:23 http://azure.archive.ubuntu.com/ubuntu noble-backports/main amd64 Components [7144 B]
Test remote (slow)	UNKNOWN STEP	2025-11-03T11:06:10.7942066Z Get:24 http://azure.archive.ubuntu.com/ubuntu noble-backports/universe amd64 Components [11.0 kB]
Test remote (slow)	UNKNOWN STEP	2025-11-03T11:06:10.7961407Z Get:25 http://azure.archive.ubuntu.com/ubuntu noble-backports/restricted amd64 Components [212 B]
Test remote (slow)	UNKNOWN STEP	2025-11-03T11:06:10.7987994Z Get:26 http://azure.archive.ubuntu.com/ubuntu noble-backports/multiverse amd64 Components [212 B]
Test remote (slow)	UNKNOWN STEP	2025-11-03T11:06:10.8402824Z Get:27 http://azure.archive.ubuntu.com/ubuntu noble-security/main amd64 Packages [1270 kB]
Test remote (slow)	UNKNOWN STEP	2025-11-03T11:06:10.8447027Z Get:28 http://azure.archive.ubuntu.com/ubuntu noble-security/main amd64 Components [21.5 kB]
Test remote (slow)	UNKNOWN STEP	2025-11-03T11:06:10.8455816Z Get:29 http://azure.archive.ubuntu.com/ubuntu noble-security/main amd64 c-n-f Metadata [9008 B]
Test remote (slow)	UNKNOWN STEP	2025-11-03T11:06:10.8463944Z Get:30 http://azure.archive.ubuntu.com/ubuntu noble-security/universe amd64 Packages [906 kB]
Test remote (slow)	UNKNOWN STEP	2025-11-03T11:06:10.8515806Z Get:31 http://azure.archive.ubuntu.com/ubuntu noble-security/universe Translation-en [203 kB]
Test remote (slow)	UNKNOWN STEP	2025-11-03T11:06:10.8536231Z Get:32 http://azure.archive.ubuntu.com/ubuntu noble-security/universe amd64 Components [52.2 kB]
Test remote (slow)	UNKNOWN STEP	2025-11-03T11:06:10.8545258Z Get:33 http://azure.archive.ubuntu.com/ubuntu noble-security/universe amd64 c-n-f Metadata [19.4 kB]
Test remote (slow)	UNKNOWN STEP	2025-11-03T11:06:10.8556487Z Get:34 http://azure.archive.ubuntu.com/ubuntu noble-security/restricted amd64 Components [212 B]
Test remote (slow)	UNKNOWN STEP	2025-11-03T11:06:10.8985031Z Get:35 http://azure.archive.ubuntu.com/ubuntu noble-security/multiverse amd64 Components [208 B]
Test remote (slow)	UNKNOWN STEP	2025-11-03T11:06:19.0847781Z Fetched 10.0 MB in 1s (7715 kB/s)
Test remote (slow)	UNKNOWN STEP	2025-11-03T11:06:19.8379533Z Reading package lists...
Test remote (slow)	UNKNOWN STEP	2025-11-03T11:06:20.0000478Z Building dependency tree...
Test remote (slow)	UNKNOWN STEP	2025-11-03T11:06:20.0007188Z Reading state information...
Test remote (slow)	UNKNOWN STEP	2025-11-03T11:06:20.0141195Z 36 packages can be upgraded. Run 'apt list --upgradable' to see them.
Test remote (slow)	UNKNOWN STEP	2025-11-03T11:06:20.0405118Z Reading package lists...
Test remote (slow)	UNKNOWN STEP	2025-11-03T11:06:20.2150117Z Building dependency tree...
Test remote (slow)	UNKNOWN STEP	2025-11-03T11:06:20.2157640Z Reading state information...
Test remote (slow)	UNKNOWN STEP	2025-11-03T11:06:20.3843631Z The following NEW packages will be installed:
Test remote (slow)	UNKNOWN STEP	2025-11-03T11:06:20.3850047Z   conntrack
Test remote (slow)	UNKNOWN STEP	2025-11-03T11:06:20.4023350Z 0 upgraded, 1 newly installed, 0 to remove and 36 not upgraded.
Test remote (slow)	UNKNOWN STEP	2025-11-03T11:06:20.4023984Z Need to get 37.9 kB of archives.
Test remote (slow)	UNKNOWN STEP	2025-11-03T11:06:20.4024532Z After this operation, 119 kB of additional disk space will be used.
Test remote (slow)	UNKNOWN STEP	2025-11-03T11:06:20.4024998Z Get:1 file:/etc/apt/apt-mirrors.txt Mirrorlist [144 B]
Test remote (slow)	UNKNOWN STEP	2025-11-03T11:06:20.4255282Z Get:2 http://azure.archive.ubuntu.com/ubuntu noble/main amd64 conntrack amd64 1:1.4.8-1ubuntu1 [37.9 kB]
Test remote (slow)	UNKNOWN STEP	2025-11-03T11:06:20.6881928Z Fetched 37.9 kB in 0s (1105 kB/s)
Test remote (slow)	UNKNOWN STEP	2025-11-03T11:06:20.7686120Z Selecting previously unselected package conntrack.
Test remote (slow)	UNKNOWN STEP	2025-11-03T11:06:20.8660643Z (Reading database ... 
Test remote (slow)	UNKNOWN STEP	2025-11-03T11:06:20.8661150Z (Reading database ... 5%
Test remote (slow)	UNKNOWN STEP	2025-11-03T11:06:20.8661615Z (Reading database ... 10%
Test remote (slow)	UNKNOWN STEP	2025-11-03T11:06:20.8661910Z (Reading database ... 15%
Test remote (slow)	UNKNOWN STEP	2025-11-03T11:06:20.8662365Z (Reading database ... 20%
Test remote (slow)	UNKNOWN STEP	2025-11-03T11:06:20.8662662Z (Reading database ... 25%
Test remote (slow)	UNKNOWN STEP	2025-11-03T11:06:20.8662940Z (Reading database ... 30%
Test remote (slow)	UNKNOWN STEP	2025-11-03T11:06:20.8663241Z (Reading database ... 35%
Test remote (slow)	UNKNOWN STEP	2025-11-03T11:06:20.8663526Z (Reading database ... 40%
Test remote (slow)	UNKNOWN STEP	2025-11-03T11:06:20.8663788Z (Reading database ... 45%
Test remote (slow)	UNKNOWN STEP	2025-11-03T11:06:20.8664058Z (Reading database ... 50%
Test remote (slow)	UNKNOWN STEP	2025-11-03T11:06:21.0624429Z (Reading database ... 55%
Test remote (slow)	UNKNOWN STEP	2025-11-03T11:06:21.3580143Z (Reading database ... 60%
Test remote (slow)	UNKNOWN STEP	2025-11-03T11:06:21.5106649Z (Reading database ... 65%
Test remote (slow)	UNKNOWN STEP	2025-11-03T11:06:21.5952798Z (Reading database ... 70%
Test remote (slow)	UNKNOWN STEP	2025-11-03T11:06:21.7330128Z (Reading database ... 75%
Test remote (slow)	UNKNOWN STEP	2025-11-03T11:06:22.6188849Z (Reading database ... 80%
Test remote (slow)	UNKNOWN STEP	2025-11-03T11:06:24.0095705Z (Reading database ... 85%
Test remote (slow)	UNKNOWN STEP	2025-11-03T11:06:25.2290732Z (Reading database ... 90%
Test remote (slow)	UNKNOWN STEP	2025-11-03T11:06:25.7540051Z (Reading database ... 95%
Test remote (slow)	UNKNOWN STEP	2025-11-03T11:06:25.7540576Z (Reading database ... 100%
Test remote (slow)	UNKNOWN STEP	2025-11-03T11:06:25.7541216Z (Reading database ... 215550 files and directories currently installed.)
Test remote (slow)	UNKNOWN STEP	2025-11-03T11:06:25.7585207Z Preparing to unpack .../conntrack_1%3a1.4.8-1ubuntu1_amd64.deb ...
Test remote (slow)	UNKNOWN STEP	2025-11-03T11:06:25.7611637Z Unpacking conntrack (1:1.4.8-1ubuntu1) ...
Test remote (slow)	UNKNOWN STEP	2025-11-03T11:06:25.8232437Z Setting up conntrack (1:1.4.8-1ubuntu1) ...
Test remote (slow)	UNKNOWN STEP	2025-11-03T11:06:25.8266695Z Processing triggers for man-db (2.12.0-4build2) ...
Test remote (slow)	UNKNOWN STEP	2025-11-03T11:06:28.4797355Z 
Test remote (slow)	UNKNOWN STEP	2025-11-03T11:06:28.4797970Z Running kernel seems to be up-to-date.
Test remote (slow)	UNKNOWN STEP	2025-11-03T11:06:28.4798229Z 
Test remote (slow)	UNKNOWN STEP	2025-11-03T11:06:28.4798333Z No services need to be restarted.
Test remote (slow)	UNKNOWN STEP	2025-11-03T11:06:28.4798527Z 
Test remote (slow)	UNKNOWN STEP	2025-11-03T11:06:28.4798630Z No containers need to be restarted.
Test remote (slow)	UNKNOWN STEP	2025-11-03T11:06:28.4798817Z 
Test remote (slow)	UNKNOWN STEP	2025-11-03T11:06:28.4798941Z No user sessions are running outdated binaries.
Test remote (slow)	UNKNOWN STEP	2025-11-03T11:06:28.4799169Z 
Test remote (slow)	UNKNOWN STEP	2025-11-03T11:06:28.4799368Z No VM guests are running outdated hypervisor (qemu) binaries on this host.
Test remote (slow)	UNKNOWN STEP	2025-11-03T11:06:29.3371794Z fs.protected_regular = 0
Test remote (slow)	UNKNOWN STEP	2025-11-03T11:06:29.3381858Z Waiting for Docker to be ready
Test remote (slow)	UNKNOWN STEP	2025-11-03T11:06:29.4279840Z 28.0.4 - 28.0.4
Test remote (slow)	UNKNOWN STEP	2025-11-03T11:06:29.4295010Z Docker daemon is ready
Test remote (slow)	UNKNOWN STEP	2025-11-03T11:06:29.4299439Z Downloading Minikube  v1.37.0
Test remote (slow)	UNKNOWN STEP	2025-11-03T11:06:29.6853228Z Downloading from: https://github.com/kubernetes/minikube/releases/download/v1.37.0/minikube-linux-amd64
Test remote (slow)	UNKNOWN STEP	2025-11-03T11:06:30.3794680Z Installing Minikube
Test remote (slow)	UNKNOWN STEP	2025-11-03T11:06:30.4193518Z * minikube v1.37.0 on Ubuntu 24.04
Test remote (slow)	UNKNOWN STEP	2025-11-03T11:06:30.4209261Z   - MINIKUBE_VERSION=v1.37.0
Test remote (slow)	UNKNOWN STEP	2025-11-03T11:06:30.4216184Z   - MINIKUBE_MEMORY=4096
Test remote (slow)	UNKNOWN STEP	2025-11-03T11:06:30.4220684Z   - MINIKUBE_HOME=/home/runner/work/_temp
Test remote (slow)	UNKNOWN STEP	2025-11-03T11:06:32.9210831Z * Using the docker driver based on user configuration
Test remote (slow)	UNKNOWN STEP	2025-11-03T11:06:32.9855667Z * Using Docker driver with root privileges
Test remote (slow)	UNKNOWN STEP	2025-11-03T11:06:32.9869793Z * Starting "minikube" primary control-plane node in "minikube" cluster
Test remote (slow)	UNKNOWN STEP	2025-11-03T11:06:32.9880398Z * Pulling base image v0.0.48 ...
Test remote (slow)	UNKNOWN STEP	2025-11-03T11:06:33.0121715Z * Downloading Kubernetes v1.32.9 preload ...
Test remote (slow)	UNKNOWN STEP	2025-11-03T11:07:09.4945523Z * Configuring Calico (Container Networking Interface) ...
Test remote (slow)	UNKNOWN STEP	2025-11-03T11:07:10.4864571Z * Verifying Kubernetes components...
Test remote (slow)	UNKNOWN STEP	2025-11-03T11:07:10.5073918Z   - Using image gcr.io/k8s-minikube/storage-provisioner:v5
Test remote (slow)	UNKNOWN STEP	2025-11-03T11:07:10.5135454Z   - Using image registry.k8s.io/ingress-nginx/controller:v1.13.2
Test remote (slow)	UNKNOWN STEP	2025-11-03T11:07:10.5141126Z   - Using image registry.k8s.io/ingress-nginx/kube-webhook-certgen:v1.6.2
Test remote (slow)	UNKNOWN STEP	2025-11-03T11:07:10.5146931Z   - Using image registry.k8s.io/ingress-nginx/kube-webhook-certgen:v1.6.2
Test remote (slow)	UNKNOWN STEP	2025-11-03T11:07:11.3341435Z * Verifying ingress addon...
Test remote (slow)	UNKNOWN STEP	2025-11-03T11:07:34.3379704Z * Enabled addons: default-storageclass, storage-provisioner, ingress
Test remote (slow)	UNKNOWN STEP	2025-11-03T11:07:37.2443874Z 
Test remote (slow)	UNKNOWN STEP	2025-11-03T11:07:37.2454100Z     > gcr.io/k8s-minikube/kicbase...:  1.61 KiB / 488.52 MiB [>_] 0.00% ? p/s ?    > gcr.io/k8s-minikube/kicbase...:  273.72 KiB / 488.52 MiB [] 0.05% ? p/s ?    > gcr.io/k8s-minikube/kicbase...:  45.49 MiB / 488.52 MiB [>] 9.31% ? p/s ?    > gcr.io/k8s-minikube/kicbase...:  86.53 MiB / 488.52 MiB  17.71% 144.23 Mi    > gcr.io/k8s-minikube/kicbase...:  126.52 MiB / 488.52 MiB  25.90% 144.23 M    > gcr.io/k8s-minikube/kicbase...:  172.16 MiB / 488.52 MiB  35.24% 144.23 M    > gcr.io/k8s-minikube/kicbase...:  222.33 MiB / 488.52 MiB  45.51% 149.52 M    > gcr.io/k8s-minikube/kicbase...:  269.25 MiB / 488.52 MiB  55.12% 149.52 M    > gcr.io/k8s-minikube/kicbase...:  323.80 MiB / 488.52 MiB  66.28% 149.52 M    > gcr.io/k8s-minikube/kicbase...:  368.33 MiB / 488.52 MiB  75.40% 155.57 M    > gcr.io/k8s-minikube/kicbase...:  409.80 MiB / 488.52 MiB  83.89% 155.57 M    > gcr.io/k8s-minikube/kicbase...:  445.08 MiB / 488.52 MiB  91.11% 155.57 M    > gcr.io/k8s-minikube/kicbase...:  482.10 MiB / 488.52 MiB  98.69% 157.77 M    > gcr.io/k8s-minikube/kicbase...:  488.51 MiB / 488.52 MiB  100.00% 200.61 ! /usr/bin/kubectl is version 1.34.1, which may have incompatibilities with Kubernetes 1.32.9.
Test remote (slow)	UNKNOWN STEP	2025-11-03T11:07:37.2458017Z   - Want kubectl v1.32.9? Try 'minikube kubectl -- get pods -A'
Test remote (slow)	UNKNOWN STEP	2025-11-03T11:07:37.2459053Z * Done! kubectl is now configured to use "minikube" cluster and "default" namespace by default
Test remote (slow)	UNKNOWN STEP	2025-11-03T11:07:37.3253448Z minikube version: v1.37.0commit: 65318f4cfff9c12cc87ec9eb8f4cdd57b25047f3 installed successfully
Test remote (slow)	UNKNOWN STEP	2025-11-03T11:07:37.3404448Z ##[group]Run actions/download-artifact@634f93cb2916e3fdff6788551b99b062d0335ce0
Test remote (slow)	UNKNOWN STEP	2025-11-03T11:07:37.3405021Z with:
Test remote (slow)	UNKNOWN STEP	2025-11-03T11:07:37.3405189Z   name: keycloak-dist
Test remote (slow)	UNKNOWN STEP	2025-11-03T11:07:37.3405391Z   path: quarkus/container
Test remote (slow)	UNKNOWN STEP	2025-11-03T11:07:37.3405600Z   merge-multiple: false
Test remote (slow)	UNKNOWN STEP	2025-11-03T11:07:37.3405804Z   repository: keycloak/keycloak
Test remote (slow)	UNKNOWN STEP	2025-11-03T11:07:37.3406006Z   run-id: 19032263784
Test remote (slow)	UNKNOWN STEP	2025-11-03T11:07:37.3406179Z env:
Test remote (slow)	UNKNOWN STEP	2025-11-03T11:07:37.3406430Z   MAVEN_ARGS: -B -nsu -Daether.connector.http.connectionMaxTtl=25
Test remote (slow)	UNKNOWN STEP	2025-11-03T11:07:37.3406751Z   MINIKUBE_VERSION: v1.37.0
Test remote (slow)	UNKNOWN STEP	2025-11-03T11:07:37.3406967Z   KUBERNETES_VERSION: v1.32.9
Test remote (slow)	UNKNOWN STEP	2025-11-03T11:07:37.3407172Z   MINIKUBE_MEMORY: 4096
Test remote (slow)	UNKNOWN STEP	2025-11-03T11:07:37.3407367Z   version_remote: 0.0.1-68ee67
Test remote (slow)	UNKNOWN STEP	2025-11-03T11:07:37.3407676Z   JAVA_HOME: /opt/hostedtoolcache/Java_Temurin-Hotspot_jdk/21.0.9-10/x64
Test remote (slow)	UNKNOWN STEP	2025-11-03T11:07:37.3408111Z   JAVA_HOME_21_X64: /opt/hostedtoolcache/Java_Temurin-Hotspot_jdk/21.0.9-10/x64
Test remote (slow)	UNKNOWN STEP	2025-11-03T11:07:37.3408485Z   MINIKUBE_HOME: /home/runner/work/_temp
Test remote (slow)	UNKNOWN STEP	2025-11-03T11:07:37.3408715Z ##[endgroup]
Test remote (slow)	UNKNOWN STEP	2025-11-03T11:07:37.5448156Z Downloading single artifact
Test remote (slow)	UNKNOWN STEP	2025-11-03T11:07:37.6638473Z Preparing to download the following artifacts:
Test remote (slow)	UNKNOWN STEP	2025-11-03T11:07:37.6639595Z - keycloak-dist (ID: 4447923440, Size: 164899498, Expected Digest: sha256:7a4432d1f1ea5570e11d827d0eb4e95d463cc014c601064d1dabada670d9df17)
Test remote (slow)	UNKNOWN STEP	2025-11-03T11:07:37.7236275Z Redirecting to blob download url: https://productionresultssa4.blob.core.windows.net/actions-results/a159ff2a-3bdf-484a-9c9a-878371c215b2/workflow-job-run-9ed8f941-1542-564f-8554-081488c367de/artifacts/8ec452859fe416bcecd39b267c69bfe76c7634fb13c33b71d912d2a8c0986080.zip
Test remote (slow)	UNKNOWN STEP	2025-11-03T11:07:37.7237917Z Starting download of artifact to: /home/runner/work/keycloak/keycloak/quarkus/container
Test remote (slow)	UNKNOWN STEP	2025-11-03T11:07:37.8177647Z (node:11674) [DEP0005] DeprecationWarning: Buffer() is deprecated due to security and usability issues. Please use the Buffer.alloc(), Buffer.allocUnsafe(), or Buffer.from() methods instead.
Test remote (slow)	UNKNOWN STEP	2025-11-03T11:07:37.8178779Z (Use `node --trace-deprecation ...` to show where the warning was created)
Test remote (slow)	UNKNOWN STEP	2025-11-03T11:07:39.5927735Z SHA256 digest of downloaded artifact is 7a4432d1f1ea5570e11d827d0eb4e95d463cc014c601064d1dabada670d9df17
Test remote (slow)	UNKNOWN STEP	2025-11-03T11:07:39.5928446Z Artifact download completed successfully.
Test remote (slow)	UNKNOWN STEP	2025-11-03T11:07:39.5928733Z Total of 1 artifact(s) downloaded
Test remote (slow)	UNKNOWN STEP	2025-11-03T11:07:39.5935236Z Download artifact has finished successfully
Test remote (slow)	UNKNOWN STEP	2025-11-03T11:07:39.6066310Z ##[group]Run eval $(minikube -p minikube docker-env)
Test remote (slow)	UNKNOWN STEP	2025-11-03T11:07:39.6066712Z [36;1meval $(minikube -p minikube docker-env)[0m
Test remote (slow)	UNKNOWN STEP	2025-11-03T11:07:39.6067242Z [36;1m(cd quarkus/container && docker build --build-arg KEYCLOAK_DIST=$(ls keycloak-*.tar.gz) . -t keycloak:0.0.1-68ee67)[0m
Test remote (slow)	UNKNOWN STEP	2025-11-03T11:07:39.6068081Z [36;1m(cd operator && ./scripts/build-testing-docker-images.sh 0.0.1-68ee67 keycloak custom-keycloak)[0m
Test remote (slow)	UNKNOWN STEP	2025-11-03T11:07:39.6102842Z shell: /usr/bin/bash --noprofile --norc -e -o pipefail {0}
Test remote (slow)	UNKNOWN STEP	2025-11-03T11:07:39.6103161Z env:
Test remote (slow)	UNKNOWN STEP	2025-11-03T11:07:39.6103433Z   MAVEN_ARGS: -B -nsu -Daether.connector.http.connectionMaxTtl=25
Test remote (slow)	UNKNOWN STEP	2025-11-03T11:07:39.6103783Z   MINIKUBE_VERSION: v1.37.0
Test remote (slow)	UNKNOWN STEP	2025-11-03T11:07:39.6104012Z   KUBERNETES_VERSION: v1.32.9
Test remote (slow)	UNKNOWN STEP	2025-11-03T11:07:39.6104228Z   MINIKUBE_MEMORY: 4096
Test remote (slow)	UNKNOWN STEP	2025-11-03T11:07:39.6104426Z   version_remote: 0.0.1-68ee67
Test remote (slow)	UNKNOWN STEP	2025-11-03T11:07:39.6104780Z   JAVA_HOME: /opt/hostedtoolcache/Java_Temurin-Hotspot_jdk/21.0.9-10/x64
Test remote (slow)	UNKNOWN STEP	2025-11-03T11:07:39.6105257Z   JAVA_HOME_21_X64: /opt/hostedtoolcache/Java_Temurin-Hotspot_jdk/21.0.9-10/x64
Test remote (slow)	UNKNOWN STEP	2025-11-03T11:07:39.6105618Z   MINIKUBE_HOME: /home/runner/work/_temp
Test remote (slow)	UNKNOWN STEP	2025-11-03T11:07:39.6105860Z ##[endgroup]
Test remote (slow)	UNKNOWN STEP	2025-11-03T11:07:40.3204326Z #0 building with "default" instance using docker driver
Test remote (slow)	UNKNOWN STEP	2025-11-03T11:07:40.3204648Z 
Test remote (slow)	UNKNOWN STEP	2025-11-03T11:07:40.3204822Z #1 [internal] load build definition from Dockerfile
Test remote (slow)	UNKNOWN STEP	2025-11-03T11:07:40.3205206Z #1 transferring dockerfile: 2.73kB done
Test remote (slow)	UNKNOWN STEP	2025-11-03T11:07:40.3205520Z #1 DONE 0.0s
Test remote (slow)	UNKNOWN STEP	2025-11-03T11:07:40.3205652Z 
Test remote (slow)	UNKNOWN STEP	2025-11-03T11:07:40.3205877Z #2 [internal] load metadata for registry.access.redhat.com/ubi9:latest
Test remote (slow)	UNKNOWN STEP	2025-11-03T11:07:40.7341188Z #2 ...
Test remote (slow)	UNKNOWN STEP	2025-11-03T11:07:40.7341402Z 
Test remote (slow)	UNKNOWN STEP	2025-11-03T11:07:40.7341679Z #3 [internal] load metadata for registry.access.redhat.com/ubi9-micro:latest
Test remote (slow)	UNKNOWN STEP	2025-11-03T11:07:40.7342114Z #3 DONE 0.6s
Test remote (slow)	UNKNOWN STEP	2025-11-03T11:07:40.8921390Z 
Test remote (slow)	UNKNOWN STEP	2025-11-03T11:07:40.8925181Z #2 [internal] load metadata for registry.access.redhat.com/ubi9:latest
Test remote (slow)	UNKNOWN STEP	2025-11-03T11:07:40.8926439Z #2 DONE 0.6s
Test remote (slow)	UNKNOWN STEP	2025-11-03T11:07:40.8927179Z 
Test remote (slow)	UNKNOWN STEP	2025-11-03T11:07:40.8927528Z #4 [internal] load .dockerignore
Test remote (slow)	UNKNOWN STEP	2025-11-03T11:07:40.8928083Z #4 transferring context: 2B done
Test remote (slow)	UNKNOWN STEP	2025-11-03T11:07:40.8928582Z #4 DONE 0.0s
Test remote (slow)	UNKNOWN STEP	2025-11-03T11:07:40.8928756Z 
Test remote (slow)	UNKNOWN STEP	2025-11-03T11:07:40.8929450Z #5 [stage-1 1/4] FROM registry.access.redhat.com/ubi9-micro:latest@sha256:aff810919642215e15c993b9bbc110dbcc446608730ad24499dafd9df7a8f8f4
Test remote (slow)	UNKNOWN STEP	2025-11-03T11:07:40.8930938Z #5 resolve registry.access.redhat.com/ubi9-micro:latest@sha256:aff810919642215e15c993b9bbc110dbcc446608730ad24499dafd9df7a8f8f4 done
Test remote (slow)	UNKNOWN STEP	2025-11-03T11:07:40.8932061Z #5 sha256:7d0737898ab0e39437d06df65284214e20726894f41190bad590568d64e5a15c 0B / 7.27MB 0.1s
Test remote (slow)	UNKNOWN STEP	2025-11-03T11:07:40.8933152Z #5 sha256:aff810919642215e15c993b9bbc110dbcc446608730ad24499dafd9df7a8f8f4 970B / 970B done
Test remote (slow)	UNKNOWN STEP	2025-11-03T11:07:40.8934409Z #5 sha256:558422e68b6b0f3cf96e61a295655c55be56b082bb51154b35884b93f37ce11f 428B / 428B done
Test remote (slow)	UNKNOWN STEP	2025-11-03T11:07:40.8935435Z #5 sha256:b75f920bd8141e2940d7c1abf2414b8b397189662c4dd4a12047fa265a495a36 4.97kB / 4.97kB done
Test remote (slow)	UNKNOWN STEP	2025-11-03T11:07:40.9950623Z #5 sha256:7d0737898ab0e39437d06df65284214e20726894f41190bad590568d64e5a15c 2.10MB / 7.27MB 0.2s
Test remote (slow)	UNKNOWN STEP	2025-11-03T11:07:41.0995305Z #5 sha256:7d0737898ab0e39437d06df65284214e20726894f41190bad590568d64e5a15c 7.27MB / 7.27MB 0.2s done
Test remote (slow)	UNKNOWN STEP	2025-11-03T11:07:41.1002019Z #5 extracting sha256:7d0737898ab0e39437d06df65284214e20726894f41190bad590568d64e5a15c
Test remote (slow)	UNKNOWN STEP	2025-11-03T11:07:41.5972604Z #5 extracting sha256:7d0737898ab0e39437d06df65284214e20726894f41190bad590568d64e5a15c 0.5s done
Test remote (slow)	UNKNOWN STEP	2025-11-03T11:07:41.5974519Z #5 DONE 0.8s
Test remote (slow)	UNKNOWN STEP	2025-11-03T11:07:41.5975150Z 
Test remote (slow)	UNKNOWN STEP	2025-11-03T11:07:41.5976287Z #6 [ubi-micro-build 1/8] FROM registry.access.redhat.com/ubi9:latest@sha256:dec374e05cc13ebbc0975c9f521f3db6942d27f8ccdf06b180160490eef8bdbc
Test remote (slow)	UNKNOWN STEP	2025-11-03T11:07:41.5978214Z #6 resolve registry.access.redhat.com/ubi9:latest@sha256:dec374e05cc13ebbc0975c9f521f3db6942d27f8ccdf06b180160490eef8bdbc done
Test remote (slow)	UNKNOWN STEP	2025-11-03T11:07:41.5985405Z #6 sha256:dec374e05cc13ebbc0975c9f521f3db6942d27f8ccdf06b180160490eef8bdbc 970B / 970B done
Test remote (slow)	UNKNOWN STEP	2025-11-03T11:07:41.5986600Z #6 sha256:f3b9841ea7615b38fd271cf18ae235d8228d3369036eb175ded171c936808255 429B / 429B done
Test remote (slow)	UNKNOWN STEP	2025-11-03T11:07:41.5987699Z #6 sha256:4461e0f8948d70db7614912a1d3d4b0b180d4a3044a08058bec55dbbb941b1f3 5.94kB / 5.94kB done
Test remote (slow)	UNKNOWN STEP	2025-11-03T11:07:41.5991549Z #6 sha256:35d6a5cce6a146ea7213377edde7d1d27f34dda18ce9fac98ea2ab40a6b110f6 79.59MB / 79.59MB 0.5s done
Test remote (slow)	UNKNOWN STEP	2025-11-03T11:07:41.5992945Z #6 extracting sha256:35d6a5cce6a146ea7213377edde7d1d27f34dda18ce9fac98ea2ab40a6b110f6 0.1s
Test remote (slow)	UNKNOWN STEP	2025-11-03T11:07:42.0059274Z #6 ...
Test remote (slow)	UNKNOWN STEP	2025-11-03T11:07:42.0059531Z 
Test remote (slow)	UNKNOWN STEP	2025-11-03T11:07:42.0059703Z #7 [internal] load build context
Test remote (slow)	UNKNOWN STEP	2025-11-03T11:07:42.0060186Z #7 transferring context: 164.88MB 1.0s done
Test remote (slow)	UNKNOWN STEP	2025-11-03T11:07:42.0060590Z #7 DONE 1.0s
Test remote (slow)	UNKNOWN STEP	2025-11-03T11:07:42.0060700Z 
Test remote (slow)	UNKNOWN STEP	2025-11-03T11:07:42.0061139Z #6 [ubi-micro-build 1/8] FROM registry.access.redhat.com/ubi9:latest@sha256:dec374e05cc13ebbc0975c9f521f3db6942d27f8ccdf06b180160490eef8bdbc
Test remote (slow)	UNKNOWN STEP	2025-11-03T11:07:44.4959211Z #6 extracting sha256:35d6a5cce6a146ea7213377edde7d1d27f34dda18ce9fac98ea2ab40a6b110f6 2.9s done
Test remote (slow)	UNKNOWN STEP	2025-11-03T11:07:44.4959798Z #6 DONE 3.6s
Test remote (slow)	UNKNOWN STEP	2025-11-03T11:07:44.4959926Z 
Test remote (slow)	UNKNOWN STEP	2025-11-03T11:07:44.4960097Z #8 [ubi-micro-build 2/8] RUN dnf install -y tar gzip
Test remote (slow)	UNKNOWN STEP	2025-11-03T11:07:45.3138552Z #8 0.969 Updating Subscription Management repositories.
Test remote (slow)	UNKNOWN STEP	2025-11-03T11:07:45.4684660Z #8 0.969 Unable to read consumer identity
Test remote (slow)	UNKNOWN STEP	2025-11-03T11:07:45.4685164Z #8 0.973 
Test remote (slow)	UNKNOWN STEP	2025-11-03T11:07:45.4685859Z #8 0.973 This system is not registered with an entitlement server. You can use subscription-manager to register.
Test remote (slow)	UNKNOWN STEP	2025-11-03T11:07:45.4686662Z #8 0.973 
Test remote (slow)	UNKNOWN STEP	2025-11-03T11:07:45.5157812Z #8 1.171 Red Hat Universal Base Image 9 (RPMs) - BaseOS  7.6 MB/s | 531 kB     00:00    
Test remote (slow)	UNKNOWN STEP	2025-11-03T11:07:45.6720708Z #8 1.327 Red Hat Universal Base Image 9 (RPMs) - AppStre  30 MB/s | 2.4 MB     00:00    
Test remote (slow)	UNKNOWN STEP	2025-11-03T11:07:46.1397170Z #8 1.795 Red Hat Universal Base Image 9 (RPMs) - CodeRea 4.1 MB/s | 287 kB     00:00    
Test remote (slow)	UNKNOWN STEP	2025-11-03T11:07:46.2678170Z #8 1.923 Package tar-2:1.34-7.el9.x86_64 is already installed.
Test remote (slow)	UNKNOWN STEP	2025-11-03T11:07:46.4863270Z #8 1.923 Package gzip-1.12-1.el9.x86_64 is already installed.
Test remote (slow)	UNKNOWN STEP	2025-11-03T11:07:46.4863891Z #8 1.936 Dependencies resolved.
Test remote (slow)	UNKNOWN STEP	2025-11-03T11:07:46.4864275Z #8 1.938 Nothing to do.
Test remote (slow)	UNKNOWN STEP	2025-11-03T11:07:46.4864620Z #8 1.938 Complete!
Test remote (slow)	UNKNOWN STEP	2025-11-03T11:07:46.4865112Z #8 DONE 2.0s
Test remote (slow)	UNKNOWN STEP	2025-11-03T11:07:46.4865287Z 
Test remote (slow)	UNKNOWN STEP	2025-11-03T11:07:46.4865629Z #9 [ubi-micro-build 3/8] ADD keycloak-999.0.0-SNAPSHOT.tar.gz /tmp/keycloak/
Test remote (slow)	UNKNOWN STEP	2025-11-03T11:07:47.2651311Z #9 DONE 0.9s
Test remote (slow)	UNKNOWN STEP	2025-11-03T11:07:47.3707781Z 
Test remote (slow)	UNKNOWN STEP	2025-11-03T11:07:47.3709264Z #10 [ubi-micro-build 4/8] RUN (cd /tmp/keycloak &&     tar -xvf /tmp/keycloak/keycloak-*.tar.gz &&     rm /tmp/keycloak/keycloak-*.tar.gz) || true
Test remote (slow)	UNKNOWN STEP	2025-11-03T11:07:47.3710510Z #10 0.099 tar: /tmp/keycloak/keycloak-*.tar.gz: Cannot open: No such file or directory
Test remote (slow)	UNKNOWN STEP	2025-11-03T11:07:47.3711222Z #10 0.099 tar: Error is not recoverable: exiting now
Test remote (slow)	UNKNOWN STEP	2025-11-03T11:07:47.3711679Z #10 DONE 0.1s
Test remote (slow)	UNKNOWN STEP	2025-11-03T11:07:47.5101419Z 
Test remote (slow)	UNKNOWN STEP	2025-11-03T11:07:47.5103421Z #11 [ubi-micro-build 5/8] RUN mv /tmp/keycloak/keycloak-* /opt/keycloak && mkdir -p /opt/keycloak/data
Test remote (slow)	UNKNOWN STEP	2025-11-03T11:07:47.5104336Z #11 DONE 0.1s
Test remote (slow)	UNKNOWN STEP	2025-11-03T11:07:47.6615485Z 
Test remote (slow)	UNKNOWN STEP	2025-11-03T11:07:47.6616139Z #12 [ubi-micro-build 6/8] RUN chmod -R g+rwX /opt/keycloak
Test remote (slow)	UNKNOWN STEP	2025-11-03T11:07:48.1996732Z #12 DONE 0.7s
Test remote (slow)	UNKNOWN STEP	2025-11-03T11:07:48.3494786Z 
Test remote (slow)	UNKNOWN STEP	2025-11-03T11:07:48.3495597Z #13 [ubi-micro-build 7/8] ADD ubi-null.sh /tmp/
Test remote (slow)	UNKNOWN STEP	2025-11-03T11:07:48.3496097Z #13 DONE 0.0s
Test remote (slow)	UNKNOWN STEP	2025-11-03T11:07:48.3496287Z 
Test remote (slow)	UNKNOWN STEP	2025-11-03T11:07:48.3496607Z #14 [ubi-micro-build 8/8] RUN bash /tmp/ubi-null.sh java-21-openjdk-headless glibc-langpack-en findutils
Test remote (slow)	UNKNOWN STEP	2025-11-03T11:07:48.3497089Z #14 0.129 ==> Installing packages into chroot
Test remote (slow)	UNKNOWN STEP	2025-11-03T11:07:48.3497409Z #14 0.129 + dnf install -y findutils diffutils
Test remote (slow)	UNKNOWN STEP	2025-11-03T11:07:48.6017087Z #14 0.381 Updating Subscription Management repositories.
Test remote (slow)	UNKNOWN STEP	2025-11-03T11:07:48.7185024Z #14 0.381 Unable to read consumer identity
Test remote (slow)	UNKNOWN STEP	2025-11-03T11:07:48.7187089Z #14 0.385 
Test remote (slow)	UNKNOWN STEP	2025-11-03T11:07:48.7188920Z #14 0.385 This system is not registered with an entitlement server. You can use subscription-manager to register.
Test remote (slow)	UNKNOWN STEP	2025-11-03T11:07:48.7190064Z #14 0.385 
Test remote (slow)	UNKNOWN STEP	2025-11-03T11:07:48.7190571Z #14 0.425 Last metadata expiration check: 0:00:02 ago on Mon Nov  3 11:07:46 2025.
Test remote (slow)	UNKNOWN STEP	2025-11-03T11:07:48.7192571Z #14 0.448 Package findutils-1:4.8.0-7.el9.x86_64 is already installed.
Test remote (slow)	UNKNOWN STEP	2025-11-03T11:07:48.7193163Z #14 0.462 Dependencies resolved.
Test remote (slow)	UNKNOWN STEP	2025-11-03T11:07:48.7193618Z #14 0.463 ================================================================================
Test remote (slow)	UNKNOWN STEP	2025-11-03T11:07:48.7194288Z #14 0.463  Package         Architecture Version             Repository               Size
Test remote (slow)	UNKNOWN STEP	2025-11-03T11:07:48.7195571Z #14 0.463 ================================================================================
Test remote (slow)	UNKNOWN STEP	2025-11-03T11:07:48.7199460Z #14 0.463 Installing:
Test remote (slow)	UNKNOWN STEP	2025-11-03T11:07:48.7200272Z #14 0.463  diffutils       x86_64       3.7-12.el9          ubi-9-baseos-rpms       402 k
Test remote (slow)	UNKNOWN STEP	2025-11-03T11:07:48.7200979Z #14 0.463 
Test remote (slow)	UNKNOWN STEP	2025-11-03T11:07:48.7201242Z #14 0.463 Transaction Summary
Test remote (slow)	UNKNOWN STEP	2025-11-03T11:07:48.7201687Z #14 0.463 ================================================================================
Test remote (slow)	UNKNOWN STEP	2025-11-03T11:07:48.7202355Z #14 0.463 Install  1 Package
Test remote (slow)	UNKNOWN STEP	2025-11-03T11:07:48.7202726Z #14 0.463 
Test remote (slow)	UNKNOWN STEP	2025-11-03T11:07:48.7202999Z #14 0.463 Total download size: 402 k
Test remote (slow)	UNKNOWN STEP	2025-11-03T11:07:48.7203346Z #14 0.463 Installed size: 1.4 M
Test remote (slow)	UNKNOWN STEP	2025-11-03T11:07:48.7203576Z #14 0.464 Downloading Packages:
Test remote (slow)	UNKNOWN STEP	2025-11-03T11:07:48.7203900Z #14 0.498 diffutils-3.7-12.el9.x86_64.rpm                  12 MB/s | 402 kB     00:00    
Test remote (slow)	UNKNOWN STEP	2025-11-03T11:07:48.8245186Z #14 0.499 --------------------------------------------------------------------------------
Test remote (slow)	UNKNOWN STEP	2025-11-03T11:07:48.8245905Z #14 0.499 Total                                            11 MB/s | 402 kB     00:00     
Test remote (slow)	UNKNOWN STEP	2025-11-03T11:07:48.8246837Z #14 0.513 Running transaction check
Test remote (slow)	UNKNOWN STEP	2025-11-03T11:07:48.8247308Z #14 0.516 Transaction check succeeded.
Test remote (slow)	UNKNOWN STEP	2025-11-03T11:07:48.8247731Z #14 0.516 Running transaction test
Test remote (slow)	UNKNOWN STEP	2025-11-03T11:07:48.8248149Z #14 0.546 Transaction test succeeded.
Test remote (slow)	UNKNOWN STEP	2025-11-03T11:07:48.8248462Z #14 0.547 Running transaction
Test remote (slow)	UNKNOWN STEP	2025-11-03T11:07:48.8248875Z #14 0.569   Preparing        :                                                        1/1 
Test remote (slow)	UNKNOWN STEP	2025-11-03T11:07:48.9362926Z #14 0.604   Installing       : diffutils-3.7-12.el9.x86_64                            1/1 
Test remote (slow)	UNKNOWN STEP	2025-11-03T11:07:48.9363852Z #14 0.614   Running scriptlet: diffutils-3.7-12.el9.x86_64                            1/1 
Test remote (slow)	UNKNOWN STEP	2025-11-03T11:07:48.9364439Z #14 0.651   Verifying        : diffutils-3.7-12.el9.x86_64                            1/1 
Test remote (slow)	UNKNOWN STEP	2025-11-03T11:07:48.9364933Z #14 0.677 Installed products updated.
Test remote (slow)	UNKNOWN STEP	2025-11-03T11:07:48.9365178Z #14 0.716 
Test remote (slow)	UNKNOWN STEP	2025-11-03T11:07:48.9365440Z #14 0.716 Installed:
Test remote (slow)	UNKNOWN STEP	2025-11-03T11:07:48.9365793Z #14 0.716   diffutils-3.7-12.el9.x86_64                                                   
Test remote (slow)	UNKNOWN STEP	2025-11-03T11:07:48.9366156Z #14 0.716 
Test remote (slow)	UNKNOWN STEP	2025-11-03T11:07:48.9366399Z #14 0.716 Complete!
Test remote (slow)	UNKNOWN STEP	2025-11-03T11:07:49.1408413Z #14 0.767 ++ realpath rootfs
Test remote (slow)	UNKNOWN STEP	2025-11-03T11:07:49.1408875Z #14 0.768 + rootfs=/tmp/null/rootfs
Test remote (slow)	UNKNOWN STEP	2025-11-03T11:07:49.1409293Z #14 0.768 + mkdir -p /tmp/null/rootfs
Test remote (slow)	UNKNOWN STEP	2025-11-03T11:07:49.1409848Z #14 0.770 + xargs dnf install -y --installroot /tmp/null/rootfs --releasever 9 --setopt install_weak_deps=false --nodocs
Test remote (slow)	UNKNOWN STEP	2025-11-03T11:07:49.2193416Z #14 0.999 Updating Subscription Management repositories.
Test remote (slow)	UNKNOWN STEP	2025-11-03T11:07:49.3580041Z #14 0.999 Unable to read consumer identity
Test remote (slow)	UNKNOWN STEP	2025-11-03T11:07:49.3580909Z #14 1.001 
Test remote (slow)	UNKNOWN STEP	2025-11-03T11:07:49.3581581Z #14 1.001 This system is not registered with an entitlement server. You can use subscription-manager to register.
Test remote (slow)	UNKNOWN STEP	2025-11-03T11:07:49.3582100Z #14 1.001 
Test remote (slow)	UNKNOWN STEP	2025-11-03T11:07:49.3582588Z #14 1.137 Red Hat Universal Base Image 9 (RPMs) - BaseOS  4.7 MB/s | 531 kB     00:00    
Test remote (slow)	UNKNOWN STEP	2025-11-03T11:07:49.5285705Z #14 1.308 Red Hat Universal Base Image 9 (RPMs) - AppStre  26 MB/s | 2.4 MB     00:00    
Test remote (slow)	UNKNOWN STEP	2025-11-03T11:07:49.9769008Z #14 1.756 Red Hat Universal Base Image 9 (RPMs) - CodeRea 4.5 MB/s | 287 kB     00:00    
Test remote (slow)	UNKNOWN STEP	2025-11-03T11:07:50.1147720Z #14 1.894 Dependencies resolved.
Test remote (slow)	UNKNOWN STEP	2025-11-03T11:07:50.2223920Z #14 1.899 =============================================================================================
Test remote (slow)	UNKNOWN STEP	2025-11-03T11:07:50.2224972Z #14 1.899  Package                    Arch    Version                       Repository             Size
Test remote (slow)	UNKNOWN STEP	2025-11-03T11:07:50.2225858Z #14 1.899 =============================================================================================
Test remote (slow)	UNKNOWN STEP	2025-11-03T11:07:50.2226344Z #14 1.899 Installing:
Test remote (slow)	UNKNOWN STEP	2025-11-03T11:07:50.2226808Z #14 1.899  bash                       x86_64  5.1.8-9.el9                   ubi-9-baseos-rpms     1.7 M
Test remote (slow)	UNKNOWN STEP	2025-11-03T11:07:50.2227564Z #14 1.899  coreutils-single           x86_64  8.32-39.el9                   ubi-9-baseos-rpms     625 k
Test remote (slow)	UNKNOWN STEP	2025-11-03T11:07:50.2228453Z #14 1.899  findutils                  x86_64  1:4.8.0-7.el9                 ubi-9-baseos-rpms     550 k
Test remote (slow)	UNKNOWN STEP	2025-11-03T11:07:50.2229231Z #14 1.899  glibc-langpack-en          x86_64  2.34-168.el9_6.23             ubi-9-baseos-rpms     656 k
Test remote (slow)	UNKNOWN STEP	2025-11-03T11:07:50.2229881Z #14 1.899  java-21-openjdk-headless   x86_64  1:21.0.9.0.10-1.el9           ubi-9-appstream-rpms   49 M
Test remote (slow)	UNKNOWN STEP	2025-11-03T11:07:50.2230575Z #14 1.899 Installing dependencies:
Test remote (slow)	UNKNOWN STEP	2025-11-03T11:07:50.2231164Z #14 1.899  alsa-lib                   x86_64  1.2.13-2.el9                  ubi-9-appstream-rpms  530 k
Test remote (slow)	UNKNOWN STEP	2025-11-03T11:07:50.2232039Z #14 1.899  alternatives               x86_64  1.24-2.el9                    ubi-9-baseos-rpms      42 k
Test remote (slow)	UNKNOWN STEP	2025-11-03T11:07:50.2233045Z #14 1.899  avahi-libs                 x86_64  0.8-22.el9_6.1                ubi-9-baseos-rpms      67 k
Test remote (slow)	UNKNOWN STEP	2025-11-03T11:07:50.2233642Z #14 1.899  basesystem                 noarch  11-13.el9                     ubi-9-baseos-rpms     8.0 k
Test remote (slow)	UNKNOWN STEP	2025-11-03T11:07:50.2234671Z #14 1.899  bzip2-libs                 x86_64  1.0.8-10.el9_5                ubi-9-baseos-rpms      42 k
Test remote (slow)	UNKNOWN STEP	2025-11-03T11:07:50.2235139Z #14 1.899  ca-certificates            noarch  2024.2.69_v8.0.303-91.4.el9_4 ubi-9-baseos-rpms     1.0 M
Test remote (slow)	UNKNOWN STEP	2025-11-03T11:07:50.2235630Z #14 1.899  copy-jdk-configs           noarch  4.0-3.el9                     ubi-9-appstream-rpms   29 k
Test remote (slow)	UNKNOWN STEP	2025-11-03T11:07:50.2236140Z #14 1.899  crypto-policies            noarch  20250128-1.git5269e22.el9     ubi-9-baseos-rpms      90 k
Test remote (slow)	UNKNOWN STEP	2025-11-03T11:07:50.2236692Z #14 1.899  crypto-policies-scripts    noarch  20250128-1.git5269e22.el9     ubi-9-baseos-rpms     101 k
Test remote (slow)	UNKNOWN STEP	2025-11-03T11:07:50.2237196Z #14 1.899  cups-libs                  x86_64  1:2.3.3op2-33.el9_6.1         ubi-9-baseos-rpms     260 k
Test remote (slow)	UNKNOWN STEP	2025-11-03T11:07:50.2237633Z #14 1.899  dbus-libs                  x86_64  1:1.12.20-8.el9               ubi-9-baseos-rpms     154 k
Test remote (slow)	UNKNOWN STEP	2025-11-03T11:07:50.2238047Z #14 1.899  expat                      x86_64  2.5.0-5.el9_6                 ubi-9-baseos-rpms     119 k
Test remote (slow)	UNKNOWN STEP	2025-11-03T11:07:50.2238469Z #14 1.899  filesystem                 x86_64  3.16-5.el9                    ubi-9-baseos-rpms     4.8 M
Test remote (slow)	UNKNOWN STEP	2025-11-03T11:07:50.2239050Z #14 1.899  gawk                       x86_64  5.1.0-6.el9                   ubi-9-baseos-rpms     1.0 M
Test remote (slow)	UNKNOWN STEP	2025-11-03T11:07:50.2239466Z #14 1.899  gdbm-libs                  x86_64  1:1.23-1.el9                  ubi-9-baseos-rpms      59 k
Test remote (slow)	UNKNOWN STEP	2025-11-03T11:07:50.2239874Z #14 1.899  glibc                      x86_64  2.34-168.el9_6.23             ubi-9-baseos-rpms     2.0 M
Test remote (slow)	UNKNOWN STEP	2025-11-03T11:07:50.2240297Z #14 1.899  glibc-common               x86_64  2.34-168.el9_6.23             ubi-9-baseos-rpms     303 k
Test remote (slow)	UNKNOWN STEP	2025-11-03T11:07:50.2240719Z #14 1.899  gmp                        x86_64  1:6.2.0-13.el9                ubi-9-baseos-rpms     319 k
Test remote (slow)	UNKNOWN STEP	2025-11-03T11:07:50.2241108Z #14 1.899  gnutls                     x86_64  3.8.3-6.el9_6.2               ubi-9-baseos-rpms     1.1 M
Test remote (slow)	UNKNOWN STEP	2025-11-03T11:07:50.2241726Z #14 1.899  grep                       x86_64  3.6-5.el9                     ubi-9-baseos-rpms     273 k
Test remote (slow)	UNKNOWN STEP	2025-11-03T11:07:50.2242393Z #14 1.899  javapackages-filesystem    noarch  6.4.0-1.el9                   ubi-9-appstream-rpms   17 k
Test remote (slow)	UNKNOWN STEP	2025-11-03T11:07:50.2242901Z #14 1.899  keyutils-libs              x86_64  1.6.3-1.el9                   ubi-9-baseos-rpms      34 k
Test remote (slow)	UNKNOWN STEP	2025-11-03T11:07:50.2243579Z #14 1.899  krb5-libs                  x86_64  1.21.1-8.el9_6                ubi-9-baseos-rpms     766 k
Test remote (slow)	UNKNOWN STEP	2025-11-03T11:07:50.2243999Z #14 1.899  libacl                     x86_64  2.3.1-4.el9                   ubi-9-baseos-rpms      24 k
Test remote (slow)	UNKNOWN STEP	2025-11-03T11:07:50.2244398Z #14 1.899  libattr                    x86_64  2.5.1-3.el9                   ubi-9-baseos-rpms      20 k
Test remote (slow)	UNKNOWN STEP	2025-11-03T11:07:50.2244794Z #14 1.899  libcap                     x86_64  2.48-9.el9_2                  ubi-9-baseos-rpms      74 k
Test remote (slow)	UNKNOWN STEP	2025-11-03T11:07:50.2245198Z #14 1.899  libcom_err                 x86_64  1.46.5-7.el9                  ubi-9-baseos-rpms      28 k
Test remote (slow)	UNKNOWN STEP	2025-11-03T11:07:50.2245619Z #14 1.899  libevent                   x86_64  2.1.12-8.el9_4                ubi-9-baseos-rpms     266 k
Test remote (slow)	UNKNOWN STEP	2025-11-03T11:07:50.2246023Z #14 1.899  libffi                     x86_64  3.4.2-8.el9                   ubi-9-baseos-rpms      40 k
Test remote (slow)	UNKNOWN STEP	2025-11-03T11:07:50.2246419Z #14 1.899  libgcc                     x86_64  11.5.0-5.el9_5                ubi-9-baseos-rpms      88 k
Test remote (slow)	UNKNOWN STEP	2025-11-03T11:07:50.2246832Z #14 1.899  libgcrypt                  x86_64  1.10.0-11.el9                 ubi-9-baseos-rpms     510 k
Test remote (slow)	UNKNOWN STEP	2025-11-03T11:07:50.2247259Z #14 1.899  libgpg-error               x86_64  1.42-5.el9                    ubi-9-baseos-rpms     220 k
Test remote (slow)	UNKNOWN STEP	2025-11-03T11:07:50.2247682Z #14 1.899  libidn2                    x86_64  2.3.0-7.el9                   ubi-9-baseos-rpms     105 k
Test remote (slow)	UNKNOWN STEP	2025-11-03T11:07:50.2248090Z #14 1.899  libselinux                 x86_64  3.6-3.el9                     ubi-9-baseos-rpms      88 k
Test remote (slow)	UNKNOWN STEP	2025-11-03T11:07:50.2248505Z #14 1.899  libsepol                   x86_64  3.6-2.el9                     ubi-9-baseos-rpms     331 k
Test remote (slow)	UNKNOWN STEP	2025-11-03T11:07:50.2249239Z #14 1.899  libsigsegv                 x86_64  2.13-4.el9                    ubi-9-baseos-rpms      30 k
Test remote (slow)	UNKNOWN STEP	2025-11-03T11:07:50.2249659Z #14 1.899  libtasn1                   x86_64  4.16.0-9.el9                  ubi-9-baseos-rpms      77 k
Test remote (slow)	UNKNOWN STEP	2025-11-03T11:07:50.2250093Z #14 1.899  libunistring               x86_64  0.9.10-15.el9                 ubi-9-baseos-rpms     499 k
Test remote (slow)	UNKNOWN STEP	2025-11-03T11:07:50.2250789Z #14 1.899  libuuid                    x86_64  2.37.4-21.el9                 ubi-9-baseos-rpms      30 k
Test remote (slow)	UNKNOWN STEP	2025-11-03T11:07:50.2251281Z #14 1.899  libverto                   x86_64  0.3.2-3.el9                   ubi-9-baseos-rpms      24 k
Test remote (slow)	UNKNOWN STEP	2025-11-03T11:07:50.2251698Z #14 1.899  libxcrypt                  x86_64  4.4.18-3.el9                  ubi-9-baseos-rpms     120 k
Test remote (slow)	UNKNOWN STEP	2025-11-03T11:07:50.2252292Z #14 1.899  libzstd                    x86_64  1.5.5-1.el9                   ubi-9-baseos-rpms     297 k
Test remote (slow)	UNKNOWN STEP	2025-11-03T11:07:50.2253001Z #14 1.899  lksctp-tools               x86_64  1.0.19-3.el9_4                ubi-9-baseos-rpms     104 k
Test remote (slow)	UNKNOWN STEP	2025-11-03T11:07:50.2253424Z #14 1.899  lua                        x86_64  5.4.4-4.el9                   ubi-9-appstream-rpms  192 k
Test remote (slow)	UNKNOWN STEP	2025-11-03T11:07:50.2253816Z #14 1.899  lua-libs                   x86_64  5.4.4-4.el9                   ubi-9-baseos-rpms     132 k
Test remote (slow)	UNKNOWN STEP	2025-11-03T11:07:50.2254228Z #14 1.899  lua-posix                  x86_64  35.0-8.el9                    ubi-9-appstream-rpms  155 k
Test remote (slow)	UNKNOWN STEP	2025-11-03T11:07:50.2254636Z #14 1.899  lz4-libs                   x86_64  1.9.3-5.el9                   ubi-9-baseos-rpms      69 k
Test remote (slow)	UNKNOWN STEP	2025-11-03T11:07:50.2255028Z #14 1.899  mpfr                       x86_64  4.1.0-7.el9                   ubi-9-baseos-rpms     329 k
Test remote (slow)	UNKNOWN STEP	2025-11-03T11:07:50.2255450Z #14 1.899  ncurses-base               noarch  6.2-10.20210508.el9_6.2       ubi-9-baseos-rpms      96 k
Test remote (slow)	UNKNOWN STEP	2025-11-03T11:07:50.2255898Z #14 1.899  ncurses-libs               x86_64  6.2-10.20210508.el9_6.2       ubi-9-baseos-rpms     329 k
Test remote (slow)	UNKNOWN STEP	2025-11-03T11:07:50.2256322Z #14 1.899  nettle                     x86_64  3.10.1-1.el9                  ubi-9-baseos-rpms     568 k
Test remote (slow)	UNKNOWN STEP	2025-11-03T11:07:50.2256723Z #14 1.899  nspr                       x86_64  4.36.0-4.el9_4                ubi-9-appstream-rpms  133 k
Test remote (slow)	UNKNOWN STEP	2025-11-03T11:07:50.2257256Z #14 1.899  nss                        x86_64  3.112.0-4.el9_4               ubi-9-appstream-rpms  723 k
Test remote (slow)	UNKNOWN STEP	2025-11-03T11:07:50.2257894Z #14 1.899  nss-softokn                x86_64  3.112.0-4.el9_4               ubi-9-appstream-rpms  400 k
Test remote (slow)	UNKNOWN STEP	2025-11-03T11:07:50.2258677Z #14 1.899  nss-softokn-freebl         x86_64  3.112.0-4.el9_4               ubi-9-appstream-rpms  413 k
Test remote (slow)	UNKNOWN STEP	2025-11-03T11:07:50.2259143Z #14 1.899  nss-sysinit                x86_64  3.112.0-4.el9_4               ubi-9-appstream-rpms   18 k
Test remote (slow)	UNKNOWN STEP	2025-11-03T11:07:50.2259572Z #14 1.899  nss-util                   x86_64  3.112.0-4.el9_4               ubi-9-appstream-rpms   89 k
Test remote (slow)	UNKNOWN STEP	2025-11-03T11:07:50.2260333Z #14 1.899  openssl-fips-provider      x86_64  3.0.7-6.el9_5                 ubi-9-baseos-rpms     9.4 k
Test remote (slow)	UNKNOWN STEP	2025-11-03T11:07:50.2260858Z #14 1.899  openssl-fips-provider-so   x86_64  3.0.7-6.el9_5                 ubi-9-baseos-rpms     577 k
Test remote (slow)	UNKNOWN STEP	2025-11-03T11:07:50.2261573Z #14 1.899  openssl-libs               x86_64  1:3.2.2-6.el9_5.1             ubi-9-baseos-rpms     2.1 M
Test remote (slow)	UNKNOWN STEP	2025-11-03T11:07:50.2262028Z #14 1.899  p11-kit                    x86_64  0.25.3-3.el9_5                ubi-9-baseos-rpms     536 k
Test remote (slow)	UNKNOWN STEP	2025-11-03T11:07:50.2262673Z #14 1.899  p11-kit-trust              x86_64  0.25.3-3.el9_5                ubi-9-baseos-rpms     144 k
Test remote (slow)	UNKNOWN STEP	2025-11-03T11:07:50.2263592Z #14 1.899  pcre                       x86_64  8.44-4.el9                    ubi-9-baseos-rpms     200 k
Test remote (slow)	UNKNOWN STEP	2025-11-03T11:07:50.2264449Z #14 1.899  pcre2                      x86_64  10.40-6.el9                   ubi-9-baseos-rpms     236 k
Test remote (slow)	UNKNOWN STEP	2025-11-03T11:07:50.2265273Z #14 1.899  pcre2-syntax               noarch  10.40-6.el9                   ubi-9-baseos-rpms     144 k
Test remote (slow)	UNKNOWN STEP	2025-11-03T11:07:50.2266119Z #14 1.899  python3                    x86_64  3.9.21-2.el9_6.2              ubi-9-baseos-rpms      26 k
Test remote (slow)	UNKNOWN STEP	2025-11-03T11:07:50.2267149Z #14 1.899  python3-libs               x86_64  3.9.21-2.el9_6.2              ubi-9-baseos-rpms     8.1 M
Test remote (slow)	UNKNOWN STEP	2025-11-03T11:07:50.2267833Z #14 1.899  python3-pip-wheel          noarch  21.3.1-1.el9                  ubi-9-baseos-rpms     1.1 M
Test remote (slow)	UNKNOWN STEP	2025-11-03T11:07:50.2268394Z #14 1.899  python3-setuptools-wheel   noarch  53.0.0-13.el9_6.1             ubi-9-baseos-rpms     468 k
Test remote (slow)	UNKNOWN STEP	2025-11-03T11:07:50.2268877Z #14 1.899  readline                   x86_64  8.1-4.el9                     ubi-9-baseos-rpms     215 k
Test remote (slow)	UNKNOWN STEP	2025-11-03T11:07:50.2269308Z #14 1.899  redhat-release             x86_64  9.6-0.1.el9                   ubi-9-baseos-rpms      44 k
Test remote (slow)	UNKNOWN STEP	2025-11-03T11:07:50.2269724Z #14 1.899  sed                        x86_64  4.8-9.el9                     ubi-9-baseos-rpms     309 k
Test remote (slow)	UNKNOWN STEP	2025-11-03T11:07:50.2270112Z #14 1.899  setup                      noarch  2.13.7-10.el9                 ubi-9-baseos-rpms     150 k
Test remote (slow)	UNKNOWN STEP	2025-11-03T11:07:50.2270532Z #14 1.899  sqlite-libs                x86_64  3.34.1-8.el9_6                ubi-9-baseos-rpms     618 k
Test remote (slow)	UNKNOWN STEP	2025-11-03T11:07:50.2270967Z #14 1.899  systemd-libs               x86_64  252-51.el9_6.2                ubi-9-baseos-rpms     672 k
Test remote (slow)	UNKNOWN STEP	2025-11-03T11:07:50.2271404Z #14 1.899  tzdata                     noarch  2025b-1.el9                   ubi-9-baseos-rpms     842 k
Test remote (slow)	UNKNOWN STEP	2025-11-03T11:07:50.2271853Z #14 1.899  tzdata-java                noarch  2025b-1.el9                   ubi-9-appstream-rpms  228 k
Test remote (slow)	UNKNOWN STEP	2025-11-03T11:07:50.2272535Z #14 1.899  xz-libs                    x86_64  5.2.5-8.el9_0                 ubi-9-baseos-rpms      94 k
Test remote (slow)	UNKNOWN STEP	2025-11-03T11:07:50.2272929Z #14 1.899  zlib                       x86_64  1.2.11-40.el9                 ubi-9-baseos-rpms      93 k
Test remote (slow)	UNKNOWN STEP	2025-11-03T11:07:50.2273232Z #14 1.899 
Test remote (slow)	UNKNOWN STEP	2025-11-03T11:07:50.2273408Z #14 1.899 Transaction Summary
Test remote (slow)	UNKNOWN STEP	2025-11-03T11:07:50.2273653Z #14 1.899 =============================================================================================
Test remote (slow)	UNKNOWN STEP	2025-11-03T11:07:50.2273934Z #14 1.899 Install  84 Packages
Test remote (slow)	UNKNOWN STEP	2025-11-03T11:07:50.2274148Z #14 1.899 
Test remote (slow)	UNKNOWN STEP	2025-11-03T11:07:50.2274319Z #14 1.902 Total download size: 89 M
Test remote (slow)	UNKNOWN STEP	2025-11-03T11:07:50.2274633Z #14 1.902 Installed size: 320 M
Test remote (slow)	UNKNOWN STEP	2025-11-03T11:07:50.2274925Z #14 1.903 Downloading Packages:
Test remote (slow)	UNKNOWN STEP	2025-11-03T11:07:50.2275424Z #14 1.939 (1/84): basesystem-11-13.el9.noarch.rpm         264 kB/s | 8.0 kB     00:00    
Test remote (slow)	UNKNOWN STEP	2025-11-03T11:07:50.2275887Z #14 1.943 (2/84): alternatives-1.24-2.el9.x86_64.rpm      1.2 MB/s |  42 kB     00:00    
Test remote (slow)	UNKNOWN STEP	2025-11-03T11:07:50.2276486Z #14 1.951 (3/84): avahi-libs-0.8-22.el9_6.1.x86_64.rpm    1.5 MB/s |  67 kB     00:00    
Test remote (slow)	UNKNOWN STEP	2025-11-03T11:07:50.2276909Z #14 1.956 (4/84): bzip2-libs-1.0.8-10.el9_5.x86_64.rpm    3.2 MB/s |  42 kB     00:00    
Test remote (slow)	UNKNOWN STEP	2025-11-03T11:07:50.2277338Z #14 1.971 (5/84): ca-certificates-2024.2.69_v8.0.303-91.4  51 MB/s | 1.0 MB     00:00    
Test remote (slow)	UNKNOWN STEP	2025-11-03T11:07:50.2277746Z #14 1.977 (6/84): bash-5.1.8-9.el9.x86_64.rpm              45 MB/s | 1.7 MB     00:00    
Test remote (slow)	UNKNOWN STEP	2025-11-03T11:07:50.2278161Z #14 1.980 (7/84): coreutils-single-8.32-39.el9.x86_64.rpm  27 MB/s | 625 kB     00:00    
Test remote (slow)	UNKNOWN STEP	2025-11-03T11:07:50.2278630Z #14 1.983 (8/84): crypto-policies-scripts-20250128-1.git5  17 MB/s | 101 kB     00:00    
Test remote (slow)	UNKNOWN STEP	2025-11-03T11:07:50.2279102Z #14 1.987 (9/84): crypto-policies-20250128-1.git5269e22.e 5.8 MB/s |  90 kB     00:00    
Test remote (slow)	UNKNOWN STEP	2025-11-03T11:07:50.2279541Z #14 1.989 (10/84): cups-libs-2.3.3op2-33.el9_6.1.x86_64.r  28 MB/s | 260 kB     00:00    
Test remote (slow)	UNKNOWN STEP	2025-11-03T11:07:50.2279953Z #14 1.992 (11/84): expat-2.5.0-5.el9_6.x86_64.rpm          25 MB/s | 119 kB     00:00    
Test remote (slow)	UNKNOWN STEP	2025-11-03T11:07:50.2280360Z #14 2.002 (12/84): findutils-4.8.0-7.el9.x86_64.rpm        58 MB/s | 550 kB     00:00    
Test remote (slow)	UNKNOWN STEP	2025-11-03T11:07:50.3270731Z #14 2.006 (13/84): dbus-libs-1.12.20-8.el9.x86_64.rpm     6.5 MB/s | 154 kB     00:00    
Test remote (slow)	UNKNOWN STEP	2025-11-03T11:07:50.3271480Z #14 2.012 (14/84): gdbm-libs-1.23-1.el9.x86_64.rpm        9.7 MB/s |  59 kB     00:00    
Test remote (slow)	UNKNOWN STEP	2025-11-03T11:07:50.3271941Z #14 2.020 (15/84): gawk-5.1.0-6.el9.x86_64.rpm             55 MB/s | 1.0 MB     00:00    
Test remote (slow)	UNKNOWN STEP	2025-11-03T11:07:50.3273034Z #14 2.027 (16/84): glibc-common-2.34-168.el9_6.23.x86_64.  48 MB/s | 303 kB     00:00    
Test remote (slow)	UNKNOWN STEP	2025-11-03T11:07:50.3273506Z #14 2.035 (17/84): glibc-langpack-en-2.34-168.el9_6.23.x8  77 MB/s | 656 kB     00:00    
Test remote (slow)	UNKNOWN STEP	2025-11-03T11:07:50.3273934Z #14 2.049 (18/84): gmp-6.2.0-13.el9.x86_64.rpm             23 MB/s | 319 kB     00:00    
Test remote (slow)	UNKNOWN STEP	2025-11-03T11:07:50.3274351Z #14 2.058 (19/84): glibc-2.34-168.el9_6.23.x86_64.rpm      44 MB/s | 2.0 MB     00:00    
Test remote (slow)	UNKNOWN STEP	2025-11-03T11:07:50.3274761Z #14 2.065 (20/84): grep-3.6-5.el9.x86_64.rpm               36 MB/s | 273 kB     00:00    
Test remote (slow)	UNKNOWN STEP	2025-11-03T11:07:50.3275321Z #14 2.074 (21/84): filesystem-3.16-5.el9.x86_64.rpm        56 MB/s | 4.8 MB     00:00    
Test remote (slow)	UNKNOWN STEP	2025-11-03T11:07:50.3275750Z #14 2.078 (22/84): gnutls-3.8.3-6.el9_6.2.x86_64.rpm       37 MB/s | 1.1 MB     00:00    
Test remote (slow)	UNKNOWN STEP	2025-11-03T11:07:50.3276166Z #14 2.085 (23/84): krb5-libs-1.21.1-8.el9_6.x86_64.rpm     75 MB/s | 766 kB     00:00    
Test remote (slow)	UNKNOWN STEP	2025-11-03T11:07:50.3276575Z #14 2.088 (24/84): libacl-2.3.1-4.el9.x86_64.rpm          2.7 MB/s |  24 kB     00:00    
Test remote (slow)	UNKNOWN STEP	2025-11-03T11:07:50.3276984Z #14 2.090 (25/84): libattr-2.5.1-3.el9.x86_64.rpm         4.2 MB/s |  20 kB     00:00    
Test remote (slow)	UNKNOWN STEP	2025-11-03T11:07:50.3277395Z #14 2.092 (26/84): libcap-2.48-9.el9_2.x86_64.rpm          17 MB/s |  74 kB     00:00    
Test remote (slow)	UNKNOWN STEP	2025-11-03T11:07:50.3277808Z #14 2.095 (27/84): libcom_err-1.46.5-7.el9.x86_64.rpm     6.0 MB/s |  28 kB     00:00    
Test remote (slow)	UNKNOWN STEP	2025-11-03T11:07:50.3278234Z #14 2.096 (28/84): keyutils-libs-1.6.3-1.el9.x86_64.rpm   1.1 MB/s |  34 kB     00:00    
Test remote (slow)	UNKNOWN STEP	2025-11-03T11:07:50.3278884Z #14 2.099 (29/84): libevent-2.1.12-8.el9_4.x86_64.rpm      42 MB/s | 266 kB     00:00    
Test remote (slow)	UNKNOWN STEP	2025-11-03T11:07:50.3279298Z #14 2.100 (30/84): libffi-3.4.2-8.el9.x86_64.rpm          7.5 MB/s |  40 kB     00:00    
Test remote (slow)	UNKNOWN STEP	2025-11-03T11:07:50.3279703Z #14 2.102 (31/84): libgcc-11.5.0-5.el9_5.x86_64.rpm        16 MB/s |  88 kB     00:00    
Test remote (slow)	UNKNOWN STEP	2025-11-03T11:07:50.3280119Z #14 2.107 (32/84): libgcrypt-1.10.0-11.el9.x86_64.rpm      67 MB/s | 510 kB     00:00    
Test remote (slow)	UNKNOWN STEP	2025-11-03T11:07:50.4306572Z #14 2.109 (33/84): libidn2-2.3.0-7.el9.x86_64.rpm          15 MB/s | 105 kB     00:00    
Test remote (slow)	UNKNOWN STEP	2025-11-03T11:07:50.4307596Z #14 2.111 (34/84): libgpg-error-1.42-5.el9.x86_64.rpm      21 MB/s | 220 kB     00:00    
Test remote (slow)	UNKNOWN STEP	2025-11-03T11:07:50.4309462Z #14 2.112 (35/84): libselinux-3.6-3.el9.x86_64.rpm         16 MB/s |  88 kB     00:00    
Test remote (slow)	UNKNOWN STEP	2025-11-03T11:07:50.4310632Z #14 2.116 (36/84): libsepol-3.6-2.el9.x86_64.rpm           47 MB/s | 331 kB     00:00    
Test remote (slow)	UNKNOWN STEP	2025-11-03T11:07:50.4311483Z #14 2.117 (37/84): libsigsegv-2.13-4.el9.x86_64.rpm       4.7 MB/s |  30 kB     00:00    
Test remote (slow)	UNKNOWN STEP	2025-11-03T11:07:50.4312631Z #14 2.119 (38/84): libtasn1-4.16.0-9.el9.x86_64.rpm        12 MB/s |  77 kB     00:00    
Test remote (slow)	UNKNOWN STEP	2025-11-03T11:07:50.4313446Z #14 2.122 (39/84): libuuid-2.37.4-21.el9.x86_64.rpm       6.3 MB/s |  30 kB     00:00    
Test remote (slow)	UNKNOWN STEP	2025-11-03T11:07:50.4314237Z #14 2.124 (40/84): libverto-0.3.2-3.el9.x86_64.rpm        5.2 MB/s |  24 kB     00:00    
Test remote (slow)	UNKNOWN STEP	2025-11-03T11:07:50.4315036Z #14 2.127 (41/84): libunistring-0.9.10-15.el9.x86_64.rpm   46 MB/s | 499 kB     00:00    
Test remote (slow)	UNKNOWN STEP	2025-11-03T11:07:50.4315857Z #14 2.135 (42/84): libxcrypt-4.4.18-3.el9.x86_64.rpm      9.5 MB/s | 120 kB     00:00    
Test remote (slow)	UNKNOWN STEP	2025-11-03T11:07:50.4316645Z #14 2.137 (43/84): lksctp-tools-1.0.19-3.el9_4.x86_64.rpm  10 MB/s | 104 kB     00:00    
Test remote (slow)	UNKNOWN STEP	2025-11-03T11:07:50.4317408Z #14 2.140 (44/84): libzstd-1.5.5-1.el9.x86_64.rpm          19 MB/s | 297 kB     00:00    
Test remote (slow)	UNKNOWN STEP	2025-11-03T11:07:50.4318165Z #14 2.142 (45/84): lua-libs-5.4.4-4.el9.x86_64.rpm         21 MB/s | 132 kB     00:00    
Test remote (slow)	UNKNOWN STEP	2025-11-03T11:07:50.4318911Z #14 2.145 (46/84): lz4-libs-1.9.3-5.el9.x86_64.rpm        9.6 MB/s |  69 kB     00:00    
Test remote (slow)	UNKNOWN STEP	2025-11-03T11:07:50.4319666Z #14 2.147 (47/84): ncurses-base-6.2-10.20210508.el9_6.2.n  18 MB/s |  96 kB     00:00    
Test remote (slow)	UNKNOWN STEP	2025-11-03T11:07:50.4320453Z #14 2.149 (48/84): mpfr-4.1.0-7.el9.x86_64.rpm             36 MB/s | 329 kB     00:00    
Test remote (slow)	UNKNOWN STEP	2025-11-03T11:07:50.4321223Z #14 2.152 (49/84): ncurses-libs-6.2-10.20210508.el9_6.2.x  47 MB/s | 329 kB     00:00    
Test remote (slow)	UNKNOWN STEP	2025-11-03T11:07:50.4321997Z #14 2.157 (50/84): nettle-3.10.1-1.el9.x86_64.rpm          59 MB/s | 568 kB     00:00    
Test remote (slow)	UNKNOWN STEP	2025-11-03T11:07:50.4323389Z #14 2.159 (51/84): openssl-fips-provider-3.0.7-6.el9_5.x8 948 kB/s | 9.4 kB     00:00    
Test remote (slow)	UNKNOWN STEP	2025-11-03T11:07:50.4324276Z #14 2.165 (52/84): openssl-fips-provider-so-3.0.7-6.el9_5  42 MB/s | 577 kB     00:00    
Test remote (slow)	UNKNOWN STEP	2025-11-03T11:07:50.4325097Z #14 2.171 (53/84): p11-kit-0.25.3-3.el9_5.x86_64.rpm       44 MB/s | 536 kB     00:00    
Test remote (slow)	UNKNOWN STEP	2025-11-03T11:07:50.4325797Z #14 2.174 (54/84): p11-kit-trust-0.25.3-3.el9_5.x86_64.rp  18 MB/s | 144 kB     00:00    
Test remote (slow)	UNKNOWN STEP	2025-11-03T11:07:50.4326491Z #14 2.177 (55/84): pcre-8.44-4.el9.x86_64.rpm              38 MB/s | 200 kB     00:00    
Test remote (slow)	UNKNOWN STEP	2025-11-03T11:07:50.4327164Z #14 2.181 (56/84): pcre2-10.40-6.el9.x86_64.rpm            33 MB/s | 236 kB     00:00    
Test remote (slow)	UNKNOWN STEP	2025-11-03T11:07:50.4327906Z #14 2.183 (57/84): pcre2-syntax-10.40-6.el9.noarch.rpm     25 MB/s | 144 kB     00:00    
Test remote (slow)	UNKNOWN STEP	2025-11-03T11:07:50.4328595Z #14 2.190 (58/84): openssl-libs-3.2.2-6.el9_5.1.x86_64.rp  65 MB/s | 2.1 MB     00:00    
Test remote (slow)	UNKNOWN STEP	2025-11-03T11:07:50.4329041Z #14 2.194 (59/84): python3-3.9.21-2.el9_6.2.x86_64.rpm    2.0 MB/s |  26 kB     00:00    
Test remote (slow)	UNKNOWN STEP	2025-11-03T11:07:50.4329496Z #14 2.205 (60/84): python3-setuptools-wheel-53.0.0-13.el9  44 MB/s | 468 kB     00:00    
Test remote (slow)	UNKNOWN STEP	2025-11-03T11:07:50.4329957Z #14 2.210 (61/84): python3-pip-wheel-21.3.1-1.el9.noarch.  57 MB/s | 1.1 MB     00:00    
Test remote (slow)	UNKNOWN STEP	2025-11-03T11:07:50.5324484Z #14 2.213 (62/84): readline-8.1-4.el9.x86_64.rpm           26 MB/s | 215 kB     00:00    
Test remote (slow)	UNKNOWN STEP	2025-11-03T11:07:50.5325430Z #14 2.216 (63/84): redhat-release-9.6-0.1.el9.x86_64.rpm  7.9 MB/s |  44 kB     00:00    
Test remote (slow)	UNKNOWN STEP	2025-11-03T11:07:50.5326296Z #14 2.221 (64/84): sed-4.8-9.el9.x86_64.rpm                42 MB/s | 309 kB     00:00    
Test remote (slow)	UNKNOWN STEP	2025-11-03T11:07:50.5326858Z #14 2.224 (65/84): setup-2.13.7-10.el9.noarch.rpm          20 MB/s | 150 kB     00:00    
Test remote (slow)	UNKNOWN STEP	2025-11-03T11:07:50.5327369Z #14 2.232 (66/84): sqlite-libs-3.34.1-8.el9_6.x86_64.rpm   58 MB/s | 618 kB     00:00    
Test remote (slow)	UNKNOWN STEP	2025-11-03T11:07:50.5327892Z #14 2.237 (67/84): systemd-libs-252-51.el9_6.2.x86_64.rpm  52 MB/s | 672 kB     00:00    
Test remote (slow)	UNKNOWN STEP	2025-11-03T11:07:50.5328409Z #14 2.245 (68/84): tzdata-2025b-1.el9.noarch.rpm           67 MB/s | 842 kB     00:00    
Test remote (slow)	UNKNOWN STEP	2025-11-03T11:07:50.5328890Z #14 2.252 (69/84): xz-libs-5.2.5-8.el9_0.x86_64.rpm       6.0 MB/s |  94 kB     00:00    
Test remote (slow)	UNKNOWN STEP	2025-11-03T11:07:50.5329617Z #14 2.271 (70/84): python3-libs-3.9.21-2.el9_6.2.x86_64.r  93 MB/s | 8.1 MB     00:00    
Test remote (slow)	UNKNOWN STEP	2025-11-03T11:07:50.5330140Z #14 2.277 (71/84): copy-jdk-configs-4.0-3.el9.noarch.rpm  1.2 MB/s |  29 kB     00:00    
Test remote (slow)	UNKNOWN STEP	2025-11-03T11:07:50.5330629Z #14 2.279 (72/84): zlib-1.2.11-40.el9.x86_64.rpm          2.7 MB/s |  93 kB     00:00    
Test remote (slow)	UNKNOWN STEP	2025-11-03T11:07:50.5331080Z #14 2.281 (73/84): lua-5.4.4-4.el9.x86_64.rpm              19 MB/s | 192 kB     00:00    
Test remote (slow)	UNKNOWN STEP	2025-11-03T11:07:50.5331561Z #14 2.284 (74/84): lua-posix-35.0-8.el9.x86_64.rpm         23 MB/s | 155 kB     00:00    
Test remote (slow)	UNKNOWN STEP	2025-11-03T11:07:50.5332104Z #14 2.289 (75/84): javapackages-filesystem-6.4.0-1.el9.no 3.3 MB/s |  17 kB     00:00    
Test remote (slow)	UNKNOWN STEP	2025-11-03T11:07:50.5332825Z #14 2.298 (76/84): nspr-4.36.0-4.el9_4.x86_64.rpm          16 MB/s | 133 kB     00:00    
Test remote (slow)	UNKNOWN STEP	2025-11-03T11:07:50.5333297Z #14 2.300 (77/84): alsa-lib-1.2.13-2.el9.x86_64.rpm        25 MB/s | 530 kB     00:00    
Test remote (slow)	UNKNOWN STEP	2025-11-03T11:07:50.5333754Z #14 2.308 (78/84): nss-3.112.0-4.el9_4.x86_64.rpm          73 MB/s | 723 kB     00:00    
Test remote (slow)	UNKNOWN STEP	2025-11-03T11:07:50.5334230Z #14 2.312 (79/84): nss-softokn-3.112.0-4.el9_4.x86_64.rpm  35 MB/s | 400 kB     00:00    
Test remote (slow)	UNKNOWN STEP	2025-11-03T11:07:50.7003147Z #14 2.317 (80/84): nss-sysinit-3.112.0-4.el9_4.x86_64.rpm 3.5 MB/s |  18 kB     00:00    
Test remote (slow)	UNKNOWN STEP	2025-11-03T11:07:50.7003688Z #14 2.323 (81/84): nss-util-3.112.0-4.el9_4.x86_64.rpm     17 MB/s |  89 kB     00:00    
Test remote (slow)	UNKNOWN STEP	2025-11-03T11:07:50.7004180Z #14 2.326 (82/84): nss-softokn-freebl-3.112.0-4.el9_4.x86  23 MB/s | 413 kB     00:00    
Test remote (slow)	UNKNOWN STEP	2025-11-03T11:07:50.7004692Z #14 2.329 (83/84): tzdata-java-2025b-1.el9.noarch.rpm      37 MB/s | 228 kB     00:00    
Test remote (slow)	UNKNOWN STEP	2025-11-03T11:07:50.9030465Z #14 2.682 (84/84): java-21-openjdk-headless-21.0.9.0.10-1 123 MB/s |  49 MB     00:00    
Test remote (slow)	UNKNOWN STEP	2025-11-03T11:07:51.1396424Z #14 2.686 --------------------------------------------------------------------------------
Test remote (slow)	UNKNOWN STEP	2025-11-03T11:07:51.1396867Z #14 2.687 Total                                           114 MB/s |  89 MB     00:00     
Test remote (slow)	UNKNOWN STEP	2025-11-03T11:07:51.1397304Z #14 2.698 Red Hat Universal Base Image 9 (RPMs) - BaseOS  3.5 MB/s | 3.6 kB     00:00    
Test remote (slow)	UNKNOWN STEP	2025-11-03T11:07:51.1397709Z #14 2.764 Importing GPG key 0xFD431D51:
Test remote (slow)	UNKNOWN STEP	2025-11-03T11:07:51.1398061Z #14 2.764  Userid     : "Red Hat, Inc. (release key 2) <security@redhat.com>"
Test remote (slow)	UNKNOWN STEP	2025-11-03T11:07:51.1398452Z #14 2.764  Fingerprint: 567E 347A D004 4ADE 55BA 8A5F 199E 2F91 FD43 1D51
Test remote (slow)	UNKNOWN STEP	2025-11-03T11:07:51.1399164Z #14 2.764  From       : /etc/pki/rpm-gpg/RPM-GPG-KEY-redhat-release
Test remote (slow)	UNKNOWN STEP	2025-11-03T11:07:51.1399651Z #14 2.767 Key imported successfully
Test remote (slow)	UNKNOWN STEP	2025-11-03T11:07:51.1399891Z #14 2.767 Importing GPG key 0x5A6340B3:
Test remote (slow)	UNKNOWN STEP	2025-11-03T11:07:51.1400205Z #14 2.767  Userid     : "Red Hat, Inc. (auxiliary key 3) <security@redhat.com>"
Test remote (slow)	UNKNOWN STEP	2025-11-03T11:07:51.1400596Z #14 2.767  Fingerprint: 7E46 2425 8C40 6535 D56D 6F13 5054 E4A4 5A63 40B3
Test remote (slow)	UNKNOWN STEP	2025-11-03T11:07:51.1400973Z #14 2.767  From       : /etc/pki/rpm-gpg/RPM-GPG-KEY-redhat-release
Test remote (slow)	UNKNOWN STEP	2025-11-03T11:07:51.1401257Z #14 2.769 Key imported successfully
Test remote (slow)	UNKNOWN STEP	2025-11-03T11:07:52.0055067Z #14 3.785 Running transaction check
Test remote (slow)	UNKNOWN STEP	2025-11-03T11:07:52.2066333Z #14 3.836 Transaction check succeeded.
Test remote (slow)	UNKNOWN STEP	2025-11-03T11:07:52.2066994Z #14 3.836 Running transaction test
Test remote (slow)	UNKNOWN STEP	2025-11-03T11:07:52.6527461Z #14 4.432 Transaction test succeeded.
Test remote (slow)	UNKNOWN STEP	2025-11-03T11:07:52.8039479Z #14 4.433 Running transaction
Test remote (slow)	UNKNOWN STEP	2025-11-03T11:07:53.2866047Z #14 4.913   Running scriptlet: filesystem-3.16-5.el9.x86_64                           1/1 
Test remote (slow)	UNKNOWN STEP	2025-11-03T11:07:53.2866742Z #14 4.915   Running scriptlet: copy-jdk-configs-4.0-3.el9.noarch                      1/1 
Test remote (slow)	UNKNOWN STEP	2025-11-03T11:07:53.4039754Z #14 4.916   Running scriptlet: java-21-openjdk-headless-1:21.0.9.0.10-1.el9.x86_64    1/1 
Test remote (slow)	UNKNOWN STEP	2025-11-03T11:07:53.5635570Z #14 5.183   Preparing        :                                                        1/1 
Test remote (slow)	UNKNOWN STEP	2025-11-03T11:07:53.5636343Z #14 5.190   Installing       : libgcc-11.5.0-5.el9_5.x86_64                          1/84 
Test remote (slow)	UNKNOWN STEP	2025-11-03T11:07:53.6157635Z #14 5.192   Running scriptlet: libgcc-11.5.0-5.el9_5.x86_64                          1/84 
Test remote (slow)	UNKNOWN STEP	2025-11-03T11:07:53.7261885Z #14 5.395   Installing       : tzdata-2025b-1.el9.noarch                             2/84 
Test remote (slow)	UNKNOWN STEP	2025-11-03T11:07:53.7263901Z #14 5.444   Installing       : tzdata-java-2025b-1.el9.noarch                        3/84 
Test remote (slow)	UNKNOWN STEP	2025-11-03T11:07:53.7265032Z #14 5.451   Installing       : javapackages-filesystem-6.4.0-1.el9.noarch            4/84 
Test remote (slow)	UNKNOWN STEP	2025-11-03T11:07:53.7265833Z #14 5.457   Installing       : redhat-release-9.6-0.1.el9.x86_64                     5/84 
Test remote (slow)	UNKNOWN STEP	2025-11-03T11:07:53.7266400Z #14 5.465   Installing       : setup-2.13.7-10.el9.noarch                            6/84 
Test remote (slow)	UNKNOWN STEP	2025-11-03T11:07:53.7266978Z #14 5.466   Running scriptlet: setup-2.13.7-10.el9.noarch                            6/84 
Test remote (slow)	UNKNOWN STEP	2025-11-03T11:07:53.8633302Z #14 5.506   Installing       : filesystem-3.16-5.el9.x86_64                          7/84 
Test remote (slow)	UNKNOWN STEP	2025-11-03T11:07:53.8634228Z #14 5.553   Installing       : basesystem-11-13.el9.noarch                           8/84 
Test remote (slow)	UNKNOWN STEP	2025-11-03T11:07:53.8635189Z #14 5.556   Installing       : python3-setuptools-wheel-53.0.0-13.el9_6.1.noarch     9/84 
Test remote (slow)	UNKNOWN STEP	2025-11-03T11:07:53.8636077Z #14 5.559   Installing       : pcre2-syntax-10.40-6.el9.noarch                      10/84 
Test remote (slow)	UNKNOWN STEP	2025-11-03T11:07:53.8636901Z #14 5.578   Installing       : ncurses-base-6.2-10.20210508.el9_6.2.noarch          11/84 
Test remote (slow)	UNKNOWN STEP	2025-11-03T11:07:54.0644997Z #14 5.643   Installing       : glibc-langpack-en-2.34-168.el9_6.23.x86_64           12/84 
Test remote (slow)	UNKNOWN STEP	2025-11-03T11:07:54.0645699Z #14 5.656   Installing       : glibc-common-2.34-168.el9_6.23.x86_64                13/84 
Test remote (slow)	UNKNOWN STEP	2025-11-03T11:07:54.0646314Z #14 5.659   Running scriptlet: glibc-2.34-168.el9_6.23.x86_64                       14/84 
Test remote (slow)	UNKNOWN STEP	2025-11-03T11:07:54.0646921Z #14 5.691   Installing       : glibc-2.34-168.el9_6.23.x86_64                       14/84 
Test remote (slow)	UNKNOWN STEP	2025-11-03T11:07:54.4134813Z #14 5.694   Running scriptlet: glibc-2.34-168.el9_6.23.x86_64                       14/84 
Test remote (slow)	UNKNOWN STEP	2025-11-03T11:07:54.5153373Z #14 6.193   Installing       : ncurses-libs-6.2-10.20210508.el9_6.2.x86_64          15/84 
Test remote (slow)	UNKNOWN STEP	2025-11-03T11:07:54.5155752Z #14 6.209   Installing       : bash-5.1.8-9.el9.x86_64                              16/84 
Test remote (slow)	UNKNOWN STEP	2025-11-03T11:07:54.5156607Z #14 6.212   Running scriptlet: bash-5.1.8-9.el9.x86_64                              16/84 
Test remote (slow)	UNKNOWN STEP	2025-11-03T11:07:54.5157467Z #14 6.227   Installing       : crypto-policies-20250128-1.git5269e22.el9.noarch     17/84 
Test remote (slow)	UNKNOWN STEP	2025-11-03T11:07:54.5158375Z #14 6.230   Running scriptlet: crypto-policies-20250128-1.git5269e22.el9.noarch     17/84 
Test remote (slow)	UNKNOWN STEP	2025-11-03T11:07:54.5159221Z #14 6.233   Installing       : nspr-4.36.0-4.el9_4.x86_64                           18/84 
Test remote (slow)	UNKNOWN STEP	2025-11-03T11:07:54.5159972Z #14 6.237   Installing       : nss-util-3.112.0-4.el9_4.x86_64                      19/84 
Test remote (slow)	UNKNOWN STEP	2025-11-03T11:07:54.5160718Z #14 6.240   Installing       : zlib-1.2.11-40.el9.x86_64                            20/84 
Test remote (slow)	UNKNOWN STEP	2025-11-03T11:07:54.5161486Z #14 6.245   Installing       : readline-8.1-4.el9.x86_64                            21/84 
Test remote (slow)	UNKNOWN STEP	2025-11-03T11:07:54.5162460Z #14 6.249   Installing       : libtasn1-4.16.0-9.el9.x86_64                         22/84 
Test remote (slow)	UNKNOWN STEP	2025-11-03T11:07:54.5163253Z #14 6.253   Installing       : libxcrypt-4.4.18-3.el9.x86_64                        23/84 
Test remote (slow)	UNKNOWN STEP	2025-11-03T11:07:54.5164039Z #14 6.260   Installing       : sqlite-libs-3.34.1-8.el9_6.x86_64                    24/84 
Test remote (slow)	UNKNOWN STEP	2025-11-03T11:07:54.5164843Z #14 6.263   Installing       : alternatives-1.24-2.el9.x86_64                       25/84 
Test remote (slow)	UNKNOWN STEP	2025-11-03T11:07:54.5165604Z #14 6.269   Installing       : gmp-1:6.2.0-13.el9.x86_64                            26/84 
Test remote (slow)	UNKNOWN STEP	2025-11-03T11:07:54.5166203Z #14 6.272   Installing       : libattr-2.5.1-3.el9.x86_64                           27/84 
Test remote (slow)	UNKNOWN STEP	2025-11-03T11:07:54.5166646Z #14 6.275   Installing       : libacl-2.3.1-4.el9.x86_64                            28/84 
Test remote (slow)	UNKNOWN STEP	2025-11-03T11:07:54.5167087Z #14 6.280   Installing       : libcap-2.48-9.el9_2.x86_64                           29/84 
Test remote (slow)	UNKNOWN STEP	2025-11-03T11:07:54.5167507Z #14 6.284   Installing       : libffi-3.4.2-8.el9.x86_64                            30/84 
Test remote (slow)	UNKNOWN STEP	2025-11-03T11:07:54.6735089Z #14 6.295   Installing       : p11-kit-0.25.3-3.el9_5.x86_64                        31/84 
Test remote (slow)	UNKNOWN STEP	2025-11-03T11:07:54.6737288Z #14 6.301   Installing       : p11-kit-trust-0.25.3-3.el9_5.x86_64                  32/84 
Test remote (slow)	UNKNOWN STEP	2025-11-03T11:07:54.8198524Z #14 6.303   Running scriptlet: p11-kit-trust-0.25.3-3.el9_5.x86_64                  32/84 
Test remote (slow)	UNKNOWN STEP	2025-11-03T11:07:54.9209260Z #14 6.599   Installing       : libsigsegv-2.13-4.el9.x86_64                         33/84 
Test remote (slow)	UNKNOWN STEP	2025-11-03T11:07:54.9210160Z #14 6.609   Installing       : libunistring-0.9.10-15.el9.x86_64                    34/84 
Test remote (slow)	UNKNOWN STEP	2025-11-03T11:07:54.9210961Z #14 6.613   Installing       : lua-libs-5.4.4-4.el9.x86_64                          35/84 
Test remote (slow)	UNKNOWN STEP	2025-11-03T11:07:54.9211685Z #14 6.617   Installing       : xz-libs-5.2.5-8.el9_0.x86_64                         36/84 
Test remote (slow)	UNKNOWN STEP	2025-11-03T11:07:54.9212413Z #14 6.621   Installing       : lua-5.4.4-4.el9.x86_64                               37/84 
Test remote (slow)	UNKNOWN STEP	2025-11-03T11:07:54.9212876Z #14 6.635   Installing       : lua-posix-35.0-8.el9.x86_64                          38/84 
Test remote (slow)	UNKNOWN STEP	2025-11-03T11:07:54.9213321Z #14 6.640   Installing       : libidn2-2.3.0-7.el9.x86_64                           39/84 
Test remote (slow)	UNKNOWN STEP	2025-11-03T11:07:54.9213734Z #14 6.646   Installing       : mpfr-4.1.0-7.el9.x86_64                              40/84 
Test remote (slow)	UNKNOWN STEP	2025-11-03T11:07:54.9214136Z #14 6.660   Installing       : gawk-5.1.0-6.el9.x86_64                              41/84 
Test remote (slow)	UNKNOWN STEP	2025-11-03T11:07:54.9214553Z #14 6.669   Installing       : nss-softokn-freebl-3.112.0-4.el9_4.x86_64            42/84 
Test remote (slow)	UNKNOWN STEP	2025-11-03T11:07:54.9214990Z #14 6.678   Installing       : nss-softokn-3.112.0-4.el9_4.x86_64                   43/84 
Test remote (slow)	UNKNOWN STEP	2025-11-03T11:07:54.9215423Z #14 6.683   Installing       : lksctp-tools-1.0.19-3.el9_4.x86_64                   44/84 
Test remote (slow)	UNKNOWN STEP	2025-11-03T11:07:54.9216585Z #14 6.687   Installing       : bzip2-libs-1.0.8-10.el9_5.x86_64                     45/84 
Test remote (slow)	UNKNOWN STEP	2025-11-03T11:07:54.9216997Z #14 6.691   Installing       : expat-2.5.0-5.el9_6.x86_64                           46/84 
Test remote (slow)	UNKNOWN STEP	2025-11-03T11:07:54.9217425Z #14 6.695   Installing       : gdbm-libs-1:1.23-1.el9.x86_64                        47/84 
Test remote (slow)	UNKNOWN STEP	2025-11-03T11:07:54.9217863Z #14 6.698   Installing       : keyutils-libs-1.6.3-1.el9.x86_64                     48/84 
Test remote (slow)	UNKNOWN STEP	2025-11-03T11:07:55.0243871Z #14 6.700   Installing       : libcom_err-1.46.5-7.el9.x86_64                       49/84 
Test remote (slow)	UNKNOWN STEP	2025-11-03T11:07:55.0244774Z #14 6.706   Installing       : libgpg-error-1.42-5.el9.x86_64                       50/84 
Test remote (slow)	UNKNOWN STEP	2025-11-03T11:07:55.0245604Z #14 6.714   Installing       : libgcrypt-1.10.0-11.el9.x86_64                       51/84 
Test remote (slow)	UNKNOWN STEP	2025-11-03T11:07:55.0246424Z #14 6.720   Installing       : libsepol-3.6-2.el9.x86_64                            52/84 
Test remote (slow)	UNKNOWN STEP	2025-11-03T11:07:55.0247222Z #14 6.723   Installing       : libuuid-2.37.4-21.el9.x86_64                         53/84 
Test remote (slow)	UNKNOWN STEP	2025-11-03T11:07:55.0248036Z #14 6.726   Installing       : libverto-0.3.2-3.el9.x86_64                          54/84 
Test remote (slow)	UNKNOWN STEP	2025-11-03T11:07:55.0248812Z #14 6.732   Installing       : libzstd-1.5.5-1.el9.x86_64                           55/84 
Test remote (slow)	UNKNOWN STEP	2025-11-03T11:07:55.0249583Z #14 6.735   Installing       : lz4-libs-1.9.3-5.el9.x86_64                          56/84 
Test remote (slow)	UNKNOWN STEP	2025-11-03T11:07:55.0250338Z #14 6.742   Installing       : nettle-3.10.1-1.el9.x86_64                           57/84 
Test remote (slow)	UNKNOWN STEP	2025-11-03T11:07:55.0251094Z #14 6.754   Installing       : gnutls-3.8.3-6.el9_6.2.x86_64                        58/84 
Test remote (slow)	UNKNOWN STEP	2025-11-03T11:07:55.0251849Z #14 6.761   Installing       : pcre-8.44-4.el9.x86_64                               59/84 
Test remote (slow)	UNKNOWN STEP	2025-11-03T11:07:55.0252875Z #14 6.767   Installing       : grep-3.6-5.el9.x86_64                                60/84 
Test remote (slow)	UNKNOWN STEP	2025-11-03T11:07:55.0253602Z #14 6.773   Installing       : pcre2-10.40-6.el9.x86_64                             61/84 
Test remote (slow)	UNKNOWN STEP	2025-11-03T11:07:55.0254077Z #14 6.776   Installing       : libselinux-3.6-3.el9.x86_64                          62/84 
Test remote (slow)	UNKNOWN STEP	2025-11-03T11:07:55.0254535Z #14 6.798   Installing       : coreutils-single-8.32-39.el9.x86_64                  63/84 
Test remote (slow)	UNKNOWN STEP	2025-11-03T11:07:55.1784333Z #14 6.804   Installing       : sed-4.8-9.el9.x86_64                                 64/84 
Test remote (slow)	UNKNOWN STEP	2025-11-03T11:07:55.2857189Z #14 6.808   Running scriptlet: ca-certificates-2024.2.69_v8.0.303-91.4.el9_4.noar   65/84 
Test remote (slow)	UNKNOWN STEP	2025-11-03T11:07:55.4399369Z #14 7.065   Installing       : ca-certificates-2024.2.69_v8.0.303-91.4.el9_4.noar   65/84 
Test remote (slow)	UNKNOWN STEP	2025-11-03T11:07:56.4382961Z #14 7.069   Running scriptlet: ca-certificates-2024.2.69_v8.0.303-91.4.el9_4.noar   65/84 
Test remote (slow)	UNKNOWN STEP	2025-11-03T11:07:56.6541840Z #14 8.217   Installing       : python3-pip-wheel-21.3.1-1.el9.noarch                66/84 
Test remote (slow)	UNKNOWN STEP	2025-11-03T11:07:56.6542694Z #14 8.225   Installing       : openssl-fips-provider-so-3.0.7-6.el9_5.x86_64        67/84 
Test remote (slow)	UNKNOWN STEP	2025-11-03T11:07:56.6543505Z #14 8.227   Installing       : openssl-fips-provider-3.0.7-6.el9_5.x86_64           68/84 
Test remote (slow)	UNKNOWN STEP	2025-11-03T11:07:56.6544095Z #14 8.252   Installing       : openssl-libs-1:3.2.2-6.el9_5.1.x86_64                69/84 
Test remote (slow)	UNKNOWN STEP	2025-11-03T11:07:56.6544573Z #14 8.270   Installing       : krb5-libs-1.21.1-8.el9_6.x86_64                      70/84 
Test remote (slow)	UNKNOWN STEP	2025-11-03T11:07:56.6545054Z #14 8.280   Installing       : libevent-2.1.12-8.el9_4.x86_64                       71/84 
Test remote (slow)	UNKNOWN STEP	2025-11-03T11:07:56.8666884Z #14 8.283   Installing       : python3-3.9.21-2.el9_6.2.x86_64                      72/84 
Test remote (slow)	UNKNOWN STEP	2025-11-03T11:07:57.0554882Z #14 8.646   Installing       : python3-libs-3.9.21-2.el9_6.2.x86_64                 73/84 
Test remote (slow)	UNKNOWN STEP	2025-11-03T11:07:57.0555506Z #14 8.668   Installing       : crypto-policies-scripts-20250128-1.git5269e22.el9.   74/84 
Test remote (slow)	UNKNOWN STEP	2025-11-03T11:07:57.0556061Z #14 8.672   Installing       : nss-sysinit-3.112.0-4.el9_4.x86_64                   75/84 
Test remote (slow)	UNKNOWN STEP	2025-11-03T11:07:57.0556554Z #14 8.682   Installing       : nss-3.112.0-4.el9_4.x86_64                           76/84 
Test remote (slow)	UNKNOWN STEP	2025-11-03T11:07:57.1637618Z #14 8.684   Running scriptlet: nss-3.112.0-4.el9_4.x86_64                           76/84 
Test remote (slow)	UNKNOWN STEP	2025-11-03T11:07:57.3171077Z #14 8.943   Installing       : systemd-libs-252-51.el9_6.2.x86_64                   77/84 
Test remote (slow)	UNKNOWN STEP	2025-11-03T11:07:57.4247187Z #14 8.946   Running scriptlet: systemd-libs-252-51.el9_6.2.x86_64                   77/84 
Test remote (slow)	UNKNOWN STEP	2025-11-03T11:07:57.6136266Z #14 9.204   Installing       : dbus-libs-1:1.12.20-8.el9.x86_64                     78/84 
Test remote (slow)	UNKNOWN STEP	2025-11-03T11:07:57.6136979Z #14 9.209   Installing       : avahi-libs-0.8-22.el9_6.1.x86_64                     79/84 
Test remote (slow)	UNKNOWN STEP	2025-11-03T11:07:57.6137452Z #14 9.215   Installing       : cups-libs-1:2.3.3op2-33.el9_6.1.x86_64               80/84 
Test remote (slow)	UNKNOWN STEP	2025-11-03T11:07:57.6137929Z #14 9.222   Installing       : findutils-1:4.8.0-7.el9.x86_64                       81/84 
Test remote (slow)	UNKNOWN STEP	2025-11-03T11:07:57.6138401Z #14 9.226   Installing       : copy-jdk-configs-4.0-3.el9.noarch                    82/84 
Test remote (slow)	UNKNOWN STEP	2025-11-03T11:07:58.1633067Z #14 9.242   Installing       : alsa-lib-1.2.13-2.el9.x86_64                         83/84 
Test remote (slow)	UNKNOWN STEP	2025-11-03T11:07:58.3191675Z #14 9.943   Installing       : java-21-openjdk-headless-1:21.0.9.0.10-1.el9.x86_6   84/84 
Test remote (slow)	UNKNOWN STEP	2025-11-03T11:07:58.4268976Z #14 9.948   Running scriptlet: java-21-openjdk-headless-1:21.0.9.0.10-1.el9.x86_6   84/84 
Test remote (slow)	UNKNOWN STEP	2025-11-03T11:07:58.6818046Z #14 10.21   Running scriptlet: filesystem-3.16-5.el9.x86_64                         84/84 
Test remote (slow)	UNKNOWN STEP	2025-11-03T11:08:00.0602521Z #14 10.46   Running scriptlet: ca-certificates-2024.2.69_v8.0.303-91.4.el9_4.noar   84/84 
Test remote (slow)	UNKNOWN STEP	2025-11-03T11:08:00.8634392Z #14 11.84   Running scriptlet: crypto-policies-scripts-20250128-1.git5269e22.el9.   84/84 
Test remote (slow)	UNKNOWN STEP	2025-11-03T11:08:01.5904627Z #14 12.63   Running scriptlet: nss-3.112.0-4.el9_4.x86_64                           84/84 
Test remote (slow)	UNKNOWN STEP	2025-11-03T11:08:01.8403780Z #14 13.37   Running scriptlet: copy-jdk-configs-4.0-3.el9.noarch                    84/84 
Test remote (slow)	UNKNOWN STEP	2025-11-03T11:08:02.3879745Z #14 13.62   Running scriptlet: java-21-openjdk-headless-1:21.0.9.0.10-1.el9.x86_6   84/84 
Test remote (slow)	UNKNOWN STEP	2025-11-03T11:08:02.3882582Z #14 14.17   Verifying        : alternatives-1.24-2.el9.x86_64                        1/84 
Test remote (slow)	UNKNOWN STEP	2025-11-03T11:08:02.5879133Z #14 14.17   Verifying        : avahi-libs-0.8-22.el9_6.1.x86_64                      2/84 
Test remote (slow)	UNKNOWN STEP	2025-11-03T11:08:02.5884172Z #14 14.17   Verifying        : basesystem-11-13.el9.noarch                           3/84 
Test remote (slow)	UNKNOWN STEP	2025-11-03T11:08:02.5885520Z #14 14.17   Verifying        : bash-5.1.8-9.el9.x86_64                               4/84 
Test remote (slow)	UNKNOWN STEP	2025-11-03T11:08:02.5886193Z #14 14.17   Verifying        : bzip2-libs-1.0.8-10.el9_5.x86_64                      5/84 
Test remote (slow)	UNKNOWN STEP	2025-11-03T11:08:02.5886757Z #14 14.17   Verifying        : ca-certificates-2024.2.69_v8.0.303-91.4.el9_4.noar    6/84 
Test remote (slow)	UNKNOWN STEP	2025-11-03T11:08:02.5887557Z #14 14.17   Verifying        : coreutils-single-8.32-39.el9.x86_64                   7/84 
Test remote (slow)	UNKNOWN STEP	2025-11-03T11:08:02.5888165Z #14 14.17   Verifying        : crypto-policies-20250128-1.git5269e22.el9.noarch      8/84 
Test remote (slow)	UNKNOWN STEP	2025-11-03T11:08:02.5888655Z #14 14.17   Verifying        : crypto-policies-scripts-20250128-1.git5269e22.el9.    9/84 
Test remote (slow)	UNKNOWN STEP	2025-11-03T11:08:02.5889236Z #14 14.17   Verifying        : cups-libs-1:2.3.3op2-33.el9_6.1.x86_64               10/84 
Test remote (slow)	UNKNOWN STEP	2025-11-03T11:08:02.5889752Z #14 14.17   Verifying        : dbus-libs-1:1.12.20-8.el9.x86_64                     11/84 
Test remote (slow)	UNKNOWN STEP	2025-11-03T11:08:02.5890172Z #14 14.17   Verifying        : expat-2.5.0-5.el9_6.x86_64                           12/84 
Test remote (slow)	UNKNOWN STEP	2025-11-03T11:08:02.5890693Z #14 14.17   Verifying        : filesystem-3.16-5.el9.x86_64                         13/84 
Test remote (slow)	UNKNOWN STEP	2025-11-03T11:08:02.5891111Z #14 14.17   Verifying        : findutils-1:4.8.0-7.el9.x86_64                       14/84 
Test remote (slow)	UNKNOWN STEP	2025-11-03T11:08:02.5891619Z #14 14.17   Verifying        : gawk-5.1.0-6.el9.x86_64                              15/84 
Test remote (slow)	UNKNOWN STEP	2025-11-03T11:08:02.5892087Z #14 14.17   Verifying        : gdbm-libs-1:1.23-1.el9.x86_64                        16/84 
Test remote (slow)	UNKNOWN STEP	2025-11-03T11:08:02.5892696Z #14 14.17   Verifying        : glibc-2.34-168.el9_6.23.x86_64                       17/84 
Test remote (slow)	UNKNOWN STEP	2025-11-03T11:08:02.5893219Z #14 14.17   Verifying        : glibc-common-2.34-168.el9_6.23.x86_64                18/84 
Test remote (slow)	UNKNOWN STEP	2025-11-03T11:08:02.5893988Z #14 14.17   Verifying        : glibc-langpack-en-2.34-168.el9_6.23.x86_64           19/84 
Test remote (slow)	UNKNOWN STEP	2025-11-03T11:08:02.5894399Z #14 14.17   Verifying        : gmp-1:6.2.0-13.el9.x86_64                            20/84 
Test remote (slow)	UNKNOWN STEP	2025-11-03T11:08:02.5894910Z #14 14.17   Verifying        : gnutls-3.8.3-6.el9_6.2.x86_64                        21/84 
Test remote (slow)	UNKNOWN STEP	2025-11-03T11:08:02.5895386Z #14 14.17   Verifying        : grep-3.6-5.el9.x86_64                                22/84 
Test remote (slow)	UNKNOWN STEP	2025-11-03T11:08:02.5895824Z #14 14.17   Verifying        : keyutils-libs-1.6.3-1.el9.x86_64                     23/84 
Test remote (slow)	UNKNOWN STEP	2025-11-03T11:08:02.5896342Z #14 14.17   Verifying        : krb5-libs-1.21.1-8.el9_6.x86_64                      24/84 
Test remote (slow)	UNKNOWN STEP	2025-11-03T11:08:02.5896748Z #14 14.17   Verifying        : libacl-2.3.1-4.el9.x86_64                            25/84 
Test remote (slow)	UNKNOWN STEP	2025-11-03T11:08:02.5897252Z #14 14.17   Verifying        : libattr-2.5.1-3.el9.x86_64                           26/84 
Test remote (slow)	UNKNOWN STEP	2025-11-03T11:08:02.5897659Z #14 14.17   Verifying        : libcap-2.48-9.el9_2.x86_64                           27/84 
Test remote (slow)	UNKNOWN STEP	2025-11-03T11:08:02.5898170Z #14 14.17   Verifying        : libcom_err-1.46.5-7.el9.x86_64                       28/84 
Test remote (slow)	UNKNOWN STEP	2025-11-03T11:08:02.5898661Z #14 14.17   Verifying        : libevent-2.1.12-8.el9_4.x86_64                       29/84 
Test remote (slow)	UNKNOWN STEP	2025-11-03T11:08:02.5899085Z #14 14.17   Verifying        : libffi-3.4.2-8.el9.x86_64                            30/84 
Test remote (slow)	UNKNOWN STEP	2025-11-03T11:08:02.5899587Z #14 14.17   Verifying        : libgcc-11.5.0-5.el9_5.x86_64                         31/84 
Test remote (slow)	UNKNOWN STEP	2025-11-03T11:08:02.5899998Z #14 14.17   Verifying        : libgcrypt-1.10.0-11.el9.x86_64                       32/84 
Test remote (slow)	UNKNOWN STEP	2025-11-03T11:08:02.5900522Z #14 14.17   Verifying        : libgpg-error-1.42-5.el9.x86_64                       33/84 
Test remote (slow)	UNKNOWN STEP	2025-11-03T11:08:02.5900945Z #14 14.17   Verifying        : libidn2-2.3.0-7.el9.x86_64                           34/84 
Test remote (slow)	UNKNOWN STEP	2025-11-03T11:08:02.5901446Z #14 14.17   Verifying        : libselinux-3.6-3.el9.x86_64                          35/84 
Test remote (slow)	UNKNOWN STEP	2025-11-03T11:08:02.5901956Z #14 14.17   Verifying        : libsepol-3.6-2.el9.x86_64                            36/84 
Test remote (slow)	UNKNOWN STEP	2025-11-03T11:08:02.5902566Z #14 14.17   Verifying        : libsigsegv-2.13-4.el9.x86_64                         37/84 
Test remote (slow)	UNKNOWN STEP	2025-11-03T11:08:02.5903175Z #14 14.17   Verifying        : libtasn1-4.16.0-9.el9.x86_64                         38/84 
Test remote (slow)	UNKNOWN STEP	2025-11-03T11:08:02.5903647Z #14 14.17   Verifying        : libunistring-0.9.10-15.el9.x86_64                    39/84 
Test remote (slow)	UNKNOWN STEP	2025-11-03T11:08:02.5904178Z #14 14.17   Verifying        : libuuid-2.37.4-21.el9.x86_64                         40/84 
Test remote (slow)	UNKNOWN STEP	2025-11-03T11:08:02.5904616Z #14 14.17   Verifying        : libverto-0.3.2-3.el9.x86_64                          41/84 
Test remote (slow)	UNKNOWN STEP	2025-11-03T11:08:02.5905139Z #14 14.17   Verifying        : libxcrypt-4.4.18-3.el9.x86_64                        42/84 
Test remote (slow)	UNKNOWN STEP	2025-11-03T11:08:02.5905632Z #14 14.17   Verifying        : libzstd-1.5.5-1.el9.x86_64                           43/84 
Test remote (slow)	UNKNOWN STEP	2025-11-03T11:08:02.5906056Z #14 14.17   Verifying        : lksctp-tools-1.0.19-3.el9_4.x86_64                   44/84 
Test remote (slow)	UNKNOWN STEP	2025-11-03T11:08:02.5906579Z #14 14.17   Verifying        : lua-libs-5.4.4-4.el9.x86_64                          45/84 
Test remote (slow)	UNKNOWN STEP	2025-11-03T11:08:02.5906973Z #14 14.17   Verifying        : lz4-libs-1.9.3-5.el9.x86_64                          46/84 
Test remote (slow)	UNKNOWN STEP	2025-11-03T11:08:02.5907517Z #14 14.17   Verifying        : mpfr-4.1.0-7.el9.x86_64                              47/84 
Test remote (slow)	UNKNOWN STEP	2025-11-03T11:08:02.5907961Z #14 14.17   Verifying        : ncurses-base-6.2-10.20210508.el9_6.2.noarch          48/84 
Test remote (slow)	UNKNOWN STEP	2025-11-03T11:08:02.5908460Z #14 14.17   Verifying        : ncurses-libs-6.2-10.20210508.el9_6.2.x86_64          49/84 
Test remote (slow)	UNKNOWN STEP	2025-11-03T11:08:02.5908979Z #14 14.17   Verifying        : nettle-3.10.1-1.el9.x86_64                           50/84 
Test remote (slow)	UNKNOWN STEP	2025-11-03T11:08:02.5909405Z #14 14.17   Verifying        : openssl-fips-provider-3.0.7-6.el9_5.x86_64           51/84 
Test remote (slow)	UNKNOWN STEP	2025-11-03T11:08:02.5909952Z #14 14.17   Verifying        : openssl-fips-provider-so-3.0.7-6.el9_5.x86_64        52/84 
Test remote (slow)	UNKNOWN STEP	2025-11-03T11:08:02.5910674Z #14 14.17   Verifying        : openssl-libs-1:3.2.2-6.el9_5.1.x86_64                53/84 
Test remote (slow)	UNKNOWN STEP	2025-11-03T11:08:02.5911079Z #14 14.17   Verifying        : p11-kit-0.25.3-3.el9_5.x86_64                        54/84 
Test remote (slow)	UNKNOWN STEP	2025-11-03T11:08:02.5911592Z #14 14.17   Verifying        : p11-kit-trust-0.25.3-3.el9_5.x86_64                  55/84 
Test remote (slow)	UNKNOWN STEP	2025-11-03T11:08:02.5912008Z #14 14.17   Verifying        : pcre-8.44-4.el9.x86_64                               56/84 
Test remote (slow)	UNKNOWN STEP	2025-11-03T11:08:02.5912755Z #14 14.17   Verifying        : pcre2-10.40-6.el9.x86_64                             57/84 
Test remote (slow)	UNKNOWN STEP	2025-11-03T11:08:02.5913302Z #14 14.17   Verifying        : pcre2-syntax-10.40-6.el9.noarch                      58/84 
Test remote (slow)	UNKNOWN STEP	2025-11-03T11:08:02.5913798Z #14 14.17   Verifying        : python3-3.9.21-2.el9_6.2.x86_64                      59/84 
Test remote (slow)	UNKNOWN STEP	2025-11-03T11:08:02.5914270Z #14 14.17   Verifying        : python3-libs-3.9.21-2.el9_6.2.x86_64                 60/84 
Test remote (slow)	UNKNOWN STEP	2025-11-03T11:08:02.5914828Z #14 14.17   Verifying        : python3-pip-wheel-21.3.1-1.el9.noarch                61/84 
Test remote (slow)	UNKNOWN STEP	2025-11-03T11:08:02.5915282Z #14 14.17   Verifying        : python3-setuptools-wheel-53.0.0-13.el9_6.1.noarch    62/84 
Test remote (slow)	UNKNOWN STEP	2025-11-03T11:08:02.5915840Z #14 14.17   Verifying        : readline-8.1-4.el9.x86_64                            63/84 
Test remote (slow)	UNKNOWN STEP	2025-11-03T11:08:02.5916349Z #14 14.17   Verifying        : redhat-release-9.6-0.1.el9.x86_64                    64/84 
Test remote (slow)	UNKNOWN STEP	2025-11-03T11:08:02.5916784Z #14 14.17   Verifying        : sed-4.8-9.el9.x86_64                                 65/84 
Test remote (slow)	UNKNOWN STEP	2025-11-03T11:08:02.5917311Z #14 14.17   Verifying        : setup-2.13.7-10.el9.noarch                           66/84 
Test remote (slow)	UNKNOWN STEP	2025-11-03T11:08:02.5917728Z #14 14.17   Verifying        : sqlite-libs-3.34.1-8.el9_6.x86_64                    67/84 
Test remote (slow)	UNKNOWN STEP	2025-11-03T11:08:02.5918265Z #14 14.17   Verifying        : systemd-libs-252-51.el9_6.2.x86_64                   68/84 
Test remote (slow)	UNKNOWN STEP	2025-11-03T11:08:02.5918682Z #14 14.17   Verifying        : tzdata-2025b-1.el9.noarch                            69/84 
Test remote (slow)	UNKNOWN STEP	2025-11-03T11:08:02.5919226Z #14 14.17   Verifying        : xz-libs-5.2.5-8.el9_0.x86_64                         70/84 
Test remote (slow)	UNKNOWN STEP	2025-11-03T11:08:02.5919625Z #14 14.17   Verifying        : zlib-1.2.11-40.el9.x86_64                            71/84 
Test remote (slow)	UNKNOWN STEP	2025-11-03T11:08:02.5920177Z #14 14.17   Verifying        : copy-jdk-configs-4.0-3.el9.noarch                    72/84 
Test remote (slow)	UNKNOWN STEP	2025-11-03T11:08:02.5920731Z #14 14.17   Verifying        : lua-5.4.4-4.el9.x86_64                               73/84 
Test remote (slow)	UNKNOWN STEP	2025-11-03T11:08:02.5921136Z #14 14.17   Verifying        : lua-posix-35.0-8.el9.x86_64                          74/84 
Test remote (slow)	UNKNOWN STEP	2025-11-03T11:08:02.5921541Z #14 14.17   Verifying        : alsa-lib-1.2.13-2.el9.x86_64                         75/84 
Test remote (slow)	UNKNOWN STEP	2025-11-03T11:08:02.5921945Z #14 14.17   Verifying        : java-21-openjdk-headless-1:21.0.9.0.10-1.el9.x86_6   76/84 
Test remote (slow)	UNKNOWN STEP	2025-11-03T11:08:02.5922709Z #14 14.17   Verifying        : javapackages-filesystem-6.4.0-1.el9.noarch           77/84 
Test remote (slow)	UNKNOWN STEP	2025-11-03T11:08:02.5923218Z #14 14.17   Verifying        : nspr-4.36.0-4.el9_4.x86_64                           78/84 
Test remote (slow)	UNKNOWN STEP	2025-11-03T11:08:02.5923608Z #14 14.17   Verifying        : nss-3.112.0-4.el9_4.x86_64                           79/84 
Test remote (slow)	UNKNOWN STEP	2025-11-03T11:08:02.5924005Z #14 14.17   Verifying        : nss-softokn-3.112.0-4.el9_4.x86_64                   80/84 
Test remote (slow)	UNKNOWN STEP	2025-11-03T11:08:02.5924436Z #14 14.17   Verifying        : nss-softokn-freebl-3.112.0-4.el9_4.x86_64            81/84 
Test remote (slow)	UNKNOWN STEP	2025-11-03T11:08:02.5924859Z #14 14.17   Verifying        : nss-sysinit-3.112.0-4.el9_4.x86_64                   82/84 
Test remote (slow)	UNKNOWN STEP	2025-11-03T11:08:02.5925264Z #14 14.17   Verifying        : nss-util-3.112.0-4.el9_4.x86_64                      83/84 
Test remote (slow)	UNKNOWN STEP	2025-11-03T11:08:02.5925676Z #14 14.17   Verifying        : tzdata-java-2025b-1.el9.noarch                       84/84 
Test remote (slow)	UNKNOWN STEP	2025-11-03T11:08:02.5926021Z #14 14.24 Installed products updated.
Test remote (slow)	UNKNOWN STEP	2025-11-03T11:08:02.5926257Z #14 14.26 
Test remote (slow)	UNKNOWN STEP	2025-11-03T11:08:02.5926414Z #14 14.26 Installed:
Test remote (slow)	UNKNOWN STEP	2025-11-03T11:08:02.5926824Z #14 14.26   alsa-lib-1.2.13-2.el9.x86_64                                                  
Test remote (slow)	UNKNOWN STEP	2025-11-03T11:08:02.5927387Z #14 14.26   alternatives-1.24-2.el9.x86_64                                                
Test remote (slow)	UNKNOWN STEP	2025-11-03T11:08:02.5927788Z #14 14.26   avahi-libs-0.8-22.el9_6.1.x86_64                                              
Test remote (slow)	UNKNOWN STEP	2025-11-03T11:08:02.5928194Z #14 14.26   basesystem-11-13.el9.noarch                                                   
Test remote (slow)	UNKNOWN STEP	2025-11-03T11:08:02.5928581Z #14 14.26   bash-5.1.8-9.el9.x86_64                                                       
Test remote (slow)	UNKNOWN STEP	2025-11-03T11:08:02.5928961Z #14 14.26   bzip2-libs-1.0.8-10.el9_5.x86_64                                              
Test remote (slow)	UNKNOWN STEP	2025-11-03T11:08:02.5929385Z #14 14.26   ca-certificates-2024.2.69_v8.0.303-91.4.el9_4.noarch                          
Test remote (slow)	UNKNOWN STEP	2025-11-03T11:08:02.5929822Z #14 14.26   copy-jdk-configs-4.0-3.el9.noarch                                             
Test remote (slow)	UNKNOWN STEP	2025-11-03T11:08:02.5930256Z #14 14.26   coreutils-single-8.32-39.el9.x86_64                                           
Test remote (slow)	UNKNOWN STEP	2025-11-03T11:08:02.5930723Z #14 14.26   crypto-policies-20250128-1.git5269e22.el9.noarch                              
Test remote (slow)	UNKNOWN STEP	2025-11-03T11:08:02.5931214Z #14 14.26   crypto-policies-scripts-20250128-1.git5269e22.el9.noarch                      
Test remote (slow)	UNKNOWN STEP	2025-11-03T11:08:02.5931677Z #14 14.26   cups-libs-1:2.3.3op2-33.el9_6.1.x86_64                                        
Test remote (slow)	UNKNOWN STEP	2025-11-03T11:08:02.5932074Z #14 14.26   dbus-libs-1:1.12.20-8.el9.x86_64                                              
Test remote (slow)	UNKNOWN STEP	2025-11-03T11:08:02.5932686Z #14 14.26   expat-2.5.0-5.el9_6.x86_64                                                    
Test remote (slow)	UNKNOWN STEP	2025-11-03T11:08:02.5933062Z #14 14.26   filesystem-3.16-5.el9.x86_64                                                  
Test remote (slow)	UNKNOWN STEP	2025-11-03T11:08:02.5933451Z #14 14.26   findutils-1:4.8.0-7.el9.x86_64                                                
Test remote (slow)	UNKNOWN STEP	2025-11-03T11:08:02.5933960Z #14 14.26   gawk-5.1.0-6.el9.x86_64                                                       
Test remote (slow)	UNKNOWN STEP	2025-11-03T11:08:02.5934326Z #14 14.26   gdbm-libs-1:1.23-1.el9.x86_64                                                 
Test remote (slow)	UNKNOWN STEP	2025-11-03T11:08:02.5934703Z #14 14.26   glibc-2.34-168.el9_6.23.x86_64                                                
Test remote (slow)	UNKNOWN STEP	2025-11-03T11:08:02.5935099Z #14 14.26   glibc-common-2.34-168.el9_6.23.x86_64                                         
Test remote (slow)	UNKNOWN STEP	2025-11-03T11:08:02.5935664Z #14 14.26   glibc-langpack-en-2.34-168.el9_6.23.x86_64                                    
Test remote (slow)	UNKNOWN STEP	2025-11-03T11:08:02.5936243Z #14 14.26   gmp-1:6.2.0-13.el9.x86_64                                                     
Test remote (slow)	UNKNOWN STEP	2025-11-03T11:08:02.5936667Z #14 14.26   gnutls-3.8.3-6.el9_6.2.x86_64                                                 
Test remote (slow)	UNKNOWN STEP	2025-11-03T11:08:02.5937243Z #14 14.26   grep-3.6-5.el9.x86_64                                                         
Test remote (slow)	UNKNOWN STEP	2025-11-03T11:08:02.5937741Z #14 14.26   java-21-openjdk-headless-1:21.0.9.0.10-1.el9.x86_64                           
Test remote (slow)	UNKNOWN STEP	2025-11-03T11:08:02.5938311Z #14 14.26   javapackages-filesystem-6.4.0-1.el9.noarch                                    
Test remote (slow)	UNKNOWN STEP	2025-11-03T11:08:02.5938894Z #14 14.26   keyutils-libs-1.6.3-1.el9.x86_64                                              
Test remote (slow)	UNKNOWN STEP	2025-11-03T11:08:02.5939439Z #14 14.26   krb5-libs-1.21.1-8.el9_6.x86_64                                               
Test remote (slow)	UNKNOWN STEP	2025-11-03T11:08:02.5939877Z #14 14.26   libacl-2.3.1-4.el9.x86_64                                                     
Test remote (slow)	UNKNOWN STEP	2025-11-03T11:08:02.5940376Z #14 14.26   libattr-2.5.1-3.el9.x86_64                                                    
Test remote (slow)	UNKNOWN STEP	2025-11-03T11:08:02.5940865Z #14 14.26   libcap-2.48-9.el9_2.x86_64                                                    
Test remote (slow)	UNKNOWN STEP	2025-11-03T11:08:02.5941333Z #14 14.26   libcom_err-1.46.5-7.el9.x86_64                                                
Test remote (slow)	UNKNOWN STEP	2025-11-03T11:08:02.5953983Z #14 14.26   libevent-2.1.12-8.el9_4.x86_64                                                
Test remote (slow)	UNKNOWN STEP	2025-11-03T11:08:02.5954498Z #14 14.26   libffi-3.4.2-8.el9.x86_64                                                     
Test remote (slow)	UNKNOWN STEP	2025-11-03T11:08:02.5954895Z #14 14.26   libgcc-11.5.0-5.el9_5.x86_64                                                  
Test remote (slow)	UNKNOWN STEP	2025-11-03T11:08:02.5955887Z #14 14.26   libgcrypt-1.10.0-11.el9.x86_64                                                
Test remote (slow)	UNKNOWN STEP	2025-11-03T11:08:02.5956418Z #14 14.26   libgpg-error-1.42-5.el9.x86_64                                                
Test remote (slow)	UNKNOWN STEP	2025-11-03T11:08:02.5957063Z #14 14.26   libidn2-2.3.0-7.el9.x86_64                                                    
Test remote (slow)	UNKNOWN STEP	2025-11-03T11:08:02.5957723Z #14 14.26   libselinux-3.6-3.el9.x86_64                                                   
Test remote (slow)	UNKNOWN STEP	2025-11-03T11:08:02.5958446Z #14 14.26   libsepol-3.6-2.el9.x86_64                                                     
Test remote (slow)	UNKNOWN STEP	2025-11-03T11:08:02.5959120Z #14 14.26   libsigsegv-2.13-4.el9.x86_64                                                  
Test remote (slow)	UNKNOWN STEP	2025-11-03T11:08:02.5959884Z #14 14.26   libtasn1-4.16.0-9.el9.x86_64                                                  
Test remote (slow)	UNKNOWN STEP	2025-11-03T11:08:02.5960577Z #14 14.26   libunistring-0.9.10-15.el9.x86_64                                             
Test remote (slow)	UNKNOWN STEP	2025-11-03T11:08:02.5961317Z #14 14.26   libuuid-2.37.4-21.el9.x86_64                                                  
Test remote (slow)	UNKNOWN STEP	2025-11-03T11:08:02.5962032Z #14 14.26   libverto-0.3.2-3.el9.x86_64                                                   
Test remote (slow)	UNKNOWN STEP	2025-11-03T11:08:02.5962960Z #14 14.26   libxcrypt-4.4.18-3.el9.x86_64                                                 
Test remote (slow)	UNKNOWN STEP	2025-11-03T11:08:02.5963672Z #14 14.26   libzstd-1.5.5-1.el9.x86_64                                                    
Test remote (slow)	UNKNOWN STEP	2025-11-03T11:08:02.5964361Z #14 14.26   lksctp-tools-1.0.19-3.el9_4.x86_64                                            
Test remote (slow)	UNKNOWN STEP	2025-11-03T11:08:02.5965015Z #14 14.26   lua-5.4.4-4.el9.x86_64                                                        
Test remote (slow)	UNKNOWN STEP	2025-11-03T11:08:02.5965688Z #14 14.26   lua-libs-5.4.4-4.el9.x86_64                                                   
Test remote (slow)	UNKNOWN STEP	2025-11-03T11:08:02.5966376Z #14 14.26   lua-posix-35.0-8.el9.x86_64                                                   
Test remote (slow)	UNKNOWN STEP	2025-11-03T11:08:02.5967058Z #14 14.26   lz4-libs-1.9.3-5.el9.x86_64                                                   
Test remote (slow)	UNKNOWN STEP	2025-11-03T11:08:02.5967708Z #14 14.26   mpfr-4.1.0-7.el9.x86_64                                                       
Test remote (slow)	UNKNOWN STEP	2025-11-03T11:08:02.5968463Z #14 14.26   ncurses-base-6.2-10.20210508.el9_6.2.noarch                                   
Test remote (slow)	UNKNOWN STEP	2025-11-03T11:08:02.5969447Z #14 14.26   ncurses-libs-6.2-10.20210508.el9_6.2.x86_64                                   
Test remote (slow)	UNKNOWN STEP	2025-11-03T11:08:02.5970202Z #14 14.26   nettle-3.10.1-1.el9.x86_64                                                    
Test remote (slow)	UNKNOWN STEP	2025-11-03T11:08:02.5970858Z #14 14.26   nspr-4.36.0-4.el9_4.x86_64                                                    
Test remote (slow)	UNKNOWN STEP	2025-11-03T11:08:02.5971516Z #14 14.26   nss-3.112.0-4.el9_4.x86_64                                                    
Test remote (slow)	UNKNOWN STEP	2025-11-03T11:08:02.5972390Z #14 14.26   nss-softokn-3.112.0-4.el9_4.x86_64                                            
Test remote (slow)	UNKNOWN STEP	2025-11-03T11:08:02.5973185Z #14 14.26   nss-softokn-freebl-3.112.0-4.el9_4.x86_64                                     
Test remote (slow)	UNKNOWN STEP	2025-11-03T11:08:02.5973995Z #14 14.26   nss-sysinit-3.112.0-4.el9_4.x86_64                                            
Test remote (slow)	UNKNOWN STEP	2025-11-03T11:08:02.5974689Z #14 14.26   nss-util-3.112.0-4.el9_4.x86_64                                               
Test remote (slow)	UNKNOWN STEP	2025-11-03T11:08:02.5975473Z #14 14.26   openssl-fips-provider-3.0.7-6.el9_5.x86_64                                    
Test remote (slow)	UNKNOWN STEP	2025-11-03T11:08:02.5976325Z #14 14.26   openssl-fips-provider-so-3.0.7-6.el9_5.x86_64                                 
Test remote (slow)	UNKNOWN STEP	2025-11-03T11:08:02.5977169Z #14 14.26   openssl-libs-1:3.2.2-6.el9_5.1.x86_64                                         
Test remote (slow)	UNKNOWN STEP	2025-11-03T11:08:02.5977669Z #14 14.26   p11-kit-0.25.3-3.el9_5.x86_64                                                 
Test remote (slow)	UNKNOWN STEP	2025-11-03T11:08:02.5978097Z #14 14.26   p11-kit-trust-0.25.3-3.el9_5.x86_64                                           
Test remote (slow)	UNKNOWN STEP	2025-11-03T11:08:02.5978485Z #14 14.26   pcre-8.44-4.el9.x86_64                                                        
Test remote (slow)	UNKNOWN STEP	2025-11-03T11:08:02.5978849Z #14 14.26   pcre2-10.40-6.el9.x86_64                                                      
Test remote (slow)	UNKNOWN STEP	2025-11-03T11:08:02.5979431Z #14 14.26   pcre2-syntax-10.40-6.el9.noarch                                               
Test remote (slow)	UNKNOWN STEP	2025-11-03T11:08:02.5979835Z #14 14.26   python3-3.9.21-2.el9_6.2.x86_64                                               
Test remote (slow)	UNKNOWN STEP	2025-11-03T11:08:02.5980239Z #14 14.26   python3-libs-3.9.21-2.el9_6.2.x86_64                                          
Test remote (slow)	UNKNOWN STEP	2025-11-03T11:08:02.5980666Z #14 14.26   python3-pip-wheel-21.3.1-1.el9.noarch                                         
Test remote (slow)	UNKNOWN STEP	2025-11-03T11:08:02.5981318Z #14 14.26   python3-setuptools-wheel-53.0.0-13.el9_6.1.noarch                             
Test remote (slow)	UNKNOWN STEP	2025-11-03T11:08:02.5981770Z #14 14.26   readline-8.1-4.el9.x86_64                                                     
Test remote (slow)	UNKNOWN STEP	2025-11-03T11:08:02.5982377Z #14 14.26   redhat-release-9.6-0.1.el9.x86_64                                             
Test remote (slow)	UNKNOWN STEP	2025-11-03T11:08:02.5982790Z #14 14.26   sed-4.8-9.el9.x86_64                                                          
Test remote (slow)	UNKNOWN STEP	2025-11-03T11:08:02.5983171Z #14 14.26   setup-2.13.7-10.el9.noarch                                                    
Test remote (slow)	UNKNOWN STEP	2025-11-03T11:08:02.5983647Z #14 14.26   sqlite-libs-3.34.1-8.el9_6.x86_64                                             
Test remote (slow)	UNKNOWN STEP	2025-11-03T11:08:02.5984120Z #14 14.26   systemd-libs-252-51.el9_6.2.x86_64                                            
Test remote (slow)	UNKNOWN STEP	2025-11-03T11:08:02.5984535Z #14 14.26   tzdata-2025b-1.el9.noarch                                                     
Test remote (slow)	UNKNOWN STEP	2025-11-03T11:08:02.5984954Z #14 14.26   tzdata-java-2025b-1.el9.noarch                                                
Test remote (slow)	UNKNOWN STEP	2025-11-03T11:08:02.5985361Z #14 14.26   xz-libs-5.2.5-8.el9_0.x86_64                                                  
Test remote (slow)	UNKNOWN STEP	2025-11-03T11:08:02.5985815Z #14 14.26   zlib-1.2.11-40.el9.x86_64                                                     
Test remote (slow)	UNKNOWN STEP	2025-11-03T11:08:02.5986188Z #14 14.26 
Test remote (slow)	UNKNOWN STEP	2025-11-03T11:08:02.5986361Z #14 14.26 Complete!
Test remote (slow)	UNKNOWN STEP	2025-11-03T11:08:02.5986608Z #14 14.37 + dnf --installroot /tmp/null/rootfs clean all
Test remote (slow)	UNKNOWN STEP	2025-11-03T11:08:02.8274622Z #14 14.61 Updating Subscription Management repositories.
Test remote (slow)	UNKNOWN STEP	2025-11-03T11:08:03.0323367Z #14 14.61 Unable to read consumer identity
Test remote (slow)	UNKNOWN STEP	2025-11-03T11:08:03.0323703Z #14 14.61 
Test remote (slow)	UNKNOWN STEP	2025-11-03T11:08:03.0324129Z #14 14.61 This system is not registered with an entitlement server. You can use subscription-manager to register.
Test remote (slow)	UNKNOWN STEP	2025-11-03T11:08:03.0324791Z #14 14.61 
Test remote (slow)	UNKNOWN STEP	2025-11-03T11:08:03.0325324Z #14 14.62 26 files removed
Test remote (slow)	UNKNOWN STEP	2025-11-03T11:08:03.0326382Z #14 14.66 + rm -rf /tmp/null/rootfs/var/cache/bpf /tmp/null/rootfs/var/cache/dnf /tmp/null/rootfs/var/cache/ldconfig /tmp/null/rootfs/var/log/dnf.librepo.log /tmp/null/rootfs/var/log/dnf.log /tmp/null/rootfs/var/log/dnf.rpm.log '/tmp/null/rootfs/var/log/yum.*'
Test remote (slow)	UNKNOWN STEP	2025-11-03T11:08:03.0327626Z #14 14.66 ==> Building dependency tree
Test remote (slow)	UNKNOWN STEP	2025-11-03T11:08:03.2789569Z #14 15.06 ==> 42 packages to erase:
Test remote (slow)	UNKNOWN STEP	2025-11-03T11:08:03.4344009Z #14 15.06 alsa-lib
Test remote (slow)	UNKNOWN STEP	2025-11-03T11:08:03.4344451Z #14 15.06 avahi-libs
Test remote (slow)	UNKNOWN STEP	2025-11-03T11:08:03.4344849Z #14 15.06 bzip2-libs
Test remote (slow)	UNKNOWN STEP	2025-11-03T11:08:03.4346850Z #14 15.06 copy-jdk-configs
Test remote (slow)	UNKNOWN STEP	2025-11-03T11:08:03.4347264Z #14 15.06 cups-libs
Test remote (slow)	UNKNOWN STEP	2025-11-03T11:08:03.4347563Z #14 15.06 dbus-libs
Test remote (slow)	UNKNOWN STEP	2025-11-03T11:08:03.4347849Z #14 15.06 expat
Test remote (slow)	UNKNOWN STEP	2025-11-03T11:08:03.4348128Z #14 15.06 gawk
Test remote (slow)	UNKNOWN STEP	2025-11-03T11:08:03.4348354Z #14 15.06 gdbm-libs
Test remote (slow)	UNKNOWN STEP	2025-11-03T11:08:03.4348643Z #14 15.06 gmp
Test remote (slow)	UNKNOWN STEP	2025-11-03T11:08:03.4348814Z #14 15.06 gnutls
Test remote (slow)	UNKNOWN STEP	2025-11-03T11:08:03.4349000Z #14 15.06 gpg-pubkey
Test remote (slow)	UNKNOWN STEP	2025-11-03T11:08:03.4349201Z #14 15.06 keyutils-libs
Test remote (slow)	UNKNOWN STEP	2025-11-03T11:08:03.4349391Z #14 15.06 krb5-libs
Test remote (slow)	UNKNOWN STEP	2025-11-03T11:08:03.4349558Z #14 15.06 libcom_err
Test remote (slow)	UNKNOWN STEP	2025-11-03T11:08:03.4349733Z #14 15.06 libevent
Test remote (slow)	UNKNOWN STEP	2025-11-03T11:08:03.4349904Z #14 15.06 libffi
Test remote (slow)	UNKNOWN STEP	2025-11-03T11:08:03.4350070Z #14 15.06 libgcrypt
Test remote (slow)	UNKNOWN STEP	2025-11-03T11:08:03.4350262Z #14 15.06 libgpg-error
Test remote (slow)	UNKNOWN STEP	2025-11-03T11:08:03.4350447Z #14 15.06 libidn2
Test remote (slow)	UNKNOWN STEP	2025-11-03T11:08:03.4350614Z #14 15.06 libunistring
Test remote (slow)	UNKNOWN STEP	2025-11-03T11:08:03.4350793Z #14 15.06 libuuid
Test remote (slow)	UNKNOWN STEP	2025-11-03T11:08:03.4350957Z #14 15.06 libverto
Test remote (slow)	UNKNOWN STEP	2025-11-03T11:08:03.4351122Z #14 15.06 libxcrypt
Test remote (slow)	UNKNOWN STEP	2025-11-03T11:08:03.4351297Z #14 15.06 libzstd
Test remote (slow)	UNKNOWN STEP	2025-11-03T11:08:03.4351732Z #14 15.06 lua
Test remote (slow)	UNKNOWN STEP	2025-11-03T11:08:03.4351892Z #14 15.06 lua-libs
Test remote (slow)	UNKNOWN STEP	2025-11-03T11:08:03.4352064Z #14 15.06 lua-posix
Test remote (slow)	UNKNOWN STEP	2025-11-03T11:08:03.4352460Z #14 15.06 lz4-libs
Test remote (slow)	UNKNOWN STEP	2025-11-03T11:08:03.4352636Z #14 15.06 mpfr
Test remote (slow)	UNKNOWN STEP	2025-11-03T11:08:03.4352795Z #14 15.06 nettle
Test remote (slow)	UNKNOWN STEP	2025-11-03T11:08:03.4352983Z #14 15.06 openssl-fips-provider
Test remote (slow)	UNKNOWN STEP	2025-11-03T11:08:03.4353229Z #14 15.06 openssl-fips-provider-so
Test remote (slow)	UNKNOWN STEP	2025-11-03T11:08:03.4353455Z #14 15.06 openssl-libs
Test remote (slow)	UNKNOWN STEP	2025-11-03T11:08:03.4353636Z #14 15.06 p11-kit
Test remote (slow)	UNKNOWN STEP	2025-11-03T11:08:03.4353804Z #14 15.06 python3
Test remote (slow)	UNKNOWN STEP	2025-11-03T11:08:03.4353969Z #14 15.06 python3-libs
Test remote (slow)	UNKNOWN STEP	2025-11-03T11:08:03.4354163Z #14 15.06 python3-pip-wheel
Test remote (slow)	UNKNOWN STEP	2025-11-03T11:08:03.4354392Z #14 15.06 python3-setuptools-wheel
Test remote (slow)	UNKNOWN STEP	2025-11-03T11:08:03.4354607Z #14 15.06 readline
Test remote (slow)	UNKNOWN STEP	2025-11-03T11:08:03.4354779Z #14 15.06 systemd-libs
Test remote (slow)	UNKNOWN STEP	2025-11-03T11:08:03.4354956Z #14 15.06 xz-libs
Test remote (slow)	UNKNOWN STEP	2025-11-03T11:08:03.4355128Z #14 15.06 ==> 43 packages to keep:
Test remote (slow)	UNKNOWN STEP	2025-11-03T11:08:03.4355342Z #14 15.06 alternatives
Test remote (slow)	UNKNOWN STEP	2025-11-03T11:08:03.4355524Z #14 15.06 basesystem
Test remote (slow)	UNKNOWN STEP	2025-11-03T11:08:03.4355701Z #14 15.06 bash
Test remote (slow)	UNKNOWN STEP	2025-11-03T11:08:03.4355872Z #14 15.06 ca-certificates
Test remote (slow)	UNKNOWN STEP	2025-11-03T11:08:03.4356080Z #14 15.06 coreutils-single
Test remote (slow)	UNKNOWN STEP	2025-11-03T11:08:03.4356286Z #14 15.06 crypto-policies
Test remote (slow)	UNKNOWN STEP	2025-11-03T11:08:03.4356493Z #14 15.06 crypto-policies-scripts
Test remote (slow)	UNKNOWN STEP	2025-11-03T11:08:03.4356715Z #14 15.06 filesystem
Test remote (slow)	UNKNOWN STEP	2025-11-03T11:08:03.4356893Z #14 15.06 findutils
Test remote (slow)	UNKNOWN STEP	2025-11-03T11:08:03.4357059Z #14 15.06 glibc
Test remote (slow)	UNKNOWN STEP	2025-11-03T11:08:03.4357238Z #14 15.06 glibc-common
Test remote (slow)	UNKNOWN STEP	2025-11-03T11:08:03.4357428Z #14 15.06 glibc-langpack-en
Test remote (slow)	UNKNOWN STEP	2025-11-03T11:08:03.4357627Z #14 15.06 grep
Test remote (slow)	UNKNOWN STEP	2025-11-03T11:08:03.4357806Z #14 15.06 java-21-openjdk-headless
Test remote (slow)	UNKNOWN STEP	2025-11-03T11:08:03.4358038Z #14 15.06 javapackages-filesystem
Test remote (slow)	UNKNOWN STEP	2025-11-03T11:08:03.4358245Z #14 15.06 libacl
Test remote (slow)	UNKNOWN STEP	2025-11-03T11:08:03.4358410Z #14 15.06 libattr
Test remote (slow)	UNKNOWN STEP	2025-11-03T11:08:03.4358572Z #14 15.06 libcap
Test remote (slow)	UNKNOWN STEP	2025-11-03T11:08:03.4358729Z #14 15.06 libgcc
Test remote (slow)	UNKNOWN STEP	2025-11-03T11:08:03.4358892Z #14 15.06 libselinux
Test remote (slow)	UNKNOWN STEP	2025-11-03T11:08:03.4359065Z #14 15.06 libsepol
Test remote (slow)	UNKNOWN STEP	2025-11-03T11:08:03.4359226Z #14 15.06 libsigsegv
Test remote (slow)	UNKNOWN STEP	2025-11-03T11:08:03.4359407Z #14 15.06 libtasn1
Test remote (slow)	UNKNOWN STEP	2025-11-03T11:08:03.4359578Z #14 15.06 lksctp-tools
Test remote (slow)	UNKNOWN STEP	2025-11-03T11:08:03.4359760Z #14 15.06 ncurses-base
Test remote (slow)	UNKNOWN STEP	2025-11-03T11:08:03.4359934Z #14 15.06 ncurses-libs
Test remote (slow)	UNKNOWN STEP	2025-11-03T11:08:03.4360108Z #14 15.06 nspr
Test remote (slow)	UNKNOWN STEP	2025-11-03T11:08:03.4360263Z #14 15.06 nss
Test remote (slow)	UNKNOWN STEP	2025-11-03T11:08:03.4360421Z #14 15.06 nss-softokn
Test remote (slow)	UNKNOWN STEP	2025-11-03T11:08:03.4360764Z #14 15.06 nss-softokn-freebl
Test remote (slow)	UNKNOWN STEP	2025-11-03T11:08:03.4360974Z #14 15.06 nss-sysinit
Test remote (slow)	UNKNOWN STEP	2025-11-03T11:08:03.4361145Z #14 15.06 nss-util
Test remote (slow)	UNKNOWN STEP	2025-11-03T11:08:03.4361316Z #14 15.06 p11-kit-trust
Test remote (slow)	UNKNOWN STEP	2025-11-03T11:08:03.4361497Z #14 15.06 pcre
Test remote (slow)	UNKNOWN STEP	2025-11-03T11:08:03.4361649Z #14 15.06 pcre2
Test remote (slow)	UNKNOWN STEP	2025-11-03T11:08:03.4361818Z #14 15.06 pcre2-syntax
Test remote (slow)	UNKNOWN STEP	2025-11-03T11:08:03.4361998Z #14 15.06 redhat-release
Test remote (slow)	UNKNOWN STEP	2025-11-03T11:08:03.4362289Z #14 15.06 sed
Test remote (slow)	UNKNOWN STEP	2025-11-03T11:08:03.4362448Z #14 15.06 setup
Test remote (slow)	UNKNOWN STEP	2025-11-03T11:08:03.4362613Z #14 15.06 sqlite-libs
Test remote (slow)	UNKNOWN STEP	2025-11-03T11:08:03.4362779Z #14 15.06 tzdata
Test remote (slow)	UNKNOWN STEP	2025-11-03T11:08:03.4362943Z #14 15.06 tzdata-java
Test remote (slow)	UNKNOWN STEP	2025-11-03T11:08:03.4363117Z #14 15.06 zlib
Test remote (slow)	UNKNOWN STEP	2025-11-03T11:08:03.4363269Z #14 15.06 
Test remote (slow)	UNKNOWN STEP	2025-11-03T11:08:03.4363434Z #14 15.06 ==> Erasing packages
Test remote (slow)	UNKNOWN STEP	2025-11-03T11:08:03.4363742Z #14 15.06 + xargs rpm -r /tmp/null/rootfs --erase --nodeps --allmatches
Test remote (slow)	UNKNOWN STEP	2025-11-03T11:08:03.5854118Z #14 15.36 
Test remote (slow)	UNKNOWN STEP	2025-11-03T11:08:03.5854774Z #14 15.36 ==> Packages erased ok!
Test remote (slow)	UNKNOWN STEP	2025-11-03T11:08:03.7605505Z #14 DONE 15.4s
Test remote (slow)	UNKNOWN STEP	2025-11-03T11:08:04.2720578Z 
Test remote (slow)	UNKNOWN STEP	2025-11-03T11:08:04.2721181Z #15 [stage-1 2/4] COPY --from=ubi-micro-build /tmp/null/rootfs/ /
Test remote (slow)	UNKNOWN STEP	2025-11-03T11:08:05.4837169Z #15 DONE 1.2s
Test remote (slow)	UNKNOWN STEP	2025-11-03T11:08:05.6358854Z 
Test remote (slow)	UNKNOWN STEP	2025-11-03T11:08:05.6359573Z #16 [stage-1 3/4] COPY --from=ubi-micro-build --chown=1000:0 /opt/keycloak /opt/keycloak
Test remote (slow)	UNKNOWN STEP	2025-11-03T11:08:05.9185359Z #16 DONE 0.4s
Test remote (slow)	UNKNOWN STEP	2025-11-03T11:08:06.0413611Z 
Test remote (slow)	UNKNOWN STEP	2025-11-03T11:08:06.0414536Z #17 [stage-1 4/4] RUN echo "keycloak:x:0:root" >> /etc/group &&     echo "keycloak:x:1000:0:keycloak user:/opt/keycloak:/sbin/nologin" >> /etc/passwd
Test remote (slow)	UNKNOWN STEP	2025-11-03T11:08:06.0415450Z #17 DONE 0.1s
Test remote (slow)	UNKNOWN STEP	2025-11-03T11:08:06.1934574Z 
Test remote (slow)	UNKNOWN STEP	2025-11-03T11:08:06.1935467Z #18 exporting to image
Test remote (slow)	UNKNOWN STEP	2025-11-03T11:08:06.1935867Z #18 exporting layers
Test remote (slow)	UNKNOWN STEP	2025-11-03T11:08:07.0111307Z #18 exporting layers 1.0s done
Test remote (slow)	UNKNOWN STEP	2025-11-03T11:08:07.0363846Z #18 writing image sha256:ded97972daca6026d3ce08fed6f727f5c6de0e461f507b7ef03853e1a8871881 done
Test remote (slow)	UNKNOWN STEP	2025-11-03T11:08:07.0365719Z #18 naming to docker.io/library/keycloak:0.0.1-68ee67 done
Test remote (slow)	UNKNOWN STEP	2025-11-03T11:08:07.0366676Z #18 DONE 1.0s
Test remote (slow)	UNKNOWN STEP	2025-11-03T11:08:07.0441954Z + VERSION=0.0.1-68ee67
Test remote (slow)	UNKNOWN STEP	2025-11-03T11:08:07.0442895Z + KEYCLOAK_IMAGE=keycloak
Test remote (slow)	UNKNOWN STEP	2025-11-03T11:08:07.0443752Z + KEYCLOAK_CUSTOM_IMAGE=custom-keycloak
Test remote (slow)	UNKNOWN STEP	2025-11-03T11:08:07.0444205Z + echo 'Using version: 0.0.1-68ee67'
Test remote (slow)	UNKNOWN STEP	2025-11-03T11:08:07.0444644Z Using version: 0.0.1-68ee67
Test remote (slow)	UNKNOWN STEP	2025-11-03T11:08:07.0448536Z +++ dirname -- ./scripts/build-testing-docker-images.sh
Test remote (slow)	UNKNOWN STEP	2025-11-03T11:08:07.0458555Z ++ cd -- ./scripts
Test remote (slow)	UNKNOWN STEP	2025-11-03T11:08:07.0458896Z ++ pwd
Test remote (slow)	UNKNOWN STEP	2025-11-03T11:08:07.0461460Z + SCRIPT_DIR=/home/runner/work/keycloak/keycloak/operator/scripts
Test remote (slow)	UNKNOWN STEP	2025-11-03T11:08:07.0463371Z + docker build -f /home/runner/work/keycloak/keycloak/operator/scripts/Dockerfile-custom-image --build-arg IMAGE=keycloak --build-arg VERSION=0.0.1-68ee67 -t custom-keycloak:0.0.1-68ee67 /home/runner/work/keycloak/keycloak/operator/scripts
Test remote (slow)	UNKNOWN STEP	2025-11-03T11:08:07.3889844Z #0 building with "default" instance using docker driver
Test remote (slow)	UNKNOWN STEP	2025-11-03T11:08:07.3890259Z 
Test remote (slow)	UNKNOWN STEP	2025-11-03T11:08:07.3890569Z #1 [internal] load build definition from Dockerfile-custom-image
Test remote (slow)	UNKNOWN STEP	2025-11-03T11:08:07.3891182Z #1 transferring dockerfile: 232B done
Test remote (slow)	UNKNOWN STEP	2025-11-03T11:08:07.3891592Z #1 DONE 0.0s
Test remote (slow)	UNKNOWN STEP	2025-11-03T11:08:07.3891771Z 
Test remote (slow)	UNKNOWN STEP	2025-11-03T11:08:07.3892089Z #2 [internal] load metadata for docker.io/library/keycloak:0.0.1-68ee67
Test remote (slow)	UNKNOWN STEP	2025-11-03T11:08:07.3892918Z #2 DONE 0.0s
Test remote (slow)	UNKNOWN STEP	2025-11-03T11:08:07.3893110Z 
Test remote (slow)	UNKNOWN STEP	2025-11-03T11:08:07.3893262Z #3 [internal] load .dockerignore
Test remote (slow)	UNKNOWN STEP	2025-11-03T11:08:07.3893675Z #3 transferring context: 2B done
Test remote (slow)	UNKNOWN STEP	2025-11-03T11:08:07.3894049Z #3 DONE 0.0s
Test remote (slow)	UNKNOWN STEP	2025-11-03T11:08:07.3894232Z 
Test remote (slow)	UNKNOWN STEP	2025-11-03T11:08:07.3894431Z #4 [1/2] FROM docker.io/library/keycloak:0.0.1-68ee67
Test remote (slow)	UNKNOWN STEP	2025-11-03T11:08:07.3894902Z #4 DONE 0.0s
Test remote (slow)	UNKNOWN STEP	2025-11-03T11:08:07.3895076Z 
Test remote (slow)	UNKNOWN STEP	2025-11-03T11:08:07.3895707Z #5 [2/2] RUN /opt/keycloak/bin/kc.sh build --db=postgres --health-enabled=true --metrics-enabled=true --features=rolling-updates
Test remote (slow)	UNKNOWN STEP	2025-11-03T11:08:08.2452681Z #5 1.006 Updating the configuration and installing your custom providers, if any. Please wait.
Test remote (slow)	UNKNOWN STEP	2025-11-03T11:08:19.5202044Z #5 12.28 2025-11-03 11:08:19,518 INFO  [io.quarkus.deployment.QuarkusAugmentor] (main) Quarkus augmentation completed in 10264ms
Test remote (slow)	UNKNOWN STEP	2025-11-03T11:08:19.7611537Z #5 12.30 Server configuration updated and persisted. Run the following command to review the configuration:
Test remote (slow)	UNKNOWN STEP	2025-11-03T11:08:19.7612556Z #5 12.30 
Test remote (slow)	UNKNOWN STEP	2025-11-03T11:08:19.7612872Z #5 12.30 	kc.sh show-config
Test remote (slow)	UNKNOWN STEP	2025-11-03T11:08:19.7613231Z #5 12.30 
Test remote (slow)	UNKNOWN STEP	2025-11-03T11:08:19.7613513Z #5 DONE 12.4s
Test remote (slow)	UNKNOWN STEP	2025-11-03T11:08:19.7613694Z 
Test remote (slow)	UNKNOWN STEP	2025-11-03T11:08:19.7613834Z #6 exporting to image
Test remote (slow)	UNKNOWN STEP	2025-11-03T11:08:19.7614167Z #6 exporting layers
Test remote (slow)	UNKNOWN STEP	2025-11-03T11:08:20.0047150Z #6 exporting layers 0.4s done
Test remote (slow)	UNKNOWN STEP	2025-11-03T11:08:20.0249467Z #6 writing image sha256:90c3d5417a4fa77269a03a8197ea7566eb67085668f770a6b39b7bdfbdaff74c done
Test remote (slow)	UNKNOWN STEP	2025-11-03T11:08:20.0250423Z #6 naming to docker.io/library/custom-keycloak:0.0.1-68ee67 done
Test remote (slow)	UNKNOWN STEP	2025-11-03T11:08:20.0250970Z #6 DONE 0.4s
Test remote (slow)	UNKNOWN STEP	2025-11-03T11:08:20.0332444Z ##[group]Run declare -A PARAMS
Test remote (slow)	UNKNOWN STEP	2025-11-03T11:08:20.0332789Z [36;1mdeclare -A PARAMS[0m
Test remote (slow)	UNKNOWN STEP	2025-11-03T11:08:20.0333079Z [36;1mPARAMS["slow"]="-Dkc.quarkus.tests.groups=slow"[0m
Test remote (slow)	UNKNOWN STEP	2025-11-03T11:08:20.0333429Z [36;1mPARAMS["fast"]='-Dkc.quarkus.tests.groups=!slow'[0m
Test remote (slow)	UNKNOWN STEP	2025-11-03T11:08:20.0333702Z [36;1m[0m
Test remote (slow)	UNKNOWN STEP	2025-11-03T11:08:20.0333913Z [36;1meval $(minikube -p minikube docker-env)[0m
Test remote (slow)	UNKNOWN STEP	2025-11-03T11:08:20.0334270Z [36;1m./mvnw install -Poperator -pl :keycloak-operator -am \[0m
Test remote (slow)	UNKNOWN STEP	2025-11-03T11:08:20.0334628Z [36;1m    -Dquarkus.container-image.build=true \[0m
Test remote (slow)	UNKNOWN STEP	2025-11-03T11:08:20.0334997Z [36;1m    -Dquarkus.kubernetes.image-pull-policy=IfNotPresent \[0m
Test remote (slow)	UNKNOWN STEP	2025-11-03T11:08:20.0335395Z [36;1m    -Dkc.operator.keycloak.image=keycloak:0.0.1-68ee67 \[0m
Test remote (slow)	UNKNOWN STEP	2025-11-03T11:08:20.0336103Z [36;1m    -Dquarkus.kubernetes.env.vars.kc-operator-keycloak-image-pull-policy=Never \[0m
Test remote (slow)	UNKNOWN STEP	2025-11-03T11:08:20.0336611Z [36;1m    -Dtest.operator.custom.image=custom-keycloak:0.0.1-68ee67 \[0m
Test remote (slow)	UNKNOWN STEP	2025-11-03T11:08:20.0337110Z [36;1m    --no-transfer-progress -Dtest.operator.deployment=remote ${PARAMS["slow"]}[0m
Test remote (slow)	UNKNOWN STEP	2025-11-03T11:08:20.0370252Z shell: /usr/bin/bash --noprofile --norc -e -o pipefail {0}
Test remote (slow)	UNKNOWN STEP	2025-11-03T11:08:20.0370569Z env:
Test remote (slow)	UNKNOWN STEP	2025-11-03T11:08:20.0370835Z   MAVEN_ARGS: -B -nsu -Daether.connector.http.connectionMaxTtl=25
Test remote (slow)	UNKNOWN STEP	2025-11-03T11:08:20.0371174Z   MINIKUBE_VERSION: v1.37.0
Test remote (slow)	UNKNOWN STEP	2025-11-03T11:08:20.0371406Z   KUBERNETES_VERSION: v1.32.9
Test remote (slow)	UNKNOWN STEP	2025-11-03T11:08:20.0371623Z   MINIKUBE_MEMORY: 4096
Test remote (slow)	UNKNOWN STEP	2025-11-03T11:08:20.0371819Z   version_remote: 0.0.1-68ee67
Test remote (slow)	UNKNOWN STEP	2025-11-03T11:08:20.0372308Z   JAVA_HOME: /opt/hostedtoolcache/Java_Temurin-Hotspot_jdk/21.0.9-10/x64
Test remote (slow)	UNKNOWN STEP	2025-11-03T11:08:20.0373090Z   JAVA_HOME_21_X64: /opt/hostedtoolcache/Java_Temurin-Hotspot_jdk/21.0.9-10/x64
Test remote (slow)	UNKNOWN STEP	2025-11-03T11:08:20.0373626Z   MINIKUBE_HOME: /home/runner/work/_temp
Test remote (slow)	UNKNOWN STEP	2025-11-03T11:08:20.0373875Z ##[endgroup]
Test remote (slow)	UNKNOWN STEP	2025-11-03T11:08:28.1680833Z [INFO] Loading cache configuration from /home/runner/work/keycloak/keycloak/.mvn/maven-build-cache-config.xml
Test remote (slow)	UNKNOWN STEP	2025-11-03T11:08:28.1833720Z [INFO] Scanning for projects...
Test remote (slow)	UNKNOWN STEP	2025-11-03T11:08:29.8582029Z [INFO] ------------------------------------------------------------------------
Test remote (slow)	UNKNOWN STEP	2025-11-03T11:08:29.8613003Z [INFO] Reactor Build Order:
Test remote (slow)	UNKNOWN STEP	2025-11-03T11:08:29.8613709Z [INFO] 
Test remote (slow)	UNKNOWN STEP	2025-11-03T11:08:29.8614349Z [INFO] Keycloak                                                           [pom]
Test remote (slow)	UNKNOWN STEP	2025-11-03T11:08:29.8615169Z [INFO] Keycloak Common                                                    [jar]
Test remote (slow)	UNKNOWN STEP	2025-11-03T11:08:29.8616121Z [INFO] Keycloak Core                                                      [jar]
Test remote (slow)	UNKNOWN STEP	2025-11-03T11:08:29.8617548Z [INFO] Keycloak Operator                                                  [jar]
Test remote (slow)	UNKNOWN STEP	2025-11-03T11:08:29.8724161Z [INFO] 
Test remote (slow)	UNKNOWN STEP	2025-11-03T11:08:29.8725224Z [INFO] --------------------< org.keycloak:keycloak-parent >--------------------
Test remote (slow)	UNKNOWN STEP	2025-11-03T11:08:29.8726094Z [INFO] Building Keycloak 999.0.0-SNAPSHOT                                 [1/4]
Test remote (slow)	UNKNOWN STEP	2025-11-03T11:08:29.8727518Z [INFO]   from pom.xml
Test remote (slow)	UNKNOWN STEP	2025-11-03T11:08:29.8728978Z [INFO] --------------------------------[ pom ]---------------------------------
Test remote (slow)	UNKNOWN STEP	2025-11-03T11:08:32.1406201Z [INFO] 
Test remote (slow)	UNKNOWN STEP	2025-11-03T11:08:32.1406836Z [INFO] --- enforcer:3.0.0-M3:enforce (enforce-java-version) @ keycloak-parent ---
Test remote (slow)	UNKNOWN STEP	2025-11-03T11:08:47.9559977Z [INFO] 
Test remote (slow)	UNKNOWN STEP	2025-11-03T11:08:47.9566883Z [INFO] --- enforcer:3.0.0-M3:enforce (enforce-maven-version) @ keycloak-parent ---
Test remote (slow)	UNKNOWN STEP	2025-11-03T11:08:47.9587518Z [INFO] 
Test remote (slow)	UNKNOWN STEP	2025-11-03T11:08:47.9598192Z [INFO] --- buildnumber:1.4:create (get-scm-revision) @ keycloak-parent ---
Test remote (slow)	UNKNOWN STEP	2025-11-03T11:09:12.4261562Z [INFO] Executing: /bin/sh -c cd '/home/runner/work/keycloak/keycloak' && 'git' 'rev-parse' '--verify' 'HEAD'
Test remote (slow)	UNKNOWN STEP	2025-11-03T11:09:12.4265691Z [INFO] Working directory: /home/runner/work/keycloak/keycloak
Test remote (slow)	UNKNOWN STEP	2025-11-03T11:09:12.4762571Z [INFO] Storing buildNumber: 68ee6724f4e99e02793e56bae6b25e2515a5ff34 at timestamp: 1762168152412
Test remote (slow)	UNKNOWN STEP	2025-11-03T11:09:12.4818848Z [WARNING] Cannot get the branch information from the git repository: 
Test remote (slow)	UNKNOWN STEP	2025-11-03T11:09:12.4820517Z Detecting the current branch failed: fatal: ref HEAD is not a symbolic ref
Test remote (slow)	UNKNOWN STEP	2025-11-03T11:09:12.4834044Z 
Test remote (slow)	UNKNOWN STEP	2025-11-03T11:09:12.4836942Z [INFO] Executing: /bin/sh -c cd '/home/runner/work/keycloak/keycloak' && 'git' 'rev-parse' '--verify' 'HEAD'
Test remote (slow)	UNKNOWN STEP	2025-11-03T11:09:12.4838169Z [INFO] Working directory: /home/runner/work/keycloak/keycloak
Test remote (slow)	UNKNOWN STEP	2025-11-03T11:09:12.4870800Z [INFO] Storing buildScmBranch: UNKNOWN
Test remote (slow)	UNKNOWN STEP	2025-11-03T11:09:12.4875757Z [INFO] 
Test remote (slow)	UNKNOWN STEP	2025-11-03T11:09:12.4880772Z [INFO] --- source:3.1.0:jar-no-fork (attach-sources) @ keycloak-parent ---
Test remote (slow)	UNKNOWN STEP	2025-11-03T11:09:14.1101686Z [INFO] 
Test remote (slow)	UNKNOWN STEP	2025-11-03T11:09:14.1102086Z [INFO] --- install:2.5.2:install (default-install) @ keycloak-parent ---
Test remote (slow)	UNKNOWN STEP	2025-11-03T11:09:15.1944513Z [INFO] Installing /home/runner/work/keycloak/keycloak/pom.xml to /home/runner/.m2/repository/org/keycloak/keycloak-parent/999.0.0-SNAPSHOT/keycloak-parent-999.0.0-SNAPSHOT.pom
Test remote (slow)	UNKNOWN STEP	2025-11-03T11:09:15.2035692Z [INFO] 
Test remote (slow)	UNKNOWN STEP	2025-11-03T11:09:15.2036242Z [INFO] --------------------< org.keycloak:keycloak-common >--------------------
Test remote (slow)	UNKNOWN STEP	2025-11-03T11:09:15.2037031Z [INFO] Building Keycloak Common 999.0.0-SNAPSHOT                          [2/4]
Test remote (slow)	UNKNOWN STEP	2025-11-03T11:09:15.2044788Z [INFO]   from common/pom.xml
Test remote (slow)	UNKNOWN STEP	2025-11-03T11:09:15.2045354Z [INFO] --------------------------------[ jar ]---------------------------------
Test remote (slow)	UNKNOWN STEP	2025-11-03T11:09:17.4782908Z [INFO] 
Test remote (slow)	UNKNOWN STEP	2025-11-03T11:09:17.4783502Z [INFO] --- enforcer:3.0.0-M3:enforce (enforce-java-version) @ keycloak-common ---
Test remote (slow)	UNKNOWN STEP	2025-11-03T11:09:17.4798429Z [INFO] 
Test remote (slow)	UNKNOWN STEP	2025-11-03T11:09:17.4799127Z [INFO] --- enforcer:3.0.0-M3:enforce (enforce-maven-version) @ keycloak-common ---
Test remote (slow)	UNKNOWN STEP	2025-11-03T11:09:17.4805402Z [INFO] 
Test remote (slow)	UNKNOWN STEP	2025-11-03T11:09:17.4806074Z [INFO] --- buildnumber:1.4:create (get-scm-revision) @ keycloak-common ---
Test remote (slow)	UNKNOWN STEP	2025-11-03T11:09:17.4817629Z [INFO] 
Test remote (slow)	UNKNOWN STEP	2025-11-03T11:09:17.4818472Z [INFO] --- resources:3.2.0:resources (default-resources) @ keycloak-common ---
Test remote (slow)	UNKNOWN STEP	2025-11-03T11:09:24.1238854Z [INFO] Using 'UTF-8' encoding to copy filtered resources.
Test remote (slow)	UNKNOWN STEP	2025-11-03T11:09:24.1239549Z [INFO] Using 'UTF-8' encoding to copy filtered properties files.
Test remote (slow)	UNKNOWN STEP	2025-11-03T11:09:24.1259913Z [INFO] Copying 1 resource
Test remote (slow)	UNKNOWN STEP	2025-11-03T11:09:24.1389736Z [INFO] The encoding used to copy filtered properties files have not been set. This means that the same encoding will be used to copy filtered properties files as when copying other filtered resources. This might not be what you want! Run your build with --debug to see which files might be affected. Read more at https://maven.apache.org/plugins/maven-resources-plugin/examples/filtering-properties-files.html
Test remote (slow)	UNKNOWN STEP	2025-11-03T11:09:24.1398116Z [INFO] 
Test remote (slow)	UNKNOWN STEP	2025-11-03T11:09:24.1398631Z [INFO] --- compiler:3.8.1:compile (default-compile) @ keycloak-common ---
Test remote (slow)	UNKNOWN STEP	2025-11-03T11:09:26.5477187Z [INFO] Changes detected - recompiling the module!
Test remote (slow)	UNKNOWN STEP	2025-11-03T11:09:26.5506153Z [INFO] Compiling 71 source files to /home/runner/work/keycloak/keycloak/common/target/classes
Test remote (slow)	UNKNOWN STEP	2025-11-03T11:09:29.0813962Z [WARNING] source value 8 is obsolete and will be removed in a future release
Test remote (slow)	UNKNOWN STEP	2025-11-03T11:09:29.0814834Z [WARNING] target value 8 is obsolete and will be removed in a future release
Test remote (slow)	UNKNOWN STEP	2025-11-03T11:09:29.0815712Z [WARNING] To suppress warnings about obsolete options, use -Xlint:-options.
Test remote (slow)	UNKNOWN STEP	2025-11-03T11:09:29.0832439Z [WARNING] /home/runner/work/keycloak/keycloak/common/src/main/java/org/keycloak/common/util/reflections/Types.java:[84,38] unchecked call to isAssignableFrom(java.lang.Class<?>) as a member of the raw type java.lang.Class
Test remote (slow)	UNKNOWN STEP	2025-11-03T11:09:29.0835426Z [WARNING] /home/runner/work/keycloak/keycloak/common/src/main/java/org/keycloak/common/util/reflections/Types.java:[172,44] unchecked call to isAssignableFrom(java.lang.Class<?>) as a member of the raw type java.lang.Class
Test remote (slow)	UNKNOWN STEP	2025-11-03T11:09:29.0838337Z [WARNING] /home/runner/work/keycloak/keycloak/common/src/main/java/org/keycloak/common/util/reflections/Types.java:[233,35] unchecked call to getMethod(java.lang.String,java.lang.Class<?>...) as a member of the raw type java.lang.Class
Test remote (slow)	UNKNOWN STEP	2025-11-03T11:09:29.0841850Z [WARNING] /home/runner/work/keycloak/keycloak/common/src/main/java/org/keycloak/common/util/reflections/Types.java:[241,41] unchecked call to getMethod(java.lang.String,java.lang.Class<?>...) as a member of the raw type java.lang.Class
Test remote (slow)	UNKNOWN STEP	2025-11-03T11:09:29.0874613Z [WARNING] /home/runner/work/keycloak/keycloak/common/src/main/java/org/keycloak/common/util/reflections/Reflections.java:[267,48] unchecked cast
Test remote (slow)	UNKNOWN STEP	2025-11-03T11:09:29.0875831Z   required: java.lang.Class<T>
Test remote (slow)	UNKNOWN STEP	2025-11-03T11:09:29.0876433Z   found:    java.lang.Class<capture#1 of ?>
Test remote (slow)	UNKNOWN STEP	2025-11-03T11:09:29.0877650Z [WARNING] /home/runner/work/keycloak/keycloak/common/src/main/java/org/keycloak/common/util/reflections/Reflections.java:[269,48] unchecked cast
Test remote (slow)	UNKNOWN STEP	2025-11-03T11:09:29.0878856Z   required: java.lang.Class<T>
Test remote (slow)	UNKNOWN STEP	2025-11-03T11:09:29.0879298Z   found:    java.lang.Class<capture#2 of ?>
Test remote (slow)	UNKNOWN STEP	2025-11-03T11:09:29.0880507Z [WARNING] /home/runner/work/keycloak/keycloak/common/src/main/java/org/keycloak/common/util/reflections/Reflections.java:[274,52] unchecked cast
Test remote (slow)	UNKNOWN STEP	2025-11-03T11:09:29.0882049Z   required: java.lang.Class<T>
Test remote (slow)	UNKNOWN STEP	2025-11-03T11:09:29.0883443Z   found:    java.lang.Class<capture#3 of ?>
Test remote (slow)	UNKNOWN STEP	2025-11-03T11:09:29.0884663Z [WARNING] /home/runner/work/keycloak/keycloak/common/src/main/java/org/keycloak/common/util/reflections/Reflections.java:[1013,86] unchecked cast
Test remote (slow)	UNKNOWN STEP	2025-11-03T11:09:29.0885834Z   required: T
Test remote (slow)	UNKNOWN STEP	2025-11-03T11:09:29.0886149Z   found:    java.lang.Object
Test remote (slow)	UNKNOWN STEP	2025-11-03T11:09:29.0887480Z [WARNING] /home/runner/work/keycloak/keycloak/common/src/main/java/org/keycloak/common/util/MultivaluedMap.java:[34,34] Possible heap pollution from parameterized vararg type V
Test remote (slow)	UNKNOWN STEP	2025-11-03T11:09:29.0889836Z [WARNING] /home/runner/work/keycloak/keycloak/common/src/main/java/org/keycloak/common/util/Encode.java:[210,48] encode(java.lang.String) in java.net.URLEncoder has been deprecated
Test remote (slow)	UNKNOWN STEP	2025-11-03T11:09:29.0891836Z [WARNING] /home/runner/work/keycloak/keycloak/common/src/main/java/org/keycloak/common/util/Resteasy.java:[48,44] unchecked cast
Test remote (slow)	UNKNOWN STEP	2025-11-03T11:09:29.0893006Z   required: R
Test remote (slow)	UNKNOWN STEP	2025-11-03T11:09:29.0893319Z   found:    java.lang.Object
Test remote (slow)	UNKNOWN STEP	2025-11-03T11:09:29.0894337Z [WARNING] /home/runner/work/keycloak/keycloak/common/src/main/java/org/keycloak/common/util/Resteasy.java:[67,44] unchecked cast
Test remote (slow)	UNKNOWN STEP	2025-11-03T11:09:29.0895407Z   required: R
Test remote (slow)	UNKNOWN STEP	2025-11-03T11:09:29.0895720Z   found:    java.lang.Object
Test remote (slow)	UNKNOWN STEP	2025-11-03T11:09:29.0897346Z [WARNING] /home/runner/work/keycloak/keycloak/common/src/main/java/org/keycloak/common/util/Resteasy.java:[78,20] unchecked method invocation: method pushContext in class org.keycloak.common.util.Resteasy is applied to given types
Test remote (slow)	UNKNOWN STEP	2025-11-03T11:09:29.0899014Z   required: java.lang.Class<R>,R
Test remote (slow)	UNKNOWN STEP	2025-11-03T11:09:29.0899520Z   found:    java.lang.Class,java.lang.Object
Test remote (slow)	UNKNOWN STEP	2025-11-03T11:09:29.0900651Z [WARNING] /home/runner/work/keycloak/keycloak/common/src/main/java/org/keycloak/common/util/Resteasy.java:[78,21] unchecked conversion
Test remote (slow)	UNKNOWN STEP	2025-11-03T11:09:29.0901785Z   required: java.lang.Class<R>
Test remote (slow)	UNKNOWN STEP	2025-11-03T11:09:29.0902335Z   found:    java.lang.Class
Test remote (slow)	UNKNOWN STEP	2025-11-03T11:09:29.0902643Z [INFO] 
Test remote (slow)	UNKNOWN STEP	2025-11-03T11:09:29.0903176Z [INFO] --- resources:3.2.0:testResources (default-testResources) @ keycloak-common ---
Test remote (slow)	UNKNOWN STEP	2025-11-03T11:09:29.0904017Z [INFO] Using 'UTF-8' encoding to copy filtered resources.
Test remote (slow)	UNKNOWN STEP	2025-11-03T11:09:29.0904640Z [INFO] Using 'UTF-8' encoding to copy filtered properties files.
Test remote (slow)	UNKNOWN STEP	2025-11-03T11:09:29.0905561Z [INFO] skip non existing resourceDirectory /home/runner/work/keycloak/keycloak/common/src/test/resources
Test remote (slow)	UNKNOWN STEP	2025-11-03T11:09:29.0906345Z [INFO] 
Test remote (slow)	UNKNOWN STEP	2025-11-03T11:09:29.0906839Z [INFO] --- compiler:3.8.1:testCompile (default-testCompile) @ keycloak-common ---
Test remote (slow)	UNKNOWN STEP	2025-11-03T11:09:29.0924260Z [INFO] Changes detected - recompiling the module!
Test remote (slow)	UNKNOWN STEP	2025-11-03T11:09:29.0931889Z [INFO] Compiling 15 source files to /home/runner/work/keycloak/keycloak/common/target/test-classes
Test remote (slow)	UNKNOWN STEP	2025-11-03T11:09:29.4914531Z [WARNING] source value 8 is obsolete and will be removed in a future release
Test remote (slow)	UNKNOWN STEP	2025-11-03T11:09:29.4915481Z [WARNING] target value 8 is obsolete and will be removed in a future release
Test remote (slow)	UNKNOWN STEP	2025-11-03T11:09:29.4918205Z [WARNING] To suppress warnings about obsolete options, use -Xlint:-options.
Test remote (slow)	UNKNOWN STEP	2025-11-03T11:09:29.4920622Z [WARNING] /home/runner/work/keycloak/keycloak/common/src/test/java/org/keycloak/common/util/Base64DecodeTest.java:[24,43] org.keycloak.common.util.Base64 in org.keycloak.common.util has been deprecated
Test remote (slow)	UNKNOWN STEP	2025-11-03T11:09:29.4923942Z [WARNING] /home/runner/work/keycloak/keycloak/common/src/test/java/org/keycloak/common/util/Base64DecodeTest.java:[29,44] org.keycloak.common.util.Base64 in org.keycloak.common.util has been deprecated
Test remote (slow)	UNKNOWN STEP	2025-11-03T11:09:29.4926971Z [WARNING] /home/runner/work/keycloak/keycloak/common/src/test/java/org/keycloak/common/util/Base64DecodeTest.java:[41,32] org.keycloak.common.util.Base64 in org.keycloak.common.util has been deprecated
Test remote (slow)	UNKNOWN STEP	2025-11-03T11:09:29.4930015Z [WARNING] /home/runner/work/keycloak/keycloak/common/src/test/java/org/keycloak/common/util/Base64DecodeTest.java:[46,33] org.keycloak.common.util.Base64 in org.keycloak.common.util has been deprecated
Test remote (slow)	UNKNOWN STEP	2025-11-03T11:09:29.4933452Z [WARNING] /home/runner/work/keycloak/keycloak/common/src/test/java/org/keycloak/common/util/Base64DecodeTest.java:[55,66] org.keycloak.common.util.Base64 in org.keycloak.common.util has been deprecated
Test remote (slow)	UNKNOWN STEP	2025-11-03T11:09:29.4936683Z [WARNING] /home/runner/work/keycloak/keycloak/common/src/test/java/org/keycloak/common/util/Base64DecodeTest.java:[55,43] org.keycloak.common.util.Base64 in org.keycloak.common.util has been deprecated
Test remote (slow)	UNKNOWN STEP	2025-11-03T11:09:29.4940532Z [WARNING] /home/runner/work/keycloak/keycloak/common/src/test/java/org/keycloak/common/util/Base64DecodeTest.java:[65,77] org.keycloak.common.util.Base64 in org.keycloak.common.util has been deprecated
Test remote (slow)	UNKNOWN STEP	2025-11-03T11:09:29.4943549Z [WARNING] /home/runner/work/keycloak/keycloak/common/src/test/java/org/keycloak/common/util/Base64DecodeTest.java:[65,33] org.keycloak.common.util.Base64 in org.keycloak.common.util has been deprecated
Test remote (slow)	UNKNOWN STEP	2025-11-03T11:09:29.4946690Z [WARNING] /home/runner/work/keycloak/keycloak/common/src/test/java/org/keycloak/common/util/Base64DecodeTest.java:[71,31] org.keycloak.common.util.Base64 in org.keycloak.common.util has been deprecated
Test remote (slow)	UNKNOWN STEP	2025-11-03T11:09:29.4949666Z [WARNING] /home/runner/work/keycloak/keycloak/common/src/test/java/org/keycloak/common/util/Base64DecodeTest.java:[73,32] org.keycloak.common.util.Base64 in org.keycloak.common.util has been deprecated
Test remote (slow)	UNKNOWN STEP	2025-11-03T11:09:29.4952979Z [WARNING] /home/runner/work/keycloak/keycloak/common/src/test/java/org/keycloak/common/util/Base64DecodeTest.java:[77,13] org.keycloak.common.util.Base64 in org.keycloak.common.util has been deprecated
Test remote (slow)	UNKNOWN STEP	2025-11-03T11:09:29.4956868Z [WARNING] /home/runner/work/keycloak/keycloak/common/src/test/java/org/keycloak/common/util/Base64DecodeTest.java:[84,13] org.keycloak.common.util.Base64 in org.keycloak.common.util has been deprecated
Test remote (slow)	UNKNOWN STEP	2025-11-03T11:09:29.4959619Z [WARNING] /home/runner/work/keycloak/keycloak/common/src/test/java/org/keycloak/common/util/Base64DecodeTest.java:[91,13] org.keycloak.common.util.Base64 in org.keycloak.common.util has been deprecated
Test remote (slow)	UNKNOWN STEP	2025-11-03T11:09:29.4962597Z [WARNING] /home/runner/work/keycloak/keycloak/common/src/test/java/org/keycloak/common/util/Base64DecodeTest.java:[98,13] org.keycloak.common.util.Base64 in org.keycloak.common.util has been deprecated
Test remote (slow)	UNKNOWN STEP	2025-11-03T11:09:29.4965373Z [WARNING] /home/runner/work/keycloak/keycloak/common/src/test/java/org/keycloak/common/util/Base64DecodeTest.java:[108,39] org.keycloak.common.util.Base64 in org.keycloak.common.util has been deprecated
Test remote (slow)	UNKNOWN STEP	2025-11-03T11:09:29.4968153Z [WARNING] /home/runner/work/keycloak/keycloak/common/src/test/java/org/keycloak/common/util/Base64DecodeTest.java:[108,13] org.keycloak.common.util.Base64 in org.keycloak.common.util has been deprecated
Test remote (slow)	UNKNOWN STEP	2025-11-03T11:09:29.4971096Z [WARNING] /home/runner/work/keycloak/keycloak/common/src/test/java/org/keycloak/common/util/Base64DecodeTest.java:[115,46] org.keycloak.common.util.Base64 in org.keycloak.common.util has been deprecated
Test remote (slow)	UNKNOWN STEP	2025-11-03T11:09:29.4974259Z [WARNING] /home/runner/work/keycloak/keycloak/common/src/test/java/org/keycloak/common/util/Base64DecodeTest.java:[115,13] org.keycloak.common.util.Base64 in org.keycloak.common.util has been deprecated
Test remote (slow)	UNKNOWN STEP	2025-11-03T11:09:29.4977033Z [WARNING] /home/runner/work/keycloak/keycloak/common/src/test/java/org/keycloak/common/util/Base64DecodeTest.java:[122,47] org.keycloak.common.util.Base64 in org.keycloak.common.util has been deprecated
Test remote (slow)	UNKNOWN STEP	2025-11-03T11:09:29.4979781Z [WARNING] /home/runner/work/keycloak/keycloak/common/src/test/java/org/keycloak/common/util/Base64DecodeTest.java:[122,13] org.keycloak.common.util.Base64 in org.keycloak.common.util has been deprecated
Test remote (slow)	UNKNOWN STEP	2025-11-03T11:09:29.4982726Z [WARNING] /home/runner/work/keycloak/keycloak/common/src/test/java/org/keycloak/common/util/Base64DecodeTest.java:[129,46] org.keycloak.common.util.Base64 in org.keycloak.common.util has been deprecated
Test remote (slow)	UNKNOWN STEP	2025-11-03T11:09:29.4985402Z [WARNING] /home/runner/work/keycloak/keycloak/common/src/test/java/org/keycloak/common/util/Base64DecodeTest.java:[129,13] org.keycloak.common.util.Base64 in org.keycloak.common.util has been deprecated
Test remote (slow)	UNKNOWN STEP	2025-11-03T11:09:29.4987353Z [INFO] 
Test remote (slow)	UNKNOWN STEP	2025-11-03T11:09:29.4987849Z [INFO] --- surefire:3.5.3:test (default-test) @ keycloak-common ---
Test remote (slow)	UNKNOWN STEP	2025-11-03T11:09:31.6634062Z [INFO] ------------------------------------------------------------------------
Test remote (slow)	UNKNOWN STEP	2025-11-03T11:09:31.6637402Z [INFO] Reactor Summary for Keycloak 999.0.0-SNAPSHOT:
Test remote (slow)	UNKNOWN STEP	2025-11-03T11:09:31.6639104Z [INFO] 
Test remote (slow)	UNKNOWN STEP	2025-11-03T11:09:31.6639578Z [INFO] Keycloak ........................................... SUCCESS [ 45.333 s]
Test remote (slow)	UNKNOWN STEP	2025-11-03T11:09:31.6640270Z [INFO] Keycloak Common .................................... FAILURE [ 16.459 s]
Test remote (slow)	UNKNOWN STEP	2025-11-03T11:09:31.6640933Z [INFO] Keycloak Core ...................................... SKIPPED
Test remote (slow)	UNKNOWN STEP	2025-11-03T11:09:31.6641512Z [INFO] Keycloak Operator .................................. SKIPPED
Test remote (slow)	UNKNOWN STEP	2025-11-03T11:09:31.6642263Z [INFO] ------------------------------------------------------------------------
Test remote (slow)	UNKNOWN STEP	2025-11-03T11:09:31.6642780Z [INFO] BUILD FAILURE
Test remote (slow)	UNKNOWN STEP	2025-11-03T11:09:31.6643197Z [INFO] ------------------------------------------------------------------------
Test remote (slow)	UNKNOWN STEP	2025-11-03T11:09:31.6643730Z [INFO] Total time:  01:03 min
Test remote (slow)	UNKNOWN STEP	2025-11-03T11:09:31.6644121Z [INFO] Finished at: 2025-11-03T11:09:31Z
Test remote (slow)	UNKNOWN STEP	2025-11-03T11:09:31.6644440Z [INFO] ------------------------------------------------------------------------
Test remote (slow)	UNKNOWN STEP	2025-11-03T11:09:31.6653731Z [ERROR] Failed to execute goal org.apache.maven.plugins:maven-surefire-plugin:3.5.3:test (default-test) on project keycloak-common: Execution default-test of goal org.apache.maven.plugins:maven-surefire-plugin:3.5.3:test failed: Plugin org.apache.maven.plugins:maven-surefire-plugin:3.5.3 or one of its dependencies could not be resolved:
Test remote (slow)	UNKNOWN STEP	2025-11-03T11:09:31.6657229Z [ERROR] 	Failed to read artifact descriptor for org.apache.maven.surefire:surefire-extensions-api:jar:3.5.3
Test remote (slow)	UNKNOWN STEP	2025-11-03T11:09:31.6659097Z [ERROR] 	Failed to read artifact descriptor for org.apache.maven.surefire:maven-surefire-common:jar:3.5.3
Test remote (slow)	UNKNOWN STEP	2025-11-03T11:09:31.6663514Z [ERROR] -> [Help 1]
Test remote (slow)	UNKNOWN STEP	2025-11-03T11:09:31.6663847Z [ERROR] 
Test remote (slow)	UNKNOWN STEP	2025-11-03T11:09:31.6666753Z [ERROR] To see the full stack trace of the errors, re-run Maven with the -e switch.
Test remote (slow)	UNKNOWN STEP	2025-11-03T11:09:31.6670228Z [ERROR] Re-run Maven using the -X switch to enable full debug logging.
Test remote (slow)	UNKNOWN STEP	2025-11-03T11:09:31.6672031Z [ERROR] 
Test remote (slow)	UNKNOWN STEP	2025-11-03T11:09:31.6682848Z [ERROR] For more information about the errors and possible solutions, please read the following articles:
Test remote (slow)	UNKNOWN STEP	2025-11-03T11:09:31.6684072Z [ERROR] [Help 1] http://cwiki.apache.org/confluence/display/MAVEN/PluginResolutionException
Test remote (slow)	UNKNOWN STEP	2025-11-03T11:09:31.6684795Z [ERROR] 
Test remote (slow)	UNKNOWN STEP	2025-11-03T11:09:31.6685311Z [ERROR] After correcting the problems, you can resume the build with the command
Test remote (slow)	UNKNOWN STEP	2025-11-03T11:09:31.6685999Z [ERROR]   mvn <args> -rf :keycloak-common
Test remote (slow)	UNKNOWN STEP	2025-11-03T11:09:31.7040222Z ##[error]Process completed with exit code 1.
Test remote (slow)	UNKNOWN STEP	2025-11-03T11:09:31.7101282Z Post job cleanup.
Test remote (slow)	UNKNOWN STEP	2025-11-03T11:09:31.7142488Z Post job cleanup.
Test remote (slow)	UNKNOWN STEP	2025-11-03T11:09:31.8903258Z Post job cleanup.
Test remote (slow)	UNKNOWN STEP	2025-11-03T11:09:31.9790775Z [command]/usr/bin/git version
Test remote (slow)	UNKNOWN STEP	2025-11-03T11:09:31.9834904Z git version 2.51.2
Test remote (slow)	UNKNOWN STEP	2025-11-03T11:09:31.9907600Z Temporarily overriding HOME='/home/runner/work/_temp/ece2cef1-1a87-4ea0-9929-29ca65e05b24' before making global git config changes
Test remote (slow)	UNKNOWN STEP	2025-11-03T11:09:31.9908364Z Adding repository directory to the temporary git global config as a safe directory
Test remote (slow)	UNKNOWN STEP	2025-11-03T11:09:31.9914451Z [command]/usr/bin/git config --global --add safe.directory /home/runner/work/keycloak/keycloak
Test remote (slow)	UNKNOWN STEP	2025-11-03T11:09:31.9954867Z [command]/usr/bin/git config --local --name-only --get-regexp core\.sshCommand
Test remote (slow)	UNKNOWN STEP	2025-11-03T11:09:31.9990910Z [command]/usr/bin/git submodule foreach --recursive sh -c "git config --local --name-only --get-regexp 'core\.sshCommand' && git config --local --unset-all 'core.sshCommand' || :"
Test remote (slow)	UNKNOWN STEP	2025-11-03T11:09:32.0249657Z [command]/usr/bin/git config --local --name-only --get-regexp http\.https\:\/\/github\.com\/\.extraheader
Test remote (slow)	UNKNOWN STEP	2025-11-03T11:09:32.0273928Z http.https://github.com/.extraheader
Test remote (slow)	UNKNOWN STEP	2025-11-03T11:09:32.0283013Z [command]/usr/bin/git config --local --unset-all http.https://github.com/.extraheader
Test remote (slow)	UNKNOWN STEP	2025-11-03T11:09:32.0314355Z [command]/usr/bin/git submodule foreach --recursive sh -c "git config --local --name-only --get-regexp 'http\.https\:\/\/github\.com\/\.extraheader' && git config --local --unset-all 'http.https://github.com/.extraheader' || :"
Test remote (slow)	UNKNOWN STEP	2025-11-03T11:09:32.0669547Z Cleaning up orphan processes
Status Check - Keycloak Operator CI	UNKNOWN STEP	ï»¿2025-11-03T11:17:44.1831751Z Current runner version: '2.329.0'
Status Check - Keycloak Operator CI	UNKNOWN STEP	2025-11-03T11:17:44.1855410Z ##[group]Runner Image Provisioner
Status Check - Keycloak Operator CI	UNKNOWN STEP	2025-11-03T11:17:44.1856200Z Hosted Compute Agent
Status Check - Keycloak Operator CI	UNKNOWN STEP	2025-11-03T11:17:44.1856827Z Version: 20251016.436
Status Check - Keycloak Operator CI	UNKNOWN STEP	2025-11-03T11:17:44.1857418Z Commit: 8ab8ac8bfd662a3739dab9fe09456aba92132568
Status Check - Keycloak Operator CI	UNKNOWN STEP	2025-11-03T11:17:44.1858108Z Build Date: 2025-10-15T20:44:12Z
Status Check - Keycloak Operator CI	UNKNOWN STEP	2025-11-03T11:17:44.1858648Z ##[endgroup]
Status Check - Keycloak Operator CI	UNKNOWN STEP	2025-11-03T11:17:44.1859275Z ##[group]Operating System
Status Check - Keycloak Operator CI	UNKNOWN STEP	2025-11-03T11:17:44.1859798Z Ubuntu
Status Check - Keycloak Operator CI	UNKNOWN STEP	2025-11-03T11:17:44.1860264Z 24.04.3
Status Check - Keycloak Operator CI	UNKNOWN STEP	2025-11-03T11:17:44.1860762Z LTS
Status Check - Keycloak Operator CI	UNKNOWN STEP	2025-11-03T11:17:44.1861221Z ##[endgroup]
Status Check - Keycloak Operator CI	UNKNOWN STEP	2025-11-03T11:17:44.1861690Z ##[group]Runner Image
Status Check - Keycloak Operator CI	UNKNOWN STEP	2025-11-03T11:17:44.1862280Z Image: ubuntu-24.04
Status Check - Keycloak Operator CI	UNKNOWN STEP	2025-11-03T11:17:44.1862781Z Version: 20251030.96.2
Status Check - Keycloak Operator CI	UNKNOWN STEP	2025-11-03T11:17:44.1864092Z Included Software: https://github.com/actions/runner-images/blob/ubuntu24/20251030.96/images/ubuntu/Ubuntu2404-Readme.md
Status Check - Keycloak Operator CI	UNKNOWN STEP	2025-11-03T11:17:44.1865721Z Image Release: https://github.com/actions/runner-images/releases/tag/ubuntu24%2F20251030.96
Status Check - Keycloak Operator CI	UNKNOWN STEP	2025-11-03T11:17:44.1866658Z ##[endgroup]
Status Check - Keycloak Operator CI	UNKNOWN STEP	2025-11-03T11:17:44.1867717Z ##[group]GITHUB_TOKEN Permissions
Status Check - Keycloak Operator CI	UNKNOWN STEP	2025-11-03T11:17:44.1869483Z Contents: read
Status Check - Keycloak Operator CI	UNKNOWN STEP	2025-11-03T11:17:44.1870095Z Metadata: read
Status Check - Keycloak Operator CI	UNKNOWN STEP	2025-11-03T11:17:44.1870615Z ##[endgroup]
Status Check - Keycloak Operator CI	UNKNOWN STEP	2025-11-03T11:17:44.1872558Z Secret source: None
Status Check - Keycloak Operator CI	UNKNOWN STEP	2025-11-03T11:17:44.1873917Z Prepare workflow directory
Status Check - Keycloak Operator CI	UNKNOWN STEP	2025-11-03T11:17:44.2278523Z Prepare all required actions
Status Check - Keycloak Operator CI	UNKNOWN STEP	2025-11-03T11:17:44.2317498Z Getting action download info
Status Check - Keycloak Operator CI	UNKNOWN STEP	2025-11-03T11:17:44.7009326Z Download action repository 'actions/checkout@08c6903cd8c0fde910a37f88322edcfb5dd907a8' (SHA:08c6903cd8c0fde910a37f88322edcfb5dd907a8)
Status Check - Keycloak Operator CI	UNKNOWN STEP	2025-11-03T11:17:44.9831727Z Complete job name: Status Check - Keycloak Operator CI
Status Check - Keycloak Operator CI	UNKNOWN STEP	2025-11-03T11:17:45.0529481Z ##[group]Run actions/checkout@08c6903cd8c0fde910a37f88322edcfb5dd907a8
Status Check - Keycloak Operator CI	UNKNOWN STEP	2025-11-03T11:17:45.0530552Z with:
Status Check - Keycloak Operator CI	UNKNOWN STEP	2025-11-03T11:17:45.0530984Z   repository: keycloak/keycloak
Status Check - Keycloak Operator CI	UNKNOWN STEP	2025-11-03T11:17:45.0531678Z   token: ***
Status Check - Keycloak Operator CI	UNKNOWN STEP	2025-11-03T11:17:45.0532082Z   ssh-strict: true
Status Check - Keycloak Operator CI	UNKNOWN STEP	2025-11-03T11:17:45.0532503Z   ssh-user: git
Status Check - Keycloak Operator CI	UNKNOWN STEP	2025-11-03T11:17:45.0533148Z   persist-credentials: true
Status Check - Keycloak Operator CI	UNKNOWN STEP	2025-11-03T11:17:45.0533640Z   clean: true
Status Check - Keycloak Operator CI	UNKNOWN STEP	2025-11-03T11:17:45.0534077Z   sparse-checkout-cone-mode: true
Status Check - Keycloak Operator CI	UNKNOWN STEP	2025-11-03T11:17:45.0534589Z   fetch-depth: 1
Status Check - Keycloak Operator CI	UNKNOWN STEP	2025-11-03T11:17:45.0535007Z   fetch-tags: false
Status Check - Keycloak Operator CI	UNKNOWN STEP	2025-11-03T11:17:45.0535438Z   show-progress: true
Status Check - Keycloak Operator CI	UNKNOWN STEP	2025-11-03T11:17:45.0535876Z   lfs: false
Status Check - Keycloak Operator CI	UNKNOWN STEP	2025-11-03T11:17:45.0536283Z   submodules: false
Status Check - Keycloak Operator CI	UNKNOWN STEP	2025-11-03T11:17:45.0536725Z   set-safe-directory: true
Status Check - Keycloak Operator CI	UNKNOWN STEP	2025-11-03T11:17:45.0537436Z env:
Status Check - Keycloak Operator CI	UNKNOWN STEP	2025-11-03T11:17:45.0538028Z   MAVEN_ARGS: -B -nsu -Daether.connector.http.connectionMaxTtl=25
Status Check - Keycloak Operator CI	UNKNOWN STEP	2025-11-03T11:17:45.0538723Z   MINIKUBE_VERSION: v1.37.0
Status Check - Keycloak Operator CI	UNKNOWN STEP	2025-11-03T11:17:45.0539251Z   KUBERNETES_VERSION: v1.32.9
Status Check - Keycloak Operator CI	UNKNOWN STEP	2025-11-03T11:17:45.0539732Z   MINIKUBE_MEMORY: 4096
Status Check - Keycloak Operator CI	UNKNOWN STEP	2025-11-03T11:17:45.0540175Z ##[endgroup]
Status Check - Keycloak Operator CI	UNKNOWN STEP	2025-11-03T11:17:45.1460399Z Syncing repository: keycloak/keycloak
Status Check - Keycloak Operator CI	UNKNOWN STEP	2025-11-03T11:17:45.1462437Z ##[group]Getting Git version info
Status Check - Keycloak Operator CI	UNKNOWN STEP	2025-11-03T11:17:45.1463445Z Working directory is '/home/runner/work/keycloak/keycloak'
Status Check - Keycloak Operator CI	UNKNOWN STEP	2025-11-03T11:17:45.1464615Z [command]/usr/bin/git version
Status Check - Keycloak Operator CI	UNKNOWN STEP	2025-11-03T11:17:45.1522706Z git version 2.51.2
Status Check - Keycloak Operator CI	UNKNOWN STEP	2025-11-03T11:17:45.1543817Z ##[endgroup]
Status Check - Keycloak Operator CI	UNKNOWN STEP	2025-11-03T11:17:45.1558240Z Temporarily overriding HOME='/home/runner/work/_temp/5c5ff22f-560d-4091-9b2e-92403f24d969' before making global git config changes
Status Check - Keycloak Operator CI	UNKNOWN STEP	2025-11-03T11:17:45.1561102Z Adding repository directory to the temporary git global config as a safe directory
Status Check - Keycloak Operator CI	UNKNOWN STEP	2025-11-03T11:17:45.1563547Z [command]/usr/bin/git config --global --add safe.directory /home/runner/work/keycloak/keycloak
Status Check - Keycloak Operator CI	UNKNOWN STEP	2025-11-03T11:17:45.1607884Z Deleting the contents of '/home/runner/work/keycloak/keycloak'
Status Check - Keycloak Operator CI	UNKNOWN STEP	2025-11-03T11:17:45.1612233Z ##[group]Initializing the repository
Status Check - Keycloak Operator CI	UNKNOWN STEP	2025-11-03T11:17:45.1618154Z [command]/usr/bin/git init /home/runner/work/keycloak/keycloak
Status Check - Keycloak Operator CI	UNKNOWN STEP	2025-11-03T11:17:45.1716757Z hint: Using 'master' as the name for the initial branch. This default branch name
Status Check - Keycloak Operator CI	UNKNOWN STEP	2025-11-03T11:17:45.1718737Z hint: is subject to change. To configure the initial branch name to use in all
Status Check - Keycloak Operator CI	UNKNOWN STEP	2025-11-03T11:17:45.1720762Z hint: of your new repositories, which will suppress this warning, call:
Status Check - Keycloak Operator CI	UNKNOWN STEP	2025-11-03T11:17:45.1721980Z hint:
Status Check - Keycloak Operator CI	UNKNOWN STEP	2025-11-03T11:17:45.1722523Z hint: 	git config --global init.defaultBranch <name>
Status Check - Keycloak Operator CI	UNKNOWN STEP	2025-11-03T11:17:45.1723401Z hint:
Status Check - Keycloak Operator CI	UNKNOWN STEP	2025-11-03T11:17:45.1723975Z hint: Names commonly chosen instead of 'master' are 'main', 'trunk' and
Status Check - Keycloak Operator CI	UNKNOWN STEP	2025-11-03T11:17:45.1725223Z hint: 'development'. The just-created branch can be renamed via this command:
Status Check - Keycloak Operator CI	UNKNOWN STEP	2025-11-03T11:17:45.1726455Z hint:
Status Check - Keycloak Operator CI	UNKNOWN STEP	2025-11-03T11:17:45.1727178Z hint: 	git branch -m <name>
Status Check - Keycloak Operator CI	UNKNOWN STEP	2025-11-03T11:17:45.1727764Z hint:
Status Check - Keycloak Operator CI	UNKNOWN STEP	2025-11-03T11:17:45.1728374Z hint: Disable this message with "git config set advice.defaultBranchName false"
Status Check - Keycloak Operator CI	UNKNOWN STEP	2025-11-03T11:17:45.1729436Z Initialized empty Git repository in /home/runner/work/keycloak/keycloak/.git/
Status Check - Keycloak Operator CI	UNKNOWN STEP	2025-11-03T11:17:45.1731913Z [command]/usr/bin/git remote add origin https://github.com/keycloak/keycloak
Status Check - Keycloak Operator CI	UNKNOWN STEP	2025-11-03T11:17:45.1765186Z ##[endgroup]
Status Check - Keycloak Operator CI	UNKNOWN STEP	2025-11-03T11:17:45.1766124Z ##[group]Disabling automatic garbage collection
Status Check - Keycloak Operator CI	UNKNOWN STEP	2025-11-03T11:17:45.1768873Z [command]/usr/bin/git config --local gc.auto 0
Status Check - Keycloak Operator CI	UNKNOWN STEP	2025-11-03T11:17:45.1794847Z ##[endgroup]
Status Check - Keycloak Operator CI	UNKNOWN STEP	2025-11-03T11:17:45.1795568Z ##[group]Setting up auth
Status Check - Keycloak Operator CI	UNKNOWN STEP	2025-11-03T11:17:45.1801833Z [command]/usr/bin/git config --local --name-only --get-regexp core\.sshCommand
Status Check - Keycloak Operator CI	UNKNOWN STEP	2025-11-03T11:17:45.1831125Z [command]/usr/bin/git submodule foreach --recursive sh -c "git config --local --name-only --get-regexp 'core\.sshCommand' && git config --local --unset-all 'core.sshCommand' || :"
Status Check - Keycloak Operator CI	UNKNOWN STEP	2025-11-03T11:17:45.2290702Z [command]/usr/bin/git config --local --name-only --get-regexp http\.https\:\/\/github\.com\/\.extraheader
Status Check - Keycloak Operator CI	UNKNOWN STEP	2025-11-03T11:17:45.2322297Z [command]/usr/bin/git submodule foreach --recursive sh -c "git config --local --name-only --get-regexp 'http\.https\:\/\/github\.com\/\.extraheader' && git config --local --unset-all 'http.https://github.com/.extraheader' || :"
Status Check - Keycloak Operator CI	UNKNOWN STEP	2025-11-03T11:17:45.2547995Z [command]/usr/bin/git config --local http.https://github.com/.extraheader AUTHORIZATION: basic ***
Status Check - Keycloak Operator CI	UNKNOWN STEP	2025-11-03T11:17:45.2585766Z ##[endgroup]
Status Check - Keycloak Operator CI	UNKNOWN STEP	2025-11-03T11:17:45.2587243Z ##[group]Fetching the repository
Status Check - Keycloak Operator CI	UNKNOWN STEP	2025-11-03T11:17:45.2596159Z [command]/usr/bin/git -c protocol.version=2 fetch --no-tags --prune --no-recurse-submodules --depth=1 origin +68ee6724f4e99e02793e56bae6b25e2515a5ff34:refs/remotes/pull/43395/merge
Status Check - Keycloak Operator CI	UNKNOWN STEP	2025-11-03T11:17:47.5633865Z From https://github.com/keycloak/keycloak
Status Check - Keycloak Operator CI	UNKNOWN STEP	2025-11-03T11:17:47.5636483Z  * [new ref]         68ee6724f4e99e02793e56bae6b25e2515a5ff34 -> pull/43395/merge
Status Check - Keycloak Operator CI	UNKNOWN STEP	2025-11-03T11:17:47.5666239Z ##[endgroup]
Status Check - Keycloak Operator CI	UNKNOWN STEP	2025-11-03T11:17:47.5667532Z ##[group]Determining the checkout info
Status Check - Keycloak Operator CI	UNKNOWN STEP	2025-11-03T11:17:47.5669029Z ##[endgroup]
Status Check - Keycloak Operator CI	UNKNOWN STEP	2025-11-03T11:17:47.5674761Z [command]/usr/bin/git sparse-checkout disable
Status Check - Keycloak Operator CI	UNKNOWN STEP	2025-11-03T11:17:47.5718526Z [command]/usr/bin/git config --local --unset-all extensions.worktreeConfig
Status Check - Keycloak Operator CI	UNKNOWN STEP	2025-11-03T11:17:47.5745703Z ##[group]Checking out the ref
Status Check - Keycloak Operator CI	UNKNOWN STEP	2025-11-03T11:17:47.5749205Z [command]/usr/bin/git checkout --progress --force refs/remotes/pull/43395/merge
Status Check - Keycloak Operator CI	UNKNOWN STEP	2025-11-03T11:17:48.3947836Z Note: switching to 'refs/remotes/pull/43395/merge'.
Status Check - Keycloak Operator CI	UNKNOWN STEP	2025-11-03T11:17:48.3948558Z 
Status Check - Keycloak Operator CI	UNKNOWN STEP	2025-11-03T11:17:48.3948963Z You are in 'detached HEAD' state. You can look around, make experimental
Status Check - Keycloak Operator CI	UNKNOWN STEP	2025-11-03T11:17:48.3949730Z changes and commit them, and you can discard any commits you make in this
Status Check - Keycloak Operator CI	UNKNOWN STEP	2025-11-03T11:17:48.3950551Z state without impacting any branches by switching back to a branch.
Status Check - Keycloak Operator CI	UNKNOWN STEP	2025-11-03T11:17:48.3951050Z 
Status Check - Keycloak Operator CI	UNKNOWN STEP	2025-11-03T11:17:48.3951380Z If you want to create a new branch to retain commits you create, you may
Status Check - Keycloak Operator CI	UNKNOWN STEP	2025-11-03T11:17:48.3952053Z do so (now or later) by using -c with the switch command. Example:
Status Check - Keycloak Operator CI	UNKNOWN STEP	2025-11-03T11:17:48.3952477Z 
Status Check - Keycloak Operator CI	UNKNOWN STEP	2025-11-03T11:17:48.3952677Z   git switch -c <new-branch-name>
Status Check - Keycloak Operator CI	UNKNOWN STEP	2025-11-03T11:17:48.3953239Z 
Status Check - Keycloak Operator CI	UNKNOWN STEP	2025-11-03T11:17:48.3953443Z Or undo this operation with:
Status Check - Keycloak Operator CI	UNKNOWN STEP	2025-11-03T11:17:48.3953769Z 
Status Check - Keycloak Operator CI	UNKNOWN STEP	2025-11-03T11:17:48.3953937Z   git switch -
Status Check - Keycloak Operator CI	UNKNOWN STEP	2025-11-03T11:17:48.3954206Z 
Status Check - Keycloak Operator CI	UNKNOWN STEP	2025-11-03T11:17:48.3954641Z Turn off this advice by setting config variable advice.detachedHead to false
Status Check - Keycloak Operator CI	UNKNOWN STEP	2025-11-03T11:17:48.3955623Z 
Status Check - Keycloak Operator CI	UNKNOWN STEP	2025-11-03T11:17:48.3956537Z HEAD is now at 68ee672 Merge 61e21c8360cd3786c395e4198a86e711982483a6 into ece96e397e5a7aa451f690a9c78508d7ff7f869f
Status Check - Keycloak Operator CI	UNKNOWN STEP	2025-11-03T11:17:48.3980609Z ##[endgroup]
Status Check - Keycloak Operator CI	UNKNOWN STEP	2025-11-03T11:17:48.4023612Z [command]/usr/bin/git log -1 --format=%H
Status Check - Keycloak Operator CI	UNKNOWN STEP	2025-11-03T11:17:48.4046852Z 68ee6724f4e99e02793e56bae6b25e2515a5ff34
Status Check - Keycloak Operator CI	UNKNOWN STEP	2025-11-03T11:17:48.4289286Z Prepare all required actions
Status Check - Keycloak Operator CI	UNKNOWN STEP	2025-11-03T11:17:48.4392720Z ##[group]Run ./.github/actions/status-check
Status Check - Keycloak Operator CI	UNKNOWN STEP	2025-11-03T11:17:48.4393500Z with:
Status Check - Keycloak Operator CI	UNKNOWN STEP	2025-11-03T11:17:48.4394640Z   jobs: {
Status Check - Keycloak Operator CI	UNKNOWN STEP	  "conditional": {
Status Check - Keycloak Operator CI	UNKNOWN STEP	    "result": "success",
Status Check - Keycloak Operator CI	UNKNOWN STEP	    "outputs": {
Status Check - Keycloak Operator CI	UNKNOWN STEP	      "operator": "true"
Status Check - Keycloak Operator CI	UNKNOWN STEP	    }
Status Check - Keycloak Operator CI	UNKNOWN STEP	  },
Status Check - Keycloak Operator CI	UNKNOWN STEP	  "build": {
Status Check - Keycloak Operator CI	UNKNOWN STEP	    "result": "success",
Status Check - Keycloak Operator CI	UNKNOWN STEP	    "outputs": {}
Status Check - Keycloak Operator CI	UNKNOWN STEP	  },
Status Check - Keycloak Operator CI	UNKNOWN STEP	  "test-local-apiserver": {
Status Check - Keycloak Operator CI	UNKNOWN STEP	    "result": "success",
Status Check - Keycloak Operator CI	UNKNOWN STEP	    "outputs": {}
Status Check - Keycloak Operator CI	UNKNOWN STEP	  },
Status Check - Keycloak Operator CI	UNKNOWN STEP	  "test-remote": {
Status Check - Keycloak Operator CI	UNKNOWN STEP	    "result": "failure",
Status Check - Keycloak Operator CI	UNKNOWN STEP	    "outputs": {}
Status Check - Keycloak Operator CI	UNKNOWN STEP	  },
Status Check - Keycloak Operator CI	UNKNOWN STEP	  "test-olm": {
Status Check - Keycloak Operator CI	UNKNOWN STEP	    "result": "success",
Status Check - Keycloak Operator CI	UNKNOWN STEP	    "outputs": {}
Status Check - Keycloak Operator CI	UNKNOWN STEP	  }
Status Check - Keycloak Operator CI	UNKNOWN STEP	}
Status Check - Keycloak Operator CI	UNKNOWN STEP	2025-11-03T11:17:48.4395570Z env:
Status Check - Keycloak Operator CI	UNKNOWN STEP	2025-11-03T11:17:48.4396015Z   MAVEN_ARGS: -B -nsu -Daether.connector.http.connectionMaxTtl=25
Status Check - Keycloak Operator CI	UNKNOWN STEP	2025-11-03T11:17:48.4396594Z   MINIKUBE_VERSION: v1.37.0
Status Check - Keycloak Operator CI	UNKNOWN STEP	2025-11-03T11:17:48.4396886Z   KUBERNETES_VERSION: v1.32.9
Status Check - Keycloak Operator CI	UNKNOWN STEP	2025-11-03T11:17:48.4397161Z   MINIKUBE_MEMORY: 4096
Status Check - Keycloak Operator CI	UNKNOWN STEP	2025-11-03T11:17:48.4397395Z ##[endgroup]
Status Check - Keycloak Operator CI	UNKNOWN STEP	2025-11-03T11:17:48.4506449Z ##[group]Run JOBS='{
Status Check - Keycloak Operator CI	UNKNOWN STEP	2025-11-03T11:17:48.4506801Z [36;1mJOBS='{[0m
Status Check - Keycloak Operator CI	UNKNOWN STEP	2025-11-03T11:17:48.4507088Z [36;1m  "conditional": {[0m
Status Check - Keycloak Operator CI	UNKNOWN STEP	2025-11-03T11:17:48.4507382Z [36;1m    "result": "success",[0m
Status Check - Keycloak Operator CI	UNKNOWN STEP	2025-11-03T11:17:48.4507657Z [36;1m    "outputs": {[0m
Status Check - Keycloak Operator CI	UNKNOWN STEP	2025-11-03T11:17:48.4507912Z [36;1m      "operator": "true"[0m
Status Check - Keycloak Operator CI	UNKNOWN STEP	2025-11-03T11:17:48.4508171Z [36;1m    }[0m
Status Check - Keycloak Operator CI	UNKNOWN STEP	2025-11-03T11:17:48.4508378Z [36;1m  },[0m
Status Check - Keycloak Operator CI	UNKNOWN STEP	2025-11-03T11:17:48.4508593Z [36;1m  "build": {[0m
Status Check - Keycloak Operator CI	UNKNOWN STEP	2025-11-03T11:17:48.4508826Z [36;1m    "result": "success",[0m
Status Check - Keycloak Operator CI	UNKNOWN STEP	2025-11-03T11:17:48.4509101Z [36;1m    "outputs": {}[0m
Status Check - Keycloak Operator CI	UNKNOWN STEP	2025-11-03T11:17:48.4509338Z [36;1m  },[0m
Status Check - Keycloak Operator CI	UNKNOWN STEP	2025-11-03T11:17:48.4509564Z [36;1m  "test-local-apiserver": {[0m
Status Check - Keycloak Operator CI	UNKNOWN STEP	2025-11-03T11:17:48.4509850Z [36;1m    "result": "success",[0m
Status Check - Keycloak Operator CI	UNKNOWN STEP	2025-11-03T11:17:48.4510107Z [36;1m    "outputs": {}[0m
Status Check - Keycloak Operator CI	UNKNOWN STEP	2025-11-03T11:17:48.4510358Z [36;1m  },[0m
Status Check - Keycloak Operator CI	UNKNOWN STEP	2025-11-03T11:17:48.4510568Z [36;1m  "test-remote": {[0m
Status Check - Keycloak Operator CI	UNKNOWN STEP	2025-11-03T11:17:48.4510818Z [36;1m    "result": "failure",[0m
Status Check - Keycloak Operator CI	UNKNOWN STEP	2025-11-03T11:17:48.4511062Z [36;1m    "outputs": {}[0m
Status Check - Keycloak Operator CI	UNKNOWN STEP	2025-11-03T11:17:48.4511292Z [36;1m  },[0m
Status Check - Keycloak Operator CI	UNKNOWN STEP	2025-11-03T11:17:48.4511511Z [36;1m  "test-olm": {[0m
Status Check - Keycloak Operator CI	UNKNOWN STEP	2025-11-03T11:17:48.4511753Z [36;1m    "result": "success",[0m
Status Check - Keycloak Operator CI	UNKNOWN STEP	2025-11-03T11:17:48.4512011Z [36;1m    "outputs": {}[0m
Status Check - Keycloak Operator CI	UNKNOWN STEP	2025-11-03T11:17:48.4512235Z [36;1m  }[0m
Status Check - Keycloak Operator CI	UNKNOWN STEP	2025-11-03T11:17:48.4512435Z [36;1m}'[0m
Status Check - Keycloak Operator CI	UNKNOWN STEP	2025-11-03T11:17:48.4512630Z [36;1m[0m
Status Check - Keycloak Operator CI	UNKNOWN STEP	2025-11-03T11:17:48.4512838Z [36;1mecho "Job status:"[0m
Status Check - Keycloak Operator CI	UNKNOWN STEP	2025-11-03T11:17:48.4513578Z [36;1mecho $JOBS | jq -r 'to_entries[] | " - \(.key): \(.value.result)"'[0m
Status Check - Keycloak Operator CI	UNKNOWN STEP	2025-11-03T11:17:48.4513936Z [36;1m[0m
Status Check - Keycloak Operator CI	UNKNOWN STEP	2025-11-03T11:17:48.4514220Z [36;1mfor i in $(echo $JOBS | jq -r 'to_entries[] | .value.result'); do[0m
Status Check - Keycloak Operator CI	UNKNOWN STEP	2025-11-03T11:17:48.4514609Z [36;1m  if [ "$i" != "success" ] && [ "$i" != "skipped" ]; then[0m
Status Check - Keycloak Operator CI	UNKNOWN STEP	2025-11-03T11:17:48.4514932Z [36;1m    echo ""[0m
Status Check - Keycloak Operator CI	UNKNOWN STEP	2025-11-03T11:17:48.4515171Z [36;1m    echo "Status check not okay!"[0m
Status Check - Keycloak Operator CI	UNKNOWN STEP	2025-11-03T11:17:48.4515434Z [36;1m    exit 1[0m
Status Check - Keycloak Operator CI	UNKNOWN STEP	2025-11-03T11:17:48.4515650Z [36;1m  fi[0m
Status Check - Keycloak Operator CI	UNKNOWN STEP	2025-11-03T11:17:48.4515843Z [36;1mdone[0m
Status Check - Keycloak Operator CI	UNKNOWN STEP	2025-11-03T11:17:48.4554937Z shell: /usr/bin/bash --noprofile --norc -e -o pipefail {0}
Status Check - Keycloak Operator CI	UNKNOWN STEP	2025-11-03T11:17:48.4555325Z env:
Status Check - Keycloak Operator CI	UNKNOWN STEP	2025-11-03T11:17:48.4555625Z   MAVEN_ARGS: -B -nsu -Daether.connector.http.connectionMaxTtl=25
Status Check - Keycloak Operator CI	UNKNOWN STEP	2025-11-03T11:17:48.4555995Z   MINIKUBE_VERSION: v1.37.0
Status Check - Keycloak Operator CI	UNKNOWN STEP	2025-11-03T11:17:48.4556252Z   KUBERNETES_VERSION: v1.32.9
Status Check - Keycloak Operator CI	UNKNOWN STEP	2025-11-03T11:17:48.4556538Z   MINIKUBE_MEMORY: 4096
Status Check - Keycloak Operator CI	UNKNOWN STEP	2025-11-03T11:17:48.4556807Z ##[endgroup]
Status Check - Keycloak Operator CI	UNKNOWN STEP	2025-11-03T11:17:48.4629369Z Job status:
Status Check - Keycloak Operator CI	UNKNOWN STEP	2025-11-03T11:17:48.4682637Z  - conditional: success
Status Check - Keycloak Operator CI	UNKNOWN STEP	2025-11-03T11:17:48.4683439Z  - build: success
Status Check - Keycloak Operator CI	UNKNOWN STEP	2025-11-03T11:17:48.4683865Z  - test-local-apiserver: success
Status Check - Keycloak Operator CI	UNKNOWN STEP	2025-11-03T11:17:48.4684324Z  - test-remote: failure
Status Check - Keycloak Operator CI	UNKNOWN STEP	2025-11-03T11:17:48.4684704Z  - test-olm: success
Status Check - Keycloak Operator CI	UNKNOWN STEP	2025-11-03T11:17:48.4716849Z 
Status Check - Keycloak Operator CI	UNKNOWN STEP	2025-11-03T11:17:48.4719766Z Status check not okay!
Status Check - Keycloak Operator CI	UNKNOWN STEP	2025-11-03T11:17:48.4730692Z ##[error]Process completed with exit code 1.
Status Check - Keycloak Operator CI	UNKNOWN STEP	2025-11-03T11:17:48.4854265Z Post job cleanup.
Status Check - Keycloak Operator CI	UNKNOWN STEP	2025-11-03T11:17:48.5634771Z [command]/usr/bin/git version
Status Check - Keycloak Operator CI	UNKNOWN STEP	2025-11-03T11:17:48.5701863Z git version 2.51.2
Status Check - Keycloak Operator CI	UNKNOWN STEP	2025-11-03T11:17:48.5739743Z Temporarily overriding HOME='/home/runner/work/_temp/578bbb40-348b-4782-820b-2b72f1f6cb03' before making global git config changes
Status Check - Keycloak Operator CI	UNKNOWN STEP	2025-11-03T11:17:48.5741153Z Adding repository directory to the temporary git global config as a safe directory
Status Check - Keycloak Operator CI	UNKNOWN STEP	2025-11-03T11:17:48.5745902Z [command]/usr/bin/git config --global --add safe.directory /home/runner/work/keycloak/keycloak
Status Check - Keycloak Operator CI	UNKNOWN STEP	2025-11-03T11:17:48.5782682Z [command]/usr/bin/git config --local --name-only --get-regexp core\.sshCommand
Status Check - Keycloak Operator CI	UNKNOWN STEP	2025-11-03T11:17:48.5814660Z [command]/usr/bin/git submodule foreach --recursive sh -c "git config --local --name-only --get-regexp 'core\.sshCommand' && git config --local --unset-all 'core.sshCommand' || :"
Status Check - Keycloak Operator CI	UNKNOWN STEP	2025-11-03T11:17:48.6066045Z [command]/usr/bin/git config --local --name-only --get-regexp http\.https\:\/\/github\.com\/\.extraheader
Status Check - Keycloak Operator CI	UNKNOWN STEP	2025-11-03T11:17:48.6090211Z http.https://github.com/.extraheader
Status Check - Keycloak Operator CI	UNKNOWN STEP	2025-11-03T11:17:48.6101548Z [command]/usr/bin/git config --local --unset-all http.https://github.com/.extraheader
Status Check - Keycloak Operator CI	UNKNOWN STEP	2025-11-03T11:17:48.6135013Z [command]/usr/bin/git submodule foreach --recursive sh -c "git config --local --name-only --get-regexp 'http\.https\:\/\/github\.com\/\.extraheader' && git config --local --unset-all 'http.https://github.com/.extraheader' || :"
Status Check - Keycloak Operator CI	UNKNOWN STEP	2025-11-03T11:17:48.6554642Z Cleaning up orphan processes
