Admin UI E2E (2, chrome)	Run Cypress	2025-03-04T00:15:06.5404781Z ##[group]Run cypress-io/github-action@v6
Admin UI E2E (2, chrome)	Run Cypress	2025-03-04T00:15:06.5405274Z with:
Admin UI E2E (2, chrome)	Run Cypress	2025-03-04T00:15:06.5405550Z   install: false
Admin UI E2E (2, chrome)	Run Cypress	2025-03-04T00:15:06.5405875Z   browser: chrome
Admin UI E2E (2, chrome)	Run Cypress	2025-03-04T00:15:06.5406255Z   wait-on: http://localhost:8080
Admin UI E2E (2, chrome)	Run Cypress	2025-03-04T00:15:06.5406732Z   working-directory: js/apps/admin-ui
Admin UI E2E (2, chrome)	Run Cypress	2025-03-04T00:15:06.5407157Z   record: false
Admin UI E2E (2, chrome)	Run Cypress	2025-03-04T00:15:06.5407469Z   publish-summary: true
Admin UI E2E (2, chrome)	Run Cypress	2025-03-04T00:15:06.5407836Z   component: false
Admin UI E2E (2, chrome)	Run Cypress	2025-03-04T00:15:06.5408132Z env:
Admin UI E2E (2, chrome)	Run Cypress	2025-03-04T00:15:06.5408586Z   MAVEN_ARGS: -B -nsu -Daether.connector.http.connectionMaxTtl=25
Admin UI E2E (2, chrome)	Run Cypress	2025-03-04T00:15:06.5409183Z   RETRY_COUNT: 3
Admin UI E2E (2, chrome)	Run Cypress	2025-03-04T00:15:06.5409544Z   WORKSPACE: keycloak-admin-ui
Admin UI E2E (2, chrome)	Run Cypress	2025-03-04T00:15:06.5410119Z   JAVA_HOME: /opt/hostedtoolcache/Java_Temurin-Hotspot_jdk/21.0.6-7/x64
Admin UI E2E (2, chrome)	Run Cypress	2025-03-04T00:15:06.5410899Z   JAVA_HOME_21_X64: /opt/hostedtoolcache/Java_Temurin-Hotspot_jdk/21.0.6-7/x64
Admin UI E2E (2, chrome)	Run Cypress	2025-03-04T00:15:06.5411528Z   SPLIT: 5
Admin UI E2E (2, chrome)	Run Cypress	2025-03-04T00:15:06.5411833Z   SPLIT_INDEX: 1
Admin UI E2E (2, chrome)	Run Cypress	2025-03-04T00:15:06.5412386Z   SPLIT_RANDOM_SEED: 46
Admin UI E2E (2, chrome)	Run Cypress	2025-03-04T00:15:06.5412801Z ##[endgroup]
Admin UI E2E (2, chrome)	Run Cypress	2025-03-04T00:15:06.7853758Z Skipping install because install parameter is false
Admin UI E2E (2, chrome)	Run Cypress	2025-03-04T00:15:06.7899106Z waiting on "http://localhost:8080" with timeout of 60 seconds
Admin UI E2E (2, chrome)	Run Cypress	2025-03-04T00:15:24.9061132Z It looks like this is your first time using Cypress: 14.1.0
Admin UI E2E (2, chrome)	Run Cypress	2025-03-04T00:15:24.9061805Z 
Admin UI E2E (2, chrome)	Run Cypress	2025-03-04T00:15:24.9084434Z [STARTED] Task without title.
Admin UI E2E (2, chrome)	Run Cypress	2025-03-04T00:15:26.4123222Z [SUCCESS] Task without title.
Admin UI E2E (2, chrome)	Run Cypress	2025-03-04T00:15:26.4128020Z 
Admin UI E2E (2, chrome)	Run Cypress	2025-03-04T00:15:26.4128426Z Opening Cypress...
Admin UI E2E (2, chrome)	Run Cypress	2025-03-04T00:15:26.9904078Z 
Admin UI E2E (2, chrome)	Run Cypress	2025-03-04T00:15:26.9905548Z DevTools listening on ws://127.0.0.1:46359/devtools/browser/834501ae-2fb1-4010-bdb4-9370c36c4c1a
Admin UI E2E (2, chrome)	Run Cypress	2025-03-04T00:15:27.6057479Z (node:2778) ExperimentalWarning: `--experimental-loader` may be removed in the future; instead use `register()`:
Admin UI E2E (2, chrome)	Run Cypress	2025-03-04T00:15:27.6060119Z --import 'data:text/javascript,import { register } from "node:module"; import { pathToFileURL } from "node:url"; register("file%3A///home/runner/.cache/Cypress/14.1.0/Cypress/resources/app/node_modules/ts-node/esm/transpile-only.mjs", pathToFileURL("./"));'
Admin UI E2E (2, chrome)	Run Cypress	2025-03-04T00:15:27.6066868Z (Use `node --trace-warnings ...` to show where the warning was created)
Admin UI E2E (2, chrome)	Run Cypress	2025-03-04T00:15:28.3066876Z cypress-split: there are 41 found specs
Admin UI E2E (2, chrome)	Run Cypress	2025-03-04T00:15:28.3067589Z the first 5 specs
Admin UI E2E (2, chrome)	Run Cypress	2025-03-04T00:15:28.3068735Z - 1: /home/runner/work/keycloak/keycloak/js/apps/admin-ui/cypress/e2e/realm_roles_test.spec.ts
Admin UI E2E (2, chrome)	Run Cypress	2025-03-04T00:15:28.3070453Z - 2: /home/runner/work/keycloak/keycloak/js/apps/admin-ui/cypress/e2e/clients_saml_test.spec.ts
Admin UI E2E (2, chrome)	Run Cypress	2025-03-04T00:15:28.3072423Z - 3: /home/runner/work/keycloak/keycloak/js/apps/admin-ui/cypress/e2e/authentication_policies_ciba.spec.ts
Admin UI E2E (2, chrome)	Run Cypress	2025-03-04T00:15:28.3074256Z - 4: /home/runner/work/keycloak/keycloak/js/apps/admin-ui/cypress/e2e/client_initial_access.spec.ts
Admin UI E2E (2, chrome)	Run Cypress	2025-03-04T00:15:28.3075557Z - 5: /home/runner/work/keycloak/keycloak/js/apps/admin-ui/cypress/e2e/partial_export_test.spec.ts
Admin UI E2E (2, chrome)	Run Cypress	2025-03-04T00:15:28.3076192Z cypress-split: chunk 2 of 5
Admin UI E2E (2, chrome)	Run Cypress	2025-03-04T00:15:28.3085573Z k  spec                                        
Admin UI E2E (2, chrome)	Run Cypress	2025-03-04T00:15:28.3086158Z -  --------------------------------------------
Admin UI E2E (2, chrome)	Run Cypress	2025-03-04T00:15:28.3086741Z 1  cypress/e2e/clients_test.spec.ts            
Admin UI E2E (2, chrome)	Run Cypress	2025-03-04T00:15:28.3087349Z 2  cypress/e2e/realm_settings_tabs_test.spec.ts
Admin UI E2E (2, chrome)	Run Cypress	2025-03-04T00:15:28.3087992Z 3  cypress/e2e/user_fed_kerberos_test.spec.ts  
Admin UI E2E (2, chrome)	Run Cypress	2025-03-04T00:15:28.3088599Z 4  cypress/e2e/client_scopes_test.spec.ts      
Admin UI E2E (2, chrome)	Run Cypress	2025-03-04T00:15:28.3089208Z 5  cypress/e2e/user_fed_test.spec.ts           
Admin UI E2E (2, chrome)	Run Cypress	2025-03-04T00:15:28.3089805Z 6  cypress/e2e/user_fed_ldap_test.spec.ts      
Admin UI E2E (2, chrome)	Run Cypress	2025-03-04T00:15:28.3090394Z 7  cypress/e2e/realm_test.spec.ts              
Admin UI E2E (2, chrome)	Run Cypress	2025-03-04T00:15:28.3091099Z 8  cypress/e2e/clients_role.spec.ts            
Admin UI E2E (2, chrome)	Run Cypress	2025-03-04T00:15:28.3091307Z 
Admin UI E2E (2, chrome)	Run Cypress	2025-03-04T00:15:29.0815223Z 
Admin UI E2E (2, chrome)	Run Cypress	2025-03-04T00:15:29.1053931Z [90m====================================================================================================[39m
Admin UI E2E (2, chrome)	Run Cypress	2025-03-04T00:15:29.1054422Z 
Admin UI E2E (2, chrome)	Run Cypress	2025-03-04T00:15:29.1056271Z [0m  ([4m[1mRun Starting[22m[24m)[0m
Admin UI E2E (2, chrome)	Run Cypress	2025-03-04T00:15:29.1057132Z 
Admin UI E2E (2, chrome)	Run Cypress	2025-03-04T00:15:29.1128192Z [90m  â”Œ[39m[90mâ”€[39m[90mâ”€[39m[90mâ”€[39m[90mâ”€[39m[90mâ”€[39m[90mâ”€[39m[90mâ”€[39m[90mâ”€[39m[90mâ”€[39m[90mâ”€[39m[90mâ”€[39m[90mâ”€[39m[90mâ”€[39m[90mâ”€[39m[90mâ”€[39m[90mâ”€[39m[90mâ”€[39m[90mâ”€[39m[90mâ”€[39m[90mâ”€[39m[90mâ”€[39m[90mâ”€[39m[90mâ”€[39m[90mâ”€[39m[90mâ”€[39m[90mâ”€[39m[90mâ”€[39m[90mâ”€[39m[90mâ”€[39m[90mâ”€[39m[90mâ”€[39m[90mâ”€[39m[90mâ”€[39m[90mâ”€[39m[90mâ”€[39m[90mâ”€[39m[90mâ”€[39m[90mâ”€[39m[90mâ”€[39m[90mâ”€[39m[90mâ”€[39m[90mâ”€[39m[90mâ”€[39m[90mâ”€[39m[90mâ”€[39m[90mâ”€[39m[90mâ”€[39m[90mâ”€[39m[90mâ”€[39m[90mâ”€[39m[90mâ”€[39m[90mâ”€[39m[90mâ”€[39m[90mâ”€[39m[90mâ”€[39m[90mâ”€[39m[90mâ”€[39m[90mâ”€[39m[90mâ”€[39m[90mâ”€[39m[90mâ”€[39m[90mâ”€[39m[90mâ”€[39m[90mâ”€[39m[90mâ”€[39m[90mâ”€[39m[90mâ”€[39m[90mâ”€[39m[90mâ”€[39m[90mâ”€[39m[90mâ”€[39m[90mâ”€[39m[90mâ”€[39m[90mâ”€[39m[90mâ”€[39m[90mâ”€[39m[90mâ”€[39m[90mâ”€[39m[90mâ”€[39m[90mâ”€[39m[90mâ”€[39m[90mâ”€[39m[90mâ”€[39m[90mâ”€[39m[90mâ”€[39m[90mâ”€[39m[90mâ”€[39m[90mâ”€[39m[90mâ”€[39m[90mâ”€[39m[90mâ”€[39m[90mâ”€[39m[90mâ”€[39m[90mâ”€[39m[90mâ”€[39m[90mâ”€[39m[90mâ”[39m
Admin UI E2E (2, chrome)	Run Cypress	2025-03-04T00:15:29.1133569Z [90m  â”‚[39m [90mCypress:[39m        14.1.0                                                                         [90mâ”‚[39m
Admin UI E2E (2, chrome)	Run Cypress	2025-03-04T00:15:29.1135063Z [90m  â”‚[39m [90mBrowser:[39m        Chrome 133 [90m(headless)[39m                                                          [90mâ”‚[39m
Admin UI E2E (2, chrome)	Run Cypress	2025-03-04T00:15:29.1136947Z [90m  â”‚[39m [90mNode Version:[39m   [0mv20.18.0 [90m(/home/runner/runners/2.322.0/externals/node20/bin/node)[39m[0m              [90mâ”‚[39m
Admin UI E2E (2, chrome)	Run Cypress	2025-03-04T00:15:29.1138900Z [90m  â”‚[39m [90mSpecs:[39m          [0m8 found (clients_test.spec.ts, realm_settings_tabs_test.spec.ts, user_fed_kerb[0m [90mâ”‚[39m
Admin UI E2E (2, chrome)	Run Cypress	2025-03-04T00:15:29.1140633Z [90m  â”‚[39m                 [0meros_test.spec.ts, client_scopes_test.spec.ts, user_fed_test.spec.ts, user_fed[0m [90mâ”‚[39m
Admin UI E2E (2, chrome)	Run Cypress	2025-03-04T00:15:29.1142408Z [90m  â”‚[39m                 [0m_ldap_test.spec.ts, realm_test.spec.ts, clients_role.spec.ts)[0m                  [90mâ”‚[39m
Admin UI E2E (2, chrome)	Run Cypress	2025-03-04T00:15:29.1144215Z [90m  â”‚[39m [90mSearched:[39m       [0mcypress/e2e/clients_test.spec.ts, cypress/e2e/realm_settings_tabs_test.spec.ts[0m [90mâ”‚[39m
Admin UI E2E (2, chrome)	Run Cypress	2025-03-04T00:15:29.1145947Z [90m  â”‚[39m                 [0m, cypress/e2e/user_fed_kerberos_test.spec.ts, cypress/e2e/client_scopes_test.s[0m [90mâ”‚[39m
Admin UI E2E (2, chrome)	Run Cypress	2025-03-04T00:15:29.1147578Z [90m  â”‚[39m                 [0mpec.ts, cypress/e2e/user_fed_test.spec.ts, cypress/e2e/user_fed_ldap_test.spec[0m [90mâ”‚[39m
Admin UI E2E (2, chrome)	Run Cypress	2025-03-04T00:15:29.1149220Z [90m  â”‚[39m                 [0m.ts, cypress/e2e/realm_test.spec.ts, cypress/e2e/clients_role.spec.ts[0m          [90mâ”‚[39m
Admin UI E2E (2, chrome)	Run Cypress	2025-03-04T00:15:29.1150923Z [90m  â”‚[39m [90mExperiments:[39m    experimentalMemoryManagement=true                                              [90mâ”‚[39m
Admin UI E2E (2, chrome)	Run Cypress	2025-03-04T00:15:29.1158627Z [90m  â””[39m[90mâ”€[39m[90mâ”€[39m[90mâ”€[39m[90mâ”€[39m[90mâ”€[39m[90mâ”€[39m[90mâ”€[39m[90mâ”€[39m[90mâ”€[39m[90mâ”€[39m[90mâ”€[39m[90mâ”€[39m[90mâ”€[39m[90mâ”€[39m[90mâ”€[39m[90mâ”€[39m[90mâ”€[39m[90mâ”€[39m[90mâ”€[39m[90mâ”€[39m[90mâ”€[39m[90mâ”€[39m[90mâ”€[39m[90mâ”€[39m[90mâ”€[39m[90mâ”€[39m[90mâ”€[39m[90mâ”€[39m[90mâ”€[39m[90mâ”€[39m[90mâ”€[39m[90mâ”€[39m[90mâ”€[39m[90mâ”€[39m[90mâ”€[39m[90mâ”€[39m[90mâ”€[39m[90mâ”€[39m[90mâ”€[39m[90mâ”€[39m[90mâ”€[39m[90mâ”€[39m[90mâ”€[39m[90mâ”€[39m[90mâ”€[39m[90mâ”€[39m[90mâ”€[39m[90mâ”€[39m[90mâ”€[39m[90mâ”€[39m[90mâ”€[39m[90mâ”€[39m[90mâ”€[39m[90mâ”€[39m[90mâ”€[39m[90mâ”€[39m[90mâ”€[39m[90mâ”€[39m[90mâ”€[39m[90mâ”€[39m[90mâ”€[39m[90mâ”€[39m[90mâ”€[39m[90mâ”€[39m[90mâ”€[39m[90mâ”€[39m[90mâ”€[39m[90mâ”€[39m[90mâ”€[39m[90mâ”€[39m[90mâ”€[39m[90mâ”€[39m[90mâ”€[39m[90mâ”€[39m[90mâ”€[39m[90mâ”€[39m[90mâ”€[39m[90mâ”€[39m[90mâ”€[39m[90mâ”€[39m[90mâ”€[39m[90mâ”€[39m[90mâ”€[39m[90mâ”€[39m[90mâ”€[39m[90mâ”€[39m[90mâ”€[39m[90mâ”€[39m[90mâ”€[39m[90mâ”€[39m[90mâ”€[39m[90mâ”€[39m[90mâ”€[39m[90mâ”€[39m[90mâ”€[39m[90mâ”€[39m[90mâ”˜[39m
Admin UI E2E (2, chrome)	Run Cypress	2025-03-04T00:15:29.1163186Z 
Admin UI E2E (2, chrome)	Run Cypress	2025-03-04T00:15:29.1163211Z 
Admin UI E2E (2, chrome)	Run Cypress	2025-03-04T00:15:29.1170134Z [90mâ”€[39m[90mâ”€[39m[90mâ”€[39m[90mâ”€[39m[90mâ”€[39m[90mâ”€[39m[90mâ”€[39m[90mâ”€[39m[90mâ”€[39m[90mâ”€[39m[90mâ”€[39m[90mâ”€[39m[90mâ”€[39m[90mâ”€[39m[90mâ”€[39m[90mâ”€[39m[90mâ”€[39m[90mâ”€[39m[90mâ”€[39m[90mâ”€[39m[90mâ”€[39m[90mâ”€[39m[90mâ”€[39m[90mâ”€[39m[90mâ”€[39m[90mâ”€[39m[90mâ”€[39m[90mâ”€[39m[90mâ”€[39m[90mâ”€[39m[90mâ”€[39m[90mâ”€[39m[90mâ”€[39m[90mâ”€[39m[90mâ”€[39m[90mâ”€[39m[90mâ”€[39m[90mâ”€[39m[90mâ”€[39m[90mâ”€[39m[90mâ”€[39m[90mâ”€[39m[90mâ”€[39m[90mâ”€[39m[90mâ”€[39m[90mâ”€[39m[90mâ”€[39m[90mâ”€[39m[90mâ”€[39m[90mâ”€[39m[90mâ”€[39m[90mâ”€[39m[90mâ”€[39m[90mâ”€[39m[90mâ”€[39m[90mâ”€[39m[90mâ”€[39m[90mâ”€[39m[90mâ”€[39m[90mâ”€[39m[90mâ”€[39m[90mâ”€[39m[90mâ”€[39m[90mâ”€[39m[90mâ”€[39m[90mâ”€[39m[90mâ”€[39m[90mâ”€[39m[90mâ”€[39m[90mâ”€[39m[90mâ”€[39m[90mâ”€[39m[90mâ”€[39m[90mâ”€[39m[90mâ”€[39m[90mâ”€[39m[90mâ”€[39m[90mâ”€[39m[90mâ”€[39m[90mâ”€[39m[90mâ”€[39m[90mâ”€[39m[90mâ”€[39m[90mâ”€[39m[90mâ”€[39m[90mâ”€[39m[90mâ”€[39m[90mâ”€[39m[90mâ”€[39m[90mâ”€[39m[90mâ”€[39m[90mâ”€[39m[90mâ”€[39m[90mâ”€[39m[90mâ”€[39m[90mâ”€[39m[90mâ”€[39m[90mâ”€[39m[90mâ”€[39m[90mâ”€[39m
Admin UI E2E (2, chrome)	Run Cypress	2025-03-04T00:15:29.1174666Z                                                                                                     
Admin UI E2E (2, chrome)	Run Cypress	2025-03-04T00:15:29.1175766Z   Running:  [90mclients_test.spec.ts[39m                                                            [90m(1 of 8)[39m
Admin UI E2E (2, chrome)	Run Cypress	2025-03-04T00:15:36.8206777Z 
Admin UI E2E (2, chrome)	Run Cypress	2025-03-04T00:15:36.8213943Z [0m[0m
Admin UI E2E (2, chrome)	Run Cypress	2025-03-04T00:15:36.8256284Z [0m  Clients test[0m
Admin UI E2E (2, chrome)	Run Cypress	2025-03-04T00:15:38.5584094Z [0m    Client creation[0m
Admin UI E2E (2, chrome)	Run Cypress	2025-03-04T00:15:47.1540623Z     [32m  âœ“[0m[90m Should cancel creating client[0m[90m (10268ms)[0m
Admin UI E2E (2, chrome)	Run Cypress	2025-03-04T00:15:54.4256168Z     [32m  âœ“[0m[90m Should check settings elements[0m[90m (7167ms)[0m
Admin UI E2E (2, chrome)	Run Cypress	2025-03-04T00:15:57.7528227Z     [32m  âœ“[0m[90m Should navigate to previous using 'back' button[0m[90m (3258ms)[0m
Admin UI E2E (2, chrome)	Run Cypress	2025-03-04T00:16:02.4664032Z     [32m  âœ“[0m[90m Should fail creating client[0m[90m (4653ms)[0m
Admin UI E2E (2, chrome)	Run Cypress	2025-03-04T00:16:11.5248366Z     [32m  âœ“[0m[90m Client CRUD test[0m[90m (8921ms)[0m
Admin UI E2E (2, chrome)	Run Cypress	2025-03-04T00:16:14.3182509Z     [32m  âœ“[0m[90m Should fail to create imported client with empty ID[0m[90m (2723ms)[0m
Admin UI E2E (2, chrome)	Run Cypress	2025-03-04T00:16:19.5574092Z     [32m  âœ“[0m[90m Should fail to create client with same ID[0m[90m (5175ms)[0m
Admin UI E2E (2, chrome)	Run Cypress	2025-03-04T00:16:21.9455314Z     [32m  âœ“[0m[90m should delete 'identical' client id[0m[90m (2358ms)[0m
Admin UI E2E (2, chrome)	Run Cypress	2025-03-04T00:16:21.9829317Z [0m    Service account tab test[0m
Admin UI E2E (2, chrome)	Run Cypress	2025-03-04T00:16:26.7789496Z     [32m  âœ“[0m[90m List[0m[90m (4762ms)[0m
Admin UI E2E (2, chrome)	Run Cypress	2025-03-04T00:17:03.7561592Z       [33m(Attempt 1 of 4)[0m Assign
Admin UI E2E (2, chrome)	Run Cypress	2025-03-04T00:17:44.9539483Z       [33m(Attempt 2 of 4)[0m Assign
Admin UI E2E (2, chrome)	Run Cypress	2025-03-04T00:18:29.5814195Z       [33m(Attempt 3 of 4)[0m Assign
Admin UI E2E (2, chrome)	Run Cypress	2025-03-04T00:19:17.3927248Z     [31m  1) Assign[0m
Admin UI E2E (2, chrome)	Run Cypress	2025-03-04T00:19:18.0270486Z [0m    Mapping tab[0m
Admin UI E2E (2, chrome)	Run Cypress	2025-03-04T00:19:24.9041324Z     [32m  âœ“[0m[90m Add mapping to openid client[0m[90m (6385ms)[0m
Admin UI E2E (2, chrome)	Run Cypress	2025-03-04T00:19:24.9371566Z [0m    Keys tab test[0m
Admin UI E2E (2, chrome)	Run Cypress	2025-03-04T00:19:31.4741789Z     [32m  âœ“[0m[90m Generate new keys[0m[90m (6173ms)[0m
Admin UI E2E (2, chrome)	Run Cypress	2025-03-04T00:19:31.5170727Z [0m    Realm client[0m
Admin UI E2E (2, chrome)	Run Cypress	2025-03-04T00:19:35.6408734Z     [32m  âœ“[0m[90m Displays the correct tabs[0m[90m (4029ms)[0m
Admin UI E2E (2, chrome)	Run Cypress	2025-03-04T00:19:39.9820569Z     [32m  âœ“[0m[90m Hides the delete action[0m[90m (4258ms)[0m
Admin UI E2E (2, chrome)	Run Cypress	2025-03-04T00:19:39.9963978Z [0m    ***
Admin UI E2E (2, chrome)	Run Cypress	2025-03-04T00:19:44.3523485Z     [32m  âœ“[0m[90m Shows an explainer text for bearer only clients[0m[90m (4260ms)[0m
Admin UI E2E (2, chrome)	Run Cypress	2025-03-04T00:19:48.4717706Z     [32m  âœ“[0m[90m Hides the capability config section[0m[90m (3771ms)[0m
Admin UI E2E (2, chrome)	Run Cypress	2025-03-04T00:19:48.4831851Z [0m    Generated home URLs for built-in clients[0m
Admin UI E2E (2, chrome)	Run Cypress	2025-03-04T00:19:51.0547082Z     [32m  âœ“[0m[90m Check account-console Home URL[0m[90m (2453ms)[0m
Admin UI E2E (2, chrome)	Run Cypress	2025-03-04T00:19:53.7956923Z     [32m  âœ“[0m[90m Check security-admin-console Home URL[0m[90m (2542ms)[0m
Admin UI E2E (2, chrome)	Run Cypress	2025-03-04T00:19:53.8093914Z [0m    Accessibility tests for clients[0m
Admin UI E2E (2, chrome)	Run Cypress	2025-03-04T00:19:56.9742982Z     [32m  âœ“[0m[90m Check a11y violations on load/ clients list tab[0m[90m (3116ms)[0m
Admin UI E2E (2, chrome)	Run Cypress	2025-03-04T00:20:01.5671439Z     [32m  âœ“[0m[90m Check a11y violations on create client page[0m[90m (4508ms)[0m
Admin UI E2E (2, chrome)	Run Cypress	2025-03-04T00:20:11.5836400Z     [32m  âœ“[0m[90m Check a11y violations on client details page[0m[90m (9881ms)[0m
Admin UI E2E (2, chrome)	Run Cypress	2025-03-04T00:20:15.7493219Z     [32m  âœ“[0m[90m Check a11y violations in delete dialog[0m[90m (4058ms)[0m
Admin UI E2E (2, chrome)	Run Cypress	2025-03-04T00:20:18.7819992Z     [32m  âœ“[0m[90m Check a11y violations on client registration/ anonymous access policies tab[0m[90m (2848ms)[0m
Admin UI E2E (2, chrome)	Run Cypress	2025-03-04T00:20:22.9136586Z     [32m  âœ“[0m[90m Check a11y violations on client registration/ authenticated access policies tab[0m[90m (3052ms)[0m
Admin UI E2E (2, chrome)	Run Cypress	2025-03-04T00:20:22.9137375Z 
Admin UI E2E (2, chrome)	Run Cypress	2025-03-04T00:20:22.9453390Z 
Admin UI E2E (2, chrome)	Run Cypress	2025-03-04T00:20:22.9463920Z [92m [0m[32m 23 passing[0m[90m (5m)[0m
Admin UI E2E (2, chrome)	Run Cypress	2025-03-04T00:20:22.9464734Z [31m  1 failing[0m
Admin UI E2E (2, chrome)	Run Cypress	2025-03-04T00:20:22.9466653Z 
Admin UI E2E (2, chrome)	Run Cypress	2025-03-04T00:20:22.9469971Z [0m  1) Clients test
Admin UI E2E (2, chrome)	Run Cypress	2025-03-04T00:20:22.9470918Z        Service account tab test
Admin UI E2E (2, chrome)	Run Cypress	2025-03-04T00:20:22.9495969Z          Assign:
Admin UI E2E (2, chrome)	Run Cypress	2025-03-04T00:20:22.9505390Z [0m[31m     AssertionError: Timed out retrying after 30000ms: expected '[ <td.pf-v5-c-table__td.pf-v5-c-table__check>, 39 more... ]' not to contain 'create-realm-d17b18f4-dfcc-4332-b571-97f3f023421e'[0m[90m
Admin UI E2E (2, chrome)	Run Cypress	2025-03-04T00:20:22.9507299Z       at Context.eval (webpack://@keycloak/keycloak-admin-ui/./cypress/support/pages/admin-ui/manage/RoleMappingTab.ts:91:0)
Admin UI E2E (2, chrome)	Run Cypress	2025-03-04T00:20:22.9508527Z       at <unknown> (http://localhost:8080/__cypress/runner/cypress_runner.js:117746:17)
Admin UI E2E (2, chrome)	Run Cypress	2025-03-04T00:20:22.9509506Z       at tryCatcher (http://localhost:8080/__cypress/runner/cypress_runner.js:1777:23)
Admin UI E2E (2, chrome)	Run Cypress	2025-03-04T00:20:22.9510625Z       at Promise.attempt.Promise.try (http://localhost:8080/__cypress/runner/cypress_runner.js:4285:29)
Admin UI E2E (2, chrome)	Run Cypress	2025-03-04T00:20:22.9511919Z       at Context.shouldFnWithCallback (http://localhost:8080/__cypress/runner/cypress_runner.js:117743:66)
Admin UI E2E (2, chrome)	Run Cypress	2025-03-04T00:20:22.9512955Z [0m
Admin UI E2E (2, chrome)	Run Cypress	2025-03-04T00:20:22.9513131Z 
Admin UI E2E (2, chrome)	Run Cypress	2025-03-04T00:20:22.9513142Z 
Admin UI E2E (2, chrome)	Run Cypress	2025-03-04T00:20:23.9893615Z 
Admin UI E2E (2, chrome)	Run Cypress	2025-03-04T00:20:23.9895274Z [31m  ([4m[1mResults[22m[24m)[39m
Admin UI E2E (2, chrome)	Run Cypress	2025-03-04T00:20:23.9912403Z 
Admin UI E2E (2, chrome)	Run Cypress	2025-03-04T00:20:23.9930577Z [90m  â”Œ[39m[90mâ”€[39m[90mâ”€[39m[90mâ”€[39m[90mâ”€[39m[90mâ”€[39m[90mâ”€[39m[90mâ”€[39m[90mâ”€[39m[90mâ”€[39m[90mâ”€[39m[90mâ”€[39m[90mâ”€[39m[90mâ”€[39m[90mâ”€[39m[90mâ”€[39m[90mâ”€[39m[90mâ”€[39m[90mâ”€[39m[90mâ”€[39m[90mâ”€[39m[90mâ”€[39m[90mâ”€[39m[90mâ”€[39m[90mâ”€[39m[90mâ”€[39m[90mâ”€[39m[90mâ”€[39m[90mâ”€[39m[90mâ”€[39m[90mâ”€[39m[90mâ”€[39m[90mâ”€[39m[90mâ”€[39m[90mâ”€[39m[90mâ”€[39m[90mâ”€[39m[90mâ”€[39m[90mâ”€[39m[90mâ”€[39m[90mâ”€[39m[90mâ”€[39m[90mâ”€[39m[90mâ”€[39m[90mâ”€[39m[90mâ”€[39m[90mâ”€[39m[90mâ”€[39m[90mâ”€[39m[90mâ”€[39m[90mâ”€[39m[90mâ”€[39m[90mâ”€[39m[90mâ”€[39m[90mâ”€[39m[90mâ”€[39m[90mâ”€[39m[90mâ”€[39m[90mâ”€[39m[90mâ”€[39m[90mâ”€[39m[90mâ”€[39m[90mâ”€[39m[90mâ”€[39m[90mâ”€[39m[90mâ”€[39m[90mâ”€[39m[90mâ”€[39m[90mâ”€[39m[90mâ”€[39m[90mâ”€[39m[90mâ”€[39m[90mâ”€[39m[90mâ”€[39m[90mâ”€[39m[90mâ”€[39m[90mâ”€[39m[90mâ”€[39m[90mâ”€[39m[90mâ”€[39m[90mâ”€[39m[90mâ”€[39m[90mâ”€[39m[90mâ”€[39m[90mâ”€[39m[90mâ”€[39m[90mâ”€[39m[90mâ”€[39m[90mâ”€[39m[90mâ”€[39m[90mâ”€[39m[90mâ”€[39m[90mâ”€[39m[90mâ”€[39m[90mâ”€[39m[90mâ”€[39m[90mâ”€[39m[90mâ”[39m
Admin UI E2E (2, chrome)	Run Cypress	2025-03-04T00:20:23.9935625Z [90m  â”‚[39m [90mTests:[39m        [31m24[39m                                                                               [90mâ”‚[39m
Admin UI E2E (2, chrome)	Run Cypress	2025-03-04T00:20:23.9936976Z [90m  â”‚[39m [90mPassing:[39m      [31m23[39m                                                                               [90mâ”‚[39m
Admin UI E2E (2, chrome)	Run Cypress	2025-03-04T00:20:23.9938366Z [90m  â”‚[39m [90mFailing:[39m      [31m1[39m                                                                                [90mâ”‚[39m
Admin UI E2E (2, chrome)	Run Cypress	2025-03-04T00:20:23.9940167Z [90m  â”‚[39m [90mPending:[39m      [31m0[39m                                                                                [90mâ”‚[39m
Admin UI E2E (2, chrome)	Run Cypress	2025-03-04T00:20:23.9941443Z [90m  â”‚[39m [90mSkipped:[39m      [31m0[39m                                                                                [90mâ”‚[39m
Admin UI E2E (2, chrome)	Run Cypress	2025-03-04T00:20:23.9943344Z [90m  â”‚[39m [90mScreenshots:[39m  [31m4[39m                                                                                [90mâ”‚[39m
Admin UI E2E (2, chrome)	Run Cypress	2025-03-04T00:20:23.9944147Z [90m  â”‚[39m [90mVideo:[39m        [31mtrue[39m                                                                             [90mâ”‚[39m
Admin UI E2E (2, chrome)	Run Cypress	2025-03-04T00:20:23.9944959Z [90m  â”‚[39m [90mDuration:[39m     [31m4 minutes, 46 seconds[39m                                                            [90mâ”‚[39m
Admin UI E2E (2, chrome)	Run Cypress	2025-03-04T00:20:23.9945899Z [90m  â”‚[39m [90mSpec Ran:[39m     [31m[31mclients_test.spec.ts[31m[39m                                                             [90mâ”‚[39m
Admin UI E2E (2, chrome)	Run Cypress	2025-03-04T00:20:23.9949673Z [90m  â””[39m[90mâ”€[39m[90mâ”€[39m[90mâ”€[39m[90mâ”€[39m[90mâ”€[39m[90mâ”€[39m[90mâ”€[39m[90mâ”€[39m[90mâ”€[39m[90mâ”€[39m[90mâ”€[39m[90mâ”€[39m[90mâ”€[39m[90mâ”€[39m[90mâ”€[39m[90mâ”€[39m[90mâ”€[39m[90mâ”€[39m[90mâ”€[39m[90mâ”€[39m[90mâ”€[39m[90mâ”€[39m[90mâ”€[39m[90mâ”€[39m[90mâ”€[39m[90mâ”€[39m[90mâ”€[39m[90mâ”€[39m[90mâ”€[39m[90mâ”€[39m[90mâ”€[39m[90mâ”€[39m[90mâ”€[39m[90mâ”€[39m[90mâ”€[39m[90mâ”€[39m[90mâ”€[39m[90mâ”€[39m[90mâ”€[39m[90mâ”€[39m[90mâ”€[39m[90mâ”€[39m[90mâ”€[39m[90mâ”€[39m[90mâ”€[39m[90mâ”€[39m[90mâ”€[39m[90mâ”€[39m[90mâ”€[39m[90mâ”€[39m[90mâ”€[39m[90mâ”€[39m[90mâ”€[39m[90mâ”€[39m[90mâ”€[39m[90mâ”€[39m[90mâ”€[39m[90mâ”€[39m[90mâ”€[39m[90mâ”€[39m[90mâ”€[39m[90mâ”€[39m[90mâ”€[39m[90mâ”€[39m[90mâ”€[39m[90mâ”€[39m[90mâ”€[39m[90mâ”€[39m[90mâ”€[39m[90mâ”€[39m[90mâ”€[39m[90mâ”€[39m[90mâ”€[39m[90mâ”€[39m[90mâ”€[39m[90mâ”€[39m[90mâ”€[39m[90mâ”€[39m[90mâ”€[39m[90mâ”€[39m[90mâ”€[39m[90mâ”€[39m[90mâ”€[39m[90mâ”€[39m[90mâ”€[39m[90mâ”€[39m[90mâ”€[39m[90mâ”€[39m[90mâ”€[39m[90mâ”€[39m[90mâ”€[39m[90mâ”€[39m[90mâ”€[39m[90mâ”€[39m[90mâ”€[39m[90mâ”€[39m[90mâ”˜[39m
Admin UI E2E (2, chrome)	Run Cypress	2025-03-04T00:20:23.9952312Z 
Admin UI E2E (2, chrome)	Run Cypress	2025-03-04T00:20:23.9952324Z 
Admin UI E2E (2, chrome)	Run Cypress	2025-03-04T00:20:23.9952554Z [33m  ([4m[1mScreenshots[22m[24m)[39m
Admin UI E2E (2, chrome)	Run Cypress	2025-03-04T00:20:23.9952762Z 
Admin UI E2E (2, chrome)	Run Cypress	2025-03-04T00:20:23.9953434Z [90m [39m -  [0m/home/runner/work/keycloak/keycloak/js/apps/admin-ui/cypress/screenshots/clients[0m     [90m[90m(1280x633)[90m[39m
Admin UI E2E (2, chrome)	Run Cypress	2025-03-04T00:20:23.9954392Z [90m [39m    [0m_test.spec.ts/Clients test -- Service account tab test -- Assign (failed).png[0m                  
Admin UI E2E (2, chrome)	Run Cypress	2025-03-04T00:20:23.9955867Z [90m [39m -  [0m/home/runner/work/keycloak/keycloak/js/apps/admin-ui/cypress/screenshots/clients[0m     [90m[90m(1280x633)[90m[39m
Admin UI E2E (2, chrome)	Run Cypress	2025-03-04T00:20:23.9957315Z [90m [39m    [0m_test.spec.ts/Clients test -- Service account tab test -- Assign (failed) (attem[0m               
Admin UI E2E (2, chrome)	Run Cypress	2025-03-04T00:20:23.9958297Z [90m [39m    [0mpt 2).png[0m                                                                                      
Admin UI E2E (2, chrome)	Run Cypress	2025-03-04T00:20:23.9959807Z [90m [39m -  [0m/home/runner/work/keycloak/keycloak/js/apps/admin-ui/cypress/screenshots/clients[0m     [90m[90m(1280x633)[90m[39m
Admin UI E2E (2, chrome)	Run Cypress	2025-03-04T00:20:23.9961454Z [90m [39m    [0m_test.spec.ts/Clients test -- Service account tab test -- Assign (failed) (attem[0m               
Admin UI E2E (2, chrome)	Run Cypress	2025-03-04T00:20:23.9962777Z [90m [39m    [0mpt 3).png[0m                                                                                      
Admin UI E2E (2, chrome)	Run Cypress	2025-03-04T00:20:23.9964245Z [90m [39m -  [0m/home/runner/work/keycloak/keycloak/js/apps/admin-ui/cypress/screenshots/clients[0m     [90m[90m(1280x633)[90m[39m
Admin UI E2E (2, chrome)	Run Cypress	2025-03-04T00:20:23.9965731Z [90m [39m    [0m_test.spec.ts/Clients test -- Service account tab test -- Assign (failed) (attem[0m               
Admin UI E2E (2, chrome)	Run Cypress	2025-03-04T00:20:23.9966416Z [90m [39m    [0mpt 4).png[0m                                                                                      
Admin UI E2E (2, chrome)	Run Cypress	2025-03-04T00:20:23.9966663Z 
Admin UI E2E (2, chrome)	Run Cypress	2025-03-04T00:20:24.0300016Z 
Admin UI E2E (2, chrome)	Run Cypress	2025-03-04T00:20:24.0301211Z [36m  ([4m[1mVideo[22m[24m)[39m
Admin UI E2E (2, chrome)	Run Cypress	2025-03-04T00:20:24.0301856Z 
Admin UI E2E (2, chrome)	Run Cypress	2025-03-04T00:20:24.0303434Z   -  Video output: [36m/home/runner/work/keycloak/keycloak/js/apps/admin-ui/cypress/videos/clients_test.spec.ts.mp4[39m
Admin UI E2E (2, chrome)	Run Cypress	2025-03-04T00:20:24.0304298Z 
Admin UI E2E (2, chrome)	Run Cypress	2025-03-04T00:20:24.0304351Z 
Admin UI E2E (2, chrome)	Run Cypress	2025-03-04T00:20:24.0316270Z [90mâ”€[39m[90mâ”€[39m[90mâ”€[39m[90mâ”€[39m[90mâ”€[39m[90mâ”€[39m[90mâ”€[39m[90mâ”€[39m[90mâ”€[39m[90mâ”€[39m[90mâ”€[39m[90mâ”€[39m[90mâ”€[39m[90mâ”€[39m[90mâ”€[39m[90mâ”€[39m[90mâ”€[39m[90mâ”€[39m[90mâ”€[39m[90mâ”€[39m[90mâ”€[39m[90mâ”€[39m[90mâ”€[39m[90mâ”€[39m[90mâ”€[39m[90mâ”€[39m[90mâ”€[39m[90mâ”€[39m[90mâ”€[39m[90mâ”€[39m[90mâ”€[39m[90mâ”€[39m[90mâ”€[39m[90mâ”€[39m[90mâ”€[39m[90mâ”€[39m[90mâ”€[39m[90mâ”€[39m[90mâ”€[39m[90mâ”€[39m[90mâ”€[39m[90mâ”€[39m[90mâ”€[39m[90mâ”€[39m[90mâ”€[39m[90mâ”€[39m[90mâ”€[39m[90mâ”€[39m[90mâ”€[39m[90mâ”€[39m[90mâ”€[39m[90mâ”€[39m[90mâ”€[39m[90mâ”€[39m[90mâ”€[39m[90mâ”€[39m[90mâ”€[39m[90mâ”€[39m[90mâ”€[39m[90mâ”€[39m[90mâ”€[39m[90mâ”€[39m[90mâ”€[39m[90mâ”€[39m[90mâ”€[39m[90mâ”€[39m[90mâ”€[39m[90mâ”€[39m[90mâ”€[39m[90mâ”€[39m[90mâ”€[39m[90mâ”€[39m[90mâ”€[39m[90mâ”€[39m[90mâ”€[39m[90mâ”€[39m[90mâ”€[39m[90mâ”€[39m[90mâ”€[39m[90mâ”€[39m[90mâ”€[39m[90mâ”€[39m[90mâ”€[39m[90mâ”€[39m[90mâ”€[39m[90mâ”€[39m[90mâ”€[39m[90mâ”€[39m[90mâ”€[39m[90mâ”€[39m[90mâ”€[39m[90mâ”€[39m[90mâ”€[39m[90mâ”€[39m[90mâ”€[39m[90mâ”€[39m[90mâ”€[39m[90mâ”€[39m[90mâ”€[39m[90mâ”€[39m
Admin UI E2E (2, chrome)	Run Cypress	2025-03-04T00:20:24.0320502Z                                                                                                     
Admin UI E2E (2, chrome)	Run Cypress	2025-03-04T00:20:24.0321565Z   Running:  [90mrealm_settings_tabs_test.spec.ts[39m                                                [90m(2 of 8)[39m
Admin UI E2E (2, chrome)	Run Cypress	2025-03-04T00:20:28.2613562Z 
Admin UI E2E (2, chrome)	Run Cypress	2025-03-04T00:20:28.2614681Z [0m[0m
Admin UI E2E (2, chrome)	Run Cypress	2025-03-04T00:20:28.2637820Z [0m  Realm settings tabs tests[0m
Admin UI E2E (2, chrome)	Run Cypress	2025-03-04T00:20:33.8757545Z   [32m  âœ“[0m[90m shows the 'user profile' tab[0m[90m (5565ms)[0m
Admin UI E2E (2, chrome)	Run Cypress	2025-03-04T00:20:41.6777051Z   [32m  âœ“[0m[90m Go to login tab[0m[90m (7687ms)[0m
Admin UI E2E (2, chrome)	Run Cypress	2025-03-04T00:20:47.9875022Z   [32m  âœ“[0m[90m Go to email tab[0m[90m (6248ms)[0m
Admin UI E2E (2, chrome)	Run Cypress	2025-03-04T00:20:51.3372299Z   [32m  âœ“[0m[90m Go to themes tab[0m[90m (3255ms)[0m
Admin UI E2E (2, chrome)	Run Cypress	2025-03-04T00:20:51.4012651Z [0m    Go to security defenses tab[0m
Admin UI E2E (2, chrome)	Run Cypress	2025-03-04T00:20:54.3839930Z     [32m  âœ“[0m[90m Realm header settings- update single input[0m[90m (2923ms)[0m
Admin UI E2E (2, chrome)	Run Cypress	2025-03-04T00:20:59.8064347Z     [32m  âœ“[0m[90m Realm header settings- update all inputs[0m[90m (5292ms)[0m
Admin UI E2E (2, chrome)	Run Cypress	2025-03-04T00:21:03.5248815Z     [32m  âœ“[0m[90m Brute force detection- update values[0m[90m (3591ms)[0m
Admin UI E2E (2, chrome)	Run Cypress	2025-03-04T00:21:03.5430688Z [0m    Go to localization tab[0m
Admin UI E2E (2, chrome)	Run Cypress	2025-03-04T00:21:06.8591469Z     [32m  âœ“[0m[90m Locales tab - Add locale[0m[90m (3265ms)[0m
Admin UI E2E (2, chrome)	Run Cypress	2025-03-04T00:21:09.8364879Z     [32m  âœ“[0m[90m Realm Overrides - Add and delete bundle[0m[90m (2917ms)[0m
Admin UI E2E (2, chrome)	Run Cypress	2025-03-04T00:21:13.0329468Z     [32m  âœ“[0m[90m Realm Overrides - Search for and delete bundle[0m[90m (3163ms)[0m
Admin UI E2E (2, chrome)	Run Cypress	2025-03-04T00:21:17.5728625Z     [32m  âœ“[0m[90m Realm Overrides - Edit and cancel edit message bundle[0m[90m (4502ms)[0m
Admin UI E2E (2, chrome)	Run Cypress	2025-03-04T00:21:20.2100483Z     [32m  âœ“[0m[90m Effective Message Bundles - Check before search message[0m[90m (2575ms)[0m
Admin UI E2E (2, chrome)	Run Cypress	2025-03-04T00:21:20.2245009Z [0m    Accessibility tests for realm settings[0m
Admin UI E2E (2, chrome)	Run Cypress	2025-03-04T00:21:24.9158770Z     [32m  âœ“[0m[90m Check a11y violations on load/ realm settings/ general tab[0m[90m (4665ms)[0m
Admin UI E2E (2, chrome)	Run Cypress	2025-03-04T00:21:29.6883829Z     [32m  âœ“[0m[90m Check a11y violations on login tab[0m[90m (4727ms)[0m
Admin UI E2E (2, chrome)	Run Cypress	2025-03-04T00:21:33.7585201Z     [32m  âœ“[0m[90m Check a11y violations on email tab[0m[90m (4022ms)[0m
Admin UI E2E (2, chrome)	Run Cypress	2025-03-04T00:21:37.8042467Z     [32m  âœ“[0m[90m Check a11y violations on themes tab[0m[90m (3994ms)[0m
Admin UI E2E (2, chrome)	Run Cypress	2025-03-04T00:21:42.3714038Z     [32m  âœ“[0m[90m Check a11y violations on keys tab/ keys list sub tab[0m[90m (4510ms)[0m
Admin UI E2E (2, chrome)	Run Cypress	2025-03-04T00:21:47.3819194Z     [32m  âœ“[0m[90m Check a11y violations on keys tab/ providers sub tab[0m[90m (4947ms)[0m
Admin UI E2E (2, chrome)	Run Cypress	2025-03-04T00:21:52.4575076Z     [32m  âœ“[0m[90m Check a11y violations on keys tab/ providers sub tab / adding provider[0m[90m (5040ms)[0m
Admin UI E2E (2, chrome)	Run Cypress	2025-03-04T00:21:57.3179126Z     [32m  âœ“[0m[90m Check a11y violations on events tab/ event listeners sub tab[0m[90m (4745ms)[0m
Admin UI E2E (2, chrome)	Run Cypress	2025-03-04T00:22:02.5349444Z     [32m  âœ“[0m[90m Check a11y violations on events tab/ user events settings sub tab[0m[90m (5109ms)[0m
Admin UI E2E (2, chrome)	Run Cypress	2025-03-04T00:22:07.5384025Z     [32m  âœ“[0m[90m Check a11y violations on events tab/ admin events settings sub tab[0m[90m (4946ms)[0m
Admin UI E2E (2, chrome)	Run Cypress	2025-03-04T00:22:12.2497424Z     [32m  âœ“[0m[90m Check a11y violations on localization locales sub tab[0m[90m (4642ms)[0m
Admin UI E2E (2, chrome)	Run Cypress	2025-03-04T00:22:16.4718490Z     [32m  âœ“[0m[90m Check a11y violations on localization realm overrides sub tab[0m[90m (4149ms)[0m
Admin UI E2E (2, chrome)	Run Cypress	2025-03-04T00:22:21.0591472Z     [32m  âœ“[0m[90m Check a11y violations on localization realm overrides sub tab/ adding message bundle[0m[90m (4575ms)[0m
Admin UI E2E (2, chrome)	Run Cypress	2025-03-04T00:22:25.5157600Z     [32m  âœ“[0m[90m Check a11y violations on localization effective message bundles sub tab[0m[90m (4373ms)[0m
Admin UI E2E (2, chrome)	Run Cypress	2025-03-04T00:22:30.1844384Z     [32m  âœ“[0m[90m Check a11y violations on security defenses tab[0m[90m (4638ms)[0m
Admin UI E2E (2, chrome)	Run Cypress	2025-03-04T00:22:34.7300880Z     [32m  âœ“[0m[90m Check a11y violations on sessions tab[0m[90m (4426ms)[0m
Admin UI E2E (2, chrome)	Run Cypress	2025-03-04T00:22:39.1232404Z     [32m  âœ“[0m[90m Check a11y violations on tokens tab[0m[90m (4330ms)[0m
Admin UI E2E (2, chrome)	Run Cypress	2025-03-04T00:22:43.7923550Z     [32m  âœ“[0m[90m Check a11y violations on client policies tab/ profiles sub tab[0m[90m (4623ms)[0m
Admin UI E2E (2, chrome)	Run Cypress	2025-03-04T00:22:49.1063710Z     [32m  âœ“[0m[90m Check a11y violations on client policies tab/ creating profile[0m[90m (5193ms)[0m
Admin UI E2E (2, chrome)	Run Cypress	2025-03-04T00:22:54.1548318Z     [32m  âœ“[0m[90m Check a11y violations on client policies tab/ policies sub tab[0m[90m (4974ms)[0m
Admin UI E2E (2, chrome)	Run Cypress	2025-03-04T00:22:59.1694647Z     [32m  âœ“[0m[90m Check a11y violations on client policies tab/ creating policy[0m[90m (4939ms)[0m
Admin UI E2E (2, chrome)	Run Cypress	2025-03-04T00:23:03.4991592Z     [32m  âœ“[0m[90m Check a11y violations on user registration tab/ default roles sub tab[0m[90m (4256ms)[0m
Admin UI E2E (2, chrome)	Run Cypress	2025-03-04T00:23:08.9125020Z     [32m  âœ“[0m[90m Check a11y violations on user registration tab/ default roles sub tab/ assigning role[0m[90m (4911ms)[0m
Admin UI E2E (2, chrome)	Run Cypress	2025-03-04T00:23:08.9129506Z 
Admin UI E2E (2, chrome)	Run Cypress	2025-03-04T00:23:08.9187081Z 
Admin UI E2E (2, chrome)	Run Cypress	2025-03-04T00:23:08.9191221Z [92m [0m[32m 35 passing[0m[90m (3m)[0m
Admin UI E2E (2, chrome)	Run Cypress	2025-03-04T00:23:08.9193174Z 
Admin UI E2E (2, chrome)	Run Cypress	2025-03-04T00:23:09.9904445Z 
Admin UI E2E (2, chrome)	Run Cypress	2025-03-04T00:23:09.9905835Z [32m  ([4m[1mResults[22m[24m)[39m
Admin UI E2E (2, chrome)	Run Cypress	2025-03-04T00:23:09.9925642Z 
Admin UI E2E (2, chrome)	Run Cypress	2025-03-04T00:23:09.9940658Z [90m  â”Œ[39m[90mâ”€[39m[90mâ”€[39m[90mâ”€[39m[90mâ”€[39m[90mâ”€[39m[90mâ”€[39m[90mâ”€[39m[90mâ”€[39m[90mâ”€[39m[90mâ”€[39m[90mâ”€[39m[90mâ”€[39m[90mâ”€[39m[90mâ”€[39m[90mâ”€[39m[90mâ”€[39m[90mâ”€[39m[90mâ”€[39m[90mâ”€[39m[90mâ”€[39m[90mâ”€[39m[90mâ”€[39m[90mâ”€[39m[90mâ”€[39m[90mâ”€[39m[90mâ”€[39m[90mâ”€[39m[90mâ”€[39m[90mâ”€[39m[90mâ”€[39m[90mâ”€[39m[90mâ”€[39m[90mâ”€[39m[90mâ”€[39m[90mâ”€[39m[90mâ”€[39m[90mâ”€[39m[90mâ”€[39m[90mâ”€[39m[90mâ”€[39m[90mâ”€[39m[90mâ”€[39m[90mâ”€[39m[90mâ”€[39m[90mâ”€[39m[90mâ”€[39m[90mâ”€[39m[90mâ”€[39m[90mâ”€[39m[90mâ”€[39m[90mâ”€[39m[90mâ”€[39m[90mâ”€[39m[90mâ”€[39m[90mâ”€[39m[90mâ”€[39m[90mâ”€[39m[90mâ”€[39m[90mâ”€[39m[90mâ”€[39m[90mâ”€[39m[90mâ”€[39m[90mâ”€[39m[90mâ”€[39m[90mâ”€[39m[90mâ”€[39m[90mâ”€[39m[90mâ”€[39m[90mâ”€[39m[90mâ”€[39m[90mâ”€[39m[90mâ”€[39m[90mâ”€[39m[90mâ”€[39m[90mâ”€[39m[90mâ”€[39m[90mâ”€[39m[90mâ”€[39m[90mâ”€[39m[90mâ”€[39m[90mâ”€[39m[90mâ”€[39m[90mâ”€[39m[90mâ”€[39m[90mâ”€[39m[90mâ”€[39m[90mâ”€[39m[90mâ”€[39m[90mâ”€[39m[90mâ”€[39m[90mâ”€[39m[90mâ”€[39m[90mâ”€[39m[90mâ”€[39m[90mâ”€[39m[90mâ”€[39m[90mâ”[39m
Admin UI E2E (2, chrome)	Run Cypress	2025-03-04T00:23:09.9944594Z [90m  â”‚[39m [90mTests:[39m        [32m35[39m                                                                               [90mâ”‚[39m
Admin UI E2E (2, chrome)	Run Cypress	2025-03-04T00:23:09.9945333Z [90m  â”‚[39m [90mPassing:[39m      [32m35[39m                                                                               [90mâ”‚[39m
Admin UI E2E (2, chrome)	Run Cypress	2025-03-04T00:23:09.9946037Z [90m  â”‚[39m [90mFailing:[39m      [32m0[39m                                                                                [90mâ”‚[39m
Admin UI E2E (2, chrome)	Run Cypress	2025-03-04T00:23:09.9946714Z [90m  â”‚[39m [90mPending:[39m      [32m0[39m                                                                                [90mâ”‚[39m
Admin UI E2E (2, chrome)	Run Cypress	2025-03-04T00:23:09.9947464Z [90m  â”‚[39m [90mSkipped:[39m      [32m0[39m                                                                                [90mâ”‚[39m
Admin UI E2E (2, chrome)	Run Cypress	2025-03-04T00:23:09.9948455Z [90m  â”‚[39m [90mScreenshots:[39m  [32m0[39m                                                                                [90mâ”‚[39m
Admin UI E2E (2, chrome)	Run Cypress	2025-03-04T00:23:09.9949149Z [90m  â”‚[39m [90mVideo:[39m        [32mfalse[39m                                                                            [90mâ”‚[39m
Admin UI E2E (2, chrome)	Run Cypress	2025-03-04T00:23:09.9949880Z [90m  â”‚[39m [90mDuration:[39m     [32m2 minutes, 40 seconds[39m                                                            [90mâ”‚[39m
Admin UI E2E (2, chrome)	Run Cypress	2025-03-04T00:23:09.9950736Z [90m  â”‚[39m [90mSpec Ran:[39m     [32m[32mrealm_settings_tabs_test.spec.ts[32m[39m                                                 [90mâ”‚[39m
Admin UI E2E (2, chrome)	Run Cypress	2025-03-04T00:23:09.9957109Z [90m  â””[39m[90mâ”€[39m[90mâ”€[39m[90mâ”€[39m[90mâ”€[39m[90mâ”€[39m[90mâ”€[39m[90mâ”€[39m[90mâ”€[39m[90mâ”€[39m[90mâ”€[39m[90mâ”€[39m[90mâ”€[39m[90mâ”€[39m[90mâ”€[39m[90mâ”€[39m[90mâ”€[39m[90mâ”€[39m[90mâ”€[39m[90mâ”€[39m[90mâ”€[39m[90mâ”€[39m[90mâ”€[39m[90mâ”€[39m[90mâ”€[39m[90mâ”€[39m[90mâ”€[39m[90mâ”€[39m[90mâ”€[39m[90mâ”€[39m[90mâ”€[39m[90mâ”€[39m[90mâ”€[39m[90mâ”€[39m[90mâ”€[39m[90mâ”€[39m[90mâ”€[39m[90mâ”€[39m[90mâ”€[39m[90mâ”€[39m[90mâ”€[39m[90mâ”€[39m[90mâ”€[39m[90mâ”€[39m[90mâ”€[39m[90mâ”€[39m[90mâ”€[39m[90mâ”€[39m[90mâ”€[39m[90mâ”€[39m[90mâ”€[39m[90mâ”€[39m[90mâ”€[39m[90mâ”€[39m[90mâ”€[39m[90mâ”€[39m[90mâ”€[39m[90mâ”€[39m[90mâ”€[39m[90mâ”€[39m[90mâ”€[39m[90mâ”€[39m[90mâ”€[39m[90mâ”€[39m[90mâ”€[39m[90mâ”€[39m[90mâ”€[39m[90mâ”€[39m[90mâ”€[39m[90mâ”€[39m[90mâ”€[39m[90mâ”€[39m[90mâ”€[39m[90mâ”€[39m[90mâ”€[39m[90mâ”€[39m[90mâ”€[39m[90mâ”€[39m[90mâ”€[39m[90mâ”€[39m[90mâ”€[39m[90mâ”€[39m[90mâ”€[39m[90mâ”€[39m[90mâ”€[39m[90mâ”€[39m[90mâ”€[39m[90mâ”€[39m[90mâ”€[39m[90mâ”€[39m[90mâ”€[39m[90mâ”€[39m[90mâ”€[39m[90mâ”€[39m[90mâ”€[39m[90mâ”€[39m[90mâ”€[39m[90mâ”˜[39m
Admin UI E2E (2, chrome)	Run Cypress	2025-03-04T00:23:09.9960557Z 
Admin UI E2E (2, chrome)	Run Cypress	2025-03-04T00:23:10.0323320Z 
Admin UI E2E (2, chrome)	Run Cypress	2025-03-04T00:23:10.0331057Z [90mâ”€[39m[90mâ”€[39m[90mâ”€[39m[90mâ”€[39m[90mâ”€[39m[90mâ”€[39m[90mâ”€[39m[90mâ”€[39m[90mâ”€[39m[90mâ”€[39m[90mâ”€[39m[90mâ”€[39m[90mâ”€[39m[90mâ”€[39m[90mâ”€[39m[90mâ”€[39m[90mâ”€[39m[90mâ”€[39m[90mâ”€[39m[90mâ”€[39m[90mâ”€[39m[90mâ”€[39m[90mâ”€[39m[90mâ”€[39m[90mâ”€[39m[90mâ”€[39m[90mâ”€[39m[90mâ”€[39m[90mâ”€[39m[90mâ”€[39m[90mâ”€[39m[90mâ”€[39m[90mâ”€[39m[90mâ”€[39m[90mâ”€[39m[90mâ”€[39m[90mâ”€[39m[90mâ”€[39m[90mâ”€[39m[90mâ”€[39m[90mâ”€[39m[90mâ”€[39m[90mâ”€[39m[90mâ”€[39m[90mâ”€[39m[90mâ”€[39m[90mâ”€[39m[90mâ”€[39m[90mâ”€[39m[90mâ”€[39m[90mâ”€[39m[90mâ”€[39m[90mâ”€[39m[90mâ”€[39m[90mâ”€[39m[90mâ”€[39m[90mâ”€[39m[90mâ”€[39m[90mâ”€[39m[90mâ”€[39m[90mâ”€[39m[90mâ”€[39m[90mâ”€[39m[90mâ”€[39m[90mâ”€[39m[90mâ”€[39m[90mâ”€[39m[90mâ”€[39m[90mâ”€[39m[90mâ”€[39m[90mâ”€[39m[90mâ”€[39m[90mâ”€[39m[90mâ”€[39m[90mâ”€[39m[90mâ”€[39m[90mâ”€[39m[90mâ”€[39m[90mâ”€[39m[90mâ”€[39m[90mâ”€[39m[90mâ”€[39m[90mâ”€[39m[90mâ”€[39m[90mâ”€[39m[90mâ”€[39m[90mâ”€[39m[90mâ”€[39m[90mâ”€[39m[90mâ”€[39m[90mâ”€[39m[90mâ”€[39m[90mâ”€[39m[90mâ”€[39m[90mâ”€[39m[90mâ”€[39m[90mâ”€[39m[90mâ”€[39m[90mâ”€[39m[90mâ”€[39m
Admin UI E2E (2, chrome)	Run Cypress	2025-03-04T00:23:10.0334724Z                                                                                                     
Admin UI E2E (2, chrome)	Run Cypress	2025-03-04T00:23:10.0335379Z   Running:  [90muser_fed_kerberos_test.spec.ts[39m                                                  [90m(3 of 8)[39m
Admin UI E2E (2, chrome)	Run Cypress	2025-03-04T00:23:12.9913163Z 
Admin UI E2E (2, chrome)	Run Cypress	2025-03-04T00:23:12.9914336Z [0m[0m
Admin UI E2E (2, chrome)	Run Cypress	2025-03-04T00:23:13.0006011Z [0m  User Fed Kerberos tests[0m
Admin UI E2E (2, chrome)	Run Cypress	2025-03-04T00:23:20.2558805Z   [32m  âœ“[0m[90m Should create Kerberos provider from empty state[0m[90m (7233ms)[0m
Admin UI E2E (2, chrome)	Run Cypress	2025-03-04T00:23:24.6885639Z   [32m  âœ“[0m[90m Should enable debug, password authentication, and first login[0m[90m (4382ms)[0m
Admin UI E2E (2, chrome)	Run Cypress	2025-03-04T00:23:29.7055121Z   [32m  âœ“[0m[90m Should set cache policy to evict_daily[0m[90m (4976ms)[0m
Admin UI E2E (2, chrome)	Run Cypress	2025-03-04T00:23:34.0653847Z   [32m  âœ“[0m[90m Should set cache policy to default[0m[90m (4299ms)[0m
Admin UI E2E (2, chrome)	Run Cypress	2025-03-04T00:23:39.1518792Z   [32m  âœ“[0m[90m Should set cache policy to evict_weekly[0m[90m (5041ms)[0m
Admin UI E2E (2, chrome)	Run Cypress	2025-03-04T00:23:44.1651321Z   [32m  âœ“[0m[90m Should set cache policy to max_lifespan[0m[90m (4925ms)[0m
Admin UI E2E (2, chrome)	Run Cypress	2025-03-04T00:23:48.6519777Z   [32m  âœ“[0m[90m Should set cache policy to no_cache[0m[90m (4433ms)[0m
Admin UI E2E (2, chrome)	Run Cypress	2025-03-04T00:23:53.8519845Z   [32m  âœ“[0m[90m Should edit existing Kerberos provider and cancel[0m[90m (5148ms)[0m
Admin UI E2E (2, chrome)	Run Cypress	2025-03-04T00:23:57.1823491Z   [32m  âœ“[0m[90m Should disable an existing Kerberos provider[0m[90m (3283ms)[0m
Admin UI E2E (2, chrome)	Run Cypress	2025-03-04T00:24:00.4569198Z   [32m  âœ“[0m[90m Should enable an existing previously-disabled Kerberos provider[0m[90m (3217ms)[0m
Admin UI E2E (2, chrome)	Run Cypress	2025-03-04T00:24:03.9088039Z   [32m  âœ“[0m[90m Should create new Kerberos provider using the New Provider dropdown[0m[90m (3424ms)[0m
Admin UI E2E (2, chrome)	Run Cypress	2025-03-04T00:24:03.9227975Z   [36m  - Should change the priority order of Kerberos providers[0m
Admin UI E2E (2, chrome)	Run Cypress	2025-03-04T00:24:05.8454897Z   [32m  âœ“[0m[90m Should delete a Kerberos provider from card view using the card's menu[0m[90m (1904ms)[0m
Admin UI E2E (2, chrome)	Run Cypress	2025-03-04T00:24:08.9371914Z   [32m  âœ“[0m[90m Should delete a Kerberos provider using the Settings view's Action menu[0m[90m (3040ms)[0m
Admin UI E2E (2, chrome)	Run Cypress	2025-03-04T00:24:08.9376497Z 
Admin UI E2E (2, chrome)	Run Cypress	2025-03-04T00:24:08.9808258Z 
Admin UI E2E (2, chrome)	Run Cypress	2025-03-04T00:24:08.9810966Z [92m [0m[32m 13 passing[0m[90m (56s)[0m
Admin UI E2E (2, chrome)	Run Cypress	2025-03-04T00:24:08.9816267Z [36m [0m[36m 1 pending[0m
Admin UI E2E (2, chrome)	Run Cypress	2025-03-04T00:24:08.9817748Z 
Admin UI E2E (2, chrome)	Run Cypress	2025-03-04T00:24:10.0155205Z 
Admin UI E2E (2, chrome)	Run Cypress	2025-03-04T00:24:10.0156765Z [32m  ([4m[1mResults[22m[24m)[39m
Admin UI E2E (2, chrome)	Run Cypress	2025-03-04T00:24:10.0175803Z 
Admin UI E2E (2, chrome)	Run Cypress	2025-03-04T00:24:10.0193949Z [90m  â”Œ[39m[90mâ”€[39m[90mâ”€[39m[90mâ”€[39m[90mâ”€[39m[90mâ”€[39m[90mâ”€[39m[90mâ”€[39m[90mâ”€[39m[90mâ”€[39m[90mâ”€[39m[90mâ”€[39m[90mâ”€[39m[90mâ”€[39m[90mâ”€[39m[90mâ”€[39m[90mâ”€[39m[90mâ”€[39m[90mâ”€[39m[90mâ”€[39m[90mâ”€[39m[90mâ”€[39m[90mâ”€[39m[90mâ”€[39m[90mâ”€[39m[90mâ”€[39m[90mâ”€[39m[90mâ”€[39m[90mâ”€[39m[90mâ”€[39m[90mâ”€[39m[90mâ”€[39m[90mâ”€[39m[90mâ”€[39m[90mâ”€[39m[90mâ”€[39m[90mâ”€[39m[90mâ”€[39m[90mâ”€[39m[90mâ”€[39m[90mâ”€[39m[90mâ”€[39m[90mâ”€[39m[90mâ”€[39m[90mâ”€[39m[90mâ”€[39m[90mâ”€[39m[90mâ”€[39m[90mâ”€[39m[90mâ”€[39m[90mâ”€[39m[90mâ”€[39m[90mâ”€[39m[90mâ”€[39m[90mâ”€[39m[90mâ”€[39m[90mâ”€[39m[90mâ”€[39m[90mâ”€[39m[90mâ”€[39m[90mâ”€[39m[90mâ”€[39m[90mâ”€[39m[90mâ”€[39m[90mâ”€[39m[90mâ”€[39m[90mâ”€[39m[90mâ”€[39m[90mâ”€[39m[90mâ”€[39m[90mâ”€[39m[90mâ”€[39m[90mâ”€[39m[90mâ”€[39m[90mâ”€[39m[90mâ”€[39m[90mâ”€[39m[90mâ”€[39m[90mâ”€[39m[90mâ”€[39m[90mâ”€[39m[90mâ”€[39m[90mâ”€[39m[90mâ”€[39m[90mâ”€[39m[90mâ”€[39m[90mâ”€[39m[90mâ”€[39m[90mâ”€[39m[90mâ”€[39m[90mâ”€[39m[90mâ”€[39m[90mâ”€[39m[90mâ”€[39m[90mâ”€[39m[90mâ”€[39m[90mâ”€[39m[90mâ”[39m
Admin UI E2E (2, chrome)	Run Cypress	2025-03-04T00:24:10.0199539Z [90m  â”‚[39m [90mTests:[39m        [32m14[39m                                                                               [90mâ”‚[39m
Admin UI E2E (2, chrome)	Run Cypress	2025-03-04T00:24:10.0200734Z [90m  â”‚[39m [90mPassing:[39m      [32m13[39m                                                                               [90mâ”‚[39m
Admin UI E2E (2, chrome)	Run Cypress	2025-03-04T00:24:10.0201922Z [90m  â”‚[39m [90mFailing:[39m      [32m0[39m                                                                                [90mâ”‚[39m
Admin UI E2E (2, chrome)	Run Cypress	2025-03-04T00:24:10.0203357Z [90m  â”‚[39m [90mPending:[39m      [32m1[39m                                                                                [90mâ”‚[39m
Admin UI E2E (2, chrome)	Run Cypress	2025-03-04T00:24:10.0204708Z [90m  â”‚[39m [90mSkipped:[39m      [32m0[39m                                                                                [90mâ”‚[39m
Admin UI E2E (2, chrome)	Run Cypress	2025-03-04T00:24:10.0206053Z [90m  â”‚[39m [90mScreenshots:[39m  [32m0[39m                                                                                [90mâ”‚[39m
Admin UI E2E (2, chrome)	Run Cypress	2025-03-04T00:24:10.0207340Z [90m  â”‚[39m [90mVideo:[39m        [32mfalse[39m                                                                            [90mâ”‚[39m
Admin UI E2E (2, chrome)	Run Cypress	2025-03-04T00:24:10.0208617Z [90m  â”‚[39m [90mDuration:[39m     [32m55 seconds[39m                                                                       [90mâ”‚[39m
Admin UI E2E (2, chrome)	Run Cypress	2025-03-04T00:24:10.0210061Z [90m  â”‚[39m [90mSpec Ran:[39m     [32m[32muser_fed_kerberos_test.spec.ts[32m[39m                                                   [90mâ”‚[39m
Admin UI E2E (2, chrome)	Run Cypress	2025-03-04T00:24:10.0217229Z [90m  â””[39m[90mâ”€[39m[90mâ”€[39m[90mâ”€[39m[90mâ”€[39m[90mâ”€[39m[90mâ”€[39m[90mâ”€[39m[90mâ”€[39m[90mâ”€[39m[90mâ”€[39m[90mâ”€[39m[90mâ”€[39m[90mâ”€[39m[90mâ”€[39m[90mâ”€[39m[90mâ”€[39m[90mâ”€[39m[90mâ”€[39m[90mâ”€[39m[90mâ”€[39m[90mâ”€[39m[90mâ”€[39m[90mâ”€[39m[90mâ”€[39m[90mâ”€[39m[90mâ”€[39m[90mâ”€[39m[90mâ”€[39m[90mâ”€[39m[90mâ”€[39m[90mâ”€[39m[90mâ”€[39m[90mâ”€[39m[90mâ”€[39m[90mâ”€[39m[90mâ”€[39m[90mâ”€[39m[90mâ”€[39m[90mâ”€[39m[90mâ”€[39m[90mâ”€[39m[90mâ”€[39m[90mâ”€[39m[90mâ”€[39m[90mâ”€[39m[90mâ”€[39m[90mâ”€[39m[90mâ”€[39m[90mâ”€[39m[90mâ”€[39m[90mâ”€[39m[90mâ”€[39m[90mâ”€[39m[90mâ”€[39m[90mâ”€[39m[90mâ”€[39m[90mâ”€[39m[90mâ”€[39m[90mâ”€[39m[90mâ”€[39m[90mâ”€[39m[90mâ”€[39m[90mâ”€[39m[90mâ”€[39m[90mâ”€[39m[90mâ”€[39m[90mâ”€[39m[90mâ”€[39m[90mâ”€[39m[90mâ”€[39m[90mâ”€[39m[90mâ”€[39m[90mâ”€[39m[90mâ”€[39m[90mâ”€[39m[90mâ”€[39m[90mâ”€[39m[90mâ”€[39m[90mâ”€[39m[90mâ”€[39m[90mâ”€[39m[90mâ”€[39m[90mâ”€[39m[90mâ”€[39m[90mâ”€[39m[90mâ”€[39m[90mâ”€[39m[90mâ”€[39m[90mâ”€[39m[90mâ”€[39m[90mâ”€[39m[90mâ”€[39m[90mâ”€[39m[90mâ”€[39m[90mâ”€[39m[90mâ”€[39m[90mâ”˜[39m
Admin UI E2E (2, chrome)	Run Cypress	2025-03-04T00:24:10.0220526Z 
Admin UI E2E (2, chrome)	Run Cypress	2025-03-04T00:24:10.0587588Z 
Admin UI E2E (2, chrome)	Run Cypress	2025-03-04T00:24:10.0609081Z [90mâ”€[39m[90mâ”€[39m[90mâ”€[39m[90mâ”€[39m[90mâ”€[39m[90mâ”€[39m[90mâ”€[39m[90mâ”€[39m[90mâ”€[39m[90mâ”€[39m[90mâ”€[39m[90mâ”€[39m[90mâ”€[39m[90mâ”€[39m[90mâ”€[39m[90mâ”€[39m[90mâ”€[39m[90mâ”€[39m[90mâ”€[39m[90mâ”€[39m[90mâ”€[39m[90mâ”€[39m[90mâ”€[39m[90mâ”€[39m[90mâ”€[39m[90mâ”€[39m[90mâ”€[39m[90mâ”€[39m[90mâ”€[39m[90mâ”€[39m[90mâ”€[39m[90mâ”€[39m[90mâ”€[39m[90mâ”€[39m[90mâ”€[39m[90mâ”€[39m[90mâ”€[39m[90mâ”€[39m[90mâ”€[39m[90mâ”€[39m[90mâ”€[39m[90mâ”€[39m[90mâ”€[39m[90mâ”€[39m[90mâ”€[39m[90mâ”€[39m[90mâ”€[39m[90mâ”€[39m[90mâ”€[39m[90mâ”€[39m[90mâ”€[39m[90mâ”€[39m[90mâ”€[39m[90mâ”€[39m[90mâ”€[39m[90mâ”€[39m[90mâ”€[39m[90mâ”€[39m[90mâ”€[39m[90mâ”€[39m[90mâ”€[39m[90mâ”€[39m[90mâ”€[39m[90mâ”€[39m[90mâ”€[39m[90mâ”€[39m[90mâ”€[39m[90mâ”€[39m[90mâ”€[39m[90mâ”€[39m[90mâ”€[39m[90mâ”€[39m[90mâ”€[39m[90mâ”€[39m[90mâ”€[39m[90mâ”€[39m[90mâ”€[39m[90mâ”€[39m[90mâ”€[39m[90mâ”€[39m[90mâ”€[39m[90mâ”€[39m[90mâ”€[39m[90mâ”€[39m[90mâ”€[39m[90mâ”€[39m[90mâ”€[39m[90mâ”€[39m[90mâ”€[39m[90mâ”€[39m[90mâ”€[39m[90mâ”€[39m[90mâ”€[39m[90mâ”€[39m[90mâ”€[39m[90mâ”€[39m[90mâ”€[39m[90mâ”€[39m[90mâ”€[39m[90mâ”€[39m
Admin UI E2E (2, chrome)	Run Cypress	2025-03-04T00:24:10.0613971Z                                                                                                     
Admin UI E2E (2, chrome)	Run Cypress	2025-03-04T00:24:10.0615035Z   Running:  [90mclient_scopes_test.spec.ts[39m                                                      [90m(4 of 8)[39m
Admin UI E2E (2, chrome)	Run Cypress	2025-03-04T00:24:14.3416442Z 
Admin UI E2E (2, chrome)	Run Cypress	2025-03-04T00:24:14.3418174Z [0m[0m
Admin UI E2E (2, chrome)	Run Cypress	2025-03-04T00:24:14.3442353Z [0m  Client Scopes test[0m
Admin UI E2E (2, chrome)	Run Cypress	2025-03-04T00:24:14.7974719Z [0m    Client Scope filter list items[0m
Admin UI E2E (2, chrome)	Run Cypress	2025-03-04T00:24:20.0273669Z     [32m  âœ“[0m[90m should filter item by name[0m[90m (5628ms)[0m
Admin UI E2E (2, chrome)	Run Cypress	2025-03-04T00:24:22.9581363Z     [32m  âœ“[0m[90m should filter items by Assigned type All types[0m[90m (2837ms)[0m
Admin UI E2E (2, chrome)	Run Cypress	2025-03-04T00:24:25.0725635Z     [32m  âœ“[0m[90m should filter items by Assigned type Default[0m[90m (2080ms)[0m
Admin UI E2E (2, chrome)	Run Cypress	2025-03-04T00:24:27.1440378Z     [32m  âœ“[0m[90m should filter items by Assigned type Optional[0m[90m (2042ms)[0m
Admin UI E2E (2, chrome)	Run Cypress	2025-03-04T00:24:29.2136201Z     [32m  âœ“[0m[90m should filter items by Protocol All[0m[90m (2041ms)[0m
Admin UI E2E (2, chrome)	Run Cypress	2025-03-04T00:24:31.1469172Z     [32m  âœ“[0m[90m should filter items by Protocol SAML[0m[90m (1900ms)[0m
Admin UI E2E (2, chrome)	Run Cypress	2025-03-04T00:24:33.1432674Z     [32m  âœ“[0m[90m should filter items by Protocol OpenID[0m[90m (1967ms)[0m
Admin UI E2E (2, chrome)	Run Cypress	2025-03-04T00:24:34.9454296Z     [32m  âœ“[0m[90m should show items on next page are more than 11[0m[90m (1765ms)[0m
Admin UI E2E (2, chrome)	Run Cypress	2025-03-04T00:24:34.9563692Z [0m    Client Scope modify list items[0m
Admin UI E2E (2, chrome)	Run Cypress	2025-03-04T00:24:37.4832661Z     [32m  âœ“[0m[90m should modify selected item type to Default from search bar[0m[90m (2473ms)[0m
Admin UI E2E (2, chrome)	Run Cypress	2025-03-04T00:24:39.9119032Z     [32m  âœ“[0m[90m should modify selected item type to Optional from search bar[0m[90m (2339ms)[0m
Admin UI E2E (2, chrome)	Run Cypress	2025-03-04T00:24:44.8904556Z     [32m  âœ“[0m[90m should modify item client-scope-test0 AssignedType to Default from item bar[0m[90m (4914ms)[0m
Admin UI E2E (2, chrome)	Run Cypress	2025-03-04T00:24:50.0751313Z     [32m  âœ“[0m[90m should modify item client-scope-test0 AssignedType to Optional from item bar[0m[90m (5109ms)[0m
Admin UI E2E (2, chrome)	Run Cypress	2025-03-04T00:24:54.9829190Z     [32m  âœ“[0m[90m should modify item client-scope-test0 AssignedType to None from item bar[0m[90m (4850ms)[0m
Admin UI E2E (2, chrome)	Run Cypress	2025-03-04T00:24:57.5909871Z     [32m  âœ“[0m[90m should not allow to modify item AssignedType from search bar when no item selected[0m[90m (2567ms)[0m
Admin UI E2E (2, chrome)	Run Cypress	2025-03-04T00:24:57.6021963Z [0m    Client Scope delete list items [0m
Admin UI E2E (2, chrome)	Run Cypress	2025-03-04T00:24:59.5165113Z     [32m  âœ“[0m[90m should delete item from item bar[0m[90m (1890ms)[0m
Admin UI E2E (2, chrome)	Run Cypress	2025-03-04T00:25:01.5343709Z     [32m  âœ“[0m[90m should delete selected item from search bar[0m[90m (1988ms)[0m
Admin UI E2E (2, chrome)	Run Cypress	2025-03-04T00:25:03.9841016Z     [32m  âœ“[0m[90m should delete multiple selected items from search bar[0m[90m (2413ms)[0m
Admin UI E2E (2, chrome)	Run Cypress	2025-03-04T00:25:03.9997506Z [0m    Client Scope creation[0m
Admin UI E2E (2, chrome)	Run Cypress	2025-03-04T00:25:06.3773671Z     [32m  âœ“[0m[90m should fail creating client scope[0m[90m (2360ms)[0m
Admin UI E2E (2, chrome)	Run Cypress	2025-03-04T00:25:08.1640648Z     [32m  âœ“[0m[90m hides 'consent text' field when 'display consent' switch is disabled[0m[90m (1756ms)[0m
Admin UI E2E (2, chrome)	Run Cypress	2025-03-04T00:25:13.5273990Z     [32m  âœ“[0m[90m Client scope CRUD test[0m[90m (5276ms)[0m
Admin UI E2E (2, chrome)	Run Cypress	2025-03-04T00:25:13.5463340Z [0m    Scope tab test[0m
Admin UI E2E (2, chrome)	Run Cypress	2025-03-04T00:25:16.6061577Z     [32m  âœ“[0m[90m Assign and unassign role[0m[90m (3031ms)[0m
Admin UI E2E (2, chrome)	Run Cypress	2025-03-04T00:25:16.6163604Z [0m    Mappers tab test[0m
Admin UI E2E (2, chrome)	Run Cypress	2025-03-04T00:25:25.3749703Z     [32m  âœ“[0m[90m CRUD mappers[0m[90m (8737ms)[0m
Admin UI E2E (2, chrome)	Run Cypress	2025-03-04T00:25:25.3974678Z [0m    Accessibility tests for client scopes[0m
Admin UI E2E (2, chrome)	Run Cypress	2025-03-04T00:25:27.6700804Z     [32m  âœ“[0m[90m Check a11y violations on load/ client scopes[0m[90m (2258ms)[0m
Admin UI E2E (2, chrome)	Run Cypress	2025-03-04T00:25:29.8805610Z     [32m  âœ“[0m[90m Check a11y violations on empty client scope[0m[90m (2182ms)[0m
Admin UI E2E (2, chrome)	Run Cypress	2025-03-04T00:25:39.1968774Z     [32m  âœ“[0m[90m Check a11y violations on client scope details[0m[90m (8793ms)[0m
Admin UI E2E (2, chrome)	Run Cypress	2025-03-04T00:25:39.1979928Z 
Admin UI E2E (2, chrome)	Run Cypress	2025-03-04T00:25:39.2526984Z 
Admin UI E2E (2, chrome)	Run Cypress	2025-03-04T00:25:39.2534358Z [92m [0m[32m 25 passing[0m[90m (1m)[0m
Admin UI E2E (2, chrome)	Run Cypress	2025-03-04T00:25:39.2534911Z 
Admin UI E2E (2, chrome)	Run Cypress	2025-03-04T00:25:40.2933904Z 
Admin UI E2E (2, chrome)	Run Cypress	2025-03-04T00:25:40.2935184Z [32m  ([4m[1mResults[22m[24m)[39m
Admin UI E2E (2, chrome)	Run Cypress	2025-03-04T00:25:40.2953251Z 
Admin UI E2E (2, chrome)	Run Cypress	2025-03-04T00:25:40.2966562Z [90m  â”Œ[39m[90mâ”€[39m[90mâ”€[39m[90mâ”€[39m[90mâ”€[39m[90mâ”€[39m[90mâ”€[39m[90mâ”€[39m[90mâ”€[39m[90mâ”€[39m[90mâ”€[39m[90mâ”€[39m[90mâ”€[39m[90mâ”€[39m[90mâ”€[39m[90mâ”€[39m[90mâ”€[39m[90mâ”€[39m[90mâ”€[39m[90mâ”€[39m[90mâ”€[39m[90mâ”€[39m[90mâ”€[39m[90mâ”€[39m[90mâ”€[39m[90mâ”€[39m[90mâ”€[39m[90mâ”€[39m[90mâ”€[39m[90mâ”€[39m[90mâ”€[39m[90mâ”€[39m[90mâ”€[39m[90mâ”€[39m[90mâ”€[39m[90mâ”€[39m[90mâ”€[39m[90mâ”€[39m[90mâ”€[39m[90mâ”€[39m[90mâ”€[39m[90mâ”€[39m[90mâ”€[39m[90mâ”€[39m[90mâ”€[39m[90mâ”€[39m[90mâ”€[39m[90mâ”€[39m[90mâ”€[39m[90mâ”€[39m[90mâ”€[39m[90mâ”€[39m[90mâ”€[39m[90mâ”€[39m[90mâ”€[39m[90mâ”€[39m[90mâ”€[39m[90mâ”€[39m[90mâ”€[39m[90mâ”€[39m[90mâ”€[39m[90mâ”€[39m[90mâ”€[39m[90mâ”€[39m[90mâ”€[39m[90mâ”€[39m[90mâ”€[39m[90mâ”€[39m[90mâ”€[39m[90mâ”€[39m[90mâ”€[39m[90mâ”€[39m[90mâ”€[39m[90mâ”€[39m[90mâ”€[39m[90mâ”€[39m[90mâ”€[39m[90mâ”€[39m[90mâ”€[39m[90mâ”€[39m[90mâ”€[39m[90mâ”€[39m[90mâ”€[39m[90mâ”€[39m[90mâ”€[39m[90mâ”€[39m[90mâ”€[39m[90mâ”€[39m[90mâ”€[39m[90mâ”€[39m[90mâ”€[39m[90mâ”€[39m[90mâ”€[39m[90mâ”€[39m[90mâ”€[39m[90mâ”€[39m[90mâ”€[39m[90mâ”[39m
Admin UI E2E (2, chrome)	Run Cypress	2025-03-04T00:25:40.2970758Z [90m  â”‚[39m [90mTests:[39m        [32m25[39m                                                                               [90mâ”‚[39m
Admin UI E2E (2, chrome)	Run Cypress	2025-03-04T00:25:40.2971947Z [90m  â”‚[39m [90mPassing:[39m      [32m25[39m                                                                               [90mâ”‚[39m
Admin UI E2E (2, chrome)	Run Cypress	2025-03-04T00:25:40.2973581Z [90m  â”‚[39m [90mFailing:[39m      [32m0[39m                                                                                [90mâ”‚[39m
Admin UI E2E (2, chrome)	Run Cypress	2025-03-04T00:25:40.2974752Z [90m  â”‚[39m [90mPending:[39m      [32m0[39m                                                                                [90mâ”‚[39m
Admin UI E2E (2, chrome)	Run Cypress	2025-03-04T00:25:40.2975907Z [90m  â”‚[39m [90mSkipped:[39m      [32m0[39m                                                                                [90mâ”‚[39m
Admin UI E2E (2, chrome)	Run Cypress	2025-03-04T00:25:40.2977110Z [90m  â”‚[39m [90mScreenshots:[39m  [32m0[39m                                                                                [90mâ”‚[39m
Admin UI E2E (2, chrome)	Run Cypress	2025-03-04T00:25:40.2978391Z [90m  â”‚[39m [90mVideo:[39m        [32mfalse[39m                                                                            [90mâ”‚[39m
Admin UI E2E (2, chrome)	Run Cypress	2025-03-04T00:25:40.2980129Z [90m  â”‚[39m [90mDuration:[39m     [32m1 minute, 24 seconds[39m                                                             [90mâ”‚[39m
Admin UI E2E (2, chrome)	Run Cypress	2025-03-04T00:25:40.2981592Z [90m  â”‚[39m [90mSpec Ran:[39m     [32m[32mclient_scopes_test.spec.ts[32m[39m                                                       [90mâ”‚[39m
Admin UI E2E (2, chrome)	Run Cypress	2025-03-04T00:25:40.2988598Z [90m  â””[39m[90mâ”€[39m[90mâ”€[39m[90mâ”€[39m[90mâ”€[39m[90mâ”€[39m[90mâ”€[39m[90mâ”€[39m[90mâ”€[39m[90mâ”€[39m[90mâ”€[39m[90mâ”€[39m[90mâ”€[39m[90mâ”€[39m[90mâ”€[39m[90mâ”€[39m[90mâ”€[39m[90mâ”€[39m[90mâ”€[39m[90mâ”€[39m[90mâ”€[39m[90mâ”€[39m[90mâ”€[39m[90mâ”€[39m[90mâ”€[39m[90mâ”€[39m[90mâ”€[39m[90mâ”€[39m[90mâ”€[39m[90mâ”€[39m[90mâ”€[39m[90mâ”€[39m[90mâ”€[39m[90mâ”€[39m[90mâ”€[39m[90mâ”€[39m[90mâ”€[39m[90mâ”€[39m[90mâ”€[39m[90mâ”€[39m[90mâ”€[39m[90mâ”€[39m[90mâ”€[39m[90mâ”€[39m[90mâ”€[39m[90mâ”€[39m[90mâ”€[39m[90mâ”€[39m[90mâ”€[39m[90mâ”€[39m[90mâ”€[39m[90mâ”€[39m[90mâ”€[39m[90mâ”€[39m[90mâ”€[39m[90mâ”€[39m[90mâ”€[39m[90mâ”€[39m[90mâ”€[39m[90mâ”€[39m[90mâ”€[39m[90mâ”€[39m[90mâ”€[39m[90mâ”€[39m[90mâ”€[39m[90mâ”€[39m[90mâ”€[39m[90mâ”€[39m[90mâ”€[39m[90mâ”€[39m[90mâ”€[39m[90mâ”€[39m[90mâ”€[39m[90mâ”€[39m[90mâ”€[39m[90mâ”€[39m[90mâ”€[39m[90mâ”€[39m[90mâ”€[39m[90mâ”€[39m[90mâ”€[39m[90mâ”€[39m[90mâ”€[39m[90mâ”€[39m[90mâ”€[39m[90mâ”€[39m[90mâ”€[39m[90mâ”€[39m[90mâ”€[39m[90mâ”€[39m[90mâ”€[39m[90mâ”€[39m[90mâ”€[39m[90mâ”€[39m[90mâ”€[39m[90mâ”€[39m[90mâ”€[39m[90mâ”˜[39m
Admin UI E2E (2, chrome)	Run Cypress	2025-03-04T00:25:40.2992900Z 
Admin UI E2E (2, chrome)	Run Cypress	2025-03-04T00:25:40.3410851Z 
Admin UI E2E (2, chrome)	Run Cypress	2025-03-04T00:25:40.3416647Z [90mâ”€[39m[90mâ”€[39m[90mâ”€[39m[90mâ”€[39m[90mâ”€[39m[90mâ”€[39m[90mâ”€[39m[90mâ”€[39m[90mâ”€[39m[90mâ”€[39m[90mâ”€[39m[90mâ”€[39m[90mâ”€[39m[90mâ”€[39m[90mâ”€[39m[90mâ”€[39m[90mâ”€[39m[90mâ”€[39m[90mâ”€[39m[90mâ”€[39m[90mâ”€[39m[90mâ”€[39m[90mâ”€[39m[90mâ”€[39m[90mâ”€[39m[90mâ”€[39m[90mâ”€[39m[90mâ”€[39m[90mâ”€[39m[90mâ”€[39m[90mâ”€[39m[90mâ”€[39m[90mâ”€[39m[90mâ”€[39m[90mâ”€[39m[90mâ”€[39m[90mâ”€[39m[90mâ”€[39m[90mâ”€[39m[90mâ”€[39m[90mâ”€[39m[90mâ”€[39m[90mâ”€[39m[90mâ”€[39m[90mâ”€[39m[90mâ”€[39m[90mâ”€[39m[90mâ”€[39m[90mâ”€[39m[90mâ”€[39m[90mâ”€[39m[90mâ”€[39m[90mâ”€[39m[90mâ”€[39m[90mâ”€[39m[90mâ”€[39m[90mâ”€[39m[90mâ”€[39m[90mâ”€[39m[90mâ”€[39m[90mâ”€[39m[90mâ”€[39m[90mâ”€[39m[90mâ”€[39m[90mâ”€[39m[90mâ”€[39m[90mâ”€[39m[90mâ”€[39m[90mâ”€[39m[90mâ”€[39m[90mâ”€[39m[90mâ”€[39m[90mâ”€[39m[90mâ”€[39m[90mâ”€[39m[90mâ”€[39m[90mâ”€[39m[90mâ”€[39m[90mâ”€[39m[90mâ”€[39m[90mâ”€[39m[90mâ”€[39m[90mâ”€[39m[90mâ”€[39m[90mâ”€[39m[90mâ”€[39m[90mâ”€[39m[90mâ”€[39m[90mâ”€[39m[90mâ”€[39m[90mâ”€[39m[90mâ”€[39m[90mâ”€[39m[90mâ”€[39m[90mâ”€[39m[90mâ”€[39m[90mâ”€[39m[90mâ”€[39m[90mâ”€[39m[90mâ”€[39m
Admin UI E2E (2, chrome)	Run Cypress	2025-03-04T00:25:40.3418978Z                                                                                                     
Admin UI E2E (2, chrome)	Run Cypress	2025-03-04T00:25:40.3419544Z   Running:  [90muser_fed_test.spec.ts[39m                                                           [90m(5 of 8)[39m
Admin UI E2E (2, chrome)	Run Cypress	2025-03-04T00:25:42.9470488Z 
Admin UI E2E (2, chrome)	Run Cypress	2025-03-04T00:25:42.9471675Z [0m[0m
Admin UI E2E (2, chrome)	Run Cypress	2025-03-04T00:25:42.9548955Z [0m  Accessibility tests for user federation[0m
Admin UI E2E (2, chrome)	Run Cypress	2025-03-04T00:25:47.0034043Z   [32m  âœ“[0m[90m Check a11y violations on load/ user federation[0m[90m (4039ms)[0m
Admin UI E2E (2, chrome)	Run Cypress	2025-03-04T00:25:47.0034684Z 
Admin UI E2E (2, chrome)	Run Cypress	2025-03-04T00:25:47.0172615Z 
Admin UI E2E (2, chrome)	Run Cypress	2025-03-04T00:25:47.0173631Z [92m [0m[32m 1 passing[0m[90m (4s)[0m
Admin UI E2E (2, chrome)	Run Cypress	2025-03-04T00:25:47.0174044Z 
Admin UI E2E (2, chrome)	Run Cypress	2025-03-04T00:25:48.3035521Z 
Admin UI E2E (2, chrome)	Run Cypress	2025-03-04T00:25:48.3036613Z [32m  ([4m[1mResults[22m[24m)[39m
Admin UI E2E (2, chrome)	Run Cypress	2025-03-04T00:25:48.3041387Z 
Admin UI E2E (2, chrome)	Run Cypress	2025-03-04T00:25:48.3053918Z [90m  â”Œ[39m[90mâ”€[39m[90mâ”€[39m[90mâ”€[39m[90mâ”€[39m[90mâ”€[39m[90mâ”€[39m[90mâ”€[39m[90mâ”€[39m[90mâ”€[39m[90mâ”€[39m[90mâ”€[39m[90mâ”€[39m[90mâ”€[39m[90mâ”€[39m[90mâ”€[39m[90mâ”€[39m[90mâ”€[39m[90mâ”€[39m[90mâ”€[39m[90mâ”€[39m[90mâ”€[39m[90mâ”€[39m[90mâ”€[39m[90mâ”€[39m[90mâ”€[39m[90mâ”€[39m[90mâ”€[39m[90mâ”€[39m[90mâ”€[39m[90mâ”€[39m[90mâ”€[39m[90mâ”€[39m[90mâ”€[39m[90mâ”€[39m[90mâ”€[39m[90mâ”€[39m[90mâ”€[39m[90mâ”€[39m[90mâ”€[39m[90mâ”€[39m[90mâ”€[39m[90mâ”€[39m[90mâ”€[39m[90mâ”€[39m[90mâ”€[39m[90mâ”€[39m[90mâ”€[39m[90mâ”€[39m[90mâ”€[39m[90mâ”€[39m[90mâ”€[39m[90mâ”€[39m[90mâ”€[39m[90mâ”€[39m[90mâ”€[39m[90mâ”€[39m[90mâ”€[39m[90mâ”€[39m[90mâ”€[39m[90mâ”€[39m[90mâ”€[39m[90mâ”€[39m[90mâ”€[39m[90mâ”€[39m[90mâ”€[39m[90mâ”€[39m[90mâ”€[39m[90mâ”€[39m[90mâ”€[39m[90mâ”€[39m[90mâ”€[39m[90mâ”€[39m[90mâ”€[39m[90mâ”€[39m[90mâ”€[39m[90mâ”€[39m[90mâ”€[39m[90mâ”€[39m[90mâ”€[39m[90mâ”€[39m[90mâ”€[39m[90mâ”€[39m[90mâ”€[39m[90mâ”€[39m[90mâ”€[39m[90mâ”€[39m[90mâ”€[39m[90mâ”€[39m[90mâ”€[39m[90mâ”€[39m[90mâ”€[39m[90mâ”€[39m[90mâ”€[39m[90mâ”€[39m[90mâ”€[39m[90mâ”€[39m[90mâ”[39m
Admin UI E2E (2, chrome)	Run Cypress	2025-03-04T00:25:48.3058557Z [90m  â”‚[39m [90mTests:[39m        [32m1[39m                                                                                [90mâ”‚[39m
Admin UI E2E (2, chrome)	Run Cypress	2025-03-04T00:25:48.3059711Z [90m  â”‚[39m [90mPassing:[39m      [32m1[39m                                                                                [90mâ”‚[39m
Admin UI E2E (2, chrome)	Run Cypress	2025-03-04T00:25:48.3060840Z [90m  â”‚[39m [90mFailing:[39m      [32m0[39m                                                                                [90mâ”‚[39m
Admin UI E2E (2, chrome)	Run Cypress	2025-03-04T00:25:48.3061984Z [90m  â”‚[39m [90mPending:[39m      [32m0[39m                                                                                [90mâ”‚[39m
Admin UI E2E (2, chrome)	Run Cypress	2025-03-04T00:25:48.3063346Z [90m  â”‚[39m [90mSkipped:[39m      [32m0[39m                                                                                [90mâ”‚[39m
Admin UI E2E (2, chrome)	Run Cypress	2025-03-04T00:25:48.3064536Z [90m  â”‚[39m [90mScreenshots:[39m  [32m0[39m                                                                                [90mâ”‚[39m
Admin UI E2E (2, chrome)	Run Cypress	2025-03-04T00:25:48.3065810Z [90m  â”‚[39m [90mVideo:[39m        [32mfalse[39m                                                                            [90mâ”‚[39m
Admin UI E2E (2, chrome)	Run Cypress	2025-03-04T00:25:48.3067089Z [90m  â”‚[39m [90mDuration:[39m     [32m4 seconds[39m                                                                        [90mâ”‚[39m
Admin UI E2E (2, chrome)	Run Cypress	2025-03-04T00:25:48.3068484Z [90m  â”‚[39m [90mSpec Ran:[39m     [32m[32muser_fed_test.spec.ts[32m[39m                                                            [90mâ”‚[39m
Admin UI E2E (2, chrome)	Run Cypress	2025-03-04T00:25:48.3075332Z [90m  â””[39m[90mâ”€[39m[90mâ”€[39m[90mâ”€[39m[90mâ”€[39m[90mâ”€[39m[90mâ”€[39m[90mâ”€[39m[90mâ”€[39m[90mâ”€[39m[90mâ”€[39m[90mâ”€[39m[90mâ”€[39m[90mâ”€[39m[90mâ”€[39m[90mâ”€[39m[90mâ”€[39m[90mâ”€[39m[90mâ”€[39m[90mâ”€[39m[90mâ”€[39m[90mâ”€[39m[90mâ”€[39m[90mâ”€[39m[90mâ”€[39m[90mâ”€[39m[90mâ”€[39m[90mâ”€[39m[90mâ”€[39m[90mâ”€[39m[90mâ”€[39m[90mâ”€[39m[90mâ”€[39m[90mâ”€[39m[90mâ”€[39m[90mâ”€[39m[90mâ”€[39m[90mâ”€[39m[90mâ”€[39m[90mâ”€[39m[90mâ”€[39m[90mâ”€[39m[90mâ”€[39m[90mâ”€[39m[90mâ”€[39m[90mâ”€[39m[90mâ”€[39m[90mâ”€[39m[90mâ”€[39m[90mâ”€[39m[90mâ”€[39m[90mâ”€[39m[90mâ”€[39m[90mâ”€[39m[90mâ”€[39m[90mâ”€[39m[90mâ”€[39m[90mâ”€[39m[90mâ”€[39m[90mâ”€[39m[90mâ”€[39m[90mâ”€[39m[90mâ”€[39m[90mâ”€[39m[90mâ”€[39m[90mâ”€[39m[90mâ”€[39m[90mâ”€[39m[90mâ”€[39m[90mâ”€[39m[90mâ”€[39m[90mâ”€[39m[90mâ”€[39m[90mâ”€[39m[90mâ”€[39m[90mâ”€[39m[90mâ”€[39m[90mâ”€[39m[90mâ”€[39m[90mâ”€[39m[90mâ”€[39m[90mâ”€[39m[90mâ”€[39m[90mâ”€[39m[90mâ”€[39m[90mâ”€[39m[90mâ”€[39m[90mâ”€[39m[90mâ”€[39m[90mâ”€[39m[90mâ”€[39m[90mâ”€[39m[90mâ”€[39m[90mâ”€[39m[90mâ”€[39m[90mâ”€[39m[90mâ”€[39m[90mâ”˜[39m
Admin UI E2E (2, chrome)	Run Cypress	2025-03-04T00:25:48.3078865Z 
Admin UI E2E (2, chrome)	Run Cypress	2025-03-04T00:25:48.3403351Z 
Admin UI E2E (2, chrome)	Run Cypress	2025-03-04T00:25:48.3414529Z [90mâ”€[39m[90mâ”€[39m[90mâ”€[39m[90mâ”€[39m[90mâ”€[39m[90mâ”€[39m[90mâ”€[39m[90mâ”€[39m[90mâ”€[39m[90mâ”€[39m[90mâ”€[39m[90mâ”€[39m[90mâ”€[39m[90mâ”€[39m[90mâ”€[39m[90mâ”€[39m[90mâ”€[39m[90mâ”€[39m[90mâ”€[39m[90mâ”€[39m[90mâ”€[39m[90mâ”€[39m[90mâ”€[39m[90mâ”€[39m[90mâ”€[39m[90mâ”€[39m[90mâ”€[39m[90mâ”€[39m[90mâ”€[39m[90mâ”€[39m[90mâ”€[39m[90mâ”€[39m[90mâ”€[39m[90mâ”€[39m[90mâ”€[39m[90mâ”€[39m[90mâ”€[39m[90mâ”€[39m[90mâ”€[39m[90mâ”€[39m[90mâ”€[39m[90mâ”€[39m[90mâ”€[39m[90mâ”€[39m[90mâ”€[39m[90mâ”€[39m[90mâ”€[39m[90mâ”€[39m[90mâ”€[39m[90mâ”€[39m[90mâ”€[39m[90mâ”€[39m[90mâ”€[39m[90mâ”€[39m[90mâ”€[39m[90mâ”€[39m[90mâ”€[39m[90mâ”€[39m[90mâ”€[39m[90mâ”€[39m[90mâ”€[39m[90mâ”€[39m[90mâ”€[39m[90mâ”€[39m[90mâ”€[39m[90mâ”€[39m[90mâ”€[39m[90mâ”€[39m[90mâ”€[39m[90mâ”€[39m[90mâ”€[39m[90mâ”€[39m[90mâ”€[39m[90mâ”€[39m[90mâ”€[39m[90mâ”€[39m[90mâ”€[39m[90mâ”€[39m[90mâ”€[39m[90mâ”€[39m[90mâ”€[39m[90mâ”€[39m[90mâ”€[39m[90mâ”€[39m[90mâ”€[39m[90mâ”€[39m[90mâ”€[39m[90mâ”€[39m[90mâ”€[39m[90mâ”€[39m[90mâ”€[39m[90mâ”€[39m[90mâ”€[39m[90mâ”€[39m[90mâ”€[39m[90mâ”€[39m[90mâ”€[39m[90mâ”€[39m[90mâ”€[39m[90mâ”€[39m
Admin UI E2E (2, chrome)	Run Cypress	2025-03-04T00:25:48.3419328Z                                                                                                     
Admin UI E2E (2, chrome)	Run Cypress	2025-03-04T00:25:48.3420643Z   Running:  [90muser_fed_ldap_test.spec.ts[39m                                                      [90m(6 of 8)[39m
Admin UI E2E (2, chrome)	Run Cypress	2025-03-04T00:25:51.8671532Z 
Admin UI E2E (2, chrome)	Run Cypress	2025-03-04T00:25:51.8673205Z [0m[0m
Admin UI E2E (2, chrome)	Run Cypress	2025-03-04T00:25:51.8704313Z [0m  User Federation LDAP tests[0m
Admin UI E2E (2, chrome)	Run Cypress	2025-03-04T00:26:04.5659984Z   [32m  âœ“[0m[90m Should create LDAP provider from empty state[0m[90m (12688ms)[0m
Admin UI E2E (2, chrome)	Run Cypress	2025-03-04T00:26:08.1163427Z   [32m  âœ“[0m[90m Should fail updating advanced settings[0m[90m (3441ms)[0m
Admin UI E2E (2, chrome)	Run Cypress	2025-03-04T00:26:15.3238128Z   [32m  âœ“[0m[90m Should update advanced settings[0m[90m (7095ms)[0m
Admin UI E2E (2, chrome)	Run Cypress	2025-03-04T00:26:20.6816722Z   [32m  âœ“[0m[90m Should set cache policy to evict_daily[0m[90m (5285ms)[0m
Admin UI E2E (2, chrome)	Run Cypress	2025-03-04T00:26:25.4623595Z   [32m  âœ“[0m[90m Should set cache policy to default[0m[90m (4692ms)[0m
Admin UI E2E (2, chrome)	Run Cypress	2025-03-04T00:26:31.0425707Z   [32m  âœ“[0m[90m Should set cache policy to evict_weekly[0m[90m (5503ms)[0m
Admin UI E2E (2, chrome)	Run Cypress	2025-03-04T00:26:37.1820558Z   [32m  âœ“[0m[90m Update connection and authentication settings and save[0m[90m (6087ms)[0m
Admin UI E2E (2, chrome)	Run Cypress	2025-03-04T00:26:50.8565313Z   [32m  âœ“[0m[90m Should fail connection and authentication tests[0m[90m (13636ms)[0m
Admin UI E2E (2, chrome)	Run Cypress	2025-03-04T00:26:56.7284602Z   [32m  âœ“[0m[90m Should make changes and pass connection and authentication tests[0m[90m (5764ms)[0m
Admin UI E2E (2, chrome)	Run Cypress	2025-03-04T00:27:03.5498191Z   [32m  âœ“[0m[90m Should update Kerberos integration settings and save[0m[90m (6756ms)[0m
Admin UI E2E (2, chrome)	Run Cypress	2025-03-04T00:27:09.9775427Z   [32m  âœ“[0m[90m Should update Synchronization settings and save[0m[90m (6334ms)[0m
Admin UI E2E (2, chrome)	Run Cypress	2025-03-04T00:27:22.2807938Z   [32m  âœ“[0m[90m Should update LDAP searching and updating settings and save[0m[90m (12237ms)[0m
Admin UI E2E (2, chrome)	Run Cypress	2025-03-04T00:27:27.4432025Z   [32m  âœ“[0m[90m Should update display name[0m[90m (5088ms)[0m
Admin UI E2E (2, chrome)	Run Cypress	2025-03-04T00:27:33.2395480Z   [32m  âœ“[0m[90m Should update existing LDAP provider and cancel[0m[90m (5719ms)[0m
Admin UI E2E (2, chrome)	Run Cypress	2025-03-04T00:27:38.4634437Z   [32m  âœ“[0m[90m Should set cache policy to max_lifespan[0m[90m (5153ms)[0m
Admin UI E2E (2, chrome)	Run Cypress	2025-03-04T00:27:43.2894382Z   [32m  âœ“[0m[90m Should set cache policy to no_cache[0m[90m (4745ms)[0m
Admin UI E2E (2, chrome)	Run Cypress	2025-03-04T00:27:46.8436182Z   [32m  âœ“[0m[90m Should disable an existing LDAP provider[0m[90m (3518ms)[0m
Admin UI E2E (2, chrome)	Run Cypress	2025-03-04T00:27:50.2256521Z   [32m  âœ“[0m[90m Should enable a previously-disabled LDAP provider[0m[90m (3310ms)[0m
Admin UI E2E (2, chrome)	Run Cypress	2025-03-04T00:27:56.9347094Z   [32m  âœ“[0m[90m Should create new LDAP provider using New Provider dropdown[0m[90m (6676ms)[0m
Admin UI E2E (2, chrome)	Run Cypress	2025-03-04T00:27:59.2757642Z   [32m  âœ“[0m[90m Should delete LDAP provider from card view using card menu[0m[90m (2308ms)[0m
Admin UI E2E (2, chrome)	Run Cypress	2025-03-04T00:28:03.0859785Z   [32m  âœ“[0m[90m Should delete LDAP provider using Settings view Action menu[0m[90m (3312ms)[0m
Admin UI E2E (2, chrome)	Run Cypress	2025-03-04T00:28:03.0869464Z 
Admin UI E2E (2, chrome)	Run Cypress	2025-03-04T00:28:03.1145676Z 
Admin UI E2E (2, chrome)	Run Cypress	2025-03-04T00:28:03.1148864Z [92m [0m[32m 21 passing[0m[90m (2m)[0m
Admin UI E2E (2, chrome)	Run Cypress	2025-03-04T00:28:03.1157029Z 
Admin UI E2E (2, chrome)	Run Cypress	2025-03-04T00:28:04.1733605Z 
Admin UI E2E (2, chrome)	Run Cypress	2025-03-04T00:28:04.1734942Z [32m  ([4m[1mResults[22m[24m)[39m
Admin UI E2E (2, chrome)	Run Cypress	2025-03-04T00:28:04.1740047Z 
Admin UI E2E (2, chrome)	Run Cypress	2025-03-04T00:28:04.1754418Z [90m  â”Œ[39m[90mâ”€[39m[90mâ”€[39m[90mâ”€[39m[90mâ”€[39m[90mâ”€[39m[90mâ”€[39m[90mâ”€[39m[90mâ”€[39m[90mâ”€[39m[90mâ”€[39m[90mâ”€[39m[90mâ”€[39m[90mâ”€[39m[90mâ”€[39m[90mâ”€[39m[90mâ”€[39m[90mâ”€[39m[90mâ”€[39m[90mâ”€[39m[90mâ”€[39m[90mâ”€[39m[90mâ”€[39m[90mâ”€[39m[90mâ”€[39m[90mâ”€[39m[90mâ”€[39m[90mâ”€[39m[90mâ”€[39m[90mâ”€[39m[90mâ”€[39m[90mâ”€[39m[90mâ”€[39m[90mâ”€[39m[90mâ”€[39m[90mâ”€[39m[90mâ”€[39m[90mâ”€[39m[90mâ”€[39m[90mâ”€[39m[90mâ”€[39m[90mâ”€[39m[90mâ”€[39m[90mâ”€[39m[90mâ”€[39m[90mâ”€[39m[90mâ”€[39m[90mâ”€[39m[90mâ”€[39m[90mâ”€[39m[90mâ”€[39m[90mâ”€[39m[90mâ”€[39m[90mâ”€[39m[90mâ”€[39m[90mâ”€[39m[90mâ”€[39m[90mâ”€[39m[90mâ”€[39m[90mâ”€[39m[90mâ”€[39m[90mâ”€[39m[90mâ”€[39m[90mâ”€[39m[90mâ”€[39m[90mâ”€[39m[90mâ”€[39m[90mâ”€[39m[90mâ”€[39m[90mâ”€[39m[90mâ”€[39m[90mâ”€[39m[90mâ”€[39m[90mâ”€[39m[90mâ”€[39m[90mâ”€[39m[90mâ”€[39m[90mâ”€[39m[90mâ”€[39m[90mâ”€[39m[90mâ”€[39m[90mâ”€[39m[90mâ”€[39m[90mâ”€[39m[90mâ”€[39m[90mâ”€[39m[90mâ”€[39m[90mâ”€[39m[90mâ”€[39m[90mâ”€[39m[90mâ”€[39m[90mâ”€[39m[90mâ”€[39m[90mâ”€[39m[90mâ”€[39m[90mâ”€[39m[90mâ”€[39m[90mâ”[39m
Admin UI E2E (2, chrome)	Run Cypress	2025-03-04T00:28:04.1758204Z [90m  â”‚[39m [90mTests:[39m        [32m21[39m                                                                               [90mâ”‚[39m
Admin UI E2E (2, chrome)	Run Cypress	2025-03-04T00:28:04.1759001Z [90m  â”‚[39m [90mPassing:[39m      [32m21[39m                                                                               [90mâ”‚[39m
Admin UI E2E (2, chrome)	Run Cypress	2025-03-04T00:28:04.1759714Z [90m  â”‚[39m [90mFailing:[39m      [32m0[39m                                                                                [90mâ”‚[39m
Admin UI E2E (2, chrome)	Run Cypress	2025-03-04T00:28:04.1760677Z [90m  â”‚[39m [90mPending:[39m      [32m0[39m                                                                                [90mâ”‚[39m
Admin UI E2E (2, chrome)	Run Cypress	2025-03-04T00:28:04.1761598Z [90m  â”‚[39m [90mSkipped:[39m      [32m0[39m                                                                                [90mâ”‚[39m
Admin UI E2E (2, chrome)	Run Cypress	2025-03-04T00:28:04.1762729Z [90m  â”‚[39m [90mScreenshots:[39m  [32m0[39m                                                                                [90mâ”‚[39m
Admin UI E2E (2, chrome)	Run Cypress	2025-03-04T00:28:04.1763657Z [90m  â”‚[39m [90mVideo:[39m        [32mfalse[39m                                                                            [90mâ”‚[39m
Admin UI E2E (2, chrome)	Run Cypress	2025-03-04T00:28:04.1764565Z [90m  â”‚[39m [90mDuration:[39m     [32m2 minutes, 11 seconds[39m                                                            [90mâ”‚[39m
Admin UI E2E (2, chrome)	Run Cypress	2025-03-04T00:28:04.1765739Z [90m  â”‚[39m [90mSpec Ran:[39m     [32m[32muser_fed_ldap_test.spec.ts[32m[39m                                                       [90mâ”‚[39m
Admin UI E2E (2, chrome)	Run Cypress	2025-03-04T00:28:04.1771804Z [90m  â””[39m[90mâ”€[39m[90mâ”€[39m[90mâ”€[39m[90mâ”€[39m[90mâ”€[39m[90mâ”€[39m[90mâ”€[39m[90mâ”€[39m[90mâ”€[39m[90mâ”€[39m[90mâ”€[39m[90mâ”€[39m[90mâ”€[39m[90mâ”€[39m[90mâ”€[39m[90mâ”€[39m[90mâ”€[39m[90mâ”€[39m[90mâ”€[39m[90mâ”€[39m[90mâ”€[39m[90mâ”€[39m[90mâ”€[39m[90mâ”€[39m[90mâ”€[39m[90mâ”€[39m[90mâ”€[39m[90mâ”€[39m[90mâ”€[39m[90mâ”€[39m[90mâ”€[39m[90mâ”€[39m[90mâ”€[39m[90mâ”€[39m[90mâ”€[39m[90mâ”€[39m[90mâ”€[39m[90mâ”€[39m[90mâ”€[39m[90mâ”€[39m[90mâ”€[39m[90mâ”€[39m[90mâ”€[39m[90mâ”€[39m[90mâ”€[39m[90mâ”€[39m[90mâ”€[39m[90mâ”€[39m[90mâ”€[39m[90mâ”€[39m[90mâ”€[39m[90mâ”€[39m[90mâ”€[39m[90mâ”€[39m[90mâ”€[39m[90mâ”€[39m[90mâ”€[39m[90mâ”€[39m[90mâ”€[39m[90mâ”€[39m[90mâ”€[39m[90mâ”€[39m[90mâ”€[39m[90mâ”€[39m[90mâ”€[39m[90mâ”€[39m[90mâ”€[39m[90mâ”€[39m[90mâ”€[39m[90mâ”€[39m[90mâ”€[39m[90mâ”€[39m[90mâ”€[39m[90mâ”€[39m[90mâ”€[39m[90mâ”€[39m[90mâ”€[39m[90mâ”€[39m[90mâ”€[39m[90mâ”€[39m[90mâ”€[39m[90mâ”€[39m[90mâ”€[39m[90mâ”€[39m[90mâ”€[39m[90mâ”€[39m[90mâ”€[39m[90mâ”€[39m[90mâ”€[39m[90mâ”€[39m[90mâ”€[39m[90mâ”€[39m[90mâ”€[39m[90mâ”€[39m[90mâ”€[39m[90mâ”€[39m[90mâ”˜[39m
Admin UI E2E (2, chrome)	Run Cypress	2025-03-04T00:28:04.1775779Z 
Admin UI E2E (2, chrome)	Run Cypress	2025-03-04T00:28:04.2132843Z 
Admin UI E2E (2, chrome)	Run Cypress	2025-03-04T00:28:04.2143202Z [90mâ”€[39m[90mâ”€[39m[90mâ”€[39m[90mâ”€[39m[90mâ”€[39m[90mâ”€[39m[90mâ”€[39m[90mâ”€[39m[90mâ”€[39m[90mâ”€[39m[90mâ”€[39m[90mâ”€[39m[90mâ”€[39m[90mâ”€[39m[90mâ”€[39m[90mâ”€[39m[90mâ”€[39m[90mâ”€[39m[90mâ”€[39m[90mâ”€[39m[90mâ”€[39m[90mâ”€[39m[90mâ”€[39m[90mâ”€[39m[90mâ”€[39m[90mâ”€[39m[90mâ”€[39m[90mâ”€[39m[90mâ”€[39m[90mâ”€[39m[90mâ”€[39m[90mâ”€[39m[90mâ”€[39m[90mâ”€[39m[90mâ”€[39m[90mâ”€[39m[90mâ”€[39m[90mâ”€[39m[90mâ”€[39m[90mâ”€[39m[90mâ”€[39m[90mâ”€[39m[90mâ”€[39m[90mâ”€[39m[90mâ”€[39m[90mâ”€[39m[90mâ”€[39m[90mâ”€[39m[90mâ”€[39m[90mâ”€[39m[90mâ”€[39m[90mâ”€[39m[90mâ”€[39m[90mâ”€[39m[90mâ”€[39m[90mâ”€[39m[90mâ”€[39m[90mâ”€[39m[90mâ”€[39m[90mâ”€[39m[90mâ”€[39m[90mâ”€[39m[90mâ”€[39m[90mâ”€[39m[90mâ”€[39m[90mâ”€[39m[90mâ”€[39m[90mâ”€[39m[90mâ”€[39m[90mâ”€[39m[90mâ”€[39m[90mâ”€[39m[90mâ”€[39m[90mâ”€[39m[90mâ”€[39m[90mâ”€[39m[90mâ”€[39m[90mâ”€[39m[90mâ”€[39m[90mâ”€[39m[90mâ”€[39m[90mâ”€[39m[90mâ”€[39m[90mâ”€[39m[90mâ”€[39m[90mâ”€[39m[90mâ”€[39m[90mâ”€[39m[90mâ”€[39m[90mâ”€[39m[90mâ”€[39m[90mâ”€[39m[90mâ”€[39m[90mâ”€[39m[90mâ”€[39m[90mâ”€[39m[90mâ”€[39m[90mâ”€[39m[90mâ”€[39m[90mâ”€[39m
Admin UI E2E (2, chrome)	Run Cypress	2025-03-04T00:28:04.2147747Z                                                                                                     
Admin UI E2E (2, chrome)	Run Cypress	2025-03-04T00:28:04.2148850Z   Running:  [90mrealm_test.spec.ts[39m                                                              [90m(7 of 8)[39m
Admin UI E2E (2, chrome)	Run Cypress	2025-03-04T00:28:07.9212470Z 
Admin UI E2E (2, chrome)	Run Cypress	2025-03-04T00:28:07.9213295Z [0m[0m
Admin UI E2E (2, chrome)	Run Cypress	2025-03-04T00:28:07.9239854Z [0m  Realm tests[0m
Admin UI E2E (2, chrome)	Run Cypress	2025-03-04T00:28:12.0927893Z   [32m  âœ“[0m[90m should fail creating duplicated or empty name realm[0m[90m (4161ms)[0m
Admin UI E2E (2, chrome)	Run Cypress	2025-03-04T00:28:15.6481080Z   [32m  âœ“[0m[90m should create Test realm[0m[90m (3514ms)[0m
Admin UI E2E (2, chrome)	Run Cypress	2025-03-04T00:28:25.4552725Z   [32m  âœ“[0m[90m CRUD test of Disabled realm[0m[90m (9783ms)[0m
Admin UI E2E (2, chrome)	Run Cypress	2025-03-04T00:28:30.3118346Z   [32m  âœ“[0m[90m should create realm from new a realm[0m[90m (4802ms)[0m
Admin UI E2E (2, chrome)	Run Cypress	2025-03-04T00:28:32.1880349Z   [32m  âœ“[0m[90m should change to Test realm[0m[90m (1853ms)[0m
Admin UI E2E (2, chrome)	Run Cypress	2025-03-04T00:28:36.5747163Z   [32m  âœ“[0m[90m should create realm with special characters[0m[90m (3315ms)[0m
Admin UI E2E (2, chrome)	Run Cypress	2025-03-04T00:28:36.5762641Z 
Admin UI E2E (2, chrome)	Run Cypress	2025-03-04T00:28:36.5972292Z 
Admin UI E2E (2, chrome)	Run Cypress	2025-03-04T00:28:36.5973783Z [92m [0m[32m 6 passing[0m[90m (29s)[0m
Admin UI E2E (2, chrome)	Run Cypress	2025-03-04T00:28:36.5974451Z 
Admin UI E2E (2, chrome)	Run Cypress	2025-03-04T00:28:37.6149819Z 
Admin UI E2E (2, chrome)	Run Cypress	2025-03-04T00:28:37.6151329Z [32m  ([4m[1mResults[22m[24m)[39m
Admin UI E2E (2, chrome)	Run Cypress	2025-03-04T00:28:37.6156982Z 
Admin UI E2E (2, chrome)	Run Cypress	2025-03-04T00:28:37.6170872Z [90m  â”Œ[39m[90mâ”€[39m[90mâ”€[39m[90mâ”€[39m[90mâ”€[39m[90mâ”€[39m[90mâ”€[39m[90mâ”€[39m[90mâ”€[39m[90mâ”€[39m[90mâ”€[39m[90mâ”€[39m[90mâ”€[39m[90mâ”€[39m[90mâ”€[39m[90mâ”€[39m[90mâ”€[39m[90mâ”€[39m[90mâ”€[39m[90mâ”€[39m[90mâ”€[39m[90mâ”€[39m[90mâ”€[39m[90mâ”€[39m[90mâ”€[39m[90mâ”€[39m[90mâ”€[39m[90mâ”€[39m[90mâ”€[39m[90mâ”€[39m[90mâ”€[39m[90mâ”€[39m[90mâ”€[39m[90mâ”€[39m[90mâ”€[39m[90mâ”€[39m[90mâ”€[39m[90mâ”€[39m[90mâ”€[39m[90mâ”€[39m[90mâ”€[39m[90mâ”€[39m[90mâ”€[39m[90mâ”€[39m[90mâ”€[39m[90mâ”€[39m[90mâ”€[39m[90mâ”€[39m[90mâ”€[39m[90mâ”€[39m[90mâ”€[39m[90mâ”€[39m[90mâ”€[39m[90mâ”€[39m[90mâ”€[39m[90mâ”€[39m[90mâ”€[39m[90mâ”€[39m[90mâ”€[39m[90mâ”€[39m[90mâ”€[39m[90mâ”€[39m[90mâ”€[39m[90mâ”€[39m[90mâ”€[39m[90mâ”€[39m[90mâ”€[39m[90mâ”€[39m[90mâ”€[39m[90mâ”€[39m[90mâ”€[39m[90mâ”€[39m[90mâ”€[39m[90mâ”€[39m[90mâ”€[39m[90mâ”€[39m[90mâ”€[39m[90mâ”€[39m[90mâ”€[39m[90mâ”€[39m[90mâ”€[39m[90mâ”€[39m[90mâ”€[39m[90mâ”€[39m[90mâ”€[39m[90mâ”€[39m[90mâ”€[39m[90mâ”€[39m[90mâ”€[39m[90mâ”€[39m[90mâ”€[39m[90mâ”€[39m[90mâ”€[39m[90mâ”€[39m[90mâ”€[39m[90mâ”€[39m[90mâ”€[39m[90mâ”[39m
Admin UI E2E (2, chrome)	Run Cypress	2025-03-04T00:28:37.6173845Z [90m  â”‚[39m [90mTests:[39m        [32m6[39m                                                                                [90mâ”‚[39m
Admin UI E2E (2, chrome)	Run Cypress	2025-03-04T00:28:37.6174873Z [90m  â”‚[39m [90mPassing:[39m      [32m6[39m                                                                                [90mâ”‚[39m
Admin UI E2E (2, chrome)	Run Cypress	2025-03-04T00:28:37.6175567Z [90m  â”‚[39m [90mFailing:[39m      [32m0[39m                                                                                [90mâ”‚[39m
Admin UI E2E (2, chrome)	Run Cypress	2025-03-04T00:28:37.6176594Z [90m  â”‚[39m [90mPending:[39m      [32m0[39m                                                                                [90mâ”‚[39m
Admin UI E2E (2, chrome)	Run Cypress	2025-03-04T00:28:37.6177291Z [90m  â”‚[39m [90mSkipped:[39m      [32m0[39m                                                                                [90mâ”‚[39m
Admin UI E2E (2, chrome)	Run Cypress	2025-03-04T00:28:37.6178389Z [90m  â”‚[39m [90mScreenshots:[39m  [32m0[39m                                                                                [90mâ”‚[39m
Admin UI E2E (2, chrome)	Run Cypress	2025-03-04T00:28:37.6179543Z [90m  â”‚[39m [90mVideo:[39m        [32mfalse[39m                                                                            [90mâ”‚[39m
Admin UI E2E (2, chrome)	Run Cypress	2025-03-04T00:28:37.6180296Z [90m  â”‚[39m [90mDuration:[39m     [32m28 seconds[39m                                                                       [90mâ”‚[39m
Admin UI E2E (2, chrome)	Run Cypress	2025-03-04T00:28:37.6181107Z [90m  â”‚[39m [90mSpec Ran:[39m     [32m[32mrealm_test.spec.ts[32m[39m                                                               [90mâ”‚[39m
Admin UI E2E (2, chrome)	Run Cypress	2025-03-04T00:28:37.6188388Z [90m  â””[39m[90mâ”€[39m[90mâ”€[39m[90mâ”€[39m[90mâ”€[39m[90mâ”€[39m[90mâ”€[39m[90mâ”€[39m[90mâ”€[39m[90mâ”€[39m[90mâ”€[39m[90mâ”€[39m[90mâ”€[39m[90mâ”€[39m[90mâ”€[39m[90mâ”€[39m[90mâ”€[39m[90mâ”€[39m[90mâ”€[39m[90mâ”€[39m[90mâ”€[39m[90mâ”€[39m[90mâ”€[39m[90mâ”€[39m[90mâ”€[39m[90mâ”€[39m[90mâ”€[39m[90mâ”€[39m[90mâ”€[39m[90mâ”€[39m[90mâ”€[39m[90mâ”€[39m[90mâ”€[39m[90mâ”€[39m[90mâ”€[39m[90mâ”€[39m[90mâ”€[39m[90mâ”€[39m[90mâ”€[39m[90mâ”€[39m[90mâ”€[39m[90mâ”€[39m[90mâ”€[39m[90mâ”€[39m[90mâ”€[39m[90mâ”€[39m[90mâ”€[39m[90mâ”€[39m[90mâ”€[39m[90mâ”€[39m[90mâ”€[39m[90mâ”€[39m[90mâ”€[39m[90mâ”€[39m[90mâ”€[39m[90mâ”€[39m[90mâ”€[39m[90mâ”€[39m[90mâ”€[39m[90mâ”€[39m[90mâ”€[39m[90mâ”€[39m[90mâ”€[39m[90mâ”€[39m[90mâ”€[39m[90mâ”€[39m[90mâ”€[39m[90mâ”€[39m[90mâ”€[39m[90mâ”€[39m[90mâ”€[39m[90mâ”€[39m[90mâ”€[39m[90mâ”€[39m[90mâ”€[39m[90mâ”€[39m[90mâ”€[39m[90mâ”€[39m[90mâ”€[39m[90mâ”€[39m[90mâ”€[39m[90mâ”€[39m[90mâ”€[39m[90mâ”€[39m[90mâ”€[39m[90mâ”€[39m[90mâ”€[39m[90mâ”€[39m[90mâ”€[39m[90mâ”€[39m[90mâ”€[39m[90mâ”€[39m[90mâ”€[39m[90mâ”€[39m[90mâ”€[39m[90mâ”€[39m[90mâ”€[39m[90mâ”˜[39m
Admin UI E2E (2, chrome)	Run Cypress	2025-03-04T00:28:37.6191789Z 
Admin UI E2E (2, chrome)	Run Cypress	2025-03-04T00:28:37.6506601Z 
Admin UI E2E (2, chrome)	Run Cypress	2025-03-04T00:28:37.6516105Z [90mâ”€[39m[90mâ”€[39m[90mâ”€[39m[90mâ”€[39m[90mâ”€[39m[90mâ”€[39m[90mâ”€[39m[90mâ”€[39m[90mâ”€[39m[90mâ”€[39m[90mâ”€[39m[90mâ”€[39m[90mâ”€[39m[90mâ”€[39m[90mâ”€[39m[90mâ”€[39m[90mâ”€[39m[90mâ”€[39m[90mâ”€[39m[90mâ”€[39m[90mâ”€[39m[90mâ”€[39m[90mâ”€[39m[90mâ”€[39m[90mâ”€[39m[90mâ”€[39m[90mâ”€[39m[90mâ”€[39m[90mâ”€[39m[90mâ”€[39m[90mâ”€[39m[90mâ”€[39m[90mâ”€[39m[90mâ”€[39m[90mâ”€[39m[90mâ”€[39m[90mâ”€[39m[90mâ”€[39m[90mâ”€[39m[90mâ”€[39m[90mâ”€[39m[90mâ”€[39m[90mâ”€[39m[90mâ”€[39m[90mâ”€[39m[90mâ”€[39m[90mâ”€[39m[90mâ”€[39m[90mâ”€[39m[90mâ”€[39m[90mâ”€[39m[90mâ”€[39m[90mâ”€[39m[90mâ”€[39m[90mâ”€[39m[90mâ”€[39m[90mâ”€[39m[90mâ”€[39m[90mâ”€[39m[90mâ”€[39m[90mâ”€[39m[90mâ”€[39m[90mâ”€[39m[90mâ”€[39m[90mâ”€[39m[90mâ”€[39m[90mâ”€[39m[90mâ”€[39m[90mâ”€[39m[90mâ”€[39m[90mâ”€[39m[90mâ”€[39m[90mâ”€[39m[90mâ”€[39m[90mâ”€[39m[90mâ”€[39m[90mâ”€[39m[90mâ”€[39m[90mâ”€[39m[90mâ”€[39m[90mâ”€[39m[90mâ”€[39m[90mâ”€[39m[90mâ”€[39m[90mâ”€[39m[90mâ”€[39m[90mâ”€[39m[90mâ”€[39m[90mâ”€[39m[90mâ”€[39m[90mâ”€[39m[90mâ”€[39m[90mâ”€[39m[90mâ”€[39m[90mâ”€[39m[90mâ”€[39m[90mâ”€[39m[90mâ”€[39m[90mâ”€[39m[90mâ”€[39m
Admin UI E2E (2, chrome)	Run Cypress	2025-03-04T00:28:37.6520608Z                                                                                                     
Admin UI E2E (2, chrome)	Run Cypress	2025-03-04T00:28:37.6521263Z   Running:  [90mclients_role.spec.ts[39m                                                            [90m(8 of 8)[39m
Admin UI E2E (2, chrome)	Run Cypress	2025-03-04T00:28:41.4901558Z 
Admin UI E2E (2, chrome)	Run Cypress	2025-03-04T00:28:41.4902931Z [0m[0m
Admin UI E2E (2, chrome)	Run Cypress	2025-03-04T00:28:41.4931571Z [0m  Roles tab test[0m
Admin UI E2E (2, chrome)	Run Cypress	2025-03-04T00:28:48.8598255Z   [32m  âœ“[0m[90m Should fail to create client role with empty name[0m[90m (7359ms)[0m
Admin UI E2E (2, chrome)	Run Cypress	2025-03-04T00:28:53.0318980Z   [32m  âœ“[0m[90m Should create client role[0m[90m (4123ms)[0m
Admin UI E2E (2, chrome)	Run Cypress	2025-03-04T00:28:57.6799924Z   [32m  âœ“[0m[90m Should update client role description[0m[90m (4614ms)[0m
Admin UI E2E (2, chrome)	Run Cypress	2025-03-04T00:29:03.1719017Z   [32m  âœ“[0m[90m Should add attribute to client role[0m[90m (5468ms)[0m
Admin UI E2E (2, chrome)	Run Cypress	2025-03-04T00:29:06.6183002Z   [32m  âœ“[0m[90m Should delete attribute from client role[0m[90m (3399ms)[0m
Admin UI E2E (2, chrome)	Run Cypress	2025-03-04T00:29:10.9480880Z   [32m  âœ“[0m[90m Should create client role to be deleted[0m[90m (4282ms)[0m
Admin UI E2E (2, chrome)	Run Cypress	2025-03-04T00:29:14.9320436Z   [32m  âœ“[0m[90m Should fail to create duplicate client role[0m[90m (3929ms)[0m
Admin UI E2E (2, chrome)	Run Cypress	2025-03-04T00:29:18.9399578Z   [32m  âœ“[0m[90m Should search existing client role[0m[90m (3984ms)[0m
Admin UI E2E (2, chrome)	Run Cypress	2025-03-04T00:29:22.5095587Z   [32m  âœ“[0m[90m Should search non-existing role test[0m[90m (3544ms)[0m
Admin UI E2E (2, chrome)	Run Cypress	2025-03-04T00:29:25.8921606Z   [32m  âœ“[0m[90m roles empty search test[0m[90m (3359ms)[0m
Admin UI E2E (2, chrome)	Run Cypress	2025-03-04T00:29:33.2502298Z   [32m  âœ“[0m[90m Add associated roles test[0m[90m (7270ms)[0m
Admin UI E2E (2, chrome)	Run Cypress	2025-03-04T00:29:37.4832853Z   [32m  âœ“[0m[90m Should hide inherited roles test[0m[90m (4166ms)[0m
Admin UI E2E (2, chrome)	Run Cypress	2025-03-04T00:29:42.3513449Z   [32m  âœ“[0m[90m Should delete associated roles test[0m[90m (4833ms)[0m
Admin UI E2E (2, chrome)	Run Cypress	2025-03-04T00:29:46.7560699Z   [32m  âœ“[0m[90m Should delete associated role from search bar test[0m[90m (4377ms)[0m
Admin UI E2E (2, chrome)	Run Cypress	2025-03-04T00:29:50.0337509Z   [32m  âœ“[0m[90m Should delete client role test[0m[90m (3252ms)[0m
Admin UI E2E (2, chrome)	Run Cypress	2025-03-04T00:29:54.5449815Z   [32m  âœ“[0m[90m Should delete client role from role details test[0m[90m (3996ms)[0m
Admin UI E2E (2, chrome)	Run Cypress	2025-03-04T00:29:54.5487191Z 
Admin UI E2E (2, chrome)	Run Cypress	2025-03-04T00:29:54.5797192Z 
Admin UI E2E (2, chrome)	Run Cypress	2025-03-04T00:29:54.5798340Z [92m [0m[32m 16 passing[0m[90m (1m)[0m
Admin UI E2E (2, chrome)	Run Cypress	2025-03-04T00:29:54.5798751Z 
Admin UI E2E (2, chrome)	Run Cypress	2025-03-04T00:29:55.5968708Z 
Admin UI E2E (2, chrome)	Run Cypress	2025-03-04T00:29:55.5970656Z [32m  ([4m[1mResults[22m[24m)[39m
Admin UI E2E (2, chrome)	Run Cypress	2025-03-04T00:29:55.5975970Z 
Admin UI E2E (2, chrome)	Run Cypress	2025-03-04T00:29:55.5990893Z [90m  â”Œ[39m[90mâ”€[39m[90mâ”€[39m[90mâ”€[39m[90mâ”€[39m[90mâ”€[39m[90mâ”€[39m[90mâ”€[39m[90mâ”€[39m[90mâ”€[39m[90mâ”€[39m[90mâ”€[39m[90mâ”€[39m[90mâ”€[39m[90mâ”€[39m[90mâ”€[39m[90mâ”€[39m[90mâ”€[39m[90mâ”€[39m[90mâ”€[39m[90mâ”€[39m[90mâ”€[39m[90mâ”€[39m[90mâ”€[39m[90mâ”€[39m[90mâ”€[39m[90mâ”€[39m[90mâ”€[39m[90mâ”€[39m[90mâ”€[39m[90mâ”€[39m[90mâ”€[39m[90mâ”€[39m[90mâ”€[39m[90mâ”€[39m[90mâ”€[39m[90mâ”€[39m[90mâ”€[39m[90mâ”€[39m[90mâ”€[39m[90mâ”€[39m[90mâ”€[39m[90mâ”€[39m[90mâ”€[39m[90mâ”€[39m[90mâ”€[39m[90mâ”€[39m[90mâ”€[39m[90mâ”€[39m[90mâ”€[39m[90mâ”€[39m[90mâ”€[39m[90mâ”€[39m[90mâ”€[39m[90mâ”€[39m[90mâ”€[39m[90mâ”€[39m[90mâ”€[39m[90mâ”€[39m[90mâ”€[39m[90mâ”€[39m[90mâ”€[39m[90mâ”€[39m[90mâ”€[39m[90mâ”€[39m[90mâ”€[39m[90mâ”€[39m[90mâ”€[39m[90mâ”€[39m[90mâ”€[39m[90mâ”€[39m[90mâ”€[39m[90mâ”€[39m[90mâ”€[39m[90mâ”€[39m[90mâ”€[39m[90mâ”€[39m[90mâ”€[39m[90mâ”€[39m[90mâ”€[39m[90mâ”€[39m[90mâ”€[39m[90mâ”€[39m[90mâ”€[39m[90mâ”€[39m[90mâ”€[39m[90mâ”€[39m[90mâ”€[39m[90mâ”€[39m[90mâ”€[39m[90mâ”€[39m[90mâ”€[39m[90mâ”€[39m[90mâ”€[39m[90mâ”€[39m[90mâ”€[39m[90mâ”€[39m[90mâ”[39m
Admin UI E2E (2, chrome)	Run Cypress	2025-03-04T00:29:55.5996158Z [90m  â”‚[39m [90mTests:[39m        [32m16[39m                                                                               [90mâ”‚[39m
Admin UI E2E (2, chrome)	Run Cypress	2025-03-04T00:29:55.5998949Z [90m  â”‚[39m [90mPassing:[39m      [32m16[39m                                                                               [90mâ”‚[39m
Admin UI E2E (2, chrome)	Run Cypress	2025-03-04T00:29:55.6001653Z [90m  â”‚[39m [90mFailing:[39m      [32m0[39m                                                                                [90mâ”‚[39m
Admin UI E2E (2, chrome)	Run Cypress	2025-03-04T00:29:55.6003089Z [90m  â”‚[39m [90mPending:[39m      [32m0[39m                                                                                [90mâ”‚[39m
Admin UI E2E (2, chrome)	Run Cypress	2025-03-04T00:29:55.6004619Z [90m  â”‚[39m [90mSkipped:[39m      [32m0[39m                                                                                [90mâ”‚[39m
Admin UI E2E (2, chrome)	Run Cypress	2025-03-04T00:29:55.6005892Z [90m  â”‚[39m [90mScreenshots:[39m  [32m0[39m                                                                                [90mâ”‚[39m
Admin UI E2E (2, chrome)	Run Cypress	2025-03-04T00:29:55.6007161Z [90m  â”‚[39m [90mVideo:[39m        [32mfalse[39m                                                                            [90mâ”‚[39m
Admin UI E2E (2, chrome)	Run Cypress	2025-03-04T00:29:55.6008494Z [90m  â”‚[39m [90mDuration:[39m     [32m1 minute, 13 seconds[39m                                                             [90mâ”‚[39m
Admin UI E2E (2, chrome)	Run Cypress	2025-03-04T00:29:55.6009941Z [90m  â”‚[39m [90mSpec Ran:[39m     [32m[32mclients_role.spec.ts[32m[39m                                                             [90mâ”‚[39m
Admin UI E2E (2, chrome)	Run Cypress	2025-03-04T00:29:55.6017893Z [90m  â””[39m[90mâ”€[39m[90mâ”€[39m[90mâ”€[39m[90mâ”€[39m[90mâ”€[39m[90mâ”€[39m[90mâ”€[39m[90mâ”€[39m[90mâ”€[39m[90mâ”€[39m[90mâ”€[39m[90mâ”€[39m[90mâ”€[39m[90mâ”€[39m[90mâ”€[39m[90mâ”€[39m[90mâ”€[39m[90mâ”€[39m[90mâ”€[39m[90mâ”€[39m[90mâ”€[39m[90mâ”€[39m[90mâ”€[39m[90mâ”€[39m[90mâ”€[39m[90mâ”€[39m[90mâ”€[39m[90mâ”€[39m[90mâ”€[39m[90mâ”€[39m[90mâ”€[39m[90mâ”€[39m[90mâ”€[39m[90mâ”€[39m[90mâ”€[39m[90mâ”€[39m[90mâ”€[39m[90mâ”€[39m[90mâ”€[39m[90mâ”€[39m[90mâ”€[39m[90mâ”€[39m[90mâ”€[39m[90mâ”€[39m[90mâ”€[39m[90mâ”€[39m[90mâ”€[39m[90mâ”€[39m[90mâ”€[39m[90mâ”€[39m[90mâ”€[39m[90mâ”€[39m[90mâ”€[39m[90mâ”€[39m[90mâ”€[39m[90mâ”€[39m[90mâ”€[39m[90mâ”€[39m[90mâ”€[39m[90mâ”€[39m[90mâ”€[39m[90mâ”€[39m[90mâ”€[39m[90mâ”€[39m[90mâ”€[39m[90mâ”€[39m[90mâ”€[39m[90mâ”€[39m[90mâ”€[39m[90mâ”€[39m[90mâ”€[39m[90mâ”€[39m[90mâ”€[39m[90mâ”€[39m[90mâ”€[39m[90mâ”€[39m[90mâ”€[39m[90mâ”€[39m[90mâ”€[39m[90mâ”€[39m[90mâ”€[39m[90mâ”€[39m[90mâ”€[39m[90mâ”€[39m[90mâ”€[39m[90mâ”€[39m[90mâ”€[39m[90mâ”€[39m[90mâ”€[39m[90mâ”€[39m[90mâ”€[39m[90mâ”€[39m[90mâ”€[39m[90mâ”€[39m[90mâ”€[39m[90mâ”€[39m[90mâ”˜[39m
Admin UI E2E (2, chrome)	Run Cypress	2025-03-04T00:29:55.6021685Z 
Admin UI E2E (2, chrome)	Run Cypress	2025-03-04T00:29:55.6079174Z 
Admin UI E2E (2, chrome)	Run Cypress	2025-03-04T00:29:55.6666619Z [90m====================================================================================================[39m
Admin UI E2E (2, chrome)	Run Cypress	2025-03-04T00:29:55.6668328Z 
Admin UI E2E (2, chrome)	Run Cypress	2025-03-04T00:29:55.6668756Z [0m  ([4m[1mRun Finished[22m[24m)[0m
Admin UI E2E (2, chrome)	Run Cypress	2025-03-04T00:29:55.6679759Z 
Admin UI E2E (2, chrome)	Run Cypress	2025-03-04T00:29:55.6681376Z 
Admin UI E2E (2, chrome)	Run Cypress	2025-03-04T00:29:55.6720617Z [90m   [39m    [90mSpec[39m                                              [90mTests[39m  [90mPassing[39m  [90mFailing[39m  [90mPending[39m  [90mSkipped[39m [90m [39m
Admin UI E2E (2, chrome)	Run Cypress	2025-03-04T00:29:55.6730694Z [90m  â”Œ[39m[90mâ”€[39m[90mâ”€[39m[90mâ”€[39m[90mâ”€[39m[90mâ”€[39m[90mâ”€[39m[90mâ”€[39m[90mâ”€[39m[90mâ”€[39m[90mâ”€[39m[90mâ”€[39m[90mâ”€[39m[90mâ”€[39m[90mâ”€[39m[90mâ”€[39m[90mâ”€[39m[90mâ”€[39m[90mâ”€[39m[90mâ”€[39m[90mâ”€[39m[90mâ”€[39m[90mâ”€[39m[90mâ”€[39m[90mâ”€[39m[90mâ”€[39m[90mâ”€[39m[90mâ”€[39m[90mâ”€[39m[90mâ”€[39m[90mâ”€[39m[90mâ”€[39m[90mâ”€[39m[90mâ”€[39m[90mâ”€[39m[90mâ”€[39m[90mâ”€[39m[90mâ”€[39m[90mâ”€[39m[90mâ”€[39m[90mâ”€[39m[90mâ”€[39m[90mâ”€[39m[90mâ”€[39m[90mâ”€[39m[90mâ”€[39m[90mâ”€[39m[90mâ”€[39m[90mâ”€[39m[90mâ”€[39m[90mâ”€[39m[90mâ”€[39m[90mâ”€[39m[90mâ”€[39m[90mâ”€[39m[90mâ”€[39m[90mâ”€[39m[90mâ”€[39m[90mâ”€[39m[90mâ”€[39m[90mâ”€[39m[90mâ”€[39m[90mâ”€[39m[90mâ”€[39m[90mâ”€[39m[90mâ”€[39m[90mâ”€[39m[90mâ”€[39m[90mâ”€[39m[90mâ”€[39m[90mâ”€[39m[90mâ”€[39m[90mâ”€[39m[90mâ”€[39m[90mâ”€[39m[90mâ”€[39m[90mâ”€[39m[90mâ”€[39m[90mâ”€[39m[90mâ”€[39m[90mâ”€[39m[90mâ”€[39m[90mâ”€[39m[90mâ”€[39m[90mâ”€[39m[90mâ”€[39m[90mâ”€[39m[90mâ”€[39m[90mâ”€[39m[90mâ”€[39m[90mâ”€[39m[90mâ”€[39m[90mâ”€[39m[90mâ”€[39m[90mâ”€[39m[90mâ”€[39m[90mâ”€[39m[90mâ”[39m
Admin UI E2E (2, chrome)	Run Cypress	2025-03-04T00:29:55.6739872Z [90m  â”‚[39m [31mâœ–[39m  [0mclients_test.spec.ts[0m                     [90m04:46[39m       [0m24[0m       [32m23[39m        [31m1[39m        [90m-[39m        [90m-[39m [90mâ”‚[39m
Admin UI E2E (2, chrome)	Run Cypress	2025-03-04T00:29:55.6767870Z [90m  â”œ[39m[90mâ”€[39m[90mâ”€[39m[90mâ”€[39m[90mâ”€[39m[90mâ”€[39m[90mâ”€[39m[90mâ”€[39m[90mâ”€[39m[90mâ”€[39m[90mâ”€[39m[90mâ”€[39m[90mâ”€[39m[90mâ”€[39m[90mâ”€[39m[90mâ”€[39m[90mâ”€[39m[90mâ”€[39m[90mâ”€[39m[90mâ”€[39m[90mâ”€[39m[90mâ”€[39m[90mâ”€[39m[90mâ”€[39m[90mâ”€[39m[90mâ”€[39m[90mâ”€[39m[90mâ”€[39m[90mâ”€[39m[90mâ”€[39m[90mâ”€[39m[90mâ”€[39m[90mâ”€[39m[90mâ”€[39m[90mâ”€[39m[90mâ”€[39m[90mâ”€[39m[90mâ”€[39m[90mâ”€[39m[90mâ”€[39m[90mâ”€[39m[90mâ”€[39m[90mâ”€[39m[90mâ”€[39m[90mâ”€[39m[90mâ”€[39m[90mâ”€[39m[90mâ”€[39m[90mâ”€[39m[90mâ”€[39m[90mâ”€[39m[90mâ”€[39m[90mâ”€[39m[90mâ”€[39m[90mâ”€[39m[90mâ”€[39m[90mâ”€[39m[90mâ”€[39m[90mâ”€[39m[90mâ”€[39m[90mâ”€[39m[90mâ”€[39m[90mâ”€[39m[90mâ”€[39m[90mâ”€[39m[90mâ”€[39m[90mâ”€[39m[90mâ”€[39m[90mâ”€[39m[90mâ”€[39m[90mâ”€[39m[90mâ”€[39m[90mâ”€[39m[90mâ”€[39m[90mâ”€[39m[90mâ”€[39m[90mâ”€[39m[90mâ”€[39m[90mâ”€[39m[90mâ”€[39m[90mâ”€[39m[90mâ”€[39m[90mâ”€[39m[90mâ”€[39m[90mâ”€[39m[90mâ”€[39m[90mâ”€[39m[90mâ”€[39m[90mâ”€[39m[90mâ”€[39m[90mâ”€[39m[90mâ”€[39m[90mâ”€[39m[90mâ”€[39m[90mâ”€[39m[90mâ”€[39m[90mâ”€[39m[90mâ”¤[39m
Admin UI E2E (2, chrome)	Run Cypress	2025-03-04T00:29:55.6773153Z [90m  â”‚[39m [32mâœ”[39m  [0mrealm_settings_tabs_test.spec.ts[0m         [90m02:40[39m       [0m35[0m       [32m35[39m        [90m-[39m        [90m-[39m        [90m-[39m [90mâ”‚[39m
Admin UI E2E (2, chrome)	Run Cypress	2025-03-04T00:29:55.6780409Z [90m  â”œ[39m[90mâ”€[39m[90mâ”€[39m[90mâ”€[39m[90mâ”€[39m[90mâ”€[39m[90mâ”€[39m[90mâ”€[39m[90mâ”€[39m[90mâ”€[39m[90mâ”€[39m[90mâ”€[39m[90mâ”€[39m[90mâ”€[39m[90mâ”€[39m[90mâ”€[39m[90mâ”€[39m[90mâ”€[39m[90mâ”€[39m[90mâ”€[39m[90mâ”€[39m[90mâ”€[39m[90mâ”€[39m[90mâ”€[39m[90mâ”€[39m[90mâ”€[39m[90mâ”€[39m[90mâ”€[39m[90mâ”€[39m[90mâ”€[39m[90mâ”€[39m[90mâ”€[39m[90mâ”€[39m[90mâ”€[39m[90mâ”€[39m[90mâ”€[39m[90mâ”€[39m[90mâ”€[39m[90mâ”€[39m[90mâ”€[39m[90mâ”€[39m[90mâ”€[39m[90mâ”€[39m[90mâ”€[39m[90mâ”€[39m[90mâ”€[39m[90mâ”€[39m[90mâ”€[39m[90mâ”€[39m[90mâ”€[39m[90mâ”€[39m[90mâ”€[39m[90mâ”€[39m[90mâ”€[39m[90mâ”€[39m[90mâ”€[39m[90mâ”€[39m[90mâ”€[39m[90mâ”€[39m[90mâ”€[39m[90mâ”€[39m[90mâ”€[39m[90mâ”€[39m[90mâ”€[39m[90mâ”€[39m[90mâ”€[39m[90mâ”€[39m[90mâ”€[39m[90mâ”€[39m[90mâ”€[39m[90mâ”€[39m[90mâ”€[39m[90mâ”€[39m[90mâ”€[39m[90mâ”€[39m[90mâ”€[39m[90mâ”€[39m[90mâ”€[39m[90mâ”€[39m[90mâ”€[39m[90mâ”€[39m[90mâ”€[39m[90mâ”€[39m[90mâ”€[39m[90mâ”€[39m[90mâ”€[39m[90mâ”€[39m[90mâ”€[39m[90mâ”€[39m[90mâ”€[39m[90mâ”€[39m[90mâ”€[39m[90mâ”€[39m[90mâ”€[39m[90mâ”€[39m[90mâ”€[39m[90mâ”€[39m[90mâ”¤[39m
Admin UI E2E (2, chrome)	Run Cypress	2025-03-04T00:29:55.6813002Z [90m  â”‚[39m [32mâœ”[39m  [0muser_fed_kerberos_test.spec.ts[0m           [90m00:55[39m       [0m14[0m       [32m13[39m        [90m-[39m        [36m1[39m        [90m-[39m [90mâ”‚[39m
Admin UI E2E (2, chrome)	Run Cypress	2025-03-04T00:29:55.6819841Z [90m  â”œ[39m[90mâ”€[39m[90mâ”€[39m[90mâ”€[39m[90mâ”€[39m[90mâ”€[39m[90mâ”€[39m[90mâ”€[39m[90mâ”€[39m[90mâ”€[39m[90mâ”€[39m[90mâ”€[39m[90mâ”€[39m[90mâ”€[39m[90mâ”€[39m[90mâ”€[39m[90mâ”€[39m[90mâ”€[39m[90mâ”€[39m[90mâ”€[39m[90mâ”€[39m[90mâ”€[39m[90mâ”€[39m[90mâ”€[39m[90mâ”€[39m[90mâ”€[39m[90mâ”€[39m[90mâ”€[39m[90mâ”€[39m[90mâ”€[39m[90mâ”€[39m[90mâ”€[39m[90mâ”€[39m[90mâ”€[39m[90mâ”€[39m[90mâ”€[39m[90mâ”€[39m[90mâ”€[39m[90mâ”€[39m[90mâ”€[39m[90mâ”€[39m[90mâ”€[39m[90mâ”€[39m[90mâ”€[39m[90mâ”€[39m[90mâ”€[39m[90mâ”€[39m[90mâ”€[39m[90mâ”€[39m[90mâ”€[39m[90mâ”€[39m[90mâ”€[39m[90mâ”€[39m[90mâ”€[39m[90mâ”€[39m[90mâ”€[39m[90mâ”€[39m[90mâ”€[39m[90mâ”€[39m[90mâ”€[39m[90mâ”€[39m[90mâ”€[39m[90mâ”€[39m[90mâ”€[39m[90mâ”€[39m[90mâ”€[39m[90mâ”€[39m[90mâ”€[39m[90mâ”€[39m[90mâ”€[39m[90mâ”€[39m[90mâ”€[39m[90mâ”€[39m[90mâ”€[39m[90mâ”€[39m[90mâ”€[39m[90mâ”€[39m[90mâ”€[39m[90mâ”€[39m[90mâ”€[39m[90mâ”€[39m[90mâ”€[39m[90mâ”€[39m[90mâ”€[39m[90mâ”€[39m[90mâ”€[39m[90mâ”€[39m[90mâ”€[39m[90mâ”€[39m[90mâ”€[39m[90mâ”€[39m[90mâ”€[39m[90mâ”€[39m[90mâ”€[39m[90mâ”€[39m[90mâ”€[39m[90mâ”€[39m[90mâ”¤[39m
Admin UI E2E (2, chrome)	Run Cypress	2025-03-04T00:29:55.6833452Z [90m  â”‚[39m [32mâœ”[39m  [0mclient_scopes_test.spec.ts[0m               [90m01:24[39m       [0m25[0m       [32m25[39m        [90m-[39m        [90m-[39m        [90m-[39m [90mâ”‚[39m
Admin UI E2E (2, chrome)	Run Cypress	2025-03-04T00:29:55.6847962Z [90m  â”œ[39m[90mâ”€[39m[90mâ”€[39m[90mâ”€[39m[90mâ”€[39m[90mâ”€[39m[90mâ”€[39m[90mâ”€[39m[90mâ”€[39m[90mâ”€[39m[90mâ”€[39m[90mâ”€[39m[90mâ”€[39m[90mâ”€[39m[90mâ”€[39m[90mâ”€[39m[90mâ”€[39m[90mâ”€[39m[90mâ”€[39m[90mâ”€[39m[90mâ”€[39m[90mâ”€[39m[90mâ”€[39m[90mâ”€[39m[90mâ”€[39m[90mâ”€[39m[90mâ”€[39m[90mâ”€[39m[90mâ”€[39m[90mâ”€[39m[90mâ”€[39m[90mâ”€[39m[90mâ”€[39m[90mâ”€[39m[90mâ”€[39m[90mâ”€[39m[90mâ”€[39m[90mâ”€[39m[90mâ”€[39m[90mâ”€[39m[90mâ”€[39m[90mâ”€[39m[90mâ”€[39m[90mâ”€[39m[90mâ”€[39m[90mâ”€[39m[90mâ”€[39m[90mâ”€[39m[90mâ”€[39m[90mâ”€[39m[90mâ”€[39m[90mâ”€[39m[90mâ”€[39m[90mâ”€[39m[90mâ”€[39m[90mâ”€[39m[90mâ”€[39m[90mâ”€[39m[90mâ”€[39m[90mâ”€[39m[90mâ”€[39m[90mâ”€[39m[90mâ”€[39m[90mâ”€[39m[90mâ”€[39m[90mâ”€[39m[90mâ”€[39m[90mâ”€[39m[90mâ”€[39m[90mâ”€[39m[90mâ”€[39m[90mâ”€[39m[90mâ”€[39m[90mâ”€[39m[90mâ”€[39m[90mâ”€[39m[90mâ”€[39m[90mâ”€[39m[90mâ”€[39m[90mâ”€[39m[90mâ”€[39m[90mâ”€[39m[90mâ”€[39m[90mâ”€[39m[90mâ”€[39m[90mâ”€[39m[90mâ”€[39m[90mâ”€[39m[90mâ”€[39m[90mâ”€[39m[90mâ”€[39m[90mâ”€[39m[90mâ”€[39m[90mâ”€[39m[90mâ”€[39m[90mâ”€[39m[90mâ”€[39m[90mâ”¤[39m
Admin UI E2E (2, chrome)	Run Cypress	2025-03-04T00:29:55.6853278Z [90m  â”‚[39m [32mâœ”[39m  [0muser_fed_test.spec.ts[0m                    [90m00:04[39m        [0m1[0m        [32m1[39m        [90m-[39m        [90m-[39m        [90m-[39m [90mâ”‚[39m
Admin UI E2E (2, chrome)	Run Cypress	2025-03-04T00:29:55.6860193Z [90m  â”œ[39m[90mâ”€[39m[90mâ”€[39m[90mâ”€[39m[90mâ”€[39m[90mâ”€[39m[90mâ”€[39m[90mâ”€[39m[90mâ”€[39m[90mâ”€[39m[90mâ”€[39m[90mâ”€[39m[90mâ”€[39m[90mâ”€[39m[90mâ”€[39m[90mâ”€[39m[90mâ”€[39m[90mâ”€[39m[90mâ”€[39m[90mâ”€[39m[90mâ”€[39m[90mâ”€[39m[90mâ”€[39m[90mâ”€[39m[90mâ”€[39m[90mâ”€[39m[90mâ”€[39m[90mâ”€[39m[90mâ”€[39m[90mâ”€[39m[90mâ”€[39m[90mâ”€[39m[90mâ”€[39m[90mâ”€[39m[90mâ”€[39m[90mâ”€[39m[90mâ”€[39m[90mâ”€[39m[90mâ”€[39m[90mâ”€[39m[90mâ”€[39m[90mâ”€[39m[90mâ”€[39m[90mâ”€[39m[90mâ”€[39m[90mâ”€[39m[90mâ”€[39m[90mâ”€[39m[90mâ”€[39m[90mâ”€[39m[90mâ”€[39m[90mâ”€[39m[90mâ”€[39m[90mâ”€[39m[90mâ”€[39m[90mâ”€[39m[90mâ”€[39m[90mâ”€[39m[90mâ”€[39m[90mâ”€[39m[90mâ”€[39m[90mâ”€[39m[90mâ”€[39m[90mâ”€[39m[90mâ”€[39m[90mâ”€[39m[90mâ”€[39m[90mâ”€[39m[90mâ”€[39m[90mâ”€[39m[90mâ”€[39m[90mâ”€[39m[90mâ”€[39m[90mâ”€[39m[90mâ”€[39m[90mâ”€[39m[90mâ”€[39m[90mâ”€[39m[90mâ”€[39m[90mâ”€[39m[90mâ”€[39m[90mâ”€[39m[90mâ”€[39m[90mâ”€[39m[90mâ”€[39m[90mâ”€[39m[90mâ”€[39m[90mâ”€[39m[90mâ”€[39m[90mâ”€[39m[90mâ”€[39m[90mâ”€[39m[90mâ”€[39m[90mâ”€[39m[90mâ”€[39m[90mâ”€[39m[90mâ”€[39m[90mâ”¤[39m
Admin UI E2E (2, chrome)	Run Cypress	2025-03-04T00:29:55.6865126Z [90m  â”‚[39m [32mâœ”[39m  [0muser_fed_ldap_test.spec.ts[0m               [90m02:11[39m       [0m21[0m       [32m21[39m        [90m-[39m        [90m-[39m        [90m-[39m [90mâ”‚[39m
Admin UI E2E (2, chrome)	Run Cypress	2025-03-04T00:29:55.6888131Z [90m  â”œ[39m[90mâ”€[39m[90mâ”€[39m[90mâ”€[39m[90mâ”€[39m[90mâ”€[39m[90mâ”€[39m[90mâ”€[39m[90mâ”€[39m[90mâ”€[39m[90mâ”€[39m[90mâ”€[39m[90mâ”€[39m[90mâ”€[39m[90mâ”€[39m[90mâ”€[39m[90mâ”€[39m[90mâ”€[39m[90mâ”€[39m[90mâ”€[39m[90mâ”€[39m[90mâ”€[39m[90mâ”€[39m[90mâ”€[39m[90mâ”€[39m[90mâ”€[39m[90mâ”€[39m[90mâ”€[39m[90mâ”€[39m[90mâ”€[39m[90mâ”€[39m[90mâ”€[39m[90mâ”€[39m[90mâ”€[39m[90mâ”€[39m[90mâ”€[39m[90mâ”€[39m[90mâ”€[39m[90mâ”€[39m[90mâ”€[39m[90mâ”€[39m[90mâ”€[39m[90mâ”€[39m[90mâ”€[39m[90mâ”€[39m[90mâ”€[39m[90mâ”€[39m[90mâ”€[39m[90mâ”€[39m[90mâ”€[39m[90mâ”€[39m[90mâ”€[39m[90mâ”€[39m[90mâ”€[39m[90mâ”€[39m[90mâ”€[39m[90mâ”€[39m[90mâ”€[39m[90mâ”€[39m[90mâ”€[39m[90mâ”€[39m[90mâ”€[39m[90mâ”€[39m[90mâ”€[39m[90mâ”€[39m[90mâ”€[39m[90mâ”€[39m[90mâ”€[39m[90mâ”€[39m[90mâ”€[39m[90mâ”€[39m[90mâ”€[39m[90mâ”€[39m[90mâ”€[39m[90mâ”€[39m[90mâ”€[39m[90mâ”€[39m[90mâ”€[39m[90mâ”€[39m[90mâ”€[39m[90mâ”€[39m[90mâ”€[39m[90mâ”€[39m[90mâ”€[39m[90mâ”€[39m[90mâ”€[39m[90mâ”€[39m[90mâ”€[39m[90mâ”€[39m[90mâ”€[39m[90mâ”€[39m[90mâ”€[39m[90mâ”€[39m[90mâ”€[39m[90mâ”€[39m[90mâ”€[39m[90mâ”€[39m[90mâ”¤[39m
Admin UI E2E (2, chrome)	Run Cypress	2025-03-04T00:29:55.6902949Z [90m  â”‚[39m [32mâœ”[39m  [0mrealm_test.spec.ts[0m                       [90m00:28[39m        [0m6[0m        [32m6[39m        [90m-[39m        [90m-[39m        [90m-[39m [90mâ”‚[39m
Admin UI E2E (2, chrome)	Run Cypress	2025-03-04T00:29:55.6909778Z [90m  â”œ[39m[90mâ”€[39m[90mâ”€[39m[90mâ”€[39m[90mâ”€[39m[90mâ”€[39m[90mâ”€[39m[90mâ”€[39m[90mâ”€[39m[90mâ”€[39m[90mâ”€[39m[90mâ”€[39m[90mâ”€[39m[90mâ”€[39m[90mâ”€[39m[90mâ”€[39m[90mâ”€[39m[90mâ”€[39m[90mâ”€[39m[90mâ”€[39m[90mâ”€[39m[90mâ”€[39m[90mâ”€[39m[90mâ”€[39m[90mâ”€[39m[90mâ”€[39m[90mâ”€[39m[90mâ”€[39m[90mâ”€[39m[90mâ”€[39m[90mâ”€[39m[90mâ”€[39m[90mâ”€[39m[90mâ”€[39m[90mâ”€[39m[90mâ”€[39m[90mâ”€[39m[90mâ”€[39m[90mâ”€[39m[90mâ”€[39m[90mâ”€[39m[90mâ”€[39m[90mâ”€[39m[90mâ”€[39m[90mâ”€[39m[90mâ”€[39m[90mâ”€[39m[90mâ”€[39m[90mâ”€[39m[90mâ”€[39m[90mâ”€[39m[90mâ”€[39m[90mâ”€[39m[90mâ”€[39m[90mâ”€[39m[90mâ”€[39m[90mâ”€[39m[90mâ”€[39m[90mâ”€[39m[90mâ”€[39m[90mâ”€[39m[90mâ”€[39m[90mâ”€[39m[90mâ”€[39m[90mâ”€[39m[90mâ”€[39m[90mâ”€[39m[90mâ”€[39m[90mâ”€[39m[90mâ”€[39m[90mâ”€[39m[90mâ”€[39m[90mâ”€[39m[90mâ”€[39m[90mâ”€[39m[90mâ”€[39m[90mâ”€[39m[90mâ”€[39m[90mâ”€[39m[90mâ”€[39m[90mâ”€[39m[90mâ”€[39m[90mâ”€[39m[90mâ”€[39m[90mâ”€[39m[90mâ”€[39m[90mâ”€[39m[90mâ”€[39m[90mâ”€[39m[90mâ”€[39m[90mâ”€[39m[90mâ”€[39m[90mâ”€[39m[90mâ”€[39m[90mâ”€[39m[90mâ”€[39m[90mâ”€[39m[90mâ”¤[39m
Admin UI E2E (2, chrome)	Run Cypress	2025-03-04T00:29:55.6914496Z [90m  â”‚[39m [32mâœ”[39m  [0mclients_role.spec.ts[0m                     [90m01:13[39m       [0m16[0m       [32m16[39m        [90m-[39m        [90m-[39m        [90m-[39m [90mâ”‚[39m
Admin UI E2E (2, chrome)	Run Cypress	2025-03-04T00:29:55.6921402Z [90m  â””[39m[90mâ”€[39m[90mâ”€[39m[90mâ”€[39m[90mâ”€[39m[90mâ”€[39m[90mâ”€[39m[90mâ”€[39m[90mâ”€[39m[90mâ”€[39m[90mâ”€[39m[90mâ”€[39m[90mâ”€[39m[90mâ”€[39m[90mâ”€[39m[90mâ”€[39m[90mâ”€[39m[90mâ”€[39m[90mâ”€[39m[90mâ”€[39m[90mâ”€[39m[90mâ”€[39m[90mâ”€[39m[90mâ”€[39m[90mâ”€[39m[90mâ”€[39m[90mâ”€[39m[90mâ”€[39m[90mâ”€[39m[90mâ”€[39m[90mâ”€[39m[90mâ”€[39m[90mâ”€[39m[90mâ”€[39m[90mâ”€[39m[90mâ”€[39m[90mâ”€[39m[90mâ”€[39m[90mâ”€[39m[90mâ”€[39m[90mâ”€[39m[90mâ”€[39m[90mâ”€[39m[90mâ”€[39m[90mâ”€[39m[90mâ”€[39m[90mâ”€[39m[90mâ”€[39m[90mâ”€[39m[90mâ”€[39m[90mâ”€[39m[90mâ”€[39m[90mâ”€[39m[90mâ”€[39m[90mâ”€[39m[90mâ”€[39m[90mâ”€[39m[90mâ”€[39m[90mâ”€[39m[90mâ”€[39m[90mâ”€[39m[90mâ”€[39m[90mâ”€[39m[90mâ”€[39m[90mâ”€[39m[90mâ”€[39m[90mâ”€[39m[90mâ”€[39m[90mâ”€[39m[90mâ”€[39m[90mâ”€[39m[90mâ”€[39m[90mâ”€[39m[90mâ”€[39m[90mâ”€[39m[90mâ”€[39m[90mâ”€[39m[90mâ”€[39m[90mâ”€[39m[90mâ”€[39m[90mâ”€[39m[90mâ”€[39m[90mâ”€[39m[90mâ”€[39m[90mâ”€[39m[90mâ”€[39m[90mâ”€[39m[90mâ”€[39m[90mâ”€[39m[90mâ”€[39m[90mâ”€[39m[90mâ”€[39m[90mâ”€[39m[90mâ”€[39m[90mâ”€[39m[90mâ”€[39m[90mâ”€[39m[90mâ”˜[39m
Admin UI E2E (2, chrome)	Run Cypress	2025-03-04T00:29:55.6926619Z [90m   [39m [31mâœ–[39m  [31m1 of 8 failed (13%)[39m                      [90m13:44[39m      [0m142[0m      [32m140[39m        [31m1[39m        [36m1[39m        [90m-[39m [90m [39m
Admin UI E2E (2, chrome)	Run Cypress	2025-03-04T00:29:55.6927287Z 
Admin UI E2E (2, chrome)	Run Cypress	2025-03-04T00:29:55.7929565Z ##[error]Cypress tests: 1 failed
Status Check - Keycloak JavaScript CI	Run /./.github/actions/status-check	2025-03-04T00:45:41.0546034Z Prepare all required actions
Status Check - Keycloak JavaScript CI	Run /./.github/actions/status-check	2025-03-04T00:45:41.0620403Z ##[group]Run ./.github/actions/status-check
Status Check - Keycloak JavaScript CI	Run /./.github/actions/status-check	2025-03-04T00:45:41.0621043Z with:
Status Check - Keycloak JavaScript CI	Run /./.github/actions/status-check	2025-03-04T00:45:41.0622287Z   jobs: {
Status Check - Keycloak JavaScript CI	Run /./.github/actions/status-check	  "conditional": {
Status Check - Keycloak JavaScript CI	Run /./.github/actions/status-check	    "result": "success",
Status Check - Keycloak JavaScript CI	Run /./.github/actions/status-check	    "outputs": {
Status Check - Keycloak JavaScript CI	Run /./.github/actions/status-check	      "js-ci": "true"
Status Check - Keycloak JavaScript CI	Run /./.github/actions/status-check	    }
Status Check - Keycloak JavaScript CI	Run /./.github/actions/status-check	  },
Status Check - Keycloak JavaScript CI	Run /./.github/actions/status-check	  "build-keycloak": {
Status Check - Keycloak JavaScript CI	Run /./.github/actions/status-check	    "result": "success",
Status Check - Keycloak JavaScript CI	Run /./.github/actions/status-check	    "outputs": {}
Status Check - Keycloak JavaScript CI	Run /./.github/actions/status-check	  },
Status Check - Keycloak JavaScript CI	Run /./.github/actions/status-check	  "admin-client": {
Status Check - Keycloak JavaScript CI	Run /./.github/actions/status-check	    "result": "success",
Status Check - Keycloak JavaScript CI	Run /./.github/actions/status-check	    "outputs": {}
Status Check - Keycloak JavaScript CI	Run /./.github/actions/status-check	  },
Status Check - Keycloak JavaScript CI	Run /./.github/actions/status-check	  "ui-shared": {
Status Check - Keycloak JavaScript CI	Run /./.github/actions/status-check	    "result": "success",
Status Check - Keycloak JavaScript CI	Run /./.github/actions/status-check	    "outputs": {}
Status Check - Keycloak JavaScript CI	Run /./.github/actions/status-check	  },
Status Check - Keycloak JavaScript CI	Run /./.github/actions/status-check	  "account-ui": {
Status Check - Keycloak JavaScript CI	Run /./.github/actions/status-check	    "result": "success",
Status Check - Keycloak JavaScript CI	Run /./.github/actions/status-check	    "outputs": {}
Status Check - Keycloak JavaScript CI	Run /./.github/actions/status-check	  },
Status Check - Keycloak JavaScript CI	Run /./.github/actions/status-check	  "account-ui-e2e": {
Status Check - Keycloak JavaScript CI	Run /./.github/actions/status-check	    "result": "success",
Status Check - Keycloak JavaScript CI	Run /./.github/actions/status-check	    "outputs": {}
Status Check - Keycloak JavaScript CI	Run /./.github/actions/status-check	  },
Status Check - Keycloak JavaScript CI	Run /./.github/actions/status-check	  "admin-ui": {
Status Check - Keycloak JavaScript CI	Run /./.github/actions/status-check	    "result": "success",
Status Check - Keycloak JavaScript CI	Run /./.github/actions/status-check	    "outputs": {}
Status Check - Keycloak JavaScript CI	Run /./.github/actions/status-check	  },
Status Check - Keycloak JavaScript CI	Run /./.github/actions/status-check	  "admin-ui-e2e": {
Status Check - Keycloak JavaScript CI	Run /./.github/actions/status-check	    "result": "failure",
Status Check - Keycloak JavaScript CI	Run /./.github/actions/status-check	    "outputs": {}
Status Check - Keycloak JavaScript CI	Run /./.github/actions/status-check	  }
Status Check - Keycloak JavaScript CI	Run /./.github/actions/status-check	}
Status Check - Keycloak JavaScript CI	Run /./.github/actions/status-check	2025-03-04T00:45:41.0623595Z env:
Status Check - Keycloak JavaScript CI	Run /./.github/actions/status-check	2025-03-04T00:45:41.0623905Z   MAVEN_ARGS: -B -nsu -Daether.connector.http.connectionMaxTtl=25
Status Check - Keycloak JavaScript CI	Run /./.github/actions/status-check	2025-03-04T00:45:41.0624294Z   RETRY_COUNT: 3
Status Check - Keycloak JavaScript CI	Run /./.github/actions/status-check	2025-03-04T00:45:41.0624546Z ##[endgroup]
Status Check - Keycloak JavaScript CI	Run /./.github/actions/status-check	2025-03-04T00:45:41.0822337Z ##[group]Run JOBS='{
Status Check - Keycloak JavaScript CI	Run /./.github/actions/status-check	2025-03-04T00:45:41.0822842Z [36;1mJOBS='{[0m
Status Check - Keycloak JavaScript CI	Run /./.github/actions/status-check	2025-03-04T00:45:41.0823093Z [36;1m  "conditional": {[0m
Status Check - Keycloak JavaScript CI	Run /./.github/actions/status-check	2025-03-04T00:45:41.0823373Z [36;1m    "result": "success",[0m
Status Check - Keycloak JavaScript CI	Run /./.github/actions/status-check	2025-03-04T00:45:41.0823657Z [36;1m    "outputs": {[0m
Status Check - Keycloak JavaScript CI	Run /./.github/actions/status-check	2025-03-04T00:45:41.0823908Z [36;1m      "js-ci": "true"[0m
Status Check - Keycloak JavaScript CI	Run /./.github/actions/status-check	2025-03-04T00:45:41.0824164Z [36;1m    }[0m
Status Check - Keycloak JavaScript CI	Run /./.github/actions/status-check	2025-03-04T00:45:41.0824376Z [36;1m  },[0m
Status Check - Keycloak JavaScript CI	Run /./.github/actions/status-check	2025-03-04T00:45:41.0824606Z [36;1m  "build-keycloak": {[0m
Status Check - Keycloak JavaScript CI	Run /./.github/actions/status-check	2025-03-04T00:45:41.0824868Z [36;1m    "result": "success",[0m
Status Check - Keycloak JavaScript CI	Run /./.github/actions/status-check	2025-03-04T00:45:41.0825136Z [36;1m    "outputs": {}[0m
Status Check - Keycloak JavaScript CI	Run /./.github/actions/status-check	2025-03-04T00:45:41.0825377Z [36;1m  },[0m
Status Check - Keycloak JavaScript CI	Run /./.github/actions/status-check	2025-03-04T00:45:41.0825597Z [36;1m  "admin-client": {[0m
Status Check - Keycloak JavaScript CI	Run /./.github/actions/status-check	2025-03-04T00:45:41.0825854Z [36;1m    "result": "success",[0m
Status Check - Keycloak JavaScript CI	Run /./.github/actions/status-check	2025-03-04T00:45:41.0826125Z [36;1m    "outputs": {}[0m
Status Check - Keycloak JavaScript CI	Run /./.github/actions/status-check	2025-03-04T00:45:41.0826364Z [36;1m  },[0m
Status Check - Keycloak JavaScript CI	Run /./.github/actions/status-check	2025-03-04T00:45:41.0826585Z [36;1m  "ui-shared": {[0m
Status Check - Keycloak JavaScript CI	Run /./.github/actions/status-check	2025-03-04T00:45:41.0826846Z [36;1m    "result": "success",[0m
Status Check - Keycloak JavaScript CI	Run /./.github/actions/status-check	2025-03-04T00:45:41.0827119Z [36;1m    "outputs": {}[0m
Status Check - Keycloak JavaScript CI	Run /./.github/actions/status-check	2025-03-04T00:45:41.0827368Z [36;1m  },[0m
Status Check - Keycloak JavaScript CI	Run /./.github/actions/status-check	2025-03-04T00:45:41.0827587Z [36;1m  "account-ui": {[0m
Status Check - Keycloak JavaScript CI	Run /./.github/actions/status-check	2025-03-04T00:45:41.0827839Z [36;1m    "result": "success",[0m
Status Check - Keycloak JavaScript CI	Run /./.github/actions/status-check	2025-03-04T00:45:41.0828105Z [36;1m    "outputs": {}[0m
Status Check - Keycloak JavaScript CI	Run /./.github/actions/status-check	2025-03-04T00:45:41.0828338Z [36;1m  },[0m
Status Check - Keycloak JavaScript CI	Run /./.github/actions/status-check	2025-03-04T00:45:41.0828557Z [36;1m  "account-ui-e2e": {[0m
Status Check - Keycloak JavaScript CI	Run /./.github/actions/status-check	2025-03-04T00:45:41.0828819Z [36;1m    "result": "success",[0m
Status Check - Keycloak JavaScript CI	Run /./.github/actions/status-check	2025-03-04T00:45:41.0829080Z [36;1m    "outputs": {}[0m
Status Check - Keycloak JavaScript CI	Run /./.github/actions/status-check	2025-03-04T00:45:41.0829314Z [36;1m  },[0m
Status Check - Keycloak JavaScript CI	Run /./.github/actions/status-check	2025-03-04T00:45:41.0829533Z [36;1m  "admin-ui": {[0m
Status Check - Keycloak JavaScript CI	Run /./.github/actions/status-check	2025-03-04T00:45:41.0829772Z [36;1m    "result": "success",[0m
Status Check - Keycloak JavaScript CI	Run /./.github/actions/status-check	2025-03-04T00:45:41.0830033Z [36;1m    "outputs": {}[0m
Status Check - Keycloak JavaScript CI	Run /./.github/actions/status-check	2025-03-04T00:45:41.0830282Z [36;1m  },[0m
Status Check - Keycloak JavaScript CI	Run /./.github/actions/status-check	2025-03-04T00:45:41.0830502Z [36;1m  "admin-ui-e2e": {[0m
Status Check - Keycloak JavaScript CI	Run /./.github/actions/status-check	2025-03-04T00:45:41.0831386Z [36;1m    "result": "failure",[0m
Status Check - Keycloak JavaScript CI	Run /./.github/actions/status-check	2025-03-04T00:45:41.0831686Z [36;1m    "outputs": {}[0m
Status Check - Keycloak JavaScript CI	Run /./.github/actions/status-check	2025-03-04T00:45:41.0831928Z [36;1m  }[0m
Status Check - Keycloak JavaScript CI	Run /./.github/actions/status-check	2025-03-04T00:45:41.0832136Z [36;1m}'[0m
Status Check - Keycloak JavaScript CI	Run /./.github/actions/status-check	2025-03-04T00:45:41.0832367Z [36;1m[0m
Status Check - Keycloak JavaScript CI	Run /./.github/actions/status-check	2025-03-04T00:45:41.0832591Z [36;1mecho "Job status:"[0m
Status Check - Keycloak JavaScript CI	Run /./.github/actions/status-check	2025-03-04T00:45:41.0832966Z [36;1mecho $JOBS | jq -r 'to_entries[] | " - \(.key): \(.value.result)"'[0m
Status Check - Keycloak JavaScript CI	Run /./.github/actions/status-check	2025-03-04T00:45:41.0833323Z [36;1m[0m
Status Check - Keycloak JavaScript CI	Run /./.github/actions/status-check	2025-03-04T00:45:41.0833610Z [36;1mfor i in $(echo $JOBS | jq -r 'to_entries[] | .value.result'); do[0m
Status Check - Keycloak JavaScript CI	Run /./.github/actions/status-check	2025-03-04T00:45:41.0834012Z [36;1m  if [ "$i" != "success" ] && [ "$i" != "skipped" ]; then[0m
Status Check - Keycloak JavaScript CI	Run /./.github/actions/status-check	2025-03-04T00:45:41.0834326Z [36;1m    echo ""[0m
Status Check - Keycloak JavaScript CI	Run /./.github/actions/status-check	2025-03-04T00:45:41.0834576Z [36;1m    echo "Status check not okay!"[0m
Status Check - Keycloak JavaScript CI	Run /./.github/actions/status-check	2025-03-04T00:45:41.0834857Z [36;1m    exit 1[0m
Status Check - Keycloak JavaScript CI	Run /./.github/actions/status-check	2025-03-04T00:45:41.0835082Z [36;1m  fi[0m
Status Check - Keycloak JavaScript CI	Run /./.github/actions/status-check	2025-03-04T00:45:41.0835296Z [36;1mdone[0m
Status Check - Keycloak JavaScript CI	Run /./.github/actions/status-check	2025-03-04T00:45:41.0888698Z shell: /usr/bin/bash --noprofile --norc -e -o pipefail {0}
Status Check - Keycloak JavaScript CI	Run /./.github/actions/status-check	2025-03-04T00:45:41.0889114Z env:
Status Check - Keycloak JavaScript CI	Run /./.github/actions/status-check	2025-03-04T00:45:41.0889436Z   MAVEN_ARGS: -B -nsu -Daether.connector.http.connectionMaxTtl=25
Status Check - Keycloak JavaScript CI	Run /./.github/actions/status-check	2025-03-04T00:45:41.0889818Z   RETRY_COUNT: 3
Status Check - Keycloak JavaScript CI	Run /./.github/actions/status-check	2025-03-04T00:45:41.0890049Z ##[endgroup]
Status Check - Keycloak JavaScript CI	Run /./.github/actions/status-check	2025-03-04T00:45:41.0983990Z Job status:
Status Check - Keycloak JavaScript CI	Run /./.github/actions/status-check	2025-03-04T00:45:41.1017800Z  - conditional: success
Status Check - Keycloak JavaScript CI	Run /./.github/actions/status-check	2025-03-04T00:45:41.1018153Z  - build-keycloak: success
Status Check - Keycloak JavaScript CI	Run /./.github/actions/status-check	2025-03-04T00:45:41.1018460Z  - admin-client: success
Status Check - Keycloak JavaScript CI	Run /./.github/actions/status-check	2025-03-04T00:45:41.1018808Z  - ui-shared: success
Status Check - Keycloak JavaScript CI	Run /./.github/actions/status-check	2025-03-04T00:45:41.1019057Z  - account-ui: success
Status Check - Keycloak JavaScript CI	Run /./.github/actions/status-check	2025-03-04T00:45:41.1019323Z  - account-ui-e2e: success
Status Check - Keycloak JavaScript CI	Run /./.github/actions/status-check	2025-03-04T00:45:41.1019580Z  - admin-ui: success
Status Check - Keycloak JavaScript CI	Run /./.github/actions/status-check	2025-03-04T00:45:41.1019821Z  - admin-ui-e2e: failure
Status Check - Keycloak JavaScript CI	Run /./.github/actions/status-check	2025-03-04T00:45:41.1053969Z 
Status Check - Keycloak JavaScript CI	Run /./.github/actions/status-check	2025-03-04T00:45:41.1054394Z Status check not okay!
Status Check - Keycloak JavaScript CI	Run /./.github/actions/status-check	2025-03-04T00:45:41.1068940Z ##[error]Process completed with exit code 1.
