Account UI E2E (chromium)	UNKNOWN STEP	ï»¿2026-02-10T15:50:32.4274824Z Current runner version: '2.331.0'
Account UI E2E (chromium)	UNKNOWN STEP	2026-02-10T15:50:32.4298165Z ##[group]Runner Image Provisioner
Account UI E2E (chromium)	UNKNOWN STEP	2026-02-10T15:50:32.4298963Z Hosted Compute Agent
Account UI E2E (chromium)	UNKNOWN STEP	2026-02-10T15:50:32.4299474Z Version: 20260123.484
Account UI E2E (chromium)	UNKNOWN STEP	2026-02-10T15:50:32.4300119Z Commit: 6bd6555ca37d84114959e1c76d2c01448ff61c5d
Account UI E2E (chromium)	UNKNOWN STEP	2026-02-10T15:50:32.4300817Z Build Date: 2026-01-23T19:41:17Z
Account UI E2E (chromium)	UNKNOWN STEP	2026-02-10T15:50:32.4301461Z Worker ID: {0bcce642-db96-4ddc-a14e-4a656a7b1cbd}
Account UI E2E (chromium)	UNKNOWN STEP	2026-02-10T15:50:32.4302096Z Azure Region: westus
Account UI E2E (chromium)	UNKNOWN STEP	2026-02-10T15:50:32.4302696Z ##[endgroup]
Account UI E2E (chromium)	UNKNOWN STEP	2026-02-10T15:50:32.4303983Z ##[group]Operating System
Account UI E2E (chromium)	UNKNOWN STEP	2026-02-10T15:50:32.4304547Z Ubuntu
Account UI E2E (chromium)	UNKNOWN STEP	2026-02-10T15:50:32.4305300Z 24.04.3
Account UI E2E (chromium)	UNKNOWN STEP	2026-02-10T15:50:32.4305723Z LTS
Account UI E2E (chromium)	UNKNOWN STEP	2026-02-10T15:50:32.4306151Z ##[endgroup]
Account UI E2E (chromium)	UNKNOWN STEP	2026-02-10T15:50:32.4306672Z ##[group]Runner Image
Account UI E2E (chromium)	UNKNOWN STEP	2026-02-10T15:50:32.4307195Z Image: ubuntu-24.04
Account UI E2E (chromium)	UNKNOWN STEP	2026-02-10T15:50:32.4307655Z Version: 20260201.15.1
Account UI E2E (chromium)	UNKNOWN STEP	2026-02-10T15:50:32.4308887Z Included Software: https://github.com/actions/runner-images/blob/ubuntu24/20260201.15/images/ubuntu/Ubuntu2404-Readme.md
Account UI E2E (chromium)	UNKNOWN STEP	2026-02-10T15:50:32.4310261Z Image Release: https://github.com/actions/runner-images/releases/tag/ubuntu24%2F20260201.15
Account UI E2E (chromium)	UNKNOWN STEP	2026-02-10T15:50:32.4311279Z ##[endgroup]
Account UI E2E (chromium)	UNKNOWN STEP	2026-02-10T15:50:32.4312190Z ##[group]GITHUB_TOKEN Permissions
Account UI E2E (chromium)	UNKNOWN STEP	2026-02-10T15:50:32.4313965Z Contents: read
Account UI E2E (chromium)	UNKNOWN STEP	2026-02-10T15:50:32.4314545Z Metadata: read
Account UI E2E (chromium)	UNKNOWN STEP	2026-02-10T15:50:32.4315240Z ##[endgroup]
Account UI E2E (chromium)	UNKNOWN STEP	2026-02-10T15:50:32.4317521Z Secret source: None
Account UI E2E (chromium)	UNKNOWN STEP	2026-02-10T15:50:32.4318207Z Prepare workflow directory
Account UI E2E (chromium)	UNKNOWN STEP	2026-02-10T15:50:32.4719565Z Prepare all required actions
Account UI E2E (chromium)	UNKNOWN STEP	2026-02-10T15:50:32.4756364Z Getting action download info
Account UI E2E (chromium)	UNKNOWN STEP	2026-02-10T15:50:32.9800679Z Download action repository 'actions/checkout@08c6903cd8c0fde910a37f88322edcfb5dd907a8' (SHA:08c6903cd8c0fde910a37f88322edcfb5dd907a8)
Account UI E2E (chromium)	UNKNOWN STEP	2026-02-10T15:50:33.0928778Z Download action repository 'actions/download-artifact@37930b1c2abaa49bbe596cd826c3c89aef350131' (SHA:37930b1c2abaa49bbe596cd826c3c89aef350131)
Account UI E2E (chromium)	UNKNOWN STEP	2026-02-10T15:50:34.1287602Z Download action repository 'actions/upload-artifact@b7c566a772e6b6bfb58ed0dc250532a479d7789f' (SHA:b7c566a772e6b6bfb58ed0dc250532a479d7789f)
Account UI E2E (chromium)	UNKNOWN STEP	2026-02-10T15:50:34.3515558Z Complete job name: Account UI E2E (chromium)
Account UI E2E (chromium)	UNKNOWN STEP	2026-02-10T15:50:34.4374048Z ##[group]Run actions/checkout@08c6903cd8c0fde910a37f88322edcfb5dd907a8
Account UI E2E (chromium)	UNKNOWN STEP	2026-02-10T15:50:34.4375959Z with:
Account UI E2E (chromium)	UNKNOWN STEP	2026-02-10T15:50:34.4376716Z   repository: keycloak/keycloak
Account UI E2E (chromium)	UNKNOWN STEP	2026-02-10T15:50:34.4377923Z   token: ***
Account UI E2E (chromium)	UNKNOWN STEP	2026-02-10T15:50:34.4378675Z   ssh-strict: true
Account UI E2E (chromium)	UNKNOWN STEP	2026-02-10T15:50:34.4379438Z   ssh-user: git
Account UI E2E (chromium)	UNKNOWN STEP	2026-02-10T15:50:34.4380233Z   persist-credentials: true
Account UI E2E (chromium)	UNKNOWN STEP	2026-02-10T15:50:34.4381118Z   clean: true
Account UI E2E (chromium)	UNKNOWN STEP	2026-02-10T15:50:34.4381913Z   sparse-checkout-cone-mode: true
Account UI E2E (chromium)	UNKNOWN STEP	2026-02-10T15:50:34.4382870Z   fetch-depth: 1
Account UI E2E (chromium)	UNKNOWN STEP	2026-02-10T15:50:34.4383648Z   fetch-tags: false
Account UI E2E (chromium)	UNKNOWN STEP	2026-02-10T15:50:34.4384442Z   show-progress: true
Account UI E2E (chromium)	UNKNOWN STEP	2026-02-10T15:50:34.4385383Z   lfs: false
Account UI E2E (chromium)	UNKNOWN STEP	2026-02-10T15:50:34.4386104Z   submodules: false
Account UI E2E (chromium)	UNKNOWN STEP	2026-02-10T15:50:34.4386913Z   set-safe-directory: true
Account UI E2E (chromium)	UNKNOWN STEP	2026-02-10T15:50:34.4388050Z env:
Account UI E2E (chromium)	UNKNOWN STEP	2026-02-10T15:50:34.4389117Z   MAVEN_ARGS: -B -nsu -Daether.connector.http.connectionMaxTtl=25
Account UI E2E (chromium)	UNKNOWN STEP	2026-02-10T15:50:34.4390562Z   WORKSPACE: @keycloak/keycloak-account-ui
Account UI E2E (chromium)	UNKNOWN STEP	2026-02-10T15:50:34.4391627Z ##[endgroup]
Account UI E2E (chromium)	UNKNOWN STEP	2026-02-10T15:50:34.5367047Z Syncing repository: keycloak/keycloak
Account UI E2E (chromium)	UNKNOWN STEP	2026-02-10T15:50:34.5369582Z ##[group]Getting Git version info
Account UI E2E (chromium)	UNKNOWN STEP	2026-02-10T15:50:34.5370899Z Working directory is '/home/runner/work/keycloak/keycloak'
Account UI E2E (chromium)	UNKNOWN STEP	2026-02-10T15:50:34.5372743Z [command]/usr/bin/git version
Account UI E2E (chromium)	UNKNOWN STEP	2026-02-10T15:50:34.5418543Z git version 2.52.0
Account UI E2E (chromium)	UNKNOWN STEP	2026-02-10T15:50:34.5440838Z ##[endgroup]
Account UI E2E (chromium)	UNKNOWN STEP	2026-02-10T15:50:34.5454480Z Temporarily overriding HOME='/home/runner/work/_temp/186cf26f-0b2c-41c7-be7e-168edbad77f2' before making global git config changes
Account UI E2E (chromium)	UNKNOWN STEP	2026-02-10T15:50:34.5458490Z Adding repository directory to the temporary git global config as a safe directory
Account UI E2E (chromium)	UNKNOWN STEP	2026-02-10T15:50:34.5460693Z [command]/usr/bin/git config --global --add safe.directory /home/runner/work/keycloak/keycloak
Account UI E2E (chromium)	UNKNOWN STEP	2026-02-10T15:50:34.5496609Z Deleting the contents of '/home/runner/work/keycloak/keycloak'
Account UI E2E (chromium)	UNKNOWN STEP	2026-02-10T15:50:34.5500456Z ##[group]Initializing the repository
Account UI E2E (chromium)	UNKNOWN STEP	2026-02-10T15:50:34.5505236Z [command]/usr/bin/git init /home/runner/work/keycloak/keycloak
Account UI E2E (chromium)	UNKNOWN STEP	2026-02-10T15:50:34.5601712Z hint: Using 'master' as the name for the initial branch. This default branch name
Account UI E2E (chromium)	UNKNOWN STEP	2026-02-10T15:50:34.5605154Z hint: will change to "main" in Git 3.0. To configure the initial branch name
Account UI E2E (chromium)	UNKNOWN STEP	2026-02-10T15:50:34.5607749Z hint: to use in all of your new repositories, which will suppress this warning,
Account UI E2E (chromium)	UNKNOWN STEP	2026-02-10T15:50:34.5609479Z hint: call:
Account UI E2E (chromium)	UNKNOWN STEP	2026-02-10T15:50:34.5610487Z hint:
Account UI E2E (chromium)	UNKNOWN STEP	2026-02-10T15:50:34.5611849Z hint: 	git config --global init.defaultBranch <name>
Account UI E2E (chromium)	UNKNOWN STEP	2026-02-10T15:50:34.5613019Z hint:
Account UI E2E (chromium)	UNKNOWN STEP	2026-02-10T15:50:34.5614312Z hint: Names commonly chosen instead of 'master' are 'main', 'trunk' and
Account UI E2E (chromium)	UNKNOWN STEP	2026-02-10T15:50:34.5617741Z hint: 'development'. The just-created branch can be renamed via this command:
Account UI E2E (chromium)	UNKNOWN STEP	2026-02-10T15:50:34.5619323Z hint:
Account UI E2E (chromium)	UNKNOWN STEP	2026-02-10T15:50:34.5620077Z hint: 	git branch -m <name>
Account UI E2E (chromium)	UNKNOWN STEP	2026-02-10T15:50:34.5620948Z hint:
Account UI E2E (chromium)	UNKNOWN STEP	2026-02-10T15:50:34.5622121Z hint: Disable this message with "git config set advice.defaultBranchName false"
Account UI E2E (chromium)	UNKNOWN STEP	2026-02-10T15:50:34.5624132Z Initialized empty Git repository in /home/runner/work/keycloak/keycloak/.git/
Account UI E2E (chromium)	UNKNOWN STEP	2026-02-10T15:50:34.5627351Z [command]/usr/bin/git remote add origin https://github.com/keycloak/keycloak
Account UI E2E (chromium)	UNKNOWN STEP	2026-02-10T15:50:34.5650500Z ##[endgroup]
Account UI E2E (chromium)	UNKNOWN STEP	2026-02-10T15:50:34.5652244Z ##[group]Disabling automatic garbage collection
Account UI E2E (chromium)	UNKNOWN STEP	2026-02-10T15:50:34.5654302Z [command]/usr/bin/git config --local gc.auto 0
Account UI E2E (chromium)	UNKNOWN STEP	2026-02-10T15:50:34.5680797Z ##[endgroup]
Account UI E2E (chromium)	UNKNOWN STEP	2026-02-10T15:50:34.5682256Z ##[group]Setting up auth
Account UI E2E (chromium)	UNKNOWN STEP	2026-02-10T15:50:34.5686101Z [command]/usr/bin/git config --local --name-only --get-regexp core\.sshCommand
Account UI E2E (chromium)	UNKNOWN STEP	2026-02-10T15:50:34.5716077Z [command]/usr/bin/git submodule foreach --recursive sh -c "git config --local --name-only --get-regexp 'core\.sshCommand' && git config --local --unset-all 'core.sshCommand' || :"
Account UI E2E (chromium)	UNKNOWN STEP	2026-02-10T15:50:34.6037926Z [command]/usr/bin/git config --local --name-only --get-regexp http\.https\:\/\/github\.com\/\.extraheader
Account UI E2E (chromium)	UNKNOWN STEP	2026-02-10T15:50:34.6067622Z [command]/usr/bin/git submodule foreach --recursive sh -c "git config --local --name-only --get-regexp 'http\.https\:\/\/github\.com\/\.extraheader' && git config --local --unset-all 'http.https://github.com/.extraheader' || :"
Account UI E2E (chromium)	UNKNOWN STEP	2026-02-10T15:50:34.6284557Z [command]/usr/bin/git config --local http.https://github.com/.extraheader AUTHORIZATION: basic ***
Account UI E2E (chromium)	UNKNOWN STEP	2026-02-10T15:50:34.6319334Z ##[endgroup]
Account UI E2E (chromium)	UNKNOWN STEP	2026-02-10T15:50:34.6320665Z ##[group]Fetching the repository
Account UI E2E (chromium)	UNKNOWN STEP	2026-02-10T15:50:34.6328307Z [command]/usr/bin/git -c protocol.version=2 fetch --no-tags --prune --no-recurse-submodules --depth=1 origin +bd48a344d772ebad481a1d2fba0e37f64977500d:refs/remotes/pull/46154/merge
Account UI E2E (chromium)	UNKNOWN STEP	2026-02-10T15:50:36.5556104Z From https://github.com/keycloak/keycloak
Account UI E2E (chromium)	UNKNOWN STEP	2026-02-10T15:50:36.5557091Z  * [new ref]         bd48a344d772ebad481a1d2fba0e37f64977500d -> pull/46154/merge
Account UI E2E (chromium)	UNKNOWN STEP	2026-02-10T15:50:36.5586454Z ##[endgroup]
Account UI E2E (chromium)	UNKNOWN STEP	2026-02-10T15:50:36.5587127Z ##[group]Determining the checkout info
Account UI E2E (chromium)	UNKNOWN STEP	2026-02-10T15:50:36.5589925Z ##[endgroup]
Account UI E2E (chromium)	UNKNOWN STEP	2026-02-10T15:50:36.5595449Z [command]/usr/bin/git sparse-checkout disable
Account UI E2E (chromium)	UNKNOWN STEP	2026-02-10T15:50:36.5639065Z [command]/usr/bin/git config --local --unset-all extensions.worktreeConfig
Account UI E2E (chromium)	UNKNOWN STEP	2026-02-10T15:50:36.5664574Z ##[group]Checking out the ref
Account UI E2E (chromium)	UNKNOWN STEP	2026-02-10T15:50:36.5669909Z [command]/usr/bin/git checkout --progress --force refs/remotes/pull/46154/merge
Account UI E2E (chromium)	UNKNOWN STEP	2026-02-10T15:50:37.4316215Z Note: switching to 'refs/remotes/pull/46154/merge'.
Account UI E2E (chromium)	UNKNOWN STEP	2026-02-10T15:50:37.4316846Z 
Account UI E2E (chromium)	UNKNOWN STEP	2026-02-10T15:50:37.4317319Z You are in 'detached HEAD' state. You can look around, make experimental
Account UI E2E (chromium)	UNKNOWN STEP	2026-02-10T15:50:37.4318464Z changes and commit them, and you can discard any commits you make in this
Account UI E2E (chromium)	UNKNOWN STEP	2026-02-10T15:50:37.4319585Z state without impacting any branches by switching back to a branch.
Account UI E2E (chromium)	UNKNOWN STEP	2026-02-10T15:50:37.4320273Z 
Account UI E2E (chromium)	UNKNOWN STEP	2026-02-10T15:50:37.4320760Z If you want to create a new branch to retain commits you create, you may
Account UI E2E (chromium)	UNKNOWN STEP	2026-02-10T15:50:37.4321819Z do so (now or later) by using -c with the switch command. Example:
Account UI E2E (chromium)	UNKNOWN STEP	2026-02-10T15:50:37.4322438Z 
Account UI E2E (chromium)	UNKNOWN STEP	2026-02-10T15:50:37.4322950Z   git switch -c <new-branch-name>
Account UI E2E (chromium)	UNKNOWN STEP	2026-02-10T15:50:37.4323166Z 
Account UI E2E (chromium)	UNKNOWN STEP	2026-02-10T15:50:37.4323293Z Or undo this operation with:
Account UI E2E (chromium)	UNKNOWN STEP	2026-02-10T15:50:37.4323454Z 
Account UI E2E (chromium)	UNKNOWN STEP	2026-02-10T15:50:37.4323533Z   git switch -
Account UI E2E (chromium)	UNKNOWN STEP	2026-02-10T15:50:37.4323677Z 
Account UI E2E (chromium)	UNKNOWN STEP	2026-02-10T15:50:37.4323887Z Turn off this advice by setting config variable advice.detachedHead to false
Account UI E2E (chromium)	UNKNOWN STEP	2026-02-10T15:50:37.4324177Z 
Account UI E2E (chromium)	UNKNOWN STEP	2026-02-10T15:50:37.4324502Z HEAD is now at bd48a34 Merge 96797bb125ea044b18f3e76bbfa364657f1186ef into 8d70b91eadeaaec93d2c3dc69d0b82687f0873f9
Account UI E2E (chromium)	UNKNOWN STEP	2026-02-10T15:50:37.4364433Z ##[endgroup]
Account UI E2E (chromium)	UNKNOWN STEP	2026-02-10T15:50:37.4406364Z [command]/usr/bin/git log -1 --format=%H
Account UI E2E (chromium)	UNKNOWN STEP	2026-02-10T15:50:37.4431556Z bd48a344d772ebad481a1d2fba0e37f64977500d
Account UI E2E (chromium)	UNKNOWN STEP	2026-02-10T15:50:37.4663998Z Prepare all required actions
Account UI E2E (chromium)	UNKNOWN STEP	2026-02-10T15:50:37.4664437Z Getting action download info
Account UI E2E (chromium)	UNKNOWN STEP	2026-02-10T15:50:37.7045672Z Download action repository 'actions/setup-node@49933ea5288caeca8642d1e84afbd3f7d6820020' (SHA:49933ea5288caeca8642d1e84afbd3f7d6820020)
Account UI E2E (chromium)	UNKNOWN STEP	2026-02-10T15:50:37.8131203Z ##[group]Run ./.github/actions/pnpm-setup
Account UI E2E (chromium)	UNKNOWN STEP	2026-02-10T15:50:37.8131488Z with:
Account UI E2E (chromium)	UNKNOWN STEP	2026-02-10T15:50:37.8131657Z   node-version: 24
Account UI E2E (chromium)	UNKNOWN STEP	2026-02-10T15:50:37.8131834Z env:
Account UI E2E (chromium)	UNKNOWN STEP	2026-02-10T15:50:37.8132103Z   MAVEN_ARGS: -B -nsu -Daether.connector.http.connectionMaxTtl=25
Account UI E2E (chromium)	UNKNOWN STEP	2026-02-10T15:50:37.8132460Z   WORKSPACE: @keycloak/keycloak-account-ui
Account UI E2E (chromium)	UNKNOWN STEP	2026-02-10T15:50:37.8132696Z ##[endgroup]
Account UI E2E (chromium)	UNKNOWN STEP	2026-02-10T15:50:37.8262722Z ##[group]Run actions/setup-node@49933ea5288caeca8642d1e84afbd3f7d6820020
Account UI E2E (chromium)	UNKNOWN STEP	2026-02-10T15:50:37.8263094Z with:
Account UI E2E (chromium)	UNKNOWN STEP	2026-02-10T15:50:37.8263260Z   node-version: 24
Account UI E2E (chromium)	UNKNOWN STEP	2026-02-10T15:50:37.8263445Z   check-latest: true
Account UI E2E (chromium)	UNKNOWN STEP	2026-02-10T15:50:37.8263625Z   always-auth: false
Account UI E2E (chromium)	UNKNOWN STEP	2026-02-10T15:50:37.8263946Z   token: ***
Account UI E2E (chromium)	UNKNOWN STEP	2026-02-10T15:50:37.8264154Z env:
Account UI E2E (chromium)	UNKNOWN STEP	2026-02-10T15:50:37.8264413Z   MAVEN_ARGS: -B -nsu -Daether.connector.http.connectionMaxTtl=25
Account UI E2E (chromium)	UNKNOWN STEP	2026-02-10T15:50:37.8264781Z   WORKSPACE: @keycloak/keycloak-account-ui
Account UI E2E (chromium)	UNKNOWN STEP	2026-02-10T15:50:37.8265164Z ##[endgroup]
Account UI E2E (chromium)	UNKNOWN STEP	2026-02-10T15:50:37.9963094Z Attempt to resolve the latest version from manifest...
Account UI E2E (chromium)	UNKNOWN STEP	2026-02-10T15:50:39.0950501Z Resolved as '24.13.0'
Account UI E2E (chromium)	UNKNOWN STEP	2026-02-10T15:50:39.0974403Z Found in cache @ /opt/hostedtoolcache/node/24.13.0/x64
Account UI E2E (chromium)	UNKNOWN STEP	2026-02-10T15:50:39.0981013Z ##[group]Environment details
Account UI E2E (chromium)	UNKNOWN STEP	2026-02-10T15:50:39.4479766Z node: v24.13.0
Account UI E2E (chromium)	UNKNOWN STEP	2026-02-10T15:50:39.4480131Z npm: 11.6.2
Account UI E2E (chromium)	UNKNOWN STEP	2026-02-10T15:50:39.4480415Z yarn: 1.22.22
Account UI E2E (chromium)	UNKNOWN STEP	2026-02-10T15:50:39.4481721Z ##[endgroup]
Account UI E2E (chromium)	UNKNOWN STEP	2026-02-10T15:50:39.4625380Z Prepare all required actions
Account UI E2E (chromium)	UNKNOWN STEP	2026-02-10T15:50:39.4625673Z Getting action download info
Account UI E2E (chromium)	UNKNOWN STEP	2026-02-10T15:50:39.7050133Z Download action repository 'actions/cache@5a3ec84eff668545956fd18022155c47e93e2684' (SHA:5a3ec84eff668545956fd18022155c47e93e2684)
Account UI E2E (chromium)	UNKNOWN STEP	2026-02-10T15:50:39.9318634Z ##[group]Run ./.github/actions/corepack-setup
Account UI E2E (chromium)	UNKNOWN STEP	2026-02-10T15:50:39.9318911Z env:
Account UI E2E (chromium)	UNKNOWN STEP	2026-02-10T15:50:39.9319167Z   MAVEN_ARGS: -B -nsu -Daether.connector.http.connectionMaxTtl=25
Account UI E2E (chromium)	UNKNOWN STEP	2026-02-10T15:50:39.9319521Z   WORKSPACE: @keycloak/keycloak-account-ui
Account UI E2E (chromium)	UNKNOWN STEP	2026-02-10T15:50:39.9319766Z ##[endgroup]
Account UI E2E (chromium)	UNKNOWN STEP	2026-02-10T15:50:39.9350357Z ##[group]Run corepack enable
Account UI E2E (chromium)	UNKNOWN STEP	2026-02-10T15:50:39.9350655Z [36;1mcorepack enable[0m
Account UI E2E (chromium)	UNKNOWN STEP	2026-02-10T15:50:39.9391898Z shell: /usr/bin/bash --noprofile --norc -e -o pipefail {0}
Account UI E2E (chromium)	UNKNOWN STEP	2026-02-10T15:50:39.9392216Z env:
Account UI E2E (chromium)	UNKNOWN STEP	2026-02-10T15:50:39.9392486Z   MAVEN_ARGS: -B -nsu -Daether.connector.http.connectionMaxTtl=25
Account UI E2E (chromium)	UNKNOWN STEP	2026-02-10T15:50:39.9392866Z   WORKSPACE: @keycloak/keycloak-account-ui
Account UI E2E (chromium)	UNKNOWN STEP	2026-02-10T15:50:39.9393112Z ##[endgroup]
Account UI E2E (chromium)	UNKNOWN STEP	2026-02-10T15:50:40.1257293Z ##[group]Run echo "key=corepack-tools-$(jq -r '.packageManager' package.json)" >> $GITHUB_OUTPUT
Account UI E2E (chromium)	UNKNOWN STEP	2026-02-10T15:50:40.1257949Z [36;1mecho "key=corepack-tools-$(jq -r '.packageManager' package.json)" >> $GITHUB_OUTPUT[0m
Account UI E2E (chromium)	UNKNOWN STEP	2026-02-10T15:50:40.1290972Z shell: /usr/bin/bash --noprofile --norc -e -o pipefail {0}
Account UI E2E (chromium)	UNKNOWN STEP	2026-02-10T15:50:40.1291307Z env:
Account UI E2E (chromium)	UNKNOWN STEP	2026-02-10T15:50:40.1291585Z   MAVEN_ARGS: -B -nsu -Daether.connector.http.connectionMaxTtl=25
Account UI E2E (chromium)	UNKNOWN STEP	2026-02-10T15:50:40.1291955Z   WORKSPACE: @keycloak/keycloak-account-ui
Account UI E2E (chromium)	UNKNOWN STEP	2026-02-10T15:50:40.1292210Z ##[endgroup]
Account UI E2E (chromium)	UNKNOWN STEP	2026-02-10T15:50:40.1446062Z ##[group]Run actions/cache@5a3ec84eff668545956fd18022155c47e93e2684
Account UI E2E (chromium)	UNKNOWN STEP	2026-02-10T15:50:40.1446552Z with:
Account UI E2E (chromium)	UNKNOWN STEP	2026-02-10T15:50:40.1446722Z   path: ./js/corepack.tgz
Account UI E2E (chromium)	UNKNOWN STEP	2026-02-10T15:50:40.1447450Z   key: Linux-corepack-tools-pnpm@10.14.0+sha512.ad27a79641b49c3e481a16a805baa71817a04bbe06a38d17e60e2eaee83f6a146c6a688125f5792e48dd5ba30e7da52a5cda4c3992b9ccf333f9ce223af84748
Account UI E2E (chromium)	UNKNOWN STEP	2026-02-10T15:50:40.1448208Z   enableCrossOsArchive: false
Account UI E2E (chromium)	UNKNOWN STEP	2026-02-10T15:50:40.1448438Z   fail-on-cache-miss: false
Account UI E2E (chromium)	UNKNOWN STEP	2026-02-10T15:50:40.1448643Z   lookup-only: false
Account UI E2E (chromium)	UNKNOWN STEP	2026-02-10T15:50:40.1448830Z   save-always: false
Account UI E2E (chromium)	UNKNOWN STEP	2026-02-10T15:50:40.1448993Z env:
Account UI E2E (chromium)	UNKNOWN STEP	2026-02-10T15:50:40.1449253Z   MAVEN_ARGS: -B -nsu -Daether.connector.http.connectionMaxTtl=25
Account UI E2E (chromium)	UNKNOWN STEP	2026-02-10T15:50:40.1449795Z   WORKSPACE: @keycloak/keycloak-account-ui
Account UI E2E (chromium)	UNKNOWN STEP	2026-02-10T15:50:40.1450040Z ##[endgroup]
Account UI E2E (chromium)	UNKNOWN STEP	2026-02-10T15:50:40.6219908Z Cache hit for: Linux-corepack-tools-pnpm@10.14.0+sha512.ad27a79641b49c3e481a16a805baa71817a04bbe06a38d17e60e2eaee83f6a146c6a688125f5792e48dd5ba30e7da52a5cda4c3992b9ccf333f9ce223af84748
Account UI E2E (chromium)	UNKNOWN STEP	2026-02-10T15:50:41.9078231Z Received 4351040 of 4351040 (100.0%), 4.2 MBs/sec
Account UI E2E (chromium)	UNKNOWN STEP	2026-02-10T15:50:41.9079016Z Cache Size: ~4 MB (4351040 B)
Account UI E2E (chromium)	UNKNOWN STEP	2026-02-10T15:50:41.9114750Z [command]/usr/bin/tar -xf /home/runner/work/_temp/214deb45-272a-461c-9700-33f7db03ab7b/cache.tzst -P -C /home/runner/work/keycloak/keycloak --use-compress-program unzstd
Account UI E2E (chromium)	UNKNOWN STEP	2026-02-10T15:50:41.9223954Z Cache restored successfully
Account UI E2E (chromium)	UNKNOWN STEP	2026-02-10T15:50:41.9313468Z Cache restored from key: Linux-corepack-tools-pnpm@10.14.0+sha512.ad27a79641b49c3e481a16a805baa71817a04bbe06a38d17e60e2eaee83f6a146c6a688125f5792e48dd5ba30e7da52a5cda4c3992b9ccf333f9ce223af84748
Account UI E2E (chromium)	UNKNOWN STEP	2026-02-10T15:50:41.9413284Z ##[group]Run corepack install -g --cache-only ./corepack.tgz
Account UI E2E (chromium)	UNKNOWN STEP	2026-02-10T15:50:41.9413697Z [36;1mcorepack install -g --cache-only ./corepack.tgz[0m
Account UI E2E (chromium)	UNKNOWN STEP	2026-02-10T15:50:41.9444568Z shell: /usr/bin/bash --noprofile --norc -e -o pipefail {0}
Account UI E2E (chromium)	UNKNOWN STEP	2026-02-10T15:50:41.9444874Z env:
Account UI E2E (chromium)	UNKNOWN STEP	2026-02-10T15:50:41.9445248Z   MAVEN_ARGS: -B -nsu -Daether.connector.http.connectionMaxTtl=25
Account UI E2E (chromium)	UNKNOWN STEP	2026-02-10T15:50:41.9445610Z   WORKSPACE: @keycloak/keycloak-account-ui
Account UI E2E (chromium)	UNKNOWN STEP	2026-02-10T15:50:41.9445872Z ##[endgroup]
Account UI E2E (chromium)	UNKNOWN STEP	2026-02-10T15:50:42.0831508Z Adding pnpm@10.14.0 to the cache...
Account UI E2E (chromium)	UNKNOWN STEP	2026-02-10T15:50:43.1051010Z Prepare all required actions
Account UI E2E (chromium)	UNKNOWN STEP	2026-02-10T15:50:43.1051304Z Getting action download info
Account UI E2E (chromium)	UNKNOWN STEP	2026-02-10T15:50:43.3395699Z ##[group]Run ./.github/actions/pnpm-store-cache
Account UI E2E (chromium)	UNKNOWN STEP	2026-02-10T15:50:43.3395983Z env:
Account UI E2E (chromium)	UNKNOWN STEP	2026-02-10T15:50:43.3396259Z   MAVEN_ARGS: -B -nsu -Daether.connector.http.connectionMaxTtl=25
Account UI E2E (chromium)	UNKNOWN STEP	2026-02-10T15:50:43.3396628Z   WORKSPACE: @keycloak/keycloak-account-ui
Account UI E2E (chromium)	UNKNOWN STEP	2026-02-10T15:50:43.3396888Z ##[endgroup]
Account UI E2E (chromium)	UNKNOWN STEP	2026-02-10T15:50:43.3412224Z ##[group]Run echo "key=pnpm-store-`date -u "+%Y-%U"`" >> $GITHUB_OUTPUT
Account UI E2E (chromium)	UNKNOWN STEP	2026-02-10T15:50:43.3412684Z [36;1mecho "key=pnpm-store-`date -u "+%Y-%U"`" >> $GITHUB_OUTPUT[0m
Account UI E2E (chromium)	UNKNOWN STEP	2026-02-10T15:50:43.3443568Z shell: /usr/bin/bash --noprofile --norc -e -o pipefail {0}
Account UI E2E (chromium)	UNKNOWN STEP	2026-02-10T15:50:43.3443879Z env:
Account UI E2E (chromium)	UNKNOWN STEP	2026-02-10T15:50:43.3444155Z   MAVEN_ARGS: -B -nsu -Daether.connector.http.connectionMaxTtl=25
Account UI E2E (chromium)	UNKNOWN STEP	2026-02-10T15:50:43.3444510Z   WORKSPACE: @keycloak/keycloak-account-ui
Account UI E2E (chromium)	UNKNOWN STEP	2026-02-10T15:50:43.3444771Z ##[endgroup]
Account UI E2E (chromium)	UNKNOWN STEP	2026-02-10T15:50:43.3544230Z ##[group]Run actions/cache@5a3ec84eff668545956fd18022155c47e93e2684
Account UI E2E (chromium)	UNKNOWN STEP	2026-02-10T15:50:43.3544550Z with:
Account UI E2E (chromium)	UNKNOWN STEP	2026-02-10T15:50:43.3544864Z   path: ~/.local/share/pnpm/store
Account UI E2E (chromium)	UNKNOWN STEP	~/AppData/Local/pnpm/store
Account UI E2E (chromium)	UNKNOWN STEP	~/Library/pnpm/store
Account UI E2E (chromium)	UNKNOWN STEP	
Account UI E2E (chromium)	UNKNOWN STEP	2026-02-10T15:50:43.3545492Z   key: Linux-pnpm-store-2026-06
Account UI E2E (chromium)	UNKNOWN STEP	2026-02-10T15:50:43.3545742Z   enableCrossOsArchive: false
Account UI E2E (chromium)	UNKNOWN STEP	2026-02-10T15:50:43.3545972Z   fail-on-cache-miss: false
Account UI E2E (chromium)	UNKNOWN STEP	2026-02-10T15:50:43.3546189Z   lookup-only: false
Account UI E2E (chromium)	UNKNOWN STEP	2026-02-10T15:50:43.3546388Z   save-always: false
Account UI E2E (chromium)	UNKNOWN STEP	2026-02-10T15:50:43.3546570Z env:
Account UI E2E (chromium)	UNKNOWN STEP	2026-02-10T15:50:43.3546848Z   MAVEN_ARGS: -B -nsu -Daether.connector.http.connectionMaxTtl=25
Account UI E2E (chromium)	UNKNOWN STEP	2026-02-10T15:50:43.3547223Z   WORKSPACE: @keycloak/keycloak-account-ui
Account UI E2E (chromium)	UNKNOWN STEP	2026-02-10T15:50:43.3547478Z ##[endgroup]
Account UI E2E (chromium)	UNKNOWN STEP	2026-02-10T15:50:43.7369709Z Cache hit for: Linux-pnpm-store-2026-06
Account UI E2E (chromium)	UNKNOWN STEP	2026-02-10T15:50:45.0222948Z Received 4194304 of 129382386 (3.2%), 4.0 MBs/sec
Account UI E2E (chromium)	UNKNOWN STEP	2026-02-10T15:50:45.9921564Z Received 129382386 of 129382386 (100.0%), 62.6 MBs/sec
Account UI E2E (chromium)	UNKNOWN STEP	2026-02-10T15:50:45.9923908Z Cache Size: ~123 MB (129382386 B)
Account UI E2E (chromium)	UNKNOWN STEP	2026-02-10T15:50:45.9984017Z [command]/usr/bin/tar -xf /home/runner/work/_temp/0623eb73-f385-418b-a31a-bc6cde18c20f/cache.tzst -P -C /home/runner/work/keycloak/keycloak --use-compress-program unzstd
Account UI E2E (chromium)	UNKNOWN STEP	2026-02-10T15:50:48.5879351Z Cache restored successfully
Account UI E2E (chromium)	UNKNOWN STEP	2026-02-10T15:50:48.6206506Z Cache restored from key: Linux-pnpm-store-2026-06
Account UI E2E (chromium)	UNKNOWN STEP	2026-02-10T15:50:48.6309604Z ##[group]Run pnpm install --prefer-offline --frozen-lockfile
Account UI E2E (chromium)	UNKNOWN STEP	2026-02-10T15:50:48.6310036Z [36;1mpnpm install --prefer-offline --frozen-lockfile[0m
Account UI E2E (chromium)	UNKNOWN STEP	2026-02-10T15:50:48.6341597Z shell: /usr/bin/bash --noprofile --norc -e -o pipefail {0}
Account UI E2E (chromium)	UNKNOWN STEP	2026-02-10T15:50:48.6341925Z env:
Account UI E2E (chromium)	UNKNOWN STEP	2026-02-10T15:50:48.6342198Z   MAVEN_ARGS: -B -nsu -Daether.connector.http.connectionMaxTtl=25
Account UI E2E (chromium)	UNKNOWN STEP	2026-02-10T15:50:48.6342567Z   WORKSPACE: @keycloak/keycloak-account-ui
Account UI E2E (chromium)	UNKNOWN STEP	2026-02-10T15:50:48.6342824Z ##[endgroup]
Account UI E2E (chromium)	UNKNOWN STEP	2026-02-10T15:50:49.0654162Z Scope: all 8 workspace projects
Account UI E2E (chromium)	UNKNOWN STEP	2026-02-10T15:50:49.1142772Z Lockfile is up to date, resolution step is skipped
Account UI E2E (chromium)	UNKNOWN STEP	2026-02-10T15:50:49.1704373Z Progress: resolved 1, reused 0, downloaded 0, added 0
Account UI E2E (chromium)	UNKNOWN STEP	2026-02-10T15:50:49.3041270Z Packages: +854
Account UI E2E (chromium)	UNKNOWN STEP	2026-02-10T15:50:49.3041725Z ++++++++++++++++++++++++++++++++++++++++++++++++++++++++++++++++++++++++++++++++
Account UI E2E (chromium)	UNKNOWN STEP	2026-02-10T15:50:50.1715539Z Progress: resolved 854, reused 851, downloaded 0, added 192
Account UI E2E (chromium)	UNKNOWN STEP	2026-02-10T15:50:51.1719149Z Progress: resolved 854, reused 851, downloaded 0, added 853
Account UI E2E (chromium)	UNKNOWN STEP	2026-02-10T15:50:51.6320857Z Progress: resolved 854, reused 851, downloaded 0, added 854, done
Account UI E2E (chromium)	UNKNOWN STEP	2026-02-10T15:50:52.4314476Z 
Account UI E2E (chromium)	UNKNOWN STEP	2026-02-10T15:50:52.4314944Z devDependencies:
Account UI E2E (chromium)	UNKNOWN STEP	2026-02-10T15:50:52.4315586Z + @eslint/compat 2.0.0
Account UI E2E (chromium)	UNKNOWN STEP	2026-02-10T15:50:52.4315884Z + @eslint/eslintrc 3.3.3
Account UI E2E (chromium)	UNKNOWN STEP	2026-02-10T15:50:52.4316140Z + @eslint/js 9.39.2
Account UI E2E (chromium)	UNKNOWN STEP	2026-02-10T15:50:52.4316366Z + @types/node 25.0.3
Account UI E2E (chromium)	UNKNOWN STEP	2026-02-10T15:50:52.4316566Z + eslint 9.39.2
Account UI E2E (chromium)	UNKNOWN STEP	2026-02-10T15:50:52.4316928Z + eslint-config-prettier 10.1.8
Account UI E2E (chromium)	UNKNOWN STEP	2026-02-10T15:50:52.4317227Z + eslint-plugin-lodash 8.0.0
Account UI E2E (chromium)	UNKNOWN STEP	2026-02-10T15:50:52.4317596Z + eslint-plugin-playwright 2.4.0
Account UI E2E (chromium)	UNKNOWN STEP	2026-02-10T15:50:52.4317907Z + eslint-plugin-prettier 5.5.4
Account UI E2E (chromium)	UNKNOWN STEP	2026-02-10T15:50:52.4318182Z + eslint-plugin-react 7.37.5
Account UI E2E (chromium)	UNKNOWN STEP	2026-02-10T15:50:52.4318485Z + eslint-plugin-react-compiler 19.1.0-rc.2
Account UI E2E (chromium)	UNKNOWN STEP	2026-02-10T15:50:52.4318812Z + eslint-plugin-react-hooks 6.1.0
Account UI E2E (chromium)	UNKNOWN STEP	2026-02-10T15:50:52.4319052Z + husky 9.1.7
Account UI E2E (chromium)	UNKNOWN STEP	2026-02-10T15:50:52.4319245Z + lint-staged 16.2.7
Account UI E2E (chromium)	UNKNOWN STEP	2026-02-10T15:50:52.4319448Z + prettier 3.6.2
Account UI E2E (chromium)	UNKNOWN STEP	2026-02-10T15:50:52.4319632Z + tslib 2.8.1
Account UI E2E (chromium)	UNKNOWN STEP	2026-02-10T15:50:52.4319824Z + typescript 5.9.3
Account UI E2E (chromium)	UNKNOWN STEP	2026-02-10T15:50:52.4320039Z + typescript-eslint 8.42.0
Account UI E2E (chromium)	UNKNOWN STEP	2026-02-10T15:50:52.4320263Z + wireit 0.14.12
Account UI E2E (chromium)	UNKNOWN STEP	2026-02-10T15:50:52.4320373Z 
Account UI E2E (chromium)	UNKNOWN STEP	2026-02-10T15:50:52.4537441Z . prepare$ cd .. && husky js/.husky
Account UI E2E (chromium)	UNKNOWN STEP	2026-02-10T15:50:52.5027253Z . prepare: Done
Account UI E2E (chromium)	UNKNOWN STEP	2026-02-10T15:50:52.5333844Z Done in 3.8s using pnpm v10.14.0
Account UI E2E (chromium)	UNKNOWN STEP	2026-02-10T15:50:52.5903966Z ##[group]Run actions/download-artifact@37930b1c2abaa49bbe596cd826c3c89aef350131
Account UI E2E (chromium)	UNKNOWN STEP	2026-02-10T15:50:52.5904540Z with:
Account UI E2E (chromium)	UNKNOWN STEP	2026-02-10T15:50:52.5904740Z   name: keycloak
Account UI E2E (chromium)	UNKNOWN STEP	2026-02-10T15:50:52.5904940Z   merge-multiple: false
Account UI E2E (chromium)	UNKNOWN STEP	2026-02-10T15:50:52.5905452Z   repository: keycloak/keycloak
Account UI E2E (chromium)	UNKNOWN STEP	2026-02-10T15:50:52.5905839Z   run-id: 21871262533
Account UI E2E (chromium)	UNKNOWN STEP	2026-02-10T15:50:52.5906163Z env:
Account UI E2E (chromium)	UNKNOWN STEP	2026-02-10T15:50:52.5906629Z   MAVEN_ARGS: -B -nsu -Daether.connector.http.connectionMaxTtl=25
Account UI E2E (chromium)	UNKNOWN STEP	2026-02-10T15:50:52.5907259Z   WORKSPACE: @keycloak/keycloak-account-ui
Account UI E2E (chromium)	UNKNOWN STEP	2026-02-10T15:50:52.5907703Z ##[endgroup]
Account UI E2E (chromium)	UNKNOWN STEP	2026-02-10T15:50:52.7375347Z Downloading single artifact
Account UI E2E (chromium)	UNKNOWN STEP	2026-02-10T15:50:52.9856182Z ##[error]Unable to download artifact(s): Failed to ListArtifacts: Received non-retryable error: Failed request: (403) Forbidden: Error from intermediary with HTTP status code 403 "Forbidden"
Account UI E2E (chromium)	UNKNOWN STEP	2026-02-10T15:50:53.0028800Z ##[group]Run actions/upload-artifact@b7c566a772e6b6bfb58ed0dc250532a479d7789f
Account UI E2E (chromium)	UNKNOWN STEP	2026-02-10T15:50:53.0029206Z with:
Account UI E2E (chromium)	UNKNOWN STEP	2026-02-10T15:50:53.0029432Z   name: account-ui-playwright-report-chromium
Account UI E2E (chromium)	UNKNOWN STEP	2026-02-10T15:50:53.0029743Z   path: js/apps/account-ui/playwright-report
Account UI E2E (chromium)	UNKNOWN STEP	2026-02-10T15:50:53.0030181Z   retention-days: 30
Account UI E2E (chromium)	UNKNOWN STEP	2026-02-10T15:50:53.0030387Z   if-no-files-found: warn
Account UI E2E (chromium)	UNKNOWN STEP	2026-02-10T15:50:53.0030605Z   compression-level: 6
Account UI E2E (chromium)	UNKNOWN STEP	2026-02-10T15:50:53.0030804Z   overwrite: false
Account UI E2E (chromium)	UNKNOWN STEP	2026-02-10T15:50:53.0031003Z   include-hidden-files: false
Account UI E2E (chromium)	UNKNOWN STEP	2026-02-10T15:50:53.0031221Z env:
Account UI E2E (chromium)	UNKNOWN STEP	2026-02-10T15:50:53.0031491Z   MAVEN_ARGS: -B -nsu -Daether.connector.http.connectionMaxTtl=25
Account UI E2E (chromium)	UNKNOWN STEP	2026-02-10T15:50:53.0031859Z   WORKSPACE: @keycloak/keycloak-account-ui
Account UI E2E (chromium)	UNKNOWN STEP	2026-02-10T15:50:53.0032111Z ##[endgroup]
Account UI E2E (chromium)	UNKNOWN STEP	2026-02-10T15:50:53.1507581Z ##[warning]No files were found with the provided path: js/apps/account-ui/playwright-report. No artifacts will be uploaded.
Account UI E2E (chromium)	UNKNOWN STEP	2026-02-10T15:50:53.1623509Z ##[group]Run actions/upload-artifact@b7c566a772e6b6bfb58ed0dc250532a479d7789f
Account UI E2E (chromium)	UNKNOWN STEP	2026-02-10T15:50:53.1623945Z with:
Account UI E2E (chromium)	UNKNOWN STEP	2026-02-10T15:50:53.1624145Z   name: account-ui-server-log-chromium
Account UI E2E (chromium)	UNKNOWN STEP	2026-02-10T15:50:53.1624412Z   path: ~/server.log
Account UI E2E (chromium)	UNKNOWN STEP	2026-02-10T15:50:53.1624617Z   if-no-files-found: warn
Account UI E2E (chromium)	UNKNOWN STEP	2026-02-10T15:50:53.1624840Z   compression-level: 6
Account UI E2E (chromium)	UNKNOWN STEP	2026-02-10T15:50:53.1625202Z   overwrite: false
Account UI E2E (chromium)	UNKNOWN STEP	2026-02-10T15:50:53.1625403Z   include-hidden-files: false
Account UI E2E (chromium)	UNKNOWN STEP	2026-02-10T15:50:53.1625624Z env:
Account UI E2E (chromium)	UNKNOWN STEP	2026-02-10T15:50:53.1625904Z   MAVEN_ARGS: -B -nsu -Daether.connector.http.connectionMaxTtl=25
Account UI E2E (chromium)	UNKNOWN STEP	2026-02-10T15:50:53.1626281Z   WORKSPACE: @keycloak/keycloak-account-ui
Account UI E2E (chromium)	UNKNOWN STEP	2026-02-10T15:50:53.1626541Z ##[endgroup]
Account UI E2E (chromium)	UNKNOWN STEP	2026-02-10T15:50:53.3152099Z ##[warning]No files were found with the provided path: ~/server.log. No artifacts will be uploaded.
Account UI E2E (chromium)	UNKNOWN STEP	2026-02-10T15:50:53.3287443Z Post job cleanup.
Account UI E2E (chromium)	UNKNOWN STEP	2026-02-10T15:50:53.3351565Z Post job cleanup.
Account UI E2E (chromium)	UNKNOWN STEP	2026-02-10T15:50:53.4126362Z [command]/usr/bin/git version
Account UI E2E (chromium)	UNKNOWN STEP	2026-02-10T15:50:53.4161006Z git version 2.52.0
Account UI E2E (chromium)	UNKNOWN STEP	2026-02-10T15:50:53.4230281Z Temporarily overriding HOME='/home/runner/work/_temp/3cc4dcef-746d-453f-a9ef-e06fee72afcc' before making global git config changes
Account UI E2E (chromium)	UNKNOWN STEP	2026-02-10T15:50:53.4231824Z Adding repository directory to the temporary git global config as a safe directory
Account UI E2E (chromium)	UNKNOWN STEP	2026-02-10T15:50:53.4236089Z [command]/usr/bin/git config --global --add safe.directory /home/runner/work/keycloak/keycloak
Account UI E2E (chromium)	UNKNOWN STEP	2026-02-10T15:50:53.4270924Z [command]/usr/bin/git config --local --name-only --get-regexp core\.sshCommand
Account UI E2E (chromium)	UNKNOWN STEP	2026-02-10T15:50:53.4301816Z [command]/usr/bin/git submodule foreach --recursive sh -c "git config --local --name-only --get-regexp 'core\.sshCommand' && git config --local --unset-all 'core.sshCommand' || :"
Account UI E2E (chromium)	UNKNOWN STEP	2026-02-10T15:50:53.4548657Z [command]/usr/bin/git config --local --name-only --get-regexp http\.https\:\/\/github\.com\/\.extraheader
Account UI E2E (chromium)	UNKNOWN STEP	2026-02-10T15:50:53.4572272Z http.https://github.com/.extraheader
Account UI E2E (chromium)	UNKNOWN STEP	2026-02-10T15:50:53.4581651Z [command]/usr/bin/git config --local --unset-all http.https://github.com/.extraheader
Account UI E2E (chromium)	UNKNOWN STEP	2026-02-10T15:50:53.4613061Z [command]/usr/bin/git submodule foreach --recursive sh -c "git config --local --name-only --get-regexp 'http\.https\:\/\/github\.com\/\.extraheader' && git config --local --unset-all 'http.https://github.com/.extraheader' || :"
Account UI E2E (chromium)	UNKNOWN STEP	2026-02-10T15:50:53.4954149Z Cleaning up orphan processes
Status Check - Keycloak JavaScript CI	UNKNOWN STEP	ï»¿2026-02-10T16:11:33.5905744Z Current runner version: '2.331.0'
Status Check - Keycloak JavaScript CI	UNKNOWN STEP	2026-02-10T16:11:33.5931003Z ##[group]Runner Image Provisioner
Status Check - Keycloak JavaScript CI	UNKNOWN STEP	2026-02-10T16:11:33.5931867Z Hosted Compute Agent
Status Check - Keycloak JavaScript CI	UNKNOWN STEP	2026-02-10T16:11:33.5932473Z Version: 20260123.484
Status Check - Keycloak JavaScript CI	UNKNOWN STEP	2026-02-10T16:11:33.5933077Z Commit: 6bd6555ca37d84114959e1c76d2c01448ff61c5d
Status Check - Keycloak JavaScript CI	UNKNOWN STEP	2026-02-10T16:11:33.5933889Z Build Date: 2026-01-23T19:41:17Z
Status Check - Keycloak JavaScript CI	UNKNOWN STEP	2026-02-10T16:11:33.5934640Z Worker ID: {6db5fb2d-2d79-4296-b0b3-18103e93c171}
Status Check - Keycloak JavaScript CI	UNKNOWN STEP	2026-02-10T16:11:33.5935381Z Azure Region: northcentralus
Status Check - Keycloak JavaScript CI	UNKNOWN STEP	2026-02-10T16:11:33.5935926Z ##[endgroup]
Status Check - Keycloak JavaScript CI	UNKNOWN STEP	2026-02-10T16:11:33.5937488Z ##[group]Operating System
Status Check - Keycloak JavaScript CI	UNKNOWN STEP	2026-02-10T16:11:33.5938051Z Ubuntu
Status Check - Keycloak JavaScript CI	UNKNOWN STEP	2026-02-10T16:11:33.5938526Z 24.04.3
Status Check - Keycloak JavaScript CI	UNKNOWN STEP	2026-02-10T16:11:33.5938987Z LTS
Status Check - Keycloak JavaScript CI	UNKNOWN STEP	2026-02-10T16:11:33.5939495Z ##[endgroup]
Status Check - Keycloak JavaScript CI	UNKNOWN STEP	2026-02-10T16:11:33.5939943Z ##[group]Runner Image
Status Check - Keycloak JavaScript CI	UNKNOWN STEP	2026-02-10T16:11:33.5940521Z Image: ubuntu-24.04
Status Check - Keycloak JavaScript CI	UNKNOWN STEP	2026-02-10T16:11:33.5941044Z Version: 20260201.15.1
Status Check - Keycloak JavaScript CI	UNKNOWN STEP	2026-02-10T16:11:33.5942210Z Included Software: https://github.com/actions/runner-images/blob/ubuntu24/20260201.15/images/ubuntu/Ubuntu2404-Readme.md
Status Check - Keycloak JavaScript CI	UNKNOWN STEP	2026-02-10T16:11:33.5944090Z Image Release: https://github.com/actions/runner-images/releases/tag/ubuntu24%2F20260201.15
Status Check - Keycloak JavaScript CI	UNKNOWN STEP	2026-02-10T16:11:33.5945128Z ##[endgroup]
Status Check - Keycloak JavaScript CI	UNKNOWN STEP	2026-02-10T16:11:33.5946197Z ##[group]GITHUB_TOKEN Permissions
Status Check - Keycloak JavaScript CI	UNKNOWN STEP	2026-02-10T16:11:33.5948113Z Contents: read
Status Check - Keycloak JavaScript CI	UNKNOWN STEP	2026-02-10T16:11:33.5948617Z Metadata: read
Status Check - Keycloak JavaScript CI	UNKNOWN STEP	2026-02-10T16:11:33.5949261Z ##[endgroup]
Status Check - Keycloak JavaScript CI	UNKNOWN STEP	2026-02-10T16:11:33.5951735Z Secret source: None
Status Check - Keycloak JavaScript CI	UNKNOWN STEP	2026-02-10T16:11:33.5952627Z Prepare workflow directory
Status Check - Keycloak JavaScript CI	UNKNOWN STEP	2026-02-10T16:11:33.6385990Z Prepare all required actions
Status Check - Keycloak JavaScript CI	UNKNOWN STEP	2026-02-10T16:11:33.6424669Z Getting action download info
Status Check - Keycloak JavaScript CI	UNKNOWN STEP	2026-02-10T16:11:34.0115640Z Download action repository 'actions/checkout@08c6903cd8c0fde910a37f88322edcfb5dd907a8' (SHA:08c6903cd8c0fde910a37f88322edcfb5dd907a8)
Status Check - Keycloak JavaScript CI	UNKNOWN STEP	2026-02-10T16:11:34.2429265Z Complete job name: Status Check - Keycloak JavaScript CI
Status Check - Keycloak JavaScript CI	UNKNOWN STEP	2026-02-10T16:11:34.3170429Z ##[group]Run actions/checkout@08c6903cd8c0fde910a37f88322edcfb5dd907a8
Status Check - Keycloak JavaScript CI	UNKNOWN STEP	2026-02-10T16:11:34.3171574Z with:
Status Check - Keycloak JavaScript CI	UNKNOWN STEP	2026-02-10T16:11:34.3172039Z   repository: keycloak/keycloak
Status Check - Keycloak JavaScript CI	UNKNOWN STEP	2026-02-10T16:11:34.3172860Z   token: ***
Status Check - Keycloak JavaScript CI	UNKNOWN STEP	2026-02-10T16:11:34.3173282Z   ssh-strict: true
Status Check - Keycloak JavaScript CI	UNKNOWN STEP	2026-02-10T16:11:34.3173944Z   ssh-user: git
Status Check - Keycloak JavaScript CI	UNKNOWN STEP	2026-02-10T16:11:34.3174399Z   persist-credentials: true
Status Check - Keycloak JavaScript CI	UNKNOWN STEP	2026-02-10T16:11:34.3174893Z   clean: true
Status Check - Keycloak JavaScript CI	UNKNOWN STEP	2026-02-10T16:11:34.3175339Z   sparse-checkout-cone-mode: true
Status Check - Keycloak JavaScript CI	UNKNOWN STEP	2026-02-10T16:11:34.3175855Z   fetch-depth: 1
Status Check - Keycloak JavaScript CI	UNKNOWN STEP	2026-02-10T16:11:34.3176287Z   fetch-tags: false
Status Check - Keycloak JavaScript CI	UNKNOWN STEP	2026-02-10T16:11:34.3176738Z   show-progress: true
Status Check - Keycloak JavaScript CI	UNKNOWN STEP	2026-02-10T16:11:34.3177196Z   lfs: false
Status Check - Keycloak JavaScript CI	UNKNOWN STEP	2026-02-10T16:11:34.3177619Z   submodules: false
Status Check - Keycloak JavaScript CI	UNKNOWN STEP	2026-02-10T16:11:34.3178072Z   set-safe-directory: true
Status Check - Keycloak JavaScript CI	UNKNOWN STEP	2026-02-10T16:11:34.3178838Z env:
Status Check - Keycloak JavaScript CI	UNKNOWN STEP	2026-02-10T16:11:34.3179462Z   MAVEN_ARGS: -B -nsu -Daether.connector.http.connectionMaxTtl=25
Status Check - Keycloak JavaScript CI	UNKNOWN STEP	2026-02-10T16:11:34.3180275Z ##[endgroup]
Status Check - Keycloak JavaScript CI	UNKNOWN STEP	2026-02-10T16:11:34.4167684Z Syncing repository: keycloak/keycloak
Status Check - Keycloak JavaScript CI	UNKNOWN STEP	2026-02-10T16:11:34.4169826Z ##[group]Getting Git version info
Status Check - Keycloak JavaScript CI	UNKNOWN STEP	2026-02-10T16:11:34.4170602Z Working directory is '/home/runner/work/keycloak/keycloak'
Status Check - Keycloak JavaScript CI	UNKNOWN STEP	2026-02-10T16:11:34.4171859Z [command]/usr/bin/git version
Status Check - Keycloak JavaScript CI	UNKNOWN STEP	2026-02-10T16:11:34.4302034Z git version 2.52.0
Status Check - Keycloak JavaScript CI	UNKNOWN STEP	2026-02-10T16:11:34.4325139Z ##[endgroup]
Status Check - Keycloak JavaScript CI	UNKNOWN STEP	2026-02-10T16:11:34.4342896Z Temporarily overriding HOME='/home/runner/work/_temp/39ebc0a4-d1d9-4f63-8a77-660e76346e80' before making global git config changes
Status Check - Keycloak JavaScript CI	UNKNOWN STEP	2026-02-10T16:11:34.4345815Z Adding repository directory to the temporary git global config as a safe directory
Status Check - Keycloak JavaScript CI	UNKNOWN STEP	2026-02-10T16:11:34.4349704Z [command]/usr/bin/git config --global --add safe.directory /home/runner/work/keycloak/keycloak
Status Check - Keycloak JavaScript CI	UNKNOWN STEP	2026-02-10T16:11:34.4396481Z Deleting the contents of '/home/runner/work/keycloak/keycloak'
Status Check - Keycloak JavaScript CI	UNKNOWN STEP	2026-02-10T16:11:34.4400853Z ##[group]Initializing the repository
Status Check - Keycloak JavaScript CI	UNKNOWN STEP	2026-02-10T16:11:34.4406609Z [command]/usr/bin/git init /home/runner/work/keycloak/keycloak
Status Check - Keycloak JavaScript CI	UNKNOWN STEP	2026-02-10T16:11:34.4545767Z hint: Using 'master' as the name for the initial branch. This default branch name
Status Check - Keycloak JavaScript CI	UNKNOWN STEP	2026-02-10T16:11:34.4547711Z hint: will change to "main" in Git 3.0. To configure the initial branch name
Status Check - Keycloak JavaScript CI	UNKNOWN STEP	2026-02-10T16:11:34.4549421Z hint: to use in all of your new repositories, which will suppress this warning,
Status Check - Keycloak JavaScript CI	UNKNOWN STEP	2026-02-10T16:11:34.4550926Z hint: call:
Status Check - Keycloak JavaScript CI	UNKNOWN STEP	2026-02-10T16:11:34.4551346Z hint:
Status Check - Keycloak JavaScript CI	UNKNOWN STEP	2026-02-10T16:11:34.4551890Z hint: 	git config --global init.defaultBranch <name>
Status Check - Keycloak JavaScript CI	UNKNOWN STEP	2026-02-10T16:11:34.4552543Z hint:
Status Check - Keycloak JavaScript CI	UNKNOWN STEP	2026-02-10T16:11:34.4553168Z hint: Names commonly chosen instead of 'master' are 'main', 'trunk' and
Status Check - Keycloak JavaScript CI	UNKNOWN STEP	2026-02-10T16:11:34.4554546Z hint: 'development'. The just-created branch can be renamed via this command:
Status Check - Keycloak JavaScript CI	UNKNOWN STEP	2026-02-10T16:11:34.4555387Z hint:
Status Check - Keycloak JavaScript CI	UNKNOWN STEP	2026-02-10T16:11:34.4555861Z hint: 	git branch -m <name>
Status Check - Keycloak JavaScript CI	UNKNOWN STEP	2026-02-10T16:11:34.4556664Z hint:
Status Check - Keycloak JavaScript CI	UNKNOWN STEP	2026-02-10T16:11:34.4557499Z hint: Disable this message with "git config set advice.defaultBranchName false"
Status Check - Keycloak JavaScript CI	UNKNOWN STEP	2026-02-10T16:11:34.4558633Z Initialized empty Git repository in /home/runner/work/keycloak/keycloak/.git/
Status Check - Keycloak JavaScript CI	UNKNOWN STEP	2026-02-10T16:11:34.4562551Z [command]/usr/bin/git remote add origin https://github.com/keycloak/keycloak
Status Check - Keycloak JavaScript CI	UNKNOWN STEP	2026-02-10T16:11:34.4603978Z ##[endgroup]
Status Check - Keycloak JavaScript CI	UNKNOWN STEP	2026-02-10T16:11:34.4604897Z ##[group]Disabling automatic garbage collection
Status Check - Keycloak JavaScript CI	UNKNOWN STEP	2026-02-10T16:11:34.4607835Z [command]/usr/bin/git config --local gc.auto 0
Status Check - Keycloak JavaScript CI	UNKNOWN STEP	2026-02-10T16:11:34.4639467Z ##[endgroup]
Status Check - Keycloak JavaScript CI	UNKNOWN STEP	2026-02-10T16:11:34.4640226Z ##[group]Setting up auth
Status Check - Keycloak JavaScript CI	UNKNOWN STEP	2026-02-10T16:11:34.4646800Z [command]/usr/bin/git config --local --name-only --get-regexp core\.sshCommand
Status Check - Keycloak JavaScript CI	UNKNOWN STEP	2026-02-10T16:11:34.4681611Z [command]/usr/bin/git submodule foreach --recursive sh -c "git config --local --name-only --get-regexp 'core\.sshCommand' && git config --local --unset-all 'core.sshCommand' || :"
Status Check - Keycloak JavaScript CI	UNKNOWN STEP	2026-02-10T16:11:34.5099932Z [command]/usr/bin/git config --local --name-only --get-regexp http\.https\:\/\/github\.com\/\.extraheader
Status Check - Keycloak JavaScript CI	UNKNOWN STEP	2026-02-10T16:11:34.5134942Z [command]/usr/bin/git submodule foreach --recursive sh -c "git config --local --name-only --get-regexp 'http\.https\:\/\/github\.com\/\.extraheader' && git config --local --unset-all 'http.https://github.com/.extraheader' || :"
Status Check - Keycloak JavaScript CI	UNKNOWN STEP	2026-02-10T16:11:34.5369954Z [command]/usr/bin/git config --local http.https://github.com/.extraheader AUTHORIZATION: basic ***
Status Check - Keycloak JavaScript CI	UNKNOWN STEP	2026-02-10T16:11:34.5407548Z ##[endgroup]
Status Check - Keycloak JavaScript CI	UNKNOWN STEP	2026-02-10T16:11:34.5416364Z ##[group]Fetching the repository
Status Check - Keycloak JavaScript CI	UNKNOWN STEP	2026-02-10T16:11:34.5417879Z [command]/usr/bin/git -c protocol.version=2 fetch --no-tags --prune --no-recurse-submodules --depth=1 origin +bd48a344d772ebad481a1d2fba0e37f64977500d:refs/remotes/pull/46154/merge
Status Check - Keycloak JavaScript CI	UNKNOWN STEP	2026-02-10T16:11:38.7089110Z From https://github.com/keycloak/keycloak
Status Check - Keycloak JavaScript CI	UNKNOWN STEP	2026-02-10T16:11:38.7090617Z  * [new ref]         bd48a344d772ebad481a1d2fba0e37f64977500d -> pull/46154/merge
Status Check - Keycloak JavaScript CI	UNKNOWN STEP	2026-02-10T16:11:38.7125636Z ##[endgroup]
Status Check - Keycloak JavaScript CI	UNKNOWN STEP	2026-02-10T16:11:38.7126852Z ##[group]Determining the checkout info
Status Check - Keycloak JavaScript CI	UNKNOWN STEP	2026-02-10T16:11:38.7128203Z ##[endgroup]
Status Check - Keycloak JavaScript CI	UNKNOWN STEP	2026-02-10T16:11:38.7132787Z [command]/usr/bin/git sparse-checkout disable
Status Check - Keycloak JavaScript CI	UNKNOWN STEP	2026-02-10T16:11:38.7182973Z [command]/usr/bin/git config --local --unset-all extensions.worktreeConfig
Status Check - Keycloak JavaScript CI	UNKNOWN STEP	2026-02-10T16:11:38.7213318Z ##[group]Checking out the ref
Status Check - Keycloak JavaScript CI	UNKNOWN STEP	2026-02-10T16:11:38.7218087Z [command]/usr/bin/git checkout --progress --force refs/remotes/pull/46154/merge
Status Check - Keycloak JavaScript CI	UNKNOWN STEP	2026-02-10T16:11:39.5902284Z Note: switching to 'refs/remotes/pull/46154/merge'.
Status Check - Keycloak JavaScript CI	UNKNOWN STEP	2026-02-10T16:11:39.5903127Z 
Status Check - Keycloak JavaScript CI	UNKNOWN STEP	2026-02-10T16:11:39.5903536Z You are in 'detached HEAD' state. You can look around, make experimental
Status Check - Keycloak JavaScript CI	UNKNOWN STEP	2026-02-10T16:11:39.5904591Z changes and commit them, and you can discard any commits you make in this
Status Check - Keycloak JavaScript CI	UNKNOWN STEP	2026-02-10T16:11:39.5905418Z state without impacting any branches by switching back to a branch.
Status Check - Keycloak JavaScript CI	UNKNOWN STEP	2026-02-10T16:11:39.5905897Z 
Status Check - Keycloak JavaScript CI	UNKNOWN STEP	2026-02-10T16:11:39.5906239Z If you want to create a new branch to retain commits you create, you may
Status Check - Keycloak JavaScript CI	UNKNOWN STEP	2026-02-10T16:11:39.5906964Z do so (now or later) by using -c with the switch command. Example:
Status Check - Keycloak JavaScript CI	UNKNOWN STEP	2026-02-10T16:11:39.5907397Z 
Status Check - Keycloak JavaScript CI	UNKNOWN STEP	2026-02-10T16:11:39.5907581Z   git switch -c <new-branch-name>
Status Check - Keycloak JavaScript CI	UNKNOWN STEP	2026-02-10T16:11:39.5907864Z 
Status Check - Keycloak JavaScript CI	UNKNOWN STEP	2026-02-10T16:11:39.5908057Z Or undo this operation with:
Status Check - Keycloak JavaScript CI	UNKNOWN STEP	2026-02-10T16:11:39.5908331Z 
Status Check - Keycloak JavaScript CI	UNKNOWN STEP	2026-02-10T16:11:39.5908506Z   git switch -
Status Check - Keycloak JavaScript CI	UNKNOWN STEP	2026-02-10T16:11:39.5908752Z 
Status Check - Keycloak JavaScript CI	UNKNOWN STEP	2026-02-10T16:11:39.5910132Z Turn off this advice by setting config variable advice.detachedHead to false
Status Check - Keycloak JavaScript CI	UNKNOWN STEP	2026-02-10T16:11:39.5910726Z 
Status Check - Keycloak JavaScript CI	UNKNOWN STEP	2026-02-10T16:11:39.5911934Z HEAD is now at bd48a34 Merge 96797bb125ea044b18f3e76bbfa364657f1186ef into 8d70b91eadeaaec93d2c3dc69d0b82687f0873f9
Status Check - Keycloak JavaScript CI	UNKNOWN STEP	2026-02-10T16:11:39.5941122Z ##[endgroup]
Status Check - Keycloak JavaScript CI	UNKNOWN STEP	2026-02-10T16:11:39.5983662Z [command]/usr/bin/git log -1 --format=%H
Status Check - Keycloak JavaScript CI	UNKNOWN STEP	2026-02-10T16:11:39.6011020Z bd48a344d772ebad481a1d2fba0e37f64977500d
Status Check - Keycloak JavaScript CI	UNKNOWN STEP	2026-02-10T16:11:39.6258037Z Prepare all required actions
Status Check - Keycloak JavaScript CI	UNKNOWN STEP	2026-02-10T16:11:39.6338083Z ##[group]Run ./.github/actions/status-check
Status Check - Keycloak JavaScript CI	UNKNOWN STEP	2026-02-10T16:11:39.6338400Z with:
Status Check - Keycloak JavaScript CI	UNKNOWN STEP	2026-02-10T16:11:39.6340093Z   jobs: {
Status Check - Keycloak JavaScript CI	UNKNOWN STEP	  "conditional": {
Status Check - Keycloak JavaScript CI	UNKNOWN STEP	    "result": "success",
Status Check - Keycloak JavaScript CI	UNKNOWN STEP	    "outputs": {
Status Check - Keycloak JavaScript CI	UNKNOWN STEP	      "js-ci": "true"
Status Check - Keycloak JavaScript CI	UNKNOWN STEP	    }
Status Check - Keycloak JavaScript CI	UNKNOWN STEP	  },
Status Check - Keycloak JavaScript CI	UNKNOWN STEP	  "build-keycloak": {
Status Check - Keycloak JavaScript CI	UNKNOWN STEP	    "result": "success",
Status Check - Keycloak JavaScript CI	UNKNOWN STEP	    "outputs": {}
Status Check - Keycloak JavaScript CI	UNKNOWN STEP	  },
Status Check - Keycloak JavaScript CI	UNKNOWN STEP	  "admin-client": {
Status Check - Keycloak JavaScript CI	UNKNOWN STEP	    "result": "success",
Status Check - Keycloak JavaScript CI	UNKNOWN STEP	    "outputs": {}
Status Check - Keycloak JavaScript CI	UNKNOWN STEP	  },
Status Check - Keycloak JavaScript CI	UNKNOWN STEP	  "ui-shared": {
Status Check - Keycloak JavaScript CI	UNKNOWN STEP	    "result": "success",
Status Check - Keycloak JavaScript CI	UNKNOWN STEP	    "outputs": {}
Status Check - Keycloak JavaScript CI	UNKNOWN STEP	  },
Status Check - Keycloak JavaScript CI	UNKNOWN STEP	  "account-ui": {
Status Check - Keycloak JavaScript CI	UNKNOWN STEP	    "result": "success",
Status Check - Keycloak JavaScript CI	UNKNOWN STEP	    "outputs": {}
Status Check - Keycloak JavaScript CI	UNKNOWN STEP	  },
Status Check - Keycloak JavaScript CI	UNKNOWN STEP	  "account-ui-e2e": {
Status Check - Keycloak JavaScript CI	UNKNOWN STEP	    "result": "failure",
Status Check - Keycloak JavaScript CI	UNKNOWN STEP	    "outputs": {}
Status Check - Keycloak JavaScript CI	UNKNOWN STEP	  },
Status Check - Keycloak JavaScript CI	UNKNOWN STEP	  "admin-ui": {
Status Check - Keycloak JavaScript CI	UNKNOWN STEP	    "result": "success",
Status Check - Keycloak JavaScript CI	UNKNOWN STEP	    "outputs": {}
Status Check - Keycloak JavaScript CI	UNKNOWN STEP	  },
Status Check - Keycloak JavaScript CI	UNKNOWN STEP	  "admin-ui-e2e": {
Status Check - Keycloak JavaScript CI	UNKNOWN STEP	    "result": "success",
Status Check - Keycloak JavaScript CI	UNKNOWN STEP	    "outputs": {}
Status Check - Keycloak JavaScript CI	UNKNOWN STEP	  },
Status Check - Keycloak JavaScript CI	UNKNOWN STEP	  "keycloak-admin-client": {
Status Check - Keycloak JavaScript CI	UNKNOWN STEP	    "result": "success",
Status Check - Keycloak JavaScript CI	UNKNOWN STEP	    "outputs": {}
Status Check - Keycloak JavaScript CI	UNKNOWN STEP	  }
Status Check - Keycloak JavaScript CI	UNKNOWN STEP	}
Status Check - Keycloak JavaScript CI	UNKNOWN STEP	2026-02-10T16:11:39.6341841Z env:
Status Check - Keycloak JavaScript CI	UNKNOWN STEP	2026-02-10T16:11:39.6342132Z   MAVEN_ARGS: -B -nsu -Daether.connector.http.connectionMaxTtl=25
Status Check - Keycloak JavaScript CI	UNKNOWN STEP	2026-02-10T16:11:39.6342484Z ##[endgroup]
Status Check - Keycloak JavaScript CI	UNKNOWN STEP	2026-02-10T16:11:39.6456419Z ##[group]Run JOBS='{
Status Check - Keycloak JavaScript CI	UNKNOWN STEP	2026-02-10T16:11:39.6456775Z [36;1mJOBS='{[0m
Status Check - Keycloak JavaScript CI	UNKNOWN STEP	2026-02-10T16:11:39.6456982Z [36;1m  "conditional": {[0m
Status Check - Keycloak JavaScript CI	UNKNOWN STEP	2026-02-10T16:11:39.6457248Z [36;1m    "result": "success",[0m
Status Check - Keycloak JavaScript CI	UNKNOWN STEP	2026-02-10T16:11:39.6457488Z [36;1m    "outputs": {[0m
Status Check - Keycloak JavaScript CI	UNKNOWN STEP	2026-02-10T16:11:39.6457714Z [36;1m      "js-ci": "true"[0m
Status Check - Keycloak JavaScript CI	UNKNOWN STEP	2026-02-10T16:11:39.6457936Z [36;1m    }[0m
Status Check - Keycloak JavaScript CI	UNKNOWN STEP	2026-02-10T16:11:39.6458118Z [36;1m  },[0m
Status Check - Keycloak JavaScript CI	UNKNOWN STEP	2026-02-10T16:11:39.6458302Z [36;1m  "build-keycloak": {[0m
Status Check - Keycloak JavaScript CI	UNKNOWN STEP	2026-02-10T16:11:39.6458534Z [36;1m    "result": "success",[0m
Status Check - Keycloak JavaScript CI	UNKNOWN STEP	2026-02-10T16:11:39.6458768Z [36;1m    "outputs": {}[0m
Status Check - Keycloak JavaScript CI	UNKNOWN STEP	2026-02-10T16:11:39.6458969Z [36;1m  },[0m
Status Check - Keycloak JavaScript CI	UNKNOWN STEP	2026-02-10T16:11:39.6459156Z [36;1m  "admin-client": {[0m
Status Check - Keycloak JavaScript CI	UNKNOWN STEP	2026-02-10T16:11:39.6459387Z [36;1m    "result": "success",[0m
Status Check - Keycloak JavaScript CI	UNKNOWN STEP	2026-02-10T16:11:39.6459622Z [36;1m    "outputs": {}[0m
Status Check - Keycloak JavaScript CI	UNKNOWN STEP	2026-02-10T16:11:39.6459823Z [36;1m  },[0m
Status Check - Keycloak JavaScript CI	UNKNOWN STEP	2026-02-10T16:11:39.6460001Z [36;1m  "ui-shared": {[0m
Status Check - Keycloak JavaScript CI	UNKNOWN STEP	2026-02-10T16:11:39.6460206Z [36;1m    "result": "success",[0m
Status Check - Keycloak JavaScript CI	UNKNOWN STEP	2026-02-10T16:11:39.6460438Z [36;1m    "outputs": {}[0m
Status Check - Keycloak JavaScript CI	UNKNOWN STEP	2026-02-10T16:11:39.6460639Z [36;1m  },[0m
Status Check - Keycloak JavaScript CI	UNKNOWN STEP	2026-02-10T16:11:39.6460810Z [36;1m  "account-ui": {[0m
Status Check - Keycloak JavaScript CI	UNKNOWN STEP	2026-02-10T16:11:39.6461021Z [36;1m    "result": "success",[0m
Status Check - Keycloak JavaScript CI	UNKNOWN STEP	2026-02-10T16:11:39.6461236Z [36;1m    "outputs": {}[0m
Status Check - Keycloak JavaScript CI	UNKNOWN STEP	2026-02-10T16:11:39.6461435Z [36;1m  },[0m
Status Check - Keycloak JavaScript CI	UNKNOWN STEP	2026-02-10T16:11:39.6461608Z [36;1m  "account-ui-e2e": {[0m
Status Check - Keycloak JavaScript CI	UNKNOWN STEP	2026-02-10T16:11:39.6461830Z [36;1m    "result": "failure",[0m
Status Check - Keycloak JavaScript CI	UNKNOWN STEP	2026-02-10T16:11:39.6462048Z [36;1m    "outputs": {}[0m
Status Check - Keycloak JavaScript CI	UNKNOWN STEP	2026-02-10T16:11:39.6462248Z [36;1m  },[0m
Status Check - Keycloak JavaScript CI	UNKNOWN STEP	2026-02-10T16:11:39.6462418Z [36;1m  "admin-ui": {[0m
Status Check - Keycloak JavaScript CI	UNKNOWN STEP	2026-02-10T16:11:39.6462627Z [36;1m    "result": "success",[0m
Status Check - Keycloak JavaScript CI	UNKNOWN STEP	2026-02-10T16:11:39.6462862Z [36;1m    "outputs": {}[0m
Status Check - Keycloak JavaScript CI	UNKNOWN STEP	2026-02-10T16:11:39.6463068Z [36;1m  },[0m
Status Check - Keycloak JavaScript CI	UNKNOWN STEP	2026-02-10T16:11:39.6463255Z [36;1m  "admin-ui-e2e": {[0m
Status Check - Keycloak JavaScript CI	UNKNOWN STEP	2026-02-10T16:11:39.6463467Z [36;1m    "result": "success",[0m
Status Check - Keycloak JavaScript CI	UNKNOWN STEP	2026-02-10T16:11:39.6463877Z [36;1m    "outputs": {}[0m
Status Check - Keycloak JavaScript CI	UNKNOWN STEP	2026-02-10T16:11:39.6464089Z [36;1m  },[0m
Status Check - Keycloak JavaScript CI	UNKNOWN STEP	2026-02-10T16:11:39.6464288Z [36;1m  "keycloak-admin-client": {[0m
Status Check - Keycloak JavaScript CI	UNKNOWN STEP	2026-02-10T16:11:39.6464532Z [36;1m    "result": "success",[0m
Status Check - Keycloak JavaScript CI	UNKNOWN STEP	2026-02-10T16:11:39.6464760Z [36;1m    "outputs": {}[0m
Status Check - Keycloak JavaScript CI	UNKNOWN STEP	2026-02-10T16:11:39.6464956Z [36;1m  }[0m
Status Check - Keycloak JavaScript CI	UNKNOWN STEP	2026-02-10T16:11:39.6465123Z [36;1m}'[0m
Status Check - Keycloak JavaScript CI	UNKNOWN STEP	2026-02-10T16:11:39.6465296Z [36;1m[0m
Status Check - Keycloak JavaScript CI	UNKNOWN STEP	2026-02-10T16:11:39.6465470Z [36;1mecho "Job status:"[0m
Status Check - Keycloak JavaScript CI	UNKNOWN STEP	2026-02-10T16:11:39.6465815Z [36;1mecho $JOBS | jq -r 'to_entries[] | " - \(.key): \(.value.result)"'[0m
Status Check - Keycloak JavaScript CI	UNKNOWN STEP	2026-02-10T16:11:39.6466196Z [36;1m[0m
Status Check - Keycloak JavaScript CI	UNKNOWN STEP	2026-02-10T16:11:39.6466497Z [36;1mfor i in $(echo $JOBS | jq -r 'to_entries[] | .value.result'); do[0m
Status Check - Keycloak JavaScript CI	UNKNOWN STEP	2026-02-10T16:11:39.6466899Z [36;1m  if [ "$i" != "success" ] && [ "$i" != "skipped" ]; then[0m
Status Check - Keycloak JavaScript CI	UNKNOWN STEP	2026-02-10T16:11:39.6467435Z [36;1m    echo ""[0m
Status Check - Keycloak JavaScript CI	UNKNOWN STEP	2026-02-10T16:11:39.6467654Z [36;1m    echo "Status check not okay!"[0m
Status Check - Keycloak JavaScript CI	UNKNOWN STEP	2026-02-10T16:11:39.6467895Z [36;1m    exit 1[0m
Status Check - Keycloak JavaScript CI	UNKNOWN STEP	2026-02-10T16:11:39.6468082Z [36;1m  fi[0m
Status Check - Keycloak JavaScript CI	UNKNOWN STEP	2026-02-10T16:11:39.6468248Z [36;1mdone[0m
Status Check - Keycloak JavaScript CI	UNKNOWN STEP	2026-02-10T16:11:39.6507827Z shell: /usr/bin/bash --noprofile --norc -e -o pipefail {0}
Status Check - Keycloak JavaScript CI	UNKNOWN STEP	2026-02-10T16:11:39.6508203Z env:
Status Check - Keycloak JavaScript CI	UNKNOWN STEP	2026-02-10T16:11:39.6508487Z   MAVEN_ARGS: -B -nsu -Daether.connector.http.connectionMaxTtl=25
Status Check - Keycloak JavaScript CI	UNKNOWN STEP	2026-02-10T16:11:39.6508839Z ##[endgroup]
Status Check - Keycloak JavaScript CI	UNKNOWN STEP	2026-02-10T16:11:39.6589345Z Job status:
Status Check - Keycloak JavaScript CI	UNKNOWN STEP	2026-02-10T16:11:39.6620540Z  - conditional: success
Status Check - Keycloak JavaScript CI	UNKNOWN STEP	2026-02-10T16:11:39.6620991Z  - build-keycloak: success
Status Check - Keycloak JavaScript CI	UNKNOWN STEP	2026-02-10T16:11:39.6621420Z  - admin-client: success
Status Check - Keycloak JavaScript CI	UNKNOWN STEP	2026-02-10T16:11:39.6621661Z  - ui-shared: success
Status Check - Keycloak JavaScript CI	UNKNOWN STEP	2026-02-10T16:11:39.6621872Z  - account-ui: success
Status Check - Keycloak JavaScript CI	UNKNOWN STEP	2026-02-10T16:11:39.6622099Z  - account-ui-e2e: failure
Status Check - Keycloak JavaScript CI	UNKNOWN STEP	2026-02-10T16:11:39.6622330Z  - admin-ui: success
Status Check - Keycloak JavaScript CI	UNKNOWN STEP	2026-02-10T16:11:39.6622539Z  - admin-ui-e2e: success
Status Check - Keycloak JavaScript CI	UNKNOWN STEP	2026-02-10T16:11:39.6622780Z  - keycloak-admin-client: success
Status Check - Keycloak JavaScript CI	UNKNOWN STEP	2026-02-10T16:11:39.6657549Z 
Status Check - Keycloak JavaScript CI	UNKNOWN STEP	2026-02-10T16:11:39.6657783Z Status check not okay!
Status Check - Keycloak JavaScript CI	UNKNOWN STEP	2026-02-10T16:11:39.6672730Z ##[error]Process completed with exit code 1.
Status Check - Keycloak JavaScript CI	UNKNOWN STEP	2026-02-10T16:11:39.6898400Z Post job cleanup.
Status Check - Keycloak JavaScript CI	UNKNOWN STEP	2026-02-10T16:11:39.7767066Z [command]/usr/bin/git version
Status Check - Keycloak JavaScript CI	UNKNOWN STEP	2026-02-10T16:11:39.7805490Z git version 2.52.0
Status Check - Keycloak JavaScript CI	UNKNOWN STEP	2026-02-10T16:11:39.7845990Z Temporarily overriding HOME='/home/runner/work/_temp/8ca82a7e-70ba-40b7-86dc-4133c5621267' before making global git config changes
Status Check - Keycloak JavaScript CI	UNKNOWN STEP	2026-02-10T16:11:39.7847375Z Adding repository directory to the temporary git global config as a safe directory
Status Check - Keycloak JavaScript CI	UNKNOWN STEP	2026-02-10T16:11:39.7852258Z [command]/usr/bin/git config --global --add safe.directory /home/runner/work/keycloak/keycloak
Status Check - Keycloak JavaScript CI	UNKNOWN STEP	2026-02-10T16:11:39.7890690Z [command]/usr/bin/git config --local --name-only --get-regexp core\.sshCommand
Status Check - Keycloak JavaScript CI	UNKNOWN STEP	2026-02-10T16:11:39.7926379Z [command]/usr/bin/git submodule foreach --recursive sh -c "git config --local --name-only --get-regexp 'core\.sshCommand' && git config --local --unset-all 'core.sshCommand' || :"
Status Check - Keycloak JavaScript CI	UNKNOWN STEP	2026-02-10T16:11:39.8178431Z [command]/usr/bin/git config --local --name-only --get-regexp http\.https\:\/\/github\.com\/\.extraheader
Status Check - Keycloak JavaScript CI	UNKNOWN STEP	2026-02-10T16:11:39.8203196Z http.https://github.com/.extraheader
Status Check - Keycloak JavaScript CI	UNKNOWN STEP	2026-02-10T16:11:39.8214579Z [command]/usr/bin/git config --local --unset-all http.https://github.com/.extraheader
Status Check - Keycloak JavaScript CI	UNKNOWN STEP	2026-02-10T16:11:39.8247910Z [command]/usr/bin/git submodule foreach --recursive sh -c "git config --local --name-only --get-regexp 'http\.https\:\/\/github\.com\/\.extraheader' && git config --local --unset-all 'http.https://github.com/.extraheader' || :"
Status Check - Keycloak JavaScript CI	UNKNOWN STEP	2026-02-10T16:11:39.8614480Z Cleaning up orphan processes
