SSSD	UNKNOWN STEP	ï»¿2025-10-17T14:03:47.3753445Z Current runner version: '2.329.0'
SSSD	UNKNOWN STEP	2025-10-17T14:03:47.3777558Z ##[group]Runner Image Provisioner
SSSD	UNKNOWN STEP	2025-10-17T14:03:47.3778510Z Hosted Compute Agent
SSSD	UNKNOWN STEP	2025-10-17T14:03:47.3779092Z Version: 20251013.424
SSSD	UNKNOWN STEP	2025-10-17T14:03:47.3779717Z Commit: cfdd8bfed34d71a55b72df4d2e82343c3fc2bab3
SSSD	UNKNOWN STEP	2025-10-17T14:03:47.3780501Z Build Date: 2025-10-13T20:22:23Z
SSSD	UNKNOWN STEP	2025-10-17T14:03:47.3781138Z ##[endgroup]
SSSD	UNKNOWN STEP	2025-10-17T14:03:47.3781684Z ##[group]Operating System
SSSD	UNKNOWN STEP	2025-10-17T14:03:47.3782343Z Ubuntu
SSSD	UNKNOWN STEP	2025-10-17T14:03:47.3782814Z 24.04.3
SSSD	UNKNOWN STEP	2025-10-17T14:03:47.3783306Z LTS
SSSD	UNKNOWN STEP	2025-10-17T14:03:47.3783950Z ##[endgroup]
SSSD	UNKNOWN STEP	2025-10-17T14:03:47.3784443Z ##[group]Runner Image
SSSD	UNKNOWN STEP	2025-10-17T14:03:47.3785217Z Image: ubuntu-24.04
SSSD	UNKNOWN STEP	2025-10-17T14:03:47.3785795Z Version: 20251014.76.1
SSSD	UNKNOWN STEP	2025-10-17T14:03:47.3786964Z Included Software: https://github.com/actions/runner-images/blob/ubuntu24/20251014.76/images/ubuntu/Ubuntu2404-Readme.md
SSSD	UNKNOWN STEP	2025-10-17T14:03:47.3788679Z Image Release: https://github.com/actions/runner-images/releases/tag/ubuntu24%2F20251014.76
SSSD	UNKNOWN STEP	2025-10-17T14:03:47.3789806Z ##[endgroup]
SSSD	UNKNOWN STEP	2025-10-17T14:03:47.3790862Z ##[group]GITHUB_TOKEN Permissions
SSSD	UNKNOWN STEP	2025-10-17T14:03:47.3792733Z Contents: read
SSSD	UNKNOWN STEP	2025-10-17T14:03:47.3793277Z Metadata: read
SSSD	UNKNOWN STEP	2025-10-17T14:03:47.3793730Z ##[endgroup]
SSSD	UNKNOWN STEP	2025-10-17T14:03:47.3796291Z Secret source: None
SSSD	UNKNOWN STEP	2025-10-17T14:03:47.3796944Z Prepare workflow directory
SSSD	UNKNOWN STEP	2025-10-17T14:03:47.4203184Z Prepare all required actions
SSSD	UNKNOWN STEP	2025-10-17T14:03:47.4240537Z Getting action download info
SSSD	UNKNOWN STEP	2025-10-17T14:03:47.9292240Z Download action repository 'actions/checkout@08c6903cd8c0fde910a37f88322edcfb5dd907a8' (SHA:08c6903cd8c0fde910a37f88322edcfb5dd907a8)
SSSD	UNKNOWN STEP	2025-10-17T14:03:48.1090892Z Download action repository 'actions/cache@0057852bfaa89a56745cba8c7296529d2fc39830' (SHA:0057852bfaa89a56745cba8c7296529d2fc39830)
SSSD	UNKNOWN STEP	2025-10-17T14:03:48.2810083Z Complete job name: SSSD
SSSD	UNKNOWN STEP	2025-10-17T14:03:48.3496767Z ##[group]Run actions/checkout@08c6903cd8c0fde910a37f88322edcfb5dd907a8
SSSD	UNKNOWN STEP	2025-10-17T14:03:48.3497781Z with:
SSSD	UNKNOWN STEP	2025-10-17T14:03:48.3498190Z   repository: keycloak/keycloak
SSSD	UNKNOWN STEP	2025-10-17T14:03:48.3498860Z   token: ***
SSSD	UNKNOWN STEP	2025-10-17T14:03:48.3499254Z   ssh-strict: true
SSSD	UNKNOWN STEP	2025-10-17T14:03:48.3499782Z   ssh-user: git
SSSD	UNKNOWN STEP	2025-10-17T14:03:48.3500202Z   persist-credentials: true
SSSD	UNKNOWN STEP	2025-10-17T14:03:48.3500657Z   clean: true
SSSD	UNKNOWN STEP	2025-10-17T14:03:48.3501060Z   sparse-checkout-cone-mode: true
SSSD	UNKNOWN STEP	2025-10-17T14:03:48.3501556Z   fetch-depth: 1
SSSD	UNKNOWN STEP	2025-10-17T14:03:48.3501950Z   fetch-tags: false
SSSD	UNKNOWN STEP	2025-10-17T14:03:48.3502366Z   show-progress: true
SSSD	UNKNOWN STEP	2025-10-17T14:03:48.3502779Z   lfs: false
SSSD	UNKNOWN STEP	2025-10-17T14:03:48.3503156Z   submodules: false
SSSD	UNKNOWN STEP	2025-10-17T14:03:48.3503573Z   set-safe-directory: true
SSSD	UNKNOWN STEP	2025-10-17T14:03:48.3504261Z env:
SSSD	UNKNOWN STEP	2025-10-17T14:03:48.3505035Z   MAVEN_ARGS: -B -nsu -Daether.connector.http.connectionMaxTtl=25
SSSD	UNKNOWN STEP	2025-10-17T14:03:48.3505719Z   SUREFIRE_RERUN_FAILING_COUNT: 2
SSSD	UNKNOWN STEP	2025-10-17T14:03:48.3506335Z   SUREFIRE_RETRY: -Dsurefire.rerunFailingTestsCount=2
SSSD	UNKNOWN STEP	2025-10-17T14:03:48.3506907Z ##[endgroup]
SSSD	UNKNOWN STEP	2025-10-17T14:03:48.4434663Z Syncing repository: keycloak/keycloak
SSSD	UNKNOWN STEP	2025-10-17T14:03:48.4436897Z ##[group]Getting Git version info
SSSD	UNKNOWN STEP	2025-10-17T14:03:48.4437996Z Working directory is '/home/runner/work/keycloak/keycloak'
SSSD	UNKNOWN STEP	2025-10-17T14:03:48.4439646Z [command]/usr/bin/git version
SSSD	UNKNOWN STEP	2025-10-17T14:03:48.4500764Z git version 2.51.0
SSSD	UNKNOWN STEP	2025-10-17T14:03:48.4523385Z ##[endgroup]
SSSD	UNKNOWN STEP	2025-10-17T14:03:48.4539841Z Temporarily overriding HOME='/home/runner/work/_temp/6a0bb7bd-654e-4ebb-ad45-1caa410c1e1a' before making global git config changes
SSSD	UNKNOWN STEP	2025-10-17T14:03:48.4541786Z Adding repository directory to the temporary git global config as a safe directory
SSSD	UNKNOWN STEP	2025-10-17T14:03:48.4546966Z [command]/usr/bin/git config --global --add safe.directory /home/runner/work/keycloak/keycloak
SSSD	UNKNOWN STEP	2025-10-17T14:03:48.4587956Z Deleting the contents of '/home/runner/work/keycloak/keycloak'
SSSD	UNKNOWN STEP	2025-10-17T14:03:48.4592042Z ##[group]Initializing the repository
SSSD	UNKNOWN STEP	2025-10-17T14:03:48.4597388Z [command]/usr/bin/git init /home/runner/work/keycloak/keycloak
SSSD	UNKNOWN STEP	2025-10-17T14:03:48.4697460Z hint: Using 'master' as the name for the initial branch. This default branch name
SSSD	UNKNOWN STEP	2025-10-17T14:03:48.4699291Z hint: is subject to change. To configure the initial branch name to use in all
SSSD	UNKNOWN STEP	2025-10-17T14:03:48.4701244Z hint: of your new repositories, which will suppress this warning, call:
SSSD	UNKNOWN STEP	2025-10-17T14:03:48.4702466Z hint:
SSSD	UNKNOWN STEP	2025-10-17T14:03:48.4703330Z hint: 	git config --global init.defaultBranch <name>
SSSD	UNKNOWN STEP	2025-10-17T14:03:48.4704349Z hint:
SSSD	UNKNOWN STEP	2025-10-17T14:03:48.4705726Z hint: Names commonly chosen instead of 'master' are 'main', 'trunk' and
SSSD	UNKNOWN STEP	2025-10-17T14:03:48.4707365Z hint: 'development'. The just-created branch can be renamed via this command:
SSSD	UNKNOWN STEP	2025-10-17T14:03:48.4708663Z hint:
SSSD	UNKNOWN STEP	2025-10-17T14:03:48.4709375Z hint: 	git branch -m <name>
SSSD	UNKNOWN STEP	2025-10-17T14:03:48.4710168Z hint:
SSSD	UNKNOWN STEP	2025-10-17T14:03:48.4711272Z hint: Disable this message with "git config set advice.defaultBranchName false"
SSSD	UNKNOWN STEP	2025-10-17T14:03:48.4713095Z Initialized empty Git repository in /home/runner/work/keycloak/keycloak/.git/
SSSD	UNKNOWN STEP	2025-10-17T14:03:48.4716293Z [command]/usr/bin/git remote add origin https://github.com/keycloak/keycloak
SSSD	UNKNOWN STEP	2025-10-17T14:03:48.4787568Z ##[endgroup]
SSSD	UNKNOWN STEP	2025-10-17T14:03:48.4788940Z ##[group]Disabling automatic garbage collection
SSSD	UNKNOWN STEP	2025-10-17T14:03:48.4791681Z [command]/usr/bin/git config --local gc.auto 0
SSSD	UNKNOWN STEP	2025-10-17T14:03:48.4820478Z ##[endgroup]
SSSD	UNKNOWN STEP	2025-10-17T14:03:48.4821684Z ##[group]Setting up auth
SSSD	UNKNOWN STEP	2025-10-17T14:03:48.4827648Z [command]/usr/bin/git config --local --name-only --get-regexp core\.sshCommand
SSSD	UNKNOWN STEP	2025-10-17T14:03:48.4861324Z [command]/usr/bin/git submodule foreach --recursive sh -c "git config --local --name-only --get-regexp 'core\.sshCommand' && git config --local --unset-all 'core.sshCommand' || :"
SSSD	UNKNOWN STEP	2025-10-17T14:03:48.5191779Z [command]/usr/bin/git config --local --name-only --get-regexp http\.https\:\/\/github\.com\/\.extraheader
SSSD	UNKNOWN STEP	2025-10-17T14:03:48.5224746Z [command]/usr/bin/git submodule foreach --recursive sh -c "git config --local --name-only --get-regexp 'http\.https\:\/\/github\.com\/\.extraheader' && git config --local --unset-all 'http.https://github.com/.extraheader' || :"
SSSD	UNKNOWN STEP	2025-10-17T14:03:48.5449971Z [command]/usr/bin/git config --local http.https://github.com/.extraheader AUTHORIZATION: basic ***
SSSD	UNKNOWN STEP	2025-10-17T14:03:48.5484435Z ##[endgroup]
SSSD	UNKNOWN STEP	2025-10-17T14:03:48.5485375Z ##[group]Fetching the repository
SSSD	UNKNOWN STEP	2025-10-17T14:03:48.5493884Z [command]/usr/bin/git -c protocol.version=2 fetch --no-tags --prune --no-recurse-submodules --depth=1 origin +c8236e08887429ee37cd9a2465523c879e88ea7b:refs/remotes/pull/42946/merge
SSSD	UNKNOWN STEP	2025-10-17T14:03:53.8030345Z From https://github.com/keycloak/keycloak
SSSD	UNKNOWN STEP	2025-10-17T14:03:53.8032341Z  * [new ref]         c8236e08887429ee37cd9a2465523c879e88ea7b -> pull/42946/merge
SSSD	UNKNOWN STEP	2025-10-17T14:03:53.8064418Z ##[endgroup]
SSSD	UNKNOWN STEP	2025-10-17T14:03:53.8065990Z ##[group]Determining the checkout info
SSSD	UNKNOWN STEP	2025-10-17T14:03:53.8067833Z ##[endgroup]
SSSD	UNKNOWN STEP	2025-10-17T14:03:53.8073774Z [command]/usr/bin/git sparse-checkout disable
SSSD	UNKNOWN STEP	2025-10-17T14:03:53.8116420Z [command]/usr/bin/git config --local --unset-all extensions.worktreeConfig
SSSD	UNKNOWN STEP	2025-10-17T14:03:53.8146107Z ##[group]Checking out the ref
SSSD	UNKNOWN STEP	2025-10-17T14:03:53.8147748Z [command]/usr/bin/git checkout --progress --force refs/remotes/pull/42946/merge
SSSD	UNKNOWN STEP	2025-10-17T14:03:54.6247413Z Note: switching to 'refs/remotes/pull/42946/merge'.
SSSD	UNKNOWN STEP	2025-10-17T14:03:54.6250979Z 
SSSD	UNKNOWN STEP	2025-10-17T14:03:54.6251967Z You are in 'detached HEAD' state. You can look around, make experimental
SSSD	UNKNOWN STEP	2025-10-17T14:03:54.6254132Z changes and commit them, and you can discard any commits you make in this
SSSD	UNKNOWN STEP	2025-10-17T14:03:54.6256585Z state without impacting any branches by switching back to a branch.
SSSD	UNKNOWN STEP	2025-10-17T14:03:54.6257687Z 
SSSD	UNKNOWN STEP	2025-10-17T14:03:54.6258243Z If you want to create a new branch to retain commits you create, you may
SSSD	UNKNOWN STEP	2025-10-17T14:03:54.6259437Z do so (now or later) by using -c with the switch command. Example:
SSSD	UNKNOWN STEP	2025-10-17T14:03:54.6260009Z 
SSSD	UNKNOWN STEP	2025-10-17T14:03:54.6260343Z   git switch -c <new-branch-name>
SSSD	UNKNOWN STEP	2025-10-17T14:03:54.6260871Z 
SSSD	UNKNOWN STEP	2025-10-17T14:03:54.6261243Z Or undo this operation with:
SSSD	UNKNOWN STEP	2025-10-17T14:03:54.6261790Z 
SSSD	UNKNOWN STEP	2025-10-17T14:03:54.6262075Z   git switch -
SSSD	UNKNOWN STEP	2025-10-17T14:03:54.6262546Z 
SSSD	UNKNOWN STEP	2025-10-17T14:03:54.6263249Z Turn off this advice by setting config variable advice.detachedHead to false
SSSD	UNKNOWN STEP	2025-10-17T14:03:54.6264916Z 
SSSD	UNKNOWN STEP	2025-10-17T14:03:54.6265989Z HEAD is now at c8236e0 Merge dffe31684894eda91822cae0c6219f3e18e8bf7a into 2300b3fc784e6dee0caab2212e5e632788d06cd6
SSSD	UNKNOWN STEP	2025-10-17T14:03:54.6285075Z ##[endgroup]
SSSD	UNKNOWN STEP	2025-10-17T14:03:54.6330233Z [command]/usr/bin/git log -1 --format=%H
SSSD	UNKNOWN STEP	2025-10-17T14:03:54.6354167Z c8236e08887429ee37cd9a2465523c879e88ea7b
SSSD	UNKNOWN STEP	2025-10-17T14:03:54.6595818Z Prepare all required actions
SSSD	UNKNOWN STEP	2025-10-17T14:03:54.6596326Z Getting action download info
SSSD	UNKNOWN STEP	2025-10-17T14:03:54.8627747Z Download action repository 'actions/download-artifact@d3f86a106a0bac45b974a628896c90dbdf5c8093' (SHA:d3f86a106a0bac45b974a628896c90dbdf5c8093)
SSSD	UNKNOWN STEP	2025-10-17T14:03:55.4813119Z ##[group]Run ./.github/actions/integration-test-setup
SSSD	UNKNOWN STEP	2025-10-17T14:03:55.4813540Z with:
SSSD	UNKNOWN STEP	2025-10-17T14:03:55.4813776Z   jdk-dist: temurin
SSSD	UNKNOWN STEP	2025-10-17T14:03:55.4814023Z   jdk-version: 21
SSSD	UNKNOWN STEP	2025-10-17T14:03:55.4814283Z env:
SSSD	UNKNOWN STEP	2025-10-17T14:03:55.4814785Z   MAVEN_ARGS: -B -nsu -Daether.connector.http.connectionMaxTtl=25
SSSD	UNKNOWN STEP	2025-10-17T14:03:55.4815248Z   SUREFIRE_RERUN_FAILING_COUNT: 2
SSSD	UNKNOWN STEP	2025-10-17T14:03:55.4815597Z   SUREFIRE_RETRY: -Dsurefire.rerunFailingTestsCount=2
SSSD	UNKNOWN STEP	2025-10-17T14:03:55.4815952Z ##[endgroup]
SSSD	UNKNOWN STEP	2025-10-17T14:03:55.4908463Z Prepare all required actions
SSSD	UNKNOWN STEP	2025-10-17T14:03:55.5026552Z ##[group]Run ./.github/actions/update-hosts
SSSD	UNKNOWN STEP	2025-10-17T14:03:55.5026885Z env:
SSSD	UNKNOWN STEP	2025-10-17T14:03:55.5027235Z   MAVEN_ARGS: -B -nsu -Daether.connector.http.connectionMaxTtl=25
SSSD	UNKNOWN STEP	2025-10-17T14:03:55.5027634Z   SUREFIRE_RERUN_FAILING_COUNT: 2
SSSD	UNKNOWN STEP	2025-10-17T14:03:55.5027966Z   SUREFIRE_RETRY: -Dsurefire.rerunFailingTestsCount=2
SSSD	UNKNOWN STEP	2025-10-17T14:03:55.5028280Z ##[endgroup]
SSSD	UNKNOWN STEP	2025-10-17T14:03:55.5082452Z ##[group]Run printf "\n\n$(cat .github/actions/update-hosts/hosts)" | sudo tee -a /etc/hosts
SSSD	UNKNOWN STEP	2025-10-17T14:03:55.5083203Z [36;1mprintf "\n\n$(cat .github/actions/update-hosts/hosts)" | sudo tee -a /etc/hosts[0m
SSSD	UNKNOWN STEP	2025-10-17T14:03:55.5116869Z shell: /usr/bin/bash --noprofile --norc -e -o pipefail {0}
SSSD	UNKNOWN STEP	2025-10-17T14:03:55.5117271Z env:
SSSD	UNKNOWN STEP	2025-10-17T14:03:55.5117637Z   MAVEN_ARGS: -B -nsu -Daether.connector.http.connectionMaxTtl=25
SSSD	UNKNOWN STEP	2025-10-17T14:03:55.5118050Z   SUREFIRE_RERUN_FAILING_COUNT: 2
SSSD	UNKNOWN STEP	2025-10-17T14:03:55.5118411Z   SUREFIRE_RETRY: -Dsurefire.rerunFailingTestsCount=2
SSSD	UNKNOWN STEP	2025-10-17T14:03:55.5118776Z ##[endgroup]
SSSD	UNKNOWN STEP	2025-10-17T14:03:55.5257610Z 
SSSD	UNKNOWN STEP	2025-10-17T14:03:55.5257637Z 
SSSD	UNKNOWN STEP	2025-10-17T14:03:55.5258615Z 127.0.0.1 localtest.me admin.localtest.me localhost-myapp.localtest.me localhost-sso.localtest.me realmFrontend.localtest.me proxy.kc.localtest.me
SSSD	UNKNOWN STEP	2025-10-17T14:03:55.5273275Z ::1 localtest.me admin.localtest.me localhost-myapp.localtest.me localhost-sso.localtest.me realmFrontend.localtest.me proxy.kc.localtest.me
SSSD	UNKNOWN STEP	2025-10-17T14:03:55.5327559Z Prepare all required actions
SSSD	UNKNOWN STEP	2025-10-17T14:03:55.5327948Z Getting action download info
SSSD	UNKNOWN STEP	2025-10-17T14:03:55.7365252Z Download action repository 'actions/setup-java@c5195efecf7bdfc987ee8bae7a71cb8b11521c00' (SHA:c5195efecf7bdfc987ee8bae7a71cb8b11521c00)
SSSD	UNKNOWN STEP	2025-10-17T14:03:56.4019954Z ##[group]Run ./.github/actions/java-setup
SSSD	UNKNOWN STEP	2025-10-17T14:03:56.4020279Z with:
SSSD	UNKNOWN STEP	2025-10-17T14:03:56.4020481Z   distribution: temurin
SSSD	UNKNOWN STEP	2025-10-17T14:03:56.4020712Z   java-version: 21
SSSD	UNKNOWN STEP	2025-10-17T14:03:56.4020913Z env:
SSSD	UNKNOWN STEP	2025-10-17T14:03:56.4021216Z   MAVEN_ARGS: -B -nsu -Daether.connector.http.connectionMaxTtl=25
SSSD	UNKNOWN STEP	2025-10-17T14:03:56.4021617Z   SUREFIRE_RERUN_FAILING_COUNT: 2
SSSD	UNKNOWN STEP	2025-10-17T14:03:56.4021968Z   SUREFIRE_RETRY: -Dsurefire.rerunFailingTestsCount=2
SSSD	UNKNOWN STEP	2025-10-17T14:03:56.4022298Z ##[endgroup]
SSSD	UNKNOWN STEP	2025-10-17T14:03:56.4118690Z ##[group]Run actions/setup-java@c5195efecf7bdfc987ee8bae7a71cb8b11521c00
SSSD	UNKNOWN STEP	2025-10-17T14:03:56.4119098Z with:
SSSD	UNKNOWN STEP	2025-10-17T14:03:56.4119295Z   distribution: temurin
SSSD	UNKNOWN STEP	2025-10-17T14:03:56.4119513Z   java-version: 21
SSSD	UNKNOWN STEP	2025-10-17T14:03:56.4119720Z   java-package: jdk
SSSD	UNKNOWN STEP	2025-10-17T14:03:56.4119927Z   check-latest: false
SSSD	UNKNOWN STEP	2025-10-17T14:03:56.4120139Z   server-id: github
SSSD	UNKNOWN STEP	2025-10-17T14:03:56.4120344Z   server-username: GITHUB_ACTOR
SSSD	UNKNOWN STEP	2025-10-17T14:03:56.4120607Z   server-password: GITHUB_TOKEN
SSSD	UNKNOWN STEP	2025-10-17T14:03:56.4120858Z   overwrite-settings: true
SSSD	UNKNOWN STEP	2025-10-17T14:03:56.4121300Z   job-status: success
SSSD	UNKNOWN STEP	2025-10-17T14:03:56.4121630Z   token: ***
SSSD	UNKNOWN STEP	2025-10-17T14:03:56.4121813Z env:
SSSD	UNKNOWN STEP	2025-10-17T14:03:56.4122094Z   MAVEN_ARGS: -B -nsu -Daether.connector.http.connectionMaxTtl=25
SSSD	UNKNOWN STEP	2025-10-17T14:03:56.4122464Z   SUREFIRE_RERUN_FAILING_COUNT: 2
SSSD	UNKNOWN STEP	2025-10-17T14:03:56.4122779Z   SUREFIRE_RETRY: -Dsurefire.rerunFailingTestsCount=2
SSSD	UNKNOWN STEP	2025-10-17T14:03:56.4123266Z ##[endgroup]
SSSD	UNKNOWN STEP	2025-10-17T14:03:56.6142719Z ##[group]Installed distributions
SSSD	UNKNOWN STEP	2025-10-17T14:03:56.6203349Z Resolved Java 21.0.8+9 from tool-cache
SSSD	UNKNOWN STEP	2025-10-17T14:03:56.6204114Z Setting Java 21.0.8+9 as the default
SSSD	UNKNOWN STEP	2025-10-17T14:03:56.6218411Z Creating toolchains.xml for JDK version 21 from temurin
SSSD	UNKNOWN STEP	2025-10-17T14:03:56.6297224Z Writing to /home/runner/.m2/toolchains.xml
SSSD	UNKNOWN STEP	2025-10-17T14:03:56.6297846Z 
SSSD	UNKNOWN STEP	2025-10-17T14:03:56.6298378Z Java configuration:
SSSD	UNKNOWN STEP	2025-10-17T14:03:56.6299094Z   Distribution: temurin
SSSD	UNKNOWN STEP	2025-10-17T14:03:56.6300936Z   Version: 21.0.8+9
SSSD	UNKNOWN STEP	2025-10-17T14:03:56.6301513Z   Path: /opt/hostedtoolcache/Java_Temurin-Hotspot_jdk/21.0.8-9/x64
SSSD	UNKNOWN STEP	2025-10-17T14:03:56.6302114Z 
SSSD	UNKNOWN STEP	2025-10-17T14:03:56.6302582Z ##[endgroup]
SSSD	UNKNOWN STEP	2025-10-17T14:03:56.6321203Z Creating settings.xml with server-id: github
SSSD	UNKNOWN STEP	2025-10-17T14:03:56.6324207Z Writing to /home/runner/.m2/settings.xml
SSSD	UNKNOWN STEP	2025-10-17T14:03:56.6474341Z Prepare all required actions
SSSD	UNKNOWN STEP	2025-10-17T14:03:56.6474903Z Getting action download info
SSSD	UNKNOWN STEP	2025-10-17T14:03:56.8413163Z Download action repository 'actions/cache@5a3ec84eff668545956fd18022155c47e93e2684' (SHA:5a3ec84eff668545956fd18022155c47e93e2684)
SSSD	UNKNOWN STEP	2025-10-17T14:03:57.0106181Z ##[group]Run ./.github/actions/maven-cache
SSSD	UNKNOWN STEP	2025-10-17T14:03:57.0106455Z with:
SSSD	UNKNOWN STEP	2025-10-17T14:03:57.0106652Z   create-cache-if-it-doesnt-exist: false
SSSD	UNKNOWN STEP	2025-10-17T14:03:57.0106902Z env:
SSSD	UNKNOWN STEP	2025-10-17T14:03:57.0107161Z   MAVEN_ARGS: -B -nsu -Daether.connector.http.connectionMaxTtl=25
SSSD	UNKNOWN STEP	2025-10-17T14:03:57.0107513Z   SUREFIRE_RERUN_FAILING_COUNT: 2
SSSD	UNKNOWN STEP	2025-10-17T14:03:57.0107801Z   SUREFIRE_RETRY: -Dsurefire.rerunFailingTestsCount=2
SSSD	UNKNOWN STEP	2025-10-17T14:03:57.0108206Z   JAVA_HOME: /opt/hostedtoolcache/Java_Temurin-Hotspot_jdk/21.0.8-9/x64
SSSD	UNKNOWN STEP	2025-10-17T14:03:57.0108678Z   JAVA_HOME_21_X64: /opt/hostedtoolcache/Java_Temurin-Hotspot_jdk/21.0.8-9/x64
SSSD	UNKNOWN STEP	2025-10-17T14:03:57.0109021Z ##[endgroup]
SSSD	UNKNOWN STEP	2025-10-17T14:03:57.0138776Z ##[group]Run echo "key=mvn-`date -u "+%Y-%U"`" >> $GITHUB_OUTPUT
SSSD	UNKNOWN STEP	2025-10-17T14:03:57.0139193Z [36;1mecho "key=mvn-`date -u "+%Y-%U"`" >> $GITHUB_OUTPUT[0m
SSSD	UNKNOWN STEP	2025-10-17T14:03:57.0171638Z shell: /usr/bin/bash --noprofile --norc -e -o pipefail {0}
SSSD	UNKNOWN STEP	2025-10-17T14:03:57.0171976Z env:
SSSD	UNKNOWN STEP	2025-10-17T14:03:57.0172253Z   MAVEN_ARGS: -B -nsu -Daether.connector.http.connectionMaxTtl=25
SSSD	UNKNOWN STEP	2025-10-17T14:03:57.0172603Z   SUREFIRE_RERUN_FAILING_COUNT: 2
SSSD	UNKNOWN STEP	2025-10-17T14:03:57.0172897Z   SUREFIRE_RETRY: -Dsurefire.rerunFailingTestsCount=2
SSSD	UNKNOWN STEP	2025-10-17T14:03:57.0173317Z   JAVA_HOME: /opt/hostedtoolcache/Java_Temurin-Hotspot_jdk/21.0.8-9/x64
SSSD	UNKNOWN STEP	2025-10-17T14:03:57.0173790Z   JAVA_HOME_21_X64: /opt/hostedtoolcache/Java_Temurin-Hotspot_jdk/21.0.8-9/x64
SSSD	UNKNOWN STEP	2025-10-17T14:03:57.0174194Z ##[endgroup]
SSSD	UNKNOWN STEP	2025-10-17T14:03:57.0342349Z ##[group]Run actions/cache/restore@5a3ec84eff668545956fd18022155c47e93e2684
SSSD	UNKNOWN STEP	2025-10-17T14:03:57.0342785Z with:
SSSD	UNKNOWN STEP	2025-10-17T14:03:57.0343025Z   path: ~/.m2/repository/*/*
SSSD	UNKNOWN STEP	!~/.m2/repository/org/keycloak
SSSD	UNKNOWN STEP	
SSSD	UNKNOWN STEP	2025-10-17T14:03:57.0343345Z   key: mvn-Linux-mvn-2025-41
SSSD	UNKNOWN STEP	2025-10-17T14:03:57.0343575Z   restore-keys: mvn--mvn-2025-41
SSSD	UNKNOWN STEP	
SSSD	UNKNOWN STEP	2025-10-17T14:03:57.0343821Z   enableCrossOsArchive: true
SSSD	UNKNOWN STEP	2025-10-17T14:03:57.0344060Z   fail-on-cache-miss: false
SSSD	UNKNOWN STEP	2025-10-17T14:03:57.0344283Z   lookup-only: false
SSSD	UNKNOWN STEP	2025-10-17T14:03:57.0344667Z env:
SSSD	UNKNOWN STEP	2025-10-17T14:03:57.0344951Z   MAVEN_ARGS: -B -nsu -Daether.connector.http.connectionMaxTtl=25
SSSD	UNKNOWN STEP	2025-10-17T14:03:57.0345298Z   SUREFIRE_RERUN_FAILING_COUNT: 2
SSSD	UNKNOWN STEP	2025-10-17T14:03:57.0345585Z   SUREFIRE_RETRY: -Dsurefire.rerunFailingTestsCount=2
SSSD	UNKNOWN STEP	2025-10-17T14:03:57.0345991Z   JAVA_HOME: /opt/hostedtoolcache/Java_Temurin-Hotspot_jdk/21.0.8-9/x64
SSSD	UNKNOWN STEP	2025-10-17T14:03:57.0346443Z   JAVA_HOME_21_X64: /opt/hostedtoolcache/Java_Temurin-Hotspot_jdk/21.0.8-9/x64
SSSD	UNKNOWN STEP	2025-10-17T14:03:57.0346795Z ##[endgroup]
SSSD	UNKNOWN STEP	2025-10-17T14:03:57.4318675Z Cache hit for: mvn-Linux-mvn-2025-41
SSSD	UNKNOWN STEP	2025-10-17T14:03:58.7890171Z Received 0 of 747190792 (0.0%), 0.0 MBs/sec
SSSD	UNKNOWN STEP	2025-10-17T14:03:59.7896774Z Received 130023424 of 747190792 (17.4%), 61.9 MBs/sec
SSSD	UNKNOWN STEP	2025-10-17T14:04:00.7909189Z Received 230686720 of 747190792 (30.9%), 73.3 MBs/sec
SSSD	UNKNOWN STEP	2025-10-17T14:04:01.7908257Z Received 264241152 of 747190792 (35.4%), 63.0 MBs/sec
SSSD	UNKNOWN STEP	2025-10-17T14:04:02.7916636Z Received 335544320 of 747190792 (44.9%), 63.9 MBs/sec
SSSD	UNKNOWN STEP	2025-10-17T14:04:03.7930564Z Received 436207616 of 747190792 (58.4%), 69.3 MBs/sec
SSSD	UNKNOWN STEP	2025-10-17T14:04:04.7934832Z Received 536870912 of 747190792 (71.9%), 73.1 MBs/sec
SSSD	UNKNOWN STEP	2025-10-17T14:04:05.8637514Z Received 671088640 of 747190792 (89.8%), 79.2 MBs/sec
SSSD	UNKNOWN STEP	2025-10-17T14:04:06.5369016Z Received 747190792 of 747190792 (100.0%), 81.4 MBs/sec
SSSD	UNKNOWN STEP	2025-10-17T14:04:06.5372725Z Cache Size: ~713 MB (747190792 B)
SSSD	UNKNOWN STEP	2025-10-17T14:04:06.5491922Z [command]/usr/bin/tar -xf /home/runner/work/_temp/932b2f8e-6d9c-4fb8-997a-b75baaafd0c7/cache.tzst -P -C /home/runner/work/keycloak/keycloak --use-compress-program unzstd
SSSD	UNKNOWN STEP	2025-10-17T14:04:08.6238276Z Cache restored successfully
SSSD	UNKNOWN STEP	2025-10-17T14:04:08.7736487Z Cache restored from key: mvn-Linux-mvn-2025-41
SSSD	UNKNOWN STEP	2025-10-17T14:04:08.7878892Z Prepare all required actions
SSSD	UNKNOWN STEP	2025-10-17T14:04:08.7879235Z Getting action download info
SSSD	UNKNOWN STEP	2025-10-17T14:04:09.0210875Z ##[group]Run ./.github/actions/node-cache
SSSD	UNKNOWN STEP	2025-10-17T14:04:09.0211150Z env:
SSSD	UNKNOWN STEP	2025-10-17T14:04:09.0211447Z   MAVEN_ARGS: -B -nsu -Daether.connector.http.connectionMaxTtl=25
SSSD	UNKNOWN STEP	2025-10-17T14:04:09.0211796Z   SUREFIRE_RERUN_FAILING_COUNT: 2
SSSD	UNKNOWN STEP	2025-10-17T14:04:09.0212091Z   SUREFIRE_RETRY: -Dsurefire.rerunFailingTestsCount=2
SSSD	UNKNOWN STEP	2025-10-17T14:04:09.0212505Z   JAVA_HOME: /opt/hostedtoolcache/Java_Temurin-Hotspot_jdk/21.0.8-9/x64
SSSD	UNKNOWN STEP	2025-10-17T14:04:09.0212959Z   JAVA_HOME_21_X64: /opt/hostedtoolcache/Java_Temurin-Hotspot_jdk/21.0.8-9/x64
SSSD	UNKNOWN STEP	2025-10-17T14:04:09.0213321Z ##[endgroup]
SSSD	UNKNOWN STEP	2025-10-17T14:04:09.0229839Z ##[group]Run echo "node=$(cat js/pom.xml | grep '<node.version>' | cut -d '>' -f 2 | cut -d '<' -f 1 | cut -c 2-)" >> $GITHUB_OUTPUT
SSSD	UNKNOWN STEP	2025-10-17T14:04:09.0230560Z [36;1mecho "node=$(cat js/pom.xml | grep '<node.version>' | cut -d '>' -f 2 | cut -d '<' -f 1 | cut -c 2-)" >> $GITHUB_OUTPUT[0m
SSSD	UNKNOWN STEP	2025-10-17T14:04:09.0231189Z [36;1mecho "pnpm=$(cat js/pom.xml | grep '<pnpm.version>' | cut -d '>' -f 2 | cut -d '<' -f 1 | cut -c 1-)" >> $GITHUB_OUTPUT[0m
SSSD	UNKNOWN STEP	2025-10-17T14:04:09.0259931Z shell: /usr/bin/bash --noprofile --norc -e -o pipefail {0}
SSSD	UNKNOWN STEP	2025-10-17T14:04:09.0260277Z env:
SSSD	UNKNOWN STEP	2025-10-17T14:04:09.0260568Z   MAVEN_ARGS: -B -nsu -Daether.connector.http.connectionMaxTtl=25
SSSD	UNKNOWN STEP	2025-10-17T14:04:09.0260935Z   SUREFIRE_RERUN_FAILING_COUNT: 2
SSSD	UNKNOWN STEP	2025-10-17T14:04:09.0261249Z   SUREFIRE_RETRY: -Dsurefire.rerunFailingTestsCount=2
SSSD	UNKNOWN STEP	2025-10-17T14:04:09.0261689Z   JAVA_HOME: /opt/hostedtoolcache/Java_Temurin-Hotspot_jdk/21.0.8-9/x64
SSSD	UNKNOWN STEP	2025-10-17T14:04:09.0262179Z   JAVA_HOME_21_X64: /opt/hostedtoolcache/Java_Temurin-Hotspot_jdk/21.0.8-9/x64
SSSD	UNKNOWN STEP	2025-10-17T14:04:09.0262549Z ##[endgroup]
SSSD	UNKNOWN STEP	2025-10-17T14:04:09.0409312Z ##[group]Run actions/cache@5a3ec84eff668545956fd18022155c47e93e2684
SSSD	UNKNOWN STEP	2025-10-17T14:04:09.0409654Z with:
SSSD	UNKNOWN STEP	2025-10-17T14:04:09.0410018Z   path: ~/.m2/repository/com/github/eirslett/node
SSSD	UNKNOWN STEP	~/.m2/repository/com/github/eirslett/pnpm
SSSD	UNKNOWN STEP	
SSSD	UNKNOWN STEP	2025-10-17T14:04:09.0410529Z   key: Linux-frontend-plugin-artifacts-24.9.0-10.14.0
SSSD	UNKNOWN STEP	2025-10-17T14:04:09.0410856Z   enableCrossOsArchive: false
SSSD	UNKNOWN STEP	2025-10-17T14:04:09.0411106Z   fail-on-cache-miss: false
SSSD	UNKNOWN STEP	2025-10-17T14:04:09.0411345Z   lookup-only: false
SSSD	UNKNOWN STEP	2025-10-17T14:04:09.0411545Z   save-always: false
SSSD	UNKNOWN STEP	2025-10-17T14:04:09.0411723Z env:
SSSD	UNKNOWN STEP	2025-10-17T14:04:09.0411992Z   MAVEN_ARGS: -B -nsu -Daether.connector.http.connectionMaxTtl=25
SSSD	UNKNOWN STEP	2025-10-17T14:04:09.0412342Z   SUREFIRE_RERUN_FAILING_COUNT: 2
SSSD	UNKNOWN STEP	2025-10-17T14:04:09.0412626Z   SUREFIRE_RETRY: -Dsurefire.rerunFailingTestsCount=2
SSSD	UNKNOWN STEP	2025-10-17T14:04:09.0413029Z   JAVA_HOME: /opt/hostedtoolcache/Java_Temurin-Hotspot_jdk/21.0.8-9/x64
SSSD	UNKNOWN STEP	2025-10-17T14:04:09.0413482Z   JAVA_HOME_21_X64: /opt/hostedtoolcache/Java_Temurin-Hotspot_jdk/21.0.8-9/x64
SSSD	UNKNOWN STEP	2025-10-17T14:04:09.0413830Z ##[endgroup]
SSSD	UNKNOWN STEP	2025-10-17T14:04:09.4458999Z Cache hit for: Linux-frontend-plugin-artifacts-24.9.0-10.14.0
SSSD	UNKNOWN STEP	2025-10-17T14:04:10.8003032Z Received 0 of 178075408 (0.0%), 0.0 MBs/sec
SSSD	UNKNOWN STEP	2025-10-17T14:04:11.8008360Z Received 113246208 of 178075408 (63.6%), 54.0 MBs/sec
SSSD	UNKNOWN STEP	2025-10-17T14:04:12.5363163Z Received 178075408 of 178075408 (100.0%), 62.1 MBs/sec
SSSD	UNKNOWN STEP	2025-10-17T14:04:12.5395091Z Cache Size: ~170 MB (178075408 B)
SSSD	UNKNOWN STEP	2025-10-17T14:04:12.5472759Z [command]/usr/bin/tar -xf /home/runner/work/_temp/1a12be22-be5e-404d-a117-68fb4681a5f2/cache.tzst -P -C /home/runner/work/keycloak/keycloak --use-compress-program unzstd
SSSD	UNKNOWN STEP	2025-10-17T14:04:13.0363042Z Cache restored successfully
SSSD	UNKNOWN STEP	2025-10-17T14:04:13.0795642Z Cache restored from key: Linux-frontend-plugin-artifacts-24.9.0-10.14.0
SSSD	UNKNOWN STEP	2025-10-17T14:04:13.0915991Z Prepare all required actions
SSSD	UNKNOWN STEP	2025-10-17T14:04:13.0916356Z Getting action download info
SSSD	UNKNOWN STEP	2025-10-17T14:04:13.2947376Z ##[group]Run ./.github/actions/pnpm-store-cache
SSSD	UNKNOWN STEP	2025-10-17T14:04:13.2947665Z env:
SSSD	UNKNOWN STEP	2025-10-17T14:04:13.2947942Z   MAVEN_ARGS: -B -nsu -Daether.connector.http.connectionMaxTtl=25
SSSD	UNKNOWN STEP	2025-10-17T14:04:13.2948321Z   SUREFIRE_RERUN_FAILING_COUNT: 2
SSSD	UNKNOWN STEP	2025-10-17T14:04:13.2948614Z   SUREFIRE_RETRY: -Dsurefire.rerunFailingTestsCount=2
SSSD	UNKNOWN STEP	2025-10-17T14:04:13.2949030Z   JAVA_HOME: /opt/hostedtoolcache/Java_Temurin-Hotspot_jdk/21.0.8-9/x64
SSSD	UNKNOWN STEP	2025-10-17T14:04:13.2949482Z   JAVA_HOME_21_X64: /opt/hostedtoolcache/Java_Temurin-Hotspot_jdk/21.0.8-9/x64
SSSD	UNKNOWN STEP	2025-10-17T14:04:13.2949843Z ##[endgroup]
SSSD	UNKNOWN STEP	2025-10-17T14:04:13.2965612Z ##[group]Run echo "key=pnpm-store-`date -u "+%Y-%U"`" >> $GITHUB_OUTPUT
SSSD	UNKNOWN STEP	2025-10-17T14:04:13.2966046Z [36;1mecho "key=pnpm-store-`date -u "+%Y-%U"`" >> $GITHUB_OUTPUT[0m
SSSD	UNKNOWN STEP	2025-10-17T14:04:13.2995432Z shell: /usr/bin/bash --noprofile --norc -e -o pipefail {0}
SSSD	UNKNOWN STEP	2025-10-17T14:04:13.2995756Z env:
SSSD	UNKNOWN STEP	2025-10-17T14:04:13.2996034Z   MAVEN_ARGS: -B -nsu -Daether.connector.http.connectionMaxTtl=25
SSSD	UNKNOWN STEP	2025-10-17T14:04:13.2996387Z   SUREFIRE_RERUN_FAILING_COUNT: 2
SSSD	UNKNOWN STEP	2025-10-17T14:04:13.2996688Z   SUREFIRE_RETRY: -Dsurefire.rerunFailingTestsCount=2
SSSD	UNKNOWN STEP	2025-10-17T14:04:13.2997106Z   JAVA_HOME: /opt/hostedtoolcache/Java_Temurin-Hotspot_jdk/21.0.8-9/x64
SSSD	UNKNOWN STEP	2025-10-17T14:04:13.2997567Z   JAVA_HOME_21_X64: /opt/hostedtoolcache/Java_Temurin-Hotspot_jdk/21.0.8-9/x64
SSSD	UNKNOWN STEP	2025-10-17T14:04:13.2997915Z ##[endgroup]
SSSD	UNKNOWN STEP	2025-10-17T14:04:13.3108814Z ##[group]Run actions/cache@5a3ec84eff668545956fd18022155c47e93e2684
SSSD	UNKNOWN STEP	2025-10-17T14:04:13.3109136Z with:
SSSD	UNKNOWN STEP	2025-10-17T14:04:13.3109463Z   path: ~/.local/share/pnpm/store
SSSD	UNKNOWN STEP	~/AppData/Local/pnpm/store
SSSD	UNKNOWN STEP	~/Library/pnpm/store
SSSD	UNKNOWN STEP	
SSSD	UNKNOWN STEP	2025-10-17T14:04:13.3109862Z   key: Linux-pnpm-store-2025-41
SSSD	UNKNOWN STEP	2025-10-17T14:04:13.3110115Z   enableCrossOsArchive: false
SSSD	UNKNOWN STEP	2025-10-17T14:04:13.3110345Z   fail-on-cache-miss: false
SSSD	UNKNOWN STEP	2025-10-17T14:04:13.3110564Z   lookup-only: false
SSSD	UNKNOWN STEP	2025-10-17T14:04:13.3110761Z   save-always: false
SSSD	UNKNOWN STEP	2025-10-17T14:04:13.3110941Z env:
SSSD	UNKNOWN STEP	2025-10-17T14:04:13.3111205Z   MAVEN_ARGS: -B -nsu -Daether.connector.http.connectionMaxTtl=25
SSSD	UNKNOWN STEP	2025-10-17T14:04:13.3111559Z   SUREFIRE_RERUN_FAILING_COUNT: 2
SSSD	UNKNOWN STEP	2025-10-17T14:04:13.3111846Z   SUREFIRE_RETRY: -Dsurefire.rerunFailingTestsCount=2
SSSD	UNKNOWN STEP	2025-10-17T14:04:13.3112256Z   JAVA_HOME: /opt/hostedtoolcache/Java_Temurin-Hotspot_jdk/21.0.8-9/x64
SSSD	UNKNOWN STEP	2025-10-17T14:04:13.3112707Z   JAVA_HOME_21_X64: /opt/hostedtoolcache/Java_Temurin-Hotspot_jdk/21.0.8-9/x64
SSSD	UNKNOWN STEP	2025-10-17T14:04:13.3113050Z ##[endgroup]
SSSD	UNKNOWN STEP	2025-10-17T14:04:13.7108458Z Cache hit for: Linux-pnpm-store-2025-41
SSSD	UNKNOWN STEP	2025-10-17T14:04:15.0236634Z Received 0 of 139937916 (0.0%), 0.0 MBs/sec
SSSD	UNKNOWN STEP	2025-10-17T14:04:16.0246422Z Received 117440512 of 139937916 (83.9%), 55.9 MBs/sec
SSSD	UNKNOWN STEP	2025-10-17T14:04:16.3763097Z Received 139937916 of 139937916 (100.0%), 56.7 MBs/sec
SSSD	UNKNOWN STEP	2025-10-17T14:04:16.3765103Z Cache Size: ~133 MB (139937916 B)
SSSD	UNKNOWN STEP	2025-10-17T14:04:16.3876088Z [command]/usr/bin/tar -xf /home/runner/work/_temp/79cf5be5-3206-4218-bb8b-93d60346c69b/cache.tzst -P -C /home/runner/work/keycloak/keycloak --use-compress-program unzstd
SSSD	UNKNOWN STEP	2025-10-17T14:04:19.0286542Z Cache restored successfully
SSSD	UNKNOWN STEP	2025-10-17T14:04:19.0655886Z Cache restored from key: Linux-pnpm-store-2025-41
SSSD	UNKNOWN STEP	2025-10-17T14:04:19.0805592Z ##[group]Run actions/download-artifact@d3f86a106a0bac45b974a628896c90dbdf5c8093
SSSD	UNKNOWN STEP	2025-10-17T14:04:19.0806175Z with:
SSSD	UNKNOWN STEP	2025-10-17T14:04:19.0806373Z   name: m2-keycloak.tzts
SSSD	UNKNOWN STEP	2025-10-17T14:04:19.0806608Z   merge-multiple: false
SSSD	UNKNOWN STEP	2025-10-17T14:04:19.0806839Z   repository: keycloak/keycloak
SSSD	UNKNOWN STEP	2025-10-17T14:04:19.0807080Z   run-id: 18594956606
SSSD	UNKNOWN STEP	2025-10-17T14:04:19.0807278Z env:
SSSD	UNKNOWN STEP	2025-10-17T14:04:19.0807559Z   MAVEN_ARGS: -B -nsu -Daether.connector.http.connectionMaxTtl=25
SSSD	UNKNOWN STEP	2025-10-17T14:04:19.0808062Z   SUREFIRE_RERUN_FAILING_COUNT: 2
SSSD	UNKNOWN STEP	2025-10-17T14:04:19.0808361Z   SUREFIRE_RETRY: -Dsurefire.rerunFailingTestsCount=2
SSSD	UNKNOWN STEP	2025-10-17T14:04:19.0808776Z   JAVA_HOME: /opt/hostedtoolcache/Java_Temurin-Hotspot_jdk/21.0.8-9/x64
SSSD	UNKNOWN STEP	2025-10-17T14:04:19.0809237Z   JAVA_HOME_21_X64: /opt/hostedtoolcache/Java_Temurin-Hotspot_jdk/21.0.8-9/x64
SSSD	UNKNOWN STEP	2025-10-17T14:04:19.0809582Z ##[endgroup]
SSSD	UNKNOWN STEP	2025-10-17T14:04:19.2786870Z Downloading single artifact
SSSD	UNKNOWN STEP	2025-10-17T14:04:19.5495551Z Preparing to download the following artifacts:
SSSD	UNKNOWN STEP	2025-10-17T14:04:19.5497362Z - m2-keycloak.tzts (ID: 4300310102, Size: 401818277, Expected Digest: sha256:e194aed40c0ac8e2b37fc2c5e5109cf64bd7116a55aacbb2f6817ebb6b12a1a1)
SSSD	UNKNOWN STEP	2025-10-17T14:04:19.7528036Z Redirecting to blob download url: https://productionresultssa9.blob.core.windows.net/actions-results/b6afc519-c527-42c5-87dd-1480363139cb/workflow-job-run-2f0e5879-8631-5cfe-88a0-551a20e6b6ce/artifacts/edc4cfb0355d37e325eaae6eb235756b36f79720f66ece617babf28220e9d051.zip
SSSD	UNKNOWN STEP	2025-10-17T14:04:19.7530782Z Starting download of artifact to: /home/runner/work/keycloak/keycloak
SSSD	UNKNOWN STEP	2025-10-17T14:04:20.1234739Z (node:2147) [DEP0005] DeprecationWarning: Buffer() is deprecated due to security and usability issues. Please use the Buffer.alloc(), Buffer.allocUnsafe(), or Buffer.from() methods instead.
SSSD	UNKNOWN STEP	2025-10-17T14:04:20.1236276Z (Use `node --trace-deprecation ...` to show where the warning was created)
SSSD	UNKNOWN STEP	2025-10-17T14:04:37.0158188Z SHA256 digest of downloaded artifact is e194aed40c0ac8e2b37fc2c5e5109cf64bd7116a55aacbb2f6817ebb6b12a1a1
SSSD	UNKNOWN STEP	2025-10-17T14:04:37.0159012Z Artifact download completed successfully.
SSSD	UNKNOWN STEP	2025-10-17T14:04:37.0159526Z Total of 1 artifact(s) downloaded
SSSD	UNKNOWN STEP	2025-10-17T14:04:37.0166282Z Download artifact has finished successfully
SSSD	UNKNOWN STEP	2025-10-17T14:04:37.0286590Z ##[group]Run if [ "$RUNNER_OS" == "Windows" ]; then
SSSD	UNKNOWN STEP	2025-10-17T14:04:37.0286950Z [36;1mif [ "$RUNNER_OS" == "Windows" ]; then[0m
SSSD	UNKNOWN STEP	2025-10-17T14:04:37.0287358Z [36;1m  # zstd binary might be missing in older versions, install only when necessary[0m
SSSD	UNKNOWN STEP	2025-10-17T14:04:37.0287811Z [36;1m  which zstd > /dev/null || choco install zstandard[0m
SSSD	UNKNOWN STEP	2025-10-17T14:04:37.0288109Z [36;1mfi[0m
SSSD	UNKNOWN STEP	2025-10-17T14:04:37.0288407Z [36;1mtar -C ~/ --use-compress-program="zstd -d" -xf m2-keycloak.tzts[0m
SSSD	UNKNOWN STEP	2025-10-17T14:04:37.0317685Z shell: /usr/bin/bash --noprofile --norc -e -o pipefail {0}
SSSD	UNKNOWN STEP	2025-10-17T14:04:37.0318056Z env:
SSSD	UNKNOWN STEP	2025-10-17T14:04:37.0318352Z   MAVEN_ARGS: -B -nsu -Daether.connector.http.connectionMaxTtl=25
SSSD	UNKNOWN STEP	2025-10-17T14:04:37.0318718Z   SUREFIRE_RERUN_FAILING_COUNT: 2
SSSD	UNKNOWN STEP	2025-10-17T14:04:37.0319033Z   SUREFIRE_RETRY: -Dsurefire.rerunFailingTestsCount=2
SSSD	UNKNOWN STEP	2025-10-17T14:04:37.0319495Z   JAVA_HOME: /opt/hostedtoolcache/Java_Temurin-Hotspot_jdk/21.0.8-9/x64
SSSD	UNKNOWN STEP	2025-10-17T14:04:37.0319995Z   JAVA_HOME_21_X64: /opt/hostedtoolcache/Java_Temurin-Hotspot_jdk/21.0.8-9/x64
SSSD	UNKNOWN STEP	2025-10-17T14:04:37.0320372Z ##[endgroup]
SSSD	UNKNOWN STEP	2025-10-17T14:04:37.5909781Z ##[group]Run echo "key=ipa-data-`date -u "+%Y-%U"`" >> $GITHUB_OUTPUT
SSSD	UNKNOWN STEP	2025-10-17T14:04:37.5910289Z [36;1mecho "key=ipa-data-`date -u "+%Y-%U"`" >> $GITHUB_OUTPUT[0m
SSSD	UNKNOWN STEP	2025-10-17T14:04:37.5939799Z shell: /usr/bin/bash --noprofile --norc -e -o pipefail {0}
SSSD	UNKNOWN STEP	2025-10-17T14:04:37.5940132Z env:
SSSD	UNKNOWN STEP	2025-10-17T14:04:37.5940425Z   MAVEN_ARGS: -B -nsu -Daether.connector.http.connectionMaxTtl=25
SSSD	UNKNOWN STEP	2025-10-17T14:04:37.5940792Z   SUREFIRE_RERUN_FAILING_COUNT: 2
SSSD	UNKNOWN STEP	2025-10-17T14:04:37.5941096Z   SUREFIRE_RETRY: -Dsurefire.rerunFailingTestsCount=2
SSSD	UNKNOWN STEP	2025-10-17T14:04:37.5941523Z   JAVA_HOME: /opt/hostedtoolcache/Java_Temurin-Hotspot_jdk/21.0.8-9/x64
SSSD	UNKNOWN STEP	2025-10-17T14:04:37.5941991Z   JAVA_HOME_21_X64: /opt/hostedtoolcache/Java_Temurin-Hotspot_jdk/21.0.8-9/x64
SSSD	UNKNOWN STEP	2025-10-17T14:04:37.5942543Z ##[endgroup]
SSSD	UNKNOWN STEP	2025-10-17T14:04:37.6050404Z ##[group]Run actions/cache@0057852bfaa89a56745cba8c7296529d2fc39830
SSSD	UNKNOWN STEP	2025-10-17T14:04:37.6050781Z with:
SSSD	UNKNOWN STEP	2025-10-17T14:04:37.6050973Z   path: ~/ipa-data.tar
SSSD	UNKNOWN STEP	2025-10-17T14:04:37.6051206Z   key: ipa-data-2025-41
SSSD	UNKNOWN STEP	2025-10-17T14:04:37.6051441Z   enableCrossOsArchive: false
SSSD	UNKNOWN STEP	2025-10-17T14:04:37.6051698Z   fail-on-cache-miss: false
SSSD	UNKNOWN STEP	2025-10-17T14:04:37.6051932Z   lookup-only: false
SSSD	UNKNOWN STEP	2025-10-17T14:04:37.6052140Z   save-always: false
SSSD	UNKNOWN STEP	2025-10-17T14:04:37.6052337Z env:
SSSD	UNKNOWN STEP	2025-10-17T14:04:37.6052630Z   MAVEN_ARGS: -B -nsu -Daether.connector.http.connectionMaxTtl=25
SSSD	UNKNOWN STEP	2025-10-17T14:04:37.6052990Z   SUREFIRE_RERUN_FAILING_COUNT: 2
SSSD	UNKNOWN STEP	2025-10-17T14:04:37.6053298Z   SUREFIRE_RETRY: -Dsurefire.rerunFailingTestsCount=2
SSSD	UNKNOWN STEP	2025-10-17T14:04:37.6053722Z   JAVA_HOME: /opt/hostedtoolcache/Java_Temurin-Hotspot_jdk/21.0.8-9/x64
SSSD	UNKNOWN STEP	2025-10-17T14:04:37.6054211Z   JAVA_HOME_21_X64: /opt/hostedtoolcache/Java_Temurin-Hotspot_jdk/21.0.8-9/x64
SSSD	UNKNOWN STEP	2025-10-17T14:04:37.6054803Z ##[endgroup]
SSSD	UNKNOWN STEP	2025-10-17T14:04:38.0118365Z Cache hit for: ipa-data-2025-41
SSSD	UNKNOWN STEP	2025-10-17T14:04:39.3246596Z Received 1703190 of 5897494 (28.9%), 1.6 MBs/sec
SSSD	UNKNOWN STEP	2025-10-17T14:04:39.3709205Z Received 5897494 of 5897494 (100.0%), 5.4 MBs/sec
SSSD	UNKNOWN STEP	2025-10-17T14:04:39.3710312Z Cache Size: ~6 MB (5897494 B)
SSSD	UNKNOWN STEP	2025-10-17T14:04:39.3741566Z [command]/usr/bin/tar -xf /home/runner/work/_temp/10a5377f-de09-4855-891a-2a77f4fefc23/cache.tzst -P -C /home/runner/work/keycloak/keycloak --use-compress-program unzstd
SSSD	UNKNOWN STEP	2025-10-17T14:04:40.8509491Z Cache restored successfully
SSSD	UNKNOWN STEP	2025-10-17T14:04:40.8608149Z Cache restored from key: ipa-data-2025-41
SSSD	UNKNOWN STEP	2025-10-17T14:04:40.8712086Z ##[group]Run .github/scripts/run-ipa.sh "/home/runner/work/keycloak/keycloak"
SSSD	UNKNOWN STEP	2025-10-17T14:04:40.8712719Z [36;1m.github/scripts/run-ipa.sh "/home/runner/work/keycloak/keycloak"[0m
SSSD	UNKNOWN STEP	2025-10-17T14:04:40.8741556Z shell: /usr/bin/bash --noprofile --norc -e -o pipefail {0}
SSSD	UNKNOWN STEP	2025-10-17T14:04:40.8741946Z env:
SSSD	UNKNOWN STEP	2025-10-17T14:04:40.8742284Z   MAVEN_ARGS: -B -nsu -Daether.connector.http.connectionMaxTtl=25
SSSD	UNKNOWN STEP	2025-10-17T14:04:40.8742736Z   SUREFIRE_RERUN_FAILING_COUNT: 2
SSSD	UNKNOWN STEP	2025-10-17T14:04:40.8743096Z   SUREFIRE_RETRY: -Dsurefire.rerunFailingTestsCount=2
SSSD	UNKNOWN STEP	2025-10-17T14:04:40.8743600Z   JAVA_HOME: /opt/hostedtoolcache/Java_Temurin-Hotspot_jdk/21.0.8-9/x64
SSSD	UNKNOWN STEP	2025-10-17T14:04:40.8744168Z   JAVA_HOME_21_X64: /opt/hostedtoolcache/Java_Temurin-Hotspot_jdk/21.0.8-9/x64
SSSD	UNKNOWN STEP	2025-10-17T14:04:40.8744776Z ##[endgroup]
SSSD	UNKNOWN STEP	2025-10-17T14:04:40.9536992Z Using data from previous execution
SSSD	UNKNOWN STEP	2025-10-17T14:04:42.4398472Z Starting ipa-server container
SSSD	UNKNOWN STEP	2025-10-17T14:04:47.9598884Z Resolving "freeipa/freeipa-server" using unqualified-search registries (/etc/containers/registries.conf)
SSSD	UNKNOWN STEP	2025-10-17T14:04:47.9600374Z Trying to pull docker.io/freeipa/freeipa-server:rocky-9...
SSSD	UNKNOWN STEP	2025-10-17T14:04:48.9105550Z Getting image source signatures
SSSD	UNKNOWN STEP	2025-10-17T14:04:48.9110043Z Copying blob sha256:60783316aee81da6eb6c6230011826daffd21ebcabd2d835544ef080027d72a3
SSSD	UNKNOWN STEP	2025-10-17T14:04:48.9111595Z Copying blob sha256:cd3a1030dfc2cafd7e31ab9368392754e400507902a9078c664b7bfc006b4962
SSSD	UNKNOWN STEP	2025-10-17T14:04:48.9113130Z Copying blob sha256:ed16142ac4dad0e1572a2a0c77b649a26afe399c0896736d93d23f0fe0b5533c
SSSD	UNKNOWN STEP	2025-10-17T14:04:48.9114817Z Copying blob sha256:d4455e145f6335ed7375837648cc24f8410c30be6717d806cc3007c6f1890b27
SSSD	UNKNOWN STEP	2025-10-17T14:04:48.9116314Z Copying blob sha256:7f526d58e190bfab78ea3f7eaa246e8fd6a424aa5923cc6360d26dda0f2395f9
SSSD	UNKNOWN STEP	2025-10-17T14:04:48.9117688Z Copying blob sha256:df288e7d4fa7f38816415a9ff6e724d1f77d880931bff2c7fb328931ccf27461
SSSD	UNKNOWN STEP	2025-10-17T14:04:49.0230445Z Copying blob sha256:efc9ef14cfbf1993755c4bac136794fa9cb503728082a2bd85aec894464ad9de
SSSD	UNKNOWN STEP	2025-10-17T14:04:49.0909681Z Copying blob sha256:6eada4bf1b928b25dc8b08817e4834e1c82966d3eac824e403885c3b818e365c
SSSD	UNKNOWN STEP	2025-10-17T14:04:49.1495267Z Copying blob sha256:ac2c741e888f6adfaf5a9be0bced105e4763ab11642a813750e8d43efb299b30
SSSD	UNKNOWN STEP	2025-10-17T14:04:49.1643900Z Copying blob sha256:5f826e046bb633ba3a4993a6118ec64c2732e611ff6e3aafc39554d1afbfa291
SSSD	UNKNOWN STEP	2025-10-17T14:04:49.1832390Z Copying blob sha256:4174a09cf510250ecaad314533aba16415249ae161444244f7e53db5bb15ee62
SSSD	UNKNOWN STEP	2025-10-17T14:04:49.1958547Z Copying blob sha256:0c1e1b46650eeb71ff05395927db1d10cf5f794805ab9e283b846ff711e87acb
SSSD	UNKNOWN STEP	2025-10-17T14:04:49.1997536Z Copying blob sha256:98df5dd191491e2d3df385ac9b09f4356c47d92ba52d3594c3524d666e0c5ac0
SSSD	UNKNOWN STEP	2025-10-17T14:04:49.2520206Z Copying blob sha256:e71ed79adb2c810e945e082557eaf23f800b9c476f8d20966ac0f19e05bdcdf1
SSSD	UNKNOWN STEP	2025-10-17T14:04:49.2948737Z Copying blob sha256:3c5391caf856148738c238ccade601cd2811145ad330f556dc0eb93401fcc0df
SSSD	UNKNOWN STEP	2025-10-17T14:04:49.3164205Z Copying blob sha256:ddbdb9e5e13d922a8f2f9f7eaa3d882e236007752b8780692c8c3442fdaad236
SSSD	UNKNOWN STEP	2025-10-17T14:04:49.3336600Z Copying blob sha256:eb293c7d09969af31a95e424d455cc9a6d0ebd44e0bce40f2430b1c7be3e058a
SSSD	UNKNOWN STEP	2025-10-17T14:04:49.3532352Z Copying blob sha256:fb74ff1754dc1bfa4b01f279c4bbe509233013bb325f4e920b542758dbb084ca
SSSD	UNKNOWN STEP	2025-10-17T14:04:49.4067805Z Copying blob sha256:2ce5732b9fdc03ca39010688197d1eca863f89654d01fcdd2c3903cee76388fa
SSSD	UNKNOWN STEP	2025-10-17T14:04:49.4226519Z Copying blob sha256:8f9df08d1347544f51b95b3a283b80aa4c5483742842af7d854c02453df68c49
SSSD	UNKNOWN STEP	2025-10-17T14:04:49.4295675Z Copying blob sha256:e97023b93e87efa9f9c15720effe0499b7befff40adcf120f54b974cc855373a
SSSD	UNKNOWN STEP	2025-10-17T14:04:49.4647721Z Copying blob sha256:57f78e84060efd1a58ef1c7ea44084413ee1ca63a345ecaf5d22ce1d2476a07d
SSSD	UNKNOWN STEP	2025-10-17T14:04:49.5114826Z Copying blob sha256:56316d4925472abc6779c8fd40c7581921b90fb9a3526e3e4a27933f8e908fd8
SSSD	UNKNOWN STEP	2025-10-17T14:04:49.5310948Z Copying blob sha256:afe24419da988210f91d95118ec1f7fae8fb156ba7eef4a3ad3fc9adfdffb9a2
SSSD	UNKNOWN STEP	2025-10-17T14:04:49.5646338Z Copying blob sha256:167479435683ae57df7a7285b9cc813de76c4fb740feca3b06d9239c191a747d
SSSD	UNKNOWN STEP	2025-10-17T14:04:49.5876994Z Copying blob sha256:e462606551e61829049ad4d195a15fc8581ab8a257a807bc0afd7ad92b6dd50b
SSSD	UNKNOWN STEP	2025-10-17T14:04:49.6201581Z Copying blob sha256:e0bb4843e65520afb17664b833bd4d1120132326d7dc5397297b867c0d6cafc7
SSSD	UNKNOWN STEP	2025-10-17T14:04:49.6483809Z Copying blob sha256:0c4641791d5c92092fff2040f624223bd9ff52ba110061269fe8ab892afb2cde
SSSD	UNKNOWN STEP	2025-10-17T14:04:49.6990847Z Copying blob sha256:07fc4a5ec8e6a0a19702afe44a5317601c21a9103bfac9bf6fe59a9841f8f05c
SSSD	UNKNOWN STEP	2025-10-17T14:04:49.7088457Z Copying blob sha256:18b4ffd007e0921d002b34ee18717fbe0a5fa6691060d7b89b2287102aafe80c
SSSD	UNKNOWN STEP	2025-10-17T14:04:49.7267511Z Copying blob sha256:4f1bdf42b18edc3a9c4523edc524d4ee29a8816eea9361764b4cc1cd2be59fc5
SSSD	UNKNOWN STEP	2025-10-17T14:04:49.7581172Z Copying blob sha256:94649455d94e225a5174bd25f2def0e00a34b3127acbd6463fad3dfcc7bfdc95
SSSD	UNKNOWN STEP	2025-10-17T14:04:49.8196013Z Copying blob sha256:d6fee4ecba487ec2f33c0fc1b2d0c7f02ec86129c676890898d935ea4d269122
SSSD	UNKNOWN STEP	2025-10-17T14:04:49.8640973Z Copying blob sha256:12f2500af331b3bb5619ab1acf3b5e6468c68eab967cc3dcef67d8f4056fcc0a
SSSD	UNKNOWN STEP	2025-10-17T14:04:49.8840822Z Copying blob sha256:bce9ec4d6acb53190806683069e96a3d59871e7eb61e7401b429be24ff7292a6
SSSD	UNKNOWN STEP	2025-10-17T14:04:49.8939191Z Copying blob sha256:2b62fa344abf0e6b5c8b7d8f01ffb457c89b7cc2bc06bfda32c47023786e152f
SSSD	UNKNOWN STEP	2025-10-17T14:04:49.9583377Z Copying blob sha256:9dace06383b9fe90496d73755f71df9e296d0c51c9d870b7ed2076f5bc86a539
SSSD	UNKNOWN STEP	2025-10-17T14:04:49.9778001Z Copying blob sha256:b2f7327b1a77b048b775dbbaba3e4b3edd52fc391a4d1e5ccfbc212dd9895308
SSSD	UNKNOWN STEP	2025-10-17T14:04:50.0054117Z Copying blob sha256:0be8ecbdb62e1cacc6710246fb5858a715220820178abebcac96581ca0578a84
SSSD	UNKNOWN STEP	2025-10-17T14:04:50.0082937Z Copying blob sha256:3dbe3e1f414770d4e88c520c5d4d4dfbbeb6373d77bb326cf46aa77981461cb3
SSSD	UNKNOWN STEP	2025-10-17T14:04:50.0718197Z Copying blob sha256:11fffd630a9c4110ac66d0d2fe5ab9a11f783b7827d6cd70ba244f4adf2f4473
SSSD	UNKNOWN STEP	2025-10-17T14:04:50.1184248Z Copying blob sha256:94dfc7fdcbb38deb44b107e72c643e1c4d6387ce8d077e6daf99f46a8d906423
SSSD	UNKNOWN STEP	2025-10-17T14:04:50.1419197Z Copying blob sha256:30c0d89ba3eb153415bdd7deeae7eb04daa90fcd01dd989e60c711517fb09732
SSSD	UNKNOWN STEP	2025-10-17T14:04:50.1493702Z Copying blob sha256:2409dd5c9e26703991d0cfa5e433fa47c927a69a14445ba57eadbb0c8312c201
SSSD	UNKNOWN STEP	2025-10-17T14:04:50.1999519Z Copying blob sha256:6cc107bb975c8f00c252c17bd4afddc6343c43e77da6f68e83d4db3f4d9c8354
SSSD	UNKNOWN STEP	2025-10-17T14:04:50.2187488Z Copying blob sha256:0717f92c7e69e5ac824f98c2afd442d890dbe59eb7d34b4ceb9e5060d2597fa0
SSSD	UNKNOWN STEP	2025-10-17T14:04:50.2627308Z Copying blob sha256:05e9cd094a183676dcdbebcc5fc17658f2eea0e4a5d3de900c4be777318b3723
SSSD	UNKNOWN STEP	2025-10-17T14:04:50.2680900Z Copying blob sha256:fbda8dd90bad1c1d17ce43d4d993c59b986a34af859a5929860e23f12e313569
SSSD	UNKNOWN STEP	2025-10-17T14:04:50.3108822Z Copying blob sha256:e2eabc4683da5d277d01804961b2b171fbfddaff6ff1c90bf94c3e77e3b19895
SSSD	UNKNOWN STEP	2025-10-17T14:05:00.0142175Z Copying config sha256:ddaed7ff9ce00a9e57f8a149ef9624a6cbfc82aab2bb0e5620fd8c1ba3dc32f8
SSSD	UNKNOWN STEP	2025-10-17T14:05:00.0171368Z Writing manifest to image destination
SSSD	UNKNOWN STEP	2025-10-17T14:05:00.2877750Z Container 0d4c195223cde6a4a60927699e2bc0f16a7182267f6ddecb0030c375fa2d606d started, waiting ipa-server configuration
SSSD	UNKNOWN STEP	2025-10-17T14:05:30.3323034Z The server is ready, performing tests
SSSD	UNKNOWN STEP	2025-10-17T14:05:30.3839854Z Executing federation-sssd-setup.sh to prepare SSSD and PAM
SSSD	UNKNOWN STEP	2025-10-17T14:05:30.6118866Z /etc/pam.d/keycloak already exists. Skipping it...
SSSD	UNKNOWN STEP	2025-10-17T14:05:30.6121308Z Installing jdk-21 in the container
SSSD	UNKNOWN STEP	2025-10-17T14:05:32.2840792Z Rocky Linux 9 - BaseOS                          1.6 MB/s | 2.5 MB     00:01    
SSSD	UNKNOWN STEP	2025-10-17T14:05:45.7966234Z Rocky Linux 9 - AppStream                       739 kB/s | 9.5 MB     00:13    
SSSD	UNKNOWN STEP	2025-10-17T14:05:45.8003477Z Errors during downloading metadata for repository 'appstream':
SSSD	UNKNOWN STEP	2025-10-17T14:05:45.8005616Z   - Status code: 404 for https://us.mirrors.cicku.me/rocky/9.6/AppStream/x86_64/os/repodata/306d9b18-239c-4c37-9b03-417fd21c87f3-PRIMARY.xml.gz (IP: 172.65.90.23)
SSSD	UNKNOWN STEP	2025-10-17T14:05:45.8008290Z   - Status code: 404 for http://iad.mirror.rackspace.com/rocky/9.6/AppStream/x86_64/os/repodata/160a783f-886f-4645-86b6-5c04d94522c9-MODULES.yaml.gz (IP: 72.4.120.219)
SSSD	UNKNOWN STEP	2025-10-17T14:05:45.8010545Z   - Status code: 404 for https://rocky.mirror.shastacoe.net/rocky/9.6/AppStream/x86_64/os/repodata/160a783f-886f-4645-86b6-5c04d94522c9-FILELISTS.xml.gz (IP: 66.244.16.51)
SSSD	UNKNOWN STEP	2025-10-17T14:05:45.8012593Z   - Status code: 404 for https://plug-mirror.rcac.purdue.edu/rocky/9.6/AppStream/x86_64/os/repodata/160a783f-886f-4645-86b6-5c04d94522c9-MODULES.yaml.gz (IP: 128.211.151.251)
SSSD	UNKNOWN STEP	2025-10-17T14:05:45.8014777Z   - Status code: 404 for http://mirror.cs.vt.edu/pub/rocky/9.6/AppStream/x86_64/os/repodata/160a783f-886f-4645-86b6-5c04d94522c9-GROUPS.xml.gz (IP: 128.173.237.17)
SSSD	UNKNOWN STEP	2025-10-17T14:05:45.8016658Z   - Status code: 404 for https://pit.mirror.jurassicinnovations.com/rocky/9.6/AppStream/x86_64/os/repodata/160a783f-886f-4645-86b6-5c04d94522c9-MODULES.yaml.gz (IP: 193.30.34.70)
SSSD	UNKNOWN STEP	2025-10-17T14:05:45.8018221Z   - Status code: 404 for http://mirror.cs.vt.edu/pub/rocky/9.6/AppStream/x86_64/os/repodata/160a783f-886f-4645-86b6-5c04d94522c9-MODULES.yaml.gz (IP: 128.173.237.17)
SSSD	UNKNOWN STEP	2025-10-17T14:05:45.8019688Z   - Status code: 404 for https://us.mirrors.cicku.me/rocky/9.6/AppStream/x86_64/os/repodata/160a783f-886f-4645-86b6-5c04d94522c9-FILELISTS.xml.gz (IP: 172.65.90.23)
SSSD	UNKNOWN STEP	2025-10-17T14:05:45.8021459Z   - Status code: 404 for https://rocky-linux-us-west1.production.gcp.mirrors.ctrliq.cloud/pub/rocky//9.6/AppStream/x86_64/os/repodata/160a783f-886f-4645-86b6-5c04d94522c9-MODULES.yaml.gz (IP: 34.49.195.49)
SSSD	UNKNOWN STEP	2025-10-17T14:05:45.8023206Z   - Status code: 404 for http://ash.mirrors.clouvider.net/rocky/9.6/AppStream/x86_64/os/repodata/160a783f-886f-4645-86b6-5c04d94522c9-MODULES.yaml.gz (IP: 45.250.25.130)
SSSD	UNKNOWN STEP	2025-10-17T14:05:45.8025199Z   - Status code: 404 for https://rocky-linux-us-east1.production.gcp.mirrors.ctrliq.cloud/pub/rocky//9.6/AppStream/x86_64/os/repodata/160a783f-886f-4645-86b6-5c04d94522c9-MODULES.yaml.gz (IP: 34.49.186.81)
SSSD	UNKNOWN STEP	2025-10-17T14:05:45.8026764Z   - Status code: 404 for https://us.mirrors.cicku.me/rocky/9.6/AppStream/x86_64/os/repodata/160a783f-886f-4645-86b6-5c04d94522c9-GROUPS.xml.gz (IP: 172.65.90.23)
SSSD	UNKNOWN STEP	2025-10-17T14:05:45.8028151Z   - Status code: 404 for https://plug-mirror.rcac.purdue.edu/rocky/9.6/AppStream/x86_64/os/repodata/160a783f-886f-4645-86b6-5c04d94522c9-FILELISTS.xml.gz (IP: 128.211.151.251)
SSSD	UNKNOWN STEP	2025-10-17T14:05:45.8029797Z   - Status code: 404 for https://rocky-linux-us-central1.production.gcp.mirrors.ctrliq.cloud/pub/rocky//9.6/AppStream/x86_64/os/repodata/160a783f-886f-4645-86b6-5c04d94522c9-MODULES.yaml.gz (IP: 34.49.215.167)
SSSD	UNKNOWN STEP	2025-10-17T14:05:45.8031428Z   - Status code: 404 for http://mirror.cogentco.com/pub/linux/rocky/9.6/AppStream/x86_64/os/repodata/160a783f-886f-4645-86b6-5c04d94522c9-MODULES.yaml.gz (IP: 204.157.3.70)
SSSD	UNKNOWN STEP	2025-10-17T14:05:45.8033092Z   - Status code: 404 for http://distro.ibiblio.org/rocky/9.6/AppStream/x86_64/os/repodata/160a783f-886f-4645-86b6-5c04d94522c9-GROUPS.xml.gz (IP: 152.19.134.43)
SSSD	UNKNOWN STEP	2025-10-17T14:05:45.8034429Z   - Status code: 404 for http://mirror.chpc.utah.edu/pub/rocky/9.6/AppStream/x86_64/os/repodata/160a783f-886f-4645-86b6-5c04d94522c9-MODULES.yaml.gz (IP: 204.99.128.20)
SSSD	UNKNOWN STEP	2025-10-17T14:05:45.8035844Z   - Status code: 404 for https://mirror.web-ster.com/rocky/9.6/AppStream/x86_64/os/repodata/160a783f-886f-4645-86b6-5c04d94522c9-MODULES.yaml.gz (IP: 65.182.224.39)
SSSD	UNKNOWN STEP	2025-10-17T14:05:45.8037002Z   - Status code: 404 for http://nyc.mirrors.clouvider.net/rocky/9.6/AppStream/x86_64/os/repodata/160a783f-886f-4645-86b6-5c04d94522c9-MODULES.yaml.gz (IP: 94.154.159.241)
SSSD	UNKNOWN STEP	2025-10-17T14:05:45.8038157Z   - Status code: 404 for https://mirror.reenigne.net/rocky/9.6/AppStream/x86_64/os/repodata/160a783f-886f-4645-86b6-5c04d94522c9-MODULES.yaml.gz (IP: 172.83.105.10)
SSSD	UNKNOWN STEP	2025-10-17T14:05:45.8039343Z   - Status code: 404 for https://plug-mirror.rcac.purdue.edu/rocky/9.6/AppStream/x86_64/os/repodata/160a783f-886f-4645-86b6-5c04d94522c9-GROUPS.xml.gz (IP: 128.211.151.251)
SSSD	UNKNOWN STEP	2025-10-17T14:05:45.8040709Z   - Status code: 404 for https://rocky-linux-us-west2.production.gcp.mirrors.ctrliq.cloud/pub/rocky//9.6/AppStream/x86_64/os/repodata/160a783f-886f-4645-86b6-5c04d94522c9-MODULES.yaml.gz (IP: 34.36.50.162)
SSSD	UNKNOWN STEP	2025-10-17T14:05:45.8042303Z   - Status code: 404 for http://mirrors.upr.edu/rocky/9.6/AppStream/x86_64/os/repodata/160a783f-886f-4645-86b6-5c04d94522c9-MODULES.yaml.gz (IP: 136.145.244.40)
SSSD	UNKNOWN STEP	2025-10-17T14:05:45.8043425Z   - Status code: 404 for http://mirror.siena.edu/rocky/9.6/AppStream/x86_64/os/repodata/160a783f-886f-4645-86b6-5c04d94522c9-MODULES.yaml.gz (IP: 199.223.246.113)
SSSD	UNKNOWN STEP	2025-10-17T14:05:45.8044659Z   - Status code: 404 for http://mirrors.rit.edu/rocky/9.6/AppStream/x86_64/os/repodata/160a783f-886f-4645-86b6-5c04d94522c9-GROUPS.xml.gz (IP: 129.21.171.72)
SSSD	UNKNOWN STEP	2025-10-17T14:05:45.8046092Z   - Status code: 404 for https://rocky-linux-northamerica-northeast1.production.gcp.mirrors.ctrliq.cloud/pub/rocky//9.6/AppStream/x86_64/os/repodata/160a783f-886f-4645-86b6-5c04d94522c9-MODULES.yaml.gz (IP: 34.49.186.154)
SSSD	UNKNOWN STEP	2025-10-17T14:05:45.8047603Z   - Status code: 404 for https://rocky-linux-us-east4.production.gcp.mirrors.ctrliq.cloud/pub/rocky//9.6/AppStream/x86_64/os/repodata/160a783f-886f-4645-86b6-5c04d94522c9-MODULES.yaml.gz (IP: 34.49.194.122)
SSSD	UNKNOWN STEP	2025-10-17T14:05:45.8049141Z   - Status code: 404 for https://rocky-linux-northamerica-northeast2.production.gcp.mirrors.ctrliq.cloud/pub/rocky//9.6/AppStream/x86_64/os/repodata/160a783f-886f-4645-86b6-5c04d94522c9-MODULES.yaml.gz (IP: 34.49.213.234)
SSSD	UNKNOWN STEP	2025-10-17T14:05:45.8050479Z   - Status code: 404 for https://mirror.dst.ca/rocky/9.6/AppStream/x86_64/os/repodata/160a783f-886f-4645-86b6-5c04d94522c9-MODULES.yaml.gz (IP: 208.89.84.55)
SSSD	UNKNOWN STEP	2025-10-17T14:05:45.8051515Z   - Status code: 404 for http://mirrors.rit.edu/rocky/9.6/AppStream/x86_64/os/repodata/160a783f-886f-4645-86b6-5c04d94522c9-MODULES.yaml.gz (IP: 129.21.171.72)
SSSD	UNKNOWN STEP	2025-10-17T14:05:45.8052549Z   - Status code: 404 for http://distro.ibiblio.org/rocky/9.6/AppStream/x86_64/os/repodata/160a783f-886f-4645-86b6-5c04d94522c9-FILELISTS.xml.gz (IP: 152.19.134.43)
SSSD	UNKNOWN STEP	2025-10-17T14:05:45.8053592Z   - Status code: 404 for http://mirrors.vcea.wsu.edu/rocky/9.6/AppStream/x86_64/os/repodata/160a783f-886f-4645-86b6-5c04d94522c9-MODULES.yaml.gz (IP: 69.166.55.80)
SSSD	UNKNOWN STEP	2025-10-17T14:05:45.8054879Z   - Status code: 404 for https://mirror.servaxnet.com/rocky-linux/9.6/AppStream/x86_64/os/repodata/160a783f-886f-4645-86b6-5c04d94522c9-MODULES.yaml.gz (IP: 162.255.226.75)
SSSD	UNKNOWN STEP	2025-10-17T14:05:45.8056012Z   - Status code: 404 for https://plug-mirror.rcac.purdue.edu/rocky/9.6/AppStream/x86_64/os/repodata/306d9b18-239c-4c37-9b03-417fd21c87f3-PRIMARY.xml.gz (IP: 128.211.151.251)
SSSD	UNKNOWN STEP	2025-10-17T14:05:45.8057065Z   - Status code: 404 for http://mirror.rnet.missouri.edu/rocky/9.6/AppStream/x86_64/os/repodata/306d9b18-239c-4c37-9b03-417fd21c87f3-PRIMARY.xml.gz (IP: 128.206.116.77)
SSSD	UNKNOWN STEP	2025-10-17T14:05:45.8058241Z   - Status code: 404 for http://mirror.rnet.missouri.edu/rocky/9.6/AppStream/x86_64/os/repodata/160a783f-886f-4645-86b6-5c04d94522c9-MODULES.yaml.gz (IP: 128.206.116.77)
SSSD	UNKNOWN STEP	2025-10-17T14:05:45.8059445Z   - Status code: 404 for https://rocky-linux-us-east5.production.gcp.mirrors.ctrliq.cloud/pub/rocky//9.6/AppStream/x86_64/os/repodata/160a783f-886f-4645-86b6-5c04d94522c9-MODULES.yaml.gz (IP: 34.144.209.88)
SSSD	UNKNOWN STEP	2025-10-17T14:05:45.8060811Z   - Status code: 404 for https://rocky-linux-us-south1.production.gcp.mirrors.ctrliq.cloud/pub/rocky//9.6/AppStream/x86_64/os/repodata/160a783f-886f-4645-86b6-5c04d94522c9-MODULES.yaml.gz (IP: 34.36.6.112)
SSSD	UNKNOWN STEP	2025-10-17T14:05:45.8062481Z   - Status code: 404 for https://dl.rockylinux.org/pub/rocky/9.6/AppStream/x86_64/os/repodata/160a783f-886f-4645-86b6-5c04d94522c9-MODULES.yaml.gz (IP: 151.101.202.132)
SSSD	UNKNOWN STEP	2025-10-17T14:05:45.8063673Z   - Status code: 404 for https://rocky-linux-us-west4.production.gcp.mirrors.ctrliq.cloud/pub/rocky//9.6/AppStream/x86_64/os/repodata/160a783f-886f-4645-86b6-5c04d94522c9-MODULES.yaml.gz (IP: 35.186.229.59)
SSSD	UNKNOWN STEP	2025-10-17T14:05:45.8065064Z   - Status code: 404 for https://rocky.mirror.shastacoe.net/rocky/9.6/AppStream/x86_64/os/repodata/160a783f-886f-4645-86b6-5c04d94522c9-GROUPS.xml.gz (IP: 66.244.16.51)
SSSD	UNKNOWN STEP	2025-10-17T14:05:45.8066230Z   - Status code: 404 for https://us.mirrors.cicku.me/rocky/9.6/AppStream/x86_64/os/repodata/160a783f-886f-4645-86b6-5c04d94522c9-MODULES.yaml.gz (IP: 172.65.90.23)
SSSD	UNKNOWN STEP	2025-10-17T14:05:45.8067302Z   - Status code: 404 for https://mirror.cpsc.ucalgary.ca/mirror/rocky-linux/9.6/AppStream/x86_64/os/repodata/160a783f-886f-4645-86b6-5c04d94522c9-MODULES.yaml.gz (IP: 136.159.208.97)
SSSD	UNKNOWN STEP	2025-10-17T14:05:45.8068374Z   - Status code: 404 for http://distro.ibiblio.org/rocky/9.6/AppStream/x86_64/os/repodata/160a783f-886f-4645-86b6-5c04d94522c9-MODULES.yaml.gz (IP: 152.19.134.43)
SSSD	UNKNOWN STEP	2025-10-17T14:05:45.8069397Z   - Status code: 404 for https://rocky.mirror.shastacoe.net/rocky/9.6/AppStream/x86_64/os/repodata/160a783f-886f-4645-86b6-5c04d94522c9-MODULES.yaml.gz (IP: 66.244.16.51)
SSSD	UNKNOWN STEP	2025-10-17T14:05:45.8070432Z   - Status code: 404 for http://mirror.rnet.missouri.edu/rocky/9.6/AppStream/x86_64/os/repodata/160a783f-886f-4645-86b6-5c04d94522c9-GROUPS.xml.gz (IP: 128.206.116.77)
SSSD	UNKNOWN STEP	2025-10-17T14:05:45.8071754Z   - Status code: 404 for https://mirrors.iu13.net/rocky/9.6/AppStream/x86_64/os/repodata/160a783f-886f-4645-86b6-5c04d94522c9-MODULES.yaml.gz (IP: 206.82.17.213)
SSSD	UNKNOWN STEP	2025-10-17T14:05:45.8073024Z   - Status code: 404 for https://mirror.0xem.ma/rockylinux/9.6/AppStream/x86_64/os/repodata/160a783f-886f-4645-86b6-5c04d94522c9-MODULES.yaml.gz (IP: 69.156.120.108)
SSSD	UNKNOWN STEP	2025-10-17T14:05:45.8074220Z   - Status code: 404 for https://rocky-linux-us-west3.production.gcp.mirrors.ctrliq.cloud/pub/rocky//9.6/AppStream/x86_64/os/repodata/160a783f-886f-4645-86b6-5c04d94522c9-MODULES.yaml.gz (IP: 34.128.144.233)
SSSD	UNKNOWN STEP	2025-10-17T14:05:45.8075656Z   - Status code: 404 for https://rocky.mirror.shastacoe.net/rocky/9.6/AppStream/x86_64/os/repodata/306d9b18-239c-4c37-9b03-417fd21c87f3-PRIMARY.xml.gz (IP: 66.244.16.51)
SSSD	UNKNOWN STEP	2025-10-17T14:05:45.8076701Z   - Status code: 404 for http://mirror.cs.vt.edu/pub/rocky/9.6/AppStream/x86_64/os/repodata/160a783f-886f-4645-86b6-5c04d94522c9-FILELISTS.xml.gz (IP: 128.173.237.17)
SSSD	UNKNOWN STEP	2025-10-17T14:05:45.8077698Z   - Status code: 404 for http://mirrors.rit.edu/rocky/9.6/AppStream/x86_64/os/repodata/306d9b18-239c-4c37-9b03-417fd21c87f3-PRIMARY.xml.gz (IP: 129.21.171.72)
SSSD	UNKNOWN STEP	2025-10-17T14:05:45.8078680Z   - Status code: 404 for http://mirrors.egr.msu.edu/rockylinux/9.6/AppStream/x86_64/os/repodata/160a783f-886f-4645-86b6-5c04d94522c9-MODULES.yaml.gz (IP: 35.9.37.146)
SSSD	UNKNOWN STEP	2025-10-17T14:05:45.8079687Z   - Status code: 404 for http://mirrors.sonic.net/rocky/9.6/AppStream/x86_64/os/repodata/160a783f-886f-4645-86b6-5c04d94522c9-MODULES.yaml.gz (IP: 157.131.224.201)
SSSD	UNKNOWN STEP	2025-10-17T14:05:45.8080710Z   - Status code: 404 for http://mirror-mci.yuki.net.uk/rockylinux/9.6/AppStream/x86_64/os/repodata/160a783f-886f-4645-86b6-5c04d94522c9-MODULES.yaml.gz (IP: 160.20.142.103)
SSSD	UNKNOWN STEP	2025-10-17T14:05:45.8081923Z   - Status code: 404 for https://mirrors.cat.pdx.edu/rocky/9.6/AppStream/x86_64/os/repodata/160a783f-886f-4645-86b6-5c04d94522c9-MODULES.yaml.gz (IP: 131.252.208.20)
SSSD	UNKNOWN STEP	2025-10-17T14:05:45.8082951Z   - Status code: 404 for http://mirror.rnet.missouri.edu/rocky/9.6/AppStream/x86_64/os/repodata/160a783f-886f-4645-86b6-5c04d94522c9-FILELISTS.xml.gz (IP: 128.206.116.77)
SSSD	UNKNOWN STEP	2025-10-17T14:05:45.8083982Z   - Status code: 404 for http://mirror.cs.vt.edu/pub/rocky/9.6/AppStream/x86_64/os/repodata/306d9b18-239c-4c37-9b03-417fd21c87f3-PRIMARY.xml.gz (IP: 128.173.237.17)
SSSD	UNKNOWN STEP	2025-10-17T14:05:45.8085186Z   - Status code: 404 for http://distro.ibiblio.org/rocky/9.6/AppStream/x86_64/os/repodata/306d9b18-239c-4c37-9b03-417fd21c87f3-PRIMARY.xml.gz (IP: 152.19.134.43)
SSSD	UNKNOWN STEP	2025-10-17T14:05:45.8086171Z   - Status code: 404 for http://mirrors.rit.edu/rocky/9.6/AppStream/x86_64/os/repodata/160a783f-886f-4645-86b6-5c04d94522c9-FILELISTS.xml.gz (IP: 129.21.171.72)
SSSD	UNKNOWN STEP	2025-10-17T14:05:45.8087405Z Error: Failed to download metadata for repo 'appstream': Yum repo downloading error: Downloading error(s): repodata/160a783f-886f-4645-86b6-5c04d94522c9-MODULES.yaml.gz - Cannot download, all mirrors were already tried without success
SSSD	UNKNOWN STEP	2025-10-17T14:05:45.8252455Z Building quarkus keyclok server with SSSD integration
SSSD	UNKNOWN STEP	2025-10-17T14:05:46.2221828Z The JAVA_HOME environment variable is not defined correctly,
SSSD	UNKNOWN STEP	2025-10-17T14:05:46.2223284Z this environment variable is needed to run this program.
SSSD	UNKNOWN STEP	2025-10-17T14:05:46.2224165Z Executing SSSD tests
SSSD	UNKNOWN STEP	2025-10-17T14:05:46.2774061Z The JAVA_HOME environment variable is not defined correctly,
SSSD	UNKNOWN STEP	2025-10-17T14:05:46.2775040Z this environment variable is needed to run this program.
SSSD	UNKNOWN STEP	2025-10-17T14:05:48.7497073Z 0d4c195223cde6a4a60927699e2bc0f16a7182267f6ddecb0030c375fa2d606d
SSSD	UNKNOWN STEP	2025-10-17T14:05:48.7518683Z Tests executed with result: 1
SSSD	UNKNOWN STEP	2025-10-17T14:05:48.7540637Z ##[error]Process completed with exit code 1.
SSSD	UNKNOWN STEP	2025-10-17T14:05:48.7638654Z Post job cleanup.
SSSD	UNKNOWN STEP	2025-10-17T14:05:48.7691762Z Post job cleanup.
SSSD	UNKNOWN STEP	2025-10-17T14:05:48.9430665Z Post job cleanup.
SSSD	UNKNOWN STEP	2025-10-17T14:05:49.0274885Z [command]/usr/bin/git version
SSSD	UNKNOWN STEP	2025-10-17T14:05:49.0311932Z git version 2.51.0
SSSD	UNKNOWN STEP	2025-10-17T14:05:49.0381568Z Temporarily overriding HOME='/home/runner/work/_temp/cbee539a-9064-44a3-9cf2-4b3216d89582' before making global git config changes
SSSD	UNKNOWN STEP	2025-10-17T14:05:49.0383001Z Adding repository directory to the temporary git global config as a safe directory
SSSD	UNKNOWN STEP	2025-10-17T14:05:49.0387756Z [command]/usr/bin/git config --global --add safe.directory /home/runner/work/keycloak/keycloak
SSSD	UNKNOWN STEP	2025-10-17T14:05:49.0422377Z [command]/usr/bin/git config --local --name-only --get-regexp core\.sshCommand
SSSD	UNKNOWN STEP	2025-10-17T14:05:49.0455330Z [command]/usr/bin/git submodule foreach --recursive sh -c "git config --local --name-only --get-regexp 'core\.sshCommand' && git config --local --unset-all 'core.sshCommand' || :"
SSSD	UNKNOWN STEP	2025-10-17T14:05:49.0708881Z [command]/usr/bin/git config --local --name-only --get-regexp http\.https\:\/\/github\.com\/\.extraheader
SSSD	UNKNOWN STEP	2025-10-17T14:05:49.0735833Z http.https://github.com/.extraheader
SSSD	UNKNOWN STEP	2025-10-17T14:05:49.0745596Z [command]/usr/bin/git config --local --unset-all http.https://github.com/.extraheader
SSSD	UNKNOWN STEP	2025-10-17T14:05:49.0777892Z [command]/usr/bin/git submodule foreach --recursive sh -c "git config --local --name-only --get-regexp 'http\.https\:\/\/github\.com\/\.extraheader' && git config --local --unset-all 'http.https://github.com/.extraheader' || :"
SSSD	UNKNOWN STEP	2025-10-17T14:05:49.1148221Z Cleaning up orphan processes
SSSD	UNKNOWN STEP	2025-10-17T14:05:49.1491283Z Terminate orphan process: pid (2202) (catatonit)
Status Check - Keycloak CI	UNKNOWN STEP	ï»¿2025-10-17T15:17:48.1087797Z Current runner version: '2.329.0'
Status Check - Keycloak CI	UNKNOWN STEP	2025-10-17T15:17:48.1111798Z ##[group]Runner Image Provisioner
Status Check - Keycloak CI	UNKNOWN STEP	2025-10-17T15:17:48.1112591Z Hosted Compute Agent
Status Check - Keycloak CI	UNKNOWN STEP	2025-10-17T15:17:48.1113239Z Version: 20250912.392
Status Check - Keycloak CI	UNKNOWN STEP	2025-10-17T15:17:48.1113845Z Commit: d921fda672a98b64f4f82364647e2f10b2267d0b
Status Check - Keycloak CI	UNKNOWN STEP	2025-10-17T15:17:48.1114722Z Build Date: 2025-09-12T15:23:14Z
Status Check - Keycloak CI	UNKNOWN STEP	2025-10-17T15:17:48.1115281Z ##[endgroup]
Status Check - Keycloak CI	UNKNOWN STEP	2025-10-17T15:17:48.1115943Z ##[group]Operating System
Status Check - Keycloak CI	UNKNOWN STEP	2025-10-17T15:17:48.1116503Z Ubuntu
Status Check - Keycloak CI	UNKNOWN STEP	2025-10-17T15:17:48.1116937Z 24.04.3
Status Check - Keycloak CI	UNKNOWN STEP	2025-10-17T15:17:48.1117479Z LTS
Status Check - Keycloak CI	UNKNOWN STEP	2025-10-17T15:17:48.1117918Z ##[endgroup]
Status Check - Keycloak CI	UNKNOWN STEP	2025-10-17T15:17:48.1118415Z ##[group]Runner Image
Status Check - Keycloak CI	UNKNOWN STEP	2025-10-17T15:17:48.1119041Z Image: ubuntu-24.04
Status Check - Keycloak CI	UNKNOWN STEP	2025-10-17T15:17:48.1119559Z Version: 20250929.60.1
Status Check - Keycloak CI	UNKNOWN STEP	2025-10-17T15:17:48.1120527Z Included Software: https://github.com/actions/runner-images/blob/ubuntu24/20250929.60/images/ubuntu/Ubuntu2404-Readme.md
Status Check - Keycloak CI	UNKNOWN STEP	2025-10-17T15:17:48.1122125Z Image Release: https://github.com/actions/runner-images/releases/tag/ubuntu24%2F20250929.60
Status Check - Keycloak CI	UNKNOWN STEP	2025-10-17T15:17:48.1123062Z ##[endgroup]
Status Check - Keycloak CI	UNKNOWN STEP	2025-10-17T15:17:48.1124156Z ##[group]GITHUB_TOKEN Permissions
Status Check - Keycloak CI	UNKNOWN STEP	2025-10-17T15:17:48.1126132Z Contents: read
Status Check - Keycloak CI	UNKNOWN STEP	2025-10-17T15:17:48.1126770Z Metadata: read
Status Check - Keycloak CI	UNKNOWN STEP	2025-10-17T15:17:48.1127344Z ##[endgroup]
Status Check - Keycloak CI	UNKNOWN STEP	2025-10-17T15:17:48.1129448Z Secret source: None
Status Check - Keycloak CI	UNKNOWN STEP	2025-10-17T15:17:48.1130235Z Prepare workflow directory
Status Check - Keycloak CI	UNKNOWN STEP	2025-10-17T15:17:48.1544299Z Prepare all required actions
Status Check - Keycloak CI	UNKNOWN STEP	2025-10-17T15:17:48.1583324Z Getting action download info
Status Check - Keycloak CI	UNKNOWN STEP	2025-10-17T15:17:48.6525151Z Download action repository 'actions/checkout@08c6903cd8c0fde910a37f88322edcfb5dd907a8' (SHA:08c6903cd8c0fde910a37f88322edcfb5dd907a8)
Status Check - Keycloak CI	UNKNOWN STEP	2025-10-17T15:17:48.9162329Z Complete job name: Status Check - Keycloak CI
Status Check - Keycloak CI	UNKNOWN STEP	2025-10-17T15:17:48.9861061Z ##[group]Run actions/checkout@08c6903cd8c0fde910a37f88322edcfb5dd907a8
Status Check - Keycloak CI	UNKNOWN STEP	2025-10-17T15:17:48.9862190Z with:
Status Check - Keycloak CI	UNKNOWN STEP	2025-10-17T15:17:48.9862650Z   repository: keycloak/keycloak
Status Check - Keycloak CI	UNKNOWN STEP	2025-10-17T15:17:48.9863401Z   token: ***
Status Check - Keycloak CI	UNKNOWN STEP	2025-10-17T15:17:48.9863849Z   ssh-strict: true
Status Check - Keycloak CI	UNKNOWN STEP	2025-10-17T15:17:48.9864296Z   ssh-user: git
Status Check - Keycloak CI	UNKNOWN STEP	2025-10-17T15:17:48.9864945Z   persist-credentials: true
Status Check - Keycloak CI	UNKNOWN STEP	2025-10-17T15:17:48.9865450Z   clean: true
Status Check - Keycloak CI	UNKNOWN STEP	2025-10-17T15:17:48.9865909Z   sparse-checkout-cone-mode: true
Status Check - Keycloak CI	UNKNOWN STEP	2025-10-17T15:17:48.9866445Z   fetch-depth: 1
Status Check - Keycloak CI	UNKNOWN STEP	2025-10-17T15:17:48.9866869Z   fetch-tags: false
Status Check - Keycloak CI	UNKNOWN STEP	2025-10-17T15:17:48.9867322Z   show-progress: true
Status Check - Keycloak CI	UNKNOWN STEP	2025-10-17T15:17:48.9867784Z   lfs: false
Status Check - Keycloak CI	UNKNOWN STEP	2025-10-17T15:17:48.9868230Z   submodules: false
Status Check - Keycloak CI	UNKNOWN STEP	2025-10-17T15:17:48.9868692Z   set-safe-directory: true
Status Check - Keycloak CI	UNKNOWN STEP	2025-10-17T15:17:48.9869440Z env:
Status Check - Keycloak CI	UNKNOWN STEP	2025-10-17T15:17:48.9870062Z   MAVEN_ARGS: -B -nsu -Daether.connector.http.connectionMaxTtl=25
Status Check - Keycloak CI	UNKNOWN STEP	2025-10-17T15:17:48.9870792Z   SUREFIRE_RERUN_FAILING_COUNT: 2
Status Check - Keycloak CI	UNKNOWN STEP	2025-10-17T15:17:48.9871462Z   SUREFIRE_RETRY: -Dsurefire.rerunFailingTestsCount=2
Status Check - Keycloak CI	UNKNOWN STEP	2025-10-17T15:17:48.9872115Z ##[endgroup]
Status Check - Keycloak CI	UNKNOWN STEP	2025-10-17T15:17:49.0814607Z Syncing repository: keycloak/keycloak
Status Check - Keycloak CI	UNKNOWN STEP	2025-10-17T15:17:49.0817157Z ##[group]Getting Git version info
Status Check - Keycloak CI	UNKNOWN STEP	2025-10-17T15:17:49.0817970Z Working directory is '/home/runner/work/keycloak/keycloak'
Status Check - Keycloak CI	UNKNOWN STEP	2025-10-17T15:17:49.0819042Z [command]/usr/bin/git version
Status Check - Keycloak CI	UNKNOWN STEP	2025-10-17T15:17:49.0889462Z git version 2.51.0
Status Check - Keycloak CI	UNKNOWN STEP	2025-10-17T15:17:49.0914182Z ##[endgroup]
Status Check - Keycloak CI	UNKNOWN STEP	2025-10-17T15:17:49.0931948Z Temporarily overriding HOME='/home/runner/work/_temp/526c2a04-4b61-4226-ba5c-2a48c7bb8ec4' before making global git config changes
Status Check - Keycloak CI	UNKNOWN STEP	2025-10-17T15:17:49.0934816Z Adding repository directory to the temporary git global config as a safe directory
Status Check - Keycloak CI	UNKNOWN STEP	2025-10-17T15:17:49.0938096Z [command]/usr/bin/git config --global --add safe.directory /home/runner/work/keycloak/keycloak
Status Check - Keycloak CI	UNKNOWN STEP	2025-10-17T15:17:49.0979116Z Deleting the contents of '/home/runner/work/keycloak/keycloak'
Status Check - Keycloak CI	UNKNOWN STEP	2025-10-17T15:17:49.0983193Z ##[group]Initializing the repository
Status Check - Keycloak CI	UNKNOWN STEP	2025-10-17T15:17:49.0988244Z [command]/usr/bin/git init /home/runner/work/keycloak/keycloak
Status Check - Keycloak CI	UNKNOWN STEP	2025-10-17T15:17:49.1110962Z hint: Using 'master' as the name for the initial branch. This default branch name
Status Check - Keycloak CI	UNKNOWN STEP	2025-10-17T15:17:49.1112392Z hint: is subject to change. To configure the initial branch name to use in all
Status Check - Keycloak CI	UNKNOWN STEP	2025-10-17T15:17:49.1114071Z hint: of your new repositories, which will suppress this warning, call:
Status Check - Keycloak CI	UNKNOWN STEP	2025-10-17T15:17:49.1115806Z hint:
Status Check - Keycloak CI	UNKNOWN STEP	2025-10-17T15:17:49.1116859Z hint: 	git config --global init.defaultBranch <name>
Status Check - Keycloak CI	UNKNOWN STEP	2025-10-17T15:17:49.1118045Z hint:
Status Check - Keycloak CI	UNKNOWN STEP	2025-10-17T15:17:49.1119261Z hint: Names commonly chosen instead of 'master' are 'main', 'trunk' and
Status Check - Keycloak CI	UNKNOWN STEP	2025-10-17T15:17:49.1121172Z hint: 'development'. The just-created branch can be renamed via this command:
Status Check - Keycloak CI	UNKNOWN STEP	2025-10-17T15:17:49.1122614Z hint:
Status Check - Keycloak CI	UNKNOWN STEP	2025-10-17T15:17:49.1123406Z hint: 	git branch -m <name>
Status Check - Keycloak CI	UNKNOWN STEP	2025-10-17T15:17:49.1124266Z hint:
Status Check - Keycloak CI	UNKNOWN STEP	2025-10-17T15:17:49.1125659Z hint: Disable this message with "git config set advice.defaultBranchName false"
Status Check - Keycloak CI	UNKNOWN STEP	2025-10-17T15:17:49.1127646Z Initialized empty Git repository in /home/runner/work/keycloak/keycloak/.git/
Status Check - Keycloak CI	UNKNOWN STEP	2025-10-17T15:17:49.1131031Z [command]/usr/bin/git remote add origin https://github.com/keycloak/keycloak
Status Check - Keycloak CI	UNKNOWN STEP	2025-10-17T15:17:49.1171060Z ##[endgroup]
Status Check - Keycloak CI	UNKNOWN STEP	2025-10-17T15:17:49.1172408Z ##[group]Disabling automatic garbage collection
Status Check - Keycloak CI	UNKNOWN STEP	2025-10-17T15:17:49.1176228Z [command]/usr/bin/git config --local gc.auto 0
Status Check - Keycloak CI	UNKNOWN STEP	2025-10-17T15:17:49.1207788Z ##[endgroup]
Status Check - Keycloak CI	UNKNOWN STEP	2025-10-17T15:17:49.1209421Z ##[group]Setting up auth
Status Check - Keycloak CI	UNKNOWN STEP	2025-10-17T15:17:49.1215542Z [command]/usr/bin/git config --local --name-only --get-regexp core\.sshCommand
Status Check - Keycloak CI	UNKNOWN STEP	2025-10-17T15:17:49.1250338Z [command]/usr/bin/git submodule foreach --recursive sh -c "git config --local --name-only --get-regexp 'core\.sshCommand' && git config --local --unset-all 'core.sshCommand' || :"
Status Check - Keycloak CI	UNKNOWN STEP	2025-10-17T15:17:49.1592391Z [command]/usr/bin/git config --local --name-only --get-regexp http\.https\:\/\/github\.com\/\.extraheader
Status Check - Keycloak CI	UNKNOWN STEP	2025-10-17T15:17:49.1625365Z [command]/usr/bin/git submodule foreach --recursive sh -c "git config --local --name-only --get-regexp 'http\.https\:\/\/github\.com\/\.extraheader' && git config --local --unset-all 'http.https://github.com/.extraheader' || :"
Status Check - Keycloak CI	UNKNOWN STEP	2025-10-17T15:17:49.1860298Z [command]/usr/bin/git config --local http.https://github.com/.extraheader AUTHORIZATION: basic ***
Status Check - Keycloak CI	UNKNOWN STEP	2025-10-17T15:17:49.1899863Z ##[endgroup]
Status Check - Keycloak CI	UNKNOWN STEP	2025-10-17T15:17:49.1901416Z ##[group]Fetching the repository
Status Check - Keycloak CI	UNKNOWN STEP	2025-10-17T15:17:49.1910994Z [command]/usr/bin/git -c protocol.version=2 fetch --no-tags --prune --no-recurse-submodules --depth=1 origin +c8236e08887429ee37cd9a2465523c879e88ea7b:refs/remotes/pull/42946/merge
Status Check - Keycloak CI	UNKNOWN STEP	2025-10-17T15:17:53.0201383Z From https://github.com/keycloak/keycloak
Status Check - Keycloak CI	UNKNOWN STEP	2025-10-17T15:17:53.0203084Z  * [new ref]         c8236e08887429ee37cd9a2465523c879e88ea7b -> pull/42946/merge
Status Check - Keycloak CI	UNKNOWN STEP	2025-10-17T15:17:53.0235803Z ##[endgroup]
Status Check - Keycloak CI	UNKNOWN STEP	2025-10-17T15:17:53.0237257Z ##[group]Determining the checkout info
Status Check - Keycloak CI	UNKNOWN STEP	2025-10-17T15:17:53.0238506Z ##[endgroup]
Status Check - Keycloak CI	UNKNOWN STEP	2025-10-17T15:17:53.0244040Z [command]/usr/bin/git sparse-checkout disable
Status Check - Keycloak CI	UNKNOWN STEP	2025-10-17T15:17:53.0287973Z [command]/usr/bin/git config --local --unset-all extensions.worktreeConfig
Status Check - Keycloak CI	UNKNOWN STEP	2025-10-17T15:17:53.0316923Z ##[group]Checking out the ref
Status Check - Keycloak CI	UNKNOWN STEP	2025-10-17T15:17:53.0321152Z [command]/usr/bin/git checkout --progress --force refs/remotes/pull/42946/merge
Status Check - Keycloak CI	UNKNOWN STEP	2025-10-17T15:17:53.8511017Z Note: switching to 'refs/remotes/pull/42946/merge'.
Status Check - Keycloak CI	UNKNOWN STEP	2025-10-17T15:17:53.8511578Z 
Status Check - Keycloak CI	UNKNOWN STEP	2025-10-17T15:17:53.8512173Z You are in 'detached HEAD' state. You can look around, make experimental
Status Check - Keycloak CI	UNKNOWN STEP	2025-10-17T15:17:53.8512976Z changes and commit them, and you can discard any commits you make in this
Status Check - Keycloak CI	UNKNOWN STEP	2025-10-17T15:17:53.8513755Z state without impacting any branches by switching back to a branch.
Status Check - Keycloak CI	UNKNOWN STEP	2025-10-17T15:17:53.8514289Z 
Status Check - Keycloak CI	UNKNOWN STEP	2025-10-17T15:17:53.8514862Z If you want to create a new branch to retain commits you create, you may
Status Check - Keycloak CI	UNKNOWN STEP	2025-10-17T15:17:53.8515550Z do so (now or later) by using -c with the switch command. Example:
Status Check - Keycloak CI	UNKNOWN STEP	2025-10-17T15:17:53.8515961Z 
Status Check - Keycloak CI	UNKNOWN STEP	2025-10-17T15:17:53.8516149Z   git switch -c <new-branch-name>
Status Check - Keycloak CI	UNKNOWN STEP	2025-10-17T15:17:53.8516475Z 
Status Check - Keycloak CI	UNKNOWN STEP	2025-10-17T15:17:53.8517725Z Or undo this operation with:
Status Check - Keycloak CI	UNKNOWN STEP	2025-10-17T15:17:53.8518117Z 
Status Check - Keycloak CI	UNKNOWN STEP	2025-10-17T15:17:53.8518305Z   git switch -
Status Check - Keycloak CI	UNKNOWN STEP	2025-10-17T15:17:53.8518603Z 
Status Check - Keycloak CI	UNKNOWN STEP	2025-10-17T15:17:53.8519025Z Turn off this advice by setting config variable advice.detachedHead to false
Status Check - Keycloak CI	UNKNOWN STEP	2025-10-17T15:17:53.8519555Z 
Status Check - Keycloak CI	UNKNOWN STEP	2025-10-17T15:17:53.8520289Z HEAD is now at c8236e0 Merge dffe31684894eda91822cae0c6219f3e18e8bf7a into 2300b3fc784e6dee0caab2212e5e632788d06cd6
Status Check - Keycloak CI	UNKNOWN STEP	2025-10-17T15:17:53.8547754Z ##[endgroup]
Status Check - Keycloak CI	UNKNOWN STEP	2025-10-17T15:17:53.8589610Z [command]/usr/bin/git log -1 --format=%H
Status Check - Keycloak CI	UNKNOWN STEP	2025-10-17T15:17:53.8612876Z c8236e08887429ee37cd9a2465523c879e88ea7b
Status Check - Keycloak CI	UNKNOWN STEP	2025-10-17T15:17:53.8861817Z Prepare all required actions
Status Check - Keycloak CI	UNKNOWN STEP	2025-10-17T15:17:53.8943114Z ##[group]Run ./.github/actions/status-check
Status Check - Keycloak CI	UNKNOWN STEP	2025-10-17T15:17:53.8943405Z with:
Status Check - Keycloak CI	UNKNOWN STEP	2025-10-17T15:17:53.8947854Z   jobs: {
Status Check - Keycloak CI	UNKNOWN STEP	  "conditional": {
Status Check - Keycloak CI	UNKNOWN STEP	    "result": "success",
Status Check - Keycloak CI	UNKNOWN STEP	    "outputs": {
Status Check - Keycloak CI	UNKNOWN STEP	      "ci-additional-dbs": "false",
Status Check - Keycloak CI	UNKNOWN STEP	      "ci": "true",
Status Check - Keycloak CI	UNKNOWN STEP	      "ci-quarkus": "true",
Status Check - Keycloak CI	UNKNOWN STEP	      "ci-store": "true",
Status Check - Keycloak CI	UNKNOWN STEP	      "ci-sssd": "true",
Status Check - Keycloak CI	UNKNOWN STEP	      "ci-webauthn": "true",
Status Check - Keycloak CI	UNKNOWN STEP	      "ci-aurora": "false",
Status Check - Keycloak CI	UNKNOWN STEP	      "ci-compatibility-matrix": "skip"
Status Check - Keycloak CI	UNKNOWN STEP	    }
Status Check - Keycloak CI	UNKNOWN STEP	  },
Status Check - Keycloak CI	UNKNOWN STEP	  "build": {
Status Check - Keycloak CI	UNKNOWN STEP	    "result": "success",
Status Check - Keycloak CI	UNKNOWN STEP	    "outputs": {}
Status Check - Keycloak CI	UNKNOWN STEP	  },
Status Check - Keycloak CI	UNKNOWN STEP	  "unit-tests": {
Status Check - Keycloak CI	UNKNOWN STEP	    "result": "success",
Status Check - Keycloak CI	UNKNOWN STEP	    "outputs": {}
Status Check - Keycloak CI	UNKNOWN STEP	  },
Status Check - Keycloak CI	UNKNOWN STEP	  "base-integration-tests": {
Status Check - Keycloak CI	UNKNOWN STEP	    "result": "success",
Status Check - Keycloak CI	UNKNOWN STEP	    "outputs": {}
Status Check - Keycloak CI	UNKNOWN STEP	  },
Status Check - Keycloak CI	UNKNOWN STEP	  "adapter-integration-tests": {
Status Check - Keycloak CI	UNKNOWN STEP	    "result": "success",
Status Check - Keycloak CI	UNKNOWN STEP	    "outputs": {}
Status Check - Keycloak CI	UNKNOWN STEP	  },
Status Check - Keycloak CI	UNKNOWN STEP	  "adapter-integration-tests-strict-cookies": {
Status Check - Keycloak CI	UNKNOWN STEP	    "result": "success",
Status Check - Keycloak CI	UNKNOWN STEP	    "outputs": {}
Status Check - Keycloak CI	UNKNOWN STEP	  },
Status Check - Keycloak CI	UNKNOWN STEP	  "quarkus-unit-tests": {
Status Check - Keycloak CI	UNKNOWN STEP	    "result": "success",
Status Check - Keycloak CI	UNKNOWN STEP	    "outputs": {}
Status Check - Keycloak CI	UNKNOWN STEP	  },
Status Check - Keycloak CI	UNKNOWN STEP	  "quarkus-integration-tests": {
Status Check - Keycloak CI	UNKNOWN STEP	    "result": "success",
Status Check - Keycloak CI	UNKNOWN STEP	    "outputs": {}
Status Check - Keycloak CI	UNKNOWN STEP	  },
Status Check - Keycloak CI	UNKNOWN STEP	  "jdk-integration-tests": {
Status Check - Keycloak CI	UNKNOWN STEP	    "result": "success",
Status Check - Keycloak CI	UNKNOWN STEP	    "outputs": {}
Status Check - Keycloak CI	UNKNOWN STEP	  },
Status Check - Keycloak CI	UNKNOWN STEP	  "store-integration-tests": {
Status Check - Keycloak CI	UNKNOWN STEP	    "result": "success",
Status Check - Keycloak CI	UNKNOWN STEP	    "outputs": {}
Status Check - Keycloak CI	UNKNOWN STEP	  },
Status Check - Keycloak CI	UNKNOWN STEP	  "volatile-sessions-tests": {
Status Check - Keycloak CI	UNKNOWN STEP	    "result": "success",
Status Check - Keycloak CI	UNKNOWN STEP	    "outputs": {}
Status Check - Keycloak CI	UNKNOWN STEP	  },
Status Check - Keycloak CI	UNKNOWN STEP	  "store-model-tests": {
Status Check - Keycloak CI	UNKNOWN STEP	    "result": "success",
Status Check - Keycloak CI	UNKNOWN STEP	    "outputs": {}
Status Check - Keycloak CI	UNKNOWN STEP	  },
Status Check - Keycloak CI	UNKNOWN STEP	  "clustering-integration-tests": {
Status Check - Keycloak CI	UNKNOWN STEP	    "result": "success",
Status Check - Keycloak CI	UNKNOWN STEP	    "outputs": {}
Status Check - Keycloak CI	UNKNOWN STEP	  },
Status Check - Keycloak CI	UNKNOWN STEP	  "fips-unit-tests": {
Status Check - Keycloak CI	UNKNOWN STEP	    "result": "success",
Status Check - Keycloak CI	UNKNOWN STEP	    "outputs": {}
Status Check - Keycloak CI	UNKNOWN STEP	  },
Status Check - Keycloak CI	UNKNOWN STEP	  "fips-integration-tests": {
Status Check - Keycloak CI	UNKNOWN STEP	    "result": "success",
Status Check - Keycloak CI	UNKNOWN STEP	    "outputs": {}
Status Check - Keycloak CI	UNKNOWN STEP	  },
Status Check - Keycloak CI	UNKNOWN STEP	  "forms-integration-tests": {
Status Check - Keycloak CI	UNKNOWN STEP	    "result": "success",
Status Check - Keycloak CI	UNKNOWN STEP	    "outputs": {}
Status Check - Keycloak CI	UNKNOWN STEP	  },
Status Check - Keycloak CI	UNKNOWN STEP	  "webauthn-integration-tests": {
Status Check - Keycloak CI	UNKNOWN STEP	    "result": "success",
Status Check - Keycloak CI	UNKNOWN STEP	    "outputs": {}
Status Check - Keycloak CI	UNKNOWN STEP	  },
Status Check - Keycloak CI	UNKNOWN STEP	  "sssd-unit-tests": {
Status Check - Keycloak CI	UNKNOWN STEP	    "result": "failure",
Status Check - Keycloak CI	UNKNOWN STEP	    "outputs": {}
Status Check - Keycloak CI	UNKNOWN STEP	  },
Status Check - Keycloak CI	UNKNOWN STEP	  "migration-tests": {
Status Check - Keycloak CI	UNKNOWN STEP	    "result": "success",
Status Check - Keycloak CI	UNKNOWN STEP	    "outputs": {}
Status Check - Keycloak CI	UNKNOWN STEP	  },
Status Check - Keycloak CI	UNKNOWN STEP	  "external-infinispan-tests": {
Status Check - Keycloak CI	UNKNOWN STEP	    "result": "success",
Status Check - Keycloak CI	UNKNOWN STEP	    "outputs": {}
Status Check - Keycloak CI	UNKNOWN STEP	  },
Status Check - Keycloak CI	UNKNOWN STEP	  "test-framework": {
Status Check - Keycloak CI	UNKNOWN STEP	    "result": "success",
Status Check - Keycloak CI	UNKNOWN STEP	    "outputs": {}
Status Check - Keycloak CI	UNKNOWN STEP	  },
Status Check - Keycloak CI	UNKNOWN STEP	  "base-new-integration-tests": {
Status Check - Keycloak CI	UNKNOWN STEP	    "result": "success",
Status Check - Keycloak CI	UNKNOWN STEP	    "outputs": {}
Status Check - Keycloak CI	UNKNOWN STEP	  },
Status Check - Keycloak CI	UNKNOWN STEP	  "mixed-cluster-compatibility-tests": {
Status Check - Keycloak CI	UNKNOWN STEP	    "result": "skipped",
Status Check - Keycloak CI	UNKNOWN STEP	    "outputs": {}
Status Check - Keycloak CI	UNKNOWN STEP	  }
Status Check - Keycloak CI	UNKNOWN STEP	}
Status Check - Keycloak CI	UNKNOWN STEP	2025-10-17T15:17:53.8952314Z env:
Status Check - Keycloak CI	UNKNOWN STEP	2025-10-17T15:17:53.8952584Z   MAVEN_ARGS: -B -nsu -Daether.connector.http.connectionMaxTtl=25
Status Check - Keycloak CI	UNKNOWN STEP	2025-10-17T15:17:53.8952926Z   SUREFIRE_RERUN_FAILING_COUNT: 2
Status Check - Keycloak CI	UNKNOWN STEP	2025-10-17T15:17:53.8953231Z   SUREFIRE_RETRY: -Dsurefire.rerunFailingTestsCount=2
Status Check - Keycloak CI	UNKNOWN STEP	2025-10-17T15:17:53.8953509Z ##[endgroup]
Status Check - Keycloak CI	UNKNOWN STEP	2025-10-17T15:17:53.9063061Z ##[group]Run JOBS='{
Status Check - Keycloak CI	UNKNOWN STEP	2025-10-17T15:17:53.9063419Z [36;1mJOBS='{[0m
Status Check - Keycloak CI	UNKNOWN STEP	2025-10-17T15:17:53.9063629Z [36;1m  "conditional": {[0m
Status Check - Keycloak CI	UNKNOWN STEP	2025-10-17T15:17:53.9063859Z [36;1m    "result": "success",[0m
Status Check - Keycloak CI	UNKNOWN STEP	2025-10-17T15:17:53.9064101Z [36;1m    "outputs": {[0m
Status Check - Keycloak CI	UNKNOWN STEP	2025-10-17T15:17:53.9064591Z [36;1m      "ci-additional-dbs": "false",[0m
Status Check - Keycloak CI	UNKNOWN STEP	2025-10-17T15:17:53.9064875Z [36;1m      "ci": "true",[0m
Status Check - Keycloak CI	UNKNOWN STEP	2025-10-17T15:17:53.9065100Z [36;1m      "ci-quarkus": "true",[0m
Status Check - Keycloak CI	UNKNOWN STEP	2025-10-17T15:17:53.9065361Z [36;1m      "ci-store": "true",[0m
Status Check - Keycloak CI	UNKNOWN STEP	2025-10-17T15:17:53.9065596Z [36;1m      "ci-sssd": "true",[0m
Status Check - Keycloak CI	UNKNOWN STEP	2025-10-17T15:17:53.9065823Z [36;1m      "ci-webauthn": "true",[0m
Status Check - Keycloak CI	UNKNOWN STEP	2025-10-17T15:17:53.9066063Z [36;1m      "ci-aurora": "false",[0m
Status Check - Keycloak CI	UNKNOWN STEP	2025-10-17T15:17:53.9066320Z [36;1m      "ci-compatibility-matrix": "skip"[0m
Status Check - Keycloak CI	UNKNOWN STEP	2025-10-17T15:17:53.9066587Z [36;1m    }[0m
Status Check - Keycloak CI	UNKNOWN STEP	2025-10-17T15:17:53.9066761Z [36;1m  },[0m
Status Check - Keycloak CI	UNKNOWN STEP	2025-10-17T15:17:53.9066940Z [36;1m  "build": {[0m
Status Check - Keycloak CI	UNKNOWN STEP	2025-10-17T15:17:53.9067139Z [36;1m    "result": "success",[0m
Status Check - Keycloak CI	UNKNOWN STEP	2025-10-17T15:17:53.9067360Z [36;1m    "outputs": {}[0m
Status Check - Keycloak CI	UNKNOWN STEP	2025-10-17T15:17:53.9067560Z [36;1m  },[0m
Status Check - Keycloak CI	UNKNOWN STEP	2025-10-17T15:17:53.9067732Z [36;1m  "unit-tests": {[0m
Status Check - Keycloak CI	UNKNOWN STEP	2025-10-17T15:17:53.9067941Z [36;1m    "result": "success",[0m
Status Check - Keycloak CI	UNKNOWN STEP	2025-10-17T15:17:53.9068156Z [36;1m    "outputs": {}[0m
Status Check - Keycloak CI	UNKNOWN STEP	2025-10-17T15:17:53.9068568Z [36;1m  },[0m
Status Check - Keycloak CI	UNKNOWN STEP	2025-10-17T15:17:53.9068758Z [36;1m  "base-integration-tests": {[0m
Status Check - Keycloak CI	UNKNOWN STEP	2025-10-17T15:17:53.9069001Z [36;1m    "result": "success",[0m
Status Check - Keycloak CI	UNKNOWN STEP	2025-10-17T15:17:53.9069213Z [36;1m    "outputs": {}[0m
Status Check - Keycloak CI	UNKNOWN STEP	2025-10-17T15:17:53.9069574Z [36;1m  },[0m
Status Check - Keycloak CI	UNKNOWN STEP	2025-10-17T15:17:53.9069782Z [36;1m  "adapter-integration-tests": {[0m
Status Check - Keycloak CI	UNKNOWN STEP	2025-10-17T15:17:53.9070032Z [36;1m    "result": "success",[0m
Status Check - Keycloak CI	UNKNOWN STEP	2025-10-17T15:17:53.9070254Z [36;1m    "outputs": {}[0m
Status Check - Keycloak CI	UNKNOWN STEP	2025-10-17T15:17:53.9070445Z [36;1m  },[0m
Status Check - Keycloak CI	UNKNOWN STEP	2025-10-17T15:17:53.9070688Z [36;1m  "adapter-integration-tests-strict-cookies": {[0m
Status Check - Keycloak CI	UNKNOWN STEP	2025-10-17T15:17:53.9070981Z [36;1m    "result": "success",[0m
Status Check - Keycloak CI	UNKNOWN STEP	2025-10-17T15:17:53.9071303Z [36;1m    "outputs": {}[0m
Status Check - Keycloak CI	UNKNOWN STEP	2025-10-17T15:17:53.9071635Z [36;1m  },[0m
Status Check - Keycloak CI	UNKNOWN STEP	2025-10-17T15:17:53.9071857Z [36;1m  "quarkus-unit-tests": {[0m
Status Check - Keycloak CI	UNKNOWN STEP	2025-10-17T15:17:53.9072094Z [36;1m    "result": "success",[0m
Status Check - Keycloak CI	UNKNOWN STEP	2025-10-17T15:17:53.9072313Z [36;1m    "outputs": {}[0m
Status Check - Keycloak CI	UNKNOWN STEP	2025-10-17T15:17:53.9072511Z [36;1m  },[0m
Status Check - Keycloak CI	UNKNOWN STEP	2025-10-17T15:17:53.9072713Z [36;1m  "quarkus-integration-tests": {[0m
Status Check - Keycloak CI	UNKNOWN STEP	2025-10-17T15:17:53.9072966Z [36;1m    "result": "success",[0m
Status Check - Keycloak CI	UNKNOWN STEP	2025-10-17T15:17:53.9073182Z [36;1m    "outputs": {}[0m
Status Check - Keycloak CI	UNKNOWN STEP	2025-10-17T15:17:53.9073415Z [36;1m  },[0m
Status Check - Keycloak CI	UNKNOWN STEP	2025-10-17T15:17:53.9073648Z [36;1m  "jdk-integration-tests": {[0m
Status Check - Keycloak CI	UNKNOWN STEP	2025-10-17T15:17:53.9073902Z [36;1m    "result": "success",[0m
Status Check - Keycloak CI	UNKNOWN STEP	2025-10-17T15:17:53.9074119Z [36;1m    "outputs": {}[0m
Status Check - Keycloak CI	UNKNOWN STEP	2025-10-17T15:17:53.9074309Z [36;1m  },[0m
Status Check - Keycloak CI	UNKNOWN STEP	2025-10-17T15:17:53.9074699Z [36;1m  "store-integration-tests": {[0m
Status Check - Keycloak CI	UNKNOWN STEP	2025-10-17T15:17:53.9074953Z [36;1m    "result": "success",[0m
Status Check - Keycloak CI	UNKNOWN STEP	2025-10-17T15:17:53.9075185Z [36;1m    "outputs": {}[0m
Status Check - Keycloak CI	UNKNOWN STEP	2025-10-17T15:17:53.9075390Z [36;1m  },[0m
Status Check - Keycloak CI	UNKNOWN STEP	2025-10-17T15:17:53.9075579Z [36;1m  "volatile-sessions-tests": {[0m
Status Check - Keycloak CI	UNKNOWN STEP	2025-10-17T15:17:53.9075839Z [36;1m    "result": "success",[0m
Status Check - Keycloak CI	UNKNOWN STEP	2025-10-17T15:17:53.9076054Z [36;1m    "outputs": {}[0m
Status Check - Keycloak CI	UNKNOWN STEP	2025-10-17T15:17:53.9076259Z [36;1m  },[0m
Status Check - Keycloak CI	UNKNOWN STEP	2025-10-17T15:17:53.9076436Z [36;1m  "store-model-tests": {[0m
Status Check - Keycloak CI	UNKNOWN STEP	2025-10-17T15:17:53.9076673Z [36;1m    "result": "success",[0m
Status Check - Keycloak CI	UNKNOWN STEP	2025-10-17T15:17:53.9076893Z [36;1m    "outputs": {}[0m
Status Check - Keycloak CI	UNKNOWN STEP	2025-10-17T15:17:53.9077089Z [36;1m  },[0m
Status Check - Keycloak CI	UNKNOWN STEP	2025-10-17T15:17:53.9077296Z [36;1m  "clustering-integration-tests": {[0m
Status Check - Keycloak CI	UNKNOWN STEP	2025-10-17T15:17:53.9077559Z [36;1m    "result": "success",[0m
Status Check - Keycloak CI	UNKNOWN STEP	2025-10-17T15:17:53.9077774Z [36;1m    "outputs": {}[0m
Status Check - Keycloak CI	UNKNOWN STEP	2025-10-17T15:17:53.9077961Z [36;1m  },[0m
Status Check - Keycloak CI	UNKNOWN STEP	2025-10-17T15:17:53.9078145Z [36;1m  "fips-unit-tests": {[0m
Status Check - Keycloak CI	UNKNOWN STEP	2025-10-17T15:17:53.9078364Z [36;1m    "result": "success",[0m
Status Check - Keycloak CI	UNKNOWN STEP	2025-10-17T15:17:53.9078578Z [36;1m    "outputs": {}[0m
Status Check - Keycloak CI	UNKNOWN STEP	2025-10-17T15:17:53.9078763Z [36;1m  },[0m
Status Check - Keycloak CI	UNKNOWN STEP	2025-10-17T15:17:53.9078950Z [36;1m  "fips-integration-tests": {[0m
Status Check - Keycloak CI	UNKNOWN STEP	2025-10-17T15:17:53.9079279Z [36;1m    "result": "success",[0m
Status Check - Keycloak CI	UNKNOWN STEP	2025-10-17T15:17:53.9079564Z [36;1m    "outputs": {}[0m
Status Check - Keycloak CI	UNKNOWN STEP	2025-10-17T15:17:53.9079761Z [36;1m  },[0m
Status Check - Keycloak CI	UNKNOWN STEP	2025-10-17T15:17:53.9079942Z [36;1m  "forms-integration-tests": {[0m
Status Check - Keycloak CI	UNKNOWN STEP	2025-10-17T15:17:53.9080184Z [36;1m    "result": "success",[0m
Status Check - Keycloak CI	UNKNOWN STEP	2025-10-17T15:17:53.9080403Z [36;1m    "outputs": {}[0m
Status Check - Keycloak CI	UNKNOWN STEP	2025-10-17T15:17:53.9080595Z [36;1m  },[0m
Status Check - Keycloak CI	UNKNOWN STEP	2025-10-17T15:17:53.9080785Z [36;1m  "webauthn-integration-tests": {[0m
Status Check - Keycloak CI	UNKNOWN STEP	2025-10-17T15:17:53.9081034Z [36;1m    "result": "success",[0m
Status Check - Keycloak CI	UNKNOWN STEP	2025-10-17T15:17:53.9081250Z [36;1m    "outputs": {}[0m
Status Check - Keycloak CI	UNKNOWN STEP	2025-10-17T15:17:53.9081444Z [36;1m  },[0m
Status Check - Keycloak CI	UNKNOWN STEP	2025-10-17T15:17:53.9081621Z [36;1m  "sssd-unit-tests": {[0m
Status Check - Keycloak CI	UNKNOWN STEP	2025-10-17T15:17:53.9081838Z [36;1m    "result": "failure",[0m
Status Check - Keycloak CI	UNKNOWN STEP	2025-10-17T15:17:53.9082112Z [36;1m    "outputs": {}[0m
Status Check - Keycloak CI	UNKNOWN STEP	2025-10-17T15:17:53.9082437Z [36;1m  },[0m
Status Check - Keycloak CI	UNKNOWN STEP	2025-10-17T15:17:53.9082690Z [36;1m  "migration-tests": {[0m
Status Check - Keycloak CI	UNKNOWN STEP	2025-10-17T15:17:53.9082940Z [36;1m    "result": "success",[0m
Status Check - Keycloak CI	UNKNOWN STEP	2025-10-17T15:17:53.9083158Z [36;1m    "outputs": {}[0m
Status Check - Keycloak CI	UNKNOWN STEP	2025-10-17T15:17:53.9083344Z [36;1m  },[0m
Status Check - Keycloak CI	UNKNOWN STEP	2025-10-17T15:17:53.9083538Z [36;1m  "external-infinispan-tests": {[0m
Status Check - Keycloak CI	UNKNOWN STEP	2025-10-17T15:17:53.9083789Z [36;1m    "result": "success",[0m
Status Check - Keycloak CI	UNKNOWN STEP	2025-10-17T15:17:53.9083999Z [36;1m    "outputs": {}[0m
Status Check - Keycloak CI	UNKNOWN STEP	2025-10-17T15:17:53.9084505Z [36;1m  },[0m
Status Check - Keycloak CI	UNKNOWN STEP	2025-10-17T15:17:53.9084681Z [36;1m  "test-framework": {[0m
Status Check - Keycloak CI	UNKNOWN STEP	2025-10-17T15:17:53.9084906Z [36;1m    "result": "success",[0m
Status Check - Keycloak CI	UNKNOWN STEP	2025-10-17T15:17:53.9085116Z [36;1m    "outputs": {}[0m
Status Check - Keycloak CI	UNKNOWN STEP	2025-10-17T15:17:53.9085308Z [36;1m  },[0m
Status Check - Keycloak CI	UNKNOWN STEP	2025-10-17T15:17:53.9085626Z [36;1m  "base-new-integration-tests": {[0m
Status Check - Keycloak CI	UNKNOWN STEP	2025-10-17T15:17:53.9085884Z [36;1m    "result": "success",[0m
Status Check - Keycloak CI	UNKNOWN STEP	2025-10-17T15:17:53.9086095Z [36;1m    "outputs": {}[0m
Status Check - Keycloak CI	UNKNOWN STEP	2025-10-17T15:17:53.9086292Z [36;1m  },[0m
Status Check - Keycloak CI	UNKNOWN STEP	2025-10-17T15:17:53.9086505Z [36;1m  "mixed-cluster-compatibility-tests": {[0m
Status Check - Keycloak CI	UNKNOWN STEP	2025-10-17T15:17:53.9086778Z [36;1m    "result": "skipped",[0m
Status Check - Keycloak CI	UNKNOWN STEP	2025-10-17T15:17:53.9086999Z [36;1m    "outputs": {}[0m
Status Check - Keycloak CI	UNKNOWN STEP	2025-10-17T15:17:53.9087188Z [36;1m  }[0m
Status Check - Keycloak CI	UNKNOWN STEP	2025-10-17T15:17:53.9087353Z [36;1m}'[0m
Status Check - Keycloak CI	UNKNOWN STEP	2025-10-17T15:17:53.9087517Z [36;1m[0m
Status Check - Keycloak CI	UNKNOWN STEP	2025-10-17T15:17:53.9087695Z [36;1mecho "Job status:"[0m
Status Check - Keycloak CI	UNKNOWN STEP	2025-10-17T15:17:53.9087997Z [36;1mecho $JOBS | jq -r 'to_entries[] | " - \(.key): \(.value.result)"'[0m
Status Check - Keycloak CI	UNKNOWN STEP	2025-10-17T15:17:53.9088319Z [36;1m[0m
Status Check - Keycloak CI	UNKNOWN STEP	2025-10-17T15:17:53.9088567Z [36;1mfor i in $(echo $JOBS | jq -r 'to_entries[] | .value.result'); do[0m
Status Check - Keycloak CI	UNKNOWN STEP	2025-10-17T15:17:53.9088917Z [36;1m  if [ "$i" != "success" ] && [ "$i" != "skipped" ]; then[0m
Status Check - Keycloak CI	UNKNOWN STEP	2025-10-17T15:17:53.9089192Z [36;1m    echo ""[0m
Status Check - Keycloak CI	UNKNOWN STEP	2025-10-17T15:17:53.9089395Z [36;1m    echo "Status check not okay!"[0m
Status Check - Keycloak CI	UNKNOWN STEP	2025-10-17T15:17:53.9089631Z [36;1m    exit 1[0m
Status Check - Keycloak CI	UNKNOWN STEP	2025-10-17T15:17:53.9089807Z [36;1m  fi[0m
Status Check - Keycloak CI	UNKNOWN STEP	2025-10-17T15:17:53.9089971Z [36;1mdone[0m
Status Check - Keycloak CI	UNKNOWN STEP	2025-10-17T15:17:53.9128614Z shell: /usr/bin/bash --noprofile --norc -e -o pipefail {0}
Status Check - Keycloak CI	UNKNOWN STEP	2025-10-17T15:17:53.9128957Z env:
Status Check - Keycloak CI	UNKNOWN STEP	2025-10-17T15:17:53.9129241Z   MAVEN_ARGS: -B -nsu -Daether.connector.http.connectionMaxTtl=25
Status Check - Keycloak CI	UNKNOWN STEP	2025-10-17T15:17:53.9129584Z   SUREFIRE_RERUN_FAILING_COUNT: 2
Status Check - Keycloak CI	UNKNOWN STEP	2025-10-17T15:17:53.9129868Z   SUREFIRE_RETRY: -Dsurefire.rerunFailingTestsCount=2
Status Check - Keycloak CI	UNKNOWN STEP	2025-10-17T15:17:53.9130164Z ##[endgroup]
Status Check - Keycloak CI	UNKNOWN STEP	2025-10-17T15:17:53.9207384Z Job status:
Status Check - Keycloak CI	UNKNOWN STEP	2025-10-17T15:17:53.9357661Z  - conditional: success
Status Check - Keycloak CI	UNKNOWN STEP	2025-10-17T15:17:53.9358171Z  - build: success
Status Check - Keycloak CI	UNKNOWN STEP	2025-10-17T15:17:53.9358606Z  - unit-tests: success
Status Check - Keycloak CI	UNKNOWN STEP	2025-10-17T15:17:53.9358930Z  - base-integration-tests: success
Status Check - Keycloak CI	UNKNOWN STEP	2025-10-17T15:17:53.9359277Z  - adapter-integration-tests: success
Status Check - Keycloak CI	UNKNOWN STEP	2025-10-17T15:17:53.9359703Z  - adapter-integration-tests-strict-cookies: success
Status Check - Keycloak CI	UNKNOWN STEP	2025-10-17T15:17:53.9360114Z  - quarkus-unit-tests: success
Status Check - Keycloak CI	UNKNOWN STEP	2025-10-17T15:17:53.9360424Z  - quarkus-integration-tests: success
Status Check - Keycloak CI	UNKNOWN STEP	2025-10-17T15:17:53.9360750Z  - jdk-integration-tests: success
Status Check - Keycloak CI	UNKNOWN STEP	2025-10-17T15:17:53.9361050Z  - store-integration-tests: success
Status Check - Keycloak CI	UNKNOWN STEP	2025-10-17T15:17:53.9361362Z  - volatile-sessions-tests: success
Status Check - Keycloak CI	UNKNOWN STEP	2025-10-17T15:17:53.9361653Z  - store-model-tests: success
Status Check - Keycloak CI	UNKNOWN STEP	2025-10-17T15:17:53.9361954Z  - clustering-integration-tests: success
Status Check - Keycloak CI	UNKNOWN STEP	2025-10-17T15:17:53.9362283Z  - fips-unit-tests: success
Status Check - Keycloak CI	UNKNOWN STEP	2025-10-17T15:17:53.9362596Z  - fips-integration-tests: success
Status Check - Keycloak CI	UNKNOWN STEP	2025-10-17T15:17:53.9362906Z  - forms-integration-tests: success
Status Check - Keycloak CI	UNKNOWN STEP	2025-10-17T15:17:53.9363212Z  - webauthn-integration-tests: success
Status Check - Keycloak CI	UNKNOWN STEP	2025-10-17T15:17:53.9363520Z  - sssd-unit-tests: failure
Status Check - Keycloak CI	UNKNOWN STEP	2025-10-17T15:17:53.9363791Z  - migration-tests: success
Status Check - Keycloak CI	UNKNOWN STEP	2025-10-17T15:17:53.9364076Z  - external-infinispan-tests: success
Status Check - Keycloak CI	UNKNOWN STEP	2025-10-17T15:17:53.9364790Z  - test-framework: success
Status Check - Keycloak CI	UNKNOWN STEP	2025-10-17T15:17:53.9365281Z  - base-new-integration-tests: success
Status Check - Keycloak CI	UNKNOWN STEP	2025-10-17T15:17:53.9365923Z  - mixed-cluster-compatibility-tests: skipped
Status Check - Keycloak CI	UNKNOWN STEP	2025-10-17T15:17:53.9394677Z 
Status Check - Keycloak CI	UNKNOWN STEP	2025-10-17T15:17:53.9394879Z Status check not okay!
Status Check - Keycloak CI	UNKNOWN STEP	2025-10-17T15:17:53.9410606Z ##[error]Process completed with exit code 1.
Status Check - Keycloak CI	UNKNOWN STEP	2025-10-17T15:17:53.9668865Z Post job cleanup.
Status Check - Keycloak CI	UNKNOWN STEP	2025-10-17T15:17:54.0458761Z [command]/usr/bin/git version
Status Check - Keycloak CI	UNKNOWN STEP	2025-10-17T15:17:54.0495291Z git version 2.51.0
Status Check - Keycloak CI	UNKNOWN STEP	2025-10-17T15:17:54.0532815Z Temporarily overriding HOME='/home/runner/work/_temp/6e53aece-0ea7-4592-b0b3-f0f17b923e71' before making global git config changes
Status Check - Keycloak CI	UNKNOWN STEP	2025-10-17T15:17:54.0533702Z Adding repository directory to the temporary git global config as a safe directory
Status Check - Keycloak CI	UNKNOWN STEP	2025-10-17T15:17:54.0538777Z [command]/usr/bin/git config --global --add safe.directory /home/runner/work/keycloak/keycloak
Status Check - Keycloak CI	UNKNOWN STEP	2025-10-17T15:17:54.0577088Z [command]/usr/bin/git config --local --name-only --get-regexp core\.sshCommand
Status Check - Keycloak CI	UNKNOWN STEP	2025-10-17T15:17:54.0612111Z [command]/usr/bin/git submodule foreach --recursive sh -c "git config --local --name-only --get-regexp 'core\.sshCommand' && git config --local --unset-all 'core.sshCommand' || :"
Status Check - Keycloak CI	UNKNOWN STEP	2025-10-17T15:17:54.0865639Z [command]/usr/bin/git config --local --name-only --get-regexp http\.https\:\/\/github\.com\/\.extraheader
Status Check - Keycloak CI	UNKNOWN STEP	2025-10-17T15:17:54.0888320Z http.https://github.com/.extraheader
Status Check - Keycloak CI	UNKNOWN STEP	2025-10-17T15:17:54.0898513Z [command]/usr/bin/git config --local --unset-all http.https://github.com/.extraheader
Status Check - Keycloak CI	UNKNOWN STEP	2025-10-17T15:17:54.0929725Z [command]/usr/bin/git submodule foreach --recursive sh -c "git config --local --name-only --get-regexp 'http\.https\:\/\/github\.com\/\.extraheader' && git config --local --unset-all 'http.https://github.com/.extraheader' || :"
Status Check - Keycloak CI	UNKNOWN STEP	2025-10-17T15:17:54.1286517Z Cleaning up orphan processes
