External Infinispan IT (multi-site)	UNKNOWN STEP	ï»¿2025-10-29T09:33:05.8523050Z Current runner version: '2.328.0'
External Infinispan IT (multi-site)	UNKNOWN STEP	2025-10-29T09:33:05.8548756Z ##[group]Runner Image Provisioner
External Infinispan IT (multi-site)	UNKNOWN STEP	2025-10-29T09:33:05.8549567Z Hosted Compute Agent
External Infinispan IT (multi-site)	UNKNOWN STEP	2025-10-29T09:33:05.8550108Z Version: 20250912.392
External Infinispan IT (multi-site)	UNKNOWN STEP	2025-10-29T09:33:05.8550721Z Commit: d921fda672a98b64f4f82364647e2f10b2267d0b
External Infinispan IT (multi-site)	UNKNOWN STEP	2025-10-29T09:33:05.8551428Z Build Date: 2025-09-12T15:23:14Z
External Infinispan IT (multi-site)	UNKNOWN STEP	2025-10-29T09:33:05.8552233Z ##[endgroup]
External Infinispan IT (multi-site)	UNKNOWN STEP	2025-10-29T09:33:05.8552771Z ##[group]Operating System
External Infinispan IT (multi-site)	UNKNOWN STEP	2025-10-29T09:33:05.8553349Z Ubuntu
External Infinispan IT (multi-site)	UNKNOWN STEP	2025-10-29T09:33:05.8553788Z 24.04.3
External Infinispan IT (multi-site)	UNKNOWN STEP	2025-10-29T09:33:05.8554280Z LTS
External Infinispan IT (multi-site)	UNKNOWN STEP	2025-10-29T09:33:05.8554709Z ##[endgroup]
External Infinispan IT (multi-site)	UNKNOWN STEP	2025-10-29T09:33:05.8555189Z ##[group]Runner Image
External Infinispan IT (multi-site)	UNKNOWN STEP	2025-10-29T09:33:05.8555693Z Image: ubuntu-24.04
External Infinispan IT (multi-site)	UNKNOWN STEP	2025-10-29T09:33:05.8556278Z Version: 20250929.60.1
External Infinispan IT (multi-site)	UNKNOWN STEP	2025-10-29T09:33:05.8557272Z Included Software: https://github.com/actions/runner-images/blob/ubuntu24/20250929.60/images/ubuntu/Ubuntu2404-Readme.md
External Infinispan IT (multi-site)	UNKNOWN STEP	2025-10-29T09:33:05.8558872Z Image Release: https://github.com/actions/runner-images/releases/tag/ubuntu24%2F20250929.60
External Infinispan IT (multi-site)	UNKNOWN STEP	2025-10-29T09:33:05.8559860Z ##[endgroup]
External Infinispan IT (multi-site)	UNKNOWN STEP	2025-10-29T09:33:05.8560985Z ##[group]GITHUB_TOKEN Permissions
External Infinispan IT (multi-site)	UNKNOWN STEP	2025-10-29T09:33:05.8563071Z Contents: read
External Infinispan IT (multi-site)	UNKNOWN STEP	2025-10-29T09:33:05.8563622Z Metadata: read
External Infinispan IT (multi-site)	UNKNOWN STEP	2025-10-29T09:33:05.8564194Z ##[endgroup]
External Infinispan IT (multi-site)	UNKNOWN STEP	2025-10-29T09:33:05.8566479Z Secret source: None
External Infinispan IT (multi-site)	UNKNOWN STEP	2025-10-29T09:33:05.8567145Z Prepare workflow directory
External Infinispan IT (multi-site)	UNKNOWN STEP	2025-10-29T09:33:05.8985470Z Prepare all required actions
External Infinispan IT (multi-site)	UNKNOWN STEP	2025-10-29T09:33:05.9044914Z Getting action download info
External Infinispan IT (multi-site)	UNKNOWN STEP	2025-10-29T09:33:06.3412473Z Download action repository 'actions/checkout@08c6903cd8c0fde910a37f88322edcfb5dd907a8' (SHA:08c6903cd8c0fde910a37f88322edcfb5dd907a8)
External Infinispan IT (multi-site)	UNKNOWN STEP	2025-10-29T09:33:06.5919924Z Complete job name: External Infinispan IT (multi-site)
External Infinispan IT (multi-site)	UNKNOWN STEP	2025-10-29T09:33:06.6613545Z ##[group]Run actions/checkout@08c6903cd8c0fde910a37f88322edcfb5dd907a8
External Infinispan IT (multi-site)	UNKNOWN STEP	2025-10-29T09:33:06.6614566Z with:
External Infinispan IT (multi-site)	UNKNOWN STEP	2025-10-29T09:33:06.6614977Z   repository: keycloak/keycloak
External Infinispan IT (multi-site)	UNKNOWN STEP	2025-10-29T09:33:06.6615653Z   token: ***
External Infinispan IT (multi-site)	UNKNOWN STEP	2025-10-29T09:33:06.6616028Z   ssh-strict: true
External Infinispan IT (multi-site)	UNKNOWN STEP	2025-10-29T09:33:06.6616419Z   ssh-user: git
External Infinispan IT (multi-site)	UNKNOWN STEP	2025-10-29T09:33:06.6616841Z   persist-credentials: true
External Infinispan IT (multi-site)	UNKNOWN STEP	2025-10-29T09:33:06.6617290Z   clean: true
External Infinispan IT (multi-site)	UNKNOWN STEP	2025-10-29T09:33:06.6617686Z   sparse-checkout-cone-mode: true
External Infinispan IT (multi-site)	UNKNOWN STEP	2025-10-29T09:33:06.6618164Z   fetch-depth: 1
External Infinispan IT (multi-site)	UNKNOWN STEP	2025-10-29T09:33:06.6618540Z   fetch-tags: false
External Infinispan IT (multi-site)	UNKNOWN STEP	2025-10-29T09:33:06.6618937Z   show-progress: true
External Infinispan IT (multi-site)	UNKNOWN STEP	2025-10-29T09:33:06.6619329Z   lfs: false
External Infinispan IT (multi-site)	UNKNOWN STEP	2025-10-29T09:33:06.6619703Z   submodules: false
External Infinispan IT (multi-site)	UNKNOWN STEP	2025-10-29T09:33:06.6620098Z   set-safe-directory: true
External Infinispan IT (multi-site)	UNKNOWN STEP	2025-10-29T09:33:06.6620729Z env:
External Infinispan IT (multi-site)	UNKNOWN STEP	2025-10-29T09:33:06.6621277Z   MAVEN_ARGS: -B -nsu -Daether.connector.http.connectionMaxTtl=25
External Infinispan IT (multi-site)	UNKNOWN STEP	2025-10-29T09:33:06.6622125Z   SUREFIRE_RERUN_FAILING_COUNT: 2
External Infinispan IT (multi-site)	UNKNOWN STEP	2025-10-29T09:33:06.6622718Z   SUREFIRE_RETRY: -Dsurefire.rerunFailingTestsCount=2
External Infinispan IT (multi-site)	UNKNOWN STEP	2025-10-29T09:33:06.6623287Z ##[endgroup]
External Infinispan IT (multi-site)	UNKNOWN STEP	2025-10-29T09:33:06.7549312Z Syncing repository: keycloak/keycloak
External Infinispan IT (multi-site)	UNKNOWN STEP	2025-10-29T09:33:06.7551114Z ##[group]Getting Git version info
External Infinispan IT (multi-site)	UNKNOWN STEP	2025-10-29T09:33:06.7552305Z Working directory is '/home/runner/work/keycloak/keycloak'
External Infinispan IT (multi-site)	UNKNOWN STEP	2025-10-29T09:33:06.7553412Z [command]/usr/bin/git version
External Infinispan IT (multi-site)	UNKNOWN STEP	2025-10-29T09:33:06.7619336Z git version 2.51.0
External Infinispan IT (multi-site)	UNKNOWN STEP	2025-10-29T09:33:06.7640914Z ##[endgroup]
External Infinispan IT (multi-site)	UNKNOWN STEP	2025-10-29T09:33:06.7658426Z Temporarily overriding HOME='/home/runner/work/_temp/d4b146d7-1e0b-49f4-b70f-6ce667124b47' before making global git config changes
External Infinispan IT (multi-site)	UNKNOWN STEP	2025-10-29T09:33:06.7660735Z Adding repository directory to the temporary git global config as a safe directory
External Infinispan IT (multi-site)	UNKNOWN STEP	2025-10-29T09:33:06.7664676Z [command]/usr/bin/git config --global --add safe.directory /home/runner/work/keycloak/keycloak
External Infinispan IT (multi-site)	UNKNOWN STEP	2025-10-29T09:33:06.7705069Z Deleting the contents of '/home/runner/work/keycloak/keycloak'
External Infinispan IT (multi-site)	UNKNOWN STEP	2025-10-29T09:33:06.7709332Z ##[group]Initializing the repository
External Infinispan IT (multi-site)	UNKNOWN STEP	2025-10-29T09:33:06.7714464Z [command]/usr/bin/git init /home/runner/work/keycloak/keycloak
External Infinispan IT (multi-site)	UNKNOWN STEP	2025-10-29T09:33:06.7830028Z hint: Using 'master' as the name for the initial branch. This default branch name
External Infinispan IT (multi-site)	UNKNOWN STEP	2025-10-29T09:33:06.7831343Z hint: is subject to change. To configure the initial branch name to use in all
External Infinispan IT (multi-site)	UNKNOWN STEP	2025-10-29T09:33:06.7832563Z hint: of your new repositories, which will suppress this warning, call:
External Infinispan IT (multi-site)	UNKNOWN STEP	2025-10-29T09:33:06.7833628Z hint:
External Infinispan IT (multi-site)	UNKNOWN STEP	2025-10-29T09:33:06.7834250Z hint: 	git config --global init.defaultBranch <name>
External Infinispan IT (multi-site)	UNKNOWN STEP	2025-10-29T09:33:06.7835285Z hint:
External Infinispan IT (multi-site)	UNKNOWN STEP	2025-10-29T09:33:06.7836177Z hint: Names commonly chosen instead of 'master' are 'main', 'trunk' and
External Infinispan IT (multi-site)	UNKNOWN STEP	2025-10-29T09:33:06.7837174Z hint: 'development'. The just-created branch can be renamed via this command:
External Infinispan IT (multi-site)	UNKNOWN STEP	2025-10-29T09:33:06.7837899Z hint:
External Infinispan IT (multi-site)	UNKNOWN STEP	2025-10-29T09:33:06.7838287Z hint: 	git branch -m <name>
External Infinispan IT (multi-site)	UNKNOWN STEP	2025-10-29T09:33:06.7838736Z hint:
External Infinispan IT (multi-site)	UNKNOWN STEP	2025-10-29T09:33:06.7839342Z hint: Disable this message with "git config set advice.defaultBranchName false"
External Infinispan IT (multi-site)	UNKNOWN STEP	2025-10-29T09:33:06.7840429Z Initialized empty Git repository in /home/runner/work/keycloak/keycloak/.git/
External Infinispan IT (multi-site)	UNKNOWN STEP	2025-10-29T09:33:06.7849095Z [command]/usr/bin/git remote add origin https://github.com/keycloak/keycloak
External Infinispan IT (multi-site)	UNKNOWN STEP	2025-10-29T09:33:06.7891531Z ##[endgroup]
External Infinispan IT (multi-site)	UNKNOWN STEP	2025-10-29T09:33:06.7892610Z ##[group]Disabling automatic garbage collection
External Infinispan IT (multi-site)	UNKNOWN STEP	2025-10-29T09:33:06.7895771Z [command]/usr/bin/git config --local gc.auto 0
External Infinispan IT (multi-site)	UNKNOWN STEP	2025-10-29T09:33:06.7926110Z ##[endgroup]
External Infinispan IT (multi-site)	UNKNOWN STEP	2025-10-29T09:33:06.7927276Z ##[group]Setting up auth
External Infinispan IT (multi-site)	UNKNOWN STEP	2025-10-29T09:33:06.7934019Z [command]/usr/bin/git config --local --name-only --get-regexp core\.sshCommand
External Infinispan IT (multi-site)	UNKNOWN STEP	2025-10-29T09:33:06.7967558Z [command]/usr/bin/git submodule foreach --recursive sh -c "git config --local --name-only --get-regexp 'core\.sshCommand' && git config --local --unset-all 'core.sshCommand' || :"
External Infinispan IT (multi-site)	UNKNOWN STEP	2025-10-29T09:33:06.8350492Z [command]/usr/bin/git config --local --name-only --get-regexp http\.https\:\/\/github\.com\/\.extraheader
External Infinispan IT (multi-site)	UNKNOWN STEP	2025-10-29T09:33:06.8383934Z [command]/usr/bin/git submodule foreach --recursive sh -c "git config --local --name-only --get-regexp 'http\.https\:\/\/github\.com\/\.extraheader' && git config --local --unset-all 'http.https://github.com/.extraheader' || :"
External Infinispan IT (multi-site)	UNKNOWN STEP	2025-10-29T09:33:06.8611278Z [command]/usr/bin/git config --local http.https://github.com/.extraheader AUTHORIZATION: basic ***
External Infinispan IT (multi-site)	UNKNOWN STEP	2025-10-29T09:33:06.8648010Z ##[endgroup]
External Infinispan IT (multi-site)	UNKNOWN STEP	2025-10-29T09:33:06.8657257Z ##[group]Fetching the repository
External Infinispan IT (multi-site)	UNKNOWN STEP	2025-10-29T09:33:06.8658811Z [command]/usr/bin/git -c protocol.version=2 fetch --no-tags --prune --no-recurse-submodules --depth=1 origin +02a862ee76245a86ce7bb79bc0b0f77a4b3bb2af:refs/remotes/pull/42777/merge
External Infinispan IT (multi-site)	UNKNOWN STEP	2025-10-29T09:33:08.3179628Z From https://github.com/keycloak/keycloak
External Infinispan IT (multi-site)	UNKNOWN STEP	2025-10-29T09:33:08.3181648Z  * [new ref]         02a862ee76245a86ce7bb79bc0b0f77a4b3bb2af -> pull/42777/merge
External Infinispan IT (multi-site)	UNKNOWN STEP	2025-10-29T09:33:08.3223116Z ##[endgroup]
External Infinispan IT (multi-site)	UNKNOWN STEP	2025-10-29T09:33:08.3224400Z ##[group]Determining the checkout info
External Infinispan IT (multi-site)	UNKNOWN STEP	2025-10-29T09:33:08.3225974Z ##[endgroup]
External Infinispan IT (multi-site)	UNKNOWN STEP	2025-10-29T09:33:08.3232802Z [command]/usr/bin/git sparse-checkout disable
External Infinispan IT (multi-site)	UNKNOWN STEP	2025-10-29T09:33:08.3285599Z [command]/usr/bin/git config --local --unset-all extensions.worktreeConfig
External Infinispan IT (multi-site)	UNKNOWN STEP	2025-10-29T09:33:08.3319892Z ##[group]Checking out the ref
External Infinispan IT (multi-site)	UNKNOWN STEP	2025-10-29T09:33:08.3325151Z [command]/usr/bin/git checkout --progress --force refs/remotes/pull/42777/merge
External Infinispan IT (multi-site)	UNKNOWN STEP	2025-10-29T09:33:09.1558600Z Note: switching to 'refs/remotes/pull/42777/merge'.
External Infinispan IT (multi-site)	UNKNOWN STEP	2025-10-29T09:33:09.1559591Z 
External Infinispan IT (multi-site)	UNKNOWN STEP	2025-10-29T09:33:09.1560130Z You are in 'detached HEAD' state. You can look around, make experimental
External Infinispan IT (multi-site)	UNKNOWN STEP	2025-10-29T09:33:09.1561269Z changes and commit them, and you can discard any commits you make in this
External Infinispan IT (multi-site)	UNKNOWN STEP	2025-10-29T09:33:09.1562385Z state without impacting any branches by switching back to a branch.
External Infinispan IT (multi-site)	UNKNOWN STEP	2025-10-29T09:33:09.1562890Z 
External Infinispan IT (multi-site)	UNKNOWN STEP	2025-10-29T09:33:09.1563241Z If you want to create a new branch to retain commits you create, you may
External Infinispan IT (multi-site)	UNKNOWN STEP	2025-10-29T09:33:09.1563995Z do so (now or later) by using -c with the switch command. Example:
External Infinispan IT (multi-site)	UNKNOWN STEP	2025-10-29T09:33:09.1564375Z 
External Infinispan IT (multi-site)	UNKNOWN STEP	2025-10-29T09:33:09.1564540Z   git switch -c <new-branch-name>
External Infinispan IT (multi-site)	UNKNOWN STEP	2025-10-29T09:33:09.1564795Z 
External Infinispan IT (multi-site)	UNKNOWN STEP	2025-10-29T09:33:09.1564984Z Or undo this operation with:
External Infinispan IT (multi-site)	UNKNOWN STEP	2025-10-29T09:33:09.1565203Z 
External Infinispan IT (multi-site)	UNKNOWN STEP	2025-10-29T09:33:09.1565332Z   git switch -
External Infinispan IT (multi-site)	UNKNOWN STEP	2025-10-29T09:33:09.1565548Z 
External Infinispan IT (multi-site)	UNKNOWN STEP	2025-10-29T09:33:09.1565842Z Turn off this advice by setting config variable advice.detachedHead to false
External Infinispan IT (multi-site)	UNKNOWN STEP	2025-10-29T09:33:09.1566262Z 
External Infinispan IT (multi-site)	UNKNOWN STEP	2025-10-29T09:33:09.1566715Z HEAD is now at 02a862e Merge 204faaf065d61a5bfdd31a9021404195f1a59a79 into 759e062131a007fc5e75b00bb3c8e35cd52297d9
External Infinispan IT (multi-site)	UNKNOWN STEP	2025-10-29T09:33:09.1609771Z ##[endgroup]
External Infinispan IT (multi-site)	UNKNOWN STEP	2025-10-29T09:33:09.1649354Z [command]/usr/bin/git log -1 --format=%H
External Infinispan IT (multi-site)	UNKNOWN STEP	2025-10-29T09:33:09.1674788Z 02a862ee76245a86ce7bb79bc0b0f77a4b3bb2af
External Infinispan IT (multi-site)	UNKNOWN STEP	2025-10-29T09:33:09.1964027Z Prepare all required actions
External Infinispan IT (multi-site)	UNKNOWN STEP	2025-10-29T09:33:09.1964569Z Getting action download info
External Infinispan IT (multi-site)	UNKNOWN STEP	2025-10-29T09:33:09.4010173Z Download action repository 'actions/download-artifact@d3f86a106a0bac45b974a628896c90dbdf5c8093' (SHA:d3f86a106a0bac45b974a628896c90dbdf5c8093)
External Infinispan IT (multi-site)	UNKNOWN STEP	2025-10-29T09:33:10.1921170Z ##[group]Run ./.github/actions/integration-test-setup
External Infinispan IT (multi-site)	UNKNOWN STEP	2025-10-29T09:33:10.1921511Z with:
External Infinispan IT (multi-site)	UNKNOWN STEP	2025-10-29T09:33:10.1921689Z   jdk-dist: temurin
External Infinispan IT (multi-site)	UNKNOWN STEP	2025-10-29T09:33:10.1922113Z   jdk-version: 21
External Infinispan IT (multi-site)	UNKNOWN STEP	2025-10-29T09:33:10.1922325Z env:
External Infinispan IT (multi-site)	UNKNOWN STEP	2025-10-29T09:33:10.1922583Z   MAVEN_ARGS: -B -nsu -Daether.connector.http.connectionMaxTtl=25
External Infinispan IT (multi-site)	UNKNOWN STEP	2025-10-29T09:33:10.1922922Z   SUREFIRE_RERUN_FAILING_COUNT: 2
External Infinispan IT (multi-site)	UNKNOWN STEP	2025-10-29T09:33:10.1923192Z   SUREFIRE_RETRY: -Dsurefire.rerunFailingTestsCount=2
External Infinispan IT (multi-site)	UNKNOWN STEP	2025-10-29T09:33:10.1923495Z ##[endgroup]
External Infinispan IT (multi-site)	UNKNOWN STEP	2025-10-29T09:33:10.2019480Z Prepare all required actions
External Infinispan IT (multi-site)	UNKNOWN STEP	2025-10-29T09:33:10.2059328Z ##[group]Run ./.github/actions/update-hosts
External Infinispan IT (multi-site)	UNKNOWN STEP	2025-10-29T09:33:10.2059621Z env:
External Infinispan IT (multi-site)	UNKNOWN STEP	2025-10-29T09:33:10.2059928Z   MAVEN_ARGS: -B -nsu -Daether.connector.http.connectionMaxTtl=25
External Infinispan IT (multi-site)	UNKNOWN STEP	2025-10-29T09:33:10.2060282Z   SUREFIRE_RERUN_FAILING_COUNT: 2
External Infinispan IT (multi-site)	UNKNOWN STEP	2025-10-29T09:33:10.2060596Z   SUREFIRE_RETRY: -Dsurefire.rerunFailingTestsCount=2
External Infinispan IT (multi-site)	UNKNOWN STEP	2025-10-29T09:33:10.2060889Z ##[endgroup]
External Infinispan IT (multi-site)	UNKNOWN STEP	2025-10-29T09:33:10.2195457Z ##[group]Run printf "\n\n$(cat .github/actions/update-hosts/hosts)" | sudo tee -a /etc/hosts
External Infinispan IT (multi-site)	UNKNOWN STEP	2025-10-29T09:33:10.2196171Z [36;1mprintf "\n\n$(cat .github/actions/update-hosts/hosts)" | sudo tee -a /etc/hosts[0m
External Infinispan IT (multi-site)	UNKNOWN STEP	2025-10-29T09:33:10.2235391Z shell: /usr/bin/bash --noprofile --norc -e -o pipefail {0}
External Infinispan IT (multi-site)	UNKNOWN STEP	2025-10-29T09:33:10.2235878Z env:
External Infinispan IT (multi-site)	UNKNOWN STEP	2025-10-29T09:33:10.2236321Z   MAVEN_ARGS: -B -nsu -Daether.connector.http.connectionMaxTtl=25
External Infinispan IT (multi-site)	UNKNOWN STEP	2025-10-29T09:33:10.2236914Z   SUREFIRE_RERUN_FAILING_COUNT: 2
External Infinispan IT (multi-site)	UNKNOWN STEP	2025-10-29T09:33:10.2237467Z   SUREFIRE_RETRY: -Dsurefire.rerunFailingTestsCount=2
External Infinispan IT (multi-site)	UNKNOWN STEP	2025-10-29T09:33:10.2238003Z ##[endgroup]
External Infinispan IT (multi-site)	UNKNOWN STEP	2025-10-29T09:33:10.2390741Z 
External Infinispan IT (multi-site)	UNKNOWN STEP	2025-10-29T09:33:10.2390777Z 
External Infinispan IT (multi-site)	UNKNOWN STEP	2025-10-29T09:33:10.2392863Z 127.0.0.1 localtest.me admin.localtest.me localhost-myapp.localtest.me localhost-sso.localtest.me realmFrontend.localtest.me proxy.kc.localtest.me
External Infinispan IT (multi-site)	UNKNOWN STEP	2025-10-29T09:33:10.2409486Z ::1 localtest.me admin.localtest.me localhost-myapp.localtest.me localhost-sso.localtest.me realmFrontend.localtest.me proxy.kc.localtest.me
External Infinispan IT (multi-site)	UNKNOWN STEP	2025-10-29T09:33:10.2464947Z Prepare all required actions
External Infinispan IT (multi-site)	UNKNOWN STEP	2025-10-29T09:33:10.2465294Z Getting action download info
External Infinispan IT (multi-site)	UNKNOWN STEP	2025-10-29T09:33:10.4710406Z Download action repository 'actions/setup-java@c5195efecf7bdfc987ee8bae7a71cb8b11521c00' (SHA:c5195efecf7bdfc987ee8bae7a71cb8b11521c00)
External Infinispan IT (multi-site)	UNKNOWN STEP	2025-10-29T09:33:11.2736870Z ##[group]Run ./.github/actions/java-setup
External Infinispan IT (multi-site)	UNKNOWN STEP	2025-10-29T09:33:11.2737148Z with:
External Infinispan IT (multi-site)	UNKNOWN STEP	2025-10-29T09:33:11.2737328Z   distribution: temurin
External Infinispan IT (multi-site)	UNKNOWN STEP	2025-10-29T09:33:11.2737527Z   java-version: 21
External Infinispan IT (multi-site)	UNKNOWN STEP	2025-10-29T09:33:11.2737721Z env:
External Infinispan IT (multi-site)	UNKNOWN STEP	2025-10-29T09:33:11.2737986Z   MAVEN_ARGS: -B -nsu -Daether.connector.http.connectionMaxTtl=25
External Infinispan IT (multi-site)	UNKNOWN STEP	2025-10-29T09:33:11.2738327Z   SUREFIRE_RERUN_FAILING_COUNT: 2
External Infinispan IT (multi-site)	UNKNOWN STEP	2025-10-29T09:33:11.2738633Z   SUREFIRE_RETRY: -Dsurefire.rerunFailingTestsCount=2
External Infinispan IT (multi-site)	UNKNOWN STEP	2025-10-29T09:33:11.2738911Z ##[endgroup]
External Infinispan IT (multi-site)	UNKNOWN STEP	2025-10-29T09:33:11.2808264Z ##[group]Run actions/setup-java@c5195efecf7bdfc987ee8bae7a71cb8b11521c00
External Infinispan IT (multi-site)	UNKNOWN STEP	2025-10-29T09:33:11.2808653Z with:
External Infinispan IT (multi-site)	UNKNOWN STEP	2025-10-29T09:33:11.2808833Z   distribution: temurin
External Infinispan IT (multi-site)	UNKNOWN STEP	2025-10-29T09:33:11.2809045Z   java-version: 21
External Infinispan IT (multi-site)	UNKNOWN STEP	2025-10-29T09:33:11.2809236Z   java-package: jdk
External Infinispan IT (multi-site)	UNKNOWN STEP	2025-10-29T09:33:11.2809439Z   check-latest: false
External Infinispan IT (multi-site)	UNKNOWN STEP	2025-10-29T09:33:11.2809631Z   server-id: github
External Infinispan IT (multi-site)	UNKNOWN STEP	2025-10-29T09:33:11.2809833Z   server-username: GITHUB_ACTOR
External Infinispan IT (multi-site)	UNKNOWN STEP	2025-10-29T09:33:11.2810075Z   server-password: GITHUB_TOKEN
External Infinispan IT (multi-site)	UNKNOWN STEP	2025-10-29T09:33:11.2810309Z   overwrite-settings: true
External Infinispan IT (multi-site)	UNKNOWN STEP	2025-10-29T09:33:11.2810524Z   job-status: success
External Infinispan IT (multi-site)	UNKNOWN STEP	2025-10-29T09:33:11.2810859Z   token: ***
External Infinispan IT (multi-site)	UNKNOWN STEP	2025-10-29T09:33:11.2811034Z env:
External Infinispan IT (multi-site)	UNKNOWN STEP	2025-10-29T09:33:11.2811510Z   MAVEN_ARGS: -B -nsu -Daether.connector.http.connectionMaxTtl=25
External Infinispan IT (multi-site)	UNKNOWN STEP	2025-10-29T09:33:11.2812086Z   SUREFIRE_RERUN_FAILING_COUNT: 2
External Infinispan IT (multi-site)	UNKNOWN STEP	2025-10-29T09:33:11.2812380Z   SUREFIRE_RETRY: -Dsurefire.rerunFailingTestsCount=2
External Infinispan IT (multi-site)	UNKNOWN STEP	2025-10-29T09:33:11.2812867Z ##[endgroup]
External Infinispan IT (multi-site)	UNKNOWN STEP	2025-10-29T09:33:11.4799558Z ##[group]Installed distributions
External Infinispan IT (multi-site)	UNKNOWN STEP	2025-10-29T09:33:11.5259169Z Resolved Java 21.0.8+9 from tool-cache
External Infinispan IT (multi-site)	UNKNOWN STEP	2025-10-29T09:33:11.5260326Z Setting Java 21.0.8+9 as the default
External Infinispan IT (multi-site)	UNKNOWN STEP	2025-10-29T09:33:11.5274881Z Creating toolchains.xml for JDK version 21 from temurin
External Infinispan IT (multi-site)	UNKNOWN STEP	2025-10-29T09:33:11.5354234Z Writing to /home/runner/.m2/toolchains.xml
External Infinispan IT (multi-site)	UNKNOWN STEP	2025-10-29T09:33:11.5355304Z 
External Infinispan IT (multi-site)	UNKNOWN STEP	2025-10-29T09:33:11.5355511Z Java configuration:
External Infinispan IT (multi-site)	UNKNOWN STEP	2025-10-29T09:33:11.5355900Z   Distribution: temurin
External Infinispan IT (multi-site)	UNKNOWN STEP	2025-10-29T09:33:11.5356243Z   Version: 21.0.8+9
External Infinispan IT (multi-site)	UNKNOWN STEP	2025-10-29T09:33:11.5357586Z   Path: /opt/hostedtoolcache/Java_Temurin-Hotspot_jdk/21.0.8-9/x64
External Infinispan IT (multi-site)	UNKNOWN STEP	2025-10-29T09:33:11.5358096Z 
External Infinispan IT (multi-site)	UNKNOWN STEP	2025-10-29T09:33:11.5359387Z ##[endgroup]
External Infinispan IT (multi-site)	UNKNOWN STEP	2025-10-29T09:33:11.5374369Z Creating settings.xml with server-id: github
External Infinispan IT (multi-site)	UNKNOWN STEP	2025-10-29T09:33:11.5382513Z Writing to /home/runner/.m2/settings.xml
External Infinispan IT (multi-site)	UNKNOWN STEP	2025-10-29T09:33:11.5516238Z Prepare all required actions
External Infinispan IT (multi-site)	UNKNOWN STEP	2025-10-29T09:33:11.5516598Z Getting action download info
External Infinispan IT (multi-site)	UNKNOWN STEP	2025-10-29T09:33:11.7652224Z Download action repository 'actions/cache@5a3ec84eff668545956fd18022155c47e93e2684' (SHA:5a3ec84eff668545956fd18022155c47e93e2684)
External Infinispan IT (multi-site)	UNKNOWN STEP	2025-10-29T09:33:12.3394886Z ##[group]Run ./.github/actions/maven-cache
External Infinispan IT (multi-site)	UNKNOWN STEP	2025-10-29T09:33:12.3395152Z with:
External Infinispan IT (multi-site)	UNKNOWN STEP	2025-10-29T09:33:12.3395341Z   create-cache-if-it-doesnt-exist: false
External Infinispan IT (multi-site)	UNKNOWN STEP	2025-10-29T09:33:12.3395589Z env:
External Infinispan IT (multi-site)	UNKNOWN STEP	2025-10-29T09:33:12.3395838Z   MAVEN_ARGS: -B -nsu -Daether.connector.http.connectionMaxTtl=25
External Infinispan IT (multi-site)	UNKNOWN STEP	2025-10-29T09:33:12.3396177Z   SUREFIRE_RERUN_FAILING_COUNT: 2
External Infinispan IT (multi-site)	UNKNOWN STEP	2025-10-29T09:33:12.3396455Z   SUREFIRE_RETRY: -Dsurefire.rerunFailingTestsCount=2
External Infinispan IT (multi-site)	UNKNOWN STEP	2025-10-29T09:33:12.3396839Z   JAVA_HOME: /opt/hostedtoolcache/Java_Temurin-Hotspot_jdk/21.0.8-9/x64
External Infinispan IT (multi-site)	UNKNOWN STEP	2025-10-29T09:33:12.3397275Z   JAVA_HOME_21_X64: /opt/hostedtoolcache/Java_Temurin-Hotspot_jdk/21.0.8-9/x64
External Infinispan IT (multi-site)	UNKNOWN STEP	2025-10-29T09:33:12.3397641Z ##[endgroup]
External Infinispan IT (multi-site)	UNKNOWN STEP	2025-10-29T09:33:12.3420849Z ##[group]Run echo "key=mvn-`date -u "+%Y-%U"`" >> $GITHUB_OUTPUT
External Infinispan IT (multi-site)	UNKNOWN STEP	2025-10-29T09:33:12.3421252Z [36;1mecho "key=mvn-`date -u "+%Y-%U"`" >> $GITHUB_OUTPUT[0m
External Infinispan IT (multi-site)	UNKNOWN STEP	2025-10-29T09:33:12.3456464Z shell: /usr/bin/bash --noprofile --norc -e -o pipefail {0}
External Infinispan IT (multi-site)	UNKNOWN STEP	2025-10-29T09:33:12.3456775Z env:
External Infinispan IT (multi-site)	UNKNOWN STEP	2025-10-29T09:33:12.3457042Z   MAVEN_ARGS: -B -nsu -Daether.connector.http.connectionMaxTtl=25
External Infinispan IT (multi-site)	UNKNOWN STEP	2025-10-29T09:33:12.3457392Z   SUREFIRE_RERUN_FAILING_COUNT: 2
External Infinispan IT (multi-site)	UNKNOWN STEP	2025-10-29T09:33:12.3457696Z   SUREFIRE_RETRY: -Dsurefire.rerunFailingTestsCount=2
External Infinispan IT (multi-site)	UNKNOWN STEP	2025-10-29T09:33:12.3458089Z   JAVA_HOME: /opt/hostedtoolcache/Java_Temurin-Hotspot_jdk/21.0.8-9/x64
External Infinispan IT (multi-site)	UNKNOWN STEP	2025-10-29T09:33:12.3458533Z   JAVA_HOME_21_X64: /opt/hostedtoolcache/Java_Temurin-Hotspot_jdk/21.0.8-9/x64
External Infinispan IT (multi-site)	UNKNOWN STEP	2025-10-29T09:33:12.3458865Z ##[endgroup]
External Infinispan IT (multi-site)	UNKNOWN STEP	2025-10-29T09:33:12.3588744Z ##[group]Run actions/cache/restore@5a3ec84eff668545956fd18022155c47e93e2684
External Infinispan IT (multi-site)	UNKNOWN STEP	2025-10-29T09:33:12.3589081Z with:
External Infinispan IT (multi-site)	UNKNOWN STEP	2025-10-29T09:33:12.3589332Z   path: ~/.m2/repository/*/*
External Infinispan IT (multi-site)	UNKNOWN STEP	!~/.m2/repository/org/keycloak
External Infinispan IT (multi-site)	UNKNOWN STEP	
External Infinispan IT (multi-site)	UNKNOWN STEP	2025-10-29T09:33:12.3589634Z   key: mvn-Linux-mvn-2025-43
External Infinispan IT (multi-site)	UNKNOWN STEP	2025-10-29T09:33:12.3589854Z   restore-keys: mvn--mvn-2025-43
External Infinispan IT (multi-site)	UNKNOWN STEP	
External Infinispan IT (multi-site)	UNKNOWN STEP	2025-10-29T09:33:12.3590106Z   enableCrossOsArchive: true
External Infinispan IT (multi-site)	UNKNOWN STEP	2025-10-29T09:33:12.3616402Z   fail-on-cache-miss: false
External Infinispan IT (multi-site)	UNKNOWN STEP	2025-10-29T09:33:12.3616742Z   lookup-only: false
External Infinispan IT (multi-site)	UNKNOWN STEP	2025-10-29T09:33:12.3616986Z env:
External Infinispan IT (multi-site)	UNKNOWN STEP	2025-10-29T09:33:12.3617296Z   MAVEN_ARGS: -B -nsu -Daether.connector.http.connectionMaxTtl=25
External Infinispan IT (multi-site)	UNKNOWN STEP	2025-10-29T09:33:12.3617672Z   SUREFIRE_RERUN_FAILING_COUNT: 2
External Infinispan IT (multi-site)	UNKNOWN STEP	2025-10-29T09:33:12.3617962Z   SUREFIRE_RETRY: -Dsurefire.rerunFailingTestsCount=2
External Infinispan IT (multi-site)	UNKNOWN STEP	2025-10-29T09:33:12.3618381Z   JAVA_HOME: /opt/hostedtoolcache/Java_Temurin-Hotspot_jdk/21.0.8-9/x64
External Infinispan IT (multi-site)	UNKNOWN STEP	2025-10-29T09:33:12.3618851Z   JAVA_HOME_21_X64: /opt/hostedtoolcache/Java_Temurin-Hotspot_jdk/21.0.8-9/x64
External Infinispan IT (multi-site)	UNKNOWN STEP	2025-10-29T09:33:12.3619193Z ##[endgroup]
External Infinispan IT (multi-site)	UNKNOWN STEP	2025-10-29T09:33:12.7965817Z Cache hit for: mvn-Linux-mvn-2025-43
External Infinispan IT (multi-site)	UNKNOWN STEP	2025-10-29T09:33:14.1089929Z Received 0 of 698807697 (0.0%), 0.0 MBs/sec
External Infinispan IT (multi-site)	UNKNOWN STEP	2025-10-29T09:33:15.1082194Z Received 121634816 of 698807697 (17.4%), 58.0 MBs/sec
External Infinispan IT (multi-site)	UNKNOWN STEP	2025-10-29T09:33:16.1092306Z Received 251658240 of 698807697 (36.0%), 80.0 MBs/sec
External Infinispan IT (multi-site)	UNKNOWN STEP	2025-10-29T09:33:17.1099224Z Received 377487360 of 698807697 (54.0%), 90.0 MBs/sec
External Infinispan IT (multi-site)	UNKNOWN STEP	2025-10-29T09:33:18.1100638Z Received 482344960 of 698807697 (69.0%), 92.0 MBs/sec
External Infinispan IT (multi-site)	UNKNOWN STEP	2025-10-29T09:33:19.1109844Z Received 612368384 of 698807697 (87.6%), 97.3 MBs/sec
External Infinispan IT (multi-site)	UNKNOWN STEP	2025-10-29T09:33:19.9503761Z Received 698807697 of 698807697 (100.0%), 97.4 MBs/sec
External Infinispan IT (multi-site)	UNKNOWN STEP	2025-10-29T09:33:19.9506763Z Cache Size: ~666 MB (698807697 B)
External Infinispan IT (multi-site)	UNKNOWN STEP	2025-10-29T09:33:19.9633612Z [command]/usr/bin/tar -xf /home/runner/work/_temp/bf5cf7a8-a6a0-48c1-8375-ce8d096120b2/cache.tzst -P -C /home/runner/work/keycloak/keycloak --use-compress-program unzstd
External Infinispan IT (multi-site)	UNKNOWN STEP	2025-10-29T09:33:21.7921247Z Cache restored successfully
External Infinispan IT (multi-site)	UNKNOWN STEP	2025-10-29T09:33:21.9309529Z Cache restored from key: mvn-Linux-mvn-2025-43
External Infinispan IT (multi-site)	UNKNOWN STEP	2025-10-29T09:33:21.9444842Z Prepare all required actions
External Infinispan IT (multi-site)	UNKNOWN STEP	2025-10-29T09:33:21.9445152Z Getting action download info
External Infinispan IT (multi-site)	UNKNOWN STEP	2025-10-29T09:33:22.1398602Z ##[group]Run ./.github/actions/node-cache
External Infinispan IT (multi-site)	UNKNOWN STEP	2025-10-29T09:33:22.1398865Z env:
External Infinispan IT (multi-site)	UNKNOWN STEP	2025-10-29T09:33:22.1399128Z   MAVEN_ARGS: -B -nsu -Daether.connector.http.connectionMaxTtl=25
External Infinispan IT (multi-site)	UNKNOWN STEP	2025-10-29T09:33:22.1399470Z   SUREFIRE_RERUN_FAILING_COUNT: 2
External Infinispan IT (multi-site)	UNKNOWN STEP	2025-10-29T09:33:22.1399765Z   SUREFIRE_RETRY: -Dsurefire.rerunFailingTestsCount=2
External Infinispan IT (multi-site)	UNKNOWN STEP	2025-10-29T09:33:22.1400154Z   JAVA_HOME: /opt/hostedtoolcache/Java_Temurin-Hotspot_jdk/21.0.8-9/x64
External Infinispan IT (multi-site)	UNKNOWN STEP	2025-10-29T09:33:22.1400615Z   JAVA_HOME_21_X64: /opt/hostedtoolcache/Java_Temurin-Hotspot_jdk/21.0.8-9/x64
External Infinispan IT (multi-site)	UNKNOWN STEP	2025-10-29T09:33:22.1400953Z ##[endgroup]
External Infinispan IT (multi-site)	UNKNOWN STEP	2025-10-29T09:33:22.1417004Z ##[group]Run echo "node=$(cat js/pom.xml | grep '<node.version>' | cut -d '>' -f 2 | cut -d '<' -f 1 | cut -c 2-)" >> $GITHUB_OUTPUT
External Infinispan IT (multi-site)	UNKNOWN STEP	2025-10-29T09:33:22.1417680Z [36;1mecho "node=$(cat js/pom.xml | grep '<node.version>' | cut -d '>' -f 2 | cut -d '<' -f 1 | cut -c 2-)" >> $GITHUB_OUTPUT[0m
External Infinispan IT (multi-site)	UNKNOWN STEP	2025-10-29T09:33:22.1418289Z [36;1mecho "pnpm=$(cat js/pom.xml | grep '<pnpm.version>' | cut -d '>' -f 2 | cut -d '<' -f 1 | cut -c 1-)" >> $GITHUB_OUTPUT[0m
External Infinispan IT (multi-site)	UNKNOWN STEP	2025-10-29T09:33:22.1450398Z shell: /usr/bin/bash --noprofile --norc -e -o pipefail {0}
External Infinispan IT (multi-site)	UNKNOWN STEP	2025-10-29T09:33:22.1450707Z env:
External Infinispan IT (multi-site)	UNKNOWN STEP	2025-10-29T09:33:22.1450970Z   MAVEN_ARGS: -B -nsu -Daether.connector.http.connectionMaxTtl=25
External Infinispan IT (multi-site)	UNKNOWN STEP	2025-10-29T09:33:22.1451327Z   SUREFIRE_RERUN_FAILING_COUNT: 2
External Infinispan IT (multi-site)	UNKNOWN STEP	2025-10-29T09:33:22.1451620Z   SUREFIRE_RETRY: -Dsurefire.rerunFailingTestsCount=2
External Infinispan IT (multi-site)	UNKNOWN STEP	2025-10-29T09:33:22.1452154Z   JAVA_HOME: /opt/hostedtoolcache/Java_Temurin-Hotspot_jdk/21.0.8-9/x64
External Infinispan IT (multi-site)	UNKNOWN STEP	2025-10-29T09:33:22.1452599Z   JAVA_HOME_21_X64: /opt/hostedtoolcache/Java_Temurin-Hotspot_jdk/21.0.8-9/x64
External Infinispan IT (multi-site)	UNKNOWN STEP	2025-10-29T09:33:22.1452945Z ##[endgroup]
External Infinispan IT (multi-site)	UNKNOWN STEP	2025-10-29T09:33:22.1596125Z ##[group]Run actions/cache@5a3ec84eff668545956fd18022155c47e93e2684
External Infinispan IT (multi-site)	UNKNOWN STEP	2025-10-29T09:33:22.1596436Z with:
External Infinispan IT (multi-site)	UNKNOWN STEP	2025-10-29T09:33:22.1596790Z   path: ~/.m2/repository/com/github/eirslett/node
External Infinispan IT (multi-site)	UNKNOWN STEP	~/.m2/repository/com/github/eirslett/pnpm
External Infinispan IT (multi-site)	UNKNOWN STEP	
External Infinispan IT (multi-site)	UNKNOWN STEP	2025-10-29T09:33:22.1597267Z   key: Linux-frontend-plugin-artifacts-24.9.0-10.14.0
External Infinispan IT (multi-site)	UNKNOWN STEP	2025-10-29T09:33:22.1597575Z   enableCrossOsArchive: false
External Infinispan IT (multi-site)	UNKNOWN STEP	2025-10-29T09:33:22.1597820Z   fail-on-cache-miss: false
External Infinispan IT (multi-site)	UNKNOWN STEP	2025-10-29T09:33:22.1598032Z   lookup-only: false
External Infinispan IT (multi-site)	UNKNOWN STEP	2025-10-29T09:33:22.1598223Z   save-always: false
External Infinispan IT (multi-site)	UNKNOWN STEP	2025-10-29T09:33:22.1598390Z env:
External Infinispan IT (multi-site)	UNKNOWN STEP	2025-10-29T09:33:22.1598654Z   MAVEN_ARGS: -B -nsu -Daether.connector.http.connectionMaxTtl=25
External Infinispan IT (multi-site)	UNKNOWN STEP	2025-10-29T09:33:22.1598987Z   SUREFIRE_RERUN_FAILING_COUNT: 2
External Infinispan IT (multi-site)	UNKNOWN STEP	2025-10-29T09:33:22.1599262Z   SUREFIRE_RETRY: -Dsurefire.rerunFailingTestsCount=2
External Infinispan IT (multi-site)	UNKNOWN STEP	2025-10-29T09:33:22.1599652Z   JAVA_HOME: /opt/hostedtoolcache/Java_Temurin-Hotspot_jdk/21.0.8-9/x64
External Infinispan IT (multi-site)	UNKNOWN STEP	2025-10-29T09:33:22.1600087Z   JAVA_HOME_21_X64: /opt/hostedtoolcache/Java_Temurin-Hotspot_jdk/21.0.8-9/x64
External Infinispan IT (multi-site)	UNKNOWN STEP	2025-10-29T09:33:22.1600451Z ##[endgroup]
External Infinispan IT (multi-site)	UNKNOWN STEP	2025-10-29T09:33:22.5881298Z Cache hit for: Linux-frontend-plugin-artifacts-24.9.0-10.14.0
External Infinispan IT (multi-site)	UNKNOWN STEP	2025-10-29T09:33:23.8896576Z Received 4194304 of 178075408 (2.4%), 4.0 MBs/sec
External Infinispan IT (multi-site)	UNKNOWN STEP	2025-10-29T09:33:24.8907147Z Received 100663296 of 178075408 (56.5%), 48.0 MBs/sec
External Infinispan IT (multi-site)	UNKNOWN STEP	2025-10-29T09:33:25.9357695Z Received 134217728 of 178075408 (75.4%), 42.0 MBs/sec
External Infinispan IT (multi-site)	UNKNOWN STEP	2025-10-29T09:33:26.9359256Z Received 173881104 of 178075408 (97.6%), 41.0 MBs/sec
External Infinispan IT (multi-site)	UNKNOWN STEP	2025-10-29T09:33:26.9925489Z Received 178075408 of 178075408 (100.0%), 41.4 MBs/sec
External Infinispan IT (multi-site)	UNKNOWN STEP	2025-10-29T09:33:26.9929208Z Cache Size: ~170 MB (178075408 B)
External Infinispan IT (multi-site)	UNKNOWN STEP	2025-10-29T09:33:26.9989328Z [command]/usr/bin/tar -xf /home/runner/work/_temp/2baa18ed-5143-4307-a834-9715a0c585f7/cache.tzst -P -C /home/runner/work/keycloak/keycloak --use-compress-program unzstd
External Infinispan IT (multi-site)	UNKNOWN STEP	2025-10-29T09:33:27.4865776Z Cache restored successfully
External Infinispan IT (multi-site)	UNKNOWN STEP	2025-10-29T09:33:27.5325011Z Cache restored from key: Linux-frontend-plugin-artifacts-24.9.0-10.14.0
External Infinispan IT (multi-site)	UNKNOWN STEP	2025-10-29T09:33:27.5453532Z Prepare all required actions
External Infinispan IT (multi-site)	UNKNOWN STEP	2025-10-29T09:33:27.5453883Z Getting action download info
External Infinispan IT (multi-site)	UNKNOWN STEP	2025-10-29T09:33:27.7487730Z ##[group]Run ./.github/actions/pnpm-store-cache
External Infinispan IT (multi-site)	UNKNOWN STEP	2025-10-29T09:33:27.7488012Z env:
External Infinispan IT (multi-site)	UNKNOWN STEP	2025-10-29T09:33:27.7488286Z   MAVEN_ARGS: -B -nsu -Daether.connector.http.connectionMaxTtl=25
External Infinispan IT (multi-site)	UNKNOWN STEP	2025-10-29T09:33:27.7488630Z   SUREFIRE_RERUN_FAILING_COUNT: 2
External Infinispan IT (multi-site)	UNKNOWN STEP	2025-10-29T09:33:27.7488915Z   SUREFIRE_RETRY: -Dsurefire.rerunFailingTestsCount=2
External Infinispan IT (multi-site)	UNKNOWN STEP	2025-10-29T09:33:27.7489469Z   JAVA_HOME: /opt/hostedtoolcache/Java_Temurin-Hotspot_jdk/21.0.8-9/x64
External Infinispan IT (multi-site)	UNKNOWN STEP	2025-10-29T09:33:27.7489933Z   JAVA_HOME_21_X64: /opt/hostedtoolcache/Java_Temurin-Hotspot_jdk/21.0.8-9/x64
External Infinispan IT (multi-site)	UNKNOWN STEP	2025-10-29T09:33:27.7490286Z ##[endgroup]
External Infinispan IT (multi-site)	UNKNOWN STEP	2025-10-29T09:33:27.7505465Z ##[group]Run echo "key=pnpm-store-`date -u "+%Y-%U"`" >> $GITHUB_OUTPUT
External Infinispan IT (multi-site)	UNKNOWN STEP	2025-10-29T09:33:27.7505905Z [36;1mecho "key=pnpm-store-`date -u "+%Y-%U"`" >> $GITHUB_OUTPUT[0m
External Infinispan IT (multi-site)	UNKNOWN STEP	2025-10-29T09:33:27.7537624Z shell: /usr/bin/bash --noprofile --norc -e -o pipefail {0}
External Infinispan IT (multi-site)	UNKNOWN STEP	2025-10-29T09:33:27.7537936Z env:
External Infinispan IT (multi-site)	UNKNOWN STEP	2025-10-29T09:33:27.7538210Z   MAVEN_ARGS: -B -nsu -Daether.connector.http.connectionMaxTtl=25
External Infinispan IT (multi-site)	UNKNOWN STEP	2025-10-29T09:33:27.7538560Z   SUREFIRE_RERUN_FAILING_COUNT: 2
External Infinispan IT (multi-site)	UNKNOWN STEP	2025-10-29T09:33:27.7538853Z   SUREFIRE_RETRY: -Dsurefire.rerunFailingTestsCount=2
External Infinispan IT (multi-site)	UNKNOWN STEP	2025-10-29T09:33:27.7539256Z   JAVA_HOME: /opt/hostedtoolcache/Java_Temurin-Hotspot_jdk/21.0.8-9/x64
External Infinispan IT (multi-site)	UNKNOWN STEP	2025-10-29T09:33:27.7539696Z   JAVA_HOME_21_X64: /opt/hostedtoolcache/Java_Temurin-Hotspot_jdk/21.0.8-9/x64
External Infinispan IT (multi-site)	UNKNOWN STEP	2025-10-29T09:33:27.7540054Z ##[endgroup]
External Infinispan IT (multi-site)	UNKNOWN STEP	2025-10-29T09:33:27.7727755Z ##[group]Run actions/cache@5a3ec84eff668545956fd18022155c47e93e2684
External Infinispan IT (multi-site)	UNKNOWN STEP	2025-10-29T09:33:27.7728315Z with:
External Infinispan IT (multi-site)	UNKNOWN STEP	2025-10-29T09:33:27.7728866Z   path: ~/.local/share/pnpm/store
External Infinispan IT (multi-site)	UNKNOWN STEP	~/AppData/Local/pnpm/store
External Infinispan IT (multi-site)	UNKNOWN STEP	~/Library/pnpm/store
External Infinispan IT (multi-site)	UNKNOWN STEP	
External Infinispan IT (multi-site)	UNKNOWN STEP	2025-10-29T09:33:27.7729539Z   key: Linux-pnpm-store-2025-43
External Infinispan IT (multi-site)	UNKNOWN STEP	2025-10-29T09:33:27.7729940Z   enableCrossOsArchive: false
External Infinispan IT (multi-site)	UNKNOWN STEP	2025-10-29T09:33:27.7730338Z   fail-on-cache-miss: false
External Infinispan IT (multi-site)	UNKNOWN STEP	2025-10-29T09:33:27.7730703Z   lookup-only: false
External Infinispan IT (multi-site)	UNKNOWN STEP	2025-10-29T09:33:27.7731025Z   save-always: false
External Infinispan IT (multi-site)	UNKNOWN STEP	2025-10-29T09:33:27.7731336Z env:
External Infinispan IT (multi-site)	UNKNOWN STEP	2025-10-29T09:33:27.7731939Z   MAVEN_ARGS: -B -nsu -Daether.connector.http.connectionMaxTtl=25
External Infinispan IT (multi-site)	UNKNOWN STEP	2025-10-29T09:33:27.7732552Z   SUREFIRE_RERUN_FAILING_COUNT: 2
External Infinispan IT (multi-site)	UNKNOWN STEP	2025-10-29T09:33:27.7733055Z   SUREFIRE_RETRY: -Dsurefire.rerunFailingTestsCount=2
External Infinispan IT (multi-site)	UNKNOWN STEP	2025-10-29T09:33:27.7733751Z   JAVA_HOME: /opt/hostedtoolcache/Java_Temurin-Hotspot_jdk/21.0.8-9/x64
External Infinispan IT (multi-site)	UNKNOWN STEP	2025-10-29T09:33:27.7734536Z   JAVA_HOME_21_X64: /opt/hostedtoolcache/Java_Temurin-Hotspot_jdk/21.0.8-9/x64
External Infinispan IT (multi-site)	UNKNOWN STEP	2025-10-29T09:33:27.7735134Z ##[endgroup]
External Infinispan IT (multi-site)	UNKNOWN STEP	2025-10-29T09:33:28.2088997Z Cache hit for: Linux-pnpm-store-2025-43
External Infinispan IT (multi-site)	UNKNOWN STEP	2025-10-29T09:33:29.5246147Z Received 0 of 140574533 (0.0%), 0.0 MBs/sec
External Infinispan IT (multi-site)	UNKNOWN STEP	2025-10-29T09:33:30.5254305Z Received 130023424 of 140574533 (92.5%), 61.9 MBs/sec
External Infinispan IT (multi-site)	UNKNOWN STEP	2025-10-29T09:33:30.8838056Z Received 140574533 of 140574533 (100.0%), 56.8 MBs/sec
External Infinispan IT (multi-site)	UNKNOWN STEP	2025-10-29T09:33:30.8840751Z Cache Size: ~134 MB (140574533 B)
External Infinispan IT (multi-site)	UNKNOWN STEP	2025-10-29T09:33:30.8945160Z [command]/usr/bin/tar -xf /home/runner/work/_temp/e12ccb6d-131f-4fc5-8012-3675c2e7b1c3/cache.tzst -P -C /home/runner/work/keycloak/keycloak --use-compress-program unzstd
External Infinispan IT (multi-site)	UNKNOWN STEP	2025-10-29T09:33:33.4798275Z Cache restored successfully
External Infinispan IT (multi-site)	UNKNOWN STEP	2025-10-29T09:33:33.5172765Z Cache restored from key: Linux-pnpm-store-2025-43
External Infinispan IT (multi-site)	UNKNOWN STEP	2025-10-29T09:33:33.5299393Z ##[group]Run actions/download-artifact@d3f86a106a0bac45b974a628896c90dbdf5c8093
External Infinispan IT (multi-site)	UNKNOWN STEP	2025-10-29T09:33:33.5299797Z with:
External Infinispan IT (multi-site)	UNKNOWN STEP	2025-10-29T09:33:33.5299988Z   name: m2-keycloak.tzts
External Infinispan IT (multi-site)	UNKNOWN STEP	2025-10-29T09:33:33.5300414Z   merge-multiple: false
External Infinispan IT (multi-site)	UNKNOWN STEP	2025-10-29T09:33:33.5300633Z   repository: keycloak/keycloak
External Infinispan IT (multi-site)	UNKNOWN STEP	2025-10-29T09:33:33.5300860Z   run-id: 18903148788
External Infinispan IT (multi-site)	UNKNOWN STEP	2025-10-29T09:33:33.5301053Z env:
External Infinispan IT (multi-site)	UNKNOWN STEP	2025-10-29T09:33:33.5301476Z   MAVEN_ARGS: -B -nsu -Daether.connector.http.connectionMaxTtl=25
External Infinispan IT (multi-site)	UNKNOWN STEP	2025-10-29T09:33:33.5302062Z   SUREFIRE_RERUN_FAILING_COUNT: 2
External Infinispan IT (multi-site)	UNKNOWN STEP	2025-10-29T09:33:33.5302578Z   SUREFIRE_RETRY: -Dsurefire.rerunFailingTestsCount=2
External Infinispan IT (multi-site)	UNKNOWN STEP	2025-10-29T09:33:33.5303039Z   JAVA_HOME: /opt/hostedtoolcache/Java_Temurin-Hotspot_jdk/21.0.8-9/x64
External Infinispan IT (multi-site)	UNKNOWN STEP	2025-10-29T09:33:33.5303492Z   JAVA_HOME_21_X64: /opt/hostedtoolcache/Java_Temurin-Hotspot_jdk/21.0.8-9/x64
External Infinispan IT (multi-site)	UNKNOWN STEP	2025-10-29T09:33:33.5303841Z ##[endgroup]
External Infinispan IT (multi-site)	UNKNOWN STEP	2025-10-29T09:33:33.7323686Z Downloading single artifact
External Infinispan IT (multi-site)	UNKNOWN STEP	2025-10-29T09:33:34.0309678Z Preparing to download the following artifacts:
External Infinispan IT (multi-site)	UNKNOWN STEP	2025-10-29T09:33:34.0310973Z - m2-keycloak.tzts (ID: 4403728005, Size: 400093439, Expected Digest: sha256:9e8f35008fcc79c0e2da662d64049775fc6ad18ff3c3cd079a8b07bcfe05e3e0)
External Infinispan IT (multi-site)	UNKNOWN STEP	2025-10-29T09:33:34.2345251Z Redirecting to blob download url: https://productionresultssa13.blob.core.windows.net/actions-results/0b99b45e-2b03-4873-a63b-082bc5e76b26/workflow-job-run-c3169164-73a8-58c9-a83c-a1dd73825f99/artifacts/edc4cfb0355d37e325eaae6eb235756b36f79720f66ece617babf28220e9d051.zip
External Infinispan IT (multi-site)	UNKNOWN STEP	2025-10-29T09:33:34.2347107Z Starting download of artifact to: /home/runner/work/keycloak/keycloak
External Infinispan IT (multi-site)	UNKNOWN STEP	2025-10-29T09:33:34.5884002Z (node:2147) [DEP0005] DeprecationWarning: Buffer() is deprecated due to security and usability issues. Please use the Buffer.alloc(), Buffer.allocUnsafe(), or Buffer.from() methods instead.
External Infinispan IT (multi-site)	UNKNOWN STEP	2025-10-29T09:33:34.5885147Z (Use `node --trace-deprecation ...` to show where the warning was created)
External Infinispan IT (multi-site)	UNKNOWN STEP	2025-10-29T09:33:51.9113901Z SHA256 digest of downloaded artifact is 9e8f35008fcc79c0e2da662d64049775fc6ad18ff3c3cd079a8b07bcfe05e3e0
External Infinispan IT (multi-site)	UNKNOWN STEP	2025-10-29T09:33:51.9114926Z Artifact download completed successfully.
External Infinispan IT (multi-site)	UNKNOWN STEP	2025-10-29T09:33:51.9115465Z Total of 1 artifact(s) downloaded
External Infinispan IT (multi-site)	UNKNOWN STEP	2025-10-29T09:33:51.9123238Z Download artifact has finished successfully
External Infinispan IT (multi-site)	UNKNOWN STEP	2025-10-29T09:33:51.9242275Z ##[group]Run if [ "$RUNNER_OS" == "Windows" ]; then
External Infinispan IT (multi-site)	UNKNOWN STEP	2025-10-29T09:33:51.9242824Z [36;1mif [ "$RUNNER_OS" == "Windows" ]; then[0m
External Infinispan IT (multi-site)	UNKNOWN STEP	2025-10-29T09:33:51.9243485Z [36;1m  # zstd binary might be missing in older versions, install only when necessary[0m
External Infinispan IT (multi-site)	UNKNOWN STEP	2025-10-29T09:33:51.9244203Z [36;1m  which zstd > /dev/null || choco install zstandard[0m
External Infinispan IT (multi-site)	UNKNOWN STEP	2025-10-29T09:33:51.9244679Z [36;1mfi[0m
External Infinispan IT (multi-site)	UNKNOWN STEP	2025-10-29T09:33:51.9245140Z [36;1mtar -C ~/ --use-compress-program="zstd -d" -xf m2-keycloak.tzts[0m
External Infinispan IT (multi-site)	UNKNOWN STEP	2025-10-29T09:33:51.9277888Z shell: /usr/bin/bash --noprofile --norc -e -o pipefail {0}
External Infinispan IT (multi-site)	UNKNOWN STEP	2025-10-29T09:33:51.9278215Z env:
External Infinispan IT (multi-site)	UNKNOWN STEP	2025-10-29T09:33:51.9278504Z   MAVEN_ARGS: -B -nsu -Daether.connector.http.connectionMaxTtl=25
External Infinispan IT (multi-site)	UNKNOWN STEP	2025-10-29T09:33:51.9278876Z   SUREFIRE_RERUN_FAILING_COUNT: 2
External Infinispan IT (multi-site)	UNKNOWN STEP	2025-10-29T09:33:51.9279197Z   SUREFIRE_RETRY: -Dsurefire.rerunFailingTestsCount=2
External Infinispan IT (multi-site)	UNKNOWN STEP	2025-10-29T09:33:51.9279632Z   JAVA_HOME: /opt/hostedtoolcache/Java_Temurin-Hotspot_jdk/21.0.8-9/x64
External Infinispan IT (multi-site)	UNKNOWN STEP	2025-10-29T09:33:51.9280093Z   JAVA_HOME_21_X64: /opt/hostedtoolcache/Java_Temurin-Hotspot_jdk/21.0.8-9/x64
External Infinispan IT (multi-site)	UNKNOWN STEP	2025-10-29T09:33:51.9280471Z ##[endgroup]
External Infinispan IT (multi-site)	UNKNOWN STEP	2025-10-29T09:33:52.8572796Z ##[group]Run TESTS=`testsuite/integration-arquillian/tests/base/testsuites/suite.sh clusterless`
External Infinispan IT (multi-site)	UNKNOWN STEP	2025-10-29T09:33:52.8573521Z [36;1mTESTS=`testsuite/integration-arquillian/tests/base/testsuites/suite.sh clusterless`[0m
External Infinispan IT (multi-site)	UNKNOWN STEP	2025-10-29T09:33:52.8573983Z [36;1mecho "Tests: $TESTS"[0m
External Infinispan IT (multi-site)	UNKNOWN STEP	2025-10-29T09:33:52.8575021Z [36;1m./mvnw test -Dsurefire.rerunFailingTestsCount=2 -Pauth-server-quarkus -Pinfinispan-server -Dauth.server.feature=multi-site -Dauth.server.feature.disable=persistent-user-sessions -Dtest=$TESTS -pl testsuite/integration-arquillian/tests/base 2>&1 | misc/log/trimmer.sh[0m
External Infinispan IT (multi-site)	UNKNOWN STEP	2025-10-29T09:33:52.8608520Z shell: /usr/bin/bash --noprofile --norc -e -o pipefail {0}
External Infinispan IT (multi-site)	UNKNOWN STEP	2025-10-29T09:33:52.8608856Z env:
External Infinispan IT (multi-site)	UNKNOWN STEP	2025-10-29T09:33:52.8609144Z   MAVEN_ARGS: -B -nsu -Daether.connector.http.connectionMaxTtl=25
External Infinispan IT (multi-site)	UNKNOWN STEP	2025-10-29T09:33:52.8609510Z   SUREFIRE_RERUN_FAILING_COUNT: 2
External Infinispan IT (multi-site)	UNKNOWN STEP	2025-10-29T09:33:52.8610014Z   SUREFIRE_RETRY: -Dsurefire.rerunFailingTestsCount=2
External Infinispan IT (multi-site)	UNKNOWN STEP	2025-10-29T09:33:52.8610479Z   JAVA_HOME: /opt/hostedtoolcache/Java_Temurin-Hotspot_jdk/21.0.8-9/x64
External Infinispan IT (multi-site)	UNKNOWN STEP	2025-10-29T09:33:52.8610948Z   JAVA_HOME_21_X64: /opt/hostedtoolcache/Java_Temurin-Hotspot_jdk/21.0.8-9/x64
External Infinispan IT (multi-site)	UNKNOWN STEP	2025-10-29T09:33:52.8611303Z ##[endgroup]
External Infinispan IT (multi-site)	UNKNOWN STEP	2025-10-29T09:33:52.9569214Z Tests: KcSamlBrokerSessionNotOnOrAfterTest,OidcClaimToUserSessionNoteMapperTest,KcOidcBrokerTransientSessionsTest,KcAdmSessionTest,TransientSessionTest,UserSessionProviderOfflineTest,AuthenticationSessionProviderTest,UserSessionProviderTest,OAuthDanceClientSessionExtensionTest,SessionNotOnOrAfterTest,SessionTimeoutValidationTest,KcOidcUserSessionLimitsBrokerTest,KcSamlUserSessionLimitsBrokerTest,AbstractUserSessionLimitsBrokerTest,UserSessionLimitsTest,RefreshTokenTest,OfflineTokenTest,AccessTokenTest,LogoutTest,ClientStorageTest,UserInfoTest,LightWeightAccessTokenTest,TokenIntrospectionTest
External Infinispan IT (multi-site)	UNKNOWN STEP	2025-10-29T09:33:58.2734506Z -- [INFO] Loading cache configuration from /home/runner/work/keycloak/keycloak/.mvn/maven-build-cache-config.xml
External Infinispan IT (multi-site)	UNKNOWN STEP	2025-10-29T09:33:58.2736308Z -- [INFO] Scanning for projects...
External Infinispan IT (multi-site)	UNKNOWN STEP	2025-10-29T09:33:59.2250882Z -- [INFO] 
External Infinispan IT (multi-site)	UNKNOWN STEP	2025-10-29T09:33:59.2253217Z -- [INFO] ------< org.keycloak.testsuite:integration-arquillian-tests-base >------
External Infinispan IT (multi-site)	UNKNOWN STEP	2025-10-29T09:33:59.2255095Z -- [INFO] Building Base TestSuite 999.0.0-SNAPSHOT
External Infinispan IT (multi-site)	UNKNOWN STEP	2025-10-29T09:33:59.2257955Z -- [INFO]   from pom.xml
External Infinispan IT (multi-site)	UNKNOWN STEP	2025-10-29T09:33:59.2259497Z -- [INFO] --------------------------------[ jar ]---------------------------------
External Infinispan IT (multi-site)	UNKNOWN STEP	2025-10-29T09:33:59.3250533Z -- [WARNING] Parameter 'overWriteIfNewer' is unknown for plugin 'maven-resources-plugin:3.0.1:copy-resources (example-realms)'
External Infinispan IT (multi-site)	UNKNOWN STEP	2025-10-29T09:34:01.0409846Z -- [INFO] Artifact org.jboss:jboss-parent:pom:44 is present in the local repository, but cached from a remote repository ID that is unavailable in current build context, verifying that is downloadable from [central (https://repo.maven.apache.org/maven2, default, releases)]
External Infinispan IT (multi-site)	UNKNOWN STEP	2025-10-29T09:34:01.0437564Z -- [INFO] Artifact org.jboss:jboss-parent:pom:44 is present in the local repository, but cached from a remote repository ID that is unavailable in current build context, verifying that is downloadable from [central (https://repo.maven.apache.org/maven2, default, releases)]
External Infinispan IT (multi-site)	UNKNOWN STEP	2025-10-29T09:34:03.7900197Z -- [INFO] Downloading from central: https://repo.maven.apache.org/maven2/org/jboss/jboss-parent/44/jboss-parent-44.pom
External Infinispan IT (multi-site)	UNKNOWN STEP	2025-10-29T09:34:06.9729466Z -- [INFO] Downloaded from central: https://repo.maven.apache.org/maven2/org/jboss/jboss-parent/44/jboss-parent-44.pom (0 B at 0 B/s)
External Infinispan IT (multi-site)	UNKNOWN STEP	2025-10-29T09:34:07.6760754Z -- [INFO] 
External Infinispan IT (multi-site)	UNKNOWN STEP	2025-10-29T09:34:07.6765447Z -- [INFO] --- enforcer:3.0.0-M3:enforce (enforce-java-version) @ integration-arquillian-tests-base ---
External Infinispan IT (multi-site)	UNKNOWN STEP	2025-10-29T09:34:07.9236334Z -- [INFO] 
External Infinispan IT (multi-site)	UNKNOWN STEP	2025-10-29T09:34:07.9238928Z -- [INFO] --- enforcer:3.0.0-M3:enforce (enforce-maven-version) @ integration-arquillian-tests-base ---
External Infinispan IT (multi-site)	UNKNOWN STEP	2025-10-29T09:34:07.9255800Z -- [INFO] 
External Infinispan IT (multi-site)	UNKNOWN STEP	2025-10-29T09:34:07.9256502Z -- [INFO] --- enforcer:3.0.0-M3:enforce (enforce-maven) @ integration-arquillian-tests-base ---
External Infinispan IT (multi-site)	UNKNOWN STEP	2025-10-29T09:34:07.9276664Z -- [INFO] 
External Infinispan IT (multi-site)	UNKNOWN STEP	2025-10-29T09:34:07.9279417Z -- [INFO] --- buildnumber:1.4:create (get-scm-revision) @ integration-arquillian-tests-base ---
External Infinispan IT (multi-site)	UNKNOWN STEP	2025-10-29T09:34:08.1050017Z -- [INFO] Executing: /bin/sh -c cd '/home/runner/work/keycloak/keycloak/testsuite/integration-arquillian/tests/base' && 'git' 'rev-parse' '--verify' 'HEAD'
External Infinispan IT (multi-site)	UNKNOWN STEP	2025-10-29T09:34:08.1056503Z -- [INFO] Working directory: /home/runner/work/keycloak/keycloak/testsuite/integration-arquillian/tests/base
External Infinispan IT (multi-site)	UNKNOWN STEP	2025-10-29T09:34:08.3180874Z -- [INFO] Storing buildNumber: 02a862ee76245a86ce7bb79bc0b0f77a4b3bb2af at timestamp: 1761730448086
External Infinispan IT (multi-site)	UNKNOWN STEP	2025-10-29T09:34:08.3294571Z -- [WARNING] Cannot get the branch information from the git repository: 
External Infinispan IT (multi-site)	UNKNOWN STEP	2025-10-29T09:34:08.3295919Z -- Detecting the current branch failed: fatal: ref HEAD is not a symbolic ref
External Infinispan IT (multi-site)	UNKNOWN STEP	2025-10-29T09:34:08.3300639Z -- 
External Infinispan IT (multi-site)	UNKNOWN STEP	2025-10-29T09:34:08.3301663Z -- [INFO] Executing: /bin/sh -c cd '/home/runner/work/keycloak/keycloak/testsuite/integration-arquillian/tests/base' && 'git' 'rev-parse' '--verify' 'HEAD'
External Infinispan IT (multi-site)	UNKNOWN STEP	2025-10-29T09:34:08.3308407Z -- [INFO] Working directory: /home/runner/work/keycloak/keycloak/testsuite/integration-arquillian/tests/base
External Infinispan IT (multi-site)	UNKNOWN STEP	2025-10-29T09:34:08.3349233Z -- [INFO] Storing buildScmBranch: UNKNOWN
External Infinispan IT (multi-site)	UNKNOWN STEP	2025-10-29T09:34:08.3349745Z -- [INFO] 
External Infinispan IT (multi-site)	UNKNOWN STEP	2025-10-29T09:34:08.3350398Z -- [INFO] --- resources:3.0.1:copy-resources (copy-truststore) @ integration-arquillian-tests-base ---
External Infinispan IT (multi-site)	UNKNOWN STEP	2025-10-29T09:34:08.3908383Z -- [INFO] Using 'UTF-8' encoding to copy filtered resources.
External Infinispan IT (multi-site)	UNKNOWN STEP	2025-10-29T09:34:08.4017334Z -- [INFO] Copying 3 resources
External Infinispan IT (multi-site)	UNKNOWN STEP	2025-10-29T09:34:08.4108243Z -- [INFO] 
External Infinispan IT (multi-site)	UNKNOWN STEP	2025-10-29T09:34:08.4127116Z -- [INFO] --- resources:3.0.1:copy-resources (copy-common-dependencies) @ integration-arquillian-tests-base ---
External Infinispan IT (multi-site)	UNKNOWN STEP	2025-10-29T09:34:08.4161926Z -- [INFO] Using 'UTF-8' encoding to copy filtered resources.
External Infinispan IT (multi-site)	UNKNOWN STEP	2025-10-29T09:34:08.4235621Z -- [INFO] Copying 13 resources
External Infinispan IT (multi-site)	UNKNOWN STEP	2025-10-29T09:34:08.4245690Z -- [INFO] 
External Infinispan IT (multi-site)	UNKNOWN STEP	2025-10-29T09:34:08.4246425Z -- [INFO] --- resources:3.0.1:resources (default-resources) @ integration-arquillian-tests-base ---
External Infinispan IT (multi-site)	UNKNOWN STEP	2025-10-29T09:34:08.4288252Z -- [INFO] Using 'UTF-8' encoding to copy filtered resources.
External Infinispan IT (multi-site)	UNKNOWN STEP	2025-10-29T09:34:08.4338049Z -- [INFO] Copying 2 resources
External Infinispan IT (multi-site)	UNKNOWN STEP	2025-10-29T09:34:08.4340854Z -- [INFO] 
External Infinispan IT (multi-site)	UNKNOWN STEP	2025-10-29T09:34:08.4341603Z -- [INFO] --- xml:1.0.1:transform (arquillian-default-protocol) @ integration-arquillian-tests-base ---
External Infinispan IT (multi-site)	UNKNOWN STEP	2025-10-29T09:34:12.8859654Z -- [INFO] Transforming file: /home/runner/work/keycloak/keycloak/testsuite/integration-arquillian/tests/base/src/test/resources/arquillian.xml
External Infinispan IT (multi-site)	UNKNOWN STEP	2025-10-29T09:34:13.4622892Z -- [INFO] Transformed 1 file(s).
External Infinispan IT (multi-site)	UNKNOWN STEP	2025-10-29T09:34:13.4623384Z -- [INFO] 
External Infinispan IT (multi-site)	UNKNOWN STEP	2025-10-29T09:34:13.4624037Z -- [INFO] --- compiler:3.8.1:compile (default-compile) @ integration-arquillian-tests-base ---
External Infinispan IT (multi-site)	UNKNOWN STEP	2025-10-29T09:34:13.6767426Z -- [INFO] Changes detected - recompiling the module!
External Infinispan IT (multi-site)	UNKNOWN STEP	2025-10-29T09:34:13.6778290Z -- [INFO] Compiling 333 source files to /home/runner/work/keycloak/keycloak/testsuite/integration-arquillian/tests/base/target/classes
External Infinispan IT (multi-site)	UNKNOWN STEP	2025-10-29T09:34:22.4978538Z -- [INFO] Annotation processing is enabled because one or more processors were found
External Infinispan IT (multi-site)	UNKNOWN STEP	2025-10-29T09:34:22.4979593Z --   on the class path. A future release of javac may disable annotation processing
External Infinispan IT (multi-site)	UNKNOWN STEP	2025-10-29T09:34:22.4980503Z --   unless at least one processor is specified by name (-processor), or a search
External Infinispan IT (multi-site)	UNKNOWN STEP	2025-10-29T09:34:22.4981360Z --   path is specified (--processor-path, --processor-module-path), or annotation
External Infinispan IT (multi-site)	UNKNOWN STEP	2025-10-29T09:34:22.4982389Z --   processing is enabled explicitly (-proc:only, -proc:full).
External Infinispan IT (multi-site)	UNKNOWN STEP	2025-10-29T09:34:22.4983054Z --   Use -Xlint:-options to suppress this message.
External Infinispan IT (multi-site)	UNKNOWN STEP	2025-10-29T09:34:22.4983695Z --   Use -proc:none to disable annotation processing.
External Infinispan IT (multi-site)	UNKNOWN STEP	2025-10-29T09:34:22.4985969Z -- [WARNING] /home/runner/work/keycloak/keycloak/testsuite/integration-arquillian/tests/base/src/main/java/org/keycloak/testsuite/adapter/page/SAMLServlet.java:[38,43] org.keycloak.testsuite.page.AbstractPageWithInjectedUrl in org.keycloak.testsuite.page has been deprecated
External Infinispan IT (multi-site)	UNKNOWN STEP	2025-10-29T09:34:22.4990516Z -- [WARNING] /home/runner/work/keycloak/keycloak/testsuite/integration-arquillian/tests/base/src/main/java/org/keycloak/testsuite/adapter/page/SAMLServlet.java:[38,43] org.keycloak.testsuite.page.AbstractPageWithInjectedUrl in org.keycloak.testsuite.page has been deprecated
External Infinispan IT (multi-site)	UNKNOWN STEP	2025-10-29T09:34:22.4994678Z -- [WARNING] /home/runner/work/keycloak/keycloak/testsuite/integration-arquillian/tests/base/src/main/java/org/keycloak/testsuite/adapter/page/SAMLServlet.java:[38,43] org.keycloak.testsuite.page.AbstractPageWithInjectedUrl in org.keycloak.testsuite.page has been deprecated
External Infinispan IT (multi-site)	UNKNOWN STEP	2025-10-29T09:34:22.4998341Z -- [WARNING] /home/runner/work/keycloak/keycloak/testsuite/integration-arquillian/tests/base/src/main/java/org/keycloak/testsuite/util/DroneUtils.java:[80,24] org.keycloak.testsuite.page.AbstractPage in org.keycloak.testsuite.page has been deprecated
External Infinispan IT (multi-site)	UNKNOWN STEP	2025-10-29T09:34:22.5015474Z -- [WARNING] /home/runner/work/keycloak/keycloak/testsuite/integration-arquillian/tests/base/src/main/java/org/keycloak/testsuite/util/DroneUtils.java:[85,21] org.keycloak.testsuite.page.AbstractPage in org.keycloak.testsuite.page has been deprecated
External Infinispan IT (multi-site)	UNKNOWN STEP	2025-10-29T09:34:22.5019302Z -- [WARNING] /home/runner/work/keycloak/keycloak/testsuite/integration-arquillian/tests/base/src/main/java/org/keycloak/testsuite/util/DroneUtils.java:[85,42] org.keycloak.testsuite.page.AbstractPage in org.keycloak.testsuite.page has been deprecated
External Infinispan IT (multi-site)	UNKNOWN STEP	2025-10-29T09:34:22.5022874Z -- [WARNING] /home/runner/work/keycloak/keycloak/testsuite/integration-arquillian/tests/base/src/main/java/org/keycloak/testsuite/util/SamlClientBuilder.java:[253,41] org.keycloak.testsuite.page.AbstractPage in org.keycloak.testsuite.page has been deprecated
External Infinispan IT (multi-site)	UNKNOWN STEP	2025-10-29T09:34:22.5026303Z -- [WARNING] /home/runner/work/keycloak/keycloak/testsuite/integration-arquillian/tests/base/src/main/java/org/keycloak/testsuite/util/SamlClientBuilder.java:[253,41] org.keycloak.testsuite.page.AbstractPage in org.keycloak.testsuite.page has been deprecated
External Infinispan IT (multi-site)	UNKNOWN STEP	2025-10-29T09:34:22.5029785Z -- [WARNING] /home/runner/work/keycloak/keycloak/testsuite/integration-arquillian/tests/base/src/main/java/org/keycloak/testsuite/util/SamlClientBuilder.java:[253,41] org.keycloak.testsuite.page.AbstractPage in org.keycloak.testsuite.page has been deprecated
External Infinispan IT (multi-site)	UNKNOWN STEP	2025-10-29T09:34:22.5033396Z -- [WARNING] /home/runner/work/keycloak/keycloak/testsuite/integration-arquillian/tests/base/src/main/java/org/keycloak/testsuite/pages/LanguageComboboxAwarePage.java:[75,34] getAttribute(java.lang.String) in org.openqa.selenium.WebElement has been deprecated
External Infinispan IT (multi-site)	UNKNOWN STEP	2025-10-29T09:34:22.5064019Z -- [WARNING] /home/runner/work/keycloak/keycloak/testsuite/integration-arquillian/tests/base/src/main/java/org/keycloak/testsuite/pages/LanguageComboboxAwarePage.java:[79,34] getAttribute(java.lang.String) in org.openqa.selenium.WebElement has been deprecated
External Infinispan IT (multi-site)	UNKNOWN STEP	2025-10-29T09:34:22.5067616Z -- [WARNING] /home/runner/work/keycloak/keycloak/testsuite/integration-arquillian/tests/base/src/main/java/org/keycloak/testsuite/pages/LanguageComboboxAwarePage.java:[131,45] getAttribute(java.lang.String) in org.openqa.selenium.WebElement has been deprecated
External Infinispan IT (multi-site)	UNKNOWN STEP	2025-10-29T09:34:22.5071321Z -- [WARNING] /home/runner/work/keycloak/keycloak/testsuite/integration-arquillian/tests/base/src/main/java/org/keycloak/testsuite/auth/page/AuthServerContextRoot.java:[33,44] org.keycloak.testsuite.page.AbstractPageWithInjectedUrl in org.keycloak.testsuite.page has been deprecated
External Infinispan IT (multi-site)	UNKNOWN STEP	2025-10-29T09:34:22.5075377Z -- [WARNING] /home/runner/work/keycloak/keycloak/testsuite/integration-arquillian/tests/base/src/main/java/org/keycloak/testsuite/auth/page/AuthServerContextRoot.java:[33,44] org.keycloak.testsuite.page.AbstractPageWithInjectedUrl in org.keycloak.testsuite.page has been deprecated
External Infinispan IT (multi-site)	UNKNOWN STEP	2025-10-29T09:34:22.5079302Z -- [WARNING] /home/runner/work/keycloak/keycloak/testsuite/integration-arquillian/tests/base/src/main/java/org/keycloak/testsuite/auth/page/AuthServerContextRoot.java:[33,44] org.keycloak.testsuite.page.AbstractPageWithInjectedUrl in org.keycloak.testsuite.page has been deprecated
External Infinispan IT (multi-site)	UNKNOWN STEP	2025-10-29T09:34:22.5083622Z -- [WARNING] /home/runner/work/keycloak/keycloak/testsuite/integration-arquillian/tests/base/src/main/java/org/keycloak/testsuite/auth/page/login/Login.java:[50,13] org.keycloak.testsuite.auth.page.login.LoginForm in org.keycloak.testsuite.auth.page.login has been deprecated
External Infinispan IT (multi-site)	UNKNOWN STEP	2025-10-29T09:34:22.5087308Z -- [WARNING] /home/runner/work/keycloak/keycloak/testsuite/integration-arquillian/tests/base/src/main/java/org/keycloak/testsuite/auth/page/login/Login.java:[50,13] org.keycloak.testsuite.auth.page.login.LoginForm in org.keycloak.testsuite.auth.page.login has been deprecated
External Infinispan IT (multi-site)	UNKNOWN STEP	2025-10-29T09:34:22.5091016Z -- [WARNING] /home/runner/work/keycloak/keycloak/testsuite/integration-arquillian/tests/base/src/main/java/org/keycloak/testsuite/auth/page/login/Login.java:[50,13] org.keycloak.testsuite.auth.page.login.LoginForm in org.keycloak.testsuite.auth.page.login has been deprecated
External Infinispan IT (multi-site)	UNKNOWN STEP	2025-10-29T09:34:22.5101751Z -- [WARNING] /home/runner/work/keycloak/keycloak/testsuite/integration-arquillian/tests/base/src/main/java/org/keycloak/testsuite/auth/page/login/Login.java:[52,12] org.keycloak.testsuite.auth.page.login.LoginForm in org.keycloak.testsuite.auth.page.login has been deprecated
External Infinispan IT (multi-site)	UNKNOWN STEP	2025-10-29T09:34:22.5106085Z -- [WARNING] /home/runner/work/keycloak/keycloak/testsuite/integration-arquillian/tests/base/src/main/java/org/keycloak/testsuite/auth/page/login/Login.java:[52,12] org.keycloak.testsuite.auth.page.login.LoginForm in org.keycloak.testsuite.auth.page.login has been deprecated
External Infinispan IT (multi-site)	UNKNOWN STEP	2025-10-29T09:34:22.5109880Z -- [WARNING] /home/runner/work/keycloak/keycloak/testsuite/integration-arquillian/tests/base/src/main/java/org/keycloak/testsuite/auth/page/login/Login.java:[52,12] org.keycloak.testsuite.auth.page.login.LoginForm in org.keycloak.testsuite.auth.page.login has been deprecated
External Infinispan IT (multi-site)	UNKNOWN STEP	2025-10-29T09:34:22.5113796Z -- [WARNING] /home/runner/work/keycloak/keycloak/testsuite/integration-arquillian/tests/base/src/main/java/org/keycloak/testsuite/util/UIUtils.java:[158,9] org.keycloak.testsuite.page.AbstractPatternFlyAlert in org.keycloak.testsuite.page has been deprecated
External Infinispan IT (multi-site)	UNKNOWN STEP	2025-10-29T09:34:22.5117213Z -- [WARNING] /home/runner/work/keycloak/keycloak/testsuite/integration-arquillian/tests/base/src/main/java/org/keycloak/testsuite/util/UIUtils.java:[169,39] getAttribute(java.lang.String) in org.openqa.selenium.WebElement has been deprecated
External Infinispan IT (multi-site)	UNKNOWN STEP	2025-10-29T09:34:22.5124155Z -- [WARNING] /home/runner/work/keycloak/keycloak/testsuite/integration-arquillian/tests/base/src/main/java/org/keycloak/testsuite/util/UIUtils.java:[185,35] getAttribute(java.lang.String) in org.openqa.selenium.WebElement has been deprecated
External Infinispan IT (multi-site)	UNKNOWN STEP	2025-10-29T09:34:22.5138144Z -- [WARNING] /home/runner/work/keycloak/keycloak/testsuite/integration-arquillian/tests/base/src/main/java/org/keycloak/testsuite/util/UIUtils.java:[194,21] getAttribute(java.lang.String) in org.openqa.selenium.WebElement has been deprecated
External Infinispan IT (multi-site)	UNKNOWN STEP	2025-10-29T09:34:22.5141675Z -- [WARNING] /home/runner/work/keycloak/keycloak/testsuite/integration-arquillian/tests/base/src/main/java/org/keycloak/testsuite/util/UIUtils.java:[287,23] getAttribute(java.lang.String) in org.openqa.selenium.WebElement has been deprecated
External Infinispan IT (multi-site)	UNKNOWN STEP	2025-10-29T09:34:22.5145320Z -- [WARNING] /home/runner/work/keycloak/keycloak/testsuite/integration-arquillian/tests/base/src/main/java/org/keycloak/testsuite/util/UIUtils.java:[298,37] getAttribute(java.lang.String) in org.openqa.selenium.WebElement has been deprecated
External Infinispan IT (multi-site)	UNKNOWN STEP	2025-10-29T09:34:22.5148791Z -- [WARNING] /home/runner/work/keycloak/keycloak/testsuite/integration-arquillian/tests/base/src/main/java/org/keycloak/testsuite/auth/page/FieldsBase.java:[27,33] org.keycloak.testsuite.page.Form in org.keycloak.testsuite.page has been deprecated
External Infinispan IT (multi-site)	UNKNOWN STEP	2025-10-29T09:34:22.5219745Z -- [WARNING] /home/runner/work/keycloak/keycloak/testsuite/integration-arquillian/tests/base/src/main/java/org/keycloak/testsuite/auth/page/FieldsBase.java:[27,33] org.keycloak.testsuite.page.Form in org.keycloak.testsuite.page has been deprecated
External Infinispan IT (multi-site)	UNKNOWN STEP	2025-10-29T09:34:22.5224149Z -- [WARNING] /home/runner/work/keycloak/keycloak/testsuite/integration-arquillian/tests/base/src/main/java/org/keycloak/testsuite/auth/page/FieldsBase.java:[27,33] org.keycloak.testsuite.page.Form in org.keycloak.testsuite.page has been deprecated
External Infinispan IT (multi-site)	UNKNOWN STEP	2025-10-29T09:34:22.5229044Z -- [WARNING] /home/runner/work/keycloak/keycloak/testsuite/integration-arquillian/tests/base/src/main/java/org/keycloak/testsuite/auth/page/FieldsBase.java:[29,52] getAttribute(java.lang.String) in org.openqa.selenium.WebElement has been deprecated
External Infinispan IT (multi-site)	UNKNOWN STEP	2025-10-29T09:34:22.5232613Z -- [WARNING] /home/runner/work/keycloak/keycloak/testsuite/integration-arquillian/tests/base/src/main/java/org/keycloak/testsuite/auth/page/login/FeedbackMessage.java:[80,40] getAttribute(java.lang.String) in org.openqa.selenium.WebElement has been deprecated
External Infinispan IT (multi-site)	UNKNOWN STEP	2025-10-29T09:34:22.5236058Z -- [WARNING] /home/runner/work/keycloak/keycloak/testsuite/integration-arquillian/tests/base/src/main/java/org/keycloak/testsuite/pages/RegisterPage.java:[218,30] getAttribute(java.lang.String) in org.openqa.selenium.WebElement has been deprecated
External Infinispan IT (multi-site)	UNKNOWN STEP	2025-10-29T09:34:22.5239690Z -- [WARNING] /home/runner/work/keycloak/keycloak/testsuite/integration-arquillian/tests/base/src/main/java/org/keycloak/testsuite/pages/RegisterPage.java:[222,29] getAttribute(java.lang.String) in org.openqa.selenium.WebElement has been deprecated
External Infinispan IT (multi-site)	UNKNOWN STEP	2025-10-29T09:34:22.5278878Z -- [WARNING] /home/runner/work/keycloak/keycloak/testsuite/integration-arquillian/tests/base/src/main/java/org/keycloak/testsuite/pages/RegisterPage.java:[226,26] getAttribute(java.lang.String) in org.openqa.selenium.WebElement has been deprecated
External Infinispan IT (multi-site)	UNKNOWN STEP	2025-10-29T09:34:22.5282401Z -- [WARNING] /home/runner/work/keycloak/keycloak/testsuite/integration-arquillian/tests/base/src/main/java/org/keycloak/testsuite/pages/RegisterPage.java:[230,29] getAttribute(java.lang.String) in org.openqa.selenium.WebElement has been deprecated
External Infinispan IT (multi-site)	UNKNOWN STEP	2025-10-29T09:34:22.5285677Z -- [WARNING] /home/runner/work/keycloak/keycloak/testsuite/integration-arquillian/tests/base/src/main/java/org/keycloak/testsuite/pages/RegisterPage.java:[234,29] getAttribute(java.lang.String) in org.openqa.selenium.WebElement has been deprecated
External Infinispan IT (multi-site)	UNKNOWN STEP	2025-10-29T09:34:22.5288873Z -- [WARNING] /home/runner/work/keycloak/keycloak/testsuite/integration-arquillian/tests/base/src/main/java/org/keycloak/testsuite/pages/RegisterPage.java:[238,36] getAttribute(java.lang.String) in org.openqa.selenium.WebElement has been deprecated
External Infinispan IT (multi-site)	UNKNOWN STEP	2025-10-29T09:34:22.5292208Z -- [WARNING] /home/runner/work/keycloak/keycloak/testsuite/integration-arquillian/tests/base/src/main/java/org/keycloak/testsuite/pages/RegisterPage.java:[242,31] getAttribute(java.lang.String) in org.openqa.selenium.WebElement has been deprecated
External Infinispan IT (multi-site)	UNKNOWN STEP	2025-10-29T09:34:22.5295745Z -- [WARNING] /home/runner/work/keycloak/keycloak/testsuite/integration-arquillian/tests/base/src/main/java/org/keycloak/testsuite/adapter/page/AppServerContextRoot.java:[30,43] org.keycloak.testsuite.page.AbstractPageWithInjectedUrl in org.keycloak.testsuite.page has been deprecated
External Infinispan IT (multi-site)	UNKNOWN STEP	2025-10-29T09:34:22.5299654Z -- [WARNING] /home/runner/work/keycloak/keycloak/testsuite/integration-arquillian/tests/base/src/main/java/org/keycloak/testsuite/adapter/page/AppServerContextRoot.java:[30,43] org.keycloak.testsuite.page.AbstractPageWithInjectedUrl in org.keycloak.testsuite.page has been deprecated
External Infinispan IT (multi-site)	UNKNOWN STEP	2025-10-29T09:34:22.5303705Z -- [WARNING] /home/runner/work/keycloak/keycloak/testsuite/integration-arquillian/tests/base/src/main/java/org/keycloak/testsuite/adapter/page/AppServerContextRoot.java:[30,43] org.keycloak.testsuite.page.AbstractPageWithInjectedUrl in org.keycloak.testsuite.page has been deprecated
External Infinispan IT (multi-site)	UNKNOWN STEP	2025-10-29T09:34:22.5307373Z -- [WARNING] /home/runner/work/keycloak/keycloak/testsuite/integration-arquillian/tests/base/src/main/java/org/keycloak/testsuite/webauthn/pages/fragments/Sidebar.java:[54,27] getAttribute(java.lang.String) in org.openqa.selenium.WebElement has been deprecated
External Infinispan IT (multi-site)	UNKNOWN STEP	2025-10-29T09:34:22.5311045Z -- [WARNING] /home/runner/work/keycloak/keycloak/testsuite/integration-arquillian/tests/base/src/main/java/org/keycloak/testsuite/webauthn/pages/fragments/Sidebar.java:[96,84] getAttribute(java.lang.String) in org.openqa.selenium.WebElement has been deprecated
External Infinispan IT (multi-site)	UNKNOWN STEP	2025-10-29T09:34:22.5314592Z -- [WARNING] /home/runner/work/keycloak/keycloak/testsuite/integration-arquillian/tests/base/src/main/java/org/keycloak/testsuite/webauthn/pages/fragments/Sidebar.java:[119,40] getAttribute(java.lang.String) in org.openqa.selenium.WebElement has been deprecated
External Infinispan IT (multi-site)	UNKNOWN STEP	2025-10-29T09:34:22.5318051Z -- [WARNING] /home/runner/work/keycloak/keycloak/testsuite/integration-arquillian/tests/base/src/main/java/org/keycloak/testsuite/webauthn/pages/fragments/Sidebar.java:[129,40] getAttribute(java.lang.String) in org.openqa.selenium.WebElement has been deprecated
External Infinispan IT (multi-site)	UNKNOWN STEP	2025-10-29T09:34:22.5321405Z -- [WARNING] /home/runner/work/keycloak/keycloak/testsuite/integration-arquillian/tests/base/src/main/java/org/keycloak/testsuite/pages/VerifyEmailPage.java:[51,31] getAttribute(java.lang.String) in org.openqa.selenium.WebElement has been deprecated
External Infinispan IT (multi-site)	UNKNOWN STEP	2025-10-29T09:34:22.5325191Z -- [WARNING] /home/runner/work/keycloak/keycloak/testsuite/integration-arquillian/tests/base/src/main/java/org/keycloak/testsuite/auth/page/login/UpdateEmailPage.java:[59,26] getAttribute(java.lang.String) in org.openqa.selenium.WebElement has been deprecated
External Infinispan IT (multi-site)	UNKNOWN STEP	2025-10-29T09:34:22.5329045Z -- [WARNING] /home/runner/work/keycloak/keycloak/testsuite/integration-arquillian/tests/base/src/main/java/org/keycloak/testsuite/arquillian/ServerTestEnricherUtil.java:[72,21] securityRealm(java.lang.String) in org.wildfly.extras.creaper.commands.undertow.AddUndertowListener.HttpsBuilder has been deprecated
External Infinispan IT (multi-site)	UNKNOWN STEP	2025-10-29T09:34:22.5333249Z -- [WARNING] /home/runner/work/keycloak/keycloak/testsuite/integration-arquillian/tests/base/src/main/java/org/keycloak/testsuite/arquillian/AppServerTestEnricher.java:[182,49] HTTP_REMOTING in org.wildfly.extras.creaper.core.online.ManagementProtocol has been deprecated
External Infinispan IT (multi-site)	UNKNOWN STEP	2025-10-29T09:34:22.5336432Z -- [WARNING] /home/runner/work/keycloak/keycloak/testsuite/integration-arquillian/tests/base/src/main/java/org/keycloak/testsuite/updaters/ServerResourceUpdater.java:[89,20] unchecked cast
External Infinispan IT (multi-site)	UNKNOWN STEP	2025-10-29T09:34:22.5337876Z --   required: T
External Infinispan IT (multi-site)	UNKNOWN STEP	2025-10-29T09:34:22.5338439Z --   found:    org.keycloak.testsuite.updaters.ServerResourceUpdater<T,Res,Rep>
External Infinispan IT (multi-site)	UNKNOWN STEP	2025-10-29T09:34:22.5339824Z -- [WARNING] /home/runner/work/keycloak/keycloak/testsuite/integration-arquillian/tests/base/src/main/java/org/keycloak/testsuite/updaters/ServerResourceUpdater.java:[103,20] unchecked cast
External Infinispan IT (multi-site)	UNKNOWN STEP	2025-10-29T09:34:22.5340992Z --   required: T
External Infinispan IT (multi-site)	UNKNOWN STEP	2025-10-29T09:34:22.5341499Z --   found:    org.keycloak.testsuite.updaters.ServerResourceUpdater<T,Res,Rep>
External Infinispan IT (multi-site)	UNKNOWN STEP	2025-10-29T09:34:22.5343303Z -- [WARNING] /home/runner/work/keycloak/keycloak/testsuite/integration-arquillian/tests/base/src/main/java/org/keycloak/testsuite/updaters/ServerResourceUpdater.java:[140,52] unchecked conversion
External Infinispan IT (multi-site)	UNKNOWN STEP	2025-10-29T09:34:22.5344992Z --   required: java.util.Set<V>
External Infinispan IT (multi-site)	UNKNOWN STEP	2025-10-29T09:34:22.5345594Z --   found:    java.util.Set
External Infinispan IT (multi-site)	UNKNOWN STEP	2025-10-29T09:34:22.5347159Z -- [WARNING] /home/runner/work/keycloak/keycloak/testsuite/integration-arquillian/tests/base/src/main/java/org/keycloak/testsuite/updaters/ServerResourceUpdater.java:[141,51] unchecked conversion
External Infinispan IT (multi-site)	UNKNOWN STEP	2025-10-29T09:34:22.5348826Z --   required: java.util.Set<V>
External Infinispan IT (multi-site)	UNKNOWN STEP	2025-10-29T09:34:22.5349285Z --   found:    java.util.Set
External Infinispan IT (multi-site)	UNKNOWN STEP	2025-10-29T09:34:22.5351489Z -- [WARNING] /home/runner/work/keycloak/keycloak/testsuite/integration-arquillian/tests/base/src/main/java/org/keycloak/testsuite/page/AbstractPatternFlyAlert.java:[72,96] unchecked method invocation: method until in class org.openqa.selenium.support.ui.FluentWait is applied to given types
External Infinispan IT (multi-site)	UNKNOWN STEP	2025-10-29T09:34:22.5370689Z --   required: java.util.function.Function<? super T,V>
External Infinispan IT (multi-site)	UNKNOWN STEP	2025-10-29T09:34:22.5371470Z --   found:    org.openqa.selenium.support.ui.ExpectedCondition
External Infinispan IT (multi-site)	UNKNOWN STEP	2025-10-29T09:34:22.5373451Z -- [WARNING] /home/runner/work/keycloak/keycloak/testsuite/integration-arquillian/tests/base/src/main/java/org/keycloak/testsuite/page/AbstractPatternFlyAlert.java:[72,97] unchecked conversion
External Infinispan IT (multi-site)	UNKNOWN STEP	2025-10-29T09:34:22.5375187Z --   required: java.util.function.Function<? super T,V>
External Infinispan IT (multi-site)	UNKNOWN STEP	2025-10-29T09:34:22.5376188Z --   found:    org.openqa.selenium.support.ui.ExpectedCondition
External Infinispan IT (multi-site)	UNKNOWN STEP	2025-10-29T09:34:22.5378231Z -- [WARNING] /home/runner/work/keycloak/keycloak/testsuite/integration-arquillian/tests/base/src/main/java/org/keycloak/testsuite/pages/LoginPage.java:[138,24] getAttribute(java.lang.String) in org.openqa.selenium.WebElement has been deprecated
External Infinispan IT (multi-site)	UNKNOWN STEP	2025-10-29T09:34:22.5383780Z -- [WARNING] /home/runner/work/keycloak/keycloak/testsuite/integration-arquillian/tests/base/src/main/java/org/keycloak/testsuite/pages/LoginPage.java:[142,29] getAttribute(java.lang.String) in org.openqa.selenium.WebElement has been deprecated
External Infinispan IT (multi-site)	UNKNOWN STEP	2025-10-29T09:34:22.5387162Z -- [WARNING] /home/runner/work/keycloak/keycloak/testsuite/integration-arquillian/tests/base/src/main/java/org/keycloak/testsuite/pages/LoginPage.java:[166,29] getAttribute(java.lang.String) in org.openqa.selenium.WebElement has been deprecated
External Infinispan IT (multi-site)	UNKNOWN STEP	2025-10-29T09:34:22.5390833Z -- [WARNING] /home/runner/work/keycloak/keycloak/testsuite/integration-arquillian/tests/base/src/main/java/org/keycloak/testsuite/pages/LoginPasswordResetPage.java:[89,29] getAttribute(java.lang.String) in org.openqa.selenium.WebElement has been deprecated
External Infinispan IT (multi-site)	UNKNOWN STEP	2025-10-29T09:34:22.5455188Z -- [WARNING] /home/runner/work/keycloak/keycloak/testsuite/integration-arquillian/tests/base/src/main/java/org/keycloak/testsuite/pages/LoginPasswordResetPage.java:[105,37] getAttribute(java.lang.String) in org.openqa.selenium.WebElement has been deprecated
External Infinispan IT (multi-site)	UNKNOWN STEP	2025-10-29T09:34:22.5458830Z -- [WARNING] /home/runner/work/keycloak/keycloak/testsuite/integration-arquillian/tests/base/src/main/java/org/keycloak/testsuite/arquillian/ModelTestExecutor.java:[51,33] TestResult() in org.jboss.arquillian.test.spi.TestResult has been deprecated
External Infinispan IT (multi-site)	UNKNOWN STEP	2025-10-29T09:34:22.5462830Z -- [WARNING] /home/runner/work/keycloak/keycloak/testsuite/integration-arquillian/tests/base/src/main/java/org/keycloak/testsuite/arquillian/ModelTestExecutor.java:[59,23] setStatus(org.jboss.arquillian.test.spi.TestResult.Status) in org.jboss.arquillian.test.spi.TestResult has been deprecated
External Infinispan IT (multi-site)	UNKNOWN STEP	2025-10-29T09:34:22.5466880Z -- [WARNING] /home/runner/work/keycloak/keycloak/testsuite/integration-arquillian/tests/base/src/main/java/org/keycloak/testsuite/arquillian/ModelTestExecutor.java:[61,23] setStatus(org.jboss.arquillian.test.spi.TestResult.Status) in org.jboss.arquillian.test.spi.TestResult has been deprecated
External Infinispan IT (multi-site)	UNKNOWN STEP	2025-10-29T09:34:22.5470181Z -- [WARNING] /home/runner/work/keycloak/keycloak/testsuite/integration-arquillian/tests/base/src/main/java/org/keycloak/testsuite/arquillian/ModelTestExecutor.java:[70,109] unchecked cast
External Infinispan IT (multi-site)	UNKNOWN STEP	2025-10-29T09:34:22.5472411Z --   required: org.jboss.arquillian.core.api.InstanceProducer<org.jboss.arquillian.test.spi.TestResult>
External Infinispan IT (multi-site)	UNKNOWN STEP	2025-10-29T09:34:22.5473343Z --   found:    java.lang.Object
External Infinispan IT (multi-site)	UNKNOWN STEP	2025-10-29T09:34:22.5478657Z -- [WARNING] /home/runner/work/keycloak/keycloak/testsuite/integration-arquillian/tests/base/src/main/java/org/keycloak/testsuite/pages/InfoPage.java:[65,40] getAttribute(java.lang.String) in org.openqa.selenium.WebElement has been deprecated
External Infinispan IT (multi-site)	UNKNOWN STEP	2025-10-29T09:34:22.5485860Z -- [WARNING] /home/runner/work/keycloak/keycloak/testsuite/integration-arquillian/tests/base/src/main/java/org/keycloak/testsuite/pages/LoginUpdateProfilePage.java:[93,30] getAttribute(java.lang.String) in org.openqa.selenium.WebElement has been deprecated
External Infinispan IT (multi-site)	UNKNOWN STEP	2025-10-29T09:34:22.5503604Z -- [WARNING] /home/runner/work/keycloak/keycloak/testsuite/integration-arquillian/tests/base/src/main/java/org/keycloak/testsuite/pages/LoginUpdateProfilePage.java:[97,29] getAttribute(java.lang.String) in org.openqa.selenium.WebElement has been deprecated
External Infinispan IT (multi-site)	UNKNOWN STEP	2025-10-29T09:34:22.5507247Z -- [WARNING] /home/runner/work/keycloak/keycloak/testsuite/integration-arquillian/tests/base/src/main/java/org/keycloak/testsuite/pages/LoginUpdateProfilePage.java:[101,26] getAttribute(java.lang.String) in org.openqa.selenium.WebElement has been deprecated
External Infinispan IT (multi-site)	UNKNOWN STEP	2025-10-29T09:34:22.5511177Z -- [WARNING] /home/runner/work/keycloak/keycloak/testsuite/integration-arquillian/tests/base/src/main/java/org/keycloak/testsuite/pages/LoginUpdateProfilePage.java:[105,31] getAttribute(java.lang.String) in org.openqa.selenium.WebElement has been deprecated
External Infinispan IT (multi-site)	UNKNOWN STEP	2025-10-29T09:34:22.5515145Z -- [WARNING] /home/runner/work/keycloak/keycloak/testsuite/integration-arquillian/tests/base/src/main/java/org/keycloak/testsuite/pages/LoginUpdateProfilePage.java:[189,27] getAttribute(java.lang.String) in org.openqa.selenium.WebElement has been deprecated
External Infinispan IT (multi-site)	UNKNOWN STEP	2025-10-29T09:34:22.5518694Z -- [WARNING] /home/runner/work/keycloak/keycloak/testsuite/integration-arquillian/tests/base/src/main/java/org/keycloak/testsuite/pages/LoginConfigTotpPage.java:[80,26] getAttribute(java.lang.String) in org.openqa.selenium.WebElement has been deprecated
External Infinispan IT (multi-site)	UNKNOWN STEP	2025-10-29T09:34:22.5522644Z -- [WARNING] /home/runner/work/keycloak/keycloak/testsuite/integration-arquillian/tests/base/src/main/java/org/keycloak/testsuite/updaters/Creator.java:[63,16] unchecked call to Creator(java.lang.String,T,java.lang.Runnable) as a member of the raw type org.keycloak.testsuite.updaters.Creator
External Infinispan IT (multi-site)	UNKNOWN STEP	2025-10-29T09:34:22.5526169Z -- [WARNING] /home/runner/work/keycloak/keycloak/testsuite/integration-arquillian/tests/base/src/main/java/org/keycloak/testsuite/updaters/Creator.java:[63,16] unchecked conversion
External Infinispan IT (multi-site)	UNKNOWN STEP	2025-10-29T09:34:22.5528169Z --   required: org.keycloak.testsuite.updaters.Creator<org.keycloak.admin.client.resource.RealmResource>
External Infinispan IT (multi-site)	UNKNOWN STEP	2025-10-29T09:34:22.5529249Z --   found:    org.keycloak.testsuite.updaters.Creator
External Infinispan IT (multi-site)	UNKNOWN STEP	2025-10-29T09:34:22.5531502Z -- [WARNING] /home/runner/work/keycloak/keycloak/testsuite/integration-arquillian/tests/base/src/main/java/org/keycloak/testsuite/updaters/Creator.java:[72,20] unchecked call to Creator(java.lang.String,T,java.lang.Runnable) as a member of the raw type org.keycloak.testsuite.updaters.Creator
External Infinispan IT (multi-site)	UNKNOWN STEP	2025-10-29T09:34:22.5534818Z -- [WARNING] /home/runner/work/keycloak/keycloak/testsuite/integration-arquillian/tests/base/src/main/java/org/keycloak/testsuite/updaters/Creator.java:[72,20] unchecked conversion
External Infinispan IT (multi-site)	UNKNOWN STEP	2025-10-29T09:34:22.5536789Z --   required: org.keycloak.testsuite.updaters.Creator<org.keycloak.admin.client.resource.GroupResource>
External Infinispan IT (multi-site)	UNKNOWN STEP	2025-10-29T09:34:22.5537890Z --   found:    org.keycloak.testsuite.updaters.Creator
External Infinispan IT (multi-site)	UNKNOWN STEP	2025-10-29T09:34:22.5540121Z -- [WARNING] /home/runner/work/keycloak/keycloak/testsuite/integration-arquillian/tests/base/src/main/java/org/keycloak/testsuite/updaters/Creator.java:[82,20] unchecked call to Creator(java.lang.String,T,java.lang.Runnable) as a member of the raw type org.keycloak.testsuite.updaters.Creator
External Infinispan IT (multi-site)	UNKNOWN STEP	2025-10-29T09:34:22.5553687Z -- [WARNING] /home/runner/work/keycloak/keycloak/testsuite/integration-arquillian/tests/base/src/main/java/org/keycloak/testsuite/updaters/Creator.java:[82,20] unchecked conversion
External Infinispan IT (multi-site)	UNKNOWN STEP	2025-10-29T09:34:22.5555656Z --   required: org.keycloak.testsuite.updaters.Creator<org.keycloak.admin.client.resource.ClientResource>
External Infinispan IT (multi-site)	UNKNOWN STEP	2025-10-29T09:34:22.5556715Z --   found:    org.keycloak.testsuite.updaters.Creator
External Infinispan IT (multi-site)	UNKNOWN STEP	2025-10-29T09:34:22.5558972Z -- [WARNING] /home/runner/work/keycloak/keycloak/testsuite/integration-arquillian/tests/base/src/main/java/org/keycloak/testsuite/updaters/Creator.java:[92,20] unchecked call to Creator(java.lang.String,T,java.lang.Runnable) as a member of the raw type org.keycloak.testsuite.updaters.Creator
External Infinispan IT (multi-site)	UNKNOWN STEP	2025-10-29T09:34:22.5562330Z -- [WARNING] /home/runner/work/keycloak/keycloak/testsuite/integration-arquillian/tests/base/src/main/java/org/keycloak/testsuite/updaters/Creator.java:[92,20] unchecked conversion
External Infinispan IT (multi-site)	UNKNOWN STEP	2025-10-29T09:34:22.5564193Z --   required: org.keycloak.testsuite.updaters.Creator<org.keycloak.admin.client.resource.UserResource>
External Infinispan IT (multi-site)	UNKNOWN STEP	2025-10-29T09:34:22.5565179Z --   found:    org.keycloak.testsuite.updaters.Creator
External Infinispan IT (multi-site)	UNKNOWN STEP	2025-10-29T09:34:22.5567381Z -- [WARNING] /home/runner/work/keycloak/keycloak/testsuite/integration-arquillian/tests/base/src/main/java/org/keycloak/testsuite/updaters/Creator.java:[102,20] unchecked call to Creator(java.lang.String,T,java.lang.Runnable) as a member of the raw type org.keycloak.testsuite.updaters.Creator
External Infinispan IT (multi-site)	UNKNOWN STEP	2025-10-29T09:34:22.5570824Z -- [WARNING] /home/runner/work/keycloak/keycloak/testsuite/integration-arquillian/tests/base/src/main/java/org/keycloak/testsuite/updaters/Creator.java:[102,20] unchecked conversion
External Infinispan IT (multi-site)	UNKNOWN STEP	2025-10-29T09:34:22.5572990Z --   required: org.keycloak.testsuite.updaters.Creator<org.keycloak.admin.client.resource.ComponentResource>
External Infinispan IT (multi-site)	UNKNOWN STEP	2025-10-29T09:34:22.5574011Z --   found:    org.keycloak.testsuite.updaters.Creator
External Infinispan IT (multi-site)	UNKNOWN STEP	2025-10-29T09:34:22.5576214Z -- [WARNING] /home/runner/work/keycloak/keycloak/testsuite/integration-arquillian/tests/base/src/main/java/org/keycloak/testsuite/updaters/Creator.java:[122,20] unchecked call to Creator(java.lang.String,T,java.lang.Runnable) as a member of the raw type org.keycloak.testsuite.updaters.Creator
External Infinispan IT (multi-site)	UNKNOWN STEP	2025-10-29T09:34:22.5579313Z -- [WARNING] /home/runner/work/keycloak/keycloak/testsuite/integration-arquillian/tests/base/src/main/java/org/keycloak/testsuite/updaters/Creator.java:[122,20] unchecked conversion
External Infinispan IT (multi-site)	UNKNOWN STEP	2025-10-29T09:34:22.5581532Z --   required: org.keycloak.testsuite.updaters.Creator<org.keycloak.admin.client.resource.IdentityProviderResource>
External Infinispan IT (multi-site)	UNKNOWN STEP	2025-10-29T09:34:22.5582827Z --   found:    org.keycloak.testsuite.updaters.Creator
External Infinispan IT (multi-site)	UNKNOWN STEP	2025-10-29T09:34:22.5585035Z -- [WARNING] /home/runner/work/keycloak/keycloak/testsuite/integration-arquillian/tests/base/src/main/java/org/keycloak/testsuite/updaters/Creator.java:[134,20] unchecked call to Creator(java.lang.String,T,java.lang.Runnable) as a member of the raw type org.keycloak.testsuite.updaters.Creator
External Infinispan IT (multi-site)	UNKNOWN STEP	2025-10-29T09:34:22.5588098Z -- [WARNING] /home/runner/work/keycloak/keycloak/testsuite/integration-arquillian/tests/base/src/main/java/org/keycloak/testsuite/updaters/Creator.java:[134,20] unchecked conversion
External Infinispan IT (multi-site)	UNKNOWN STEP	2025-10-29T09:34:22.5590068Z --   required: org.keycloak.testsuite.updaters.Creator<org.keycloak.admin.client.resource.IdentityProviderResource>
External Infinispan IT (multi-site)	UNKNOWN STEP	2025-10-29T09:34:22.5591157Z --   found:    org.keycloak.testsuite.updaters.Creator
External Infinispan IT (multi-site)	UNKNOWN STEP	2025-10-29T09:34:22.5593404Z -- [WARNING] /home/runner/work/keycloak/keycloak/testsuite/integration-arquillian/tests/base/src/main/java/org/keycloak/testsuite/pages/SetupRecoveryAuthnCodesPage.java:[37,49] getAttribute(java.lang.String) in org.openqa.selenium.WebElement has been deprecated
External Infinispan IT (multi-site)	UNKNOWN STEP	2025-10-29T09:34:22.5596981Z -- [WARNING] /home/runner/work/keycloak/keycloak/testsuite/integration-arquillian/tests/base/src/main/java/org/keycloak/testsuite/pages/SetupRecoveryAuthnCodesPage.java:[46,33] getAttribute(java.lang.String) in org.openqa.selenium.WebElement has been deprecated
External Infinispan IT (multi-site)	UNKNOWN STEP	2025-10-29T09:34:22.5600586Z -- [WARNING] /home/runner/work/keycloak/keycloak/testsuite/integration-arquillian/tests/base/src/main/java/org/keycloak/testsuite/arquillian/containers/SecurityActions.java:[54,16] java.security.AccessController in java.security has been deprecated and marked for removal
External Infinispan IT (multi-site)	UNKNOWN STEP	2025-10-29T09:34:22.5611316Z -- [WARNING] /home/runner/work/keycloak/keycloak/testsuite/integration-arquillian/tests/base/src/main/java/org/keycloak/testsuite/arquillian/containers/SecurityActions.java:[148,20] java.security.AccessController in java.security has been deprecated and marked for removal
External Infinispan IT (multi-site)	UNKNOWN STEP	2025-10-29T09:34:22.5615359Z -- [WARNING] /home/runner/work/keycloak/keycloak/testsuite/integration-arquillian/tests/base/src/main/java/org/keycloak/testsuite/arquillian/containers/SecurityActions.java:[182,13] java.security.AccessController in java.security has been deprecated and marked for removal
External Infinispan IT (multi-site)	UNKNOWN STEP	2025-10-29T09:34:22.5619006Z -- [WARNING] /home/runner/work/keycloak/keycloak/testsuite/integration-arquillian/tests/base/src/main/java/org/keycloak/testsuite/arquillian/containers/SecurityActions.java:[221,39] isAccessible() in java.lang.reflect.AccessibleObject has been deprecated
External Infinispan IT (multi-site)	UNKNOWN STEP	2025-10-29T09:34:22.5622774Z -- [WARNING] /home/runner/work/keycloak/keycloak/testsuite/integration-arquillian/tests/base/src/main/java/org/keycloak/testsuite/arquillian/containers/SecurityActions.java:[213,48] java.security.AccessController in java.security has been deprecated and marked for removal
External Infinispan IT (multi-site)	UNKNOWN STEP	2025-10-29T09:34:22.5626713Z -- [WARNING] /home/runner/work/keycloak/keycloak/testsuite/integration-arquillian/tests/base/src/main/java/org/keycloak/testsuite/arquillian/containers/SecurityActions.java:[245,40] isAccessible() in java.lang.reflect.AccessibleObject has been deprecated
External Infinispan IT (multi-site)	UNKNOWN STEP	2025-10-29T09:34:22.5630436Z -- [WARNING] /home/runner/work/keycloak/keycloak/testsuite/integration-arquillian/tests/base/src/main/java/org/keycloak/testsuite/arquillian/containers/SecurityActions.java:[237,50] java.security.AccessController in java.security has been deprecated and marked for removal
External Infinispan IT (multi-site)	UNKNOWN STEP	2025-10-29T09:34:22.5635133Z -- [WARNING] /home/runner/work/keycloak/keycloak/testsuite/integration-arquillian/tests/base/src/main/java/org/keycloak/testsuite/arquillian/containers/SecurityActions.java:[261,28] java.security.AccessController in java.security has been deprecated and marked for removal
External Infinispan IT (multi-site)	UNKNOWN STEP	2025-10-29T09:34:22.5640037Z -- [WARNING] /home/runner/work/keycloak/keycloak/testsuite/integration-arquillian/tests/base/src/main/java/org/keycloak/testsuite/arquillian/containers/Registry.java:[99,21] unchecked call to ContainerImpl(java.lang.String,org.jboss.arquillian.container.spi.client.container.DeployableContainer<T>,org.jboss.arquillian.config.descriptor.api.ContainerDef) as a member of the raw type org.jboss.arquillian.container.impl.ContainerImpl
External Infinispan IT (multi-site)	UNKNOWN STEP	2025-10-29T09:34:22.5646463Z -- [WARNING] /home/runner/work/keycloak/keycloak/testsuite/integration-arquillian/tests/base/src/main/java/org/keycloak/testsuite/arquillian/containers/Registry.java:[114,29] unchecked call to ContainerImpl(java.lang.String,org.jboss.arquillian.container.spi.client.container.DeployableContainer<T>,org.jboss.arquillian.config.descriptor.api.ContainerDef) as a member of the raw type org.jboss.arquillian.container.impl.ContainerImpl
External Infinispan IT (multi-site)	UNKNOWN STEP	2025-10-29T09:34:22.5651066Z -- [WARNING] /home/runner/work/keycloak/keycloak/testsuite/integration-arquillian/tests/base/src/main/java/org/keycloak/testsuite/pages/PasswordPage.java:[49,29] getAttribute(java.lang.String) in org.openqa.selenium.WebElement has been deprecated
External Infinispan IT (multi-site)	UNKNOWN STEP	2025-10-29T09:34:22.5654816Z -- [WARNING] /home/runner/work/keycloak/keycloak/testsuite/integration-arquillian/tests/base/src/main/java/org/keycloak/testsuite/pages/LoginUpdateProfileEditUsernameAllowedPage.java:[34,29] getAttribute(java.lang.String) in org.openqa.selenium.WebElement has been deprecated
External Infinispan IT (multi-site)	UNKNOWN STEP	2025-10-29T09:34:22.5658292Z -- [INFO] /home/runner/work/keycloak/keycloak/testsuite/integration-arquillian/tests/base/src/main/java/org/keycloak/testsuite/drone/KeycloakDronePostSetup.java: Some input files additionally use or override a deprecated API.
External Infinispan IT (multi-site)	UNKNOWN STEP	2025-10-29T09:34:22.5662505Z -- [INFO] /home/runner/work/keycloak/keycloak/testsuite/integration-arquillian/tests/base/src/main/java/org/keycloak/testsuite/util/AdminClientUtil.java: /home/runner/work/keycloak/keycloak/testsuite/integration-arquillian/tests/base/src/main/java/org/keycloak/testsuite/util/AdminClientUtil.java uses or overrides a deprecated API that is marked for removal.
External Infinispan IT (multi-site)	UNKNOWN STEP	2025-10-29T09:34:22.5671390Z -- [INFO] /home/runner/work/keycloak/keycloak/testsuite/integration-arquillian/tests/base/src/main/java/org/keycloak/testsuite/util/matchers/SamlStatusResponseTypeMatcher.java: /home/runner/work/keycloak/keycloak/testsuite/integration-arquillian/tests/base/src/main/java/org/keycloak/testsuite/util/matchers/SamlStatusResponseTypeMatcher.java uses unchecked or unsafe operations.
External Infinispan IT (multi-site)	UNKNOWN STEP	2025-10-29T09:34:22.5674071Z -- [INFO] 
External Infinispan IT (multi-site)	UNKNOWN STEP	2025-10-29T09:34:22.5674706Z -- [INFO] --- resources:3.0.1:copy-resources (example-realms) @ integration-arquillian-tests-base ---
External Infinispan IT (multi-site)	UNKNOWN STEP	2025-10-29T09:34:22.5675496Z -- [INFO] Skipping the execution.
External Infinispan IT (multi-site)	UNKNOWN STEP	2025-10-29T09:34:22.5675936Z -- [INFO] 
External Infinispan IT (multi-site)	UNKNOWN STEP	2025-10-29T09:34:22.5676625Z -- [INFO] --- dependency:3.1.2:unpack (unpack-undertow-server) @ integration-arquillian-tests-base ---
External Infinispan IT (multi-site)	UNKNOWN STEP	2025-10-29T09:34:22.9137779Z -- [INFO] Skipping plugin execution
External Infinispan IT (multi-site)	UNKNOWN STEP	2025-10-29T09:34:22.9165366Z -- [INFO] 
External Infinispan IT (multi-site)	UNKNOWN STEP	2025-10-29T09:34:22.9167474Z -- [INFO] --- dependency:3.1.2:unpack (unpack-quarkus-server) @ integration-arquillian-tests-base ---
External Infinispan IT (multi-site)	UNKNOWN STEP	2025-10-29T09:34:22.9170415Z -- [INFO] Configured Artifact: org.keycloak.testsuite:integration-arquillian-servers-auth-server-quarkus:999.0.0-SNAPSHOT:zip
External Infinispan IT (multi-site)	UNKNOWN STEP	2025-10-29T09:34:22.9297289Z -- [INFO] Unpacking /home/runner/.m2/repository/org/keycloak/testsuite/integration-arquillian-servers-auth-server-quarkus/999.0.0-SNAPSHOT/integration-arquillian-servers-auth-server-quarkus-999.0.0-SNAPSHOT.zip to /home/runner/work/keycloak/keycloak/testsuite/integration-arquillian/tests/base/target/containers with includes "" and excludes ""
External Infinispan IT (multi-site)	UNKNOWN STEP	2025-10-29T09:34:24.3399831Z -- [INFO] 
External Infinispan IT (multi-site)	UNKNOWN STEP	2025-10-29T09:34:24.3402970Z -- [INFO] --- dependency:3.1.2:unpack (unpack-app-server) @ integration-arquillian-tests-base ---
External Infinispan IT (multi-site)	UNKNOWN STEP	2025-10-29T09:34:24.3423267Z -- [INFO] Skipping plugin execution
External Infinispan IT (multi-site)	UNKNOWN STEP	2025-10-29T09:34:24.3423840Z -- [INFO] 
External Infinispan IT (multi-site)	UNKNOWN STEP	2025-10-29T09:34:24.3424638Z -- [INFO] --- dependency:3.1.2:unpack (unpack-client-cli-dist) @ integration-arquillian-tests-base ---
External Infinispan IT (multi-site)	UNKNOWN STEP	2025-10-29T09:34:24.3436578Z -- [INFO] Configured Artifact: org.keycloak:keycloak-client-cli-dist:999.0.0-SNAPSHOT:zip
External Infinispan IT (multi-site)	UNKNOWN STEP	2025-10-29T09:34:24.3518123Z -- [INFO] Unpacking /home/runner/.m2/repository/org/keycloak/keycloak-client-cli-dist/999.0.0-SNAPSHOT/keycloak-client-cli-dist-999.0.0-SNAPSHOT.zip to /home/runner/work/keycloak/keycloak/testsuite/integration-arquillian/tests/base/target/containers with includes "" and excludes ""
External Infinispan IT (multi-site)	UNKNOWN STEP	2025-10-29T09:34:24.4414013Z -- [INFO] 
External Infinispan IT (multi-site)	UNKNOWN STEP	2025-10-29T09:34:24.4415061Z -- [INFO] --- dependency:3.1.2:copy-dependencies (copy-testsuite-providers-to-base-testsuite) @ integration-arquillian-tests-base ---
External Infinispan IT (multi-site)	UNKNOWN STEP	2025-10-29T09:34:24.4498644Z -- [INFO] Copying integration-arquillian-testsuite-providers-999.0.0-SNAPSHOT.jar to /home/runner/work/keycloak/keycloak/testsuite/integration-arquillian/tests/base/target/lib/integration-arquillian-testsuite-providers-999.0.0-SNAPSHOT.jar
External Infinispan IT (multi-site)	UNKNOWN STEP	2025-10-29T09:34:24.5116566Z -- [INFO] 
External Infinispan IT (multi-site)	UNKNOWN STEP	2025-10-29T09:34:24.5117472Z -- [INFO] --- resources:3.0.1:testResources (default-testResources) @ integration-arquillian-tests-base ---
External Infinispan IT (multi-site)	UNKNOWN STEP	2025-10-29T09:34:24.5143294Z -- [INFO] Using 'UTF-8' encoding to copy filtered resources.
External Infinispan IT (multi-site)	UNKNOWN STEP	2025-10-29T09:34:24.5214890Z -- [INFO] Copying 24 resources
External Infinispan IT (multi-site)	UNKNOWN STEP	2025-10-29T09:34:24.8014685Z -- [INFO] Copying 212 resources
External Infinispan IT (multi-site)	UNKNOWN STEP	2025-10-29T09:34:24.8412929Z -- [INFO] 
External Infinispan IT (multi-site)	UNKNOWN STEP	2025-10-29T09:34:24.8416552Z -- [INFO] --- antrun:1.8:run (clean-second-cache-server-arquillian-bug-workaround) @ integration-arquillian-tests-base ---
External Infinispan IT (multi-site)	UNKNOWN STEP	2025-10-29T09:34:24.8637950Z -- [INFO] Skipping Antrun execution
External Infinispan IT (multi-site)	UNKNOWN STEP	2025-10-29T09:34:24.8639309Z -- [INFO] 
External Infinispan IT (multi-site)	UNKNOWN STEP	2025-10-29T09:34:24.8641575Z -- [INFO] --- compiler:3.8.1:testCompile (default-testCompile) @ integration-arquillian-tests-base ---
External Infinispan IT (multi-site)	UNKNOWN STEP	2025-10-29T09:34:24.8986190Z -- [INFO] Changes detected - recompiling the module!
External Infinispan IT (multi-site)	UNKNOWN STEP	2025-10-29T09:34:24.9026948Z -- [INFO] Compiling 775 source files to /home/runner/work/keycloak/keycloak/testsuite/integration-arquillian/tests/base/target/test-classes
External Infinispan IT (multi-site)	UNKNOWN STEP	2025-10-29T09:34:37.9493918Z -- [INFO] Annotation processing is enabled because one or more processors were found
External Infinispan IT (multi-site)	UNKNOWN STEP	2025-10-29T09:34:37.9495335Z --   on the class path. A future release of javac may disable annotation processing
External Infinispan IT (multi-site)	UNKNOWN STEP	2025-10-29T09:34:37.9495916Z --   unless at least one processor is specified by name (-processor), or a search
External Infinispan IT (multi-site)	UNKNOWN STEP	2025-10-29T09:34:37.9496419Z --   path is specified (--processor-path, --processor-module-path), or annotation
External Infinispan IT (multi-site)	UNKNOWN STEP	2025-10-29T09:34:37.9568156Z --   processing is enabled explicitly (-proc:only, -proc:full).
External Infinispan IT (multi-site)	UNKNOWN STEP	2025-10-29T09:34:37.9569304Z --   Use -Xlint:-options to suppress this message.
External Infinispan IT (multi-site)	UNKNOWN STEP	2025-10-29T09:34:37.9570171Z --   Use -proc:none to disable annotation processing.
External Infinispan IT (multi-site)	UNKNOWN STEP	2025-10-29T09:34:37.9571963Z -- [WARNING] unknown enum constant org.infinispan.factories.scopes.Scopes.GLOBAL
External Infinispan IT (multi-site)	UNKNOWN STEP	2025-10-29T09:34:37.9573207Z --   reason: class file for org.infinispan.factories.scopes.Scopes not found
External Infinispan IT (multi-site)	UNKNOWN STEP	2025-10-29T09:34:37.9574356Z -- [WARNING] unknown enum constant org.infinispan.factories.scopes.Scopes.GLOBAL
External Infinispan IT (multi-site)	UNKNOWN STEP	2025-10-29T09:34:37.9575516Z -- [WARNING] unknown enum constant org.infinispan.factories.scopes.Scopes.GLOBAL
External Infinispan IT (multi-site)	UNKNOWN STEP	2025-10-29T09:34:37.9576697Z -- [WARNING] unknown enum constant org.infinispan.factories.scopes.Scopes.GLOBAL
External Infinispan IT (multi-site)	UNKNOWN STEP	2025-10-29T09:34:37.9578754Z --   reason: class file for org.infinispan.factories.scopes.Scopes not found
External Infinispan IT (multi-site)	UNKNOWN STEP	2025-10-29T09:34:37.9579963Z -- [WARNING] unknown enum constant org.infinispan.factories.scopes.Scopes.GLOBAL
External Infinispan IT (multi-site)	UNKNOWN STEP	2025-10-29T09:34:37.9581152Z -- [WARNING] unknown enum constant org.infinispan.factories.scopes.Scopes.GLOBAL
External Infinispan IT (multi-site)	UNKNOWN STEP	2025-10-29T09:34:37.9582510Z -- [WARNING] unknown enum constant org.infinispan.factories.scopes.Scopes.GLOBAL
External Infinispan IT (multi-site)	UNKNOWN STEP	2025-10-29T09:34:37.9583652Z --   reason: class file for org.infinispan.factories.scopes.Scopes not found
External Infinispan IT (multi-site)	UNKNOWN STEP	2025-10-29T09:34:37.9584811Z -- [WARNING] unknown enum constant org.infinispan.factories.scopes.Scopes.GLOBAL
External Infinispan IT (multi-site)	UNKNOWN STEP	2025-10-29T09:34:37.9585956Z -- [WARNING] unknown enum constant org.infinispan.factories.scopes.Scopes.GLOBAL
External Infinispan IT (multi-site)	UNKNOWN STEP	2025-10-29T09:34:37.9588732Z -- [WARNING] /home/runner/work/keycloak/keycloak/testsuite/integration-arquillian/tests/base/src/test/java/org/keycloak/testsuite/broker/BrokerRunOnServerUtil.java:[187,45] removeExpired(org.keycloak.models.RealmModel) in org.keycloak.sessions.AuthenticationSessionProvider has been deprecated
External Infinispan IT (multi-site)	UNKNOWN STEP	2025-10-29T09:34:37.9595044Z -- [WARNING] /home/runner/work/keycloak/keycloak/testsuite/integration-arquillian/tests/base/src/test/java/org/keycloak/testsuite/broker/AbstractBaseBrokerTest.java:[228,14] clientId(java.lang.String) in org.keycloak.testsuite.util.oauth.OAuthClient has been deprecated
External Infinispan IT (multi-site)	UNKNOWN STEP	2025-10-29T09:34:37.9599073Z -- [WARNING] /home/runner/work/keycloak/keycloak/testsuite/integration-arquillian/tests/base/src/test/java/org/keycloak/testsuite/broker/AbstractBaseBrokerTest.java:[229,18] open(java.lang.String) in org.keycloak.testsuite.pages.LoginPage has been deprecated
External Infinispan IT (multi-site)	UNKNOWN STEP	2025-10-29T09:34:37.9603365Z -- [WARNING] /home/runner/work/keycloak/keycloak/testsuite/integration-arquillian/tests/base/src/test/java/org/keycloak/testsuite/broker/AbstractBaseBrokerTest.java:[235,14] clientId(java.lang.String) in org.keycloak.testsuite.util.oauth.OAuthClient has been deprecated
External Infinispan IT (multi-site)	UNKNOWN STEP	2025-10-29T09:34:37.9607999Z -- [WARNING] /home/runner/work/keycloak/keycloak/testsuite/integration-arquillian/tests/base/src/test/java/org/keycloak/testsuite/broker/AbstractBaseBrokerTest.java:[236,18] open(java.lang.String) in org.keycloak.testsuite.pages.LoginPage has been deprecated
External Infinispan IT (multi-site)	UNKNOWN STEP	2025-10-29T09:34:37.9612189Z -- [WARNING] /home/runner/work/keycloak/keycloak/testsuite/integration-arquillian/tests/base/src/test/java/org/keycloak/testsuite/broker/AbstractFirstBrokerLoginTest.java:[88,14] clientId(java.lang.String) in org.keycloak.testsuite.util.oauth.OAuthClient has been deprecated
External Infinispan IT (multi-site)	UNKNOWN STEP	2025-10-29T09:34:37.9616201Z -- [WARNING] /home/runner/work/keycloak/keycloak/testsuite/integration-arquillian/tests/base/src/test/java/org/keycloak/testsuite/broker/AbstractFirstBrokerLoginTest.java:[89,18] open(java.lang.String) in org.keycloak.testsuite.pages.LoginPage has been deprecated
External Infinispan IT (multi-site)	UNKNOWN STEP	2025-10-29T09:34:37.9620134Z -- [WARNING] /home/runner/work/keycloak/keycloak/testsuite/integration-arquillian/tests/base/src/test/java/org/keycloak/testsuite/broker/AbstractFirstBrokerLoginTest.java:[114,14] clientId(java.lang.String) in org.keycloak.testsuite.util.oauth.OAuthClient has been deprecated
External Infinispan IT (multi-site)	UNKNOWN STEP	2025-10-29T09:34:37.9625430Z -- [WARNING] /home/runner/work/keycloak/keycloak/testsuite/integration-arquillian/tests/base/src/test/java/org/keycloak/testsuite/broker/AbstractFirstBrokerLoginTest.java:[115,18] open(java.lang.String) in org.keycloak.testsuite.pages.LoginPage has been deprecated
External Infinispan IT (multi-site)	UNKNOWN STEP	2025-10-29T09:34:37.9629151Z -- [WARNING] /home/runner/work/keycloak/keycloak/testsuite/integration-arquillian/tests/base/src/test/java/org/keycloak/testsuite/broker/AbstractFirstBrokerLoginTest.java:[153,14] clientId(java.lang.String) in org.keycloak.testsuite.util.oauth.OAuthClient has been deprecated
External Infinispan IT (multi-site)	UNKNOWN STEP	2025-10-29T09:34:37.9633120Z -- [WARNING] /home/runner/work/keycloak/keycloak/testsuite/integration-arquillian/tests/base/src/test/java/org/keycloak/testsuite/broker/AbstractFirstBrokerLoginTest.java:[154,18] open(java.lang.String) in org.keycloak.testsuite.pages.LoginPage has been deprecated
External Infinispan IT (multi-site)	UNKNOWN STEP	2025-10-29T09:34:37.9637103Z -- [WARNING] /home/runner/work/keycloak/keycloak/testsuite/integration-arquillian/tests/base/src/test/java/org/keycloak/testsuite/broker/AbstractFirstBrokerLoginTest.java:[193,14] clientId(java.lang.String) in org.keycloak.testsuite.util.oauth.OAuthClient has been deprecated
External Infinispan IT (multi-site)	UNKNOWN STEP	2025-10-29T09:34:37.9640858Z -- [WARNING] /home/runner/work/keycloak/keycloak/testsuite/integration-arquillian/tests/base/src/test/java/org/keycloak/testsuite/broker/AbstractFirstBrokerLoginTest.java:[194,18] open(java.lang.String) in org.keycloak.testsuite.pages.LoginPage has been deprecated
External Infinispan IT (multi-site)	UNKNOWN STEP	2025-10-29T09:34:37.9649607Z -- [WARNING] /home/runner/work/keycloak/keycloak/testsuite/integration-arquillian/tests/base/src/test/java/org/keycloak/testsuite/broker/AbstractFirstBrokerLoginTest.java:[227,18] clientId(java.lang.String) in org.keycloak.testsuite.util.oauth.OAuthClient has been deprecated
External Infinispan IT (multi-site)	UNKNOWN STEP	2025-10-29T09:34:37.9653886Z -- [WARNING] /home/runner/work/keycloak/keycloak/testsuite/integration-arquillian/tests/base/src/test/java/org/keycloak/testsuite/broker/AbstractFirstBrokerLoginTest.java:[228,22] open(java.lang.String) in org.keycloak.testsuite.pages.LoginPage has been deprecated
External Infinispan IT (multi-site)	UNKNOWN STEP	2025-10-29T09:34:37.9657761Z -- [WARNING] /home/runner/work/keycloak/keycloak/testsuite/integration-arquillian/tests/base/src/test/java/org/keycloak/testsuite/broker/AbstractFirstBrokerLoginTest.java:[271,14] clientId(java.lang.String) in org.keycloak.testsuite.util.oauth.OAuthClient has been deprecated
External Infinispan IT (multi-site)	UNKNOWN STEP	2025-10-29T09:34:37.9661526Z -- [WARNING] /home/runner/work/keycloak/keycloak/testsuite/integration-arquillian/tests/base/src/test/java/org/keycloak/testsuite/broker/AbstractFirstBrokerLoginTest.java:[272,18] open(java.lang.String) in org.keycloak.testsuite.pages.LoginPage has been deprecated
External Infinispan IT (multi-site)	UNKNOWN STEP	2025-10-29T09:34:37.9665428Z -- [WARNING] /home/runner/work/keycloak/keycloak/testsuite/integration-arquillian/tests/base/src/test/java/org/keycloak/testsuite/broker/AbstractFirstBrokerLoginTest.java:[309,14] clientId(java.lang.String) in org.keycloak.testsuite.util.oauth.OAuthClient has been deprecated
External Infinispan IT (multi-site)	UNKNOWN STEP	2025-10-29T09:34:37.9669173Z -- [WARNING] /home/runner/work/keycloak/keycloak/testsuite/integration-arquillian/tests/base/src/test/java/org/keycloak/testsuite/broker/AbstractFirstBrokerLoginTest.java:[310,18] open(java.lang.String) in org.keycloak.testsuite.pages.LoginPage has been deprecated
External Infinispan IT (multi-site)	UNKNOWN STEP	2025-10-29T09:34:37.9673093Z -- [WARNING] /home/runner/work/keycloak/keycloak/testsuite/integration-arquillian/tests/base/src/test/java/org/keycloak/testsuite/broker/AbstractFirstBrokerLoginTest.java:[349,14] clientId(java.lang.String) in org.keycloak.testsuite.util.oauth.OAuthClient has been deprecated
External Infinispan IT (multi-site)	UNKNOWN STEP	2025-10-29T09:34:37.9676846Z -- [WARNING] /home/runner/work/keycloak/keycloak/testsuite/integration-arquillian/tests/base/src/test/java/org/keycloak/testsuite/broker/AbstractFirstBrokerLoginTest.java:[350,18] open(java.lang.String) in org.keycloak.testsuite.pages.LoginPage has been deprecated
External Infinispan IT (multi-site)	UNKNOWN STEP	2025-10-29T09:34:37.9680987Z -- [WARNING] /home/runner/work/keycloak/keycloak/testsuite/integration-arquillian/tests/base/src/test/java/org/keycloak/testsuite/broker/AbstractFirstBrokerLoginTest.java:[429,14] clientId(java.lang.String) in org.keycloak.testsuite.util.oauth.OAuthClient has been deprecated
External Infinispan IT (multi-site)	UNKNOWN STEP	2025-10-29T09:34:37.9684742Z -- [WARNING] /home/runner/work/keycloak/keycloak/testsuite/integration-arquillian/tests/base/src/test/java/org/keycloak/testsuite/broker/AbstractFirstBrokerLoginTest.java:[430,18] open(java.lang.String) in org.keycloak.testsuite.pages.LoginPage has been deprecated
External Infinispan IT (multi-site)	UNKNOWN STEP	2025-10-29T09:34:37.9688497Z -- [WARNING] /home/runner/work/keycloak/keycloak/testsuite/integration-arquillian/tests/base/src/test/java/org/keycloak/testsuite/broker/AbstractFirstBrokerLoginTest.java:[481,14] clientId(java.lang.String) in org.keycloak.testsuite.util.oauth.OAuthClient has been deprecated
External Infinispan IT (multi-site)	UNKNOWN STEP	2025-10-29T09:34:37.9692325Z -- [WARNING] /home/runner/work/keycloak/keycloak/testsuite/integration-arquillian/tests/base/src/test/java/org/keycloak/testsuite/broker/AbstractFirstBrokerLoginTest.java:[482,18] open(java.lang.String) in org.keycloak.testsuite.pages.LoginPage has been deprecated
External Infinispan IT (multi-site)	UNKNOWN STEP	2025-10-29T09:34:37.9696291Z -- [WARNING] /home/runner/work/keycloak/keycloak/testsuite/integration-arquillian/tests/base/src/test/java/org/keycloak/testsuite/broker/AbstractFirstBrokerLoginTest.java:[545,14] clientId(java.lang.String) in org.keycloak.testsuite.util.oauth.OAuthClient has been deprecated
External Infinispan IT (multi-site)	UNKNOWN STEP	2025-10-29T09:34:37.9700149Z -- [WARNING] /home/runner/work/keycloak/keycloak/testsuite/integration-arquillian/tests/base/src/test/java/org/keycloak/testsuite/broker/AbstractFirstBrokerLoginTest.java:[546,18] open(java.lang.String) in org.keycloak.testsuite.pages.LoginPage has been deprecated
External Infinispan IT (multi-site)	UNKNOWN STEP	2025-10-29T09:34:37.9707978Z -- [WARNING] /home/runner/work/keycloak/keycloak/testsuite/integration-arquillian/tests/base/src/test/java/org/keycloak/testsuite/broker/AbstractFirstBrokerLoginTest.java:[606,14] clientId(java.lang.String) in org.keycloak.testsuite.util.oauth.OAuthClient has been deprecated
External Infinispan IT (multi-site)	UNKNOWN STEP	2025-10-29T09:34:37.9713307Z -- [WARNING] /home/runner/work/keycloak/keycloak/testsuite/integration-arquillian/tests/base/src/test/java/org/keycloak/testsuite/broker/AbstractFirstBrokerLoginTest.java:[607,18] open(java.lang.String) in org.keycloak.testsuite.pages.LoginPage has been deprecated
External Infinispan IT (multi-site)	UNKNOWN STEP	2025-10-29T09:34:37.9720906Z -- [WARNING] /home/runner/work/keycloak/keycloak/testsuite/integration-arquillian/tests/base/src/test/java/org/keycloak/testsuite/broker/AbstractFirstBrokerLoginTest.java:[625,14] clientId(java.lang.String) in org.keycloak.testsuite.util.oauth.OAuthClient has been deprecated
External Infinispan IT (multi-site)	UNKNOWN STEP	2025-10-29T09:34:37.9728563Z -- [WARNING] /home/runner/work/keycloak/keycloak/testsuite/integration-arquillian/tests/base/src/test/java/org/keycloak/testsuite/broker/AbstractFirstBrokerLoginTest.java:[626,18] open(java.lang.String) in org.keycloak.testsuite.pages.LoginPage has been deprecated
External Infinispan IT (multi-site)	UNKNOWN STEP	2025-10-29T09:34:37.9734544Z -- [WARNING] /home/runner/work/keycloak/keycloak/testsuite/integration-arquillian/tests/base/src/test/java/org/keycloak/testsuite/broker/AbstractFirstBrokerLoginTest.java:[649,14] clientId(java.lang.String) in org.keycloak.testsuite.util.oauth.OAuthClient has been deprecated
External Infinispan IT (multi-site)	UNKNOWN STEP	2025-10-29T09:34:37.9738929Z -- [WARNING] /home/runner/work/keycloak/keycloak/testsuite/integration-arquillian/tests/base/src/test/java/org/keycloak/testsuite/broker/AbstractFirstBrokerLoginTest.java:[650,18] open(java.lang.String) in org.keycloak.testsuite.pages.LoginPage has been deprecated
External Infinispan IT (multi-site)	UNKNOWN STEP	2025-10-29T09:34:37.9743451Z -- [WARNING] /home/runner/work/keycloak/keycloak/testsuite/integration-arquillian/tests/base/src/test/java/org/keycloak/testsuite/broker/AbstractFirstBrokerLoginTest.java:[681,14] clientId(java.lang.String) in org.keycloak.testsuite.util.oauth.OAuthClient has been deprecated
External Infinispan IT (multi-site)	UNKNOWN STEP	2025-10-29T09:34:37.9747640Z -- [WARNING] /home/runner/work/keycloak/keycloak/testsuite/integration-arquillian/tests/base/src/test/java/org/keycloak/testsuite/broker/AbstractFirstBrokerLoginTest.java:[682,18] open(java.lang.String) in org.keycloak.testsuite.pages.LoginPage has been deprecated
External Infinispan IT (multi-site)	UNKNOWN STEP	2025-10-29T09:34:37.9765405Z -- [WARNING] /home/runner/work/keycloak/keycloak/testsuite/integration-arquillian/tests/base/src/test/java/org/keycloak/testsuite/broker/AbstractFirstBrokerLoginTest.java:[740,14] clientId(java.lang.String) in org.keycloak.testsuite.util.oauth.OAuthClient has been deprecated
External Infinispan IT (multi-site)	UNKNOWN STEP	2025-10-29T09:34:37.9770325Z -- [WARNING] /home/runner/work/keycloak/keycloak/testsuite/integration-arquillian/tests/base/src/test/java/org/keycloak/testsuite/broker/AbstractFirstBrokerLoginTest.java:[741,18] open(java.lang.String) in org.keycloak.testsuite.pages.LoginPage has been deprecated
External Infinispan IT (multi-site)	UNKNOWN STEP	2025-10-29T09:34:37.9775323Z -- [WARNING] /home/runner/work/keycloak/keycloak/testsuite/integration-arquillian/tests/base/src/test/java/org/keycloak/testsuite/broker/AbstractFirstBrokerLoginTest.java:[766,14] clientId(java.lang.String) in org.keycloak.testsuite.util.oauth.OAuthClient has been deprecated
External Infinispan IT (multi-site)	UNKNOWN STEP	2025-10-29T09:34:37.9782556Z -- [WARNING] /home/runner/work/keycloak/keycloak/testsuite/integration-arquillian/tests/base/src/test/java/org/keycloak/testsuite/broker/AbstractFirstBrokerLoginTest.java:[767,18] open(java.lang.String) in org.keycloak.testsuite.pages.LoginPage has been deprecated
External Infinispan IT (multi-site)	UNKNOWN STEP	2025-10-29T09:34:37.9787061Z -- [WARNING] /home/runner/work/keycloak/keycloak/testsuite/integration-arquillian/tests/base/src/test/java/org/keycloak/testsuite/broker/AbstractFirstBrokerLoginTest.java:[799,14] clientId(java.lang.String) in org.keycloak.testsuite.util.oauth.OAuthClient has been deprecated
External Infinispan IT (multi-site)	UNKNOWN STEP	2025-10-29T09:34:37.9814997Z -- [WARNING] /home/runner/work/keycloak/keycloak/testsuite/integration-arquillian/tests/base/src/test/java/org/keycloak/testsuite/broker/AbstractFirstBrokerLoginTest.java:[800,18] open(java.lang.String) in org.keycloak.testsuite.pages.LoginPage has been deprecated
External Infinispan IT (multi-site)	UNKNOWN STEP	2025-10-29T09:34:37.9818538Z -- [WARNING] /home/runner/work/keycloak/keycloak/testsuite/integration-arquillian/tests/base/src/test/java/org/keycloak/testsuite/broker/AbstractFirstBrokerLoginTest.java:[845,18] open(java.lang.String) in org.keycloak.testsuite.pages.LoginPage has been deprecated
External Infinispan IT (multi-site)	UNKNOWN STEP	2025-10-29T09:34:37.9822607Z -- [WARNING] /home/runner/work/keycloak/keycloak/testsuite/integration-arquillian/tests/base/src/test/java/org/keycloak/testsuite/broker/AbstractFirstBrokerLoginTest.java:[889,18] open(java.lang.String) in org.keycloak.testsuite.pages.LoginPage has been deprecated
External Infinispan IT (multi-site)	UNKNOWN STEP	2025-10-29T09:34:37.9826051Z -- [WARNING] /home/runner/work/keycloak/keycloak/testsuite/integration-arquillian/tests/base/src/test/java/org/keycloak/testsuite/broker/AbstractFirstBrokerLoginTest.java:[929,14] clientId(java.lang.String) in org.keycloak.testsuite.util.oauth.OAuthClient has been deprecated
External Infinispan IT (multi-site)	UNKNOWN STEP	2025-10-29T09:34:37.9829624Z -- [WARNING] /home/runner/work/keycloak/keycloak/testsuite/integration-arquillian/tests/base/src/test/java/org/keycloak/testsuite/broker/AbstractFirstBrokerLoginTest.java:[930,18] open(java.lang.String) in org.keycloak.testsuite.pages.LoginPage has been deprecated
External Infinispan IT (multi-site)	UNKNOWN STEP	2025-10-29T09:34:37.9833577Z -- [WARNING] /home/runner/work/keycloak/keycloak/testsuite/integration-arquillian/tests/base/src/test/java/org/keycloak/testsuite/broker/AbstractFirstBrokerLoginTest.java:[962,14] clientId(java.lang.String) in org.keycloak.testsuite.util.oauth.OAuthClient has been deprecated
External Infinispan IT (multi-site)	UNKNOWN STEP	2025-10-29T09:34:37.9837334Z -- [WARNING] /home/runner/work/keycloak/keycloak/testsuite/integration-arquillian/tests/base/src/test/java/org/keycloak/testsuite/broker/AbstractFirstBrokerLoginTest.java:[963,18] open(java.lang.String) in org.keycloak.testsuite.pages.LoginPage has been deprecated
External Infinispan IT (multi-site)	UNKNOWN STEP	2025-10-29T09:34:37.9841171Z -- [WARNING] /home/runner/work/keycloak/keycloak/testsuite/integration-arquillian/tests/base/src/test/java/org/keycloak/testsuite/broker/AbstractFirstBrokerLoginTest.java:[997,14] clientId(java.lang.String) in org.keycloak.testsuite.util.oauth.OAuthClient has been deprecated
External Infinispan IT (multi-site)	UNKNOWN STEP	2025-10-29T09:34:37.9845183Z -- [WARNING] /home/runner/work/keycloak/keycloak/testsuite/integration-arquillian/tests/base/src/test/java/org/keycloak/testsuite/broker/AbstractFirstBrokerLoginTest.java:[998,18] open(java.lang.String) in org.keycloak.testsuite.pages.LoginPage has been deprecated
External Infinispan IT (multi-site)	UNKNOWN STEP	2025-10-29T09:34:37.9848993Z -- [WARNING] /home/runner/work/keycloak/keycloak/testsuite/integration-arquillian/tests/base/src/test/java/org/keycloak/testsuite/broker/AbstractFirstBrokerLoginTest.java:[1033,14] clientId(java.lang.String) in org.keycloak.testsuite.util.oauth.OAuthClient has been deprecated
External Infinispan IT (multi-site)	UNKNOWN STEP	2025-10-29T09:34:37.9853081Z -- [WARNING] /home/runner/work/keycloak/keycloak/testsuite/integration-arquillian/tests/base/src/test/java/org/keycloak/testsuite/broker/AbstractFirstBrokerLoginTest.java:[1034,18] open(java.lang.String) in org.keycloak.testsuite.pages.LoginPage has been deprecated
External Infinispan IT (multi-site)	UNKNOWN STEP	2025-10-29T09:34:37.9856903Z -- [WARNING] /home/runner/work/keycloak/keycloak/testsuite/integration-arquillian/tests/base/src/test/java/org/keycloak/testsuite/broker/AbstractFirstBrokerLoginTest.java:[1070,14] clientId(java.lang.String) in org.keycloak.testsuite.util.oauth.OAuthClient has been deprecated
External Infinispan IT (multi-site)	UNKNOWN STEP	2025-10-29T09:34:37.9861017Z -- [WARNING] /home/runner/work/keycloak/keycloak/testsuite/integration-arquillian/tests/base/src/test/java/org/keycloak/testsuite/broker/AbstractFirstBrokerLoginTest.java:[1071,18] open(java.lang.String) in org.keycloak.testsuite.pages.LoginPage has been deprecated
External Infinispan IT (multi-site)	UNKNOWN STEP	2025-10-29T09:34:37.9866746Z -- [WARNING] /home/runner/work/keycloak/keycloak/testsuite/integration-arquillian/tests/base/src/test/java/org/keycloak/testsuite/broker/AbstractFirstBrokerLoginTest.java:[1115,14] clientId(java.lang.String) in org.keycloak.testsuite.util.oauth.OAuthClient has been deprecated
External Infinispan IT (multi-site)	UNKNOWN STEP	2025-10-29T09:34:37.9870512Z -- [WARNING] /home/runner/work/keycloak/keycloak/testsuite/integration-arquillian/tests/base/src/test/java/org/keycloak/testsuite/broker/AbstractFirstBrokerLoginTest.java:[1116,18] open(java.lang.String) in org.keycloak.testsuite.pages.LoginPage has been deprecated
External Infinispan IT (multi-site)	UNKNOWN STEP	2025-10-29T09:34:37.9874486Z -- [WARNING] /home/runner/work/keycloak/keycloak/testsuite/integration-arquillian/tests/base/src/test/java/org/keycloak/testsuite/broker/AbstractFirstBrokerLoginTest.java:[1165,14] clientId(java.lang.String) in org.keycloak.testsuite.util.oauth.OAuthClient has been deprecated
External Infinispan IT (multi-site)	UNKNOWN STEP	2025-10-29T09:34:37.9878494Z -- [WARNING] /home/runner/work/keycloak/keycloak/testsuite/integration-arquillian/tests/base/src/test/java/org/keycloak/testsuite/broker/AbstractFirstBrokerLoginTest.java:[1166,18] open(java.lang.String) in org.keycloak.testsuite.pages.LoginPage has been deprecated
External Infinispan IT (multi-site)	UNKNOWN STEP	2025-10-29T09:34:37.9892576Z -- [WARNING] /home/runner/work/keycloak/keycloak/testsuite/integration-arquillian/tests/base/src/test/java/org/keycloak/testsuite/broker/AbstractFirstBrokerLoginTest.java:[1204,14] clientId(java.lang.String) in org.keycloak.testsuite.util.oauth.OAuthClient has been deprecated
External Infinispan IT (multi-site)	UNKNOWN STEP	2025-10-29T09:34:37.9896440Z -- [WARNING] /home/runner/work/keycloak/keycloak/testsuite/integration-arquillian/tests/base/src/test/java/org/keycloak/testsuite/broker/AbstractFirstBrokerLoginTest.java:[1205,18] open(java.lang.String) in org.keycloak.testsuite.pages.LoginPage has been deprecated
External Infinispan IT (multi-site)	UNKNOWN STEP	2025-10-29T09:34:37.9900248Z -- [WARNING] /home/runner/work/keycloak/keycloak/testsuite/integration-arquillian/tests/base/src/test/java/org/keycloak/testsuite/broker/AbstractFirstBrokerLoginTest.java:[1264,34] getAttribute(java.lang.String) in org.openqa.selenium.WebElement has been deprecated
External Infinispan IT (multi-site)	UNKNOWN STEP	2025-10-29T09:34:37.9904234Z -- [WARNING] /home/runner/work/keycloak/keycloak/testsuite/integration-arquillian/tests/base/src/test/java/org/keycloak/testsuite/broker/AbstractFirstBrokerLoginTest.java:[1280,14] clientId(java.lang.String) in org.keycloak.testsuite.util.oauth.OAuthClient has been deprecated
External Infinispan IT (multi-site)	UNKNOWN STEP	2025-10-29T09:34:37.9908143Z -- [WARNING] /home/runner/work/keycloak/keycloak/testsuite/integration-arquillian/tests/base/src/test/java/org/keycloak/testsuite/broker/AbstractFirstBrokerLoginTest.java:[1281,18] open(java.lang.String) in org.keycloak.testsuite.pages.LoginPage has been deprecated
External Infinispan IT (multi-site)	UNKNOWN STEP	2025-10-29T09:34:37.9912191Z -- [WARNING] /home/runner/work/keycloak/keycloak/testsuite/integration-arquillian/tests/base/src/test/java/org/keycloak/testsuite/broker/AbstractFirstBrokerLoginTest.java:[1334,14] clientId(java.lang.String) in org.keycloak.testsuite.util.oauth.OAuthClient has been deprecated
External Infinispan IT (multi-site)	UNKNOWN STEP	2025-10-29T09:34:37.9916059Z -- [WARNING] /home/runner/work/keycloak/keycloak/testsuite/integration-arquillian/tests/base/src/test/java/org/keycloak/testsuite/broker/AbstractFirstBrokerLoginTest.java:[1335,18] open(java.lang.String) in org.keycloak.testsuite.pages.LoginPage has been deprecated
External Infinispan IT (multi-site)	UNKNOWN STEP	2025-10-29T09:34:37.9919850Z -- [WARNING] /home/runner/work/keycloak/keycloak/testsuite/integration-arquillian/tests/base/src/test/java/org/keycloak/testsuite/broker/AbstractFirstBrokerLoginTest.java:[1409,14] clientId(java.lang.String) in org.keycloak.testsuite.util.oauth.OAuthClient has been deprecated
External Infinispan IT (multi-site)	UNKNOWN STEP	2025-10-29T09:34:37.9923856Z -- [WARNING] /home/runner/work/keycloak/keycloak/testsuite/integration-arquillian/tests/base/src/test/java/org/keycloak/testsuite/broker/AbstractFirstBrokerLoginTest.java:[1410,18] open(java.lang.String) in org.keycloak.testsuite.pages.LoginPage has been deprecated
External Infinispan IT (multi-site)	UNKNOWN STEP	2025-10-29T09:34:37.9927918Z -- [WARNING] /home/runner/work/keycloak/keycloak/testsuite/integration-arquillian/tests/base/src/test/java/org/keycloak/testsuite/broker/AbstractFirstBrokerLoginTest.java:[1435,14] clientId(java.lang.String) in org.keycloak.testsuite.util.oauth.OAuthClient has been deprecated
External Infinispan IT (multi-site)	UNKNOWN STEP	2025-10-29T09:34:37.9931768Z -- [WARNING] /home/runner/work/keycloak/keycloak/testsuite/integration-arquillian/tests/base/src/test/java/org/keycloak/testsuite/broker/AbstractFirstBrokerLoginTest.java:[1436,18] open(java.lang.String) in org.keycloak.testsuite.pages.LoginPage has been deprecated
External Infinispan IT (multi-site)	UNKNOWN STEP	2025-10-29T09:34:37.9935596Z -- [WARNING] /home/runner/work/keycloak/keycloak/testsuite/integration-arquillian/tests/base/src/test/java/org/keycloak/testsuite/broker/AbstractFirstBrokerLoginTest.java:[1461,14] clientId(java.lang.String) in org.keycloak.testsuite.util.oauth.OAuthClient has been deprecated
External Infinispan IT (multi-site)	UNKNOWN STEP	2025-10-29T09:34:37.9939413Z -- [WARNING] /home/runner/work/keycloak/keycloak/testsuite/integration-arquillian/tests/base/src/test/java/org/keycloak/testsuite/broker/AbstractFirstBrokerLoginTest.java:[1462,18] open(java.lang.String) in org.keycloak.testsuite.pages.LoginPage has been deprecated
External Infinispan IT (multi-site)	UNKNOWN STEP	2025-10-29T09:34:37.9943599Z -- [WARNING] /home/runner/work/keycloak/keycloak/testsuite/integration-arquillian/tests/base/src/test/java/org/keycloak/testsuite/broker/AbstractFirstBrokerLoginTest.java:[1491,14] clientId(java.lang.String) in org.keycloak.testsuite.util.oauth.OAuthClient has been deprecated
External Infinispan IT (multi-site)	UNKNOWN STEP	2025-10-29T09:34:37.9947360Z -- [WARNING] /home/runner/work/keycloak/keycloak/testsuite/integration-arquillian/tests/base/src/test/java/org/keycloak/testsuite/broker/AbstractFirstBrokerLoginTest.java:[1492,18] open(java.lang.String) in org.keycloak.testsuite.pages.LoginPage has been deprecated
External Infinispan IT (multi-site)	UNKNOWN STEP	2025-10-29T09:34:37.9951208Z -- [WARNING] /home/runner/work/keycloak/keycloak/testsuite/integration-arquillian/tests/base/src/test/java/org/keycloak/testsuite/broker/AbstractFirstBrokerLoginTest.java:[1517,14] clientId(java.lang.String) in org.keycloak.testsuite.util.oauth.OAuthClient has been deprecated
External Infinispan IT (multi-site)	UNKNOWN STEP	2025-10-29T09:34:37.9955237Z -- [WARNING] /home/runner/work/keycloak/keycloak/testsuite/integration-arquillian/tests/base/src/test/java/org/keycloak/testsuite/broker/AbstractFirstBrokerLoginTest.java:[1518,18] open(java.lang.String) in org.keycloak.testsuite.pages.LoginPage has been deprecated
External Infinispan IT (multi-site)	UNKNOWN STEP	2025-10-29T09:34:37.9959063Z -- [WARNING] /home/runner/work/keycloak/keycloak/testsuite/integration-arquillian/tests/base/src/test/java/org/keycloak/testsuite/broker/AbstractFirstBrokerLoginTest.java:[1538,14] clientId(java.lang.String) in org.keycloak.testsuite.util.oauth.OAuthClient has been deprecated
External Infinispan IT (multi-site)	UNKNOWN STEP	2025-10-29T09:34:37.9963058Z -- [WARNING] /home/runner/work/keycloak/keycloak/testsuite/integration-arquillian/tests/base/src/test/java/org/keycloak/testsuite/broker/AbstractFirstBrokerLoginTest.java:[1539,18] open(java.lang.String) in org.keycloak.testsuite.pages.LoginPage has been deprecated
External Infinispan IT (multi-site)	UNKNOWN STEP	2025-10-29T09:34:37.9966849Z -- [WARNING] /home/runner/work/keycloak/keycloak/testsuite/integration-arquillian/tests/base/src/test/java/org/keycloak/testsuite/broker/KcOidcFirstBrokerLoginTest.java:[107,14] clientId(java.lang.String) in org.keycloak.testsuite.util.oauth.OAuthClient has been deprecated
External Infinispan IT (multi-site)	UNKNOWN STEP	2025-10-29T09:34:37.9970577Z -- [WARNING] /home/runner/work/keycloak/keycloak/testsuite/integration-arquillian/tests/base/src/test/java/org/keycloak/testsuite/broker/KcOidcFirstBrokerLoginTest.java:[108,18] open(java.lang.String) in org.keycloak.testsuite.pages.LoginPage has been deprecated
External Infinispan IT (multi-site)	UNKNOWN STEP	2025-10-29T09:34:37.9974423Z -- [WARNING] /home/runner/work/keycloak/keycloak/testsuite/integration-arquillian/tests/base/src/test/java/org/keycloak/testsuite/broker/KcOidcFirstBrokerLoginTest.java:[130,18] open(java.lang.String) in org.keycloak.testsuite.pages.LoginPage has been deprecated
External Infinispan IT (multi-site)	UNKNOWN STEP	2025-10-29T09:34:37.9978425Z -- [WARNING] /home/runner/work/keycloak/keycloak/testsuite/integration-arquillian/tests/base/src/test/java/org/keycloak/testsuite/broker/KcOidcFirstBrokerLoginTest.java:[257,14] clientId(java.lang.String) in org.keycloak.testsuite.util.oauth.OAuthClient has been deprecated
External Infinispan IT (multi-site)	UNKNOWN STEP	2025-10-29T09:34:37.9982375Z -- [WARNING] /home/runner/work/keycloak/keycloak/testsuite/integration-arquillian/tests/base/src/test/java/org/keycloak/testsuite/broker/KcOidcFirstBrokerLoginTest.java:[258,18] open(java.lang.String) in org.keycloak.testsuite.pages.LoginPage has been deprecated
External Infinispan IT (multi-site)	UNKNOWN STEP	2025-10-29T09:34:37.9986011Z -- [WARNING] /home/runner/work/keycloak/keycloak/testsuite/integration-arquillian/tests/base/src/test/java/org/keycloak/testsuite/broker/KcOidcFirstBrokerLoginTest.java:[285,18] clientId(java.lang.String) in org.keycloak.testsuite.util.oauth.OAuthClient has been deprecated
External Infinispan IT (multi-site)	UNKNOWN STEP	2025-10-29T09:34:37.9989701Z -- [WARNING] /home/runner/work/keycloak/keycloak/testsuite/integration-arquillian/tests/base/src/test/java/org/keycloak/testsuite/broker/KcOidcFirstBrokerLoginTest.java:[286,22] open(java.lang.String) in org.keycloak.testsuite.pages.LoginPage has been deprecated
External Infinispan IT (multi-site)	UNKNOWN STEP	2025-10-29T09:34:37.9993946Z -- [WARNING] /home/runner/work/keycloak/keycloak/testsuite/integration-arquillian/tests/base/src/test/java/org/keycloak/testsuite/broker/KcOidcFirstBrokerLoginTest.java:[293,18] clientId(java.lang.String) in org.keycloak.testsuite.util.oauth.OAuthClient has been deprecated
External Infinispan IT (multi-site)	UNKNOWN STEP	2025-10-29T09:34:37.9997571Z -- [WARNING] /home/runner/work/keycloak/keycloak/testsuite/integration-arquillian/tests/base/src/test/java/org/keycloak/testsuite/broker/KcOidcFirstBrokerLoginTest.java:[294,22] open(java.lang.String) in org.keycloak.testsuite.pages.LoginPage has been deprecated
External Infinispan IT (multi-site)	UNKNOWN STEP	2025-10-29T09:34:38.0001102Z -- [WARNING] /home/runner/work/keycloak/keycloak/testsuite/integration-arquillian/tests/base/src/test/java/org/keycloak/testsuite/broker/KcOidcFirstBrokerLoginTest.java:[342,18] clientId(java.lang.String) in org.keycloak.testsuite.util.oauth.OAuthClient has been deprecated
External Infinispan IT (multi-site)	UNKNOWN STEP	2025-10-29T09:34:38.0004959Z -- [WARNING] /home/runner/work/keycloak/keycloak/testsuite/integration-arquillian/tests/base/src/test/java/org/keycloak/testsuite/broker/KcOidcFirstBrokerLoginTest.java:[343,22] open(java.lang.String) in org.keycloak.testsuite.pages.LoginPage has been deprecated
External Infinispan IT (multi-site)	UNKNOWN STEP	2025-10-29T09:34:38.0008634Z -- [WARNING] /home/runner/work/keycloak/keycloak/testsuite/integration-arquillian/tests/base/src/test/java/org/keycloak/testsuite/broker/KcOidcFirstBrokerLoginTest.java:[350,18] clientId(java.lang.String) in org.keycloak.testsuite.util.oauth.OAuthClient has been deprecated
External Infinispan IT (multi-site)	UNKNOWN STEP	2025-10-29T09:34:38.0012538Z -- [WARNING] /home/runner/work/keycloak/keycloak/testsuite/integration-arquillian/tests/base/src/test/java/org/keycloak/testsuite/broker/KcOidcFirstBrokerLoginTest.java:[351,22] open(java.lang.String) in org.keycloak.testsuite.pages.LoginPage has been deprecated
External Infinispan IT (multi-site)	UNKNOWN STEP	2025-10-29T09:34:38.0016141Z -- [WARNING] /home/runner/work/keycloak/keycloak/testsuite/integration-arquillian/tests/base/src/test/java/org/keycloak/testsuite/broker/KcOidcFirstBrokerLoginTest.java:[399,18] clientId(java.lang.String) in org.keycloak.testsuite.util.oauth.OAuthClient has been deprecated
External Infinispan IT (multi-site)	UNKNOWN STEP	2025-10-29T09:34:38.0019903Z -- [WARNING] /home/runner/work/keycloak/keycloak/testsuite/integration-arquillian/tests/base/src/test/java/org/keycloak/testsuite/broker/KcOidcFirstBrokerLoginTest.java:[400,22] open(java.lang.String) in org.keycloak.testsuite.pages.LoginPage has been deprecated
External Infinispan IT (multi-site)	UNKNOWN STEP	2025-10-29T09:34:38.0023438Z -- [INFO] /home/runner/work/keycloak/keycloak/testsuite/integration-arquillian/tests/base/src/test/java/org/keycloak/testsuite/broker/KcOidcFirstBrokerLoginTest.java: Some input files additionally use or override a deprecated API.
External Infinispan IT (multi-site)	UNKNOWN STEP	2025-10-29T09:34:38.0026700Z -- [INFO] /home/runner/work/keycloak/keycloak/testsuite/integration-arquillian/tests/base/src/test/java/org/keycloak/testsuite/saml/SamlRelayStateTest.java: Some input files additionally use or override a deprecated API that is marked for removal.
External Infinispan IT (multi-site)	UNKNOWN STEP	2025-10-29T09:34:38.0030234Z -- [INFO] /home/runner/work/keycloak/keycloak/testsuite/integration-arquillian/tests/base/src/test/java/org/keycloak/testsuite/util/AssertAdminEvents.java: Some input files additionally use unchecked or unsafe operations.
External Infinispan IT (multi-site)	UNKNOWN STEP	2025-10-29T09:34:38.0032156Z -- [INFO] 
External Infinispan IT (multi-site)	UNKNOWN STEP	2025-10-29T09:34:38.0032985Z -- [INFO] --- shrinkwrap-resolver:3.2.1:propagate-execution-context (default) @ integration-arquillian-tests-base ---
External Infinispan IT (multi-site)	UNKNOWN STEP	2025-10-29T09:34:38.0913096Z -- [INFO] 
External Infinispan IT (multi-site)	UNKNOWN STEP	2025-10-29T09:34:38.0915648Z -- [INFO] --- docker:0.40.3:start (start-db-container) @ integration-arquillian-tests-base ---
External Infinispan IT (multi-site)	UNKNOWN STEP	2025-10-29T09:34:38.4257175Z -- [INFO] 
External Infinispan IT (multi-site)	UNKNOWN STEP	2025-10-29T09:34:38.4267240Z -- [INFO] --- docker:0.40.3:start (start-ispn-container) @ integration-arquillian-tests-base ---
External Infinispan IT (multi-site)	UNKNOWN STEP	2025-10-29T09:34:49.4313497Z -- [ERROR] DOCKER> Error occurred during container startup, shutting down...
External Infinispan IT (multi-site)	UNKNOWN STEP	2025-10-29T09:34:49.4315408Z -- [ERROR] DOCKER> I/O Error [Unable to pull 'quay.io/infinispan/server:15.0.19.Final' from registry 'quay.io' : {"message":"Head \"https://quay.io/v2/infinispan/server/manifests/15.0.19.Final\": received unexpected HTTP status: 504 Gateway Time-out"} (Internal Server Error: 500)]
External Infinispan IT (multi-site)	UNKNOWN STEP	2025-10-29T09:34:49.4325253Z -- [INFO] ------------------------------------------------------------------------
External Infinispan IT (multi-site)	UNKNOWN STEP	2025-10-29T09:34:49.4325881Z -- [INFO] BUILD FAILURE
External Infinispan IT (multi-site)	UNKNOWN STEP	2025-10-29T09:34:49.4326390Z -- [INFO] ------------------------------------------------------------------------
External Infinispan IT (multi-site)	UNKNOWN STEP	2025-10-29T09:34:49.4326949Z -- [INFO] Total time:  51.329 s
External Infinispan IT (multi-site)	UNKNOWN STEP	2025-10-29T09:34:49.4330708Z -- [INFO] Finished at: 2025-10-29T09:34:49Z
External Infinispan IT (multi-site)	UNKNOWN STEP	2025-10-29T09:34:49.4331324Z -- [INFO] ------------------------------------------------------------------------
External Infinispan IT (multi-site)	UNKNOWN STEP	2025-10-29T09:34:49.4345785Z -- [ERROR] Failed to execute goal io.fabric8:docker-maven-plugin:0.40.3:start (start-ispn-container) on project integration-arquillian-tests-base: I/O Error: Unable to pull 'quay.io/infinispan/server:15.0.19.Final' from registry 'quay.io' : {"message":"Head \"https://quay.io/v2/infinispan/server/manifests/15.0.19.Final\": received unexpected HTTP status: 504 Gateway Time-out"} (Internal Server Error: 500) -> [Help 1]
External Infinispan IT (multi-site)	UNKNOWN STEP	2025-10-29T09:34:49.4349753Z -- [ERROR] 
External Infinispan IT (multi-site)	UNKNOWN STEP	2025-10-29T09:34:49.4350564Z -- [ERROR] To see the full stack trace of the errors, re-run Maven with the -e switch.
External Infinispan IT (multi-site)	UNKNOWN STEP	2025-10-29T09:34:49.4351673Z -- [ERROR] Re-run Maven using the -X switch to enable full debug logging.
External Infinispan IT (multi-site)	UNKNOWN STEP	2025-10-29T09:34:49.4354461Z -- [ERROR] 
External Infinispan IT (multi-site)	UNKNOWN STEP	2025-10-29T09:34:49.4355222Z -- [ERROR] For more information about the errors and possible solutions, please read the following articles:
External Infinispan IT (multi-site)	UNKNOWN STEP	2025-10-29T09:34:49.4356368Z -- [ERROR] [Help 1] http://cwiki.apache.org/confluence/display/MAVEN/MojoExecutionException
External Infinispan IT (multi-site)	UNKNOWN STEP	2025-10-29T09:34:49.4736210Z ##[error]Process completed with exit code 1.
External Infinispan IT (multi-site)	UNKNOWN STEP	2025-10-29T09:34:49.4808813Z Post job cleanup.
External Infinispan IT (multi-site)	UNKNOWN STEP	2025-10-29T09:34:49.4853260Z Post job cleanup.
External Infinispan IT (multi-site)	UNKNOWN STEP	2025-10-29T09:34:49.6611634Z Post job cleanup.
External Infinispan IT (multi-site)	UNKNOWN STEP	2025-10-29T09:34:49.7444819Z [command]/usr/bin/git version
External Infinispan IT (multi-site)	UNKNOWN STEP	2025-10-29T09:34:49.7481704Z git version 2.51.0
External Infinispan IT (multi-site)	UNKNOWN STEP	2025-10-29T09:34:49.7520399Z Temporarily overriding HOME='/home/runner/work/_temp/9f41c61d-ed0a-440e-a238-cb023b405e77' before making global git config changes
External Infinispan IT (multi-site)	UNKNOWN STEP	2025-10-29T09:34:49.7522043Z Adding repository directory to the temporary git global config as a safe directory
External Infinispan IT (multi-site)	UNKNOWN STEP	2025-10-29T09:34:49.7526473Z [command]/usr/bin/git config --global --add safe.directory /home/runner/work/keycloak/keycloak
External Infinispan IT (multi-site)	UNKNOWN STEP	2025-10-29T09:34:49.7563605Z [command]/usr/bin/git config --local --name-only --get-regexp core\.sshCommand
External Infinispan IT (multi-site)	UNKNOWN STEP	2025-10-29T09:34:49.7598117Z [command]/usr/bin/git submodule foreach --recursive sh -c "git config --local --name-only --get-regexp 'core\.sshCommand' && git config --local --unset-all 'core.sshCommand' || :"
External Infinispan IT (multi-site)	UNKNOWN STEP	2025-10-29T09:34:49.7852435Z [command]/usr/bin/git config --local --name-only --get-regexp http\.https\:\/\/github\.com\/\.extraheader
External Infinispan IT (multi-site)	UNKNOWN STEP	2025-10-29T09:34:49.7875461Z http.https://github.com/.extraheader
External Infinispan IT (multi-site)	UNKNOWN STEP	2025-10-29T09:34:49.7885180Z [command]/usr/bin/git config --local --unset-all http.https://github.com/.extraheader
External Infinispan IT (multi-site)	UNKNOWN STEP	2025-10-29T09:34:49.7916698Z [command]/usr/bin/git submodule foreach --recursive sh -c "git config --local --name-only --get-regexp 'http\.https\:\/\/github\.com\/\.extraheader' && git config --local --unset-all 'http.https://github.com/.extraheader' || :"
External Infinispan IT (multi-site)	UNKNOWN STEP	2025-10-29T09:34:49.8278477Z Cleaning up orphan processes
Status Check - Keycloak CI	UNKNOWN STEP	ï»¿2025-10-29T10:43:28.2456891Z Current runner version: '2.328.0'
Status Check - Keycloak CI	UNKNOWN STEP	2025-10-29T10:43:28.2479546Z ##[group]Runner Image Provisioner
Status Check - Keycloak CI	UNKNOWN STEP	2025-10-29T10:43:28.2480442Z Hosted Compute Agent
Status Check - Keycloak CI	UNKNOWN STEP	2025-10-29T10:43:28.2481011Z Version: 20250912.392
Status Check - Keycloak CI	UNKNOWN STEP	2025-10-29T10:43:28.2481634Z Commit: d921fda672a98b64f4f82364647e2f10b2267d0b
Status Check - Keycloak CI	UNKNOWN STEP	2025-10-29T10:43:28.2482285Z Build Date: 2025-09-12T15:23:14Z
Status Check - Keycloak CI	UNKNOWN STEP	2025-10-29T10:43:28.2482989Z ##[endgroup]
Status Check - Keycloak CI	UNKNOWN STEP	2025-10-29T10:43:28.2483543Z ##[group]Operating System
Status Check - Keycloak CI	UNKNOWN STEP	2025-10-29T10:43:28.2484109Z Ubuntu
Status Check - Keycloak CI	UNKNOWN STEP	2025-10-29T10:43:28.2484642Z 24.04.3
Status Check - Keycloak CI	UNKNOWN STEP	2025-10-29T10:43:28.2485133Z LTS
Status Check - Keycloak CI	UNKNOWN STEP	2025-10-29T10:43:28.2485573Z ##[endgroup]
Status Check - Keycloak CI	UNKNOWN STEP	2025-10-29T10:43:28.2486138Z ##[group]Runner Image
Status Check - Keycloak CI	UNKNOWN STEP	2025-10-29T10:43:28.2486722Z Image: ubuntu-24.04
Status Check - Keycloak CI	UNKNOWN STEP	2025-10-29T10:43:28.2487203Z Version: 20250929.60.1
Status Check - Keycloak CI	UNKNOWN STEP	2025-10-29T10:43:28.2488438Z Included Software: https://github.com/actions/runner-images/blob/ubuntu24/20250929.60/images/ubuntu/Ubuntu2404-Readme.md
Status Check - Keycloak CI	UNKNOWN STEP	2025-10-29T10:43:28.2490005Z Image Release: https://github.com/actions/runner-images/releases/tag/ubuntu24%2F20250929.60
Status Check - Keycloak CI	UNKNOWN STEP	2025-10-29T10:43:28.2491073Z ##[endgroup]
Status Check - Keycloak CI	UNKNOWN STEP	2025-10-29T10:43:28.2492104Z ##[group]GITHUB_TOKEN Permissions
Status Check - Keycloak CI	UNKNOWN STEP	2025-10-29T10:43:28.2494062Z Contents: read
Status Check - Keycloak CI	UNKNOWN STEP	2025-10-29T10:43:28.2494656Z Metadata: read
Status Check - Keycloak CI	UNKNOWN STEP	2025-10-29T10:43:28.2495138Z ##[endgroup]
Status Check - Keycloak CI	UNKNOWN STEP	2025-10-29T10:43:28.2497157Z Secret source: None
Status Check - Keycloak CI	UNKNOWN STEP	2025-10-29T10:43:28.2497883Z Prepare workflow directory
Status Check - Keycloak CI	UNKNOWN STEP	2025-10-29T10:43:28.2894689Z Prepare all required actions
Status Check - Keycloak CI	UNKNOWN STEP	2025-10-29T10:43:28.2951884Z Getting action download info
Status Check - Keycloak CI	UNKNOWN STEP	2025-10-29T10:43:28.7410222Z Download action repository 'actions/checkout@08c6903cd8c0fde910a37f88322edcfb5dd907a8' (SHA:08c6903cd8c0fde910a37f88322edcfb5dd907a8)
Status Check - Keycloak CI	UNKNOWN STEP	2025-10-29T10:43:28.9365129Z Complete job name: Status Check - Keycloak CI
Status Check - Keycloak CI	UNKNOWN STEP	2025-10-29T10:43:29.0023341Z ##[group]Run actions/checkout@08c6903cd8c0fde910a37f88322edcfb5dd907a8
Status Check - Keycloak CI	UNKNOWN STEP	2025-10-29T10:43:29.0024374Z with:
Status Check - Keycloak CI	UNKNOWN STEP	2025-10-29T10:43:29.0024780Z   repository: keycloak/keycloak
Status Check - Keycloak CI	UNKNOWN STEP	2025-10-29T10:43:29.0025412Z   token: ***
Status Check - Keycloak CI	UNKNOWN STEP	2025-10-29T10:43:29.0025801Z   ssh-strict: true
Status Check - Keycloak CI	UNKNOWN STEP	2025-10-29T10:43:29.0026196Z   ssh-user: git
Status Check - Keycloak CI	UNKNOWN STEP	2025-10-29T10:43:29.0026629Z   persist-credentials: true
Status Check - Keycloak CI	UNKNOWN STEP	2025-10-29T10:43:29.0027079Z   clean: true
Status Check - Keycloak CI	UNKNOWN STEP	2025-10-29T10:43:29.0027487Z   sparse-checkout-cone-mode: true
Status Check - Keycloak CI	UNKNOWN STEP	2025-10-29T10:43:29.0027984Z   fetch-depth: 1
Status Check - Keycloak CI	UNKNOWN STEP	2025-10-29T10:43:29.0028555Z   fetch-tags: false
Status Check - Keycloak CI	UNKNOWN STEP	2025-10-29T10:43:29.0028978Z   show-progress: true
Status Check - Keycloak CI	UNKNOWN STEP	2025-10-29T10:43:29.0029386Z   lfs: false
Status Check - Keycloak CI	UNKNOWN STEP	2025-10-29T10:43:29.0029762Z   submodules: false
Status Check - Keycloak CI	UNKNOWN STEP	2025-10-29T10:43:29.0030176Z   set-safe-directory: true
Status Check - Keycloak CI	UNKNOWN STEP	2025-10-29T10:43:29.0030849Z env:
Status Check - Keycloak CI	UNKNOWN STEP	2025-10-29T10:43:29.0031397Z   MAVEN_ARGS: -B -nsu -Daether.connector.http.connectionMaxTtl=25
Status Check - Keycloak CI	UNKNOWN STEP	2025-10-29T10:43:29.0032074Z   SUREFIRE_RERUN_FAILING_COUNT: 2
Status Check - Keycloak CI	UNKNOWN STEP	2025-10-29T10:43:29.0032680Z   SUREFIRE_RETRY: -Dsurefire.rerunFailingTestsCount=2
Status Check - Keycloak CI	UNKNOWN STEP	2025-10-29T10:43:29.0033252Z ##[endgroup]
Status Check - Keycloak CI	UNKNOWN STEP	2025-10-29T10:43:29.0936667Z Syncing repository: keycloak/keycloak
Status Check - Keycloak CI	UNKNOWN STEP	2025-10-29T10:43:29.0939146Z ##[group]Getting Git version info
Status Check - Keycloak CI	UNKNOWN STEP	2025-10-29T10:43:29.0939906Z Working directory is '/home/runner/work/keycloak/keycloak'
Status Check - Keycloak CI	UNKNOWN STEP	2025-10-29T10:43:29.0940969Z [command]/usr/bin/git version
Status Check - Keycloak CI	UNKNOWN STEP	2025-10-29T10:43:29.0983698Z git version 2.51.0
Status Check - Keycloak CI	UNKNOWN STEP	2025-10-29T10:43:29.1004681Z ##[endgroup]
Status Check - Keycloak CI	UNKNOWN STEP	2025-10-29T10:43:29.1018598Z Temporarily overriding HOME='/home/runner/work/_temp/ad0b3661-957d-4b0a-a43f-6e6e6cf4af99' before making global git config changes
Status Check - Keycloak CI	UNKNOWN STEP	2025-10-29T10:43:29.1020338Z Adding repository directory to the temporary git global config as a safe directory
Status Check - Keycloak CI	UNKNOWN STEP	2025-10-29T10:43:29.1022837Z [command]/usr/bin/git config --global --add safe.directory /home/runner/work/keycloak/keycloak
Status Check - Keycloak CI	UNKNOWN STEP	2025-10-29T10:43:29.1069533Z Deleting the contents of '/home/runner/work/keycloak/keycloak'
Status Check - Keycloak CI	UNKNOWN STEP	2025-10-29T10:43:29.1073371Z ##[group]Initializing the repository
Status Check - Keycloak CI	UNKNOWN STEP	2025-10-29T10:43:29.1077996Z [command]/usr/bin/git init /home/runner/work/keycloak/keycloak
Status Check - Keycloak CI	UNKNOWN STEP	2025-10-29T10:43:29.1168987Z hint: Using 'master' as the name for the initial branch. This default branch name
Status Check - Keycloak CI	UNKNOWN STEP	2025-10-29T10:43:29.1170348Z hint: is subject to change. To configure the initial branch name to use in all
Status Check - Keycloak CI	UNKNOWN STEP	2025-10-29T10:43:29.1171470Z hint: of your new repositories, which will suppress this warning, call:
Status Check - Keycloak CI	UNKNOWN STEP	2025-10-29T10:43:29.1173041Z hint:
Status Check - Keycloak CI	UNKNOWN STEP	2025-10-29T10:43:29.1173820Z hint: 	git config --global init.defaultBranch <name>
Status Check - Keycloak CI	UNKNOWN STEP	2025-10-29T10:43:29.1174854Z hint:
Status Check - Keycloak CI	UNKNOWN STEP	2025-10-29T10:43:29.1175848Z hint: Names commonly chosen instead of 'master' are 'main', 'trunk' and
Status Check - Keycloak CI	UNKNOWN STEP	2025-10-29T10:43:29.1177459Z hint: 'development'. The just-created branch can be renamed via this command:
Status Check - Keycloak CI	UNKNOWN STEP	2025-10-29T10:43:29.1178997Z hint:
Status Check - Keycloak CI	UNKNOWN STEP	2025-10-29T10:43:29.1179674Z hint: 	git branch -m <name>
Status Check - Keycloak CI	UNKNOWN STEP	2025-10-29T10:43:29.1180413Z hint:
Status Check - Keycloak CI	UNKNOWN STEP	2025-10-29T10:43:29.1181390Z hint: Disable this message with "git config set advice.defaultBranchName false"
Status Check - Keycloak CI	UNKNOWN STEP	2025-10-29T10:43:29.1183150Z Initialized empty Git repository in /home/runner/work/keycloak/keycloak/.git/
Status Check - Keycloak CI	UNKNOWN STEP	2025-10-29T10:43:29.1185867Z [command]/usr/bin/git remote add origin https://github.com/keycloak/keycloak
Status Check - Keycloak CI	UNKNOWN STEP	2025-10-29T10:43:29.1219938Z ##[endgroup]
Status Check - Keycloak CI	UNKNOWN STEP	2025-10-29T10:43:29.1221101Z ##[group]Disabling automatic garbage collection
Status Check - Keycloak CI	UNKNOWN STEP	2025-10-29T10:43:29.1224283Z [command]/usr/bin/git config --local gc.auto 0
Status Check - Keycloak CI	UNKNOWN STEP	2025-10-29T10:43:29.1251389Z ##[endgroup]
Status Check - Keycloak CI	UNKNOWN STEP	2025-10-29T10:43:29.1252551Z ##[group]Setting up auth
Status Check - Keycloak CI	UNKNOWN STEP	2025-10-29T10:43:29.1258649Z [command]/usr/bin/git config --local --name-only --get-regexp core\.sshCommand
Status Check - Keycloak CI	UNKNOWN STEP	2025-10-29T10:43:29.1289314Z [command]/usr/bin/git submodule foreach --recursive sh -c "git config --local --name-only --get-regexp 'core\.sshCommand' && git config --local --unset-all 'core.sshCommand' || :"
Status Check - Keycloak CI	UNKNOWN STEP	2025-10-29T10:43:29.1588421Z [command]/usr/bin/git config --local --name-only --get-regexp http\.https\:\/\/github\.com\/\.extraheader
Status Check - Keycloak CI	UNKNOWN STEP	2025-10-29T10:43:29.1617486Z [command]/usr/bin/git submodule foreach --recursive sh -c "git config --local --name-only --get-regexp 'http\.https\:\/\/github\.com\/\.extraheader' && git config --local --unset-all 'http.https://github.com/.extraheader' || :"
Status Check - Keycloak CI	UNKNOWN STEP	2025-10-29T10:43:29.1832551Z [command]/usr/bin/git config --local http.https://github.com/.extraheader AUTHORIZATION: basic ***
Status Check - Keycloak CI	UNKNOWN STEP	2025-10-29T10:43:29.1865923Z ##[endgroup]
Status Check - Keycloak CI	UNKNOWN STEP	2025-10-29T10:43:29.1866700Z ##[group]Fetching the repository
Status Check - Keycloak CI	UNKNOWN STEP	2025-10-29T10:43:29.1874978Z [command]/usr/bin/git -c protocol.version=2 fetch --no-tags --prune --no-recurse-submodules --depth=1 origin +02a862ee76245a86ce7bb79bc0b0f77a4b3bb2af:refs/remotes/pull/42777/merge
Status Check - Keycloak CI	UNKNOWN STEP	2025-10-29T10:43:31.1892046Z From https://github.com/keycloak/keycloak
Status Check - Keycloak CI	UNKNOWN STEP	2025-10-29T10:43:31.1893452Z  * [new ref]         02a862ee76245a86ce7bb79bc0b0f77a4b3bb2af -> pull/42777/merge
Status Check - Keycloak CI	UNKNOWN STEP	2025-10-29T10:43:31.1921743Z ##[endgroup]
Status Check - Keycloak CI	UNKNOWN STEP	2025-10-29T10:43:31.1922957Z ##[group]Determining the checkout info
Status Check - Keycloak CI	UNKNOWN STEP	2025-10-29T10:43:31.1924449Z ##[endgroup]
Status Check - Keycloak CI	UNKNOWN STEP	2025-10-29T10:43:31.1930242Z [command]/usr/bin/git sparse-checkout disable
Status Check - Keycloak CI	UNKNOWN STEP	2025-10-29T10:43:31.1969011Z [command]/usr/bin/git config --local --unset-all extensions.worktreeConfig
Status Check - Keycloak CI	UNKNOWN STEP	2025-10-29T10:43:31.1995051Z ##[group]Checking out the ref
Status Check - Keycloak CI	UNKNOWN STEP	2025-10-29T10:43:31.1998605Z [command]/usr/bin/git checkout --progress --force refs/remotes/pull/42777/merge
Status Check - Keycloak CI	UNKNOWN STEP	2025-10-29T10:43:32.0108891Z Note: switching to 'refs/remotes/pull/42777/merge'.
Status Check - Keycloak CI	UNKNOWN STEP	2025-10-29T10:43:32.0109498Z 
Status Check - Keycloak CI	UNKNOWN STEP	2025-10-29T10:43:32.0109871Z You are in 'detached HEAD' state. You can look around, make experimental
Status Check - Keycloak CI	UNKNOWN STEP	2025-10-29T10:43:32.0110704Z changes and commit them, and you can discard any commits you make in this
Status Check - Keycloak CI	UNKNOWN STEP	2025-10-29T10:43:32.0111494Z state without impacting any branches by switching back to a branch.
Status Check - Keycloak CI	UNKNOWN STEP	2025-10-29T10:43:32.0111992Z 
Status Check - Keycloak CI	UNKNOWN STEP	2025-10-29T10:43:32.0112326Z If you want to create a new branch to retain commits you create, you may
Status Check - Keycloak CI	UNKNOWN STEP	2025-10-29T10:43:32.0113054Z do so (now or later) by using -c with the switch command. Example:
Status Check - Keycloak CI	UNKNOWN STEP	2025-10-29T10:43:32.0113471Z 
Status Check - Keycloak CI	UNKNOWN STEP	2025-10-29T10:43:32.0113665Z   git switch -c <new-branch-name>
Status Check - Keycloak CI	UNKNOWN STEP	2025-10-29T10:43:32.0113967Z 
Status Check - Keycloak CI	UNKNOWN STEP	2025-10-29T10:43:32.0114199Z Or undo this operation with:
Status Check - Keycloak CI	UNKNOWN STEP	2025-10-29T10:43:32.0114529Z 
Status Check - Keycloak CI	UNKNOWN STEP	2025-10-29T10:43:32.0114687Z   git switch -
Status Check - Keycloak CI	UNKNOWN STEP	2025-10-29T10:43:32.0114941Z 
Status Check - Keycloak CI	UNKNOWN STEP	2025-10-29T10:43:32.0115449Z Turn off this advice by setting config variable advice.detachedHead to false
Status Check - Keycloak CI	UNKNOWN STEP	2025-10-29T10:43:32.0115975Z 
Status Check - Keycloak CI	UNKNOWN STEP	2025-10-29T10:43:32.0116574Z HEAD is now at 02a862e Merge 204faaf065d61a5bfdd31a9021404195f1a59a79 into 759e062131a007fc5e75b00bb3c8e35cd52297d9
Status Check - Keycloak CI	UNKNOWN STEP	2025-10-29T10:43:32.0142783Z ##[endgroup]
Status Check - Keycloak CI	UNKNOWN STEP	2025-10-29T10:43:32.0183098Z [command]/usr/bin/git log -1 --format=%H
Status Check - Keycloak CI	UNKNOWN STEP	2025-10-29T10:43:32.0205505Z 02a862ee76245a86ce7bb79bc0b0f77a4b3bb2af
Status Check - Keycloak CI	UNKNOWN STEP	2025-10-29T10:43:32.0475482Z Prepare all required actions
Status Check - Keycloak CI	UNKNOWN STEP	2025-10-29T10:43:32.0549547Z ##[group]Run ./.github/actions/status-check
Status Check - Keycloak CI	UNKNOWN STEP	2025-10-29T10:43:32.0549899Z with:
Status Check - Keycloak CI	UNKNOWN STEP	2025-10-29T10:43:32.0554380Z   jobs: {
Status Check - Keycloak CI	UNKNOWN STEP	  "conditional": {
Status Check - Keycloak CI	UNKNOWN STEP	    "result": "success",
Status Check - Keycloak CI	UNKNOWN STEP	    "outputs": {
Status Check - Keycloak CI	UNKNOWN STEP	      "ci-additional-dbs": "false",
Status Check - Keycloak CI	UNKNOWN STEP	      "ci": "true",
Status Check - Keycloak CI	UNKNOWN STEP	      "ci-quarkus": "false",
Status Check - Keycloak CI	UNKNOWN STEP	      "ci-store": "true",
Status Check - Keycloak CI	UNKNOWN STEP	      "ci-sssd": "false",
Status Check - Keycloak CI	UNKNOWN STEP	      "ci-webauthn": "true",
Status Check - Keycloak CI	UNKNOWN STEP	      "ci-aurora": "false",
Status Check - Keycloak CI	UNKNOWN STEP	      "ci-compatibility-matrix": "skip"
Status Check - Keycloak CI	UNKNOWN STEP	    }
Status Check - Keycloak CI	UNKNOWN STEP	  },
Status Check - Keycloak CI	UNKNOWN STEP	  "build": {
Status Check - Keycloak CI	UNKNOWN STEP	    "result": "success",
Status Check - Keycloak CI	UNKNOWN STEP	    "outputs": {}
Status Check - Keycloak CI	UNKNOWN STEP	  },
Status Check - Keycloak CI	UNKNOWN STEP	  "unit-tests": {
Status Check - Keycloak CI	UNKNOWN STEP	    "result": "success",
Status Check - Keycloak CI	UNKNOWN STEP	    "outputs": {}
Status Check - Keycloak CI	UNKNOWN STEP	  },
Status Check - Keycloak CI	UNKNOWN STEP	  "base-integration-tests": {
Status Check - Keycloak CI	UNKNOWN STEP	    "result": "success",
Status Check - Keycloak CI	UNKNOWN STEP	    "outputs": {}
Status Check - Keycloak CI	UNKNOWN STEP	  },
Status Check - Keycloak CI	UNKNOWN STEP	  "adapter-integration-tests": {
Status Check - Keycloak CI	UNKNOWN STEP	    "result": "success",
Status Check - Keycloak CI	UNKNOWN STEP	    "outputs": {}
Status Check - Keycloak CI	UNKNOWN STEP	  },
Status Check - Keycloak CI	UNKNOWN STEP	  "adapter-integration-tests-strict-cookies": {
Status Check - Keycloak CI	UNKNOWN STEP	    "result": "success",
Status Check - Keycloak CI	UNKNOWN STEP	    "outputs": {}
Status Check - Keycloak CI	UNKNOWN STEP	  },
Status Check - Keycloak CI	UNKNOWN STEP	  "quarkus-unit-tests": {
Status Check - Keycloak CI	UNKNOWN STEP	    "result": "skipped",
Status Check - Keycloak CI	UNKNOWN STEP	    "outputs": {}
Status Check - Keycloak CI	UNKNOWN STEP	  },
Status Check - Keycloak CI	UNKNOWN STEP	  "quarkus-integration-tests": {
Status Check - Keycloak CI	UNKNOWN STEP	    "result": "success",
Status Check - Keycloak CI	UNKNOWN STEP	    "outputs": {}
Status Check - Keycloak CI	UNKNOWN STEP	  },
Status Check - Keycloak CI	UNKNOWN STEP	  "jdk-integration-tests": {
Status Check - Keycloak CI	UNKNOWN STEP	    "result": "success",
Status Check - Keycloak CI	UNKNOWN STEP	    "outputs": {}
Status Check - Keycloak CI	UNKNOWN STEP	  },
Status Check - Keycloak CI	UNKNOWN STEP	  "store-integration-tests": {
Status Check - Keycloak CI	UNKNOWN STEP	    "result": "success",
Status Check - Keycloak CI	UNKNOWN STEP	    "outputs": {}
Status Check - Keycloak CI	UNKNOWN STEP	  },
Status Check - Keycloak CI	UNKNOWN STEP	  "volatile-sessions-tests": {
Status Check - Keycloak CI	UNKNOWN STEP	    "result": "success",
Status Check - Keycloak CI	UNKNOWN STEP	    "outputs": {}
Status Check - Keycloak CI	UNKNOWN STEP	  },
Status Check - Keycloak CI	UNKNOWN STEP	  "store-model-tests": {
Status Check - Keycloak CI	UNKNOWN STEP	    "result": "success",
Status Check - Keycloak CI	UNKNOWN STEP	    "outputs": {}
Status Check - Keycloak CI	UNKNOWN STEP	  },
Status Check - Keycloak CI	UNKNOWN STEP	  "clustering-integration-tests": {
Status Check - Keycloak CI	UNKNOWN STEP	    "result": "success",
Status Check - Keycloak CI	UNKNOWN STEP	    "outputs": {}
Status Check - Keycloak CI	UNKNOWN STEP	  },
Status Check - Keycloak CI	UNKNOWN STEP	  "fips-unit-tests": {
Status Check - Keycloak CI	UNKNOWN STEP	    "result": "success",
Status Check - Keycloak CI	UNKNOWN STEP	    "outputs": {}
Status Check - Keycloak CI	UNKNOWN STEP	  },
Status Check - Keycloak CI	UNKNOWN STEP	  "fips-integration-tests": {
Status Check - Keycloak CI	UNKNOWN STEP	    "result": "success",
Status Check - Keycloak CI	UNKNOWN STEP	    "outputs": {}
Status Check - Keycloak CI	UNKNOWN STEP	  },
Status Check - Keycloak CI	UNKNOWN STEP	  "forms-integration-tests": {
Status Check - Keycloak CI	UNKNOWN STEP	    "result": "success",
Status Check - Keycloak CI	UNKNOWN STEP	    "outputs": {}
Status Check - Keycloak CI	UNKNOWN STEP	  },
Status Check - Keycloak CI	UNKNOWN STEP	  "webauthn-integration-tests": {
Status Check - Keycloak CI	UNKNOWN STEP	    "result": "success",
Status Check - Keycloak CI	UNKNOWN STEP	    "outputs": {}
Status Check - Keycloak CI	UNKNOWN STEP	  },
Status Check - Keycloak CI	UNKNOWN STEP	  "sssd-unit-tests": {
Status Check - Keycloak CI	UNKNOWN STEP	    "result": "skipped",
Status Check - Keycloak CI	UNKNOWN STEP	    "outputs": {}
Status Check - Keycloak CI	UNKNOWN STEP	  },
Status Check - Keycloak CI	UNKNOWN STEP	  "migration-tests": {
Status Check - Keycloak CI	UNKNOWN STEP	    "result": "success",
Status Check - Keycloak CI	UNKNOWN STEP	    "outputs": {}
Status Check - Keycloak CI	UNKNOWN STEP	  },
Status Check - Keycloak CI	UNKNOWN STEP	  "external-infinispan-tests": {
Status Check - Keycloak CI	UNKNOWN STEP	    "result": "failure",
Status Check - Keycloak CI	UNKNOWN STEP	    "outputs": {}
Status Check - Keycloak CI	UNKNOWN STEP	  },
Status Check - Keycloak CI	UNKNOWN STEP	  "test-framework": {
Status Check - Keycloak CI	UNKNOWN STEP	    "result": "success",
Status Check - Keycloak CI	UNKNOWN STEP	    "outputs": {}
Status Check - Keycloak CI	UNKNOWN STEP	  },
Status Check - Keycloak CI	UNKNOWN STEP	  "base-new-integration-tests": {
Status Check - Keycloak CI	UNKNOWN STEP	    "result": "success",
Status Check - Keycloak CI	UNKNOWN STEP	    "outputs": {}
Status Check - Keycloak CI	UNKNOWN STEP	  },
Status Check - Keycloak CI	UNKNOWN STEP	  "mixed-cluster-compatibility-tests": {
Status Check - Keycloak CI	UNKNOWN STEP	    "result": "skipped",
Status Check - Keycloak CI	UNKNOWN STEP	    "outputs": {}
Status Check - Keycloak CI	UNKNOWN STEP	  }
Status Check - Keycloak CI	UNKNOWN STEP	}
Status Check - Keycloak CI	UNKNOWN STEP	2025-10-29T10:43:32.0559175Z env:
Status Check - Keycloak CI	UNKNOWN STEP	2025-10-29T10:43:32.0559499Z   MAVEN_ARGS: -B -nsu -Daether.connector.http.connectionMaxTtl=25
Status Check - Keycloak CI	UNKNOWN STEP	2025-10-29T10:43:32.0559887Z   SUREFIRE_RERUN_FAILING_COUNT: 2
Status Check - Keycloak CI	UNKNOWN STEP	2025-10-29T10:43:32.0560234Z   SUREFIRE_RETRY: -Dsurefire.rerunFailingTestsCount=2
Status Check - Keycloak CI	UNKNOWN STEP	2025-10-29T10:43:32.0560561Z ##[endgroup]
Status Check - Keycloak CI	UNKNOWN STEP	2025-10-29T10:43:32.0661900Z ##[group]Run JOBS='{
Status Check - Keycloak CI	UNKNOWN STEP	2025-10-29T10:43:32.0662297Z [36;1mJOBS='{[0m
Status Check - Keycloak CI	UNKNOWN STEP	2025-10-29T10:43:32.0662536Z [36;1m  "conditional": {[0m
Status Check - Keycloak CI	UNKNOWN STEP	2025-10-29T10:43:32.0662802Z [36;1m    "result": "success",[0m
Status Check - Keycloak CI	UNKNOWN STEP	2025-10-29T10:43:32.0663077Z [36;1m    "outputs": {[0m
Status Check - Keycloak CI	UNKNOWN STEP	2025-10-29T10:43:32.0663381Z [36;1m      "ci-additional-dbs": "false",[0m
Status Check - Keycloak CI	UNKNOWN STEP	2025-10-29T10:43:32.0663681Z [36;1m      "ci": "true",[0m
Status Check - Keycloak CI	UNKNOWN STEP	2025-10-29T10:43:32.0663949Z [36;1m      "ci-quarkus": "false",[0m
Status Check - Keycloak CI	UNKNOWN STEP	2025-10-29T10:43:32.0664241Z [36;1m      "ci-store": "true",[0m
Status Check - Keycloak CI	UNKNOWN STEP	2025-10-29T10:43:32.0664523Z [36;1m      "ci-sssd": "false",[0m
Status Check - Keycloak CI	UNKNOWN STEP	2025-10-29T10:43:32.0664805Z [36;1m      "ci-webauthn": "true",[0m
Status Check - Keycloak CI	UNKNOWN STEP	2025-10-29T10:43:32.0665112Z [36;1m      "ci-aurora": "false",[0m
Status Check - Keycloak CI	UNKNOWN STEP	2025-10-29T10:43:32.0665425Z [36;1m      "ci-compatibility-matrix": "skip"[0m
Status Check - Keycloak CI	UNKNOWN STEP	2025-10-29T10:43:32.0665718Z [36;1m    }[0m
Status Check - Keycloak CI	UNKNOWN STEP	2025-10-29T10:43:32.0665929Z [36;1m  },[0m
Status Check - Keycloak CI	UNKNOWN STEP	2025-10-29T10:43:32.0666132Z [36;1m  "build": {[0m
Status Check - Keycloak CI	UNKNOWN STEP	2025-10-29T10:43:32.0666369Z [36;1m    "result": "success",[0m
Status Check - Keycloak CI	UNKNOWN STEP	2025-10-29T10:43:32.0666629Z [36;1m    "outputs": {}[0m
Status Check - Keycloak CI	UNKNOWN STEP	2025-10-29T10:43:32.0666865Z [36;1m  },[0m
Status Check - Keycloak CI	UNKNOWN STEP	2025-10-29T10:43:32.0667072Z [36;1m  "unit-tests": {[0m
Status Check - Keycloak CI	UNKNOWN STEP	2025-10-29T10:43:32.0667316Z [36;1m    "result": "success",[0m
Status Check - Keycloak CI	UNKNOWN STEP	2025-10-29T10:43:32.0667571Z [36;1m    "outputs": {}[0m
Status Check - Keycloak CI	UNKNOWN STEP	2025-10-29T10:43:32.0667991Z [36;1m  },[0m
Status Check - Keycloak CI	UNKNOWN STEP	2025-10-29T10:43:32.0668365Z [36;1m  "base-integration-tests": {[0m
Status Check - Keycloak CI	UNKNOWN STEP	2025-10-29T10:43:32.0668657Z [36;1m    "result": "success",[0m
Status Check - Keycloak CI	UNKNOWN STEP	2025-10-29T10:43:32.0668924Z [36;1m    "outputs": {}[0m
Status Check - Keycloak CI	UNKNOWN STEP	2025-10-29T10:43:32.0669322Z [36;1m  },[0m
Status Check - Keycloak CI	UNKNOWN STEP	2025-10-29T10:43:32.0669570Z [36;1m  "adapter-integration-tests": {[0m
Status Check - Keycloak CI	UNKNOWN STEP	2025-10-29T10:43:32.0669865Z [36;1m    "result": "success",[0m
Status Check - Keycloak CI	UNKNOWN STEP	2025-10-29T10:43:32.0670126Z [36;1m    "outputs": {}[0m
Status Check - Keycloak CI	UNKNOWN STEP	2025-10-29T10:43:32.0670355Z [36;1m  },[0m
Status Check - Keycloak CI	UNKNOWN STEP	2025-10-29T10:43:32.0670635Z [36;1m  "adapter-integration-tests-strict-cookies": {[0m
Status Check - Keycloak CI	UNKNOWN STEP	2025-10-29T10:43:32.0670981Z [36;1m    "result": "success",[0m
Status Check - Keycloak CI	UNKNOWN STEP	2025-10-29T10:43:32.0671231Z [36;1m    "outputs": {}[0m
Status Check - Keycloak CI	UNKNOWN STEP	2025-10-29T10:43:32.0671465Z [36;1m  },[0m
Status Check - Keycloak CI	UNKNOWN STEP	2025-10-29T10:43:32.0671677Z [36;1m  "quarkus-unit-tests": {[0m
Status Check - Keycloak CI	UNKNOWN STEP	2025-10-29T10:43:32.0671947Z [36;1m    "result": "skipped",[0m
Status Check - Keycloak CI	UNKNOWN STEP	2025-10-29T10:43:32.0672198Z [36;1m    "outputs": {}[0m
Status Check - Keycloak CI	UNKNOWN STEP	2025-10-29T10:43:32.0672449Z [36;1m  },[0m
Status Check - Keycloak CI	UNKNOWN STEP	2025-10-29T10:43:32.0672674Z [36;1m  "quarkus-integration-tests": {[0m
Status Check - Keycloak CI	UNKNOWN STEP	2025-10-29T10:43:32.0672958Z [36;1m    "result": "success",[0m
Status Check - Keycloak CI	UNKNOWN STEP	2025-10-29T10:43:32.0673213Z [36;1m    "outputs": {}[0m
Status Check - Keycloak CI	UNKNOWN STEP	2025-10-29T10:43:32.0673470Z [36;1m  },[0m
Status Check - Keycloak CI	UNKNOWN STEP	2025-10-29T10:43:32.0673696Z [36;1m  "jdk-integration-tests": {[0m
Status Check - Keycloak CI	UNKNOWN STEP	2025-10-29T10:43:32.0673962Z [36;1m    "result": "success",[0m
Status Check - Keycloak CI	UNKNOWN STEP	2025-10-29T10:43:32.0674214Z [36;1m    "outputs": {}[0m
Status Check - Keycloak CI	UNKNOWN STEP	2025-10-29T10:43:32.0674439Z [36;1m  },[0m
Status Check - Keycloak CI	UNKNOWN STEP	2025-10-29T10:43:32.0674659Z [36;1m  "store-integration-tests": {[0m
Status Check - Keycloak CI	UNKNOWN STEP	2025-10-29T10:43:32.0674941Z [36;1m    "result": "success",[0m
Status Check - Keycloak CI	UNKNOWN STEP	2025-10-29T10:43:32.0675187Z [36;1m    "outputs": {}[0m
Status Check - Keycloak CI	UNKNOWN STEP	2025-10-29T10:43:32.0675417Z [36;1m  },[0m
Status Check - Keycloak CI	UNKNOWN STEP	2025-10-29T10:43:32.0675635Z [36;1m  "volatile-sessions-tests": {[0m
Status Check - Keycloak CI	UNKNOWN STEP	2025-10-29T10:43:32.0675916Z [36;1m    "result": "success",[0m
Status Check - Keycloak CI	UNKNOWN STEP	2025-10-29T10:43:32.0676165Z [36;1m    "outputs": {}[0m
Status Check - Keycloak CI	UNKNOWN STEP	2025-10-29T10:43:32.0676406Z [36;1m  },[0m
Status Check - Keycloak CI	UNKNOWN STEP	2025-10-29T10:43:32.0676618Z [36;1m  "store-model-tests": {[0m
Status Check - Keycloak CI	UNKNOWN STEP	2025-10-29T10:43:32.0676875Z [36;1m    "result": "success",[0m
Status Check - Keycloak CI	UNKNOWN STEP	2025-10-29T10:43:32.0677126Z [36;1m    "outputs": {}[0m
Status Check - Keycloak CI	UNKNOWN STEP	2025-10-29T10:43:32.0677345Z [36;1m  },[0m
Status Check - Keycloak CI	UNKNOWN STEP	2025-10-29T10:43:32.0677583Z [36;1m  "clustering-integration-tests": {[0m
Status Check - Keycloak CI	UNKNOWN STEP	2025-10-29T10:43:32.0677876Z [36;1m    "result": "success",[0m
Status Check - Keycloak CI	UNKNOWN STEP	2025-10-29T10:43:32.0678127Z [36;1m    "outputs": {}[0m
Status Check - Keycloak CI	UNKNOWN STEP	2025-10-29T10:43:32.0678541Z [36;1m  },[0m
Status Check - Keycloak CI	UNKNOWN STEP	2025-10-29T10:43:32.0678760Z [36;1m  "fips-unit-tests": {[0m
Status Check - Keycloak CI	UNKNOWN STEP	2025-10-29T10:43:32.0679022Z [36;1m    "result": "success",[0m
Status Check - Keycloak CI	UNKNOWN STEP	2025-10-29T10:43:32.0679273Z [36;1m    "outputs": {}[0m
Status Check - Keycloak CI	UNKNOWN STEP	2025-10-29T10:43:32.0679503Z [36;1m  },[0m
Status Check - Keycloak CI	UNKNOWN STEP	2025-10-29T10:43:32.0679723Z [36;1m  "fips-integration-tests": {[0m
Status Check - Keycloak CI	UNKNOWN STEP	2025-10-29T10:43:32.0680005Z [36;1m    "result": "success",[0m
Status Check - Keycloak CI	UNKNOWN STEP	2025-10-29T10:43:32.0680252Z [36;1m    "outputs": {}[0m
Status Check - Keycloak CI	UNKNOWN STEP	2025-10-29T10:43:32.0680487Z [36;1m  },[0m
Status Check - Keycloak CI	UNKNOWN STEP	2025-10-29T10:43:32.0680703Z [36;1m  "forms-integration-tests": {[0m
Status Check - Keycloak CI	UNKNOWN STEP	2025-10-29T10:43:32.0680995Z [36;1m    "result": "success",[0m
Status Check - Keycloak CI	UNKNOWN STEP	2025-10-29T10:43:32.0681250Z [36;1m    "outputs": {}[0m
Status Check - Keycloak CI	UNKNOWN STEP	2025-10-29T10:43:32.0681478Z [36;1m  },[0m
Status Check - Keycloak CI	UNKNOWN STEP	2025-10-29T10:43:32.0681713Z [36;1m  "webauthn-integration-tests": {[0m
Status Check - Keycloak CI	UNKNOWN STEP	2025-10-29T10:43:32.0681999Z [36;1m    "result": "success",[0m
Status Check - Keycloak CI	UNKNOWN STEP	2025-10-29T10:43:32.0682254Z [36;1m    "outputs": {}[0m
Status Check - Keycloak CI	UNKNOWN STEP	2025-10-29T10:43:32.0682475Z [36;1m  },[0m
Status Check - Keycloak CI	UNKNOWN STEP	2025-10-29T10:43:32.0682687Z [36;1m  "sssd-unit-tests": {[0m
Status Check - Keycloak CI	UNKNOWN STEP	2025-10-29T10:43:32.0682942Z [36;1m    "result": "skipped",[0m
Status Check - Keycloak CI	UNKNOWN STEP	2025-10-29T10:43:32.0683199Z [36;1m    "outputs": {}[0m
Status Check - Keycloak CI	UNKNOWN STEP	2025-10-29T10:43:32.0683419Z [36;1m  },[0m
Status Check - Keycloak CI	UNKNOWN STEP	2025-10-29T10:43:32.0683631Z [36;1m  "migration-tests": {[0m
Status Check - Keycloak CI	UNKNOWN STEP	2025-10-29T10:43:32.0683884Z [36;1m    "result": "success",[0m
Status Check - Keycloak CI	UNKNOWN STEP	2025-10-29T10:43:32.0684127Z [36;1m    "outputs": {}[0m
Status Check - Keycloak CI	UNKNOWN STEP	2025-10-29T10:43:32.0684354Z [36;1m  },[0m
Status Check - Keycloak CI	UNKNOWN STEP	2025-10-29T10:43:32.0684576Z [36;1m  "external-infinispan-tests": {[0m
Status Check - Keycloak CI	UNKNOWN STEP	2025-10-29T10:43:32.0684879Z [36;1m    "result": "failure",[0m
Status Check - Keycloak CI	UNKNOWN STEP	2025-10-29T10:43:32.0685130Z [36;1m    "outputs": {}[0m
Status Check - Keycloak CI	UNKNOWN STEP	2025-10-29T10:43:32.0685500Z [36;1m  },[0m
Status Check - Keycloak CI	UNKNOWN STEP	2025-10-29T10:43:32.0685709Z [36;1m  "test-framework": {[0m
Status Check - Keycloak CI	UNKNOWN STEP	2025-10-29T10:43:32.0685969Z [36;1m    "result": "success",[0m
Status Check - Keycloak CI	UNKNOWN STEP	2025-10-29T10:43:32.0686215Z [36;1m    "outputs": {}[0m
Status Check - Keycloak CI	UNKNOWN STEP	2025-10-29T10:43:32.0686444Z [36;1m  },[0m
Status Check - Keycloak CI	UNKNOWN STEP	2025-10-29T10:43:32.0686796Z [36;1m  "base-new-integration-tests": {[0m
Status Check - Keycloak CI	UNKNOWN STEP	2025-10-29T10:43:32.0687088Z [36;1m    "result": "success",[0m
Status Check - Keycloak CI	UNKNOWN STEP	2025-10-29T10:43:32.0687342Z [36;1m    "outputs": {}[0m
Status Check - Keycloak CI	UNKNOWN STEP	2025-10-29T10:43:32.0687568Z [36;1m  },[0m
Status Check - Keycloak CI	UNKNOWN STEP	2025-10-29T10:43:32.0687812Z [36;1m  "mixed-cluster-compatibility-tests": {[0m
Status Check - Keycloak CI	UNKNOWN STEP	2025-10-29T10:43:32.0688119Z [36;1m    "result": "skipped",[0m
Status Check - Keycloak CI	UNKNOWN STEP	2025-10-29T10:43:32.0688598Z [36;1m    "outputs": {}[0m
Status Check - Keycloak CI	UNKNOWN STEP	2025-10-29T10:43:32.0688834Z [36;1m  }[0m
Status Check - Keycloak CI	UNKNOWN STEP	2025-10-29T10:43:32.0689032Z [36;1m}'[0m
Status Check - Keycloak CI	UNKNOWN STEP	2025-10-29T10:43:32.0689245Z [36;1m[0m
Status Check - Keycloak CI	UNKNOWN STEP	2025-10-29T10:43:32.0689449Z [36;1mecho "Job status:"[0m
Status Check - Keycloak CI	UNKNOWN STEP	2025-10-29T10:43:32.0689786Z [36;1mecho $JOBS | jq -r 'to_entries[] | " - \(.key): \(.value.result)"'[0m
Status Check - Keycloak CI	UNKNOWN STEP	2025-10-29T10:43:32.0690136Z [36;1m[0m
Status Check - Keycloak CI	UNKNOWN STEP	2025-10-29T10:43:32.0690410Z [36;1mfor i in $(echo $JOBS | jq -r 'to_entries[] | .value.result'); do[0m
Status Check - Keycloak CI	UNKNOWN STEP	2025-10-29T10:43:32.0690803Z [36;1m  if [ "$i" != "success" ] && [ "$i" != "skipped" ]; then[0m
Status Check - Keycloak CI	UNKNOWN STEP	2025-10-29T10:43:32.0691115Z [36;1m    echo ""[0m
Status Check - Keycloak CI	UNKNOWN STEP	2025-10-29T10:43:32.0691353Z [36;1m    echo "Status check not okay!"[0m
Status Check - Keycloak CI	UNKNOWN STEP	2025-10-29T10:43:32.0691624Z [36;1m    exit 1[0m
Status Check - Keycloak CI	UNKNOWN STEP	2025-10-29T10:43:32.0691838Z [36;1m  fi[0m
Status Check - Keycloak CI	UNKNOWN STEP	2025-10-29T10:43:32.0692031Z [36;1mdone[0m
Status Check - Keycloak CI	UNKNOWN STEP	2025-10-29T10:43:32.0728914Z shell: /usr/bin/bash --noprofile --norc -e -o pipefail {0}
Status Check - Keycloak CI	UNKNOWN STEP	2025-10-29T10:43:32.0729303Z env:
Status Check - Keycloak CI	UNKNOWN STEP	2025-10-29T10:43:32.0729616Z   MAVEN_ARGS: -B -nsu -Daether.connector.http.connectionMaxTtl=25
Status Check - Keycloak CI	UNKNOWN STEP	2025-10-29T10:43:32.0730015Z   SUREFIRE_RERUN_FAILING_COUNT: 2
Status Check - Keycloak CI	UNKNOWN STEP	2025-10-29T10:43:32.0730341Z   SUREFIRE_RETRY: -Dsurefire.rerunFailingTestsCount=2
Status Check - Keycloak CI	UNKNOWN STEP	2025-10-29T10:43:32.0730671Z ##[endgroup]
Status Check - Keycloak CI	UNKNOWN STEP	2025-10-29T10:43:32.0807965Z Job status:
Status Check - Keycloak CI	UNKNOWN STEP	2025-10-29T10:43:32.0847651Z  - conditional: success
Status Check - Keycloak CI	UNKNOWN STEP	2025-10-29T10:43:32.0848160Z  - build: success
Status Check - Keycloak CI	UNKNOWN STEP	2025-10-29T10:43:32.0848765Z  - unit-tests: success
Status Check - Keycloak CI	UNKNOWN STEP	2025-10-29T10:43:32.0849068Z  - base-integration-tests: success
Status Check - Keycloak CI	UNKNOWN STEP	2025-10-29T10:43:32.0849525Z  - adapter-integration-tests: success
Status Check - Keycloak CI	UNKNOWN STEP	2025-10-29T10:43:32.0850189Z  - adapter-integration-tests-strict-cookies: success
Status Check - Keycloak CI	UNKNOWN STEP	2025-10-29T10:43:32.0850822Z  - quarkus-unit-tests: skipped
Status Check - Keycloak CI	UNKNOWN STEP	2025-10-29T10:43:32.0851340Z  - quarkus-integration-tests: success
Status Check - Keycloak CI	UNKNOWN STEP	2025-10-29T10:43:32.0851815Z  - jdk-integration-tests: success
Status Check - Keycloak CI	UNKNOWN STEP	2025-10-29T10:43:32.0852117Z  - store-integration-tests: success
Status Check - Keycloak CI	UNKNOWN STEP	2025-10-29T10:43:32.0852406Z  - volatile-sessions-tests: success
Status Check - Keycloak CI	UNKNOWN STEP	2025-10-29T10:43:32.0852690Z  - store-model-tests: success
Status Check - Keycloak CI	UNKNOWN STEP	2025-10-29T10:43:32.0852971Z  - clustering-integration-tests: success
Status Check - Keycloak CI	UNKNOWN STEP	2025-10-29T10:43:32.0853279Z  - fips-unit-tests: success
Status Check - Keycloak CI	UNKNOWN STEP	2025-10-29T10:43:32.0853546Z  - fips-integration-tests: success
Status Check - Keycloak CI	UNKNOWN STEP	2025-10-29T10:43:32.0853834Z  - forms-integration-tests: success
Status Check - Keycloak CI	UNKNOWN STEP	2025-10-29T10:43:32.0854132Z  - webauthn-integration-tests: success
Status Check - Keycloak CI	UNKNOWN STEP	2025-10-29T10:43:32.0854427Z  - sssd-unit-tests: skipped
Status Check - Keycloak CI	UNKNOWN STEP	2025-10-29T10:43:32.0854740Z  - migration-tests: success
Status Check - Keycloak CI	UNKNOWN STEP	2025-10-29T10:43:32.0855220Z  - external-infinispan-tests: failure
Status Check - Keycloak CI	UNKNOWN STEP	2025-10-29T10:43:32.0855731Z  - test-framework: success
Status Check - Keycloak CI	UNKNOWN STEP	2025-10-29T10:43:32.0856221Z  - base-new-integration-tests: success
Status Check - Keycloak CI	UNKNOWN STEP	2025-10-29T10:43:32.0856826Z  - mixed-cluster-compatibility-tests: skipped
Status Check - Keycloak CI	UNKNOWN STEP	2025-10-29T10:43:32.0884118Z 
Status Check - Keycloak CI	UNKNOWN STEP	2025-10-29T10:43:32.0884359Z Status check not okay!
Status Check - Keycloak CI	UNKNOWN STEP	2025-10-29T10:43:32.0897326Z ##[error]Process completed with exit code 1.
Status Check - Keycloak CI	UNKNOWN STEP	2025-10-29T10:43:32.1094243Z Post job cleanup.
Status Check - Keycloak CI	UNKNOWN STEP	2025-10-29T10:43:32.1878965Z [command]/usr/bin/git version
Status Check - Keycloak CI	UNKNOWN STEP	2025-10-29T10:43:32.1914940Z git version 2.51.0
Status Check - Keycloak CI	UNKNOWN STEP	2025-10-29T10:43:32.1954709Z Temporarily overriding HOME='/home/runner/work/_temp/29e9f454-cae1-4475-9a4f-24e9ef976692' before making global git config changes
Status Check - Keycloak CI	UNKNOWN STEP	2025-10-29T10:43:32.1956121Z Adding repository directory to the temporary git global config as a safe directory
Status Check - Keycloak CI	UNKNOWN STEP	2025-10-29T10:43:32.1960781Z [command]/usr/bin/git config --global --add safe.directory /home/runner/work/keycloak/keycloak
Status Check - Keycloak CI	UNKNOWN STEP	2025-10-29T10:43:32.1996444Z [command]/usr/bin/git config --local --name-only --get-regexp core\.sshCommand
Status Check - Keycloak CI	UNKNOWN STEP	2025-10-29T10:43:32.2027692Z [command]/usr/bin/git submodule foreach --recursive sh -c "git config --local --name-only --get-regexp 'core\.sshCommand' && git config --local --unset-all 'core.sshCommand' || :"
Status Check - Keycloak CI	UNKNOWN STEP	2025-10-29T10:43:32.2311987Z [command]/usr/bin/git config --local --name-only --get-regexp http\.https\:\/\/github\.com\/\.extraheader
Status Check - Keycloak CI	UNKNOWN STEP	2025-10-29T10:43:32.2334474Z http.https://github.com/.extraheader
Status Check - Keycloak CI	UNKNOWN STEP	2025-10-29T10:43:32.2344193Z [command]/usr/bin/git config --local --unset-all http.https://github.com/.extraheader
Status Check - Keycloak CI	UNKNOWN STEP	2025-10-29T10:43:32.2373998Z [command]/usr/bin/git submodule foreach --recursive sh -c "git config --local --name-only --get-regexp 'http\.https\:\/\/github\.com\/\.extraheader' && git config --local --unset-all 'http.https://github.com/.extraheader' || :"
Status Check - Keycloak CI	UNKNOWN STEP	2025-10-29T10:43:32.2719245Z Cleaning up orphan processes
