Migration Tests (24.0.4, mysql)	UNKNOWN STEP	ï»¿2025-12-18T11:18:54.1144742Z Current runner version: '2.330.0'
Migration Tests (24.0.4, mysql)	UNKNOWN STEP	2025-12-18T11:18:54.1168088Z ##[group]Runner Image Provisioner
Migration Tests (24.0.4, mysql)	UNKNOWN STEP	2025-12-18T11:18:54.1168898Z Hosted Compute Agent
Migration Tests (24.0.4, mysql)	UNKNOWN STEP	2025-12-18T11:18:54.1169715Z Version: 20251211.462
Migration Tests (24.0.4, mysql)	UNKNOWN STEP	2025-12-18T11:18:54.1170335Z Commit: 6cbad8c2bb55d58165063d031ccabf57e2d2db61
Migration Tests (24.0.4, mysql)	UNKNOWN STEP	2025-12-18T11:18:54.1170989Z Build Date: 2025-12-11T16:28:49Z
Migration Tests (24.0.4, mysql)	UNKNOWN STEP	2025-12-18T11:18:54.1171727Z Worker ID: {1eccd201-4617-4330-a256-6f23bdae9900}
Migration Tests (24.0.4, mysql)	UNKNOWN STEP	2025-12-18T11:18:54.1172367Z ##[endgroup]
Migration Tests (24.0.4, mysql)	UNKNOWN STEP	2025-12-18T11:18:54.1172924Z ##[group]Operating System
Migration Tests (24.0.4, mysql)	UNKNOWN STEP	2025-12-18T11:18:54.1173550Z Ubuntu
Migration Tests (24.0.4, mysql)	UNKNOWN STEP	2025-12-18T11:18:54.1174049Z 24.04.3
Migration Tests (24.0.4, mysql)	UNKNOWN STEP	2025-12-18T11:18:54.1174500Z LTS
Migration Tests (24.0.4, mysql)	UNKNOWN STEP	2025-12-18T11:18:54.1174885Z ##[endgroup]
Migration Tests (24.0.4, mysql)	UNKNOWN STEP	2025-12-18T11:18:54.1175493Z ##[group]Runner Image
Migration Tests (24.0.4, mysql)	UNKNOWN STEP	2025-12-18T11:18:54.1175984Z Image: ubuntu-24.04
Migration Tests (24.0.4, mysql)	UNKNOWN STEP	2025-12-18T11:18:54.1176467Z Version: 20251215.174.1
Migration Tests (24.0.4, mysql)	UNKNOWN STEP	2025-12-18T11:18:54.1177549Z Included Software: https://github.com/actions/runner-images/blob/ubuntu24/20251215.174/images/ubuntu/Ubuntu2404-Readme.md
Migration Tests (24.0.4, mysql)	UNKNOWN STEP	2025-12-18T11:18:54.1179248Z Image Release: https://github.com/actions/runner-images/releases/tag/ubuntu24%2F20251215.174
Migration Tests (24.0.4, mysql)	UNKNOWN STEP	2025-12-18T11:18:54.1180361Z ##[endgroup]
Migration Tests (24.0.4, mysql)	UNKNOWN STEP	2025-12-18T11:18:54.1181314Z ##[group]GITHUB_TOKEN Permissions
Migration Tests (24.0.4, mysql)	UNKNOWN STEP	2025-12-18T11:18:54.1183372Z Contents: read
Migration Tests (24.0.4, mysql)	UNKNOWN STEP	2025-12-18T11:18:54.1183873Z Metadata: read
Migration Tests (24.0.4, mysql)	UNKNOWN STEP	2025-12-18T11:18:54.1184348Z ##[endgroup]
Migration Tests (24.0.4, mysql)	UNKNOWN STEP	2025-12-18T11:18:54.1186510Z Secret source: None
Migration Tests (24.0.4, mysql)	UNKNOWN STEP	2025-12-18T11:18:54.1187146Z Prepare workflow directory
Migration Tests (24.0.4, mysql)	UNKNOWN STEP	2025-12-18T11:18:54.1594408Z Prepare all required actions
Migration Tests (24.0.4, mysql)	UNKNOWN STEP	2025-12-18T11:18:54.1632071Z Getting action download info
Migration Tests (24.0.4, mysql)	UNKNOWN STEP	2025-12-18T11:18:54.5789001Z Download action repository 'actions/checkout@08c6903cd8c0fde910a37f88322edcfb5dd907a8' (SHA:08c6903cd8c0fde910a37f88322edcfb5dd907a8)
Migration Tests (24.0.4, mysql)	UNKNOWN STEP	2025-12-18T11:18:54.8094299Z Complete job name: Migration Tests (24.0.4, mysql)
Migration Tests (24.0.4, mysql)	UNKNOWN STEP	2025-12-18T11:18:54.8797729Z ##[group]Run actions/checkout@08c6903cd8c0fde910a37f88322edcfb5dd907a8
Migration Tests (24.0.4, mysql)	UNKNOWN STEP	2025-12-18T11:18:54.8798727Z with:
Migration Tests (24.0.4, mysql)	UNKNOWN STEP	2025-12-18T11:18:54.8799280Z   repository: keycloak/keycloak
Migration Tests (24.0.4, mysql)	UNKNOWN STEP	2025-12-18T11:18:54.8799945Z   token: ***
Migration Tests (24.0.4, mysql)	UNKNOWN STEP	2025-12-18T11:18:54.8800347Z   ssh-strict: true
Migration Tests (24.0.4, mysql)	UNKNOWN STEP	2025-12-18T11:18:54.8800723Z   ssh-user: git
Migration Tests (24.0.4, mysql)	UNKNOWN STEP	2025-12-18T11:18:54.8801113Z   persist-credentials: true
Migration Tests (24.0.4, mysql)	UNKNOWN STEP	2025-12-18T11:18:54.8801562Z   clean: true
Migration Tests (24.0.4, mysql)	UNKNOWN STEP	2025-12-18T11:18:54.8801957Z   sparse-checkout-cone-mode: true
Migration Tests (24.0.4, mysql)	UNKNOWN STEP	2025-12-18T11:18:54.8802433Z   fetch-depth: 1
Migration Tests (24.0.4, mysql)	UNKNOWN STEP	2025-12-18T11:18:54.8802810Z   fetch-tags: false
Migration Tests (24.0.4, mysql)	UNKNOWN STEP	2025-12-18T11:18:54.8803191Z   show-progress: true
Migration Tests (24.0.4, mysql)	UNKNOWN STEP	2025-12-18T11:18:54.8803585Z   lfs: false
Migration Tests (24.0.4, mysql)	UNKNOWN STEP	2025-12-18T11:18:54.8803943Z   submodules: false
Migration Tests (24.0.4, mysql)	UNKNOWN STEP	2025-12-18T11:18:54.8804329Z   set-safe-directory: true
Migration Tests (24.0.4, mysql)	UNKNOWN STEP	2025-12-18T11:18:54.8804995Z env:
Migration Tests (24.0.4, mysql)	UNKNOWN STEP	2025-12-18T11:18:54.8805511Z   MAVEN_ARGS: -B -nsu -Daether.connector.http.connectionMaxTtl=25
Migration Tests (24.0.4, mysql)	UNKNOWN STEP	2025-12-18T11:18:54.8806159Z   SUREFIRE_RERUN_FAILING_COUNT: 2
Migration Tests (24.0.4, mysql)	UNKNOWN STEP	2025-12-18T11:18:54.8806738Z   SUREFIRE_RETRY: -Dsurefire.rerunFailingTestsCount=2
Migration Tests (24.0.4, mysql)	UNKNOWN STEP	2025-12-18T11:18:54.8807282Z ##[endgroup]
Migration Tests (24.0.4, mysql)	UNKNOWN STEP	2025-12-18T11:18:54.9708995Z Syncing repository: keycloak/keycloak
Migration Tests (24.0.4, mysql)	UNKNOWN STEP	2025-12-18T11:18:54.9710962Z ##[group]Getting Git version info
Migration Tests (24.0.4, mysql)	UNKNOWN STEP	2025-12-18T11:18:54.9711633Z Working directory is '/home/runner/work/keycloak/keycloak'
Migration Tests (24.0.4, mysql)	UNKNOWN STEP	2025-12-18T11:18:54.9712644Z [command]/usr/bin/git version
Migration Tests (24.0.4, mysql)	UNKNOWN STEP	2025-12-18T11:18:54.9795068Z git version 2.52.0
Migration Tests (24.0.4, mysql)	UNKNOWN STEP	2025-12-18T11:18:54.9815652Z ##[endgroup]
Migration Tests (24.0.4, mysql)	UNKNOWN STEP	2025-12-18T11:18:54.9830127Z Temporarily overriding HOME='/home/runner/work/_temp/17e6f534-1d7a-4c06-8d07-8e23ae0214cc' before making global git config changes
Migration Tests (24.0.4, mysql)	UNKNOWN STEP	2025-12-18T11:18:54.9832219Z Adding repository directory to the temporary git global config as a safe directory
Migration Tests (24.0.4, mysql)	UNKNOWN STEP	2025-12-18T11:18:54.9835044Z [command]/usr/bin/git config --global --add safe.directory /home/runner/work/keycloak/keycloak
Migration Tests (24.0.4, mysql)	UNKNOWN STEP	2025-12-18T11:18:54.9876772Z Deleting the contents of '/home/runner/work/keycloak/keycloak'
Migration Tests (24.0.4, mysql)	UNKNOWN STEP	2025-12-18T11:18:54.9880555Z ##[group]Initializing the repository
Migration Tests (24.0.4, mysql)	UNKNOWN STEP	2025-12-18T11:18:54.9884794Z [command]/usr/bin/git init /home/runner/work/keycloak/keycloak
Migration Tests (24.0.4, mysql)	UNKNOWN STEP	2025-12-18T11:18:54.9994640Z hint: Using 'master' as the name for the initial branch. This default branch name
Migration Tests (24.0.4, mysql)	UNKNOWN STEP	2025-12-18T11:18:54.9996148Z hint: will change to "main" in Git 3.0. To configure the initial branch name
Migration Tests (24.0.4, mysql)	UNKNOWN STEP	2025-12-18T11:18:54.9997491Z hint: to use in all of your new repositories, which will suppress this warning,
Migration Tests (24.0.4, mysql)	UNKNOWN STEP	2025-12-18T11:18:54.9998769Z hint: call:
Migration Tests (24.0.4, mysql)	UNKNOWN STEP	2025-12-18T11:18:54.9999646Z hint:
Migration Tests (24.0.4, mysql)	UNKNOWN STEP	2025-12-18T11:18:55.0000526Z hint: 	git config --global init.defaultBranch <name>
Migration Tests (24.0.4, mysql)	UNKNOWN STEP	2025-12-18T11:18:55.0001523Z hint:
Migration Tests (24.0.4, mysql)	UNKNOWN STEP	2025-12-18T11:18:55.0002229Z hint: Names commonly chosen instead of 'master' are 'main', 'trunk' and
Migration Tests (24.0.4, mysql)	UNKNOWN STEP	2025-12-18T11:18:55.0004119Z hint: 'development'. The just-created branch can be renamed via this command:
Migration Tests (24.0.4, mysql)	UNKNOWN STEP	2025-12-18T11:18:55.0005454Z hint:
Migration Tests (24.0.4, mysql)	UNKNOWN STEP	2025-12-18T11:18:55.0006136Z hint: 	git branch -m <name>
Migration Tests (24.0.4, mysql)	UNKNOWN STEP	2025-12-18T11:18:55.0006927Z hint:
Migration Tests (24.0.4, mysql)	UNKNOWN STEP	2025-12-18T11:18:55.0007977Z hint: Disable this message with "git config set advice.defaultBranchName false"
Migration Tests (24.0.4, mysql)	UNKNOWN STEP	2025-12-18T11:18:55.0010170Z Initialized empty Git repository in /home/runner/work/keycloak/keycloak/.git/
Migration Tests (24.0.4, mysql)	UNKNOWN STEP	2025-12-18T11:18:55.0012846Z [command]/usr/bin/git remote add origin https://github.com/keycloak/keycloak
Migration Tests (24.0.4, mysql)	UNKNOWN STEP	2025-12-18T11:18:55.0045779Z ##[endgroup]
Migration Tests (24.0.4, mysql)	UNKNOWN STEP	2025-12-18T11:18:55.0047053Z ##[group]Disabling automatic garbage collection
Migration Tests (24.0.4, mysql)	UNKNOWN STEP	2025-12-18T11:18:55.0050214Z [command]/usr/bin/git config --local gc.auto 0
Migration Tests (24.0.4, mysql)	UNKNOWN STEP	2025-12-18T11:18:55.0078875Z ##[endgroup]
Migration Tests (24.0.4, mysql)	UNKNOWN STEP	2025-12-18T11:18:55.0080362Z ##[group]Setting up auth
Migration Tests (24.0.4, mysql)	UNKNOWN STEP	2025-12-18T11:18:55.0086090Z [command]/usr/bin/git config --local --name-only --get-regexp core\.sshCommand
Migration Tests (24.0.4, mysql)	UNKNOWN STEP	2025-12-18T11:18:55.0116571Z [command]/usr/bin/git submodule foreach --recursive sh -c "git config --local --name-only --get-regexp 'core\.sshCommand' && git config --local --unset-all 'core.sshCommand' || :"
Migration Tests (24.0.4, mysql)	UNKNOWN STEP	2025-12-18T11:18:55.0491029Z [command]/usr/bin/git config --local --name-only --get-regexp http\.https\:\/\/github\.com\/\.extraheader
Migration Tests (24.0.4, mysql)	UNKNOWN STEP	2025-12-18T11:18:55.0520628Z [command]/usr/bin/git submodule foreach --recursive sh -c "git config --local --name-only --get-regexp 'http\.https\:\/\/github\.com\/\.extraheader' && git config --local --unset-all 'http.https://github.com/.extraheader' || :"
Migration Tests (24.0.4, mysql)	UNKNOWN STEP	2025-12-18T11:18:55.0740752Z [command]/usr/bin/git config --local http.https://github.com/.extraheader AUTHORIZATION: basic ***
Migration Tests (24.0.4, mysql)	UNKNOWN STEP	2025-12-18T11:18:55.0776410Z ##[endgroup]
Migration Tests (24.0.4, mysql)	UNKNOWN STEP	2025-12-18T11:18:55.0777170Z ##[group]Fetching the repository
Migration Tests (24.0.4, mysql)	UNKNOWN STEP	2025-12-18T11:18:55.0785556Z [command]/usr/bin/git -c protocol.version=2 fetch --no-tags --prune --no-recurse-submodules --depth=1 origin +80cce5794ed4f5c41730bf07043c09b72b86da44:refs/remotes/pull/44968/merge
Migration Tests (24.0.4, mysql)	UNKNOWN STEP	2025-12-18T11:18:56.5379743Z From https://github.com/keycloak/keycloak
Migration Tests (24.0.4, mysql)	UNKNOWN STEP	2025-12-18T11:18:56.5383481Z  * [new ref]         80cce5794ed4f5c41730bf07043c09b72b86da44 -> pull/44968/merge
Migration Tests (24.0.4, mysql)	UNKNOWN STEP	2025-12-18T11:18:56.5415019Z ##[endgroup]
Migration Tests (24.0.4, mysql)	UNKNOWN STEP	2025-12-18T11:18:56.5416896Z ##[group]Determining the checkout info
Migration Tests (24.0.4, mysql)	UNKNOWN STEP	2025-12-18T11:18:56.5418957Z ##[endgroup]
Migration Tests (24.0.4, mysql)	UNKNOWN STEP	2025-12-18T11:18:56.5423757Z [command]/usr/bin/git sparse-checkout disable
Migration Tests (24.0.4, mysql)	UNKNOWN STEP	2025-12-18T11:18:56.5492148Z [command]/usr/bin/git config --local --unset-all extensions.worktreeConfig
Migration Tests (24.0.4, mysql)	UNKNOWN STEP	2025-12-18T11:18:56.5520347Z ##[group]Checking out the ref
Migration Tests (24.0.4, mysql)	UNKNOWN STEP	2025-12-18T11:18:56.5524267Z [command]/usr/bin/git checkout --progress --force refs/remotes/pull/44968/merge
Migration Tests (24.0.4, mysql)	UNKNOWN STEP	2025-12-18T11:18:57.3977307Z Note: switching to 'refs/remotes/pull/44968/merge'.
Migration Tests (24.0.4, mysql)	UNKNOWN STEP	2025-12-18T11:18:57.3977853Z 
Migration Tests (24.0.4, mysql)	UNKNOWN STEP	2025-12-18T11:18:57.3978215Z You are in 'detached HEAD' state. You can look around, make experimental
Migration Tests (24.0.4, mysql)	UNKNOWN STEP	2025-12-18T11:18:57.3979346Z changes and commit them, and you can discard any commits you make in this
Migration Tests (24.0.4, mysql)	UNKNOWN STEP	2025-12-18T11:18:57.3980187Z state without impacting any branches by switching back to a branch.
Migration Tests (24.0.4, mysql)	UNKNOWN STEP	2025-12-18T11:18:57.3980668Z 
Migration Tests (24.0.4, mysql)	UNKNOWN STEP	2025-12-18T11:18:57.3981001Z If you want to create a new branch to retain commits you create, you may
Migration Tests (24.0.4, mysql)	UNKNOWN STEP	2025-12-18T11:18:57.3981728Z do so (now or later) by using -c with the switch command. Example:
Migration Tests (24.0.4, mysql)	UNKNOWN STEP	2025-12-18T11:18:57.3982134Z 
Migration Tests (24.0.4, mysql)	UNKNOWN STEP	2025-12-18T11:18:57.3982377Z   git switch -c <new-branch-name>
Migration Tests (24.0.4, mysql)	UNKNOWN STEP	2025-12-18T11:18:57.3982674Z 
Migration Tests (24.0.4, mysql)	UNKNOWN STEP	2025-12-18T11:18:57.3982901Z Or undo this operation with:
Migration Tests (24.0.4, mysql)	UNKNOWN STEP	2025-12-18T11:18:57.3983227Z 
Migration Tests (24.0.4, mysql)	UNKNOWN STEP	2025-12-18T11:18:57.3983385Z   git switch -
Migration Tests (24.0.4, mysql)	UNKNOWN STEP	2025-12-18T11:18:57.3983633Z 
Migration Tests (24.0.4, mysql)	UNKNOWN STEP	2025-12-18T11:18:57.3984005Z Turn off this advice by setting config variable advice.detachedHead to false
Migration Tests (24.0.4, mysql)	UNKNOWN STEP	2025-12-18T11:18:57.3984847Z 
Migration Tests (24.0.4, mysql)	UNKNOWN STEP	2025-12-18T11:18:57.3985468Z HEAD is now at 80cce57 Merge 1855cb03afa3bb6f86e22dcbb7e7598d57268909 into 08e96435c841e333c87abc91264497f30d502afb
Migration Tests (24.0.4, mysql)	UNKNOWN STEP	2025-12-18T11:18:57.4014888Z ##[endgroup]
Migration Tests (24.0.4, mysql)	UNKNOWN STEP	2025-12-18T11:18:57.4054718Z [command]/usr/bin/git log -1 --format=%H
Migration Tests (24.0.4, mysql)	UNKNOWN STEP	2025-12-18T11:18:57.4077190Z 80cce5794ed4f5c41730bf07043c09b72b86da44
Migration Tests (24.0.4, mysql)	UNKNOWN STEP	2025-12-18T11:18:57.4328541Z Prepare all required actions
Migration Tests (24.0.4, mysql)	UNKNOWN STEP	2025-12-18T11:18:57.4329505Z Getting action download info
Migration Tests (24.0.4, mysql)	UNKNOWN STEP	2025-12-18T11:18:57.6238820Z Download action repository 'actions/download-artifact@d3f86a106a0bac45b974a628896c90dbdf5c8093' (SHA:d3f86a106a0bac45b974a628896c90dbdf5c8093)
Migration Tests (24.0.4, mysql)	UNKNOWN STEP	2025-12-18T11:20:37.6411415Z ##[warning]Failed to download action 'https://api.github.com/repos/actions/download-artifact/tarball/d3f86a106a0bac45b974a628896c90dbdf5c8093'. Error: The request was canceled due to the configured HttpClient.Timeout of 100 seconds elapsing. 
Migration Tests (24.0.4, mysql)	UNKNOWN STEP	2025-12-18T11:20:37.6421438Z ##[warning]Back off 13.568 seconds before retry.
Migration Tests (24.0.4, mysql)	UNKNOWN STEP	2025-12-18T11:22:31.2136453Z ##[warning]Failed to download action 'https://api.github.com/repos/actions/download-artifact/tarball/d3f86a106a0bac45b974a628896c90dbdf5c8093'. Error: The request was canceled due to the configured HttpClient.Timeout of 100 seconds elapsing. 
Migration Tests (24.0.4, mysql)	UNKNOWN STEP	2025-12-18T11:22:31.2138454Z ##[warning]Back off 21.153 seconds before retry.
Migration Tests (24.0.4, mysql)	UNKNOWN STEP	2025-12-18T11:24:32.3688685Z ##[error]Action 'https://api.github.com/repos/actions/download-artifact/tarball/d3f86a106a0bac45b974a628896c90dbdf5c8093' download has timed out. Error: The request was canceled due to the configured HttpClient.Timeout of 100 seconds elapsing. 
Migration Tests (24.0.4, mysql)	UNKNOWN STEP	2025-12-18T11:24:32.3872241Z Post job cleanup.
Migration Tests (24.0.4, mysql)	UNKNOWN STEP	2025-12-18T11:24:32.4645476Z [command]/usr/bin/git version
Migration Tests (24.0.4, mysql)	UNKNOWN STEP	2025-12-18T11:24:32.4713479Z git version 2.52.0
Migration Tests (24.0.4, mysql)	UNKNOWN STEP	2025-12-18T11:24:32.4751460Z Temporarily overriding HOME='/home/runner/work/_temp/252d1fef-dfac-4b16-b828-c67736abc67d' before making global git config changes
Migration Tests (24.0.4, mysql)	UNKNOWN STEP	2025-12-18T11:24:32.4752805Z Adding repository directory to the temporary git global config as a safe directory
Migration Tests (24.0.4, mysql)	UNKNOWN STEP	2025-12-18T11:24:32.4757359Z [command]/usr/bin/git config --global --add safe.directory /home/runner/work/keycloak/keycloak
Migration Tests (24.0.4, mysql)	UNKNOWN STEP	2025-12-18T11:24:32.4792635Z [command]/usr/bin/git config --local --name-only --get-regexp core\.sshCommand
Migration Tests (24.0.4, mysql)	UNKNOWN STEP	2025-12-18T11:24:32.4824667Z [command]/usr/bin/git submodule foreach --recursive sh -c "git config --local --name-only --get-regexp 'core\.sshCommand' && git config --local --unset-all 'core.sshCommand' || :"
Migration Tests (24.0.4, mysql)	UNKNOWN STEP	2025-12-18T11:24:32.5072908Z [command]/usr/bin/git config --local --name-only --get-regexp http\.https\:\/\/github\.com\/\.extraheader
Migration Tests (24.0.4, mysql)	UNKNOWN STEP	2025-12-18T11:24:32.5095214Z http.https://github.com/.extraheader
Migration Tests (24.0.4, mysql)	UNKNOWN STEP	2025-12-18T11:24:32.5105185Z [command]/usr/bin/git config --local --unset-all http.https://github.com/.extraheader
Migration Tests (24.0.4, mysql)	UNKNOWN STEP	2025-12-18T11:24:32.5136327Z [command]/usr/bin/git submodule foreach --recursive sh -c "git config --local --name-only --get-regexp 'http\.https\:\/\/github\.com\/\.extraheader' && git config --local --unset-all 'http.https://github.com/.extraheader' || :"
Migration Tests (24.0.4, mysql)	UNKNOWN STEP	2025-12-18T11:24:32.5501311Z Cleaning up orphan processes
Status Check - Keycloak CI	UNKNOWN STEP	ï»¿2025-12-18T12:13:47.5754007Z Current runner version: '2.330.0'
Status Check - Keycloak CI	UNKNOWN STEP	2025-12-18T12:13:47.5779063Z ##[group]Runner Image Provisioner
Status Check - Keycloak CI	UNKNOWN STEP	2025-12-18T12:13:47.5780047Z Hosted Compute Agent
Status Check - Keycloak CI	UNKNOWN STEP	2025-12-18T12:13:47.5780551Z Version: 20251211.462
Status Check - Keycloak CI	UNKNOWN STEP	2025-12-18T12:13:47.5781203Z Commit: 6cbad8c2bb55d58165063d031ccabf57e2d2db61
Status Check - Keycloak CI	UNKNOWN STEP	2025-12-18T12:13:47.5781872Z Build Date: 2025-12-11T16:28:49Z
Status Check - Keycloak CI	UNKNOWN STEP	2025-12-18T12:13:47.5782523Z Worker ID: {5d2d629a-cf45-4433-9aa1-c73a04f61972}
Status Check - Keycloak CI	UNKNOWN STEP	2025-12-18T12:13:47.5783257Z ##[endgroup]
Status Check - Keycloak CI	UNKNOWN STEP	2025-12-18T12:13:47.5783753Z ##[group]Operating System
Status Check - Keycloak CI	UNKNOWN STEP	2025-12-18T12:13:47.5784307Z Ubuntu
Status Check - Keycloak CI	UNKNOWN STEP	2025-12-18T12:13:47.5784717Z 24.04.3
Status Check - Keycloak CI	UNKNOWN STEP	2025-12-18T12:13:47.5785228Z LTS
Status Check - Keycloak CI	UNKNOWN STEP	2025-12-18T12:13:47.5785640Z ##[endgroup]
Status Check - Keycloak CI	UNKNOWN STEP	2025-12-18T12:13:47.5786137Z ##[group]Runner Image
Status Check - Keycloak CI	UNKNOWN STEP	2025-12-18T12:13:47.5786727Z Image: ubuntu-24.04
Status Check - Keycloak CI	UNKNOWN STEP	2025-12-18T12:13:47.5787433Z Version: 20251215.174.1
Status Check - Keycloak CI	UNKNOWN STEP	2025-12-18T12:13:47.5788426Z Included Software: https://github.com/actions/runner-images/blob/ubuntu24/20251215.174/images/ubuntu/Ubuntu2404-Readme.md
Status Check - Keycloak CI	UNKNOWN STEP	2025-12-18T12:13:47.5790034Z Image Release: https://github.com/actions/runner-images/releases/tag/ubuntu24%2F20251215.174
Status Check - Keycloak CI	UNKNOWN STEP	2025-12-18T12:13:47.5791001Z ##[endgroup]
Status Check - Keycloak CI	UNKNOWN STEP	2025-12-18T12:13:47.5792036Z ##[group]GITHUB_TOKEN Permissions
Status Check - Keycloak CI	UNKNOWN STEP	2025-12-18T12:13:47.5794144Z Contents: read
Status Check - Keycloak CI	UNKNOWN STEP	2025-12-18T12:13:47.5794784Z Metadata: read
Status Check - Keycloak CI	UNKNOWN STEP	2025-12-18T12:13:47.5795253Z ##[endgroup]
Status Check - Keycloak CI	UNKNOWN STEP	2025-12-18T12:13:47.5797767Z Secret source: None
Status Check - Keycloak CI	UNKNOWN STEP	2025-12-18T12:13:47.5798505Z Prepare workflow directory
Status Check - Keycloak CI	UNKNOWN STEP	2025-12-18T12:13:47.6213098Z Prepare all required actions
Status Check - Keycloak CI	UNKNOWN STEP	2025-12-18T12:13:47.6252399Z Getting action download info
Status Check - Keycloak CI	UNKNOWN STEP	2025-12-18T12:13:47.9559853Z Download action repository 'actions/checkout@08c6903cd8c0fde910a37f88322edcfb5dd907a8' (SHA:08c6903cd8c0fde910a37f88322edcfb5dd907a8)
Status Check - Keycloak CI	UNKNOWN STEP	2025-12-18T12:13:48.1441576Z Complete job name: Status Check - Keycloak CI
Status Check - Keycloak CI	UNKNOWN STEP	2025-12-18T12:13:48.2108693Z ##[group]Run actions/checkout@08c6903cd8c0fde910a37f88322edcfb5dd907a8
Status Check - Keycloak CI	UNKNOWN STEP	2025-12-18T12:13:48.2109706Z with:
Status Check - Keycloak CI	UNKNOWN STEP	2025-12-18T12:13:48.2110097Z   repository: keycloak/keycloak
Status Check - Keycloak CI	UNKNOWN STEP	2025-12-18T12:13:48.2110714Z   token: ***
Status Check - Keycloak CI	UNKNOWN STEP	2025-12-18T12:13:48.2111115Z   ssh-strict: true
Status Check - Keycloak CI	UNKNOWN STEP	2025-12-18T12:13:48.2111586Z   ssh-user: git
Status Check - Keycloak CI	UNKNOWN STEP	2025-12-18T12:13:48.2112184Z   persist-credentials: true
Status Check - Keycloak CI	UNKNOWN STEP	2025-12-18T12:13:48.2112647Z   clean: true
Status Check - Keycloak CI	UNKNOWN STEP	2025-12-18T12:13:48.2113055Z   sparse-checkout-cone-mode: true
Status Check - Keycloak CI	UNKNOWN STEP	2025-12-18T12:13:48.2113529Z   fetch-depth: 1
Status Check - Keycloak CI	UNKNOWN STEP	2025-12-18T12:13:48.2113919Z   fetch-tags: false
Status Check - Keycloak CI	UNKNOWN STEP	2025-12-18T12:13:48.2114322Z   show-progress: true
Status Check - Keycloak CI	UNKNOWN STEP	2025-12-18T12:13:48.2114736Z   lfs: false
Status Check - Keycloak CI	UNKNOWN STEP	2025-12-18T12:13:48.2115114Z   submodules: false
Status Check - Keycloak CI	UNKNOWN STEP	2025-12-18T12:13:48.2115522Z   set-safe-directory: true
Status Check - Keycloak CI	UNKNOWN STEP	2025-12-18T12:13:48.2116530Z env:
Status Check - Keycloak CI	UNKNOWN STEP	2025-12-18T12:13:48.2117272Z   MAVEN_ARGS: -B -nsu -Daether.connector.http.connectionMaxTtl=25
Status Check - Keycloak CI	UNKNOWN STEP	2025-12-18T12:13:48.2118109Z   SUREFIRE_RERUN_FAILING_COUNT: 2
Status Check - Keycloak CI	UNKNOWN STEP	2025-12-18T12:13:48.2118696Z   SUREFIRE_RETRY: -Dsurefire.rerunFailingTestsCount=2
Status Check - Keycloak CI	UNKNOWN STEP	2025-12-18T12:13:48.2119251Z ##[endgroup]
Status Check - Keycloak CI	UNKNOWN STEP	2025-12-18T12:13:48.3032678Z Syncing repository: keycloak/keycloak
Status Check - Keycloak CI	UNKNOWN STEP	2025-12-18T12:13:48.3036173Z ##[group]Getting Git version info
Status Check - Keycloak CI	UNKNOWN STEP	2025-12-18T12:13:48.3039117Z Working directory is '/home/runner/work/keycloak/keycloak'
Status Check - Keycloak CI	UNKNOWN STEP	2025-12-18T12:13:48.3040387Z [command]/usr/bin/git version
Status Check - Keycloak CI	UNKNOWN STEP	2025-12-18T12:13:48.3168827Z git version 2.52.0
Status Check - Keycloak CI	UNKNOWN STEP	2025-12-18T12:13:48.3200069Z ##[endgroup]
Status Check - Keycloak CI	UNKNOWN STEP	2025-12-18T12:13:48.3221033Z Temporarily overriding HOME='/home/runner/work/_temp/56867378-71eb-426c-a3a7-5cba44e63a1d' before making global git config changes
Status Check - Keycloak CI	UNKNOWN STEP	2025-12-18T12:13:48.3223434Z Adding repository directory to the temporary git global config as a safe directory
Status Check - Keycloak CI	UNKNOWN STEP	2025-12-18T12:13:48.3228722Z [command]/usr/bin/git config --global --add safe.directory /home/runner/work/keycloak/keycloak
Status Check - Keycloak CI	UNKNOWN STEP	2025-12-18T12:13:48.3290632Z Deleting the contents of '/home/runner/work/keycloak/keycloak'
Status Check - Keycloak CI	UNKNOWN STEP	2025-12-18T12:13:48.3296195Z ##[group]Initializing the repository
Status Check - Keycloak CI	UNKNOWN STEP	2025-12-18T12:13:48.3300526Z [command]/usr/bin/git init /home/runner/work/keycloak/keycloak
Status Check - Keycloak CI	UNKNOWN STEP	2025-12-18T12:13:48.3439163Z hint: Using 'master' as the name for the initial branch. This default branch name
Status Check - Keycloak CI	UNKNOWN STEP	2025-12-18T12:13:48.3440640Z hint: will change to "main" in Git 3.0. To configure the initial branch name
Status Check - Keycloak CI	UNKNOWN STEP	2025-12-18T12:13:48.3442456Z hint: to use in all of your new repositories, which will suppress this warning,
Status Check - Keycloak CI	UNKNOWN STEP	2025-12-18T12:13:48.3443296Z hint: call:
Status Check - Keycloak CI	UNKNOWN STEP	2025-12-18T12:13:48.3443749Z hint:
Status Check - Keycloak CI	UNKNOWN STEP	2025-12-18T12:13:48.3444563Z hint: 	git config --global init.defaultBranch <name>
Status Check - Keycloak CI	UNKNOWN STEP	2025-12-18T12:13:48.3445573Z hint:
Status Check - Keycloak CI	UNKNOWN STEP	2025-12-18T12:13:48.3446590Z hint: Names commonly chosen instead of 'master' are 'main', 'trunk' and
Status Check - Keycloak CI	UNKNOWN STEP	2025-12-18T12:13:48.3448387Z hint: 'development'. The just-created branch can be renamed via this command:
Status Check - Keycloak CI	UNKNOWN STEP	2025-12-18T12:13:48.3449652Z hint:
Status Check - Keycloak CI	UNKNOWN STEP	2025-12-18T12:13:48.3450316Z hint: 	git branch -m <name>
Status Check - Keycloak CI	UNKNOWN STEP	2025-12-18T12:13:48.3451048Z hint:
Status Check - Keycloak CI	UNKNOWN STEP	2025-12-18T12:13:48.3452039Z hint: Disable this message with "git config set advice.defaultBranchName false"
Status Check - Keycloak CI	UNKNOWN STEP	2025-12-18T12:13:48.3453718Z Initialized empty Git repository in /home/runner/work/keycloak/keycloak/.git/
Status Check - Keycloak CI	UNKNOWN STEP	2025-12-18T12:13:48.3456498Z [command]/usr/bin/git remote add origin https://github.com/keycloak/keycloak
Status Check - Keycloak CI	UNKNOWN STEP	2025-12-18T12:13:48.3492179Z ##[endgroup]
Status Check - Keycloak CI	UNKNOWN STEP	2025-12-18T12:13:48.3493358Z ##[group]Disabling automatic garbage collection
Status Check - Keycloak CI	UNKNOWN STEP	2025-12-18T12:13:48.3496527Z [command]/usr/bin/git config --local gc.auto 0
Status Check - Keycloak CI	UNKNOWN STEP	2025-12-18T12:13:48.3524555Z ##[endgroup]
Status Check - Keycloak CI	UNKNOWN STEP	2025-12-18T12:13:48.3525719Z ##[group]Setting up auth
Status Check - Keycloak CI	UNKNOWN STEP	2025-12-18T12:13:48.3532315Z [command]/usr/bin/git config --local --name-only --get-regexp core\.sshCommand
Status Check - Keycloak CI	UNKNOWN STEP	2025-12-18T12:13:48.3562805Z [command]/usr/bin/git submodule foreach --recursive sh -c "git config --local --name-only --get-regexp 'core\.sshCommand' && git config --local --unset-all 'core.sshCommand' || :"
Status Check - Keycloak CI	UNKNOWN STEP	2025-12-18T12:13:48.3960364Z [command]/usr/bin/git config --local --name-only --get-regexp http\.https\:\/\/github\.com\/\.extraheader
Status Check - Keycloak CI	UNKNOWN STEP	2025-12-18T12:13:48.3991441Z [command]/usr/bin/git submodule foreach --recursive sh -c "git config --local --name-only --get-regexp 'http\.https\:\/\/github\.com\/\.extraheader' && git config --local --unset-all 'http.https://github.com/.extraheader' || :"
Status Check - Keycloak CI	UNKNOWN STEP	2025-12-18T12:13:48.4210225Z [command]/usr/bin/git config --local http.https://github.com/.extraheader AUTHORIZATION: basic ***
Status Check - Keycloak CI	UNKNOWN STEP	2025-12-18T12:13:48.4248223Z ##[endgroup]
Status Check - Keycloak CI	UNKNOWN STEP	2025-12-18T12:13:48.4249009Z ##[group]Fetching the repository
Status Check - Keycloak CI	UNKNOWN STEP	2025-12-18T12:13:48.4256891Z [command]/usr/bin/git -c protocol.version=2 fetch --no-tags --prune --no-recurse-submodules --depth=1 origin +80cce5794ed4f5c41730bf07043c09b72b86da44:refs/remotes/pull/44968/merge
Status Check - Keycloak CI	UNKNOWN STEP	2025-12-18T12:13:51.6569110Z From https://github.com/keycloak/keycloak
Status Check - Keycloak CI	UNKNOWN STEP	2025-12-18T12:13:51.6571191Z  * [new ref]         80cce5794ed4f5c41730bf07043c09b72b86da44 -> pull/44968/merge
Status Check - Keycloak CI	UNKNOWN STEP	2025-12-18T12:13:51.6600180Z ##[endgroup]
Status Check - Keycloak CI	UNKNOWN STEP	2025-12-18T12:13:51.6601429Z ##[group]Determining the checkout info
Status Check - Keycloak CI	UNKNOWN STEP	2025-12-18T12:13:51.6603045Z ##[endgroup]
Status Check - Keycloak CI	UNKNOWN STEP	2025-12-18T12:13:51.6607451Z [command]/usr/bin/git sparse-checkout disable
Status Check - Keycloak CI	UNKNOWN STEP	2025-12-18T12:13:51.6649759Z [command]/usr/bin/git config --local --unset-all extensions.worktreeConfig
Status Check - Keycloak CI	UNKNOWN STEP	2025-12-18T12:13:51.6676887Z ##[group]Checking out the ref
Status Check - Keycloak CI	UNKNOWN STEP	2025-12-18T12:13:51.6680998Z [command]/usr/bin/git checkout --progress --force refs/remotes/pull/44968/merge
Status Check - Keycloak CI	UNKNOWN STEP	2025-12-18T12:13:52.5212624Z Note: switching to 'refs/remotes/pull/44968/merge'.
Status Check - Keycloak CI	UNKNOWN STEP	2025-12-18T12:13:52.5213564Z 
Status Check - Keycloak CI	UNKNOWN STEP	2025-12-18T12:13:52.5214057Z You are in 'detached HEAD' state. You can look around, make experimental
Status Check - Keycloak CI	UNKNOWN STEP	2025-12-18T12:13:52.5215168Z changes and commit them, and you can discard any commits you make in this
Status Check - Keycloak CI	UNKNOWN STEP	2025-12-18T12:13:52.5216286Z state without impacting any branches by switching back to a branch.
Status Check - Keycloak CI	UNKNOWN STEP	2025-12-18T12:13:52.5216901Z 
Status Check - Keycloak CI	UNKNOWN STEP	2025-12-18T12:13:52.5217550Z If you want to create a new branch to retain commits you create, you may
Status Check - Keycloak CI	UNKNOWN STEP	2025-12-18T12:13:52.5218281Z do so (now or later) by using -c with the switch command. Example:
Status Check - Keycloak CI	UNKNOWN STEP	2025-12-18T12:13:52.5218574Z 
Status Check - Keycloak CI	UNKNOWN STEP	2025-12-18T12:13:52.5218760Z   git switch -c <new-branch-name>
Status Check - Keycloak CI	UNKNOWN STEP	2025-12-18T12:13:52.5218969Z 
Status Check - Keycloak CI	UNKNOWN STEP	2025-12-18T12:13:52.5219111Z Or undo this operation with:
Status Check - Keycloak CI	UNKNOWN STEP	2025-12-18T12:13:52.5219298Z 
Status Check - Keycloak CI	UNKNOWN STEP	2025-12-18T12:13:52.5219416Z   git switch -
Status Check - Keycloak CI	UNKNOWN STEP	2025-12-18T12:13:52.5219571Z 
Status Check - Keycloak CI	UNKNOWN STEP	2025-12-18T12:13:52.5219839Z Turn off this advice by setting config variable advice.detachedHead to false
Status Check - Keycloak CI	UNKNOWN STEP	2025-12-18T12:13:52.5220462Z 
Status Check - Keycloak CI	UNKNOWN STEP	2025-12-18T12:13:52.5220850Z HEAD is now at 80cce57 Merge 1855cb03afa3bb6f86e22dcbb7e7598d57268909 into 08e96435c841e333c87abc91264497f30d502afb
Status Check - Keycloak CI	UNKNOWN STEP	2025-12-18T12:13:52.5247354Z ##[endgroup]
Status Check - Keycloak CI	UNKNOWN STEP	2025-12-18T12:13:52.5285173Z [command]/usr/bin/git log -1 --format=%H
Status Check - Keycloak CI	UNKNOWN STEP	2025-12-18T12:13:52.5307644Z 80cce5794ed4f5c41730bf07043c09b72b86da44
Status Check - Keycloak CI	UNKNOWN STEP	2025-12-18T12:13:52.5549783Z Prepare all required actions
Status Check - Keycloak CI	UNKNOWN STEP	2025-12-18T12:13:52.5621968Z ##[group]Run ./.github/actions/status-check
Status Check - Keycloak CI	UNKNOWN STEP	2025-12-18T12:13:52.5622283Z with:
Status Check - Keycloak CI	UNKNOWN STEP	2025-12-18T12:13:52.5627130Z   jobs: {
Status Check - Keycloak CI	UNKNOWN STEP	  "conditional": {
Status Check - Keycloak CI	UNKNOWN STEP	    "result": "success",
Status Check - Keycloak CI	UNKNOWN STEP	    "outputs": {
Status Check - Keycloak CI	UNKNOWN STEP	      "ci-compatibility-matrix": "skip",
Status Check - Keycloak CI	UNKNOWN STEP	      "ci": "true",
Status Check - Keycloak CI	UNKNOWN STEP	      "ci-quarkus": "false",
Status Check - Keycloak CI	UNKNOWN STEP	      "ci-aurora": "false",
Status Check - Keycloak CI	UNKNOWN STEP	      "ci-azure": "false",
Status Check - Keycloak CI	UNKNOWN STEP	      "ci-additional-dbs": "false",
Status Check - Keycloak CI	UNKNOWN STEP	      "ci-admin-v2": "false",
Status Check - Keycloak CI	UNKNOWN STEP	      "ci-store": "true",
Status Check - Keycloak CI	UNKNOWN STEP	      "ci-sssd": "false",
Status Check - Keycloak CI	UNKNOWN STEP	      "ci-webauthn": "true"
Status Check - Keycloak CI	UNKNOWN STEP	    }
Status Check - Keycloak CI	UNKNOWN STEP	  },
Status Check - Keycloak CI	UNKNOWN STEP	  "build": {
Status Check - Keycloak CI	UNKNOWN STEP	    "result": "success",
Status Check - Keycloak CI	UNKNOWN STEP	    "outputs": {}
Status Check - Keycloak CI	UNKNOWN STEP	  },
Status Check - Keycloak CI	UNKNOWN STEP	  "unit-tests": {
Status Check - Keycloak CI	UNKNOWN STEP	    "result": "success",
Status Check - Keycloak CI	UNKNOWN STEP	    "outputs": {}
Status Check - Keycloak CI	UNKNOWN STEP	  },
Status Check - Keycloak CI	UNKNOWN STEP	  "base-integration-tests": {
Status Check - Keycloak CI	UNKNOWN STEP	    "result": "success",
Status Check - Keycloak CI	UNKNOWN STEP	    "outputs": {}
Status Check - Keycloak CI	UNKNOWN STEP	  },
Status Check - Keycloak CI	UNKNOWN STEP	  "adapter-integration-tests": {
Status Check - Keycloak CI	UNKNOWN STEP	    "result": "success",
Status Check - Keycloak CI	UNKNOWN STEP	    "outputs": {}
Status Check - Keycloak CI	UNKNOWN STEP	  },
Status Check - Keycloak CI	UNKNOWN STEP	  "adapter-integration-tests-strict-cookies": {
Status Check - Keycloak CI	UNKNOWN STEP	    "result": "success",
Status Check - Keycloak CI	UNKNOWN STEP	    "outputs": {}
Status Check - Keycloak CI	UNKNOWN STEP	  },
Status Check - Keycloak CI	UNKNOWN STEP	  "quarkus-unit-tests": {
Status Check - Keycloak CI	UNKNOWN STEP	    "result": "skipped",
Status Check - Keycloak CI	UNKNOWN STEP	    "outputs": {}
Status Check - Keycloak CI	UNKNOWN STEP	  },
Status Check - Keycloak CI	UNKNOWN STEP	  "quarkus-integration-tests": {
Status Check - Keycloak CI	UNKNOWN STEP	    "result": "success",
Status Check - Keycloak CI	UNKNOWN STEP	    "outputs": {}
Status Check - Keycloak CI	UNKNOWN STEP	  },
Status Check - Keycloak CI	UNKNOWN STEP	  "jdk-integration-tests": {
Status Check - Keycloak CI	UNKNOWN STEP	    "result": "success",
Status Check - Keycloak CI	UNKNOWN STEP	    "outputs": {}
Status Check - Keycloak CI	UNKNOWN STEP	  },
Status Check - Keycloak CI	UNKNOWN STEP	  "store-integration-tests": {
Status Check - Keycloak CI	UNKNOWN STEP	    "result": "success",
Status Check - Keycloak CI	UNKNOWN STEP	    "outputs": {}
Status Check - Keycloak CI	UNKNOWN STEP	  },
Status Check - Keycloak CI	UNKNOWN STEP	  "volatile-sessions-tests": {
Status Check - Keycloak CI	UNKNOWN STEP	    "result": "success",
Status Check - Keycloak CI	UNKNOWN STEP	    "outputs": {}
Status Check - Keycloak CI	UNKNOWN STEP	  },
Status Check - Keycloak CI	UNKNOWN STEP	  "store-model-tests": {
Status Check - Keycloak CI	UNKNOWN STEP	    "result": "success",
Status Check - Keycloak CI	UNKNOWN STEP	    "outputs": {}
Status Check - Keycloak CI	UNKNOWN STEP	  },
Status Check - Keycloak CI	UNKNOWN STEP	  "clustering-integration-tests": {
Status Check - Keycloak CI	UNKNOWN STEP	    "result": "success",
Status Check - Keycloak CI	UNKNOWN STEP	    "outputs": {}
Status Check - Keycloak CI	UNKNOWN STEP	  },
Status Check - Keycloak CI	UNKNOWN STEP	  "fips-unit-tests": {
Status Check - Keycloak CI	UNKNOWN STEP	    "result": "success",
Status Check - Keycloak CI	UNKNOWN STEP	    "outputs": {}
Status Check - Keycloak CI	UNKNOWN STEP	  },
Status Check - Keycloak CI	UNKNOWN STEP	  "fips-integration-tests": {
Status Check - Keycloak CI	UNKNOWN STEP	    "result": "success",
Status Check - Keycloak CI	UNKNOWN STEP	    "outputs": {}
Status Check - Keycloak CI	UNKNOWN STEP	  },
Status Check - Keycloak CI	UNKNOWN STEP	  "forms-integration-tests": {
Status Check - Keycloak CI	UNKNOWN STEP	    "result": "success",
Status Check - Keycloak CI	UNKNOWN STEP	    "outputs": {}
Status Check - Keycloak CI	UNKNOWN STEP	  },
Status Check - Keycloak CI	UNKNOWN STEP	  "webauthn-integration-tests": {
Status Check - Keycloak CI	UNKNOWN STEP	    "result": "success",
Status Check - Keycloak CI	UNKNOWN STEP	    "outputs": {}
Status Check - Keycloak CI	UNKNOWN STEP	  },
Status Check - Keycloak CI	UNKNOWN STEP	  "sssd-unit-tests": {
Status Check - Keycloak CI	UNKNOWN STEP	    "result": "skipped",
Status Check - Keycloak CI	UNKNOWN STEP	    "outputs": {}
Status Check - Keycloak CI	UNKNOWN STEP	  },
Status Check - Keycloak CI	UNKNOWN STEP	  "migration-tests": {
Status Check - Keycloak CI	UNKNOWN STEP	    "result": "failure",
Status Check - Keycloak CI	UNKNOWN STEP	    "outputs": {}
Status Check - Keycloak CI	UNKNOWN STEP	  },
Status Check - Keycloak CI	UNKNOWN STEP	  "external-infinispan-tests": {
Status Check - Keycloak CI	UNKNOWN STEP	    "result": "success",
Status Check - Keycloak CI	UNKNOWN STEP	    "outputs": {}
Status Check - Keycloak CI	UNKNOWN STEP	  },
Status Check - Keycloak CI	UNKNOWN STEP	  "test-framework": {
Status Check - Keycloak CI	UNKNOWN STEP	    "result": "success",
Status Check - Keycloak CI	UNKNOWN STEP	    "outputs": {}
Status Check - Keycloak CI	UNKNOWN STEP	  },
Status Check - Keycloak CI	UNKNOWN STEP	  "base-new-integration-tests": {
Status Check - Keycloak CI	UNKNOWN STEP	    "result": "success",
Status Check - Keycloak CI	UNKNOWN STEP	    "outputs": {}
Status Check - Keycloak CI	UNKNOWN STEP	  },
Status Check - Keycloak CI	UNKNOWN STEP	  "mixed-cluster-compatibility-tests": {
Status Check - Keycloak CI	UNKNOWN STEP	    "result": "skipped",
Status Check - Keycloak CI	UNKNOWN STEP	    "outputs": {}
Status Check - Keycloak CI	UNKNOWN STEP	  },
Status Check - Keycloak CI	UNKNOWN STEP	  "admin-v2-tests": {
Status Check - Keycloak CI	UNKNOWN STEP	    "result": "skipped",
Status Check - Keycloak CI	UNKNOWN STEP	    "outputs": {}
Status Check - Keycloak CI	UNKNOWN STEP	  }
Status Check - Keycloak CI	UNKNOWN STEP	}
Status Check - Keycloak CI	UNKNOWN STEP	2025-12-18T12:13:52.5632071Z env:
Status Check - Keycloak CI	UNKNOWN STEP	2025-12-18T12:13:52.5632379Z   MAVEN_ARGS: -B -nsu -Daether.connector.http.connectionMaxTtl=25
Status Check - Keycloak CI	UNKNOWN STEP	2025-12-18T12:13:52.5632752Z   SUREFIRE_RERUN_FAILING_COUNT: 2
Status Check - Keycloak CI	UNKNOWN STEP	2025-12-18T12:13:52.5633206Z   SUREFIRE_RETRY: -Dsurefire.rerunFailingTestsCount=2
Status Check - Keycloak CI	UNKNOWN STEP	2025-12-18T12:13:52.5633522Z ##[endgroup]
Status Check - Keycloak CI	UNKNOWN STEP	2025-12-18T12:13:52.5734290Z ##[group]Run JOBS='{
Status Check - Keycloak CI	UNKNOWN STEP	2025-12-18T12:13:52.5734658Z [36;1mJOBS='{[0m
Status Check - Keycloak CI	UNKNOWN STEP	2025-12-18T12:13:52.5734885Z [36;1m  "conditional": {[0m
Status Check - Keycloak CI	UNKNOWN STEP	2025-12-18T12:13:52.5735141Z [36;1m    "result": "success",[0m
Status Check - Keycloak CI	UNKNOWN STEP	2025-12-18T12:13:52.5735401Z [36;1m    "outputs": {[0m
Status Check - Keycloak CI	UNKNOWN STEP	2025-12-18T12:13:52.5735703Z [36;1m      "ci-compatibility-matrix": "skip",[0m
Status Check - Keycloak CI	UNKNOWN STEP	2025-12-18T12:13:52.5736030Z [36;1m      "ci": "true",[0m
Status Check - Keycloak CI	UNKNOWN STEP	2025-12-18T12:13:52.5736291Z [36;1m      "ci-quarkus": "false",[0m
Status Check - Keycloak CI	UNKNOWN STEP	2025-12-18T12:13:52.5736568Z [36;1m      "ci-aurora": "false",[0m
Status Check - Keycloak CI	UNKNOWN STEP	2025-12-18T12:13:52.5736837Z [36;1m      "ci-azure": "false",[0m
Status Check - Keycloak CI	UNKNOWN STEP	2025-12-18T12:13:52.5737332Z [36;1m      "ci-additional-dbs": "false",[0m
Status Check - Keycloak CI	UNKNOWN STEP	2025-12-18T12:13:52.5737621Z [36;1m      "ci-admin-v2": "false",[0m
Status Check - Keycloak CI	UNKNOWN STEP	2025-12-18T12:13:52.5737897Z [36;1m      "ci-store": "true",[0m
Status Check - Keycloak CI	UNKNOWN STEP	2025-12-18T12:13:52.5738151Z [36;1m      "ci-sssd": "false",[0m
Status Check - Keycloak CI	UNKNOWN STEP	2025-12-18T12:13:52.5738411Z [36;1m      "ci-webauthn": "true"[0m
Status Check - Keycloak CI	UNKNOWN STEP	2025-12-18T12:13:52.5738665Z [36;1m    }[0m
Status Check - Keycloak CI	UNKNOWN STEP	2025-12-18T12:13:52.5739060Z [36;1m  },[0m
Status Check - Keycloak CI	UNKNOWN STEP	2025-12-18T12:13:52.5739259Z [36;1m  "build": {[0m
Status Check - Keycloak CI	UNKNOWN STEP	2025-12-18T12:13:52.5739493Z [36;1m    "result": "success",[0m
Status Check - Keycloak CI	UNKNOWN STEP	2025-12-18T12:13:52.5739755Z [36;1m    "outputs": {}[0m
Status Check - Keycloak CI	UNKNOWN STEP	2025-12-18T12:13:52.5739982Z [36;1m  },[0m
Status Check - Keycloak CI	UNKNOWN STEP	2025-12-18T12:13:52.5740192Z [36;1m  "unit-tests": {[0m
Status Check - Keycloak CI	UNKNOWN STEP	2025-12-18T12:13:52.5740453Z [36;1m    "result": "success",[0m
Status Check - Keycloak CI	UNKNOWN STEP	2025-12-18T12:13:52.5740880Z [36;1m    "outputs": {}[0m
Status Check - Keycloak CI	UNKNOWN STEP	2025-12-18T12:13:52.5741113Z [36;1m  },[0m
Status Check - Keycloak CI	UNKNOWN STEP	2025-12-18T12:13:52.5741340Z [36;1m  "base-integration-tests": {[0m
Status Check - Keycloak CI	UNKNOWN STEP	2025-12-18T12:13:52.5741617Z [36;1m    "result": "success",[0m
Status Check - Keycloak CI	UNKNOWN STEP	2025-12-18T12:13:52.5741871Z [36;1m    "outputs": {}[0m
Status Check - Keycloak CI	UNKNOWN STEP	2025-12-18T12:13:52.5742094Z [36;1m  },[0m
Status Check - Keycloak CI	UNKNOWN STEP	2025-12-18T12:13:52.5742324Z [36;1m  "adapter-integration-tests": {[0m
Status Check - Keycloak CI	UNKNOWN STEP	2025-12-18T12:13:52.5742608Z [36;1m    "result": "success",[0m
Status Check - Keycloak CI	UNKNOWN STEP	2025-12-18T12:13:52.5742853Z [36;1m    "outputs": {}[0m
Status Check - Keycloak CI	UNKNOWN STEP	2025-12-18T12:13:52.5743083Z [36;1m  },[0m
Status Check - Keycloak CI	UNKNOWN STEP	2025-12-18T12:13:52.5743347Z [36;1m  "adapter-integration-tests-strict-cookies": {[0m
Status Check - Keycloak CI	UNKNOWN STEP	2025-12-18T12:13:52.5743704Z [36;1m    "result": "success",[0m
Status Check - Keycloak CI	UNKNOWN STEP	2025-12-18T12:13:52.5743952Z [36;1m    "outputs": {}[0m
Status Check - Keycloak CI	UNKNOWN STEP	2025-12-18T12:13:52.5744185Z [36;1m  },[0m
Status Check - Keycloak CI	UNKNOWN STEP	2025-12-18T12:13:52.5744392Z [36;1m  "quarkus-unit-tests": {[0m
Status Check - Keycloak CI	UNKNOWN STEP	2025-12-18T12:13:52.5744659Z [36;1m    "result": "skipped",[0m
Status Check - Keycloak CI	UNKNOWN STEP	2025-12-18T12:13:52.5744913Z [36;1m    "outputs": {}[0m
Status Check - Keycloak CI	UNKNOWN STEP	2025-12-18T12:13:52.5745136Z [36;1m  },[0m
Status Check - Keycloak CI	UNKNOWN STEP	2025-12-18T12:13:52.5745366Z [36;1m  "quarkus-integration-tests": {[0m
Status Check - Keycloak CI	UNKNOWN STEP	2025-12-18T12:13:52.5745716Z [36;1m    "result": "success",[0m
Status Check - Keycloak CI	UNKNOWN STEP	2025-12-18T12:13:52.5745983Z [36;1m    "outputs": {}[0m
Status Check - Keycloak CI	UNKNOWN STEP	2025-12-18T12:13:52.5746215Z [36;1m  },[0m
Status Check - Keycloak CI	UNKNOWN STEP	2025-12-18T12:13:52.5746430Z [36;1m  "jdk-integration-tests": {[0m
Status Check - Keycloak CI	UNKNOWN STEP	2025-12-18T12:13:52.5746700Z [36;1m    "result": "success",[0m
Status Check - Keycloak CI	UNKNOWN STEP	2025-12-18T12:13:52.5747098Z [36;1m    "outputs": {}[0m
Status Check - Keycloak CI	UNKNOWN STEP	2025-12-18T12:13:52.5747333Z [36;1m  },[0m
Status Check - Keycloak CI	UNKNOWN STEP	2025-12-18T12:13:52.5747550Z [36;1m  "store-integration-tests": {[0m
Status Check - Keycloak CI	UNKNOWN STEP	2025-12-18T12:13:52.5747831Z [36;1m    "result": "success",[0m
Status Check - Keycloak CI	UNKNOWN STEP	2025-12-18T12:13:52.5748084Z [36;1m    "outputs": {}[0m
Status Check - Keycloak CI	UNKNOWN STEP	2025-12-18T12:13:52.5748312Z [36;1m  },[0m
Status Check - Keycloak CI	UNKNOWN STEP	2025-12-18T12:13:52.5748535Z [36;1m  "volatile-sessions-tests": {[0m
Status Check - Keycloak CI	UNKNOWN STEP	2025-12-18T12:13:52.5748806Z [36;1m    "result": "success",[0m
Status Check - Keycloak CI	UNKNOWN STEP	2025-12-18T12:13:52.5749058Z [36;1m    "outputs": {}[0m
Status Check - Keycloak CI	UNKNOWN STEP	2025-12-18T12:13:52.5749278Z [36;1m  },[0m
Status Check - Keycloak CI	UNKNOWN STEP	2025-12-18T12:13:52.5749494Z [36;1m  "store-model-tests": {[0m
Status Check - Keycloak CI	UNKNOWN STEP	2025-12-18T12:13:52.5749750Z [36;1m    "result": "success",[0m
Status Check - Keycloak CI	UNKNOWN STEP	2025-12-18T12:13:52.5749996Z [36;1m    "outputs": {}[0m
Status Check - Keycloak CI	UNKNOWN STEP	2025-12-18T12:13:52.5750219Z [36;1m  },[0m
Status Check - Keycloak CI	UNKNOWN STEP	2025-12-18T12:13:52.5750453Z [36;1m  "clustering-integration-tests": {[0m
Status Check - Keycloak CI	UNKNOWN STEP	2025-12-18T12:13:52.5750745Z [36;1m    "result": "success",[0m
Status Check - Keycloak CI	UNKNOWN STEP	2025-12-18T12:13:52.5750991Z [36;1m    "outputs": {}[0m
Status Check - Keycloak CI	UNKNOWN STEP	2025-12-18T12:13:52.5751222Z [36;1m  },[0m
Status Check - Keycloak CI	UNKNOWN STEP	2025-12-18T12:13:52.5751428Z [36;1m  "fips-unit-tests": {[0m
Status Check - Keycloak CI	UNKNOWN STEP	2025-12-18T12:13:52.5751685Z [36;1m    "result": "success",[0m
Status Check - Keycloak CI	UNKNOWN STEP	2025-12-18T12:13:52.5751929Z [36;1m    "outputs": {}[0m
Status Check - Keycloak CI	UNKNOWN STEP	2025-12-18T12:13:52.5752159Z [36;1m  },[0m
Status Check - Keycloak CI	UNKNOWN STEP	2025-12-18T12:13:52.5752371Z [36;1m  "fips-integration-tests": {[0m
Status Check - Keycloak CI	UNKNOWN STEP	2025-12-18T12:13:52.5752644Z [36;1m    "result": "success",[0m
Status Check - Keycloak CI	UNKNOWN STEP	2025-12-18T12:13:52.5752888Z [36;1m    "outputs": {}[0m
Status Check - Keycloak CI	UNKNOWN STEP	2025-12-18T12:13:52.5753118Z [36;1m  },[0m
Status Check - Keycloak CI	UNKNOWN STEP	2025-12-18T12:13:52.5753347Z [36;1m  "forms-integration-tests": {[0m
Status Check - Keycloak CI	UNKNOWN STEP	2025-12-18T12:13:52.5753629Z [36;1m    "result": "success",[0m
Status Check - Keycloak CI	UNKNOWN STEP	2025-12-18T12:13:52.5753885Z [36;1m    "outputs": {}[0m
Status Check - Keycloak CI	UNKNOWN STEP	2025-12-18T12:13:52.5754109Z [36;1m  },[0m
Status Check - Keycloak CI	UNKNOWN STEP	2025-12-18T12:13:52.5754339Z [36;1m  "webauthn-integration-tests": {[0m
Status Check - Keycloak CI	UNKNOWN STEP	2025-12-18T12:13:52.5754616Z [36;1m    "result": "success",[0m
Status Check - Keycloak CI	UNKNOWN STEP	2025-12-18T12:13:52.5754869Z [36;1m    "outputs": {}[0m
Status Check - Keycloak CI	UNKNOWN STEP	2025-12-18T12:13:52.5755088Z [36;1m  },[0m
Status Check - Keycloak CI	UNKNOWN STEP	2025-12-18T12:13:52.5755301Z [36;1m  "sssd-unit-tests": {[0m
Status Check - Keycloak CI	UNKNOWN STEP	2025-12-18T12:13:52.5755555Z [36;1m    "result": "skipped",[0m
Status Check - Keycloak CI	UNKNOWN STEP	2025-12-18T12:13:52.5755803Z [36;1m    "outputs": {}[0m
Status Check - Keycloak CI	UNKNOWN STEP	2025-12-18T12:13:52.5756027Z [36;1m  },[0m
Status Check - Keycloak CI	UNKNOWN STEP	2025-12-18T12:13:52.5756228Z [36;1m  "migration-tests": {[0m
Status Check - Keycloak CI	UNKNOWN STEP	2025-12-18T12:13:52.5756626Z [36;1m    "result": "failure",[0m
Status Check - Keycloak CI	UNKNOWN STEP	2025-12-18T12:13:52.5756875Z [36;1m    "outputs": {}[0m
Status Check - Keycloak CI	UNKNOWN STEP	2025-12-18T12:13:52.5757215Z [36;1m  },[0m
Status Check - Keycloak CI	UNKNOWN STEP	2025-12-18T12:13:52.5757434Z [36;1m  "external-infinispan-tests": {[0m
Status Check - Keycloak CI	UNKNOWN STEP	2025-12-18T12:13:52.5757721Z [36;1m    "result": "success",[0m
Status Check - Keycloak CI	UNKNOWN STEP	2025-12-18T12:13:52.5757966Z [36;1m    "outputs": {}[0m
Status Check - Keycloak CI	UNKNOWN STEP	2025-12-18T12:13:52.5758345Z [36;1m  },[0m
Status Check - Keycloak CI	UNKNOWN STEP	2025-12-18T12:13:52.5758560Z [36;1m  "test-framework": {[0m
Status Check - Keycloak CI	UNKNOWN STEP	2025-12-18T12:13:52.5758805Z [36;1m    "result": "success",[0m
Status Check - Keycloak CI	UNKNOWN STEP	2025-12-18T12:13:52.5759054Z [36;1m    "outputs": {}[0m
Status Check - Keycloak CI	UNKNOWN STEP	2025-12-18T12:13:52.5759278Z [36;1m  },[0m
Status Check - Keycloak CI	UNKNOWN STEP	2025-12-18T12:13:52.5759507Z [36;1m  "base-new-integration-tests": {[0m
Status Check - Keycloak CI	UNKNOWN STEP	2025-12-18T12:13:52.5759782Z [36;1m    "result": "success",[0m
Status Check - Keycloak CI	UNKNOWN STEP	2025-12-18T12:13:52.5760031Z [36;1m    "outputs": {}[0m
Status Check - Keycloak CI	UNKNOWN STEP	2025-12-18T12:13:52.5760249Z [36;1m  },[0m
Status Check - Keycloak CI	UNKNOWN STEP	2025-12-18T12:13:52.5760488Z [36;1m  "mixed-cluster-compatibility-tests": {[0m
Status Check - Keycloak CI	UNKNOWN STEP	2025-12-18T12:13:52.5760789Z [36;1m    "result": "skipped",[0m
Status Check - Keycloak CI	UNKNOWN STEP	2025-12-18T12:13:52.5761037Z [36;1m    "outputs": {}[0m
Status Check - Keycloak CI	UNKNOWN STEP	2025-12-18T12:13:52.5761264Z [36;1m  },[0m
Status Check - Keycloak CI	UNKNOWN STEP	2025-12-18T12:13:52.5761466Z [36;1m  "admin-v2-tests": {[0m
Status Check - Keycloak CI	UNKNOWN STEP	2025-12-18T12:13:52.5761714Z [36;1m    "result": "skipped",[0m
Status Check - Keycloak CI	UNKNOWN STEP	2025-12-18T12:13:52.5761957Z [36;1m    "outputs": {}[0m
Status Check - Keycloak CI	UNKNOWN STEP	2025-12-18T12:13:52.5762181Z [36;1m  }[0m
Status Check - Keycloak CI	UNKNOWN STEP	2025-12-18T12:13:52.5762368Z [36;1m}'[0m
Status Check - Keycloak CI	UNKNOWN STEP	2025-12-18T12:13:52.5762583Z [36;1m[0m
Status Check - Keycloak CI	UNKNOWN STEP	2025-12-18T12:13:52.5762784Z [36;1mecho "Job status:"[0m
Status Check - Keycloak CI	UNKNOWN STEP	2025-12-18T12:13:52.5763120Z [36;1mecho $JOBS | jq -r 'to_entries[] | " - \(.key): \(.value.result)"'[0m
Status Check - Keycloak CI	UNKNOWN STEP	2025-12-18T12:13:52.5763463Z [36;1m[0m
Status Check - Keycloak CI	UNKNOWN STEP	2025-12-18T12:13:52.5763731Z [36;1mfor i in $(echo $JOBS | jq -r 'to_entries[] | .value.result'); do[0m
Status Check - Keycloak CI	UNKNOWN STEP	2025-12-18T12:13:52.5764122Z [36;1m  if [ "$i" != "success" ] && [ "$i" != "skipped" ]; then[0m
Status Check - Keycloak CI	UNKNOWN STEP	2025-12-18T12:13:52.5764419Z [36;1m    echo ""[0m
Status Check - Keycloak CI	UNKNOWN STEP	2025-12-18T12:13:52.5764658Z [36;1m    echo "Status check not okay!"[0m
Status Check - Keycloak CI	UNKNOWN STEP	2025-12-18T12:13:52.5764924Z [36;1m    exit 1[0m
Status Check - Keycloak CI	UNKNOWN STEP	2025-12-18T12:13:52.5765143Z [36;1m  fi[0m
Status Check - Keycloak CI	UNKNOWN STEP	2025-12-18T12:13:52.5765342Z [36;1mdone[0m
Status Check - Keycloak CI	UNKNOWN STEP	2025-12-18T12:13:52.5802528Z shell: /usr/bin/bash --noprofile --norc -e -o pipefail {0}
Status Check - Keycloak CI	UNKNOWN STEP	2025-12-18T12:13:52.5802902Z env:
Status Check - Keycloak CI	UNKNOWN STEP	2025-12-18T12:13:52.5803205Z   MAVEN_ARGS: -B -nsu -Daether.connector.http.connectionMaxTtl=25
Status Check - Keycloak CI	UNKNOWN STEP	2025-12-18T12:13:52.5803574Z   SUREFIRE_RERUN_FAILING_COUNT: 2
Status Check - Keycloak CI	UNKNOWN STEP	2025-12-18T12:13:52.5803916Z   SUREFIRE_RETRY: -Dsurefire.rerunFailingTestsCount=2
Status Check - Keycloak CI	UNKNOWN STEP	2025-12-18T12:13:52.5804241Z ##[endgroup]
Status Check - Keycloak CI	UNKNOWN STEP	2025-12-18T12:13:52.5876499Z Job status:
Status Check - Keycloak CI	UNKNOWN STEP	2025-12-18T12:13:52.5905741Z  - conditional: success
Status Check - Keycloak CI	UNKNOWN STEP	2025-12-18T12:13:52.5906180Z  - build: success
Status Check - Keycloak CI	UNKNOWN STEP	2025-12-18T12:13:52.5906571Z  - unit-tests: success
Status Check - Keycloak CI	UNKNOWN STEP	2025-12-18T12:13:52.5906888Z  - base-integration-tests: success
Status Check - Keycloak CI	UNKNOWN STEP	2025-12-18T12:13:52.5907417Z  - adapter-integration-tests: success
Status Check - Keycloak CI	UNKNOWN STEP	2025-12-18T12:13:52.5907779Z  - adapter-integration-tests-strict-cookies: success
Status Check - Keycloak CI	UNKNOWN STEP	2025-12-18T12:13:52.5908129Z  - quarkus-unit-tests: skipped
Status Check - Keycloak CI	UNKNOWN STEP	2025-12-18T12:13:52.5908411Z  - quarkus-integration-tests: success
Status Check - Keycloak CI	UNKNOWN STEP	2025-12-18T12:13:52.5908735Z  - jdk-integration-tests: success
Status Check - Keycloak CI	UNKNOWN STEP	2025-12-18T12:13:52.5909018Z  - store-integration-tests: success
Status Check - Keycloak CI	UNKNOWN STEP	2025-12-18T12:13:52.5909300Z  - volatile-sessions-tests: success
Status Check - Keycloak CI	UNKNOWN STEP	2025-12-18T12:13:52.5909585Z  - store-model-tests: success
Status Check - Keycloak CI	UNKNOWN STEP	2025-12-18T12:13:52.5909865Z  - clustering-integration-tests: success
Status Check - Keycloak CI	UNKNOWN STEP	2025-12-18T12:13:52.5910172Z  - fips-unit-tests: success
Status Check - Keycloak CI	UNKNOWN STEP	2025-12-18T12:13:52.5910450Z  - fips-integration-tests: success
Status Check - Keycloak CI	UNKNOWN STEP	2025-12-18T12:13:52.5910738Z  - forms-integration-tests: success
Status Check - Keycloak CI	UNKNOWN STEP	2025-12-18T12:13:52.5911019Z  - webauthn-integration-tests: success
Status Check - Keycloak CI	UNKNOWN STEP	2025-12-18T12:13:52.5911323Z  - sssd-unit-tests: skipped
Status Check - Keycloak CI	UNKNOWN STEP	2025-12-18T12:13:52.5911579Z  - migration-tests: failure
Status Check - Keycloak CI	UNKNOWN STEP	2025-12-18T12:13:52.5911884Z  - external-infinispan-tests: success
Status Check - Keycloak CI	UNKNOWN STEP	2025-12-18T12:13:52.5912177Z  - test-framework: success
Status Check - Keycloak CI	UNKNOWN STEP	2025-12-18T12:13:52.5912442Z  - base-new-integration-tests: success
Status Check - Keycloak CI	UNKNOWN STEP	2025-12-18T12:13:52.5912855Z  - mixed-cluster-compatibility-tests: skipped
Status Check - Keycloak CI	UNKNOWN STEP	2025-12-18T12:13:52.5913388Z  - admin-v2-tests: skipped
Status Check - Keycloak CI	UNKNOWN STEP	2025-12-18T12:13:52.5941664Z 
Status Check - Keycloak CI	UNKNOWN STEP	2025-12-18T12:13:52.5941881Z Status check not okay!
Status Check - Keycloak CI	UNKNOWN STEP	2025-12-18T12:13:52.5954481Z ##[error]Process completed with exit code 1.
Status Check - Keycloak CI	UNKNOWN STEP	2025-12-18T12:13:52.6148917Z Post job cleanup.
Status Check - Keycloak CI	UNKNOWN STEP	2025-12-18T12:13:52.6904393Z [command]/usr/bin/git version
Status Check - Keycloak CI	UNKNOWN STEP	2025-12-18T12:13:52.6973088Z git version 2.52.0
Status Check - Keycloak CI	UNKNOWN STEP	2025-12-18T12:13:52.7013413Z Temporarily overriding HOME='/home/runner/work/_temp/8523b85e-d2ac-48a2-ad0e-13df1a9ba4ea' before making global git config changes
Status Check - Keycloak CI	UNKNOWN STEP	2025-12-18T12:13:52.7014846Z Adding repository directory to the temporary git global config as a safe directory
Status Check - Keycloak CI	UNKNOWN STEP	2025-12-18T12:13:52.7019818Z [command]/usr/bin/git config --global --add safe.directory /home/runner/work/keycloak/keycloak
Status Check - Keycloak CI	UNKNOWN STEP	2025-12-18T12:13:52.7057852Z [command]/usr/bin/git config --local --name-only --get-regexp core\.sshCommand
Status Check - Keycloak CI	UNKNOWN STEP	2025-12-18T12:13:52.7091399Z [command]/usr/bin/git submodule foreach --recursive sh -c "git config --local --name-only --get-regexp 'core\.sshCommand' && git config --local --unset-all 'core.sshCommand' || :"
Status Check - Keycloak CI	UNKNOWN STEP	2025-12-18T12:13:52.7336040Z [command]/usr/bin/git config --local --name-only --get-regexp http\.https\:\/\/github\.com\/\.extraheader
Status Check - Keycloak CI	UNKNOWN STEP	2025-12-18T12:13:52.7359795Z http.https://github.com/.extraheader
Status Check - Keycloak CI	UNKNOWN STEP	2025-12-18T12:13:52.7370001Z [command]/usr/bin/git config --local --unset-all http.https://github.com/.extraheader
Status Check - Keycloak CI	UNKNOWN STEP	2025-12-18T12:13:52.7402104Z [command]/usr/bin/git submodule foreach --recursive sh -c "git config --local --name-only --get-regexp 'http\.https\:\/\/github\.com\/\.extraheader' && git config --local --unset-all 'http.https://github.com/.extraheader' || :"
Status Check - Keycloak CI	UNKNOWN STEP	2025-12-18T12:13:52.7749705Z Cleaning up orphan processes
