Test remote (fast)	UNKNOWN STEP	ï»¿2026-01-22T14:46:04.9324672Z Current runner version: '2.331.0'
Test remote (fast)	UNKNOWN STEP	2026-01-22T14:46:04.9349091Z ##[group]Runner Image Provisioner
Test remote (fast)	UNKNOWN STEP	2026-01-22T14:46:04.9349931Z Hosted Compute Agent
Test remote (fast)	UNKNOWN STEP	2026-01-22T14:46:04.9350494Z Version: 20251211.462
Test remote (fast)	UNKNOWN STEP	2026-01-22T14:46:04.9351128Z Commit: 6cbad8c2bb55d58165063d031ccabf57e2d2db61
Test remote (fast)	UNKNOWN STEP	2026-01-22T14:46:04.9351890Z Build Date: 2025-12-11T16:28:49Z
Test remote (fast)	UNKNOWN STEP	2026-01-22T14:46:04.9352512Z Worker ID: {2c77f49c-93f1-425b-bd31-5e3feb83e67e}
Test remote (fast)	UNKNOWN STEP	2026-01-22T14:46:04.9353240Z ##[endgroup]
Test remote (fast)	UNKNOWN STEP	2026-01-22T14:46:04.9353757Z ##[group]Operating System
Test remote (fast)	UNKNOWN STEP	2026-01-22T14:46:04.9354331Z Ubuntu
Test remote (fast)	UNKNOWN STEP	2026-01-22T14:46:04.9354765Z 24.04.3
Test remote (fast)	UNKNOWN STEP	2026-01-22T14:46:04.9355344Z LTS
Test remote (fast)	UNKNOWN STEP	2026-01-22T14:46:04.9356103Z ##[endgroup]
Test remote (fast)	UNKNOWN STEP	2026-01-22T14:46:04.9356629Z ##[group]Runner Image
Test remote (fast)	UNKNOWN STEP	2026-01-22T14:46:04.9357281Z Image: ubuntu-24.04
Test remote (fast)	UNKNOWN STEP	2026-01-22T14:46:04.9357766Z Version: 20260111.209.1
Test remote (fast)	UNKNOWN STEP	2026-01-22T14:46:04.9358769Z Included Software: https://github.com/actions/runner-images/blob/ubuntu24/20260111.209/images/ubuntu/Ubuntu2404-Readme.md
Test remote (fast)	UNKNOWN STEP	2026-01-22T14:46:04.9360405Z Image Release: https://github.com/actions/runner-images/releases/tag/ubuntu24%2F20260111.209
Test remote (fast)	UNKNOWN STEP	2026-01-22T14:46:04.9361453Z ##[endgroup]
Test remote (fast)	UNKNOWN STEP	2026-01-22T14:46:04.9362437Z ##[group]GITHUB_TOKEN Permissions
Test remote (fast)	UNKNOWN STEP	2026-01-22T14:46:04.9364274Z Contents: read
Test remote (fast)	UNKNOWN STEP	2026-01-22T14:46:04.9364982Z Metadata: read
Test remote (fast)	UNKNOWN STEP	2026-01-22T14:46:04.9365451Z ##[endgroup]
Test remote (fast)	UNKNOWN STEP	2026-01-22T14:46:04.9368042Z Secret source: None
Test remote (fast)	UNKNOWN STEP	2026-01-22T14:46:04.9368804Z Prepare workflow directory
Test remote (fast)	UNKNOWN STEP	2026-01-22T14:46:04.9842743Z Prepare all required actions
Test remote (fast)	UNKNOWN STEP	2026-01-22T14:46:04.9881564Z Getting action download info
Test remote (fast)	UNKNOWN STEP	2026-01-22T14:46:05.4420315Z Download action repository 'actions/checkout@08c6903cd8c0fde910a37f88322edcfb5dd907a8' (SHA:08c6903cd8c0fde910a37f88322edcfb5dd907a8)
Test remote (fast)	UNKNOWN STEP	2026-01-22T14:46:05.6577298Z Download action repository 'manusa/actions-setup-minikube@b589f2d61bf96695c546929c72b38563e856059d' (SHA:b589f2d61bf96695c546929c72b38563e856059d)
Test remote (fast)	UNKNOWN STEP	2026-01-22T14:46:06.8527750Z Download action repository 'actions/download-artifact@37930b1c2abaa49bbe596cd826c3c89aef350131' (SHA:37930b1c2abaa49bbe596cd826c3c89aef350131)
Test remote (fast)	UNKNOWN STEP	2026-01-22T14:46:07.8113158Z Complete job name: Test remote (fast)
Test remote (fast)	UNKNOWN STEP	2026-01-22T14:46:07.8777550Z ##[group]Run actions/checkout@08c6903cd8c0fde910a37f88322edcfb5dd907a8
Test remote (fast)	UNKNOWN STEP	2026-01-22T14:46:07.8778289Z with:
Test remote (fast)	UNKNOWN STEP	2026-01-22T14:46:07.8778503Z   repository: keycloak/keycloak
Test remote (fast)	UNKNOWN STEP	2026-01-22T14:46:07.8778939Z   token: ***
Test remote (fast)	UNKNOWN STEP	2026-01-22T14:46:07.8779134Z   ssh-strict: true
Test remote (fast)	UNKNOWN STEP	2026-01-22T14:46:07.8779332Z   ssh-user: git
Test remote (fast)	UNKNOWN STEP	2026-01-22T14:46:07.8779530Z   persist-credentials: true
Test remote (fast)	UNKNOWN STEP	2026-01-22T14:46:07.8779771Z   clean: true
Test remote (fast)	UNKNOWN STEP	2026-01-22T14:46:07.8779979Z   sparse-checkout-cone-mode: true
Test remote (fast)	UNKNOWN STEP	2026-01-22T14:46:07.8780232Z   fetch-depth: 1
Test remote (fast)	UNKNOWN STEP	2026-01-22T14:46:07.8780427Z   fetch-tags: false
Test remote (fast)	UNKNOWN STEP	2026-01-22T14:46:07.8780635Z   show-progress: true
Test remote (fast)	UNKNOWN STEP	2026-01-22T14:46:07.8780838Z   lfs: false
Test remote (fast)	UNKNOWN STEP	2026-01-22T14:46:07.8781017Z   submodules: false
Test remote (fast)	UNKNOWN STEP	2026-01-22T14:46:07.8781229Z   set-safe-directory: true
Test remote (fast)	UNKNOWN STEP	2026-01-22T14:46:07.8781664Z env:
Test remote (fast)	UNKNOWN STEP	2026-01-22T14:46:07.8781995Z   MAVEN_ARGS: -B -nsu -Daether.connector.http.connectionMaxTtl=25
Test remote (fast)	UNKNOWN STEP	2026-01-22T14:46:07.8782372Z   MINIKUBE_VERSION: v1.37.0
Test remote (fast)	UNKNOWN STEP	2026-01-22T14:46:07.8782673Z   KUBERNETES_VERSION: v1.32.9
Test remote (fast)	UNKNOWN STEP	2026-01-22T14:46:07.8782927Z   MINIKUBE_MEMORY: 4096
Test remote (fast)	UNKNOWN STEP	2026-01-22T14:46:07.8783141Z ##[endgroup]
Test remote (fast)	UNKNOWN STEP	2026-01-22T14:46:07.9713991Z Syncing repository: keycloak/keycloak
Test remote (fast)	UNKNOWN STEP	2026-01-22T14:46:07.9715936Z ##[group]Getting Git version info
Test remote (fast)	UNKNOWN STEP	2026-01-22T14:46:07.9716431Z Working directory is '/home/runner/work/keycloak/keycloak'
Test remote (fast)	UNKNOWN STEP	2026-01-22T14:46:07.9717144Z [command]/usr/bin/git version
Test remote (fast)	UNKNOWN STEP	2026-01-22T14:46:07.9834309Z git version 2.52.0
Test remote (fast)	UNKNOWN STEP	2026-01-22T14:46:07.9856070Z ##[endgroup]
Test remote (fast)	UNKNOWN STEP	2026-01-22T14:46:07.9872924Z Temporarily overriding HOME='/home/runner/work/_temp/32b68302-b311-4b75-9db7-87eab5daa3a3' before making global git config changes
Test remote (fast)	UNKNOWN STEP	2026-01-22T14:46:07.9879019Z Adding repository directory to the temporary git global config as a safe directory
Test remote (fast)	UNKNOWN STEP	2026-01-22T14:46:07.9880292Z [command]/usr/bin/git config --global --add safe.directory /home/runner/work/keycloak/keycloak
Test remote (fast)	UNKNOWN STEP	2026-01-22T14:46:07.9929605Z Deleting the contents of '/home/runner/work/keycloak/keycloak'
Test remote (fast)	UNKNOWN STEP	2026-01-22T14:46:07.9933670Z ##[group]Initializing the repository
Test remote (fast)	UNKNOWN STEP	2026-01-22T14:46:07.9938953Z [command]/usr/bin/git init /home/runner/work/keycloak/keycloak
Test remote (fast)	UNKNOWN STEP	2026-01-22T14:46:08.0092799Z hint: Using 'master' as the name for the initial branch. This default branch name
Test remote (fast)	UNKNOWN STEP	2026-01-22T14:46:08.0094018Z hint: will change to "main" in Git 3.0. To configure the initial branch name
Test remote (fast)	UNKNOWN STEP	2026-01-22T14:46:08.0095120Z hint: to use in all of your new repositories, which will suppress this warning,
Test remote (fast)	UNKNOWN STEP	2026-01-22T14:46:08.0096341Z hint: call:
Test remote (fast)	UNKNOWN STEP	2026-01-22T14:46:08.0096790Z hint:
Test remote (fast)	UNKNOWN STEP	2026-01-22T14:46:08.0097421Z hint: 	git config --global init.defaultBranch <name>
Test remote (fast)	UNKNOWN STEP	2026-01-22T14:46:08.0098095Z hint:
Test remote (fast)	UNKNOWN STEP	2026-01-22T14:46:08.0098763Z hint: Names commonly chosen instead of 'master' are 'main', 'trunk' and
Test remote (fast)	UNKNOWN STEP	2026-01-22T14:46:08.0099952Z hint: 'development'. The just-created branch can be renamed via this command:
Test remote (fast)	UNKNOWN STEP	2026-01-22T14:46:08.0100762Z hint:
Test remote (fast)	UNKNOWN STEP	2026-01-22T14:46:08.0101361Z hint: 	git branch -m <name>
Test remote (fast)	UNKNOWN STEP	2026-01-22T14:46:08.0102137Z hint:
Test remote (fast)	UNKNOWN STEP	2026-01-22T14:46:08.0102876Z hint: Disable this message with "git config set advice.defaultBranchName false"
Test remote (fast)	UNKNOWN STEP	2026-01-22T14:46:08.0104152Z Initialized empty Git repository in /home/runner/work/keycloak/keycloak/.git/
Test remote (fast)	UNKNOWN STEP	2026-01-22T14:46:08.0112656Z [command]/usr/bin/git remote add origin https://github.com/keycloak/keycloak
Test remote (fast)	UNKNOWN STEP	2026-01-22T14:46:08.0153835Z ##[endgroup]
Test remote (fast)	UNKNOWN STEP	2026-01-22T14:46:08.0154615Z ##[group]Disabling automatic garbage collection
Test remote (fast)	UNKNOWN STEP	2026-01-22T14:46:08.0158831Z [command]/usr/bin/git config --local gc.auto 0
Test remote (fast)	UNKNOWN STEP	2026-01-22T14:46:08.0192775Z ##[endgroup]
Test remote (fast)	UNKNOWN STEP	2026-01-22T14:46:08.0193740Z ##[group]Setting up auth
Test remote (fast)	UNKNOWN STEP	2026-01-22T14:46:08.0203740Z [command]/usr/bin/git config --local --name-only --get-regexp core\.sshCommand
Test remote (fast)	UNKNOWN STEP	2026-01-22T14:46:08.0242383Z [command]/usr/bin/git submodule foreach --recursive sh -c "git config --local --name-only --get-regexp 'core\.sshCommand' && git config --local --unset-all 'core.sshCommand' || :"
Test remote (fast)	UNKNOWN STEP	2026-01-22T14:46:08.0691028Z [command]/usr/bin/git config --local --name-only --get-regexp http\.https\:\/\/github\.com\/\.extraheader
Test remote (fast)	UNKNOWN STEP	2026-01-22T14:46:08.0725091Z [command]/usr/bin/git submodule foreach --recursive sh -c "git config --local --name-only --get-regexp 'http\.https\:\/\/github\.com\/\.extraheader' && git config --local --unset-all 'http.https://github.com/.extraheader' || :"
Test remote (fast)	UNKNOWN STEP	2026-01-22T14:46:08.0949807Z [command]/usr/bin/git config --local http.https://github.com/.extraheader AUTHORIZATION: basic ***
Test remote (fast)	UNKNOWN STEP	2026-01-22T14:46:08.0985492Z ##[endgroup]
Test remote (fast)	UNKNOWN STEP	2026-01-22T14:46:08.0986582Z ##[group]Fetching the repository
Test remote (fast)	UNKNOWN STEP	2026-01-22T14:46:08.0994605Z [command]/usr/bin/git -c protocol.version=2 fetch --no-tags --prune --no-recurse-submodules --depth=1 origin +a719c7b00a4afb34f625dd5d8f61aeb3068b2e95:refs/remotes/pull/45397/merge
Test remote (fast)	UNKNOWN STEP	2026-01-22T14:46:23.5694185Z ##[error]error: RPC failed; HTTP 500 curl 22 The requested URL returned error: 500
Test remote (fast)	UNKNOWN STEP	2026-01-22T14:46:23.5704493Z ##[error]fatal: expected 'packfile'
Test remote (fast)	UNKNOWN STEP	2026-01-22T14:46:23.5706054Z The process '/usr/bin/git' failed with exit code 128
Test remote (fast)	UNKNOWN STEP	2026-01-22T14:46:23.5706493Z Waiting 20 seconds before trying again
Test remote (fast)	UNKNOWN STEP	2026-01-22T14:46:43.5741015Z [command]/usr/bin/git -c protocol.version=2 fetch --no-tags --prune --no-recurse-submodules --depth=1 origin +a719c7b00a4afb34f625dd5d8f61aeb3068b2e95:refs/remotes/pull/45397/merge
Test remote (fast)	UNKNOWN STEP	2026-01-22T14:46:56.9282206Z remote: Internal Server Error
Test remote (fast)	UNKNOWN STEP	2026-01-22T14:46:56.9287075Z ##[error]fatal: unable to access 'https://github.com/keycloak/keycloak/': The requested URL returned error: 500
Test remote (fast)	UNKNOWN STEP	2026-01-22T14:46:56.9304721Z The process '/usr/bin/git' failed with exit code 128
Test remote (fast)	UNKNOWN STEP	2026-01-22T14:46:56.9305346Z Waiting 10 seconds before trying again
Test remote (fast)	UNKNOWN STEP	2026-01-22T14:47:06.9335890Z [command]/usr/bin/git -c protocol.version=2 fetch --no-tags --prune --no-recurse-submodules --depth=1 origin +a719c7b00a4afb34f625dd5d8f61aeb3068b2e95:refs/remotes/pull/45397/merge
Test remote (fast)	UNKNOWN STEP	2026-01-22T14:47:12.9589571Z remote: Internal Server Error
Test remote (fast)	UNKNOWN STEP	2026-01-22T14:47:12.9592033Z ##[error]fatal: unable to access 'https://github.com/keycloak/keycloak/': The requested URL returned error: 500
Test remote (fast)	UNKNOWN STEP	2026-01-22T14:47:12.9646358Z ##[error]The process '/usr/bin/git' failed with exit code 128
Test remote (fast)	UNKNOWN STEP	2026-01-22T14:47:12.9947506Z Post job cleanup.
Test remote (fast)	UNKNOWN STEP	2026-01-22T14:47:13.0723455Z [command]/usr/bin/git version
Test remote (fast)	UNKNOWN STEP	2026-01-22T14:47:13.0761093Z git version 2.52.0
Test remote (fast)	UNKNOWN STEP	2026-01-22T14:47:13.0798284Z Temporarily overriding HOME='/home/runner/work/_temp/06585d12-baaf-4919-9840-2590d05baade' before making global git config changes
Test remote (fast)	UNKNOWN STEP	2026-01-22T14:47:13.0799582Z Adding repository directory to the temporary git global config as a safe directory
Test remote (fast)	UNKNOWN STEP	2026-01-22T14:47:13.0804420Z [command]/usr/bin/git config --global --add safe.directory /home/runner/work/keycloak/keycloak
Test remote (fast)	UNKNOWN STEP	2026-01-22T14:47:13.0841644Z [command]/usr/bin/git config --local --name-only --get-regexp core\.sshCommand
Test remote (fast)	UNKNOWN STEP	2026-01-22T14:47:13.0873988Z [command]/usr/bin/git submodule foreach --recursive sh -c "git config --local --name-only --get-regexp 'core\.sshCommand' && git config --local --unset-all 'core.sshCommand' || :"
Test remote (fast)	UNKNOWN STEP	2026-01-22T14:47:13.1094953Z [command]/usr/bin/git config --local --name-only --get-regexp http\.https\:\/\/github\.com\/\.extraheader
Test remote (fast)	UNKNOWN STEP	2026-01-22T14:47:13.1117167Z http.https://github.com/.extraheader
Test remote (fast)	UNKNOWN STEP	2026-01-22T14:47:13.1126654Z [command]/usr/bin/git config --local --unset-all http.https://github.com/.extraheader
Test remote (fast)	UNKNOWN STEP	2026-01-22T14:47:13.1160760Z [command]/usr/bin/git submodule foreach --recursive sh -c "git config --local --name-only --get-regexp 'http\.https\:\/\/github\.com\/\.extraheader' && git config --local --unset-all 'http.https://github.com/.extraheader' || :"
Test remote (fast)	UNKNOWN STEP	2026-01-22T14:47:13.1500750Z Cleaning up orphan processes
Status Check - Keycloak Operator CI	UNKNOWN STEP	ï»¿2026-01-22T14:56:30.7812483Z Current runner version: '2.331.0'
Status Check - Keycloak Operator CI	UNKNOWN STEP	2026-01-22T14:56:30.7837310Z ##[group]Runner Image Provisioner
Status Check - Keycloak Operator CI	UNKNOWN STEP	2026-01-22T14:56:30.7838106Z Hosted Compute Agent
Status Check - Keycloak Operator CI	UNKNOWN STEP	2026-01-22T14:56:30.7838680Z Version: 20251211.462
Status Check - Keycloak Operator CI	UNKNOWN STEP	2026-01-22T14:56:30.7839303Z Commit: 6cbad8c2bb55d58165063d031ccabf57e2d2db61
Status Check - Keycloak Operator CI	UNKNOWN STEP	2026-01-22T14:56:30.7840058Z Build Date: 2025-12-11T16:28:49Z
Status Check - Keycloak Operator CI	UNKNOWN STEP	2026-01-22T14:56:30.7840673Z Worker ID: {5b64e572-8790-4aeb-b464-e05b97827b9b}
Status Check - Keycloak Operator CI	UNKNOWN STEP	2026-01-22T14:56:30.7841389Z ##[endgroup]
Status Check - Keycloak Operator CI	UNKNOWN STEP	2026-01-22T14:56:30.7841901Z ##[group]Operating System
Status Check - Keycloak Operator CI	UNKNOWN STEP	2026-01-22T14:56:30.7842467Z Ubuntu
Status Check - Keycloak Operator CI	UNKNOWN STEP	2026-01-22T14:56:30.7842978Z 24.04.3
Status Check - Keycloak Operator CI	UNKNOWN STEP	2026-01-22T14:56:30.7843655Z LTS
Status Check - Keycloak Operator CI	UNKNOWN STEP	2026-01-22T14:56:30.7844118Z ##[endgroup]
Status Check - Keycloak Operator CI	UNKNOWN STEP	2026-01-22T14:56:30.7844562Z ##[group]Runner Image
Status Check - Keycloak Operator CI	UNKNOWN STEP	2026-01-22T14:56:30.7845173Z Image: ubuntu-24.04
Status Check - Keycloak Operator CI	UNKNOWN STEP	2026-01-22T14:56:30.7845654Z Version: 20260111.209.1
Status Check - Keycloak Operator CI	UNKNOWN STEP	2026-01-22T14:56:30.7846625Z Included Software: https://github.com/actions/runner-images/blob/ubuntu24/20260111.209/images/ubuntu/Ubuntu2404-Readme.md
Status Check - Keycloak Operator CI	UNKNOWN STEP	2026-01-22T14:56:30.7848254Z Image Release: https://github.com/actions/runner-images/releases/tag/ubuntu24%2F20260111.209
Status Check - Keycloak Operator CI	UNKNOWN STEP	2026-01-22T14:56:30.7849291Z ##[endgroup]
Status Check - Keycloak Operator CI	UNKNOWN STEP	2026-01-22T14:56:30.7850246Z ##[group]GITHUB_TOKEN Permissions
Status Check - Keycloak Operator CI	UNKNOWN STEP	2026-01-22T14:56:30.7852048Z Contents: read
Status Check - Keycloak Operator CI	UNKNOWN STEP	2026-01-22T14:56:30.7852745Z Metadata: read
Status Check - Keycloak Operator CI	UNKNOWN STEP	2026-01-22T14:56:30.7853391Z ##[endgroup]
Status Check - Keycloak Operator CI	UNKNOWN STEP	2026-01-22T14:56:30.7855570Z Secret source: None
Status Check - Keycloak Operator CI	UNKNOWN STEP	2026-01-22T14:56:30.7856430Z Prepare workflow directory
Status Check - Keycloak Operator CI	UNKNOWN STEP	2026-01-22T14:56:30.8280190Z Prepare all required actions
Status Check - Keycloak Operator CI	UNKNOWN STEP	2026-01-22T14:56:30.8317839Z Getting action download info
Status Check - Keycloak Operator CI	UNKNOWN STEP	2026-01-22T14:56:31.2645076Z Download action repository 'actions/checkout@08c6903cd8c0fde910a37f88322edcfb5dd907a8' (SHA:08c6903cd8c0fde910a37f88322edcfb5dd907a8)
Status Check - Keycloak Operator CI	UNKNOWN STEP	2026-01-22T14:56:31.4770625Z Complete job name: Status Check - Keycloak Operator CI
Status Check - Keycloak Operator CI	UNKNOWN STEP	2026-01-22T14:56:31.5495863Z ##[group]Run actions/checkout@08c6903cd8c0fde910a37f88322edcfb5dd907a8
Status Check - Keycloak Operator CI	UNKNOWN STEP	2026-01-22T14:56:31.5497022Z with:
Status Check - Keycloak Operator CI	UNKNOWN STEP	2026-01-22T14:56:31.5497470Z   repository: keycloak/keycloak
Status Check - Keycloak Operator CI	UNKNOWN STEP	2026-01-22T14:56:31.5498204Z   token: ***
Status Check - Keycloak Operator CI	UNKNOWN STEP	2026-01-22T14:56:31.5498647Z   ssh-strict: true
Status Check - Keycloak Operator CI	UNKNOWN STEP	2026-01-22T14:56:31.5499090Z   ssh-user: git
Status Check - Keycloak Operator CI	UNKNOWN STEP	2026-01-22T14:56:31.5499528Z   persist-credentials: true
Status Check - Keycloak Operator CI	UNKNOWN STEP	2026-01-22T14:56:31.5500015Z   clean: true
Status Check - Keycloak Operator CI	UNKNOWN STEP	2026-01-22T14:56:31.5500466Z   sparse-checkout-cone-mode: true
Status Check - Keycloak Operator CI	UNKNOWN STEP	2026-01-22T14:56:31.5500989Z   fetch-depth: 1
Status Check - Keycloak Operator CI	UNKNOWN STEP	2026-01-22T14:56:31.5501419Z   fetch-tags: false
Status Check - Keycloak Operator CI	UNKNOWN STEP	2026-01-22T14:56:31.5501861Z   show-progress: true
Status Check - Keycloak Operator CI	UNKNOWN STEP	2026-01-22T14:56:31.5502321Z   lfs: false
Status Check - Keycloak Operator CI	UNKNOWN STEP	2026-01-22T14:56:31.5502727Z   submodules: false
Status Check - Keycloak Operator CI	UNKNOWN STEP	2026-01-22T14:56:31.5503612Z   set-safe-directory: true
Status Check - Keycloak Operator CI	UNKNOWN STEP	2026-01-22T14:56:31.5504459Z env:
Status Check - Keycloak Operator CI	UNKNOWN STEP	2026-01-22T14:56:31.5505322Z   MAVEN_ARGS: -B -nsu -Daether.connector.http.connectionMaxTtl=25
Status Check - Keycloak Operator CI	UNKNOWN STEP	2026-01-22T14:56:31.5506054Z   MINIKUBE_VERSION: v1.37.0
Status Check - Keycloak Operator CI	UNKNOWN STEP	2026-01-22T14:56:31.5506629Z   KUBERNETES_VERSION: v1.32.9
Status Check - Keycloak Operator CI	UNKNOWN STEP	2026-01-22T14:56:31.5507133Z   MINIKUBE_MEMORY: 4096
Status Check - Keycloak Operator CI	UNKNOWN STEP	2026-01-22T14:56:31.5507603Z ##[endgroup]
Status Check - Keycloak Operator CI	UNKNOWN STEP	2026-01-22T14:56:31.6437941Z Syncing repository: keycloak/keycloak
Status Check - Keycloak Operator CI	UNKNOWN STEP	2026-01-22T14:56:31.6439844Z ##[group]Getting Git version info
Status Check - Keycloak Operator CI	UNKNOWN STEP	2026-01-22T14:56:31.6440654Z Working directory is '/home/runner/work/keycloak/keycloak'
Status Check - Keycloak Operator CI	UNKNOWN STEP	2026-01-22T14:56:31.6441736Z [command]/usr/bin/git version
Status Check - Keycloak Operator CI	UNKNOWN STEP	2026-01-22T14:56:31.6523063Z git version 2.52.0
Status Check - Keycloak Operator CI	UNKNOWN STEP	2026-01-22T14:56:31.6544724Z ##[endgroup]
Status Check - Keycloak Operator CI	UNKNOWN STEP	2026-01-22T14:56:31.6559127Z Temporarily overriding HOME='/home/runner/work/_temp/5f02ce3d-4da0-4b3d-9718-1136f1c4eb25' before making global git config changes
Status Check - Keycloak Operator CI	UNKNOWN STEP	2026-01-22T14:56:31.6563973Z Adding repository directory to the temporary git global config as a safe directory
Status Check - Keycloak Operator CI	UNKNOWN STEP	2026-01-22T14:56:31.6565564Z [command]/usr/bin/git config --global --add safe.directory /home/runner/work/keycloak/keycloak
Status Check - Keycloak Operator CI	UNKNOWN STEP	2026-01-22T14:56:31.6608043Z Deleting the contents of '/home/runner/work/keycloak/keycloak'
Status Check - Keycloak Operator CI	UNKNOWN STEP	2026-01-22T14:56:31.6612800Z ##[group]Initializing the repository
Status Check - Keycloak Operator CI	UNKNOWN STEP	2026-01-22T14:56:31.6617812Z [command]/usr/bin/git init /home/runner/work/keycloak/keycloak
Status Check - Keycloak Operator CI	UNKNOWN STEP	2026-01-22T14:56:31.6781518Z hint: Using 'master' as the name for the initial branch. This default branch name
Status Check - Keycloak Operator CI	UNKNOWN STEP	2026-01-22T14:56:31.6782802Z hint: will change to "main" in Git 3.0. To configure the initial branch name
Status Check - Keycloak Operator CI	UNKNOWN STEP	2026-01-22T14:56:31.6784999Z hint: to use in all of your new repositories, which will suppress this warning,
Status Check - Keycloak Operator CI	UNKNOWN STEP	2026-01-22T14:56:31.6786162Z hint: call:
Status Check - Keycloak Operator CI	UNKNOWN STEP	2026-01-22T14:56:31.6786607Z hint:
Status Check - Keycloak Operator CI	UNKNOWN STEP	2026-01-22T14:56:31.6787610Z hint: 	git config --global init.defaultBranch <name>
Status Check - Keycloak Operator CI	UNKNOWN STEP	2026-01-22T14:56:31.6788865Z hint:
Status Check - Keycloak Operator CI	UNKNOWN STEP	2026-01-22T14:56:31.6790037Z hint: Names commonly chosen instead of 'master' are 'main', 'trunk' and
Status Check - Keycloak Operator CI	UNKNOWN STEP	2026-01-22T14:56:31.6791899Z hint: 'development'. The just-created branch can be renamed via this command:
Status Check - Keycloak Operator CI	UNKNOWN STEP	2026-01-22T14:56:31.6793587Z hint:
Status Check - Keycloak Operator CI	UNKNOWN STEP	2026-01-22T14:56:31.6794345Z hint: 	git branch -m <name>
Status Check - Keycloak Operator CI	UNKNOWN STEP	2026-01-22T14:56:31.6795182Z hint:
Status Check - Keycloak Operator CI	UNKNOWN STEP	2026-01-22T14:56:31.6796333Z hint: Disable this message with "git config set advice.defaultBranchName false"
Status Check - Keycloak Operator CI	UNKNOWN STEP	2026-01-22T14:56:31.6798392Z Initialized empty Git repository in /home/runner/work/keycloak/keycloak/.git/
Status Check - Keycloak Operator CI	UNKNOWN STEP	2026-01-22T14:56:31.6801495Z [command]/usr/bin/git remote add origin https://github.com/keycloak/keycloak
Status Check - Keycloak Operator CI	UNKNOWN STEP	2026-01-22T14:56:31.6835650Z ##[endgroup]
Status Check - Keycloak Operator CI	UNKNOWN STEP	2026-01-22T14:56:31.6837030Z ##[group]Disabling automatic garbage collection
Status Check - Keycloak Operator CI	UNKNOWN STEP	2026-01-22T14:56:31.6840194Z [command]/usr/bin/git config --local gc.auto 0
Status Check - Keycloak Operator CI	UNKNOWN STEP	2026-01-22T14:56:31.6869396Z ##[endgroup]
Status Check - Keycloak Operator CI	UNKNOWN STEP	2026-01-22T14:56:31.6870838Z ##[group]Setting up auth
Status Check - Keycloak Operator CI	UNKNOWN STEP	2026-01-22T14:56:31.6876638Z [command]/usr/bin/git config --local --name-only --get-regexp core\.sshCommand
Status Check - Keycloak Operator CI	UNKNOWN STEP	2026-01-22T14:56:31.6908475Z [command]/usr/bin/git submodule foreach --recursive sh -c "git config --local --name-only --get-regexp 'core\.sshCommand' && git config --local --unset-all 'core.sshCommand' || :"
Status Check - Keycloak Operator CI	UNKNOWN STEP	2026-01-22T14:56:31.7292927Z [command]/usr/bin/git config --local --name-only --get-regexp http\.https\:\/\/github\.com\/\.extraheader
Status Check - Keycloak Operator CI	UNKNOWN STEP	2026-01-22T14:56:31.7324857Z [command]/usr/bin/git submodule foreach --recursive sh -c "git config --local --name-only --get-regexp 'http\.https\:\/\/github\.com\/\.extraheader' && git config --local --unset-all 'http.https://github.com/.extraheader' || :"
Status Check - Keycloak Operator CI	UNKNOWN STEP	2026-01-22T14:56:31.7557543Z [command]/usr/bin/git config --local http.https://github.com/.extraheader AUTHORIZATION: basic ***
Status Check - Keycloak Operator CI	UNKNOWN STEP	2026-01-22T14:56:31.7598480Z ##[endgroup]
Status Check - Keycloak Operator CI	UNKNOWN STEP	2026-01-22T14:56:31.7611179Z ##[group]Fetching the repository
Status Check - Keycloak Operator CI	UNKNOWN STEP	2026-01-22T14:56:31.7612716Z [command]/usr/bin/git -c protocol.version=2 fetch --no-tags --prune --no-recurse-submodules --depth=1 origin +a719c7b00a4afb34f625dd5d8f61aeb3068b2e95:refs/remotes/pull/45397/merge
Status Check - Keycloak Operator CI	UNKNOWN STEP	2026-01-22T14:56:35.5964248Z From https://github.com/keycloak/keycloak
Status Check - Keycloak Operator CI	UNKNOWN STEP	2026-01-22T14:56:35.5966649Z  * [new ref]         a719c7b00a4afb34f625dd5d8f61aeb3068b2e95 -> pull/45397/merge
Status Check - Keycloak Operator CI	UNKNOWN STEP	2026-01-22T14:56:35.5996674Z ##[endgroup]
Status Check - Keycloak Operator CI	UNKNOWN STEP	2026-01-22T14:56:35.5998311Z ##[group]Determining the checkout info
Status Check - Keycloak Operator CI	UNKNOWN STEP	2026-01-22T14:56:35.6000162Z ##[endgroup]
Status Check - Keycloak Operator CI	UNKNOWN STEP	2026-01-22T14:56:35.6003527Z [command]/usr/bin/git sparse-checkout disable
Status Check - Keycloak Operator CI	UNKNOWN STEP	2026-01-22T14:56:35.6045020Z [command]/usr/bin/git config --local --unset-all extensions.worktreeConfig
Status Check - Keycloak Operator CI	UNKNOWN STEP	2026-01-22T14:56:35.6071375Z ##[group]Checking out the ref
Status Check - Keycloak Operator CI	UNKNOWN STEP	2026-01-22T14:56:35.6075233Z [command]/usr/bin/git checkout --progress --force refs/remotes/pull/45397/merge
Status Check - Keycloak Operator CI	UNKNOWN STEP	2026-01-22T14:56:36.4674618Z Note: switching to 'refs/remotes/pull/45397/merge'.
Status Check - Keycloak Operator CI	UNKNOWN STEP	2026-01-22T14:56:36.4675206Z 
Status Check - Keycloak Operator CI	UNKNOWN STEP	2026-01-22T14:56:36.4675560Z You are in 'detached HEAD' state. You can look around, make experimental
Status Check - Keycloak Operator CI	UNKNOWN STEP	2026-01-22T14:56:36.4676415Z changes and commit them, and you can discard any commits you make in this
Status Check - Keycloak Operator CI	UNKNOWN STEP	2026-01-22T14:56:36.4677245Z state without impacting any branches by switching back to a branch.
Status Check - Keycloak Operator CI	UNKNOWN STEP	2026-01-22T14:56:36.4677745Z 
Status Check - Keycloak Operator CI	UNKNOWN STEP	2026-01-22T14:56:36.4678087Z If you want to create a new branch to retain commits you create, you may
Status Check - Keycloak Operator CI	UNKNOWN STEP	2026-01-22T14:56:36.4678816Z do so (now or later) by using -c with the switch command. Example:
Status Check - Keycloak Operator CI	UNKNOWN STEP	2026-01-22T14:56:36.4679235Z 
Status Check - Keycloak Operator CI	UNKNOWN STEP	2026-01-22T14:56:36.4679471Z   git switch -c <new-branch-name>
Status Check - Keycloak Operator CI	UNKNOWN STEP	2026-01-22T14:56:36.4679773Z 
Status Check - Keycloak Operator CI	UNKNOWN STEP	2026-01-22T14:56:36.4679948Z Or undo this operation with:
Status Check - Keycloak Operator CI	UNKNOWN STEP	2026-01-22T14:56:36.4680216Z 
Status Check - Keycloak Operator CI	UNKNOWN STEP	2026-01-22T14:56:36.4680359Z   git switch -
Status Check - Keycloak Operator CI	UNKNOWN STEP	2026-01-22T14:56:36.4680585Z 
Status Check - Keycloak Operator CI	UNKNOWN STEP	2026-01-22T14:56:36.4680937Z Turn off this advice by setting config variable advice.detachedHead to false
Status Check - Keycloak Operator CI	UNKNOWN STEP	2026-01-22T14:56:36.4681865Z 
Status Check - Keycloak Operator CI	UNKNOWN STEP	2026-01-22T14:56:36.4682455Z HEAD is now at a719c7b Merge fed0309b9169a9df3895f4048cab5c83481f5c90 into 6ddfc860286893963c7d3202e7aa046fb97de27d
Status Check - Keycloak Operator CI	UNKNOWN STEP	2026-01-22T14:56:36.4712875Z ##[endgroup]
Status Check - Keycloak Operator CI	UNKNOWN STEP	2026-01-22T14:56:36.4752022Z [command]/usr/bin/git log -1 --format=%H
Status Check - Keycloak Operator CI	UNKNOWN STEP	2026-01-22T14:56:36.4777216Z a719c7b00a4afb34f625dd5d8f61aeb3068b2e95
Status Check - Keycloak Operator CI	UNKNOWN STEP	2026-01-22T14:56:36.5021659Z Prepare all required actions
Status Check - Keycloak Operator CI	UNKNOWN STEP	2026-01-22T14:56:36.5099037Z ##[group]Run ./.github/actions/status-check
Status Check - Keycloak Operator CI	UNKNOWN STEP	2026-01-22T14:56:36.5099363Z with:
Status Check - Keycloak Operator CI	UNKNOWN STEP	2026-01-22T14:56:36.5100414Z   jobs: {
Status Check - Keycloak Operator CI	UNKNOWN STEP	  "conditional": {
Status Check - Keycloak Operator CI	UNKNOWN STEP	    "result": "success",
Status Check - Keycloak Operator CI	UNKNOWN STEP	    "outputs": {
Status Check - Keycloak Operator CI	UNKNOWN STEP	      "operator": "true"
Status Check - Keycloak Operator CI	UNKNOWN STEP	    }
Status Check - Keycloak Operator CI	UNKNOWN STEP	  },
Status Check - Keycloak Operator CI	UNKNOWN STEP	  "build": {
Status Check - Keycloak Operator CI	UNKNOWN STEP	    "result": "success",
Status Check - Keycloak Operator CI	UNKNOWN STEP	    "outputs": {}
Status Check - Keycloak Operator CI	UNKNOWN STEP	  },
Status Check - Keycloak Operator CI	UNKNOWN STEP	  "test-local-apiserver": {
Status Check - Keycloak Operator CI	UNKNOWN STEP	    "result": "success",
Status Check - Keycloak Operator CI	UNKNOWN STEP	    "outputs": {}
Status Check - Keycloak Operator CI	UNKNOWN STEP	  },
Status Check - Keycloak Operator CI	UNKNOWN STEP	  "test-remote": {
Status Check - Keycloak Operator CI	UNKNOWN STEP	    "result": "failure",
Status Check - Keycloak Operator CI	UNKNOWN STEP	    "outputs": {}
Status Check - Keycloak Operator CI	UNKNOWN STEP	  },
Status Check - Keycloak Operator CI	UNKNOWN STEP	  "test-olm": {
Status Check - Keycloak Operator CI	UNKNOWN STEP	    "result": "success",
Status Check - Keycloak Operator CI	UNKNOWN STEP	    "outputs": {}
Status Check - Keycloak Operator CI	UNKNOWN STEP	  }
Status Check - Keycloak Operator CI	UNKNOWN STEP	}
Status Check - Keycloak Operator CI	UNKNOWN STEP	2026-01-22T14:56:36.5101557Z env:
Status Check - Keycloak Operator CI	UNKNOWN STEP	2026-01-22T14:56:36.5101883Z   MAVEN_ARGS: -B -nsu -Daether.connector.http.connectionMaxTtl=25
Status Check - Keycloak Operator CI	UNKNOWN STEP	2026-01-22T14:56:36.5102266Z   MINIKUBE_VERSION: v1.37.0
Status Check - Keycloak Operator CI	UNKNOWN STEP	2026-01-22T14:56:36.5102551Z   KUBERNETES_VERSION: v1.32.9
Status Check - Keycloak Operator CI	UNKNOWN STEP	2026-01-22T14:56:36.5102812Z   MINIKUBE_MEMORY: 4096
Status Check - Keycloak Operator CI	UNKNOWN STEP	2026-01-22T14:56:36.5103037Z ##[endgroup]
Status Check - Keycloak Operator CI	UNKNOWN STEP	2026-01-22T14:56:36.5209823Z ##[group]Run JOBS='{
Status Check - Keycloak Operator CI	UNKNOWN STEP	2026-01-22T14:56:36.5210157Z [36;1mJOBS='{[0m
Status Check - Keycloak Operator CI	UNKNOWN STEP	2026-01-22T14:56:36.5210447Z [36;1m  "conditional": {[0m
Status Check - Keycloak Operator CI	UNKNOWN STEP	2026-01-22T14:56:36.5210709Z [36;1m    "result": "success",[0m
Status Check - Keycloak Operator CI	UNKNOWN STEP	2026-01-22T14:56:36.5210989Z [36;1m    "outputs": {[0m
Status Check - Keycloak Operator CI	UNKNOWN STEP	2026-01-22T14:56:36.5211242Z [36;1m      "operator": "true"[0m
Status Check - Keycloak Operator CI	UNKNOWN STEP	2026-01-22T14:56:36.5211511Z [36;1m    }[0m
Status Check - Keycloak Operator CI	UNKNOWN STEP	2026-01-22T14:56:36.5211720Z [36;1m  },[0m
Status Check - Keycloak Operator CI	UNKNOWN STEP	2026-01-22T14:56:36.5211922Z [36;1m  "build": {[0m
Status Check - Keycloak Operator CI	UNKNOWN STEP	2026-01-22T14:56:36.5212155Z [36;1m    "result": "success",[0m
Status Check - Keycloak Operator CI	UNKNOWN STEP	2026-01-22T14:56:36.5212413Z [36;1m    "outputs": {}[0m
Status Check - Keycloak Operator CI	UNKNOWN STEP	2026-01-22T14:56:36.5212650Z [36;1m  },[0m
Status Check - Keycloak Operator CI	UNKNOWN STEP	2026-01-22T14:56:36.5212869Z [36;1m  "test-local-apiserver": {[0m
Status Check - Keycloak Operator CI	UNKNOWN STEP	2026-01-22T14:56:36.5213319Z [36;1m    "result": "success",[0m
Status Check - Keycloak Operator CI	UNKNOWN STEP	2026-01-22T14:56:36.5213573Z [36;1m    "outputs": {}[0m
Status Check - Keycloak Operator CI	UNKNOWN STEP	2026-01-22T14:56:36.5213803Z [36;1m  },[0m
Status Check - Keycloak Operator CI	UNKNOWN STEP	2026-01-22T14:56:36.5214006Z [36;1m  "test-remote": {[0m
Status Check - Keycloak Operator CI	UNKNOWN STEP	2026-01-22T14:56:36.5214252Z [36;1m    "result": "failure",[0m
Status Check - Keycloak Operator CI	UNKNOWN STEP	2026-01-22T14:56:36.5214507Z [36;1m    "outputs": {}[0m
Status Check - Keycloak Operator CI	UNKNOWN STEP	2026-01-22T14:56:36.5214730Z [36;1m  },[0m
Status Check - Keycloak Operator CI	UNKNOWN STEP	2026-01-22T14:56:36.5214954Z [36;1m  "test-olm": {[0m
Status Check - Keycloak Operator CI	UNKNOWN STEP	2026-01-22T14:56:36.5215190Z [36;1m    "result": "success",[0m
Status Check - Keycloak Operator CI	UNKNOWN STEP	2026-01-22T14:56:36.5215453Z [36;1m    "outputs": {}[0m
Status Check - Keycloak Operator CI	UNKNOWN STEP	2026-01-22T14:56:36.5215680Z [36;1m  }[0m
Status Check - Keycloak Operator CI	UNKNOWN STEP	2026-01-22T14:56:36.5215879Z [36;1m}'[0m
Status Check - Keycloak Operator CI	UNKNOWN STEP	2026-01-22T14:56:36.5216072Z [36;1m[0m
Status Check - Keycloak Operator CI	UNKNOWN STEP	2026-01-22T14:56:36.5216289Z [36;1mecho "Job status:"[0m
Status Check - Keycloak Operator CI	UNKNOWN STEP	2026-01-22T14:56:36.5216663Z [36;1mecho $JOBS | jq -r 'to_entries[] | " - \(.key): \(.value.result)"'[0m
Status Check - Keycloak Operator CI	UNKNOWN STEP	2026-01-22T14:56:36.5217038Z [36;1m[0m
Status Check - Keycloak Operator CI	UNKNOWN STEP	2026-01-22T14:56:36.5217329Z [36;1mfor i in $(echo $JOBS | jq -r 'to_entries[] | .value.result'); do[0m
Status Check - Keycloak Operator CI	UNKNOWN STEP	2026-01-22T14:56:36.5217762Z [36;1m  if [ "$i" != "success" ] && [ "$i" != "skipped" ]; then[0m
Status Check - Keycloak Operator CI	UNKNOWN STEP	2026-01-22T14:56:36.5218089Z [36;1m    echo ""[0m
Status Check - Keycloak Operator CI	UNKNOWN STEP	2026-01-22T14:56:36.5218329Z [36;1m    echo "Status check not okay!"[0m
Status Check - Keycloak Operator CI	UNKNOWN STEP	2026-01-22T14:56:36.5218603Z [36;1m    exit 1[0m
Status Check - Keycloak Operator CI	UNKNOWN STEP	2026-01-22T14:56:36.5218810Z [36;1m  fi[0m
Status Check - Keycloak Operator CI	UNKNOWN STEP	2026-01-22T14:56:36.5219005Z [36;1mdone[0m
Status Check - Keycloak Operator CI	UNKNOWN STEP	2026-01-22T14:56:36.5256830Z shell: /usr/bin/bash --noprofile --norc -e -o pipefail {0}
Status Check - Keycloak Operator CI	UNKNOWN STEP	2026-01-22T14:56:36.5257207Z env:
Status Check - Keycloak Operator CI	UNKNOWN STEP	2026-01-22T14:56:36.5257523Z   MAVEN_ARGS: -B -nsu -Daether.connector.http.connectionMaxTtl=25
Status Check - Keycloak Operator CI	UNKNOWN STEP	2026-01-22T14:56:36.5257913Z   MINIKUBE_VERSION: v1.37.0
Status Check - Keycloak Operator CI	UNKNOWN STEP	2026-01-22T14:56:36.5258172Z   KUBERNETES_VERSION: v1.32.9
Status Check - Keycloak Operator CI	UNKNOWN STEP	2026-01-22T14:56:36.5258450Z   MINIKUBE_MEMORY: 4096
Status Check - Keycloak Operator CI	UNKNOWN STEP	2026-01-22T14:56:36.5258708Z ##[endgroup]
Status Check - Keycloak Operator CI	UNKNOWN STEP	2026-01-22T14:56:36.5333634Z Job status:
Status Check - Keycloak Operator CI	UNKNOWN STEP	2026-01-22T14:56:36.5361306Z  - conditional: success
Status Check - Keycloak Operator CI	UNKNOWN STEP	2026-01-22T14:56:36.5361748Z  - build: success
Status Check - Keycloak Operator CI	UNKNOWN STEP	2026-01-22T14:56:36.5362143Z  - test-local-apiserver: success
Status Check - Keycloak Operator CI	UNKNOWN STEP	2026-01-22T14:56:36.5362682Z  - test-remote: failure
Status Check - Keycloak Operator CI	UNKNOWN STEP	2026-01-22T14:56:36.5362942Z  - test-olm: success
Status Check - Keycloak Operator CI	UNKNOWN STEP	2026-01-22T14:56:36.5396057Z 
Status Check - Keycloak Operator CI	UNKNOWN STEP	2026-01-22T14:56:36.5396345Z Status check not okay!
Status Check - Keycloak Operator CI	UNKNOWN STEP	2026-01-22T14:56:36.5409848Z ##[error]Process completed with exit code 1.
Status Check - Keycloak Operator CI	UNKNOWN STEP	2026-01-22T14:56:36.5546507Z Post job cleanup.
Status Check - Keycloak Operator CI	UNKNOWN STEP	2026-01-22T14:56:36.6426270Z [command]/usr/bin/git version
Status Check - Keycloak Operator CI	UNKNOWN STEP	2026-01-22T14:56:36.6462201Z git version 2.52.0
Status Check - Keycloak Operator CI	UNKNOWN STEP	2026-01-22T14:56:36.6501877Z Temporarily overriding HOME='/home/runner/work/_temp/00b44b25-8e9f-4e10-b828-1b21a1e5346f' before making global git config changes
Status Check - Keycloak Operator CI	UNKNOWN STEP	2026-01-22T14:56:36.6503507Z Adding repository directory to the temporary git global config as a safe directory
Status Check - Keycloak Operator CI	UNKNOWN STEP	2026-01-22T14:56:36.6508371Z [command]/usr/bin/git config --global --add safe.directory /home/runner/work/keycloak/keycloak
Status Check - Keycloak Operator CI	UNKNOWN STEP	2026-01-22T14:56:36.6547337Z [command]/usr/bin/git config --local --name-only --get-regexp core\.sshCommand
Status Check - Keycloak Operator CI	UNKNOWN STEP	2026-01-22T14:56:36.6582582Z [command]/usr/bin/git submodule foreach --recursive sh -c "git config --local --name-only --get-regexp 'core\.sshCommand' && git config --local --unset-all 'core.sshCommand' || :"
Status Check - Keycloak Operator CI	UNKNOWN STEP	2026-01-22T14:56:36.6839482Z [command]/usr/bin/git config --local --name-only --get-regexp http\.https\:\/\/github\.com\/\.extraheader
Status Check - Keycloak Operator CI	UNKNOWN STEP	2026-01-22T14:56:36.6864586Z http.https://github.com/.extraheader
Status Check - Keycloak Operator CI	UNKNOWN STEP	2026-01-22T14:56:36.6875071Z [command]/usr/bin/git config --local --unset-all http.https://github.com/.extraheader
Status Check - Keycloak Operator CI	UNKNOWN STEP	2026-01-22T14:56:36.6906086Z [command]/usr/bin/git submodule foreach --recursive sh -c "git config --local --name-only --get-regexp 'http\.https\:\/\/github\.com\/\.extraheader' && git config --local --unset-all 'http.https://github.com/.extraheader' || :"
Status Check - Keycloak Operator CI	UNKNOWN STEP	2026-01-22T14:56:36.7265386Z Cleaning up orphan processes
