Test OLM installation	UNKNOWN STEP	Ôªø2025-06-05T08:58:59.9486443Z Current runner version: '2.324.0'
Test OLM installation	UNKNOWN STEP	2025-06-05T08:58:59.9511198Z ##[group]Runner Image Provisioner
Test OLM installation	UNKNOWN STEP	2025-06-05T08:58:59.9512054Z Hosted Compute Agent
Test OLM installation	UNKNOWN STEP	2025-06-05T08:58:59.9512562Z Version: 20250508.323
Test OLM installation	UNKNOWN STEP	2025-06-05T08:58:59.9513231Z Commit: 81b259f29879f73b4213d199e42d8c3465dae986
Test OLM installation	UNKNOWN STEP	2025-06-05T08:58:59.9513896Z Build Date: 2025-05-08T19:40:08Z
Test OLM installation	UNKNOWN STEP	2025-06-05T08:58:59.9514451Z ##[endgroup]
Test OLM installation	UNKNOWN STEP	2025-06-05T08:58:59.9515325Z ##[group]Operating System
Test OLM installation	UNKNOWN STEP	2025-06-05T08:58:59.9515894Z Ubuntu
Test OLM installation	UNKNOWN STEP	2025-06-05T08:58:59.9516364Z 24.04.2
Test OLM installation	UNKNOWN STEP	2025-06-05T08:58:59.9516834Z LTS
Test OLM installation	UNKNOWN STEP	2025-06-05T08:58:59.9517305Z ##[endgroup]
Test OLM installation	UNKNOWN STEP	2025-06-05T08:58:59.9517759Z ##[group]Runner Image
Test OLM installation	UNKNOWN STEP	2025-06-05T08:58:59.9518356Z Image: ubuntu-24.04
Test OLM installation	UNKNOWN STEP	2025-06-05T08:58:59.9518871Z Version: 20250511.1.0
Test OLM installation	UNKNOWN STEP	2025-06-05T08:58:59.9519822Z Included Software: https://github.com/actions/runner-images/blob/ubuntu24/20250511.1/images/ubuntu/Ubuntu2404-Readme.md
Test OLM installation	UNKNOWN STEP	2025-06-05T08:58:59.9521453Z Image Release: https://github.com/actions/runner-images/releases/tag/ubuntu24%2F20250511.1
Test OLM installation	UNKNOWN STEP	2025-06-05T08:58:59.9522388Z ##[endgroup]
Test OLM installation	UNKNOWN STEP	2025-06-05T08:58:59.9523469Z ##[group]GITHUB_TOKEN Permissions
Test OLM installation	UNKNOWN STEP	2025-06-05T08:58:59.9525369Z Contents: read
Test OLM installation	UNKNOWN STEP	2025-06-05T08:58:59.9525859Z Metadata: read
Test OLM installation	UNKNOWN STEP	2025-06-05T08:58:59.9526469Z ##[endgroup]
Test OLM installation	UNKNOWN STEP	2025-06-05T08:58:59.9528623Z Secret source: None
Test OLM installation	UNKNOWN STEP	2025-06-05T08:58:59.9529318Z Prepare workflow directory
Test OLM installation	UNKNOWN STEP	2025-06-05T08:58:59.9937899Z Prepare all required actions
Test OLM installation	UNKNOWN STEP	2025-06-05T08:58:59.9975687Z Getting action download info
Test OLM installation	UNKNOWN STEP	2025-06-05T08:59:00.8154433Z ##[group]Download immutable action package 'actions/checkout@v4'
Test OLM installation	UNKNOWN STEP	2025-06-05T08:59:00.8156468Z Version: 4.2.2
Test OLM installation	UNKNOWN STEP	2025-06-05T08:59:00.8157904Z Digest: sha256:ccb2698953eaebd21c7bf6268a94f9c26518a7e38e27e0b83c1fe1ad049819b1
Test OLM installation	UNKNOWN STEP	2025-06-05T08:59:00.8159501Z Source commit SHA: 11bd71901bbe5b1630ceea73d27597364c9af683
Test OLM installation	UNKNOWN STEP	2025-06-05T08:59:00.8160649Z ##[endgroup]
Test OLM installation	UNKNOWN STEP	2025-06-05T08:59:00.9093612Z Download action repository 'manusa/actions-setup-minikube@v2.13.1' (SHA:5d9440a1b535e8b4f541eaac559681a9022df29d)
Test OLM installation	UNKNOWN STEP	2025-06-05T08:59:01.7237244Z Download action repository 'redhat-actions/openshift-tools-installer@v1' (SHA:144527c7d98999f2652264c048c7a9bd103f8a82)
Test OLM installation	UNKNOWN STEP	2025-06-05T08:59:02.1651210Z ##[group]Download immutable action package 'actions/download-artifact@v4'
Test OLM installation	UNKNOWN STEP	2025-06-05T08:59:02.1652550Z Version: 4.3.0
Test OLM installation	UNKNOWN STEP	2025-06-05T08:59:02.1653754Z Digest: sha256:552a5b9ad918f62ec0c2e8f42f3c694d4ebd1b4036b18c39b14168fcdfc0e4f2
Test OLM installation	UNKNOWN STEP	2025-06-05T08:59:02.1655619Z Source commit SHA: d3f86a106a0bac45b974a628896c90dbdf5c8093
Test OLM installation	UNKNOWN STEP	2025-06-05T08:59:02.1656753Z ##[endgroup]
Test OLM installation	UNKNOWN STEP	2025-06-05T08:59:02.4655570Z Complete job name: Test OLM installation
Test OLM installation	UNKNOWN STEP	2025-06-05T08:59:02.5441008Z ##[group]Run actions/checkout@v4
Test OLM installation	UNKNOWN STEP	2025-06-05T08:59:02.5442128Z with:
Test OLM installation	UNKNOWN STEP	2025-06-05T08:59:02.5442797Z   repository: keycloak/keycloak
Test OLM installation	UNKNOWN STEP	2025-06-05T08:59:02.5443820Z   token: ***
Test OLM installation	UNKNOWN STEP	2025-06-05T08:59:02.5444471Z   ssh-strict: true
Test OLM installation	UNKNOWN STEP	2025-06-05T08:59:02.5445348Z   ssh-user: git
Test OLM installation	UNKNOWN STEP	2025-06-05T08:59:02.5446052Z   persist-credentials: true
Test OLM installation	UNKNOWN STEP	2025-06-05T08:59:02.5446817Z   clean: true
Test OLM installation	UNKNOWN STEP	2025-06-05T08:59:02.5447530Z   sparse-checkout-cone-mode: true
Test OLM installation	UNKNOWN STEP	2025-06-05T08:59:02.5448345Z   fetch-depth: 1
Test OLM installation	UNKNOWN STEP	2025-06-05T08:59:02.5449043Z   fetch-tags: false
Test OLM installation	UNKNOWN STEP	2025-06-05T08:59:02.5449731Z   show-progress: true
Test OLM installation	UNKNOWN STEP	2025-06-05T08:59:02.5450414Z   lfs: false
Test OLM installation	UNKNOWN STEP	2025-06-05T08:59:02.5451041Z   submodules: false
Test OLM installation	UNKNOWN STEP	2025-06-05T08:59:02.5451766Z   set-safe-directory: true
Test OLM installation	UNKNOWN STEP	2025-06-05T08:59:02.5452758Z env:
Test OLM installation	UNKNOWN STEP	2025-06-05T08:59:02.5453663Z   MAVEN_ARGS: -B -nsu -Daether.connector.http.connectionMaxTtl=25
Test OLM installation	UNKNOWN STEP	2025-06-05T08:59:02.5454884Z   MINIKUBE_VERSION: v1.32.0
Test OLM installation	UNKNOWN STEP	2025-06-05T08:59:02.5455798Z   KUBERNETES_VERSION: v1.27.10
Test OLM installation	UNKNOWN STEP	2025-06-05T08:59:02.5456639Z   MINIKUBE_MEMORY: 4096
Test OLM installation	UNKNOWN STEP	2025-06-05T08:59:02.5457337Z ##[endgroup]
Test OLM installation	UNKNOWN STEP	2025-06-05T08:59:02.6579457Z Syncing repository: keycloak/keycloak
Test OLM installation	UNKNOWN STEP	2025-06-05T08:59:02.6582456Z ##[group]Getting Git version info
Test OLM installation	UNKNOWN STEP	2025-06-05T08:59:02.6583797Z Working directory is '/home/runner/work/keycloak/keycloak'
Test OLM installation	UNKNOWN STEP	2025-06-05T08:59:02.6586043Z [command]/usr/bin/git version
Test OLM installation	UNKNOWN STEP	2025-06-05T08:59:02.6605398Z git version 2.49.0
Test OLM installation	UNKNOWN STEP	2025-06-05T08:59:02.6632582Z ##[endgroup]
Test OLM installation	UNKNOWN STEP	2025-06-05T08:59:02.6648370Z Temporarily overriding HOME='/home/runner/work/_temp/c92a29c0-6659-4cbf-be9b-b127c449e569' before making global git config changes
Test OLM installation	UNKNOWN STEP	2025-06-05T08:59:02.6652714Z Adding repository directory to the temporary git global config as a safe directory
Test OLM installation	UNKNOWN STEP	2025-06-05T08:59:02.6656074Z [command]/usr/bin/git config --global --add safe.directory /home/runner/work/keycloak/keycloak
Test OLM installation	UNKNOWN STEP	2025-06-05T08:59:02.6689110Z Deleting the contents of '/home/runner/work/keycloak/keycloak'
Test OLM installation	UNKNOWN STEP	2025-06-05T08:59:02.6692819Z ##[group]Initializing the repository
Test OLM installation	UNKNOWN STEP	2025-06-05T08:59:02.6697973Z [command]/usr/bin/git init /home/runner/work/keycloak/keycloak
Test OLM installation	UNKNOWN STEP	2025-06-05T08:59:02.6768782Z hint: Using 'master' as the name for the initial branch. This default branch name
Test OLM installation	UNKNOWN STEP	2025-06-05T08:59:02.6770494Z hint: is subject to change. To configure the initial branch name to use in all
Test OLM installation	UNKNOWN STEP	2025-06-05T08:59:02.6772205Z hint: of your new repositories, which will suppress this warning, call:
Test OLM installation	UNKNOWN STEP	2025-06-05T08:59:02.6773814Z hint:
Test OLM installation	UNKNOWN STEP	2025-06-05T08:59:02.6774925Z hint: 	git config --global init.defaultBranch <name>
Test OLM installation	UNKNOWN STEP	2025-06-05T08:59:02.6776329Z hint:
Test OLM installation	UNKNOWN STEP	2025-06-05T08:59:02.6777348Z hint: Names commonly chosen instead of 'master' are 'main', 'trunk' and
Test OLM installation	UNKNOWN STEP	2025-06-05T08:59:02.6778810Z hint: 'development'. The just-created branch can be renamed via this command:
Test OLM installation	UNKNOWN STEP	2025-06-05T08:59:02.6780444Z hint:
Test OLM installation	UNKNOWN STEP	2025-06-05T08:59:02.6781314Z hint: 	git branch -m <name>
Test OLM installation	UNKNOWN STEP	2025-06-05T08:59:02.6782557Z Initialized empty Git repository in /home/runner/work/keycloak/keycloak/.git/
Test OLM installation	UNKNOWN STEP	2025-06-05T08:59:02.6785980Z [command]/usr/bin/git remote add origin https://github.com/keycloak/keycloak
Test OLM installation	UNKNOWN STEP	2025-06-05T08:59:02.6819427Z ##[endgroup]
Test OLM installation	UNKNOWN STEP	2025-06-05T08:59:02.6821722Z ##[group]Disabling automatic garbage collection
Test OLM installation	UNKNOWN STEP	2025-06-05T08:59:02.6823741Z [command]/usr/bin/git config --local gc.auto 0
Test OLM installation	UNKNOWN STEP	2025-06-05T08:59:02.6859165Z ##[endgroup]
Test OLM installation	UNKNOWN STEP	2025-06-05T08:59:02.6861342Z ##[group]Setting up auth
Test OLM installation	UNKNOWN STEP	2025-06-05T08:59:02.6863354Z [command]/usr/bin/git config --local --name-only --get-regexp core\.sshCommand
Test OLM installation	UNKNOWN STEP	2025-06-05T08:59:02.6891795Z [command]/usr/bin/git submodule foreach --recursive sh -c "git config --local --name-only --get-regexp 'core\.sshCommand' && git config --local --unset-all 'core.sshCommand' || :"
Test OLM installation	UNKNOWN STEP	2025-06-05T08:59:02.7201629Z [command]/usr/bin/git config --local --name-only --get-regexp http\.https\:\/\/github\.com\/\.extraheader
Test OLM installation	UNKNOWN STEP	2025-06-05T08:59:02.7231102Z [command]/usr/bin/git submodule foreach --recursive sh -c "git config --local --name-only --get-regexp 'http\.https\:\/\/github\.com\/\.extraheader' && git config --local --unset-all 'http.https://github.com/.extraheader' || :"
Test OLM installation	UNKNOWN STEP	2025-06-05T08:59:02.7450335Z [command]/usr/bin/git config --local http.https://github.com/.extraheader AUTHORIZATION: basic ***
Test OLM installation	UNKNOWN STEP	2025-06-05T08:59:02.7484483Z ##[endgroup]
Test OLM installation	UNKNOWN STEP	2025-06-05T08:59:02.7486895Z ##[group]Fetching the repository
Test OLM installation	UNKNOWN STEP	2025-06-05T08:59:02.7495487Z [command]/usr/bin/git -c protocol.version=2 fetch --no-tags --prune --no-recurse-submodules --depth=1 origin +6acaac1725a63fece8e7fd4d78f6a85deb47901f:refs/remotes/pull/40258/merge
Test OLM installation	UNKNOWN STEP	2025-06-05T08:59:06.0897562Z From https://github.com/keycloak/keycloak
Test OLM installation	UNKNOWN STEP	2025-06-05T08:59:06.0901787Z  * [new ref]         6acaac1725a63fece8e7fd4d78f6a85deb47901f -> pull/40258/merge
Test OLM installation	UNKNOWN STEP	2025-06-05T08:59:06.0953415Z ##[endgroup]
Test OLM installation	UNKNOWN STEP	2025-06-05T08:59:06.0954090Z ##[group]Determining the checkout info
Test OLM installation	UNKNOWN STEP	2025-06-05T08:59:06.0956600Z ##[endgroup]
Test OLM installation	UNKNOWN STEP	2025-06-05T08:59:06.0961594Z [command]/usr/bin/git sparse-checkout disable
Test OLM installation	UNKNOWN STEP	2025-06-05T08:59:06.1000750Z [command]/usr/bin/git config --local --unset-all extensions.worktreeConfig
Test OLM installation	UNKNOWN STEP	2025-06-05T08:59:06.1027761Z ##[group]Checking out the ref
Test OLM installation	UNKNOWN STEP	2025-06-05T08:59:06.1031891Z [command]/usr/bin/git checkout --progress --force refs/remotes/pull/40258/merge
Test OLM installation	UNKNOWN STEP	2025-06-05T08:59:06.8932756Z Note: switching to 'refs/remotes/pull/40258/merge'.
Test OLM installation	UNKNOWN STEP	2025-06-05T08:59:06.8933278Z 
Test OLM installation	UNKNOWN STEP	2025-06-05T08:59:06.8933610Z You are in 'detached HEAD' state. You can look around, make experimental
Test OLM installation	UNKNOWN STEP	2025-06-05T08:59:06.8934406Z changes and commit them, and you can discard any commits you make in this
Test OLM installation	UNKNOWN STEP	2025-06-05T08:59:06.8935480Z state without impacting any branches by switching back to a branch.
Test OLM installation	UNKNOWN STEP	2025-06-05T08:59:06.8936563Z 
Test OLM installation	UNKNOWN STEP	2025-06-05T08:59:06.8936927Z If you want to create a new branch to retain commits you create, you may
Test OLM installation	UNKNOWN STEP	2025-06-05T08:59:06.8937635Z do so (now or later) by using -c with the switch command. Example:
Test OLM installation	UNKNOWN STEP	2025-06-05T08:59:06.8938027Z 
Test OLM installation	UNKNOWN STEP	2025-06-05T08:59:06.8938199Z   git switch -c <new-branch-name>
Test OLM installation	UNKNOWN STEP	2025-06-05T08:59:06.8938513Z 
Test OLM installation	UNKNOWN STEP	2025-06-05T08:59:06.8938702Z Or undo this operation with:
Test OLM installation	UNKNOWN STEP	2025-06-05T08:59:06.8938992Z 
Test OLM installation	UNKNOWN STEP	2025-06-05T08:59:06.8939153Z   git switch -
Test OLM installation	UNKNOWN STEP	2025-06-05T08:59:06.8939399Z 
Test OLM installation	UNKNOWN STEP	2025-06-05T08:59:06.8939805Z Turn off this advice by setting config variable advice.detachedHead to false
Test OLM installation	UNKNOWN STEP	2025-06-05T08:59:06.8940385Z 
Test OLM installation	UNKNOWN STEP	2025-06-05T08:59:06.8940766Z HEAD is now at 6acaac1 Merge 3e58d4b6940232f09ee44b74abc07ba134e39821 into 04191e0c7af881f7326c40359521a1dd928e03c5
Test OLM installation	UNKNOWN STEP	2025-06-05T08:59:06.8965802Z ##[endgroup]
Test OLM installation	UNKNOWN STEP	2025-06-05T08:59:06.9003598Z [command]/usr/bin/git log -1 --format=%H
Test OLM installation	UNKNOWN STEP	2025-06-05T08:59:06.9025664Z 6acaac1725a63fece8e7fd4d78f6a85deb47901f
Test OLM installation	UNKNOWN STEP	2025-06-05T08:59:06.9255340Z Prepare all required actions
Test OLM installation	UNKNOWN STEP	2025-06-05T08:59:06.9255847Z Getting action download info
Test OLM installation	UNKNOWN STEP	2025-06-05T08:59:07.0396137Z ##[group]Download immutable action package 'actions/setup-java@v4'
Test OLM installation	UNKNOWN STEP	2025-06-05T08:59:07.0396595Z Version: 4.7.1
Test OLM installation	UNKNOWN STEP	2025-06-05T08:59:07.0396984Z Digest: sha256:23223d64943473efb4336f60463c0429cd4f422cd5fc6c48a5cf0d5907c1aeac
Test OLM installation	UNKNOWN STEP	2025-06-05T08:59:07.0397500Z Source commit SHA: c5195efecf7bdfc987ee8bae7a71cb8b11521c00
Test OLM installation	UNKNOWN STEP	2025-06-05T08:59:07.0397869Z ##[endgroup]
Test OLM installation	UNKNOWN STEP	2025-06-05T08:59:07.4026986Z ##[group]Run ./.github/actions/java-setup
Test OLM installation	UNKNOWN STEP	2025-06-05T08:59:07.4027309Z with:
Test OLM installation	UNKNOWN STEP	2025-06-05T08:59:07.4027519Z   distribution: temurin
Test OLM installation	UNKNOWN STEP	2025-06-05T08:59:07.4027758Z   java-version: 21
Test OLM installation	UNKNOWN STEP	2025-06-05T08:59:07.4027975Z env:
Test OLM installation	UNKNOWN STEP	2025-06-05T08:59:07.4028275Z   MAVEN_ARGS: -B -nsu -Daether.connector.http.connectionMaxTtl=25
Test OLM installation	UNKNOWN STEP	2025-06-05T08:59:07.4028639Z   MINIKUBE_VERSION: v1.32.0
Test OLM installation	UNKNOWN STEP	2025-06-05T08:59:07.4028902Z   KUBERNETES_VERSION: v1.27.10
Test OLM installation	UNKNOWN STEP	2025-06-05T08:59:07.4029152Z   MINIKUBE_MEMORY: 4096
Test OLM installation	UNKNOWN STEP	2025-06-05T08:59:07.4029423Z ##[endgroup]
Test OLM installation	UNKNOWN STEP	2025-06-05T08:59:07.4170486Z ##[group]Run actions/setup-java@v4
Test OLM installation	UNKNOWN STEP	2025-06-05T08:59:07.4170773Z with:
Test OLM installation	UNKNOWN STEP	2025-06-05T08:59:07.4170984Z   distribution: temurin
Test OLM installation	UNKNOWN STEP	2025-06-05T08:59:07.4171225Z   java-version: 21
Test OLM installation	UNKNOWN STEP	2025-06-05T08:59:07.4171451Z   java-package: jdk
Test OLM installation	UNKNOWN STEP	2025-06-05T08:59:07.4171677Z   check-latest: false
Test OLM installation	UNKNOWN STEP	2025-06-05T08:59:07.4171905Z   server-id: github
Test OLM installation	UNKNOWN STEP	2025-06-05T08:59:07.4172133Z   server-username: GITHUB_ACTOR
Test OLM installation	UNKNOWN STEP	2025-06-05T08:59:07.4172398Z   server-password: GITHUB_TOKEN
Test OLM installation	UNKNOWN STEP	2025-06-05T08:59:07.4172660Z   overwrite-settings: true
Test OLM installation	UNKNOWN STEP	2025-06-05T08:59:07.4172898Z   job-status: success
Test OLM installation	UNKNOWN STEP	2025-06-05T08:59:07.4173289Z   token: ***
Test OLM installation	UNKNOWN STEP	2025-06-05T08:59:07.4173495Z env:
Test OLM installation	UNKNOWN STEP	2025-06-05T08:59:07.4173792Z   MAVEN_ARGS: -B -nsu -Daether.connector.http.connectionMaxTtl=25
Test OLM installation	UNKNOWN STEP	2025-06-05T08:59:07.4174167Z   MINIKUBE_VERSION: v1.32.0
Test OLM installation	UNKNOWN STEP	2025-06-05T08:59:07.4174426Z   KUBERNETES_VERSION: v1.27.10
Test OLM installation	UNKNOWN STEP	2025-06-05T08:59:07.4174690Z   MINIKUBE_MEMORY: 4096
Test OLM installation	UNKNOWN STEP	2025-06-05T08:59:07.4174912Z ##[endgroup]
Test OLM installation	UNKNOWN STEP	2025-06-05T08:59:07.6112060Z ##[group]Installed distributions
Test OLM installation	UNKNOWN STEP	2025-06-05T08:59:07.6169750Z Resolved Java 21.0.7+6 from tool-cache
Test OLM installation	UNKNOWN STEP	2025-06-05T08:59:07.6170300Z Setting Java 21.0.7+6 as the default
Test OLM installation	UNKNOWN STEP	2025-06-05T08:59:07.6189369Z Creating toolchains.xml for JDK version 21 from temurin
Test OLM installation	UNKNOWN STEP	2025-06-05T08:59:07.6313338Z Writing to /home/runner/.m2/toolchains.xml
Test OLM installation	UNKNOWN STEP	2025-06-05T08:59:07.6313917Z 
Test OLM installation	UNKNOWN STEP	2025-06-05T08:59:07.6315255Z Java configuration:
Test OLM installation	UNKNOWN STEP	2025-06-05T08:59:07.6315693Z   Distribution: temurin
Test OLM installation	UNKNOWN STEP	2025-06-05T08:59:07.6316046Z   Version: 21.0.7+6
Test OLM installation	UNKNOWN STEP	2025-06-05T08:59:07.6317230Z   Path: /opt/hostedtoolcache/Java_Temurin-Hotspot_jdk/21.0.7-6/x64
Test OLM installation	UNKNOWN STEP	2025-06-05T08:59:07.6317674Z 
Test OLM installation	UNKNOWN STEP	2025-06-05T08:59:07.6319367Z ##[endgroup]
Test OLM installation	UNKNOWN STEP	2025-06-05T08:59:07.6334115Z Creating settings.xml with server-id: github
Test OLM installation	UNKNOWN STEP	2025-06-05T08:59:07.6342694Z Writing to /home/runner/.m2/settings.xml
Test OLM installation	UNKNOWN STEP	2025-06-05T08:59:07.6504657Z ##[group]Run manusa/actions-setup-minikube@v2.13.1
Test OLM installation	UNKNOWN STEP	2025-06-05T08:59:07.6505204Z with:
Test OLM installation	UNKNOWN STEP	2025-06-05T08:59:07.6505450Z   minikube version: v1.32.0
Test OLM installation	UNKNOWN STEP	2025-06-05T08:59:07.6505689Z   kubernetes version: v1.27.10
Test OLM installation	UNKNOWN STEP	2025-06-05T08:59:07.6506342Z   github token: ***
Test OLM installation	UNKNOWN STEP	2025-06-05T08:59:07.6506537Z   driver: docker
Test OLM installation	UNKNOWN STEP	2025-06-05T08:59:07.6506731Z   start args: --memory=4096
Test OLM installation	UNKNOWN STEP	2025-06-05T08:59:07.6506966Z env:
Test OLM installation	UNKNOWN STEP	2025-06-05T08:59:07.6507363Z   MAVEN_ARGS: -B -nsu -Daether.connector.http.connectionMaxTtl=25
Test OLM installation	UNKNOWN STEP	2025-06-05T08:59:07.6507694Z   MINIKUBE_VERSION: v1.32.0
Test OLM installation	UNKNOWN STEP	2025-06-05T08:59:07.6507917Z   KUBERNETES_VERSION: v1.27.10
Test OLM installation	UNKNOWN STEP	2025-06-05T08:59:07.6508124Z   MINIKUBE_MEMORY: 4096
Test OLM installation	UNKNOWN STEP	2025-06-05T08:59:07.6508427Z   JAVA_HOME: /opt/hostedtoolcache/Java_Temurin-Hotspot_jdk/21.0.7-6/x64
Test OLM installation	UNKNOWN STEP	2025-06-05T08:59:07.6508868Z   JAVA_HOME_21_X64: /opt/hostedtoolcache/Java_Temurin-Hotspot_jdk/21.0.7-6/x64
Test OLM installation	UNKNOWN STEP	2025-06-05T08:59:07.6509193Z ##[endgroup]
Test OLM installation	UNKNOWN STEP	2025-06-05T08:59:07.7650320Z Loading input variables
Test OLM installation	UNKNOWN STEP	2025-06-05T08:59:07.7652660Z Updating Environment configuration to support Minikube
Test OLM installation	UNKNOWN STEP	2025-06-05T08:59:07.7928291Z 
Test OLM installation	UNKNOWN STEP	2025-06-05T08:59:07.7928826Z WARNING: apt does not have a stable CLI interface. Use with caution in scripts.
Test OLM installation	UNKNOWN STEP	2025-06-05T08:59:07.7929171Z 
Test OLM installation	UNKNOWN STEP	2025-06-05T08:59:07.8774416Z Get:1 file:/etc/apt/apt-mirrors.txt Mirrorlist [144 B]
Test OLM installation	UNKNOWN STEP	2025-06-05T08:59:07.9197669Z Hit:2 http://azure.archive.ubuntu.com/ubuntu noble InRelease
Test OLM installation	UNKNOWN STEP	2025-06-05T08:59:07.9225995Z Get:6 https://packages.microsoft.com/repos/azure-cli noble InRelease [3564 B]
Test OLM installation	UNKNOWN STEP	2025-06-05T08:59:07.9226935Z Get:7 https://packages.microsoft.com/ubuntu/24.04/prod noble InRelease [3600 B]
Test OLM installation	UNKNOWN STEP	2025-06-05T08:59:07.9230845Z Get:3 http://azure.archive.ubuntu.com/ubuntu noble-updates InRelease [126 kB]
Test OLM installation	UNKNOWN STEP	2025-06-05T08:59:07.9322087Z Get:4 http://azure.archive.ubuntu.com/ubuntu noble-backports InRelease [126 kB]
Test OLM installation	UNKNOWN STEP	2025-06-05T08:59:07.9348546Z Get:5 http://azure.archive.ubuntu.com/ubuntu noble-security InRelease [126 kB]
Test OLM installation	UNKNOWN STEP	2025-06-05T08:59:08.0692398Z Get:8 https://packages.microsoft.com/repos/azure-cli noble/main amd64 Packages [1377 B]
Test OLM installation	UNKNOWN STEP	2025-06-05T08:59:08.1187457Z Get:9 https://packages.microsoft.com/ubuntu/24.04/prod noble/main armhf Packages [8426 B]
Test OLM installation	UNKNOWN STEP	2025-06-05T08:59:08.1219736Z Get:10 https://packages.microsoft.com/ubuntu/24.04/prod noble/main arm64 Packages [20.8 kB]
Test OLM installation	UNKNOWN STEP	2025-06-05T08:59:08.1254062Z Get:11 https://packages.microsoft.com/ubuntu/24.04/prod noble/main amd64 Packages [33.6 kB]
Test OLM installation	UNKNOWN STEP	2025-06-05T08:59:08.1653924Z Get:12 http://azure.archive.ubuntu.com/ubuntu noble-updates/main amd64 Packages [1112 kB]
Test OLM installation	UNKNOWN STEP	2025-06-05T08:59:08.1734715Z Get:13 http://azure.archive.ubuntu.com/ubuntu noble-updates/main Translation-en [237 kB]
Test OLM installation	UNKNOWN STEP	2025-06-05T08:59:08.1772803Z Get:14 http://azure.archive.ubuntu.com/ubuntu noble-updates/main amd64 Components [161 kB]
Test OLM installation	UNKNOWN STEP	2025-06-05T08:59:08.1793133Z Get:15 http://azure.archive.ubuntu.com/ubuntu noble-updates/universe amd64 Packages [1070 kB]
Test OLM installation	UNKNOWN STEP	2025-06-05T08:59:08.1870779Z Get:16 http://azure.archive.ubuntu.com/ubuntu noble-updates/universe Translation-en [272 kB]
Test OLM installation	UNKNOWN STEP	2025-06-05T08:59:08.1897898Z Get:17 http://azure.archive.ubuntu.com/ubuntu noble-updates/universe amd64 Components [376 kB]
Test OLM installation	UNKNOWN STEP	2025-06-05T08:59:08.1940177Z Get:18 http://azure.archive.ubuntu.com/ubuntu noble-updates/restricted amd64 Packages [1174 kB]
Test OLM installation	UNKNOWN STEP	2025-06-05T08:59:08.2018456Z Get:19 http://azure.archive.ubuntu.com/ubuntu noble-updates/restricted Translation-en [243 kB]
Test OLM installation	UNKNOWN STEP	2025-06-05T08:59:08.2043730Z Get:20 http://azure.archive.ubuntu.com/ubuntu noble-updates/restricted amd64 Components [212 B]
Test OLM installation	UNKNOWN STEP	2025-06-05T08:59:08.2058717Z Get:21 http://azure.archive.ubuntu.com/ubuntu noble-updates/multiverse amd64 Components [940 B]
Test OLM installation	UNKNOWN STEP	2025-06-05T08:59:08.2727327Z Get:22 http://azure.archive.ubuntu.com/ubuntu noble-backports/main amd64 Packages [39.2 kB]
Test OLM installation	UNKNOWN STEP	2025-06-05T08:59:08.2797689Z Get:23 http://azure.archive.ubuntu.com/ubuntu noble-backports/main amd64 Components [7120 B]
Test OLM installation	UNKNOWN STEP	2025-06-05T08:59:08.2805195Z Get:24 http://azure.archive.ubuntu.com/ubuntu noble-backports/universe amd64 Packages [27.1 kB]
Test OLM installation	UNKNOWN STEP	2025-06-05T08:59:08.2818745Z Get:25 http://azure.archive.ubuntu.com/ubuntu noble-backports/universe amd64 Components [16.3 kB]
Test OLM installation	UNKNOWN STEP	2025-06-05T08:59:08.2857278Z Get:26 http://azure.archive.ubuntu.com/ubuntu noble-backports/restricted amd64 Components [216 B]
Test OLM installation	UNKNOWN STEP	2025-06-05T08:59:08.2893134Z Get:27 http://azure.archive.ubuntu.com/ubuntu noble-backports/multiverse amd64 Components [212 B]
Test OLM installation	UNKNOWN STEP	2025-06-05T08:59:08.2907355Z Get:28 http://azure.archive.ubuntu.com/ubuntu noble-security/main amd64 Packages [864 kB]
Test OLM installation	UNKNOWN STEP	2025-06-05T08:59:08.2989469Z Get:29 http://azure.archive.ubuntu.com/ubuntu noble-security/main Translation-en [159 kB]
Test OLM installation	UNKNOWN STEP	2025-06-05T08:59:08.3020111Z Get:30 http://azure.archive.ubuntu.com/ubuntu noble-security/main amd64 Components [21.5 kB]
Test OLM installation	UNKNOWN STEP	2025-06-05T08:59:08.3066884Z Get:31 http://azure.archive.ubuntu.com/ubuntu noble-security/universe amd64 Packages [845 kB]
Test OLM installation	UNKNOWN STEP	2025-06-05T08:59:08.3138645Z Get:32 http://azure.archive.ubuntu.com/ubuntu noble-security/universe Translation-en [185 kB]
Test OLM installation	UNKNOWN STEP	2025-06-05T08:59:08.3167478Z Get:33 http://azure.archive.ubuntu.com/ubuntu noble-security/universe amd64 Components [52.3 kB]
Test OLM installation	UNKNOWN STEP	2025-06-05T08:59:08.3187423Z Get:34 http://azure.archive.ubuntu.com/ubuntu noble-security/restricted amd64 Packages [1138 kB]
Test OLM installation	UNKNOWN STEP	2025-06-05T08:59:08.3257965Z Get:35 http://azure.archive.ubuntu.com/ubuntu noble-security/restricted Translation-en [236 kB]
Test OLM installation	UNKNOWN STEP	2025-06-05T08:59:08.3776908Z Get:36 http://azure.archive.ubuntu.com/ubuntu noble-security/restricted amd64 Components [208 B]
Test OLM installation	UNKNOWN STEP	2025-06-05T08:59:08.3790025Z Get:37 http://azure.archive.ubuntu.com/ubuntu noble-security/multiverse amd64 Components [208 B]
Test OLM installation	UNKNOWN STEP	2025-06-05T08:59:12.2747139Z Fetched 8689 kB in 1s (7273 kB/s)
Test OLM installation	UNKNOWN STEP	2025-06-05T08:59:12.9771305Z Reading package lists...
Test OLM installation	UNKNOWN STEP	2025-06-05T08:59:13.1676531Z Building dependency tree...
Test OLM installation	UNKNOWN STEP	2025-06-05T08:59:13.1683351Z Reading state information...
Test OLM installation	UNKNOWN STEP	2025-06-05T08:59:13.1920289Z 52 packages can be upgraded. Run 'apt list --upgradable' to see them.
Test OLM installation	UNKNOWN STEP	2025-06-05T08:59:13.2183628Z Reading package lists...
Test OLM installation	UNKNOWN STEP	2025-06-05T08:59:13.3935484Z Building dependency tree...
Test OLM installation	UNKNOWN STEP	2025-06-05T08:59:13.3942944Z Reading state information...
Test OLM installation	UNKNOWN STEP	2025-06-05T08:59:13.5805512Z The following NEW packages will be installed:
Test OLM installation	UNKNOWN STEP	2025-06-05T08:59:13.5811523Z   conntrack
Test OLM installation	UNKNOWN STEP	2025-06-05T08:59:13.5981183Z 0 upgraded, 1 newly installed, 0 to remove and 52 not upgraded.
Test OLM installation	UNKNOWN STEP	2025-06-05T08:59:13.5981810Z Need to get 37.9 kB of archives.
Test OLM installation	UNKNOWN STEP	2025-06-05T08:59:13.5982365Z After this operation, 119 kB of additional disk space will be used.
Test OLM installation	UNKNOWN STEP	2025-06-05T08:59:13.5982754Z Get:1 file:/etc/apt/apt-mirrors.txt Mirrorlist [144 B]
Test OLM installation	UNKNOWN STEP	2025-06-05T08:59:13.6497429Z Get:2 http://azure.archive.ubuntu.com/ubuntu noble/main amd64 conntrack amd64 1:1.4.8-1ubuntu1 [37.9 kB]
Test OLM installation	UNKNOWN STEP	2025-06-05T08:59:13.9151036Z Fetched 37.9 kB in 0s (601 kB/s)
Test OLM installation	UNKNOWN STEP	2025-06-05T08:59:13.9397428Z Selecting previously unselected package conntrack.
Test OLM installation	UNKNOWN STEP	2025-06-05T08:59:13.9609309Z (Reading database ... 
Test OLM installation	UNKNOWN STEP	2025-06-05T08:59:13.9609762Z (Reading database ... 5%
Test OLM installation	UNKNOWN STEP	2025-06-05T08:59:13.9610137Z (Reading database ... 10%
Test OLM installation	UNKNOWN STEP	2025-06-05T08:59:13.9610426Z (Reading database ... 15%
Test OLM installation	UNKNOWN STEP	2025-06-05T08:59:13.9610643Z (Reading database ... 20%
Test OLM installation	UNKNOWN STEP	2025-06-05T08:59:13.9611102Z (Reading database ... 25%
Test OLM installation	UNKNOWN STEP	2025-06-05T08:59:13.9611482Z (Reading database ... 30%
Test OLM installation	UNKNOWN STEP	2025-06-05T08:59:13.9611832Z (Reading database ... 35%
Test OLM installation	UNKNOWN STEP	2025-06-05T08:59:13.9612187Z (Reading database ... 40%
Test OLM installation	UNKNOWN STEP	2025-06-05T08:59:13.9612520Z (Reading database ... 45%
Test OLM installation	UNKNOWN STEP	2025-06-05T08:59:13.9612871Z (Reading database ... 50%
Test OLM installation	UNKNOWN STEP	2025-06-05T08:59:13.9712665Z (Reading database ... 55%
Test OLM installation	UNKNOWN STEP	2025-06-05T08:59:14.0063374Z (Reading database ... 60%
Test OLM installation	UNKNOWN STEP	2025-06-05T08:59:14.0303541Z (Reading database ... 65%
Test OLM installation	UNKNOWN STEP	2025-06-05T08:59:14.0574765Z (Reading database ... 70%
Test OLM installation	UNKNOWN STEP	2025-06-05T08:59:14.0795141Z (Reading database ... 75%
Test OLM installation	UNKNOWN STEP	2025-06-05T08:59:14.1287174Z (Reading database ... 80%
Test OLM installation	UNKNOWN STEP	2025-06-05T08:59:14.1591467Z (Reading database ... 85%
Test OLM installation	UNKNOWN STEP	2025-06-05T08:59:14.2372233Z (Reading database ... 90%
Test OLM installation	UNKNOWN STEP	2025-06-05T08:59:14.2850707Z (Reading database ... 95%
Test OLM installation	UNKNOWN STEP	2025-06-05T08:59:14.2851114Z (Reading database ... 100%
Test OLM installation	UNKNOWN STEP	2025-06-05T08:59:14.2851622Z (Reading database ... 222694 files and directories currently installed.)
Test OLM installation	UNKNOWN STEP	2025-06-05T08:59:14.2897037Z Preparing to unpack .../conntrack_1%3a1.4.8-1ubuntu1_amd64.deb ...
Test OLM installation	UNKNOWN STEP	2025-06-05T08:59:14.2947135Z Unpacking conntrack (1:1.4.8-1ubuntu1) ...
Test OLM installation	UNKNOWN STEP	2025-06-05T08:59:14.3394354Z Setting up conntrack (1:1.4.8-1ubuntu1) ...
Test OLM installation	UNKNOWN STEP	2025-06-05T08:59:14.3439618Z Processing triggers for man-db (2.12.0-4build2) ...
Test OLM installation	UNKNOWN STEP	2025-06-05T08:59:16.8698320Z 
Test OLM installation	UNKNOWN STEP	2025-06-05T08:59:16.8698924Z Running kernel seems to be up-to-date.
Test OLM installation	UNKNOWN STEP	2025-06-05T08:59:16.8699282Z 
Test OLM installation	UNKNOWN STEP	2025-06-05T08:59:16.8699420Z Restarting services...
Test OLM installation	UNKNOWN STEP	2025-06-05T08:59:16.8769990Z 
Test OLM installation	UNKNOWN STEP	2025-06-05T08:59:16.8770459Z Service restarts being deferred:
Test OLM installation	UNKNOWN STEP	2025-06-05T08:59:16.8775664Z  systemctl restart hosted-compute-agent.service
Test OLM installation	UNKNOWN STEP	2025-06-05T08:59:16.8776009Z 
Test OLM installation	UNKNOWN STEP	2025-06-05T08:59:16.8776269Z No containers need to be restarted.
Test OLM installation	UNKNOWN STEP	2025-06-05T08:59:16.8776577Z 
Test OLM installation	UNKNOWN STEP	2025-06-05T08:59:16.8776765Z No user sessions are running outdated binaries.
Test OLM installation	UNKNOWN STEP	2025-06-05T08:59:16.8777092Z 
Test OLM installation	UNKNOWN STEP	2025-06-05T08:59:16.8777383Z No VM guests are running outdated hypervisor (qemu) binaries on this host.
Test OLM installation	UNKNOWN STEP	2025-06-05T08:59:17.7218638Z fs.protected_regular = 0
Test OLM installation	UNKNOWN STEP	2025-06-05T08:59:17.7228965Z Waiting for Docker to be ready
Test OLM installation	UNKNOWN STEP	2025-06-05T08:59:17.8037800Z 28.0.4 - 28.0.4
Test OLM installation	UNKNOWN STEP	2025-06-05T08:59:17.8054395Z Docker daemon is ready
Test OLM installation	UNKNOWN STEP	2025-06-05T08:59:17.8058945Z Downloading Minikube  v1.32.0
Test OLM installation	UNKNOWN STEP	2025-06-05T08:59:18.0202541Z Downloading from: https://github.com/kubernetes/minikube/releases/download/v1.32.0/minikube-linux-amd64
Test OLM installation	UNKNOWN STEP	2025-06-05T08:59:18.7943228Z Installing Minikube
Test OLM installation	UNKNOWN STEP	2025-06-05T08:59:18.8375926Z * minikube v1.32.0 on Ubuntu 24.04
Test OLM installation	UNKNOWN STEP	2025-06-05T08:59:18.8386888Z   - MINIKUBE_VERSION=v1.32.0
Test OLM installation	UNKNOWN STEP	2025-06-05T08:59:18.8390940Z   - MINIKUBE_MEMORY=4096
Test OLM installation	UNKNOWN STEP	2025-06-05T08:59:18.8394264Z   - MINIKUBE_HOME=/home/runner/work/_temp
Test OLM installation	UNKNOWN STEP	2025-06-05T08:59:18.9005133Z * minikube 1.36.0 is available! Download it: https://github.com/kubernetes/minikube/releases/tag/v1.36.0
Test OLM installation	UNKNOWN STEP	2025-06-05T08:59:18.9015760Z * To disable this notice, run: 'minikube config set WantUpdateNotification false'
Test OLM installation	UNKNOWN STEP	2025-06-05T08:59:18.9016602Z 
Test OLM installation	UNKNOWN STEP	2025-06-05T08:59:19.2229338Z * Using the docker driver based on user configuration
Test OLM installation	UNKNOWN STEP	2025-06-05T08:59:19.2697801Z * Using Docker driver with root privileges
Test OLM installation	UNKNOWN STEP	2025-06-05T08:59:19.2710076Z * Starting control plane node minikube in cluster minikube
Test OLM installation	UNKNOWN STEP	2025-06-05T08:59:19.2722725Z * Pulling base image ...
Test OLM installation	UNKNOWN STEP	2025-06-05T08:59:19.3514024Z * Downloading Kubernetes v1.27.10 preload ...
Test OLM installation	UNKNOWN STEP	2025-06-05T08:59:32.9676021Z * Creating docker container (CPUs=2, Memory=4096MB) ...
Test OLM installation	UNKNOWN STEP	2025-06-05T08:59:47.7023482Z * Preparing Kubernetes v1.27.10 on Docker 24.0.7 ...
Test OLM installation	UNKNOWN STEP	2025-06-05T08:59:50.4048906Z   - Generating certificates and keys ...
Test OLM installation	UNKNOWN STEP	2025-06-05T08:59:52.2688522Z   - Booting up control plane ...
Test OLM installation	UNKNOWN STEP	2025-06-05T08:59:57.3046730Z   - Configuring RBAC rules ...
Test OLM installation	UNKNOWN STEP	2025-06-05T08:59:57.7242516Z * Configuring bridge CNI (Container Networking Interface) ...
Test OLM installation	UNKNOWN STEP	2025-06-05T08:59:57.9165262Z * Verifying Kubernetes components...
Test OLM installation	UNKNOWN STEP	2025-06-05T08:59:57.9173388Z   - Using image gcr.io/k8s-minikube/storage-provisioner:v5
Test OLM installation	UNKNOWN STEP	2025-06-05T08:59:58.6586059Z * Enabled addons: storage-provisioner, default-storageclass
Test OLM installation	UNKNOWN STEP	2025-06-05T09:00:02.7909078Z 
Test OLM installation	UNKNOWN STEP	2025-06-05T09:00:02.7919687Z     > gcr.io/k8s-minikube/kicbase...:  0 B [_______________________] ?% ? p/s ?    > gcr.io/k8s-minikube/kicbase...:  1.62 KiB / 453.90 MiB [>_] 0.00% ? p/s ?    > gcr.io/k8s-minikube/kicbase...:  65.75 KiB / 453.90 MiB [>] 0.01% ? p/s ?    > gcr.io/k8s-minikube/kicbase...:  13.78 MiB / 453.90 MiB  3.04% 22.98 MiB     > gcr.io/k8s-minikube/kicbase...:  44.89 MiB / 453.90 MiB  9.89% 22.98 MiB     > gcr.io/k8s-minikube/kicbase...:  71.61 MiB / 453.90 MiB  15.78% 22.98 MiB    > gcr.io/k8s-minikube/kicbase...:  91.66 MiB / 453.90 MiB  20.19% 29.87 MiB    > gcr.io/k8s-minikube/kicbase...:  121.91 MiB / 453.90 MiB  26.86% 29.87 Mi    > gcr.io/k8s-minikube/kicbase...:  151.16 MiB / 453.90 MiB  33.30% 29.87 Mi    > gcr.io/k8s-minikube/kicbase...:  180.60 MiB / 453.90 MiB  39.79% 37.50 Mi    > gcr.io/k8s-minikube/kicbase...:  212.95 MiB / 453.90 MiB  46.92% 37.50 Mi    > gcr.io/k8s-minikube/kicbase...:  242.91 MiB / 453.90 MiB  53.52% 37.50 Mi    > gcr.io/k8s-minikube/kicbase...:  272.00 MiB / 453.90 MiB  59.93% 44.90 Mi    > gcr.io/k8s-minikube/kicbase...:  303.36 MiB / 453.90 MiB  66.83% 44.90 Mi    > gcr.io/k8s-minikube/kicbase...:  334.31 MiB / 453.90 MiB  73.65% 44.90 Mi    > gcr.io/k8s-minikube/kicbase...:  365.97 MiB / 453.90 MiB  80.63% 52.12 Mi    > gcr.io/k8s-minikube/kicbase...:  397.06 MiB / 453.90 MiB  87.48% 52.12 Mi    > gcr.io/k8s-minikube/kicbase...:  428.10 MiB / 453.90 MiB  94.32% 52.12 Mi    > gcr.io/k8s-minikube/kicbase...:  453.90 MiB / 453.90 MiB  100.00% 127.54 ! /usr/bin/kubectl is version 1.33.0, which may have incompatibilities with Kubernetes 1.27.10.
Test OLM installation	UNKNOWN STEP	2025-06-05T09:00:02.7924214Z   - Want kubectl v1.27.10? Try 'minikube kubectl -- get pods -A'
Test OLM installation	UNKNOWN STEP	2025-06-05T09:00:02.7926865Z * Done! kubectl is now configured to use "minikube" cluster and "default" namespace by default
Test OLM installation	UNKNOWN STEP	2025-06-05T09:00:02.8699482Z minikube version: v1.32.0commit: 8220a6eb95f0a4d75f7f2d7b14cef975f050512d installed successfully
Test OLM installation	UNKNOWN STEP	2025-06-05T09:00:02.8868815Z ##[group]Run redhat-actions/openshift-tools-installer@v1
Test OLM installation	UNKNOWN STEP	2025-06-05T09:00:02.8869128Z with:
Test OLM installation	UNKNOWN STEP	2025-06-05T09:00:02.8869304Z   source: github
Test OLM installation	UNKNOWN STEP	2025-06-05T09:00:02.8869481Z   opm: 1.21.0
Test OLM installation	UNKNOWN STEP	2025-06-05T09:00:02.8869763Z   github_pat: ***
Test OLM installation	UNKNOWN STEP	2025-06-05T09:00:02.8869944Z   skip_cache: false
Test OLM installation	UNKNOWN STEP	2025-06-05T09:00:02.8870121Z env:
Test OLM installation	UNKNOWN STEP	2025-06-05T09:00:02.8870377Z   MAVEN_ARGS: -B -nsu -Daether.connector.http.connectionMaxTtl=25
Test OLM installation	UNKNOWN STEP	2025-06-05T09:00:02.8870710Z   MINIKUBE_VERSION: v1.32.0
Test OLM installation	UNKNOWN STEP	2025-06-05T09:00:02.8870930Z   KUBERNETES_VERSION: v1.27.10
Test OLM installation	UNKNOWN STEP	2025-06-05T09:00:02.8871137Z   MINIKUBE_MEMORY: 4096
Test OLM installation	UNKNOWN STEP	2025-06-05T09:00:02.8871430Z   JAVA_HOME: /opt/hostedtoolcache/Java_Temurin-Hotspot_jdk/21.0.7-6/x64
Test OLM installation	UNKNOWN STEP	2025-06-05T09:00:02.8871862Z   JAVA_HOME_21_X64: /opt/hostedtoolcache/Java_Temurin-Hotspot_jdk/21.0.7-6/x64
Test OLM installation	UNKNOWN STEP	2025-06-05T09:00:02.8872212Z   MINIKUBE_HOME: /home/runner/work/_temp
Test OLM installation	UNKNOWN STEP	2025-06-05T09:00:02.8872442Z ##[endgroup]
Test OLM installation	UNKNOWN STEP	2025-06-05T09:00:03.0484146Z Installing opm matching version "1.21.0"
Test OLM installation	UNKNOWN STEP	2025-06-05T09:00:03.0503537Z ‚ÑπÔ∏è Tools will be installed from "github".
Test OLM installation	UNKNOWN STEP	2025-06-05T09:00:03.0505139Z 
Test OLM installation	UNKNOWN STEP	2025-06-05T09:00:03.0505743Z üîé Searching for a version of opm satisfying the range "1.21.0" that was input as "1.21.0"
Test OLM installation	UNKNOWN STEP	2025-06-05T09:00:04.6141207Z Max opm version satisfying 1.21.0 is 1.21.0
Test OLM installation	UNKNOWN STEP	2025-06-05T09:00:04.6142138Z Download path of opm is https://github.com/operator-framework/operator-registry/releases
Test OLM installation	UNKNOWN STEP	2025-06-05T09:00:04.7991576Z Current operating system is linux
Test OLM installation	UNKNOWN STEP	2025-06-05T09:00:04.7993810Z Current architecture is amd64
Test OLM installation	UNKNOWN STEP	2025-06-05T09:00:04.7995160Z Selecting linux-amd64-opm
Test OLM installation	UNKNOWN STEP	2025-06-05T09:00:04.7999493Z Using temporary directory for storage
Test OLM installation	UNKNOWN STEP	2025-06-05T09:00:04.8011314Z üìÅ CLIs will be downloaded to /home/runner/work/_temp/openshift-bin
Test OLM installation	UNKNOWN STEP	2025-06-05T09:00:04.8014359Z Added /home/runner/work/_temp/openshift-bin to PATH
Test OLM installation	UNKNOWN STEP	2025-06-05T09:00:04.8014783Z Checking the cache for opm v1.21.0...
Test OLM installation	UNKNOWN STEP	2025-06-05T09:00:24.8335198Z ##[warning]Failed to check cache for opm v1.21.0: Error: getCacheEntry failed: Request timeout: /tCOJJILWkex8UDNVB9Z9q2wVTEo6XuQmvYC4WF5xSHs8KTS3Kx/_apis/artifactcache/cache?keys=opm_v1.21.0_linux_amd64_github&version=8b32b49210c8cf4c3e3edd31ba24546ebd2f9bbb4a71c43aadd293997aa68499
Test OLM installation	UNKNOWN STEP	2025-06-05T09:00:25.2595592Z ‚¨áÔ∏è Downloading 45.03MB https://github.com/operator-framework/operator-registry/releases/download/v1.21.0/linux-amd64-opm ...
Test OLM installation	UNKNOWN STEP	2025-06-05T09:00:25.7691495Z Downloaded linux-amd64-opm in 0.5s
Test OLM installation	UNKNOWN STEP	2025-06-05T09:00:25.7694464Z Download path of opm is https://github.com/operator-framework/operator-registry/releases
Test OLM installation	UNKNOWN STEP	2025-06-05T09:00:25.9648086Z ‚¨áÔ∏è Downloading hash file https://github.com/operator-framework/operator-registry/releases/download/v1.21.0/checksums.txt
Test OLM installation	UNKNOWN STEP	2025-06-05T09:00:26.3249975Z sha256 verification of linux-amd64-opm succeeded.
Test OLM installation	UNKNOWN STEP	2025-06-05T09:00:26.3260468Z opm installed into /home/runner/work/_temp/openshift-bin/opm
Test OLM installation	UNKNOWN STEP	2025-06-05T09:00:26.3347379Z [command]/home/runner/work/_temp/openshift-bin/opm version
Test OLM installation	UNKNOWN STEP	2025-06-05T09:00:26.3552708Z Version: version.Version{OpmVersion:"v1.21.0", GitCommit:"9999f796", BuildDate:"2022-03-03T21:23:12Z", GoOs:"linux", GoArch:"amd64"}
Test OLM installation	UNKNOWN STEP	2025-06-05T09:00:26.3571676Z üíæ Saving opm v1.21.0 into the cache
Test OLM installation	UNKNOWN STEP	2025-06-05T09:00:46.3822184Z ##[warning]Failed to cache opm v1.21.0: Error: reserveCache failed: Request timeout: /tCOJJILWkex8UDNVB9Z9q2wVTEo6XuQmvYC4WF5xSHs8KTS3Kx/_apis/artifactcache/caches
Test OLM installation	UNKNOWN STEP	2025-06-05T09:00:46.3824534Z ‚úÖ Successfully installed opm v1.21.0.
Test OLM installation	UNKNOWN STEP	2025-06-05T09:00:46.3825545Z 
Test OLM installation	UNKNOWN STEP	2025-06-05T09:00:46.3825886Z ‚úÖ Successfully installed 1/1 client:
Test OLM installation	UNKNOWN STEP	2025-06-05T09:00:46.3826329Z   - opm v1.21.0
Test OLM installation	UNKNOWN STEP	2025-06-05T09:00:46.3836396Z Wrote out installed versions to /home/runner/work/_temp/openshift-bin/openshift-clients-installed.json
Test OLM installation	UNKNOWN STEP	2025-06-05T09:02:49.3340504Z ##[group]Run sudo snap install yq
Test OLM installation	UNKNOWN STEP	2025-06-05T09:02:49.3340840Z [36;1msudo snap install yq[0m
Test OLM installation	UNKNOWN STEP	2025-06-05T09:02:49.3526697Z shell: /usr/bin/bash --noprofile --norc -e -o pipefail {0}
Test OLM installation	UNKNOWN STEP	2025-06-05T09:02:49.3527021Z env:
Test OLM installation	UNKNOWN STEP	2025-06-05T09:02:49.3527277Z   MAVEN_ARGS: -B -nsu -Daether.connector.http.connectionMaxTtl=25
Test OLM installation	UNKNOWN STEP	2025-06-05T09:02:49.3527627Z   MINIKUBE_VERSION: v1.32.0
Test OLM installation	UNKNOWN STEP	2025-06-05T09:02:49.3527855Z   KUBERNETES_VERSION: v1.27.10
Test OLM installation	UNKNOWN STEP	2025-06-05T09:02:49.3528072Z   MINIKUBE_MEMORY: 4096
Test OLM installation	UNKNOWN STEP	2025-06-05T09:02:49.3528376Z   JAVA_HOME: /opt/hostedtoolcache/Java_Temurin-Hotspot_jdk/21.0.7-6/x64
Test OLM installation	UNKNOWN STEP	2025-06-05T09:02:49.3528815Z   JAVA_HOME_21_X64: /opt/hostedtoolcache/Java_Temurin-Hotspot_jdk/21.0.7-6/x64
Test OLM installation	UNKNOWN STEP	2025-06-05T09:02:49.3529173Z   MINIKUBE_HOME: /home/runner/work/_temp
Test OLM installation	UNKNOWN STEP	2025-06-05T09:02:49.3529424Z ##[endgroup]
Test OLM installation	UNKNOWN STEP	2025-06-05T09:02:53.2027831Z 2025-06-05T09:02:53Z INFO Waiting for automatic snapd restart...
Test OLM installation	UNKNOWN STEP	2025-06-05T09:03:05.1425383Z yq v4.44.5 from Mike Farah (mikefarah) installed
Test OLM installation	UNKNOWN STEP	2025-06-05T09:03:05.1476871Z ##[group]Run ./scripts/install-olm.sh
Test OLM installation	UNKNOWN STEP	2025-06-05T09:03:05.1477216Z [36;1m./scripts/install-olm.sh[0m
Test OLM installation	UNKNOWN STEP	2025-06-05T09:03:05.1529093Z shell: /usr/bin/bash --noprofile --norc -e -o pipefail {0}
Test OLM installation	UNKNOWN STEP	2025-06-05T09:03:05.1529426Z env:
Test OLM installation	UNKNOWN STEP	2025-06-05T09:03:05.1529696Z   MAVEN_ARGS: -B -nsu -Daether.connector.http.connectionMaxTtl=25
Test OLM installation	UNKNOWN STEP	2025-06-05T09:03:05.1530067Z   MINIKUBE_VERSION: v1.32.0
Test OLM installation	UNKNOWN STEP	2025-06-05T09:03:05.1530309Z   KUBERNETES_VERSION: v1.27.10
Test OLM installation	UNKNOWN STEP	2025-06-05T09:03:05.1530529Z   MINIKUBE_MEMORY: 4096
Test OLM installation	UNKNOWN STEP	2025-06-05T09:03:05.1530851Z   JAVA_HOME: /opt/hostedtoolcache/Java_Temurin-Hotspot_jdk/21.0.7-6/x64
Test OLM installation	UNKNOWN STEP	2025-06-05T09:03:05.1531341Z   JAVA_HOME_21_X64: /opt/hostedtoolcache/Java_Temurin-Hotspot_jdk/21.0.7-6/x64
Test OLM installation	UNKNOWN STEP	2025-06-05T09:03:05.1531741Z   MINIKUBE_HOME: /home/runner/work/_temp
Test OLM installation	UNKNOWN STEP	2025-06-05T09:03:05.1532010Z ##[endgroup]
Test OLM installation	UNKNOWN STEP	2025-06-05T09:03:05.1614009Z + mkdir -p /tmp/olm/
Test OLM installation	UNKNOWN STEP	2025-06-05T09:03:05.1628762Z + curl -f -L https://github.com/operator-framework/operator-lifecycle-manager/releases/download/v0.26.0/install.sh -o /tmp/olm/install.sh
Test OLM installation	UNKNOWN STEP	2025-06-05T09:03:05.1692852Z   % Total    % Received % Xferd  Average Speed   Time    Time     Time  Current
Test OLM installation	UNKNOWN STEP	2025-06-05T09:03:05.1693470Z                                  Dload  Upload   Total   Spent    Left  Speed
Test OLM installation	UNKNOWN STEP	2025-06-05T09:03:05.1693800Z 
Test OLM installation	UNKNOWN STEP	2025-06-05T09:03:05.3061577Z   0     0    0     0    0     0      0      0 --:--:-- --:--:-- --:--:--     0
Test OLM installation	UNKNOWN STEP	2025-06-05T09:03:05.3062273Z   0     0    0     0    0     0      0      0 --:--:-- --:--:-- --:--:--     0
Test OLM installation	UNKNOWN STEP	2025-06-05T09:03:05.4618942Z 
Test OLM installation	UNKNOWN STEP	2025-06-05T09:03:05.4619558Z 100  1886  100  1886    0     0   6442      0 --:--:-- --:--:-- --:--:--  6442
Test OLM installation	UNKNOWN STEP	2025-06-05T09:03:05.4620174Z 100  1886  100  1886    0     0   6441      0 --:--:-- --:--:-- --:--:--     0
Test OLM installation	UNKNOWN STEP	2025-06-05T09:03:05.4653863Z + chmod +x /tmp/olm/install.sh
Test OLM installation	UNKNOWN STEP	2025-06-05T09:03:05.4667294Z + /tmp/olm/install.sh v0.26.0
Test OLM installation	UNKNOWN STEP	2025-06-05T09:03:06.2287206Z customresourcedefinition.apiextensions.k8s.io/catalogsources.operators.coreos.com created
Test OLM installation	UNKNOWN STEP	2025-06-05T09:03:06.3706236Z customresourcedefinition.apiextensions.k8s.io/clusterserviceversions.operators.coreos.com created
Test OLM installation	UNKNOWN STEP	2025-06-05T09:03:06.3806073Z customresourcedefinition.apiextensions.k8s.io/installplans.operators.coreos.com created
Test OLM installation	UNKNOWN STEP	2025-06-05T09:03:06.3893977Z customresourcedefinition.apiextensions.k8s.io/olmconfigs.operators.coreos.com created
Test OLM installation	UNKNOWN STEP	2025-06-05T09:03:06.4434276Z customresourcedefinition.apiextensions.k8s.io/operatorconditions.operators.coreos.com created
Test OLM installation	UNKNOWN STEP	2025-06-05T09:03:06.4612950Z customresourcedefinition.apiextensions.k8s.io/operatorgroups.operators.coreos.com created
Test OLM installation	UNKNOWN STEP	2025-06-05T09:03:06.4814238Z customresourcedefinition.apiextensions.k8s.io/operators.operators.coreos.com created
Test OLM installation	UNKNOWN STEP	2025-06-05T09:03:06.5450554Z customresourcedefinition.apiextensions.k8s.io/subscriptions.operators.coreos.com created
Test OLM installation	UNKNOWN STEP	2025-06-05T09:03:06.9201664Z customresourcedefinition.apiextensions.k8s.io/catalogsources.operators.coreos.com condition met
Test OLM installation	UNKNOWN STEP	2025-06-05T09:03:07.0808176Z customresourcedefinition.apiextensions.k8s.io/clusterserviceversions.operators.coreos.com condition met
Test OLM installation	UNKNOWN STEP	2025-06-05T09:03:07.1912845Z customresourcedefinition.apiextensions.k8s.io/installplans.operators.coreos.com condition met
Test OLM installation	UNKNOWN STEP	2025-06-05T09:03:07.2949719Z customresourcedefinition.apiextensions.k8s.io/olmconfigs.operators.coreos.com condition met
Test OLM installation	UNKNOWN STEP	2025-06-05T09:03:07.4020036Z customresourcedefinition.apiextensions.k8s.io/operatorconditions.operators.coreos.com condition met
Test OLM installation	UNKNOWN STEP	2025-06-05T09:03:07.5074583Z customresourcedefinition.apiextensions.k8s.io/operatorgroups.operators.coreos.com condition met
Test OLM installation	UNKNOWN STEP	2025-06-05T09:03:07.6118161Z customresourcedefinition.apiextensions.k8s.io/operators.operators.coreos.com condition met
Test OLM installation	UNKNOWN STEP	2025-06-05T09:03:07.7330016Z customresourcedefinition.apiextensions.k8s.io/subscriptions.operators.coreos.com condition met
Test OLM installation	UNKNOWN STEP	2025-06-05T09:03:08.1177779Z namespace/olm created
Test OLM installation	UNKNOWN STEP	2025-06-05T09:03:08.1517770Z namespace/operators created
Test OLM installation	UNKNOWN STEP	2025-06-05T09:03:08.1848021Z serviceaccount/olm-operator-serviceaccount created
Test OLM installation	UNKNOWN STEP	2025-06-05T09:03:08.1970119Z clusterrole.rbac.authorization.k8s.io/system:controller:operator-lifecycle-manager created
Test OLM installation	UNKNOWN STEP	2025-06-05T09:03:08.2055767Z clusterrolebinding.rbac.authorization.k8s.io/olm-operator-binding-olm created
Test OLM installation	UNKNOWN STEP	2025-06-05T09:03:08.2315847Z olmconfig.operators.coreos.com/cluster created
Test OLM installation	UNKNOWN STEP	2025-06-05T09:03:08.2550234Z deployment.apps/olm-operator created
Test OLM installation	UNKNOWN STEP	2025-06-05T09:03:08.2844667Z deployment.apps/catalog-operator created
Test OLM installation	UNKNOWN STEP	2025-06-05T09:03:08.2981893Z clusterrole.rbac.authorization.k8s.io/aggregate-olm-edit created
Test OLM installation	UNKNOWN STEP	2025-06-05T09:03:08.3220635Z clusterrole.rbac.authorization.k8s.io/aggregate-olm-view created
Test OLM installation	UNKNOWN STEP	2025-06-05T09:03:08.3546470Z operatorgroup.operators.coreos.com/global-operators created
Test OLM installation	UNKNOWN STEP	2025-06-05T09:03:08.3626646Z operatorgroup.operators.coreos.com/olm-operators created
Test OLM installation	UNKNOWN STEP	2025-06-05T09:03:08.4072727Z clusterserviceversion.operators.coreos.com/packageserver created
Test OLM installation	UNKNOWN STEP	2025-06-05T09:03:08.4391030Z catalogsource.operators.coreos.com/operatorhubio-catalog created
Test OLM installation	UNKNOWN STEP	2025-06-05T09:03:08.4925474Z Waiting for deployment "olm-operator" rollout to finish: 0 of 1 updated replicas are available...
Test OLM installation	UNKNOWN STEP	2025-06-05T09:03:13.4566396Z deployment "olm-operator" successfully rolled out
Test OLM installation	UNKNOWN STEP	2025-06-05T09:03:13.5546153Z deployment "catalog-operator" successfully rolled out
Test OLM installation	UNKNOWN STEP	2025-06-05T09:03:13.6570860Z Package server phase: Installing
Test OLM installation	UNKNOWN STEP	2025-06-05T09:03:23.7113372Z Package server phase: Succeeded
Test OLM installation	UNKNOWN STEP	2025-06-05T09:03:23.7647705Z deployment "packageserver" successfully rolled out
Test OLM installation	UNKNOWN STEP	2025-06-05T09:03:23.7717216Z ##[group]Run actions/download-artifact@v4
Test OLM installation	UNKNOWN STEP	2025-06-05T09:03:23.7717496Z with:
Test OLM installation	UNKNOWN STEP	2025-06-05T09:03:23.7717675Z   name: keycloak-dist
Test OLM installation	UNKNOWN STEP	2025-06-05T09:03:23.7717873Z   path: quarkus/container
Test OLM installation	UNKNOWN STEP	2025-06-05T09:03:23.7718086Z   merge-multiple: false
Test OLM installation	UNKNOWN STEP	2025-06-05T09:03:23.7718293Z   repository: keycloak/keycloak
Test OLM installation	UNKNOWN STEP	2025-06-05T09:03:23.7718509Z   run-id: 15453786376
Test OLM installation	UNKNOWN STEP	2025-06-05T09:03:23.7718681Z env:
Test OLM installation	UNKNOWN STEP	2025-06-05T09:03:23.7718961Z   MAVEN_ARGS: -B -nsu -Daether.connector.http.connectionMaxTtl=25
Test OLM installation	UNKNOWN STEP	2025-06-05T09:03:23.7719284Z   MINIKUBE_VERSION: v1.32.0
Test OLM installation	UNKNOWN STEP	2025-06-05T09:03:23.7719503Z   KUBERNETES_VERSION: v1.27.10
Test OLM installation	UNKNOWN STEP	2025-06-05T09:03:23.7719717Z   MINIKUBE_MEMORY: 4096
Test OLM installation	UNKNOWN STEP	2025-06-05T09:03:23.7720012Z   JAVA_HOME: /opt/hostedtoolcache/Java_Temurin-Hotspot_jdk/21.0.7-6/x64
Test OLM installation	UNKNOWN STEP	2025-06-05T09:03:23.7720443Z   JAVA_HOME_21_X64: /opt/hostedtoolcache/Java_Temurin-Hotspot_jdk/21.0.7-6/x64
Test OLM installation	UNKNOWN STEP	2025-06-05T09:03:23.7720791Z   MINIKUBE_HOME: /home/runner/work/_temp
Test OLM installation	UNKNOWN STEP	2025-06-05T09:03:23.7721025Z ##[endgroup]
Test OLM installation	UNKNOWN STEP	2025-06-05T09:03:24.0243782Z Downloading single artifact
Test OLM installation	UNKNOWN STEP	2025-06-05T09:03:24.2002907Z Preparing to download the following artifacts:
Test OLM installation	UNKNOWN STEP	2025-06-05T09:03:24.2004171Z - keycloak-dist (ID: 3263215169, Size: 155265038, Expected Digest: sha256:216d56c3a75e998d9793a4fb2c7581521db8b8e29c469130e790660049701515)
Test OLM installation	UNKNOWN STEP	2025-06-05T09:03:24.2997318Z Redirecting to blob download url: https://productionresultssa5.blob.core.windows.net/actions-results/9dad65b3-5602-42ef-acd4-e22988496a58/workflow-job-run-c2f572d1-7a9c-5017-9f5c-ea97334aff2a/artifacts/8ec452859fe416bcecd39b267c69bfe76c7634fb13c33b71d912d2a8c0986080.zip
Test OLM installation	UNKNOWN STEP	2025-06-05T09:03:24.3011249Z Starting download of artifact to: /home/runner/work/keycloak/keycloak/quarkus/container
Test OLM installation	UNKNOWN STEP	2025-06-05T09:03:24.4721782Z (node:10318) [DEP0005] DeprecationWarning: Buffer() is deprecated due to security and usability issues. Please use the Buffer.alloc(), Buffer.allocUnsafe(), or Buffer.from() methods instead.
Test OLM installation	UNKNOWN STEP	2025-06-05T09:03:24.4723360Z (Use `node --trace-deprecation ...` to show where the warning was created)
Test OLM installation	UNKNOWN STEP	2025-06-05T09:03:27.2558573Z SHA256 digest of downloaded artifact is 216d56c3a75e998d9793a4fb2c7581521db8b8e29c469130e790660049701515
Test OLM installation	UNKNOWN STEP	2025-06-05T09:03:27.2561056Z Artifact download completed successfully.
Test OLM installation	UNKNOWN STEP	2025-06-05T09:03:27.2561843Z Total of 1 artifact(s) downloaded
Test OLM installation	UNKNOWN STEP	2025-06-05T09:03:27.2567301Z Download artifact has finished successfully
Test OLM installation	UNKNOWN STEP	2025-06-05T09:03:27.2721886Z ##[group]Run eval $(minikube -p minikube docker-env)
Test OLM installation	UNKNOWN STEP	2025-06-05T09:03:27.2722625Z [36;1meval $(minikube -p minikube docker-env)[0m
Test OLM installation	UNKNOWN STEP	2025-06-05T09:03:27.2723185Z [36;1m./scripts/olm-testing.sh ${GITHUB_SHA::6}[0m
Test OLM installation	UNKNOWN STEP	2025-06-05T09:03:27.2780380Z shell: /usr/bin/bash --noprofile --norc -e -o pipefail {0}
Test OLM installation	UNKNOWN STEP	2025-06-05T09:03:27.2780703Z env:
Test OLM installation	UNKNOWN STEP	2025-06-05T09:03:27.2780986Z   MAVEN_ARGS: -B -nsu -Daether.connector.http.connectionMaxTtl=25
Test OLM installation	UNKNOWN STEP	2025-06-05T09:03:27.2781332Z   MINIKUBE_VERSION: v1.32.0
Test OLM installation	UNKNOWN STEP	2025-06-05T09:03:27.2781564Z   KUBERNETES_VERSION: v1.27.10
Test OLM installation	UNKNOWN STEP	2025-06-05T09:03:27.2781789Z   MINIKUBE_MEMORY: 4096
Test OLM installation	UNKNOWN STEP	2025-06-05T09:03:27.2782104Z   JAVA_HOME: /opt/hostedtoolcache/Java_Temurin-Hotspot_jdk/21.0.7-6/x64
Test OLM installation	UNKNOWN STEP	2025-06-05T09:03:27.2782554Z   JAVA_HOME_21_X64: /opt/hostedtoolcache/Java_Temurin-Hotspot_jdk/21.0.7-6/x64
Test OLM installation	UNKNOWN STEP	2025-06-05T09:03:27.2782908Z   MINIKUBE_HOME: /home/runner/work/_temp
Test OLM installation	UNKNOWN STEP	2025-06-05T09:03:27.2783160Z ##[endgroup]
Test OLM installation	UNKNOWN STEP	2025-06-05T09:03:27.5707937Z + UUID=6acaac
Test OLM installation	UNKNOWN STEP	2025-06-05T09:03:27.5708925Z + INSTALL_NAMESPACE=default
Test OLM installation	UNKNOWN STEP	2025-06-05T09:03:27.5714358Z + TARGET_NAMESPACES=default
Test OLM installation	UNKNOWN STEP	2025-06-05T09:03:27.5714814Z +++ dirname -- ./scripts/olm-testing.sh
Test OLM installation	UNKNOWN STEP	2025-06-05T09:03:27.5733164Z ++ cd -- ./scripts
Test OLM installation	UNKNOWN STEP	2025-06-05T09:03:27.5734774Z ++ pwd
Test OLM installation	UNKNOWN STEP	2025-06-05T09:03:27.5738308Z + SCRIPT_DIR=/home/runner/work/keycloak/keycloak/operator/scripts
Test OLM installation	UNKNOWN STEP	2025-06-05T09:03:27.5739191Z + VERSION=86400000.0.0
Test OLM installation	UNKNOWN STEP	2025-06-05T09:03:27.5741783Z + cd /home/runner/work/keycloak/keycloak/operator/scripts/../../quarkus/container
Test OLM installation	UNKNOWN STEP	2025-06-05T09:03:27.5746006Z ++ ls keycloak-999.0.0-SNAPSHOT.tar.gz
Test OLM installation	UNKNOWN STEP	2025-06-05T09:03:27.5776405Z + docker build --build-arg KEYCLOAK_DIST=keycloak-999.0.0-SNAPSHOT.tar.gz . -t ttl.sh/6acaackeycloak:86400000.0.0
Test OLM installation	UNKNOWN STEP	2025-06-05T09:03:27.9944104Z #0 building with "default" instance using docker driver
Test OLM installation	UNKNOWN STEP	2025-06-05T09:03:27.9944690Z 
Test OLM installation	UNKNOWN STEP	2025-06-05T09:03:27.9944852Z #1 [internal] load .dockerignore
Test OLM installation	UNKNOWN STEP	2025-06-05T09:03:27.9945505Z #1 transferring context: 2B done
Test OLM installation	UNKNOWN STEP	2025-06-05T09:03:27.9945979Z #1 DONE 0.0s
Test OLM installation	UNKNOWN STEP	2025-06-05T09:03:27.9946163Z 
Test OLM installation	UNKNOWN STEP	2025-06-05T09:03:27.9946388Z #2 [internal] load build definition from Dockerfile
Test OLM installation	UNKNOWN STEP	2025-06-05T09:03:27.9946841Z #2 transferring dockerfile: 2.72kB done
Test OLM installation	UNKNOWN STEP	2025-06-05T09:03:27.9947110Z #2 DONE 0.0s
Test OLM installation	UNKNOWN STEP	2025-06-05T09:03:27.9947232Z 
Test OLM installation	UNKNOWN STEP	2025-06-05T09:03:27.9947428Z #3 [internal] load metadata for registry.access.redhat.com/ubi9:latest
Test OLM installation	UNKNOWN STEP	2025-06-05T09:03:28.2793918Z #3 ...
Test OLM installation	UNKNOWN STEP	2025-06-05T09:03:28.2797373Z 
Test OLM installation	UNKNOWN STEP	2025-06-05T09:03:28.2797995Z #4 [internal] load metadata for registry.access.redhat.com/ubi9-micro:latest
Test OLM installation	UNKNOWN STEP	2025-06-05T09:03:28.2798678Z #4 DONE 0.4s
Test OLM installation	UNKNOWN STEP	2025-06-05T09:03:28.3822225Z 
Test OLM installation	UNKNOWN STEP	2025-06-05T09:03:28.3825419Z #3 [internal] load metadata for registry.access.redhat.com/ubi9:latest
Test OLM installation	UNKNOWN STEP	2025-06-05T09:03:28.3854214Z #3 DONE 0.5s
Test OLM installation	UNKNOWN STEP	2025-06-05T09:03:28.4945177Z 
Test OLM installation	UNKNOWN STEP	2025-06-05T09:03:28.4947183Z #5 [ubi-micro-build 1/8] FROM registry.access.redhat.com/ubi9@sha256:304b50df1ea4db9706d8a30f4bbf26f582936ebc80c7e075c72ff2af99292a54
Test OLM installation	UNKNOWN STEP	2025-06-05T09:03:28.4952070Z #5 resolve registry.access.redhat.com/ubi9@sha256:304b50df1ea4db9706d8a30f4bbf26f582936ebc80c7e075c72ff2af99292a54 done
Test OLM installation	UNKNOWN STEP	2025-06-05T09:03:28.4954125Z #5 sha256:62fb429dc6b93ab5ade55d1c8e6b08735f00224d3081d58f161eb5f55eeb3d7d 505B / 505B done
Test OLM installation	UNKNOWN STEP	2025-06-05T09:03:28.4984036Z #5 sha256:83c48939c2c8782580d44062545386358defd2d5cc748b9b963bdb8a78046a46 5.06kB / 5.06kB done
Test OLM installation	UNKNOWN STEP	2025-06-05T09:03:28.4985644Z #5 sha256:92efcdccd1058003df257e9cbdf756ff6b10bd276551590536a5a1678e099aaf 1.05MB / 79.59MB 0.1s
Test OLM installation	UNKNOWN STEP	2025-06-05T09:03:28.4987131Z #5 sha256:304b50df1ea4db9706d8a30f4bbf26f582936ebc80c7e075c72ff2af99292a54 897B / 897B done
Test OLM installation	UNKNOWN STEP	2025-06-05T09:03:28.7190258Z #5 sha256:92efcdccd1058003df257e9cbdf756ff6b10bd276551590536a5a1678e099aaf 16.38MB / 79.59MB 0.3s
Test OLM installation	UNKNOWN STEP	2025-06-05T09:03:28.8233374Z #5 sha256:92efcdccd1058003df257e9cbdf756ff6b10bd276551590536a5a1678e099aaf 22.02MB / 79.59MB 0.4s
Test OLM installation	UNKNOWN STEP	2025-06-05T09:03:28.9529536Z #5 sha256:92efcdccd1058003df257e9cbdf756ff6b10bd276551590536a5a1678e099aaf 28.31MB / 79.59MB 0.5s
Test OLM installation	UNKNOWN STEP	2025-06-05T09:03:29.0548963Z #5 sha256:92efcdccd1058003df257e9cbdf756ff6b10bd276551590536a5a1678e099aaf 36.70MB / 79.59MB 0.6s
Test OLM installation	UNKNOWN STEP	2025-06-05T09:03:29.1596880Z #5 sha256:92efcdccd1058003df257e9cbdf756ff6b10bd276551590536a5a1678e099aaf 45.94MB / 79.59MB 0.7s
Test OLM installation	UNKNOWN STEP	2025-06-05T09:03:29.3766227Z #5 sha256:92efcdccd1058003df257e9cbdf756ff6b10bd276551590536a5a1678e099aaf 56.62MB / 79.59MB 0.9s
Test OLM installation	UNKNOWN STEP	2025-06-05T09:03:29.4951221Z #5 sha256:92efcdccd1058003df257e9cbdf756ff6b10bd276551590536a5a1678e099aaf 65.01MB / 79.59MB 1.1s
Test OLM installation	UNKNOWN STEP	2025-06-05T09:03:29.6029244Z #5 sha256:92efcdccd1058003df257e9cbdf756ff6b10bd276551590536a5a1678e099aaf 70.25MB / 79.59MB 1.2s
Test OLM installation	UNKNOWN STEP	2025-06-05T09:03:29.8556001Z #5 sha256:92efcdccd1058003df257e9cbdf756ff6b10bd276551590536a5a1678e099aaf 77.59MB / 79.59MB 1.4s
Test OLM installation	UNKNOWN STEP	2025-06-05T09:03:29.9582353Z #5 ...
Test OLM installation	UNKNOWN STEP	2025-06-05T09:03:29.9582636Z 
Test OLM installation	UNKNOWN STEP	2025-06-05T09:03:29.9583343Z #6 [stage-1 1/4] FROM registry.access.redhat.com/ubi9-micro@sha256:955512628a9104d74f7b3b0a91db27a6bbecdd6a1975ce0f1b2658d3cd060b98
Test OLM installation	UNKNOWN STEP	2025-06-05T09:03:29.9585652Z #6 resolve registry.access.redhat.com/ubi9-micro@sha256:955512628a9104d74f7b3b0a91db27a6bbecdd6a1975ce0f1b2658d3cd060b98 done
Test OLM installation	UNKNOWN STEP	2025-06-05T09:03:29.9587153Z #6 sha256:955512628a9104d74f7b3b0a91db27a6bbecdd6a1975ce0f1b2658d3cd060b98 897B / 897B done
Test OLM installation	UNKNOWN STEP	2025-06-05T09:03:29.9588506Z #6 sha256:bc049e6e35c145513e3ec226faf3f929337ea2337fa5c9f7e00375aef4b801e8 504B / 504B done
Test OLM installation	UNKNOWN STEP	2025-06-05T09:03:29.9589737Z #6 sha256:352e1e8e3c437ad6bd352f164df8bdf7018df09f730362546276fe3df62ffd8c 4.00kB / 4.00kB done
Test OLM installation	UNKNOWN STEP	2025-06-05T09:03:29.9591049Z #6 sha256:cd2f3f69481dffe63a3071ea43aeeab2a4af254e96b065c35b2d7ce2534e0383 7.27MB / 7.27MB 0.2s done
Test OLM installation	UNKNOWN STEP	2025-06-05T09:03:29.9592506Z #6 extracting sha256:cd2f3f69481dffe63a3071ea43aeeab2a4af254e96b065c35b2d7ce2534e0383 1.3s done
Test OLM installation	UNKNOWN STEP	2025-06-05T09:03:29.9593482Z #6 DONE 1.5s
Test OLM installation	UNKNOWN STEP	2025-06-05T09:03:29.9593723Z 
Test OLM installation	UNKNOWN STEP	2025-06-05T09:03:29.9594451Z #5 [ubi-micro-build 1/8] FROM registry.access.redhat.com/ubi9@sha256:304b50df1ea4db9706d8a30f4bbf26f582936ebc80c7e075c72ff2af99292a54
Test OLM installation	UNKNOWN STEP	2025-06-05T09:03:29.9596571Z #5 sha256:92efcdccd1058003df257e9cbdf756ff6b10bd276551590536a5a1678e099aaf 79.59MB / 79.59MB 1.5s done
Test OLM installation	UNKNOWN STEP	2025-06-05T09:03:30.1581696Z #5 extracting sha256:92efcdccd1058003df257e9cbdf756ff6b10bd276551590536a5a1678e099aaf
Test OLM installation	UNKNOWN STEP	2025-06-05T09:03:30.9001372Z #5 ...
Test OLM installation	UNKNOWN STEP	2025-06-05T09:03:30.9001794Z 
Test OLM installation	UNKNOWN STEP	2025-06-05T09:03:30.9002314Z #7 [internal] load build context
Test OLM installation	UNKNOWN STEP	2025-06-05T09:03:30.9003139Z #7 transferring context: 155.25MB 2.3s done
Test OLM installation	UNKNOWN STEP	2025-06-05T09:03:30.9003679Z #7 DONE 2.4s
Test OLM installation	UNKNOWN STEP	2025-06-05T09:03:30.9302195Z 
Test OLM installation	UNKNOWN STEP	2025-06-05T09:03:30.9303211Z #5 [ubi-micro-build 1/8] FROM registry.access.redhat.com/ubi9@sha256:304b50df1ea4db9706d8a30f4bbf26f582936ebc80c7e075c72ff2af99292a54
Test OLM installation	UNKNOWN STEP	2025-06-05T09:03:34.0911304Z #5 extracting sha256:92efcdccd1058003df257e9cbdf756ff6b10bd276551590536a5a1678e099aaf 4.1s done
Test OLM installation	UNKNOWN STEP	2025-06-05T09:03:34.0912144Z #5 DONE 5.7s
Test OLM installation	UNKNOWN STEP	2025-06-05T09:03:34.2423093Z 
Test OLM installation	UNKNOWN STEP	2025-06-05T09:03:34.2423999Z #8 [ubi-micro-build 2/8] RUN dnf install -y tar gzip
Test OLM installation	UNKNOWN STEP	2025-06-05T09:03:34.4328233Z #8 0.339 Updating Subscription Management repositories.
Test OLM installation	UNKNOWN STEP	2025-06-05T09:03:34.5436605Z #8 0.340 Unable to read consumer identity
Test OLM installation	UNKNOWN STEP	2025-06-05T09:03:34.5436990Z #8 0.343 
Test OLM installation	UNKNOWN STEP	2025-06-05T09:03:34.5437536Z #8 0.343 This system is not registered with an entitlement server. You can use subscription-manager to register.
Test OLM installation	UNKNOWN STEP	2025-06-05T09:03:34.5439104Z #8 0.343 
Test OLM installation	UNKNOWN STEP	2025-06-05T09:03:34.5439531Z #8 0.452 Red Hat Universal Base Image 9 (RPMs) - BaseOS  7.6 MB/s | 587 kB     00:00    
Test OLM installation	UNKNOWN STEP	2025-06-05T09:03:34.7143008Z #8 0.622 Red Hat Universal Base Image 9 (RPMs) - AppStre  28 MB/s | 2.4 MB     00:00    
Test OLM installation	UNKNOWN STEP	2025-06-05T09:03:35.1472925Z #8 1.055 Red Hat Universal Base Image 9 (RPMs) - CodeRea 4.8 MB/s | 284 kB     00:00    
Test OLM installation	UNKNOWN STEP	2025-06-05T09:03:35.2819077Z #8 1.190 Package tar-2:1.34-7.el9.x86_64 is already installed.
Test OLM installation	UNKNOWN STEP	2025-06-05T09:03:35.4156269Z #8 1.190 Package gzip-1.12-1.el9.x86_64 is already installed.
Test OLM installation	UNKNOWN STEP	2025-06-05T09:03:35.4157065Z #8 1.203 Dependencies resolved.
Test OLM installation	UNKNOWN STEP	2025-06-05T09:03:35.4157621Z #8 1.205 Nothing to do.
Test OLM installation	UNKNOWN STEP	2025-06-05T09:03:35.4157971Z #8 1.205 Complete!
Test OLM installation	UNKNOWN STEP	2025-06-05T09:03:35.4158275Z #8 DONE 1.3s
Test OLM installation	UNKNOWN STEP	2025-06-05T09:03:35.5667860Z 
Test OLM installation	UNKNOWN STEP	2025-06-05T09:03:35.5668723Z #9 [ubi-micro-build 3/8] ADD keycloak-999.0.0-SNAPSHOT.tar.gz /tmp/keycloak/
Test OLM installation	UNKNOWN STEP	2025-06-05T09:03:36.3127055Z #9 DONE 0.9s
Test OLM installation	UNKNOWN STEP	2025-06-05T09:03:36.4247610Z 
Test OLM installation	UNKNOWN STEP	2025-06-05T09:03:36.4248872Z #10 [ubi-micro-build 4/8] RUN (cd /tmp/keycloak &&     tar -xvf /tmp/keycloak/keycloak-*.tar.gz &&     rm /tmp/keycloak/keycloak-*.tar.gz) || true
Test OLM installation	UNKNOWN STEP	2025-06-05T09:03:36.4250009Z #10 0.111 tar: /tmp/keycloak/keycloak-*.tar.gz: Cannot open: No such file or directory
Test OLM installation	UNKNOWN STEP	2025-06-05T09:03:36.4250766Z #10 0.111 tar: Error is not recoverable: exiting now
Test OLM installation	UNKNOWN STEP	2025-06-05T09:03:36.5820492Z #10 DONE 0.1s
Test OLM installation	UNKNOWN STEP	2025-06-05T09:03:36.5820737Z 
Test OLM installation	UNKNOWN STEP	2025-06-05T09:03:36.5821242Z #11 [ubi-micro-build 5/8] RUN mv /tmp/keycloak/keycloak-* /opt/keycloak && mkdir -p /opt/keycloak/data
Test OLM installation	UNKNOWN STEP	2025-06-05T09:03:36.5987766Z #11 DONE 0.2s
Test OLM installation	UNKNOWN STEP	2025-06-05T09:03:36.7523930Z 
Test OLM installation	UNKNOWN STEP	2025-06-05T09:03:36.7524359Z #12 [ubi-micro-build 6/8] RUN chmod -R g+rwX /opt/keycloak
Test OLM installation	UNKNOWN STEP	2025-06-05T09:03:37.1937360Z #12 DONE 0.6s
Test OLM installation	UNKNOWN STEP	2025-06-05T09:03:37.3226333Z 
Test OLM installation	UNKNOWN STEP	2025-06-05T09:03:37.3227000Z #13 [ubi-micro-build 7/8] ADD ubi-null.sh /tmp/
Test OLM installation	UNKNOWN STEP	2025-06-05T09:03:37.3227532Z #13 DONE 0.0s
Test OLM installation	UNKNOWN STEP	2025-06-05T09:03:37.3227745Z 
Test OLM installation	UNKNOWN STEP	2025-06-05T09:03:37.3228237Z #14 [ubi-micro-build 8/8] RUN bash /tmp/ubi-null.sh java-21-openjdk-headless glibc-langpack-en findutils
Test OLM installation	UNKNOWN STEP	2025-06-05T09:03:37.3228861Z #14 0.111 ==> Installing packages into chroot
Test OLM installation	UNKNOWN STEP	2025-06-05T09:03:37.3229233Z #14 0.111 + dnf install -y findutils diffutils
Test OLM installation	UNKNOWN STEP	2025-06-05T09:03:37.5663071Z #14 0.355 Updating Subscription Management repositories.
Test OLM installation	UNKNOWN STEP	2025-06-05T09:03:37.6793841Z #14 0.355 Unable to read consumer identity
Test OLM installation	UNKNOWN STEP	2025-06-05T09:03:37.6795578Z #14 0.358 
Test OLM installation	UNKNOWN STEP	2025-06-05T09:03:37.6796278Z #14 0.358 This system is not registered with an entitlement server. You can use subscription-manager to register.
Test OLM installation	UNKNOWN STEP	2025-06-05T09:03:37.6797020Z #14 0.358 
Test OLM installation	UNKNOWN STEP	2025-06-05T09:03:37.6797511Z #14 0.398 Last metadata expiration check: 0:00:02 ago on Thu Jun  5 09:03:35 2025.
Test OLM installation	UNKNOWN STEP	2025-06-05T09:03:37.6798255Z #14 0.419 Package findutils-1:4.8.0-7.el9.x86_64 is already installed.
Test OLM installation	UNKNOWN STEP	2025-06-05T09:03:37.6798860Z #14 0.433 Dependencies resolved.
Test OLM installation	UNKNOWN STEP	2025-06-05T09:03:37.6799346Z #14 0.434 ================================================================================
Test OLM installation	UNKNOWN STEP	2025-06-05T09:03:37.6800146Z #14 0.434  Package         Architecture Version             Repository               Size
Test OLM installation	UNKNOWN STEP	2025-06-05T09:03:37.6800838Z #14 0.434 ================================================================================
Test OLM installation	UNKNOWN STEP	2025-06-05T09:03:37.6801312Z #14 0.434 Installing:
Test OLM installation	UNKNOWN STEP	2025-06-05T09:03:37.6801823Z #14 0.434  diffutils       x86_64       3.7-12.el9          ubi-9-baseos-rpms       402 k
Test OLM installation	UNKNOWN STEP	2025-06-05T09:03:37.6802407Z #14 0.434 
Test OLM installation	UNKNOWN STEP	2025-06-05T09:03:37.6802734Z #14 0.434 Transaction Summary
Test OLM installation	UNKNOWN STEP	2025-06-05T09:03:37.6803191Z #14 0.434 ================================================================================
Test OLM installation	UNKNOWN STEP	2025-06-05T09:03:37.6803696Z #14 0.434 Install  1 Package
Test OLM installation	UNKNOWN STEP	2025-06-05T09:03:37.6804055Z #14 0.434 
Test OLM installation	UNKNOWN STEP	2025-06-05T09:03:37.6804390Z #14 0.434 Total download size: 402 k
Test OLM installation	UNKNOWN STEP	2025-06-05T09:03:37.6804835Z #14 0.434 Installed size: 1.4 M
Test OLM installation	UNKNOWN STEP	2025-06-05T09:03:37.6805445Z #14 0.434 Downloading Packages:
Test OLM installation	UNKNOWN STEP	2025-06-05T09:03:37.6805986Z #14 0.468 diffutils-3.7-12.el9.x86_64.rpm                  12 MB/s | 402 kB     00:00    
Test OLM installation	UNKNOWN STEP	2025-06-05T09:03:37.7853612Z #14 0.469 --------------------------------------------------------------------------------
Test OLM installation	UNKNOWN STEP	2025-06-05T09:03:37.7855210Z #14 0.470 Total                                            11 MB/s | 402 kB     00:00     
Test OLM installation	UNKNOWN STEP	2025-06-05T09:03:37.7855780Z #14 0.481 Running transaction check
Test OLM installation	UNKNOWN STEP	2025-06-05T09:03:37.7856176Z #14 0.485 Transaction check succeeded.
Test OLM installation	UNKNOWN STEP	2025-06-05T09:03:37.7856540Z #14 0.485 Running transaction test
Test OLM installation	UNKNOWN STEP	2025-06-05T09:03:37.7856911Z #14 0.512 Transaction test succeeded.
Test OLM installation	UNKNOWN STEP	2025-06-05T09:03:37.7857202Z #14 0.512 Running transaction
Test OLM installation	UNKNOWN STEP	2025-06-05T09:03:37.7857581Z #14 0.534   Preparing        :                                                        1/1 
Test OLM installation	UNKNOWN STEP	2025-06-05T09:03:37.8863305Z #14 0.574   Installing       : diffutils-3.7-12.el9.x86_64                            1/1 
Test OLM installation	UNKNOWN STEP	2025-06-05T09:03:37.8864449Z #14 0.585   Running scriptlet: diffutils-3.7-12.el9.x86_64                            1/1 
Test OLM installation	UNKNOWN STEP	2025-06-05T09:03:37.8865853Z #14 0.626   Verifying        : diffutils-3.7-12.el9.x86_64                            1/1 
Test OLM installation	UNKNOWN STEP	2025-06-05T09:03:37.8866636Z #14 0.675 Installed products updated.
Test OLM installation	UNKNOWN STEP	2025-06-05T09:03:38.1008786Z #14 0.683 
Test OLM installation	UNKNOWN STEP	2025-06-05T09:03:38.1009182Z #14 0.683 Installed:
Test OLM installation	UNKNOWN STEP	2025-06-05T09:03:38.1009786Z #14 0.683   diffutils-3.7-12.el9.x86_64                                                   
Test OLM installation	UNKNOWN STEP	2025-06-05T09:03:38.1010400Z #14 0.683 
Test OLM installation	UNKNOWN STEP	2025-06-05T09:03:38.1010704Z #14 0.683 Complete!
Test OLM installation	UNKNOWN STEP	2025-06-05T09:03:38.1011070Z #14 0.736 ++ realpath rootfs
Test OLM installation	UNKNOWN STEP	2025-06-05T09:03:38.1011478Z #14 0.738 + rootfs=/tmp/null/rootfs
Test OLM installation	UNKNOWN STEP	2025-06-05T09:03:38.1011937Z #14 0.738 + mkdir -p /tmp/null/rootfs
Test OLM installation	UNKNOWN STEP	2025-06-05T09:03:38.1012828Z #14 0.739 + xargs dnf install -y --installroot /tmp/null/rootfs --releasever 9 --setopt install_weak_deps=false --nodocs
Test OLM installation	UNKNOWN STEP	2025-06-05T09:03:38.1790934Z #14 0.968 Updating Subscription Management repositories.
Test OLM installation	UNKNOWN STEP	2025-06-05T09:03:38.4153337Z #14 0.968 Unable to read consumer identity
Test OLM installation	UNKNOWN STEP	2025-06-05T09:03:38.4153749Z #14 0.969 
Test OLM installation	UNKNOWN STEP	2025-06-05T09:03:38.4154210Z #14 0.969 This system is not registered with an entitlement server. You can use subscription-manager to register.
Test OLM installation	UNKNOWN STEP	2025-06-05T09:03:38.4154662Z #14 0.969 
Test OLM installation	UNKNOWN STEP	2025-06-05T09:03:38.4155147Z #14 1.054 Red Hat Universal Base Image 9 (RPMs) - BaseOS  9.1 MB/s | 587 kB     00:00    
Test OLM installation	UNKNOWN STEP	2025-06-05T09:03:38.4571947Z #14 1.246 Red Hat Universal Base Image 9 (RPMs) - AppStre  23 MB/s | 2.4 MB     00:00    
Test OLM installation	UNKNOWN STEP	2025-06-05T09:03:38.8809736Z #14 1.670 Red Hat Universal Base Image 9 (RPMs) - CodeRea 4.6 MB/s | 284 kB     00:00    
Test OLM installation	UNKNOWN STEP	2025-06-05T09:03:39.0268077Z #14 1.815 Dependencies resolved.
Test OLM installation	UNKNOWN STEP	2025-06-05T09:03:39.1325905Z #14 1.820 =============================================================================================
Test OLM installation	UNKNOWN STEP	2025-06-05T09:03:39.1326704Z #14 1.820  Package                    Arch    Version                       Repository             Size
Test OLM installation	UNKNOWN STEP	2025-06-05T09:03:39.1327508Z #14 1.820 =============================================================================================
Test OLM installation	UNKNOWN STEP	2025-06-05T09:03:39.1328023Z #14 1.820 Installing:
Test OLM installation	UNKNOWN STEP	2025-06-05T09:03:39.1328564Z #14 1.820  bash                       x86_64  5.1.8-9.el9                   ubi-9-baseos-rpms     1.7 M
Test OLM installation	UNKNOWN STEP	2025-06-05T09:03:39.1329381Z #14 1.820  coreutils-single           x86_64  8.32-39.el9                   ubi-9-baseos-rpms     625 k
Test OLM installation	UNKNOWN STEP	2025-06-05T09:03:39.1330218Z #14 1.820  findutils                  x86_64  1:4.8.0-7.el9                 ubi-9-baseos-rpms     550 k
Test OLM installation	UNKNOWN STEP	2025-06-05T09:03:39.1331092Z #14 1.820  glibc-langpack-en          x86_64  2.34-168.el9_6.14             ubi-9-baseos-rpms     657 k
Test OLM installation	UNKNOWN STEP	2025-06-05T09:03:39.1331972Z #14 1.820  java-21-openjdk-headless   x86_64  1:21.0.7.0.6-1.el9            ubi-9-appstream-rpms   49 M
Test OLM installation	UNKNOWN STEP	2025-06-05T09:03:39.1332710Z #14 1.820 Installing dependencies:
Test OLM installation	UNKNOWN STEP	2025-06-05T09:03:39.1333078Z #14 1.820  alsa-lib                   x86_64  1.2.13-2.el9                  ubi-9-appstream-rpms  530 k
Test OLM installation	UNKNOWN STEP	2025-06-05T09:03:39.1333507Z #14 1.820  alternatives               x86_64  1.24-2.el9                    ubi-9-baseos-rpms      42 k
Test OLM installation	UNKNOWN STEP	2025-06-05T09:03:39.1334050Z #14 1.820  avahi-libs                 x86_64  0.8-22.el9_6                  ubi-9-baseos-rpms      67 k
Test OLM installation	UNKNOWN STEP	2025-06-05T09:03:39.1334929Z #14 1.820  basesystem                 noarch  11-13.el9                     ubi-9-baseos-rpms     8.0 k
Test OLM installation	UNKNOWN STEP	2025-06-05T09:03:39.1335640Z #14 1.820  bzip2-libs                 x86_64  1.0.8-10.el9_5                ubi-9-baseos-rpms      42 k
Test OLM installation	UNKNOWN STEP	2025-06-05T09:03:39.1336114Z #14 1.820  ca-certificates            noarch  2024.2.69_v8.0.303-91.4.el9_4 ubi-9-baseos-rpms     1.0 M
Test OLM installation	UNKNOWN STEP	2025-06-05T09:03:39.1336620Z #14 1.820  copy-jdk-configs           noarch  4.0-3.el9                     ubi-9-appstream-rpms   29 k
Test OLM installation	UNKNOWN STEP	2025-06-05T09:03:39.1337130Z #14 1.820  crypto-policies            noarch  20250128-1.git5269e22.el9     ubi-9-baseos-rpms      90 k
Test OLM installation	UNKNOWN STEP	2025-06-05T09:03:39.1337677Z #14 1.820  crypto-policies-scripts    noarch  20250128-1.git5269e22.el9     ubi-9-baseos-rpms     101 k
Test OLM installation	UNKNOWN STEP	2025-06-05T09:03:39.1338206Z #14 1.820  cups-libs                  x86_64  1:2.3.3op2-33.el9             ubi-9-baseos-rpms     265 k
Test OLM installation	UNKNOWN STEP	2025-06-05T09:03:39.1338870Z #14 1.820  dbus-libs                  x86_64  1:1.12.20-8.el9               ubi-9-baseos-rpms     154 k
Test OLM installation	UNKNOWN STEP	2025-06-05T09:03:39.1339397Z #14 1.820  expat                      x86_64  2.5.0-5.el9_6                 ubi-9-baseos-rpms     119 k
Test OLM installation	UNKNOWN STEP	2025-06-05T09:03:39.1339875Z #14 1.820  filesystem                 x86_64  3.16-5.el9                    ubi-9-baseos-rpms     4.8 M
Test OLM installation	UNKNOWN STEP	2025-06-05T09:03:39.1340428Z #14 1.820  gawk                       x86_64  5.1.0-6.el9                   ubi-9-baseos-rpms     1.0 M
Test OLM installation	UNKNOWN STEP	2025-06-05T09:03:39.1341192Z #14 1.820  gdbm-libs                  x86_64  1:1.23-1.el9                  ubi-9-baseos-rpms      59 k
Test OLM installation	UNKNOWN STEP	2025-06-05T09:03:39.1341992Z #14 1.820  glibc                      x86_64  2.34-168.el9_6.14             ubi-9-baseos-rpms     2.0 M
Test OLM installation	UNKNOWN STEP	2025-06-05T09:03:39.1343152Z #14 1.820  glibc-common               x86_64  2.34-168.el9_6.14             ubi-9-baseos-rpms     304 k
Test OLM installation	UNKNOWN STEP	2025-06-05T09:03:39.1343991Z #14 1.820  gmp                        x86_64  1:6.2.0-13.el9                ubi-9-baseos-rpms     319 k
Test OLM installation	UNKNOWN STEP	2025-06-05T09:03:39.1344750Z #14 1.820  gnutls                     x86_64  3.8.3-6.el9                   ubi-9-baseos-rpms     1.1 M
Test OLM installation	UNKNOWN STEP	2025-06-05T09:03:39.1345725Z #14 1.820  grep                       x86_64  3.6-5.el9                     ubi-9-baseos-rpms     273 k
Test OLM installation	UNKNOWN STEP	2025-06-05T09:03:39.1346716Z #14 1.820  javapackages-filesystem    noarch  6.4.0-1.el9                   ubi-9-appstream-rpms   17 k
Test OLM installation	UNKNOWN STEP	2025-06-05T09:03:39.1347640Z #14 1.820  keyutils-libs              x86_64  1.6.3-1.el9                   ubi-9-baseos-rpms      34 k
Test OLM installation	UNKNOWN STEP	2025-06-05T09:03:39.1348435Z #14 1.820  krb5-libs                  x86_64  1.21.1-6.el9                  ubi-9-baseos-rpms     770 k
Test OLM installation	UNKNOWN STEP	2025-06-05T09:03:39.1349219Z #14 1.820  libacl                     x86_64  2.3.1-4.el9                   ubi-9-baseos-rpms      24 k
Test OLM installation	UNKNOWN STEP	2025-06-05T09:03:39.1349966Z #14 1.820  libattr                    x86_64  2.5.1-3.el9                   ubi-9-baseos-rpms      20 k
Test OLM installation	UNKNOWN STEP	2025-06-05T09:03:39.1350745Z #14 1.820  libcap                     x86_64  2.48-9.el9_2                  ubi-9-baseos-rpms      74 k
Test OLM installation	UNKNOWN STEP	2025-06-05T09:03:39.1351514Z #14 1.820  libcom_err                 x86_64  1.46.5-7.el9                  ubi-9-baseos-rpms      28 k
Test OLM installation	UNKNOWN STEP	2025-06-05T09:03:39.1352280Z #14 1.820  libevent                   x86_64  2.1.12-8.el9_4                ubi-9-baseos-rpms     266 k
Test OLM installation	UNKNOWN STEP	2025-06-05T09:03:39.1353123Z #14 1.820  libffi                     x86_64  3.4.2-8.el9                   ubi-9-baseos-rpms      40 k
Test OLM installation	UNKNOWN STEP	2025-06-05T09:03:39.1353872Z #14 1.820  libgcc                     x86_64  11.5.0-5.el9_5                ubi-9-baseos-rpms      88 k
Test OLM installation	UNKNOWN STEP	2025-06-05T09:03:39.1354643Z #14 1.820  libgcrypt                  x86_64  1.10.0-11.el9                 ubi-9-baseos-rpms     510 k
Test OLM installation	UNKNOWN STEP	2025-06-05T09:03:39.1355706Z #14 1.820  libgpg-error               x86_64  1.42-5.el9                    ubi-9-baseos-rpms     220 k
Test OLM installation	UNKNOWN STEP	2025-06-05T09:03:39.1356489Z #14 1.820  libidn2                    x86_64  2.3.0-7.el9                   ubi-9-baseos-rpms     105 k
Test OLM installation	UNKNOWN STEP	2025-06-05T09:03:39.1357273Z #14 1.820  libselinux                 x86_64  3.6-3.el9                     ubi-9-baseos-rpms      88 k
Test OLM installation	UNKNOWN STEP	2025-06-05T09:03:39.1358293Z #14 1.820  libsepol                   x86_64  3.6-2.el9                     ubi-9-baseos-rpms     331 k
Test OLM installation	UNKNOWN STEP	2025-06-05T09:03:39.1359081Z #14 1.820  libsigsegv                 x86_64  2.13-4.el9                    ubi-9-baseos-rpms      30 k
Test OLM installation	UNKNOWN STEP	2025-06-05T09:03:39.1359864Z #14 1.820  libtasn1                   x86_64  4.16.0-9.el9                  ubi-9-baseos-rpms      77 k
Test OLM installation	UNKNOWN STEP	2025-06-05T09:03:39.1362460Z #14 1.820  libunistring               x86_64  0.9.10-15.el9                 ubi-9-baseos-rpms     499 k
Test OLM installation	UNKNOWN STEP	2025-06-05T09:03:39.1363341Z #14 1.820  libuuid                    x86_64  2.37.4-21.el9                 ubi-9-baseos-rpms      30 k
Test OLM installation	UNKNOWN STEP	2025-06-05T09:03:39.1366925Z #14 1.820  libverto                   x86_64  0.3.2-3.el9                   ubi-9-baseos-rpms      24 k
Test OLM installation	UNKNOWN STEP	2025-06-05T09:03:39.1367956Z #14 1.820  libxcrypt                  x86_64  4.4.18-3.el9                  ubi-9-baseos-rpms     120 k
Test OLM installation	UNKNOWN STEP	2025-06-05T09:03:39.1370329Z #14 1.820  libzstd                    x86_64  1.5.5-1.el9                   ubi-9-baseos-rpms     297 k
Test OLM installation	UNKNOWN STEP	2025-06-05T09:03:39.1371160Z #14 1.820  lksctp-tools               x86_64  1.0.19-3.el9_4                ubi-9-baseos-rpms     104 k
Test OLM installation	UNKNOWN STEP	2025-06-05T09:03:39.1373239Z #14 1.820  lua                        x86_64  5.4.4-4.el9                   ubi-9-appstream-rpms  192 k
Test OLM installation	UNKNOWN STEP	2025-06-05T09:03:39.1375539Z #14 1.820  lua-libs                   x86_64  5.4.4-4.el9                   ubi-9-baseos-rpms     132 k
Test OLM installation	UNKNOWN STEP	2025-06-05T09:03:39.1376986Z #14 1.820  lua-posix                  x86_64  35.0-8.el9                    ubi-9-appstream-rpms  155 k
Test OLM installation	UNKNOWN STEP	2025-06-05T09:03:39.1378638Z #14 1.820  lz4-libs                   x86_64  1.9.3-5.el9                   ubi-9-baseos-rpms      69 k
Test OLM installation	UNKNOWN STEP	2025-06-05T09:03:39.1380329Z #14 1.820  mpfr                       x86_64  4.1.0-7.el9                   ubi-9-baseos-rpms     329 k
Test OLM installation	UNKNOWN STEP	2025-06-05T09:03:39.1381161Z #14 1.820  ncurses-base               noarch  6.2-10.20210508.el9           ubi-9-baseos-rpms      99 k
Test OLM installation	UNKNOWN STEP	2025-06-05T09:03:39.1383054Z #14 1.820  ncurses-libs               x86_64  6.2-10.20210508.el9           ubi-9-baseos-rpms     332 k
Test OLM installation	UNKNOWN STEP	2025-06-05T09:03:39.1385394Z #14 1.820  nettle                     x86_64  3.10.1-1.el9                  ubi-9-baseos-rpms     568 k
Test OLM installation	UNKNOWN STEP	2025-06-05T09:03:39.1387106Z #14 1.820  nspr                       x86_64  4.35.0-17.el9_2               ubi-9-appstream-rpms  137 k
Test OLM installation	UNKNOWN STEP	2025-06-05T09:03:39.1387863Z #14 1.820  nss                        x86_64  3.101.0-10.el9_2              ubi-9-appstream-rpms  720 k
Test OLM installation	UNKNOWN STEP	2025-06-05T09:03:39.1388641Z #14 1.820  nss-softokn                x86_64  3.101.0-10.el9_2              ubi-9-appstream-rpms  393 k
Test OLM installation	UNKNOWN STEP	2025-06-05T09:03:39.1390151Z #14 1.820  nss-softokn-freebl         x86_64  3.101.0-10.el9_2              ubi-9-appstream-rpms  313 k
Test OLM installation	UNKNOWN STEP	2025-06-05T09:03:39.1392108Z #14 1.820  nss-sysinit                x86_64  3.101.0-10.el9_2              ubi-9-appstream-rpms   21 k
Test OLM installation	UNKNOWN STEP	2025-06-05T09:03:39.1393595Z #14 1.820  nss-util                   x86_64  3.101.0-10.el9_2              ubi-9-appstream-rpms   92 k
Test OLM installation	UNKNOWN STEP	2025-06-05T09:03:39.1395891Z #14 1.820  openssl-fips-provider      x86_64  3.0.7-6.el9_5                 ubi-9-baseos-rpms     9.4 k
Test OLM installation	UNKNOWN STEP	2025-06-05T09:03:39.1397801Z #14 1.820  openssl-fips-provider-so   x86_64  3.0.7-6.el9_5                 ubi-9-baseos-rpms     577 k
Test OLM installation	UNKNOWN STEP	2025-06-05T09:03:39.1399986Z #14 1.820  openssl-libs               x86_64  1:3.2.2-6.el9_5.1             ubi-9-baseos-rpms     2.1 M
Test OLM installation	UNKNOWN STEP	2025-06-05T09:03:39.1400824Z #14 1.820  p11-kit                    x86_64  0.25.3-3.el9_5                ubi-9-baseos-rpms     536 k
Test OLM installation	UNKNOWN STEP	2025-06-05T09:03:39.1403355Z #14 1.820  p11-kit-trust              x86_64  0.25.3-3.el9_5                ubi-9-baseos-rpms     144 k
Test OLM installation	UNKNOWN STEP	2025-06-05T09:03:39.1404485Z #14 1.820  pcre                       x86_64  8.44-4.el9                    ubi-9-baseos-rpms     200 k
Test OLM installation	UNKNOWN STEP	2025-06-05T09:03:39.1406856Z #14 1.820  pcre2                      x86_64  10.40-6.el9                   ubi-9-baseos-rpms     236 k
Test OLM installation	UNKNOWN STEP	2025-06-05T09:03:39.1408762Z #14 1.820  pcre2-syntax               noarch  10.40-6.el9                   ubi-9-baseos-rpms     144 k
Test OLM installation	UNKNOWN STEP	2025-06-05T09:03:39.1410610Z #14 1.820  python3                    x86_64  3.9.21-2.el9                  ubi-9-baseos-rpms      30 k
Test OLM installation	UNKNOWN STEP	2025-06-05T09:03:39.1412321Z #14 1.820  python3-libs               x86_64  3.9.21-2.el9                  ubi-9-baseos-rpms     8.1 M
Test OLM installation	UNKNOWN STEP	2025-06-05T09:03:39.1413887Z #14 1.820  python3-pip-wheel          noarch  21.3.1-1.el9                  ubi-9-baseos-rpms     1.1 M
Test OLM installation	UNKNOWN STEP	2025-06-05T09:03:39.1416361Z #14 1.820  python3-setuptools-wheel   noarch  53.0.0-13.el9                 ubi-9-baseos-rpms     469 k
Test OLM installation	UNKNOWN STEP	2025-06-05T09:03:39.1417288Z #14 1.820  readline                   x86_64  8.1-4.el9                     ubi-9-baseos-rpms     215 k
Test OLM installation	UNKNOWN STEP	2025-06-05T09:03:39.1418927Z #14 1.820  redhat-release             x86_64  9.6-0.1.el9                   ubi-9-baseos-rpms      44 k
Test OLM installation	UNKNOWN STEP	2025-06-05T09:03:39.1419863Z #14 1.820  sed                        x86_64  4.8-9.el9                     ubi-9-baseos-rpms     309 k
Test OLM installation	UNKNOWN STEP	2025-06-05T09:03:39.1420632Z #14 1.820  setup                      noarch  2.13.7-10.el9                 ubi-9-baseos-rpms     150 k
Test OLM installation	UNKNOWN STEP	2025-06-05T09:03:39.1421428Z #14 1.820  sqlite-libs                x86_64  3.34.1-7.el9_3                ubi-9-baseos-rpms     622 k
Test OLM installation	UNKNOWN STEP	2025-06-05T09:03:39.1422237Z #14 1.820  systemd-libs               x86_64  252-51.el9                    ubi-9-baseos-rpms     684 k
Test OLM installation	UNKNOWN STEP	2025-06-05T09:03:39.1422978Z #14 1.820  tzdata                     noarch  2025b-1.el9                   ubi-9-baseos-rpms     842 k
Test OLM installation	UNKNOWN STEP	2025-06-05T09:03:39.1425385Z #14 1.820  tzdata-java                noarch  2025b-1.el9                   ubi-9-appstream-rpms  228 k
Test OLM installation	UNKNOWN STEP	2025-06-05T09:03:39.1426125Z #14 1.820  xz-libs                    x86_64  5.2.5-8.el9_0                 ubi-9-baseos-rpms      94 k
Test OLM installation	UNKNOWN STEP	2025-06-05T09:03:39.1426840Z #14 1.820  zlib                       x86_64  1.2.11-40.el9                 ubi-9-baseos-rpms      93 k
Test OLM installation	UNKNOWN STEP	2025-06-05T09:03:39.1427378Z #14 1.820 
Test OLM installation	UNKNOWN STEP	2025-06-05T09:03:39.1427583Z #14 1.820 Transaction Summary
Test OLM installation	UNKNOWN STEP	2025-06-05T09:03:39.1427852Z #14 1.820 =============================================================================================
Test OLM installation	UNKNOWN STEP	2025-06-05T09:03:39.1428141Z #14 1.820 Install  84 Packages
Test OLM installation	UNKNOWN STEP	2025-06-05T09:03:39.1428352Z #14 1.820 
Test OLM installation	UNKNOWN STEP	2025-06-05T09:03:39.1428531Z #14 1.823 Total download size: 89 M
Test OLM installation	UNKNOWN STEP	2025-06-05T09:03:39.1428767Z #14 1.823 Installed size: 319 M
Test OLM installation	UNKNOWN STEP	2025-06-05T09:03:39.1428991Z #14 1.824 Downloading Packages:
Test OLM installation	UNKNOWN STEP	2025-06-05T09:03:39.1429342Z #14 1.860 (1/84): alternatives-1.24-2.el9.x86_64.rpm      1.4 MB/s |  42 kB     00:00    
Test OLM installation	UNKNOWN STEP	2025-06-05T09:03:39.1429801Z #14 1.861 (2/84): avahi-libs-0.8-22.el9_6.x86_64.rpm      2.1 MB/s |  67 kB     00:00    
Test OLM installation	UNKNOWN STEP	2025-06-05T09:03:39.1430233Z #14 1.863 (3/84): basesystem-11-13.el9.noarch.rpm         244 kB/s | 8.0 kB     00:00    
Test OLM installation	UNKNOWN STEP	2025-06-05T09:03:39.1430663Z #14 1.867 (4/84): bzip2-libs-1.0.8-10.el9_5.x86_64.rpm    8.1 MB/s |  42 kB     00:00    
Test OLM installation	UNKNOWN STEP	2025-06-05T09:03:39.1432688Z #14 1.883 (5/84): coreutils-single-8.32-39.el9.x86_64.rpm  38 MB/s | 625 kB     00:00    
Test OLM installation	UNKNOWN STEP	2025-06-05T09:03:39.1433437Z #14 1.888 (6/84): ca-certificates-2024.2.69_v8.0.303-91.4  39 MB/s | 1.0 MB     00:00    
Test OLM installation	UNKNOWN STEP	2025-06-05T09:03:39.1433930Z #14 1.890 (7/84): crypto-policies-20250128-1.git5269e22.e  14 MB/s |  90 kB     00:00    
Test OLM installation	UNKNOWN STEP	2025-06-05T09:03:39.1434363Z #14 1.895 (8/84): bash-5.1.8-9.el9.x86_64.rpm              49 MB/s | 1.7 MB     00:00    
Test OLM installation	UNKNOWN STEP	2025-06-05T09:03:39.1434915Z #14 1.897 (9/84): crypto-policies-scripts-20250128-1.git5  12 MB/s | 101 kB     00:00    
Test OLM installation	UNKNOWN STEP	2025-06-05T09:03:39.1435640Z #14 1.900 (10/84): dbus-libs-1.12.20-8.el9.x86_64.rpm      31 MB/s | 154 kB     00:00    
Test OLM installation	UNKNOWN STEP	2025-06-05T09:03:39.1436049Z #14 1.902 (11/84): expat-2.5.0-5.el9_6.x86_64.rpm          23 MB/s | 119 kB     00:00    
Test OLM installation	UNKNOWN STEP	2025-06-05T09:03:39.1436461Z #14 1.904 (12/84): cups-libs-2.3.3op2-33.el9.x86_64.rpm    19 MB/s | 265 kB     00:00    
Test OLM installation	UNKNOWN STEP	2025-06-05T09:03:39.1437127Z #14 1.915 (13/84): findutils-4.8.0-7.el9.x86_64.rpm        42 MB/s | 550 kB     00:00    
Test OLM installation	UNKNOWN STEP	2025-06-05T09:03:39.1437969Z #14 1.921 (14/84): gawk-5.1.0-6.el9.x86_64.rpm             60 MB/s | 1.0 MB     00:00    
Test OLM installation	UNKNOWN STEP	2025-06-05T09:03:39.2328315Z #14 1.923 (15/84): gdbm-libs-1.23-1.el9.x86_64.rpm        7.4 MB/s |  59 kB     00:00    
Test OLM installation	UNKNOWN STEP	2025-06-05T09:03:39.2328908Z #14 1.933 (16/84): glibc-common-2.34-168.el9_6.14.x86_64.  32 MB/s | 304 kB     00:00    
Test OLM installation	UNKNOWN STEP	2025-06-05T09:03:39.2329391Z #14 1.944 (17/84): glibc-langpack-en-2.34-168.el9_6.14.x8  59 MB/s | 657 kB     00:00    
Test OLM installation	UNKNOWN STEP	2025-06-05T09:03:39.2329820Z #14 1.950 (18/84): glibc-2.34-168.el9_6.14.x86_64.rpm      69 MB/s | 2.0 MB     00:00    
Test OLM installation	UNKNOWN STEP	2025-06-05T09:03:39.2330232Z #14 1.963 (19/84): filesystem-3.16-5.el9.x86_64.rpm        77 MB/s | 4.8 MB     00:00    
Test OLM installation	UNKNOWN STEP	2025-06-05T09:03:39.2330642Z #14 1.965 (20/84): gmp-6.2.0-13.el9.x86_64.rpm             16 MB/s | 319 kB     00:00    
Test OLM installation	UNKNOWN STEP	2025-06-05T09:03:39.2331030Z #14 1.969 (21/84): grep-3.6-5.el9.x86_64.rpm               43 MB/s | 273 kB     00:00    
Test OLM installation	UNKNOWN STEP	2025-06-05T09:03:39.2331704Z #14 1.970 (22/84): keyutils-libs-1.6.3-1.el9.x86_64.rpm   6.0 MB/s |  34 kB     00:00    
Test OLM installation	UNKNOWN STEP	2025-06-05T09:03:39.2332135Z #14 1.976 (23/84): libacl-2.3.1-4.el9.x86_64.rpm          4.6 MB/s |  24 kB     00:00    
Test OLM installation	UNKNOWN STEP	2025-06-05T09:03:39.2332580Z #14 1.979 (24/84): krb5-libs-1.21.1-6.el9.x86_64.rpm       78 MB/s | 770 kB     00:00    
Test OLM installation	UNKNOWN STEP	2025-06-05T09:03:39.2333180Z #14 1.980 (25/84): libattr-2.5.1-3.el9.x86_64.rpm         4.8 MB/s |  20 kB     00:00    
Test OLM installation	UNKNOWN STEP	2025-06-05T09:03:39.2333624Z #14 1.994 (26/84): libcap-2.48-9.el9_2.x86_64.rpm         5.2 MB/s |  74 kB     00:00    
Test OLM installation	UNKNOWN STEP	2025-06-05T09:03:39.2334029Z #14 1.995 (27/84): libcom_err-1.46.5-7.el9.x86_64.rpm     1.9 MB/s |  28 kB     00:00    
Test OLM installation	UNKNOWN STEP	2025-06-05T09:03:39.2334455Z #14 2.000 (28/84): libevent-2.1.12-8.el9_4.x86_64.rpm      47 MB/s | 266 kB     00:00    
Test OLM installation	UNKNOWN STEP	2025-06-05T09:03:39.2334863Z #14 2.001 (29/84): libffi-3.4.2-8.el9.x86_64.rpm          6.9 MB/s |  40 kB     00:00    
Test OLM installation	UNKNOWN STEP	2025-06-05T09:03:39.2335573Z #14 2.004 (30/84): libgcc-11.5.0-5.el9_5.x86_64.rpm        20 MB/s |  88 kB     00:00    
Test OLM installation	UNKNOWN STEP	2025-06-05T09:03:39.2335986Z #14 2.008 (31/84): libgcrypt-1.10.0-11.el9.x86_64.rpm      70 MB/s | 510 kB     00:00    
Test OLM installation	UNKNOWN STEP	2025-06-05T09:03:39.2336410Z #14 2.011 (32/84): libgpg-error-1.42-5.el9.x86_64.rpm      36 MB/s | 220 kB     00:00    
Test OLM installation	UNKNOWN STEP	2025-06-05T09:03:39.2336823Z #14 2.013 (33/84): libidn2-2.3.0-7.el9.x86_64.rpm          22 MB/s | 105 kB     00:00    
Test OLM installation	UNKNOWN STEP	2025-06-05T09:03:39.2337227Z #14 2.016 (34/84): libselinux-3.6-3.el9.x86_64.rpm         18 MB/s |  88 kB     00:00    
Test OLM installation	UNKNOWN STEP	2025-06-05T09:03:39.2337637Z #14 2.020 (35/84): libsepol-3.6-2.el9.x86_64.rpm           49 MB/s | 331 kB     00:00    
Test OLM installation	UNKNOWN STEP	2025-06-05T09:03:39.2338086Z #14 2.022 (36/84): libsigsegv-2.13-4.el9.x86_64.rpm       5.2 MB/s |  30 kB     00:00    
Test OLM installation	UNKNOWN STEP	2025-06-05T09:03:39.3377713Z #14 2.025 (37/84): libtasn1-4.16.0-9.el9.x86_64.rpm        18 MB/s |  77 kB     00:00    
Test OLM installation	UNKNOWN STEP	2025-06-05T09:03:39.3378624Z #14 2.029 (38/84): libuuid-2.37.4-21.el9.x86_64.rpm       7.1 MB/s |  30 kB     00:00    
Test OLM installation	UNKNOWN STEP	2025-06-05T09:03:39.3379438Z #14 2.033 (39/84): libunistring-0.9.10-15.el9.x86_64.rpm   46 MB/s | 499 kB     00:00    
Test OLM installation	UNKNOWN STEP	2025-06-05T09:03:39.3380295Z #14 2.034 (40/84): libverto-0.3.2-3.el9.x86_64.rpm        5.4 MB/s |  24 kB     00:00    
Test OLM installation	UNKNOWN STEP	2025-06-05T09:03:39.3381126Z #14 2.038 (41/84): libxcrypt-4.4.18-3.el9.x86_64.rpm       22 MB/s | 120 kB     00:00    
Test OLM installation	UNKNOWN STEP	2025-06-05T09:03:39.3381887Z #14 2.042 (42/84): libzstd-1.5.5-1.el9.x86_64.rpm          39 MB/s | 297 kB     00:00    
Test OLM installation	UNKNOWN STEP	2025-06-05T09:03:39.3382665Z #14 2.044 (43/84): lksctp-tools-1.0.19-3.el9_4.x86_64.rpm  21 MB/s | 104 kB     00:00    
Test OLM installation	UNKNOWN STEP	2025-06-05T09:03:39.3383428Z #14 2.048 (44/84): gnutls-3.8.3-6.el9.x86_64.rpm           11 MB/s | 1.1 MB     00:00    
Test OLM installation	UNKNOWN STEP	2025-06-05T09:03:39.3384179Z #14 2.050 (45/84): lz4-libs-1.9.3-5.el9.x86_64.rpm         12 MB/s |  69 kB     00:00    
Test OLM installation	UNKNOWN STEP	2025-06-05T09:03:39.3384922Z #14 2.051 (46/84): lua-libs-5.4.4-4.el9.x86_64.rpm         15 MB/s | 132 kB     00:00    
Test OLM installation	UNKNOWN STEP	2025-06-05T09:03:39.3385942Z #14 2.055 (47/84): ncurses-base-6.2-10.20210508.el9.noarc  18 MB/s |  99 kB     00:00    
Test OLM installation	UNKNOWN STEP	2025-06-05T09:03:39.3386713Z #14 2.059 (48/84): mpfr-4.1.0-7.el9.x86_64.rpm             31 MB/s | 329 kB     00:00    
Test OLM installation	UNKNOWN STEP	2025-06-05T09:03:39.3387432Z #14 2.062 (49/84): ncurses-libs-6.2-10.20210508.el9.x86_6  32 MB/s | 332 kB     00:00    
Test OLM installation	UNKNOWN STEP	2025-06-05T09:03:39.3388486Z #14 2.064 (50/84): openssl-fips-provider-3.0.7-6.el9_5.x8 2.0 MB/s | 9.4 kB     00:00    
Test OLM installation	UNKNOWN STEP	2025-06-05T09:03:39.3389201Z #14 2.067 (51/84): nettle-3.10.1-1.el9.x86_64.rpm          50 MB/s | 568 kB     00:00    
Test OLM installation	UNKNOWN STEP	2025-06-05T09:03:39.3389662Z #14 2.076 (52/84): openssl-fips-provider-so-3.0.7-6.el9_5  40 MB/s | 577 kB     00:00    
Test OLM installation	UNKNOWN STEP	2025-06-05T09:03:39.3390107Z #14 2.081 (53/84): p11-kit-0.25.3-3.el9_5.x86_64.rpm       38 MB/s | 536 kB     00:00    
Test OLM installation	UNKNOWN STEP	2025-06-05T09:03:39.3390524Z #14 2.083 (54/84): p11-kit-trust-0.25.3-3.el9_5.x86_64.rp  21 MB/s | 144 kB     00:00    
Test OLM installation	UNKNOWN STEP	2025-06-05T09:03:39.3391091Z #14 2.087 (55/84): pcre-8.44-4.el9.x86_64.rpm              34 MB/s | 200 kB     00:00    
Test OLM installation	UNKNOWN STEP	2025-06-05T09:03:39.3391684Z #14 2.090 (56/84): pcre2-10.40-6.el9.x86_64.rpm            35 MB/s | 236 kB     00:00    
Test OLM installation	UNKNOWN STEP	2025-06-05T09:03:39.3392284Z #14 2.096 (57/84): openssl-libs-3.2.2-6.el9_5.1.x86_64.rp  68 MB/s | 2.1 MB     00:00    
Test OLM installation	UNKNOWN STEP	2025-06-05T09:03:39.3392866Z #14 2.097 (58/84): python3-3.9.21-2.el9.x86_64.rpm        4.6 MB/s |  30 kB     00:00    
Test OLM installation	UNKNOWN STEP	2025-06-05T09:03:39.3393312Z #14 2.098 (59/84): pcre2-syntax-10.40-6.el9.noarch.rpm     13 MB/s | 144 kB     00:00    
Test OLM installation	UNKNOWN STEP	2025-06-05T09:03:39.3394037Z #14 2.111 (60/84): python3-setuptools-wheel-53.0.0-13.el9  36 MB/s | 469 kB     00:00    
Test OLM installation	UNKNOWN STEP	2025-06-05T09:03:39.3394915Z #14 2.116 (61/84): python3-pip-wheel-21.3.1-1.el9.noarch.  60 MB/s | 1.1 MB     00:00    
Test OLM installation	UNKNOWN STEP	2025-06-05T09:03:39.3395967Z #14 2.119 (62/84): readline-8.1-4.el9.x86_64.rpm           30 MB/s | 215 kB     00:00    
Test OLM installation	UNKNOWN STEP	2025-06-05T09:03:39.3396779Z #14 2.121 (63/84): redhat-release-9.6-0.1.el9.x86_64.rpm  9.5 MB/s |  44 kB     00:00    
Test OLM installation	UNKNOWN STEP	2025-06-05T09:03:39.3397560Z #14 2.127 (64/84): sed-4.8-9.el9.x86_64.rpm                41 MB/s | 309 kB     00:00    
Test OLM installation	UNKNOWN STEP	2025-06-05T09:03:39.4393012Z #14 2.129 (65/84): setup-2.13.7-10.el9.noarch.rpm          20 MB/s | 150 kB     00:00    
Test OLM installation	UNKNOWN STEP	2025-06-05T09:03:39.4393860Z #14 2.138 (66/84): sqlite-libs-3.34.1-7.el9_3.x86_64.rpm   56 MB/s | 622 kB     00:00    
Test OLM installation	UNKNOWN STEP	2025-06-05T09:03:39.4394378Z #14 2.142 (67/84): systemd-libs-252-51.el9.x86_64.rpm      51 MB/s | 684 kB     00:00    
Test OLM installation	UNKNOWN STEP	2025-06-05T09:03:39.4394863Z #14 2.152 (68/84): tzdata-2025b-1.el9.noarch.rpm           61 MB/s | 842 kB     00:00    
Test OLM installation	UNKNOWN STEP	2025-06-05T09:03:39.4395645Z #14 2.159 (69/84): xz-libs-5.2.5-8.el9_0.x86_64.rpm       5.7 MB/s |  94 kB     00:00    
Test OLM installation	UNKNOWN STEP	2025-06-05T09:03:39.4396108Z #14 2.161 (70/84): zlib-1.2.11-40.el9.x86_64.rpm           11 MB/s |  93 kB     00:00    
Test OLM installation	UNKNOWN STEP	2025-06-05T09:03:39.4396849Z #14 2.164 (71/84): copy-jdk-configs-4.0-3.el9.noarch.rpm  7.0 MB/s |  29 kB     00:00    
Test OLM installation	UNKNOWN STEP	2025-06-05T09:03:39.4397359Z #14 2.167 (72/84): lua-5.4.4-4.el9.x86_64.rpm              34 MB/s | 192 kB     00:00    
Test OLM installation	UNKNOWN STEP	2025-06-05T09:03:39.4397827Z #14 2.169 (73/84): lua-posix-35.0-8.el9.x86_64.rpm         28 MB/s | 155 kB     00:00    
Test OLM installation	UNKNOWN STEP	2025-06-05T09:03:39.4398312Z #14 2.176 (74/84): alsa-lib-1.2.13-2.el9.x86_64.rpm        59 MB/s | 530 kB     00:00    
Test OLM installation	UNKNOWN STEP	2025-06-05T09:03:39.4398894Z #14 2.182 (75/84): javapackages-filesystem-6.4.0-1.el9.no 3.1 MB/s |  17 kB     00:00    
Test OLM installation	UNKNOWN STEP	2025-06-05T09:03:39.4399429Z #14 2.201 (76/84): python3-libs-3.9.21-2.el9.x86_64.rpm    77 MB/s | 8.1 MB     00:00    
Test OLM installation	UNKNOWN STEP	2025-06-05T09:03:39.4399903Z #14 2.204 (77/84): nspr-4.35.0-17.el9_2.x86_64.rpm        6.4 MB/s | 137 kB     00:00    
Test OLM installation	UNKNOWN STEP	2025-06-05T09:03:39.4400457Z #14 2.214 (78/84): nss-3.101.0-10.el9_2.x86_64.rpm         59 MB/s | 720 kB     00:00    
Test OLM installation	UNKNOWN STEP	2025-06-05T09:03:39.4400943Z #14 2.223 (79/84): nss-softokn-freebl-3.101.0-10.el9_2.x8  33 MB/s | 313 kB     00:00    
Test OLM installation	UNKNOWN STEP	2025-06-05T09:03:39.4401441Z #14 2.226 (80/84): nss-softokn-3.101.0-10.el9_2.x86_64.rp  17 MB/s | 393 kB     00:00    
Test OLM installation	UNKNOWN STEP	2025-06-05T09:03:39.4401925Z #14 2.228 (81/84): nss-sysinit-3.101.0-10.el9_2.x86_64.rp 4.8 MB/s |  21 kB     00:00    
Test OLM installation	UNKNOWN STEP	2025-06-05T09:03:39.6024636Z #14 2.235 (82/84): tzdata-java-2025b-1.el9.noarch.rpm      32 MB/s | 228 kB     00:00    
Test OLM installation	UNKNOWN STEP	2025-06-05T09:03:39.6025498Z #14 2.241 (83/84): nss-util-3.101.0-10.el9_2.x86_64.rpm   6.4 MB/s |  92 kB     00:00    
Test OLM installation	UNKNOWN STEP	2025-06-05T09:03:39.6871023Z #14 2.476 (84/84): java-21-openjdk-headless-21.0.7.0.6-1. 161 MB/s |  49 MB     00:00    
Test OLM installation	UNKNOWN STEP	2025-06-05T09:03:39.9259609Z #14 2.479 --------------------------------------------------------------------------------
Test OLM installation	UNKNOWN STEP	2025-06-05T09:03:39.9260069Z #14 2.479 Total                                           136 MB/s |  89 MB     00:00     
Test OLM installation	UNKNOWN STEP	2025-06-05T09:03:39.9260502Z #14 2.490 Red Hat Universal Base Image 9 (RPMs) - BaseOS  3.5 MB/s | 3.6 kB     00:00    
Test OLM installation	UNKNOWN STEP	2025-06-05T09:03:39.9260905Z #14 2.560 Importing GPG key 0xFD431D51:
Test OLM installation	UNKNOWN STEP	2025-06-05T09:03:39.9261257Z #14 2.560  Userid     : "Red Hat, Inc. (release key 2) <security@redhat.com>"
Test OLM installation	UNKNOWN STEP	2025-06-05T09:03:39.9261667Z #14 2.560  Fingerprint: 567E 347A D004 4ADE 55BA 8A5F 199E 2F91 FD43 1D51
Test OLM installation	UNKNOWN STEP	2025-06-05T09:03:39.9262111Z #14 2.560  From       : /etc/pki/rpm-gpg/RPM-GPG-KEY-redhat-release
Test OLM installation	UNKNOWN STEP	2025-06-05T09:03:39.9262441Z #14 2.563 Key imported successfully
Test OLM installation	UNKNOWN STEP	2025-06-05T09:03:39.9263043Z #14 2.563 Importing GPG key 0x5A6340B3:
Test OLM installation	UNKNOWN STEP	2025-06-05T09:03:39.9263411Z #14 2.563  Userid     : "Red Hat, Inc. (auxiliary key 3) <security@redhat.com>"
Test OLM installation	UNKNOWN STEP	2025-06-05T09:03:39.9263821Z #14 2.563  Fingerprint: 7E46 2425 8C40 6535 D56D 6F13 5054 E4A4 5A63 40B3
Test OLM installation	UNKNOWN STEP	2025-06-05T09:03:39.9264207Z #14 2.563  From       : /etc/pki/rpm-gpg/RPM-GPG-KEY-redhat-release
Test OLM installation	UNKNOWN STEP	2025-06-05T09:03:39.9264517Z #14 2.564 Key imported successfully
Test OLM installation	UNKNOWN STEP	2025-06-05T09:03:40.8251250Z #14 3.614 Running transaction check
Test OLM installation	UNKNOWN STEP	2025-06-05T09:03:41.0257818Z #14 3.664 Transaction check succeeded.
Test OLM installation	UNKNOWN STEP	2025-06-05T09:03:41.0258340Z #14 3.664 Running transaction test
Test OLM installation	UNKNOWN STEP	2025-06-05T09:03:41.5077360Z #14 4.296 Transaction test succeeded.
Test OLM installation	UNKNOWN STEP	2025-06-05T09:03:41.6588094Z #14 4.297 Running transaction
Test OLM installation	UNKNOWN STEP	2025-06-05T09:03:42.2456303Z #14 4.881   Running scriptlet: filesystem-3.16-5.el9.x86_64                           1/1 
Test OLM installation	UNKNOWN STEP	2025-06-05T09:03:42.2457219Z #14 4.883   Running scriptlet: copy-jdk-configs-4.0-3.el9.noarch                      1/1 
Test OLM installation	UNKNOWN STEP	2025-06-05T09:03:42.3632320Z #14 4.884   Running scriptlet: java-21-openjdk-headless-1:21.0.7.0.6-1.el9.x86_64     1/1 
Test OLM installation	UNKNOWN STEP	2025-06-05T09:03:42.5226472Z #14 5.152   Preparing        :                                                        1/1 
Test OLM installation	UNKNOWN STEP	2025-06-05T09:03:42.5227244Z #14 5.158   Installing       : libgcc-11.5.0-5.el9_5.x86_64                          1/84 
Test OLM installation	UNKNOWN STEP	2025-06-05T09:03:42.5592448Z #14 5.161   Running scriptlet: libgcc-11.5.0-5.el9_5.x86_64                          1/84 
Test OLM installation	UNKNOWN STEP	2025-06-05T09:03:42.6703691Z #14 5.348   Installing       : tzdata-2025b-1.el9.noarch                             2/84 
Test OLM installation	UNKNOWN STEP	2025-06-05T09:03:42.6704608Z #14 5.448   Installing       : tzdata-java-2025b-1.el9.noarch                        3/84 
Test OLM installation	UNKNOWN STEP	2025-06-05T09:03:42.8017040Z #14 5.448   Installing       : javapackages-filesystem-6.4.0-1.el9.noarch            4/84 
Test OLM installation	UNKNOWN STEP	2025-06-05T09:03:42.8018032Z #14 5.472   Installing       : redhat-release-9.6-0.1.el9.x86_64                     5/84 
Test OLM installation	UNKNOWN STEP	2025-06-05T09:03:42.8018877Z #14 5.488   Installing       : setup-2.13.7-10.el9.noarch                            6/84 
Test OLM installation	UNKNOWN STEP	2025-06-05T09:03:42.8019682Z #14 5.488   Running scriptlet: setup-2.13.7-10.el9.noarch                            6/84 
Test OLM installation	UNKNOWN STEP	2025-06-05T09:03:42.9110299Z #14 5.590   Installing       : filesystem-3.16-5.el9.x86_64                          7/84 
Test OLM installation	UNKNOWN STEP	2025-06-05T09:03:42.9116293Z #14 5.652   Installing       : basesystem-11-13.el9.noarch                           8/84 
Test OLM installation	UNKNOWN STEP	2025-06-05T09:03:42.9117156Z #14 5.668   Installing       : python3-setuptools-wheel-53.0.0-13.el9.noarch         9/84 
Test OLM installation	UNKNOWN STEP	2025-06-05T09:03:42.9117993Z #14 5.668   Installing       : pcre2-syntax-10.40-6.el9.noarch                      10/84 
Test OLM installation	UNKNOWN STEP	2025-06-05T09:03:43.0118878Z #14 5.699   Installing       : ncurses-base-6.2-10.20210508.el9.noarch              11/84 
Test OLM installation	UNKNOWN STEP	2025-06-05T09:03:43.0120182Z #14 5.786   Installing       : glibc-langpack-en-2.34-168.el9_6.14.x86_64           12/84 
Test OLM installation	UNKNOWN STEP	2025-06-05T09:03:43.2009852Z #14 5.801   Installing       : glibc-common-2.34-168.el9_6.14.x86_64                13/84 
Test OLM installation	UNKNOWN STEP	2025-06-05T09:03:43.2010728Z #14 5.804   Running scriptlet: glibc-2.34-168.el9_6.14.x86_64                       14/84 
Test OLM installation	UNKNOWN STEP	2025-06-05T09:03:43.2012064Z #14 5.836   Installing       : glibc-2.34-168.el9_6.14.x86_64                       14/84 
Test OLM installation	UNKNOWN STEP	2025-06-05T09:03:43.5537113Z #14 5.839   Running scriptlet: glibc-2.34-168.el9_6.14.x86_64                       14/84 
Test OLM installation	UNKNOWN STEP	2025-06-05T09:03:43.6574843Z #14 6.342   Installing       : ncurses-libs-6.2-10.20210508.el9.x86_64              15/84 
Test OLM installation	UNKNOWN STEP	2025-06-05T09:03:43.6576125Z #14 6.358   Installing       : bash-5.1.8-9.el9.x86_64                              16/84 
Test OLM installation	UNKNOWN STEP	2025-06-05T09:03:43.6577320Z #14 6.360   Running scriptlet: bash-5.1.8-9.el9.x86_64                              16/84 
Test OLM installation	UNKNOWN STEP	2025-06-05T09:03:43.6578081Z #14 6.378   Installing       : crypto-policies-20250128-1.git5269e22.el9.noarch     17/84 
Test OLM installation	UNKNOWN STEP	2025-06-05T09:03:43.6578904Z #14 6.380   Running scriptlet: crypto-policies-20250128-1.git5269e22.el9.noarch     17/84 
Test OLM installation	UNKNOWN STEP	2025-06-05T09:03:43.6579883Z #14 6.384   Installing       : nspr-4.35.0-17.el9_2.x86_64                          18/84 
Test OLM installation	UNKNOWN STEP	2025-06-05T09:03:43.6580446Z #14 6.389   Installing       : nss-util-3.101.0-10.el9_2.x86_64                     19/84 
Test OLM installation	UNKNOWN STEP	2025-06-05T09:03:43.6580984Z #14 6.392   Installing       : zlib-1.2.11-40.el9.x86_64                            20/84 
Test OLM installation	UNKNOWN STEP	2025-06-05T09:03:43.6581514Z #14 6.397   Installing       : readline-8.1-4.el9.x86_64                            21/84 
Test OLM installation	UNKNOWN STEP	2025-06-05T09:03:43.6582055Z #14 6.400   Installing       : libtasn1-4.16.0-9.el9.x86_64                         22/84 
Test OLM installation	UNKNOWN STEP	2025-06-05T09:03:43.6582607Z #14 6.405   Installing       : libxcrypt-4.4.18-3.el9.x86_64                        23/84 
Test OLM installation	UNKNOWN STEP	2025-06-05T09:03:43.6583166Z #14 6.411   Installing       : sqlite-libs-3.34.1-7.el9_3.x86_64                    24/84 
Test OLM installation	UNKNOWN STEP	2025-06-05T09:03:43.6583708Z #14 6.414   Installing       : alternatives-1.24-2.el9.x86_64                       25/84 
Test OLM installation	UNKNOWN STEP	2025-06-05T09:03:43.6584234Z #14 6.420   Installing       : gmp-1:6.2.0-13.el9.x86_64                            26/84 
Test OLM installation	UNKNOWN STEP	2025-06-05T09:03:43.6584768Z #14 6.423   Installing       : libattr-2.5.1-3.el9.x86_64                           27/84 
Test OLM installation	UNKNOWN STEP	2025-06-05T09:03:43.6585607Z #14 6.426   Installing       : libacl-2.3.1-4.el9.x86_64                            28/84 
Test OLM installation	UNKNOWN STEP	2025-06-05T09:03:43.6586120Z #14 6.431   Installing       : libcap-2.48-9.el9_2.x86_64                           29/84 
Test OLM installation	UNKNOWN STEP	2025-06-05T09:03:43.6586631Z #14 6.435   Installing       : libffi-3.4.2-8.el9.x86_64                            30/84 
Test OLM installation	UNKNOWN STEP	2025-06-05T09:03:43.8153515Z #14 6.446   Installing       : p11-kit-0.25.3-3.el9_5.x86_64                        31/84 
Test OLM installation	UNKNOWN STEP	2025-06-05T09:03:43.8154187Z #14 6.452   Installing       : p11-kit-trust-0.25.3-3.el9_5.x86_64                  32/84 
Test OLM installation	UNKNOWN STEP	2025-06-05T09:03:43.9109397Z #14 6.454   Running scriptlet: p11-kit-trust-0.25.3-3.el9_5.x86_64                  32/84 
Test OLM installation	UNKNOWN STEP	2025-06-05T09:03:44.0129190Z #14 6.700   Installing       : libsigsegv-2.13-4.el9.x86_64                         33/84 
Test OLM installation	UNKNOWN STEP	2025-06-05T09:03:44.0130217Z #14 6.708   Installing       : libunistring-0.9.10-15.el9.x86_64                    34/84 
Test OLM installation	UNKNOWN STEP	2025-06-05T09:03:44.0131042Z #14 6.713   Installing       : lua-libs-5.4.4-4.el9.x86_64                          35/84 
Test OLM installation	UNKNOWN STEP	2025-06-05T09:03:44.0131838Z #14 6.716   Installing       : xz-libs-5.2.5-8.el9_0.x86_64                         36/84 
Test OLM installation	UNKNOWN STEP	2025-06-05T09:03:44.0132543Z #14 6.721   Installing       : lua-5.4.4-4.el9.x86_64                               37/84 
Test OLM installation	UNKNOWN STEP	2025-06-05T09:03:44.0133356Z #14 6.735   Installing       : lua-posix-35.0-8.el9.x86_64                          38/84 
Test OLM installation	UNKNOWN STEP	2025-06-05T09:03:44.0133973Z #14 6.740   Installing       : libidn2-2.3.0-7.el9.x86_64                           39/84 
Test OLM installation	UNKNOWN STEP	2025-06-05T09:03:44.0134662Z #14 6.747   Installing       : mpfr-4.1.0-7.el9.x86_64                              40/84 
Test OLM installation	UNKNOWN STEP	2025-06-05T09:03:44.0135670Z #14 6.761   Installing       : gawk-5.1.0-6.el9.x86_64                              41/84 
Test OLM installation	UNKNOWN STEP	2025-06-05T09:03:44.0136318Z #14 6.769   Installing       : nss-softokn-freebl-3.101.0-10.el9_2.x86_64           42/84 
Test OLM installation	UNKNOWN STEP	2025-06-05T09:03:44.0136827Z #14 6.778   Installing       : nss-softokn-3.101.0-10.el9_2.x86_64                  43/84 
Test OLM installation	UNKNOWN STEP	2025-06-05T09:03:44.0137808Z #14 6.783   Installing       : lksctp-tools-1.0.19-3.el9_4.x86_64                   44/84 
Test OLM installation	UNKNOWN STEP	2025-06-05T09:03:44.0138340Z #14 6.787   Installing       : bzip2-libs-1.0.8-10.el9_5.x86_64                     45/84 
Test OLM installation	UNKNOWN STEP	2025-06-05T09:03:44.0139030Z #14 6.792   Installing       : expat-2.5.0-5.el9_6.x86_64                           46/84 
Test OLM installation	UNKNOWN STEP	2025-06-05T09:03:44.0139499Z #14 6.796   Installing       : gdbm-libs-1:1.23-1.el9.x86_64                        47/84 
Test OLM installation	UNKNOWN STEP	2025-06-05T09:03:44.0140076Z #14 6.799   Installing       : keyutils-libs-1.6.3-1.el9.x86_64                     48/84 
Test OLM installation	UNKNOWN STEP	2025-06-05T09:03:44.1176786Z #14 6.802   Installing       : libcom_err-1.46.5-7.el9.x86_64                       49/84 
Test OLM installation	UNKNOWN STEP	2025-06-05T09:03:44.1177825Z #14 6.807   Installing       : libgpg-error-1.42-5.el9.x86_64                       50/84 
Test OLM installation	UNKNOWN STEP	2025-06-05T09:03:44.1179167Z #14 6.815   Installing       : libgcrypt-1.10.0-11.el9.x86_64                       51/84 
Test OLM installation	UNKNOWN STEP	2025-06-05T09:03:44.1180051Z #14 6.820   Installing       : libsepol-3.6-2.el9.x86_64                            52/84 
Test OLM installation	UNKNOWN STEP	2025-06-05T09:03:44.1180865Z #14 6.824   Installing       : libuuid-2.37.4-21.el9.x86_64                         53/84 
Test OLM installation	UNKNOWN STEP	2025-06-05T09:03:44.1181652Z #14 6.827   Installing       : libverto-0.3.2-3.el9.x86_64                          54/84 
Test OLM installation	UNKNOWN STEP	2025-06-05T09:03:44.1182426Z #14 6.833   Installing       : libzstd-1.5.5-1.el9.x86_64                           55/84 
Test OLM installation	UNKNOWN STEP	2025-06-05T09:03:44.1183180Z #14 6.837   Installing       : lz4-libs-1.9.3-5.el9.x86_64                          56/84 
Test OLM installation	UNKNOWN STEP	2025-06-05T09:03:44.1183929Z #14 6.845   Installing       : nettle-3.10.1-1.el9.x86_64                           57/84 
Test OLM installation	UNKNOWN STEP	2025-06-05T09:03:44.1184676Z #14 6.857   Installing       : gnutls-3.8.3-6.el9.x86_64                            58/84 
Test OLM installation	UNKNOWN STEP	2025-06-05T09:03:44.1185693Z #14 6.863   Installing       : pcre-8.44-4.el9.x86_64                               59/84 
Test OLM installation	UNKNOWN STEP	2025-06-05T09:03:44.1186456Z #14 6.870   Installing       : grep-3.6-5.el9.x86_64                                60/84 
Test OLM installation	UNKNOWN STEP	2025-06-05T09:03:44.1187084Z #14 6.876   Installing       : pcre2-10.40-6.el9.x86_64                             61/84 
Test OLM installation	UNKNOWN STEP	2025-06-05T09:03:44.1187541Z #14 6.880   Installing       : libselinux-3.6-3.el9.x86_64                          62/84 
Test OLM installation	UNKNOWN STEP	2025-06-05T09:03:44.1187990Z #14 6.901   Installing       : coreutils-single-8.32-39.el9.x86_64                  63/84 
Test OLM installation	UNKNOWN STEP	2025-06-05T09:03:44.2716286Z #14 6.906   Installing       : sed-4.8-9.el9.x86_64                                 64/84 
Test OLM installation	UNKNOWN STEP	2025-06-05T09:03:44.3754099Z #14 6.910   Running scriptlet: ca-certificates-2024.2.69_v8.0.303-91.4.el9_4.noar   65/84 
Test OLM installation	UNKNOWN STEP	2025-06-05T09:03:44.5303522Z #14 7.164   Installing       : ca-certificates-2024.2.69_v8.0.303-91.4.el9_4.noar   65/84 
Test OLM installation	UNKNOWN STEP	2025-06-05T09:03:45.4724889Z #14 7.169   Running scriptlet: ca-certificates-2024.2.69_v8.0.303-91.4.el9_4.noar   65/84 
Test OLM installation	UNKNOWN STEP	2025-06-05T09:03:45.6869394Z #14 8.261   Installing       : python3-pip-wheel-21.3.1-1.el9.noarch                66/84 
Test OLM installation	UNKNOWN STEP	2025-06-05T09:03:45.6870378Z #14 8.268   Installing       : openssl-fips-provider-so-3.0.7-6.el9_5.x86_64        67/84 
Test OLM installation	UNKNOWN STEP	2025-06-05T09:03:45.6871242Z #14 8.271   Installing       : openssl-fips-provider-3.0.7-6.el9_5.x86_64           68/84 
Test OLM installation	UNKNOWN STEP	2025-06-05T09:03:45.6872083Z #14 8.296   Installing       : openssl-libs-1:3.2.2-6.el9_5.1.x86_64                69/84 
Test OLM installation	UNKNOWN STEP	2025-06-05T09:03:45.6872846Z #14 8.312   Installing       : krb5-libs-1.21.1-6.el9.x86_64                        70/84 
Test OLM installation	UNKNOWN STEP	2025-06-05T09:03:45.6873603Z #14 8.321   Installing       : libevent-2.1.12-8.el9_4.x86_64                       71/84 
Test OLM installation	UNKNOWN STEP	2025-06-05T09:03:45.8833447Z #14 8.325   Installing       : python3-3.9.21-2.el9.x86_64                          72/84 
Test OLM installation	UNKNOWN STEP	2025-06-05T09:03:46.0713590Z #14 8.672   Installing       : python3-libs-3.9.21-2.el9.x86_64                     73/84 
Test OLM installation	UNKNOWN STEP	2025-06-05T09:03:46.0714558Z #14 8.693   Installing       : crypto-policies-scripts-20250128-1.git5269e22.el9.   74/84 
Test OLM installation	UNKNOWN STEP	2025-06-05T09:03:46.0715717Z #14 8.696   Installing       : nss-sysinit-3.101.0-10.el9_2.x86_64                  75/84 
Test OLM installation	UNKNOWN STEP	2025-06-05T09:03:46.0716748Z #14 8.707   Installing       : nss-3.101.0-10.el9_2.x86_64                          76/84 
Test OLM installation	UNKNOWN STEP	2025-06-05T09:03:46.1717948Z #14 8.710   Running scriptlet: nss-3.101.0-10.el9_2.x86_64                          76/84 
Test OLM installation	UNKNOWN STEP	2025-06-05T09:03:46.3270578Z #14 8.960   Installing       : systemd-libs-252-51.el9.x86_64                       77/84 
Test OLM installation	UNKNOWN STEP	2025-06-05T09:03:46.4345585Z #14 8.965   Running scriptlet: systemd-libs-252-51.el9.x86_64                       77/84 
Test OLM installation	UNKNOWN STEP	2025-06-05T09:03:46.6218082Z #14 9.223   Installing       : dbus-libs-1:1.12.20-8.el9.x86_64                     78/84 
Test OLM installation	UNKNOWN STEP	2025-06-05T09:03:46.6218924Z #14 9.228   Installing       : avahi-libs-0.8-22.el9_6.x86_64                       79/84 
Test OLM installation	UNKNOWN STEP	2025-06-05T09:03:46.6219720Z #14 9.233   Installing       : cups-libs-1:2.3.3op2-33.el9.x86_64                   80/84 
Test OLM installation	UNKNOWN STEP	2025-06-05T09:03:46.6220489Z #14 9.240   Installing       : findutils-1:4.8.0-7.el9.x86_64                       81/84 
Test OLM installation	UNKNOWN STEP	2025-06-05T09:03:46.6221649Z #14 9.244   Installing       : copy-jdk-configs-4.0-3.el9.noarch                    82/84 
Test OLM installation	UNKNOWN STEP	2025-06-05T09:03:47.1379787Z #14 9.260   Installing       : alsa-lib-1.2.13-2.el9.x86_64                         83/84 
Test OLM installation	UNKNOWN STEP	2025-06-05T09:03:47.2936742Z #14 9.927   Installing       : java-21-openjdk-headless-1:21.0.7.0.6-1.el9.x86_64   84/84 
Test OLM installation	UNKNOWN STEP	2025-06-05T09:03:47.3982262Z #14 9.932   Running scriptlet: java-21-openjdk-headless-1:21.0.7.0.6-1.el9.x86_64   84/84 
Test OLM installation	UNKNOWN STEP	2025-06-05T09:03:47.6453017Z #14 10.19   Running scriptlet: filesystem-3.16-5.el9.x86_64                         84/84 
Test OLM installation	UNKNOWN STEP	2025-06-05T09:03:50.1433832Z #14 10.43   Running scriptlet: ca-certificates-2024.2.69_v8.0.303-91.4.el9_4.noar   84/84 
Test OLM installation	UNKNOWN STEP	2025-06-05T09:03:50.7367681Z #14 12.93   Running scriptlet: crypto-policies-scripts-20250128-1.git5269e22.el9.   84/84 
Test OLM installation	UNKNOWN STEP	2025-06-05T09:03:51.3261130Z #14 13.53   Running scriptlet: nss-3.101.0-10.el9_2.x86_64                          84/84 
Test OLM installation	UNKNOWN STEP	2025-06-05T09:03:51.5714613Z #14 14.11   Running scriptlet: copy-jdk-configs-4.0-3.el9.noarch                    84/84 
Test OLM installation	UNKNOWN STEP	2025-06-05T09:03:52.1146050Z #14 14.36   Running scriptlet: java-21-openjdk-headless-1:21.0.7.0.6-1.el9.x86_64   84/84 
Test OLM installation	UNKNOWN STEP	2025-06-05T09:03:52.2505687Z #14 14.90   Verifying        : alternatives-1.24-2.el9.x86_64                        1/84 
Test OLM installation	UNKNOWN STEP	2025-06-05T09:03:52.2506507Z #14 14.90   Verifying        : avahi-libs-0.8-22.el9_6.x86_64                        2/84 
Test OLM installation	UNKNOWN STEP	2025-06-05T09:03:52.2507287Z #14 14.90   Verifying        : basesystem-11-13.el9.noarch                           3/84 
Test OLM installation	UNKNOWN STEP	2025-06-05T09:03:52.2508027Z #14 14.90   Verifying        : bash-5.1.8-9.el9.x86_64                               4/84 
Test OLM installation	UNKNOWN STEP	2025-06-05T09:03:52.2508740Z #14 14.90   Verifying        : bzip2-libs-1.0.8-10.el9_5.x86_64                      5/84 
Test OLM installation	UNKNOWN STEP	2025-06-05T09:03:52.2509507Z #14 14.90   Verifying        : ca-certificates-2024.2.69_v8.0.303-91.4.el9_4.noar    6/84 
Test OLM installation	UNKNOWN STEP	2025-06-05T09:03:52.2510266Z #14 14.90   Verifying        : coreutils-single-8.32-39.el9.x86_64                   7/84 
Test OLM installation	UNKNOWN STEP	2025-06-05T09:03:52.2511122Z #14 14.90   Verifying        : crypto-policies-20250128-1.git5269e22.el9.noarch      8/84 
Test OLM installation	UNKNOWN STEP	2025-06-05T09:03:52.2511960Z #14 14.90   Verifying        : crypto-policies-scripts-20250128-1.git5269e22.el9.    9/84 
Test OLM installation	UNKNOWN STEP	2025-06-05T09:03:52.2512761Z #14 14.90   Verifying        : cups-libs-1:2.3.3op2-33.el9.x86_64                   10/84 
Test OLM installation	UNKNOWN STEP	2025-06-05T09:03:52.2513564Z #14 14.90   Verifying        : dbus-libs-1:1.12.20-8.el9.x86_64                     11/84 
Test OLM installation	UNKNOWN STEP	2025-06-05T09:03:52.2514334Z #14 14.90   Verifying        : expat-2.5.0-5.el9_6.x86_64                           12/84 
Test OLM installation	UNKNOWN STEP	2025-06-05T09:03:52.2515314Z #14 14.90   Verifying        : filesystem-3.16-5.el9.x86_64                         13/84 
Test OLM installation	UNKNOWN STEP	2025-06-05T09:03:52.2516115Z #14 14.90   Verifying        : findutils-1:4.8.0-7.el9.x86_64                       14/84 
Test OLM installation	UNKNOWN STEP	2025-06-05T09:03:52.2516872Z #14 14.90   Verifying        : gawk-5.1.0-6.el9.x86_64                              15/84 
Test OLM installation	UNKNOWN STEP	2025-06-05T09:03:52.2517622Z #14 14.90   Verifying        : gdbm-libs-1:1.23-1.el9.x86_64                        16/84 
Test OLM installation	UNKNOWN STEP	2025-06-05T09:03:52.2518366Z #14 14.90   Verifying        : glibc-2.34-168.el9_6.14.x86_64                       17/84 
Test OLM installation	UNKNOWN STEP	2025-06-05T09:03:52.2519545Z #14 14.90   Verifying        : glibc-common-2.34-168.el9_6.14.x86_64                18/84 
Test OLM installation	UNKNOWN STEP	2025-06-05T09:03:52.2520355Z #14 14.90   Verifying        : glibc-langpack-en-2.34-168.el9_6.14.x86_64           19/84 
Test OLM installation	UNKNOWN STEP	2025-06-05T09:03:52.2521101Z #14 14.91   Verifying        : gmp-1:6.2.0-13.el9.x86_64                            20/84 
Test OLM installation	UNKNOWN STEP	2025-06-05T09:03:52.2521851Z #14 14.91   Verifying        : gnutls-3.8.3-6.el9.x86_64                            21/84 
Test OLM installation	UNKNOWN STEP	2025-06-05T09:03:52.2522600Z #14 14.91   Verifying        : grep-3.6-5.el9.x86_64                                22/84 
Test OLM installation	UNKNOWN STEP	2025-06-05T09:03:52.2523371Z #14 14.91   Verifying        : keyutils-libs-1.6.3-1.el9.x86_64                     23/84 
Test OLM installation	UNKNOWN STEP	2025-06-05T09:03:52.2524144Z #14 14.91   Verifying        : krb5-libs-1.21.1-6.el9.x86_64                        24/84 
Test OLM installation	UNKNOWN STEP	2025-06-05T09:03:52.2525309Z #14 14.91   Verifying        : libacl-2.3.1-4.el9.x86_64                            25/84 
Test OLM installation	UNKNOWN STEP	2025-06-05T09:03:52.2526140Z #14 14.91   Verifying        : libattr-2.5.1-3.el9.x86_64                           26/84 
Test OLM installation	UNKNOWN STEP	2025-06-05T09:03:52.2526912Z #14 14.91   Verifying        : libcap-2.48-9.el9_2.x86_64                           27/84 
Test OLM installation	UNKNOWN STEP	2025-06-05T09:03:52.2527669Z #14 14.91   Verifying        : libcom_err-1.46.5-7.el9.x86_64                       28/84 
Test OLM installation	UNKNOWN STEP	2025-06-05T09:03:52.2528435Z #14 14.91   Verifying        : libevent-2.1.12-8.el9_4.x86_64                       29/84 
Test OLM installation	UNKNOWN STEP	2025-06-05T09:03:52.2529189Z #14 14.91   Verifying        : libffi-3.4.2-8.el9.x86_64                            30/84 
Test OLM installation	UNKNOWN STEP	2025-06-05T09:03:52.2529942Z #14 14.91   Verifying        : libgcc-11.5.0-5.el9_5.x86_64                         31/84 
Test OLM installation	UNKNOWN STEP	2025-06-05T09:03:52.2530706Z #14 14.91   Verifying        : libgcrypt-1.10.0-11.el9.x86_64                       32/84 
Test OLM installation	UNKNOWN STEP	2025-06-05T09:03:52.2531509Z #14 14.91   Verifying        : libgpg-error-1.42-5.el9.x86_64                       33/84 
Test OLM installation	UNKNOWN STEP	2025-06-05T09:03:52.2532305Z #14 14.91   Verifying        : libidn2-2.3.0-7.el9.x86_64                           34/84 
Test OLM installation	UNKNOWN STEP	2025-06-05T09:03:52.2533106Z #14 14.91   Verifying        : libselinux-3.6-3.el9.x86_64                          35/84 
Test OLM installation	UNKNOWN STEP	2025-06-05T09:03:52.2533896Z #14 14.91   Verifying        : libsepol-3.6-2.el9.x86_64                            36/84 
Test OLM installation	UNKNOWN STEP	2025-06-05T09:03:52.2534681Z #14 14.91   Verifying        : libsigsegv-2.13-4.el9.x86_64                         37/84 
Test OLM installation	UNKNOWN STEP	2025-06-05T09:03:52.2535609Z #14 14.91   Verifying        : libtasn1-4.16.0-9.el9.x86_64                         38/84 
Test OLM installation	UNKNOWN STEP	2025-06-05T09:03:52.2536406Z #14 14.91   Verifying        : libunistring-0.9.10-15.el9.x86_64                    39/84 
Test OLM installation	UNKNOWN STEP	2025-06-05T09:03:52.2537192Z #14 14.91   Verifying        : libuuid-2.37.4-21.el9.x86_64                         40/84 
Test OLM installation	UNKNOWN STEP	2025-06-05T09:03:52.2537941Z #14 14.91   Verifying        : libverto-0.3.2-3.el9.x86_64                          41/84 
Test OLM installation	UNKNOWN STEP	2025-06-05T09:03:52.2538739Z #14 14.91   Verifying        : libxcrypt-4.4.18-3.el9.x86_64                        42/84 
Test OLM installation	UNKNOWN STEP	2025-06-05T09:03:52.2539523Z #14 14.91   Verifying        : libzstd-1.5.5-1.el9.x86_64                           43/84 
Test OLM installation	UNKNOWN STEP	2025-06-05T09:03:52.2540268Z #14 14.91   Verifying        : lksctp-tools-1.0.19-3.el9_4.x86_64                   44/84 
Test OLM installation	UNKNOWN STEP	2025-06-05T09:03:52.2541065Z #14 14.91   Verifying        : lua-libs-5.4.4-4.el9.x86_64                          45/84 
Test OLM installation	UNKNOWN STEP	2025-06-05T09:03:52.2541866Z #14 14.91   Verifying        : lz4-libs-1.9.3-5.el9.x86_64                          46/84 
Test OLM installation	UNKNOWN STEP	2025-06-05T09:03:52.2542639Z #14 14.91   Verifying        : mpfr-4.1.0-7.el9.x86_64                              47/84 
Test OLM installation	UNKNOWN STEP	2025-06-05T09:03:52.2543450Z #14 14.91   Verifying        : ncurses-base-6.2-10.20210508.el9.noarch              48/84 
Test OLM installation	UNKNOWN STEP	2025-06-05T09:03:52.2544271Z #14 14.91   Verifying        : ncurses-libs-6.2-10.20210508.el9.x86_64              49/84 
Test OLM installation	UNKNOWN STEP	2025-06-05T09:03:52.2545266Z #14 14.91   Verifying        : nettle-3.10.1-1.el9.x86_64                           50/84 
Test OLM installation	UNKNOWN STEP	2025-06-05T09:03:52.2546106Z #14 14.91   Verifying        : openssl-fips-provider-3.0.7-6.el9_5.x86_64           51/84 
Test OLM installation	UNKNOWN STEP	2025-06-05T09:03:52.2547212Z #14 14.91   Verifying        : openssl-fips-provider-so-3.0.7-6.el9_5.x86_64        52/84 
Test OLM installation	UNKNOWN STEP	2025-06-05T09:03:52.2548052Z #14 14.91   Verifying        : openssl-libs-1:3.2.2-6.el9_5.1.x86_64                53/84 
Test OLM installation	UNKNOWN STEP	2025-06-05T09:03:52.2548841Z #14 14.91   Verifying        : p11-kit-0.25.3-3.el9_5.x86_64                        54/84 
Test OLM installation	UNKNOWN STEP	2025-06-05T09:03:52.2549787Z #14 14.91   Verifying        : p11-kit-trust-0.25.3-3.el9_5.x86_64                  55/84 
Test OLM installation	UNKNOWN STEP	2025-06-05T09:03:52.2550561Z #14 14.91   Verifying        : pcre-8.44-4.el9.x86_64                               56/84 
Test OLM installation	UNKNOWN STEP	2025-06-05T09:03:52.2551325Z #14 14.91   Verifying        : pcre2-10.40-6.el9.x86_64                             57/84 
Test OLM installation	UNKNOWN STEP	2025-06-05T09:03:52.2552110Z #14 14.91   Verifying        : pcre2-syntax-10.40-6.el9.noarch                      58/84 
Test OLM installation	UNKNOWN STEP	2025-06-05T09:03:52.2553119Z #14 14.91   Verifying        : python3-3.9.21-2.el9.x86_64                          59/84 
Test OLM installation	UNKNOWN STEP	2025-06-05T09:03:52.2553951Z #14 14.91   Verifying        : python3-libs-3.9.21-2.el9.x86_64                     60/84 
Test OLM installation	UNKNOWN STEP	2025-06-05T09:03:52.2554779Z #14 14.91   Verifying        : python3-pip-wheel-21.3.1-1.el9.noarch                61/84 
Test OLM installation	UNKNOWN STEP	2025-06-05T09:03:52.2555948Z #14 14.91   Verifying        : python3-setuptools-wheel-53.0.0-13.el9.noarch        62/84 
Test OLM installation	UNKNOWN STEP	2025-06-05T09:03:52.2556797Z #14 14.91   Verifying        : readline-8.1-4.el9.x86_64                            63/84 
Test OLM installation	UNKNOWN STEP	2025-06-05T09:03:52.2557602Z #14 14.91   Verifying        : redhat-release-9.6-0.1.el9.x86_64                    64/84 
Test OLM installation	UNKNOWN STEP	2025-06-05T09:03:52.2558393Z #14 14.91   Verifying        : sed-4.8-9.el9.x86_64                                 65/84 
Test OLM installation	UNKNOWN STEP	2025-06-05T09:03:52.2559157Z #14 14.91   Verifying        : setup-2.13.7-10.el9.noarch                           66/84 
Test OLM installation	UNKNOWN STEP	2025-06-05T09:03:52.2559963Z #14 14.91   Verifying        : sqlite-libs-3.34.1-7.el9_3.x86_64                    67/84 
Test OLM installation	UNKNOWN STEP	2025-06-05T09:03:52.2560835Z #14 14.91   Verifying        : systemd-libs-252-51.el9.x86_64                       68/84 
Test OLM installation	UNKNOWN STEP	2025-06-05T09:03:52.2561642Z #14 14.91   Verifying        : tzdata-2025b-1.el9.noarch                            69/84 
Test OLM installation	UNKNOWN STEP	2025-06-05T09:03:52.2562427Z #14 14.91   Verifying        : xz-libs-5.2.5-8.el9_0.x86_64                         70/84 
Test OLM installation	UNKNOWN STEP	2025-06-05T09:03:52.2563179Z #14 14.91   Verifying        : zlib-1.2.11-40.el9.x86_64                            71/84 
Test OLM installation	UNKNOWN STEP	2025-06-05T09:03:52.2563972Z #14 14.91   Verifying        : copy-jdk-configs-4.0-3.el9.noarch                    72/84 
Test OLM installation	UNKNOWN STEP	2025-06-05T09:03:52.2564756Z #14 14.91   Verifying        : lua-5.4.4-4.el9.x86_64                               73/84 
Test OLM installation	UNKNOWN STEP	2025-06-05T09:03:52.2565694Z #14 14.91   Verifying        : lua-posix-35.0-8.el9.x86_64                          74/84 
Test OLM installation	UNKNOWN STEP	2025-06-05T09:03:52.2566484Z #14 14.91   Verifying        : alsa-lib-1.2.13-2.el9.x86_64                         75/84 
Test OLM installation	UNKNOWN STEP	2025-06-05T09:03:52.2567287Z #14 14.91   Verifying        : java-21-openjdk-headless-1:21.0.7.0.6-1.el9.x86_64   76/84 
Test OLM installation	UNKNOWN STEP	2025-06-05T09:03:52.2568134Z #14 14.91   Verifying        : javapackages-filesystem-6.4.0-1.el9.noarch           77/84 
Test OLM installation	UNKNOWN STEP	2025-06-05T09:03:52.2568959Z #14 14.91   Verifying        : nspr-4.35.0-17.el9_2.x86_64                          78/84 
Test OLM installation	UNKNOWN STEP	2025-06-05T09:03:52.2569712Z #14 14.91   Verifying        : nss-3.101.0-10.el9_2.x86_64                          79/84 
Test OLM installation	UNKNOWN STEP	2025-06-05T09:03:52.2570491Z #14 14.91   Verifying        : nss-softokn-3.101.0-10.el9_2.x86_64                  80/84 
Test OLM installation	UNKNOWN STEP	2025-06-05T09:03:52.2571322Z #14 14.91   Verifying        : nss-softokn-freebl-3.101.0-10.el9_2.x86_64           81/84 
Test OLM installation	UNKNOWN STEP	2025-06-05T09:03:52.2572137Z #14 14.91   Verifying        : nss-sysinit-3.101.0-10.el9_2.x86_64                  82/84 
Test OLM installation	UNKNOWN STEP	2025-06-05T09:03:52.2572922Z #14 14.91   Verifying        : nss-util-3.101.0-10.el9_2.x86_64                     83/84 
Test OLM installation	UNKNOWN STEP	2025-06-05T09:03:52.2573727Z #14 14.91   Verifying        : tzdata-java-2025b-1.el9.noarch                       84/84 
Test OLM installation	UNKNOWN STEP	2025-06-05T09:03:52.2574390Z #14 15.04 Installed products updated.
Test OLM installation	UNKNOWN STEP	2025-06-05T09:03:52.3805320Z #14 15.05 
Test OLM installation	UNKNOWN STEP	2025-06-05T09:03:52.3805769Z #14 15.05 Installed:
Test OLM installation	UNKNOWN STEP	2025-06-05T09:03:52.3806315Z #14 15.05   alsa-lib-1.2.13-2.el9.x86_64                                                  
Test OLM installation	UNKNOWN STEP	2025-06-05T09:03:52.3807105Z #14 15.05   alternatives-1.24-2.el9.x86_64                                                
Test OLM installation	UNKNOWN STEP	2025-06-05T09:03:52.3807894Z #14 15.05   avahi-libs-0.8-22.el9_6.x86_64                                                
Test OLM installation	UNKNOWN STEP	2025-06-05T09:03:52.3808629Z #14 15.05   basesystem-11-13.el9.noarch                                                   
Test OLM installation	UNKNOWN STEP	2025-06-05T09:03:52.3809520Z #14 15.05   bash-5.1.8-9.el9.x86_64                                                       
Test OLM installation	UNKNOWN STEP	2025-06-05T09:03:52.3810249Z #14 15.05   bzip2-libs-1.0.8-10.el9_5.x86_64                                              
Test OLM installation	UNKNOWN STEP	2025-06-05T09:03:52.3811011Z #14 15.05   ca-certificates-2024.2.69_v8.0.303-91.4.el9_4.noarch                          
Test OLM installation	UNKNOWN STEP	2025-06-05T09:03:52.3812188Z #14 15.05   copy-jdk-configs-4.0-3.el9.noarch                                             
Test OLM installation	UNKNOWN STEP	2025-06-05T09:03:52.3812991Z #14 15.05   coreutils-single-8.32-39.el9.x86_64                                           
Test OLM installation	UNKNOWN STEP	2025-06-05T09:03:52.3813843Z #14 15.05   crypto-policies-20250128-1.git5269e22.el9.noarch                              
Test OLM installation	UNKNOWN STEP	2025-06-05T09:03:52.3814750Z #14 15.05   crypto-policies-scripts-20250128-1.git5269e22.el9.noarch                      
Test OLM installation	UNKNOWN STEP	2025-06-05T09:03:52.3815761Z #14 15.05   cups-libs-1:2.3.3op2-33.el9.x86_64                                            
Test OLM installation	UNKNOWN STEP	2025-06-05T09:03:52.3816556Z #14 15.05   dbus-libs-1:1.12.20-8.el9.x86_64                                              
Test OLM installation	UNKNOWN STEP	2025-06-05T09:03:52.3817238Z #14 15.05   expat-2.5.0-5.el9_6.x86_64                                                    
Test OLM installation	UNKNOWN STEP	2025-06-05T09:03:52.3817964Z #14 15.05   filesystem-3.16-5.el9.x86_64                                                  
Test OLM installation	UNKNOWN STEP	2025-06-05T09:03:52.3818699Z #14 15.05   findutils-1:4.8.0-7.el9.x86_64                                                
Test OLM installation	UNKNOWN STEP	2025-06-05T09:03:52.3819539Z #14 15.05   gawk-5.1.0-6.el9.x86_64                                                       
Test OLM installation	UNKNOWN STEP	2025-06-05T09:03:52.3820227Z #14 15.05   gdbm-libs-1:1.23-1.el9.x86_64                                                 
Test OLM installation	UNKNOWN STEP	2025-06-05T09:03:52.3820924Z #14 15.05   glibc-2.34-168.el9_6.14.x86_64                                                
Test OLM installation	UNKNOWN STEP	2025-06-05T09:03:52.3821654Z #14 15.05   glibc-common-2.34-168.el9_6.14.x86_64                                         
Test OLM installation	UNKNOWN STEP	2025-06-05T09:03:52.3822444Z #14 15.05   glibc-langpack-en-2.34-168.el9_6.14.x86_64                                    
Test OLM installation	UNKNOWN STEP	2025-06-05T09:03:52.3823192Z #14 15.05   gmp-1:6.2.0-13.el9.x86_64                                                     
Test OLM installation	UNKNOWN STEP	2025-06-05T09:03:52.3823869Z #14 15.05   gnutls-3.8.3-6.el9.x86_64                                                     
Test OLM installation	UNKNOWN STEP	2025-06-05T09:03:52.3824534Z #14 15.05   grep-3.6-5.el9.x86_64                                                         
Test OLM installation	UNKNOWN STEP	2025-06-05T09:03:52.3825456Z #14 15.05   java-21-openjdk-headless-1:21.0.7.0.6-1.el9.x86_64                            
Test OLM installation	UNKNOWN STEP	2025-06-05T09:03:52.3826360Z #14 15.05   javapackages-filesystem-6.4.0-1.el9.noarch                                    
Test OLM installation	UNKNOWN STEP	2025-06-05T09:03:52.3827167Z #14 15.05   keyutils-libs-1.6.3-1.el9.x86_64                                              
Test OLM installation	UNKNOWN STEP	2025-06-05T09:03:52.3827900Z #14 15.05   krb5-libs-1.21.1-6.el9.x86_64                                                 
Test OLM installation	UNKNOWN STEP	2025-06-05T09:03:52.3828587Z #14 15.05   libacl-2.3.1-4.el9.x86_64                                                     
Test OLM installation	UNKNOWN STEP	2025-06-05T09:03:52.3829281Z #14 15.05   libattr-2.5.1-3.el9.x86_64                                                    
Test OLM installation	UNKNOWN STEP	2025-06-05T09:03:52.3829959Z #14 15.05   libcap-2.48-9.el9_2.x86_64                                                    
Test OLM installation	UNKNOWN STEP	2025-06-05T09:03:52.3830675Z #14 15.05   libcom_err-1.46.5-7.el9.x86_64                                                
Test OLM installation	UNKNOWN STEP	2025-06-05T09:03:52.3831402Z #14 15.05   libevent-2.1.12-8.el9_4.x86_64                                                
Test OLM installation	UNKNOWN STEP	2025-06-05T09:03:52.3832101Z #14 15.05   libffi-3.4.2-8.el9.x86_64                                                     
Test OLM installation	UNKNOWN STEP	2025-06-05T09:03:52.3833090Z #14 15.05   libgcc-11.5.0-5.el9_5.x86_64                                                  
Test OLM installation	UNKNOWN STEP	2025-06-05T09:03:52.3833830Z #14 15.05   libgcrypt-1.10.0-11.el9.x86_64                                                
Test OLM installation	UNKNOWN STEP	2025-06-05T09:03:52.3834593Z #14 15.05   libgpg-error-1.42-5.el9.x86_64                                                
Test OLM installation	UNKNOWN STEP	2025-06-05T09:03:52.3835518Z #14 15.05   libidn2-2.3.0-7.el9.x86_64                                                    
Test OLM installation	UNKNOWN STEP	2025-06-05T09:03:52.3836235Z #14 15.05   libselinux-3.6-3.el9.x86_64                                                   
Test OLM installation	UNKNOWN STEP	2025-06-05T09:03:52.3836956Z #14 15.05   libsepol-3.6-2.el9.x86_64                                                     
Test OLM installation	UNKNOWN STEP	2025-06-05T09:03:52.3837693Z #14 15.05   libsigsegv-2.13-4.el9.x86_64                                                  
Test OLM installation	UNKNOWN STEP	2025-06-05T09:03:52.3838647Z #14 15.05   libtasn1-4.16.0-9.el9.x86_64                                                  
Test OLM installation	UNKNOWN STEP	2025-06-05T09:03:52.3839500Z #14 15.05   libunistring-0.9.10-15.el9.x86_64                                             
Test OLM installation	UNKNOWN STEP	2025-06-05T09:03:52.3840299Z #14 15.05   libuuid-2.37.4-21.el9.x86_64                                                  
Test OLM installation	UNKNOWN STEP	2025-06-05T09:03:52.3841032Z #14 15.05   libverto-0.3.2-3.el9.x86_64                                                   
Test OLM installation	UNKNOWN STEP	2025-06-05T09:03:52.3841758Z #14 15.05   libxcrypt-4.4.18-3.el9.x86_64                                                 
Test OLM installation	UNKNOWN STEP	2025-06-05T09:03:52.3842456Z #14 15.05   libzstd-1.5.5-1.el9.x86_64                                                    
Test OLM installation	UNKNOWN STEP	2025-06-05T09:03:52.3843198Z #14 15.05   lksctp-tools-1.0.19-3.el9_4.x86_64                                            
Test OLM installation	UNKNOWN STEP	2025-06-05T09:03:52.3843913Z #14 15.05   lua-5.4.4-4.el9.x86_64                                                        
Test OLM installation	UNKNOWN STEP	2025-06-05T09:03:52.3844615Z #14 15.05   lua-libs-5.4.4-4.el9.x86_64                                                   
Test OLM installation	UNKNOWN STEP	2025-06-05T09:03:52.3845538Z #14 15.05   lua-posix-35.0-8.el9.x86_64                                                   
Test OLM installation	UNKNOWN STEP	2025-06-05T09:03:52.3846288Z #14 15.05   lz4-libs-1.9.3-5.el9.x86_64                                                   
Test OLM installation	UNKNOWN STEP	2025-06-05T09:03:52.3846972Z #14 15.05   mpfr-4.1.0-7.el9.x86_64                                                       
Test OLM installation	UNKNOWN STEP	2025-06-05T09:03:52.3847731Z #14 15.05   ncurses-base-6.2-10.20210508.el9.noarch                                       
Test OLM installation	UNKNOWN STEP	2025-06-05T09:03:52.3848593Z #14 15.05   ncurses-libs-6.2-10.20210508.el9.x86_64                                       
Test OLM installation	UNKNOWN STEP	2025-06-05T09:03:52.3849377Z #14 15.05   nettle-3.10.1-1.el9.x86_64                                                    
Test OLM installation	UNKNOWN STEP	2025-06-05T09:03:52.3850082Z #14 15.05   nspr-4.35.0-17.el9_2.x86_64                                                   
Test OLM installation	UNKNOWN STEP	2025-06-05T09:03:52.3850759Z #14 15.05   nss-3.101.0-10.el9_2.x86_64                                                   
Test OLM installation	UNKNOWN STEP	2025-06-05T09:03:52.3851453Z #14 15.05   nss-softokn-3.101.0-10.el9_2.x86_64                                           
Test OLM installation	UNKNOWN STEP	2025-06-05T09:03:52.3852229Z #14 15.05   nss-softokn-freebl-3.101.0-10.el9_2.x86_64                                    
Test OLM installation	UNKNOWN STEP	2025-06-05T09:03:52.3853003Z #14 15.05   nss-sysinit-3.101.0-10.el9_2.x86_64                                           
Test OLM installation	UNKNOWN STEP	2025-06-05T09:03:52.3853777Z #14 15.05   nss-util-3.101.0-10.el9_2.x86_64                                              
Test OLM installation	UNKNOWN STEP	2025-06-05T09:03:52.3854588Z #14 15.05   openssl-fips-provider-3.0.7-6.el9_5.x86_64                                    
Test OLM installation	UNKNOWN STEP	2025-06-05T09:03:52.3855709Z #14 15.05   openssl-fips-provider-so-3.0.7-6.el9_5.x86_64                                 
Test OLM installation	UNKNOWN STEP	2025-06-05T09:03:52.3856565Z #14 15.05   openssl-libs-1:3.2.2-6.el9_5.1.x86_64                                         
Test OLM installation	UNKNOWN STEP	2025-06-05T09:03:52.3857304Z #14 15.05   p11-kit-0.25.3-3.el9_5.x86_64                                                 
Test OLM installation	UNKNOWN STEP	2025-06-05T09:03:52.3858025Z #14 15.05   p11-kit-trust-0.25.3-3.el9_5.x86_64                                           
Test OLM installation	UNKNOWN STEP	2025-06-05T09:03:52.3858749Z #14 15.05   pcre-8.44-4.el9.x86_64                                                        
Test OLM installation	UNKNOWN STEP	2025-06-05T09:03:52.3859669Z #14 15.05   pcre2-10.40-6.el9.x86_64                                                      
Test OLM installation	UNKNOWN STEP	2025-06-05T09:03:52.3860410Z #14 15.05   pcre2-syntax-10.40-6.el9.noarch                                               
Test OLM installation	UNKNOWN STEP	2025-06-05T09:03:52.3861188Z #14 15.05   python3-3.9.21-2.el9.x86_64                                                   
Test OLM installation	UNKNOWN STEP	2025-06-05T09:03:52.3861923Z #14 15.05   python3-libs-3.9.21-2.el9.x86_64                                              
Test OLM installation	UNKNOWN STEP	2025-06-05T09:03:52.3862708Z #14 15.05   python3-pip-wheel-21.3.1-1.el9.noarch                                         
Test OLM installation	UNKNOWN STEP	2025-06-05T09:03:52.3863611Z #14 15.05   python3-setuptools-wheel-53.0.0-13.el9.noarch                                 
Test OLM installation	UNKNOWN STEP	2025-06-05T09:03:52.3864441Z #14 15.05   readline-8.1-4.el9.x86_64                                                     
Test OLM installation	UNKNOWN STEP	2025-06-05T09:03:52.3865565Z #14 15.05   redhat-release-9.6-0.1.el9.x86_64                                             
Test OLM installation	UNKNOWN STEP	2025-06-05T09:03:52.3866314Z #14 15.05   sed-4.8-9.el9.x86_64                                                          
Test OLM installation	UNKNOWN STEP	2025-06-05T09:03:52.3867024Z #14 15.05   setup-2.13.7-10.el9.noarch                                                    
Test OLM installation	UNKNOWN STEP	2025-06-05T09:03:52.3867788Z #14 15.05   sqlite-libs-3.34.1-7.el9_3.x86_64                                             
Test OLM installation	UNKNOWN STEP	2025-06-05T09:03:52.3868566Z #14 15.05   systemd-libs-252-51.el9.x86_64                                                
Test OLM installation	UNKNOWN STEP	2025-06-05T09:03:52.3869342Z #14 15.05   tzdata-2025b-1.el9.noarch                                                     
Test OLM installation	UNKNOWN STEP	2025-06-05T09:03:52.3870127Z #14 15.05   tzdata-java-2025b-1.el9.noarch                                                
Test OLM installation	UNKNOWN STEP	2025-06-05T09:03:52.3870860Z #14 15.05   xz-libs-5.2.5-8.el9_0.x86_64                                                  
Test OLM installation	UNKNOWN STEP	2025-06-05T09:03:52.3871586Z #14 15.05   zlib-1.2.11-40.el9.x86_64                                                     
Test OLM installation	UNKNOWN STEP	2025-06-05T09:03:52.3872141Z #14 15.05 
Test OLM installation	UNKNOWN STEP	2025-06-05T09:03:52.3872436Z #14 15.05 Complete!
Test OLM installation	UNKNOWN STEP	2025-06-05T09:03:52.3872862Z #14 15.17 + dnf --installroot /tmp/null/rootfs clean all
Test OLM installation	UNKNOWN STEP	2025-06-05T09:03:52.6228469Z #14 15.41 Updating Subscription Management repositories.
Test OLM installation	UNKNOWN STEP	2025-06-05T09:03:52.8282635Z #14 15.41 Unable to read consumer identity
Test OLM installation	UNKNOWN STEP	2025-06-05T09:03:52.8283000Z #14 15.41 
Test OLM installation	UNKNOWN STEP	2025-06-05T09:03:52.8283411Z #14 15.41 This system is not registered with an entitlement server. You can use subscription-manager to register.
Test OLM installation	UNKNOWN STEP	2025-06-05T09:03:52.8283857Z #14 15.41 
Test OLM installation	UNKNOWN STEP	2025-06-05T09:03:52.8284035Z #14 15.42 26 files removed
Test OLM installation	UNKNOWN STEP	2025-06-05T09:03:52.8285549Z #14 15.46 + rm -rf /tmp/null/rootfs/var/cache/bpf /tmp/null/rootfs/var/cache/dnf /tmp/null/rootfs/var/cache/ldconfig /tmp/null/rootfs/var/log/dnf.librepo.log /tmp/null/rootfs/var/log/dnf.log /tmp/null/rootfs/var/log/dnf.rpm.log '/tmp/null/rootfs/var/log/yum.*'
Test OLM installation	UNKNOWN STEP	2025-06-05T09:03:52.8286668Z #14 15.47 ==> Building dependency tree
Test OLM installation	UNKNOWN STEP	2025-06-05T09:03:53.1269168Z #14 15.91 ==> 42 packages to erase:
Test OLM installation	UNKNOWN STEP	2025-06-05T09:03:53.1270043Z #14 15.91 ==> 43 packages to keep:
Test OLM installation	UNKNOWN STEP	2025-06-05T09:03:53.1270796Z #14 15.91 
Test OLM installation	UNKNOWN STEP	2025-06-05T09:03:53.1272561Z #14 15.91 ==> Erasing packages
Test OLM installation	UNKNOWN STEP	2025-06-05T09:03:53.1273105Z #14 15.91 + xargs rpm -r /tmp/null/rootfs --erase --nodeps --allmatches
Test OLM installation	UNKNOWN STEP	2025-06-05T09:03:53.2809020Z #14 15.92 alsa-lib
Test OLM installation	UNKNOWN STEP	2025-06-05T09:03:53.2809405Z #14 15.92 avahi-libs
Test OLM installation	UNKNOWN STEP	2025-06-05T09:03:53.2809872Z #14 15.92 bzip2-libs
Test OLM installation	UNKNOWN STEP	2025-06-05T09:03:53.2812572Z #14 15.92 copy-jdk-configs
Test OLM installation	UNKNOWN STEP	2025-06-05T09:03:53.2812930Z #14 15.92 cups-libs
Test OLM installation	UNKNOWN STEP	2025-06-05T09:03:53.2813220Z #14 15.92 dbus-libs
Test OLM installation	UNKNOWN STEP	2025-06-05T09:03:53.2813505Z #14 15.92 expat
Test OLM installation	UNKNOWN STEP	2025-06-05T09:03:53.2813778Z #14 15.92 gawk
Test OLM installation	UNKNOWN STEP	2025-06-05T09:03:53.2814057Z #14 15.92 gdbm-libs
Test OLM installation	UNKNOWN STEP	2025-06-05T09:03:53.2814339Z #14 15.92 gmp
Test OLM installation	UNKNOWN STEP	2025-06-05T09:03:53.2814597Z #14 15.92 gnutls
Test OLM installation	UNKNOWN STEP	2025-06-05T09:03:53.2814879Z #14 15.92 gpg-pubkey
Test OLM installation	UNKNOWN STEP	2025-06-05T09:03:53.2815382Z #14 15.92 keyutils-libs
Test OLM installation	UNKNOWN STEP	2025-06-05T09:03:53.2815684Z #14 15.92 krb5-libs
Test OLM installation	UNKNOWN STEP	2025-06-05T09:03:53.2815970Z #14 15.92 libcom_err
Test OLM installation	UNKNOWN STEP	2025-06-05T09:03:53.2816302Z #14 15.92 libevent
Test OLM installation	UNKNOWN STEP	2025-06-05T09:03:53.2816587Z #14 15.92 libffi
Test OLM installation	UNKNOWN STEP	2025-06-05T09:03:53.2817193Z #14 15.92 libgcrypt
Test OLM installation	UNKNOWN STEP	2025-06-05T09:03:53.2817488Z #14 15.92 libgpg-error
Test OLM installation	UNKNOWN STEP	2025-06-05T09:03:53.2817800Z #14 15.92 libidn2
Test OLM installation	UNKNOWN STEP	2025-06-05T09:03:53.2818080Z #14 15.92 libunistring
Test OLM installation	UNKNOWN STEP	2025-06-05T09:03:53.2818376Z #14 15.92 libuuid
Test OLM installation	UNKNOWN STEP	2025-06-05T09:03:53.2818653Z #14 15.92 libverto
Test OLM installation	UNKNOWN STEP	2025-06-05T09:03:53.2818930Z #14 15.92 libxcrypt
Test OLM installation	UNKNOWN STEP	2025-06-05T09:03:53.2819213Z #14 15.92 libzstd
Test OLM installation	UNKNOWN STEP	2025-06-05T09:03:53.2819490Z #14 15.92 lua
Test OLM installation	UNKNOWN STEP	2025-06-05T09:03:53.2819753Z #14 15.92 lua-libs
Test OLM installation	UNKNOWN STEP	2025-06-05T09:03:53.2820033Z #14 15.92 lua-posix
Test OLM installation	UNKNOWN STEP	2025-06-05T09:03:53.2820316Z #14 15.92 lz4-libs
Test OLM installation	UNKNOWN STEP	2025-06-05T09:03:53.2820581Z #14 15.92 mpfr
Test OLM installation	UNKNOWN STEP	2025-06-05T09:03:53.2820854Z #14 15.92 nettle
Test OLM installation	UNKNOWN STEP	2025-06-05T09:03:53.2821165Z #14 15.92 openssl-fips-provider
Test OLM installation	UNKNOWN STEP	2025-06-05T09:03:53.2821556Z #14 15.92 openssl-fips-provider-so
Test OLM installation	UNKNOWN STEP	2025-06-05T09:03:53.2821940Z #14 15.92 openssl-libs
Test OLM installation	UNKNOWN STEP	2025-06-05T09:03:53.2822245Z #14 15.92 p11-kit
Test OLM installation	UNKNOWN STEP	2025-06-05T09:03:53.2822524Z #14 15.92 python3
Test OLM installation	UNKNOWN STEP	2025-06-05T09:03:53.2823027Z #14 15.92 python3-libs
Test OLM installation	UNKNOWN STEP	2025-06-05T09:03:53.2823380Z #14 15.92 python3-pip-wheel
Test OLM installation	UNKNOWN STEP	2025-06-05T09:03:53.2823739Z #14 15.92 python3-setuptools-wheel
Test OLM installation	UNKNOWN STEP	2025-06-05T09:03:53.2824112Z #14 15.92 readline
Test OLM installation	UNKNOWN STEP	2025-06-05T09:03:53.2824396Z #14 15.92 systemd-libs
Test OLM installation	UNKNOWN STEP	2025-06-05T09:03:53.2824688Z #14 15.92 xz-libs
Test OLM installation	UNKNOWN STEP	2025-06-05T09:03:53.2825114Z #14 15.92 alternatives
Test OLM installation	UNKNOWN STEP	2025-06-05T09:03:53.2825418Z #14 15.92 basesystem
Test OLM installation	UNKNOWN STEP	2025-06-05T09:03:53.2825703Z #14 15.92 bash
Test OLM installation	UNKNOWN STEP	2025-06-05T09:03:53.2825983Z #14 15.92 ca-certificates
Test OLM installation	UNKNOWN STEP	2025-06-05T09:03:53.2826320Z #14 15.92 coreutils-single
Test OLM installation	UNKNOWN STEP	2025-06-05T09:03:53.2826658Z #14 15.92 crypto-policies
Test OLM installation	UNKNOWN STEP	2025-06-05T09:03:53.2827003Z #14 15.92 crypto-policies-scripts
Test OLM installation	UNKNOWN STEP	2025-06-05T09:03:53.2827372Z #14 15.92 filesystem
Test OLM installation	UNKNOWN STEP	2025-06-05T09:03:53.2827666Z #14 15.92 findutils
Test OLM installation	UNKNOWN STEP	2025-06-05T09:03:53.2827947Z #14 15.92 glibc
Test OLM installation	UNKNOWN STEP	2025-06-05T09:03:53.2828233Z #14 15.92 glibc-common
Test OLM installation	UNKNOWN STEP	2025-06-05T09:03:53.2828561Z #14 15.92 glibc-langpack-en
Test OLM installation	UNKNOWN STEP	2025-06-05T09:03:53.2828893Z #14 15.92 grep
Test OLM installation	UNKNOWN STEP	2025-06-05T09:03:53.2829216Z #14 15.92 java-21-openjdk-headless
Test OLM installation	UNKNOWN STEP	2025-06-05T09:03:53.2829622Z #14 15.92 javapackages-filesystem
Test OLM installation	UNKNOWN STEP	2025-06-05T09:03:53.2829990Z #14 15.92 libacl
Test OLM installation	UNKNOWN STEP	2025-06-05T09:03:53.2830273Z #14 15.92 libattr
Test OLM installation	UNKNOWN STEP	2025-06-05T09:03:53.2830554Z #14 15.92 libcap
Test OLM installation	UNKNOWN STEP	2025-06-05T09:03:53.2830832Z #14 15.92 libgcc
Test OLM installation	UNKNOWN STEP	2025-06-05T09:03:53.2831111Z #14 15.92 libselinux
Test OLM installation	UNKNOWN STEP	2025-06-05T09:03:53.2831410Z #14 15.92 libsepol
Test OLM installation	UNKNOWN STEP	2025-06-05T09:03:53.2831697Z #14 15.92 libsigsegv
Test OLM installation	UNKNOWN STEP	2025-06-05T09:03:53.2831984Z #14 15.92 libtasn1
Test OLM installation	UNKNOWN STEP	2025-06-05T09:03:53.2832275Z #14 15.92 lksctp-tools
Test OLM installation	UNKNOWN STEP	2025-06-05T09:03:53.2832586Z #14 15.92 ncurses-base
Test OLM installation	UNKNOWN STEP	2025-06-05T09:03:53.2832890Z #14 15.92 ncurses-libs
Test OLM installation	UNKNOWN STEP	2025-06-05T09:03:53.2833191Z #14 15.92 nspr
Test OLM installation	UNKNOWN STEP	2025-06-05T09:03:53.2833463Z #14 15.92 nss
Test OLM installation	UNKNOWN STEP	2025-06-05T09:03:53.2833733Z #14 15.92 nss-softokn
Test OLM installation	UNKNOWN STEP	2025-06-05T09:03:53.2834058Z #14 15.92 nss-softokn-freebl
Test OLM installation	UNKNOWN STEP	2025-06-05T09:03:53.2834398Z #14 15.92 nss-sysinit
Test OLM installation	UNKNOWN STEP	2025-06-05T09:03:53.2834693Z #14 15.92 nss-util
Test OLM installation	UNKNOWN STEP	2025-06-05T09:03:53.2835567Z #14 15.92 p11-kit-trust
Test OLM installation	UNKNOWN STEP	2025-06-05T09:03:53.2835886Z #14 15.92 pcre
Test OLM installation	UNKNOWN STEP	2025-06-05T09:03:53.2836167Z #14 15.92 pcre2
Test OLM installation	UNKNOWN STEP	2025-06-05T09:03:53.2836456Z #14 15.92 pcre2-syntax
Test OLM installation	UNKNOWN STEP	2025-06-05T09:03:53.2836782Z #14 15.92 redhat-release
Test OLM installation	UNKNOWN STEP	2025-06-05T09:03:53.2837095Z #14 15.92 sed
Test OLM installation	UNKNOWN STEP	2025-06-05T09:03:53.2837366Z #14 15.92 setup
Test OLM installation	UNKNOWN STEP	2025-06-05T09:03:53.2837649Z #14 15.92 sqlite-libs
Test OLM installation	UNKNOWN STEP	2025-06-05T09:03:53.2837945Z #14 15.92 tzdata
Test OLM installation	UNKNOWN STEP	2025-06-05T09:03:53.2838226Z #14 15.92 tzdata-java
Test OLM installation	UNKNOWN STEP	2025-06-05T09:03:53.2838523Z #14 15.92 zlib
Test OLM installation	UNKNOWN STEP	2025-06-05T09:03:53.5578519Z #14 16.35 
Test OLM installation	UNKNOWN STEP	2025-06-05T09:03:53.5578899Z #14 16.35 ==> Packages erased ok!
Test OLM installation	UNKNOWN STEP	2025-06-05T09:03:53.7270407Z #14 DONE 16.4s
Test OLM installation	UNKNOWN STEP	2025-06-05T09:03:55.0600144Z 
Test OLM installation	UNKNOWN STEP	2025-06-05T09:03:55.0600871Z #15 [stage-1 2/4] COPY --from=ubi-micro-build /tmp/null/rootfs/ /
Test OLM installation	UNKNOWN STEP	2025-06-05T09:03:56.2346468Z #15 DONE 1.2s
Test OLM installation	UNKNOWN STEP	2025-06-05T09:03:56.3867102Z 
Test OLM installation	UNKNOWN STEP	2025-06-05T09:03:56.3867734Z #16 [stage-1 3/4] COPY --from=ubi-micro-build --chown=1000:0 /opt/keycloak /opt/keycloak
Test OLM installation	UNKNOWN STEP	2025-06-05T09:03:56.6647489Z #16 DONE 0.4s
Test OLM installation	UNKNOWN STEP	2025-06-05T09:03:56.7701479Z 
Test OLM installation	UNKNOWN STEP	2025-06-05T09:03:56.7702571Z #17 [stage-1 4/4] RUN echo "keycloak:x:0:root" >> /etc/group &&     echo "keycloak:x:1000:0:keycloak user:/opt/keycloak:/sbin/nologin" >> /etc/passwd
Test OLM installation	UNKNOWN STEP	2025-06-05T09:03:56.7703785Z #17 DONE 0.1s
Test OLM installation	UNKNOWN STEP	2025-06-05T09:03:56.9215203Z 
Test OLM installation	UNKNOWN STEP	2025-06-05T09:03:56.9215724Z #18 exporting to image
Test OLM installation	UNKNOWN STEP	2025-06-05T09:03:56.9216160Z #18 exporting layers
Test OLM installation	UNKNOWN STEP	2025-06-05T09:03:58.1923081Z #18 exporting layers 1.4s done
Test OLM installation	UNKNOWN STEP	2025-06-05T09:03:58.2118816Z #18 writing image sha256:1064f75bf71597c68a46c9e93b31ae32bdd5a807102c36793669ce95cd32b0c8 done
Test OLM installation	UNKNOWN STEP	2025-06-05T09:03:58.2119600Z #18 naming to ttl.sh/6acaackeycloak:86400000.0.0 done
Test OLM installation	UNKNOWN STEP	2025-06-05T09:03:58.2120019Z #18 DONE 1.4s
Test OLM installation	UNKNOWN STEP	2025-06-05T09:03:58.2168747Z + docker push ttl.sh/6acaackeycloak:86400000.0.0
Test OLM installation	UNKNOWN STEP	2025-06-05T09:03:58.3823090Z The push refers to repository [ttl.sh/6acaackeycloak]
Test OLM installation	UNKNOWN STEP	2025-06-05T09:03:58.4783100Z 33bbbfe9a3bb: Preparing
Test OLM installation	UNKNOWN STEP	2025-06-05T09:03:58.4783764Z 1b65363cc903: Preparing
Test OLM installation	UNKNOWN STEP	2025-06-05T09:03:58.4784455Z 665509b611d7: Preparing
Test OLM installation	UNKNOWN STEP	2025-06-05T09:03:58.4785152Z ef3cb51dff21: Preparing
Test OLM installation	UNKNOWN STEP	2025-06-05T09:04:01.5866012Z 33bbbfe9a3bb: Pushed
Test OLM installation	UNKNOWN STEP	2025-06-05T09:04:07.5793624Z ef3cb51dff21: Pushed
Test OLM installation	UNKNOWN STEP	2025-06-05T09:05:29.0998744Z error parsing HTTP 499 response body: invalid character '<' looking for beginning of value: "<!DOCTYPE html>\n<html>\n  <head>\n    <meta name=\"viewport\" content=\"width=device-width, initial-scale=1\">\n    <meta charset=\"utf-8\">\n    <title>Application Error</title>\n    <style media=\"screen\">\n      html,body,iframe {\n        margin: 0;\n        padding: 0;\n      }\n\n      html,body {\n        height: 100%;\n        overflow: hidden;\n      }\n\n      iframe {\n        width: 100%;\n        height: 100%;\n        border: 0;\n      }\n    </style>\n  </head>\n  <body>\n    <iframe src=\"https://www.herokucdn.com/error-pages/application-error.html\"></iframe>\n  </body>\n</html>"
Test OLM installation	UNKNOWN STEP	2025-06-05T09:05:29.1027310Z ##[error]Process completed with exit code 1.
Test OLM installation	UNKNOWN STEP	2025-06-05T09:05:29.1079358Z Post job cleanup.
Test OLM installation	UNKNOWN STEP	2025-06-05T09:05:29.1118550Z Post job cleanup.
Test OLM installation	UNKNOWN STEP	2025-06-05T09:05:29.2884863Z Post job cleanup.
Test OLM installation	UNKNOWN STEP	2025-06-05T09:05:29.4117929Z [command]/usr/bin/git version
Test OLM installation	UNKNOWN STEP	2025-06-05T09:05:29.4170575Z git version 2.49.0
Test OLM installation	UNKNOWN STEP	2025-06-05T09:05:29.4248910Z Temporarily overriding HOME='/home/runner/work/_temp/72934e0f-060b-481a-8d14-4f462cd62f17' before making global git config changes
Test OLM installation	UNKNOWN STEP	2025-06-05T09:05:29.4250268Z Adding repository directory to the temporary git global config as a safe directory
Test OLM installation	UNKNOWN STEP	2025-06-05T09:05:29.4254917Z [command]/usr/bin/git config --global --add safe.directory /home/runner/work/keycloak/keycloak
Test OLM installation	UNKNOWN STEP	2025-06-05T09:05:29.4296596Z [command]/usr/bin/git config --local --name-only --get-regexp core\.sshCommand
Test OLM installation	UNKNOWN STEP	2025-06-05T09:05:29.4333663Z [command]/usr/bin/git submodule foreach --recursive sh -c "git config --local --name-only --get-regexp 'core\.sshCommand' && git config --local --unset-all 'core.sshCommand' || :"
Test OLM installation	UNKNOWN STEP	2025-06-05T09:05:29.4616880Z [command]/usr/bin/git config --local --name-only --get-regexp http\.https\:\/\/github\.com\/\.extraheader
Test OLM installation	UNKNOWN STEP	2025-06-05T09:05:29.4641925Z http.https://github.com/.extraheader
Test OLM installation	UNKNOWN STEP	2025-06-05T09:05:29.4655499Z [command]/usr/bin/git config --local --unset-all http.https://github.com/.extraheader
Test OLM installation	UNKNOWN STEP	2025-06-05T09:05:29.4691275Z [command]/usr/bin/git submodule foreach --recursive sh -c "git config --local --name-only --get-regexp 'http\.https\:\/\/github\.com\/\.extraheader' && git config --local --unset-all 'http.https://github.com/.extraheader' || :"
Test OLM installation	UNKNOWN STEP	2025-06-05T09:05:29.5061489Z Cleaning up orphan processes
Status Check - Keycloak Operator CI	UNKNOWN STEP	Ôªø2025-06-05T09:05:39.7571945Z Current runner version: '2.324.0'
Status Check - Keycloak Operator CI	UNKNOWN STEP	2025-06-05T09:05:39.7596970Z ##[group]Runner Image Provisioner
Status Check - Keycloak Operator CI	UNKNOWN STEP	2025-06-05T09:05:39.7597817Z Hosted Compute Agent
Status Check - Keycloak Operator CI	UNKNOWN STEP	2025-06-05T09:05:39.7598385Z Version: 20250508.323
Status Check - Keycloak Operator CI	UNKNOWN STEP	2025-06-05T09:05:39.7599058Z Commit: 81b259f29879f73b4213d199e42d8c3465dae986
Status Check - Keycloak Operator CI	UNKNOWN STEP	2025-06-05T09:05:39.7599762Z Build Date: 2025-05-08T19:40:08Z
Status Check - Keycloak Operator CI	UNKNOWN STEP	2025-06-05T09:05:39.7600327Z ##[endgroup]
Status Check - Keycloak Operator CI	UNKNOWN STEP	2025-06-05T09:05:39.7601004Z ##[group]Operating System
Status Check - Keycloak Operator CI	UNKNOWN STEP	2025-06-05T09:05:39.7601552Z Ubuntu
Status Check - Keycloak Operator CI	UNKNOWN STEP	2025-06-05T09:05:39.7602035Z 24.04.2
Status Check - Keycloak Operator CI	UNKNOWN STEP	2025-06-05T09:05:39.7602503Z LTS
Status Check - Keycloak Operator CI	UNKNOWN STEP	2025-06-05T09:05:39.7602976Z ##[endgroup]
Status Check - Keycloak Operator CI	UNKNOWN STEP	2025-06-05T09:05:39.7603431Z ##[group]Runner Image
Status Check - Keycloak Operator CI	UNKNOWN STEP	2025-06-05T09:05:39.7604347Z Image: ubuntu-24.04
Status Check - Keycloak Operator CI	UNKNOWN STEP	2025-06-05T09:05:39.7604934Z Version: 20250511.1.0
Status Check - Keycloak Operator CI	UNKNOWN STEP	2025-06-05T09:05:39.7605905Z Included Software: https://github.com/actions/runner-images/blob/ubuntu24/20250511.1/images/ubuntu/Ubuntu2404-Readme.md
Status Check - Keycloak Operator CI	UNKNOWN STEP	2025-06-05T09:05:39.7607474Z Image Release: https://github.com/actions/runner-images/releases/tag/ubuntu24%2F20250511.1
Status Check - Keycloak Operator CI	UNKNOWN STEP	2025-06-05T09:05:39.7608459Z ##[endgroup]
Status Check - Keycloak Operator CI	UNKNOWN STEP	2025-06-05T09:05:39.7609473Z ##[group]GITHUB_TOKEN Permissions
Status Check - Keycloak Operator CI	UNKNOWN STEP	2025-06-05T09:05:39.7611561Z Contents: read
Status Check - Keycloak Operator CI	UNKNOWN STEP	2025-06-05T09:05:39.7612075Z Metadata: read
Status Check - Keycloak Operator CI	UNKNOWN STEP	2025-06-05T09:05:39.7612666Z ##[endgroup]
Status Check - Keycloak Operator CI	UNKNOWN STEP	2025-06-05T09:05:39.7614802Z Secret source: None
Status Check - Keycloak Operator CI	UNKNOWN STEP	2025-06-05T09:05:39.7615455Z Prepare workflow directory
Status Check - Keycloak Operator CI	UNKNOWN STEP	2025-06-05T09:05:39.8071555Z Prepare all required actions
Status Check - Keycloak Operator CI	UNKNOWN STEP	2025-06-05T09:05:39.8125605Z Getting action download info
Status Check - Keycloak Operator CI	UNKNOWN STEP	2025-06-05T09:05:40.1242345Z ##[group]Download immutable action package 'actions/checkout@v4'
Status Check - Keycloak Operator CI	UNKNOWN STEP	2025-06-05T09:05:40.1243540Z Version: 4.2.2
Status Check - Keycloak Operator CI	UNKNOWN STEP	2025-06-05T09:05:40.1244705Z Digest: sha256:ccb2698953eaebd21c7bf6268a94f9c26518a7e38e27e0b83c1fe1ad049819b1
Status Check - Keycloak Operator CI	UNKNOWN STEP	2025-06-05T09:05:40.1245896Z Source commit SHA: 11bd71901bbe5b1630ceea73d27597364c9af683
Status Check - Keycloak Operator CI	UNKNOWN STEP	2025-06-05T09:05:40.1246703Z ##[endgroup]
Status Check - Keycloak Operator CI	UNKNOWN STEP	2025-06-05T09:05:40.2760322Z Complete job name: Status Check - Keycloak Operator CI
Status Check - Keycloak Operator CI	UNKNOWN STEP	2025-06-05T09:05:40.3411838Z ##[group]Run actions/checkout@v4
Status Check - Keycloak Operator CI	UNKNOWN STEP	2025-06-05T09:05:40.3412651Z with:
Status Check - Keycloak Operator CI	UNKNOWN STEP	2025-06-05T09:05:40.3413127Z   repository: keycloak/keycloak
Status Check - Keycloak Operator CI	UNKNOWN STEP	2025-06-05T09:05:40.3413752Z   token: ***
Status Check - Keycloak Operator CI	UNKNOWN STEP	2025-06-05T09:05:40.3414307Z   ssh-strict: true
Status Check - Keycloak Operator CI	UNKNOWN STEP	2025-06-05T09:05:40.3414697Z   ssh-user: git
Status Check - Keycloak Operator CI	UNKNOWN STEP	2025-06-05T09:05:40.3415101Z   persist-credentials: true
Status Check - Keycloak Operator CI	UNKNOWN STEP	2025-06-05T09:05:40.3415552Z   clean: true
Status Check - Keycloak Operator CI	UNKNOWN STEP	2025-06-05T09:05:40.3415957Z   sparse-checkout-cone-mode: true
Status Check - Keycloak Operator CI	UNKNOWN STEP	2025-06-05T09:05:40.3416432Z   fetch-depth: 1
Status Check - Keycloak Operator CI	UNKNOWN STEP	2025-06-05T09:05:40.3416814Z   fetch-tags: false
Status Check - Keycloak Operator CI	UNKNOWN STEP	2025-06-05T09:05:40.3417204Z   show-progress: true
Status Check - Keycloak Operator CI	UNKNOWN STEP	2025-06-05T09:05:40.3417604Z   lfs: false
Status Check - Keycloak Operator CI	UNKNOWN STEP	2025-06-05T09:05:40.3417969Z   submodules: false
Status Check - Keycloak Operator CI	UNKNOWN STEP	2025-06-05T09:05:40.3418367Z   set-safe-directory: true
Status Check - Keycloak Operator CI	UNKNOWN STEP	2025-06-05T09:05:40.3419030Z env:
Status Check - Keycloak Operator CI	UNKNOWN STEP	2025-06-05T09:05:40.3419549Z   MAVEN_ARGS: -B -nsu -Daether.connector.http.connectionMaxTtl=25
Status Check - Keycloak Operator CI	UNKNOWN STEP	2025-06-05T09:05:40.3420190Z   MINIKUBE_VERSION: v1.32.0
Status Check - Keycloak Operator CI	UNKNOWN STEP	2025-06-05T09:05:40.3420644Z   KUBERNETES_VERSION: v1.27.10
Status Check - Keycloak Operator CI	UNKNOWN STEP	2025-06-05T09:05:40.3421127Z   MINIKUBE_MEMORY: 4096
Status Check - Keycloak Operator CI	UNKNOWN STEP	2025-06-05T09:05:40.3421532Z ##[endgroup]
Status Check - Keycloak Operator CI	UNKNOWN STEP	2025-06-05T09:05:40.4483422Z Syncing repository: keycloak/keycloak
Status Check - Keycloak Operator CI	UNKNOWN STEP	2025-06-05T09:05:40.4485479Z ##[group]Getting Git version info
Status Check - Keycloak Operator CI	UNKNOWN STEP	2025-06-05T09:05:40.4486188Z Working directory is '/home/runner/work/keycloak/keycloak'
Status Check - Keycloak Operator CI	UNKNOWN STEP	2025-06-05T09:05:40.4487095Z [command]/usr/bin/git version
Status Check - Keycloak Operator CI	UNKNOWN STEP	2025-06-05T09:05:40.4534413Z git version 2.49.0
Status Check - Keycloak Operator CI	UNKNOWN STEP	2025-06-05T09:05:40.4559785Z ##[endgroup]
Status Check - Keycloak Operator CI	UNKNOWN STEP	2025-06-05T09:05:40.4573171Z Temporarily overriding HOME='/home/runner/work/_temp/d1310b69-dd15-41b7-a425-7ec596053a05' before making global git config changes
Status Check - Keycloak Operator CI	UNKNOWN STEP	2025-06-05T09:05:40.4575446Z Adding repository directory to the temporary git global config as a safe directory
Status Check - Keycloak Operator CI	UNKNOWN STEP	2025-06-05T09:05:40.4578245Z [command]/usr/bin/git config --global --add safe.directory /home/runner/work/keycloak/keycloak
Status Check - Keycloak Operator CI	UNKNOWN STEP	2025-06-05T09:05:40.4610075Z Deleting the contents of '/home/runner/work/keycloak/keycloak'
Status Check - Keycloak Operator CI	UNKNOWN STEP	2025-06-05T09:05:40.4613538Z ##[group]Initializing the repository
Status Check - Keycloak Operator CI	UNKNOWN STEP	2025-06-05T09:05:40.4617557Z [command]/usr/bin/git init /home/runner/work/keycloak/keycloak
Status Check - Keycloak Operator CI	UNKNOWN STEP	2025-06-05T09:05:40.4710193Z hint: Using 'master' as the name for the initial branch. This default branch name
Status Check - Keycloak Operator CI	UNKNOWN STEP	2025-06-05T09:05:40.4711501Z hint: is subject to change. To configure the initial branch name to use in all
Status Check - Keycloak Operator CI	UNKNOWN STEP	2025-06-05T09:05:40.4712360Z hint: of your new repositories, which will suppress this warning, call:
Status Check - Keycloak Operator CI	UNKNOWN STEP	2025-06-05T09:05:40.4713003Z hint:
Status Check - Keycloak Operator CI	UNKNOWN STEP	2025-06-05T09:05:40.4713474Z hint: 	git config --global init.defaultBranch <name>
Status Check - Keycloak Operator CI	UNKNOWN STEP	2025-06-05T09:05:40.4714266Z hint:
Status Check - Keycloak Operator CI	UNKNOWN STEP	2025-06-05T09:05:40.4714886Z hint: Names commonly chosen instead of 'master' are 'main', 'trunk' and
Status Check - Keycloak Operator CI	UNKNOWN STEP	2025-06-05T09:05:40.4716038Z hint: 'development'. The just-created branch can be renamed via this command:
Status Check - Keycloak Operator CI	UNKNOWN STEP	2025-06-05T09:05:40.4717262Z hint:
Status Check - Keycloak Operator CI	UNKNOWN STEP	2025-06-05T09:05:40.4717658Z hint: 	git branch -m <name>
Status Check - Keycloak Operator CI	UNKNOWN STEP	2025-06-05T09:05:40.4718374Z Initialized empty Git repository in /home/runner/work/keycloak/keycloak/.git/
Status Check - Keycloak Operator CI	UNKNOWN STEP	2025-06-05T09:05:40.4727143Z [command]/usr/bin/git remote add origin https://github.com/keycloak/keycloak
Status Check - Keycloak Operator CI	UNKNOWN STEP	2025-06-05T09:05:40.4758422Z ##[endgroup]
Status Check - Keycloak Operator CI	UNKNOWN STEP	2025-06-05T09:05:40.4759595Z ##[group]Disabling automatic garbage collection
Status Check - Keycloak Operator CI	UNKNOWN STEP	2025-06-05T09:05:40.4763297Z [command]/usr/bin/git config --local gc.auto 0
Status Check - Keycloak Operator CI	UNKNOWN STEP	2025-06-05T09:05:40.4791546Z ##[endgroup]
Status Check - Keycloak Operator CI	UNKNOWN STEP	2025-06-05T09:05:40.4792749Z ##[group]Setting up auth
Status Check - Keycloak Operator CI	UNKNOWN STEP	2025-06-05T09:05:40.4799180Z [command]/usr/bin/git config --local --name-only --get-regexp core\.sshCommand
Status Check - Keycloak Operator CI	UNKNOWN STEP	2025-06-05T09:05:40.4829725Z [command]/usr/bin/git submodule foreach --recursive sh -c "git config --local --name-only --get-regexp 'core\.sshCommand' && git config --local --unset-all 'core.sshCommand' || :"
Status Check - Keycloak Operator CI	UNKNOWN STEP	2025-06-05T09:05:40.5102982Z [command]/usr/bin/git config --local --name-only --get-regexp http\.https\:\/\/github\.com\/\.extraheader
Status Check - Keycloak Operator CI	UNKNOWN STEP	2025-06-05T09:05:40.5133484Z [command]/usr/bin/git submodule foreach --recursive sh -c "git config --local --name-only --get-regexp 'http\.https\:\/\/github\.com\/\.extraheader' && git config --local --unset-all 'http.https://github.com/.extraheader' || :"
Status Check - Keycloak Operator CI	UNKNOWN STEP	2025-06-05T09:05:40.5355519Z [command]/usr/bin/git config --local http.https://github.com/.extraheader AUTHORIZATION: basic ***
Status Check - Keycloak Operator CI	UNKNOWN STEP	2025-06-05T09:05:40.5389568Z ##[endgroup]
Status Check - Keycloak Operator CI	UNKNOWN STEP	2025-06-05T09:05:40.5390813Z ##[group]Fetching the repository
Status Check - Keycloak Operator CI	UNKNOWN STEP	2025-06-05T09:05:40.5399581Z [command]/usr/bin/git -c protocol.version=2 fetch --no-tags --prune --no-recurse-submodules --depth=1 origin +6acaac1725a63fece8e7fd4d78f6a85deb47901f:refs/remotes/pull/40258/merge
Status Check - Keycloak Operator CI	UNKNOWN STEP	2025-06-05T09:05:44.0593371Z From https://github.com/keycloak/keycloak
Status Check - Keycloak Operator CI	UNKNOWN STEP	2025-06-05T09:05:44.0596601Z  * [new ref]         6acaac1725a63fece8e7fd4d78f6a85deb47901f -> pull/40258/merge
Status Check - Keycloak Operator CI	UNKNOWN STEP	2025-06-05T09:05:44.0649873Z ##[endgroup]
Status Check - Keycloak Operator CI	UNKNOWN STEP	2025-06-05T09:05:44.0651842Z ##[group]Determining the checkout info
Status Check - Keycloak Operator CI	UNKNOWN STEP	2025-06-05T09:05:44.0653866Z ##[endgroup]
Status Check - Keycloak Operator CI	UNKNOWN STEP	2025-06-05T09:05:44.0657907Z [command]/usr/bin/git sparse-checkout disable
Status Check - Keycloak Operator CI	UNKNOWN STEP	2025-06-05T09:05:44.0698519Z [command]/usr/bin/git config --local --unset-all extensions.worktreeConfig
Status Check - Keycloak Operator CI	UNKNOWN STEP	2025-06-05T09:05:44.0726198Z ##[group]Checking out the ref
Status Check - Keycloak Operator CI	UNKNOWN STEP	2025-06-05T09:05:44.0730031Z [command]/usr/bin/git checkout --progress --force refs/remotes/pull/40258/merge
Status Check - Keycloak Operator CI	UNKNOWN STEP	2025-06-05T09:05:44.8530746Z Note: switching to 'refs/remotes/pull/40258/merge'.
Status Check - Keycloak Operator CI	UNKNOWN STEP	2025-06-05T09:05:44.8534986Z 
Status Check - Keycloak Operator CI	UNKNOWN STEP	2025-06-05T09:05:44.8535419Z You are in 'detached HEAD' state. You can look around, make experimental
Status Check - Keycloak Operator CI	UNKNOWN STEP	2025-06-05T09:05:44.8536276Z changes and commit them, and you can discard any commits you make in this
Status Check - Keycloak Operator CI	UNKNOWN STEP	2025-06-05T09:05:44.8537094Z state without impacting any branches by switching back to a branch.
Status Check - Keycloak Operator CI	UNKNOWN STEP	2025-06-05T09:05:44.8537564Z 
Status Check - Keycloak Operator CI	UNKNOWN STEP	2025-06-05T09:05:44.8537897Z If you want to create a new branch to retain commits you create, you may
Status Check - Keycloak Operator CI	UNKNOWN STEP	2025-06-05T09:05:44.8538553Z do so (now or later) by using -c with the switch command. Example:
Status Check - Keycloak Operator CI	UNKNOWN STEP	2025-06-05T09:05:44.8538838Z 
Status Check - Keycloak Operator CI	UNKNOWN STEP	2025-06-05T09:05:44.8538963Z   git switch -c <new-branch-name>
Status Check - Keycloak Operator CI	UNKNOWN STEP	2025-06-05T09:05:44.8539146Z 
Status Check - Keycloak Operator CI	UNKNOWN STEP	2025-06-05T09:05:44.8539289Z Or undo this operation with:
Status Check - Keycloak Operator CI	UNKNOWN STEP	2025-06-05T09:05:44.8539452Z 
Status Check - Keycloak Operator CI	UNKNOWN STEP	2025-06-05T09:05:44.8539551Z   git switch -
Status Check - Keycloak Operator CI	UNKNOWN STEP	2025-06-05T09:05:44.8539729Z 
Status Check - Keycloak Operator CI	UNKNOWN STEP	2025-06-05T09:05:44.8539998Z Turn off this advice by setting config variable advice.detachedHead to false
Status Check - Keycloak Operator CI	UNKNOWN STEP	2025-06-05T09:05:44.8540588Z 
Status Check - Keycloak Operator CI	UNKNOWN STEP	2025-06-05T09:05:44.8540927Z HEAD is now at 6acaac1 Merge 3e58d4b6940232f09ee44b74abc07ba134e39821 into 04191e0c7af881f7326c40359521a1dd928e03c5
Status Check - Keycloak Operator CI	UNKNOWN STEP	2025-06-05T09:05:44.8564338Z ##[endgroup]
Status Check - Keycloak Operator CI	UNKNOWN STEP	2025-06-05T09:05:44.8601682Z [command]/usr/bin/git log -1 --format=%H
Status Check - Keycloak Operator CI	UNKNOWN STEP	2025-06-05T09:05:44.8624233Z 6acaac1725a63fece8e7fd4d78f6a85deb47901f
Status Check - Keycloak Operator CI	UNKNOWN STEP	2025-06-05T09:05:44.8859041Z Prepare all required actions
Status Check - Keycloak Operator CI	UNKNOWN STEP	2025-06-05T09:05:44.8930716Z ##[group]Run ./.github/actions/status-check
Status Check - Keycloak Operator CI	UNKNOWN STEP	2025-06-05T09:05:44.8931185Z with:
Status Check - Keycloak Operator CI	UNKNOWN STEP	2025-06-05T09:05:44.8932614Z   jobs: {
Status Check - Keycloak Operator CI	UNKNOWN STEP	  "conditional": {
Status Check - Keycloak Operator CI	UNKNOWN STEP	    "result": "success",
Status Check - Keycloak Operator CI	UNKNOWN STEP	    "outputs": {
Status Check - Keycloak Operator CI	UNKNOWN STEP	      "operator": "true"
Status Check - Keycloak Operator CI	UNKNOWN STEP	    }
Status Check - Keycloak Operator CI	UNKNOWN STEP	  },
Status Check - Keycloak Operator CI	UNKNOWN STEP	  "build": {
Status Check - Keycloak Operator CI	UNKNOWN STEP	    "result": "success",
Status Check - Keycloak Operator CI	UNKNOWN STEP	    "outputs": {}
Status Check - Keycloak Operator CI	UNKNOWN STEP	  },
Status Check - Keycloak Operator CI	UNKNOWN STEP	  "test-local-apiserver": {
Status Check - Keycloak Operator CI	UNKNOWN STEP	    "result": "success",
Status Check - Keycloak Operator CI	UNKNOWN STEP	    "outputs": {}
Status Check - Keycloak Operator CI	UNKNOWN STEP	  },
Status Check - Keycloak Operator CI	UNKNOWN STEP	  "test-remote": {
Status Check - Keycloak Operator CI	UNKNOWN STEP	    "result": "success",
Status Check - Keycloak Operator CI	UNKNOWN STEP	    "outputs": {}
Status Check - Keycloak Operator CI	UNKNOWN STEP	  },
Status Check - Keycloak Operator CI	UNKNOWN STEP	  "test-olm": {
Status Check - Keycloak Operator CI	UNKNOWN STEP	    "result": "failure",
Status Check - Keycloak Operator CI	UNKNOWN STEP	    "outputs": {}
Status Check - Keycloak Operator CI	UNKNOWN STEP	  }
Status Check - Keycloak Operator CI	UNKNOWN STEP	}
Status Check - Keycloak Operator CI	UNKNOWN STEP	2025-06-05T09:05:44.8934399Z env:
Status Check - Keycloak Operator CI	UNKNOWN STEP	2025-06-05T09:05:44.8934884Z   MAVEN_ARGS: -B -nsu -Daether.connector.http.connectionMaxTtl=25
Status Check - Keycloak Operator CI	UNKNOWN STEP	2025-06-05T09:05:44.8935494Z   MINIKUBE_VERSION: v1.32.0
Status Check - Keycloak Operator CI	UNKNOWN STEP	2025-06-05T09:05:44.8935984Z   KUBERNETES_VERSION: v1.27.10
Status Check - Keycloak Operator CI	UNKNOWN STEP	2025-06-05T09:05:44.8936355Z   MINIKUBE_MEMORY: 4096
Status Check - Keycloak Operator CI	UNKNOWN STEP	2025-06-05T09:05:44.8936581Z ##[endgroup]
Status Check - Keycloak Operator CI	UNKNOWN STEP	2025-06-05T09:05:44.9038229Z ##[group]Run JOBS='{
Status Check - Keycloak Operator CI	UNKNOWN STEP	2025-06-05T09:05:44.9038560Z [36;1mJOBS='{[0m
Status Check - Keycloak Operator CI	UNKNOWN STEP	2025-06-05T09:05:44.9038847Z [36;1m  "conditional": {[0m
Status Check - Keycloak Operator CI	UNKNOWN STEP	2025-06-05T09:05:44.9039104Z [36;1m    "result": "success",[0m
Status Check - Keycloak Operator CI	UNKNOWN STEP	2025-06-05T09:05:44.9039368Z [36;1m    "outputs": {[0m
Status Check - Keycloak Operator CI	UNKNOWN STEP	2025-06-05T09:05:44.9039610Z [36;1m      "operator": "true"[0m
Status Check - Keycloak Operator CI	UNKNOWN STEP	2025-06-05T09:05:44.9039867Z [36;1m    }[0m
Status Check - Keycloak Operator CI	UNKNOWN STEP	2025-06-05T09:05:44.9040074Z [36;1m  },[0m
Status Check - Keycloak Operator CI	UNKNOWN STEP	2025-06-05T09:05:44.9040284Z [36;1m  "build": {[0m
Status Check - Keycloak Operator CI	UNKNOWN STEP	2025-06-05T09:05:44.9040510Z [36;1m    "result": "success",[0m
Status Check - Keycloak Operator CI	UNKNOWN STEP	2025-06-05T09:05:44.9040770Z [36;1m    "outputs": {}[0m
Status Check - Keycloak Operator CI	UNKNOWN STEP	2025-06-05T09:05:44.9041003Z [36;1m  },[0m
Status Check - Keycloak Operator CI	UNKNOWN STEP	2025-06-05T09:05:44.9041215Z [36;1m  "test-local-apiserver": {[0m
Status Check - Keycloak Operator CI	UNKNOWN STEP	2025-06-05T09:05:44.9041485Z [36;1m    "result": "success",[0m
Status Check - Keycloak Operator CI	UNKNOWN STEP	2025-06-05T09:05:44.9041791Z [36;1m    "outputs": {}[0m
Status Check - Keycloak Operator CI	UNKNOWN STEP	2025-06-05T09:05:44.9042025Z [36;1m  },[0m
Status Check - Keycloak Operator CI	UNKNOWN STEP	2025-06-05T09:05:44.9042224Z [36;1m  "test-remote": {[0m
Status Check - Keycloak Operator CI	UNKNOWN STEP	2025-06-05T09:05:44.9042472Z [36;1m    "result": "success",[0m
Status Check - Keycloak Operator CI	UNKNOWN STEP	2025-06-05T09:05:44.9042721Z [36;1m    "outputs": {}[0m
Status Check - Keycloak Operator CI	UNKNOWN STEP	2025-06-05T09:05:44.9042951Z [36;1m  },[0m
Status Check - Keycloak Operator CI	UNKNOWN STEP	2025-06-05T09:05:44.9043159Z [36;1m  "test-olm": {[0m
Status Check - Keycloak Operator CI	UNKNOWN STEP	2025-06-05T09:05:44.9043389Z [36;1m    "result": "failure",[0m
Status Check - Keycloak Operator CI	UNKNOWN STEP	2025-06-05T09:05:44.9043638Z [36;1m    "outputs": {}[0m
Status Check - Keycloak Operator CI	UNKNOWN STEP	2025-06-05T09:05:44.9043853Z [36;1m  }[0m
Status Check - Keycloak Operator CI	UNKNOWN STEP	2025-06-05T09:05:44.9044188Z [36;1m}'[0m
Status Check - Keycloak Operator CI	UNKNOWN STEP	2025-06-05T09:05:44.9044394Z [36;1m[0m
Status Check - Keycloak Operator CI	UNKNOWN STEP	2025-06-05T09:05:44.9044594Z [36;1mecho "Job status:"[0m
Status Check - Keycloak Operator CI	UNKNOWN STEP	2025-06-05T09:05:44.9044950Z [36;1mecho $JOBS | jq -r 'to_entries[] | " - \(.key): \(.value.result)"'[0m
Status Check - Keycloak Operator CI	UNKNOWN STEP	2025-06-05T09:05:44.9045311Z [36;1m[0m
Status Check - Keycloak Operator CI	UNKNOWN STEP	2025-06-05T09:05:44.9045583Z [36;1mfor i in $(echo $JOBS | jq -r 'to_entries[] | .value.result'); do[0m
Status Check - Keycloak Operator CI	UNKNOWN STEP	2025-06-05T09:05:44.9045969Z [36;1m  if [ "$i" != "success" ] && [ "$i" != "skipped" ]; then[0m
Status Check - Keycloak Operator CI	UNKNOWN STEP	2025-06-05T09:05:44.9046277Z [36;1m    echo ""[0m
Status Check - Keycloak Operator CI	UNKNOWN STEP	2025-06-05T09:05:44.9046507Z [36;1m    echo "Status check not okay!"[0m
Status Check - Keycloak Operator CI	UNKNOWN STEP	2025-06-05T09:05:44.9046771Z [36;1m    exit 1[0m
Status Check - Keycloak Operator CI	UNKNOWN STEP	2025-06-05T09:05:44.9046968Z [36;1m  fi[0m
Status Check - Keycloak Operator CI	UNKNOWN STEP	2025-06-05T09:05:44.9047162Z [36;1mdone[0m
Status Check - Keycloak Operator CI	UNKNOWN STEP	2025-06-05T09:05:44.9230620Z shell: /usr/bin/bash --noprofile --norc -e -o pipefail {0}
Status Check - Keycloak Operator CI	UNKNOWN STEP	2025-06-05T09:05:44.9231000Z env:
Status Check - Keycloak Operator CI	UNKNOWN STEP	2025-06-05T09:05:44.9231304Z   MAVEN_ARGS: -B -nsu -Daether.connector.http.connectionMaxTtl=25
Status Check - Keycloak Operator CI	UNKNOWN STEP	2025-06-05T09:05:44.9231664Z   MINIKUBE_VERSION: v1.32.0
Status Check - Keycloak Operator CI	UNKNOWN STEP	2025-06-05T09:05:44.9231935Z   KUBERNETES_VERSION: v1.27.10
Status Check - Keycloak Operator CI	UNKNOWN STEP	2025-06-05T09:05:44.9232239Z   MINIKUBE_MEMORY: 4096
Status Check - Keycloak Operator CI	UNKNOWN STEP	2025-06-05T09:05:44.9232456Z ##[endgroup]
Status Check - Keycloak Operator CI	UNKNOWN STEP	2025-06-05T09:05:44.9322962Z Job status:
Status Check - Keycloak Operator CI	UNKNOWN STEP	2025-06-05T09:05:44.9363350Z  - conditional: success
Status Check - Keycloak Operator CI	UNKNOWN STEP	2025-06-05T09:05:44.9363794Z  - build: success
Status Check - Keycloak Operator CI	UNKNOWN STEP	2025-06-05T09:05:44.9364336Z  - test-local-apiserver: success
Status Check - Keycloak Operator CI	UNKNOWN STEP	2025-06-05T09:05:44.9364641Z  - test-remote: success
Status Check - Keycloak Operator CI	UNKNOWN STEP	2025-06-05T09:05:44.9364877Z  - test-olm: failure
Status Check - Keycloak Operator CI	UNKNOWN STEP	2025-06-05T09:05:44.9397062Z 
Status Check - Keycloak Operator CI	UNKNOWN STEP	2025-06-05T09:05:44.9397301Z Status check not okay!
Status Check - Keycloak Operator CI	UNKNOWN STEP	2025-06-05T09:05:44.9409307Z ##[error]Process completed with exit code 1.
Status Check - Keycloak Operator CI	UNKNOWN STEP	2025-06-05T09:05:44.9525010Z Post job cleanup.
Status Check - Keycloak Operator CI	UNKNOWN STEP	2025-06-05T09:05:45.0437336Z [command]/usr/bin/git version
Status Check - Keycloak Operator CI	UNKNOWN STEP	2025-06-05T09:05:45.0472234Z git version 2.49.0
Status Check - Keycloak Operator CI	UNKNOWN STEP	2025-06-05T09:05:45.0523654Z Temporarily overriding HOME='/home/runner/work/_temp/46d208d6-d559-43c6-8897-bab6bd9e3864' before making global git config changes
Status Check - Keycloak Operator CI	UNKNOWN STEP	2025-06-05T09:05:45.0528670Z Adding repository directory to the temporary git global config as a safe directory
Status Check - Keycloak Operator CI	UNKNOWN STEP	2025-06-05T09:05:45.0529478Z [command]/usr/bin/git config --global --add safe.directory /home/runner/work/keycloak/keycloak
Status Check - Keycloak Operator CI	UNKNOWN STEP	2025-06-05T09:05:45.0561953Z [command]/usr/bin/git config --local --name-only --get-regexp core\.sshCommand
Status Check - Keycloak Operator CI	UNKNOWN STEP	2025-06-05T09:05:45.0594469Z [command]/usr/bin/git submodule foreach --recursive sh -c "git config --local --name-only --get-regexp 'core\.sshCommand' && git config --local --unset-all 'core.sshCommand' || :"
Status Check - Keycloak Operator CI	UNKNOWN STEP	2025-06-05T09:05:45.0839376Z [command]/usr/bin/git config --local --name-only --get-regexp http\.https\:\/\/github\.com\/\.extraheader
Status Check - Keycloak Operator CI	UNKNOWN STEP	2025-06-05T09:05:45.0859947Z http.https://github.com/.extraheader
Status Check - Keycloak Operator CI	UNKNOWN STEP	2025-06-05T09:05:45.0872477Z [command]/usr/bin/git config --local --unset-all http.https://github.com/.extraheader
Status Check - Keycloak Operator CI	UNKNOWN STEP	2025-06-05T09:05:45.0901816Z [command]/usr/bin/git submodule foreach --recursive sh -c "git config --local --name-only --get-regexp 'http\.https\:\/\/github\.com\/\.extraheader' && git config --local --unset-all 'http.https://github.com/.extraheader' || :"
Status Check - Keycloak Operator CI	UNKNOWN STEP	2025-06-05T09:05:45.1240206Z Cleaning up orphan processes
