Java Distribution IT (windows-latest, temurin, 17)	UNKNOWN STEP	ï»¿2025-10-14T11:26:24.2545269Z Current runner version: '2.328.0'
Java Distribution IT (windows-latest, temurin, 17)	UNKNOWN STEP	2025-10-14T11:26:24.2574582Z ##[group]Runner Image Provisioner
Java Distribution IT (windows-latest, temurin, 17)	UNKNOWN STEP	2025-10-14T11:26:24.2575894Z Hosted Compute Agent
Java Distribution IT (windows-latest, temurin, 17)	UNKNOWN STEP	2025-10-14T11:26:24.2576685Z Version: 20250912.392
Java Distribution IT (windows-latest, temurin, 17)	UNKNOWN STEP	2025-10-14T11:26:24.2577618Z Commit: d921fda672a98b64f4f82364647e2f10b2267d0b
Java Distribution IT (windows-latest, temurin, 17)	UNKNOWN STEP	2025-10-14T11:26:24.2578662Z Build Date: 2025-09-12T15:23:14Z
Java Distribution IT (windows-latest, temurin, 17)	UNKNOWN STEP	2025-10-14T11:26:24.2580013Z ##[endgroup]
Java Distribution IT (windows-latest, temurin, 17)	UNKNOWN STEP	2025-10-14T11:26:24.2580950Z ##[group]Operating System
Java Distribution IT (windows-latest, temurin, 17)	UNKNOWN STEP	2025-10-14T11:26:24.2581825Z Microsoft Windows Server 2025
Java Distribution IT (windows-latest, temurin, 17)	UNKNOWN STEP	2025-10-14T11:26:24.2582755Z 10.0.26100
Java Distribution IT (windows-latest, temurin, 17)	UNKNOWN STEP	2025-10-14T11:26:24.2583449Z Datacenter
Java Distribution IT (windows-latest, temurin, 17)	UNKNOWN STEP	2025-10-14T11:26:24.2584169Z ##[endgroup]
Java Distribution IT (windows-latest, temurin, 17)	UNKNOWN STEP	2025-10-14T11:26:24.2584859Z ##[group]Runner Image
Java Distribution IT (windows-latest, temurin, 17)	UNKNOWN STEP	2025-10-14T11:26:24.2585694Z Image: windows-2025
Java Distribution IT (windows-latest, temurin, 17)	UNKNOWN STEP	2025-10-14T11:26:24.2586436Z Version: 20250929.44.1
Java Distribution IT (windows-latest, temurin, 17)	UNKNOWN STEP	2025-10-14T11:26:24.2588098Z Included Software: https://github.com/actions/runner-images/blob/win25/20250929.44/images/windows/Windows2025-Readme.md
Java Distribution IT (windows-latest, temurin, 17)	UNKNOWN STEP	2025-10-14T11:26:24.2591072Z Image Release: https://github.com/actions/runner-images/releases/tag/win25%2F20250929.44
Java Distribution IT (windows-latest, temurin, 17)	UNKNOWN STEP	2025-10-14T11:26:24.2592747Z ##[endgroup]
Java Distribution IT (windows-latest, temurin, 17)	UNKNOWN STEP	2025-10-14T11:26:24.2594436Z ##[group]GITHUB_TOKEN Permissions
Java Distribution IT (windows-latest, temurin, 17)	UNKNOWN STEP	2025-10-14T11:26:24.2597115Z Contents: read
Java Distribution IT (windows-latest, temurin, 17)	UNKNOWN STEP	2025-10-14T11:26:24.2597871Z Metadata: read
Java Distribution IT (windows-latest, temurin, 17)	UNKNOWN STEP	2025-10-14T11:26:24.2598685Z ##[endgroup]
Java Distribution IT (windows-latest, temurin, 17)	UNKNOWN STEP	2025-10-14T11:26:24.2602005Z Secret source: None
Java Distribution IT (windows-latest, temurin, 17)	UNKNOWN STEP	2025-10-14T11:26:24.2602942Z Prepare workflow directory
Java Distribution IT (windows-latest, temurin, 17)	UNKNOWN STEP	2025-10-14T11:26:24.3076967Z Prepare all required actions
Java Distribution IT (windows-latest, temurin, 17)	UNKNOWN STEP	2025-10-14T11:26:24.3115619Z Getting action download info
Java Distribution IT (windows-latest, temurin, 17)	UNKNOWN STEP	2025-10-14T11:26:24.5029333Z Download action repository 'actions/checkout@08c6903cd8c0fde910a37f88322edcfb5dd907a8' (SHA:08c6903cd8c0fde910a37f88322edcfb5dd907a8)
Java Distribution IT (windows-latest, temurin, 17)	UNKNOWN STEP	2025-10-14T11:26:25.1215828Z Complete job name: Java Distribution IT (windows-latest, temurin, 17)
Java Distribution IT (windows-latest, temurin, 17)	UNKNOWN STEP	2025-10-14T11:26:25.8659393Z ##[group]Run actions/checkout@08c6903cd8c0fde910a37f88322edcfb5dd907a8
Java Distribution IT (windows-latest, temurin, 17)	UNKNOWN STEP	2025-10-14T11:26:25.8660663Z with:
Java Distribution IT (windows-latest, temurin, 17)	UNKNOWN STEP	2025-10-14T11:26:25.8661123Z   repository: keycloak/keycloak
Java Distribution IT (windows-latest, temurin, 17)	UNKNOWN STEP	2025-10-14T11:26:25.8661918Z   token: ***
Java Distribution IT (windows-latest, temurin, 17)	UNKNOWN STEP	2025-10-14T11:26:25.8662390Z   ssh-strict: true
Java Distribution IT (windows-latest, temurin, 17)	UNKNOWN STEP	2025-10-14T11:26:25.8662833Z   ssh-user: git
Java Distribution IT (windows-latest, temurin, 17)	UNKNOWN STEP	2025-10-14T11:26:25.8663283Z   persist-credentials: true
Java Distribution IT (windows-latest, temurin, 17)	UNKNOWN STEP	2025-10-14T11:26:25.8663789Z   clean: true
Java Distribution IT (windows-latest, temurin, 17)	UNKNOWN STEP	2025-10-14T11:26:25.8664230Z   sparse-checkout-cone-mode: true
Java Distribution IT (windows-latest, temurin, 17)	UNKNOWN STEP	2025-10-14T11:26:25.8664757Z   fetch-depth: 1
Java Distribution IT (windows-latest, temurin, 17)	UNKNOWN STEP	2025-10-14T11:26:25.8665193Z   fetch-tags: false
Java Distribution IT (windows-latest, temurin, 17)	UNKNOWN STEP	2025-10-14T11:26:25.8665642Z   show-progress: true
Java Distribution IT (windows-latest, temurin, 17)	UNKNOWN STEP	2025-10-14T11:26:25.8666092Z   lfs: false
Java Distribution IT (windows-latest, temurin, 17)	UNKNOWN STEP	2025-10-14T11:26:25.8666519Z   submodules: false
Java Distribution IT (windows-latest, temurin, 17)	UNKNOWN STEP	2025-10-14T11:26:25.8666982Z   set-safe-directory: true
Java Distribution IT (windows-latest, temurin, 17)	UNKNOWN STEP	2025-10-14T11:26:25.8667671Z env:
Java Distribution IT (windows-latest, temurin, 17)	UNKNOWN STEP	2025-10-14T11:26:25.8668282Z   MAVEN_ARGS: -B -nsu -Daether.connector.http.connectionMaxTtl=25
Java Distribution IT (windows-latest, temurin, 17)	UNKNOWN STEP	2025-10-14T11:26:25.8669007Z   SUREFIRE_RERUN_FAILING_COUNT: 2
Java Distribution IT (windows-latest, temurin, 17)	UNKNOWN STEP	2025-10-14T11:26:25.8669674Z   SUREFIRE_RETRY: -Dsurefire.rerunFailingTestsCount=2
Java Distribution IT (windows-latest, temurin, 17)	UNKNOWN STEP	2025-10-14T11:26:25.8670288Z ##[endgroup]
Java Distribution IT (windows-latest, temurin, 17)	UNKNOWN STEP	2025-10-14T11:26:26.1528587Z Syncing repository: keycloak/keycloak
Java Distribution IT (windows-latest, temurin, 17)	UNKNOWN STEP	2025-10-14T11:26:26.1530570Z ##[group]Getting Git version info
Java Distribution IT (windows-latest, temurin, 17)	UNKNOWN STEP	2025-10-14T11:26:26.1531273Z Working directory is 'D:\a\keycloak\keycloak'
Java Distribution IT (windows-latest, temurin, 17)	UNKNOWN STEP	2025-10-14T11:26:26.4636750Z [command]"C:\Program Files\Git\bin\git.exe" version
Java Distribution IT (windows-latest, temurin, 17)	UNKNOWN STEP	2025-10-14T11:26:29.8653873Z git version 2.51.0.windows.2
Java Distribution IT (windows-latest, temurin, 17)	UNKNOWN STEP	2025-10-14T11:26:29.8704785Z ##[endgroup]
Java Distribution IT (windows-latest, temurin, 17)	UNKNOWN STEP	2025-10-14T11:26:29.8723820Z Temporarily overriding HOME='D:\a\_temp\7de49964-480b-4126-99bf-2e1b0ba37870' before making global git config changes
Java Distribution IT (windows-latest, temurin, 17)	UNKNOWN STEP	2025-10-14T11:26:29.8724931Z Adding repository directory to the temporary git global config as a safe directory
Java Distribution IT (windows-latest, temurin, 17)	UNKNOWN STEP	2025-10-14T11:26:29.8733737Z [command]"C:\Program Files\Git\bin\git.exe" config --global --add safe.directory D:\a\keycloak\keycloak
Java Distribution IT (windows-latest, temurin, 17)	UNKNOWN STEP	2025-10-14T11:26:30.0936251Z Deleting the contents of 'D:\a\keycloak\keycloak'
Java Distribution IT (windows-latest, temurin, 17)	UNKNOWN STEP	2025-10-14T11:26:30.0942782Z ##[group]Initializing the repository
Java Distribution IT (windows-latest, temurin, 17)	UNKNOWN STEP	2025-10-14T11:26:30.0951830Z [command]"C:\Program Files\Git\bin\git.exe" init D:\a\keycloak\keycloak
Java Distribution IT (windows-latest, temurin, 17)	UNKNOWN STEP	2025-10-14T11:26:30.9014066Z Initialized empty Git repository in D:/a/keycloak/keycloak/.git/
Java Distribution IT (windows-latest, temurin, 17)	UNKNOWN STEP	2025-10-14T11:26:30.9069925Z [command]"C:\Program Files\Git\bin\git.exe" remote add origin https://github.com/keycloak/keycloak
Java Distribution IT (windows-latest, temurin, 17)	UNKNOWN STEP	2025-10-14T11:26:31.1375792Z ##[endgroup]
Java Distribution IT (windows-latest, temurin, 17)	UNKNOWN STEP	2025-10-14T11:26:31.1376448Z ##[group]Disabling automatic garbage collection
Java Distribution IT (windows-latest, temurin, 17)	UNKNOWN STEP	2025-10-14T11:26:31.1386614Z [command]"C:\Program Files\Git\bin\git.exe" config --local gc.auto 0
Java Distribution IT (windows-latest, temurin, 17)	UNKNOWN STEP	2025-10-14T11:26:31.1700282Z ##[endgroup]
Java Distribution IT (windows-latest, temurin, 17)	UNKNOWN STEP	2025-10-14T11:26:31.1700904Z ##[group]Setting up auth
Java Distribution IT (windows-latest, temurin, 17)	UNKNOWN STEP	2025-10-14T11:26:31.1714713Z [command]"C:\Program Files\Git\bin\git.exe" config --local --name-only --get-regexp core\.sshCommand
Java Distribution IT (windows-latest, temurin, 17)	UNKNOWN STEP	2025-10-14T11:26:31.2037550Z [command]"C:\Program Files\Git\bin\git.exe" submodule foreach --recursive "sh -c \"git config --local --name-only --get-regexp 'core\.sshCommand' && git config --local --unset-all 'core.sshCommand' || :\""
Java Distribution IT (windows-latest, temurin, 17)	UNKNOWN STEP	2025-10-14T11:26:41.5295756Z [command]"C:\Program Files\Git\bin\git.exe" config --local --name-only --get-regexp http\.https\:\/\/github\.com\/\.extraheader
Java Distribution IT (windows-latest, temurin, 17)	UNKNOWN STEP	2025-10-14T11:26:41.5606217Z [command]"C:\Program Files\Git\bin\git.exe" submodule foreach --recursive "sh -c \"git config --local --name-only --get-regexp 'http\.https\:\/\/github\.com\/\.extraheader' && git config --local --unset-all 'http.https://github.com/.extraheader' || :\""
Java Distribution IT (windows-latest, temurin, 17)	UNKNOWN STEP	2025-10-14T11:26:42.0868165Z [command]"C:\Program Files\Git\bin\git.exe" config --local http.https://github.com/.extraheader "AUTHORIZATION: basic ***"
Java Distribution IT (windows-latest, temurin, 17)	UNKNOWN STEP	2025-10-14T11:26:42.1183965Z ##[endgroup]
Java Distribution IT (windows-latest, temurin, 17)	UNKNOWN STEP	2025-10-14T11:26:42.1184605Z ##[group]Fetching the repository
Java Distribution IT (windows-latest, temurin, 17)	UNKNOWN STEP	2025-10-14T11:26:42.1197218Z [command]"C:\Program Files\Git\bin\git.exe" -c protocol.version=2 fetch --no-tags --prune --no-recurse-submodules --depth=1 origin +62176d2d32f1543885e7ee5e6461394d99103b23:refs/remotes/pull/43441/merge
Java Distribution IT (windows-latest, temurin, 17)	UNKNOWN STEP	2025-10-14T11:26:48.8652716Z From https://github.com/keycloak/keycloak
Java Distribution IT (windows-latest, temurin, 17)	UNKNOWN STEP	2025-10-14T11:26:48.8657365Z  * [new ref]         62176d2d32f1543885e7ee5e6461394d99103b23 -> pull/43441/merge
Java Distribution IT (windows-latest, temurin, 17)	UNKNOWN STEP	2025-10-14T11:26:49.0114600Z ##[endgroup]
Java Distribution IT (windows-latest, temurin, 17)	UNKNOWN STEP	2025-10-14T11:26:49.0114982Z ##[group]Determining the checkout info
Java Distribution IT (windows-latest, temurin, 17)	UNKNOWN STEP	2025-10-14T11:26:49.0118217Z ##[endgroup]
Java Distribution IT (windows-latest, temurin, 17)	UNKNOWN STEP	2025-10-14T11:26:49.0128902Z [command]"C:\Program Files\Git\bin\git.exe" sparse-checkout disable
Java Distribution IT (windows-latest, temurin, 17)	UNKNOWN STEP	2025-10-14T11:26:49.2877773Z [command]"C:\Program Files\Git\bin\git.exe" config --local --unset-all extensions.worktreeConfig
Java Distribution IT (windows-latest, temurin, 17)	UNKNOWN STEP	2025-10-14T11:26:49.3163643Z ##[group]Checking out the ref
Java Distribution IT (windows-latest, temurin, 17)	UNKNOWN STEP	2025-10-14T11:26:49.3173654Z [command]"C:\Program Files\Git\bin\git.exe" checkout --progress --force refs/remotes/pull/43441/merge
Java Distribution IT (windows-latest, temurin, 17)	UNKNOWN STEP	2025-10-14T11:26:50.5057296Z Updating files:  26% (2921/10987)
Java Distribution IT (windows-latest, temurin, 17)	UNKNOWN STEP	2025-10-14T11:26:50.5353029Z Updating files:  27% (2967/10987)
Java Distribution IT (windows-latest, temurin, 17)	UNKNOWN STEP	2025-10-14T11:26:50.5622040Z Updating files:  28% (3077/10987)
Java Distribution IT (windows-latest, temurin, 17)	UNKNOWN STEP	2025-10-14T11:26:50.5915821Z Updating files:  29% (3187/10987)
Java Distribution IT (windows-latest, temurin, 17)	UNKNOWN STEP	2025-10-14T11:26:50.6168588Z Updating files:  30% (3297/10987)
Java Distribution IT (windows-latest, temurin, 17)	UNKNOWN STEP	2025-10-14T11:26:50.8120283Z Updating files:  31% (3406/10987)
Java Distribution IT (windows-latest, temurin, 17)	UNKNOWN STEP	2025-10-14T11:26:50.8362558Z Updating files:  32% (3516/10987)
Java Distribution IT (windows-latest, temurin, 17)	UNKNOWN STEP	2025-10-14T11:26:50.8671420Z Updating files:  33% (3626/10987)
Java Distribution IT (windows-latest, temurin, 17)	UNKNOWN STEP	2025-10-14T11:26:50.8986906Z Updating files:  34% (3736/10987)
Java Distribution IT (windows-latest, temurin, 17)	UNKNOWN STEP	2025-10-14T11:26:50.9259443Z Updating files:  35% (3846/10987)
Java Distribution IT (windows-latest, temurin, 17)	UNKNOWN STEP	2025-10-14T11:26:50.9561301Z Updating files:  36% (3956/10987)
Java Distribution IT (windows-latest, temurin, 17)	UNKNOWN STEP	2025-10-14T11:26:50.9902250Z Updating files:  37% (4066/10987)
Java Distribution IT (windows-latest, temurin, 17)	UNKNOWN STEP	2025-10-14T11:26:51.0192657Z Updating files:  38% (4176/10987)
Java Distribution IT (windows-latest, temurin, 17)	UNKNOWN STEP	2025-10-14T11:26:51.0476620Z Updating files:  39% (4285/10987)
Java Distribution IT (windows-latest, temurin, 17)	UNKNOWN STEP	2025-10-14T11:26:51.0752073Z Updating files:  40% (4395/10987)
Java Distribution IT (windows-latest, temurin, 17)	UNKNOWN STEP	2025-10-14T11:26:51.1066352Z Updating files:  41% (4505/10987)
Java Distribution IT (windows-latest, temurin, 17)	UNKNOWN STEP	2025-10-14T11:26:51.1366116Z Updating files:  42% (4615/10987)
Java Distribution IT (windows-latest, temurin, 17)	UNKNOWN STEP	2025-10-14T11:26:51.1683733Z Updating files:  43% (4725/10987)
Java Distribution IT (windows-latest, temurin, 17)	UNKNOWN STEP	2025-10-14T11:26:51.1993403Z Updating files:  44% (4835/10987)
Java Distribution IT (windows-latest, temurin, 17)	UNKNOWN STEP	2025-10-14T11:26:51.2318870Z Updating files:  45% (4945/10987)
Java Distribution IT (windows-latest, temurin, 17)	UNKNOWN STEP	2025-10-14T11:26:51.2627894Z Updating files:  46% (5055/10987)
Java Distribution IT (windows-latest, temurin, 17)	UNKNOWN STEP	2025-10-14T11:26:51.2910981Z Updating files:  47% (5164/10987)
Java Distribution IT (windows-latest, temurin, 17)	UNKNOWN STEP	2025-10-14T11:26:51.3160132Z Updating files:  48% (5274/10987)
Java Distribution IT (windows-latest, temurin, 17)	UNKNOWN STEP	2025-10-14T11:26:51.3444405Z Updating files:  49% (5384/10987)
Java Distribution IT (windows-latest, temurin, 17)	UNKNOWN STEP	2025-10-14T11:26:51.4272318Z Updating files:  50% (5494/10987)
Java Distribution IT (windows-latest, temurin, 17)	UNKNOWN STEP	2025-10-14T11:26:51.4591016Z Updating files:  51% (5604/10987)
Java Distribution IT (windows-latest, temurin, 17)	UNKNOWN STEP	2025-10-14T11:26:51.4862513Z Updating files:  52% (5714/10987)
Java Distribution IT (windows-latest, temurin, 17)	UNKNOWN STEP	2025-10-14T11:26:51.4965603Z Updating files:  53% (5824/10987)
Java Distribution IT (windows-latest, temurin, 17)	UNKNOWN STEP	2025-10-14T11:26:51.5149224Z Updating files:  53% (5864/10987)
Java Distribution IT (windows-latest, temurin, 17)	UNKNOWN STEP	2025-10-14T11:26:51.5417750Z Updating files:  54% (5933/10987)
Java Distribution IT (windows-latest, temurin, 17)	UNKNOWN STEP	2025-10-14T11:26:51.5691988Z Updating files:  55% (6043/10987)
Java Distribution IT (windows-latest, temurin, 17)	UNKNOWN STEP	2025-10-14T11:26:51.5960680Z Updating files:  56% (6153/10987)
Java Distribution IT (windows-latest, temurin, 17)	UNKNOWN STEP	2025-10-14T11:26:51.6289756Z Updating files:  57% (6263/10987)
Java Distribution IT (windows-latest, temurin, 17)	UNKNOWN STEP	2025-10-14T11:26:51.6548011Z Updating files:  58% (6373/10987)
Java Distribution IT (windows-latest, temurin, 17)	UNKNOWN STEP	2025-10-14T11:26:51.6819879Z Updating files:  59% (6483/10987)
Java Distribution IT (windows-latest, temurin, 17)	UNKNOWN STEP	2025-10-14T11:26:51.7104004Z Updating files:  60% (6593/10987)
Java Distribution IT (windows-latest, temurin, 17)	UNKNOWN STEP	2025-10-14T11:26:51.7385680Z Updating files:  61% (6703/10987)
Java Distribution IT (windows-latest, temurin, 17)	UNKNOWN STEP	2025-10-14T11:26:51.7668022Z Updating files:  62% (6812/10987)
Java Distribution IT (windows-latest, temurin, 17)	UNKNOWN STEP	2025-10-14T11:26:51.7924421Z Updating files:  63% (6922/10987)
Java Distribution IT (windows-latest, temurin, 17)	UNKNOWN STEP	2025-10-14T11:26:51.8195915Z Updating files:  64% (7032/10987)
Java Distribution IT (windows-latest, temurin, 17)	UNKNOWN STEP	2025-10-14T11:26:51.8459745Z Updating files:  65% (7142/10987)
Java Distribution IT (windows-latest, temurin, 17)	UNKNOWN STEP	2025-10-14T11:26:51.8756423Z Updating files:  66% (7252/10987)
Java Distribution IT (windows-latest, temurin, 17)	UNKNOWN STEP	2025-10-14T11:26:51.9020964Z Updating files:  67% (7362/10987)
Java Distribution IT (windows-latest, temurin, 17)	UNKNOWN STEP	2025-10-14T11:26:51.9285286Z Updating files:  68% (7472/10987)
Java Distribution IT (windows-latest, temurin, 17)	UNKNOWN STEP	2025-10-14T11:26:51.9542000Z Updating files:  69% (7582/10987)
Java Distribution IT (windows-latest, temurin, 17)	UNKNOWN STEP	2025-10-14T11:26:51.9884608Z Updating files:  70% (7691/10987)
Java Distribution IT (windows-latest, temurin, 17)	UNKNOWN STEP	2025-10-14T11:26:52.1960986Z Updating files:  71% (7801/10987)
Java Distribution IT (windows-latest, temurin, 17)	UNKNOWN STEP	2025-10-14T11:26:52.2242096Z Updating files:  72% (7911/10987)
Java Distribution IT (windows-latest, temurin, 17)	UNKNOWN STEP	2025-10-14T11:26:52.2538413Z Updating files:  73% (8021/10987)
Java Distribution IT (windows-latest, temurin, 17)	UNKNOWN STEP	2025-10-14T11:26:52.2877409Z Updating files:  74% (8131/10987)
Java Distribution IT (windows-latest, temurin, 17)	UNKNOWN STEP	2025-10-14T11:26:52.3129352Z Updating files:  75% (8241/10987)
Java Distribution IT (windows-latest, temurin, 17)	UNKNOWN STEP	2025-10-14T11:26:52.3485155Z Updating files:  76% (8351/10987)
Java Distribution IT (windows-latest, temurin, 17)	UNKNOWN STEP	2025-10-14T11:26:52.3795126Z Updating files:  77% (8460/10987)
Java Distribution IT (windows-latest, temurin, 17)	UNKNOWN STEP	2025-10-14T11:26:52.4116105Z Updating files:  78% (8570/10987)
Java Distribution IT (windows-latest, temurin, 17)	UNKNOWN STEP	2025-10-14T11:26:52.4420746Z Updating files:  79% (8680/10987)
Java Distribution IT (windows-latest, temurin, 17)	UNKNOWN STEP	2025-10-14T11:26:52.4781141Z Updating files:  80% (8790/10987)
Java Distribution IT (windows-latest, temurin, 17)	UNKNOWN STEP	2025-10-14T11:26:52.4996930Z Updating files:  81% (8900/10987)
Java Distribution IT (windows-latest, temurin, 17)	UNKNOWN STEP	2025-10-14T11:26:52.5054412Z Updating files:  81% (8990/10987)
Java Distribution IT (windows-latest, temurin, 17)	UNKNOWN STEP	2025-10-14T11:26:52.5347603Z Updating files:  82% (9010/10987)
Java Distribution IT (windows-latest, temurin, 17)	UNKNOWN STEP	2025-10-14T11:26:52.5656983Z Updating files:  83% (9120/10987)
Java Distribution IT (windows-latest, temurin, 17)	UNKNOWN STEP	2025-10-14T11:26:52.5915837Z Updating files:  84% (9230/10987)
Java Distribution IT (windows-latest, temurin, 17)	UNKNOWN STEP	2025-10-14T11:26:52.6170581Z Updating files:  85% (9339/10987)
Java Distribution IT (windows-latest, temurin, 17)	UNKNOWN STEP	2025-10-14T11:26:52.6439680Z Updating files:  86% (9449/10987)
Java Distribution IT (windows-latest, temurin, 17)	UNKNOWN STEP	2025-10-14T11:26:52.6745067Z Updating files:  87% (9559/10987)
Java Distribution IT (windows-latest, temurin, 17)	UNKNOWN STEP	2025-10-14T11:26:52.7018023Z Updating files:  88% (9669/10987)
Java Distribution IT (windows-latest, temurin, 17)	UNKNOWN STEP	2025-10-14T11:26:52.7321674Z Updating files:  89% (9779/10987)
Java Distribution IT (windows-latest, temurin, 17)	UNKNOWN STEP	2025-10-14T11:26:52.7627332Z Updating files:  90% (9889/10987)
Java Distribution IT (windows-latest, temurin, 17)	UNKNOWN STEP	2025-10-14T11:26:52.7953834Z Updating files:  91% (9999/10987)
Java Distribution IT (windows-latest, temurin, 17)	UNKNOWN STEP	2025-10-14T11:26:52.8268304Z Updating files:  92% (10109/10987)
Java Distribution IT (windows-latest, temurin, 17)	UNKNOWN STEP	2025-10-14T11:26:52.8559531Z Updating files:  93% (10218/10987)
Java Distribution IT (windows-latest, temurin, 17)	UNKNOWN STEP	2025-10-14T11:26:52.8885990Z Updating files:  94% (10328/10987)
Java Distribution IT (windows-latest, temurin, 17)	UNKNOWN STEP	2025-10-14T11:26:52.9216589Z Updating files:  95% (10438/10987)
Java Distribution IT (windows-latest, temurin, 17)	UNKNOWN STEP	2025-10-14T11:26:52.9561645Z Updating files:  96% (10548/10987)
Java Distribution IT (windows-latest, temurin, 17)	UNKNOWN STEP	2025-10-14T11:26:52.9863103Z Updating files:  97% (10658/10987)
Java Distribution IT (windows-latest, temurin, 17)	UNKNOWN STEP	2025-10-14T11:26:53.0137367Z Updating files:  98% (10768/10987)
Java Distribution IT (windows-latest, temurin, 17)	UNKNOWN STEP	2025-10-14T11:26:53.0445783Z Updating files:  99% (10878/10987)
Java Distribution IT (windows-latest, temurin, 17)	UNKNOWN STEP	2025-10-14T11:26:53.0446817Z Updating files: 100% (10987/10987)
Java Distribution IT (windows-latest, temurin, 17)	UNKNOWN STEP	2025-10-14T11:26:53.0447436Z Updating files: 100% (10987/10987), done.
Java Distribution IT (windows-latest, temurin, 17)	UNKNOWN STEP	2025-10-14T11:26:53.1913128Z Note: switching to 'refs/remotes/pull/43441/merge'.
Java Distribution IT (windows-latest, temurin, 17)	UNKNOWN STEP	2025-10-14T11:26:53.1913528Z 
Java Distribution IT (windows-latest, temurin, 17)	UNKNOWN STEP	2025-10-14T11:26:53.1913867Z You are in 'detached HEAD' state. You can look around, make experimental
Java Distribution IT (windows-latest, temurin, 17)	UNKNOWN STEP	2025-10-14T11:26:53.1914553Z changes and commit them, and you can discard any commits you make in this
Java Distribution IT (windows-latest, temurin, 17)	UNKNOWN STEP	2025-10-14T11:26:53.1915264Z state without impacting any branches by switching back to a branch.
Java Distribution IT (windows-latest, temurin, 17)	UNKNOWN STEP	2025-10-14T11:26:53.1915692Z 
Java Distribution IT (windows-latest, temurin, 17)	UNKNOWN STEP	2025-10-14T11:26:53.1915990Z If you want to create a new branch to retain commits you create, you may
Java Distribution IT (windows-latest, temurin, 17)	UNKNOWN STEP	2025-10-14T11:26:53.1917171Z do so (now or later) by using -c with the switch command. Example:
Java Distribution IT (windows-latest, temurin, 17)	UNKNOWN STEP	2025-10-14T11:26:53.1917670Z 
Java Distribution IT (windows-latest, temurin, 17)	UNKNOWN STEP	2025-10-14T11:26:53.1917834Z   git switch -c <new-branch-name>
Java Distribution IT (windows-latest, temurin, 17)	UNKNOWN STEP	2025-10-14T11:26:53.1918420Z 
Java Distribution IT (windows-latest, temurin, 17)	UNKNOWN STEP	2025-10-14T11:26:53.1918558Z Or undo this operation with:
Java Distribution IT (windows-latest, temurin, 17)	UNKNOWN STEP	2025-10-14T11:26:53.1918790Z 
Java Distribution IT (windows-latest, temurin, 17)	UNKNOWN STEP	2025-10-14T11:26:53.1918905Z   git switch -
Java Distribution IT (windows-latest, temurin, 17)	UNKNOWN STEP	2025-10-14T11:26:53.1919061Z 
Java Distribution IT (windows-latest, temurin, 17)	UNKNOWN STEP	2025-10-14T11:26:53.1919374Z Turn off this advice by setting config variable advice.detachedHead to false
Java Distribution IT (windows-latest, temurin, 17)	UNKNOWN STEP	2025-10-14T11:26:53.1919934Z 
Java Distribution IT (windows-latest, temurin, 17)	UNKNOWN STEP	2025-10-14T11:26:53.1920539Z HEAD is now at 62176d2 Merge f95cab2edcfd0d5dd495cf851551c4d89f54cee7 into 4c1a1dee48f3dba212f8f50e1a39f12f0d2b14de
Java Distribution IT (windows-latest, temurin, 17)	UNKNOWN STEP	2025-10-14T11:26:53.2012450Z ##[endgroup]
Java Distribution IT (windows-latest, temurin, 17)	UNKNOWN STEP	2025-10-14T11:26:53.4402460Z [command]"C:\Program Files\Git\bin\git.exe" log -1 --format=%H
Java Distribution IT (windows-latest, temurin, 17)	UNKNOWN STEP	2025-10-14T11:26:53.5366294Z 62176d2d32f1543885e7ee5e6461394d99103b23
Java Distribution IT (windows-latest, temurin, 17)	UNKNOWN STEP	2025-10-14T11:26:53.6384987Z Prepare all required actions
Java Distribution IT (windows-latest, temurin, 17)	UNKNOWN STEP	2025-10-14T11:26:53.6386030Z Getting action download info
Java Distribution IT (windows-latest, temurin, 17)	UNKNOWN STEP	2025-10-14T11:26:53.7783794Z Download action repository 'actions/download-artifact@d3f86a106a0bac45b974a628896c90dbdf5c8093' (SHA:d3f86a106a0bac45b974a628896c90dbdf5c8093)
Java Distribution IT (windows-latest, temurin, 17)	UNKNOWN STEP	2025-10-14T11:26:54.1640110Z ##[group]Run ./.github/actions/integration-test-setup
Java Distribution IT (windows-latest, temurin, 17)	UNKNOWN STEP	2025-10-14T11:26:54.1640400Z with:
Java Distribution IT (windows-latest, temurin, 17)	UNKNOWN STEP	2025-10-14T11:26:54.1640551Z   jdk-dist: temurin
Java Distribution IT (windows-latest, temurin, 17)	UNKNOWN STEP	2025-10-14T11:26:54.1640708Z   jdk-version: 17
Java Distribution IT (windows-latest, temurin, 17)	UNKNOWN STEP	2025-10-14T11:26:54.1640858Z env:
Java Distribution IT (windows-latest, temurin, 17)	UNKNOWN STEP	2025-10-14T11:26:54.1641085Z   MAVEN_ARGS: -B -nsu -Daether.connector.http.connectionMaxTtl=25
Java Distribution IT (windows-latest, temurin, 17)	UNKNOWN STEP	2025-10-14T11:26:54.1641394Z   SUREFIRE_RERUN_FAILING_COUNT: 2
Java Distribution IT (windows-latest, temurin, 17)	UNKNOWN STEP	2025-10-14T11:26:54.1641647Z   SUREFIRE_RETRY: -Dsurefire.rerunFailingTestsCount=2
Java Distribution IT (windows-latest, temurin, 17)	UNKNOWN STEP	2025-10-14T11:26:54.1641912Z ##[endgroup]
Java Distribution IT (windows-latest, temurin, 17)	UNKNOWN STEP	2025-10-14T11:26:54.1835149Z Prepare all required actions
Java Distribution IT (windows-latest, temurin, 17)	UNKNOWN STEP	2025-10-14T11:26:54.1870550Z ##[group]Run ./.github/actions/update-hosts
Java Distribution IT (windows-latest, temurin, 17)	UNKNOWN STEP	2025-10-14T11:26:54.1870798Z env:
Java Distribution IT (windows-latest, temurin, 17)	UNKNOWN STEP	2025-10-14T11:26:54.1871082Z   MAVEN_ARGS: -B -nsu -Daether.connector.http.connectionMaxTtl=25
Java Distribution IT (windows-latest, temurin, 17)	UNKNOWN STEP	2025-10-14T11:26:54.1871390Z   SUREFIRE_RERUN_FAILING_COUNT: 2
Java Distribution IT (windows-latest, temurin, 17)	UNKNOWN STEP	2025-10-14T11:26:54.1871649Z   SUREFIRE_RETRY: -Dsurefire.rerunFailingTestsCount=2
Java Distribution IT (windows-latest, temurin, 17)	UNKNOWN STEP	2025-10-14T11:26:54.1871898Z ##[endgroup]
Java Distribution IT (windows-latest, temurin, 17)	UNKNOWN STEP	2025-10-14T11:26:54.2032259Z ##[group]Run "`n`n" | Add-Content C:\Windows\System32\drivers\etc\hosts
Java Distribution IT (windows-latest, temurin, 17)	UNKNOWN STEP	2025-10-14T11:26:54.2032774Z [36;1m"`n`n" | Add-Content C:\Windows\System32\drivers\etc\hosts[0m
Java Distribution IT (windows-latest, temurin, 17)	UNKNOWN STEP	2025-10-14T11:26:54.2033275Z [36;1mGet-Content .github/actions/update-hosts/hosts | Add-Content C:\Windows\System32\drivers\etc\hosts[0m
Java Distribution IT (windows-latest, temurin, 17)	UNKNOWN STEP	2025-10-14T11:26:55.9299325Z shell: C:\Windows\System32\WindowsPowerShell\v1.0\powershell.EXE -command ". '{0}'"
Java Distribution IT (windows-latest, temurin, 17)	UNKNOWN STEP	2025-10-14T11:26:55.9299790Z env:
Java Distribution IT (windows-latest, temurin, 17)	UNKNOWN STEP	2025-10-14T11:26:55.9300076Z   MAVEN_ARGS: -B -nsu -Daether.connector.http.connectionMaxTtl=25
Java Distribution IT (windows-latest, temurin, 17)	UNKNOWN STEP	2025-10-14T11:26:55.9300475Z   SUREFIRE_RERUN_FAILING_COUNT: 2
Java Distribution IT (windows-latest, temurin, 17)	UNKNOWN STEP	2025-10-14T11:26:55.9300787Z   SUREFIRE_RETRY: -Dsurefire.rerunFailingTestsCount=2
Java Distribution IT (windows-latest, temurin, 17)	UNKNOWN STEP	2025-10-14T11:26:55.9301120Z ##[endgroup]
Java Distribution IT (windows-latest, temurin, 17)	UNKNOWN STEP	2025-10-14T11:26:56.2988267Z Prepare all required actions
Java Distribution IT (windows-latest, temurin, 17)	UNKNOWN STEP	2025-10-14T11:26:56.2988528Z Getting action download info
Java Distribution IT (windows-latest, temurin, 17)	UNKNOWN STEP	2025-10-14T11:26:56.4653292Z Download action repository 'actions/setup-java@c5195efecf7bdfc987ee8bae7a71cb8b11521c00' (SHA:c5195efecf7bdfc987ee8bae7a71cb8b11521c00)
Java Distribution IT (windows-latest, temurin, 17)	UNKNOWN STEP	2025-10-14T11:26:56.8799412Z ##[group]Run ./.github/actions/java-setup
Java Distribution IT (windows-latest, temurin, 17)	UNKNOWN STEP	2025-10-14T11:26:56.8799653Z with:
Java Distribution IT (windows-latest, temurin, 17)	UNKNOWN STEP	2025-10-14T11:26:56.8799797Z   distribution: temurin
Java Distribution IT (windows-latest, temurin, 17)	UNKNOWN STEP	2025-10-14T11:26:56.8799961Z   java-version: 17
Java Distribution IT (windows-latest, temurin, 17)	UNKNOWN STEP	2025-10-14T11:26:56.8800103Z env:
Java Distribution IT (windows-latest, temurin, 17)	UNKNOWN STEP	2025-10-14T11:26:56.8800326Z   MAVEN_ARGS: -B -nsu -Daether.connector.http.connectionMaxTtl=25
Java Distribution IT (windows-latest, temurin, 17)	UNKNOWN STEP	2025-10-14T11:26:56.8800624Z   SUREFIRE_RERUN_FAILING_COUNT: 2
Java Distribution IT (windows-latest, temurin, 17)	UNKNOWN STEP	2025-10-14T11:26:56.8800872Z   SUREFIRE_RETRY: -Dsurefire.rerunFailingTestsCount=2
Java Distribution IT (windows-latest, temurin, 17)	UNKNOWN STEP	2025-10-14T11:26:56.8801115Z ##[endgroup]
Java Distribution IT (windows-latest, temurin, 17)	UNKNOWN STEP	2025-10-14T11:26:56.8961125Z ##[group]Run actions/setup-java@c5195efecf7bdfc987ee8bae7a71cb8b11521c00
Java Distribution IT (windows-latest, temurin, 17)	UNKNOWN STEP	2025-10-14T11:26:56.8961476Z with:
Java Distribution IT (windows-latest, temurin, 17)	UNKNOWN STEP	2025-10-14T11:26:56.8961647Z   distribution: temurin
Java Distribution IT (windows-latest, temurin, 17)	UNKNOWN STEP	2025-10-14T11:26:56.8961831Z   java-version: 17
Java Distribution IT (windows-latest, temurin, 17)	UNKNOWN STEP	2025-10-14T11:26:56.8961999Z   java-package: jdk
Java Distribution IT (windows-latest, temurin, 17)	UNKNOWN STEP	2025-10-14T11:26:56.8962175Z   check-latest: false
Java Distribution IT (windows-latest, temurin, 17)	UNKNOWN STEP	2025-10-14T11:26:56.8962341Z   server-id: github
Java Distribution IT (windows-latest, temurin, 17)	UNKNOWN STEP	2025-10-14T11:26:56.8962512Z   server-username: GITHUB_ACTOR
Java Distribution IT (windows-latest, temurin, 17)	UNKNOWN STEP	2025-10-14T11:26:56.8962722Z   server-password: GITHUB_TOKEN
Java Distribution IT (windows-latest, temurin, 17)	UNKNOWN STEP	2025-10-14T11:26:56.8963141Z   overwrite-settings: true
Java Distribution IT (windows-latest, temurin, 17)	UNKNOWN STEP	2025-10-14T11:26:56.8963328Z   job-status: success
Java Distribution IT (windows-latest, temurin, 17)	UNKNOWN STEP	2025-10-14T11:26:56.8963625Z   token: ***
Java Distribution IT (windows-latest, temurin, 17)	UNKNOWN STEP	2025-10-14T11:26:56.8963811Z env:
Java Distribution IT (windows-latest, temurin, 17)	UNKNOWN STEP	2025-10-14T11:26:56.8964042Z   MAVEN_ARGS: -B -nsu -Daether.connector.http.connectionMaxTtl=25
Java Distribution IT (windows-latest, temurin, 17)	UNKNOWN STEP	2025-10-14T11:26:56.8964356Z   SUREFIRE_RERUN_FAILING_COUNT: 2
Java Distribution IT (windows-latest, temurin, 17)	UNKNOWN STEP	2025-10-14T11:26:56.8964605Z   SUREFIRE_RETRY: -Dsurefire.rerunFailingTestsCount=2
Java Distribution IT (windows-latest, temurin, 17)	UNKNOWN STEP	2025-10-14T11:26:56.8964910Z ##[endgroup]
Java Distribution IT (windows-latest, temurin, 17)	UNKNOWN STEP	2025-10-14T11:26:57.1930964Z ##[group]Installed distributions
Java Distribution IT (windows-latest, temurin, 17)	UNKNOWN STEP	2025-10-14T11:26:57.5631087Z Resolved Java 17.0.16+8 from tool-cache
Java Distribution IT (windows-latest, temurin, 17)	UNKNOWN STEP	2025-10-14T11:26:57.5631497Z Setting Java 17.0.16+8 as the default
Java Distribution IT (windows-latest, temurin, 17)	UNKNOWN STEP	2025-10-14T11:26:57.5661360Z Creating toolchains.xml for JDK version 17 from temurin
Java Distribution IT (windows-latest, temurin, 17)	UNKNOWN STEP	2025-10-14T11:26:57.5767966Z Writing to C:\Users\runneradmin\.m2\toolchains.xml
Java Distribution IT (windows-latest, temurin, 17)	UNKNOWN STEP	2025-10-14T11:26:57.5771478Z 
Java Distribution IT (windows-latest, temurin, 17)	UNKNOWN STEP	2025-10-14T11:26:57.5772460Z Java configuration:
Java Distribution IT (windows-latest, temurin, 17)	UNKNOWN STEP	2025-10-14T11:26:57.5772807Z   Distribution: temurin
Java Distribution IT (windows-latest, temurin, 17)	UNKNOWN STEP	2025-10-14T11:26:57.5773115Z   Version: 17.0.16+8
Java Distribution IT (windows-latest, temurin, 17)	UNKNOWN STEP	2025-10-14T11:26:57.5773646Z   Path: C:\hostedtoolcache\windows\Java_Temurin-Hotspot_jdk\17.0.16-8\x64
Java Distribution IT (windows-latest, temurin, 17)	UNKNOWN STEP	2025-10-14T11:26:57.5774123Z 
Java Distribution IT (windows-latest, temurin, 17)	UNKNOWN STEP	2025-10-14T11:26:57.5775094Z ##[endgroup]
Java Distribution IT (windows-latest, temurin, 17)	UNKNOWN STEP	2025-10-14T11:26:57.5793352Z Creating settings.xml with server-id: github
Java Distribution IT (windows-latest, temurin, 17)	UNKNOWN STEP	2025-10-14T11:26:57.5805249Z Writing to C:\Users\runneradmin\.m2\settings.xml
Java Distribution IT (windows-latest, temurin, 17)	UNKNOWN STEP	2025-10-14T11:26:57.6063882Z Prepare all required actions
Java Distribution IT (windows-latest, temurin, 17)	UNKNOWN STEP	2025-10-14T11:26:57.6064155Z Getting action download info
Java Distribution IT (windows-latest, temurin, 17)	UNKNOWN STEP	2025-10-14T11:26:57.7468490Z Download action repository 'actions/cache@5a3ec84eff668545956fd18022155c47e93e2684' (SHA:5a3ec84eff668545956fd18022155c47e93e2684)
Java Distribution IT (windows-latest, temurin, 17)	UNKNOWN STEP	2025-10-14T11:26:58.2205625Z ##[group]Run ./.github/actions/maven-cache
Java Distribution IT (windows-latest, temurin, 17)	UNKNOWN STEP	2025-10-14T11:26:58.2205889Z with:
Java Distribution IT (windows-latest, temurin, 17)	UNKNOWN STEP	2025-10-14T11:26:58.2206060Z   create-cache-if-it-doesnt-exist: false
Java Distribution IT (windows-latest, temurin, 17)	UNKNOWN STEP	2025-10-14T11:26:58.2206283Z env:
Java Distribution IT (windows-latest, temurin, 17)	UNKNOWN STEP	2025-10-14T11:26:58.2206521Z   MAVEN_ARGS: -B -nsu -Daether.connector.http.connectionMaxTtl=25
Java Distribution IT (windows-latest, temurin, 17)	UNKNOWN STEP	2025-10-14T11:26:58.2206831Z   SUREFIRE_RERUN_FAILING_COUNT: 2
Java Distribution IT (windows-latest, temurin, 17)	UNKNOWN STEP	2025-10-14T11:26:58.2207097Z   SUREFIRE_RETRY: -Dsurefire.rerunFailingTestsCount=2
Java Distribution IT (windows-latest, temurin, 17)	UNKNOWN STEP	2025-10-14T11:26:58.2207480Z   JAVA_HOME: C:\hostedtoolcache\windows\Java_Temurin-Hotspot_jdk\17.0.16-8\x64
Java Distribution IT (windows-latest, temurin, 17)	UNKNOWN STEP	2025-10-14T11:26:58.2207919Z   JAVA_HOME_17_X64: C:\hostedtoolcache\windows\Java_Temurin-Hotspot_jdk\17.0.16-8\x64
Java Distribution IT (windows-latest, temurin, 17)	UNKNOWN STEP	2025-10-14T11:26:58.2208241Z ##[endgroup]
Java Distribution IT (windows-latest, temurin, 17)	UNKNOWN STEP	2025-10-14T11:26:58.2334787Z ##[group]Run echo "key=mvn-`date -u "+%Y-%U"`" >> $GITHUB_OUTPUT
Java Distribution IT (windows-latest, temurin, 17)	UNKNOWN STEP	2025-10-14T11:26:58.2335174Z [36;1mecho "key=mvn-`date -u "+%Y-%U"`" >> $GITHUB_OUTPUT[0m
Java Distribution IT (windows-latest, temurin, 17)	UNKNOWN STEP	2025-10-14T11:26:58.2352486Z shell: C:\Program Files\Git\bin\bash.EXE --noprofile --norc -e -o pipefail {0}
Java Distribution IT (windows-latest, temurin, 17)	UNKNOWN STEP	2025-10-14T11:26:58.2352826Z env:
Java Distribution IT (windows-latest, temurin, 17)	UNKNOWN STEP	2025-10-14T11:26:58.2353090Z   MAVEN_ARGS: -B -nsu -Daether.connector.http.connectionMaxTtl=25
Java Distribution IT (windows-latest, temurin, 17)	UNKNOWN STEP	2025-10-14T11:26:58.2353403Z   SUREFIRE_RERUN_FAILING_COUNT: 2
Java Distribution IT (windows-latest, temurin, 17)	UNKNOWN STEP	2025-10-14T11:26:58.2353667Z   SUREFIRE_RETRY: -Dsurefire.rerunFailingTestsCount=2
Java Distribution IT (windows-latest, temurin, 17)	UNKNOWN STEP	2025-10-14T11:26:58.2354363Z   JAVA_HOME: C:\hostedtoolcache\windows\Java_Temurin-Hotspot_jdk\17.0.16-8\x64
Java Distribution IT (windows-latest, temurin, 17)	UNKNOWN STEP	2025-10-14T11:26:58.2354817Z   JAVA_HOME_17_X64: C:\hostedtoolcache\windows\Java_Temurin-Hotspot_jdk\17.0.16-8\x64
Java Distribution IT (windows-latest, temurin, 17)	UNKNOWN STEP	2025-10-14T11:26:58.2355146Z ##[endgroup]
Java Distribution IT (windows-latest, temurin, 17)	UNKNOWN STEP	2025-10-14T11:27:00.1451676Z ##[group]Run actions/cache/restore@5a3ec84eff668545956fd18022155c47e93e2684
Java Distribution IT (windows-latest, temurin, 17)	UNKNOWN STEP	2025-10-14T11:27:00.1451994Z with:
Java Distribution IT (windows-latest, temurin, 17)	UNKNOWN STEP	2025-10-14T11:27:00.1452226Z   path: ~/.m2/repository/*/*
Java Distribution IT (windows-latest, temurin, 17)	UNKNOWN STEP	!~/.m2/repository/org/keycloak
Java Distribution IT (windows-latest, temurin, 17)	UNKNOWN STEP	
Java Distribution IT (windows-latest, temurin, 17)	UNKNOWN STEP	2025-10-14T11:27:00.1452516Z   key: mvn-Windows-mvn-2025-41
Java Distribution IT (windows-latest, temurin, 17)	UNKNOWN STEP	2025-10-14T11:27:00.1452718Z   restore-keys: mvn--mvn-2025-41
Java Distribution IT (windows-latest, temurin, 17)	UNKNOWN STEP	
Java Distribution IT (windows-latest, temurin, 17)	UNKNOWN STEP	2025-10-14T11:27:00.1452933Z   enableCrossOsArchive: true
Java Distribution IT (windows-latest, temurin, 17)	UNKNOWN STEP	2025-10-14T11:27:00.1453122Z   fail-on-cache-miss: false
Java Distribution IT (windows-latest, temurin, 17)	UNKNOWN STEP	2025-10-14T11:27:00.1453304Z   lookup-only: false
Java Distribution IT (windows-latest, temurin, 17)	UNKNOWN STEP	2025-10-14T11:27:00.1453467Z env:
Java Distribution IT (windows-latest, temurin, 17)	UNKNOWN STEP	2025-10-14T11:27:00.1453698Z   MAVEN_ARGS: -B -nsu -Daether.connector.http.connectionMaxTtl=25
Java Distribution IT (windows-latest, temurin, 17)	UNKNOWN STEP	2025-10-14T11:27:00.1453994Z   SUREFIRE_RERUN_FAILING_COUNT: 2
Java Distribution IT (windows-latest, temurin, 17)	UNKNOWN STEP	2025-10-14T11:27:00.1454246Z   SUREFIRE_RETRY: -Dsurefire.rerunFailingTestsCount=2
Java Distribution IT (windows-latest, temurin, 17)	UNKNOWN STEP	2025-10-14T11:27:00.1454619Z   JAVA_HOME: C:\hostedtoolcache\windows\Java_Temurin-Hotspot_jdk\17.0.16-8\x64
Java Distribution IT (windows-latest, temurin, 17)	UNKNOWN STEP	2025-10-14T11:27:00.1455794Z   JAVA_HOME_17_X64: C:\hostedtoolcache\windows\Java_Temurin-Hotspot_jdk\17.0.16-8\x64
Java Distribution IT (windows-latest, temurin, 17)	UNKNOWN STEP	2025-10-14T11:27:00.1456119Z ##[endgroup]
Java Distribution IT (windows-latest, temurin, 17)	UNKNOWN STEP	2025-10-14T11:27:01.0623776Z Cache not found for input keys: mvn-Windows-mvn-2025-41, mvn--mvn-2025-41
Java Distribution IT (windows-latest, temurin, 17)	UNKNOWN STEP	2025-10-14T11:27:01.0852691Z Prepare all required actions
Java Distribution IT (windows-latest, temurin, 17)	UNKNOWN STEP	2025-10-14T11:27:01.0852973Z Getting action download info
Java Distribution IT (windows-latest, temurin, 17)	UNKNOWN STEP	2025-10-14T11:27:01.2431619Z ##[group]Run ./.github/actions/node-cache
Java Distribution IT (windows-latest, temurin, 17)	UNKNOWN STEP	2025-10-14T11:27:01.2431847Z env:
Java Distribution IT (windows-latest, temurin, 17)	UNKNOWN STEP	2025-10-14T11:27:01.2432083Z   MAVEN_ARGS: -B -nsu -Daether.connector.http.connectionMaxTtl=25
Java Distribution IT (windows-latest, temurin, 17)	UNKNOWN STEP	2025-10-14T11:27:01.2432408Z   SUREFIRE_RERUN_FAILING_COUNT: 2
Java Distribution IT (windows-latest, temurin, 17)	UNKNOWN STEP	2025-10-14T11:27:01.2433333Z   SUREFIRE_RETRY: -Dsurefire.rerunFailingTestsCount=2
Java Distribution IT (windows-latest, temurin, 17)	UNKNOWN STEP	2025-10-14T11:27:01.2433749Z   JAVA_HOME: C:\hostedtoolcache\windows\Java_Temurin-Hotspot_jdk\17.0.16-8\x64
Java Distribution IT (windows-latest, temurin, 17)	UNKNOWN STEP	2025-10-14T11:27:01.2434185Z   JAVA_HOME_17_X64: C:\hostedtoolcache\windows\Java_Temurin-Hotspot_jdk\17.0.16-8\x64
Java Distribution IT (windows-latest, temurin, 17)	UNKNOWN STEP	2025-10-14T11:27:01.2434510Z ##[endgroup]
Java Distribution IT (windows-latest, temurin, 17)	UNKNOWN STEP	2025-10-14T11:27:01.2561282Z ##[group]Run echo "node=$(cat js/pom.xml | grep '<node.version>' | cut -d '>' -f 2 | cut -d '<' -f 1 | cut -c 2-)" >> $GITHUB_OUTPUT
Java Distribution IT (windows-latest, temurin, 17)	UNKNOWN STEP	2025-10-14T11:27:01.2562031Z [36;1mecho "node=$(cat js/pom.xml | grep '<node.version>' | cut -d '>' -f 2 | cut -d '<' -f 1 | cut -c 2-)" >> $GITHUB_OUTPUT[0m
Java Distribution IT (windows-latest, temurin, 17)	UNKNOWN STEP	2025-10-14T11:27:01.2562754Z [36;1mecho "pnpm=$(cat js/pom.xml | grep '<pnpm.version>' | cut -d '>' -f 2 | cut -d '<' -f 1 | cut -c 1-)" >> $GITHUB_OUTPUT[0m
Java Distribution IT (windows-latest, temurin, 17)	UNKNOWN STEP	2025-10-14T11:27:01.2576745Z shell: C:\Program Files\Git\bin\bash.EXE --noprofile --norc -e -o pipefail {0}
Java Distribution IT (windows-latest, temurin, 17)	UNKNOWN STEP	2025-10-14T11:27:01.2577177Z env:
Java Distribution IT (windows-latest, temurin, 17)	UNKNOWN STEP	2025-10-14T11:27:01.2577486Z   MAVEN_ARGS: -B -nsu -Daether.connector.http.connectionMaxTtl=25
Java Distribution IT (windows-latest, temurin, 17)	UNKNOWN STEP	2025-10-14T11:27:01.2577939Z   SUREFIRE_RERUN_FAILING_COUNT: 2
Java Distribution IT (windows-latest, temurin, 17)	UNKNOWN STEP	2025-10-14T11:27:01.2578296Z   SUREFIRE_RETRY: -Dsurefire.rerunFailingTestsCount=2
Java Distribution IT (windows-latest, temurin, 17)	UNKNOWN STEP	2025-10-14T11:27:01.2578738Z   JAVA_HOME: C:\hostedtoolcache\windows\Java_Temurin-Hotspot_jdk\17.0.16-8\x64
Java Distribution IT (windows-latest, temurin, 17)	UNKNOWN STEP	2025-10-14T11:27:01.2579313Z   JAVA_HOME_17_X64: C:\hostedtoolcache\windows\Java_Temurin-Hotspot_jdk\17.0.16-8\x64
Java Distribution IT (windows-latest, temurin, 17)	UNKNOWN STEP	2025-10-14T11:27:01.2595868Z ##[endgroup]
Java Distribution IT (windows-latest, temurin, 17)	UNKNOWN STEP	2025-10-14T11:27:02.3751400Z ##[group]Run actions/cache@5a3ec84eff668545956fd18022155c47e93e2684
Java Distribution IT (windows-latest, temurin, 17)	UNKNOWN STEP	2025-10-14T11:27:02.3751695Z with:
Java Distribution IT (windows-latest, temurin, 17)	UNKNOWN STEP	2025-10-14T11:27:02.3752033Z   path: ~/.m2/repository/com/github/eirslett/node
Java Distribution IT (windows-latest, temurin, 17)	UNKNOWN STEP	~/.m2/repository/com/github/eirslett/pnpm
Java Distribution IT (windows-latest, temurin, 17)	UNKNOWN STEP	
Java Distribution IT (windows-latest, temurin, 17)	UNKNOWN STEP	2025-10-14T11:27:02.3752494Z   key: Windows-frontend-plugin-artifacts-22.18.0-10.14.0
Java Distribution IT (windows-latest, temurin, 17)	UNKNOWN STEP	2025-10-14T11:27:02.3752779Z   enableCrossOsArchive: false
Java Distribution IT (windows-latest, temurin, 17)	UNKNOWN STEP	2025-10-14T11:27:02.3752983Z   fail-on-cache-miss: false
Java Distribution IT (windows-latest, temurin, 17)	UNKNOWN STEP	2025-10-14T11:27:02.3753173Z   lookup-only: false
Java Distribution IT (windows-latest, temurin, 17)	UNKNOWN STEP	2025-10-14T11:27:02.3753333Z   save-always: false
Java Distribution IT (windows-latest, temurin, 17)	UNKNOWN STEP	2025-10-14T11:27:02.3753501Z env:
Java Distribution IT (windows-latest, temurin, 17)	UNKNOWN STEP	2025-10-14T11:27:02.3753761Z   MAVEN_ARGS: -B -nsu -Daether.connector.http.connectionMaxTtl=25
Java Distribution IT (windows-latest, temurin, 17)	UNKNOWN STEP	2025-10-14T11:27:02.3754069Z   SUREFIRE_RERUN_FAILING_COUNT: 2
Java Distribution IT (windows-latest, temurin, 17)	UNKNOWN STEP	2025-10-14T11:27:02.3754325Z   SUREFIRE_RETRY: -Dsurefire.rerunFailingTestsCount=2
Java Distribution IT (windows-latest, temurin, 17)	UNKNOWN STEP	2025-10-14T11:27:02.3754690Z   JAVA_HOME: C:\hostedtoolcache\windows\Java_Temurin-Hotspot_jdk\17.0.16-8\x64
Java Distribution IT (windows-latest, temurin, 17)	UNKNOWN STEP	2025-10-14T11:27:02.3755354Z   JAVA_HOME_17_X64: C:\hostedtoolcache\windows\Java_Temurin-Hotspot_jdk\17.0.16-8\x64
Java Distribution IT (windows-latest, temurin, 17)	UNKNOWN STEP	2025-10-14T11:27:02.3755808Z ##[endgroup]
Java Distribution IT (windows-latest, temurin, 17)	UNKNOWN STEP	2025-10-14T11:27:02.7945620Z Cache hit for: Windows-frontend-plugin-artifacts-22.18.0-10.14.0
Java Distribution IT (windows-latest, temurin, 17)	UNKNOWN STEP	2025-10-14T11:27:03.5075417Z Received 89550669 of 89550669 (100.0%), 132.8 MBs/sec
Java Distribution IT (windows-latest, temurin, 17)	UNKNOWN STEP	2025-10-14T11:27:03.5079443Z Cache Size: ~85 MB (89550669 B)
Java Distribution IT (windows-latest, temurin, 17)	UNKNOWN STEP	2025-10-14T11:27:03.7987573Z [command]"C:\Program Files\Git\usr\bin\tar.exe" -xf D:/a/_temp/7e900265-129d-4550-b5a7-9ba2c94d47d2/cache.tzst -P -C D:/a/keycloak/keycloak --force-local --use-compress-program "zstd -d"
Java Distribution IT (windows-latest, temurin, 17)	UNKNOWN STEP	2025-10-14T11:27:05.1957967Z Cache restored successfully
Java Distribution IT (windows-latest, temurin, 17)	UNKNOWN STEP	2025-10-14T11:27:05.2132646Z Cache restored from key: Windows-frontend-plugin-artifacts-22.18.0-10.14.0
Java Distribution IT (windows-latest, temurin, 17)	UNKNOWN STEP	2025-10-14T11:27:05.2404735Z Prepare all required actions
Java Distribution IT (windows-latest, temurin, 17)	UNKNOWN STEP	2025-10-14T11:27:05.2405025Z Getting action download info
Java Distribution IT (windows-latest, temurin, 17)	UNKNOWN STEP	2025-10-14T11:27:05.3820975Z ##[group]Run ./.github/actions/pnpm-store-cache
Java Distribution IT (windows-latest, temurin, 17)	UNKNOWN STEP	2025-10-14T11:27:05.3821361Z env:
Java Distribution IT (windows-latest, temurin, 17)	UNKNOWN STEP	2025-10-14T11:27:05.3821604Z   MAVEN_ARGS: -B -nsu -Daether.connector.http.connectionMaxTtl=25
Java Distribution IT (windows-latest, temurin, 17)	UNKNOWN STEP	2025-10-14T11:27:05.3821917Z   SUREFIRE_RERUN_FAILING_COUNT: 2
Java Distribution IT (windows-latest, temurin, 17)	UNKNOWN STEP	2025-10-14T11:27:05.3822178Z   SUREFIRE_RETRY: -Dsurefire.rerunFailingTestsCount=2
Java Distribution IT (windows-latest, temurin, 17)	UNKNOWN STEP	2025-10-14T11:27:05.3822555Z   JAVA_HOME: C:\hostedtoolcache\windows\Java_Temurin-Hotspot_jdk\17.0.16-8\x64
Java Distribution IT (windows-latest, temurin, 17)	UNKNOWN STEP	2025-10-14T11:27:05.3823009Z   JAVA_HOME_17_X64: C:\hostedtoolcache\windows\Java_Temurin-Hotspot_jdk\17.0.16-8\x64
Java Distribution IT (windows-latest, temurin, 17)	UNKNOWN STEP	2025-10-14T11:27:05.3823346Z ##[endgroup]
Java Distribution IT (windows-latest, temurin, 17)	UNKNOWN STEP	2025-10-14T11:27:05.3941647Z ##[group]Run echo "key=pnpm-store-`date -u "+%Y-%U"`" >> $GITHUB_OUTPUT
Java Distribution IT (windows-latest, temurin, 17)	UNKNOWN STEP	2025-10-14T11:27:05.3942211Z [36;1mecho "key=pnpm-store-`date -u "+%Y-%U"`" >> $GITHUB_OUTPUT[0m
Java Distribution IT (windows-latest, temurin, 17)	UNKNOWN STEP	2025-10-14T11:27:05.3955763Z shell: C:\Program Files\Git\bin\bash.EXE --noprofile --norc -e -o pipefail {0}
Java Distribution IT (windows-latest, temurin, 17)	UNKNOWN STEP	2025-10-14T11:27:05.3956098Z env:
Java Distribution IT (windows-latest, temurin, 17)	UNKNOWN STEP	2025-10-14T11:27:05.3956334Z   MAVEN_ARGS: -B -nsu -Daether.connector.http.connectionMaxTtl=25
Java Distribution IT (windows-latest, temurin, 17)	UNKNOWN STEP	2025-10-14T11:27:05.3956663Z   SUREFIRE_RERUN_FAILING_COUNT: 2
Java Distribution IT (windows-latest, temurin, 17)	UNKNOWN STEP	2025-10-14T11:27:05.3956940Z   SUREFIRE_RETRY: -Dsurefire.rerunFailingTestsCount=2
Java Distribution IT (windows-latest, temurin, 17)	UNKNOWN STEP	2025-10-14T11:27:05.3957315Z   JAVA_HOME: C:\hostedtoolcache\windows\Java_Temurin-Hotspot_jdk\17.0.16-8\x64
Java Distribution IT (windows-latest, temurin, 17)	UNKNOWN STEP	2025-10-14T11:27:05.3957757Z   JAVA_HOME_17_X64: C:\hostedtoolcache\windows\Java_Temurin-Hotspot_jdk\17.0.16-8\x64
Java Distribution IT (windows-latest, temurin, 17)	UNKNOWN STEP	2025-10-14T11:27:05.3958088Z ##[endgroup]
Java Distribution IT (windows-latest, temurin, 17)	UNKNOWN STEP	2025-10-14T11:27:05.4936111Z ##[group]Run actions/cache@5a3ec84eff668545956fd18022155c47e93e2684
Java Distribution IT (windows-latest, temurin, 17)	UNKNOWN STEP	2025-10-14T11:27:05.4936407Z with:
Java Distribution IT (windows-latest, temurin, 17)	UNKNOWN STEP	2025-10-14T11:27:05.4936710Z   path: ~/.local/share/pnpm/store
Java Distribution IT (windows-latest, temurin, 17)	UNKNOWN STEP	~/AppData/Local/pnpm/store
Java Distribution IT (windows-latest, temurin, 17)	UNKNOWN STEP	~/Library/pnpm/store
Java Distribution IT (windows-latest, temurin, 17)	UNKNOWN STEP	
Java Distribution IT (windows-latest, temurin, 17)	UNKNOWN STEP	2025-10-14T11:27:05.4937079Z   key: Windows-pnpm-store-2025-41
Java Distribution IT (windows-latest, temurin, 17)	UNKNOWN STEP	2025-10-14T11:27:05.4937319Z   enableCrossOsArchive: false
Java Distribution IT (windows-latest, temurin, 17)	UNKNOWN STEP	2025-10-14T11:27:05.4937526Z   fail-on-cache-miss: false
Java Distribution IT (windows-latest, temurin, 17)	UNKNOWN STEP	2025-10-14T11:27:05.4937707Z   lookup-only: false
Java Distribution IT (windows-latest, temurin, 17)	UNKNOWN STEP	2025-10-14T11:27:05.4937874Z   save-always: false
Java Distribution IT (windows-latest, temurin, 17)	UNKNOWN STEP	2025-10-14T11:27:05.4938027Z env:
Java Distribution IT (windows-latest, temurin, 17)	UNKNOWN STEP	2025-10-14T11:27:05.4938265Z   MAVEN_ARGS: -B -nsu -Daether.connector.http.connectionMaxTtl=25
Java Distribution IT (windows-latest, temurin, 17)	UNKNOWN STEP	2025-10-14T11:27:05.4938579Z   SUREFIRE_RERUN_FAILING_COUNT: 2
Java Distribution IT (windows-latest, temurin, 17)	UNKNOWN STEP	2025-10-14T11:27:05.4938837Z   SUREFIRE_RETRY: -Dsurefire.rerunFailingTestsCount=2
Java Distribution IT (windows-latest, temurin, 17)	UNKNOWN STEP	2025-10-14T11:27:05.4939216Z   JAVA_HOME: C:\hostedtoolcache\windows\Java_Temurin-Hotspot_jdk\17.0.16-8\x64
Java Distribution IT (windows-latest, temurin, 17)	UNKNOWN STEP	2025-10-14T11:27:05.4939695Z   JAVA_HOME_17_X64: C:\hostedtoolcache\windows\Java_Temurin-Hotspot_jdk\17.0.16-8\x64
Java Distribution IT (windows-latest, temurin, 17)	UNKNOWN STEP	2025-10-14T11:27:05.4940039Z ##[endgroup]
Java Distribution IT (windows-latest, temurin, 17)	UNKNOWN STEP	2025-10-14T11:27:05.8492029Z Cache not found for input keys: Windows-pnpm-store-2025-41
Java Distribution IT (windows-latest, temurin, 17)	UNKNOWN STEP	2025-10-14T11:27:05.8737755Z ##[group]Run actions/download-artifact@d3f86a106a0bac45b974a628896c90dbdf5c8093
Java Distribution IT (windows-latest, temurin, 17)	UNKNOWN STEP	2025-10-14T11:27:05.8738104Z with:
Java Distribution IT (windows-latest, temurin, 17)	UNKNOWN STEP	2025-10-14T11:27:05.8738330Z   name: m2-keycloak.tzts
Java Distribution IT (windows-latest, temurin, 17)	UNKNOWN STEP	2025-10-14T11:27:05.8738842Z   merge-multiple: false
Java Distribution IT (windows-latest, temurin, 17)	UNKNOWN STEP	2025-10-14T11:27:05.8739029Z   repository: keycloak/keycloak
Java Distribution IT (windows-latest, temurin, 17)	UNKNOWN STEP	2025-10-14T11:27:05.8739222Z   run-id: 18494847369
Java Distribution IT (windows-latest, temurin, 17)	UNKNOWN STEP	2025-10-14T11:27:05.8739379Z env:
Java Distribution IT (windows-latest, temurin, 17)	UNKNOWN STEP	2025-10-14T11:27:05.8739607Z   MAVEN_ARGS: -B -nsu -Daether.connector.http.connectionMaxTtl=25
Java Distribution IT (windows-latest, temurin, 17)	UNKNOWN STEP	2025-10-14T11:27:05.8739927Z   SUREFIRE_RERUN_FAILING_COUNT: 2
Java Distribution IT (windows-latest, temurin, 17)	UNKNOWN STEP	2025-10-14T11:27:05.8740188Z   SUREFIRE_RETRY: -Dsurefire.rerunFailingTestsCount=2
Java Distribution IT (windows-latest, temurin, 17)	UNKNOWN STEP	2025-10-14T11:27:05.8740559Z   JAVA_HOME: C:\hostedtoolcache\windows\Java_Temurin-Hotspot_jdk\17.0.16-8\x64
Java Distribution IT (windows-latest, temurin, 17)	UNKNOWN STEP	2025-10-14T11:27:05.8741000Z   JAVA_HOME_17_X64: C:\hostedtoolcache\windows\Java_Temurin-Hotspot_jdk\17.0.16-8\x64
Java Distribution IT (windows-latest, temurin, 17)	UNKNOWN STEP	2025-10-14T11:27:05.8741329Z ##[endgroup]
Java Distribution IT (windows-latest, temurin, 17)	UNKNOWN STEP	2025-10-14T11:27:06.1409820Z Downloading single artifact
Java Distribution IT (windows-latest, temurin, 17)	UNKNOWN STEP	2025-10-14T11:27:06.2499030Z Preparing to download the following artifacts:
Java Distribution IT (windows-latest, temurin, 17)	UNKNOWN STEP	2025-10-14T11:27:06.2500488Z - m2-keycloak.tzts (ID: 4264308605, Size: 396571474, Expected Digest: sha256:c7dd3f7af59f5d4e4cba3fee2c089fa1606544198e8fe3418162bd7493225ef9)
Java Distribution IT (windows-latest, temurin, 17)	UNKNOWN STEP	2025-10-14T11:27:06.3450267Z Redirecting to blob download url: https://productionresultssa0.blob.core.windows.net/actions-results/03f9d822-9d52-4c91-b0da-494c6ad143c9/workflow-job-run-e5556e8a-dca1-55c9-b15e-ab8e6e63d142/artifacts/edc4cfb0355d37e325eaae6eb235756b36f79720f66ece617babf28220e9d051.zip
Java Distribution IT (windows-latest, temurin, 17)	UNKNOWN STEP	2025-10-14T11:27:06.3451875Z Starting download of artifact to: D:\a\keycloak\keycloak
Java Distribution IT (windows-latest, temurin, 17)	UNKNOWN STEP	2025-10-14T11:27:06.4351571Z (node:7816) [DEP0005] DeprecationWarning: Buffer() is deprecated due to security and usability issues. Please use the Buffer.alloc(), Buffer.allocUnsafe(), or Buffer.from() methods instead.
Java Distribution IT (windows-latest, temurin, 17)	UNKNOWN STEP	2025-10-14T11:27:06.4352470Z (Use `node --trace-deprecation ...` to show where the warning was created)
Java Distribution IT (windows-latest, temurin, 17)	UNKNOWN STEP	2025-10-14T11:27:11.6631030Z SHA256 digest of downloaded artifact is c7dd3f7af59f5d4e4cba3fee2c089fa1606544198e8fe3418162bd7493225ef9
Java Distribution IT (windows-latest, temurin, 17)	UNKNOWN STEP	2025-10-14T11:27:11.6632344Z Artifact download completed successfully.
Java Distribution IT (windows-latest, temurin, 17)	UNKNOWN STEP	2025-10-14T11:27:11.6632793Z Total of 1 artifact(s) downloaded
Java Distribution IT (windows-latest, temurin, 17)	UNKNOWN STEP	2025-10-14T11:27:11.6644213Z Download artifact has finished successfully
Java Distribution IT (windows-latest, temurin, 17)	UNKNOWN STEP	2025-10-14T11:27:11.6933996Z ##[group]Run if [ "$RUNNER_OS" == "Windows" ]; then
Java Distribution IT (windows-latest, temurin, 17)	UNKNOWN STEP	2025-10-14T11:27:11.6934312Z [36;1mif [ "$RUNNER_OS" == "Windows" ]; then[0m
Java Distribution IT (windows-latest, temurin, 17)	UNKNOWN STEP	2025-10-14T11:27:11.6934686Z [36;1m  # zstd binary might be missing in older versions, install only when necessary[0m
Java Distribution IT (windows-latest, temurin, 17)	UNKNOWN STEP	2025-10-14T11:27:11.6935100Z [36;1m  which zstd > /dev/null || choco install zstandard[0m
Java Distribution IT (windows-latest, temurin, 17)	UNKNOWN STEP	2025-10-14T11:27:11.6935357Z [36;1mfi[0m
Java Distribution IT (windows-latest, temurin, 17)	UNKNOWN STEP	2025-10-14T11:27:11.6935622Z [36;1mtar -C ~/ --use-compress-program="zstd -d" -xf m2-keycloak.tzts[0m
Java Distribution IT (windows-latest, temurin, 17)	UNKNOWN STEP	2025-10-14T11:27:11.6950262Z shell: C:\Program Files\Git\bin\bash.EXE --noprofile --norc -e -o pipefail {0}
Java Distribution IT (windows-latest, temurin, 17)	UNKNOWN STEP	2025-10-14T11:27:11.6950608Z env:
Java Distribution IT (windows-latest, temurin, 17)	UNKNOWN STEP	2025-10-14T11:27:11.6950857Z   MAVEN_ARGS: -B -nsu -Daether.connector.http.connectionMaxTtl=25
Java Distribution IT (windows-latest, temurin, 17)	UNKNOWN STEP	2025-10-14T11:27:11.6951170Z   SUREFIRE_RERUN_FAILING_COUNT: 2
Java Distribution IT (windows-latest, temurin, 17)	UNKNOWN STEP	2025-10-14T11:27:11.6951434Z   SUREFIRE_RETRY: -Dsurefire.rerunFailingTestsCount=2
Java Distribution IT (windows-latest, temurin, 17)	UNKNOWN STEP	2025-10-14T11:27:11.6951837Z   JAVA_HOME: C:\hostedtoolcache\windows\Java_Temurin-Hotspot_jdk\17.0.16-8\x64
Java Distribution IT (windows-latest, temurin, 17)	UNKNOWN STEP	2025-10-14T11:27:11.6952286Z   JAVA_HOME_17_X64: C:\hostedtoolcache\windows\Java_Temurin-Hotspot_jdk\17.0.16-8\x64
Java Distribution IT (windows-latest, temurin, 17)	UNKNOWN STEP	2025-10-14T11:27:11.6952620Z ##[endgroup]
Java Distribution IT (windows-latest, temurin, 17)	UNKNOWN STEP	2025-10-14T11:27:39.2706121Z ##[group]Run ./mvnw install -e -pl testsuite/integration-arquillian/servers/auth-server/quarkus
Java Distribution IT (windows-latest, temurin, 17)	UNKNOWN STEP	2025-10-14T11:27:39.2707160Z [36;1m./mvnw install -e -pl testsuite/integration-arquillian/servers/auth-server/quarkus[0m
Java Distribution IT (windows-latest, temurin, 17)	UNKNOWN STEP	2025-10-14T11:27:39.2722167Z shell: C:\Program Files\Git\bin\bash.EXE --noprofile --norc -e -o pipefail {0}
Java Distribution IT (windows-latest, temurin, 17)	UNKNOWN STEP	2025-10-14T11:27:39.2722526Z env:
Java Distribution IT (windows-latest, temurin, 17)	UNKNOWN STEP	2025-10-14T11:27:39.2722790Z   MAVEN_ARGS: -B -nsu -Daether.connector.http.connectionMaxTtl=25
Java Distribution IT (windows-latest, temurin, 17)	UNKNOWN STEP	2025-10-14T11:27:39.2723359Z   SUREFIRE_RERUN_FAILING_COUNT: 2
Java Distribution IT (windows-latest, temurin, 17)	UNKNOWN STEP	2025-10-14T11:27:39.2723662Z   SUREFIRE_RETRY: -Dsurefire.rerunFailingTestsCount=2
Java Distribution IT (windows-latest, temurin, 17)	UNKNOWN STEP	2025-10-14T11:27:39.2724067Z   JAVA_HOME: C:\hostedtoolcache\windows\Java_Temurin-Hotspot_jdk\17.0.16-8\x64
Java Distribution IT (windows-latest, temurin, 17)	UNKNOWN STEP	2025-10-14T11:27:39.2724767Z   JAVA_HOME_17_X64: C:\hostedtoolcache\windows\Java_Temurin-Hotspot_jdk\17.0.16-8\x64
Java Distribution IT (windows-latest, temurin, 17)	UNKNOWN STEP	2025-10-14T11:27:39.2725111Z ##[endgroup]
Java Distribution IT (windows-latest, temurin, 17)	UNKNOWN STEP	2025-10-14T11:29:42.6231056Z [INFO] Downloading from central: https://repo.maven.apache.org/maven2/org/apache/maven/extensions/maven-build-cache-extension/1.2.0/maven-build-cache-extension-1.2.0.pom
Java Distribution IT (windows-latest, temurin, 17)	UNKNOWN STEP	2025-10-14T11:30:48.3632153Z [ERROR] Error executing Maven.
Java Distribution IT (windows-latest, temurin, 17)	UNKNOWN STEP	2025-10-14T11:30:48.3635615Z org.apache.maven.cli.internal.ExtensionResolutionException: Extension org.apache.maven.extensions:maven-build-cache-extension:1.2.0 or one of its dependencies could not be resolved: Plugin org.apache.maven.extensions:maven-build-cache-extension:1.2.0 or one of its dependencies could not be resolved:
Java Distribution IT (windows-latest, temurin, 17)	UNKNOWN STEP	2025-10-14T11:30:48.3644103Z 	Failed to read artifact descriptor for org.apache.maven.extensions:maven-build-cache-extension:jar:1.2.0
Java Distribution IT (windows-latest, temurin, 17)	UNKNOWN STEP	2025-10-14T11:30:48.3645586Z 
Java Distribution IT (windows-latest, temurin, 17)	UNKNOWN STEP	2025-10-14T11:30:48.3646374Z     at org.apache.maven.cli.internal.BootstrapCoreExtensionManager.resolveExtension (BootstrapCoreExtensionManager.java:182)
Java Distribution IT (windows-latest, temurin, 17)	UNKNOWN STEP	2025-10-14T11:30:48.3649548Z     at org.apache.maven.cli.internal.BootstrapCoreExtensionManager.resolveCoreExtensions (BootstrapCoreExtensionManager.java:115)
Java Distribution IT (windows-latest, temurin, 17)	UNKNOWN STEP	2025-10-14T11:30:48.3653177Z     at org.apache.maven.cli.internal.BootstrapCoreExtensionManager.loadCoreExtensions (BootstrapCoreExtensionManager.java:99)
Java Distribution IT (windows-latest, temurin, 17)	UNKNOWN STEP	2025-10-14T11:30:48.3655979Z     at org.apache.maven.cli.MavenCli.loadCoreExtensions (MavenCli.java:753)
Java Distribution IT (windows-latest, temurin, 17)	UNKNOWN STEP	2025-10-14T11:30:48.3657317Z     at org.apache.maven.cli.MavenCli.container (MavenCli.java:624)
Java Distribution IT (windows-latest, temurin, 17)	UNKNOWN STEP	2025-10-14T11:30:48.3658005Z     at org.apache.maven.cli.MavenCli.doMain (MavenCli.java:274)
Java Distribution IT (windows-latest, temurin, 17)	UNKNOWN STEP	2025-10-14T11:30:48.3658663Z     at org.apache.maven.cli.MavenCli.main (MavenCli.java:203)
Java Distribution IT (windows-latest, temurin, 17)	UNKNOWN STEP	2025-10-14T11:30:48.3659431Z     at jdk.internal.reflect.NativeMethodAccessorImpl.invoke0 (Native Method)
Java Distribution IT (windows-latest, temurin, 17)	UNKNOWN STEP	2025-10-14T11:30:48.3660467Z     at jdk.internal.reflect.NativeMethodAccessorImpl.invoke (NativeMethodAccessorImpl.java:77)
Java Distribution IT (windows-latest, temurin, 17)	UNKNOWN STEP	2025-10-14T11:30:48.3661695Z     at jdk.internal.reflect.DelegatingMethodAccessorImpl.invoke (DelegatingMethodAccessorImpl.java:43)
Java Distribution IT (windows-latest, temurin, 17)	UNKNOWN STEP	2025-10-14T11:30:48.3662646Z     at java.lang.reflect.Method.invoke (Method.java:569)
Java Distribution IT (windows-latest, temurin, 17)	UNKNOWN STEP	2025-10-14T11:30:48.3663524Z     at org.codehaus.plexus.classworlds.launcher.Launcher.launchEnhanced (Launcher.java:255)
Java Distribution IT (windows-latest, temurin, 17)	UNKNOWN STEP	2025-10-14T11:30:48.3665696Z     at org.codehaus.plexus.classworlds.launcher.Launcher.launch (Launcher.java:201)
Java Distribution IT (windows-latest, temurin, 17)	UNKNOWN STEP	2025-10-14T11:30:48.3669142Z     at org.codehaus.plexus.classworlds.launcher.Launcher.mainWithExitCode (Launcher.java:361)
Java Distribution IT (windows-latest, temurin, 17)	UNKNOWN STEP	2025-10-14T11:30:48.3671855Z     at org.codehaus.plexus.classworlds.launcher.Launcher.main (Launcher.java:314)
Java Distribution IT (windows-latest, temurin, 17)	UNKNOWN STEP	2025-10-14T11:30:48.3675392Z Caused by: org.apache.maven.plugin.PluginResolutionException: Plugin org.apache.maven.extensions:maven-build-cache-extension:1.2.0 or one of its dependencies could not be resolved:
Java Distribution IT (windows-latest, temurin, 17)	UNKNOWN STEP	2025-10-14T11:30:48.3677145Z 	Failed to read artifact descriptor for org.apache.maven.extensions:maven-build-cache-extension:jar:1.2.0
Java Distribution IT (windows-latest, temurin, 17)	UNKNOWN STEP	2025-10-14T11:30:48.3677827Z 
Java Distribution IT (windows-latest, temurin, 17)	UNKNOWN STEP	2025-10-14T11:30:48.3678617Z     at org.apache.maven.plugin.internal.DefaultPluginDependenciesResolver.resolveInternal (DefaultPluginDependenciesResolver.java:224)
Java Distribution IT (windows-latest, temurin, 17)	UNKNOWN STEP	2025-10-14T11:30:48.3688809Z     at org.apache.maven.plugin.internal.DefaultPluginDependenciesResolver.resolveCoreExtension (DefaultPluginDependenciesResolver.java:157)
Java Distribution IT (windows-latest, temurin, 17)	UNKNOWN STEP	2025-10-14T11:30:48.3690696Z     at org.apache.maven.cli.internal.BootstrapCoreExtensionManager.resolveExtension (BootstrapCoreExtensionManager.java:174)
Java Distribution IT (windows-latest, temurin, 17)	UNKNOWN STEP	2025-10-14T11:30:48.3691653Z     at org.apache.maven.cli.internal.BootstrapCoreExtensionManager.resolveCoreExtensions (BootstrapCoreExtensionManager.java:115)
Java Distribution IT (windows-latest, temurin, 17)	UNKNOWN STEP	2025-10-14T11:30:48.3692594Z     at org.apache.maven.cli.internal.BootstrapCoreExtensionManager.loadCoreExtensions (BootstrapCoreExtensionManager.java:99)
Java Distribution IT (windows-latest, temurin, 17)	UNKNOWN STEP	2025-10-14T11:30:48.3693274Z     at org.apache.maven.cli.MavenCli.loadCoreExtensions (MavenCli.java:753)
Java Distribution IT (windows-latest, temurin, 17)	UNKNOWN STEP	2025-10-14T11:30:48.3693709Z     at org.apache.maven.cli.MavenCli.container (MavenCli.java:624)
Java Distribution IT (windows-latest, temurin, 17)	UNKNOWN STEP	2025-10-14T11:30:48.3694097Z     at org.apache.maven.cli.MavenCli.doMain (MavenCli.java:274)
Java Distribution IT (windows-latest, temurin, 17)	UNKNOWN STEP	2025-10-14T11:30:48.3694455Z     at org.apache.maven.cli.MavenCli.main (MavenCli.java:203)
Java Distribution IT (windows-latest, temurin, 17)	UNKNOWN STEP	2025-10-14T11:30:48.3694883Z     at jdk.internal.reflect.NativeMethodAccessorImpl.invoke0 (Native Method)
Java Distribution IT (windows-latest, temurin, 17)	UNKNOWN STEP	2025-10-14T11:30:48.3695447Z     at jdk.internal.reflect.NativeMethodAccessorImpl.invoke (NativeMethodAccessorImpl.java:77)
Java Distribution IT (windows-latest, temurin, 17)	UNKNOWN STEP	2025-10-14T11:30:48.3696104Z     at jdk.internal.reflect.DelegatingMethodAccessorImpl.invoke (DelegatingMethodAccessorImpl.java:43)
Java Distribution IT (windows-latest, temurin, 17)	UNKNOWN STEP	2025-10-14T11:30:48.3696617Z     at java.lang.reflect.Method.invoke (Method.java:569)
Java Distribution IT (windows-latest, temurin, 17)	UNKNOWN STEP	2025-10-14T11:30:48.3697638Z     at org.codehaus.plexus.classworlds.launcher.Launcher.launchEnhanced (Launcher.java:255)
Java Distribution IT (windows-latest, temurin, 17)	UNKNOWN STEP	2025-10-14T11:30:48.3698265Z     at org.codehaus.plexus.classworlds.launcher.Launcher.launch (Launcher.java:201)
Java Distribution IT (windows-latest, temurin, 17)	UNKNOWN STEP	2025-10-14T11:30:48.3698837Z     at org.codehaus.plexus.classworlds.launcher.Launcher.mainWithExitCode (Launcher.java:361)
Java Distribution IT (windows-latest, temurin, 17)	UNKNOWN STEP	2025-10-14T11:30:48.3699400Z     at org.codehaus.plexus.classworlds.launcher.Launcher.main (Launcher.java:314)
Java Distribution IT (windows-latest, temurin, 17)	UNKNOWN STEP	2025-10-14T11:30:48.3883083Z ##[error]Process completed with exit code 1.
Java Distribution IT (windows-latest, temurin, 17)	UNKNOWN STEP	2025-10-14T11:30:48.4091356Z Post job cleanup.
Java Distribution IT (windows-latest, temurin, 17)	UNKNOWN STEP	2025-10-14T11:30:48.4245157Z Post job cleanup.
Java Distribution IT (windows-latest, temurin, 17)	UNKNOWN STEP	2025-10-14T11:30:48.6815474Z Post job cleanup.
Java Distribution IT (windows-latest, temurin, 17)	UNKNOWN STEP	2025-10-14T11:30:48.8700976Z [command]"C:\Program Files\Git\bin\git.exe" version
Java Distribution IT (windows-latest, temurin, 17)	UNKNOWN STEP	2025-10-14T11:30:48.8976522Z git version 2.51.0.windows.2
Java Distribution IT (windows-latest, temurin, 17)	UNKNOWN STEP	2025-10-14T11:30:48.9052345Z Temporarily overriding HOME='D:\a\_temp\d723a18c-5a06-4e67-8acf-1a212c67acca' before making global git config changes
Java Distribution IT (windows-latest, temurin, 17)	UNKNOWN STEP	2025-10-14T11:30:48.9053604Z Adding repository directory to the temporary git global config as a safe directory
Java Distribution IT (windows-latest, temurin, 17)	UNKNOWN STEP	2025-10-14T11:30:48.9064698Z [command]"C:\Program Files\Git\bin\git.exe" config --global --add safe.directory D:\a\keycloak\keycloak
Java Distribution IT (windows-latest, temurin, 17)	UNKNOWN STEP	2025-10-14T11:30:48.9470607Z [command]"C:\Program Files\Git\bin\git.exe" config --local --name-only --get-regexp core\.sshCommand
Java Distribution IT (windows-latest, temurin, 17)	UNKNOWN STEP	2025-10-14T11:30:48.9823437Z [command]"C:\Program Files\Git\bin\git.exe" submodule foreach --recursive "sh -c \"git config --local --name-only --get-regexp 'core\.sshCommand' && git config --local --unset-all 'core.sshCommand' || :\""
Java Distribution IT (windows-latest, temurin, 17)	UNKNOWN STEP	2025-10-14T11:30:49.5695118Z [command]"C:\Program Files\Git\bin\git.exe" config --local --name-only --get-regexp http\.https\:\/\/github\.com\/\.extraheader
Java Distribution IT (windows-latest, temurin, 17)	UNKNOWN STEP	2025-10-14T11:30:49.5978655Z http.https://github.com/.extraheader
Java Distribution IT (windows-latest, temurin, 17)	UNKNOWN STEP	2025-10-14T11:30:49.6028492Z [command]"C:\Program Files\Git\bin\git.exe" config --local --unset-all http.https://github.com/.extraheader
Java Distribution IT (windows-latest, temurin, 17)	UNKNOWN STEP	2025-10-14T11:30:49.6367716Z [command]"C:\Program Files\Git\bin\git.exe" submodule foreach --recursive "sh -c \"git config --local --name-only --get-regexp 'http\.https\:\/\/github\.com\/\.extraheader' && git config --local --unset-all 'http.https://github.com/.extraheader' || :\""
Java Distribution IT (windows-latest, temurin, 17)	UNKNOWN STEP	2025-10-14T11:30:50.2389902Z Cleaning up orphan processes
Cluster Compatibility Tests (26.4.0)	UNKNOWN STEP	ï»¿2025-10-14T11:26:20.6548194Z Current runner version: '2.328.0'
Cluster Compatibility Tests (26.4.0)	UNKNOWN STEP	2025-10-14T11:26:20.6572106Z ##[group]Runner Image Provisioner
Cluster Compatibility Tests (26.4.0)	UNKNOWN STEP	2025-10-14T11:26:20.6572977Z Hosted Compute Agent
Cluster Compatibility Tests (26.4.0)	UNKNOWN STEP	2025-10-14T11:26:20.6573518Z Version: 20250912.392
Cluster Compatibility Tests (26.4.0)	UNKNOWN STEP	2025-10-14T11:26:20.6574217Z Commit: d921fda672a98b64f4f82364647e2f10b2267d0b
Cluster Compatibility Tests (26.4.0)	UNKNOWN STEP	2025-10-14T11:26:20.6574968Z Build Date: 2025-09-12T15:23:14Z
Cluster Compatibility Tests (26.4.0)	UNKNOWN STEP	2025-10-14T11:26:20.6575562Z ##[endgroup]
Cluster Compatibility Tests (26.4.0)	UNKNOWN STEP	2025-10-14T11:26:20.6576188Z ##[group]Operating System
Cluster Compatibility Tests (26.4.0)	UNKNOWN STEP	2025-10-14T11:26:20.6577047Z Ubuntu
Cluster Compatibility Tests (26.4.0)	UNKNOWN STEP	2025-10-14T11:26:20.6577590Z 24.04.3
Cluster Compatibility Tests (26.4.0)	UNKNOWN STEP	2025-10-14T11:26:20.6578052Z LTS
Cluster Compatibility Tests (26.4.0)	UNKNOWN STEP	2025-10-14T11:26:20.6578618Z ##[endgroup]
Cluster Compatibility Tests (26.4.0)	UNKNOWN STEP	2025-10-14T11:26:20.6579120Z ##[group]Runner Image
Cluster Compatibility Tests (26.4.0)	UNKNOWN STEP	2025-10-14T11:26:20.6579716Z Image: ubuntu-24.04
Cluster Compatibility Tests (26.4.0)	UNKNOWN STEP	2025-10-14T11:26:20.6580331Z Version: 20250929.60.1
Cluster Compatibility Tests (26.4.0)	UNKNOWN STEP	2025-10-14T11:26:20.6581779Z Included Software: https://github.com/actions/runner-images/blob/ubuntu24/20250929.60/images/ubuntu/Ubuntu2404-Readme.md
Cluster Compatibility Tests (26.4.0)	UNKNOWN STEP	2025-10-14T11:26:20.6584275Z Image Release: https://github.com/actions/runner-images/releases/tag/ubuntu24%2F20250929.60
Cluster Compatibility Tests (26.4.0)	UNKNOWN STEP	2025-10-14T11:26:20.6585912Z ##[endgroup]
Cluster Compatibility Tests (26.4.0)	UNKNOWN STEP	2025-10-14T11:26:20.6588054Z ##[group]GITHUB_TOKEN Permissions
Cluster Compatibility Tests (26.4.0)	UNKNOWN STEP	2025-10-14T11:26:20.6591043Z Contents: read
Cluster Compatibility Tests (26.4.0)	UNKNOWN STEP	2025-10-14T11:26:20.6591871Z Metadata: read
Cluster Compatibility Tests (26.4.0)	UNKNOWN STEP	2025-10-14T11:26:20.6592763Z ##[endgroup]
Cluster Compatibility Tests (26.4.0)	UNKNOWN STEP	2025-10-14T11:26:20.6595497Z Secret source: None
Cluster Compatibility Tests (26.4.0)	UNKNOWN STEP	2025-10-14T11:26:20.6596716Z Prepare workflow directory
Cluster Compatibility Tests (26.4.0)	UNKNOWN STEP	2025-10-14T11:26:20.7156339Z Prepare all required actions
Cluster Compatibility Tests (26.4.0)	UNKNOWN STEP	2025-10-14T11:26:20.7210633Z Getting action download info
Cluster Compatibility Tests (26.4.0)	UNKNOWN STEP	2025-10-14T11:26:21.0294306Z Download action repository 'actions/checkout@08c6903cd8c0fde910a37f88322edcfb5dd907a8' (SHA:08c6903cd8c0fde910a37f88322edcfb5dd907a8)
Cluster Compatibility Tests (26.4.0)	UNKNOWN STEP	2025-10-14T11:26:21.2710735Z Complete job name: Cluster Compatibility Tests (26.4.0)
Cluster Compatibility Tests (26.4.0)	UNKNOWN STEP	2025-10-14T11:26:21.3358316Z ##[group]Run actions/checkout@08c6903cd8c0fde910a37f88322edcfb5dd907a8
Cluster Compatibility Tests (26.4.0)	UNKNOWN STEP	2025-10-14T11:26:21.3359323Z with:
Cluster Compatibility Tests (26.4.0)	UNKNOWN STEP	2025-10-14T11:26:21.3359712Z   repository: keycloak/keycloak
Cluster Compatibility Tests (26.4.0)	UNKNOWN STEP	2025-10-14T11:26:21.3360331Z   token: ***
Cluster Compatibility Tests (26.4.0)	UNKNOWN STEP	2025-10-14T11:26:21.3360716Z   ssh-strict: true
Cluster Compatibility Tests (26.4.0)	UNKNOWN STEP	2025-10-14T11:26:21.3361103Z   ssh-user: git
Cluster Compatibility Tests (26.4.0)	UNKNOWN STEP	2025-10-14T11:26:21.3361528Z   persist-credentials: true
Cluster Compatibility Tests (26.4.0)	UNKNOWN STEP	2025-10-14T11:26:21.3361967Z   clean: true
Cluster Compatibility Tests (26.4.0)	UNKNOWN STEP	2025-10-14T11:26:21.3362370Z   sparse-checkout-cone-mode: true
Cluster Compatibility Tests (26.4.0)	UNKNOWN STEP	2025-10-14T11:26:21.3362852Z   fetch-depth: 1
Cluster Compatibility Tests (26.4.0)	UNKNOWN STEP	2025-10-14T11:26:21.3363241Z   fetch-tags: false
Cluster Compatibility Tests (26.4.0)	UNKNOWN STEP	2025-10-14T11:26:21.3363646Z   show-progress: true
Cluster Compatibility Tests (26.4.0)	UNKNOWN STEP	2025-10-14T11:26:21.3364048Z   lfs: false
Cluster Compatibility Tests (26.4.0)	UNKNOWN STEP	2025-10-14T11:26:21.3364412Z   submodules: false
Cluster Compatibility Tests (26.4.0)	UNKNOWN STEP	2025-10-14T11:26:21.3364813Z   set-safe-directory: true
Cluster Compatibility Tests (26.4.0)	UNKNOWN STEP	2025-10-14T11:26:21.3365430Z env:
Cluster Compatibility Tests (26.4.0)	UNKNOWN STEP	2025-10-14T11:26:21.3365956Z   MAVEN_ARGS: -B -nsu -Daether.connector.http.connectionMaxTtl=25
Cluster Compatibility Tests (26.4.0)	UNKNOWN STEP	2025-10-14T11:26:21.3366784Z   SUREFIRE_RERUN_FAILING_COUNT: 2
Cluster Compatibility Tests (26.4.0)	UNKNOWN STEP	2025-10-14T11:26:21.3367372Z   SUREFIRE_RETRY: -Dsurefire.rerunFailingTestsCount=2
Cluster Compatibility Tests (26.4.0)	UNKNOWN STEP	2025-10-14T11:26:21.3367937Z ##[endgroup]
Cluster Compatibility Tests (26.4.0)	UNKNOWN STEP	2025-10-14T11:26:21.4301312Z Syncing repository: keycloak/keycloak
Cluster Compatibility Tests (26.4.0)	UNKNOWN STEP	2025-10-14T11:26:21.4302930Z ##[group]Getting Git version info
Cluster Compatibility Tests (26.4.0)	UNKNOWN STEP	2025-10-14T11:26:21.4303647Z Working directory is '/home/runner/work/keycloak/keycloak'
Cluster Compatibility Tests (26.4.0)	UNKNOWN STEP	2025-10-14T11:26:21.4304583Z [command]/usr/bin/git version
Cluster Compatibility Tests (26.4.0)	UNKNOWN STEP	2025-10-14T11:26:21.4362522Z git version 2.51.0
Cluster Compatibility Tests (26.4.0)	UNKNOWN STEP	2025-10-14T11:26:21.4383077Z ##[endgroup]
Cluster Compatibility Tests (26.4.0)	UNKNOWN STEP	2025-10-14T11:26:21.4396235Z Temporarily overriding HOME='/home/runner/work/_temp/8a9764a2-0d82-40d6-b721-74fab5880799' before making global git config changes
Cluster Compatibility Tests (26.4.0)	UNKNOWN STEP	2025-10-14T11:26:21.4400958Z Adding repository directory to the temporary git global config as a safe directory
Cluster Compatibility Tests (26.4.0)	UNKNOWN STEP	2025-10-14T11:26:21.4402475Z [command]/usr/bin/git config --global --add safe.directory /home/runner/work/keycloak/keycloak
Cluster Compatibility Tests (26.4.0)	UNKNOWN STEP	2025-10-14T11:26:21.4437752Z Deleting the contents of '/home/runner/work/keycloak/keycloak'
Cluster Compatibility Tests (26.4.0)	UNKNOWN STEP	2025-10-14T11:26:21.4441653Z ##[group]Initializing the repository
Cluster Compatibility Tests (26.4.0)	UNKNOWN STEP	2025-10-14T11:26:21.4446692Z [command]/usr/bin/git init /home/runner/work/keycloak/keycloak
Cluster Compatibility Tests (26.4.0)	UNKNOWN STEP	2025-10-14T11:26:21.4544592Z hint: Using 'master' as the name for the initial branch. This default branch name
Cluster Compatibility Tests (26.4.0)	UNKNOWN STEP	2025-10-14T11:26:21.4546108Z hint: is subject to change. To configure the initial branch name to use in all
Cluster Compatibility Tests (26.4.0)	UNKNOWN STEP	2025-10-14T11:26:21.4547680Z hint: of your new repositories, which will suppress this warning, call:
Cluster Compatibility Tests (26.4.0)	UNKNOWN STEP	2025-10-14T11:26:21.4548667Z hint:
Cluster Compatibility Tests (26.4.0)	UNKNOWN STEP	2025-10-14T11:26:21.4549185Z hint: 	git config --global init.defaultBranch <name>
Cluster Compatibility Tests (26.4.0)	UNKNOWN STEP	2025-10-14T11:26:21.4550090Z hint:
Cluster Compatibility Tests (26.4.0)	UNKNOWN STEP	2025-10-14T11:26:21.4550923Z hint: Names commonly chosen instead of 'master' are 'main', 'trunk' and
Cluster Compatibility Tests (26.4.0)	UNKNOWN STEP	2025-10-14T11:26:21.4552303Z hint: 'development'. The just-created branch can be renamed via this command:
Cluster Compatibility Tests (26.4.0)	UNKNOWN STEP	2025-10-14T11:26:21.4553175Z hint:
Cluster Compatibility Tests (26.4.0)	UNKNOWN STEP	2025-10-14T11:26:21.4553659Z hint: 	git branch -m <name>
Cluster Compatibility Tests (26.4.0)	UNKNOWN STEP	2025-10-14T11:26:21.4554154Z hint:
Cluster Compatibility Tests (26.4.0)	UNKNOWN STEP	2025-10-14T11:26:21.4554732Z hint: Disable this message with "git config set advice.defaultBranchName false"
Cluster Compatibility Tests (26.4.0)	UNKNOWN STEP	2025-10-14T11:26:21.4556063Z Initialized empty Git repository in /home/runner/work/keycloak/keycloak/.git/
Cluster Compatibility Tests (26.4.0)	UNKNOWN STEP	2025-10-14T11:26:21.4560881Z [command]/usr/bin/git remote add origin https://github.com/keycloak/keycloak
Cluster Compatibility Tests (26.4.0)	UNKNOWN STEP	2025-10-14T11:26:21.4597098Z ##[endgroup]
Cluster Compatibility Tests (26.4.0)	UNKNOWN STEP	2025-10-14T11:26:21.4598297Z ##[group]Disabling automatic garbage collection
Cluster Compatibility Tests (26.4.0)	UNKNOWN STEP	2025-10-14T11:26:21.4601396Z [command]/usr/bin/git config --local gc.auto 0
Cluster Compatibility Tests (26.4.0)	UNKNOWN STEP	2025-10-14T11:26:21.4629649Z ##[endgroup]
Cluster Compatibility Tests (26.4.0)	UNKNOWN STEP	2025-10-14T11:26:21.4630838Z ##[group]Setting up auth
Cluster Compatibility Tests (26.4.0)	UNKNOWN STEP	2025-10-14T11:26:21.4636839Z [command]/usr/bin/git config --local --name-only --get-regexp core\.sshCommand
Cluster Compatibility Tests (26.4.0)	UNKNOWN STEP	2025-10-14T11:26:21.4666822Z [command]/usr/bin/git submodule foreach --recursive sh -c "git config --local --name-only --get-regexp 'core\.sshCommand' && git config --local --unset-all 'core.sshCommand' || :"
Cluster Compatibility Tests (26.4.0)	UNKNOWN STEP	2025-10-14T11:26:21.4985348Z [command]/usr/bin/git config --local --name-only --get-regexp http\.https\:\/\/github\.com\/\.extraheader
Cluster Compatibility Tests (26.4.0)	UNKNOWN STEP	2025-10-14T11:26:21.5015045Z [command]/usr/bin/git submodule foreach --recursive sh -c "git config --local --name-only --get-regexp 'http\.https\:\/\/github\.com\/\.extraheader' && git config --local --unset-all 'http.https://github.com/.extraheader' || :"
Cluster Compatibility Tests (26.4.0)	UNKNOWN STEP	2025-10-14T11:26:21.5232302Z [command]/usr/bin/git config --local http.https://github.com/.extraheader AUTHORIZATION: basic ***
Cluster Compatibility Tests (26.4.0)	UNKNOWN STEP	2025-10-14T11:26:21.5265757Z ##[endgroup]
Cluster Compatibility Tests (26.4.0)	UNKNOWN STEP	2025-10-14T11:26:21.5267357Z ##[group]Fetching the repository
Cluster Compatibility Tests (26.4.0)	UNKNOWN STEP	2025-10-14T11:26:21.5275568Z [command]/usr/bin/git -c protocol.version=2 fetch --no-tags --prune --no-recurse-submodules --depth=1 origin +62176d2d32f1543885e7ee5e6461394d99103b23:refs/remotes/pull/43441/merge
Cluster Compatibility Tests (26.4.0)	UNKNOWN STEP	2025-10-14T11:26:22.8454991Z From https://github.com/keycloak/keycloak
Cluster Compatibility Tests (26.4.0)	UNKNOWN STEP	2025-10-14T11:26:22.8462614Z  * [new ref]         62176d2d32f1543885e7ee5e6461394d99103b23 -> pull/43441/merge
Cluster Compatibility Tests (26.4.0)	UNKNOWN STEP	2025-10-14T11:26:22.8491344Z ##[endgroup]
Cluster Compatibility Tests (26.4.0)	UNKNOWN STEP	2025-10-14T11:26:22.8493812Z ##[group]Determining the checkout info
Cluster Compatibility Tests (26.4.0)	UNKNOWN STEP	2025-10-14T11:26:22.8495537Z ##[endgroup]
Cluster Compatibility Tests (26.4.0)	UNKNOWN STEP	2025-10-14T11:26:22.8499922Z [command]/usr/bin/git sparse-checkout disable
Cluster Compatibility Tests (26.4.0)	UNKNOWN STEP	2025-10-14T11:26:22.8541733Z [command]/usr/bin/git config --local --unset-all extensions.worktreeConfig
Cluster Compatibility Tests (26.4.0)	UNKNOWN STEP	2025-10-14T11:26:22.8570591Z ##[group]Checking out the ref
Cluster Compatibility Tests (26.4.0)	UNKNOWN STEP	2025-10-14T11:26:22.8573960Z [command]/usr/bin/git checkout --progress --force refs/remotes/pull/43441/merge
Cluster Compatibility Tests (26.4.0)	UNKNOWN STEP	2025-10-14T11:26:23.6789345Z Note: switching to 'refs/remotes/pull/43441/merge'.
Cluster Compatibility Tests (26.4.0)	UNKNOWN STEP	2025-10-14T11:26:23.6790065Z 
Cluster Compatibility Tests (26.4.0)	UNKNOWN STEP	2025-10-14T11:26:23.6790492Z You are in 'detached HEAD' state. You can look around, make experimental
Cluster Compatibility Tests (26.4.0)	UNKNOWN STEP	2025-10-14T11:26:23.6791254Z changes and commit them, and you can discard any commits you make in this
Cluster Compatibility Tests (26.4.0)	UNKNOWN STEP	2025-10-14T11:26:23.6791985Z state without impacting any branches by switching back to a branch.
Cluster Compatibility Tests (26.4.0)	UNKNOWN STEP	2025-10-14T11:26:23.6792412Z 
Cluster Compatibility Tests (26.4.0)	UNKNOWN STEP	2025-10-14T11:26:23.6792722Z If you want to create a new branch to retain commits you create, you may
Cluster Compatibility Tests (26.4.0)	UNKNOWN STEP	2025-10-14T11:26:23.6793388Z do so (now or later) by using -c with the switch command. Example:
Cluster Compatibility Tests (26.4.0)	UNKNOWN STEP	2025-10-14T11:26:23.6793764Z 
Cluster Compatibility Tests (26.4.0)	UNKNOWN STEP	2025-10-14T11:26:23.6793945Z   git switch -c <new-branch-name>
Cluster Compatibility Tests (26.4.0)	UNKNOWN STEP	2025-10-14T11:26:23.6794222Z 
Cluster Compatibility Tests (26.4.0)	UNKNOWN STEP	2025-10-14T11:26:23.6794433Z Or undo this operation with:
Cluster Compatibility Tests (26.4.0)	UNKNOWN STEP	2025-10-14T11:26:23.6794684Z 
Cluster Compatibility Tests (26.4.0)	UNKNOWN STEP	2025-10-14T11:26:23.6794839Z   git switch -
Cluster Compatibility Tests (26.4.0)	UNKNOWN STEP	2025-10-14T11:26:23.6795075Z 
Cluster Compatibility Tests (26.4.0)	UNKNOWN STEP	2025-10-14T11:26:23.6795396Z Turn off this advice by setting config variable advice.detachedHead to false
Cluster Compatibility Tests (26.4.0)	UNKNOWN STEP	2025-10-14T11:26:23.6795870Z 
Cluster Compatibility Tests (26.4.0)	UNKNOWN STEP	2025-10-14T11:26:23.6796826Z HEAD is now at 62176d2 Merge f95cab2edcfd0d5dd495cf851551c4d89f54cee7 into 4c1a1dee48f3dba212f8f50e1a39f12f0d2b14de
Cluster Compatibility Tests (26.4.0)	UNKNOWN STEP	2025-10-14T11:26:23.6823525Z ##[endgroup]
Cluster Compatibility Tests (26.4.0)	UNKNOWN STEP	2025-10-14T11:26:23.6863364Z [command]/usr/bin/git log -1 --format=%H
Cluster Compatibility Tests (26.4.0)	UNKNOWN STEP	2025-10-14T11:26:23.6886246Z 62176d2d32f1543885e7ee5e6461394d99103b23
Cluster Compatibility Tests (26.4.0)	UNKNOWN STEP	2025-10-14T11:26:23.7137253Z Prepare all required actions
Cluster Compatibility Tests (26.4.0)	UNKNOWN STEP	2025-10-14T11:26:23.7137986Z Getting action download info
Cluster Compatibility Tests (26.4.0)	UNKNOWN STEP	2025-10-14T11:26:23.8880398Z Download action repository 'actions/download-artifact@d3f86a106a0bac45b974a628896c90dbdf5c8093' (SHA:d3f86a106a0bac45b974a628896c90dbdf5c8093)
Cluster Compatibility Tests (26.4.0)	UNKNOWN STEP	2025-10-14T11:26:24.3310858Z ##[group]Run ./.github/actions/integration-test-setup
Cluster Compatibility Tests (26.4.0)	UNKNOWN STEP	2025-10-14T11:26:24.3311373Z with:
Cluster Compatibility Tests (26.4.0)	UNKNOWN STEP	2025-10-14T11:26:24.3311717Z   jdk-dist: temurin
Cluster Compatibility Tests (26.4.0)	UNKNOWN STEP	2025-10-14T11:26:24.3312070Z   jdk-version: 21
Cluster Compatibility Tests (26.4.0)	UNKNOWN STEP	2025-10-14T11:26:24.3312447Z env:
Cluster Compatibility Tests (26.4.0)	UNKNOWN STEP	2025-10-14T11:26:24.3312897Z   MAVEN_ARGS: -B -nsu -Daether.connector.http.connectionMaxTtl=25
Cluster Compatibility Tests (26.4.0)	UNKNOWN STEP	2025-10-14T11:26:24.3313421Z   SUREFIRE_RERUN_FAILING_COUNT: 2
Cluster Compatibility Tests (26.4.0)	UNKNOWN STEP	2025-10-14T11:26:24.3313890Z   SUREFIRE_RETRY: -Dsurefire.rerunFailingTestsCount=2
Cluster Compatibility Tests (26.4.0)	UNKNOWN STEP	2025-10-14T11:26:24.3314372Z ##[endgroup]
Cluster Compatibility Tests (26.4.0)	UNKNOWN STEP	2025-10-14T11:26:24.3406191Z Prepare all required actions
Cluster Compatibility Tests (26.4.0)	UNKNOWN STEP	2025-10-14T11:26:24.3445396Z ##[group]Run ./.github/actions/update-hosts
Cluster Compatibility Tests (26.4.0)	UNKNOWN STEP	2025-10-14T11:26:24.3445837Z env:
Cluster Compatibility Tests (26.4.0)	UNKNOWN STEP	2025-10-14T11:26:24.3446307Z   MAVEN_ARGS: -B -nsu -Daether.connector.http.connectionMaxTtl=25
Cluster Compatibility Tests (26.4.0)	UNKNOWN STEP	2025-10-14T11:26:24.3446988Z   SUREFIRE_RERUN_FAILING_COUNT: 2
Cluster Compatibility Tests (26.4.0)	UNKNOWN STEP	2025-10-14T11:26:24.3447460Z   SUREFIRE_RETRY: -Dsurefire.rerunFailingTestsCount=2
Cluster Compatibility Tests (26.4.0)	UNKNOWN STEP	2025-10-14T11:26:24.3447915Z ##[endgroup]
Cluster Compatibility Tests (26.4.0)	UNKNOWN STEP	2025-10-14T11:26:24.3500278Z ##[group]Run printf "\n\n$(cat .github/actions/update-hosts/hosts)" | sudo tee -a /etc/hosts
Cluster Compatibility Tests (26.4.0)	UNKNOWN STEP	2025-10-14T11:26:24.3501098Z [36;1mprintf "\n\n$(cat .github/actions/update-hosts/hosts)" | sudo tee -a /etc/hosts[0m
Cluster Compatibility Tests (26.4.0)	UNKNOWN STEP	2025-10-14T11:26:24.3538116Z shell: /usr/bin/bash --noprofile --norc -e -o pipefail {0}
Cluster Compatibility Tests (26.4.0)	UNKNOWN STEP	2025-10-14T11:26:24.3538610Z env:
Cluster Compatibility Tests (26.4.0)	UNKNOWN STEP	2025-10-14T11:26:24.3539044Z   MAVEN_ARGS: -B -nsu -Daether.connector.http.connectionMaxTtl=25
Cluster Compatibility Tests (26.4.0)	UNKNOWN STEP	2025-10-14T11:26:24.3539583Z   SUREFIRE_RERUN_FAILING_COUNT: 2
Cluster Compatibility Tests (26.4.0)	UNKNOWN STEP	2025-10-14T11:26:24.3540056Z   SUREFIRE_RETRY: -Dsurefire.rerunFailingTestsCount=2
Cluster Compatibility Tests (26.4.0)	UNKNOWN STEP	2025-10-14T11:26:24.3540510Z ##[endgroup]
Cluster Compatibility Tests (26.4.0)	UNKNOWN STEP	2025-10-14T11:26:24.3752522Z 
Cluster Compatibility Tests (26.4.0)	UNKNOWN STEP	2025-10-14T11:26:24.3752545Z 
Cluster Compatibility Tests (26.4.0)	UNKNOWN STEP	2025-10-14T11:26:24.3753657Z 127.0.0.1 localtest.me admin.localtest.me localhost-myapp.localtest.me localhost-sso.localtest.me realmFrontend.localtest.me proxy.kc.localtest.me
Cluster Compatibility Tests (26.4.0)	UNKNOWN STEP	2025-10-14T11:26:24.3767740Z ::1 localtest.me admin.localtest.me localhost-myapp.localtest.me localhost-sso.localtest.me realmFrontend.localtest.me proxy.kc.localtest.me
Cluster Compatibility Tests (26.4.0)	UNKNOWN STEP	2025-10-14T11:26:24.3820994Z Prepare all required actions
Cluster Compatibility Tests (26.4.0)	UNKNOWN STEP	2025-10-14T11:26:24.3821466Z Getting action download info
Cluster Compatibility Tests (26.4.0)	UNKNOWN STEP	2025-10-14T11:26:24.5547720Z Download action repository 'actions/setup-java@c5195efecf7bdfc987ee8bae7a71cb8b11521c00' (SHA:c5195efecf7bdfc987ee8bae7a71cb8b11521c00)
Cluster Compatibility Tests (26.4.0)	UNKNOWN STEP	2025-10-14T11:26:25.0167920Z ##[group]Run ./.github/actions/java-setup
Cluster Compatibility Tests (26.4.0)	UNKNOWN STEP	2025-10-14T11:26:25.0168241Z with:
Cluster Compatibility Tests (26.4.0)	UNKNOWN STEP	2025-10-14T11:26:25.0168458Z   distribution: temurin
Cluster Compatibility Tests (26.4.0)	UNKNOWN STEP	2025-10-14T11:26:25.0168692Z   java-version: 21
Cluster Compatibility Tests (26.4.0)	UNKNOWN STEP	2025-10-14T11:26:25.0168913Z env:
Cluster Compatibility Tests (26.4.0)	UNKNOWN STEP	2025-10-14T11:26:25.0169220Z   MAVEN_ARGS: -B -nsu -Daether.connector.http.connectionMaxTtl=25
Cluster Compatibility Tests (26.4.0)	UNKNOWN STEP	2025-10-14T11:26:25.0169593Z   SUREFIRE_RERUN_FAILING_COUNT: 2
Cluster Compatibility Tests (26.4.0)	UNKNOWN STEP	2025-10-14T11:26:25.0169942Z   SUREFIRE_RETRY: -Dsurefire.rerunFailingTestsCount=2
Cluster Compatibility Tests (26.4.0)	UNKNOWN STEP	2025-10-14T11:26:25.0170269Z ##[endgroup]
Cluster Compatibility Tests (26.4.0)	UNKNOWN STEP	2025-10-14T11:26:25.0262218Z ##[group]Run actions/setup-java@c5195efecf7bdfc987ee8bae7a71cb8b11521c00
Cluster Compatibility Tests (26.4.0)	UNKNOWN STEP	2025-10-14T11:26:25.0262632Z with:
Cluster Compatibility Tests (26.4.0)	UNKNOWN STEP	2025-10-14T11:26:25.0262852Z   distribution: temurin
Cluster Compatibility Tests (26.4.0)	UNKNOWN STEP	2025-10-14T11:26:25.0263093Z   java-version: 21
Cluster Compatibility Tests (26.4.0)	UNKNOWN STEP	2025-10-14T11:26:25.0263338Z   java-package: jdk
Cluster Compatibility Tests (26.4.0)	UNKNOWN STEP	2025-10-14T11:26:25.0263593Z   check-latest: false
Cluster Compatibility Tests (26.4.0)	UNKNOWN STEP	2025-10-14T11:26:25.0263823Z   server-id: github
Cluster Compatibility Tests (26.4.0)	UNKNOWN STEP	2025-10-14T11:26:25.0264060Z   server-username: GITHUB_ACTOR
Cluster Compatibility Tests (26.4.0)	UNKNOWN STEP	2025-10-14T11:26:25.0264332Z   server-password: GITHUB_TOKEN
Cluster Compatibility Tests (26.4.0)	UNKNOWN STEP	2025-10-14T11:26:25.0264599Z   overwrite-settings: true
Cluster Compatibility Tests (26.4.0)	UNKNOWN STEP	2025-10-14T11:26:25.0264849Z   job-status: success
Cluster Compatibility Tests (26.4.0)	UNKNOWN STEP	2025-10-14T11:26:25.0265209Z   token: ***
Cluster Compatibility Tests (26.4.0)	UNKNOWN STEP	2025-10-14T11:26:25.0265423Z env:
Cluster Compatibility Tests (26.4.0)	UNKNOWN STEP	2025-10-14T11:26:25.0265964Z   MAVEN_ARGS: -B -nsu -Daether.connector.http.connectionMaxTtl=25
Cluster Compatibility Tests (26.4.0)	UNKNOWN STEP	2025-10-14T11:26:25.0266347Z   SUREFIRE_RERUN_FAILING_COUNT: 2
Cluster Compatibility Tests (26.4.0)	UNKNOWN STEP	2025-10-14T11:26:25.0266853Z   SUREFIRE_RETRY: -Dsurefire.rerunFailingTestsCount=2
Cluster Compatibility Tests (26.4.0)	UNKNOWN STEP	2025-10-14T11:26:25.0267358Z ##[endgroup]
Cluster Compatibility Tests (26.4.0)	UNKNOWN STEP	2025-10-14T11:26:25.2184423Z ##[group]Installed distributions
Cluster Compatibility Tests (26.4.0)	UNKNOWN STEP	2025-10-14T11:26:25.2245433Z Resolved Java 21.0.8+9 from tool-cache
Cluster Compatibility Tests (26.4.0)	UNKNOWN STEP	2025-10-14T11:26:25.2246736Z Setting Java 21.0.8+9 as the default
Cluster Compatibility Tests (26.4.0)	UNKNOWN STEP	2025-10-14T11:26:25.2259922Z Creating toolchains.xml for JDK version 21 from temurin
Cluster Compatibility Tests (26.4.0)	UNKNOWN STEP	2025-10-14T11:26:25.2337053Z Writing to /home/runner/.m2/toolchains.xml
Cluster Compatibility Tests (26.4.0)	UNKNOWN STEP	2025-10-14T11:26:25.2337929Z 
Cluster Compatibility Tests (26.4.0)	UNKNOWN STEP	2025-10-14T11:26:25.2338198Z Java configuration:
Cluster Compatibility Tests (26.4.0)	UNKNOWN STEP	2025-10-14T11:26:25.2339268Z   Distribution: temurin
Cluster Compatibility Tests (26.4.0)	UNKNOWN STEP	2025-10-14T11:26:25.2339742Z   Version: 21.0.8+9
Cluster Compatibility Tests (26.4.0)	UNKNOWN STEP	2025-10-14T11:26:25.2340338Z   Path: /opt/hostedtoolcache/Java_Temurin-Hotspot_jdk/21.0.8-9/x64
Cluster Compatibility Tests (26.4.0)	UNKNOWN STEP	2025-10-14T11:26:25.2341651Z 
Cluster Compatibility Tests (26.4.0)	UNKNOWN STEP	2025-10-14T11:26:25.2342245Z ##[endgroup]
Cluster Compatibility Tests (26.4.0)	UNKNOWN STEP	2025-10-14T11:26:25.2354802Z Creating settings.xml with server-id: github
Cluster Compatibility Tests (26.4.0)	UNKNOWN STEP	2025-10-14T11:26:25.2363016Z Writing to /home/runner/.m2/settings.xml
Cluster Compatibility Tests (26.4.0)	UNKNOWN STEP	2025-10-14T11:26:25.2505797Z Prepare all required actions
Cluster Compatibility Tests (26.4.0)	UNKNOWN STEP	2025-10-14T11:26:25.2506146Z Getting action download info
Cluster Compatibility Tests (26.4.0)	UNKNOWN STEP	2025-10-14T11:26:25.4307599Z Download action repository 'actions/cache@5a3ec84eff668545956fd18022155c47e93e2684' (SHA:5a3ec84eff668545956fd18022155c47e93e2684)
Cluster Compatibility Tests (26.4.0)	UNKNOWN STEP	2025-10-14T11:26:25.6959040Z ##[group]Run ./.github/actions/maven-cache
Cluster Compatibility Tests (26.4.0)	UNKNOWN STEP	2025-10-14T11:26:25.6959355Z with:
Cluster Compatibility Tests (26.4.0)	UNKNOWN STEP	2025-10-14T11:26:25.6959588Z   create-cache-if-it-doesnt-exist: false
Cluster Compatibility Tests (26.4.0)	UNKNOWN STEP	2025-10-14T11:26:25.6959867Z env:
Cluster Compatibility Tests (26.4.0)	UNKNOWN STEP	2025-10-14T11:26:25.6960163Z   MAVEN_ARGS: -B -nsu -Daether.connector.http.connectionMaxTtl=25
Cluster Compatibility Tests (26.4.0)	UNKNOWN STEP	2025-10-14T11:26:25.6960538Z   SUREFIRE_RERUN_FAILING_COUNT: 2
Cluster Compatibility Tests (26.4.0)	UNKNOWN STEP	2025-10-14T11:26:25.6960856Z   SUREFIRE_RETRY: -Dsurefire.rerunFailingTestsCount=2
Cluster Compatibility Tests (26.4.0)	UNKNOWN STEP	2025-10-14T11:26:25.6961277Z   JAVA_HOME: /opt/hostedtoolcache/Java_Temurin-Hotspot_jdk/21.0.8-9/x64
Cluster Compatibility Tests (26.4.0)	UNKNOWN STEP	2025-10-14T11:26:25.6961753Z   JAVA_HOME_21_X64: /opt/hostedtoolcache/Java_Temurin-Hotspot_jdk/21.0.8-9/x64
Cluster Compatibility Tests (26.4.0)	UNKNOWN STEP	2025-10-14T11:26:25.6962133Z ##[endgroup]
Cluster Compatibility Tests (26.4.0)	UNKNOWN STEP	2025-10-14T11:26:25.6987054Z ##[group]Run echo "key=mvn-`date -u "+%Y-%U"`" >> $GITHUB_OUTPUT
Cluster Compatibility Tests (26.4.0)	UNKNOWN STEP	2025-10-14T11:26:25.6987500Z [36;1mecho "key=mvn-`date -u "+%Y-%U"`" >> $GITHUB_OUTPUT[0m
Cluster Compatibility Tests (26.4.0)	UNKNOWN STEP	2025-10-14T11:26:25.7024302Z shell: /usr/bin/bash --noprofile --norc -e -o pipefail {0}
Cluster Compatibility Tests (26.4.0)	UNKNOWN STEP	2025-10-14T11:26:25.7024645Z env:
Cluster Compatibility Tests (26.4.0)	UNKNOWN STEP	2025-10-14T11:26:25.7024951Z   MAVEN_ARGS: -B -nsu -Daether.connector.http.connectionMaxTtl=25
Cluster Compatibility Tests (26.4.0)	UNKNOWN STEP	2025-10-14T11:26:25.7025340Z   SUREFIRE_RERUN_FAILING_COUNT: 2
Cluster Compatibility Tests (26.4.0)	UNKNOWN STEP	2025-10-14T11:26:25.7025669Z   SUREFIRE_RETRY: -Dsurefire.rerunFailingTestsCount=2
Cluster Compatibility Tests (26.4.0)	UNKNOWN STEP	2025-10-14T11:26:25.7026105Z   JAVA_HOME: /opt/hostedtoolcache/Java_Temurin-Hotspot_jdk/21.0.8-9/x64
Cluster Compatibility Tests (26.4.0)	UNKNOWN STEP	2025-10-14T11:26:25.7026705Z   JAVA_HOME_21_X64: /opt/hostedtoolcache/Java_Temurin-Hotspot_jdk/21.0.8-9/x64
Cluster Compatibility Tests (26.4.0)	UNKNOWN STEP	2025-10-14T11:26:25.7027087Z ##[endgroup]
Cluster Compatibility Tests (26.4.0)	UNKNOWN STEP	2025-10-14T11:26:25.7175237Z ##[group]Run actions/cache/restore@5a3ec84eff668545956fd18022155c47e93e2684
Cluster Compatibility Tests (26.4.0)	UNKNOWN STEP	2025-10-14T11:26:25.7175625Z with:
Cluster Compatibility Tests (26.4.0)	UNKNOWN STEP	2025-10-14T11:26:25.7175918Z   path: ~/.m2/repository/*/*
Cluster Compatibility Tests (26.4.0)	UNKNOWN STEP	!~/.m2/repository/org/keycloak
Cluster Compatibility Tests (26.4.0)	UNKNOWN STEP	
Cluster Compatibility Tests (26.4.0)	UNKNOWN STEP	2025-10-14T11:26:25.7176277Z   key: mvn-Linux-mvn-2025-41
Cluster Compatibility Tests (26.4.0)	UNKNOWN STEP	2025-10-14T11:26:25.7176852Z   restore-keys: mvn--mvn-2025-41
Cluster Compatibility Tests (26.4.0)	UNKNOWN STEP	
Cluster Compatibility Tests (26.4.0)	UNKNOWN STEP	2025-10-14T11:26:25.7177138Z   enableCrossOsArchive: true
Cluster Compatibility Tests (26.4.0)	UNKNOWN STEP	2025-10-14T11:26:25.7177410Z   fail-on-cache-miss: false
Cluster Compatibility Tests (26.4.0)	UNKNOWN STEP	2025-10-14T11:26:25.7177672Z   lookup-only: false
Cluster Compatibility Tests (26.4.0)	UNKNOWN STEP	2025-10-14T11:26:25.7177880Z env:
Cluster Compatibility Tests (26.4.0)	UNKNOWN STEP	2025-10-14T11:26:25.7178190Z   MAVEN_ARGS: -B -nsu -Daether.connector.http.connectionMaxTtl=25
Cluster Compatibility Tests (26.4.0)	UNKNOWN STEP	2025-10-14T11:26:25.7178553Z   SUREFIRE_RERUN_FAILING_COUNT: 2
Cluster Compatibility Tests (26.4.0)	UNKNOWN STEP	2025-10-14T11:26:25.7178902Z   SUREFIRE_RETRY: -Dsurefire.rerunFailingTestsCount=2
Cluster Compatibility Tests (26.4.0)	UNKNOWN STEP	2025-10-14T11:26:25.7179327Z   JAVA_HOME: /opt/hostedtoolcache/Java_Temurin-Hotspot_jdk/21.0.8-9/x64
Cluster Compatibility Tests (26.4.0)	UNKNOWN STEP	2025-10-14T11:26:25.7179810Z   JAVA_HOME_21_X64: /opt/hostedtoolcache/Java_Temurin-Hotspot_jdk/21.0.8-9/x64
Cluster Compatibility Tests (26.4.0)	UNKNOWN STEP	2025-10-14T11:26:25.7180180Z ##[endgroup]
Cluster Compatibility Tests (26.4.0)	UNKNOWN STEP	2025-10-14T11:26:25.9673395Z Cache hit for: mvn-Linux-mvn-2025-41
Cluster Compatibility Tests (26.4.0)	UNKNOWN STEP	2025-10-14T11:26:27.0851366Z Received 130023424 of 747190792 (17.4%), 123.9 MBs/sec
Cluster Compatibility Tests (26.4.0)	UNKNOWN STEP	2025-10-14T11:26:28.0856585Z Received 251658240 of 747190792 (33.7%), 119.9 MBs/sec
Cluster Compatibility Tests (26.4.0)	UNKNOWN STEP	2025-10-14T11:26:29.0888159Z Received 398458880 of 747190792 (53.3%), 126.6 MBs/sec
Cluster Compatibility Tests (26.4.0)	UNKNOWN STEP	2025-10-14T11:26:30.0874032Z Received 536870912 of 747190792 (71.9%), 127.9 MBs/sec
Cluster Compatibility Tests (26.4.0)	UNKNOWN STEP	2025-10-14T11:26:31.0912582Z Received 717225984 of 747190792 (96.0%), 136.6 MBs/sec
Cluster Compatibility Tests (26.4.0)	UNKNOWN STEP	2025-10-14T11:26:31.2336028Z Received 747190792 of 747190792 (100.0%), 138.4 MBs/sec
Cluster Compatibility Tests (26.4.0)	UNKNOWN STEP	2025-10-14T11:26:31.2339714Z Cache Size: ~713 MB (747190792 B)
Cluster Compatibility Tests (26.4.0)	UNKNOWN STEP	2025-10-14T11:26:31.2447756Z [command]/usr/bin/tar -xf /home/runner/work/_temp/b7f26bb1-0f74-4010-beb4-85676ae8ca05/cache.tzst -P -C /home/runner/work/keycloak/keycloak --use-compress-program unzstd
Cluster Compatibility Tests (26.4.0)	UNKNOWN STEP	2025-10-14T11:26:33.2171426Z Cache restored successfully
Cluster Compatibility Tests (26.4.0)	UNKNOWN STEP	2025-10-14T11:26:33.4563829Z Cache restored from key: mvn-Linux-mvn-2025-41
Cluster Compatibility Tests (26.4.0)	UNKNOWN STEP	2025-10-14T11:26:33.4702622Z Prepare all required actions
Cluster Compatibility Tests (26.4.0)	UNKNOWN STEP	2025-10-14T11:26:33.4702993Z Getting action download info
Cluster Compatibility Tests (26.4.0)	UNKNOWN STEP	2025-10-14T11:26:33.6043000Z ##[group]Run ./.github/actions/node-cache
Cluster Compatibility Tests (26.4.0)	UNKNOWN STEP	2025-10-14T11:26:33.6043284Z env:
Cluster Compatibility Tests (26.4.0)	UNKNOWN STEP	2025-10-14T11:26:33.6043570Z   MAVEN_ARGS: -B -nsu -Daether.connector.http.connectionMaxTtl=25
Cluster Compatibility Tests (26.4.0)	UNKNOWN STEP	2025-10-14T11:26:33.6043924Z   SUREFIRE_RERUN_FAILING_COUNT: 2
Cluster Compatibility Tests (26.4.0)	UNKNOWN STEP	2025-10-14T11:26:33.6044230Z   SUREFIRE_RETRY: -Dsurefire.rerunFailingTestsCount=2
Cluster Compatibility Tests (26.4.0)	UNKNOWN STEP	2025-10-14T11:26:33.6044679Z   JAVA_HOME: /opt/hostedtoolcache/Java_Temurin-Hotspot_jdk/21.0.8-9/x64
Cluster Compatibility Tests (26.4.0)	UNKNOWN STEP	2025-10-14T11:26:33.6045137Z   JAVA_HOME_21_X64: /opt/hostedtoolcache/Java_Temurin-Hotspot_jdk/21.0.8-9/x64
Cluster Compatibility Tests (26.4.0)	UNKNOWN STEP	2025-10-14T11:26:33.6045483Z ##[endgroup]
Cluster Compatibility Tests (26.4.0)	UNKNOWN STEP	2025-10-14T11:26:33.6067058Z ##[group]Run echo "node=$(cat js/pom.xml | grep '<node.version>' | cut -d '>' -f 2 | cut -d '<' -f 1 | cut -c 2-)" >> $GITHUB_OUTPUT
Cluster Compatibility Tests (26.4.0)	UNKNOWN STEP	2025-10-14T11:26:33.6067731Z [36;1mecho "node=$(cat js/pom.xml | grep '<node.version>' | cut -d '>' -f 2 | cut -d '<' -f 1 | cut -c 2-)" >> $GITHUB_OUTPUT[0m
Cluster Compatibility Tests (26.4.0)	UNKNOWN STEP	2025-10-14T11:26:33.6068331Z [36;1mecho "pnpm=$(cat js/pom.xml | grep '<pnpm.version>' | cut -d '>' -f 2 | cut -d '<' -f 1 | cut -c 1-)" >> $GITHUB_OUTPUT[0m
Cluster Compatibility Tests (26.4.0)	UNKNOWN STEP	2025-10-14T11:26:33.6100236Z shell: /usr/bin/bash --noprofile --norc -e -o pipefail {0}
Cluster Compatibility Tests (26.4.0)	UNKNOWN STEP	2025-10-14T11:26:33.6100559Z env:
Cluster Compatibility Tests (26.4.0)	UNKNOWN STEP	2025-10-14T11:26:33.6100827Z   MAVEN_ARGS: -B -nsu -Daether.connector.http.connectionMaxTtl=25
Cluster Compatibility Tests (26.4.0)	UNKNOWN STEP	2025-10-14T11:26:33.6101171Z   SUREFIRE_RERUN_FAILING_COUNT: 2
Cluster Compatibility Tests (26.4.0)	UNKNOWN STEP	2025-10-14T11:26:33.6101470Z   SUREFIRE_RETRY: -Dsurefire.rerunFailingTestsCount=2
Cluster Compatibility Tests (26.4.0)	UNKNOWN STEP	2025-10-14T11:26:33.6101872Z   JAVA_HOME: /opt/hostedtoolcache/Java_Temurin-Hotspot_jdk/21.0.8-9/x64
Cluster Compatibility Tests (26.4.0)	UNKNOWN STEP	2025-10-14T11:26:33.6102342Z   JAVA_HOME_21_X64: /opt/hostedtoolcache/Java_Temurin-Hotspot_jdk/21.0.8-9/x64
Cluster Compatibility Tests (26.4.0)	UNKNOWN STEP	2025-10-14T11:26:33.6102691Z ##[endgroup]
Cluster Compatibility Tests (26.4.0)	UNKNOWN STEP	2025-10-14T11:26:33.6251844Z ##[group]Run actions/cache@5a3ec84eff668545956fd18022155c47e93e2684
Cluster Compatibility Tests (26.4.0)	UNKNOWN STEP	2025-10-14T11:26:33.6252154Z with:
Cluster Compatibility Tests (26.4.0)	UNKNOWN STEP	2025-10-14T11:26:33.6252507Z   path: ~/.m2/repository/com/github/eirslett/node
Cluster Compatibility Tests (26.4.0)	UNKNOWN STEP	~/.m2/repository/com/github/eirslett/pnpm
Cluster Compatibility Tests (26.4.0)	UNKNOWN STEP	
Cluster Compatibility Tests (26.4.0)	UNKNOWN STEP	2025-10-14T11:26:33.6252992Z   key: Linux-frontend-plugin-artifacts-22.18.0-10.14.0
Cluster Compatibility Tests (26.4.0)	UNKNOWN STEP	2025-10-14T11:26:33.6253304Z   enableCrossOsArchive: false
Cluster Compatibility Tests (26.4.0)	UNKNOWN STEP	2025-10-14T11:26:33.6253541Z   fail-on-cache-miss: false
Cluster Compatibility Tests (26.4.0)	UNKNOWN STEP	2025-10-14T11:26:33.6253774Z   lookup-only: false
Cluster Compatibility Tests (26.4.0)	UNKNOWN STEP	2025-10-14T11:26:33.6253966Z   save-always: false
Cluster Compatibility Tests (26.4.0)	UNKNOWN STEP	2025-10-14T11:26:33.6254138Z env:
Cluster Compatibility Tests (26.4.0)	UNKNOWN STEP	2025-10-14T11:26:33.6254403Z   MAVEN_ARGS: -B -nsu -Daether.connector.http.connectionMaxTtl=25
Cluster Compatibility Tests (26.4.0)	UNKNOWN STEP	2025-10-14T11:26:33.6254739Z   SUREFIRE_RERUN_FAILING_COUNT: 2
Cluster Compatibility Tests (26.4.0)	UNKNOWN STEP	2025-10-14T11:26:33.6255017Z   SUREFIRE_RETRY: -Dsurefire.rerunFailingTestsCount=2
Cluster Compatibility Tests (26.4.0)	UNKNOWN STEP	2025-10-14T11:26:33.6255411Z   JAVA_HOME: /opt/hostedtoolcache/Java_Temurin-Hotspot_jdk/21.0.8-9/x64
Cluster Compatibility Tests (26.4.0)	UNKNOWN STEP	2025-10-14T11:26:33.6255850Z   JAVA_HOME_21_X64: /opt/hostedtoolcache/Java_Temurin-Hotspot_jdk/21.0.8-9/x64
Cluster Compatibility Tests (26.4.0)	UNKNOWN STEP	2025-10-14T11:26:33.6256186Z ##[endgroup]
Cluster Compatibility Tests (26.4.0)	UNKNOWN STEP	2025-10-14T11:26:33.8804657Z Cache hit for: Linux-frontend-plugin-artifacts-22.18.0-10.14.0
Cluster Compatibility Tests (26.4.0)	UNKNOWN STEP	2025-10-14T11:26:34.9987978Z Received 159383552 of 178075421 (89.5%), 152.0 MBs/sec
Cluster Compatibility Tests (26.4.0)	UNKNOWN STEP	2025-10-14T11:26:35.0845029Z Received 178075421 of 178075421 (100.0%), 155.8 MBs/sec
Cluster Compatibility Tests (26.4.0)	UNKNOWN STEP	2025-10-14T11:26:35.0846313Z Cache Size: ~170 MB (178075421 B)
Cluster Compatibility Tests (26.4.0)	UNKNOWN STEP	2025-10-14T11:26:35.0898642Z [command]/usr/bin/tar -xf /home/runner/work/_temp/ad7f8d6e-5e04-43e7-98b2-e8e3d6aabee5/cache.tzst -P -C /home/runner/work/keycloak/keycloak --use-compress-program unzstd
Cluster Compatibility Tests (26.4.0)	UNKNOWN STEP	2025-10-14T11:26:35.5710924Z Cache restored successfully
Cluster Compatibility Tests (26.4.0)	UNKNOWN STEP	2025-10-14T11:26:35.6140750Z Cache restored from key: Linux-frontend-plugin-artifacts-22.18.0-10.14.0
Cluster Compatibility Tests (26.4.0)	UNKNOWN STEP	2025-10-14T11:26:35.6261874Z Prepare all required actions
Cluster Compatibility Tests (26.4.0)	UNKNOWN STEP	2025-10-14T11:26:35.6262185Z Getting action download info
Cluster Compatibility Tests (26.4.0)	UNKNOWN STEP	2025-10-14T11:26:35.7772745Z ##[group]Run ./.github/actions/pnpm-store-cache
Cluster Compatibility Tests (26.4.0)	UNKNOWN STEP	2025-10-14T11:26:35.7773029Z env:
Cluster Compatibility Tests (26.4.0)	UNKNOWN STEP	2025-10-14T11:26:35.7773306Z   MAVEN_ARGS: -B -nsu -Daether.connector.http.connectionMaxTtl=25
Cluster Compatibility Tests (26.4.0)	UNKNOWN STEP	2025-10-14T11:26:35.7773655Z   SUREFIRE_RERUN_FAILING_COUNT: 2
Cluster Compatibility Tests (26.4.0)	UNKNOWN STEP	2025-10-14T11:26:35.7773939Z   SUREFIRE_RETRY: -Dsurefire.rerunFailingTestsCount=2
Cluster Compatibility Tests (26.4.0)	UNKNOWN STEP	2025-10-14T11:26:35.7774344Z   JAVA_HOME: /opt/hostedtoolcache/Java_Temurin-Hotspot_jdk/21.0.8-9/x64
Cluster Compatibility Tests (26.4.0)	UNKNOWN STEP	2025-10-14T11:26:35.7774788Z   JAVA_HOME_21_X64: /opt/hostedtoolcache/Java_Temurin-Hotspot_jdk/21.0.8-9/x64
Cluster Compatibility Tests (26.4.0)	UNKNOWN STEP	2025-10-14T11:26:35.7775128Z ##[endgroup]
Cluster Compatibility Tests (26.4.0)	UNKNOWN STEP	2025-10-14T11:26:35.7789891Z ##[group]Run echo "key=pnpm-store-`date -u "+%Y-%U"`" >> $GITHUB_OUTPUT
Cluster Compatibility Tests (26.4.0)	UNKNOWN STEP	2025-10-14T11:26:35.7790334Z [36;1mecho "key=pnpm-store-`date -u "+%Y-%U"`" >> $GITHUB_OUTPUT[0m
Cluster Compatibility Tests (26.4.0)	UNKNOWN STEP	2025-10-14T11:26:35.7822051Z shell: /usr/bin/bash --noprofile --norc -e -o pipefail {0}
Cluster Compatibility Tests (26.4.0)	UNKNOWN STEP	2025-10-14T11:26:35.7822384Z env:
Cluster Compatibility Tests (26.4.0)	UNKNOWN STEP	2025-10-14T11:26:35.7822656Z   MAVEN_ARGS: -B -nsu -Daether.connector.http.connectionMaxTtl=25
Cluster Compatibility Tests (26.4.0)	UNKNOWN STEP	2025-10-14T11:26:35.7822999Z   SUREFIRE_RERUN_FAILING_COUNT: 2
Cluster Compatibility Tests (26.4.0)	UNKNOWN STEP	2025-10-14T11:26:35.7823289Z   SUREFIRE_RETRY: -Dsurefire.rerunFailingTestsCount=2
Cluster Compatibility Tests (26.4.0)	UNKNOWN STEP	2025-10-14T11:26:35.7823687Z   JAVA_HOME: /opt/hostedtoolcache/Java_Temurin-Hotspot_jdk/21.0.8-9/x64
Cluster Compatibility Tests (26.4.0)	UNKNOWN STEP	2025-10-14T11:26:35.7824139Z   JAVA_HOME_21_X64: /opt/hostedtoolcache/Java_Temurin-Hotspot_jdk/21.0.8-9/x64
Cluster Compatibility Tests (26.4.0)	UNKNOWN STEP	2025-10-14T11:26:35.7824483Z ##[endgroup]
Cluster Compatibility Tests (26.4.0)	UNKNOWN STEP	2025-10-14T11:26:35.7922806Z ##[group]Run actions/cache@5a3ec84eff668545956fd18022155c47e93e2684
Cluster Compatibility Tests (26.4.0)	UNKNOWN STEP	2025-10-14T11:26:35.7923122Z with:
Cluster Compatibility Tests (26.4.0)	UNKNOWN STEP	2025-10-14T11:26:35.7923437Z   path: ~/.local/share/pnpm/store
Cluster Compatibility Tests (26.4.0)	UNKNOWN STEP	~/AppData/Local/pnpm/store
Cluster Compatibility Tests (26.4.0)	UNKNOWN STEP	~/Library/pnpm/store
Cluster Compatibility Tests (26.4.0)	UNKNOWN STEP	
Cluster Compatibility Tests (26.4.0)	UNKNOWN STEP	2025-10-14T11:26:35.7923839Z   key: Linux-pnpm-store-2025-41
Cluster Compatibility Tests (26.4.0)	UNKNOWN STEP	2025-10-14T11:26:35.7924091Z   enableCrossOsArchive: false
Cluster Compatibility Tests (26.4.0)	UNKNOWN STEP	2025-10-14T11:26:35.7924330Z   fail-on-cache-miss: false
Cluster Compatibility Tests (26.4.0)	UNKNOWN STEP	2025-10-14T11:26:35.7924547Z   lookup-only: false
Cluster Compatibility Tests (26.4.0)	UNKNOWN STEP	2025-10-14T11:26:35.7924761Z   save-always: false
Cluster Compatibility Tests (26.4.0)	UNKNOWN STEP	2025-10-14T11:26:35.7924943Z env:
Cluster Compatibility Tests (26.4.0)	UNKNOWN STEP	2025-10-14T11:26:35.7925206Z   MAVEN_ARGS: -B -nsu -Daether.connector.http.connectionMaxTtl=25
Cluster Compatibility Tests (26.4.0)	UNKNOWN STEP	2025-10-14T11:26:35.7925552Z   SUREFIRE_RERUN_FAILING_COUNT: 2
Cluster Compatibility Tests (26.4.0)	UNKNOWN STEP	2025-10-14T11:26:35.7925840Z   SUREFIRE_RETRY: -Dsurefire.rerunFailingTestsCount=2
Cluster Compatibility Tests (26.4.0)	UNKNOWN STEP	2025-10-14T11:26:35.7926238Z   JAVA_HOME: /opt/hostedtoolcache/Java_Temurin-Hotspot_jdk/21.0.8-9/x64
Cluster Compatibility Tests (26.4.0)	UNKNOWN STEP	2025-10-14T11:26:35.7926917Z   JAVA_HOME_21_X64: /opt/hostedtoolcache/Java_Temurin-Hotspot_jdk/21.0.8-9/x64
Cluster Compatibility Tests (26.4.0)	UNKNOWN STEP	2025-10-14T11:26:35.7927258Z ##[endgroup]
Cluster Compatibility Tests (26.4.0)	UNKNOWN STEP	2025-10-14T11:26:36.0481977Z Cache hit for: Linux-pnpm-store-2025-41
Cluster Compatibility Tests (26.4.0)	UNKNOWN STEP	2025-10-14T11:26:37.1496233Z Received 135743612 of 139937916 (97.0%), 129.5 MBs/sec
Cluster Compatibility Tests (26.4.0)	UNKNOWN STEP	2025-10-14T11:26:37.1617829Z Received 139937916 of 139937916 (100.0%), 131.9 MBs/sec
Cluster Compatibility Tests (26.4.0)	UNKNOWN STEP	2025-10-14T11:26:37.1619305Z Cache Size: ~133 MB (139937916 B)
Cluster Compatibility Tests (26.4.0)	UNKNOWN STEP	2025-10-14T11:26:37.1647673Z [command]/usr/bin/tar -xf /home/runner/work/_temp/93bd6873-d04d-4f41-b963-6357047b4594/cache.tzst -P -C /home/runner/work/keycloak/keycloak --use-compress-program unzstd
Cluster Compatibility Tests (26.4.0)	UNKNOWN STEP	2025-10-14T11:26:39.6815310Z Cache restored successfully
Cluster Compatibility Tests (26.4.0)	UNKNOWN STEP	2025-10-14T11:26:39.7164321Z Cache restored from key: Linux-pnpm-store-2025-41
Cluster Compatibility Tests (26.4.0)	UNKNOWN STEP	2025-10-14T11:26:39.7319056Z ##[group]Run actions/download-artifact@d3f86a106a0bac45b974a628896c90dbdf5c8093
Cluster Compatibility Tests (26.4.0)	UNKNOWN STEP	2025-10-14T11:26:39.7319472Z with:
Cluster Compatibility Tests (26.4.0)	UNKNOWN STEP	2025-10-14T11:26:39.7319680Z   name: m2-keycloak.tzts
Cluster Compatibility Tests (26.4.0)	UNKNOWN STEP	2025-10-14T11:26:39.7319926Z   merge-multiple: false
Cluster Compatibility Tests (26.4.0)	UNKNOWN STEP	2025-10-14T11:26:39.7320186Z   repository: keycloak/keycloak
Cluster Compatibility Tests (26.4.0)	UNKNOWN STEP	2025-10-14T11:26:39.7320442Z   run-id: 18494847369
Cluster Compatibility Tests (26.4.0)	UNKNOWN STEP	2025-10-14T11:26:39.7320656Z env:
Cluster Compatibility Tests (26.4.0)	UNKNOWN STEP	2025-10-14T11:26:39.7320955Z   MAVEN_ARGS: -B -nsu -Daether.connector.http.connectionMaxTtl=25
Cluster Compatibility Tests (26.4.0)	UNKNOWN STEP	2025-10-14T11:26:39.7321352Z   SUREFIRE_RERUN_FAILING_COUNT: 2
Cluster Compatibility Tests (26.4.0)	UNKNOWN STEP	2025-10-14T11:26:39.7321680Z   SUREFIRE_RETRY: -Dsurefire.rerunFailingTestsCount=2
Cluster Compatibility Tests (26.4.0)	UNKNOWN STEP	2025-10-14T11:26:39.7322320Z   JAVA_HOME: /opt/hostedtoolcache/Java_Temurin-Hotspot_jdk/21.0.8-9/x64
Cluster Compatibility Tests (26.4.0)	UNKNOWN STEP	2025-10-14T11:26:39.7322821Z   JAVA_HOME_21_X64: /opt/hostedtoolcache/Java_Temurin-Hotspot_jdk/21.0.8-9/x64
Cluster Compatibility Tests (26.4.0)	UNKNOWN STEP	2025-10-14T11:26:39.7323334Z ##[endgroup]
Cluster Compatibility Tests (26.4.0)	UNKNOWN STEP	2025-10-14T11:26:39.9327162Z Downloading single artifact
Cluster Compatibility Tests (26.4.0)	UNKNOWN STEP	2025-10-14T11:26:40.0687020Z Preparing to download the following artifacts:
Cluster Compatibility Tests (26.4.0)	UNKNOWN STEP	2025-10-14T11:26:40.0688245Z - m2-keycloak.tzts (ID: 4264308605, Size: 396571474, Expected Digest: sha256:c7dd3f7af59f5d4e4cba3fee2c089fa1606544198e8fe3418162bd7493225ef9)
Cluster Compatibility Tests (26.4.0)	UNKNOWN STEP	2025-10-14T11:26:40.0888174Z ##[error]Unable to download artifact(s): Failed to ListArtifacts: Unable to make request: ECONNRESET
Cluster Compatibility Tests (26.4.0)	UNKNOWN STEP	If you are using self-hosted runners, please make sure your runner has access to all GitHub endpoints: https://docs.github.com/en/actions/hosting-your-own-runners/managing-self-hosted-runners/about-self-hosted-runners#communication-between-self-hosted-runners-and-github
Cluster Compatibility Tests (26.4.0)	UNKNOWN STEP	2025-10-14T11:26:40.1015075Z Post job cleanup.
Cluster Compatibility Tests (26.4.0)	UNKNOWN STEP	2025-10-14T11:26:40.1057859Z Post job cleanup.
Cluster Compatibility Tests (26.4.0)	UNKNOWN STEP	2025-10-14T11:26:40.2798994Z Post job cleanup.
Cluster Compatibility Tests (26.4.0)	UNKNOWN STEP	2025-10-14T11:26:40.3577537Z [command]/usr/bin/git version
Cluster Compatibility Tests (26.4.0)	UNKNOWN STEP	2025-10-14T11:26:40.3618876Z git version 2.51.0
Cluster Compatibility Tests (26.4.0)	UNKNOWN STEP	2025-10-14T11:26:40.3656268Z Temporarily overriding HOME='/home/runner/work/_temp/56e5dcee-703d-463c-b07a-5bd814246490' before making global git config changes
Cluster Compatibility Tests (26.4.0)	UNKNOWN STEP	2025-10-14T11:26:40.3657850Z Adding repository directory to the temporary git global config as a safe directory
Cluster Compatibility Tests (26.4.0)	UNKNOWN STEP	2025-10-14T11:26:40.3662443Z [command]/usr/bin/git config --global --add safe.directory /home/runner/work/keycloak/keycloak
Cluster Compatibility Tests (26.4.0)	UNKNOWN STEP	2025-10-14T11:26:40.3697469Z [command]/usr/bin/git config --local --name-only --get-regexp core\.sshCommand
Cluster Compatibility Tests (26.4.0)	UNKNOWN STEP	2025-10-14T11:26:40.3729337Z [command]/usr/bin/git submodule foreach --recursive sh -c "git config --local --name-only --get-regexp 'core\.sshCommand' && git config --local --unset-all 'core.sshCommand' || :"
Cluster Compatibility Tests (26.4.0)	UNKNOWN STEP	2025-10-14T11:26:40.4010369Z [command]/usr/bin/git config --local --name-only --get-regexp http\.https\:\/\/github\.com\/\.extraheader
Cluster Compatibility Tests (26.4.0)	UNKNOWN STEP	2025-10-14T11:26:40.4032277Z http.https://github.com/.extraheader
Cluster Compatibility Tests (26.4.0)	UNKNOWN STEP	2025-10-14T11:26:40.4041901Z [command]/usr/bin/git config --local --unset-all http.https://github.com/.extraheader
Cluster Compatibility Tests (26.4.0)	UNKNOWN STEP	2025-10-14T11:26:40.4071283Z [command]/usr/bin/git submodule foreach --recursive sh -c "git config --local --name-only --get-regexp 'http\.https\:\/\/github\.com\/\.extraheader' && git config --local --unset-all 'http.https://github.com/.extraheader' || :"
Cluster Compatibility Tests (26.4.0)	UNKNOWN STEP	2025-10-14T11:26:40.4420872Z Cleaning up orphan processes
Status Check - Keycloak CI	UNKNOWN STEP	ï»¿2025-10-14T12:35:46.1593455Z Current runner version: '2.328.0'
Status Check - Keycloak CI	UNKNOWN STEP	2025-10-14T12:35:46.1629327Z ##[group]Runner Image Provisioner
Status Check - Keycloak CI	UNKNOWN STEP	2025-10-14T12:35:46.1631028Z Hosted Compute Agent
Status Check - Keycloak CI	UNKNOWN STEP	2025-10-14T12:35:46.1631967Z Version: 20250912.392
Status Check - Keycloak CI	UNKNOWN STEP	2025-10-14T12:35:46.1633038Z Commit: d921fda672a98b64f4f82364647e2f10b2267d0b
Status Check - Keycloak CI	UNKNOWN STEP	2025-10-14T12:35:46.1634318Z Build Date: 2025-09-12T15:23:14Z
Status Check - Keycloak CI	UNKNOWN STEP	2025-10-14T12:35:46.1635405Z ##[endgroup]
Status Check - Keycloak CI	UNKNOWN STEP	2025-10-14T12:35:46.1636343Z ##[group]Operating System
Status Check - Keycloak CI	UNKNOWN STEP	2025-10-14T12:35:46.1637422Z Ubuntu
Status Check - Keycloak CI	UNKNOWN STEP	2025-10-14T12:35:46.1638216Z 24.04.3
Status Check - Keycloak CI	UNKNOWN STEP	2025-10-14T12:35:46.1638989Z LTS
Status Check - Keycloak CI	UNKNOWN STEP	2025-10-14T12:35:46.1639673Z ##[endgroup]
Status Check - Keycloak CI	UNKNOWN STEP	2025-10-14T12:35:46.1640837Z ##[group]Runner Image
Status Check - Keycloak CI	UNKNOWN STEP	2025-10-14T12:35:46.1641809Z Image: ubuntu-24.04
Status Check - Keycloak CI	UNKNOWN STEP	2025-10-14T12:35:46.1642574Z Version: 20250929.60.1
Status Check - Keycloak CI	UNKNOWN STEP	2025-10-14T12:35:46.1644456Z Included Software: https://github.com/actions/runner-images/blob/ubuntu24/20250929.60/images/ubuntu/Ubuntu2404-Readme.md
Status Check - Keycloak CI	UNKNOWN STEP	2025-10-14T12:35:46.1647220Z Image Release: https://github.com/actions/runner-images/releases/tag/ubuntu24%2F20250929.60
Status Check - Keycloak CI	UNKNOWN STEP	2025-10-14T12:35:46.1649088Z ##[endgroup]
Status Check - Keycloak CI	UNKNOWN STEP	2025-10-14T12:35:46.1651063Z ##[group]GITHUB_TOKEN Permissions
Status Check - Keycloak CI	UNKNOWN STEP	2025-10-14T12:35:46.1653773Z Contents: read
Status Check - Keycloak CI	UNKNOWN STEP	2025-10-14T12:35:46.1654637Z Metadata: read
Status Check - Keycloak CI	UNKNOWN STEP	2025-10-14T12:35:46.1655395Z ##[endgroup]
Status Check - Keycloak CI	UNKNOWN STEP	2025-10-14T12:35:46.1658505Z Secret source: None
Status Check - Keycloak CI	UNKNOWN STEP	2025-10-14T12:35:46.1659621Z Prepare workflow directory
Status Check - Keycloak CI	UNKNOWN STEP	2025-10-14T12:35:46.2221341Z Prepare all required actions
Status Check - Keycloak CI	UNKNOWN STEP	2025-10-14T12:35:46.2275943Z Getting action download info
Status Check - Keycloak CI	UNKNOWN STEP	2025-10-14T12:35:46.5607033Z Download action repository 'actions/checkout@08c6903cd8c0fde910a37f88322edcfb5dd907a8' (SHA:08c6903cd8c0fde910a37f88322edcfb5dd907a8)
Status Check - Keycloak CI	UNKNOWN STEP	2025-10-14T12:35:46.7806454Z Complete job name: Status Check - Keycloak CI
Status Check - Keycloak CI	UNKNOWN STEP	2025-10-14T12:35:46.8479708Z ##[group]Run actions/checkout@08c6903cd8c0fde910a37f88322edcfb5dd907a8
Status Check - Keycloak CI	UNKNOWN STEP	2025-10-14T12:35:46.8481003Z with:
Status Check - Keycloak CI	UNKNOWN STEP	2025-10-14T12:35:46.8481459Z   repository: keycloak/keycloak
Status Check - Keycloak CI	UNKNOWN STEP	2025-10-14T12:35:46.8482127Z   token: ***
Status Check - Keycloak CI	UNKNOWN STEP	2025-10-14T12:35:46.8482536Z   ssh-strict: true
Status Check - Keycloak CI	UNKNOWN STEP	2025-10-14T12:35:46.8482947Z   ssh-user: git
Status Check - Keycloak CI	UNKNOWN STEP	2025-10-14T12:35:46.8483388Z   persist-credentials: true
Status Check - Keycloak CI	UNKNOWN STEP	2025-10-14T12:35:46.8483851Z   clean: true
Status Check - Keycloak CI	UNKNOWN STEP	2025-10-14T12:35:46.8484273Z   sparse-checkout-cone-mode: true
Status Check - Keycloak CI	UNKNOWN STEP	2025-10-14T12:35:46.8484774Z   fetch-depth: 1
Status Check - Keycloak CI	UNKNOWN STEP	2025-10-14T12:35:46.8485176Z   fetch-tags: false
Status Check - Keycloak CI	UNKNOWN STEP	2025-10-14T12:35:46.8485596Z   show-progress: true
Status Check - Keycloak CI	UNKNOWN STEP	2025-10-14T12:35:46.8486015Z   lfs: false
Status Check - Keycloak CI	UNKNOWN STEP	2025-10-14T12:35:46.8486411Z   submodules: false
Status Check - Keycloak CI	UNKNOWN STEP	2025-10-14T12:35:46.8486830Z   set-safe-directory: true
Status Check - Keycloak CI	UNKNOWN STEP	2025-10-14T12:35:46.8487496Z env:
Status Check - Keycloak CI	UNKNOWN STEP	2025-10-14T12:35:46.8488069Z   MAVEN_ARGS: -B -nsu -Daether.connector.http.connectionMaxTtl=25
Status Check - Keycloak CI	UNKNOWN STEP	2025-10-14T12:35:46.8488768Z   SUREFIRE_RERUN_FAILING_COUNT: 2
Status Check - Keycloak CI	UNKNOWN STEP	2025-10-14T12:35:46.8489405Z   SUREFIRE_RETRY: -Dsurefire.rerunFailingTestsCount=2
Status Check - Keycloak CI	UNKNOWN STEP	2025-10-14T12:35:46.8490006Z ##[endgroup]
Status Check - Keycloak CI	UNKNOWN STEP	2025-10-14T12:35:46.9423716Z Syncing repository: keycloak/keycloak
Status Check - Keycloak CI	UNKNOWN STEP	2025-10-14T12:35:46.9425695Z ##[group]Getting Git version info
Status Check - Keycloak CI	UNKNOWN STEP	2025-10-14T12:35:46.9426445Z Working directory is '/home/runner/work/keycloak/keycloak'
Status Check - Keycloak CI	UNKNOWN STEP	2025-10-14T12:35:46.9427661Z [command]/usr/bin/git version
Status Check - Keycloak CI	UNKNOWN STEP	2025-10-14T12:35:46.9485243Z git version 2.51.0
Status Check - Keycloak CI	UNKNOWN STEP	2025-10-14T12:35:46.9505834Z ##[endgroup]
Status Check - Keycloak CI	UNKNOWN STEP	2025-10-14T12:35:46.9520558Z Temporarily overriding HOME='/home/runner/work/_temp/be36717f-154b-41f7-93ce-f1010d59cae2' before making global git config changes
Status Check - Keycloak CI	UNKNOWN STEP	2025-10-14T12:35:46.9522815Z Adding repository directory to the temporary git global config as a safe directory
Status Check - Keycloak CI	UNKNOWN STEP	2025-10-14T12:35:46.9525538Z [command]/usr/bin/git config --global --add safe.directory /home/runner/work/keycloak/keycloak
Status Check - Keycloak CI	UNKNOWN STEP	2025-10-14T12:35:46.9563996Z Deleting the contents of '/home/runner/work/keycloak/keycloak'
Status Check - Keycloak CI	UNKNOWN STEP	2025-10-14T12:35:46.9567863Z ##[group]Initializing the repository
Status Check - Keycloak CI	UNKNOWN STEP	2025-10-14T12:35:46.9573063Z [command]/usr/bin/git init /home/runner/work/keycloak/keycloak
Status Check - Keycloak CI	UNKNOWN STEP	2025-10-14T12:35:46.9675721Z hint: Using 'master' as the name for the initial branch. This default branch name
Status Check - Keycloak CI	UNKNOWN STEP	2025-10-14T12:35:46.9677052Z hint: is subject to change. To configure the initial branch name to use in all
Status Check - Keycloak CI	UNKNOWN STEP	2025-10-14T12:35:46.9678580Z hint: of your new repositories, which will suppress this warning, call:
Status Check - Keycloak CI	UNKNOWN STEP	2025-10-14T12:35:46.9679805Z hint:
Status Check - Keycloak CI	UNKNOWN STEP	2025-10-14T12:35:46.9680954Z hint: 	git config --global init.defaultBranch <name>
Status Check - Keycloak CI	UNKNOWN STEP	2025-10-14T12:35:46.9682183Z hint:
Status Check - Keycloak CI	UNKNOWN STEP	2025-10-14T12:35:46.9683328Z hint: Names commonly chosen instead of 'master' are 'main', 'trunk' and
Status Check - Keycloak CI	UNKNOWN STEP	2025-10-14T12:35:46.9685222Z hint: 'development'. The just-created branch can be renamed via this command:
Status Check - Keycloak CI	UNKNOWN STEP	2025-10-14T12:35:46.9686681Z hint:
Status Check - Keycloak CI	UNKNOWN STEP	2025-10-14T12:35:46.9687451Z hint: 	git branch -m <name>
Status Check - Keycloak CI	UNKNOWN STEP	2025-10-14T12:35:46.9688289Z hint:
Status Check - Keycloak CI	UNKNOWN STEP	2025-10-14T12:35:46.9689437Z hint: Disable this message with "git config set advice.defaultBranchName false"
Status Check - Keycloak CI	UNKNOWN STEP	2025-10-14T12:35:46.9691862Z Initialized empty Git repository in /home/runner/work/keycloak/keycloak/.git/
Status Check - Keycloak CI	UNKNOWN STEP	2025-10-14T12:35:46.9694866Z [command]/usr/bin/git remote add origin https://github.com/keycloak/keycloak
Status Check - Keycloak CI	UNKNOWN STEP	2025-10-14T12:35:46.9730859Z ##[endgroup]
Status Check - Keycloak CI	UNKNOWN STEP	2025-10-14T12:35:46.9732265Z ##[group]Disabling automatic garbage collection
Status Check - Keycloak CI	UNKNOWN STEP	2025-10-14T12:35:46.9734793Z [command]/usr/bin/git config --local gc.auto 0
Status Check - Keycloak CI	UNKNOWN STEP	2025-10-14T12:35:46.9762862Z ##[endgroup]
Status Check - Keycloak CI	UNKNOWN STEP	2025-10-14T12:35:46.9764270Z ##[group]Setting up auth
Status Check - Keycloak CI	UNKNOWN STEP	2025-10-14T12:35:46.9769988Z [command]/usr/bin/git config --local --name-only --get-regexp core\.sshCommand
Status Check - Keycloak CI	UNKNOWN STEP	2025-10-14T12:35:46.9800848Z [command]/usr/bin/git submodule foreach --recursive sh -c "git config --local --name-only --get-regexp 'core\.sshCommand' && git config --local --unset-all 'core.sshCommand' || :"
Status Check - Keycloak CI	UNKNOWN STEP	2025-10-14T12:35:47.0132047Z [command]/usr/bin/git config --local --name-only --get-regexp http\.https\:\/\/github\.com\/\.extraheader
Status Check - Keycloak CI	UNKNOWN STEP	2025-10-14T12:35:47.0166400Z [command]/usr/bin/git submodule foreach --recursive sh -c "git config --local --name-only --get-regexp 'http\.https\:\/\/github\.com\/\.extraheader' && git config --local --unset-all 'http.https://github.com/.extraheader' || :"
Status Check - Keycloak CI	UNKNOWN STEP	2025-10-14T12:35:47.0405313Z [command]/usr/bin/git config --local http.https://github.com/.extraheader AUTHORIZATION: basic ***
Status Check - Keycloak CI	UNKNOWN STEP	2025-10-14T12:35:47.0442846Z ##[endgroup]
Status Check - Keycloak CI	UNKNOWN STEP	2025-10-14T12:35:47.0444380Z ##[group]Fetching the repository
Status Check - Keycloak CI	UNKNOWN STEP	2025-10-14T12:35:47.0453902Z [command]/usr/bin/git -c protocol.version=2 fetch --no-tags --prune --no-recurse-submodules --depth=1 origin +62176d2d32f1543885e7ee5e6461394d99103b23:refs/remotes/pull/43441/merge
Status Check - Keycloak CI	UNKNOWN STEP	2025-10-14T12:35:50.5254132Z From https://github.com/keycloak/keycloak
Status Check - Keycloak CI	UNKNOWN STEP	2025-10-14T12:35:50.5256771Z  * [new ref]         62176d2d32f1543885e7ee5e6461394d99103b23 -> pull/43441/merge
Status Check - Keycloak CI	UNKNOWN STEP	2025-10-14T12:35:50.5284993Z ##[endgroup]
Status Check - Keycloak CI	UNKNOWN STEP	2025-10-14T12:35:50.5286029Z ##[group]Determining the checkout info
Status Check - Keycloak CI	UNKNOWN STEP	2025-10-14T12:35:50.5287435Z ##[endgroup]
Status Check - Keycloak CI	UNKNOWN STEP	2025-10-14T12:35:50.5292940Z [command]/usr/bin/git sparse-checkout disable
Status Check - Keycloak CI	UNKNOWN STEP	2025-10-14T12:35:50.5333159Z [command]/usr/bin/git config --local --unset-all extensions.worktreeConfig
Status Check - Keycloak CI	UNKNOWN STEP	2025-10-14T12:35:50.5360989Z ##[group]Checking out the ref
Status Check - Keycloak CI	UNKNOWN STEP	2025-10-14T12:35:50.5364697Z [command]/usr/bin/git checkout --progress --force refs/remotes/pull/43441/merge
Status Check - Keycloak CI	UNKNOWN STEP	2025-10-14T12:35:51.3658302Z Note: switching to 'refs/remotes/pull/43441/merge'.
Status Check - Keycloak CI	UNKNOWN STEP	2025-10-14T12:35:51.3659019Z 
Status Check - Keycloak CI	UNKNOWN STEP	2025-10-14T12:35:51.3659400Z You are in 'detached HEAD' state. You can look around, make experimental
Status Check - Keycloak CI	UNKNOWN STEP	2025-10-14T12:35:51.3660182Z changes and commit them, and you can discard any commits you make in this
Status Check - Keycloak CI	UNKNOWN STEP	2025-10-14T12:35:51.3661213Z state without impacting any branches by switching back to a branch.
Status Check - Keycloak CI	UNKNOWN STEP	2025-10-14T12:35:51.3661708Z 
Status Check - Keycloak CI	UNKNOWN STEP	2025-10-14T12:35:51.3662043Z If you want to create a new branch to retain commits you create, you may
Status Check - Keycloak CI	UNKNOWN STEP	2025-10-14T12:35:51.3662774Z do so (now or later) by using -c with the switch command. Example:
Status Check - Keycloak CI	UNKNOWN STEP	2025-10-14T12:35:51.3663187Z 
Status Check - Keycloak CI	UNKNOWN STEP	2025-10-14T12:35:51.3663372Z   git switch -c <new-branch-name>
Status Check - Keycloak CI	UNKNOWN STEP	2025-10-14T12:35:51.3663675Z 
Status Check - Keycloak CI	UNKNOWN STEP	2025-10-14T12:35:51.3663895Z Or undo this operation with:
Status Check - Keycloak CI	UNKNOWN STEP	2025-10-14T12:35:51.3664176Z 
Status Check - Keycloak CI	UNKNOWN STEP	2025-10-14T12:35:51.3664334Z   git switch -
Status Check - Keycloak CI	UNKNOWN STEP	2025-10-14T12:35:51.3664583Z 
Status Check - Keycloak CI	UNKNOWN STEP	2025-10-14T12:35:51.3664944Z Turn off this advice by setting config variable advice.detachedHead to false
Status Check - Keycloak CI	UNKNOWN STEP	2025-10-14T12:35:51.3665485Z 
Status Check - Keycloak CI	UNKNOWN STEP	2025-10-14T12:35:51.3666089Z HEAD is now at 62176d2 Merge f95cab2edcfd0d5dd495cf851551c4d89f54cee7 into 4c1a1dee48f3dba212f8f50e1a39f12f0d2b14de
Status Check - Keycloak CI	UNKNOWN STEP	2025-10-14T12:35:51.3693151Z ##[endgroup]
Status Check - Keycloak CI	UNKNOWN STEP	2025-10-14T12:35:51.3733089Z [command]/usr/bin/git log -1 --format=%H
Status Check - Keycloak CI	UNKNOWN STEP	2025-10-14T12:35:51.3756654Z 62176d2d32f1543885e7ee5e6461394d99103b23
Status Check - Keycloak CI	UNKNOWN STEP	2025-10-14T12:35:51.4004396Z Prepare all required actions
Status Check - Keycloak CI	UNKNOWN STEP	2025-10-14T12:35:51.4082058Z ##[group]Run ./.github/actions/status-check
Status Check - Keycloak CI	UNKNOWN STEP	2025-10-14T12:35:51.4082350Z with:
Status Check - Keycloak CI	UNKNOWN STEP	2025-10-14T12:35:51.4086763Z   jobs: {
Status Check - Keycloak CI	UNKNOWN STEP	  "conditional": {
Status Check - Keycloak CI	UNKNOWN STEP	    "result": "success",
Status Check - Keycloak CI	UNKNOWN STEP	    "outputs": {
Status Check - Keycloak CI	UNKNOWN STEP	      "ci-compatibility-matrix": "[{\"version\":\"26.4.0\"}]",
Status Check - Keycloak CI	UNKNOWN STEP	      "ci-additional-dbs": "false",
Status Check - Keycloak CI	UNKNOWN STEP	      "ci": "true",
Status Check - Keycloak CI	UNKNOWN STEP	      "ci-quarkus": "false",
Status Check - Keycloak CI	UNKNOWN STEP	      "ci-store": "false",
Status Check - Keycloak CI	UNKNOWN STEP	      "ci-sssd": "false",
Status Check - Keycloak CI	UNKNOWN STEP	      "ci-webauthn": "true",
Status Check - Keycloak CI	UNKNOWN STEP	      "ci-aurora": "false"
Status Check - Keycloak CI	UNKNOWN STEP	    }
Status Check - Keycloak CI	UNKNOWN STEP	  },
Status Check - Keycloak CI	UNKNOWN STEP	  "build": {
Status Check - Keycloak CI	UNKNOWN STEP	    "result": "success",
Status Check - Keycloak CI	UNKNOWN STEP	    "outputs": {}
Status Check - Keycloak CI	UNKNOWN STEP	  },
Status Check - Keycloak CI	UNKNOWN STEP	  "unit-tests": {
Status Check - Keycloak CI	UNKNOWN STEP	    "result": "success",
Status Check - Keycloak CI	UNKNOWN STEP	    "outputs": {}
Status Check - Keycloak CI	UNKNOWN STEP	  },
Status Check - Keycloak CI	UNKNOWN STEP	  "base-integration-tests": {
Status Check - Keycloak CI	UNKNOWN STEP	    "result": "success",
Status Check - Keycloak CI	UNKNOWN STEP	    "outputs": {}
Status Check - Keycloak CI	UNKNOWN STEP	  },
Status Check - Keycloak CI	UNKNOWN STEP	  "adapter-integration-tests": {
Status Check - Keycloak CI	UNKNOWN STEP	    "result": "success",
Status Check - Keycloak CI	UNKNOWN STEP	    "outputs": {}
Status Check - Keycloak CI	UNKNOWN STEP	  },
Status Check - Keycloak CI	UNKNOWN STEP	  "adapter-integration-tests-strict-cookies": {
Status Check - Keycloak CI	UNKNOWN STEP	    "result": "success",
Status Check - Keycloak CI	UNKNOWN STEP	    "outputs": {}
Status Check - Keycloak CI	UNKNOWN STEP	  },
Status Check - Keycloak CI	UNKNOWN STEP	  "quarkus-unit-tests": {
Status Check - Keycloak CI	UNKNOWN STEP	    "result": "skipped",
Status Check - Keycloak CI	UNKNOWN STEP	    "outputs": {}
Status Check - Keycloak CI	UNKNOWN STEP	  },
Status Check - Keycloak CI	UNKNOWN STEP	  "quarkus-integration-tests": {
Status Check - Keycloak CI	UNKNOWN STEP	    "result": "success",
Status Check - Keycloak CI	UNKNOWN STEP	    "outputs": {}
Status Check - Keycloak CI	UNKNOWN STEP	  },
Status Check - Keycloak CI	UNKNOWN STEP	  "jdk-integration-tests": {
Status Check - Keycloak CI	UNKNOWN STEP	    "result": "failure",
Status Check - Keycloak CI	UNKNOWN STEP	    "outputs": {}
Status Check - Keycloak CI	UNKNOWN STEP	  },
Status Check - Keycloak CI	UNKNOWN STEP	  "store-integration-tests": {
Status Check - Keycloak CI	UNKNOWN STEP	    "result": "success",
Status Check - Keycloak CI	UNKNOWN STEP	    "outputs": {}
Status Check - Keycloak CI	UNKNOWN STEP	  },
Status Check - Keycloak CI	UNKNOWN STEP	  "volatile-sessions-tests": {
Status Check - Keycloak CI	UNKNOWN STEP	    "result": "skipped",
Status Check - Keycloak CI	UNKNOWN STEP	    "outputs": {}
Status Check - Keycloak CI	UNKNOWN STEP	  },
Status Check - Keycloak CI	UNKNOWN STEP	  "store-model-tests": {
Status Check - Keycloak CI	UNKNOWN STEP	    "result": "skipped",
Status Check - Keycloak CI	UNKNOWN STEP	    "outputs": {}
Status Check - Keycloak CI	UNKNOWN STEP	  },
Status Check - Keycloak CI	UNKNOWN STEP	  "clustering-integration-tests": {
Status Check - Keycloak CI	UNKNOWN STEP	    "result": "success",
Status Check - Keycloak CI	UNKNOWN STEP	    "outputs": {}
Status Check - Keycloak CI	UNKNOWN STEP	  },
Status Check - Keycloak CI	UNKNOWN STEP	  "fips-unit-tests": {
Status Check - Keycloak CI	UNKNOWN STEP	    "result": "success",
Status Check - Keycloak CI	UNKNOWN STEP	    "outputs": {}
Status Check - Keycloak CI	UNKNOWN STEP	  },
Status Check - Keycloak CI	UNKNOWN STEP	  "fips-integration-tests": {
Status Check - Keycloak CI	UNKNOWN STEP	    "result": "success",
Status Check - Keycloak CI	UNKNOWN STEP	    "outputs": {}
Status Check - Keycloak CI	UNKNOWN STEP	  },
Status Check - Keycloak CI	UNKNOWN STEP	  "forms-integration-tests": {
Status Check - Keycloak CI	UNKNOWN STEP	    "result": "success",
Status Check - Keycloak CI	UNKNOWN STEP	    "outputs": {}
Status Check - Keycloak CI	UNKNOWN STEP	  },
Status Check - Keycloak CI	UNKNOWN STEP	  "webauthn-integration-tests": {
Status Check - Keycloak CI	UNKNOWN STEP	    "result": "success",
Status Check - Keycloak CI	UNKNOWN STEP	    "outputs": {}
Status Check - Keycloak CI	UNKNOWN STEP	  },
Status Check - Keycloak CI	UNKNOWN STEP	  "sssd-unit-tests": {
Status Check - Keycloak CI	UNKNOWN STEP	    "result": "skipped",
Status Check - Keycloak CI	UNKNOWN STEP	    "outputs": {}
Status Check - Keycloak CI	UNKNOWN STEP	  },
Status Check - Keycloak CI	UNKNOWN STEP	  "migration-tests": {
Status Check - Keycloak CI	UNKNOWN STEP	    "result": "success",
Status Check - Keycloak CI	UNKNOWN STEP	    "outputs": {}
Status Check - Keycloak CI	UNKNOWN STEP	  },
Status Check - Keycloak CI	UNKNOWN STEP	  "external-infinispan-tests": {
Status Check - Keycloak CI	UNKNOWN STEP	    "result": "skipped",
Status Check - Keycloak CI	UNKNOWN STEP	    "outputs": {}
Status Check - Keycloak CI	UNKNOWN STEP	  },
Status Check - Keycloak CI	UNKNOWN STEP	  "test-framework": {
Status Check - Keycloak CI	UNKNOWN STEP	    "result": "success",
Status Check - Keycloak CI	UNKNOWN STEP	    "outputs": {}
Status Check - Keycloak CI	UNKNOWN STEP	  },
Status Check - Keycloak CI	UNKNOWN STEP	  "base-new-integration-tests": {
Status Check - Keycloak CI	UNKNOWN STEP	    "result": "success",
Status Check - Keycloak CI	UNKNOWN STEP	    "outputs": {}
Status Check - Keycloak CI	UNKNOWN STEP	  },
Status Check - Keycloak CI	UNKNOWN STEP	  "mixed-cluster-compatibility-tests": {
Status Check - Keycloak CI	UNKNOWN STEP	    "result": "failure",
Status Check - Keycloak CI	UNKNOWN STEP	    "outputs": {}
Status Check - Keycloak CI	UNKNOWN STEP	  }
Status Check - Keycloak CI	UNKNOWN STEP	}
Status Check - Keycloak CI	UNKNOWN STEP	2025-10-14T12:35:51.4091543Z env:
Status Check - Keycloak CI	UNKNOWN STEP	2025-10-14T12:35:51.4091830Z   MAVEN_ARGS: -B -nsu -Daether.connector.http.connectionMaxTtl=25
Status Check - Keycloak CI	UNKNOWN STEP	2025-10-14T12:35:51.4092220Z   SUREFIRE_RERUN_FAILING_COUNT: 2
Status Check - Keycloak CI	UNKNOWN STEP	2025-10-14T12:35:51.4092535Z   SUREFIRE_RETRY: -Dsurefire.rerunFailingTestsCount=2
Status Check - Keycloak CI	UNKNOWN STEP	2025-10-14T12:35:51.4092819Z ##[endgroup]
Status Check - Keycloak CI	UNKNOWN STEP	2025-10-14T12:35:51.4199399Z ##[group]Run JOBS='{
Status Check - Keycloak CI	UNKNOWN STEP	2025-10-14T12:35:51.4199746Z [36;1mJOBS='{[0m
Status Check - Keycloak CI	UNKNOWN STEP	2025-10-14T12:35:51.4199954Z [36;1m  "conditional": {[0m
Status Check - Keycloak CI	UNKNOWN STEP	2025-10-14T12:35:51.4200189Z [36;1m    "result": "success",[0m
Status Check - Keycloak CI	UNKNOWN STEP	2025-10-14T12:35:51.4200579Z [36;1m    "outputs": {[0m
Status Check - Keycloak CI	UNKNOWN STEP	2025-10-14T12:35:51.4200939Z [36;1m      "ci-compatibility-matrix": "[{\"version\":\"26.4.0\"}]",[0m
Status Check - Keycloak CI	UNKNOWN STEP	2025-10-14T12:35:51.4201285Z [36;1m      "ci-additional-dbs": "false",[0m
Status Check - Keycloak CI	UNKNOWN STEP	2025-10-14T12:35:51.4201560Z [36;1m      "ci": "true",[0m
Status Check - Keycloak CI	UNKNOWN STEP	2025-10-14T12:35:51.4201781Z [36;1m      "ci-quarkus": "false",[0m
Status Check - Keycloak CI	UNKNOWN STEP	2025-10-14T12:35:51.4202017Z [36;1m      "ci-store": "false",[0m
Status Check - Keycloak CI	UNKNOWN STEP	2025-10-14T12:35:51.4202255Z [36;1m      "ci-sssd": "false",[0m
Status Check - Keycloak CI	UNKNOWN STEP	2025-10-14T12:35:51.4202480Z [36;1m      "ci-webauthn": "true",[0m
Status Check - Keycloak CI	UNKNOWN STEP	2025-10-14T12:35:51.4202714Z [36;1m      "ci-aurora": "false"[0m
Status Check - Keycloak CI	UNKNOWN STEP	2025-10-14T12:35:51.4202929Z [36;1m    }[0m
Status Check - Keycloak CI	UNKNOWN STEP	2025-10-14T12:35:51.4203104Z [36;1m  },[0m
Status Check - Keycloak CI	UNKNOWN STEP	2025-10-14T12:35:51.4203277Z [36;1m  "build": {[0m
Status Check - Keycloak CI	UNKNOWN STEP	2025-10-14T12:35:51.4203479Z [36;1m    "result": "success",[0m
Status Check - Keycloak CI	UNKNOWN STEP	2025-10-14T12:35:51.4203711Z [36;1m    "outputs": {}[0m
Status Check - Keycloak CI	UNKNOWN STEP	2025-10-14T12:35:51.4203908Z [36;1m  },[0m
Status Check - Keycloak CI	UNKNOWN STEP	2025-10-14T12:35:51.4204090Z [36;1m  "unit-tests": {[0m
Status Check - Keycloak CI	UNKNOWN STEP	2025-10-14T12:35:51.4204300Z [36;1m    "result": "success",[0m
Status Check - Keycloak CI	UNKNOWN STEP	2025-10-14T12:35:51.4204738Z [36;1m    "outputs": {}[0m
Status Check - Keycloak CI	UNKNOWN STEP	2025-10-14T12:35:51.4204930Z [36;1m  },[0m
Status Check - Keycloak CI	UNKNOWN STEP	2025-10-14T12:35:51.4205162Z [36;1m  "base-integration-tests": {[0m
Status Check - Keycloak CI	UNKNOWN STEP	2025-10-14T12:35:51.4205422Z [36;1m    "result": "success",[0m
Status Check - Keycloak CI	UNKNOWN STEP	2025-10-14T12:35:51.4205815Z [36;1m    "outputs": {}[0m
Status Check - Keycloak CI	UNKNOWN STEP	2025-10-14T12:35:51.4206014Z [36;1m  },[0m
Status Check - Keycloak CI	UNKNOWN STEP	2025-10-14T12:35:51.4206216Z [36;1m  "adapter-integration-tests": {[0m
Status Check - Keycloak CI	UNKNOWN STEP	2025-10-14T12:35:51.4206470Z [36;1m    "result": "success",[0m
Status Check - Keycloak CI	UNKNOWN STEP	2025-10-14T12:35:51.4206687Z [36;1m    "outputs": {}[0m
Status Check - Keycloak CI	UNKNOWN STEP	2025-10-14T12:35:51.4206888Z [36;1m  },[0m
Status Check - Keycloak CI	UNKNOWN STEP	2025-10-14T12:35:51.4207123Z [36;1m  "adapter-integration-tests-strict-cookies": {[0m
Status Check - Keycloak CI	UNKNOWN STEP	2025-10-14T12:35:51.4207423Z [36;1m    "result": "success",[0m
Status Check - Keycloak CI	UNKNOWN STEP	2025-10-14T12:35:51.4207638Z [36;1m    "outputs": {}[0m
Status Check - Keycloak CI	UNKNOWN STEP	2025-10-14T12:35:51.4207837Z [36;1m  },[0m
Status Check - Keycloak CI	UNKNOWN STEP	2025-10-14T12:35:51.4208016Z [36;1m  "quarkus-unit-tests": {[0m
Status Check - Keycloak CI	UNKNOWN STEP	2025-10-14T12:35:51.4208249Z [36;1m    "result": "skipped",[0m
Status Check - Keycloak CI	UNKNOWN STEP	2025-10-14T12:35:51.4208467Z [36;1m    "outputs": {}[0m
Status Check - Keycloak CI	UNKNOWN STEP	2025-10-14T12:35:51.4208668Z [36;1m  },[0m
Status Check - Keycloak CI	UNKNOWN STEP	2025-10-14T12:35:51.4208861Z [36;1m  "quarkus-integration-tests": {[0m
Status Check - Keycloak CI	UNKNOWN STEP	2025-10-14T12:35:51.4209132Z [36;1m    "result": "success",[0m
Status Check - Keycloak CI	UNKNOWN STEP	2025-10-14T12:35:51.4209348Z [36;1m    "outputs": {}[0m
Status Check - Keycloak CI	UNKNOWN STEP	2025-10-14T12:35:51.4209561Z [36;1m  },[0m
Status Check - Keycloak CI	UNKNOWN STEP	2025-10-14T12:35:51.4209749Z [36;1m  "jdk-integration-tests": {[0m
Status Check - Keycloak CI	UNKNOWN STEP	2025-10-14T12:35:51.4209997Z [36;1m    "result": "failure",[0m
Status Check - Keycloak CI	UNKNOWN STEP	2025-10-14T12:35:51.4210222Z [36;1m    "outputs": {}[0m
Status Check - Keycloak CI	UNKNOWN STEP	2025-10-14T12:35:51.4210637Z [36;1m  },[0m
Status Check - Keycloak CI	UNKNOWN STEP	2025-10-14T12:35:51.4210845Z [36;1m  "store-integration-tests": {[0m
Status Check - Keycloak CI	UNKNOWN STEP	2025-10-14T12:35:51.4211092Z [36;1m    "result": "success",[0m
Status Check - Keycloak CI	UNKNOWN STEP	2025-10-14T12:35:51.4211319Z [36;1m    "outputs": {}[0m
Status Check - Keycloak CI	UNKNOWN STEP	2025-10-14T12:35:51.4211508Z [36;1m  },[0m
Status Check - Keycloak CI	UNKNOWN STEP	2025-10-14T12:35:51.4211701Z [36;1m  "volatile-sessions-tests": {[0m
Status Check - Keycloak CI	UNKNOWN STEP	2025-10-14T12:35:51.4211942Z [36;1m    "result": "skipped",[0m
Status Check - Keycloak CI	UNKNOWN STEP	2025-10-14T12:35:51.4212163Z [36;1m    "outputs": {}[0m
Status Check - Keycloak CI	UNKNOWN STEP	2025-10-14T12:35:51.4212361Z [36;1m  },[0m
Status Check - Keycloak CI	UNKNOWN STEP	2025-10-14T12:35:51.4212544Z [36;1m  "store-model-tests": {[0m
Status Check - Keycloak CI	UNKNOWN STEP	2025-10-14T12:35:51.4212771Z [36;1m    "result": "skipped",[0m
Status Check - Keycloak CI	UNKNOWN STEP	2025-10-14T12:35:51.4212986Z [36;1m    "outputs": {}[0m
Status Check - Keycloak CI	UNKNOWN STEP	2025-10-14T12:35:51.4213185Z [36;1m  },[0m
Status Check - Keycloak CI	UNKNOWN STEP	2025-10-14T12:35:51.4213393Z [36;1m  "clustering-integration-tests": {[0m
Status Check - Keycloak CI	UNKNOWN STEP	2025-10-14T12:35:51.4213656Z [36;1m    "result": "success",[0m
Status Check - Keycloak CI	UNKNOWN STEP	2025-10-14T12:35:51.4213866Z [36;1m    "outputs": {}[0m
Status Check - Keycloak CI	UNKNOWN STEP	2025-10-14T12:35:51.4214066Z [36;1m  },[0m
Status Check - Keycloak CI	UNKNOWN STEP	2025-10-14T12:35:51.4214246Z [36;1m  "fips-unit-tests": {[0m
Status Check - Keycloak CI	UNKNOWN STEP	2025-10-14T12:35:51.4214467Z [36;1m    "result": "success",[0m
Status Check - Keycloak CI	UNKNOWN STEP	2025-10-14T12:35:51.4214717Z [36;1m    "outputs": {}[0m
Status Check - Keycloak CI	UNKNOWN STEP	2025-10-14T12:35:51.4214947Z [36;1m  },[0m
Status Check - Keycloak CI	UNKNOWN STEP	2025-10-14T12:35:51.4215136Z [36;1m  "fips-integration-tests": {[0m
Status Check - Keycloak CI	UNKNOWN STEP	2025-10-14T12:35:51.4215379Z [36;1m    "result": "success",[0m
Status Check - Keycloak CI	UNKNOWN STEP	2025-10-14T12:35:51.4215596Z [36;1m    "outputs": {}[0m
Status Check - Keycloak CI	UNKNOWN STEP	2025-10-14T12:35:51.4215795Z [36;1m  },[0m
Status Check - Keycloak CI	UNKNOWN STEP	2025-10-14T12:35:51.4215979Z [36;1m  "forms-integration-tests": {[0m
Status Check - Keycloak CI	UNKNOWN STEP	2025-10-14T12:35:51.4216241Z [36;1m    "result": "success",[0m
Status Check - Keycloak CI	UNKNOWN STEP	2025-10-14T12:35:51.4216459Z [36;1m    "outputs": {}[0m
Status Check - Keycloak CI	UNKNOWN STEP	2025-10-14T12:35:51.4216654Z [36;1m  },[0m
Status Check - Keycloak CI	UNKNOWN STEP	2025-10-14T12:35:51.4216848Z [36;1m  "webauthn-integration-tests": {[0m
Status Check - Keycloak CI	UNKNOWN STEP	2025-10-14T12:35:51.4217114Z [36;1m    "result": "success",[0m
Status Check - Keycloak CI	UNKNOWN STEP	2025-10-14T12:35:51.4217333Z [36;1m    "outputs": {}[0m
Status Check - Keycloak CI	UNKNOWN STEP	2025-10-14T12:35:51.4217522Z [36;1m  },[0m
Status Check - Keycloak CI	UNKNOWN STEP	2025-10-14T12:35:51.4217704Z [36;1m  "sssd-unit-tests": {[0m
Status Check - Keycloak CI	UNKNOWN STEP	2025-10-14T12:35:51.4217938Z [36;1m    "result": "skipped",[0m
Status Check - Keycloak CI	UNKNOWN STEP	2025-10-14T12:35:51.4218163Z [36;1m    "outputs": {}[0m
Status Check - Keycloak CI	UNKNOWN STEP	2025-10-14T12:35:51.4218353Z [36;1m  },[0m
Status Check - Keycloak CI	UNKNOWN STEP	2025-10-14T12:35:51.4218534Z [36;1m  "migration-tests": {[0m
Status Check - Keycloak CI	UNKNOWN STEP	2025-10-14T12:35:51.4218748Z [36;1m    "result": "success",[0m
Status Check - Keycloak CI	UNKNOWN STEP	2025-10-14T12:35:51.4218966Z [36;1m    "outputs": {}[0m
Status Check - Keycloak CI	UNKNOWN STEP	2025-10-14T12:35:51.4219159Z [36;1m  },[0m
Status Check - Keycloak CI	UNKNOWN STEP	2025-10-14T12:35:51.4219354Z [36;1m  "external-infinispan-tests": {[0m
Status Check - Keycloak CI	UNKNOWN STEP	2025-10-14T12:35:51.4219605Z [36;1m    "result": "skipped",[0m
Status Check - Keycloak CI	UNKNOWN STEP	2025-10-14T12:35:51.4219958Z [36;1m    "outputs": {}[0m
Status Check - Keycloak CI	UNKNOWN STEP	2025-10-14T12:35:51.4220157Z [36;1m  },[0m
Status Check - Keycloak CI	UNKNOWN STEP	2025-10-14T12:35:51.4220334Z [36;1m  "test-framework": {[0m
Status Check - Keycloak CI	UNKNOWN STEP	2025-10-14T12:35:51.4220761Z [36;1m    "result": "success",[0m
Status Check - Keycloak CI	UNKNOWN STEP	2025-10-14T12:35:51.4220973Z [36;1m    "outputs": {}[0m
Status Check - Keycloak CI	UNKNOWN STEP	2025-10-14T12:35:51.4221309Z [36;1m  },[0m
Status Check - Keycloak CI	UNKNOWN STEP	2025-10-14T12:35:51.4221507Z [36;1m  "base-new-integration-tests": {[0m
Status Check - Keycloak CI	UNKNOWN STEP	2025-10-14T12:35:51.4221763Z [36;1m    "result": "success",[0m
Status Check - Keycloak CI	UNKNOWN STEP	2025-10-14T12:35:51.4221981Z [36;1m    "outputs": {}[0m
Status Check - Keycloak CI	UNKNOWN STEP	2025-10-14T12:35:51.4222174Z [36;1m  },[0m
Status Check - Keycloak CI	UNKNOWN STEP	2025-10-14T12:35:51.4222385Z [36;1m  "mixed-cluster-compatibility-tests": {[0m
Status Check - Keycloak CI	UNKNOWN STEP	2025-10-14T12:35:51.4222668Z [36;1m    "result": "failure",[0m
Status Check - Keycloak CI	UNKNOWN STEP	2025-10-14T12:35:51.4222894Z [36;1m    "outputs": {}[0m
Status Check - Keycloak CI	UNKNOWN STEP	2025-10-14T12:35:51.4223086Z [36;1m  }[0m
Status Check - Keycloak CI	UNKNOWN STEP	2025-10-14T12:35:51.4223251Z [36;1m}'[0m
Status Check - Keycloak CI	UNKNOWN STEP	2025-10-14T12:35:51.4223418Z [36;1m[0m
Status Check - Keycloak CI	UNKNOWN STEP	2025-10-14T12:35:51.4223600Z [36;1mecho "Job status:"[0m
Status Check - Keycloak CI	UNKNOWN STEP	2025-10-14T12:35:51.4223899Z [36;1mecho $JOBS | jq -r 'to_entries[] | " - \(.key): \(.value.result)"'[0m
Status Check - Keycloak CI	UNKNOWN STEP	2025-10-14T12:35:51.4224242Z [36;1m[0m
Status Check - Keycloak CI	UNKNOWN STEP	2025-10-14T12:35:51.4224486Z [36;1mfor i in $(echo $JOBS | jq -r 'to_entries[] | .value.result'); do[0m
Status Check - Keycloak CI	UNKNOWN STEP	2025-10-14T12:35:51.4224851Z [36;1m  if [ "$i" != "success" ] && [ "$i" != "skipped" ]; then[0m
Status Check - Keycloak CI	UNKNOWN STEP	2025-10-14T12:35:51.4225130Z [36;1m    echo ""[0m
Status Check - Keycloak CI	UNKNOWN STEP	2025-10-14T12:35:51.4225337Z [36;1m    echo "Status check not okay!"[0m
Status Check - Keycloak CI	UNKNOWN STEP	2025-10-14T12:35:51.4225577Z [36;1m    exit 1[0m
Status Check - Keycloak CI	UNKNOWN STEP	2025-10-14T12:35:51.4225754Z [36;1m  fi[0m
Status Check - Keycloak CI	UNKNOWN STEP	2025-10-14T12:35:51.4225922Z [36;1mdone[0m
Status Check - Keycloak CI	UNKNOWN STEP	2025-10-14T12:35:51.4264363Z shell: /usr/bin/bash --noprofile --norc -e -o pipefail {0}
Status Check - Keycloak CI	UNKNOWN STEP	2025-10-14T12:35:51.4264693Z env:
Status Check - Keycloak CI	UNKNOWN STEP	2025-10-14T12:35:51.4264966Z   MAVEN_ARGS: -B -nsu -Daether.connector.http.connectionMaxTtl=25
Status Check - Keycloak CI	UNKNOWN STEP	2025-10-14T12:35:51.4265313Z   SUREFIRE_RERUN_FAILING_COUNT: 2
Status Check - Keycloak CI	UNKNOWN STEP	2025-10-14T12:35:51.4265602Z   SUREFIRE_RETRY: -Dsurefire.rerunFailingTestsCount=2
Status Check - Keycloak CI	UNKNOWN STEP	2025-10-14T12:35:51.4265895Z ##[endgroup]
Status Check - Keycloak CI	UNKNOWN STEP	2025-10-14T12:35:51.4339832Z Job status:
Status Check - Keycloak CI	UNKNOWN STEP	2025-10-14T12:35:51.4386108Z  - conditional: success
Status Check - Keycloak CI	UNKNOWN STEP	2025-10-14T12:35:51.4386537Z  - build: success
Status Check - Keycloak CI	UNKNOWN STEP	2025-10-14T12:35:51.4386876Z  - unit-tests: success
Status Check - Keycloak CI	UNKNOWN STEP	2025-10-14T12:35:51.4387272Z  - base-integration-tests: success
Status Check - Keycloak CI	UNKNOWN STEP	2025-10-14T12:35:51.4387719Z  - adapter-integration-tests: success
Status Check - Keycloak CI	UNKNOWN STEP	2025-10-14T12:35:51.4388222Z  - adapter-integration-tests-strict-cookies: success
Status Check - Keycloak CI	UNKNOWN STEP	2025-10-14T12:35:51.4388573Z  - quarkus-unit-tests: skipped
Status Check - Keycloak CI	UNKNOWN STEP	2025-10-14T12:35:51.4388821Z  - quarkus-integration-tests: success
Status Check - Keycloak CI	UNKNOWN STEP	2025-10-14T12:35:51.4389088Z  - jdk-integration-tests: failure
Status Check - Keycloak CI	UNKNOWN STEP	2025-10-14T12:35:51.4389327Z  - store-integration-tests: success
Status Check - Keycloak CI	UNKNOWN STEP	2025-10-14T12:35:51.4389579Z  - volatile-sessions-tests: skipped
Status Check - Keycloak CI	UNKNOWN STEP	2025-10-14T12:35:51.4389817Z  - store-model-tests: skipped
Status Check - Keycloak CI	UNKNOWN STEP	2025-10-14T12:35:51.4390060Z  - clustering-integration-tests: success
Status Check - Keycloak CI	UNKNOWN STEP	2025-10-14T12:35:51.4390340Z  - fips-unit-tests: success
Status Check - Keycloak CI	UNKNOWN STEP	2025-10-14T12:35:51.4390940Z  - fips-integration-tests: success
Status Check - Keycloak CI	UNKNOWN STEP	2025-10-14T12:35:51.4391201Z  - forms-integration-tests: success
Status Check - Keycloak CI	UNKNOWN STEP	2025-10-14T12:35:51.4391460Z  - webauthn-integration-tests: success
Status Check - Keycloak CI	UNKNOWN STEP	2025-10-14T12:35:51.4391738Z  - sssd-unit-tests: skipped
Status Check - Keycloak CI	UNKNOWN STEP	2025-10-14T12:35:51.4391951Z  - migration-tests: success
Status Check - Keycloak CI	UNKNOWN STEP	2025-10-14T12:35:51.4392181Z  - external-infinispan-tests: skipped
Status Check - Keycloak CI	UNKNOWN STEP	2025-10-14T12:35:51.4392426Z  - test-framework: success
Status Check - Keycloak CI	UNKNOWN STEP	2025-10-14T12:35:51.4392662Z  - base-new-integration-tests: success
Status Check - Keycloak CI	UNKNOWN STEP	2025-10-14T12:35:51.4392944Z  - mixed-cluster-compatibility-tests: failure
Status Check - Keycloak CI	UNKNOWN STEP	2025-10-14T12:35:51.4421764Z 
Status Check - Keycloak CI	UNKNOWN STEP	2025-10-14T12:35:51.4422046Z Status check not okay!
Status Check - Keycloak CI	UNKNOWN STEP	2025-10-14T12:35:51.4434895Z ##[error]Process completed with exit code 1.
Status Check - Keycloak CI	UNKNOWN STEP	2025-10-14T12:35:51.4627648Z Post job cleanup.
Status Check - Keycloak CI	UNKNOWN STEP	2025-10-14T12:35:51.5384736Z [command]/usr/bin/git version
Status Check - Keycloak CI	UNKNOWN STEP	2025-10-14T12:35:51.5422170Z git version 2.51.0
Status Check - Keycloak CI	UNKNOWN STEP	2025-10-14T12:35:51.5462701Z Temporarily overriding HOME='/home/runner/work/_temp/d051a3e3-afe0-4389-b2df-7b620b0c34f8' before making global git config changes
Status Check - Keycloak CI	UNKNOWN STEP	2025-10-14T12:35:51.5463905Z Adding repository directory to the temporary git global config as a safe directory
Status Check - Keycloak CI	UNKNOWN STEP	2025-10-14T12:35:51.5467486Z [command]/usr/bin/git config --global --add safe.directory /home/runner/work/keycloak/keycloak
Status Check - Keycloak CI	UNKNOWN STEP	2025-10-14T12:35:51.5502575Z [command]/usr/bin/git config --local --name-only --get-regexp core\.sshCommand
Status Check - Keycloak CI	UNKNOWN STEP	2025-10-14T12:35:51.5534754Z [command]/usr/bin/git submodule foreach --recursive sh -c "git config --local --name-only --get-regexp 'core\.sshCommand' && git config --local --unset-all 'core.sshCommand' || :"
Status Check - Keycloak CI	UNKNOWN STEP	2025-10-14T12:35:51.5777307Z [command]/usr/bin/git config --local --name-only --get-regexp http\.https\:\/\/github\.com\/\.extraheader
Status Check - Keycloak CI	UNKNOWN STEP	2025-10-14T12:35:51.5799434Z http.https://github.com/.extraheader
Status Check - Keycloak CI	UNKNOWN STEP	2025-10-14T12:35:51.5809437Z [command]/usr/bin/git config --local --unset-all http.https://github.com/.extraheader
Status Check - Keycloak CI	UNKNOWN STEP	2025-10-14T12:35:51.5840967Z [command]/usr/bin/git submodule foreach --recursive sh -c "git config --local --name-only --get-regexp 'http\.https\:\/\/github\.com\/\.extraheader' && git config --local --unset-all 'http.https://github.com/.extraheader' || :"
Status Check - Keycloak CI	UNKNOWN STEP	2025-10-14T12:35:51.6195303Z Cleaning up orphan processes
