Admin UI E2E (3, chrome)	Run Cypress	2025-01-06T11:10:32.0245420Z ##[group]Run cypress-io/github-action@v6
Admin UI E2E (3, chrome)	Run Cypress	2025-01-06T11:10:32.0245714Z with:
Admin UI E2E (3, chrome)	Run Cypress	2025-01-06T11:10:32.0245891Z   install: false
Admin UI E2E (3, chrome)	Run Cypress	2025-01-06T11:10:32.0246079Z   browser: chrome
Admin UI E2E (3, chrome)	Run Cypress	2025-01-06T11:10:32.0246304Z   wait-on: http://localhost:8080
Admin UI E2E (3, chrome)	Run Cypress	2025-01-06T11:10:32.0246566Z   working-directory: js/apps/admin-ui
Admin UI E2E (3, chrome)	Run Cypress	2025-01-06T11:10:32.0246810Z   record: false
Admin UI E2E (3, chrome)	Run Cypress	2025-01-06T11:10:32.0247002Z   publish-summary: true
Admin UI E2E (3, chrome)	Run Cypress	2025-01-06T11:10:32.0247211Z   component: false
Admin UI E2E (3, chrome)	Run Cypress	2025-01-06T11:10:32.0247390Z env:
Admin UI E2E (3, chrome)	Run Cypress	2025-01-06T11:10:32.0247834Z   MAVEN_ARGS: -B -nsu -Daether.connector.http.connectionMaxTtl=25
Admin UI E2E (3, chrome)	Run Cypress	2025-01-06T11:10:32.0248159Z   RETRY_COUNT: 3
Admin UI E2E (3, chrome)	Run Cypress	2025-01-06T11:10:32.0248361Z   WORKSPACE: keycloak-admin-ui
Admin UI E2E (3, chrome)	Run Cypress	2025-01-06T11:10:32.0248692Z   JAVA_HOME: /opt/hostedtoolcache/Java_Temurin-Hotspot_jdk/21.0.5-11/x64
Admin UI E2E (3, chrome)	Run Cypress	2025-01-06T11:10:32.0249144Z   JAVA_HOME_21_X64: /opt/hostedtoolcache/Java_Temurin-Hotspot_jdk/21.0.5-11/x64
Admin UI E2E (3, chrome)	Run Cypress	2025-01-06T11:10:32.0249492Z   SPLIT: 5
Admin UI E2E (3, chrome)	Run Cypress	2025-01-06T11:10:32.0249663Z   SPLIT_INDEX: 2
Admin UI E2E (3, chrome)	Run Cypress	2025-01-06T11:10:32.0249852Z   SPLIT_RANDOM_SEED: 87
Admin UI E2E (3, chrome)	Run Cypress	2025-01-06T11:10:32.0250079Z ##[endgroup]
Admin UI E2E (3, chrome)	Run Cypress	2025-01-06T11:10:32.3074385Z Skipping install because install parameter is false
Admin UI E2E (3, chrome)	Run Cypress	2025-01-06T11:10:32.3079950Z waiting on "http://localhost:8080" with timeout of 60 seconds
Admin UI E2E (3, chrome)	Run Cypress	2025-01-06T11:10:53.4169429Z It looks like this is your first time using Cypress: 13.17.0
Admin UI E2E (3, chrome)	Run Cypress	2025-01-06T11:10:53.4169765Z 
Admin UI E2E (3, chrome)	Run Cypress	2025-01-06T11:10:53.4192212Z [STARTED] Task without title.
Admin UI E2E (3, chrome)	Run Cypress	2025-01-06T11:10:55.5092467Z [SUCCESS] Task without title.
Admin UI E2E (3, chrome)	Run Cypress	2025-01-06T11:10:55.5095968Z 
Admin UI E2E (3, chrome)	Run Cypress	2025-01-06T11:10:55.5096295Z Opening Cypress...
Admin UI E2E (3, chrome)	Run Cypress	2025-01-06T11:10:56.0950020Z MESA: error: ZINK: vkCreateInstance failed (VK_ERROR_INCOMPATIBLE_DRIVER)
Admin UI E2E (3, chrome)	Run Cypress	2025-01-06T11:10:56.0951988Z glx: failed to create drisw screen
Admin UI E2E (3, chrome)	Run Cypress	2025-01-06T11:10:56.1467060Z 
Admin UI E2E (3, chrome)	Run Cypress	2025-01-06T11:10:56.1469230Z DevTools listening on ws://127.0.0.1:35663/devtools/browser/198d4dad-0c59-4d7a-8253-284bffbea8fe
Admin UI E2E (3, chrome)	Run Cypress	2025-01-06T11:10:56.7513321Z (node:2813) ExperimentalWarning: `--experimental-loader` may be removed in the future; instead use `register()`:
Admin UI E2E (3, chrome)	Run Cypress	2025-01-06T11:10:56.7515916Z --import 'data:text/javascript,import { register } from "node:module"; import { pathToFileURL } from "node:url"; register("file%3A///home/runner/.cache/Cypress/13.17.0/Cypress/resources/app/node_modules/ts-node/esm/transpile-only.mjs", pathToFileURL("./"));'
Admin UI E2E (3, chrome)	Run Cypress	2025-01-06T11:10:56.7517432Z (Use `node --trace-warnings ...` to show where the warning was created)
Admin UI E2E (3, chrome)	Run Cypress	2025-01-06T11:11:03.6269238Z cypress-split: there are 41 found specs
Admin UI E2E (3, chrome)	Run Cypress	2025-01-06T11:11:03.6269897Z the first 5 specs
Admin UI E2E (3, chrome)	Run Cypress	2025-01-06T11:11:03.6272618Z - 1: /home/runner/work/keycloak/keycloak/js/apps/admin-ui/cypress/e2e/realm_roles_test.spec.ts
Admin UI E2E (3, chrome)	Run Cypress	2025-01-06T11:11:03.6274288Z - 2: /home/runner/work/keycloak/keycloak/js/apps/admin-ui/cypress/e2e/user_fed_ldap_mapper_test.spec.ts
Admin UI E2E (3, chrome)	Run Cypress	2025-01-06T11:11:03.6275193Z - 3: /home/runner/work/keycloak/keycloak/js/apps/admin-ui/cypress/e2e/partial_import_test.spec.ts
Admin UI E2E (3, chrome)	Run Cypress	2025-01-06T11:11:03.6276035Z - 4: /home/runner/work/keycloak/keycloak/js/apps/admin-ui/cypress/e2e/user_fed_ldap_test.spec.ts
Admin UI E2E (3, chrome)	Run Cypress	2025-01-06T11:11:03.6276890Z - 5: /home/runner/work/keycloak/keycloak/js/apps/admin-ui/cypress/e2e/identity_providers_test.spec.ts
Admin UI E2E (3, chrome)	Run Cypress	2025-01-06T11:11:03.6277448Z cypress-split: chunk 3 of 5
Admin UI E2E (3, chrome)	Run Cypress	2025-01-06T11:11:03.6286973Z k  spec                                               
Admin UI E2E (3, chrome)	Run Cypress	2025-01-06T11:11:03.6287584Z -  ---------------------------------------------------
Admin UI E2E (3, chrome)	Run Cypress	2025-01-06T11:11:03.6288207Z 1  cypress/e2e/client_authorization_test.spec.ts      
Admin UI E2E (3, chrome)	Run Cypress	2025-01-06T11:11:03.6288852Z 2  cypress/e2e/authentication_policies_ciba.spec.ts   
Admin UI E2E (3, chrome)	Run Cypress	2025-01-06T11:11:03.6289501Z 3  cypress/e2e/clients_saml_test.spec.ts              
Admin UI E2E (3, chrome)	Run Cypress	2025-01-06T11:11:03.6290121Z 4  cypress/e2e/clients_test.spec.ts                   
Admin UI E2E (3, chrome)	Run Cypress	2025-01-06T11:11:03.6290541Z 5  cypress/e2e/masthead_test.spec.ts                  
Admin UI E2E (3, chrome)	Run Cypress	2025-01-06T11:11:03.6290905Z 6  cypress/e2e/realm_settings_general_tab_test.spec.ts
Admin UI E2E (3, chrome)	Run Cypress	2025-01-06T11:11:03.6291270Z 7  cypress/e2e/client_scopes_test.spec.ts             
Admin UI E2E (3, chrome)	Run Cypress	2025-01-06T11:11:03.6291631Z 8  cypress/e2e/realm_settings_events_test.spec.ts     
Admin UI E2E (3, chrome)	Run Cypress	2025-01-06T11:11:03.6291829Z 
Admin UI E2E (3, chrome)	Run Cypress	2025-01-06T11:11:04.3580410Z 
Admin UI E2E (3, chrome)	Run Cypress	2025-01-06T11:11:04.4691127Z [90m====================================================================================================[39m
Admin UI E2E (3, chrome)	Run Cypress	2025-01-06T11:11:04.4691628Z 
Admin UI E2E (3, chrome)	Run Cypress	2025-01-06T11:11:04.4693213Z [0m  ([4m[1mRun Starting[22m[24m)[0m
Admin UI E2E (3, chrome)	Run Cypress	2025-01-06T11:11:04.4693574Z 
Admin UI E2E (3, chrome)	Run Cypress	2025-01-06T11:11:04.4810047Z [90m  â”Œ[39m[90mâ”€[39m[90mâ”€[39m[90mâ”€[39m[90mâ”€[39m[90mâ”€[39m[90mâ”€[39m[90mâ”€[39m[90mâ”€[39m[90mâ”€[39m[90mâ”€[39m[90mâ”€[39m[90mâ”€[39m[90mâ”€[39m[90mâ”€[39m[90mâ”€[39m[90mâ”€[39m[90mâ”€[39m[90mâ”€[39m[90mâ”€[39m[90mâ”€[39m[90mâ”€[39m[90mâ”€[39m[90mâ”€[39m[90mâ”€[39m[90mâ”€[39m[90mâ”€[39m[90mâ”€[39m[90mâ”€[39m[90mâ”€[39m[90mâ”€[39m[90mâ”€[39m[90mâ”€[39m[90mâ”€[39m[90mâ”€[39m[90mâ”€[39m[90mâ”€[39m[90mâ”€[39m[90mâ”€[39m[90mâ”€[39m[90mâ”€[39m[90mâ”€[39m[90mâ”€[39m[90mâ”€[39m[90mâ”€[39m[90mâ”€[39m[90mâ”€[39m[90mâ”€[39m[90mâ”€[39m[90mâ”€[39m[90mâ”€[39m[90mâ”€[39m[90mâ”€[39m[90mâ”€[39m[90mâ”€[39m[90mâ”€[39m[90mâ”€[39m[90mâ”€[39m[90mâ”€[39m[90mâ”€[39m[90mâ”€[39m[90mâ”€[39m[90mâ”€[39m[90mâ”€[39m[90mâ”€[39m[90mâ”€[39m[90mâ”€[39m[90mâ”€[39m[90mâ”€[39m[90mâ”€[39m[90mâ”€[39m[90mâ”€[39m[90mâ”€[39m[90mâ”€[39m[90mâ”€[39m[90mâ”€[39m[90mâ”€[39m[90mâ”€[39m[90mâ”€[39m[90mâ”€[39m[90mâ”€[39m[90mâ”€[39m[90mâ”€[39m[90mâ”€[39m[90mâ”€[39m[90mâ”€[39m[90mâ”€[39m[90mâ”€[39m[90mâ”€[39m[90mâ”€[39m[90mâ”€[39m[90mâ”€[39m[90mâ”€[39m[90mâ”€[39m[90mâ”€[39m[90mâ”€[39m[90mâ”€[39m[90mâ”[39m
Admin UI E2E (3, chrome)	Run Cypress	2025-01-06T11:11:04.4815464Z [90m  â”‚[39m [90mCypress:[39m        13.17.0                                                                        [90mâ”‚[39m
Admin UI E2E (3, chrome)	Run Cypress	2025-01-06T11:11:04.4816934Z [90m  â”‚[39m [90mBrowser:[39m        Chrome 131 [90m(headless)[39m                                                          [90mâ”‚[39m
Admin UI E2E (3, chrome)	Run Cypress	2025-01-06T11:11:04.4818671Z [90m  â”‚[39m [90mNode Version:[39m   [0mv20.18.0 [90m(/home/runner/runners/2.321.0/externals/node20/bin/node)[39m[0m              [90mâ”‚[39m
Admin UI E2E (3, chrome)	Run Cypress	2025-01-06T11:11:04.4820486Z [90m  â”‚[39m [90mSpecs:[39m          [0m8 found (client_authorization_test.spec.ts, authentication_policies_ciba.spec.[0m [90mâ”‚[39m
Admin UI E2E (3, chrome)	Run Cypress	2025-01-06T11:11:04.4822151Z [90m  â”‚[39m                 [0mts, clients_saml_test.spec.ts, clients_test.spec.ts, masthead_test.spec.ts, re[0m [90mâ”‚[39m
Admin UI E2E (3, chrome)	Run Cypress	2025-01-06T11:11:04.4823932Z [90m  â”‚[39m                 [0malm_settings_general_tab_test.spec.ts, client_scopes_test.spec.ts, realm_setti[0m [90mâ”‚[39m
Admin UI E2E (3, chrome)	Run Cypress	2025-01-06T11:11:04.4825326Z [90m  â”‚[39m                 [0mngs_events_test.spec.ts)[0m                                                       [90mâ”‚[39m
Admin UI E2E (3, chrome)	Run Cypress	2025-01-06T11:11:04.4826944Z [90m  â”‚[39m [90mSearched:[39m       [0mcypress/e2e/client_authorization_test.spec.ts, cypress/e2e/authentication_poli[0m [90mâ”‚[39m
Admin UI E2E (3, chrome)	Run Cypress	2025-01-06T11:11:04.4828624Z [90m  â”‚[39m                 [0mcies_ciba.spec.ts, cypress/e2e/clients_saml_test.spec.ts, cypress/e2e/clients_[0m [90mâ”‚[39m
Admin UI E2E (3, chrome)	Run Cypress	2025-01-06T11:11:04.4830220Z [90m  â”‚[39m                 [0mtest.spec.ts, cypress/e2e/masthead_test.spec.ts, cypress/e2e/realm_settings_ge[0m [90mâ”‚[39m
Admin UI E2E (3, chrome)	Run Cypress	2025-01-06T11:11:04.4831812Z [90m  â”‚[39m                 [0mneral_tab_test.spec.ts, cypress/e2e/client_scopes_test.spec.ts, cypress/e2e/re[0m [90mâ”‚[39m
Admin UI E2E (3, chrome)	Run Cypress	2025-01-06T11:11:04.4833493Z [90m  â”‚[39m                 [0malm_settings_events_test.spec.ts[0m                                               [90mâ”‚[39m
Admin UI E2E (3, chrome)	Run Cypress	2025-01-06T11:11:04.4835034Z [90m  â”‚[39m [90mExperiments:[39m    experimentalMemoryManagement=true                                              [90mâ”‚[39m
Admin UI E2E (3, chrome)	Run Cypress	2025-01-06T11:11:04.4842288Z [90m  â””[39m[90mâ”€[39m[90mâ”€[39m[90mâ”€[39m[90mâ”€[39m[90mâ”€[39m[90mâ”€[39m[90mâ”€[39m[90mâ”€[39m[90mâ”€[39m[90mâ”€[39m[90mâ”€[39m[90mâ”€[39m[90mâ”€[39m[90mâ”€[39m[90mâ”€[39m[90mâ”€[39m[90mâ”€[39m[90mâ”€[39m[90mâ”€[39m[90mâ”€[39m[90mâ”€[39m[90mâ”€[39m[90mâ”€[39m[90mâ”€[39m[90mâ”€[39m[90mâ”€[39m[90mâ”€[39m[90mâ”€[39m[90mâ”€[39m[90mâ”€[39m[90mâ”€[39m[90mâ”€[39m[90mâ”€[39m[90mâ”€[39m[90mâ”€[39m[90mâ”€[39m[90mâ”€[39m[90mâ”€[39m[90mâ”€[39m[90mâ”€[39m[90mâ”€[39m[90mâ”€[39m[90mâ”€[39m[90mâ”€[39m[90mâ”€[39m[90mâ”€[39m[90mâ”€[39m[90mâ”€[39m[90mâ”€[39m[90mâ”€[39m[90mâ”€[39m[90mâ”€[39m[90mâ”€[39m[90mâ”€[39m[90mâ”€[39m[90mâ”€[39m[90mâ”€[39m[90mâ”€[39m[90mâ”€[39m[90mâ”€[39m[90mâ”€[39m[90mâ”€[39m[90mâ”€[39m[90mâ”€[39m[90mâ”€[39m[90mâ”€[39m[90mâ”€[39m[90mâ”€[39m[90mâ”€[39m[90mâ”€[39m[90mâ”€[39m[90mâ”€[39m[90mâ”€[39m[90mâ”€[39m[90mâ”€[39m[90mâ”€[39m[90mâ”€[39m[90mâ”€[39m[90mâ”€[39m[90mâ”€[39m[90mâ”€[39m[90mâ”€[39m[90mâ”€[39m[90mâ”€[39m[90mâ”€[39m[90mâ”€[39m[90mâ”€[39m[90mâ”€[39m[90mâ”€[39m[90mâ”€[39m[90mâ”€[39m[90mâ”€[39m[90mâ”€[39m[90mâ”€[39m[90mâ”€[39m[90mâ”€[39m[90mâ”˜[39m
Admin UI E2E (3, chrome)	Run Cypress	2025-01-06T11:11:04.4846695Z 
Admin UI E2E (3, chrome)	Run Cypress	2025-01-06T11:11:04.4846716Z 
Admin UI E2E (3, chrome)	Run Cypress	2025-01-06T11:11:04.4853770Z [90mâ”€[39m[90mâ”€[39m[90mâ”€[39m[90mâ”€[39m[90mâ”€[39m[90mâ”€[39m[90mâ”€[39m[90mâ”€[39m[90mâ”€[39m[90mâ”€[39m[90mâ”€[39m[90mâ”€[39m[90mâ”€[39m[90mâ”€[39m[90mâ”€[39m[90mâ”€[39m[90mâ”€[39m[90mâ”€[39m[90mâ”€[39m[90mâ”€[39m[90mâ”€[39m[90mâ”€[39m[90mâ”€[39m[90mâ”€[39m[90mâ”€[39m[90mâ”€[39m[90mâ”€[39m[90mâ”€[39m[90mâ”€[39m[90mâ”€[39m[90mâ”€[39m[90mâ”€[39m[90mâ”€[39m[90mâ”€[39m[90mâ”€[39m[90mâ”€[39m[90mâ”€[39m[90mâ”€[39m[90mâ”€[39m[90mâ”€[39m[90mâ”€[39m[90mâ”€[39m[90mâ”€[39m[90mâ”€[39m[90mâ”€[39m[90mâ”€[39m[90mâ”€[39m[90mâ”€[39m[90mâ”€[39m[90mâ”€[39m[90mâ”€[39m[90mâ”€[39m[90mâ”€[39m[90mâ”€[39m[90mâ”€[39m[90mâ”€[39m[90mâ”€[39m[90mâ”€[39m[90mâ”€[39m[90mâ”€[39m[90mâ”€[39m[90mâ”€[39m[90mâ”€[39m[90mâ”€[39m[90mâ”€[39m[90mâ”€[39m[90mâ”€[39m[90mâ”€[39m[90mâ”€[39m[90mâ”€[39m[90mâ”€[39m[90mâ”€[39m[90mâ”€[39m[90mâ”€[39m[90mâ”€[39m[90mâ”€[39m[90mâ”€[39m[90mâ”€[39m[90mâ”€[39m[90mâ”€[39m[90mâ”€[39m[90mâ”€[39m[90mâ”€[39m[90mâ”€[39m[90mâ”€[39m[90mâ”€[39m[90mâ”€[39m[90mâ”€[39m[90mâ”€[39m[90mâ”€[39m[90mâ”€[39m[90mâ”€[39m[90mâ”€[39m[90mâ”€[39m[90mâ”€[39m[90mâ”€[39m[90mâ”€[39m[90mâ”€[39m[90mâ”€[39m[90mâ”€[39m
Admin UI E2E (3, chrome)	Run Cypress	2025-01-06T11:11:04.4857959Z                                                                                                     
Admin UI E2E (3, chrome)	Run Cypress	2025-01-06T11:11:04.4859113Z   Running:  [90mclient_authorization_test.spec.ts[39m                                               [90m(1 of 8)[39m
Admin UI E2E (3, chrome)	Run Cypress	2025-01-06T11:11:11.6594240Z 
Admin UI E2E (3, chrome)	Run Cypress	2025-01-06T11:11:11.6597257Z [0m[0m
Admin UI E2E (3, chrome)	Run Cypress	2025-01-06T11:11:11.6608909Z [0m  Client authentication subtab[0m
Admin UI E2E (3, chrome)	Run Cypress	2025-01-06T11:11:21.6089487Z   [32m  âœ“[0m[90m Should update the resource server settings[0m[90m (9940ms)[0m
Admin UI E2E (3, chrome)	Run Cypress	2025-01-06T11:11:27.9489616Z   [32m  âœ“[0m[90m Should create a resource[0m[90m (6276ms)[0m
Admin UI E2E (3, chrome)	Run Cypress	2025-01-06T11:11:33.5076983Z   [32m  âœ“[0m[90m Edit a resource[0m[90m (5461ms)[0m
Admin UI E2E (3, chrome)	Run Cypress	2025-01-06T11:11:40.0360898Z   [32m  âœ“[0m[90m Should create a scope[0m[90m (6400ms)[0m
Admin UI E2E (3, chrome)	Run Cypress	2025-01-06T11:11:46.3122722Z   [32m  âœ“[0m[90m Should create a policy[0m[90m (6218ms)[0m
Admin UI E2E (3, chrome)	Run Cypress	2025-01-06T11:11:50.6641021Z   [32m  âœ“[0m[90m Should delete a policy[0m[90m (4270ms)[0m
Admin UI E2E (3, chrome)	Run Cypress	2025-01-06T11:11:56.4854974Z   [32m  âœ“[0m[90m Should create a client policy[0m[90m (5744ms)[0m
Admin UI E2E (3, chrome)	Run Cypress	2025-01-06T11:12:02.8428833Z   [32m  âœ“[0m[90m Should create a permission[0m[90m (6247ms)[0m
Admin UI E2E (3, chrome)	Run Cypress	2025-01-06T11:12:02.8848569Z   [36m  - Should copy auth details[0m
Admin UI E2E (3, chrome)	Run Cypress	2025-01-06T11:12:07.0551477Z   [32m  âœ“[0m[90m Should export auth details[0m[90m (4151ms)[0m
Admin UI E2E (3, chrome)	Run Cypress	2025-01-06T11:12:07.0786997Z [0m    Client authorization tab access for view-realm-authorization[0m
Admin UI E2E (3, chrome)	Run Cypress	2025-01-06T11:12:26.6416216Z     [32m  âœ“[0m[90m Should view autorization tab[0m[90m (18330ms)[0m
Admin UI E2E (3, chrome)	Run Cypress	2025-01-06T11:12:26.6672408Z [0m    Accessibility tests for client authorization[0m
Admin UI E2E (3, chrome)	Run Cypress	2025-01-06T11:12:37.1507019Z     [32m  âœ“[0m[90m Check a11y violations on load/ client authorization[0m[90m (10431ms)[0m
Admin UI E2E (3, chrome)	Run Cypress	2025-01-06T11:12:37.1507580Z 
Admin UI E2E (3, chrome)	Run Cypress	2025-01-06T11:12:37.1783678Z 
Admin UI E2E (3, chrome)	Run Cypress	2025-01-06T11:12:37.1785246Z [92m [0m[32m 11 passing[0m[90m (1m)[0m
Admin UI E2E (3, chrome)	Run Cypress	2025-01-06T11:12:37.1787024Z [36m [0m[36m 1 pending[0m
Admin UI E2E (3, chrome)	Run Cypress	2025-01-06T11:12:37.1787284Z 
Admin UI E2E (3, chrome)	Run Cypress	2025-01-06T11:12:38.2084678Z 
Admin UI E2E (3, chrome)	Run Cypress	2025-01-06T11:12:38.2086549Z [32m  ([4m[1mResults[22m[24m)[39m
Admin UI E2E (3, chrome)	Run Cypress	2025-01-06T11:12:38.2106357Z 
Admin UI E2E (3, chrome)	Run Cypress	2025-01-06T11:12:38.2124096Z [90m  â”Œ[39m[90mâ”€[39m[90mâ”€[39m[90mâ”€[39m[90mâ”€[39m[90mâ”€[39m[90mâ”€[39m[90mâ”€[39m[90mâ”€[39m[90mâ”€[39m[90mâ”€[39m[90mâ”€[39m[90mâ”€[39m[90mâ”€[39m[90mâ”€[39m[90mâ”€[39m[90mâ”€[39m[90mâ”€[39m[90mâ”€[39m[90mâ”€[39m[90mâ”€[39m[90mâ”€[39m[90mâ”€[39m[90mâ”€[39m[90mâ”€[39m[90mâ”€[39m[90mâ”€[39m[90mâ”€[39m[90mâ”€[39m[90mâ”€[39m[90mâ”€[39m[90mâ”€[39m[90mâ”€[39m[90mâ”€[39m[90mâ”€[39m[90mâ”€[39m[90mâ”€[39m[90mâ”€[39m[90mâ”€[39m[90mâ”€[39m[90mâ”€[39m[90mâ”€[39m[90mâ”€[39m[90mâ”€[39m[90mâ”€[39m[90mâ”€[39m[90mâ”€[39m[90mâ”€[39m[90mâ”€[39m[90mâ”€[39m[90mâ”€[39m[90mâ”€[39m[90mâ”€[39m[90mâ”€[39m[90mâ”€[39m[90mâ”€[39m[90mâ”€[39m[90mâ”€[39m[90mâ”€[39m[90mâ”€[39m[90mâ”€[39m[90mâ”€[39m[90mâ”€[39m[90mâ”€[39m[90mâ”€[39m[90mâ”€[39m[90mâ”€[39m[90mâ”€[39m[90mâ”€[39m[90mâ”€[39m[90mâ”€[39m[90mâ”€[39m[90mâ”€[39m[90mâ”€[39m[90mâ”€[39m[90mâ”€[39m[90mâ”€[39m[90mâ”€[39m[90mâ”€[39m[90mâ”€[39m[90mâ”€[39m[90mâ”€[39m[90mâ”€[39m[90mâ”€[39m[90mâ”€[39m[90mâ”€[39m[90mâ”€[39m[90mâ”€[39m[90mâ”€[39m[90mâ”€[39m[90mâ”€[39m[90mâ”€[39m[90mâ”€[39m[90mâ”€[39m[90mâ”€[39m[90mâ”€[39m[90mâ”€[39m[90mâ”[39m
Admin UI E2E (3, chrome)	Run Cypress	2025-01-06T11:12:38.2129083Z [90m  â”‚[39m [90mTests:[39m        [32m12[39m                                                                               [90mâ”‚[39m
Admin UI E2E (3, chrome)	Run Cypress	2025-01-06T11:12:38.2130493Z [90m  â”‚[39m [90mPassing:[39m      [32m11[39m                                                                               [90mâ”‚[39m
Admin UI E2E (3, chrome)	Run Cypress	2025-01-06T11:12:38.2131758Z [90m  â”‚[39m [90mFailing:[39m      [32m0[39m                                                                                [90mâ”‚[39m
Admin UI E2E (3, chrome)	Run Cypress	2025-01-06T11:12:38.2133207Z [90m  â”‚[39m [90mPending:[39m      [32m1[39m                                                                                [90mâ”‚[39m
Admin UI E2E (3, chrome)	Run Cypress	2025-01-06T11:12:38.2134472Z [90m  â”‚[39m [90mSkipped:[39m      [32m0[39m                                                                                [90mâ”‚[39m
Admin UI E2E (3, chrome)	Run Cypress	2025-01-06T11:12:38.2135717Z [90m  â”‚[39m [90mScreenshots:[39m  [32m0[39m                                                                                [90mâ”‚[39m
Admin UI E2E (3, chrome)	Run Cypress	2025-01-06T11:12:38.2136954Z [90m  â”‚[39m [90mVideo:[39m        [32mfalse[39m                                                                            [90mâ”‚[39m
Admin UI E2E (3, chrome)	Run Cypress	2025-01-06T11:12:38.2138348Z [90m  â”‚[39m [90mDuration:[39m     [32m1 minute, 25 seconds[39m                                                             [90mâ”‚[39m
Admin UI E2E (3, chrome)	Run Cypress	2025-01-06T11:12:38.2140016Z [90m  â”‚[39m [90mSpec Ran:[39m     [32m[32mclient_authorization_test.spec.ts[32m[39m                                                [90mâ”‚[39m
Admin UI E2E (3, chrome)	Run Cypress	2025-01-06T11:12:38.2146164Z [90m  â””[39m[90mâ”€[39m[90mâ”€[39m[90mâ”€[39m[90mâ”€[39m[90mâ”€[39m[90mâ”€[39m[90mâ”€[39m[90mâ”€[39m[90mâ”€[39m[90mâ”€[39m[90mâ”€[39m[90mâ”€[39m[90mâ”€[39m[90mâ”€[39m[90mâ”€[39m[90mâ”€[39m[90mâ”€[39m[90mâ”€[39m[90mâ”€[39m[90mâ”€[39m[90mâ”€[39m[90mâ”€[39m[90mâ”€[39m[90mâ”€[39m[90mâ”€[39m[90mâ”€[39m[90mâ”€[39m[90mâ”€[39m[90mâ”€[39m[90mâ”€[39m[90mâ”€[39m[90mâ”€[39m[90mâ”€[39m[90mâ”€[39m[90mâ”€[39m[90mâ”€[39m[90mâ”€[39m[90mâ”€[39m[90mâ”€[39m[90mâ”€[39m[90mâ”€[39m[90mâ”€[39m[90mâ”€[39m[90mâ”€[39m[90mâ”€[39m[90mâ”€[39m[90mâ”€[39m[90mâ”€[39m[90mâ”€[39m[90mâ”€[39m[90mâ”€[39m[90mâ”€[39m[90mâ”€[39m[90mâ”€[39m[90mâ”€[39m[90mâ”€[39m[90mâ”€[39m[90mâ”€[39m[90mâ”€[39m[90mâ”€[39m[90mâ”€[39m[90mâ”€[39m[90mâ”€[39m[90mâ”€[39m[90mâ”€[39m[90mâ”€[39m[90mâ”€[39m[90mâ”€[39m[90mâ”€[39m[90mâ”€[39m[90mâ”€[39m[90mâ”€[39m[90mâ”€[39m[90mâ”€[39m[90mâ”€[39m[90mâ”€[39m[90mâ”€[39m[90mâ”€[39m[90mâ”€[39m[90mâ”€[39m[90mâ”€[39m[90mâ”€[39m[90mâ”€[39m[90mâ”€[39m[90mâ”€[39m[90mâ”€[39m[90mâ”€[39m[90mâ”€[39m[90mâ”€[39m[90mâ”€[39m[90mâ”€[39m[90mâ”€[39m[90mâ”€[39m[90mâ”€[39m[90mâ”€[39m[90mâ”€[39m[90mâ”˜[39m
Admin UI E2E (3, chrome)	Run Cypress	2025-01-06T11:12:38.2149512Z 
Admin UI E2E (3, chrome)	Run Cypress	2025-01-06T11:12:38.2468906Z 
Admin UI E2E (3, chrome)	Run Cypress	2025-01-06T11:12:38.2481908Z [90mâ”€[39m[90mâ”€[39m[90mâ”€[39m[90mâ”€[39m[90mâ”€[39m[90mâ”€[39m[90mâ”€[39m[90mâ”€[39m[90mâ”€[39m[90mâ”€[39m[90mâ”€[39m[90mâ”€[39m[90mâ”€[39m[90mâ”€[39m[90mâ”€[39m[90mâ”€[39m[90mâ”€[39m[90mâ”€[39m[90mâ”€[39m[90mâ”€[39m[90mâ”€[39m[90mâ”€[39m[90mâ”€[39m[90mâ”€[39m[90mâ”€[39m[90mâ”€[39m[90mâ”€[39m[90mâ”€[39m[90mâ”€[39m[90mâ”€[39m[90mâ”€[39m[90mâ”€[39m[90mâ”€[39m[90mâ”€[39m[90mâ”€[39m[90mâ”€[39m[90mâ”€[39m[90mâ”€[39m[90mâ”€[39m[90mâ”€[39m[90mâ”€[39m[90mâ”€[39m[90mâ”€[39m[90mâ”€[39m[90mâ”€[39m[90mâ”€[39m[90mâ”€[39m[90mâ”€[39m[90mâ”€[39m[90mâ”€[39m[90mâ”€[39m[90mâ”€[39m[90mâ”€[39m[90mâ”€[39m[90mâ”€[39m[90mâ”€[39m[90mâ”€[39m[90mâ”€[39m[90mâ”€[39m[90mâ”€[39m[90mâ”€[39m[90mâ”€[39m[90mâ”€[39m[90mâ”€[39m[90mâ”€[39m[90mâ”€[39m[90mâ”€[39m[90mâ”€[39m[90mâ”€[39m[90mâ”€[39m[90mâ”€[39m[90mâ”€[39m[90mâ”€[39m[90mâ”€[39m[90mâ”€[39m[90mâ”€[39m[90mâ”€[39m[90mâ”€[39m[90mâ”€[39m[90mâ”€[39m[90mâ”€[39m[90mâ”€[39m[90mâ”€[39m[90mâ”€[39m[90mâ”€[39m[90mâ”€[39m[90mâ”€[39m[90mâ”€[39m[90mâ”€[39m[90mâ”€[39m[90mâ”€[39m[90mâ”€[39m[90mâ”€[39m[90mâ”€[39m[90mâ”€[39m[90mâ”€[39m[90mâ”€[39m[90mâ”€[39m[90mâ”€[39m[90mâ”€[39m
Admin UI E2E (3, chrome)	Run Cypress	2025-01-06T11:12:38.2486711Z                                                                                                     
Admin UI E2E (3, chrome)	Run Cypress	2025-01-06T11:12:38.2487833Z   Running:  [90mauthentication_policies_ciba.spec.ts[39m                                            [90m(2 of 8)[39m
Admin UI E2E (3, chrome)	Run Cypress	2025-01-06T11:12:41.9928376Z 
Admin UI E2E (3, chrome)	Run Cypress	2025-01-06T11:12:41.9930137Z [0m[0m
Admin UI E2E (3, chrome)	Run Cypress	2025-01-06T11:12:41.9951082Z [0m  Authentication - Policies - CIBA[0m
Admin UI E2E (3, chrome)	Run Cypress	2025-01-06T11:12:47.2586984Z   [32m  âœ“[0m[90m displays the initial state[0m[90m (5211ms)[0m
Admin UI E2E (3, chrome)	Run Cypress	2025-01-06T11:12:51.1611275Z   [32m  âœ“[0m[90m validates the fields[0m[90m (3824ms)[0m
Admin UI E2E (3, chrome)	Run Cypress	2025-01-06T11:12:55.5339343Z   [32m  âœ“[0m[90m saves the form[0m[90m (3739ms)[0m
Admin UI E2E (3, chrome)	Run Cypress	2025-01-06T11:12:55.5351147Z 
Admin UI E2E (3, chrome)	Run Cypress	2025-01-06T11:12:55.5566359Z 
Admin UI E2E (3, chrome)	Run Cypress	2025-01-06T11:12:55.5569157Z [92m [0m[32m 3 passing[0m[90m (14s)[0m
Admin UI E2E (3, chrome)	Run Cypress	2025-01-06T11:12:55.5576942Z 
Admin UI E2E (3, chrome)	Run Cypress	2025-01-06T11:12:56.5845497Z 
Admin UI E2E (3, chrome)	Run Cypress	2025-01-06T11:12:56.5847782Z [32m  ([4m[1mResults[22m[24m)[39m
Admin UI E2E (3, chrome)	Run Cypress	2025-01-06T11:12:56.5851681Z 
Admin UI E2E (3, chrome)	Run Cypress	2025-01-06T11:12:56.5903774Z [90m  â”Œ[39m[90mâ”€[39m[90mâ”€[39m[90mâ”€[39m[90mâ”€[39m[90mâ”€[39m[90mâ”€[39m[90mâ”€[39m[90mâ”€[39m[90mâ”€[39m[90mâ”€[39m[90mâ”€[39m[90mâ”€[39m[90mâ”€[39m[90mâ”€[39m[90mâ”€[39m[90mâ”€[39m[90mâ”€[39m[90mâ”€[39m[90mâ”€[39m[90mâ”€[39m[90mâ”€[39m[90mâ”€[39m[90mâ”€[39m[90mâ”€[39m[90mâ”€[39m[90mâ”€[39m[90mâ”€[39m[90mâ”€[39m[90mâ”€[39m[90mâ”€[39m[90mâ”€[39m[90mâ”€[39m[90mâ”€[39m[90mâ”€[39m[90mâ”€[39m[90mâ”€[39m[90mâ”€[39m[90mâ”€[39m[90mâ”€[39m[90mâ”€[39m[90mâ”€[39m[90mâ”€[39m[90mâ”€[39m[90mâ”€[39m[90mâ”€[39m[90mâ”€[39m[90mâ”€[39m[90mâ”€[39m[90mâ”€[39m[90mâ”€[39m[90mâ”€[39m[90mâ”€[39m[90mâ”€[39m[90mâ”€[39m[90mâ”€[39m[90mâ”€[39m[90mâ”€[39m[90mâ”€[39m[90mâ”€[39m[90mâ”€[39m[90mâ”€[39m[90mâ”€[39m[90mâ”€[39m[90mâ”€[39m[90mâ”€[39m[90mâ”€[39m[90mâ”€[39m[90mâ”€[39m[90mâ”€[39m[90mâ”€[39m[90mâ”€[39m[90mâ”€[39m[90mâ”€[39m[90mâ”€[39m[90mâ”€[39m[90mâ”€[39m[90mâ”€[39m[90mâ”€[39m[90mâ”€[39m[90mâ”€[39m[90mâ”€[39m[90mâ”€[39m[90mâ”€[39m[90mâ”€[39m[90mâ”€[39m[90mâ”€[39m[90mâ”€[39m[90mâ”€[39m[90mâ”€[39m[90mâ”€[39m[90mâ”€[39m[90mâ”€[39m[90mâ”€[39m[90mâ”€[39m[90mâ”€[39m[90mâ”€[39m[90mâ”[39m
Admin UI E2E (3, chrome)	Run Cypress	2025-01-06T11:12:56.5908865Z [90m  â”‚[39m [90mTests:[39m        [32m3[39m                                                                                [90mâ”‚[39m
Admin UI E2E (3, chrome)	Run Cypress	2025-01-06T11:12:56.5910185Z [90m  â”‚[39m [90mPassing:[39m      [32m3[39m                                                                                [90mâ”‚[39m
Admin UI E2E (3, chrome)	Run Cypress	2025-01-06T11:12:56.5911891Z [90m  â”‚[39m [90mFailing:[39m      [32m0[39m                                                                                [90mâ”‚[39m
Admin UI E2E (3, chrome)	Run Cypress	2025-01-06T11:12:56.5913425Z [90m  â”‚[39m [90mPending:[39m      [32m0[39m                                                                                [90mâ”‚[39m
Admin UI E2E (3, chrome)	Run Cypress	2025-01-06T11:12:56.5914845Z [90m  â”‚[39m [90mSkipped:[39m      [32m0[39m                                                                                [90mâ”‚[39m
Admin UI E2E (3, chrome)	Run Cypress	2025-01-06T11:12:56.5916591Z [90m  â”‚[39m [90mScreenshots:[39m  [32m0[39m                                                                                [90mâ”‚[39m
Admin UI E2E (3, chrome)	Run Cypress	2025-01-06T11:12:56.5917984Z [90m  â”‚[39m [90mVideo:[39m        [32mfalse[39m                                                                            [90mâ”‚[39m
Admin UI E2E (3, chrome)	Run Cypress	2025-01-06T11:12:56.5919409Z [90m  â”‚[39m [90mDuration:[39m     [32m13 seconds[39m                                                                       [90mâ”‚[39m
Admin UI E2E (3, chrome)	Run Cypress	2025-01-06T11:12:56.5921095Z [90m  â”‚[39m [90mSpec Ran:[39m     [32m[32mauthentication_policies_ciba.spec.ts[32m[39m                                             [90mâ”‚[39m
Admin UI E2E (3, chrome)	Run Cypress	2025-01-06T11:12:56.5951349Z [90m  â””[39m[90mâ”€[39m[90mâ”€[39m[90mâ”€[39m[90mâ”€[39m[90mâ”€[39m[90mâ”€[39m[90mâ”€[39m[90mâ”€[39m[90mâ”€[39m[90mâ”€[39m[90mâ”€[39m[90mâ”€[39m[90mâ”€[39m[90mâ”€[39m[90mâ”€[39m[90mâ”€[39m[90mâ”€[39m[90mâ”€[39m[90mâ”€[39m[90mâ”€[39m[90mâ”€[39m[90mâ”€[39m[90mâ”€[39m[90mâ”€[39m[90mâ”€[39m[90mâ”€[39m[90mâ”€[39m[90mâ”€[39m[90mâ”€[39m[90mâ”€[39m[90mâ”€[39m[90mâ”€[39m[90mâ”€[39m[90mâ”€[39m[90mâ”€[39m[90mâ”€[39m[90mâ”€[39m[90mâ”€[39m[90mâ”€[39m[90mâ”€[39m[90mâ”€[39m[90mâ”€[39m[90mâ”€[39m[90mâ”€[39m[90mâ”€[39m[90mâ”€[39m[90mâ”€[39m[90mâ”€[39m[90mâ”€[39m[90mâ”€[39m[90mâ”€[39m[90mâ”€[39m[90mâ”€[39m[90mâ”€[39m[90mâ”€[39m[90mâ”€[39m[90mâ”€[39m[90mâ”€[39m[90mâ”€[39m[90mâ”€[39m[90mâ”€[39m[90mâ”€[39m[90mâ”€[39m[90mâ”€[39m[90mâ”€[39m[90mâ”€[39m[90mâ”€[39m[90mâ”€[39m[90mâ”€[39m[90mâ”€[39m[90mâ”€[39m[90mâ”€[39m[90mâ”€[39m[90mâ”€[39m[90mâ”€[39m[90mâ”€[39m[90mâ”€[39m[90mâ”€[39m[90mâ”€[39m[90mâ”€[39m[90mâ”€[39m[90mâ”€[39m[90mâ”€[39m[90mâ”€[39m[90mâ”€[39m[90mâ”€[39m[90mâ”€[39m[90mâ”€[39m[90mâ”€[39m[90mâ”€[39m[90mâ”€[39m[90mâ”€[39m[90mâ”€[39m[90mâ”€[39m[90mâ”€[39m[90mâ”€[39m[90mâ”˜[39m
Admin UI E2E (3, chrome)	Run Cypress	2025-01-06T11:12:56.5955449Z 
Admin UI E2E (3, chrome)	Run Cypress	2025-01-06T11:12:56.6286312Z 
Admin UI E2E (3, chrome)	Run Cypress	2025-01-06T11:12:56.6305423Z [90mâ”€[39m[90mâ”€[39m[90mâ”€[39m[90mâ”€[39m[90mâ”€[39m[90mâ”€[39m[90mâ”€[39m[90mâ”€[39m[90mâ”€[39m[90mâ”€[39m[90mâ”€[39m[90mâ”€[39m[90mâ”€[39m[90mâ”€[39m[90mâ”€[39m[90mâ”€[39m[90mâ”€[39m[90mâ”€[39m[90mâ”€[39m[90mâ”€[39m[90mâ”€[39m[90mâ”€[39m[90mâ”€[39m[90mâ”€[39m[90mâ”€[39m[90mâ”€[39m[90mâ”€[39m[90mâ”€[39m[90mâ”€[39m[90mâ”€[39m[90mâ”€[39m[90mâ”€[39m[90mâ”€[39m[90mâ”€[39m[90mâ”€[39m[90mâ”€[39m[90mâ”€[39m[90mâ”€[39m[90mâ”€[39m[90mâ”€[39m[90mâ”€[39m[90mâ”€[39m[90mâ”€[39m[90mâ”€[39m[90mâ”€[39m[90mâ”€[39m[90mâ”€[39m[90mâ”€[39m[90mâ”€[39m[90mâ”€[39m[90mâ”€[39m[90mâ”€[39m[90mâ”€[39m[90mâ”€[39m[90mâ”€[39m[90mâ”€[39m[90mâ”€[39m[90mâ”€[39m[90mâ”€[39m[90mâ”€[39m[90mâ”€[39m[90mâ”€[39m[90mâ”€[39m[90mâ”€[39m[90mâ”€[39m[90mâ”€[39m[90mâ”€[39m[90mâ”€[39m[90mâ”€[39m[90mâ”€[39m[90mâ”€[39m[90mâ”€[39m[90mâ”€[39m[90mâ”€[39m[90mâ”€[39m[90mâ”€[39m[90mâ”€[39m[90mâ”€[39m[90mâ”€[39m[90mâ”€[39m[90mâ”€[39m[90mâ”€[39m[90mâ”€[39m[90mâ”€[39m[90mâ”€[39m[90mâ”€[39m[90mâ”€[39m[90mâ”€[39m[90mâ”€[39m[90mâ”€[39m[90mâ”€[39m[90mâ”€[39m[90mâ”€[39m[90mâ”€[39m[90mâ”€[39m[90mâ”€[39m[90mâ”€[39m[90mâ”€[39m[90mâ”€[39m[90mâ”€[39m
Admin UI E2E (3, chrome)	Run Cypress	2025-01-06T11:12:56.6309370Z                                                                                                     
Admin UI E2E (3, chrome)	Run Cypress	2025-01-06T11:12:56.6310502Z   Running:  [90mclients_saml_test.spec.ts[39m                                                       [90m(3 of 8)[39m
Admin UI E2E (3, chrome)	Run Cypress	2025-01-06T11:13:00.1234385Z 
Admin UI E2E (3, chrome)	Run Cypress	2025-01-06T11:13:00.1235901Z [0m[0m
Admin UI E2E (3, chrome)	Run Cypress	2025-01-06T11:13:00.1298761Z [0m  Clients SAML tests[0m
Admin UI E2E (3, chrome)	Run Cypress	2025-01-06T11:13:00.1304471Z [0m    SAML test[0m
Admin UI E2E (3, chrome)	Run Cypress	2025-01-06T11:13:05.0312042Z     [32m  âœ“[0m[90m should display the saml sections on details screen[0m[90m (4872ms)[0m
Admin UI E2E (3, chrome)	Run Cypress	2025-01-06T11:13:08.2429607Z     [32m  âœ“[0m[90m should save force name id format[0m[90m (3143ms)[0m
Admin UI E2E (3, chrome)	Run Cypress	2025-01-06T11:13:08.2647194Z [0m    SAML keys tab[0m
Admin UI E2E (3, chrome)	Run Cypress	2025-01-06T11:13:11.5422273Z     [32m  âœ“[0m[90m should doesn't disable signature when cancel[0m[90m (3218ms)[0m
Admin UI E2E (3, chrome)	Run Cypress	2025-01-06T11:13:14.2059200Z     [32m  âœ“[0m[90m should disable client signature[0m[90m (2619ms)[0m
Admin UI E2E (3, chrome)	Run Cypress	2025-01-06T11:13:17.8046963Z     [32m  âœ“[0m[90m should enable Encryption keys config[0m[90m (3540ms)[0m
Admin UI E2E (3, chrome)	Run Cypress	2025-01-06T11:13:17.8244804Z [0m    SAML settings tab[0m
Admin UI E2E (3, chrome)	Run Cypress	2025-01-06T11:13:22.7216136Z     [32m  âœ“[0m[90m should check SAML capabilities[0m[90m (4818ms)[0m
Admin UI E2E (3, chrome)	Run Cypress	2025-01-06T11:13:28.6695825Z     [32m  âœ“[0m[90m should check signature and encryption[0m[90m (5864ms)[0m
Admin UI E2E (3, chrome)	Run Cypress	2025-01-06T11:13:37.4253019Z     [32m  âœ“[0m[90m should check access settings[0m[90m (8702ms)[0m
Admin UI E2E (3, chrome)	Run Cypress	2025-01-06T11:13:41.3401929Z     [32m  âœ“[0m[90m should check login settings[0m[90m (3844ms)[0m
Admin UI E2E (3, chrome)	Run Cypress	2025-01-06T11:13:41.3402636Z 
Admin UI E2E (3, chrome)	Run Cypress	2025-01-06T11:13:41.3897504Z 
Admin UI E2E (3, chrome)	Run Cypress	2025-01-06T11:13:41.3902451Z [92m [0m[32m 9 passing[0m[90m (41s)[0m
Admin UI E2E (3, chrome)	Run Cypress	2025-01-06T11:13:41.3906605Z 
Admin UI E2E (3, chrome)	Run Cypress	2025-01-06T11:13:42.4242177Z 
Admin UI E2E (3, chrome)	Run Cypress	2025-01-06T11:13:42.4243952Z [32m  ([4m[1mResults[22m[24m)[39m
Admin UI E2E (3, chrome)	Run Cypress	2025-01-06T11:13:42.4264295Z 
Admin UI E2E (3, chrome)	Run Cypress	2025-01-06T11:13:42.4278658Z [90m  â”Œ[39m[90mâ”€[39m[90mâ”€[39m[90mâ”€[39m[90mâ”€[39m[90mâ”€[39m[90mâ”€[39m[90mâ”€[39m[90mâ”€[39m[90mâ”€[39m[90mâ”€[39m[90mâ”€[39m[90mâ”€[39m[90mâ”€[39m[90mâ”€[39m[90mâ”€[39m[90mâ”€[39m[90mâ”€[39m[90mâ”€[39m[90mâ”€[39m[90mâ”€[39m[90mâ”€[39m[90mâ”€[39m[90mâ”€[39m[90mâ”€[39m[90mâ”€[39m[90mâ”€[39m[90mâ”€[39m[90mâ”€[39m[90mâ”€[39m[90mâ”€[39m[90mâ”€[39m[90mâ”€[39m[90mâ”€[39m[90mâ”€[39m[90mâ”€[39m[90mâ”€[39m[90mâ”€[39m[90mâ”€[39m[90mâ”€[39m[90mâ”€[39m[90mâ”€[39m[90mâ”€[39m[90mâ”€[39m[90mâ”€[39m[90mâ”€[39m[90mâ”€[39m[90mâ”€[39m[90mâ”€[39m[90mâ”€[39m[90mâ”€[39m[90mâ”€[39m[90mâ”€[39m[90mâ”€[39m[90mâ”€[39m[90mâ”€[39m[90mâ”€[39m[90mâ”€[39m[90mâ”€[39m[90mâ”€[39m[90mâ”€[39m[90mâ”€[39m[90mâ”€[39m[90mâ”€[39m[90mâ”€[39m[90mâ”€[39m[90mâ”€[39m[90mâ”€[39m[90mâ”€[39m[90mâ”€[39m[90mâ”€[39m[90mâ”€[39m[90mâ”€[39m[90mâ”€[39m[90mâ”€[39m[90mâ”€[39m[90mâ”€[39m[90mâ”€[39m[90mâ”€[39m[90mâ”€[39m[90mâ”€[39m[90mâ”€[39m[90mâ”€[39m[90mâ”€[39m[90mâ”€[39m[90mâ”€[39m[90mâ”€[39m[90mâ”€[39m[90mâ”€[39m[90mâ”€[39m[90mâ”€[39m[90mâ”€[39m[90mâ”€[39m[90mâ”€[39m[90mâ”€[39m[90mâ”€[39m[90mâ”€[39m[90mâ”[39m
Admin UI E2E (3, chrome)	Run Cypress	2025-01-06T11:13:42.4283149Z [90m  â”‚[39m [90mTests:[39m        [32m9[39m                                                                                [90mâ”‚[39m
Admin UI E2E (3, chrome)	Run Cypress	2025-01-06T11:13:42.4284286Z [90m  â”‚[39m [90mPassing:[39m      [32m9[39m                                                                                [90mâ”‚[39m
Admin UI E2E (3, chrome)	Run Cypress	2025-01-06T11:13:42.4285462Z [90m  â”‚[39m [90mFailing:[39m      [32m0[39m                                                                                [90mâ”‚[39m
Admin UI E2E (3, chrome)	Run Cypress	2025-01-06T11:13:42.4286560Z [90m  â”‚[39m [90mPending:[39m      [32m0[39m                                                                                [90mâ”‚[39m
Admin UI E2E (3, chrome)	Run Cypress	2025-01-06T11:13:42.4287662Z [90m  â”‚[39m [90mSkipped:[39m      [32m0[39m                                                                                [90mâ”‚[39m
Admin UI E2E (3, chrome)	Run Cypress	2025-01-06T11:13:42.4289164Z [90m  â”‚[39m [90mScreenshots:[39m  [32m0[39m                                                                                [90mâ”‚[39m
Admin UI E2E (3, chrome)	Run Cypress	2025-01-06T11:13:42.4293707Z [90m  â”‚[39m [90mVideo:[39m        [32mfalse[39m                                                                            [90mâ”‚[39m
Admin UI E2E (3, chrome)	Run Cypress	2025-01-06T11:13:42.4295003Z [90m  â”‚[39m [90mDuration:[39m     [32m41 seconds[39m                                                                       [90mâ”‚[39m
Admin UI E2E (3, chrome)	Run Cypress	2025-01-06T11:13:42.4296773Z [90m  â”‚[39m [90mSpec Ran:[39m     [32m[32mclients_saml_test.spec.ts[32m[39m                                                        [90mâ”‚[39m
Admin UI E2E (3, chrome)	Run Cypress	2025-01-06T11:13:42.4304558Z [90m  â””[39m[90mâ”€[39m[90mâ”€[39m[90mâ”€[39m[90mâ”€[39m[90mâ”€[39m[90mâ”€[39m[90mâ”€[39m[90mâ”€[39m[90mâ”€[39m[90mâ”€[39m[90mâ”€[39m[90mâ”€[39m[90mâ”€[39m[90mâ”€[39m[90mâ”€[39m[90mâ”€[39m[90mâ”€[39m[90mâ”€[39m[90mâ”€[39m[90mâ”€[39m[90mâ”€[39m[90mâ”€[39m[90mâ”€[39m[90mâ”€[39m[90mâ”€[39m[90mâ”€[39m[90mâ”€[39m[90mâ”€[39m[90mâ”€[39m[90mâ”€[39m[90mâ”€[39m[90mâ”€[39m[90mâ”€[39m[90mâ”€[39m[90mâ”€[39m[90mâ”€[39m[90mâ”€[39m[90mâ”€[39m[90mâ”€[39m[90mâ”€[39m[90mâ”€[39m[90mâ”€[39m[90mâ”€[39m[90mâ”€[39m[90mâ”€[39m[90mâ”€[39m[90mâ”€[39m[90mâ”€[39m[90mâ”€[39m[90mâ”€[39m[90mâ”€[39m[90mâ”€[39m[90mâ”€[39m[90mâ”€[39m[90mâ”€[39m[90mâ”€[39m[90mâ”€[39m[90mâ”€[39m[90mâ”€[39m[90mâ”€[39m[90mâ”€[39m[90mâ”€[39m[90mâ”€[39m[90mâ”€[39m[90mâ”€[39m[90mâ”€[39m[90mâ”€[39m[90mâ”€[39m[90mâ”€[39m[90mâ”€[39m[90mâ”€[39m[90mâ”€[39m[90mâ”€[39m[90mâ”€[39m[90mâ”€[39m[90mâ”€[39m[90mâ”€[39m[90mâ”€[39m[90mâ”€[39m[90mâ”€[39m[90mâ”€[39m[90mâ”€[39m[90mâ”€[39m[90mâ”€[39m[90mâ”€[39m[90mâ”€[39m[90mâ”€[39m[90mâ”€[39m[90mâ”€[39m[90mâ”€[39m[90mâ”€[39m[90mâ”€[39m[90mâ”€[39m[90mâ”€[39m[90mâ”€[39m[90mâ”€[39m[90mâ”˜[39m
Admin UI E2E (3, chrome)	Run Cypress	2025-01-06T11:13:42.4308061Z 
Admin UI E2E (3, chrome)	Run Cypress	2025-01-06T11:13:42.4616629Z 
Admin UI E2E (3, chrome)	Run Cypress	2025-01-06T11:13:42.4627869Z [90mâ”€[39m[90mâ”€[39m[90mâ”€[39m[90mâ”€[39m[90mâ”€[39m[90mâ”€[39m[90mâ”€[39m[90mâ”€[39m[90mâ”€[39m[90mâ”€[39m[90mâ”€[39m[90mâ”€[39m[90mâ”€[39m[90mâ”€[39m[90mâ”€[39m[90mâ”€[39m[90mâ”€[39m[90mâ”€[39m[90mâ”€[39m[90mâ”€[39m[90mâ”€[39m[90mâ”€[39m[90mâ”€[39m[90mâ”€[39m[90mâ”€[39m[90mâ”€[39m[90mâ”€[39m[90mâ”€[39m[90mâ”€[39m[90mâ”€[39m[90mâ”€[39m[90mâ”€[39m[90mâ”€[39m[90mâ”€[39m[90mâ”€[39m[90mâ”€[39m[90mâ”€[39m[90mâ”€[39m[90mâ”€[39m[90mâ”€[39m[90mâ”€[39m[90mâ”€[39m[90mâ”€[39m[90mâ”€[39m[90mâ”€[39m[90mâ”€[39m[90mâ”€[39m[90mâ”€[39m[90mâ”€[39m[90mâ”€[39m[90mâ”€[39m[90mâ”€[39m[90mâ”€[39m[90mâ”€[39m[90mâ”€[39m[90mâ”€[39m[90mâ”€[39m[90mâ”€[39m[90mâ”€[39m[90mâ”€[39m[90mâ”€[39m[90mâ”€[39m[90mâ”€[39m[90mâ”€[39m[90mâ”€[39m[90mâ”€[39m[90mâ”€[39m[90mâ”€[39m[90mâ”€[39m[90mâ”€[39m[90mâ”€[39m[90mâ”€[39m[90mâ”€[39m[90mâ”€[39m[90mâ”€[39m[90mâ”€[39m[90mâ”€[39m[90mâ”€[39m[90mâ”€[39m[90mâ”€[39m[90mâ”€[39m[90mâ”€[39m[90mâ”€[39m[90mâ”€[39m[90mâ”€[39m[90mâ”€[39m[90mâ”€[39m[90mâ”€[39m[90mâ”€[39m[90mâ”€[39m[90mâ”€[39m[90mâ”€[39m[90mâ”€[39m[90mâ”€[39m[90mâ”€[39m[90mâ”€[39m[90mâ”€[39m[90mâ”€[39m[90mâ”€[39m[90mâ”€[39m
Admin UI E2E (3, chrome)	Run Cypress	2025-01-06T11:13:42.4632333Z                                                                                                     
Admin UI E2E (3, chrome)	Run Cypress	2025-01-06T11:13:42.4633653Z   Running:  [90mclients_test.spec.ts[39m                                                            [90m(4 of 8)[39m
Admin UI E2E (3, chrome)	Run Cypress	2025-01-06T11:13:47.0736377Z 
Admin UI E2E (3, chrome)	Run Cypress	2025-01-06T11:13:47.0737938Z [0m[0m
Admin UI E2E (3, chrome)	Run Cypress	2025-01-06T11:13:47.0823385Z [0m  Clients test[0m
Admin UI E2E (3, chrome)	Run Cypress	2025-01-06T11:13:47.8723797Z [0m    Client creation[0m
Admin UI E2E (3, chrome)	Run Cypress	2025-01-06T11:13:52.9967218Z     [32m  âœ“[0m[90m Should cancel creating client[0m[90m (5872ms)[0m
Admin UI E2E (3, chrome)	Run Cypress	2025-01-06T11:14:02.1036912Z     [32m  âœ“[0m[90m Should check settings elements[0m[90m (8980ms)[0m
Admin UI E2E (3, chrome)	Run Cypress	2025-01-06T11:14:05.3943540Z     [32m  âœ“[0m[90m Should navigate to previous using 'back' button[0m[90m (3216ms)[0m
Admin UI E2E (3, chrome)	Run Cypress	2025-01-06T11:14:09.0936175Z     [32m  âœ“[0m[90m Should fail creating client[0m[90m (3641ms)[0m
Admin UI E2E (3, chrome)	Run Cypress	2025-01-06T11:14:18.4260496Z     [32m  âœ“[0m[90m Client CRUD test[0m[90m (9205ms)[0m
Admin UI E2E (3, chrome)	Run Cypress	2025-01-06T11:14:20.9184605Z     [32m  âœ“[0m[90m Should fail to create imported client with empty ID[0m[90m (2429ms)[0m
Admin UI E2E (3, chrome)	Run Cypress	2025-01-06T11:14:25.9117369Z     [32m  âœ“[0m[90m Should fail to create client with same ID[0m[90m (4946ms)[0m
Admin UI E2E (3, chrome)	Run Cypress	2025-01-06T11:14:28.1474227Z     [32m  âœ“[0m[90m should delete 'identical' client id[0m[90m (2208ms)[0m
Admin UI E2E (3, chrome)	Run Cypress	2025-01-06T11:14:28.1608113Z [0m    Service account tab test[0m
Admin UI E2E (3, chrome)	Run Cypress	2025-01-06T11:14:34.5001403Z     [32m  âœ“[0m[90m List[0m[90m (6252ms)[0m
Admin UI E2E (3, chrome)	Run Cypress	2025-01-06T11:15:12.4957743Z       [33m(Attempt 1 of 4)[0m Assign
Admin UI E2E (3, chrome)	Run Cypress	2025-01-06T11:15:56.3153142Z       [33m(Attempt 2 of 4)[0m Assign
Admin UI E2E (3, chrome)	Run Cypress	2025-01-06T11:16:45.3811033Z       [33m(Attempt 3 of 4)[0m Assign
Admin UI E2E (3, chrome)	Run Cypress	2025-01-06T11:17:40.1808496Z     [31m  1) Assign[0m
Admin UI E2E (3, chrome)	Run Cypress	2025-01-06T11:17:41.3331488Z [0m    Mapping tab[0m
Admin UI E2E (3, chrome)	Run Cypress	2025-01-06T11:17:48.5993609Z     [32m  âœ“[0m[90m Add mapping to openid client[0m[90m (6952ms)[0m
Admin UI E2E (3, chrome)	Run Cypress	2025-01-06T11:17:48.6140510Z [0m    Keys tab test[0m
Admin UI E2E (3, chrome)	Run Cypress	2025-01-06T11:17:56.0437160Z     [32m  âœ“[0m[90m Generate new keys[0m[90m (6934ms)[0m
Admin UI E2E (3, chrome)	Run Cypress	2025-01-06T11:17:56.0581256Z [0m    Realm client[0m
Admin UI E2E (3, chrome)	Run Cypress	2025-01-06T11:18:01.0197404Z     [32m  âœ“[0m[90m Displays the correct tabs[0m[90m (4760ms)[0m
Admin UI E2E (3, chrome)	Run Cypress	2025-01-06T11:18:05.2895060Z     [32m  âœ“[0m[90m Hides the delete action[0m[90m (4123ms)[0m
Admin UI E2E (3, chrome)	Run Cypress	2025-01-06T11:18:05.3061753Z [0m    ***
Admin UI E2E (3, chrome)	Run Cypress	2025-01-06T11:18:09.6325544Z     [32m  âœ“[0m[90m Shows an explainer text for bearer only clients[0m[90m (4217ms)[0m
Admin UI E2E (3, chrome)	Run Cypress	2025-01-06T11:18:14.0036767Z     [32m  âœ“[0m[90m Hides the capability config section[0m[90m (3916ms)[0m
Admin UI E2E (3, chrome)	Run Cypress	2025-01-06T11:18:14.0525327Z [0m    Generated home URLs for built-in clients[0m
Admin UI E2E (3, chrome)	Run Cypress	2025-01-06T11:18:16.8048456Z     [32m  âœ“[0m[90m Check account-console Home URL[0m[90m (2661ms)[0m
Admin UI E2E (3, chrome)	Run Cypress	2025-01-06T11:18:19.4833163Z     [32m  âœ“[0m[90m Check security-admin-console Home URL[0m[90m (2564ms)[0m
Admin UI E2E (3, chrome)	Run Cypress	2025-01-06T11:18:19.4948361Z [0m    Accessibility tests for clients[0m
Admin UI E2E (3, chrome)	Run Cypress	2025-01-06T11:18:22.5099705Z     [32m  âœ“[0m[90m Check a11y violations on load/ clients list tab[0m[90m (2964ms)[0m
Admin UI E2E (3, chrome)	Run Cypress	2025-01-06T11:18:25.6304605Z     [32m  âœ“[0m[90m Check a11y violations on create client page[0m[90m (3077ms)[0m
Admin UI E2E (3, chrome)	Run Cypress	2025-01-06T11:18:36.6336864Z     [32m  âœ“[0m[90m Check a11y violations on client details page[0m[90m (10835ms)[0m
Admin UI E2E (3, chrome)	Run Cypress	2025-01-06T11:18:41.0182299Z     [32m  âœ“[0m[90m Check a11y violations in delete dialog[0m[90m (4264ms)[0m
Admin UI E2E (3, chrome)	Run Cypress	2025-01-06T11:18:44.3845394Z     [32m  âœ“[0m[90m Check a11y violations on client registration/ anonymous access policies tab[0m[90m (3237ms)[0m
Admin UI E2E (3, chrome)	Run Cypress	2025-01-06T11:18:48.3195253Z     [32m  âœ“[0m[90m Check a11y violations on client registration/ authenticated access policies tab[0m[90m (3319ms)[0m
Admin UI E2E (3, chrome)	Run Cypress	2025-01-06T11:18:48.3198663Z 
Admin UI E2E (3, chrome)	Run Cypress	2025-01-06T11:18:48.3464045Z 
Admin UI E2E (3, chrome)	Run Cypress	2025-01-06T11:18:48.3489026Z [92m [0m[32m 23 passing[0m[90m (5m)[0m
Admin UI E2E (3, chrome)	Run Cypress	2025-01-06T11:18:48.3490219Z [31m  1 failing[0m
Admin UI E2E (3, chrome)	Run Cypress	2025-01-06T11:18:48.3490625Z 
Admin UI E2E (3, chrome)	Run Cypress	2025-01-06T11:18:48.3491036Z [0m  1) Clients test
Admin UI E2E (3, chrome)	Run Cypress	2025-01-06T11:18:48.3491484Z        Service account tab test
Admin UI E2E (3, chrome)	Run Cypress	2025-01-06T11:18:48.3491868Z          Assign:
Admin UI E2E (3, chrome)	Run Cypress	2025-01-06T11:18:48.3493940Z [0m[31m     AssertionError: Timed out retrying after 30000ms: expected '[ <td.pf-v5-c-table__td.pf-v5-c-table__check>, 39 more... ]' not to contain 'create-realm-9ca9ec8d-c6bd-47f0-8cea-c126193697c9'[0m[90m
Admin UI E2E (3, chrome)	Run Cypress	2025-01-06T11:18:48.3495582Z       at Context.eval (webpack://@keycloak/keycloak-admin-ui/./cypress/support/pages/admin-ui/manage/RoleMappingTab.ts:91:0)
Admin UI E2E (3, chrome)	Run Cypress	2025-01-06T11:18:48.3496503Z [0m
Admin UI E2E (3, chrome)	Run Cypress	2025-01-06T11:18:48.3496688Z 
Admin UI E2E (3, chrome)	Run Cypress	2025-01-06T11:18:48.3496703Z 
Admin UI E2E (3, chrome)	Run Cypress	2025-01-06T11:18:49.3794337Z 
Admin UI E2E (3, chrome)	Run Cypress	2025-01-06T11:18:49.3795658Z [31m  ([4m[1mResults[22m[24m)[39m
Admin UI E2E (3, chrome)	Run Cypress	2025-01-06T11:18:49.3814542Z 
Admin UI E2E (3, chrome)	Run Cypress	2025-01-06T11:18:49.3827283Z [90m  â”Œ[39m[90mâ”€[39m[90mâ”€[39m[90mâ”€[39m[90mâ”€[39m[90mâ”€[39m[90mâ”€[39m[90mâ”€[39m[90mâ”€[39m[90mâ”€[39m[90mâ”€[39m[90mâ”€[39m[90mâ”€[39m[90mâ”€[39m[90mâ”€[39m[90mâ”€[39m[90mâ”€[39m[90mâ”€[39m[90mâ”€[39m[90mâ”€[39m[90mâ”€[39m[90mâ”€[39m[90mâ”€[39m[90mâ”€[39m[90mâ”€[39m[90mâ”€[39m[90mâ”€[39m[90mâ”€[39m[90mâ”€[39m[90mâ”€[39m[90mâ”€[39m[90mâ”€[39m[90mâ”€[39m[90mâ”€[39m[90mâ”€[39m[90mâ”€[39m[90mâ”€[39m[90mâ”€[39m[90mâ”€[39m[90mâ”€[39m[90mâ”€[39m[90mâ”€[39m[90mâ”€[39m[90mâ”€[39m[90mâ”€[39m[90mâ”€[39m[90mâ”€[39m[90mâ”€[39m[90mâ”€[39m[90mâ”€[39m[90mâ”€[39m[90mâ”€[39m[90mâ”€[39m[90mâ”€[39m[90mâ”€[39m[90mâ”€[39m[90mâ”€[39m[90mâ”€[39m[90mâ”€[39m[90mâ”€[39m[90mâ”€[39m[90mâ”€[39m[90mâ”€[39m[90mâ”€[39m[90mâ”€[39m[90mâ”€[39m[90mâ”€[39m[90mâ”€[39m[90mâ”€[39m[90mâ”€[39m[90mâ”€[39m[90mâ”€[39m[90mâ”€[39m[90mâ”€[39m[90mâ”€[39m[90mâ”€[39m[90mâ”€[39m[90mâ”€[39m[90mâ”€[39m[90mâ”€[39m[90mâ”€[39m[90mâ”€[39m[90mâ”€[39m[90mâ”€[39m[90mâ”€[39m[90mâ”€[39m[90mâ”€[39m[90mâ”€[39m[90mâ”€[39m[90mâ”€[39m[90mâ”€[39m[90mâ”€[39m[90mâ”€[39m[90mâ”€[39m[90mâ”€[39m[90mâ”€[39m[90mâ”€[39m[90mâ”[39m
Admin UI E2E (3, chrome)	Run Cypress	2025-01-06T11:18:49.3830456Z [90m  â”‚[39m [90mTests:[39m        [31m24[39m                                                                               [90mâ”‚[39m
Admin UI E2E (3, chrome)	Run Cypress	2025-01-06T11:18:49.3831185Z [90m  â”‚[39m [90mPassing:[39m      [31m23[39m                                                                               [90mâ”‚[39m
Admin UI E2E (3, chrome)	Run Cypress	2025-01-06T11:18:49.3831942Z [90m  â”‚[39m [90mFailing:[39m      [31m1[39m                                                                                [90mâ”‚[39m
Admin UI E2E (3, chrome)	Run Cypress	2025-01-06T11:18:49.3832658Z [90m  â”‚[39m [90mPending:[39m      [31m0[39m                                                                                [90mâ”‚[39m
Admin UI E2E (3, chrome)	Run Cypress	2025-01-06T11:18:49.3833626Z [90m  â”‚[39m [90mSkipped:[39m      [31m0[39m                                                                                [90mâ”‚[39m
Admin UI E2E (3, chrome)	Run Cypress	2025-01-06T11:18:49.3834388Z [90m  â”‚[39m [90mScreenshots:[39m  [31m4[39m                                                                                [90mâ”‚[39m
Admin UI E2E (3, chrome)	Run Cypress	2025-01-06T11:18:49.3835126Z [90m  â”‚[39m [90mVideo:[39m        [31mtrue[39m                                                                             [90mâ”‚[39m
Admin UI E2E (3, chrome)	Run Cypress	2025-01-06T11:18:49.3836232Z [90m  â”‚[39m [90mDuration:[39m     [31m5 minutes, 1 second[39m                                                              [90mâ”‚[39m
Admin UI E2E (3, chrome)	Run Cypress	2025-01-06T11:18:49.3837508Z [90m  â”‚[39m [90mSpec Ran:[39m     [31m[31mclients_test.spec.ts[31m[39m                                                             [90mâ”‚[39m
Admin UI E2E (3, chrome)	Run Cypress	2025-01-06T11:18:49.3843944Z [90m  â””[39m[90mâ”€[39m[90mâ”€[39m[90mâ”€[39m[90mâ”€[39m[90mâ”€[39m[90mâ”€[39m[90mâ”€[39m[90mâ”€[39m[90mâ”€[39m[90mâ”€[39m[90mâ”€[39m[90mâ”€[39m[90mâ”€[39m[90mâ”€[39m[90mâ”€[39m[90mâ”€[39m[90mâ”€[39m[90mâ”€[39m[90mâ”€[39m[90mâ”€[39m[90mâ”€[39m[90mâ”€[39m[90mâ”€[39m[90mâ”€[39m[90mâ”€[39m[90mâ”€[39m[90mâ”€[39m[90mâ”€[39m[90mâ”€[39m[90mâ”€[39m[90mâ”€[39m[90mâ”€[39m[90mâ”€[39m[90mâ”€[39m[90mâ”€[39m[90mâ”€[39m[90mâ”€[39m[90mâ”€[39m[90mâ”€[39m[90mâ”€[39m[90mâ”€[39m[90mâ”€[39m[90mâ”€[39m[90mâ”€[39m[90mâ”€[39m[90mâ”€[39m[90mâ”€[39m[90mâ”€[39m[90mâ”€[39m[90mâ”€[39m[90mâ”€[39m[90mâ”€[39m[90mâ”€[39m[90mâ”€[39m[90mâ”€[39m[90mâ”€[39m[90mâ”€[39m[90mâ”€[39m[90mâ”€[39m[90mâ”€[39m[90mâ”€[39m[90mâ”€[39m[90mâ”€[39m[90mâ”€[39m[90mâ”€[39m[90mâ”€[39m[90mâ”€[39m[90mâ”€[39m[90mâ”€[39m[90mâ”€[39m[90mâ”€[39m[90mâ”€[39m[90mâ”€[39m[90mâ”€[39m[90mâ”€[39m[90mâ”€[39m[90mâ”€[39m[90mâ”€[39m[90mâ”€[39m[90mâ”€[39m[90mâ”€[39m[90mâ”€[39m[90mâ”€[39m[90mâ”€[39m[90mâ”€[39m[90mâ”€[39m[90mâ”€[39m[90mâ”€[39m[90mâ”€[39m[90mâ”€[39m[90mâ”€[39m[90mâ”€[39m[90mâ”€[39m[90mâ”€[39m[90mâ”€[39m[90mâ”€[39m[90mâ”˜[39m
Admin UI E2E (3, chrome)	Run Cypress	2025-01-06T11:18:49.3847341Z 
Admin UI E2E (3, chrome)	Run Cypress	2025-01-06T11:18:49.3847357Z 
Admin UI E2E (3, chrome)	Run Cypress	2025-01-06T11:18:49.3847726Z [33m  ([4m[1mScreenshots[22m[24m)[39m
Admin UI E2E (3, chrome)	Run Cypress	2025-01-06T11:18:49.3848001Z 
Admin UI E2E (3, chrome)	Run Cypress	2025-01-06T11:18:49.3849044Z [90m [39m -  [0m/home/runner/work/keycloak/keycloak/js/apps/admin-ui/cypress/screenshots/clients[0m     [90m[90m(1280x633)[90m[39m
Admin UI E2E (3, chrome)	Run Cypress	2025-01-06T11:18:49.3850622Z [90m [39m    [0m_test.spec.ts/Clients test -- Service account tab test -- Assign (failed).png[0m                  
Admin UI E2E (3, chrome)	Run Cypress	2025-01-06T11:18:49.3852291Z [90m [39m -  [0m/home/runner/work/keycloak/keycloak/js/apps/admin-ui/cypress/screenshots/clients[0m     [90m[90m(1280x633)[90m[39m
Admin UI E2E (3, chrome)	Run Cypress	2025-01-06T11:18:49.3854177Z [90m [39m    [0m_test.spec.ts/Clients test -- Service account tab test -- Assign (failed) (attem[0m               
Admin UI E2E (3, chrome)	Run Cypress	2025-01-06T11:18:49.3855657Z [90m [39m    [0mpt 2).png[0m                                                                                      
Admin UI E2E (3, chrome)	Run Cypress	2025-01-06T11:18:49.3857039Z [90m [39m -  [0m/home/runner/work/keycloak/keycloak/js/apps/admin-ui/cypress/screenshots/clients[0m     [90m[90m(1280x633)[90m[39m
Admin UI E2E (3, chrome)	Run Cypress	2025-01-06T11:18:49.3858599Z [90m [39m    [0m_test.spec.ts/Clients test -- Service account tab test -- Assign (failed) (attem[0m               
Admin UI E2E (3, chrome)	Run Cypress	2025-01-06T11:18:49.3860024Z [90m [39m    [0mpt 3).png[0m                                                                                      
Admin UI E2E (3, chrome)	Run Cypress	2025-01-06T11:18:49.3861543Z [90m [39m -  [0m/home/runner/work/keycloak/keycloak/js/apps/admin-ui/cypress/screenshots/clients[0m     [90m[90m(1280x633)[90m[39m
Admin UI E2E (3, chrome)	Run Cypress	2025-01-06T11:18:49.3863406Z [90m [39m    [0m_test.spec.ts/Clients test -- Service account tab test -- Assign (failed) (attem[0m               
Admin UI E2E (3, chrome)	Run Cypress	2025-01-06T11:18:49.3864613Z [90m [39m    [0mpt 4).png[0m                                                                                      
Admin UI E2E (3, chrome)	Run Cypress	2025-01-06T11:18:49.3865032Z 
Admin UI E2E (3, chrome)	Run Cypress	2025-01-06T11:18:49.4172655Z 
Admin UI E2E (3, chrome)	Run Cypress	2025-01-06T11:18:49.4174032Z [36m  ([4m[1mVideo[22m[24m)[39m
Admin UI E2E (3, chrome)	Run Cypress	2025-01-06T11:18:49.4175278Z 
Admin UI E2E (3, chrome)	Run Cypress	2025-01-06T11:18:49.4176316Z   -  Video output: [36m/home/runner/work/keycloak/keycloak/js/apps/admin-ui/cypress/videos/clients_test.spec.ts.mp4[39m
Admin UI E2E (3, chrome)	Run Cypress	2025-01-06T11:18:49.4177119Z 
Admin UI E2E (3, chrome)	Run Cypress	2025-01-06T11:18:49.4177583Z 
Admin UI E2E (3, chrome)	Run Cypress	2025-01-06T11:18:49.4188848Z [90mâ”€[39m[90mâ”€[39m[90mâ”€[39m[90mâ”€[39m[90mâ”€[39m[90mâ”€[39m[90mâ”€[39m[90mâ”€[39m[90mâ”€[39m[90mâ”€[39m[90mâ”€[39m[90mâ”€[39m[90mâ”€[39m[90mâ”€[39m[90mâ”€[39m[90mâ”€[39m[90mâ”€[39m[90mâ”€[39m[90mâ”€[39m[90mâ”€[39m[90mâ”€[39m[90mâ”€[39m[90mâ”€[39m[90mâ”€[39m[90mâ”€[39m[90mâ”€[39m[90mâ”€[39m[90mâ”€[39m[90mâ”€[39m[90mâ”€[39m[90mâ”€[39m[90mâ”€[39m[90mâ”€[39m[90mâ”€[39m[90mâ”€[39m[90mâ”€[39m[90mâ”€[39m[90mâ”€[39m[90mâ”€[39m[90mâ”€[39m[90mâ”€[39m[90mâ”€[39m[90mâ”€[39m[90mâ”€[39m[90mâ”€[39m[90mâ”€[39m[90mâ”€[39m[90mâ”€[39m[90mâ”€[39m[90mâ”€[39m[90mâ”€[39m[90mâ”€[39m[90mâ”€[39m[90mâ”€[39m[90mâ”€[39m[90mâ”€[39m[90mâ”€[39m[90mâ”€[39m[90mâ”€[39m[90mâ”€[39m[90mâ”€[39m[90mâ”€[39m[90mâ”€[39m[90mâ”€[39m[90mâ”€[39m[90mâ”€[39m[90mâ”€[39m[90mâ”€[39m[90mâ”€[39m[90mâ”€[39m[90mâ”€[39m[90mâ”€[39m[90mâ”€[39m[90mâ”€[39m[90mâ”€[39m[90mâ”€[39m[90mâ”€[39m[90mâ”€[39m[90mâ”€[39m[90mâ”€[39m[90mâ”€[39m[90mâ”€[39m[90mâ”€[39m[90mâ”€[39m[90mâ”€[39m[90mâ”€[39m[90mâ”€[39m[90mâ”€[39m[90mâ”€[39m[90mâ”€[39m[90mâ”€[39m[90mâ”€[39m[90mâ”€[39m[90mâ”€[39m[90mâ”€[39m[90mâ”€[39m[90mâ”€[39m[90mâ”€[39m[90mâ”€[39m[90mâ”€[39m
Admin UI E2E (3, chrome)	Run Cypress	2025-01-06T11:18:49.4193461Z                                                                                                     
Admin UI E2E (3, chrome)	Run Cypress	2025-01-06T11:18:49.4194477Z   Running:  [90mmasthead_test.spec.ts[39m                                                           [90m(5 of 8)[39m
Admin UI E2E (3, chrome)	Run Cypress	2025-01-06T11:18:53.1371611Z 
Admin UI E2E (3, chrome)	Run Cypress	2025-01-06T11:18:53.1373757Z [0m[0m
Admin UI E2E (3, chrome)	Run Cypress	2025-01-06T11:18:53.1401863Z [0m  Masthead tests[0m
Admin UI E2E (3, chrome)	Run Cypress	2025-01-06T11:18:53.1403707Z [0m    Desktop view[0m
Admin UI E2E (3, chrome)	Run Cypress	2025-01-06T11:18:56.8623495Z     [32m  âœ“[0m[90m Go to account console and back to admin console[0m[90m (3720ms)[0m
Admin UI E2E (3, chrome)	Run Cypress	2025-01-06T11:18:58.7583052Z     [32m  âœ“[0m[90m Sign out reachs to log in screen[0m[90m (1863ms)[0m
Admin UI E2E (3, chrome)	Run Cypress	2025-01-06T11:19:02.9622358Z     [32m  âœ“[0m[90m Go to realm info[0m[90m (4162ms)[0m
Admin UI E2E (3, chrome)	Run Cypress	2025-01-06T11:19:04.3307040Z     [32m  âœ“[0m[90m Should go to documentation page[0m[90m (1336ms)[0m
Admin UI E2E (3, chrome)	Run Cypress	2025-01-06T11:19:06.1344307Z     [32m  âœ“[0m[90m Enable/disable help mode in desktop mode[0m[90m (1772ms)[0m
Admin UI E2E (3, chrome)	Run Cypress	2025-01-06T11:19:06.1438842Z [0m    Login works for unprivileged users[0m
Admin UI E2E (3, chrome)	Run Cypress	2025-01-06T11:19:11.4189427Z     [32m  âœ“[0m[90m Login without privileges to see admin console[0m[90m (4843ms)[0m
Admin UI E2E (3, chrome)	Run Cypress	2025-01-06T11:19:11.4275786Z [0m    Mobile view[0m
Admin UI E2E (3, chrome)	Run Cypress	2025-01-06T11:19:15.1784462Z     [32m  âœ“[0m[90m Mobile menu is shown when in mobile view[0m[90m (3727ms)[0m
Admin UI E2E (3, chrome)	Run Cypress	2025-01-06T11:19:17.2766001Z     [32m  âœ“[0m[90m Enable/disable help mode in mobile view[0m[90m (2047ms)[0m
Admin UI E2E (3, chrome)	Run Cypress	2025-01-06T11:19:17.2906219Z [0m    Accessibility tests for masthead[0m
Admin UI E2E (3, chrome)	Run Cypress	2025-01-06T11:19:20.3678985Z     [32m  âœ“[0m[90m Check a11y violations on load/ masthead[0m[90m (3047ms)[0m
Admin UI E2E (3, chrome)	Run Cypress	2025-01-06T11:19:20.3683727Z 
Admin UI E2E (3, chrome)	Run Cypress	2025-01-06T11:19:20.3861580Z 
Admin UI E2E (3, chrome)	Run Cypress	2025-01-06T11:19:20.3868555Z [92m [0m[32m 9 passing[0m[90m (27s)[0m
Admin UI E2E (3, chrome)	Run Cypress	2025-01-06T11:19:20.3869057Z 
Admin UI E2E (3, chrome)	Run Cypress	2025-01-06T11:19:21.4125578Z 
Admin UI E2E (3, chrome)	Run Cypress	2025-01-06T11:19:21.4126742Z [32m  ([4m[1mResults[22m[24m)[39m
Admin UI E2E (3, chrome)	Run Cypress	2025-01-06T11:19:21.4131502Z 
Admin UI E2E (3, chrome)	Run Cypress	2025-01-06T11:19:21.4142735Z [90m  â”Œ[39m[90mâ”€[39m[90mâ”€[39m[90mâ”€[39m[90mâ”€[39m[90mâ”€[39m[90mâ”€[39m[90mâ”€[39m[90mâ”€[39m[90mâ”€[39m[90mâ”€[39m[90mâ”€[39m[90mâ”€[39m[90mâ”€[39m[90mâ”€[39m[90mâ”€[39m[90mâ”€[39m[90mâ”€[39m[90mâ”€[39m[90mâ”€[39m[90mâ”€[39m[90mâ”€[39m[90mâ”€[39m[90mâ”€[39m[90mâ”€[39m[90mâ”€[39m[90mâ”€[39m[90mâ”€[39m[90mâ”€[39m[90mâ”€[39m[90mâ”€[39m[90mâ”€[39m[90mâ”€[39m[90mâ”€[39m[90mâ”€[39m[90mâ”€[39m[90mâ”€[39m[90mâ”€[39m[90mâ”€[39m[90mâ”€[39m[90mâ”€[39m[90mâ”€[39m[90mâ”€[39m[90mâ”€[39m[90mâ”€[39m[90mâ”€[39m[90mâ”€[39m[90mâ”€[39m[90mâ”€[39m[90mâ”€[39m[90mâ”€[39m[90mâ”€[39m[90mâ”€[39m[90mâ”€[39m[90mâ”€[39m[90mâ”€[39m[90mâ”€[39m[90mâ”€[39m[90mâ”€[39m[90mâ”€[39m[90mâ”€[39m[90mâ”€[39m[90mâ”€[39m[90mâ”€[39m[90mâ”€[39m[90mâ”€[39m[90mâ”€[39m[90mâ”€[39m[90mâ”€[39m[90mâ”€[39m[90mâ”€[39m[90mâ”€[39m[90mâ”€[39m[90mâ”€[39m[90mâ”€[39m[90mâ”€[39m[90mâ”€[39m[90mâ”€[39m[90mâ”€[39m[90mâ”€[39m[90mâ”€[39m[90mâ”€[39m[90mâ”€[39m[90mâ”€[39m[90mâ”€[39m[90mâ”€[39m[90mâ”€[39m[90mâ”€[39m[90mâ”€[39m[90mâ”€[39m[90mâ”€[39m[90mâ”€[39m[90mâ”€[39m[90mâ”€[39m[90mâ”€[39m[90mâ”€[39m[90mâ”€[39m[90mâ”[39m
Admin UI E2E (3, chrome)	Run Cypress	2025-01-06T11:19:21.4145775Z [90m  â”‚[39m [90mTests:[39m        [32m9[39m                                                                                [90mâ”‚[39m
Admin UI E2E (3, chrome)	Run Cypress	2025-01-06T11:19:21.4146484Z [90m  â”‚[39m [90mPassing:[39m      [32m9[39m                                                                                [90mâ”‚[39m
Admin UI E2E (3, chrome)	Run Cypress	2025-01-06T11:19:21.4147534Z [90m  â”‚[39m [90mFailing:[39m      [32m0[39m                                                                                [90mâ”‚[39m
Admin UI E2E (3, chrome)	Run Cypress	2025-01-06T11:19:21.4148626Z [90m  â”‚[39m [90mPending:[39m      [32m0[39m                                                                                [90mâ”‚[39m
Admin UI E2E (3, chrome)	Run Cypress	2025-01-06T11:19:21.4149795Z [90m  â”‚[39m [90mSkipped:[39m      [32m0[39m                                                                                [90mâ”‚[39m
Admin UI E2E (3, chrome)	Run Cypress	2025-01-06T11:19:21.4150766Z [90m  â”‚[39m [90mScreenshots:[39m  [32m0[39m                                                                                [90mâ”‚[39m
Admin UI E2E (3, chrome)	Run Cypress	2025-01-06T11:19:21.4151751Z [90m  â”‚[39m [90mVideo:[39m        [32mfalse[39m                                                                            [90mâ”‚[39m
Admin UI E2E (3, chrome)	Run Cypress	2025-01-06T11:19:21.4152742Z [90m  â”‚[39m [90mDuration:[39m     [32m27 seconds[39m                                                                       [90mâ”‚[39m
Admin UI E2E (3, chrome)	Run Cypress	2025-01-06T11:19:21.4154295Z [90m  â”‚[39m [90mSpec Ran:[39m     [32m[32mmasthead_test.spec.ts[32m[39m                                                            [90mâ”‚[39m
Admin UI E2E (3, chrome)	Run Cypress	2025-01-06T11:19:21.4161840Z [90m  â””[39m[90mâ”€[39m[90mâ”€[39m[90mâ”€[39m[90mâ”€[39m[90mâ”€[39m[90mâ”€[39m[90mâ”€[39m[90mâ”€[39m[90mâ”€[39m[90mâ”€[39m[90mâ”€[39m[90mâ”€[39m[90mâ”€[39m[90mâ”€[39m[90mâ”€[39m[90mâ”€[39m[90mâ”€[39m[90mâ”€[39m[90mâ”€[39m[90mâ”€[39m[90mâ”€[39m[90mâ”€[39m[90mâ”€[39m[90mâ”€[39m[90mâ”€[39m[90mâ”€[39m[90mâ”€[39m[90mâ”€[39m[90mâ”€[39m[90mâ”€[39m[90mâ”€[39m[90mâ”€[39m[90mâ”€[39m[90mâ”€[39m[90mâ”€[39m[90mâ”€[39m[90mâ”€[39m[90mâ”€[39m[90mâ”€[39m[90mâ”€[39m[90mâ”€[39m[90mâ”€[39m[90mâ”€[39m[90mâ”€[39m[90mâ”€[39m[90mâ”€[39m[90mâ”€[39m[90mâ”€[39m[90mâ”€[39m[90mâ”€[39m[90mâ”€[39m[90mâ”€[39m[90mâ”€[39m[90mâ”€[39m[90mâ”€[39m[90mâ”€[39m[90mâ”€[39m[90mâ”€[39m[90mâ”€[39m[90mâ”€[39m[90mâ”€[39m[90mâ”€[39m[90mâ”€[39m[90mâ”€[39m[90mâ”€[39m[90mâ”€[39m[90mâ”€[39m[90mâ”€[39m[90mâ”€[39m[90mâ”€[39m[90mâ”€[39m[90mâ”€[39m[90mâ”€[39m[90mâ”€[39m[90mâ”€[39m[90mâ”€[39m[90mâ”€[39m[90mâ”€[39m[90mâ”€[39m[90mâ”€[39m[90mâ”€[39m[90mâ”€[39m[90mâ”€[39m[90mâ”€[39m[90mâ”€[39m[90mâ”€[39m[90mâ”€[39m[90mâ”€[39m[90mâ”€[39m[90mâ”€[39m[90mâ”€[39m[90mâ”€[39m[90mâ”€[39m[90mâ”€[39m[90mâ”€[39m[90mâ”€[39m[90mâ”˜[39m
Admin UI E2E (3, chrome)	Run Cypress	2025-01-06T11:19:21.4165847Z 
Admin UI E2E (3, chrome)	Run Cypress	2025-01-06T11:19:21.4451685Z 
Admin UI E2E (3, chrome)	Run Cypress	2025-01-06T11:19:21.4463075Z [90mâ”€[39m[90mâ”€[39m[90mâ”€[39m[90mâ”€[39m[90mâ”€[39m[90mâ”€[39m[90mâ”€[39m[90mâ”€[39m[90mâ”€[39m[90mâ”€[39m[90mâ”€[39m[90mâ”€[39m[90mâ”€[39m[90mâ”€[39m[90mâ”€[39m[90mâ”€[39m[90mâ”€[39m[90mâ”€[39m[90mâ”€[39m[90mâ”€[39m[90mâ”€[39m[90mâ”€[39m[90mâ”€[39m[90mâ”€[39m[90mâ”€[39m[90mâ”€[39m[90mâ”€[39m[90mâ”€[39m[90mâ”€[39m[90mâ”€[39m[90mâ”€[39m[90mâ”€[39m[90mâ”€[39m[90mâ”€[39m[90mâ”€[39m[90mâ”€[39m[90mâ”€[39m[90mâ”€[39m[90mâ”€[39m[90mâ”€[39m[90mâ”€[39m[90mâ”€[39m[90mâ”€[39m[90mâ”€[39m[90mâ”€[39m[90mâ”€[39m[90mâ”€[39m[90mâ”€[39m[90mâ”€[39m[90mâ”€[39m[90mâ”€[39m[90mâ”€[39m[90mâ”€[39m[90mâ”€[39m[90mâ”€[39m[90mâ”€[39m[90mâ”€[39m[90mâ”€[39m[90mâ”€[39m[90mâ”€[39m[90mâ”€[39m[90mâ”€[39m[90mâ”€[39m[90mâ”€[39m[90mâ”€[39m[90mâ”€[39m[90mâ”€[39m[90mâ”€[39m[90mâ”€[39m[90mâ”€[39m[90mâ”€[39m[90mâ”€[39m[90mâ”€[39m[90mâ”€[39m[90mâ”€[39m[90mâ”€[39m[90mâ”€[39m[90mâ”€[39m[90mâ”€[39m[90mâ”€[39m[90mâ”€[39m[90mâ”€[39m[90mâ”€[39m[90mâ”€[39m[90mâ”€[39m[90mâ”€[39m[90mâ”€[39m[90mâ”€[39m[90mâ”€[39m[90mâ”€[39m[90mâ”€[39m[90mâ”€[39m[90mâ”€[39m[90mâ”€[39m[90mâ”€[39m[90mâ”€[39m[90mâ”€[39m[90mâ”€[39m[90mâ”€[39m[90mâ”€[39m
Admin UI E2E (3, chrome)	Run Cypress	2025-01-06T11:19:21.4466722Z                                                                                                     
Admin UI E2E (3, chrome)	Run Cypress	2025-01-06T11:19:21.4468687Z   Running:  [90mrealm_settings_general_tab_test.spec.ts[39m                                         [90m(6 of 8)[39m
Admin UI E2E (3, chrome)	Run Cypress	2025-01-06T11:19:25.5952344Z 
Admin UI E2E (3, chrome)	Run Cypress	2025-01-06T11:19:25.5954556Z [0m[0m
Admin UI E2E (3, chrome)	Run Cypress	2025-01-06T11:19:25.5983908Z [0m  Realm settings general tab tests[0m
Admin UI E2E (3, chrome)	Run Cypress	2025-01-06T11:19:31.1125322Z   [32m  âœ“[0m[90m Test all general tab switches[0m[90m (5491ms)[0m
Admin UI E2E (3, chrome)	Run Cypress	2025-01-06T11:19:34.3970919Z   [32m  âœ“[0m[90m Test realm enable/disable switch[0m[90m (3213ms)[0m
Admin UI E2E (3, chrome)	Run Cypress	2025-01-06T11:19:36.4443968Z   [32m  âœ“[0m[90m Fail to set Realm ID to empty[0m[90m (1997ms)[0m
Admin UI E2E (3, chrome)	Run Cypress	2025-01-06T11:19:39.1897391Z   [32m  âœ“[0m[90m Modify Display name[0m[90m (2702ms)[0m
Admin UI E2E (3, chrome)	Run Cypress	2025-01-06T11:19:41.3291630Z   [32m  âœ“[0m[90m Check Display name value[0m[90m (2077ms)[0m
Admin UI E2E (3, chrome)	Run Cypress	2025-01-06T11:19:43.8958283Z   [32m  âœ“[0m[90m Modify front end URL[0m[90m (2538ms)[0m
Admin UI E2E (3, chrome)	Run Cypress	2025-01-06T11:19:46.3999946Z   [32m  âœ“[0m[90m Select SSL all requests[0m[90m (2457ms)[0m
Admin UI E2E (3, chrome)	Run Cypress	2025-01-06T11:19:48.8120443Z   [32m  âœ“[0m[90m Verify SSL all requests displays[0m[90m (2371ms)[0m
Admin UI E2E (3, chrome)	Run Cypress	2025-01-06T11:19:51.3936259Z   [32m  âœ“[0m[90m Select SSL external requests[0m[90m (2516ms)[0m
Admin UI E2E (3, chrome)	Run Cypress	2025-01-06T11:19:53.4096586Z   [32m  âœ“[0m[90m Verify SSL external requests displays[0m[90m (1942ms)[0m
Admin UI E2E (3, chrome)	Run Cypress	2025-01-06T11:19:55.5675120Z   [32m  âœ“[0m[90m Select SSL None[0m[90m (2118ms)[0m
Admin UI E2E (3, chrome)	Run Cypress	2025-01-06T11:19:57.7621663Z   [32m  âœ“[0m[90m Verify SSL None displays[0m[90m (2133ms)[0m
Admin UI E2E (3, chrome)	Run Cypress	2025-01-06T11:19:59.8414278Z   [32m  âœ“[0m[90m Check Access Endpoints OpenID Endpoint Configuration link[0m[90m (2003ms)[0m
Admin UI E2E (3, chrome)	Run Cypress	2025-01-06T11:20:01.7202398Z   [32m  âœ“[0m[90m Access Endpoints OpenID Endpoint Configuration link[0m[90m (1861ms)[0m
Admin UI E2E (3, chrome)	Run Cypress	2025-01-06T11:20:03.9969527Z   [32m  âœ“[0m[90m Check if Access Endpoints SAML 2.0 Identity Provider Metadata link exists[0m[90m (2203ms)[0m
Admin UI E2E (3, chrome)	Run Cypress	2025-01-06T11:20:06.1096028Z   [32m  âœ“[0m[90m Access Endpoints SAML 2.0 Identity Provider Metadata link[0m[90m (2095ms)[0m
Admin UI E2E (3, chrome)	Run Cypress	2025-01-06T11:20:09.2953603Z   [32m  âœ“[0m[90m Verify 'Revert' button works[0m[90m (2711ms)[0m
Admin UI E2E (3, chrome)	Run Cypress	2025-01-06T11:20:09.2954978Z 
Admin UI E2E (3, chrome)	Run Cypress	2025-01-06T11:20:09.3148228Z 
Admin UI E2E (3, chrome)	Run Cypress	2025-01-06T11:20:09.3149640Z [92m [0m[32m 17 passing[0m[90m (44s)[0m
Admin UI E2E (3, chrome)	Run Cypress	2025-01-06T11:20:09.3150400Z 
Admin UI E2E (3, chrome)	Run Cypress	2025-01-06T11:20:10.3662350Z 
Admin UI E2E (3, chrome)	Run Cypress	2025-01-06T11:20:10.3664020Z [32m  ([4m[1mResults[22m[24m)[39m
Admin UI E2E (3, chrome)	Run Cypress	2025-01-06T11:20:10.3669146Z 
Admin UI E2E (3, chrome)	Run Cypress	2025-01-06T11:20:10.3682701Z [90m  â”Œ[39m[90mâ”€[39m[90mâ”€[39m[90mâ”€[39m[90mâ”€[39m[90mâ”€[39m[90mâ”€[39m[90mâ”€[39m[90mâ”€[39m[90mâ”€[39m[90mâ”€[39m[90mâ”€[39m[90mâ”€[39m[90mâ”€[39m[90mâ”€[39m[90mâ”€[39m[90mâ”€[39m[90mâ”€[39m[90mâ”€[39m[90mâ”€[39m[90mâ”€[39m[90mâ”€[39m[90mâ”€[39m[90mâ”€[39m[90mâ”€[39m[90mâ”€[39m[90mâ”€[39m[90mâ”€[39m[90mâ”€[39m[90mâ”€[39m[90mâ”€[39m[90mâ”€[39m[90mâ”€[39m[90mâ”€[39m[90mâ”€[39m[90mâ”€[39m[90mâ”€[39m[90mâ”€[39m[90mâ”€[39m[90mâ”€[39m[90mâ”€[39m[90mâ”€[39m[90mâ”€[39m[90mâ”€[39m[90mâ”€[39m[90mâ”€[39m[90mâ”€[39m[90mâ”€[39m[90mâ”€[39m[90mâ”€[39m[90mâ”€[39m[90mâ”€[39m[90mâ”€[39m[90mâ”€[39m[90mâ”€[39m[90mâ”€[39m[90mâ”€[39m[90mâ”€[39m[90mâ”€[39m[90mâ”€[39m[90mâ”€[39m[90mâ”€[39m[90mâ”€[39m[90mâ”€[39m[90mâ”€[39m[90mâ”€[39m[90mâ”€[39m[90mâ”€[39m[90mâ”€[39m[90mâ”€[39m[90mâ”€[39m[90mâ”€[39m[90mâ”€[39m[90mâ”€[39m[90mâ”€[39m[90mâ”€[39m[90mâ”€[39m[90mâ”€[39m[90mâ”€[39m[90mâ”€[39m[90mâ”€[39m[90mâ”€[39m[90mâ”€[39m[90mâ”€[39m[90mâ”€[39m[90mâ”€[39m[90mâ”€[39m[90mâ”€[39m[90mâ”€[39m[90mâ”€[39m[90mâ”€[39m[90mâ”€[39m[90mâ”€[39m[90mâ”€[39m[90mâ”€[39m[90mâ”€[39m[90mâ”€[39m[90mâ”[39m
Admin UI E2E (3, chrome)	Run Cypress	2025-01-06T11:20:10.3685604Z [90m  â”‚[39m [90mTests:[39m        [32m17[39m                                                                               [90mâ”‚[39m
Admin UI E2E (3, chrome)	Run Cypress	2025-01-06T11:20:10.3686324Z [90m  â”‚[39m [90mPassing:[39m      [32m17[39m                                                                               [90mâ”‚[39m
Admin UI E2E (3, chrome)	Run Cypress	2025-01-06T11:20:10.3686999Z [90m  â”‚[39m [90mFailing:[39m      [32m0[39m                                                                                [90mâ”‚[39m
Admin UI E2E (3, chrome)	Run Cypress	2025-01-06T11:20:10.3687659Z [90m  â”‚[39m [90mPending:[39m      [32m0[39m                                                                                [90mâ”‚[39m
Admin UI E2E (3, chrome)	Run Cypress	2025-01-06T11:20:10.3688447Z [90m  â”‚[39m [90mSkipped:[39m      [32m0[39m                                                                                [90mâ”‚[39m
Admin UI E2E (3, chrome)	Run Cypress	2025-01-06T11:20:10.3689424Z [90m  â”‚[39m [90mScreenshots:[39m  [32m0[39m                                                                                [90mâ”‚[39m
Admin UI E2E (3, chrome)	Run Cypress	2025-01-06T11:20:10.3690137Z [90m  â”‚[39m [90mVideo:[39m        [32mfalse[39m                                                                            [90mâ”‚[39m
Admin UI E2E (3, chrome)	Run Cypress	2025-01-06T11:20:10.3691196Z [90m  â”‚[39m [90mDuration:[39m     [32m43 seconds[39m                                                                       [90mâ”‚[39m
Admin UI E2E (3, chrome)	Run Cypress	2025-01-06T11:20:10.3692040Z [90m  â”‚[39m [90mSpec Ran:[39m     [32m[32mrealm_settings_general_tab_test.spec.ts[32m[39m                                          [90mâ”‚[39m
Admin UI E2E (3, chrome)	Run Cypress	2025-01-06T11:20:10.3698341Z [90m  â””[39m[90mâ”€[39m[90mâ”€[39m[90mâ”€[39m[90mâ”€[39m[90mâ”€[39m[90mâ”€[39m[90mâ”€[39m[90mâ”€[39m[90mâ”€[39m[90mâ”€[39m[90mâ”€[39m[90mâ”€[39m[90mâ”€[39m[90mâ”€[39m[90mâ”€[39m[90mâ”€[39m[90mâ”€[39m[90mâ”€[39m[90mâ”€[39m[90mâ”€[39m[90mâ”€[39m[90mâ”€[39m[90mâ”€[39m[90mâ”€[39m[90mâ”€[39m[90mâ”€[39m[90mâ”€[39m[90mâ”€[39m[90mâ”€[39m[90mâ”€[39m[90mâ”€[39m[90mâ”€[39m[90mâ”€[39m[90mâ”€[39m[90mâ”€[39m[90mâ”€[39m[90mâ”€[39m[90mâ”€[39m[90mâ”€[39m[90mâ”€[39m[90mâ”€[39m[90mâ”€[39m[90mâ”€[39m[90mâ”€[39m[90mâ”€[39m[90mâ”€[39m[90mâ”€[39m[90mâ”€[39m[90mâ”€[39m[90mâ”€[39m[90mâ”€[39m[90mâ”€[39m[90mâ”€[39m[90mâ”€[39m[90mâ”€[39m[90mâ”€[39m[90mâ”€[39m[90mâ”€[39m[90mâ”€[39m[90mâ”€[39m[90mâ”€[39m[90mâ”€[39m[90mâ”€[39m[90mâ”€[39m[90mâ”€[39m[90mâ”€[39m[90mâ”€[39m[90mâ”€[39m[90mâ”€[39m[90mâ”€[39m[90mâ”€[39m[90mâ”€[39m[90mâ”€[39m[90mâ”€[39m[90mâ”€[39m[90mâ”€[39m[90mâ”€[39m[90mâ”€[39m[90mâ”€[39m[90mâ”€[39m[90mâ”€[39m[90mâ”€[39m[90mâ”€[39m[90mâ”€[39m[90mâ”€[39m[90mâ”€[39m[90mâ”€[39m[90mâ”€[39m[90mâ”€[39m[90mâ”€[39m[90mâ”€[39m[90mâ”€[39m[90mâ”€[39m[90mâ”€[39m[90mâ”€[39m[90mâ”€[39m[90mâ”˜[39m
Admin UI E2E (3, chrome)	Run Cypress	2025-01-06T11:20:10.3702004Z 
Admin UI E2E (3, chrome)	Run Cypress	2025-01-06T11:20:10.4012586Z 
Admin UI E2E (3, chrome)	Run Cypress	2025-01-06T11:20:10.4024083Z [90mâ”€[39m[90mâ”€[39m[90mâ”€[39m[90mâ”€[39m[90mâ”€[39m[90mâ”€[39m[90mâ”€[39m[90mâ”€[39m[90mâ”€[39m[90mâ”€[39m[90mâ”€[39m[90mâ”€[39m[90mâ”€[39m[90mâ”€[39m[90mâ”€[39m[90mâ”€[39m[90mâ”€[39m[90mâ”€[39m[90mâ”€[39m[90mâ”€[39m[90mâ”€[39m[90mâ”€[39m[90mâ”€[39m[90mâ”€[39m[90mâ”€[39m[90mâ”€[39m[90mâ”€[39m[90mâ”€[39m[90mâ”€[39m[90mâ”€[39m[90mâ”€[39m[90mâ”€[39m[90mâ”€[39m[90mâ”€[39m[90mâ”€[39m[90mâ”€[39m[90mâ”€[39m[90mâ”€[39m[90mâ”€[39m[90mâ”€[39m[90mâ”€[39m[90mâ”€[39m[90mâ”€[39m[90mâ”€[39m[90mâ”€[39m[90mâ”€[39m[90mâ”€[39m[90mâ”€[39m[90mâ”€[39m[90mâ”€[39m[90mâ”€[39m[90mâ”€[39m[90mâ”€[39m[90mâ”€[39m[90mâ”€[39m[90mâ”€[39m[90mâ”€[39m[90mâ”€[39m[90mâ”€[39m[90mâ”€[39m[90mâ”€[39m[90mâ”€[39m[90mâ”€[39m[90mâ”€[39m[90mâ”€[39m[90mâ”€[39m[90mâ”€[39m[90mâ”€[39m[90mâ”€[39m[90mâ”€[39m[90mâ”€[39m[90mâ”€[39m[90mâ”€[39m[90mâ”€[39m[90mâ”€[39m[90mâ”€[39m[90mâ”€[39m[90mâ”€[39m[90mâ”€[39m[90mâ”€[39m[90mâ”€[39m[90mâ”€[39m[90mâ”€[39m[90mâ”€[39m[90mâ”€[39m[90mâ”€[39m[90mâ”€[39m[90mâ”€[39m[90mâ”€[39m[90mâ”€[39m[90mâ”€[39m[90mâ”€[39m[90mâ”€[39m[90mâ”€[39m[90mâ”€[39m[90mâ”€[39m[90mâ”€[39m[90mâ”€[39m[90mâ”€[39m[90mâ”€[39m
Admin UI E2E (3, chrome)	Run Cypress	2025-01-06T11:20:10.4028509Z                                                                                                     
Admin UI E2E (3, chrome)	Run Cypress	2025-01-06T11:20:10.4029553Z   Running:  [90mclient_scopes_test.spec.ts[39m                                                      [90m(7 of 8)[39m
Admin UI E2E (3, chrome)	Run Cypress	2025-01-06T11:20:14.6533103Z 
Admin UI E2E (3, chrome)	Run Cypress	2025-01-06T11:20:14.6538641Z [0m[0m
Admin UI E2E (3, chrome)	Run Cypress	2025-01-06T11:20:14.6654240Z [0m  Client Scopes test[0m
Admin UI E2E (3, chrome)	Run Cypress	2025-01-06T11:20:15.4770895Z [0m    Client Scope filter list items[0m
Admin UI E2E (3, chrome)	Run Cypress	2025-01-06T11:20:20.7109802Z     [32m  âœ“[0m[90m should filter item by name[0m[90m (5976ms)[0m
Admin UI E2E (3, chrome)	Run Cypress	2025-01-06T11:20:23.3009554Z     [32m  âœ“[0m[90m should filter items by Assigned type All types[0m[90m (2492ms)[0m
Admin UI E2E (3, chrome)	Run Cypress	2025-01-06T11:20:25.1298385Z     [32m  âœ“[0m[90m should filter items by Assigned type Default[0m[90m (1788ms)[0m
Admin UI E2E (3, chrome)	Run Cypress	2025-01-06T11:20:27.3694867Z     [32m  âœ“[0m[90m should filter items by Assigned type Optional[0m[90m (2142ms)[0m
Admin UI E2E (3, chrome)	Run Cypress	2025-01-06T11:20:29.3795704Z     [32m  âœ“[0m[90m should filter items by Protocol All[0m[90m (1988ms)[0m
Admin UI E2E (3, chrome)	Run Cypress	2025-01-06T11:20:31.1954942Z     [32m  âœ“[0m[90m should filter items by Protocol SAML[0m[90m (1778ms)[0m
Admin UI E2E (3, chrome)	Run Cypress	2025-01-06T11:20:33.0632178Z     [32m  âœ“[0m[90m should filter items by Protocol OpenID[0m[90m (1838ms)[0m
Admin UI E2E (3, chrome)	Run Cypress	2025-01-06T11:20:34.8491492Z     [32m  âœ“[0m[90m should show items on next page are more than 11[0m[90m (1723ms)[0m
Admin UI E2E (3, chrome)	Run Cypress	2025-01-06T11:20:34.8656407Z [0m    Client Scope modify list items[0m
Admin UI E2E (3, chrome)	Run Cypress	2025-01-06T11:20:36.7987689Z     [32m  âœ“[0m[90m should modify selected item type to Default from search bar[0m[90m (1911ms)[0m
Admin UI E2E (3, chrome)	Run Cypress	2025-01-06T11:20:39.2324954Z     [32m  âœ“[0m[90m should modify selected item type to Optional from search bar[0m[90m (2320ms)[0m
Admin UI E2E (3, chrome)	Run Cypress	2025-01-06T11:20:44.6194116Z     [32m  âœ“[0m[90m should modify item client-scope-test0 AssignedType to Default from item bar[0m[90m (5305ms)[0m
Admin UI E2E (3, chrome)	Run Cypress	2025-01-06T11:20:49.8824483Z     [32m  âœ“[0m[90m should modify item client-scope-test0 AssignedType to Optional from item bar[0m[90m (5189ms)[0m
Admin UI E2E (3, chrome)	Run Cypress	2025-01-06T11:20:55.3772043Z     [32m  âœ“[0m[90m should modify item client-scope-test0 AssignedType to None from item bar[0m[90m (5418ms)[0m
Admin UI E2E (3, chrome)	Run Cypress	2025-01-06T11:20:58.5276624Z     [32m  âœ“[0m[90m should not allow to modify item AssignedType from search bar when no item selected[0m[90m (3072ms)[0m
Admin UI E2E (3, chrome)	Run Cypress	2025-01-06T11:20:58.5438242Z [0m    Client Scope delete list items [0m
Admin UI E2E (3, chrome)	Run Cypress	2025-01-06T11:21:00.5827435Z     [32m  âœ“[0m[90m should delete item from item bar[0m[90m (2011ms)[0m
Admin UI E2E (3, chrome)	Run Cypress	2025-01-06T11:21:02.9296866Z     [32m  âœ“[0m[90m should delete selected item from search bar[0m[90m (2287ms)[0m
Admin UI E2E (3, chrome)	Run Cypress	2025-01-06T11:21:05.9136728Z     [32m  âœ“[0m[90m should delete multiple selected items from search bar[0m[90m (2866ms)[0m
Admin UI E2E (3, chrome)	Run Cypress	2025-01-06T11:21:05.9273761Z [0m    Client Scope creation[0m
Admin UI E2E (3, chrome)	Run Cypress	2025-01-06T11:21:08.5158474Z     [32m  âœ“[0m[90m should fail creating client scope[0m[90m (2532ms)[0m
Admin UI E2E (3, chrome)	Run Cypress	2025-01-06T11:21:10.2646725Z     [32m  âœ“[0m[90m hides 'consent text' field when 'display consent' switch is disabled[0m[90m (1713ms)[0m
Admin UI E2E (3, chrome)	Run Cypress	2025-01-06T11:21:15.9433645Z     [32m  âœ“[0m[90m Client scope CRUD test[0m[90m (5585ms)[0m
Admin UI E2E (3, chrome)	Run Cypress	2025-01-06T11:21:15.9618242Z [0m    Scope tab test[0m
Admin UI E2E (3, chrome)	Run Cypress	2025-01-06T11:21:19.7877925Z     [32m  âœ“[0m[90m Assign and unassign role[0m[90m (3780ms)[0m
Admin UI E2E (3, chrome)	Run Cypress	2025-01-06T11:21:19.8224454Z [0m    Mappers tab test[0m
Admin UI E2E (3, chrome)	Run Cypress	2025-01-06T11:21:28.4512725Z     [32m  âœ“[0m[90m CRUD mappers[0m[90m (8599ms)[0m
Admin UI E2E (3, chrome)	Run Cypress	2025-01-06T11:21:28.4629318Z [0m    Accessibility tests for client scopes[0m
Admin UI E2E (3, chrome)	Run Cypress	2025-01-06T11:21:30.5545949Z     [32m  âœ“[0m[90m Check a11y violations on load/ client scopes[0m[90m (2080ms)[0m
Admin UI E2E (3, chrome)	Run Cypress	2025-01-06T11:21:32.7014268Z     [32m  âœ“[0m[90m Check a11y violations on empty client scope[0m[90m (2110ms)[0m
Admin UI E2E (3, chrome)	Run Cypress	2025-01-06T11:21:43.1708904Z     [32m  âœ“[0m[90m Check a11y violations on client scope details[0m[90m (9554ms)[0m
Admin UI E2E (3, chrome)	Run Cypress	2025-01-06T11:21:43.1709683Z 
Admin UI E2E (3, chrome)	Run Cypress	2025-01-06T11:21:43.1932648Z 
Admin UI E2E (3, chrome)	Run Cypress	2025-01-06T11:21:43.1933903Z [92m [0m[32m 25 passing[0m[90m (1m)[0m
Admin UI E2E (3, chrome)	Run Cypress	2025-01-06T11:21:43.1934349Z 
Admin UI E2E (3, chrome)	Run Cypress	2025-01-06T11:21:44.2371844Z 
Admin UI E2E (3, chrome)	Run Cypress	2025-01-06T11:21:44.2373384Z [32m  ([4m[1mResults[22m[24m)[39m
Admin UI E2E (3, chrome)	Run Cypress	2025-01-06T11:21:44.2378878Z 
Admin UI E2E (3, chrome)	Run Cypress	2025-01-06T11:21:44.2390940Z [90m  â”Œ[39m[90mâ”€[39m[90mâ”€[39m[90mâ”€[39m[90mâ”€[39m[90mâ”€[39m[90mâ”€[39m[90mâ”€[39m[90mâ”€[39m[90mâ”€[39m[90mâ”€[39m[90mâ”€[39m[90mâ”€[39m[90mâ”€[39m[90mâ”€[39m[90mâ”€[39m[90mâ”€[39m[90mâ”€[39m[90mâ”€[39m[90mâ”€[39m[90mâ”€[39m[90mâ”€[39m[90mâ”€[39m[90mâ”€[39m[90mâ”€[39m[90mâ”€[39m[90mâ”€[39m[90mâ”€[39m[90mâ”€[39m[90mâ”€[39m[90mâ”€[39m[90mâ”€[39m[90mâ”€[39m[90mâ”€[39m[90mâ”€[39m[90mâ”€[39m[90mâ”€[39m[90mâ”€[39m[90mâ”€[39m[90mâ”€[39m[90mâ”€[39m[90mâ”€[39m[90mâ”€[39m[90mâ”€[39m[90mâ”€[39m[90mâ”€[39m[90mâ”€[39m[90mâ”€[39m[90mâ”€[39m[90mâ”€[39m[90mâ”€[39m[90mâ”€[39m[90mâ”€[39m[90mâ”€[39m[90mâ”€[39m[90mâ”€[39m[90mâ”€[39m[90mâ”€[39m[90mâ”€[39m[90mâ”€[39m[90mâ”€[39m[90mâ”€[39m[90mâ”€[39m[90mâ”€[39m[90mâ”€[39m[90mâ”€[39m[90mâ”€[39m[90mâ”€[39m[90mâ”€[39m[90mâ”€[39m[90mâ”€[39m[90mâ”€[39m[90mâ”€[39m[90mâ”€[39m[90mâ”€[39m[90mâ”€[39m[90mâ”€[39m[90mâ”€[39m[90mâ”€[39m[90mâ”€[39m[90mâ”€[39m[90mâ”€[39m[90mâ”€[39m[90mâ”€[39m[90mâ”€[39m[90mâ”€[39m[90mâ”€[39m[90mâ”€[39m[90mâ”€[39m[90mâ”€[39m[90mâ”€[39m[90mâ”€[39m[90mâ”€[39m[90mâ”€[39m[90mâ”€[39m[90mâ”€[39m[90mâ”€[39m[90mâ”[39m
Admin UI E2E (3, chrome)	Run Cypress	2025-01-06T11:21:44.2393702Z [90m  â”‚[39m [90mTests:[39m        [32m25[39m                                                                               [90mâ”‚[39m
Admin UI E2E (3, chrome)	Run Cypress	2025-01-06T11:21:44.2394415Z [90m  â”‚[39m [90mPassing:[39m      [32m25[39m                                                                               [90mâ”‚[39m
Admin UI E2E (3, chrome)	Run Cypress	2025-01-06T11:21:44.2395440Z [90m  â”‚[39m [90mFailing:[39m      [32m0[39m                                                                                [90mâ”‚[39m
Admin UI E2E (3, chrome)	Run Cypress	2025-01-06T11:21:44.2396209Z [90m  â”‚[39m [90mPending:[39m      [32m0[39m                                                                                [90mâ”‚[39m
Admin UI E2E (3, chrome)	Run Cypress	2025-01-06T11:21:44.2397172Z [90m  â”‚[39m [90mSkipped:[39m      [32m0[39m                                                                                [90mâ”‚[39m
Admin UI E2E (3, chrome)	Run Cypress	2025-01-06T11:21:44.2398168Z [90m  â”‚[39m [90mScreenshots:[39m  [32m0[39m                                                                                [90mâ”‚[39m
Admin UI E2E (3, chrome)	Run Cypress	2025-01-06T11:21:44.2398869Z [90m  â”‚[39m [90mVideo:[39m        [32mfalse[39m                                                                            [90mâ”‚[39m
Admin UI E2E (3, chrome)	Run Cypress	2025-01-06T11:21:44.2399970Z [90m  â”‚[39m [90mDuration:[39m     [32m1 minute, 28 seconds[39m                                                             [90mâ”‚[39m
Admin UI E2E (3, chrome)	Run Cypress	2025-01-06T11:21:44.2401472Z [90m  â”‚[39m [90mSpec Ran:[39m     [32m[32mclient_scopes_test.spec.ts[32m[39m                                                       [90mâ”‚[39m
Admin UI E2E (3, chrome)	Run Cypress	2025-01-06T11:21:44.2408416Z [90m  â””[39m[90mâ”€[39m[90mâ”€[39m[90mâ”€[39m[90mâ”€[39m[90mâ”€[39m[90mâ”€[39m[90mâ”€[39m[90mâ”€[39m[90mâ”€[39m[90mâ”€[39m[90mâ”€[39m[90mâ”€[39m[90mâ”€[39m[90mâ”€[39m[90mâ”€[39m[90mâ”€[39m[90mâ”€[39m[90mâ”€[39m[90mâ”€[39m[90mâ”€[39m[90mâ”€[39m[90mâ”€[39m[90mâ”€[39m[90mâ”€[39m[90mâ”€[39m[90mâ”€[39m[90mâ”€[39m[90mâ”€[39m[90mâ”€[39m[90mâ”€[39m[90mâ”€[39m[90mâ”€[39m[90mâ”€[39m[90mâ”€[39m[90mâ”€[39m[90mâ”€[39m[90mâ”€[39m[90mâ”€[39m[90mâ”€[39m[90mâ”€[39m[90mâ”€[39m[90mâ”€[39m[90mâ”€[39m[90mâ”€[39m[90mâ”€[39m[90mâ”€[39m[90mâ”€[39m[90mâ”€[39m[90mâ”€[39m[90mâ”€[39m[90mâ”€[39m[90mâ”€[39m[90mâ”€[39m[90mâ”€[39m[90mâ”€[39m[90mâ”€[39m[90mâ”€[39m[90mâ”€[39m[90mâ”€[39m[90mâ”€[39m[90mâ”€[39m[90mâ”€[39m[90mâ”€[39m[90mâ”€[39m[90mâ”€[39m[90mâ”€[39m[90mâ”€[39m[90mâ”€[39m[90mâ”€[39m[90mâ”€[39m[90mâ”€[39m[90mâ”€[39m[90mâ”€[39m[90mâ”€[39m[90mâ”€[39m[90mâ”€[39m[90mâ”€[39m[90mâ”€[39m[90mâ”€[39m[90mâ”€[39m[90mâ”€[39m[90mâ”€[39m[90mâ”€[39m[90mâ”€[39m[90mâ”€[39m[90mâ”€[39m[90mâ”€[39m[90mâ”€[39m[90mâ”€[39m[90mâ”€[39m[90mâ”€[39m[90mâ”€[39m[90mâ”€[39m[90mâ”€[39m[90mâ”€[39m[90mâ”€[39m[90mâ”˜[39m
Admin UI E2E (3, chrome)	Run Cypress	2025-01-06T11:21:44.2412020Z 
Admin UI E2E (3, chrome)	Run Cypress	2025-01-06T11:21:44.2714435Z 
Admin UI E2E (3, chrome)	Run Cypress	2025-01-06T11:21:44.2727137Z [90mâ”€[39m[90mâ”€[39m[90mâ”€[39m[90mâ”€[39m[90mâ”€[39m[90mâ”€[39m[90mâ”€[39m[90mâ”€[39m[90mâ”€[39m[90mâ”€[39m[90mâ”€[39m[90mâ”€[39m[90mâ”€[39m[90mâ”€[39m[90mâ”€[39m[90mâ”€[39m[90mâ”€[39m[90mâ”€[39m[90mâ”€[39m[90mâ”€[39m[90mâ”€[39m[90mâ”€[39m[90mâ”€[39m[90mâ”€[39m[90mâ”€[39m[90mâ”€[39m[90mâ”€[39m[90mâ”€[39m[90mâ”€[39m[90mâ”€[39m[90mâ”€[39m[90mâ”€[39m[90mâ”€[39m[90mâ”€[39m[90mâ”€[39m[90mâ”€[39m[90mâ”€[39m[90mâ”€[39m[90mâ”€[39m[90mâ”€[39m[90mâ”€[39m[90mâ”€[39m[90mâ”€[39m[90mâ”€[39m[90mâ”€[39m[90mâ”€[39m[90mâ”€[39m[90mâ”€[39m[90mâ”€[39m[90mâ”€[39m[90mâ”€[39m[90mâ”€[39m[90mâ”€[39m[90mâ”€[39m[90mâ”€[39m[90mâ”€[39m[90mâ”€[39m[90mâ”€[39m[90mâ”€[39m[90mâ”€[39m[90mâ”€[39m[90mâ”€[39m[90mâ”€[39m[90mâ”€[39m[90mâ”€[39m[90mâ”€[39m[90mâ”€[39m[90mâ”€[39m[90mâ”€[39m[90mâ”€[39m[90mâ”€[39m[90mâ”€[39m[90mâ”€[39m[90mâ”€[39m[90mâ”€[39m[90mâ”€[39m[90mâ”€[39m[90mâ”€[39m[90mâ”€[39m[90mâ”€[39m[90mâ”€[39m[90mâ”€[39m[90mâ”€[39m[90mâ”€[39m[90mâ”€[39m[90mâ”€[39m[90mâ”€[39m[90mâ”€[39m[90mâ”€[39m[90mâ”€[39m[90mâ”€[39m[90mâ”€[39m[90mâ”€[39m[90mâ”€[39m[90mâ”€[39m[90mâ”€[39m[90mâ”€[39m[90mâ”€[39m[90mâ”€[39m[90mâ”€[39m
Admin UI E2E (3, chrome)	Run Cypress	2025-01-06T11:21:44.2731791Z                                                                                                     
Admin UI E2E (3, chrome)	Run Cypress	2025-01-06T11:21:44.2733185Z   Running:  [90mrealm_settings_events_test.spec.ts[39m                                              [90m(8 of 8)[39m
Admin UI E2E (3, chrome)	Run Cypress	2025-01-06T11:21:48.4382247Z 
Admin UI E2E (3, chrome)	Run Cypress	2025-01-06T11:21:48.4384621Z [0m[0m
Admin UI E2E (3, chrome)	Run Cypress	2025-01-06T11:21:48.4416802Z [0m  Realm settings events tab tests[0m
Admin UI E2E (3, chrome)	Run Cypress	2025-01-06T11:21:57.6942189Z   [32m  âœ“[0m[90m Enable user events[0m[90m (9175ms)[0m
Admin UI E2E (3, chrome)	Run Cypress	2025-01-06T11:21:59.9585704Z   [32m  âœ“[0m[90m Go to keys tab[0m[90m (2181ms)[0m
Admin UI E2E (3, chrome)	Run Cypress	2025-01-06T11:22:07.0475741Z   [32m  âœ“[0m[90m add Providers[0m[90m (7051ms)[0m
Admin UI E2E (3, chrome)	Run Cypress	2025-01-06T11:22:10.1782015Z   [32m  âœ“[0m[90m search providers[0m[90m (3084ms)[0m
Admin UI E2E (3, chrome)	Run Cypress	2025-01-06T11:22:15.8375908Z   [32m  âœ“[0m[90m go to details[0m[90m (5594ms)[0m
Admin UI E2E (3, chrome)	Run Cypress	2025-01-06T11:22:18.1993891Z   [32m  âœ“[0m[90m Test keys[0m[90m (2330ms)[0m
Admin UI E2E (3, chrome)	Run Cypress	2025-01-06T11:22:18.2122488Z   [36m  - Should search active keys[0m
Admin UI E2E (3, chrome)	Run Cypress	2025-01-06T11:22:21.1975264Z   [32m  âœ“[0m[90m Should search passive keys[0m[90m (2906ms)[0m
Admin UI E2E (3, chrome)	Run Cypress	2025-01-06T11:22:23.6056490Z   [32m  âœ“[0m[90m Should search disabled keys[0m[90m (2406ms)[0m
Admin UI E2E (3, chrome)	Run Cypress	2025-01-06T11:22:26.4057501Z   [32m  âœ“[0m[90m delete provider[0m[90m (2732ms)[0m
Admin UI E2E (3, chrome)	Run Cypress	2025-01-06T11:22:29.0356091Z   [32m  âœ“[0m[90m list keys[0m[90m (2593ms)[0m
Admin UI E2E (3, chrome)	Run Cypress	2025-01-06T11:22:31.6754589Z   [32m  âœ“[0m[90m Realm header settings[0m[90m (2568ms)[0m
Admin UI E2E (3, chrome)	Run Cypress	2025-01-06T11:22:35.1439618Z   [32m  âœ“[0m[90m Brute force detection[0m[90m (3411ms)[0m
Admin UI E2E (3, chrome)	Run Cypress	2025-01-06T11:22:42.0688914Z   [32m  âœ“[0m[90m add session data[0m[90m (6786ms)[0m
Admin UI E2E (3, chrome)	Run Cypress	2025-01-06T11:22:44.2198997Z   [32m  âœ“[0m[90m check that sessions data was saved[0m[90m (2086ms)[0m
Admin UI E2E (3, chrome)	Run Cypress	2025-01-06T11:22:52.0217972Z   [32m  âœ“[0m[90m add token data[0m[90m (7738ms)[0m
Admin UI E2E (3, chrome)	Run Cypress	2025-01-06T11:22:54.5178026Z   [32m  âœ“[0m[90m check that token data was saved[0m[90m (1958ms)[0m
Admin UI E2E (3, chrome)	Run Cypress	2025-01-06T11:22:54.5332328Z 
Admin UI E2E (3, chrome)	Run Cypress	2025-01-06T11:22:54.5344450Z [0m  Realm settings events tab tests[0m
Admin UI E2E (3, chrome)	Run Cypress	2025-01-06T11:22:56.5902707Z   [32m  âœ“[0m[90m Should display event listeners form[0m[90m (1993ms)[0m
Admin UI E2E (3, chrome)	Run Cypress	2025-01-06T11:22:58.9317018Z   [32m  âœ“[0m[90m Should revert saving event listener[0m[90m (2293ms)[0m
Admin UI E2E (3, chrome)	Run Cypress	2025-01-06T11:23:01.0247144Z   [32m  âœ“[0m[90m Should save event listener[0m[90m (2057ms)[0m
Admin UI E2E (3, chrome)	Run Cypress	2025-01-06T11:23:03.3988861Z   [32m  âœ“[0m[90m Should remove event from event listener[0m[90m (2309ms)[0m
Admin UI E2E (3, chrome)	Run Cypress	2025-01-06T11:23:06.5105238Z   [32m  âœ“[0m[90m Should remove all events from event listener and re-save original[0m[90m (2962ms)[0m
Admin UI E2E (3, chrome)	Run Cypress	2025-01-06T11:23:06.5106490Z 
Admin UI E2E (3, chrome)	Run Cypress	2025-01-06T11:23:06.5348875Z 
Admin UI E2E (3, chrome)	Run Cypress	2025-01-06T11:23:06.5351362Z [92m [0m[32m 21 passing[0m[90m (1m)[0m
Admin UI E2E (3, chrome)	Run Cypress	2025-01-06T11:23:06.5352375Z [36m [0m[36m 1 pending[0m
Admin UI E2E (3, chrome)	Run Cypress	2025-01-06T11:23:06.5353646Z 
Admin UI E2E (3, chrome)	Run Cypress	2025-01-06T11:23:07.5657410Z 
Admin UI E2E (3, chrome)	Run Cypress	2025-01-06T11:23:07.5658910Z [32m  ([4m[1mResults[22m[24m)[39m
Admin UI E2E (3, chrome)	Run Cypress	2025-01-06T11:23:07.5665174Z 
Admin UI E2E (3, chrome)	Run Cypress	2025-01-06T11:23:07.5678611Z [90m  â”Œ[39m[90mâ”€[39m[90mâ”€[39m[90mâ”€[39m[90mâ”€[39m[90mâ”€[39m[90mâ”€[39m[90mâ”€[39m[90mâ”€[39m[90mâ”€[39m[90mâ”€[39m[90mâ”€[39m[90mâ”€[39m[90mâ”€[39m[90mâ”€[39m[90mâ”€[39m[90mâ”€[39m[90mâ”€[39m[90mâ”€[39m[90mâ”€[39m[90mâ”€[39m[90mâ”€[39m[90mâ”€[39m[90mâ”€[39m[90mâ”€[39m[90mâ”€[39m[90mâ”€[39m[90mâ”€[39m[90mâ”€[39m[90mâ”€[39m[90mâ”€[39m[90mâ”€[39m[90mâ”€[39m[90mâ”€[39m[90mâ”€[39m[90mâ”€[39m[90mâ”€[39m[90mâ”€[39m[90mâ”€[39m[90mâ”€[39m[90mâ”€[39m[90mâ”€[39m[90mâ”€[39m[90mâ”€[39m[90mâ”€[39m[90mâ”€[39m[90mâ”€[39m[90mâ”€[39m[90mâ”€[39m[90mâ”€[39m[90mâ”€[39m[90mâ”€[39m[90mâ”€[39m[90mâ”€[39m[90mâ”€[39m[90mâ”€[39m[90mâ”€[39m[90mâ”€[39m[90mâ”€[39m[90mâ”€[39m[90mâ”€[39m[90mâ”€[39m[90mâ”€[39m[90mâ”€[39m[90mâ”€[39m[90mâ”€[39m[90mâ”€[39m[90mâ”€[39m[90mâ”€[39m[90mâ”€[39m[90mâ”€[39m[90mâ”€[39m[90mâ”€[39m[90mâ”€[39m[90mâ”€[39m[90mâ”€[39m[90mâ”€[39m[90mâ”€[39m[90mâ”€[39m[90mâ”€[39m[90mâ”€[39m[90mâ”€[39m[90mâ”€[39m[90mâ”€[39m[90mâ”€[39m[90mâ”€[39m[90mâ”€[39m[90mâ”€[39m[90mâ”€[39m[90mâ”€[39m[90mâ”€[39m[90mâ”€[39m[90mâ”€[39m[90mâ”€[39m[90mâ”€[39m[90mâ”€[39m[90mâ”€[39m[90mâ”[39m
Admin UI E2E (3, chrome)	Run Cypress	2025-01-06T11:23:07.5683334Z [90m  â”‚[39m [90mTests:[39m        [32m22[39m                                                                               [90mâ”‚[39m
Admin UI E2E (3, chrome)	Run Cypress	2025-01-06T11:23:07.5684537Z [90m  â”‚[39m [90mPassing:[39m      [32m21[39m                                                                               [90mâ”‚[39m
Admin UI E2E (3, chrome)	Run Cypress	2025-01-06T11:23:07.5685708Z [90m  â”‚[39m [90mFailing:[39m      [32m0[39m                                                                                [90mâ”‚[39m
Admin UI E2E (3, chrome)	Run Cypress	2025-01-06T11:23:07.5686968Z [90m  â”‚[39m [90mPending:[39m      [32m1[39m                                                                                [90mâ”‚[39m
Admin UI E2E (3, chrome)	Run Cypress	2025-01-06T11:23:07.5688161Z [90m  â”‚[39m [90mSkipped:[39m      [32m0[39m                                                                                [90mâ”‚[39m
Admin UI E2E (3, chrome)	Run Cypress	2025-01-06T11:23:07.5689052Z [90m  â”‚[39m [90mScreenshots:[39m  [32m0[39m                                                                                [90mâ”‚[39m
Admin UI E2E (3, chrome)	Run Cypress	2025-01-06T11:23:07.5690285Z [90m  â”‚[39m [90mVideo:[39m        [32mfalse[39m                                                                            [90mâ”‚[39m
Admin UI E2E (3, chrome)	Run Cypress	2025-01-06T11:23:07.5691536Z [90m  â”‚[39m [90mDuration:[39m     [32m1 minute, 18 seconds[39m                                                             [90mâ”‚[39m
Admin UI E2E (3, chrome)	Run Cypress	2025-01-06T11:23:07.5692434Z [90m  â”‚[39m [90mSpec Ran:[39m     [32m[32mrealm_settings_events_test.spec.ts[32m[39m                                               [90mâ”‚[39m
Admin UI E2E (3, chrome)	Run Cypress	2025-01-06T11:23:07.5699134Z [90m  â””[39m[90mâ”€[39m[90mâ”€[39m[90mâ”€[39m[90mâ”€[39m[90mâ”€[39m[90mâ”€[39m[90mâ”€[39m[90mâ”€[39m[90mâ”€[39m[90mâ”€[39m[90mâ”€[39m[90mâ”€[39m[90mâ”€[39m[90mâ”€[39m[90mâ”€[39m[90mâ”€[39m[90mâ”€[39m[90mâ”€[39m[90mâ”€[39m[90mâ”€[39m[90mâ”€[39m[90mâ”€[39m[90mâ”€[39m[90mâ”€[39m[90mâ”€[39m[90mâ”€[39m[90mâ”€[39m[90mâ”€[39m[90mâ”€[39m[90mâ”€[39m[90mâ”€[39m[90mâ”€[39m[90mâ”€[39m[90mâ”€[39m[90mâ”€[39m[90mâ”€[39m[90mâ”€[39m[90mâ”€[39m[90mâ”€[39m[90mâ”€[39m[90mâ”€[39m[90mâ”€[39m[90mâ”€[39m[90mâ”€[39m[90mâ”€[39m[90mâ”€[39m[90mâ”€[39m[90mâ”€[39m[90mâ”€[39m[90mâ”€[39m[90mâ”€[39m[90mâ”€[39m[90mâ”€[39m[90mâ”€[39m[90mâ”€[39m[90mâ”€[39m[90mâ”€[39m[90mâ”€[39m[90mâ”€[39m[90mâ”€[39m[90mâ”€[39m[90mâ”€[39m[90mâ”€[39m[90mâ”€[39m[90mâ”€[39m[90mâ”€[39m[90mâ”€[39m[90mâ”€[39m[90mâ”€[39m[90mâ”€[39m[90mâ”€[39m[90mâ”€[39m[90mâ”€[39m[90mâ”€[39m[90mâ”€[39m[90mâ”€[39m[90mâ”€[39m[90mâ”€[39m[90mâ”€[39m[90mâ”€[39m[90mâ”€[39m[90mâ”€[39m[90mâ”€[39m[90mâ”€[39m[90mâ”€[39m[90mâ”€[39m[90mâ”€[39m[90mâ”€[39m[90mâ”€[39m[90mâ”€[39m[90mâ”€[39m[90mâ”€[39m[90mâ”€[39m[90mâ”€[39m[90mâ”€[39m[90mâ”€[39m[90mâ”˜[39m
Admin UI E2E (3, chrome)	Run Cypress	2025-01-06T11:23:07.5702575Z 
Admin UI E2E (3, chrome)	Run Cypress	2025-01-06T11:23:07.5762977Z 
Admin UI E2E (3, chrome)	Run Cypress	2025-01-06T11:23:07.6226238Z [90m====================================================================================================[39m
Admin UI E2E (3, chrome)	Run Cypress	2025-01-06T11:23:07.6226551Z 
Admin UI E2E (3, chrome)	Run Cypress	2025-01-06T11:23:07.6226769Z [0m  ([4m[1mRun Finished[22m[24m)[0m
Admin UI E2E (3, chrome)	Run Cypress	2025-01-06T11:23:07.6244304Z 
Admin UI E2E (3, chrome)	Run Cypress	2025-01-06T11:23:07.6244352Z 
Admin UI E2E (3, chrome)	Run Cypress	2025-01-06T11:23:07.6273345Z [90m   [39m    [90mSpec[39m                                              [90mTests[39m  [90mPassing[39m  [90mFailing[39m  [90mPending[39m  [90mSkipped[39m [90m [39m
Admin UI E2E (3, chrome)	Run Cypress	2025-01-06T11:23:07.6279380Z [90m  â”Œ[39m[90mâ”€[39m[90mâ”€[39m[90mâ”€[39m[90mâ”€[39m[90mâ”€[39m[90mâ”€[39m[90mâ”€[39m[90mâ”€[39m[90mâ”€[39m[90mâ”€[39m[90mâ”€[39m[90mâ”€[39m[90mâ”€[39m[90mâ”€[39m[90mâ”€[39m[90mâ”€[39m[90mâ”€[39m[90mâ”€[39m[90mâ”€[39m[90mâ”€[39m[90mâ”€[39m[90mâ”€[39m[90mâ”€[39m[90mâ”€[39m[90mâ”€[39m[90mâ”€[39m[90mâ”€[39m[90mâ”€[39m[90mâ”€[39m[90mâ”€[39m[90mâ”€[39m[90mâ”€[39m[90mâ”€[39m[90mâ”€[39m[90mâ”€[39m[90mâ”€[39m[90mâ”€[39m[90mâ”€[39m[90mâ”€[39m[90mâ”€[39m[90mâ”€[39m[90mâ”€[39m[90mâ”€[39m[90mâ”€[39m[90mâ”€[39m[90mâ”€[39m[90mâ”€[39m[90mâ”€[39m[90mâ”€[39m[90mâ”€[39m[90mâ”€[39m[90mâ”€[39m[90mâ”€[39m[90mâ”€[39m[90mâ”€[39m[90mâ”€[39m[90mâ”€[39m[90mâ”€[39m[90mâ”€[39m[90mâ”€[39m[90mâ”€[39m[90mâ”€[39m[90mâ”€[39m[90mâ”€[39m[90mâ”€[39m[90mâ”€[39m[90mâ”€[39m[90mâ”€[39m[90mâ”€[39m[90mâ”€[39m[90mâ”€[39m[90mâ”€[39m[90mâ”€[39m[90mâ”€[39m[90mâ”€[39m[90mâ”€[39m[90mâ”€[39m[90mâ”€[39m[90mâ”€[39m[90mâ”€[39m[90mâ”€[39m[90mâ”€[39m[90mâ”€[39m[90mâ”€[39m[90mâ”€[39m[90mâ”€[39m[90mâ”€[39m[90mâ”€[39m[90mâ”€[39m[90mâ”€[39m[90mâ”€[39m[90mâ”€[39m[90mâ”€[39m[90mâ”€[39m[90mâ”€[39m[90mâ”€[39m[90mâ”[39m
Admin UI E2E (3, chrome)	Run Cypress	2025-01-06T11:23:07.6282978Z [90m  â”‚[39m [32mâœ”[39m  [0mclient_authorization_test.spec.ts[0m        [90m01:25[39m       [0m12[0m       [32m11[39m        [90m-[39m        [36m1[39m        [90m-[39m [90mâ”‚[39m
Admin UI E2E (3, chrome)	Run Cypress	2025-01-06T11:23:07.6286979Z [90m  â”œ[39m[90mâ”€[39m[90mâ”€[39m[90mâ”€[39m[90mâ”€[39m[90mâ”€[39m[90mâ”€[39m[90mâ”€[39m[90mâ”€[39m[90mâ”€[39m[90mâ”€[39m[90mâ”€[39m[90mâ”€[39m[90mâ”€[39m[90mâ”€[39m[90mâ”€[39m[90mâ”€[39m[90mâ”€[39m[90mâ”€[39m[90mâ”€[39m[90mâ”€[39m[90mâ”€[39m[90mâ”€[39m[90mâ”€[39m[90mâ”€[39m[90mâ”€[39m[90mâ”€[39m[90mâ”€[39m[90mâ”€[39m[90mâ”€[39m[90mâ”€[39m[90mâ”€[39m[90mâ”€[39m[90mâ”€[39m[90mâ”€[39m[90mâ”€[39m[90mâ”€[39m[90mâ”€[39m[90mâ”€[39m[90mâ”€[39m[90mâ”€[39m[90mâ”€[39m[90mâ”€[39m[90mâ”€[39m[90mâ”€[39m[90mâ”€[39m[90mâ”€[39m[90mâ”€[39m[90mâ”€[39m[90mâ”€[39m[90mâ”€[39m[90mâ”€[39m[90mâ”€[39m[90mâ”€[39m[90mâ”€[39m[90mâ”€[39m[90mâ”€[39m[90mâ”€[39m[90mâ”€[39m[90mâ”€[39m[90mâ”€[39m[90mâ”€[39m[90mâ”€[39m[90mâ”€[39m[90mâ”€[39m[90mâ”€[39m[90mâ”€[39m[90mâ”€[39m[90mâ”€[39m[90mâ”€[39m[90mâ”€[39m[90mâ”€[39m[90mâ”€[39m[90mâ”€[39m[90mâ”€[39m[90mâ”€[39m[90mâ”€[39m[90mâ”€[39m[90mâ”€[39m[90mâ”€[39m[90mâ”€[39m[90mâ”€[39m[90mâ”€[39m[90mâ”€[39m[90mâ”€[39m[90mâ”€[39m[90mâ”€[39m[90mâ”€[39m[90mâ”€[39m[90mâ”€[39m[90mâ”€[39m[90mâ”€[39m[90mâ”€[39m[90mâ”€[39m[90mâ”€[39m[90mâ”€[39m[90mâ”€[39m[90mâ”¤[39m
Admin UI E2E (3, chrome)	Run Cypress	2025-01-06T11:23:07.6289703Z [90m  â”‚[39m [32mâœ”[39m  [0mauthentication_policies_ciba.spec.t[0m      [90m00:13[39m        [0m3[0m        [32m3[39m        [90m-[39m        [90m-[39m        [90m-[39m [90mâ”‚[39m
Admin UI E2E (3, chrome)	Run Cypress	2025-01-06T11:23:07.6290929Z [90m  â”‚[39m    [0ms[0m                                                                                           [90mâ”‚[39m
Admin UI E2E (3, chrome)	Run Cypress	2025-01-06T11:23:07.6297225Z [90m  â”œ[39m[90mâ”€[39m[90mâ”€[39m[90mâ”€[39m[90mâ”€[39m[90mâ”€[39m[90mâ”€[39m[90mâ”€[39m[90mâ”€[39m[90mâ”€[39m[90mâ”€[39m[90mâ”€[39m[90mâ”€[39m[90mâ”€[39m[90mâ”€[39m[90mâ”€[39m[90mâ”€[39m[90mâ”€[39m[90mâ”€[39m[90mâ”€[39m[90mâ”€[39m[90mâ”€[39m[90mâ”€[39m[90mâ”€[39m[90mâ”€[39m[90mâ”€[39m[90mâ”€[39m[90mâ”€[39m[90mâ”€[39m[90mâ”€[39m[90mâ”€[39m[90mâ”€[39m[90mâ”€[39m[90mâ”€[39m[90mâ”€[39m[90mâ”€[39m[90mâ”€[39m[90mâ”€[39m[90mâ”€[39m[90mâ”€[39m[90mâ”€[39m[90mâ”€[39m[90mâ”€[39m[90mâ”€[39m[90mâ”€[39m[90mâ”€[39m[90mâ”€[39m[90mâ”€[39m[90mâ”€[39m[90mâ”€[39m[90mâ”€[39m[90mâ”€[39m[90mâ”€[39m[90mâ”€[39m[90mâ”€[39m[90mâ”€[39m[90mâ”€[39m[90mâ”€[39m[90mâ”€[39m[90mâ”€[39m[90mâ”€[39m[90mâ”€[39m[90mâ”€[39m[90mâ”€[39m[90mâ”€[39m[90mâ”€[39m[90mâ”€[39m[90mâ”€[39m[90mâ”€[39m[90mâ”€[39m[90mâ”€[39m[90mâ”€[39m[90mâ”€[39m[90mâ”€[39m[90mâ”€[39m[90mâ”€[39m[90mâ”€[39m[90mâ”€[39m[90mâ”€[39m[90mâ”€[39m[90mâ”€[39m[90mâ”€[39m[90mâ”€[39m[90mâ”€[39m[90mâ”€[39m[90mâ”€[39m[90mâ”€[39m[90mâ”€[39m[90mâ”€[39m[90mâ”€[39m[90mâ”€[39m[90mâ”€[39m[90mâ”€[39m[90mâ”€[39m[90mâ”€[39m[90mâ”€[39m[90mâ”€[39m[90mâ”¤[39m
Admin UI E2E (3, chrome)	Run Cypress	2025-01-06T11:23:07.6302450Z [90m  â”‚[39m [32mâœ”[39m  [0mclients_saml_test.spec.ts[0m                [90m00:41[39m        [0m9[0m        [32m9[39m        [90m-[39m        [90m-[39m        [90m-[39m [90mâ”‚[39m
Admin UI E2E (3, chrome)	Run Cypress	2025-01-06T11:23:07.6309573Z [90m  â”œ[39m[90mâ”€[39m[90mâ”€[39m[90mâ”€[39m[90mâ”€[39m[90mâ”€[39m[90mâ”€[39m[90mâ”€[39m[90mâ”€[39m[90mâ”€[39m[90mâ”€[39m[90mâ”€[39m[90mâ”€[39m[90mâ”€[39m[90mâ”€[39m[90mâ”€[39m[90mâ”€[39m[90mâ”€[39m[90mâ”€[39m[90mâ”€[39m[90mâ”€[39m[90mâ”€[39m[90mâ”€[39m[90mâ”€[39m[90mâ”€[39m[90mâ”€[39m[90mâ”€[39m[90mâ”€[39m[90mâ”€[39m[90mâ”€[39m[90mâ”€[39m[90mâ”€[39m[90mâ”€[39m[90mâ”€[39m[90mâ”€[39m[90mâ”€[39m[90mâ”€[39m[90mâ”€[39m[90mâ”€[39m[90mâ”€[39m[90mâ”€[39m[90mâ”€[39m[90mâ”€[39m[90mâ”€[39m[90mâ”€[39m[90mâ”€[39m[90mâ”€[39m[90mâ”€[39m[90mâ”€[39m[90mâ”€[39m[90mâ”€[39m[90mâ”€[39m[90mâ”€[39m[90mâ”€[39m[90mâ”€[39m[90mâ”€[39m[90mâ”€[39m[90mâ”€[39m[90mâ”€[39m[90mâ”€[39m[90mâ”€[39m[90mâ”€[39m[90mâ”€[39m[90mâ”€[39m[90mâ”€[39m[90mâ”€[39m[90mâ”€[39m[90mâ”€[39m[90mâ”€[39m[90mâ”€[39m[90mâ”€[39m[90mâ”€[39m[90mâ”€[39m[90mâ”€[39m[90mâ”€[39m[90mâ”€[39m[90mâ”€[39m[90mâ”€[39m[90mâ”€[39m[90mâ”€[39m[90mâ”€[39m[90mâ”€[39m[90mâ”€[39m[90mâ”€[39m[90mâ”€[39m[90mâ”€[39m[90mâ”€[39m[90mâ”€[39m[90mâ”€[39m[90mâ”€[39m[90mâ”€[39m[90mâ”€[39m[90mâ”€[39m[90mâ”€[39m[90mâ”€[39m[90mâ”€[39m[90mâ”€[39m[90mâ”¤[39m
Admin UI E2E (3, chrome)	Run Cypress	2025-01-06T11:23:07.6316773Z [90m  â”‚[39m [31mâœ–[39m  [0mclients_test.spec.ts[0m                     [90m05:01[39m       [0m24[0m       [32m23[39m        [31m1[39m        [90m-[39m        [90m-[39m [90mâ”‚[39m
Admin UI E2E (3, chrome)	Run Cypress	2025-01-06T11:23:07.6323724Z [90m  â”œ[39m[90mâ”€[39m[90mâ”€[39m[90mâ”€[39m[90mâ”€[39m[90mâ”€[39m[90mâ”€[39m[90mâ”€[39m[90mâ”€[39m[90mâ”€[39m[90mâ”€[39m[90mâ”€[39m[90mâ”€[39m[90mâ”€[39m[90mâ”€[39m[90mâ”€[39m[90mâ”€[39m[90mâ”€[39m[90mâ”€[39m[90mâ”€[39m[90mâ”€[39m[90mâ”€[39m[90mâ”€[39m[90mâ”€[39m[90mâ”€[39m[90mâ”€[39m[90mâ”€[39m[90mâ”€[39m[90mâ”€[39m[90mâ”€[39m[90mâ”€[39m[90mâ”€[39m[90mâ”€[39m[90mâ”€[39m[90mâ”€[39m[90mâ”€[39m[90mâ”€[39m[90mâ”€[39m[90mâ”€[39m[90mâ”€[39m[90mâ”€[39m[90mâ”€[39m[90mâ”€[39m[90mâ”€[39m[90mâ”€[39m[90mâ”€[39m[90mâ”€[39m[90mâ”€[39m[90mâ”€[39m[90mâ”€[39m[90mâ”€[39m[90mâ”€[39m[90mâ”€[39m[90mâ”€[39m[90mâ”€[39m[90mâ”€[39m[90mâ”€[39m[90mâ”€[39m[90mâ”€[39m[90mâ”€[39m[90mâ”€[39m[90mâ”€[39m[90mâ”€[39m[90mâ”€[39m[90mâ”€[39m[90mâ”€[39m[90mâ”€[39m[90mâ”€[39m[90mâ”€[39m[90mâ”€[39m[90mâ”€[39m[90mâ”€[39m[90mâ”€[39m[90mâ”€[39m[90mâ”€[39m[90mâ”€[39m[90mâ”€[39m[90mâ”€[39m[90mâ”€[39m[90mâ”€[39m[90mâ”€[39m[90mâ”€[39m[90mâ”€[39m[90mâ”€[39m[90mâ”€[39m[90mâ”€[39m[90mâ”€[39m[90mâ”€[39m[90mâ”€[39m[90mâ”€[39m[90mâ”€[39m[90mâ”€[39m[90mâ”€[39m[90mâ”€[39m[90mâ”€[39m[90mâ”€[39m[90mâ”€[39m[90mâ”¤[39m
Admin UI E2E (3, chrome)	Run Cypress	2025-01-06T11:23:07.6329023Z [90m  â”‚[39m [32mâœ”[39m  [0mmasthead_test.spec.ts[0m                    [90m00:27[39m        [0m9[0m        [32m9[39m        [90m-[39m        [90m-[39m        [90m-[39m [90mâ”‚[39m
Admin UI E2E (3, chrome)	Run Cypress	2025-01-06T11:23:07.6336039Z [90m  â”œ[39m[90mâ”€[39m[90mâ”€[39m[90mâ”€[39m[90mâ”€[39m[90mâ”€[39m[90mâ”€[39m[90mâ”€[39m[90mâ”€[39m[90mâ”€[39m[90mâ”€[39m[90mâ”€[39m[90mâ”€[39m[90mâ”€[39m[90mâ”€[39m[90mâ”€[39m[90mâ”€[39m[90mâ”€[39m[90mâ”€[39m[90mâ”€[39m[90mâ”€[39m[90mâ”€[39m[90mâ”€[39m[90mâ”€[39m[90mâ”€[39m[90mâ”€[39m[90mâ”€[39m[90mâ”€[39m[90mâ”€[39m[90mâ”€[39m[90mâ”€[39m[90mâ”€[39m[90mâ”€[39m[90mâ”€[39m[90mâ”€[39m[90mâ”€[39m[90mâ”€[39m[90mâ”€[39m[90mâ”€[39m[90mâ”€[39m[90mâ”€[39m[90mâ”€[39m[90mâ”€[39m[90mâ”€[39m[90mâ”€[39m[90mâ”€[39m[90mâ”€[39m[90mâ”€[39m[90mâ”€[39m[90mâ”€[39m[90mâ”€[39m[90mâ”€[39m[90mâ”€[39m[90mâ”€[39m[90mâ”€[39m[90mâ”€[39m[90mâ”€[39m[90mâ”€[39m[90mâ”€[39m[90mâ”€[39m[90mâ”€[39m[90mâ”€[39m[90mâ”€[39m[90mâ”€[39m[90mâ”€[39m[90mâ”€[39m[90mâ”€[39m[90mâ”€[39m[90mâ”€[39m[90mâ”€[39m[90mâ”€[39m[90mâ”€[39m[90mâ”€[39m[90mâ”€[39m[90mâ”€[39m[90mâ”€[39m[90mâ”€[39m[90mâ”€[39m[90mâ”€[39m[90mâ”€[39m[90mâ”€[39m[90mâ”€[39m[90mâ”€[39m[90mâ”€[39m[90mâ”€[39m[90mâ”€[39m[90mâ”€[39m[90mâ”€[39m[90mâ”€[39m[90mâ”€[39m[90mâ”€[39m[90mâ”€[39m[90mâ”€[39m[90mâ”€[39m[90mâ”€[39m[90mâ”€[39m[90mâ”€[39m[90mâ”¤[39m
Admin UI E2E (3, chrome)	Run Cypress	2025-01-06T11:23:07.6340931Z [90m  â”‚[39m [32mâœ”[39m  [0mrealm_settings_general_tab_test.spe[0m      [90m00:43[39m       [0m17[0m       [32m17[39m        [90m-[39m        [90m-[39m        [90m-[39m [90mâ”‚[39m
Admin UI E2E (3, chrome)	Run Cypress	2025-01-06T11:23:07.6342501Z [90m  â”‚[39m    [0mc.ts[0m                                                                                        [90mâ”‚[39m
Admin UI E2E (3, chrome)	Run Cypress	2025-01-06T11:23:07.6349590Z [90m  â”œ[39m[90mâ”€[39m[90mâ”€[39m[90mâ”€[39m[90mâ”€[39m[90mâ”€[39m[90mâ”€[39m[90mâ”€[39m[90mâ”€[39m[90mâ”€[39m[90mâ”€[39m[90mâ”€[39m[90mâ”€[39m[90mâ”€[39m[90mâ”€[39m[90mâ”€[39m[90mâ”€[39m[90mâ”€[39m[90mâ”€[39m[90mâ”€[39m[90mâ”€[39m[90mâ”€[39m[90mâ”€[39m[90mâ”€[39m[90mâ”€[39m[90mâ”€[39m[90mâ”€[39m[90mâ”€[39m[90mâ”€[39m[90mâ”€[39m[90mâ”€[39m[90mâ”€[39m[90mâ”€[39m[90mâ”€[39m[90mâ”€[39m[90mâ”€[39m[90mâ”€[39m[90mâ”€[39m[90mâ”€[39m[90mâ”€[39m[90mâ”€[39m[90mâ”€[39m[90mâ”€[39m[90mâ”€[39m[90mâ”€[39m[90mâ”€[39m[90mâ”€[39m[90mâ”€[39m[90mâ”€[39m[90mâ”€[39m[90mâ”€[39m[90mâ”€[39m[90mâ”€[39m[90mâ”€[39m[90mâ”€[39m[90mâ”€[39m[90mâ”€[39m[90mâ”€[39m[90mâ”€[39m[90mâ”€[39m[90mâ”€[39m[90mâ”€[39m[90mâ”€[39m[90mâ”€[39m[90mâ”€[39m[90mâ”€[39m[90mâ”€[39m[90mâ”€[39m[90mâ”€[39m[90mâ”€[39m[90mâ”€[39m[90mâ”€[39m[90mâ”€[39m[90mâ”€[39m[90mâ”€[39m[90mâ”€[39m[90mâ”€[39m[90mâ”€[39m[90mâ”€[39m[90mâ”€[39m[90mâ”€[39m[90mâ”€[39m[90mâ”€[39m[90mâ”€[39m[90mâ”€[39m[90mâ”€[39m[90mâ”€[39m[90mâ”€[39m[90mâ”€[39m[90mâ”€[39m[90mâ”€[39m[90mâ”€[39m[90mâ”€[39m[90mâ”€[39m[90mâ”€[39m[90mâ”€[39m[90mâ”€[39m[90mâ”¤[39m
Admin UI E2E (3, chrome)	Run Cypress	2025-01-06T11:23:07.6354693Z [90m  â”‚[39m [32mâœ”[39m  [0mclient_scopes_test.spec.ts[0m               [90m01:28[39m       [0m25[0m       [32m25[39m        [90m-[39m        [90m-[39m        [90m-[39m [90mâ”‚[39m
Admin UI E2E (3, chrome)	Run Cypress	2025-01-06T11:23:07.6361606Z [90m  â”œ[39m[90mâ”€[39m[90mâ”€[39m[90mâ”€[39m[90mâ”€[39m[90mâ”€[39m[90mâ”€[39m[90mâ”€[39m[90mâ”€[39m[90mâ”€[39m[90mâ”€[39m[90mâ”€[39m[90mâ”€[39m[90mâ”€[39m[90mâ”€[39m[90mâ”€[39m[90mâ”€[39m[90mâ”€[39m[90mâ”€[39m[90mâ”€[39m[90mâ”€[39m[90mâ”€[39m[90mâ”€[39m[90mâ”€[39m[90mâ”€[39m[90mâ”€[39m[90mâ”€[39m[90mâ”€[39m[90mâ”€[39m[90mâ”€[39m[90mâ”€[39m[90mâ”€[39m[90mâ”€[39m[90mâ”€[39m[90mâ”€[39m[90mâ”€[39m[90mâ”€[39m[90mâ”€[39m[90mâ”€[39m[90mâ”€[39m[90mâ”€[39m[90mâ”€[39m[90mâ”€[39m[90mâ”€[39m[90mâ”€[39m[90mâ”€[39m[90mâ”€[39m[90mâ”€[39m[90mâ”€[39m[90mâ”€[39m[90mâ”€[39m[90mâ”€[39m[90mâ”€[39m[90mâ”€[39m[90mâ”€[39m[90mâ”€[39m[90mâ”€[39m[90mâ”€[39m[90mâ”€[39m[90mâ”€[39m[90mâ”€[39m[90mâ”€[39m[90mâ”€[39m[90mâ”€[39m[90mâ”€[39m[90mâ”€[39m[90mâ”€[39m[90mâ”€[39m[90mâ”€[39m[90mâ”€[39m[90mâ”€[39m[90mâ”€[39m[90mâ”€[39m[90mâ”€[39m[90mâ”€[39m[90mâ”€[39m[90mâ”€[39m[90mâ”€[39m[90mâ”€[39m[90mâ”€[39m[90mâ”€[39m[90mâ”€[39m[90mâ”€[39m[90mâ”€[39m[90mâ”€[39m[90mâ”€[39m[90mâ”€[39m[90mâ”€[39m[90mâ”€[39m[90mâ”€[39m[90mâ”€[39m[90mâ”€[39m[90mâ”€[39m[90mâ”€[39m[90mâ”€[39m[90mâ”€[39m[90mâ”€[39m[90mâ”¤[39m
Admin UI E2E (3, chrome)	Run Cypress	2025-01-06T11:23:07.6368042Z [90m  â”‚[39m [32mâœ”[39m  [0mrealm_settings_events_test.spec.ts[0m       [90m01:18[39m       [0m22[0m       [32m21[39m        [90m-[39m        [36m1[39m        [90m-[39m [90mâ”‚[39m
Admin UI E2E (3, chrome)	Run Cypress	2025-01-06T11:23:07.6377220Z [90m  â””[39m[90mâ”€[39m[90mâ”€[39m[90mâ”€[39m[90mâ”€[39m[90mâ”€[39m[90mâ”€[39m[90mâ”€[39m[90mâ”€[39m[90mâ”€[39m[90mâ”€[39m[90mâ”€[39m[90mâ”€[39m[90mâ”€[39m[90mâ”€[39m[90mâ”€[39m[90mâ”€[39m[90mâ”€[39m[90mâ”€[39m[90mâ”€[39m[90mâ”€[39m[90mâ”€[39m[90mâ”€[39m[90mâ”€[39m[90mâ”€[39m[90mâ”€[39m[90mâ”€[39m[90mâ”€[39m[90mâ”€[39m[90mâ”€[39m[90mâ”€[39m[90mâ”€[39m[90mâ”€[39m[90mâ”€[39m[90mâ”€[39m[90mâ”€[39m[90mâ”€[39m[90mâ”€[39m[90mâ”€[39m[90mâ”€[39m[90mâ”€[39m[90mâ”€[39m[90mâ”€[39m[90mâ”€[39m[90mâ”€[39m[90mâ”€[39m[90mâ”€[39m[90mâ”€[39m[90mâ”€[39m[90mâ”€[39m[90mâ”€[39m[90mâ”€[39m[90mâ”€[39m[90mâ”€[39m[90mâ”€[39m[90mâ”€[39m[90mâ”€[39m[90mâ”€[39m[90mâ”€[39m[90mâ”€[39m[90mâ”€[39m[90mâ”€[39m[90mâ”€[39m[90mâ”€[39m[90mâ”€[39m[90mâ”€[39m[90mâ”€[39m[90mâ”€[39m[90mâ”€[39m[90mâ”€[39m[90mâ”€[39m[90mâ”€[39m[90mâ”€[39m[90mâ”€[39m[90mâ”€[39m[90mâ”€[39m[90mâ”€[39m[90mâ”€[39m[90mâ”€[39m[90mâ”€[39m[90mâ”€[39m[90mâ”€[39m[90mâ”€[39m[90mâ”€[39m[90mâ”€[39m[90mâ”€[39m[90mâ”€[39m[90mâ”€[39m[90mâ”€[39m[90mâ”€[39m[90mâ”€[39m[90mâ”€[39m[90mâ”€[39m[90mâ”€[39m[90mâ”€[39m[90mâ”€[39m[90mâ”€[39m[90mâ”˜[39m
Admin UI E2E (3, chrome)	Run Cypress	2025-01-06T11:23:07.6380199Z [90m   [39m [31mâœ–[39m  [31m1 of 8 failed (13%)[39m                      [90m11:19[39m      [0m121[0m      [32m118[39m        [31m1[39m        [36m2[39m        [90m-[39m [90m [39m
Admin UI E2E (3, chrome)	Run Cypress	2025-01-06T11:23:07.6380600Z 
Admin UI E2E (3, chrome)	Run Cypress	2025-01-06T11:23:07.7206087Z ##[error]Cypress tests: 1 failed
Status Check - Keycloak JavaScript CI	Run /./.github/actions/status-check	2025-01-06T11:23:26.4400734Z Prepare all required actions
Status Check - Keycloak JavaScript CI	Run /./.github/actions/status-check	2025-01-06T11:23:26.4471580Z ##[group]Run ./.github/actions/status-check
Status Check - Keycloak JavaScript CI	Run /./.github/actions/status-check	2025-01-06T11:23:26.4471947Z with:
Status Check - Keycloak JavaScript CI	Run /./.github/actions/status-check	2025-01-06T11:23:26.4473160Z   jobs: {
Status Check - Keycloak JavaScript CI	Run /./.github/actions/status-check	  "conditional": {
Status Check - Keycloak JavaScript CI	Run /./.github/actions/status-check	    "result": "success",
Status Check - Keycloak JavaScript CI	Run /./.github/actions/status-check	    "outputs": {
Status Check - Keycloak JavaScript CI	Run /./.github/actions/status-check	      "js-ci": "true"
Status Check - Keycloak JavaScript CI	Run /./.github/actions/status-check	    }
Status Check - Keycloak JavaScript CI	Run /./.github/actions/status-check	  },
Status Check - Keycloak JavaScript CI	Run /./.github/actions/status-check	  "build-keycloak": {
Status Check - Keycloak JavaScript CI	Run /./.github/actions/status-check	    "result": "success",
Status Check - Keycloak JavaScript CI	Run /./.github/actions/status-check	    "outputs": {}
Status Check - Keycloak JavaScript CI	Run /./.github/actions/status-check	  },
Status Check - Keycloak JavaScript CI	Run /./.github/actions/status-check	  "admin-client": {
Status Check - Keycloak JavaScript CI	Run /./.github/actions/status-check	    "result": "success",
Status Check - Keycloak JavaScript CI	Run /./.github/actions/status-check	    "outputs": {}
Status Check - Keycloak JavaScript CI	Run /./.github/actions/status-check	  },
Status Check - Keycloak JavaScript CI	Run /./.github/actions/status-check	  "ui-shared": {
Status Check - Keycloak JavaScript CI	Run /./.github/actions/status-check	    "result": "success",
Status Check - Keycloak JavaScript CI	Run /./.github/actions/status-check	    "outputs": {}
Status Check - Keycloak JavaScript CI	Run /./.github/actions/status-check	  },
Status Check - Keycloak JavaScript CI	Run /./.github/actions/status-check	  "account-ui": {
Status Check - Keycloak JavaScript CI	Run /./.github/actions/status-check	    "result": "success",
Status Check - Keycloak JavaScript CI	Run /./.github/actions/status-check	    "outputs": {}
Status Check - Keycloak JavaScript CI	Run /./.github/actions/status-check	  },
Status Check - Keycloak JavaScript CI	Run /./.github/actions/status-check	  "account-ui-e2e": {
Status Check - Keycloak JavaScript CI	Run /./.github/actions/status-check	    "result": "success",
Status Check - Keycloak JavaScript CI	Run /./.github/actions/status-check	    "outputs": {}
Status Check - Keycloak JavaScript CI	Run /./.github/actions/status-check	  },
Status Check - Keycloak JavaScript CI	Run /./.github/actions/status-check	  "admin-ui": {
Status Check - Keycloak JavaScript CI	Run /./.github/actions/status-check	    "result": "success",
Status Check - Keycloak JavaScript CI	Run /./.github/actions/status-check	    "outputs": {}
Status Check - Keycloak JavaScript CI	Run /./.github/actions/status-check	  },
Status Check - Keycloak JavaScript CI	Run /./.github/actions/status-check	  "admin-ui-e2e": {
Status Check - Keycloak JavaScript CI	Run /./.github/actions/status-check	    "result": "failure",
Status Check - Keycloak JavaScript CI	Run /./.github/actions/status-check	    "outputs": {}
Status Check - Keycloak JavaScript CI	Run /./.github/actions/status-check	  }
Status Check - Keycloak JavaScript CI	Run /./.github/actions/status-check	}
Status Check - Keycloak JavaScript CI	Run /./.github/actions/status-check	2025-01-06T11:23:26.4474453Z env:
Status Check - Keycloak JavaScript CI	Run /./.github/actions/status-check	2025-01-06T11:23:26.4474755Z   MAVEN_ARGS: -B -nsu -Daether.connector.http.connectionMaxTtl=25
Status Check - Keycloak JavaScript CI	Run /./.github/actions/status-check	2025-01-06T11:23:26.4475129Z   RETRY_COUNT: 3
Status Check - Keycloak JavaScript CI	Run /./.github/actions/status-check	2025-01-06T11:23:26.4475362Z ##[endgroup]
Status Check - Keycloak JavaScript CI	Run /./.github/actions/status-check	2025-01-06T11:23:26.4661352Z ##[group]Run JOBS='{
Status Check - Keycloak JavaScript CI	Run /./.github/actions/status-check	2025-01-06T11:23:26.4661800Z [36;1mJOBS='{[0m
Status Check - Keycloak JavaScript CI	Run /./.github/actions/status-check	2025-01-06T11:23:26.4662043Z [36;1m  "conditional": {[0m
Status Check - Keycloak JavaScript CI	Run /./.github/actions/status-check	2025-01-06T11:23:26.4662314Z [36;1m    "result": "success",[0m
Status Check - Keycloak JavaScript CI	Run /./.github/actions/status-check	2025-01-06T11:23:26.4662600Z [36;1m    "outputs": {[0m
Status Check - Keycloak JavaScript CI	Run /./.github/actions/status-check	2025-01-06T11:23:26.4662845Z [36;1m      "js-ci": "true"[0m
Status Check - Keycloak JavaScript CI	Run /./.github/actions/status-check	2025-01-06T11:23:26.4663082Z [36;1m    }[0m
Status Check - Keycloak JavaScript CI	Run /./.github/actions/status-check	2025-01-06T11:23:26.4663283Z [36;1m  },[0m
Status Check - Keycloak JavaScript CI	Run /./.github/actions/status-check	2025-01-06T11:23:26.4663515Z [36;1m  "build-keycloak": {[0m
Status Check - Keycloak JavaScript CI	Run /./.github/actions/status-check	2025-01-06T11:23:26.4663760Z [36;1m    "result": "success",[0m
Status Check - Keycloak JavaScript CI	Run /./.github/actions/status-check	2025-01-06T11:23:26.4664057Z [36;1m    "outputs": {}[0m
Status Check - Keycloak JavaScript CI	Run /./.github/actions/status-check	2025-01-06T11:23:26.4664292Z [36;1m  },[0m
Status Check - Keycloak JavaScript CI	Run /./.github/actions/status-check	2025-01-06T11:23:26.4664501Z [36;1m  "admin-client": {[0m
Status Check - Keycloak JavaScript CI	Run /./.github/actions/status-check	2025-01-06T11:23:26.4664749Z [36;1m    "result": "success",[0m
Status Check - Keycloak JavaScript CI	Run /./.github/actions/status-check	2025-01-06T11:23:26.4665017Z [36;1m    "outputs": {}[0m
Status Check - Keycloak JavaScript CI	Run /./.github/actions/status-check	2025-01-06T11:23:26.4665244Z [36;1m  },[0m
Status Check - Keycloak JavaScript CI	Run /./.github/actions/status-check	2025-01-06T11:23:26.4665455Z [36;1m  "ui-shared": {[0m
Status Check - Keycloak JavaScript CI	Run /./.github/actions/status-check	2025-01-06T11:23:26.4665684Z [36;1m    "result": "success",[0m
Status Check - Keycloak JavaScript CI	Run /./.github/actions/status-check	2025-01-06T11:23:26.4665938Z [36;1m    "outputs": {}[0m
Status Check - Keycloak JavaScript CI	Run /./.github/actions/status-check	2025-01-06T11:23:26.4666169Z [36;1m  },[0m
Status Check - Keycloak JavaScript CI	Run /./.github/actions/status-check	2025-01-06T11:23:26.4666368Z [36;1m  "account-ui": {[0m
Status Check - Keycloak JavaScript CI	Run /./.github/actions/status-check	2025-01-06T11:23:26.4666603Z [36;1m    "result": "success",[0m
Status Check - Keycloak JavaScript CI	Run /./.github/actions/status-check	2025-01-06T11:23:26.4666856Z [36;1m    "outputs": {}[0m
Status Check - Keycloak JavaScript CI	Run /./.github/actions/status-check	2025-01-06T11:23:26.4667071Z [36;1m  },[0m
Status Check - Keycloak JavaScript CI	Run /./.github/actions/status-check	2025-01-06T11:23:26.4667277Z [36;1m  "account-ui-e2e": {[0m
Status Check - Keycloak JavaScript CI	Run /./.github/actions/status-check	2025-01-06T11:23:26.4667679Z [36;1m    "result": "success",[0m
Status Check - Keycloak JavaScript CI	Run /./.github/actions/status-check	2025-01-06T11:23:26.4667934Z [36;1m    "outputs": {}[0m
Status Check - Keycloak JavaScript CI	Run /./.github/actions/status-check	2025-01-06T11:23:26.4668165Z [36;1m  },[0m
Status Check - Keycloak JavaScript CI	Run /./.github/actions/status-check	2025-01-06T11:23:26.4668374Z [36;1m  "admin-ui": {[0m
Status Check - Keycloak JavaScript CI	Run /./.github/actions/status-check	2025-01-06T11:23:26.4668606Z [36;1m    "result": "success",[0m
Status Check - Keycloak JavaScript CI	Run /./.github/actions/status-check	2025-01-06T11:23:26.4668853Z [36;1m    "outputs": {}[0m
Status Check - Keycloak JavaScript CI	Run /./.github/actions/status-check	2025-01-06T11:23:26.4669079Z [36;1m  },[0m
Status Check - Keycloak JavaScript CI	Run /./.github/actions/status-check	2025-01-06T11:23:26.4669291Z [36;1m  "admin-ui-e2e": {[0m
Status Check - Keycloak JavaScript CI	Run /./.github/actions/status-check	2025-01-06T11:23:26.4669532Z [36;1m    "result": "failure",[0m
Status Check - Keycloak JavaScript CI	Run /./.github/actions/status-check	2025-01-06T11:23:26.4669780Z [36;1m    "outputs": {}[0m
Status Check - Keycloak JavaScript CI	Run /./.github/actions/status-check	2025-01-06T11:23:26.4670003Z [36;1m  }[0m
Status Check - Keycloak JavaScript CI	Run /./.github/actions/status-check	2025-01-06T11:23:26.4670212Z [36;1m}'[0m
Status Check - Keycloak JavaScript CI	Run /./.github/actions/status-check	2025-01-06T11:23:26.4670429Z [36;1m[0m
Status Check - Keycloak JavaScript CI	Run /./.github/actions/status-check	2025-01-06T11:23:26.4670641Z [36;1mecho "Job status:"[0m
Status Check - Keycloak JavaScript CI	Run /./.github/actions/status-check	2025-01-06T11:23:26.4671014Z [36;1mecho $JOBS | jq -r 'to_entries[] | " - \(.key): \(.value.result)"'[0m
Status Check - Keycloak JavaScript CI	Run /./.github/actions/status-check	2025-01-06T11:23:26.4671364Z [36;1m[0m
Status Check - Keycloak JavaScript CI	Run /./.github/actions/status-check	2025-01-06T11:23:26.4671640Z [36;1mfor i in $(echo $JOBS | jq -r 'to_entries[] | .value.result'); do[0m
Status Check - Keycloak JavaScript CI	Run /./.github/actions/status-check	2025-01-06T11:23:26.4672032Z [36;1m  if [ "$i" != "success" ] && [ "$i" != "skipped" ]; then[0m
Status Check - Keycloak JavaScript CI	Run /./.github/actions/status-check	2025-01-06T11:23:26.4672331Z [36;1m    echo ""[0m
Status Check - Keycloak JavaScript CI	Run /./.github/actions/status-check	2025-01-06T11:23:26.4672569Z [36;1m    echo "Status check not okay!"[0m
Status Check - Keycloak JavaScript CI	Run /./.github/actions/status-check	2025-01-06T11:23:26.4672846Z [36;1m    exit 1[0m
Status Check - Keycloak JavaScript CI	Run /./.github/actions/status-check	2025-01-06T11:23:26.4673061Z [36;1m  fi[0m
Status Check - Keycloak JavaScript CI	Run /./.github/actions/status-check	2025-01-06T11:23:26.4673252Z [36;1mdone[0m
Status Check - Keycloak JavaScript CI	Run /./.github/actions/status-check	2025-01-06T11:23:26.4706252Z shell: /usr/bin/bash --noprofile --norc -e -o pipefail {0}
Status Check - Keycloak JavaScript CI	Run /./.github/actions/status-check	2025-01-06T11:23:26.4706663Z env:
Status Check - Keycloak JavaScript CI	Run /./.github/actions/status-check	2025-01-06T11:23:26.4706972Z   MAVEN_ARGS: -B -nsu -Daether.connector.http.connectionMaxTtl=25
Status Check - Keycloak JavaScript CI	Run /./.github/actions/status-check	2025-01-06T11:23:26.4707328Z   RETRY_COUNT: 3
Status Check - Keycloak JavaScript CI	Run /./.github/actions/status-check	2025-01-06T11:23:26.4707693Z ##[endgroup]
Status Check - Keycloak JavaScript CI	Run /./.github/actions/status-check	2025-01-06T11:23:26.4775899Z Job status:
Status Check - Keycloak JavaScript CI	Run /./.github/actions/status-check	2025-01-06T11:23:26.4824815Z  - conditional: success
Status Check - Keycloak JavaScript CI	Run /./.github/actions/status-check	2025-01-06T11:23:26.4825164Z  - build-keycloak: success
Status Check - Keycloak JavaScript CI	Run /./.github/actions/status-check	2025-01-06T11:23:26.4825439Z  - admin-client: success
Status Check - Keycloak JavaScript CI	Run /./.github/actions/status-check	2025-01-06T11:23:26.4825707Z  - ui-shared: success
Status Check - Keycloak JavaScript CI	Run /./.github/actions/status-check	2025-01-06T11:23:26.4825943Z  - account-ui: success
Status Check - Keycloak JavaScript CI	Run /./.github/actions/status-check	2025-01-06T11:23:26.4826177Z  - account-ui-e2e: success
Status Check - Keycloak JavaScript CI	Run /./.github/actions/status-check	2025-01-06T11:23:26.4826420Z  - admin-ui: success
Status Check - Keycloak JavaScript CI	Run /./.github/actions/status-check	2025-01-06T11:23:26.4826644Z  - admin-ui-e2e: failure
Status Check - Keycloak JavaScript CI	Run /./.github/actions/status-check	2025-01-06T11:23:26.4860320Z 
Status Check - Keycloak JavaScript CI	Run /./.github/actions/status-check	2025-01-06T11:23:26.4860747Z Status check not okay!
Status Check - Keycloak JavaScript CI	Run /./.github/actions/status-check	2025-01-06T11:23:26.4873548Z ##[error]Process completed with exit code 1.
