Java Distribution IT/UT (windows-latest, temurin, 17)	UNKNOWN STEP	ï»¿2025-11-18T14:27:22.9363602Z Current runner version: '2.329.0'
Java Distribution IT/UT (windows-latest, temurin, 17)	UNKNOWN STEP	2025-11-18T14:27:22.9389990Z ##[group]Runner Image Provisioner
Java Distribution IT/UT (windows-latest, temurin, 17)	UNKNOWN STEP	2025-11-18T14:27:22.9390788Z Hosted Compute Agent
Java Distribution IT/UT (windows-latest, temurin, 17)	UNKNOWN STEP	2025-11-18T14:27:22.9391279Z Version: 20251016.436
Java Distribution IT/UT (windows-latest, temurin, 17)	UNKNOWN STEP	2025-11-18T14:27:22.9391942Z Commit: 8ab8ac8bfd662a3739dab9fe09456aba92132568
Java Distribution IT/UT (windows-latest, temurin, 17)	UNKNOWN STEP	2025-11-18T14:27:22.9392645Z Build Date: 2025-10-15T20:44:12Z
Java Distribution IT/UT (windows-latest, temurin, 17)	UNKNOWN STEP	2025-11-18T14:27:22.9393186Z ##[endgroup]
Java Distribution IT/UT (windows-latest, temurin, 17)	UNKNOWN STEP	2025-11-18T14:27:22.9393717Z ##[group]Operating System
Java Distribution IT/UT (windows-latest, temurin, 17)	UNKNOWN STEP	2025-11-18T14:27:22.9394278Z Microsoft Windows Server 2025
Java Distribution IT/UT (windows-latest, temurin, 17)	UNKNOWN STEP	2025-11-18T14:27:22.9394837Z 10.0.26100
Java Distribution IT/UT (windows-latest, temurin, 17)	UNKNOWN STEP	2025-11-18T14:27:22.9395259Z Datacenter
Java Distribution IT/UT (windows-latest, temurin, 17)	UNKNOWN STEP	2025-11-18T14:27:22.9395705Z ##[endgroup]
Java Distribution IT/UT (windows-latest, temurin, 17)	UNKNOWN STEP	2025-11-18T14:27:22.9396133Z ##[group]Runner Image
Java Distribution IT/UT (windows-latest, temurin, 17)	UNKNOWN STEP	2025-11-18T14:27:22.9396719Z Image: windows-2025
Java Distribution IT/UT (windows-latest, temurin, 17)	UNKNOWN STEP	2025-11-18T14:27:22.9397216Z Version: 20251102.77.1
Java Distribution IT/UT (windows-latest, temurin, 17)	UNKNOWN STEP	2025-11-18T14:27:22.9398284Z Included Software: https://github.com/actions/runner-images/blob/win25/20251102.77/images/windows/Windows2025-Readme.md
Java Distribution IT/UT (windows-latest, temurin, 17)	UNKNOWN STEP	2025-11-18T14:27:22.9400852Z Image Release: https://github.com/actions/runner-images/releases/tag/win25%2F20251102.77
Java Distribution IT/UT (windows-latest, temurin, 17)	UNKNOWN STEP	2025-11-18T14:27:22.9401880Z ##[endgroup]
Java Distribution IT/UT (windows-latest, temurin, 17)	UNKNOWN STEP	2025-11-18T14:27:22.9402961Z ##[group]GITHUB_TOKEN Permissions
Java Distribution IT/UT (windows-latest, temurin, 17)	UNKNOWN STEP	2025-11-18T14:27:22.9404872Z Contents: read
Java Distribution IT/UT (windows-latest, temurin, 17)	UNKNOWN STEP	2025-11-18T14:27:22.9405352Z Metadata: read
Java Distribution IT/UT (windows-latest, temurin, 17)	UNKNOWN STEP	2025-11-18T14:27:22.9405863Z ##[endgroup]
Java Distribution IT/UT (windows-latest, temurin, 17)	UNKNOWN STEP	2025-11-18T14:27:22.9408028Z Secret source: None
Java Distribution IT/UT (windows-latest, temurin, 17)	UNKNOWN STEP	2025-11-18T14:27:22.9408660Z Prepare workflow directory
Java Distribution IT/UT (windows-latest, temurin, 17)	UNKNOWN STEP	2025-11-18T14:27:22.9823669Z Prepare all required actions
Java Distribution IT/UT (windows-latest, temurin, 17)	UNKNOWN STEP	2025-11-18T14:27:22.9882816Z Getting action download info
Java Distribution IT/UT (windows-latest, temurin, 17)	UNKNOWN STEP	2025-11-18T14:27:23.4839743Z Download action repository 'actions/checkout@08c6903cd8c0fde910a37f88322edcfb5dd907a8' (SHA:08c6903cd8c0fde910a37f88322edcfb5dd907a8)
Java Distribution IT/UT (windows-latest, temurin, 17)	UNKNOWN STEP	2025-11-18T14:27:23.7096921Z Complete job name: Java Distribution IT/UT (windows-latest, temurin, 17)
Java Distribution IT/UT (windows-latest, temurin, 17)	UNKNOWN STEP	2025-11-18T14:27:23.8749164Z ##[group]Run actions/checkout@08c6903cd8c0fde910a37f88322edcfb5dd907a8
Java Distribution IT/UT (windows-latest, temurin, 17)	UNKNOWN STEP	2025-11-18T14:27:23.8750989Z with:
Java Distribution IT/UT (windows-latest, temurin, 17)	UNKNOWN STEP	2025-11-18T14:27:23.8751486Z   repository: keycloak/keycloak
Java Distribution IT/UT (windows-latest, temurin, 17)	UNKNOWN STEP	2025-11-18T14:27:23.8752444Z   token: ***
Java Distribution IT/UT (windows-latest, temurin, 17)	UNKNOWN STEP	2025-11-18T14:27:23.8752975Z   ssh-strict: true
Java Distribution IT/UT (windows-latest, temurin, 17)	UNKNOWN STEP	2025-11-18T14:27:23.8753459Z   ssh-user: git
Java Distribution IT/UT (windows-latest, temurin, 17)	UNKNOWN STEP	2025-11-18T14:27:23.8753968Z   persist-credentials: true
Java Distribution IT/UT (windows-latest, temurin, 17)	UNKNOWN STEP	2025-11-18T14:27:23.8754525Z   clean: true
Java Distribution IT/UT (windows-latest, temurin, 17)	UNKNOWN STEP	2025-11-18T14:27:23.8755037Z   sparse-checkout-cone-mode: true
Java Distribution IT/UT (windows-latest, temurin, 17)	UNKNOWN STEP	2025-11-18T14:27:23.8755662Z   fetch-depth: 1
Java Distribution IT/UT (windows-latest, temurin, 17)	UNKNOWN STEP	2025-11-18T14:27:23.8756172Z   fetch-tags: false
Java Distribution IT/UT (windows-latest, temurin, 17)	UNKNOWN STEP	2025-11-18T14:27:23.8756629Z   show-progress: true
Java Distribution IT/UT (windows-latest, temurin, 17)	UNKNOWN STEP	2025-11-18T14:27:23.8757082Z   lfs: false
Java Distribution IT/UT (windows-latest, temurin, 17)	UNKNOWN STEP	2025-11-18T14:27:23.8757513Z   submodules: false
Java Distribution IT/UT (windows-latest, temurin, 17)	UNKNOWN STEP	2025-11-18T14:27:23.8757974Z   set-safe-directory: true
Java Distribution IT/UT (windows-latest, temurin, 17)	UNKNOWN STEP	2025-11-18T14:27:23.8758697Z env:
Java Distribution IT/UT (windows-latest, temurin, 17)	UNKNOWN STEP	2025-11-18T14:27:23.8759307Z   MAVEN_ARGS: -B -nsu -Daether.connector.http.connectionMaxTtl=25
Java Distribution IT/UT (windows-latest, temurin, 17)	UNKNOWN STEP	2025-11-18T14:27:23.8760102Z   SUREFIRE_RERUN_FAILING_COUNT: 2
Java Distribution IT/UT (windows-latest, temurin, 17)	UNKNOWN STEP	2025-11-18T14:27:23.8760824Z   SUREFIRE_RETRY: -Dsurefire.rerunFailingTestsCount=2
Java Distribution IT/UT (windows-latest, temurin, 17)	UNKNOWN STEP	2025-11-18T14:27:23.8761501Z ##[endgroup]
Java Distribution IT/UT (windows-latest, temurin, 17)	UNKNOWN STEP	2025-11-18T14:27:24.0282055Z Syncing repository: keycloak/keycloak
Java Distribution IT/UT (windows-latest, temurin, 17)	UNKNOWN STEP	2025-11-18T14:27:24.0285137Z ##[group]Getting Git version info
Java Distribution IT/UT (windows-latest, temurin, 17)	UNKNOWN STEP	2025-11-18T14:27:24.0287088Z Working directory is 'D:\a\keycloak\keycloak'
Java Distribution IT/UT (windows-latest, temurin, 17)	UNKNOWN STEP	2025-11-18T14:27:24.2213001Z [command]"C:\Program Files\Git\bin\git.exe" version
Java Distribution IT/UT (windows-latest, temurin, 17)	UNKNOWN STEP	2025-11-18T14:27:24.6691954Z git version 2.51.2.windows.1
Java Distribution IT/UT (windows-latest, temurin, 17)	UNKNOWN STEP	2025-11-18T14:27:24.6745225Z ##[endgroup]
Java Distribution IT/UT (windows-latest, temurin, 17)	UNKNOWN STEP	2025-11-18T14:27:24.6767145Z Temporarily overriding HOME='D:\a\_temp\a22a0ea8-c313-4923-ab45-5cad9e189341' before making global git config changes
Java Distribution IT/UT (windows-latest, temurin, 17)	UNKNOWN STEP	2025-11-18T14:27:24.6769192Z Adding repository directory to the temporary git global config as a safe directory
Java Distribution IT/UT (windows-latest, temurin, 17)	UNKNOWN STEP	2025-11-18T14:27:24.6777664Z [command]"C:\Program Files\Git\bin\git.exe" config --global --add safe.directory D:\a\keycloak\keycloak
Java Distribution IT/UT (windows-latest, temurin, 17)	UNKNOWN STEP	2025-11-18T14:27:24.7387692Z Deleting the contents of 'D:\a\keycloak\keycloak'
Java Distribution IT/UT (windows-latest, temurin, 17)	UNKNOWN STEP	2025-11-18T14:27:24.7395159Z ##[group]Initializing the repository
Java Distribution IT/UT (windows-latest, temurin, 17)	UNKNOWN STEP	2025-11-18T14:27:24.7403746Z [command]"C:\Program Files\Git\bin\git.exe" init D:\a\keycloak\keycloak
Java Distribution IT/UT (windows-latest, temurin, 17)	UNKNOWN STEP	2025-11-18T14:27:24.8285791Z Initialized empty Git repository in D:/a/keycloak/keycloak/.git/
Java Distribution IT/UT (windows-latest, temurin, 17)	UNKNOWN STEP	2025-11-18T14:27:24.8335024Z [command]"C:\Program Files\Git\bin\git.exe" remote add origin https://github.com/keycloak/keycloak
Java Distribution IT/UT (windows-latest, temurin, 17)	UNKNOWN STEP	2025-11-18T14:27:24.8974013Z ##[endgroup]
Java Distribution IT/UT (windows-latest, temurin, 17)	UNKNOWN STEP	2025-11-18T14:27:24.8975567Z ##[group]Disabling automatic garbage collection
Java Distribution IT/UT (windows-latest, temurin, 17)	UNKNOWN STEP	2025-11-18T14:27:24.8984013Z [command]"C:\Program Files\Git\bin\git.exe" config --local gc.auto 0
Java Distribution IT/UT (windows-latest, temurin, 17)	UNKNOWN STEP	2025-11-18T14:27:24.9319014Z ##[endgroup]
Java Distribution IT/UT (windows-latest, temurin, 17)	UNKNOWN STEP	2025-11-18T14:27:24.9320397Z ##[group]Setting up auth
Java Distribution IT/UT (windows-latest, temurin, 17)	UNKNOWN STEP	2025-11-18T14:27:24.9333035Z [command]"C:\Program Files\Git\bin\git.exe" config --local --name-only --get-regexp core\.sshCommand
Java Distribution IT/UT (windows-latest, temurin, 17)	UNKNOWN STEP	2025-11-18T14:27:24.9677388Z [command]"C:\Program Files\Git\bin\git.exe" submodule foreach --recursive "sh -c \"git config --local --name-only --get-regexp 'core\.sshCommand' && git config --local --unset-all 'core.sshCommand' || :\""
Java Distribution IT/UT (windows-latest, temurin, 17)	UNKNOWN STEP	2025-11-18T14:27:30.0335047Z [command]"C:\Program Files\Git\bin\git.exe" config --local --name-only --get-regexp http\.https\:\/\/github\.com\/\.extraheader
Java Distribution IT/UT (windows-latest, temurin, 17)	UNKNOWN STEP	2025-11-18T14:27:30.0753381Z [command]"C:\Program Files\Git\bin\git.exe" submodule foreach --recursive "sh -c \"git config --local --name-only --get-regexp 'http\.https\:\/\/github\.com\/\.extraheader' && git config --local --unset-all 'http.https://github.com/.extraheader' || :\""
Java Distribution IT/UT (windows-latest, temurin, 17)	UNKNOWN STEP	2025-11-18T14:27:30.8603924Z [command]"C:\Program Files\Git\bin\git.exe" config --local http.https://github.com/.extraheader "AUTHORIZATION: basic ***"
Java Distribution IT/UT (windows-latest, temurin, 17)	UNKNOWN STEP	2025-11-18T14:27:30.9131157Z ##[endgroup]
Java Distribution IT/UT (windows-latest, temurin, 17)	UNKNOWN STEP	2025-11-18T14:27:30.9141991Z ##[group]Fetching the repository
Java Distribution IT/UT (windows-latest, temurin, 17)	UNKNOWN STEP	2025-11-18T14:27:30.9151852Z [command]"C:\Program Files\Git\bin\git.exe" -c protocol.version=2 fetch --no-tags --prune --no-recurse-submodules --depth=1 origin +21c2ce75160bb9703cca77bf5a3d050168ac072d:refs/remotes/pull/44176/merge
Java Distribution IT/UT (windows-latest, temurin, 17)	UNKNOWN STEP	2025-11-18T14:27:48.0262196Z From https://github.com/keycloak/keycloak
Java Distribution IT/UT (windows-latest, temurin, 17)	UNKNOWN STEP	2025-11-18T14:27:48.0271209Z  * [new ref]         21c2ce75160bb9703cca77bf5a3d050168ac072d -> pull/44176/merge
Java Distribution IT/UT (windows-latest, temurin, 17)	UNKNOWN STEP	2025-11-18T14:27:48.0912720Z ##[endgroup]
Java Distribution IT/UT (windows-latest, temurin, 17)	UNKNOWN STEP	2025-11-18T14:27:48.0913451Z ##[group]Determining the checkout info
Java Distribution IT/UT (windows-latest, temurin, 17)	UNKNOWN STEP	2025-11-18T14:27:48.0921003Z ##[endgroup]
Java Distribution IT/UT (windows-latest, temurin, 17)	UNKNOWN STEP	2025-11-18T14:27:48.0932539Z [command]"C:\Program Files\Git\bin\git.exe" sparse-checkout disable
Java Distribution IT/UT (windows-latest, temurin, 17)	UNKNOWN STEP	2025-11-18T14:27:48.2330451Z [command]"C:\Program Files\Git\bin\git.exe" config --local --unset-all extensions.worktreeConfig
Java Distribution IT/UT (windows-latest, temurin, 17)	UNKNOWN STEP	2025-11-18T14:27:48.2691211Z ##[group]Checking out the ref
Java Distribution IT/UT (windows-latest, temurin, 17)	UNKNOWN STEP	2025-11-18T14:27:48.2692625Z [command]"C:\Program Files\Git\bin\git.exe" checkout --progress --force refs/remotes/pull/44176/merge
Java Distribution IT/UT (windows-latest, temurin, 17)	UNKNOWN STEP	2025-11-18T14:27:49.5152360Z Updating files:  25% (2834/11168)
Java Distribution IT/UT (windows-latest, temurin, 17)	UNKNOWN STEP	2025-11-18T14:27:49.5493692Z Updating files:  26% (2904/11168)
Java Distribution IT/UT (windows-latest, temurin, 17)	UNKNOWN STEP	2025-11-18T14:27:49.5800759Z Updating files:  27% (3016/11168)
Java Distribution IT/UT (windows-latest, temurin, 17)	UNKNOWN STEP	2025-11-18T14:27:49.6102042Z Updating files:  28% (3128/11168)
Java Distribution IT/UT (windows-latest, temurin, 17)	UNKNOWN STEP	2025-11-18T14:27:49.7837953Z Updating files:  29% (3239/11168)
Java Distribution IT/UT (windows-latest, temurin, 17)	UNKNOWN STEP	2025-11-18T14:27:49.8116671Z Updating files:  30% (3351/11168)
Java Distribution IT/UT (windows-latest, temurin, 17)	UNKNOWN STEP	2025-11-18T14:27:49.8386319Z Updating files:  31% (3463/11168)
Java Distribution IT/UT (windows-latest, temurin, 17)	UNKNOWN STEP	2025-11-18T14:27:49.8654722Z Updating files:  32% (3574/11168)
Java Distribution IT/UT (windows-latest, temurin, 17)	UNKNOWN STEP	2025-11-18T14:27:49.8971540Z Updating files:  33% (3686/11168)
Java Distribution IT/UT (windows-latest, temurin, 17)	UNKNOWN STEP	2025-11-18T14:27:49.9279618Z Updating files:  34% (3798/11168)
Java Distribution IT/UT (windows-latest, temurin, 17)	UNKNOWN STEP	2025-11-18T14:27:49.9582359Z Updating files:  35% (3909/11168)
Java Distribution IT/UT (windows-latest, temurin, 17)	UNKNOWN STEP	2025-11-18T14:27:49.9921988Z Updating files:  36% (4021/11168)
Java Distribution IT/UT (windows-latest, temurin, 17)	UNKNOWN STEP	2025-11-18T14:27:50.0240681Z Updating files:  37% (4133/11168)
Java Distribution IT/UT (windows-latest, temurin, 17)	UNKNOWN STEP	2025-11-18T14:27:50.0534497Z Updating files:  38% (4244/11168)
Java Distribution IT/UT (windows-latest, temurin, 17)	UNKNOWN STEP	2025-11-18T14:27:50.0816524Z Updating files:  39% (4356/11168)
Java Distribution IT/UT (windows-latest, temurin, 17)	UNKNOWN STEP	2025-11-18T14:27:50.1109372Z Updating files:  40% (4468/11168)
Java Distribution IT/UT (windows-latest, temurin, 17)	UNKNOWN STEP	2025-11-18T14:27:50.1468477Z Updating files:  41% (4579/11168)
Java Distribution IT/UT (windows-latest, temurin, 17)	UNKNOWN STEP	2025-11-18T14:27:50.1762921Z Updating files:  42% (4691/11168)
Java Distribution IT/UT (windows-latest, temurin, 17)	UNKNOWN STEP	2025-11-18T14:27:50.2095627Z Updating files:  43% (4803/11168)
Java Distribution IT/UT (windows-latest, temurin, 17)	UNKNOWN STEP	2025-11-18T14:27:50.2362650Z Updating files:  44% (4914/11168)
Java Distribution IT/UT (windows-latest, temurin, 17)	UNKNOWN STEP	2025-11-18T14:27:50.2701072Z Updating files:  45% (5026/11168)
Java Distribution IT/UT (windows-latest, temurin, 17)	UNKNOWN STEP	2025-11-18T14:27:50.3010468Z Updating files:  46% (5138/11168)
Java Distribution IT/UT (windows-latest, temurin, 17)	UNKNOWN STEP	2025-11-18T14:27:50.3869288Z Updating files:  47% (5249/11168)
Java Distribution IT/UT (windows-latest, temurin, 17)	UNKNOWN STEP	2025-11-18T14:27:50.4113753Z Updating files:  48% (5361/11168)
Java Distribution IT/UT (windows-latest, temurin, 17)	UNKNOWN STEP	2025-11-18T14:27:50.4362974Z Updating files:  49% (5473/11168)
Java Distribution IT/UT (windows-latest, temurin, 17)	UNKNOWN STEP	2025-11-18T14:27:50.4650721Z Updating files:  50% (5584/11168)
Java Distribution IT/UT (windows-latest, temurin, 17)	UNKNOWN STEP	2025-11-18T14:27:50.4945223Z Updating files:  51% (5696/11168)
Java Distribution IT/UT (windows-latest, temurin, 17)	UNKNOWN STEP	2025-11-18T14:27:50.4950297Z Updating files:  52% (5808/11168)
Java Distribution IT/UT (windows-latest, temurin, 17)	UNKNOWN STEP	2025-11-18T14:27:50.5199521Z Updating files:  52% (5811/11168)
Java Distribution IT/UT (windows-latest, temurin, 17)	UNKNOWN STEP	2025-11-18T14:27:50.5455646Z Updating files:  53% (5920/11168)
Java Distribution IT/UT (windows-latest, temurin, 17)	UNKNOWN STEP	2025-11-18T14:27:50.5710940Z Updating files:  54% (6031/11168)
Java Distribution IT/UT (windows-latest, temurin, 17)	UNKNOWN STEP	2025-11-18T14:27:50.5959516Z Updating files:  55% (6143/11168)
Java Distribution IT/UT (windows-latest, temurin, 17)	UNKNOWN STEP	2025-11-18T14:27:50.6207419Z Updating files:  56% (6255/11168)
Java Distribution IT/UT (windows-latest, temurin, 17)	UNKNOWN STEP	2025-11-18T14:27:50.6480754Z Updating files:  57% (6366/11168)
Java Distribution IT/UT (windows-latest, temurin, 17)	UNKNOWN STEP	2025-11-18T14:27:50.6800110Z Updating files:  58% (6478/11168)
Java Distribution IT/UT (windows-latest, temurin, 17)	UNKNOWN STEP	2025-11-18T14:27:50.7093885Z Updating files:  59% (6590/11168)
Java Distribution IT/UT (windows-latest, temurin, 17)	UNKNOWN STEP	2025-11-18T14:27:50.7385422Z Updating files:  60% (6701/11168)
Java Distribution IT/UT (windows-latest, temurin, 17)	UNKNOWN STEP	2025-11-18T14:27:50.7684421Z Updating files:  61% (6813/11168)
Java Distribution IT/UT (windows-latest, temurin, 17)	UNKNOWN STEP	2025-11-18T14:27:50.7980457Z Updating files:  62% (6925/11168)
Java Distribution IT/UT (windows-latest, temurin, 17)	UNKNOWN STEP	2025-11-18T14:27:50.8239305Z Updating files:  63% (7036/11168)
Java Distribution IT/UT (windows-latest, temurin, 17)	UNKNOWN STEP	2025-11-18T14:27:50.8530482Z Updating files:  64% (7148/11168)
Java Distribution IT/UT (windows-latest, temurin, 17)	UNKNOWN STEP	2025-11-18T14:27:50.8826446Z Updating files:  65% (7260/11168)
Java Distribution IT/UT (windows-latest, temurin, 17)	UNKNOWN STEP	2025-11-18T14:27:50.9125297Z Updating files:  66% (7371/11168)
Java Distribution IT/UT (windows-latest, temurin, 17)	UNKNOWN STEP	2025-11-18T14:27:50.9415185Z Updating files:  67% (7483/11168)
Java Distribution IT/UT (windows-latest, temurin, 17)	UNKNOWN STEP	2025-11-18T14:27:50.9693218Z Updating files:  68% (7595/11168)
Java Distribution IT/UT (windows-latest, temurin, 17)	UNKNOWN STEP	2025-11-18T14:27:50.9972090Z Updating files:  69% (7706/11168)
Java Distribution IT/UT (windows-latest, temurin, 17)	UNKNOWN STEP	2025-11-18T14:27:51.2454540Z Updating files:  70% (7818/11168)
Java Distribution IT/UT (windows-latest, temurin, 17)	UNKNOWN STEP	2025-11-18T14:27:51.2752658Z Updating files:  71% (7930/11168)
Java Distribution IT/UT (windows-latest, temurin, 17)	UNKNOWN STEP	2025-11-18T14:27:51.3014936Z Updating files:  72% (8041/11168)
Java Distribution IT/UT (windows-latest, temurin, 17)	UNKNOWN STEP	2025-11-18T14:27:51.3326863Z Updating files:  73% (8153/11168)
Java Distribution IT/UT (windows-latest, temurin, 17)	UNKNOWN STEP	2025-11-18T14:27:51.3629566Z Updating files:  74% (8265/11168)
Java Distribution IT/UT (windows-latest, temurin, 17)	UNKNOWN STEP	2025-11-18T14:27:51.3895252Z Updating files:  75% (8376/11168)
Java Distribution IT/UT (windows-latest, temurin, 17)	UNKNOWN STEP	2025-11-18T14:27:51.4279768Z Updating files:  76% (8488/11168)
Java Distribution IT/UT (windows-latest, temurin, 17)	UNKNOWN STEP	2025-11-18T14:27:51.4608960Z Updating files:  77% (8600/11168)
Java Distribution IT/UT (windows-latest, temurin, 17)	UNKNOWN STEP	2025-11-18T14:27:51.4920693Z Updating files:  78% (8712/11168)
Java Distribution IT/UT (windows-latest, temurin, 17)	UNKNOWN STEP	2025-11-18T14:27:51.5090704Z Updating files:  79% (8823/11168)
Java Distribution IT/UT (windows-latest, temurin, 17)	UNKNOWN STEP	2025-11-18T14:27:51.5279307Z Updating files:  79% (8882/11168)
Java Distribution IT/UT (windows-latest, temurin, 17)	UNKNOWN STEP	2025-11-18T14:27:51.5635701Z Updating files:  80% (8935/11168)
Java Distribution IT/UT (windows-latest, temurin, 17)	UNKNOWN STEP	2025-11-18T14:27:51.5949234Z Updating files:  81% (9047/11168)
Java Distribution IT/UT (windows-latest, temurin, 17)	UNKNOWN STEP	2025-11-18T14:27:51.6223672Z Updating files:  82% (9158/11168)
Java Distribution IT/UT (windows-latest, temurin, 17)	UNKNOWN STEP	2025-11-18T14:27:51.6521648Z Updating files:  83% (9270/11168)
Java Distribution IT/UT (windows-latest, temurin, 17)	UNKNOWN STEP	2025-11-18T14:27:51.6802056Z Updating files:  84% (9382/11168)
Java Distribution IT/UT (windows-latest, temurin, 17)	UNKNOWN STEP	2025-11-18T14:27:51.7072906Z Updating files:  85% (9493/11168)
Java Distribution IT/UT (windows-latest, temurin, 17)	UNKNOWN STEP	2025-11-18T14:27:51.7357621Z Updating files:  86% (9605/11168)
Java Distribution IT/UT (windows-latest, temurin, 17)	UNKNOWN STEP	2025-11-18T14:27:51.7668027Z Updating files:  87% (9717/11168)
Java Distribution IT/UT (windows-latest, temurin, 17)	UNKNOWN STEP	2025-11-18T14:27:51.7974857Z Updating files:  88% (9828/11168)
Java Distribution IT/UT (windows-latest, temurin, 17)	UNKNOWN STEP	2025-11-18T14:27:51.8298103Z Updating files:  89% (9940/11168)
Java Distribution IT/UT (windows-latest, temurin, 17)	UNKNOWN STEP	2025-11-18T14:27:51.8724987Z Updating files:  90% (10052/11168)
Java Distribution IT/UT (windows-latest, temurin, 17)	UNKNOWN STEP	2025-11-18T14:27:51.9076778Z Updating files:  91% (10163/11168)
Java Distribution IT/UT (windows-latest, temurin, 17)	UNKNOWN STEP	2025-11-18T14:27:51.9413771Z Updating files:  92% (10275/11168)
Java Distribution IT/UT (windows-latest, temurin, 17)	UNKNOWN STEP	2025-11-18T14:27:51.9701906Z Updating files:  93% (10387/11168)
Java Distribution IT/UT (windows-latest, temurin, 17)	UNKNOWN STEP	2025-11-18T14:27:52.0039225Z Updating files:  94% (10498/11168)
Java Distribution IT/UT (windows-latest, temurin, 17)	UNKNOWN STEP	2025-11-18T14:27:52.0384788Z Updating files:  95% (10610/11168)
Java Distribution IT/UT (windows-latest, temurin, 17)	UNKNOWN STEP	2025-11-18T14:27:52.0736784Z Updating files:  96% (10722/11168)
Java Distribution IT/UT (windows-latest, temurin, 17)	UNKNOWN STEP	2025-11-18T14:27:52.1082927Z Updating files:  97% (10833/11168)
Java Distribution IT/UT (windows-latest, temurin, 17)	UNKNOWN STEP	2025-11-18T14:27:52.1396930Z Updating files:  98% (10945/11168)
Java Distribution IT/UT (windows-latest, temurin, 17)	UNKNOWN STEP	2025-11-18T14:27:52.2288197Z Updating files:  99% (11057/11168)
Java Distribution IT/UT (windows-latest, temurin, 17)	UNKNOWN STEP	2025-11-18T14:27:52.2289071Z Updating files: 100% (11168/11168)
Java Distribution IT/UT (windows-latest, temurin, 17)	UNKNOWN STEP	2025-11-18T14:27:52.2289889Z Updating files: 100% (11168/11168), done.
Java Distribution IT/UT (windows-latest, temurin, 17)	UNKNOWN STEP	2025-11-18T14:27:52.5093911Z Note: switching to 'refs/remotes/pull/44176/merge'.
Java Distribution IT/UT (windows-latest, temurin, 17)	UNKNOWN STEP	2025-11-18T14:27:52.5094229Z 
Java Distribution IT/UT (windows-latest, temurin, 17)	UNKNOWN STEP	2025-11-18T14:27:52.5094458Z You are in 'detached HEAD' state. You can look around, make experimental
Java Distribution IT/UT (windows-latest, temurin, 17)	UNKNOWN STEP	2025-11-18T14:27:52.5095008Z changes and commit them, and you can discard any commits you make in this
Java Distribution IT/UT (windows-latest, temurin, 17)	UNKNOWN STEP	2025-11-18T14:27:52.5095674Z state without impacting any branches by switching back to a branch.
Java Distribution IT/UT (windows-latest, temurin, 17)	UNKNOWN STEP	2025-11-18T14:27:52.5096160Z 
Java Distribution IT/UT (windows-latest, temurin, 17)	UNKNOWN STEP	2025-11-18T14:27:52.5096974Z If you want to create a new branch to retain commits you create, you may
Java Distribution IT/UT (windows-latest, temurin, 17)	UNKNOWN STEP	2025-11-18T14:27:52.5097753Z do so (now or later) by using -c with the switch command. Example:
Java Distribution IT/UT (windows-latest, temurin, 17)	UNKNOWN STEP	2025-11-18T14:27:52.5098548Z 
Java Distribution IT/UT (windows-latest, temurin, 17)	UNKNOWN STEP	2025-11-18T14:27:52.5098702Z   git switch -c <new-branch-name>
Java Distribution IT/UT (windows-latest, temurin, 17)	UNKNOWN STEP	2025-11-18T14:27:52.5098964Z 
Java Distribution IT/UT (windows-latest, temurin, 17)	UNKNOWN STEP	2025-11-18T14:27:52.5099097Z Or undo this operation with:
Java Distribution IT/UT (windows-latest, temurin, 17)	UNKNOWN STEP	2025-11-18T14:27:52.5099318Z 
Java Distribution IT/UT (windows-latest, temurin, 17)	UNKNOWN STEP	2025-11-18T14:27:52.5099435Z   git switch -
Java Distribution IT/UT (windows-latest, temurin, 17)	UNKNOWN STEP	2025-11-18T14:27:52.5099605Z 
Java Distribution IT/UT (windows-latest, temurin, 17)	UNKNOWN STEP	2025-11-18T14:27:52.5099925Z Turn off this advice by setting config variable advice.detachedHead to false
Java Distribution IT/UT (windows-latest, temurin, 17)	UNKNOWN STEP	2025-11-18T14:27:52.5100389Z 
Java Distribution IT/UT (windows-latest, temurin, 17)	UNKNOWN STEP	2025-11-18T14:27:52.5100997Z HEAD is now at 21c2ce7 Merge abbaeb164b917e5fa311a1e48ef360c251989266 into 68cfb8d720dd1177b0daa1b4aeae2a2deb5aea1f
Java Distribution IT/UT (windows-latest, temurin, 17)	UNKNOWN STEP	2025-11-18T14:27:52.5306985Z ##[endgroup]
Java Distribution IT/UT (windows-latest, temurin, 17)	UNKNOWN STEP	2025-11-18T14:27:53.0530358Z [command]"C:\Program Files\Git\bin\git.exe" log -1 --format=%H
Java Distribution IT/UT (windows-latest, temurin, 17)	UNKNOWN STEP	2025-11-18T14:27:53.3162316Z 21c2ce75160bb9703cca77bf5a3d050168ac072d
Java Distribution IT/UT (windows-latest, temurin, 17)	UNKNOWN STEP	2025-11-18T14:27:53.3709211Z Prepare all required actions
Java Distribution IT/UT (windows-latest, temurin, 17)	UNKNOWN STEP	2025-11-18T14:27:53.3709762Z Getting action download info
Java Distribution IT/UT (windows-latest, temurin, 17)	UNKNOWN STEP	2025-11-18T14:27:53.5949243Z Download action repository 'actions/download-artifact@d3f86a106a0bac45b974a628896c90dbdf5c8093' (SHA:d3f86a106a0bac45b974a628896c90dbdf5c8093)
Java Distribution IT/UT (windows-latest, temurin, 17)	UNKNOWN STEP	2025-11-18T14:27:54.3819772Z ##[group]Run ./.github/actions/integration-test-setup
Java Distribution IT/UT (windows-latest, temurin, 17)	UNKNOWN STEP	2025-11-18T14:27:54.3820266Z with:
Java Distribution IT/UT (windows-latest, temurin, 17)	UNKNOWN STEP	2025-11-18T14:27:54.3820523Z   jdk-dist: temurin
Java Distribution IT/UT (windows-latest, temurin, 17)	UNKNOWN STEP	2025-11-18T14:27:54.3820817Z   jdk-version: 17
Java Distribution IT/UT (windows-latest, temurin, 17)	UNKNOWN STEP	2025-11-18T14:27:54.3821082Z env:
Java Distribution IT/UT (windows-latest, temurin, 17)	UNKNOWN STEP	2025-11-18T14:27:54.3821497Z   MAVEN_ARGS: -B -nsu -Daether.connector.http.connectionMaxTtl=25
Java Distribution IT/UT (windows-latest, temurin, 17)	UNKNOWN STEP	2025-11-18T14:27:54.3822049Z   SUREFIRE_RERUN_FAILING_COUNT: 2
Java Distribution IT/UT (windows-latest, temurin, 17)	UNKNOWN STEP	2025-11-18T14:27:54.3822511Z   SUREFIRE_RETRY: -Dsurefire.rerunFailingTestsCount=2
Java Distribution IT/UT (windows-latest, temurin, 17)	UNKNOWN STEP	2025-11-18T14:27:54.3822970Z ##[endgroup]
Java Distribution IT/UT (windows-latest, temurin, 17)	UNKNOWN STEP	2025-11-18T14:27:54.4149547Z Prepare all required actions
Java Distribution IT/UT (windows-latest, temurin, 17)	UNKNOWN STEP	2025-11-18T14:27:54.4192376Z ##[group]Run ./.github/actions/update-hosts
Java Distribution IT/UT (windows-latest, temurin, 17)	UNKNOWN STEP	2025-11-18T14:27:54.4192660Z env:
Java Distribution IT/UT (windows-latest, temurin, 17)	UNKNOWN STEP	2025-11-18T14:27:54.4192983Z   MAVEN_ARGS: -B -nsu -Daether.connector.http.connectionMaxTtl=25
Java Distribution IT/UT (windows-latest, temurin, 17)	UNKNOWN STEP	2025-11-18T14:27:54.4193339Z   SUREFIRE_RERUN_FAILING_COUNT: 2
Java Distribution IT/UT (windows-latest, temurin, 17)	UNKNOWN STEP	2025-11-18T14:27:54.4193637Z   SUREFIRE_RETRY: -Dsurefire.rerunFailingTestsCount=2
Java Distribution IT/UT (windows-latest, temurin, 17)	UNKNOWN STEP	2025-11-18T14:27:54.4193942Z ##[endgroup]
Java Distribution IT/UT (windows-latest, temurin, 17)	UNKNOWN STEP	2025-11-18T14:27:54.4401581Z ##[group]Run "`n`n" | Add-Content C:\Windows\System32\drivers\etc\hosts
Java Distribution IT/UT (windows-latest, temurin, 17)	UNKNOWN STEP	2025-11-18T14:27:54.4402190Z [36;1m"`n`n" | Add-Content C:\Windows\System32\drivers\etc\hosts[0m
Java Distribution IT/UT (windows-latest, temurin, 17)	UNKNOWN STEP	2025-11-18T14:27:54.4402871Z [36;1mGet-Content .github/actions/update-hosts/hosts | Add-Content C:\Windows\System32\drivers\etc\hosts[0m
Java Distribution IT/UT (windows-latest, temurin, 17)	UNKNOWN STEP	2025-11-18T14:27:55.3420271Z shell: C:\Windows\System32\WindowsPowerShell\v1.0\powershell.EXE -command ". '{0}'"
Java Distribution IT/UT (windows-latest, temurin, 17)	UNKNOWN STEP	2025-11-18T14:27:55.3420971Z env:
Java Distribution IT/UT (windows-latest, temurin, 17)	UNKNOWN STEP	2025-11-18T14:27:55.3421392Z   MAVEN_ARGS: -B -nsu -Daether.connector.http.connectionMaxTtl=25
Java Distribution IT/UT (windows-latest, temurin, 17)	UNKNOWN STEP	2025-11-18T14:27:55.3421963Z   SUREFIRE_RERUN_FAILING_COUNT: 2
Java Distribution IT/UT (windows-latest, temurin, 17)	UNKNOWN STEP	2025-11-18T14:27:55.3422426Z   SUREFIRE_RETRY: -Dsurefire.rerunFailingTestsCount=2
Java Distribution IT/UT (windows-latest, temurin, 17)	UNKNOWN STEP	2025-11-18T14:27:55.3422909Z ##[endgroup]
Java Distribution IT/UT (windows-latest, temurin, 17)	UNKNOWN STEP	2025-11-18T14:27:56.4416475Z Prepare all required actions
Java Distribution IT/UT (windows-latest, temurin, 17)	UNKNOWN STEP	2025-11-18T14:27:56.4416813Z Getting action download info
Java Distribution IT/UT (windows-latest, temurin, 17)	UNKNOWN STEP	2025-11-18T14:27:56.6826704Z Download action repository 'actions/setup-java@c5195efecf7bdfc987ee8bae7a71cb8b11521c00' (SHA:c5195efecf7bdfc987ee8bae7a71cb8b11521c00)
Java Distribution IT/UT (windows-latest, temurin, 17)	UNKNOWN STEP	2025-11-18T14:27:57.3804175Z ##[group]Run ./.github/actions/java-setup
Java Distribution IT/UT (windows-latest, temurin, 17)	UNKNOWN STEP	2025-11-18T14:27:57.3804454Z with:
Java Distribution IT/UT (windows-latest, temurin, 17)	UNKNOWN STEP	2025-11-18T14:27:57.3804640Z   distribution: temurin
Java Distribution IT/UT (windows-latest, temurin, 17)	UNKNOWN STEP	2025-11-18T14:27:57.3804849Z   java-version: 17
Java Distribution IT/UT (windows-latest, temurin, 17)	UNKNOWN STEP	2025-11-18T14:27:57.3805040Z env:
Java Distribution IT/UT (windows-latest, temurin, 17)	UNKNOWN STEP	2025-11-18T14:27:57.3805323Z   MAVEN_ARGS: -B -nsu -Daether.connector.http.connectionMaxTtl=25
Java Distribution IT/UT (windows-latest, temurin, 17)	UNKNOWN STEP	2025-11-18T14:27:57.3805717Z   SUREFIRE_RERUN_FAILING_COUNT: 2
Java Distribution IT/UT (windows-latest, temurin, 17)	UNKNOWN STEP	2025-11-18T14:27:57.3806053Z   SUREFIRE_RETRY: -Dsurefire.rerunFailingTestsCount=2
Java Distribution IT/UT (windows-latest, temurin, 17)	UNKNOWN STEP	2025-11-18T14:27:57.3806365Z ##[endgroup]
Java Distribution IT/UT (windows-latest, temurin, 17)	UNKNOWN STEP	2025-11-18T14:27:57.3992817Z ##[group]Run actions/setup-java@c5195efecf7bdfc987ee8bae7a71cb8b11521c00
Java Distribution IT/UT (windows-latest, temurin, 17)	UNKNOWN STEP	2025-11-18T14:27:57.3993267Z with:
Java Distribution IT/UT (windows-latest, temurin, 17)	UNKNOWN STEP	2025-11-18T14:27:57.3993489Z   distribution: temurin
Java Distribution IT/UT (windows-latest, temurin, 17)	UNKNOWN STEP	2025-11-18T14:27:57.3993743Z   java-version: 17
Java Distribution IT/UT (windows-latest, temurin, 17)	UNKNOWN STEP	2025-11-18T14:27:57.3994077Z   java-package: jdk
Java Distribution IT/UT (windows-latest, temurin, 17)	UNKNOWN STEP	2025-11-18T14:27:57.3994375Z   check-latest: false
Java Distribution IT/UT (windows-latest, temurin, 17)	UNKNOWN STEP	2025-11-18T14:27:57.3994591Z   server-id: github
Java Distribution IT/UT (windows-latest, temurin, 17)	UNKNOWN STEP	2025-11-18T14:27:57.3994815Z   server-username: GITHUB_ACTOR
Java Distribution IT/UT (windows-latest, temurin, 17)	UNKNOWN STEP	2025-11-18T14:27:57.3995341Z   server-password: GITHUB_TOKEN
Java Distribution IT/UT (windows-latest, temurin, 17)	UNKNOWN STEP	2025-11-18T14:27:57.3995608Z   overwrite-settings: true
Java Distribution IT/UT (windows-latest, temurin, 17)	UNKNOWN STEP	2025-11-18T14:27:57.3995853Z   job-status: success
Java Distribution IT/UT (windows-latest, temurin, 17)	UNKNOWN STEP	2025-11-18T14:27:57.3996206Z   token: ***
Java Distribution IT/UT (windows-latest, temurin, 17)	UNKNOWN STEP	2025-11-18T14:27:57.3996406Z env:
Java Distribution IT/UT (windows-latest, temurin, 17)	UNKNOWN STEP	2025-11-18T14:27:57.3996713Z   MAVEN_ARGS: -B -nsu -Daether.connector.http.connectionMaxTtl=25
Java Distribution IT/UT (windows-latest, temurin, 17)	UNKNOWN STEP	2025-11-18T14:27:57.3997138Z   SUREFIRE_RERUN_FAILING_COUNT: 2
Java Distribution IT/UT (windows-latest, temurin, 17)	UNKNOWN STEP	2025-11-18T14:27:57.3997478Z   SUREFIRE_RETRY: -Dsurefire.rerunFailingTestsCount=2
Java Distribution IT/UT (windows-latest, temurin, 17)	UNKNOWN STEP	2025-11-18T14:27:57.3998074Z ##[endgroup]
Java Distribution IT/UT (windows-latest, temurin, 17)	UNKNOWN STEP	2025-11-18T14:27:57.7377147Z ##[group]Installed distributions
Java Distribution IT/UT (windows-latest, temurin, 17)	UNKNOWN STEP	2025-11-18T14:27:57.7498053Z Resolved Java 17.0.17+10 from tool-cache
Java Distribution IT/UT (windows-latest, temurin, 17)	UNKNOWN STEP	2025-11-18T14:27:57.7498666Z Setting Java 17.0.17+10 as the default
Java Distribution IT/UT (windows-latest, temurin, 17)	UNKNOWN STEP	2025-11-18T14:27:57.7522789Z Creating toolchains.xml for JDK version 17 from temurin
Java Distribution IT/UT (windows-latest, temurin, 17)	UNKNOWN STEP	2025-11-18T14:27:57.7637908Z Writing to C:\Users\runneradmin\.m2\toolchains.xml
Java Distribution IT/UT (windows-latest, temurin, 17)	UNKNOWN STEP	2025-11-18T14:27:57.7662229Z 
Java Distribution IT/UT (windows-latest, temurin, 17)	UNKNOWN STEP	2025-11-18T14:27:57.7666695Z Java configuration:
Java Distribution IT/UT (windows-latest, temurin, 17)	UNKNOWN STEP	2025-11-18T14:27:57.7667303Z   Distribution: temurin
Java Distribution IT/UT (windows-latest, temurin, 17)	UNKNOWN STEP	2025-11-18T14:27:57.7667820Z   Version: 17.0.17+10
Java Distribution IT/UT (windows-latest, temurin, 17)	UNKNOWN STEP	2025-11-18T14:27:57.7668499Z   Path: C:\hostedtoolcache\windows\Java_Temurin-Hotspot_jdk\17.0.17-10\x64
Java Distribution IT/UT (windows-latest, temurin, 17)	UNKNOWN STEP	2025-11-18T14:27:57.7669133Z 
Java Distribution IT/UT (windows-latest, temurin, 17)	UNKNOWN STEP	2025-11-18T14:27:57.7669769Z ##[endgroup]
Java Distribution IT/UT (windows-latest, temurin, 17)	UNKNOWN STEP	2025-11-18T14:27:57.7689550Z Creating settings.xml with server-id: github
Java Distribution IT/UT (windows-latest, temurin, 17)	UNKNOWN STEP	2025-11-18T14:27:57.7690069Z Writing to C:\Users\runneradmin\.m2\settings.xml
Java Distribution IT/UT (windows-latest, temurin, 17)	UNKNOWN STEP	2025-11-18T14:27:57.8023988Z Prepare all required actions
Java Distribution IT/UT (windows-latest, temurin, 17)	UNKNOWN STEP	2025-11-18T14:27:57.8024305Z Getting action download info
Java Distribution IT/UT (windows-latest, temurin, 17)	UNKNOWN STEP	2025-11-18T14:27:58.0212624Z Download action repository 'actions/cache@5a3ec84eff668545956fd18022155c47e93e2684' (SHA:5a3ec84eff668545956fd18022155c47e93e2684)
Java Distribution IT/UT (windows-latest, temurin, 17)	UNKNOWN STEP	2025-11-18T14:27:58.2450543Z ##[group]Run ./.github/actions/maven-cache
Java Distribution IT/UT (windows-latest, temurin, 17)	UNKNOWN STEP	2025-11-18T14:27:58.2450840Z with:
Java Distribution IT/UT (windows-latest, temurin, 17)	UNKNOWN STEP	2025-11-18T14:27:58.2451056Z   create-cache-if-it-doesnt-exist: false
Java Distribution IT/UT (windows-latest, temurin, 17)	UNKNOWN STEP	2025-11-18T14:27:58.2451325Z env:
Java Distribution IT/UT (windows-latest, temurin, 17)	UNKNOWN STEP	2025-11-18T14:27:58.2451945Z   MAVEN_ARGS: -B -nsu -Daether.connector.http.connectionMaxTtl=25
Java Distribution IT/UT (windows-latest, temurin, 17)	UNKNOWN STEP	2025-11-18T14:27:58.2452441Z   SUREFIRE_RERUN_FAILING_COUNT: 2
Java Distribution IT/UT (windows-latest, temurin, 17)	UNKNOWN STEP	2025-11-18T14:27:58.2452852Z   SUREFIRE_RETRY: -Dsurefire.rerunFailingTestsCount=2
Java Distribution IT/UT (windows-latest, temurin, 17)	UNKNOWN STEP	2025-11-18T14:27:58.2453326Z   JAVA_HOME: C:\hostedtoolcache\windows\Java_Temurin-Hotspot_jdk\17.0.17-10\x64
Java Distribution IT/UT (windows-latest, temurin, 17)	UNKNOWN STEP	2025-11-18T14:27:58.2453881Z   JAVA_HOME_17_X64: C:\hostedtoolcache\windows\Java_Temurin-Hotspot_jdk\17.0.17-10\x64
Java Distribution IT/UT (windows-latest, temurin, 17)	UNKNOWN STEP	2025-11-18T14:27:58.2454300Z ##[endgroup]
Java Distribution IT/UT (windows-latest, temurin, 17)	UNKNOWN STEP	2025-11-18T14:27:58.2595358Z ##[group]Run echo "key=mvn-`date -u "+%Y-%U"`" >> $GITHUB_OUTPUT
Java Distribution IT/UT (windows-latest, temurin, 17)	UNKNOWN STEP	2025-11-18T14:27:58.2595812Z [36;1mecho "key=mvn-`date -u "+%Y-%U"`" >> $GITHUB_OUTPUT[0m
Java Distribution IT/UT (windows-latest, temurin, 17)	UNKNOWN STEP	2025-11-18T14:27:58.2615064Z shell: C:\Program Files\Git\bin\bash.EXE --noprofile --norc -e -o pipefail {0}
Java Distribution IT/UT (windows-latest, temurin, 17)	UNKNOWN STEP	2025-11-18T14:27:58.2615657Z env:
Java Distribution IT/UT (windows-latest, temurin, 17)	UNKNOWN STEP	2025-11-18T14:27:58.2616010Z   MAVEN_ARGS: -B -nsu -Daether.connector.http.connectionMaxTtl=25
Java Distribution IT/UT (windows-latest, temurin, 17)	UNKNOWN STEP	2025-11-18T14:27:58.2616376Z   SUREFIRE_RERUN_FAILING_COUNT: 2
Java Distribution IT/UT (windows-latest, temurin, 17)	UNKNOWN STEP	2025-11-18T14:27:58.2616671Z   SUREFIRE_RETRY: -Dsurefire.rerunFailingTestsCount=2
Java Distribution IT/UT (windows-latest, temurin, 17)	UNKNOWN STEP	2025-11-18T14:27:58.2617122Z   JAVA_HOME: C:\hostedtoolcache\windows\Java_Temurin-Hotspot_jdk\17.0.17-10\x64
Java Distribution IT/UT (windows-latest, temurin, 17)	UNKNOWN STEP	2025-11-18T14:27:58.2617668Z   JAVA_HOME_17_X64: C:\hostedtoolcache\windows\Java_Temurin-Hotspot_jdk\17.0.17-10\x64
Java Distribution IT/UT (windows-latest, temurin, 17)	UNKNOWN STEP	2025-11-18T14:27:58.2618052Z ##[endgroup]
Java Distribution IT/UT (windows-latest, temurin, 17)	UNKNOWN STEP	2025-11-18T14:28:01.8866602Z ##[group]Run actions/cache/restore@5a3ec84eff668545956fd18022155c47e93e2684
Java Distribution IT/UT (windows-latest, temurin, 17)	UNKNOWN STEP	2025-11-18T14:28:01.8867453Z with:
Java Distribution IT/UT (windows-latest, temurin, 17)	UNKNOWN STEP	2025-11-18T14:28:01.8867744Z   path: ~/.m2/repository/*/*
Java Distribution IT/UT (windows-latest, temurin, 17)	UNKNOWN STEP	!~/.m2/repository/org/keycloak
Java Distribution IT/UT (windows-latest, temurin, 17)	UNKNOWN STEP	
Java Distribution IT/UT (windows-latest, temurin, 17)	UNKNOWN STEP	2025-11-18T14:28:01.8868097Z   key: mvn-Windows-mvn-2025-46
Java Distribution IT/UT (windows-latest, temurin, 17)	UNKNOWN STEP	2025-11-18T14:28:01.8868349Z   restore-keys: mvn--mvn-2025-46
Java Distribution IT/UT (windows-latest, temurin, 17)	UNKNOWN STEP	
Java Distribution IT/UT (windows-latest, temurin, 17)	UNKNOWN STEP	2025-11-18T14:28:01.8868615Z   enableCrossOsArchive: true
Java Distribution IT/UT (windows-latest, temurin, 17)	UNKNOWN STEP	2025-11-18T14:28:01.8868855Z   fail-on-cache-miss: false
Java Distribution IT/UT (windows-latest, temurin, 17)	UNKNOWN STEP	2025-11-18T14:28:01.8869085Z   lookup-only: false
Java Distribution IT/UT (windows-latest, temurin, 17)	UNKNOWN STEP	2025-11-18T14:28:01.8869295Z env:
Java Distribution IT/UT (windows-latest, temurin, 17)	UNKNOWN STEP	2025-11-18T14:28:01.8869579Z   MAVEN_ARGS: -B -nsu -Daether.connector.http.connectionMaxTtl=25
Java Distribution IT/UT (windows-latest, temurin, 17)	UNKNOWN STEP	2025-11-18T14:28:01.8869952Z   SUREFIRE_RERUN_FAILING_COUNT: 2
Java Distribution IT/UT (windows-latest, temurin, 17)	UNKNOWN STEP	2025-11-18T14:28:01.8870265Z   SUREFIRE_RETRY: -Dsurefire.rerunFailingTestsCount=2
Java Distribution IT/UT (windows-latest, temurin, 17)	UNKNOWN STEP	2025-11-18T14:28:01.8871581Z   JAVA_HOME: C:\hostedtoolcache\windows\Java_Temurin-Hotspot_jdk\17.0.17-10\x64
Java Distribution IT/UT (windows-latest, temurin, 17)	UNKNOWN STEP	2025-11-18T14:28:01.8872143Z   JAVA_HOME_17_X64: C:\hostedtoolcache\windows\Java_Temurin-Hotspot_jdk\17.0.17-10\x64
Java Distribution IT/UT (windows-latest, temurin, 17)	UNKNOWN STEP	2025-11-18T14:28:01.8873007Z ##[endgroup]
Java Distribution IT/UT (windows-latest, temurin, 17)	UNKNOWN STEP	2025-11-18T14:28:02.9312316Z Cache not found for input keys: mvn-Windows-mvn-2025-46, mvn--mvn-2025-46
Java Distribution IT/UT (windows-latest, temurin, 17)	UNKNOWN STEP	2025-11-18T14:28:02.9587742Z Prepare all required actions
Java Distribution IT/UT (windows-latest, temurin, 17)	UNKNOWN STEP	2025-11-18T14:28:02.9588273Z Getting action download info
Java Distribution IT/UT (windows-latest, temurin, 17)	UNKNOWN STEP	2025-11-18T14:28:03.1715267Z ##[group]Run ./.github/actions/node-cache
Java Distribution IT/UT (windows-latest, temurin, 17)	UNKNOWN STEP	2025-11-18T14:28:03.1715682Z env:
Java Distribution IT/UT (windows-latest, temurin, 17)	UNKNOWN STEP	2025-11-18T14:28:03.1716097Z   MAVEN_ARGS: -B -nsu -Daether.connector.http.connectionMaxTtl=25
Java Distribution IT/UT (windows-latest, temurin, 17)	UNKNOWN STEP	2025-11-18T14:28:03.1716655Z   SUREFIRE_RERUN_FAILING_COUNT: 2
Java Distribution IT/UT (windows-latest, temurin, 17)	UNKNOWN STEP	2025-11-18T14:28:03.1718515Z   SUREFIRE_RETRY: -Dsurefire.rerunFailingTestsCount=2
Java Distribution IT/UT (windows-latest, temurin, 17)	UNKNOWN STEP	2025-11-18T14:28:03.1719470Z   JAVA_HOME: C:\hostedtoolcache\windows\Java_Temurin-Hotspot_jdk\17.0.17-10\x64
Java Distribution IT/UT (windows-latest, temurin, 17)	UNKNOWN STEP	2025-11-18T14:28:03.1720327Z   JAVA_HOME_17_X64: C:\hostedtoolcache\windows\Java_Temurin-Hotspot_jdk\17.0.17-10\x64
Java Distribution IT/UT (windows-latest, temurin, 17)	UNKNOWN STEP	2025-11-18T14:28:03.1720976Z ##[endgroup]
Java Distribution IT/UT (windows-latest, temurin, 17)	UNKNOWN STEP	2025-11-18T14:28:03.1918910Z ##[group]Run echo "node=$(cat js/pom.xml | grep '<node.version>' | cut -d '>' -f 2 | cut -d '<' -f 1 | cut -c 2-)" >> $GITHUB_OUTPUT
Java Distribution IT/UT (windows-latest, temurin, 17)	UNKNOWN STEP	2025-11-18T14:28:03.1920134Z [36;1mecho "node=$(cat js/pom.xml | grep '<node.version>' | cut -d '>' -f 2 | cut -d '<' -f 1 | cut -c 2-)" >> $GITHUB_OUTPUT[0m
Java Distribution IT/UT (windows-latest, temurin, 17)	UNKNOWN STEP	2025-11-18T14:28:03.1921263Z [36;1mecho "pnpm=$(cat js/pom.xml | grep '<pnpm.version>' | cut -d '>' -f 2 | cut -d '<' -f 1 | cut -c 1-)" >> $GITHUB_OUTPUT[0m
Java Distribution IT/UT (windows-latest, temurin, 17)	UNKNOWN STEP	2025-11-18T14:28:03.1944669Z shell: C:\Program Files\Git\bin\bash.EXE --noprofile --norc -e -o pipefail {0}
Java Distribution IT/UT (windows-latest, temurin, 17)	UNKNOWN STEP	2025-11-18T14:28:03.1945284Z env:
Java Distribution IT/UT (windows-latest, temurin, 17)	UNKNOWN STEP	2025-11-18T14:28:03.1945727Z   MAVEN_ARGS: -B -nsu -Daether.connector.http.connectionMaxTtl=25
Java Distribution IT/UT (windows-latest, temurin, 17)	UNKNOWN STEP	2025-11-18T14:28:03.1946307Z   SUREFIRE_RERUN_FAILING_COUNT: 2
Java Distribution IT/UT (windows-latest, temurin, 17)	UNKNOWN STEP	2025-11-18T14:28:03.1946768Z   SUREFIRE_RETRY: -Dsurefire.rerunFailingTestsCount=2
Java Distribution IT/UT (windows-latest, temurin, 17)	UNKNOWN STEP	2025-11-18T14:28:03.1947487Z   JAVA_HOME: C:\hostedtoolcache\windows\Java_Temurin-Hotspot_jdk\17.0.17-10\x64
Java Distribution IT/UT (windows-latest, temurin, 17)	UNKNOWN STEP	2025-11-18T14:28:03.1948372Z   JAVA_HOME_17_X64: C:\hostedtoolcache\windows\Java_Temurin-Hotspot_jdk\17.0.17-10\x64
Java Distribution IT/UT (windows-latest, temurin, 17)	UNKNOWN STEP	2025-11-18T14:28:03.1948996Z ##[endgroup]
Java Distribution IT/UT (windows-latest, temurin, 17)	UNKNOWN STEP	2025-11-18T14:28:03.5629171Z ##[group]Run actions/cache@5a3ec84eff668545956fd18022155c47e93e2684
Java Distribution IT/UT (windows-latest, temurin, 17)	UNKNOWN STEP	2025-11-18T14:28:03.5629741Z with:
Java Distribution IT/UT (windows-latest, temurin, 17)	UNKNOWN STEP	2025-11-18T14:28:03.5630354Z   path: ~/.m2/repository/com/github/eirslett/node
Java Distribution IT/UT (windows-latest, temurin, 17)	UNKNOWN STEP	~/.m2/repository/com/github/eirslett/pnpm
Java Distribution IT/UT (windows-latest, temurin, 17)	UNKNOWN STEP	
Java Distribution IT/UT (windows-latest, temurin, 17)	UNKNOWN STEP	2025-11-18T14:28:03.5631311Z   key: Windows-frontend-plugin-artifacts-24.9.0-10.14.0
Java Distribution IT/UT (windows-latest, temurin, 17)	UNKNOWN STEP	2025-11-18T14:28:03.5632232Z   enableCrossOsArchive: false
Java Distribution IT/UT (windows-latest, temurin, 17)	UNKNOWN STEP	2025-11-18T14:28:03.5632625Z   fail-on-cache-miss: false
Java Distribution IT/UT (windows-latest, temurin, 17)	UNKNOWN STEP	2025-11-18T14:28:03.5632994Z   lookup-only: false
Java Distribution IT/UT (windows-latest, temurin, 17)	UNKNOWN STEP	2025-11-18T14:28:03.5633332Z   save-always: false
Java Distribution IT/UT (windows-latest, temurin, 17)	UNKNOWN STEP	2025-11-18T14:28:03.5633638Z env:
Java Distribution IT/UT (windows-latest, temurin, 17)	UNKNOWN STEP	2025-11-18T14:28:03.5634061Z   MAVEN_ARGS: -B -nsu -Daether.connector.http.connectionMaxTtl=25
Java Distribution IT/UT (windows-latest, temurin, 17)	UNKNOWN STEP	2025-11-18T14:28:03.5634645Z   SUREFIRE_RERUN_FAILING_COUNT: 2
Java Distribution IT/UT (windows-latest, temurin, 17)	UNKNOWN STEP	2025-11-18T14:28:03.5635133Z   SUREFIRE_RETRY: -Dsurefire.rerunFailingTestsCount=2
Java Distribution IT/UT (windows-latest, temurin, 17)	UNKNOWN STEP	2025-11-18T14:28:03.5635889Z   JAVA_HOME: C:\hostedtoolcache\windows\Java_Temurin-Hotspot_jdk\17.0.17-10\x64
Java Distribution IT/UT (windows-latest, temurin, 17)	UNKNOWN STEP	2025-11-18T14:28:03.5636754Z   JAVA_HOME_17_X64: C:\hostedtoolcache\windows\Java_Temurin-Hotspot_jdk\17.0.17-10\x64
Java Distribution IT/UT (windows-latest, temurin, 17)	UNKNOWN STEP	2025-11-18T14:28:03.5637400Z ##[endgroup]
Java Distribution IT/UT (windows-latest, temurin, 17)	UNKNOWN STEP	2025-11-18T14:28:04.2057829Z Cache hit for: Windows-frontend-plugin-artifacts-24.9.0-10.14.0
Java Distribution IT/UT (windows-latest, temurin, 17)	UNKNOWN STEP	2025-11-18T14:28:05.5293792Z Received 0 of 92826586 (0.0%), 0.0 MBs/sec
Java Distribution IT/UT (windows-latest, temurin, 17)	UNKNOWN STEP	2025-11-18T14:28:06.2248731Z Received 92826586 of 92826586 (100.0%), 51.8 MBs/sec
Java Distribution IT/UT (windows-latest, temurin, 17)	UNKNOWN STEP	2025-11-18T14:28:06.2255789Z Cache Size: ~89 MB (92826586 B)
Java Distribution IT/UT (windows-latest, temurin, 17)	UNKNOWN STEP	2025-11-18T14:28:06.2408222Z [command]"C:\Program Files\Git\usr\bin\tar.exe" -xf D:/a/_temp/5828c62b-026e-4768-bcea-8422b53e1074/cache.tzst -P -C D:/a/keycloak/keycloak --force-local --use-compress-program "zstd -d"
Java Distribution IT/UT (windows-latest, temurin, 17)	UNKNOWN STEP	2025-11-18T14:28:06.8350112Z Cache restored successfully
Java Distribution IT/UT (windows-latest, temurin, 17)	UNKNOWN STEP	2025-11-18T14:28:06.8552349Z Cache restored from key: Windows-frontend-plugin-artifacts-24.9.0-10.14.0
Java Distribution IT/UT (windows-latest, temurin, 17)	UNKNOWN STEP	2025-11-18T14:28:06.8850382Z Prepare all required actions
Java Distribution IT/UT (windows-latest, temurin, 17)	UNKNOWN STEP	2025-11-18T14:28:06.8851180Z Getting action download info
Java Distribution IT/UT (windows-latest, temurin, 17)	UNKNOWN STEP	2025-11-18T14:28:07.2374070Z ##[group]Run ./.github/actions/pnpm-store-cache
Java Distribution IT/UT (windows-latest, temurin, 17)	UNKNOWN STEP	2025-11-18T14:28:07.2374368Z env:
Java Distribution IT/UT (windows-latest, temurin, 17)	UNKNOWN STEP	2025-11-18T14:28:07.2374650Z   MAVEN_ARGS: -B -nsu -Daether.connector.http.connectionMaxTtl=25
Java Distribution IT/UT (windows-latest, temurin, 17)	UNKNOWN STEP	2025-11-18T14:28:07.2375015Z   SUREFIRE_RERUN_FAILING_COUNT: 2
Java Distribution IT/UT (windows-latest, temurin, 17)	UNKNOWN STEP	2025-11-18T14:28:07.2375325Z   SUREFIRE_RETRY: -Dsurefire.rerunFailingTestsCount=2
Java Distribution IT/UT (windows-latest, temurin, 17)	UNKNOWN STEP	2025-11-18T14:28:07.2375771Z   JAVA_HOME: C:\hostedtoolcache\windows\Java_Temurin-Hotspot_jdk\17.0.17-10\x64
Java Distribution IT/UT (windows-latest, temurin, 17)	UNKNOWN STEP	2025-11-18T14:28:07.2376304Z   JAVA_HOME_17_X64: C:\hostedtoolcache\windows\Java_Temurin-Hotspot_jdk\17.0.17-10\x64
Java Distribution IT/UT (windows-latest, temurin, 17)	UNKNOWN STEP	2025-11-18T14:28:07.2376696Z ##[endgroup]
Java Distribution IT/UT (windows-latest, temurin, 17)	UNKNOWN STEP	2025-11-18T14:28:07.2508853Z ##[group]Run echo "key=pnpm-store-`date -u "+%Y-%U"`" >> $GITHUB_OUTPUT
Java Distribution IT/UT (windows-latest, temurin, 17)	UNKNOWN STEP	2025-11-18T14:28:07.2509373Z [36;1mecho "key=pnpm-store-`date -u "+%Y-%U"`" >> $GITHUB_OUTPUT[0m
Java Distribution IT/UT (windows-latest, temurin, 17)	UNKNOWN STEP	2025-11-18T14:28:07.2523804Z shell: C:\Program Files\Git\bin\bash.EXE --noprofile --norc -e -o pipefail {0}
Java Distribution IT/UT (windows-latest, temurin, 17)	UNKNOWN STEP	2025-11-18T14:28:07.2524233Z env:
Java Distribution IT/UT (windows-latest, temurin, 17)	UNKNOWN STEP	2025-11-18T14:28:07.2524534Z   MAVEN_ARGS: -B -nsu -Daether.connector.http.connectionMaxTtl=25
Java Distribution IT/UT (windows-latest, temurin, 17)	UNKNOWN STEP	2025-11-18T14:28:07.2524920Z   SUREFIRE_RERUN_FAILING_COUNT: 2
Java Distribution IT/UT (windows-latest, temurin, 17)	UNKNOWN STEP	2025-11-18T14:28:07.2525245Z   SUREFIRE_RETRY: -Dsurefire.rerunFailingTestsCount=2
Java Distribution IT/UT (windows-latest, temurin, 17)	UNKNOWN STEP	2025-11-18T14:28:07.2525697Z   JAVA_HOME: C:\hostedtoolcache\windows\Java_Temurin-Hotspot_jdk\17.0.17-10\x64
Java Distribution IT/UT (windows-latest, temurin, 17)	UNKNOWN STEP	2025-11-18T14:28:07.2526227Z   JAVA_HOME_17_X64: C:\hostedtoolcache\windows\Java_Temurin-Hotspot_jdk\17.0.17-10\x64
Java Distribution IT/UT (windows-latest, temurin, 17)	UNKNOWN STEP	2025-11-18T14:28:07.2526628Z ##[endgroup]
Java Distribution IT/UT (windows-latest, temurin, 17)	UNKNOWN STEP	2025-11-18T14:28:07.3364984Z ##[group]Run actions/cache@5a3ec84eff668545956fd18022155c47e93e2684
Java Distribution IT/UT (windows-latest, temurin, 17)	UNKNOWN STEP	2025-11-18T14:28:07.3365474Z with:
Java Distribution IT/UT (windows-latest, temurin, 17)	UNKNOWN STEP	2025-11-18T14:28:07.3365960Z   path: ~/.local/share/pnpm/store
Java Distribution IT/UT (windows-latest, temurin, 17)	UNKNOWN STEP	~/AppData/Local/pnpm/store
Java Distribution IT/UT (windows-latest, temurin, 17)	UNKNOWN STEP	~/Library/pnpm/store
Java Distribution IT/UT (windows-latest, temurin, 17)	UNKNOWN STEP	
Java Distribution IT/UT (windows-latest, temurin, 17)	UNKNOWN STEP	2025-11-18T14:28:07.3366575Z   key: Windows-pnpm-store-2025-46
Java Distribution IT/UT (windows-latest, temurin, 17)	UNKNOWN STEP	2025-11-18T14:28:07.3366903Z   enableCrossOsArchive: false
Java Distribution IT/UT (windows-latest, temurin, 17)	UNKNOWN STEP	2025-11-18T14:28:07.3367190Z   fail-on-cache-miss: false
Java Distribution IT/UT (windows-latest, temurin, 17)	UNKNOWN STEP	2025-11-18T14:28:07.3367455Z   lookup-only: false
Java Distribution IT/UT (windows-latest, temurin, 17)	UNKNOWN STEP	2025-11-18T14:28:07.3367690Z   save-always: false
Java Distribution IT/UT (windows-latest, temurin, 17)	UNKNOWN STEP	2025-11-18T14:28:07.3367904Z env:
Java Distribution IT/UT (windows-latest, temurin, 17)	UNKNOWN STEP	2025-11-18T14:28:07.3368214Z   MAVEN_ARGS: -B -nsu -Daether.connector.http.connectionMaxTtl=25
Java Distribution IT/UT (windows-latest, temurin, 17)	UNKNOWN STEP	2025-11-18T14:28:07.3368629Z   SUREFIRE_RERUN_FAILING_COUNT: 2
Java Distribution IT/UT (windows-latest, temurin, 17)	UNKNOWN STEP	2025-11-18T14:28:07.3368971Z   SUREFIRE_RETRY: -Dsurefire.rerunFailingTestsCount=2
Java Distribution IT/UT (windows-latest, temurin, 17)	UNKNOWN STEP	2025-11-18T14:28:07.3369486Z   JAVA_HOME: C:\hostedtoolcache\windows\Java_Temurin-Hotspot_jdk\17.0.17-10\x64
Java Distribution IT/UT (windows-latest, temurin, 17)	UNKNOWN STEP	2025-11-18T14:28:07.3370106Z   JAVA_HOME_17_X64: C:\hostedtoolcache\windows\Java_Temurin-Hotspot_jdk\17.0.17-10\x64
Java Distribution IT/UT (windows-latest, temurin, 17)	UNKNOWN STEP	2025-11-18T14:28:07.3370559Z ##[endgroup]
Java Distribution IT/UT (windows-latest, temurin, 17)	UNKNOWN STEP	2025-11-18T14:28:07.9227604Z Cache not found for input keys: Windows-pnpm-store-2025-46
Java Distribution IT/UT (windows-latest, temurin, 17)	UNKNOWN STEP	2025-11-18T14:28:07.9506566Z ##[group]Run actions/download-artifact@d3f86a106a0bac45b974a628896c90dbdf5c8093
Java Distribution IT/UT (windows-latest, temurin, 17)	UNKNOWN STEP	2025-11-18T14:28:07.9506993Z with:
Java Distribution IT/UT (windows-latest, temurin, 17)	UNKNOWN STEP	2025-11-18T14:28:07.9507179Z   name: m2-keycloak.tzts
Java Distribution IT/UT (windows-latest, temurin, 17)	UNKNOWN STEP	2025-11-18T14:28:07.9507415Z   merge-multiple: false
Java Distribution IT/UT (windows-latest, temurin, 17)	UNKNOWN STEP	2025-11-18T14:28:07.9507640Z   repository: keycloak/keycloak
Java Distribution IT/UT (windows-latest, temurin, 17)	UNKNOWN STEP	2025-11-18T14:28:07.9507891Z   run-id: 19466915098
Java Distribution IT/UT (windows-latest, temurin, 17)	UNKNOWN STEP	2025-11-18T14:28:07.9508089Z env:
Java Distribution IT/UT (windows-latest, temurin, 17)	UNKNOWN STEP	2025-11-18T14:28:07.9508373Z   MAVEN_ARGS: -B -nsu -Daether.connector.http.connectionMaxTtl=25
Java Distribution IT/UT (windows-latest, temurin, 17)	UNKNOWN STEP	2025-11-18T14:28:07.9508765Z   SUREFIRE_RERUN_FAILING_COUNT: 2
Java Distribution IT/UT (windows-latest, temurin, 17)	UNKNOWN STEP	2025-11-18T14:28:07.9509067Z   SUREFIRE_RETRY: -Dsurefire.rerunFailingTestsCount=2
Java Distribution IT/UT (windows-latest, temurin, 17)	UNKNOWN STEP	2025-11-18T14:28:07.9509501Z   JAVA_HOME: C:\hostedtoolcache\windows\Java_Temurin-Hotspot_jdk\17.0.17-10\x64
Java Distribution IT/UT (windows-latest, temurin, 17)	UNKNOWN STEP	2025-11-18T14:28:07.9510027Z   JAVA_HOME_17_X64: C:\hostedtoolcache\windows\Java_Temurin-Hotspot_jdk\17.0.17-10\x64
Java Distribution IT/UT (windows-latest, temurin, 17)	UNKNOWN STEP	2025-11-18T14:28:07.9510418Z ##[endgroup]
Java Distribution IT/UT (windows-latest, temurin, 17)	UNKNOWN STEP	2025-11-18T14:28:08.2207470Z Downloading single artifact
Java Distribution IT/UT (windows-latest, temurin, 17)	UNKNOWN STEP	2025-11-18T14:28:08.5372739Z Preparing to download the following artifacts:
Java Distribution IT/UT (windows-latest, temurin, 17)	UNKNOWN STEP	2025-11-18T14:28:08.5374781Z - m2-keycloak.tzts (ID: 4601581905, Size: 411964105, Expected Digest: sha256:2bd8477f6306e23a82f4b243d7f55853a682518dd3bfb09963fe1f3a0649e34e)
Java Distribution IT/UT (windows-latest, temurin, 17)	UNKNOWN STEP	2025-11-18T14:28:08.7397995Z Redirecting to blob download url: https://productionresultssa17.blob.core.windows.net/actions-results/cc3756a5-6206-4bd3-b250-af877d05b0c4/workflow-job-run-3c0f9988-6219-5133-a5bf-957a1f15b390/artifacts/edc4cfb0355d37e325eaae6eb235756b36f79720f66ece617babf28220e9d051.zip
Java Distribution IT/UT (windows-latest, temurin, 17)	UNKNOWN STEP	2025-11-18T14:28:08.7400498Z Starting download of artifact to: D:\a\keycloak\keycloak
Java Distribution IT/UT (windows-latest, temurin, 17)	UNKNOWN STEP	2025-11-18T14:28:09.0936864Z (node:5480) [DEP0005] DeprecationWarning: Buffer() is deprecated due to security and usability issues. Please use the Buffer.alloc(), Buffer.allocUnsafe(), or Buffer.from() methods instead.
Java Distribution IT/UT (windows-latest, temurin, 17)	UNKNOWN STEP	2025-11-18T14:28:09.0939297Z (Use `node --trace-deprecation ...` to show where the warning was created)
Java Distribution IT/UT (windows-latest, temurin, 17)	UNKNOWN STEP	2025-11-18T14:28:19.4818974Z SHA256 digest of downloaded artifact is 2bd8477f6306e23a82f4b243d7f55853a682518dd3bfb09963fe1f3a0649e34e
Java Distribution IT/UT (windows-latest, temurin, 17)	UNKNOWN STEP	2025-11-18T14:28:19.4819864Z Artifact download completed successfully.
Java Distribution IT/UT (windows-latest, temurin, 17)	UNKNOWN STEP	2025-11-18T14:28:19.4820184Z Total of 1 artifact(s) downloaded
Java Distribution IT/UT (windows-latest, temurin, 17)	UNKNOWN STEP	2025-11-18T14:28:19.4830446Z Download artifact has finished successfully
Java Distribution IT/UT (windows-latest, temurin, 17)	UNKNOWN STEP	2025-11-18T14:28:19.5137848Z ##[group]Run if [ "$RUNNER_OS" == "Windows" ]; then
Java Distribution IT/UT (windows-latest, temurin, 17)	UNKNOWN STEP	2025-11-18T14:28:19.5138212Z [36;1mif [ "$RUNNER_OS" == "Windows" ]; then[0m
Java Distribution IT/UT (windows-latest, temurin, 17)	UNKNOWN STEP	2025-11-18T14:28:19.5138624Z [36;1m  # zstd binary might be missing in older versions, install only when necessary[0m
Java Distribution IT/UT (windows-latest, temurin, 17)	UNKNOWN STEP	2025-11-18T14:28:19.5139059Z [36;1m  which zstd > /dev/null || choco install zstandard[0m
Java Distribution IT/UT (windows-latest, temurin, 17)	UNKNOWN STEP	2025-11-18T14:28:19.5139339Z [36;1mfi[0m
Java Distribution IT/UT (windows-latest, temurin, 17)	UNKNOWN STEP	2025-11-18T14:28:19.5139624Z [36;1mtar -C ~/ --use-compress-program="zstd -d" -xf m2-keycloak.tzts[0m
Java Distribution IT/UT (windows-latest, temurin, 17)	UNKNOWN STEP	2025-11-18T14:28:19.5154777Z shell: C:\Program Files\Git\bin\bash.EXE --noprofile --norc -e -o pipefail {0}
Java Distribution IT/UT (windows-latest, temurin, 17)	UNKNOWN STEP	2025-11-18T14:28:19.5155144Z env:
Java Distribution IT/UT (windows-latest, temurin, 17)	UNKNOWN STEP	2025-11-18T14:28:19.5155408Z   MAVEN_ARGS: -B -nsu -Daether.connector.http.connectionMaxTtl=25
Java Distribution IT/UT (windows-latest, temurin, 17)	UNKNOWN STEP	2025-11-18T14:28:19.5155739Z   SUREFIRE_RERUN_FAILING_COUNT: 2
Java Distribution IT/UT (windows-latest, temurin, 17)	UNKNOWN STEP	2025-11-18T14:28:19.5156037Z   SUREFIRE_RETRY: -Dsurefire.rerunFailingTestsCount=2
Java Distribution IT/UT (windows-latest, temurin, 17)	UNKNOWN STEP	2025-11-18T14:28:19.5156451Z   JAVA_HOME: C:\hostedtoolcache\windows\Java_Temurin-Hotspot_jdk\17.0.17-10\x64
Java Distribution IT/UT (windows-latest, temurin, 17)	UNKNOWN STEP	2025-11-18T14:28:19.5156929Z   JAVA_HOME_17_X64: C:\hostedtoolcache\windows\Java_Temurin-Hotspot_jdk\17.0.17-10\x64
Java Distribution IT/UT (windows-latest, temurin, 17)	UNKNOWN STEP	2025-11-18T14:28:19.5157294Z ##[endgroup]
Java Distribution IT/UT (windows-latest, temurin, 17)	UNKNOWN STEP	2025-11-18T14:28:25.1124037Z ##[group]Run ./mvnw install -e -pl testsuite/integration-arquillian/servers/auth-server/quarkus
Java Distribution IT/UT (windows-latest, temurin, 17)	UNKNOWN STEP	2025-11-18T14:28:25.1124750Z [36;1m./mvnw install -e -pl testsuite/integration-arquillian/servers/auth-server/quarkus[0m
Java Distribution IT/UT (windows-latest, temurin, 17)	UNKNOWN STEP	2025-11-18T14:28:25.1138943Z shell: C:\Program Files\Git\bin\bash.EXE --noprofile --norc -e -o pipefail {0}
Java Distribution IT/UT (windows-latest, temurin, 17)	UNKNOWN STEP	2025-11-18T14:28:25.1139307Z env:
Java Distribution IT/UT (windows-latest, temurin, 17)	UNKNOWN STEP	2025-11-18T14:28:25.1139574Z   MAVEN_ARGS: -B -nsu -Daether.connector.http.connectionMaxTtl=25
Java Distribution IT/UT (windows-latest, temurin, 17)	UNKNOWN STEP	2025-11-18T14:28:25.1139921Z   SUREFIRE_RERUN_FAILING_COUNT: 2
Java Distribution IT/UT (windows-latest, temurin, 17)	UNKNOWN STEP	2025-11-18T14:28:25.1140208Z   SUREFIRE_RETRY: -Dsurefire.rerunFailingTestsCount=2
Java Distribution IT/UT (windows-latest, temurin, 17)	UNKNOWN STEP	2025-11-18T14:28:25.1140616Z   JAVA_HOME: C:\hostedtoolcache\windows\Java_Temurin-Hotspot_jdk\17.0.17-10\x64
Java Distribution IT/UT (windows-latest, temurin, 17)	UNKNOWN STEP	2025-11-18T14:28:25.1141083Z   JAVA_HOME_17_X64: C:\hostedtoolcache\windows\Java_Temurin-Hotspot_jdk\17.0.17-10\x64
Java Distribution IT/UT (windows-latest, temurin, 17)	UNKNOWN STEP	2025-11-18T14:28:25.1141435Z ##[endgroup]
Java Distribution IT/UT (windows-latest, temurin, 17)	UNKNOWN STEP	2025-11-18T14:28:26.5614046Z curl: Failed to fetch https://repo.maven.apache.org/maven2/org/apache/maven/apache-maven/3.9.8/apache-maven-3.9.8-bin.zip
Java Distribution IT/UT (windows-latest, temurin, 17)	UNKNOWN STEP	2025-11-18T14:28:26.5937618Z ##[error]Process completed with exit code 1.
Java Distribution IT/UT (windows-latest, temurin, 17)	UNKNOWN STEP	2025-11-18T14:28:26.6134273Z Post job cleanup.
Java Distribution IT/UT (windows-latest, temurin, 17)	UNKNOWN STEP	2025-11-18T14:28:26.6288973Z Post job cleanup.
Java Distribution IT/UT (windows-latest, temurin, 17)	UNKNOWN STEP	2025-11-18T14:28:26.8792800Z Post job cleanup.
Java Distribution IT/UT (windows-latest, temurin, 17)	UNKNOWN STEP	2025-11-18T14:28:27.0805770Z [command]"C:\Program Files\Git\bin\git.exe" version
Java Distribution IT/UT (windows-latest, temurin, 17)	UNKNOWN STEP	2025-11-18T14:28:27.1083444Z git version 2.51.2.windows.1
Java Distribution IT/UT (windows-latest, temurin, 17)	UNKNOWN STEP	2025-11-18T14:28:27.1153424Z Temporarily overriding HOME='D:\a\_temp\66e9cae5-0a2b-44f7-b4c6-9d4657f307b7' before making global git config changes
Java Distribution IT/UT (windows-latest, temurin, 17)	UNKNOWN STEP	2025-11-18T14:28:27.1154285Z Adding repository directory to the temporary git global config as a safe directory
Java Distribution IT/UT (windows-latest, temurin, 17)	UNKNOWN STEP	2025-11-18T14:28:27.1164526Z [command]"C:\Program Files\Git\bin\git.exe" config --global --add safe.directory D:\a\keycloak\keycloak
Java Distribution IT/UT (windows-latest, temurin, 17)	UNKNOWN STEP	2025-11-18T14:28:27.1481604Z [command]"C:\Program Files\Git\bin\git.exe" config --local --name-only --get-regexp core\.sshCommand
Java Distribution IT/UT (windows-latest, temurin, 17)	UNKNOWN STEP	2025-11-18T14:28:27.1789698Z [command]"C:\Program Files\Git\bin\git.exe" submodule foreach --recursive "sh -c \"git config --local --name-only --get-regexp 'core\.sshCommand' && git config --local --unset-all 'core.sshCommand' || :\""
Java Distribution IT/UT (windows-latest, temurin, 17)	UNKNOWN STEP	2025-11-18T14:28:27.7502365Z [command]"C:\Program Files\Git\bin\git.exe" config --local --name-only --get-regexp http\.https\:\/\/github\.com\/\.extraheader
Java Distribution IT/UT (windows-latest, temurin, 17)	UNKNOWN STEP	2025-11-18T14:28:27.7779409Z http.https://github.com/.extraheader
Java Distribution IT/UT (windows-latest, temurin, 17)	UNKNOWN STEP	2025-11-18T14:28:27.7840932Z [command]"C:\Program Files\Git\bin\git.exe" config --local --unset-all http.https://github.com/.extraheader
Java Distribution IT/UT (windows-latest, temurin, 17)	UNKNOWN STEP	2025-11-18T14:28:27.8186666Z [command]"C:\Program Files\Git\bin\git.exe" submodule foreach --recursive "sh -c \"git config --local --name-only --get-regexp 'http\.https\:\/\/github\.com\/\.extraheader' && git config --local --unset-all 'http.https://github.com/.extraheader' || :\""
Java Distribution IT/UT (windows-latest, temurin, 17)	UNKNOWN STEP	2025-11-18T14:28:28.3904596Z Cleaning up orphan processes
Status Check - Keycloak CI	UNKNOWN STEP	ï»¿2025-11-18T14:28:34.0994107Z Current runner version: '2.329.0'
Status Check - Keycloak CI	UNKNOWN STEP	2025-11-18T14:28:34.1026906Z ##[group]Runner Image Provisioner
Status Check - Keycloak CI	UNKNOWN STEP	2025-11-18T14:28:34.1028352Z Hosted Compute Agent
Status Check - Keycloak CI	UNKNOWN STEP	2025-11-18T14:28:34.1029227Z Version: 20251016.436
Status Check - Keycloak CI	UNKNOWN STEP	2025-11-18T14:28:34.1030332Z Commit: 8ab8ac8bfd662a3739dab9fe09456aba92132568
Status Check - Keycloak CI	UNKNOWN STEP	2025-11-18T14:28:34.1031476Z Build Date: 2025-10-15T20:44:12Z
Status Check - Keycloak CI	UNKNOWN STEP	2025-11-18T14:28:34.1032397Z ##[endgroup]
Status Check - Keycloak CI	UNKNOWN STEP	2025-11-18T14:28:34.1033177Z ##[group]Operating System
Status Check - Keycloak CI	UNKNOWN STEP	2025-11-18T14:28:34.1034181Z Ubuntu
Status Check - Keycloak CI	UNKNOWN STEP	2025-11-18T14:28:34.1034862Z 24.04.3
Status Check - Keycloak CI	UNKNOWN STEP	2025-11-18T14:28:34.1035585Z LTS
Status Check - Keycloak CI	UNKNOWN STEP	2025-11-18T14:28:34.1036413Z ##[endgroup]
Status Check - Keycloak CI	UNKNOWN STEP	2025-11-18T14:28:34.1037255Z ##[group]Runner Image
Status Check - Keycloak CI	UNKNOWN STEP	2025-11-18T14:28:34.1038384Z Image: ubuntu-24.04
Status Check - Keycloak CI	UNKNOWN STEP	2025-11-18T14:28:34.1039209Z Version: 20251112.124.1
Status Check - Keycloak CI	UNKNOWN STEP	2025-11-18T14:28:34.1040929Z Included Software: https://github.com/actions/runner-images/blob/ubuntu24/20251112.124/images/ubuntu/Ubuntu2404-Readme.md
Status Check - Keycloak CI	UNKNOWN STEP	2025-11-18T14:28:34.1043633Z Image Release: https://github.com/actions/runner-images/releases/tag/ubuntu24%2F20251112.124
Status Check - Keycloak CI	UNKNOWN STEP	2025-11-18T14:28:34.1045285Z ##[endgroup]
Status Check - Keycloak CI	UNKNOWN STEP	2025-11-18T14:28:34.1047078Z ##[group]GITHUB_TOKEN Permissions
Status Check - Keycloak CI	UNKNOWN STEP	2025-11-18T14:28:34.1049758Z Contents: read
Status Check - Keycloak CI	UNKNOWN STEP	2025-11-18T14:28:34.1050533Z Metadata: read
Status Check - Keycloak CI	UNKNOWN STEP	2025-11-18T14:28:34.1051455Z ##[endgroup]
Status Check - Keycloak CI	UNKNOWN STEP	2025-11-18T14:28:34.1054279Z Secret source: None
Status Check - Keycloak CI	UNKNOWN STEP	2025-11-18T14:28:34.1055387Z Prepare workflow directory
Status Check - Keycloak CI	UNKNOWN STEP	2025-11-18T14:28:34.1617681Z Prepare all required actions
Status Check - Keycloak CI	UNKNOWN STEP	2025-11-18T14:28:34.1673421Z Getting action download info
Status Check - Keycloak CI	UNKNOWN STEP	2025-11-18T14:28:34.4513895Z Download action repository 'actions/checkout@08c6903cd8c0fde910a37f88322edcfb5dd907a8' (SHA:08c6903cd8c0fde910a37f88322edcfb5dd907a8)
Status Check - Keycloak CI	UNKNOWN STEP	2025-11-18T14:28:34.6390693Z Complete job name: Status Check - Keycloak CI
Status Check - Keycloak CI	UNKNOWN STEP	2025-11-18T14:28:34.7036573Z ##[group]Run actions/checkout@08c6903cd8c0fde910a37f88322edcfb5dd907a8
Status Check - Keycloak CI	UNKNOWN STEP	2025-11-18T14:28:34.7037889Z with:
Status Check - Keycloak CI	UNKNOWN STEP	2025-11-18T14:28:34.7038303Z   repository: keycloak/keycloak
Status Check - Keycloak CI	UNKNOWN STEP	2025-11-18T14:28:34.7038929Z   token: ***
Status Check - Keycloak CI	UNKNOWN STEP	2025-11-18T14:28:34.7039301Z   ssh-strict: true
Status Check - Keycloak CI	UNKNOWN STEP	2025-11-18T14:28:34.7039681Z   ssh-user: git
Status Check - Keycloak CI	UNKNOWN STEP	2025-11-18T14:28:34.7040095Z   persist-credentials: true
Status Check - Keycloak CI	UNKNOWN STEP	2025-11-18T14:28:34.7040525Z   clean: true
Status Check - Keycloak CI	UNKNOWN STEP	2025-11-18T14:28:34.7040922Z   sparse-checkout-cone-mode: true
Status Check - Keycloak CI	UNKNOWN STEP	2025-11-18T14:28:34.7041387Z   fetch-depth: 1
Status Check - Keycloak CI	UNKNOWN STEP	2025-11-18T14:28:34.7041789Z   fetch-tags: false
Status Check - Keycloak CI	UNKNOWN STEP	2025-11-18T14:28:34.7042180Z   show-progress: true
Status Check - Keycloak CI	UNKNOWN STEP	2025-11-18T14:28:34.7042569Z   lfs: false
Status Check - Keycloak CI	UNKNOWN STEP	2025-11-18T14:28:34.7042921Z   submodules: false
Status Check - Keycloak CI	UNKNOWN STEP	2025-11-18T14:28:34.7043307Z   set-safe-directory: true
Status Check - Keycloak CI	UNKNOWN STEP	2025-11-18T14:28:34.7043972Z env:
Status Check - Keycloak CI	UNKNOWN STEP	2025-11-18T14:28:34.7044491Z   MAVEN_ARGS: -B -nsu -Daether.connector.http.connectionMaxTtl=25
Status Check - Keycloak CI	UNKNOWN STEP	2025-11-18T14:28:34.7045144Z   SUREFIRE_RERUN_FAILING_COUNT: 2
Status Check - Keycloak CI	UNKNOWN STEP	2025-11-18T14:28:34.7045727Z   SUREFIRE_RETRY: -Dsurefire.rerunFailingTestsCount=2
Status Check - Keycloak CI	UNKNOWN STEP	2025-11-18T14:28:34.7046280Z ##[endgroup]
Status Check - Keycloak CI	UNKNOWN STEP	2025-11-18T14:28:34.7958794Z Syncing repository: keycloak/keycloak
Status Check - Keycloak CI	UNKNOWN STEP	2025-11-18T14:28:34.7960471Z ##[group]Getting Git version info
Status Check - Keycloak CI	UNKNOWN STEP	2025-11-18T14:28:34.7961204Z Working directory is '/home/runner/work/keycloak/keycloak'
Status Check - Keycloak CI	UNKNOWN STEP	2025-11-18T14:28:34.7962121Z [command]/usr/bin/git version
Status Check - Keycloak CI	UNKNOWN STEP	2025-11-18T14:28:34.8031303Z git version 2.51.2
Status Check - Keycloak CI	UNKNOWN STEP	2025-11-18T14:28:34.8084477Z ##[endgroup]
Status Check - Keycloak CI	UNKNOWN STEP	2025-11-18T14:28:34.8098686Z Temporarily overriding HOME='/home/runner/work/_temp/41820a1a-cd95-4275-b16a-de76b9b3a704' before making global git config changes
Status Check - Keycloak CI	UNKNOWN STEP	2025-11-18T14:28:34.8100777Z Adding repository directory to the temporary git global config as a safe directory
Status Check - Keycloak CI	UNKNOWN STEP	2025-11-18T14:28:34.8104458Z [command]/usr/bin/git config --global --add safe.directory /home/runner/work/keycloak/keycloak
Status Check - Keycloak CI	UNKNOWN STEP	2025-11-18T14:28:34.8142509Z Deleting the contents of '/home/runner/work/keycloak/keycloak'
Status Check - Keycloak CI	UNKNOWN STEP	2025-11-18T14:28:34.8145994Z ##[group]Initializing the repository
Status Check - Keycloak CI	UNKNOWN STEP	2025-11-18T14:28:34.8151596Z [command]/usr/bin/git init /home/runner/work/keycloak/keycloak
Status Check - Keycloak CI	UNKNOWN STEP	2025-11-18T14:28:34.8285072Z hint: Using 'master' as the name for the initial branch. This default branch name
Status Check - Keycloak CI	UNKNOWN STEP	2025-11-18T14:28:34.8286381Z hint: is subject to change. To configure the initial branch name to use in all
Status Check - Keycloak CI	UNKNOWN STEP	2025-11-18T14:28:34.8287253Z hint: of your new repositories, which will suppress this warning, call:
Status Check - Keycloak CI	UNKNOWN STEP	2025-11-18T14:28:34.8288448Z hint:
Status Check - Keycloak CI	UNKNOWN STEP	2025-11-18T14:28:34.8289197Z hint: 	git config --global init.defaultBranch <name>
Status Check - Keycloak CI	UNKNOWN STEP	2025-11-18T14:28:34.8290215Z hint:
Status Check - Keycloak CI	UNKNOWN STEP	2025-11-18T14:28:34.8290835Z hint: Names commonly chosen instead of 'master' are 'main', 'trunk' and
Status Check - Keycloak CI	UNKNOWN STEP	2025-11-18T14:28:34.8292491Z hint: 'development'. The just-created branch can be renamed via this command:
Status Check - Keycloak CI	UNKNOWN STEP	2025-11-18T14:28:34.8293862Z hint:
Status Check - Keycloak CI	UNKNOWN STEP	2025-11-18T14:28:34.8294606Z hint: 	git branch -m <name>
Status Check - Keycloak CI	UNKNOWN STEP	2025-11-18T14:28:34.8295403Z hint:
Status Check - Keycloak CI	UNKNOWN STEP	2025-11-18T14:28:34.8296489Z hint: Disable this message with "git config set advice.defaultBranchName false"
Status Check - Keycloak CI	UNKNOWN STEP	2025-11-18T14:28:34.8298590Z Initialized empty Git repository in /home/runner/work/keycloak/keycloak/.git/
Status Check - Keycloak CI	UNKNOWN STEP	2025-11-18T14:28:34.8302225Z [command]/usr/bin/git remote add origin https://github.com/keycloak/keycloak
Status Check - Keycloak CI	UNKNOWN STEP	2025-11-18T14:28:34.8335896Z ##[endgroup]
Status Check - Keycloak CI	UNKNOWN STEP	2025-11-18T14:28:34.8337064Z ##[group]Disabling automatic garbage collection
Status Check - Keycloak CI	UNKNOWN STEP	2025-11-18T14:28:34.8340623Z [command]/usr/bin/git config --local gc.auto 0
Status Check - Keycloak CI	UNKNOWN STEP	2025-11-18T14:28:34.8367168Z ##[endgroup]
Status Check - Keycloak CI	UNKNOWN STEP	2025-11-18T14:28:34.8368584Z ##[group]Setting up auth
Status Check - Keycloak CI	UNKNOWN STEP	2025-11-18T14:28:34.8374754Z [command]/usr/bin/git config --local --name-only --get-regexp core\.sshCommand
Status Check - Keycloak CI	UNKNOWN STEP	2025-11-18T14:28:34.8404996Z [command]/usr/bin/git submodule foreach --recursive sh -c "git config --local --name-only --get-regexp 'core\.sshCommand' && git config --local --unset-all 'core.sshCommand' || :"
Status Check - Keycloak CI	UNKNOWN STEP	2025-11-18T14:28:34.8756007Z [command]/usr/bin/git config --local --name-only --get-regexp http\.https\:\/\/github\.com\/\.extraheader
Status Check - Keycloak CI	UNKNOWN STEP	2025-11-18T14:28:34.8786374Z [command]/usr/bin/git submodule foreach --recursive sh -c "git config --local --name-only --get-regexp 'http\.https\:\/\/github\.com\/\.extraheader' && git config --local --unset-all 'http.https://github.com/.extraheader' || :"
Status Check - Keycloak CI	UNKNOWN STEP	2025-11-18T14:28:34.9007193Z [command]/usr/bin/git config --local http.https://github.com/.extraheader AUTHORIZATION: basic ***
Status Check - Keycloak CI	UNKNOWN STEP	2025-11-18T14:28:34.9041964Z ##[endgroup]
Status Check - Keycloak CI	UNKNOWN STEP	2025-11-18T14:28:34.9042785Z ##[group]Fetching the repository
Status Check - Keycloak CI	UNKNOWN STEP	2025-11-18T14:28:34.9051261Z [command]/usr/bin/git -c protocol.version=2 fetch --no-tags --prune --no-recurse-submodules --depth=1 origin +21c2ce75160bb9703cca77bf5a3d050168ac072d:refs/remotes/pull/44176/merge
Status Check - Keycloak CI	UNKNOWN STEP	2025-11-18T14:28:37.9766653Z From https://github.com/keycloak/keycloak
Status Check - Keycloak CI	UNKNOWN STEP	2025-11-18T14:28:37.9769230Z  * [new ref]         21c2ce75160bb9703cca77bf5a3d050168ac072d -> pull/44176/merge
Status Check - Keycloak CI	UNKNOWN STEP	2025-11-18T14:28:37.9801134Z ##[endgroup]
Status Check - Keycloak CI	UNKNOWN STEP	2025-11-18T14:28:37.9802264Z ##[group]Determining the checkout info
Status Check - Keycloak CI	UNKNOWN STEP	2025-11-18T14:28:37.9803866Z ##[endgroup]
Status Check - Keycloak CI	UNKNOWN STEP	2025-11-18T14:28:37.9808453Z [command]/usr/bin/git sparse-checkout disable
Status Check - Keycloak CI	UNKNOWN STEP	2025-11-18T14:28:37.9851127Z [command]/usr/bin/git config --local --unset-all extensions.worktreeConfig
Status Check - Keycloak CI	UNKNOWN STEP	2025-11-18T14:28:37.9878179Z ##[group]Checking out the ref
Status Check - Keycloak CI	UNKNOWN STEP	2025-11-18T14:28:37.9881297Z [command]/usr/bin/git checkout --progress --force refs/remotes/pull/44176/merge
Status Check - Keycloak CI	UNKNOWN STEP	2025-11-18T14:28:38.8216716Z Note: switching to 'refs/remotes/pull/44176/merge'.
Status Check - Keycloak CI	UNKNOWN STEP	2025-11-18T14:28:38.8218440Z 
Status Check - Keycloak CI	UNKNOWN STEP	2025-11-18T14:28:38.8218852Z You are in 'detached HEAD' state. You can look around, make experimental
Status Check - Keycloak CI	UNKNOWN STEP	2025-11-18T14:28:38.8219656Z changes and commit them, and you can discard any commits you make in this
Status Check - Keycloak CI	UNKNOWN STEP	2025-11-18T14:28:38.8220428Z state without impacting any branches by switching back to a branch.
Status Check - Keycloak CI	UNKNOWN STEP	2025-11-18T14:28:38.8220891Z 
Status Check - Keycloak CI	UNKNOWN STEP	2025-11-18T14:28:38.8221213Z If you want to create a new branch to retain commits you create, you may
Status Check - Keycloak CI	UNKNOWN STEP	2025-11-18T14:28:38.8221965Z do so (now or later) by using -c with the switch command. Example:
Status Check - Keycloak CI	UNKNOWN STEP	2025-11-18T14:28:38.8222376Z 
Status Check - Keycloak CI	UNKNOWN STEP	2025-11-18T14:28:38.8222563Z   git switch -c <new-branch-name>
Status Check - Keycloak CI	UNKNOWN STEP	2025-11-18T14:28:38.8222867Z 
Status Check - Keycloak CI	UNKNOWN STEP	2025-11-18T14:28:38.8223080Z Or undo this operation with:
Status Check - Keycloak CI	UNKNOWN STEP	2025-11-18T14:28:38.8223355Z 
Status Check - Keycloak CI	UNKNOWN STEP	2025-11-18T14:28:38.8223519Z   git switch -
Status Check - Keycloak CI	UNKNOWN STEP	2025-11-18T14:28:38.8223757Z 
Status Check - Keycloak CI	UNKNOWN STEP	2025-11-18T14:28:38.8224151Z Turn off this advice by setting config variable advice.detachedHead to false
Status Check - Keycloak CI	UNKNOWN STEP	2025-11-18T14:28:38.8224663Z 
Status Check - Keycloak CI	UNKNOWN STEP	2025-11-18T14:28:38.8225264Z HEAD is now at 21c2ce7 Merge abbaeb164b917e5fa311a1e48ef360c251989266 into 68cfb8d720dd1177b0daa1b4aeae2a2deb5aea1f
Status Check - Keycloak CI	UNKNOWN STEP	2025-11-18T14:28:38.8254547Z ##[endgroup]
Status Check - Keycloak CI	UNKNOWN STEP	2025-11-18T14:28:38.8296239Z [command]/usr/bin/git log -1 --format=%H
Status Check - Keycloak CI	UNKNOWN STEP	2025-11-18T14:28:38.8328876Z 21c2ce75160bb9703cca77bf5a3d050168ac072d
Status Check - Keycloak CI	UNKNOWN STEP	2025-11-18T14:28:38.8572198Z Prepare all required actions
Status Check - Keycloak CI	UNKNOWN STEP	2025-11-18T14:28:38.8645087Z ##[group]Run ./.github/actions/status-check
Status Check - Keycloak CI	UNKNOWN STEP	2025-11-18T14:28:38.8645414Z with:
Status Check - Keycloak CI	UNKNOWN STEP	2025-11-18T14:28:38.8650223Z   jobs: {
Status Check - Keycloak CI	UNKNOWN STEP	  "conditional": {
Status Check - Keycloak CI	UNKNOWN STEP	    "result": "success",
Status Check - Keycloak CI	UNKNOWN STEP	    "outputs": {
Status Check - Keycloak CI	UNKNOWN STEP	      "ci-quarkus": "false",
Status Check - Keycloak CI	UNKNOWN STEP	      "ci-store": "true",
Status Check - Keycloak CI	UNKNOWN STEP	      "ci-webauthn": "true",
Status Check - Keycloak CI	UNKNOWN STEP	      "ci-aurora": "false",
Status Check - Keycloak CI	UNKNOWN STEP	      "ci-additional-dbs": "false",
Status Check - Keycloak CI	UNKNOWN STEP	      "ci-admin-v2": "false",
Status Check - Keycloak CI	UNKNOWN STEP	      "ci": "true",
Status Check - Keycloak CI	UNKNOWN STEP	      "ci-sssd": "false",
Status Check - Keycloak CI	UNKNOWN STEP	      "ci-compatibility-matrix": "skip"
Status Check - Keycloak CI	UNKNOWN STEP	    }
Status Check - Keycloak CI	UNKNOWN STEP	  },
Status Check - Keycloak CI	UNKNOWN STEP	  "build": {
Status Check - Keycloak CI	UNKNOWN STEP	    "result": "success",
Status Check - Keycloak CI	UNKNOWN STEP	    "outputs": {}
Status Check - Keycloak CI	UNKNOWN STEP	  },
Status Check - Keycloak CI	UNKNOWN STEP	  "unit-tests": {
Status Check - Keycloak CI	UNKNOWN STEP	    "result": "success",
Status Check - Keycloak CI	UNKNOWN STEP	    "outputs": {}
Status Check - Keycloak CI	UNKNOWN STEP	  },
Status Check - Keycloak CI	UNKNOWN STEP	  "base-integration-tests": {
Status Check - Keycloak CI	UNKNOWN STEP	    "result": "success",
Status Check - Keycloak CI	UNKNOWN STEP	    "outputs": {}
Status Check - Keycloak CI	UNKNOWN STEP	  },
Status Check - Keycloak CI	UNKNOWN STEP	  "adapter-integration-tests": {
Status Check - Keycloak CI	UNKNOWN STEP	    "result": "success",
Status Check - Keycloak CI	UNKNOWN STEP	    "outputs": {}
Status Check - Keycloak CI	UNKNOWN STEP	  },
Status Check - Keycloak CI	UNKNOWN STEP	  "adapter-integration-tests-strict-cookies": {
Status Check - Keycloak CI	UNKNOWN STEP	    "result": "success",
Status Check - Keycloak CI	UNKNOWN STEP	    "outputs": {}
Status Check - Keycloak CI	UNKNOWN STEP	  },
Status Check - Keycloak CI	UNKNOWN STEP	  "quarkus-unit-tests": {
Status Check - Keycloak CI	UNKNOWN STEP	    "result": "skipped",
Status Check - Keycloak CI	UNKNOWN STEP	    "outputs": {}
Status Check - Keycloak CI	UNKNOWN STEP	  },
Status Check - Keycloak CI	UNKNOWN STEP	  "quarkus-integration-tests": {
Status Check - Keycloak CI	UNKNOWN STEP	    "result": "success",
Status Check - Keycloak CI	UNKNOWN STEP	    "outputs": {}
Status Check - Keycloak CI	UNKNOWN STEP	  },
Status Check - Keycloak CI	UNKNOWN STEP	  "jdk-integration-tests": {
Status Check - Keycloak CI	UNKNOWN STEP	    "result": "failure",
Status Check - Keycloak CI	UNKNOWN STEP	    "outputs": {}
Status Check - Keycloak CI	UNKNOWN STEP	  },
Status Check - Keycloak CI	UNKNOWN STEP	  "store-integration-tests": {
Status Check - Keycloak CI	UNKNOWN STEP	    "result": "success",
Status Check - Keycloak CI	UNKNOWN STEP	    "outputs": {}
Status Check - Keycloak CI	UNKNOWN STEP	  },
Status Check - Keycloak CI	UNKNOWN STEP	  "volatile-sessions-tests": {
Status Check - Keycloak CI	UNKNOWN STEP	    "result": "success",
Status Check - Keycloak CI	UNKNOWN STEP	    "outputs": {}
Status Check - Keycloak CI	UNKNOWN STEP	  },
Status Check - Keycloak CI	UNKNOWN STEP	  "store-model-tests": {
Status Check - Keycloak CI	UNKNOWN STEP	    "result": "success",
Status Check - Keycloak CI	UNKNOWN STEP	    "outputs": {}
Status Check - Keycloak CI	UNKNOWN STEP	  },
Status Check - Keycloak CI	UNKNOWN STEP	  "clustering-integration-tests": {
Status Check - Keycloak CI	UNKNOWN STEP	    "result": "success",
Status Check - Keycloak CI	UNKNOWN STEP	    "outputs": {}
Status Check - Keycloak CI	UNKNOWN STEP	  },
Status Check - Keycloak CI	UNKNOWN STEP	  "fips-unit-tests": {
Status Check - Keycloak CI	UNKNOWN STEP	    "result": "success",
Status Check - Keycloak CI	UNKNOWN STEP	    "outputs": {}
Status Check - Keycloak CI	UNKNOWN STEP	  },
Status Check - Keycloak CI	UNKNOWN STEP	  "fips-integration-tests": {
Status Check - Keycloak CI	UNKNOWN STEP	    "result": "success",
Status Check - Keycloak CI	UNKNOWN STEP	    "outputs": {}
Status Check - Keycloak CI	UNKNOWN STEP	  },
Status Check - Keycloak CI	UNKNOWN STEP	  "forms-integration-tests": {
Status Check - Keycloak CI	UNKNOWN STEP	    "result": "success",
Status Check - Keycloak CI	UNKNOWN STEP	    "outputs": {}
Status Check - Keycloak CI	UNKNOWN STEP	  },
Status Check - Keycloak CI	UNKNOWN STEP	  "webauthn-integration-tests": {
Status Check - Keycloak CI	UNKNOWN STEP	    "result": "success",
Status Check - Keycloak CI	UNKNOWN STEP	    "outputs": {}
Status Check - Keycloak CI	UNKNOWN STEP	  },
Status Check - Keycloak CI	UNKNOWN STEP	  "sssd-unit-tests": {
Status Check - Keycloak CI	UNKNOWN STEP	    "result": "skipped",
Status Check - Keycloak CI	UNKNOWN STEP	    "outputs": {}
Status Check - Keycloak CI	UNKNOWN STEP	  },
Status Check - Keycloak CI	UNKNOWN STEP	  "migration-tests": {
Status Check - Keycloak CI	UNKNOWN STEP	    "result": "success",
Status Check - Keycloak CI	UNKNOWN STEP	    "outputs": {}
Status Check - Keycloak CI	UNKNOWN STEP	  },
Status Check - Keycloak CI	UNKNOWN STEP	  "external-infinispan-tests": {
Status Check - Keycloak CI	UNKNOWN STEP	    "result": "success",
Status Check - Keycloak CI	UNKNOWN STEP	    "outputs": {}
Status Check - Keycloak CI	UNKNOWN STEP	  },
Status Check - Keycloak CI	UNKNOWN STEP	  "test-framework": {
Status Check - Keycloak CI	UNKNOWN STEP	    "result": "success",
Status Check - Keycloak CI	UNKNOWN STEP	    "outputs": {}
Status Check - Keycloak CI	UNKNOWN STEP	  },
Status Check - Keycloak CI	UNKNOWN STEP	  "base-new-integration-tests": {
Status Check - Keycloak CI	UNKNOWN STEP	    "result": "success",
Status Check - Keycloak CI	UNKNOWN STEP	    "outputs": {}
Status Check - Keycloak CI	UNKNOWN STEP	  },
Status Check - Keycloak CI	UNKNOWN STEP	  "mixed-cluster-compatibility-tests": {
Status Check - Keycloak CI	UNKNOWN STEP	    "result": "skipped",
Status Check - Keycloak CI	UNKNOWN STEP	    "outputs": {}
Status Check - Keycloak CI	UNKNOWN STEP	  },
Status Check - Keycloak CI	UNKNOWN STEP	  "admin-v2-tests": {
Status Check - Keycloak CI	UNKNOWN STEP	    "result": "skipped",
Status Check - Keycloak CI	UNKNOWN STEP	    "outputs": {}
Status Check - Keycloak CI	UNKNOWN STEP	  }
Status Check - Keycloak CI	UNKNOWN STEP	}
Status Check - Keycloak CI	UNKNOWN STEP	2025-11-18T14:28:38.8655019Z env:
Status Check - Keycloak CI	UNKNOWN STEP	2025-11-18T14:28:38.8655322Z   MAVEN_ARGS: -B -nsu -Daether.connector.http.connectionMaxTtl=25
Status Check - Keycloak CI	UNKNOWN STEP	2025-11-18T14:28:38.8655689Z   SUREFIRE_RERUN_FAILING_COUNT: 2
Status Check - Keycloak CI	UNKNOWN STEP	2025-11-18T14:28:38.8656109Z   SUREFIRE_RETRY: -Dsurefire.rerunFailingTestsCount=2
Status Check - Keycloak CI	UNKNOWN STEP	2025-11-18T14:28:38.8656433Z ##[endgroup]
Status Check - Keycloak CI	UNKNOWN STEP	2025-11-18T14:28:38.8757972Z ##[group]Run JOBS='{
Status Check - Keycloak CI	UNKNOWN STEP	2025-11-18T14:28:38.8758347Z [36;1mJOBS='{[0m
Status Check - Keycloak CI	UNKNOWN STEP	2025-11-18T14:28:38.8758585Z [36;1m  "conditional": {[0m
Status Check - Keycloak CI	UNKNOWN STEP	2025-11-18T14:28:38.8758880Z [36;1m    "result": "success",[0m
Status Check - Keycloak CI	UNKNOWN STEP	2025-11-18T14:28:38.8759151Z [36;1m    "outputs": {[0m
Status Check - Keycloak CI	UNKNOWN STEP	2025-11-18T14:28:38.8759398Z [36;1m      "ci-quarkus": "false",[0m
Status Check - Keycloak CI	UNKNOWN STEP	2025-11-18T14:28:38.8759676Z [36;1m      "ci-store": "true",[0m
Status Check - Keycloak CI	UNKNOWN STEP	2025-11-18T14:28:38.8759947Z [36;1m      "ci-webauthn": "true",[0m
Status Check - Keycloak CI	UNKNOWN STEP	2025-11-18T14:28:38.8760220Z [36;1m      "ci-aurora": "false",[0m
Status Check - Keycloak CI	UNKNOWN STEP	2025-11-18T14:28:38.8760522Z [36;1m      "ci-additional-dbs": "false",[0m
Status Check - Keycloak CI	UNKNOWN STEP	2025-11-18T14:28:38.8760938Z [36;1m      "ci-admin-v2": "false",[0m
Status Check - Keycloak CI	UNKNOWN STEP	2025-11-18T14:28:38.8761219Z [36;1m      "ci": "true",[0m
Status Check - Keycloak CI	UNKNOWN STEP	2025-11-18T14:28:38.8761465Z [36;1m      "ci-sssd": "false",[0m
Status Check - Keycloak CI	UNKNOWN STEP	2025-11-18T14:28:38.8761758Z [36;1m      "ci-compatibility-matrix": "skip"[0m
Status Check - Keycloak CI	UNKNOWN STEP	2025-11-18T14:28:38.8762039Z [36;1m    }[0m
Status Check - Keycloak CI	UNKNOWN STEP	2025-11-18T14:28:38.8762244Z [36;1m  },[0m
Status Check - Keycloak CI	UNKNOWN STEP	2025-11-18T14:28:38.8762443Z [36;1m  "build": {[0m
Status Check - Keycloak CI	UNKNOWN STEP	2025-11-18T14:28:38.8762672Z [36;1m    "result": "success",[0m
Status Check - Keycloak CI	UNKNOWN STEP	2025-11-18T14:28:38.8762931Z [36;1m    "outputs": {}[0m
Status Check - Keycloak CI	UNKNOWN STEP	2025-11-18T14:28:38.8763352Z [36;1m  },[0m
Status Check - Keycloak CI	UNKNOWN STEP	2025-11-18T14:28:38.8763562Z [36;1m  "unit-tests": {[0m
Status Check - Keycloak CI	UNKNOWN STEP	2025-11-18T14:28:38.8763816Z [36;1m    "result": "success",[0m
Status Check - Keycloak CI	UNKNOWN STEP	2025-11-18T14:28:38.8764087Z [36;1m    "outputs": {}[0m
Status Check - Keycloak CI	UNKNOWN STEP	2025-11-18T14:28:38.8764319Z [36;1m  },[0m
Status Check - Keycloak CI	UNKNOWN STEP	2025-11-18T14:28:38.8764706Z [36;1m  "base-integration-tests": {[0m
Status Check - Keycloak CI	UNKNOWN STEP	2025-11-18T14:28:38.8765007Z [36;1m    "result": "success",[0m
Status Check - Keycloak CI	UNKNOWN STEP	2025-11-18T14:28:38.8765271Z [36;1m    "outputs": {}[0m
Status Check - Keycloak CI	UNKNOWN STEP	2025-11-18T14:28:38.8765499Z [36;1m  },[0m
Status Check - Keycloak CI	UNKNOWN STEP	2025-11-18T14:28:38.8765731Z [36;1m  "adapter-integration-tests": {[0m
Status Check - Keycloak CI	UNKNOWN STEP	2025-11-18T14:28:38.8766019Z [36;1m    "result": "success",[0m
Status Check - Keycloak CI	UNKNOWN STEP	2025-11-18T14:28:38.8766267Z [36;1m    "outputs": {}[0m
Status Check - Keycloak CI	UNKNOWN STEP	2025-11-18T14:28:38.8766493Z [36;1m  },[0m
Status Check - Keycloak CI	UNKNOWN STEP	2025-11-18T14:28:38.8766759Z [36;1m  "adapter-integration-tests-strict-cookies": {[0m
Status Check - Keycloak CI	UNKNOWN STEP	2025-11-18T14:28:38.8767086Z [36;1m    "result": "success",[0m
Status Check - Keycloak CI	UNKNOWN STEP	2025-11-18T14:28:38.8767334Z [36;1m    "outputs": {}[0m
Status Check - Keycloak CI	UNKNOWN STEP	2025-11-18T14:28:38.8767693Z [36;1m  },[0m
Status Check - Keycloak CI	UNKNOWN STEP	2025-11-18T14:28:38.8767903Z [36;1m  "quarkus-unit-tests": {[0m
Status Check - Keycloak CI	UNKNOWN STEP	2025-11-18T14:28:38.8768216Z [36;1m    "result": "skipped",[0m
Status Check - Keycloak CI	UNKNOWN STEP	2025-11-18T14:28:38.8768468Z [36;1m    "outputs": {}[0m
Status Check - Keycloak CI	UNKNOWN STEP	2025-11-18T14:28:38.8768688Z [36;1m  },[0m
Status Check - Keycloak CI	UNKNOWN STEP	2025-11-18T14:28:38.8768915Z [36;1m  "quarkus-integration-tests": {[0m
Status Check - Keycloak CI	UNKNOWN STEP	2025-11-18T14:28:38.8769201Z [36;1m    "result": "success",[0m
Status Check - Keycloak CI	UNKNOWN STEP	2025-11-18T14:28:38.8769456Z [36;1m    "outputs": {}[0m
Status Check - Keycloak CI	UNKNOWN STEP	2025-11-18T14:28:38.8769674Z [36;1m  },[0m
Status Check - Keycloak CI	UNKNOWN STEP	2025-11-18T14:28:38.8769901Z [36;1m  "jdk-integration-tests": {[0m
Status Check - Keycloak CI	UNKNOWN STEP	2025-11-18T14:28:38.8770176Z [36;1m    "result": "failure",[0m
Status Check - Keycloak CI	UNKNOWN STEP	2025-11-18T14:28:38.8770425Z [36;1m    "outputs": {}[0m
Status Check - Keycloak CI	UNKNOWN STEP	2025-11-18T14:28:38.8770652Z [36;1m  },[0m
Status Check - Keycloak CI	UNKNOWN STEP	2025-11-18T14:28:38.8770870Z [36;1m  "store-integration-tests": {[0m
Status Check - Keycloak CI	UNKNOWN STEP	2025-11-18T14:28:38.8771147Z [36;1m    "result": "success",[0m
Status Check - Keycloak CI	UNKNOWN STEP	2025-11-18T14:28:38.8771392Z [36;1m    "outputs": {}[0m
Status Check - Keycloak CI	UNKNOWN STEP	2025-11-18T14:28:38.8771621Z [36;1m  },[0m
Status Check - Keycloak CI	UNKNOWN STEP	2025-11-18T14:28:38.8771834Z [36;1m  "volatile-sessions-tests": {[0m
Status Check - Keycloak CI	UNKNOWN STEP	2025-11-18T14:28:38.8772110Z [36;1m    "result": "success",[0m
Status Check - Keycloak CI	UNKNOWN STEP	2025-11-18T14:28:38.8772355Z [36;1m    "outputs": {}[0m
Status Check - Keycloak CI	UNKNOWN STEP	2025-11-18T14:28:38.8772585Z [36;1m  },[0m
Status Check - Keycloak CI	UNKNOWN STEP	2025-11-18T14:28:38.8772790Z [36;1m  "store-model-tests": {[0m
Status Check - Keycloak CI	UNKNOWN STEP	2025-11-18T14:28:38.8773051Z [36;1m    "result": "success",[0m
Status Check - Keycloak CI	UNKNOWN STEP	2025-11-18T14:28:38.8773304Z [36;1m    "outputs": {}[0m
Status Check - Keycloak CI	UNKNOWN STEP	2025-11-18T14:28:38.8773522Z [36;1m  },[0m
Status Check - Keycloak CI	UNKNOWN STEP	2025-11-18T14:28:38.8773759Z [36;1m  "clustering-integration-tests": {[0m
Status Check - Keycloak CI	UNKNOWN STEP	2025-11-18T14:28:38.8774045Z [36;1m    "result": "success",[0m
Status Check - Keycloak CI	UNKNOWN STEP	2025-11-18T14:28:38.8774293Z [36;1m    "outputs": {}[0m
Status Check - Keycloak CI	UNKNOWN STEP	2025-11-18T14:28:38.8774514Z [36;1m  },[0m
Status Check - Keycloak CI	UNKNOWN STEP	2025-11-18T14:28:38.8774731Z [36;1m  "fips-unit-tests": {[0m
Status Check - Keycloak CI	UNKNOWN STEP	2025-11-18T14:28:38.8774981Z [36;1m    "result": "success",[0m
Status Check - Keycloak CI	UNKNOWN STEP	2025-11-18T14:28:38.8775227Z [36;1m    "outputs": {}[0m
Status Check - Keycloak CI	UNKNOWN STEP	2025-11-18T14:28:38.8775451Z [36;1m  },[0m
Status Check - Keycloak CI	UNKNOWN STEP	2025-11-18T14:28:38.8775664Z [36;1m  "fips-integration-tests": {[0m
Status Check - Keycloak CI	UNKNOWN STEP	2025-11-18T14:28:38.8775935Z [36;1m    "result": "success",[0m
Status Check - Keycloak CI	UNKNOWN STEP	2025-11-18T14:28:38.8776173Z [36;1m    "outputs": {}[0m
Status Check - Keycloak CI	UNKNOWN STEP	2025-11-18T14:28:38.8776401Z [36;1m  },[0m
Status Check - Keycloak CI	UNKNOWN STEP	2025-11-18T14:28:38.8776616Z [36;1m  "forms-integration-tests": {[0m
Status Check - Keycloak CI	UNKNOWN STEP	2025-11-18T14:28:38.8776890Z [36;1m    "result": "success",[0m
Status Check - Keycloak CI	UNKNOWN STEP	2025-11-18T14:28:38.8777168Z [36;1m    "outputs": {}[0m
Status Check - Keycloak CI	UNKNOWN STEP	2025-11-18T14:28:38.8777396Z [36;1m  },[0m
Status Check - Keycloak CI	UNKNOWN STEP	2025-11-18T14:28:38.8777728Z [36;1m  "webauthn-integration-tests": {[0m
Status Check - Keycloak CI	UNKNOWN STEP	2025-11-18T14:28:38.8778016Z [36;1m    "result": "success",[0m
Status Check - Keycloak CI	UNKNOWN STEP	2025-11-18T14:28:38.8778270Z [36;1m    "outputs": {}[0m
Status Check - Keycloak CI	UNKNOWN STEP	2025-11-18T14:28:38.8778491Z [36;1m  },[0m
Status Check - Keycloak CI	UNKNOWN STEP	2025-11-18T14:28:38.8778703Z [36;1m  "sssd-unit-tests": {[0m
Status Check - Keycloak CI	UNKNOWN STEP	2025-11-18T14:28:38.8778958Z [36;1m    "result": "skipped",[0m
Status Check - Keycloak CI	UNKNOWN STEP	2025-11-18T14:28:38.8779202Z [36;1m    "outputs": {}[0m
Status Check - Keycloak CI	UNKNOWN STEP	2025-11-18T14:28:38.8779428Z [36;1m  },[0m
Status Check - Keycloak CI	UNKNOWN STEP	2025-11-18T14:28:38.8779631Z [36;1m  "migration-tests": {[0m
Status Check - Keycloak CI	UNKNOWN STEP	2025-11-18T14:28:38.8779882Z [36;1m    "result": "success",[0m
Status Check - Keycloak CI	UNKNOWN STEP	2025-11-18T14:28:38.8780125Z [36;1m    "outputs": {}[0m
Status Check - Keycloak CI	UNKNOWN STEP	2025-11-18T14:28:38.8780350Z [36;1m  },[0m
Status Check - Keycloak CI	UNKNOWN STEP	2025-11-18T14:28:38.8780568Z [36;1m  "external-infinispan-tests": {[0m
Status Check - Keycloak CI	UNKNOWN STEP	2025-11-18T14:28:38.8780983Z [36;1m    "result": "success",[0m
Status Check - Keycloak CI	UNKNOWN STEP	2025-11-18T14:28:38.8781226Z [36;1m    "outputs": {}[0m
Status Check - Keycloak CI	UNKNOWN STEP	2025-11-18T14:28:38.8781456Z [36;1m  },[0m
Status Check - Keycloak CI	UNKNOWN STEP	2025-11-18T14:28:38.8781667Z [36;1m  "test-framework": {[0m
Status Check - Keycloak CI	UNKNOWN STEP	2025-11-18T14:28:38.8782074Z [36;1m    "result": "success",[0m
Status Check - Keycloak CI	UNKNOWN STEP	2025-11-18T14:28:38.8782331Z [36;1m    "outputs": {}[0m
Status Check - Keycloak CI	UNKNOWN STEP	2025-11-18T14:28:38.8782548Z [36;1m  },[0m
Status Check - Keycloak CI	UNKNOWN STEP	2025-11-18T14:28:38.8782774Z [36;1m  "base-new-integration-tests": {[0m
Status Check - Keycloak CI	UNKNOWN STEP	2025-11-18T14:28:38.8783057Z [36;1m    "result": "success",[0m
Status Check - Keycloak CI	UNKNOWN STEP	2025-11-18T14:28:38.8783306Z [36;1m    "outputs": {}[0m
Status Check - Keycloak CI	UNKNOWN STEP	2025-11-18T14:28:38.8783524Z [36;1m  },[0m
Status Check - Keycloak CI	UNKNOWN STEP	2025-11-18T14:28:38.8783764Z [36;1m  "mixed-cluster-compatibility-tests": {[0m
Status Check - Keycloak CI	UNKNOWN STEP	2025-11-18T14:28:38.8784069Z [36;1m    "result": "skipped",[0m
Status Check - Keycloak CI	UNKNOWN STEP	2025-11-18T14:28:38.8784314Z [36;1m    "outputs": {}[0m
Status Check - Keycloak CI	UNKNOWN STEP	2025-11-18T14:28:38.8784541Z [36;1m  },[0m
Status Check - Keycloak CI	UNKNOWN STEP	2025-11-18T14:28:38.8784748Z [36;1m  "admin-v2-tests": {[0m
Status Check - Keycloak CI	UNKNOWN STEP	2025-11-18T14:28:38.8784996Z [36;1m    "result": "skipped",[0m
Status Check - Keycloak CI	UNKNOWN STEP	2025-11-18T14:28:38.8785246Z [36;1m    "outputs": {}[0m
Status Check - Keycloak CI	UNKNOWN STEP	2025-11-18T14:28:38.8785473Z [36;1m  }[0m
Status Check - Keycloak CI	UNKNOWN STEP	2025-11-18T14:28:38.8785661Z [36;1m}'[0m
Status Check - Keycloak CI	UNKNOWN STEP	2025-11-18T14:28:38.8785871Z [36;1m[0m
Status Check - Keycloak CI	UNKNOWN STEP	2025-11-18T14:28:38.8786074Z [36;1mecho "Job status:"[0m
Status Check - Keycloak CI	UNKNOWN STEP	2025-11-18T14:28:38.8786415Z [36;1mecho $JOBS | jq -r 'to_entries[] | " - \(.key): \(.value.result)"'[0m
Status Check - Keycloak CI	UNKNOWN STEP	2025-11-18T14:28:38.8786767Z [36;1m[0m
Status Check - Keycloak CI	UNKNOWN STEP	2025-11-18T14:28:38.8787034Z [36;1mfor i in $(echo $JOBS | jq -r 'to_entries[] | .value.result'); do[0m
Status Check - Keycloak CI	UNKNOWN STEP	2025-11-18T14:28:38.8787429Z [36;1m  if [ "$i" != "success" ] && [ "$i" != "skipped" ]; then[0m
Status Check - Keycloak CI	UNKNOWN STEP	2025-11-18T14:28:38.8787833Z [36;1m    echo ""[0m
Status Check - Keycloak CI	UNKNOWN STEP	2025-11-18T14:28:38.8788067Z [36;1m    echo "Status check not okay!"[0m
Status Check - Keycloak CI	UNKNOWN STEP	2025-11-18T14:28:38.8788333Z [36;1m    exit 1[0m
Status Check - Keycloak CI	UNKNOWN STEP	2025-11-18T14:28:38.8788544Z [36;1m  fi[0m
Status Check - Keycloak CI	UNKNOWN STEP	2025-11-18T14:28:38.8788738Z [36;1mdone[0m
Status Check - Keycloak CI	UNKNOWN STEP	2025-11-18T14:28:38.8826008Z shell: /usr/bin/bash --noprofile --norc -e -o pipefail {0}
Status Check - Keycloak CI	UNKNOWN STEP	2025-11-18T14:28:38.8826390Z env:
Status Check - Keycloak CI	UNKNOWN STEP	2025-11-18T14:28:38.8826715Z   MAVEN_ARGS: -B -nsu -Daether.connector.http.connectionMaxTtl=25
Status Check - Keycloak CI	UNKNOWN STEP	2025-11-18T14:28:38.8827084Z   SUREFIRE_RERUN_FAILING_COUNT: 2
Status Check - Keycloak CI	UNKNOWN STEP	2025-11-18T14:28:38.8827402Z   SUREFIRE_RETRY: -Dsurefire.rerunFailingTestsCount=2
Status Check - Keycloak CI	UNKNOWN STEP	2025-11-18T14:28:38.8827898Z ##[endgroup]
Status Check - Keycloak CI	UNKNOWN STEP	2025-11-18T14:28:38.8899391Z Job status:
Status Check - Keycloak CI	UNKNOWN STEP	2025-11-18T14:28:38.8927825Z  - conditional: success
Status Check - Keycloak CI	UNKNOWN STEP	2025-11-18T14:28:38.8928332Z  - build: success
Status Check - Keycloak CI	UNKNOWN STEP	2025-11-18T14:28:38.8928733Z  - unit-tests: success
Status Check - Keycloak CI	UNKNOWN STEP	2025-11-18T14:28:38.8929171Z  - base-integration-tests: success
Status Check - Keycloak CI	UNKNOWN STEP	2025-11-18T14:28:38.8929686Z  - adapter-integration-tests: success
Status Check - Keycloak CI	UNKNOWN STEP	2025-11-18T14:28:38.8930103Z  - adapter-integration-tests-strict-cookies: success
Status Check - Keycloak CI	UNKNOWN STEP	2025-11-18T14:28:38.8930469Z  - quarkus-unit-tests: skipped
Status Check - Keycloak CI	UNKNOWN STEP	2025-11-18T14:28:38.8930765Z  - quarkus-integration-tests: success
Status Check - Keycloak CI	UNKNOWN STEP	2025-11-18T14:28:38.8931065Z  - jdk-integration-tests: failure
Status Check - Keycloak CI	UNKNOWN STEP	2025-11-18T14:28:38.8931354Z  - store-integration-tests: success
Status Check - Keycloak CI	UNKNOWN STEP	2025-11-18T14:28:38.8931645Z  - volatile-sessions-tests: success
Status Check - Keycloak CI	UNKNOWN STEP	2025-11-18T14:28:38.8931941Z  - store-model-tests: success
Status Check - Keycloak CI	UNKNOWN STEP	2025-11-18T14:28:38.8932228Z  - clustering-integration-tests: success
Status Check - Keycloak CI	UNKNOWN STEP	2025-11-18T14:28:38.8932530Z  - fips-unit-tests: success
Status Check - Keycloak CI	UNKNOWN STEP	2025-11-18T14:28:38.8932817Z  - fips-integration-tests: success
Status Check - Keycloak CI	UNKNOWN STEP	2025-11-18T14:28:38.8933106Z  - forms-integration-tests: success
Status Check - Keycloak CI	UNKNOWN STEP	2025-11-18T14:28:38.8933400Z  - webauthn-integration-tests: success
Status Check - Keycloak CI	UNKNOWN STEP	2025-11-18T14:28:38.8933679Z  - sssd-unit-tests: skipped
Status Check - Keycloak CI	UNKNOWN STEP	2025-11-18T14:28:38.8933932Z  - migration-tests: success
Status Check - Keycloak CI	UNKNOWN STEP	2025-11-18T14:28:38.8934195Z  - external-infinispan-tests: success
Status Check - Keycloak CI	UNKNOWN STEP	2025-11-18T14:28:38.8934481Z  - test-framework: success
Status Check - Keycloak CI	UNKNOWN STEP	2025-11-18T14:28:38.8934791Z  - base-new-integration-tests: success
Status Check - Keycloak CI	UNKNOWN STEP	2025-11-18T14:28:38.8935339Z  - mixed-cluster-compatibility-tests: skipped
Status Check - Keycloak CI	UNKNOWN STEP	2025-11-18T14:28:38.8935870Z  - admin-v2-tests: skipped
Status Check - Keycloak CI	UNKNOWN STEP	2025-11-18T14:28:38.8962923Z 
Status Check - Keycloak CI	UNKNOWN STEP	2025-11-18T14:28:38.8963159Z Status check not okay!
Status Check - Keycloak CI	UNKNOWN STEP	2025-11-18T14:28:38.8975853Z ##[error]Process completed with exit code 1.
Status Check - Keycloak CI	UNKNOWN STEP	2025-11-18T14:28:38.9162173Z Post job cleanup.
Status Check - Keycloak CI	UNKNOWN STEP	2025-11-18T14:28:38.9931744Z [command]/usr/bin/git version
Status Check - Keycloak CI	UNKNOWN STEP	2025-11-18T14:28:38.9967618Z git version 2.51.2
Status Check - Keycloak CI	UNKNOWN STEP	2025-11-18T14:28:39.0036529Z Temporarily overriding HOME='/home/runner/work/_temp/0106072d-a0ed-493d-bf21-fa595128f1d3' before making global git config changes
Status Check - Keycloak CI	UNKNOWN STEP	2025-11-18T14:28:39.0037698Z Adding repository directory to the temporary git global config as a safe directory
Status Check - Keycloak CI	UNKNOWN STEP	2025-11-18T14:28:39.0041933Z [command]/usr/bin/git config --global --add safe.directory /home/runner/work/keycloak/keycloak
Status Check - Keycloak CI	UNKNOWN STEP	2025-11-18T14:28:39.0078939Z [command]/usr/bin/git config --local --name-only --get-regexp core\.sshCommand
Status Check - Keycloak CI	UNKNOWN STEP	2025-11-18T14:28:39.0112083Z [command]/usr/bin/git submodule foreach --recursive sh -c "git config --local --name-only --get-regexp 'core\.sshCommand' && git config --local --unset-all 'core.sshCommand' || :"
Status Check - Keycloak CI	UNKNOWN STEP	2025-11-18T14:28:39.0365667Z [command]/usr/bin/git config --local --name-only --get-regexp http\.https\:\/\/github\.com\/\.extraheader
Status Check - Keycloak CI	UNKNOWN STEP	2025-11-18T14:28:39.0390117Z http.https://github.com/.extraheader
Status Check - Keycloak CI	UNKNOWN STEP	2025-11-18T14:28:39.0400786Z [command]/usr/bin/git config --local --unset-all http.https://github.com/.extraheader
Status Check - Keycloak CI	UNKNOWN STEP	2025-11-18T14:28:39.0433691Z [command]/usr/bin/git submodule foreach --recursive sh -c "git config --local --name-only --get-regexp 'http\.https\:\/\/github\.com\/\.extraheader' && git config --local --unset-all 'http.https://github.com/.extraheader' || :"
Status Check - Keycloak CI	UNKNOWN STEP	2025-11-18T14:28:39.0812603Z Cleaning up orphan processes
