Quarkus IT (ubuntu-latest, zip-fast, true)	UNKNOWN STEP	ï»¿2025-10-30T20:15:19.7962260Z Current runner version: '2.328.0'
Quarkus IT (ubuntu-latest, zip-fast, true)	UNKNOWN STEP	2025-10-30T20:15:19.7998149Z ##[group]Runner Image Provisioner
Quarkus IT (ubuntu-latest, zip-fast, true)	UNKNOWN STEP	2025-10-30T20:15:19.7999529Z Hosted Compute Agent
Quarkus IT (ubuntu-latest, zip-fast, true)	UNKNOWN STEP	2025-10-30T20:15:19.8000593Z Version: 20250912.392
Quarkus IT (ubuntu-latest, zip-fast, true)	UNKNOWN STEP	2025-10-30T20:15:19.8001690Z Commit: d921fda672a98b64f4f82364647e2f10b2267d0b
Quarkus IT (ubuntu-latest, zip-fast, true)	UNKNOWN STEP	2025-10-30T20:15:19.8003002Z Build Date: 2025-09-12T15:23:14Z
Quarkus IT (ubuntu-latest, zip-fast, true)	UNKNOWN STEP	2025-10-30T20:15:19.8004261Z ##[endgroup]
Quarkus IT (ubuntu-latest, zip-fast, true)	UNKNOWN STEP	2025-10-30T20:15:19.8005175Z ##[group]Operating System
Quarkus IT (ubuntu-latest, zip-fast, true)	UNKNOWN STEP	2025-10-30T20:15:19.8006206Z Ubuntu
Quarkus IT (ubuntu-latest, zip-fast, true)	UNKNOWN STEP	2025-10-30T20:15:19.8007125Z 24.04.3
Quarkus IT (ubuntu-latest, zip-fast, true)	UNKNOWN STEP	2025-10-30T20:15:19.8008521Z LTS
Quarkus IT (ubuntu-latest, zip-fast, true)	UNKNOWN STEP	2025-10-30T20:15:19.8009359Z ##[endgroup]
Quarkus IT (ubuntu-latest, zip-fast, true)	UNKNOWN STEP	2025-10-30T20:15:19.8010379Z ##[group]Runner Image
Quarkus IT (ubuntu-latest, zip-fast, true)	UNKNOWN STEP	2025-10-30T20:15:19.8011433Z Image: ubuntu-24.04
Quarkus IT (ubuntu-latest, zip-fast, true)	UNKNOWN STEP	2025-10-30T20:15:19.8012326Z Version: 20250929.60.1
Quarkus IT (ubuntu-latest, zip-fast, true)	UNKNOWN STEP	2025-10-30T20:15:19.8014130Z Included Software: https://github.com/actions/runner-images/blob/ubuntu24/20250929.60/images/ubuntu/Ubuntu2404-Readme.md
Quarkus IT (ubuntu-latest, zip-fast, true)	UNKNOWN STEP	2025-10-30T20:15:19.8016847Z Image Release: https://github.com/actions/runner-images/releases/tag/ubuntu24%2F20250929.60
Quarkus IT (ubuntu-latest, zip-fast, true)	UNKNOWN STEP	2025-10-30T20:15:19.8019045Z ##[endgroup]
Quarkus IT (ubuntu-latest, zip-fast, true)	UNKNOWN STEP	2025-10-30T20:15:19.8020755Z ##[group]GITHUB_TOKEN Permissions
Quarkus IT (ubuntu-latest, zip-fast, true)	UNKNOWN STEP	2025-10-30T20:15:19.8023729Z Contents: read
Quarkus IT (ubuntu-latest, zip-fast, true)	UNKNOWN STEP	2025-10-30T20:15:19.8024855Z Metadata: read
Quarkus IT (ubuntu-latest, zip-fast, true)	UNKNOWN STEP	2025-10-30T20:15:19.8025667Z ##[endgroup]
Quarkus IT (ubuntu-latest, zip-fast, true)	UNKNOWN STEP	2025-10-30T20:15:19.8029598Z Secret source: None
Quarkus IT (ubuntu-latest, zip-fast, true)	UNKNOWN STEP	2025-10-30T20:15:19.8031094Z Prepare workflow directory
Quarkus IT (ubuntu-latest, zip-fast, true)	UNKNOWN STEP	2025-10-30T20:15:19.8657097Z Prepare all required actions
Quarkus IT (ubuntu-latest, zip-fast, true)	UNKNOWN STEP	2025-10-30T20:15:19.8719015Z Getting action download info
Quarkus IT (ubuntu-latest, zip-fast, true)	UNKNOWN STEP	2025-10-30T20:15:20.1665326Z Download action repository 'actions/checkout@08c6903cd8c0fde910a37f88322edcfb5dd907a8' (SHA:08c6903cd8c0fde910a37f88322edcfb5dd907a8)
Quarkus IT (ubuntu-latest, zip-fast, true)	UNKNOWN STEP	2025-10-30T20:15:20.4112261Z Complete job name: Quarkus IT (ubuntu-latest, zip-fast, true)
Quarkus IT (ubuntu-latest, zip-fast, true)	UNKNOWN STEP	2025-10-30T20:15:20.4882823Z ##[group]Run actions/checkout@08c6903cd8c0fde910a37f88322edcfb5dd907a8
Quarkus IT (ubuntu-latest, zip-fast, true)	UNKNOWN STEP	2025-10-30T20:15:20.4883956Z with:
Quarkus IT (ubuntu-latest, zip-fast, true)	UNKNOWN STEP	2025-10-30T20:15:20.4884381Z   repository: keycloak/keycloak
Quarkus IT (ubuntu-latest, zip-fast, true)	UNKNOWN STEP	2025-10-30T20:15:20.4885122Z   token: ***
Quarkus IT (ubuntu-latest, zip-fast, true)	UNKNOWN STEP	2025-10-30T20:15:20.4885548Z   ssh-strict: true
Quarkus IT (ubuntu-latest, zip-fast, true)	UNKNOWN STEP	2025-10-30T20:15:20.4886005Z   ssh-user: git
Quarkus IT (ubuntu-latest, zip-fast, true)	UNKNOWN STEP	2025-10-30T20:15:20.4886493Z   persist-credentials: true
Quarkus IT (ubuntu-latest, zip-fast, true)	UNKNOWN STEP	2025-10-30T20:15:20.4887010Z   clean: true
Quarkus IT (ubuntu-latest, zip-fast, true)	UNKNOWN STEP	2025-10-30T20:15:20.4887450Z   sparse-checkout-cone-mode: true
Quarkus IT (ubuntu-latest, zip-fast, true)	UNKNOWN STEP	2025-10-30T20:15:20.4888230Z   fetch-depth: 1
Quarkus IT (ubuntu-latest, zip-fast, true)	UNKNOWN STEP	2025-10-30T20:15:20.4888676Z   fetch-tags: false
Quarkus IT (ubuntu-latest, zip-fast, true)	UNKNOWN STEP	2025-10-30T20:15:20.4889128Z   show-progress: true
Quarkus IT (ubuntu-latest, zip-fast, true)	UNKNOWN STEP	2025-10-30T20:15:20.4889614Z   lfs: false
Quarkus IT (ubuntu-latest, zip-fast, true)	UNKNOWN STEP	2025-10-30T20:15:20.4890039Z   submodules: false
Quarkus IT (ubuntu-latest, zip-fast, true)	UNKNOWN STEP	2025-10-30T20:15:20.4890522Z   set-safe-directory: true
Quarkus IT (ubuntu-latest, zip-fast, true)	UNKNOWN STEP	2025-10-30T20:15:20.4891298Z env:
Quarkus IT (ubuntu-latest, zip-fast, true)	UNKNOWN STEP	2025-10-30T20:15:20.4891952Z   MAVEN_ARGS: -B -nsu -Daether.connector.http.connectionMaxTtl=25
Quarkus IT (ubuntu-latest, zip-fast, true)	UNKNOWN STEP	2025-10-30T20:15:20.4892806Z   SUREFIRE_RERUN_FAILING_COUNT: 2
Quarkus IT (ubuntu-latest, zip-fast, true)	UNKNOWN STEP	2025-10-30T20:15:20.4893559Z   SUREFIRE_RETRY: -Dsurefire.rerunFailingTestsCount=2
Quarkus IT (ubuntu-latest, zip-fast, true)	UNKNOWN STEP	2025-10-30T20:15:20.4894256Z   MAVEN_OPTS: -Xmx1536m
Quarkus IT (ubuntu-latest, zip-fast, true)	UNKNOWN STEP	2025-10-30T20:15:20.4894745Z ##[endgroup]
Quarkus IT (ubuntu-latest, zip-fast, true)	UNKNOWN STEP	2025-10-30T20:15:20.5983212Z Syncing repository: keycloak/keycloak
Quarkus IT (ubuntu-latest, zip-fast, true)	UNKNOWN STEP	2025-10-30T20:15:20.5985126Z ##[group]Getting Git version info
Quarkus IT (ubuntu-latest, zip-fast, true)	UNKNOWN STEP	2025-10-30T20:15:20.5985955Z Working directory is '/home/runner/work/keycloak/keycloak'
Quarkus IT (ubuntu-latest, zip-fast, true)	UNKNOWN STEP	2025-10-30T20:15:20.5987210Z [command]/usr/bin/git version
Quarkus IT (ubuntu-latest, zip-fast, true)	UNKNOWN STEP	2025-10-30T20:15:20.6045695Z git version 2.51.0
Quarkus IT (ubuntu-latest, zip-fast, true)	UNKNOWN STEP	2025-10-30T20:15:20.6069347Z ##[endgroup]
Quarkus IT (ubuntu-latest, zip-fast, true)	UNKNOWN STEP	2025-10-30T20:15:20.6085239Z Temporarily overriding HOME='/home/runner/work/_temp/b3821b37-98f7-4c7b-8836-32ec5ba896bd' before making global git config changes
Quarkus IT (ubuntu-latest, zip-fast, true)	UNKNOWN STEP	2025-10-30T20:15:20.6087417Z Adding repository directory to the temporary git global config as a safe directory
Quarkus IT (ubuntu-latest, zip-fast, true)	UNKNOWN STEP	2025-10-30T20:15:20.6090964Z [command]/usr/bin/git config --global --add safe.directory /home/runner/work/keycloak/keycloak
Quarkus IT (ubuntu-latest, zip-fast, true)	UNKNOWN STEP	2025-10-30T20:15:20.6134690Z Deleting the contents of '/home/runner/work/keycloak/keycloak'
Quarkus IT (ubuntu-latest, zip-fast, true)	UNKNOWN STEP	2025-10-30T20:15:20.6139100Z ##[group]Initializing the repository
Quarkus IT (ubuntu-latest, zip-fast, true)	UNKNOWN STEP	2025-10-30T20:15:20.6143923Z [command]/usr/bin/git init /home/runner/work/keycloak/keycloak
Quarkus IT (ubuntu-latest, zip-fast, true)	UNKNOWN STEP	2025-10-30T20:15:20.6268527Z hint: Using 'master' as the name for the initial branch. This default branch name
Quarkus IT (ubuntu-latest, zip-fast, true)	UNKNOWN STEP	2025-10-30T20:15:20.6270992Z hint: is subject to change. To configure the initial branch name to use in all
Quarkus IT (ubuntu-latest, zip-fast, true)	UNKNOWN STEP	2025-10-30T20:15:20.6273100Z hint: of your new repositories, which will suppress this warning, call:
Quarkus IT (ubuntu-latest, zip-fast, true)	UNKNOWN STEP	2025-10-30T20:15:20.6274937Z hint:
Quarkus IT (ubuntu-latest, zip-fast, true)	UNKNOWN STEP	2025-10-30T20:15:20.6275737Z hint: 	git config --global init.defaultBranch <name>
Quarkus IT (ubuntu-latest, zip-fast, true)	UNKNOWN STEP	2025-10-30T20:15:20.6276850Z hint:
Quarkus IT (ubuntu-latest, zip-fast, true)	UNKNOWN STEP	2025-10-30T20:15:20.6278575Z hint: Names commonly chosen instead of 'master' are 'main', 'trunk' and
Quarkus IT (ubuntu-latest, zip-fast, true)	UNKNOWN STEP	2025-10-30T20:15:20.6280204Z hint: 'development'. The just-created branch can be renamed via this command:
Quarkus IT (ubuntu-latest, zip-fast, true)	UNKNOWN STEP	2025-10-30T20:15:20.6281434Z hint:
Quarkus IT (ubuntu-latest, zip-fast, true)	UNKNOWN STEP	2025-10-30T20:15:20.6282263Z hint: 	git branch -m <name>
Quarkus IT (ubuntu-latest, zip-fast, true)	UNKNOWN STEP	2025-10-30T20:15:20.6283053Z hint:
Quarkus IT (ubuntu-latest, zip-fast, true)	UNKNOWN STEP	2025-10-30T20:15:20.6283818Z hint: Disable this message with "git config set advice.defaultBranchName false"
Quarkus IT (ubuntu-latest, zip-fast, true)	UNKNOWN STEP	2025-10-30T20:15:20.6285063Z Initialized empty Git repository in /home/runner/work/keycloak/keycloak/.git/
Quarkus IT (ubuntu-latest, zip-fast, true)	UNKNOWN STEP	2025-10-30T20:15:20.6288989Z [command]/usr/bin/git remote add origin https://github.com/keycloak/keycloak
Quarkus IT (ubuntu-latest, zip-fast, true)	UNKNOWN STEP	2025-10-30T20:15:20.6332995Z ##[endgroup]
Quarkus IT (ubuntu-latest, zip-fast, true)	UNKNOWN STEP	2025-10-30T20:15:20.6334243Z ##[group]Disabling automatic garbage collection
Quarkus IT (ubuntu-latest, zip-fast, true)	UNKNOWN STEP	2025-10-30T20:15:20.6337707Z [command]/usr/bin/git config --local gc.auto 0
Quarkus IT (ubuntu-latest, zip-fast, true)	UNKNOWN STEP	2025-10-30T20:15:20.6371476Z ##[endgroup]
Quarkus IT (ubuntu-latest, zip-fast, true)	UNKNOWN STEP	2025-10-30T20:15:20.6372320Z ##[group]Setting up auth
Quarkus IT (ubuntu-latest, zip-fast, true)	UNKNOWN STEP	2025-10-30T20:15:20.6380748Z [command]/usr/bin/git config --local --name-only --get-regexp core\.sshCommand
Quarkus IT (ubuntu-latest, zip-fast, true)	UNKNOWN STEP	2025-10-30T20:15:20.6416784Z [command]/usr/bin/git submodule foreach --recursive sh -c "git config --local --name-only --get-regexp 'core\.sshCommand' && git config --local --unset-all 'core.sshCommand' || :"
Quarkus IT (ubuntu-latest, zip-fast, true)	UNKNOWN STEP	2025-10-30T20:15:20.6812808Z [command]/usr/bin/git config --local --name-only --get-regexp http\.https\:\/\/github\.com\/\.extraheader
Quarkus IT (ubuntu-latest, zip-fast, true)	UNKNOWN STEP	2025-10-30T20:15:20.6854259Z [command]/usr/bin/git submodule foreach --recursive sh -c "git config --local --name-only --get-regexp 'http\.https\:\/\/github\.com\/\.extraheader' && git config --local --unset-all 'http.https://github.com/.extraheader' || :"
Quarkus IT (ubuntu-latest, zip-fast, true)	UNKNOWN STEP	2025-10-30T20:15:20.7110462Z [command]/usr/bin/git config --local http.https://github.com/.extraheader AUTHORIZATION: basic ***
Quarkus IT (ubuntu-latest, zip-fast, true)	UNKNOWN STEP	2025-10-30T20:15:20.7155978Z ##[endgroup]
Quarkus IT (ubuntu-latest, zip-fast, true)	UNKNOWN STEP	2025-10-30T20:15:20.7157173Z ##[group]Fetching the repository
Quarkus IT (ubuntu-latest, zip-fast, true)	UNKNOWN STEP	2025-10-30T20:15:20.7169131Z [command]/usr/bin/git -c protocol.version=2 fetch --no-tags --prune --no-recurse-submodules --depth=1 origin +0e9d7eaf8340802335206335b2c8edb1f92a76b1:refs/remotes/pull/43869/merge
Quarkus IT (ubuntu-latest, zip-fast, true)	UNKNOWN STEP	2025-10-30T20:15:25.1260542Z From https://github.com/keycloak/keycloak
Quarkus IT (ubuntu-latest, zip-fast, true)	UNKNOWN STEP	2025-10-30T20:15:25.1262669Z  * [new ref]         0e9d7eaf8340802335206335b2c8edb1f92a76b1 -> pull/43869/merge
Quarkus IT (ubuntu-latest, zip-fast, true)	UNKNOWN STEP	2025-10-30T20:15:25.1310386Z ##[endgroup]
Quarkus IT (ubuntu-latest, zip-fast, true)	UNKNOWN STEP	2025-10-30T20:15:25.1312763Z ##[group]Determining the checkout info
Quarkus IT (ubuntu-latest, zip-fast, true)	UNKNOWN STEP	2025-10-30T20:15:25.1315575Z ##[endgroup]
Quarkus IT (ubuntu-latest, zip-fast, true)	UNKNOWN STEP	2025-10-30T20:15:25.1322164Z [command]/usr/bin/git sparse-checkout disable
Quarkus IT (ubuntu-latest, zip-fast, true)	UNKNOWN STEP	2025-10-30T20:15:25.1377840Z [command]/usr/bin/git config --local --unset-all extensions.worktreeConfig
Quarkus IT (ubuntu-latest, zip-fast, true)	UNKNOWN STEP	2025-10-30T20:15:25.1416258Z ##[group]Checking out the ref
Quarkus IT (ubuntu-latest, zip-fast, true)	UNKNOWN STEP	2025-10-30T20:15:25.1422699Z [command]/usr/bin/git checkout --progress --force refs/remotes/pull/43869/merge
Quarkus IT (ubuntu-latest, zip-fast, true)	UNKNOWN STEP	2025-10-30T20:15:26.0636953Z Note: switching to 'refs/remotes/pull/43869/merge'.
Quarkus IT (ubuntu-latest, zip-fast, true)	UNKNOWN STEP	2025-10-30T20:15:26.0638462Z 
Quarkus IT (ubuntu-latest, zip-fast, true)	UNKNOWN STEP	2025-10-30T20:15:26.0639303Z You are in 'detached HEAD' state. You can look around, make experimental
Quarkus IT (ubuntu-latest, zip-fast, true)	UNKNOWN STEP	2025-10-30T20:15:26.0641281Z changes and commit them, and you can discard any commits you make in this
Quarkus IT (ubuntu-latest, zip-fast, true)	UNKNOWN STEP	2025-10-30T20:15:26.0643478Z state without impacting any branches by switching back to a branch.
Quarkus IT (ubuntu-latest, zip-fast, true)	UNKNOWN STEP	2025-10-30T20:15:26.0644725Z 
Quarkus IT (ubuntu-latest, zip-fast, true)	UNKNOWN STEP	2025-10-30T20:15:26.0645381Z If you want to create a new branch to retain commits you create, you may
Quarkus IT (ubuntu-latest, zip-fast, true)	UNKNOWN STEP	2025-10-30T20:15:26.0647032Z do so (now or later) by using -c with the switch command. Example:
Quarkus IT (ubuntu-latest, zip-fast, true)	UNKNOWN STEP	2025-10-30T20:15:26.0647866Z 
Quarkus IT (ubuntu-latest, zip-fast, true)	UNKNOWN STEP	2025-10-30T20:15:26.0648609Z   git switch -c <new-branch-name>
Quarkus IT (ubuntu-latest, zip-fast, true)	UNKNOWN STEP	2025-10-30T20:15:26.0649439Z 
Quarkus IT (ubuntu-latest, zip-fast, true)	UNKNOWN STEP	2025-10-30T20:15:26.0649857Z Or undo this operation with:
Quarkus IT (ubuntu-latest, zip-fast, true)	UNKNOWN STEP	2025-10-30T20:15:26.0650532Z 
Quarkus IT (ubuntu-latest, zip-fast, true)	UNKNOWN STEP	2025-10-30T20:15:26.0650910Z   git switch -
Quarkus IT (ubuntu-latest, zip-fast, true)	UNKNOWN STEP	2025-10-30T20:15:26.0651524Z 
Quarkus IT (ubuntu-latest, zip-fast, true)	UNKNOWN STEP	2025-10-30T20:15:26.0652533Z Turn off this advice by setting config variable advice.detachedHead to false
Quarkus IT (ubuntu-latest, zip-fast, true)	UNKNOWN STEP	2025-10-30T20:15:26.0654244Z 
Quarkus IT (ubuntu-latest, zip-fast, true)	UNKNOWN STEP	2025-10-30T20:15:26.0655559Z HEAD is now at 0e9d7ea Merge d03cee814bba1b447b58f44f037d4699097c2f07 into 6a4e4abf30bb33d81f55bc918b80ceb1583be149
Quarkus IT (ubuntu-latest, zip-fast, true)	UNKNOWN STEP	2025-10-30T20:15:26.0681241Z ##[endgroup]
Quarkus IT (ubuntu-latest, zip-fast, true)	UNKNOWN STEP	2025-10-30T20:15:26.0734562Z [command]/usr/bin/git log -1 --format=%H
Quarkus IT (ubuntu-latest, zip-fast, true)	UNKNOWN STEP	2025-10-30T20:15:26.0762071Z 0e9d7eaf8340802335206335b2c8edb1f92a76b1
Quarkus IT (ubuntu-latest, zip-fast, true)	UNKNOWN STEP	2025-10-30T20:15:26.1127149Z Prepare all required actions
Quarkus IT (ubuntu-latest, zip-fast, true)	UNKNOWN STEP	2025-10-30T20:15:26.1127859Z Getting action download info
Quarkus IT (ubuntu-latest, zip-fast, true)	UNKNOWN STEP	2025-10-30T20:15:26.2545278Z Download action repository 'actions/download-artifact@d3f86a106a0bac45b974a628896c90dbdf5c8093' (SHA:d3f86a106a0bac45b974a628896c90dbdf5c8093)
Quarkus IT (ubuntu-latest, zip-fast, true)	UNKNOWN STEP	2025-10-30T20:15:26.5415488Z ##[group]Run ./.github/actions/integration-test-setup
Quarkus IT (ubuntu-latest, zip-fast, true)	UNKNOWN STEP	2025-10-30T20:15:26.5416040Z with:
Quarkus IT (ubuntu-latest, zip-fast, true)	UNKNOWN STEP	2025-10-30T20:15:26.5416357Z   jdk-dist: temurin
Quarkus IT (ubuntu-latest, zip-fast, true)	UNKNOWN STEP	2025-10-30T20:15:26.5416685Z   jdk-version: 21
Quarkus IT (ubuntu-latest, zip-fast, true)	UNKNOWN STEP	2025-10-30T20:15:26.5417041Z env:
Quarkus IT (ubuntu-latest, zip-fast, true)	UNKNOWN STEP	2025-10-30T20:15:26.5417476Z   MAVEN_ARGS: -B -nsu -Daether.connector.http.connectionMaxTtl=25
Quarkus IT (ubuntu-latest, zip-fast, true)	UNKNOWN STEP	2025-10-30T20:15:26.5418286Z   SUREFIRE_RERUN_FAILING_COUNT: 2
Quarkus IT (ubuntu-latest, zip-fast, true)	UNKNOWN STEP	2025-10-30T20:15:26.5418801Z   SUREFIRE_RETRY: -Dsurefire.rerunFailingTestsCount=2
Quarkus IT (ubuntu-latest, zip-fast, true)	UNKNOWN STEP	2025-10-30T20:15:26.5419293Z   MAVEN_OPTS: -Xmx1536m
Quarkus IT (ubuntu-latest, zip-fast, true)	UNKNOWN STEP	2025-10-30T20:15:26.5419631Z ##[endgroup]
Quarkus IT (ubuntu-latest, zip-fast, true)	UNKNOWN STEP	2025-10-30T20:15:26.5534462Z Prepare all required actions
Quarkus IT (ubuntu-latest, zip-fast, true)	UNKNOWN STEP	2025-10-30T20:15:26.5582617Z ##[group]Run ./.github/actions/update-hosts
Quarkus IT (ubuntu-latest, zip-fast, true)	UNKNOWN STEP	2025-10-30T20:15:26.5583138Z env:
Quarkus IT (ubuntu-latest, zip-fast, true)	UNKNOWN STEP	2025-10-30T20:15:26.5583561Z   MAVEN_ARGS: -B -nsu -Daether.connector.http.connectionMaxTtl=25
Quarkus IT (ubuntu-latest, zip-fast, true)	UNKNOWN STEP	2025-10-30T20:15:26.5584087Z   SUREFIRE_RERUN_FAILING_COUNT: 2
Quarkus IT (ubuntu-latest, zip-fast, true)	UNKNOWN STEP	2025-10-30T20:15:26.5584518Z   SUREFIRE_RETRY: -Dsurefire.rerunFailingTestsCount=2
Quarkus IT (ubuntu-latest, zip-fast, true)	UNKNOWN STEP	2025-10-30T20:15:26.5584978Z   MAVEN_OPTS: -Xmx1536m
Quarkus IT (ubuntu-latest, zip-fast, true)	UNKNOWN STEP	2025-10-30T20:15:26.5585290Z ##[endgroup]
Quarkus IT (ubuntu-latest, zip-fast, true)	UNKNOWN STEP	2025-10-30T20:15:26.5646631Z ##[group]Run printf "\n\n$(cat .github/actions/update-hosts/hosts)" | sudo tee -a /etc/hosts
Quarkus IT (ubuntu-latest, zip-fast, true)	UNKNOWN STEP	2025-10-30T20:15:26.5647573Z [36;1mprintf "\n\n$(cat .github/actions/update-hosts/hosts)" | sudo tee -a /etc/hosts[0m
Quarkus IT (ubuntu-latest, zip-fast, true)	UNKNOWN STEP	2025-10-30T20:15:26.5692749Z shell: /usr/bin/bash --noprofile --norc -e -o pipefail {0}
Quarkus IT (ubuntu-latest, zip-fast, true)	UNKNOWN STEP	2025-10-30T20:15:26.5693353Z env:
Quarkus IT (ubuntu-latest, zip-fast, true)	UNKNOWN STEP	2025-10-30T20:15:26.5693835Z   MAVEN_ARGS: -B -nsu -Daether.connector.http.connectionMaxTtl=25
Quarkus IT (ubuntu-latest, zip-fast, true)	UNKNOWN STEP	2025-10-30T20:15:26.5694429Z   SUREFIRE_RERUN_FAILING_COUNT: 2
Quarkus IT (ubuntu-latest, zip-fast, true)	UNKNOWN STEP	2025-10-30T20:15:26.5694938Z   SUREFIRE_RETRY: -Dsurefire.rerunFailingTestsCount=2
Quarkus IT (ubuntu-latest, zip-fast, true)	UNKNOWN STEP	2025-10-30T20:15:26.5695462Z   MAVEN_OPTS: -Xmx1536m
Quarkus IT (ubuntu-latest, zip-fast, true)	UNKNOWN STEP	2025-10-30T20:15:26.5695839Z ##[endgroup]
Quarkus IT (ubuntu-latest, zip-fast, true)	UNKNOWN STEP	2025-10-30T20:15:26.5877000Z 
Quarkus IT (ubuntu-latest, zip-fast, true)	UNKNOWN STEP	2025-10-30T20:15:26.5877072Z 
Quarkus IT (ubuntu-latest, zip-fast, true)	UNKNOWN STEP	2025-10-30T20:15:26.5879165Z 127.0.0.1 localtest.me admin.localtest.me localhost-myapp.localtest.me localhost-sso.localtest.me realmFrontend.localtest.me proxy.kc.localtest.me
Quarkus IT (ubuntu-latest, zip-fast, true)	UNKNOWN STEP	2025-10-30T20:15:26.5901040Z ::1 localtest.me admin.localtest.me localhost-myapp.localtest.me localhost-sso.localtest.me realmFrontend.localtest.me proxy.kc.localtest.me
Quarkus IT (ubuntu-latest, zip-fast, true)	UNKNOWN STEP	2025-10-30T20:15:26.6089372Z Prepare all required actions
Quarkus IT (ubuntu-latest, zip-fast, true)	UNKNOWN STEP	2025-10-30T20:15:26.6089974Z Getting action download info
Quarkus IT (ubuntu-latest, zip-fast, true)	UNKNOWN STEP	2025-10-30T20:15:26.7555011Z Download action repository 'actions/setup-java@c5195efecf7bdfc987ee8bae7a71cb8b11521c00' (SHA:c5195efecf7bdfc987ee8bae7a71cb8b11521c00)
Quarkus IT (ubuntu-latest, zip-fast, true)	UNKNOWN STEP	2025-10-30T20:15:27.0740281Z ##[group]Run ./.github/actions/java-setup
Quarkus IT (ubuntu-latest, zip-fast, true)	UNKNOWN STEP	2025-10-30T20:15:27.0740680Z with:
Quarkus IT (ubuntu-latest, zip-fast, true)	UNKNOWN STEP	2025-10-30T20:15:27.0740925Z   distribution: temurin
Quarkus IT (ubuntu-latest, zip-fast, true)	UNKNOWN STEP	2025-10-30T20:15:27.0741219Z   java-version: 21
Quarkus IT (ubuntu-latest, zip-fast, true)	UNKNOWN STEP	2025-10-30T20:15:27.0741471Z env:
Quarkus IT (ubuntu-latest, zip-fast, true)	UNKNOWN STEP	2025-10-30T20:15:27.0741889Z   MAVEN_ARGS: -B -nsu -Daether.connector.http.connectionMaxTtl=25
Quarkus IT (ubuntu-latest, zip-fast, true)	UNKNOWN STEP	2025-10-30T20:15:27.0742347Z   SUREFIRE_RERUN_FAILING_COUNT: 2
Quarkus IT (ubuntu-latest, zip-fast, true)	UNKNOWN STEP	2025-10-30T20:15:27.0742747Z   SUREFIRE_RETRY: -Dsurefire.rerunFailingTestsCount=2
Quarkus IT (ubuntu-latest, zip-fast, true)	UNKNOWN STEP	2025-10-30T20:15:27.0743142Z   MAVEN_OPTS: -Xmx1536m
Quarkus IT (ubuntu-latest, zip-fast, true)	UNKNOWN STEP	2025-10-30T20:15:27.0743442Z ##[endgroup]
Quarkus IT (ubuntu-latest, zip-fast, true)	UNKNOWN STEP	2025-10-30T20:15:27.0842017Z ##[group]Run actions/setup-java@c5195efecf7bdfc987ee8bae7a71cb8b11521c00
Quarkus IT (ubuntu-latest, zip-fast, true)	UNKNOWN STEP	2025-10-30T20:15:27.0842555Z with:
Quarkus IT (ubuntu-latest, zip-fast, true)	UNKNOWN STEP	2025-10-30T20:15:27.0842812Z   distribution: temurin
Quarkus IT (ubuntu-latest, zip-fast, true)	UNKNOWN STEP	2025-10-30T20:15:27.0843112Z   java-version: 21
Quarkus IT (ubuntu-latest, zip-fast, true)	UNKNOWN STEP	2025-10-30T20:15:27.0843394Z   java-package: jdk
Quarkus IT (ubuntu-latest, zip-fast, true)	UNKNOWN STEP	2025-10-30T20:15:27.0843697Z   check-latest: false
Quarkus IT (ubuntu-latest, zip-fast, true)	UNKNOWN STEP	2025-10-30T20:15:27.0843993Z   server-id: github
Quarkus IT (ubuntu-latest, zip-fast, true)	UNKNOWN STEP	2025-10-30T20:15:27.0844268Z   server-username: GITHUB_ACTOR
Quarkus IT (ubuntu-latest, zip-fast, true)	UNKNOWN STEP	2025-10-30T20:15:27.0844869Z   server-password: GITHUB_TOKEN
Quarkus IT (ubuntu-latest, zip-fast, true)	UNKNOWN STEP	2025-10-30T20:15:27.0845183Z   overwrite-settings: true
Quarkus IT (ubuntu-latest, zip-fast, true)	UNKNOWN STEP	2025-10-30T20:15:27.0845496Z   job-status: success
Quarkus IT (ubuntu-latest, zip-fast, true)	UNKNOWN STEP	2025-10-30T20:15:27.0845931Z   token: ***
Quarkus IT (ubuntu-latest, zip-fast, true)	UNKNOWN STEP	2025-10-30T20:15:27.0846196Z env:
Quarkus IT (ubuntu-latest, zip-fast, true)	UNKNOWN STEP	2025-10-30T20:15:27.0846799Z   MAVEN_ARGS: -B -nsu -Daether.connector.http.connectionMaxTtl=25
Quarkus IT (ubuntu-latest, zip-fast, true)	UNKNOWN STEP	2025-10-30T20:15:27.0847283Z   SUREFIRE_RERUN_FAILING_COUNT: 2
Quarkus IT (ubuntu-latest, zip-fast, true)	UNKNOWN STEP	2025-10-30T20:15:27.0847674Z   SUREFIRE_RETRY: -Dsurefire.rerunFailingTestsCount=2
Quarkus IT (ubuntu-latest, zip-fast, true)	UNKNOWN STEP	2025-10-30T20:15:27.0848246Z   MAVEN_OPTS: -Xmx1536m
Quarkus IT (ubuntu-latest, zip-fast, true)	UNKNOWN STEP	2025-10-30T20:15:27.0848539Z ##[endgroup]
Quarkus IT (ubuntu-latest, zip-fast, true)	UNKNOWN STEP	2025-10-30T20:15:27.3188188Z ##[group]Installed distributions
Quarkus IT (ubuntu-latest, zip-fast, true)	UNKNOWN STEP	2025-10-30T20:15:27.3258515Z Resolved Java 21.0.8+9 from tool-cache
Quarkus IT (ubuntu-latest, zip-fast, true)	UNKNOWN STEP	2025-10-30T20:15:27.3259798Z Setting Java 21.0.8+9 as the default
Quarkus IT (ubuntu-latest, zip-fast, true)	UNKNOWN STEP	2025-10-30T20:15:27.3274216Z Creating toolchains.xml for JDK version 21 from temurin
Quarkus IT (ubuntu-latest, zip-fast, true)	UNKNOWN STEP	2025-10-30T20:15:27.3363087Z Writing to /home/runner/.m2/toolchains.xml
Quarkus IT (ubuntu-latest, zip-fast, true)	UNKNOWN STEP	2025-10-30T20:15:27.3363875Z 
Quarkus IT (ubuntu-latest, zip-fast, true)	UNKNOWN STEP	2025-10-30T20:15:27.3364222Z Java configuration:
Quarkus IT (ubuntu-latest, zip-fast, true)	UNKNOWN STEP	2025-10-30T20:15:27.3365253Z   Distribution: temurin
Quarkus IT (ubuntu-latest, zip-fast, true)	UNKNOWN STEP	2025-10-30T20:15:27.3366100Z   Version: 21.0.8+9
Quarkus IT (ubuntu-latest, zip-fast, true)	UNKNOWN STEP	2025-10-30T20:15:27.3367213Z   Path: /opt/hostedtoolcache/Java_Temurin-Hotspot_jdk/21.0.8-9/x64
Quarkus IT (ubuntu-latest, zip-fast, true)	UNKNOWN STEP	2025-10-30T20:15:27.3368490Z 
Quarkus IT (ubuntu-latest, zip-fast, true)	UNKNOWN STEP	2025-10-30T20:15:27.3369402Z ##[endgroup]
Quarkus IT (ubuntu-latest, zip-fast, true)	UNKNOWN STEP	2025-10-30T20:15:27.3391483Z Creating settings.xml with server-id: github
Quarkus IT (ubuntu-latest, zip-fast, true)	UNKNOWN STEP	2025-10-30T20:15:27.3392348Z Writing to /home/runner/.m2/settings.xml
Quarkus IT (ubuntu-latest, zip-fast, true)	UNKNOWN STEP	2025-10-30T20:15:27.3602286Z Prepare all required actions
Quarkus IT (ubuntu-latest, zip-fast, true)	UNKNOWN STEP	2025-10-30T20:15:27.3602773Z Getting action download info
Quarkus IT (ubuntu-latest, zip-fast, true)	UNKNOWN STEP	2025-10-30T20:15:27.5191068Z Download action repository 'actions/cache@5a3ec84eff668545956fd18022155c47e93e2684' (SHA:5a3ec84eff668545956fd18022155c47e93e2684)
Quarkus IT (ubuntu-latest, zip-fast, true)	UNKNOWN STEP	2025-10-30T20:15:27.7343433Z ##[group]Run ./.github/actions/maven-cache
Quarkus IT (ubuntu-latest, zip-fast, true)	UNKNOWN STEP	2025-10-30T20:15:27.7343900Z with:
Quarkus IT (ubuntu-latest, zip-fast, true)	UNKNOWN STEP	2025-10-30T20:15:27.7344231Z   create-cache-if-it-doesnt-exist: false
Quarkus IT (ubuntu-latest, zip-fast, true)	UNKNOWN STEP	2025-10-30T20:15:27.7344650Z env:
Quarkus IT (ubuntu-latest, zip-fast, true)	UNKNOWN STEP	2025-10-30T20:15:27.7345049Z   MAVEN_ARGS: -B -nsu -Daether.connector.http.connectionMaxTtl=25
Quarkus IT (ubuntu-latest, zip-fast, true)	UNKNOWN STEP	2025-10-30T20:15:27.7345611Z   SUREFIRE_RERUN_FAILING_COUNT: 2
Quarkus IT (ubuntu-latest, zip-fast, true)	UNKNOWN STEP	2025-10-30T20:15:27.7346080Z   SUREFIRE_RETRY: -Dsurefire.rerunFailingTestsCount=2
Quarkus IT (ubuntu-latest, zip-fast, true)	UNKNOWN STEP	2025-10-30T20:15:27.7346539Z   MAVEN_OPTS: -Xmx1536m
Quarkus IT (ubuntu-latest, zip-fast, true)	UNKNOWN STEP	2025-10-30T20:15:27.7347023Z   JAVA_HOME: /opt/hostedtoolcache/Java_Temurin-Hotspot_jdk/21.0.8-9/x64
Quarkus IT (ubuntu-latest, zip-fast, true)	UNKNOWN STEP	2025-10-30T20:15:27.7347701Z   JAVA_HOME_21_X64: /opt/hostedtoolcache/Java_Temurin-Hotspot_jdk/21.0.8-9/x64
Quarkus IT (ubuntu-latest, zip-fast, true)	UNKNOWN STEP	2025-10-30T20:15:27.7348358Z ##[endgroup]
Quarkus IT (ubuntu-latest, zip-fast, true)	UNKNOWN STEP	2025-10-30T20:15:27.7381460Z ##[group]Run echo "key=mvn-`date -u "+%Y-%U"`" >> $GITHUB_OUTPUT
Quarkus IT (ubuntu-latest, zip-fast, true)	UNKNOWN STEP	2025-10-30T20:15:27.7382073Z [36;1mecho "key=mvn-`date -u "+%Y-%U"`" >> $GITHUB_OUTPUT[0m
Quarkus IT (ubuntu-latest, zip-fast, true)	UNKNOWN STEP	2025-10-30T20:15:27.7426301Z shell: /usr/bin/bash --noprofile --norc -e -o pipefail {0}
Quarkus IT (ubuntu-latest, zip-fast, true)	UNKNOWN STEP	2025-10-30T20:15:27.7426832Z env:
Quarkus IT (ubuntu-latest, zip-fast, true)	UNKNOWN STEP	2025-10-30T20:15:27.7427292Z   MAVEN_ARGS: -B -nsu -Daether.connector.http.connectionMaxTtl=25
Quarkus IT (ubuntu-latest, zip-fast, true)	UNKNOWN STEP	2025-10-30T20:15:27.7427868Z   SUREFIRE_RERUN_FAILING_COUNT: 2
Quarkus IT (ubuntu-latest, zip-fast, true)	UNKNOWN STEP	2025-10-30T20:15:27.7428490Z   SUREFIRE_RETRY: -Dsurefire.rerunFailingTestsCount=2
Quarkus IT (ubuntu-latest, zip-fast, true)	UNKNOWN STEP	2025-10-30T20:15:27.7429011Z   MAVEN_OPTS: -Xmx1536m
Quarkus IT (ubuntu-latest, zip-fast, true)	UNKNOWN STEP	2025-10-30T20:15:27.7429558Z   JAVA_HOME: /opt/hostedtoolcache/Java_Temurin-Hotspot_jdk/21.0.8-9/x64
Quarkus IT (ubuntu-latest, zip-fast, true)	UNKNOWN STEP	2025-10-30T20:15:27.7430311Z   JAVA_HOME_21_X64: /opt/hostedtoolcache/Java_Temurin-Hotspot_jdk/21.0.8-9/x64
Quarkus IT (ubuntu-latest, zip-fast, true)	UNKNOWN STEP	2025-10-30T20:15:27.7430895Z ##[endgroup]
Quarkus IT (ubuntu-latest, zip-fast, true)	UNKNOWN STEP	2025-10-30T20:15:27.7613113Z ##[group]Run actions/cache/restore@5a3ec84eff668545956fd18022155c47e93e2684
Quarkus IT (ubuntu-latest, zip-fast, true)	UNKNOWN STEP	2025-10-30T20:15:27.7613615Z with:
Quarkus IT (ubuntu-latest, zip-fast, true)	UNKNOWN STEP	2025-10-30T20:15:27.7613957Z   path: ~/.m2/repository/*/*
Quarkus IT (ubuntu-latest, zip-fast, true)	UNKNOWN STEP	!~/.m2/repository/org/keycloak
Quarkus IT (ubuntu-latest, zip-fast, true)	UNKNOWN STEP	
Quarkus IT (ubuntu-latest, zip-fast, true)	UNKNOWN STEP	2025-10-30T20:15:27.7614374Z   key: mvn-Linux-mvn-2025-43
Quarkus IT (ubuntu-latest, zip-fast, true)	UNKNOWN STEP	2025-10-30T20:15:27.7614708Z   restore-keys: mvn--mvn-2025-43
Quarkus IT (ubuntu-latest, zip-fast, true)	UNKNOWN STEP	
Quarkus IT (ubuntu-latest, zip-fast, true)	UNKNOWN STEP	2025-10-30T20:15:27.7615040Z   enableCrossOsArchive: true
Quarkus IT (ubuntu-latest, zip-fast, true)	UNKNOWN STEP	2025-10-30T20:15:27.7615365Z   fail-on-cache-miss: false
Quarkus IT (ubuntu-latest, zip-fast, true)	UNKNOWN STEP	2025-10-30T20:15:27.7615672Z   lookup-only: false
Quarkus IT (ubuntu-latest, zip-fast, true)	UNKNOWN STEP	2025-10-30T20:15:27.7615950Z env:
Quarkus IT (ubuntu-latest, zip-fast, true)	UNKNOWN STEP	2025-10-30T20:15:27.7616314Z   MAVEN_ARGS: -B -nsu -Daether.connector.http.connectionMaxTtl=25
Quarkus IT (ubuntu-latest, zip-fast, true)	UNKNOWN STEP	2025-10-30T20:15:27.7616764Z   SUREFIRE_RERUN_FAILING_COUNT: 2
Quarkus IT (ubuntu-latest, zip-fast, true)	UNKNOWN STEP	2025-10-30T20:15:27.7617148Z   SUREFIRE_RETRY: -Dsurefire.rerunFailingTestsCount=2
Quarkus IT (ubuntu-latest, zip-fast, true)	UNKNOWN STEP	2025-10-30T20:15:27.7617776Z   MAVEN_OPTS: -Xmx1536m
Quarkus IT (ubuntu-latest, zip-fast, true)	UNKNOWN STEP	2025-10-30T20:15:27.7618391Z   JAVA_HOME: /opt/hostedtoolcache/Java_Temurin-Hotspot_jdk/21.0.8-9/x64
Quarkus IT (ubuntu-latest, zip-fast, true)	UNKNOWN STEP	2025-10-30T20:15:27.7618961Z   JAVA_HOME_21_X64: /opt/hostedtoolcache/Java_Temurin-Hotspot_jdk/21.0.8-9/x64
Quarkus IT (ubuntu-latest, zip-fast, true)	UNKNOWN STEP	2025-10-30T20:15:27.7619410Z ##[endgroup]
Quarkus IT (ubuntu-latest, zip-fast, true)	UNKNOWN STEP	2025-10-30T20:15:28.0079771Z Cache hit for: mvn-Linux-mvn-2025-43
Quarkus IT (ubuntu-latest, zip-fast, true)	UNKNOWN STEP	2025-10-30T20:15:29.0512252Z Received 109051904 of 747171190 (14.6%), 104.0 MBs/sec
Quarkus IT (ubuntu-latest, zip-fast, true)	UNKNOWN STEP	2025-10-30T20:15:30.0505952Z Received 213909504 of 747171190 (28.6%), 102.0 MBs/sec
Quarkus IT (ubuntu-latest, zip-fast, true)	UNKNOWN STEP	2025-10-30T20:15:31.0509254Z Received 335544320 of 747171190 (44.9%), 106.7 MBs/sec
Quarkus IT (ubuntu-latest, zip-fast, true)	UNKNOWN STEP	2025-10-30T20:15:32.0511333Z Received 482344960 of 747171190 (64.6%), 115.0 MBs/sec
Quarkus IT (ubuntu-latest, zip-fast, true)	UNKNOWN STEP	2025-10-30T20:15:33.0515153Z Received 641728512 of 747171190 (85.9%), 122.4 MBs/sec
Quarkus IT (ubuntu-latest, zip-fast, true)	UNKNOWN STEP	2025-10-30T20:15:34.0234654Z Received 747171190 of 747171190 (100.0%), 119.3 MBs/sec
Quarkus IT (ubuntu-latest, zip-fast, true)	UNKNOWN STEP	2025-10-30T20:15:34.0238400Z Cache Size: ~713 MB (747171190 B)
Quarkus IT (ubuntu-latest, zip-fast, true)	UNKNOWN STEP	2025-10-30T20:15:34.0420489Z [command]/usr/bin/tar -xf /home/runner/work/_temp/1b7adcb4-ca1a-4127-888f-8e65a7fb2959/cache.tzst -P -C /home/runner/work/keycloak/keycloak --use-compress-program unzstd
Quarkus IT (ubuntu-latest, zip-fast, true)	UNKNOWN STEP	2025-10-30T20:15:36.7457239Z Cache restored successfully
Quarkus IT (ubuntu-latest, zip-fast, true)	UNKNOWN STEP	2025-10-30T20:15:36.9295616Z Cache restored from key: mvn-Linux-mvn-2025-43
Quarkus IT (ubuntu-latest, zip-fast, true)	UNKNOWN STEP	2025-10-30T20:15:36.9513961Z Prepare all required actions
Quarkus IT (ubuntu-latest, zip-fast, true)	UNKNOWN STEP	2025-10-30T20:15:36.9514584Z Getting action download info
Quarkus IT (ubuntu-latest, zip-fast, true)	UNKNOWN STEP	2025-10-30T20:15:37.0831177Z ##[group]Run ./.github/actions/node-cache
Quarkus IT (ubuntu-latest, zip-fast, true)	UNKNOWN STEP	2025-10-30T20:15:37.0831533Z env:
Quarkus IT (ubuntu-latest, zip-fast, true)	UNKNOWN STEP	2025-10-30T20:15:37.0831890Z   MAVEN_ARGS: -B -nsu -Daether.connector.http.connectionMaxTtl=25
Quarkus IT (ubuntu-latest, zip-fast, true)	UNKNOWN STEP	2025-10-30T20:15:37.0832357Z   SUREFIRE_RERUN_FAILING_COUNT: 2
Quarkus IT (ubuntu-latest, zip-fast, true)	UNKNOWN STEP	2025-10-30T20:15:37.0832753Z   SUREFIRE_RETRY: -Dsurefire.rerunFailingTestsCount=2
Quarkus IT (ubuntu-latest, zip-fast, true)	UNKNOWN STEP	2025-10-30T20:15:37.0833156Z   MAVEN_OPTS: -Xmx1536m
Quarkus IT (ubuntu-latest, zip-fast, true)	UNKNOWN STEP	2025-10-30T20:15:37.0833551Z   JAVA_HOME: /opt/hostedtoolcache/Java_Temurin-Hotspot_jdk/21.0.8-9/x64
Quarkus IT (ubuntu-latest, zip-fast, true)	UNKNOWN STEP	2025-10-30T20:15:37.0834143Z   JAVA_HOME_21_X64: /opt/hostedtoolcache/Java_Temurin-Hotspot_jdk/21.0.8-9/x64
Quarkus IT (ubuntu-latest, zip-fast, true)	UNKNOWN STEP	2025-10-30T20:15:37.0834614Z ##[endgroup]
Quarkus IT (ubuntu-latest, zip-fast, true)	UNKNOWN STEP	2025-10-30T20:15:37.0862208Z ##[group]Run echo "node=$(cat js/pom.xml | grep '<node.version>' | cut -d '>' -f 2 | cut -d '<' -f 1 | cut -c 2-)" >> $GITHUB_OUTPUT
Quarkus IT (ubuntu-latest, zip-fast, true)	UNKNOWN STEP	2025-10-30T20:15:37.0863157Z [36;1mecho "node=$(cat js/pom.xml | grep '<node.version>' | cut -d '>' -f 2 | cut -d '<' -f 1 | cut -c 2-)" >> $GITHUB_OUTPUT[0m
Quarkus IT (ubuntu-latest, zip-fast, true)	UNKNOWN STEP	2025-10-30T20:15:37.0863971Z [36;1mecho "pnpm=$(cat js/pom.xml | grep '<pnpm.version>' | cut -d '>' -f 2 | cut -d '<' -f 1 | cut -c 1-)" >> $GITHUB_OUTPUT[0m
Quarkus IT (ubuntu-latest, zip-fast, true)	UNKNOWN STEP	2025-10-30T20:15:37.0905237Z shell: /usr/bin/bash --noprofile --norc -e -o pipefail {0}
Quarkus IT (ubuntu-latest, zip-fast, true)	UNKNOWN STEP	2025-10-30T20:15:37.0905733Z env:
Quarkus IT (ubuntu-latest, zip-fast, true)	UNKNOWN STEP	2025-10-30T20:15:37.0906154Z   MAVEN_ARGS: -B -nsu -Daether.connector.http.connectionMaxTtl=25
Quarkus IT (ubuntu-latest, zip-fast, true)	UNKNOWN STEP	2025-10-30T20:15:37.0906706Z   SUREFIRE_RERUN_FAILING_COUNT: 2
Quarkus IT (ubuntu-latest, zip-fast, true)	UNKNOWN STEP	2025-10-30T20:15:37.0907173Z   SUREFIRE_RETRY: -Dsurefire.rerunFailingTestsCount=2
Quarkus IT (ubuntu-latest, zip-fast, true)	UNKNOWN STEP	2025-10-30T20:15:37.0907636Z   MAVEN_OPTS: -Xmx1536m
Quarkus IT (ubuntu-latest, zip-fast, true)	UNKNOWN STEP	2025-10-30T20:15:37.0908349Z   JAVA_HOME: /opt/hostedtoolcache/Java_Temurin-Hotspot_jdk/21.0.8-9/x64
Quarkus IT (ubuntu-latest, zip-fast, true)	UNKNOWN STEP	2025-10-30T20:15:37.0909074Z   JAVA_HOME_21_X64: /opt/hostedtoolcache/Java_Temurin-Hotspot_jdk/21.0.8-9/x64
Quarkus IT (ubuntu-latest, zip-fast, true)	UNKNOWN STEP	2025-10-30T20:15:37.0909617Z ##[endgroup]
Quarkus IT (ubuntu-latest, zip-fast, true)	UNKNOWN STEP	2025-10-30T20:15:37.1117612Z ##[group]Run actions/cache@5a3ec84eff668545956fd18022155c47e93e2684
Quarkus IT (ubuntu-latest, zip-fast, true)	UNKNOWN STEP	2025-10-30T20:15:37.1118706Z with:
Quarkus IT (ubuntu-latest, zip-fast, true)	UNKNOWN STEP	2025-10-30T20:15:37.1119299Z   path: ~/.m2/repository/com/github/eirslett/node
Quarkus IT (ubuntu-latest, zip-fast, true)	UNKNOWN STEP	~/.m2/repository/com/github/eirslett/pnpm
Quarkus IT (ubuntu-latest, zip-fast, true)	UNKNOWN STEP	
Quarkus IT (ubuntu-latest, zip-fast, true)	UNKNOWN STEP	2025-10-30T20:15:37.1120011Z   key: Linux-frontend-plugin-artifacts-22.18.0-10.14.0
Quarkus IT (ubuntu-latest, zip-fast, true)	UNKNOWN STEP	2025-10-30T20:15:37.1120467Z   enableCrossOsArchive: false
Quarkus IT (ubuntu-latest, zip-fast, true)	UNKNOWN STEP	2025-10-30T20:15:37.1120801Z   fail-on-cache-miss: false
Quarkus IT (ubuntu-latest, zip-fast, true)	UNKNOWN STEP	2025-10-30T20:15:37.1121116Z   lookup-only: false
Quarkus IT (ubuntu-latest, zip-fast, true)	UNKNOWN STEP	2025-10-30T20:15:37.1121419Z   save-always: false
Quarkus IT (ubuntu-latest, zip-fast, true)	UNKNOWN STEP	2025-10-30T20:15:37.1121674Z env:
Quarkus IT (ubuntu-latest, zip-fast, true)	UNKNOWN STEP	2025-10-30T20:15:37.1122061Z   MAVEN_ARGS: -B -nsu -Daether.connector.http.connectionMaxTtl=25
Quarkus IT (ubuntu-latest, zip-fast, true)	UNKNOWN STEP	2025-10-30T20:15:37.1122587Z   SUREFIRE_RERUN_FAILING_COUNT: 2
Quarkus IT (ubuntu-latest, zip-fast, true)	UNKNOWN STEP	2025-10-30T20:15:37.1122985Z   SUREFIRE_RETRY: -Dsurefire.rerunFailingTestsCount=2
Quarkus IT (ubuntu-latest, zip-fast, true)	UNKNOWN STEP	2025-10-30T20:15:37.1123381Z   MAVEN_OPTS: -Xmx1536m
Quarkus IT (ubuntu-latest, zip-fast, true)	UNKNOWN STEP	2025-10-30T20:15:37.1124056Z   JAVA_HOME: /opt/hostedtoolcache/Java_Temurin-Hotspot_jdk/21.0.8-9/x64
Quarkus IT (ubuntu-latest, zip-fast, true)	UNKNOWN STEP	2025-10-30T20:15:37.1124668Z   JAVA_HOME_21_X64: /opt/hostedtoolcache/Java_Temurin-Hotspot_jdk/21.0.8-9/x64
Quarkus IT (ubuntu-latest, zip-fast, true)	UNKNOWN STEP	2025-10-30T20:15:37.1125131Z ##[endgroup]
Quarkus IT (ubuntu-latest, zip-fast, true)	UNKNOWN STEP	2025-10-30T20:15:37.3518210Z Cache hit for: Linux-frontend-plugin-artifacts-22.18.0-10.14.0
Quarkus IT (ubuntu-latest, zip-fast, true)	UNKNOWN STEP	2025-10-30T20:15:38.4082292Z Received 161298205 of 178075421 (90.6%), 153.7 MBs/sec
Quarkus IT (ubuntu-latest, zip-fast, true)	UNKNOWN STEP	2025-10-30T20:15:38.6163198Z Received 178075421 of 178075421 (100.0%), 140.5 MBs/sec
Quarkus IT (ubuntu-latest, zip-fast, true)	UNKNOWN STEP	2025-10-30T20:15:38.6165163Z Cache Size: ~170 MB (178075421 B)
Quarkus IT (ubuntu-latest, zip-fast, true)	UNKNOWN STEP	2025-10-30T20:15:38.6205084Z [command]/usr/bin/tar -xf /home/runner/work/_temp/f35c8815-e1a4-4295-ac2f-75be83bfd31b/cache.tzst -P -C /home/runner/work/keycloak/keycloak --use-compress-program unzstd
Quarkus IT (ubuntu-latest, zip-fast, true)	UNKNOWN STEP	2025-10-30T20:15:39.1606124Z Cache restored successfully
Quarkus IT (ubuntu-latest, zip-fast, true)	UNKNOWN STEP	2025-10-30T20:15:39.2091821Z Cache restored from key: Linux-frontend-plugin-artifacts-22.18.0-10.14.0
Quarkus IT (ubuntu-latest, zip-fast, true)	UNKNOWN STEP	2025-10-30T20:15:39.2266408Z Prepare all required actions
Quarkus IT (ubuntu-latest, zip-fast, true)	UNKNOWN STEP	2025-10-30T20:15:39.2266928Z Getting action download info
Quarkus IT (ubuntu-latest, zip-fast, true)	UNKNOWN STEP	2025-10-30T20:15:39.3596723Z ##[group]Run ./.github/actions/pnpm-store-cache
Quarkus IT (ubuntu-latest, zip-fast, true)	UNKNOWN STEP	2025-10-30T20:15:39.3597090Z env:
Quarkus IT (ubuntu-latest, zip-fast, true)	UNKNOWN STEP	2025-10-30T20:15:39.3597452Z   MAVEN_ARGS: -B -nsu -Daether.connector.http.connectionMaxTtl=25
Quarkus IT (ubuntu-latest, zip-fast, true)	UNKNOWN STEP	2025-10-30T20:15:39.3598057Z   SUREFIRE_RERUN_FAILING_COUNT: 2
Quarkus IT (ubuntu-latest, zip-fast, true)	UNKNOWN STEP	2025-10-30T20:15:39.3598454Z   SUREFIRE_RETRY: -Dsurefire.rerunFailingTestsCount=2
Quarkus IT (ubuntu-latest, zip-fast, true)	UNKNOWN STEP	2025-10-30T20:15:39.3598842Z   MAVEN_OPTS: -Xmx1536m
Quarkus IT (ubuntu-latest, zip-fast, true)	UNKNOWN STEP	2025-10-30T20:15:39.3599242Z   JAVA_HOME: /opt/hostedtoolcache/Java_Temurin-Hotspot_jdk/21.0.8-9/x64
Quarkus IT (ubuntu-latest, zip-fast, true)	UNKNOWN STEP	2025-10-30T20:15:39.3599815Z   JAVA_HOME_21_X64: /opt/hostedtoolcache/Java_Temurin-Hotspot_jdk/21.0.8-9/x64
Quarkus IT (ubuntu-latest, zip-fast, true)	UNKNOWN STEP	2025-10-30T20:15:39.3600266Z ##[endgroup]
Quarkus IT (ubuntu-latest, zip-fast, true)	UNKNOWN STEP	2025-10-30T20:15:39.3618588Z ##[group]Run echo "key=pnpm-store-`date -u "+%Y-%U"`" >> $GITHUB_OUTPUT
Quarkus IT (ubuntu-latest, zip-fast, true)	UNKNOWN STEP	2025-10-30T20:15:39.3619193Z [36;1mecho "key=pnpm-store-`date -u "+%Y-%U"`" >> $GITHUB_OUTPUT[0m
Quarkus IT (ubuntu-latest, zip-fast, true)	UNKNOWN STEP	2025-10-30T20:15:39.3656602Z shell: /usr/bin/bash --noprofile --norc -e -o pipefail {0}
Quarkus IT (ubuntu-latest, zip-fast, true)	UNKNOWN STEP	2025-10-30T20:15:39.3657088Z env:
Quarkus IT (ubuntu-latest, zip-fast, true)	UNKNOWN STEP	2025-10-30T20:15:39.3657536Z   MAVEN_ARGS: -B -nsu -Daether.connector.http.connectionMaxTtl=25
Quarkus IT (ubuntu-latest, zip-fast, true)	UNKNOWN STEP	2025-10-30T20:15:39.3658176Z   SUREFIRE_RERUN_FAILING_COUNT: 2
Quarkus IT (ubuntu-latest, zip-fast, true)	UNKNOWN STEP	2025-10-30T20:15:39.3658628Z   SUREFIRE_RETRY: -Dsurefire.rerunFailingTestsCount=2
Quarkus IT (ubuntu-latest, zip-fast, true)	UNKNOWN STEP	2025-10-30T20:15:39.3659112Z   MAVEN_OPTS: -Xmx1536m
Quarkus IT (ubuntu-latest, zip-fast, true)	UNKNOWN STEP	2025-10-30T20:15:39.3659585Z   JAVA_HOME: /opt/hostedtoolcache/Java_Temurin-Hotspot_jdk/21.0.8-9/x64
Quarkus IT (ubuntu-latest, zip-fast, true)	UNKNOWN STEP	2025-10-30T20:15:39.3660283Z   JAVA_HOME_21_X64: /opt/hostedtoolcache/Java_Temurin-Hotspot_jdk/21.0.8-9/x64
Quarkus IT (ubuntu-latest, zip-fast, true)	UNKNOWN STEP	2025-10-30T20:15:39.3660826Z ##[endgroup]
Quarkus IT (ubuntu-latest, zip-fast, true)	UNKNOWN STEP	2025-10-30T20:15:39.3793417Z ##[group]Run actions/cache@5a3ec84eff668545956fd18022155c47e93e2684
Quarkus IT (ubuntu-latest, zip-fast, true)	UNKNOWN STEP	2025-10-30T20:15:39.3793908Z with:
Quarkus IT (ubuntu-latest, zip-fast, true)	UNKNOWN STEP	2025-10-30T20:15:39.3794384Z   path: ~/.local/share/pnpm/store
Quarkus IT (ubuntu-latest, zip-fast, true)	UNKNOWN STEP	~/AppData/Local/pnpm/store
Quarkus IT (ubuntu-latest, zip-fast, true)	UNKNOWN STEP	~/Library/pnpm/store
Quarkus IT (ubuntu-latest, zip-fast, true)	UNKNOWN STEP	
Quarkus IT (ubuntu-latest, zip-fast, true)	UNKNOWN STEP	2025-10-30T20:15:39.3794971Z   key: Linux-pnpm-store-2025-43
Quarkus IT (ubuntu-latest, zip-fast, true)	UNKNOWN STEP	2025-10-30T20:15:39.3795335Z   enableCrossOsArchive: false
Quarkus IT (ubuntu-latest, zip-fast, true)	UNKNOWN STEP	2025-10-30T20:15:39.3795665Z   fail-on-cache-miss: false
Quarkus IT (ubuntu-latest, zip-fast, true)	UNKNOWN STEP	2025-10-30T20:15:39.3795969Z   lookup-only: false
Quarkus IT (ubuntu-latest, zip-fast, true)	UNKNOWN STEP	2025-10-30T20:15:39.3796275Z   save-always: false
Quarkus IT (ubuntu-latest, zip-fast, true)	UNKNOWN STEP	2025-10-30T20:15:39.3796536Z env:
Quarkus IT (ubuntu-latest, zip-fast, true)	UNKNOWN STEP	2025-10-30T20:15:39.3796893Z   MAVEN_ARGS: -B -nsu -Daether.connector.http.connectionMaxTtl=25
Quarkus IT (ubuntu-latest, zip-fast, true)	UNKNOWN STEP	2025-10-30T20:15:39.3797373Z   SUREFIRE_RERUN_FAILING_COUNT: 2
Quarkus IT (ubuntu-latest, zip-fast, true)	UNKNOWN STEP	2025-10-30T20:15:39.3797778Z   SUREFIRE_RETRY: -Dsurefire.rerunFailingTestsCount=2
Quarkus IT (ubuntu-latest, zip-fast, true)	UNKNOWN STEP	2025-10-30T20:15:39.3798443Z   MAVEN_OPTS: -Xmx1536m
Quarkus IT (ubuntu-latest, zip-fast, true)	UNKNOWN STEP	2025-10-30T20:15:39.3798875Z   JAVA_HOME: /opt/hostedtoolcache/Java_Temurin-Hotspot_jdk/21.0.8-9/x64
Quarkus IT (ubuntu-latest, zip-fast, true)	UNKNOWN STEP	2025-10-30T20:15:39.3799502Z   JAVA_HOME_21_X64: /opt/hostedtoolcache/Java_Temurin-Hotspot_jdk/21.0.8-9/x64
Quarkus IT (ubuntu-latest, zip-fast, true)	UNKNOWN STEP	2025-10-30T20:15:39.3799976Z ##[endgroup]
Quarkus IT (ubuntu-latest, zip-fast, true)	UNKNOWN STEP	2025-10-30T20:15:39.6271496Z Cache hit for: Linux-pnpm-store-2025-43
Quarkus IT (ubuntu-latest, zip-fast, true)	UNKNOWN STEP	2025-10-30T20:15:40.7190089Z Received 75497472 of 138237910 (54.6%), 72.0 MBs/sec
Quarkus IT (ubuntu-latest, zip-fast, true)	UNKNOWN STEP	2025-10-30T20:15:41.7185525Z Received 134217728 of 138237910 (97.1%), 64.0 MBs/sec
Quarkus IT (ubuntu-latest, zip-fast, true)	UNKNOWN STEP	2025-10-30T20:15:42.3993835Z Received 138237910 of 138237910 (100.0%), 49.2 MBs/sec
Quarkus IT (ubuntu-latest, zip-fast, true)	UNKNOWN STEP	2025-10-30T20:15:42.3995045Z Cache Size: ~132 MB (138237910 B)
Quarkus IT (ubuntu-latest, zip-fast, true)	UNKNOWN STEP	2025-10-30T20:15:42.4039034Z [command]/usr/bin/tar -xf /home/runner/work/_temp/cad51465-db1c-4b10-bae8-14e33b34fbbc/cache.tzst -P -C /home/runner/work/keycloak/keycloak --use-compress-program unzstd
Quarkus IT (ubuntu-latest, zip-fast, true)	UNKNOWN STEP	2025-10-30T20:15:45.3242984Z Cache restored successfully
Quarkus IT (ubuntu-latest, zip-fast, true)	UNKNOWN STEP	2025-10-30T20:15:45.3701951Z Cache restored from key: Linux-pnpm-store-2025-43
Quarkus IT (ubuntu-latest, zip-fast, true)	UNKNOWN STEP	2025-10-30T20:15:45.3922103Z ##[group]Run actions/download-artifact@d3f86a106a0bac45b974a628896c90dbdf5c8093
Quarkus IT (ubuntu-latest, zip-fast, true)	UNKNOWN STEP	2025-10-30T20:15:45.3922679Z with:
Quarkus IT (ubuntu-latest, zip-fast, true)	UNKNOWN STEP	2025-10-30T20:15:45.3922957Z   name: m2-keycloak.tzts
Quarkus IT (ubuntu-latest, zip-fast, true)	UNKNOWN STEP	2025-10-30T20:15:45.3923281Z   merge-multiple: false
Quarkus IT (ubuntu-latest, zip-fast, true)	UNKNOWN STEP	2025-10-30T20:15:45.3923598Z   repository: keycloak/keycloak
Quarkus IT (ubuntu-latest, zip-fast, true)	UNKNOWN STEP	2025-10-30T20:15:45.3923926Z   run-id: 18953715879
Quarkus IT (ubuntu-latest, zip-fast, true)	UNKNOWN STEP	2025-10-30T20:15:45.3924210Z env:
Quarkus IT (ubuntu-latest, zip-fast, true)	UNKNOWN STEP	2025-10-30T20:15:45.3924606Z   MAVEN_ARGS: -B -nsu -Daether.connector.http.connectionMaxTtl=25
Quarkus IT (ubuntu-latest, zip-fast, true)	UNKNOWN STEP	2025-10-30T20:15:45.3925106Z   SUREFIRE_RERUN_FAILING_COUNT: 2
Quarkus IT (ubuntu-latest, zip-fast, true)	UNKNOWN STEP	2025-10-30T20:15:45.3925535Z   SUREFIRE_RETRY: -Dsurefire.rerunFailingTestsCount=2
Quarkus IT (ubuntu-latest, zip-fast, true)	UNKNOWN STEP	2025-10-30T20:15:45.3925977Z   MAVEN_OPTS: -Xmx1536m
Quarkus IT (ubuntu-latest, zip-fast, true)	UNKNOWN STEP	2025-10-30T20:15:45.3926421Z   JAVA_HOME: /opt/hostedtoolcache/Java_Temurin-Hotspot_jdk/21.0.8-9/x64
Quarkus IT (ubuntu-latest, zip-fast, true)	UNKNOWN STEP	2025-10-30T20:15:45.3927083Z   JAVA_HOME_21_X64: /opt/hostedtoolcache/Java_Temurin-Hotspot_jdk/21.0.8-9/x64
Quarkus IT (ubuntu-latest, zip-fast, true)	UNKNOWN STEP	2025-10-30T20:15:45.3927597Z ##[endgroup]
Quarkus IT (ubuntu-latest, zip-fast, true)	UNKNOWN STEP	2025-10-30T20:15:45.6343706Z Downloading single artifact
Quarkus IT (ubuntu-latest, zip-fast, true)	UNKNOWN STEP	2025-10-30T20:15:45.7535900Z Preparing to download the following artifacts:
Quarkus IT (ubuntu-latest, zip-fast, true)	UNKNOWN STEP	2025-10-30T20:15:45.7537732Z - m2-keycloak.tzts (ID: 4422687141, Size: 399425018, Expected Digest: sha256:610231f57a8104a39aa9c252801286bbe70815fc35f3a5947fc8d518ce92e748)
Quarkus IT (ubuntu-latest, zip-fast, true)	UNKNOWN STEP	2025-10-30T20:15:45.8372469Z Redirecting to blob download url: https://productionresultssa19.blob.core.windows.net/actions-results/ec3b73df-4c2a-4815-80e7-d136817425cd/workflow-job-run-335a3ec8-ccd8-5bd7-ae6e-aa8b9285496c/artifacts/edc4cfb0355d37e325eaae6eb235756b36f79720f66ece617babf28220e9d051.zip
Quarkus IT (ubuntu-latest, zip-fast, true)	UNKNOWN STEP	2025-10-30T20:15:45.8375890Z Starting download of artifact to: /home/runner/work/keycloak/keycloak
Quarkus IT (ubuntu-latest, zip-fast, true)	UNKNOWN STEP	2025-10-30T20:15:46.0104950Z (node:2150) [DEP0005] DeprecationWarning: Buffer() is deprecated due to security and usability issues. Please use the Buffer.alloc(), Buffer.allocUnsafe(), or Buffer.from() methods instead.
Quarkus IT (ubuntu-latest, zip-fast, true)	UNKNOWN STEP	2025-10-30T20:15:46.0107656Z (Use `node --trace-deprecation ...` to show where the warning was created)
Quarkus IT (ubuntu-latest, zip-fast, true)	UNKNOWN STEP	2025-10-30T20:16:19.3830775Z SHA256 digest of downloaded artifact is 610231f57a8104a39aa9c252801286bbe70815fc35f3a5947fc8d518ce92e748
Quarkus IT (ubuntu-latest, zip-fast, true)	UNKNOWN STEP	2025-10-30T20:16:19.3832041Z Artifact download completed successfully.
Quarkus IT (ubuntu-latest, zip-fast, true)	UNKNOWN STEP	2025-10-30T20:16:19.3832713Z Total of 1 artifact(s) downloaded
Quarkus IT (ubuntu-latest, zip-fast, true)	UNKNOWN STEP	2025-10-30T20:16:19.3838730Z Download artifact has finished successfully
Quarkus IT (ubuntu-latest, zip-fast, true)	UNKNOWN STEP	2025-10-30T20:16:19.4025066Z ##[group]Run if [ "$RUNNER_OS" == "Windows" ]; then
Quarkus IT (ubuntu-latest, zip-fast, true)	UNKNOWN STEP	2025-10-30T20:16:19.4025686Z [36;1mif [ "$RUNNER_OS" == "Windows" ]; then[0m
Quarkus IT (ubuntu-latest, zip-fast, true)	UNKNOWN STEP	2025-10-30T20:16:19.4026414Z [36;1m  # zstd binary might be missing in older versions, install only when necessary[0m
Quarkus IT (ubuntu-latest, zip-fast, true)	UNKNOWN STEP	2025-10-30T20:16:19.4027191Z [36;1m  which zstd > /dev/null || choco install zstandard[0m
Quarkus IT (ubuntu-latest, zip-fast, true)	UNKNOWN STEP	2025-10-30T20:16:19.4027714Z [36;1mfi[0m
Quarkus IT (ubuntu-latest, zip-fast, true)	UNKNOWN STEP	2025-10-30T20:16:19.4028383Z [36;1mtar -C ~/ --use-compress-program="zstd -d" -xf m2-keycloak.tzts[0m
Quarkus IT (ubuntu-latest, zip-fast, true)	UNKNOWN STEP	2025-10-30T20:16:19.4068654Z shell: /usr/bin/bash --noprofile --norc -e -o pipefail {0}
Quarkus IT (ubuntu-latest, zip-fast, true)	UNKNOWN STEP	2025-10-30T20:16:19.4069290Z env:
Quarkus IT (ubuntu-latest, zip-fast, true)	UNKNOWN STEP	2025-10-30T20:16:19.4069858Z   MAVEN_ARGS: -B -nsu -Daether.connector.http.connectionMaxTtl=25
Quarkus IT (ubuntu-latest, zip-fast, true)	UNKNOWN STEP	2025-10-30T20:16:19.4070562Z   SUREFIRE_RERUN_FAILING_COUNT: 2
Quarkus IT (ubuntu-latest, zip-fast, true)	UNKNOWN STEP	2025-10-30T20:16:19.4071180Z   SUREFIRE_RETRY: -Dsurefire.rerunFailingTestsCount=2
Quarkus IT (ubuntu-latest, zip-fast, true)	UNKNOWN STEP	2025-10-30T20:16:19.4071797Z   MAVEN_OPTS: -Xmx1536m
Quarkus IT (ubuntu-latest, zip-fast, true)	UNKNOWN STEP	2025-10-30T20:16:19.4072420Z   JAVA_HOME: /opt/hostedtoolcache/Java_Temurin-Hotspot_jdk/21.0.8-9/x64
Quarkus IT (ubuntu-latest, zip-fast, true)	UNKNOWN STEP	2025-10-30T20:16:19.4073328Z   JAVA_HOME_21_X64: /opt/hostedtoolcache/Java_Temurin-Hotspot_jdk/21.0.8-9/x64
Quarkus IT (ubuntu-latest, zip-fast, true)	UNKNOWN STEP	2025-10-30T20:16:19.4074034Z ##[endgroup]
Quarkus IT (ubuntu-latest, zip-fast, true)	UNKNOWN STEP	2025-10-30T20:16:20.0700380Z ##[group]Run declare -A PARAMS
Quarkus IT (ubuntu-latest, zip-fast, true)	UNKNOWN STEP	2025-10-30T20:16:20.0700832Z [36;1mdeclare -A PARAMS[0m
Quarkus IT (ubuntu-latest, zip-fast, true)	UNKNOWN STEP	2025-10-30T20:16:20.0701250Z [36;1mPARAMS["win"]="-Dkc.quarkus.tests.groups=win"[0m
Quarkus IT (ubuntu-latest, zip-fast, true)	UNKNOWN STEP	2025-10-30T20:16:20.0701785Z [36;1mPARAMS["zip-slow"]="-Dkc.quarkus.tests.groups=slow"[0m
Quarkus IT (ubuntu-latest, zip-fast, true)	UNKNOWN STEP	2025-10-30T20:16:20.0702594Z [36;1mPARAMS["zip-fast"]='-Dkc.quarkus.tests.groups=!slow'[0m
Quarkus IT (ubuntu-latest, zip-fast, true)	UNKNOWN STEP	2025-10-30T20:16:20.0703151Z [36;1mPARAMS["container"]="-Dkc.quarkus.tests.dist=docker"[0m
Quarkus IT (ubuntu-latest, zip-fast, true)	UNKNOWN STEP	2025-10-30T20:16:20.0703651Z [36;1mPARAMS["storage"]="-Ptest-database"[0m
Quarkus IT (ubuntu-latest, zip-fast, true)	UNKNOWN STEP	2025-10-30T20:16:20.0704134Z [36;1mPARAMS["smoke"]="-Dkc.quarkus.tests.groups=smoke"[0m
Quarkus IT (ubuntu-latest, zip-fast, true)	UNKNOWN STEP	2025-10-30T20:16:20.0704600Z [36;1m[0m
Quarkus IT (ubuntu-latest, zip-fast, true)	UNKNOWN STEP	2025-10-30T20:16:20.0704919Z [36;1mif [ "zip-fast" == "container" ]; then[0m
Quarkus IT (ubuntu-latest, zip-fast, true)	UNKNOWN STEP	2025-10-30T20:16:20.0705449Z [36;1m  ./mvnw install -pl quarkus/tests/integration -am -DskipTests[0m
Quarkus IT (ubuntu-latest, zip-fast, true)	UNKNOWN STEP	2025-10-30T20:16:20.0705938Z [36;1mfi[0m
Quarkus IT (ubuntu-latest, zip-fast, true)	UNKNOWN STEP	2025-10-30T20:16:20.0706520Z [36;1m./mvnw test -pl quarkus/tests/integration ${PARAMS["zip-fast"]} 2>&1 | misc/log/trimmer.sh[0m
Quarkus IT (ubuntu-latest, zip-fast, true)	UNKNOWN STEP	2025-10-30T20:16:20.0745679Z shell: /usr/bin/bash --noprofile --norc -e -o pipefail {0}
Quarkus IT (ubuntu-latest, zip-fast, true)	UNKNOWN STEP	2025-10-30T20:16:20.0746206Z env:
Quarkus IT (ubuntu-latest, zip-fast, true)	UNKNOWN STEP	2025-10-30T20:16:20.0746670Z   MAVEN_ARGS: -B -nsu -Daether.connector.http.connectionMaxTtl=25
Quarkus IT (ubuntu-latest, zip-fast, true)	UNKNOWN STEP	2025-10-30T20:16:20.0747249Z   SUREFIRE_RERUN_FAILING_COUNT: 2
Quarkus IT (ubuntu-latest, zip-fast, true)	UNKNOWN STEP	2025-10-30T20:16:20.0747772Z   SUREFIRE_RETRY: -Dsurefire.rerunFailingTestsCount=2
Quarkus IT (ubuntu-latest, zip-fast, true)	UNKNOWN STEP	2025-10-30T20:16:20.0748452Z   MAVEN_OPTS: -Xmx1536m
Quarkus IT (ubuntu-latest, zip-fast, true)	UNKNOWN STEP	2025-10-30T20:16:20.0748990Z   JAVA_HOME: /opt/hostedtoolcache/Java_Temurin-Hotspot_jdk/21.0.8-9/x64
Quarkus IT (ubuntu-latest, zip-fast, true)	UNKNOWN STEP	2025-10-30T20:16:20.0749736Z   JAVA_HOME_21_X64: /opt/hostedtoolcache/Java_Temurin-Hotspot_jdk/21.0.8-9/x64
Quarkus IT (ubuntu-latest, zip-fast, true)	UNKNOWN STEP	2025-10-30T20:16:20.0750305Z ##[endgroup]
Quarkus IT (ubuntu-latest, zip-fast, true)	UNKNOWN STEP	2025-10-30T20:16:25.3150436Z -- [INFO] Loading cache configuration from /home/runner/work/keycloak/keycloak/.mvn/maven-build-cache-config.xml
Quarkus IT (ubuntu-latest, zip-fast, true)	UNKNOWN STEP	2025-10-30T20:16:25.3259712Z -- [INFO] Scanning for projects...
Quarkus IT (ubuntu-latest, zip-fast, true)	UNKNOWN STEP	2025-10-30T20:16:26.5572318Z -- [INFO] 
Quarkus IT (ubuntu-latest, zip-fast, true)	UNKNOWN STEP	2025-10-30T20:16:26.5573403Z -- [INFO] ----------< org.keycloak:keycloak-quarkus-integration-tests >-----------
Quarkus IT (ubuntu-latest, zip-fast, true)	UNKNOWN STEP	2025-10-30T20:16:26.5574552Z -- [INFO] Building Keycloak Quarkus Server Integration tests 999.0.0-SNAPSHOT
Quarkus IT (ubuntu-latest, zip-fast, true)	UNKNOWN STEP	2025-10-30T20:16:26.5575422Z -- [INFO]   from pom.xml
Quarkus IT (ubuntu-latest, zip-fast, true)	UNKNOWN STEP	2025-10-30T20:16:26.5576041Z -- [INFO] --------------------------------[ jar ]---------------------------------
Quarkus IT (ubuntu-latest, zip-fast, true)	UNKNOWN STEP	2025-10-30T20:16:29.3215364Z -- [INFO] 
Quarkus IT (ubuntu-latest, zip-fast, true)	UNKNOWN STEP	2025-10-30T20:16:29.3225375Z -- [INFO] --- enforcer:3.0.0-M3:enforce (enforce-java-version) @ keycloak-quarkus-integration-tests ---
Quarkus IT (ubuntu-latest, zip-fast, true)	UNKNOWN STEP	2025-10-30T20:16:29.5820533Z -- [INFO] 
Quarkus IT (ubuntu-latest, zip-fast, true)	UNKNOWN STEP	2025-10-30T20:16:29.5823878Z -- [INFO] --- enforcer:3.0.0-M3:enforce (enforce-maven-version) @ keycloak-quarkus-integration-tests ---
Quarkus IT (ubuntu-latest, zip-fast, true)	UNKNOWN STEP	2025-10-30T20:16:29.5835180Z -- [INFO] 
Quarkus IT (ubuntu-latest, zip-fast, true)	UNKNOWN STEP	2025-10-30T20:16:29.5838645Z -- [INFO] --- buildnumber:1.4:create (get-scm-revision) @ keycloak-quarkus-integration-tests ---
Quarkus IT (ubuntu-latest, zip-fast, true)	UNKNOWN STEP	2025-10-30T20:16:29.8666235Z -- [INFO] Executing: /bin/sh -c cd '/home/runner/work/keycloak/keycloak/quarkus/tests/integration' && 'git' 'rev-parse' '--verify' 'HEAD'
Quarkus IT (ubuntu-latest, zip-fast, true)	UNKNOWN STEP	2025-10-30T20:16:29.8672954Z -- [INFO] Working directory: /home/runner/work/keycloak/keycloak/quarkus/tests/integration
Quarkus IT (ubuntu-latest, zip-fast, true)	UNKNOWN STEP	2025-10-30T20:16:30.0454873Z -- [INFO] Storing buildNumber: 0e9d7eaf8340802335206335b2c8edb1f92a76b1 at timestamp: 1761855389847
Quarkus IT (ubuntu-latest, zip-fast, true)	UNKNOWN STEP	2025-10-30T20:16:30.0692105Z -- [WARNING] Cannot get the branch information from the git repository: 
Quarkus IT (ubuntu-latest, zip-fast, true)	UNKNOWN STEP	2025-10-30T20:16:30.0697472Z -- Detecting the current branch failed: fatal: ref HEAD is not a symbolic ref
Quarkus IT (ubuntu-latest, zip-fast, true)	UNKNOWN STEP	2025-10-30T20:16:30.0716398Z -- 
Quarkus IT (ubuntu-latest, zip-fast, true)	UNKNOWN STEP	2025-10-30T20:16:30.0732479Z -- [INFO] Executing: /bin/sh -c cd '/home/runner/work/keycloak/keycloak/quarkus/tests/integration' && 'git' 'rev-parse' '--verify' 'HEAD'
Quarkus IT (ubuntu-latest, zip-fast, true)	UNKNOWN STEP	2025-10-30T20:16:30.0739928Z -- [INFO] Working directory: /home/runner/work/keycloak/keycloak/quarkus/tests/integration
Quarkus IT (ubuntu-latest, zip-fast, true)	UNKNOWN STEP	2025-10-30T20:16:30.0787476Z -- [INFO] Storing buildScmBranch: UNKNOWN
Quarkus IT (ubuntu-latest, zip-fast, true)	UNKNOWN STEP	2025-10-30T20:16:30.0796604Z -- [INFO] 
Quarkus IT (ubuntu-latest, zip-fast, true)	UNKNOWN STEP	2025-10-30T20:16:30.0803650Z -- [INFO] --- resources:3.2.0:resources (default-resources) @ keycloak-quarkus-integration-tests ---
Quarkus IT (ubuntu-latest, zip-fast, true)	UNKNOWN STEP	2025-10-30T20:16:30.2497094Z -- [INFO] Using 'UTF-8' encoding to copy filtered resources.
Quarkus IT (ubuntu-latest, zip-fast, true)	UNKNOWN STEP	2025-10-30T20:16:30.2499902Z -- [INFO] Using 'UTF-8' encoding to copy filtered properties files.
Quarkus IT (ubuntu-latest, zip-fast, true)	UNKNOWN STEP	2025-10-30T20:16:30.2518857Z -- [INFO] Copying 3 resources
Quarkus IT (ubuntu-latest, zip-fast, true)	UNKNOWN STEP	2025-10-30T20:16:30.2767484Z -- [INFO] 
Quarkus IT (ubuntu-latest, zip-fast, true)	UNKNOWN STEP	2025-10-30T20:16:30.2770288Z -- [INFO] --- compiler:3.8.1:compile (default-compile) @ keycloak-quarkus-integration-tests ---
Quarkus IT (ubuntu-latest, zip-fast, true)	UNKNOWN STEP	2025-10-30T20:16:30.4371826Z -- [INFO] No sources to compile
Quarkus IT (ubuntu-latest, zip-fast, true)	UNKNOWN STEP	2025-10-30T20:16:30.4383589Z -- [INFO] 
Quarkus IT (ubuntu-latest, zip-fast, true)	UNKNOWN STEP	2025-10-30T20:16:30.4384624Z -- [INFO] --- build-helper:3.3.0:add-test-source (add-test-provider-sources) @ keycloak-quarkus-integration-tests ---
Quarkus IT (ubuntu-latest, zip-fast, true)	UNKNOWN STEP	2025-10-30T20:16:30.5334298Z -- [INFO] Test Source directory: /home/runner/work/keycloak/keycloak/quarkus/tests/integration/src/test-providers/java added.
Quarkus IT (ubuntu-latest, zip-fast, true)	UNKNOWN STEP	2025-10-30T20:16:30.5351236Z -- [INFO] 
Quarkus IT (ubuntu-latest, zip-fast, true)	UNKNOWN STEP	2025-10-30T20:16:30.5360851Z -- [INFO] --- build-helper:3.3.0:add-test-resource (add-test-provider-resources) @ keycloak-quarkus-integration-tests ---
Quarkus IT (ubuntu-latest, zip-fast, true)	UNKNOWN STEP	2025-10-30T20:16:30.5361997Z -- [INFO] 
Quarkus IT (ubuntu-latest, zip-fast, true)	UNKNOWN STEP	2025-10-30T20:16:30.5362984Z -- [INFO] --- resources:3.2.0:testResources (default-testResources) @ keycloak-quarkus-integration-tests ---
Quarkus IT (ubuntu-latest, zip-fast, true)	UNKNOWN STEP	2025-10-30T20:16:30.5420943Z -- [INFO] Using 'UTF-8' encoding to copy filtered resources.
Quarkus IT (ubuntu-latest, zip-fast, true)	UNKNOWN STEP	2025-10-30T20:16:30.5421899Z -- [INFO] Using 'UTF-8' encoding to copy filtered properties files.
Quarkus IT (ubuntu-latest, zip-fast, true)	UNKNOWN STEP	2025-10-30T20:16:30.5422711Z -- [INFO] Copying 47 resources
Quarkus IT (ubuntu-latest, zip-fast, true)	UNKNOWN STEP	2025-10-30T20:16:30.5593643Z -- [INFO] Copying 4 resources
Quarkus IT (ubuntu-latest, zip-fast, true)	UNKNOWN STEP	2025-10-30T20:16:30.5617577Z -- [INFO] 
Quarkus IT (ubuntu-latest, zip-fast, true)	UNKNOWN STEP	2025-10-30T20:16:30.5626594Z -- [INFO] --- compiler:3.8.1:testCompile (default-testCompile) @ keycloak-quarkus-integration-tests ---
Quarkus IT (ubuntu-latest, zip-fast, true)	UNKNOWN STEP	2025-10-30T20:16:30.6032617Z -- [INFO] Changes detected - recompiling the module!
Quarkus IT (ubuntu-latest, zip-fast, true)	UNKNOWN STEP	2025-10-30T20:16:30.6093297Z -- [INFO] Compiling 65 source files to /home/runner/work/keycloak/keycloak/quarkus/tests/integration/target/test-classes
Quarkus IT (ubuntu-latest, zip-fast, true)	UNKNOWN STEP	2025-10-30T20:16:34.7859523Z -- [INFO] Annotation processing is enabled because one or more processors were found
Quarkus IT (ubuntu-latest, zip-fast, true)	UNKNOWN STEP	2025-10-30T20:16:34.7865722Z --   on the class path. A future release of javac may disable annotation processing
Quarkus IT (ubuntu-latest, zip-fast, true)	UNKNOWN STEP	2025-10-30T20:16:34.7914623Z --   unless at least one processor is specified by name (-processor), or a search
Quarkus IT (ubuntu-latest, zip-fast, true)	UNKNOWN STEP	2025-10-30T20:16:34.7916087Z --   path is specified (--processor-path, --processor-module-path), or annotation
Quarkus IT (ubuntu-latest, zip-fast, true)	UNKNOWN STEP	2025-10-30T20:16:34.7920863Z --   processing is enabled explicitly (-proc:only, -proc:full).
Quarkus IT (ubuntu-latest, zip-fast, true)	UNKNOWN STEP	2025-10-30T20:16:34.7921745Z --   Use -Xlint:-options to suppress this message.
Quarkus IT (ubuntu-latest, zip-fast, true)	UNKNOWN STEP	2025-10-30T20:16:34.7922459Z --   Use -proc:none to disable annotation processing.
Quarkus IT (ubuntu-latest, zip-fast, true)	UNKNOWN STEP	2025-10-30T20:16:34.7924559Z -- [WARNING] /home/runner/work/keycloak/keycloak/quarkus/tests/integration/src/test-providers/java/org/keycloak/it/resource/realm/TestRealmResource.java: unknown enum constant org.infinispan.factories.scopes.Scopes.GLOBAL
Quarkus IT (ubuntu-latest, zip-fast, true)	UNKNOWN STEP	2025-10-30T20:16:34.7926843Z --   reason: class file for org.infinispan.factories.scopes.Scopes not found
Quarkus IT (ubuntu-latest, zip-fast, true)	UNKNOWN STEP	2025-10-30T20:16:34.7927595Z -- [INFO] 
Quarkus IT (ubuntu-latest, zip-fast, true)	UNKNOWN STEP	2025-10-30T20:16:34.7956311Z -- [INFO] --- surefire:3.5.3:test (default-test) @ keycloak-quarkus-integration-tests ---
Quarkus IT (ubuntu-latest, zip-fast, true)	UNKNOWN STEP	2025-10-30T20:16:34.9482698Z -- [INFO] Using auto detected provider org.apache.maven.surefire.junitplatform.JUnitPlatformProvider
Quarkus IT (ubuntu-latest, zip-fast, true)	UNKNOWN STEP	2025-10-30T20:16:36.2836433Z -- [INFO] Downloading from jboss-public-repository: https://repository.jboss.org/nexus/content/groups/public/org/apache/maven/surefire/surefire-junit-platform/3.5.3/surefire-junit-platform-3.5.3.pom
Quarkus IT (ubuntu-latest, zip-fast, true)	UNKNOWN STEP	2025-10-30T20:16:38.0630117Z -- [INFO] Downloading from central: https://repo.maven.apache.org/maven2/org/apache/maven/surefire/surefire-junit-platform/3.5.3/surefire-junit-platform-3.5.3.pom
Quarkus IT (ubuntu-latest, zip-fast, true)	UNKNOWN STEP	2025-10-30T20:16:38.2244679Z -- [INFO] Downloaded from central: https://repo.maven.apache.org/maven2/org/apache/maven/surefire/surefire-junit-platform/3.5.3/surefire-junit-platform-3.5.3.pom (5.2 kB at 32 kB/s)
Quarkus IT (ubuntu-latest, zip-fast, true)	UNKNOWN STEP	2025-10-30T20:16:38.2291664Z -- [INFO] Downloading from jboss-public-repository: https://repository.jboss.org/nexus/content/groups/public/org/apache/maven/surefire/surefire-providers/3.5.3/surefire-providers-3.5.3.pom
Quarkus IT (ubuntu-latest, zip-fast, true)	UNKNOWN STEP	2025-10-30T20:16:38.3730436Z -- [INFO] Downloading from central: https://repo.maven.apache.org/maven2/org/apache/maven/surefire/surefire-providers/3.5.3/surefire-providers-3.5.3.pom
Quarkus IT (ubuntu-latest, zip-fast, true)	UNKNOWN STEP	2025-10-30T20:16:38.4235045Z -- [INFO] Downloaded from central: https://repo.maven.apache.org/maven2/org/apache/maven/surefire/surefire-providers/3.5.3/surefire-providers-3.5.3.pom (2.5 kB at 52 kB/s)
Quarkus IT (ubuntu-latest, zip-fast, true)	UNKNOWN STEP	2025-10-30T20:16:38.4299272Z -- [INFO] Downloading from jboss-public-repository: https://repository.jboss.org/nexus/content/groups/public/org/apache/maven/surefire/common-java5/3.5.3/common-java5-3.5.3.pom
Quarkus IT (ubuntu-latest, zip-fast, true)	UNKNOWN STEP	2025-10-30T20:16:38.5492281Z -- [INFO] Downloading from central: https://repo.maven.apache.org/maven2/org/apache/maven/surefire/common-java5/3.5.3/common-java5-3.5.3.pom
Quarkus IT (ubuntu-latest, zip-fast, true)	UNKNOWN STEP	2025-10-30T20:16:38.5912169Z -- [INFO] Downloaded from central: https://repo.maven.apache.org/maven2/org/apache/maven/surefire/common-java5/3.5.3/common-java5-3.5.3.pom (3.1 kB at 73 kB/s)
Quarkus IT (ubuntu-latest, zip-fast, true)	UNKNOWN STEP	2025-10-30T20:16:38.5952080Z -- [INFO] Downloading from jboss-public-repository: https://repository.jboss.org/nexus/content/groups/public/org/junit/platform/junit-platform-engine/1.12.1/junit-platform-engine-1.12.1.pom
Quarkus IT (ubuntu-latest, zip-fast, true)	UNKNOWN STEP	2025-10-30T20:16:38.7005084Z -- [INFO] Downloading from central: https://repo.maven.apache.org/maven2/org/junit/platform/junit-platform-engine/1.12.1/junit-platform-engine-1.12.1.pom
Quarkus IT (ubuntu-latest, zip-fast, true)	UNKNOWN STEP	2025-10-30T20:16:38.7570195Z -- [INFO] Downloaded from central: https://repo.maven.apache.org/maven2/org/junit/platform/junit-platform-engine/1.12.1/junit-platform-engine-1.12.1.pom (3.2 kB at 57 kB/s)
Quarkus IT (ubuntu-latest, zip-fast, true)	UNKNOWN STEP	2025-10-30T20:16:38.7598094Z -- [INFO] Downloading from jboss-public-repository: https://repository.jboss.org/nexus/content/groups/public/org/junit/platform/junit-platform-commons/1.12.1/junit-platform-commons-1.12.1.pom
Quarkus IT (ubuntu-latest, zip-fast, true)	UNKNOWN STEP	2025-10-30T20:16:38.9226704Z -- [INFO] Downloading from central: https://repo.maven.apache.org/maven2/org/junit/platform/junit-platform-commons/1.12.1/junit-platform-commons-1.12.1.pom
Quarkus IT (ubuntu-latest, zip-fast, true)	UNKNOWN STEP	2025-10-30T20:16:38.9686238Z -- [INFO] Downloaded from central: https://repo.maven.apache.org/maven2/org/junit/platform/junit-platform-commons/1.12.1/junit-platform-commons-1.12.1.pom (2.8 kB at 62 kB/s)
Quarkus IT (ubuntu-latest, zip-fast, true)	UNKNOWN STEP	2025-10-30T20:16:38.9712793Z -- [INFO] Downloading from jboss-public-repository: https://repository.jboss.org/nexus/content/groups/public/org/junit/platform/junit-platform-launcher/1.12.1/junit-platform-launcher-1.12.1.pom
Quarkus IT (ubuntu-latest, zip-fast, true)	UNKNOWN STEP	2025-10-30T20:16:39.3375799Z -- [INFO] Downloading from central: https://repo.maven.apache.org/maven2/org/junit/platform/junit-platform-launcher/1.12.1/junit-platform-launcher-1.12.1.pom
Quarkus IT (ubuntu-latest, zip-fast, true)	UNKNOWN STEP	2025-10-30T20:16:39.3964608Z -- [INFO] Downloaded from central: https://repo.maven.apache.org/maven2/org/junit/platform/junit-platform-launcher/1.12.1/junit-platform-launcher-1.12.1.pom (3.0 kB at 51 kB/s)
Quarkus IT (ubuntu-latest, zip-fast, true)	UNKNOWN STEP	2025-10-30T20:16:39.4024592Z -- [INFO] Downloading from jboss-public-repository: https://repository.jboss.org/nexus/content/groups/public/org/apache/maven/surefire/surefire-junit-platform/3.5.3/surefire-junit-platform-3.5.3.jar
Quarkus IT (ubuntu-latest, zip-fast, true)	UNKNOWN STEP	2025-10-30T20:16:39.5698706Z -- [INFO] Downloading from jboss-public-repository: https://repository.jboss.org/nexus/content/groups/public/org/apache/maven/surefire/common-java5/3.5.3/common-java5-3.5.3.jar
Quarkus IT (ubuntu-latest, zip-fast, true)	UNKNOWN STEP	2025-10-30T20:16:39.5707676Z -- [INFO] Downloading from jboss-public-repository: https://repository.jboss.org/nexus/content/groups/public/org/junit/platform/junit-platform-engine/1.12.1/junit-platform-engine-1.12.1.jar
Quarkus IT (ubuntu-latest, zip-fast, true)	UNKNOWN STEP	2025-10-30T20:16:39.5719311Z -- [INFO] Downloading from jboss-public-repository: https://repository.jboss.org/nexus/content/groups/public/org/junit/platform/junit-platform-commons/1.12.1/junit-platform-commons-1.12.1.jar
Quarkus IT (ubuntu-latest, zip-fast, true)	UNKNOWN STEP	2025-10-30T20:16:39.5721739Z -- [INFO] Downloading from jboss-public-repository: https://repository.jboss.org/nexus/content/groups/public/org/junit/platform/junit-platform-launcher/1.12.1/junit-platform-launcher-1.12.1.jar
Quarkus IT (ubuntu-latest, zip-fast, true)	UNKNOWN STEP	2025-10-30T20:16:39.7920106Z -- [INFO] Downloading from central: https://repo.maven.apache.org/maven2/org/apache/maven/surefire/surefire-junit-platform/3.5.3/surefire-junit-platform-3.5.3.jar
Quarkus IT (ubuntu-latest, zip-fast, true)	UNKNOWN STEP	2025-10-30T20:16:39.8491121Z -- [INFO] Downloaded from central: https://repo.maven.apache.org/maven2/org/apache/maven/surefire/surefire-junit-platform/3.5.3/surefire-junit-platform-3.5.3.jar (27 kB at 478 kB/s)
Quarkus IT (ubuntu-latest, zip-fast, true)	UNKNOWN STEP	2025-10-30T20:16:39.8495166Z -- [INFO] Downloading from central: https://repo.maven.apache.org/maven2/org/apache/maven/surefire/common-java5/3.5.3/common-java5-3.5.3.jar
Quarkus IT (ubuntu-latest, zip-fast, true)	UNKNOWN STEP	2025-10-30T20:16:39.8505965Z -- [INFO] Downloading from central: https://repo.maven.apache.org/maven2/org/junit/platform/junit-platform-engine/1.12.1/junit-platform-engine-1.12.1.jar
Quarkus IT (ubuntu-latest, zip-fast, true)	UNKNOWN STEP	2025-10-30T20:16:39.8519555Z -- [INFO] Downloading from central: https://repo.maven.apache.org/maven2/org/junit/platform/junit-platform-commons/1.12.1/junit-platform-commons-1.12.1.jar
Quarkus IT (ubuntu-latest, zip-fast, true)	UNKNOWN STEP	2025-10-30T20:16:39.8529391Z -- [INFO] Downloading from central: https://repo.maven.apache.org/maven2/org/junit/platform/junit-platform-launcher/1.12.1/junit-platform-launcher-1.12.1.jar
Quarkus IT (ubuntu-latest, zip-fast, true)	UNKNOWN STEP	2025-10-30T20:16:39.9187718Z -- [INFO] Downloaded from central: https://repo.maven.apache.org/maven2/org/apache/maven/surefire/common-java5/3.5.3/common-java5-3.5.3.jar (18 kB at 259 kB/s)
Quarkus IT (ubuntu-latest, zip-fast, true)	UNKNOWN STEP	2025-10-30T20:16:39.9530741Z -- [INFO] Downloaded from central: https://repo.maven.apache.org/maven2/org/junit/platform/junit-platform-commons/1.12.1/junit-platform-commons-1.12.1.jar (152 kB at 1.5 MB/s)
Quarkus IT (ubuntu-latest, zip-fast, true)	UNKNOWN STEP	2025-10-30T20:16:39.9573440Z -- [INFO] Downloaded from central: https://repo.maven.apache.org/maven2/org/junit/platform/junit-platform-engine/1.12.1/junit-platform-engine-1.12.1.jar (256 kB at 2.4 MB/s)
Quarkus IT (ubuntu-latest, zip-fast, true)	UNKNOWN STEP	2025-10-30T20:16:39.9609925Z -- [INFO] Downloaded from central: https://repo.maven.apache.org/maven2/org/junit/platform/junit-platform-launcher/1.12.1/junit-platform-launcher-1.12.1.jar (208 kB at 1.9 MB/s)
Quarkus IT (ubuntu-latest, zip-fast, true)	UNKNOWN STEP	2025-10-30T20:16:40.0196368Z -- [INFO] 
Quarkus IT (ubuntu-latest, zip-fast, true)	UNKNOWN STEP	2025-10-30T20:16:40.0197519Z -- [INFO] -------------------------------------------------------
Quarkus IT (ubuntu-latest, zip-fast, true)	UNKNOWN STEP	2025-10-30T20:16:40.0199330Z -- [INFO]  T E S T S
Quarkus IT (ubuntu-latest, zip-fast, true)	UNKNOWN STEP	2025-10-30T20:16:40.0200175Z -- [INFO] -------------------------------------------------------
Quarkus IT (ubuntu-latest, zip-fast, true)	UNKNOWN STEP	2025-10-30T20:16:42.8181830Z [INFO] Running org.keycloak.it.cli.dist.BootstrapAdminDistTest
Quarkus IT (ubuntu-latest, zip-fast, true)	UNKNOWN STEP	2025-10-30T20:19:01.2783959Z [INFO] Tests run: 7, Failures: 0, Errors: 0, Skipped: 0, Time elapsed: 138.4 s -- in org.keycloak.it.cli.dist.BootstrapAdminDistTest
Quarkus IT (ubuntu-latest, zip-fast, true)	UNKNOWN STEP	2025-10-30T20:19:01.2797386Z [INFO] Running org.keycloak.it.cli.dist.BuildAndStartDistTest
Quarkus IT (ubuntu-latest, zip-fast, true)	UNKNOWN STEP	2025-10-30T20:20:42.9730736Z [INFO] Tests run: 4, Failures: 0, Errors: 0, Skipped: 0, Time elapsed: 101.8 s -- in org.keycloak.it.cli.dist.BuildAndStartDistTest
Quarkus IT (ubuntu-latest, zip-fast, true)	UNKNOWN STEP	2025-10-30T20:20:42.9785222Z [INFO] Running org.keycloak.it.cli.dist.BuildCommandDistTest
Quarkus IT (ubuntu-latest, zip-fast, true)	UNKNOWN STEP	2025-10-30T20:21:29.6011285Z [INFO] Tests run: 8, Failures: 0, Errors: 0, Skipped: 0, Time elapsed: 46.64 s -- in org.keycloak.it.cli.dist.BuildCommandDistTest
Quarkus IT (ubuntu-latest, zip-fast, true)	UNKNOWN STEP	2025-10-30T20:21:29.6013411Z [INFO] Running org.keycloak.it.cli.dist.CacheEmbeddedMtlsDistTest
Quarkus IT (ubuntu-latest, zip-fast, true)	UNKNOWN STEP	2025-10-30T20:22:17.6941073Z [INFO] Tests run: 5, Failures: 0, Errors: 0, Skipped: 0, Time elapsed: 48.10 s -- in org.keycloak.it.cli.dist.CacheEmbeddedMtlsDistTest
Quarkus IT (ubuntu-latest, zip-fast, true)	UNKNOWN STEP	2025-10-30T20:22:17.6944269Z [INFO] Running org.keycloak.it.cli.dist.ClusterConfigKeepAliveDistTest
Quarkus IT (ubuntu-latest, zip-fast, true)	UNKNOWN STEP	2025-10-30T20:24:26.8868342Z [INFO] Tests run: 4, Failures: 0, Errors: 0, Skipped: 0, Time elapsed: 129.2 s -- in org.keycloak.it.cli.dist.ClusterConfigKeepAliveDistTest
Quarkus IT (ubuntu-latest, zip-fast, true)	UNKNOWN STEP	2025-10-30T20:24:26.8876923Z [INFO] Running org.keycloak.it.cli.dist.CustomJpaEntityProviderDistTest
Quarkus IT (ubuntu-latest, zip-fast, true)	UNKNOWN STEP	2025-10-30T20:25:31.0905233Z [INFO] Tests run: 3, Failures: 0, Errors: 0, Skipped: 0, Time elapsed: 64.20 s -- in org.keycloak.it.cli.dist.CustomJpaEntityProviderDistTest
Quarkus IT (ubuntu-latest, zip-fast, true)	UNKNOWN STEP	2025-10-30T20:25:31.0911762Z [INFO] Running org.keycloak.it.cli.dist.CustomUserProviderDistTest
Quarkus IT (ubuntu-latest, zip-fast, true)	UNKNOWN STEP	2025-10-30T20:25:59.5203936Z [INFO] Tests run: 1, Failures: 0, Errors: 0, Skipped: 0, Time elapsed: 28.43 s -- in org.keycloak.it.cli.dist.CustomUserProviderDistTest
Quarkus IT (ubuntu-latest, zip-fast, true)	UNKNOWN STEP	2025-10-30T20:25:59.5205253Z [INFO] Running org.keycloak.it.cli.dist.ExportDistTest
Quarkus IT (ubuntu-latest, zip-fast, true)	UNKNOWN STEP	2025-10-30T20:28:14.2093459Z [INFO] Tests run: 3, Failures: 0, Errors: 0, Skipped: 0, Time elapsed: 134.7 s -- in org.keycloak.it.cli.dist.ExportDistTest
Quarkus IT (ubuntu-latest, zip-fast, true)	UNKNOWN STEP	2025-10-30T20:28:14.2094850Z [INFO] Running org.keycloak.it.cli.dist.FeaturesDistTest
Quarkus IT (ubuntu-latest, zip-fast, true)	UNKNOWN STEP	2025-10-30T20:30:42.7354063Z [WARNING] Tests run: 8, Failures: 0, Errors: 0, Skipped: 1, Time elapsed: 148.5 s -- in org.keycloak.it.cli.dist.FeaturesDistTest
Quarkus IT (ubuntu-latest, zip-fast, true)	UNKNOWN STEP	2025-10-30T20:30:42.7358448Z [INFO] Running org.keycloak.it.cli.dist.HelpCommandDistTest
Quarkus IT (ubuntu-latest, zip-fast, true)	UNKNOWN STEP	2025-10-30T20:31:26.1008910Z [INFO] Tests run: 23, Failures: 0, Errors: 0, Skipped: 0, Time elapsed: 43.35 s -- in org.keycloak.it.cli.dist.HelpCommandDistTest
Quarkus IT (ubuntu-latest, zip-fast, true)	UNKNOWN STEP	2025-10-30T20:31:26.1017109Z [INFO] Running org.keycloak.it.cli.dist.HostnameV2DistTest
Quarkus IT (ubuntu-latest, zip-fast, true)	UNKNOWN STEP	2025-10-30T20:32:08.9235802Z [INFO] Tests run: 2, Failures: 0, Errors: 0, Skipped: 0, Time elapsed: 42.83 s -- in org.keycloak.it.cli.dist.HostnameV2DistTest
Quarkus IT (ubuntu-latest, zip-fast, true)	UNKNOWN STEP	2025-10-30T20:32:08.9240217Z [INFO] Running org.keycloak.it.cli.dist.HttpDistTest
Quarkus IT (ubuntu-latest, zip-fast, true)	UNKNOWN STEP	2025-10-30T20:34:58.4486412Z [INFO] Tests run: 5, Failures: 0, Errors: 0, Skipped: 0, Time elapsed: 169.5 s -- in org.keycloak.it.cli.dist.HttpDistTest
Quarkus IT (ubuntu-latest, zip-fast, true)	UNKNOWN STEP	2025-10-30T20:34:58.4487882Z [INFO] Running org.keycloak.it.cli.dist.ImportDistTest
Quarkus IT (ubuntu-latest, zip-fast, true)	UNKNOWN STEP	2025-10-30T20:36:39.0880925Z --------- org.keycloak.it.cli.dist.ImportDistTest output start ---------
Quarkus IT (ubuntu-latest, zip-fast, true)	UNKNOWN STEP	2025-10-30T20:36:39.0886371Z ImportDistTest ++ Changes detected in configuration. Updating the server image.
Quarkus IT (ubuntu-latest, zip-fast, true)	UNKNOWN STEP	2025-10-30T20:36:39.0887591Z ImportDistTest ++ Updating the configuration and installing your custom providers, if any. Please wait.
Quarkus IT (ubuntu-latest, zip-fast, true)	UNKNOWN STEP	2025-10-30T20:36:39.0889380Z ImportDistTest ++ 2025-10-30 20:35:11,069 INFO  [io.quarkus.deployment.QuarkusAugmentor] (main) Quarkus augmentation completed in 9559ms
Quarkus IT (ubuntu-latest, zip-fast, true)	UNKNOWN STEP	2025-10-30T20:36:39.0891046Z ImportDistTest ++ Server configuration updated and persisted. Run the following command to review the configuration:
Quarkus IT (ubuntu-latest, zip-fast, true)	UNKNOWN STEP	2025-10-30T20:36:39.0892095Z ImportDistTest ++ 
Quarkus IT (ubuntu-latest, zip-fast, true)	UNKNOWN STEP	2025-10-30T20:36:39.0892621Z ImportDistTest ++ 	kc.sh show-config
Quarkus IT (ubuntu-latest, zip-fast, true)	UNKNOWN STEP	2025-10-30T20:36:39.0893151Z ImportDistTest ++ 
Quarkus IT (ubuntu-latest, zip-fast, true)	UNKNOWN STEP	2025-10-30T20:36:39.0893698Z ImportDistTest ++ Next time you run the server, just run:
Quarkus IT (ubuntu-latest, zip-fast, true)	UNKNOWN STEP	2025-10-30T20:36:39.0894355Z ImportDistTest ++ 
Quarkus IT (ubuntu-latest, zip-fast, true)	UNKNOWN STEP	2025-10-30T20:36:39.0895486Z ImportDistTest ++ 	kc.sh export --realm=master --dir=/home/runner/work/keycloak/keycloak/quarkus/tests/integration/target --optimized
Quarkus IT (ubuntu-latest, zip-fast, true)	UNKNOWN STEP	2025-10-30T20:36:39.0896645Z ImportDistTest ++ 
Quarkus IT (ubuntu-latest, zip-fast, true)	UNKNOWN STEP	2025-10-30T20:36:39.0897867Z ImportDistTest ++ 2025-10-30 20:35:16,698 INFO  [org.hibernate.orm.jdbc.batch] (JPA Startup Thread) HHH100501: Automatic JDBC statement batching enabled (maximum batch size 32)
Quarkus IT (ubuntu-latest, zip-fast, true)	UNKNOWN STEP	2025-10-30T20:36:39.0900570Z ImportDistTest ++ 2025-10-30 20:35:18,063 INFO  [org.keycloak.quarkus.runtime.storage.database.liquibase.QuarkusJpaUpdaterProvider] (main) Initializing database schema. Using changelog META-INF/jpa-changelog-master.xml
Quarkus IT (ubuntu-latest, zip-fast, true)	UNKNOWN STEP	2025-10-30T20:36:39.0902747Z ImportDistTest ++ 2025-10-30 20:35:23,309 INFO  [org.infinispan.CONTAINER] (main) Virtual threads support enabled
Quarkus IT (ubuntu-latest, zip-fast, true)	UNKNOWN STEP	2025-10-30T20:36:39.0904586Z ImportDistTest ++ 2025-10-30 20:35:23,503 INFO  [org.infinispan.CONTAINER] (main) ISPN000556: Starting user marshaller 'org.infinispan.commons.marshall.ImmutableProtoStreamMarshaller'
Quarkus IT (ubuntu-latest, zip-fast, true)	UNKNOWN STEP	2025-10-30T20:36:39.0906983Z ImportDistTest ++ 2025-10-30 20:35:23,973 INFO  [org.keycloak.connections.infinispan.DefaultInfinispanConnectionProviderFactory] (main) Node name: node_781061, Site name: null
Quarkus IT (ubuntu-latest, zip-fast, true)	UNKNOWN STEP	2025-10-30T20:36:39.0909040Z ImportDistTest ++ 2025-10-30 20:35:24,387 INFO  [org.keycloak.services] (main) KC-SERVICES0050: Initializing master realm
Quarkus IT (ubuntu-latest, zip-fast, true)	UNKNOWN STEP	2025-10-30T20:36:39.0910296Z ImportDistTest ++ 2025-10-30 20:35:26,795 INFO  [org.keycloak.services] (main) KC-SERVICES0034: Export of realm 'master' requested.
Quarkus IT (ubuntu-latest, zip-fast, true)	UNKNOWN STEP	2025-10-30T20:36:39.0912163Z ImportDistTest ++ 2025-10-30 20:35:27,125 INFO  [org.keycloak.exportimport.dir.DirExportProvider] (main) Exporting into directory /home/runner/work/keycloak/keycloak/quarkus/tests/integration/target
Quarkus IT (ubuntu-latest, zip-fast, true)	UNKNOWN STEP	2025-10-30T20:36:39.0913927Z ImportDistTest ++ 2025-10-30 20:35:27,204 INFO  [org.keycloak.exportimport.dir.DirExportProvider] (main) Realm 'master' - data exported
Quarkus IT (ubuntu-latest, zip-fast, true)	UNKNOWN STEP	2025-10-30T20:36:39.0915222Z ImportDistTest ++ 2025-10-30 20:35:27,233 INFO  [org.keycloak.services] (main) KC-SERVICES0035: Export finished successfully
Quarkus IT (ubuntu-latest, zip-fast, true)	UNKNOWN STEP	2025-10-30T20:36:39.0917183Z ImportDistTest ++ 2025-10-30 20:35:27,287 INFO  [io.quarkus] (main) Keycloak 999.0.0-SNAPSHOT on JVM (powered by Quarkus 3.27.0) started in 16.049s. Listening on: 
Quarkus IT (ubuntu-latest, zip-fast, true)	UNKNOWN STEP	2025-10-30T20:36:39.0918810Z ImportDistTest ++ 2025-10-30 20:35:27,288 INFO  [io.quarkus] (main) Profile nonserver activated. 
Quarkus IT (ubuntu-latest, zip-fast, true)	UNKNOWN STEP	2025-10-30T20:36:39.0920771Z ImportDistTest ++ 2025-10-30 20:35:27,288 INFO  [io.quarkus] (main) Installed features: [agroal, cdi, hibernate-orm, jdbc-h2, keycloak, narayana-jta, opentelemetry, reactive-routes, rest, rest-jackson, smallrye-context-propagation, vertx]
Quarkus IT (ubuntu-latest, zip-fast, true)	UNKNOWN STEP	2025-10-30T20:36:39.0923310Z ImportDistTest ++ 2025-10-30 20:35:27,315 INFO  [com.arjuna.ats.jbossatx] (main) ARJUNA032014: Stopping transaction recovery manager
Quarkus IT (ubuntu-latest, zip-fast, true)	UNKNOWN STEP	2025-10-30T20:36:39.0924565Z ImportDistTest ++ 2025-10-30 20:35:27,577 INFO  [io.quarkus] (main) Keycloak stopped in 0.280s
Quarkus IT (ubuntu-latest, zip-fast, true)	UNKNOWN STEP	2025-10-30T20:36:39.0926075Z ImportDistTest ++ 2025-10-30 20:35:34,772 INFO  [org.hibernate.orm.jdbc.batch] (JPA Startup Thread) HHH100501: Automatic JDBC statement batching enabled (maximum batch size 32)
Quarkus IT (ubuntu-latest, zip-fast, true)	UNKNOWN STEP	2025-10-30T20:36:39.0927644Z ImportDistTest ++ 2025-10-30 20:35:36,275 INFO  [org.infinispan.CONTAINER] (main) Virtual threads support enabled
Quarkus IT (ubuntu-latest, zip-fast, true)	UNKNOWN STEP	2025-10-30T20:36:39.0942936Z ImportDistTest ++ 2025-10-30 20:35:36,487 INFO  [org.infinispan.CONTAINER] (main) ISPN000556: Starting user marshaller 'org.infinispan.commons.marshall.ImmutableProtoStreamMarshaller'
Quarkus IT (ubuntu-latest, zip-fast, true)	UNKNOWN STEP	2025-10-30T20:36:39.0945368Z ImportDistTest ++ 2025-10-30 20:35:36,954 INFO  [org.keycloak.connections.infinispan.DefaultInfinispanConnectionProviderFactory] (main) Node name: node_914047, Site name: null
Quarkus IT (ubuntu-latest, zip-fast, true)	UNKNOWN STEP	2025-10-30T20:36:39.0947813Z ImportDistTest ++ 2025-10-30 20:35:37,134 INFO  [org.keycloak.exportimport.dir.DirImportProvider] (main) Importing from directory /home/runner/work/keycloak/keycloak/quarkus/tests/integration/target
Quarkus IT (ubuntu-latest, zip-fast, true)	UNKNOWN STEP	2025-10-30T20:36:39.0950241Z ImportDistTest ++ 2025-10-30 20:35:37,493 INFO  [org.keycloak.services] (main) KC-SERVICES0030: Full model import requested. Strategy: OVERWRITE_EXISTING
Quarkus IT (ubuntu-latest, zip-fast, true)	UNKNOWN STEP	2025-10-30T20:36:39.0952262Z ImportDistTest ++ 2025-10-30 20:35:37,707 INFO  [org.keycloak.exportimport.util.ImportUtils] (main) Realm 'master' already exists. Removing it before import
Quarkus IT (ubuntu-latest, zip-fast, true)	UNKNOWN STEP	2025-10-30T20:36:39.0954658Z ImportDistTest ++ 2025-10-30 20:35:46,619 INFO  [org.keycloak.exportimport.dir.DirImportProvider] (main) Imported users from /home/runner/work/keycloak/keycloak/quarkus/tests/integration/target/master-users-0.json
Quarkus IT (ubuntu-latest, zip-fast, true)	UNKNOWN STEP	2025-10-30T20:36:39.0956899Z ImportDistTest ++ 2025-10-30 20:35:46,815 INFO  [org.keycloak.exportimport.util.ImportUtils] (main) Realm 'master' imported
Quarkus IT (ubuntu-latest, zip-fast, true)	UNKNOWN STEP	2025-10-30T20:36:39.0958546Z ImportDistTest ++ 2025-10-30 20:35:46,819 INFO  [org.keycloak.services] (main) KC-SERVICES0032: Import finished successfully
Quarkus IT (ubuntu-latest, zip-fast, true)	UNKNOWN STEP	2025-10-30T20:36:39.0960107Z ImportDistTest ++ 2025-10-30 20:35:47,507 INFO  [io.quarkus] (main) Keycloak 999.0.0-SNAPSHOT on JVM (powered by Quarkus 3.27.0) started in 18.561s. Listening on: 
Quarkus IT (ubuntu-latest, zip-fast, true)	UNKNOWN STEP	2025-10-30T20:36:39.0961552Z ImportDistTest ++ 2025-10-30 20:35:47,508 INFO  [io.quarkus] (main) Profile nonserver activated. 
Quarkus IT (ubuntu-latest, zip-fast, true)	UNKNOWN STEP	2025-10-30T20:36:39.0963489Z ImportDistTest ++ 2025-10-30 20:35:47,508 INFO  [io.quarkus] (main) Installed features: [agroal, cdi, hibernate-orm, jdbc-h2, keycloak, narayana-jta, opentelemetry, reactive-routes, rest, rest-jackson, smallrye-context-propagation, vertx]
Quarkus IT (ubuntu-latest, zip-fast, true)	UNKNOWN STEP	2025-10-30T20:36:39.0965631Z ImportDistTest ++ 2025-10-30 20:35:47,532 INFO  [com.arjuna.ats.jbossatx] (main) ARJUNA032014: Stopping transaction recovery manager
Quarkus IT (ubuntu-latest, zip-fast, true)	UNKNOWN STEP	2025-10-30T20:36:39.0966993Z ImportDistTest ++ Updating the configuration and installing your custom providers, if any. Please wait.
Quarkus IT (ubuntu-latest, zip-fast, true)	UNKNOWN STEP	2025-10-30T20:36:39.0968960Z ImportDistTest ++ 2025-10-30 20:35:59,771 INFO  [io.quarkus.deployment.QuarkusAugmentor] (main) Quarkus augmentation completed in 9861ms
Quarkus IT (ubuntu-latest, zip-fast, true)	UNKNOWN STEP	2025-10-30T20:36:39.0970523Z ImportDistTest ++ Server configuration updated and persisted. Run the following command to review the configuration:
Quarkus IT (ubuntu-latest, zip-fast, true)	UNKNOWN STEP	2025-10-30T20:36:39.0971562Z ImportDistTest ++ 
Quarkus IT (ubuntu-latest, zip-fast, true)	UNKNOWN STEP	2025-10-30T20:36:39.0972023Z ImportDistTest ++ 	kc.sh show-config
Quarkus IT (ubuntu-latest, zip-fast, true)	UNKNOWN STEP	2025-10-30T20:36:39.0972563Z ImportDistTest ++ 
Quarkus IT (ubuntu-latest, zip-fast, true)	UNKNOWN STEP	2025-10-30T20:36:39.0974042Z ImportDistTest ++ 2025-10-30 20:36:06,388 INFO  [org.hibernate.orm.jdbc.batch] (JPA Startup Thread) HHH100501: Automatic JDBC statement batching enabled (maximum batch size 32)
Quarkus IT (ubuntu-latest, zip-fast, true)	UNKNOWN STEP	2025-10-30T20:36:39.0976663Z ImportDistTest ++ 2025-10-30 20:36:07,739 INFO  [org.keycloak.quarkus.runtime.storage.database.liquibase.QuarkusJpaUpdaterProvider] (main) Initializing database schema. Using changelog META-INF/jpa-changelog-master.xml
Quarkus IT (ubuntu-latest, zip-fast, true)	UNKNOWN STEP	2025-10-30T20:36:39.0979386Z ImportDistTest ++ 2025-10-30 20:36:12,932 INFO  [org.infinispan.CONTAINER] (main) Virtual threads support enabled
Quarkus IT (ubuntu-latest, zip-fast, true)	UNKNOWN STEP	2025-10-30T20:36:39.0981233Z ImportDistTest ++ 2025-10-30 20:36:13,128 INFO  [org.infinispan.CONTAINER] (main) ISPN000556: Starting user marshaller 'org.infinispan.commons.marshall.ImmutableProtoStreamMarshaller'
Quarkus IT (ubuntu-latest, zip-fast, true)	UNKNOWN STEP	2025-10-30T20:36:39.0983638Z ImportDistTest ++ 2025-10-30 20:36:13,594 INFO  [org.keycloak.connections.infinispan.DefaultInfinispanConnectionProviderFactory] (main) Node name: node_15108, Site name: null
Quarkus IT (ubuntu-latest, zip-fast, true)	UNKNOWN STEP	2025-10-30T20:36:39.0985582Z ImportDistTest ++ 2025-10-30 20:36:13,920 INFO  [org.keycloak.services] (main) KC-SERVICES0050: Initializing master realm
Quarkus IT (ubuntu-latest, zip-fast, true)	UNKNOWN STEP	2025-10-30T20:36:39.0987016Z ImportDistTest ++ 2025-10-30 20:36:16,608 INFO  [org.keycloak.services] (main) KC-SERVICES0034: Export of realm 'master' requested.
Quarkus IT (ubuntu-latest, zip-fast, true)	UNKNOWN STEP	2025-10-30T20:36:39.0989215Z ImportDistTest ++ 2025-10-30 20:36:16,923 INFO  [org.keycloak.exportimport.dir.DirExportProvider] (main) Exporting into directory /home/runner/work/keycloak/keycloak/quarkus/tests/integration/target
Quarkus IT (ubuntu-latest, zip-fast, true)	UNKNOWN STEP	2025-10-30T20:36:39.0991320Z ImportDistTest ++ 2025-10-30 20:36:16,988 INFO  [org.keycloak.exportimport.dir.DirExportProvider] (main) Realm 'master' - data exported
Quarkus IT (ubuntu-latest, zip-fast, true)	UNKNOWN STEP	2025-10-30T20:36:39.0992880Z ImportDistTest ++ 2025-10-30 20:36:17,016 INFO  [org.keycloak.services] (main) KC-SERVICES0035: Export finished successfully
Quarkus IT (ubuntu-latest, zip-fast, true)	UNKNOWN STEP	2025-10-30T20:36:39.0994453Z ImportDistTest ++ 2025-10-30 20:36:17,054 INFO  [io.quarkus] (main) Keycloak 999.0.0-SNAPSHOT on JVM (powered by Quarkus 3.27.0) started in 16.066s. Listening on: 
Quarkus IT (ubuntu-latest, zip-fast, true)	UNKNOWN STEP	2025-10-30T20:36:39.0995921Z ImportDistTest ++ 2025-10-30 20:36:17,054 INFO  [io.quarkus] (main) Profile nonserver activated. 
Quarkus IT (ubuntu-latest, zip-fast, true)	UNKNOWN STEP	2025-10-30T20:36:39.0997842Z ImportDistTest ++ 2025-10-30 20:36:17,055 INFO  [io.quarkus] (main) Installed features: [agroal, cdi, hibernate-orm, jdbc-h2, keycloak, narayana-jta, opentelemetry, reactive-routes, rest, rest-jackson, smallrye-context-propagation, vertx]
Quarkus IT (ubuntu-latest, zip-fast, true)	UNKNOWN STEP	2025-10-30T20:36:39.1000227Z ImportDistTest ++ 2025-10-30 20:36:17,079 INFO  [com.arjuna.ats.jbossatx] (main) ARJUNA032014: Stopping transaction recovery manager
Quarkus IT (ubuntu-latest, zip-fast, true)	UNKNOWN STEP	2025-10-30T20:36:39.1001480Z ImportDistTest ++ 2025-10-30 20:36:17,320 INFO  [io.quarkus] (main) Keycloak stopped in 0.257s
Quarkus IT (ubuntu-latest, zip-fast, true)	UNKNOWN STEP	2025-10-30T20:36:39.1003049Z ImportDistTest ++ 2025-10-30 20:36:24,261 INFO  [org.hibernate.orm.jdbc.batch] (JPA Startup Thread) HHH100501: Automatic JDBC statement batching enabled (maximum batch size 32)
Quarkus IT (ubuntu-latest, zip-fast, true)	UNKNOWN STEP	2025-10-30T20:36:39.1004698Z ImportDistTest ++ 2025-10-30 20:36:25,766 INFO  [org.infinispan.CONTAINER] (main) Virtual threads support enabled
Quarkus IT (ubuntu-latest, zip-fast, true)	UNKNOWN STEP	2025-10-30T20:36:39.1006525Z ImportDistTest ++ 2025-10-30 20:36:25,922 INFO  [org.infinispan.CONTAINER] (main) ISPN000556: Starting user marshaller 'org.infinispan.commons.marshall.ImmutableProtoStreamMarshaller'
Quarkus IT (ubuntu-latest, zip-fast, true)	UNKNOWN STEP	2025-10-30T20:36:39.1009386Z ImportDistTest ++ 2025-10-30 20:36:26,352 INFO  [org.keycloak.connections.infinispan.DefaultInfinispanConnectionProviderFactory] (main) Node name: node_661879, Site name: null
Quarkus IT (ubuntu-latest, zip-fast, true)	UNKNOWN STEP	2025-10-30T20:36:39.1011926Z ImportDistTest ++ 2025-10-30 20:36:26,521 INFO  [org.keycloak.exportimport.dir.DirImportProvider] (main) Importing from directory /home/runner/work/keycloak/keycloak/quarkus/tests/integration/target
Quarkus IT (ubuntu-latest, zip-fast, true)	UNKNOWN STEP	2025-10-30T20:36:39.1014051Z ImportDistTest ++ 2025-10-30 20:36:26,865 INFO  [org.keycloak.services] (main) KC-SERVICES0030: Full model import requested. Strategy: OVERWRITE_EXISTING
Quarkus IT (ubuntu-latest, zip-fast, true)	UNKNOWN STEP	2025-10-30T20:36:39.1015848Z ImportDistTest ++ 2025-10-30 20:36:27,075 INFO  [org.keycloak.exportimport.util.ImportUtils] (main) Realm 'master' already exists. Removing it before import
Quarkus IT (ubuntu-latest, zip-fast, true)	UNKNOWN STEP	2025-10-30T20:36:39.1018634Z ImportDistTest ++ 2025-10-30 20:36:35,834 INFO  [org.keycloak.exportimport.dir.DirImportProvider] (main) Imported users from /home/runner/work/keycloak/keycloak/quarkus/tests/integration/target/master-users-0.json
Quarkus IT (ubuntu-latest, zip-fast, true)	UNKNOWN STEP	2025-10-30T20:36:39.1020807Z ImportDistTest ++ 2025-10-30 20:36:36,046 INFO  [org.keycloak.exportimport.util.ImportUtils] (main) Realm 'master' imported
Quarkus IT (ubuntu-latest, zip-fast, true)	UNKNOWN STEP	2025-10-30T20:36:39.1022441Z ImportDistTest ++ 2025-10-30 20:36:36,051 INFO  [org.keycloak.services] (main) KC-SERVICES0032: Import finished successfully
Quarkus IT (ubuntu-latest, zip-fast, true)	UNKNOWN STEP	2025-10-30T20:36:39.1024006Z ImportDistTest ++ 2025-10-30 20:36:36,653 INFO  [io.quarkus] (main) Keycloak 999.0.0-SNAPSHOT on JVM (powered by Quarkus 3.27.0) started in 18.028s. Listening on: 
Quarkus IT (ubuntu-latest, zip-fast, true)	UNKNOWN STEP	2025-10-30T20:36:39.1025412Z ImportDistTest ++ 2025-10-30 20:36:36,654 INFO  [io.quarkus] (main) Profile nonserver activated. 
Quarkus IT (ubuntu-latest, zip-fast, true)	UNKNOWN STEP	2025-10-30T20:36:39.1027332Z ImportDistTest ++ 2025-10-30 20:36:36,654 INFO  [io.quarkus] (main) Installed features: [agroal, cdi, hibernate-orm, jdbc-h2, keycloak, narayana-jta, opentelemetry, reactive-routes, rest, rest-jackson, smallrye-context-propagation, vertx]
Quarkus IT (ubuntu-latest, zip-fast, true)	UNKNOWN STEP	2025-10-30T20:36:39.1029648Z ImportDistTest ++ 2025-10-30 20:36:36,685 INFO  [com.arjuna.ats.jbossatx] (main) ARJUNA032014: Stopping transaction recovery manager
Quarkus IT (ubuntu-latest, zip-fast, true)	UNKNOWN STEP	2025-10-30T20:36:39.1030889Z ImportDistTest ++ 2025-10-30 20:36:36,992 INFO  [io.quarkus] (main) Keycloak stopped in 0.330s
Quarkus IT (ubuntu-latest, zip-fast, true)	UNKNOWN STEP	2025-10-30T20:36:39.1031820Z ImportDistTest ++ Must specify either --dir or --file options.
Quarkus IT (ubuntu-latest, zip-fast, true)	UNKNOWN STEP	2025-10-30T20:36:39.1032303Z 
Quarkus IT (ubuntu-latest, zip-fast, true)	UNKNOWN STEP	2025-10-30T20:36:39.1032667Z --------- org.keycloak.it.cli.dist.ImportDistTest output end  ---------
Quarkus IT (ubuntu-latest, zip-fast, true)	UNKNOWN STEP	2025-10-30T20:36:39.1033867Z [ERROR] Tests run: 2, Failures: 0, Errors: 1, Skipped: 0, Time elapsed: 100.6 s <<< FAILURE! -- in org.keycloak.it.cli.dist.ImportDistTest
Quarkus IT (ubuntu-latest, zip-fast, true)	UNKNOWN STEP	2025-10-30T20:36:39.1035661Z -- [ERROR] org.keycloak.it.cli.dist.ImportDistTest.testImportLargeUserCount(KeycloakDistribution) -- Time elapsed: 48.61 s <<< ERROR!
Quarkus IT (ubuntu-latest, zip-fast, true)	UNKNOWN STEP	2025-10-30T20:36:39.1036800Z -- java.util.concurrent.TimeoutException
Quarkus IT (ubuntu-latest, zip-fast, true)	UNKNOWN STEP	2025-10-30T20:36:39.1037536Z -- 	at java.base/java.util.concurrent.FutureTask.get(FutureTask.java:204)
Quarkus IT (ubuntu-latest, zip-fast, true)	UNKNOWN STEP	2025-10-30T20:36:39.1038793Z -- 	at org.keycloak.it.cli.dist.ImportDistTest.testImportLargeUserCount(ImportDistTest.java:88)
Quarkus IT (ubuntu-latest, zip-fast, true)	UNKNOWN STEP	2025-10-30T20:36:39.1039880Z -- 	at java.base/java.lang.reflect.Method.invoke(Method.java:580)
Quarkus IT (ubuntu-latest, zip-fast, true)	UNKNOWN STEP	2025-10-30T20:36:39.1041030Z -- 	at org.keycloak.it.junit5.extension.CLITestExtension.interceptTestMethod(CLITestExtension.java:154)
Quarkus IT (ubuntu-latest, zip-fast, true)	UNKNOWN STEP	2025-10-30T20:36:39.1042218Z -- 	at java.base/java.util.ArrayList.forEach(ArrayList.java:1596)
Quarkus IT (ubuntu-latest, zip-fast, true)	UNKNOWN STEP	2025-10-30T20:36:39.1043031Z -- 	at java.base/java.util.ArrayList.forEach(ArrayList.java:1596)
Quarkus IT (ubuntu-latest, zip-fast, true)	UNKNOWN STEP	2025-10-30T20:36:39.1043640Z -- 
Quarkus IT (ubuntu-latest, zip-fast, true)	UNKNOWN STEP	2025-10-30T20:36:39.1044132Z [INFO] Running org.keycloak.it.cli.dist.IpStackDistTest
Quarkus IT (ubuntu-latest, zip-fast, true)	UNKNOWN STEP	2025-10-30T20:37:52.3634669Z [INFO] Tests run: 3, Failures: 0, Errors: 0, Skipped: 0, Time elapsed: 73.29 s -- in org.keycloak.it.cli.dist.IpStackDistTest
Quarkus IT (ubuntu-latest, zip-fast, true)	UNKNOWN STEP	2025-10-30T20:37:52.3635704Z [INFO] Running org.keycloak.it.cli.dist.JavaOptsScriptTest
Quarkus IT (ubuntu-latest, zip-fast, true)	UNKNOWN STEP	2025-10-30T20:38:01.4850921Z [WARNING] Tests run: 9, Failures: 0, Errors: 0, Skipped: 1, Time elapsed: 9.107 s -- in org.keycloak.it.cli.dist.JavaOptsScriptTest
Quarkus IT (ubuntu-latest, zip-fast, true)	UNKNOWN STEP	2025-10-30T20:38:01.4853141Z [INFO] Running org.keycloak.it.cli.dist.JaxRsDistTest
Quarkus IT (ubuntu-latest, zip-fast, true)	UNKNOWN STEP	2025-10-30T20:38:33.3476108Z [INFO] Tests run: 1, Failures: 0, Errors: 0, Skipped: 0, Time elapsed: 31.87 s -- in org.keycloak.it.cli.dist.JaxRsDistTest
Quarkus IT (ubuntu-latest, zip-fast, true)	UNKNOWN STEP	2025-10-30T20:38:33.3481187Z [INFO] Running org.keycloak.it.cli.dist.ManagementHttpsDistTest
Quarkus IT (ubuntu-latest, zip-fast, true)	UNKNOWN STEP	2025-10-30T20:39:27.2038190Z [INFO] Tests run: 2, Failures: 0, Errors: 0, Skipped: 0, Time elapsed: 53.85 s -- in org.keycloak.it.cli.dist.ManagementHttpsDistTest
Quarkus IT (ubuntu-latest, zip-fast, true)	UNKNOWN STEP	2025-10-30T20:39:27.2040773Z [INFO] Running org.keycloak.it.cli.dist.ManagementOffDistTest
Quarkus IT (ubuntu-latest, zip-fast, true)	UNKNOWN STEP	2025-10-30T20:39:57.7076173Z [INFO] Tests run: 1, Failures: 0, Errors: 0, Skipped: 0, Time elapsed: 30.50 s -- in org.keycloak.it.cli.dist.ManagementOffDistTest
Quarkus IT (ubuntu-latest, zip-fast, true)	UNKNOWN STEP	2025-10-30T20:39:57.7077409Z [INFO] Running org.keycloak.it.cli.dist.OptionsDistTest
Quarkus IT (ubuntu-latest, zip-fast, true)	UNKNOWN STEP	2025-10-30T20:40:46.4059224Z [INFO] Tests run: 17, Failures: 0, Errors: 0, Skipped: 0, Time elapsed: 48.68 s -- in org.keycloak.it.cli.dist.OptionsDistTest
Quarkus IT (ubuntu-latest, zip-fast, true)	UNKNOWN STEP	2025-10-30T20:40:46.4060671Z [INFO] Running org.keycloak.it.cli.dist.ProxyHostnameV2DistTest
Quarkus IT (ubuntu-latest, zip-fast, true)	UNKNOWN STEP	2025-10-30T20:43:20.9530311Z [INFO] Tests run: 7, Failures: 0, Errors: 0, Skipped: 0, Time elapsed: 154.6 s -- in org.keycloak.it.cli.dist.ProxyHostnameV2DistTest
Quarkus IT (ubuntu-latest, zip-fast, true)	UNKNOWN STEP	2025-10-30T20:43:20.9533016Z [INFO] Running org.keycloak.it.cli.dist.QuarkusPropertiesAutoBuildDistTest
Quarkus IT (ubuntu-latest, zip-fast, true)	UNKNOWN STEP	2025-10-30T20:46:11.6898910Z [WARNING] Tests run: 10, Failures: 0, Errors: 0, Skipped: 3, Time elapsed: 170.7 s -- in org.keycloak.it.cli.dist.QuarkusPropertiesAutoBuildDistTest
Quarkus IT (ubuntu-latest, zip-fast, true)	UNKNOWN STEP	2025-10-30T20:46:11.6901776Z [INFO] Running org.keycloak.it.cli.dist.QuarkusPropertiesDistTest
Quarkus IT (ubuntu-latest, zip-fast, true)	UNKNOWN STEP	2025-10-30T20:48:11.6439616Z [WARNING] Tests run: 17, Failures: 0, Errors: 0, Skipped: 6, Time elapsed: 119.9 s -- in org.keycloak.it.cli.dist.QuarkusPropertiesDistTest
Quarkus IT (ubuntu-latest, zip-fast, true)	UNKNOWN STEP	2025-10-30T20:48:11.6442340Z [INFO] Running org.keycloak.it.cli.dist.ShowConfigCommandDistTest
Quarkus IT (ubuntu-latest, zip-fast, true)	UNKNOWN STEP	2025-10-30T20:48:38.1238793Z [INFO] Tests run: 7, Failures: 0, Errors: 0, Skipped: 0, Time elapsed: 26.49 s -- in org.keycloak.it.cli.dist.ShowConfigCommandDistTest
Quarkus IT (ubuntu-latest, zip-fast, true)	UNKNOWN STEP	2025-10-30T20:48:38.1240571Z [INFO] Running org.keycloak.it.cli.dist.StartAutoBuildDistTest
Quarkus IT (ubuntu-latest, zip-fast, true)	UNKNOWN STEP	2025-10-30T20:50:23.5922119Z [INFO] Tests run: 13, Failures: 0, Errors: 0, Skipped: 0, Time elapsed: 105.5 s -- in org.keycloak.it.cli.dist.StartAutoBuildDistTest
Quarkus IT (ubuntu-latest, zip-fast, true)	UNKNOWN STEP	2025-10-30T20:50:23.5925341Z [INFO] Running org.keycloak.it.cli.dist.StartCommandDistTest
Quarkus IT (ubuntu-latest, zip-fast, true)	UNKNOWN STEP	2025-10-30T20:53:10.2189161Z [INFO] Tests run: 22, Failures: 0, Errors: 0, Skipped: 0, Time elapsed: 166.6 s -- in org.keycloak.it.cli.dist.StartCommandDistTest
Quarkus IT (ubuntu-latest, zip-fast, true)	UNKNOWN STEP	2025-10-30T20:53:10.2192054Z [INFO] Running org.keycloak.it.cli.dist.StartDevCommandDistTest
Quarkus IT (ubuntu-latest, zip-fast, true)	UNKNOWN STEP	2025-10-30T20:54:20.5165574Z [INFO] Tests run: 7, Failures: 0, Errors: 0, Skipped: 0, Time elapsed: 70.30 s -- in org.keycloak.it.cli.dist.StartDevCommandDistTest
Quarkus IT (ubuntu-latest, zip-fast, true)	UNKNOWN STEP	2025-10-30T20:54:20.5169035Z [INFO] Running org.keycloak.it.cli.dist.ToolsCommandDistTest
Quarkus IT (ubuntu-latest, zip-fast, true)	UNKNOWN STEP	2025-10-30T20:54:21.9570849Z [INFO] Tests run: 1, Failures: 0, Errors: 0, Skipped: 0, Time elapsed: 1.440 s -- in org.keycloak.it.cli.dist.ToolsCommandDistTest
Quarkus IT (ubuntu-latest, zip-fast, true)	UNKNOWN STEP	2025-10-30T20:54:21.9571973Z [INFO] Running org.keycloak.it.cli.dist.TracingDistTest
Quarkus IT (ubuntu-latest, zip-fast, true)	UNKNOWN STEP	2025-10-30T20:57:33.1279412Z [INFO] Tests run: 18, Failures: 0, Errors: 0, Skipped: 0, Time elapsed: 191.2 s -- in org.keycloak.it.cli.dist.TracingDistTest
Quarkus IT (ubuntu-latest, zip-fast, true)	UNKNOWN STEP	2025-10-30T20:57:33.1280624Z [INFO] Running org.keycloak.it.cli.dist.TruststoreDistTest
Quarkus IT (ubuntu-latest, zip-fast, true)	UNKNOWN STEP	2025-10-30T20:58:23.7793102Z [INFO] Tests run: 2, Failures: 0, Errors: 0, Skipped: 0, Time elapsed: 50.65 s -- in org.keycloak.it.cli.dist.TruststoreDistTest
Quarkus IT (ubuntu-latest, zip-fast, true)	UNKNOWN STEP	2025-10-30T20:58:23.7794804Z [INFO] Running org.keycloak.it.cli.dist.UpdateCommandDistTest
Quarkus IT (ubuntu-latest, zip-fast, true)	UNKNOWN STEP	2025-10-30T21:01:20.3249470Z [INFO] Tests run: 13, Failures: 0, Errors: 0, Skipped: 0, Time elapsed: 176.5 s -- in org.keycloak.it.cli.dist.UpdateCommandDistTest
Quarkus IT (ubuntu-latest, zip-fast, true)	UNKNOWN STEP	2025-10-30T21:01:20.3254987Z [INFO] Running org.keycloak.it.cli.dist.VersionDistTest
Quarkus IT (ubuntu-latest, zip-fast, true)	UNKNOWN STEP	2025-10-30T21:01:21.7759402Z [INFO] Tests run: 1, Failures: 0, Errors: 0, Skipped: 0, Time elapsed: 1.450 s -- in org.keycloak.it.cli.dist.VersionDistTest
Quarkus IT (ubuntu-latest, zip-fast, true)	UNKNOWN STEP	2025-10-30T21:01:21.7761903Z [INFO] Running org.keycloak.it.storage.database.ExternalInfinispanTest
Quarkus IT (ubuntu-latest, zip-fast, true)	UNKNOWN STEP	2025-10-30T21:01:21.7841474Z [WARNING] Tests run: 4, Failures: 0, Errors: 0, Skipped: 4, Time elapsed: 0 s -- in org.keycloak.it.storage.database.ExternalInfinispanTest
Quarkus IT (ubuntu-latest, zip-fast, true)	UNKNOWN STEP	2025-10-30T21:01:21.7871011Z [INFO] Running org.keycloak.it.storage.database.MariaDBTest
Quarkus IT (ubuntu-latest, zip-fast, true)	UNKNOWN STEP	2025-10-30T21:01:21.7932558Z [WARNING] Tests run: 5, Failures: 0, Errors: 0, Skipped: 5, Time elapsed: 0 s -- in org.keycloak.it.storage.database.MariaDBTest
Quarkus IT (ubuntu-latest, zip-fast, true)	UNKNOWN STEP	2025-10-30T21:01:21.7937348Z [INFO] Running org.keycloak.it.storage.database.MySQLTest
Quarkus IT (ubuntu-latest, zip-fast, true)	UNKNOWN STEP	2025-10-30T21:01:21.8022841Z [WARNING] Tests run: 5, Failures: 0, Errors: 0, Skipped: 5, Time elapsed: 0.001 s -- in org.keycloak.it.storage.database.MySQLTest
Quarkus IT (ubuntu-latest, zip-fast, true)	UNKNOWN STEP	2025-10-30T21:01:21.8027152Z [INFO] Running org.keycloak.it.storage.database.OracleTest
Quarkus IT (ubuntu-latest, zip-fast, true)	UNKNOWN STEP	2025-10-30T21:01:21.8087302Z [WARNING] Tests run: 5, Failures: 0, Errors: 0, Skipped: 5, Time elapsed: 0 s -- in org.keycloak.it.storage.database.OracleTest
Quarkus IT (ubuntu-latest, zip-fast, true)	UNKNOWN STEP	2025-10-30T21:01:21.8091576Z [INFO] Running org.keycloak.it.storage.database.PostgreSQLTest
Quarkus IT (ubuntu-latest, zip-fast, true)	UNKNOWN STEP	2025-10-30T21:01:21.8294351Z [WARNING] Tests run: 5, Failures: 0, Errors: 0, Skipped: 5, Time elapsed: 0 s -- in org.keycloak.it.storage.database.PostgreSQLTest
Quarkus IT (ubuntu-latest, zip-fast, true)	UNKNOWN STEP	2025-10-30T21:01:21.8296936Z [INFO] Running org.keycloak.it.storage.database.dist.DatabaseOptionsDistTest
Quarkus IT (ubuntu-latest, zip-fast, true)	UNKNOWN STEP	2025-10-30T21:01:21.8397104Z [WARNING] Tests run: 2, Failures: 0, Errors: 0, Skipped: 2, Time elapsed: 0 s -- in org.keycloak.it.storage.database.dist.DatabaseOptionsDistTest
Quarkus IT (ubuntu-latest, zip-fast, true)	UNKNOWN STEP	2025-10-30T21:01:21.8400035Z [INFO] Running org.keycloak.it.storage.database.dist.DatasourcesDistTest
Quarkus IT (ubuntu-latest, zip-fast, true)	UNKNOWN STEP	2025-10-30T21:01:51.1324077Z [INFO] Tests run: 3, Failures: 0, Errors: 0, Skipped: 0, Time elapsed: 29.35 s -- in org.keycloak.it.storage.database.dist.DatasourcesDistTest
Quarkus IT (ubuntu-latest, zip-fast, true)	UNKNOWN STEP	2025-10-30T21:01:51.1330606Z [INFO] Running org.keycloak.it.storage.database.dist.MariaDBDistTest
Quarkus IT (ubuntu-latest, zip-fast, true)	UNKNOWN STEP	2025-10-30T21:01:51.1387569Z [WARNING] Tests run: 7, Failures: 0, Errors: 0, Skipped: 7, Time elapsed: 0 s -- in org.keycloak.it.storage.database.dist.MariaDBDistTest
Quarkus IT (ubuntu-latest, zip-fast, true)	UNKNOWN STEP	2025-10-30T21:01:51.1393201Z [INFO] Running org.keycloak.it.storage.database.dist.MySQLDistTest
Quarkus IT (ubuntu-latest, zip-fast, true)	UNKNOWN STEP	2025-10-30T21:01:51.1451230Z [WARNING] Tests run: 7, Failures: 0, Errors: 0, Skipped: 7, Time elapsed: 0 s -- in org.keycloak.it.storage.database.dist.MySQLDistTest
Quarkus IT (ubuntu-latest, zip-fast, true)	UNKNOWN STEP	2025-10-30T21:01:51.1454062Z [INFO] Running org.keycloak.it.storage.database.dist.PostgreSQLDistTest
Quarkus IT (ubuntu-latest, zip-fast, true)	UNKNOWN STEP	2025-10-30T21:01:51.1515505Z [WARNING] Tests run: 7, Failures: 0, Errors: 0, Skipped: 7, Time elapsed: 0.001 s -- in org.keycloak.it.storage.database.dist.PostgreSQLDistTest
Quarkus IT (ubuntu-latest, zip-fast, true)	UNKNOWN STEP	2025-10-30T21:01:51.1516735Z [INFO] Running org.keycloak.it.storage.database.dist.TransactionConfigurationDistTest
Quarkus IT (ubuntu-latest, zip-fast, true)	UNKNOWN STEP	2025-10-30T21:01:51.1578141Z [WARNING] Tests run: 1, Failures: 0, Errors: 0, Skipped: 1, Time elapsed: 0 s -- in org.keycloak.it.storage.database.dist.TransactionConfigurationDistTest
Quarkus IT (ubuntu-latest, zip-fast, true)	UNKNOWN STEP	2025-10-30T21:01:51.1803566Z -- [INFO] 
Quarkus IT (ubuntu-latest, zip-fast, true)	UNKNOWN STEP	2025-10-30T21:01:51.1805354Z -- [INFO] Results:
Quarkus IT (ubuntu-latest, zip-fast, true)	UNKNOWN STEP	2025-10-30T21:01:51.1805905Z -- [INFO] 
Quarkus IT (ubuntu-latest, zip-fast, true)	UNKNOWN STEP	2025-10-30T21:01:51.1806339Z -- [ERROR] Errors: 
Quarkus IT (ubuntu-latest, zip-fast, true)	UNKNOWN STEP	2025-10-30T21:01:51.1807561Z -- [ERROR]   ImportDistTest.testImportLargeUserCount:88 Â» Timeout
Quarkus IT (ubuntu-latest, zip-fast, true)	UNKNOWN STEP	2025-10-30T21:01:51.1808550Z -- [INFO] 
Quarkus IT (ubuntu-latest, zip-fast, true)	UNKNOWN STEP	2025-10-30T21:01:51.1809155Z -- [ERROR] Tests run: 277, Failures: 0, Errors: 1, Skipped: 59
Quarkus IT (ubuntu-latest, zip-fast, true)	UNKNOWN STEP	2025-10-30T21:01:51.1809981Z -- [INFO] 
Quarkus IT (ubuntu-latest, zip-fast, true)	UNKNOWN STEP	2025-10-30T21:01:51.1848132Z -- [INFO] ------------------------------------------------------------------------
Quarkus IT (ubuntu-latest, zip-fast, true)	UNKNOWN STEP	2025-10-30T21:01:51.1849330Z -- [INFO] BUILD FAILURE
Quarkus IT (ubuntu-latest, zip-fast, true)	UNKNOWN STEP	2025-10-30T21:01:51.1849947Z -- [INFO] ------------------------------------------------------------------------
Quarkus IT (ubuntu-latest, zip-fast, true)	UNKNOWN STEP	2025-10-30T21:01:51.1851376Z -- [INFO] Total time:  45:25 min
Quarkus IT (ubuntu-latest, zip-fast, true)	UNKNOWN STEP	2025-10-30T21:01:51.1865948Z -- [INFO] Finished at: 2025-10-30T21:01:51Z
Quarkus IT (ubuntu-latest, zip-fast, true)	UNKNOWN STEP	2025-10-30T21:01:51.1867106Z -- [INFO] ------------------------------------------------------------------------
Quarkus IT (ubuntu-latest, zip-fast, true)	UNKNOWN STEP	2025-10-30T21:01:51.1880149Z -- [ERROR] Failed to execute goal org.apache.maven.plugins:maven-surefire-plugin:3.5.3:test (default-test) on project keycloak-quarkus-integration-tests: 
Quarkus IT (ubuntu-latest, zip-fast, true)	UNKNOWN STEP	2025-10-30T21:01:51.1883298Z -- [ERROR] 
Quarkus IT (ubuntu-latest, zip-fast, true)	UNKNOWN STEP	2025-10-30T21:01:51.1885369Z -- [ERROR] See /home/runner/work/keycloak/keycloak/quarkus/tests/integration/target/surefire-reports for the individual test results.
Quarkus IT (ubuntu-latest, zip-fast, true)	UNKNOWN STEP	2025-10-30T21:01:51.1888679Z -- [ERROR] See dump files (if any exist) [date].dump, [date]-jvmRun[N].dump and [date].dumpstream.
Quarkus IT (ubuntu-latest, zip-fast, true)	UNKNOWN STEP	2025-10-30T21:01:51.1889629Z -- [ERROR] -> [Help 1]
Quarkus IT (ubuntu-latest, zip-fast, true)	UNKNOWN STEP	2025-10-30T21:01:51.1890185Z -- [ERROR] 
Quarkus IT (ubuntu-latest, zip-fast, true)	UNKNOWN STEP	2025-10-30T21:01:51.1890902Z -- [ERROR] To see the full stack trace of the errors, re-run Maven with the -e switch.
Quarkus IT (ubuntu-latest, zip-fast, true)	UNKNOWN STEP	2025-10-30T21:01:51.1891815Z -- [ERROR] Re-run Maven using the -X switch to enable full debug logging.
Quarkus IT (ubuntu-latest, zip-fast, true)	UNKNOWN STEP	2025-10-30T21:01:51.1892629Z -- [ERROR] 
Quarkus IT (ubuntu-latest, zip-fast, true)	UNKNOWN STEP	2025-10-30T21:01:51.1893581Z -- [ERROR] For more information about the errors and possible solutions, please read the following articles:
Quarkus IT (ubuntu-latest, zip-fast, true)	UNKNOWN STEP	2025-10-30T21:01:51.1894719Z -- [ERROR] [Help 1] http://cwiki.apache.org/confluence/display/MAVEN/MojoFailureException
Quarkus IT (ubuntu-latest, zip-fast, true)	UNKNOWN STEP	2025-10-30T21:01:51.2366356Z ##[error]Process completed with exit code 1.
Quarkus IT (ubuntu-latest, zip-fast, true)	UNKNOWN STEP	2025-10-30T21:01:51.2450079Z Post job cleanup.
Quarkus IT (ubuntu-latest, zip-fast, true)	UNKNOWN STEP	2025-10-30T21:01:51.2502993Z Post job cleanup.
Quarkus IT (ubuntu-latest, zip-fast, true)	UNKNOWN STEP	2025-10-30T21:01:51.4577111Z Post job cleanup.
Quarkus IT (ubuntu-latest, zip-fast, true)	UNKNOWN STEP	2025-10-30T21:01:51.5494681Z [command]/usr/bin/git version
Quarkus IT (ubuntu-latest, zip-fast, true)	UNKNOWN STEP	2025-10-30T21:01:51.5542114Z git version 2.51.0
Quarkus IT (ubuntu-latest, zip-fast, true)	UNKNOWN STEP	2025-10-30T21:01:51.5585243Z Temporarily overriding HOME='/home/runner/work/_temp/7563ad8e-94c7-4ff5-8ce6-5297c158e068' before making global git config changes
Quarkus IT (ubuntu-latest, zip-fast, true)	UNKNOWN STEP	2025-10-30T21:01:51.5587568Z Adding repository directory to the temporary git global config as a safe directory
Quarkus IT (ubuntu-latest, zip-fast, true)	UNKNOWN STEP	2025-10-30T21:01:51.5593655Z [command]/usr/bin/git config --global --add safe.directory /home/runner/work/keycloak/keycloak
Quarkus IT (ubuntu-latest, zip-fast, true)	UNKNOWN STEP	2025-10-30T21:01:51.5636060Z [command]/usr/bin/git config --local --name-only --get-regexp core\.sshCommand
Quarkus IT (ubuntu-latest, zip-fast, true)	UNKNOWN STEP	2025-10-30T21:01:51.5673804Z [command]/usr/bin/git submodule foreach --recursive sh -c "git config --local --name-only --get-regexp 'core\.sshCommand' && git config --local --unset-all 'core.sshCommand' || :"
Quarkus IT (ubuntu-latest, zip-fast, true)	UNKNOWN STEP	2025-10-30T21:01:51.5986561Z [command]/usr/bin/git config --local --name-only --get-regexp http\.https\:\/\/github\.com\/\.extraheader
Quarkus IT (ubuntu-latest, zip-fast, true)	UNKNOWN STEP	2025-10-30T21:01:51.6018930Z http.https://github.com/.extraheader
Quarkus IT (ubuntu-latest, zip-fast, true)	UNKNOWN STEP	2025-10-30T21:01:51.6030743Z [command]/usr/bin/git config --local --unset-all http.https://github.com/.extraheader
Quarkus IT (ubuntu-latest, zip-fast, true)	UNKNOWN STEP	2025-10-30T21:01:51.6067647Z [command]/usr/bin/git submodule foreach --recursive sh -c "git config --local --name-only --get-regexp 'http\.https\:\/\/github\.com\/\.extraheader' && git config --local --unset-all 'http.https://github.com/.extraheader' || :"
Quarkus IT (ubuntu-latest, zip-fast, true)	UNKNOWN STEP	2025-10-30T21:01:51.6495409Z Cleaning up orphan processes
Status Check - Keycloak CI	UNKNOWN STEP	ï»¿2025-10-30T21:24:00.4227215Z Current runner version: '2.328.0'
Status Check - Keycloak CI	UNKNOWN STEP	2025-10-30T21:24:00.4251632Z ##[group]Runner Image Provisioner
Status Check - Keycloak CI	UNKNOWN STEP	2025-10-30T21:24:00.4252435Z Hosted Compute Agent
Status Check - Keycloak CI	UNKNOWN STEP	2025-10-30T21:24:00.4252927Z Version: 20250912.392
Status Check - Keycloak CI	UNKNOWN STEP	2025-10-30T21:24:00.4253696Z Commit: d921fda672a98b64f4f82364647e2f10b2267d0b
Status Check - Keycloak CI	UNKNOWN STEP	2025-10-30T21:24:00.4254346Z Build Date: 2025-09-12T15:23:14Z
Status Check - Keycloak CI	UNKNOWN STEP	2025-10-30T21:24:00.4254910Z ##[endgroup]
Status Check - Keycloak CI	UNKNOWN STEP	2025-10-30T21:24:00.4255850Z ##[group]Operating System
Status Check - Keycloak CI	UNKNOWN STEP	2025-10-30T21:24:00.4256413Z Ubuntu
Status Check - Keycloak CI	UNKNOWN STEP	2025-10-30T21:24:00.4256862Z 24.04.3
Status Check - Keycloak CI	UNKNOWN STEP	2025-10-30T21:24:00.4257364Z LTS
Status Check - Keycloak CI	UNKNOWN STEP	2025-10-30T21:24:00.4257807Z ##[endgroup]
Status Check - Keycloak CI	UNKNOWN STEP	2025-10-30T21:24:00.4258248Z ##[group]Runner Image
Status Check - Keycloak CI	UNKNOWN STEP	2025-10-30T21:24:00.4258852Z Image: ubuntu-24.04
Status Check - Keycloak CI	UNKNOWN STEP	2025-10-30T21:24:00.4259348Z Version: 20250929.60.1
Status Check - Keycloak CI	UNKNOWN STEP	2025-10-30T21:24:00.4260337Z Included Software: https://github.com/actions/runner-images/blob/ubuntu24/20250929.60/images/ubuntu/Ubuntu2404-Readme.md
Status Check - Keycloak CI	UNKNOWN STEP	2025-10-30T21:24:00.4261888Z Image Release: https://github.com/actions/runner-images/releases/tag/ubuntu24%2F20250929.60
Status Check - Keycloak CI	UNKNOWN STEP	2025-10-30T21:24:00.4262816Z ##[endgroup]
Status Check - Keycloak CI	UNKNOWN STEP	2025-10-30T21:24:00.4263904Z ##[group]GITHUB_TOKEN Permissions
Status Check - Keycloak CI	UNKNOWN STEP	2025-10-30T21:24:00.4266098Z Contents: read
Status Check - Keycloak CI	UNKNOWN STEP	2025-10-30T21:24:00.4266712Z Metadata: read
Status Check - Keycloak CI	UNKNOWN STEP	2025-10-30T21:24:00.4267184Z ##[endgroup]
Status Check - Keycloak CI	UNKNOWN STEP	2025-10-30T21:24:00.4269272Z Secret source: None
Status Check - Keycloak CI	UNKNOWN STEP	2025-10-30T21:24:00.4270043Z Prepare workflow directory
Status Check - Keycloak CI	UNKNOWN STEP	2025-10-30T21:24:00.4699738Z Prepare all required actions
Status Check - Keycloak CI	UNKNOWN STEP	2025-10-30T21:24:00.4738939Z Getting action download info
Status Check - Keycloak CI	UNKNOWN STEP	2025-10-30T21:24:00.8707143Z Download action repository 'actions/checkout@08c6903cd8c0fde910a37f88322edcfb5dd907a8' (SHA:08c6903cd8c0fde910a37f88322edcfb5dd907a8)
Status Check - Keycloak CI	UNKNOWN STEP	2025-10-30T21:24:01.0598005Z Complete job name: Status Check - Keycloak CI
Status Check - Keycloak CI	UNKNOWN STEP	2025-10-30T21:24:01.1281959Z ##[group]Run actions/checkout@08c6903cd8c0fde910a37f88322edcfb5dd907a8
Status Check - Keycloak CI	UNKNOWN STEP	2025-10-30T21:24:01.1282945Z with:
Status Check - Keycloak CI	UNKNOWN STEP	2025-10-30T21:24:01.1283331Z   repository: keycloak/keycloak
Status Check - Keycloak CI	UNKNOWN STEP	2025-10-30T21:24:01.1283960Z   token: ***
Status Check - Keycloak CI	UNKNOWN STEP	2025-10-30T21:24:01.1284332Z   ssh-strict: true
Status Check - Keycloak CI	UNKNOWN STEP	2025-10-30T21:24:01.1284712Z   ssh-user: git
Status Check - Keycloak CI	UNKNOWN STEP	2025-10-30T21:24:01.1285370Z   persist-credentials: true
Status Check - Keycloak CI	UNKNOWN STEP	2025-10-30T21:24:01.1285812Z   clean: true
Status Check - Keycloak CI	UNKNOWN STEP	2025-10-30T21:24:01.1286193Z   sparse-checkout-cone-mode: true
Status Check - Keycloak CI	UNKNOWN STEP	2025-10-30T21:24:01.1286668Z   fetch-depth: 1
Status Check - Keycloak CI	UNKNOWN STEP	2025-10-30T21:24:01.1287042Z   fetch-tags: false
Status Check - Keycloak CI	UNKNOWN STEP	2025-10-30T21:24:01.1287430Z   show-progress: true
Status Check - Keycloak CI	UNKNOWN STEP	2025-10-30T21:24:01.1287813Z   lfs: false
Status Check - Keycloak CI	UNKNOWN STEP	2025-10-30T21:24:01.1288169Z   submodules: false
Status Check - Keycloak CI	UNKNOWN STEP	2025-10-30T21:24:01.1288563Z   set-safe-directory: true
Status Check - Keycloak CI	UNKNOWN STEP	2025-10-30T21:24:01.1289246Z env:
Status Check - Keycloak CI	UNKNOWN STEP	2025-10-30T21:24:01.1289762Z   MAVEN_ARGS: -B -nsu -Daether.connector.http.connectionMaxTtl=25
Status Check - Keycloak CI	UNKNOWN STEP	2025-10-30T21:24:01.1290387Z   SUREFIRE_RERUN_FAILING_COUNT: 2
Status Check - Keycloak CI	UNKNOWN STEP	2025-10-30T21:24:01.1290973Z   SUREFIRE_RETRY: -Dsurefire.rerunFailingTestsCount=2
Status Check - Keycloak CI	UNKNOWN STEP	2025-10-30T21:24:01.1291527Z ##[endgroup]
Status Check - Keycloak CI	UNKNOWN STEP	2025-10-30T21:24:01.2214289Z Syncing repository: keycloak/keycloak
Status Check - Keycloak CI	UNKNOWN STEP	2025-10-30T21:24:01.2216230Z ##[group]Getting Git version info
Status Check - Keycloak CI	UNKNOWN STEP	2025-10-30T21:24:01.2216895Z Working directory is '/home/runner/work/keycloak/keycloak'
Status Check - Keycloak CI	UNKNOWN STEP	2025-10-30T21:24:01.2217815Z [command]/usr/bin/git version
Status Check - Keycloak CI	UNKNOWN STEP	2025-10-30T21:24:01.2303396Z git version 2.51.0
Status Check - Keycloak CI	UNKNOWN STEP	2025-10-30T21:24:01.2324780Z ##[endgroup]
Status Check - Keycloak CI	UNKNOWN STEP	2025-10-30T21:24:01.2341616Z Temporarily overriding HOME='/home/runner/work/_temp/48c05a5d-57bc-497d-847e-8816e4176e2d' before making global git config changes
Status Check - Keycloak CI	UNKNOWN STEP	2025-10-30T21:24:01.2343914Z Adding repository directory to the temporary git global config as a safe directory
Status Check - Keycloak CI	UNKNOWN STEP	2025-10-30T21:24:01.2347995Z [command]/usr/bin/git config --global --add safe.directory /home/runner/work/keycloak/keycloak
Status Check - Keycloak CI	UNKNOWN STEP	2025-10-30T21:24:01.2386239Z Deleting the contents of '/home/runner/work/keycloak/keycloak'
Status Check - Keycloak CI	UNKNOWN STEP	2025-10-30T21:24:01.2389033Z ##[group]Initializing the repository
Status Check - Keycloak CI	UNKNOWN STEP	2025-10-30T21:24:01.2393707Z [command]/usr/bin/git init /home/runner/work/keycloak/keycloak
Status Check - Keycloak CI	UNKNOWN STEP	2025-10-30T21:24:01.2492996Z hint: Using 'master' as the name for the initial branch. This default branch name
Status Check - Keycloak CI	UNKNOWN STEP	2025-10-30T21:24:01.2494571Z hint: is subject to change. To configure the initial branch name to use in all
Status Check - Keycloak CI	UNKNOWN STEP	2025-10-30T21:24:01.2495712Z hint: of your new repositories, which will suppress this warning, call:
Status Check - Keycloak CI	UNKNOWN STEP	2025-10-30T21:24:01.2497044Z hint:
Status Check - Keycloak CI	UNKNOWN STEP	2025-10-30T21:24:01.2497776Z hint: 	git config --global init.defaultBranch <name>
Status Check - Keycloak CI	UNKNOWN STEP	2025-10-30T21:24:01.2498675Z hint:
Status Check - Keycloak CI	UNKNOWN STEP	2025-10-30T21:24:01.2499523Z hint: Names commonly chosen instead of 'master' are 'main', 'trunk' and
Status Check - Keycloak CI	UNKNOWN STEP	2025-10-30T21:24:01.2500546Z hint: 'development'. The just-created branch can be renamed via this command:
Status Check - Keycloak CI	UNKNOWN STEP	2025-10-30T21:24:01.2501226Z hint:
Status Check - Keycloak CI	UNKNOWN STEP	2025-10-30T21:24:01.2501616Z hint: 	git branch -m <name>
Status Check - Keycloak CI	UNKNOWN STEP	2025-10-30T21:24:01.2502373Z hint:
Status Check - Keycloak CI	UNKNOWN STEP	2025-10-30T21:24:01.2503289Z hint: Disable this message with "git config set advice.defaultBranchName false"
Status Check - Keycloak CI	UNKNOWN STEP	2025-10-30T21:24:01.2504269Z Initialized empty Git repository in /home/runner/work/keycloak/keycloak/.git/
Status Check - Keycloak CI	UNKNOWN STEP	2025-10-30T21:24:01.2508694Z [command]/usr/bin/git remote add origin https://github.com/keycloak/keycloak
Status Check - Keycloak CI	UNKNOWN STEP	2025-10-30T21:24:01.2546481Z ##[endgroup]
Status Check - Keycloak CI	UNKNOWN STEP	2025-10-30T21:24:01.2547242Z ##[group]Disabling automatic garbage collection
Status Check - Keycloak CI	UNKNOWN STEP	2025-10-30T21:24:01.2550105Z [command]/usr/bin/git config --local gc.auto 0
Status Check - Keycloak CI	UNKNOWN STEP	2025-10-30T21:24:01.2577374Z ##[endgroup]
Status Check - Keycloak CI	UNKNOWN STEP	2025-10-30T21:24:01.2578399Z ##[group]Setting up auth
Status Check - Keycloak CI	UNKNOWN STEP	2025-10-30T21:24:01.2583880Z [command]/usr/bin/git config --local --name-only --get-regexp core\.sshCommand
Status Check - Keycloak CI	UNKNOWN STEP	2025-10-30T21:24:01.2614612Z [command]/usr/bin/git submodule foreach --recursive sh -c "git config --local --name-only --get-regexp 'core\.sshCommand' && git config --local --unset-all 'core.sshCommand' || :"
Status Check - Keycloak CI	UNKNOWN STEP	2025-10-30T21:24:01.2959756Z [command]/usr/bin/git config --local --name-only --get-regexp http\.https\:\/\/github\.com\/\.extraheader
Status Check - Keycloak CI	UNKNOWN STEP	2025-10-30T21:24:01.2990806Z [command]/usr/bin/git submodule foreach --recursive sh -c "git config --local --name-only --get-regexp 'http\.https\:\/\/github\.com\/\.extraheader' && git config --local --unset-all 'http.https://github.com/.extraheader' || :"
Status Check - Keycloak CI	UNKNOWN STEP	2025-10-30T21:24:01.3213758Z [command]/usr/bin/git config --local http.https://github.com/.extraheader AUTHORIZATION: basic ***
Status Check - Keycloak CI	UNKNOWN STEP	2025-10-30T21:24:01.3250069Z ##[endgroup]
Status Check - Keycloak CI	UNKNOWN STEP	2025-10-30T21:24:01.3251119Z ##[group]Fetching the repository
Status Check - Keycloak CI	UNKNOWN STEP	2025-10-30T21:24:01.3259230Z [command]/usr/bin/git -c protocol.version=2 fetch --no-tags --prune --no-recurse-submodules --depth=1 origin +0e9d7eaf8340802335206335b2c8edb1f92a76b1:refs/remotes/pull/43869/merge
Status Check - Keycloak CI	UNKNOWN STEP	2025-10-30T21:24:03.0332207Z From https://github.com/keycloak/keycloak
Status Check - Keycloak CI	UNKNOWN STEP	2025-10-30T21:24:03.0334006Z  * [new ref]         0e9d7eaf8340802335206335b2c8edb1f92a76b1 -> pull/43869/merge
Status Check - Keycloak CI	UNKNOWN STEP	2025-10-30T21:24:03.0370267Z ##[endgroup]
Status Check - Keycloak CI	UNKNOWN STEP	2025-10-30T21:24:03.0371619Z ##[group]Determining the checkout info
Status Check - Keycloak CI	UNKNOWN STEP	2025-10-30T21:24:03.0373206Z ##[endgroup]
Status Check - Keycloak CI	UNKNOWN STEP	2025-10-30T21:24:03.0378756Z [command]/usr/bin/git sparse-checkout disable
Status Check - Keycloak CI	UNKNOWN STEP	2025-10-30T21:24:03.0423563Z [command]/usr/bin/git config --local --unset-all extensions.worktreeConfig
Status Check - Keycloak CI	UNKNOWN STEP	2025-10-30T21:24:03.0454788Z ##[group]Checking out the ref
Status Check - Keycloak CI	UNKNOWN STEP	2025-10-30T21:24:03.0458722Z [command]/usr/bin/git checkout --progress --force refs/remotes/pull/43869/merge
Status Check - Keycloak CI	UNKNOWN STEP	2025-10-30T21:24:03.8724450Z Note: switching to 'refs/remotes/pull/43869/merge'.
Status Check - Keycloak CI	UNKNOWN STEP	2025-10-30T21:24:03.8725687Z 
Status Check - Keycloak CI	UNKNOWN STEP	2025-10-30T21:24:03.8726210Z You are in 'detached HEAD' state. You can look around, make experimental
Status Check - Keycloak CI	UNKNOWN STEP	2025-10-30T21:24:03.8727339Z changes and commit them, and you can discard any commits you make in this
Status Check - Keycloak CI	UNKNOWN STEP	2025-10-30T21:24:03.8728539Z state without impacting any branches by switching back to a branch.
Status Check - Keycloak CI	UNKNOWN STEP	2025-10-30T21:24:03.8729234Z 
Status Check - Keycloak CI	UNKNOWN STEP	2025-10-30T21:24:03.8729717Z If you want to create a new branch to retain commits you create, you may
Status Check - Keycloak CI	UNKNOWN STEP	2025-10-30T21:24:03.8732485Z do so (now or later) by using -c with the switch command. Example:
Status Check - Keycloak CI	UNKNOWN STEP	2025-10-30T21:24:03.8733128Z 
Status Check - Keycloak CI	UNKNOWN STEP	2025-10-30T21:24:03.8733386Z   git switch -c <new-branch-name>
Status Check - Keycloak CI	UNKNOWN STEP	2025-10-30T21:24:03.8733803Z 
Status Check - Keycloak CI	UNKNOWN STEP	2025-10-30T21:24:03.8734062Z Or undo this operation with:
Status Check - Keycloak CI	UNKNOWN STEP	2025-10-30T21:24:03.8734413Z 
Status Check - Keycloak CI	UNKNOWN STEP	2025-10-30T21:24:03.8734600Z   git switch -
Status Check - Keycloak CI	UNKNOWN STEP	2025-10-30T21:24:03.8734927Z 
Status Check - Keycloak CI	UNKNOWN STEP	2025-10-30T21:24:03.8735688Z Turn off this advice by setting config variable advice.detachedHead to false
Status Check - Keycloak CI	UNKNOWN STEP	2025-10-30T21:24:03.8736354Z 
Status Check - Keycloak CI	UNKNOWN STEP	2025-10-30T21:24:03.8737075Z HEAD is now at 0e9d7ea Merge d03cee814bba1b447b58f44f037d4699097c2f07 into 6a4e4abf30bb33d81f55bc918b80ceb1583be149
Status Check - Keycloak CI	UNKNOWN STEP	2025-10-30T21:24:03.8761264Z ##[endgroup]
Status Check - Keycloak CI	UNKNOWN STEP	2025-10-30T21:24:03.8806076Z [command]/usr/bin/git log -1 --format=%H
Status Check - Keycloak CI	UNKNOWN STEP	2025-10-30T21:24:03.8831352Z 0e9d7eaf8340802335206335b2c8edb1f92a76b1
Status Check - Keycloak CI	UNKNOWN STEP	2025-10-30T21:24:03.9068043Z Prepare all required actions
Status Check - Keycloak CI	UNKNOWN STEP	2025-10-30T21:24:03.9141320Z ##[group]Run ./.github/actions/status-check
Status Check - Keycloak CI	UNKNOWN STEP	2025-10-30T21:24:03.9141650Z with:
Status Check - Keycloak CI	UNKNOWN STEP	2025-10-30T21:24:03.9146400Z   jobs: {
Status Check - Keycloak CI	UNKNOWN STEP	  "conditional": {
Status Check - Keycloak CI	UNKNOWN STEP	    "result": "success",
Status Check - Keycloak CI	UNKNOWN STEP	    "outputs": {
Status Check - Keycloak CI	UNKNOWN STEP	      "ci-sssd": "false",
Status Check - Keycloak CI	UNKNOWN STEP	      "ci-webauthn": "true",
Status Check - Keycloak CI	UNKNOWN STEP	      "ci-aurora": "false",
Status Check - Keycloak CI	UNKNOWN STEP	      "ci-compatibility-matrix": "[{\"version\":\"26.4.2\"},{\"version\":\"26.4.1\"},{\"version\":\"26.4.0\"}]",
Status Check - Keycloak CI	UNKNOWN STEP	      "ci-additional-dbs": "false",
Status Check - Keycloak CI	UNKNOWN STEP	      "ci": "true",
Status Check - Keycloak CI	UNKNOWN STEP	      "ci-quarkus": "true",
Status Check - Keycloak CI	UNKNOWN STEP	      "ci-store": "false"
Status Check - Keycloak CI	UNKNOWN STEP	    }
Status Check - Keycloak CI	UNKNOWN STEP	  },
Status Check - Keycloak CI	UNKNOWN STEP	  "build": {
Status Check - Keycloak CI	UNKNOWN STEP	    "result": "success",
Status Check - Keycloak CI	UNKNOWN STEP	    "outputs": {}
Status Check - Keycloak CI	UNKNOWN STEP	  },
Status Check - Keycloak CI	UNKNOWN STEP	  "unit-tests": {
Status Check - Keycloak CI	UNKNOWN STEP	    "result": "success",
Status Check - Keycloak CI	UNKNOWN STEP	    "outputs": {}
Status Check - Keycloak CI	UNKNOWN STEP	  },
Status Check - Keycloak CI	UNKNOWN STEP	  "base-integration-tests": {
Status Check - Keycloak CI	UNKNOWN STEP	    "result": "success",
Status Check - Keycloak CI	UNKNOWN STEP	    "outputs": {}
Status Check - Keycloak CI	UNKNOWN STEP	  },
Status Check - Keycloak CI	UNKNOWN STEP	  "adapter-integration-tests": {
Status Check - Keycloak CI	UNKNOWN STEP	    "result": "success",
Status Check - Keycloak CI	UNKNOWN STEP	    "outputs": {}
Status Check - Keycloak CI	UNKNOWN STEP	  },
Status Check - Keycloak CI	UNKNOWN STEP	  "adapter-integration-tests-strict-cookies": {
Status Check - Keycloak CI	UNKNOWN STEP	    "result": "success",
Status Check - Keycloak CI	UNKNOWN STEP	    "outputs": {}
Status Check - Keycloak CI	UNKNOWN STEP	  },
Status Check - Keycloak CI	UNKNOWN STEP	  "quarkus-unit-tests": {
Status Check - Keycloak CI	UNKNOWN STEP	    "result": "success",
Status Check - Keycloak CI	UNKNOWN STEP	    "outputs": {}
Status Check - Keycloak CI	UNKNOWN STEP	  },
Status Check - Keycloak CI	UNKNOWN STEP	  "quarkus-integration-tests": {
Status Check - Keycloak CI	UNKNOWN STEP	    "result": "failure",
Status Check - Keycloak CI	UNKNOWN STEP	    "outputs": {}
Status Check - Keycloak CI	UNKNOWN STEP	  },
Status Check - Keycloak CI	UNKNOWN STEP	  "jdk-integration-tests": {
Status Check - Keycloak CI	UNKNOWN STEP	    "result": "success",
Status Check - Keycloak CI	UNKNOWN STEP	    "outputs": {}
Status Check - Keycloak CI	UNKNOWN STEP	  },
Status Check - Keycloak CI	UNKNOWN STEP	  "store-integration-tests": {
Status Check - Keycloak CI	UNKNOWN STEP	    "result": "success",
Status Check - Keycloak CI	UNKNOWN STEP	    "outputs": {}
Status Check - Keycloak CI	UNKNOWN STEP	  },
Status Check - Keycloak CI	UNKNOWN STEP	  "volatile-sessions-tests": {
Status Check - Keycloak CI	UNKNOWN STEP	    "result": "skipped",
Status Check - Keycloak CI	UNKNOWN STEP	    "outputs": {}
Status Check - Keycloak CI	UNKNOWN STEP	  },
Status Check - Keycloak CI	UNKNOWN STEP	  "store-model-tests": {
Status Check - Keycloak CI	UNKNOWN STEP	    "result": "skipped",
Status Check - Keycloak CI	UNKNOWN STEP	    "outputs": {}
Status Check - Keycloak CI	UNKNOWN STEP	  },
Status Check - Keycloak CI	UNKNOWN STEP	  "clustering-integration-tests": {
Status Check - Keycloak CI	UNKNOWN STEP	    "result": "success",
Status Check - Keycloak CI	UNKNOWN STEP	    "outputs": {}
Status Check - Keycloak CI	UNKNOWN STEP	  },
Status Check - Keycloak CI	UNKNOWN STEP	  "fips-unit-tests": {
Status Check - Keycloak CI	UNKNOWN STEP	    "result": "success",
Status Check - Keycloak CI	UNKNOWN STEP	    "outputs": {}
Status Check - Keycloak CI	UNKNOWN STEP	  },
Status Check - Keycloak CI	UNKNOWN STEP	  "fips-integration-tests": {
Status Check - Keycloak CI	UNKNOWN STEP	    "result": "success",
Status Check - Keycloak CI	UNKNOWN STEP	    "outputs": {}
Status Check - Keycloak CI	UNKNOWN STEP	  },
Status Check - Keycloak CI	UNKNOWN STEP	  "forms-integration-tests": {
Status Check - Keycloak CI	UNKNOWN STEP	    "result": "success",
Status Check - Keycloak CI	UNKNOWN STEP	    "outputs": {}
Status Check - Keycloak CI	UNKNOWN STEP	  },
Status Check - Keycloak CI	UNKNOWN STEP	  "webauthn-integration-tests": {
Status Check - Keycloak CI	UNKNOWN STEP	    "result": "success",
Status Check - Keycloak CI	UNKNOWN STEP	    "outputs": {}
Status Check - Keycloak CI	UNKNOWN STEP	  },
Status Check - Keycloak CI	UNKNOWN STEP	  "sssd-unit-tests": {
Status Check - Keycloak CI	UNKNOWN STEP	    "result": "skipped",
Status Check - Keycloak CI	UNKNOWN STEP	    "outputs": {}
Status Check - Keycloak CI	UNKNOWN STEP	  },
Status Check - Keycloak CI	UNKNOWN STEP	  "migration-tests": {
Status Check - Keycloak CI	UNKNOWN STEP	    "result": "success",
Status Check - Keycloak CI	UNKNOWN STEP	    "outputs": {}
Status Check - Keycloak CI	UNKNOWN STEP	  },
Status Check - Keycloak CI	UNKNOWN STEP	  "external-infinispan-tests": {
Status Check - Keycloak CI	UNKNOWN STEP	    "result": "skipped",
Status Check - Keycloak CI	UNKNOWN STEP	    "outputs": {}
Status Check - Keycloak CI	UNKNOWN STEP	  },
Status Check - Keycloak CI	UNKNOWN STEP	  "test-framework": {
Status Check - Keycloak CI	UNKNOWN STEP	    "result": "success",
Status Check - Keycloak CI	UNKNOWN STEP	    "outputs": {}
Status Check - Keycloak CI	UNKNOWN STEP	  },
Status Check - Keycloak CI	UNKNOWN STEP	  "base-new-integration-tests": {
Status Check - Keycloak CI	UNKNOWN STEP	    "result": "success",
Status Check - Keycloak CI	UNKNOWN STEP	    "outputs": {}
Status Check - Keycloak CI	UNKNOWN STEP	  },
Status Check - Keycloak CI	UNKNOWN STEP	  "mixed-cluster-compatibility-tests": {
Status Check - Keycloak CI	UNKNOWN STEP	    "result": "success",
Status Check - Keycloak CI	UNKNOWN STEP	    "outputs": {}
Status Check - Keycloak CI	UNKNOWN STEP	  }
Status Check - Keycloak CI	UNKNOWN STEP	}
Status Check - Keycloak CI	UNKNOWN STEP	2025-10-30T21:24:03.9151111Z env:
Status Check - Keycloak CI	UNKNOWN STEP	2025-10-30T21:24:03.9151435Z   MAVEN_ARGS: -B -nsu -Daether.connector.http.connectionMaxTtl=25
Status Check - Keycloak CI	UNKNOWN STEP	2025-10-30T21:24:03.9151822Z   SUREFIRE_RERUN_FAILING_COUNT: 2
Status Check - Keycloak CI	UNKNOWN STEP	2025-10-30T21:24:03.9152175Z   SUREFIRE_RETRY: -Dsurefire.rerunFailingTestsCount=2
Status Check - Keycloak CI	UNKNOWN STEP	2025-10-30T21:24:03.9152499Z ##[endgroup]
Status Check - Keycloak CI	UNKNOWN STEP	2025-10-30T21:24:03.9258444Z ##[group]Run JOBS='{
Status Check - Keycloak CI	UNKNOWN STEP	2025-10-30T21:24:03.9258850Z [36;1mJOBS='{[0m
Status Check - Keycloak CI	UNKNOWN STEP	2025-10-30T21:24:03.9259090Z [36;1m  "conditional": {[0m
Status Check - Keycloak CI	UNKNOWN STEP	2025-10-30T21:24:03.9259369Z [36;1m    "result": "success",[0m
Status Check - Keycloak CI	UNKNOWN STEP	2025-10-30T21:24:03.9259682Z [36;1m    "outputs": {[0m
Status Check - Keycloak CI	UNKNOWN STEP	2025-10-30T21:24:03.9259935Z [36;1m      "ci-sssd": "false",[0m
Status Check - Keycloak CI	UNKNOWN STEP	2025-10-30T21:24:03.9260215Z [36;1m      "ci-webauthn": "true",[0m
Status Check - Keycloak CI	UNKNOWN STEP	2025-10-30T21:24:03.9260516Z [36;1m      "ci-aurora": "false",[0m
Status Check - Keycloak CI	UNKNOWN STEP	2025-10-30T21:24:03.9260998Z [36;1m      "ci-compatibility-matrix": "[{\"version\":\"26.4.2\"},{\"version\":\"26.4.1\"},{\"version\":\"26.4.0\"}]",[0m
Status Check - Keycloak CI	UNKNOWN STEP	2025-10-30T21:24:03.9261483Z [36;1m      "ci-additional-dbs": "false",[0m
Status Check - Keycloak CI	UNKNOWN STEP	2025-10-30T21:24:03.9261778Z [36;1m      "ci": "true",[0m
Status Check - Keycloak CI	UNKNOWN STEP	2025-10-30T21:24:03.9262048Z [36;1m      "ci-quarkus": "true",[0m
Status Check - Keycloak CI	UNKNOWN STEP	2025-10-30T21:24:03.9262320Z [36;1m      "ci-store": "false"[0m
Status Check - Keycloak CI	UNKNOWN STEP	2025-10-30T21:24:03.9262580Z [36;1m    }[0m
Status Check - Keycloak CI	UNKNOWN STEP	2025-10-30T21:24:03.9262785Z [36;1m  },[0m
Status Check - Keycloak CI	UNKNOWN STEP	2025-10-30T21:24:03.9262994Z [36;1m  "build": {[0m
Status Check - Keycloak CI	UNKNOWN STEP	2025-10-30T21:24:03.9263224Z [36;1m    "result": "success",[0m
Status Check - Keycloak CI	UNKNOWN STEP	2025-10-30T21:24:03.9263487Z [36;1m    "outputs": {}[0m
Status Check - Keycloak CI	UNKNOWN STEP	2025-10-30T21:24:03.9263712Z [36;1m  },[0m
Status Check - Keycloak CI	UNKNOWN STEP	2025-10-30T21:24:03.9264209Z [36;1m  "unit-tests": {[0m
Status Check - Keycloak CI	UNKNOWN STEP	2025-10-30T21:24:03.9264464Z [36;1m    "result": "success",[0m
Status Check - Keycloak CI	UNKNOWN STEP	2025-10-30T21:24:03.9264735Z [36;1m    "outputs": {}[0m
Status Check - Keycloak CI	UNKNOWN STEP	2025-10-30T21:24:03.9264971Z [36;1m  },[0m
Status Check - Keycloak CI	UNKNOWN STEP	2025-10-30T21:24:03.9265517Z [36;1m  "base-integration-tests": {[0m
Status Check - Keycloak CI	UNKNOWN STEP	2025-10-30T21:24:03.9265814Z [36;1m    "result": "success",[0m
Status Check - Keycloak CI	UNKNOWN STEP	2025-10-30T21:24:03.9266072Z [36;1m    "outputs": {}[0m
Status Check - Keycloak CI	UNKNOWN STEP	2025-10-30T21:24:03.9266304Z [36;1m  },[0m
Status Check - Keycloak CI	UNKNOWN STEP	2025-10-30T21:24:03.9266534Z [36;1m  "adapter-integration-tests": {[0m
Status Check - Keycloak CI	UNKNOWN STEP	2025-10-30T21:24:03.9266828Z [36;1m    "result": "success",[0m
Status Check - Keycloak CI	UNKNOWN STEP	2025-10-30T21:24:03.9267079Z [36;1m    "outputs": {}[0m
Status Check - Keycloak CI	UNKNOWN STEP	2025-10-30T21:24:03.9267312Z [36;1m  },[0m
Status Check - Keycloak CI	UNKNOWN STEP	2025-10-30T21:24:03.9267589Z [36;1m  "adapter-integration-tests-strict-cookies": {[0m
Status Check - Keycloak CI	UNKNOWN STEP	2025-10-30T21:24:03.9267917Z [36;1m    "result": "success",[0m
Status Check - Keycloak CI	UNKNOWN STEP	2025-10-30T21:24:03.9268190Z [36;1m    "outputs": {}[0m
Status Check - Keycloak CI	UNKNOWN STEP	2025-10-30T21:24:03.9268416Z [36;1m  },[0m
Status Check - Keycloak CI	UNKNOWN STEP	2025-10-30T21:24:03.9268638Z [36;1m  "quarkus-unit-tests": {[0m
Status Check - Keycloak CI	UNKNOWN STEP	2025-10-30T21:24:03.9268919Z [36;1m    "result": "success",[0m
Status Check - Keycloak CI	UNKNOWN STEP	2025-10-30T21:24:03.9269168Z [36;1m    "outputs": {}[0m
Status Check - Keycloak CI	UNKNOWN STEP	2025-10-30T21:24:03.9269390Z [36;1m  },[0m
Status Check - Keycloak CI	UNKNOWN STEP	2025-10-30T21:24:03.9269616Z [36;1m  "quarkus-integration-tests": {[0m
Status Check - Keycloak CI	UNKNOWN STEP	2025-10-30T21:24:03.9269902Z [36;1m    "result": "failure",[0m
Status Check - Keycloak CI	UNKNOWN STEP	2025-10-30T21:24:03.9270153Z [36;1m    "outputs": {}[0m
Status Check - Keycloak CI	UNKNOWN STEP	2025-10-30T21:24:03.9270413Z [36;1m  },[0m
Status Check - Keycloak CI	UNKNOWN STEP	2025-10-30T21:24:03.9270629Z [36;1m  "jdk-integration-tests": {[0m
Status Check - Keycloak CI	UNKNOWN STEP	2025-10-30T21:24:03.9270902Z [36;1m    "result": "success",[0m
Status Check - Keycloak CI	UNKNOWN STEP	2025-10-30T21:24:03.9271154Z [36;1m    "outputs": {}[0m
Status Check - Keycloak CI	UNKNOWN STEP	2025-10-30T21:24:03.9271379Z [36;1m  },[0m
Status Check - Keycloak CI	UNKNOWN STEP	2025-10-30T21:24:03.9271613Z [36;1m  "store-integration-tests": {[0m
Status Check - Keycloak CI	UNKNOWN STEP	2025-10-30T21:24:03.9271891Z [36;1m    "result": "success",[0m
Status Check - Keycloak CI	UNKNOWN STEP	2025-10-30T21:24:03.9272146Z [36;1m    "outputs": {}[0m
Status Check - Keycloak CI	UNKNOWN STEP	2025-10-30T21:24:03.9272371Z [36;1m  },[0m
Status Check - Keycloak CI	UNKNOWN STEP	2025-10-30T21:24:03.9272600Z [36;1m  "volatile-sessions-tests": {[0m
Status Check - Keycloak CI	UNKNOWN STEP	2025-10-30T21:24:03.9272874Z [36;1m    "result": "skipped",[0m
Status Check - Keycloak CI	UNKNOWN STEP	2025-10-30T21:24:03.9273137Z [36;1m    "outputs": {}[0m
Status Check - Keycloak CI	UNKNOWN STEP	2025-10-30T21:24:03.9273363Z [36;1m  },[0m
Status Check - Keycloak CI	UNKNOWN STEP	2025-10-30T21:24:03.9273575Z [36;1m  "store-model-tests": {[0m
Status Check - Keycloak CI	UNKNOWN STEP	2025-10-30T21:24:03.9273835Z [36;1m    "result": "skipped",[0m
Status Check - Keycloak CI	UNKNOWN STEP	2025-10-30T21:24:03.9274085Z [36;1m    "outputs": {}[0m
Status Check - Keycloak CI	UNKNOWN STEP	2025-10-30T21:24:03.9274314Z [36;1m  },[0m
Status Check - Keycloak CI	UNKNOWN STEP	2025-10-30T21:24:03.9274548Z [36;1m  "clustering-integration-tests": {[0m
Status Check - Keycloak CI	UNKNOWN STEP	2025-10-30T21:24:03.9274843Z [36;1m    "result": "success",[0m
Status Check - Keycloak CI	UNKNOWN STEP	2025-10-30T21:24:03.9275435Z [36;1m    "outputs": {}[0m
Status Check - Keycloak CI	UNKNOWN STEP	2025-10-30T21:24:03.9275738Z [36;1m  },[0m
Status Check - Keycloak CI	UNKNOWN STEP	2025-10-30T21:24:03.9275950Z [36;1m  "fips-unit-tests": {[0m
Status Check - Keycloak CI	UNKNOWN STEP	2025-10-30T21:24:03.9276209Z [36;1m    "result": "success",[0m
Status Check - Keycloak CI	UNKNOWN STEP	2025-10-30T21:24:03.9276459Z [36;1m    "outputs": {}[0m
Status Check - Keycloak CI	UNKNOWN STEP	2025-10-30T21:24:03.9276681Z [36;1m  },[0m
Status Check - Keycloak CI	UNKNOWN STEP	2025-10-30T21:24:03.9276905Z [36;1m  "fips-integration-tests": {[0m
Status Check - Keycloak CI	UNKNOWN STEP	2025-10-30T21:24:03.9277175Z [36;1m    "result": "success",[0m
Status Check - Keycloak CI	UNKNOWN STEP	2025-10-30T21:24:03.9277425Z [36;1m    "outputs": {}[0m
Status Check - Keycloak CI	UNKNOWN STEP	2025-10-30T21:24:03.9277643Z [36;1m  },[0m
Status Check - Keycloak CI	UNKNOWN STEP	2025-10-30T21:24:03.9277877Z [36;1m  "forms-integration-tests": {[0m
Status Check - Keycloak CI	UNKNOWN STEP	2025-10-30T21:24:03.9278150Z [36;1m    "result": "success",[0m
Status Check - Keycloak CI	UNKNOWN STEP	2025-10-30T21:24:03.9278409Z [36;1m    "outputs": {}[0m
Status Check - Keycloak CI	UNKNOWN STEP	2025-10-30T21:24:03.9278635Z [36;1m  },[0m
Status Check - Keycloak CI	UNKNOWN STEP	2025-10-30T21:24:03.9278868Z [36;1m  "webauthn-integration-tests": {[0m
Status Check - Keycloak CI	UNKNOWN STEP	2025-10-30T21:24:03.9279153Z [36;1m    "result": "success",[0m
Status Check - Keycloak CI	UNKNOWN STEP	2025-10-30T21:24:03.9279401Z [36;1m    "outputs": {}[0m
Status Check - Keycloak CI	UNKNOWN STEP	2025-10-30T21:24:03.9279628Z [36;1m  },[0m
Status Check - Keycloak CI	UNKNOWN STEP	2025-10-30T21:24:03.9279837Z [36;1m  "sssd-unit-tests": {[0m
Status Check - Keycloak CI	UNKNOWN STEP	2025-10-30T21:24:03.9280101Z [36;1m    "result": "skipped",[0m
Status Check - Keycloak CI	UNKNOWN STEP	2025-10-30T21:24:03.9280346Z [36;1m    "outputs": {}[0m
Status Check - Keycloak CI	UNKNOWN STEP	2025-10-30T21:24:03.9280576Z [36;1m  },[0m
Status Check - Keycloak CI	UNKNOWN STEP	2025-10-30T21:24:03.9280781Z [36;1m  "migration-tests": {[0m
Status Check - Keycloak CI	UNKNOWN STEP	2025-10-30T21:24:03.9281037Z [36;1m    "result": "success",[0m
Status Check - Keycloak CI	UNKNOWN STEP	2025-10-30T21:24:03.9281286Z [36;1m    "outputs": {}[0m
Status Check - Keycloak CI	UNKNOWN STEP	2025-10-30T21:24:03.9281509Z [36;1m  },[0m
Status Check - Keycloak CI	UNKNOWN STEP	2025-10-30T21:24:03.9281740Z [36;1m  "external-infinispan-tests": {[0m
Status Check - Keycloak CI	UNKNOWN STEP	2025-10-30T21:24:03.9282192Z [36;1m    "result": "skipped",[0m
Status Check - Keycloak CI	UNKNOWN STEP	2025-10-30T21:24:03.9282444Z [36;1m    "outputs": {}[0m
Status Check - Keycloak CI	UNKNOWN STEP	2025-10-30T21:24:03.9282664Z [36;1m  },[0m
Status Check - Keycloak CI	UNKNOWN STEP	2025-10-30T21:24:03.9282875Z [36;1m  "test-framework": {[0m
Status Check - Keycloak CI	UNKNOWN STEP	2025-10-30T21:24:03.9283246Z [36;1m    "result": "success",[0m
Status Check - Keycloak CI	UNKNOWN STEP	2025-10-30T21:24:03.9283503Z [36;1m    "outputs": {}[0m
Status Check - Keycloak CI	UNKNOWN STEP	2025-10-30T21:24:03.9283731Z [36;1m  },[0m
Status Check - Keycloak CI	UNKNOWN STEP	2025-10-30T21:24:03.9283962Z [36;1m  "base-new-integration-tests": {[0m
Status Check - Keycloak CI	UNKNOWN STEP	2025-10-30T21:24:03.9284249Z [36;1m    "result": "success",[0m
Status Check - Keycloak CI	UNKNOWN STEP	2025-10-30T21:24:03.9284497Z [36;1m    "outputs": {}[0m
Status Check - Keycloak CI	UNKNOWN STEP	2025-10-30T21:24:03.9284723Z [36;1m  },[0m
Status Check - Keycloak CI	UNKNOWN STEP	2025-10-30T21:24:03.9284963Z [36;1m  "mixed-cluster-compatibility-tests": {[0m
Status Check - Keycloak CI	UNKNOWN STEP	2025-10-30T21:24:03.9285596Z [36;1m    "result": "success",[0m
Status Check - Keycloak CI	UNKNOWN STEP	2025-10-30T21:24:03.9285847Z [36;1m    "outputs": {}[0m
Status Check - Keycloak CI	UNKNOWN STEP	2025-10-30T21:24:03.9286079Z [36;1m  }[0m
Status Check - Keycloak CI	UNKNOWN STEP	2025-10-30T21:24:03.9286269Z [36;1m}'[0m
Status Check - Keycloak CI	UNKNOWN STEP	2025-10-30T21:24:03.9286494Z [36;1m[0m
Status Check - Keycloak CI	UNKNOWN STEP	2025-10-30T21:24:03.9286708Z [36;1mecho "Job status:"[0m
Status Check - Keycloak CI	UNKNOWN STEP	2025-10-30T21:24:03.9287055Z [36;1mecho $JOBS | jq -r 'to_entries[] | " - \(.key): \(.value.result)"'[0m
Status Check - Keycloak CI	UNKNOWN STEP	2025-10-30T21:24:03.9287404Z [36;1m[0m
Status Check - Keycloak CI	UNKNOWN STEP	2025-10-30T21:24:03.9287685Z [36;1mfor i in $(echo $JOBS | jq -r 'to_entries[] | .value.result'); do[0m
Status Check - Keycloak CI	UNKNOWN STEP	2025-10-30T21:24:03.9288076Z [36;1m  if [ "$i" != "success" ] && [ "$i" != "skipped" ]; then[0m
Status Check - Keycloak CI	UNKNOWN STEP	2025-10-30T21:24:03.9288373Z [36;1m    echo ""[0m
Status Check - Keycloak CI	UNKNOWN STEP	2025-10-30T21:24:03.9288617Z [36;1m    echo "Status check not okay!"[0m
Status Check - Keycloak CI	UNKNOWN STEP	2025-10-30T21:24:03.9288888Z [36;1m    exit 1[0m
Status Check - Keycloak CI	UNKNOWN STEP	2025-10-30T21:24:03.9289097Z [36;1m  fi[0m
Status Check - Keycloak CI	UNKNOWN STEP	2025-10-30T21:24:03.9289300Z [36;1mdone[0m
Status Check - Keycloak CI	UNKNOWN STEP	2025-10-30T21:24:03.9327163Z shell: /usr/bin/bash --noprofile --norc -e -o pipefail {0}
Status Check - Keycloak CI	UNKNOWN STEP	2025-10-30T21:24:03.9327547Z env:
Status Check - Keycloak CI	UNKNOWN STEP	2025-10-30T21:24:03.9327875Z   MAVEN_ARGS: -B -nsu -Daether.connector.http.connectionMaxTtl=25
Status Check - Keycloak CI	UNKNOWN STEP	2025-10-30T21:24:03.9328244Z   SUREFIRE_RERUN_FAILING_COUNT: 2
Status Check - Keycloak CI	UNKNOWN STEP	2025-10-30T21:24:03.9328573Z   SUREFIRE_RETRY: -Dsurefire.rerunFailingTestsCount=2
Status Check - Keycloak CI	UNKNOWN STEP	2025-10-30T21:24:03.9328916Z ##[endgroup]
Status Check - Keycloak CI	UNKNOWN STEP	2025-10-30T21:24:03.9403829Z Job status:
Status Check - Keycloak CI	UNKNOWN STEP	2025-10-30T21:24:03.9448444Z  - conditional: success
Status Check - Keycloak CI	UNKNOWN STEP	2025-10-30T21:24:03.9448896Z  - build: success
Status Check - Keycloak CI	UNKNOWN STEP	2025-10-30T21:24:03.9449273Z  - unit-tests: success
Status Check - Keycloak CI	UNKNOWN STEP	2025-10-30T21:24:03.9449603Z  - base-integration-tests: success
Status Check - Keycloak CI	UNKNOWN STEP	2025-10-30T21:24:03.9449930Z  - adapter-integration-tests: success
Status Check - Keycloak CI	UNKNOWN STEP	2025-10-30T21:24:03.9450301Z  - adapter-integration-tests-strict-cookies: success
Status Check - Keycloak CI	UNKNOWN STEP	2025-10-30T21:24:03.9450658Z  - quarkus-unit-tests: success
Status Check - Keycloak CI	UNKNOWN STEP	2025-10-30T21:24:03.9450939Z  - quarkus-integration-tests: failure
Status Check - Keycloak CI	UNKNOWN STEP	2025-10-30T21:24:03.9451247Z  - jdk-integration-tests: success
Status Check - Keycloak CI	UNKNOWN STEP	2025-10-30T21:24:03.9451532Z  - store-integration-tests: success
Status Check - Keycloak CI	UNKNOWN STEP	2025-10-30T21:24:03.9451827Z  - volatile-sessions-tests: skipped
Status Check - Keycloak CI	UNKNOWN STEP	2025-10-30T21:24:03.9452113Z  - store-model-tests: skipped
Status Check - Keycloak CI	UNKNOWN STEP	2025-10-30T21:24:03.9452407Z  - clustering-integration-tests: success
Status Check - Keycloak CI	UNKNOWN STEP	2025-10-30T21:24:03.9452711Z  - fips-unit-tests: success
Status Check - Keycloak CI	UNKNOWN STEP	2025-10-30T21:24:03.9452986Z  - fips-integration-tests: success
Status Check - Keycloak CI	UNKNOWN STEP	2025-10-30T21:24:03.9453275Z  - forms-integration-tests: success
Status Check - Keycloak CI	UNKNOWN STEP	2025-10-30T21:24:03.9453584Z  - webauthn-integration-tests: success
Status Check - Keycloak CI	UNKNOWN STEP	2025-10-30T21:24:03.9453876Z  - sssd-unit-tests: skipped
Status Check - Keycloak CI	UNKNOWN STEP	2025-10-30T21:24:03.9454128Z  - migration-tests: success
Status Check - Keycloak CI	UNKNOWN STEP	2025-10-30T21:24:03.9454410Z  - external-infinispan-tests: skipped
Status Check - Keycloak CI	UNKNOWN STEP	2025-10-30T21:24:03.9454697Z  - test-framework: success
Status Check - Keycloak CI	UNKNOWN STEP	2025-10-30T21:24:03.9455182Z  - base-new-integration-tests: success
Status Check - Keycloak CI	UNKNOWN STEP	2025-10-30T21:24:03.9455774Z  - mixed-cluster-compatibility-tests: success
Status Check - Keycloak CI	UNKNOWN STEP	2025-10-30T21:24:03.9483928Z 
Status Check - Keycloak CI	UNKNOWN STEP	2025-10-30T21:24:03.9484166Z Status check not okay!
Status Check - Keycloak CI	UNKNOWN STEP	2025-10-30T21:24:03.9498667Z ##[error]Process completed with exit code 1.
Status Check - Keycloak CI	UNKNOWN STEP	2025-10-30T21:24:03.9699281Z Post job cleanup.
Status Check - Keycloak CI	UNKNOWN STEP	2025-10-30T21:24:04.0472249Z [command]/usr/bin/git version
Status Check - Keycloak CI	UNKNOWN STEP	2025-10-30T21:24:04.0507907Z git version 2.51.0
Status Check - Keycloak CI	UNKNOWN STEP	2025-10-30T21:24:04.0547787Z Temporarily overriding HOME='/home/runner/work/_temp/cd3107a0-70fe-442c-8827-5bf622ad372c' before making global git config changes
Status Check - Keycloak CI	UNKNOWN STEP	2025-10-30T21:24:04.0549211Z Adding repository directory to the temporary git global config as a safe directory
Status Check - Keycloak CI	UNKNOWN STEP	2025-10-30T21:24:04.0553838Z [command]/usr/bin/git config --global --add safe.directory /home/runner/work/keycloak/keycloak
Status Check - Keycloak CI	UNKNOWN STEP	2025-10-30T21:24:04.0590059Z [command]/usr/bin/git config --local --name-only --get-regexp core\.sshCommand
Status Check - Keycloak CI	UNKNOWN STEP	2025-10-30T21:24:04.0621588Z [command]/usr/bin/git submodule foreach --recursive sh -c "git config --local --name-only --get-regexp 'core\.sshCommand' && git config --local --unset-all 'core.sshCommand' || :"
Status Check - Keycloak CI	UNKNOWN STEP	2025-10-30T21:24:04.0872666Z [command]/usr/bin/git config --local --name-only --get-regexp http\.https\:\/\/github\.com\/\.extraheader
Status Check - Keycloak CI	UNKNOWN STEP	2025-10-30T21:24:04.0896516Z http.https://github.com/.extraheader
Status Check - Keycloak CI	UNKNOWN STEP	2025-10-30T21:24:04.0908037Z [command]/usr/bin/git config --local --unset-all http.https://github.com/.extraheader
Status Check - Keycloak CI	UNKNOWN STEP	2025-10-30T21:24:04.0941290Z [command]/usr/bin/git submodule foreach --recursive sh -c "git config --local --name-only --get-regexp 'http\.https\:\/\/github\.com\/\.extraheader' && git config --local --unset-all 'http.https://github.com/.extraheader' || :"
Status Check - Keycloak CI	UNKNOWN STEP	2025-10-30T21:24:04.1298427Z Cleaning up orphan processes
