Test OLM installation	UNKNOWN STEP	ï»¿2025-11-14T14:42:01.1900327Z Current runner version: '2.329.0'
Test OLM installation	UNKNOWN STEP	2025-11-14T14:42:01.1923906Z ##[group]Runner Image Provisioner
Test OLM installation	UNKNOWN STEP	2025-11-14T14:42:01.1924671Z Hosted Compute Agent
Test OLM installation	UNKNOWN STEP	2025-11-14T14:42:01.1925215Z Version: 20251016.436
Test OLM installation	UNKNOWN STEP	2025-11-14T14:42:01.1925884Z Commit: 8ab8ac8bfd662a3739dab9fe09456aba92132568
Test OLM installation	UNKNOWN STEP	2025-11-14T14:42:01.1926582Z Build Date: 2025-10-15T20:44:12Z
Test OLM installation	UNKNOWN STEP	2025-11-14T14:42:01.1927154Z ##[endgroup]
Test OLM installation	UNKNOWN STEP	2025-11-14T14:42:01.1927749Z ##[group]Operating System
Test OLM installation	UNKNOWN STEP	2025-11-14T14:42:01.1928489Z Ubuntu
Test OLM installation	UNKNOWN STEP	2025-11-14T14:42:01.1928940Z 24.04.3
Test OLM installation	UNKNOWN STEP	2025-11-14T14:42:01.1929457Z LTS
Test OLM installation	UNKNOWN STEP	2025-11-14T14:42:01.1929873Z ##[endgroup]
Test OLM installation	UNKNOWN STEP	2025-11-14T14:42:01.1930360Z ##[group]Runner Image
Test OLM installation	UNKNOWN STEP	2025-11-14T14:42:01.1930925Z Image: ubuntu-24.04
Test OLM installation	UNKNOWN STEP	2025-11-14T14:42:01.1931442Z Version: 20251112.124.1
Test OLM installation	UNKNOWN STEP	2025-11-14T14:42:01.1932464Z Included Software: https://github.com/actions/runner-images/blob/ubuntu24/20251112.124/images/ubuntu/Ubuntu2404-Readme.md
Test OLM installation	UNKNOWN STEP	2025-11-14T14:42:01.1934012Z Image Release: https://github.com/actions/runner-images/releases/tag/ubuntu24%2F20251112.124
Test OLM installation	UNKNOWN STEP	2025-11-14T14:42:01.1934992Z ##[endgroup]
Test OLM installation	UNKNOWN STEP	2025-11-14T14:42:01.1936008Z ##[group]GITHUB_TOKEN Permissions
Test OLM installation	UNKNOWN STEP	2025-11-14T14:42:01.1937777Z Contents: read
Test OLM installation	UNKNOWN STEP	2025-11-14T14:42:01.1938764Z Metadata: read
Test OLM installation	UNKNOWN STEP	2025-11-14T14:42:01.1939278Z ##[endgroup]
Test OLM installation	UNKNOWN STEP	2025-11-14T14:42:01.1941264Z Secret source: None
Test OLM installation	UNKNOWN STEP	2025-11-14T14:42:01.1941919Z Prepare workflow directory
Test OLM installation	UNKNOWN STEP	2025-11-14T14:42:01.2345441Z Prepare all required actions
Test OLM installation	UNKNOWN STEP	2025-11-14T14:42:01.2384331Z Getting action download info
Test OLM installation	UNKNOWN STEP	2025-11-14T14:42:01.6627775Z Download action repository 'actions/checkout@08c6903cd8c0fde910a37f88322edcfb5dd907a8' (SHA:08c6903cd8c0fde910a37f88322edcfb5dd907a8)
Test OLM installation	UNKNOWN STEP	2025-11-14T14:42:01.9859482Z Download action repository 'manusa/actions-setup-minikube@b589f2d61bf96695c546929c72b38563e856059d' (SHA:b589f2d61bf96695c546929c72b38563e856059d)
Test OLM installation	UNKNOWN STEP	2025-11-14T14:42:02.7866213Z Download action repository 'redhat-actions/openshift-tools-installer@144527c7d98999f2652264c048c7a9bd103f8a82' (SHA:144527c7d98999f2652264c048c7a9bd103f8a82)
Test OLM installation	UNKNOWN STEP	2025-11-14T14:42:03.5081204Z Download action repository 'actions/download-artifact@634f93cb2916e3fdff6788551b99b062d0335ce0' (SHA:634f93cb2916e3fdff6788551b99b062d0335ce0)
Test OLM installation	UNKNOWN STEP	2025-11-14T14:42:04.0191030Z Download action repository 'actions/upload-artifact@ea165f8d65b6e75b540449e92b4886f43607fa02' (SHA:ea165f8d65b6e75b540449e92b4886f43607fa02)
Test OLM installation	UNKNOWN STEP	2025-11-14T14:42:04.3046550Z Complete job name: Test OLM installation
Test OLM installation	UNKNOWN STEP	2025-11-14T14:42:04.3804853Z ##[group]Run actions/checkout@08c6903cd8c0fde910a37f88322edcfb5dd907a8
Test OLM installation	UNKNOWN STEP	2025-11-14T14:42:04.3805622Z with:
Test OLM installation	UNKNOWN STEP	2025-11-14T14:42:04.3805829Z   repository: keycloak/keycloak
Test OLM installation	UNKNOWN STEP	2025-11-14T14:42:04.3806200Z   token: ***
Test OLM installation	UNKNOWN STEP	2025-11-14T14:42:04.3806384Z   ssh-strict: true
Test OLM installation	UNKNOWN STEP	2025-11-14T14:42:04.3806570Z   ssh-user: git
Test OLM installation	UNKNOWN STEP	2025-11-14T14:42:04.3806762Z   persist-credentials: true
Test OLM installation	UNKNOWN STEP	2025-11-14T14:42:04.3806970Z   clean: true
Test OLM installation	UNKNOWN STEP	2025-11-14T14:42:04.3807175Z   sparse-checkout-cone-mode: true
Test OLM installation	UNKNOWN STEP	2025-11-14T14:42:04.3807410Z   fetch-depth: 1
Test OLM installation	UNKNOWN STEP	2025-11-14T14:42:04.3807582Z   fetch-tags: false
Test OLM installation	UNKNOWN STEP	2025-11-14T14:42:04.3807764Z   show-progress: true
Test OLM installation	UNKNOWN STEP	2025-11-14T14:42:04.3807944Z   lfs: false
Test OLM installation	UNKNOWN STEP	2025-11-14T14:42:04.3808128Z   submodules: false
Test OLM installation	UNKNOWN STEP	2025-11-14T14:42:04.3808589Z   set-safe-directory: true
Test OLM installation	UNKNOWN STEP	2025-11-14T14:42:04.3809075Z env:
Test OLM installation	UNKNOWN STEP	2025-11-14T14:42:04.3809363Z   MAVEN_ARGS: -B -nsu -Daether.connector.http.connectionMaxTtl=25
Test OLM installation	UNKNOWN STEP	2025-11-14T14:42:04.3809704Z   MINIKUBE_VERSION: v1.37.0
Test OLM installation	UNKNOWN STEP	2025-11-14T14:42:04.3809952Z   KUBERNETES_VERSION: v1.32.9
Test OLM installation	UNKNOWN STEP	2025-11-14T14:42:04.3810161Z   MINIKUBE_MEMORY: 4096
Test OLM installation	UNKNOWN STEP	2025-11-14T14:42:04.3810350Z ##[endgroup]
Test OLM installation	UNKNOWN STEP	2025-11-14T14:42:04.4714173Z Syncing repository: keycloak/keycloak
Test OLM installation	UNKNOWN STEP	2025-11-14T14:42:04.4715718Z ##[group]Getting Git version info
Test OLM installation	UNKNOWN STEP	2025-11-14T14:42:04.4716188Z Working directory is '/home/runner/work/keycloak/keycloak'
Test OLM installation	UNKNOWN STEP	2025-11-14T14:42:04.4716736Z [command]/usr/bin/git version
Test OLM installation	UNKNOWN STEP	2025-11-14T14:42:04.4772397Z git version 2.51.2
Test OLM installation	UNKNOWN STEP	2025-11-14T14:42:04.4824535Z ##[endgroup]
Test OLM installation	UNKNOWN STEP	2025-11-14T14:42:04.4837787Z Temporarily overriding HOME='/home/runner/work/_temp/97a6dde8-881c-4bd0-b002-cdaa1c92e184' before making global git config changes
Test OLM installation	UNKNOWN STEP	2025-11-14T14:42:04.4839221Z Adding repository directory to the temporary git global config as a safe directory
Test OLM installation	UNKNOWN STEP	2025-11-14T14:42:04.4842852Z [command]/usr/bin/git config --global --add safe.directory /home/runner/work/keycloak/keycloak
Test OLM installation	UNKNOWN STEP	2025-11-14T14:42:04.4879602Z Deleting the contents of '/home/runner/work/keycloak/keycloak'
Test OLM installation	UNKNOWN STEP	2025-11-14T14:42:04.4883143Z ##[group]Initializing the repository
Test OLM installation	UNKNOWN STEP	2025-11-14T14:42:04.4887616Z [command]/usr/bin/git init /home/runner/work/keycloak/keycloak
Test OLM installation	UNKNOWN STEP	2025-11-14T14:42:04.4999867Z hint: Using 'master' as the name for the initial branch. This default branch name
Test OLM installation	UNKNOWN STEP	2025-11-14T14:42:04.5000689Z hint: is subject to change. To configure the initial branch name to use in all
Test OLM installation	UNKNOWN STEP	2025-11-14T14:42:04.5001440Z hint: of your new repositories, which will suppress this warning, call:
Test OLM installation	UNKNOWN STEP	2025-11-14T14:42:04.5001993Z hint:
Test OLM installation	UNKNOWN STEP	2025-11-14T14:42:04.5002404Z hint: 	git config --global init.defaultBranch <name>
Test OLM installation	UNKNOWN STEP	2025-11-14T14:42:04.5002765Z hint:
Test OLM installation	UNKNOWN STEP	2025-11-14T14:42:04.5003172Z hint: Names commonly chosen instead of 'master' are 'main', 'trunk' and
Test OLM installation	UNKNOWN STEP	2025-11-14T14:42:04.5004069Z hint: 'development'. The just-created branch can be renamed via this command:
Test OLM installation	UNKNOWN STEP	2025-11-14T14:42:04.5004597Z hint:
Test OLM installation	UNKNOWN STEP	2025-11-14T14:42:04.5004796Z hint: 	git branch -m <name>
Test OLM installation	UNKNOWN STEP	2025-11-14T14:42:04.5005014Z hint:
Test OLM installation	UNKNOWN STEP	2025-11-14T14:42:04.5005519Z hint: Disable this message with "git config set advice.defaultBranchName false"
Test OLM installation	UNKNOWN STEP	2025-11-14T14:42:04.5006513Z Initialized empty Git repository in /home/runner/work/keycloak/keycloak/.git/
Test OLM installation	UNKNOWN STEP	2025-11-14T14:42:04.5015265Z [command]/usr/bin/git remote add origin https://github.com/keycloak/keycloak
Test OLM installation	UNKNOWN STEP	2025-11-14T14:42:04.5048006Z ##[endgroup]
Test OLM installation	UNKNOWN STEP	2025-11-14T14:42:04.5048814Z ##[group]Disabling automatic garbage collection
Test OLM installation	UNKNOWN STEP	2025-11-14T14:42:04.5052822Z [command]/usr/bin/git config --local gc.auto 0
Test OLM installation	UNKNOWN STEP	2025-11-14T14:42:04.5078933Z ##[endgroup]
Test OLM installation	UNKNOWN STEP	2025-11-14T14:42:04.5079556Z ##[group]Setting up auth
Test OLM installation	UNKNOWN STEP	2025-11-14T14:42:04.5085807Z [command]/usr/bin/git config --local --name-only --get-regexp core\.sshCommand
Test OLM installation	UNKNOWN STEP	2025-11-14T14:42:04.5115220Z [command]/usr/bin/git submodule foreach --recursive sh -c "git config --local --name-only --get-regexp 'core\.sshCommand' && git config --local --unset-all 'core.sshCommand' || :"
Test OLM installation	UNKNOWN STEP	2025-11-14T14:42:04.5457308Z [command]/usr/bin/git config --local --name-only --get-regexp http\.https\:\/\/github\.com\/\.extraheader
Test OLM installation	UNKNOWN STEP	2025-11-14T14:42:04.5486797Z [command]/usr/bin/git submodule foreach --recursive sh -c "git config --local --name-only --get-regexp 'http\.https\:\/\/github\.com\/\.extraheader' && git config --local --unset-all 'http.https://github.com/.extraheader' || :"
Test OLM installation	UNKNOWN STEP	2025-11-14T14:42:04.5702716Z [command]/usr/bin/git config --local http.https://github.com/.extraheader AUTHORIZATION: basic ***
Test OLM installation	UNKNOWN STEP	2025-11-14T14:42:04.5735442Z ##[endgroup]
Test OLM installation	UNKNOWN STEP	2025-11-14T14:42:04.5736120Z ##[group]Fetching the repository
Test OLM installation	UNKNOWN STEP	2025-11-14T14:42:04.5744921Z [command]/usr/bin/git -c protocol.version=2 fetch --no-tags --prune --no-recurse-submodules --depth=1 origin +c2b78190065190e92f43a73cae286d6911a6a205:refs/remotes/pull/44145/merge
Test OLM installation	UNKNOWN STEP	2025-11-14T14:42:06.1721610Z From https://github.com/keycloak/keycloak
Test OLM installation	UNKNOWN STEP	2025-11-14T14:42:06.1722619Z  * [new ref]         c2b78190065190e92f43a73cae286d6911a6a205 -> pull/44145/merge
Test OLM installation	UNKNOWN STEP	2025-11-14T14:42:06.1754705Z ##[endgroup]
Test OLM installation	UNKNOWN STEP	2025-11-14T14:42:06.1755181Z ##[group]Determining the checkout info
Test OLM installation	UNKNOWN STEP	2025-11-14T14:42:06.1756837Z ##[endgroup]
Test OLM installation	UNKNOWN STEP	2025-11-14T14:42:06.1761807Z [command]/usr/bin/git sparse-checkout disable
Test OLM installation	UNKNOWN STEP	2025-11-14T14:42:06.1803130Z [command]/usr/bin/git config --local --unset-all extensions.worktreeConfig
Test OLM installation	UNKNOWN STEP	2025-11-14T14:42:06.1827365Z ##[group]Checking out the ref
Test OLM installation	UNKNOWN STEP	2025-11-14T14:42:06.1831358Z [command]/usr/bin/git checkout --progress --force refs/remotes/pull/44145/merge
Test OLM installation	UNKNOWN STEP	2025-11-14T14:42:07.0104856Z Note: switching to 'refs/remotes/pull/44145/merge'.
Test OLM installation	UNKNOWN STEP	2025-11-14T14:42:07.0105325Z 
Test OLM installation	UNKNOWN STEP	2025-11-14T14:42:07.0105651Z You are in 'detached HEAD' state. You can look around, make experimental
Test OLM installation	UNKNOWN STEP	2025-11-14T14:42:07.0106376Z changes and commit them, and you can discard any commits you make in this
Test OLM installation	UNKNOWN STEP	2025-11-14T14:42:07.0107115Z state without impacting any branches by switching back to a branch.
Test OLM installation	UNKNOWN STEP	2025-11-14T14:42:07.0107846Z 
Test OLM installation	UNKNOWN STEP	2025-11-14T14:42:07.0108150Z If you want to create a new branch to retain commits you create, you may
Test OLM installation	UNKNOWN STEP	2025-11-14T14:42:07.0109079Z do so (now or later) by using -c with the switch command. Example:
Test OLM installation	UNKNOWN STEP	2025-11-14T14:42:07.0109452Z 
Test OLM installation	UNKNOWN STEP	2025-11-14T14:42:07.0109611Z   git switch -c <new-branch-name>
Test OLM installation	UNKNOWN STEP	2025-11-14T14:42:07.0109888Z 
Test OLM installation	UNKNOWN STEP	2025-11-14T14:42:07.0110030Z Or undo this operation with:
Test OLM installation	UNKNOWN STEP	2025-11-14T14:42:07.0110262Z 
Test OLM installation	UNKNOWN STEP	2025-11-14T14:42:07.0110384Z   git switch -
Test OLM installation	UNKNOWN STEP	2025-11-14T14:42:07.0110584Z 
Test OLM installation	UNKNOWN STEP	2025-11-14T14:42:07.0110907Z Turn off this advice by setting config variable advice.detachedHead to false
Test OLM installation	UNKNOWN STEP	2025-11-14T14:42:07.0111374Z 
Test OLM installation	UNKNOWN STEP	2025-11-14T14:42:07.0111921Z HEAD is now at c2b7819 Merge 2ba9b2cddcacdb99c26774cad4ed1ee1e085b4e2 into 70e1dba2c343853a286222db227d6a5a4c17af13
Test OLM installation	UNKNOWN STEP	2025-11-14T14:42:07.0142938Z ##[endgroup]
Test OLM installation	UNKNOWN STEP	2025-11-14T14:42:07.0188972Z [command]/usr/bin/git log -1 --format=%H
Test OLM installation	UNKNOWN STEP	2025-11-14T14:42:07.0223659Z c2b78190065190e92f43a73cae286d6911a6a205
Test OLM installation	UNKNOWN STEP	2025-11-14T14:42:07.0442961Z Prepare all required actions
Test OLM installation	UNKNOWN STEP	2025-11-14T14:42:07.0443399Z Getting action download info
Test OLM installation	UNKNOWN STEP	2025-11-14T14:42:07.2200469Z Download action repository 'actions/setup-java@c5195efecf7bdfc987ee8bae7a71cb8b11521c00' (SHA:c5195efecf7bdfc987ee8bae7a71cb8b11521c00)
Test OLM installation	UNKNOWN STEP	2025-11-14T14:42:07.8971054Z ##[group]Run ./.github/actions/java-setup
Test OLM installation	UNKNOWN STEP	2025-11-14T14:42:07.8971324Z with:
Test OLM installation	UNKNOWN STEP	2025-11-14T14:42:07.8971503Z   distribution: temurin
Test OLM installation	UNKNOWN STEP	2025-11-14T14:42:07.8971695Z   java-version: 21
Test OLM installation	UNKNOWN STEP	2025-11-14T14:42:07.8971878Z env:
Test OLM installation	UNKNOWN STEP	2025-11-14T14:42:07.8972129Z   MAVEN_ARGS: -B -nsu -Daether.connector.http.connectionMaxTtl=25
Test OLM installation	UNKNOWN STEP	2025-11-14T14:42:07.8972463Z   MINIKUBE_VERSION: v1.37.0
Test OLM installation	UNKNOWN STEP	2025-11-14T14:42:07.8972675Z   KUBERNETES_VERSION: v1.32.9
Test OLM installation	UNKNOWN STEP	2025-11-14T14:42:07.8972888Z   MINIKUBE_MEMORY: 4096
Test OLM installation	UNKNOWN STEP	2025-11-14T14:42:07.8973073Z ##[endgroup]
Test OLM installation	UNKNOWN STEP	2025-11-14T14:42:07.9117345Z ##[group]Run actions/setup-java@c5195efecf7bdfc987ee8bae7a71cb8b11521c00
Test OLM installation	UNKNOWN STEP	2025-11-14T14:42:07.9117718Z with:
Test OLM installation	UNKNOWN STEP	2025-11-14T14:42:07.9117900Z   distribution: temurin
Test OLM installation	UNKNOWN STEP	2025-11-14T14:42:07.9118140Z   java-version: 21
Test OLM installation	UNKNOWN STEP	2025-11-14T14:42:07.9118625Z   java-package: jdk
Test OLM installation	UNKNOWN STEP	2025-11-14T14:42:07.9118870Z   check-latest: false
Test OLM installation	UNKNOWN STEP	2025-11-14T14:42:07.9119049Z   server-id: github
Test OLM installation	UNKNOWN STEP	2025-11-14T14:42:07.9119233Z   server-username: GITHUB_ACTOR
Test OLM installation	UNKNOWN STEP	2025-11-14T14:42:07.9119456Z   server-password: GITHUB_TOKEN
Test OLM installation	UNKNOWN STEP	2025-11-14T14:42:07.9119671Z   overwrite-settings: true
Test OLM installation	UNKNOWN STEP	2025-11-14T14:42:07.9119869Z   job-status: success
Test OLM installation	UNKNOWN STEP	2025-11-14T14:42:07.9120173Z   token: ***
Test OLM installation	UNKNOWN STEP	2025-11-14T14:42:07.9120344Z env:
Test OLM installation	UNKNOWN STEP	2025-11-14T14:42:07.9120596Z   MAVEN_ARGS: -B -nsu -Daether.connector.http.connectionMaxTtl=25
Test OLM installation	UNKNOWN STEP	2025-11-14T14:42:07.9120937Z   MINIKUBE_VERSION: v1.37.0
Test OLM installation	UNKNOWN STEP	2025-11-14T14:42:07.9121145Z   KUBERNETES_VERSION: v1.32.9
Test OLM installation	UNKNOWN STEP	2025-11-14T14:42:07.9121355Z   MINIKUBE_MEMORY: 4096
Test OLM installation	UNKNOWN STEP	2025-11-14T14:42:07.9121538Z ##[endgroup]
Test OLM installation	UNKNOWN STEP	2025-11-14T14:42:08.1183019Z ##[group]Installed distributions
Test OLM installation	UNKNOWN STEP	2025-11-14T14:42:08.1485525Z Resolved Java 21.0.9+10 from tool-cache
Test OLM installation	UNKNOWN STEP	2025-11-14T14:42:08.1486403Z Setting Java 21.0.9+10 as the default
Test OLM installation	UNKNOWN STEP	2025-11-14T14:42:08.1500421Z Creating toolchains.xml for JDK version 21 from temurin
Test OLM installation	UNKNOWN STEP	2025-11-14T14:42:08.1578721Z Writing to /home/runner/.m2/toolchains.xml
Test OLM installation	UNKNOWN STEP	2025-11-14T14:42:08.1579513Z 
Test OLM installation	UNKNOWN STEP	2025-11-14T14:42:08.1579716Z Java configuration:
Test OLM installation	UNKNOWN STEP	2025-11-14T14:42:08.1580737Z   Distribution: temurin
Test OLM installation	UNKNOWN STEP	2025-11-14T14:42:08.1581167Z   Version: 21.0.9+10
Test OLM installation	UNKNOWN STEP	2025-11-14T14:42:08.1581954Z   Path: /opt/hostedtoolcache/Java_Temurin-Hotspot_jdk/21.0.9-10/x64
Test OLM installation	UNKNOWN STEP	2025-11-14T14:42:08.1583604Z 
Test OLM installation	UNKNOWN STEP	2025-11-14T14:42:08.1584103Z ##[endgroup]
Test OLM installation	UNKNOWN STEP	2025-11-14T14:42:08.1598563Z Creating settings.xml with server-id: github
Test OLM installation	UNKNOWN STEP	2025-11-14T14:42:08.1608175Z Writing to /home/runner/.m2/settings.xml
Test OLM installation	UNKNOWN STEP	2025-11-14T14:42:08.1761010Z ##[group]Run manusa/actions-setup-minikube@b589f2d61bf96695c546929c72b38563e856059d
Test OLM installation	UNKNOWN STEP	2025-11-14T14:42:08.1761418Z with:
Test OLM installation	UNKNOWN STEP	2025-11-14T14:42:08.1761593Z   minikube version: v1.37.0
Test OLM installation	UNKNOWN STEP	2025-11-14T14:42:08.1761814Z   kubernetes version: v1.32.9
Test OLM installation	UNKNOWN STEP	2025-11-14T14:42:08.1762237Z   github token: ***
Test OLM installation	UNKNOWN STEP	2025-11-14T14:42:08.1762421Z   driver: docker
Test OLM installation	UNKNOWN STEP	2025-11-14T14:42:08.1762720Z   start args: --memory=4096 --addons=registry --insecure-registry=192.168.49.0/24
Test OLM installation	UNKNOWN STEP	2025-11-14T14:42:08.1763231Z env:
Test OLM installation	UNKNOWN STEP	2025-11-14T14:42:08.1763479Z   MAVEN_ARGS: -B -nsu -Daether.connector.http.connectionMaxTtl=25
Test OLM installation	UNKNOWN STEP	2025-11-14T14:42:08.1763808Z   MINIKUBE_VERSION: v1.37.0
Test OLM installation	UNKNOWN STEP	2025-11-14T14:42:08.1764019Z   KUBERNETES_VERSION: v1.32.9
Test OLM installation	UNKNOWN STEP	2025-11-14T14:42:08.1764233Z   MINIKUBE_MEMORY: 4096
Test OLM installation	UNKNOWN STEP	2025-11-14T14:42:08.1764523Z   JAVA_HOME: /opt/hostedtoolcache/Java_Temurin-Hotspot_jdk/21.0.9-10/x64
Test OLM installation	UNKNOWN STEP	2025-11-14T14:42:08.1764958Z   JAVA_HOME_21_X64: /opt/hostedtoolcache/Java_Temurin-Hotspot_jdk/21.0.9-10/x64
Test OLM installation	UNKNOWN STEP	2025-11-14T14:42:08.1765284Z ##[endgroup]
Test OLM installation	UNKNOWN STEP	2025-11-14T14:42:08.2918527Z Loading input variables
Test OLM installation	UNKNOWN STEP	2025-11-14T14:42:08.2920933Z Updating Environment configuration to support Minikube
Test OLM installation	UNKNOWN STEP	2025-11-14T14:42:08.3129781Z 
Test OLM installation	UNKNOWN STEP	2025-11-14T14:42:08.3130229Z WARNING: apt does not have a stable CLI interface. Use with caution in scripts.
Test OLM installation	UNKNOWN STEP	2025-11-14T14:42:08.3130633Z 
Test OLM installation	UNKNOWN STEP	2025-11-14T14:42:08.4480669Z Get:1 file:/etc/apt/apt-mirrors.txt Mirrorlist [144 B]
Test OLM installation	UNKNOWN STEP	2025-11-14T14:42:08.5087498Z Hit:2 http://azure.archive.ubuntu.com/ubuntu noble InRelease
Test OLM installation	UNKNOWN STEP	2025-11-14T14:42:08.5116889Z Get:3 http://azure.archive.ubuntu.com/ubuntu noble-updates InRelease [126 kB]
Test OLM installation	UNKNOWN STEP	2025-11-14T14:42:08.5226099Z Get:4 http://azure.archive.ubuntu.com/ubuntu noble-backports InRelease [126 kB]
Test OLM installation	UNKNOWN STEP	2025-11-14T14:42:08.5319981Z Get:5 http://azure.archive.ubuntu.com/ubuntu noble-security InRelease [126 kB]
Test OLM installation	UNKNOWN STEP	2025-11-14T14:42:08.7113111Z Get:6 http://azure.archive.ubuntu.com/ubuntu noble-updates/main amd64 Packages [1585 kB]
Test OLM installation	UNKNOWN STEP	2025-11-14T14:42:08.7356671Z Get:7 http://azure.archive.ubuntu.com/ubuntu noble-updates/main amd64 Components [175 kB]
Test OLM installation	UNKNOWN STEP	2025-11-14T14:42:08.7378940Z Get:8 http://azure.archive.ubuntu.com/ubuntu noble-updates/main amd64 c-n-f Metadata [15.7 kB]
Test OLM installation	UNKNOWN STEP	2025-11-14T14:42:08.7390350Z Get:9 http://azure.archive.ubuntu.com/ubuntu noble-updates/universe amd64 Packages [1499 kB]
Test OLM installation	UNKNOWN STEP	2025-11-14T14:42:08.7485578Z Get:10 http://azure.archive.ubuntu.com/ubuntu noble-updates/universe Translation-en [303 kB]
Test OLM installation	UNKNOWN STEP	2025-11-14T14:42:08.7518516Z Get:11 http://azure.archive.ubuntu.com/ubuntu noble-updates/universe amd64 Components [378 kB]
Test OLM installation	UNKNOWN STEP	2025-11-14T14:42:08.7548706Z Get:12 http://azure.archive.ubuntu.com/ubuntu noble-updates/universe amd64 c-n-f Metadata [31.4 kB]
Test OLM installation	UNKNOWN STEP	2025-11-14T14:42:08.7560114Z Get:13 http://azure.archive.ubuntu.com/ubuntu noble-updates/restricted amd64 Components [212 B]
Test OLM installation	UNKNOWN STEP	2025-11-14T14:42:08.7571784Z Get:14 http://azure.archive.ubuntu.com/ubuntu noble-updates/multiverse amd64 Components [940 B]
Test OLM installation	UNKNOWN STEP	2025-11-14T14:42:08.7689115Z Get:15 http://azure.archive.ubuntu.com/ubuntu noble-backports/main amd64 Components [7148 B]
Test OLM installation	UNKNOWN STEP	2025-11-14T14:42:08.8175753Z Get:16 http://azure.archive.ubuntu.com/ubuntu noble-backports/universe amd64 Components [11.0 kB]
Test OLM installation	UNKNOWN STEP	2025-11-14T14:42:08.8177673Z Get:17 http://azure.archive.ubuntu.com/ubuntu noble-backports/restricted amd64 Components [216 B]
Test OLM installation	UNKNOWN STEP	2025-11-14T14:42:08.8179914Z Get:18 http://azure.archive.ubuntu.com/ubuntu noble-backports/multiverse amd64 Components [212 B]
Test OLM installation	UNKNOWN STEP	2025-11-14T14:42:08.8191322Z Get:19 http://azure.archive.ubuntu.com/ubuntu noble-security/main amd64 Packages [1309 kB]
Test OLM installation	UNKNOWN STEP	2025-11-14T14:42:08.8209687Z Hit:29 https://packages.microsoft.com/repos/azure-cli noble InRelease
Test OLM installation	UNKNOWN STEP	2025-11-14T14:42:08.8270892Z Get:20 http://azure.archive.ubuntu.com/ubuntu noble-security/main Translation-en [215 kB]
Test OLM installation	UNKNOWN STEP	2025-11-14T14:42:08.8288898Z Get:21 http://azure.archive.ubuntu.com/ubuntu noble-security/main amd64 Components [21.5 kB]
Test OLM installation	UNKNOWN STEP	2025-11-14T14:42:08.8299145Z Get:22 http://azure.archive.ubuntu.com/ubuntu noble-security/main amd64 c-n-f Metadata [9416 B]
Test OLM installation	UNKNOWN STEP	2025-11-14T14:42:08.8309212Z Get:23 http://azure.archive.ubuntu.com/ubuntu noble-security/universe amd64 Packages [908 kB]
Test OLM installation	UNKNOWN STEP	2025-11-14T14:42:08.8361691Z Get:24 http://azure.archive.ubuntu.com/ubuntu noble-security/universe Translation-en [204 kB]
Test OLM installation	UNKNOWN STEP	2025-11-14T14:42:08.8386708Z Get:25 http://azure.archive.ubuntu.com/ubuntu noble-security/universe amd64 Components [52.3 kB]
Test OLM installation	UNKNOWN STEP	2025-11-14T14:42:08.8396280Z Get:30 https://packages.microsoft.com/ubuntu/24.04/prod noble InRelease [3600 B]
Test OLM installation	UNKNOWN STEP	2025-11-14T14:42:08.8497732Z Get:26 http://azure.archive.ubuntu.com/ubuntu noble-security/universe amd64 c-n-f Metadata [19.4 kB]
Test OLM installation	UNKNOWN STEP	2025-11-14T14:42:08.8499703Z Get:27 http://azure.archive.ubuntu.com/ubuntu noble-security/restricted amd64 Components [212 B]
Test OLM installation	UNKNOWN STEP	2025-11-14T14:42:08.8501599Z Get:28 http://azure.archive.ubuntu.com/ubuntu noble-security/multiverse amd64 Components [212 B]
Test OLM installation	UNKNOWN STEP	2025-11-14T14:42:09.1193452Z Get:31 https://packages.microsoft.com/ubuntu/24.04/prod noble/main armhf Packages [11.2 kB]
Test OLM installation	UNKNOWN STEP	2025-11-14T14:42:09.1318882Z Get:32 https://packages.microsoft.com/ubuntu/24.04/prod noble/main arm64 Packages [50.2 kB]
Test OLM installation	UNKNOWN STEP	2025-11-14T14:42:09.1422645Z Get:33 https://packages.microsoft.com/ubuntu/24.04/prod noble/main amd64 Packages [67.3 kB]
Test OLM installation	UNKNOWN STEP	2025-11-14T14:42:22.6624274Z Fetched 7256 kB in 1s (7005 kB/s)
Test OLM installation	UNKNOWN STEP	2025-11-14T14:42:23.3865924Z Reading package lists...
Test OLM installation	UNKNOWN STEP	2025-11-14T14:42:23.5394702Z Building dependency tree...
Test OLM installation	UNKNOWN STEP	2025-11-14T14:42:23.5401212Z Reading state information...
Test OLM installation	UNKNOWN STEP	2025-11-14T14:42:23.5538890Z 28 packages can be upgraded. Run 'apt list --upgradable' to see them.
Test OLM installation	UNKNOWN STEP	2025-11-14T14:42:23.5871322Z Reading package lists...
Test OLM installation	UNKNOWN STEP	2025-11-14T14:42:23.7448631Z Building dependency tree...
Test OLM installation	UNKNOWN STEP	2025-11-14T14:42:23.7455823Z Reading state information...
Test OLM installation	UNKNOWN STEP	2025-11-14T14:42:23.9167409Z The following NEW packages will be installed:
Test OLM installation	UNKNOWN STEP	2025-11-14T14:42:23.9173408Z   conntrack
Test OLM installation	UNKNOWN STEP	2025-11-14T14:42:23.9343067Z 0 upgraded, 1 newly installed, 0 to remove and 28 not upgraded.
Test OLM installation	UNKNOWN STEP	2025-11-14T14:42:23.9343658Z Need to get 37.9 kB of archives.
Test OLM installation	UNKNOWN STEP	2025-11-14T14:42:23.9344006Z After this operation, 119 kB of additional disk space will be used.
Test OLM installation	UNKNOWN STEP	2025-11-14T14:42:23.9344418Z Get:1 file:/etc/apt/apt-mirrors.txt Mirrorlist [144 B]
Test OLM installation	UNKNOWN STEP	2025-11-14T14:42:23.9867892Z Get:2 http://azure.archive.ubuntu.com/ubuntu noble/main amd64 conntrack amd64 1:1.4.8-1ubuntu1 [37.9 kB]
Test OLM installation	UNKNOWN STEP	2025-11-14T14:42:24.2500575Z Fetched 37.9 kB in 0s (595 kB/s)
Test OLM installation	UNKNOWN STEP	2025-11-14T14:42:24.3298607Z Selecting previously unselected package conntrack.
Test OLM installation	UNKNOWN STEP	2025-11-14T14:42:24.4278216Z (Reading database ... 
Test OLM installation	UNKNOWN STEP	2025-11-14T14:42:24.4278869Z (Reading database ... 5%
Test OLM installation	UNKNOWN STEP	2025-11-14T14:42:24.4279201Z (Reading database ... 10%
Test OLM installation	UNKNOWN STEP	2025-11-14T14:42:24.4279483Z (Reading database ... 15%
Test OLM installation	UNKNOWN STEP	2025-11-14T14:42:24.4279759Z (Reading database ... 20%
Test OLM installation	UNKNOWN STEP	2025-11-14T14:42:24.4280018Z (Reading database ... 25%
Test OLM installation	UNKNOWN STEP	2025-11-14T14:42:24.4280283Z (Reading database ... 30%
Test OLM installation	UNKNOWN STEP	2025-11-14T14:42:24.4280540Z (Reading database ... 35%
Test OLM installation	UNKNOWN STEP	2025-11-14T14:42:24.4280804Z (Reading database ... 40%
Test OLM installation	UNKNOWN STEP	2025-11-14T14:42:24.4281063Z (Reading database ... 45%
Test OLM installation	UNKNOWN STEP	2025-11-14T14:42:24.4281338Z (Reading database ... 50%
Test OLM installation	UNKNOWN STEP	2025-11-14T14:42:24.5807497Z (Reading database ... 55%
Test OLM installation	UNKNOWN STEP	2025-11-14T14:42:25.0855665Z (Reading database ... 60%
Test OLM installation	UNKNOWN STEP	2025-11-14T14:42:25.3111523Z (Reading database ... 65%
Test OLM installation	UNKNOWN STEP	2025-11-14T14:42:25.4760419Z (Reading database ... 70%
Test OLM installation	UNKNOWN STEP	2025-11-14T14:42:25.6032784Z (Reading database ... 75%
Test OLM installation	UNKNOWN STEP	2025-11-14T14:42:26.3770084Z (Reading database ... 80%
Test OLM installation	UNKNOWN STEP	2025-11-14T14:42:27.3988041Z (Reading database ... 85%
Test OLM installation	UNKNOWN STEP	2025-11-14T14:42:28.3804207Z (Reading database ... 90%
Test OLM installation	UNKNOWN STEP	2025-11-14T14:42:29.3282363Z (Reading database ... 95%
Test OLM installation	UNKNOWN STEP	2025-11-14T14:42:29.3282758Z (Reading database ... 100%
Test OLM installation	UNKNOWN STEP	2025-11-14T14:42:29.3283212Z (Reading database ... 216225 files and directories currently installed.)
Test OLM installation	UNKNOWN STEP	2025-11-14T14:42:29.3327095Z Preparing to unpack .../conntrack_1%3a1.4.8-1ubuntu1_amd64.deb ...
Test OLM installation	UNKNOWN STEP	2025-11-14T14:42:29.3362863Z Unpacking conntrack (1:1.4.8-1ubuntu1) ...
Test OLM installation	UNKNOWN STEP	2025-11-14T14:42:29.4297120Z Setting up conntrack (1:1.4.8-1ubuntu1) ...
Test OLM installation	UNKNOWN STEP	2025-11-14T14:42:29.4347065Z Processing triggers for man-db (2.12.0-4build2) ...
Test OLM installation	UNKNOWN STEP	2025-11-14T14:42:29.4599446Z Not building database; man-db/auto-update is not 'true'.
Test OLM installation	UNKNOWN STEP	2025-11-14T14:42:30.8960028Z 
Test OLM installation	UNKNOWN STEP	2025-11-14T14:42:30.8960823Z Running kernel seems to be up-to-date.
Test OLM installation	UNKNOWN STEP	2025-11-14T14:42:30.8961109Z 
Test OLM installation	UNKNOWN STEP	2025-11-14T14:42:30.8961216Z No services need to be restarted.
Test OLM installation	UNKNOWN STEP	2025-11-14T14:42:30.8961406Z 
Test OLM installation	UNKNOWN STEP	2025-11-14T14:42:30.8961509Z No containers need to be restarted.
Test OLM installation	UNKNOWN STEP	2025-11-14T14:42:30.8961687Z 
Test OLM installation	UNKNOWN STEP	2025-11-14T14:42:30.8961813Z No user sessions are running outdated binaries.
Test OLM installation	UNKNOWN STEP	2025-11-14T14:42:30.8962023Z 
Test OLM installation	UNKNOWN STEP	2025-11-14T14:42:30.8962222Z No VM guests are running outdated hypervisor (qemu) binaries on this host.
Test OLM installation	UNKNOWN STEP	2025-11-14T14:42:31.7478729Z fs.protected_regular = 0
Test OLM installation	UNKNOWN STEP	2025-11-14T14:42:31.7488997Z Waiting for Docker to be ready
Test OLM installation	UNKNOWN STEP	2025-11-14T14:42:33.5402593Z 28.0.4 - 28.0.4
Test OLM installation	UNKNOWN STEP	2025-11-14T14:42:33.5421601Z Docker daemon is ready
Test OLM installation	UNKNOWN STEP	2025-11-14T14:42:33.5425663Z Downloading Minikube  v1.37.0
Test OLM installation	UNKNOWN STEP	2025-11-14T14:42:33.8776472Z Downloading from: https://github.com/kubernetes/minikube/releases/download/v1.37.0/minikube-linux-amd64
Test OLM installation	UNKNOWN STEP	2025-11-14T14:42:34.9335671Z Installing Minikube
Test OLM installation	UNKNOWN STEP	2025-11-14T14:42:34.9715620Z * minikube v1.37.0 on Ubuntu 24.04
Test OLM installation	UNKNOWN STEP	2025-11-14T14:42:34.9730195Z   - MINIKUBE_VERSION=v1.37.0
Test OLM installation	UNKNOWN STEP	2025-11-14T14:42:34.9739103Z   - MINIKUBE_MEMORY=4096
Test OLM installation	UNKNOWN STEP	2025-11-14T14:42:34.9744973Z   - MINIKUBE_HOME=/home/runner/work/_temp
Test OLM installation	UNKNOWN STEP	2025-11-14T14:42:38.7716977Z * Using the docker driver based on user configuration
Test OLM installation	UNKNOWN STEP	2025-11-14T14:42:38.8394065Z * Using Docker driver with root privileges
Test OLM installation	UNKNOWN STEP	2025-11-14T14:42:38.8405453Z * Starting "minikube" primary control-plane node in "minikube" cluster
Test OLM installation	UNKNOWN STEP	2025-11-14T14:42:38.8413969Z * Pulling base image v0.0.48 ...
Test OLM installation	UNKNOWN STEP	2025-11-14T14:42:38.8877957Z * Downloading Kubernetes v1.32.9 preload ...
Test OLM installation	UNKNOWN STEP	2025-11-14T14:43:20.0338689Z * Configuring bridge CNI (Container Networking Interface) ...
Test OLM installation	UNKNOWN STEP	2025-11-14T14:43:20.1459490Z * Verifying Kubernetes components...
Test OLM installation	UNKNOWN STEP	2025-11-14T14:43:20.1817934Z   - Using image gcr.io/k8s-minikube/kube-registry-proxy:0.0.9
Test OLM installation	UNKNOWN STEP	2025-11-14T14:43:20.1827177Z   - Using image docker.io/registry:3.0.0
Test OLM installation	UNKNOWN STEP	2025-11-14T14:43:20.1845445Z   - Using image gcr.io/k8s-minikube/storage-provisioner:v5
Test OLM installation	UNKNOWN STEP	2025-11-14T14:43:20.8171219Z * Verifying registry addon...
Test OLM installation	UNKNOWN STEP	2025-11-14T14:43:29.8225430Z * Enabled addons: storage-provisioner, default-storageclass, registry
Test OLM installation	UNKNOWN STEP	2025-11-14T14:43:32.9974630Z 
Test OLM installation	UNKNOWN STEP	2025-11-14T14:43:32.9983153Z     > gcr.io/k8s-minikube/kicbase...:  1.61 KiB / 488.52 MiB [>_] 0.00% ? p/s ?    > gcr.io/k8s-minikube/kicbase...:  593.69 KiB / 488.52 MiB [] 0.12% ? p/s ?    > gcr.io/k8s-minikube/kicbase...:  27.02 MiB / 488.52 MiB [>] 5.53% ? p/s ?    > gcr.io/k8s-minikube/kicbase...:  53.92 MiB / 488.52 MiB  11.04% 89.91 MiB    > gcr.io/k8s-minikube/kicbase...:  87.06 MiB / 488.52 MiB  17.82% 89.91 MiB    > gcr.io/k8s-minikube/kicbase...:  110.31 MiB / 488.52 MiB  22.58% 89.91 Mi    > gcr.io/k8s-minikube/kicbase...:  146.75 MiB / 488.52 MiB  30.04% 94.09 Mi    > gcr.io/k8s-minikube/kicbase...:  175.06 MiB / 488.52 MiB  35.84% 94.09 Mi    > gcr.io/k8s-minikube/kicbase...:  214.35 MiB / 488.52 MiB  43.88% 94.09 Mi    > gcr.io/k8s-minikube/kicbase...:  240.64 MiB / 488.52 MiB  49.26% 98.12 Mi    > gcr.io/k8s-minikube/kicbase...:  279.63 MiB / 488.52 MiB  57.24% 98.12 Mi    > gcr.io/k8s-minikube/kicbase...:  320.64 MiB / 488.52 MiB  65.64% 98.12 Mi    > gcr.io/k8s-minikube/kicbase...:  353.41 MiB / 488.52 MiB  72.34% 103.91 M    > gcr.io/k8s-minikube/kicbase...:  392.17 MiB / 488.52 MiB  80.28% 103.91 M    > gcr.io/k8s-minikube/kicbase...:  431.03 MiB / 488.52 MiB  88.23% 103.91 M    > gcr.io/k8s-minikube/kicbase...:  469.86 MiB / 488.52 MiB  96.18% 109.73 M    > gcr.io/k8s-minikube/kicbase...:  488.51 MiB / 488.52 MiB  100.00% 157.76 ! /usr/bin/kubectl is version 1.34.2, which may have incompatibilities with Kubernetes 1.32.9.
Test OLM installation	UNKNOWN STEP	2025-11-14T14:43:32.9988747Z   - Want kubectl v1.32.9? Try 'minikube kubectl -- get pods -A'
Test OLM installation	UNKNOWN STEP	2025-11-14T14:43:32.9989554Z * Done! kubectl is now configured to use "minikube" cluster and "default" namespace by default
Test OLM installation	UNKNOWN STEP	2025-11-14T14:43:33.0773644Z minikube version: v1.37.0commit: 65318f4cfff9c12cc87ec9eb8f4cdd57b25047f3 installed successfully
Test OLM installation	UNKNOWN STEP	2025-11-14T14:43:33.0898961Z ##[group]Run redhat-actions/openshift-tools-installer@144527c7d98999f2652264c048c7a9bd103f8a82
Test OLM installation	UNKNOWN STEP	2025-11-14T14:43:33.0899422Z with:
Test OLM installation	UNKNOWN STEP	2025-11-14T14:43:33.0899588Z   source: github
Test OLM installation	UNKNOWN STEP	2025-11-14T14:43:33.0899757Z   opm: 1.21.0
Test OLM installation	UNKNOWN STEP	2025-11-14T14:43:33.0900099Z   github_pat: ***
Test OLM installation	UNKNOWN STEP	2025-11-14T14:43:33.0900281Z   skip_cache: false
Test OLM installation	UNKNOWN STEP	2025-11-14T14:43:33.0900453Z env:
Test OLM installation	UNKNOWN STEP	2025-11-14T14:43:33.0900699Z   MAVEN_ARGS: -B -nsu -Daether.connector.http.connectionMaxTtl=25
Test OLM installation	UNKNOWN STEP	2025-11-14T14:43:33.0901021Z   MINIKUBE_VERSION: v1.37.0
Test OLM installation	UNKNOWN STEP	2025-11-14T14:43:33.0901425Z   KUBERNETES_VERSION: v1.32.9
Test OLM installation	UNKNOWN STEP	2025-11-14T14:43:33.0901628Z   MINIKUBE_MEMORY: 4096
Test OLM installation	UNKNOWN STEP	2025-11-14T14:43:33.0901920Z   JAVA_HOME: /opt/hostedtoolcache/Java_Temurin-Hotspot_jdk/21.0.9-10/x64
Test OLM installation	UNKNOWN STEP	2025-11-14T14:43:33.0902346Z   JAVA_HOME_21_X64: /opt/hostedtoolcache/Java_Temurin-Hotspot_jdk/21.0.9-10/x64
Test OLM installation	UNKNOWN STEP	2025-11-14T14:43:33.0902692Z   MINIKUBE_HOME: /home/runner/work/_temp
Test OLM installation	UNKNOWN STEP	2025-11-14T14:43:33.0902915Z ##[endgroup]
Test OLM installation	UNKNOWN STEP	2025-11-14T14:43:33.2519707Z Installing opm matching version "1.21.0"
Test OLM installation	UNKNOWN STEP	2025-11-14T14:43:33.2539244Z â„¹ï¸ Tools will be installed from "github".
Test OLM installation	UNKNOWN STEP	2025-11-14T14:43:33.2541099Z 
Test OLM installation	UNKNOWN STEP	2025-11-14T14:43:33.2541874Z ðŸ”Ž Searching for a version of opm satisfying the range "1.21.0" that was input as "1.21.0"
Test OLM installation	UNKNOWN STEP	2025-11-14T14:43:35.2942811Z Max opm version satisfying 1.21.0 is 1.21.0
Test OLM installation	UNKNOWN STEP	2025-11-14T14:43:35.2944062Z Download path of opm is https://github.com/operator-framework/operator-registry/releases
Test OLM installation	UNKNOWN STEP	2025-11-14T14:43:35.5263070Z Current operating system is linux
Test OLM installation	UNKNOWN STEP	2025-11-14T14:43:35.5264588Z Current architecture is amd64
Test OLM installation	UNKNOWN STEP	2025-11-14T14:43:35.5265587Z Selecting linux-amd64-opm
Test OLM installation	UNKNOWN STEP	2025-11-14T14:43:35.5270696Z Using temporary directory for storage
Test OLM installation	UNKNOWN STEP	2025-11-14T14:43:35.5276766Z ðŸ“ CLIs will be downloaded to /home/runner/work/_temp/openshift-bin
Test OLM installation	UNKNOWN STEP	2025-11-14T14:43:35.5280592Z Added /home/runner/work/_temp/openshift-bin to PATH
Test OLM installation	UNKNOWN STEP	2025-11-14T14:43:35.5281149Z Checking the cache for opm v1.21.0...
Test OLM installation	UNKNOWN STEP	2025-11-14T14:43:35.6066531Z ##[warning]Failed to check cache for opm v1.21.0: Error: Cache service responded with 400
Test OLM installation	UNKNOWN STEP	2025-11-14T14:43:35.8001412Z â¬‡ï¸ Downloading 45.03MB https://github.com/operator-framework/operator-registry/releases/download/v1.21.0/linux-amd64-opm ...
Test OLM installation	UNKNOWN STEP	2025-11-14T14:43:36.2839623Z Downloaded linux-amd64-opm in 0.5s
Test OLM installation	UNKNOWN STEP	2025-11-14T14:43:36.2840346Z Download path of opm is https://github.com/operator-framework/operator-registry/releases
Test OLM installation	UNKNOWN STEP	2025-11-14T14:43:36.5008900Z â¬‡ï¸ Downloading hash file https://github.com/operator-framework/operator-registry/releases/download/v1.21.0/checksums.txt
Test OLM installation	UNKNOWN STEP	2025-11-14T14:43:36.8330205Z sha256 verification of linux-amd64-opm succeeded.
Test OLM installation	UNKNOWN STEP	2025-11-14T14:43:36.8355228Z opm installed into /home/runner/work/_temp/openshift-bin/opm
Test OLM installation	UNKNOWN STEP	2025-11-14T14:43:36.8381133Z [command]/home/runner/work/_temp/openshift-bin/opm version
Test OLM installation	UNKNOWN STEP	2025-11-14T14:43:36.8569206Z Version: version.Version{OpmVersion:"v1.21.0", GitCommit:"9999f796", BuildDate:"2022-03-03T21:23:12Z", GoOs:"linux", GoArch:"amd64"}
Test OLM installation	UNKNOWN STEP	2025-11-14T14:43:36.8588981Z ðŸ’¾ Saving opm v1.21.0 into the cache
Test OLM installation	UNKNOWN STEP	2025-11-14T14:43:36.8704872Z ##[warning]Failed to cache opm v1.21.0: ReserveCacheError: Unable to reserve cache with key opm_v1.21.0_linux_amd64_github, another job may be creating this cache.
Test OLM installation	UNKNOWN STEP	2025-11-14T14:43:36.8706837Z âœ… Successfully installed opm v1.21.0.
Test OLM installation	UNKNOWN STEP	2025-11-14T14:43:36.8707033Z 
Test OLM installation	UNKNOWN STEP	2025-11-14T14:43:36.8707170Z âœ… Successfully installed 1/1 client:
Test OLM installation	UNKNOWN STEP	2025-11-14T14:43:36.8707421Z   - opm v1.21.0
Test OLM installation	UNKNOWN STEP	2025-11-14T14:43:36.8726772Z Wrote out installed versions to /home/runner/work/_temp/openshift-bin/openshift-clients-installed.json
Test OLM installation	UNKNOWN STEP	2025-11-14T14:43:36.8872952Z ##[group]Run redhat-actions/openshift-tools-installer@144527c7d98999f2652264c048c7a9bd103f8a82
Test OLM installation	UNKNOWN STEP	2025-11-14T14:43:36.8873408Z with:
Test OLM installation	UNKNOWN STEP	2025-11-14T14:43:36.8873561Z   oc: 4
Test OLM installation	UNKNOWN STEP	2025-11-14T14:43:36.8873824Z   github_pat: ***
Test OLM installation	UNKNOWN STEP	2025-11-14T14:43:36.8874008Z   source: mirror
Test OLM installation	UNKNOWN STEP	2025-11-14T14:43:36.8874176Z   skip_cache: false
Test OLM installation	UNKNOWN STEP	2025-11-14T14:43:36.8874347Z env:
Test OLM installation	UNKNOWN STEP	2025-11-14T14:43:36.8874591Z   MAVEN_ARGS: -B -nsu -Daether.connector.http.connectionMaxTtl=25
Test OLM installation	UNKNOWN STEP	2025-11-14T14:43:36.8874912Z   MINIKUBE_VERSION: v1.37.0
Test OLM installation	UNKNOWN STEP	2025-11-14T14:43:36.8875116Z   KUBERNETES_VERSION: v1.32.9
Test OLM installation	UNKNOWN STEP	2025-11-14T14:43:36.8875321Z   MINIKUBE_MEMORY: 4096
Test OLM installation	UNKNOWN STEP	2025-11-14T14:43:36.8875607Z   JAVA_HOME: /opt/hostedtoolcache/Java_Temurin-Hotspot_jdk/21.0.9-10/x64
Test OLM installation	UNKNOWN STEP	2025-11-14T14:43:36.8876037Z   JAVA_HOME_21_X64: /opt/hostedtoolcache/Java_Temurin-Hotspot_jdk/21.0.9-10/x64
Test OLM installation	UNKNOWN STEP	2025-11-14T14:43:36.8876388Z   MINIKUBE_HOME: /home/runner/work/_temp
Test OLM installation	UNKNOWN STEP	2025-11-14T14:43:36.8876608Z ##[endgroup]
Test OLM installation	UNKNOWN STEP	2025-11-14T14:43:37.0497076Z Installing oc matching version "4"
Test OLM installation	UNKNOWN STEP	2025-11-14T14:43:37.0517871Z â„¹ï¸ Tools will be installed from "mirror".
Test OLM installation	UNKNOWN STEP	2025-11-14T14:43:37.0519630Z 
Test OLM installation	UNKNOWN STEP	2025-11-14T14:43:37.0520299Z ðŸ”Ž Searching for a version of oc satisfying the range ">=4.0.0 <5.0.0-0" that was input as "4"
Test OLM installation	UNKNOWN STEP	2025-11-14T14:43:37.0526375Z Download directory for oc is https://mirror.openshift.com/pub/openshift-v4/clients/ocp/
Test OLM installation	UNKNOWN STEP	2025-11-14T14:43:38.6236879Z Max oc version satisfying >=4.0.0 <5.0.0-0 is 4.20.4
Test OLM installation	UNKNOWN STEP	2025-11-14T14:43:39.3300088Z Current operating system is linux
Test OLM installation	UNKNOWN STEP	2025-11-14T14:43:39.3317215Z ##[warning]Multiple files were found for oc that matched the current OS and architecture: openshift-client-linux-4.20.4.tar.gz, openshift-client-linux-amd64-rhel8-4.20.4.tar.gz, openshift-client-linux-amd64-rhel9-4.20.4.tar.gz, openshift-client-linux-arm64-4.20.4.tar.gz, openshift-client-linux-arm64-rhel8-4.20.4.tar.gz, openshift-client-linux-arm64-rhel9-4.20.4.tar.gz, openshift-client-linux-ppc64le-4.20.4.tar.gz, openshift-client-linux-ppc64le-rhel8-4.20.4.tar.gz, openshift-client-linux-ppc64le-rhel9-4.20.4.tar.gz, openshift-client-linux-s390x-rhel8-4.20.4.tar.gz, openshift-client-linux-s390x-rhel9-4.20.4.tar.gz. Selecting the first one.
Test OLM installation	UNKNOWN STEP	2025-11-14T14:43:39.3323486Z Selecting openshift-client-linux-4.20.4.tar.gz
Test OLM installation	UNKNOWN STEP	2025-11-14T14:43:39.3324294Z Using temporary directory for storage
Test OLM installation	UNKNOWN STEP	2025-11-14T14:43:39.3325195Z ðŸ“ CLIs will be downloaded to /home/runner/work/_temp/openshift-bin
Test OLM installation	UNKNOWN STEP	2025-11-14T14:43:39.3325823Z Added /home/runner/work/_temp/openshift-bin to PATH
Test OLM installation	UNKNOWN STEP	2025-11-14T14:43:39.3326325Z Checking the cache for oc 4.20.4...
Test OLM installation	UNKNOWN STEP	2025-11-14T14:43:39.3336193Z Current architecture is amd64
Test OLM installation	UNKNOWN STEP	2025-11-14T14:43:39.3708503Z ##[warning]Failed to check cache for oc 4.20.4: Error: Cache service responded with 400
Test OLM installation	UNKNOWN STEP	2025-11-14T14:43:39.6278531Z â¬‡ï¸ Downloading 73.18MB https://mirror.openshift.com/pub/openshift-v4/clients/ocp/4.20.4/openshift-client-linux-4.20.4.tar.gz ...
Test OLM installation	UNKNOWN STEP	2025-11-14T14:43:40.8439611Z Downloaded openshift-client-linux-4.20.4.tar.gz in 1.2s
Test OLM installation	UNKNOWN STEP	2025-11-14T14:43:41.4363461Z â¬‡ï¸ Downloading hash file https://mirror.openshift.com/pub/openshift-v4/clients/ocp/4.20.4/sha256sum.txt
Test OLM installation	UNKNOWN STEP	2025-11-14T14:43:41.8631208Z sha256 verification of openshift-client-linux-4.20.4.tar.gz succeeded.
Test OLM installation	UNKNOWN STEP	2025-11-14T14:43:41.8717677Z [command]/usr/bin/tar xz --warning=no-unknown-keyword --overwrite -C /home/runner/work/_temp/47eb5967-909e-4a21-ae95-017cece7f4c0 -f /home/runner/work/_temp/fe69209a5255c56ba84f2020e49e405d-openshift-client-linux-4.20.4.tar.gz
Test OLM installation	UNKNOWN STEP	2025-11-14T14:43:42.9934451Z Removed /home/runner/work/_temp/fe69209a5255c56ba84f2020e49e405d-openshift-client-linux-4.20.4.tar.gz
Test OLM installation	UNKNOWN STEP	2025-11-14T14:43:42.9998204Z oc installed into /home/runner/work/_temp/openshift-bin/oc
Test OLM installation	UNKNOWN STEP	2025-11-14T14:43:43.0014581Z [command]/home/runner/work/_temp/openshift-bin/oc version --client
Test OLM installation	UNKNOWN STEP	2025-11-14T14:43:43.0691156Z Client Version: 4.20.4
Test OLM installation	UNKNOWN STEP	2025-11-14T14:43:43.0691568Z Kustomize Version: v5.6.0
Test OLM installation	UNKNOWN STEP	2025-11-14T14:43:43.0726858Z ðŸ’¾ Saving oc 4.20.4 into the cache
Test OLM installation	UNKNOWN STEP	2025-11-14T14:43:43.0823994Z ##[warning]Failed to cache oc 4.20.4: ReserveCacheError: Unable to reserve cache with key oc_4.20.4_linux_amd64, another job may be creating this cache.
Test OLM installation	UNKNOWN STEP	2025-11-14T14:43:43.0826139Z âœ… Successfully installed oc 4.20.4.
Test OLM installation	UNKNOWN STEP	2025-11-14T14:43:43.0826402Z 
Test OLM installation	UNKNOWN STEP	2025-11-14T14:43:43.0826605Z âœ… Successfully installed 1/1 client:
Test OLM installation	UNKNOWN STEP	2025-11-14T14:43:43.0826963Z   - oc 4.20.4
Test OLM installation	UNKNOWN STEP	2025-11-14T14:43:43.0835470Z Wrote out installed versions to /home/runner/work/_temp/openshift-bin/openshift-clients-installed.json
Test OLM installation	UNKNOWN STEP	2025-11-14T14:43:43.0997897Z ##[group]Run sudo snap install yq
Test OLM installation	UNKNOWN STEP	2025-11-14T14:43:43.0998223Z [36;1msudo snap install yq[0m
Test OLM installation	UNKNOWN STEP	2025-11-14T14:43:43.1034329Z shell: /usr/bin/bash --noprofile --norc -e -o pipefail {0}
Test OLM installation	UNKNOWN STEP	2025-11-14T14:43:43.1034641Z env:
Test OLM installation	UNKNOWN STEP	2025-11-14T14:43:43.1034913Z   MAVEN_ARGS: -B -nsu -Daether.connector.http.connectionMaxTtl=25
Test OLM installation	UNKNOWN STEP	2025-11-14T14:43:43.1035257Z   MINIKUBE_VERSION: v1.37.0
Test OLM installation	UNKNOWN STEP	2025-11-14T14:43:43.1035486Z   KUBERNETES_VERSION: v1.32.9
Test OLM installation	UNKNOWN STEP	2025-11-14T14:43:43.1035701Z   MINIKUBE_MEMORY: 4096
Test OLM installation	UNKNOWN STEP	2025-11-14T14:43:43.1035996Z   JAVA_HOME: /opt/hostedtoolcache/Java_Temurin-Hotspot_jdk/21.0.9-10/x64
Test OLM installation	UNKNOWN STEP	2025-11-14T14:43:43.1036455Z   JAVA_HOME_21_X64: /opt/hostedtoolcache/Java_Temurin-Hotspot_jdk/21.0.9-10/x64
Test OLM installation	UNKNOWN STEP	2025-11-14T14:43:43.1037036Z   MINIKUBE_HOME: /home/runner/work/_temp
Test OLM installation	UNKNOWN STEP	2025-11-14T14:43:43.1037276Z ##[endgroup]
Test OLM installation	UNKNOWN STEP	2025-11-14T14:43:47.4951817Z 2025-11-14T14:43:47Z INFO Waiting for automatic snapd restart...
Test OLM installation	UNKNOWN STEP	2025-11-14T14:44:00.2807182Z yq v4.46.1 from Mike Farah (mikefarah) installed
Test OLM installation	UNKNOWN STEP	2025-11-14T14:44:00.2865212Z ##[group]Run ./scripts/install-olm.sh
Test OLM installation	UNKNOWN STEP	2025-11-14T14:44:00.2865531Z [36;1m./scripts/install-olm.sh[0m
Test OLM installation	UNKNOWN STEP	2025-11-14T14:44:00.2899423Z shell: /usr/bin/bash --noprofile --norc -e -o pipefail {0}
Test OLM installation	UNKNOWN STEP	2025-11-14T14:44:00.2899734Z env:
Test OLM installation	UNKNOWN STEP	2025-11-14T14:44:00.2899997Z   MAVEN_ARGS: -B -nsu -Daether.connector.http.connectionMaxTtl=25
Test OLM installation	UNKNOWN STEP	2025-11-14T14:44:00.2900322Z   MINIKUBE_VERSION: v1.37.0
Test OLM installation	UNKNOWN STEP	2025-11-14T14:44:00.2900545Z   KUBERNETES_VERSION: v1.32.9
Test OLM installation	UNKNOWN STEP	2025-11-14T14:44:00.2900757Z   MINIKUBE_MEMORY: 4096
Test OLM installation	UNKNOWN STEP	2025-11-14T14:44:00.2901057Z   JAVA_HOME: /opt/hostedtoolcache/Java_Temurin-Hotspot_jdk/21.0.9-10/x64
Test OLM installation	UNKNOWN STEP	2025-11-14T14:44:00.2901499Z   JAVA_HOME_21_X64: /opt/hostedtoolcache/Java_Temurin-Hotspot_jdk/21.0.9-10/x64
Test OLM installation	UNKNOWN STEP	2025-11-14T14:44:00.2901887Z   MINIKUBE_HOME: /home/runner/work/_temp
Test OLM installation	UNKNOWN STEP	2025-11-14T14:44:00.2902265Z ##[endgroup]
Test OLM installation	UNKNOWN STEP	2025-11-14T14:44:00.2965832Z + mkdir -p /tmp/olm/
Test OLM installation	UNKNOWN STEP	2025-11-14T14:44:00.2980328Z + curl -f -L https://github.com/operator-framework/operator-lifecycle-manager/releases/download/v0.26.0/install.sh -o /tmp/olm/install.sh
Test OLM installation	UNKNOWN STEP	2025-11-14T14:44:00.3047095Z   % Total    % Received % Xferd  Average Speed   Time    Time     Time  Current
Test OLM installation	UNKNOWN STEP	2025-11-14T14:44:00.3047744Z                                  Dload  Upload   Total   Spent    Left  Speed
Test OLM installation	UNKNOWN STEP	2025-11-14T14:44:00.3048095Z 
Test OLM installation	UNKNOWN STEP	2025-11-14T14:44:00.4925679Z   0     0    0     0    0     0      0      0 --:--:-- --:--:-- --:--:--     0
Test OLM installation	UNKNOWN STEP	2025-11-14T14:44:00.4926503Z   0     0    0     0    0     0      0      0 --:--:-- --:--:-- --:--:--     0
Test OLM installation	UNKNOWN STEP	2025-11-14T14:44:00.4927338Z   0     0    0     0    0     0      0      0 --:--:-- --:--:-- --:--:--     0
Test OLM installation	UNKNOWN STEP	2025-11-14T14:44:00.5487831Z 
Test OLM installation	UNKNOWN STEP	2025-11-14T14:44:00.5488596Z 100  1886  100  1886    0     0   7722      0 --:--:-- --:--:-- --:--:--  7722
Test OLM installation	UNKNOWN STEP	2025-11-14T14:44:00.5518930Z + chmod +x /tmp/olm/install.sh
Test OLM installation	UNKNOWN STEP	2025-11-14T14:44:00.5531122Z + /tmp/olm/install.sh v0.26.0
Test OLM installation	UNKNOWN STEP	2025-11-14T14:44:01.1465333Z customresourcedefinition.apiextensions.k8s.io/catalogsources.operators.coreos.com created
Test OLM installation	UNKNOWN STEP	2025-11-14T14:44:01.2739949Z customresourcedefinition.apiextensions.k8s.io/clusterserviceversions.operators.coreos.com created
Test OLM installation	UNKNOWN STEP	2025-11-14T14:44:01.2923139Z customresourcedefinition.apiextensions.k8s.io/installplans.operators.coreos.com created
Test OLM installation	UNKNOWN STEP	2025-11-14T14:44:01.3023395Z customresourcedefinition.apiextensions.k8s.io/olmconfigs.operators.coreos.com created
Test OLM installation	UNKNOWN STEP	2025-11-14T14:44:01.3229033Z customresourcedefinition.apiextensions.k8s.io/operatorconditions.operators.coreos.com created
Test OLM installation	UNKNOWN STEP	2025-11-14T14:44:01.3334310Z customresourcedefinition.apiextensions.k8s.io/operatorgroups.operators.coreos.com created
Test OLM installation	UNKNOWN STEP	2025-11-14T14:44:01.3394895Z customresourcedefinition.apiextensions.k8s.io/operators.operators.coreos.com created
Test OLM installation	UNKNOWN STEP	2025-11-14T14:44:01.3780675Z customresourcedefinition.apiextensions.k8s.io/subscriptions.operators.coreos.com created
Test OLM installation	UNKNOWN STEP	2025-11-14T14:44:01.7697267Z customresourcedefinition.apiextensions.k8s.io/catalogsources.operators.coreos.com condition met
Test OLM installation	UNKNOWN STEP	2025-11-14T14:44:01.9291909Z customresourcedefinition.apiextensions.k8s.io/clusterserviceversions.operators.coreos.com condition met
Test OLM installation	UNKNOWN STEP	2025-11-14T14:44:02.0340410Z customresourcedefinition.apiextensions.k8s.io/installplans.operators.coreos.com condition met
Test OLM installation	UNKNOWN STEP	2025-11-14T14:44:02.1373801Z customresourcedefinition.apiextensions.k8s.io/olmconfigs.operators.coreos.com condition met
Test OLM installation	UNKNOWN STEP	2025-11-14T14:44:02.2460132Z customresourcedefinition.apiextensions.k8s.io/operatorconditions.operators.coreos.com condition met
Test OLM installation	UNKNOWN STEP	2025-11-14T14:44:02.3515703Z customresourcedefinition.apiextensions.k8s.io/operatorgroups.operators.coreos.com condition met
Test OLM installation	UNKNOWN STEP	2025-11-14T14:44:02.4568696Z customresourcedefinition.apiextensions.k8s.io/operators.operators.coreos.com condition met
Test OLM installation	UNKNOWN STEP	2025-11-14T14:44:02.5777234Z customresourcedefinition.apiextensions.k8s.io/subscriptions.operators.coreos.com condition met
Test OLM installation	UNKNOWN STEP	2025-11-14T14:44:02.9352582Z namespace/olm created
Test OLM installation	UNKNOWN STEP	2025-11-14T14:44:02.9374165Z namespace/operators created
Test OLM installation	UNKNOWN STEP	2025-11-14T14:44:02.9699653Z serviceaccount/olm-operator-serviceaccount created
Test OLM installation	UNKNOWN STEP	2025-11-14T14:44:02.9813413Z clusterrole.rbac.authorization.k8s.io/system:controller:operator-lifecycle-manager created
Test OLM installation	UNKNOWN STEP	2025-11-14T14:44:02.9894254Z clusterrolebinding.rbac.authorization.k8s.io/olm-operator-binding-olm created
Test OLM installation	UNKNOWN STEP	2025-11-14T14:44:03.0117194Z olmconfig.operators.coreos.com/cluster created
Test OLM installation	UNKNOWN STEP	2025-11-14T14:44:03.0369908Z deployment.apps/olm-operator created
Test OLM installation	UNKNOWN STEP	2025-11-14T14:44:03.0427993Z deployment.apps/catalog-operator created
Test OLM installation	UNKNOWN STEP	2025-11-14T14:44:03.0449090Z clusterrole.rbac.authorization.k8s.io/aggregate-olm-edit created
Test OLM installation	UNKNOWN STEP	2025-11-14T14:44:03.0549494Z clusterrole.rbac.authorization.k8s.io/aggregate-olm-view created
Test OLM installation	UNKNOWN STEP	2025-11-14T14:44:03.1073831Z operatorgroup.operators.coreos.com/global-operators created
Test OLM installation	UNKNOWN STEP	2025-11-14T14:44:03.1096915Z operatorgroup.operators.coreos.com/olm-operators created
Test OLM installation	UNKNOWN STEP	2025-11-14T14:44:03.1541034Z clusterserviceversion.operators.coreos.com/packageserver created
Test OLM installation	UNKNOWN STEP	2025-11-14T14:44:03.1794501Z catalogsource.operators.coreos.com/operatorhubio-catalog created
Test OLM installation	UNKNOWN STEP	2025-11-14T14:44:03.2379081Z Waiting for deployment "olm-operator" rollout to finish: 0 of 1 updated replicas are available...
Test OLM installation	UNKNOWN STEP	2025-11-14T14:44:08.6749766Z deployment "olm-operator" successfully rolled out
Test OLM installation	UNKNOWN STEP	2025-11-14T14:44:08.7547061Z deployment "catalog-operator" successfully rolled out
Test OLM installation	UNKNOWN STEP	2025-11-14T14:44:08.8240622Z Package server phase: Installing
Test OLM installation	UNKNOWN STEP	2025-11-14T14:44:28.9542503Z Package server phase: Succeeded
Test OLM installation	UNKNOWN STEP	2025-11-14T14:44:29.0103566Z deployment "packageserver" successfully rolled out
Test OLM installation	UNKNOWN STEP	2025-11-14T14:44:29.0176120Z ##[group]Run actions/download-artifact@634f93cb2916e3fdff6788551b99b062d0335ce0
Test OLM installation	UNKNOWN STEP	2025-11-14T14:44:29.0176503Z with:
Test OLM installation	UNKNOWN STEP	2025-11-14T14:44:29.0176677Z   name: keycloak-dist
Test OLM installation	UNKNOWN STEP	2025-11-14T14:44:29.0176871Z   path: quarkus/container
Test OLM installation	UNKNOWN STEP	2025-11-14T14:44:29.0177080Z   merge-multiple: false
Test OLM installation	UNKNOWN STEP	2025-11-14T14:44:29.0177282Z   repository: keycloak/keycloak
Test OLM installation	UNKNOWN STEP	2025-11-14T14:44:29.0177505Z   run-id: 19367872408
Test OLM installation	UNKNOWN STEP	2025-11-14T14:44:29.0177824Z env:
Test OLM installation	UNKNOWN STEP	2025-11-14T14:44:29.0178133Z   MAVEN_ARGS: -B -nsu -Daether.connector.http.connectionMaxTtl=25
Test OLM installation	UNKNOWN STEP	2025-11-14T14:44:29.0179068Z   MINIKUBE_VERSION: v1.37.0
Test OLM installation	UNKNOWN STEP	2025-11-14T14:44:29.0179285Z   KUBERNETES_VERSION: v1.32.9
Test OLM installation	UNKNOWN STEP	2025-11-14T14:44:29.0179611Z   MINIKUBE_MEMORY: 4096
Test OLM installation	UNKNOWN STEP	2025-11-14T14:44:29.0179961Z   JAVA_HOME: /opt/hostedtoolcache/Java_Temurin-Hotspot_jdk/21.0.9-10/x64
Test OLM installation	UNKNOWN STEP	2025-11-14T14:44:29.0180747Z   JAVA_HOME_21_X64: /opt/hostedtoolcache/Java_Temurin-Hotspot_jdk/21.0.9-10/x64
Test OLM installation	UNKNOWN STEP	2025-11-14T14:44:29.0181419Z   MINIKUBE_HOME: /home/runner/work/_temp
Test OLM installation	UNKNOWN STEP	2025-11-14T14:44:29.0181707Z ##[endgroup]
Test OLM installation	UNKNOWN STEP	2025-11-14T14:44:29.2267633Z Downloading single artifact
Test OLM installation	UNKNOWN STEP	2025-11-14T14:44:29.4260316Z Preparing to download the following artifacts:
Test OLM installation	UNKNOWN STEP	2025-11-14T14:44:29.4261388Z - keycloak-dist (ID: 4569444646, Size: 165093900, Expected Digest: sha256:7fd135ec90a51e440670aec1e985e7789abd929ba310723ab72d01f54809f1da)
Test OLM installation	UNKNOWN STEP	2025-11-14T14:44:29.5596320Z Redirecting to blob download url: https://productionresultssa2.blob.core.windows.net/actions-results/6dc9726f-d309-4b3e-b6f7-0bdc5298c565/workflow-job-run-e19a5f9c-781b-5491-b475-5154f0e50905/artifacts/8ec452859fe416bcecd39b267c69bfe76c7634fb13c33b71d912d2a8c0986080.zip
Test OLM installation	UNKNOWN STEP	2025-11-14T14:44:29.5609264Z Starting download of artifact to: /home/runner/work/keycloak/keycloak/quarkus/container
Test OLM installation	UNKNOWN STEP	2025-11-14T14:44:29.7749806Z (node:8980) [DEP0005] DeprecationWarning: Buffer() is deprecated due to security and usability issues. Please use the Buffer.alloc(), Buffer.allocUnsafe(), or Buffer.from() methods instead.
Test OLM installation	UNKNOWN STEP	2025-11-14T14:44:29.7751071Z (Use `node --trace-deprecation ...` to show where the warning was created)
Test OLM installation	UNKNOWN STEP	2025-11-14T14:44:33.6686789Z SHA256 digest of downloaded artifact is 7fd135ec90a51e440670aec1e985e7789abd929ba310723ab72d01f54809f1da
Test OLM installation	UNKNOWN STEP	2025-11-14T14:44:33.6687717Z Artifact download completed successfully.
Test OLM installation	UNKNOWN STEP	2025-11-14T14:44:33.6688206Z Total of 1 artifact(s) downloaded
Test OLM installation	UNKNOWN STEP	2025-11-14T14:44:33.6696310Z Download artifact has finished successfully
Test OLM installation	UNKNOWN STEP	2025-11-14T14:44:33.6825883Z ##[group]Run echo "Minikube IP $(minikube ip)"
Test OLM installation	UNKNOWN STEP	2025-11-14T14:44:33.6826476Z [36;1mecho "Minikube IP $(minikube ip)"[0m
Test OLM installation	UNKNOWN STEP	2025-11-14T14:44:33.6827019Z [36;1meval $(minikube -p minikube docker-env)[0m
Test OLM installation	UNKNOWN STEP	2025-11-14T14:44:33.6827739Z [36;1mREGISTRY=$(minikube ip):5000 ./scripts/olm-testing.sh ${GITHUB_SHA::6}[0m
Test OLM installation	UNKNOWN STEP	2025-11-14T14:44:33.6872708Z shell: /usr/bin/bash --noprofile --norc -e -o pipefail {0}
Test OLM installation	UNKNOWN STEP	2025-11-14T14:44:33.6873041Z env:
Test OLM installation	UNKNOWN STEP	2025-11-14T14:44:33.6873326Z   MAVEN_ARGS: -B -nsu -Daether.connector.http.connectionMaxTtl=25
Test OLM installation	UNKNOWN STEP	2025-11-14T14:44:33.6873674Z   MINIKUBE_VERSION: v1.37.0
Test OLM installation	UNKNOWN STEP	2025-11-14T14:44:33.6873913Z   KUBERNETES_VERSION: v1.32.9
Test OLM installation	UNKNOWN STEP	2025-11-14T14:44:33.6874136Z   MINIKUBE_MEMORY: 4096
Test OLM installation	UNKNOWN STEP	2025-11-14T14:44:33.6874449Z   JAVA_HOME: /opt/hostedtoolcache/Java_Temurin-Hotspot_jdk/21.0.9-10/x64
Test OLM installation	UNKNOWN STEP	2025-11-14T14:44:33.6874895Z   JAVA_HOME_21_X64: /opt/hostedtoolcache/Java_Temurin-Hotspot_jdk/21.0.9-10/x64
Test OLM installation	UNKNOWN STEP	2025-11-14T14:44:33.6875253Z   MINIKUBE_HOME: /home/runner/work/_temp
Test OLM installation	UNKNOWN STEP	2025-11-14T14:44:33.6875543Z ##[endgroup]
Test OLM installation	UNKNOWN STEP	2025-11-14T14:44:33.7844108Z Minikube IP 192.168.49.2
Test OLM installation	UNKNOWN STEP	2025-11-14T14:44:34.1641654Z + UUID=c2b781
Test OLM installation	UNKNOWN STEP	2025-11-14T14:44:34.1642056Z + INSTALL_NAMESPACE=default
Test OLM installation	UNKNOWN STEP	2025-11-14T14:44:34.1642487Z + TARGET_NAMESPACES=default
Test OLM installation	UNKNOWN STEP	2025-11-14T14:44:34.1647260Z +++ dirname -- ./scripts/olm-testing.sh
Test OLM installation	UNKNOWN STEP	2025-11-14T14:44:34.1657493Z ++ cd -- ./scripts
Test OLM installation	UNKNOWN STEP	2025-11-14T14:44:34.1657838Z ++ pwd
Test OLM installation	UNKNOWN STEP	2025-11-14T14:44:34.1660779Z + SCRIPT_DIR=/home/runner/work/keycloak/keycloak/operator/scripts
Test OLM installation	UNKNOWN STEP	2025-11-14T14:44:34.1661357Z + REGISTRY=192.168.49.2:5000
Test OLM installation	UNKNOWN STEP	2025-11-14T14:44:34.1661709Z + VERSION=86400000.0.0
Test OLM installation	UNKNOWN STEP	2025-11-14T14:44:34.1663390Z + cd /home/runner/work/keycloak/keycloak/operator/scripts/../../quarkus/container
Test OLM installation	UNKNOWN STEP	2025-11-14T14:44:34.1666886Z ++ ls keycloak-999.0.0-SNAPSHOT.tar.gz
Test OLM installation	UNKNOWN STEP	2025-11-14T14:44:34.1679814Z + docker build --build-arg KEYCLOAK_DIST=keycloak-999.0.0-SNAPSHOT.tar.gz . -t 192.168.49.2:5000/c2b781keycloak:86400000.0.0
Test OLM installation	UNKNOWN STEP	2025-11-14T14:44:34.4911388Z #0 building with "default" instance using docker driver
Test OLM installation	UNKNOWN STEP	2025-11-14T14:44:34.4911863Z 
Test OLM installation	UNKNOWN STEP	2025-11-14T14:44:34.4912205Z #1 [internal] load build definition from Dockerfile
Test OLM installation	UNKNOWN STEP	2025-11-14T14:44:34.6553782Z #1 transferring dockerfile: 2.73kB done
Test OLM installation	UNKNOWN STEP	2025-11-14T14:44:34.6554112Z #1 DONE 0.0s
Test OLM installation	UNKNOWN STEP	2025-11-14T14:44:34.6554233Z 
Test OLM installation	UNKNOWN STEP	2025-11-14T14:44:34.6554436Z #2 [internal] load metadata for registry.access.redhat.com/ubi9:latest
Test OLM installation	UNKNOWN STEP	2025-11-14T14:44:35.4109890Z #2 DONE 0.9s
Test OLM installation	UNKNOWN STEP	2025-11-14T14:44:35.4110065Z 
Test OLM installation	UNKNOWN STEP	2025-11-14T14:44:35.4110327Z #3 [internal] load metadata for registry.access.redhat.com/ubi9-micro:latest
Test OLM installation	UNKNOWN STEP	2025-11-14T14:44:35.5828710Z #3 DONE 1.0s
Test OLM installation	UNKNOWN STEP	2025-11-14T14:44:35.5829050Z 
Test OLM installation	UNKNOWN STEP	2025-11-14T14:44:35.5829267Z #4 [internal] load .dockerignore
Test OLM installation	UNKNOWN STEP	2025-11-14T14:44:35.5829931Z #4 transferring context: 2B done
Test OLM installation	UNKNOWN STEP	2025-11-14T14:44:35.5830458Z #4 DONE 0.0s
Test OLM installation	UNKNOWN STEP	2025-11-14T14:44:35.5830861Z 
Test OLM installation	UNKNOWN STEP	2025-11-14T14:44:35.5831696Z #5 [ubi-micro-build 1/8] FROM registry.access.redhat.com/ubi9:latest@sha256:bbac76ac0310eefd6298ed3ab3c1710e1c842f1f778800de0f49e660b402bdc5
Test OLM installation	UNKNOWN STEP	2025-11-14T14:44:35.5833327Z #5 resolve registry.access.redhat.com/ubi9:latest@sha256:bbac76ac0310eefd6298ed3ab3c1710e1c842f1f778800de0f49e660b402bdc5 done
Test OLM installation	UNKNOWN STEP	2025-11-14T14:44:35.5834663Z #5 sha256:bbac76ac0310eefd6298ed3ab3c1710e1c842f1f778800de0f49e660b402bdc5 970B / 970B done
Test OLM installation	UNKNOWN STEP	2025-11-14T14:44:35.5836645Z #5 sha256:b62d42eccf24213e83596e835ab3df5c7bee8e896cf517005b8da4c09ee586a6 429B / 429B done
Test OLM installation	UNKNOWN STEP	2025-11-14T14:44:35.5839251Z #5 sha256:c0293e146868b9cc92258316d7964c2dd067879fa25803bfab5ea1e5fa886dfa 6.15kB / 6.15kB done
Test OLM installation	UNKNOWN STEP	2025-11-14T14:44:35.5840303Z #5 sha256:3022abd78a961678ba580f66f4abc6871189b6620202a20e5a15ea1adef11a8c 0B / 80.04MB 0.1s
Test OLM installation	UNKNOWN STEP	2025-11-14T14:44:35.6830261Z #5 sha256:3022abd78a961678ba580f66f4abc6871189b6620202a20e5a15ea1adef11a8c 12.58MB / 80.04MB 0.2s
Test OLM installation	UNKNOWN STEP	2025-11-14T14:44:35.7834610Z #5 sha256:3022abd78a961678ba580f66f4abc6871189b6620202a20e5a15ea1adef11a8c 41.64MB / 80.04MB 0.3s
Test OLM installation	UNKNOWN STEP	2025-11-14T14:44:35.8848154Z #5 sha256:3022abd78a961678ba580f66f4abc6871189b6620202a20e5a15ea1adef11a8c 68.16MB / 80.04MB 0.4s
Test OLM installation	UNKNOWN STEP	2025-11-14T14:44:35.9881086Z #5 sha256:3022abd78a961678ba580f66f4abc6871189b6620202a20e5a15ea1adef11a8c 80.04MB / 80.04MB 0.5s done
Test OLM installation	UNKNOWN STEP	2025-11-14T14:44:36.0885813Z #5 extracting sha256:3022abd78a961678ba580f66f4abc6871189b6620202a20e5a15ea1adef11a8c
Test OLM installation	UNKNOWN STEP	2025-11-14T14:44:36.4094723Z #5 ...
Test OLM installation	UNKNOWN STEP	2025-11-14T14:44:36.4095400Z 
Test OLM installation	UNKNOWN STEP	2025-11-14T14:44:36.4095632Z #6 [internal] load build context
Test OLM installation	UNKNOWN STEP	2025-11-14T14:44:36.4096249Z #6 transferring context: 165.08MB 0.9s done
Test OLM installation	UNKNOWN STEP	2025-11-14T14:44:36.4096767Z #6 DONE 0.9s
Test OLM installation	UNKNOWN STEP	2025-11-14T14:44:36.4096944Z 
Test OLM installation	UNKNOWN STEP	2025-11-14T14:44:36.4097629Z #7 [stage-1 1/4] FROM registry.access.redhat.com/ubi9-micro:latest@sha256:e14a8cbcaa0c26b77140ac85d40a47b5e910a4068686b02ebcad72126e9b5f86
Test OLM installation	UNKNOWN STEP	2025-11-14T14:44:36.4100132Z #7 resolve registry.access.redhat.com/ubi9-micro:latest@sha256:e14a8cbcaa0c26b77140ac85d40a47b5e910a4068686b02ebcad72126e9b5f86 done
Test OLM installation	UNKNOWN STEP	2025-11-14T14:44:36.4101077Z #7 sha256:e14a8cbcaa0c26b77140ac85d40a47b5e910a4068686b02ebcad72126e9b5f86 970B / 970B done
Test OLM installation	UNKNOWN STEP	2025-11-14T14:44:36.4101809Z #7 sha256:75ffc6927416cde1aa15ca0a27b611df7a9582428214f2844e66bc0dc27ba0d0 428B / 428B done
Test OLM installation	UNKNOWN STEP	2025-11-14T14:44:36.4102690Z #7 sha256:cd8681aeba57c6800510d7e2fc4a8847c3d2f803f9edf37c57b0a2420f163b9a 5.18kB / 5.18kB done
Test OLM installation	UNKNOWN STEP	2025-11-14T14:44:36.4103985Z #7 sha256:f9e37a00861053482dab42a6e67717c2c18b9b71ff4689e9dd7561195918ecc3 7.27MB / 7.27MB 0.3s done
Test OLM installation	UNKNOWN STEP	2025-11-14T14:44:36.4104973Z #7 extracting sha256:f9e37a00861053482dab42a6e67717c2c18b9b71ff4689e9dd7561195918ecc3 0.5s done
Test OLM installation	UNKNOWN STEP	2025-11-14T14:44:36.4105542Z #7 DONE 0.9s
Test OLM installation	UNKNOWN STEP	2025-11-14T14:44:36.4105654Z 
Test OLM installation	UNKNOWN STEP	2025-11-14T14:44:36.4106179Z #5 [ubi-micro-build 1/8] FROM registry.access.redhat.com/ubi9:latest@sha256:bbac76ac0310eefd6298ed3ab3c1710e1c842f1f778800de0f49e660b402bdc5
Test OLM installation	UNKNOWN STEP	2025-11-14T14:44:39.1464198Z #5 extracting sha256:3022abd78a961678ba580f66f4abc6871189b6620202a20e5a15ea1adef11a8c 2.9s done
Test OLM installation	UNKNOWN STEP	2025-11-14T14:44:39.1465041Z #5 DONE 3.5s
Test OLM installation	UNKNOWN STEP	2025-11-14T14:44:39.1465226Z 
Test OLM installation	UNKNOWN STEP	2025-11-14T14:44:39.1465455Z #8 [ubi-micro-build 2/8] RUN dnf install -y tar gzip
Test OLM installation	UNKNOWN STEP	2025-11-14T14:44:39.5214389Z #8 0.526 Updating Subscription Management repositories.
Test OLM installation	UNKNOWN STEP	2025-11-14T14:44:39.6810509Z #8 0.527 Unable to read consumer identity
Test OLM installation	UNKNOWN STEP	2025-11-14T14:44:39.6811566Z #8 0.535 
Test OLM installation	UNKNOWN STEP	2025-11-14T14:44:39.6812362Z #8 0.535 This system is not registered with an entitlement server. You can use subscription-manager to register.
Test OLM installation	UNKNOWN STEP	2025-11-14T14:44:39.6813100Z #8 0.535 
Test OLM installation	UNKNOWN STEP	2025-11-14T14:44:40.0274919Z #8 1.033 Red Hat Universal Base Image 9 (RPMs) - BaseOS  1.2 MB/s | 531 kB     00:00    
Test OLM installation	UNKNOWN STEP	2025-11-14T14:44:40.4127110Z #8 1.418 Red Hat Universal Base Image 9 (RPMs) - AppStre  10 MB/s | 2.6 MB     00:00    
Test OLM installation	UNKNOWN STEP	2025-11-14T14:44:41.9070008Z #8 2.912 Red Hat Universal Base Image 9 (RPMs) - CodeRea 362 kB/s | 287 kB     00:00    
Test OLM installation	UNKNOWN STEP	2025-11-14T14:44:42.0421208Z #8 3.047 Package tar-2:1.34-7.el9.x86_64 is already installed.
Test OLM installation	UNKNOWN STEP	2025-11-14T14:44:42.2836030Z #8 3.047 Package gzip-1.12-1.el9.x86_64 is already installed.
Test OLM installation	UNKNOWN STEP	2025-11-14T14:44:42.2836406Z #8 3.061 Dependencies resolved.
Test OLM installation	UNKNOWN STEP	2025-11-14T14:44:42.2836645Z #8 3.063 Nothing to do.
Test OLM installation	UNKNOWN STEP	2025-11-14T14:44:42.2836845Z #8 3.063 Complete!
Test OLM installation	UNKNOWN STEP	2025-11-14T14:44:42.2837023Z #8 DONE 3.1s
Test OLM installation	UNKNOWN STEP	2025-11-14T14:44:42.2837159Z 
Test OLM installation	UNKNOWN STEP	2025-11-14T14:44:42.2837383Z #9 [ubi-micro-build 3/8] ADD keycloak-999.0.0-SNAPSHOT.tar.gz /tmp/keycloak/
Test OLM installation	UNKNOWN STEP	2025-11-14T14:44:43.0857260Z #9 DONE 1.0s
Test OLM installation	UNKNOWN STEP	2025-11-14T14:44:43.1943535Z 
Test OLM installation	UNKNOWN STEP	2025-11-14T14:44:43.1944593Z #10 [ubi-micro-build 4/8] RUN (cd /tmp/keycloak &&     tar -xvf /tmp/keycloak/keycloak-*.tar.gz &&     rm /tmp/keycloak/keycloak-*.tar.gz) || true
Test OLM installation	UNKNOWN STEP	2025-11-14T14:44:43.1945957Z #10 0.108 tar: /tmp/keycloak/keycloak-*.tar.gz: Cannot open: No such file or directory
Test OLM installation	UNKNOWN STEP	2025-11-14T14:44:43.1946726Z #10 0.108 tar: Error is not recoverable: exiting now
Test OLM installation	UNKNOWN STEP	2025-11-14T14:44:43.3221491Z #10 DONE 0.1s
Test OLM installation	UNKNOWN STEP	2025-11-14T14:44:43.3222087Z 
Test OLM installation	UNKNOWN STEP	2025-11-14T14:44:43.3222586Z #11 [ubi-micro-build 5/8] RUN mv /tmp/keycloak/keycloak-* /opt/keycloak && mkdir -p /opt/keycloak/data
Test OLM installation	UNKNOWN STEP	2025-11-14T14:44:43.3223322Z #11 DONE 0.1s
Test OLM installation	UNKNOWN STEP	2025-11-14T14:44:43.4736284Z 
Test OLM installation	UNKNOWN STEP	2025-11-14T14:44:43.4736899Z #12 [ubi-micro-build 6/8] RUN chmod -R g+rwX /opt/keycloak
Test OLM installation	UNKNOWN STEP	2025-11-14T14:44:43.9802467Z #12 DONE 0.7s
Test OLM installation	UNKNOWN STEP	2025-11-14T14:44:44.1278050Z 
Test OLM installation	UNKNOWN STEP	2025-11-14T14:44:44.1279095Z #13 [ubi-micro-build 7/8] ADD ubi-null.sh /tmp/
Test OLM installation	UNKNOWN STEP	2025-11-14T14:44:44.1279690Z #13 DONE 0.0s
Test OLM installation	UNKNOWN STEP	2025-11-14T14:44:44.1279882Z 
Test OLM installation	UNKNOWN STEP	2025-11-14T14:44:44.1280257Z #14 [ubi-micro-build 8/8] RUN bash /tmp/ubi-null.sh java-21-openjdk-headless glibc-langpack-en findutils
Test OLM installation	UNKNOWN STEP	2025-11-14T14:44:44.1280849Z #14 0.129 ==> Installing packages into chroot
Test OLM installation	UNKNOWN STEP	2025-11-14T14:44:44.1281179Z #14 0.129 + dnf install -y findutils diffutils
Test OLM installation	UNKNOWN STEP	2025-11-14T14:44:44.3728541Z #14 0.374 Updating Subscription Management repositories.
Test OLM installation	UNKNOWN STEP	2025-11-14T14:44:44.6050622Z #14 0.374 Unable to read consumer identity
Test OLM installation	UNKNOWN STEP	2025-11-14T14:44:44.6051170Z #14 0.377 
Test OLM installation	UNKNOWN STEP	2025-11-14T14:44:44.6051707Z #14 0.377 This system is not registered with an entitlement server. You can use subscription-manager to register.
Test OLM installation	UNKNOWN STEP	2025-11-14T14:44:44.6052275Z #14 0.377 
Test OLM installation	UNKNOWN STEP	2025-11-14T14:44:44.6052693Z #14 0.419 Last metadata expiration check: 0:00:03 ago on Fri Nov 14 14:44:41 2025.
Test OLM installation	UNKNOWN STEP	2025-11-14T14:44:44.6053264Z #14 0.441 Package findutils-1:4.8.0-7.el9.x86_64 is already installed.
Test OLM installation	UNKNOWN STEP	2025-11-14T14:44:44.6053725Z #14 0.454 Dependencies resolved.
Test OLM installation	UNKNOWN STEP	2025-11-14T14:44:44.6054028Z #14 0.455 ================================================================================
Test OLM installation	UNKNOWN STEP	2025-11-14T14:44:44.6054491Z #14 0.455  Package         Architecture Version             Repository               Size
Test OLM installation	UNKNOWN STEP	2025-11-14T14:44:44.6054962Z #14 0.455 ================================================================================
Test OLM installation	UNKNOWN STEP	2025-11-14T14:44:44.6055273Z #14 0.455 Installing:
Test OLM installation	UNKNOWN STEP	2025-11-14T14:44:44.6055605Z #14 0.455  diffutils       x86_64       3.7-12.el9          ubi-9-baseos-rpms       402 k
Test OLM installation	UNKNOWN STEP	2025-11-14T14:44:44.6055980Z #14 0.455 
Test OLM installation	UNKNOWN STEP	2025-11-14T14:44:44.6056178Z #14 0.455 Transaction Summary
Test OLM installation	UNKNOWN STEP	2025-11-14T14:44:44.6056462Z #14 0.455 ================================================================================
Test OLM installation	UNKNOWN STEP	2025-11-14T14:44:44.6056774Z #14 0.455 Install  1 Package
Test OLM installation	UNKNOWN STEP	2025-11-14T14:44:44.6057007Z #14 0.455 
Test OLM installation	UNKNOWN STEP	2025-11-14T14:44:44.6057205Z #14 0.455 Total download size: 402 k
Test OLM installation	UNKNOWN STEP	2025-11-14T14:44:44.6057475Z #14 0.456 Installed size: 1.4 M
Test OLM installation	UNKNOWN STEP	2025-11-14T14:44:44.6057831Z #14 0.456 Downloading Packages:
Test OLM installation	UNKNOWN STEP	2025-11-14T14:44:44.6379909Z #14 0.639 diffutils-3.7-12.el9.x86_64.rpm                 2.2 MB/s | 402 kB     00:00    
Test OLM installation	UNKNOWN STEP	2025-11-14T14:44:44.7383064Z #14 0.640 --------------------------------------------------------------------------------
Test OLM installation	UNKNOWN STEP	2025-11-14T14:44:44.7383778Z #14 0.640 Total                                           2.1 MB/s | 402 kB     00:00     
Test OLM installation	UNKNOWN STEP	2025-11-14T14:44:44.7384101Z #14 0.652 Running transaction check
Test OLM installation	UNKNOWN STEP	2025-11-14T14:44:44.7384360Z #14 0.656 Transaction check succeeded.
Test OLM installation	UNKNOWN STEP	2025-11-14T14:44:44.7384610Z #14 0.656 Running transaction test
Test OLM installation	UNKNOWN STEP	2025-11-14T14:44:44.7384853Z #14 0.681 Transaction test succeeded.
Test OLM installation	UNKNOWN STEP	2025-11-14T14:44:44.7385092Z #14 0.681 Running transaction
Test OLM installation	UNKNOWN STEP	2025-11-14T14:44:44.7385371Z #14 0.703   Preparing        :                                                        1/1 
Test OLM installation	UNKNOWN STEP	2025-11-14T14:44:44.8881586Z #14 0.739   Installing       : diffutils-3.7-12.el9.x86_64                            1/1 
Test OLM installation	UNKNOWN STEP	2025-11-14T14:44:44.8882551Z #14 0.749   Running scriptlet: diffutils-3.7-12.el9.x86_64                            1/1 
Test OLM installation	UNKNOWN STEP	2025-11-14T14:44:44.8883383Z #14 0.787   Verifying        : diffutils-3.7-12.el9.x86_64                            1/1 
Test OLM installation	UNKNOWN STEP	2025-11-14T14:44:44.8884006Z #14 0.812 Installed products updated.
Test OLM installation	UNKNOWN STEP	2025-11-14T14:44:44.8884368Z #14 0.839 
Test OLM installation	UNKNOWN STEP	2025-11-14T14:44:44.8884638Z #14 0.839 Installed:
Test OLM installation	UNKNOWN STEP	2025-11-14T14:44:44.8885098Z #14 0.839   diffutils-3.7-12.el9.x86_64                                                   
Test OLM installation	UNKNOWN STEP	2025-11-14T14:44:44.8885619Z #14 0.839 
Test OLM installation	UNKNOWN STEP	2025-11-14T14:44:44.8885884Z #14 0.839 Complete!
Test OLM installation	UNKNOWN STEP	2025-11-14T14:44:44.8886200Z #14 0.889 ++ realpath rootfs
Test OLM installation	UNKNOWN STEP	2025-11-14T14:44:45.0414481Z #14 0.890 + rootfs=/tmp/null/rootfs
Test OLM installation	UNKNOWN STEP	2025-11-14T14:44:45.0414850Z #14 0.890 + mkdir -p /tmp/null/rootfs
Test OLM installation	UNKNOWN STEP	2025-11-14T14:44:45.0415865Z #14 0.892 + xargs dnf install -y --installroot /tmp/null/rootfs --releasever 9 --setopt install_weak_deps=false --nodocs
Test OLM installation	UNKNOWN STEP	2025-11-14T14:44:45.1240036Z #14 1.125 Updating Subscription Management repositories.
Test OLM installation	UNKNOWN STEP	2025-11-14T14:44:45.2760854Z #14 1.125 Unable to read consumer identity
Test OLM installation	UNKNOWN STEP	2025-11-14T14:44:45.2761276Z #14 1.127 
Test OLM installation	UNKNOWN STEP	2025-11-14T14:44:45.2761762Z #14 1.127 This system is not registered with an entitlement server. You can use subscription-manager to register.
Test OLM installation	UNKNOWN STEP	2025-11-14T14:44:45.2762304Z #14 1.127 
Test OLM installation	UNKNOWN STEP	2025-11-14T14:44:45.3472842Z #14 1.348 Red Hat Universal Base Image 9 (RPMs) - BaseOS  2.6 MB/s | 531 kB     00:00    
Test OLM installation	UNKNOWN STEP	2025-11-14T14:44:45.7490054Z #14 1.750 Red Hat Universal Base Image 9 (RPMs) - AppStre 8.0 MB/s | 2.6 MB     00:00    
Test OLM installation	UNKNOWN STEP	2025-11-14T14:44:46.4531594Z #14 2.454 Red Hat Universal Base Image 9 (RPMs) - CodeRea 965 kB/s | 287 kB     00:00    
Test OLM installation	UNKNOWN STEP	2025-11-14T14:44:46.5930233Z #14 2.594 Dependencies resolved.
Test OLM installation	UNKNOWN STEP	2025-11-14T14:44:46.6960783Z #14 2.599 =============================================================================================
Test OLM installation	UNKNOWN STEP	2025-11-14T14:44:46.6961644Z #14 2.599  Package                    Arch    Version                       Repository             Size
Test OLM installation	UNKNOWN STEP	2025-11-14T14:44:46.6962358Z #14 2.599 =============================================================================================
Test OLM installation	UNKNOWN STEP	2025-11-14T14:44:46.6962816Z #14 2.599 Installing:
Test OLM installation	UNKNOWN STEP	2025-11-14T14:44:46.6963287Z #14 2.599  bash                       x86_64  5.1.8-9.el9                   ubi-9-baseos-rpms     1.7 M
Test OLM installation	UNKNOWN STEP	2025-11-14T14:44:46.6964587Z #14 2.599  coreutils-single           x86_64  8.32-39.el9                   ubi-9-baseos-rpms     625 k
Test OLM installation	UNKNOWN STEP	2025-11-14T14:44:46.6965372Z #14 2.599  findutils                  x86_64  1:4.8.0-7.el9                 ubi-9-baseos-rpms     550 k
Test OLM installation	UNKNOWN STEP	2025-11-14T14:44:46.6966154Z #14 2.599  glibc-langpack-en          x86_64  2.34-231.el9_7.2              ubi-9-baseos-rpms     660 k
Test OLM installation	UNKNOWN STEP	2025-11-14T14:44:46.6966977Z #14 2.599  java-21-openjdk-headless   x86_64  1:21.0.9.0.10-1.el9           ubi-9-appstream-rpms   49 M
Test OLM installation	UNKNOWN STEP	2025-11-14T14:44:46.6967403Z #14 2.599 Installing dependencies:
Test OLM installation	UNKNOWN STEP	2025-11-14T14:44:46.6967745Z #14 2.599  alsa-lib                   x86_64  1.2.14-1.el9                  ubi-9-appstream-rpms  529 k
Test OLM installation	UNKNOWN STEP	2025-11-14T14:44:46.6968214Z #14 2.599  alternatives               x86_64  1.24-2.el9                    ubi-9-baseos-rpms      42 k
Test OLM installation	UNKNOWN STEP	2025-11-14T14:44:46.6968888Z #14 2.599  avahi-libs                 x86_64  0.8-23.el9                    ubi-9-baseos-rpms      67 k
Test OLM installation	UNKNOWN STEP	2025-11-14T14:44:46.6969373Z #14 2.599  basesystem                 noarch  11-13.el9                     ubi-9-baseos-rpms     8.0 k
Test OLM installation	UNKNOWN STEP	2025-11-14T14:44:46.6969842Z #14 2.599  bzip2-libs                 x86_64  1.0.8-10.el9_5                ubi-9-baseos-rpms      42 k
Test OLM installation	UNKNOWN STEP	2025-11-14T14:44:46.6970344Z #14 2.599  ca-certificates            noarch  2024.2.69_v8.0.303-91.4.el9_4 ubi-9-baseos-rpms     1.0 M
Test OLM installation	UNKNOWN STEP	2025-11-14T14:44:46.6970874Z #14 2.599  copy-jdk-configs           noarch  4.0-3.el9                     ubi-9-appstream-rpms   29 k
Test OLM installation	UNKNOWN STEP	2025-11-14T14:44:46.6971424Z #14 2.599  crypto-policies            noarch  20250905-1.git377cc42.el9_7   ubi-9-baseos-rpms      90 k
Test OLM installation	UNKNOWN STEP	2025-11-14T14:44:46.6972022Z #14 2.599  crypto-policies-scripts    noarch  20250905-1.git377cc42.el9_7   ubi-9-baseos-rpms     102 k
Test OLM installation	UNKNOWN STEP	2025-11-14T14:44:46.6972582Z #14 2.599  cups-libs                  x86_64  1:2.3.3op2-34.el9_7           ubi-9-baseos-rpms     261 k
Test OLM installation	UNKNOWN STEP	2025-11-14T14:44:46.6973044Z #14 2.599  dbus-libs                  x86_64  1:1.12.20-8.el9               ubi-9-baseos-rpms     154 k
Test OLM installation	UNKNOWN STEP	2025-11-14T14:44:46.6973479Z #14 2.599  expat                      x86_64  2.5.0-5.el9_6                 ubi-9-baseos-rpms     119 k
Test OLM installation	UNKNOWN STEP	2025-11-14T14:44:46.6973885Z #14 2.599  filesystem                 x86_64  3.16-5.el9                    ubi-9-baseos-rpms     4.8 M
Test OLM installation	UNKNOWN STEP	2025-11-14T14:44:46.6974292Z #14 2.599  gawk                       x86_64  5.1.0-6.el9                   ubi-9-baseos-rpms     1.0 M
Test OLM installation	UNKNOWN STEP	2025-11-14T14:44:46.6974707Z #14 2.599  gdbm-libs                  x86_64  1:1.23-1.el9                  ubi-9-baseos-rpms      59 k
Test OLM installation	UNKNOWN STEP	2025-11-14T14:44:46.6975160Z #14 2.599  glibc                      x86_64  2.34-231.el9_7.2              ubi-9-baseos-rpms     2.0 M
Test OLM installation	UNKNOWN STEP	2025-11-14T14:44:46.6975876Z #14 2.599  glibc-common               x86_64  2.34-231.el9_7.2              ubi-9-baseos-rpms     306 k
Test OLM installation	UNKNOWN STEP	2025-11-14T14:44:46.6976457Z #14 2.599  gmp                        x86_64  1:6.2.0-13.el9                ubi-9-baseos-rpms     319 k
Test OLM installation	UNKNOWN STEP	2025-11-14T14:44:46.6976850Z #14 2.599  gnutls                     x86_64  3.8.3-9.el9                   ubi-9-baseos-rpms     1.1 M
Test OLM installation	UNKNOWN STEP	2025-11-14T14:44:46.6977253Z #14 2.599  grep                       x86_64  3.6-5.el9                     ubi-9-baseos-rpms     273 k
Test OLM installation	UNKNOWN STEP	2025-11-14T14:44:46.6977708Z #14 2.599  javapackages-filesystem    noarch  6.4.0-1.el9                   ubi-9-appstream-rpms   17 k
Test OLM installation	UNKNOWN STEP	2025-11-14T14:44:46.6978200Z #14 2.599  keyutils-libs              x86_64  1.6.3-1.el9                   ubi-9-baseos-rpms      34 k
Test OLM installation	UNKNOWN STEP	2025-11-14T14:44:46.6978747Z #14 2.599  krb5-libs                  x86_64  1.21.1-8.el9_6                ubi-9-baseos-rpms     766 k
Test OLM installation	UNKNOWN STEP	2025-11-14T14:44:46.6979173Z #14 2.599  libacl                     x86_64  2.3.1-4.el9                   ubi-9-baseos-rpms      24 k
Test OLM installation	UNKNOWN STEP	2025-11-14T14:44:46.6979584Z #14 2.599  libattr                    x86_64  2.5.1-3.el9                   ubi-9-baseos-rpms      20 k
Test OLM installation	UNKNOWN STEP	2025-11-14T14:44:46.6980031Z #14 2.599  libcap                     x86_64  2.48-10.el9                   ubi-9-baseos-rpms      70 k
Test OLM installation	UNKNOWN STEP	2025-11-14T14:44:46.6980440Z #14 2.599  libcom_err                 x86_64  1.46.5-8.el9                  ubi-9-baseos-rpms      26 k
Test OLM installation	UNKNOWN STEP	2025-11-14T14:44:46.6980852Z #14 2.599  libevent                   x86_64  2.1.12-8.el9_4                ubi-9-baseos-rpms     266 k
Test OLM installation	UNKNOWN STEP	2025-11-14T14:44:46.6981260Z #14 2.599  libffi                     x86_64  3.4.2-8.el9                   ubi-9-baseos-rpms      40 k
Test OLM installation	UNKNOWN STEP	2025-11-14T14:44:46.6981668Z #14 2.599  libgcc                     x86_64  11.5.0-11.el9                 ubi-9-baseos-rpms      85 k
Test OLM installation	UNKNOWN STEP	2025-11-14T14:44:46.6982099Z #14 2.599  libgcrypt                  x86_64  1.10.0-11.el9                 ubi-9-baseos-rpms     510 k
Test OLM installation	UNKNOWN STEP	2025-11-14T14:44:46.6982532Z #14 2.599  libgpg-error               x86_64  1.42-5.el9                    ubi-9-baseos-rpms     220 k
Test OLM installation	UNKNOWN STEP	2025-11-14T14:44:46.6982969Z #14 2.599  libidn2                    x86_64  2.3.0-7.el9                   ubi-9-baseos-rpms     105 k
Test OLM installation	UNKNOWN STEP	2025-11-14T14:44:46.6983380Z #14 2.599  libselinux                 x86_64  3.6-3.el9                     ubi-9-baseos-rpms      88 k
Test OLM installation	UNKNOWN STEP	2025-11-14T14:44:46.6983793Z #14 2.599  libsepol                   x86_64  3.6-3.el9                     ubi-9-baseos-rpms     331 k
Test OLM installation	UNKNOWN STEP	2025-11-14T14:44:46.6984197Z #14 2.599  libsigsegv                 x86_64  2.13-4.el9                    ubi-9-baseos-rpms      30 k
Test OLM installation	UNKNOWN STEP	2025-11-14T14:44:46.6984612Z #14 2.599  libtasn1                   x86_64  4.16.0-9.el9                  ubi-9-baseos-rpms      77 k
Test OLM installation	UNKNOWN STEP	2025-11-14T14:44:46.6985035Z #14 2.599  libunistring               x86_64  0.9.10-15.el9                 ubi-9-baseos-rpms     499 k
Test OLM installation	UNKNOWN STEP	2025-11-14T14:44:46.6985545Z #14 2.599  libuuid                    x86_64  2.37.4-21.el9                 ubi-9-baseos-rpms      30 k
Test OLM installation	UNKNOWN STEP	2025-11-14T14:44:46.6985951Z #14 2.599  libverto                   x86_64  0.3.2-3.el9                   ubi-9-baseos-rpms      24 k
Test OLM installation	UNKNOWN STEP	2025-11-14T14:44:46.6986377Z #14 2.599  libxcrypt                  x86_64  4.4.18-3.el9                  ubi-9-baseos-rpms     120 k
Test OLM installation	UNKNOWN STEP	2025-11-14T14:44:46.6986790Z #14 2.599  libzstd                    x86_64  1.5.5-1.el9                   ubi-9-baseos-rpms     297 k
Test OLM installation	UNKNOWN STEP	2025-11-14T14:44:46.6987212Z #14 2.599  lksctp-tools               x86_64  1.0.19-3.el9_4                ubi-9-baseos-rpms     104 k
Test OLM installation	UNKNOWN STEP	2025-11-14T14:44:46.6987620Z #14 2.599  lua                        x86_64  5.4.4-4.el9                   ubi-9-appstream-rpms  192 k
Test OLM installation	UNKNOWN STEP	2025-11-14T14:44:46.6988013Z #14 2.599  lua-libs                   x86_64  5.4.4-4.el9                   ubi-9-baseos-rpms     132 k
Test OLM installation	UNKNOWN STEP	2025-11-14T14:44:46.6988539Z #14 2.599  lua-posix                  x86_64  35.0-8.el9                    ubi-9-appstream-rpms  155 k
Test OLM installation	UNKNOWN STEP	2025-11-14T14:44:46.6988949Z #14 2.599  lz4-libs                   x86_64  1.9.3-5.el9                   ubi-9-baseos-rpms      69 k
Test OLM installation	UNKNOWN STEP	2025-11-14T14:44:46.6989458Z #14 2.599  mpfr                       x86_64  4.1.0-7.el9                   ubi-9-baseos-rpms     329 k
Test OLM installation	UNKNOWN STEP	2025-11-14T14:44:46.6989985Z #14 2.599  ncurses-base               noarch  6.2-12.20210508.el9           ubi-9-baseos-rpms      96 k
Test OLM installation	UNKNOWN STEP	2025-11-14T14:44:46.6990442Z #14 2.599  ncurses-libs               x86_64  6.2-12.20210508.el9           ubi-9-baseos-rpms     328 k
Test OLM installation	UNKNOWN STEP	2025-11-14T14:44:46.6990876Z #14 2.599  nettle                     x86_64  3.10.1-1.el9                  ubi-9-baseos-rpms     568 k
Test OLM installation	UNKNOWN STEP	2025-11-14T14:44:46.6991269Z #14 2.599  nspr                       x86_64  4.36.0-4.el9_4                ubi-9-appstream-rpms  133 k
Test OLM installation	UNKNOWN STEP	2025-11-14T14:44:46.6991660Z #14 2.599  nss                        x86_64  3.112.0-4.el9_4               ubi-9-appstream-rpms  723 k
Test OLM installation	UNKNOWN STEP	2025-11-14T14:44:46.6992196Z #14 2.599  nss-softokn                x86_64  3.112.0-4.el9_4               ubi-9-appstream-rpms  400 k
Test OLM installation	UNKNOWN STEP	2025-11-14T14:44:46.6992696Z #14 2.599  nss-softokn-freebl         x86_64  3.112.0-4.el9_4               ubi-9-appstream-rpms  413 k
Test OLM installation	UNKNOWN STEP	2025-11-14T14:44:46.6993180Z #14 2.599  nss-sysinit                x86_64  3.112.0-4.el9_4               ubi-9-appstream-rpms   18 k
Test OLM installation	UNKNOWN STEP	2025-11-14T14:44:46.6993606Z #14 2.599  nss-util                   x86_64  3.112.0-4.el9_4               ubi-9-appstream-rpms   89 k
Test OLM installation	UNKNOWN STEP	2025-11-14T14:44:46.6994065Z #14 2.599  openssl-fips-provider      x86_64  3.0.7-8.el9                   ubi-9-baseos-rpms     9.2 k
Test OLM installation	UNKNOWN STEP	2025-11-14T14:44:46.6994569Z #14 2.599  openssl-fips-provider-so   x86_64  3.0.7-8.el9                   ubi-9-baseos-rpms     576 k
Test OLM installation	UNKNOWN STEP	2025-11-14T14:44:46.6995124Z #14 2.599  openssl-libs               x86_64  1:3.5.1-4.el9_7               ubi-9-baseos-rpms     2.3 M
Test OLM installation	UNKNOWN STEP	2025-11-14T14:44:46.6995617Z #14 2.599  p11-kit                    x86_64  0.25.3-3.el9_5                ubi-9-baseos-rpms     536 k
Test OLM installation	UNKNOWN STEP	2025-11-14T14:44:46.6996037Z #14 2.599  p11-kit-trust              x86_64  0.25.3-3.el9_5                ubi-9-baseos-rpms     144 k
Test OLM installation	UNKNOWN STEP	2025-11-14T14:44:46.6996467Z #14 2.599  pcre                       x86_64  8.44-4.el9                    ubi-9-baseos-rpms     200 k
Test OLM installation	UNKNOWN STEP	2025-11-14T14:44:46.6996869Z #14 2.599  pcre2                      x86_64  10.40-6.el9                   ubi-9-baseos-rpms     236 k
Test OLM installation	UNKNOWN STEP	2025-11-14T14:44:46.6997289Z #14 2.599  pcre2-syntax               noarch  10.40-6.el9                   ubi-9-baseos-rpms     144 k
Test OLM installation	UNKNOWN STEP	2025-11-14T14:44:46.6997721Z #14 2.599  python3                    x86_64  3.9.23-2.el9                  ubi-9-baseos-rpms      26 k
Test OLM installation	UNKNOWN STEP	2025-11-14T14:44:46.6998138Z #14 2.599  python3-libs               x86_64  3.9.23-2.el9                  ubi-9-baseos-rpms     8.1 M
Test OLM installation	UNKNOWN STEP	2025-11-14T14:44:46.6998752Z #14 2.599  python3-pip-wheel          noarch  21.3.1-1.el9                  ubi-9-baseos-rpms     1.1 M
Test OLM installation	UNKNOWN STEP	2025-11-14T14:44:46.6999360Z #14 2.599  python3-setuptools-wheel   noarch  53.0.0-15.el9                 ubi-9-baseos-rpms     468 k
Test OLM installation	UNKNOWN STEP	2025-11-14T14:44:46.6999836Z #14 2.599  readline                   x86_64  8.1-4.el9                     ubi-9-baseos-rpms     215 k
Test OLM installation	UNKNOWN STEP	2025-11-14T14:44:46.7000269Z #14 2.599  redhat-release             x86_64  9.7-0.7.el9                   ubi-9-baseos-rpms      53 k
Test OLM installation	UNKNOWN STEP	2025-11-14T14:44:46.7000683Z #14 2.599  sed                        x86_64  4.8-9.el9                     ubi-9-baseos-rpms     309 k
Test OLM installation	UNKNOWN STEP	2025-11-14T14:44:46.7001068Z #14 2.599  setup                      noarch  2.13.7-10.el9                 ubi-9-baseos-rpms     150 k
Test OLM installation	UNKNOWN STEP	2025-11-14T14:44:46.7001489Z #14 2.599  sqlite-libs                x86_64  3.34.1-9.el9_7                ubi-9-baseos-rpms     642 k
Test OLM installation	UNKNOWN STEP	2025-11-14T14:44:46.7001923Z #14 2.599  systemd-libs               x86_64  252-55.el9_7.2                ubi-9-baseos-rpms     676 k
Test OLM installation	UNKNOWN STEP	2025-11-14T14:44:46.7002361Z #14 2.599  tzdata                     noarch  2025b-2.el9                   ubi-9-baseos-rpms     901 k
Test OLM installation	UNKNOWN STEP	2025-11-14T14:44:46.7002802Z #14 2.599  tzdata-java                noarch  2025b-2.el9                   ubi-9-appstream-rpms  223 k
Test OLM installation	UNKNOWN STEP	2025-11-14T14:44:46.7003232Z #14 2.599  xz-libs                    x86_64  5.2.5-8.el9_0                 ubi-9-baseos-rpms      94 k
Test OLM installation	UNKNOWN STEP	2025-11-14T14:44:46.7003758Z #14 2.599  zlib                       x86_64  1.2.11-40.el9                 ubi-9-baseos-rpms      93 k
Test OLM installation	UNKNOWN STEP	2025-11-14T14:44:46.7004160Z #14 2.599 
Test OLM installation	UNKNOWN STEP	2025-11-14T14:44:46.7004340Z #14 2.599 Transaction Summary
Test OLM installation	UNKNOWN STEP	2025-11-14T14:44:46.7004593Z #14 2.599 =============================================================================================
Test OLM installation	UNKNOWN STEP	2025-11-14T14:44:46.7004871Z #14 2.599 Install  84 Packages
Test OLM installation	UNKNOWN STEP	2025-11-14T14:44:46.7005071Z #14 2.599 
Test OLM installation	UNKNOWN STEP	2025-11-14T14:44:46.7005246Z #14 2.602 Total download size: 89 M
Test OLM installation	UNKNOWN STEP	2025-11-14T14:44:46.7005483Z #14 2.602 Installed size: 321 M
Test OLM installation	UNKNOWN STEP	2025-11-14T14:44:46.7005700Z #14 2.602 Downloading Packages:
Test OLM installation	UNKNOWN STEP	2025-11-14T14:44:46.7006032Z #14 2.670 (1/84): alternatives-1.24-2.el9.x86_64.rpm      676 kB/s |  42 kB     00:00    
Test OLM installation	UNKNOWN STEP	2025-11-14T14:44:46.7006490Z #14 2.697 (2/84): basesystem-11-13.el9.noarch.rpm          91 kB/s | 8.0 kB     00:00    
Test OLM installation	UNKNOWN STEP	2025-11-14T14:44:46.8022432Z #14 2.738 (3/84): bash-5.1.8-9.el9.x86_64.rpm              25 MB/s | 1.7 MB     00:00    
Test OLM installation	UNKNOWN STEP	2025-11-14T14:44:46.8023310Z #14 2.748 (4/84): avahi-libs-0.8-23.el9.x86_64.rpm        482 kB/s |  67 kB     00:00    
Test OLM installation	UNKNOWN STEP	2025-11-14T14:44:46.8024122Z #14 2.750 (5/84): bzip2-libs-1.0.8-10.el9_5.x86_64.rpm    790 kB/s |  42 kB     00:00    
Test OLM installation	UNKNOWN STEP	2025-11-14T14:44:46.8024930Z #14 2.762 (6/84): ca-certificates-2024.2.69_v8.0.303-91.4  42 MB/s | 1.0 MB     00:00    
Test OLM installation	UNKNOWN STEP	2025-11-14T14:44:46.8025877Z #14 2.775 (7/84): crypto-policies-scripts-20250905-1.git3 7.5 MB/s | 102 kB     00:00    
Test OLM installation	UNKNOWN STEP	2025-11-14T14:44:46.8026644Z #14 2.790 (8/84): cups-libs-2.3.3op2-34.el9_7.x86_64.rpm   17 MB/s | 261 kB     00:00    
Test OLM installation	UNKNOWN STEP	2025-11-14T14:44:46.8027380Z #14 2.803 (9/84): crypto-policies-20250905-1.git377cc42.e 1.7 MB/s |  90 kB     00:00    
Test OLM installation	UNKNOWN STEP	2025-11-14T14:44:46.9027226Z #14 2.805 (10/84): dbus-libs-1.12.20-8.el9.x86_64.rpm      11 MB/s | 154 kB     00:00    
Test OLM installation	UNKNOWN STEP	2025-11-14T14:44:46.9028050Z #14 2.841 (11/84): expat-2.5.0-5.el9_6.x86_64.rpm         3.1 MB/s | 119 kB     00:00    
Test OLM installation	UNKNOWN STEP	2025-11-14T14:44:46.9028962Z #14 2.852 (12/84): filesystem-3.16-5.el9.x86_64.rpm       101 MB/s | 4.8 MB     00:00    
Test OLM installation	UNKNOWN STEP	2025-11-14T14:44:46.9029778Z #14 2.861 (13/84): coreutils-single-8.32-39.el9.x86_64.rp 5.4 MB/s | 625 kB     00:00    
Test OLM installation	UNKNOWN STEP	2025-11-14T14:44:46.9030562Z #14 2.874 (14/84): gawk-5.1.0-6.el9.x86_64.rpm             46 MB/s | 1.0 MB     00:00    
Test OLM installation	UNKNOWN STEP	2025-11-14T14:44:46.9031075Z #14 2.888 (15/84): gdbm-libs-1.23-1.el9.x86_64.rpm        2.2 MB/s |  59 kB     00:00    
Test OLM installation	UNKNOWN STEP	2025-11-14T14:44:46.9031547Z #14 2.904 (16/84): glibc-2.34-231.el9_7.2.x86_64.rpm       67 MB/s | 2.0 MB     00:00    
Test OLM installation	UNKNOWN STEP	2025-11-14T14:44:47.0029124Z #14 2.917 (17/84): findutils-4.8.0-7.el9.x86_64.rpm       7.1 MB/s | 550 kB     00:00    
Test OLM installation	UNKNOWN STEP	2025-11-14T14:44:47.0030055Z #14 2.922 (18/84): glibc-langpack-en-2.34-231.el9_7.2.x86  36 MB/s | 660 kB     00:00    
Test OLM installation	UNKNOWN STEP	2025-11-14T14:44:47.0030997Z #14 2.924 (19/84): glibc-common-2.34-231.el9_7.2.x86_64.r 8.5 MB/s | 306 kB     00:00    
Test OLM installation	UNKNOWN STEP	2025-11-14T14:44:47.0031820Z #14 2.945 (20/84): gnutls-3.8.3-9.el9.x86_64.rpm           49 MB/s | 1.1 MB     00:00    
Test OLM installation	UNKNOWN STEP	2025-11-14T14:44:47.0032581Z #14 2.953 (21/84): gmp-6.2.0-13.el9.x86_64.rpm            8.8 MB/s | 319 kB     00:00    
Test OLM installation	UNKNOWN STEP	2025-11-14T14:44:47.0033362Z #14 2.957 (22/84): keyutils-libs-1.6.3-1.el9.x86_64.rpm   2.7 MB/s |  34 kB     00:00    
Test OLM installation	UNKNOWN STEP	2025-11-14T14:44:47.0034141Z #14 2.970 (23/84): libacl-2.3.1-4.el9.x86_64.rpm          1.9 MB/s |  24 kB     00:00    
Test OLM installation	UNKNOWN STEP	2025-11-14T14:44:47.0034804Z #14 2.971 (24/84): grep-3.6-5.el9.x86_64.rpm              5.7 MB/s | 273 kB     00:00    
Test OLM installation	UNKNOWN STEP	2025-11-14T14:44:47.0035516Z #14 2.983 (25/84): libattr-2.5.1-3.el9.x86_64.rpm         1.5 MB/s |  20 kB     00:00    
Test OLM installation	UNKNOWN STEP	2025-11-14T14:44:47.0035974Z #14 2.996 (26/84): libcom_err-1.46.5-8.el9.x86_64.rpm     2.1 MB/s |  26 kB     00:00    
Test OLM installation	UNKNOWN STEP	2025-11-14T14:44:47.0036415Z #14 3.004 (27/84): krb5-libs-1.21.1-8.el9_6.x86_64.rpm     15 MB/s | 766 kB     00:00    
Test OLM installation	UNKNOWN STEP	2025-11-14T14:44:47.1076062Z #14 3.005 (28/84): libcap-2.48-10.el9.x86_64.rpm          2.0 MB/s |  70 kB     00:00    
Test OLM installation	UNKNOWN STEP	2025-11-14T14:44:47.1076922Z #14 3.012 (29/84): libevent-2.1.12-8.el9_4.x86_64.rpm      17 MB/s | 266 kB     00:00    
Test OLM installation	UNKNOWN STEP	2025-11-14T14:44:47.1077878Z #14 3.028 (30/84): libgcrypt-1.10.0-11.el9.x86_64.rpm      31 MB/s | 510 kB     00:00    
Test OLM installation	UNKNOWN STEP	2025-11-14T14:44:47.1078821Z #14 3.033 (31/84): libgcc-11.5.0-11.el9.x86_64.rpm        3.1 MB/s |  85 kB     00:00    
Test OLM installation	UNKNOWN STEP	2025-11-14T14:44:47.1079285Z #14 3.034 (32/84): libffi-3.4.2-8.el9.x86_64.rpm          1.3 MB/s |  40 kB     00:00    
Test OLM installation	UNKNOWN STEP	2025-11-14T14:44:47.1079775Z #14 3.042 (33/84): libgpg-error-1.42-5.el9.x86_64.rpm      16 MB/s | 220 kB     00:00    
Test OLM installation	UNKNOWN STEP	2025-11-14T14:44:47.1080252Z #14 3.056 (34/84): libsepol-3.6-3.el9.x86_64.rpm           24 MB/s | 331 kB     00:00    
Test OLM installation	UNKNOWN STEP	2025-11-14T14:44:47.1080816Z #14 3.061 (35/84): libidn2-2.3.0-7.el9.x86_64.rpm         3.7 MB/s | 105 kB     00:00    
Test OLM installation	UNKNOWN STEP	2025-11-14T14:44:47.1081286Z #14 3.062 (36/84): libselinux-3.6-3.el9.x86_64.rpm        3.1 MB/s |  88 kB     00:00    
Test OLM installation	UNKNOWN STEP	2025-11-14T14:44:47.1081763Z #14 3.069 (37/84): libsigsegv-2.13-4.el9.x86_64.rpm       2.4 MB/s |  30 kB     00:00    
Test OLM installation	UNKNOWN STEP	2025-11-14T14:44:47.1082204Z #14 3.081 (38/84): libuuid-2.37.4-21.el9.x86_64.rpm       2.3 MB/s |  30 kB     00:00    
Test OLM installation	UNKNOWN STEP	2025-11-14T14:44:47.1082653Z #14 3.089 (39/84): libtasn1-4.16.0-9.el9.x86_64.rpm       2.7 MB/s |  77 kB     00:00    
Test OLM installation	UNKNOWN STEP	2025-11-14T14:44:47.1083103Z #14 3.099 (40/84): libunistring-0.9.10-15.el9.x86_64.rpm   13 MB/s | 499 kB     00:00    
Test OLM installation	UNKNOWN STEP	2025-11-14T14:44:47.1083655Z #14 3.109 (41/84): libverto-0.3.2-3.el9.x86_64.rpm        905 kB/s |  24 kB     00:00    
Test OLM installation	UNKNOWN STEP	2025-11-14T14:44:47.2139297Z #14 3.117 (42/84): libxcrypt-4.4.18-3.el9.x86_64.rpm      4.2 MB/s | 120 kB     00:00    
Test OLM installation	UNKNOWN STEP	2025-11-14T14:44:47.2140163Z #14 3.122 (43/84): lksctp-tools-1.0.19-3.el9_4.x86_64.rpm 7.8 MB/s | 104 kB     00:00    
Test OLM installation	UNKNOWN STEP	2025-11-14T14:44:47.2140919Z #14 3.132 (44/84): libzstd-1.5.5-1.el9.x86_64.rpm         8.9 MB/s | 297 kB     00:00    
Test OLM installation	UNKNOWN STEP	2025-11-14T14:44:47.2141642Z #14 3.136 (45/84): lz4-libs-1.9.3-5.el9.x86_64.rpm        5.0 MB/s |  69 kB     00:00    
Test OLM installation	UNKNOWN STEP	2025-11-14T14:44:47.2142358Z #14 3.146 (46/84): lua-libs-5.4.4-4.el9.x86_64.rpm        4.5 MB/s | 132 kB     00:00    
Test OLM installation	UNKNOWN STEP	2025-11-14T14:44:47.2143045Z #14 3.149 (47/84): ncurses-base-6.2-12.20210508.el9.noarc 7.1 MB/s |  96 kB     00:00    
Test OLM installation	UNKNOWN STEP	2025-11-14T14:44:47.2144063Z #14 3.177 (48/84): mpfr-4.1.0-7.el9.x86_64.rpm            7.1 MB/s | 329 kB     00:00    
Test OLM installation	UNKNOWN STEP	2025-11-14T14:44:47.2144818Z #14 3.180 (49/84): ncurses-libs-6.2-12.20210508.el9.x86_6 9.5 MB/s | 328 kB     00:00    
Test OLM installation	UNKNOWN STEP	2025-11-14T14:44:47.2145597Z #14 3.197 (50/84): nettle-3.10.1-1.el9.x86_64.rpm          12 MB/s | 568 kB     00:00    
Test OLM installation	UNKNOWN STEP	2025-11-14T14:44:47.2146125Z #14 3.215 (51/84): openssl-fips-provider-3.0.7-8.el9.x86_ 247 kB/s | 9.2 kB     00:00    
Test OLM installation	UNKNOWN STEP	2025-11-14T14:44:47.3370183Z #14 3.222 (52/84): openssl-fips-provider-so-3.0.7-8.el9.x  13 MB/s | 576 kB     00:00    
Test OLM installation	UNKNOWN STEP	2025-11-14T14:44:47.3370964Z #14 3.242 (53/84): openssl-libs-3.5.1-4.el9_7.x86_64.rpm   52 MB/s | 2.3 MB     00:00    
Test OLM installation	UNKNOWN STEP	2025-11-14T14:44:47.3371438Z #14 3.251 (54/84): p11-kit-trust-0.25.3-3.el9_5.x86_64.rp 5.0 MB/s | 144 kB     00:00    
Test OLM installation	UNKNOWN STEP	2025-11-14T14:44:47.3371872Z #14 3.255 (55/84): p11-kit-0.25.3-3.el9_5.x86_64.rpm       13 MB/s | 536 kB     00:00    
Test OLM installation	UNKNOWN STEP	2025-11-14T14:44:47.3372307Z #14 3.257 (56/84): pcre-8.44-4.el9.x86_64.rpm              13 MB/s | 200 kB     00:00    
Test OLM installation	UNKNOWN STEP	2025-11-14T14:44:47.3372729Z #14 3.270 (57/84): python3-3.9.23-2.el9.x86_64.rpm        2.1 MB/s |  26 kB     00:00    
Test OLM installation	UNKNOWN STEP	2025-11-14T14:44:47.3373132Z #14 3.282 (58/84): pcre2-10.40-6.el9.x86_64.rpm           7.5 MB/s | 236 kB     00:00    
Test OLM installation	UNKNOWN STEP	2025-11-14T14:44:47.3373574Z #14 3.285 (59/84): pcre2-syntax-10.40-6.el9.noarch.rpm    4.8 MB/s | 144 kB     00:00    
Test OLM installation	UNKNOWN STEP	2025-11-14T14:44:47.3374025Z #14 3.338 (60/84): python3-libs-3.9.23-2.el9.x86_64.rpm   119 MB/s | 8.1 MB     00:00    
Test OLM installation	UNKNOWN STEP	2025-11-14T14:44:47.4529908Z #14 3.343 (61/84): python3-pip-wheel-21.3.1-1.el9.noarch.  19 MB/s | 1.1 MB     00:00    
Test OLM installation	UNKNOWN STEP	2025-11-14T14:44:47.4530738Z #14 3.353 (62/84): readline-8.1-4.el9.x86_64.rpm           14 MB/s | 215 kB     00:00    
Test OLM installation	UNKNOWN STEP	2025-11-14T14:44:47.4531230Z #14 3.356 (63/84): python3-setuptools-wheel-53.0.0-15.el9 6.5 MB/s | 468 kB     00:00    
Test OLM installation	UNKNOWN STEP	2025-11-14T14:44:47.4532132Z #14 3.368 (64/84): redhat-release-9.7-0.7.el9.x86_64.rpm  2.1 MB/s |  53 kB     00:00    
Test OLM installation	UNKNOWN STEP	2025-11-14T14:44:47.4532752Z #14 3.370 (65/84): sed-4.8-9.el9.x86_64.rpm                18 MB/s | 309 kB     00:00    
Test OLM installation	UNKNOWN STEP	2025-11-14T14:44:47.4533194Z #14 3.386 (66/84): systemd-libs-252-55.el9_7.2.x86_64.rpm  42 MB/s | 676 kB     00:00    
Test OLM installation	UNKNOWN STEP	2025-11-14T14:44:47.4533636Z #14 3.390 (67/84): setup-2.13.7-10.el9.noarch.rpm         4.3 MB/s | 150 kB     00:00    
Test OLM installation	UNKNOWN STEP	2025-11-14T14:44:47.4534062Z #14 3.400 (68/84): sqlite-libs-3.34.1-9.el9_7.x86_64.rpm   20 MB/s | 642 kB     00:00    
Test OLM installation	UNKNOWN STEP	2025-11-14T14:44:47.4534486Z #14 3.406 (69/84): tzdata-2025b-2.el9.noarch.rpm           46 MB/s | 901 kB     00:00    
Test OLM installation	UNKNOWN STEP	2025-11-14T14:44:47.4534904Z #14 3.426 (70/84): xz-libs-5.2.5-8.el9_0.x86_64.rpm       2.6 MB/s |  94 kB     00:00    
Test OLM installation	UNKNOWN STEP	2025-11-14T14:44:47.4535302Z #14 3.428 (71/84): zlib-1.2.11-40.el9.x86_64.rpm          3.3 MB/s |  93 kB     00:00    
Test OLM installation	UNKNOWN STEP	2025-11-14T14:44:47.4536659Z #14 3.431 (72/84): copy-jdk-configs-4.0-3.el9.noarch.rpm  1.1 MB/s |  29 kB     00:00    
Test OLM installation	UNKNOWN STEP	2025-11-14T14:44:47.4537131Z #14 3.454 (73/84): lua-5.4.4-4.el9.x86_64.rpm             6.9 MB/s | 192 kB     00:00    
Test OLM installation	UNKNOWN STEP	2025-11-14T14:44:47.5642447Z #14 3.459 (74/84): lua-posix-35.0-8.el9.x86_64.rpm        4.9 MB/s | 155 kB     00:00    
Test OLM installation	UNKNOWN STEP	2025-11-14T14:44:47.5643382Z #14 3.486 (75/84): alsa-lib-1.2.14-1.el9.x86_64.rpm       9.6 MB/s | 529 kB     00:00    
Test OLM installation	UNKNOWN STEP	2025-11-14T14:44:47.5644496Z #14 3.494 (76/84): javapackages-filesystem-6.4.0-1.el9.no 486 kB/s |  17 kB     00:00    
Test OLM installation	UNKNOWN STEP	2025-11-14T14:44:47.5645604Z #14 3.501 (77/84): nspr-4.36.0-4.el9_4.x86_64.rpm         8.7 MB/s | 133 kB     00:00    
Test OLM installation	UNKNOWN STEP	2025-11-14T14:44:47.5646084Z #14 3.517 (78/84): nss-softokn-3.112.0-4.el9_4.x86_64.rpm  25 MB/s | 400 kB     00:00    
Test OLM installation	UNKNOWN STEP	2025-11-14T14:44:47.5646577Z #14 3.537 (79/84): nss-softokn-freebl-3.112.0-4.el9_4.x86  20 MB/s | 413 kB     00:00    
Test OLM installation	UNKNOWN STEP	2025-11-14T14:44:47.5647919Z #14 3.548 (80/84): nss-3.112.0-4.el9_4.x86_64.rpm          13 MB/s | 723 kB     00:00    
Test OLM installation	UNKNOWN STEP	2025-11-14T14:44:47.5648644Z #14 3.550 (81/84): nss-sysinit-3.112.0-4.el9_4.x86_64.rpm 1.4 MB/s |  18 kB     00:00    
Test OLM installation	UNKNOWN STEP	2025-11-14T14:44:47.5650109Z #14 3.565 (82/84): tzdata-java-2025b-2.el9.noarch.rpm      15 MB/s | 223 kB     00:00    
Test OLM installation	UNKNOWN STEP	2025-11-14T14:44:47.7432720Z #14 3.593 (83/84): nss-util-3.112.0-4.el9_4.x86_64.rpm    1.9 MB/s |  89 kB     00:00    
Test OLM installation	UNKNOWN STEP	2025-11-14T14:44:47.9443298Z #14 3.945 (84/84): java-21-openjdk-headless-21.0.9.0.10-1 100 MB/s |  49 MB     00:00    
Test OLM installation	UNKNOWN STEP	2025-11-14T14:44:48.1821198Z #14 3.949 --------------------------------------------------------------------------------
Test OLM installation	UNKNOWN STEP	2025-11-14T14:44:48.1821635Z #14 3.949 Total                                            66 MB/s |  89 MB     00:01     
Test OLM installation	UNKNOWN STEP	2025-11-14T14:44:48.1822059Z #14 3.961 Red Hat Universal Base Image 9 (RPMs) - BaseOS  3.5 MB/s | 3.6 kB     00:00    
Test OLM installation	UNKNOWN STEP	2025-11-14T14:44:48.1822434Z #14 4.029 Importing GPG key 0xFD431D51:
Test OLM installation	UNKNOWN STEP	2025-11-14T14:44:48.1822766Z #14 4.029  Userid     : "Red Hat, Inc. (release key 2) <security@redhat.com>"
Test OLM installation	UNKNOWN STEP	2025-11-14T14:44:48.1823172Z #14 4.029  Fingerprint: 567E 347A D004 4ADE 55BA 8A5F 199E 2F91 FD43 1D51
Test OLM installation	UNKNOWN STEP	2025-11-14T14:44:48.1823625Z #14 4.029  From       : /etc/pki/rpm-gpg/RPM-GPG-KEY-redhat-release
Test OLM installation	UNKNOWN STEP	2025-11-14T14:44:48.1823936Z #14 4.031 Key imported successfully
Test OLM installation	UNKNOWN STEP	2025-11-14T14:44:48.1824169Z #14 4.031 Importing GPG key 0x5A6340B3:
Test OLM installation	UNKNOWN STEP	2025-11-14T14:44:48.1824488Z #14 4.031  Userid     : "Red Hat, Inc. (auxiliary key 3) <security@redhat.com>"
Test OLM installation	UNKNOWN STEP	2025-11-14T14:44:48.1824884Z #14 4.031  Fingerprint: 7E46 2425 8C40 6535 D56D 6F13 5054 E4A4 5A63 40B3
Test OLM installation	UNKNOWN STEP	2025-11-14T14:44:48.1825253Z #14 4.031  From       : /etc/pki/rpm-gpg/RPM-GPG-KEY-redhat-release
Test OLM installation	UNKNOWN STEP	2025-11-14T14:44:48.1825556Z #14 4.033 Key imported successfully
Test OLM installation	UNKNOWN STEP	2025-11-14T14:44:49.0753941Z #14 5.076 Running transaction check
Test OLM installation	UNKNOWN STEP	2025-11-14T14:44:49.2782263Z #14 5.128 Transaction check succeeded.
Test OLM installation	UNKNOWN STEP	2025-11-14T14:44:49.2782620Z #14 5.129 Running transaction test
Test OLM installation	UNKNOWN STEP	2025-11-14T14:44:49.9207894Z #14 5.922 Transaction test succeeded.
Test OLM installation	UNKNOWN STEP	2025-11-14T14:44:50.0718139Z #14 5.922 Running transaction
Test OLM installation	UNKNOWN STEP	2025-11-14T14:44:50.6985248Z #14 6.546   Running scriptlet: filesystem-3.16-5.el9.x86_64                           1/1 
Test OLM installation	UNKNOWN STEP	2025-11-14T14:44:50.6986821Z #14 6.548   Running scriptlet: copy-jdk-configs-4.0-3.el9.noarch                      1/1 
Test OLM installation	UNKNOWN STEP	2025-11-14T14:44:50.8211193Z #14 6.549   Running scriptlet: java-21-openjdk-headless-1:21.0.9.0.10-1.el9.x86_64    1/1 
Test OLM installation	UNKNOWN STEP	2025-11-14T14:44:51.0111398Z #14 6.822   Preparing        :                                                        1/1 
Test OLM installation	UNKNOWN STEP	2025-11-14T14:44:51.1192675Z #14 7.012   Installing       : tzdata-2025b-2.el9.noarch                             1/84 
Test OLM installation	UNKNOWN STEP	2025-11-14T14:44:51.1193682Z #14 7.058   Installing       : tzdata-java-2025b-2.el9.noarch                        2/84 
Test OLM installation	UNKNOWN STEP	2025-11-14T14:44:51.1194467Z #14 7.064   Installing       : javapackages-filesystem-6.4.0-1.el9.noarch            3/84 
Test OLM installation	UNKNOWN STEP	2025-11-14T14:44:51.1195247Z #14 7.070   Installing       : redhat-release-9.7-0.7.el9.x86_64                     4/84 
Test OLM installation	UNKNOWN STEP	2025-11-14T14:44:51.1195959Z #14 7.077   Installing       : setup-2.13.7-10.el9.noarch                            5/84 
Test OLM installation	UNKNOWN STEP	2025-11-14T14:44:51.1196924Z #14 7.079   Running scriptlet: setup-2.13.7-10.el9.noarch                            5/84 
Test OLM installation	UNKNOWN STEP	2025-11-14T14:44:51.2200477Z #14 7.120   Installing       : filesystem-3.16-5.el9.x86_64                          6/84 
Test OLM installation	UNKNOWN STEP	2025-11-14T14:44:51.2201344Z #14 7.166   Installing       : basesystem-11-13.el9.noarch                           7/84 
Test OLM installation	UNKNOWN STEP	2025-11-14T14:44:51.2202181Z #14 7.170   Installing       : python3-setuptools-wheel-53.0.0-15.el9.noarch         8/84 
Test OLM installation	UNKNOWN STEP	2025-11-14T14:44:51.2203040Z #14 7.172   Installing       : pcre2-syntax-10.40-6.el9.noarch                       9/84 
Test OLM installation	UNKNOWN STEP	2025-11-14T14:44:51.2203888Z #14 7.192   Installing       : ncurses-base-6.2-12.20210508.el9.noarch              10/84 
Test OLM installation	UNKNOWN STEP	2025-11-14T14:44:51.2204934Z #14 7.203   Installing       : ncurses-libs-6.2-12.20210508.el9.x86_64              11/84 
Test OLM installation	UNKNOWN STEP	2025-11-14T14:44:51.2205725Z #14 7.219   Installing       : bash-5.1.8-9.el9.x86_64                              12/84 
Test OLM installation	UNKNOWN STEP	2025-11-14T14:44:51.3381834Z #14 7.221   Running scriptlet: bash-5.1.8-9.el9.x86_64                              12/84 
Test OLM installation	UNKNOWN STEP	2025-11-14T14:44:51.3382760Z #14 7.224   Installing       : libgcc-11.5.0-11.el9.x86_64                          13/84 
Test OLM installation	UNKNOWN STEP	2025-11-14T14:44:51.3383593Z #14 7.225   Running scriptlet: libgcc-11.5.0-11.el9.x86_64                          13/84 
Test OLM installation	UNKNOWN STEP	2025-11-14T14:44:51.3384435Z #14 7.289   Installing       : glibc-langpack-en-2.34-231.el9_7.2.x86_64            14/84 
Test OLM installation	UNKNOWN STEP	2025-11-14T14:44:51.3385249Z #14 7.304   Installing       : glibc-common-2.34-231.el9_7.2.x86_64                 15/84 
Test OLM installation	UNKNOWN STEP	2025-11-14T14:44:51.3386048Z #14 7.307   Running scriptlet: glibc-2.34-231.el9_7.2.x86_64                        16/84 
Test OLM installation	UNKNOWN STEP	2025-11-14T14:44:51.4918609Z #14 7.339   Installing       : glibc-2.34-231.el9_7.2.x86_64                        16/84 
Test OLM installation	UNKNOWN STEP	2025-11-14T14:44:51.8523663Z #14 7.342   Running scriptlet: glibc-2.34-231.el9_7.2.x86_64                        16/84 
Test OLM installation	UNKNOWN STEP	2025-11-14T14:44:52.0773352Z #14 7.853   Installing       : crypto-policies-20250905-1.git377cc42.el9_7.noarch   17/84 
Test OLM installation	UNKNOWN STEP	2025-11-14T14:44:52.0774075Z #14 7.856   Running scriptlet: crypto-policies-20250905-1.git377cc42.el9_7.noarch   17/84 
Test OLM installation	UNKNOWN STEP	2025-11-14T14:44:52.0774659Z #14 7.860   Installing       : nspr-4.36.0-4.el9_4.x86_64                           18/84 
Test OLM installation	UNKNOWN STEP	2025-11-14T14:44:52.0775162Z #14 7.863   Installing       : nss-util-3.112.0-4.el9_4.x86_64                      19/84 
Test OLM installation	UNKNOWN STEP	2025-11-14T14:44:52.0775672Z #14 7.866   Installing       : zlib-1.2.11-40.el9.x86_64                            20/84 
Test OLM installation	UNKNOWN STEP	2025-11-14T14:44:52.0776175Z #14 7.870   Installing       : libtasn1-4.16.0-9.el9.x86_64                         21/84 
Test OLM installation	UNKNOWN STEP	2025-11-14T14:44:52.0776696Z #14 7.874   Installing       : libxcrypt-4.4.18-3.el9.x86_64                        22/84 
Test OLM installation	UNKNOWN STEP	2025-11-14T14:44:52.0777210Z #14 7.879   Installing       : readline-8.1-4.el9.x86_64                            23/84 
Test OLM installation	UNKNOWN STEP	2025-11-14T14:44:52.0777727Z #14 7.886   Installing       : sqlite-libs-3.34.1-9.el9_7.x86_64                    24/84 
Test OLM installation	UNKNOWN STEP	2025-11-14T14:44:52.0778469Z #14 7.889   Installing       : alternatives-1.24-2.el9.x86_64                       25/84 
Test OLM installation	UNKNOWN STEP	2025-11-14T14:44:52.0779529Z #14 7.895   Installing       : gmp-1:6.2.0-13.el9.x86_64                            26/84 
Test OLM installation	UNKNOWN STEP	2025-11-14T14:44:52.0780249Z #14 7.898   Installing       : libattr-2.5.1-3.el9.x86_64                           27/84 
Test OLM installation	UNKNOWN STEP	2025-11-14T14:44:52.0780769Z #14 7.901   Installing       : libacl-2.3.1-4.el9.x86_64                            28/84 
Test OLM installation	UNKNOWN STEP	2025-11-14T14:44:52.0781276Z #14 7.906   Installing       : libcap-2.48-10.el9.x86_64                            29/84 
Test OLM installation	UNKNOWN STEP	2025-11-14T14:44:52.0781776Z #14 7.909   Installing       : libffi-3.4.2-8.el9.x86_64                            30/84 
Test OLM installation	UNKNOWN STEP	2025-11-14T14:44:52.0782279Z #14 7.920   Installing       : p11-kit-0.25.3-3.el9_5.x86_64                        31/84 
Test OLM installation	UNKNOWN STEP	2025-11-14T14:44:52.0782786Z #14 7.926   Installing       : p11-kit-trust-0.25.3-3.el9_5.x86_64                  32/84 
Test OLM installation	UNKNOWN STEP	2025-11-14T14:44:52.1793266Z #14 7.928   Running scriptlet: p11-kit-trust-0.25.3-3.el9_5.x86_64                  32/84 
Test OLM installation	UNKNOWN STEP	2025-11-14T14:44:52.2837236Z #14 8.180   Installing       : libsigsegv-2.13-4.el9.x86_64                         33/84 
Test OLM installation	UNKNOWN STEP	2025-11-14T14:44:52.2838192Z #14 8.188   Installing       : libunistring-0.9.10-15.el9.x86_64                    34/84 
Test OLM installation	UNKNOWN STEP	2025-11-14T14:44:52.2839211Z #14 8.193   Installing       : lua-libs-5.4.4-4.el9.x86_64                          35/84 
Test OLM installation	UNKNOWN STEP	2025-11-14T14:44:52.2840019Z #14 8.196   Installing       : xz-libs-5.2.5-8.el9_0.x86_64                         36/84 
Test OLM installation	UNKNOWN STEP	2025-11-14T14:44:52.2840821Z #14 8.200   Installing       : lua-5.4.4-4.el9.x86_64                               37/84 
Test OLM installation	UNKNOWN STEP	2025-11-14T14:44:52.2841408Z #14 8.214   Installing       : lua-posix-35.0-8.el9.x86_64                          38/84 
Test OLM installation	UNKNOWN STEP	2025-11-14T14:44:52.2841948Z #14 8.219   Installing       : libidn2-2.3.0-7.el9.x86_64                           39/84 
Test OLM installation	UNKNOWN STEP	2025-11-14T14:44:52.2842467Z #14 8.225   Installing       : mpfr-4.1.0-7.el9.x86_64                              40/84 
Test OLM installation	UNKNOWN STEP	2025-11-14T14:44:52.2843056Z #14 8.238   Installing       : gawk-5.1.0-6.el9.x86_64                              41/84 
Test OLM installation	UNKNOWN STEP	2025-11-14T14:44:52.2843658Z #14 8.247   Installing       : nss-softokn-freebl-3.112.0-4.el9_4.x86_64            42/84 
Test OLM installation	UNKNOWN STEP	2025-11-14T14:44:52.2844671Z #14 8.255   Installing       : nss-softokn-3.112.0-4.el9_4.x86_64                   43/84 
Test OLM installation	UNKNOWN STEP	2025-11-14T14:44:52.2845551Z #14 8.259   Installing       : bzip2-libs-1.0.8-10.el9_5.x86_64                     44/84 
Test OLM installation	UNKNOWN STEP	2025-11-14T14:44:52.2846062Z #14 8.263   Installing       : expat-2.5.0-5.el9_6.x86_64                           45/84 
Test OLM installation	UNKNOWN STEP	2025-11-14T14:44:52.2846851Z #14 8.266   Installing       : gdbm-libs-1:1.23-1.el9.x86_64                        46/84 
Test OLM installation	UNKNOWN STEP	2025-11-14T14:44:52.2847528Z #14 8.269   Installing       : keyutils-libs-1.6.3-1.el9.x86_64                     47/84 
Test OLM installation	UNKNOWN STEP	2025-11-14T14:44:52.2848174Z #14 8.272   Installing       : libcom_err-1.46.5-8.el9.x86_64                       48/84 
Test OLM installation	UNKNOWN STEP	2025-11-14T14:44:52.2848820Z #14 8.277   Installing       : libgpg-error-1.42-5.el9.x86_64                       49/84 
Test OLM installation	UNKNOWN STEP	2025-11-14T14:44:52.5289987Z #14 8.285   Installing       : libgcrypt-1.10.0-11.el9.x86_64                       50/84 
Test OLM installation	UNKNOWN STEP	2025-11-14T14:44:52.5290832Z #14 8.290   Installing       : libsepol-3.6-3.el9.x86_64                            51/84 
Test OLM installation	UNKNOWN STEP	2025-11-14T14:44:52.5291621Z #14 8.293   Installing       : libuuid-2.37.4-21.el9.x86_64                         52/84 
Test OLM installation	UNKNOWN STEP	2025-11-14T14:44:52.5292354Z #14 8.297   Installing       : libverto-0.3.2-3.el9.x86_64                          53/84 
Test OLM installation	UNKNOWN STEP	2025-11-14T14:44:52.5293075Z #14 8.302   Installing       : libzstd-1.5.5-1.el9.x86_64                           54/84 
Test OLM installation	UNKNOWN STEP	2025-11-14T14:44:52.5293800Z #14 8.308   Installing       : lksctp-tools-1.0.19-3.el9_4.x86_64                   55/84 
Test OLM installation	UNKNOWN STEP	2025-11-14T14:44:52.5294529Z #14 8.311   Installing       : lz4-libs-1.9.3-5.el9.x86_64                          56/84 
Test OLM installation	UNKNOWN STEP	2025-11-14T14:44:52.5295234Z #14 8.318   Installing       : nettle-3.10.1-1.el9.x86_64                           57/84 
Test OLM installation	UNKNOWN STEP	2025-11-14T14:44:52.5295941Z #14 8.330   Installing       : gnutls-3.8.3-9.el9.x86_64                            58/84 
Test OLM installation	UNKNOWN STEP	2025-11-14T14:44:52.5297160Z #14 8.336   Installing       : pcre-8.44-4.el9.x86_64                               59/84 
Test OLM installation	UNKNOWN STEP	2025-11-14T14:44:52.5297867Z #14 8.341   Installing       : grep-3.6-5.el9.x86_64                                60/84 
Test OLM installation	UNKNOWN STEP	2025-11-14T14:44:52.5298748Z #14 8.347   Installing       : pcre2-10.40-6.el9.x86_64                             61/84 
Test OLM installation	UNKNOWN STEP	2025-11-14T14:44:52.5299472Z #14 8.351   Installing       : libselinux-3.6-3.el9.x86_64                          62/84 
Test OLM installation	UNKNOWN STEP	2025-11-14T14:44:52.5300223Z #14 8.371   Installing       : coreutils-single-8.32-39.el9.x86_64                  63/84 
Test OLM installation	UNKNOWN STEP	2025-11-14T14:44:52.5300947Z #14 8.377   Installing       : sed-4.8-9.el9.x86_64                                 64/84 
Test OLM installation	UNKNOWN STEP	2025-11-14T14:44:52.6366503Z #14 8.379   Running scriptlet: ca-certificates-2024.2.69_v8.0.303-91.4.el9_4.noar   65/84 
Test OLM installation	UNKNOWN STEP	2025-11-14T14:44:52.7907780Z #14 8.637   Installing       : ca-certificates-2024.2.69_v8.0.303-91.4.el9_4.noar   65/84 
Test OLM installation	UNKNOWN STEP	2025-11-14T14:44:53.7378186Z #14 8.641   Running scriptlet: ca-certificates-2024.2.69_v8.0.303-91.4.el9_4.noar   65/84 
Test OLM installation	UNKNOWN STEP	2025-11-14T14:44:53.9528965Z #14 9.739   Installing       : python3-pip-wheel-21.3.1-1.el9.noarch                66/84 
Test OLM installation	UNKNOWN STEP	2025-11-14T14:44:53.9529737Z #14 9.746   Installing       : openssl-fips-provider-so-3.0.7-8.el9.x86_64          67/84 
Test OLM installation	UNKNOWN STEP	2025-11-14T14:44:53.9530521Z #14 9.748   Installing       : openssl-fips-provider-3.0.7-8.el9.x86_64             68/84 
Test OLM installation	UNKNOWN STEP	2025-11-14T14:44:53.9531047Z #14 9.775   Installing       : openssl-libs-1:3.5.1-4.el9_7.x86_64                  69/84 
Test OLM installation	UNKNOWN STEP	2025-11-14T14:44:53.9531543Z #14 9.791   Installing       : krb5-libs-1.21.1-8.el9_6.x86_64                      70/84 
Test OLM installation	UNKNOWN STEP	2025-11-14T14:44:53.9532024Z #14 9.800   Installing       : libevent-2.1.12-8.el9_4.x86_64                       71/84 
Test OLM installation	UNKNOWN STEP	2025-11-14T14:44:54.1518023Z #14 9.803   Installing       : python3-3.9.23-2.el9.x86_64                          72/84 
Test OLM installation	UNKNOWN STEP	2025-11-14T14:44:54.3391048Z #14 10.15   Installing       : python3-libs-3.9.23-2.el9.x86_64                     73/84 
Test OLM installation	UNKNOWN STEP	2025-11-14T14:44:54.3391905Z #14 10.17   Installing       : crypto-policies-scripts-20250905-1.git377cc42.el9_   74/84 
Test OLM installation	UNKNOWN STEP	2025-11-14T14:44:54.3392710Z #14 10.18   Installing       : nss-sysinit-3.112.0-4.el9_4.x86_64                   75/84 
Test OLM installation	UNKNOWN STEP	2025-11-14T14:44:54.3393445Z #14 10.19   Installing       : nss-3.112.0-4.el9_4.x86_64                           76/84 
Test OLM installation	UNKNOWN STEP	2025-11-14T14:44:54.4445892Z #14 10.19   Running scriptlet: nss-3.112.0-4.el9_4.x86_64                           76/84 
Test OLM installation	UNKNOWN STEP	2025-11-14T14:44:54.5980708Z #14 10.45   Installing       : systemd-libs-252-55.el9_7.2.x86_64                   77/84 
Test OLM installation	UNKNOWN STEP	2025-11-14T14:44:54.7087761Z #14 10.45   Running scriptlet: systemd-libs-252-55.el9_7.2.x86_64                   77/84 
Test OLM installation	UNKNOWN STEP	2025-11-14T14:44:54.8964593Z #14 10.71   Installing       : dbus-libs-1:1.12.20-8.el9.x86_64                     78/84 
Test OLM installation	UNKNOWN STEP	2025-11-14T14:44:54.8965689Z #14 10.71   Installing       : avahi-libs-0.8-23.el9.x86_64                         79/84 
Test OLM installation	UNKNOWN STEP	2025-11-14T14:44:54.8966664Z #14 10.72   Installing       : cups-libs-1:2.3.3op2-34.el9_7.x86_64                 80/84 
Test OLM installation	UNKNOWN STEP	2025-11-14T14:44:54.8967551Z #14 10.73   Installing       : findutils-1:4.8.0-7.el9.x86_64                       81/84 
Test OLM installation	UNKNOWN STEP	2025-11-14T14:44:54.8968713Z #14 10.73   Installing       : copy-jdk-configs-4.0-3.el9.noarch                    82/84 
Test OLM installation	UNKNOWN STEP	2025-11-14T14:44:55.5664506Z #14 10.75   Installing       : alsa-lib-1.2.14-1.el9.x86_64                         83/84 
Test OLM installation	UNKNOWN STEP	2025-11-14T14:44:55.7221375Z #14 11.57   Installing       : java-21-openjdk-headless-1:21.0.9.0.10-1.el9.x86_6   84/84 
Test OLM installation	UNKNOWN STEP	2025-11-14T14:44:55.8299154Z #14 11.57   Running scriptlet: java-21-openjdk-headless-1:21.0.9.0.10-1.el9.x86_6   84/84 
Test OLM installation	UNKNOWN STEP	2025-11-14T14:44:56.0810067Z #14 11.83   Running scriptlet: filesystem-3.16-5.el9.x86_64                         84/84 
Test OLM installation	UNKNOWN STEP	2025-11-14T14:44:57.1899591Z #14 12.08   Running scriptlet: ca-certificates-2024.2.69_v8.0.303-91.4.el9_4.noar   84/84 
Test OLM installation	UNKNOWN STEP	2025-11-14T14:44:57.7879814Z #14 13.19   Running scriptlet: crypto-policies-scripts-20250905-1.git377cc42.el9_   84/84 
Test OLM installation	UNKNOWN STEP	2025-11-14T14:44:58.3873443Z #14 13.79   Running scriptlet: nss-3.112.0-4.el9_4.x86_64                           84/84 
Test OLM installation	UNKNOWN STEP	2025-11-14T14:44:58.6430800Z #14 14.39   Running scriptlet: copy-jdk-configs-4.0-3.el9.noarch                    84/84 
Test OLM installation	UNKNOWN STEP	2025-11-14T14:44:59.1917770Z #14 14.64   Running scriptlet: java-21-openjdk-headless-1:21.0.9.0.10-1.el9.x86_6   84/84 
Test OLM installation	UNKNOWN STEP	2025-11-14T14:44:59.1923655Z #14 15.19   Verifying        : alternatives-1.24-2.el9.x86_64                        1/84 
Test OLM installation	UNKNOWN STEP	2025-11-14T14:44:59.3929033Z #14 15.19   Verifying        : avahi-libs-0.8-23.el9.x86_64                          2/84 
Test OLM installation	UNKNOWN STEP	2025-11-14T14:44:59.3930256Z #14 15.19   Verifying        : basesystem-11-13.el9.noarch                           3/84 
Test OLM installation	UNKNOWN STEP	2025-11-14T14:44:59.3931145Z #14 15.19   Verifying        : bash-5.1.8-9.el9.x86_64                               4/84 
Test OLM installation	UNKNOWN STEP	2025-11-14T14:44:59.3931881Z #14 15.19   Verifying        : bzip2-libs-1.0.8-10.el9_5.x86_64                      5/84 
Test OLM installation	UNKNOWN STEP	2025-11-14T14:44:59.3932606Z #14 15.19   Verifying        : ca-certificates-2024.2.69_v8.0.303-91.4.el9_4.noar    6/84 
Test OLM installation	UNKNOWN STEP	2025-11-14T14:44:59.3933283Z #14 15.19   Verifying        : coreutils-single-8.32-39.el9.x86_64                   7/84 
Test OLM installation	UNKNOWN STEP	2025-11-14T14:44:59.3933766Z #14 15.19   Verifying        : crypto-policies-20250905-1.git377cc42.el9_7.noarch    8/84 
Test OLM installation	UNKNOWN STEP	2025-11-14T14:44:59.3934243Z #14 15.19   Verifying        : crypto-policies-scripts-20250905-1.git377cc42.el9_    9/84 
Test OLM installation	UNKNOWN STEP	2025-11-14T14:44:59.3934707Z #14 15.19   Verifying        : cups-libs-1:2.3.3op2-34.el9_7.x86_64                 10/84 
Test OLM installation	UNKNOWN STEP	2025-11-14T14:44:59.3935117Z #14 15.19   Verifying        : dbus-libs-1:1.12.20-8.el9.x86_64                     11/84 
Test OLM installation	UNKNOWN STEP	2025-11-14T14:44:59.3935531Z #14 15.19   Verifying        : expat-2.5.0-5.el9_6.x86_64                           12/84 
Test OLM installation	UNKNOWN STEP	2025-11-14T14:44:59.3935960Z #14 15.19   Verifying        : filesystem-3.16-5.el9.x86_64                         13/84 
Test OLM installation	UNKNOWN STEP	2025-11-14T14:44:59.3936369Z #14 15.19   Verifying        : findutils-1:4.8.0-7.el9.x86_64                       14/84 
Test OLM installation	UNKNOWN STEP	2025-11-14T14:44:59.3936774Z #14 15.19   Verifying        : gawk-5.1.0-6.el9.x86_64                              15/84 
Test OLM installation	UNKNOWN STEP	2025-11-14T14:44:59.3937178Z #14 15.19   Verifying        : gdbm-libs-1:1.23-1.el9.x86_64                        16/84 
Test OLM installation	UNKNOWN STEP	2025-11-14T14:44:59.3937578Z #14 15.19   Verifying        : glibc-2.34-231.el9_7.2.x86_64                        17/84 
Test OLM installation	UNKNOWN STEP	2025-11-14T14:44:59.3937979Z #14 15.19   Verifying        : glibc-common-2.34-231.el9_7.2.x86_64                 18/84 
Test OLM installation	UNKNOWN STEP	2025-11-14T14:44:59.3938691Z #14 15.19   Verifying        : glibc-langpack-en-2.34-231.el9_7.2.x86_64            19/84 
Test OLM installation	UNKNOWN STEP	2025-11-14T14:44:59.3939112Z #14 15.19   Verifying        : gmp-1:6.2.0-13.el9.x86_64                            20/84 
Test OLM installation	UNKNOWN STEP	2025-11-14T14:44:59.3939499Z #14 15.19   Verifying        : gnutls-3.8.3-9.el9.x86_64                            21/84 
Test OLM installation	UNKNOWN STEP	2025-11-14T14:44:59.3939894Z #14 15.19   Verifying        : grep-3.6-5.el9.x86_64                                22/84 
Test OLM installation	UNKNOWN STEP	2025-11-14T14:44:59.3940306Z #14 15.19   Verifying        : keyutils-libs-1.6.3-1.el9.x86_64                     23/84 
Test OLM installation	UNKNOWN STEP	2025-11-14T14:44:59.3940727Z #14 15.19   Verifying        : krb5-libs-1.21.1-8.el9_6.x86_64                      24/84 
Test OLM installation	UNKNOWN STEP	2025-11-14T14:44:59.3941119Z #14 15.19   Verifying        : libacl-2.3.1-4.el9.x86_64                            25/84 
Test OLM installation	UNKNOWN STEP	2025-11-14T14:44:59.3941515Z #14 15.19   Verifying        : libattr-2.5.1-3.el9.x86_64                           26/84 
Test OLM installation	UNKNOWN STEP	2025-11-14T14:44:59.3941914Z #14 15.19   Verifying        : libcap-2.48-10.el9.x86_64                            27/84 
Test OLM installation	UNKNOWN STEP	2025-11-14T14:44:59.3942312Z #14 15.19   Verifying        : libcom_err-1.46.5-8.el9.x86_64                       28/84 
Test OLM installation	UNKNOWN STEP	2025-11-14T14:44:59.3942710Z #14 15.19   Verifying        : libevent-2.1.12-8.el9_4.x86_64                       29/84 
Test OLM installation	UNKNOWN STEP	2025-11-14T14:44:59.3943108Z #14 15.20   Verifying        : libffi-3.4.2-8.el9.x86_64                            30/84 
Test OLM installation	UNKNOWN STEP	2025-11-14T14:44:59.3943507Z #14 15.20   Verifying        : libgcc-11.5.0-11.el9.x86_64                          31/84 
Test OLM installation	UNKNOWN STEP	2025-11-14T14:44:59.3944285Z #14 15.20   Verifying        : libgcrypt-1.10.0-11.el9.x86_64                       32/84 
Test OLM installation	UNKNOWN STEP	2025-11-14T14:44:59.3944871Z #14 15.20   Verifying        : libgpg-error-1.42-5.el9.x86_64                       33/84 
Test OLM installation	UNKNOWN STEP	2025-11-14T14:44:59.3945288Z #14 15.20   Verifying        : libidn2-2.3.0-7.el9.x86_64                           34/84 
Test OLM installation	UNKNOWN STEP	2025-11-14T14:44:59.3945697Z #14 15.20   Verifying        : libselinux-3.6-3.el9.x86_64                          35/84 
Test OLM installation	UNKNOWN STEP	2025-11-14T14:44:59.3946102Z #14 15.20   Verifying        : libsepol-3.6-3.el9.x86_64                            36/84 
Test OLM installation	UNKNOWN STEP	2025-11-14T14:44:59.3946511Z #14 15.20   Verifying        : libsigsegv-2.13-4.el9.x86_64                         37/84 
Test OLM installation	UNKNOWN STEP	2025-11-14T14:44:59.3946922Z #14 15.20   Verifying        : libtasn1-4.16.0-9.el9.x86_64                         38/84 
Test OLM installation	UNKNOWN STEP	2025-11-14T14:44:59.3947333Z #14 15.20   Verifying        : libunistring-0.9.10-15.el9.x86_64                    39/84 
Test OLM installation	UNKNOWN STEP	2025-11-14T14:44:59.3947739Z #14 15.20   Verifying        : libuuid-2.37.4-21.el9.x86_64                         40/84 
Test OLM installation	UNKNOWN STEP	2025-11-14T14:44:59.3948159Z #14 15.20   Verifying        : libverto-0.3.2-3.el9.x86_64                          41/84 
Test OLM installation	UNKNOWN STEP	2025-11-14T14:44:59.3948839Z #14 15.20   Verifying        : libxcrypt-4.4.18-3.el9.x86_64                        42/84 
Test OLM installation	UNKNOWN STEP	2025-11-14T14:44:59.3949269Z #14 15.20   Verifying        : libzstd-1.5.5-1.el9.x86_64                           43/84 
Test OLM installation	UNKNOWN STEP	2025-11-14T14:44:59.3949684Z #14 15.20   Verifying        : lksctp-tools-1.0.19-3.el9_4.x86_64                   44/84 
Test OLM installation	UNKNOWN STEP	2025-11-14T14:44:59.3950097Z #14 15.20   Verifying        : lua-libs-5.4.4-4.el9.x86_64                          45/84 
Test OLM installation	UNKNOWN STEP	2025-11-14T14:44:59.3950497Z #14 15.20   Verifying        : lz4-libs-1.9.3-5.el9.x86_64                          46/84 
Test OLM installation	UNKNOWN STEP	2025-11-14T14:44:59.3950893Z #14 15.20   Verifying        : mpfr-4.1.0-7.el9.x86_64                              47/84 
Test OLM installation	UNKNOWN STEP	2025-11-14T14:44:59.3951309Z #14 15.20   Verifying        : ncurses-base-6.2-12.20210508.el9.noarch              48/84 
Test OLM installation	UNKNOWN STEP	2025-11-14T14:44:59.3951733Z #14 15.20   Verifying        : ncurses-libs-6.2-12.20210508.el9.x86_64              49/84 
Test OLM installation	UNKNOWN STEP	2025-11-14T14:44:59.3952144Z #14 15.20   Verifying        : nettle-3.10.1-1.el9.x86_64                           50/84 
Test OLM installation	UNKNOWN STEP	2025-11-14T14:44:59.3952557Z #14 15.20   Verifying        : openssl-fips-provider-3.0.7-8.el9.x86_64             51/84 
Test OLM installation	UNKNOWN STEP	2025-11-14T14:44:59.3953001Z #14 15.20   Verifying        : openssl-fips-provider-so-3.0.7-8.el9.x86_64          52/84 
Test OLM installation	UNKNOWN STEP	2025-11-14T14:44:59.3953431Z #14 15.20   Verifying        : openssl-libs-1:3.5.1-4.el9_7.x86_64                  53/84 
Test OLM installation	UNKNOWN STEP	2025-11-14T14:44:59.3953832Z #14 15.20   Verifying        : p11-kit-0.25.3-3.el9_5.x86_64                        54/84 
Test OLM installation	UNKNOWN STEP	2025-11-14T14:44:59.3954231Z #14 15.20   Verifying        : p11-kit-trust-0.25.3-3.el9_5.x86_64                  55/84 
Test OLM installation	UNKNOWN STEP	2025-11-14T14:44:59.3954630Z #14 15.20   Verifying        : pcre-8.44-4.el9.x86_64                               56/84 
Test OLM installation	UNKNOWN STEP	2025-11-14T14:44:59.3955030Z #14 15.20   Verifying        : pcre2-10.40-6.el9.x86_64                             57/84 
Test OLM installation	UNKNOWN STEP	2025-11-14T14:44:59.3955448Z #14 15.20   Verifying        : pcre2-syntax-10.40-6.el9.noarch                      58/84 
Test OLM installation	UNKNOWN STEP	2025-11-14T14:44:59.3955858Z #14 15.20   Verifying        : python3-3.9.23-2.el9.x86_64                          59/84 
Test OLM installation	UNKNOWN STEP	2025-11-14T14:44:59.3956265Z #14 15.20   Verifying        : python3-libs-3.9.23-2.el9.x86_64                     60/84 
Test OLM installation	UNKNOWN STEP	2025-11-14T14:44:59.3956691Z #14 15.20   Verifying        : python3-pip-wheel-21.3.1-1.el9.noarch                61/84 
Test OLM installation	UNKNOWN STEP	2025-11-14T14:44:59.3957154Z #14 15.20   Verifying        : python3-setuptools-wheel-53.0.0-15.el9.noarch        62/84 
Test OLM installation	UNKNOWN STEP	2025-11-14T14:44:59.3957584Z #14 15.20   Verifying        : readline-8.1-4.el9.x86_64                            63/84 
Test OLM installation	UNKNOWN STEP	2025-11-14T14:44:59.3957999Z #14 15.20   Verifying        : redhat-release-9.7-0.7.el9.x86_64                    64/84 
Test OLM installation	UNKNOWN STEP	2025-11-14T14:44:59.3959006Z #14 15.20   Verifying        : sed-4.8-9.el9.x86_64                                 65/84 
Test OLM installation	UNKNOWN STEP	2025-11-14T14:44:59.3959550Z #14 15.20   Verifying        : setup-2.13.7-10.el9.noarch                           66/84 
Test OLM installation	UNKNOWN STEP	2025-11-14T14:44:59.3960069Z #14 15.20   Verifying        : sqlite-libs-3.34.1-9.el9_7.x86_64                    67/84 
Test OLM installation	UNKNOWN STEP	2025-11-14T14:44:59.3960483Z #14 15.20   Verifying        : systemd-libs-252-55.el9_7.2.x86_64                   68/84 
Test OLM installation	UNKNOWN STEP	2025-11-14T14:44:59.3960899Z #14 15.20   Verifying        : tzdata-2025b-2.el9.noarch                            69/84 
Test OLM installation	UNKNOWN STEP	2025-11-14T14:44:59.3961300Z #14 15.20   Verifying        : xz-libs-5.2.5-8.el9_0.x86_64                         70/84 
Test OLM installation	UNKNOWN STEP	2025-11-14T14:44:59.3961866Z #14 15.20   Verifying        : zlib-1.2.11-40.el9.x86_64                            71/84 
Test OLM installation	UNKNOWN STEP	2025-11-14T14:44:59.3962284Z #14 15.20   Verifying        : copy-jdk-configs-4.0-3.el9.noarch                    72/84 
Test OLM installation	UNKNOWN STEP	2025-11-14T14:44:59.3962694Z #14 15.20   Verifying        : lua-5.4.4-4.el9.x86_64                               73/84 
Test OLM installation	UNKNOWN STEP	2025-11-14T14:44:59.3963086Z #14 15.20   Verifying        : lua-posix-35.0-8.el9.x86_64                          74/84 
Test OLM installation	UNKNOWN STEP	2025-11-14T14:44:59.3963501Z #14 15.20   Verifying        : alsa-lib-1.2.14-1.el9.x86_64                         75/84 
Test OLM installation	UNKNOWN STEP	2025-11-14T14:44:59.3963913Z #14 15.20   Verifying        : java-21-openjdk-headless-1:21.0.9.0.10-1.el9.x86_6   76/84 
Test OLM installation	UNKNOWN STEP	2025-11-14T14:44:59.3964353Z #14 15.20   Verifying        : javapackages-filesystem-6.4.0-1.el9.noarch           77/84 
Test OLM installation	UNKNOWN STEP	2025-11-14T14:44:59.3964774Z #14 15.20   Verifying        : nspr-4.36.0-4.el9_4.x86_64                           78/84 
Test OLM installation	UNKNOWN STEP	2025-11-14T14:44:59.3965165Z #14 15.20   Verifying        : nss-3.112.0-4.el9_4.x86_64                           79/84 
Test OLM installation	UNKNOWN STEP	2025-11-14T14:44:59.3965564Z #14 15.20   Verifying        : nss-softokn-3.112.0-4.el9_4.x86_64                   80/84 
Test OLM installation	UNKNOWN STEP	2025-11-14T14:44:59.3965984Z #14 15.20   Verifying        : nss-softokn-freebl-3.112.0-4.el9_4.x86_64            81/84 
Test OLM installation	UNKNOWN STEP	2025-11-14T14:44:59.3966401Z #14 15.20   Verifying        : nss-sysinit-3.112.0-4.el9_4.x86_64                   82/84 
Test OLM installation	UNKNOWN STEP	2025-11-14T14:44:59.3966810Z #14 15.20   Verifying        : nss-util-3.112.0-4.el9_4.x86_64                      83/84 
Test OLM installation	UNKNOWN STEP	2025-11-14T14:44:59.3967230Z #14 15.20   Verifying        : tzdata-java-2025b-2.el9.noarch                       84/84 
Test OLM installation	UNKNOWN STEP	2025-11-14T14:44:59.3967572Z #14 15.26 Installed products updated.
Test OLM installation	UNKNOWN STEP	2025-11-14T14:44:59.3967806Z #14 15.29 
Test OLM installation	UNKNOWN STEP	2025-11-14T14:44:59.3967968Z #14 15.29 Installed:
Test OLM installation	UNKNOWN STEP	2025-11-14T14:44:59.3968238Z #14 15.29   alsa-lib-1.2.14-1.el9.x86_64                                                  
Test OLM installation	UNKNOWN STEP	2025-11-14T14:44:59.3968892Z #14 15.29   alternatives-1.24-2.el9.x86_64                                                
Test OLM installation	UNKNOWN STEP	2025-11-14T14:44:59.3969295Z #14 15.29   avahi-libs-0.8-23.el9.x86_64                                                  
Test OLM installation	UNKNOWN STEP	2025-11-14T14:44:59.3969697Z #14 15.29   basesystem-11-13.el9.noarch                                                   
Test OLM installation	UNKNOWN STEP	2025-11-14T14:44:59.3970074Z #14 15.29   bash-5.1.8-9.el9.x86_64                                                       
Test OLM installation	UNKNOWN STEP	2025-11-14T14:44:59.3970463Z #14 15.29   bzip2-libs-1.0.8-10.el9_5.x86_64                                              
Test OLM installation	UNKNOWN STEP	2025-11-14T14:44:59.3970896Z #14 15.29   ca-certificates-2024.2.69_v8.0.303-91.4.el9_4.noarch                          
Test OLM installation	UNKNOWN STEP	2025-11-14T14:44:59.3971328Z #14 15.29   copy-jdk-configs-4.0-3.el9.noarch                                             
Test OLM installation	UNKNOWN STEP	2025-11-14T14:44:59.3971760Z #14 15.29   coreutils-single-8.32-39.el9.x86_64                                           
Test OLM installation	UNKNOWN STEP	2025-11-14T14:44:59.3972216Z #14 15.29   crypto-policies-20250905-1.git377cc42.el9_7.noarch                            
Test OLM installation	UNKNOWN STEP	2025-11-14T14:44:59.3972706Z #14 15.29   crypto-policies-scripts-20250905-1.git377cc42.el9_7.noarch                    
Test OLM installation	UNKNOWN STEP	2025-11-14T14:44:59.3973156Z #14 15.29   cups-libs-1:2.3.3op2-34.el9_7.x86_64                                          
Test OLM installation	UNKNOWN STEP	2025-11-14T14:44:59.3973550Z #14 15.29   dbus-libs-1:1.12.20-8.el9.x86_64                                              
Test OLM installation	UNKNOWN STEP	2025-11-14T14:44:59.3973919Z #14 15.29   expat-2.5.0-5.el9_6.x86_64                                                    
Test OLM installation	UNKNOWN STEP	2025-11-14T14:44:59.3974426Z #14 15.29   filesystem-3.16-5.el9.x86_64                                                  
Test OLM installation	UNKNOWN STEP	2025-11-14T14:44:59.3974907Z #14 15.29   findutils-1:4.8.0-7.el9.x86_64                                                
Test OLM installation	UNKNOWN STEP	2025-11-14T14:44:59.3975273Z #14 15.29   gawk-5.1.0-6.el9.x86_64                                                       
Test OLM installation	UNKNOWN STEP	2025-11-14T14:44:59.3975635Z #14 15.29   gdbm-libs-1:1.23-1.el9.x86_64                                                 
Test OLM installation	UNKNOWN STEP	2025-11-14T14:44:59.3976009Z #14 15.29   glibc-2.34-231.el9_7.2.x86_64                                                 
Test OLM installation	UNKNOWN STEP	2025-11-14T14:44:59.3976394Z #14 15.29   glibc-common-2.34-231.el9_7.2.x86_64                                          
Test OLM installation	UNKNOWN STEP	2025-11-14T14:44:59.3976819Z #14 15.29   glibc-langpack-en-2.34-231.el9_7.2.x86_64                                     
Test OLM installation	UNKNOWN STEP	2025-11-14T14:44:59.3977209Z #14 15.29   gmp-1:6.2.0-13.el9.x86_64                                                     
Test OLM installation	UNKNOWN STEP	2025-11-14T14:44:59.3977561Z #14 15.29   gnutls-3.8.3-9.el9.x86_64                                                     
Test OLM installation	UNKNOWN STEP	2025-11-14T14:44:59.3977931Z #14 15.29   grep-3.6-5.el9.x86_64                                                         
Test OLM installation	UNKNOWN STEP	2025-11-14T14:44:59.3978529Z #14 15.29   java-21-openjdk-headless-1:21.0.9.0.10-1.el9.x86_64                           
Test OLM installation	UNKNOWN STEP	2025-11-14T14:44:59.3979004Z #14 15.29   javapackages-filesystem-6.4.0-1.el9.noarch                                    
Test OLM installation	UNKNOWN STEP	2025-11-14T14:44:59.3979447Z #14 15.29   keyutils-libs-1.6.3-1.el9.x86_64                                              
Test OLM installation	UNKNOWN STEP	2025-11-14T14:44:59.3979845Z #14 15.29   krb5-libs-1.21.1-8.el9_6.x86_64                                               
Test OLM installation	UNKNOWN STEP	2025-11-14T14:44:59.3980215Z #14 15.29   libacl-2.3.1-4.el9.x86_64                                                     
Test OLM installation	UNKNOWN STEP	2025-11-14T14:44:59.3980581Z #14 15.29   libattr-2.5.1-3.el9.x86_64                                                    
Test OLM installation	UNKNOWN STEP	2025-11-14T14:44:59.3980947Z #14 15.29   libcap-2.48-10.el9.x86_64                                                     
Test OLM installation	UNKNOWN STEP	2025-11-14T14:44:59.3981323Z #14 15.29   libcom_err-1.46.5-8.el9.x86_64                                                
Test OLM installation	UNKNOWN STEP	2025-11-14T14:44:59.3981708Z #14 15.29   libevent-2.1.12-8.el9_4.x86_64                                                
Test OLM installation	UNKNOWN STEP	2025-11-14T14:44:59.3982077Z #14 15.29   libffi-3.4.2-8.el9.x86_64                                                     
Test OLM installation	UNKNOWN STEP	2025-11-14T14:44:59.3982445Z #14 15.29   libgcc-11.5.0-11.el9.x86_64                                                   
Test OLM installation	UNKNOWN STEP	2025-11-14T14:44:59.3982827Z #14 15.29   libgcrypt-1.10.0-11.el9.x86_64                                                
Test OLM installation	UNKNOWN STEP	2025-11-14T14:44:59.3983221Z #14 15.29   libgpg-error-1.42-5.el9.x86_64                                                
Test OLM installation	UNKNOWN STEP	2025-11-14T14:44:59.3983764Z #14 15.29   libidn2-2.3.0-7.el9.x86_64                                                    
Test OLM installation	UNKNOWN STEP	2025-11-14T14:44:59.3984140Z #14 15.29   libselinux-3.6-3.el9.x86_64                                                   
Test OLM installation	UNKNOWN STEP	2025-11-14T14:44:59.3984521Z #14 15.29   libsepol-3.6-3.el9.x86_64                                                     
Test OLM installation	UNKNOWN STEP	2025-11-14T14:44:59.3984911Z #14 15.29   libsigsegv-2.13-4.el9.x86_64                                                  
Test OLM installation	UNKNOWN STEP	2025-11-14T14:44:59.3985293Z #14 15.29   libtasn1-4.16.0-9.el9.x86_64                                                  
Test OLM installation	UNKNOWN STEP	2025-11-14T14:44:59.3985684Z #14 15.29   libunistring-0.9.10-15.el9.x86_64                                             
Test OLM installation	UNKNOWN STEP	2025-11-14T14:44:59.3986106Z #14 15.29   libuuid-2.37.4-21.el9.x86_64                                                  
Test OLM installation	UNKNOWN STEP	2025-11-14T14:44:59.3986481Z #14 15.29   libverto-0.3.2-3.el9.x86_64                                                   
Test OLM installation	UNKNOWN STEP	2025-11-14T14:44:59.3986867Z #14 15.29   libxcrypt-4.4.18-3.el9.x86_64                                                 
Test OLM installation	UNKNOWN STEP	2025-11-14T14:44:59.3987247Z #14 15.29   libzstd-1.5.5-1.el9.x86_64                                                    
Test OLM installation	UNKNOWN STEP	2025-11-14T14:44:59.3987630Z #14 15.29   lksctp-tools-1.0.19-3.el9_4.x86_64                                            
Test OLM installation	UNKNOWN STEP	2025-11-14T14:44:59.3988133Z #14 15.29   lua-5.4.4-4.el9.x86_64                                                        
Test OLM installation	UNKNOWN STEP	2025-11-14T14:44:59.3988850Z #14 15.29   lua-libs-5.4.4-4.el9.x86_64                                                   
Test OLM installation	UNKNOWN STEP	2025-11-14T14:44:59.3989243Z #14 15.29   lua-posix-35.0-8.el9.x86_64                                                   
Test OLM installation	UNKNOWN STEP	2025-11-14T14:44:59.3989629Z #14 15.29   lz4-libs-1.9.3-5.el9.x86_64                                                   
Test OLM installation	UNKNOWN STEP	2025-11-14T14:44:59.3989995Z #14 15.29   mpfr-4.1.0-7.el9.x86_64                                                       
Test OLM installation	UNKNOWN STEP	2025-11-14T14:44:59.3990395Z #14 15.29   ncurses-base-6.2-12.20210508.el9.noarch                                       
Test OLM installation	UNKNOWN STEP	2025-11-14T14:44:59.3990830Z #14 15.29   ncurses-libs-6.2-12.20210508.el9.x86_64                                       
Test OLM installation	UNKNOWN STEP	2025-11-14T14:44:59.3991223Z #14 15.29   nettle-3.10.1-1.el9.x86_64                                                    
Test OLM installation	UNKNOWN STEP	2025-11-14T14:44:59.3991585Z #14 15.29   nspr-4.36.0-4.el9_4.x86_64                                                    
Test OLM installation	UNKNOWN STEP	2025-11-14T14:44:59.3991949Z #14 15.29   nss-3.112.0-4.el9_4.x86_64                                                    
Test OLM installation	UNKNOWN STEP	2025-11-14T14:44:59.3992329Z #14 15.29   nss-softokn-3.112.0-4.el9_4.x86_64                                            
Test OLM installation	UNKNOWN STEP	2025-11-14T14:44:59.3992744Z #14 15.29   nss-softokn-freebl-3.112.0-4.el9_4.x86_64                                     
Test OLM installation	UNKNOWN STEP	2025-11-14T14:44:59.3993160Z #14 15.29   nss-sysinit-3.112.0-4.el9_4.x86_64                                            
Test OLM installation	UNKNOWN STEP	2025-11-14T14:44:59.3993549Z #14 15.29   nss-util-3.112.0-4.el9_4.x86_64                                               
Test OLM installation	UNKNOWN STEP	2025-11-14T14:44:59.3993963Z #14 15.29   openssl-fips-provider-3.0.7-8.el9.x86_64                                      
Test OLM installation	UNKNOWN STEP	2025-11-14T14:44:59.3994424Z #14 15.29   openssl-fips-provider-so-3.0.7-8.el9.x86_64                                   
Test OLM installation	UNKNOWN STEP	2025-11-14T14:44:59.3994861Z #14 15.29   openssl-libs-1:3.5.1-4.el9_7.x86_64                                           
Test OLM installation	UNKNOWN STEP	2025-11-14T14:44:59.3995245Z #14 15.29   p11-kit-0.25.3-3.el9_5.x86_64                                                 
Test OLM installation	UNKNOWN STEP	2025-11-14T14:44:59.3995672Z #14 15.29   p11-kit-trust-0.25.3-3.el9_5.x86_64                                           
Test OLM installation	UNKNOWN STEP	2025-11-14T14:44:59.3996047Z #14 15.29   pcre-8.44-4.el9.x86_64                                                        
Test OLM installation	UNKNOWN STEP	2025-11-14T14:44:59.3996405Z #14 15.29   pcre2-10.40-6.el9.x86_64                                                      
Test OLM installation	UNKNOWN STEP	2025-11-14T14:44:59.3996796Z #14 15.29   pcre2-syntax-10.40-6.el9.noarch                                               
Test OLM installation	UNKNOWN STEP	2025-11-14T14:44:59.3997190Z #14 15.29   python3-3.9.23-2.el9.x86_64                                                   
Test OLM installation	UNKNOWN STEP	2025-11-14T14:44:59.3997575Z #14 15.29   python3-libs-3.9.23-2.el9.x86_64                                              
Test OLM installation	UNKNOWN STEP	2025-11-14T14:44:59.3997998Z #14 15.29   python3-pip-wheel-21.3.1-1.el9.noarch                                         
Test OLM installation	UNKNOWN STEP	2025-11-14T14:44:59.3998658Z #14 15.29   python3-setuptools-wheel-53.0.0-15.el9.noarch                                 
Test OLM installation	UNKNOWN STEP	2025-11-14T14:44:59.3999097Z #14 15.29   readline-8.1-4.el9.x86_64                                                     
Test OLM installation	UNKNOWN STEP	2025-11-14T14:44:59.3999492Z #14 15.29   redhat-release-9.7-0.7.el9.x86_64                                             
Test OLM installation	UNKNOWN STEP	2025-11-14T14:44:59.3999870Z #14 15.29   sed-4.8-9.el9.x86_64                                                          
Test OLM installation	UNKNOWN STEP	2025-11-14T14:44:59.4000240Z #14 15.29   setup-2.13.7-10.el9.noarch                                                    
Test OLM installation	UNKNOWN STEP	2025-11-14T14:44:59.4000628Z #14 15.29   sqlite-libs-3.34.1-9.el9_7.x86_64                                             
Test OLM installation	UNKNOWN STEP	2025-11-14T14:44:59.4001033Z #14 15.29   systemd-libs-252-55.el9_7.2.x86_64                                            
Test OLM installation	UNKNOWN STEP	2025-11-14T14:44:59.4001441Z #14 15.29   tzdata-2025b-2.el9.noarch                                                     
Test OLM installation	UNKNOWN STEP	2025-11-14T14:44:59.4001852Z #14 15.29   tzdata-java-2025b-2.el9.noarch                                                
Test OLM installation	UNKNOWN STEP	2025-11-14T14:44:59.4002369Z #14 15.29   xz-libs-5.2.5-8.el9_0.x86_64                                                  
Test OLM installation	UNKNOWN STEP	2025-11-14T14:44:59.4002834Z #14 15.29   zlib-1.2.11-40.el9.x86_64                                                     
Test OLM installation	UNKNOWN STEP	2025-11-14T14:44:59.4003119Z #14 15.29 
Test OLM installation	UNKNOWN STEP	2025-11-14T14:44:59.4003277Z #14 15.29 Complete!
Test OLM installation	UNKNOWN STEP	2025-11-14T14:44:59.4003509Z #14 15.39 + dnf --installroot /tmp/null/rootfs clean all
Test OLM installation	UNKNOWN STEP	2025-11-14T14:44:59.6208153Z #14 15.62 Updating Subscription Management repositories.
Test OLM installation	UNKNOWN STEP	2025-11-14T14:44:59.8177446Z #14 15.62 Unable to read consumer identity
Test OLM installation	UNKNOWN STEP	2025-11-14T14:44:59.8177857Z #14 15.62 
Test OLM installation	UNKNOWN STEP	2025-11-14T14:44:59.8178594Z #14 15.62 This system is not registered with an entitlement server. You can use subscription-manager to register.
Test OLM installation	UNKNOWN STEP	2025-11-14T14:44:59.8179153Z #14 15.62 
Test OLM installation	UNKNOWN STEP	2025-11-14T14:44:59.8179358Z #14 15.63 26 files removed
Test OLM installation	UNKNOWN STEP	2025-11-14T14:44:59.8180531Z #14 15.67 + rm -rf /tmp/null/rootfs/var/cache/bpf /tmp/null/rootfs/var/cache/dnf /tmp/null/rootfs/var/cache/ldconfig /tmp/null/rootfs/var/log/dnf.librepo.log /tmp/null/rootfs/var/log/dnf.log /tmp/null/rootfs/var/log/dnf.rpm.log '/tmp/null/rootfs/var/log/yum.*'
Test OLM installation	UNKNOWN STEP	2025-11-14T14:44:59.8181662Z #14 15.67 ==> Building dependency tree
Test OLM installation	UNKNOWN STEP	2025-11-14T14:45:00.0659902Z #14 16.07 ==> 42 packages to erase:
Test OLM installation	UNKNOWN STEP	2025-11-14T14:45:00.2210609Z #14 16.07 alsa-lib
Test OLM installation	UNKNOWN STEP	2025-11-14T14:45:00.2211363Z #14 16.07 avahi-libs
Test OLM installation	UNKNOWN STEP	2025-11-14T14:45:00.2211703Z #14 16.07 bzip2-libs
Test OLM installation	UNKNOWN STEP	2025-11-14T14:45:00.2212048Z #14 16.07 copy-jdk-configs
Test OLM installation	UNKNOWN STEP	2025-11-14T14:45:00.2212454Z #14 16.07 cups-libs
Test OLM installation	UNKNOWN STEP	2025-11-14T14:45:00.2212768Z #14 16.07 dbus-libs
Test OLM installation	UNKNOWN STEP	2025-11-14T14:45:00.2213079Z #14 16.07 expat
Test OLM installation	UNKNOWN STEP	2025-11-14T14:45:00.2213381Z #14 16.07 gawk
Test OLM installation	UNKNOWN STEP	2025-11-14T14:45:00.2213672Z #14 16.07 gdbm-libs
Test OLM installation	UNKNOWN STEP	2025-11-14T14:45:00.2213977Z #14 16.07 gmp
Test OLM installation	UNKNOWN STEP	2025-11-14T14:45:00.2214268Z #14 16.07 gnutls
Test OLM installation	UNKNOWN STEP	2025-11-14T14:45:00.2214573Z #14 16.07 gpg-pubkey
Test OLM installation	UNKNOWN STEP	2025-11-14T14:45:00.2214911Z #14 16.07 keyutils-libs
Test OLM installation	UNKNOWN STEP	2025-11-14T14:45:00.2215244Z #14 16.07 krb5-libs
Test OLM installation	UNKNOWN STEP	2025-11-14T14:45:00.2215515Z #14 16.07 libcom_err
Test OLM installation	UNKNOWN STEP	2025-11-14T14:45:00.2215727Z #14 16.07 libevent
Test OLM installation	UNKNOWN STEP	2025-11-14T14:45:00.2215930Z #14 16.07 libffi
Test OLM installation	UNKNOWN STEP	2025-11-14T14:45:00.2216143Z #14 16.07 libgcrypt
Test OLM installation	UNKNOWN STEP	2025-11-14T14:45:00.2216377Z #14 16.07 libgpg-error
Test OLM installation	UNKNOWN STEP	2025-11-14T14:45:00.2216599Z #14 16.07 libidn2
Test OLM installation	UNKNOWN STEP	2025-11-14T14:45:00.2216799Z #14 16.07 libunistring
Test OLM installation	UNKNOWN STEP	2025-11-14T14:45:00.2217006Z #14 16.07 libuuid
Test OLM installation	UNKNOWN STEP	2025-11-14T14:45:00.2217195Z #14 16.07 libverto
Test OLM installation	UNKNOWN STEP	2025-11-14T14:45:00.2217392Z #14 16.07 libxcrypt
Test OLM installation	UNKNOWN STEP	2025-11-14T14:45:00.2217587Z #14 16.07 libzstd
Test OLM installation	UNKNOWN STEP	2025-11-14T14:45:00.2217773Z #14 16.07 lua
Test OLM installation	UNKNOWN STEP	2025-11-14T14:45:00.2217959Z #14 16.07 lua-libs
Test OLM installation	UNKNOWN STEP	2025-11-14T14:45:00.2218160Z #14 16.07 lua-posix
Test OLM installation	UNKNOWN STEP	2025-11-14T14:45:00.2218640Z #14 16.07 lz4-libs
Test OLM installation	UNKNOWN STEP	2025-11-14T14:45:00.2218848Z #14 16.07 mpfr
Test OLM installation	UNKNOWN STEP	2025-11-14T14:45:00.2219039Z #14 16.07 nettle
Test OLM installation	UNKNOWN STEP	2025-11-14T14:45:00.2219253Z #14 16.07 openssl-fips-provider
Test OLM installation	UNKNOWN STEP	2025-11-14T14:45:00.2219531Z #14 16.07 openssl-fips-provider-so
Test OLM installation	UNKNOWN STEP	2025-11-14T14:45:00.2219810Z #14 16.07 openssl-libs
Test OLM installation	UNKNOWN STEP	2025-11-14T14:45:00.2220028Z #14 16.07 p11-kit
Test OLM installation	UNKNOWN STEP	2025-11-14T14:45:00.2220232Z #14 16.07 python3
Test OLM installation	UNKNOWN STEP	2025-11-14T14:45:00.2220440Z #14 16.07 python3-libs
Test OLM installation	UNKNOWN STEP	2025-11-14T14:45:00.2220666Z #14 16.07 python3-pip-wheel
Test OLM installation	UNKNOWN STEP	2025-11-14T14:45:00.2220943Z #14 16.07 python3-setuptools-wheel
Test OLM installation	UNKNOWN STEP	2025-11-14T14:45:00.2221204Z #14 16.07 readline
Test OLM installation	UNKNOWN STEP	2025-11-14T14:45:00.2221401Z #14 16.07 systemd-libs
Test OLM installation	UNKNOWN STEP	2025-11-14T14:45:00.2221608Z #14 16.07 xz-libs
Test OLM installation	UNKNOWN STEP	2025-11-14T14:45:00.2221817Z #14 16.07 ==> 43 packages to keep:
Test OLM installation	UNKNOWN STEP	2025-11-14T14:45:00.2222071Z #14 16.07 alternatives
Test OLM installation	UNKNOWN STEP	2025-11-14T14:45:00.2222278Z #14 16.07 basesystem
Test OLM installation	UNKNOWN STEP	2025-11-14T14:45:00.2222484Z #14 16.07 bash
Test OLM installation	UNKNOWN STEP	2025-11-14T14:45:00.2222684Z #14 16.07 ca-certificates
Test OLM installation	UNKNOWN STEP	2025-11-14T14:45:00.2222922Z #14 16.07 coreutils-single
Test OLM installation	UNKNOWN STEP	2025-11-14T14:45:00.2223163Z #14 16.07 crypto-policies
Test OLM installation	UNKNOWN STEP	2025-11-14T14:45:00.2223408Z #14 16.07 crypto-policies-scripts
Test OLM installation	UNKNOWN STEP	2025-11-14T14:45:00.2223665Z #14 16.07 filesystem
Test OLM installation	UNKNOWN STEP	2025-11-14T14:45:00.2223874Z #14 16.07 findutils
Test OLM installation	UNKNOWN STEP	2025-11-14T14:45:00.2224073Z #14 16.07 glibc
Test OLM installation	UNKNOWN STEP	2025-11-14T14:45:00.2224267Z #14 16.07 glibc-common
Test OLM installation	UNKNOWN STEP	2025-11-14T14:45:00.2224491Z #14 16.07 glibc-langpack-en
Test OLM installation	UNKNOWN STEP	2025-11-14T14:45:00.2224722Z #14 16.07 grep
Test OLM installation	UNKNOWN STEP	2025-11-14T14:45:00.2224928Z #14 16.07 java-21-openjdk-headless
Test OLM installation	UNKNOWN STEP	2025-11-14T14:45:00.2225646Z #14 16.07 javapackages-filesystem
Test OLM installation	UNKNOWN STEP	2025-11-14T14:45:00.2225909Z #14 16.07 libacl
Test OLM installation	UNKNOWN STEP	2025-11-14T14:45:00.2226099Z #14 16.07 libattr
Test OLM installation	UNKNOWN STEP	2025-11-14T14:45:00.2226293Z #14 16.07 libcap
Test OLM installation	UNKNOWN STEP	2025-11-14T14:45:00.2226484Z #14 16.07 libgcc
Test OLM installation	UNKNOWN STEP	2025-11-14T14:45:00.2226676Z #14 16.07 libselinux
Test OLM installation	UNKNOWN STEP	2025-11-14T14:45:00.2226876Z #14 16.07 libsepol
Test OLM installation	UNKNOWN STEP	2025-11-14T14:45:00.2227075Z #14 16.07 libsigsegv
Test OLM installation	UNKNOWN STEP	2025-11-14T14:45:00.2227278Z #14 16.07 libtasn1
Test OLM installation	UNKNOWN STEP	2025-11-14T14:45:00.2227478Z #14 16.07 lksctp-tools
Test OLM installation	UNKNOWN STEP	2025-11-14T14:45:00.2227693Z #14 16.07 ncurses-base
Test OLM installation	UNKNOWN STEP	2025-11-14T14:45:00.2227905Z #14 16.07 ncurses-libs
Test OLM installation	UNKNOWN STEP	2025-11-14T14:45:00.2228106Z #14 16.07 nspr
Test OLM installation	UNKNOWN STEP	2025-11-14T14:45:00.2228487Z #14 16.07 nss
Test OLM installation	UNKNOWN STEP	2025-11-14T14:45:00.2228723Z #14 16.07 nss-softokn
Test OLM installation	UNKNOWN STEP	2025-11-14T14:45:00.2228946Z #14 16.07 nss-softokn-freebl
Test OLM installation	UNKNOWN STEP	2025-11-14T14:45:00.2229188Z #14 16.07 nss-sysinit
Test OLM installation	UNKNOWN STEP	2025-11-14T14:45:00.2229394Z #14 16.07 nss-util
Test OLM installation	UNKNOWN STEP	2025-11-14T14:45:00.2229591Z #14 16.07 p11-kit-trust
Test OLM installation	UNKNOWN STEP	2025-11-14T14:45:00.2229806Z #14 16.07 pcre
Test OLM installation	UNKNOWN STEP	2025-11-14T14:45:00.2229994Z #14 16.07 pcre2
Test OLM installation	UNKNOWN STEP	2025-11-14T14:45:00.2230198Z #14 16.07 pcre2-syntax
Test OLM installation	UNKNOWN STEP	2025-11-14T14:45:00.2230415Z #14 16.07 redhat-release
Test OLM installation	UNKNOWN STEP	2025-11-14T14:45:00.2230635Z #14 16.07 sed
Test OLM installation	UNKNOWN STEP	2025-11-14T14:45:00.2230814Z #14 16.07 setup
Test OLM installation	UNKNOWN STEP	2025-11-14T14:45:00.2231011Z #14 16.07 sqlite-libs
Test OLM installation	UNKNOWN STEP	2025-11-14T14:45:00.2231216Z #14 16.07 tzdata
Test OLM installation	UNKNOWN STEP	2025-11-14T14:45:00.2231412Z #14 16.07 tzdata-java
Test OLM installation	UNKNOWN STEP	2025-11-14T14:45:00.2231612Z #14 16.07 zlib
Test OLM installation	UNKNOWN STEP	2025-11-14T14:45:00.2231796Z #14 16.07 
Test OLM installation	UNKNOWN STEP	2025-11-14T14:45:00.2231992Z #14 16.07 ==> Erasing packages
Test OLM installation	UNKNOWN STEP	2025-11-14T14:45:00.2232346Z #14 16.07 + xargs rpm -r /tmp/null/rootfs --erase --nodeps --allmatches
Test OLM installation	UNKNOWN STEP	2025-11-14T14:45:00.3682249Z #14 16.37 
Test OLM installation	UNKNOWN STEP	2025-11-14T14:45:00.3682670Z #14 16.37 ==> Packages erased ok!
Test OLM installation	UNKNOWN STEP	2025-11-14T14:45:00.5381981Z #14 DONE 16.4s
Test OLM installation	UNKNOWN STEP	2025-11-14T14:45:01.0618724Z 
Test OLM installation	UNKNOWN STEP	2025-11-14T14:45:01.0619310Z #15 [stage-1 2/4] COPY --from=ubi-micro-build /tmp/null/rootfs/ /
Test OLM installation	UNKNOWN STEP	2025-11-14T14:45:02.2321151Z #15 DONE 1.2s
Test OLM installation	UNKNOWN STEP	2025-11-14T14:45:02.3838149Z 
Test OLM installation	UNKNOWN STEP	2025-11-14T14:45:02.3839036Z #16 [stage-1 3/4] COPY --from=ubi-micro-build --chown=1000:0 /opt/keycloak /opt/keycloak
Test OLM installation	UNKNOWN STEP	2025-11-14T14:45:02.7899451Z #16 DONE 0.6s
Test OLM installation	UNKNOWN STEP	2025-11-14T14:45:02.9321983Z 
Test OLM installation	UNKNOWN STEP	2025-11-14T14:45:02.9323059Z #17 [stage-1 4/4] RUN echo "keycloak:x:0:root" >> /etc/group &&     echo "keycloak:x:1000:0:keycloak user:/opt/keycloak:/sbin/nologin" >> /etc/passwd
Test OLM installation	UNKNOWN STEP	2025-11-14T14:45:02.9323960Z #17 DONE 0.1s
Test OLM installation	UNKNOWN STEP	2025-11-14T14:45:03.0840563Z 
Test OLM installation	UNKNOWN STEP	2025-11-14T14:45:03.0841378Z #18 exporting to image
Test OLM installation	UNKNOWN STEP	2025-11-14T14:45:03.0842070Z #18 exporting layers
Test OLM installation	UNKNOWN STEP	2025-11-14T14:45:03.7784406Z #18 exporting layers 0.8s done
Test OLM installation	UNKNOWN STEP	2025-11-14T14:45:03.7983400Z #18 writing image sha256:42eecc1baeeb7d758bd61758b3680b40c080d2fd566e8ea0ded4ff25fa1edfb3 done
Test OLM installation	UNKNOWN STEP	2025-11-14T14:45:03.7984573Z #18 naming to 192.168.49.2:5000/c2b781keycloak:86400000.0.0 done
Test OLM installation	UNKNOWN STEP	2025-11-14T14:45:03.7985361Z #18 DONE 0.9s
Test OLM installation	UNKNOWN STEP	2025-11-14T14:45:03.8037181Z + docker push 192.168.49.2:5000/c2b781keycloak:86400000.0.0
Test OLM installation	UNKNOWN STEP	2025-11-14T14:45:03.8183717Z The push refers to repository [192.168.49.2:5000/c2b781keycloak]
Test OLM installation	UNKNOWN STEP	2025-11-14T14:45:03.8188800Z Get "http://192.168.49.2:5000/v2/": dial tcp 192.168.49.2:5000: connect: connection refused
Test OLM installation	UNKNOWN STEP	2025-11-14T14:45:03.8208229Z ##[error]Process completed with exit code 1.
Test OLM installation	UNKNOWN STEP	2025-11-14T14:45:03.8253164Z ##[group]Run kubectl get keycloaks -A -o yaml
Test OLM installation	UNKNOWN STEP	2025-11-14T14:45:03.8253500Z [36;1mkubectl get keycloaks -A -o yaml[0m
Test OLM installation	UNKNOWN STEP	2025-11-14T14:45:03.8253796Z [36;1mkubectl get keycloakrealmimports -A -o yaml[0m
Test OLM installation	UNKNOWN STEP	2025-11-14T14:45:03.8286185Z shell: /usr/bin/bash --noprofile --norc -e -o pipefail {0}
Test OLM installation	UNKNOWN STEP	2025-11-14T14:45:03.8286490Z env:
Test OLM installation	UNKNOWN STEP	2025-11-14T14:45:03.8286759Z   MAVEN_ARGS: -B -nsu -Daether.connector.http.connectionMaxTtl=25
Test OLM installation	UNKNOWN STEP	2025-11-14T14:45:03.8287086Z   MINIKUBE_VERSION: v1.37.0
Test OLM installation	UNKNOWN STEP	2025-11-14T14:45:03.8287308Z   KUBERNETES_VERSION: v1.32.9
Test OLM installation	UNKNOWN STEP	2025-11-14T14:45:03.8287519Z   MINIKUBE_MEMORY: 4096
Test OLM installation	UNKNOWN STEP	2025-11-14T14:45:03.8287817Z   JAVA_HOME: /opt/hostedtoolcache/Java_Temurin-Hotspot_jdk/21.0.9-10/x64
Test OLM installation	UNKNOWN STEP	2025-11-14T14:45:03.8288445Z   JAVA_HOME_21_X64: /opt/hostedtoolcache/Java_Temurin-Hotspot_jdk/21.0.9-10/x64
Test OLM installation	UNKNOWN STEP	2025-11-14T14:45:03.8288837Z   MINIKUBE_HOME: /home/runner/work/_temp
Test OLM installation	UNKNOWN STEP	2025-11-14T14:45:03.8289269Z ##[endgroup]
Test OLM installation	UNKNOWN STEP	2025-11-14T14:45:03.8864211Z error: the server doesn't have a resource type "keycloaks"
Test OLM installation	UNKNOWN STEP	2025-11-14T14:45:03.8887626Z ##[error]Process completed with exit code 1.
Test OLM installation	UNKNOWN STEP	2025-11-14T14:45:03.8909896Z ##[group]Run oc adm inspect ns
Test OLM installation	UNKNOWN STEP	2025-11-14T14:45:03.8910177Z [36;1moc adm inspect ns[0m
Test OLM installation	UNKNOWN STEP	2025-11-14T14:45:03.8942179Z shell: /usr/bin/bash --noprofile --norc -e -o pipefail {0}
Test OLM installation	UNKNOWN STEP	2025-11-14T14:45:03.8942481Z env:
Test OLM installation	UNKNOWN STEP	2025-11-14T14:45:03.8942751Z   MAVEN_ARGS: -B -nsu -Daether.connector.http.connectionMaxTtl=25
Test OLM installation	UNKNOWN STEP	2025-11-14T14:45:03.8943080Z   MINIKUBE_VERSION: v1.37.0
Test OLM installation	UNKNOWN STEP	2025-11-14T14:45:03.8943305Z   KUBERNETES_VERSION: v1.32.9
Test OLM installation	UNKNOWN STEP	2025-11-14T14:45:03.8943518Z   MINIKUBE_MEMORY: 4096
Test OLM installation	UNKNOWN STEP	2025-11-14T14:45:03.8943818Z   JAVA_HOME: /opt/hostedtoolcache/Java_Temurin-Hotspot_jdk/21.0.9-10/x64
Test OLM installation	UNKNOWN STEP	2025-11-14T14:45:03.8944260Z   JAVA_HOME_21_X64: /opt/hostedtoolcache/Java_Temurin-Hotspot_jdk/21.0.9-10/x64
Test OLM installation	UNKNOWN STEP	2025-11-14T14:45:03.8944609Z   MINIKUBE_HOME: /home/runner/work/_temp
Test OLM installation	UNKNOWN STEP	2025-11-14T14:45:03.8944845Z ##[endgroup]
Test OLM installation	UNKNOWN STEP	2025-11-14T14:45:03.9940477Z Gathering data for ns/default...
Test OLM installation	UNKNOWN STEP	2025-11-14T14:45:04.0324757Z W1114 14:45:04.032337   10095 util.go:118] the server doesn't have a resource type egressfirewalls, skipping the inspection
Test OLM installation	UNKNOWN STEP	2025-11-14T14:45:04.0340442Z W1114 14:45:04.033923   10095 util.go:118] the server doesn't have a resource type egressqoses, skipping the inspection
Test OLM installation	UNKNOWN STEP	2025-11-14T14:45:04.0687774Z W1114 14:45:04.068568   10095 util.go:118] the server doesn't have a resource type servicemonitors, skipping the inspection
Test OLM installation	UNKNOWN STEP	2025-11-14T14:45:04.0704090Z W1114 14:45:04.070290   10095 util.go:118] the server doesn't have a resource type userdefinednetworks, skipping the inspection
Test OLM installation	UNKNOWN STEP	2025-11-14T14:45:04.0705021Z Gathering data for ns/kube-node-lease...
Test OLM installation	UNKNOWN STEP	2025-11-14T14:45:04.0994308Z W1114 14:45:04.099322   10095 util.go:118] the server doesn't have a resource type egressfirewalls, skipping the inspection
Test OLM installation	UNKNOWN STEP	2025-11-14T14:45:04.1036987Z W1114 14:45:04.103546   10095 util.go:118] the server doesn't have a resource type egressqoses, skipping the inspection
Test OLM installation	UNKNOWN STEP	2025-11-14T14:45:04.1336441Z W1114 14:45:04.133518   10095 util.go:118] the server doesn't have a resource type servicemonitors, skipping the inspection
Test OLM installation	UNKNOWN STEP	2025-11-14T14:45:04.1356625Z W1114 14:45:04.135540   10095 util.go:118] the server doesn't have a resource type userdefinednetworks, skipping the inspection
Test OLM installation	UNKNOWN STEP	2025-11-14T14:45:04.1357501Z Gathering data for ns/kube-public...
Test OLM installation	UNKNOWN STEP	2025-11-14T14:45:04.1786073Z W1114 14:45:04.178420   10095 util.go:118] the server doesn't have a resource type egressfirewalls, skipping the inspection
Test OLM installation	UNKNOWN STEP	2025-11-14T14:45:04.1807108Z W1114 14:45:04.180572   10095 util.go:118] the server doesn't have a resource type egressqoses, skipping the inspection
Test OLM installation	UNKNOWN STEP	2025-11-14T14:45:04.2135021Z W1114 14:45:04.213382   10095 util.go:118] the server doesn't have a resource type servicemonitors, skipping the inspection
Test OLM installation	UNKNOWN STEP	2025-11-14T14:45:04.2150095Z W1114 14:45:04.214898   10095 util.go:118] the server doesn't have a resource type userdefinednetworks, skipping the inspection
Test OLM installation	UNKNOWN STEP	2025-11-14T14:45:04.2150973Z Gathering data for ns/kube-system...
Test OLM installation	UNKNOWN STEP	2025-11-14T14:45:04.3771376Z W1114 14:45:04.376974   10095 util.go:118] the server doesn't have a resource type egressfirewalls, skipping the inspection
Test OLM installation	UNKNOWN STEP	2025-11-14T14:45:04.3784415Z W1114 14:45:04.378355   10095 util.go:118] the server doesn't have a resource type egressqoses, skipping the inspection
Test OLM installation	UNKNOWN STEP	2025-11-14T14:45:04.4173801Z W1114 14:45:04.417209   10095 util.go:118] the server doesn't have a resource type servicemonitors, skipping the inspection
Test OLM installation	UNKNOWN STEP	2025-11-14T14:45:04.4186552Z W1114 14:45:04.418558   10095 util.go:118] the server doesn't have a resource type userdefinednetworks, skipping the inspection
Test OLM installation	UNKNOWN STEP	2025-11-14T14:45:04.4187246Z Gathering data for ns/olm...
Test OLM installation	UNKNOWN STEP	2025-11-14T14:45:04.7027446Z W1114 14:45:04.702561   10095 util.go:118] the server doesn't have a resource type egressfirewalls, skipping the inspection
Test OLM installation	UNKNOWN STEP	2025-11-14T14:45:04.7043353Z W1114 14:45:04.704221   10095 util.go:118] the server doesn't have a resource type egressqoses, skipping the inspection
Test OLM installation	UNKNOWN STEP	2025-11-14T14:45:04.7540371Z W1114 14:45:04.753846   10095 util.go:118] the server doesn't have a resource type servicemonitors, skipping the inspection
Test OLM installation	UNKNOWN STEP	2025-11-14T14:45:04.7558707Z W1114 14:45:04.755710   10095 util.go:118] the server doesn't have a resource type userdefinednetworks, skipping the inspection
Test OLM installation	UNKNOWN STEP	2025-11-14T14:45:04.7559670Z Gathering data for ns/operators...
Test OLM installation	UNKNOWN STEP	2025-11-14T14:45:04.7927956Z W1114 14:45:04.792467   10095 util.go:118] the server doesn't have a resource type egressfirewalls, skipping the inspection
Test OLM installation	UNKNOWN STEP	2025-11-14T14:45:04.7944509Z W1114 14:45:04.794334   10095 util.go:118] the server doesn't have a resource type egressqoses, skipping the inspection
Test OLM installation	UNKNOWN STEP	2025-11-14T14:45:04.8256553Z W1114 14:45:04.825525   10095 util.go:118] the server doesn't have a resource type servicemonitors, skipping the inspection
Test OLM installation	UNKNOWN STEP	2025-11-14T14:45:04.8278944Z W1114 14:45:04.827772   10095 util.go:118] the server doesn't have a resource type userdefinednetworks, skipping the inspection
Test OLM installation	UNKNOWN STEP	2025-11-14T14:45:04.8440883Z Wrote inspect data to inspect.local.176378254353831865.
Test OLM installation	UNKNOWN STEP	2025-11-14T14:45:04.8527871Z ##[group]Run actions/upload-artifact@ea165f8d65b6e75b540449e92b4886f43607fa02
Test OLM installation	UNKNOWN STEP	2025-11-14T14:45:04.8528601Z with:
Test OLM installation	UNKNOWN STEP	2025-11-14T14:45:04.8528824Z   name: oc-inspect
Test OLM installation	UNKNOWN STEP	2025-11-14T14:45:04.8529021Z   path: inspect.*
Test OLM installation	UNKNOWN STEP	2025-11-14T14:45:04.8529219Z   if-no-files-found: warn
Test OLM installation	UNKNOWN STEP	2025-11-14T14:45:04.8529439Z   compression-level: 6
Test OLM installation	UNKNOWN STEP	2025-11-14T14:45:04.8529631Z   overwrite: false
Test OLM installation	UNKNOWN STEP	2025-11-14T14:45:04.8529825Z   include-hidden-files: false
Test OLM installation	UNKNOWN STEP	2025-11-14T14:45:04.8530038Z env:
Test OLM installation	UNKNOWN STEP	2025-11-14T14:45:04.8530292Z   MAVEN_ARGS: -B -nsu -Daether.connector.http.connectionMaxTtl=25
Test OLM installation	UNKNOWN STEP	2025-11-14T14:45:04.8530623Z   MINIKUBE_VERSION: v1.37.0
Test OLM installation	UNKNOWN STEP	2025-11-14T14:45:04.8530847Z   KUBERNETES_VERSION: v1.32.9
Test OLM installation	UNKNOWN STEP	2025-11-14T14:45:04.8531060Z   MINIKUBE_MEMORY: 4096
Test OLM installation	UNKNOWN STEP	2025-11-14T14:45:04.8531366Z   JAVA_HOME: /opt/hostedtoolcache/Java_Temurin-Hotspot_jdk/21.0.9-10/x64
Test OLM installation	UNKNOWN STEP	2025-11-14T14:45:04.8531813Z   JAVA_HOME_21_X64: /opt/hostedtoolcache/Java_Temurin-Hotspot_jdk/21.0.9-10/x64
Test OLM installation	UNKNOWN STEP	2025-11-14T14:45:04.8532214Z   MINIKUBE_HOME: /home/runner/work/_temp
Test OLM installation	UNKNOWN STEP	2025-11-14T14:45:04.8532453Z ##[endgroup]
Test OLM installation	UNKNOWN STEP	2025-11-14T14:45:05.1465315Z With the provided path, there will be 173 files uploaded
Test OLM installation	UNKNOWN STEP	2025-11-14T14:45:05.1466077Z Artifact name is valid!
Test OLM installation	UNKNOWN STEP	2025-11-14T14:45:05.1466442Z Root directory input is valid!
Test OLM installation	UNKNOWN STEP	2025-11-14T14:45:05.3506938Z Beginning upload of artifact content to blob storage
Test OLM installation	UNKNOWN STEP	2025-11-14T14:45:05.9466542Z Uploaded bytes 221731
Test OLM installation	UNKNOWN STEP	2025-11-14T14:45:06.0074571Z Finished uploading artifact content to blob storage!
Test OLM installation	UNKNOWN STEP	2025-11-14T14:45:06.0078146Z SHA256 digest of uploaded artifact zip is 0fd8fd119172d2dabbf00fa62cf5e72ce3dd4e1c31eb2a6c8f732e553bc7aeec
Test OLM installation	UNKNOWN STEP	2025-11-14T14:45:06.0080252Z Finalizing artifact upload
Test OLM installation	UNKNOWN STEP	2025-11-14T14:45:06.1506510Z Artifact oc-inspect.zip successfully finalized. Artifact ID 4569480250
Test OLM installation	UNKNOWN STEP	2025-11-14T14:45:06.1507477Z Artifact oc-inspect has been successfully uploaded! Final size is 221731 bytes. Artifact ID is 4569480250
Test OLM installation	UNKNOWN STEP	2025-11-14T14:45:06.1515271Z Artifact download URL: https://github.com/keycloak/keycloak/actions/runs/19367872408/artifacts/4569480250
Test OLM installation	UNKNOWN STEP	2025-11-14T14:45:06.1652038Z Post job cleanup.
Test OLM installation	UNKNOWN STEP	2025-11-14T14:45:06.1691658Z Post job cleanup.
Test OLM installation	UNKNOWN STEP	2025-11-14T14:45:06.3510759Z Post job cleanup.
Test OLM installation	UNKNOWN STEP	2025-11-14T14:45:06.4385585Z [command]/usr/bin/git version
Test OLM installation	UNKNOWN STEP	2025-11-14T14:45:06.4427473Z git version 2.51.2
Test OLM installation	UNKNOWN STEP	2025-11-14T14:45:06.4469914Z Temporarily overriding HOME='/home/runner/work/_temp/015fd6cd-dae0-43da-9f10-214417f49917' before making global git config changes
Test OLM installation	UNKNOWN STEP	2025-11-14T14:45:06.4471159Z Adding repository directory to the temporary git global config as a safe directory
Test OLM installation	UNKNOWN STEP	2025-11-14T14:45:06.4475665Z [command]/usr/bin/git config --global --add safe.directory /home/runner/work/keycloak/keycloak
Test OLM installation	UNKNOWN STEP	2025-11-14T14:45:06.4513260Z [command]/usr/bin/git config --local --name-only --get-regexp core\.sshCommand
Test OLM installation	UNKNOWN STEP	2025-11-14T14:45:06.4573283Z [command]/usr/bin/git submodule foreach --recursive sh -c "git config --local --name-only --get-regexp 'core\.sshCommand' && git config --local --unset-all 'core.sshCommand' || :"
Test OLM installation	UNKNOWN STEP	2025-11-14T14:45:06.4841597Z [command]/usr/bin/git config --local --name-only --get-regexp http\.https\:\/\/github\.com\/\.extraheader
Test OLM installation	UNKNOWN STEP	2025-11-14T14:45:06.4866071Z http.https://github.com/.extraheader
Test OLM installation	UNKNOWN STEP	2025-11-14T14:45:06.4877046Z [command]/usr/bin/git config --local --unset-all http.https://github.com/.extraheader
Test OLM installation	UNKNOWN STEP	2025-11-14T14:45:06.4909983Z [command]/usr/bin/git submodule foreach --recursive sh -c "git config --local --name-only --get-regexp 'http\.https\:\/\/github\.com\/\.extraheader' && git config --local --unset-all 'http.https://github.com/.extraheader' || :"
Test OLM installation	UNKNOWN STEP	2025-11-14T14:45:06.5279814Z Cleaning up orphan processes
Status Check - Keycloak Operator CI	UNKNOWN STEP	ï»¿2025-11-14T15:12:51.2752035Z Current runner version: '2.329.0'
Status Check - Keycloak Operator CI	UNKNOWN STEP	2025-11-14T15:12:51.2786555Z ##[group]Runner Image Provisioner
Status Check - Keycloak Operator CI	UNKNOWN STEP	2025-11-14T15:12:51.2787905Z Hosted Compute Agent
Status Check - Keycloak Operator CI	UNKNOWN STEP	2025-11-14T15:12:51.2788885Z Version: 20251016.436
Status Check - Keycloak Operator CI	UNKNOWN STEP	2025-11-14T15:12:51.2790034Z Commit: 8ab8ac8bfd662a3739dab9fe09456aba92132568
Status Check - Keycloak Operator CI	UNKNOWN STEP	2025-11-14T15:12:51.2791719Z Build Date: 2025-10-15T20:44:12Z
Status Check - Keycloak Operator CI	UNKNOWN STEP	2025-11-14T15:12:51.2792794Z ##[endgroup]
Status Check - Keycloak Operator CI	UNKNOWN STEP	2025-11-14T15:12:51.2793749Z ##[group]Operating System
Status Check - Keycloak Operator CI	UNKNOWN STEP	2025-11-14T15:12:51.2794766Z Ubuntu
Status Check - Keycloak Operator CI	UNKNOWN STEP	2025-11-14T15:12:51.2795605Z 24.04.3
Status Check - Keycloak Operator CI	UNKNOWN STEP	2025-11-14T15:12:51.2796353Z LTS
Status Check - Keycloak Operator CI	UNKNOWN STEP	2025-11-14T15:12:51.2797259Z ##[endgroup]
Status Check - Keycloak Operator CI	UNKNOWN STEP	2025-11-14T15:12:51.2798160Z ##[group]Runner Image
Status Check - Keycloak Operator CI	UNKNOWN STEP	2025-11-14T15:12:51.2799236Z Image: ubuntu-24.04
Status Check - Keycloak Operator CI	UNKNOWN STEP	2025-11-14T15:12:51.2800321Z Version: 20251112.124.1
Status Check - Keycloak Operator CI	UNKNOWN STEP	2025-11-14T15:12:51.2802433Z Included Software: https://github.com/actions/runner-images/blob/ubuntu24/20251112.124/images/ubuntu/Ubuntu2404-Readme.md
Status Check - Keycloak Operator CI	UNKNOWN STEP	2025-11-14T15:12:51.2805428Z Image Release: https://github.com/actions/runner-images/releases/tag/ubuntu24%2F20251112.124
Status Check - Keycloak Operator CI	UNKNOWN STEP	2025-11-14T15:12:51.2807166Z ##[endgroup]
Status Check - Keycloak Operator CI	UNKNOWN STEP	2025-11-14T15:12:51.2809042Z ##[group]GITHUB_TOKEN Permissions
Status Check - Keycloak Operator CI	UNKNOWN STEP	2025-11-14T15:12:51.2811782Z Contents: read
Status Check - Keycloak Operator CI	UNKNOWN STEP	2025-11-14T15:12:51.2812858Z Metadata: read
Status Check - Keycloak Operator CI	UNKNOWN STEP	2025-11-14T15:12:51.2813853Z ##[endgroup]
Status Check - Keycloak Operator CI	UNKNOWN STEP	2025-11-14T15:12:51.2816854Z Secret source: None
Status Check - Keycloak Operator CI	UNKNOWN STEP	2025-11-14T15:12:51.2818571Z Prepare workflow directory
Status Check - Keycloak Operator CI	UNKNOWN STEP	2025-11-14T15:12:51.3401861Z Prepare all required actions
Status Check - Keycloak Operator CI	UNKNOWN STEP	2025-11-14T15:12:51.3458998Z Getting action download info
Status Check - Keycloak Operator CI	UNKNOWN STEP	2025-11-14T15:12:51.6187485Z Download action repository 'actions/checkout@08c6903cd8c0fde910a37f88322edcfb5dd907a8' (SHA:08c6903cd8c0fde910a37f88322edcfb5dd907a8)
Status Check - Keycloak Operator CI	UNKNOWN STEP	2025-11-14T15:12:51.7697911Z Complete job name: Status Check - Keycloak Operator CI
Status Check - Keycloak Operator CI	UNKNOWN STEP	2025-11-14T15:12:51.8347470Z ##[group]Run actions/checkout@08c6903cd8c0fde910a37f88322edcfb5dd907a8
Status Check - Keycloak Operator CI	UNKNOWN STEP	2025-11-14T15:12:51.8348457Z with:
Status Check - Keycloak Operator CI	UNKNOWN STEP	2025-11-14T15:12:51.8348845Z   repository: keycloak/keycloak
Status Check - Keycloak Operator CI	UNKNOWN STEP	2025-11-14T15:12:51.8349473Z   token: ***
Status Check - Keycloak Operator CI	UNKNOWN STEP	2025-11-14T15:12:51.8349861Z   ssh-strict: true
Status Check - Keycloak Operator CI	UNKNOWN STEP	2025-11-14T15:12:51.8350241Z   ssh-user: git
Status Check - Keycloak Operator CI	UNKNOWN STEP	2025-11-14T15:12:51.8350831Z   persist-credentials: true
Status Check - Keycloak Operator CI	UNKNOWN STEP	2025-11-14T15:12:51.8351264Z   clean: true
Status Check - Keycloak Operator CI	UNKNOWN STEP	2025-11-14T15:12:51.8351668Z   sparse-checkout-cone-mode: true
Status Check - Keycloak Operator CI	UNKNOWN STEP	2025-11-14T15:12:51.8352141Z   fetch-depth: 1
Status Check - Keycloak Operator CI	UNKNOWN STEP	2025-11-14T15:12:51.8352528Z   fetch-tags: false
Status Check - Keycloak Operator CI	UNKNOWN STEP	2025-11-14T15:12:51.8352918Z   show-progress: true
Status Check - Keycloak Operator CI	UNKNOWN STEP	2025-11-14T15:12:51.8353314Z   lfs: false
Status Check - Keycloak Operator CI	UNKNOWN STEP	2025-11-14T15:12:51.8353680Z   submodules: false
Status Check - Keycloak Operator CI	UNKNOWN STEP	2025-11-14T15:12:51.8354077Z   set-safe-directory: true
Status Check - Keycloak Operator CI	UNKNOWN STEP	2025-11-14T15:12:51.8354723Z env:
Status Check - Keycloak Operator CI	UNKNOWN STEP	2025-11-14T15:12:51.8355254Z   MAVEN_ARGS: -B -nsu -Daether.connector.http.connectionMaxTtl=25
Status Check - Keycloak Operator CI	UNKNOWN STEP	2025-11-14T15:12:51.8355903Z   MINIKUBE_VERSION: v1.37.0
Status Check - Keycloak Operator CI	UNKNOWN STEP	2025-11-14T15:12:51.8356385Z   KUBERNETES_VERSION: v1.32.9
Status Check - Keycloak Operator CI	UNKNOWN STEP	2025-11-14T15:12:51.8356834Z   MINIKUBE_MEMORY: 4096
Status Check - Keycloak Operator CI	UNKNOWN STEP	2025-11-14T15:12:51.8357239Z ##[endgroup]
Status Check - Keycloak Operator CI	UNKNOWN STEP	2025-11-14T15:12:51.9269659Z Syncing repository: keycloak/keycloak
Status Check - Keycloak Operator CI	UNKNOWN STEP	2025-11-14T15:12:51.9271560Z ##[group]Getting Git version info
Status Check - Keycloak Operator CI	UNKNOWN STEP	2025-11-14T15:12:51.9272245Z Working directory is '/home/runner/work/keycloak/keycloak'
Status Check - Keycloak Operator CI	UNKNOWN STEP	2025-11-14T15:12:51.9273214Z [command]/usr/bin/git version
Status Check - Keycloak Operator CI	UNKNOWN STEP	2025-11-14T15:12:51.9329691Z git version 2.51.2
Status Check - Keycloak Operator CI	UNKNOWN STEP	2025-11-14T15:12:51.9349627Z ##[endgroup]
Status Check - Keycloak Operator CI	UNKNOWN STEP	2025-11-14T15:12:51.9363491Z Temporarily overriding HOME='/home/runner/work/_temp/e40868f2-9e10-4f04-925d-268960c3db56' before making global git config changes
Status Check - Keycloak Operator CI	UNKNOWN STEP	2025-11-14T15:12:51.9364869Z Adding repository directory to the temporary git global config as a safe directory
Status Check - Keycloak Operator CI	UNKNOWN STEP	2025-11-14T15:12:51.9368371Z [command]/usr/bin/git config --global --add safe.directory /home/runner/work/keycloak/keycloak
Status Check - Keycloak Operator CI	UNKNOWN STEP	2025-11-14T15:12:51.9405073Z Deleting the contents of '/home/runner/work/keycloak/keycloak'
Status Check - Keycloak Operator CI	UNKNOWN STEP	2025-11-14T15:12:51.9409021Z ##[group]Initializing the repository
Status Check - Keycloak Operator CI	UNKNOWN STEP	2025-11-14T15:12:51.9414037Z [command]/usr/bin/git init /home/runner/work/keycloak/keycloak
Status Check - Keycloak Operator CI	UNKNOWN STEP	2025-11-14T15:12:51.9520223Z hint: Using 'master' as the name for the initial branch. This default branch name
Status Check - Keycloak Operator CI	UNKNOWN STEP	2025-11-14T15:12:51.9522196Z hint: is subject to change. To configure the initial branch name to use in all
Status Check - Keycloak Operator CI	UNKNOWN STEP	2025-11-14T15:12:51.9524002Z hint: of your new repositories, which will suppress this warning, call:
Status Check - Keycloak Operator CI	UNKNOWN STEP	2025-11-14T15:12:51.9525106Z hint:
Status Check - Keycloak Operator CI	UNKNOWN STEP	2025-11-14T15:12:51.9525866Z hint: 	git config --global init.defaultBranch <name>
Status Check - Keycloak Operator CI	UNKNOWN STEP	2025-11-14T15:12:51.9526549Z hint:
Status Check - Keycloak Operator CI	UNKNOWN STEP	2025-11-14T15:12:51.9527106Z hint: Names commonly chosen instead of 'master' are 'main', 'trunk' and
Status Check - Keycloak Operator CI	UNKNOWN STEP	2025-11-14T15:12:51.9528017Z hint: 'development'. The just-created branch can be renamed via this command:
Status Check - Keycloak Operator CI	UNKNOWN STEP	2025-11-14T15:12:51.9528714Z hint:
Status Check - Keycloak Operator CI	UNKNOWN STEP	2025-11-14T15:12:51.9529084Z hint: 	git branch -m <name>
Status Check - Keycloak Operator CI	UNKNOWN STEP	2025-11-14T15:12:51.9529578Z hint:
Status Check - Keycloak Operator CI	UNKNOWN STEP	2025-11-14T15:12:51.9530152Z hint: Disable this message with "git config set advice.defaultBranchName false"
Status Check - Keycloak Operator CI	UNKNOWN STEP	2025-11-14T15:12:51.9531770Z Initialized empty Git repository in /home/runner/work/keycloak/keycloak/.git/
Status Check - Keycloak Operator CI	UNKNOWN STEP	2025-11-14T15:12:51.9535911Z [command]/usr/bin/git remote add origin https://github.com/keycloak/keycloak
Status Check - Keycloak Operator CI	UNKNOWN STEP	2025-11-14T15:12:51.9569118Z ##[endgroup]
Status Check - Keycloak Operator CI	UNKNOWN STEP	2025-11-14T15:12:51.9570216Z ##[group]Disabling automatic garbage collection
Status Check - Keycloak Operator CI	UNKNOWN STEP	2025-11-14T15:12:51.9572526Z [command]/usr/bin/git config --local gc.auto 0
Status Check - Keycloak Operator CI	UNKNOWN STEP	2025-11-14T15:12:51.9599340Z ##[endgroup]
Status Check - Keycloak Operator CI	UNKNOWN STEP	2025-11-14T15:12:51.9599995Z ##[group]Setting up auth
Status Check - Keycloak Operator CI	UNKNOWN STEP	2025-11-14T15:12:51.9605419Z [command]/usr/bin/git config --local --name-only --get-regexp core\.sshCommand
Status Check - Keycloak Operator CI	UNKNOWN STEP	2025-11-14T15:12:51.9635920Z [command]/usr/bin/git submodule foreach --recursive sh -c "git config --local --name-only --get-regexp 'core\.sshCommand' && git config --local --unset-all 'core.sshCommand' || :"
Status Check - Keycloak Operator CI	UNKNOWN STEP	2025-11-14T15:12:51.9946834Z [command]/usr/bin/git config --local --name-only --get-regexp http\.https\:\/\/github\.com\/\.extraheader
Status Check - Keycloak Operator CI	UNKNOWN STEP	2025-11-14T15:12:51.9976488Z [command]/usr/bin/git submodule foreach --recursive sh -c "git config --local --name-only --get-regexp 'http\.https\:\/\/github\.com\/\.extraheader' && git config --local --unset-all 'http.https://github.com/.extraheader' || :"
Status Check - Keycloak Operator CI	UNKNOWN STEP	2025-11-14T15:12:52.0193939Z [command]/usr/bin/git config --local http.https://github.com/.extraheader AUTHORIZATION: basic ***
Status Check - Keycloak Operator CI	UNKNOWN STEP	2025-11-14T15:12:52.0227300Z ##[endgroup]
Status Check - Keycloak Operator CI	UNKNOWN STEP	2025-11-14T15:12:52.0228081Z ##[group]Fetching the repository
Status Check - Keycloak Operator CI	UNKNOWN STEP	2025-11-14T15:12:52.0236750Z [command]/usr/bin/git -c protocol.version=2 fetch --no-tags --prune --no-recurse-submodules --depth=1 origin +c2b78190065190e92f43a73cae286d6911a6a205:refs/remotes/pull/44145/merge
Status Check - Keycloak Operator CI	UNKNOWN STEP	2025-11-14T15:12:55.1215651Z From https://github.com/keycloak/keycloak
Status Check - Keycloak Operator CI	UNKNOWN STEP	2025-11-14T15:12:55.1217107Z  * [new ref]         c2b78190065190e92f43a73cae286d6911a6a205 -> pull/44145/merge
Status Check - Keycloak Operator CI	UNKNOWN STEP	2025-11-14T15:12:55.1247051Z ##[endgroup]
Status Check - Keycloak Operator CI	UNKNOWN STEP	2025-11-14T15:12:55.1248991Z ##[group]Determining the checkout info
Status Check - Keycloak Operator CI	UNKNOWN STEP	2025-11-14T15:12:55.1251401Z ##[endgroup]
Status Check - Keycloak Operator CI	UNKNOWN STEP	2025-11-14T15:12:55.1256067Z [command]/usr/bin/git sparse-checkout disable
Status Check - Keycloak Operator CI	UNKNOWN STEP	2025-11-14T15:12:55.1297219Z [command]/usr/bin/git config --local --unset-all extensions.worktreeConfig
Status Check - Keycloak Operator CI	UNKNOWN STEP	2025-11-14T15:12:55.1324047Z ##[group]Checking out the ref
Status Check - Keycloak Operator CI	UNKNOWN STEP	2025-11-14T15:12:55.1327303Z [command]/usr/bin/git checkout --progress --force refs/remotes/pull/44145/merge
Status Check - Keycloak Operator CI	UNKNOWN STEP	2025-11-14T15:12:55.9587942Z Note: switching to 'refs/remotes/pull/44145/merge'.
Status Check - Keycloak Operator CI	UNKNOWN STEP	2025-11-14T15:12:55.9589548Z 
Status Check - Keycloak Operator CI	UNKNOWN STEP	2025-11-14T15:12:55.9590163Z You are in 'detached HEAD' state. You can look around, make experimental
Status Check - Keycloak Operator CI	UNKNOWN STEP	2025-11-14T15:12:55.9591570Z changes and commit them, and you can discard any commits you make in this
Status Check - Keycloak Operator CI	UNKNOWN STEP	2025-11-14T15:12:55.9592507Z state without impacting any branches by switching back to a branch.
Status Check - Keycloak Operator CI	UNKNOWN STEP	2025-11-14T15:12:55.9592874Z 
Status Check - Keycloak Operator CI	UNKNOWN STEP	2025-11-14T15:12:55.9593111Z If you want to create a new branch to retain commits you create, you may
Status Check - Keycloak Operator CI	UNKNOWN STEP	2025-11-14T15:12:55.9593671Z do so (now or later) by using -c with the switch command. Example:
Status Check - Keycloak Operator CI	UNKNOWN STEP	2025-11-14T15:12:55.9593979Z 
Status Check - Keycloak Operator CI	UNKNOWN STEP	2025-11-14T15:12:55.9594121Z   git switch -c <new-branch-name>
Status Check - Keycloak Operator CI	UNKNOWN STEP	2025-11-14T15:12:55.9594360Z 
Status Check - Keycloak Operator CI	UNKNOWN STEP	2025-11-14T15:12:55.9594497Z Or undo this operation with:
Status Check - Keycloak Operator CI	UNKNOWN STEP	2025-11-14T15:12:55.9594710Z 
Status Check - Keycloak Operator CI	UNKNOWN STEP	2025-11-14T15:12:55.9594825Z   git switch -
Status Check - Keycloak Operator CI	UNKNOWN STEP	2025-11-14T15:12:55.9594993Z 
Status Check - Keycloak Operator CI	UNKNOWN STEP	2025-11-14T15:12:55.9595287Z Turn off this advice by setting config variable advice.detachedHead to false
Status Check - Keycloak Operator CI	UNKNOWN STEP	2025-11-14T15:12:55.9595664Z 
Status Check - Keycloak Operator CI	UNKNOWN STEP	2025-11-14T15:12:55.9596349Z HEAD is now at c2b7819 Merge 2ba9b2cddcacdb99c26774cad4ed1ee1e085b4e2 into 70e1dba2c343853a286222db227d6a5a4c17af13
Status Check - Keycloak Operator CI	UNKNOWN STEP	2025-11-14T15:12:55.9621783Z ##[endgroup]
Status Check - Keycloak Operator CI	UNKNOWN STEP	2025-11-14T15:12:55.9661598Z [command]/usr/bin/git log -1 --format=%H
Status Check - Keycloak Operator CI	UNKNOWN STEP	2025-11-14T15:12:55.9690952Z c2b78190065190e92f43a73cae286d6911a6a205
Status Check - Keycloak Operator CI	UNKNOWN STEP	2025-11-14T15:12:55.9928045Z Prepare all required actions
Status Check - Keycloak Operator CI	UNKNOWN STEP	2025-11-14T15:12:55.9998716Z ##[group]Run ./.github/actions/status-check
Status Check - Keycloak Operator CI	UNKNOWN STEP	2025-11-14T15:12:55.9999045Z with:
Status Check - Keycloak Operator CI	UNKNOWN STEP	2025-11-14T15:12:55.9999915Z   jobs: {
Status Check - Keycloak Operator CI	UNKNOWN STEP	  "conditional": {
Status Check - Keycloak Operator CI	UNKNOWN STEP	    "result": "success",
Status Check - Keycloak Operator CI	UNKNOWN STEP	    "outputs": {
Status Check - Keycloak Operator CI	UNKNOWN STEP	      "operator": "true"
Status Check - Keycloak Operator CI	UNKNOWN STEP	    }
Status Check - Keycloak Operator CI	UNKNOWN STEP	  },
Status Check - Keycloak Operator CI	UNKNOWN STEP	  "build": {
Status Check - Keycloak Operator CI	UNKNOWN STEP	    "result": "success",
Status Check - Keycloak Operator CI	UNKNOWN STEP	    "outputs": {}
Status Check - Keycloak Operator CI	UNKNOWN STEP	  },
Status Check - Keycloak Operator CI	UNKNOWN STEP	  "test-local-apiserver": {
Status Check - Keycloak Operator CI	UNKNOWN STEP	    "result": "success",
Status Check - Keycloak Operator CI	UNKNOWN STEP	    "outputs": {}
Status Check - Keycloak Operator CI	UNKNOWN STEP	  },
Status Check - Keycloak Operator CI	UNKNOWN STEP	  "test-remote": {
Status Check - Keycloak Operator CI	UNKNOWN STEP	    "result": "success",
Status Check - Keycloak Operator CI	UNKNOWN STEP	    "outputs": {}
Status Check - Keycloak Operator CI	UNKNOWN STEP	  },
Status Check - Keycloak Operator CI	UNKNOWN STEP	  "test-olm": {
Status Check - Keycloak Operator CI	UNKNOWN STEP	    "result": "failure",
Status Check - Keycloak Operator CI	UNKNOWN STEP	    "outputs": {}
Status Check - Keycloak Operator CI	UNKNOWN STEP	  }
Status Check - Keycloak Operator CI	UNKNOWN STEP	}
Status Check - Keycloak Operator CI	UNKNOWN STEP	2025-11-14T15:12:56.0001012Z env:
Status Check - Keycloak Operator CI	UNKNOWN STEP	2025-11-14T15:12:56.0001436Z   MAVEN_ARGS: -B -nsu -Daether.connector.http.connectionMaxTtl=25
Status Check - Keycloak Operator CI	UNKNOWN STEP	2025-11-14T15:12:56.0001862Z   MINIKUBE_VERSION: v1.37.0
Status Check - Keycloak Operator CI	UNKNOWN STEP	2025-11-14T15:12:56.0002149Z   KUBERNETES_VERSION: v1.32.9
Status Check - Keycloak Operator CI	UNKNOWN STEP	2025-11-14T15:12:56.0002512Z   MINIKUBE_MEMORY: 4096
Status Check - Keycloak Operator CI	UNKNOWN STEP	2025-11-14T15:12:56.0002819Z ##[endgroup]
Status Check - Keycloak Operator CI	UNKNOWN STEP	2025-11-14T15:12:56.0103583Z ##[group]Run JOBS='{
Status Check - Keycloak Operator CI	UNKNOWN STEP	2025-11-14T15:12:56.0103901Z [36;1mJOBS='{[0m
Status Check - Keycloak Operator CI	UNKNOWN STEP	2025-11-14T15:12:56.0104189Z [36;1m  "conditional": {[0m
Status Check - Keycloak Operator CI	UNKNOWN STEP	2025-11-14T15:12:56.0104463Z [36;1m    "result": "success",[0m
Status Check - Keycloak Operator CI	UNKNOWN STEP	2025-11-14T15:12:56.0104738Z [36;1m    "outputs": {[0m
Status Check - Keycloak Operator CI	UNKNOWN STEP	2025-11-14T15:12:56.0104983Z [36;1m      "operator": "true"[0m
Status Check - Keycloak Operator CI	UNKNOWN STEP	2025-11-14T15:12:56.0105233Z [36;1m    }[0m
Status Check - Keycloak Operator CI	UNKNOWN STEP	2025-11-14T15:12:56.0105429Z [36;1m  },[0m
Status Check - Keycloak Operator CI	UNKNOWN STEP	2025-11-14T15:12:56.0105642Z [36;1m  "build": {[0m
Status Check - Keycloak Operator CI	UNKNOWN STEP	2025-11-14T15:12:56.0105874Z [36;1m    "result": "success",[0m
Status Check - Keycloak Operator CI	UNKNOWN STEP	2025-11-14T15:12:56.0106135Z [36;1m    "outputs": {}[0m
Status Check - Keycloak Operator CI	UNKNOWN STEP	2025-11-14T15:12:56.0106370Z [36;1m  },[0m
Status Check - Keycloak Operator CI	UNKNOWN STEP	2025-11-14T15:12:56.0106594Z [36;1m  "test-local-apiserver": {[0m
Status Check - Keycloak Operator CI	UNKNOWN STEP	2025-11-14T15:12:56.0106872Z [36;1m    "result": "success",[0m
Status Check - Keycloak Operator CI	UNKNOWN STEP	2025-11-14T15:12:56.0107123Z [36;1m    "outputs": {}[0m
Status Check - Keycloak Operator CI	UNKNOWN STEP	2025-11-14T15:12:56.0107357Z [36;1m  },[0m
Status Check - Keycloak Operator CI	UNKNOWN STEP	2025-11-14T15:12:56.0107560Z [36;1m  "test-remote": {[0m
Status Check - Keycloak Operator CI	UNKNOWN STEP	2025-11-14T15:12:56.0107810Z [36;1m    "result": "success",[0m
Status Check - Keycloak Operator CI	UNKNOWN STEP	2025-11-14T15:12:56.0108056Z [36;1m    "outputs": {}[0m
Status Check - Keycloak Operator CI	UNKNOWN STEP	2025-11-14T15:12:56.0108285Z [36;1m  },[0m
Status Check - Keycloak Operator CI	UNKNOWN STEP	2025-11-14T15:12:56.0108497Z [36;1m  "test-olm": {[0m
Status Check - Keycloak Operator CI	UNKNOWN STEP	2025-11-14T15:12:56.0108726Z [36;1m    "result": "failure",[0m
Status Check - Keycloak Operator CI	UNKNOWN STEP	2025-11-14T15:12:56.0108972Z [36;1m    "outputs": {}[0m
Status Check - Keycloak Operator CI	UNKNOWN STEP	2025-11-14T15:12:56.0109192Z [36;1m  }[0m
Status Check - Keycloak Operator CI	UNKNOWN STEP	2025-11-14T15:12:56.0109386Z [36;1m}'[0m
Status Check - Keycloak Operator CI	UNKNOWN STEP	2025-11-14T15:12:56.0109583Z [36;1m[0m
Status Check - Keycloak Operator CI	UNKNOWN STEP	2025-11-14T15:12:56.0109791Z [36;1mecho "Job status:"[0m
Status Check - Keycloak Operator CI	UNKNOWN STEP	2025-11-14T15:12:56.0110154Z [36;1mecho $JOBS | jq -r 'to_entries[] | " - \(.key): \(.value.result)"'[0m
Status Check - Keycloak Operator CI	UNKNOWN STEP	2025-11-14T15:12:56.0110719Z [36;1m[0m
Status Check - Keycloak Operator CI	UNKNOWN STEP	2025-11-14T15:12:56.0111006Z [36;1mfor i in $(echo $JOBS | jq -r 'to_entries[] | .value.result'); do[0m
Status Check - Keycloak Operator CI	UNKNOWN STEP	2025-11-14T15:12:56.0111402Z [36;1m  if [ "$i" != "success" ] && [ "$i" != "skipped" ]; then[0m
Status Check - Keycloak Operator CI	UNKNOWN STEP	2025-11-14T15:12:56.0111718Z [36;1m    echo ""[0m
Status Check - Keycloak Operator CI	UNKNOWN STEP	2025-11-14T15:12:56.0111949Z [36;1m    echo "Status check not okay!"[0m
Status Check - Keycloak Operator CI	UNKNOWN STEP	2025-11-14T15:12:56.0112223Z [36;1m    exit 1[0m
Status Check - Keycloak Operator CI	UNKNOWN STEP	2025-11-14T15:12:56.0112433Z [36;1m  fi[0m
Status Check - Keycloak Operator CI	UNKNOWN STEP	2025-11-14T15:12:56.0112638Z [36;1mdone[0m
Status Check - Keycloak Operator CI	UNKNOWN STEP	2025-11-14T15:12:56.0149566Z shell: /usr/bin/bash --noprofile --norc -e -o pipefail {0}
Status Check - Keycloak Operator CI	UNKNOWN STEP	2025-11-14T15:12:56.0149952Z env:
Status Check - Keycloak Operator CI	UNKNOWN STEP	2025-11-14T15:12:56.0150258Z   MAVEN_ARGS: -B -nsu -Daether.connector.http.connectionMaxTtl=25
Status Check - Keycloak Operator CI	UNKNOWN STEP	2025-11-14T15:12:56.0150867Z   MINIKUBE_VERSION: v1.37.0
Status Check - Keycloak Operator CI	UNKNOWN STEP	2025-11-14T15:12:56.0151133Z   KUBERNETES_VERSION: v1.32.9
Status Check - Keycloak Operator CI	UNKNOWN STEP	2025-11-14T15:12:56.0151383Z   MINIKUBE_MEMORY: 4096
Status Check - Keycloak Operator CI	UNKNOWN STEP	2025-11-14T15:12:56.0151615Z ##[endgroup]
Status Check - Keycloak Operator CI	UNKNOWN STEP	2025-11-14T15:12:56.0221412Z Job status:
Status Check - Keycloak Operator CI	UNKNOWN STEP	2025-11-14T15:12:56.0261232Z  - conditional: success
Status Check - Keycloak Operator CI	UNKNOWN STEP	2025-11-14T15:12:56.0261538Z  - build: success
Status Check - Keycloak Operator CI	UNKNOWN STEP	2025-11-14T15:12:56.0261806Z  - test-local-apiserver: success
Status Check - Keycloak Operator CI	UNKNOWN STEP	2025-11-14T15:12:56.0262095Z  - test-remote: success
Status Check - Keycloak Operator CI	UNKNOWN STEP	2025-11-14T15:12:56.0262334Z  - test-olm: failure
Status Check - Keycloak Operator CI	UNKNOWN STEP	2025-11-14T15:12:56.0294829Z 
Status Check - Keycloak Operator CI	UNKNOWN STEP	2025-11-14T15:12:56.0295197Z Status check not okay!
Status Check - Keycloak Operator CI	UNKNOWN STEP	2025-11-14T15:12:56.0306856Z ##[error]Process completed with exit code 1.
Status Check - Keycloak Operator CI	UNKNOWN STEP	2025-11-14T15:12:56.0422284Z Post job cleanup.
Status Check - Keycloak Operator CI	UNKNOWN STEP	2025-11-14T15:12:56.1206716Z [command]/usr/bin/git version
Status Check - Keycloak Operator CI	UNKNOWN STEP	2025-11-14T15:12:56.1273955Z git version 2.51.2
Status Check - Keycloak Operator CI	UNKNOWN STEP	2025-11-14T15:12:56.1311473Z Temporarily overriding HOME='/home/runner/work/_temp/8569a50a-610f-430b-b46b-700461b436a2' before making global git config changes
Status Check - Keycloak Operator CI	UNKNOWN STEP	2025-11-14T15:12:56.1313029Z Adding repository directory to the temporary git global config as a safe directory
Status Check - Keycloak Operator CI	UNKNOWN STEP	2025-11-14T15:12:56.1317291Z [command]/usr/bin/git config --global --add safe.directory /home/runner/work/keycloak/keycloak
Status Check - Keycloak Operator CI	UNKNOWN STEP	2025-11-14T15:12:56.1354251Z [command]/usr/bin/git config --local --name-only --get-regexp core\.sshCommand
Status Check - Keycloak Operator CI	UNKNOWN STEP	2025-11-14T15:12:56.1386137Z [command]/usr/bin/git submodule foreach --recursive sh -c "git config --local --name-only --get-regexp 'core\.sshCommand' && git config --local --unset-all 'core.sshCommand' || :"
Status Check - Keycloak Operator CI	UNKNOWN STEP	2025-11-14T15:12:56.1632553Z [command]/usr/bin/git config --local --name-only --get-regexp http\.https\:\/\/github\.com\/\.extraheader
Status Check - Keycloak Operator CI	UNKNOWN STEP	2025-11-14T15:12:56.1655113Z http.https://github.com/.extraheader
Status Check - Keycloak Operator CI	UNKNOWN STEP	2025-11-14T15:12:56.1665205Z [command]/usr/bin/git config --local --unset-all http.https://github.com/.extraheader
Status Check - Keycloak Operator CI	UNKNOWN STEP	2025-11-14T15:12:56.1695625Z [command]/usr/bin/git submodule foreach --recursive sh -c "git config --local --name-only --get-regexp 'http\.https\:\/\/github\.com\/\.extraheader' && git config --local --unset-all 'http.https://github.com/.extraheader' || :"
Status Check - Keycloak Operator CI	UNKNOWN STEP	2025-11-14T15:12:56.2044089Z Cleaning up orphan processes
