Admin UI E2E (5, chrome)	Run Cypress	2024-10-17T00:57:20.1423055Z ##[group]Run cypress-io/github-action@v6
Admin UI E2E (5, chrome)	Run Cypress	2024-10-17T00:57:20.1423666Z with:
Admin UI E2E (5, chrome)	Run Cypress	2024-10-17T00:57:20.1424089Z   install: false
Admin UI E2E (5, chrome)	Run Cypress	2024-10-17T00:57:20.1424568Z   browser: chrome
Admin UI E2E (5, chrome)	Run Cypress	2024-10-17T00:57:20.1425158Z   wait-on: http://localhost:8080
Admin UI E2E (5, chrome)	Run Cypress	2024-10-17T00:57:20.1425760Z   working-directory: js/apps/admin-ui
Admin UI E2E (5, chrome)	Run Cypress	2024-10-17T00:57:20.1426369Z   record: false
Admin UI E2E (5, chrome)	Run Cypress	2024-10-17T00:57:20.1426839Z   publish-summary: true
Admin UI E2E (5, chrome)	Run Cypress	2024-10-17T00:57:20.1427293Z   component: false
Admin UI E2E (5, chrome)	Run Cypress	2024-10-17T00:57:20.1427681Z env:
Admin UI E2E (5, chrome)	Run Cypress	2024-10-17T00:57:20.1428253Z   MAVEN_ARGS: -B -nsu -Daether.connector.http.connectionMaxTtl=25
Admin UI E2E (5, chrome)	Run Cypress	2024-10-17T00:57:20.1429065Z   WORKSPACE: keycloak-admin-ui
Admin UI E2E (5, chrome)	Run Cypress	2024-10-17T00:57:20.1429842Z   JAVA_HOME: /opt/hostedtoolcache/Java_Temurin-Hotspot_jdk/21.0.4-7/x64
Admin UI E2E (5, chrome)	Run Cypress	2024-10-17T00:57:20.1431380Z   JAVA_HOME_21_X64: /opt/hostedtoolcache/Java_Temurin-Hotspot_jdk/21.0.4-7/x64
Admin UI E2E (5, chrome)	Run Cypress	2024-10-17T00:57:20.1432232Z   SPLIT: 5
Admin UI E2E (5, chrome)	Run Cypress	2024-10-17T00:57:20.1432619Z   SPLIT_INDEX: 4
Admin UI E2E (5, chrome)	Run Cypress	2024-10-17T00:57:20.1433045Z   SPLIT_RANDOM_SEED: 91
Admin UI E2E (5, chrome)	Run Cypress	2024-10-17T00:57:20.1433484Z ##[endgroup]
Admin UI E2E (5, chrome)	Run Cypress	2024-10-17T00:57:20.3520750Z Skipping install because install parameter is false
Admin UI E2E (5, chrome)	Run Cypress	2024-10-17T00:57:20.3526776Z waiting on "http://localhost:8080" with timeout of 60 seconds
Admin UI E2E (5, chrome)	Run Cypress	2024-10-17T00:57:39.3989132Z It looks like this is your first time using Cypress: 13.15.0
Admin UI E2E (5, chrome)	Run Cypress	2024-10-17T00:57:39.3989886Z 
Admin UI E2E (5, chrome)	Run Cypress	2024-10-17T00:57:39.4012641Z [STARTED] Task without title.
Admin UI E2E (5, chrome)	Run Cypress	2024-10-17T00:57:41.3877973Z [SUCCESS] Task without title.
Admin UI E2E (5, chrome)	Run Cypress	2024-10-17T00:57:41.3879440Z 
Admin UI E2E (5, chrome)	Run Cypress	2024-10-17T00:57:41.3879909Z Opening Cypress...
Admin UI E2E (5, chrome)	Run Cypress	2024-10-17T00:57:42.0441371Z 
Admin UI E2E (5, chrome)	Run Cypress	2024-10-17T00:57:42.0443750Z DevTools listening on ws://127.0.0.1:44793/devtools/browser/ded377cb-251f-435d-8926-5b6c6e6a85d4
Admin UI E2E (5, chrome)	Run Cypress	2024-10-17T00:57:42.6455367Z (node:2731) ExperimentalWarning: `--experimental-loader` may be removed in the future; instead use `register()`:
Admin UI E2E (5, chrome)	Run Cypress	2024-10-17T00:57:42.6458243Z --import 'data:text/javascript,import { register } from "node:module"; import { pathToFileURL } from "node:url"; register("file%3A///home/runner/.cache/Cypress/13.15.0/Cypress/resources/app/node_modules/ts-node/esm/transpile-only.mjs", pathToFileURL("./"));'
Admin UI E2E (5, chrome)	Run Cypress	2024-10-17T00:57:42.6459836Z (Use `node --trace-warnings ...` to show where the warning was created)
Admin UI E2E (5, chrome)	Run Cypress	2024-10-17T00:57:48.8659788Z cypress-split: there are 37 found specs
Admin UI E2E (5, chrome)	Run Cypress	2024-10-17T00:57:48.8660697Z the first 5 specs
Admin UI E2E (5, chrome)	Run Cypress	2024-10-17T00:57:48.8662335Z - 1: /home/runner/work/keycloak/keycloak/js/apps/admin-ui/cypress/e2e/partial_import_test.spec.ts
Admin UI E2E (5, chrome)	Run Cypress	2024-10-17T00:57:48.8664718Z - 2: /home/runner/work/keycloak/keycloak/js/apps/admin-ui/cypress/e2e/events_test.spec.ts
Admin UI E2E (5, chrome)	Run Cypress	2024-10-17T00:57:48.8666991Z - 3: /home/runner/work/keycloak/keycloak/js/apps/admin-ui/cypress/e2e/authentication_policies.spec.ts
Admin UI E2E (5, chrome)	Run Cypress	2024-10-17T00:57:48.8671854Z - 4: /home/runner/work/keycloak/keycloak/js/apps/admin-ui/cypress/e2e/user_fed_ldap_mapper_test.spec.ts
Admin UI E2E (5, chrome)	Run Cypress	2024-10-17T00:57:48.8673482Z - 5: /home/runner/work/keycloak/keycloak/js/apps/admin-ui/cypress/e2e/realm_settings_general_tab_test.spec.ts
Admin UI E2E (5, chrome)	Run Cypress	2024-10-17T00:57:48.8674303Z cypress-split: chunk 5 of 5
Admin UI E2E (5, chrome)	Run Cypress	2024-10-17T00:57:48.8678428Z k  spec                                                   
Admin UI E2E (5, chrome)	Run Cypress	2024-10-17T00:57:48.8679435Z -  -------------------------------------------------------
Admin UI E2E (5, chrome)	Run Cypress	2024-10-17T00:57:48.8680327Z 1  cypress/e2e/realm_settings_client_profiles_test.spec.ts
Admin UI E2E (5, chrome)	Run Cypress	2024-10-17T00:57:48.8681295Z 2  cypress/e2e/clients_saml_test.spec.ts                  
Admin UI E2E (5, chrome)	Run Cypress	2024-10-17T00:57:48.8682241Z 3  cypress/e2e/identity_providers_oidc_test.spec.ts       
Admin UI E2E (5, chrome)	Run Cypress	2024-10-17T00:57:48.8684615Z 4  cypress/e2e/clients_test.spec.ts                       
Admin UI E2E (5, chrome)	Run Cypress	2024-10-17T00:57:48.8685561Z 5  cypress/e2e/users_attribute_search_test.spec.ts        
Admin UI E2E (5, chrome)	Run Cypress	2024-10-17T00:57:48.8686495Z 6  cypress/e2e/partial_export_test.spec.ts                
Admin UI E2E (5, chrome)	Run Cypress	2024-10-17T00:57:48.8687954Z 7  cypress/e2e/authentication_test.spec.ts                
Admin UI E2E (5, chrome)	Run Cypress	2024-10-17T00:57:48.8688492Z 
Admin UI E2E (5, chrome)	Run Cypress	2024-10-17T00:57:49.6194756Z 
Admin UI E2E (5, chrome)	Run Cypress	2024-10-17T00:57:49.6534321Z [90m====================================================================================================[39m
Admin UI E2E (5, chrome)	Run Cypress	2024-10-17T00:57:49.6534832Z 
Admin UI E2E (5, chrome)	Run Cypress	2024-10-17T00:57:49.6535811Z [0m  ([4m[1mRun Starting[22m[24m)[0m
Admin UI E2E (5, chrome)	Run Cypress	2024-10-17T00:57:49.6536822Z 
Admin UI E2E (5, chrome)	Run Cypress	2024-10-17T00:57:49.6616445Z [90m  â”Œ[39m[90mâ”€[39m[90mâ”€[39m[90mâ”€[39m[90mâ”€[39m[90mâ”€[39m[90mâ”€[39m[90mâ”€[39m[90mâ”€[39m[90mâ”€[39m[90mâ”€[39m[90mâ”€[39m[90mâ”€[39m[90mâ”€[39m[90mâ”€[39m[90mâ”€[39m[90mâ”€[39m[90mâ”€[39m[90mâ”€[39m[90mâ”€[39m[90mâ”€[39m[90mâ”€[39m[90mâ”€[39m[90mâ”€[39m[90mâ”€[39m[90mâ”€[39m[90mâ”€[39m[90mâ”€[39m[90mâ”€[39m[90mâ”€[39m[90mâ”€[39m[90mâ”€[39m[90mâ”€[39m[90mâ”€[39m[90mâ”€[39m[90mâ”€[39m[90mâ”€[39m[90mâ”€[39m[90mâ”€[39m[90mâ”€[39m[90mâ”€[39m[90mâ”€[39m[90mâ”€[39m[90mâ”€[39m[90mâ”€[39m[90mâ”€[39m[90mâ”€[39m[90mâ”€[39m[90mâ”€[39m[90mâ”€[39m[90mâ”€[39m[90mâ”€[39m[90mâ”€[39m[90mâ”€[39m[90mâ”€[39m[90mâ”€[39m[90mâ”€[39m[90mâ”€[39m[90mâ”€[39m[90mâ”€[39m[90mâ”€[39m[90mâ”€[39m[90mâ”€[39m[90mâ”€[39m[90mâ”€[39m[90mâ”€[39m[90mâ”€[39m[90mâ”€[39m[90mâ”€[39m[90mâ”€[39m[90mâ”€[39m[90mâ”€[39m[90mâ”€[39m[90mâ”€[39m[90mâ”€[39m[90mâ”€[39m[90mâ”€[39m[90mâ”€[39m[90mâ”€[39m[90mâ”€[39m[90mâ”€[39m[90mâ”€[39m[90mâ”€[39m[90mâ”€[39m[90mâ”€[39m[90mâ”€[39m[90mâ”€[39m[90mâ”€[39m[90mâ”€[39m[90mâ”€[39m[90mâ”€[39m[90mâ”€[39m[90mâ”€[39m[90mâ”€[39m[90mâ”€[39m[90mâ”€[39m[90mâ”€[39m[90mâ”[39m
Admin UI E2E (5, chrome)	Run Cypress	2024-10-17T00:57:49.6621719Z [90m  â”‚[39m [90mCypress:[39m        13.15.0                                                                        [90mâ”‚[39m
Admin UI E2E (5, chrome)	Run Cypress	2024-10-17T00:57:49.6622934Z [90m  â”‚[39m [90mBrowser:[39m        Chrome 130 [90m(headless)[39m                                                          [90mâ”‚[39m
Admin UI E2E (5, chrome)	Run Cypress	2024-10-17T00:57:49.6625224Z [90m  â”‚[39m [90mNode Version:[39m   [0mv20.13.1 [90m(/home/runner/runners/2.320.0/externals/node20/bin/node)[39m[0m              [90mâ”‚[39m
Admin UI E2E (5, chrome)	Run Cypress	2024-10-17T00:57:49.6627522Z [90m  â”‚[39m [90mSpecs:[39m          [0m7 found (realm_settings_client_profiles_test.spec.ts, clients_saml_test.spec.t[0m [90mâ”‚[39m
Admin UI E2E (5, chrome)	Run Cypress	2024-10-17T00:57:49.6629512Z [90m  â”‚[39m                 [0ms, identity_providers_oidc_test.spec.ts, clients_test.spec.ts, users_attribute[0m [90mâ”‚[39m
Admin UI E2E (5, chrome)	Run Cypress	2024-10-17T00:57:49.6631595Z [90m  â”‚[39m                 [0m_search_test.spec.ts, partial_export_test.spec.ts, authentication_test.spec.ts[0m [90mâ”‚[39m
Admin UI E2E (5, chrome)	Run Cypress	2024-10-17T00:57:49.6633453Z [90m  â”‚[39m                 [0m)[0m                                                                              [90mâ”‚[39m
Admin UI E2E (5, chrome)	Run Cypress	2024-10-17T00:57:49.6635358Z [90m  â”‚[39m [90mSearched:[39m       [0mcypress/e2e/realm_settings_client_profiles_test.spec.ts, cypress/e2e/clients_s[0m [90mâ”‚[39m
Admin UI E2E (5, chrome)	Run Cypress	2024-10-17T00:57:49.6637610Z [90m  â”‚[39m                 [0maml_test.spec.ts, cypress/e2e/identity_providers_oidc_test.spec.ts, cypress/e2[0m [90mâ”‚[39m
Admin UI E2E (5, chrome)	Run Cypress	2024-10-17T00:57:49.6639751Z [90m  â”‚[39m                 [0me/clients_test.spec.ts, cypress/e2e/users_attribute_search_test.spec.ts, cypre[0m [90mâ”‚[39m
Admin UI E2E (5, chrome)	Run Cypress	2024-10-17T00:57:49.6642294Z [90m  â”‚[39m                 [0mss/e2e/partial_export_test.spec.ts, cypress/e2e/authentication_test.spec.ts[0m    [90mâ”‚[39m
Admin UI E2E (5, chrome)	Run Cypress	2024-10-17T00:57:49.6644495Z [90m  â”‚[39m [90mExperiments:[39m    experimentalMemoryManagement=true                                              [90mâ”‚[39m
Admin UI E2E (5, chrome)	Run Cypress	2024-10-17T00:57:49.6653822Z [90m  â””[39m[90mâ”€[39m[90mâ”€[39m[90mâ”€[39m[90mâ”€[39m[90mâ”€[39m[90mâ”€[39m[90mâ”€[39m[90mâ”€[39m[90mâ”€[39m[90mâ”€[39m[90mâ”€[39m[90mâ”€[39m[90mâ”€[39m[90mâ”€[39m[90mâ”€[39m[90mâ”€[39m[90mâ”€[39m[90mâ”€[39m[90mâ”€[39m[90mâ”€[39m[90mâ”€[39m[90mâ”€[39m[90mâ”€[39m[90mâ”€[39m[90mâ”€[39m[90mâ”€[39m[90mâ”€[39m[90mâ”€[39m[90mâ”€[39m[90mâ”€[39m[90mâ”€[39m[90mâ”€[39m[90mâ”€[39m[90mâ”€[39m[90mâ”€[39m[90mâ”€[39m[90mâ”€[39m[90mâ”€[39m[90mâ”€[39m[90mâ”€[39m[90mâ”€[39m[90mâ”€[39m[90mâ”€[39m[90mâ”€[39m[90mâ”€[39m[90mâ”€[39m[90mâ”€[39m[90mâ”€[39m[90mâ”€[39m[90mâ”€[39m[90mâ”€[39m[90mâ”€[39m[90mâ”€[39m[90mâ”€[39m[90mâ”€[39m[90mâ”€[39m[90mâ”€[39m[90mâ”€[39m[90mâ”€[39m[90mâ”€[39m[90mâ”€[39m[90mâ”€[39m[90mâ”€[39m[90mâ”€[39m[90mâ”€[39m[90mâ”€[39m[90mâ”€[39m[90mâ”€[39m[90mâ”€[39m[90mâ”€[39m[90mâ”€[39m[90mâ”€[39m[90mâ”€[39m[90mâ”€[39m[90mâ”€[39m[90mâ”€[39m[90mâ”€[39m[90mâ”€[39m[90mâ”€[39m[90mâ”€[39m[90mâ”€[39m[90mâ”€[39m[90mâ”€[39m[90mâ”€[39m[90mâ”€[39m[90mâ”€[39m[90mâ”€[39m[90mâ”€[39m[90mâ”€[39m[90mâ”€[39m[90mâ”€[39m[90mâ”€[39m[90mâ”€[39m[90mâ”€[39m[90mâ”€[39m[90mâ”€[39m[90mâ”˜[39m
Admin UI E2E (5, chrome)	Run Cypress	2024-10-17T00:57:49.6660327Z 
Admin UI E2E (5, chrome)	Run Cypress	2024-10-17T00:57:49.6660355Z 
Admin UI E2E (5, chrome)	Run Cypress	2024-10-17T00:57:49.6668806Z [90mâ”€[39m[90mâ”€[39m[90mâ”€[39m[90mâ”€[39m[90mâ”€[39m[90mâ”€[39m[90mâ”€[39m[90mâ”€[39m[90mâ”€[39m[90mâ”€[39m[90mâ”€[39m[90mâ”€[39m[90mâ”€[39m[90mâ”€[39m[90mâ”€[39m[90mâ”€[39m[90mâ”€[39m[90mâ”€[39m[90mâ”€[39m[90mâ”€[39m[90mâ”€[39m[90mâ”€[39m[90mâ”€[39m[90mâ”€[39m[90mâ”€[39m[90mâ”€[39m[90mâ”€[39m[90mâ”€[39m[90mâ”€[39m[90mâ”€[39m[90mâ”€[39m[90mâ”€[39m[90mâ”€[39m[90mâ”€[39m[90mâ”€[39m[90mâ”€[39m[90mâ”€[39m[90mâ”€[39m[90mâ”€[39m[90mâ”€[39m[90mâ”€[39m[90mâ”€[39m[90mâ”€[39m[90mâ”€[39m[90mâ”€[39m[90mâ”€[39m[90mâ”€[39m[90mâ”€[39m[90mâ”€[39m[90mâ”€[39m[90mâ”€[39m[90mâ”€[39m[90mâ”€[39m[90mâ”€[39m[90mâ”€[39m[90mâ”€[39m[90mâ”€[39m[90mâ”€[39m[90mâ”€[39m[90mâ”€[39m[90mâ”€[39m[90mâ”€[39m[90mâ”€[39m[90mâ”€[39m[90mâ”€[39m[90mâ”€[39m[90mâ”€[39m[90mâ”€[39m[90mâ”€[39m[90mâ”€[39m[90mâ”€[39m[90mâ”€[39m[90mâ”€[39m[90mâ”€[39m[90mâ”€[39m[90mâ”€[39m[90mâ”€[39m[90mâ”€[39m[90mâ”€[39m[90mâ”€[39m[90mâ”€[39m[90mâ”€[39m[90mâ”€[39m[90mâ”€[39m[90mâ”€[39m[90mâ”€[39m[90mâ”€[39m[90mâ”€[39m[90mâ”€[39m[90mâ”€[39m[90mâ”€[39m[90mâ”€[39m[90mâ”€[39m[90mâ”€[39m[90mâ”€[39m[90mâ”€[39m[90mâ”€[39m[90mâ”€[39m[90mâ”€[39m[90mâ”€[39m
Admin UI E2E (5, chrome)	Run Cypress	2024-10-17T00:57:49.6675498Z                                                                                                     
Admin UI E2E (5, chrome)	Run Cypress	2024-10-17T00:57:49.6676842Z   Running:  [90mrealm_settings_client_profiles_test.spec.ts[39m                                     [90m(1 of 7)[39m
Admin UI E2E (5, chrome)	Run Cypress	2024-10-17T00:57:57.0663159Z 
Admin UI E2E (5, chrome)	Run Cypress	2024-10-17T00:57:57.0666440Z [0m[0m
Admin UI E2E (5, chrome)	Run Cypress	2024-10-17T00:57:57.0756775Z [0m  Realm settings client profiles tab tests[0m
Admin UI E2E (5, chrome)	Run Cypress	2024-10-17T00:58:05.9190226Z   [32m  âœ“[0m[90m Go to client policies profiles tab[0m[90m (8778ms)[0m
Admin UI E2E (5, chrome)	Run Cypress	2024-10-17T00:58:08.7785488Z   [32m  âœ“[0m[90m Check new client form is displaying[0m[90m (2754ms)[0m
Admin UI E2E (5, chrome)	Run Cypress	2024-10-17T00:58:12.2983116Z   [32m  âœ“[0m[90m Complete new client form and cancel[0m[90m (3467ms)[0m
Admin UI E2E (5, chrome)	Run Cypress	2024-10-17T00:58:15.8965143Z   [32m  âœ“[0m[90m Complete new client form and submit[0m[90m (3518ms)[0m
Admin UI E2E (5, chrome)	Run Cypress	2024-10-17T00:58:18.5694124Z   [32m  âœ“[0m[90m Should perform client profile search by profile name[0m[90m (2631ms)[0m
Admin UI E2E (5, chrome)	Run Cypress	2024-10-17T00:58:22.2780528Z   [32m  âœ“[0m[90m Should search non-existent client profile[0m[90m (3619ms)[0m
Admin UI E2E (5, chrome)	Run Cypress	2024-10-17T00:58:26.3395692Z   [32m  âœ“[0m[90m Should navigate to client profile[0m[90m (4015ms)[0m
Admin UI E2E (5, chrome)	Run Cypress	2024-10-17T00:58:30.1177445Z   [32m  âœ“[0m[90m Check navigating between Form View and JSON editor[0m[90m (3612ms)[0m
Admin UI E2E (5, chrome)	Run Cypress	2024-10-17T00:58:37.5768990Z   [32m  âœ“[0m[90m Check saving changed JSON profiles[0m[90m (7399ms)[0m
Admin UI E2E (5, chrome)	Run Cypress	2024-10-17T00:58:41.0441571Z   [32m  âœ“[0m[90m Should not create duplicate client profile[0m[90m (3431ms)[0m
Admin UI E2E (5, chrome)	Run Cypress	2024-10-17T00:58:43.6862683Z   [32m  âœ“[0m[90m Should edit client profile[0m[90m (2610ms)[0m
Admin UI E2E (5, chrome)	Run Cypress	2024-10-17T00:58:45.9123261Z   [32m  âœ“[0m[90m Should check that edited client profile is now listed[0m[90m (2200ms)[0m
Admin UI E2E (5, chrome)	Run Cypress	2024-10-17T00:58:48.0120358Z   [32m  âœ“[0m[90m Should show error when client profile left blank[0m[90m (2069ms)[0m
Admin UI E2E (5, chrome)	Run Cypress	2024-10-17T00:58:50.2095024Z   [32m  âœ“[0m[90m Should revert back to the previous profile name[0m[90m (2168ms)[0m
Admin UI E2E (5, chrome)	Run Cypress	2024-10-17T00:58:52.0797609Z   [32m  âœ“[0m[90m Should not have executors configured by default[0m[90m (1833ms)[0m
Admin UI E2E (5, chrome)	Run Cypress	2024-10-17T00:58:54.5022164Z   [32m  âœ“[0m[90m Should cancel adding a new executor to a client profile[0m[90m (2395ms)[0m
Admin UI E2E (5, chrome)	Run Cypress	2024-10-17T00:58:56.7993776Z   [32m  âœ“[0m[90m Should add a new executor to a client profile[0m[90m (2270ms)[0m
Admin UI E2E (5, chrome)	Run Cypress	2024-10-17T00:58:58.7321741Z   [32m  âœ“[0m[90m Should cancel deleting executor from a client profile[0m[90m (1906ms)[0m
Admin UI E2E (5, chrome)	Run Cypress	2024-10-17T00:59:01.0515443Z   [32m  âœ“[0m[90m Should cancel editing executor[0m[90m (2301ms)[0m
Admin UI E2E (5, chrome)	Run Cypress	2024-10-17T00:59:03.4508485Z   [32m  âœ“[0m[90m Should edit executor[0m[90m (2375ms)[0m
Admin UI E2E (5, chrome)	Run Cypress	2024-10-17T00:59:05.4671414Z   [32m  âœ“[0m[90m Should delete executor from a client profile[0m[90m (1991ms)[0m
Admin UI E2E (5, chrome)	Run Cypress	2024-10-17T00:59:07.8162713Z   [32m  âœ“[0m[90m Check cancelling the client profile deletion[0m[90m (2319ms)[0m
Admin UI E2E (5, chrome)	Run Cypress	2024-10-17T00:59:11.4374243Z   [32m  âœ“[0m[90m Check deleting the client profile[0m[90m (2359ms)[0m
Admin UI E2E (5, chrome)	Run Cypress	2024-10-17T00:59:11.4375224Z 
Admin UI E2E (5, chrome)	Run Cypress	2024-10-17T00:59:11.4700163Z 
Admin UI E2E (5, chrome)	Run Cypress	2024-10-17T00:59:11.4706384Z [92m [0m[32m 23 passing[0m[90m (1m)[0m
Admin UI E2E (5, chrome)	Run Cypress	2024-10-17T00:59:11.4706936Z 
Admin UI E2E (5, chrome)	Run Cypress	2024-10-17T00:59:12.4884940Z 
Admin UI E2E (5, chrome)	Run Cypress	2024-10-17T00:59:12.4886503Z [32m  ([4m[1mResults[22m[24m)[39m
Admin UI E2E (5, chrome)	Run Cypress	2024-10-17T00:59:12.4905053Z 
Admin UI E2E (5, chrome)	Run Cypress	2024-10-17T00:59:12.4923899Z [90m  â”Œ[39m[90mâ”€[39m[90mâ”€[39m[90mâ”€[39m[90mâ”€[39m[90mâ”€[39m[90mâ”€[39m[90mâ”€[39m[90mâ”€[39m[90mâ”€[39m[90mâ”€[39m[90mâ”€[39m[90mâ”€[39m[90mâ”€[39m[90mâ”€[39m[90mâ”€[39m[90mâ”€[39m[90mâ”€[39m[90mâ”€[39m[90mâ”€[39m[90mâ”€[39m[90mâ”€[39m[90mâ”€[39m[90mâ”€[39m[90mâ”€[39m[90mâ”€[39m[90mâ”€[39m[90mâ”€[39m[90mâ”€[39m[90mâ”€[39m[90mâ”€[39m[90mâ”€[39m[90mâ”€[39m[90mâ”€[39m[90mâ”€[39m[90mâ”€[39m[90mâ”€[39m[90mâ”€[39m[90mâ”€[39m[90mâ”€[39m[90mâ”€[39m[90mâ”€[39m[90mâ”€[39m[90mâ”€[39m[90mâ”€[39m[90mâ”€[39m[90mâ”€[39m[90mâ”€[39m[90mâ”€[39m[90mâ”€[39m[90mâ”€[39m[90mâ”€[39m[90mâ”€[39m[90mâ”€[39m[90mâ”€[39m[90mâ”€[39m[90mâ”€[39m[90mâ”€[39m[90mâ”€[39m[90mâ”€[39m[90mâ”€[39m[90mâ”€[39m[90mâ”€[39m[90mâ”€[39m[90mâ”€[39m[90mâ”€[39m[90mâ”€[39m[90mâ”€[39m[90mâ”€[39m[90mâ”€[39m[90mâ”€[39m[90mâ”€[39m[90mâ”€[39m[90mâ”€[39m[90mâ”€[39m[90mâ”€[39m[90mâ”€[39m[90mâ”€[39m[90mâ”€[39m[90mâ”€[39m[90mâ”€[39m[90mâ”€[39m[90mâ”€[39m[90mâ”€[39m[90mâ”€[39m[90mâ”€[39m[90mâ”€[39m[90mâ”€[39m[90mâ”€[39m[90mâ”€[39m[90mâ”€[39m[90mâ”€[39m[90mâ”€[39m[90mâ”€[39m[90mâ”€[39m[90mâ”€[39m[90mâ”€[39m[90mâ”[39m
Admin UI E2E (5, chrome)	Run Cypress	2024-10-17T00:59:12.4931107Z [90m  â”‚[39m [90mTests:[39m        [32m23[39m                                                                               [90mâ”‚[39m
Admin UI E2E (5, chrome)	Run Cypress	2024-10-17T00:59:12.4932816Z [90m  â”‚[39m [90mPassing:[39m      [32m23[39m                                                                               [90mâ”‚[39m
Admin UI E2E (5, chrome)	Run Cypress	2024-10-17T00:59:12.4934473Z [90m  â”‚[39m [90mFailing:[39m      [32m0[39m                                                                                [90mâ”‚[39m
Admin UI E2E (5, chrome)	Run Cypress	2024-10-17T00:59:12.4936187Z [90m  â”‚[39m [90mPending:[39m      [32m0[39m                                                                                [90mâ”‚[39m
Admin UI E2E (5, chrome)	Run Cypress	2024-10-17T00:59:12.4937842Z [90m  â”‚[39m [90mSkipped:[39m      [32m0[39m                                                                                [90mâ”‚[39m
Admin UI E2E (5, chrome)	Run Cypress	2024-10-17T00:59:12.4939512Z [90m  â”‚[39m [90mScreenshots:[39m  [32m0[39m                                                                                [90mâ”‚[39m
Admin UI E2E (5, chrome)	Run Cypress	2024-10-17T00:59:12.4941525Z [90m  â”‚[39m [90mVideo:[39m        [32mfalse[39m                                                                            [90mâ”‚[39m
Admin UI E2E (5, chrome)	Run Cypress	2024-10-17T00:59:12.4943320Z [90m  â”‚[39m [90mDuration:[39m     [32m1 minute, 14 seconds[39m                                                             [90mâ”‚[39m
Admin UI E2E (5, chrome)	Run Cypress	2024-10-17T00:59:12.4947654Z [90m  â”‚[39m [90mSpec Ran:[39m     [32m[32mrealm_settings_client_profiles_test.spec.ts[32m[39m                                      [90mâ”‚[39m
Admin UI E2E (5, chrome)	Run Cypress	2024-10-17T00:59:12.4958840Z [90m  â””[39m[90mâ”€[39m[90mâ”€[39m[90mâ”€[39m[90mâ”€[39m[90mâ”€[39m[90mâ”€[39m[90mâ”€[39m[90mâ”€[39m[90mâ”€[39m[90mâ”€[39m[90mâ”€[39m[90mâ”€[39m[90mâ”€[39m[90mâ”€[39m[90mâ”€[39m[90mâ”€[39m[90mâ”€[39m[90mâ”€[39m[90mâ”€[39m[90mâ”€[39m[90mâ”€[39m[90mâ”€[39m[90mâ”€[39m[90mâ”€[39m[90mâ”€[39m[90mâ”€[39m[90mâ”€[39m[90mâ”€[39m[90mâ”€[39m[90mâ”€[39m[90mâ”€[39m[90mâ”€[39m[90mâ”€[39m[90mâ”€[39m[90mâ”€[39m[90mâ”€[39m[90mâ”€[39m[90mâ”€[39m[90mâ”€[39m[90mâ”€[39m[90mâ”€[39m[90mâ”€[39m[90mâ”€[39m[90mâ”€[39m[90mâ”€[39m[90mâ”€[39m[90mâ”€[39m[90mâ”€[39m[90mâ”€[39m[90mâ”€[39m[90mâ”€[39m[90mâ”€[39m[90mâ”€[39m[90mâ”€[39m[90mâ”€[39m[90mâ”€[39m[90mâ”€[39m[90mâ”€[39m[90mâ”€[39m[90mâ”€[39m[90mâ”€[39m[90mâ”€[39m[90mâ”€[39m[90mâ”€[39m[90mâ”€[39m[90mâ”€[39m[90mâ”€[39m[90mâ”€[39m[90mâ”€[39m[90mâ”€[39m[90mâ”€[39m[90mâ”€[39m[90mâ”€[39m[90mâ”€[39m[90mâ”€[39m[90mâ”€[39m[90mâ”€[39m[90mâ”€[39m[90mâ”€[39m[90mâ”€[39m[90mâ”€[39m[90mâ”€[39m[90mâ”€[39m[90mâ”€[39m[90mâ”€[39m[90mâ”€[39m[90mâ”€[39m[90mâ”€[39m[90mâ”€[39m[90mâ”€[39m[90mâ”€[39m[90mâ”€[39m[90mâ”€[39m[90mâ”€[39m[90mâ”€[39m[90mâ”€[39m[90mâ”˜[39m
Admin UI E2E (5, chrome)	Run Cypress	2024-10-17T00:59:12.4965170Z 
Admin UI E2E (5, chrome)	Run Cypress	2024-10-17T00:59:12.5331962Z 
Admin UI E2E (5, chrome)	Run Cypress	2024-10-17T00:59:12.5345273Z [90mâ”€[39m[90mâ”€[39m[90mâ”€[39m[90mâ”€[39m[90mâ”€[39m[90mâ”€[39m[90mâ”€[39m[90mâ”€[39m[90mâ”€[39m[90mâ”€[39m[90mâ”€[39m[90mâ”€[39m[90mâ”€[39m[90mâ”€[39m[90mâ”€[39m[90mâ”€[39m[90mâ”€[39m[90mâ”€[39m[90mâ”€[39m[90mâ”€[39m[90mâ”€[39m[90mâ”€[39m[90mâ”€[39m[90mâ”€[39m[90mâ”€[39m[90mâ”€[39m[90mâ”€[39m[90mâ”€[39m[90mâ”€[39m[90mâ”€[39m[90mâ”€[39m[90mâ”€[39m[90mâ”€[39m[90mâ”€[39m[90mâ”€[39m[90mâ”€[39m[90mâ”€[39m[90mâ”€[39m[90mâ”€[39m[90mâ”€[39m[90mâ”€[39m[90mâ”€[39m[90mâ”€[39m[90mâ”€[39m[90mâ”€[39m[90mâ”€[39m[90mâ”€[39m[90mâ”€[39m[90mâ”€[39m[90mâ”€[39m[90mâ”€[39m[90mâ”€[39m[90mâ”€[39m[90mâ”€[39m[90mâ”€[39m[90mâ”€[39m[90mâ”€[39m[90mâ”€[39m[90mâ”€[39m[90mâ”€[39m[90mâ”€[39m[90mâ”€[39m[90mâ”€[39m[90mâ”€[39m[90mâ”€[39m[90mâ”€[39m[90mâ”€[39m[90mâ”€[39m[90mâ”€[39m[90mâ”€[39m[90mâ”€[39m[90mâ”€[39m[90mâ”€[39m[90mâ”€[39m[90mâ”€[39m[90mâ”€[39m[90mâ”€[39m[90mâ”€[39m[90mâ”€[39m[90mâ”€[39m[90mâ”€[39m[90mâ”€[39m[90mâ”€[39m[90mâ”€[39m[90mâ”€[39m[90mâ”€[39m[90mâ”€[39m[90mâ”€[39m[90mâ”€[39m[90mâ”€[39m[90mâ”€[39m[90mâ”€[39m[90mâ”€[39m[90mâ”€[39m[90mâ”€[39m[90mâ”€[39m[90mâ”€[39m[90mâ”€[39m[90mâ”€[39m[90mâ”€[39m
Admin UI E2E (5, chrome)	Run Cypress	2024-10-17T00:59:12.5352034Z                                                                                                     
Admin UI E2E (5, chrome)	Run Cypress	2024-10-17T00:59:12.5353541Z   Running:  [90mclients_saml_test.spec.ts[39m                                                       [90m(2 of 7)[39m
Admin UI E2E (5, chrome)	Run Cypress	2024-10-17T00:59:16.4600593Z 
Admin UI E2E (5, chrome)	Run Cypress	2024-10-17T00:59:16.4601826Z [0m[0m
Admin UI E2E (5, chrome)	Run Cypress	2024-10-17T00:59:16.4624585Z [0m  Clients SAML tests[0m
Admin UI E2E (5, chrome)	Run Cypress	2024-10-17T00:59:16.4625682Z [0m    SAML test[0m
Admin UI E2E (5, chrome)	Run Cypress	2024-10-17T00:59:21.1541041Z     [32m  âœ“[0m[90m should display the saml sections on details screen[0m[90m (4630ms)[0m
Admin UI E2E (5, chrome)	Run Cypress	2024-10-17T00:59:23.4210553Z     [32m  âœ“[0m[90m should save force name id format[0m[90m (2214ms)[0m
Admin UI E2E (5, chrome)	Run Cypress	2024-10-17T00:59:23.4364927Z [0m    SAML keys tab[0m
Admin UI E2E (5, chrome)	Run Cypress	2024-10-17T00:59:26.4477666Z     [32m  âœ“[0m[90m should doesn't disable signature when cancel[0m[90m (2980ms)[0m
Admin UI E2E (5, chrome)	Run Cypress	2024-10-17T00:59:28.9149541Z     [32m  âœ“[0m[90m should disable client signature[0m[90m (2432ms)[0m
Admin UI E2E (5, chrome)	Run Cypress	2024-10-17T00:59:31.5094268Z     [32m  âœ“[0m[90m should enable Encryption keys config[0m[90m (2538ms)[0m
Admin UI E2E (5, chrome)	Run Cypress	2024-10-17T00:59:31.5158125Z [0m    SAML settings tab[0m
Admin UI E2E (5, chrome)	Run Cypress	2024-10-17T00:59:34.8005990Z     [32m  âœ“[0m[90m should check SAML capabilities[0m[90m (3267ms)[0m
Admin UI E2E (5, chrome)	Run Cypress	2024-10-17T00:59:39.1949780Z     [32m  âœ“[0m[90m should check signature and encryption[0m[90m (4356ms)[0m
Admin UI E2E (5, chrome)	Run Cypress	2024-10-17T00:59:46.1516290Z     [32m  âœ“[0m[90m should check access settings[0m[90m (6907ms)[0m
Admin UI E2E (5, chrome)	Run Cypress	2024-10-17T00:59:49.2169452Z     [32m  âœ“[0m[90m should check login settings[0m[90m (3018ms)[0m
Admin UI E2E (5, chrome)	Run Cypress	2024-10-17T00:59:49.2170662Z 
Admin UI E2E (5, chrome)	Run Cypress	2024-10-17T00:59:49.2449635Z 
Admin UI E2E (5, chrome)	Run Cypress	2024-10-17T00:59:49.2451347Z [92m [0m[32m 9 passing[0m[90m (33s)[0m
Admin UI E2E (5, chrome)	Run Cypress	2024-10-17T00:59:49.2452408Z 
Admin UI E2E (5, chrome)	Run Cypress	2024-10-17T00:59:50.2595693Z 
Admin UI E2E (5, chrome)	Run Cypress	2024-10-17T00:59:50.2597041Z [32m  ([4m[1mResults[22m[24m)[39m
Admin UI E2E (5, chrome)	Run Cypress	2024-10-17T00:59:50.2615348Z 
Admin UI E2E (5, chrome)	Run Cypress	2024-10-17T00:59:50.2632058Z [90m  â”Œ[39m[90mâ”€[39m[90mâ”€[39m[90mâ”€[39m[90mâ”€[39m[90mâ”€[39m[90mâ”€[39m[90mâ”€[39m[90mâ”€[39m[90mâ”€[39m[90mâ”€[39m[90mâ”€[39m[90mâ”€[39m[90mâ”€[39m[90mâ”€[39m[90mâ”€[39m[90mâ”€[39m[90mâ”€[39m[90mâ”€[39m[90mâ”€[39m[90mâ”€[39m[90mâ”€[39m[90mâ”€[39m[90mâ”€[39m[90mâ”€[39m[90mâ”€[39m[90mâ”€[39m[90mâ”€[39m[90mâ”€[39m[90mâ”€[39m[90mâ”€[39m[90mâ”€[39m[90mâ”€[39m[90mâ”€[39m[90mâ”€[39m[90mâ”€[39m[90mâ”€[39m[90mâ”€[39m[90mâ”€[39m[90mâ”€[39m[90mâ”€[39m[90mâ”€[39m[90mâ”€[39m[90mâ”€[39m[90mâ”€[39m[90mâ”€[39m[90mâ”€[39m[90mâ”€[39m[90mâ”€[39m[90mâ”€[39m[90mâ”€[39m[90mâ”€[39m[90mâ”€[39m[90mâ”€[39m[90mâ”€[39m[90mâ”€[39m[90mâ”€[39m[90mâ”€[39m[90mâ”€[39m[90mâ”€[39m[90mâ”€[39m[90mâ”€[39m[90mâ”€[39m[90mâ”€[39m[90mâ”€[39m[90mâ”€[39m[90mâ”€[39m[90mâ”€[39m[90mâ”€[39m[90mâ”€[39m[90mâ”€[39m[90mâ”€[39m[90mâ”€[39m[90mâ”€[39m[90mâ”€[39m[90mâ”€[39m[90mâ”€[39m[90mâ”€[39m[90mâ”€[39m[90mâ”€[39m[90mâ”€[39m[90mâ”€[39m[90mâ”€[39m[90mâ”€[39m[90mâ”€[39m[90mâ”€[39m[90mâ”€[39m[90mâ”€[39m[90mâ”€[39m[90mâ”€[39m[90mâ”€[39m[90mâ”€[39m[90mâ”€[39m[90mâ”€[39m[90mâ”€[39m[90mâ”€[39m[90mâ”€[39m[90mâ”[39m
Admin UI E2E (5, chrome)	Run Cypress	2024-10-17T00:59:50.2638435Z [90m  â”‚[39m [90mTests:[39m        [32m9[39m                                                                                [90mâ”‚[39m
Admin UI E2E (5, chrome)	Run Cypress	2024-10-17T00:59:50.2640060Z [90m  â”‚[39m [90mPassing:[39m      [32m9[39m                                                                                [90mâ”‚[39m
Admin UI E2E (5, chrome)	Run Cypress	2024-10-17T00:59:50.2641765Z [90m  â”‚[39m [90mFailing:[39m      [32m0[39m                                                                                [90mâ”‚[39m
Admin UI E2E (5, chrome)	Run Cypress	2024-10-17T00:59:50.2643515Z [90m  â”‚[39m [90mPending:[39m      [32m0[39m                                                                                [90mâ”‚[39m
Admin UI E2E (5, chrome)	Run Cypress	2024-10-17T00:59:50.2645153Z [90m  â”‚[39m [90mSkipped:[39m      [32m0[39m                                                                                [90mâ”‚[39m
Admin UI E2E (5, chrome)	Run Cypress	2024-10-17T00:59:50.2646708Z [90m  â”‚[39m [90mScreenshots:[39m  [32m0[39m                                                                                [90mâ”‚[39m
Admin UI E2E (5, chrome)	Run Cypress	2024-10-17T00:59:50.2648274Z [90m  â”‚[39m [90mVideo:[39m        [32mfalse[39m                                                                            [90mâ”‚[39m
Admin UI E2E (5, chrome)	Run Cypress	2024-10-17T00:59:50.2649905Z [90m  â”‚[39m [90mDuration:[39m     [32m32 seconds[39m                                                                       [90mâ”‚[39m
Admin UI E2E (5, chrome)	Run Cypress	2024-10-17T00:59:50.2651850Z [90m  â”‚[39m [90mSpec Ran:[39m     [32m[32mclients_saml_test.spec.ts[32m[39m                                                        [90mâ”‚[39m
Admin UI E2E (5, chrome)	Run Cypress	2024-10-17T00:59:50.2660863Z [90m  â””[39m[90mâ”€[39m[90mâ”€[39m[90mâ”€[39m[90mâ”€[39m[90mâ”€[39m[90mâ”€[39m[90mâ”€[39m[90mâ”€[39m[90mâ”€[39m[90mâ”€[39m[90mâ”€[39m[90mâ”€[39m[90mâ”€[39m[90mâ”€[39m[90mâ”€[39m[90mâ”€[39m[90mâ”€[39m[90mâ”€[39m[90mâ”€[39m[90mâ”€[39m[90mâ”€[39m[90mâ”€[39m[90mâ”€[39m[90mâ”€[39m[90mâ”€[39m[90mâ”€[39m[90mâ”€[39m[90mâ”€[39m[90mâ”€[39m[90mâ”€[39m[90mâ”€[39m[90mâ”€[39m[90mâ”€[39m[90mâ”€[39m[90mâ”€[39m[90mâ”€[39m[90mâ”€[39m[90mâ”€[39m[90mâ”€[39m[90mâ”€[39m[90mâ”€[39m[90mâ”€[39m[90mâ”€[39m[90mâ”€[39m[90mâ”€[39m[90mâ”€[39m[90mâ”€[39m[90mâ”€[39m[90mâ”€[39m[90mâ”€[39m[90mâ”€[39m[90mâ”€[39m[90mâ”€[39m[90mâ”€[39m[90mâ”€[39m[90mâ”€[39m[90mâ”€[39m[90mâ”€[39m[90mâ”€[39m[90mâ”€[39m[90mâ”€[39m[90mâ”€[39m[90mâ”€[39m[90mâ”€[39m[90mâ”€[39m[90mâ”€[39m[90mâ”€[39m[90mâ”€[39m[90mâ”€[39m[90mâ”€[39m[90mâ”€[39m[90mâ”€[39m[90mâ”€[39m[90mâ”€[39m[90mâ”€[39m[90mâ”€[39m[90mâ”€[39m[90mâ”€[39m[90mâ”€[39m[90mâ”€[39m[90mâ”€[39m[90mâ”€[39m[90mâ”€[39m[90mâ”€[39m[90mâ”€[39m[90mâ”€[39m[90mâ”€[39m[90mâ”€[39m[90mâ”€[39m[90mâ”€[39m[90mâ”€[39m[90mâ”€[39m[90mâ”€[39m[90mâ”€[39m[90mâ”€[39m[90mâ”€[39m[90mâ”˜[39m
Admin UI E2E (5, chrome)	Run Cypress	2024-10-17T00:59:50.2666223Z 
Admin UI E2E (5, chrome)	Run Cypress	2024-10-17T00:59:50.2987285Z 
Admin UI E2E (5, chrome)	Run Cypress	2024-10-17T00:59:50.2999161Z [90mâ”€[39m[90mâ”€[39m[90mâ”€[39m[90mâ”€[39m[90mâ”€[39m[90mâ”€[39m[90mâ”€[39m[90mâ”€[39m[90mâ”€[39m[90mâ”€[39m[90mâ”€[39m[90mâ”€[39m[90mâ”€[39m[90mâ”€[39m[90mâ”€[39m[90mâ”€[39m[90mâ”€[39m[90mâ”€[39m[90mâ”€[39m[90mâ”€[39m[90mâ”€[39m[90mâ”€[39m[90mâ”€[39m[90mâ”€[39m[90mâ”€[39m[90mâ”€[39m[90mâ”€[39m[90mâ”€[39m[90mâ”€[39m[90mâ”€[39m[90mâ”€[39m[90mâ”€[39m[90mâ”€[39m[90mâ”€[39m[90mâ”€[39m[90mâ”€[39m[90mâ”€[39m[90mâ”€[39m[90mâ”€[39m[90mâ”€[39m[90mâ”€[39m[90mâ”€[39m[90mâ”€[39m[90mâ”€[39m[90mâ”€[39m[90mâ”€[39m[90mâ”€[39m[90mâ”€[39m[90mâ”€[39m[90mâ”€[39m[90mâ”€[39m[90mâ”€[39m[90mâ”€[39m[90mâ”€[39m[90mâ”€[39m[90mâ”€[39m[90mâ”€[39m[90mâ”€[39m[90mâ”€[39m[90mâ”€[39m[90mâ”€[39m[90mâ”€[39m[90mâ”€[39m[90mâ”€[39m[90mâ”€[39m[90mâ”€[39m[90mâ”€[39m[90mâ”€[39m[90mâ”€[39m[90mâ”€[39m[90mâ”€[39m[90mâ”€[39m[90mâ”€[39m[90mâ”€[39m[90mâ”€[39m[90mâ”€[39m[90mâ”€[39m[90mâ”€[39m[90mâ”€[39m[90mâ”€[39m[90mâ”€[39m[90mâ”€[39m[90mâ”€[39m[90mâ”€[39m[90mâ”€[39m[90mâ”€[39m[90mâ”€[39m[90mâ”€[39m[90mâ”€[39m[90mâ”€[39m[90mâ”€[39m[90mâ”€[39m[90mâ”€[39m[90mâ”€[39m[90mâ”€[39m[90mâ”€[39m[90mâ”€[39m[90mâ”€[39m[90mâ”€[39m[90mâ”€[39m
Admin UI E2E (5, chrome)	Run Cypress	2024-10-17T00:59:50.3003299Z                                                                                                     
Admin UI E2E (5, chrome)	Run Cypress	2024-10-17T00:59:50.3004164Z   Running:  [90midentity_providers_oidc_test.spec.ts[39m                                            [90m(3 of 7)[39m
Admin UI E2E (5, chrome)	Run Cypress	2024-10-17T00:59:53.4111422Z 
Admin UI E2E (5, chrome)	Run Cypress	2024-10-17T00:59:53.4113035Z [0m[0m
Admin UI E2E (5, chrome)	Run Cypress	2024-10-17T00:59:53.4143709Z [0m  OIDC identity provider test[0m
Admin UI E2E (5, chrome)	Run Cypress	2024-10-17T00:59:53.4145006Z [0m    OIDC Identity provider creation[0m
Admin UI E2E (5, chrome)	Run Cypress	2024-10-17T01:00:01.3988751Z     [32m  âœ“[0m[90m should create an OIDC provider using discovery url[0m[90m (7854ms)[0m
Admin UI E2E (5, chrome)	Run Cypress	2024-10-17T01:00:13.9991875Z     [32m  âœ“[0m[90m should test all settings[0m[90m (12483ms)[0m
Admin UI E2E (5, chrome)	Run Cypress	2024-10-17T01:00:17.3675043Z     [32m  âœ“[0m[90m should add OIDC mapper of type Attribute Importer[0m[90m (3339ms)[0m
Admin UI E2E (5, chrome)	Run Cypress	2024-10-17T01:00:20.9035235Z     [32m  âœ“[0m[90m should add OIDC mapper of type Claim To Role[0m[90m (3507ms)[0m
Admin UI E2E (5, chrome)	Run Cypress	2024-10-17T01:00:22.7724072Z     [32m  âœ“[0m[90m should cancel the addition of the OIDC mapper[0m[90m (1819ms)[0m
Admin UI E2E (5, chrome)	Run Cypress	2024-10-17T01:00:24.2810149Z     [32m  âœ“[0m[90m clean up providers[0m[90m (1446ms)[0m
Admin UI E2E (5, chrome)	Run Cypress	2024-10-17T01:00:24.2811349Z 
Admin UI E2E (5, chrome)	Run Cypress	2024-10-17T01:00:24.3020812Z 
Admin UI E2E (5, chrome)	Run Cypress	2024-10-17T01:00:24.3022101Z [92m [0m[32m 6 passing[0m[90m (31s)[0m
Admin UI E2E (5, chrome)	Run Cypress	2024-10-17T01:00:24.3023028Z 
Admin UI E2E (5, chrome)	Run Cypress	2024-10-17T01:00:25.3209956Z 
Admin UI E2E (5, chrome)	Run Cypress	2024-10-17T01:00:25.3211412Z [32m  ([4m[1mResults[22m[24m)[39m
Admin UI E2E (5, chrome)	Run Cypress	2024-10-17T01:00:25.3229596Z 
Admin UI E2E (5, chrome)	Run Cypress	2024-10-17T01:00:25.3246041Z [90m  â”Œ[39m[90mâ”€[39m[90mâ”€[39m[90mâ”€[39m[90mâ”€[39m[90mâ”€[39m[90mâ”€[39m[90mâ”€[39m[90mâ”€[39m[90mâ”€[39m[90mâ”€[39m[90mâ”€[39m[90mâ”€[39m[90mâ”€[39m[90mâ”€[39m[90mâ”€[39m[90mâ”€[39m[90mâ”€[39m[90mâ”€[39m[90mâ”€[39m[90mâ”€[39m[90mâ”€[39m[90mâ”€[39m[90mâ”€[39m[90mâ”€[39m[90mâ”€[39m[90mâ”€[39m[90mâ”€[39m[90mâ”€[39m[90mâ”€[39m[90mâ”€[39m[90mâ”€[39m[90mâ”€[39m[90mâ”€[39m[90mâ”€[39m[90mâ”€[39m[90mâ”€[39m[90mâ”€[39m[90mâ”€[39m[90mâ”€[39m[90mâ”€[39m[90mâ”€[39m[90mâ”€[39m[90mâ”€[39m[90mâ”€[39m[90mâ”€[39m[90mâ”€[39m[90mâ”€[39m[90mâ”€[39m[90mâ”€[39m[90mâ”€[39m[90mâ”€[39m[90mâ”€[39m[90mâ”€[39m[90mâ”€[39m[90mâ”€[39m[90mâ”€[39m[90mâ”€[39m[90mâ”€[39m[90mâ”€[39m[90mâ”€[39m[90mâ”€[39m[90mâ”€[39m[90mâ”€[39m[90mâ”€[39m[90mâ”€[39m[90mâ”€[39m[90mâ”€[39m[90mâ”€[39m[90mâ”€[39m[90mâ”€[39m[90mâ”€[39m[90mâ”€[39m[90mâ”€[39m[90mâ”€[39m[90mâ”€[39m[90mâ”€[39m[90mâ”€[39m[90mâ”€[39m[90mâ”€[39m[90mâ”€[39m[90mâ”€[39m[90mâ”€[39m[90mâ”€[39m[90mâ”€[39m[90mâ”€[39m[90mâ”€[39m[90mâ”€[39m[90mâ”€[39m[90mâ”€[39m[90mâ”€[39m[90mâ”€[39m[90mâ”€[39m[90mâ”€[39m[90mâ”€[39m[90mâ”€[39m[90mâ”€[39m[90mâ”[39m
Admin UI E2E (5, chrome)	Run Cypress	2024-10-17T01:00:25.3253041Z [90m  â”‚[39m [90mTests:[39m        [32m6[39m                                                                                [90mâ”‚[39m
Admin UI E2E (5, chrome)	Run Cypress	2024-10-17T01:00:25.3254623Z [90m  â”‚[39m [90mPassing:[39m      [32m6[39m                                                                                [90mâ”‚[39m
Admin UI E2E (5, chrome)	Run Cypress	2024-10-17T01:00:25.3256159Z [90m  â”‚[39m [90mFailing:[39m      [32m0[39m                                                                                [90mâ”‚[39m
Admin UI E2E (5, chrome)	Run Cypress	2024-10-17T01:00:25.3257754Z [90m  â”‚[39m [90mPending:[39m      [32m0[39m                                                                                [90mâ”‚[39m
Admin UI E2E (5, chrome)	Run Cypress	2024-10-17T01:00:25.3259417Z [90m  â”‚[39m [90mSkipped:[39m      [32m0[39m                                                                                [90mâ”‚[39m
Admin UI E2E (5, chrome)	Run Cypress	2024-10-17T01:00:25.3261166Z [90m  â”‚[39m [90mScreenshots:[39m  [32m0[39m                                                                                [90mâ”‚[39m
Admin UI E2E (5, chrome)	Run Cypress	2024-10-17T01:00:25.3262780Z [90m  â”‚[39m [90mVideo:[39m        [32mfalse[39m                                                                            [90mâ”‚[39m
Admin UI E2E (5, chrome)	Run Cypress	2024-10-17T01:00:25.3264350Z [90m  â”‚[39m [90mDuration:[39m     [32m30 seconds[39m                                                                       [90mâ”‚[39m
Admin UI E2E (5, chrome)	Run Cypress	2024-10-17T01:00:25.3266213Z [90m  â”‚[39m [90mSpec Ran:[39m     [32m[32midentity_providers_oidc_test.spec.ts[32m[39m                                             [90mâ”‚[39m
Admin UI E2E (5, chrome)	Run Cypress	2024-10-17T01:00:25.3275163Z [90m  â””[39m[90mâ”€[39m[90mâ”€[39m[90mâ”€[39m[90mâ”€[39m[90mâ”€[39m[90mâ”€[39m[90mâ”€[39m[90mâ”€[39m[90mâ”€[39m[90mâ”€[39m[90mâ”€[39m[90mâ”€[39m[90mâ”€[39m[90mâ”€[39m[90mâ”€[39m[90mâ”€[39m[90mâ”€[39m[90mâ”€[39m[90mâ”€[39m[90mâ”€[39m[90mâ”€[39m[90mâ”€[39m[90mâ”€[39m[90mâ”€[39m[90mâ”€[39m[90mâ”€[39m[90mâ”€[39m[90mâ”€[39m[90mâ”€[39m[90mâ”€[39m[90mâ”€[39m[90mâ”€[39m[90mâ”€[39m[90mâ”€[39m[90mâ”€[39m[90mâ”€[39m[90mâ”€[39m[90mâ”€[39m[90mâ”€[39m[90mâ”€[39m[90mâ”€[39m[90mâ”€[39m[90mâ”€[39m[90mâ”€[39m[90mâ”€[39m[90mâ”€[39m[90mâ”€[39m[90mâ”€[39m[90mâ”€[39m[90mâ”€[39m[90mâ”€[39m[90mâ”€[39m[90mâ”€[39m[90mâ”€[39m[90mâ”€[39m[90mâ”€[39m[90mâ”€[39m[90mâ”€[39m[90mâ”€[39m[90mâ”€[39m[90mâ”€[39m[90mâ”€[39m[90mâ”€[39m[90mâ”€[39m[90mâ”€[39m[90mâ”€[39m[90mâ”€[39m[90mâ”€[39m[90mâ”€[39m[90mâ”€[39m[90mâ”€[39m[90mâ”€[39m[90mâ”€[39m[90mâ”€[39m[90mâ”€[39m[90mâ”€[39m[90mâ”€[39m[90mâ”€[39m[90mâ”€[39m[90mâ”€[39m[90mâ”€[39m[90mâ”€[39m[90mâ”€[39m[90mâ”€[39m[90mâ”€[39m[90mâ”€[39m[90mâ”€[39m[90mâ”€[39m[90mâ”€[39m[90mâ”€[39m[90mâ”€[39m[90mâ”€[39m[90mâ”€[39m[90mâ”€[39m[90mâ”€[39m[90mâ”€[39m[90mâ”˜[39m
Admin UI E2E (5, chrome)	Run Cypress	2024-10-17T01:00:25.3280699Z 
Admin UI E2E (5, chrome)	Run Cypress	2024-10-17T01:00:25.3627142Z 
Admin UI E2E (5, chrome)	Run Cypress	2024-10-17T01:00:25.3640599Z [90mâ”€[39m[90mâ”€[39m[90mâ”€[39m[90mâ”€[39m[90mâ”€[39m[90mâ”€[39m[90mâ”€[39m[90mâ”€[39m[90mâ”€[39m[90mâ”€[39m[90mâ”€[39m[90mâ”€[39m[90mâ”€[39m[90mâ”€[39m[90mâ”€[39m[90mâ”€[39m[90mâ”€[39m[90mâ”€[39m[90mâ”€[39m[90mâ”€[39m[90mâ”€[39m[90mâ”€[39m[90mâ”€[39m[90mâ”€[39m[90mâ”€[39m[90mâ”€[39m[90mâ”€[39m[90mâ”€[39m[90mâ”€[39m[90mâ”€[39m[90mâ”€[39m[90mâ”€[39m[90mâ”€[39m[90mâ”€[39m[90mâ”€[39m[90mâ”€[39m[90mâ”€[39m[90mâ”€[39m[90mâ”€[39m[90mâ”€[39m[90mâ”€[39m[90mâ”€[39m[90mâ”€[39m[90mâ”€[39m[90mâ”€[39m[90mâ”€[39m[90mâ”€[39m[90mâ”€[39m[90mâ”€[39m[90mâ”€[39m[90mâ”€[39m[90mâ”€[39m[90mâ”€[39m[90mâ”€[39m[90mâ”€[39m[90mâ”€[39m[90mâ”€[39m[90mâ”€[39m[90mâ”€[39m[90mâ”€[39m[90mâ”€[39m[90mâ”€[39m[90mâ”€[39m[90mâ”€[39m[90mâ”€[39m[90mâ”€[39m[90mâ”€[39m[90mâ”€[39m[90mâ”€[39m[90mâ”€[39m[90mâ”€[39m[90mâ”€[39m[90mâ”€[39m[90mâ”€[39m[90mâ”€[39m[90mâ”€[39m[90mâ”€[39m[90mâ”€[39m[90mâ”€[39m[90mâ”€[39m[90mâ”€[39m[90mâ”€[39m[90mâ”€[39m[90mâ”€[39m[90mâ”€[39m[90mâ”€[39m[90mâ”€[39m[90mâ”€[39m[90mâ”€[39m[90mâ”€[39m[90mâ”€[39m[90mâ”€[39m[90mâ”€[39m[90mâ”€[39m[90mâ”€[39m[90mâ”€[39m[90mâ”€[39m[90mâ”€[39m[90mâ”€[39m[90mâ”€[39m
Admin UI E2E (5, chrome)	Run Cypress	2024-10-17T01:00:25.3646756Z                                                                                                     
Admin UI E2E (5, chrome)	Run Cypress	2024-10-17T01:00:25.3648247Z   Running:  [90mclients_test.spec.ts[39m                                                            [90m(4 of 7)[39m
Admin UI E2E (5, chrome)	Run Cypress	2024-10-17T01:00:29.9844744Z 
Admin UI E2E (5, chrome)	Run Cypress	2024-10-17T01:00:29.9845982Z [0m[0m
Admin UI E2E (5, chrome)	Run Cypress	2024-10-17T01:00:29.9869477Z [0m  Clients test[0m
Admin UI E2E (5, chrome)	Run Cypress	2024-10-17T01:00:31.1408312Z [0m    Client details - Client scopes subtab[0m
Admin UI E2E (5, chrome)	Run Cypress	2024-10-17T01:00:41.5673544Z     [32m  âœ“[0m[90m Should check temporary admin service label (non)existence[0m[90m (11453ms)[0m
Admin UI E2E (5, chrome)	Run Cypress	2024-10-17T01:00:44.3571664Z     [32m  âœ“[0m[90m Should list client scopes[0m[90m (2735ms)[0m
Admin UI E2E (5, chrome)	Run Cypress	2024-10-17T01:00:47.5767316Z     [32m  âœ“[0m[90m Should search existing client scope by name[0m[90m (3182ms)[0m
Admin UI E2E (5, chrome)	Run Cypress	2024-10-17T01:00:50.7502985Z     [32m  âœ“[0m[90m Should search non-existent client scope by name[0m[90m (3131ms)[0m
Admin UI E2E (5, chrome)	Run Cypress	2024-10-17T01:00:54.2898318Z     [32m  âœ“[0m[90m Should search existing client scope by assigned type[0m[90m (3504ms)[0m
Admin UI E2E (5, chrome)	Run Cypress	2024-10-17T01:00:58.6241225Z     [32m  âœ“[0m[90m Should add client scope client-scope-test-optional-type with Optional assigned type[0m[90m (4295ms)[0m
Admin UI E2E (5, chrome)	Run Cypress	2024-10-17T01:01:02.6900980Z     [32m  âœ“[0m[90m Should add client scope client-scope-test-default-type with Default assigned type[0m[90m (4027ms)[0m
Admin UI E2E (5, chrome)	Run Cypress	2024-10-17T01:01:07.0295545Z     [32m  âœ“[0m[90m Should change item client-scope-test0 AssignedType to Optional from search bar[0m[90m (4301ms)[0m
Admin UI E2E (5, chrome)	Run Cypress	2024-10-17T01:01:11.2406247Z     [32m  âœ“[0m[90m Should change item client-scope-test0 AssignedType to Default from search bar[0m[90m (4149ms)[0m
Admin UI E2E (5, chrome)	Run Cypress	2024-10-17T01:01:14.0843698Z     [32m  âœ“[0m[90m Should show items on next page are more than 11[0m[90m (2836ms)[0m
Admin UI E2E (5, chrome)	Run Cypress	2024-10-17T01:01:18.3229895Z     [32m  âœ“[0m[90m Should remove client scope from item bar[0m[90m (4200ms)[0m
Admin UI E2E (5, chrome)	Run Cypress	2024-10-17T01:01:26.4522391Z     [32m  âœ“[0m[90m Should remove multiple client scopes from search bar[0m[90m (8070ms)[0m
Admin UI E2E (5, chrome)	Run Cypress	2024-10-17T01:01:29.8985404Z     [31m  1) "after all" hook for "Should show initial items after filtering"[0m
Admin UI E2E (5, chrome)	Run Cypress	2024-10-17T01:01:29.9224747Z [0m    Client scopes evaluate subtab[0m
Admin UI E2E (5, chrome)	Run Cypress	2024-10-17T01:01:32.7943433Z     [32m  âœ“[0m[90m check effective protocol mappers list is not empty and find effective protocol mapper locale[0m[90m (2797ms)[0m
Admin UI E2E (5, chrome)	Run Cypress	2024-10-17T01:01:35.3697163Z     [32m  âœ“[0m[90m check role scope mappings list list is not empty and find role scope mapping admin[0m[90m (2534ms)[0m
Admin UI E2E (5, chrome)	Run Cypress	2024-10-17T01:01:38.8742676Z     [32m  âœ“[0m[90m check generated id token and user info[0m[90m (3355ms)[0m
Admin UI E2E (5, chrome)	Run Cypress	2024-10-17T01:01:38.8822703Z [0m    Client creation[0m
Admin UI E2E (5, chrome)	Run Cypress	2024-10-17T01:01:40.9346523Z     [32m  âœ“[0m[90m Should cancel creating client[0m[90m (2012ms)[0m
Admin UI E2E (5, chrome)	Run Cypress	2024-10-17T01:01:45.2176154Z     [32m  âœ“[0m[90m Should check settings elements[0m[90m (4234ms)[0m
Admin UI E2E (5, chrome)	Run Cypress	2024-10-17T01:01:47.6318320Z     [32m  âœ“[0m[90m Should navigate to previous using 'back' button[0m[90m (2350ms)[0m
Admin UI E2E (5, chrome)	Run Cypress	2024-10-17T01:01:50.1856546Z     [32m  âœ“[0m[90m Should fail creating client[0m[90m (2507ms)[0m
Admin UI E2E (5, chrome)	Run Cypress	2024-10-17T01:01:56.2161465Z     [32m  âœ“[0m[90m Client CRUD test[0m[90m (5982ms)[0m
Admin UI E2E (5, chrome)	Run Cypress	2024-10-17T01:01:58.2197347Z     [32m  âœ“[0m[90m Initial access token can't be created with 0 days and count[0m[90m (1944ms)[0m
Admin UI E2E (5, chrome)	Run Cypress	2024-10-17T01:02:02.8598763Z     [32m  âœ“[0m[90m Initial access token[0m[90m (4600ms)[0m
Admin UI E2E (5, chrome)	Run Cypress	2024-10-17T01:02:04.6485996Z     [32m  âœ“[0m[90m Should fail to create imported client with empty ID[0m[90m (1748ms)[0m
Admin UI E2E (5, chrome)	Run Cypress	2024-10-17T01:02:08.9037355Z     [32m  âœ“[0m[90m Should fail to create client with same ID[0m[90m (4183ms)[0m
Admin UI E2E (5, chrome)	Run Cypress	2024-10-17T01:02:10.5418744Z     [32m  âœ“[0m[90m should delete 'identical' client id[0m[90m (1550ms)[0m
Admin UI E2E (5, chrome)	Run Cypress	2024-10-17T01:02:10.5541561Z [0m    Roles tab test[0m
Admin UI E2E (5, chrome)	Run Cypress	2024-10-17T01:02:13.6891961Z     [32m  âœ“[0m[90m Should fail to create client role with empty name[0m[90m (3105ms)[0m
Admin UI E2E (5, chrome)	Run Cypress	2024-10-17T01:02:17.4180257Z     [32m  âœ“[0m[90m Should create client role[0m[90m (3687ms)[0m
Admin UI E2E (5, chrome)	Run Cypress	2024-10-17T01:02:21.6674127Z     [32m  âœ“[0m[90m Should update client role description[0m[90m (4186ms)[0m
Admin UI E2E (5, chrome)	Run Cypress	2024-10-17T01:02:27.2309943Z     [32m  âœ“[0m[90m Should add attribute to client role[0m[90m (5483ms)[0m
Admin UI E2E (5, chrome)	Run Cypress	2024-10-17T01:02:30.2965293Z     [32m  âœ“[0m[90m Should delete attribute from client role[0m[90m (3006ms)[0m
Admin UI E2E (5, chrome)	Run Cypress	2024-10-17T01:02:33.8280553Z     [32m  âœ“[0m[90m Should create client role to be deleted[0m[90m (3489ms)[0m
Admin UI E2E (5, chrome)	Run Cypress	2024-10-17T01:02:37.4674981Z     [32m  âœ“[0m[90m Should fail to create duplicate client role[0m[90m (3592ms)[0m
Admin UI E2E (5, chrome)	Run Cypress	2024-10-17T01:02:41.1146267Z     [32m  âœ“[0m[90m Should search existing client role[0m[90m (3585ms)[0m
Admin UI E2E (5, chrome)	Run Cypress	2024-10-17T01:02:44.1859320Z     [32m  âœ“[0m[90m Should search non-existing role test[0m[90m (3022ms)[0m
Admin UI E2E (5, chrome)	Run Cypress	2024-10-17T01:02:47.1283483Z     [32m  âœ“[0m[90m roles empty search test[0m[90m (2898ms)[0m
Admin UI E2E (5, chrome)	Run Cypress	2024-10-17T01:02:52.3449750Z     [32m  âœ“[0m[90m Add associated roles test[0m[90m (5166ms)[0m
Admin UI E2E (5, chrome)	Run Cypress	2024-10-17T01:02:56.1282397Z     [32m  âœ“[0m[90m Should hide inherited roles test[0m[90m (3740ms)[0m
Admin UI E2E (5, chrome)	Run Cypress	2024-10-17T01:03:00.6167390Z     [32m  âœ“[0m[90m Should delete associated roles test[0m[90m (4442ms)[0m
Admin UI E2E (5, chrome)	Run Cypress	2024-10-17T01:03:04.7575185Z     [32m  âœ“[0m[90m Should delete associated role from search bar test[0m[90m (4094ms)[0m
Admin UI E2E (5, chrome)	Run Cypress	2024-10-17T01:03:07.7801283Z     [32m  âœ“[0m[90m Should delete client role test[0m[90m (2864ms)[0m
Admin UI E2E (5, chrome)	Run Cypress	2024-10-17T01:03:11.7866543Z     [32m  âœ“[0m[90m Should delete client role from role details test[0m[90m (3675ms)[0m
Admin UI E2E (5, chrome)	Run Cypress	2024-10-17T01:03:11.8025628Z [0m    Advanced tab test[0m
Admin UI E2E (5, chrome)	Run Cypress	2024-10-17T01:03:15.8319445Z     [32m  âœ“[0m[90m Clustering[0m[90m (3913ms)[0m
Admin UI E2E (5, chrome)	Run Cypress	2024-10-17T01:03:19.4026866Z     [32m  âœ“[0m[90m Fine grain OpenID connect configuration[0m[90m (3436ms)[0m
Admin UI E2E (5, chrome)	Run Cypress	2024-10-17T01:03:23.3582388Z     [32m  âœ“[0m[90m OIDC Compatibility Modes configuration[0m[90m (3820ms)[0m
Admin UI E2E (5, chrome)	Run Cypress	2024-10-17T01:03:30.1515702Z     [32m  âœ“[0m[90m Client Offline Session Max[0m[90m (6651ms)[0m
Admin UI E2E (5, chrome)	Run Cypress	2024-10-17T01:03:34.7426952Z     [32m  âœ“[0m[90m Advanced settings[0m[90m (4426ms)[0m
Admin UI E2E (5, chrome)	Run Cypress	2024-10-17T01:03:39.3645937Z     [32m  âœ“[0m[90m Authentication flow override[0m[90m (4492ms)[0m
Admin UI E2E (5, chrome)	Run Cypress	2024-10-17T01:03:39.3854517Z [0m    Service account tab test[0m
Admin UI E2E (5, chrome)	Run Cypress	2024-10-17T01:03:43.0617656Z     [32m  âœ“[0m[90m List[0m[90m (3631ms)[0m
Admin UI E2E (5, chrome)	Run Cypress	2024-10-17T01:03:47.8328496Z     [32m  âœ“[0m[90m Assign[0m[90m (4545ms)[0m
Admin UI E2E (5, chrome)	Run Cypress	2024-10-17T01:03:47.8411395Z [0m    Mapping tab[0m
Admin UI E2E (5, chrome)	Run Cypress	2024-10-17T01:03:51.0349207Z     [32m  âœ“[0m[90m Add mapping to openid client[0m[90m (3039ms)[0m
Admin UI E2E (5, chrome)	Run Cypress	2024-10-17T01:03:51.0565495Z [0m    Keys tab test[0m
Admin UI E2E (5, chrome)	Run Cypress	2024-10-17T01:03:54.9808054Z     [32m  âœ“[0m[90m Generate new keys[0m[90m (3789ms)[0m
Admin UI E2E (5, chrome)	Run Cypress	2024-10-17T01:03:55.0089064Z [0m    Realm client[0m
Admin UI E2E (5, chrome)	Run Cypress	2024-10-17T01:03:57.6180410Z     [32m  âœ“[0m[90m Displays the correct tabs[0m[90m (2583ms)[0m
Admin UI E2E (5, chrome)	Run Cypress	2024-10-17T01:04:00.1029745Z     [32m  âœ“[0m[90m Hides the delete action[0m[90m (2432ms)[0m
Admin UI E2E (5, chrome)	Run Cypress	2024-10-17T01:04:00.1158017Z [0m    ***
Admin UI E2E (5, chrome)	Run Cypress	2024-10-17T01:04:02.2868008Z     [32m  âœ“[0m[90m Shows an explainer text for bearer only clients[0m[90m (2136ms)[0m
Admin UI E2E (5, chrome)	Run Cypress	2024-10-17T01:04:04.7635577Z     [32m  âœ“[0m[90m Hides the capability config section[0m[90m (2302ms)[0m
Admin UI E2E (5, chrome)	Run Cypress	2024-10-17T01:04:04.7840539Z [0m    Accessibility tests for clients[0m
Admin UI E2E (5, chrome)	Run Cypress	2024-10-17T01:04:07.1654877Z     [32m  âœ“[0m[90m Check a11y violations on load/ clients list tab[0m[90m (2355ms)[0m
Admin UI E2E (5, chrome)	Run Cypress	2024-10-17T01:04:11.2765244Z     [32m  âœ“[0m[90m Check a11y violations on create client page[0m[90m (4052ms)[0m
Admin UI E2E (5, chrome)	Run Cypress	2024-10-17T01:04:19.4943581Z     [32m  âœ“[0m[90m Check a11y violations on client details page[0m[90m (8176ms)[0m
Admin UI E2E (5, chrome)	Run Cypress	2024-10-17T01:04:21.9543321Z     [32m  âœ“[0m[90m Check a11y violations in delete dialog[0m[90m (2390ms)[0m
Admin UI E2E (5, chrome)	Run Cypress	2024-10-17T01:04:23.7826618Z     [32m  âœ“[0m[90m Check a11y violations on import client[0m[90m (1775ms)[0m
Admin UI E2E (5, chrome)	Run Cypress	2024-10-17T01:04:25.6171411Z     [32m  âœ“[0m[90m Check a11y violations on initial access token[0m[90m (1785ms)[0m
Admin UI E2E (5, chrome)	Run Cypress	2024-10-17T01:04:27.6916449Z     [32m  âœ“[0m[90m Check a11y violations on client registration/ anonymous access policies tab[0m[90m (1968ms)[0m
Admin UI E2E (5, chrome)	Run Cypress	2024-10-17T01:04:30.5874596Z     [32m  âœ“[0m[90m Check a11y violations on client registration/ authenticated access policies tab[0m[90m (2078ms)[0m
Admin UI E2E (5, chrome)	Run Cypress	2024-10-17T01:04:30.5875720Z 
Admin UI E2E (5, chrome)	Run Cypress	2024-10-17T01:04:30.6262192Z 
Admin UI E2E (5, chrome)	Run Cypress	2024-10-17T01:04:30.6263735Z [92m [0m[32m 63 passing[0m[90m (4m)[0m
Admin UI E2E (5, chrome)	Run Cypress	2024-10-17T01:04:30.6264779Z [31m  1 failing[0m
Admin UI E2E (5, chrome)	Run Cypress	2024-10-17T01:04:30.6265373Z 
Admin UI E2E (5, chrome)	Run Cypress	2024-10-17T01:04:30.6268052Z [0m  1) Clients test
Admin UI E2E (5, chrome)	Run Cypress	2024-10-17T01:04:30.6573985Z        Client details - Client scopes subtab
Admin UI E2E (5, chrome)	Run Cypress	2024-10-17T01:04:30.6575549Z          "after all" hook for "Should show initial items after filtering":
Admin UI E2E (5, chrome)	Run Cypress	2024-10-17T01:04:30.6577082Z [0m[31m     Error: Could not find client scope
Admin UI E2E (5, chrome)	Run Cypress	2024-10-17T01:04:30.6578020Z 
Admin UI E2E (5, chrome)	Run Cypress	2024-10-17T01:04:30.6579798Z Because this error occurred during a `after all` hook we are skipping the remaining tests in the current suite: `Client details - Client sco...`
Admin UI E2E (5, chrome)	Run Cypress	2024-10-17T01:04:30.6581085Z 
Admin UI E2E (5, chrome)	Run Cypress	2024-10-17T01:04:30.6582181Z Although you have test retries enabled, we do not retry tests when `before all` or `after all` hooks fail[0m[90m
Admin UI E2E (5, chrome)	Run Cypress	2024-10-17T01:04:30.6583881Z       at fetchWithError (http://localhost:8080/__cypress/tests?p=cypress/e2e/clients_test.spec.ts:8850:11)
Admin UI E2E (5, chrome)	Run Cypress	2024-10-17T01:04:30.6586331Z       at async Agent._requestWithParams (http://localhost:8080/__cypress/tests?p=cypress/e2e/clients_test.spec.ts:6127:17)
Admin UI E2E (5, chrome)	Run Cypress	2024-10-17T01:04:30.6587952Z [0m
Admin UI E2E (5, chrome)	Run Cypress	2024-10-17T01:04:30.6588382Z 
Admin UI E2E (5, chrome)	Run Cypress	2024-10-17T01:04:30.6588397Z 
Admin UI E2E (5, chrome)	Run Cypress	2024-10-17T01:04:31.6452365Z 
Admin UI E2E (5, chrome)	Run Cypress	2024-10-17T01:04:31.6453936Z [31m  ([4m[1mResults[22m[24m)[39m
Admin UI E2E (5, chrome)	Run Cypress	2024-10-17T01:04:31.6471544Z 
Admin UI E2E (5, chrome)	Run Cypress	2024-10-17T01:04:31.6488738Z [90m  â”Œ[39m[90mâ”€[39m[90mâ”€[39m[90mâ”€[39m[90mâ”€[39m[90mâ”€[39m[90mâ”€[39m[90mâ”€[39m[90mâ”€[39m[90mâ”€[39m[90mâ”€[39m[90mâ”€[39m[90mâ”€[39m[90mâ”€[39m[90mâ”€[39m[90mâ”€[39m[90mâ”€[39m[90mâ”€[39m[90mâ”€[39m[90mâ”€[39m[90mâ”€[39m[90mâ”€[39m[90mâ”€[39m[90mâ”€[39m[90mâ”€[39m[90mâ”€[39m[90mâ”€[39m[90mâ”€[39m[90mâ”€[39m[90mâ”€[39m[90mâ”€[39m[90mâ”€[39m[90mâ”€[39m[90mâ”€[39m[90mâ”€[39m[90mâ”€[39m[90mâ”€[39m[90mâ”€[39m[90mâ”€[39m[90mâ”€[39m[90mâ”€[39m[90mâ”€[39m[90mâ”€[39m[90mâ”€[39m[90mâ”€[39m[90mâ”€[39m[90mâ”€[39m[90mâ”€[39m[90mâ”€[39m[90mâ”€[39m[90mâ”€[39m[90mâ”€[39m[90mâ”€[39m[90mâ”€[39m[90mâ”€[39m[90mâ”€[39m[90mâ”€[39m[90mâ”€[39m[90mâ”€[39m[90mâ”€[39m[90mâ”€[39m[90mâ”€[39m[90mâ”€[39m[90mâ”€[39m[90mâ”€[39m[90mâ”€[39m[90mâ”€[39m[90mâ”€[39m[90mâ”€[39m[90mâ”€[39m[90mâ”€[39m[90mâ”€[39m[90mâ”€[39m[90mâ”€[39m[90mâ”€[39m[90mâ”€[39m[90mâ”€[39m[90mâ”€[39m[90mâ”€[39m[90mâ”€[39m[90mâ”€[39m[90mâ”€[39m[90mâ”€[39m[90mâ”€[39m[90mâ”€[39m[90mâ”€[39m[90mâ”€[39m[90mâ”€[39m[90mâ”€[39m[90mâ”€[39m[90mâ”€[39m[90mâ”€[39m[90mâ”€[39m[90mâ”€[39m[90mâ”€[39m[90mâ”€[39m[90mâ”€[39m[90mâ”[39m
Admin UI E2E (5, chrome)	Run Cypress	2024-10-17T01:04:31.6496136Z [90m  â”‚[39m [90mTests:[39m        [31m64[39m                                                                               [90mâ”‚[39m
Admin UI E2E (5, chrome)	Run Cypress	2024-10-17T01:04:31.6497855Z [90m  â”‚[39m [90mPassing:[39m      [31m63[39m                                                                               [90mâ”‚[39m
Admin UI E2E (5, chrome)	Run Cypress	2024-10-17T01:04:31.6499506Z [90m  â”‚[39m [90mFailing:[39m      [31m1[39m                                                                                [90mâ”‚[39m
Admin UI E2E (5, chrome)	Run Cypress	2024-10-17T01:04:31.6501151Z [90m  â”‚[39m [90mPending:[39m      [31m0[39m                                                                                [90mâ”‚[39m
Admin UI E2E (5, chrome)	Run Cypress	2024-10-17T01:04:31.6502796Z [90m  â”‚[39m [90mSkipped:[39m      [31m0[39m                                                                                [90mâ”‚[39m
Admin UI E2E (5, chrome)	Run Cypress	2024-10-17T01:04:31.6504494Z [90m  â”‚[39m [90mScreenshots:[39m  [31m1[39m                                                                                [90mâ”‚[39m
Admin UI E2E (5, chrome)	Run Cypress	2024-10-17T01:04:31.6506346Z [90m  â”‚[39m [90mVideo:[39m        [31mtrue[39m                                                                             [90mâ”‚[39m
Admin UI E2E (5, chrome)	Run Cypress	2024-10-17T01:04:31.6508396Z [90m  â”‚[39m [90mDuration:[39m     [31m4 minutes, 0 seconds[39m                                                             [90mâ”‚[39m
Admin UI E2E (5, chrome)	Run Cypress	2024-10-17T01:04:31.6530999Z [90m  â”‚[39m [90mSpec Ran:[39m     [31m[31mclients_test.spec.ts[31m[39m                                                             [90mâ”‚[39m
Admin UI E2E (5, chrome)	Run Cypress	2024-10-17T01:04:31.6544335Z [90m  â””[39m[90mâ”€[39m[90mâ”€[39m[90mâ”€[39m[90mâ”€[39m[90mâ”€[39m[90mâ”€[39m[90mâ”€[39m[90mâ”€[39m[90mâ”€[39m[90mâ”€[39m[90mâ”€[39m[90mâ”€[39m[90mâ”€[39m[90mâ”€[39m[90mâ”€[39m[90mâ”€[39m[90mâ”€[39m[90mâ”€[39m[90mâ”€[39m[90mâ”€[39m[90mâ”€[39m[90mâ”€[39m[90mâ”€[39m[90mâ”€[39m[90mâ”€[39m[90mâ”€[39m[90mâ”€[39m[90mâ”€[39m[90mâ”€[39m[90mâ”€[39m[90mâ”€[39m[90mâ”€[39m[90mâ”€[39m[90mâ”€[39m[90mâ”€[39m[90mâ”€[39m[90mâ”€[39m[90mâ”€[39m[90mâ”€[39m[90mâ”€[39m[90mâ”€[39m[90mâ”€[39m[90mâ”€[39m[90mâ”€[39m[90mâ”€[39m[90mâ”€[39m[90mâ”€[39m[90mâ”€[39m[90mâ”€[39m[90mâ”€[39m[90mâ”€[39m[90mâ”€[39m[90mâ”€[39m[90mâ”€[39m[90mâ”€[39m[90mâ”€[39m[90mâ”€[39m[90mâ”€[39m[90mâ”€[39m[90mâ”€[39m[90mâ”€[39m[90mâ”€[39m[90mâ”€[39m[90mâ”€[39m[90mâ”€[39m[90mâ”€[39m[90mâ”€[39m[90mâ”€[39m[90mâ”€[39m[90mâ”€[39m[90mâ”€[39m[90mâ”€[39m[90mâ”€[39m[90mâ”€[39m[90mâ”€[39m[90mâ”€[39m[90mâ”€[39m[90mâ”€[39m[90mâ”€[39m[90mâ”€[39m[90mâ”€[39m[90mâ”€[39m[90mâ”€[39m[90mâ”€[39m[90mâ”€[39m[90mâ”€[39m[90mâ”€[39m[90mâ”€[39m[90mâ”€[39m[90mâ”€[39m[90mâ”€[39m[90mâ”€[39m[90mâ”€[39m[90mâ”€[39m[90mâ”€[39m[90mâ”€[39m[90mâ”˜[39m
Admin UI E2E (5, chrome)	Run Cypress	2024-10-17T01:04:31.6551461Z 
Admin UI E2E (5, chrome)	Run Cypress	2024-10-17T01:04:31.6551478Z 
Admin UI E2E (5, chrome)	Run Cypress	2024-10-17T01:04:31.6551907Z [33m  ([4m[1mScreenshots[22m[24m)[39m
Admin UI E2E (5, chrome)	Run Cypress	2024-10-17T01:04:31.6552640Z 
Admin UI E2E (5, chrome)	Run Cypress	2024-10-17T01:04:31.6554096Z [90m [39m -  [0m/home/runner/work/keycloak/keycloak/js/apps/admin-ui/cypress/screenshots/clients[0m     [90m[90m(1280x581)[90m[39m
Admin UI E2E (5, chrome)	Run Cypress	2024-10-17T01:04:31.6556383Z [90m [39m    [0m_test.spec.ts/Clients test -- Client details - Client scopes subtab -- Should sh[0m               
Admin UI E2E (5, chrome)	Run Cypress	2024-10-17T01:04:31.6558361Z [90m [39m    [0mow initial items after filtering -- after all hook (failed).png[0m                                
Admin UI E2E (5, chrome)	Run Cypress	2024-10-17T01:04:31.6559253Z 
Admin UI E2E (5, chrome)	Run Cypress	2024-10-17T01:04:31.6926437Z 
Admin UI E2E (5, chrome)	Run Cypress	2024-10-17T01:04:31.6931715Z [36m  ([4m[1mVideo[22m[24m)[39m
Admin UI E2E (5, chrome)	Run Cypress	2024-10-17T01:04:31.6932246Z 
Admin UI E2E (5, chrome)	Run Cypress	2024-10-17T01:04:31.6933540Z   -  Video output: [36m/home/runner/work/keycloak/keycloak/js/apps/admin-ui/cypress/videos/clients_test.spec.ts.mp4[39m
Admin UI E2E (5, chrome)	Run Cypress	2024-10-17T01:04:31.6934722Z 
Admin UI E2E (5, chrome)	Run Cypress	2024-10-17T01:04:31.6934742Z 
Admin UI E2E (5, chrome)	Run Cypress	2024-10-17T01:04:31.6943281Z [90mâ”€[39m[90mâ”€[39m[90mâ”€[39m[90mâ”€[39m[90mâ”€[39m[90mâ”€[39m[90mâ”€[39m[90mâ”€[39m[90mâ”€[39m[90mâ”€[39m[90mâ”€[39m[90mâ”€[39m[90mâ”€[39m[90mâ”€[39m[90mâ”€[39m[90mâ”€[39m[90mâ”€[39m[90mâ”€[39m[90mâ”€[39m[90mâ”€[39m[90mâ”€[39m[90mâ”€[39m[90mâ”€[39m[90mâ”€[39m[90mâ”€[39m[90mâ”€[39m[90mâ”€[39m[90mâ”€[39m[90mâ”€[39m[90mâ”€[39m[90mâ”€[39m[90mâ”€[39m[90mâ”€[39m[90mâ”€[39m[90mâ”€[39m[90mâ”€[39m[90mâ”€[39m[90mâ”€[39m[90mâ”€[39m[90mâ”€[39m[90mâ”€[39m[90mâ”€[39m[90mâ”€[39m[90mâ”€[39m[90mâ”€[39m[90mâ”€[39m[90mâ”€[39m[90mâ”€[39m[90mâ”€[39m[90mâ”€[39m[90mâ”€[39m[90mâ”€[39m[90mâ”€[39m[90mâ”€[39m[90mâ”€[39m[90mâ”€[39m[90mâ”€[39m[90mâ”€[39m[90mâ”€[39m[90mâ”€[39m[90mâ”€[39m[90mâ”€[39m[90mâ”€[39m[90mâ”€[39m[90mâ”€[39m[90mâ”€[39m[90mâ”€[39m[90mâ”€[39m[90mâ”€[39m[90mâ”€[39m[90mâ”€[39m[90mâ”€[39m[90mâ”€[39m[90mâ”€[39m[90mâ”€[39m[90mâ”€[39m[90mâ”€[39m[90mâ”€[39m[90mâ”€[39m[90mâ”€[39m[90mâ”€[39m[90mâ”€[39m[90mâ”€[39m[90mâ”€[39m[90mâ”€[39m[90mâ”€[39m[90mâ”€[39m[90mâ”€[39m[90mâ”€[39m[90mâ”€[39m[90mâ”€[39m[90mâ”€[39m[90mâ”€[39m[90mâ”€[39m[90mâ”€[39m[90mâ”€[39m[90mâ”€[39m[90mâ”€[39m[90mâ”€[39m[90mâ”€[39m
Admin UI E2E (5, chrome)	Run Cypress	2024-10-17T01:04:31.6950087Z                                                                                                     
Admin UI E2E (5, chrome)	Run Cypress	2024-10-17T01:04:31.6951857Z   Running:  [90musers_attribute_search_test.spec.ts[39m                                             [90m(5 of 7)[39m
Admin UI E2E (5, chrome)	Run Cypress	2024-10-17T01:04:35.3591554Z 
Admin UI E2E (5, chrome)	Run Cypress	2024-10-17T01:04:35.3594572Z [0m[0m
Admin UI E2E (5, chrome)	Run Cypress	2024-10-17T01:04:35.3617921Z [0m  Query by user attributes[0m
Admin UI E2E (5, chrome)	Run Cypress	2024-10-17T01:04:39.8592422Z   [32m  âœ“[0m[90m Query with one attribute condition[0m[90m (4473ms)[0m
Admin UI E2E (5, chrome)	Run Cypress	2024-10-17T01:04:42.6823437Z   [32m  âœ“[0m[90m Query with two attribute conditions[0m[90m (2489ms)[0m
Admin UI E2E (5, chrome)	Run Cypress	2024-10-17T01:04:42.6824180Z 
Admin UI E2E (5, chrome)	Run Cypress	2024-10-17T01:04:42.7031996Z 
Admin UI E2E (5, chrome)	Run Cypress	2024-10-17T01:04:42.7033686Z [92m [0m[32m 2 passing[0m[90m (7s)[0m
Admin UI E2E (5, chrome)	Run Cypress	2024-10-17T01:04:42.7034523Z 
Admin UI E2E (5, chrome)	Run Cypress	2024-10-17T01:04:44.1370534Z 
Admin UI E2E (5, chrome)	Run Cypress	2024-10-17T01:04:44.1371943Z [32m  ([4m[1mResults[22m[24m)[39m
Admin UI E2E (5, chrome)	Run Cypress	2024-10-17T01:04:44.1374743Z 
Admin UI E2E (5, chrome)	Run Cypress	2024-10-17T01:04:44.1390003Z [90m  â”Œ[39m[90mâ”€[39m[90mâ”€[39m[90mâ”€[39m[90mâ”€[39m[90mâ”€[39m[90mâ”€[39m[90mâ”€[39m[90mâ”€[39m[90mâ”€[39m[90mâ”€[39m[90mâ”€[39m[90mâ”€[39m[90mâ”€[39m[90mâ”€[39m[90mâ”€[39m[90mâ”€[39m[90mâ”€[39m[90mâ”€[39m[90mâ”€[39m[90mâ”€[39m[90mâ”€[39m[90mâ”€[39m[90mâ”€[39m[90mâ”€[39m[90mâ”€[39m[90mâ”€[39m[90mâ”€[39m[90mâ”€[39m[90mâ”€[39m[90mâ”€[39m[90mâ”€[39m[90mâ”€[39m[90mâ”€[39m[90mâ”€[39m[90mâ”€[39m[90mâ”€[39m[90mâ”€[39m[90mâ”€[39m[90mâ”€[39m[90mâ”€[39m[90mâ”€[39m[90mâ”€[39m[90mâ”€[39m[90mâ”€[39m[90mâ”€[39m[90mâ”€[39m[90mâ”€[39m[90mâ”€[39m[90mâ”€[39m[90mâ”€[39m[90mâ”€[39m[90mâ”€[39m[90mâ”€[39m[90mâ”€[39m[90mâ”€[39m[90mâ”€[39m[90mâ”€[39m[90mâ”€[39m[90mâ”€[39m[90mâ”€[39m[90mâ”€[39m[90mâ”€[39m[90mâ”€[39m[90mâ”€[39m[90mâ”€[39m[90mâ”€[39m[90mâ”€[39m[90mâ”€[39m[90mâ”€[39m[90mâ”€[39m[90mâ”€[39m[90mâ”€[39m[90mâ”€[39m[90mâ”€[39m[90mâ”€[39m[90mâ”€[39m[90mâ”€[39m[90mâ”€[39m[90mâ”€[39m[90mâ”€[39m[90mâ”€[39m[90mâ”€[39m[90mâ”€[39m[90mâ”€[39m[90mâ”€[39m[90mâ”€[39m[90mâ”€[39m[90mâ”€[39m[90mâ”€[39m[90mâ”€[39m[90mâ”€[39m[90mâ”€[39m[90mâ”€[39m[90mâ”€[39m[90mâ”€[39m[90mâ”€[39m[90mâ”[39m
Admin UI E2E (5, chrome)	Run Cypress	2024-10-17T01:04:44.1396840Z [90m  â”‚[39m [90mTests:[39m        [32m2[39m                                                                                [90mâ”‚[39m
Admin UI E2E (5, chrome)	Run Cypress	2024-10-17T01:04:44.1398764Z [90m  â”‚[39m [90mPassing:[39m      [32m2[39m                                                                                [90mâ”‚[39m
Admin UI E2E (5, chrome)	Run Cypress	2024-10-17T01:04:44.1400300Z [90m  â”‚[39m [90mFailing:[39m      [32m0[39m                                                                                [90mâ”‚[39m
Admin UI E2E (5, chrome)	Run Cypress	2024-10-17T01:04:44.1401976Z [90m  â”‚[39m [90mPending:[39m      [32m0[39m                                                                                [90mâ”‚[39m
Admin UI E2E (5, chrome)	Run Cypress	2024-10-17T01:04:44.1403658Z [90m  â”‚[39m [90mSkipped:[39m      [32m0[39m                                                                                [90mâ”‚[39m
Admin UI E2E (5, chrome)	Run Cypress	2024-10-17T01:04:44.1405359Z [90m  â”‚[39m [90mScreenshots:[39m  [32m0[39m                                                                                [90mâ”‚[39m
Admin UI E2E (5, chrome)	Run Cypress	2024-10-17T01:04:44.1406977Z [90m  â”‚[39m [90mVideo:[39m        [32mfalse[39m                                                                            [90mâ”‚[39m
Admin UI E2E (5, chrome)	Run Cypress	2024-10-17T01:04:44.1408593Z [90m  â”‚[39m [90mDuration:[39m     [32m7 seconds[39m                                                                        [90mâ”‚[39m
Admin UI E2E (5, chrome)	Run Cypress	2024-10-17T01:04:44.1410469Z [90m  â”‚[39m [90mSpec Ran:[39m     [32m[32musers_attribute_search_test.spec.ts[32m[39m                                              [90mâ”‚[39m
Admin UI E2E (5, chrome)	Run Cypress	2024-10-17T01:04:44.1420071Z [90m  â””[39m[90mâ”€[39m[90mâ”€[39m[90mâ”€[39m[90mâ”€[39m[90mâ”€[39m[90mâ”€[39m[90mâ”€[39m[90mâ”€[39m[90mâ”€[39m[90mâ”€[39m[90mâ”€[39m[90mâ”€[39m[90mâ”€[39m[90mâ”€[39m[90mâ”€[39m[90mâ”€[39m[90mâ”€[39m[90mâ”€[39m[90mâ”€[39m[90mâ”€[39m[90mâ”€[39m[90mâ”€[39m[90mâ”€[39m[90mâ”€[39m[90mâ”€[39m[90mâ”€[39m[90mâ”€[39m[90mâ”€[39m[90mâ”€[39m[90mâ”€[39m[90mâ”€[39m[90mâ”€[39m[90mâ”€[39m[90mâ”€[39m[90mâ”€[39m[90mâ”€[39m[90mâ”€[39m[90mâ”€[39m[90mâ”€[39m[90mâ”€[39m[90mâ”€[39m[90mâ”€[39m[90mâ”€[39m[90mâ”€[39m[90mâ”€[39m[90mâ”€[39m[90mâ”€[39m[90mâ”€[39m[90mâ”€[39m[90mâ”€[39m[90mâ”€[39m[90mâ”€[39m[90mâ”€[39m[90mâ”€[39m[90mâ”€[39m[90mâ”€[39m[90mâ”€[39m[90mâ”€[39m[90mâ”€[39m[90mâ”€[39m[90mâ”€[39m[90mâ”€[39m[90mâ”€[39m[90mâ”€[39m[90mâ”€[39m[90mâ”€[39m[90mâ”€[39m[90mâ”€[39m[90mâ”€[39m[90mâ”€[39m[90mâ”€[39m[90mâ”€[39m[90mâ”€[39m[90mâ”€[39m[90mâ”€[39m[90mâ”€[39m[90mâ”€[39m[90mâ”€[39m[90mâ”€[39m[90mâ”€[39m[90mâ”€[39m[90mâ”€[39m[90mâ”€[39m[90mâ”€[39m[90mâ”€[39m[90mâ”€[39m[90mâ”€[39m[90mâ”€[39m[90mâ”€[39m[90mâ”€[39m[90mâ”€[39m[90mâ”€[39m[90mâ”€[39m[90mâ”€[39m[90mâ”€[39m[90mâ”€[39m[90mâ”˜[39m
Admin UI E2E (5, chrome)	Run Cypress	2024-10-17T01:04:44.1425334Z 
Admin UI E2E (5, chrome)	Run Cypress	2024-10-17T01:04:44.1778515Z 
Admin UI E2E (5, chrome)	Run Cypress	2024-10-17T01:04:44.1791133Z [90mâ”€[39m[90mâ”€[39m[90mâ”€[39m[90mâ”€[39m[90mâ”€[39m[90mâ”€[39m[90mâ”€[39m[90mâ”€[39m[90mâ”€[39m[90mâ”€[39m[90mâ”€[39m[90mâ”€[39m[90mâ”€[39m[90mâ”€[39m[90mâ”€[39m[90mâ”€[39m[90mâ”€[39m[90mâ”€[39m[90mâ”€[39m[90mâ”€[39m[90mâ”€[39m[90mâ”€[39m[90mâ”€[39m[90mâ”€[39m[90mâ”€[39m[90mâ”€[39m[90mâ”€[39m[90mâ”€[39m[90mâ”€[39m[90mâ”€[39m[90mâ”€[39m[90mâ”€[39m[90mâ”€[39m[90mâ”€[39m[90mâ”€[39m[90mâ”€[39m[90mâ”€[39m[90mâ”€[39m[90mâ”€[39m[90mâ”€[39m[90mâ”€[39m[90mâ”€[39m[90mâ”€[39m[90mâ”€[39m[90mâ”€[39m[90mâ”€[39m[90mâ”€[39m[90mâ”€[39m[90mâ”€[39m[90mâ”€[39m[90mâ”€[39m[90mâ”€[39m[90mâ”€[39m[90mâ”€[39m[90mâ”€[39m[90mâ”€[39m[90mâ”€[39m[90mâ”€[39m[90mâ”€[39m[90mâ”€[39m[90mâ”€[39m[90mâ”€[39m[90mâ”€[39m[90mâ”€[39m[90mâ”€[39m[90mâ”€[39m[90mâ”€[39m[90mâ”€[39m[90mâ”€[39m[90mâ”€[39m[90mâ”€[39m[90mâ”€[39m[90mâ”€[39m[90mâ”€[39m[90mâ”€[39m[90mâ”€[39m[90mâ”€[39m[90mâ”€[39m[90mâ”€[39m[90mâ”€[39m[90mâ”€[39m[90mâ”€[39m[90mâ”€[39m[90mâ”€[39m[90mâ”€[39m[90mâ”€[39m[90mâ”€[39m[90mâ”€[39m[90mâ”€[39m[90mâ”€[39m[90mâ”€[39m[90mâ”€[39m[90mâ”€[39m[90mâ”€[39m[90mâ”€[39m[90mâ”€[39m[90mâ”€[39m[90mâ”€[39m[90mâ”€[39m[90mâ”€[39m
Admin UI E2E (5, chrome)	Run Cypress	2024-10-17T01:04:44.1796807Z                                                                                                     
Admin UI E2E (5, chrome)	Run Cypress	2024-10-17T01:04:44.1797907Z   Running:  [90mpartial_export_test.spec.ts[39m                                                     [90m(6 of 7)[39m
Admin UI E2E (5, chrome)	Run Cypress	2024-10-17T01:04:47.2261425Z 
Admin UI E2E (5, chrome)	Run Cypress	2024-10-17T01:04:47.2268962Z [0m[0m
Admin UI E2E (5, chrome)	Run Cypress	2024-10-17T01:04:47.2288231Z [0m  Partial realm export[0m
Admin UI E2E (5, chrome)	Run Cypress	2024-10-17T01:04:51.7782067Z   [32m  âœ“[0m[90m Closes the dialog[0m[90m (4523ms)[0m
Admin UI E2E (5, chrome)	Run Cypress	2024-10-17T01:04:53.5769351Z   [32m  âœ“[0m[90m Shows a warning message[0m[90m (1768ms)[0m
Admin UI E2E (5, chrome)	Run Cypress	2024-10-17T01:04:56.0003516Z   [32m  âœ“[0m[90m Exports the realm[0m[90m (1970ms)[0m
Admin UI E2E (5, chrome)	Run Cypress	2024-10-17T01:04:56.0004437Z 
Admin UI E2E (5, chrome)	Run Cypress	2024-10-17T01:04:56.0248022Z 
Admin UI E2E (5, chrome)	Run Cypress	2024-10-17T01:04:56.0249324Z [92m [0m[32m 3 passing[0m[90m (9s)[0m
Admin UI E2E (5, chrome)	Run Cypress	2024-10-17T01:04:56.0249905Z 
Admin UI E2E (5, chrome)	Run Cypress	2024-10-17T01:04:57.4757851Z 
Admin UI E2E (5, chrome)	Run Cypress	2024-10-17T01:04:57.4759493Z [32m  ([4m[1mResults[22m[24m)[39m
Admin UI E2E (5, chrome)	Run Cypress	2024-10-17T01:04:57.4763000Z 
Admin UI E2E (5, chrome)	Run Cypress	2024-10-17T01:04:57.4775811Z [90m  â”Œ[39m[90mâ”€[39m[90mâ”€[39m[90mâ”€[39m[90mâ”€[39m[90mâ”€[39m[90mâ”€[39m[90mâ”€[39m[90mâ”€[39m[90mâ”€[39m[90mâ”€[39m[90mâ”€[39m[90mâ”€[39m[90mâ”€[39m[90mâ”€[39m[90mâ”€[39m[90mâ”€[39m[90mâ”€[39m[90mâ”€[39m[90mâ”€[39m[90mâ”€[39m[90mâ”€[39m[90mâ”€[39m[90mâ”€[39m[90mâ”€[39m[90mâ”€[39m[90mâ”€[39m[90mâ”€[39m[90mâ”€[39m[90mâ”€[39m[90mâ”€[39m[90mâ”€[39m[90mâ”€[39m[90mâ”€[39m[90mâ”€[39m[90mâ”€[39m[90mâ”€[39m[90mâ”€[39m[90mâ”€[39m[90mâ”€[39m[90mâ”€[39m[90mâ”€[39m[90mâ”€[39m[90mâ”€[39m[90mâ”€[39m[90mâ”€[39m[90mâ”€[39m[90mâ”€[39m[90mâ”€[39m[90mâ”€[39m[90mâ”€[39m[90mâ”€[39m[90mâ”€[39m[90mâ”€[39m[90mâ”€[39m[90mâ”€[39m[90mâ”€[39m[90mâ”€[39m[90mâ”€[39m[90mâ”€[39m[90mâ”€[39m[90mâ”€[39m[90mâ”€[39m[90mâ”€[39m[90mâ”€[39m[90mâ”€[39m[90mâ”€[39m[90mâ”€[39m[90mâ”€[39m[90mâ”€[39m[90mâ”€[39m[90mâ”€[39m[90mâ”€[39m[90mâ”€[39m[90mâ”€[39m[90mâ”€[39m[90mâ”€[39m[90mâ”€[39m[90mâ”€[39m[90mâ”€[39m[90mâ”€[39m[90mâ”€[39m[90mâ”€[39m[90mâ”€[39m[90mâ”€[39m[90mâ”€[39m[90mâ”€[39m[90mâ”€[39m[90mâ”€[39m[90mâ”€[39m[90mâ”€[39m[90mâ”€[39m[90mâ”€[39m[90mâ”€[39m[90mâ”€[39m[90mâ”€[39m[90mâ”€[39m[90mâ”[39m
Admin UI E2E (5, chrome)	Run Cypress	2024-10-17T01:04:57.4780609Z [90m  â”‚[39m [90mTests:[39m        [32m3[39m                                                                                [90mâ”‚[39m
Admin UI E2E (5, chrome)	Run Cypress	2024-10-17T01:04:57.4781581Z [90m  â”‚[39m [90mPassing:[39m      [32m3[39m                                                                                [90mâ”‚[39m
Admin UI E2E (5, chrome)	Run Cypress	2024-10-17T01:04:57.4782540Z [90m  â”‚[39m [90mFailing:[39m      [32m0[39m                                                                                [90mâ”‚[39m
Admin UI E2E (5, chrome)	Run Cypress	2024-10-17T01:04:57.4783721Z [90m  â”‚[39m [90mPending:[39m      [32m0[39m                                                                                [90mâ”‚[39m
Admin UI E2E (5, chrome)	Run Cypress	2024-10-17T01:04:57.4785337Z [90m  â”‚[39m [90mSkipped:[39m      [32m0[39m                                                                                [90mâ”‚[39m
Admin UI E2E (5, chrome)	Run Cypress	2024-10-17T01:04:57.4786322Z [90m  â”‚[39m [90mScreenshots:[39m  [32m0[39m                                                                                [90mâ”‚[39m
Admin UI E2E (5, chrome)	Run Cypress	2024-10-17T01:04:57.4787653Z [90m  â”‚[39m [90mVideo:[39m        [32mfalse[39m                                                                            [90mâ”‚[39m
Admin UI E2E (5, chrome)	Run Cypress	2024-10-17T01:04:57.4789095Z [90m  â”‚[39m [90mDuration:[39m     [32m8 seconds[39m                                                                        [90mâ”‚[39m
Admin UI E2E (5, chrome)	Run Cypress	2024-10-17T01:04:57.4790872Z [90m  â”‚[39m [90mSpec Ran:[39m     [32m[32mpartial_export_test.spec.ts[32m[39m                                                      [90mâ”‚[39m
Admin UI E2E (5, chrome)	Run Cypress	2024-10-17T01:04:57.4797377Z [90m  â””[39m[90mâ”€[39m[90mâ”€[39m[90mâ”€[39m[90mâ”€[39m[90mâ”€[39m[90mâ”€[39m[90mâ”€[39m[90mâ”€[39m[90mâ”€[39m[90mâ”€[39m[90mâ”€[39m[90mâ”€[39m[90mâ”€[39m[90mâ”€[39m[90mâ”€[39m[90mâ”€[39m[90mâ”€[39m[90mâ”€[39m[90mâ”€[39m[90mâ”€[39m[90mâ”€[39m[90mâ”€[39m[90mâ”€[39m[90mâ”€[39m[90mâ”€[39m[90mâ”€[39m[90mâ”€[39m[90mâ”€[39m[90mâ”€[39m[90mâ”€[39m[90mâ”€[39m[90mâ”€[39m[90mâ”€[39m[90mâ”€[39m[90mâ”€[39m[90mâ”€[39m[90mâ”€[39m[90mâ”€[39m[90mâ”€[39m[90mâ”€[39m[90mâ”€[39m[90mâ”€[39m[90mâ”€[39m[90mâ”€[39m[90mâ”€[39m[90mâ”€[39m[90mâ”€[39m[90mâ”€[39m[90mâ”€[39m[90mâ”€[39m[90mâ”€[39m[90mâ”€[39m[90mâ”€[39m[90mâ”€[39m[90mâ”€[39m[90mâ”€[39m[90mâ”€[39m[90mâ”€[39m[90mâ”€[39m[90mâ”€[39m[90mâ”€[39m[90mâ”€[39m[90mâ”€[39m[90mâ”€[39m[90mâ”€[39m[90mâ”€[39m[90mâ”€[39m[90mâ”€[39m[90mâ”€[39m[90mâ”€[39m[90mâ”€[39m[90mâ”€[39m[90mâ”€[39m[90mâ”€[39m[90mâ”€[39m[90mâ”€[39m[90mâ”€[39m[90mâ”€[39m[90mâ”€[39m[90mâ”€[39m[90mâ”€[39m[90mâ”€[39m[90mâ”€[39m[90mâ”€[39m[90mâ”€[39m[90mâ”€[39m[90mâ”€[39m[90mâ”€[39m[90mâ”€[39m[90mâ”€[39m[90mâ”€[39m[90mâ”€[39m[90mâ”€[39m[90mâ”€[39m[90mâ”€[39m[90mâ”€[39m[90mâ”˜[39m
Admin UI E2E (5, chrome)	Run Cypress	2024-10-17T01:04:57.4800972Z 
Admin UI E2E (5, chrome)	Run Cypress	2024-10-17T01:04:57.5163791Z 
Admin UI E2E (5, chrome)	Run Cypress	2024-10-17T01:04:57.5177643Z [90mâ”€[39m[90mâ”€[39m[90mâ”€[39m[90mâ”€[39m[90mâ”€[39m[90mâ”€[39m[90mâ”€[39m[90mâ”€[39m[90mâ”€[39m[90mâ”€[39m[90mâ”€[39m[90mâ”€[39m[90mâ”€[39m[90mâ”€[39m[90mâ”€[39m[90mâ”€[39m[90mâ”€[39m[90mâ”€[39m[90mâ”€[39m[90mâ”€[39m[90mâ”€[39m[90mâ”€[39m[90mâ”€[39m[90mâ”€[39m[90mâ”€[39m[90mâ”€[39m[90mâ”€[39m[90mâ”€[39m[90mâ”€[39m[90mâ”€[39m[90mâ”€[39m[90mâ”€[39m[90mâ”€[39m[90mâ”€[39m[90mâ”€[39m[90mâ”€[39m[90mâ”€[39m[90mâ”€[39m[90mâ”€[39m[90mâ”€[39m[90mâ”€[39m[90mâ”€[39m[90mâ”€[39m[90mâ”€[39m[90mâ”€[39m[90mâ”€[39m[90mâ”€[39m[90mâ”€[39m[90mâ”€[39m[90mâ”€[39m[90mâ”€[39m[90mâ”€[39m[90mâ”€[39m[90mâ”€[39m[90mâ”€[39m[90mâ”€[39m[90mâ”€[39m[90mâ”€[39m[90mâ”€[39m[90mâ”€[39m[90mâ”€[39m[90mâ”€[39m[90mâ”€[39m[90mâ”€[39m[90mâ”€[39m[90mâ”€[39m[90mâ”€[39m[90mâ”€[39m[90mâ”€[39m[90mâ”€[39m[90mâ”€[39m[90mâ”€[39m[90mâ”€[39m[90mâ”€[39m[90mâ”€[39m[90mâ”€[39m[90mâ”€[39m[90mâ”€[39m[90mâ”€[39m[90mâ”€[39m[90mâ”€[39m[90mâ”€[39m[90mâ”€[39m[90mâ”€[39m[90mâ”€[39m[90mâ”€[39m[90mâ”€[39m[90mâ”€[39m[90mâ”€[39m[90mâ”€[39m[90mâ”€[39m[90mâ”€[39m[90mâ”€[39m[90mâ”€[39m[90mâ”€[39m[90mâ”€[39m[90mâ”€[39m[90mâ”€[39m[90mâ”€[39m[90mâ”€[39m
Admin UI E2E (5, chrome)	Run Cypress	2024-10-17T01:04:57.5184327Z                                                                                                     
Admin UI E2E (5, chrome)	Run Cypress	2024-10-17T01:04:57.5185878Z   Running:  [90mauthentication_test.spec.ts[39m                                                     [90m(7 of 7)[39m
Admin UI E2E (5, chrome)	Run Cypress	2024-10-17T01:05:00.6542171Z 
Admin UI E2E (5, chrome)	Run Cypress	2024-10-17T01:05:00.6543058Z [0m[0m
Admin UI E2E (5, chrome)	Run Cypress	2024-10-17T01:05:00.6629674Z [0m  Authentication test[0m
Admin UI E2E (5, chrome)	Run Cypress	2024-10-17T01:05:05.5794032Z   [32m  âœ“[0m[90m authentication empty search test[0m[90m (4880ms)[0m
Admin UI E2E (5, chrome)	Run Cypress	2024-10-17T01:05:07.4342052Z   [32m  âœ“[0m[90m authentication search flow[0m[90m (1818ms)[0m
Admin UI E2E (5, chrome)	Run Cypress	2024-10-17T01:05:10.7628165Z   [32m  âœ“[0m[90m should create duplicate of existing flow[0m[90m (3217ms)[0m
Admin UI E2E (5, chrome)	Run Cypress	2024-10-17T01:05:12.7496306Z   [32m  âœ“[0m[90m Should fail duplicate with empty flow name[0m[90m (1928ms)[0m
Admin UI E2E (5, chrome)	Run Cypress	2024-10-17T01:05:14.8415067Z   [32m  âœ“[0m[90m Should fail duplicate with duplicated name[0m[90m (2061ms)[0m
Admin UI E2E (5, chrome)	Run Cypress	2024-10-17T01:05:16.5462599Z   [32m  âœ“[0m[90m Should show the details of a flow as a table[0m[90m (1662ms)[0m
Admin UI E2E (5, chrome)	Run Cypress	2024-10-17T01:05:16.5601805Z   [36m  - Should move kerberos down[0m
Admin UI E2E (5, chrome)	Run Cypress	2024-10-17T01:05:19.1357355Z   [32m  âœ“[0m[90m Should edit flow details[0m[90m (2558ms)[0m
Admin UI E2E (5, chrome)	Run Cypress	2024-10-17T01:05:21.0428786Z   [32m  âœ“[0m[90m Should change requirement of cookie[0m[90m (1880ms)[0m
Admin UI E2E (5, chrome)	Run Cypress	2024-10-17T01:05:22.8234447Z   [32m  âœ“[0m[90m Should switch to diagram mode[0m[90m (1742ms)[0m
Admin UI E2E (5, chrome)	Run Cypress	2024-10-17T01:05:25.1477286Z   [32m  âœ“[0m[90m Should add a execution[0m[90m (2290ms)[0m
Admin UI E2E (5, chrome)	Run Cypress	2024-10-17T01:05:27.2899157Z   [32m  âœ“[0m[90m should add a condition[0m[90m (2114ms)[0m
Admin UI E2E (5, chrome)	Run Cypress	2024-10-17T01:05:29.5393111Z   [32m  âœ“[0m[90m Should add a sub-flow[0m[90m (2217ms)[0m
Admin UI E2E (5, chrome)	Run Cypress	2024-10-17T01:05:31.4964384Z   [32m  âœ“[0m[90m Should remove an execution[0m[90m (1925ms)[0m
Admin UI E2E (5, chrome)	Run Cypress	2024-10-17T01:05:33.4623541Z   [32m  âœ“[0m[90m Should set as default in action menu[0m[90m (1930ms)[0m
Admin UI E2E (5, chrome)	Run Cypress	2024-10-17T01:05:37.2322717Z   [32m  âœ“[0m[90m should create flow from scratch[0m[90m (3736ms)[0m
Admin UI E2E (5, chrome)	Run Cypress	2024-10-17T01:05:38.9272303Z   [32m  âœ“[0m[90m Should delete a flow from action menu[0m[90m (1666ms)[0m
Admin UI E2E (5, chrome)	Run Cypress	2024-10-17T01:05:41.9899931Z   [32m  âœ“[0m[90m add webauthn authentication to browserflow[0m[90m (3022ms)[0m
Admin UI E2E (5, chrome)	Run Cypress	2024-10-17T01:05:44.5011309Z   [32m  âœ“[0m[90m Should display the default browser flow diagram[0m[90m (2001ms)[0m
Admin UI E2E (5, chrome)	Run Cypress	2024-10-17T01:05:44.5474233Z 
Admin UI E2E (5, chrome)	Run Cypress	2024-10-17T01:05:44.5516333Z [0m  Required actions[0m
Admin UI E2E (5, chrome)	Run Cypress	2024-10-17T01:05:46.8527455Z   [32m  âœ“[0m[90m should enable delete account[0m[90m (2273ms)[0m
Admin UI E2E (5, chrome)	Run Cypress	2024-10-17T01:05:48.6088490Z   [32m  âœ“[0m[90m should register an unregistered action[0m[90m (1725ms)[0m
Admin UI E2E (5, chrome)	Run Cypress	2024-10-17T01:05:50.2840702Z   [32m  âœ“[0m[90m should set action as default[0m[90m (1637ms)[0m
Admin UI E2E (5, chrome)	Run Cypress	2024-10-17T01:05:52.9022736Z   [32m  âœ“[0m[90m should reorder required actions[0m[90m (2103ms)[0m
Admin UI E2E (5, chrome)	Run Cypress	2024-10-17T01:05:52.9235389Z 
Admin UI E2E (5, chrome)	Run Cypress	2024-10-17T01:05:52.9236533Z [0m  Password policies tab[0m
Admin UI E2E (5, chrome)	Run Cypress	2024-10-17T01:05:54.7191080Z   [32m  âœ“[0m[90m should add password policies[0m[90m (1767ms)[0m
Admin UI E2E (5, chrome)	Run Cypress	2024-10-17T01:05:56.3913625Z   [32m  âœ“[0m[90m should remove password policies[0m[90m (1639ms)[0m
Admin UI E2E (5, chrome)	Run Cypress	2024-10-17T01:05:56.4079252Z 
Admin UI E2E (5, chrome)	Run Cypress	2024-10-17T01:05:56.4080921Z [0m  Accessibility tests for authentication[0m
Admin UI E2E (5, chrome)	Run Cypress	2024-10-17T01:05:58.9685767Z   [32m  âœ“[0m[90m Check a11y violations on load/ authentication tab/ flows sub tab[0m[90m (2550ms)[0m
Admin UI E2E (5, chrome)	Run Cypress	2024-10-17T01:06:00.9455442Z   [32m  âœ“[0m[90m Check a11y violations on load/ authentication tab/ flows sub tab/ creating flow form[0m[90m (1943ms)[0m
Admin UI E2E (5, chrome)	Run Cypress	2024-10-17T01:06:03.9457058Z   [32m  âœ“[0m[90m Check a11y violations on load/ authentication tab/ flows sub tab/ creating flow[0m[90m (2962ms)[0m
Admin UI E2E (5, chrome)	Run Cypress	2024-10-17T01:06:05.9233678Z   [32m  âœ“[0m[90m Check a11y violations on load/ authentication tab/ flows sub tab/ creating flow form[0m[90m (1919ms)[0m
Admin UI E2E (5, chrome)	Run Cypress	2024-10-17T01:06:07.8656344Z   [32m  âœ“[0m[90m Check a11y violations on load/ authentication tab/ required actions sub tab[0m[90m (1912ms)[0m
Admin UI E2E (5, chrome)	Run Cypress	2024-10-17T01:06:09.8463212Z   [32m  âœ“[0m[90m Check a11y violations on load/ policies tab/ password policy sub tab[0m[90m (1960ms)[0m
Admin UI E2E (5, chrome)	Run Cypress	2024-10-17T01:06:11.9528582Z   [32m  âœ“[0m[90m Check a11y violations on load/ authentication tab/ policies sub tab/ adding policy[0m[90m (2088ms)[0m
Admin UI E2E (5, chrome)	Run Cypress	2024-10-17T01:06:14.1085934Z   [32m  âœ“[0m[90m Check a11y violations on load/ policies tab/ otp policy sub tab[0m[90m (2134ms)[0m
Admin UI E2E (5, chrome)	Run Cypress	2024-10-17T01:06:16.4401832Z   [32m  âœ“[0m[90m Check a11y violations on load/ policies tab/ WebAuthn Policies sub tab[0m[90m (2295ms)[0m
Admin UI E2E (5, chrome)	Run Cypress	2024-10-17T01:06:18.7748301Z   [32m  âœ“[0m[90m Check a11y violations on load/ policies tab/ WebAuthn Passwordless Policies sub tab[0m[90m (2311ms)[0m
Admin UI E2E (5, chrome)	Run Cypress	2024-10-17T01:06:21.2619367Z   [32m  âœ“[0m[90m Check a11y violations on load/ policies tab/ CIBA Policy sub tab[0m[90m (2078ms)[0m
Admin UI E2E (5, chrome)	Run Cypress	2024-10-17T01:06:21.2625167Z 
Admin UI E2E (5, chrome)	Run Cypress	2024-10-17T01:06:21.3053411Z 
Admin UI E2E (5, chrome)	Run Cypress	2024-10-17T01:06:21.3056167Z [92m [0m[32m 35 passing[0m[90m (1m)[0m
Admin UI E2E (5, chrome)	Run Cypress	2024-10-17T01:06:21.3057220Z [36m [0m[36m 1 pending[0m
Admin UI E2E (5, chrome)	Run Cypress	2024-10-17T01:06:21.3057677Z 
Admin UI E2E (5, chrome)	Run Cypress	2024-10-17T01:06:22.3208979Z 
Admin UI E2E (5, chrome)	Run Cypress	2024-10-17T01:06:22.3210365Z [32m  ([4m[1mResults[22m[24m)[39m
Admin UI E2E (5, chrome)	Run Cypress	2024-10-17T01:06:22.3215929Z 
Admin UI E2E (5, chrome)	Run Cypress	2024-10-17T01:06:22.3230973Z [90m  â”Œ[39m[90mâ”€[39m[90mâ”€[39m[90mâ”€[39m[90mâ”€[39m[90mâ”€[39m[90mâ”€[39m[90mâ”€[39m[90mâ”€[39m[90mâ”€[39m[90mâ”€[39m[90mâ”€[39m[90mâ”€[39m[90mâ”€[39m[90mâ”€[39m[90mâ”€[39m[90mâ”€[39m[90mâ”€[39m[90mâ”€[39m[90mâ”€[39m[90mâ”€[39m[90mâ”€[39m[90mâ”€[39m[90mâ”€[39m[90mâ”€[39m[90mâ”€[39m[90mâ”€[39m[90mâ”€[39m[90mâ”€[39m[90mâ”€[39m[90mâ”€[39m[90mâ”€[39m[90mâ”€[39m[90mâ”€[39m[90mâ”€[39m[90mâ”€[39m[90mâ”€[39m[90mâ”€[39m[90mâ”€[39m[90mâ”€[39m[90mâ”€[39m[90mâ”€[39m[90mâ”€[39m[90mâ”€[39m[90mâ”€[39m[90mâ”€[39m[90mâ”€[39m[90mâ”€[39m[90mâ”€[39m[90mâ”€[39m[90mâ”€[39m[90mâ”€[39m[90mâ”€[39m[90mâ”€[39m[90mâ”€[39m[90mâ”€[39m[90mâ”€[39m[90mâ”€[39m[90mâ”€[39m[90mâ”€[39m[90mâ”€[39m[90mâ”€[39m[90mâ”€[39m[90mâ”€[39m[90mâ”€[39m[90mâ”€[39m[90mâ”€[39m[90mâ”€[39m[90mâ”€[39m[90mâ”€[39m[90mâ”€[39m[90mâ”€[39m[90mâ”€[39m[90mâ”€[39m[90mâ”€[39m[90mâ”€[39m[90mâ”€[39m[90mâ”€[39m[90mâ”€[39m[90mâ”€[39m[90mâ”€[39m[90mâ”€[39m[90mâ”€[39m[90mâ”€[39m[90mâ”€[39m[90mâ”€[39m[90mâ”€[39m[90mâ”€[39m[90mâ”€[39m[90mâ”€[39m[90mâ”€[39m[90mâ”€[39m[90mâ”€[39m[90mâ”€[39m[90mâ”€[39m[90mâ”€[39m[90mâ”€[39m[90mâ”[39m
Admin UI E2E (5, chrome)	Run Cypress	2024-10-17T01:06:22.3238443Z [90m  â”‚[39m [90mTests:[39m        [32m36[39m                                                                               [90mâ”‚[39m
Admin UI E2E (5, chrome)	Run Cypress	2024-10-17T01:06:22.3240358Z [90m  â”‚[39m [90mPassing:[39m      [32m35[39m                                                                               [90mâ”‚[39m
Admin UI E2E (5, chrome)	Run Cypress	2024-10-17T01:06:22.3242270Z [90m  â”‚[39m [90mFailing:[39m      [32m0[39m                                                                                [90mâ”‚[39m
Admin UI E2E (5, chrome)	Run Cypress	2024-10-17T01:06:22.3244089Z [90m  â”‚[39m [90mPending:[39m      [32m1[39m                                                                                [90mâ”‚[39m
Admin UI E2E (5, chrome)	Run Cypress	2024-10-17T01:06:22.3245916Z [90m  â”‚[39m [90mSkipped:[39m      [32m0[39m                                                                                [90mâ”‚[39m
Admin UI E2E (5, chrome)	Run Cypress	2024-10-17T01:06:22.3248163Z [90m  â”‚[39m [90mScreenshots:[39m  [32m0[39m                                                                                [90mâ”‚[39m
Admin UI E2E (5, chrome)	Run Cypress	2024-10-17T01:06:22.3250577Z [90m  â”‚[39m [90mVideo:[39m        [32mfalse[39m                                                                            [90mâ”‚[39m
Admin UI E2E (5, chrome)	Run Cypress	2024-10-17T01:06:22.3252625Z [90m  â”‚[39m [90mDuration:[39m     [32m1 minute, 20 seconds[39m                                                             [90mâ”‚[39m
Admin UI E2E (5, chrome)	Run Cypress	2024-10-17T01:06:22.3254803Z [90m  â”‚[39m [90mSpec Ran:[39m     [32m[32mauthentication_test.spec.ts[32m[39m                                                      [90mâ”‚[39m
Admin UI E2E (5, chrome)	Run Cypress	2024-10-17T01:06:22.3265573Z [90m  â””[39m[90mâ”€[39m[90mâ”€[39m[90mâ”€[39m[90mâ”€[39m[90mâ”€[39m[90mâ”€[39m[90mâ”€[39m[90mâ”€[39m[90mâ”€[39m[90mâ”€[39m[90mâ”€[39m[90mâ”€[39m[90mâ”€[39m[90mâ”€[39m[90mâ”€[39m[90mâ”€[39m[90mâ”€[39m[90mâ”€[39m[90mâ”€[39m[90mâ”€[39m[90mâ”€[39m[90mâ”€[39m[90mâ”€[39m[90mâ”€[39m[90mâ”€[39m[90mâ”€[39m[90mâ”€[39m[90mâ”€[39m[90mâ”€[39m[90mâ”€[39m[90mâ”€[39m[90mâ”€[39m[90mâ”€[39m[90mâ”€[39m[90mâ”€[39m[90mâ”€[39m[90mâ”€[39m[90mâ”€[39m[90mâ”€[39m[90mâ”€[39m[90mâ”€[39m[90mâ”€[39m[90mâ”€[39m[90mâ”€[39m[90mâ”€[39m[90mâ”€[39m[90mâ”€[39m[90mâ”€[39m[90mâ”€[39m[90mâ”€[39m[90mâ”€[39m[90mâ”€[39m[90mâ”€[39m[90mâ”€[39m[90mâ”€[39m[90mâ”€[39m[90mâ”€[39m[90mâ”€[39m[90mâ”€[39m[90mâ”€[39m[90mâ”€[39m[90mâ”€[39m[90mâ”€[39m[90mâ”€[39m[90mâ”€[39m[90mâ”€[39m[90mâ”€[39m[90mâ”€[39m[90mâ”€[39m[90mâ”€[39m[90mâ”€[39m[90mâ”€[39m[90mâ”€[39m[90mâ”€[39m[90mâ”€[39m[90mâ”€[39m[90mâ”€[39m[90mâ”€[39m[90mâ”€[39m[90mâ”€[39m[90mâ”€[39m[90mâ”€[39m[90mâ”€[39m[90mâ”€[39m[90mâ”€[39m[90mâ”€[39m[90mâ”€[39m[90mâ”€[39m[90mâ”€[39m[90mâ”€[39m[90mâ”€[39m[90mâ”€[39m[90mâ”€[39m[90mâ”€[39m[90mâ”€[39m[90mâ”€[39m[90mâ”˜[39m
Admin UI E2E (5, chrome)	Run Cypress	2024-10-17T01:06:22.3272041Z 
Admin UI E2E (5, chrome)	Run Cypress	2024-10-17T01:06:22.3313423Z 
Admin UI E2E (5, chrome)	Run Cypress	2024-10-17T01:06:22.4076426Z [90m====================================================================================================[39m
Admin UI E2E (5, chrome)	Run Cypress	2024-10-17T01:06:22.4077531Z 
Admin UI E2E (5, chrome)	Run Cypress	2024-10-17T01:06:22.4080653Z [0m  ([4m[1mRun Finished[22m[24m)[0m
Admin UI E2E (5, chrome)	Run Cypress	2024-10-17T01:06:22.4106808Z 
Admin UI E2E (5, chrome)	Run Cypress	2024-10-17T01:06:22.4107056Z 
Admin UI E2E (5, chrome)	Run Cypress	2024-10-17T01:06:22.4143665Z [90m   [39m    [90mSpec[39m                                              [90mTests[39m  [90mPassing[39m  [90mFailing[39m  [90mPending[39m  [90mSkipped[39m [90m [39m
Admin UI E2E (5, chrome)	Run Cypress	2024-10-17T01:06:22.4152692Z [90m  â”Œ[39m[90mâ”€[39m[90mâ”€[39m[90mâ”€[39m[90mâ”€[39m[90mâ”€[39m[90mâ”€[39m[90mâ”€[39m[90mâ”€[39m[90mâ”€[39m[90mâ”€[39m[90mâ”€[39m[90mâ”€[39m[90mâ”€[39m[90mâ”€[39m[90mâ”€[39m[90mâ”€[39m[90mâ”€[39m[90mâ”€[39m[90mâ”€[39m[90mâ”€[39m[90mâ”€[39m[90mâ”€[39m[90mâ”€[39m[90mâ”€[39m[90mâ”€[39m[90mâ”€[39m[90mâ”€[39m[90mâ”€[39m[90mâ”€[39m[90mâ”€[39m[90mâ”€[39m[90mâ”€[39m[90mâ”€[39m[90mâ”€[39m[90mâ”€[39m[90mâ”€[39m[90mâ”€[39m[90mâ”€[39m[90mâ”€[39m[90mâ”€[39m[90mâ”€[39m[90mâ”€[39m[90mâ”€[39m[90mâ”€[39m[90mâ”€[39m[90mâ”€[39m[90mâ”€[39m[90mâ”€[39m[90mâ”€[39m[90mâ”€[39m[90mâ”€[39m[90mâ”€[39m[90mâ”€[39m[90mâ”€[39m[90mâ”€[39m[90mâ”€[39m[90mâ”€[39m[90mâ”€[39m[90mâ”€[39m[90mâ”€[39m[90mâ”€[39m[90mâ”€[39m[90mâ”€[39m[90mâ”€[39m[90mâ”€[39m[90mâ”€[39m[90mâ”€[39m[90mâ”€[39m[90mâ”€[39m[90mâ”€[39m[90mâ”€[39m[90mâ”€[39m[90mâ”€[39m[90mâ”€[39m[90mâ”€[39m[90mâ”€[39m[90mâ”€[39m[90mâ”€[39m[90mâ”€[39m[90mâ”€[39m[90mâ”€[39m[90mâ”€[39m[90mâ”€[39m[90mâ”€[39m[90mâ”€[39m[90mâ”€[39m[90mâ”€[39m[90mâ”€[39m[90mâ”€[39m[90mâ”€[39m[90mâ”€[39m[90mâ”€[39m[90mâ”€[39m[90mâ”€[39m[90mâ”€[39m[90mâ”€[39m[90mâ”[39m
Admin UI E2E (5, chrome)	Run Cypress	2024-10-17T01:06:22.4160694Z [90m  â”‚[39m [32mâœ”[39m  [0mrealm_settings_client_profiles_test[0m      [90m01:14[39m       [0m23[0m       [32m23[39m        [90m-[39m        [90m-[39m        [90m-[39m [90mâ”‚[39m
Admin UI E2E (5, chrome)	Run Cypress	2024-10-17T01:06:22.4162887Z [90m  â”‚[39m    [0m.spec.ts[0m                                                                                    [90mâ”‚[39m
Admin UI E2E (5, chrome)	Run Cypress	2024-10-17T01:06:22.4171603Z [90m  â”œ[39m[90mâ”€[39m[90mâ”€[39m[90mâ”€[39m[90mâ”€[39m[90mâ”€[39m[90mâ”€[39m[90mâ”€[39m[90mâ”€[39m[90mâ”€[39m[90mâ”€[39m[90mâ”€[39m[90mâ”€[39m[90mâ”€[39m[90mâ”€[39m[90mâ”€[39m[90mâ”€[39m[90mâ”€[39m[90mâ”€[39m[90mâ”€[39m[90mâ”€[39m[90mâ”€[39m[90mâ”€[39m[90mâ”€[39m[90mâ”€[39m[90mâ”€[39m[90mâ”€[39m[90mâ”€[39m[90mâ”€[39m[90mâ”€[39m[90mâ”€[39m[90mâ”€[39m[90mâ”€[39m[90mâ”€[39m[90mâ”€[39m[90mâ”€[39m[90mâ”€[39m[90mâ”€[39m[90mâ”€[39m[90mâ”€[39m[90mâ”€[39m[90mâ”€[39m[90mâ”€[39m[90mâ”€[39m[90mâ”€[39m[90mâ”€[39m[90mâ”€[39m[90mâ”€[39m[90mâ”€[39m[90mâ”€[39m[90mâ”€[39m[90mâ”€[39m[90mâ”€[39m[90mâ”€[39m[90mâ”€[39m[90mâ”€[39m[90mâ”€[39m[90mâ”€[39m[90mâ”€[39m[90mâ”€[39m[90mâ”€[39m[90mâ”€[39m[90mâ”€[39m[90mâ”€[39m[90mâ”€[39m[90mâ”€[39m[90mâ”€[39m[90mâ”€[39m[90mâ”€[39m[90mâ”€[39m[90mâ”€[39m[90mâ”€[39m[90mâ”€[39m[90mâ”€[39m[90mâ”€[39m[90mâ”€[39m[90mâ”€[39m[90mâ”€[39m[90mâ”€[39m[90mâ”€[39m[90mâ”€[39m[90mâ”€[39m[90mâ”€[39m[90mâ”€[39m[90mâ”€[39m[90mâ”€[39m[90mâ”€[39m[90mâ”€[39m[90mâ”€[39m[90mâ”€[39m[90mâ”€[39m[90mâ”€[39m[90mâ”€[39m[90mâ”€[39m[90mâ”€[39m[90mâ”€[39m[90mâ”€[39m[90mâ”¤[39m
Admin UI E2E (5, chrome)	Run Cypress	2024-10-17T01:06:22.4180284Z [90m  â”‚[39m [32mâœ”[39m  [0mclients_saml_test.spec.ts[0m                [90m00:32[39m        [0m9[0m        [32m9[39m        [90m-[39m        [90m-[39m        [90m-[39m [90mâ”‚[39m
Admin UI E2E (5, chrome)	Run Cypress	2024-10-17T01:06:22.4192746Z [90m  â”œ[39m[90mâ”€[39m[90mâ”€[39m[90mâ”€[39m[90mâ”€[39m[90mâ”€[39m[90mâ”€[39m[90mâ”€[39m[90mâ”€[39m[90mâ”€[39m[90mâ”€[39m[90mâ”€[39m[90mâ”€[39m[90mâ”€[39m[90mâ”€[39m[90mâ”€[39m[90mâ”€[39m[90mâ”€[39m[90mâ”€[39m[90mâ”€[39m[90mâ”€[39m[90mâ”€[39m[90mâ”€[39m[90mâ”€[39m[90mâ”€[39m[90mâ”€[39m[90mâ”€[39m[90mâ”€[39m[90mâ”€[39m[90mâ”€[39m[90mâ”€[39m[90mâ”€[39m[90mâ”€[39m[90mâ”€[39m[90mâ”€[39m[90mâ”€[39m[90mâ”€[39m[90mâ”€[39m[90mâ”€[39m[90mâ”€[39m[90mâ”€[39m[90mâ”€[39m[90mâ”€[39m[90mâ”€[39m[90mâ”€[39m[90mâ”€[39m[90mâ”€[39m[90mâ”€[39m[90mâ”€[39m[90mâ”€[39m[90mâ”€[39m[90mâ”€[39m[90mâ”€[39m[90mâ”€[39m[90mâ”€[39m[90mâ”€[39m[90mâ”€[39m[90mâ”€[39m[90mâ”€[39m[90mâ”€[39m[90mâ”€[39m[90mâ”€[39m[90mâ”€[39m[90mâ”€[39m[90mâ”€[39m[90mâ”€[39m[90mâ”€[39m[90mâ”€[39m[90mâ”€[39m[90mâ”€[39m[90mâ”€[39m[90mâ”€[39m[90mâ”€[39m[90mâ”€[39m[90mâ”€[39m[90mâ”€[39m[90mâ”€[39m[90mâ”€[39m[90mâ”€[39m[90mâ”€[39m[90mâ”€[39m[90mâ”€[39m[90mâ”€[39m[90mâ”€[39m[90mâ”€[39m[90mâ”€[39m[90mâ”€[39m[90mâ”€[39m[90mâ”€[39m[90mâ”€[39m[90mâ”€[39m[90mâ”€[39m[90mâ”€[39m[90mâ”€[39m[90mâ”€[39m[90mâ”€[39m[90mâ”€[39m[90mâ”¤[39m
Admin UI E2E (5, chrome)	Run Cypress	2024-10-17T01:06:22.4209566Z [90m  â”‚[39m [32mâœ”[39m  [0midentity_providers_oidc_test.spec.t[0m      [90m00:30[39m        [0m6[0m        [32m6[39m        [90m-[39m        [90m-[39m        [90m-[39m [90mâ”‚[39m
Admin UI E2E (5, chrome)	Run Cypress	2024-10-17T01:06:22.4211553Z [90m  â”‚[39m    [0ms[0m                                                                                           [90mâ”‚[39m
Admin UI E2E (5, chrome)	Run Cypress	2024-10-17T01:06:22.4220167Z [90m  â”œ[39m[90mâ”€[39m[90mâ”€[39m[90mâ”€[39m[90mâ”€[39m[90mâ”€[39m[90mâ”€[39m[90mâ”€[39m[90mâ”€[39m[90mâ”€[39m[90mâ”€[39m[90mâ”€[39m[90mâ”€[39m[90mâ”€[39m[90mâ”€[39m[90mâ”€[39m[90mâ”€[39m[90mâ”€[39m[90mâ”€[39m[90mâ”€[39m[90mâ”€[39m[90mâ”€[39m[90mâ”€[39m[90mâ”€[39m[90mâ”€[39m[90mâ”€[39m[90mâ”€[39m[90mâ”€[39m[90mâ”€[39m[90mâ”€[39m[90mâ”€[39m[90mâ”€[39m[90mâ”€[39m[90mâ”€[39m[90mâ”€[39m[90mâ”€[39m[90mâ”€[39m[90mâ”€[39m[90mâ”€[39m[90mâ”€[39m[90mâ”€[39m[90mâ”€[39m[90mâ”€[39m[90mâ”€[39m[90mâ”€[39m[90mâ”€[39m[90mâ”€[39m[90mâ”€[39m[90mâ”€[39m[90mâ”€[39m[90mâ”€[39m[90mâ”€[39m[90mâ”€[39m[90mâ”€[39m[90mâ”€[39m[90mâ”€[39m[90mâ”€[39m[90mâ”€[39m[90mâ”€[39m[90mâ”€[39m[90mâ”€[39m[90mâ”€[39m[90mâ”€[39m[90mâ”€[39m[90mâ”€[39m[90mâ”€[39m[90mâ”€[39m[90mâ”€[39m[90mâ”€[39m[90mâ”€[39m[90mâ”€[39m[90mâ”€[39m[90mâ”€[39m[90mâ”€[39m[90mâ”€[39m[90mâ”€[39m[90mâ”€[39m[90mâ”€[39m[90mâ”€[39m[90mâ”€[39m[90mâ”€[39m[90mâ”€[39m[90mâ”€[39m[90mâ”€[39m[90mâ”€[39m[90mâ”€[39m[90mâ”€[39m[90mâ”€[39m[90mâ”€[39m[90mâ”€[39m[90mâ”€[39m[90mâ”€[39m[90mâ”€[39m[90mâ”€[39m[90mâ”€[39m[90mâ”€[39m[90mâ”€[39m[90mâ”¤[39m
Admin UI E2E (5, chrome)	Run Cypress	2024-10-17T01:06:22.4249159Z [90m  â”‚[39m [31mâœ–[39m  [0mclients_test.spec.ts[0m                     [90m04:00[39m       [0m64[0m       [32m63[39m        [31m1[39m        [90m-[39m        [90m-[39m [90mâ”‚[39m
Admin UI E2E (5, chrome)	Run Cypress	2024-10-17T01:06:22.4258150Z [90m  â”œ[39m[90mâ”€[39m[90mâ”€[39m[90mâ”€[39m[90mâ”€[39m[90mâ”€[39m[90mâ”€[39m[90mâ”€[39m[90mâ”€[39m[90mâ”€[39m[90mâ”€[39m[90mâ”€[39m[90mâ”€[39m[90mâ”€[39m[90mâ”€[39m[90mâ”€[39m[90mâ”€[39m[90mâ”€[39m[90mâ”€[39m[90mâ”€[39m[90mâ”€[39m[90mâ”€[39m[90mâ”€[39m[90mâ”€[39m[90mâ”€[39m[90mâ”€[39m[90mâ”€[39m[90mâ”€[39m[90mâ”€[39m[90mâ”€[39m[90mâ”€[39m[90mâ”€[39m[90mâ”€[39m[90mâ”€[39m[90mâ”€[39m[90mâ”€[39m[90mâ”€[39m[90mâ”€[39m[90mâ”€[39m[90mâ”€[39m[90mâ”€[39m[90mâ”€[39m[90mâ”€[39m[90mâ”€[39m[90mâ”€[39m[90mâ”€[39m[90mâ”€[39m[90mâ”€[39m[90mâ”€[39m[90mâ”€[39m[90mâ”€[39m[90mâ”€[39m[90mâ”€[39m[90mâ”€[39m[90mâ”€[39m[90mâ”€[39m[90mâ”€[39m[90mâ”€[39m[90mâ”€[39m[90mâ”€[39m[90mâ”€[39m[90mâ”€[39m[90mâ”€[39m[90mâ”€[39m[90mâ”€[39m[90mâ”€[39m[90mâ”€[39m[90mâ”€[39m[90mâ”€[39m[90mâ”€[39m[90mâ”€[39m[90mâ”€[39m[90mâ”€[39m[90mâ”€[39m[90mâ”€[39m[90mâ”€[39m[90mâ”€[39m[90mâ”€[39m[90mâ”€[39m[90mâ”€[39m[90mâ”€[39m[90mâ”€[39m[90mâ”€[39m[90mâ”€[39m[90mâ”€[39m[90mâ”€[39m[90mâ”€[39m[90mâ”€[39m[90mâ”€[39m[90mâ”€[39m[90mâ”€[39m[90mâ”€[39m[90mâ”€[39m[90mâ”€[39m[90mâ”€[39m[90mâ”€[39m[90mâ”€[39m[90mâ”¤[39m
Admin UI E2E (5, chrome)	Run Cypress	2024-10-17T01:06:22.4265467Z [90m  â”‚[39m [32mâœ”[39m  [0musers_attribute_search_test.spec.ts[0m      [90m00:07[39m        [0m2[0m        [32m2[39m        [90m-[39m        [90m-[39m        [90m-[39m [90mâ”‚[39m
Admin UI E2E (5, chrome)	Run Cypress	2024-10-17T01:06:22.4277664Z [90m  â”œ[39m[90mâ”€[39m[90mâ”€[39m[90mâ”€[39m[90mâ”€[39m[90mâ”€[39m[90mâ”€[39m[90mâ”€[39m[90mâ”€[39m[90mâ”€[39m[90mâ”€[39m[90mâ”€[39m[90mâ”€[39m[90mâ”€[39m[90mâ”€[39m[90mâ”€[39m[90mâ”€[39m[90mâ”€[39m[90mâ”€[39m[90mâ”€[39m[90mâ”€[39m[90mâ”€[39m[90mâ”€[39m[90mâ”€[39m[90mâ”€[39m[90mâ”€[39m[90mâ”€[39m[90mâ”€[39m[90mâ”€[39m[90mâ”€[39m[90mâ”€[39m[90mâ”€[39m[90mâ”€[39m[90mâ”€[39m[90mâ”€[39m[90mâ”€[39m[90mâ”€[39m[90mâ”€[39m[90mâ”€[39m[90mâ”€[39m[90mâ”€[39m[90mâ”€[39m[90mâ”€[39m[90mâ”€[39m[90mâ”€[39m[90mâ”€[39m[90mâ”€[39m[90mâ”€[39m[90mâ”€[39m[90mâ”€[39m[90mâ”€[39m[90mâ”€[39m[90mâ”€[39m[90mâ”€[39m[90mâ”€[39m[90mâ”€[39m[90mâ”€[39m[90mâ”€[39m[90mâ”€[39m[90mâ”€[39m[90mâ”€[39m[90mâ”€[39m[90mâ”€[39m[90mâ”€[39m[90mâ”€[39m[90mâ”€[39m[90mâ”€[39m[90mâ”€[39m[90mâ”€[39m[90mâ”€[39m[90mâ”€[39m[90mâ”€[39m[90mâ”€[39m[90mâ”€[39m[90mâ”€[39m[90mâ”€[39m[90mâ”€[39m[90mâ”€[39m[90mâ”€[39m[90mâ”€[39m[90mâ”€[39m[90mâ”€[39m[90mâ”€[39m[90mâ”€[39m[90mâ”€[39m[90mâ”€[39m[90mâ”€[39m[90mâ”€[39m[90mâ”€[39m[90mâ”€[39m[90mâ”€[39m[90mâ”€[39m[90mâ”€[39m[90mâ”€[39m[90mâ”€[39m[90mâ”€[39m[90mâ”€[39m[90mâ”¤[39m
Admin UI E2E (5, chrome)	Run Cypress	2024-10-17T01:06:22.4285688Z [90m  â”‚[39m [32mâœ”[39m  [0mpartial_export_test.spec.ts[0m              [90m00:08[39m        [0m3[0m        [32m3[39m        [90m-[39m        [90m-[39m        [90m-[39m [90mâ”‚[39m
Admin UI E2E (5, chrome)	Run Cypress	2024-10-17T01:06:22.4295066Z [90m  â”œ[39m[90mâ”€[39m[90mâ”€[39m[90mâ”€[39m[90mâ”€[39m[90mâ”€[39m[90mâ”€[39m[90mâ”€[39m[90mâ”€[39m[90mâ”€[39m[90mâ”€[39m[90mâ”€[39m[90mâ”€[39m[90mâ”€[39m[90mâ”€[39m[90mâ”€[39m[90mâ”€[39m[90mâ”€[39m[90mâ”€[39m[90mâ”€[39m[90mâ”€[39m[90mâ”€[39m[90mâ”€[39m[90mâ”€[39m[90mâ”€[39m[90mâ”€[39m[90mâ”€[39m[90mâ”€[39m[90mâ”€[39m[90mâ”€[39m[90mâ”€[39m[90mâ”€[39m[90mâ”€[39m[90mâ”€[39m[90mâ”€[39m[90mâ”€[39m[90mâ”€[39m[90mâ”€[39m[90mâ”€[39m[90mâ”€[39m[90mâ”€[39m[90mâ”€[39m[90mâ”€[39m[90mâ”€[39m[90mâ”€[39m[90mâ”€[39m[90mâ”€[39m[90mâ”€[39m[90mâ”€[39m[90mâ”€[39m[90mâ”€[39m[90mâ”€[39m[90mâ”€[39m[90mâ”€[39m[90mâ”€[39m[90mâ”€[39m[90mâ”€[39m[90mâ”€[39m[90mâ”€[39m[90mâ”€[39m[90mâ”€[39m[90mâ”€[39m[90mâ”€[39m[90mâ”€[39m[90mâ”€[39m[90mâ”€[39m[90mâ”€[39m[90mâ”€[39m[90mâ”€[39m[90mâ”€[39m[90mâ”€[39m[90mâ”€[39m[90mâ”€[39m[90mâ”€[39m[90mâ”€[39m[90mâ”€[39m[90mâ”€[39m[90mâ”€[39m[90mâ”€[39m[90mâ”€[39m[90mâ”€[39m[90mâ”€[39m[90mâ”€[39m[90mâ”€[39m[90mâ”€[39m[90mâ”€[39m[90mâ”€[39m[90mâ”€[39m[90mâ”€[39m[90mâ”€[39m[90mâ”€[39m[90mâ”€[39m[90mâ”€[39m[90mâ”€[39m[90mâ”€[39m[90mâ”€[39m[90mâ”€[39m[90mâ”¤[39m
Admin UI E2E (5, chrome)	Run Cypress	2024-10-17T01:06:22.4302601Z [90m  â”‚[39m [32mâœ”[39m  [0mauthentication_test.spec.ts[0m              [90m01:20[39m       [0m36[0m       [32m35[39m        [90m-[39m        [36m1[39m        [90m-[39m [90mâ”‚[39m
Admin UI E2E (5, chrome)	Run Cypress	2024-10-17T01:06:22.4312202Z [90m  â””[39m[90mâ”€[39m[90mâ”€[39m[90mâ”€[39m[90mâ”€[39m[90mâ”€[39m[90mâ”€[39m[90mâ”€[39m[90mâ”€[39m[90mâ”€[39m[90mâ”€[39m[90mâ”€[39m[90mâ”€[39m[90mâ”€[39m[90mâ”€[39m[90mâ”€[39m[90mâ”€[39m[90mâ”€[39m[90mâ”€[39m[90mâ”€[39m[90mâ”€[39m[90mâ”€[39m[90mâ”€[39m[90mâ”€[39m[90mâ”€[39m[90mâ”€[39m[90mâ”€[39m[90mâ”€[39m[90mâ”€[39m[90mâ”€[39m[90mâ”€[39m[90mâ”€[39m[90mâ”€[39m[90mâ”€[39m[90mâ”€[39m[90mâ”€[39m[90mâ”€[39m[90mâ”€[39m[90mâ”€[39m[90mâ”€[39m[90mâ”€[39m[90mâ”€[39m[90mâ”€[39m[90mâ”€[39m[90mâ”€[39m[90mâ”€[39m[90mâ”€[39m[90mâ”€[39m[90mâ”€[39m[90mâ”€[39m[90mâ”€[39m[90mâ”€[39m[90mâ”€[39m[90mâ”€[39m[90mâ”€[39m[90mâ”€[39m[90mâ”€[39m[90mâ”€[39m[90mâ”€[39m[90mâ”€[39m[90mâ”€[39m[90mâ”€[39m[90mâ”€[39m[90mâ”€[39m[90mâ”€[39m[90mâ”€[39m[90mâ”€[39m[90mâ”€[39m[90mâ”€[39m[90mâ”€[39m[90mâ”€[39m[90mâ”€[39m[90mâ”€[39m[90mâ”€[39m[90mâ”€[39m[90mâ”€[39m[90mâ”€[39m[90mâ”€[39m[90mâ”€[39m[90mâ”€[39m[90mâ”€[39m[90mâ”€[39m[90mâ”€[39m[90mâ”€[39m[90mâ”€[39m[90mâ”€[39m[90mâ”€[39m[90mâ”€[39m[90mâ”€[39m[90mâ”€[39m[90mâ”€[39m[90mâ”€[39m[90mâ”€[39m[90mâ”€[39m[90mâ”€[39m[90mâ”€[39m[90mâ”€[39m[90mâ”˜[39m
Admin UI E2E (5, chrome)	Run Cypress	2024-10-17T01:06:22.4320121Z [90m   [39m [31mâœ–[39m  [31m1 of 7 failed (14%)[39m                      [90m07:55[39m      [0m143[0m      [32m141[39m        [31m1[39m        [36m1[39m        [90m-[39m [90m [39m
Admin UI E2E (5, chrome)	Run Cypress	2024-10-17T01:06:22.4321279Z 
Admin UI E2E (5, chrome)	Run Cypress	2024-10-17T01:06:22.5276519Z ##[error]Cypress tests: 1 failed
Status Check - Keycloak JavaScript CI	Run /./.github/actions/status-check	2024-10-17T01:08:20.6126644Z Prepare all required actions
Status Check - Keycloak JavaScript CI	Run /./.github/actions/status-check	2024-10-17T01:08:20.6215066Z ##[group]Run ./.github/actions/status-check
Status Check - Keycloak JavaScript CI	Run /./.github/actions/status-check	2024-10-17T01:08:20.6215624Z with:
Status Check - Keycloak JavaScript CI	Run /./.github/actions/status-check	2024-10-17T01:08:20.6217291Z   jobs: {
Status Check - Keycloak JavaScript CI	Run /./.github/actions/status-check	  "conditional": {
Status Check - Keycloak JavaScript CI	Run /./.github/actions/status-check	    "result": "success",
Status Check - Keycloak JavaScript CI	Run /./.github/actions/status-check	    "outputs": {
Status Check - Keycloak JavaScript CI	Run /./.github/actions/status-check	      "js-ci": "true"
Status Check - Keycloak JavaScript CI	Run /./.github/actions/status-check	    }
Status Check - Keycloak JavaScript CI	Run /./.github/actions/status-check	  },
Status Check - Keycloak JavaScript CI	Run /./.github/actions/status-check	  "build-keycloak": {
Status Check - Keycloak JavaScript CI	Run /./.github/actions/status-check	    "result": "success",
Status Check - Keycloak JavaScript CI	Run /./.github/actions/status-check	    "outputs": {}
Status Check - Keycloak JavaScript CI	Run /./.github/actions/status-check	  },
Status Check - Keycloak JavaScript CI	Run /./.github/actions/status-check	  "admin-client": {
Status Check - Keycloak JavaScript CI	Run /./.github/actions/status-check	    "result": "success",
Status Check - Keycloak JavaScript CI	Run /./.github/actions/status-check	    "outputs": {}
Status Check - Keycloak JavaScript CI	Run /./.github/actions/status-check	  },
Status Check - Keycloak JavaScript CI	Run /./.github/actions/status-check	  "ui-shared": {
Status Check - Keycloak JavaScript CI	Run /./.github/actions/status-check	    "result": "success",
Status Check - Keycloak JavaScript CI	Run /./.github/actions/status-check	    "outputs": {}
Status Check - Keycloak JavaScript CI	Run /./.github/actions/status-check	  },
Status Check - Keycloak JavaScript CI	Run /./.github/actions/status-check	  "account-ui": {
Status Check - Keycloak JavaScript CI	Run /./.github/actions/status-check	    "result": "success",
Status Check - Keycloak JavaScript CI	Run /./.github/actions/status-check	    "outputs": {}
Status Check - Keycloak JavaScript CI	Run /./.github/actions/status-check	  },
Status Check - Keycloak JavaScript CI	Run /./.github/actions/status-check	  "account-ui-e2e": {
Status Check - Keycloak JavaScript CI	Run /./.github/actions/status-check	    "result": "success",
Status Check - Keycloak JavaScript CI	Run /./.github/actions/status-check	    "outputs": {}
Status Check - Keycloak JavaScript CI	Run /./.github/actions/status-check	  },
Status Check - Keycloak JavaScript CI	Run /./.github/actions/status-check	  "admin-ui": {
Status Check - Keycloak JavaScript CI	Run /./.github/actions/status-check	    "result": "success",
Status Check - Keycloak JavaScript CI	Run /./.github/actions/status-check	    "outputs": {}
Status Check - Keycloak JavaScript CI	Run /./.github/actions/status-check	  },
Status Check - Keycloak JavaScript CI	Run /./.github/actions/status-check	  "admin-ui-e2e": {
Status Check - Keycloak JavaScript CI	Run /./.github/actions/status-check	    "result": "failure",
Status Check - Keycloak JavaScript CI	Run /./.github/actions/status-check	    "outputs": {}
Status Check - Keycloak JavaScript CI	Run /./.github/actions/status-check	  }
Status Check - Keycloak JavaScript CI	Run /./.github/actions/status-check	}
Status Check - Keycloak JavaScript CI	Run /./.github/actions/status-check	2024-10-17T01:08:20.6219031Z env:
Status Check - Keycloak JavaScript CI	Run /./.github/actions/status-check	2024-10-17T01:08:20.6219503Z   MAVEN_ARGS: -B -nsu -Daether.connector.http.connectionMaxTtl=25
Status Check - Keycloak JavaScript CI	Run /./.github/actions/status-check	2024-10-17T01:08:20.6220051Z ##[endgroup]
Status Check - Keycloak JavaScript CI	Run /./.github/actions/status-check	2024-10-17T01:08:20.6477812Z ##[group]Run JOBS='{
Status Check - Keycloak JavaScript CI	Run /./.github/actions/status-check	2024-10-17T01:08:20.6478304Z [36;1mJOBS='{[0m
Status Check - Keycloak JavaScript CI	Run /./.github/actions/status-check	2024-10-17T01:08:20.6478876Z [36;1m  "conditional": {[0m
Status Check - Keycloak JavaScript CI	Run /./.github/actions/status-check	2024-10-17T01:08:20.6479276Z [36;1m    "result": "success",[0m
Status Check - Keycloak JavaScript CI	Run /./.github/actions/status-check	2024-10-17T01:08:20.6479649Z [36;1m    "outputs": {[0m
Status Check - Keycloak JavaScript CI	Run /./.github/actions/status-check	2024-10-17T01:08:20.6480106Z [36;1m      "js-ci": "true"[0m
Status Check - Keycloak JavaScript CI	Run /./.github/actions/status-check	2024-10-17T01:08:20.6480482Z [36;1m    }[0m
Status Check - Keycloak JavaScript CI	Run /./.github/actions/status-check	2024-10-17T01:08:20.6480776Z [36;1m  },[0m
Status Check - Keycloak JavaScript CI	Run /./.github/actions/status-check	2024-10-17T01:08:20.6481172Z [36;1m  "build-keycloak": {[0m
Status Check - Keycloak JavaScript CI	Run /./.github/actions/status-check	2024-10-17T01:08:20.6481568Z [36;1m    "result": "success",[0m
Status Check - Keycloak JavaScript CI	Run /./.github/actions/status-check	2024-10-17T01:08:20.6481938Z [36;1m    "outputs": {}[0m
Status Check - Keycloak JavaScript CI	Run /./.github/actions/status-check	2024-10-17T01:08:20.6482358Z [36;1m  },[0m
Status Check - Keycloak JavaScript CI	Run /./.github/actions/status-check	2024-10-17T01:08:20.6482732Z [36;1m  "admin-client": {[0m
Status Check - Keycloak JavaScript CI	Run /./.github/actions/status-check	2024-10-17T01:08:20.6483090Z [36;1m    "result": "success",[0m
Status Check - Keycloak JavaScript CI	Run /./.github/actions/status-check	2024-10-17T01:08:20.6483546Z [36;1m    "outputs": {}[0m
Status Check - Keycloak JavaScript CI	Run /./.github/actions/status-check	2024-10-17T01:08:20.6483906Z [36;1m  },[0m
Status Check - Keycloak JavaScript CI	Run /./.github/actions/status-check	2024-10-17T01:08:20.6484206Z [36;1m  "ui-shared": {[0m
Status Check - Keycloak JavaScript CI	Run /./.github/actions/status-check	2024-10-17T01:08:20.6484624Z [36;1m    "result": "success",[0m
Status Check - Keycloak JavaScript CI	Run /./.github/actions/status-check	2024-10-17T01:08:20.6485035Z [36;1m    "outputs": {}[0m
Status Check - Keycloak JavaScript CI	Run /./.github/actions/status-check	2024-10-17T01:08:20.6485353Z [36;1m  },[0m
Status Check - Keycloak JavaScript CI	Run /./.github/actions/status-check	2024-10-17T01:08:20.6485738Z [36;1m  "account-ui": {[0m
Status Check - Keycloak JavaScript CI	Run /./.github/actions/status-check	2024-10-17T01:08:20.6486120Z [36;1m    "result": "success",[0m
Status Check - Keycloak JavaScript CI	Run /./.github/actions/status-check	2024-10-17T01:08:20.6486469Z [36;1m    "outputs": {}[0m
Status Check - Keycloak JavaScript CI	Run /./.github/actions/status-check	2024-10-17T01:08:20.6486885Z [36;1m  },[0m
Status Check - Keycloak JavaScript CI	Run /./.github/actions/status-check	2024-10-17T01:08:20.6487284Z [36;1m  "account-ui-e2e": {[0m
Status Check - Keycloak JavaScript CI	Run /./.github/actions/status-check	2024-10-17T01:08:20.6487640Z [36;1m    "result": "success",[0m
Status Check - Keycloak JavaScript CI	Run /./.github/actions/status-check	2024-10-17T01:08:20.6488386Z [36;1m    "outputs": {}[0m
Status Check - Keycloak JavaScript CI	Run /./.github/actions/status-check	2024-10-17T01:08:20.6488766Z [36;1m  },[0m
Status Check - Keycloak JavaScript CI	Run /./.github/actions/status-check	2024-10-17T01:08:20.6489048Z [36;1m  "admin-ui": {[0m
Status Check - Keycloak JavaScript CI	Run /./.github/actions/status-check	2024-10-17T01:08:20.6489469Z [36;1m    "result": "success",[0m
Status Check - Keycloak JavaScript CI	Run /./.github/actions/status-check	2024-10-17T01:08:20.6489873Z [36;1m    "outputs": {}[0m
Status Check - Keycloak JavaScript CI	Run /./.github/actions/status-check	2024-10-17T01:08:20.6490185Z [36;1m  },[0m
Status Check - Keycloak JavaScript CI	Run /./.github/actions/status-check	2024-10-17T01:08:20.6490572Z [36;1m  "admin-ui-e2e": {[0m
Status Check - Keycloak JavaScript CI	Run /./.github/actions/status-check	2024-10-17T01:08:20.6490973Z [36;1m    "result": "failure",[0m
Status Check - Keycloak JavaScript CI	Run /./.github/actions/status-check	2024-10-17T01:08:20.6491321Z [36;1m    "outputs": {}[0m
Status Check - Keycloak JavaScript CI	Run /./.github/actions/status-check	2024-10-17T01:08:20.6491743Z [36;1m  }[0m
Status Check - Keycloak JavaScript CI	Run /./.github/actions/status-check	2024-10-17T01:08:20.6492090Z [36;1m}'[0m
Status Check - Keycloak JavaScript CI	Run /./.github/actions/status-check	2024-10-17T01:08:20.6492361Z [36;1m[0m
Status Check - Keycloak JavaScript CI	Run /./.github/actions/status-check	2024-10-17T01:08:20.6492743Z [36;1mecho "Job status:"[0m
Status Check - Keycloak JavaScript CI	Run /./.github/actions/status-check	2024-10-17T01:08:20.6493274Z [36;1mecho $JOBS | jq -r 'to_entries[] | " - \(.key): \(.value.result)"'[0m
Status Check - Keycloak JavaScript CI	Run /./.github/actions/status-check	2024-10-17T01:08:20.6493770Z [36;1m[0m
Status Check - Keycloak JavaScript CI	Run /./.github/actions/status-check	2024-10-17T01:08:20.6494293Z [36;1mfor i in $(echo $JOBS | jq -r 'to_entries[] | .value.result'); do[0m
Status Check - Keycloak JavaScript CI	Run /./.github/actions/status-check	2024-10-17T01:08:20.6494933Z [36;1m  if [ "$i" != "success" ] && [ "$i" != "skipped" ]; then[0m
Status Check - Keycloak JavaScript CI	Run /./.github/actions/status-check	2024-10-17T01:08:20.6495388Z [36;1m    echo ""[0m
Status Check - Keycloak JavaScript CI	Run /./.github/actions/status-check	2024-10-17T01:08:20.6495864Z [36;1m    echo "Status check not okay!"[0m
Status Check - Keycloak JavaScript CI	Run /./.github/actions/status-check	2024-10-17T01:08:20.6496286Z [36;1m    exit 1[0m
Status Check - Keycloak JavaScript CI	Run /./.github/actions/status-check	2024-10-17T01:08:20.6496623Z [36;1m  fi[0m
Status Check - Keycloak JavaScript CI	Run /./.github/actions/status-check	2024-10-17T01:08:20.6496977Z [36;1mdone[0m
Status Check - Keycloak JavaScript CI	Run /./.github/actions/status-check	2024-10-17T01:08:20.6583213Z shell: /usr/bin/bash --noprofile --norc -e -o pipefail {0}
Status Check - Keycloak JavaScript CI	Run /./.github/actions/status-check	2024-10-17T01:08:20.6583981Z env:
Status Check - Keycloak JavaScript CI	Run /./.github/actions/status-check	2024-10-17T01:08:20.6584443Z   MAVEN_ARGS: -B -nsu -Daether.connector.http.connectionMaxTtl=25
Status Check - Keycloak JavaScript CI	Run /./.github/actions/status-check	2024-10-17T01:08:20.6585058Z ##[endgroup]
Status Check - Keycloak JavaScript CI	Run /./.github/actions/status-check	2024-10-17T01:08:20.6727898Z Job status:
Status Check - Keycloak JavaScript CI	Run /./.github/actions/status-check	2024-10-17T01:08:20.7633595Z  - conditional: success
Status Check - Keycloak JavaScript CI	Run /./.github/actions/status-check	2024-10-17T01:08:20.7634261Z  - build-keycloak: success
Status Check - Keycloak JavaScript CI	Run /./.github/actions/status-check	2024-10-17T01:08:20.7635492Z  - admin-client: success
Status Check - Keycloak JavaScript CI	Run /./.github/actions/status-check	2024-10-17T01:08:20.7635921Z  - ui-shared: success
Status Check - Keycloak JavaScript CI	Run /./.github/actions/status-check	2024-10-17T01:08:20.7636304Z  - account-ui: success
Status Check - Keycloak JavaScript CI	Run /./.github/actions/status-check	2024-10-17T01:08:20.7636733Z  - account-ui-e2e: success
Status Check - Keycloak JavaScript CI	Run /./.github/actions/status-check	2024-10-17T01:08:20.7637133Z  - admin-ui: success
Status Check - Keycloak JavaScript CI	Run /./.github/actions/status-check	2024-10-17T01:08:20.7637521Z  - admin-ui-e2e: failure
Status Check - Keycloak JavaScript CI	Run /./.github/actions/status-check	2024-10-17T01:08:20.7842100Z 
Status Check - Keycloak JavaScript CI	Run /./.github/actions/status-check	2024-10-17T01:08:20.7842421Z Status check not okay!
Status Check - Keycloak JavaScript CI	Run /./.github/actions/status-check	2024-10-17T01:08:20.7858328Z ##[error]Process completed with exit code 1.
