Test remote (slow)	UNKNOWN STEP	ï»¿2025-11-20T19:00:44.6311084Z Current runner version: '2.329.0'
Test remote (slow)	UNKNOWN STEP	2025-11-20T19:00:44.6336008Z ##[group]Runner Image Provisioner
Test remote (slow)	UNKNOWN STEP	2025-11-20T19:00:44.6337503Z Hosted Compute Agent
Test remote (slow)	UNKNOWN STEP	2025-11-20T19:00:44.6338167Z Version: 20251016.436
Test remote (slow)	UNKNOWN STEP	2025-11-20T19:00:44.6338788Z Commit: 8ab8ac8bfd662a3739dab9fe09456aba92132568
Test remote (slow)	UNKNOWN STEP	2025-11-20T19:00:44.6339544Z Build Date: 2025-10-15T20:44:12Z
Test remote (slow)	UNKNOWN STEP	2025-11-20T19:00:44.6340212Z ##[endgroup]
Test remote (slow)	UNKNOWN STEP	2025-11-20T19:00:44.6340744Z ##[group]Operating System
Test remote (slow)	UNKNOWN STEP	2025-11-20T19:00:44.6341323Z Ubuntu
Test remote (slow)	UNKNOWN STEP	2025-11-20T19:00:44.6341849Z 24.04.3
Test remote (slow)	UNKNOWN STEP	2025-11-20T19:00:44.6342290Z LTS
Test remote (slow)	UNKNOWN STEP	2025-11-20T19:00:44.6342753Z ##[endgroup]
Test remote (slow)	UNKNOWN STEP	2025-11-20T19:00:44.6343252Z ##[group]Runner Image
Test remote (slow)	UNKNOWN STEP	2025-11-20T19:00:44.6343846Z Image: ubuntu-24.04
Test remote (slow)	UNKNOWN STEP	2025-11-20T19:00:44.6344327Z Version: 20251112.124.1
Test remote (slow)	UNKNOWN STEP	2025-11-20T19:00:44.6345427Z Included Software: https://github.com/actions/runner-images/blob/ubuntu24/20251112.124/images/ubuntu/Ubuntu2404-Readme.md
Test remote (slow)	UNKNOWN STEP	2025-11-20T19:00:44.6347149Z Image Release: https://github.com/actions/runner-images/releases/tag/ubuntu24%2F20251112.124
Test remote (slow)	UNKNOWN STEP	2025-11-20T19:00:44.6348241Z ##[endgroup]
Test remote (slow)	UNKNOWN STEP	2025-11-20T19:00:44.6349245Z ##[group]GITHUB_TOKEN Permissions
Test remote (slow)	UNKNOWN STEP	2025-11-20T19:00:44.6351339Z Contents: read
Test remote (slow)	UNKNOWN STEP	2025-11-20T19:00:44.6352013Z Metadata: read
Test remote (slow)	UNKNOWN STEP	2025-11-20T19:00:44.6352509Z ##[endgroup]
Test remote (slow)	UNKNOWN STEP	2025-11-20T19:00:44.6354991Z Secret source: None
Test remote (slow)	UNKNOWN STEP	2025-11-20T19:00:44.6356244Z Prepare workflow directory
Test remote (slow)	UNKNOWN STEP	2025-11-20T19:00:44.6767403Z Prepare all required actions
Test remote (slow)	UNKNOWN STEP	2025-11-20T19:00:44.6806250Z Getting action download info
Test remote (slow)	UNKNOWN STEP	2025-11-20T19:00:45.0690647Z Download action repository 'actions/checkout@08c6903cd8c0fde910a37f88322edcfb5dd907a8' (SHA:08c6903cd8c0fde910a37f88322edcfb5dd907a8)
Test remote (slow)	UNKNOWN STEP	2025-11-20T19:00:45.1689185Z Download action repository 'manusa/actions-setup-minikube@b589f2d61bf96695c546929c72b38563e856059d' (SHA:b589f2d61bf96695c546929c72b38563e856059d)
Test remote (slow)	UNKNOWN STEP	2025-11-20T19:00:45.7942674Z Download action repository 'actions/download-artifact@634f93cb2916e3fdff6788551b99b062d0335ce0' (SHA:634f93cb2916e3fdff6788551b99b062d0335ce0)
Test remote (slow)	UNKNOWN STEP	2025-11-20T19:00:46.4300605Z Complete job name: Test remote (slow)
Test remote (slow)	UNKNOWN STEP	2025-11-20T19:00:46.5152262Z ##[group]Run actions/checkout@08c6903cd8c0fde910a37f88322edcfb5dd907a8
Test remote (slow)	UNKNOWN STEP	2025-11-20T19:00:46.5153969Z with:
Test remote (slow)	UNKNOWN STEP	2025-11-20T19:00:46.5154725Z   repository: keycloak/keycloak
Test remote (slow)	UNKNOWN STEP	2025-11-20T19:00:46.5156017Z   token: ***
Test remote (slow)	UNKNOWN STEP	2025-11-20T19:00:46.5157116Z   ssh-strict: true
Test remote (slow)	UNKNOWN STEP	2025-11-20T19:00:46.5157920Z   ssh-user: git
Test remote (slow)	UNKNOWN STEP	2025-11-20T19:00:46.5158702Z   persist-credentials: true
Test remote (slow)	UNKNOWN STEP	2025-11-20T19:00:46.5159566Z   clean: true
Test remote (slow)	UNKNOWN STEP	2025-11-20T19:00:46.5160376Z   sparse-checkout-cone-mode: true
Test remote (slow)	UNKNOWN STEP	2025-11-20T19:00:46.5161343Z   fetch-depth: 1
Test remote (slow)	UNKNOWN STEP	2025-11-20T19:00:46.5162093Z   fetch-tags: false
Test remote (slow)	UNKNOWN STEP	2025-11-20T19:00:46.5162880Z   show-progress: true
Test remote (slow)	UNKNOWN STEP	2025-11-20T19:00:46.5163663Z   lfs: false
Test remote (slow)	UNKNOWN STEP	2025-11-20T19:00:46.5164385Z   submodules: false
Test remote (slow)	UNKNOWN STEP	2025-11-20T19:00:46.5165179Z   set-safe-directory: true
Test remote (slow)	UNKNOWN STEP	2025-11-20T19:00:46.5166337Z env:
Test remote (slow)	UNKNOWN STEP	2025-11-20T19:00:46.5167614Z   MAVEN_ARGS: -B -nsu -Daether.connector.http.connectionMaxTtl=25
Test remote (slow)	UNKNOWN STEP	2025-11-20T19:00:46.5168934Z   MINIKUBE_VERSION: v1.37.0
Test remote (slow)	UNKNOWN STEP	2025-11-20T19:00:46.5169958Z   KUBERNETES_VERSION: v1.32.9
Test remote (slow)	UNKNOWN STEP	2025-11-20T19:00:46.5170893Z   MINIKUBE_MEMORY: 4096
Test remote (slow)	UNKNOWN STEP	2025-11-20T19:00:46.5171700Z ##[endgroup]
Test remote (slow)	UNKNOWN STEP	2025-11-20T19:00:46.6158486Z Syncing repository: keycloak/keycloak
Test remote (slow)	UNKNOWN STEP	2025-11-20T19:00:46.6161178Z ##[group]Getting Git version info
Test remote (slow)	UNKNOWN STEP	2025-11-20T19:00:46.6162516Z Working directory is '/home/runner/work/keycloak/keycloak'
Test remote (slow)	UNKNOWN STEP	2025-11-20T19:00:46.6164385Z [command]/usr/bin/git version
Test remote (slow)	UNKNOWN STEP	2025-11-20T19:00:46.6198057Z git version 2.51.2
Test remote (slow)	UNKNOWN STEP	2025-11-20T19:00:46.6219872Z ##[endgroup]
Test remote (slow)	UNKNOWN STEP	2025-11-20T19:00:46.6235147Z Temporarily overriding HOME='/home/runner/work/_temp/f81ed979-3be1-4b0f-8e99-a61318e524e2' before making global git config changes
Test remote (slow)	UNKNOWN STEP	2025-11-20T19:00:46.6238099Z Adding repository directory to the temporary git global config as a safe directory
Test remote (slow)	UNKNOWN STEP	2025-11-20T19:00:46.6240790Z [command]/usr/bin/git config --global --add safe.directory /home/runner/work/keycloak/keycloak
Test remote (slow)	UNKNOWN STEP	2025-11-20T19:00:46.6283058Z Deleting the contents of '/home/runner/work/keycloak/keycloak'
Test remote (slow)	UNKNOWN STEP	2025-11-20T19:00:46.6287109Z ##[group]Initializing the repository
Test remote (slow)	UNKNOWN STEP	2025-11-20T19:00:46.6292125Z [command]/usr/bin/git init /home/runner/work/keycloak/keycloak
Test remote (slow)	UNKNOWN STEP	2025-11-20T19:00:46.6430523Z hint: Using 'master' as the name for the initial branch. This default branch name
Test remote (slow)	UNKNOWN STEP	2025-11-20T19:00:46.6433247Z hint: is subject to change. To configure the initial branch name to use in all
Test remote (slow)	UNKNOWN STEP	2025-11-20T19:00:46.6435492Z hint: of your new repositories, which will suppress this warning, call:
Test remote (slow)	UNKNOWN STEP	2025-11-20T19:00:46.6437437Z hint:
Test remote (slow)	UNKNOWN STEP	2025-11-20T19:00:46.6438416Z hint: 	git config --global init.defaultBranch <name>
Test remote (slow)	UNKNOWN STEP	2025-11-20T19:00:46.6439631Z hint:
Test remote (slow)	UNKNOWN STEP	2025-11-20T19:00:46.6440797Z hint: Names commonly chosen instead of 'master' are 'main', 'trunk' and
Test remote (slow)	UNKNOWN STEP	2025-11-20T19:00:46.6442772Z hint: 'development'. The just-created branch can be renamed via this command:
Test remote (slow)	UNKNOWN STEP	2025-11-20T19:00:46.6444300Z hint:
Test remote (slow)	UNKNOWN STEP	2025-11-20T19:00:46.6445069Z hint: 	git branch -m <name>
Test remote (slow)	UNKNOWN STEP	2025-11-20T19:00:46.6445945Z hint:
Test remote (slow)	UNKNOWN STEP	2025-11-20T19:00:46.6447441Z hint: Disable this message with "git config set advice.defaultBranchName false"
Test remote (slow)	UNKNOWN STEP	2025-11-20T19:00:46.6450904Z Initialized empty Git repository in /home/runner/work/keycloak/keycloak/.git/
Test remote (slow)	UNKNOWN STEP	2025-11-20T19:00:46.6464395Z [command]/usr/bin/git remote add origin https://github.com/keycloak/keycloak
Test remote (slow)	UNKNOWN STEP	2025-11-20T19:00:46.6538324Z ##[endgroup]
Test remote (slow)	UNKNOWN STEP	2025-11-20T19:00:46.6541027Z ##[group]Disabling automatic garbage collection
Test remote (slow)	UNKNOWN STEP	2025-11-20T19:00:46.6543586Z [command]/usr/bin/git config --local gc.auto 0
Test remote (slow)	UNKNOWN STEP	2025-11-20T19:00:46.6576817Z ##[endgroup]
Test remote (slow)	UNKNOWN STEP	2025-11-20T19:00:46.6584131Z ##[group]Setting up auth
Test remote (slow)	UNKNOWN STEP	2025-11-20T19:00:46.6586785Z [command]/usr/bin/git config --local --name-only --get-regexp core\.sshCommand
Test remote (slow)	UNKNOWN STEP	2025-11-20T19:00:46.6622703Z [command]/usr/bin/git submodule foreach --recursive sh -c "git config --local --name-only --get-regexp 'core\.sshCommand' && git config --local --unset-all 'core.sshCommand' || :"
Test remote (slow)	UNKNOWN STEP	2025-11-20T19:00:46.7011962Z [command]/usr/bin/git config --local --name-only --get-regexp http\.https\:\/\/github\.com\/\.extraheader
Test remote (slow)	UNKNOWN STEP	2025-11-20T19:00:46.7050354Z [command]/usr/bin/git submodule foreach --recursive sh -c "git config --local --name-only --get-regexp 'http\.https\:\/\/github\.com\/\.extraheader' && git config --local --unset-all 'http.https://github.com/.extraheader' || :"
Test remote (slow)	UNKNOWN STEP	2025-11-20T19:00:46.7280315Z [command]/usr/bin/git config --local http.https://github.com/.extraheader AUTHORIZATION: basic ***
Test remote (slow)	UNKNOWN STEP	2025-11-20T19:00:46.7317858Z ##[endgroup]
Test remote (slow)	UNKNOWN STEP	2025-11-20T19:00:46.7319519Z ##[group]Fetching the repository
Test remote (slow)	UNKNOWN STEP	2025-11-20T19:00:46.7328392Z [command]/usr/bin/git -c protocol.version=2 fetch --no-tags --prune --no-recurse-submodules --depth=1 origin +d232fe07d124cdf88036648592af20ef30880133:refs/remotes/pull/44366/merge
Test remote (slow)	UNKNOWN STEP	2025-11-20T19:00:48.3579384Z From https://github.com/keycloak/keycloak
Test remote (slow)	UNKNOWN STEP	2025-11-20T19:00:48.3580473Z  * [new ref]         d232fe07d124cdf88036648592af20ef30880133 -> pull/44366/merge
Test remote (slow)	UNKNOWN STEP	2025-11-20T19:00:48.3617274Z ##[endgroup]
Test remote (slow)	UNKNOWN STEP	2025-11-20T19:00:48.3617863Z ##[group]Determining the checkout info
Test remote (slow)	UNKNOWN STEP	2025-11-20T19:00:48.3620625Z ##[endgroup]
Test remote (slow)	UNKNOWN STEP	2025-11-20T19:00:48.3627128Z [command]/usr/bin/git sparse-checkout disable
Test remote (slow)	UNKNOWN STEP	2025-11-20T19:00:48.3679769Z [command]/usr/bin/git config --local --unset-all extensions.worktreeConfig
Test remote (slow)	UNKNOWN STEP	2025-11-20T19:00:48.3711168Z ##[group]Checking out the ref
Test remote (slow)	UNKNOWN STEP	2025-11-20T19:00:48.3715963Z [command]/usr/bin/git checkout --progress --force refs/remotes/pull/44366/merge
Test remote (slow)	UNKNOWN STEP	2025-11-20T19:00:49.1992775Z Note: switching to 'refs/remotes/pull/44366/merge'.
Test remote (slow)	UNKNOWN STEP	2025-11-20T19:00:49.1993466Z 
Test remote (slow)	UNKNOWN STEP	2025-11-20T19:00:49.1993872Z You are in 'detached HEAD' state. You can look around, make experimental
Test remote (slow)	UNKNOWN STEP	2025-11-20T19:00:49.1994870Z changes and commit them, and you can discard any commits you make in this
Test remote (slow)	UNKNOWN STEP	2025-11-20T19:00:49.1996331Z state without impacting any branches by switching back to a branch.
Test remote (slow)	UNKNOWN STEP	2025-11-20T19:00:49.1997171Z 
Test remote (slow)	UNKNOWN STEP	2025-11-20T19:00:49.1997465Z If you want to create a new branch to retain commits you create, you may
Test remote (slow)	UNKNOWN STEP	2025-11-20T19:00:49.1998048Z do so (now or later) by using -c with the switch command. Example:
Test remote (slow)	UNKNOWN STEP	2025-11-20T19:00:49.1998489Z 
Test remote (slow)	UNKNOWN STEP	2025-11-20T19:00:49.1998668Z   git switch -c <new-branch-name>
Test remote (slow)	UNKNOWN STEP	2025-11-20T19:00:49.1999281Z 
Test remote (slow)	UNKNOWN STEP	2025-11-20T19:00:49.1999475Z Or undo this operation with:
Test remote (slow)	UNKNOWN STEP	2025-11-20T19:00:49.1999700Z 
Test remote (slow)	UNKNOWN STEP	2025-11-20T19:00:49.1999847Z   git switch -
Test remote (slow)	UNKNOWN STEP	2025-11-20T19:00:49.2000171Z 
Test remote (slow)	UNKNOWN STEP	2025-11-20T19:00:49.2000468Z Turn off this advice by setting config variable advice.detachedHead to false
Test remote (slow)	UNKNOWN STEP	2025-11-20T19:00:49.2000863Z 
Test remote (slow)	UNKNOWN STEP	2025-11-20T19:00:49.2001346Z HEAD is now at d232fe0 Merge 5e7291bfd7c5bedd08a9688d0d0a64396b489713 into dcbb5c7513025fb6370b54869189216e4e62c632
Test remote (slow)	UNKNOWN STEP	2025-11-20T19:00:49.2037387Z ##[endgroup]
Test remote (slow)	UNKNOWN STEP	2025-11-20T19:00:49.2079553Z [command]/usr/bin/git log -1 --format=%H
Test remote (slow)	UNKNOWN STEP	2025-11-20T19:00:49.2104084Z d232fe07d124cdf88036648592af20ef30880133
Test remote (slow)	UNKNOWN STEP	2025-11-20T19:00:49.2306891Z ##[group]Run echo "version_remote=0.0.1-${GITHUB_SHA::6}" >> $GITHUB_ENV
Test remote (slow)	UNKNOWN STEP	2025-11-20T19:00:49.2307566Z [36;1mecho "version_remote=0.0.1-${GITHUB_SHA::6}" >> $GITHUB_ENV[0m
Test remote (slow)	UNKNOWN STEP	2025-11-20T19:00:49.2344142Z shell: /usr/bin/bash --noprofile --norc -e -o pipefail {0}
Test remote (slow)	UNKNOWN STEP	2025-11-20T19:00:49.2344584Z env:
Test remote (slow)	UNKNOWN STEP	2025-11-20T19:00:49.2345032Z   MAVEN_ARGS: -B -nsu -Daether.connector.http.connectionMaxTtl=25
Test remote (slow)	UNKNOWN STEP	2025-11-20T19:00:49.2345461Z   MINIKUBE_VERSION: v1.37.0
Test remote (slow)	UNKNOWN STEP	2025-11-20T19:00:49.2345780Z   KUBERNETES_VERSION: v1.32.9
Test remote (slow)	UNKNOWN STEP	2025-11-20T19:00:49.2346086Z   MINIKUBE_MEMORY: 4096
Test remote (slow)	UNKNOWN STEP	2025-11-20T19:00:49.2346447Z ##[endgroup]
Test remote (slow)	UNKNOWN STEP	2025-11-20T19:00:49.2525371Z Prepare all required actions
Test remote (slow)	UNKNOWN STEP	2025-11-20T19:00:49.2526260Z Getting action download info
Test remote (slow)	UNKNOWN STEP	2025-11-20T19:00:49.4105053Z Download action repository 'actions/setup-java@c5195efecf7bdfc987ee8bae7a71cb8b11521c00' (SHA:c5195efecf7bdfc987ee8bae7a71cb8b11521c00)
Test remote (slow)	UNKNOWN STEP	2025-11-20T19:00:50.0051515Z ##[group]Run ./.github/actions/java-setup
Test remote (slow)	UNKNOWN STEP	2025-11-20T19:00:50.0051785Z with:
Test remote (slow)	UNKNOWN STEP	2025-11-20T19:00:50.0051961Z   distribution: temurin
Test remote (slow)	UNKNOWN STEP	2025-11-20T19:00:50.0052157Z   java-version: 21
Test remote (slow)	UNKNOWN STEP	2025-11-20T19:00:50.0052329Z env:
Test remote (slow)	UNKNOWN STEP	2025-11-20T19:00:50.0052591Z   MAVEN_ARGS: -B -nsu -Daether.connector.http.connectionMaxTtl=25
Test remote (slow)	UNKNOWN STEP	2025-11-20T19:00:50.0052921Z   MINIKUBE_VERSION: v1.37.0
Test remote (slow)	UNKNOWN STEP	2025-11-20T19:00:50.0053147Z   KUBERNETES_VERSION: v1.32.9
Test remote (slow)	UNKNOWN STEP	2025-11-20T19:00:50.0053359Z   MINIKUBE_MEMORY: 4096
Test remote (slow)	UNKNOWN STEP	2025-11-20T19:00:50.0053598Z   version_remote: 0.0.1-d232fe
Test remote (slow)	UNKNOWN STEP	2025-11-20T19:00:50.0053852Z ##[endgroup]
Test remote (slow)	UNKNOWN STEP	2025-11-20T19:00:50.0199326Z ##[group]Run actions/setup-java@c5195efecf7bdfc987ee8bae7a71cb8b11521c00
Test remote (slow)	UNKNOWN STEP	2025-11-20T19:00:50.0199732Z with:
Test remote (slow)	UNKNOWN STEP	2025-11-20T19:00:50.0199905Z   distribution: temurin
Test remote (slow)	UNKNOWN STEP	2025-11-20T19:00:50.0200108Z   java-version: 21
Test remote (slow)	UNKNOWN STEP	2025-11-20T19:00:50.0200293Z   java-package: jdk
Test remote (slow)	UNKNOWN STEP	2025-11-20T19:00:50.0200490Z   check-latest: false
Test remote (slow)	UNKNOWN STEP	2025-11-20T19:00:50.0200672Z   server-id: github
Test remote (slow)	UNKNOWN STEP	2025-11-20T19:00:50.0200862Z   server-username: GITHUB_ACTOR
Test remote (slow)	UNKNOWN STEP	2025-11-20T19:00:50.0201083Z   server-password: GITHUB_TOKEN
Test remote (slow)	UNKNOWN STEP	2025-11-20T19:00:50.0201303Z   overwrite-settings: true
Test remote (slow)	UNKNOWN STEP	2025-11-20T19:00:50.0201508Z   job-status: success
Test remote (slow)	UNKNOWN STEP	2025-11-20T19:00:50.0201823Z   token: ***
Test remote (slow)	UNKNOWN STEP	2025-11-20T19:00:50.0201996Z env:
Test remote (slow)	UNKNOWN STEP	2025-11-20T19:00:50.0202246Z   MAVEN_ARGS: -B -nsu -Daether.connector.http.connectionMaxTtl=25
Test remote (slow)	UNKNOWN STEP	2025-11-20T19:00:50.0202577Z   MINIKUBE_VERSION: v1.37.0
Test remote (slow)	UNKNOWN STEP	2025-11-20T19:00:50.0202787Z   KUBERNETES_VERSION: v1.32.9
Test remote (slow)	UNKNOWN STEP	2025-11-20T19:00:50.0203014Z   MINIKUBE_MEMORY: 4096
Test remote (slow)	UNKNOWN STEP	2025-11-20T19:00:50.0203207Z   version_remote: 0.0.1-d232fe
Test remote (slow)	UNKNOWN STEP	2025-11-20T19:00:50.0203410Z ##[endgroup]
Test remote (slow)	UNKNOWN STEP	2025-11-20T19:00:50.2483731Z ##[group]Installed distributions
Test remote (slow)	UNKNOWN STEP	2025-11-20T19:00:50.2560328Z Resolved Java 21.0.9+10 from tool-cache
Test remote (slow)	UNKNOWN STEP	2025-11-20T19:00:50.2561195Z Setting Java 21.0.9+10 as the default
Test remote (slow)	UNKNOWN STEP	2025-11-20T19:00:50.2575409Z Creating toolchains.xml for JDK version 21 from temurin
Test remote (slow)	UNKNOWN STEP	2025-11-20T19:00:50.2655531Z Writing to /home/runner/.m2/toolchains.xml
Test remote (slow)	UNKNOWN STEP	2025-11-20T19:00:50.2657296Z 
Test remote (slow)	UNKNOWN STEP	2025-11-20T19:00:50.2657625Z Java configuration:
Test remote (slow)	UNKNOWN STEP	2025-11-20T19:00:50.2659241Z   Distribution: temurin
Test remote (slow)	UNKNOWN STEP	2025-11-20T19:00:50.2659651Z   Version: 21.0.9+10
Test remote (slow)	UNKNOWN STEP	2025-11-20T19:00:50.2660195Z   Path: /opt/hostedtoolcache/Java_Temurin-Hotspot_jdk/21.0.9-10/x64
Test remote (slow)	UNKNOWN STEP	2025-11-20T19:00:50.2660665Z 
Test remote (slow)	UNKNOWN STEP	2025-11-20T19:00:50.2661374Z ##[endgroup]
Test remote (slow)	UNKNOWN STEP	2025-11-20T19:00:50.2677880Z Creating settings.xml with server-id: github
Test remote (slow)	UNKNOWN STEP	2025-11-20T19:00:50.2683292Z Writing to /home/runner/.m2/settings.xml
Test remote (slow)	UNKNOWN STEP	2025-11-20T19:00:50.2840466Z ##[group]Run manusa/actions-setup-minikube@b589f2d61bf96695c546929c72b38563e856059d
Test remote (slow)	UNKNOWN STEP	2025-11-20T19:00:50.2841033Z with:
Test remote (slow)	UNKNOWN STEP	2025-11-20T19:00:50.2841208Z   minikube version: v1.37.0
Test remote (slow)	UNKNOWN STEP	2025-11-20T19:00:50.2841438Z   kubernetes version: v1.32.9
Test remote (slow)	UNKNOWN STEP	2025-11-20T19:00:50.2841899Z   github token: ***
Test remote (slow)	UNKNOWN STEP	2025-11-20T19:00:50.2842084Z   driver: docker
Test remote (slow)	UNKNOWN STEP	2025-11-20T19:00:50.2842450Z   start args: --addons=ingress --memory=4096 --cni calico --cpus=max
Test remote (slow)	UNKNOWN STEP	2025-11-20T19:00:50.2842752Z env:
Test remote (slow)	UNKNOWN STEP	2025-11-20T19:00:50.2842998Z   MAVEN_ARGS: -B -nsu -Daether.connector.http.connectionMaxTtl=25
Test remote (slow)	UNKNOWN STEP	2025-11-20T19:00:50.2843322Z   MINIKUBE_VERSION: v1.37.0
Test remote (slow)	UNKNOWN STEP	2025-11-20T19:00:50.2843532Z   KUBERNETES_VERSION: v1.32.9
Test remote (slow)	UNKNOWN STEP	2025-11-20T19:00:50.2843750Z   MINIKUBE_MEMORY: 4096
Test remote (slow)	UNKNOWN STEP	2025-11-20T19:00:50.2843949Z   version_remote: 0.0.1-d232fe
Test remote (slow)	UNKNOWN STEP	2025-11-20T19:00:50.2844261Z   JAVA_HOME: /opt/hostedtoolcache/Java_Temurin-Hotspot_jdk/21.0.9-10/x64
Test remote (slow)	UNKNOWN STEP	2025-11-20T19:00:50.2844727Z   JAVA_HOME_21_X64: /opt/hostedtoolcache/Java_Temurin-Hotspot_jdk/21.0.9-10/x64
Test remote (slow)	UNKNOWN STEP	2025-11-20T19:00:50.2845057Z ##[endgroup]
Test remote (slow)	UNKNOWN STEP	2025-11-20T19:00:50.4073095Z Loading input variables
Test remote (slow)	UNKNOWN STEP	2025-11-20T19:00:50.4075861Z Updating Environment configuration to support Minikube
Test remote (slow)	UNKNOWN STEP	2025-11-20T19:00:50.4215708Z 
Test remote (slow)	UNKNOWN STEP	2025-11-20T19:00:50.4216223Z WARNING: apt does not have a stable CLI interface. Use with caution in scripts.
Test remote (slow)	UNKNOWN STEP	2025-11-20T19:00:50.4216890Z 
Test remote (slow)	UNKNOWN STEP	2025-11-20T19:00:50.4835775Z Get:1 file:/etc/apt/apt-mirrors.txt Mirrorlist [144 B]
Test remote (slow)	UNKNOWN STEP	2025-11-20T19:00:50.5154839Z Hit:2 http://azure.archive.ubuntu.com/ubuntu noble InRelease
Test remote (slow)	UNKNOWN STEP	2025-11-20T19:00:50.5184508Z Get:3 http://azure.archive.ubuntu.com/ubuntu noble-updates InRelease [126 kB]
Test remote (slow)	UNKNOWN STEP	2025-11-20T19:00:50.5221621Z Get:4 http://azure.archive.ubuntu.com/ubuntu noble-backports InRelease [126 kB]
Test remote (slow)	UNKNOWN STEP	2025-11-20T19:00:50.5225159Z Get:6 https://packages.microsoft.com/repos/azure-cli noble InRelease [3564 B]
Test remote (slow)	UNKNOWN STEP	2025-11-20T19:00:50.5247453Z Get:7 https://packages.microsoft.com/ubuntu/24.04/prod noble InRelease [3600 B]
Test remote (slow)	UNKNOWN STEP	2025-11-20T19:00:50.5259949Z Get:5 http://azure.archive.ubuntu.com/ubuntu noble-security InRelease [126 kB]
Test remote (slow)	UNKNOWN STEP	2025-11-20T19:00:50.6670654Z Get:8 http://azure.archive.ubuntu.com/ubuntu noble-updates/main amd64 Packages [1611 kB]
Test remote (slow)	UNKNOWN STEP	2025-11-20T19:00:50.6848751Z Get:9 http://azure.archive.ubuntu.com/ubuntu noble-updates/main Translation-en [302 kB]
Test remote (slow)	UNKNOWN STEP	2025-11-20T19:00:50.6892068Z Get:10 http://azure.archive.ubuntu.com/ubuntu noble-updates/main amd64 Components [175 kB]
Test remote (slow)	UNKNOWN STEP	2025-11-20T19:00:50.6921080Z Get:11 http://azure.archive.ubuntu.com/ubuntu noble-updates/main amd64 c-n-f Metadata [15.7 kB]
Test remote (slow)	UNKNOWN STEP	2025-11-20T19:00:50.6954185Z Get:12 http://azure.archive.ubuntu.com/ubuntu noble-updates/universe amd64 Packages [1500 kB]
Test remote (slow)	UNKNOWN STEP	2025-11-20T19:00:50.7050482Z Get:13 http://azure.archive.ubuntu.com/ubuntu noble-updates/universe Translation-en [304 kB]
Test remote (slow)	UNKNOWN STEP	2025-11-20T19:00:50.7090333Z Get:14 http://azure.archive.ubuntu.com/ubuntu noble-updates/universe amd64 Components [378 kB]
Test remote (slow)	UNKNOWN STEP	2025-11-20T19:00:50.7131843Z Get:15 http://azure.archive.ubuntu.com/ubuntu noble-updates/universe amd64 c-n-f Metadata [31.4 kB]
Test remote (slow)	UNKNOWN STEP	2025-11-20T19:00:50.7148665Z Get:16 http://azure.archive.ubuntu.com/ubuntu noble-updates/restricted amd64 Packages [2289 kB]
Test remote (slow)	UNKNOWN STEP	2025-11-20T19:00:50.7328907Z Get:17 http://azure.archive.ubuntu.com/ubuntu noble-updates/restricted Translation-en [519 kB]
Test remote (slow)	UNKNOWN STEP	2025-11-20T19:00:50.7384324Z Get:21 https://packages.microsoft.com/repos/azure-cli noble/main amd64 Packages [1763 B]
Test remote (slow)	UNKNOWN STEP	2025-11-20T19:00:50.7789607Z Get:18 http://azure.archive.ubuntu.com/ubuntu noble-updates/restricted amd64 Components [212 B]
Test remote (slow)	UNKNOWN STEP	2025-11-20T19:00:50.7800260Z Get:19 http://azure.archive.ubuntu.com/ubuntu noble-updates/multiverse Translation-en [5808 B]
Test remote (slow)	UNKNOWN STEP	2025-11-20T19:00:50.7808777Z Get:20 http://azure.archive.ubuntu.com/ubuntu noble-updates/multiverse amd64 Components [940 B]
Test remote (slow)	UNKNOWN STEP	2025-11-20T19:00:50.8048435Z Get:22 http://azure.archive.ubuntu.com/ubuntu noble-backports/main amd64 Components [7144 B]
Test remote (slow)	UNKNOWN STEP	2025-11-20T19:00:50.8093652Z Get:23 http://azure.archive.ubuntu.com/ubuntu noble-backports/universe amd64 Components [11.0 kB]
Test remote (slow)	UNKNOWN STEP	2025-11-20T19:00:50.8104357Z Get:24 http://azure.archive.ubuntu.com/ubuntu noble-backports/restricted amd64 Components [212 B]
Test remote (slow)	UNKNOWN STEP	2025-11-20T19:00:50.8112018Z Get:25 http://azure.archive.ubuntu.com/ubuntu noble-backports/multiverse amd64 Components [212 B]
Test remote (slow)	UNKNOWN STEP	2025-11-20T19:00:50.8874847Z Get:26 https://packages.microsoft.com/ubuntu/24.04/prod noble/main armhf Packages [11.2 kB]
Test remote (slow)	UNKNOWN STEP	2025-11-20T19:00:50.8925144Z Get:27 https://packages.microsoft.com/ubuntu/24.04/prod noble/main arm64 Packages [50.9 kB]
Test remote (slow)	UNKNOWN STEP	2025-11-20T19:00:50.8972416Z Get:28 https://packages.microsoft.com/ubuntu/24.04/prod noble/main amd64 Packages [68.1 kB]
Test remote (slow)	UNKNOWN STEP	2025-11-20T19:00:50.9469381Z Get:29 http://azure.archive.ubuntu.com/ubuntu noble-security/main amd64 Packages [1311 kB]
Test remote (slow)	UNKNOWN STEP	2025-11-20T19:00:50.9555616Z Get:30 http://azure.archive.ubuntu.com/ubuntu noble-security/main Translation-en [216 kB]
Test remote (slow)	UNKNOWN STEP	2025-11-20T19:00:50.9574739Z Get:31 http://azure.archive.ubuntu.com/ubuntu noble-security/main amd64 Components [21.5 kB]
Test remote (slow)	UNKNOWN STEP	2025-11-20T19:00:50.9591611Z Get:32 http://azure.archive.ubuntu.com/ubuntu noble-security/main amd64 c-n-f Metadata [9420 B]
Test remote (slow)	UNKNOWN STEP	2025-11-20T19:00:50.9601637Z Get:33 http://azure.archive.ubuntu.com/ubuntu noble-security/universe amd64 Packages [909 kB]
Test remote (slow)	UNKNOWN STEP	2025-11-20T19:00:50.9657296Z Get:34 http://azure.archive.ubuntu.com/ubuntu noble-security/universe Translation-en [205 kB]
Test remote (slow)	UNKNOWN STEP	2025-11-20T19:00:50.9679295Z Get:35 http://azure.archive.ubuntu.com/ubuntu noble-security/universe amd64 Components [52.2 kB]
Test remote (slow)	UNKNOWN STEP	2025-11-20T19:00:51.0113665Z Get:36 http://azure.archive.ubuntu.com/ubuntu noble-security/universe amd64 c-n-f Metadata [19.4 kB]
Test remote (slow)	UNKNOWN STEP	2025-11-20T19:00:51.0195497Z Get:37 http://azure.archive.ubuntu.com/ubuntu noble-security/restricted amd64 Packages [2146 kB]
Test remote (slow)	UNKNOWN STEP	2025-11-20T19:00:51.0345870Z Get:38 http://azure.archive.ubuntu.com/ubuntu noble-security/restricted Translation-en [488 kB]
Test remote (slow)	UNKNOWN STEP	2025-11-20T19:00:51.0385440Z Get:39 http://azure.archive.ubuntu.com/ubuntu noble-security/restricted amd64 Components [212 B]
Test remote (slow)	UNKNOWN STEP	2025-11-20T19:00:51.0404311Z Get:40 http://azure.archive.ubuntu.com/ubuntu noble-security/multiverse Translation-en [5956 B]
Test remote (slow)	UNKNOWN STEP	2025-11-20T19:00:51.0421433Z Get:41 http://azure.archive.ubuntu.com/ubuntu noble-security/multiverse amd64 Components [208 B]
Test remote (slow)	UNKNOWN STEP	2025-11-20T19:00:59.8374391Z Fetched 13.1 MB in 2s (8421 kB/s)
Test remote (slow)	UNKNOWN STEP	2025-11-20T19:01:00.6482698Z Reading package lists...
Test remote (slow)	UNKNOWN STEP	2025-11-20T19:01:00.8597649Z Building dependency tree...
Test remote (slow)	UNKNOWN STEP	2025-11-20T19:01:00.8604469Z Reading state information...
Test remote (slow)	UNKNOWN STEP	2025-11-20T19:01:00.8817506Z 48 packages can be upgraded. Run 'apt list --upgradable' to see them.
Test remote (slow)	UNKNOWN STEP	2025-11-20T19:01:00.9094306Z Reading package lists...
Test remote (slow)	UNKNOWN STEP	2025-11-20T19:01:01.1131545Z Building dependency tree...
Test remote (slow)	UNKNOWN STEP	2025-11-20T19:01:01.1139310Z Reading state information...
Test remote (slow)	UNKNOWN STEP	2025-11-20T19:01:01.3283822Z The following NEW packages will be installed:
Test remote (slow)	UNKNOWN STEP	2025-11-20T19:01:01.3294230Z   conntrack
Test remote (slow)	UNKNOWN STEP	2025-11-20T19:01:01.3503854Z 0 upgraded, 1 newly installed, 0 to remove and 48 not upgraded.
Test remote (slow)	UNKNOWN STEP	2025-11-20T19:01:01.3504522Z Need to get 37.9 kB of archives.
Test remote (slow)	UNKNOWN STEP	2025-11-20T19:01:01.3504926Z After this operation, 119 kB of additional disk space will be used.
Test remote (slow)	UNKNOWN STEP	2025-11-20T19:01:01.3505423Z Get:1 file:/etc/apt/apt-mirrors.txt Mirrorlist [144 B]
Test remote (slow)	UNKNOWN STEP	2025-11-20T19:01:01.3983145Z Get:2 http://azure.archive.ubuntu.com/ubuntu noble/main amd64 conntrack amd64 1:1.4.8-1ubuntu1 [37.9 kB]
Test remote (slow)	UNKNOWN STEP	2025-11-20T19:01:01.6845695Z Fetched 37.9 kB in 0s (634 kB/s)
Test remote (slow)	UNKNOWN STEP	2025-11-20T19:01:01.7103795Z Selecting previously unselected package conntrack.
Test remote (slow)	UNKNOWN STEP	2025-11-20T19:01:01.7405623Z (Reading database ... 
Test remote (slow)	UNKNOWN STEP	2025-11-20T19:01:01.7406345Z (Reading database ... 5%
Test remote (slow)	UNKNOWN STEP	2025-11-20T19:01:01.7407059Z (Reading database ... 10%
Test remote (slow)	UNKNOWN STEP	2025-11-20T19:01:01.7407533Z (Reading database ... 15%
Test remote (slow)	UNKNOWN STEP	2025-11-20T19:01:01.7407986Z (Reading database ... 20%
Test remote (slow)	UNKNOWN STEP	2025-11-20T19:01:01.7408308Z (Reading database ... 25%
Test remote (slow)	UNKNOWN STEP	2025-11-20T19:01:01.7408602Z (Reading database ... 30%
Test remote (slow)	UNKNOWN STEP	2025-11-20T19:01:01.7408892Z (Reading database ... 35%
Test remote (slow)	UNKNOWN STEP	2025-11-20T19:01:01.7409177Z (Reading database ... 40%
Test remote (slow)	UNKNOWN STEP	2025-11-20T19:01:01.7409463Z (Reading database ... 45%
Test remote (slow)	UNKNOWN STEP	2025-11-20T19:01:01.7409717Z (Reading database ... 50%
Test remote (slow)	UNKNOWN STEP	2025-11-20T19:01:01.7518715Z (Reading database ... 55%
Test remote (slow)	UNKNOWN STEP	2025-11-20T19:01:01.8994537Z (Reading database ... 60%
Test remote (slow)	UNKNOWN STEP	2025-11-20T19:01:02.0169693Z (Reading database ... 65%
Test remote (slow)	UNKNOWN STEP	2025-11-20T19:01:02.0616819Z (Reading database ... 70%
Test remote (slow)	UNKNOWN STEP	2025-11-20T19:01:02.1650002Z (Reading database ... 75%
Test remote (slow)	UNKNOWN STEP	2025-11-20T19:01:02.3411295Z (Reading database ... 80%
Test remote (slow)	UNKNOWN STEP	2025-11-20T19:01:02.5084410Z (Reading database ... 85%
Test remote (slow)	UNKNOWN STEP	2025-11-20T19:01:02.6914448Z (Reading database ... 90%
Test remote (slow)	UNKNOWN STEP	2025-11-20T19:01:02.8533148Z (Reading database ... 95%
Test remote (slow)	UNKNOWN STEP	2025-11-20T19:01:02.8533526Z (Reading database ... 100%
Test remote (slow)	UNKNOWN STEP	2025-11-20T19:01:02.8533993Z (Reading database ... 216225 files and directories currently installed.)
Test remote (slow)	UNKNOWN STEP	2025-11-20T19:01:02.8579394Z Preparing to unpack .../conntrack_1%3a1.4.8-1ubuntu1_amd64.deb ...
Test remote (slow)	UNKNOWN STEP	2025-11-20T19:01:02.8606121Z Unpacking conntrack (1:1.4.8-1ubuntu1) ...
Test remote (slow)	UNKNOWN STEP	2025-11-20T19:01:02.9037562Z Setting up conntrack (1:1.4.8-1ubuntu1) ...
Test remote (slow)	UNKNOWN STEP	2025-11-20T19:01:02.9066471Z Processing triggers for man-db (2.12.0-4build2) ...
Test remote (slow)	UNKNOWN STEP	2025-11-20T19:01:02.9093299Z Not building database; man-db/auto-update is not 'true'.
Test remote (slow)	UNKNOWN STEP	2025-11-20T19:01:03.5884238Z 
Test remote (slow)	UNKNOWN STEP	2025-11-20T19:01:03.5884880Z Running kernel seems to be up-to-date.
Test remote (slow)	UNKNOWN STEP	2025-11-20T19:01:03.5885262Z 
Test remote (slow)	UNKNOWN STEP	2025-11-20T19:01:03.5885407Z No services need to be restarted.
Test remote (slow)	UNKNOWN STEP	2025-11-20T19:01:03.5885654Z 
Test remote (slow)	UNKNOWN STEP	2025-11-20T19:01:03.5885804Z No containers need to be restarted.
Test remote (slow)	UNKNOWN STEP	2025-11-20T19:01:03.5886074Z 
Test remote (slow)	UNKNOWN STEP	2025-11-20T19:01:03.5886248Z No user sessions are running outdated binaries.
Test remote (slow)	UNKNOWN STEP	2025-11-20T19:01:03.5886546Z 
Test remote (slow)	UNKNOWN STEP	2025-11-20T19:01:03.5887133Z No VM guests are running outdated hypervisor (qemu) binaries on this host.
Test remote (slow)	UNKNOWN STEP	2025-11-20T19:01:04.8599834Z fs.protected_regular = 0
Test remote (slow)	UNKNOWN STEP	2025-11-20T19:01:04.8610618Z Waiting for Docker to be ready
Test remote (slow)	UNKNOWN STEP	2025-11-20T19:01:04.9490362Z 28.0.4 - 28.0.4
Test remote (slow)	UNKNOWN STEP	2025-11-20T19:01:04.9505797Z Docker daemon is ready
Test remote (slow)	UNKNOWN STEP	2025-11-20T19:01:04.9510221Z Downloading Minikube  v1.37.0
Test remote (slow)	UNKNOWN STEP	2025-11-20T19:01:05.2331043Z Downloading from: https://github.com/kubernetes/minikube/releases/download/v1.37.0/minikube-linux-amd64
Test remote (slow)	UNKNOWN STEP	2025-11-20T19:01:06.1871559Z Installing Minikube
Test remote (slow)	UNKNOWN STEP	2025-11-20T19:01:06.2334932Z * minikube v1.37.0 on Ubuntu 24.04
Test remote (slow)	UNKNOWN STEP	2025-11-20T19:01:06.2340171Z   - MINIKUBE_VERSION=v1.37.0
Test remote (slow)	UNKNOWN STEP	2025-11-20T19:01:06.2348742Z   - MINIKUBE_MEMORY=4096
Test remote (slow)	UNKNOWN STEP	2025-11-20T19:01:06.2351688Z   - MINIKUBE_HOME=/home/runner/work/_temp
Test remote (slow)	UNKNOWN STEP	2025-11-20T19:01:06.5281689Z * Using the docker driver based on user configuration
Test remote (slow)	UNKNOWN STEP	2025-11-20T19:01:06.5798741Z * Using Docker driver with root privileges
Test remote (slow)	UNKNOWN STEP	2025-11-20T19:01:06.5809424Z * Starting "minikube" primary control-plane node in "minikube" cluster
Test remote (slow)	UNKNOWN STEP	2025-11-20T19:01:06.5816955Z * Pulling base image v0.0.48 ...
Test remote (slow)	UNKNOWN STEP	2025-11-20T19:01:06.6291185Z * Downloading Kubernetes v1.32.9 preload ...
Test remote (slow)	UNKNOWN STEP	2025-11-20T19:01:45.3458960Z * Configuring Calico (Container Networking Interface) ...
Test remote (slow)	UNKNOWN STEP	2025-11-20T19:01:46.3330776Z * Verifying Kubernetes components...
Test remote (slow)	UNKNOWN STEP	2025-11-20T19:01:46.3651447Z   - Using image gcr.io/k8s-minikube/storage-provisioner:v5
Test remote (slow)	UNKNOWN STEP	2025-11-20T19:01:46.3654951Z   - Using image registry.k8s.io/ingress-nginx/controller:v1.13.2
Test remote (slow)	UNKNOWN STEP	2025-11-20T19:01:46.3660778Z   - Using image registry.k8s.io/ingress-nginx/kube-webhook-certgen:v1.6.2
Test remote (slow)	UNKNOWN STEP	2025-11-20T19:01:46.3669714Z   - Using image registry.k8s.io/ingress-nginx/kube-webhook-certgen:v1.6.2
Test remote (slow)	UNKNOWN STEP	2025-11-20T19:01:47.2385360Z * Verifying ingress addon...
Test remote (slow)	UNKNOWN STEP	2025-11-20T19:02:26.7440939Z * Enabled addons: storage-provisioner, default-storageclass, ingress
Test remote (slow)	UNKNOWN STEP	2025-11-20T19:02:28.3064774Z 
Test remote (slow)	UNKNOWN STEP	2025-11-20T19:02:28.3076049Z     > gcr.io/k8s-minikube/kicbase...:  1.61 KiB / 488.52 MiB [>_] 0.00% ? p/s ?    > gcr.io/k8s-minikube/kicbase...:  257.73 KiB / 488.52 MiB [] 0.05% ? p/s ?    > gcr.io/k8s-minikube/kicbase...:  19.98 MiB / 488.52 MiB [>] 4.09% ? p/s ?    > gcr.io/k8s-minikube/kicbase...:  43.57 MiB / 488.52 MiB  8.92% 72.60 MiB     > gcr.io/k8s-minikube/kicbase...:  70.63 MiB / 488.52 MiB  14.46% 72.60 MiB    > gcr.io/k8s-minikube/kicbase...:  96.00 MiB / 488.52 MiB  19.65% 72.60 MiB    > gcr.io/k8s-minikube/kicbase...:  126.42 MiB / 488.52 MiB  25.88% 76.83 Mi    > gcr.io/k8s-minikube/kicbase...:  158.66 MiB / 488.52 MiB  32.48% 76.83 Mi    > gcr.io/k8s-minikube/kicbase...:  190.11 MiB / 488.52 MiB  38.92% 76.83 Mi    > gcr.io/k8s-minikube/kicbase...:  222.27 MiB / 488.52 MiB  45.50% 82.18 Mi    > gcr.io/k8s-minikube/kicbase...:  255.19 MiB / 488.52 MiB  52.24% 82.18 Mi    > gcr.io/k8s-minikube/kicbase...:  288.00 MiB / 488.52 MiB  58.95% 82.18 Mi    > gcr.io/k8s-minikube/kicbase...:  320.25 MiB / 488.52 MiB  65.56% 87.41 Mi    > gcr.io/k8s-minikube/kicbase...:  354.00 MiB / 488.52 MiB  72.46% 87.41 Mi    > gcr.io/k8s-minikube/kicbase...:  386.60 MiB / 488.52 MiB  79.14% 87.41 Mi    > gcr.io/k8s-minikube/kicbase...:  419.28 MiB / 488.52 MiB  85.83% 92.42 Mi    > gcr.io/k8s-minikube/kicbase...:  452.44 MiB / 488.52 MiB  92.62% 92.42 Mi    > gcr.io/k8s-minikube/kicbase...:  485.60 MiB / 488.52 MiB  99.40% 92.42 Mi    > gcr.io/k8s-minikube/kicbase...:  488.51 MiB / 488.52 MiB  100.00% 142.95 ! /usr/bin/kubectl is version 1.34.2, which may have incompatibilities with Kubernetes 1.32.9.
Test remote (slow)	UNKNOWN STEP	2025-11-20T19:02:28.3082775Z   - Want kubectl v1.32.9? Try 'minikube kubectl -- get pods -A'
Test remote (slow)	UNKNOWN STEP	2025-11-20T19:02:28.3083579Z * Done! kubectl is now configured to use "minikube" cluster and "default" namespace by default
Test remote (slow)	UNKNOWN STEP	2025-11-20T19:02:28.3912359Z minikube version: v1.37.0commit: 65318f4cfff9c12cc87ec9eb8f4cdd57b25047f3 installed successfully
Test remote (slow)	UNKNOWN STEP	2025-11-20T19:02:28.4128931Z ##[group]Run actions/download-artifact@634f93cb2916e3fdff6788551b99b062d0335ce0
Test remote (slow)	UNKNOWN STEP	2025-11-20T19:02:28.4129320Z with:
Test remote (slow)	UNKNOWN STEP	2025-11-20T19:02:28.4129486Z   name: keycloak-dist
Test remote (slow)	UNKNOWN STEP	2025-11-20T19:02:28.4129682Z   path: quarkus/container
Test remote (slow)	UNKNOWN STEP	2025-11-20T19:02:28.4129883Z   merge-multiple: false
Test remote (slow)	UNKNOWN STEP	2025-11-20T19:02:28.4130085Z   repository: keycloak/keycloak
Test remote (slow)	UNKNOWN STEP	2025-11-20T19:02:28.4130289Z   run-id: 19546876904
Test remote (slow)	UNKNOWN STEP	2025-11-20T19:02:28.4130462Z env:
Test remote (slow)	UNKNOWN STEP	2025-11-20T19:02:28.4130706Z   MAVEN_ARGS: -B -nsu -Daether.connector.http.connectionMaxTtl=25
Test remote (slow)	UNKNOWN STEP	2025-11-20T19:02:28.4131020Z   MINIKUBE_VERSION: v1.37.0
Test remote (slow)	UNKNOWN STEP	2025-11-20T19:02:28.4131233Z   KUBERNETES_VERSION: v1.32.9
Test remote (slow)	UNKNOWN STEP	2025-11-20T19:02:28.4131437Z   MINIKUBE_MEMORY: 4096
Test remote (slow)	UNKNOWN STEP	2025-11-20T19:02:28.4131629Z   version_remote: 0.0.1-d232fe
Test remote (slow)	UNKNOWN STEP	2025-11-20T19:02:28.4131933Z   JAVA_HOME: /opt/hostedtoolcache/Java_Temurin-Hotspot_jdk/21.0.9-10/x64
Test remote (slow)	UNKNOWN STEP	2025-11-20T19:02:28.4132384Z   JAVA_HOME_21_X64: /opt/hostedtoolcache/Java_Temurin-Hotspot_jdk/21.0.9-10/x64
Test remote (slow)	UNKNOWN STEP	2025-11-20T19:02:28.4132759Z   MINIKUBE_HOME: /home/runner/work/_temp
Test remote (slow)	UNKNOWN STEP	2025-11-20T19:02:28.4132985Z ##[endgroup]
Test remote (slow)	UNKNOWN STEP	2025-11-20T19:02:28.6211131Z Downloading single artifact
Test remote (slow)	UNKNOWN STEP	2025-11-20T19:02:28.7889147Z Preparing to download the following artifacts:
Test remote (slow)	UNKNOWN STEP	2025-11-20T19:02:28.7890296Z - keycloak-dist (ID: 4631366164, Size: 159896125, Expected Digest: sha256:8e292753b983d4decf51dfdceae17773d5c3bec81f5d4ab453bb6f8457c3b2ea)
Test remote (slow)	UNKNOWN STEP	2025-11-20T19:02:28.9359410Z Redirecting to blob download url: https://productionresultssa11.blob.core.windows.net/actions-results/7f344cd3-9cdf-4821-bb91-92707111e250/workflow-job-run-8d2ef63a-e0b5-5dc7-b627-15f1d6c4972e/artifacts/8ec452859fe416bcecd39b267c69bfe76c7634fb13c33b71d912d2a8c0986080.zip
Test remote (slow)	UNKNOWN STEP	2025-11-20T19:02:28.9361123Z Starting download of artifact to: /home/runner/work/keycloak/keycloak/quarkus/container
Test remote (slow)	UNKNOWN STEP	2025-11-20T19:02:29.1241678Z (node:14312) [DEP0005] DeprecationWarning: Buffer() is deprecated due to security and usability issues. Please use the Buffer.alloc(), Buffer.allocUnsafe(), or Buffer.from() methods instead.
Test remote (slow)	UNKNOWN STEP	2025-11-20T19:02:29.1242800Z (Use `node --trace-deprecation ...` to show where the warning was created)
Test remote (slow)	UNKNOWN STEP	2025-11-20T19:02:32.3546122Z SHA256 digest of downloaded artifact is 8e292753b983d4decf51dfdceae17773d5c3bec81f5d4ab453bb6f8457c3b2ea
Test remote (slow)	UNKNOWN STEP	2025-11-20T19:02:32.3547065Z Artifact download completed successfully.
Test remote (slow)	UNKNOWN STEP	2025-11-20T19:02:32.3547714Z Total of 1 artifact(s) downloaded
Test remote (slow)	UNKNOWN STEP	2025-11-20T19:02:32.3553588Z Download artifact has finished successfully
Test remote (slow)	UNKNOWN STEP	2025-11-20T19:02:32.3698429Z ##[group]Run eval $(minikube -p minikube docker-env)
Test remote (slow)	UNKNOWN STEP	2025-11-20T19:02:32.3699099Z [36;1meval $(minikube -p minikube docker-env)[0m
Test remote (slow)	UNKNOWN STEP	2025-11-20T19:02:32.3700003Z [36;1m(cd quarkus/container && docker build --build-arg KEYCLOAK_DIST=$(ls keycloak-*.tar.gz) . -t keycloak:0.0.1-d232fe)[0m
Test remote (slow)	UNKNOWN STEP	2025-11-20T19:02:32.3701227Z [36;1m(cd operator && ./scripts/build-testing-docker-images.sh 0.0.1-d232fe keycloak custom-keycloak)[0m
Test remote (slow)	UNKNOWN STEP	2025-11-20T19:02:32.3750865Z shell: /usr/bin/bash --noprofile --norc -e -o pipefail {0}
Test remote (slow)	UNKNOWN STEP	2025-11-20T19:02:32.3751438Z env:
Test remote (slow)	UNKNOWN STEP	2025-11-20T19:02:32.3751921Z   MAVEN_ARGS: -B -nsu -Daether.connector.http.connectionMaxTtl=25
Test remote (slow)	UNKNOWN STEP	2025-11-20T19:02:32.3752506Z   MINIKUBE_VERSION: v1.37.0
Test remote (slow)	UNKNOWN STEP	2025-11-20T19:02:32.3753134Z   KUBERNETES_VERSION: v1.32.9
Test remote (slow)	UNKNOWN STEP	2025-11-20T19:02:32.3753544Z   MINIKUBE_MEMORY: 4096
Test remote (slow)	UNKNOWN STEP	2025-11-20T19:02:32.3753909Z   version_remote: 0.0.1-d232fe
Test remote (slow)	UNKNOWN STEP	2025-11-20T19:02:32.3754483Z   JAVA_HOME: /opt/hostedtoolcache/Java_Temurin-Hotspot_jdk/21.0.9-10/x64
Test remote (slow)	UNKNOWN STEP	2025-11-20T19:02:32.3755335Z   JAVA_HOME_21_X64: /opt/hostedtoolcache/Java_Temurin-Hotspot_jdk/21.0.9-10/x64
Test remote (slow)	UNKNOWN STEP	2025-11-20T19:02:32.3755976Z   MINIKUBE_HOME: /home/runner/work/_temp
Test remote (slow)	UNKNOWN STEP	2025-11-20T19:02:32.3756403Z ##[endgroup]
Test remote (slow)	UNKNOWN STEP	2025-11-20T19:02:33.0241716Z #0 building with "default" instance using docker driver
Test remote (slow)	UNKNOWN STEP	2025-11-20T19:02:33.0242271Z 
Test remote (slow)	UNKNOWN STEP	2025-11-20T19:02:33.0242536Z #1 [internal] load build definition from Dockerfile
Test remote (slow)	UNKNOWN STEP	2025-11-20T19:02:33.0243078Z #1 transferring dockerfile: 2.73kB done
Test remote (slow)	UNKNOWN STEP	2025-11-20T19:02:33.0243528Z #1 DONE 0.0s
Test remote (slow)	UNKNOWN STEP	2025-11-20T19:02:33.0243717Z 
Test remote (slow)	UNKNOWN STEP	2025-11-20T19:02:33.0244005Z #2 [internal] load metadata for registry.access.redhat.com/ubi9-micro:latest
Test remote (slow)	UNKNOWN STEP	2025-11-20T19:02:33.5299791Z #2 ...
Test remote (slow)	UNKNOWN STEP	2025-11-20T19:02:33.5300011Z 
Test remote (slow)	UNKNOWN STEP	2025-11-20T19:02:33.5300341Z #3 [internal] load metadata for registry.access.redhat.com/ubi9:latest
Test remote (slow)	UNKNOWN STEP	2025-11-20T19:02:33.5300723Z #3 DONE 0.7s
Test remote (slow)	UNKNOWN STEP	2025-11-20T19:02:33.7252099Z 
Test remote (slow)	UNKNOWN STEP	2025-11-20T19:02:33.7254919Z #2 [internal] load metadata for registry.access.redhat.com/ubi9-micro:latest
Test remote (slow)	UNKNOWN STEP	2025-11-20T19:02:33.7255660Z #2 DONE 0.7s
Test remote (slow)	UNKNOWN STEP	2025-11-20T19:02:33.7255840Z 
Test remote (slow)	UNKNOWN STEP	2025-11-20T19:02:33.7265064Z #4 [internal] load .dockerignore
Test remote (slow)	UNKNOWN STEP	2025-11-20T19:02:33.7265819Z #4 transferring context: 2B done
Test remote (slow)	UNKNOWN STEP	2025-11-20T19:02:33.7268475Z #4 DONE 0.0s
Test remote (slow)	UNKNOWN STEP	2025-11-20T19:02:33.7268837Z 
Test remote (slow)	UNKNOWN STEP	2025-11-20T19:02:33.7273656Z #5 [ubi-micro-build 1/8] FROM registry.access.redhat.com/ubi9:latest@sha256:dcd8128d7620b06e4bce291f30db6ffcfa339b04e6d66081e36eb8e2b1b700f8
Test remote (slow)	UNKNOWN STEP	2025-11-20T19:02:33.7275155Z #5 resolve registry.access.redhat.com/ubi9:latest@sha256:dcd8128d7620b06e4bce291f30db6ffcfa339b04e6d66081e36eb8e2b1b700f8 done
Test remote (slow)	UNKNOWN STEP	2025-11-20T19:02:33.7276422Z #5 sha256:dcd8128d7620b06e4bce291f30db6ffcfa339b04e6d66081e36eb8e2b1b700f8 970B / 970B done
Test remote (slow)	UNKNOWN STEP	2025-11-20T19:02:33.7277612Z #5 sha256:be83bd82729d769d18d83d4a98d8d34a90a3ff0830eb54d18a8bbfcf30468053 429B / 429B done
Test remote (slow)	UNKNOWN STEP	2025-11-20T19:02:33.7278653Z #5 sha256:5441b327aaa2f478061543c8ee02bd83abe8f57a762c3cb62c0bd14d97c535b6 6.15kB / 6.15kB done
Test remote (slow)	UNKNOWN STEP	2025-11-20T19:02:33.7279743Z #5 sha256:48023a0b822aafe0846f32a6b0153567bc9d25bb4a24cf01cfe82ce3f797514c 0B / 79.99MB 0.1s
Test remote (slow)	UNKNOWN STEP	2025-11-20T19:02:33.9262942Z #5 sha256:48023a0b822aafe0846f32a6b0153567bc9d25bb4a24cf01cfe82ce3f797514c 4.21MB / 79.99MB 0.3s
Test remote (slow)	UNKNOWN STEP	2025-11-20T19:02:34.0276310Z #5 sha256:48023a0b822aafe0846f32a6b0153567bc9d25bb4a24cf01cfe82ce3f797514c 18.87MB / 79.99MB 0.4s
Test remote (slow)	UNKNOWN STEP	2025-11-20T19:02:34.1303007Z #5 sha256:48023a0b822aafe0846f32a6b0153567bc9d25bb4a24cf01cfe82ce3f797514c 31.44MB / 79.99MB 0.5s
Test remote (slow)	UNKNOWN STEP	2025-11-20T19:02:34.3254271Z #5 sha256:48023a0b822aafe0846f32a6b0153567bc9d25bb4a24cf01cfe82ce3f797514c 57.67MB / 79.99MB 0.7s
Test remote (slow)	UNKNOWN STEP	2025-11-20T19:02:34.4289683Z #5 ...
Test remote (slow)	UNKNOWN STEP	2025-11-20T19:02:34.4294889Z 
Test remote (slow)	UNKNOWN STEP	2025-11-20T19:02:34.4295469Z #6 [stage-1 1/4] FROM registry.access.redhat.com/ubi9-micro:latest@sha256:e14a8cbcaa0c26b77140ac85d40a47b5e910a4068686b02ebcad72126e9b5f86
Test remote (slow)	UNKNOWN STEP	2025-11-20T19:02:34.4296368Z #6 resolve registry.access.redhat.com/ubi9-micro:latest@sha256:e14a8cbcaa0c26b77140ac85d40a47b5e910a4068686b02ebcad72126e9b5f86 done
Test remote (slow)	UNKNOWN STEP	2025-11-20T19:02:34.4298073Z #6 sha256:75ffc6927416cde1aa15ca0a27b611df7a9582428214f2844e66bc0dc27ba0d0 428B / 428B done
Test remote (slow)	UNKNOWN STEP	2025-11-20T19:02:34.4299176Z #6 sha256:cd8681aeba57c6800510d7e2fc4a8847c3d2f803f9edf37c57b0a2420f163b9a 5.18kB / 5.18kB done
Test remote (slow)	UNKNOWN STEP	2025-11-20T19:02:34.4300910Z #6 sha256:f9e37a00861053482dab42a6e67717c2c18b9b71ff4689e9dd7561195918ecc3 7.27MB / 7.27MB 0.3s done
Test remote (slow)	UNKNOWN STEP	2025-11-20T19:02:34.4302115Z #6 sha256:e14a8cbcaa0c26b77140ac85d40a47b5e910a4068686b02ebcad72126e9b5f86 970B / 970B done
Test remote (slow)	UNKNOWN STEP	2025-11-20T19:02:34.4303137Z #6 extracting sha256:f9e37a00861053482dab42a6e67717c2c18b9b71ff4689e9dd7561195918ecc3 0.5s done
Test remote (slow)	UNKNOWN STEP	2025-11-20T19:02:34.4304650Z #6 DONE 0.8s
Test remote (slow)	UNKNOWN STEP	2025-11-20T19:02:34.4307100Z 
Test remote (slow)	UNKNOWN STEP	2025-11-20T19:02:34.4308568Z #5 [ubi-micro-build 1/8] FROM registry.access.redhat.com/ubi9:latest@sha256:dcd8128d7620b06e4bce291f30db6ffcfa339b04e6d66081e36eb8e2b1b700f8
Test remote (slow)	UNKNOWN STEP	2025-11-20T19:02:34.4310115Z #5 sha256:48023a0b822aafe0846f32a6b0153567bc9d25bb4a24cf01cfe82ce3f797514c 72.35MB / 79.99MB 0.8s
Test remote (slow)	UNKNOWN STEP	2025-11-20T19:02:34.5293448Z #5 sha256:48023a0b822aafe0846f32a6b0153567bc9d25bb4a24cf01cfe82ce3f797514c 79.99MB / 79.99MB 0.9s done
Test remote (slow)	UNKNOWN STEP	2025-11-20T19:02:34.6301184Z #5 extracting sha256:48023a0b822aafe0846f32a6b0153567bc9d25bb4a24cf01cfe82ce3f797514c
Test remote (slow)	UNKNOWN STEP	2025-11-20T19:02:34.7718037Z #5 ...
Test remote (slow)	UNKNOWN STEP	2025-11-20T19:02:34.7720248Z 
Test remote (slow)	UNKNOWN STEP	2025-11-20T19:02:34.7720494Z #7 [internal] load build context
Test remote (slow)	UNKNOWN STEP	2025-11-20T19:02:34.7721001Z #7 transferring context: 159.88MB 1.0s done
Test remote (slow)	UNKNOWN STEP	2025-11-20T19:02:34.7721464Z #7 DONE 1.0s
Test remote (slow)	UNKNOWN STEP	2025-11-20T19:02:34.7721663Z 
Test remote (slow)	UNKNOWN STEP	2025-11-20T19:02:34.7722318Z #5 [ubi-micro-build 1/8] FROM registry.access.redhat.com/ubi9:latest@sha256:dcd8128d7620b06e4bce291f30db6ffcfa339b04e6d66081e36eb8e2b1b700f8
Test remote (slow)	UNKNOWN STEP	2025-11-20T19:02:37.6916550Z #5 extracting sha256:48023a0b822aafe0846f32a6b0153567bc9d25bb4a24cf01cfe82ce3f797514c 3.1s done
Test remote (slow)	UNKNOWN STEP	2025-11-20T19:02:37.6917673Z #5 DONE 4.1s
Test remote (slow)	UNKNOWN STEP	2025-11-20T19:02:37.8436333Z 
Test remote (slow)	UNKNOWN STEP	2025-11-20T19:02:37.8437075Z #8 [ubi-micro-build 2/8] RUN dnf install -y tar gzip
Test remote (slow)	UNKNOWN STEP	2025-11-20T19:02:38.0611256Z #8 0.368 Updating Subscription Management repositories.
Test remote (slow)	UNKNOWN STEP	2025-11-20T19:02:38.2152761Z #8 0.368 Unable to read consumer identity
Test remote (slow)	UNKNOWN STEP	2025-11-20T19:02:38.2153302Z #8 0.372 
Test remote (slow)	UNKNOWN STEP	2025-11-20T19:02:38.2154007Z #8 0.372 This system is not registered with an entitlement server. You can use subscription-manager to register.
Test remote (slow)	UNKNOWN STEP	2025-11-20T19:02:38.2154785Z #8 0.372 
Test remote (slow)	UNKNOWN STEP	2025-11-20T19:02:38.4523682Z #8 0.759 Red Hat Universal Base Image 9 (RPMs) - BaseOS  1.5 MB/s | 531 kB     00:00    
Test remote (slow)	UNKNOWN STEP	2025-11-20T19:02:38.9633457Z #8 1.270 Red Hat Universal Base Image 9 (RPMs) - AppStre 6.1 MB/s | 2.6 MB     00:00    
Test remote (slow)	UNKNOWN STEP	2025-11-20T19:02:39.6441459Z #8 1.951 Red Hat Universal Base Image 9 (RPMs) - CodeRea 1.0 MB/s | 287 kB     00:00    
Test remote (slow)	UNKNOWN STEP	2025-11-20T19:02:39.7809973Z #8 2.088 Package tar-2:1.34-7.el9.x86_64 is already installed.
Test remote (slow)	UNKNOWN STEP	2025-11-20T19:02:39.9240150Z #8 2.088 Package gzip-1.12-1.el9.x86_64 is already installed.
Test remote (slow)	UNKNOWN STEP	2025-11-20T19:02:39.9240750Z #8 2.103 Dependencies resolved.
Test remote (slow)	UNKNOWN STEP	2025-11-20T19:02:39.9241182Z #8 2.104 Nothing to do.
Test remote (slow)	UNKNOWN STEP	2025-11-20T19:02:39.9241549Z #8 2.104 Complete!
Test remote (slow)	UNKNOWN STEP	2025-11-20T19:02:39.9241873Z #8 DONE 2.2s
Test remote (slow)	UNKNOWN STEP	2025-11-20T19:02:40.0753959Z 
Test remote (slow)	UNKNOWN STEP	2025-11-20T19:02:40.0754689Z #9 [ubi-micro-build 3/8] ADD keycloak-999.0.0-SNAPSHOT.tar.gz /tmp/keycloak/
Test remote (slow)	UNKNOWN STEP	2025-11-20T19:02:40.7197571Z #9 DONE 0.8s
Test remote (slow)	UNKNOWN STEP	2025-11-20T19:02:40.8709637Z 
Test remote (slow)	UNKNOWN STEP	2025-11-20T19:02:40.8710781Z #10 [ubi-micro-build 4/8] RUN (cd /tmp/keycloak &&     tar -xvf /tmp/keycloak/keycloak-*.tar.gz &&     rm /tmp/keycloak/keycloak-*.tar.gz) || true
Test remote (slow)	UNKNOWN STEP	2025-11-20T19:02:40.9428135Z #10 0.222 tar: /tmp/keycloak/keycloak-*.tar.gz: Cannot open: No such file or directory
Test remote (slow)	UNKNOWN STEP	2025-11-20T19:02:40.9428935Z #10 0.222 tar: Error is not recoverable: exiting now
Test remote (slow)	UNKNOWN STEP	2025-11-20T19:02:41.0882250Z #10 DONE 0.2s
Test remote (slow)	UNKNOWN STEP	2025-11-20T19:02:41.0882526Z 
Test remote (slow)	UNKNOWN STEP	2025-11-20T19:02:41.0883064Z #11 [ubi-micro-build 5/8] RUN mv /tmp/keycloak/keycloak-* /opt/keycloak && mkdir -p /opt/keycloak/data
Test remote (slow)	UNKNOWN STEP	2025-11-20T19:02:41.0883797Z #11 DONE 0.1s
Test remote (slow)	UNKNOWN STEP	2025-11-20T19:02:41.2397429Z 
Test remote (slow)	UNKNOWN STEP	2025-11-20T19:02:41.2398006Z #12 [ubi-micro-build 6/8] RUN chmod -R g+rwX /opt/keycloak
Test remote (slow)	UNKNOWN STEP	2025-11-20T19:02:41.6819013Z #12 DONE 0.6s
Test remote (slow)	UNKNOWN STEP	2025-11-20T19:02:41.8420946Z 
Test remote (slow)	UNKNOWN STEP	2025-11-20T19:02:41.8421579Z #13 [ubi-micro-build 7/8] ADD ubi-null.sh /tmp/
Test remote (slow)	UNKNOWN STEP	2025-11-20T19:02:41.8422504Z #13 DONE 0.0s
Test remote (slow)	UNKNOWN STEP	2025-11-20T19:02:41.8422723Z 
Test remote (slow)	UNKNOWN STEP	2025-11-20T19:02:41.8423213Z #14 [ubi-micro-build 8/8] RUN bash /tmp/ubi-null.sh java-21-openjdk-headless glibc-langpack-en findutils
Test remote (slow)	UNKNOWN STEP	2025-11-20T19:02:41.8424008Z #14 0.139 ==> Installing packages into chroot
Test remote (slow)	UNKNOWN STEP	2025-11-20T19:02:41.8424490Z #14 0.139 + dnf install -y findutils diffutils
Test remote (slow)	UNKNOWN STEP	2025-11-20T19:02:42.1058561Z #14 0.402 Updating Subscription Management repositories.
Test remote (slow)	UNKNOWN STEP	2025-11-20T19:02:42.3383589Z #14 0.403 Unable to read consumer identity
Test remote (slow)	UNKNOWN STEP	2025-11-20T19:02:42.3383983Z #14 0.406 
Test remote (slow)	UNKNOWN STEP	2025-11-20T19:02:42.3384468Z #14 0.406 This system is not registered with an entitlement server. You can use subscription-manager to register.
Test remote (slow)	UNKNOWN STEP	2025-11-20T19:02:42.3384993Z #14 0.406 
Test remote (slow)	UNKNOWN STEP	2025-11-20T19:02:42.3385353Z #14 0.447 Last metadata expiration check: 0:00:03 ago on Thu Nov 20 19:02:39 2025.
Test remote (slow)	UNKNOWN STEP	2025-11-20T19:02:42.3385880Z #14 0.469 Package findutils-1:4.8.0-7.el9.x86_64 is already installed.
Test remote (slow)	UNKNOWN STEP	2025-11-20T19:02:42.3386279Z #14 0.483 Dependencies resolved.
Test remote (slow)	UNKNOWN STEP	2025-11-20T19:02:42.3386850Z #14 0.484 ================================================================================
Test remote (slow)	UNKNOWN STEP	2025-11-20T19:02:42.3387349Z #14 0.484  Package         Architecture Version             Repository               Size
Test remote (slow)	UNKNOWN STEP	2025-11-20T19:02:42.3387817Z #14 0.484 ================================================================================
Test remote (slow)	UNKNOWN STEP	2025-11-20T19:02:42.3388131Z #14 0.484 Installing:
Test remote (slow)	UNKNOWN STEP	2025-11-20T19:02:42.3388470Z #14 0.484  diffutils       x86_64       3.7-12.el9          ubi-9-baseos-rpms       402 k
Test remote (slow)	UNKNOWN STEP	2025-11-20T19:02:42.3388865Z #14 0.484 
Test remote (slow)	UNKNOWN STEP	2025-11-20T19:02:42.3389064Z #14 0.484 Transaction Summary
Test remote (slow)	UNKNOWN STEP	2025-11-20T19:02:42.3389355Z #14 0.484 ================================================================================
Test remote (slow)	UNKNOWN STEP	2025-11-20T19:02:42.3389679Z #14 0.484 Install  1 Package
Test remote (slow)	UNKNOWN STEP	2025-11-20T19:02:42.3389916Z #14 0.484 
Test remote (slow)	UNKNOWN STEP	2025-11-20T19:02:42.3390129Z #14 0.484 Total download size: 402 k
Test remote (slow)	UNKNOWN STEP	2025-11-20T19:02:42.3390414Z #14 0.485 Installed size: 1.4 M
Test remote (slow)	UNKNOWN STEP	2025-11-20T19:02:42.3390674Z #14 0.485 Downloading Packages:
Test remote (slow)	UNKNOWN STEP	2025-11-20T19:02:42.4028567Z #14 0.699 diffutils-3.7-12.el9.x86_64.rpm                 1.8 MB/s | 402 kB     00:00    
Test remote (slow)	UNKNOWN STEP	2025-11-20T19:02:42.5081899Z #14 0.701 --------------------------------------------------------------------------------
Test remote (slow)	UNKNOWN STEP	2025-11-20T19:02:42.5082594Z #14 0.701 Total                                           1.8 MB/s | 402 kB     00:00     
Test remote (slow)	UNKNOWN STEP	2025-11-20T19:02:42.5083009Z #14 0.714 Running transaction check
Test remote (slow)	UNKNOWN STEP	2025-11-20T19:02:42.5083270Z #14 0.718 Transaction check succeeded.
Test remote (slow)	UNKNOWN STEP	2025-11-20T19:02:42.5083640Z #14 0.718 Running transaction test
Test remote (slow)	UNKNOWN STEP	2025-11-20T19:02:42.5083884Z #14 0.745 Transaction test succeeded.
Test remote (slow)	UNKNOWN STEP	2025-11-20T19:02:42.5084117Z #14 0.746 Running transaction
Test remote (slow)	UNKNOWN STEP	2025-11-20T19:02:42.5084403Z #14 0.769   Preparing        :                                                        1/1 
Test remote (slow)	UNKNOWN STEP	2025-11-20T19:02:42.6117476Z #14 0.805   Installing       : diffutils-3.7-12.el9.x86_64                            1/1 
Test remote (slow)	UNKNOWN STEP	2025-11-20T19:02:42.6118194Z #14 0.815   Running scriptlet: diffutils-3.7-12.el9.x86_64                            1/1 
Test remote (slow)	UNKNOWN STEP	2025-11-20T19:02:42.6118683Z #14 0.854   Verifying        : diffutils-3.7-12.el9.x86_64                            1/1 
Test remote (slow)	UNKNOWN STEP	2025-11-20T19:02:42.6119044Z #14 0.881 Installed products updated.
Test remote (slow)	UNKNOWN STEP	2025-11-20T19:02:42.6119766Z #14 0.908 
Test remote (slow)	UNKNOWN STEP	2025-11-20T19:02:42.6119985Z #14 0.908 Installed:
Test remote (slow)	UNKNOWN STEP	2025-11-20T19:02:42.6120272Z #14 0.908   diffutils-3.7-12.el9.x86_64                                                   
Test remote (slow)	UNKNOWN STEP	2025-11-20T19:02:42.6120588Z #14 0.908 
Test remote (slow)	UNKNOWN STEP	2025-11-20T19:02:42.6120765Z #14 0.908 Complete!
Test remote (slow)	UNKNOWN STEP	2025-11-20T19:02:42.8210319Z #14 0.964 ++ realpath rootfs
Test remote (slow)	UNKNOWN STEP	2025-11-20T19:02:42.8210819Z #14 0.965 + rootfs=/tmp/null/rootfs
Test remote (slow)	UNKNOWN STEP	2025-11-20T19:02:42.8211303Z #14 0.966 + mkdir -p /tmp/null/rootfs
Test remote (slow)	UNKNOWN STEP	2025-11-20T19:02:42.8212188Z #14 0.967 + xargs dnf install -y --installroot /tmp/null/rootfs --releasever 9 --setopt install_weak_deps=false --nodocs
Test remote (slow)	UNKNOWN STEP	2025-11-20T19:02:42.9184111Z #14 1.215 Updating Subscription Management repositories.
Test remote (slow)	UNKNOWN STEP	2025-11-20T19:02:43.0704866Z #14 1.216 Unable to read consumer identity
Test remote (slow)	UNKNOWN STEP	2025-11-20T19:02:43.0705219Z #14 1.217 
Test remote (slow)	UNKNOWN STEP	2025-11-20T19:02:43.1261362Z #14 1.217 This system is not registered with an entitlement server. You can use subscription-manager to register.
Test remote (slow)	UNKNOWN STEP	2025-11-20T19:02:43.1262164Z #14 1.217 
Test remote (slow)	UNKNOWN STEP	2025-11-20T19:02:43.1262622Z #14 1.423 Red Hat Universal Base Image 9 (RPMs) - BaseOS  2.8 MB/s | 531 kB     00:00    
Test remote (slow)	UNKNOWN STEP	2025-11-20T19:02:43.4811740Z #14 1.778 Red Hat Universal Base Image 9 (RPMs) - AppStre 9.4 MB/s | 2.6 MB     00:00    
Test remote (slow)	UNKNOWN STEP	2025-11-20T19:02:44.1484090Z #14 2.445 Red Hat Universal Base Image 9 (RPMs) - CodeRea 1.1 MB/s | 287 kB     00:00    
Test remote (slow)	UNKNOWN STEP	2025-11-20T19:02:44.2972830Z #14 2.594 Dependencies resolved.
Test remote (slow)	UNKNOWN STEP	2025-11-20T19:02:44.4114610Z #14 2.599 ===========================================================================================
Test remote (slow)	UNKNOWN STEP	2025-11-20T19:02:44.4115577Z #14 2.599  Package                    Arch    Version                     Repository             Size
Test remote (slow)	UNKNOWN STEP	2025-11-20T19:02:44.4116323Z #14 2.599 ===========================================================================================
Test remote (slow)	UNKNOWN STEP	2025-11-20T19:02:44.4117122Z #14 2.599 Installing:
Test remote (slow)	UNKNOWN STEP	2025-11-20T19:02:44.4117507Z #14 2.599  bash                       x86_64  5.1.8-9.el9                 ubi-9-baseos-rpms     1.7 M
Test remote (slow)	UNKNOWN STEP	2025-11-20T19:02:44.4118036Z #14 2.599  coreutils-single           x86_64  8.32-39.el9                 ubi-9-baseos-rpms     625 k
Test remote (slow)	UNKNOWN STEP	2025-11-20T19:02:44.4118536Z #14 2.599  findutils                  x86_64  1:4.8.0-7.el9               ubi-9-baseos-rpms     550 k
Test remote (slow)	UNKNOWN STEP	2025-11-20T19:02:44.4119047Z #14 2.599  glibc-langpack-en          x86_64  2.34-231.el9_7.2            ubi-9-baseos-rpms     660 k
Test remote (slow)	UNKNOWN STEP	2025-11-20T19:02:44.4119631Z #14 2.599  java-21-openjdk-headless   x86_64  1:21.0.9.0.10-1.el9         ubi-9-appstream-rpms   49 M
Test remote (slow)	UNKNOWN STEP	2025-11-20T19:02:44.4120064Z #14 2.599 Installing dependencies:
Test remote (slow)	UNKNOWN STEP	2025-11-20T19:02:44.4120416Z #14 2.599  alsa-lib                   x86_64  1.2.14-1.el9                ubi-9-appstream-rpms  529 k
Test remote (slow)	UNKNOWN STEP	2025-11-20T19:02:44.4120895Z #14 2.599  alternatives               x86_64  1.24-2.el9                  ubi-9-baseos-rpms      42 k
Test remote (slow)	UNKNOWN STEP	2025-11-20T19:02:44.4121355Z #14 2.599  avahi-libs                 x86_64  0.8-23.el9                  ubi-9-baseos-rpms      67 k
Test remote (slow)	UNKNOWN STEP	2025-11-20T19:02:44.4121771Z #14 2.599  basesystem                 noarch  11-13.el9                   ubi-9-baseos-rpms     8.0 k
Test remote (slow)	UNKNOWN STEP	2025-11-20T19:02:44.4122183Z #14 2.599  bzip2-libs                 x86_64  1.0.8-10.el9_5              ubi-9-baseos-rpms      42 k
Test remote (slow)	UNKNOWN STEP	2025-11-20T19:02:44.4122951Z #14 2.599  ca-certificates            noarch  2025.2.80_v9.0.305-91.el9   ubi-9-baseos-rpms     1.0 M
Test remote (slow)	UNKNOWN STEP	2025-11-20T19:02:44.4123539Z #14 2.599  copy-jdk-configs           noarch  4.0-3.el9                   ubi-9-appstream-rpms   29 k
Test remote (slow)	UNKNOWN STEP	2025-11-20T19:02:44.4124043Z #14 2.599  crypto-policies            noarch  20250905-1.git377cc42.el9_7 ubi-9-baseos-rpms      90 k
Test remote (slow)	UNKNOWN STEP	2025-11-20T19:02:44.4124575Z #14 2.599  crypto-policies-scripts    noarch  20250905-1.git377cc42.el9_7 ubi-9-baseos-rpms     102 k
Test remote (slow)	UNKNOWN STEP	2025-11-20T19:02:44.4125057Z #14 2.599  cups-libs                  x86_64  1:2.3.3op2-34.el9_7         ubi-9-baseos-rpms     261 k
Test remote (slow)	UNKNOWN STEP	2025-11-20T19:02:44.4125485Z #14 2.599  dbus-libs                  x86_64  1:1.12.20-8.el9             ubi-9-baseos-rpms     154 k
Test remote (slow)	UNKNOWN STEP	2025-11-20T19:02:44.4125879Z #14 2.599  expat                      x86_64  2.5.0-5.el9_6               ubi-9-baseos-rpms     119 k
Test remote (slow)	UNKNOWN STEP	2025-11-20T19:02:44.4126273Z #14 2.599  filesystem                 x86_64  3.16-5.el9                  ubi-9-baseos-rpms     4.8 M
Test remote (slow)	UNKNOWN STEP	2025-11-20T19:02:44.4126907Z #14 2.599  gawk                       x86_64  5.1.0-6.el9                 ubi-9-baseos-rpms     1.0 M
Test remote (slow)	UNKNOWN STEP	2025-11-20T19:02:44.4127312Z #14 2.599  gdbm-libs                  x86_64  1:1.23-1.el9                ubi-9-baseos-rpms      59 k
Test remote (slow)	UNKNOWN STEP	2025-11-20T19:02:44.4127711Z #14 2.599  glibc                      x86_64  2.34-231.el9_7.2            ubi-9-baseos-rpms     2.0 M
Test remote (slow)	UNKNOWN STEP	2025-11-20T19:02:44.4128113Z #14 2.599  glibc-common               x86_64  2.34-231.el9_7.2            ubi-9-baseos-rpms     306 k
Test remote (slow)	UNKNOWN STEP	2025-11-20T19:02:44.4128792Z #14 2.599  gmp                        x86_64  1:6.2.0-13.el9              ubi-9-baseos-rpms     319 k
Test remote (slow)	UNKNOWN STEP	2025-11-20T19:02:44.4129184Z #14 2.599  gnutls                     x86_64  3.8.3-9.el9                 ubi-9-baseos-rpms     1.1 M
Test remote (slow)	UNKNOWN STEP	2025-11-20T19:02:44.4129564Z #14 2.599  grep                       x86_64  3.6-5.el9                   ubi-9-baseos-rpms     273 k
Test remote (slow)	UNKNOWN STEP	2025-11-20T19:02:44.4130046Z #14 2.599  javapackages-filesystem    noarch  6.4.0-1.el9                 ubi-9-appstream-rpms   17 k
Test remote (slow)	UNKNOWN STEP	2025-11-20T19:02:44.4130534Z #14 2.599  keyutils-libs              x86_64  1.6.3-1.el9                 ubi-9-baseos-rpms      34 k
Test remote (slow)	UNKNOWN STEP	2025-11-20T19:02:44.4131113Z #14 2.599  krb5-libs                  x86_64  1.21.1-8.el9_6              ubi-9-baseos-rpms     766 k
Test remote (slow)	UNKNOWN STEP	2025-11-20T19:02:44.4131510Z #14 2.599  libacl                     x86_64  2.3.1-4.el9                 ubi-9-baseos-rpms      24 k
Test remote (slow)	UNKNOWN STEP	2025-11-20T19:02:44.4131902Z #14 2.599  libattr                    x86_64  2.5.1-3.el9                 ubi-9-baseos-rpms      20 k
Test remote (slow)	UNKNOWN STEP	2025-11-20T19:02:44.4132302Z #14 2.599  libcap                     x86_64  2.48-10.el9                 ubi-9-baseos-rpms      70 k
Test remote (slow)	UNKNOWN STEP	2025-11-20T19:02:44.4132702Z #14 2.599  libcom_err                 x86_64  1.46.5-8.el9                ubi-9-baseos-rpms      26 k
Test remote (slow)	UNKNOWN STEP	2025-11-20T19:02:44.4133112Z #14 2.599  libevent                   x86_64  2.1.12-8.el9_4              ubi-9-baseos-rpms     266 k
Test remote (slow)	UNKNOWN STEP	2025-11-20T19:02:44.4133512Z #14 2.599  libffi                     x86_64  3.4.2-8.el9                 ubi-9-baseos-rpms      40 k
Test remote (slow)	UNKNOWN STEP	2025-11-20T19:02:44.4133909Z #14 2.599  libgcc                     x86_64  11.5.0-11.el9               ubi-9-baseos-rpms      85 k
Test remote (slow)	UNKNOWN STEP	2025-11-20T19:02:44.4134306Z #14 2.599  libgcrypt                  x86_64  1.10.0-11.el9               ubi-9-baseos-rpms     510 k
Test remote (slow)	UNKNOWN STEP	2025-11-20T19:02:44.4134729Z #14 2.599  libgpg-error               x86_64  1.42-5.el9                  ubi-9-baseos-rpms     220 k
Test remote (slow)	UNKNOWN STEP	2025-11-20T19:02:44.4135145Z #14 2.599  libidn2                    x86_64  2.3.0-7.el9                 ubi-9-baseos-rpms     105 k
Test remote (slow)	UNKNOWN STEP	2025-11-20T19:02:44.4135554Z #14 2.599  libselinux                 x86_64  3.6-3.el9                   ubi-9-baseos-rpms      88 k
Test remote (slow)	UNKNOWN STEP	2025-11-20T19:02:44.4135965Z #14 2.599  libsepol                   x86_64  3.6-3.el9                   ubi-9-baseos-rpms     331 k
Test remote (slow)	UNKNOWN STEP	2025-11-20T19:02:44.4136458Z #14 2.599  libsigsegv                 x86_64  2.13-4.el9                  ubi-9-baseos-rpms      30 k
Test remote (slow)	UNKNOWN STEP	2025-11-20T19:02:44.4137283Z #14 2.599  libtasn1                   x86_64  4.16.0-9.el9                ubi-9-baseos-rpms      77 k
Test remote (slow)	UNKNOWN STEP	2025-11-20T19:02:44.4137874Z #14 2.599  libunistring               x86_64  0.9.10-15.el9               ubi-9-baseos-rpms     499 k
Test remote (slow)	UNKNOWN STEP	2025-11-20T19:02:44.4138292Z #14 2.599  libuuid                    x86_64  2.37.4-21.el9               ubi-9-baseos-rpms      30 k
Test remote (slow)	UNKNOWN STEP	2025-11-20T19:02:44.4138691Z #14 2.599  libverto                   x86_64  0.3.2-3.el9                 ubi-9-baseos-rpms      24 k
Test remote (slow)	UNKNOWN STEP	2025-11-20T19:02:44.4139094Z #14 2.599  libxcrypt                  x86_64  4.4.18-3.el9                ubi-9-baseos-rpms     120 k
Test remote (slow)	UNKNOWN STEP	2025-11-20T19:02:44.4139512Z #14 2.599  libzstd                    x86_64  1.5.5-1.el9                 ubi-9-baseos-rpms     297 k
Test remote (slow)	UNKNOWN STEP	2025-11-20T19:02:44.4139937Z #14 2.599  lksctp-tools               x86_64  1.0.19-3.el9_4              ubi-9-baseos-rpms     104 k
Test remote (slow)	UNKNOWN STEP	2025-11-20T19:02:44.4140341Z #14 2.599  lua                        x86_64  5.4.4-4.el9                 ubi-9-appstream-rpms  192 k
Test remote (slow)	UNKNOWN STEP	2025-11-20T19:02:44.4140730Z #14 2.599  lua-libs                   x86_64  5.4.4-4.el9                 ubi-9-baseos-rpms     132 k
Test remote (slow)	UNKNOWN STEP	2025-11-20T19:02:44.4141127Z #14 2.599  lua-posix                  x86_64  35.0-8.el9                  ubi-9-appstream-rpms  155 k
Test remote (slow)	UNKNOWN STEP	2025-11-20T19:02:44.4141523Z #14 2.599  lz4-libs                   x86_64  1.9.3-5.el9                 ubi-9-baseos-rpms      69 k
Test remote (slow)	UNKNOWN STEP	2025-11-20T19:02:44.4141904Z #14 2.599  mpfr                       x86_64  4.1.0-7.el9                 ubi-9-baseos-rpms     329 k
Test remote (slow)	UNKNOWN STEP	2025-11-20T19:02:44.4142320Z #14 2.599  ncurses-base               noarch  6.2-12.20210508.el9         ubi-9-baseos-rpms      96 k
Test remote (slow)	UNKNOWN STEP	2025-11-20T19:02:44.4142912Z #14 2.599  ncurses-libs               x86_64  6.2-12.20210508.el9         ubi-9-baseos-rpms     328 k
Test remote (slow)	UNKNOWN STEP	2025-11-20T19:02:44.4143331Z #14 2.599  nettle                     x86_64  3.10.1-1.el9                ubi-9-baseos-rpms     568 k
Test remote (slow)	UNKNOWN STEP	2025-11-20T19:02:44.4143717Z #14 2.599  nspr                       x86_64  4.36.0-4.el9_4              ubi-9-appstream-rpms  133 k
Test remote (slow)	UNKNOWN STEP	2025-11-20T19:02:44.4144180Z #14 2.599  nss                        x86_64  3.112.0-4.el9_4             ubi-9-appstream-rpms  723 k
Test remote (slow)	UNKNOWN STEP	2025-11-20T19:02:44.4144715Z #14 2.599  nss-softokn                x86_64  3.112.0-4.el9_4             ubi-9-appstream-rpms  400 k
Test remote (slow)	UNKNOWN STEP	2025-11-20T19:02:44.4145194Z #14 2.599  nss-softokn-freebl         x86_64  3.112.0-4.el9_4             ubi-9-appstream-rpms  413 k
Test remote (slow)	UNKNOWN STEP	2025-11-20T19:02:44.4145693Z #14 2.599  nss-sysinit                x86_64  3.112.0-4.el9_4             ubi-9-appstream-rpms   18 k
Test remote (slow)	UNKNOWN STEP	2025-11-20T19:02:44.4146254Z #14 2.599  nss-util                   x86_64  3.112.0-4.el9_4             ubi-9-appstream-rpms   89 k
Test remote (slow)	UNKNOWN STEP	2025-11-20T19:02:44.4146926Z #14 2.599  openssl-fips-provider      x86_64  3.0.7-8.el9                 ubi-9-baseos-rpms     9.2 k
Test remote (slow)	UNKNOWN STEP	2025-11-20T19:02:44.4147439Z #14 2.599  openssl-fips-provider-so   x86_64  3.0.7-8.el9                 ubi-9-baseos-rpms     576 k
Test remote (slow)	UNKNOWN STEP	2025-11-20T19:02:44.4147909Z #14 2.599  openssl-libs               x86_64  1:3.5.1-4.el9_7             ubi-9-baseos-rpms     2.3 M
Test remote (slow)	UNKNOWN STEP	2025-11-20T19:02:44.4148327Z #14 2.599  p11-kit                    x86_64  0.25.3-3.el9_5              ubi-9-baseos-rpms     536 k
Test remote (slow)	UNKNOWN STEP	2025-11-20T19:02:44.4148746Z #14 2.599  p11-kit-trust              x86_64  0.25.3-3.el9_5              ubi-9-baseos-rpms     144 k
Test remote (slow)	UNKNOWN STEP	2025-11-20T19:02:44.4149142Z #14 2.599  pcre                       x86_64  8.44-4.el9                  ubi-9-baseos-rpms     200 k
Test remote (slow)	UNKNOWN STEP	2025-11-20T19:02:44.4149521Z #14 2.599  pcre2                      x86_64  10.40-6.el9                 ubi-9-baseos-rpms     236 k
Test remote (slow)	UNKNOWN STEP	2025-11-20T19:02:44.4150037Z #14 2.599  pcre2-syntax               noarch  10.40-6.el9                 ubi-9-baseos-rpms     144 k
Test remote (slow)	UNKNOWN STEP	2025-11-20T19:02:44.4150585Z #14 2.599  python3                    x86_64  3.9.23-2.el9                ubi-9-baseos-rpms      26 k
Test remote (slow)	UNKNOWN STEP	2025-11-20T19:02:44.4151185Z #14 2.599  python3-libs               x86_64  3.9.23-2.el9                ubi-9-baseos-rpms     8.1 M
Test remote (slow)	UNKNOWN STEP	2025-11-20T19:02:44.4151708Z #14 2.599  python3-pip-wheel          noarch  21.3.1-1.el9                ubi-9-baseos-rpms     1.1 M
Test remote (slow)	UNKNOWN STEP	2025-11-20T19:02:44.4152218Z #14 2.599  python3-setuptools-wheel   noarch  53.0.0-15.el9               ubi-9-baseos-rpms     468 k
Test remote (slow)	UNKNOWN STEP	2025-11-20T19:02:44.4152675Z #14 2.599  readline                   x86_64  8.1-4.el9                   ubi-9-baseos-rpms     215 k
Test remote (slow)	UNKNOWN STEP	2025-11-20T19:02:44.4153095Z #14 2.599  redhat-release             x86_64  9.7-0.7.el9                 ubi-9-baseos-rpms      53 k
Test remote (slow)	UNKNOWN STEP	2025-11-20T19:02:44.4153494Z #14 2.599  sed                        x86_64  4.8-9.el9                   ubi-9-baseos-rpms     309 k
Test remote (slow)	UNKNOWN STEP	2025-11-20T19:02:44.4153877Z #14 2.599  setup                      noarch  2.13.7-10.el9               ubi-9-baseos-rpms     150 k
Test remote (slow)	UNKNOWN STEP	2025-11-20T19:02:44.4154281Z #14 2.599  sqlite-libs                x86_64  3.34.1-9.el9_7              ubi-9-baseos-rpms     642 k
Test remote (slow)	UNKNOWN STEP	2025-11-20T19:02:44.4154705Z #14 2.599  systemd-libs               x86_64  252-55.el9_7.2              ubi-9-baseos-rpms     676 k
Test remote (slow)	UNKNOWN STEP	2025-11-20T19:02:44.4155126Z #14 2.599  tzdata                     noarch  2025b-2.el9                 ubi-9-baseos-rpms     901 k
Test remote (slow)	UNKNOWN STEP	2025-11-20T19:02:44.4155564Z #14 2.599  tzdata-java                noarch  2025b-2.el9                 ubi-9-appstream-rpms  223 k
Test remote (slow)	UNKNOWN STEP	2025-11-20T19:02:44.4155974Z #14 2.599  xz-libs                    x86_64  5.2.5-8.el9_0               ubi-9-baseos-rpms      94 k
Test remote (slow)	UNKNOWN STEP	2025-11-20T19:02:44.4156357Z #14 2.599  zlib                       x86_64  1.2.11-40.el9               ubi-9-baseos-rpms      93 k
Test remote (slow)	UNKNOWN STEP	2025-11-20T19:02:44.4156861Z #14 2.599 
Test remote (slow)	UNKNOWN STEP	2025-11-20T19:02:44.4157046Z #14 2.599 Transaction Summary
Test remote (slow)	UNKNOWN STEP	2025-11-20T19:02:44.4157463Z #14 2.599 ===========================================================================================
Test remote (slow)	UNKNOWN STEP	2025-11-20T19:02:44.4157749Z #14 2.599 Install  84 Packages
Test remote (slow)	UNKNOWN STEP	2025-11-20T19:02:44.4157951Z #14 2.599 
Test remote (slow)	UNKNOWN STEP	2025-11-20T19:02:44.4158121Z #14 2.602 Total download size: 89 M
Test remote (slow)	UNKNOWN STEP	2025-11-20T19:02:44.4158354Z #14 2.602 Installed size: 321 M
Test remote (slow)	UNKNOWN STEP	2025-11-20T19:02:44.4158572Z #14 2.603 Downloading Packages:
Test remote (slow)	UNKNOWN STEP	2025-11-20T19:02:44.4158901Z #14 2.708 (1/84): basesystem-11-13.el9.noarch.rpm          81 kB/s | 8.0 kB     00:00    
Test remote (slow)	UNKNOWN STEP	2025-11-20T19:02:44.5256061Z #14 2.719 (2/84): alternatives-1.24-2.el9.x86_64.rpm      380 kB/s |  42 kB     00:00    
Test remote (slow)	UNKNOWN STEP	2025-11-20T19:02:44.5257245Z #14 2.731 (3/84): avahi-libs-0.8-23.el9.x86_64.rpm        551 kB/s |  67 kB     00:00    
Test remote (slow)	UNKNOWN STEP	2025-11-20T19:02:44.5257995Z #14 2.765 (4/84): bzip2-libs-1.0.8-10.el9_5.x86_64.rpm    912 kB/s |  42 kB     00:00    
Test remote (slow)	UNKNOWN STEP	2025-11-20T19:02:44.5258554Z #14 2.822 (5/84): ca-certificates-2025.2.80_v9.0.305-91.e  11 MB/s | 1.0 MB     00:00    
Test remote (slow)	UNKNOWN STEP	2025-11-20T19:02:44.6276175Z #14 2.863 (6/84): crypto-policies-20250905-1.git377cc42.e 2.2 MB/s |  90 kB     00:00    
Test remote (slow)	UNKNOWN STEP	2025-11-20T19:02:44.6277335Z #14 2.874 (7/84): coreutils-single-8.32-39.el9.x86_64.rpm 5.7 MB/s | 625 kB     00:00    
Test remote (slow)	UNKNOWN STEP	2025-11-20T19:02:44.6278165Z #14 2.922 (8/84): crypto-policies-scripts-20250905-1.git3 1.7 MB/s | 102 kB     00:00    
Test remote (slow)	UNKNOWN STEP	2025-11-20T19:02:44.6278983Z #14 2.924 (9/84): cups-libs-2.3.3op2-34.el9_7.x86_64.rpm  5.1 MB/s | 261 kB     00:00    
Test remote (slow)	UNKNOWN STEP	2025-11-20T19:02:44.7489156Z #14 2.935 (10/84): bash-5.1.8-9.el9.x86_64.rpm            7.4 MB/s | 1.7 MB     00:00    
Test remote (slow)	UNKNOWN STEP	2025-11-20T19:02:44.7489988Z #14 2.947 (11/84): dbus-libs-1.12.20-8.el9.x86_64.rpm     6.2 MB/s | 154 kB     00:00    
Test remote (slow)	UNKNOWN STEP	2025-11-20T19:02:44.7491559Z #14 2.952 (12/84): expat-2.5.0-5.el9_6.x86_64.rpm         4.3 MB/s | 119 kB     00:00    
Test remote (slow)	UNKNOWN STEP	2025-11-20T19:02:44.7492342Z #14 2.970 (13/84): findutils-4.8.0-7.el9.x86_64.rpm        23 MB/s | 550 kB     00:00    
Test remote (slow)	UNKNOWN STEP	2025-11-20T19:02:44.7493114Z #14 3.005 (14/84): gawk-5.1.0-6.el9.x86_64.rpm             19 MB/s | 1.0 MB     00:00    
Test remote (slow)	UNKNOWN STEP	2025-11-20T19:02:44.7493870Z #14 3.008 (15/84): gdbm-libs-1.23-1.el9.x86_64.rpm        1.6 MB/s |  59 kB     00:00    
Test remote (slow)	UNKNOWN STEP	2025-11-20T19:02:44.7494635Z #14 3.044 (16/84): glibc-common-2.34-231.el9_7.2.x86_64.r 9.9 MB/s | 306 kB     00:00    
Test remote (slow)	UNKNOWN STEP	2025-11-20T19:02:44.8495216Z #14 3.079 (17/84): filesystem-3.16-5.el9.x86_64.rpm        34 MB/s | 4.8 MB     00:00    
Test remote (slow)	UNKNOWN STEP	2025-11-20T19:02:44.8500160Z #14 3.086 (18/84): glibc-langpack-en-2.34-231.el9_7.2.x86  15 MB/s | 660 kB     00:00    
Test remote (slow)	UNKNOWN STEP	2025-11-20T19:02:44.8501022Z #14 3.098 (19/84): glibc-2.34-231.el9_7.2.x86_64.rpm       22 MB/s | 2.0 MB     00:00    
Test remote (slow)	UNKNOWN STEP	2025-11-20T19:02:44.8502627Z #14 3.109 (20/84): gmp-6.2.0-13.el9.x86_64.rpm            9.3 MB/s | 319 kB     00:00    
Test remote (slow)	UNKNOWN STEP	2025-11-20T19:02:44.8504364Z #14 3.130 (21/84): gnutls-3.8.3-9.el9.x86_64.rpm           23 MB/s | 1.1 MB     00:00    
Test remote (slow)	UNKNOWN STEP	2025-11-20T19:02:44.8505366Z #14 3.138 (22/84): keyutils-libs-1.6.3-1.el9.x86_64.rpm   1.2 MB/s |  34 kB     00:00    
Test remote (slow)	UNKNOWN STEP	2025-11-20T19:02:44.8506144Z #14 3.146 (23/84): grep-3.6-5.el9.x86_64.rpm              5.4 MB/s | 273 kB     00:00    
Test remote (slow)	UNKNOWN STEP	2025-11-20T19:02:44.9525614Z #14 3.156 (24/84): krb5-libs-1.21.1-8.el9_6.x86_64.rpm     30 MB/s | 766 kB     00:00    
Test remote (slow)	UNKNOWN STEP	2025-11-20T19:02:44.9526567Z #14 3.167 (25/84): libacl-2.3.1-4.el9.x86_64.rpm          833 kB/s |  24 kB     00:00    
Test remote (slow)	UNKNOWN STEP	2025-11-20T19:02:44.9527480Z #14 3.177 (26/84): libcap-2.48-10.el9.x86_64.rpm          3.6 MB/s |  70 kB     00:00    
Test remote (slow)	UNKNOWN STEP	2025-11-20T19:02:44.9528230Z #14 3.196 (27/84): libevent-2.1.12-8.el9_4.x86_64.rpm      13 MB/s | 266 kB     00:00    
Test remote (slow)	UNKNOWN STEP	2025-11-20T19:02:44.9528989Z #14 3.210 (28/84): libattr-2.5.1-3.el9.x86_64.rpm         322 kB/s |  20 kB     00:00    
Test remote (slow)	UNKNOWN STEP	2025-11-20T19:02:44.9529705Z #14 3.216 (29/84): libcom_err-1.46.5-8.el9.x86_64.rpm     545 kB/s |  26 kB     00:00    
Test remote (slow)	UNKNOWN STEP	2025-11-20T19:02:44.9530229Z #14 3.218 (30/84): libffi-3.4.2-8.el9.x86_64.rpm          1.8 MB/s |  40 kB     00:00    
Test remote (slow)	UNKNOWN STEP	2025-11-20T19:02:44.9530819Z #14 3.237 (31/84): libgpg-error-1.42-5.el9.x86_64.rpm      12 MB/s | 220 kB     00:00    
Test remote (slow)	UNKNOWN STEP	2025-11-20T19:02:44.9531619Z #14 3.249 (32/84): libgcrypt-1.10.0-11.el9.x86_64.rpm      15 MB/s | 510 kB     00:00    
Test remote (slow)	UNKNOWN STEP	2025-11-20T19:02:45.0688917Z #14 3.255 (33/84): libidn2-2.3.0-7.el9.x86_64.rpm         5.9 MB/s | 105 kB     00:00    
Test remote (slow)	UNKNOWN STEP	2025-11-20T19:02:45.0691356Z #14 3.287 (34/84): libselinux-3.6-3.el9.x86_64.rpm        2.3 MB/s |  88 kB     00:00    
Test remote (slow)	UNKNOWN STEP	2025-11-20T19:02:45.0692816Z #14 3.291 (35/84): libgcc-11.5.0-11.el9.x86_64.rpm        1.0 MB/s |  85 kB     00:00    
Test remote (slow)	UNKNOWN STEP	2025-11-20T19:02:45.0693813Z #14 3.297 (36/84): libsepol-3.6-3.el9.x86_64.rpm          7.9 MB/s | 331 kB     00:00    
Test remote (slow)	UNKNOWN STEP	2025-11-20T19:02:45.0695082Z #14 3.319 (37/84): libunistring-0.9.10-15.el9.x86_64.rpm   23 MB/s | 499 kB     00:00    
Test remote (slow)	UNKNOWN STEP	2025-11-20T19:02:45.0695940Z #14 3.320 (38/84): libsigsegv-2.13-4.el9.x86_64.rpm       958 kB/s |  30 kB     00:00    
Test remote (slow)	UNKNOWN STEP	2025-11-20T19:02:45.0696918Z #14 3.335 (39/84): libtasn1-4.16.0-9.el9.x86_64.rpm       1.8 MB/s |  77 kB     00:00    
Test remote (slow)	UNKNOWN STEP	2025-11-20T19:02:45.0697664Z #14 3.342 (40/84): libuuid-2.37.4-21.el9.x86_64.rpm       1.3 MB/s |  30 kB     00:00    
Test remote (slow)	UNKNOWN STEP	2025-11-20T19:02:45.0698457Z #14 3.348 (41/84): libverto-0.3.2-3.el9.x86_64.rpm        912 kB/s |  24 kB     00:00    
Test remote (slow)	UNKNOWN STEP	2025-11-20T19:02:45.0699218Z #14 3.365 (42/84): libzstd-1.5.5-1.el9.x86_64.rpm          13 MB/s | 297 kB     00:00    
Test remote (slow)	UNKNOWN STEP	2025-11-20T19:02:45.1727778Z #14 3.369 (43/84): libxcrypt-4.4.18-3.el9.x86_64.rpm      3.6 MB/s | 120 kB     00:00    
Test remote (slow)	UNKNOWN STEP	2025-11-20T19:02:45.1728700Z #14 3.376 (44/84): lksctp-tools-1.0.19-3.el9_4.x86_64.rpm 3.7 MB/s | 104 kB     00:00    
Test remote (slow)	UNKNOWN STEP	2025-11-20T19:02:45.1729436Z #14 3.397 (45/84): lua-libs-5.4.4-4.el9.x86_64.rpm        4.2 MB/s | 132 kB     00:00    
Test remote (slow)	UNKNOWN STEP	2025-11-20T19:02:45.1729919Z #14 3.419 (46/84): ncurses-base-6.2-12.20210508.el9.noarc 4.2 MB/s |  96 kB     00:00    
Test remote (slow)	UNKNOWN STEP	2025-11-20T19:02:45.1730362Z #14 3.438 (47/84): mpfr-4.1.0-7.el9.x86_64.rpm            5.2 MB/s | 329 kB     00:00    
Test remote (slow)	UNKNOWN STEP	2025-11-20T19:02:45.1730797Z #14 3.441 (48/84): ncurses-libs-6.2-12.20210508.el9.x86_6  15 MB/s | 328 kB     00:00    
Test remote (slow)	UNKNOWN STEP	2025-11-20T19:02:45.1731250Z #14 3.456 (49/84): lz4-libs-1.9.3-5.el9.x86_64.rpm        796 kB/s |  69 kB     00:00    
Test remote (slow)	UNKNOWN STEP	2025-11-20T19:02:45.1731708Z #14 3.458 (50/84): openssl-fips-provider-3.0.7-8.el9.x86_ 561 kB/s | 9.2 kB     00:00    
Test remote (slow)	UNKNOWN STEP	2025-11-20T19:02:45.1732167Z #14 3.469 (51/84): nettle-3.10.1-1.el9.x86_64.rpm          18 MB/s | 568 kB     00:00    
Test remote (slow)	UNKNOWN STEP	2025-11-20T19:02:45.2865815Z #14 3.492 (52/84): openssl-fips-provider-so-3.0.7-8.el9.x  16 MB/s | 576 kB     00:00    
Test remote (slow)	UNKNOWN STEP	2025-11-20T19:02:45.2867171Z #14 3.500 (53/84): openssl-libs-3.5.1-4.el9_7.x86_64.rpm   54 MB/s | 2.3 MB     00:00    
Test remote (slow)	UNKNOWN STEP	2025-11-20T19:02:45.2867725Z #14 3.503 (54/84): p11-kit-0.25.3-3.el9_5.x86_64.rpm       16 MB/s | 536 kB     00:00    
Test remote (slow)	UNKNOWN STEP	2025-11-20T19:02:45.2868153Z #14 3.521 (55/84): pcre-8.44-4.el9.x86_64.rpm              10 MB/s | 200 kB     00:00    
Test remote (slow)	UNKNOWN STEP	2025-11-20T19:02:45.2868585Z #14 3.530 (56/84): pcre2-10.40-6.el9.x86_64.rpm           8.8 MB/s | 236 kB     00:00    
Test remote (slow)	UNKNOWN STEP	2025-11-20T19:02:45.2869046Z #14 3.545 (57/84): pcre2-syntax-10.40-6.el9.noarch.rpm    5.9 MB/s | 144 kB     00:00    
Test remote (slow)	UNKNOWN STEP	2025-11-20T19:02:45.2869511Z #14 3.554 (58/84): p11-kit-trust-0.25.3-3.el9_5.x86_64.rp 2.3 MB/s | 144 kB     00:00    
Test remote (slow)	UNKNOWN STEP	2025-11-20T19:02:45.2869928Z #14 3.555 (59/84): python3-3.9.23-2.el9.x86_64.rpm        1.0 MB/s |  26 kB     00:00    
Test remote (slow)	UNKNOWN STEP	2025-11-20T19:02:45.2870367Z #14 3.583 (60/84): python3-setuptools-wheel-53.0.0-15.el9  16 MB/s | 468 kB     00:00    
Test remote (slow)	UNKNOWN STEP	2025-11-20T19:02:45.3892540Z #14 3.600 (61/84): python3-pip-wheel-21.3.1-1.el9.noarch.  25 MB/s | 1.1 MB     00:00    
Test remote (slow)	UNKNOWN STEP	2025-11-20T19:02:45.3893452Z #14 3.610 (62/84): readline-8.1-4.el9.x86_64.rpm          7.8 MB/s | 215 kB     00:00    
Test remote (slow)	UNKNOWN STEP	2025-11-20T19:02:45.3894017Z #14 3.629 (63/84): redhat-release-9.7-0.7.el9.x86_64.rpm  1.8 MB/s |  53 kB     00:00    
Test remote (slow)	UNKNOWN STEP	2025-11-20T19:02:45.3894591Z #14 3.644 (64/84): sed-4.8-9.el9.x86_64.rpm               9.1 MB/s | 309 kB     00:00    
Test remote (slow)	UNKNOWN STEP	2025-11-20T19:02:45.3895008Z #14 3.662 (65/84): setup-2.13.7-10.el9.noarch.rpm         4.6 MB/s | 150 kB     00:00    
Test remote (slow)	UNKNOWN STEP	2025-11-20T19:02:45.3895778Z #14 3.681 (66/84): python3-libs-3.9.23-2.el9.x86_64.rpm    60 MB/s | 8.1 MB     00:00    
Test remote (slow)	UNKNOWN STEP	2025-11-20T19:02:45.3896243Z #14 3.686 (67/84): sqlite-libs-3.34.1-9.el9_7.x86_64.rpm   15 MB/s | 642 kB     00:00    
Test remote (slow)	UNKNOWN STEP	2025-11-20T19:02:45.5041085Z #14 3.696 (68/84): systemd-libs-252-55.el9_7.2.x86_64.rpm  20 MB/s | 676 kB     00:00    
Test remote (slow)	UNKNOWN STEP	2025-11-20T19:02:45.5041986Z #14 3.705 (69/84): tzdata-2025b-2.el9.noarch.rpm           38 MB/s | 901 kB     00:00    
Test remote (slow)	UNKNOWN STEP	2025-11-20T19:02:45.5042752Z #14 3.713 (70/84): xz-libs-5.2.5-8.el9_0.x86_64.rpm       3.5 MB/s |  94 kB     00:00    
Test remote (slow)	UNKNOWN STEP	2025-11-20T19:02:45.5043988Z #14 3.723 (71/84): copy-jdk-configs-4.0-3.el9.noarch.rpm  1.7 MB/s |  29 kB     00:00    
Test remote (slow)	UNKNOWN STEP	2025-11-20T19:02:45.5044732Z #14 3.741 (72/84): lua-5.4.4-4.el9.x86_64.rpm             6.8 MB/s | 192 kB     00:00    
Test remote (slow)	UNKNOWN STEP	2025-11-20T19:02:45.5045429Z #14 3.743 (73/84): zlib-1.2.11-40.el9.x86_64.rpm          1.9 MB/s |  93 kB     00:00    
Test remote (slow)	UNKNOWN STEP	2025-11-20T19:02:45.5046161Z #14 3.745 (74/84): lua-posix-35.0-8.el9.x86_64.rpm        6.9 MB/s | 155 kB     00:00    
Test remote (slow)	UNKNOWN STEP	2025-11-20T19:02:45.5047475Z #14 3.763 (75/84): javapackages-filesystem-6.4.0-1.el9.no 973 kB/s |  17 kB     00:00    
Test remote (slow)	UNKNOWN STEP	2025-11-20T19:02:45.5048239Z #14 3.769 (76/84): alsa-lib-1.2.14-1.el9.x86_64.rpm        19 MB/s | 529 kB     00:00    
Test remote (slow)	UNKNOWN STEP	2025-11-20T19:02:45.5048848Z #14 3.782 (77/84): nspr-4.36.0-4.el9_4.x86_64.rpm         7.0 MB/s | 133 kB     00:00    
Test remote (slow)	UNKNOWN STEP	2025-11-20T19:02:45.5049386Z #14 3.801 (78/84): nss-3.112.0-4.el9_4.x86_64.rpm          23 MB/s | 723 kB     00:00    
Test remote (slow)	UNKNOWN STEP	2025-11-20T19:02:45.7094454Z #14 3.806 (79/84): nss-softokn-3.112.0-4.el9_4.x86_64.rpm  16 MB/s | 400 kB     00:00    
Test remote (slow)	UNKNOWN STEP	2025-11-20T19:02:45.7098048Z #14 3.823 (80/84): nss-sysinit-3.112.0-4.el9_4.x86_64.rpm 1.1 MB/s |  18 kB     00:00    
Test remote (slow)	UNKNOWN STEP	2025-11-20T19:02:45.7098977Z #14 3.829 (81/84): nss-softokn-freebl-3.112.0-4.el9_4.x86  14 MB/s | 413 kB     00:00    
Test remote (slow)	UNKNOWN STEP	2025-11-20T19:02:45.7099779Z #14 3.841 (82/84): nss-util-3.112.0-4.el9_4.x86_64.rpm    5.1 MB/s |  89 kB     00:00    
Test remote (slow)	UNKNOWN STEP	2025-11-20T19:02:45.7100610Z #14 3.856 (83/84): tzdata-java-2025b-2.el9.noarch.rpm     8.5 MB/s | 223 kB     00:00    
Test remote (slow)	UNKNOWN STEP	2025-11-20T19:02:46.1024517Z #14 4.399 (84/84): java-21-openjdk-headless-21.0.9.0.10-1  75 MB/s |  49 MB     00:00    
Test remote (slow)	UNKNOWN STEP	2025-11-20T19:02:46.3422880Z #14 4.403 --------------------------------------------------------------------------------
Test remote (slow)	UNKNOWN STEP	2025-11-20T19:02:46.3423571Z #14 4.403 Total                                            50 MB/s |  89 MB     00:01     
Test remote (slow)	UNKNOWN STEP	2025-11-20T19:02:46.3424269Z #14 4.415 Red Hat Universal Base Image 9 (RPMs) - BaseOS  3.5 MB/s | 3.6 kB     00:00    
Test remote (slow)	UNKNOWN STEP	2025-11-20T19:02:46.3424928Z #14 4.484 Importing GPG key 0xFD431D51:
Test remote (slow)	UNKNOWN STEP	2025-11-20T19:02:46.3425475Z #14 4.484  Userid     : "Red Hat, Inc. (release key 2) <security@redhat.com>"
Test remote (slow)	UNKNOWN STEP	2025-11-20T19:02:46.3425915Z #14 4.484  Fingerprint: 567E 347A D004 4ADE 55BA 8A5F 199E 2F91 FD43 1D51
Test remote (slow)	UNKNOWN STEP	2025-11-20T19:02:46.3426339Z #14 4.484  From       : /etc/pki/rpm-gpg/RPM-GPG-KEY-redhat-release
Test remote (slow)	UNKNOWN STEP	2025-11-20T19:02:46.3426860Z #14 4.487 Key imported successfully
Test remote (slow)	UNKNOWN STEP	2025-11-20T19:02:46.3427113Z #14 4.487 Importing GPG key 0x5A6340B3:
Test remote (slow)	UNKNOWN STEP	2025-11-20T19:02:46.3427487Z #14 4.487  Userid     : "Red Hat, Inc. (auxiliary key 3) <security@redhat.com>"
Test remote (slow)	UNKNOWN STEP	2025-11-20T19:02:46.3427903Z #14 4.487  Fingerprint: 7E46 2425 8C40 6535 D56D 6F13 5054 E4A4 5A63 40B3
Test remote (slow)	UNKNOWN STEP	2025-11-20T19:02:46.3428287Z #14 4.487  From       : /etc/pki/rpm-gpg/RPM-GPG-KEY-redhat-release
Test remote (slow)	UNKNOWN STEP	2025-11-20T19:02:46.3428593Z #14 4.489 Key imported successfully
Test remote (slow)	UNKNOWN STEP	2025-11-20T19:02:47.2566768Z #14 5.553 Running transaction check
Test remote (slow)	UNKNOWN STEP	2025-11-20T19:02:47.4593033Z #14 5.605 Transaction check succeeded.
Test remote (slow)	UNKNOWN STEP	2025-11-20T19:02:48.0960956Z #14 5.606 Running transaction test
Test remote (slow)	UNKNOWN STEP	2025-11-20T19:02:48.0961474Z #14 6.393 Transaction test succeeded.
Test remote (slow)	UNKNOWN STEP	2025-11-20T19:02:48.2471581Z #14 6.394 Running transaction
Test remote (slow)	UNKNOWN STEP	2025-11-20T19:02:48.8577313Z #14 7.001   Running scriptlet: filesystem-3.16-5.el9.x86_64                           1/1 
Test remote (slow)	UNKNOWN STEP	2025-11-20T19:02:48.8578240Z #14 7.003   Running scriptlet: copy-jdk-configs-4.0-3.el9.noarch                      1/1 
Test remote (slow)	UNKNOWN STEP	2025-11-20T19:02:48.9901518Z #14 7.004   Running scriptlet: java-21-openjdk-headless-1:21.0.9.0.10-1.el9.x86_64    1/1 
Test remote (slow)	UNKNOWN STEP	2025-11-20T19:02:49.1892879Z #14 7.287   Preparing        :                                                        1/1 
Test remote (slow)	UNKNOWN STEP	2025-11-20T19:02:49.3004187Z #14 7.486   Installing       : tzdata-2025b-2.el9.noarch                             1/84 
Test remote (slow)	UNKNOWN STEP	2025-11-20T19:02:49.3004804Z #14 7.534   Installing       : tzdata-java-2025b-2.el9.noarch                        2/84 
Test remote (slow)	UNKNOWN STEP	2025-11-20T19:02:49.3005322Z #14 7.540   Installing       : javapackages-filesystem-6.4.0-1.el9.noarch            3/84 
Test remote (slow)	UNKNOWN STEP	2025-11-20T19:02:49.3006156Z #14 7.546   Installing       : redhat-release-9.7-0.7.el9.x86_64                     4/84 
Test remote (slow)	UNKNOWN STEP	2025-11-20T19:02:49.3006823Z #14 7.554   Installing       : setup-2.13.7-10.el9.noarch                            5/84 
Test remote (slow)	UNKNOWN STEP	2025-11-20T19:02:49.3007320Z #14 7.556   Running scriptlet: setup-2.13.7-10.el9.noarch                            5/84 
Test remote (slow)	UNKNOWN STEP	2025-11-20T19:02:49.4026230Z #14 7.597   Installing       : filesystem-3.16-5.el9.x86_64                          6/84 
Test remote (slow)	UNKNOWN STEP	2025-11-20T19:02:49.4027348Z #14 7.645   Installing       : basesystem-11-13.el9.noarch                           7/84 
Test remote (slow)	UNKNOWN STEP	2025-11-20T19:02:49.4028019Z #14 7.648   Installing       : python3-setuptools-wheel-53.0.0-15.el9.noarch         8/84 
Test remote (slow)	UNKNOWN STEP	2025-11-20T19:02:49.4028578Z #14 7.651   Installing       : pcre2-syntax-10.40-6.el9.noarch                       9/84 
Test remote (slow)	UNKNOWN STEP	2025-11-20T19:02:49.4029305Z #14 7.672   Installing       : ncurses-base-6.2-12.20210508.el9.noarch              10/84 
Test remote (slow)	UNKNOWN STEP	2025-11-20T19:02:49.4029903Z #14 7.683   Installing       : ncurses-libs-6.2-12.20210508.el9.x86_64              11/84 
Test remote (slow)	UNKNOWN STEP	2025-11-20T19:02:49.5253086Z #14 7.699   Installing       : bash-5.1.8-9.el9.x86_64                              12/84 
Test remote (slow)	UNKNOWN STEP	2025-11-20T19:02:49.5254716Z #14 7.702   Running scriptlet: bash-5.1.8-9.el9.x86_64                              12/84 
Test remote (slow)	UNKNOWN STEP	2025-11-20T19:02:49.5255389Z #14 7.705   Installing       : libgcc-11.5.0-11.el9.x86_64                          13/84 
Test remote (slow)	UNKNOWN STEP	2025-11-20T19:02:49.5255846Z #14 7.706   Running scriptlet: libgcc-11.5.0-11.el9.x86_64                          13/84 
Test remote (slow)	UNKNOWN STEP	2025-11-20T19:02:49.5256323Z #14 7.771   Installing       : glibc-langpack-en-2.34-231.el9_7.2.x86_64            14/84 
Test remote (slow)	UNKNOWN STEP	2025-11-20T19:02:49.5257135Z #14 7.785   Installing       : glibc-common-2.34-231.el9_7.2.x86_64                 15/84 
Test remote (slow)	UNKNOWN STEP	2025-11-20T19:02:49.5257579Z #14 7.789   Running scriptlet: glibc-2.34-231.el9_7.2.x86_64                        16/84 
Test remote (slow)	UNKNOWN STEP	2025-11-20T19:02:49.6787583Z #14 7.822   Installing       : glibc-2.34-231.el9_7.2.x86_64                        16/84 
Test remote (slow)	UNKNOWN STEP	2025-11-20T19:02:50.0456545Z #14 7.825   Running scriptlet: glibc-2.34-231.el9_7.2.x86_64                        16/84 
Test remote (slow)	UNKNOWN STEP	2025-11-20T19:02:50.2578425Z #14 8.342   Installing       : crypto-policies-20250905-1.git377cc42.el9_7.noarch   17/84 
Test remote (slow)	UNKNOWN STEP	2025-11-20T19:02:50.2580358Z #14 8.346   Running scriptlet: crypto-policies-20250905-1.git377cc42.el9_7.noarch   17/84 
Test remote (slow)	UNKNOWN STEP	2025-11-20T19:02:50.2581171Z #14 8.350   Installing       : nspr-4.36.0-4.el9_4.x86_64                           18/84 
Test remote (slow)	UNKNOWN STEP	2025-11-20T19:02:50.2581910Z #14 8.354   Installing       : nss-util-3.112.0-4.el9_4.x86_64                      19/84 
Test remote (slow)	UNKNOWN STEP	2025-11-20T19:02:50.2582619Z #14 8.357   Installing       : zlib-1.2.11-40.el9.x86_64                            20/84 
Test remote (slow)	UNKNOWN STEP	2025-11-20T19:02:50.2583331Z #14 8.360   Installing       : libffi-3.4.2-8.el9.x86_64                            21/84 
Test remote (slow)	UNKNOWN STEP	2025-11-20T19:02:50.2584050Z #14 8.364   Installing       : libtasn1-4.16.0-9.el9.x86_64                         22/84 
Test remote (slow)	UNKNOWN STEP	2025-11-20T19:02:50.2584755Z #14 8.376   Installing       : p11-kit-0.25.3-3.el9_5.x86_64                        23/84 
Test remote (slow)	UNKNOWN STEP	2025-11-20T19:02:50.2585510Z #14 8.381   Installing       : libxcrypt-4.4.18-3.el9.x86_64                        24/84 
Test remote (slow)	UNKNOWN STEP	2025-11-20T19:02:50.2586255Z #14 8.386   Installing       : readline-8.1-4.el9.x86_64                            25/84 
Test remote (slow)	UNKNOWN STEP	2025-11-20T19:02:50.2587225Z #14 8.394   Installing       : sqlite-libs-3.34.1-9.el9_7.x86_64                    26/84 
Test remote (slow)	UNKNOWN STEP	2025-11-20T19:02:50.2587968Z #14 8.397   Installing       : alternatives-1.24-2.el9.x86_64                       27/84 
Test remote (slow)	UNKNOWN STEP	2025-11-20T19:02:50.2589044Z #14 8.403   Installing       : p11-kit-trust-0.25.3-3.el9_5.x86_64                  28/84 
Test remote (slow)	UNKNOWN STEP	2025-11-20T19:02:50.3664102Z #14 8.404   Running scriptlet: p11-kit-trust-0.25.3-3.el9_5.x86_64                  28/84 
Test remote (slow)	UNKNOWN STEP	2025-11-20T19:02:50.4688014Z #14 8.663   Installing       : gmp-1:6.2.0-13.el9.x86_64                            29/84 
Test remote (slow)	UNKNOWN STEP	2025-11-20T19:02:50.4688575Z #14 8.666   Installing       : libattr-2.5.1-3.el9.x86_64                           30/84 
Test remote (slow)	UNKNOWN STEP	2025-11-20T19:02:50.4689776Z #14 8.669   Installing       : libacl-2.3.1-4.el9.x86_64                            31/84 
Test remote (slow)	UNKNOWN STEP	2025-11-20T19:02:50.4690476Z #14 8.676   Installing       : libcap-2.48-10.el9.x86_64                            32/84 
Test remote (slow)	UNKNOWN STEP	2025-11-20T19:02:50.4691210Z #14 8.679   Installing       : libsigsegv-2.13-4.el9.x86_64                         33/84 
Test remote (slow)	UNKNOWN STEP	2025-11-20T19:02:50.4691936Z #14 8.688   Installing       : libunistring-0.9.10-15.el9.x86_64                    34/84 
Test remote (slow)	UNKNOWN STEP	2025-11-20T19:02:50.4693373Z #14 8.692   Installing       : lua-libs-5.4.4-4.el9.x86_64                          35/84 
Test remote (slow)	UNKNOWN STEP	2025-11-20T19:02:50.4694114Z #14 8.695   Installing       : xz-libs-5.2.5-8.el9_0.x86_64                         36/84 
Test remote (slow)	UNKNOWN STEP	2025-11-20T19:02:50.4694845Z #14 8.699   Installing       : lua-5.4.4-4.el9.x86_64                               37/84 
Test remote (slow)	UNKNOWN STEP	2025-11-20T19:02:50.4695457Z #14 8.712   Installing       : lua-posix-35.0-8.el9.x86_64                          38/84 
Test remote (slow)	UNKNOWN STEP	2025-11-20T19:02:50.4696258Z #14 8.717   Installing       : libidn2-2.3.0-7.el9.x86_64                           39/84 
Test remote (slow)	UNKNOWN STEP	2025-11-20T19:02:50.4697307Z #14 8.723   Installing       : mpfr-4.1.0-7.el9.x86_64                              40/84 
Test remote (slow)	UNKNOWN STEP	2025-11-20T19:02:50.4698055Z #14 8.737   Installing       : gawk-5.1.0-6.el9.x86_64                              41/84 
Test remote (slow)	UNKNOWN STEP	2025-11-20T19:02:50.4698806Z #14 8.746   Installing       : nss-softokn-freebl-3.112.0-4.el9_4.x86_64            42/84 
Test remote (slow)	UNKNOWN STEP	2025-11-20T19:02:50.4699569Z #14 8.755   Installing       : nss-softokn-3.112.0-4.el9_4.x86_64                   43/84 
Test remote (slow)	UNKNOWN STEP	2025-11-20T19:02:50.4700332Z #14 8.758   Installing       : bzip2-libs-1.0.8-10.el9_5.x86_64                     44/84 
Test remote (slow)	UNKNOWN STEP	2025-11-20T19:02:50.4701099Z #14 8.762   Installing       : expat-2.5.0-5.el9_6.x86_64                           45/84 
Test remote (slow)	UNKNOWN STEP	2025-11-20T19:02:50.5776317Z #14 8.766   Installing       : gdbm-libs-1:1.23-1.el9.x86_64                        46/84 
Test remote (slow)	UNKNOWN STEP	2025-11-20T19:02:50.5778272Z #14 8.769   Installing       : keyutils-libs-1.6.3-1.el9.x86_64                     47/84 
Test remote (slow)	UNKNOWN STEP	2025-11-20T19:02:50.5779142Z #14 8.772   Installing       : libcom_err-1.46.5-8.el9.x86_64                       48/84 
Test remote (slow)	UNKNOWN STEP	2025-11-20T19:02:50.5779927Z #14 8.777   Installing       : libgpg-error-1.42-5.el9.x86_64                       49/84 
Test remote (slow)	UNKNOWN STEP	2025-11-20T19:02:50.5780718Z #14 8.785   Installing       : libgcrypt-1.10.0-11.el9.x86_64                       50/84 
Test remote (slow)	UNKNOWN STEP	2025-11-20T19:02:50.5781498Z #14 8.791   Installing       : libsepol-3.6-3.el9.x86_64                            51/84 
Test remote (slow)	UNKNOWN STEP	2025-11-20T19:02:50.5782331Z #14 8.794   Installing       : libuuid-2.37.4-21.el9.x86_64                         52/84 
Test remote (slow)	UNKNOWN STEP	2025-11-20T19:02:50.5783105Z #14 8.797   Installing       : libverto-0.3.2-3.el9.x86_64                          53/84 
Test remote (slow)	UNKNOWN STEP	2025-11-20T19:02:50.5783863Z #14 8.803   Installing       : libzstd-1.5.5-1.el9.x86_64                           54/84 
Test remote (slow)	UNKNOWN STEP	2025-11-20T19:02:50.5784631Z #14 8.808   Installing       : lksctp-tools-1.0.19-3.el9_4.x86_64                   55/84 
Test remote (slow)	UNKNOWN STEP	2025-11-20T19:02:50.5785377Z #14 8.811   Installing       : lz4-libs-1.9.3-5.el9.x86_64                          56/84 
Test remote (slow)	UNKNOWN STEP	2025-11-20T19:02:50.5786103Z #14 8.818   Installing       : nettle-3.10.1-1.el9.x86_64                           57/84 
Test remote (slow)	UNKNOWN STEP	2025-11-20T19:02:50.5787049Z #14 8.830   Installing       : gnutls-3.8.3-9.el9.x86_64                            58/84 
Test remote (slow)	UNKNOWN STEP	2025-11-20T19:02:50.5787801Z #14 8.837   Installing       : pcre-8.44-4.el9.x86_64                               59/84 
Test remote (slow)	UNKNOWN STEP	2025-11-20T19:02:50.5788534Z #14 8.844   Installing       : grep-3.6-5.el9.x86_64                                60/84 
Test remote (slow)	UNKNOWN STEP	2025-11-20T19:02:50.5789510Z #14 8.850   Installing       : pcre2-10.40-6.el9.x86_64                             61/84 
Test remote (slow)	UNKNOWN STEP	2025-11-20T19:02:50.5790278Z #14 8.853   Installing       : libselinux-3.6-3.el9.x86_64                          62/84 
Test remote (slow)	UNKNOWN STEP	2025-11-20T19:02:50.7439596Z #14 8.874   Installing       : coreutils-single-8.32-39.el9.x86_64                  63/84 
Test remote (slow)	UNKNOWN STEP	2025-11-20T19:02:50.7440156Z #14 8.880   Installing       : sed-4.8-9.el9.x86_64                                 64/84 
Test remote (slow)	UNKNOWN STEP	2025-11-20T19:02:50.7440604Z #14 8.887   Installing       : findutils-1:4.8.0-7.el9.x86_64                       65/84 
Test remote (slow)	UNKNOWN STEP	2025-11-20T19:02:50.8567255Z #14 8.890   Running scriptlet: ca-certificates-2025.2.80_v9.0.305-91.el9.noarch     66/84 
Test remote (slow)	UNKNOWN STEP	2025-11-20T19:02:51.0109219Z #14 9.153   Installing       : ca-certificates-2025.2.80_v9.0.305-91.el9.noarch     66/84 
Test remote (slow)	UNKNOWN STEP	2025-11-20T19:02:52.0615479Z #14 9.157   Running scriptlet: ca-certificates-2025.2.80_v9.0.305-91.el9.noarch     66/84 
Test remote (slow)	UNKNOWN STEP	2025-11-20T19:02:52.2819554Z #14 10.36   Installing       : python3-pip-wheel-21.3.1-1.el9.noarch                67/84 
Test remote (slow)	UNKNOWN STEP	2025-11-20T19:02:52.2820493Z #14 10.36   Installing       : copy-jdk-configs-4.0-3.el9.noarch                    68/84 
Test remote (slow)	UNKNOWN STEP	2025-11-20T19:02:52.2821345Z #14 10.37   Installing       : openssl-fips-provider-so-3.0.7-8.el9.x86_64          69/84 
Test remote (slow)	UNKNOWN STEP	2025-11-20T19:02:52.2822206Z #14 10.37   Installing       : openssl-fips-provider-3.0.7-8.el9.x86_64             70/84 
Test remote (slow)	UNKNOWN STEP	2025-11-20T19:02:52.2822984Z #14 10.40   Installing       : openssl-libs-1:3.5.1-4.el9_7.x86_64                  71/84 
Test remote (slow)	UNKNOWN STEP	2025-11-20T19:02:52.2823755Z #14 10.42   Installing       : krb5-libs-1.21.1-8.el9_6.x86_64                      72/84 
Test remote (slow)	UNKNOWN STEP	2025-11-20T19:02:52.2824497Z #14 10.42   Installing       : libevent-2.1.12-8.el9_4.x86_64                       73/84 
Test remote (slow)	UNKNOWN STEP	2025-11-20T19:02:52.4809622Z #14 10.43   Installing       : python3-3.9.23-2.el9.x86_64                          74/84 
Test remote (slow)	UNKNOWN STEP	2025-11-20T19:02:52.6690146Z #14 10.78   Installing       : python3-libs-3.9.23-2.el9.x86_64                     75/84 
Test remote (slow)	UNKNOWN STEP	2025-11-20T19:02:52.6690858Z #14 10.80   Installing       : crypto-policies-scripts-20250905-1.git377cc42.el9_   76/84 
Test remote (slow)	UNKNOWN STEP	2025-11-20T19:02:52.6691494Z #14 10.80   Installing       : nss-sysinit-3.112.0-4.el9_4.x86_64                   77/84 
Test remote (slow)	UNKNOWN STEP	2025-11-20T19:02:52.6692058Z #14 10.81   Installing       : nss-3.112.0-4.el9_4.x86_64                           78/84 
Test remote (slow)	UNKNOWN STEP	2025-11-20T19:02:52.7779400Z #14 10.82   Running scriptlet: nss-3.112.0-4.el9_4.x86_64                           78/84 
Test remote (slow)	UNKNOWN STEP	2025-11-20T19:02:52.9314152Z #14 11.07   Installing       : systemd-libs-252-55.el9_7.2.x86_64                   79/84 
Test remote (slow)	UNKNOWN STEP	2025-11-20T19:02:53.0567885Z #14 11.08   Running scriptlet: systemd-libs-252-55.el9_7.2.x86_64                   79/84 
Test remote (slow)	UNKNOWN STEP	2025-11-20T19:02:53.2379387Z #14 11.35   Installing       : dbus-libs-1:1.12.20-8.el9.x86_64                     80/84 
Test remote (slow)	UNKNOWN STEP	2025-11-20T19:02:53.2380262Z #14 11.36   Installing       : avahi-libs-0.8-23.el9.x86_64                         81/84 
Test remote (slow)	UNKNOWN STEP	2025-11-20T19:02:53.2381073Z #14 11.37   Installing       : cups-libs-1:2.3.3op2-34.el9_7.x86_64                 82/84 
Test remote (slow)	UNKNOWN STEP	2025-11-20T19:02:53.8293198Z #14 11.38   Installing       : alsa-lib-1.2.14-1.el9.x86_64                         83/84 
Test remote (slow)	UNKNOWN STEP	2025-11-20T19:02:53.9413919Z #14 12.13   Installing       : java-21-openjdk-headless-1:21.0.9.0.10-1.el9.x86_6   84/84 
Test remote (slow)	UNKNOWN STEP	2025-11-20T19:02:54.2031201Z #14 12.24   Running scriptlet: java-21-openjdk-headless-1:21.0.9.0.10-1.el9.x86_6   84/84 
Test remote (slow)	UNKNOWN STEP	2025-11-20T19:02:54.4573937Z #14 12.50   Running scriptlet: filesystem-3.16-5.el9.x86_64                         84/84 
Test remote (slow)	UNKNOWN STEP	2025-11-20T19:02:55.7267262Z #14 12.75   Running scriptlet: ca-certificates-2025.2.80_v9.0.305-91.el9.noarch     84/84 
Test remote (slow)	UNKNOWN STEP	2025-11-20T19:02:55.9766839Z #14 14.02   Running scriptlet: copy-jdk-configs-4.0-3.el9.noarch                    84/84 
Test remote (slow)	UNKNOWN STEP	2025-11-20T19:02:56.5804852Z #14 14.27   Running scriptlet: crypto-policies-scripts-20250905-1.git377cc42.el9_   84/84 
Test remote (slow)	UNKNOWN STEP	2025-11-20T19:02:57.1847482Z #14 14.88   Running scriptlet: nss-3.112.0-4.el9_4.x86_64                           84/84 
Test remote (slow)	UNKNOWN STEP	2025-11-20T19:02:57.7336543Z #14 15.48   Running scriptlet: java-21-openjdk-headless-1:21.0.9.0.10-1.el9.x86_6   84/84 
Test remote (slow)	UNKNOWN STEP	2025-11-20T19:02:57.7337693Z #14 16.03   Verifying        : alternatives-1.24-2.el9.x86_64                        1/84 
Test remote (slow)	UNKNOWN STEP	2025-11-20T19:02:57.9269012Z #14 16.03   Verifying        : avahi-libs-0.8-23.el9.x86_64                          2/84 
Test remote (slow)	UNKNOWN STEP	2025-11-20T19:02:57.9270265Z #14 16.03   Verifying        : basesystem-11-13.el9.noarch                           3/84 
Test remote (slow)	UNKNOWN STEP	2025-11-20T19:02:57.9271364Z #14 16.03   Verifying        : bash-5.1.8-9.el9.x86_64                               4/84 
Test remote (slow)	UNKNOWN STEP	2025-11-20T19:02:57.9272890Z #14 16.03   Verifying        : bzip2-libs-1.0.8-10.el9_5.x86_64                      5/84 
Test remote (slow)	UNKNOWN STEP	2025-11-20T19:02:57.9273840Z #14 16.03   Verifying        : ca-certificates-2025.2.80_v9.0.305-91.el9.noarch      6/84 
Test remote (slow)	UNKNOWN STEP	2025-11-20T19:02:57.9274638Z #14 16.03   Verifying        : coreutils-single-8.32-39.el9.x86_64                   7/84 
Test remote (slow)	UNKNOWN STEP	2025-11-20T19:02:57.9275411Z #14 16.03   Verifying        : crypto-policies-20250905-1.git377cc42.el9_7.noarch    8/84 
Test remote (slow)	UNKNOWN STEP	2025-11-20T19:02:57.9276033Z #14 16.03   Verifying        : crypto-policies-scripts-20250905-1.git377cc42.el9_    9/84 
Test remote (slow)	UNKNOWN STEP	2025-11-20T19:02:57.9276848Z #14 16.03   Verifying        : cups-libs-1:2.3.3op2-34.el9_7.x86_64                 10/84 
Test remote (slow)	UNKNOWN STEP	2025-11-20T19:02:57.9277331Z #14 16.03   Verifying        : dbus-libs-1:1.12.20-8.el9.x86_64                     11/84 
Test remote (slow)	UNKNOWN STEP	2025-11-20T19:02:57.9277899Z #14 16.03   Verifying        : expat-2.5.0-5.el9_6.x86_64                           12/84 
Test remote (slow)	UNKNOWN STEP	2025-11-20T19:02:57.9278474Z #14 16.03   Verifying        : filesystem-3.16-5.el9.x86_64                         13/84 
Test remote (slow)	UNKNOWN STEP	2025-11-20T19:02:57.9278971Z #14 16.03   Verifying        : findutils-1:4.8.0-7.el9.x86_64                       14/84 
Test remote (slow)	UNKNOWN STEP	2025-11-20T19:02:57.9279518Z #14 16.03   Verifying        : gawk-5.1.0-6.el9.x86_64                              15/84 
Test remote (slow)	UNKNOWN STEP	2025-11-20T19:02:57.9279945Z #14 16.03   Verifying        : gdbm-libs-1:1.23-1.el9.x86_64                        16/84 
Test remote (slow)	UNKNOWN STEP	2025-11-20T19:02:57.9280508Z #14 16.03   Verifying        : glibc-2.34-231.el9_7.2.x86_64                        17/84 
Test remote (slow)	UNKNOWN STEP	2025-11-20T19:02:57.9281094Z #14 16.03   Verifying        : glibc-common-2.34-231.el9_7.2.x86_64                 18/84 
Test remote (slow)	UNKNOWN STEP	2025-11-20T19:02:57.9281648Z #14 16.03   Verifying        : glibc-langpack-en-2.34-231.el9_7.2.x86_64            19/84 
Test remote (slow)	UNKNOWN STEP	2025-11-20T19:02:57.9282260Z #14 16.03   Verifying        : gmp-1:6.2.0-13.el9.x86_64                            20/84 
Test remote (slow)	UNKNOWN STEP	2025-11-20T19:02:57.9282805Z #14 16.03   Verifying        : gnutls-3.8.3-9.el9.x86_64                            21/84 
Test remote (slow)	UNKNOWN STEP	2025-11-20T19:02:57.9283335Z #14 16.03   Verifying        : grep-3.6-5.el9.x86_64                                22/84 
Test remote (slow)	UNKNOWN STEP	2025-11-20T19:02:57.9283923Z #14 16.03   Verifying        : keyutils-libs-1.6.3-1.el9.x86_64                     23/84 
Test remote (slow)	UNKNOWN STEP	2025-11-20T19:02:57.9284690Z #14 16.03   Verifying        : krb5-libs-1.21.1-8.el9_6.x86_64                      24/84 
Test remote (slow)	UNKNOWN STEP	2025-11-20T19:02:57.9285232Z #14 16.03   Verifying        : libacl-2.3.1-4.el9.x86_64                            25/84 
Test remote (slow)	UNKNOWN STEP	2025-11-20T19:02:57.9285767Z #14 16.03   Verifying        : libattr-2.5.1-3.el9.x86_64                           26/84 
Test remote (slow)	UNKNOWN STEP	2025-11-20T19:02:57.9286280Z #14 16.03   Verifying        : libcap-2.48-10.el9.x86_64                            27/84 
Test remote (slow)	UNKNOWN STEP	2025-11-20T19:02:57.9287044Z #14 16.03   Verifying        : libcom_err-1.46.5-8.el9.x86_64                       28/84 
Test remote (slow)	UNKNOWN STEP	2025-11-20T19:02:57.9287568Z #14 16.03   Verifying        : libevent-2.1.12-8.el9_4.x86_64                       29/84 
Test remote (slow)	UNKNOWN STEP	2025-11-20T19:02:57.9288099Z #14 16.03   Verifying        : libffi-3.4.2-8.el9.x86_64                            30/84 
Test remote (slow)	UNKNOWN STEP	2025-11-20T19:02:57.9288611Z #14 16.03   Verifying        : libgcc-11.5.0-11.el9.x86_64                          31/84 
Test remote (slow)	UNKNOWN STEP	2025-11-20T19:02:57.9289149Z #14 16.03   Verifying        : libgcrypt-1.10.0-11.el9.x86_64                       32/84 
Test remote (slow)	UNKNOWN STEP	2025-11-20T19:02:57.9289679Z #14 16.03   Verifying        : libgpg-error-1.42-5.el9.x86_64                       33/84 
Test remote (slow)	UNKNOWN STEP	2025-11-20T19:02:57.9290417Z #14 16.03   Verifying        : libidn2-2.3.0-7.el9.x86_64                           34/84 
Test remote (slow)	UNKNOWN STEP	2025-11-20T19:02:57.9290958Z #14 16.03   Verifying        : libselinux-3.6-3.el9.x86_64                          35/84 
Test remote (slow)	UNKNOWN STEP	2025-11-20T19:02:57.9291497Z #14 16.03   Verifying        : libsepol-3.6-3.el9.x86_64                            36/84 
Test remote (slow)	UNKNOWN STEP	2025-11-20T19:02:57.9292038Z #14 16.03   Verifying        : libsigsegv-2.13-4.el9.x86_64                         37/84 
Test remote (slow)	UNKNOWN STEP	2025-11-20T19:02:57.9292576Z #14 16.03   Verifying        : libtasn1-4.16.0-9.el9.x86_64                         38/84 
Test remote (slow)	UNKNOWN STEP	2025-11-20T19:02:57.9293224Z #14 16.03   Verifying        : libunistring-0.9.10-15.el9.x86_64                    39/84 
Test remote (slow)	UNKNOWN STEP	2025-11-20T19:02:57.9293760Z #14 16.03   Verifying        : libuuid-2.37.4-21.el9.x86_64                         40/84 
Test remote (slow)	UNKNOWN STEP	2025-11-20T19:02:57.9294283Z #14 16.03   Verifying        : libverto-0.3.2-3.el9.x86_64                          41/84 
Test remote (slow)	UNKNOWN STEP	2025-11-20T19:02:57.9294820Z #14 16.03   Verifying        : libxcrypt-4.4.18-3.el9.x86_64                        42/84 
Test remote (slow)	UNKNOWN STEP	2025-11-20T19:02:57.9295354Z #14 16.03   Verifying        : libzstd-1.5.5-1.el9.x86_64                           43/84 
Test remote (slow)	UNKNOWN STEP	2025-11-20T19:02:57.9295880Z #14 16.03   Verifying        : lksctp-tools-1.0.19-3.el9_4.x86_64                   44/84 
Test remote (slow)	UNKNOWN STEP	2025-11-20T19:02:57.9296411Z #14 16.03   Verifying        : lua-libs-5.4.4-4.el9.x86_64                          45/84 
Test remote (slow)	UNKNOWN STEP	2025-11-20T19:02:57.9297160Z #14 16.03   Verifying        : lz4-libs-1.9.3-5.el9.x86_64                          46/84 
Test remote (slow)	UNKNOWN STEP	2025-11-20T19:02:57.9297703Z #14 16.03   Verifying        : mpfr-4.1.0-7.el9.x86_64                              47/84 
Test remote (slow)	UNKNOWN STEP	2025-11-20T19:02:57.9298240Z #14 16.03   Verifying        : ncurses-base-6.2-12.20210508.el9.noarch              48/84 
Test remote (slow)	UNKNOWN STEP	2025-11-20T19:02:57.9298772Z #14 16.03   Verifying        : ncurses-libs-6.2-12.20210508.el9.x86_64              49/84 
Test remote (slow)	UNKNOWN STEP	2025-11-20T19:02:57.9299300Z #14 16.03   Verifying        : nettle-3.10.1-1.el9.x86_64                           50/84 
Test remote (slow)	UNKNOWN STEP	2025-11-20T19:02:57.9299838Z #14 16.03   Verifying        : openssl-fips-provider-3.0.7-8.el9.x86_64             51/84 
Test remote (slow)	UNKNOWN STEP	2025-11-20T19:02:57.9300410Z #14 16.03   Verifying        : openssl-fips-provider-so-3.0.7-8.el9.x86_64          52/84 
Test remote (slow)	UNKNOWN STEP	2025-11-20T19:02:57.9300971Z #14 16.04   Verifying        : openssl-libs-1:3.5.1-4.el9_7.x86_64                  53/84 
Test remote (slow)	UNKNOWN STEP	2025-11-20T19:02:57.9301484Z #14 16.04   Verifying        : p11-kit-0.25.3-3.el9_5.x86_64                        54/84 
Test remote (slow)	UNKNOWN STEP	2025-11-20T19:02:57.9302002Z #14 16.04   Verifying        : p11-kit-trust-0.25.3-3.el9_5.x86_64                  55/84 
Test remote (slow)	UNKNOWN STEP	2025-11-20T19:02:57.9302518Z #14 16.04   Verifying        : pcre-8.44-4.el9.x86_64                               56/84 
Test remote (slow)	UNKNOWN STEP	2025-11-20T19:02:57.9303019Z #14 16.04   Verifying        : pcre2-10.40-6.el9.x86_64                             57/84 
Test remote (slow)	UNKNOWN STEP	2025-11-20T19:02:57.9303543Z #14 16.04   Verifying        : pcre2-syntax-10.40-6.el9.noarch                      58/84 
Test remote (slow)	UNKNOWN STEP	2025-11-20T19:02:57.9304076Z #14 16.04   Verifying        : python3-3.9.23-2.el9.x86_64                          59/84 
Test remote (slow)	UNKNOWN STEP	2025-11-20T19:02:57.9304605Z #14 16.04   Verifying        : python3-libs-3.9.23-2.el9.x86_64                     60/84 
Test remote (slow)	UNKNOWN STEP	2025-11-20T19:02:57.9305166Z #14 16.04   Verifying        : python3-pip-wheel-21.3.1-1.el9.noarch                61/84 
Test remote (slow)	UNKNOWN STEP	2025-11-20T19:02:57.9305743Z #14 16.04   Verifying        : python3-setuptools-wheel-53.0.0-15.el9.noarch        62/84 
Test remote (slow)	UNKNOWN STEP	2025-11-20T19:02:57.9306327Z #14 16.04   Verifying        : readline-8.1-4.el9.x86_64                            63/84 
Test remote (slow)	UNKNOWN STEP	2025-11-20T19:02:57.9306998Z #14 16.04   Verifying        : redhat-release-9.7-0.7.el9.x86_64                    64/84 
Test remote (slow)	UNKNOWN STEP	2025-11-20T19:02:57.9307526Z #14 16.04   Verifying        : sed-4.8-9.el9.x86_64                                 65/84 
Test remote (slow)	UNKNOWN STEP	2025-11-20T19:02:57.9308041Z #14 16.04   Verifying        : setup-2.13.7-10.el9.noarch                           66/84 
Test remote (slow)	UNKNOWN STEP	2025-11-20T19:02:57.9308564Z #14 16.04   Verifying        : sqlite-libs-3.34.1-9.el9_7.x86_64                    67/84 
Test remote (slow)	UNKNOWN STEP	2025-11-20T19:02:57.9309242Z #14 16.04   Verifying        : systemd-libs-252-55.el9_7.2.x86_64                   68/84 
Test remote (slow)	UNKNOWN STEP	2025-11-20T19:02:57.9309787Z #14 16.04   Verifying        : tzdata-2025b-2.el9.noarch                            69/84 
Test remote (slow)	UNKNOWN STEP	2025-11-20T19:02:57.9310306Z #14 16.04   Verifying        : xz-libs-5.2.5-8.el9_0.x86_64                         70/84 
Test remote (slow)	UNKNOWN STEP	2025-11-20T19:02:57.9310818Z #14 16.04   Verifying        : zlib-1.2.11-40.el9.x86_64                            71/84 
Test remote (slow)	UNKNOWN STEP	2025-11-20T19:02:57.9311346Z #14 16.04   Verifying        : copy-jdk-configs-4.0-3.el9.noarch                    72/84 
Test remote (slow)	UNKNOWN STEP	2025-11-20T19:02:57.9311988Z #14 16.04   Verifying        : lua-5.4.4-4.el9.x86_64                               73/84 
Test remote (slow)	UNKNOWN STEP	2025-11-20T19:02:57.9312509Z #14 16.04   Verifying        : lua-posix-35.0-8.el9.x86_64                          74/84 
Test remote (slow)	UNKNOWN STEP	2025-11-20T19:02:57.9313032Z #14 16.04   Verifying        : alsa-lib-1.2.14-1.el9.x86_64                         75/84 
Test remote (slow)	UNKNOWN STEP	2025-11-20T19:02:57.9313559Z #14 16.04   Verifying        : java-21-openjdk-headless-1:21.0.9.0.10-1.el9.x86_6   76/84 
Test remote (slow)	UNKNOWN STEP	2025-11-20T19:02:57.9314210Z #14 16.04   Verifying        : javapackages-filesystem-6.4.0-1.el9.noarch           77/84 
Test remote (slow)	UNKNOWN STEP	2025-11-20T19:02:57.9314922Z #14 16.04   Verifying        : nspr-4.36.0-4.el9_4.x86_64                           78/84 
Test remote (slow)	UNKNOWN STEP	2025-11-20T19:02:57.9315625Z #14 16.04   Verifying        : nss-3.112.0-4.el9_4.x86_64                           79/84 
Test remote (slow)	UNKNOWN STEP	2025-11-20T19:02:57.9316356Z #14 16.04   Verifying        : nss-softokn-3.112.0-4.el9_4.x86_64                   80/84 
Test remote (slow)	UNKNOWN STEP	2025-11-20T19:02:57.9317297Z #14 16.04   Verifying        : nss-softokn-freebl-3.112.0-4.el9_4.x86_64            81/84 
Test remote (slow)	UNKNOWN STEP	2025-11-20T19:02:57.9317904Z #14 16.04   Verifying        : nss-sysinit-3.112.0-4.el9_4.x86_64                   82/84 
Test remote (slow)	UNKNOWN STEP	2025-11-20T19:02:57.9318436Z #14 16.04   Verifying        : nss-util-3.112.0-4.el9_4.x86_64                      83/84 
Test remote (slow)	UNKNOWN STEP	2025-11-20T19:02:57.9318976Z #14 16.04   Verifying        : tzdata-java-2025b-2.el9.noarch                       84/84 
Test remote (slow)	UNKNOWN STEP	2025-11-20T19:02:57.9319456Z #14 16.09 Installed products updated.
Test remote (slow)	UNKNOWN STEP	2025-11-20T19:02:57.9319933Z #14 16.12 
Test remote (slow)	UNKNOWN STEP	2025-11-20T19:02:57.9320189Z #14 16.12 Installed:
Test remote (slow)	UNKNOWN STEP	2025-11-20T19:02:57.9320497Z #14 16.12   alsa-lib-1.2.14-1.el9.x86_64                                                  
Test remote (slow)	UNKNOWN STEP	2025-11-20T19:02:57.9320991Z #14 16.12   alternatives-1.24-2.el9.x86_64                                                
Test remote (slow)	UNKNOWN STEP	2025-11-20T19:02:57.9321511Z #14 16.12   avahi-libs-0.8-23.el9.x86_64                                                  
Test remote (slow)	UNKNOWN STEP	2025-11-20T19:02:57.9322020Z #14 16.12   basesystem-11-13.el9.noarch                                                   
Test remote (slow)	UNKNOWN STEP	2025-11-20T19:02:57.9322628Z #14 16.12   bash-5.1.8-9.el9.x86_64                                                       
Test remote (slow)	UNKNOWN STEP	2025-11-20T19:02:57.9323119Z #14 16.12   bzip2-libs-1.0.8-10.el9_5.x86_64                                              
Test remote (slow)	UNKNOWN STEP	2025-11-20T19:02:57.9323648Z #14 16.12   ca-certificates-2025.2.80_v9.0.305-91.el9.noarch                              
Test remote (slow)	UNKNOWN STEP	2025-11-20T19:02:57.9324205Z #14 16.12   copy-jdk-configs-4.0-3.el9.noarch                                             
Test remote (slow)	UNKNOWN STEP	2025-11-20T19:02:57.9324765Z #14 16.12   coreutils-single-8.32-39.el9.x86_64                                           
Test remote (slow)	UNKNOWN STEP	2025-11-20T19:02:57.9325343Z #14 16.12   crypto-policies-20250905-1.git377cc42.el9_7.noarch                            
Test remote (slow)	UNKNOWN STEP	2025-11-20T19:02:57.9325978Z #14 16.12   crypto-policies-scripts-20250905-1.git377cc42.el9_7.noarch                    
Test remote (slow)	UNKNOWN STEP	2025-11-20T19:02:57.9326567Z #14 16.12   cups-libs-1:2.3.3op2-34.el9_7.x86_64                                          
Test remote (slow)	UNKNOWN STEP	2025-11-20T19:02:57.9327277Z #14 16.12   dbus-libs-1:1.12.20-8.el9.x86_64                                              
Test remote (slow)	UNKNOWN STEP	2025-11-20T19:02:57.9327778Z #14 16.12   expat-2.5.0-5.el9_6.x86_64                                                    
Test remote (slow)	UNKNOWN STEP	2025-11-20T19:02:57.9328283Z #14 16.12   filesystem-3.16-5.el9.x86_64                                                  
Test remote (slow)	UNKNOWN STEP	2025-11-20T19:02:57.9328798Z #14 16.12   findutils-1:4.8.0-7.el9.x86_64                                                
Test remote (slow)	UNKNOWN STEP	2025-11-20T19:02:57.9329483Z #14 16.12   gawk-5.1.0-6.el9.x86_64                                                       
Test remote (slow)	UNKNOWN STEP	2025-11-20T19:02:57.9329980Z #14 16.12   gdbm-libs-1:1.23-1.el9.x86_64                                                 
Test remote (slow)	UNKNOWN STEP	2025-11-20T19:02:57.9330545Z #14 16.12   glibc-2.34-231.el9_7.2.x86_64                                                 
Test remote (slow)	UNKNOWN STEP	2025-11-20T19:02:57.9330988Z #14 16.12   glibc-common-2.34-231.el9_7.2.x86_64                                          
Test remote (slow)	UNKNOWN STEP	2025-11-20T19:02:57.9331520Z #14 16.12   glibc-langpack-en-2.34-231.el9_7.2.x86_64                                     
Test remote (slow)	UNKNOWN STEP	2025-11-20T19:02:57.9332172Z #14 16.12   gmp-1:6.2.0-13.el9.x86_64                                                     
Test remote (slow)	UNKNOWN STEP	2025-11-20T19:02:57.9332651Z #14 16.12   gnutls-3.8.3-9.el9.x86_64                                                     
Test remote (slow)	UNKNOWN STEP	2025-11-20T19:02:57.9333119Z #14 16.12   grep-3.6-5.el9.x86_64                                                         
Test remote (slow)	UNKNOWN STEP	2025-11-20T19:02:57.9333724Z #14 16.12   java-21-openjdk-headless-1:21.0.9.0.10-1.el9.x86_64                           
Test remote (slow)	UNKNOWN STEP	2025-11-20T19:02:57.9334304Z #14 16.12   javapackages-filesystem-6.4.0-1.el9.noarch                                    
Test remote (slow)	UNKNOWN STEP	2025-11-20T19:02:57.9334854Z #14 16.12   keyutils-libs-1.6.3-1.el9.x86_64                                              
Test remote (slow)	UNKNOWN STEP	2025-11-20T19:02:57.9335361Z #14 16.12   krb5-libs-1.21.1-8.el9_6.x86_64                                               
Test remote (slow)	UNKNOWN STEP	2025-11-20T19:02:57.9335944Z #14 16.12   libacl-2.3.1-4.el9.x86_64                                                     
Test remote (slow)	UNKNOWN STEP	2025-11-20T19:02:57.9336459Z #14 16.12   libattr-2.5.1-3.el9.x86_64                                                    
Test remote (slow)	UNKNOWN STEP	2025-11-20T19:02:57.9337145Z #14 16.12   libcap-2.48-10.el9.x86_64                                                     
Test remote (slow)	UNKNOWN STEP	2025-11-20T19:02:57.9337642Z #14 16.12   libcom_err-1.46.5-8.el9.x86_64                                                
Test remote (slow)	UNKNOWN STEP	2025-11-20T19:02:57.9338148Z #14 16.12   libevent-2.1.12-8.el9_4.x86_64                                                
Test remote (slow)	UNKNOWN STEP	2025-11-20T19:02:57.9338639Z #14 16.12   libffi-3.4.2-8.el9.x86_64                                                     
Test remote (slow)	UNKNOWN STEP	2025-11-20T19:02:57.9339105Z #14 16.12   libgcc-11.5.0-11.el9.x86_64                                                   
Test remote (slow)	UNKNOWN STEP	2025-11-20T19:02:57.9339611Z #14 16.12   libgcrypt-1.10.0-11.el9.x86_64                                                
Test remote (slow)	UNKNOWN STEP	2025-11-20T19:02:57.9340120Z #14 16.12   libgpg-error-1.42-5.el9.x86_64                                                
Test remote (slow)	UNKNOWN STEP	2025-11-20T19:02:57.9340640Z #14 16.12   libidn2-2.3.0-7.el9.x86_64                                                    
Test remote (slow)	UNKNOWN STEP	2025-11-20T19:02:57.9341143Z #14 16.12   libselinux-3.6-3.el9.x86_64                                                   
Test remote (slow)	UNKNOWN STEP	2025-11-20T19:02:57.9341634Z #14 16.12   libsepol-3.6-3.el9.x86_64                                                     
Test remote (slow)	UNKNOWN STEP	2025-11-20T19:02:57.9342132Z #14 16.12   libsigsegv-2.13-4.el9.x86_64                                                  
Test remote (slow)	UNKNOWN STEP	2025-11-20T19:02:57.9342671Z #14 16.12   libtasn1-4.16.0-9.el9.x86_64                                                  
Test remote (slow)	UNKNOWN STEP	2025-11-20T19:02:57.9343194Z #14 16.12   libunistring-0.9.10-15.el9.x86_64                                             
Test remote (slow)	UNKNOWN STEP	2025-11-20T19:02:57.9344146Z #14 16.12   libuuid-2.37.4-21.el9.x86_64                                                  
Test remote (slow)	UNKNOWN STEP	2025-11-20T19:02:57.9344792Z #14 16.12   libverto-0.3.2-3.el9.x86_64                                                   
Test remote (slow)	UNKNOWN STEP	2025-11-20T19:02:57.9345371Z #14 16.12   libxcrypt-4.4.18-3.el9.x86_64                                                 
Test remote (slow)	UNKNOWN STEP	2025-11-20T19:02:57.9346016Z #14 16.12   libzstd-1.5.5-1.el9.x86_64                                                    
Test remote (slow)	UNKNOWN STEP	2025-11-20T19:02:57.9347146Z #14 16.12   lksctp-tools-1.0.19-3.el9_4.x86_64                                            
Test remote (slow)	UNKNOWN STEP	2025-11-20T19:02:57.9347742Z #14 16.12   lua-5.4.4-4.el9.x86_64                                                        
Test remote (slow)	UNKNOWN STEP	2025-11-20T19:02:57.9348468Z #14 16.12   lua-libs-5.4.4-4.el9.x86_64                                                   
Test remote (slow)	UNKNOWN STEP	2025-11-20T19:02:57.9349204Z #14 16.12   lua-posix-35.0-8.el9.x86_64                                                   
Test remote (slow)	UNKNOWN STEP	2025-11-20T19:02:57.9349790Z #14 16.12   lz4-libs-1.9.3-5.el9.x86_64                                                   
Test remote (slow)	UNKNOWN STEP	2025-11-20T19:02:57.9350430Z #14 16.12   mpfr-4.1.0-7.el9.x86_64                                                       
Test remote (slow)	UNKNOWN STEP	2025-11-20T19:02:57.9351036Z #14 16.12   ncurses-base-6.2-12.20210508.el9.noarch                                       
Test remote (slow)	UNKNOWN STEP	2025-11-20T19:02:57.9363001Z #14 16.12   ncurses-libs-6.2-12.20210508.el9.x86_64                                       
Test remote (slow)	UNKNOWN STEP	2025-11-20T19:02:57.9364275Z #14 16.12   nettle-3.10.1-1.el9.x86_64                                                    
Test remote (slow)	UNKNOWN STEP	2025-11-20T19:02:57.9364794Z #14 16.12   nspr-4.36.0-4.el9_4.x86_64                                                    
Test remote (slow)	UNKNOWN STEP	2025-11-20T19:02:57.9365488Z #14 16.12   nss-3.112.0-4.el9_4.x86_64                                                    
Test remote (slow)	UNKNOWN STEP	2025-11-20T19:02:57.9366081Z #14 16.12   nss-softokn-3.112.0-4.el9_4.x86_64                                            
Test remote (slow)	UNKNOWN STEP	2025-11-20T19:02:57.9366841Z #14 16.12   nss-softokn-freebl-3.112.0-4.el9_4.x86_64                                     
Test remote (slow)	UNKNOWN STEP	2025-11-20T19:02:57.9367398Z #14 16.12   nss-sysinit-3.112.0-4.el9_4.x86_64                                            
Test remote (slow)	UNKNOWN STEP	2025-11-20T19:02:57.9367915Z #14 16.12   nss-util-3.112.0-4.el9_4.x86_64                                               
Test remote (slow)	UNKNOWN STEP	2025-11-20T19:02:57.9368462Z #14 16.12   openssl-fips-provider-3.0.7-8.el9.x86_64                                      
Test remote (slow)	UNKNOWN STEP	2025-11-20T19:02:57.9369062Z #14 16.12   openssl-fips-provider-so-3.0.7-8.el9.x86_64                                   
Test remote (slow)	UNKNOWN STEP	2025-11-20T19:02:57.9369630Z #14 16.12   openssl-libs-1:3.5.1-4.el9_7.x86_64                                           
Test remote (slow)	UNKNOWN STEP	2025-11-20T19:02:57.9370134Z #14 16.12   p11-kit-0.25.3-3.el9_5.x86_64                                                 
Test remote (slow)	UNKNOWN STEP	2025-11-20T19:02:57.9370630Z #14 16.12   p11-kit-trust-0.25.3-3.el9_5.x86_64                                           
Test remote (slow)	UNKNOWN STEP	2025-11-20T19:02:57.9371130Z #14 16.12   pcre-8.44-4.el9.x86_64                                                        
Test remote (slow)	UNKNOWN STEP	2025-11-20T19:02:57.9371603Z #14 16.12   pcre2-10.40-6.el9.x86_64                                                      
Test remote (slow)	UNKNOWN STEP	2025-11-20T19:02:57.9372109Z #14 16.12   pcre2-syntax-10.40-6.el9.noarch                                               
Test remote (slow)	UNKNOWN STEP	2025-11-20T19:02:57.9372616Z #14 16.12   python3-3.9.23-2.el9.x86_64                                                   
Test remote (slow)	UNKNOWN STEP	2025-11-20T19:02:57.9373122Z #14 16.12   python3-libs-3.9.23-2.el9.x86_64                                              
Test remote (slow)	UNKNOWN STEP	2025-11-20T19:02:57.9373664Z #14 16.12   python3-pip-wheel-21.3.1-1.el9.noarch                                         
Test remote (slow)	UNKNOWN STEP	2025-11-20T19:02:57.9374247Z #14 16.12   python3-setuptools-wheel-53.0.0-15.el9.noarch                                 
Test remote (slow)	UNKNOWN STEP	2025-11-20T19:02:57.9374793Z #14 16.12   readline-8.1-4.el9.x86_64                                                     
Test remote (slow)	UNKNOWN STEP	2025-11-20T19:02:57.9375321Z #14 16.12   redhat-release-9.7-0.7.el9.x86_64                                             
Test remote (slow)	UNKNOWN STEP	2025-11-20T19:02:57.9375819Z #14 16.12   sed-4.8-9.el9.x86_64                                                          
Test remote (slow)	UNKNOWN STEP	2025-11-20T19:02:57.9376288Z #14 16.12   setup-2.13.7-10.el9.noarch                                                    
Test remote (slow)	UNKNOWN STEP	2025-11-20T19:02:57.9376964Z #14 16.12   sqlite-libs-3.34.1-9.el9_7.x86_64                                             
Test remote (slow)	UNKNOWN STEP	2025-11-20T19:02:57.9377470Z #14 16.12   systemd-libs-252-55.el9_7.2.x86_64                                            
Test remote (slow)	UNKNOWN STEP	2025-11-20T19:02:57.9378002Z #14 16.12   tzdata-2025b-2.el9.noarch                                                     
Test remote (slow)	UNKNOWN STEP	2025-11-20T19:02:57.9378526Z #14 16.12   tzdata-java-2025b-2.el9.noarch                                                
Test remote (slow)	UNKNOWN STEP	2025-11-20T19:02:57.9379046Z #14 16.12   xz-libs-5.2.5-8.el9_0.x86_64                                                  
Test remote (slow)	UNKNOWN STEP	2025-11-20T19:02:57.9379532Z #14 16.12   zlib-1.2.11-40.el9.x86_64                                                     
Test remote (slow)	UNKNOWN STEP	2025-11-20T19:02:57.9379955Z #14 16.12 
Test remote (slow)	UNKNOWN STEP	2025-11-20T19:02:57.9380271Z #14 16.12 Complete!
Test remote (slow)	UNKNOWN STEP	2025-11-20T19:02:57.9380826Z #14 16.22 + dnf --installroot /tmp/null/rootfs clean all
Test remote (slow)	UNKNOWN STEP	2025-11-20T19:02:58.1730517Z #14 16.47 Updating Subscription Management repositories.
Test remote (slow)	UNKNOWN STEP	2025-11-20T19:02:58.3829031Z #14 16.47 Unable to read consumer identity
Test remote (slow)	UNKNOWN STEP	2025-11-20T19:02:58.3829507Z #14 16.47 
Test remote (slow)	UNKNOWN STEP	2025-11-20T19:02:58.3830095Z #14 16.47 This system is not registered with an entitlement server. You can use subscription-manager to register.
Test remote (slow)	UNKNOWN STEP	2025-11-20T19:02:58.3830656Z #14 16.47 
Test remote (slow)	UNKNOWN STEP	2025-11-20T19:02:58.3831257Z #14 16.48 26 files removed
Test remote (slow)	UNKNOWN STEP	2025-11-20T19:02:58.3832462Z #14 16.53 + rm -rf /tmp/null/rootfs/var/cache/bpf /tmp/null/rootfs/var/cache/dnf /tmp/null/rootfs/var/cache/ldconfig /tmp/null/rootfs/var/log/dnf.librepo.log /tmp/null/rootfs/var/log/dnf.log /tmp/null/rootfs/var/log/dnf.rpm.log '/tmp/null/rootfs/var/log/yum.*'
Test remote (slow)	UNKNOWN STEP	2025-11-20T19:02:58.3833604Z #14 16.53 ==> Building dependency tree
Test remote (slow)	UNKNOWN STEP	2025-11-20T19:02:58.6434857Z #14 16.94 ==> 41 packages to erase:
Test remote (slow)	UNKNOWN STEP	2025-11-20T19:02:58.7989212Z #14 16.94 alsa-lib
Test remote (slow)	UNKNOWN STEP	2025-11-20T19:02:58.7989607Z #14 16.94 avahi-libs
Test remote (slow)	UNKNOWN STEP	2025-11-20T19:02:58.7989978Z #14 16.94 bzip2-libs
Test remote (slow)	UNKNOWN STEP	2025-11-20T19:02:58.7990311Z #14 16.94 copy-jdk-configs
Test remote (slow)	UNKNOWN STEP	2025-11-20T19:02:58.7990672Z #14 16.94 cups-libs
Test remote (slow)	UNKNOWN STEP	2025-11-20T19:02:58.7990979Z #14 16.94 dbus-libs
Test remote (slow)	UNKNOWN STEP	2025-11-20T19:02:58.7991272Z #14 16.94 expat
Test remote (slow)	UNKNOWN STEP	2025-11-20T19:02:58.7991564Z #14 16.94 gawk
Test remote (slow)	UNKNOWN STEP	2025-11-20T19:02:58.7991874Z #14 16.94 gdbm-libs
Test remote (slow)	UNKNOWN STEP	2025-11-20T19:02:58.7992179Z #14 16.94 gmp
Test remote (slow)	UNKNOWN STEP	2025-11-20T19:02:58.7992468Z #14 16.94 gnutls
Test remote (slow)	UNKNOWN STEP	2025-11-20T19:02:58.7992790Z #14 16.94 gpg-pubkey
Test remote (slow)	UNKNOWN STEP	2025-11-20T19:02:58.7993107Z #14 16.94 keyutils-libs
Test remote (slow)	UNKNOWN STEP	2025-11-20T19:02:58.7993428Z #14 16.94 krb5-libs
Test remote (slow)	UNKNOWN STEP	2025-11-20T19:02:58.7993732Z #14 16.94 libcom_err
Test remote (slow)	UNKNOWN STEP	2025-11-20T19:02:58.7994085Z #14 16.94 libevent
Test remote (slow)	UNKNOWN STEP	2025-11-20T19:02:58.7994388Z #14 16.94 libgcrypt
Test remote (slow)	UNKNOWN STEP	2025-11-20T19:02:58.7994702Z #14 16.94 libgpg-error
Test remote (slow)	UNKNOWN STEP	2025-11-20T19:02:58.7995009Z #14 16.94 libidn2
Test remote (slow)	UNKNOWN STEP	2025-11-20T19:02:58.7995306Z #14 16.94 libunistring
Test remote (slow)	UNKNOWN STEP	2025-11-20T19:02:58.7995621Z #14 16.94 libuuid
Test remote (slow)	UNKNOWN STEP	2025-11-20T19:02:58.7995962Z #14 16.94 libverto
Test remote (slow)	UNKNOWN STEP	2025-11-20T19:02:58.7996277Z #14 16.94 libxcrypt
Test remote (slow)	UNKNOWN STEP	2025-11-20T19:02:58.7996853Z #14 16.94 libzstd
Test remote (slow)	UNKNOWN STEP	2025-11-20T19:02:58.7997166Z #14 16.94 lua
Test remote (slow)	UNKNOWN STEP	2025-11-20T19:02:58.7997445Z #14 16.94 lua-libs
Test remote (slow)	UNKNOWN STEP	2025-11-20T19:02:58.7997749Z #14 16.94 lua-posix
Test remote (slow)	UNKNOWN STEP	2025-11-20T19:02:58.7998064Z #14 16.94 lz4-libs
Test remote (slow)	UNKNOWN STEP	2025-11-20T19:02:58.7998354Z #14 16.94 mpfr
Test remote (slow)	UNKNOWN STEP	2025-11-20T19:02:58.7998637Z #14 16.94 nettle
Test remote (slow)	UNKNOWN STEP	2025-11-20T19:02:58.7998970Z #14 16.94 openssl-fips-provider
Test remote (slow)	UNKNOWN STEP	2025-11-20T19:02:58.7999376Z #14 16.94 openssl-fips-provider-so
Test remote (slow)	UNKNOWN STEP	2025-11-20T19:02:58.7999790Z #14 16.94 openssl-libs
Test remote (slow)	UNKNOWN STEP	2025-11-20T19:02:58.8000106Z #14 16.94 p11-kit
Test remote (slow)	UNKNOWN STEP	2025-11-20T19:02:58.8000389Z #14 16.94 python3
Test remote (slow)	UNKNOWN STEP	2025-11-20T19:02:58.8000685Z #14 16.94 python3-libs
Test remote (slow)	UNKNOWN STEP	2025-11-20T19:02:58.8001024Z #14 16.94 python3-pip-wheel
Test remote (slow)	UNKNOWN STEP	2025-11-20T19:02:58.8001429Z #14 16.94 python3-setuptools-wheel
Test remote (slow)	UNKNOWN STEP	2025-11-20T19:02:58.8001797Z #14 16.94 readline
Test remote (slow)	UNKNOWN STEP	2025-11-20T19:02:58.8002093Z #14 16.94 systemd-libs
Test remote (slow)	UNKNOWN STEP	2025-11-20T19:02:58.8002400Z #14 16.94 xz-libs
Test remote (slow)	UNKNOWN STEP	2025-11-20T19:02:58.8002699Z #14 16.94 ==> 44 packages to keep:
Test remote (slow)	UNKNOWN STEP	2025-11-20T19:02:58.8003070Z #14 16.95 alternatives
Test remote (slow)	UNKNOWN STEP	2025-11-20T19:02:58.8003385Z #14 16.95 basesystem
Test remote (slow)	UNKNOWN STEP	2025-11-20T19:02:58.8003679Z #14 16.95 bash
Test remote (slow)	UNKNOWN STEP	2025-11-20T19:02:58.8003979Z #14 16.95 ca-certificates
Test remote (slow)	UNKNOWN STEP	2025-11-20T19:02:58.8004336Z #14 16.95 coreutils-single
Test remote (slow)	UNKNOWN STEP	2025-11-20T19:02:58.8004684Z #14 16.95 crypto-policies
Test remote (slow)	UNKNOWN STEP	2025-11-20T19:02:58.8005046Z #14 16.95 crypto-policies-scripts
Test remote (slow)	UNKNOWN STEP	2025-11-20T19:02:58.8005432Z #14 16.95 filesystem
Test remote (slow)	UNKNOWN STEP	2025-11-20T19:02:58.8005753Z #14 16.95 findutils
Test remote (slow)	UNKNOWN STEP	2025-11-20T19:02:58.8006054Z #14 16.95 glibc
Test remote (slow)	UNKNOWN STEP	2025-11-20T19:02:58.8006342Z #14 16.95 glibc-common
Test remote (slow)	UNKNOWN STEP	2025-11-20T19:02:58.8006819Z #14 16.95 glibc-langpack-en
Test remote (slow)	UNKNOWN STEP	2025-11-20T19:02:58.8007168Z #14 16.95 grep
Test remote (slow)	UNKNOWN STEP	2025-11-20T19:02:58.8007479Z #14 16.95 java-21-openjdk-headless
Test remote (slow)	UNKNOWN STEP	2025-11-20T19:02:58.8007886Z #14 16.95 javapackages-filesystem
Test remote (slow)	UNKNOWN STEP	2025-11-20T19:02:58.8008258Z #14 16.95 libacl
Test remote (slow)	UNKNOWN STEP	2025-11-20T19:02:58.8008538Z #14 16.95 libattr
Test remote (slow)	UNKNOWN STEP	2025-11-20T19:02:58.8008819Z #14 16.95 libcap
Test remote (slow)	UNKNOWN STEP	2025-11-20T19:02:58.8009104Z #14 16.95 libffi
Test remote (slow)	UNKNOWN STEP	2025-11-20T19:02:58.8009375Z #14 16.95 libgcc
Test remote (slow)	UNKNOWN STEP	2025-11-20T19:02:58.8009985Z #14 16.95 libselinux
Test remote (slow)	UNKNOWN STEP	2025-11-20T19:02:58.8010331Z #14 16.95 libsepol
Test remote (slow)	UNKNOWN STEP	2025-11-20T19:02:58.8010627Z #14 16.95 libsigsegv
Test remote (slow)	UNKNOWN STEP	2025-11-20T19:02:58.8010937Z #14 16.95 libtasn1
Test remote (slow)	UNKNOWN STEP	2025-11-20T19:02:58.8011266Z #14 16.95 lksctp-tools
Test remote (slow)	UNKNOWN STEP	2025-11-20T19:02:58.8011595Z #14 16.95 ncurses-base
Test remote (slow)	UNKNOWN STEP	2025-11-20T19:02:58.8011907Z #14 16.95 ncurses-libs
Test remote (slow)	UNKNOWN STEP	2025-11-20T19:02:58.8012212Z #14 16.95 nspr
Test remote (slow)	UNKNOWN STEP	2025-11-20T19:02:58.8012493Z #14 16.95 nss
Test remote (slow)	UNKNOWN STEP	2025-11-20T19:02:58.8012770Z #14 16.95 nss-softokn
Test remote (slow)	UNKNOWN STEP	2025-11-20T19:02:58.8013338Z #14 16.95 nss-softokn-freebl
Test remote (slow)	UNKNOWN STEP	2025-11-20T19:02:58.8013691Z #14 16.95 nss-sysinit
Test remote (slow)	UNKNOWN STEP	2025-11-20T19:02:58.8013988Z #14 16.95 nss-util
Test remote (slow)	UNKNOWN STEP	2025-11-20T19:02:58.8014287Z #14 16.95 p11-kit-trust
Test remote (slow)	UNKNOWN STEP	2025-11-20T19:02:58.8014591Z #14 16.95 pcre
Test remote (slow)	UNKNOWN STEP	2025-11-20T19:02:58.8014856Z #14 16.95 pcre2
Test remote (slow)	UNKNOWN STEP	2025-11-20T19:02:58.8015143Z #14 16.95 pcre2-syntax
Test remote (slow)	UNKNOWN STEP	2025-11-20T19:02:58.8015468Z #14 16.95 redhat-release
Test remote (slow)	UNKNOWN STEP	2025-11-20T19:02:58.8015786Z #14 16.95 sed
Test remote (slow)	UNKNOWN STEP	2025-11-20T19:02:58.8016068Z #14 16.95 setup
Test remote (slow)	UNKNOWN STEP	2025-11-20T19:02:58.8016368Z #14 16.95 sqlite-libs
Test remote (slow)	UNKNOWN STEP	2025-11-20T19:02:58.8016866Z #14 16.95 tzdata
Test remote (slow)	UNKNOWN STEP	2025-11-20T19:02:58.8017177Z #14 16.95 tzdata-java
Test remote (slow)	UNKNOWN STEP	2025-11-20T19:02:58.8017480Z #14 16.95 zlib
Test remote (slow)	UNKNOWN STEP	2025-11-20T19:02:58.8017750Z #14 16.95 
Test remote (slow)	UNKNOWN STEP	2025-11-20T19:02:58.8018036Z #14 16.95 ==> Erasing packages
Test remote (slow)	UNKNOWN STEP	2025-11-20T19:02:58.8018552Z #14 16.95 + xargs rpm -r /tmp/null/rootfs --erase --nodeps --allmatches
Test remote (slow)	UNKNOWN STEP	2025-11-20T19:02:58.9436994Z #14 17.24 
Test remote (slow)	UNKNOWN STEP	2025-11-20T19:02:58.9438646Z #14 17.24 ==> Packages erased ok!
Test remote (slow)	UNKNOWN STEP	2025-11-20T19:02:59.1138712Z #14 DONE 17.3s
Test remote (slow)	UNKNOWN STEP	2025-11-20T19:02:59.6452857Z 
Test remote (slow)	UNKNOWN STEP	2025-11-20T19:02:59.6453451Z #15 [stage-1 2/4] COPY --from=ubi-micro-build /tmp/null/rootfs/ /
Test remote (slow)	UNKNOWN STEP	2025-11-20T19:03:00.8521029Z #15 DONE 1.2s
Test remote (slow)	UNKNOWN STEP	2025-11-20T19:03:01.0037766Z 
Test remote (slow)	UNKNOWN STEP	2025-11-20T19:03:01.0038399Z #16 [stage-1 3/4] COPY --from=ubi-micro-build --chown=1000:0 /opt/keycloak /opt/keycloak
Test remote (slow)	UNKNOWN STEP	2025-11-20T19:03:01.2627436Z #16 DONE 0.4s
Test remote (slow)	UNKNOWN STEP	2025-11-20T19:03:01.3770914Z 
Test remote (slow)	UNKNOWN STEP	2025-11-20T19:03:01.3772293Z #17 [stage-1 4/4] RUN echo "keycloak:x:0:root" >> /etc/group &&     echo "keycloak:x:1000:0:keycloak user:/opt/keycloak:/sbin/nologin" >> /etc/passwd
Test remote (slow)	UNKNOWN STEP	2025-11-20T19:03:01.3773239Z #17 DONE 0.1s
Test remote (slow)	UNKNOWN STEP	2025-11-20T19:03:01.5289144Z 
Test remote (slow)	UNKNOWN STEP	2025-11-20T19:03:01.5289918Z #18 exporting to image
Test remote (slow)	UNKNOWN STEP	2025-11-20T19:03:01.5290325Z #18 exporting layers
Test remote (slow)	UNKNOWN STEP	2025-11-20T19:03:02.2941981Z #18 exporting layers 0.9s done
Test remote (slow)	UNKNOWN STEP	2025-11-20T19:03:02.3178191Z #18 writing image sha256:9101a2be92250b4c425f76dfe875b59b9aed175d3f7e273582ddab3c6ec40807 done
Test remote (slow)	UNKNOWN STEP	2025-11-20T19:03:02.3179135Z #18 naming to docker.io/library/keycloak:0.0.1-d232fe done
Test remote (slow)	UNKNOWN STEP	2025-11-20T19:03:02.3179593Z #18 DONE 0.9s
Test remote (slow)	UNKNOWN STEP	2025-11-20T19:03:02.3244897Z + VERSION=0.0.1-d232fe
Test remote (slow)	UNKNOWN STEP	2025-11-20T19:03:02.3245323Z Using version: 0.0.1-d232fe
Test remote (slow)	UNKNOWN STEP	2025-11-20T19:03:02.3245710Z + KEYCLOAK_IMAGE=keycloak
Test remote (slow)	UNKNOWN STEP	2025-11-20T19:03:02.3246097Z + KEYCLOAK_CUSTOM_IMAGE=custom-keycloak
Test remote (slow)	UNKNOWN STEP	2025-11-20T19:03:02.3246547Z + echo 'Using version: 0.0.1-d232fe'
Test remote (slow)	UNKNOWN STEP	2025-11-20T19:03:02.3251853Z +++ dirname -- ./scripts/build-testing-docker-images.sh
Test remote (slow)	UNKNOWN STEP	2025-11-20T19:03:02.3263203Z ++ cd -- ./scripts
Test remote (slow)	UNKNOWN STEP	2025-11-20T19:03:02.3263729Z ++ pwd
Test remote (slow)	UNKNOWN STEP	2025-11-20T19:03:02.3266389Z + SCRIPT_DIR=/home/runner/work/keycloak/keycloak/operator/scripts
Test remote (slow)	UNKNOWN STEP	2025-11-20T19:03:02.3269045Z + docker build -f /home/runner/work/keycloak/keycloak/operator/scripts/Dockerfile-custom-image --build-arg IMAGE=keycloak --build-arg VERSION=0.0.1-d232fe -t custom-keycloak:0.0.1-d232fe /home/runner/work/keycloak/keycloak/operator/scripts
Test remote (slow)	UNKNOWN STEP	2025-11-20T19:03:02.5014494Z #0 building with "default" instance using docker driver
Test remote (slow)	UNKNOWN STEP	2025-11-20T19:03:02.5014930Z 
Test remote (slow)	UNKNOWN STEP	2025-11-20T19:03:02.5015182Z #1 [internal] load build definition from Dockerfile-custom-image
Test remote (slow)	UNKNOWN STEP	2025-11-20T19:03:02.6801307Z #1 transferring dockerfile: 232B done
Test remote (slow)	UNKNOWN STEP	2025-11-20T19:03:02.6801640Z #1 DONE 0.0s
Test remote (slow)	UNKNOWN STEP	2025-11-20T19:03:02.6801757Z 
Test remote (slow)	UNKNOWN STEP	2025-11-20T19:03:02.6801936Z #2 [internal] load metadata for docker.io/library/keycloak:0.0.1-d232fe
Test remote (slow)	UNKNOWN STEP	2025-11-20T19:03:02.6802265Z #2 DONE 0.0s
Test remote (slow)	UNKNOWN STEP	2025-11-20T19:03:02.6802364Z 
Test remote (slow)	UNKNOWN STEP	2025-11-20T19:03:02.6802456Z #3 [internal] load .dockerignore
Test remote (slow)	UNKNOWN STEP	2025-11-20T19:03:02.6802693Z #3 transferring context: 2B done
Test remote (slow)	UNKNOWN STEP	2025-11-20T19:03:02.6802904Z #3 DONE 0.0s
Test remote (slow)	UNKNOWN STEP	2025-11-20T19:03:02.6803002Z 
Test remote (slow)	UNKNOWN STEP	2025-11-20T19:03:02.6803433Z #4 [1/2] FROM docker.io/library/keycloak:0.0.1-d232fe
Test remote (slow)	UNKNOWN STEP	2025-11-20T19:03:02.6803717Z #4 DONE 0.0s
Test remote (slow)	UNKNOWN STEP	2025-11-20T19:03:02.6803813Z 
Test remote (slow)	UNKNOWN STEP	2025-11-20T19:03:02.6804179Z #5 [2/2] RUN /opt/keycloak/bin/kc.sh build --db=postgres --health-enabled=true --metrics-enabled=true --features=rolling-updates
Test remote (slow)	UNKNOWN STEP	2025-11-20T19:03:03.5383430Z #5 1.008 Updating the configuration and installing your custom providers, if any. Please wait.
Test remote (slow)	UNKNOWN STEP	2025-11-20T19:03:13.3227997Z #5 10.79 2025-11-20 19:03:13,319 INFO  [io.quarkus.deployment.QuarkusAugmentor] (main) Quarkus augmentation completed in 8875ms
Test remote (slow)	UNKNOWN STEP	2025-11-20T19:03:13.5515827Z #5 10.82 Server configuration updated and persisted. Run the following command to review the configuration:
Test remote (slow)	UNKNOWN STEP	2025-11-20T19:03:13.5516988Z #5 10.82 
Test remote (slow)	UNKNOWN STEP	2025-11-20T19:03:13.5517329Z #5 10.82 	kc.sh show-config
Test remote (slow)	UNKNOWN STEP	2025-11-20T19:03:13.5517696Z #5 10.82 
Test remote (slow)	UNKNOWN STEP	2025-11-20T19:03:13.5517977Z #5 DONE 10.9s
Test remote (slow)	UNKNOWN STEP	2025-11-20T19:03:13.5518163Z 
Test remote (slow)	UNKNOWN STEP	2025-11-20T19:03:13.5518297Z #6 exporting to image
Test remote (slow)	UNKNOWN STEP	2025-11-20T19:03:13.5518710Z #6 exporting layers
Test remote (slow)	UNKNOWN STEP	2025-11-20T19:03:14.0044667Z #6 exporting layers 0.6s done
Test remote (slow)	UNKNOWN STEP	2025-11-20T19:03:14.0221349Z #6 writing image sha256:e895e1675d041225b7a4ebc9a654599b9da3f581c1555ec9a58ebb4c57a7c837 done
Test remote (slow)	UNKNOWN STEP	2025-11-20T19:03:14.0222402Z #6 naming to docker.io/library/custom-keycloak:0.0.1-d232fe done
Test remote (slow)	UNKNOWN STEP	2025-11-20T19:03:14.0223026Z #6 DONE 0.6s
Test remote (slow)	UNKNOWN STEP	2025-11-20T19:03:14.0305042Z ##[group]Run declare -A PARAMS
Test remote (slow)	UNKNOWN STEP	2025-11-20T19:03:14.0305353Z [36;1mdeclare -A PARAMS[0m
Test remote (slow)	UNKNOWN STEP	2025-11-20T19:03:14.0305645Z [36;1mPARAMS["slow"]="-Dkc.quarkus.tests.groups=slow"[0m
Test remote (slow)	UNKNOWN STEP	2025-11-20T19:03:14.0306002Z [36;1mPARAMS["fast"]='-Dkc.quarkus.tests.groups=!slow'[0m
Test remote (slow)	UNKNOWN STEP	2025-11-20T19:03:14.0306289Z [36;1m[0m
Test remote (slow)	UNKNOWN STEP	2025-11-20T19:03:14.0306506Z [36;1meval $(minikube -p minikube docker-env)[0m
Test remote (slow)	UNKNOWN STEP	2025-11-20T19:03:14.0307159Z [36;1m./mvnw install -Poperator -pl :keycloak-operator -am \[0m
Test remote (slow)	UNKNOWN STEP	2025-11-20T19:03:14.0307533Z [36;1m    -Dquarkus.container-image.build=true \[0m
Test remote (slow)	UNKNOWN STEP	2025-11-20T19:03:14.0307912Z [36;1m    -Dquarkus.kubernetes.image-pull-policy=IfNotPresent \[0m
Test remote (slow)	UNKNOWN STEP	2025-11-20T19:03:14.0308314Z [36;1m    -Dkc.operator.keycloak.image=keycloak:0.0.1-d232fe \[0m
Test remote (slow)	UNKNOWN STEP	2025-11-20T19:03:14.0308807Z [36;1m    -Dquarkus.kubernetes.env.vars.kc-operator-keycloak-image-pull-policy=Never \[0m
Test remote (slow)	UNKNOWN STEP	2025-11-20T19:03:14.0309326Z [36;1m    -Dtest.operator.custom.image=custom-keycloak:0.0.1-d232fe \[0m
Test remote (slow)	UNKNOWN STEP	2025-11-20T19:03:14.0309831Z [36;1m    --no-transfer-progress -Dtest.operator.deployment=remote ${PARAMS["slow"]}[0m
Test remote (slow)	UNKNOWN STEP	2025-11-20T19:03:14.0344008Z shell: /usr/bin/bash --noprofile --norc -e -o pipefail {0}
Test remote (slow)	UNKNOWN STEP	2025-11-20T19:03:14.0344466Z env:
Test remote (slow)	UNKNOWN STEP	2025-11-20T19:03:14.0344770Z   MAVEN_ARGS: -B -nsu -Daether.connector.http.connectionMaxTtl=25
Test remote (slow)	UNKNOWN STEP	2025-11-20T19:03:14.0345119Z   MINIKUBE_VERSION: v1.37.0
Test remote (slow)	UNKNOWN STEP	2025-11-20T19:03:14.0345355Z   KUBERNETES_VERSION: v1.32.9
Test remote (slow)	UNKNOWN STEP	2025-11-20T19:03:14.0345595Z   MINIKUBE_MEMORY: 4096
Test remote (slow)	UNKNOWN STEP	2025-11-20T19:03:14.0345817Z   version_remote: 0.0.1-d232fe
Test remote (slow)	UNKNOWN STEP	2025-11-20T19:03:14.0346142Z   JAVA_HOME: /opt/hostedtoolcache/Java_Temurin-Hotspot_jdk/21.0.9-10/x64
Test remote (slow)	UNKNOWN STEP	2025-11-20T19:03:14.0346733Z   JAVA_HOME_21_X64: /opt/hostedtoolcache/Java_Temurin-Hotspot_jdk/21.0.9-10/x64
Test remote (slow)	UNKNOWN STEP	2025-11-20T19:03:14.0347109Z   MINIKUBE_HOME: /home/runner/work/_temp
Test remote (slow)	UNKNOWN STEP	2025-11-20T19:03:14.0347352Z ##[endgroup]
Test remote (slow)	UNKNOWN STEP	2025-11-20T19:03:21.8076851Z [INFO] Loading cache configuration from /home/runner/work/keycloak/keycloak/.mvn/maven-build-cache-config.xml
Test remote (slow)	UNKNOWN STEP	2025-11-20T19:03:21.8221898Z [INFO] Scanning for projects...
Test remote (slow)	UNKNOWN STEP	2025-11-20T19:03:23.3214736Z [INFO] ------------------------------------------------------------------------
Test remote (slow)	UNKNOWN STEP	2025-11-20T19:03:23.3237441Z [INFO] Reactor Build Order:
Test remote (slow)	UNKNOWN STEP	2025-11-20T19:03:23.3238041Z [INFO] 
Test remote (slow)	UNKNOWN STEP	2025-11-20T19:03:23.3238595Z [INFO] Keycloak                                                           [pom]
Test remote (slow)	UNKNOWN STEP	2025-11-20T19:03:23.3239391Z [INFO] Keycloak Common                                                    [jar]
Test remote (slow)	UNKNOWN STEP	2025-11-20T19:03:23.3240568Z [INFO] Keycloak Core                                                      [jar]
Test remote (slow)	UNKNOWN STEP	2025-11-20T19:03:23.3241394Z [INFO] Keycloak Operator                                                  [jar]
Test remote (slow)	UNKNOWN STEP	2025-11-20T19:03:23.3299813Z [INFO] 
Test remote (slow)	UNKNOWN STEP	2025-11-20T19:03:23.3306829Z [INFO] --------------------< org.keycloak:keycloak-parent >--------------------
Test remote (slow)	UNKNOWN STEP	2025-11-20T19:03:23.3311277Z [INFO] Building Keycloak 999.0.0-SNAPSHOT                                 [1/4]
Test remote (slow)	UNKNOWN STEP	2025-11-20T19:03:23.3315704Z [INFO]   from pom.xml
Test remote (slow)	UNKNOWN STEP	2025-11-20T19:03:23.3318638Z [INFO] --------------------------------[ pom ]---------------------------------
Test remote (slow)	UNKNOWN STEP	2025-11-20T19:03:27.1861452Z [INFO] 
Test remote (slow)	UNKNOWN STEP	2025-11-20T19:03:27.1862583Z [INFO] --- enforcer:3.0.0-M3:enforce (enforce-java-version) @ keycloak-parent ---
Test remote (slow)	UNKNOWN STEP	2025-11-20T19:03:45.9244862Z [INFO] 
Test remote (slow)	UNKNOWN STEP	2025-11-20T19:03:45.9246033Z [INFO] --- enforcer:3.0.0-M3:enforce (enforce-maven-version) @ keycloak-parent ---
Test remote (slow)	UNKNOWN STEP	2025-11-20T19:03:45.9262819Z [INFO] 
Test remote (slow)	UNKNOWN STEP	2025-11-20T19:03:45.9263656Z [INFO] --- buildnumber:1.4:create (get-scm-revision) @ keycloak-parent ---
Test remote (slow)	UNKNOWN STEP	2025-11-20T19:04:18.8976098Z [INFO] ------------------------------------------------------------------------
Test remote (slow)	UNKNOWN STEP	2025-11-20T19:04:18.8978864Z [INFO] Reactor Summary for Keycloak 999.0.0-SNAPSHOT:
Test remote (slow)	UNKNOWN STEP	2025-11-20T19:04:18.8979365Z [INFO] 
Test remote (slow)	UNKNOWN STEP	2025-11-20T19:04:18.8987529Z [INFO] Keycloak ........................................... FAILURE [ 55.567 s]
Test remote (slow)	UNKNOWN STEP	2025-11-20T19:04:18.8988212Z [INFO] Keycloak Common .................................... SKIPPED
Test remote (slow)	UNKNOWN STEP	2025-11-20T19:04:18.8989180Z [INFO] Keycloak Core ...................................... SKIPPED
Test remote (slow)	UNKNOWN STEP	2025-11-20T19:04:18.8989592Z [INFO] Keycloak Operator .................................. SKIPPED
Test remote (slow)	UNKNOWN STEP	2025-11-20T19:04:18.8990004Z [INFO] ------------------------------------------------------------------------
Test remote (slow)	UNKNOWN STEP	2025-11-20T19:04:18.8990320Z [INFO] BUILD FAILURE
Test remote (slow)	UNKNOWN STEP	2025-11-20T19:04:18.8990675Z [INFO] ------------------------------------------------------------------------
Test remote (slow)	UNKNOWN STEP	2025-11-20T19:04:18.8991181Z [INFO] Total time:  57.110 s
Test remote (slow)	UNKNOWN STEP	2025-11-20T19:04:18.8991564Z [INFO] Finished at: 2025-11-20T19:04:18Z
Test remote (slow)	UNKNOWN STEP	2025-11-20T19:04:18.8992054Z [INFO] ------------------------------------------------------------------------
Test remote (slow)	UNKNOWN STEP	2025-11-20T19:04:18.8998561Z [ERROR] Failed to execute goal org.codehaus.mojo:buildnumber-maven-plugin:1.4:create (get-scm-revision) on project keycloak-parent: Execution get-scm-revision of goal org.codehaus.mojo:buildnumber-maven-plugin:1.4:create failed: Plugin org.codehaus.mojo:buildnumber-maven-plugin:1.4 or one of its dependencies could not be resolved: -> [Help 1]
Test remote (slow)	UNKNOWN STEP	2025-11-20T19:04:18.9000917Z [ERROR] 
Test remote (slow)	UNKNOWN STEP	2025-11-20T19:04:18.9001531Z [ERROR] To see the full stack trace of the errors, re-run Maven with the -e switch.
Test remote (slow)	UNKNOWN STEP	2025-11-20T19:04:18.9002421Z [ERROR] Re-run Maven using the -X switch to enable full debug logging.
Test remote (slow)	UNKNOWN STEP	2025-11-20T19:04:18.9002952Z [ERROR] 
Test remote (slow)	UNKNOWN STEP	2025-11-20T19:04:18.9003487Z [ERROR] For more information about the errors and possible solutions, please read the following articles:
Test remote (slow)	UNKNOWN STEP	2025-11-20T19:04:18.9004126Z [ERROR] [Help 1] http://cwiki.apache.org/confluence/display/MAVEN/PluginResolutionException
Test remote (slow)	UNKNOWN STEP	2025-11-20T19:04:18.9203144Z ##[error]Process completed with exit code 1.
Test remote (slow)	UNKNOWN STEP	2025-11-20T19:04:18.9260936Z Post job cleanup.
Test remote (slow)	UNKNOWN STEP	2025-11-20T19:04:18.9303477Z Post job cleanup.
Test remote (slow)	UNKNOWN STEP	2025-11-20T19:04:19.1121172Z Post job cleanup.
Test remote (slow)	UNKNOWN STEP	2025-11-20T19:04:19.1979076Z [command]/usr/bin/git version
Test remote (slow)	UNKNOWN STEP	2025-11-20T19:04:19.2018368Z git version 2.51.2
Test remote (slow)	UNKNOWN STEP	2025-11-20T19:04:19.2060696Z Temporarily overriding HOME='/home/runner/work/_temp/416e4d69-3ee2-4ed3-95cd-c97ac6374973' before making global git config changes
Test remote (slow)	UNKNOWN STEP	2025-11-20T19:04:19.2061953Z Adding repository directory to the temporary git global config as a safe directory
Test remote (slow)	UNKNOWN STEP	2025-11-20T19:04:19.2067086Z [command]/usr/bin/git config --global --add safe.directory /home/runner/work/keycloak/keycloak
Test remote (slow)	UNKNOWN STEP	2025-11-20T19:04:19.2108121Z [command]/usr/bin/git config --local --name-only --get-regexp core\.sshCommand
Test remote (slow)	UNKNOWN STEP	2025-11-20T19:04:19.2143718Z [command]/usr/bin/git submodule foreach --recursive sh -c "git config --local --name-only --get-regexp 'core\.sshCommand' && git config --local --unset-all 'core.sshCommand' || :"
Test remote (slow)	UNKNOWN STEP	2025-11-20T19:04:19.2412687Z [command]/usr/bin/git config --local --name-only --get-regexp http\.https\:\/\/github\.com\/\.extraheader
Test remote (slow)	UNKNOWN STEP	2025-11-20T19:04:19.2439789Z http.https://github.com/.extraheader
Test remote (slow)	UNKNOWN STEP	2025-11-20T19:04:19.2450711Z [command]/usr/bin/git config --local --unset-all http.https://github.com/.extraheader
Test remote (slow)	UNKNOWN STEP	2025-11-20T19:04:19.2486261Z [command]/usr/bin/git submodule foreach --recursive sh -c "git config --local --name-only --get-regexp 'http\.https\:\/\/github\.com\/\.extraheader' && git config --local --unset-all 'http.https://github.com/.extraheader' || :"
Test remote (slow)	UNKNOWN STEP	2025-11-20T19:04:19.2896568Z Cleaning up orphan processes
Status Check - Keycloak Operator CI	UNKNOWN STEP	ï»¿2025-11-20T19:04:41.5839291Z Current runner version: '2.329.0'
Status Check - Keycloak Operator CI	UNKNOWN STEP	2025-11-20T19:04:41.5864786Z ##[group]Runner Image Provisioner
Status Check - Keycloak Operator CI	UNKNOWN STEP	2025-11-20T19:04:41.5865649Z Hosted Compute Agent
Status Check - Keycloak Operator CI	UNKNOWN STEP	2025-11-20T19:04:41.5866211Z Version: 20251016.436
Status Check - Keycloak Operator CI	UNKNOWN STEP	2025-11-20T19:04:41.5866895Z Commit: 8ab8ac8bfd662a3739dab9fe09456aba92132568
Status Check - Keycloak Operator CI	UNKNOWN STEP	2025-11-20T19:04:41.5867623Z Build Date: 2025-10-15T20:44:12Z
Status Check - Keycloak Operator CI	UNKNOWN STEP	2025-11-20T19:04:41.5868200Z ##[endgroup]
Status Check - Keycloak Operator CI	UNKNOWN STEP	2025-11-20T19:04:41.5868835Z ##[group]Operating System
Status Check - Keycloak Operator CI	UNKNOWN STEP	2025-11-20T19:04:41.5869414Z Ubuntu
Status Check - Keycloak Operator CI	UNKNOWN STEP	2025-11-20T19:04:41.5870084Z 24.04.3
Status Check - Keycloak Operator CI	UNKNOWN STEP	2025-11-20T19:04:41.5870628Z LTS
Status Check - Keycloak Operator CI	UNKNOWN STEP	2025-11-20T19:04:41.5871064Z ##[endgroup]
Status Check - Keycloak Operator CI	UNKNOWN STEP	2025-11-20T19:04:41.5871571Z ##[group]Runner Image
Status Check - Keycloak Operator CI	UNKNOWN STEP	2025-11-20T19:04:41.5872155Z Image: ubuntu-24.04
Status Check - Keycloak Operator CI	UNKNOWN STEP	2025-11-20T19:04:41.5872696Z Version: 20251112.124.1
Status Check - Keycloak Operator CI	UNKNOWN STEP	2025-11-20T19:04:41.5873758Z Included Software: https://github.com/actions/runner-images/blob/ubuntu24/20251112.124/images/ubuntu/Ubuntu2404-Readme.md
Status Check - Keycloak Operator CI	UNKNOWN STEP	2025-11-20T19:04:41.5875465Z Image Release: https://github.com/actions/runner-images/releases/tag/ubuntu24%2F20251112.124
Status Check - Keycloak Operator CI	UNKNOWN STEP	2025-11-20T19:04:41.5876498Z ##[endgroup]
Status Check - Keycloak Operator CI	UNKNOWN STEP	2025-11-20T19:04:41.5877555Z ##[group]GITHUB_TOKEN Permissions
Status Check - Keycloak Operator CI	UNKNOWN STEP	2025-11-20T19:04:41.5879790Z Contents: read
Status Check - Keycloak Operator CI	UNKNOWN STEP	2025-11-20T19:04:41.5880317Z Metadata: read
Status Check - Keycloak Operator CI	UNKNOWN STEP	2025-11-20T19:04:41.5880933Z ##[endgroup]
Status Check - Keycloak Operator CI	UNKNOWN STEP	2025-11-20T19:04:41.5882954Z Secret source: None
Status Check - Keycloak Operator CI	UNKNOWN STEP	2025-11-20T19:04:41.5883633Z Prepare workflow directory
Status Check - Keycloak Operator CI	UNKNOWN STEP	2025-11-20T19:04:41.6304356Z Prepare all required actions
Status Check - Keycloak Operator CI	UNKNOWN STEP	2025-11-20T19:04:41.6343301Z Getting action download info
Status Check - Keycloak Operator CI	UNKNOWN STEP	2025-11-20T19:04:42.0656076Z Download action repository 'actions/checkout@08c6903cd8c0fde910a37f88322edcfb5dd907a8' (SHA:08c6903cd8c0fde910a37f88322edcfb5dd907a8)
Status Check - Keycloak Operator CI	UNKNOWN STEP	2025-11-20T19:04:42.2677292Z Complete job name: Status Check - Keycloak Operator CI
Status Check - Keycloak Operator CI	UNKNOWN STEP	2025-11-20T19:04:42.3405226Z ##[group]Run actions/checkout@08c6903cd8c0fde910a37f88322edcfb5dd907a8
Status Check - Keycloak Operator CI	UNKNOWN STEP	2025-11-20T19:04:42.3406350Z with:
Status Check - Keycloak Operator CI	UNKNOWN STEP	2025-11-20T19:04:42.3406787Z   repository: keycloak/keycloak
Status Check - Keycloak Operator CI	UNKNOWN STEP	2025-11-20T19:04:42.3407533Z   token: ***
Status Check - Keycloak Operator CI	UNKNOWN STEP	2025-11-20T19:04:42.3407960Z   ssh-strict: true
Status Check - Keycloak Operator CI	UNKNOWN STEP	2025-11-20T19:04:42.3408394Z   ssh-user: git
Status Check - Keycloak Operator CI	UNKNOWN STEP	2025-11-20T19:04:42.3408867Z   persist-credentials: true
Status Check - Keycloak Operator CI	UNKNOWN STEP	2025-11-20T19:04:42.3409358Z   clean: true
Status Check - Keycloak Operator CI	UNKNOWN STEP	2025-11-20T19:04:42.3410052Z   sparse-checkout-cone-mode: true
Status Check - Keycloak Operator CI	UNKNOWN STEP	2025-11-20T19:04:42.3410597Z   fetch-depth: 1
Status Check - Keycloak Operator CI	UNKNOWN STEP	2025-11-20T19:04:42.3411018Z   fetch-tags: false
Status Check - Keycloak Operator CI	UNKNOWN STEP	2025-11-20T19:04:42.3411465Z   show-progress: true
Status Check - Keycloak Operator CI	UNKNOWN STEP	2025-11-20T19:04:42.3411921Z   lfs: false
Status Check - Keycloak Operator CI	UNKNOWN STEP	2025-11-20T19:04:42.3412344Z   submodules: false
Status Check - Keycloak Operator CI	UNKNOWN STEP	2025-11-20T19:04:42.3412792Z   set-safe-directory: true
Status Check - Keycloak Operator CI	UNKNOWN STEP	2025-11-20T19:04:42.3413527Z env:
Status Check - Keycloak Operator CI	UNKNOWN STEP	2025-11-20T19:04:42.3414143Z   MAVEN_ARGS: -B -nsu -Daether.connector.http.connectionMaxTtl=25
Status Check - Keycloak Operator CI	UNKNOWN STEP	2025-11-20T19:04:42.3414868Z   MINIKUBE_VERSION: v1.37.0
Status Check - Keycloak Operator CI	UNKNOWN STEP	2025-11-20T19:04:42.3415420Z   KUBERNETES_VERSION: v1.32.9
Status Check - Keycloak Operator CI	UNKNOWN STEP	2025-11-20T19:04:42.3415926Z   MINIKUBE_MEMORY: 4096
Status Check - Keycloak Operator CI	UNKNOWN STEP	2025-11-20T19:04:42.3416383Z ##[endgroup]
Status Check - Keycloak Operator CI	UNKNOWN STEP	2025-11-20T19:04:42.4387778Z Syncing repository: keycloak/keycloak
Status Check - Keycloak Operator CI	UNKNOWN STEP	2025-11-20T19:04:42.4390153Z ##[group]Getting Git version info
Status Check - Keycloak Operator CI	UNKNOWN STEP	2025-11-20T19:04:42.4390971Z Working directory is '/home/runner/work/keycloak/keycloak'
Status Check - Keycloak Operator CI	UNKNOWN STEP	2025-11-20T19:04:42.4392131Z [command]/usr/bin/git version
Status Check - Keycloak Operator CI	UNKNOWN STEP	2025-11-20T19:04:42.4464829Z git version 2.51.2
Status Check - Keycloak Operator CI	UNKNOWN STEP	2025-11-20T19:04:42.4519038Z ##[endgroup]
Status Check - Keycloak Operator CI	UNKNOWN STEP	2025-11-20T19:04:42.4534879Z Temporarily overriding HOME='/home/runner/work/_temp/ede7ae91-d027-4c43-942e-268637edd9f5' before making global git config changes
Status Check - Keycloak Operator CI	UNKNOWN STEP	2025-11-20T19:04:42.4537586Z Adding repository directory to the temporary git global config as a safe directory
Status Check - Keycloak Operator CI	UNKNOWN STEP	2025-11-20T19:04:42.4539515Z [command]/usr/bin/git config --global --add safe.directory /home/runner/work/keycloak/keycloak
Status Check - Keycloak Operator CI	UNKNOWN STEP	2025-11-20T19:04:42.4612108Z Deleting the contents of '/home/runner/work/keycloak/keycloak'
Status Check - Keycloak Operator CI	UNKNOWN STEP	2025-11-20T19:04:42.4615846Z ##[group]Initializing the repository
Status Check - Keycloak Operator CI	UNKNOWN STEP	2025-11-20T19:04:42.4620784Z [command]/usr/bin/git init /home/runner/work/keycloak/keycloak
Status Check - Keycloak Operator CI	UNKNOWN STEP	2025-11-20T19:04:42.4753446Z hint: Using 'master' as the name for the initial branch. This default branch name
Status Check - Keycloak Operator CI	UNKNOWN STEP	2025-11-20T19:04:42.4755257Z hint: is subject to change. To configure the initial branch name to use in all
Status Check - Keycloak Operator CI	UNKNOWN STEP	2025-11-20T19:04:42.4758429Z hint: of your new repositories, which will suppress this warning, call:
Status Check - Keycloak Operator CI	UNKNOWN STEP	2025-11-20T19:04:42.4760834Z hint:
Status Check - Keycloak Operator CI	UNKNOWN STEP	2025-11-20T19:04:42.4762061Z hint: 	git config --global init.defaultBranch <name>
Status Check - Keycloak Operator CI	UNKNOWN STEP	2025-11-20T19:04:42.4763525Z hint:
Status Check - Keycloak Operator CI	UNKNOWN STEP	2025-11-20T19:04:42.4764910Z hint: Names commonly chosen instead of 'master' are 'main', 'trunk' and
Status Check - Keycloak Operator CI	UNKNOWN STEP	2025-11-20T19:04:42.4766563Z hint: 'development'. The just-created branch can be renamed via this command:
Status Check - Keycloak Operator CI	UNKNOWN STEP	2025-11-20T19:04:42.4767701Z hint:
Status Check - Keycloak Operator CI	UNKNOWN STEP	2025-11-20T19:04:42.4768445Z hint: 	git branch -m <name>
Status Check - Keycloak Operator CI	UNKNOWN STEP	2025-11-20T19:04:42.4770091Z hint:
Status Check - Keycloak Operator CI	UNKNOWN STEP	2025-11-20T19:04:42.4771367Z hint: Disable this message with "git config set advice.defaultBranchName false"
Status Check - Keycloak Operator CI	UNKNOWN STEP	2025-11-20T19:04:42.4772888Z Initialized empty Git repository in /home/runner/work/keycloak/keycloak/.git/
Status Check - Keycloak Operator CI	UNKNOWN STEP	2025-11-20T19:04:42.4774796Z [command]/usr/bin/git remote add origin https://github.com/keycloak/keycloak
Status Check - Keycloak Operator CI	UNKNOWN STEP	2025-11-20T19:04:42.4810317Z ##[endgroup]
Status Check - Keycloak Operator CI	UNKNOWN STEP	2025-11-20T19:04:42.4811684Z ##[group]Disabling automatic garbage collection
Status Check - Keycloak Operator CI	UNKNOWN STEP	2025-11-20T19:04:42.4814218Z [command]/usr/bin/git config --local gc.auto 0
Status Check - Keycloak Operator CI	UNKNOWN STEP	2025-11-20T19:04:42.4843838Z ##[endgroup]
Status Check - Keycloak Operator CI	UNKNOWN STEP	2025-11-20T19:04:42.4845074Z ##[group]Setting up auth
Status Check - Keycloak Operator CI	UNKNOWN STEP	2025-11-20T19:04:42.4850719Z [command]/usr/bin/git config --local --name-only --get-regexp core\.sshCommand
Status Check - Keycloak Operator CI	UNKNOWN STEP	2025-11-20T19:04:42.4883232Z [command]/usr/bin/git submodule foreach --recursive sh -c "git config --local --name-only --get-regexp 'core\.sshCommand' && git config --local --unset-all 'core.sshCommand' || :"
Status Check - Keycloak Operator CI	UNKNOWN STEP	2025-11-20T19:04:42.5263825Z [command]/usr/bin/git config --local --name-only --get-regexp http\.https\:\/\/github\.com\/\.extraheader
Status Check - Keycloak Operator CI	UNKNOWN STEP	2025-11-20T19:04:42.5297520Z [command]/usr/bin/git submodule foreach --recursive sh -c "git config --local --name-only --get-regexp 'http\.https\:\/\/github\.com\/\.extraheader' && git config --local --unset-all 'http.https://github.com/.extraheader' || :"
Status Check - Keycloak Operator CI	UNKNOWN STEP	2025-11-20T19:04:42.5525877Z [command]/usr/bin/git config --local http.https://github.com/.extraheader AUTHORIZATION: basic ***
Status Check - Keycloak Operator CI	UNKNOWN STEP	2025-11-20T19:04:42.5568130Z ##[endgroup]
Status Check - Keycloak Operator CI	UNKNOWN STEP	2025-11-20T19:04:42.5569252Z ##[group]Fetching the repository
Status Check - Keycloak Operator CI	UNKNOWN STEP	2025-11-20T19:04:42.5582646Z [command]/usr/bin/git -c protocol.version=2 fetch --no-tags --prune --no-recurse-submodules --depth=1 origin +d232fe07d124cdf88036648592af20ef30880133:refs/remotes/pull/44366/merge
Status Check - Keycloak Operator CI	UNKNOWN STEP	2025-11-20T19:04:44.1749774Z From https://github.com/keycloak/keycloak
Status Check - Keycloak Operator CI	UNKNOWN STEP	2025-11-20T19:04:44.1751733Z  * [new ref]         d232fe07d124cdf88036648592af20ef30880133 -> pull/44366/merge
Status Check - Keycloak Operator CI	UNKNOWN STEP	2025-11-20T19:04:44.1785933Z ##[endgroup]
Status Check - Keycloak Operator CI	UNKNOWN STEP	2025-11-20T19:04:44.1787376Z ##[group]Determining the checkout info
Status Check - Keycloak Operator CI	UNKNOWN STEP	2025-11-20T19:04:44.1788921Z ##[endgroup]
Status Check - Keycloak Operator CI	UNKNOWN STEP	2025-11-20T19:04:44.1794792Z [command]/usr/bin/git sparse-checkout disable
Status Check - Keycloak Operator CI	UNKNOWN STEP	2025-11-20T19:04:44.1840747Z [command]/usr/bin/git config --local --unset-all extensions.worktreeConfig
Status Check - Keycloak Operator CI	UNKNOWN STEP	2025-11-20T19:04:44.1870509Z ##[group]Checking out the ref
Status Check - Keycloak Operator CI	UNKNOWN STEP	2025-11-20T19:04:44.1874958Z [command]/usr/bin/git checkout --progress --force refs/remotes/pull/44366/merge
Status Check - Keycloak Operator CI	UNKNOWN STEP	2025-11-20T19:04:45.0224655Z Note: switching to 'refs/remotes/pull/44366/merge'.
Status Check - Keycloak Operator CI	UNKNOWN STEP	2025-11-20T19:04:45.0225685Z 
Status Check - Keycloak Operator CI	UNKNOWN STEP	2025-11-20T19:04:45.0226331Z You are in 'detached HEAD' state. You can look around, make experimental
Status Check - Keycloak Operator CI	UNKNOWN STEP	2025-11-20T19:04:45.0227950Z changes and commit them, and you can discard any commits you make in this
Status Check - Keycloak Operator CI	UNKNOWN STEP	2025-11-20T19:04:45.0229520Z state without impacting any branches by switching back to a branch.
Status Check - Keycloak Operator CI	UNKNOWN STEP	2025-11-20T19:04:45.0230371Z 
Status Check - Keycloak Operator CI	UNKNOWN STEP	2025-11-20T19:04:45.0230695Z If you want to create a new branch to retain commits you create, you may
Status Check - Keycloak Operator CI	UNKNOWN STEP	2025-11-20T19:04:45.0231398Z do so (now or later) by using -c with the switch command. Example:
Status Check - Keycloak Operator CI	UNKNOWN STEP	2025-11-20T19:04:45.0231796Z 
Status Check - Keycloak Operator CI	UNKNOWN STEP	2025-11-20T19:04:45.0231972Z   git switch -c <new-branch-name>
Status Check - Keycloak Operator CI	UNKNOWN STEP	2025-11-20T19:04:45.0232278Z 
Status Check - Keycloak Operator CI	UNKNOWN STEP	2025-11-20T19:04:45.0232468Z Or undo this operation with:
Status Check - Keycloak Operator CI	UNKNOWN STEP	2025-11-20T19:04:45.0232733Z 
Status Check - Keycloak Operator CI	UNKNOWN STEP	2025-11-20T19:04:45.0232877Z   git switch -
Status Check - Keycloak Operator CI	UNKNOWN STEP	2025-11-20T19:04:45.0233102Z 
Status Check - Keycloak Operator CI	UNKNOWN STEP	2025-11-20T19:04:45.0233448Z Turn off this advice by setting config variable advice.detachedHead to false
Status Check - Keycloak Operator CI	UNKNOWN STEP	2025-11-20T19:04:45.0233956Z 
Status Check - Keycloak Operator CI	UNKNOWN STEP	2025-11-20T19:04:45.0234858Z HEAD is now at d232fe0 Merge 5e7291bfd7c5bedd08a9688d0d0a64396b489713 into dcbb5c7513025fb6370b54869189216e4e62c632
Status Check - Keycloak Operator CI	UNKNOWN STEP	2025-11-20T19:04:45.0264738Z ##[endgroup]
Status Check - Keycloak Operator CI	UNKNOWN STEP	2025-11-20T19:04:45.0306271Z [command]/usr/bin/git log -1 --format=%H
Status Check - Keycloak Operator CI	UNKNOWN STEP	2025-11-20T19:04:45.0330004Z d232fe07d124cdf88036648592af20ef30880133
Status Check - Keycloak Operator CI	UNKNOWN STEP	2025-11-20T19:04:45.0588147Z Prepare all required actions
Status Check - Keycloak Operator CI	UNKNOWN STEP	2025-11-20T19:04:45.0665300Z ##[group]Run ./.github/actions/status-check
Status Check - Keycloak Operator CI	UNKNOWN STEP	2025-11-20T19:04:45.0665655Z with:
Status Check - Keycloak Operator CI	UNKNOWN STEP	2025-11-20T19:04:45.0666592Z   jobs: {
Status Check - Keycloak Operator CI	UNKNOWN STEP	  "conditional": {
Status Check - Keycloak Operator CI	UNKNOWN STEP	    "result": "success",
Status Check - Keycloak Operator CI	UNKNOWN STEP	    "outputs": {
Status Check - Keycloak Operator CI	UNKNOWN STEP	      "operator": "true"
Status Check - Keycloak Operator CI	UNKNOWN STEP	    }
Status Check - Keycloak Operator CI	UNKNOWN STEP	  },
Status Check - Keycloak Operator CI	UNKNOWN STEP	  "build": {
Status Check - Keycloak Operator CI	UNKNOWN STEP	    "result": "success",
Status Check - Keycloak Operator CI	UNKNOWN STEP	    "outputs": {}
Status Check - Keycloak Operator CI	UNKNOWN STEP	  },
Status Check - Keycloak Operator CI	UNKNOWN STEP	  "test-local-apiserver": {
Status Check - Keycloak Operator CI	UNKNOWN STEP	    "result": "success",
Status Check - Keycloak Operator CI	UNKNOWN STEP	    "outputs": {}
Status Check - Keycloak Operator CI	UNKNOWN STEP	  },
Status Check - Keycloak Operator CI	UNKNOWN STEP	  "test-remote": {
Status Check - Keycloak Operator CI	UNKNOWN STEP	    "result": "failure",
Status Check - Keycloak Operator CI	UNKNOWN STEP	    "outputs": {}
Status Check - Keycloak Operator CI	UNKNOWN STEP	  },
Status Check - Keycloak Operator CI	UNKNOWN STEP	  "test-olm": {
Status Check - Keycloak Operator CI	UNKNOWN STEP	    "result": "success",
Status Check - Keycloak Operator CI	UNKNOWN STEP	    "outputs": {}
Status Check - Keycloak Operator CI	UNKNOWN STEP	  }
Status Check - Keycloak Operator CI	UNKNOWN STEP	}
Status Check - Keycloak Operator CI	UNKNOWN STEP	2025-11-20T19:04:45.0667564Z env:
Status Check - Keycloak Operator CI	UNKNOWN STEP	2025-11-20T19:04:45.0667896Z   MAVEN_ARGS: -B -nsu -Daether.connector.http.connectionMaxTtl=25
Status Check - Keycloak Operator CI	UNKNOWN STEP	2025-11-20T19:04:45.0668353Z   MINIKUBE_VERSION: v1.37.0
Status Check - Keycloak Operator CI	UNKNOWN STEP	2025-11-20T19:04:45.0668656Z   KUBERNETES_VERSION: v1.32.9
Status Check - Keycloak Operator CI	UNKNOWN STEP	2025-11-20T19:04:45.0668924Z   MINIKUBE_MEMORY: 4096
Status Check - Keycloak Operator CI	UNKNOWN STEP	2025-11-20T19:04:45.0669211Z ##[endgroup]
Status Check - Keycloak Operator CI	UNKNOWN STEP	2025-11-20T19:04:45.0774256Z ##[group]Run JOBS='{
Status Check - Keycloak Operator CI	UNKNOWN STEP	2025-11-20T19:04:45.0774609Z [36;1mJOBS='{[0m
Status Check - Keycloak Operator CI	UNKNOWN STEP	2025-11-20T19:04:45.0774909Z [36;1m  "conditional": {[0m
Status Check - Keycloak Operator CI	UNKNOWN STEP	2025-11-20T19:04:45.0775177Z [36;1m    "result": "success",[0m
Status Check - Keycloak Operator CI	UNKNOWN STEP	2025-11-20T19:04:45.0775458Z [36;1m    "outputs": {[0m
Status Check - Keycloak Operator CI	UNKNOWN STEP	2025-11-20T19:04:45.0775711Z [36;1m      "operator": "true"[0m
Status Check - Keycloak Operator CI	UNKNOWN STEP	2025-11-20T19:04:45.0775981Z [36;1m    }[0m
Status Check - Keycloak Operator CI	UNKNOWN STEP	2025-11-20T19:04:45.0776185Z [36;1m  },[0m
Status Check - Keycloak Operator CI	UNKNOWN STEP	2025-11-20T19:04:45.0776401Z [36;1m  "build": {[0m
Status Check - Keycloak Operator CI	UNKNOWN STEP	2025-11-20T19:04:45.0776632Z [36;1m    "result": "success",[0m
Status Check - Keycloak Operator CI	UNKNOWN STEP	2025-11-20T19:04:45.0776905Z [36;1m    "outputs": {}[0m
Status Check - Keycloak Operator CI	UNKNOWN STEP	2025-11-20T19:04:45.0777148Z [36;1m  },[0m
Status Check - Keycloak Operator CI	UNKNOWN STEP	2025-11-20T19:04:45.0777378Z [36;1m  "test-local-apiserver": {[0m
Status Check - Keycloak Operator CI	UNKNOWN STEP	2025-11-20T19:04:45.0777669Z [36;1m    "result": "success",[0m
Status Check - Keycloak Operator CI	UNKNOWN STEP	2025-11-20T19:04:45.0777927Z [36;1m    "outputs": {}[0m
Status Check - Keycloak Operator CI	UNKNOWN STEP	2025-11-20T19:04:45.0778178Z [36;1m  },[0m
Status Check - Keycloak Operator CI	UNKNOWN STEP	2025-11-20T19:04:45.0778390Z [36;1m  "test-remote": {[0m
Status Check - Keycloak Operator CI	UNKNOWN STEP	2025-11-20T19:04:45.0778652Z [36;1m    "result": "failure",[0m
Status Check - Keycloak Operator CI	UNKNOWN STEP	2025-11-20T19:04:45.0778917Z [36;1m    "outputs": {}[0m
Status Check - Keycloak Operator CI	UNKNOWN STEP	2025-11-20T19:04:45.0779158Z [36;1m  },[0m
Status Check - Keycloak Operator CI	UNKNOWN STEP	2025-11-20T19:04:45.0779389Z [36;1m  "test-olm": {[0m
Status Check - Keycloak Operator CI	UNKNOWN STEP	2025-11-20T19:04:45.0779855Z [36;1m    "result": "success",[0m
Status Check - Keycloak Operator CI	UNKNOWN STEP	2025-11-20T19:04:45.0780129Z [36;1m    "outputs": {}[0m
Status Check - Keycloak Operator CI	UNKNOWN STEP	2025-11-20T19:04:45.0780368Z [36;1m  }[0m
Status Check - Keycloak Operator CI	UNKNOWN STEP	2025-11-20T19:04:45.0780630Z [36;1m}'[0m
Status Check - Keycloak Operator CI	UNKNOWN STEP	2025-11-20T19:04:45.0780833Z [36;1m[0m
Status Check - Keycloak Operator CI	UNKNOWN STEP	2025-11-20T19:04:45.0781045Z [36;1mecho "Job status:"[0m
Status Check - Keycloak Operator CI	UNKNOWN STEP	2025-11-20T19:04:45.0781413Z [36;1mecho $JOBS | jq -r 'to_entries[] | " - \(.key): \(.value.result)"'[0m
Status Check - Keycloak Operator CI	UNKNOWN STEP	2025-11-20T19:04:45.0781773Z [36;1m[0m
Status Check - Keycloak Operator CI	UNKNOWN STEP	2025-11-20T19:04:45.0782043Z [36;1mfor i in $(echo $JOBS | jq -r 'to_entries[] | .value.result'); do[0m
Status Check - Keycloak Operator CI	UNKNOWN STEP	2025-11-20T19:04:45.0782440Z [36;1m  if [ "$i" != "success" ] && [ "$i" != "skipped" ]; then[0m
Status Check - Keycloak Operator CI	UNKNOWN STEP	2025-11-20T19:04:45.0782760Z [36;1m    echo ""[0m
Status Check - Keycloak Operator CI	UNKNOWN STEP	2025-11-20T19:04:45.0783000Z [36;1m    echo "Status check not okay!"[0m
Status Check - Keycloak Operator CI	UNKNOWN STEP	2025-11-20T19:04:45.0783281Z [36;1m    exit 1[0m
Status Check - Keycloak Operator CI	UNKNOWN STEP	2025-11-20T19:04:45.0783497Z [36;1m  fi[0m
Status Check - Keycloak Operator CI	UNKNOWN STEP	2025-11-20T19:04:45.0783697Z [36;1mdone[0m
Status Check - Keycloak Operator CI	UNKNOWN STEP	2025-11-20T19:04:45.0823568Z shell: /usr/bin/bash --noprofile --norc -e -o pipefail {0}
Status Check - Keycloak Operator CI	UNKNOWN STEP	2025-11-20T19:04:45.0823975Z env:
Status Check - Keycloak Operator CI	UNKNOWN STEP	2025-11-20T19:04:45.0824310Z   MAVEN_ARGS: -B -nsu -Daether.connector.http.connectionMaxTtl=25
Status Check - Keycloak Operator CI	UNKNOWN STEP	2025-11-20T19:04:45.0824711Z   MINIKUBE_VERSION: v1.37.0
Status Check - Keycloak Operator CI	UNKNOWN STEP	2025-11-20T19:04:45.0824996Z   KUBERNETES_VERSION: v1.32.9
Status Check - Keycloak Operator CI	UNKNOWN STEP	2025-11-20T19:04:45.0825343Z   MINIKUBE_MEMORY: 4096
Status Check - Keycloak Operator CI	UNKNOWN STEP	2025-11-20T19:04:45.0825603Z ##[endgroup]
Status Check - Keycloak Operator CI	UNKNOWN STEP	2025-11-20T19:04:45.0905228Z Job status:
Status Check - Keycloak Operator CI	UNKNOWN STEP	2025-11-20T19:04:45.0954297Z  - conditional: success
Status Check - Keycloak Operator CI	UNKNOWN STEP	2025-11-20T19:04:45.0954648Z  - build: success
Status Check - Keycloak Operator CI	UNKNOWN STEP	2025-11-20T19:04:45.0954929Z  - test-local-apiserver: success
Status Check - Keycloak Operator CI	UNKNOWN STEP	2025-11-20T19:04:45.0955250Z  - test-remote: failure
Status Check - Keycloak Operator CI	UNKNOWN STEP	2025-11-20T19:04:45.0955506Z  - test-olm: success
Status Check - Keycloak Operator CI	UNKNOWN STEP	2025-11-20T19:04:45.0991008Z 
Status Check - Keycloak Operator CI	UNKNOWN STEP	2025-11-20T19:04:45.0991556Z Status check not okay!
Status Check - Keycloak Operator CI	UNKNOWN STEP	2025-11-20T19:04:45.1005549Z ##[error]Process completed with exit code 1.
Status Check - Keycloak Operator CI	UNKNOWN STEP	2025-11-20T19:04:45.1132931Z Post job cleanup.
Status Check - Keycloak Operator CI	UNKNOWN STEP	2025-11-20T19:04:45.1921782Z [command]/usr/bin/git version
Status Check - Keycloak Operator CI	UNKNOWN STEP	2025-11-20T19:04:45.1964120Z git version 2.51.2
Status Check - Keycloak Operator CI	UNKNOWN STEP	2025-11-20T19:04:45.2035006Z Temporarily overriding HOME='/home/runner/work/_temp/c52c094b-7202-4658-a66a-4aaf03190c43' before making global git config changes
Status Check - Keycloak Operator CI	UNKNOWN STEP	2025-11-20T19:04:45.2036403Z Adding repository directory to the temporary git global config as a safe directory
Status Check - Keycloak Operator CI	UNKNOWN STEP	2025-11-20T19:04:45.2041634Z [command]/usr/bin/git config --global --add safe.directory /home/runner/work/keycloak/keycloak
Status Check - Keycloak Operator CI	UNKNOWN STEP	2025-11-20T19:04:45.2081885Z [command]/usr/bin/git config --local --name-only --get-regexp core\.sshCommand
Status Check - Keycloak Operator CI	UNKNOWN STEP	2025-11-20T19:04:45.2115609Z [command]/usr/bin/git submodule foreach --recursive sh -c "git config --local --name-only --get-regexp 'core\.sshCommand' && git config --local --unset-all 'core.sshCommand' || :"
Status Check - Keycloak Operator CI	UNKNOWN STEP	2025-11-20T19:04:45.2378900Z [command]/usr/bin/git config --local --name-only --get-regexp http\.https\:\/\/github\.com\/\.extraheader
Status Check - Keycloak Operator CI	UNKNOWN STEP	2025-11-20T19:04:45.2405376Z http.https://github.com/.extraheader
Status Check - Keycloak Operator CI	UNKNOWN STEP	2025-11-20T19:04:45.2416032Z [command]/usr/bin/git config --local --unset-all http.https://github.com/.extraheader
Status Check - Keycloak Operator CI	UNKNOWN STEP	2025-11-20T19:04:45.2448939Z [command]/usr/bin/git submodule foreach --recursive sh -c "git config --local --name-only --get-regexp 'http\.https\:\/\/github\.com\/\.extraheader' && git config --local --unset-all 'http.https://github.com/.extraheader' || :"
Status Check - Keycloak Operator CI	UNKNOWN STEP	2025-11-20T19:04:45.2817404Z Cleaning up orphan processes
