Java Distribution IT (windows-latest, temurin, 25)	UNKNOWN STEP	ï»¿2025-10-17T19:17:26.4490557Z Current runner version: '2.329.0'
Java Distribution IT (windows-latest, temurin, 25)	UNKNOWN STEP	2025-10-17T19:17:26.4522728Z ##[group]Runner Image Provisioner
Java Distribution IT (windows-latest, temurin, 25)	UNKNOWN STEP	2025-10-17T19:17:26.4523475Z Hosted Compute Agent
Java Distribution IT (windows-latest, temurin, 25)	UNKNOWN STEP	2025-10-17T19:17:26.4523970Z Version: 20251013.424
Java Distribution IT (windows-latest, temurin, 25)	UNKNOWN STEP	2025-10-17T19:17:26.4524570Z Commit: cfdd8bfed34d71a55b72df4d2e82343c3fc2bab3
Java Distribution IT (windows-latest, temurin, 25)	UNKNOWN STEP	2025-10-17T19:17:26.4525200Z Build Date: 2025-10-13T20:22:23Z
Java Distribution IT (windows-latest, temurin, 25)	UNKNOWN STEP	2025-10-17T19:17:26.4525743Z ##[endgroup]
Java Distribution IT (windows-latest, temurin, 25)	UNKNOWN STEP	2025-10-17T19:17:26.4526250Z ##[group]Operating System
Java Distribution IT (windows-latest, temurin, 25)	UNKNOWN STEP	2025-10-17T19:17:26.4526783Z Microsoft Windows Server 2025
Java Distribution IT (windows-latest, temurin, 25)	UNKNOWN STEP	2025-10-17T19:17:26.4527299Z 10.0.26100
Java Distribution IT (windows-latest, temurin, 25)	UNKNOWN STEP	2025-10-17T19:17:26.4527877Z Datacenter
Java Distribution IT (windows-latest, temurin, 25)	UNKNOWN STEP	2025-10-17T19:17:26.4528307Z ##[endgroup]
Java Distribution IT (windows-latest, temurin, 25)	UNKNOWN STEP	2025-10-17T19:17:26.4528706Z ##[group]Runner Image
Java Distribution IT (windows-latest, temurin, 25)	UNKNOWN STEP	2025-10-17T19:17:26.4529199Z Image: windows-2025
Java Distribution IT (windows-latest, temurin, 25)	UNKNOWN STEP	2025-10-17T19:17:26.4529894Z Version: 20251014.59.1
Java Distribution IT (windows-latest, temurin, 25)	UNKNOWN STEP	2025-10-17T19:17:26.4530865Z Included Software: https://github.com/actions/runner-images/blob/win25/20251014.59/images/windows/Windows2025-Readme.md
Java Distribution IT (windows-latest, temurin, 25)	UNKNOWN STEP	2025-10-17T19:17:26.4532461Z Image Release: https://github.com/actions/runner-images/releases/tag/win25%2F20251014.59
Java Distribution IT (windows-latest, temurin, 25)	UNKNOWN STEP	2025-10-17T19:17:26.4533611Z ##[endgroup]
Java Distribution IT (windows-latest, temurin, 25)	UNKNOWN STEP	2025-10-17T19:17:26.4534576Z ##[group]GITHUB_TOKEN Permissions
Java Distribution IT (windows-latest, temurin, 25)	UNKNOWN STEP	2025-10-17T19:17:26.4536229Z Contents: read
Java Distribution IT (windows-latest, temurin, 25)	UNKNOWN STEP	2025-10-17T19:17:26.4536763Z Metadata: read
Java Distribution IT (windows-latest, temurin, 25)	UNKNOWN STEP	2025-10-17T19:17:26.4537214Z ##[endgroup]
Java Distribution IT (windows-latest, temurin, 25)	UNKNOWN STEP	2025-10-17T19:17:26.4539087Z Secret source: None
Java Distribution IT (windows-latest, temurin, 25)	UNKNOWN STEP	2025-10-17T19:17:26.4539823Z Prepare workflow directory
Java Distribution IT (windows-latest, temurin, 25)	UNKNOWN STEP	2025-10-17T19:17:26.4935376Z Prepare all required actions
Java Distribution IT (windows-latest, temurin, 25)	UNKNOWN STEP	2025-10-17T19:17:26.4975422Z Getting action download info
Java Distribution IT (windows-latest, temurin, 25)	UNKNOWN STEP	2025-10-17T19:17:26.7750418Z Download action repository 'actions/checkout@08c6903cd8c0fde910a37f88322edcfb5dd907a8' (SHA:08c6903cd8c0fde910a37f88322edcfb5dd907a8)
Java Distribution IT (windows-latest, temurin, 25)	UNKNOWN STEP	2025-10-17T19:17:26.9825532Z Complete job name: Java Distribution IT (windows-latest, temurin, 25)
Java Distribution IT (windows-latest, temurin, 25)	UNKNOWN STEP	2025-10-17T19:17:27.1424322Z ##[group]Run actions/checkout@08c6903cd8c0fde910a37f88322edcfb5dd907a8
Java Distribution IT (windows-latest, temurin, 25)	UNKNOWN STEP	2025-10-17T19:17:27.1425440Z with:
Java Distribution IT (windows-latest, temurin, 25)	UNKNOWN STEP	2025-10-17T19:17:27.1425814Z   repository: keycloak/keycloak
Java Distribution IT (windows-latest, temurin, 25)	UNKNOWN STEP	2025-10-17T19:17:27.1426401Z   token: ***
Java Distribution IT (windows-latest, temurin, 25)	UNKNOWN STEP	2025-10-17T19:17:27.1426776Z   ssh-strict: true
Java Distribution IT (windows-latest, temurin, 25)	UNKNOWN STEP	2025-10-17T19:17:27.1427138Z   ssh-user: git
Java Distribution IT (windows-latest, temurin, 25)	UNKNOWN STEP	2025-10-17T19:17:27.1427502Z   persist-credentials: true
Java Distribution IT (windows-latest, temurin, 25)	UNKNOWN STEP	2025-10-17T19:17:27.1427916Z   clean: true
Java Distribution IT (windows-latest, temurin, 25)	UNKNOWN STEP	2025-10-17T19:17:27.1428283Z   sparse-checkout-cone-mode: true
Java Distribution IT (windows-latest, temurin, 25)	UNKNOWN STEP	2025-10-17T19:17:27.1428737Z   fetch-depth: 1
Java Distribution IT (windows-latest, temurin, 25)	UNKNOWN STEP	2025-10-17T19:17:27.1429093Z   fetch-tags: false
Java Distribution IT (windows-latest, temurin, 25)	UNKNOWN STEP	2025-10-17T19:17:27.1429463Z   show-progress: true
Java Distribution IT (windows-latest, temurin, 25)	UNKNOWN STEP	2025-10-17T19:17:27.1429835Z   lfs: false
Java Distribution IT (windows-latest, temurin, 25)	UNKNOWN STEP	2025-10-17T19:17:27.1430177Z   submodules: false
Java Distribution IT (windows-latest, temurin, 25)	UNKNOWN STEP	2025-10-17T19:17:27.1430536Z   set-safe-directory: true
Java Distribution IT (windows-latest, temurin, 25)	UNKNOWN STEP	2025-10-17T19:17:27.1431120Z env:
Java Distribution IT (windows-latest, temurin, 25)	UNKNOWN STEP	2025-10-17T19:17:27.1431602Z   MAVEN_ARGS: -B -nsu -Daether.connector.http.connectionMaxTtl=25
Java Distribution IT (windows-latest, temurin, 25)	UNKNOWN STEP	2025-10-17T19:17:27.1432229Z   SUREFIRE_RERUN_FAILING_COUNT: 2
Java Distribution IT (windows-latest, temurin, 25)	UNKNOWN STEP	2025-10-17T19:17:27.1433082Z   SUREFIRE_RETRY: -Dsurefire.rerunFailingTestsCount=2
Java Distribution IT (windows-latest, temurin, 25)	UNKNOWN STEP	2025-10-17T19:17:27.1433622Z ##[endgroup]
Java Distribution IT (windows-latest, temurin, 25)	UNKNOWN STEP	2025-10-17T19:17:27.2849674Z Syncing repository: keycloak/keycloak
Java Distribution IT (windows-latest, temurin, 25)	UNKNOWN STEP	2025-10-17T19:17:27.2851271Z ##[group]Getting Git version info
Java Distribution IT (windows-latest, temurin, 25)	UNKNOWN STEP	2025-10-17T19:17:27.2851830Z Working directory is 'D:\a\keycloak\keycloak'
Java Distribution IT (windows-latest, temurin, 25)	UNKNOWN STEP	2025-10-17T19:17:27.3859617Z [command]"C:\Program Files\Git\bin\git.exe" version
Java Distribution IT (windows-latest, temurin, 25)	UNKNOWN STEP	2025-10-17T19:17:27.7591044Z git version 2.51.0.windows.2
Java Distribution IT (windows-latest, temurin, 25)	UNKNOWN STEP	2025-10-17T19:17:27.7643366Z ##[endgroup]
Java Distribution IT (windows-latest, temurin, 25)	UNKNOWN STEP	2025-10-17T19:17:27.7663216Z Temporarily overriding HOME='D:\a\_temp\7135c3c1-0987-486c-b1d0-8d18c056bce1' before making global git config changes
Java Distribution IT (windows-latest, temurin, 25)	UNKNOWN STEP	2025-10-17T19:17:27.7664415Z Adding repository directory to the temporary git global config as a safe directory
Java Distribution IT (windows-latest, temurin, 25)	UNKNOWN STEP	2025-10-17T19:17:27.7672949Z [command]"C:\Program Files\Git\bin\git.exe" config --global --add safe.directory D:\a\keycloak\keycloak
Java Distribution IT (windows-latest, temurin, 25)	UNKNOWN STEP	2025-10-17T19:17:27.8170977Z Deleting the contents of 'D:\a\keycloak\keycloak'
Java Distribution IT (windows-latest, temurin, 25)	UNKNOWN STEP	2025-10-17T19:17:27.8176678Z ##[group]Initializing the repository
Java Distribution IT (windows-latest, temurin, 25)	UNKNOWN STEP	2025-10-17T19:17:27.8185017Z [command]"C:\Program Files\Git\bin\git.exe" init D:\a\keycloak\keycloak
Java Distribution IT (windows-latest, temurin, 25)	UNKNOWN STEP	2025-10-17T19:17:27.9312018Z Initialized empty Git repository in D:/a/keycloak/keycloak/.git/
Java Distribution IT (windows-latest, temurin, 25)	UNKNOWN STEP	2025-10-17T19:17:27.9380105Z [command]"C:\Program Files\Git\bin\git.exe" remote add origin https://github.com/keycloak/keycloak
Java Distribution IT (windows-latest, temurin, 25)	UNKNOWN STEP	2025-10-17T19:17:27.9890855Z ##[endgroup]
Java Distribution IT (windows-latest, temurin, 25)	UNKNOWN STEP	2025-10-17T19:17:27.9891612Z ##[group]Disabling automatic garbage collection
Java Distribution IT (windows-latest, temurin, 25)	UNKNOWN STEP	2025-10-17T19:17:27.9899476Z [command]"C:\Program Files\Git\bin\git.exe" config --local gc.auto 0
Java Distribution IT (windows-latest, temurin, 25)	UNKNOWN STEP	2025-10-17T19:17:28.0177505Z ##[endgroup]
Java Distribution IT (windows-latest, temurin, 25)	UNKNOWN STEP	2025-10-17T19:17:28.0178279Z ##[group]Setting up auth
Java Distribution IT (windows-latest, temurin, 25)	UNKNOWN STEP	2025-10-17T19:17:28.0189175Z [command]"C:\Program Files\Git\bin\git.exe" config --local --name-only --get-regexp core\.sshCommand
Java Distribution IT (windows-latest, temurin, 25)	UNKNOWN STEP	2025-10-17T19:17:28.0472626Z [command]"C:\Program Files\Git\bin\git.exe" submodule foreach --recursive "sh -c \"git config --local --name-only --get-regexp 'core\.sshCommand' && git config --local --unset-all 'core.sshCommand' || :\""
Java Distribution IT (windows-latest, temurin, 25)	UNKNOWN STEP	2025-10-17T19:17:29.5779838Z [command]"C:\Program Files\Git\bin\git.exe" config --local --name-only --get-regexp http\.https\:\/\/github\.com\/\.extraheader
Java Distribution IT (windows-latest, temurin, 25)	UNKNOWN STEP	2025-10-17T19:17:29.6070324Z [command]"C:\Program Files\Git\bin\git.exe" submodule foreach --recursive "sh -c \"git config --local --name-only --get-regexp 'http\.https\:\/\/github\.com\/\.extraheader' && git config --local --unset-all 'http.https://github.com/.extraheader' || :\""
Java Distribution IT (windows-latest, temurin, 25)	UNKNOWN STEP	2025-10-17T19:17:30.1424126Z [command]"C:\Program Files\Git\bin\git.exe" config --local http.https://github.com/.extraheader "AUTHORIZATION: basic ***"
Java Distribution IT (windows-latest, temurin, 25)	UNKNOWN STEP	2025-10-17T19:17:30.1715650Z ##[endgroup]
Java Distribution IT (windows-latest, temurin, 25)	UNKNOWN STEP	2025-10-17T19:17:30.1716212Z ##[group]Fetching the repository
Java Distribution IT (windows-latest, temurin, 25)	UNKNOWN STEP	2025-10-17T19:17:30.1728756Z [command]"C:\Program Files\Git\bin\git.exe" -c protocol.version=2 fetch --no-tags --prune --no-recurse-submodules --depth=1 origin +81a38896274015adf244b8bf91fde603c971bcae:refs/remotes/pull/43548/merge
Java Distribution IT (windows-latest, temurin, 25)	UNKNOWN STEP	2025-10-17T19:17:35.2848214Z From https://github.com/keycloak/keycloak
Java Distribution IT (windows-latest, temurin, 25)	UNKNOWN STEP	2025-10-17T19:17:35.2851963Z  * [new ref]         81a38896274015adf244b8bf91fde603c971bcae -> pull/43548/merge
Java Distribution IT (windows-latest, temurin, 25)	UNKNOWN STEP	2025-10-17T19:17:35.3194354Z ##[endgroup]
Java Distribution IT (windows-latest, temurin, 25)	UNKNOWN STEP	2025-10-17T19:17:35.3195610Z ##[group]Determining the checkout info
Java Distribution IT (windows-latest, temurin, 25)	UNKNOWN STEP	2025-10-17T19:17:35.3198054Z ##[endgroup]
Java Distribution IT (windows-latest, temurin, 25)	UNKNOWN STEP	2025-10-17T19:17:35.3206971Z [command]"C:\Program Files\Git\bin\git.exe" sparse-checkout disable
Java Distribution IT (windows-latest, temurin, 25)	UNKNOWN STEP	2025-10-17T19:17:35.3674393Z [command]"C:\Program Files\Git\bin\git.exe" config --local --unset-all extensions.worktreeConfig
Java Distribution IT (windows-latest, temurin, 25)	UNKNOWN STEP	2025-10-17T19:17:35.4017170Z ##[group]Checking out the ref
Java Distribution IT (windows-latest, temurin, 25)	UNKNOWN STEP	2025-10-17T19:17:35.4030890Z [command]"C:\Program Files\Git\bin\git.exe" checkout --progress --force refs/remotes/pull/43548/merge
Java Distribution IT (windows-latest, temurin, 25)	UNKNOWN STEP	2025-10-17T19:17:36.4845598Z Updating files:  28% (3097/10991)
Java Distribution IT (windows-latest, temurin, 25)	UNKNOWN STEP	2025-10-17T19:17:36.5134453Z Updating files:  29% (3188/10991)
Java Distribution IT (windows-latest, temurin, 25)	UNKNOWN STEP	2025-10-17T19:17:36.6768400Z Updating files:  30% (3298/10991)
Java Distribution IT (windows-latest, temurin, 25)	UNKNOWN STEP	2025-10-17T19:17:36.7022369Z Updating files:  31% (3408/10991)
Java Distribution IT (windows-latest, temurin, 25)	UNKNOWN STEP	2025-10-17T19:17:36.7273682Z Updating files:  32% (3518/10991)
Java Distribution IT (windows-latest, temurin, 25)	UNKNOWN STEP	2025-10-17T19:17:36.7581791Z Updating files:  33% (3628/10991)
Java Distribution IT (windows-latest, temurin, 25)	UNKNOWN STEP	2025-10-17T19:17:36.8069358Z Updating files:  34% (3737/10991)
Java Distribution IT (windows-latest, temurin, 25)	UNKNOWN STEP	2025-10-17T19:17:36.8341616Z Updating files:  35% (3847/10991)
Java Distribution IT (windows-latest, temurin, 25)	UNKNOWN STEP	2025-10-17T19:17:36.8632201Z Updating files:  36% (3957/10991)
Java Distribution IT (windows-latest, temurin, 25)	UNKNOWN STEP	2025-10-17T19:17:36.8950169Z Updating files:  37% (4067/10991)
Java Distribution IT (windows-latest, temurin, 25)	UNKNOWN STEP	2025-10-17T19:17:36.9234996Z Updating files:  38% (4177/10991)
Java Distribution IT (windows-latest, temurin, 25)	UNKNOWN STEP	2025-10-17T19:17:36.9502100Z Updating files:  39% (4287/10991)
Java Distribution IT (windows-latest, temurin, 25)	UNKNOWN STEP	2025-10-17T19:17:36.9773310Z Updating files:  40% (4397/10991)
Java Distribution IT (windows-latest, temurin, 25)	UNKNOWN STEP	2025-10-17T19:17:37.0080657Z Updating files:  41% (4507/10991)
Java Distribution IT (windows-latest, temurin, 25)	UNKNOWN STEP	2025-10-17T19:17:37.0356489Z Updating files:  42% (4617/10991)
Java Distribution IT (windows-latest, temurin, 25)	UNKNOWN STEP	2025-10-17T19:17:37.0649766Z Updating files:  43% (4727/10991)
Java Distribution IT (windows-latest, temurin, 25)	UNKNOWN STEP	2025-10-17T19:17:37.0925922Z Updating files:  44% (4837/10991)
Java Distribution IT (windows-latest, temurin, 25)	UNKNOWN STEP	2025-10-17T19:17:37.1241218Z Updating files:  45% (4946/10991)
Java Distribution IT (windows-latest, temurin, 25)	UNKNOWN STEP	2025-10-17T19:17:37.1541950Z Updating files:  46% (5056/10991)
Java Distribution IT (windows-latest, temurin, 25)	UNKNOWN STEP	2025-10-17T19:17:37.1804944Z Updating files:  47% (5166/10991)
Java Distribution IT (windows-latest, temurin, 25)	UNKNOWN STEP	2025-10-17T19:17:37.2053451Z Updating files:  48% (5276/10991)
Java Distribution IT (windows-latest, temurin, 25)	UNKNOWN STEP	2025-10-17T19:17:37.2320313Z Updating files:  49% (5386/10991)
Java Distribution IT (windows-latest, temurin, 25)	UNKNOWN STEP	2025-10-17T19:17:37.2964890Z Updating files:  50% (5496/10991)
Java Distribution IT (windows-latest, temurin, 25)	UNKNOWN STEP	2025-10-17T19:17:37.3279708Z Updating files:  51% (5606/10991)
Java Distribution IT (windows-latest, temurin, 25)	UNKNOWN STEP	2025-10-17T19:17:37.3533843Z Updating files:  52% (5716/10991)
Java Distribution IT (windows-latest, temurin, 25)	UNKNOWN STEP	2025-10-17T19:17:37.3797971Z Updating files:  53% (5826/10991)
Java Distribution IT (windows-latest, temurin, 25)	UNKNOWN STEP	2025-10-17T19:17:37.4050340Z Updating files:  54% (5936/10991)
Java Distribution IT (windows-latest, temurin, 25)	UNKNOWN STEP	2025-10-17T19:17:37.4301686Z Updating files:  55% (6046/10991)
Java Distribution IT (windows-latest, temurin, 25)	UNKNOWN STEP	2025-10-17T19:17:37.4566131Z Updating files:  56% (6155/10991)
Java Distribution IT (windows-latest, temurin, 25)	UNKNOWN STEP	2025-10-17T19:17:37.4632897Z Updating files:  57% (6265/10991)
Java Distribution IT (windows-latest, temurin, 25)	UNKNOWN STEP	2025-10-17T19:17:37.4857475Z Updating files:  57% (6291/10991)
Java Distribution IT (windows-latest, temurin, 25)	UNKNOWN STEP	2025-10-17T19:17:37.5115630Z Updating files:  58% (6375/10991)
Java Distribution IT (windows-latest, temurin, 25)	UNKNOWN STEP	2025-10-17T19:17:37.5385923Z Updating files:  59% (6485/10991)
Java Distribution IT (windows-latest, temurin, 25)	UNKNOWN STEP	2025-10-17T19:17:37.5664923Z Updating files:  60% (6595/10991)
Java Distribution IT (windows-latest, temurin, 25)	UNKNOWN STEP	2025-10-17T19:17:37.5948125Z Updating files:  61% (6705/10991)
Java Distribution IT (windows-latest, temurin, 25)	UNKNOWN STEP	2025-10-17T19:17:37.6227535Z Updating files:  62% (6815/10991)
Java Distribution IT (windows-latest, temurin, 25)	UNKNOWN STEP	2025-10-17T19:17:37.6493918Z Updating files:  63% (6925/10991)
Java Distribution IT (windows-latest, temurin, 25)	UNKNOWN STEP	2025-10-17T19:17:37.6770119Z Updating files:  64% (7035/10991)
Java Distribution IT (windows-latest, temurin, 25)	UNKNOWN STEP	2025-10-17T19:17:37.7022036Z Updating files:  65% (7145/10991)
Java Distribution IT (windows-latest, temurin, 25)	UNKNOWN STEP	2025-10-17T19:17:37.7308856Z Updating files:  66% (7255/10991)
Java Distribution IT (windows-latest, temurin, 25)	UNKNOWN STEP	2025-10-17T19:17:37.7574524Z Updating files:  67% (7364/10991)
Java Distribution IT (windows-latest, temurin, 25)	UNKNOWN STEP	2025-10-17T19:17:37.7838826Z Updating files:  68% (7474/10991)
Java Distribution IT (windows-latest, temurin, 25)	UNKNOWN STEP	2025-10-17T19:17:37.8100504Z Updating files:  69% (7584/10991)
Java Distribution IT (windows-latest, temurin, 25)	UNKNOWN STEP	2025-10-17T19:17:37.8374039Z Updating files:  70% (7694/10991)
Java Distribution IT (windows-latest, temurin, 25)	UNKNOWN STEP	2025-10-17T19:17:37.8626126Z Updating files:  71% (7804/10991)
Java Distribution IT (windows-latest, temurin, 25)	UNKNOWN STEP	2025-10-17T19:17:37.8971485Z Updating files:  72% (7914/10991)
Java Distribution IT (windows-latest, temurin, 25)	UNKNOWN STEP	2025-10-17T19:17:38.1367947Z Updating files:  73% (8024/10991)
Java Distribution IT (windows-latest, temurin, 25)	UNKNOWN STEP	2025-10-17T19:17:38.1669033Z Updating files:  74% (8134/10991)
Java Distribution IT (windows-latest, temurin, 25)	UNKNOWN STEP	2025-10-17T19:17:38.1910731Z Updating files:  75% (8244/10991)
Java Distribution IT (windows-latest, temurin, 25)	UNKNOWN STEP	2025-10-17T19:17:38.2272023Z Updating files:  76% (8354/10991)
Java Distribution IT (windows-latest, temurin, 25)	UNKNOWN STEP	2025-10-17T19:17:38.2578278Z Updating files:  77% (8464/10991)
Java Distribution IT (windows-latest, temurin, 25)	UNKNOWN STEP	2025-10-17T19:17:38.2871653Z Updating files:  78% (8573/10991)
Java Distribution IT (windows-latest, temurin, 25)	UNKNOWN STEP	2025-10-17T19:17:38.3182824Z Updating files:  79% (8683/10991)
Java Distribution IT (windows-latest, temurin, 25)	UNKNOWN STEP	2025-10-17T19:17:38.3537412Z Updating files:  80% (8793/10991)
Java Distribution IT (windows-latest, temurin, 25)	UNKNOWN STEP	2025-10-17T19:17:38.3787980Z Updating files:  81% (8903/10991)
Java Distribution IT (windows-latest, temurin, 25)	UNKNOWN STEP	2025-10-17T19:17:38.4070949Z Updating files:  82% (9013/10991)
Java Distribution IT (windows-latest, temurin, 25)	UNKNOWN STEP	2025-10-17T19:17:38.4380314Z Updating files:  83% (9123/10991)
Java Distribution IT (windows-latest, temurin, 25)	UNKNOWN STEP	2025-10-17T19:17:38.4631084Z Updating files:  84% (9233/10991)
Java Distribution IT (windows-latest, temurin, 25)	UNKNOWN STEP	2025-10-17T19:17:38.4733484Z Updating files:  85% (9343/10991)
Java Distribution IT (windows-latest, temurin, 25)	UNKNOWN STEP	2025-10-17T19:17:38.4880041Z Updating files:  85% (9388/10991)
Java Distribution IT (windows-latest, temurin, 25)	UNKNOWN STEP	2025-10-17T19:17:38.5132347Z Updating files:  86% (9453/10991)
Java Distribution IT (windows-latest, temurin, 25)	UNKNOWN STEP	2025-10-17T19:17:38.5433285Z Updating files:  87% (9563/10991)
Java Distribution IT (windows-latest, temurin, 25)	UNKNOWN STEP	2025-10-17T19:17:38.5704377Z Updating files:  88% (9673/10991)
Java Distribution IT (windows-latest, temurin, 25)	UNKNOWN STEP	2025-10-17T19:17:38.6001483Z Updating files:  89% (9782/10991)
Java Distribution IT (windows-latest, temurin, 25)	UNKNOWN STEP	2025-10-17T19:17:38.6298900Z Updating files:  90% (9892/10991)
Java Distribution IT (windows-latest, temurin, 25)	UNKNOWN STEP	2025-10-17T19:17:38.6617429Z Updating files:  91% (10002/10991)
Java Distribution IT (windows-latest, temurin, 25)	UNKNOWN STEP	2025-10-17T19:17:38.6925349Z Updating files:  92% (10112/10991)
Java Distribution IT (windows-latest, temurin, 25)	UNKNOWN STEP	2025-10-17T19:17:38.7208318Z Updating files:  93% (10222/10991)
Java Distribution IT (windows-latest, temurin, 25)	UNKNOWN STEP	2025-10-17T19:17:38.7543140Z Updating files:  94% (10332/10991)
Java Distribution IT (windows-latest, temurin, 25)	UNKNOWN STEP	2025-10-17T19:17:38.7870055Z Updating files:  95% (10442/10991)
Java Distribution IT (windows-latest, temurin, 25)	UNKNOWN STEP	2025-10-17T19:17:38.8206492Z Updating files:  96% (10552/10991)
Java Distribution IT (windows-latest, temurin, 25)	UNKNOWN STEP	2025-10-17T19:17:38.8491373Z Updating files:  97% (10662/10991)
Java Distribution IT (windows-latest, temurin, 25)	UNKNOWN STEP	2025-10-17T19:17:38.8756281Z Updating files:  98% (10772/10991)
Java Distribution IT (windows-latest, temurin, 25)	UNKNOWN STEP	2025-10-17T19:17:38.9036717Z Updating files:  99% (10882/10991)
Java Distribution IT (windows-latest, temurin, 25)	UNKNOWN STEP	2025-10-17T19:17:38.9038181Z Updating files: 100% (10991/10991)
Java Distribution IT (windows-latest, temurin, 25)	UNKNOWN STEP	2025-10-17T19:17:38.9038572Z Updating files: 100% (10991/10991), done.
Java Distribution IT (windows-latest, temurin, 25)	UNKNOWN STEP	2025-10-17T19:17:38.9438681Z Note: switching to 'refs/remotes/pull/43548/merge'.
Java Distribution IT (windows-latest, temurin, 25)	UNKNOWN STEP	2025-10-17T19:17:38.9439198Z 
Java Distribution IT (windows-latest, temurin, 25)	UNKNOWN STEP	2025-10-17T19:17:38.9439533Z You are in 'detached HEAD' state. You can look around, make experimental
Java Distribution IT (windows-latest, temurin, 25)	UNKNOWN STEP	2025-10-17T19:17:38.9440535Z changes and commit them, and you can discard any commits you make in this
Java Distribution IT (windows-latest, temurin, 25)	UNKNOWN STEP	2025-10-17T19:17:38.9441605Z state without impacting any branches by switching back to a branch.
Java Distribution IT (windows-latest, temurin, 25)	UNKNOWN STEP	2025-10-17T19:17:38.9442074Z 
Java Distribution IT (windows-latest, temurin, 25)	UNKNOWN STEP	2025-10-17T19:17:38.9442358Z If you want to create a new branch to retain commits you create, you may
Java Distribution IT (windows-latest, temurin, 25)	UNKNOWN STEP	2025-10-17T19:17:38.9443060Z do so (now or later) by using -c with the switch command. Example:
Java Distribution IT (windows-latest, temurin, 25)	UNKNOWN STEP	2025-10-17T19:17:38.9443439Z 
Java Distribution IT (windows-latest, temurin, 25)	UNKNOWN STEP	2025-10-17T19:17:38.9443603Z   git switch -c <new-branch-name>
Java Distribution IT (windows-latest, temurin, 25)	UNKNOWN STEP	2025-10-17T19:17:38.9443856Z 
Java Distribution IT (windows-latest, temurin, 25)	UNKNOWN STEP	2025-10-17T19:17:38.9443976Z Or undo this operation with:
Java Distribution IT (windows-latest, temurin, 25)	UNKNOWN STEP	2025-10-17T19:17:38.9444211Z 
Java Distribution IT (windows-latest, temurin, 25)	UNKNOWN STEP	2025-10-17T19:17:38.9444627Z   git switch -
Java Distribution IT (windows-latest, temurin, 25)	UNKNOWN STEP	2025-10-17T19:17:38.9444793Z 
Java Distribution IT (windows-latest, temurin, 25)	UNKNOWN STEP	2025-10-17T19:17:38.9445099Z Turn off this advice by setting config variable advice.detachedHead to false
Java Distribution IT (windows-latest, temurin, 25)	UNKNOWN STEP	2025-10-17T19:17:38.9445566Z 
Java Distribution IT (windows-latest, temurin, 25)	UNKNOWN STEP	2025-10-17T19:17:38.9446108Z HEAD is now at 81a3889 Merge e59d4a4ccfce29291513d7c2bf3b36e6cdf8ce43 into c318afb5c5125d9c6108286f813296c0ffb5c6a3
Java Distribution IT (windows-latest, temurin, 25)	UNKNOWN STEP	2025-10-17T19:17:38.9536987Z ##[endgroup]
Java Distribution IT (windows-latest, temurin, 25)	UNKNOWN STEP	2025-10-17T19:17:38.9927049Z [command]"C:\Program Files\Git\bin\git.exe" log -1 --format=%H
Java Distribution IT (windows-latest, temurin, 25)	UNKNOWN STEP	2025-10-17T19:17:39.0180188Z 81a38896274015adf244b8bf91fde603c971bcae
Java Distribution IT (windows-latest, temurin, 25)	UNKNOWN STEP	2025-10-17T19:17:39.0635477Z Prepare all required actions
Java Distribution IT (windows-latest, temurin, 25)	UNKNOWN STEP	2025-10-17T19:17:39.0636203Z Getting action download info
Java Distribution IT (windows-latest, temurin, 25)	UNKNOWN STEP	2025-10-17T19:17:39.2261335Z Download action repository 'actions/download-artifact@d3f86a106a0bac45b974a628896c90dbdf5c8093' (SHA:d3f86a106a0bac45b974a628896c90dbdf5c8093)
Java Distribution IT (windows-latest, temurin, 25)	UNKNOWN STEP	2025-10-17T19:17:39.8625252Z ##[group]Run ./.github/actions/integration-test-setup
Java Distribution IT (windows-latest, temurin, 25)	UNKNOWN STEP	2025-10-17T19:17:39.8625514Z with:
Java Distribution IT (windows-latest, temurin, 25)	UNKNOWN STEP	2025-10-17T19:17:39.8625667Z   jdk-dist: temurin
Java Distribution IT (windows-latest, temurin, 25)	UNKNOWN STEP	2025-10-17T19:17:39.8625844Z   jdk-version: 25
Java Distribution IT (windows-latest, temurin, 25)	UNKNOWN STEP	2025-10-17T19:17:39.8625991Z env:
Java Distribution IT (windows-latest, temurin, 25)	UNKNOWN STEP	2025-10-17T19:17:39.8626235Z   MAVEN_ARGS: -B -nsu -Daether.connector.http.connectionMaxTtl=25
Java Distribution IT (windows-latest, temurin, 25)	UNKNOWN STEP	2025-10-17T19:17:39.8626550Z   SUREFIRE_RERUN_FAILING_COUNT: 2
Java Distribution IT (windows-latest, temurin, 25)	UNKNOWN STEP	2025-10-17T19:17:39.8626808Z   SUREFIRE_RETRY: -Dsurefire.rerunFailingTestsCount=2
Java Distribution IT (windows-latest, temurin, 25)	UNKNOWN STEP	2025-10-17T19:17:39.8627061Z ##[endgroup]
Java Distribution IT (windows-latest, temurin, 25)	UNKNOWN STEP	2025-10-17T19:17:39.8820217Z Prepare all required actions
Java Distribution IT (windows-latest, temurin, 25)	UNKNOWN STEP	2025-10-17T19:17:39.8857632Z ##[group]Run ./.github/actions/update-hosts
Java Distribution IT (windows-latest, temurin, 25)	UNKNOWN STEP	2025-10-17T19:17:39.8857868Z env:
Java Distribution IT (windows-latest, temurin, 25)	UNKNOWN STEP	2025-10-17T19:17:39.8858137Z   MAVEN_ARGS: -B -nsu -Daether.connector.http.connectionMaxTtl=25
Java Distribution IT (windows-latest, temurin, 25)	UNKNOWN STEP	2025-10-17T19:17:39.8858441Z   SUREFIRE_RERUN_FAILING_COUNT: 2
Java Distribution IT (windows-latest, temurin, 25)	UNKNOWN STEP	2025-10-17T19:17:39.8858698Z   SUREFIRE_RETRY: -Dsurefire.rerunFailingTestsCount=2
Java Distribution IT (windows-latest, temurin, 25)	UNKNOWN STEP	2025-10-17T19:17:39.8858948Z ##[endgroup]
Java Distribution IT (windows-latest, temurin, 25)	UNKNOWN STEP	2025-10-17T19:17:39.9011820Z ##[group]Run "`n`n" | Add-Content C:\Windows\System32\drivers\etc\hosts
Java Distribution IT (windows-latest, temurin, 25)	UNKNOWN STEP	2025-10-17T19:17:39.9012267Z [36;1m"`n`n" | Add-Content C:\Windows\System32\drivers\etc\hosts[0m
Java Distribution IT (windows-latest, temurin, 25)	UNKNOWN STEP	2025-10-17T19:17:39.9012783Z [36;1mGet-Content .github/actions/update-hosts/hosts | Add-Content C:\Windows\System32\drivers\etc\hosts[0m
Java Distribution IT (windows-latest, temurin, 25)	UNKNOWN STEP	2025-10-17T19:17:39.9558790Z shell: C:\Windows\System32\WindowsPowerShell\v1.0\powershell.EXE -command ". '{0}'"
Java Distribution IT (windows-latest, temurin, 25)	UNKNOWN STEP	2025-10-17T19:17:39.9559205Z env:
Java Distribution IT (windows-latest, temurin, 25)	UNKNOWN STEP	2025-10-17T19:17:39.9559470Z   MAVEN_ARGS: -B -nsu -Daether.connector.http.connectionMaxTtl=25
Java Distribution IT (windows-latest, temurin, 25)	UNKNOWN STEP	2025-10-17T19:17:39.9559820Z   SUREFIRE_RERUN_FAILING_COUNT: 2
Java Distribution IT (windows-latest, temurin, 25)	UNKNOWN STEP	2025-10-17T19:17:39.9560111Z   SUREFIRE_RETRY: -Dsurefire.rerunFailingTestsCount=2
Java Distribution IT (windows-latest, temurin, 25)	UNKNOWN STEP	2025-10-17T19:17:39.9560425Z ##[endgroup]
Java Distribution IT (windows-latest, temurin, 25)	UNKNOWN STEP	2025-10-17T19:17:40.2755503Z Prepare all required actions
Java Distribution IT (windows-latest, temurin, 25)	UNKNOWN STEP	2025-10-17T19:17:40.2755765Z Getting action download info
Java Distribution IT (windows-latest, temurin, 25)	UNKNOWN STEP	2025-10-17T19:17:40.4132089Z Download action repository 'actions/setup-java@c5195efecf7bdfc987ee8bae7a71cb8b11521c00' (SHA:c5195efecf7bdfc987ee8bae7a71cb8b11521c00)
Java Distribution IT (windows-latest, temurin, 25)	UNKNOWN STEP	2025-10-17T19:17:41.0527076Z ##[group]Run ./.github/actions/java-setup
Java Distribution IT (windows-latest, temurin, 25)	UNKNOWN STEP	2025-10-17T19:17:41.0527305Z with:
Java Distribution IT (windows-latest, temurin, 25)	UNKNOWN STEP	2025-10-17T19:17:41.0527462Z   distribution: temurin
Java Distribution IT (windows-latest, temurin, 25)	UNKNOWN STEP	2025-10-17T19:17:41.0527644Z   java-version: 25
Java Distribution IT (windows-latest, temurin, 25)	UNKNOWN STEP	2025-10-17T19:17:41.0527796Z env:
Java Distribution IT (windows-latest, temurin, 25)	UNKNOWN STEP	2025-10-17T19:17:41.0528027Z   MAVEN_ARGS: -B -nsu -Daether.connector.http.connectionMaxTtl=25
Java Distribution IT (windows-latest, temurin, 25)	UNKNOWN STEP	2025-10-17T19:17:41.0528352Z   SUREFIRE_RERUN_FAILING_COUNT: 2
Java Distribution IT (windows-latest, temurin, 25)	UNKNOWN STEP	2025-10-17T19:17:41.0528614Z   SUREFIRE_RETRY: -Dsurefire.rerunFailingTestsCount=2
Java Distribution IT (windows-latest, temurin, 25)	UNKNOWN STEP	2025-10-17T19:17:41.0528865Z ##[endgroup]
Java Distribution IT (windows-latest, temurin, 25)	UNKNOWN STEP	2025-10-17T19:17:41.0719008Z ##[group]Run actions/setup-java@c5195efecf7bdfc987ee8bae7a71cb8b11521c00
Java Distribution IT (windows-latest, temurin, 25)	UNKNOWN STEP	2025-10-17T19:17:41.0719344Z with:
Java Distribution IT (windows-latest, temurin, 25)	UNKNOWN STEP	2025-10-17T19:17:41.0719509Z   distribution: temurin
Java Distribution IT (windows-latest, temurin, 25)	UNKNOWN STEP	2025-10-17T19:17:41.0719688Z   java-version: 25
Java Distribution IT (windows-latest, temurin, 25)	UNKNOWN STEP	2025-10-17T19:17:41.0719850Z   java-package: jdk
Java Distribution IT (windows-latest, temurin, 25)	UNKNOWN STEP	2025-10-17T19:17:41.0720022Z   check-latest: false
Java Distribution IT (windows-latest, temurin, 25)	UNKNOWN STEP	2025-10-17T19:17:41.0720185Z   server-id: github
Java Distribution IT (windows-latest, temurin, 25)	UNKNOWN STEP	2025-10-17T19:17:41.0720348Z   server-username: GITHUB_ACTOR
Java Distribution IT (windows-latest, temurin, 25)	UNKNOWN STEP	2025-10-17T19:17:41.0720560Z   server-password: GITHUB_TOKEN
Java Distribution IT (windows-latest, temurin, 25)	UNKNOWN STEP	2025-10-17T19:17:41.0720758Z   overwrite-settings: true
Java Distribution IT (windows-latest, temurin, 25)	UNKNOWN STEP	2025-10-17T19:17:41.0720947Z   job-status: success
Java Distribution IT (windows-latest, temurin, 25)	UNKNOWN STEP	2025-10-17T19:17:41.0721513Z   token: ***
Java Distribution IT (windows-latest, temurin, 25)	UNKNOWN STEP	2025-10-17T19:17:41.0721660Z env:
Java Distribution IT (windows-latest, temurin, 25)	UNKNOWN STEP	2025-10-17T19:17:41.0722382Z   MAVEN_ARGS: -B -nsu -Daether.connector.http.connectionMaxTtl=25
Java Distribution IT (windows-latest, temurin, 25)	UNKNOWN STEP	2025-10-17T19:17:41.0722821Z   SUREFIRE_RERUN_FAILING_COUNT: 2
Java Distribution IT (windows-latest, temurin, 25)	UNKNOWN STEP	2025-10-17T19:17:41.0723077Z   SUREFIRE_RETRY: -Dsurefire.rerunFailingTestsCount=2
Java Distribution IT (windows-latest, temurin, 25)	UNKNOWN STEP	2025-10-17T19:17:41.0723338Z ##[endgroup]
Java Distribution IT (windows-latest, temurin, 25)	UNKNOWN STEP	2025-10-17T19:17:41.3438302Z ##[group]Installed distributions
Java Distribution IT (windows-latest, temurin, 25)	UNKNOWN STEP	2025-10-17T19:17:41.3904449Z Resolved Java 25.0.0+36.0 from tool-cache
Java Distribution IT (windows-latest, temurin, 25)	UNKNOWN STEP	2025-10-17T19:17:41.3905247Z Setting Java 25.0.0+36.0 as the default
Java Distribution IT (windows-latest, temurin, 25)	UNKNOWN STEP	2025-10-17T19:17:41.3939830Z Creating toolchains.xml for JDK version 25 from temurin
Java Distribution IT (windows-latest, temurin, 25)	UNKNOWN STEP	2025-10-17T19:17:41.4043418Z Writing to C:\Users\runneradmin\.m2\toolchains.xml
Java Distribution IT (windows-latest, temurin, 25)	UNKNOWN STEP	2025-10-17T19:17:41.4047245Z 
Java Distribution IT (windows-latest, temurin, 25)	UNKNOWN STEP	2025-10-17T19:17:41.4047434Z Java configuration:
Java Distribution IT (windows-latest, temurin, 25)	UNKNOWN STEP	2025-10-17T19:17:41.4048581Z   Distribution: temurin
Java Distribution IT (windows-latest, temurin, 25)	UNKNOWN STEP	2025-10-17T19:17:41.4049195Z   Version: 25.0.0+36.0
Java Distribution IT (windows-latest, temurin, 25)	UNKNOWN STEP	2025-10-17T19:17:41.4049841Z   Path: C:\hostedtoolcache\windows\Java_Temurin-Hotspot_jdk\25.0.0-36.0\x64
Java Distribution IT (windows-latest, temurin, 25)	UNKNOWN STEP	2025-10-17T19:17:41.4050482Z 
Java Distribution IT (windows-latest, temurin, 25)	UNKNOWN STEP	2025-10-17T19:17:41.4050990Z ##[endgroup]
Java Distribution IT (windows-latest, temurin, 25)	UNKNOWN STEP	2025-10-17T19:17:41.4069043Z Creating settings.xml with server-id: github
Java Distribution IT (windows-latest, temurin, 25)	UNKNOWN STEP	2025-10-17T19:17:41.4078904Z Writing to C:\Users\runneradmin\.m2\settings.xml
Java Distribution IT (windows-latest, temurin, 25)	UNKNOWN STEP	2025-10-17T19:17:41.4347185Z Prepare all required actions
Java Distribution IT (windows-latest, temurin, 25)	UNKNOWN STEP	2025-10-17T19:17:41.4347480Z Getting action download info
Java Distribution IT (windows-latest, temurin, 25)	UNKNOWN STEP	2025-10-17T19:17:41.5749990Z Download action repository 'actions/cache@5a3ec84eff668545956fd18022155c47e93e2684' (SHA:5a3ec84eff668545956fd18022155c47e93e2684)
Java Distribution IT (windows-latest, temurin, 25)	UNKNOWN STEP	2025-10-17T19:17:41.7921669Z ##[group]Run ./.github/actions/maven-cache
Java Distribution IT (windows-latest, temurin, 25)	UNKNOWN STEP	2025-10-17T19:17:41.7921916Z with:
Java Distribution IT (windows-latest, temurin, 25)	UNKNOWN STEP	2025-10-17T19:17:41.7922087Z   create-cache-if-it-doesnt-exist: false
Java Distribution IT (windows-latest, temurin, 25)	UNKNOWN STEP	2025-10-17T19:17:41.7922308Z env:
Java Distribution IT (windows-latest, temurin, 25)	UNKNOWN STEP	2025-10-17T19:17:41.7922537Z   MAVEN_ARGS: -B -nsu -Daether.connector.http.connectionMaxTtl=25
Java Distribution IT (windows-latest, temurin, 25)	UNKNOWN STEP	2025-10-17T19:17:41.7922837Z   SUREFIRE_RERUN_FAILING_COUNT: 2
Java Distribution IT (windows-latest, temurin, 25)	UNKNOWN STEP	2025-10-17T19:17:41.7923097Z   SUREFIRE_RETRY: -Dsurefire.rerunFailingTestsCount=2
Java Distribution IT (windows-latest, temurin, 25)	UNKNOWN STEP	2025-10-17T19:17:41.7923467Z   JAVA_HOME: C:\hostedtoolcache\windows\Java_Temurin-Hotspot_jdk\25.0.0-36.0\x64
Java Distribution IT (windows-latest, temurin, 25)	UNKNOWN STEP	2025-10-17T19:17:41.7923930Z   JAVA_HOME_25_X64: C:\hostedtoolcache\windows\Java_Temurin-Hotspot_jdk\25.0.0-36.0\x64
Java Distribution IT (windows-latest, temurin, 25)	UNKNOWN STEP	2025-10-17T19:17:41.7924252Z ##[endgroup]
Java Distribution IT (windows-latest, temurin, 25)	UNKNOWN STEP	2025-10-17T19:17:41.8054811Z ##[group]Run echo "key=mvn-`date -u "+%Y-%U"`" >> $GITHUB_OUTPUT
Java Distribution IT (windows-latest, temurin, 25)	UNKNOWN STEP	2025-10-17T19:17:41.8055182Z [36;1mecho "key=mvn-`date -u "+%Y-%U"`" >> $GITHUB_OUTPUT[0m
Java Distribution IT (windows-latest, temurin, 25)	UNKNOWN STEP	2025-10-17T19:17:42.0697787Z shell: C:\Program Files\Git\bin\bash.EXE --noprofile --norc -e -o pipefail {0}
Java Distribution IT (windows-latest, temurin, 25)	UNKNOWN STEP	2025-10-17T19:17:42.0698143Z env:
Java Distribution IT (windows-latest, temurin, 25)	UNKNOWN STEP	2025-10-17T19:17:42.0698779Z   MAVEN_ARGS: -B -nsu -Daether.connector.http.connectionMaxTtl=25
Java Distribution IT (windows-latest, temurin, 25)	UNKNOWN STEP	2025-10-17T19:17:42.0699373Z   SUREFIRE_RERUN_FAILING_COUNT: 2
Java Distribution IT (windows-latest, temurin, 25)	UNKNOWN STEP	2025-10-17T19:17:42.0699796Z   SUREFIRE_RETRY: -Dsurefire.rerunFailingTestsCount=2
Java Distribution IT (windows-latest, temurin, 25)	UNKNOWN STEP	2025-10-17T19:17:42.0700356Z   JAVA_HOME: C:\hostedtoolcache\windows\Java_Temurin-Hotspot_jdk\25.0.0-36.0\x64
Java Distribution IT (windows-latest, temurin, 25)	UNKNOWN STEP	2025-10-17T19:17:42.0700804Z   JAVA_HOME_25_X64: C:\hostedtoolcache\windows\Java_Temurin-Hotspot_jdk\25.0.0-36.0\x64
Java Distribution IT (windows-latest, temurin, 25)	UNKNOWN STEP	2025-10-17T19:17:42.0701144Z ##[endgroup]
Java Distribution IT (windows-latest, temurin, 25)	UNKNOWN STEP	2025-10-17T19:17:42.3586307Z ##[group]Run actions/cache/restore@5a3ec84eff668545956fd18022155c47e93e2684
Java Distribution IT (windows-latest, temurin, 25)	UNKNOWN STEP	2025-10-17T19:17:42.3586619Z with:
Java Distribution IT (windows-latest, temurin, 25)	UNKNOWN STEP	2025-10-17T19:17:42.3586839Z   path: ~/.m2/repository/*/*
Java Distribution IT (windows-latest, temurin, 25)	UNKNOWN STEP	!~/.m2/repository/org/keycloak
Java Distribution IT (windows-latest, temurin, 25)	UNKNOWN STEP	
Java Distribution IT (windows-latest, temurin, 25)	UNKNOWN STEP	2025-10-17T19:17:42.3587135Z   key: mvn-Windows-mvn-2025-41
Java Distribution IT (windows-latest, temurin, 25)	UNKNOWN STEP	2025-10-17T19:17:42.3587340Z   restore-keys: mvn--mvn-2025-41
Java Distribution IT (windows-latest, temurin, 25)	UNKNOWN STEP	
Java Distribution IT (windows-latest, temurin, 25)	UNKNOWN STEP	2025-10-17T19:17:42.3587553Z   enableCrossOsArchive: true
Java Distribution IT (windows-latest, temurin, 25)	UNKNOWN STEP	2025-10-17T19:17:42.3587744Z   fail-on-cache-miss: false
Java Distribution IT (windows-latest, temurin, 25)	UNKNOWN STEP	2025-10-17T19:17:42.3587929Z   lookup-only: false
Java Distribution IT (windows-latest, temurin, 25)	UNKNOWN STEP	2025-10-17T19:17:42.3588091Z env:
Java Distribution IT (windows-latest, temurin, 25)	UNKNOWN STEP	2025-10-17T19:17:42.3588323Z   MAVEN_ARGS: -B -nsu -Daether.connector.http.connectionMaxTtl=25
Java Distribution IT (windows-latest, temurin, 25)	UNKNOWN STEP	2025-10-17T19:17:42.3588622Z   SUREFIRE_RERUN_FAILING_COUNT: 2
Java Distribution IT (windows-latest, temurin, 25)	UNKNOWN STEP	2025-10-17T19:17:42.3588872Z   SUREFIRE_RETRY: -Dsurefire.rerunFailingTestsCount=2
Java Distribution IT (windows-latest, temurin, 25)	UNKNOWN STEP	2025-10-17T19:17:42.3589249Z   JAVA_HOME: C:\hostedtoolcache\windows\Java_Temurin-Hotspot_jdk\25.0.0-36.0\x64
Java Distribution IT (windows-latest, temurin, 25)	UNKNOWN STEP	2025-10-17T19:17:42.3589690Z   JAVA_HOME_25_X64: C:\hostedtoolcache\windows\Java_Temurin-Hotspot_jdk\25.0.0-36.0\x64
Java Distribution IT (windows-latest, temurin, 25)	UNKNOWN STEP	2025-10-17T19:17:42.3590751Z ##[endgroup]
Java Distribution IT (windows-latest, temurin, 25)	UNKNOWN STEP	2025-10-17T19:17:42.8941696Z Cache not found for input keys: mvn-Windows-mvn-2025-41, mvn--mvn-2025-41
Java Distribution IT (windows-latest, temurin, 25)	UNKNOWN STEP	2025-10-17T19:17:42.9199871Z Prepare all required actions
Java Distribution IT (windows-latest, temurin, 25)	UNKNOWN STEP	2025-10-17T19:17:42.9200148Z Getting action download info
Java Distribution IT (windows-latest, temurin, 25)	UNKNOWN STEP	2025-10-17T19:17:43.0916972Z ##[group]Run ./.github/actions/node-cache
Java Distribution IT (windows-latest, temurin, 25)	UNKNOWN STEP	2025-10-17T19:17:43.0917201Z env:
Java Distribution IT (windows-latest, temurin, 25)	UNKNOWN STEP	2025-10-17T19:17:43.0917433Z   MAVEN_ARGS: -B -nsu -Daether.connector.http.connectionMaxTtl=25
Java Distribution IT (windows-latest, temurin, 25)	UNKNOWN STEP	2025-10-17T19:17:43.0917741Z   SUREFIRE_RERUN_FAILING_COUNT: 2
Java Distribution IT (windows-latest, temurin, 25)	UNKNOWN STEP	2025-10-17T19:17:43.0918724Z   SUREFIRE_RETRY: -Dsurefire.rerunFailingTestsCount=2
Java Distribution IT (windows-latest, temurin, 25)	UNKNOWN STEP	2025-10-17T19:17:43.0919142Z   JAVA_HOME: C:\hostedtoolcache\windows\Java_Temurin-Hotspot_jdk\25.0.0-36.0\x64
Java Distribution IT (windows-latest, temurin, 25)	UNKNOWN STEP	2025-10-17T19:17:43.0919588Z   JAVA_HOME_25_X64: C:\hostedtoolcache\windows\Java_Temurin-Hotspot_jdk\25.0.0-36.0\x64
Java Distribution IT (windows-latest, temurin, 25)	UNKNOWN STEP	2025-10-17T19:17:43.0919914Z ##[endgroup]
Java Distribution IT (windows-latest, temurin, 25)	UNKNOWN STEP	2025-10-17T19:17:43.1051370Z ##[group]Run echo "node=$(cat js/pom.xml | grep '<node.version>' | cut -d '>' -f 2 | cut -d '<' -f 1 | cut -c 2-)" >> $GITHUB_OUTPUT
Java Distribution IT (windows-latest, temurin, 25)	UNKNOWN STEP	2025-10-17T19:17:43.1052009Z [36;1mecho "node=$(cat js/pom.xml | grep '<node.version>' | cut -d '>' -f 2 | cut -d '<' -f 1 | cut -c 2-)" >> $GITHUB_OUTPUT[0m
Java Distribution IT (windows-latest, temurin, 25)	UNKNOWN STEP	2025-10-17T19:17:43.1052570Z [36;1mecho "pnpm=$(cat js/pom.xml | grep '<pnpm.version>' | cut -d '>' -f 2 | cut -d '<' -f 1 | cut -c 1-)" >> $GITHUB_OUTPUT[0m
Java Distribution IT (windows-latest, temurin, 25)	UNKNOWN STEP	2025-10-17T19:17:43.1065930Z shell: C:\Program Files\Git\bin\bash.EXE --noprofile --norc -e -o pipefail {0}
Java Distribution IT (windows-latest, temurin, 25)	UNKNOWN STEP	2025-10-17T19:17:43.1066312Z env:
Java Distribution IT (windows-latest, temurin, 25)	UNKNOWN STEP	2025-10-17T19:17:43.1066652Z   MAVEN_ARGS: -B -nsu -Daether.connector.http.connectionMaxTtl=25
Java Distribution IT (windows-latest, temurin, 25)	UNKNOWN STEP	2025-10-17T19:17:43.1067025Z   SUREFIRE_RERUN_FAILING_COUNT: 2
Java Distribution IT (windows-latest, temurin, 25)	UNKNOWN STEP	2025-10-17T19:17:43.1067368Z   SUREFIRE_RETRY: -Dsurefire.rerunFailingTestsCount=2
Java Distribution IT (windows-latest, temurin, 25)	UNKNOWN STEP	2025-10-17T19:17:43.1067782Z   JAVA_HOME: C:\hostedtoolcache\windows\Java_Temurin-Hotspot_jdk\25.0.0-36.0\x64
Java Distribution IT (windows-latest, temurin, 25)	UNKNOWN STEP	2025-10-17T19:17:43.1068323Z   JAVA_HOME_25_X64: C:\hostedtoolcache\windows\Java_Temurin-Hotspot_jdk\25.0.0-36.0\x64
Java Distribution IT (windows-latest, temurin, 25)	UNKNOWN STEP	2025-10-17T19:17:43.1068737Z ##[endgroup]
Java Distribution IT (windows-latest, temurin, 25)	UNKNOWN STEP	2025-10-17T19:17:43.6377694Z ##[group]Run actions/cache@5a3ec84eff668545956fd18022155c47e93e2684
Java Distribution IT (windows-latest, temurin, 25)	UNKNOWN STEP	2025-10-17T19:17:43.6377988Z with:
Java Distribution IT (windows-latest, temurin, 25)	UNKNOWN STEP	2025-10-17T19:17:43.6378322Z   path: ~/.m2/repository/com/github/eirslett/node
Java Distribution IT (windows-latest, temurin, 25)	UNKNOWN STEP	~/.m2/repository/com/github/eirslett/pnpm
Java Distribution IT (windows-latest, temurin, 25)	UNKNOWN STEP	
Java Distribution IT (windows-latest, temurin, 25)	UNKNOWN STEP	2025-10-17T19:17:43.6378789Z   key: Windows-frontend-plugin-artifacts-22.18.0-10.14.0
Java Distribution IT (windows-latest, temurin, 25)	UNKNOWN STEP	2025-10-17T19:17:43.6379069Z   enableCrossOsArchive: false
Java Distribution IT (windows-latest, temurin, 25)	UNKNOWN STEP	2025-10-17T19:17:43.6379276Z   fail-on-cache-miss: false
Java Distribution IT (windows-latest, temurin, 25)	UNKNOWN STEP	2025-10-17T19:17:43.6379465Z   lookup-only: false
Java Distribution IT (windows-latest, temurin, 25)	UNKNOWN STEP	2025-10-17T19:17:43.6379657Z   save-always: false
Java Distribution IT (windows-latest, temurin, 25)	UNKNOWN STEP	2025-10-17T19:17:43.6379810Z env:
Java Distribution IT (windows-latest, temurin, 25)	UNKNOWN STEP	2025-10-17T19:17:43.6380035Z   MAVEN_ARGS: -B -nsu -Daether.connector.http.connectionMaxTtl=25
Java Distribution IT (windows-latest, temurin, 25)	UNKNOWN STEP	2025-10-17T19:17:43.6380340Z   SUREFIRE_RERUN_FAILING_COUNT: 2
Java Distribution IT (windows-latest, temurin, 25)	UNKNOWN STEP	2025-10-17T19:17:43.6380586Z   SUREFIRE_RETRY: -Dsurefire.rerunFailingTestsCount=2
Java Distribution IT (windows-latest, temurin, 25)	UNKNOWN STEP	2025-10-17T19:17:43.6380968Z   JAVA_HOME: C:\hostedtoolcache\windows\Java_Temurin-Hotspot_jdk\25.0.0-36.0\x64
Java Distribution IT (windows-latest, temurin, 25)	UNKNOWN STEP	2025-10-17T19:17:43.6381422Z   JAVA_HOME_25_X64: C:\hostedtoolcache\windows\Java_Temurin-Hotspot_jdk\25.0.0-36.0\x64
Java Distribution IT (windows-latest, temurin, 25)	UNKNOWN STEP	2025-10-17T19:17:43.6381767Z ##[endgroup]
Java Distribution IT (windows-latest, temurin, 25)	UNKNOWN STEP	2025-10-17T19:17:44.0935781Z Cache hit for: Windows-frontend-plugin-artifacts-22.18.0-10.14.0
Java Distribution IT (windows-latest, temurin, 25)	UNKNOWN STEP	2025-10-17T19:17:45.3061229Z Received 89550669 of 89550669 (100.0%), 80.8 MBs/sec
Java Distribution IT (windows-latest, temurin, 25)	UNKNOWN STEP	2025-10-17T19:17:45.3064605Z Cache Size: ~85 MB (89550669 B)
Java Distribution IT (windows-latest, temurin, 25)	UNKNOWN STEP	2025-10-17T19:17:45.3177580Z [command]"C:\Program Files\Git\usr\bin\tar.exe" -xf D:/a/_temp/937823dc-7f49-4099-94c8-d7f92606684f/cache.tzst -P -C D:/a/keycloak/keycloak --force-local --use-compress-program "zstd -d"
Java Distribution IT (windows-latest, temurin, 25)	UNKNOWN STEP	2025-10-17T19:17:45.7636932Z Cache restored successfully
Java Distribution IT (windows-latest, temurin, 25)	UNKNOWN STEP	2025-10-17T19:17:45.7816685Z Cache restored from key: Windows-frontend-plugin-artifacts-22.18.0-10.14.0
Java Distribution IT (windows-latest, temurin, 25)	UNKNOWN STEP	2025-10-17T19:17:45.8098352Z Prepare all required actions
Java Distribution IT (windows-latest, temurin, 25)	UNKNOWN STEP	2025-10-17T19:17:45.8098632Z Getting action download info
Java Distribution IT (windows-latest, temurin, 25)	UNKNOWN STEP	2025-10-17T19:17:45.9651292Z ##[group]Run ./.github/actions/pnpm-store-cache
Java Distribution IT (windows-latest, temurin, 25)	UNKNOWN STEP	2025-10-17T19:17:45.9651557Z env:
Java Distribution IT (windows-latest, temurin, 25)	UNKNOWN STEP	2025-10-17T19:17:45.9651797Z   MAVEN_ARGS: -B -nsu -Daether.connector.http.connectionMaxTtl=25
Java Distribution IT (windows-latest, temurin, 25)	UNKNOWN STEP	2025-10-17T19:17:45.9652270Z   SUREFIRE_RERUN_FAILING_COUNT: 2
Java Distribution IT (windows-latest, temurin, 25)	UNKNOWN STEP	2025-10-17T19:17:45.9652534Z   SUREFIRE_RETRY: -Dsurefire.rerunFailingTestsCount=2
Java Distribution IT (windows-latest, temurin, 25)	UNKNOWN STEP	2025-10-17T19:17:45.9652916Z   JAVA_HOME: C:\hostedtoolcache\windows\Java_Temurin-Hotspot_jdk\25.0.0-36.0\x64
Java Distribution IT (windows-latest, temurin, 25)	UNKNOWN STEP	2025-10-17T19:17:45.9653606Z   JAVA_HOME_25_X64: C:\hostedtoolcache\windows\Java_Temurin-Hotspot_jdk\25.0.0-36.0\x64
Java Distribution IT (windows-latest, temurin, 25)	UNKNOWN STEP	2025-10-17T19:17:45.9653946Z ##[endgroup]
Java Distribution IT (windows-latest, temurin, 25)	UNKNOWN STEP	2025-10-17T19:17:45.9769955Z ##[group]Run echo "key=pnpm-store-`date -u "+%Y-%U"`" >> $GITHUB_OUTPUT
Java Distribution IT (windows-latest, temurin, 25)	UNKNOWN STEP	2025-10-17T19:17:45.9770563Z [36;1mecho "key=pnpm-store-`date -u "+%Y-%U"`" >> $GITHUB_OUTPUT[0m
Java Distribution IT (windows-latest, temurin, 25)	UNKNOWN STEP	2025-10-17T19:17:45.9784491Z shell: C:\Program Files\Git\bin\bash.EXE --noprofile --norc -e -o pipefail {0}
Java Distribution IT (windows-latest, temurin, 25)	UNKNOWN STEP	2025-10-17T19:17:45.9784841Z env:
Java Distribution IT (windows-latest, temurin, 25)	UNKNOWN STEP	2025-10-17T19:17:45.9785091Z   MAVEN_ARGS: -B -nsu -Daether.connector.http.connectionMaxTtl=25
Java Distribution IT (windows-latest, temurin, 25)	UNKNOWN STEP	2025-10-17T19:17:45.9785409Z   SUREFIRE_RERUN_FAILING_COUNT: 2
Java Distribution IT (windows-latest, temurin, 25)	UNKNOWN STEP	2025-10-17T19:17:45.9785668Z   SUREFIRE_RETRY: -Dsurefire.rerunFailingTestsCount=2
Java Distribution IT (windows-latest, temurin, 25)	UNKNOWN STEP	2025-10-17T19:17:45.9786063Z   JAVA_HOME: C:\hostedtoolcache\windows\Java_Temurin-Hotspot_jdk\25.0.0-36.0\x64
Java Distribution IT (windows-latest, temurin, 25)	UNKNOWN STEP	2025-10-17T19:17:45.9786522Z   JAVA_HOME_25_X64: C:\hostedtoolcache\windows\Java_Temurin-Hotspot_jdk\25.0.0-36.0\x64
Java Distribution IT (windows-latest, temurin, 25)	UNKNOWN STEP	2025-10-17T19:17:45.9786855Z ##[endgroup]
Java Distribution IT (windows-latest, temurin, 25)	UNKNOWN STEP	2025-10-17T19:17:46.0494602Z ##[group]Run actions/cache@5a3ec84eff668545956fd18022155c47e93e2684
Java Distribution IT (windows-latest, temurin, 25)	UNKNOWN STEP	2025-10-17T19:17:46.0494900Z with:
Java Distribution IT (windows-latest, temurin, 25)	UNKNOWN STEP	2025-10-17T19:17:46.0495197Z   path: ~/.local/share/pnpm/store
Java Distribution IT (windows-latest, temurin, 25)	UNKNOWN STEP	~/AppData/Local/pnpm/store
Java Distribution IT (windows-latest, temurin, 25)	UNKNOWN STEP	~/Library/pnpm/store
Java Distribution IT (windows-latest, temurin, 25)	UNKNOWN STEP	
Java Distribution IT (windows-latest, temurin, 25)	UNKNOWN STEP	2025-10-17T19:17:46.0495572Z   key: Windows-pnpm-store-2025-41
Java Distribution IT (windows-latest, temurin, 25)	UNKNOWN STEP	2025-10-17T19:17:46.0495800Z   enableCrossOsArchive: false
Java Distribution IT (windows-latest, temurin, 25)	UNKNOWN STEP	2025-10-17T19:17:46.0496006Z   fail-on-cache-miss: false
Java Distribution IT (windows-latest, temurin, 25)	UNKNOWN STEP	2025-10-17T19:17:46.0496191Z   lookup-only: false
Java Distribution IT (windows-latest, temurin, 25)	UNKNOWN STEP	2025-10-17T19:17:46.0496359Z   save-always: false
Java Distribution IT (windows-latest, temurin, 25)	UNKNOWN STEP	2025-10-17T19:17:46.0496507Z env:
Java Distribution IT (windows-latest, temurin, 25)	UNKNOWN STEP	2025-10-17T19:17:46.0496749Z   MAVEN_ARGS: -B -nsu -Daether.connector.http.connectionMaxTtl=25
Java Distribution IT (windows-latest, temurin, 25)	UNKNOWN STEP	2025-10-17T19:17:46.0497054Z   SUREFIRE_RERUN_FAILING_COUNT: 2
Java Distribution IT (windows-latest, temurin, 25)	UNKNOWN STEP	2025-10-17T19:17:46.0497322Z   SUREFIRE_RETRY: -Dsurefire.rerunFailingTestsCount=2
Java Distribution IT (windows-latest, temurin, 25)	UNKNOWN STEP	2025-10-17T19:17:46.0497707Z   JAVA_HOME: C:\hostedtoolcache\windows\Java_Temurin-Hotspot_jdk\25.0.0-36.0\x64
Java Distribution IT (windows-latest, temurin, 25)	UNKNOWN STEP	2025-10-17T19:17:46.0498150Z   JAVA_HOME_25_X64: C:\hostedtoolcache\windows\Java_Temurin-Hotspot_jdk\25.0.0-36.0\x64
Java Distribution IT (windows-latest, temurin, 25)	UNKNOWN STEP	2025-10-17T19:17:46.0498489Z ##[endgroup]
Java Distribution IT (windows-latest, temurin, 25)	UNKNOWN STEP	2025-10-17T19:17:46.4549396Z Cache not found for input keys: Windows-pnpm-store-2025-41
Java Distribution IT (windows-latest, temurin, 25)	UNKNOWN STEP	2025-10-17T19:17:46.4781261Z ##[group]Run actions/download-artifact@d3f86a106a0bac45b974a628896c90dbdf5c8093
Java Distribution IT (windows-latest, temurin, 25)	UNKNOWN STEP	2025-10-17T19:17:46.4781616Z with:
Java Distribution IT (windows-latest, temurin, 25)	UNKNOWN STEP	2025-10-17T19:17:46.4781770Z   name: m2-keycloak.tzts
Java Distribution IT (windows-latest, temurin, 25)	UNKNOWN STEP	2025-10-17T19:17:46.4781977Z   merge-multiple: false
Java Distribution IT (windows-latest, temurin, 25)	UNKNOWN STEP	2025-10-17T19:17:46.4782171Z   repository: keycloak/keycloak
Java Distribution IT (windows-latest, temurin, 25)	UNKNOWN STEP	2025-10-17T19:17:46.4782375Z   run-id: 18570489572
Java Distribution IT (windows-latest, temurin, 25)	UNKNOWN STEP	2025-10-17T19:17:46.4782538Z env:
Java Distribution IT (windows-latest, temurin, 25)	UNKNOWN STEP	2025-10-17T19:17:46.4782772Z   MAVEN_ARGS: -B -nsu -Daether.connector.http.connectionMaxTtl=25
Java Distribution IT (windows-latest, temurin, 25)	UNKNOWN STEP	2025-10-17T19:17:46.4783085Z   SUREFIRE_RERUN_FAILING_COUNT: 2
Java Distribution IT (windows-latest, temurin, 25)	UNKNOWN STEP	2025-10-17T19:17:46.4783353Z   SUREFIRE_RETRY: -Dsurefire.rerunFailingTestsCount=2
Java Distribution IT (windows-latest, temurin, 25)	UNKNOWN STEP	2025-10-17T19:17:46.4783732Z   JAVA_HOME: C:\hostedtoolcache\windows\Java_Temurin-Hotspot_jdk\25.0.0-36.0\x64
Java Distribution IT (windows-latest, temurin, 25)	UNKNOWN STEP	2025-10-17T19:17:46.4784183Z   JAVA_HOME_25_X64: C:\hostedtoolcache\windows\Java_Temurin-Hotspot_jdk\25.0.0-36.0\x64
Java Distribution IT (windows-latest, temurin, 25)	UNKNOWN STEP	2025-10-17T19:17:46.4784516Z ##[endgroup]
Java Distribution IT (windows-latest, temurin, 25)	UNKNOWN STEP	2025-10-17T19:17:46.7328271Z Downloading single artifact
Java Distribution IT (windows-latest, temurin, 25)	UNKNOWN STEP	2025-10-17T19:17:46.9153947Z ##[error]Unable to download artifact(s): Artifact not found for name: m2-keycloak.tzts
Java Distribution IT (windows-latest, temurin, 25)	UNKNOWN STEP	        Please ensure that your artifact is not expired and the artifact was uploaded using a compatible version of toolkit/upload-artifact.
Java Distribution IT (windows-latest, temurin, 25)	UNKNOWN STEP	        For more information, visit the GitHub Artifacts FAQ: https://github.com/actions/toolkit/blob/main/packages/artifact/docs/faq.md
Java Distribution IT (windows-latest, temurin, 25)	UNKNOWN STEP	2025-10-17T19:17:47.4602189Z Post job cleanup.
Java Distribution IT (windows-latest, temurin, 25)	UNKNOWN STEP	2025-10-17T19:17:47.4758915Z Post job cleanup.
Java Distribution IT (windows-latest, temurin, 25)	UNKNOWN STEP	2025-10-17T19:17:47.7253994Z Post job cleanup.
Java Distribution IT (windows-latest, temurin, 25)	UNKNOWN STEP	2025-10-17T19:17:47.9091638Z [command]"C:\Program Files\Git\bin\git.exe" version
Java Distribution IT (windows-latest, temurin, 25)	UNKNOWN STEP	2025-10-17T19:17:47.9353869Z git version 2.51.0.windows.2
Java Distribution IT (windows-latest, temurin, 25)	UNKNOWN STEP	2025-10-17T19:17:47.9418430Z Temporarily overriding HOME='D:\a\_temp\95d5f5b0-31c7-43d5-8d65-3953a7a200ee' before making global git config changes
Java Distribution IT (windows-latest, temurin, 25)	UNKNOWN STEP	2025-10-17T19:17:47.9419431Z Adding repository directory to the temporary git global config as a safe directory
Java Distribution IT (windows-latest, temurin, 25)	UNKNOWN STEP	2025-10-17T19:17:47.9429187Z [command]"C:\Program Files\Git\bin\git.exe" config --global --add safe.directory D:\a\keycloak\keycloak
Java Distribution IT (windows-latest, temurin, 25)	UNKNOWN STEP	2025-10-17T19:17:47.9722391Z [command]"C:\Program Files\Git\bin\git.exe" config --local --name-only --get-regexp core\.sshCommand
Java Distribution IT (windows-latest, temurin, 25)	UNKNOWN STEP	2025-10-17T19:17:48.0003035Z [command]"C:\Program Files\Git\bin\git.exe" submodule foreach --recursive "sh -c \"git config --local --name-only --get-regexp 'core\.sshCommand' && git config --local --unset-all 'core.sshCommand' || :\""
Java Distribution IT (windows-latest, temurin, 25)	UNKNOWN STEP	2025-10-17T19:17:48.5286764Z [command]"C:\Program Files\Git\bin\git.exe" config --local --name-only --get-regexp http\.https\:\/\/github\.com\/\.extraheader
Java Distribution IT (windows-latest, temurin, 25)	UNKNOWN STEP	2025-10-17T19:17:48.5538790Z http.https://github.com/.extraheader
Java Distribution IT (windows-latest, temurin, 25)	UNKNOWN STEP	2025-10-17T19:17:48.5580142Z [command]"C:\Program Files\Git\bin\git.exe" config --local --unset-all http.https://github.com/.extraheader
Java Distribution IT (windows-latest, temurin, 25)	UNKNOWN STEP	2025-10-17T19:17:48.5867980Z [command]"C:\Program Files\Git\bin\git.exe" submodule foreach --recursive "sh -c \"git config --local --name-only --get-regexp 'http\.https\:\/\/github\.com\/\.extraheader' && git config --local --unset-all 'http.https://github.com/.extraheader' || :\""
Java Distribution IT (windows-latest, temurin, 25)	UNKNOWN STEP	2025-10-17T19:17:49.1257419Z Cleaning up orphan processes
Status Check - Keycloak CI	UNKNOWN STEP	ï»¿2025-10-17T19:17:52.8436088Z Current runner version: '2.329.0'
Status Check - Keycloak CI	UNKNOWN STEP	2025-10-17T19:17:52.8459465Z ##[group]Runner Image Provisioner
Status Check - Keycloak CI	UNKNOWN STEP	2025-10-17T19:17:52.8460327Z Hosted Compute Agent
Status Check - Keycloak CI	UNKNOWN STEP	2025-10-17T19:17:52.8460931Z Version: 20251013.424
Status Check - Keycloak CI	UNKNOWN STEP	2025-10-17T19:17:52.8461541Z Commit: cfdd8bfed34d71a55b72df4d2e82343c3fc2bab3
Status Check - Keycloak CI	UNKNOWN STEP	2025-10-17T19:17:52.8462249Z Build Date: 2025-10-13T20:22:23Z
Status Check - Keycloak CI	UNKNOWN STEP	2025-10-17T19:17:52.8462868Z ##[endgroup]
Status Check - Keycloak CI	UNKNOWN STEP	2025-10-17T19:17:52.8463358Z ##[group]Operating System
Status Check - Keycloak CI	UNKNOWN STEP	2025-10-17T19:17:52.8464033Z Ubuntu
Status Check - Keycloak CI	UNKNOWN STEP	2025-10-17T19:17:52.8464522Z 24.04.3
Status Check - Keycloak CI	UNKNOWN STEP	2025-10-17T19:17:52.8464983Z LTS
Status Check - Keycloak CI	UNKNOWN STEP	2025-10-17T19:17:52.8465395Z ##[endgroup]
Status Check - Keycloak CI	UNKNOWN STEP	2025-10-17T19:17:52.8466086Z ##[group]Runner Image
Status Check - Keycloak CI	UNKNOWN STEP	2025-10-17T19:17:52.8466636Z Image: ubuntu-24.04
Status Check - Keycloak CI	UNKNOWN STEP	2025-10-17T19:17:52.8467194Z Version: 20251014.76.1
Status Check - Keycloak CI	UNKNOWN STEP	2025-10-17T19:17:52.8468221Z Included Software: https://github.com/actions/runner-images/blob/ubuntu24/20251014.76/images/ubuntu/Ubuntu2404-Readme.md
Status Check - Keycloak CI	UNKNOWN STEP	2025-10-17T19:17:52.8469730Z Image Release: https://github.com/actions/runner-images/releases/tag/ubuntu24%2F20251014.76
Status Check - Keycloak CI	UNKNOWN STEP	2025-10-17T19:17:52.8470774Z ##[endgroup]
Status Check - Keycloak CI	UNKNOWN STEP	2025-10-17T19:17:52.8471763Z ##[group]GITHUB_TOKEN Permissions
Status Check - Keycloak CI	UNKNOWN STEP	2025-10-17T19:17:52.8473862Z Contents: read
Status Check - Keycloak CI	UNKNOWN STEP	2025-10-17T19:17:52.8474423Z Metadata: read
Status Check - Keycloak CI	UNKNOWN STEP	2025-10-17T19:17:52.8475042Z ##[endgroup]
Status Check - Keycloak CI	UNKNOWN STEP	2025-10-17T19:17:52.8477867Z Secret source: None
Status Check - Keycloak CI	UNKNOWN STEP	2025-10-17T19:17:52.8478771Z Prepare workflow directory
Status Check - Keycloak CI	UNKNOWN STEP	2025-10-17T19:17:52.8903069Z Prepare all required actions
Status Check - Keycloak CI	UNKNOWN STEP	2025-10-17T19:17:52.8941870Z Getting action download info
Status Check - Keycloak CI	UNKNOWN STEP	2025-10-17T19:17:53.2268411Z Download action repository 'actions/checkout@08c6903cd8c0fde910a37f88322edcfb5dd907a8' (SHA:08c6903cd8c0fde910a37f88322edcfb5dd907a8)
Status Check - Keycloak CI	UNKNOWN STEP	2025-10-17T19:17:53.4879225Z Complete job name: Status Check - Keycloak CI
Status Check - Keycloak CI	UNKNOWN STEP	2025-10-17T19:17:53.5572323Z ##[group]Run actions/checkout@08c6903cd8c0fde910a37f88322edcfb5dd907a8
Status Check - Keycloak CI	UNKNOWN STEP	2025-10-17T19:17:53.5573462Z with:
Status Check - Keycloak CI	UNKNOWN STEP	2025-10-17T19:17:53.5573907Z   repository: keycloak/keycloak
Status Check - Keycloak CI	UNKNOWN STEP	2025-10-17T19:17:53.5574610Z   token: ***
Status Check - Keycloak CI	UNKNOWN STEP	2025-10-17T19:17:53.5575037Z   ssh-strict: true
Status Check - Keycloak CI	UNKNOWN STEP	2025-10-17T19:17:53.5575693Z   ssh-user: git
Status Check - Keycloak CI	UNKNOWN STEP	2025-10-17T19:17:53.5576175Z   persist-credentials: true
Status Check - Keycloak CI	UNKNOWN STEP	2025-10-17T19:17:53.5576672Z   clean: true
Status Check - Keycloak CI	UNKNOWN STEP	2025-10-17T19:17:53.5577119Z   sparse-checkout-cone-mode: true
Status Check - Keycloak CI	UNKNOWN STEP	2025-10-17T19:17:53.5577645Z   fetch-depth: 1
Status Check - Keycloak CI	UNKNOWN STEP	2025-10-17T19:17:53.5578069Z   fetch-tags: false
Status Check - Keycloak CI	UNKNOWN STEP	2025-10-17T19:17:53.5578518Z   show-progress: true
Status Check - Keycloak CI	UNKNOWN STEP	2025-10-17T19:17:53.5578976Z   lfs: false
Status Check - Keycloak CI	UNKNOWN STEP	2025-10-17T19:17:53.5579391Z   submodules: false
Status Check - Keycloak CI	UNKNOWN STEP	2025-10-17T19:17:53.5579838Z   set-safe-directory: true
Status Check - Keycloak CI	UNKNOWN STEP	2025-10-17T19:17:53.5580651Z env:
Status Check - Keycloak CI	UNKNOWN STEP	2025-10-17T19:17:53.5581297Z   MAVEN_ARGS: -B -nsu -Daether.connector.http.connectionMaxTtl=25
Status Check - Keycloak CI	UNKNOWN STEP	2025-10-17T19:17:53.5582060Z   SUREFIRE_RERUN_FAILING_COUNT: 2
Status Check - Keycloak CI	UNKNOWN STEP	2025-10-17T19:17:53.5582741Z   SUREFIRE_RETRY: -Dsurefire.rerunFailingTestsCount=2
Status Check - Keycloak CI	UNKNOWN STEP	2025-10-17T19:17:53.5583367Z ##[endgroup]
Status Check - Keycloak CI	UNKNOWN STEP	2025-10-17T19:17:53.6514037Z Syncing repository: keycloak/keycloak
Status Check - Keycloak CI	UNKNOWN STEP	2025-10-17T19:17:53.6516426Z ##[group]Getting Git version info
Status Check - Keycloak CI	UNKNOWN STEP	2025-10-17T19:17:53.6517214Z Working directory is '/home/runner/work/keycloak/keycloak'
Status Check - Keycloak CI	UNKNOWN STEP	2025-10-17T19:17:53.6518459Z [command]/usr/bin/git version
Status Check - Keycloak CI	UNKNOWN STEP	2025-10-17T19:17:53.6559252Z git version 2.51.0
Status Check - Keycloak CI	UNKNOWN STEP	2025-10-17T19:17:53.6580863Z ##[endgroup]
Status Check - Keycloak CI	UNKNOWN STEP	2025-10-17T19:17:53.6597685Z Temporarily overriding HOME='/home/runner/work/_temp/a6359f32-a06e-475b-857a-8c768e9e2243' before making global git config changes
Status Check - Keycloak CI	UNKNOWN STEP	2025-10-17T19:17:53.6600462Z Adding repository directory to the temporary git global config as a safe directory
Status Check - Keycloak CI	UNKNOWN STEP	2025-10-17T19:17:53.6603245Z [command]/usr/bin/git config --global --add safe.directory /home/runner/work/keycloak/keycloak
Status Check - Keycloak CI	UNKNOWN STEP	2025-10-17T19:17:53.6641313Z Deleting the contents of '/home/runner/work/keycloak/keycloak'
Status Check - Keycloak CI	UNKNOWN STEP	2025-10-17T19:17:53.6645213Z ##[group]Initializing the repository
Status Check - Keycloak CI	UNKNOWN STEP	2025-10-17T19:17:53.6650548Z [command]/usr/bin/git init /home/runner/work/keycloak/keycloak
Status Check - Keycloak CI	UNKNOWN STEP	2025-10-17T19:17:53.6743299Z hint: Using 'master' as the name for the initial branch. This default branch name
Status Check - Keycloak CI	UNKNOWN STEP	2025-10-17T19:17:53.6745257Z hint: is subject to change. To configure the initial branch name to use in all
Status Check - Keycloak CI	UNKNOWN STEP	2025-10-17T19:17:53.6747185Z hint: of your new repositories, which will suppress this warning, call:
Status Check - Keycloak CI	UNKNOWN STEP	2025-10-17T19:17:53.6748663Z hint:
Status Check - Keycloak CI	UNKNOWN STEP	2025-10-17T19:17:53.6749234Z hint: 	git config --global init.defaultBranch <name>
Status Check - Keycloak CI	UNKNOWN STEP	2025-10-17T19:17:53.6749897Z hint:
Status Check - Keycloak CI	UNKNOWN STEP	2025-10-17T19:17:53.6750555Z hint: Names commonly chosen instead of 'master' are 'main', 'trunk' and
Status Check - Keycloak CI	UNKNOWN STEP	2025-10-17T19:17:53.6751548Z hint: 'development'. The just-created branch can be renamed via this command:
Status Check - Keycloak CI	UNKNOWN STEP	2025-10-17T19:17:53.6752326Z hint:
Status Check - Keycloak CI	UNKNOWN STEP	2025-10-17T19:17:53.6752752Z hint: 	git branch -m <name>
Status Check - Keycloak CI	UNKNOWN STEP	2025-10-17T19:17:53.6753491Z hint:
Status Check - Keycloak CI	UNKNOWN STEP	2025-10-17T19:17:53.6754504Z hint: Disable this message with "git config set advice.defaultBranchName false"
Status Check - Keycloak CI	UNKNOWN STEP	2025-10-17T19:17:53.6755843Z Initialized empty Git repository in /home/runner/work/keycloak/keycloak/.git/
Status Check - Keycloak CI	UNKNOWN STEP	2025-10-17T19:17:53.6758521Z [command]/usr/bin/git remote add origin https://github.com/keycloak/keycloak
Status Check - Keycloak CI	UNKNOWN STEP	2025-10-17T19:17:53.6826215Z ##[endgroup]
Status Check - Keycloak CI	UNKNOWN STEP	2025-10-17T19:17:53.6827166Z ##[group]Disabling automatic garbage collection
Status Check - Keycloak CI	UNKNOWN STEP	2025-10-17T19:17:53.6829995Z [command]/usr/bin/git config --local gc.auto 0
Status Check - Keycloak CI	UNKNOWN STEP	2025-10-17T19:17:53.6859363Z ##[endgroup]
Status Check - Keycloak CI	UNKNOWN STEP	2025-10-17T19:17:53.6860876Z ##[group]Setting up auth
Status Check - Keycloak CI	UNKNOWN STEP	2025-10-17T19:17:53.6866872Z [command]/usr/bin/git config --local --name-only --get-regexp core\.sshCommand
Status Check - Keycloak CI	UNKNOWN STEP	2025-10-17T19:17:53.6898761Z [command]/usr/bin/git submodule foreach --recursive sh -c "git config --local --name-only --get-regexp 'core\.sshCommand' && git config --local --unset-all 'core.sshCommand' || :"
Status Check - Keycloak CI	UNKNOWN STEP	2025-10-17T19:17:53.7208595Z [command]/usr/bin/git config --local --name-only --get-regexp http\.https\:\/\/github\.com\/\.extraheader
Status Check - Keycloak CI	UNKNOWN STEP	2025-10-17T19:17:53.7239932Z [command]/usr/bin/git submodule foreach --recursive sh -c "git config --local --name-only --get-regexp 'http\.https\:\/\/github\.com\/\.extraheader' && git config --local --unset-all 'http.https://github.com/.extraheader' || :"
Status Check - Keycloak CI	UNKNOWN STEP	2025-10-17T19:17:53.7461845Z [command]/usr/bin/git config --local http.https://github.com/.extraheader AUTHORIZATION: basic ***
Status Check - Keycloak CI	UNKNOWN STEP	2025-10-17T19:17:53.7497324Z ##[endgroup]
Status Check - Keycloak CI	UNKNOWN STEP	2025-10-17T19:17:53.7499068Z ##[group]Fetching the repository
Status Check - Keycloak CI	UNKNOWN STEP	2025-10-17T19:17:53.7507701Z [command]/usr/bin/git -c protocol.version=2 fetch --no-tags --prune --no-recurse-submodules --depth=1 origin +81a38896274015adf244b8bf91fde603c971bcae:refs/remotes/pull/43548/merge
Status Check - Keycloak CI	UNKNOWN STEP	2025-10-17T19:17:56.8590103Z From https://github.com/keycloak/keycloak
Status Check - Keycloak CI	UNKNOWN STEP	2025-10-17T19:17:56.8592947Z  * [new ref]         81a38896274015adf244b8bf91fde603c971bcae -> pull/43548/merge
Status Check - Keycloak CI	UNKNOWN STEP	2025-10-17T19:17:56.8624823Z ##[endgroup]
Status Check - Keycloak CI	UNKNOWN STEP	2025-10-17T19:17:56.8626875Z ##[group]Determining the checkout info
Status Check - Keycloak CI	UNKNOWN STEP	2025-10-17T19:17:56.8628885Z ##[endgroup]
Status Check - Keycloak CI	UNKNOWN STEP	2025-10-17T19:17:56.8633530Z [command]/usr/bin/git sparse-checkout disable
Status Check - Keycloak CI	UNKNOWN STEP	2025-10-17T19:17:56.8674950Z [command]/usr/bin/git config --local --unset-all extensions.worktreeConfig
Status Check - Keycloak CI	UNKNOWN STEP	2025-10-17T19:17:56.8704042Z ##[group]Checking out the ref
Status Check - Keycloak CI	UNKNOWN STEP	2025-10-17T19:17:56.8708692Z [command]/usr/bin/git checkout --progress --force refs/remotes/pull/43548/merge
Status Check - Keycloak CI	UNKNOWN STEP	2025-10-17T19:17:57.6686279Z Note: switching to 'refs/remotes/pull/43548/merge'.
Status Check - Keycloak CI	UNKNOWN STEP	2025-10-17T19:17:57.6686921Z 
Status Check - Keycloak CI	UNKNOWN STEP	2025-10-17T19:17:57.6688480Z You are in 'detached HEAD' state. You can look around, make experimental
Status Check - Keycloak CI	UNKNOWN STEP	2025-10-17T19:17:57.6689272Z changes and commit them, and you can discard any commits you make in this
Status Check - Keycloak CI	UNKNOWN STEP	2025-10-17T19:17:57.6690085Z state without impacting any branches by switching back to a branch.
Status Check - Keycloak CI	UNKNOWN STEP	2025-10-17T19:17:57.6690634Z 
Status Check - Keycloak CI	UNKNOWN STEP	2025-10-17T19:17:57.6690980Z If you want to create a new branch to retain commits you create, you may
Status Check - Keycloak CI	UNKNOWN STEP	2025-10-17T19:17:57.6691667Z do so (now or later) by using -c with the switch command. Example:
Status Check - Keycloak CI	UNKNOWN STEP	2025-10-17T19:17:57.6692063Z 
Status Check - Keycloak CI	UNKNOWN STEP	2025-10-17T19:17:57.6692243Z   git switch -c <new-branch-name>
Status Check - Keycloak CI	UNKNOWN STEP	2025-10-17T19:17:57.6692525Z 
Status Check - Keycloak CI	UNKNOWN STEP	2025-10-17T19:17:57.6692719Z Or undo this operation with:
Status Check - Keycloak CI	UNKNOWN STEP	2025-10-17T19:17:57.6692981Z 
Status Check - Keycloak CI	UNKNOWN STEP	2025-10-17T19:17:57.6693138Z   git switch -
Status Check - Keycloak CI	UNKNOWN STEP	2025-10-17T19:17:57.6693365Z 
Status Check - Keycloak CI	UNKNOWN STEP	2025-10-17T19:17:57.6693703Z Turn off this advice by setting config variable advice.detachedHead to false
Status Check - Keycloak CI	UNKNOWN STEP	2025-10-17T19:17:57.6694228Z 
Status Check - Keycloak CI	UNKNOWN STEP	2025-10-17T19:17:57.6694790Z HEAD is now at 81a3889 Merge e59d4a4ccfce29291513d7c2bf3b36e6cdf8ce43 into c318afb5c5125d9c6108286f813296c0ffb5c6a3
Status Check - Keycloak CI	UNKNOWN STEP	2025-10-17T19:17:57.6722251Z ##[endgroup]
Status Check - Keycloak CI	UNKNOWN STEP	2025-10-17T19:17:57.6762246Z [command]/usr/bin/git log -1 --format=%H
Status Check - Keycloak CI	UNKNOWN STEP	2025-10-17T19:17:57.6785995Z 81a38896274015adf244b8bf91fde603c971bcae
Status Check - Keycloak CI	UNKNOWN STEP	2025-10-17T19:17:57.7032302Z Prepare all required actions
Status Check - Keycloak CI	UNKNOWN STEP	2025-10-17T19:17:57.7108272Z ##[group]Run ./.github/actions/status-check
Status Check - Keycloak CI	UNKNOWN STEP	2025-10-17T19:17:57.7108574Z with:
Status Check - Keycloak CI	UNKNOWN STEP	2025-10-17T19:17:57.7113056Z   jobs: {
Status Check - Keycloak CI	UNKNOWN STEP	  "conditional": {
Status Check - Keycloak CI	UNKNOWN STEP	    "result": "success",
Status Check - Keycloak CI	UNKNOWN STEP	    "outputs": {
Status Check - Keycloak CI	UNKNOWN STEP	      "ci-webauthn": "true",
Status Check - Keycloak CI	UNKNOWN STEP	      "ci-aurora": "false",
Status Check - Keycloak CI	UNKNOWN STEP	      "ci-compatibility-matrix": "[{\"version\":\"26.4.1\"},{\"version\":\"26.4.0\"}]",
Status Check - Keycloak CI	UNKNOWN STEP	      "ci-additional-dbs": "false",
Status Check - Keycloak CI	UNKNOWN STEP	      "ci": "true",
Status Check - Keycloak CI	UNKNOWN STEP	      "ci-quarkus": "false",
Status Check - Keycloak CI	UNKNOWN STEP	      "ci-store": "false",
Status Check - Keycloak CI	UNKNOWN STEP	      "ci-sssd": "false"
Status Check - Keycloak CI	UNKNOWN STEP	    }
Status Check - Keycloak CI	UNKNOWN STEP	  },
Status Check - Keycloak CI	UNKNOWN STEP	  "build": {
Status Check - Keycloak CI	UNKNOWN STEP	    "result": "success",
Status Check - Keycloak CI	UNKNOWN STEP	    "outputs": {}
Status Check - Keycloak CI	UNKNOWN STEP	  },
Status Check - Keycloak CI	UNKNOWN STEP	  "unit-tests": {
Status Check - Keycloak CI	UNKNOWN STEP	    "result": "success",
Status Check - Keycloak CI	UNKNOWN STEP	    "outputs": {}
Status Check - Keycloak CI	UNKNOWN STEP	  },
Status Check - Keycloak CI	UNKNOWN STEP	  "base-integration-tests": {
Status Check - Keycloak CI	UNKNOWN STEP	    "result": "success",
Status Check - Keycloak CI	UNKNOWN STEP	    "outputs": {}
Status Check - Keycloak CI	UNKNOWN STEP	  },
Status Check - Keycloak CI	UNKNOWN STEP	  "adapter-integration-tests": {
Status Check - Keycloak CI	UNKNOWN STEP	    "result": "success",
Status Check - Keycloak CI	UNKNOWN STEP	    "outputs": {}
Status Check - Keycloak CI	UNKNOWN STEP	  },
Status Check - Keycloak CI	UNKNOWN STEP	  "adapter-integration-tests-strict-cookies": {
Status Check - Keycloak CI	UNKNOWN STEP	    "result": "success",
Status Check - Keycloak CI	UNKNOWN STEP	    "outputs": {}
Status Check - Keycloak CI	UNKNOWN STEP	  },
Status Check - Keycloak CI	UNKNOWN STEP	  "quarkus-unit-tests": {
Status Check - Keycloak CI	UNKNOWN STEP	    "result": "skipped",
Status Check - Keycloak CI	UNKNOWN STEP	    "outputs": {}
Status Check - Keycloak CI	UNKNOWN STEP	  },
Status Check - Keycloak CI	UNKNOWN STEP	  "quarkus-integration-tests": {
Status Check - Keycloak CI	UNKNOWN STEP	    "result": "success",
Status Check - Keycloak CI	UNKNOWN STEP	    "outputs": {}
Status Check - Keycloak CI	UNKNOWN STEP	  },
Status Check - Keycloak CI	UNKNOWN STEP	  "jdk-integration-tests": {
Status Check - Keycloak CI	UNKNOWN STEP	    "result": "failure",
Status Check - Keycloak CI	UNKNOWN STEP	    "outputs": {}
Status Check - Keycloak CI	UNKNOWN STEP	  },
Status Check - Keycloak CI	UNKNOWN STEP	  "store-integration-tests": {
Status Check - Keycloak CI	UNKNOWN STEP	    "result": "success",
Status Check - Keycloak CI	UNKNOWN STEP	    "outputs": {}
Status Check - Keycloak CI	UNKNOWN STEP	  },
Status Check - Keycloak CI	UNKNOWN STEP	  "volatile-sessions-tests": {
Status Check - Keycloak CI	UNKNOWN STEP	    "result": "skipped",
Status Check - Keycloak CI	UNKNOWN STEP	    "outputs": {}
Status Check - Keycloak CI	UNKNOWN STEP	  },
Status Check - Keycloak CI	UNKNOWN STEP	  "store-model-tests": {
Status Check - Keycloak CI	UNKNOWN STEP	    "result": "skipped",
Status Check - Keycloak CI	UNKNOWN STEP	    "outputs": {}
Status Check - Keycloak CI	UNKNOWN STEP	  },
Status Check - Keycloak CI	UNKNOWN STEP	  "clustering-integration-tests": {
Status Check - Keycloak CI	UNKNOWN STEP	    "result": "success",
Status Check - Keycloak CI	UNKNOWN STEP	    "outputs": {}
Status Check - Keycloak CI	UNKNOWN STEP	  },
Status Check - Keycloak CI	UNKNOWN STEP	  "fips-unit-tests": {
Status Check - Keycloak CI	UNKNOWN STEP	    "result": "success",
Status Check - Keycloak CI	UNKNOWN STEP	    "outputs": {}
Status Check - Keycloak CI	UNKNOWN STEP	  },
Status Check - Keycloak CI	UNKNOWN STEP	  "fips-integration-tests": {
Status Check - Keycloak CI	UNKNOWN STEP	    "result": "success",
Status Check - Keycloak CI	UNKNOWN STEP	    "outputs": {}
Status Check - Keycloak CI	UNKNOWN STEP	  },
Status Check - Keycloak CI	UNKNOWN STEP	  "forms-integration-tests": {
Status Check - Keycloak CI	UNKNOWN STEP	    "result": "success",
Status Check - Keycloak CI	UNKNOWN STEP	    "outputs": {}
Status Check - Keycloak CI	UNKNOWN STEP	  },
Status Check - Keycloak CI	UNKNOWN STEP	  "webauthn-integration-tests": {
Status Check - Keycloak CI	UNKNOWN STEP	    "result": "success",
Status Check - Keycloak CI	UNKNOWN STEP	    "outputs": {}
Status Check - Keycloak CI	UNKNOWN STEP	  },
Status Check - Keycloak CI	UNKNOWN STEP	  "sssd-unit-tests": {
Status Check - Keycloak CI	UNKNOWN STEP	    "result": "skipped",
Status Check - Keycloak CI	UNKNOWN STEP	    "outputs": {}
Status Check - Keycloak CI	UNKNOWN STEP	  },
Status Check - Keycloak CI	UNKNOWN STEP	  "migration-tests": {
Status Check - Keycloak CI	UNKNOWN STEP	    "result": "success",
Status Check - Keycloak CI	UNKNOWN STEP	    "outputs": {}
Status Check - Keycloak CI	UNKNOWN STEP	  },
Status Check - Keycloak CI	UNKNOWN STEP	  "external-infinispan-tests": {
Status Check - Keycloak CI	UNKNOWN STEP	    "result": "skipped",
Status Check - Keycloak CI	UNKNOWN STEP	    "outputs": {}
Status Check - Keycloak CI	UNKNOWN STEP	  },
Status Check - Keycloak CI	UNKNOWN STEP	  "test-framework": {
Status Check - Keycloak CI	UNKNOWN STEP	    "result": "success",
Status Check - Keycloak CI	UNKNOWN STEP	    "outputs": {}
Status Check - Keycloak CI	UNKNOWN STEP	  },
Status Check - Keycloak CI	UNKNOWN STEP	  "base-new-integration-tests": {
Status Check - Keycloak CI	UNKNOWN STEP	    "result": "success",
Status Check - Keycloak CI	UNKNOWN STEP	    "outputs": {}
Status Check - Keycloak CI	UNKNOWN STEP	  },
Status Check - Keycloak CI	UNKNOWN STEP	  "mixed-cluster-compatibility-tests": {
Status Check - Keycloak CI	UNKNOWN STEP	    "result": "success",
Status Check - Keycloak CI	UNKNOWN STEP	    "outputs": {}
Status Check - Keycloak CI	UNKNOWN STEP	  }
Status Check - Keycloak CI	UNKNOWN STEP	}
Status Check - Keycloak CI	UNKNOWN STEP	2025-10-17T19:17:57.7117785Z env:
Status Check - Keycloak CI	UNKNOWN STEP	2025-10-17T19:17:57.7118074Z   MAVEN_ARGS: -B -nsu -Daether.connector.http.connectionMaxTtl=25
Status Check - Keycloak CI	UNKNOWN STEP	2025-10-17T19:17:57.7118412Z   SUREFIRE_RERUN_FAILING_COUNT: 2
Status Check - Keycloak CI	UNKNOWN STEP	2025-10-17T19:17:57.7118727Z   SUREFIRE_RETRY: -Dsurefire.rerunFailingTestsCount=2
Status Check - Keycloak CI	UNKNOWN STEP	2025-10-17T19:17:57.7119008Z ##[endgroup]
Status Check - Keycloak CI	UNKNOWN STEP	2025-10-17T19:17:57.7223160Z ##[group]Run JOBS='{
Status Check - Keycloak CI	UNKNOWN STEP	2025-10-17T19:17:57.7223503Z [36;1mJOBS='{[0m
Status Check - Keycloak CI	UNKNOWN STEP	2025-10-17T19:17:57.7223706Z [36;1m  "conditional": {[0m
Status Check - Keycloak CI	UNKNOWN STEP	2025-10-17T19:17:57.7223945Z [36;1m    "result": "success",[0m
Status Check - Keycloak CI	UNKNOWN STEP	2025-10-17T19:17:57.7224208Z [36;1m    "outputs": {[0m
Status Check - Keycloak CI	UNKNOWN STEP	2025-10-17T19:17:57.7224437Z [36;1m      "ci-webauthn": "true",[0m
Status Check - Keycloak CI	UNKNOWN STEP	2025-10-17T19:17:57.7224688Z [36;1m      "ci-aurora": "false",[0m
Status Check - Keycloak CI	UNKNOWN STEP	2025-10-17T19:17:57.7225089Z [36;1m      "ci-compatibility-matrix": "[{\"version\":\"26.4.1\"},{\"version\":\"26.4.0\"}]",[0m
Status Check - Keycloak CI	UNKNOWN STEP	2025-10-17T19:17:57.7225659Z [36;1m      "ci-additional-dbs": "false",[0m
Status Check - Keycloak CI	UNKNOWN STEP	2025-10-17T19:17:57.7225917Z [36;1m      "ci": "true",[0m
Status Check - Keycloak CI	UNKNOWN STEP	2025-10-17T19:17:57.7226174Z [36;1m      "ci-quarkus": "false",[0m
Status Check - Keycloak CI	UNKNOWN STEP	2025-10-17T19:17:57.7226408Z [36;1m      "ci-store": "false",[0m
Status Check - Keycloak CI	UNKNOWN STEP	2025-10-17T19:17:57.7226641Z [36;1m      "ci-sssd": "false"[0m
Status Check - Keycloak CI	UNKNOWN STEP	2025-10-17T19:17:57.7226858Z [36;1m    }[0m
Status Check - Keycloak CI	UNKNOWN STEP	2025-10-17T19:17:57.7227031Z [36;1m  },[0m
Status Check - Keycloak CI	UNKNOWN STEP	2025-10-17T19:17:57.7227207Z [36;1m  "build": {[0m
Status Check - Keycloak CI	UNKNOWN STEP	2025-10-17T19:17:57.7227398Z [36;1m    "result": "success",[0m
Status Check - Keycloak CI	UNKNOWN STEP	2025-10-17T19:17:57.7227622Z [36;1m    "outputs": {}[0m
Status Check - Keycloak CI	UNKNOWN STEP	2025-10-17T19:17:57.7227818Z [36;1m  },[0m
Status Check - Keycloak CI	UNKNOWN STEP	2025-10-17T19:17:57.7227992Z [36;1m  "unit-tests": {[0m
Status Check - Keycloak CI	UNKNOWN STEP	2025-10-17T19:17:57.7228377Z [36;1m    "result": "success",[0m
Status Check - Keycloak CI	UNKNOWN STEP	2025-10-17T19:17:57.7228594Z [36;1m    "outputs": {}[0m
Status Check - Keycloak CI	UNKNOWN STEP	2025-10-17T19:17:57.7228782Z [36;1m  },[0m
Status Check - Keycloak CI	UNKNOWN STEP	2025-10-17T19:17:57.7228972Z [36;1m  "base-integration-tests": {[0m
Status Check - Keycloak CI	UNKNOWN STEP	2025-10-17T19:17:57.7229386Z [36;1m    "result": "success",[0m
Status Check - Keycloak CI	UNKNOWN STEP	2025-10-17T19:17:57.7229604Z [36;1m    "outputs": {}[0m
Status Check - Keycloak CI	UNKNOWN STEP	2025-10-17T19:17:57.7229801Z [36;1m  },[0m
Status Check - Keycloak CI	UNKNOWN STEP	2025-10-17T19:17:57.7229989Z [36;1m  "adapter-integration-tests": {[0m
Status Check - Keycloak CI	UNKNOWN STEP	2025-10-17T19:17:57.7230250Z [36;1m    "result": "success",[0m
Status Check - Keycloak CI	UNKNOWN STEP	2025-10-17T19:17:57.7230472Z [36;1m    "outputs": {}[0m
Status Check - Keycloak CI	UNKNOWN STEP	2025-10-17T19:17:57.7230673Z [36;1m  },[0m
Status Check - Keycloak CI	UNKNOWN STEP	2025-10-17T19:17:57.7230905Z [36;1m  "adapter-integration-tests-strict-cookies": {[0m
Status Check - Keycloak CI	UNKNOWN STEP	2025-10-17T19:17:57.7231203Z [36;1m    "result": "success",[0m
Status Check - Keycloak CI	UNKNOWN STEP	2025-10-17T19:17:57.7231428Z [36;1m    "outputs": {}[0m
Status Check - Keycloak CI	UNKNOWN STEP	2025-10-17T19:17:57.7231636Z [36;1m  },[0m
Status Check - Keycloak CI	UNKNOWN STEP	2025-10-17T19:17:57.7231828Z [36;1m  "quarkus-unit-tests": {[0m
Status Check - Keycloak CI	UNKNOWN STEP	2025-10-17T19:17:57.7232061Z [36;1m    "result": "skipped",[0m
Status Check - Keycloak CI	UNKNOWN STEP	2025-10-17T19:17:57.7232296Z [36;1m    "outputs": {}[0m
Status Check - Keycloak CI	UNKNOWN STEP	2025-10-17T19:17:57.7232495Z [36;1m  },[0m
Status Check - Keycloak CI	UNKNOWN STEP	2025-10-17T19:17:57.7232686Z [36;1m  "quarkus-integration-tests": {[0m
Status Check - Keycloak CI	UNKNOWN STEP	2025-10-17T19:17:57.7232941Z [36;1m    "result": "success",[0m
Status Check - Keycloak CI	UNKNOWN STEP	2025-10-17T19:17:57.7233160Z [36;1m    "outputs": {}[0m
Status Check - Keycloak CI	UNKNOWN STEP	2025-10-17T19:17:57.7233384Z [36;1m  },[0m
Status Check - Keycloak CI	UNKNOWN STEP	2025-10-17T19:17:57.7233605Z [36;1m  "jdk-integration-tests": {[0m
Status Check - Keycloak CI	UNKNOWN STEP	2025-10-17T19:17:57.7233840Z [36;1m    "result": "failure",[0m
Status Check - Keycloak CI	UNKNOWN STEP	2025-10-17T19:17:57.7234056Z [36;1m    "outputs": {}[0m
Status Check - Keycloak CI	UNKNOWN STEP	2025-10-17T19:17:57.7234247Z [36;1m  },[0m
Status Check - Keycloak CI	UNKNOWN STEP	2025-10-17T19:17:57.7234438Z [36;1m  "store-integration-tests": {[0m
Status Check - Keycloak CI	UNKNOWN STEP	2025-10-17T19:17:57.7234677Z [36;1m    "result": "success",[0m
Status Check - Keycloak CI	UNKNOWN STEP	2025-10-17T19:17:57.7234894Z [36;1m    "outputs": {}[0m
Status Check - Keycloak CI	UNKNOWN STEP	2025-10-17T19:17:57.7235078Z [36;1m  },[0m
Status Check - Keycloak CI	UNKNOWN STEP	2025-10-17T19:17:57.7235264Z [36;1m  "volatile-sessions-tests": {[0m
Status Check - Keycloak CI	UNKNOWN STEP	2025-10-17T19:17:57.7235625Z [36;1m    "result": "skipped",[0m
Status Check - Keycloak CI	UNKNOWN STEP	2025-10-17T19:17:57.7235842Z [36;1m    "outputs": {}[0m
Status Check - Keycloak CI	UNKNOWN STEP	2025-10-17T19:17:57.7236046Z [36;1m  },[0m
Status Check - Keycloak CI	UNKNOWN STEP	2025-10-17T19:17:57.7236219Z [36;1m  "store-model-tests": {[0m
Status Check - Keycloak CI	UNKNOWN STEP	2025-10-17T19:17:57.7236441Z [36;1m    "result": "skipped",[0m
Status Check - Keycloak CI	UNKNOWN STEP	2025-10-17T19:17:57.7236659Z [36;1m    "outputs": {}[0m
Status Check - Keycloak CI	UNKNOWN STEP	2025-10-17T19:17:57.7236856Z [36;1m  },[0m
Status Check - Keycloak CI	UNKNOWN STEP	2025-10-17T19:17:57.7237052Z [36;1m  "clustering-integration-tests": {[0m
Status Check - Keycloak CI	UNKNOWN STEP	2025-10-17T19:17:57.7237309Z [36;1m    "result": "success",[0m
Status Check - Keycloak CI	UNKNOWN STEP	2025-10-17T19:17:57.7237521Z [36;1m    "outputs": {}[0m
Status Check - Keycloak CI	UNKNOWN STEP	2025-10-17T19:17:57.7237709Z [36;1m  },[0m
Status Check - Keycloak CI	UNKNOWN STEP	2025-10-17T19:17:57.7237892Z [36;1m  "fips-unit-tests": {[0m
Status Check - Keycloak CI	UNKNOWN STEP	2025-10-17T19:17:57.7238109Z [36;1m    "result": "success",[0m
Status Check - Keycloak CI	UNKNOWN STEP	2025-10-17T19:17:57.7238327Z [36;1m    "outputs": {}[0m
Status Check - Keycloak CI	UNKNOWN STEP	2025-10-17T19:17:57.7238514Z [36;1m  },[0m
Status Check - Keycloak CI	UNKNOWN STEP	2025-10-17T19:17:57.7238700Z [36;1m  "fips-integration-tests": {[0m
Status Check - Keycloak CI	UNKNOWN STEP	2025-10-17T19:17:57.7238938Z [36;1m    "result": "success",[0m
Status Check - Keycloak CI	UNKNOWN STEP	2025-10-17T19:17:57.7239153Z [36;1m    "outputs": {}[0m
Status Check - Keycloak CI	UNKNOWN STEP	2025-10-17T19:17:57.7239347Z [36;1m  },[0m
Status Check - Keycloak CI	UNKNOWN STEP	2025-10-17T19:17:57.7239529Z [36;1m  "forms-integration-tests": {[0m
Status Check - Keycloak CI	UNKNOWN STEP	2025-10-17T19:17:57.7239778Z [36;1m    "result": "success",[0m
Status Check - Keycloak CI	UNKNOWN STEP	2025-10-17T19:17:57.7239988Z [36;1m    "outputs": {}[0m
Status Check - Keycloak CI	UNKNOWN STEP	2025-10-17T19:17:57.7240182Z [36;1m  },[0m
Status Check - Keycloak CI	UNKNOWN STEP	2025-10-17T19:17:57.7240378Z [36;1m  "webauthn-integration-tests": {[0m
Status Check - Keycloak CI	UNKNOWN STEP	2025-10-17T19:17:57.7240633Z [36;1m    "result": "success",[0m
Status Check - Keycloak CI	UNKNOWN STEP	2025-10-17T19:17:57.7240843Z [36;1m    "outputs": {}[0m
Status Check - Keycloak CI	UNKNOWN STEP	2025-10-17T19:17:57.7241039Z [36;1m  },[0m
Status Check - Keycloak CI	UNKNOWN STEP	2025-10-17T19:17:57.7241213Z [36;1m  "sssd-unit-tests": {[0m
Status Check - Keycloak CI	UNKNOWN STEP	2025-10-17T19:17:57.7241435Z [36;1m    "result": "skipped",[0m
Status Check - Keycloak CI	UNKNOWN STEP	2025-10-17T19:17:57.7241653Z [36;1m    "outputs": {}[0m
Status Check - Keycloak CI	UNKNOWN STEP	2025-10-17T19:17:57.7241841Z [36;1m  },[0m
Status Check - Keycloak CI	UNKNOWN STEP	2025-10-17T19:17:57.7242020Z [36;1m  "migration-tests": {[0m
Status Check - Keycloak CI	UNKNOWN STEP	2025-10-17T19:17:57.7242235Z [36;1m    "result": "success",[0m
Status Check - Keycloak CI	UNKNOWN STEP	2025-10-17T19:17:57.7242452Z [36;1m    "outputs": {}[0m
Status Check - Keycloak CI	UNKNOWN STEP	2025-10-17T19:17:57.7242639Z [36;1m  },[0m
Status Check - Keycloak CI	UNKNOWN STEP	2025-10-17T19:17:57.7242836Z [36;1m  "external-infinispan-tests": {[0m
Status Check - Keycloak CI	UNKNOWN STEP	2025-10-17T19:17:57.7243081Z [36;1m    "result": "skipped",[0m
Status Check - Keycloak CI	UNKNOWN STEP	2025-10-17T19:17:57.7243455Z [36;1m    "outputs": {}[0m
Status Check - Keycloak CI	UNKNOWN STEP	2025-10-17T19:17:57.7243662Z [36;1m  },[0m
Status Check - Keycloak CI	UNKNOWN STEP	2025-10-17T19:17:57.7243845Z [36;1m  "test-framework": {[0m
Status Check - Keycloak CI	UNKNOWN STEP	2025-10-17T19:17:57.7244074Z [36;1m    "result": "success",[0m
Status Check - Keycloak CI	UNKNOWN STEP	2025-10-17T19:17:57.7244404Z [36;1m    "outputs": {}[0m
Status Check - Keycloak CI	UNKNOWN STEP	2025-10-17T19:17:57.7244606Z [36;1m  },[0m
Status Check - Keycloak CI	UNKNOWN STEP	2025-10-17T19:17:57.7244805Z [36;1m  "base-new-integration-tests": {[0m
Status Check - Keycloak CI	UNKNOWN STEP	2025-10-17T19:17:57.7245063Z [36;1m    "result": "success",[0m
Status Check - Keycloak CI	UNKNOWN STEP	2025-10-17T19:17:57.7245278Z [36;1m    "outputs": {}[0m
Status Check - Keycloak CI	UNKNOWN STEP	2025-10-17T19:17:57.7245663Z [36;1m  },[0m
Status Check - Keycloak CI	UNKNOWN STEP	2025-10-17T19:17:57.7246039Z [36;1m  "mixed-cluster-compatibility-tests": {[0m
Status Check - Keycloak CI	UNKNOWN STEP	2025-10-17T19:17:57.7246326Z [36;1m    "result": "success",[0m
Status Check - Keycloak CI	UNKNOWN STEP	2025-10-17T19:17:57.7246544Z [36;1m    "outputs": {}[0m
Status Check - Keycloak CI	UNKNOWN STEP	2025-10-17T19:17:57.7246734Z [36;1m  }[0m
Status Check - Keycloak CI	UNKNOWN STEP	2025-10-17T19:17:57.7246899Z [36;1m}'[0m
Status Check - Keycloak CI	UNKNOWN STEP	2025-10-17T19:17:57.7247059Z [36;1m[0m
Status Check - Keycloak CI	UNKNOWN STEP	2025-10-17T19:17:57.7247235Z [36;1mecho "Job status:"[0m
Status Check - Keycloak CI	UNKNOWN STEP	2025-10-17T19:17:57.7247536Z [36;1mecho $JOBS | jq -r 'to_entries[] | " - \(.key): \(.value.result)"'[0m
Status Check - Keycloak CI	UNKNOWN STEP	2025-10-17T19:17:57.7247860Z [36;1m[0m
Status Check - Keycloak CI	UNKNOWN STEP	2025-10-17T19:17:57.7248097Z [36;1mfor i in $(echo $JOBS | jq -r 'to_entries[] | .value.result'); do[0m
Status Check - Keycloak CI	UNKNOWN STEP	2025-10-17T19:17:57.7248458Z [36;1m  if [ "$i" != "success" ] && [ "$i" != "skipped" ]; then[0m
Status Check - Keycloak CI	UNKNOWN STEP	2025-10-17T19:17:57.7248730Z [36;1m    echo ""[0m
Status Check - Keycloak CI	UNKNOWN STEP	2025-10-17T19:17:57.7248935Z [36;1m    echo "Status check not okay!"[0m
Status Check - Keycloak CI	UNKNOWN STEP	2025-10-17T19:17:57.7249174Z [36;1m    exit 1[0m
Status Check - Keycloak CI	UNKNOWN STEP	2025-10-17T19:17:57.7249354Z [36;1m  fi[0m
Status Check - Keycloak CI	UNKNOWN STEP	2025-10-17T19:17:57.7249526Z [36;1mdone[0m
Status Check - Keycloak CI	UNKNOWN STEP	2025-10-17T19:17:57.7283816Z shell: /usr/bin/bash --noprofile --norc -e -o pipefail {0}
Status Check - Keycloak CI	UNKNOWN STEP	2025-10-17T19:17:57.7284152Z env:
Status Check - Keycloak CI	UNKNOWN STEP	2025-10-17T19:17:57.7284431Z   MAVEN_ARGS: -B -nsu -Daether.connector.http.connectionMaxTtl=25
Status Check - Keycloak CI	UNKNOWN STEP	2025-10-17T19:17:57.7284767Z   SUREFIRE_RERUN_FAILING_COUNT: 2
Status Check - Keycloak CI	UNKNOWN STEP	2025-10-17T19:17:57.7285050Z   SUREFIRE_RETRY: -Dsurefire.rerunFailingTestsCount=2
Status Check - Keycloak CI	UNKNOWN STEP	2025-10-17T19:17:57.7285332Z ##[endgroup]
Status Check - Keycloak CI	UNKNOWN STEP	2025-10-17T19:17:57.7355164Z Job status:
Status Check - Keycloak CI	UNKNOWN STEP	2025-10-17T19:17:57.7650755Z  - conditional: success
Status Check - Keycloak CI	UNKNOWN STEP	2025-10-17T19:17:57.7651226Z  - build: success
Status Check - Keycloak CI	UNKNOWN STEP	2025-10-17T19:17:57.7651502Z  - unit-tests: success
Status Check - Keycloak CI	UNKNOWN STEP	2025-10-17T19:17:57.7651818Z  - base-integration-tests: success
Status Check - Keycloak CI	UNKNOWN STEP	2025-10-17T19:17:57.7652330Z  - adapter-integration-tests: success
Status Check - Keycloak CI	UNKNOWN STEP	2025-10-17T19:17:57.7653002Z  - adapter-integration-tests-strict-cookies: success
Status Check - Keycloak CI	UNKNOWN STEP	2025-10-17T19:17:57.7653684Z  - quarkus-unit-tests: skipped
Status Check - Keycloak CI	UNKNOWN STEP	2025-10-17T19:17:57.7654204Z  - quarkus-integration-tests: success
Status Check - Keycloak CI	UNKNOWN STEP	2025-10-17T19:17:57.7654792Z  - jdk-integration-tests: failure
Status Check - Keycloak CI	UNKNOWN STEP	2025-10-17T19:17:57.7655345Z  - store-integration-tests: success
Status Check - Keycloak CI	UNKNOWN STEP	2025-10-17T19:17:57.7656043Z  - volatile-sessions-tests: skipped
Status Check - Keycloak CI	UNKNOWN STEP	2025-10-17T19:17:57.7656377Z  - store-model-tests: skipped
Status Check - Keycloak CI	UNKNOWN STEP	2025-10-17T19:17:57.7656710Z  - clustering-integration-tests: success
Status Check - Keycloak CI	UNKNOWN STEP	2025-10-17T19:17:57.7657066Z  - fips-unit-tests: success
Status Check - Keycloak CI	UNKNOWN STEP	2025-10-17T19:17:57.7657359Z  - fips-integration-tests: success
Status Check - Keycloak CI	UNKNOWN STEP	2025-10-17T19:17:57.7657670Z  - forms-integration-tests: success
Status Check - Keycloak CI	UNKNOWN STEP	2025-10-17T19:17:57.7658003Z  - webauthn-integration-tests: success
Status Check - Keycloak CI	UNKNOWN STEP	2025-10-17T19:17:57.7658314Z  - sssd-unit-tests: skipped
Status Check - Keycloak CI	UNKNOWN STEP	2025-10-17T19:17:57.7658577Z  - migration-tests: success
Status Check - Keycloak CI	UNKNOWN STEP	2025-10-17T19:17:57.7659043Z  - external-infinispan-tests: skipped
Status Check - Keycloak CI	UNKNOWN STEP	2025-10-17T19:17:57.7659579Z  - test-framework: success
Status Check - Keycloak CI	UNKNOWN STEP	2025-10-17T19:17:57.7660080Z  - base-new-integration-tests: success
Status Check - Keycloak CI	UNKNOWN STEP	2025-10-17T19:17:57.7660685Z  - mixed-cluster-compatibility-tests: success
Status Check - Keycloak CI	UNKNOWN STEP	2025-10-17T19:17:57.7688151Z 
Status Check - Keycloak CI	UNKNOWN STEP	2025-10-17T19:17:57.7688316Z Status check not okay!
Status Check - Keycloak CI	UNKNOWN STEP	2025-10-17T19:17:57.7702229Z ##[error]Process completed with exit code 1.
Status Check - Keycloak CI	UNKNOWN STEP	2025-10-17T19:17:57.7887537Z Post job cleanup.
Status Check - Keycloak CI	UNKNOWN STEP	2025-10-17T19:17:57.8669004Z [command]/usr/bin/git version
Status Check - Keycloak CI	UNKNOWN STEP	2025-10-17T19:17:57.8737401Z git version 2.51.0
Status Check - Keycloak CI	UNKNOWN STEP	2025-10-17T19:17:57.8774819Z Temporarily overriding HOME='/home/runner/work/_temp/5406f029-4ec0-4c54-a9ac-2914453f4d51' before making global git config changes
Status Check - Keycloak CI	UNKNOWN STEP	2025-10-17T19:17:57.8775915Z Adding repository directory to the temporary git global config as a safe directory
Status Check - Keycloak CI	UNKNOWN STEP	2025-10-17T19:17:57.8780599Z [command]/usr/bin/git config --global --add safe.directory /home/runner/work/keycloak/keycloak
Status Check - Keycloak CI	UNKNOWN STEP	2025-10-17T19:17:57.8816901Z [command]/usr/bin/git config --local --name-only --get-regexp core\.sshCommand
Status Check - Keycloak CI	UNKNOWN STEP	2025-10-17T19:17:57.8850420Z [command]/usr/bin/git submodule foreach --recursive sh -c "git config --local --name-only --get-regexp 'core\.sshCommand' && git config --local --unset-all 'core.sshCommand' || :"
Status Check - Keycloak CI	UNKNOWN STEP	2025-10-17T19:17:57.9096091Z [command]/usr/bin/git config --local --name-only --get-regexp http\.https\:\/\/github\.com\/\.extraheader
Status Check - Keycloak CI	UNKNOWN STEP	2025-10-17T19:17:57.9118685Z http.https://github.com/.extraheader
Status Check - Keycloak CI	UNKNOWN STEP	2025-10-17T19:17:57.9128326Z [command]/usr/bin/git config --local --unset-all http.https://github.com/.extraheader
Status Check - Keycloak CI	UNKNOWN STEP	2025-10-17T19:17:57.9159444Z [command]/usr/bin/git submodule foreach --recursive sh -c "git config --local --name-only --get-regexp 'http\.https\:\/\/github\.com\/\.extraheader' && git config --local --unset-all 'http.https://github.com/.extraheader' || :"
Status Check - Keycloak CI	UNKNOWN STEP	2025-10-17T19:17:57.9506129Z Cleaning up orphan processes
