Admin UI E2E (5, chrome)	Run Cypress	2025-02-04T10:34:23.9480897Z ##[group]Run cypress-io/github-action@v6
Admin UI E2E (5, chrome)	Run Cypress	2025-02-04T10:34:23.9481427Z with:
Admin UI E2E (5, chrome)	Run Cypress	2025-02-04T10:34:23.9481740Z   install: false
Admin UI E2E (5, chrome)	Run Cypress	2025-02-04T10:34:23.9485672Z   browser: chrome
Admin UI E2E (5, chrome)	Run Cypress	2025-02-04T10:34:23.9486072Z   wait-on: http://localhost:8080
Admin UI E2E (5, chrome)	Run Cypress	2025-02-04T10:34:23.9486526Z   working-directory: js/apps/admin-ui
Admin UI E2E (5, chrome)	Run Cypress	2025-02-04T10:34:23.9486966Z   record: false
Admin UI E2E (5, chrome)	Run Cypress	2025-02-04T10:34:23.9487306Z   publish-summary: true
Admin UI E2E (5, chrome)	Run Cypress	2025-02-04T10:34:23.9487667Z   component: false
Admin UI E2E (5, chrome)	Run Cypress	2025-02-04T10:34:23.9487984Z env:
Admin UI E2E (5, chrome)	Run Cypress	2025-02-04T10:34:23.9488426Z   MAVEN_ARGS: -B -nsu -Daether.connector.http.connectionMaxTtl=25
Admin UI E2E (5, chrome)	Run Cypress	2025-02-04T10:34:23.9489003Z   RETRY_COUNT: 3
Admin UI E2E (5, chrome)	Run Cypress	2025-02-04T10:34:23.9489342Z   COREPACK_INTEGRITY_KEYS: 0
Admin UI E2E (5, chrome)	Run Cypress	2025-02-04T10:34:23.9489751Z   WORKSPACE: keycloak-admin-ui
Admin UI E2E (5, chrome)	Run Cypress	2025-02-04T10:34:23.9490346Z   JAVA_HOME: /opt/hostedtoolcache/Java_Temurin-Hotspot_jdk/21.0.6-7/x64
Admin UI E2E (5, chrome)	Run Cypress	2025-02-04T10:34:23.9491156Z   JAVA_HOME_21_X64: /opt/hostedtoolcache/Java_Temurin-Hotspot_jdk/21.0.6-7/x64
Admin UI E2E (5, chrome)	Run Cypress	2025-02-04T10:34:23.9491781Z   SPLIT: 5
Admin UI E2E (5, chrome)	Run Cypress	2025-02-04T10:34:23.9493891Z   SPLIT_INDEX: 4
Admin UI E2E (5, chrome)	Run Cypress	2025-02-04T10:34:23.9495580Z   SPLIT_RANDOM_SEED: 43
Admin UI E2E (5, chrome)	Run Cypress	2025-02-04T10:34:23.9495980Z ##[endgroup]
Admin UI E2E (5, chrome)	Run Cypress	2025-02-04T10:34:24.1987111Z Skipping install because install parameter is false
Admin UI E2E (5, chrome)	Run Cypress	2025-02-04T10:34:24.1989356Z waiting on "http://localhost:8080" with timeout of 60 seconds
Admin UI E2E (5, chrome)	Run Cypress	2025-02-04T10:34:43.2520217Z It looks like this is your first time using Cypress: 14.0.1
Admin UI E2E (5, chrome)	Run Cypress	2025-02-04T10:34:43.2520542Z 
Admin UI E2E (5, chrome)	Run Cypress	2025-02-04T10:34:43.2542783Z [STARTED] Task without title.
Admin UI E2E (5, chrome)	Run Cypress	2025-02-04T10:34:46.3830935Z [SUCCESS] Task without title.
Admin UI E2E (5, chrome)	Run Cypress	2025-02-04T10:34:46.3834109Z 
Admin UI E2E (5, chrome)	Run Cypress	2025-02-04T10:34:46.3834615Z Opening Cypress...
Admin UI E2E (5, chrome)	Run Cypress	2025-02-04T10:34:46.8965277Z MESA: error: ZINK: vkCreateInstance failed (VK_ERROR_INCOMPATIBLE_DRIVER)
Admin UI E2E (5, chrome)	Run Cypress	2025-02-04T10:34:46.9527888Z 
Admin UI E2E (5, chrome)	Run Cypress	2025-02-04T10:34:46.9529989Z DevTools listening on ws://127.0.0.1:44195/devtools/browser/c81145cc-e147-4e9c-b8cb-dec8865df21f
Admin UI E2E (5, chrome)	Run Cypress	2025-02-04T10:34:47.5467549Z (node:2779) ExperimentalWarning: `--experimental-loader` may be removed in the future; instead use `register()`:
Admin UI E2E (5, chrome)	Run Cypress	2025-02-04T10:34:47.5469486Z --import 'data:text/javascript,import { register } from "node:module"; import { pathToFileURL } from "node:url"; register("file%3A///home/runner/.cache/Cypress/14.0.1/Cypress/resources/app/node_modules/ts-node/esm/transpile-only.mjs", pathToFileURL("./"));'
Admin UI E2E (5, chrome)	Run Cypress	2025-02-04T10:34:47.5471214Z (Use `node --trace-warnings ...` to show where the warning was created)
Admin UI E2E (5, chrome)	Run Cypress	2025-02-04T10:34:51.4857523Z cypress-split: there are 41 found specs
Admin UI E2E (5, chrome)	Run Cypress	2025-02-04T10:34:51.4858170Z the first 5 specs
Admin UI E2E (5, chrome)	Run Cypress	2025-02-04T10:34:51.4859108Z - 1: /home/runner/work/keycloak/keycloak/js/apps/admin-ui/cypress/e2e/users_test.spec.ts
Admin UI E2E (5, chrome)	Run Cypress	2025-02-04T10:34:51.4860435Z - 2: /home/runner/work/keycloak/keycloak/js/apps/admin-ui/cypress/e2e/realm_test.spec.ts
Admin UI E2E (5, chrome)	Run Cypress	2025-02-04T10:34:51.4861467Z - 3: /home/runner/work/keycloak/keycloak/js/apps/admin-ui/cypress/e2e/identity_providers_test.spec.ts
Admin UI E2E (5, chrome)	Run Cypress	2025-02-04T10:34:51.4862391Z - 4: /home/runner/work/keycloak/keycloak/js/apps/admin-ui/cypress/e2e/events_test.spec.ts
Admin UI E2E (5, chrome)	Run Cypress	2025-02-04T10:34:51.4863309Z - 5: /home/runner/work/keycloak/keycloak/js/apps/admin-ui/cypress/e2e/identity_providers_saml_test.spec.ts
Admin UI E2E (5, chrome)	Run Cypress	2025-02-04T10:34:51.4863947Z cypress-split: chunk 5 of 5
Admin UI E2E (5, chrome)	Run Cypress	2025-02-04T10:34:51.4873116Z k  spec                                            
Admin UI E2E (5, chrome)	Run Cypress	2025-02-04T10:34:51.4873745Z -  ------------------------------------------------
Admin UI E2E (5, chrome)	Run Cypress	2025-02-04T10:34:51.4874373Z 1  cypress/e2e/user_fed_ldap_mapper_test.spec.ts   
Admin UI E2E (5, chrome)	Run Cypress	2025-02-04T10:34:51.4874820Z 2  cypress/e2e/masthead_test.spec.ts               
Admin UI E2E (5, chrome)	Run Cypress	2025-02-04T10:34:51.4875219Z 3  cypress/e2e/client_scopes_test.spec.ts          
Admin UI E2E (5, chrome)	Run Cypress	2025-02-04T10:34:51.4875738Z 4  cypress/e2e/authentication_policies_ciba.spec.ts
Admin UI E2E (5, chrome)	Run Cypress	2025-02-04T10:34:51.4876110Z 5  cypress/e2e/group_test.spec.ts                  
Admin UI E2E (5, chrome)	Run Cypress	2025-02-04T10:34:51.4876458Z 6  cypress/e2e/clients_test.spec.ts                
Admin UI E2E (5, chrome)	Run Cypress	2025-02-04T10:34:51.4876827Z 7  cypress/e2e/clients_saml_advanced.spec.ts       
Admin UI E2E (5, chrome)	Run Cypress	2025-02-04T10:34:51.4877518Z 8  cypress/e2e/user_fed_test.spec.ts               
Admin UI E2E (5, chrome)	Run Cypress	2025-02-04T10:34:51.4877716Z 
Admin UI E2E (5, chrome)	Run Cypress	2025-02-04T10:34:52.1587886Z 
Admin UI E2E (5, chrome)	Run Cypress	2025-02-04T10:34:52.1882737Z [90m====================================================================================================[39m
Admin UI E2E (5, chrome)	Run Cypress	2025-02-04T10:34:52.1883224Z 
Admin UI E2E (5, chrome)	Run Cypress	2025-02-04T10:34:52.1885812Z [0m  ([4m[1mRun Starting[22m[24m)[0m
Admin UI E2E (5, chrome)	Run Cypress	2025-02-04T10:34:52.1886204Z 
Admin UI E2E (5, chrome)	Run Cypress	2025-02-04T10:34:52.1962408Z [90m  â”Œ[39m[90mâ”€[39m[90mâ”€[39m[90mâ”€[39m[90mâ”€[39m[90mâ”€[39m[90mâ”€[39m[90mâ”€[39m[90mâ”€[39m[90mâ”€[39m[90mâ”€[39m[90mâ”€[39m[90mâ”€[39m[90mâ”€[39m[90mâ”€[39m[90mâ”€[39m[90mâ”€[39m[90mâ”€[39m[90mâ”€[39m[90mâ”€[39m[90mâ”€[39m[90mâ”€[39m[90mâ”€[39m[90mâ”€[39m[90mâ”€[39m[90mâ”€[39m[90mâ”€[39m[90mâ”€[39m[90mâ”€[39m[90mâ”€[39m[90mâ”€[39m[90mâ”€[39m[90mâ”€[39m[90mâ”€[39m[90mâ”€[39m[90mâ”€[39m[90mâ”€[39m[90mâ”€[39m[90mâ”€[39m[90mâ”€[39m[90mâ”€[39m[90mâ”€[39m[90mâ”€[39m[90mâ”€[39m[90mâ”€[39m[90mâ”€[39m[90mâ”€[39m[90mâ”€[39m[90mâ”€[39m[90mâ”€[39m[90mâ”€[39m[90mâ”€[39m[90mâ”€[39m[90mâ”€[39m[90mâ”€[39m[90mâ”€[39m[90mâ”€[39m[90mâ”€[39m[90mâ”€[39m[90mâ”€[39m[90mâ”€[39m[90mâ”€[39m[90mâ”€[39m[90mâ”€[39m[90mâ”€[39m[90mâ”€[39m[90mâ”€[39m[90mâ”€[39m[90mâ”€[39m[90mâ”€[39m[90mâ”€[39m[90mâ”€[39m[90mâ”€[39m[90mâ”€[39m[90mâ”€[39m[90mâ”€[39m[90mâ”€[39m[90mâ”€[39m[90mâ”€[39m[90mâ”€[39m[90mâ”€[39m[90mâ”€[39m[90mâ”€[39m[90mâ”€[39m[90mâ”€[39m[90mâ”€[39m[90mâ”€[39m[90mâ”€[39m[90mâ”€[39m[90mâ”€[39m[90mâ”€[39m[90mâ”€[39m[90mâ”€[39m[90mâ”€[39m[90mâ”€[39m[90mâ”€[39m[90mâ”€[39m[90mâ”[39m
Admin UI E2E (5, chrome)	Run Cypress	2025-02-04T10:34:52.1967575Z [90m  â”‚[39m [90mCypress:[39m        14.0.1                                                                         [90mâ”‚[39m
Admin UI E2E (5, chrome)	Run Cypress	2025-02-04T10:34:52.1969126Z [90m  â”‚[39m [90mBrowser:[39m        Chrome 132 [90m(headless)[39m                                                          [90mâ”‚[39m
Admin UI E2E (5, chrome)	Run Cypress	2025-02-04T10:34:52.1970936Z [90m  â”‚[39m [90mNode Version:[39m   [0mv20.18.0 [90m(/home/runner/runners/2.322.0/externals/node20/bin/node)[39m[0m              [90mâ”‚[39m
Admin UI E2E (5, chrome)	Run Cypress	2025-02-04T10:34:52.1972896Z [90m  â”‚[39m [90mSpecs:[39m          [0m8 found (user_fed_ldap_mapper_test.spec.ts, masthead_test.spec.ts, client_scop[0m [90mâ”‚[39m
Admin UI E2E (5, chrome)	Run Cypress	2025-02-04T10:34:52.1974653Z [90m  â”‚[39m                 [0mes_test.spec.ts, authentication_policies_ciba.spec.ts, group_test.spec.ts, cli[0m [90mâ”‚[39m
Admin UI E2E (5, chrome)	Run Cypress	2025-02-04T10:34:52.1976522Z [90m  â”‚[39m                 [0ments_test.spec.ts, clients_saml_advanced.spec.ts, user_fed_test.spec.ts)[0m       [90mâ”‚[39m
Admin UI E2E (5, chrome)	Run Cypress	2025-02-04T10:34:52.1978291Z [90m  â”‚[39m [90mSearched:[39m       [0mcypress/e2e/user_fed_ldap_mapper_test.spec.ts, cypress/e2e/masthead_test.spec.[0m [90mâ”‚[39m
Admin UI E2E (5, chrome)	Run Cypress	2025-02-04T10:34:52.1980079Z [90m  â”‚[39m                 [0mts, cypress/e2e/client_scopes_test.spec.ts, cypress/e2e/authentication_policie[0m [90mâ”‚[39m
Admin UI E2E (5, chrome)	Run Cypress	2025-02-04T10:34:52.1981741Z [90m  â”‚[39m                 [0ms_ciba.spec.ts, cypress/e2e/group_test.spec.ts, cypress/e2e/clients_test.spec.[0m [90mâ”‚[39m
Admin UI E2E (5, chrome)	Run Cypress	2025-02-04T10:34:52.1983415Z [90m  â”‚[39m                 [0mts, cypress/e2e/clients_saml_advanced.spec.ts, cypress/e2e/user_fed_test.spec.[0m [90mâ”‚[39m
Admin UI E2E (5, chrome)	Run Cypress	2025-02-04T10:34:52.1984814Z [90m  â”‚[39m                 [0mts[0m                                                                             [90mâ”‚[39m
Admin UI E2E (5, chrome)	Run Cypress	2025-02-04T10:34:52.1986547Z [90m  â”‚[39m [90mExperiments:[39m    experimentalMemoryManagement=true                                              [90mâ”‚[39m
Admin UI E2E (5, chrome)	Run Cypress	2025-02-04T10:34:52.1994075Z [90m  â””[39m[90mâ”€[39m[90mâ”€[39m[90mâ”€[39m[90mâ”€[39m[90mâ”€[39m[90mâ”€[39m[90mâ”€[39m[90mâ”€[39m[90mâ”€[39m[90mâ”€[39m[90mâ”€[39m[90mâ”€[39m[90mâ”€[39m[90mâ”€[39m[90mâ”€[39m[90mâ”€[39m[90mâ”€[39m[90mâ”€[39m[90mâ”€[39m[90mâ”€[39m[90mâ”€[39m[90mâ”€[39m[90mâ”€[39m[90mâ”€[39m[90mâ”€[39m[90mâ”€[39m[90mâ”€[39m[90mâ”€[39m[90mâ”€[39m[90mâ”€[39m[90mâ”€[39m[90mâ”€[39m[90mâ”€[39m[90mâ”€[39m[90mâ”€[39m[90mâ”€[39m[90mâ”€[39m[90mâ”€[39m[90mâ”€[39m[90mâ”€[39m[90mâ”€[39m[90mâ”€[39m[90mâ”€[39m[90mâ”€[39m[90mâ”€[39m[90mâ”€[39m[90mâ”€[39m[90mâ”€[39m[90mâ”€[39m[90mâ”€[39m[90mâ”€[39m[90mâ”€[39m[90mâ”€[39m[90mâ”€[39m[90mâ”€[39m[90mâ”€[39m[90mâ”€[39m[90mâ”€[39m[90mâ”€[39m[90mâ”€[39m[90mâ”€[39m[90mâ”€[39m[90mâ”€[39m[90mâ”€[39m[90mâ”€[39m[90mâ”€[39m[90mâ”€[39m[90mâ”€[39m[90mâ”€[39m[90mâ”€[39m[90mâ”€[39m[90mâ”€[39m[90mâ”€[39m[90mâ”€[39m[90mâ”€[39m[90mâ”€[39m[90mâ”€[39m[90mâ”€[39m[90mâ”€[39m[90mâ”€[39m[90mâ”€[39m[90mâ”€[39m[90mâ”€[39m[90mâ”€[39m[90mâ”€[39m[90mâ”€[39m[90mâ”€[39m[90mâ”€[39m[90mâ”€[39m[90mâ”€[39m[90mâ”€[39m[90mâ”€[39m[90mâ”€[39m[90mâ”€[39m[90mâ”€[39m[90mâ”€[39m[90mâ”˜[39m
Admin UI E2E (5, chrome)	Run Cypress	2025-02-04T10:34:52.1998843Z 
Admin UI E2E (5, chrome)	Run Cypress	2025-02-04T10:34:52.1998866Z 
Admin UI E2E (5, chrome)	Run Cypress	2025-02-04T10:34:52.2006005Z [90mâ”€[39m[90mâ”€[39m[90mâ”€[39m[90mâ”€[39m[90mâ”€[39m[90mâ”€[39m[90mâ”€[39m[90mâ”€[39m[90mâ”€[39m[90mâ”€[39m[90mâ”€[39m[90mâ”€[39m[90mâ”€[39m[90mâ”€[39m[90mâ”€[39m[90mâ”€[39m[90mâ”€[39m[90mâ”€[39m[90mâ”€[39m[90mâ”€[39m[90mâ”€[39m[90mâ”€[39m[90mâ”€[39m[90mâ”€[39m[90mâ”€[39m[90mâ”€[39m[90mâ”€[39m[90mâ”€[39m[90mâ”€[39m[90mâ”€[39m[90mâ”€[39m[90mâ”€[39m[90mâ”€[39m[90mâ”€[39m[90mâ”€[39m[90mâ”€[39m[90mâ”€[39m[90mâ”€[39m[90mâ”€[39m[90mâ”€[39m[90mâ”€[39m[90mâ”€[39m[90mâ”€[39m[90mâ”€[39m[90mâ”€[39m[90mâ”€[39m[90mâ”€[39m[90mâ”€[39m[90mâ”€[39m[90mâ”€[39m[90mâ”€[39m[90mâ”€[39m[90mâ”€[39m[90mâ”€[39m[90mâ”€[39m[90mâ”€[39m[90mâ”€[39m[90mâ”€[39m[90mâ”€[39m[90mâ”€[39m[90mâ”€[39m[90mâ”€[39m[90mâ”€[39m[90mâ”€[39m[90mâ”€[39m[90mâ”€[39m[90mâ”€[39m[90mâ”€[39m[90mâ”€[39m[90mâ”€[39m[90mâ”€[39m[90mâ”€[39m[90mâ”€[39m[90mâ”€[39m[90mâ”€[39m[90mâ”€[39m[90mâ”€[39m[90mâ”€[39m[90mâ”€[39m[90mâ”€[39m[90mâ”€[39m[90mâ”€[39m[90mâ”€[39m[90mâ”€[39m[90mâ”€[39m[90mâ”€[39m[90mâ”€[39m[90mâ”€[39m[90mâ”€[39m[90mâ”€[39m[90mâ”€[39m[90mâ”€[39m[90mâ”€[39m[90mâ”€[39m[90mâ”€[39m[90mâ”€[39m[90mâ”€[39m[90mâ”€[39m[90mâ”€[39m[90mâ”€[39m
Admin UI E2E (5, chrome)	Run Cypress	2025-02-04T10:34:52.2010415Z                                                                                                     
Admin UI E2E (5, chrome)	Run Cypress	2025-02-04T10:34:52.2011574Z   Running:  [90muser_fed_ldap_mapper_test.spec.ts[39m                                               [90m(1 of 8)[39m
Admin UI E2E (5, chrome)	Run Cypress	2025-02-04T10:34:57.2277889Z 
Admin UI E2E (5, chrome)	Run Cypress	2025-02-04T10:34:57.2282356Z [0m[0m
Admin UI E2E (5, chrome)	Run Cypress	2025-02-04T10:34:57.2293409Z [0m  User Fed LDAP mapper tests[0m
Admin UI E2E (5, chrome)	Run Cypress	2025-02-04T10:35:10.7620921Z   [32m  âœ“[0m[90m Create LDAP provider from empty state[0m[90m (13525ms)[0m
Admin UI E2E (5, chrome)	Run Cypress	2025-02-04T10:35:19.6197454Z   [32m  âœ“[0m[90m Delete default mappers[0m[90m (8752ms)[0m
Admin UI E2E (5, chrome)	Run Cypress	2025-02-04T10:35:26.2056897Z   [32m  âœ“[0m[90m Create certificate ldap mapper[0m[90m (6452ms)[0m
Admin UI E2E (5, chrome)	Run Cypress	2025-02-04T10:35:30.1934224Z   [32m  âœ“[0m[90m Update certificate ldap mapper[0m[90m (3940ms)[0m
Admin UI E2E (5, chrome)	Run Cypress	2025-02-04T10:35:33.4689931Z   [32m  âœ“[0m[90m Delete certificate ldap mapper[0m[90m (3208ms)[0m
Admin UI E2E (5, chrome)	Run Cypress	2025-02-04T10:35:38.7777606Z   [32m  âœ“[0m[90m Create user account control mapper[0m[90m (5239ms)[0m
Admin UI E2E (5, chrome)	Run Cypress	2025-02-04T10:35:44.1272392Z   [32m  âœ“[0m[90m Create msad lds user account control mapper[0m[90m (5271ms)[0m
Admin UI E2E (5, chrome)	Run Cypress	2025-02-04T10:35:49.8449664Z   [32m  âœ“[0m[90m Create user attribute ldap mapper[0m[90m (5643ms)[0m
Admin UI E2E (5, chrome)	Run Cypress	2025-02-04T10:35:55.1530745Z   [32m  âœ“[0m[90m Create full name ldap mapper[0m[90m (5244ms)[0m
Admin UI E2E (5, chrome)	Run Cypress	2025-02-04T10:36:00.6867145Z   [32m  âœ“[0m[90m Create group ldap mapper[0m[90m (5472ms)[0m
Admin UI E2E (5, chrome)	Run Cypress	2025-02-04T10:36:03.8909118Z   [32m  âœ“[0m[90m Should return one search result for mapper with unique string[0m[90m (3160ms)[0m
Admin UI E2E (5, chrome)	Run Cypress	2025-02-04T10:36:07.0416373Z   [32m  âœ“[0m[90m Should return multiple search results for mappers that share common string[0m[90m (3080ms)[0m
Admin UI E2E (5, chrome)	Run Cypress	2025-02-04T10:36:10.0958072Z   [32m  âœ“[0m[90m Should return all mappers in search results when no string is specified[0m[90m (2980ms)[0m
Admin UI E2E (5, chrome)	Run Cypress	2025-02-04T10:36:13.3586819Z   [32m  âœ“[0m[90m Should return no search results for string that does not exist in any mappers[0m[90m (3192ms)[0m
Admin UI E2E (5, chrome)	Run Cypress	2025-02-04T10:36:16.7947464Z   [32m  âœ“[0m[90m Cleanup - delete LDAP provider[0m[90m (3335ms)[0m
Admin UI E2E (5, chrome)	Run Cypress	2025-02-04T10:36:16.8006092Z 
Admin UI E2E (5, chrome)	Run Cypress	2025-02-04T10:36:16.8411656Z 
Admin UI E2E (5, chrome)	Run Cypress	2025-02-04T10:36:16.8415999Z [92m [0m[32m 15 passing[0m[90m (1m)[0m
Admin UI E2E (5, chrome)	Run Cypress	2025-02-04T10:36:16.8419419Z 
Admin UI E2E (5, chrome)	Run Cypress	2025-02-04T10:36:17.8762356Z 
Admin UI E2E (5, chrome)	Run Cypress	2025-02-04T10:36:17.8763703Z [32m  ([4m[1mResults[22m[24m)[39m
Admin UI E2E (5, chrome)	Run Cypress	2025-02-04T10:36:17.8768907Z 
Admin UI E2E (5, chrome)	Run Cypress	2025-02-04T10:36:17.8785165Z [90m  â”Œ[39m[90mâ”€[39m[90mâ”€[39m[90mâ”€[39m[90mâ”€[39m[90mâ”€[39m[90mâ”€[39m[90mâ”€[39m[90mâ”€[39m[90mâ”€[39m[90mâ”€[39m[90mâ”€[39m[90mâ”€[39m[90mâ”€[39m[90mâ”€[39m[90mâ”€[39m[90mâ”€[39m[90mâ”€[39m[90mâ”€[39m[90mâ”€[39m[90mâ”€[39m[90mâ”€[39m[90mâ”€[39m[90mâ”€[39m[90mâ”€[39m[90mâ”€[39m[90mâ”€[39m[90mâ”€[39m[90mâ”€[39m[90mâ”€[39m[90mâ”€[39m[90mâ”€[39m[90mâ”€[39m[90mâ”€[39m[90mâ”€[39m[90mâ”€[39m[90mâ”€[39m[90mâ”€[39m[90mâ”€[39m[90mâ”€[39m[90mâ”€[39m[90mâ”€[39m[90mâ”€[39m[90mâ”€[39m[90mâ”€[39m[90mâ”€[39m[90mâ”€[39m[90mâ”€[39m[90mâ”€[39m[90mâ”€[39m[90mâ”€[39m[90mâ”€[39m[90mâ”€[39m[90mâ”€[39m[90mâ”€[39m[90mâ”€[39m[90mâ”€[39m[90mâ”€[39m[90mâ”€[39m[90mâ”€[39m[90mâ”€[39m[90mâ”€[39m[90mâ”€[39m[90mâ”€[39m[90mâ”€[39m[90mâ”€[39m[90mâ”€[39m[90mâ”€[39m[90mâ”€[39m[90mâ”€[39m[90mâ”€[39m[90mâ”€[39m[90mâ”€[39m[90mâ”€[39m[90mâ”€[39m[90mâ”€[39m[90mâ”€[39m[90mâ”€[39m[90mâ”€[39m[90mâ”€[39m[90mâ”€[39m[90mâ”€[39m[90mâ”€[39m[90mâ”€[39m[90mâ”€[39m[90mâ”€[39m[90mâ”€[39m[90mâ”€[39m[90mâ”€[39m[90mâ”€[39m[90mâ”€[39m[90mâ”€[39m[90mâ”€[39m[90mâ”€[39m[90mâ”€[39m[90mâ”€[39m[90mâ”€[39m[90mâ”[39m
Admin UI E2E (5, chrome)	Run Cypress	2025-02-04T10:36:17.8788353Z [90m  â”‚[39m [90mTests:[39m        [32m15[39m                                                                               [90mâ”‚[39m
Admin UI E2E (5, chrome)	Run Cypress	2025-02-04T10:36:17.8789091Z [90m  â”‚[39m [90mPassing:[39m      [32m15[39m                                                                               [90mâ”‚[39m
Admin UI E2E (5, chrome)	Run Cypress	2025-02-04T10:36:17.8789778Z [90m  â”‚[39m [90mFailing:[39m      [32m0[39m                                                                                [90mâ”‚[39m
Admin UI E2E (5, chrome)	Run Cypress	2025-02-04T10:36:17.8790458Z [90m  â”‚[39m [90mPending:[39m      [32m0[39m                                                                                [90mâ”‚[39m
Admin UI E2E (5, chrome)	Run Cypress	2025-02-04T10:36:17.8791126Z [90m  â”‚[39m [90mSkipped:[39m      [32m0[39m                                                                                [90mâ”‚[39m
Admin UI E2E (5, chrome)	Run Cypress	2025-02-04T10:36:17.8791910Z [90m  â”‚[39m [90mScreenshots:[39m  [32m0[39m                                                                                [90mâ”‚[39m
Admin UI E2E (5, chrome)	Run Cypress	2025-02-04T10:36:17.8793139Z [90m  â”‚[39m [90mVideo:[39m        [32mfalse[39m                                                                            [90mâ”‚[39m
Admin UI E2E (5, chrome)	Run Cypress	2025-02-04T10:36:17.8794163Z [90m  â”‚[39m [90mDuration:[39m     [32m1 minute, 19 seconds[39m                                                             [90mâ”‚[39m
Admin UI E2E (5, chrome)	Run Cypress	2025-02-04T10:36:17.8795016Z [90m  â”‚[39m [90mSpec Ran:[39m     [32m[32muser_fed_ldap_mapper_test.spec.ts[32m[39m                                                [90mâ”‚[39m
Admin UI E2E (5, chrome)	Run Cypress	2025-02-04T10:36:17.8800398Z [90m  â””[39m[90mâ”€[39m[90mâ”€[39m[90mâ”€[39m[90mâ”€[39m[90mâ”€[39m[90mâ”€[39m[90mâ”€[39m[90mâ”€[39m[90mâ”€[39m[90mâ”€[39m[90mâ”€[39m[90mâ”€[39m[90mâ”€[39m[90mâ”€[39m[90mâ”€[39m[90mâ”€[39m[90mâ”€[39m[90mâ”€[39m[90mâ”€[39m[90mâ”€[39m[90mâ”€[39m[90mâ”€[39m[90mâ”€[39m[90mâ”€[39m[90mâ”€[39m[90mâ”€[39m[90mâ”€[39m[90mâ”€[39m[90mâ”€[39m[90mâ”€[39m[90mâ”€[39m[90mâ”€[39m[90mâ”€[39m[90mâ”€[39m[90mâ”€[39m[90mâ”€[39m[90mâ”€[39m[90mâ”€[39m[90mâ”€[39m[90mâ”€[39m[90mâ”€[39m[90mâ”€[39m[90mâ”€[39m[90mâ”€[39m[90mâ”€[39m[90mâ”€[39m[90mâ”€[39m[90mâ”€[39m[90mâ”€[39m[90mâ”€[39m[90mâ”€[39m[90mâ”€[39m[90mâ”€[39m[90mâ”€[39m[90mâ”€[39m[90mâ”€[39m[90mâ”€[39m[90mâ”€[39m[90mâ”€[39m[90mâ”€[39m[90mâ”€[39m[90mâ”€[39m[90mâ”€[39m[90mâ”€[39m[90mâ”€[39m[90mâ”€[39m[90mâ”€[39m[90mâ”€[39m[90mâ”€[39m[90mâ”€[39m[90mâ”€[39m[90mâ”€[39m[90mâ”€[39m[90mâ”€[39m[90mâ”€[39m[90mâ”€[39m[90mâ”€[39m[90mâ”€[39m[90mâ”€[39m[90mâ”€[39m[90mâ”€[39m[90mâ”€[39m[90mâ”€[39m[90mâ”€[39m[90mâ”€[39m[90mâ”€[39m[90mâ”€[39m[90mâ”€[39m[90mâ”€[39m[90mâ”€[39m[90mâ”€[39m[90mâ”€[39m[90mâ”€[39m[90mâ”€[39m[90mâ”€[39m[90mâ”€[39m[90mâ”˜[39m
Admin UI E2E (5, chrome)	Run Cypress	2025-02-04T10:36:17.8805792Z 
Admin UI E2E (5, chrome)	Run Cypress	2025-02-04T10:36:17.9119824Z 
Admin UI E2E (5, chrome)	Run Cypress	2025-02-04T10:36:17.9132479Z [90mâ”€[39m[90mâ”€[39m[90mâ”€[39m[90mâ”€[39m[90mâ”€[39m[90mâ”€[39m[90mâ”€[39m[90mâ”€[39m[90mâ”€[39m[90mâ”€[39m[90mâ”€[39m[90mâ”€[39m[90mâ”€[39m[90mâ”€[39m[90mâ”€[39m[90mâ”€[39m[90mâ”€[39m[90mâ”€[39m[90mâ”€[39m[90mâ”€[39m[90mâ”€[39m[90mâ”€[39m[90mâ”€[39m[90mâ”€[39m[90mâ”€[39m[90mâ”€[39m[90mâ”€[39m[90mâ”€[39m[90mâ”€[39m[90mâ”€[39m[90mâ”€[39m[90mâ”€[39m[90mâ”€[39m[90mâ”€[39m[90mâ”€[39m[90mâ”€[39m[90mâ”€[39m[90mâ”€[39m[90mâ”€[39m[90mâ”€[39m[90mâ”€[39m[90mâ”€[39m[90mâ”€[39m[90mâ”€[39m[90mâ”€[39m[90mâ”€[39m[90mâ”€[39m[90mâ”€[39m[90mâ”€[39m[90mâ”€[39m[90mâ”€[39m[90mâ”€[39m[90mâ”€[39m[90mâ”€[39m[90mâ”€[39m[90mâ”€[39m[90mâ”€[39m[90mâ”€[39m[90mâ”€[39m[90mâ”€[39m[90mâ”€[39m[90mâ”€[39m[90mâ”€[39m[90mâ”€[39m[90mâ”€[39m[90mâ”€[39m[90mâ”€[39m[90mâ”€[39m[90mâ”€[39m[90mâ”€[39m[90mâ”€[39m[90mâ”€[39m[90mâ”€[39m[90mâ”€[39m[90mâ”€[39m[90mâ”€[39m[90mâ”€[39m[90mâ”€[39m[90mâ”€[39m[90mâ”€[39m[90mâ”€[39m[90mâ”€[39m[90mâ”€[39m[90mâ”€[39m[90mâ”€[39m[90mâ”€[39m[90mâ”€[39m[90mâ”€[39m[90mâ”€[39m[90mâ”€[39m[90mâ”€[39m[90mâ”€[39m[90mâ”€[39m[90mâ”€[39m[90mâ”€[39m[90mâ”€[39m[90mâ”€[39m[90mâ”€[39m[90mâ”€[39m[90mâ”€[39m
Admin UI E2E (5, chrome)	Run Cypress	2025-02-04T10:36:17.9136828Z                                                                                                     
Admin UI E2E (5, chrome)	Run Cypress	2025-02-04T10:36:17.9137790Z   Running:  [90mmasthead_test.spec.ts[39m                                                           [90m(2 of 8)[39m
Admin UI E2E (5, chrome)	Run Cypress	2025-02-04T10:36:22.1975933Z 
Admin UI E2E (5, chrome)	Run Cypress	2025-02-04T10:36:22.1976908Z [0m[0m
Admin UI E2E (5, chrome)	Run Cypress	2025-02-04T10:36:22.2077329Z [0m  Masthead tests[0m
Admin UI E2E (5, chrome)	Run Cypress	2025-02-04T10:36:22.2077955Z [0m    Desktop view[0m
Admin UI E2E (5, chrome)	Run Cypress	2025-02-04T10:36:26.0315196Z     [32m  âœ“[0m[90m Go to account console and back to admin console[0m[90m (3802ms)[0m
Admin UI E2E (5, chrome)	Run Cypress	2025-02-04T10:36:27.9454198Z     [32m  âœ“[0m[90m Sign out reachs to log in screen[0m[90m (1836ms)[0m
Admin UI E2E (5, chrome)	Run Cypress	2025-02-04T10:36:32.1698724Z     [32m  âœ“[0m[90m Go to realm info[0m[90m (4187ms)[0m
Admin UI E2E (5, chrome)	Run Cypress	2025-02-04T10:36:33.6157745Z     [32m  âœ“[0m[90m Should go to documentation page[0m[90m (1407ms)[0m
Admin UI E2E (5, chrome)	Run Cypress	2025-02-04T10:36:35.3897235Z     [32m  âœ“[0m[90m Enable/disable help mode in desktop mode[0m[90m (1737ms)[0m
Admin UI E2E (5, chrome)	Run Cypress	2025-02-04T10:36:35.4055213Z [0m    Login works for unprivileged users[0m
Admin UI E2E (5, chrome)	Run Cypress	2025-02-04T10:36:42.2109197Z     [32m  âœ“[0m[90m Login without privileges to see admin console[0m[90m (5840ms)[0m
Admin UI E2E (5, chrome)	Run Cypress	2025-02-04T10:36:42.2226523Z [0m    Mobile view[0m
Admin UI E2E (5, chrome)	Run Cypress	2025-02-04T10:36:46.0444649Z     [32m  âœ“[0m[90m Mobile menu is shown when in mobile view[0m[90m (3797ms)[0m
Admin UI E2E (5, chrome)	Run Cypress	2025-02-04T10:36:47.9518963Z     [32m  âœ“[0m[90m Enable/disable help mode in mobile view[0m[90m (1865ms)[0m
Admin UI E2E (5, chrome)	Run Cypress	2025-02-04T10:36:47.9644208Z [0m    Accessibility tests for masthead[0m
Admin UI E2E (5, chrome)	Run Cypress	2025-02-04T10:36:51.2900494Z     [32m  âœ“[0m[90m Check a11y violations on load/ masthead[0m[90m (3287ms)[0m
Admin UI E2E (5, chrome)	Run Cypress	2025-02-04T10:36:51.2901272Z 
Admin UI E2E (5, chrome)	Run Cypress	2025-02-04T10:36:51.3103272Z 
Admin UI E2E (5, chrome)	Run Cypress	2025-02-04T10:36:51.3105158Z [92m [0m[32m 9 passing[0m[90m (29s)[0m
Admin UI E2E (5, chrome)	Run Cypress	2025-02-04T10:36:51.3106794Z 
Admin UI E2E (5, chrome)	Run Cypress	2025-02-04T10:36:52.3375180Z 
Admin UI E2E (5, chrome)	Run Cypress	2025-02-04T10:36:52.3377153Z [32m  ([4m[1mResults[22m[24m)[39m
Admin UI E2E (5, chrome)	Run Cypress	2025-02-04T10:36:52.3381301Z 
Admin UI E2E (5, chrome)	Run Cypress	2025-02-04T10:36:52.3393612Z [90m  â”Œ[39m[90mâ”€[39m[90mâ”€[39m[90mâ”€[39m[90mâ”€[39m[90mâ”€[39m[90mâ”€[39m[90mâ”€[39m[90mâ”€[39m[90mâ”€[39m[90mâ”€[39m[90mâ”€[39m[90mâ”€[39m[90mâ”€[39m[90mâ”€[39m[90mâ”€[39m[90mâ”€[39m[90mâ”€[39m[90mâ”€[39m[90mâ”€[39m[90mâ”€[39m[90mâ”€[39m[90mâ”€[39m[90mâ”€[39m[90mâ”€[39m[90mâ”€[39m[90mâ”€[39m[90mâ”€[39m[90mâ”€[39m[90mâ”€[39m[90mâ”€[39m[90mâ”€[39m[90mâ”€[39m[90mâ”€[39m[90mâ”€[39m[90mâ”€[39m[90mâ”€[39m[90mâ”€[39m[90mâ”€[39m[90mâ”€[39m[90mâ”€[39m[90mâ”€[39m[90mâ”€[39m[90mâ”€[39m[90mâ”€[39m[90mâ”€[39m[90mâ”€[39m[90mâ”€[39m[90mâ”€[39m[90mâ”€[39m[90mâ”€[39m[90mâ”€[39m[90mâ”€[39m[90mâ”€[39m[90mâ”€[39m[90mâ”€[39m[90mâ”€[39m[90mâ”€[39m[90mâ”€[39m[90mâ”€[39m[90mâ”€[39m[90mâ”€[39m[90mâ”€[39m[90mâ”€[39m[90mâ”€[39m[90mâ”€[39m[90mâ”€[39m[90mâ”€[39m[90mâ”€[39m[90mâ”€[39m[90mâ”€[39m[90mâ”€[39m[90mâ”€[39m[90mâ”€[39m[90mâ”€[39m[90mâ”€[39m[90mâ”€[39m[90mâ”€[39m[90mâ”€[39m[90mâ”€[39m[90mâ”€[39m[90mâ”€[39m[90mâ”€[39m[90mâ”€[39m[90mâ”€[39m[90mâ”€[39m[90mâ”€[39m[90mâ”€[39m[90mâ”€[39m[90mâ”€[39m[90mâ”€[39m[90mâ”€[39m[90mâ”€[39m[90mâ”€[39m[90mâ”€[39m[90mâ”€[39m[90mâ”€[39m[90mâ”[39m
Admin UI E2E (5, chrome)	Run Cypress	2025-02-04T10:36:52.3398713Z [90m  â”‚[39m [90mTests:[39m        [32m9[39m                                                                                [90mâ”‚[39m
Admin UI E2E (5, chrome)	Run Cypress	2025-02-04T10:36:52.3399919Z [90m  â”‚[39m [90mPassing:[39m      [32m9[39m                                                                                [90mâ”‚[39m
Admin UI E2E (5, chrome)	Run Cypress	2025-02-04T10:36:52.3401087Z [90m  â”‚[39m [90mFailing:[39m      [32m0[39m                                                                                [90mâ”‚[39m
Admin UI E2E (5, chrome)	Run Cypress	2025-02-04T10:36:52.3402194Z [90m  â”‚[39m [90mPending:[39m      [32m0[39m                                                                                [90mâ”‚[39m
Admin UI E2E (5, chrome)	Run Cypress	2025-02-04T10:36:52.3403339Z [90m  â”‚[39m [90mSkipped:[39m      [32m0[39m                                                                                [90mâ”‚[39m
Admin UI E2E (5, chrome)	Run Cypress	2025-02-04T10:36:52.3404523Z [90m  â”‚[39m [90mScreenshots:[39m  [32m0[39m                                                                                [90mâ”‚[39m
Admin UI E2E (5, chrome)	Run Cypress	2025-02-04T10:36:52.3406003Z [90m  â”‚[39m [90mVideo:[39m        [32mfalse[39m                                                                            [90mâ”‚[39m
Admin UI E2E (5, chrome)	Run Cypress	2025-02-04T10:36:52.3407329Z [90m  â”‚[39m [90mDuration:[39m     [32m29 seconds[39m                                                                       [90mâ”‚[39m
Admin UI E2E (5, chrome)	Run Cypress	2025-02-04T10:36:52.3408756Z [90m  â”‚[39m [90mSpec Ran:[39m     [32m[32mmasthead_test.spec.ts[32m[39m                                                            [90mâ”‚[39m
Admin UI E2E (5, chrome)	Run Cypress	2025-02-04T10:36:52.3416157Z [90m  â””[39m[90mâ”€[39m[90mâ”€[39m[90mâ”€[39m[90mâ”€[39m[90mâ”€[39m[90mâ”€[39m[90mâ”€[39m[90mâ”€[39m[90mâ”€[39m[90mâ”€[39m[90mâ”€[39m[90mâ”€[39m[90mâ”€[39m[90mâ”€[39m[90mâ”€[39m[90mâ”€[39m[90mâ”€[39m[90mâ”€[39m[90mâ”€[39m[90mâ”€[39m[90mâ”€[39m[90mâ”€[39m[90mâ”€[39m[90mâ”€[39m[90mâ”€[39m[90mâ”€[39m[90mâ”€[39m[90mâ”€[39m[90mâ”€[39m[90mâ”€[39m[90mâ”€[39m[90mâ”€[39m[90mâ”€[39m[90mâ”€[39m[90mâ”€[39m[90mâ”€[39m[90mâ”€[39m[90mâ”€[39m[90mâ”€[39m[90mâ”€[39m[90mâ”€[39m[90mâ”€[39m[90mâ”€[39m[90mâ”€[39m[90mâ”€[39m[90mâ”€[39m[90mâ”€[39m[90mâ”€[39m[90mâ”€[39m[90mâ”€[39m[90mâ”€[39m[90mâ”€[39m[90mâ”€[39m[90mâ”€[39m[90mâ”€[39m[90mâ”€[39m[90mâ”€[39m[90mâ”€[39m[90mâ”€[39m[90mâ”€[39m[90mâ”€[39m[90mâ”€[39m[90mâ”€[39m[90mâ”€[39m[90mâ”€[39m[90mâ”€[39m[90mâ”€[39m[90mâ”€[39m[90mâ”€[39m[90mâ”€[39m[90mâ”€[39m[90mâ”€[39m[90mâ”€[39m[90mâ”€[39m[90mâ”€[39m[90mâ”€[39m[90mâ”€[39m[90mâ”€[39m[90mâ”€[39m[90mâ”€[39m[90mâ”€[39m[90mâ”€[39m[90mâ”€[39m[90mâ”€[39m[90mâ”€[39m[90mâ”€[39m[90mâ”€[39m[90mâ”€[39m[90mâ”€[39m[90mâ”€[39m[90mâ”€[39m[90mâ”€[39m[90mâ”€[39m[90mâ”€[39m[90mâ”€[39m[90mâ”€[39m[90mâ”˜[39m
Admin UI E2E (5, chrome)	Run Cypress	2025-02-04T10:36:52.3419909Z 
Admin UI E2E (5, chrome)	Run Cypress	2025-02-04T10:36:52.3736388Z 
Admin UI E2E (5, chrome)	Run Cypress	2025-02-04T10:36:52.3747990Z [90mâ”€[39m[90mâ”€[39m[90mâ”€[39m[90mâ”€[39m[90mâ”€[39m[90mâ”€[39m[90mâ”€[39m[90mâ”€[39m[90mâ”€[39m[90mâ”€[39m[90mâ”€[39m[90mâ”€[39m[90mâ”€[39m[90mâ”€[39m[90mâ”€[39m[90mâ”€[39m[90mâ”€[39m[90mâ”€[39m[90mâ”€[39m[90mâ”€[39m[90mâ”€[39m[90mâ”€[39m[90mâ”€[39m[90mâ”€[39m[90mâ”€[39m[90mâ”€[39m[90mâ”€[39m[90mâ”€[39m[90mâ”€[39m[90mâ”€[39m[90mâ”€[39m[90mâ”€[39m[90mâ”€[39m[90mâ”€[39m[90mâ”€[39m[90mâ”€[39m[90mâ”€[39m[90mâ”€[39m[90mâ”€[39m[90mâ”€[39m[90mâ”€[39m[90mâ”€[39m[90mâ”€[39m[90mâ”€[39m[90mâ”€[39m[90mâ”€[39m[90mâ”€[39m[90mâ”€[39m[90mâ”€[39m[90mâ”€[39m[90mâ”€[39m[90mâ”€[39m[90mâ”€[39m[90mâ”€[39m[90mâ”€[39m[90mâ”€[39m[90mâ”€[39m[90mâ”€[39m[90mâ”€[39m[90mâ”€[39m[90mâ”€[39m[90mâ”€[39m[90mâ”€[39m[90mâ”€[39m[90mâ”€[39m[90mâ”€[39m[90mâ”€[39m[90mâ”€[39m[90mâ”€[39m[90mâ”€[39m[90mâ”€[39m[90mâ”€[39m[90mâ”€[39m[90mâ”€[39m[90mâ”€[39m[90mâ”€[39m[90mâ”€[39m[90mâ”€[39m[90mâ”€[39m[90mâ”€[39m[90mâ”€[39m[90mâ”€[39m[90mâ”€[39m[90mâ”€[39m[90mâ”€[39m[90mâ”€[39m[90mâ”€[39m[90mâ”€[39m[90mâ”€[39m[90mâ”€[39m[90mâ”€[39m[90mâ”€[39m[90mâ”€[39m[90mâ”€[39m[90mâ”€[39m[90mâ”€[39m[90mâ”€[39m[90mâ”€[39m[90mâ”€[39m[90mâ”€[39m
Admin UI E2E (5, chrome)	Run Cypress	2025-02-04T10:36:52.3751381Z                                                                                                     
Admin UI E2E (5, chrome)	Run Cypress	2025-02-04T10:36:52.3752024Z   Running:  [90mclient_scopes_test.spec.ts[39m                                                      [90m(3 of 8)[39m
Admin UI E2E (5, chrome)	Run Cypress	2025-02-04T10:36:56.5540572Z 
Admin UI E2E (5, chrome)	Run Cypress	2025-02-04T10:36:56.5542065Z [0m[0m
Admin UI E2E (5, chrome)	Run Cypress	2025-02-04T10:36:56.5571070Z [0m  Client Scopes test[0m
Admin UI E2E (5, chrome)	Run Cypress	2025-02-04T10:36:57.1866375Z [0m    Client Scope filter list items[0m
Admin UI E2E (5, chrome)	Run Cypress	2025-02-04T10:37:01.9949817Z     [32m  âœ“[0m[90m should filter item by name[0m[90m (5385ms)[0m
Admin UI E2E (5, chrome)	Run Cypress	2025-02-04T10:37:04.6613640Z     [32m  âœ“[0m[90m should filter items by Assigned type All types[0m[90m (2575ms)[0m
Admin UI E2E (5, chrome)	Run Cypress	2025-02-04T10:37:06.9734822Z     [32m  âœ“[0m[90m should filter items by Assigned type Default[0m[90m (2220ms)[0m
Admin UI E2E (5, chrome)	Run Cypress	2025-02-04T10:37:08.8358390Z     [32m  âœ“[0m[90m should filter items by Assigned type Optional[0m[90m (1813ms)[0m
Admin UI E2E (5, chrome)	Run Cypress	2025-02-04T10:37:11.2877155Z     [32m  âœ“[0m[90m should filter items by Protocol All[0m[90m (2381ms)[0m
Admin UI E2E (5, chrome)	Run Cypress	2025-02-04T10:37:13.5704600Z     [32m  âœ“[0m[90m should filter items by Protocol SAML[0m[90m (2193ms)[0m
Admin UI E2E (5, chrome)	Run Cypress	2025-02-04T10:37:15.8013732Z     [32m  âœ“[0m[90m should filter items by Protocol OpenID[0m[90m (2149ms)[0m
Admin UI E2E (5, chrome)	Run Cypress	2025-02-04T10:37:17.3546880Z     [32m  âœ“[0m[90m should show items on next page are more than 11[0m[90m (1508ms)[0m
Admin UI E2E (5, chrome)	Run Cypress	2025-02-04T10:37:17.3691312Z [0m    Client Scope modify list items[0m
Admin UI E2E (5, chrome)	Run Cypress	2025-02-04T10:37:19.5551422Z     [32m  âœ“[0m[90m should modify selected item type to Default from search bar[0m[90m (2127ms)[0m
Admin UI E2E (5, chrome)	Run Cypress	2025-02-04T10:37:21.4162264Z     [32m  âœ“[0m[90m should modify selected item type to Optional from search bar[0m[90m (1821ms)[0m
Admin UI E2E (5, chrome)	Run Cypress	2025-02-04T10:37:26.5446590Z     [32m  âœ“[0m[90m should modify item client-scope-test0 AssignedType to Default from item bar[0m[90m (5082ms)[0m
Admin UI E2E (5, chrome)	Run Cypress	2025-02-04T10:37:31.6567542Z     [32m  âœ“[0m[90m should modify item client-scope-test0 AssignedType to Optional from item bar[0m[90m (5032ms)[0m
Admin UI E2E (5, chrome)	Run Cypress	2025-02-04T10:37:36.6801993Z     [32m  âœ“[0m[90m should modify item client-scope-test0 AssignedType to None from item bar[0m[90m (4944ms)[0m
Admin UI E2E (5, chrome)	Run Cypress	2025-02-04T10:37:39.5018976Z     [32m  âœ“[0m[90m should not allow to modify item AssignedType from search bar when no item selected[0m[90m (2746ms)[0m
Admin UI E2E (5, chrome)	Run Cypress	2025-02-04T10:37:39.5276810Z [0m    Client Scope delete list items [0m
Admin UI E2E (5, chrome)	Run Cypress	2025-02-04T10:37:41.3994443Z     [32m  âœ“[0m[90m should delete item from item bar[0m[90m (1843ms)[0m
Admin UI E2E (5, chrome)	Run Cypress	2025-02-04T10:37:43.9598231Z     [32m  âœ“[0m[90m should delete selected item from search bar[0m[90m (2485ms)[0m
Admin UI E2E (5, chrome)	Run Cypress	2025-02-04T10:37:46.5812988Z     [32m  âœ“[0m[90m should delete multiple selected items from search bar[0m[90m (2537ms)[0m
Admin UI E2E (5, chrome)	Run Cypress	2025-02-04T10:37:46.6209717Z [0m    Client Scope creation[0m
Admin UI E2E (5, chrome)	Run Cypress	2025-02-04T10:37:49.1076824Z     [32m  âœ“[0m[90m should fail creating client scope[0m[90m (2447ms)[0m
Admin UI E2E (5, chrome)	Run Cypress	2025-02-04T10:37:50.9261749Z     [32m  âœ“[0m[90m hides 'consent text' field when 'display consent' switch is disabled[0m[90m (1762ms)[0m
Admin UI E2E (5, chrome)	Run Cypress	2025-02-04T10:37:55.2226176Z     [32m  âœ“[0m[90m Client scope CRUD test[0m[90m (4241ms)[0m
Admin UI E2E (5, chrome)	Run Cypress	2025-02-04T10:37:55.2420699Z [0m    Scope tab test[0m
Admin UI E2E (5, chrome)	Run Cypress	2025-02-04T10:37:58.9313275Z     [32m  âœ“[0m[90m Assign and unassign role[0m[90m (3637ms)[0m
Admin UI E2E (5, chrome)	Run Cypress	2025-02-04T10:37:58.9504014Z [0m    Mappers tab test[0m
Admin UI E2E (5, chrome)	Run Cypress	2025-02-04T10:38:17.5685052Z     [32m  âœ“[0m[90m CRUD mappers[0m[90m (18537ms)[0m
Admin UI E2E (5, chrome)	Run Cypress	2025-02-04T10:38:17.6098072Z [0m    Accessibility tests for client scopes[0m
Admin UI E2E (5, chrome)	Run Cypress	2025-02-04T10:38:19.7468618Z     [32m  âœ“[0m[90m Check a11y violations on load/ client scopes[0m[90m (2108ms)[0m
Admin UI E2E (5, chrome)	Run Cypress	2025-02-04T10:38:21.5874498Z     [32m  âœ“[0m[90m Check a11y violations on empty client scope[0m[90m (1813ms)[0m
Admin UI E2E (5, chrome)	Run Cypress	2025-02-04T10:38:31.4840132Z     [32m  âœ“[0m[90m Check a11y violations on client scope details[0m[90m (9193ms)[0m
Admin UI E2E (5, chrome)	Run Cypress	2025-02-04T10:38:31.4856753Z 
Admin UI E2E (5, chrome)	Run Cypress	2025-02-04T10:38:31.5387188Z 
Admin UI E2E (5, chrome)	Run Cypress	2025-02-04T10:38:31.5390030Z [92m [0m[32m 25 passing[0m[90m (2m)[0m
Admin UI E2E (5, chrome)	Run Cypress	2025-02-04T10:38:31.5391565Z 
Admin UI E2E (5, chrome)	Run Cypress	2025-02-04T10:38:32.5854778Z 
Admin UI E2E (5, chrome)	Run Cypress	2025-02-04T10:38:32.5856110Z [32m  ([4m[1mResults[22m[24m)[39m
Admin UI E2E (5, chrome)	Run Cypress	2025-02-04T10:38:32.5875217Z 
Admin UI E2E (5, chrome)	Run Cypress	2025-02-04T10:38:32.5889441Z [90m  â”Œ[39m[90mâ”€[39m[90mâ”€[39m[90mâ”€[39m[90mâ”€[39m[90mâ”€[39m[90mâ”€[39m[90mâ”€[39m[90mâ”€[39m[90mâ”€[39m[90mâ”€[39m[90mâ”€[39m[90mâ”€[39m[90mâ”€[39m[90mâ”€[39m[90mâ”€[39m[90mâ”€[39m[90mâ”€[39m[90mâ”€[39m[90mâ”€[39m[90mâ”€[39m[90mâ”€[39m[90mâ”€[39m[90mâ”€[39m[90mâ”€[39m[90mâ”€[39m[90mâ”€[39m[90mâ”€[39m[90mâ”€[39m[90mâ”€[39m[90mâ”€[39m[90mâ”€[39m[90mâ”€[39m[90mâ”€[39m[90mâ”€[39m[90mâ”€[39m[90mâ”€[39m[90mâ”€[39m[90mâ”€[39m[90mâ”€[39m[90mâ”€[39m[90mâ”€[39m[90mâ”€[39m[90mâ”€[39m[90mâ”€[39m[90mâ”€[39m[90mâ”€[39m[90mâ”€[39m[90mâ”€[39m[90mâ”€[39m[90mâ”€[39m[90mâ”€[39m[90mâ”€[39m[90mâ”€[39m[90mâ”€[39m[90mâ”€[39m[90mâ”€[39m[90mâ”€[39m[90mâ”€[39m[90mâ”€[39m[90mâ”€[39m[90mâ”€[39m[90mâ”€[39m[90mâ”€[39m[90mâ”€[39m[90mâ”€[39m[90mâ”€[39m[90mâ”€[39m[90mâ”€[39m[90mâ”€[39m[90mâ”€[39m[90mâ”€[39m[90mâ”€[39m[90mâ”€[39m[90mâ”€[39m[90mâ”€[39m[90mâ”€[39m[90mâ”€[39m[90mâ”€[39m[90mâ”€[39m[90mâ”€[39m[90mâ”€[39m[90mâ”€[39m[90mâ”€[39m[90mâ”€[39m[90mâ”€[39m[90mâ”€[39m[90mâ”€[39m[90mâ”€[39m[90mâ”€[39m[90mâ”€[39m[90mâ”€[39m[90mâ”€[39m[90mâ”€[39m[90mâ”€[39m[90mâ”€[39m[90mâ”€[39m[90mâ”[39m
Admin UI E2E (5, chrome)	Run Cypress	2025-02-04T10:38:32.5893842Z [90m  â”‚[39m [90mTests:[39m        [32m25[39m                                                                               [90mâ”‚[39m
Admin UI E2E (5, chrome)	Run Cypress	2025-02-04T10:38:32.5895011Z [90m  â”‚[39m [90mPassing:[39m      [32m25[39m                                                                               [90mâ”‚[39m
Admin UI E2E (5, chrome)	Run Cypress	2025-02-04T10:38:32.5912276Z [90m  â”‚[39m [90mFailing:[39m      [32m0[39m                                                                                [90mâ”‚[39m
Admin UI E2E (5, chrome)	Run Cypress	2025-02-04T10:38:32.5913652Z [90m  â”‚[39m [90mPending:[39m      [32m0[39m                                                                                [90mâ”‚[39m
Admin UI E2E (5, chrome)	Run Cypress	2025-02-04T10:38:32.5914885Z [90m  â”‚[39m [90mSkipped:[39m      [32m0[39m                                                                                [90mâ”‚[39m
Admin UI E2E (5, chrome)	Run Cypress	2025-02-04T10:38:32.5916411Z [90m  â”‚[39m [90mScreenshots:[39m  [32m0[39m                                                                                [90mâ”‚[39m
Admin UI E2E (5, chrome)	Run Cypress	2025-02-04T10:38:32.5917685Z [90m  â”‚[39m [90mVideo:[39m        [32mfalse[39m                                                                            [90mâ”‚[39m
Admin UI E2E (5, chrome)	Run Cypress	2025-02-04T10:38:32.5919031Z [90m  â”‚[39m [90mDuration:[39m     [32m1 minute, 34 seconds[39m                                                             [90mâ”‚[39m
Admin UI E2E (5, chrome)	Run Cypress	2025-02-04T10:38:32.5921284Z [90m  â”‚[39m [90mSpec Ran:[39m     [32m[32mclient_scopes_test.spec.ts[32m[39m                                                       [90mâ”‚[39m
Admin UI E2E (5, chrome)	Run Cypress	2025-02-04T10:38:32.5928569Z [90m  â””[39m[90mâ”€[39m[90mâ”€[39m[90mâ”€[39m[90mâ”€[39m[90mâ”€[39m[90mâ”€[39m[90mâ”€[39m[90mâ”€[39m[90mâ”€[39m[90mâ”€[39m[90mâ”€[39m[90mâ”€[39m[90mâ”€[39m[90mâ”€[39m[90mâ”€[39m[90mâ”€[39m[90mâ”€[39m[90mâ”€[39m[90mâ”€[39m[90mâ”€[39m[90mâ”€[39m[90mâ”€[39m[90mâ”€[39m[90mâ”€[39m[90mâ”€[39m[90mâ”€[39m[90mâ”€[39m[90mâ”€[39m[90mâ”€[39m[90mâ”€[39m[90mâ”€[39m[90mâ”€[39m[90mâ”€[39m[90mâ”€[39m[90mâ”€[39m[90mâ”€[39m[90mâ”€[39m[90mâ”€[39m[90mâ”€[39m[90mâ”€[39m[90mâ”€[39m[90mâ”€[39m[90mâ”€[39m[90mâ”€[39m[90mâ”€[39m[90mâ”€[39m[90mâ”€[39m[90mâ”€[39m[90mâ”€[39m[90mâ”€[39m[90mâ”€[39m[90mâ”€[39m[90mâ”€[39m[90mâ”€[39m[90mâ”€[39m[90mâ”€[39m[90mâ”€[39m[90mâ”€[39m[90mâ”€[39m[90mâ”€[39m[90mâ”€[39m[90mâ”€[39m[90mâ”€[39m[90mâ”€[39m[90mâ”€[39m[90mâ”€[39m[90mâ”€[39m[90mâ”€[39m[90mâ”€[39m[90mâ”€[39m[90mâ”€[39m[90mâ”€[39m[90mâ”€[39m[90mâ”€[39m[90mâ”€[39m[90mâ”€[39m[90mâ”€[39m[90mâ”€[39m[90mâ”€[39m[90mâ”€[39m[90mâ”€[39m[90mâ”€[39m[90mâ”€[39m[90mâ”€[39m[90mâ”€[39m[90mâ”€[39m[90mâ”€[39m[90mâ”€[39m[90mâ”€[39m[90mâ”€[39m[90mâ”€[39m[90mâ”€[39m[90mâ”€[39m[90mâ”€[39m[90mâ”€[39m[90mâ”€[39m[90mâ”˜[39m
Admin UI E2E (5, chrome)	Run Cypress	2025-02-04T10:38:32.5932071Z 
Admin UI E2E (5, chrome)	Run Cypress	2025-02-04T10:38:32.6306133Z 
Admin UI E2E (5, chrome)	Run Cypress	2025-02-04T10:38:32.6336178Z [90mâ”€[39m[90mâ”€[39m[90mâ”€[39m[90mâ”€[39m[90mâ”€[39m[90mâ”€[39m[90mâ”€[39m[90mâ”€[39m[90mâ”€[39m[90mâ”€[39m[90mâ”€[39m[90mâ”€[39m[90mâ”€[39m[90mâ”€[39m[90mâ”€[39m[90mâ”€[39m[90mâ”€[39m[90mâ”€[39m[90mâ”€[39m[90mâ”€[39m[90mâ”€[39m[90mâ”€[39m[90mâ”€[39m[90mâ”€[39m[90mâ”€[39m[90mâ”€[39m[90mâ”€[39m[90mâ”€[39m[90mâ”€[39m[90mâ”€[39m[90mâ”€[39m[90mâ”€[39m[90mâ”€[39m[90mâ”€[39m[90mâ”€[39m[90mâ”€[39m[90mâ”€[39m[90mâ”€[39m[90mâ”€[39m[90mâ”€[39m[90mâ”€[39m[90mâ”€[39m[90mâ”€[39m[90mâ”€[39m[90mâ”€[39m[90mâ”€[39m[90mâ”€[39m[90mâ”€[39m[90mâ”€[39m[90mâ”€[39m[90mâ”€[39m[90mâ”€[39m[90mâ”€[39m[90mâ”€[39m[90mâ”€[39m[90mâ”€[39m[90mâ”€[39m[90mâ”€[39m[90mâ”€[39m[90mâ”€[39m[90mâ”€[39m[90mâ”€[39m[90mâ”€[39m[90mâ”€[39m[90mâ”€[39m[90mâ”€[39m[90mâ”€[39m[90mâ”€[39m[90mâ”€[39m[90mâ”€[39m[90mâ”€[39m[90mâ”€[39m[90mâ”€[39m[90mâ”€[39m[90mâ”€[39m[90mâ”€[39m[90mâ”€[39m[90mâ”€[39m[90mâ”€[39m[90mâ”€[39m[90mâ”€[39m[90mâ”€[39m[90mâ”€[39m[90mâ”€[39m[90mâ”€[39m[90mâ”€[39m[90mâ”€[39m[90mâ”€[39m[90mâ”€[39m[90mâ”€[39m[90mâ”€[39m[90mâ”€[39m[90mâ”€[39m[90mâ”€[39m[90mâ”€[39m[90mâ”€[39m[90mâ”€[39m[90mâ”€[39m[90mâ”€[39m[90mâ”€[39m
Admin UI E2E (5, chrome)	Run Cypress	2025-02-04T10:38:32.6340142Z                                                                                                     
Admin UI E2E (5, chrome)	Run Cypress	2025-02-04T10:38:32.6341243Z   Running:  [90mauthentication_policies_ciba.spec.ts[39m                                            [90m(4 of 8)[39m
Admin UI E2E (5, chrome)	Run Cypress	2025-02-04T10:38:36.2558005Z 
Admin UI E2E (5, chrome)	Run Cypress	2025-02-04T10:38:36.2561193Z [0m[0m
Admin UI E2E (5, chrome)	Run Cypress	2025-02-04T10:38:36.2585126Z [0m  Authentication - Policies - CIBA[0m
Admin UI E2E (5, chrome)	Run Cypress	2025-02-04T10:38:41.6152680Z   [32m  âœ“[0m[90m displays the initial state[0m[90m (5307ms)[0m
Admin UI E2E (5, chrome)	Run Cypress	2025-02-04T10:38:44.6046312Z   [32m  âœ“[0m[90m validates the fields[0m[90m (2945ms)[0m
Admin UI E2E (5, chrome)	Run Cypress	2025-02-04T10:38:48.8959581Z   [32m  âœ“[0m[90m saves the form[0m[90m (3712ms)[0m
Admin UI E2E (5, chrome)	Run Cypress	2025-02-04T10:38:48.8960064Z 
Admin UI E2E (5, chrome)	Run Cypress	2025-02-04T10:38:48.9189687Z 
Admin UI E2E (5, chrome)	Run Cypress	2025-02-04T10:38:48.9191034Z [92m [0m[32m 3 passing[0m[90m (13s)[0m
Admin UI E2E (5, chrome)	Run Cypress	2025-02-04T10:38:48.9191474Z 
Admin UI E2E (5, chrome)	Run Cypress	2025-02-04T10:38:49.9497106Z 
Admin UI E2E (5, chrome)	Run Cypress	2025-02-04T10:38:49.9498085Z [32m  ([4m[1mResults[22m[24m)[39m
Admin UI E2E (5, chrome)	Run Cypress	2025-02-04T10:38:49.9500979Z 
Admin UI E2E (5, chrome)	Run Cypress	2025-02-04T10:38:49.9517119Z [90m  â”Œ[39m[90mâ”€[39m[90mâ”€[39m[90mâ”€[39m[90mâ”€[39m[90mâ”€[39m[90mâ”€[39m[90mâ”€[39m[90mâ”€[39m[90mâ”€[39m[90mâ”€[39m[90mâ”€[39m[90mâ”€[39m[90mâ”€[39m[90mâ”€[39m[90mâ”€[39m[90mâ”€[39m[90mâ”€[39m[90mâ”€[39m[90mâ”€[39m[90mâ”€[39m[90mâ”€[39m[90mâ”€[39m[90mâ”€[39m[90mâ”€[39m[90mâ”€[39m[90mâ”€[39m[90mâ”€[39m[90mâ”€[39m[90mâ”€[39m[90mâ”€[39m[90mâ”€[39m[90mâ”€[39m[90mâ”€[39m[90mâ”€[39m[90mâ”€[39m[90mâ”€[39m[90mâ”€[39m[90mâ”€[39m[90mâ”€[39m[90mâ”€[39m[90mâ”€[39m[90mâ”€[39m[90mâ”€[39m[90mâ”€[39m[90mâ”€[39m[90mâ”€[39m[90mâ”€[39m[90mâ”€[39m[90mâ”€[39m[90mâ”€[39m[90mâ”€[39m[90mâ”€[39m[90mâ”€[39m[90mâ”€[39m[90mâ”€[39m[90mâ”€[39m[90mâ”€[39m[90mâ”€[39m[90mâ”€[39m[90mâ”€[39m[90mâ”€[39m[90mâ”€[39m[90mâ”€[39m[90mâ”€[39m[90mâ”€[39m[90mâ”€[39m[90mâ”€[39m[90mâ”€[39m[90mâ”€[39m[90mâ”€[39m[90mâ”€[39m[90mâ”€[39m[90mâ”€[39m[90mâ”€[39m[90mâ”€[39m[90mâ”€[39m[90mâ”€[39m[90mâ”€[39m[90mâ”€[39m[90mâ”€[39m[90mâ”€[39m[90mâ”€[39m[90mâ”€[39m[90mâ”€[39m[90mâ”€[39m[90mâ”€[39m[90mâ”€[39m[90mâ”€[39m[90mâ”€[39m[90mâ”€[39m[90mâ”€[39m[90mâ”€[39m[90mâ”€[39m[90mâ”€[39m[90mâ”€[39m[90mâ”€[39m[90mâ”[39m
Admin UI E2E (5, chrome)	Run Cypress	2025-02-04T10:38:49.9528390Z [90m  â”‚[39m [90mTests:[39m        [32m3[39m                                                                                [90mâ”‚[39m
Admin UI E2E (5, chrome)	Run Cypress	2025-02-04T10:38:49.9529724Z [90m  â”‚[39m [90mPassing:[39m      [32m3[39m                                                                                [90mâ”‚[39m
Admin UI E2E (5, chrome)	Run Cypress	2025-02-04T10:38:49.9530868Z [90m  â”‚[39m [90mFailing:[39m      [32m0[39m                                                                                [90mâ”‚[39m
Admin UI E2E (5, chrome)	Run Cypress	2025-02-04T10:38:49.9532037Z [90m  â”‚[39m [90mPending:[39m      [32m0[39m                                                                                [90mâ”‚[39m
Admin UI E2E (5, chrome)	Run Cypress	2025-02-04T10:38:49.9533262Z [90m  â”‚[39m [90mSkipped:[39m      [32m0[39m                                                                                [90mâ”‚[39m
Admin UI E2E (5, chrome)	Run Cypress	2025-02-04T10:38:49.9534504Z [90m  â”‚[39m [90mScreenshots:[39m  [32m0[39m                                                                                [90mâ”‚[39m
Admin UI E2E (5, chrome)	Run Cypress	2025-02-04T10:38:49.9535894Z [90m  â”‚[39m [90mVideo:[39m        [32mfalse[39m                                                                            [90mâ”‚[39m
Admin UI E2E (5, chrome)	Run Cypress	2025-02-04T10:38:49.9537095Z [90m  â”‚[39m [90mDuration:[39m     [32m12 seconds[39m                                                                       [90mâ”‚[39m
Admin UI E2E (5, chrome)	Run Cypress	2025-02-04T10:38:49.9538504Z [90m  â”‚[39m [90mSpec Ran:[39m     [32m[32mauthentication_policies_ciba.spec.ts[32m[39m                                             [90mâ”‚[39m
Admin UI E2E (5, chrome)	Run Cypress	2025-02-04T10:38:49.9545527Z [90m  â””[39m[90mâ”€[39m[90mâ”€[39m[90mâ”€[39m[90mâ”€[39m[90mâ”€[39m[90mâ”€[39m[90mâ”€[39m[90mâ”€[39m[90mâ”€[39m[90mâ”€[39m[90mâ”€[39m[90mâ”€[39m[90mâ”€[39m[90mâ”€[39m[90mâ”€[39m[90mâ”€[39m[90mâ”€[39m[90mâ”€[39m[90mâ”€[39m[90mâ”€[39m[90mâ”€[39m[90mâ”€[39m[90mâ”€[39m[90mâ”€[39m[90mâ”€[39m[90mâ”€[39m[90mâ”€[39m[90mâ”€[39m[90mâ”€[39m[90mâ”€[39m[90mâ”€[39m[90mâ”€[39m[90mâ”€[39m[90mâ”€[39m[90mâ”€[39m[90mâ”€[39m[90mâ”€[39m[90mâ”€[39m[90mâ”€[39m[90mâ”€[39m[90mâ”€[39m[90mâ”€[39m[90mâ”€[39m[90mâ”€[39m[90mâ”€[39m[90mâ”€[39m[90mâ”€[39m[90mâ”€[39m[90mâ”€[39m[90mâ”€[39m[90mâ”€[39m[90mâ”€[39m[90mâ”€[39m[90mâ”€[39m[90mâ”€[39m[90mâ”€[39m[90mâ”€[39m[90mâ”€[39m[90mâ”€[39m[90mâ”€[39m[90mâ”€[39m[90mâ”€[39m[90mâ”€[39m[90mâ”€[39m[90mâ”€[39m[90mâ”€[39m[90mâ”€[39m[90mâ”€[39m[90mâ”€[39m[90mâ”€[39m[90mâ”€[39m[90mâ”€[39m[90mâ”€[39m[90mâ”€[39m[90mâ”€[39m[90mâ”€[39m[90mâ”€[39m[90mâ”€[39m[90mâ”€[39m[90mâ”€[39m[90mâ”€[39m[90mâ”€[39m[90mâ”€[39m[90mâ”€[39m[90mâ”€[39m[90mâ”€[39m[90mâ”€[39m[90mâ”€[39m[90mâ”€[39m[90mâ”€[39m[90mâ”€[39m[90mâ”€[39m[90mâ”€[39m[90mâ”€[39m[90mâ”€[39m[90mâ”€[39m[90mâ”˜[39m
Admin UI E2E (5, chrome)	Run Cypress	2025-02-04T10:38:49.9549186Z 
Admin UI E2E (5, chrome)	Run Cypress	2025-02-04T10:38:49.9871170Z 
Admin UI E2E (5, chrome)	Run Cypress	2025-02-04T10:38:49.9884782Z [90mâ”€[39m[90mâ”€[39m[90mâ”€[39m[90mâ”€[39m[90mâ”€[39m[90mâ”€[39m[90mâ”€[39m[90mâ”€[39m[90mâ”€[39m[90mâ”€[39m[90mâ”€[39m[90mâ”€[39m[90mâ”€[39m[90mâ”€[39m[90mâ”€[39m[90mâ”€[39m[90mâ”€[39m[90mâ”€[39m[90mâ”€[39m[90mâ”€[39m[90mâ”€[39m[90mâ”€[39m[90mâ”€[39m[90mâ”€[39m[90mâ”€[39m[90mâ”€[39m[90mâ”€[39m[90mâ”€[39m[90mâ”€[39m[90mâ”€[39m[90mâ”€[39m[90mâ”€[39m[90mâ”€[39m[90mâ”€[39m[90mâ”€[39m[90mâ”€[39m[90mâ”€[39m[90mâ”€[39m[90mâ”€[39m[90mâ”€[39m[90mâ”€[39m[90mâ”€[39m[90mâ”€[39m[90mâ”€[39m[90mâ”€[39m[90mâ”€[39m[90mâ”€[39m[90mâ”€[39m[90mâ”€[39m[90mâ”€[39m[90mâ”€[39m[90mâ”€[39m[90mâ”€[39m[90mâ”€[39m[90mâ”€[39m[90mâ”€[39m[90mâ”€[39m[90mâ”€[39m[90mâ”€[39m[90mâ”€[39m[90mâ”€[39m[90mâ”€[39m[90mâ”€[39m[90mâ”€[39m[90mâ”€[39m[90mâ”€[39m[90mâ”€[39m[90mâ”€[39m[90mâ”€[39m[90mâ”€[39m[90mâ”€[39m[90mâ”€[39m[90mâ”€[39m[90mâ”€[39m[90mâ”€[39m[90mâ”€[39m[90mâ”€[39m[90mâ”€[39m[90mâ”€[39m[90mâ”€[39m[90mâ”€[39m[90mâ”€[39m[90mâ”€[39m[90mâ”€[39m[90mâ”€[39m[90mâ”€[39m[90mâ”€[39m[90mâ”€[39m[90mâ”€[39m[90mâ”€[39m[90mâ”€[39m[90mâ”€[39m[90mâ”€[39m[90mâ”€[39m[90mâ”€[39m[90mâ”€[39m[90mâ”€[39m[90mâ”€[39m[90mâ”€[39m[90mâ”€[39m
Admin UI E2E (5, chrome)	Run Cypress	2025-02-04T10:38:49.9893832Z                                                                                                     
Admin UI E2E (5, chrome)	Run Cypress	2025-02-04T10:38:49.9894879Z   Running:  [90mgroup_test.spec.ts[39m                                                              [90m(5 of 8)[39m
Admin UI E2E (5, chrome)	Run Cypress	2025-02-04T10:38:53.5383904Z 
Admin UI E2E (5, chrome)	Run Cypress	2025-02-04T10:38:53.5386734Z [0m[0m
Admin UI E2E (5, chrome)	Run Cypress	2025-02-04T10:38:53.5416828Z [0m  Group test[0m
Admin UI E2E (5, chrome)	Run Cypress	2025-02-04T10:38:53.9071546Z [0m    List[0m
Admin UI E2E (5, chrome)	Run Cypress	2025-02-04T10:39:01.0119614Z     [32m  âœ“[0m[90m Create group from empty option[0m[90m (7381ms)[0m
Admin UI E2E (5, chrome)	Run Cypress	2025-02-04T10:39:05.3068904Z     [32m  âœ“[0m[90m Create group from search bar[0m[90m (4191ms)[0m
Admin UI E2E (5, chrome)	Run Cypress	2025-02-04T10:39:07.4242832Z     [32m  âœ“[0m[90m Fail to create group with empty name[0m[90m (2077ms)[0m
Admin UI E2E (5, chrome)	Run Cypress	2025-02-04T10:39:11.9133726Z     [32m  âœ“[0m[90m Fail to create group with duplicated name[0m[90m (4440ms)[0m
Admin UI E2E (5, chrome)	Run Cypress	2025-02-04T10:39:14.2218605Z     [32m  âœ“[0m[90m Empty search[0m[90m (2209ms)[0m
Admin UI E2E (5, chrome)	Run Cypress	2025-02-04T10:39:17.2073501Z     [32m  âœ“[0m[90m Search group that exists[0m[90m (2924ms)[0m
Admin UI E2E (5, chrome)	Run Cypress	2025-02-04T10:39:19.5806822Z     [32m  âœ“[0m[90m Search group that does not exists[0m[90m (2279ms)[0m
Admin UI E2E (5, chrome)	Run Cypress	2025-02-04T10:39:22.5385534Z     [32m  âœ“[0m[90m Duplicate group from item bar[0m[90m (2843ms)[0m
Admin UI E2E (5, chrome)	Run Cypress	2025-02-04T10:39:26.4659294Z     [32m  âœ“[0m[90m Delete group from item bar[0m[90m (3882ms)[0m
Admin UI E2E (5, chrome)	Run Cypress	2025-02-04T10:39:29.4950991Z     [32m  âœ“[0m[90m Delete group from search bar[0m[90m (2999ms)[0m
Admin UI E2E (5, chrome)	Run Cypress	2025-02-04T10:39:33.8393947Z     [32m  âœ“[0m[90m Delete groups from search bar[0m[90m (4265ms)[0m
Admin UI E2E (5, chrome)	Run Cypress	2025-02-04T10:39:33.8591837Z [0m    Search group under current group[0m
Admin UI E2E (5, chrome)	Run Cypress	2025-02-04T10:39:36.4254516Z     [32m  âœ“[0m[90m Search child group in group[0m[90m (2538ms)[0m
Admin UI E2E (5, chrome)	Run Cypress	2025-02-04T10:39:39.1964454Z     [32m  âœ“[0m[90m Search non existing child group in group[0m[90m (2685ms)[0m
Admin UI E2E (5, chrome)	Run Cypress	2025-02-04T10:39:41.2832404Z     [32m  âœ“[0m[90m Empty search in group[0m[90m (2045ms)[0m
Admin UI E2E (5, chrome)	Run Cypress	2025-02-04T10:39:41.2945654Z [0m    Group Actions[0m
Admin UI E2E (5, chrome)	Run Cypress	2025-02-04T10:39:44.8344054Z     [32m  âœ“[0m[90m Rename group[0m[90m (3462ms)[0m
Admin UI E2E (5, chrome)	Run Cypress	2025-02-04T10:39:47.4519093Z     [32m  âœ“[0m[90m Delete group from group details[0m[90m (2520ms)[0m
Admin UI E2E (5, chrome)	Run Cypress	2025-02-04T10:39:47.4669066Z [0m      Search globally[0m
Admin UI E2E (5, chrome)	Run Cypress	2025-02-04T10:39:50.0135522Z       [32m  âœ“[0m[90m Navigate to parent group details[0m[90m (2339ms)[0m
Admin UI E2E (5, chrome)	Run Cypress	2025-02-04T10:39:50.0295062Z [0m    Child Groups[0m
Admin UI E2E (5, chrome)	Run Cypress	2025-02-04T10:39:52.2215228Z     [32m  âœ“[0m[90m Check empty state[0m[90m (2095ms)[0m
Admin UI E2E (5, chrome)	Run Cypress	2025-02-04T10:39:54.3612734Z     [32m  âœ“[0m[90m Create group from empty state[0m[90m (2132ms)[0m
Admin UI E2E (5, chrome)	Run Cypress	2025-02-04T10:39:56.9632982Z     [32m  âœ“[0m[90m Create group from search bar[0m[90m (2536ms)[0m
Admin UI E2E (5, chrome)	Run Cypress	2025-02-04T10:39:59.0663212Z     [32m  âœ“[0m[90m Fail to create group with empty name[0m[90m (2046ms)[0m
Admin UI E2E (5, chrome)	Run Cypress	2025-02-04T10:40:01.5080830Z     [32m  âœ“[0m[90m Fail to create group with duplicated name[0m[90m (2419ms)[0m
Admin UI E2E (5, chrome)	Run Cypress	2025-02-04T10:40:04.7109473Z     [32m  âœ“[0m[90m Move group from item bar[0m[90m (3120ms)[0m
Admin UI E2E (5, chrome)	Run Cypress	2025-02-04T10:40:07.0355789Z     [32m  âœ“[0m[90m Search group[0m[90m (2267ms)[0m
Admin UI E2E (5, chrome)	Run Cypress	2025-02-04T10:40:09.4399487Z     [32m  âœ“[0m[90m Show child group in groups[0m[90m (2299ms)[0m
Admin UI E2E (5, chrome)	Run Cypress	2025-02-04T10:40:12.3426483Z     [32m  âœ“[0m[90m Delete group from search bar[0m[90m (2805ms)[0m
Admin UI E2E (5, chrome)	Run Cypress	2025-02-04T10:40:14.5682993Z     [32m  âœ“[0m[90m Delete group from item bar[0m[90m (2001ms)[0m
Admin UI E2E (5, chrome)	Run Cypress	2025-02-04T10:40:14.5801597Z [0m    Members[0m
Admin UI E2E (5, chrome)	Run Cypress	2025-02-04T10:40:17.1518840Z     [32m  âœ“[0m[90m Add member from search bar[0m[90m (2551ms)[0m
Admin UI E2E (5, chrome)	Run Cypress	2025-02-04T10:40:21.2724805Z     [32m  âœ“[0m[90m Show members with sub-group users[0m[90m (4038ms)[0m
Admin UI E2E (5, chrome)	Run Cypress	2025-02-04T10:40:23.9298535Z     [32m  âœ“[0m[90m Add member from empty state[0m[90m (2604ms)[0m
Admin UI E2E (5, chrome)	Run Cypress	2025-02-04T10:40:27.1936032Z     [32m  âœ“[0m[90m Leave group from search bar[0m[90m (3188ms)[0m
Admin UI E2E (5, chrome)	Run Cypress	2025-02-04T10:40:30.1932532Z     [32m  âœ“[0m[90m Leave group from item bar[0m[90m (2911ms)[0m
Admin UI E2E (5, chrome)	Run Cypress	2025-02-04T10:40:32.4985925Z     [32m  âœ“[0m[90m Show memberships from item bar[0m[90m (2152ms)[0m
Admin UI E2E (5, chrome)	Run Cypress	2025-02-04T10:40:32.5065781Z [0m    Breadcrumbs[0m
Admin UI E2E (5, chrome)	Run Cypress	2025-02-04T10:40:36.9259931Z     [32m  âœ“[0m[90m Navigate to parent group[0m[90m (4319ms)[0m
Admin UI E2E (5, chrome)	Run Cypress	2025-02-04T10:40:36.9468096Z [0m    Attributes[0m
Admin UI E2E (5, chrome)	Run Cypress	2025-02-04T10:40:40.3117762Z     [32m  âœ“[0m[90m Add attribute[0m[90m (3338ms)[0m
Admin UI E2E (5, chrome)	Run Cypress	2025-02-04T10:40:42.2996740Z     [32m  âœ“[0m[90m Remove attribute[0m[90m (1937ms)[0m
Admin UI E2E (5, chrome)	Run Cypress	2025-02-04T10:40:46.8705839Z     [32m  âœ“[0m[90m Revert changes[0m[90m (4530ms)[0m
Admin UI E2E (5, chrome)	Run Cypress	2025-02-04T10:40:46.8841300Z [0m    'Move to' function[0m
Admin UI E2E (5, chrome)	Run Cypress	2025-02-04T10:40:48.9743518Z     [32m  âœ“[0m[90m Move group to other group[0m[90m (2073ms)[0m
Admin UI E2E (5, chrome)	Run Cypress	2025-02-04T10:40:51.0077111Z     [32m  âœ“[0m[90m Move group to root[0m[90m (2003ms)[0m
Admin UI E2E (5, chrome)	Run Cypress	2025-02-04T10:40:51.0194101Z [0m    Role mappings[0m
Admin UI E2E (5, chrome)	Run Cypress	2025-02-04T10:40:53.1036712Z     [32m  âœ“[0m[90m Check empty state[0m[90m (2017ms)[0m
Admin UI E2E (5, chrome)	Run Cypress	2025-02-04T10:40:55.2505065Z     [32m  âœ“[0m[90m Assign roles from empty state[0m[90m (2107ms)[0m
Admin UI E2E (5, chrome)	Run Cypress	2025-02-04T10:40:56.9031874Z     [32m  âœ“[0m[90m Show and search roles[0m[90m (1633ms)[0m
Admin UI E2E (5, chrome)	Run Cypress	2025-02-04T10:40:58.6763282Z     [32m  âœ“[0m[90m Check hide inherited roles option[0m[90m (1746ms)[0m
Admin UI E2E (5, chrome)	Run Cypress	2025-02-04T10:41:00.5905582Z     [32m  âœ“[0m[90m Remove roles[0m[90m (1881ms)[0m
Admin UI E2E (5, chrome)	Run Cypress	2025-02-04T10:41:00.6009888Z [0m    Permissions[0m
Admin UI E2E (5, chrome)	Run Cypress	2025-02-04T10:41:02.7435661Z     [32m  âœ“[0m[90m enable/disable permissions[0m[90m (2121ms)[0m
Admin UI E2E (5, chrome)	Run Cypress	2025-02-04T10:41:02.7762348Z [0m    Accessibility tests for groups[0m
Admin UI E2E (5, chrome)	Run Cypress	2025-02-04T10:41:06.3621333Z     [32m  âœ“[0m[90m Check a11y violations on load/ groups[0m[90m (3306ms)[0m
Admin UI E2E (5, chrome)	Run Cypress	2025-02-04T10:41:06.3638335Z 
Admin UI E2E (5, chrome)	Run Cypress	2025-02-04T10:41:06.3855758Z 
Admin UI E2E (5, chrome)	Run Cypress	2025-02-04T10:41:06.3856798Z [92m [0m[32m 46 passing[0m[90m (2m)[0m
Admin UI E2E (5, chrome)	Run Cypress	2025-02-04T10:41:06.3857264Z 
Admin UI E2E (5, chrome)	Run Cypress	2025-02-04T10:41:07.4092729Z 
Admin UI E2E (5, chrome)	Run Cypress	2025-02-04T10:41:07.4094159Z [32m  ([4m[1mResults[22m[24m)[39m
Admin UI E2E (5, chrome)	Run Cypress	2025-02-04T10:41:07.4110976Z 
Admin UI E2E (5, chrome)	Run Cypress	2025-02-04T10:41:07.4126423Z [90m  â”Œ[39m[90mâ”€[39m[90mâ”€[39m[90mâ”€[39m[90mâ”€[39m[90mâ”€[39m[90mâ”€[39m[90mâ”€[39m[90mâ”€[39m[90mâ”€[39m[90mâ”€[39m[90mâ”€[39m[90mâ”€[39m[90mâ”€[39m[90mâ”€[39m[90mâ”€[39m[90mâ”€[39m[90mâ”€[39m[90mâ”€[39m[90mâ”€[39m[90mâ”€[39m[90mâ”€[39m[90mâ”€[39m[90mâ”€[39m[90mâ”€[39m[90mâ”€[39m[90mâ”€[39m[90mâ”€[39m[90mâ”€[39m[90mâ”€[39m[90mâ”€[39m[90mâ”€[39m[90mâ”€[39m[90mâ”€[39m[90mâ”€[39m[90mâ”€[39m[90mâ”€[39m[90mâ”€[39m[90mâ”€[39m[90mâ”€[39m[90mâ”€[39m[90mâ”€[39m[90mâ”€[39m[90mâ”€[39m[90mâ”€[39m[90mâ”€[39m[90mâ”€[39m[90mâ”€[39m[90mâ”€[39m[90mâ”€[39m[90mâ”€[39m[90mâ”€[39m[90mâ”€[39m[90mâ”€[39m[90mâ”€[39m[90mâ”€[39m[90mâ”€[39m[90mâ”€[39m[90mâ”€[39m[90mâ”€[39m[90mâ”€[39m[90mâ”€[39m[90mâ”€[39m[90mâ”€[39m[90mâ”€[39m[90mâ”€[39m[90mâ”€[39m[90mâ”€[39m[90mâ”€[39m[90mâ”€[39m[90mâ”€[39m[90mâ”€[39m[90mâ”€[39m[90mâ”€[39m[90mâ”€[39m[90mâ”€[39m[90mâ”€[39m[90mâ”€[39m[90mâ”€[39m[90mâ”€[39m[90mâ”€[39m[90mâ”€[39m[90mâ”€[39m[90mâ”€[39m[90mâ”€[39m[90mâ”€[39m[90mâ”€[39m[90mâ”€[39m[90mâ”€[39m[90mâ”€[39m[90mâ”€[39m[90mâ”€[39m[90mâ”€[39m[90mâ”€[39m[90mâ”€[39m[90mâ”€[39m[90mâ”€[39m[90mâ”[39m
Admin UI E2E (5, chrome)	Run Cypress	2025-02-04T10:41:07.4129532Z [90m  â”‚[39m [90mTests:[39m        [32m46[39m                                                                               [90mâ”‚[39m
Admin UI E2E (5, chrome)	Run Cypress	2025-02-04T10:41:07.4130436Z [90m  â”‚[39m [90mPassing:[39m      [32m46[39m                                                                               [90mâ”‚[39m
Admin UI E2E (5, chrome)	Run Cypress	2025-02-04T10:41:07.4131320Z [90m  â”‚[39m [90mFailing:[39m      [32m0[39m                                                                                [90mâ”‚[39m
Admin UI E2E (5, chrome)	Run Cypress	2025-02-04T10:41:07.4132002Z [90m  â”‚[39m [90mPending:[39m      [32m0[39m                                                                                [90mâ”‚[39m
Admin UI E2E (5, chrome)	Run Cypress	2025-02-04T10:41:07.4132669Z [90m  â”‚[39m [90mSkipped:[39m      [32m0[39m                                                                                [90mâ”‚[39m
Admin UI E2E (5, chrome)	Run Cypress	2025-02-04T10:41:07.4133362Z [90m  â”‚[39m [90mScreenshots:[39m  [32m0[39m                                                                                [90mâ”‚[39m
Admin UI E2E (5, chrome)	Run Cypress	2025-02-04T10:41:07.4134056Z [90m  â”‚[39m [90mVideo:[39m        [32mfalse[39m                                                                            [90mâ”‚[39m
Admin UI E2E (5, chrome)	Run Cypress	2025-02-04T10:41:07.4134946Z [90m  â”‚[39m [90mDuration:[39m     [32m2 minutes, 12 seconds[39m                                                            [90mâ”‚[39m
Admin UI E2E (5, chrome)	Run Cypress	2025-02-04T10:41:07.4136506Z [90m  â”‚[39m [90mSpec Ran:[39m     [32m[32mgroup_test.spec.ts[32m[39m                                                               [90mâ”‚[39m
Admin UI E2E (5, chrome)	Run Cypress	2025-02-04T10:41:07.4142952Z [90m  â””[39m[90mâ”€[39m[90mâ”€[39m[90mâ”€[39m[90mâ”€[39m[90mâ”€[39m[90mâ”€[39m[90mâ”€[39m[90mâ”€[39m[90mâ”€[39m[90mâ”€[39m[90mâ”€[39m[90mâ”€[39m[90mâ”€[39m[90mâ”€[39m[90mâ”€[39m[90mâ”€[39m[90mâ”€[39m[90mâ”€[39m[90mâ”€[39m[90mâ”€[39m[90mâ”€[39m[90mâ”€[39m[90mâ”€[39m[90mâ”€[39m[90mâ”€[39m[90mâ”€[39m[90mâ”€[39m[90mâ”€[39m[90mâ”€[39m[90mâ”€[39m[90mâ”€[39m[90mâ”€[39m[90mâ”€[39m[90mâ”€[39m[90mâ”€[39m[90mâ”€[39m[90mâ”€[39m[90mâ”€[39m[90mâ”€[39m[90mâ”€[39m[90mâ”€[39m[90mâ”€[39m[90mâ”€[39m[90mâ”€[39m[90mâ”€[39m[90mâ”€[39m[90mâ”€[39m[90mâ”€[39m[90mâ”€[39m[90mâ”€[39m[90mâ”€[39m[90mâ”€[39m[90mâ”€[39m[90mâ”€[39m[90mâ”€[39m[90mâ”€[39m[90mâ”€[39m[90mâ”€[39m[90mâ”€[39m[90mâ”€[39m[90mâ”€[39m[90mâ”€[39m[90mâ”€[39m[90mâ”€[39m[90mâ”€[39m[90mâ”€[39m[90mâ”€[39m[90mâ”€[39m[90mâ”€[39m[90mâ”€[39m[90mâ”€[39m[90mâ”€[39m[90mâ”€[39m[90mâ”€[39m[90mâ”€[39m[90mâ”€[39m[90mâ”€[39m[90mâ”€[39m[90mâ”€[39m[90mâ”€[39m[90mâ”€[39m[90mâ”€[39m[90mâ”€[39m[90mâ”€[39m[90mâ”€[39m[90mâ”€[39m[90mâ”€[39m[90mâ”€[39m[90mâ”€[39m[90mâ”€[39m[90mâ”€[39m[90mâ”€[39m[90mâ”€[39m[90mâ”€[39m[90mâ”€[39m[90mâ”€[39m[90mâ”˜[39m
Admin UI E2E (5, chrome)	Run Cypress	2025-02-04T10:41:07.4146605Z 
Admin UI E2E (5, chrome)	Run Cypress	2025-02-04T10:41:07.4491478Z 
Admin UI E2E (5, chrome)	Run Cypress	2025-02-04T10:41:07.4501408Z [90mâ”€[39m[90mâ”€[39m[90mâ”€[39m[90mâ”€[39m[90mâ”€[39m[90mâ”€[39m[90mâ”€[39m[90mâ”€[39m[90mâ”€[39m[90mâ”€[39m[90mâ”€[39m[90mâ”€[39m[90mâ”€[39m[90mâ”€[39m[90mâ”€[39m[90mâ”€[39m[90mâ”€[39m[90mâ”€[39m[90mâ”€[39m[90mâ”€[39m[90mâ”€[39m[90mâ”€[39m[90mâ”€[39m[90mâ”€[39m[90mâ”€[39m[90mâ”€[39m[90mâ”€[39m[90mâ”€[39m[90mâ”€[39m[90mâ”€[39m[90mâ”€[39m[90mâ”€[39m[90mâ”€[39m[90mâ”€[39m[90mâ”€[39m[90mâ”€[39m[90mâ”€[39m[90mâ”€[39m[90mâ”€[39m[90mâ”€[39m[90mâ”€[39m[90mâ”€[39m[90mâ”€[39m[90mâ”€[39m[90mâ”€[39m[90mâ”€[39m[90mâ”€[39m[90mâ”€[39m[90mâ”€[39m[90mâ”€[39m[90mâ”€[39m[90mâ”€[39m[90mâ”€[39m[90mâ”€[39m[90mâ”€[39m[90mâ”€[39m[90mâ”€[39m[90mâ”€[39m[90mâ”€[39m[90mâ”€[39m[90mâ”€[39m[90mâ”€[39m[90mâ”€[39m[90mâ”€[39m[90mâ”€[39m[90mâ”€[39m[90mâ”€[39m[90mâ”€[39m[90mâ”€[39m[90mâ”€[39m[90mâ”€[39m[90mâ”€[39m[90mâ”€[39m[90mâ”€[39m[90mâ”€[39m[90mâ”€[39m[90mâ”€[39m[90mâ”€[39m[90mâ”€[39m[90mâ”€[39m[90mâ”€[39m[90mâ”€[39m[90mâ”€[39m[90mâ”€[39m[90mâ”€[39m[90mâ”€[39m[90mâ”€[39m[90mâ”€[39m[90mâ”€[39m[90mâ”€[39m[90mâ”€[39m[90mâ”€[39m[90mâ”€[39m[90mâ”€[39m[90mâ”€[39m[90mâ”€[39m[90mâ”€[39m[90mâ”€[39m[90mâ”€[39m[90mâ”€[39m
Admin UI E2E (5, chrome)	Run Cypress	2025-02-04T10:41:07.4505714Z                                                                                                     
Admin UI E2E (5, chrome)	Run Cypress	2025-02-04T10:41:07.4507068Z   Running:  [90mclients_test.spec.ts[39m                                                            [90m(6 of 8)[39m
Admin UI E2E (5, chrome)	Run Cypress	2025-02-04T10:41:11.5083236Z 
Admin UI E2E (5, chrome)	Run Cypress	2025-02-04T10:41:11.5084933Z [0m[0m
Admin UI E2E (5, chrome)	Run Cypress	2025-02-04T10:41:11.5101517Z [0m  Clients test[0m
Admin UI E2E (5, chrome)	Run Cypress	2025-02-04T10:41:12.1690620Z [0m    Client creation[0m
Admin UI E2E (5, chrome)	Run Cypress	2025-02-04T10:41:16.7762043Z     [32m  âœ“[0m[90m Should cancel creating client[0m[90m (5189ms)[0m
Admin UI E2E (5, chrome)	Run Cypress	2025-02-04T10:41:21.2938783Z     [32m  âœ“[0m[90m Should check settings elements[0m[90m (4463ms)[0m
Admin UI E2E (5, chrome)	Run Cypress	2025-02-04T10:41:23.8836819Z     [32m  âœ“[0m[90m Should navigate to previous using 'back' button[0m[90m (2557ms)[0m
Admin UI E2E (5, chrome)	Run Cypress	2025-02-04T10:41:26.7754926Z     [32m  âœ“[0m[90m Should fail creating client[0m[90m (2862ms)[0m
Admin UI E2E (5, chrome)	Run Cypress	2025-02-04T10:41:32.7695874Z     [32m  âœ“[0m[90m Client CRUD test[0m[90m (5958ms)[0m
Admin UI E2E (5, chrome)	Run Cypress	2025-02-04T10:41:34.8670139Z     [32m  âœ“[0m[90m Should fail to create imported client with empty ID[0m[90m (2066ms)[0m
Admin UI E2E (5, chrome)	Run Cypress	2025-02-04T10:41:39.1010867Z     [32m  âœ“[0m[90m Should fail to create client with same ID[0m[90m (4167ms)[0m
Admin UI E2E (5, chrome)	Run Cypress	2025-02-04T10:41:41.2470607Z     [32m  âœ“[0m[90m should delete 'identical' client id[0m[90m (2087ms)[0m
Admin UI E2E (5, chrome)	Run Cypress	2025-02-04T10:41:41.2670056Z [0m    Service account tab test[0m
Admin UI E2E (5, chrome)	Run Cypress	2025-02-04T10:41:45.6497027Z     [32m  âœ“[0m[90m List[0m[90m (4354ms)[0m
Admin UI E2E (5, chrome)	Run Cypress	2025-02-04T10:42:22.6374617Z       [33m(Attempt 1 of 4)[0m Assign
Admin UI E2E (5, chrome)	Run Cypress	2025-02-04T10:43:02.9912020Z       [33m(Attempt 2 of 4)[0m Assign
Admin UI E2E (5, chrome)	Run Cypress	2025-02-04T10:43:46.8568941Z       [33m(Attempt 3 of 4)[0m Assign
Admin UI E2E (5, chrome)	Run Cypress	2025-02-04T10:44:36.4902157Z     [31m  1) Assign[0m
Admin UI E2E (5, chrome)	Run Cypress	2025-02-04T10:44:36.9217695Z [0m    Mapping tab[0m
Admin UI E2E (5, chrome)	Run Cypress	2025-02-04T10:44:43.1305951Z     [32m  âœ“[0m[90m Add mapping to openid client[0m[90m (5938ms)[0m
Admin UI E2E (5, chrome)	Run Cypress	2025-02-04T10:44:43.2075478Z [0m    Keys tab test[0m
Admin UI E2E (5, chrome)	Run Cypress	2025-02-04T10:44:49.1487848Z     [32m  âœ“[0m[90m Generate new keys[0m[90m (5666ms)[0m
Admin UI E2E (5, chrome)	Run Cypress	2025-02-04T10:44:49.1644427Z [0m    Realm client[0m
Admin UI E2E (5, chrome)	Run Cypress	2025-02-04T10:44:52.2700497Z     [32m  âœ“[0m[90m Displays the correct tabs[0m[90m (3050ms)[0m
Admin UI E2E (5, chrome)	Run Cypress	2025-02-04T10:44:55.1751509Z     [32m  âœ“[0m[90m Hides the delete action[0m[90m (2870ms)[0m
Admin UI E2E (5, chrome)	Run Cypress	2025-02-04T10:44:55.1881618Z [0m    ***
Admin UI E2E (5, chrome)	Run Cypress	2025-02-04T10:44:59.2231891Z     [32m  âœ“[0m[90m Shows an explainer text for bearer only clients[0m[90m (4015ms)[0m
Admin UI E2E (5, chrome)	Run Cypress	2025-02-04T10:45:01.8051149Z     [32m  âœ“[0m[90m Hides the capability config section[0m[90m (2397ms)[0m
Admin UI E2E (5, chrome)	Run Cypress	2025-02-04T10:45:01.8134486Z [0m    Generated home URLs for built-in clients[0m
Admin UI E2E (5, chrome)	Run Cypress	2025-02-04T10:45:04.1422171Z     [32m  âœ“[0m[90m Check account-console Home URL[0m[90m (2229ms)[0m
Admin UI E2E (5, chrome)	Run Cypress	2025-02-04T10:45:06.0760254Z     [32m  âœ“[0m[90m Check security-admin-console Home URL[0m[90m (1845ms)[0m
Admin UI E2E (5, chrome)	Run Cypress	2025-02-04T10:45:06.0871723Z [0m    Accessibility tests for clients[0m
Admin UI E2E (5, chrome)	Run Cypress	2025-02-04T10:45:08.7227878Z     [32m  âœ“[0m[90m Check a11y violations on load/ clients list tab[0m[90m (2596ms)[0m
Admin UI E2E (5, chrome)	Run Cypress	2025-02-04T10:45:12.8627832Z     [32m  âœ“[0m[90m Check a11y violations on create client page[0m[90m (4045ms)[0m
Admin UI E2E (5, chrome)	Run Cypress	2025-02-04T10:45:22.9186554Z     [32m  âœ“[0m[90m Check a11y violations on client details page[0m[90m (9934ms)[0m
Admin UI E2E (5, chrome)	Run Cypress	2025-02-04T10:45:26.7010790Z     [32m  âœ“[0m[90m Check a11y violations in delete dialog[0m[90m (3671ms)[0m
Admin UI E2E (5, chrome)	Run Cypress	2025-02-04T10:45:29.7407180Z     [32m  âœ“[0m[90m Check a11y violations on client registration/ anonymous access policies tab[0m[90m (2881ms)[0m
Admin UI E2E (5, chrome)	Run Cypress	2025-02-04T10:45:33.3237927Z     [32m  âœ“[0m[90m Check a11y violations on client registration/ authenticated access policies tab[0m[90m (3123ms)[0m
Admin UI E2E (5, chrome)	Run Cypress	2025-02-04T10:45:33.3242059Z 
Admin UI E2E (5, chrome)	Run Cypress	2025-02-04T10:45:33.3722932Z 
Admin UI E2E (5, chrome)	Run Cypress	2025-02-04T10:45:33.3725064Z [92m [0m[32m 23 passing[0m[90m (4m)[0m
Admin UI E2E (5, chrome)	Run Cypress	2025-02-04T10:45:33.3726658Z [31m  1 failing[0m
Admin UI E2E (5, chrome)	Run Cypress	2025-02-04T10:45:33.3727215Z 
Admin UI E2E (5, chrome)	Run Cypress	2025-02-04T10:45:33.3729413Z [0m  1) Clients test
Admin UI E2E (5, chrome)	Run Cypress	2025-02-04T10:45:33.3730507Z        Service account tab test
Admin UI E2E (5, chrome)	Run Cypress	2025-02-04T10:45:33.3730875Z          Assign:
Admin UI E2E (5, chrome)	Run Cypress	2025-02-04T10:45:33.3732962Z [0m[31m     AssertionError: Timed out retrying after 30000ms: expected '[ <td.pf-v5-c-table__td.pf-v5-c-table__check>, 39 more... ]' not to contain 'create-realm-2bed5c26-b567-4b94-a66d-03417f8ffa4d'[0m[90m
Admin UI E2E (5, chrome)	Run Cypress	2025-02-04T10:45:33.3735636Z       at captureUserInvocationStack (http://localhost:8080/__cypress/runner/cypress_runner.js:138885:94)
Admin UI E2E (5, chrome)	Run Cypress	2025-02-04T10:45:33.3736769Z       at Proxy.<anonymous> (http://localhost:8080/__cypress/runner/cypress_runner.js:138913:9)
Admin UI E2E (5, chrome)	Run Cypress	2025-02-04T10:45:33.3737791Z       at Proxy.<anonymous> (http://localhost:8080/__cypress/runner/cypress_runner.js:138768:14)
Admin UI E2E (5, chrome)	Run Cypress	2025-02-04T10:45:33.3739011Z       at Proxy.overwritingChainableMethodWrapper (http://localhost:8080/__cypress/runner/cypress_runner.js:78338:34)
Admin UI E2E (5, chrome)	Run Cypress	2025-02-04T10:45:33.3740307Z       at Proxy.chainableMethodWrapper (http://localhost:8080/__cypress/runner/cypress_runner.js:78233:49)
Admin UI E2E (5, chrome)	Run Cypress	2025-02-04T10:45:33.3741630Z       at Context.eval (webpack://@keycloak/keycloak-admin-ui/./cypress/support/pages/admin-ui/manage/RoleMappingTab.ts:91:0)
Admin UI E2E (5, chrome)	Run Cypress	2025-02-04T10:45:33.3743245Z       at <unknown> (http://localhost:8080/__cypress/runner/cypress_runner.js:117762:17)
Admin UI E2E (5, chrome)	Run Cypress	2025-02-04T10:45:33.3744169Z       at tryCatcher (http://localhost:8080/__cypress/runner/cypress_runner.js:1777:23)
Admin UI E2E (5, chrome)	Run Cypress	2025-02-04T10:45:33.3745243Z       at Promise.attempt.Promise.try (http://localhost:8080/__cypress/runner/cypress_runner.js:4285:29)
Admin UI E2E (5, chrome)	Run Cypress	2025-02-04T10:45:33.3746633Z       at Context.shouldFnWithCallback (http://localhost:8080/__cypress/runner/cypress_runner.js:117759:66)
Admin UI E2E (5, chrome)	Run Cypress	2025-02-04T10:45:33.3747444Z [0m
Admin UI E2E (5, chrome)	Run Cypress	2025-02-04T10:45:33.3747596Z 
Admin UI E2E (5, chrome)	Run Cypress	2025-02-04T10:45:33.3747607Z 
Admin UI E2E (5, chrome)	Run Cypress	2025-02-04T10:45:34.4314725Z 
Admin UI E2E (5, chrome)	Run Cypress	2025-02-04T10:45:34.4316065Z [31m  ([4m[1mResults[22m[24m)[39m
Admin UI E2E (5, chrome)	Run Cypress	2025-02-04T10:45:34.4320763Z 
Admin UI E2E (5, chrome)	Run Cypress	2025-02-04T10:45:34.4336667Z [90m  â”Œ[39m[90mâ”€[39m[90mâ”€[39m[90mâ”€[39m[90mâ”€[39m[90mâ”€[39m[90mâ”€[39m[90mâ”€[39m[90mâ”€[39m[90mâ”€[39m[90mâ”€[39m[90mâ”€[39m[90mâ”€[39m[90mâ”€[39m[90mâ”€[39m[90mâ”€[39m[90mâ”€[39m[90mâ”€[39m[90mâ”€[39m[90mâ”€[39m[90mâ”€[39m[90mâ”€[39m[90mâ”€[39m[90mâ”€[39m[90mâ”€[39m[90mâ”€[39m[90mâ”€[39m[90mâ”€[39m[90mâ”€[39m[90mâ”€[39m[90mâ”€[39m[90mâ”€[39m[90mâ”€[39m[90mâ”€[39m[90mâ”€[39m[90mâ”€[39m[90mâ”€[39m[90mâ”€[39m[90mâ”€[39m[90mâ”€[39m[90mâ”€[39m[90mâ”€[39m[90mâ”€[39m[90mâ”€[39m[90mâ”€[39m[90mâ”€[39m[90mâ”€[39m[90mâ”€[39m[90mâ”€[39m[90mâ”€[39m[90mâ”€[39m[90mâ”€[39m[90mâ”€[39m[90mâ”€[39m[90mâ”€[39m[90mâ”€[39m[90mâ”€[39m[90mâ”€[39m[90mâ”€[39m[90mâ”€[39m[90mâ”€[39m[90mâ”€[39m[90mâ”€[39m[90mâ”€[39m[90mâ”€[39m[90mâ”€[39m[90mâ”€[39m[90mâ”€[39m[90mâ”€[39m[90mâ”€[39m[90mâ”€[39m[90mâ”€[39m[90mâ”€[39m[90mâ”€[39m[90mâ”€[39m[90mâ”€[39m[90mâ”€[39m[90mâ”€[39m[90mâ”€[39m[90mâ”€[39m[90mâ”€[39m[90mâ”€[39m[90mâ”€[39m[90mâ”€[39m[90mâ”€[39m[90mâ”€[39m[90mâ”€[39m[90mâ”€[39m[90mâ”€[39m[90mâ”€[39m[90mâ”€[39m[90mâ”€[39m[90mâ”€[39m[90mâ”€[39m[90mâ”€[39m[90mâ”€[39m[90mâ”€[39m[90mâ”[39m
Admin UI E2E (5, chrome)	Run Cypress	2025-02-04T10:45:34.4341522Z [90m  â”‚[39m [90mTests:[39m        [31m24[39m                                                                               [90mâ”‚[39m
Admin UI E2E (5, chrome)	Run Cypress	2025-02-04T10:45:34.4343214Z [90m  â”‚[39m [90mPassing:[39m      [31m23[39m                                                                               [90mâ”‚[39m
Admin UI E2E (5, chrome)	Run Cypress	2025-02-04T10:45:34.4345966Z [90m  â”‚[39m [90mFailing:[39m      [31m1[39m                                                                                [90mâ”‚[39m
Admin UI E2E (5, chrome)	Run Cypress	2025-02-04T10:45:34.4347525Z [90m  â”‚[39m [90mPending:[39m      [31m0[39m                                                                                [90mâ”‚[39m
Admin UI E2E (5, chrome)	Run Cypress	2025-02-04T10:45:34.4348806Z [90m  â”‚[39m [90mSkipped:[39m      [31m0[39m                                                                                [90mâ”‚[39m
Admin UI E2E (5, chrome)	Run Cypress	2025-02-04T10:45:34.4350111Z [90m  â”‚[39m [90mScreenshots:[39m  [31m4[39m                                                                                [90mâ”‚[39m
Admin UI E2E (5, chrome)	Run Cypress	2025-02-04T10:45:34.4351402Z [90m  â”‚[39m [90mVideo:[39m        [31mtrue[39m                                                                             [90mâ”‚[39m
Admin UI E2E (5, chrome)	Run Cypress	2025-02-04T10:45:34.4352753Z [90m  â”‚[39m [90mDuration:[39m     [31m4 minutes, 21 seconds[39m                                                            [90mâ”‚[39m
Admin UI E2E (5, chrome)	Run Cypress	2025-02-04T10:45:34.4354303Z [90m  â”‚[39m [90mSpec Ran:[39m     [31m[31mclients_test.spec.ts[31m[39m                                                             [90mâ”‚[39m
Admin UI E2E (5, chrome)	Run Cypress	2025-02-04T10:45:34.4361050Z [90m  â””[39m[90mâ”€[39m[90mâ”€[39m[90mâ”€[39m[90mâ”€[39m[90mâ”€[39m[90mâ”€[39m[90mâ”€[39m[90mâ”€[39m[90mâ”€[39m[90mâ”€[39m[90mâ”€[39m[90mâ”€[39m[90mâ”€[39m[90mâ”€[39m[90mâ”€[39m[90mâ”€[39m[90mâ”€[39m[90mâ”€[39m[90mâ”€[39m[90mâ”€[39m[90mâ”€[39m[90mâ”€[39m[90mâ”€[39m[90mâ”€[39m[90mâ”€[39m[90mâ”€[39m[90mâ”€[39m[90mâ”€[39m[90mâ”€[39m[90mâ”€[39m[90mâ”€[39m[90mâ”€[39m[90mâ”€[39m[90mâ”€[39m[90mâ”€[39m[90mâ”€[39m[90mâ”€[39m[90mâ”€[39m[90mâ”€[39m[90mâ”€[39m[90mâ”€[39m[90mâ”€[39m[90mâ”€[39m[90mâ”€[39m[90mâ”€[39m[90mâ”€[39m[90mâ”€[39m[90mâ”€[39m[90mâ”€[39m[90mâ”€[39m[90mâ”€[39m[90mâ”€[39m[90mâ”€[39m[90mâ”€[39m[90mâ”€[39m[90mâ”€[39m[90mâ”€[39m[90mâ”€[39m[90mâ”€[39m[90mâ”€[39m[90mâ”€[39m[90mâ”€[39m[90mâ”€[39m[90mâ”€[39m[90mâ”€[39m[90mâ”€[39m[90mâ”€[39m[90mâ”€[39m[90mâ”€[39m[90mâ”€[39m[90mâ”€[39m[90mâ”€[39m[90mâ”€[39m[90mâ”€[39m[90mâ”€[39m[90mâ”€[39m[90mâ”€[39m[90mâ”€[39m[90mâ”€[39m[90mâ”€[39m[90mâ”€[39m[90mâ”€[39m[90mâ”€[39m[90mâ”€[39m[90mâ”€[39m[90mâ”€[39m[90mâ”€[39m[90mâ”€[39m[90mâ”€[39m[90mâ”€[39m[90mâ”€[39m[90mâ”€[39m[90mâ”€[39m[90mâ”€[39m[90mâ”€[39m[90mâ”€[39m[90mâ”˜[39m
Admin UI E2E (5, chrome)	Run Cypress	2025-02-04T10:45:34.4364008Z 
Admin UI E2E (5, chrome)	Run Cypress	2025-02-04T10:45:34.4364022Z 
Admin UI E2E (5, chrome)	Run Cypress	2025-02-04T10:45:34.4364286Z [33m  ([4m[1mScreenshots[22m[24m)[39m
Admin UI E2E (5, chrome)	Run Cypress	2025-02-04T10:45:34.4364486Z 
Admin UI E2E (5, chrome)	Run Cypress	2025-02-04T10:45:34.4365149Z [90m [39m -  [0m/home/runner/work/keycloak/keycloak/js/apps/admin-ui/cypress/screenshots/clients[0m     [90m[90m(1280x633)[90m[39m
Admin UI E2E (5, chrome)	Run Cypress	2025-02-04T10:45:34.4366417Z [90m [39m    [0m_test.spec.ts/Clients test -- Service account tab test -- Assign (failed).png[0m                  
Admin UI E2E (5, chrome)	Run Cypress	2025-02-04T10:45:34.4367917Z [90m [39m -  [0m/home/runner/work/keycloak/keycloak/js/apps/admin-ui/cypress/screenshots/clients[0m     [90m[90m(1280x633)[90m[39m
Admin UI E2E (5, chrome)	Run Cypress	2025-02-04T10:45:34.4369586Z [90m [39m    [0m_test.spec.ts/Clients test -- Service account tab test -- Assign (failed) (attem[0m               
Admin UI E2E (5, chrome)	Run Cypress	2025-02-04T10:45:34.4370664Z [90m [39m    [0mpt 2).png[0m                                                                                      
Admin UI E2E (5, chrome)	Run Cypress	2025-02-04T10:45:34.4372100Z [90m [39m -  [0m/home/runner/work/keycloak/keycloak/js/apps/admin-ui/cypress/screenshots/clients[0m     [90m[90m(1280x633)[90m[39m
Admin UI E2E (5, chrome)	Run Cypress	2025-02-04T10:45:34.4373402Z [90m [39m    [0m_test.spec.ts/Clients test -- Service account tab test -- Assign (failed) (attem[0m               
Admin UI E2E (5, chrome)	Run Cypress	2025-02-04T10:45:34.4374218Z [90m [39m    [0mpt 3).png[0m                                                                                      
Admin UI E2E (5, chrome)	Run Cypress	2025-02-04T10:45:34.4375066Z [90m [39m -  [0m/home/runner/work/keycloak/keycloak/js/apps/admin-ui/cypress/screenshots/clients[0m     [90m[90m(1280x633)[90m[39m
Admin UI E2E (5, chrome)	Run Cypress	2025-02-04T10:45:34.4376733Z [90m [39m    [0m_test.spec.ts/Clients test -- Service account tab test -- Assign (failed) (attem[0m               
Admin UI E2E (5, chrome)	Run Cypress	2025-02-04T10:45:34.4378011Z [90m [39m    [0mpt 4).png[0m                                                                                      
Admin UI E2E (5, chrome)	Run Cypress	2025-02-04T10:45:34.4378630Z 
Admin UI E2E (5, chrome)	Run Cypress	2025-02-04T10:45:34.4705056Z 
Admin UI E2E (5, chrome)	Run Cypress	2025-02-04T10:45:34.4706759Z [36m  ([4m[1mVideo[22m[24m)[39m
Admin UI E2E (5, chrome)	Run Cypress	2025-02-04T10:45:34.4707148Z 
Admin UI E2E (5, chrome)	Run Cypress	2025-02-04T10:45:34.4709066Z   -  Video output: [36m/home/runner/work/keycloak/keycloak/js/apps/admin-ui/cypress/videos/clients_test.spec.ts.mp4[39m
Admin UI E2E (5, chrome)	Run Cypress	2025-02-04T10:45:34.4709896Z 
Admin UI E2E (5, chrome)	Run Cypress	2025-02-04T10:45:34.4709910Z 
Admin UI E2E (5, chrome)	Run Cypress	2025-02-04T10:45:34.4719427Z [90mâ”€[39m[90mâ”€[39m[90mâ”€[39m[90mâ”€[39m[90mâ”€[39m[90mâ”€[39m[90mâ”€[39m[90mâ”€[39m[90mâ”€[39m[90mâ”€[39m[90mâ”€[39m[90mâ”€[39m[90mâ”€[39m[90mâ”€[39m[90mâ”€[39m[90mâ”€[39m[90mâ”€[39m[90mâ”€[39m[90mâ”€[39m[90mâ”€[39m[90mâ”€[39m[90mâ”€[39m[90mâ”€[39m[90mâ”€[39m[90mâ”€[39m[90mâ”€[39m[90mâ”€[39m[90mâ”€[39m[90mâ”€[39m[90mâ”€[39m[90mâ”€[39m[90mâ”€[39m[90mâ”€[39m[90mâ”€[39m[90mâ”€[39m[90mâ”€[39m[90mâ”€[39m[90mâ”€[39m[90mâ”€[39m[90mâ”€[39m[90mâ”€[39m[90mâ”€[39m[90mâ”€[39m[90mâ”€[39m[90mâ”€[39m[90mâ”€[39m[90mâ”€[39m[90mâ”€[39m[90mâ”€[39m[90mâ”€[39m[90mâ”€[39m[90mâ”€[39m[90mâ”€[39m[90mâ”€[39m[90mâ”€[39m[90mâ”€[39m[90mâ”€[39m[90mâ”€[39m[90mâ”€[39m[90mâ”€[39m[90mâ”€[39m[90mâ”€[39m[90mâ”€[39m[90mâ”€[39m[90mâ”€[39m[90mâ”€[39m[90mâ”€[39m[90mâ”€[39m[90mâ”€[39m[90mâ”€[39m[90mâ”€[39m[90mâ”€[39m[90mâ”€[39m[90mâ”€[39m[90mâ”€[39m[90mâ”€[39m[90mâ”€[39m[90mâ”€[39m[90mâ”€[39m[90mâ”€[39m[90mâ”€[39m[90mâ”€[39m[90mâ”€[39m[90mâ”€[39m[90mâ”€[39m[90mâ”€[39m[90mâ”€[39m[90mâ”€[39m[90mâ”€[39m[90mâ”€[39m[90mâ”€[39m[90mâ”€[39m[90mâ”€[39m[90mâ”€[39m[90mâ”€[39m[90mâ”€[39m[90mâ”€[39m[90mâ”€[39m[90mâ”€[39m[90mâ”€[39m
Admin UI E2E (5, chrome)	Run Cypress	2025-02-04T10:45:34.4724539Z                                                                                                     
Admin UI E2E (5, chrome)	Run Cypress	2025-02-04T10:45:34.4726352Z   Running:  [90mclients_saml_advanced.spec.ts[39m                                                   [90m(7 of 8)[39m
Admin UI E2E (5, chrome)	Run Cypress	2025-02-04T10:45:38.4885867Z 
Admin UI E2E (5, chrome)	Run Cypress	2025-02-04T10:45:38.4886864Z [0m[0m
Admin UI E2E (5, chrome)	Run Cypress	2025-02-04T10:45:38.4956337Z [0m  Clients Saml advanced tab[0m
Admin UI E2E (5, chrome)	Run Cypress	2025-02-04T10:45:38.4958083Z [0m    Fine Grain SAML Endpoint Configuration[0m
Admin UI E2E (5, chrome)	Run Cypress	2025-02-04T10:45:44.8254834Z     [32m  âœ“[0m[90m Should Terms of service URL[0m[90m (6281ms)[0m
Admin UI E2E (5, chrome)	Run Cypress	2025-02-04T10:45:48.5600270Z     [32m  âœ“[0m[90m Invalid terms of service URL[0m[90m (3640ms)[0m
Admin UI E2E (5, chrome)	Run Cypress	2025-02-04T10:45:48.5601739Z 
Admin UI E2E (5, chrome)	Run Cypress	2025-02-04T10:45:48.6208914Z 
Admin UI E2E (5, chrome)	Run Cypress	2025-02-04T10:45:48.6211473Z [92m [0m[32m 2 passing[0m[90m (10s)[0m
Admin UI E2E (5, chrome)	Run Cypress	2025-02-04T10:45:48.6212136Z 
Admin UI E2E (5, chrome)	Run Cypress	2025-02-04T10:45:49.6506090Z 
Admin UI E2E (5, chrome)	Run Cypress	2025-02-04T10:45:49.6507249Z [32m  ([4m[1mResults[22m[24m)[39m
Admin UI E2E (5, chrome)	Run Cypress	2025-02-04T10:45:49.6510924Z 
Admin UI E2E (5, chrome)	Run Cypress	2025-02-04T10:45:49.6523741Z [90m  â”Œ[39m[90mâ”€[39m[90mâ”€[39m[90mâ”€[39m[90mâ”€[39m[90mâ”€[39m[90mâ”€[39m[90mâ”€[39m[90mâ”€[39m[90mâ”€[39m[90mâ”€[39m[90mâ”€[39m[90mâ”€[39m[90mâ”€[39m[90mâ”€[39m[90mâ”€[39m[90mâ”€[39m[90mâ”€[39m[90mâ”€[39m[90mâ”€[39m[90mâ”€[39m[90mâ”€[39m[90mâ”€[39m[90mâ”€[39m[90mâ”€[39m[90mâ”€[39m[90mâ”€[39m[90mâ”€[39m[90mâ”€[39m[90mâ”€[39m[90mâ”€[39m[90mâ”€[39m[90mâ”€[39m[90mâ”€[39m[90mâ”€[39m[90mâ”€[39m[90mâ”€[39m[90mâ”€[39m[90mâ”€[39m[90mâ”€[39m[90mâ”€[39m[90mâ”€[39m[90mâ”€[39m[90mâ”€[39m[90mâ”€[39m[90mâ”€[39m[90mâ”€[39m[90mâ”€[39m[90mâ”€[39m[90mâ”€[39m[90mâ”€[39m[90mâ”€[39m[90mâ”€[39m[90mâ”€[39m[90mâ”€[39m[90mâ”€[39m[90mâ”€[39m[90mâ”€[39m[90mâ”€[39m[90mâ”€[39m[90mâ”€[39m[90mâ”€[39m[90mâ”€[39m[90mâ”€[39m[90mâ”€[39m[90mâ”€[39m[90mâ”€[39m[90mâ”€[39m[90mâ”€[39m[90mâ”€[39m[90mâ”€[39m[90mâ”€[39m[90mâ”€[39m[90mâ”€[39m[90mâ”€[39m[90mâ”€[39m[90mâ”€[39m[90mâ”€[39m[90mâ”€[39m[90mâ”€[39m[90mâ”€[39m[90mâ”€[39m[90mâ”€[39m[90mâ”€[39m[90mâ”€[39m[90mâ”€[39m[90mâ”€[39m[90mâ”€[39m[90mâ”€[39m[90mâ”€[39m[90mâ”€[39m[90mâ”€[39m[90mâ”€[39m[90mâ”€[39m[90mâ”€[39m[90mâ”€[39m[90mâ”€[39m[90mâ”[39m
Admin UI E2E (5, chrome)	Run Cypress	2025-02-04T10:45:49.6528155Z [90m  â”‚[39m [90mTests:[39m        [32m2[39m                                                                                [90mâ”‚[39m
Admin UI E2E (5, chrome)	Run Cypress	2025-02-04T10:45:49.6529272Z [90m  â”‚[39m [90mPassing:[39m      [32m2[39m                                                                                [90mâ”‚[39m
Admin UI E2E (5, chrome)	Run Cypress	2025-02-04T10:45:49.6530741Z [90m  â”‚[39m [90mFailing:[39m      [32m0[39m                                                                                [90mâ”‚[39m
Admin UI E2E (5, chrome)	Run Cypress	2025-02-04T10:45:49.6532161Z [90m  â”‚[39m [90mPending:[39m      [32m0[39m                                                                                [90mâ”‚[39m
Admin UI E2E (5, chrome)	Run Cypress	2025-02-04T10:45:49.6533327Z [90m  â”‚[39m [90mSkipped:[39m      [32m0[39m                                                                                [90mâ”‚[39m
Admin UI E2E (5, chrome)	Run Cypress	2025-02-04T10:45:49.6534576Z [90m  â”‚[39m [90mScreenshots:[39m  [32m0[39m                                                                                [90mâ”‚[39m
Admin UI E2E (5, chrome)	Run Cypress	2025-02-04T10:45:49.6536046Z [90m  â”‚[39m [90mVideo:[39m        [32mfalse[39m                                                                            [90mâ”‚[39m
Admin UI E2E (5, chrome)	Run Cypress	2025-02-04T10:45:49.6537287Z [90m  â”‚[39m [90mDuration:[39m     [32m10 seconds[39m                                                                       [90mâ”‚[39m
Admin UI E2E (5, chrome)	Run Cypress	2025-02-04T10:45:49.6538666Z [90m  â”‚[39m [90mSpec Ran:[39m     [32m[32mclients_saml_advanced.spec.ts[32m[39m                                                    [90mâ”‚[39m
Admin UI E2E (5, chrome)	Run Cypress	2025-02-04T10:45:49.6546855Z [90m  â””[39m[90mâ”€[39m[90mâ”€[39m[90mâ”€[39m[90mâ”€[39m[90mâ”€[39m[90mâ”€[39m[90mâ”€[39m[90mâ”€[39m[90mâ”€[39m[90mâ”€[39m[90mâ”€[39m[90mâ”€[39m[90mâ”€[39m[90mâ”€[39m[90mâ”€[39m[90mâ”€[39m[90mâ”€[39m[90mâ”€[39m[90mâ”€[39m[90mâ”€[39m[90mâ”€[39m[90mâ”€[39m[90mâ”€[39m[90mâ”€[39m[90mâ”€[39m[90mâ”€[39m[90mâ”€[39m[90mâ”€[39m[90mâ”€[39m[90mâ”€[39m[90mâ”€[39m[90mâ”€[39m[90mâ”€[39m[90mâ”€[39m[90mâ”€[39m[90mâ”€[39m[90mâ”€[39m[90mâ”€[39m[90mâ”€[39m[90mâ”€[39m[90mâ”€[39m[90mâ”€[39m[90mâ”€[39m[90mâ”€[39m[90mâ”€[39m[90mâ”€[39m[90mâ”€[39m[90mâ”€[39m[90mâ”€[39m[90mâ”€[39m[90mâ”€[39m[90mâ”€[39m[90mâ”€[39m[90mâ”€[39m[90mâ”€[39m[90mâ”€[39m[90mâ”€[39m[90mâ”€[39m[90mâ”€[39m[90mâ”€[39m[90mâ”€[39m[90mâ”€[39m[90mâ”€[39m[90mâ”€[39m[90mâ”€[39m[90mâ”€[39m[90mâ”€[39m[90mâ”€[39m[90mâ”€[39m[90mâ”€[39m[90mâ”€[39m[90mâ”€[39m[90mâ”€[39m[90mâ”€[39m[90mâ”€[39m[90mâ”€[39m[90mâ”€[39m[90mâ”€[39m[90mâ”€[39m[90mâ”€[39m[90mâ”€[39m[90mâ”€[39m[90mâ”€[39m[90mâ”€[39m[90mâ”€[39m[90mâ”€[39m[90mâ”€[39m[90mâ”€[39m[90mâ”€[39m[90mâ”€[39m[90mâ”€[39m[90mâ”€[39m[90mâ”€[39m[90mâ”€[39m[90mâ”€[39m[90mâ”€[39m[90mâ”˜[39m
Admin UI E2E (5, chrome)	Run Cypress	2025-02-04T10:45:49.6550509Z 
Admin UI E2E (5, chrome)	Run Cypress	2025-02-04T10:45:49.6856908Z 
Admin UI E2E (5, chrome)	Run Cypress	2025-02-04T10:45:49.6867963Z [90mâ”€[39m[90mâ”€[39m[90mâ”€[39m[90mâ”€[39m[90mâ”€[39m[90mâ”€[39m[90mâ”€[39m[90mâ”€[39m[90mâ”€[39m[90mâ”€[39m[90mâ”€[39m[90mâ”€[39m[90mâ”€[39m[90mâ”€[39m[90mâ”€[39m[90mâ”€[39m[90mâ”€[39m[90mâ”€[39m[90mâ”€[39m[90mâ”€[39m[90mâ”€[39m[90mâ”€[39m[90mâ”€[39m[90mâ”€[39m[90mâ”€[39m[90mâ”€[39m[90mâ”€[39m[90mâ”€[39m[90mâ”€[39m[90mâ”€[39m[90mâ”€[39m[90mâ”€[39m[90mâ”€[39m[90mâ”€[39m[90mâ”€[39m[90mâ”€[39m[90mâ”€[39m[90mâ”€[39m[90mâ”€[39m[90mâ”€[39m[90mâ”€[39m[90mâ”€[39m[90mâ”€[39m[90mâ”€[39m[90mâ”€[39m[90mâ”€[39m[90mâ”€[39m[90mâ”€[39m[90mâ”€[39m[90mâ”€[39m[90mâ”€[39m[90mâ”€[39m[90mâ”€[39m[90mâ”€[39m[90mâ”€[39m[90mâ”€[39m[90mâ”€[39m[90mâ”€[39m[90mâ”€[39m[90mâ”€[39m[90mâ”€[39m[90mâ”€[39m[90mâ”€[39m[90mâ”€[39m[90mâ”€[39m[90mâ”€[39m[90mâ”€[39m[90mâ”€[39m[90mâ”€[39m[90mâ”€[39m[90mâ”€[39m[90mâ”€[39m[90mâ”€[39m[90mâ”€[39m[90mâ”€[39m[90mâ”€[39m[90mâ”€[39m[90mâ”€[39m[90mâ”€[39m[90mâ”€[39m[90mâ”€[39m[90mâ”€[39m[90mâ”€[39m[90mâ”€[39m[90mâ”€[39m[90mâ”€[39m[90mâ”€[39m[90mâ”€[39m[90mâ”€[39m[90mâ”€[39m[90mâ”€[39m[90mâ”€[39m[90mâ”€[39m[90mâ”€[39m[90mâ”€[39m[90mâ”€[39m[90mâ”€[39m[90mâ”€[39m[90mâ”€[39m[90mâ”€[39m
Admin UI E2E (5, chrome)	Run Cypress	2025-02-04T10:45:49.6872117Z                                                                                                     
Admin UI E2E (5, chrome)	Run Cypress	2025-02-04T10:45:49.6872773Z   Running:  [90muser_fed_test.spec.ts[39m                                                           [90m(8 of 8)[39m
Admin UI E2E (5, chrome)	Run Cypress	2025-02-04T10:45:51.9366175Z 
Admin UI E2E (5, chrome)	Run Cypress	2025-02-04T10:45:51.9367071Z [0m[0m
Admin UI E2E (5, chrome)	Run Cypress	2025-02-04T10:45:51.9393871Z [0m  Accessibility tests for user federation[0m
Admin UI E2E (5, chrome)	Run Cypress	2025-02-04T10:45:55.7253235Z   [32m  âœ“[0m[90m Check a11y violations on load/ user federation[0m[90m (3779ms)[0m
Admin UI E2E (5, chrome)	Run Cypress	2025-02-04T10:45:55.7255561Z 
Admin UI E2E (5, chrome)	Run Cypress	2025-02-04T10:45:55.7511896Z 
Admin UI E2E (5, chrome)	Run Cypress	2025-02-04T10:45:57.0337347Z [92m [0m[32m 1 passing[0m[90m (4s)[0m
Admin UI E2E (5, chrome)	Run Cypress	2025-02-04T10:45:57.0337806Z 
Admin UI E2E (5, chrome)	Run Cypress	2025-02-04T10:45:57.0337820Z 
Admin UI E2E (5, chrome)	Run Cypress	2025-02-04T10:45:57.0338456Z [32m  ([4m[1mResults[22m[24m)[39m
Admin UI E2E (5, chrome)	Run Cypress	2025-02-04T10:45:57.0341564Z 
Admin UI E2E (5, chrome)	Run Cypress	2025-02-04T10:45:57.0354374Z [90m  â”Œ[39m[90mâ”€[39m[90mâ”€[39m[90mâ”€[39m[90mâ”€[39m[90mâ”€[39m[90mâ”€[39m[90mâ”€[39m[90mâ”€[39m[90mâ”€[39m[90mâ”€[39m[90mâ”€[39m[90mâ”€[39m[90mâ”€[39m[90mâ”€[39m[90mâ”€[39m[90mâ”€[39m[90mâ”€[39m[90mâ”€[39m[90mâ”€[39m[90mâ”€[39m[90mâ”€[39m[90mâ”€[39m[90mâ”€[39m[90mâ”€[39m[90mâ”€[39m[90mâ”€[39m[90mâ”€[39m[90mâ”€[39m[90mâ”€[39m[90mâ”€[39m[90mâ”€[39m[90mâ”€[39m[90mâ”€[39m[90mâ”€[39m[90mâ”€[39m[90mâ”€[39m[90mâ”€[39m[90mâ”€[39m[90mâ”€[39m[90mâ”€[39m[90mâ”€[39m[90mâ”€[39m[90mâ”€[39m[90mâ”€[39m[90mâ”€[39m[90mâ”€[39m[90mâ”€[39m[90mâ”€[39m[90mâ”€[39m[90mâ”€[39m[90mâ”€[39m[90mâ”€[39m[90mâ”€[39m[90mâ”€[39m[90mâ”€[39m[90mâ”€[39m[90mâ”€[39m[90mâ”€[39m[90mâ”€[39m[90mâ”€[39m[90mâ”€[39m[90mâ”€[39m[90mâ”€[39m[90mâ”€[39m[90mâ”€[39m[90mâ”€[39m[90mâ”€[39m[90mâ”€[39m[90mâ”€[39m[90mâ”€[39m[90mâ”€[39m[90mâ”€[39m[90mâ”€[39m[90mâ”€[39m[90mâ”€[39m[90mâ”€[39m[90mâ”€[39m[90mâ”€[39m[90mâ”€[39m[90mâ”€[39m[90mâ”€[39m[90mâ”€[39m[90mâ”€[39m[90mâ”€[39m[90mâ”€[39m[90mâ”€[39m[90mâ”€[39m[90mâ”€[39m[90mâ”€[39m[90mâ”€[39m[90mâ”€[39m[90mâ”€[39m[90mâ”€[39m[90mâ”€[39m[90mâ”€[39m[90mâ”€[39m[90mâ”[39m
Admin UI E2E (5, chrome)	Run Cypress	2025-02-04T10:45:57.0359395Z [90m  â”‚[39m [90mTests:[39m        [32m1[39m                                                                                [90mâ”‚[39m
Admin UI E2E (5, chrome)	Run Cypress	2025-02-04T10:45:57.0360975Z [90m  â”‚[39m [90mPassing:[39m      [32m1[39m                                                                                [90mâ”‚[39m
Admin UI E2E (5, chrome)	Run Cypress	2025-02-04T10:45:57.0362558Z [90m  â”‚[39m [90mFailing:[39m      [32m0[39m                                                                                [90mâ”‚[39m
Admin UI E2E (5, chrome)	Run Cypress	2025-02-04T10:45:57.0363975Z [90m  â”‚[39m [90mPending:[39m      [32m0[39m                                                                                [90mâ”‚[39m
Admin UI E2E (5, chrome)	Run Cypress	2025-02-04T10:45:57.0365647Z [90m  â”‚[39m [90mSkipped:[39m      [32m0[39m                                                                                [90mâ”‚[39m
Admin UI E2E (5, chrome)	Run Cypress	2025-02-04T10:45:57.0392269Z [90m  â”‚[39m [90mScreenshots:[39m  [32m0[39m                                                                                [90mâ”‚[39m
Admin UI E2E (5, chrome)	Run Cypress	2025-02-04T10:45:57.0393835Z [90m  â”‚[39m [90mVideo:[39m        [32mfalse[39m                                                                            [90mâ”‚[39m
Admin UI E2E (5, chrome)	Run Cypress	2025-02-04T10:45:57.0395035Z [90m  â”‚[39m [90mDuration:[39m     [32m3 seconds[39m                                                                        [90mâ”‚[39m
Admin UI E2E (5, chrome)	Run Cypress	2025-02-04T10:45:57.0396518Z [90m  â”‚[39m [90mSpec Ran:[39m     [32m[32muser_fed_test.spec.ts[32m[39m                                                            [90mâ”‚[39m
Admin UI E2E (5, chrome)	Run Cypress	2025-02-04T10:45:57.0403120Z [90m  â””[39m[90mâ”€[39m[90mâ”€[39m[90mâ”€[39m[90mâ”€[39m[90mâ”€[39m[90mâ”€[39m[90mâ”€[39m[90mâ”€[39m[90mâ”€[39m[90mâ”€[39m[90mâ”€[39m[90mâ”€[39m[90mâ”€[39m[90mâ”€[39m[90mâ”€[39m[90mâ”€[39m[90mâ”€[39m[90mâ”€[39m[90mâ”€[39m[90mâ”€[39m[90mâ”€[39m[90mâ”€[39m[90mâ”€[39m[90mâ”€[39m[90mâ”€[39m[90mâ”€[39m[90mâ”€[39m[90mâ”€[39m[90mâ”€[39m[90mâ”€[39m[90mâ”€[39m[90mâ”€[39m[90mâ”€[39m[90mâ”€[39m[90mâ”€[39m[90mâ”€[39m[90mâ”€[39m[90mâ”€[39m[90mâ”€[39m[90mâ”€[39m[90mâ”€[39m[90mâ”€[39m[90mâ”€[39m[90mâ”€[39m[90mâ”€[39m[90mâ”€[39m[90mâ”€[39m[90mâ”€[39m[90mâ”€[39m[90mâ”€[39m[90mâ”€[39m[90mâ”€[39m[90mâ”€[39m[90mâ”€[39m[90mâ”€[39m[90mâ”€[39m[90mâ”€[39m[90mâ”€[39m[90mâ”€[39m[90mâ”€[39m[90mâ”€[39m[90mâ”€[39m[90mâ”€[39m[90mâ”€[39m[90mâ”€[39m[90mâ”€[39m[90mâ”€[39m[90mâ”€[39m[90mâ”€[39m[90mâ”€[39m[90mâ”€[39m[90mâ”€[39m[90mâ”€[39m[90mâ”€[39m[90mâ”€[39m[90mâ”€[39m[90mâ”€[39m[90mâ”€[39m[90mâ”€[39m[90mâ”€[39m[90mâ”€[39m[90mâ”€[39m[90mâ”€[39m[90mâ”€[39m[90mâ”€[39m[90mâ”€[39m[90mâ”€[39m[90mâ”€[39m[90mâ”€[39m[90mâ”€[39m[90mâ”€[39m[90mâ”€[39m[90mâ”€[39m[90mâ”€[39m[90mâ”€[39m[90mâ”€[39m[90mâ”˜[39m
Admin UI E2E (5, chrome)	Run Cypress	2025-02-04T10:45:57.0407618Z 
Admin UI E2E (5, chrome)	Run Cypress	2025-02-04T10:45:57.0454490Z 
Admin UI E2E (5, chrome)	Run Cypress	2025-02-04T10:45:57.0898393Z [90m====================================================================================================[39m
Admin UI E2E (5, chrome)	Run Cypress	2025-02-04T10:45:57.0899071Z 
Admin UI E2E (5, chrome)	Run Cypress	2025-02-04T10:45:57.0899524Z [0m  ([4m[1mRun Finished[22m[24m)[0m
Admin UI E2E (5, chrome)	Run Cypress	2025-02-04T10:45:57.0914272Z 
Admin UI E2E (5, chrome)	Run Cypress	2025-02-04T10:45:57.0914324Z 
Admin UI E2E (5, chrome)	Run Cypress	2025-02-04T10:45:57.0952061Z [90m   [39m    [90mSpec[39m                                              [90mTests[39m  [90mPassing[39m  [90mFailing[39m  [90mPending[39m  [90mSkipped[39m [90m [39m
Admin UI E2E (5, chrome)	Run Cypress	2025-02-04T10:45:57.0963975Z [90m  â”Œ[39m[90mâ”€[39m[90mâ”€[39m[90mâ”€[39m[90mâ”€[39m[90mâ”€[39m[90mâ”€[39m[90mâ”€[39m[90mâ”€[39m[90mâ”€[39m[90mâ”€[39m[90mâ”€[39m[90mâ”€[39m[90mâ”€[39m[90mâ”€[39m[90mâ”€[39m[90mâ”€[39m[90mâ”€[39m[90mâ”€[39m[90mâ”€[39m[90mâ”€[39m[90mâ”€[39m[90mâ”€[39m[90mâ”€[39m[90mâ”€[39m[90mâ”€[39m[90mâ”€[39m[90mâ”€[39m[90mâ”€[39m[90mâ”€[39m[90mâ”€[39m[90mâ”€[39m[90mâ”€[39m[90mâ”€[39m[90mâ”€[39m[90mâ”€[39m[90mâ”€[39m[90mâ”€[39m[90mâ”€[39m[90mâ”€[39m[90mâ”€[39m[90mâ”€[39m[90mâ”€[39m[90mâ”€[39m[90mâ”€[39m[90mâ”€[39m[90mâ”€[39m[90mâ”€[39m[90mâ”€[39m[90mâ”€[39m[90mâ”€[39m[90mâ”€[39m[90mâ”€[39m[90mâ”€[39m[90mâ”€[39m[90mâ”€[39m[90mâ”€[39m[90mâ”€[39m[90mâ”€[39m[90mâ”€[39m[90mâ”€[39m[90mâ”€[39m[90mâ”€[39m[90mâ”€[39m[90mâ”€[39m[90mâ”€[39m[90mâ”€[39m[90mâ”€[39m[90mâ”€[39m[90mâ”€[39m[90mâ”€[39m[90mâ”€[39m[90mâ”€[39m[90mâ”€[39m[90mâ”€[39m[90mâ”€[39m[90mâ”€[39m[90mâ”€[39m[90mâ”€[39m[90mâ”€[39m[90mâ”€[39m[90mâ”€[39m[90mâ”€[39m[90mâ”€[39m[90mâ”€[39m[90mâ”€[39m[90mâ”€[39m[90mâ”€[39m[90mâ”€[39m[90mâ”€[39m[90mâ”€[39m[90mâ”€[39m[90mâ”€[39m[90mâ”€[39m[90mâ”€[39m[90mâ”€[39m[90mâ”€[39m[90mâ”[39m
Admin UI E2E (5, chrome)	Run Cypress	2025-02-04T10:45:57.0969523Z [90m  â”‚[39m [32mâœ”[39m  [0muser_fed_ldap_mapper_test.spec.ts[0m        [90m01:19[39m       [0m15[0m       [32m15[39m        [90m-[39m        [90m-[39m        [90m-[39m [90mâ”‚[39m
Admin UI E2E (5, chrome)	Run Cypress	2025-02-04T10:45:57.0977027Z [90m  â”œ[39m[90mâ”€[39m[90mâ”€[39m[90mâ”€[39m[90mâ”€[39m[90mâ”€[39m[90mâ”€[39m[90mâ”€[39m[90mâ”€[39m[90mâ”€[39m[90mâ”€[39m[90mâ”€[39m[90mâ”€[39m[90mâ”€[39m[90mâ”€[39m[90mâ”€[39m[90mâ”€[39m[90mâ”€[39m[90mâ”€[39m[90mâ”€[39m[90mâ”€[39m[90mâ”€[39m[90mâ”€[39m[90mâ”€[39m[90mâ”€[39m[90mâ”€[39m[90mâ”€[39m[90mâ”€[39m[90mâ”€[39m[90mâ”€[39m[90mâ”€[39m[90mâ”€[39m[90mâ”€[39m[90mâ”€[39m[90mâ”€[39m[90mâ”€[39m[90mâ”€[39m[90mâ”€[39m[90mâ”€[39m[90mâ”€[39m[90mâ”€[39m[90mâ”€[39m[90mâ”€[39m[90mâ”€[39m[90mâ”€[39m[90mâ”€[39m[90mâ”€[39m[90mâ”€[39m[90mâ”€[39m[90mâ”€[39m[90mâ”€[39m[90mâ”€[39m[90mâ”€[39m[90mâ”€[39m[90mâ”€[39m[90mâ”€[39m[90mâ”€[39m[90mâ”€[39m[90mâ”€[39m[90mâ”€[39m[90mâ”€[39m[90mâ”€[39m[90mâ”€[39m[90mâ”€[39m[90mâ”€[39m[90mâ”€[39m[90mâ”€[39m[90mâ”€[39m[90mâ”€[39m[90mâ”€[39m[90mâ”€[39m[90mâ”€[39m[90mâ”€[39m[90mâ”€[39m[90mâ”€[39m[90mâ”€[39m[90mâ”€[39m[90mâ”€[39m[90mâ”€[39m[90mâ”€[39m[90mâ”€[39m[90mâ”€[39m[90mâ”€[39m[90mâ”€[39m[90mâ”€[39m[90mâ”€[39m[90mâ”€[39m[90mâ”€[39m[90mâ”€[39m[90mâ”€[39m[90mâ”€[39m[90mâ”€[39m[90mâ”€[39m[90mâ”€[39m[90mâ”€[39m[90mâ”€[39m[90mâ”€[39m[90mâ”¤[39m
Admin UI E2E (5, chrome)	Run Cypress	2025-02-04T10:45:57.0981993Z [90m  â”‚[39m [32mâœ”[39m  [0mmasthead_test.spec.ts[0m                    [90m00:29[39m        [0m9[0m        [32m9[39m        [90m-[39m        [90m-[39m        [90m-[39m [90mâ”‚[39m
Admin UI E2E (5, chrome)	Run Cypress	2025-02-04T10:45:57.1000981Z [90m  â”œ[39m[90mâ”€[39m[90mâ”€[39m[90mâ”€[39m[90mâ”€[39m[90mâ”€[39m[90mâ”€[39m[90mâ”€[39m[90mâ”€[39m[90mâ”€[39m[90mâ”€[39m[90mâ”€[39m[90mâ”€[39m[90mâ”€[39m[90mâ”€[39m[90mâ”€[39m[90mâ”€[39m[90mâ”€[39m[90mâ”€[39m[90mâ”€[39m[90mâ”€[39m[90mâ”€[39m[90mâ”€[39m[90mâ”€[39m[90mâ”€[39m[90mâ”€[39m[90mâ”€[39m[90mâ”€[39m[90mâ”€[39m[90mâ”€[39m[90mâ”€[39m[90mâ”€[39m[90mâ”€[39m[90mâ”€[39m[90mâ”€[39m[90mâ”€[39m[90mâ”€[39m[90mâ”€[39m[90mâ”€[39m[90mâ”€[39m[90mâ”€[39m[90mâ”€[39m[90mâ”€[39m[90mâ”€[39m[90mâ”€[39m[90mâ”€[39m[90mâ”€[39m[90mâ”€[39m[90mâ”€[39m[90mâ”€[39m[90mâ”€[39m[90mâ”€[39m[90mâ”€[39m[90mâ”€[39m[90mâ”€[39m[90mâ”€[39m[90mâ”€[39m[90mâ”€[39m[90mâ”€[39m[90mâ”€[39m[90mâ”€[39m[90mâ”€[39m[90mâ”€[39m[90mâ”€[39m[90mâ”€[39m[90mâ”€[39m[90mâ”€[39m[90mâ”€[39m[90mâ”€[39m[90mâ”€[39m[90mâ”€[39m[90mâ”€[39m[90mâ”€[39m[90mâ”€[39m[90mâ”€[39m[90mâ”€[39m[90mâ”€[39m[90mâ”€[39m[90mâ”€[39m[90mâ”€[39m[90mâ”€[39m[90mâ”€[39m[90mâ”€[39m[90mâ”€[39m[90mâ”€[39m[90mâ”€[39m[90mâ”€[39m[90mâ”€[39m[90mâ”€[39m[90mâ”€[39m[90mâ”€[39m[90mâ”€[39m[90mâ”€[39m[90mâ”€[39m[90mâ”€[39m[90mâ”€[39m[90mâ”€[39m[90mâ”¤[39m
Admin UI E2E (5, chrome)	Run Cypress	2025-02-04T10:45:57.1009453Z [90m  â”‚[39m [32mâœ”[39m  [0mclient_scopes_test.spec.ts[0m               [90m01:34[39m       [0m25[0m       [32m25[39m        [90m-[39m        [90m-[39m        [90m-[39m [90mâ”‚[39m
Admin UI E2E (5, chrome)	Run Cypress	2025-02-04T10:45:57.1016992Z [90m  â”œ[39m[90mâ”€[39m[90mâ”€[39m[90mâ”€[39m[90mâ”€[39m[90mâ”€[39m[90mâ”€[39m[90mâ”€[39m[90mâ”€[39m[90mâ”€[39m[90mâ”€[39m[90mâ”€[39m[90mâ”€[39m[90mâ”€[39m[90mâ”€[39m[90mâ”€[39m[90mâ”€[39m[90mâ”€[39m[90mâ”€[39m[90mâ”€[39m[90mâ”€[39m[90mâ”€[39m[90mâ”€[39m[90mâ”€[39m[90mâ”€[39m[90mâ”€[39m[90mâ”€[39m[90mâ”€[39m[90mâ”€[39m[90mâ”€[39m[90mâ”€[39m[90mâ”€[39m[90mâ”€[39m[90mâ”€[39m[90mâ”€[39m[90mâ”€[39m[90mâ”€[39m[90mâ”€[39m[90mâ”€[39m[90mâ”€[39m[90mâ”€[39m[90mâ”€[39m[90mâ”€[39m[90mâ”€[39m[90mâ”€[39m[90mâ”€[39m[90mâ”€[39m[90mâ”€[39m[90mâ”€[39m[90mâ”€[39m[90mâ”€[39m[90mâ”€[39m[90mâ”€[39m[90mâ”€[39m[90mâ”€[39m[90mâ”€[39m[90mâ”€[39m[90mâ”€[39m[90mâ”€[39m[90mâ”€[39m[90mâ”€[39m[90mâ”€[39m[90mâ”€[39m[90mâ”€[39m[90mâ”€[39m[90mâ”€[39m[90mâ”€[39m[90mâ”€[39m[90mâ”€[39m[90mâ”€[39m[90mâ”€[39m[90mâ”€[39m[90mâ”€[39m[90mâ”€[39m[90mâ”€[39m[90mâ”€[39m[90mâ”€[39m[90mâ”€[39m[90mâ”€[39m[90mâ”€[39m[90mâ”€[39m[90mâ”€[39m[90mâ”€[39m[90mâ”€[39m[90mâ”€[39m[90mâ”€[39m[90mâ”€[39m[90mâ”€[39m[90mâ”€[39m[90mâ”€[39m[90mâ”€[39m[90mâ”€[39m[90mâ”€[39m[90mâ”€[39m[90mâ”€[39m[90mâ”€[39m[90mâ”€[39m[90mâ”¤[39m
Admin UI E2E (5, chrome)	Run Cypress	2025-02-04T10:45:57.1021903Z [90m  â”‚[39m [32mâœ”[39m  [0mauthentication_policies_ciba.spec.t[0m      [90m00:12[39m        [0m3[0m        [32m3[39m        [90m-[39m        [90m-[39m        [90m-[39m [90mâ”‚[39m
Admin UI E2E (5, chrome)	Run Cypress	2025-02-04T10:45:57.1023305Z [90m  â”‚[39m    [0ms[0m                                                                                           [90mâ”‚[39m
Admin UI E2E (5, chrome)	Run Cypress	2025-02-04T10:45:57.1030621Z [90m  â”œ[39m[90mâ”€[39m[90mâ”€[39m[90mâ”€[39m[90mâ”€[39m[90mâ”€[39m[90mâ”€[39m[90mâ”€[39m[90mâ”€[39m[90mâ”€[39m[90mâ”€[39m[90mâ”€[39m[90mâ”€[39m[90mâ”€[39m[90mâ”€[39m[90mâ”€[39m[90mâ”€[39m[90mâ”€[39m[90mâ”€[39m[90mâ”€[39m[90mâ”€[39m[90mâ”€[39m[90mâ”€[39m[90mâ”€[39m[90mâ”€[39m[90mâ”€[39m[90mâ”€[39m[90mâ”€[39m[90mâ”€[39m[90mâ”€[39m[90mâ”€[39m[90mâ”€[39m[90mâ”€[39m[90mâ”€[39m[90mâ”€[39m[90mâ”€[39m[90mâ”€[39m[90mâ”€[39m[90mâ”€[39m[90mâ”€[39m[90mâ”€[39m[90mâ”€[39m[90mâ”€[39m[90mâ”€[39m[90mâ”€[39m[90mâ”€[39m[90mâ”€[39m[90mâ”€[39m[90mâ”€[39m[90mâ”€[39m[90mâ”€[39m[90mâ”€[39m[90mâ”€[39m[90mâ”€[39m[90mâ”€[39m[90mâ”€[39m[90mâ”€[39m[90mâ”€[39m[90mâ”€[39m[90mâ”€[39m[90mâ”€[39m[90mâ”€[39m[90mâ”€[39m[90mâ”€[39m[90mâ”€[39m[90mâ”€[39m[90mâ”€[39m[90mâ”€[39m[90mâ”€[39m[90mâ”€[39m[90mâ”€[39m[90mâ”€[39m[90mâ”€[39m[90mâ”€[39m[90mâ”€[39m[90mâ”€[39m[90mâ”€[39m[90mâ”€[39m[90mâ”€[39m[90mâ”€[39m[90mâ”€[39m[90mâ”€[39m[90mâ”€[39m[90mâ”€[39m[90mâ”€[39m[90mâ”€[39m[90mâ”€[39m[90mâ”€[39m[90mâ”€[39m[90mâ”€[39m[90mâ”€[39m[90mâ”€[39m[90mâ”€[39m[90mâ”€[39m[90mâ”€[39m[90mâ”€[39m[90mâ”€[39m[90mâ”¤[39m
Admin UI E2E (5, chrome)	Run Cypress	2025-02-04T10:45:57.1036043Z [90m  â”‚[39m [32mâœ”[39m  [0mgroup_test.spec.ts[0m                       [90m02:12[39m       [0m46[0m       [32m46[39m        [90m-[39m        [90m-[39m        [90m-[39m [90mâ”‚[39m
Admin UI E2E (5, chrome)	Run Cypress	2025-02-04T10:45:57.1043180Z [90m  â”œ[39m[90mâ”€[39m[90mâ”€[39m[90mâ”€[39m[90mâ”€[39m[90mâ”€[39m[90mâ”€[39m[90mâ”€[39m[90mâ”€[39m[90mâ”€[39m[90mâ”€[39m[90mâ”€[39m[90mâ”€[39m[90mâ”€[39m[90mâ”€[39m[90mâ”€[39m[90mâ”€[39m[90mâ”€[39m[90mâ”€[39m[90mâ”€[39m[90mâ”€[39m[90mâ”€[39m[90mâ”€[39m[90mâ”€[39m[90mâ”€[39m[90mâ”€[39m[90mâ”€[39m[90mâ”€[39m[90mâ”€[39m[90mâ”€[39m[90mâ”€[39m[90mâ”€[39m[90mâ”€[39m[90mâ”€[39m[90mâ”€[39m[90mâ”€[39m[90mâ”€[39m[90mâ”€[39m[90mâ”€[39m[90mâ”€[39m[90mâ”€[39m[90mâ”€[39m[90mâ”€[39m[90mâ”€[39m[90mâ”€[39m[90mâ”€[39m[90mâ”€[39m[90mâ”€[39m[90mâ”€[39m[90mâ”€[39m[90mâ”€[39m[90mâ”€[39m[90mâ”€[39m[90mâ”€[39m[90mâ”€[39m[90mâ”€[39m[90mâ”€[39m[90mâ”€[39m[90mâ”€[39m[90mâ”€[39m[90mâ”€[39m[90mâ”€[39m[90mâ”€[39m[90mâ”€[39m[90mâ”€[39m[90mâ”€[39m[90mâ”€[39m[90mâ”€[39m[90mâ”€[39m[90mâ”€[39m[90mâ”€[39m[90mâ”€[39m[90mâ”€[39m[90mâ”€[39m[90mâ”€[39m[90mâ”€[39m[90mâ”€[39m[90mâ”€[39m[90mâ”€[39m[90mâ”€[39m[90mâ”€[39m[90mâ”€[39m[90mâ”€[39m[90mâ”€[39m[90mâ”€[39m[90mâ”€[39m[90mâ”€[39m[90mâ”€[39m[90mâ”€[39m[90mâ”€[39m[90mâ”€[39m[90mâ”€[39m[90mâ”€[39m[90mâ”€[39m[90mâ”€[39m[90mâ”€[39m[90mâ”€[39m[90mâ”¤[39m
Admin UI E2E (5, chrome)	Run Cypress	2025-02-04T10:45:57.1047826Z [90m  â”‚[39m [31mâœ–[39m  [0mclients_test.spec.ts[0m                     [90m04:21[39m       [0m24[0m       [32m23[39m        [31m1[39m        [90m-[39m        [90m-[39m [90mâ”‚[39m
Admin UI E2E (5, chrome)	Run Cypress	2025-02-04T10:45:57.1054735Z [90m  â”œ[39m[90mâ”€[39m[90mâ”€[39m[90mâ”€[39m[90mâ”€[39m[90mâ”€[39m[90mâ”€[39m[90mâ”€[39m[90mâ”€[39m[90mâ”€[39m[90mâ”€[39m[90mâ”€[39m[90mâ”€[39m[90mâ”€[39m[90mâ”€[39m[90mâ”€[39m[90mâ”€[39m[90mâ”€[39m[90mâ”€[39m[90mâ”€[39m[90mâ”€[39m[90mâ”€[39m[90mâ”€[39m[90mâ”€[39m[90mâ”€[39m[90mâ”€[39m[90mâ”€[39m[90mâ”€[39m[90mâ”€[39m[90mâ”€[39m[90mâ”€[39m[90mâ”€[39m[90mâ”€[39m[90mâ”€[39m[90mâ”€[39m[90mâ”€[39m[90mâ”€[39m[90mâ”€[39m[90mâ”€[39m[90mâ”€[39m[90mâ”€[39m[90mâ”€[39m[90mâ”€[39m[90mâ”€[39m[90mâ”€[39m[90mâ”€[39m[90mâ”€[39m[90mâ”€[39m[90mâ”€[39m[90mâ”€[39m[90mâ”€[39m[90mâ”€[39m[90mâ”€[39m[90mâ”€[39m[90mâ”€[39m[90mâ”€[39m[90mâ”€[39m[90mâ”€[39m[90mâ”€[39m[90mâ”€[39m[90mâ”€[39m[90mâ”€[39m[90mâ”€[39m[90mâ”€[39m[90mâ”€[39m[90mâ”€[39m[90mâ”€[39m[90mâ”€[39m[90mâ”€[39m[90mâ”€[39m[90mâ”€[39m[90mâ”€[39m[90mâ”€[39m[90mâ”€[39m[90mâ”€[39m[90mâ”€[39m[90mâ”€[39m[90mâ”€[39m[90mâ”€[39m[90mâ”€[39m[90mâ”€[39m[90mâ”€[39m[90mâ”€[39m[90mâ”€[39m[90mâ”€[39m[90mâ”€[39m[90mâ”€[39m[90mâ”€[39m[90mâ”€[39m[90mâ”€[39m[90mâ”€[39m[90mâ”€[39m[90mâ”€[39m[90mâ”€[39m[90mâ”€[39m[90mâ”€[39m[90mâ”€[39m[90mâ”¤[39m
Admin UI E2E (5, chrome)	Run Cypress	2025-02-04T10:45:57.1059473Z [90m  â”‚[39m [32mâœ”[39m  [0mclients_saml_advanced.spec.ts[0m            [90m00:10[39m        [0m2[0m        [32m2[39m        [90m-[39m        [90m-[39m        [90m-[39m [90mâ”‚[39m
Admin UI E2E (5, chrome)	Run Cypress	2025-02-04T10:45:57.1066761Z [90m  â”œ[39m[90mâ”€[39m[90mâ”€[39m[90mâ”€[39m[90mâ”€[39m[90mâ”€[39m[90mâ”€[39m[90mâ”€[39m[90mâ”€[39m[90mâ”€[39m[90mâ”€[39m[90mâ”€[39m[90mâ”€[39m[90mâ”€[39m[90mâ”€[39m[90mâ”€[39m[90mâ”€[39m[90mâ”€[39m[90mâ”€[39m[90mâ”€[39m[90mâ”€[39m[90mâ”€[39m[90mâ”€[39m[90mâ”€[39m[90mâ”€[39m[90mâ”€[39m[90mâ”€[39m[90mâ”€[39m[90mâ”€[39m[90mâ”€[39m[90mâ”€[39m[90mâ”€[39m[90mâ”€[39m[90mâ”€[39m[90mâ”€[39m[90mâ”€[39m[90mâ”€[39m[90mâ”€[39m[90mâ”€[39m[90mâ”€[39m[90mâ”€[39m[90mâ”€[39m[90mâ”€[39m[90mâ”€[39m[90mâ”€[39m[90mâ”€[39m[90mâ”€[39m[90mâ”€[39m[90mâ”€[39m[90mâ”€[39m[90mâ”€[39m[90mâ”€[39m[90mâ”€[39m[90mâ”€[39m[90mâ”€[39m[90mâ”€[39m[90mâ”€[39m[90mâ”€[39m[90mâ”€[39m[90mâ”€[39m[90mâ”€[39m[90mâ”€[39m[90mâ”€[39m[90mâ”€[39m[90mâ”€[39m[90mâ”€[39m[90mâ”€[39m[90mâ”€[39m[90mâ”€[39m[90mâ”€[39m[90mâ”€[39m[90mâ”€[39m[90mâ”€[39m[90mâ”€[39m[90mâ”€[39m[90mâ”€[39m[90mâ”€[39m[90mâ”€[39m[90mâ”€[39m[90mâ”€[39m[90mâ”€[39m[90mâ”€[39m[90mâ”€[39m[90mâ”€[39m[90mâ”€[39m[90mâ”€[39m[90mâ”€[39m[90mâ”€[39m[90mâ”€[39m[90mâ”€[39m[90mâ”€[39m[90mâ”€[39m[90mâ”€[39m[90mâ”€[39m[90mâ”€[39m[90mâ”€[39m[90mâ”€[39m[90mâ”¤[39m
Admin UI E2E (5, chrome)	Run Cypress	2025-02-04T10:45:57.1070545Z [90m  â”‚[39m [32mâœ”[39m  [0muser_fed_test.spec.ts[0m                    [90m00:03[39m        [0m1[0m        [32m1[39m        [90m-[39m        [90m-[39m        [90m-[39m [90mâ”‚[39m
Admin UI E2E (5, chrome)	Run Cypress	2025-02-04T10:45:57.1076906Z [90m  â””[39m[90mâ”€[39m[90mâ”€[39m[90mâ”€[39m[90mâ”€[39m[90mâ”€[39m[90mâ”€[39m[90mâ”€[39m[90mâ”€[39m[90mâ”€[39m[90mâ”€[39m[90mâ”€[39m[90mâ”€[39m[90mâ”€[39m[90mâ”€[39m[90mâ”€[39m[90mâ”€[39m[90mâ”€[39m[90mâ”€[39m[90mâ”€[39m[90mâ”€[39m[90mâ”€[39m[90mâ”€[39m[90mâ”€[39m[90mâ”€[39m[90mâ”€[39m[90mâ”€[39m[90mâ”€[39m[90mâ”€[39m[90mâ”€[39m[90mâ”€[39m[90mâ”€[39m[90mâ”€[39m[90mâ”€[39m[90mâ”€[39m[90mâ”€[39m[90mâ”€[39m[90mâ”€[39m[90mâ”€[39m[90mâ”€[39m[90mâ”€[39m[90mâ”€[39m[90mâ”€[39m[90mâ”€[39m[90mâ”€[39m[90mâ”€[39m[90mâ”€[39m[90mâ”€[39m[90mâ”€[39m[90mâ”€[39m[90mâ”€[39m[90mâ”€[39m[90mâ”€[39m[90mâ”€[39m[90mâ”€[39m[90mâ”€[39m[90mâ”€[39m[90mâ”€[39m[90mâ”€[39m[90mâ”€[39m[90mâ”€[39m[90mâ”€[39m[90mâ”€[39m[90mâ”€[39m[90mâ”€[39m[90mâ”€[39m[90mâ”€[39m[90mâ”€[39m[90mâ”€[39m[90mâ”€[39m[90mâ”€[39m[90mâ”€[39m[90mâ”€[39m[90mâ”€[39m[90mâ”€[39m[90mâ”€[39m[90mâ”€[39m[90mâ”€[39m[90mâ”€[39m[90mâ”€[39m[90mâ”€[39m[90mâ”€[39m[90mâ”€[39m[90mâ”€[39m[90mâ”€[39m[90mâ”€[39m[90mâ”€[39m[90mâ”€[39m[90mâ”€[39m[90mâ”€[39m[90mâ”€[39m[90mâ”€[39m[90mâ”€[39m[90mâ”€[39m[90mâ”€[39m[90mâ”€[39m[90mâ”€[39m[90mâ”˜[39m
Admin UI E2E (5, chrome)	Run Cypress	2025-02-04T10:45:57.1081552Z [90m   [39m [31mâœ–[39m  [31m1 of 8 failed (13%)[39m                      [90m10:25[39m      [0m125[0m      [32m124[39m        [31m1[39m        [90m-[39m        [90m-[39m [90m [39m
Admin UI E2E (5, chrome)	Run Cypress	2025-02-04T10:45:57.1082212Z 
Admin UI E2E (5, chrome)	Run Cypress	2025-02-04T10:45:57.1904614Z ##[error]Cypress tests: 1 failed
Status Check - Keycloak JavaScript CI	Run /./.github/actions/status-check	2025-02-04T11:00:12.4242066Z Prepare all required actions
Status Check - Keycloak JavaScript CI	Run /./.github/actions/status-check	2025-02-04T11:00:12.4312549Z ##[group]Run ./.github/actions/status-check
Status Check - Keycloak JavaScript CI	Run /./.github/actions/status-check	2025-02-04T11:00:12.4312918Z with:
Status Check - Keycloak JavaScript CI	Run /./.github/actions/status-check	2025-02-04T11:00:12.4314236Z   jobs: {
Status Check - Keycloak JavaScript CI	Run /./.github/actions/status-check	  "conditional": {
Status Check - Keycloak JavaScript CI	Run /./.github/actions/status-check	    "result": "success",
Status Check - Keycloak JavaScript CI	Run /./.github/actions/status-check	    "outputs": {
Status Check - Keycloak JavaScript CI	Run /./.github/actions/status-check	      "js-ci": "true"
Status Check - Keycloak JavaScript CI	Run /./.github/actions/status-check	    }
Status Check - Keycloak JavaScript CI	Run /./.github/actions/status-check	  },
Status Check - Keycloak JavaScript CI	Run /./.github/actions/status-check	  "build-keycloak": {
Status Check - Keycloak JavaScript CI	Run /./.github/actions/status-check	    "result": "success",
Status Check - Keycloak JavaScript CI	Run /./.github/actions/status-check	    "outputs": {}
Status Check - Keycloak JavaScript CI	Run /./.github/actions/status-check	  },
Status Check - Keycloak JavaScript CI	Run /./.github/actions/status-check	  "admin-client": {
Status Check - Keycloak JavaScript CI	Run /./.github/actions/status-check	    "result": "success",
Status Check - Keycloak JavaScript CI	Run /./.github/actions/status-check	    "outputs": {}
Status Check - Keycloak JavaScript CI	Run /./.github/actions/status-check	  },
Status Check - Keycloak JavaScript CI	Run /./.github/actions/status-check	  "ui-shared": {
Status Check - Keycloak JavaScript CI	Run /./.github/actions/status-check	    "result": "success",
Status Check - Keycloak JavaScript CI	Run /./.github/actions/status-check	    "outputs": {}
Status Check - Keycloak JavaScript CI	Run /./.github/actions/status-check	  },
Status Check - Keycloak JavaScript CI	Run /./.github/actions/status-check	  "account-ui": {
Status Check - Keycloak JavaScript CI	Run /./.github/actions/status-check	    "result": "success",
Status Check - Keycloak JavaScript CI	Run /./.github/actions/status-check	    "outputs": {}
Status Check - Keycloak JavaScript CI	Run /./.github/actions/status-check	  },
Status Check - Keycloak JavaScript CI	Run /./.github/actions/status-check	  "account-ui-e2e": {
Status Check - Keycloak JavaScript CI	Run /./.github/actions/status-check	    "result": "success",
Status Check - Keycloak JavaScript CI	Run /./.github/actions/status-check	    "outputs": {}
Status Check - Keycloak JavaScript CI	Run /./.github/actions/status-check	  },
Status Check - Keycloak JavaScript CI	Run /./.github/actions/status-check	  "admin-ui": {
Status Check - Keycloak JavaScript CI	Run /./.github/actions/status-check	    "result": "success",
Status Check - Keycloak JavaScript CI	Run /./.github/actions/status-check	    "outputs": {}
Status Check - Keycloak JavaScript CI	Run /./.github/actions/status-check	  },
Status Check - Keycloak JavaScript CI	Run /./.github/actions/status-check	  "admin-ui-e2e": {
Status Check - Keycloak JavaScript CI	Run /./.github/actions/status-check	    "result": "failure",
Status Check - Keycloak JavaScript CI	Run /./.github/actions/status-check	    "outputs": {}
Status Check - Keycloak JavaScript CI	Run /./.github/actions/status-check	  }
Status Check - Keycloak JavaScript CI	Run /./.github/actions/status-check	}
Status Check - Keycloak JavaScript CI	Run /./.github/actions/status-check	2025-02-04T11:00:12.4315533Z env:
Status Check - Keycloak JavaScript CI	Run /./.github/actions/status-check	2025-02-04T11:00:12.4315831Z   MAVEN_ARGS: -B -nsu -Daether.connector.http.connectionMaxTtl=25
Status Check - Keycloak JavaScript CI	Run /./.github/actions/status-check	2025-02-04T11:00:12.4316200Z   RETRY_COUNT: 3
Status Check - Keycloak JavaScript CI	Run /./.github/actions/status-check	2025-02-04T11:00:12.4316445Z   COREPACK_INTEGRITY_KEYS: 0
Status Check - Keycloak JavaScript CI	Run /./.github/actions/status-check	2025-02-04T11:00:12.4316694Z ##[endgroup]
Status Check - Keycloak JavaScript CI	Run /./.github/actions/status-check	2025-02-04T11:00:12.4502430Z ##[group]Run JOBS='{
Status Check - Keycloak JavaScript CI	Run /./.github/actions/status-check	2025-02-04T11:00:12.4502792Z [36;1mJOBS='{[0m
Status Check - Keycloak JavaScript CI	Run /./.github/actions/status-check	2025-02-04T11:00:12.4503026Z [36;1m  "conditional": {[0m
Status Check - Keycloak JavaScript CI	Run /./.github/actions/status-check	2025-02-04T11:00:12.4503286Z [36;1m    "result": "success",[0m
Status Check - Keycloak JavaScript CI	Run /./.github/actions/status-check	2025-02-04T11:00:12.4503557Z [36;1m    "outputs": {[0m
Status Check - Keycloak JavaScript CI	Run /./.github/actions/status-check	2025-02-04T11:00:12.4503802Z [36;1m      "js-ci": "true"[0m
Status Check - Keycloak JavaScript CI	Run /./.github/actions/status-check	2025-02-04T11:00:12.4504661Z [36;1m    }[0m
Status Check - Keycloak JavaScript CI	Run /./.github/actions/status-check	2025-02-04T11:00:12.4504877Z [36;1m  },[0m
Status Check - Keycloak JavaScript CI	Run /./.github/actions/status-check	2025-02-04T11:00:12.4505100Z [36;1m  "build-keycloak": {[0m
Status Check - Keycloak JavaScript CI	Run /./.github/actions/status-check	2025-02-04T11:00:12.4505362Z [36;1m    "result": "success",[0m
Status Check - Keycloak JavaScript CI	Run /./.github/actions/status-check	2025-02-04T11:00:12.4505619Z [36;1m    "outputs": {}[0m
Status Check - Keycloak JavaScript CI	Run /./.github/actions/status-check	2025-02-04T11:00:12.4505875Z [36;1m  },[0m
Status Check - Keycloak JavaScript CI	Run /./.github/actions/status-check	2025-02-04T11:00:12.4506086Z [36;1m  "admin-client": {[0m
Status Check - Keycloak JavaScript CI	Run /./.github/actions/status-check	2025-02-04T11:00:12.4506329Z [36;1m    "result": "success",[0m
Status Check - Keycloak JavaScript CI	Run /./.github/actions/status-check	2025-02-04T11:00:12.4506580Z [36;1m    "outputs": {}[0m
Status Check - Keycloak JavaScript CI	Run /./.github/actions/status-check	2025-02-04T11:00:12.4506809Z [36;1m  },[0m
Status Check - Keycloak JavaScript CI	Run /./.github/actions/status-check	2025-02-04T11:00:12.4507007Z [36;1m  "ui-shared": {[0m
Status Check - Keycloak JavaScript CI	Run /./.github/actions/status-check	2025-02-04T11:00:12.4507243Z [36;1m    "result": "success",[0m
Status Check - Keycloak JavaScript CI	Run /./.github/actions/status-check	2025-02-04T11:00:12.4507499Z [36;1m    "outputs": {}[0m
Status Check - Keycloak JavaScript CI	Run /./.github/actions/status-check	2025-02-04T11:00:12.4507728Z [36;1m  },[0m
Status Check - Keycloak JavaScript CI	Run /./.github/actions/status-check	2025-02-04T11:00:12.4507972Z [36;1m  "account-ui": {[0m
Status Check - Keycloak JavaScript CI	Run /./.github/actions/status-check	2025-02-04T11:00:12.4508228Z [36;1m    "result": "success",[0m
Status Check - Keycloak JavaScript CI	Run /./.github/actions/status-check	2025-02-04T11:00:12.4508486Z [36;1m    "outputs": {}[0m
Status Check - Keycloak JavaScript CI	Run /./.github/actions/status-check	2025-02-04T11:00:12.4508717Z [36;1m  },[0m
Status Check - Keycloak JavaScript CI	Run /./.github/actions/status-check	2025-02-04T11:00:12.4508927Z [36;1m  "account-ui-e2e": {[0m
Status Check - Keycloak JavaScript CI	Run /./.github/actions/status-check	2025-02-04T11:00:12.4509169Z [36;1m    "result": "success",[0m
Status Check - Keycloak JavaScript CI	Run /./.github/actions/status-check	2025-02-04T11:00:12.4509418Z [36;1m    "outputs": {}[0m
Status Check - Keycloak JavaScript CI	Run /./.github/actions/status-check	2025-02-04T11:00:12.4509653Z [36;1m  },[0m
Status Check - Keycloak JavaScript CI	Run /./.github/actions/status-check	2025-02-04T11:00:12.4509855Z [36;1m  "admin-ui": {[0m
Status Check - Keycloak JavaScript CI	Run /./.github/actions/status-check	2025-02-04T11:00:12.4510093Z [36;1m    "result": "success",[0m
Status Check - Keycloak JavaScript CI	Run /./.github/actions/status-check	2025-02-04T11:00:12.4510348Z [36;1m    "outputs": {}[0m
Status Check - Keycloak JavaScript CI	Run /./.github/actions/status-check	2025-02-04T11:00:12.4510579Z [36;1m  },[0m
Status Check - Keycloak JavaScript CI	Run /./.github/actions/status-check	2025-02-04T11:00:12.4510796Z [36;1m  "admin-ui-e2e": {[0m
Status Check - Keycloak JavaScript CI	Run /./.github/actions/status-check	2025-02-04T11:00:12.4511036Z [36;1m    "result": "failure",[0m
Status Check - Keycloak JavaScript CI	Run /./.github/actions/status-check	2025-02-04T11:00:12.4511292Z [36;1m    "outputs": {}[0m
Status Check - Keycloak JavaScript CI	Run /./.github/actions/status-check	2025-02-04T11:00:12.4511517Z [36;1m  }[0m
Status Check - Keycloak JavaScript CI	Run /./.github/actions/status-check	2025-02-04T11:00:12.4511708Z [36;1m}'[0m
Status Check - Keycloak JavaScript CI	Run /./.github/actions/status-check	2025-02-04T11:00:12.4511922Z [36;1m[0m
Status Check - Keycloak JavaScript CI	Run /./.github/actions/status-check	2025-02-04T11:00:12.4512128Z [36;1mecho "Job status:"[0m
Status Check - Keycloak JavaScript CI	Run /./.github/actions/status-check	2025-02-04T11:00:12.4512489Z [36;1mecho $JOBS | jq -r 'to_entries[] | " - \(.key): \(.value.result)"'[0m
Status Check - Keycloak JavaScript CI	Run /./.github/actions/status-check	2025-02-04T11:00:12.4512844Z [36;1m[0m
Status Check - Keycloak JavaScript CI	Run /./.github/actions/status-check	2025-02-04T11:00:12.4513124Z [36;1mfor i in $(echo $JOBS | jq -r 'to_entries[] | .value.result'); do[0m
Status Check - Keycloak JavaScript CI	Run /./.github/actions/status-check	2025-02-04T11:00:12.4513513Z [36;1m  if [ "$i" != "success" ] && [ "$i" != "skipped" ]; then[0m
Status Check - Keycloak JavaScript CI	Run /./.github/actions/status-check	2025-02-04T11:00:12.4513821Z [36;1m    echo ""[0m
Status Check - Keycloak JavaScript CI	Run /./.github/actions/status-check	2025-02-04T11:00:12.4514179Z [36;1m    echo "Status check not okay!"[0m
Status Check - Keycloak JavaScript CI	Run /./.github/actions/status-check	2025-02-04T11:00:12.4514445Z [36;1m    exit 1[0m
Status Check - Keycloak JavaScript CI	Run /./.github/actions/status-check	2025-02-04T11:00:12.4514859Z [36;1m  fi[0m
Status Check - Keycloak JavaScript CI	Run /./.github/actions/status-check	2025-02-04T11:00:12.4515061Z [36;1mdone[0m
Status Check - Keycloak JavaScript CI	Run /./.github/actions/status-check	2025-02-04T11:00:12.4547503Z shell: /usr/bin/bash --noprofile --norc -e -o pipefail {0}
Status Check - Keycloak JavaScript CI	Run /./.github/actions/status-check	2025-02-04T11:00:12.4547901Z env:
Status Check - Keycloak JavaScript CI	Run /./.github/actions/status-check	2025-02-04T11:00:12.4548210Z   MAVEN_ARGS: -B -nsu -Daether.connector.http.connectionMaxTtl=25
Status Check - Keycloak JavaScript CI	Run /./.github/actions/status-check	2025-02-04T11:00:12.4548577Z   RETRY_COUNT: 3
Status Check - Keycloak JavaScript CI	Run /./.github/actions/status-check	2025-02-04T11:00:12.4548804Z   COREPACK_INTEGRITY_KEYS: 0
Status Check - Keycloak JavaScript CI	Run /./.github/actions/status-check	2025-02-04T11:00:12.4549296Z ##[endgroup]
Status Check - Keycloak JavaScript CI	Run /./.github/actions/status-check	2025-02-04T11:00:12.4617741Z Job status:
Status Check - Keycloak JavaScript CI	Run /./.github/actions/status-check	2025-02-04T11:00:12.4656899Z  - conditional: success
Status Check - Keycloak JavaScript CI	Run /./.github/actions/status-check	2025-02-04T11:00:12.4657462Z  - build-keycloak: success
Status Check - Keycloak JavaScript CI	Run /./.github/actions/status-check	2025-02-04T11:00:12.4657843Z  - admin-client: success
Status Check - Keycloak JavaScript CI	Run /./.github/actions/status-check	2025-02-04T11:00:12.4658106Z  - ui-shared: success
Status Check - Keycloak JavaScript CI	Run /./.github/actions/status-check	2025-02-04T11:00:12.4658352Z  - account-ui: success
Status Check - Keycloak JavaScript CI	Run /./.github/actions/status-check	2025-02-04T11:00:12.4658610Z  - account-ui-e2e: success
Status Check - Keycloak JavaScript CI	Run /./.github/actions/status-check	2025-02-04T11:00:12.4658861Z  - admin-ui: success
Status Check - Keycloak JavaScript CI	Run /./.github/actions/status-check	2025-02-04T11:00:12.4659089Z  - admin-ui-e2e: failure
Status Check - Keycloak JavaScript CI	Run /./.github/actions/status-check	2025-02-04T11:00:12.4692124Z 
Status Check - Keycloak JavaScript CI	Run /./.github/actions/status-check	2025-02-04T11:00:12.4692352Z Status check not okay!
Status Check - Keycloak JavaScript CI	Run /./.github/actions/status-check	2025-02-04T11:00:12.4704809Z ##[error]Process completed with exit code 1.
