Admin UI E2E (3, chrome)	Run Cypress	2025-01-17T00:57:15.6873867Z ##[group]Run cypress-io/github-action@v6
Admin UI E2E (3, chrome)	Run Cypress	2025-01-17T00:57:15.6874428Z with:
Admin UI E2E (3, chrome)	Run Cypress	2025-01-17T00:57:15.6874816Z   install: false
Admin UI E2E (3, chrome)	Run Cypress	2025-01-17T00:57:15.6875202Z   browser: chrome
Admin UI E2E (3, chrome)	Run Cypress	2025-01-17T00:57:15.6875615Z   wait-on: http://localhost:8080
Admin UI E2E (3, chrome)	Run Cypress	2025-01-17T00:57:15.6876098Z   working-directory: js/apps/admin-ui
Admin UI E2E (3, chrome)	Run Cypress	2025-01-17T00:57:15.6876528Z   record: false
Admin UI E2E (3, chrome)	Run Cypress	2025-01-17T00:57:15.6876927Z   publish-summary: true
Admin UI E2E (3, chrome)	Run Cypress	2025-01-17T00:57:15.6877292Z   component: false
Admin UI E2E (3, chrome)	Run Cypress	2025-01-17T00:57:15.6877676Z env:
Admin UI E2E (3, chrome)	Run Cypress	2025-01-17T00:57:15.6878383Z   MAVEN_ARGS: -B -nsu -Daether.connector.http.connectionMaxTtl=25
Admin UI E2E (3, chrome)	Run Cypress	2025-01-17T00:57:15.6878996Z   RETRY_COUNT: 3
Admin UI E2E (3, chrome)	Run Cypress	2025-01-17T00:57:15.6879328Z   WORKSPACE: keycloak-admin-ui
Admin UI E2E (3, chrome)	Run Cypress	2025-01-17T00:57:15.6879861Z   JAVA_HOME: /opt/hostedtoolcache/Java_Temurin-Hotspot_jdk/21.0.5-11/x64
Admin UI E2E (3, chrome)	Run Cypress	2025-01-17T00:57:15.6880795Z   JAVA_HOME_21_X64: /opt/hostedtoolcache/Java_Temurin-Hotspot_jdk/21.0.5-11/x64
Admin UI E2E (3, chrome)	Run Cypress	2025-01-17T00:57:15.6881451Z   SPLIT: 5
Admin UI E2E (3, chrome)	Run Cypress	2025-01-17T00:57:15.6881760Z   SPLIT_INDEX: 2
Admin UI E2E (3, chrome)	Run Cypress	2025-01-17T00:57:15.6882068Z   SPLIT_RANDOM_SEED: 49
Admin UI E2E (3, chrome)	Run Cypress	2025-01-17T00:57:15.6882523Z ##[endgroup]
Admin UI E2E (3, chrome)	Run Cypress	2025-01-17T00:57:16.0530817Z Skipping install because install parameter is false
Admin UI E2E (3, chrome)	Run Cypress	2025-01-17T00:57:16.0549646Z waiting on "http://localhost:8080" with timeout of 60 seconds
Admin UI E2E (3, chrome)	Run Cypress	2025-01-17T00:57:39.2571370Z It looks like this is your first time using Cypress: 13.17.0
Admin UI E2E (3, chrome)	Run Cypress	2025-01-17T00:57:39.2572135Z 
Admin UI E2E (3, chrome)	Run Cypress	2025-01-17T00:57:39.2608763Z [STARTED] Task without title.
Admin UI E2E (3, chrome)	Run Cypress	2025-01-17T00:57:42.6393899Z [SUCCESS] Task without title.
Admin UI E2E (3, chrome)	Run Cypress	2025-01-17T00:57:42.6397214Z 
Admin UI E2E (3, chrome)	Run Cypress	2025-01-17T00:57:42.6397435Z Opening Cypress...
Admin UI E2E (3, chrome)	Run Cypress	2025-01-17T00:57:43.2987550Z MESA: error: ZINK: vkCreateInstance failed (VK_ERROR_INCOMPATIBLE_DRIVER)
Admin UI E2E (3, chrome)	Run Cypress	2025-01-17T00:57:43.2990251Z glx: failed to create drisw screen
Admin UI E2E (3, chrome)	Run Cypress	2025-01-17T00:57:43.3549994Z 
Admin UI E2E (3, chrome)	Run Cypress	2025-01-17T00:57:43.3551897Z DevTools listening on ws://127.0.0.1:46123/devtools/browser/d19484ff-dc1a-4d94-95ae-5f4145381df7
Admin UI E2E (3, chrome)	Run Cypress	2025-01-17T00:57:44.0216060Z (node:2751) ExperimentalWarning: `--experimental-loader` may be removed in the future; instead use `register()`:
Admin UI E2E (3, chrome)	Run Cypress	2025-01-17T00:57:44.0219630Z --import 'data:text/javascript,import { register } from "node:module"; import { pathToFileURL } from "node:url"; register("file%3A///home/runner/.cache/Cypress/13.17.0/Cypress/resources/app/node_modules/ts-node/esm/transpile-only.mjs", pathToFileURL("./"));'
Admin UI E2E (3, chrome)	Run Cypress	2025-01-17T00:57:44.0222084Z (Use `node --trace-warnings ...` to show where the warning was created)
Admin UI E2E (3, chrome)	Run Cypress	2025-01-17T00:57:49.3684219Z cypress-split: there are 41 found specs
Admin UI E2E (3, chrome)	Run Cypress	2025-01-17T00:57:49.3685856Z the first 5 specs
Admin UI E2E (3, chrome)	Run Cypress	2025-01-17T00:57:49.3687177Z - 1: /home/runner/work/keycloak/keycloak/js/apps/admin-ui/cypress/e2e/partial_export_test.spec.ts
Admin UI E2E (3, chrome)	Run Cypress	2025-01-17T00:57:49.3689710Z - 2: /home/runner/work/keycloak/keycloak/js/apps/admin-ui/cypress/e2e/client_initial_access.spec.ts
Admin UI E2E (3, chrome)	Run Cypress	2025-01-17T00:57:49.3691911Z - 3: /home/runner/work/keycloak/keycloak/js/apps/admin-ui/cypress/e2e/sessions_test.spec.ts
Admin UI E2E (3, chrome)	Run Cypress	2025-01-17T00:57:49.3694265Z - 4: /home/runner/work/keycloak/keycloak/js/apps/admin-ui/cypress/e2e/realm_roles_test.spec.ts
Admin UI E2E (3, chrome)	Run Cypress	2025-01-17T00:57:49.3695929Z - 5: /home/runner/work/keycloak/keycloak/js/apps/admin-ui/cypress/e2e/client_scope.spec.ts
Admin UI E2E (3, chrome)	Run Cypress	2025-01-17T00:57:49.3697130Z cypress-split: chunk 3 of 5
Admin UI E2E (3, chrome)	Run Cypress	2025-01-17T00:57:49.3704842Z k  spec                                                   
Admin UI E2E (3, chrome)	Run Cypress	2025-01-17T00:57:49.3705915Z -  -------------------------------------------------------
Admin UI E2E (3, chrome)	Run Cypress	2025-01-17T00:57:49.3707125Z 1  cypress/e2e/realm_settings_client_policies_test.spec.ts
Admin UI E2E (3, chrome)	Run Cypress	2025-01-17T00:57:49.3708524Z 2  cypress/e2e/authentication_test.spec.ts                
Admin UI E2E (3, chrome)	Run Cypress	2025-01-17T00:57:49.3709676Z 3  cypress/e2e/user_fed_test.spec.ts                      
Admin UI E2E (3, chrome)	Run Cypress	2025-01-17T00:57:49.3710833Z 4  cypress/e2e/authentication_policies_ciba.spec.ts       
Admin UI E2E (3, chrome)	Run Cypress	2025-01-17T00:57:49.3711974Z 5  cypress/e2e/clients_test.spec.ts                       
Admin UI E2E (3, chrome)	Run Cypress	2025-01-17T00:57:49.3712667Z 6  cypress/e2e/client_registration_policies.spec.ts       
Admin UI E2E (3, chrome)	Run Cypress	2025-01-17T00:57:49.3713349Z 7  cypress/e2e/client_advanced.spec.ts                    
Admin UI E2E (3, chrome)	Run Cypress	2025-01-17T00:57:49.3714023Z 8  cypress/e2e/client_authorization_test.spec.ts          
Admin UI E2E (3, chrome)	Run Cypress	2025-01-17T00:57:49.3714687Z 
Admin UI E2E (3, chrome)	Run Cypress	2025-01-17T00:57:50.1022285Z 
Admin UI E2E (3, chrome)	Run Cypress	2025-01-17T00:57:50.1696398Z [90m====================================================================================================[39m
Admin UI E2E (3, chrome)	Run Cypress	2025-01-17T00:57:50.1696910Z 
Admin UI E2E (3, chrome)	Run Cypress	2025-01-17T00:57:50.1698537Z [0m  ([4m[1mRun Starting[22m[24m)[0m
Admin UI E2E (3, chrome)	Run Cypress	2025-01-17T00:57:50.1698882Z 
Admin UI E2E (3, chrome)	Run Cypress	2025-01-17T00:57:50.1789462Z [90m  â”Œ[39m[90mâ”€[39m[90mâ”€[39m[90mâ”€[39m[90mâ”€[39m[90mâ”€[39m[90mâ”€[39m[90mâ”€[39m[90mâ”€[39m[90mâ”€[39m[90mâ”€[39m[90mâ”€[39m[90mâ”€[39m[90mâ”€[39m[90mâ”€[39m[90mâ”€[39m[90mâ”€[39m[90mâ”€[39m[90mâ”€[39m[90mâ”€[39m[90mâ”€[39m[90mâ”€[39m[90mâ”€[39m[90mâ”€[39m[90mâ”€[39m[90mâ”€[39m[90mâ”€[39m[90mâ”€[39m[90mâ”€[39m[90mâ”€[39m[90mâ”€[39m[90mâ”€[39m[90mâ”€[39m[90mâ”€[39m[90mâ”€[39m[90mâ”€[39m[90mâ”€[39m[90mâ”€[39m[90mâ”€[39m[90mâ”€[39m[90mâ”€[39m[90mâ”€[39m[90mâ”€[39m[90mâ”€[39m[90mâ”€[39m[90mâ”€[39m[90mâ”€[39m[90mâ”€[39m[90mâ”€[39m[90mâ”€[39m[90mâ”€[39m[90mâ”€[39m[90mâ”€[39m[90mâ”€[39m[90mâ”€[39m[90mâ”€[39m[90mâ”€[39m[90mâ”€[39m[90mâ”€[39m[90mâ”€[39m[90mâ”€[39m[90mâ”€[39m[90mâ”€[39m[90mâ”€[39m[90mâ”€[39m[90mâ”€[39m[90mâ”€[39m[90mâ”€[39m[90mâ”€[39m[90mâ”€[39m[90mâ”€[39m[90mâ”€[39m[90mâ”€[39m[90mâ”€[39m[90mâ”€[39m[90mâ”€[39m[90mâ”€[39m[90mâ”€[39m[90mâ”€[39m[90mâ”€[39m[90mâ”€[39m[90mâ”€[39m[90mâ”€[39m[90mâ”€[39m[90mâ”€[39m[90mâ”€[39m[90mâ”€[39m[90mâ”€[39m[90mâ”€[39m[90mâ”€[39m[90mâ”€[39m[90mâ”€[39m[90mâ”€[39m[90mâ”€[39m[90mâ”€[39m[90mâ”€[39m[90mâ”€[39m[90mâ”[39m
Admin UI E2E (3, chrome)	Run Cypress	2025-01-17T00:57:50.1795435Z [90m  â”‚[39m [90mCypress:[39m        13.17.0                                                                        [90mâ”‚[39m
Admin UI E2E (3, chrome)	Run Cypress	2025-01-17T00:57:50.1797144Z [90m  â”‚[39m [90mBrowser:[39m        Chrome 132 [90m(headless)[39m                                                          [90mâ”‚[39m
Admin UI E2E (3, chrome)	Run Cypress	2025-01-17T00:57:50.1799390Z [90m  â”‚[39m [90mNode Version:[39m   [0mv20.18.0 [90m(/home/runner/runners/2.321.0/externals/node20/bin/node)[39m[0m              [90mâ”‚[39m
Admin UI E2E (3, chrome)	Run Cypress	2025-01-17T00:57:50.1801344Z [90m  â”‚[39m [90mSpecs:[39m          [0m8 found (realm_settings_client_policies_test.spec.ts, authentication_test.spec[0m [90mâ”‚[39m
Admin UI E2E (3, chrome)	Run Cypress	2025-01-17T00:57:50.1803204Z [90m  â”‚[39m                 [0m.ts, user_fed_test.spec.ts, authentication_policies_ciba.spec.ts, clients_test[0m [90mâ”‚[39m
Admin UI E2E (3, chrome)	Run Cypress	2025-01-17T00:57:50.1804836Z [90m  â”‚[39m                 [0m.spec.ts, client_registration_policies.spec.ts, client_advanced.spec.ts, clien[0m [90mâ”‚[39m
Admin UI E2E (3, chrome)	Run Cypress	2025-01-17T00:57:50.1806414Z [90m  â”‚[39m                 [0mt_authorization_test.s...)[0m                                                     [90mâ”‚[39m
Admin UI E2E (3, chrome)	Run Cypress	2025-01-17T00:57:50.1808426Z [90m  â”‚[39m [90mSearched:[39m       [0mcypress/e2e/realm_settings_client_policies_test.spec.ts, cypress/e2e/authentic[0m [90mâ”‚[39m
Admin UI E2E (3, chrome)	Run Cypress	2025-01-17T00:57:50.1810380Z [90m  â”‚[39m                 [0mation_test.spec.ts, cypress/e2e/user_fed_test.spec.ts, cypress/e2e/authenticat[0m [90mâ”‚[39m
Admin UI E2E (3, chrome)	Run Cypress	2025-01-17T00:57:50.1812207Z [90m  â”‚[39m                 [0mion_policies_ciba.spec.ts, cypress/e2e/clients_test.spec.ts, cypress/e2e/clien[0m [90mâ”‚[39m
Admin UI E2E (3, chrome)	Run Cypress	2025-01-17T00:57:50.1814071Z [90m  â”‚[39m                 [0mt_registration_policies.spec.ts, cypress/e2e/client_advanced.spec.ts, cypress/[0m [90mâ”‚[39m
Admin UI E2E (3, chrome)	Run Cypress	2025-01-17T00:57:50.1816255Z [90m  â”‚[39m                 [0me2e/client_authorization_test.spec.ts[0m                                          [90mâ”‚[39m
Admin UI E2E (3, chrome)	Run Cypress	2025-01-17T00:57:50.1818268Z [90m  â”‚[39m [90mExperiments:[39m    experimentalMemoryManagement=true                                              [90mâ”‚[39m
Admin UI E2E (3, chrome)	Run Cypress	2025-01-17T00:57:50.1826001Z [90m  â””[39m[90mâ”€[39m[90mâ”€[39m[90mâ”€[39m[90mâ”€[39m[90mâ”€[39m[90mâ”€[39m[90mâ”€[39m[90mâ”€[39m[90mâ”€[39m[90mâ”€[39m[90mâ”€[39m[90mâ”€[39m[90mâ”€[39m[90mâ”€[39m[90mâ”€[39m[90mâ”€[39m[90mâ”€[39m[90mâ”€[39m[90mâ”€[39m[90mâ”€[39m[90mâ”€[39m[90mâ”€[39m[90mâ”€[39m[90mâ”€[39m[90mâ”€[39m[90mâ”€[39m[90mâ”€[39m[90mâ”€[39m[90mâ”€[39m[90mâ”€[39m[90mâ”€[39m[90mâ”€[39m[90mâ”€[39m[90mâ”€[39m[90mâ”€[39m[90mâ”€[39m[90mâ”€[39m[90mâ”€[39m[90mâ”€[39m[90mâ”€[39m[90mâ”€[39m[90mâ”€[39m[90mâ”€[39m[90mâ”€[39m[90mâ”€[39m[90mâ”€[39m[90mâ”€[39m[90mâ”€[39m[90mâ”€[39m[90mâ”€[39m[90mâ”€[39m[90mâ”€[39m[90mâ”€[39m[90mâ”€[39m[90mâ”€[39m[90mâ”€[39m[90mâ”€[39m[90mâ”€[39m[90mâ”€[39m[90mâ”€[39m[90mâ”€[39m[90mâ”€[39m[90mâ”€[39m[90mâ”€[39m[90mâ”€[39m[90mâ”€[39m[90mâ”€[39m[90mâ”€[39m[90mâ”€[39m[90mâ”€[39m[90mâ”€[39m[90mâ”€[39m[90mâ”€[39m[90mâ”€[39m[90mâ”€[39m[90mâ”€[39m[90mâ”€[39m[90mâ”€[39m[90mâ”€[39m[90mâ”€[39m[90mâ”€[39m[90mâ”€[39m[90mâ”€[39m[90mâ”€[39m[90mâ”€[39m[90mâ”€[39m[90mâ”€[39m[90mâ”€[39m[90mâ”€[39m[90mâ”€[39m[90mâ”€[39m[90mâ”€[39m[90mâ”€[39m[90mâ”€[39m[90mâ”€[39m[90mâ”€[39m[90mâ”˜[39m
Admin UI E2E (3, chrome)	Run Cypress	2025-01-17T00:57:50.1830526Z 
Admin UI E2E (3, chrome)	Run Cypress	2025-01-17T00:57:50.1830551Z 
Admin UI E2E (3, chrome)	Run Cypress	2025-01-17T00:57:50.1838044Z [90mâ”€[39m[90mâ”€[39m[90mâ”€[39m[90mâ”€[39m[90mâ”€[39m[90mâ”€[39m[90mâ”€[39m[90mâ”€[39m[90mâ”€[39m[90mâ”€[39m[90mâ”€[39m[90mâ”€[39m[90mâ”€[39m[90mâ”€[39m[90mâ”€[39m[90mâ”€[39m[90mâ”€[39m[90mâ”€[39m[90mâ”€[39m[90mâ”€[39m[90mâ”€[39m[90mâ”€[39m[90mâ”€[39m[90mâ”€[39m[90mâ”€[39m[90mâ”€[39m[90mâ”€[39m[90mâ”€[39m[90mâ”€[39m[90mâ”€[39m[90mâ”€[39m[90mâ”€[39m[90mâ”€[39m[90mâ”€[39m[90mâ”€[39m[90mâ”€[39m[90mâ”€[39m[90mâ”€[39m[90mâ”€[39m[90mâ”€[39m[90mâ”€[39m[90mâ”€[39m[90mâ”€[39m[90mâ”€[39m[90mâ”€[39m[90mâ”€[39m[90mâ”€[39m[90mâ”€[39m[90mâ”€[39m[90mâ”€[39m[90mâ”€[39m[90mâ”€[39m[90mâ”€[39m[90mâ”€[39m[90mâ”€[39m[90mâ”€[39m[90mâ”€[39m[90mâ”€[39m[90mâ”€[39m[90mâ”€[39m[90mâ”€[39m[90mâ”€[39m[90mâ”€[39m[90mâ”€[39m[90mâ”€[39m[90mâ”€[39m[90mâ”€[39m[90mâ”€[39m[90mâ”€[39m[90mâ”€[39m[90mâ”€[39m[90mâ”€[39m[90mâ”€[39m[90mâ”€[39m[90mâ”€[39m[90mâ”€[39m[90mâ”€[39m[90mâ”€[39m[90mâ”€[39m[90mâ”€[39m[90mâ”€[39m[90mâ”€[39m[90mâ”€[39m[90mâ”€[39m[90mâ”€[39m[90mâ”€[39m[90mâ”€[39m[90mâ”€[39m[90mâ”€[39m[90mâ”€[39m[90mâ”€[39m[90mâ”€[39m[90mâ”€[39m[90mâ”€[39m[90mâ”€[39m[90mâ”€[39m[90mâ”€[39m[90mâ”€[39m[90mâ”€[39m[90mâ”€[39m
Admin UI E2E (3, chrome)	Run Cypress	2025-01-17T00:57:50.1842419Z                                                                                                     
Admin UI E2E (3, chrome)	Run Cypress	2025-01-17T00:57:50.1843701Z   Running:  [90mrealm_settings_client_policies_test.spec.ts[39m                                     [90m(1 of 8)[39m
Admin UI E2E (3, chrome)	Run Cypress	2025-01-17T00:57:58.2951246Z 
Admin UI E2E (3, chrome)	Run Cypress	2025-01-17T00:57:58.2954723Z [0m[0m
Admin UI E2E (3, chrome)	Run Cypress	2025-01-17T00:57:58.2966500Z [0m  Realm settings client policies tab tests[0m
Admin UI E2E (3, chrome)	Run Cypress	2025-01-17T00:58:12.9820672Z   [32m  âœ“[0m[90m Complete new client form and cancel[0m[90m (14625ms)[0m
Admin UI E2E (3, chrome)	Run Cypress	2025-01-17T00:58:19.7564002Z   [32m  âœ“[0m[90m Complete new client form and submit[0m[90m (6679ms)[0m
Admin UI E2E (3, chrome)	Run Cypress	2025-01-17T00:58:24.3145820Z   [32m  âœ“[0m[90m Should perform client profile search by profile name[0m[90m (4460ms)[0m
Admin UI E2E (3, chrome)	Run Cypress	2025-01-17T00:58:28.5841424Z   [32m  âœ“[0m[90m Should not have conditions configured by default[0m[90m (4140ms)[0m
Admin UI E2E (3, chrome)	Run Cypress	2025-01-17T00:58:32.8772202Z   [32m  âœ“[0m[90m Should cancel adding a new condition to a client profile[0m[90m (4202ms)[0m
Admin UI E2E (3, chrome)	Run Cypress	2025-01-17T00:58:38.3002339Z   [32m  âœ“[0m[90m Should add a new client-roles condition to a client profile[0m[90m (5355ms)[0m
Admin UI E2E (3, chrome)	Run Cypress	2025-01-17T00:58:44.0069642Z   [32m  âœ“[0m[90m Should add a new client-scopes condition to a client profile[0m[90m (5582ms)[0m
Admin UI E2E (3, chrome)	Run Cypress	2025-01-17T00:58:48.7805932Z   [32m  âœ“[0m[90m Should edit the client-roles condition of a client profile[0m[90m (4661ms)[0m
Admin UI E2E (3, chrome)	Run Cypress	2025-01-17T00:58:53.6173281Z   [32m  âœ“[0m[90m Should edit the client-scopes condition of a client profile[0m[90m (4671ms)[0m
Admin UI E2E (3, chrome)	Run Cypress	2025-01-17T00:58:57.7636655Z   [32m  âœ“[0m[90m Should cancel deleting condition from a client profile[0m[90m (4062ms)[0m
Admin UI E2E (3, chrome)	Run Cypress	2025-01-17T00:59:01.9862787Z   [32m  âœ“[0m[90m Should delete client-roles condition from a client profile[0m[90m (4136ms)[0m
Admin UI E2E (3, chrome)	Run Cypress	2025-01-17T00:59:05.9725764Z   [32m  âœ“[0m[90m Should delete client-scopes condition from a client profile[0m[90m (3838ms)[0m
Admin UI E2E (3, chrome)	Run Cypress	2025-01-17T00:59:10.4946466Z   [32m  âœ“[0m[90m Check cancelling the client policy deletion[0m[90m (4403ms)[0m
Admin UI E2E (3, chrome)	Run Cypress	2025-01-17T00:59:15.0803389Z   [32m  âœ“[0m[90m Check deleting the client policy[0m[90m (4511ms)[0m
Admin UI E2E (3, chrome)	Run Cypress	2025-01-17T00:59:18.6752761Z   [32m  âœ“[0m[90m Check navigating between Form View and JSON editor[0m[90m (3527ms)[0m
Admin UI E2E (3, chrome)	Run Cypress	2025-01-17T00:59:27.3746508Z   [32m  âœ“[0m[90m Should not create duplicate client profile[0m[90m (8637ms)[0m
Admin UI E2E (3, chrome)	Run Cypress	2025-01-17T00:59:32.6677636Z   [32m  âœ“[0m[90m Check deleting newly created client policy from create view via dropdown[0m[90m (5174ms)[0m
Admin UI E2E (3, chrome)	Run Cypress	2025-01-17T00:59:36.1256384Z   [32m  âœ“[0m[90m Check reloading JSON policies[0m[90m (3333ms)[0m
Admin UI E2E (3, chrome)	Run Cypress	2025-01-17T00:59:36.1261435Z 
Admin UI E2E (3, chrome)	Run Cypress	2025-01-17T00:59:36.1767386Z 
Admin UI E2E (3, chrome)	Run Cypress	2025-01-17T00:59:36.1771615Z [92m [0m[32m 18 passing[0m[90m (2m)[0m
Admin UI E2E (3, chrome)	Run Cypress	2025-01-17T00:59:36.1772716Z 
Admin UI E2E (3, chrome)	Run Cypress	2025-01-17T00:59:37.2296654Z 
Admin UI E2E (3, chrome)	Run Cypress	2025-01-17T00:59:37.2299588Z [32m  ([4m[1mResults[22m[24m)[39m
Admin UI E2E (3, chrome)	Run Cypress	2025-01-17T00:59:37.2322808Z 
Admin UI E2E (3, chrome)	Run Cypress	2025-01-17T00:59:37.2345186Z [90m  â”Œ[39m[90mâ”€[39m[90mâ”€[39m[90mâ”€[39m[90mâ”€[39m[90mâ”€[39m[90mâ”€[39m[90mâ”€[39m[90mâ”€[39m[90mâ”€[39m[90mâ”€[39m[90mâ”€[39m[90mâ”€[39m[90mâ”€[39m[90mâ”€[39m[90mâ”€[39m[90mâ”€[39m[90mâ”€[39m[90mâ”€[39m[90mâ”€[39m[90mâ”€[39m[90mâ”€[39m[90mâ”€[39m[90mâ”€[39m[90mâ”€[39m[90mâ”€[39m[90mâ”€[39m[90mâ”€[39m[90mâ”€[39m[90mâ”€[39m[90mâ”€[39m[90mâ”€[39m[90mâ”€[39m[90mâ”€[39m[90mâ”€[39m[90mâ”€[39m[90mâ”€[39m[90mâ”€[39m[90mâ”€[39m[90mâ”€[39m[90mâ”€[39m[90mâ”€[39m[90mâ”€[39m[90mâ”€[39m[90mâ”€[39m[90mâ”€[39m[90mâ”€[39m[90mâ”€[39m[90mâ”€[39m[90mâ”€[39m[90mâ”€[39m[90mâ”€[39m[90mâ”€[39m[90mâ”€[39m[90mâ”€[39m[90mâ”€[39m[90mâ”€[39m[90mâ”€[39m[90mâ”€[39m[90mâ”€[39m[90mâ”€[39m[90mâ”€[39m[90mâ”€[39m[90mâ”€[39m[90mâ”€[39m[90mâ”€[39m[90mâ”€[39m[90mâ”€[39m[90mâ”€[39m[90mâ”€[39m[90mâ”€[39m[90mâ”€[39m[90mâ”€[39m[90mâ”€[39m[90mâ”€[39m[90mâ”€[39m[90mâ”€[39m[90mâ”€[39m[90mâ”€[39m[90mâ”€[39m[90mâ”€[39m[90mâ”€[39m[90mâ”€[39m[90mâ”€[39m[90mâ”€[39m[90mâ”€[39m[90mâ”€[39m[90mâ”€[39m[90mâ”€[39m[90mâ”€[39m[90mâ”€[39m[90mâ”€[39m[90mâ”€[39m[90mâ”€[39m[90mâ”€[39m[90mâ”€[39m[90mâ”€[39m[90mâ”[39m
Admin UI E2E (3, chrome)	Run Cypress	2025-01-17T00:59:37.2350626Z [90m  â”‚[39m [90mTests:[39m        [32m18[39m                                                                               [90mâ”‚[39m
Admin UI E2E (3, chrome)	Run Cypress	2025-01-17T00:59:37.2352056Z [90m  â”‚[39m [90mPassing:[39m      [32m18[39m                                                                               [90mâ”‚[39m
Admin UI E2E (3, chrome)	Run Cypress	2025-01-17T00:59:37.2353469Z [90m  â”‚[39m [90mFailing:[39m      [32m0[39m                                                                                [90mâ”‚[39m
Admin UI E2E (3, chrome)	Run Cypress	2025-01-17T00:59:37.2354857Z [90m  â”‚[39m [90mPending:[39m      [32m0[39m                                                                                [90mâ”‚[39m
Admin UI E2E (3, chrome)	Run Cypress	2025-01-17T00:59:37.2356329Z [90m  â”‚[39m [90mSkipped:[39m      [32m0[39m                                                                                [90mâ”‚[39m
Admin UI E2E (3, chrome)	Run Cypress	2025-01-17T00:59:37.2413490Z [90m  â”‚[39m [90mScreenshots:[39m  [32m0[39m                                                                                [90mâ”‚[39m
Admin UI E2E (3, chrome)	Run Cypress	2025-01-17T00:59:37.2417638Z [90m  â”‚[39m [90mVideo:[39m        [32mfalse[39m                                                                            [90mâ”‚[39m
Admin UI E2E (3, chrome)	Run Cypress	2025-01-17T00:59:37.2419263Z [90m  â”‚[39m [90mDuration:[39m     [32m1 minute, 37 seconds[39m                                                             [90mâ”‚[39m
Admin UI E2E (3, chrome)	Run Cypress	2025-01-17T00:59:37.2420857Z [90m  â”‚[39m [90mSpec Ran:[39m     [32m[32mrealm_settings_client_policies_test.spec.ts[32m[39m                                      [90mâ”‚[39m
Admin UI E2E (3, chrome)	Run Cypress	2025-01-17T00:59:37.2429282Z [90m  â””[39m[90mâ”€[39m[90mâ”€[39m[90mâ”€[39m[90mâ”€[39m[90mâ”€[39m[90mâ”€[39m[90mâ”€[39m[90mâ”€[39m[90mâ”€[39m[90mâ”€[39m[90mâ”€[39m[90mâ”€[39m[90mâ”€[39m[90mâ”€[39m[90mâ”€[39m[90mâ”€[39m[90mâ”€[39m[90mâ”€[39m[90mâ”€[39m[90mâ”€[39m[90mâ”€[39m[90mâ”€[39m[90mâ”€[39m[90mâ”€[39m[90mâ”€[39m[90mâ”€[39m[90mâ”€[39m[90mâ”€[39m[90mâ”€[39m[90mâ”€[39m[90mâ”€[39m[90mâ”€[39m[90mâ”€[39m[90mâ”€[39m[90mâ”€[39m[90mâ”€[39m[90mâ”€[39m[90mâ”€[39m[90mâ”€[39m[90mâ”€[39m[90mâ”€[39m[90mâ”€[39m[90mâ”€[39m[90mâ”€[39m[90mâ”€[39m[90mâ”€[39m[90mâ”€[39m[90mâ”€[39m[90mâ”€[39m[90mâ”€[39m[90mâ”€[39m[90mâ”€[39m[90mâ”€[39m[90mâ”€[39m[90mâ”€[39m[90mâ”€[39m[90mâ”€[39m[90mâ”€[39m[90mâ”€[39m[90mâ”€[39m[90mâ”€[39m[90mâ”€[39m[90mâ”€[39m[90mâ”€[39m[90mâ”€[39m[90mâ”€[39m[90mâ”€[39m[90mâ”€[39m[90mâ”€[39m[90mâ”€[39m[90mâ”€[39m[90mâ”€[39m[90mâ”€[39m[90mâ”€[39m[90mâ”€[39m[90mâ”€[39m[90mâ”€[39m[90mâ”€[39m[90mâ”€[39m[90mâ”€[39m[90mâ”€[39m[90mâ”€[39m[90mâ”€[39m[90mâ”€[39m[90mâ”€[39m[90mâ”€[39m[90mâ”€[39m[90mâ”€[39m[90mâ”€[39m[90mâ”€[39m[90mâ”€[39m[90mâ”€[39m[90mâ”€[39m[90mâ”€[39m[90mâ”€[39m[90mâ”€[39m[90mâ”˜[39m
Admin UI E2E (3, chrome)	Run Cypress	2025-01-17T00:59:37.2433332Z 
Admin UI E2E (3, chrome)	Run Cypress	2025-01-17T00:59:37.2898600Z 
Admin UI E2E (3, chrome)	Run Cypress	2025-01-17T00:59:37.2914449Z [90mâ”€[39m[90mâ”€[39m[90mâ”€[39m[90mâ”€[39m[90mâ”€[39m[90mâ”€[39m[90mâ”€[39m[90mâ”€[39m[90mâ”€[39m[90mâ”€[39m[90mâ”€[39m[90mâ”€[39m[90mâ”€[39m[90mâ”€[39m[90mâ”€[39m[90mâ”€[39m[90mâ”€[39m[90mâ”€[39m[90mâ”€[39m[90mâ”€[39m[90mâ”€[39m[90mâ”€[39m[90mâ”€[39m[90mâ”€[39m[90mâ”€[39m[90mâ”€[39m[90mâ”€[39m[90mâ”€[39m[90mâ”€[39m[90mâ”€[39m[90mâ”€[39m[90mâ”€[39m[90mâ”€[39m[90mâ”€[39m[90mâ”€[39m[90mâ”€[39m[90mâ”€[39m[90mâ”€[39m[90mâ”€[39m[90mâ”€[39m[90mâ”€[39m[90mâ”€[39m[90mâ”€[39m[90mâ”€[39m[90mâ”€[39m[90mâ”€[39m[90mâ”€[39m[90mâ”€[39m[90mâ”€[39m[90mâ”€[39m[90mâ”€[39m[90mâ”€[39m[90mâ”€[39m[90mâ”€[39m[90mâ”€[39m[90mâ”€[39m[90mâ”€[39m[90mâ”€[39m[90mâ”€[39m[90mâ”€[39m[90mâ”€[39m[90mâ”€[39m[90mâ”€[39m[90mâ”€[39m[90mâ”€[39m[90mâ”€[39m[90mâ”€[39m[90mâ”€[39m[90mâ”€[39m[90mâ”€[39m[90mâ”€[39m[90mâ”€[39m[90mâ”€[39m[90mâ”€[39m[90mâ”€[39m[90mâ”€[39m[90mâ”€[39m[90mâ”€[39m[90mâ”€[39m[90mâ”€[39m[90mâ”€[39m[90mâ”€[39m[90mâ”€[39m[90mâ”€[39m[90mâ”€[39m[90mâ”€[39m[90mâ”€[39m[90mâ”€[39m[90mâ”€[39m[90mâ”€[39m[90mâ”€[39m[90mâ”€[39m[90mâ”€[39m[90mâ”€[39m[90mâ”€[39m[90mâ”€[39m[90mâ”€[39m[90mâ”€[39m[90mâ”€[39m[90mâ”€[39m
Admin UI E2E (3, chrome)	Run Cypress	2025-01-17T00:59:37.2919790Z                                                                                                     
Admin UI E2E (3, chrome)	Run Cypress	2025-01-17T00:59:37.2920657Z   Running:  [90mauthentication_test.spec.ts[39m                                                     [90m(2 of 8)[39m
Admin UI E2E (3, chrome)	Run Cypress	2025-01-17T00:59:42.3204730Z 
Admin UI E2E (3, chrome)	Run Cypress	2025-01-17T00:59:42.3208565Z [0m[0m
Admin UI E2E (3, chrome)	Run Cypress	2025-01-17T00:59:42.3226921Z [0m  Authentication test[0m
Admin UI E2E (3, chrome)	Run Cypress	2025-01-17T00:59:49.3599725Z   [32m  âœ“[0m[90m authentication empty search test[0m[90m (6980ms)[0m
Admin UI E2E (3, chrome)	Run Cypress	2025-01-17T00:59:53.2553185Z   [32m  âœ“[0m[90m authentication search flow[0m[90m (3761ms)[0m
Admin UI E2E (3, chrome)	Run Cypress	2025-01-17T00:59:58.1397940Z   [32m  âœ“[0m[90m should create duplicate of existing flow[0m[90m (4777ms)[0m
Admin UI E2E (3, chrome)	Run Cypress	2025-01-17T01:00:01.8890766Z   [32m  âœ“[0m[90m Should fail duplicate with empty flow name[0m[90m (3652ms)[0m
Admin UI E2E (3, chrome)	Run Cypress	2025-01-17T01:00:06.5821298Z   [32m  âœ“[0m[90m Should fail duplicate with duplicated name[0m[90m (4598ms)[0m
Admin UI E2E (3, chrome)	Run Cypress	2025-01-17T01:00:10.1558891Z   [32m  âœ“[0m[90m Should show the details of a flow as a table[0m[90m (3470ms)[0m
Admin UI E2E (3, chrome)	Run Cypress	2025-01-17T01:00:10.2369492Z   [36m  - Should move kerberos down[0m
Admin UI E2E (3, chrome)	Run Cypress	2025-01-17T01:00:15.6891034Z   [32m  âœ“[0m[90m Should edit flow details[0m[90m (5361ms)[0m
Admin UI E2E (3, chrome)	Run Cypress	2025-01-17T01:00:20.2074052Z   [32m  âœ“[0m[90m Should change requirement of cookie[0m[90m (4324ms)[0m
Admin UI E2E (3, chrome)	Run Cypress	2025-01-17T01:00:23.9125144Z   [32m  âœ“[0m[90m Should switch to diagram mode[0m[90m (3546ms)[0m
Admin UI E2E (3, chrome)	Run Cypress	2025-01-17T01:00:28.9174078Z   [32m  âœ“[0m[90m Should add a execution[0m[90m (4898ms)[0m
Admin UI E2E (3, chrome)	Run Cypress	2025-01-17T01:00:33.0583126Z   [32m  âœ“[0m[90m should add a condition[0m[90m (4076ms)[0m
Admin UI E2E (3, chrome)	Run Cypress	2025-01-17T01:00:37.6715156Z   [32m  âœ“[0m[90m Should add a sub-flow[0m[90m (4486ms)[0m
Admin UI E2E (3, chrome)	Run Cypress	2025-01-17T01:00:41.7630601Z   [32m  âœ“[0m[90m Should remove an execution[0m[90m (4025ms)[0m
Admin UI E2E (3, chrome)	Run Cypress	2025-01-17T01:00:45.6640229Z   [32m  âœ“[0m[90m Should set as default in action menu[0m[90m (3758ms)[0m
Admin UI E2E (3, chrome)	Run Cypress	2025-01-17T01:00:51.7263590Z   [32m  âœ“[0m[90m should create flow from scratch[0m[90m (5949ms)[0m
Admin UI E2E (3, chrome)	Run Cypress	2025-01-17T01:00:55.4133511Z   [32m  âœ“[0m[90m Should delete a flow from action menu[0m[90m (3560ms)[0m
Admin UI E2E (3, chrome)	Run Cypress	2025-01-17T01:01:01.7784720Z   [32m  âœ“[0m[90m add webauthn authentication to browserflow[0m[90m (6250ms)[0m
Admin UI E2E (3, chrome)	Run Cypress	2025-01-17T01:01:07.9035948Z   [32m  âœ“[0m[90m Should display the default browser flow diagram[0m[90m (5139ms)[0m
Admin UI E2E (3, chrome)	Run Cypress	2025-01-17T01:01:07.9399604Z 
Admin UI E2E (3, chrome)	Run Cypress	2025-01-17T01:01:07.9401365Z [0m  Required actions[0m
Admin UI E2E (3, chrome)	Run Cypress	2025-01-17T01:01:12.5089127Z   [32m  âœ“[0m[90m should enable delete account[0m[90m (4510ms)[0m
Admin UI E2E (3, chrome)	Run Cypress	2025-01-17T01:01:17.1011089Z   [32m  âœ“[0m[90m should register an unregistered action[0m[90m (4493ms)[0m
Admin UI E2E (3, chrome)	Run Cypress	2025-01-17T01:01:20.6161486Z   [32m  âœ“[0m[90m should set action as default[0m[90m (3395ms)[0m
Admin UI E2E (3, chrome)	Run Cypress	2025-01-17T01:01:25.0895378Z   [32m  âœ“[0m[90m should reorder required actions[0m[90m (3841ms)[0m
Admin UI E2E (3, chrome)	Run Cypress	2025-01-17T01:01:25.1034123Z 
Admin UI E2E (3, chrome)	Run Cypress	2025-01-17T01:01:25.1035319Z [0m  Password policies tab[0m
Admin UI E2E (3, chrome)	Run Cypress	2025-01-17T01:01:28.3334035Z   [32m  âœ“[0m[90m should add password policies[0m[90m (3209ms)[0m
Admin UI E2E (3, chrome)	Run Cypress	2025-01-17T01:01:30.9703094Z   [32m  âœ“[0m[90m should remove password policies[0m[90m (2553ms)[0m
Admin UI E2E (3, chrome)	Run Cypress	2025-01-17T01:01:30.9869970Z 
Admin UI E2E (3, chrome)	Run Cypress	2025-01-17T01:01:30.9871442Z [0m  Accessibility tests for authentication[0m
Admin UI E2E (3, chrome)	Run Cypress	2025-01-17T01:01:35.8461709Z   [32m  âœ“[0m[90m Check a11y violations on load/ authentication tab/ flows sub tab[0m[90m (4817ms)[0m
Admin UI E2E (3, chrome)	Run Cypress	2025-01-17T01:01:39.2734395Z   [32m  âœ“[0m[90m Check a11y violations on load/ authentication tab/ flows sub tab/ creating flow form[0m[90m (3395ms)[0m
Admin UI E2E (3, chrome)	Run Cypress	2025-01-17T01:01:44.3248851Z   [32m  âœ“[0m[90m Check a11y violations on load/ authentication tab/ flows sub tab/ creating flow[0m[90m (4884ms)[0m
Admin UI E2E (3, chrome)	Run Cypress	2025-01-17T01:01:48.8090594Z   [32m  âœ“[0m[90m Check a11y violations on load/ authentication tab/ flows sub tab/ creating flow form[0m[90m (4420ms)[0m
Admin UI E2E (3, chrome)	Run Cypress	2025-01-17T01:01:52.9735303Z   [32m  âœ“[0m[90m Check a11y violations on load/ authentication tab/ required actions sub tab[0m[90m (4093ms)[0m
Admin UI E2E (3, chrome)	Run Cypress	2025-01-17T01:01:56.8044368Z   [32m  âœ“[0m[90m Check a11y violations on load/ policies tab/ password policy sub tab[0m[90m (3769ms)[0m
Admin UI E2E (3, chrome)	Run Cypress	2025-01-17T01:02:01.0590520Z   [32m  âœ“[0m[90m Check a11y violations on load/ authentication tab/ policies sub tab/ adding policy[0m[90m (4197ms)[0m
Admin UI E2E (3, chrome)	Run Cypress	2025-01-17T01:02:04.6352390Z   [32m  âœ“[0m[90m Check a11y violations on load/ policies tab/ otp policy sub tab[0m[90m (3526ms)[0m
Admin UI E2E (3, chrome)	Run Cypress	2025-01-17T01:02:08.2951211Z   [32m  âœ“[0m[90m Check a11y violations on load/ policies tab/ WebAuthn Policies sub tab[0m[90m (3613ms)[0m
Admin UI E2E (3, chrome)	Run Cypress	2025-01-17T01:02:11.9173738Z   [32m  âœ“[0m[90m Check a11y violations on load/ policies tab/ WebAuthn Passwordless Policies sub tab[0m[90m (3543ms)[0m
Admin UI E2E (3, chrome)	Run Cypress	2025-01-17T01:02:16.1880798Z   [32m  âœ“[0m[90m Check a11y violations on load/ policies tab/ CIBA Policy sub tab[0m[90m (3712ms)[0m
Admin UI E2E (3, chrome)	Run Cypress	2025-01-17T01:02:16.1884532Z 
Admin UI E2E (3, chrome)	Run Cypress	2025-01-17T01:02:16.2508471Z 
Admin UI E2E (3, chrome)	Run Cypress	2025-01-17T01:02:16.2509907Z [92m [0m[32m 35 passing[0m[90m (3m)[0m
Admin UI E2E (3, chrome)	Run Cypress	2025-01-17T01:02:16.2510694Z [36m [0m[36m 1 pending[0m
Admin UI E2E (3, chrome)	Run Cypress	2025-01-17T01:02:16.2511005Z 
Admin UI E2E (3, chrome)	Run Cypress	2025-01-17T01:02:17.2898667Z 
Admin UI E2E (3, chrome)	Run Cypress	2025-01-17T01:02:17.2901432Z [32m  ([4m[1mResults[22m[24m)[39m
Admin UI E2E (3, chrome)	Run Cypress	2025-01-17T01:02:17.2927188Z 
Admin UI E2E (3, chrome)	Run Cypress	2025-01-17T01:02:17.2946091Z [90m  â”Œ[39m[90mâ”€[39m[90mâ”€[39m[90mâ”€[39m[90mâ”€[39m[90mâ”€[39m[90mâ”€[39m[90mâ”€[39m[90mâ”€[39m[90mâ”€[39m[90mâ”€[39m[90mâ”€[39m[90mâ”€[39m[90mâ”€[39m[90mâ”€[39m[90mâ”€[39m[90mâ”€[39m[90mâ”€[39m[90mâ”€[39m[90mâ”€[39m[90mâ”€[39m[90mâ”€[39m[90mâ”€[39m[90mâ”€[39m[90mâ”€[39m[90mâ”€[39m[90mâ”€[39m[90mâ”€[39m[90mâ”€[39m[90mâ”€[39m[90mâ”€[39m[90mâ”€[39m[90mâ”€[39m[90mâ”€[39m[90mâ”€[39m[90mâ”€[39m[90mâ”€[39m[90mâ”€[39m[90mâ”€[39m[90mâ”€[39m[90mâ”€[39m[90mâ”€[39m[90mâ”€[39m[90mâ”€[39m[90mâ”€[39m[90mâ”€[39m[90mâ”€[39m[90mâ”€[39m[90mâ”€[39m[90mâ”€[39m[90mâ”€[39m[90mâ”€[39m[90mâ”€[39m[90mâ”€[39m[90mâ”€[39m[90mâ”€[39m[90mâ”€[39m[90mâ”€[39m[90mâ”€[39m[90mâ”€[39m[90mâ”€[39m[90mâ”€[39m[90mâ”€[39m[90mâ”€[39m[90mâ”€[39m[90mâ”€[39m[90mâ”€[39m[90mâ”€[39m[90mâ”€[39m[90mâ”€[39m[90mâ”€[39m[90mâ”€[39m[90mâ”€[39m[90mâ”€[39m[90mâ”€[39m[90mâ”€[39m[90mâ”€[39m[90mâ”€[39m[90mâ”€[39m[90mâ”€[39m[90mâ”€[39m[90mâ”€[39m[90mâ”€[39m[90mâ”€[39m[90mâ”€[39m[90mâ”€[39m[90mâ”€[39m[90mâ”€[39m[90mâ”€[39m[90mâ”€[39m[90mâ”€[39m[90mâ”€[39m[90mâ”€[39m[90mâ”€[39m[90mâ”€[39m[90mâ”€[39m[90mâ”€[39m[90mâ”[39m
Admin UI E2E (3, chrome)	Run Cypress	2025-01-17T01:02:17.2952026Z [90m  â”‚[39m [90mTests:[39m        [32m36[39m                                                                               [90mâ”‚[39m
Admin UI E2E (3, chrome)	Run Cypress	2025-01-17T01:02:17.2953190Z [90m  â”‚[39m [90mPassing:[39m      [32m35[39m                                                                               [90mâ”‚[39m
Admin UI E2E (3, chrome)	Run Cypress	2025-01-17T01:02:17.2954460Z [90m  â”‚[39m [90mFailing:[39m      [32m0[39m                                                                                [90mâ”‚[39m
Admin UI E2E (3, chrome)	Run Cypress	2025-01-17T01:02:17.2955728Z [90m  â”‚[39m [90mPending:[39m      [32m1[39m                                                                                [90mâ”‚[39m
Admin UI E2E (3, chrome)	Run Cypress	2025-01-17T01:02:17.2956799Z [90m  â”‚[39m [90mSkipped:[39m      [32m0[39m                                                                                [90mâ”‚[39m
Admin UI E2E (3, chrome)	Run Cypress	2025-01-17T01:02:17.2958115Z [90m  â”‚[39m [90mScreenshots:[39m  [32m0[39m                                                                                [90mâ”‚[39m
Admin UI E2E (3, chrome)	Run Cypress	2025-01-17T01:02:17.2959221Z [90m  â”‚[39m [90mVideo:[39m        [32mfalse[39m                                                                            [90mâ”‚[39m
Admin UI E2E (3, chrome)	Run Cypress	2025-01-17T01:02:17.2960457Z [90m  â”‚[39m [90mDuration:[39m     [32m2 minutes, 33 seconds[39m                                                            [90mâ”‚[39m
Admin UI E2E (3, chrome)	Run Cypress	2025-01-17T01:02:17.2962133Z [90m  â”‚[39m [90mSpec Ran:[39m     [32m[32mauthentication_test.spec.ts[32m[39m                                                      [90mâ”‚[39m
Admin UI E2E (3, chrome)	Run Cypress	2025-01-17T01:02:17.2969550Z [90m  â””[39m[90mâ”€[39m[90mâ”€[39m[90mâ”€[39m[90mâ”€[39m[90mâ”€[39m[90mâ”€[39m[90mâ”€[39m[90mâ”€[39m[90mâ”€[39m[90mâ”€[39m[90mâ”€[39m[90mâ”€[39m[90mâ”€[39m[90mâ”€[39m[90mâ”€[39m[90mâ”€[39m[90mâ”€[39m[90mâ”€[39m[90mâ”€[39m[90mâ”€[39m[90mâ”€[39m[90mâ”€[39m[90mâ”€[39m[90mâ”€[39m[90mâ”€[39m[90mâ”€[39m[90mâ”€[39m[90mâ”€[39m[90mâ”€[39m[90mâ”€[39m[90mâ”€[39m[90mâ”€[39m[90mâ”€[39m[90mâ”€[39m[90mâ”€[39m[90mâ”€[39m[90mâ”€[39m[90mâ”€[39m[90mâ”€[39m[90mâ”€[39m[90mâ”€[39m[90mâ”€[39m[90mâ”€[39m[90mâ”€[39m[90mâ”€[39m[90mâ”€[39m[90mâ”€[39m[90mâ”€[39m[90mâ”€[39m[90mâ”€[39m[90mâ”€[39m[90mâ”€[39m[90mâ”€[39m[90mâ”€[39m[90mâ”€[39m[90mâ”€[39m[90mâ”€[39m[90mâ”€[39m[90mâ”€[39m[90mâ”€[39m[90mâ”€[39m[90mâ”€[39m[90mâ”€[39m[90mâ”€[39m[90mâ”€[39m[90mâ”€[39m[90mâ”€[39m[90mâ”€[39m[90mâ”€[39m[90mâ”€[39m[90mâ”€[39m[90mâ”€[39m[90mâ”€[39m[90mâ”€[39m[90mâ”€[39m[90mâ”€[39m[90mâ”€[39m[90mâ”€[39m[90mâ”€[39m[90mâ”€[39m[90mâ”€[39m[90mâ”€[39m[90mâ”€[39m[90mâ”€[39m[90mâ”€[39m[90mâ”€[39m[90mâ”€[39m[90mâ”€[39m[90mâ”€[39m[90mâ”€[39m[90mâ”€[39m[90mâ”€[39m[90mâ”€[39m[90mâ”€[39m[90mâ”€[39m[90mâ”€[39m[90mâ”˜[39m
Admin UI E2E (3, chrome)	Run Cypress	2025-01-17T01:02:17.2973759Z 
Admin UI E2E (3, chrome)	Run Cypress	2025-01-17T01:02:17.3415993Z 
Admin UI E2E (3, chrome)	Run Cypress	2025-01-17T01:02:17.3425362Z [90mâ”€[39m[90mâ”€[39m[90mâ”€[39m[90mâ”€[39m[90mâ”€[39m[90mâ”€[39m[90mâ”€[39m[90mâ”€[39m[90mâ”€[39m[90mâ”€[39m[90mâ”€[39m[90mâ”€[39m[90mâ”€[39m[90mâ”€[39m[90mâ”€[39m[90mâ”€[39m[90mâ”€[39m[90mâ”€[39m[90mâ”€[39m[90mâ”€[39m[90mâ”€[39m[90mâ”€[39m[90mâ”€[39m[90mâ”€[39m[90mâ”€[39m[90mâ”€[39m[90mâ”€[39m[90mâ”€[39m[90mâ”€[39m[90mâ”€[39m[90mâ”€[39m[90mâ”€[39m[90mâ”€[39m[90mâ”€[39m[90mâ”€[39m[90mâ”€[39m[90mâ”€[39m[90mâ”€[39m[90mâ”€[39m[90mâ”€[39m[90mâ”€[39m[90mâ”€[39m[90mâ”€[39m[90mâ”€[39m[90mâ”€[39m[90mâ”€[39m[90mâ”€[39m[90mâ”€[39m[90mâ”€[39m[90mâ”€[39m[90mâ”€[39m[90mâ”€[39m[90mâ”€[39m[90mâ”€[39m[90mâ”€[39m[90mâ”€[39m[90mâ”€[39m[90mâ”€[39m[90mâ”€[39m[90mâ”€[39m[90mâ”€[39m[90mâ”€[39m[90mâ”€[39m[90mâ”€[39m[90mâ”€[39m[90mâ”€[39m[90mâ”€[39m[90mâ”€[39m[90mâ”€[39m[90mâ”€[39m[90mâ”€[39m[90mâ”€[39m[90mâ”€[39m[90mâ”€[39m[90mâ”€[39m[90mâ”€[39m[90mâ”€[39m[90mâ”€[39m[90mâ”€[39m[90mâ”€[39m[90mâ”€[39m[90mâ”€[39m[90mâ”€[39m[90mâ”€[39m[90mâ”€[39m[90mâ”€[39m[90mâ”€[39m[90mâ”€[39m[90mâ”€[39m[90mâ”€[39m[90mâ”€[39m[90mâ”€[39m[90mâ”€[39m[90mâ”€[39m[90mâ”€[39m[90mâ”€[39m[90mâ”€[39m[90mâ”€[39m[90mâ”€[39m[90mâ”€[39m
Admin UI E2E (3, chrome)	Run Cypress	2025-01-17T01:02:17.3440505Z                                                                                                     
Admin UI E2E (3, chrome)	Run Cypress	2025-01-17T01:02:17.3492009Z   Running:  [90muser_fed_test.spec.ts[39m                                                           [90m(3 of 8)[39m
Admin UI E2E (3, chrome)	Run Cypress	2025-01-17T01:02:20.7721517Z 
Admin UI E2E (3, chrome)	Run Cypress	2025-01-17T01:02:20.7724107Z [0m[0m
Admin UI E2E (3, chrome)	Run Cypress	2025-01-17T01:02:20.7755360Z [0m  Accessibility tests for user federation[0m
Admin UI E2E (3, chrome)	Run Cypress	2025-01-17T01:02:25.6708045Z   [32m  âœ“[0m[90m Check a11y violations on load/ user federation[0m[90m (4885ms)[0m
Admin UI E2E (3, chrome)	Run Cypress	2025-01-17T01:02:25.6708782Z 
Admin UI E2E (3, chrome)	Run Cypress	2025-01-17T01:02:25.6907706Z 
Admin UI E2E (3, chrome)	Run Cypress	2025-01-17T01:02:25.6909866Z [92m [0m[32m 1 passing[0m[90m (5s)[0m
Admin UI E2E (3, chrome)	Run Cypress	2025-01-17T01:02:25.6912137Z 
Admin UI E2E (3, chrome)	Run Cypress	2025-01-17T01:02:27.0870495Z 
Admin UI E2E (3, chrome)	Run Cypress	2025-01-17T01:02:27.0872117Z [32m  ([4m[1mResults[22m[24m)[39m
Admin UI E2E (3, chrome)	Run Cypress	2025-01-17T01:02:27.0881152Z 
Admin UI E2E (3, chrome)	Run Cypress	2025-01-17T01:02:27.0898325Z [90m  â”Œ[39m[90mâ”€[39m[90mâ”€[39m[90mâ”€[39m[90mâ”€[39m[90mâ”€[39m[90mâ”€[39m[90mâ”€[39m[90mâ”€[39m[90mâ”€[39m[90mâ”€[39m[90mâ”€[39m[90mâ”€[39m[90mâ”€[39m[90mâ”€[39m[90mâ”€[39m[90mâ”€[39m[90mâ”€[39m[90mâ”€[39m[90mâ”€[39m[90mâ”€[39m[90mâ”€[39m[90mâ”€[39m[90mâ”€[39m[90mâ”€[39m[90mâ”€[39m[90mâ”€[39m[90mâ”€[39m[90mâ”€[39m[90mâ”€[39m[90mâ”€[39m[90mâ”€[39m[90mâ”€[39m[90mâ”€[39m[90mâ”€[39m[90mâ”€[39m[90mâ”€[39m[90mâ”€[39m[90mâ”€[39m[90mâ”€[39m[90mâ”€[39m[90mâ”€[39m[90mâ”€[39m[90mâ”€[39m[90mâ”€[39m[90mâ”€[39m[90mâ”€[39m[90mâ”€[39m[90mâ”€[39m[90mâ”€[39m[90mâ”€[39m[90mâ”€[39m[90mâ”€[39m[90mâ”€[39m[90mâ”€[39m[90mâ”€[39m[90mâ”€[39m[90mâ”€[39m[90mâ”€[39m[90mâ”€[39m[90mâ”€[39m[90mâ”€[39m[90mâ”€[39m[90mâ”€[39m[90mâ”€[39m[90mâ”€[39m[90mâ”€[39m[90mâ”€[39m[90mâ”€[39m[90mâ”€[39m[90mâ”€[39m[90mâ”€[39m[90mâ”€[39m[90mâ”€[39m[90mâ”€[39m[90mâ”€[39m[90mâ”€[39m[90mâ”€[39m[90mâ”€[39m[90mâ”€[39m[90mâ”€[39m[90mâ”€[39m[90mâ”€[39m[90mâ”€[39m[90mâ”€[39m[90mâ”€[39m[90mâ”€[39m[90mâ”€[39m[90mâ”€[39m[90mâ”€[39m[90mâ”€[39m[90mâ”€[39m[90mâ”€[39m[90mâ”€[39m[90mâ”€[39m[90mâ”€[39m[90mâ”€[39m[90mâ”[39m
Admin UI E2E (3, chrome)	Run Cypress	2025-01-17T01:02:27.0903009Z [90m  â”‚[39m [90mTests:[39m        [32m1[39m                                                                                [90mâ”‚[39m
Admin UI E2E (3, chrome)	Run Cypress	2025-01-17T01:02:27.0904103Z [90m  â”‚[39m [90mPassing:[39m      [32m1[39m                                                                                [90mâ”‚[39m
Admin UI E2E (3, chrome)	Run Cypress	2025-01-17T01:02:27.0905142Z [90m  â”‚[39m [90mFailing:[39m      [32m0[39m                                                                                [90mâ”‚[39m
Admin UI E2E (3, chrome)	Run Cypress	2025-01-17T01:02:27.0906136Z [90m  â”‚[39m [90mPending:[39m      [32m0[39m                                                                                [90mâ”‚[39m
Admin UI E2E (3, chrome)	Run Cypress	2025-01-17T01:02:27.0907387Z [90m  â”‚[39m [90mSkipped:[39m      [32m0[39m                                                                                [90mâ”‚[39m
Admin UI E2E (3, chrome)	Run Cypress	2025-01-17T01:02:27.0909137Z [90m  â”‚[39m [90mScreenshots:[39m  [32m0[39m                                                                                [90mâ”‚[39m
Admin UI E2E (3, chrome)	Run Cypress	2025-01-17T01:02:27.0910182Z [90m  â”‚[39m [90mVideo:[39m        [32mfalse[39m                                                                            [90mâ”‚[39m
Admin UI E2E (3, chrome)	Run Cypress	2025-01-17T01:02:27.0911219Z [90m  â”‚[39m [90mDuration:[39m     [32m4 seconds[39m                                                                        [90mâ”‚[39m
Admin UI E2E (3, chrome)	Run Cypress	2025-01-17T01:02:27.0912355Z [90m  â”‚[39m [90mSpec Ran:[39m     [32m[32muser_fed_test.spec.ts[32m[39m                                                            [90mâ”‚[39m
Admin UI E2E (3, chrome)	Run Cypress	2025-01-17T01:02:27.0918393Z [90m  â””[39m[90mâ”€[39m[90mâ”€[39m[90mâ”€[39m[90mâ”€[39m[90mâ”€[39m[90mâ”€[39m[90mâ”€[39m[90mâ”€[39m[90mâ”€[39m[90mâ”€[39m[90mâ”€[39m[90mâ”€[39m[90mâ”€[39m[90mâ”€[39m[90mâ”€[39m[90mâ”€[39m[90mâ”€[39m[90mâ”€[39m[90mâ”€[39m[90mâ”€[39m[90mâ”€[39m[90mâ”€[39m[90mâ”€[39m[90mâ”€[39m[90mâ”€[39m[90mâ”€[39m[90mâ”€[39m[90mâ”€[39m[90mâ”€[39m[90mâ”€[39m[90mâ”€[39m[90mâ”€[39m[90mâ”€[39m[90mâ”€[39m[90mâ”€[39m[90mâ”€[39m[90mâ”€[39m[90mâ”€[39m[90mâ”€[39m[90mâ”€[39m[90mâ”€[39m[90mâ”€[39m[90mâ”€[39m[90mâ”€[39m[90mâ”€[39m[90mâ”€[39m[90mâ”€[39m[90mâ”€[39m[90mâ”€[39m[90mâ”€[39m[90mâ”€[39m[90mâ”€[39m[90mâ”€[39m[90mâ”€[39m[90mâ”€[39m[90mâ”€[39m[90mâ”€[39m[90mâ”€[39m[90mâ”€[39m[90mâ”€[39m[90mâ”€[39m[90mâ”€[39m[90mâ”€[39m[90mâ”€[39m[90mâ”€[39m[90mâ”€[39m[90mâ”€[39m[90mâ”€[39m[90mâ”€[39m[90mâ”€[39m[90mâ”€[39m[90mâ”€[39m[90mâ”€[39m[90mâ”€[39m[90mâ”€[39m[90mâ”€[39m[90mâ”€[39m[90mâ”€[39m[90mâ”€[39m[90mâ”€[39m[90mâ”€[39m[90mâ”€[39m[90mâ”€[39m[90mâ”€[39m[90mâ”€[39m[90mâ”€[39m[90mâ”€[39m[90mâ”€[39m[90mâ”€[39m[90mâ”€[39m[90mâ”€[39m[90mâ”€[39m[90mâ”€[39m[90mâ”€[39m[90mâ”€[39m[90mâ”€[39m[90mâ”˜[39m
Admin UI E2E (3, chrome)	Run Cypress	2025-01-17T01:02:27.0922135Z 
Admin UI E2E (3, chrome)	Run Cypress	2025-01-17T01:02:27.1468460Z 
Admin UI E2E (3, chrome)	Run Cypress	2025-01-17T01:02:27.1496488Z [90mâ”€[39m[90mâ”€[39m[90mâ”€[39m[90mâ”€[39m[90mâ”€[39m[90mâ”€[39m[90mâ”€[39m[90mâ”€[39m[90mâ”€[39m[90mâ”€[39m[90mâ”€[39m[90mâ”€[39m[90mâ”€[39m[90mâ”€[39m[90mâ”€[39m[90mâ”€[39m[90mâ”€[39m[90mâ”€[39m[90mâ”€[39m[90mâ”€[39m[90mâ”€[39m[90mâ”€[39m[90mâ”€[39m[90mâ”€[39m[90mâ”€[39m[90mâ”€[39m[90mâ”€[39m[90mâ”€[39m[90mâ”€[39m[90mâ”€[39m[90mâ”€[39m[90mâ”€[39m[90mâ”€[39m[90mâ”€[39m[90mâ”€[39m[90mâ”€[39m[90mâ”€[39m[90mâ”€[39m[90mâ”€[39m[90mâ”€[39m[90mâ”€[39m[90mâ”€[39m[90mâ”€[39m[90mâ”€[39m[90mâ”€[39m[90mâ”€[39m[90mâ”€[39m[90mâ”€[39m[90mâ”€[39m[90mâ”€[39m[90mâ”€[39m[90mâ”€[39m[90mâ”€[39m[90mâ”€[39m[90mâ”€[39m[90mâ”€[39m[90mâ”€[39m[90mâ”€[39m[90mâ”€[39m[90mâ”€[39m[90mâ”€[39m[90mâ”€[39m[90mâ”€[39m[90mâ”€[39m[90mâ”€[39m[90mâ”€[39m[90mâ”€[39m[90mâ”€[39m[90mâ”€[39m[90mâ”€[39m[90mâ”€[39m[90mâ”€[39m[90mâ”€[39m[90mâ”€[39m[90mâ”€[39m[90mâ”€[39m[90mâ”€[39m[90mâ”€[39m[90mâ”€[39m[90mâ”€[39m[90mâ”€[39m[90mâ”€[39m[90mâ”€[39m[90mâ”€[39m[90mâ”€[39m[90mâ”€[39m[90mâ”€[39m[90mâ”€[39m[90mâ”€[39m[90mâ”€[39m[90mâ”€[39m[90mâ”€[39m[90mâ”€[39m[90mâ”€[39m[90mâ”€[39m[90mâ”€[39m[90mâ”€[39m[90mâ”€[39m[90mâ”€[39m[90mâ”€[39m
Admin UI E2E (3, chrome)	Run Cypress	2025-01-17T01:02:27.1503140Z                                                                                                     
Admin UI E2E (3, chrome)	Run Cypress	2025-01-17T01:02:27.1504825Z   Running:  [90mauthentication_policies_ciba.spec.ts[39m                                            [90m(4 of 8)[39m
Admin UI E2E (3, chrome)	Run Cypress	2025-01-17T01:02:31.5216084Z 
Admin UI E2E (3, chrome)	Run Cypress	2025-01-17T01:02:31.5218394Z [0m[0m
Admin UI E2E (3, chrome)	Run Cypress	2025-01-17T01:02:31.5245409Z [0m  Authentication - Policies - CIBA[0m
Admin UI E2E (3, chrome)	Run Cypress	2025-01-17T01:02:37.8676672Z   [32m  âœ“[0m[90m displays the initial state[0m[90m (6290ms)[0m
Admin UI E2E (3, chrome)	Run Cypress	2025-01-17T01:02:42.5862293Z   [32m  âœ“[0m[90m validates the fields[0m[90m (4620ms)[0m
Admin UI E2E (3, chrome)	Run Cypress	2025-01-17T01:02:47.2132521Z   [32m  âœ“[0m[90m saves the form[0m[90m (4093ms)[0m
Admin UI E2E (3, chrome)	Run Cypress	2025-01-17T01:02:47.2138743Z 
Admin UI E2E (3, chrome)	Run Cypress	2025-01-17T01:02:47.2475929Z 
Admin UI E2E (3, chrome)	Run Cypress	2025-01-17T01:02:47.2477483Z [92m [0m[32m 3 passing[0m[90m (16s)[0m
Admin UI E2E (3, chrome)	Run Cypress	2025-01-17T01:02:47.2478256Z 
Admin UI E2E (3, chrome)	Run Cypress	2025-01-17T01:02:48.2970199Z 
Admin UI E2E (3, chrome)	Run Cypress	2025-01-17T01:02:48.2971982Z [32m  ([4m[1mResults[22m[24m)[39m
Admin UI E2E (3, chrome)	Run Cypress	2025-01-17T01:02:48.2977064Z 
Admin UI E2E (3, chrome)	Run Cypress	2025-01-17T01:02:48.2995011Z [90m  â”Œ[39m[90mâ”€[39m[90mâ”€[39m[90mâ”€[39m[90mâ”€[39m[90mâ”€[39m[90mâ”€[39m[90mâ”€[39m[90mâ”€[39m[90mâ”€[39m[90mâ”€[39m[90mâ”€[39m[90mâ”€[39m[90mâ”€[39m[90mâ”€[39m[90mâ”€[39m[90mâ”€[39m[90mâ”€[39m[90mâ”€[39m[90mâ”€[39m[90mâ”€[39m[90mâ”€[39m[90mâ”€[39m[90mâ”€[39m[90mâ”€[39m[90mâ”€[39m[90mâ”€[39m[90mâ”€[39m[90mâ”€[39m[90mâ”€[39m[90mâ”€[39m[90mâ”€[39m[90mâ”€[39m[90mâ”€[39m[90mâ”€[39m[90mâ”€[39m[90mâ”€[39m[90mâ”€[39m[90mâ”€[39m[90mâ”€[39m[90mâ”€[39m[90mâ”€[39m[90mâ”€[39m[90mâ”€[39m[90mâ”€[39m[90mâ”€[39m[90mâ”€[39m[90mâ”€[39m[90mâ”€[39m[90mâ”€[39m[90mâ”€[39m[90mâ”€[39m[90mâ”€[39m[90mâ”€[39m[90mâ”€[39m[90mâ”€[39m[90mâ”€[39m[90mâ”€[39m[90mâ”€[39m[90mâ”€[39m[90mâ”€[39m[90mâ”€[39m[90mâ”€[39m[90mâ”€[39m[90mâ”€[39m[90mâ”€[39m[90mâ”€[39m[90mâ”€[39m[90mâ”€[39m[90mâ”€[39m[90mâ”€[39m[90mâ”€[39m[90mâ”€[39m[90mâ”€[39m[90mâ”€[39m[90mâ”€[39m[90mâ”€[39m[90mâ”€[39m[90mâ”€[39m[90mâ”€[39m[90mâ”€[39m[90mâ”€[39m[90mâ”€[39m[90mâ”€[39m[90mâ”€[39m[90mâ”€[39m[90mâ”€[39m[90mâ”€[39m[90mâ”€[39m[90mâ”€[39m[90mâ”€[39m[90mâ”€[39m[90mâ”€[39m[90mâ”€[39m[90mâ”€[39m[90mâ”€[39m[90mâ”€[39m[90mâ”[39m
Admin UI E2E (3, chrome)	Run Cypress	2025-01-17T01:02:48.3001152Z [90m  â”‚[39m [90mTests:[39m        [32m3[39m                                                                                [90mâ”‚[39m
Admin UI E2E (3, chrome)	Run Cypress	2025-01-17T01:02:48.3002784Z [90m  â”‚[39m [90mPassing:[39m      [32m3[39m                                                                                [90mâ”‚[39m
Admin UI E2E (3, chrome)	Run Cypress	2025-01-17T01:02:48.3004375Z [90m  â”‚[39m [90mFailing:[39m      [32m0[39m                                                                                [90mâ”‚[39m
Admin UI E2E (3, chrome)	Run Cypress	2025-01-17T01:02:48.3005656Z [90m  â”‚[39m [90mPending:[39m      [32m0[39m                                                                                [90mâ”‚[39m
Admin UI E2E (3, chrome)	Run Cypress	2025-01-17T01:02:48.3007388Z [90m  â”‚[39m [90mSkipped:[39m      [32m0[39m                                                                                [90mâ”‚[39m
Admin UI E2E (3, chrome)	Run Cypress	2025-01-17T01:02:48.3009117Z [90m  â”‚[39m [90mScreenshots:[39m  [32m0[39m                                                                                [90mâ”‚[39m
Admin UI E2E (3, chrome)	Run Cypress	2025-01-17T01:02:48.3010686Z [90m  â”‚[39m [90mVideo:[39m        [32mfalse[39m                                                                            [90mâ”‚[39m
Admin UI E2E (3, chrome)	Run Cypress	2025-01-17T01:02:48.3012602Z [90m  â”‚[39m [90mDuration:[39m     [32m15 seconds[39m                                                                       [90mâ”‚[39m
Admin UI E2E (3, chrome)	Run Cypress	2025-01-17T01:02:48.3014510Z [90m  â”‚[39m [90mSpec Ran:[39m     [32m[32mauthentication_policies_ciba.spec.ts[32m[39m                                             [90mâ”‚[39m
Admin UI E2E (3, chrome)	Run Cypress	2025-01-17T01:02:48.3021772Z [90m  â””[39m[90mâ”€[39m[90mâ”€[39m[90mâ”€[39m[90mâ”€[39m[90mâ”€[39m[90mâ”€[39m[90mâ”€[39m[90mâ”€[39m[90mâ”€[39m[90mâ”€[39m[90mâ”€[39m[90mâ”€[39m[90mâ”€[39m[90mâ”€[39m[90mâ”€[39m[90mâ”€[39m[90mâ”€[39m[90mâ”€[39m[90mâ”€[39m[90mâ”€[39m[90mâ”€[39m[90mâ”€[39m[90mâ”€[39m[90mâ”€[39m[90mâ”€[39m[90mâ”€[39m[90mâ”€[39m[90mâ”€[39m[90mâ”€[39m[90mâ”€[39m[90mâ”€[39m[90mâ”€[39m[90mâ”€[39m[90mâ”€[39m[90mâ”€[39m[90mâ”€[39m[90mâ”€[39m[90mâ”€[39m[90mâ”€[39m[90mâ”€[39m[90mâ”€[39m[90mâ”€[39m[90mâ”€[39m[90mâ”€[39m[90mâ”€[39m[90mâ”€[39m[90mâ”€[39m[90mâ”€[39m[90mâ”€[39m[90mâ”€[39m[90mâ”€[39m[90mâ”€[39m[90mâ”€[39m[90mâ”€[39m[90mâ”€[39m[90mâ”€[39m[90mâ”€[39m[90mâ”€[39m[90mâ”€[39m[90mâ”€[39m[90mâ”€[39m[90mâ”€[39m[90mâ”€[39m[90mâ”€[39m[90mâ”€[39m[90mâ”€[39m[90mâ”€[39m[90mâ”€[39m[90mâ”€[39m[90mâ”€[39m[90mâ”€[39m[90mâ”€[39m[90mâ”€[39m[90mâ”€[39m[90mâ”€[39m[90mâ”€[39m[90mâ”€[39m[90mâ”€[39m[90mâ”€[39m[90mâ”€[39m[90mâ”€[39m[90mâ”€[39m[90mâ”€[39m[90mâ”€[39m[90mâ”€[39m[90mâ”€[39m[90mâ”€[39m[90mâ”€[39m[90mâ”€[39m[90mâ”€[39m[90mâ”€[39m[90mâ”€[39m[90mâ”€[39m[90mâ”€[39m[90mâ”€[39m[90mâ”€[39m[90mâ”˜[39m
Admin UI E2E (3, chrome)	Run Cypress	2025-01-17T01:02:48.3025038Z 
Admin UI E2E (3, chrome)	Run Cypress	2025-01-17T01:02:48.3380955Z 
Admin UI E2E (3, chrome)	Run Cypress	2025-01-17T01:02:48.3395701Z [90mâ”€[39m[90mâ”€[39m[90mâ”€[39m[90mâ”€[39m[90mâ”€[39m[90mâ”€[39m[90mâ”€[39m[90mâ”€[39m[90mâ”€[39m[90mâ”€[39m[90mâ”€[39m[90mâ”€[39m[90mâ”€[39m[90mâ”€[39m[90mâ”€[39m[90mâ”€[39m[90mâ”€[39m[90mâ”€[39m[90mâ”€[39m[90mâ”€[39m[90mâ”€[39m[90mâ”€[39m[90mâ”€[39m[90mâ”€[39m[90mâ”€[39m[90mâ”€[39m[90mâ”€[39m[90mâ”€[39m[90mâ”€[39m[90mâ”€[39m[90mâ”€[39m[90mâ”€[39m[90mâ”€[39m[90mâ”€[39m[90mâ”€[39m[90mâ”€[39m[90mâ”€[39m[90mâ”€[39m[90mâ”€[39m[90mâ”€[39m[90mâ”€[39m[90mâ”€[39m[90mâ”€[39m[90mâ”€[39m[90mâ”€[39m[90mâ”€[39m[90mâ”€[39m[90mâ”€[39m[90mâ”€[39m[90mâ”€[39m[90mâ”€[39m[90mâ”€[39m[90mâ”€[39m[90mâ”€[39m[90mâ”€[39m[90mâ”€[39m[90mâ”€[39m[90mâ”€[39m[90mâ”€[39m[90mâ”€[39m[90mâ”€[39m[90mâ”€[39m[90mâ”€[39m[90mâ”€[39m[90mâ”€[39m[90mâ”€[39m[90mâ”€[39m[90mâ”€[39m[90mâ”€[39m[90mâ”€[39m[90mâ”€[39m[90mâ”€[39m[90mâ”€[39m[90mâ”€[39m[90mâ”€[39m[90mâ”€[39m[90mâ”€[39m[90mâ”€[39m[90mâ”€[39m[90mâ”€[39m[90mâ”€[39m[90mâ”€[39m[90mâ”€[39m[90mâ”€[39m[90mâ”€[39m[90mâ”€[39m[90mâ”€[39m[90mâ”€[39m[90mâ”€[39m[90mâ”€[39m[90mâ”€[39m[90mâ”€[39m[90mâ”€[39m[90mâ”€[39m[90mâ”€[39m[90mâ”€[39m[90mâ”€[39m[90mâ”€[39m[90mâ”€[39m[90mâ”€[39m
Admin UI E2E (3, chrome)	Run Cypress	2025-01-17T01:02:48.3402560Z                                                                                                     
Admin UI E2E (3, chrome)	Run Cypress	2025-01-17T01:02:48.3404000Z   Running:  [90mclients_test.spec.ts[39m                                                            [90m(5 of 8)[39m
Admin UI E2E (3, chrome)	Run Cypress	2025-01-17T01:02:52.8913934Z 
Admin UI E2E (3, chrome)	Run Cypress	2025-01-17T01:02:52.8916564Z [0m[0m
Admin UI E2E (3, chrome)	Run Cypress	2025-01-17T01:02:52.8941030Z [0m  Clients test[0m
Admin UI E2E (3, chrome)	Run Cypress	2025-01-17T01:02:53.7209612Z [0m    Client creation[0m
Admin UI E2E (3, chrome)	Run Cypress	2025-01-17T01:03:00.2474314Z     [32m  âœ“[0m[90m Should cancel creating client[0m[90m (7240ms)[0m
Admin UI E2E (3, chrome)	Run Cypress	2025-01-17T01:03:11.8712832Z     [32m  âœ“[0m[90m Should check settings elements[0m[90m (11395ms)[0m
Admin UI E2E (3, chrome)	Run Cypress	2025-01-17T01:03:15.8241183Z     [32m  âœ“[0m[90m Should navigate to previous using 'back' button[0m[90m (3853ms)[0m
Admin UI E2E (3, chrome)	Run Cypress	2025-01-17T01:03:20.7354106Z     [32m  âœ“[0m[90m Should fail creating client[0m[90m (4851ms)[0m
Admin UI E2E (3, chrome)	Run Cypress	2025-01-17T01:03:32.0880598Z     [32m  âœ“[0m[90m Client CRUD test[0m[90m (11179ms)[0m
Admin UI E2E (3, chrome)	Run Cypress	2025-01-17T01:03:35.4195950Z     [32m  âœ“[0m[90m Should fail to create imported client with empty ID[0m[90m (3249ms)[0m
Admin UI E2E (3, chrome)	Run Cypress	2025-01-17T01:03:41.6468416Z     [32m  âœ“[0m[90m Should fail to create client with same ID[0m[90m (6149ms)[0m
Admin UI E2E (3, chrome)	Run Cypress	2025-01-17T01:03:44.5338416Z     [32m  âœ“[0m[90m should delete 'identical' client id[0m[90m (2838ms)[0m
Admin UI E2E (3, chrome)	Run Cypress	2025-01-17T01:03:44.5885557Z [0m    Service account tab test[0m
Admin UI E2E (3, chrome)	Run Cypress	2025-01-17T01:03:52.9388111Z     [32m  âœ“[0m[90m List[0m[90m (8263ms)[0m
Admin UI E2E (3, chrome)	Run Cypress	2025-01-17T01:04:34.5409026Z       [33m(Attempt 1 of 4)[0m Assign
Admin UI E2E (3, chrome)	Run Cypress	2025-01-17T01:05:24.6020242Z       [33m(Attempt 2 of 4)[0m Assign
Admin UI E2E (3, chrome)	Run Cypress	2025-01-17T01:06:21.7212481Z       [33m(Attempt 3 of 4)[0m Assign
Admin UI E2E (3, chrome)	Run Cypress	2025-01-17T01:07:27.2385640Z     [31m  1) Assign[0m
Admin UI E2E (3, chrome)	Run Cypress	2025-01-17T01:07:28.2018836Z [0m    Mapping tab[0m
Admin UI E2E (3, chrome)	Run Cypress	2025-01-17T01:07:38.4134233Z     [32m  âœ“[0m[90m Add mapping to openid client[0m[90m (9805ms)[0m
Admin UI E2E (3, chrome)	Run Cypress	2025-01-17T01:07:38.4786202Z [0m    Keys tab test[0m
Admin UI E2E (3, chrome)	Run Cypress	2025-01-17T01:07:47.9600351Z     [32m  âœ“[0m[90m Generate new keys[0m[90m (9167ms)[0m
Admin UI E2E (3, chrome)	Run Cypress	2025-01-17T01:07:48.0020792Z [0m    Realm client[0m
Admin UI E2E (3, chrome)	Run Cypress	2025-01-17T01:07:54.7456209Z     [32m  âœ“[0m[90m Displays the correct tabs[0m[90m (6486ms)[0m
Admin UI E2E (3, chrome)	Run Cypress	2025-01-17T01:08:00.8001229Z     [32m  âœ“[0m[90m Hides the delete action[0m[90m (5821ms)[0m
Admin UI E2E (3, chrome)	Run Cypress	2025-01-17T01:08:00.8285927Z [0m    ***
Admin UI E2E (3, chrome)	Run Cypress	2025-01-17T01:08:06.8965601Z     [32m  âœ“[0m[90m Shows an explainer text for bearer only clients[0m[90m (5967ms)[0m
Admin UI E2E (3, chrome)	Run Cypress	2025-01-17T01:08:13.4140369Z     [32m  âœ“[0m[90m Hides the capability config section[0m[90m (6124ms)[0m
Admin UI E2E (3, chrome)	Run Cypress	2025-01-17T01:08:13.4556303Z [0m    Generated home URLs for built-in clients[0m
Admin UI E2E (3, chrome)	Run Cypress	2025-01-17T01:08:17.1914024Z     [32m  âœ“[0m[90m Check account-console Home URL[0m[90m (3572ms)[0m
Admin UI E2E (3, chrome)	Run Cypress	2025-01-17T01:08:21.4456431Z     [32m  âœ“[0m[90m Check security-admin-console Home URL[0m[90m (4022ms)[0m
Admin UI E2E (3, chrome)	Run Cypress	2025-01-17T01:08:21.4666204Z [0m    Accessibility tests for clients[0m
Admin UI E2E (3, chrome)	Run Cypress	2025-01-17T01:08:25.7146793Z     [32m  âœ“[0m[90m Check a11y violations on load/ clients list tab[0m[90m (4155ms)[0m
Admin UI E2E (3, chrome)	Run Cypress	2025-01-17T01:08:32.3540016Z     [32m  âœ“[0m[90m Check a11y violations on create client page[0m[90m (6523ms)[0m
Admin UI E2E (3, chrome)	Run Cypress	2025-01-17T01:08:48.5289488Z     [32m  âœ“[0m[90m Check a11y violations on client details page[0m[90m (15973ms)[0m
Admin UI E2E (3, chrome)	Run Cypress	2025-01-17T01:08:54.7392234Z     [32m  âœ“[0m[90m Check a11y violations in delete dialog[0m[90m (6021ms)[0m
Admin UI E2E (3, chrome)	Run Cypress	2025-01-17T01:08:59.7515222Z     [32m  âœ“[0m[90m Check a11y violations on client registration/ anonymous access policies tab[0m[90m (4814ms)[0m
Admin UI E2E (3, chrome)	Run Cypress	2025-01-17T01:09:06.0897411Z     [32m  âœ“[0m[90m Check a11y violations on client registration/ authenticated access policies tab[0m[90m (5702ms)[0m
Admin UI E2E (3, chrome)	Run Cypress	2025-01-17T01:09:06.0907734Z 
Admin UI E2E (3, chrome)	Run Cypress	2025-01-17T01:09:06.2032875Z 
Admin UI E2E (3, chrome)	Run Cypress	2025-01-17T01:09:06.2037135Z [92m [0m[32m 23 passing[0m[90m (6m)[0m
Admin UI E2E (3, chrome)	Run Cypress	2025-01-17T01:09:06.2039819Z [31m  1 failing[0m
Admin UI E2E (3, chrome)	Run Cypress	2025-01-17T01:09:06.2047699Z 
Admin UI E2E (3, chrome)	Run Cypress	2025-01-17T01:09:06.2053471Z [0m  1) Clients test
Admin UI E2E (3, chrome)	Run Cypress	2025-01-17T01:09:06.2054252Z        Service account tab test
Admin UI E2E (3, chrome)	Run Cypress	2025-01-17T01:09:06.2054875Z          Assign:
Admin UI E2E (3, chrome)	Run Cypress	2025-01-17T01:09:06.2057142Z [0m[31m     AssertionError: Timed out retrying after 30000ms: expected '[ <td.pf-v5-c-table__td.pf-v5-c-table__check>, 39 more... ]' not to contain 'create-realm-9374c23c-553a-4e58-a848-fd3f80ef13df'[0m[90m
Admin UI E2E (3, chrome)	Run Cypress	2025-01-17T01:09:06.2061358Z       at Context.eval (webpack://@keycloak/keycloak-admin-ui/./cypress/support/pages/admin-ui/manage/RoleMappingTab.ts:91:0)
Admin UI E2E (3, chrome)	Run Cypress	2025-01-17T01:09:06.2062491Z [0m
Admin UI E2E (3, chrome)	Run Cypress	2025-01-17T01:09:06.2068203Z 
Admin UI E2E (3, chrome)	Run Cypress	2025-01-17T01:09:06.2068521Z 
Admin UI E2E (3, chrome)	Run Cypress	2025-01-17T01:09:07.2888023Z 
Admin UI E2E (3, chrome)	Run Cypress	2025-01-17T01:09:07.2890355Z [31m  ([4m[1mResults[22m[24m)[39m
Admin UI E2E (3, chrome)	Run Cypress	2025-01-17T01:09:07.2915955Z 
Admin UI E2E (3, chrome)	Run Cypress	2025-01-17T01:09:07.2933081Z [90m  â”Œ[39m[90mâ”€[39m[90mâ”€[39m[90mâ”€[39m[90mâ”€[39m[90mâ”€[39m[90mâ”€[39m[90mâ”€[39m[90mâ”€[39m[90mâ”€[39m[90mâ”€[39m[90mâ”€[39m[90mâ”€[39m[90mâ”€[39m[90mâ”€[39m[90mâ”€[39m[90mâ”€[39m[90mâ”€[39m[90mâ”€[39m[90mâ”€[39m[90mâ”€[39m[90mâ”€[39m[90mâ”€[39m[90mâ”€[39m[90mâ”€[39m[90mâ”€[39m[90mâ”€[39m[90mâ”€[39m[90mâ”€[39m[90mâ”€[39m[90mâ”€[39m[90mâ”€[39m[90mâ”€[39m[90mâ”€[39m[90mâ”€[39m[90mâ”€[39m[90mâ”€[39m[90mâ”€[39m[90mâ”€[39m[90mâ”€[39m[90mâ”€[39m[90mâ”€[39m[90mâ”€[39m[90mâ”€[39m[90mâ”€[39m[90mâ”€[39m[90mâ”€[39m[90mâ”€[39m[90mâ”€[39m[90mâ”€[39m[90mâ”€[39m[90mâ”€[39m[90mâ”€[39m[90mâ”€[39m[90mâ”€[39m[90mâ”€[39m[90mâ”€[39m[90mâ”€[39m[90mâ”€[39m[90mâ”€[39m[90mâ”€[39m[90mâ”€[39m[90mâ”€[39m[90mâ”€[39m[90mâ”€[39m[90mâ”€[39m[90mâ”€[39m[90mâ”€[39m[90mâ”€[39m[90mâ”€[39m[90mâ”€[39m[90mâ”€[39m[90mâ”€[39m[90mâ”€[39m[90mâ”€[39m[90mâ”€[39m[90mâ”€[39m[90mâ”€[39m[90mâ”€[39m[90mâ”€[39m[90mâ”€[39m[90mâ”€[39m[90mâ”€[39m[90mâ”€[39m[90mâ”€[39m[90mâ”€[39m[90mâ”€[39m[90mâ”€[39m[90mâ”€[39m[90mâ”€[39m[90mâ”€[39m[90mâ”€[39m[90mâ”€[39m[90mâ”€[39m[90mâ”€[39m[90mâ”€[39m[90mâ”€[39m[90mâ”[39m
Admin UI E2E (3, chrome)	Run Cypress	2025-01-17T01:09:07.2938788Z [90m  â”‚[39m [90mTests:[39m        [31m24[39m                                                                               [90mâ”‚[39m
Admin UI E2E (3, chrome)	Run Cypress	2025-01-17T01:09:07.2940119Z [90m  â”‚[39m [90mPassing:[39m      [31m23[39m                                                                               [90mâ”‚[39m
Admin UI E2E (3, chrome)	Run Cypress	2025-01-17T01:09:07.2941393Z [90m  â”‚[39m [90mFailing:[39m      [31m1[39m                                                                                [90mâ”‚[39m
Admin UI E2E (3, chrome)	Run Cypress	2025-01-17T01:09:07.2942912Z [90m  â”‚[39m [90mPending:[39m      [31m0[39m                                                                                [90mâ”‚[39m
Admin UI E2E (3, chrome)	Run Cypress	2025-01-17T01:09:07.2944682Z [90m  â”‚[39m [90mSkipped:[39m      [31m0[39m                                                                                [90mâ”‚[39m
Admin UI E2E (3, chrome)	Run Cypress	2025-01-17T01:09:07.2946313Z [90m  â”‚[39m [90mScreenshots:[39m  [31m4[39m                                                                                [90mâ”‚[39m
Admin UI E2E (3, chrome)	Run Cypress	2025-01-17T01:09:07.2948277Z [90m  â”‚[39m [90mVideo:[39m        [31mtrue[39m                                                                             [90mâ”‚[39m
Admin UI E2E (3, chrome)	Run Cypress	2025-01-17T01:09:07.2949868Z [90m  â”‚[39m [90mDuration:[39m     [31m6 minutes, 13 seconds[39m                                                            [90mâ”‚[39m
Admin UI E2E (3, chrome)	Run Cypress	2025-01-17T01:09:07.2951606Z [90m  â”‚[39m [90mSpec Ran:[39m     [31m[31mclients_test.spec.ts[31m[39m                                                             [90mâ”‚[39m
Admin UI E2E (3, chrome)	Run Cypress	2025-01-17T01:09:07.2959161Z [90m  â””[39m[90mâ”€[39m[90mâ”€[39m[90mâ”€[39m[90mâ”€[39m[90mâ”€[39m[90mâ”€[39m[90mâ”€[39m[90mâ”€[39m[90mâ”€[39m[90mâ”€[39m[90mâ”€[39m[90mâ”€[39m[90mâ”€[39m[90mâ”€[39m[90mâ”€[39m[90mâ”€[39m[90mâ”€[39m[90mâ”€[39m[90mâ”€[39m[90mâ”€[39m[90mâ”€[39m[90mâ”€[39m[90mâ”€[39m[90mâ”€[39m[90mâ”€[39m[90mâ”€[39m[90mâ”€[39m[90mâ”€[39m[90mâ”€[39m[90mâ”€[39m[90mâ”€[39m[90mâ”€[39m[90mâ”€[39m[90mâ”€[39m[90mâ”€[39m[90mâ”€[39m[90mâ”€[39m[90mâ”€[39m[90mâ”€[39m[90mâ”€[39m[90mâ”€[39m[90mâ”€[39m[90mâ”€[39m[90mâ”€[39m[90mâ”€[39m[90mâ”€[39m[90mâ”€[39m[90mâ”€[39m[90mâ”€[39m[90mâ”€[39m[90mâ”€[39m[90mâ”€[39m[90mâ”€[39m[90mâ”€[39m[90mâ”€[39m[90mâ”€[39m[90mâ”€[39m[90mâ”€[39m[90mâ”€[39m[90mâ”€[39m[90mâ”€[39m[90mâ”€[39m[90mâ”€[39m[90mâ”€[39m[90mâ”€[39m[90mâ”€[39m[90mâ”€[39m[90mâ”€[39m[90mâ”€[39m[90mâ”€[39m[90mâ”€[39m[90mâ”€[39m[90mâ”€[39m[90mâ”€[39m[90mâ”€[39m[90mâ”€[39m[90mâ”€[39m[90mâ”€[39m[90mâ”€[39m[90mâ”€[39m[90mâ”€[39m[90mâ”€[39m[90mâ”€[39m[90mâ”€[39m[90mâ”€[39m[90mâ”€[39m[90mâ”€[39m[90mâ”€[39m[90mâ”€[39m[90mâ”€[39m[90mâ”€[39m[90mâ”€[39m[90mâ”€[39m[90mâ”€[39m[90mâ”€[39m[90mâ”€[39m[90mâ”˜[39m
Admin UI E2E (3, chrome)	Run Cypress	2025-01-17T01:09:07.2963162Z 
Admin UI E2E (3, chrome)	Run Cypress	2025-01-17T01:09:07.2963301Z 
Admin UI E2E (3, chrome)	Run Cypress	2025-01-17T01:09:07.2963802Z [33m  ([4m[1mScreenshots[22m[24m)[39m
Admin UI E2E (3, chrome)	Run Cypress	2025-01-17T01:09:07.2964733Z 
Admin UI E2E (3, chrome)	Run Cypress	2025-01-17T01:09:07.2965991Z [90m [39m -  [0m/home/runner/work/keycloak/keycloak/js/apps/admin-ui/cypress/screenshots/clients[0m     [90m[90m(1280x633)[90m[39m
Admin UI E2E (3, chrome)	Run Cypress	2025-01-17T01:09:07.2968153Z [90m [39m    [0m_test.spec.ts/Clients test -- Service account tab test -- Assign (failed).png[0m                  
Admin UI E2E (3, chrome)	Run Cypress	2025-01-17T01:09:07.2969913Z [90m [39m -  [0m/home/runner/work/keycloak/keycloak/js/apps/admin-ui/cypress/screenshots/clients[0m     [90m[90m(1280x633)[90m[39m
Admin UI E2E (3, chrome)	Run Cypress	2025-01-17T01:09:07.2971812Z [90m [39m    [0m_test.spec.ts/Clients test -- Service account tab test -- Assign (failed) (attem[0m               
Admin UI E2E (3, chrome)	Run Cypress	2025-01-17T01:09:07.2973272Z [90m [39m    [0mpt 2).png[0m                                                                                      
Admin UI E2E (3, chrome)	Run Cypress	2025-01-17T01:09:07.2974981Z [90m [39m -  [0m/home/runner/work/keycloak/keycloak/js/apps/admin-ui/cypress/screenshots/clients[0m     [90m[90m(1280x633)[90m[39m
Admin UI E2E (3, chrome)	Run Cypress	2025-01-17T01:09:07.2977596Z [90m [39m    [0m_test.spec.ts/Clients test -- Service account tab test -- Assign (failed) (attem[0m               
Admin UI E2E (3, chrome)	Run Cypress	2025-01-17T01:09:07.2979366Z [90m [39m    [0mpt 3).png[0m                                                                                      
Admin UI E2E (3, chrome)	Run Cypress	2025-01-17T01:09:07.2981140Z [90m [39m -  [0m/home/runner/work/keycloak/keycloak/js/apps/admin-ui/cypress/screenshots/clients[0m     [90m[90m(1280x633)[90m[39m
Admin UI E2E (3, chrome)	Run Cypress	2025-01-17T01:09:07.2983253Z [90m [39m    [0m_test.spec.ts/Clients test -- Service account tab test -- Assign (failed) (attem[0m               
Admin UI E2E (3, chrome)	Run Cypress	2025-01-17T01:09:07.2984785Z [90m [39m    [0mpt 4).png[0m                                                                                      
Admin UI E2E (3, chrome)	Run Cypress	2025-01-17T01:09:07.2985400Z 
Admin UI E2E (3, chrome)	Run Cypress	2025-01-17T01:09:07.3385704Z 
Admin UI E2E (3, chrome)	Run Cypress	2025-01-17T01:09:07.3388736Z [36m  ([4m[1mVideo[22m[24m)[39m
Admin UI E2E (3, chrome)	Run Cypress	2025-01-17T01:09:07.3408084Z 
Admin UI E2E (3, chrome)	Run Cypress	2025-01-17T01:09:07.3410430Z   -  Video output: [36m/home/runner/work/keycloak/keycloak/js/apps/admin-ui/cypress/videos/clients_test.spec.ts.mp4[39m
Admin UI E2E (3, chrome)	Run Cypress	2025-01-17T01:09:07.3411481Z 
Admin UI E2E (3, chrome)	Run Cypress	2025-01-17T01:09:07.3411493Z 
Admin UI E2E (3, chrome)	Run Cypress	2025-01-17T01:09:07.3418392Z [90mâ”€[39m[90mâ”€[39m[90mâ”€[39m[90mâ”€[39m[90mâ”€[39m[90mâ”€[39m[90mâ”€[39m[90mâ”€[39m[90mâ”€[39m[90mâ”€[39m[90mâ”€[39m[90mâ”€[39m[90mâ”€[39m[90mâ”€[39m[90mâ”€[39m[90mâ”€[39m[90mâ”€[39m[90mâ”€[39m[90mâ”€[39m[90mâ”€[39m[90mâ”€[39m[90mâ”€[39m[90mâ”€[39m[90mâ”€[39m[90mâ”€[39m[90mâ”€[39m[90mâ”€[39m[90mâ”€[39m[90mâ”€[39m[90mâ”€[39m[90mâ”€[39m[90mâ”€[39m[90mâ”€[39m[90mâ”€[39m[90mâ”€[39m[90mâ”€[39m[90mâ”€[39m[90mâ”€[39m[90mâ”€[39m[90mâ”€[39m[90mâ”€[39m[90mâ”€[39m[90mâ”€[39m[90mâ”€[39m[90mâ”€[39m[90mâ”€[39m[90mâ”€[39m[90mâ”€[39m[90mâ”€[39m[90mâ”€[39m[90mâ”€[39m[90mâ”€[39m[90mâ”€[39m[90mâ”€[39m[90mâ”€[39m[90mâ”€[39m[90mâ”€[39m[90mâ”€[39m[90mâ”€[39m[90mâ”€[39m[90mâ”€[39m[90mâ”€[39m[90mâ”€[39m[90mâ”€[39m[90mâ”€[39m[90mâ”€[39m[90mâ”€[39m[90mâ”€[39m[90mâ”€[39m[90mâ”€[39m[90mâ”€[39m[90mâ”€[39m[90mâ”€[39m[90mâ”€[39m[90mâ”€[39m[90mâ”€[39m[90mâ”€[39m[90mâ”€[39m[90mâ”€[39m[90mâ”€[39m[90mâ”€[39m[90mâ”€[39m[90mâ”€[39m[90mâ”€[39m[90mâ”€[39m[90mâ”€[39m[90mâ”€[39m[90mâ”€[39m[90mâ”€[39m[90mâ”€[39m[90mâ”€[39m[90mâ”€[39m[90mâ”€[39m[90mâ”€[39m[90mâ”€[39m[90mâ”€[39m[90mâ”€[39m[90mâ”€[39m[90mâ”€[39m[90mâ”€[39m
Admin UI E2E (3, chrome)	Run Cypress	2025-01-17T01:09:07.3422722Z                                                                                                     
Admin UI E2E (3, chrome)	Run Cypress	2025-01-17T01:09:07.3423877Z   Running:  [90mclient_registration_policies.spec.ts[39m                                            [90m(6 of 8)[39m
Admin UI E2E (3, chrome)	Run Cypress	2025-01-17T01:09:11.3041039Z 
Admin UI E2E (3, chrome)	Run Cypress	2025-01-17T01:09:11.3042646Z [0m[0m
Admin UI E2E (3, chrome)	Run Cypress	2025-01-17T01:09:11.3071221Z [0m  Client registration policies tab[0m
Admin UI E2E (3, chrome)	Run Cypress	2025-01-17T01:09:11.3074512Z [0m    Anonymous client policies subtab[0m
Admin UI E2E (3, chrome)	Run Cypress	2025-01-17T01:09:16.5094942Z     [32m  âœ“[0m[90m check anonymous clients list is not empty[0m[90m (5165ms)[0m
Admin UI E2E (3, chrome)	Run Cypress	2025-01-17T01:09:20.6450538Z     [32m  âœ“[0m[90m add anonymous client registration policy[0m[90m (4060ms)[0m
Admin UI E2E (3, chrome)	Run Cypress	2025-01-17T01:09:24.3830557Z     [32m  âœ“[0m[90m edit anonymous client registration policy[0m[90m (3648ms)[0m
Admin UI E2E (3, chrome)	Run Cypress	2025-01-17T01:09:27.1894229Z     [32m  âœ“[0m[90m delete anonymous client registration policy[0m[90m (2724ms)[0m
Admin UI E2E (3, chrome)	Run Cypress	2025-01-17T01:09:27.2146760Z [0m    Authenticated client policies subtab[0m
Admin UI E2E (3, chrome)	Run Cypress	2025-01-17T01:09:29.9582392Z     [32m  âœ“[0m[90m check authenticated clients list is not empty[0m[90m (2661ms)[0m
Admin UI E2E (3, chrome)	Run Cypress	2025-01-17T01:09:33.9897648Z     [32m  âœ“[0m[90m add authenticated client registration policy[0m[90m (3888ms)[0m
Admin UI E2E (3, chrome)	Run Cypress	2025-01-17T01:09:37.7870529Z     [32m  âœ“[0m[90m edit authenticated client registration policy[0m[90m (3705ms)[0m
Admin UI E2E (3, chrome)	Run Cypress	2025-01-17T01:09:41.1402278Z     [32m  âœ“[0m[90m delete authenticated client registration policy[0m[90m (3242ms)[0m
Admin UI E2E (3, chrome)	Run Cypress	2025-01-17T01:09:41.1626772Z 
Admin UI E2E (3, chrome)	Run Cypress	2025-01-17T01:09:41.1629301Z [0m  Accessibility tests for client registration policies[0m
Admin UI E2E (3, chrome)	Run Cypress	2025-01-17T01:09:44.3868199Z   [32m  âœ“[0m[90m Check a11y violations on load/ client registration policies[0m[90m (3200ms)[0m
Admin UI E2E (3, chrome)	Run Cypress	2025-01-17T01:09:44.3883650Z 
Admin UI E2E (3, chrome)	Run Cypress	2025-01-17T01:09:44.4139926Z 
Admin UI E2E (3, chrome)	Run Cypress	2025-01-17T01:09:44.4142104Z [92m [0m[32m 9 passing[0m[90m (33s)[0m
Admin UI E2E (3, chrome)	Run Cypress	2025-01-17T01:09:44.4144267Z 
Admin UI E2E (3, chrome)	Run Cypress	2025-01-17T01:09:45.4508061Z 
Admin UI E2E (3, chrome)	Run Cypress	2025-01-17T01:09:45.4510483Z [32m  ([4m[1mResults[22m[24m)[39m
Admin UI E2E (3, chrome)	Run Cypress	2025-01-17T01:09:45.4519185Z 
Admin UI E2E (3, chrome)	Run Cypress	2025-01-17T01:09:45.4542072Z [90m  â”Œ[39m[90mâ”€[39m[90mâ”€[39m[90mâ”€[39m[90mâ”€[39m[90mâ”€[39m[90mâ”€[39m[90mâ”€[39m[90mâ”€[39m[90mâ”€[39m[90mâ”€[39m[90mâ”€[39m[90mâ”€[39m[90mâ”€[39m[90mâ”€[39m[90mâ”€[39m[90mâ”€[39m[90mâ”€[39m[90mâ”€[39m[90mâ”€[39m[90mâ”€[39m[90mâ”€[39m[90mâ”€[39m[90mâ”€[39m[90mâ”€[39m[90mâ”€[39m[90mâ”€[39m[90mâ”€[39m[90mâ”€[39m[90mâ”€[39m[90mâ”€[39m[90mâ”€[39m[90mâ”€[39m[90mâ”€[39m[90mâ”€[39m[90mâ”€[39m[90mâ”€[39m[90mâ”€[39m[90mâ”€[39m[90mâ”€[39m[90mâ”€[39m[90mâ”€[39m[90mâ”€[39m[90mâ”€[39m[90mâ”€[39m[90mâ”€[39m[90mâ”€[39m[90mâ”€[39m[90mâ”€[39m[90mâ”€[39m[90mâ”€[39m[90mâ”€[39m[90mâ”€[39m[90mâ”€[39m[90mâ”€[39m[90mâ”€[39m[90mâ”€[39m[90mâ”€[39m[90mâ”€[39m[90mâ”€[39m[90mâ”€[39m[90mâ”€[39m[90mâ”€[39m[90mâ”€[39m[90mâ”€[39m[90mâ”€[39m[90mâ”€[39m[90mâ”€[39m[90mâ”€[39m[90mâ”€[39m[90mâ”€[39m[90mâ”€[39m[90mâ”€[39m[90mâ”€[39m[90mâ”€[39m[90mâ”€[39m[90mâ”€[39m[90mâ”€[39m[90mâ”€[39m[90mâ”€[39m[90mâ”€[39m[90mâ”€[39m[90mâ”€[39m[90mâ”€[39m[90mâ”€[39m[90mâ”€[39m[90mâ”€[39m[90mâ”€[39m[90mâ”€[39m[90mâ”€[39m[90mâ”€[39m[90mâ”€[39m[90mâ”€[39m[90mâ”€[39m[90mâ”€[39m[90mâ”€[39m[90mâ”€[39m[90mâ”[39m
Admin UI E2E (3, chrome)	Run Cypress	2025-01-17T01:09:45.4549860Z [90m  â”‚[39m [90mTests:[39m        [32m9[39m                                                                                [90mâ”‚[39m
Admin UI E2E (3, chrome)	Run Cypress	2025-01-17T01:09:45.4551355Z [90m  â”‚[39m [90mPassing:[39m      [32m9[39m                                                                                [90mâ”‚[39m
Admin UI E2E (3, chrome)	Run Cypress	2025-01-17T01:09:45.4553057Z [90m  â”‚[39m [90mFailing:[39m      [32m0[39m                                                                                [90mâ”‚[39m
Admin UI E2E (3, chrome)	Run Cypress	2025-01-17T01:09:45.4554758Z [90m  â”‚[39m [90mPending:[39m      [32m0[39m                                                                                [90mâ”‚[39m
Admin UI E2E (3, chrome)	Run Cypress	2025-01-17T01:09:45.4556416Z [90m  â”‚[39m [90mSkipped:[39m      [32m0[39m                                                                                [90mâ”‚[39m
Admin UI E2E (3, chrome)	Run Cypress	2025-01-17T01:09:45.4557680Z [90m  â”‚[39m [90mScreenshots:[39m  [32m0[39m                                                                                [90mâ”‚[39m
Admin UI E2E (3, chrome)	Run Cypress	2025-01-17T01:09:45.4559305Z [90m  â”‚[39m [90mVideo:[39m        [32mfalse[39m                                                                            [90mâ”‚[39m
Admin UI E2E (3, chrome)	Run Cypress	2025-01-17T01:09:45.4560560Z [90m  â”‚[39m [90mDuration:[39m     [32m33 seconds[39m                                                                       [90mâ”‚[39m
Admin UI E2E (3, chrome)	Run Cypress	2025-01-17T01:09:45.4562098Z [90m  â”‚[39m [90mSpec Ran:[39m     [32m[32mclient_registration_policies.spec.ts[32m[39m                                             [90mâ”‚[39m
Admin UI E2E (3, chrome)	Run Cypress	2025-01-17T01:09:45.4569338Z [90m  â””[39m[90mâ”€[39m[90mâ”€[39m[90mâ”€[39m[90mâ”€[39m[90mâ”€[39m[90mâ”€[39m[90mâ”€[39m[90mâ”€[39m[90mâ”€[39m[90mâ”€[39m[90mâ”€[39m[90mâ”€[39m[90mâ”€[39m[90mâ”€[39m[90mâ”€[39m[90mâ”€[39m[90mâ”€[39m[90mâ”€[39m[90mâ”€[39m[90mâ”€[39m[90mâ”€[39m[90mâ”€[39m[90mâ”€[39m[90mâ”€[39m[90mâ”€[39m[90mâ”€[39m[90mâ”€[39m[90mâ”€[39m[90mâ”€[39m[90mâ”€[39m[90mâ”€[39m[90mâ”€[39m[90mâ”€[39m[90mâ”€[39m[90mâ”€[39m[90mâ”€[39m[90mâ”€[39m[90mâ”€[39m[90mâ”€[39m[90mâ”€[39m[90mâ”€[39m[90mâ”€[39m[90mâ”€[39m[90mâ”€[39m[90mâ”€[39m[90mâ”€[39m[90mâ”€[39m[90mâ”€[39m[90mâ”€[39m[90mâ”€[39m[90mâ”€[39m[90mâ”€[39m[90mâ”€[39m[90mâ”€[39m[90mâ”€[39m[90mâ”€[39m[90mâ”€[39m[90mâ”€[39m[90mâ”€[39m[90mâ”€[39m[90mâ”€[39m[90mâ”€[39m[90mâ”€[39m[90mâ”€[39m[90mâ”€[39m[90mâ”€[39m[90mâ”€[39m[90mâ”€[39m[90mâ”€[39m[90mâ”€[39m[90mâ”€[39m[90mâ”€[39m[90mâ”€[39m[90mâ”€[39m[90mâ”€[39m[90mâ”€[39m[90mâ”€[39m[90mâ”€[39m[90mâ”€[39m[90mâ”€[39m[90mâ”€[39m[90mâ”€[39m[90mâ”€[39m[90mâ”€[39m[90mâ”€[39m[90mâ”€[39m[90mâ”€[39m[90mâ”€[39m[90mâ”€[39m[90mâ”€[39m[90mâ”€[39m[90mâ”€[39m[90mâ”€[39m[90mâ”€[39m[90mâ”€[39m[90mâ”€[39m[90mâ”˜[39m
Admin UI E2E (3, chrome)	Run Cypress	2025-01-17T01:09:45.4573473Z 
Admin UI E2E (3, chrome)	Run Cypress	2025-01-17T01:09:45.5098782Z 
Admin UI E2E (3, chrome)	Run Cypress	2025-01-17T01:09:45.5109050Z [90mâ”€[39m[90mâ”€[39m[90mâ”€[39m[90mâ”€[39m[90mâ”€[39m[90mâ”€[39m[90mâ”€[39m[90mâ”€[39m[90mâ”€[39m[90mâ”€[39m[90mâ”€[39m[90mâ”€[39m[90mâ”€[39m[90mâ”€[39m[90mâ”€[39m[90mâ”€[39m[90mâ”€[39m[90mâ”€[39m[90mâ”€[39m[90mâ”€[39m[90mâ”€[39m[90mâ”€[39m[90mâ”€[39m[90mâ”€[39m[90mâ”€[39m[90mâ”€[39m[90mâ”€[39m[90mâ”€[39m[90mâ”€[39m[90mâ”€[39m[90mâ”€[39m[90mâ”€[39m[90mâ”€[39m[90mâ”€[39m[90mâ”€[39m[90mâ”€[39m[90mâ”€[39m[90mâ”€[39m[90mâ”€[39m[90mâ”€[39m[90mâ”€[39m[90mâ”€[39m[90mâ”€[39m[90mâ”€[39m[90mâ”€[39m[90mâ”€[39m[90mâ”€[39m[90mâ”€[39m[90mâ”€[39m[90mâ”€[39m[90mâ”€[39m[90mâ”€[39m[90mâ”€[39m[90mâ”€[39m[90mâ”€[39m[90mâ”€[39m[90mâ”€[39m[90mâ”€[39m[90mâ”€[39m[90mâ”€[39m[90mâ”€[39m[90mâ”€[39m[90mâ”€[39m[90mâ”€[39m[90mâ”€[39m[90mâ”€[39m[90mâ”€[39m[90mâ”€[39m[90mâ”€[39m[90mâ”€[39m[90mâ”€[39m[90mâ”€[39m[90mâ”€[39m[90mâ”€[39m[90mâ”€[39m[90mâ”€[39m[90mâ”€[39m[90mâ”€[39m[90mâ”€[39m[90mâ”€[39m[90mâ”€[39m[90mâ”€[39m[90mâ”€[39m[90mâ”€[39m[90mâ”€[39m[90mâ”€[39m[90mâ”€[39m[90mâ”€[39m[90mâ”€[39m[90mâ”€[39m[90mâ”€[39m[90mâ”€[39m[90mâ”€[39m[90mâ”€[39m[90mâ”€[39m[90mâ”€[39m[90mâ”€[39m[90mâ”€[39m[90mâ”€[39m[90mâ”€[39m
Admin UI E2E (3, chrome)	Run Cypress	2025-01-17T01:09:45.5129020Z                                                                                                     
Admin UI E2E (3, chrome)	Run Cypress	2025-01-17T01:09:45.5130500Z   Running:  [90mclient_advanced.spec.ts[39m                                                         [90m(7 of 8)[39m
Admin UI E2E (3, chrome)	Run Cypress	2025-01-17T01:09:51.0485653Z 
Admin UI E2E (3, chrome)	Run Cypress	2025-01-17T01:09:51.0487739Z [0m[0m
Admin UI E2E (3, chrome)	Run Cypress	2025-01-17T01:09:51.0515230Z [0m  Advanced tab test[0m
Admin UI E2E (3, chrome)	Run Cypress	2025-01-17T01:10:02.0803933Z   [32m  âœ“[0m[90m Clustering[0m[90m (10955ms)[0m
Admin UI E2E (3, chrome)	Run Cypress	2025-01-17T01:10:08.2651638Z   [32m  âœ“[0m[90m Fine grain OpenID connect configuration[0m[90m (6088ms)[0m
Admin UI E2E (3, chrome)	Run Cypress	2025-01-17T01:10:15.5696672Z   [32m  âœ“[0m[90m OIDC Compatibility Modes configuration[0m[90m (7160ms)[0m
Admin UI E2E (3, chrome)	Run Cypress	2025-01-17T01:10:28.0468801Z   [32m  âœ“[0m[90m Client Offline Session Max[0m[90m (12256ms)[0m
Admin UI E2E (3, chrome)	Run Cypress	2025-01-17T01:10:36.1913756Z   [32m  âœ“[0m[90m Advanced settings[0m[90m (8042ms)[0m
Admin UI E2E (3, chrome)	Run Cypress	2025-01-17T01:10:44.7691295Z   [32m  âœ“[0m[90m Authentication flow override[0m[90m (8083ms)[0m
Admin UI E2E (3, chrome)	Run Cypress	2025-01-17T01:10:44.7697058Z 
Admin UI E2E (3, chrome)	Run Cypress	2025-01-17T01:10:44.8382502Z 
Admin UI E2E (3, chrome)	Run Cypress	2025-01-17T01:10:44.8386021Z [92m [0m[32m 6 passing[0m[90m (54s)[0m
Admin UI E2E (3, chrome)	Run Cypress	2025-01-17T01:10:44.8388226Z 
Admin UI E2E (3, chrome)	Run Cypress	2025-01-17T01:10:45.8953593Z 
Admin UI E2E (3, chrome)	Run Cypress	2025-01-17T01:10:45.8955539Z [32m  ([4m[1mResults[22m[24m)[39m
Admin UI E2E (3, chrome)	Run Cypress	2025-01-17T01:10:45.8961447Z 
Admin UI E2E (3, chrome)	Run Cypress	2025-01-17T01:10:45.8981240Z [90m  â”Œ[39m[90mâ”€[39m[90mâ”€[39m[90mâ”€[39m[90mâ”€[39m[90mâ”€[39m[90mâ”€[39m[90mâ”€[39m[90mâ”€[39m[90mâ”€[39m[90mâ”€[39m[90mâ”€[39m[90mâ”€[39m[90mâ”€[39m[90mâ”€[39m[90mâ”€[39m[90mâ”€[39m[90mâ”€[39m[90mâ”€[39m[90mâ”€[39m[90mâ”€[39m[90mâ”€[39m[90mâ”€[39m[90mâ”€[39m[90mâ”€[39m[90mâ”€[39m[90mâ”€[39m[90mâ”€[39m[90mâ”€[39m[90mâ”€[39m[90mâ”€[39m[90mâ”€[39m[90mâ”€[39m[90mâ”€[39m[90mâ”€[39m[90mâ”€[39m[90mâ”€[39m[90mâ”€[39m[90mâ”€[39m[90mâ”€[39m[90mâ”€[39m[90mâ”€[39m[90mâ”€[39m[90mâ”€[39m[90mâ”€[39m[90mâ”€[39m[90mâ”€[39m[90mâ”€[39m[90mâ”€[39m[90mâ”€[39m[90mâ”€[39m[90mâ”€[39m[90mâ”€[39m[90mâ”€[39m[90mâ”€[39m[90mâ”€[39m[90mâ”€[39m[90mâ”€[39m[90mâ”€[39m[90mâ”€[39m[90mâ”€[39m[90mâ”€[39m[90mâ”€[39m[90mâ”€[39m[90mâ”€[39m[90mâ”€[39m[90mâ”€[39m[90mâ”€[39m[90mâ”€[39m[90mâ”€[39m[90mâ”€[39m[90mâ”€[39m[90mâ”€[39m[90mâ”€[39m[90mâ”€[39m[90mâ”€[39m[90mâ”€[39m[90mâ”€[39m[90mâ”€[39m[90mâ”€[39m[90mâ”€[39m[90mâ”€[39m[90mâ”€[39m[90mâ”€[39m[90mâ”€[39m[90mâ”€[39m[90mâ”€[39m[90mâ”€[39m[90mâ”€[39m[90mâ”€[39m[90mâ”€[39m[90mâ”€[39m[90mâ”€[39m[90mâ”€[39m[90mâ”€[39m[90mâ”€[39m[90mâ”€[39m[90mâ”[39m
Admin UI E2E (3, chrome)	Run Cypress	2025-01-17T01:10:45.8987007Z [90m  â”‚[39m [90mTests:[39m        [32m6[39m                                                                                [90mâ”‚[39m
Admin UI E2E (3, chrome)	Run Cypress	2025-01-17T01:10:45.8988568Z [90m  â”‚[39m [90mPassing:[39m      [32m6[39m                                                                                [90mâ”‚[39m
Admin UI E2E (3, chrome)	Run Cypress	2025-01-17T01:10:45.8989787Z [90m  â”‚[39m [90mFailing:[39m      [32m0[39m                                                                                [90mâ”‚[39m
Admin UI E2E (3, chrome)	Run Cypress	2025-01-17T01:10:45.8991480Z [90m  â”‚[39m [90mPending:[39m      [32m0[39m                                                                                [90mâ”‚[39m
Admin UI E2E (3, chrome)	Run Cypress	2025-01-17T01:10:45.8993167Z [90m  â”‚[39m [90mSkipped:[39m      [32m0[39m                                                                                [90mâ”‚[39m
Admin UI E2E (3, chrome)	Run Cypress	2025-01-17T01:10:45.8994883Z [90m  â”‚[39m [90mScreenshots:[39m  [32m0[39m                                                                                [90mâ”‚[39m
Admin UI E2E (3, chrome)	Run Cypress	2025-01-17T01:10:45.8996387Z [90m  â”‚[39m [90mVideo:[39m        [32mfalse[39m                                                                            [90mâ”‚[39m
Admin UI E2E (3, chrome)	Run Cypress	2025-01-17T01:10:45.8998200Z [90m  â”‚[39m [90mDuration:[39m     [32m53 seconds[39m                                                                       [90mâ”‚[39m
Admin UI E2E (3, chrome)	Run Cypress	2025-01-17T01:10:45.9000146Z [90m  â”‚[39m [90mSpec Ran:[39m     [32m[32mclient_advanced.spec.ts[32m[39m                                                          [90mâ”‚[39m
Admin UI E2E (3, chrome)	Run Cypress	2025-01-17T01:10:45.9009060Z [90m  â””[39m[90mâ”€[39m[90mâ”€[39m[90mâ”€[39m[90mâ”€[39m[90mâ”€[39m[90mâ”€[39m[90mâ”€[39m[90mâ”€[39m[90mâ”€[39m[90mâ”€[39m[90mâ”€[39m[90mâ”€[39m[90mâ”€[39m[90mâ”€[39m[90mâ”€[39m[90mâ”€[39m[90mâ”€[39m[90mâ”€[39m[90mâ”€[39m[90mâ”€[39m[90mâ”€[39m[90mâ”€[39m[90mâ”€[39m[90mâ”€[39m[90mâ”€[39m[90mâ”€[39m[90mâ”€[39m[90mâ”€[39m[90mâ”€[39m[90mâ”€[39m[90mâ”€[39m[90mâ”€[39m[90mâ”€[39m[90mâ”€[39m[90mâ”€[39m[90mâ”€[39m[90mâ”€[39m[90mâ”€[39m[90mâ”€[39m[90mâ”€[39m[90mâ”€[39m[90mâ”€[39m[90mâ”€[39m[90mâ”€[39m[90mâ”€[39m[90mâ”€[39m[90mâ”€[39m[90mâ”€[39m[90mâ”€[39m[90mâ”€[39m[90mâ”€[39m[90mâ”€[39m[90mâ”€[39m[90mâ”€[39m[90mâ”€[39m[90mâ”€[39m[90mâ”€[39m[90mâ”€[39m[90mâ”€[39m[90mâ”€[39m[90mâ”€[39m[90mâ”€[39m[90mâ”€[39m[90mâ”€[39m[90mâ”€[39m[90mâ”€[39m[90mâ”€[39m[90mâ”€[39m[90mâ”€[39m[90mâ”€[39m[90mâ”€[39m[90mâ”€[39m[90mâ”€[39m[90mâ”€[39m[90mâ”€[39m[90mâ”€[39m[90mâ”€[39m[90mâ”€[39m[90mâ”€[39m[90mâ”€[39m[90mâ”€[39m[90mâ”€[39m[90mâ”€[39m[90mâ”€[39m[90mâ”€[39m[90mâ”€[39m[90mâ”€[39m[90mâ”€[39m[90mâ”€[39m[90mâ”€[39m[90mâ”€[39m[90mâ”€[39m[90mâ”€[39m[90mâ”€[39m[90mâ”€[39m[90mâ”€[39m[90mâ”˜[39m
Admin UI E2E (3, chrome)	Run Cypress	2025-01-17T01:10:45.9012710Z 
Admin UI E2E (3, chrome)	Run Cypress	2025-01-17T01:10:45.9503097Z 
Admin UI E2E (3, chrome)	Run Cypress	2025-01-17T01:10:45.9512903Z [90mâ”€[39m[90mâ”€[39m[90mâ”€[39m[90mâ”€[39m[90mâ”€[39m[90mâ”€[39m[90mâ”€[39m[90mâ”€[39m[90mâ”€[39m[90mâ”€[39m[90mâ”€[39m[90mâ”€[39m[90mâ”€[39m[90mâ”€[39m[90mâ”€[39m[90mâ”€[39m[90mâ”€[39m[90mâ”€[39m[90mâ”€[39m[90mâ”€[39m[90mâ”€[39m[90mâ”€[39m[90mâ”€[39m[90mâ”€[39m[90mâ”€[39m[90mâ”€[39m[90mâ”€[39m[90mâ”€[39m[90mâ”€[39m[90mâ”€[39m[90mâ”€[39m[90mâ”€[39m[90mâ”€[39m[90mâ”€[39m[90mâ”€[39m[90mâ”€[39m[90mâ”€[39m[90mâ”€[39m[90mâ”€[39m[90mâ”€[39m[90mâ”€[39m[90mâ”€[39m[90mâ”€[39m[90mâ”€[39m[90mâ”€[39m[90mâ”€[39m[90mâ”€[39m[90mâ”€[39m[90mâ”€[39m[90mâ”€[39m[90mâ”€[39m[90mâ”€[39m[90mâ”€[39m[90mâ”€[39m[90mâ”€[39m[90mâ”€[39m[90mâ”€[39m[90mâ”€[39m[90mâ”€[39m[90mâ”€[39m[90mâ”€[39m[90mâ”€[39m[90mâ”€[39m[90mâ”€[39m[90mâ”€[39m[90mâ”€[39m[90mâ”€[39m[90mâ”€[39m[90mâ”€[39m[90mâ”€[39m[90mâ”€[39m[90mâ”€[39m[90mâ”€[39m[90mâ”€[39m[90mâ”€[39m[90mâ”€[39m[90mâ”€[39m[90mâ”€[39m[90mâ”€[39m[90mâ”€[39m[90mâ”€[39m[90mâ”€[39m[90mâ”€[39m[90mâ”€[39m[90mâ”€[39m[90mâ”€[39m[90mâ”€[39m[90mâ”€[39m[90mâ”€[39m[90mâ”€[39m[90mâ”€[39m[90mâ”€[39m[90mâ”€[39m[90mâ”€[39m[90mâ”€[39m[90mâ”€[39m[90mâ”€[39m[90mâ”€[39m[90mâ”€[39m[90mâ”€[39m
Admin UI E2E (3, chrome)	Run Cypress	2025-01-17T01:10:45.9520363Z                                                                                                     
Admin UI E2E (3, chrome)	Run Cypress	2025-01-17T01:10:45.9521866Z   Running:  [90mclient_authorization_test.spec.ts[39m                                               [90m(8 of 8)[39m
Admin UI E2E (3, chrome)	Run Cypress	2025-01-17T01:10:51.3133763Z 
Admin UI E2E (3, chrome)	Run Cypress	2025-01-17T01:10:51.3135302Z [0m[0m
Admin UI E2E (3, chrome)	Run Cypress	2025-01-17T01:10:51.3162596Z [0m  Client authentication subtab[0m
Admin UI E2E (3, chrome)	Run Cypress	2025-01-17T01:10:59.1242223Z   [32m  âœ“[0m[90m Should update the resource server settings[0m[90m (7798ms)[0m
Admin UI E2E (3, chrome)	Run Cypress	2025-01-17T01:11:06.4973881Z   [32m  âœ“[0m[90m Should create a resource[0m[90m (7250ms)[0m
Admin UI E2E (3, chrome)	Run Cypress	2025-01-17T01:11:12.2825205Z   [32m  âœ“[0m[90m Edit a resource[0m[90m (5715ms)[0m
Admin UI E2E (3, chrome)	Run Cypress	2025-01-17T01:11:18.7638860Z   [32m  âœ“[0m[90m Should create a scope[0m[90m (6339ms)[0m
Admin UI E2E (3, chrome)	Run Cypress	2025-01-17T01:11:25.6571863Z   [32m  âœ“[0m[90m Should create a policy[0m[90m (6842ms)[0m
Admin UI E2E (3, chrome)	Run Cypress	2025-01-17T01:11:30.8499579Z   [32m  âœ“[0m[90m Should delete a policy[0m[90m (5111ms)[0m
Admin UI E2E (3, chrome)	Run Cypress	2025-01-17T01:11:37.9915320Z   [32m  âœ“[0m[90m Should create a client policy[0m[90m (7002ms)[0m
Admin UI E2E (3, chrome)	Run Cypress	2025-01-17T01:11:45.2908996Z   [32m  âœ“[0m[90m Should create a permission[0m[90m (7182ms)[0m
Admin UI E2E (3, chrome)	Run Cypress	2025-01-17T01:11:45.3509148Z   [36m  - Should copy auth details[0m
Admin UI E2E (3, chrome)	Run Cypress	2025-01-17T01:11:50.0578198Z   [32m  âœ“[0m[90m Should export auth details[0m[90m (4666ms)[0m
Admin UI E2E (3, chrome)	Run Cypress	2025-01-17T01:11:50.0870569Z [0m    Client authorization tab access for view-realm-authorization[0m
Admin UI E2E (3, chrome)	Run Cypress	2025-01-17T01:12:13.0539445Z     [32m  âœ“[0m[90m Should view autorization tab[0m[90m (22101ms)[0m
Admin UI E2E (3, chrome)	Run Cypress	2025-01-17T01:12:13.0935950Z [0m    Accessibility tests for client authorization[0m
Admin UI E2E (3, chrome)	Run Cypress	2025-01-17T01:12:26.0748223Z     [32m  âœ“[0m[90m Check a11y violations on load/ client authorization[0m[90m (12909ms)[0m
Admin UI E2E (3, chrome)	Run Cypress	2025-01-17T01:12:26.0755499Z 
Admin UI E2E (3, chrome)	Run Cypress	2025-01-17T01:12:26.1497481Z 
Admin UI E2E (3, chrome)	Run Cypress	2025-01-17T01:12:26.1503946Z [92m [0m[32m 11 passing[0m[90m (2m)[0m
Admin UI E2E (3, chrome)	Run Cypress	2025-01-17T01:12:26.1508847Z [36m [0m[36m 1 pending[0m
Admin UI E2E (3, chrome)	Run Cypress	2025-01-17T01:12:26.1513217Z 
Admin UI E2E (3, chrome)	Run Cypress	2025-01-17T01:12:27.1874811Z 
Admin UI E2E (3, chrome)	Run Cypress	2025-01-17T01:12:27.1876785Z [32m  ([4m[1mResults[22m[24m)[39m
Admin UI E2E (3, chrome)	Run Cypress	2025-01-17T01:12:27.1882953Z 
Admin UI E2E (3, chrome)	Run Cypress	2025-01-17T01:12:27.1903948Z [90m  â”Œ[39m[90mâ”€[39m[90mâ”€[39m[90mâ”€[39m[90mâ”€[39m[90mâ”€[39m[90mâ”€[39m[90mâ”€[39m[90mâ”€[39m[90mâ”€[39m[90mâ”€[39m[90mâ”€[39m[90mâ”€[39m[90mâ”€[39m[90mâ”€[39m[90mâ”€[39m[90mâ”€[39m[90mâ”€[39m[90mâ”€[39m[90mâ”€[39m[90mâ”€[39m[90mâ”€[39m[90mâ”€[39m[90mâ”€[39m[90mâ”€[39m[90mâ”€[39m[90mâ”€[39m[90mâ”€[39m[90mâ”€[39m[90mâ”€[39m[90mâ”€[39m[90mâ”€[39m[90mâ”€[39m[90mâ”€[39m[90mâ”€[39m[90mâ”€[39m[90mâ”€[39m[90mâ”€[39m[90mâ”€[39m[90mâ”€[39m[90mâ”€[39m[90mâ”€[39m[90mâ”€[39m[90mâ”€[39m[90mâ”€[39m[90mâ”€[39m[90mâ”€[39m[90mâ”€[39m[90mâ”€[39m[90mâ”€[39m[90mâ”€[39m[90mâ”€[39m[90mâ”€[39m[90mâ”€[39m[90mâ”€[39m[90mâ”€[39m[90mâ”€[39m[90mâ”€[39m[90mâ”€[39m[90mâ”€[39m[90mâ”€[39m[90mâ”€[39m[90mâ”€[39m[90mâ”€[39m[90mâ”€[39m[90mâ”€[39m[90mâ”€[39m[90mâ”€[39m[90mâ”€[39m[90mâ”€[39m[90mâ”€[39m[90mâ”€[39m[90mâ”€[39m[90mâ”€[39m[90mâ”€[39m[90mâ”€[39m[90mâ”€[39m[90mâ”€[39m[90mâ”€[39m[90mâ”€[39m[90mâ”€[39m[90mâ”€[39m[90mâ”€[39m[90mâ”€[39m[90mâ”€[39m[90mâ”€[39m[90mâ”€[39m[90mâ”€[39m[90mâ”€[39m[90mâ”€[39m[90mâ”€[39m[90mâ”€[39m[90mâ”€[39m[90mâ”€[39m[90mâ”€[39m[90mâ”€[39m[90mâ”€[39m[90mâ”[39m
Admin UI E2E (3, chrome)	Run Cypress	2025-01-17T01:12:27.1911940Z [90m  â”‚[39m [90mTests:[39m        [32m12[39m                                                                               [90mâ”‚[39m
Admin UI E2E (3, chrome)	Run Cypress	2025-01-17T01:12:27.1913489Z [90m  â”‚[39m [90mPassing:[39m      [32m11[39m                                                                               [90mâ”‚[39m
Admin UI E2E (3, chrome)	Run Cypress	2025-01-17T01:12:27.1914763Z [90m  â”‚[39m [90mFailing:[39m      [32m0[39m                                                                                [90mâ”‚[39m
Admin UI E2E (3, chrome)	Run Cypress	2025-01-17T01:12:27.1916385Z [90m  â”‚[39m [90mPending:[39m      [32m1[39m                                                                                [90mâ”‚[39m
Admin UI E2E (3, chrome)	Run Cypress	2025-01-17T01:12:27.1918330Z [90m  â”‚[39m [90mSkipped:[39m      [32m0[39m                                                                                [90mâ”‚[39m
Admin UI E2E (3, chrome)	Run Cypress	2025-01-17T01:12:27.1919869Z [90m  â”‚[39m [90mScreenshots:[39m  [32m0[39m                                                                                [90mâ”‚[39m
Admin UI E2E (3, chrome)	Run Cypress	2025-01-17T01:12:27.1921350Z [90m  â”‚[39m [90mVideo:[39m        [32mfalse[39m                                                                            [90mâ”‚[39m
Admin UI E2E (3, chrome)	Run Cypress	2025-01-17T01:12:27.1922801Z [90m  â”‚[39m [90mDuration:[39m     [32m1 minute, 34 seconds[39m                                                             [90mâ”‚[39m
Admin UI E2E (3, chrome)	Run Cypress	2025-01-17T01:12:27.1924639Z [90m  â”‚[39m [90mSpec Ran:[39m     [32m[32mclient_authorization_test.spec.ts[32m[39m                                                [90mâ”‚[39m
Admin UI E2E (3, chrome)	Run Cypress	2025-01-17T01:12:27.1933084Z [90m  â””[39m[90mâ”€[39m[90mâ”€[39m[90mâ”€[39m[90mâ”€[39m[90mâ”€[39m[90mâ”€[39m[90mâ”€[39m[90mâ”€[39m[90mâ”€[39m[90mâ”€[39m[90mâ”€[39m[90mâ”€[39m[90mâ”€[39m[90mâ”€[39m[90mâ”€[39m[90mâ”€[39m[90mâ”€[39m[90mâ”€[39m[90mâ”€[39m[90mâ”€[39m[90mâ”€[39m[90mâ”€[39m[90mâ”€[39m[90mâ”€[39m[90mâ”€[39m[90mâ”€[39m[90mâ”€[39m[90mâ”€[39m[90mâ”€[39m[90mâ”€[39m[90mâ”€[39m[90mâ”€[39m[90mâ”€[39m[90mâ”€[39m[90mâ”€[39m[90mâ”€[39m[90mâ”€[39m[90mâ”€[39m[90mâ”€[39m[90mâ”€[39m[90mâ”€[39m[90mâ”€[39m[90mâ”€[39m[90mâ”€[39m[90mâ”€[39m[90mâ”€[39m[90mâ”€[39m[90mâ”€[39m[90mâ”€[39m[90mâ”€[39m[90mâ”€[39m[90mâ”€[39m[90mâ”€[39m[90mâ”€[39m[90mâ”€[39m[90mâ”€[39m[90mâ”€[39m[90mâ”€[39m[90mâ”€[39m[90mâ”€[39m[90mâ”€[39m[90mâ”€[39m[90mâ”€[39m[90mâ”€[39m[90mâ”€[39m[90mâ”€[39m[90mâ”€[39m[90mâ”€[39m[90mâ”€[39m[90mâ”€[39m[90mâ”€[39m[90mâ”€[39m[90mâ”€[39m[90mâ”€[39m[90mâ”€[39m[90mâ”€[39m[90mâ”€[39m[90mâ”€[39m[90mâ”€[39m[90mâ”€[39m[90mâ”€[39m[90mâ”€[39m[90mâ”€[39m[90mâ”€[39m[90mâ”€[39m[90mâ”€[39m[90mâ”€[39m[90mâ”€[39m[90mâ”€[39m[90mâ”€[39m[90mâ”€[39m[90mâ”€[39m[90mâ”€[39m[90mâ”€[39m[90mâ”€[39m[90mâ”€[39m[90mâ”˜[39m
Admin UI E2E (3, chrome)	Run Cypress	2025-01-17T01:12:27.1936850Z 
Admin UI E2E (3, chrome)	Run Cypress	2025-01-17T01:12:27.1985035Z 
Admin UI E2E (3, chrome)	Run Cypress	2025-01-17T01:12:27.2612171Z [90m====================================================================================================[39m
Admin UI E2E (3, chrome)	Run Cypress	2025-01-17T01:12:27.2612857Z 
Admin UI E2E (3, chrome)	Run Cypress	2025-01-17T01:12:27.2613215Z [0m  ([4m[1mRun Finished[22m[24m)[0m
Admin UI E2E (3, chrome)	Run Cypress	2025-01-17T01:12:27.2634107Z 
Admin UI E2E (3, chrome)	Run Cypress	2025-01-17T01:12:27.2634188Z 
Admin UI E2E (3, chrome)	Run Cypress	2025-01-17T01:12:27.2676099Z [90m   [39m    [90mSpec[39m                                              [90mTests[39m  [90mPassing[39m  [90mFailing[39m  [90mPending[39m  [90mSkipped[39m [90m [39m
Admin UI E2E (3, chrome)	Run Cypress	2025-01-17T01:12:27.2686273Z [90m  â”Œ[39m[90mâ”€[39m[90mâ”€[39m[90mâ”€[39m[90mâ”€[39m[90mâ”€[39m[90mâ”€[39m[90mâ”€[39m[90mâ”€[39m[90mâ”€[39m[90mâ”€[39m[90mâ”€[39m[90mâ”€[39m[90mâ”€[39m[90mâ”€[39m[90mâ”€[39m[90mâ”€[39m[90mâ”€[39m[90mâ”€[39m[90mâ”€[39m[90mâ”€[39m[90mâ”€[39m[90mâ”€[39m[90mâ”€[39m[90mâ”€[39m[90mâ”€[39m[90mâ”€[39m[90mâ”€[39m[90mâ”€[39m[90mâ”€[39m[90mâ”€[39m[90mâ”€[39m[90mâ”€[39m[90mâ”€[39m[90mâ”€[39m[90mâ”€[39m[90mâ”€[39m[90mâ”€[39m[90mâ”€[39m[90mâ”€[39m[90mâ”€[39m[90mâ”€[39m[90mâ”€[39m[90mâ”€[39m[90mâ”€[39m[90mâ”€[39m[90mâ”€[39m[90mâ”€[39m[90mâ”€[39m[90mâ”€[39m[90mâ”€[39m[90mâ”€[39m[90mâ”€[39m[90mâ”€[39m[90mâ”€[39m[90mâ”€[39m[90mâ”€[39m[90mâ”€[39m[90mâ”€[39m[90mâ”€[39m[90mâ”€[39m[90mâ”€[39m[90mâ”€[39m[90mâ”€[39m[90mâ”€[39m[90mâ”€[39m[90mâ”€[39m[90mâ”€[39m[90mâ”€[39m[90mâ”€[39m[90mâ”€[39m[90mâ”€[39m[90mâ”€[39m[90mâ”€[39m[90mâ”€[39m[90mâ”€[39m[90mâ”€[39m[90mâ”€[39m[90mâ”€[39m[90mâ”€[39m[90mâ”€[39m[90mâ”€[39m[90mâ”€[39m[90mâ”€[39m[90mâ”€[39m[90mâ”€[39m[90mâ”€[39m[90mâ”€[39m[90mâ”€[39m[90mâ”€[39m[90mâ”€[39m[90mâ”€[39m[90mâ”€[39m[90mâ”€[39m[90mâ”€[39m[90mâ”€[39m[90mâ”€[39m[90mâ”[39m
Admin UI E2E (3, chrome)	Run Cypress	2025-01-17T01:12:27.2691821Z [90m  â”‚[39m [32mâœ”[39m  [0mrealm_settings_client_policies_test[0m      [90m01:37[39m       [0m18[0m       [32m18[39m        [90m-[39m        [90m-[39m        [90m-[39m [90mâ”‚[39m
Admin UI E2E (3, chrome)	Run Cypress	2025-01-17T01:12:27.2692987Z [90m  â”‚[39m    [0m.spec.ts[0m                                                                                    [90mâ”‚[39m
Admin UI E2E (3, chrome)	Run Cypress	2025-01-17T01:12:27.2699900Z [90m  â”œ[39m[90mâ”€[39m[90mâ”€[39m[90mâ”€[39m[90mâ”€[39m[90mâ”€[39m[90mâ”€[39m[90mâ”€[39m[90mâ”€[39m[90mâ”€[39m[90mâ”€[39m[90mâ”€[39m[90mâ”€[39m[90mâ”€[39m[90mâ”€[39m[90mâ”€[39m[90mâ”€[39m[90mâ”€[39m[90mâ”€[39m[90mâ”€[39m[90mâ”€[39m[90mâ”€[39m[90mâ”€[39m[90mâ”€[39m[90mâ”€[39m[90mâ”€[39m[90mâ”€[39m[90mâ”€[39m[90mâ”€[39m[90mâ”€[39m[90mâ”€[39m[90mâ”€[39m[90mâ”€[39m[90mâ”€[39m[90mâ”€[39m[90mâ”€[39m[90mâ”€[39m[90mâ”€[39m[90mâ”€[39m[90mâ”€[39m[90mâ”€[39m[90mâ”€[39m[90mâ”€[39m[90mâ”€[39m[90mâ”€[39m[90mâ”€[39m[90mâ”€[39m[90mâ”€[39m[90mâ”€[39m[90mâ”€[39m[90mâ”€[39m[90mâ”€[39m[90mâ”€[39m[90mâ”€[39m[90mâ”€[39m[90mâ”€[39m[90mâ”€[39m[90mâ”€[39m[90mâ”€[39m[90mâ”€[39m[90mâ”€[39m[90mâ”€[39m[90mâ”€[39m[90mâ”€[39m[90mâ”€[39m[90mâ”€[39m[90mâ”€[39m[90mâ”€[39m[90mâ”€[39m[90mâ”€[39m[90mâ”€[39m[90mâ”€[39m[90mâ”€[39m[90mâ”€[39m[90mâ”€[39m[90mâ”€[39m[90mâ”€[39m[90mâ”€[39m[90mâ”€[39m[90mâ”€[39m[90mâ”€[39m[90mâ”€[39m[90mâ”€[39m[90mâ”€[39m[90mâ”€[39m[90mâ”€[39m[90mâ”€[39m[90mâ”€[39m[90mâ”€[39m[90mâ”€[39m[90mâ”€[39m[90mâ”€[39m[90mâ”€[39m[90mâ”€[39m[90mâ”€[39m[90mâ”€[39m[90mâ”€[39m[90mâ”¤[39m
Admin UI E2E (3, chrome)	Run Cypress	2025-01-17T01:12:27.2704689Z [90m  â”‚[39m [32mâœ”[39m  [0mauthentication_test.spec.ts[0m              [90m02:33[39m       [0m36[0m       [32m35[39m        [90m-[39m        [36m1[39m        [90m-[39m [90mâ”‚[39m
Admin UI E2E (3, chrome)	Run Cypress	2025-01-17T01:12:27.2713977Z [90m  â”œ[39m[90mâ”€[39m[90mâ”€[39m[90mâ”€[39m[90mâ”€[39m[90mâ”€[39m[90mâ”€[39m[90mâ”€[39m[90mâ”€[39m[90mâ”€[39m[90mâ”€[39m[90mâ”€[39m[90mâ”€[39m[90mâ”€[39m[90mâ”€[39m[90mâ”€[39m[90mâ”€[39m[90mâ”€[39m[90mâ”€[39m[90mâ”€[39m[90mâ”€[39m[90mâ”€[39m[90mâ”€[39m[90mâ”€[39m[90mâ”€[39m[90mâ”€[39m[90mâ”€[39m[90mâ”€[39m[90mâ”€[39m[90mâ”€[39m[90mâ”€[39m[90mâ”€[39m[90mâ”€[39m[90mâ”€[39m[90mâ”€[39m[90mâ”€[39m[90mâ”€[39m[90mâ”€[39m[90mâ”€[39m[90mâ”€[39m[90mâ”€[39m[90mâ”€[39m[90mâ”€[39m[90mâ”€[39m[90mâ”€[39m[90mâ”€[39m[90mâ”€[39m[90mâ”€[39m[90mâ”€[39m[90mâ”€[39m[90mâ”€[39m[90mâ”€[39m[90mâ”€[39m[90mâ”€[39m[90mâ”€[39m[90mâ”€[39m[90mâ”€[39m[90mâ”€[39m[90mâ”€[39m[90mâ”€[39m[90mâ”€[39m[90mâ”€[39m[90mâ”€[39m[90mâ”€[39m[90mâ”€[39m[90mâ”€[39m[90mâ”€[39m[90mâ”€[39m[90mâ”€[39m[90mâ”€[39m[90mâ”€[39m[90mâ”€[39m[90mâ”€[39m[90mâ”€[39m[90mâ”€[39m[90mâ”€[39m[90mâ”€[39m[90mâ”€[39m[90mâ”€[39m[90mâ”€[39m[90mâ”€[39m[90mâ”€[39m[90mâ”€[39m[90mâ”€[39m[90mâ”€[39m[90mâ”€[39m[90mâ”€[39m[90mâ”€[39m[90mâ”€[39m[90mâ”€[39m[90mâ”€[39m[90mâ”€[39m[90mâ”€[39m[90mâ”€[39m[90mâ”€[39m[90mâ”€[39m[90mâ”€[39m[90mâ”¤[39m
Admin UI E2E (3, chrome)	Run Cypress	2025-01-17T01:12:27.2722339Z [90m  â”‚[39m [32mâœ”[39m  [0muser_fed_test.spec.ts[0m                    [90m00:04[39m        [0m1[0m        [32m1[39m        [90m-[39m        [90m-[39m        [90m-[39m [90mâ”‚[39m
Admin UI E2E (3, chrome)	Run Cypress	2025-01-17T01:12:27.2730288Z [90m  â”œ[39m[90mâ”€[39m[90mâ”€[39m[90mâ”€[39m[90mâ”€[39m[90mâ”€[39m[90mâ”€[39m[90mâ”€[39m[90mâ”€[39m[90mâ”€[39m[90mâ”€[39m[90mâ”€[39m[90mâ”€[39m[90mâ”€[39m[90mâ”€[39m[90mâ”€[39m[90mâ”€[39m[90mâ”€[39m[90mâ”€[39m[90mâ”€[39m[90mâ”€[39m[90mâ”€[39m[90mâ”€[39m[90mâ”€[39m[90mâ”€[39m[90mâ”€[39m[90mâ”€[39m[90mâ”€[39m[90mâ”€[39m[90mâ”€[39m[90mâ”€[39m[90mâ”€[39m[90mâ”€[39m[90mâ”€[39m[90mâ”€[39m[90mâ”€[39m[90mâ”€[39m[90mâ”€[39m[90mâ”€[39m[90mâ”€[39m[90mâ”€[39m[90mâ”€[39m[90mâ”€[39m[90mâ”€[39m[90mâ”€[39m[90mâ”€[39m[90mâ”€[39m[90mâ”€[39m[90mâ”€[39m[90mâ”€[39m[90mâ”€[39m[90mâ”€[39m[90mâ”€[39m[90mâ”€[39m[90mâ”€[39m[90mâ”€[39m[90mâ”€[39m[90mâ”€[39m[90mâ”€[39m[90mâ”€[39m[90mâ”€[39m[90mâ”€[39m[90mâ”€[39m[90mâ”€[39m[90mâ”€[39m[90mâ”€[39m[90mâ”€[39m[90mâ”€[39m[90mâ”€[39m[90mâ”€[39m[90mâ”€[39m[90mâ”€[39m[90mâ”€[39m[90mâ”€[39m[90mâ”€[39m[90mâ”€[39m[90mâ”€[39m[90mâ”€[39m[90mâ”€[39m[90mâ”€[39m[90mâ”€[39m[90mâ”€[39m[90mâ”€[39m[90mâ”€[39m[90mâ”€[39m[90mâ”€[39m[90mâ”€[39m[90mâ”€[39m[90mâ”€[39m[90mâ”€[39m[90mâ”€[39m[90mâ”€[39m[90mâ”€[39m[90mâ”€[39m[90mâ”€[39m[90mâ”€[39m[90mâ”€[39m[90mâ”¤[39m
Admin UI E2E (3, chrome)	Run Cypress	2025-01-17T01:12:27.2736050Z [90m  â”‚[39m [32mâœ”[39m  [0mauthentication_policies_ciba.spec.t[0m      [90m00:15[39m        [0m3[0m        [32m3[39m        [90m-[39m        [90m-[39m        [90m-[39m [90mâ”‚[39m
Admin UI E2E (3, chrome)	Run Cypress	2025-01-17T01:12:27.2737439Z [90m  â”‚[39m    [0ms[0m                                                                                           [90mâ”‚[39m
Admin UI E2E (3, chrome)	Run Cypress	2025-01-17T01:12:27.2743896Z [90m  â”œ[39m[90mâ”€[39m[90mâ”€[39m[90mâ”€[39m[90mâ”€[39m[90mâ”€[39m[90mâ”€[39m[90mâ”€[39m[90mâ”€[39m[90mâ”€[39m[90mâ”€[39m[90mâ”€[39m[90mâ”€[39m[90mâ”€[39m[90mâ”€[39m[90mâ”€[39m[90mâ”€[39m[90mâ”€[39m[90mâ”€[39m[90mâ”€[39m[90mâ”€[39m[90mâ”€[39m[90mâ”€[39m[90mâ”€[39m[90mâ”€[39m[90mâ”€[39m[90mâ”€[39m[90mâ”€[39m[90mâ”€[39m[90mâ”€[39m[90mâ”€[39m[90mâ”€[39m[90mâ”€[39m[90mâ”€[39m[90mâ”€[39m[90mâ”€[39m[90mâ”€[39m[90mâ”€[39m[90mâ”€[39m[90mâ”€[39m[90mâ”€[39m[90mâ”€[39m[90mâ”€[39m[90mâ”€[39m[90mâ”€[39m[90mâ”€[39m[90mâ”€[39m[90mâ”€[39m[90mâ”€[39m[90mâ”€[39m[90mâ”€[39m[90mâ”€[39m[90mâ”€[39m[90mâ”€[39m[90mâ”€[39m[90mâ”€[39m[90mâ”€[39m[90mâ”€[39m[90mâ”€[39m[90mâ”€[39m[90mâ”€[39m[90mâ”€[39m[90mâ”€[39m[90mâ”€[39m[90mâ”€[39m[90mâ”€[39m[90mâ”€[39m[90mâ”€[39m[90mâ”€[39m[90mâ”€[39m[90mâ”€[39m[90mâ”€[39m[90mâ”€[39m[90mâ”€[39m[90mâ”€[39m[90mâ”€[39m[90mâ”€[39m[90mâ”€[39m[90mâ”€[39m[90mâ”€[39m[90mâ”€[39m[90mâ”€[39m[90mâ”€[39m[90mâ”€[39m[90mâ”€[39m[90mâ”€[39m[90mâ”€[39m[90mâ”€[39m[90mâ”€[39m[90mâ”€[39m[90mâ”€[39m[90mâ”€[39m[90mâ”€[39m[90mâ”€[39m[90mâ”€[39m[90mâ”€[39m[90mâ”€[39m[90mâ”¤[39m
Admin UI E2E (3, chrome)	Run Cypress	2025-01-17T01:12:27.2748291Z [90m  â”‚[39m [31mâœ–[39m  [0mclients_test.spec.ts[0m                     [90m06:13[39m       [0m24[0m       [32m23[39m        [31m1[39m        [90m-[39m        [90m-[39m [90mâ”‚[39m
Admin UI E2E (3, chrome)	Run Cypress	2025-01-17T01:12:27.2755015Z [90m  â”œ[39m[90mâ”€[39m[90mâ”€[39m[90mâ”€[39m[90mâ”€[39m[90mâ”€[39m[90mâ”€[39m[90mâ”€[39m[90mâ”€[39m[90mâ”€[39m[90mâ”€[39m[90mâ”€[39m[90mâ”€[39m[90mâ”€[39m[90mâ”€[39m[90mâ”€[39m[90mâ”€[39m[90mâ”€[39m[90mâ”€[39m[90mâ”€[39m[90mâ”€[39m[90mâ”€[39m[90mâ”€[39m[90mâ”€[39m[90mâ”€[39m[90mâ”€[39m[90mâ”€[39m[90mâ”€[39m[90mâ”€[39m[90mâ”€[39m[90mâ”€[39m[90mâ”€[39m[90mâ”€[39m[90mâ”€[39m[90mâ”€[39m[90mâ”€[39m[90mâ”€[39m[90mâ”€[39m[90mâ”€[39m[90mâ”€[39m[90mâ”€[39m[90mâ”€[39m[90mâ”€[39m[90mâ”€[39m[90mâ”€[39m[90mâ”€[39m[90mâ”€[39m[90mâ”€[39m[90mâ”€[39m[90mâ”€[39m[90mâ”€[39m[90mâ”€[39m[90mâ”€[39m[90mâ”€[39m[90mâ”€[39m[90mâ”€[39m[90mâ”€[39m[90mâ”€[39m[90mâ”€[39m[90mâ”€[39m[90mâ”€[39m[90mâ”€[39m[90mâ”€[39m[90mâ”€[39m[90mâ”€[39m[90mâ”€[39m[90mâ”€[39m[90mâ”€[39m[90mâ”€[39m[90mâ”€[39m[90mâ”€[39m[90mâ”€[39m[90mâ”€[39m[90mâ”€[39m[90mâ”€[39m[90mâ”€[39m[90mâ”€[39m[90mâ”€[39m[90mâ”€[39m[90mâ”€[39m[90mâ”€[39m[90mâ”€[39m[90mâ”€[39m[90mâ”€[39m[90mâ”€[39m[90mâ”€[39m[90mâ”€[39m[90mâ”€[39m[90mâ”€[39m[90mâ”€[39m[90mâ”€[39m[90mâ”€[39m[90mâ”€[39m[90mâ”€[39m[90mâ”€[39m[90mâ”€[39m[90mâ”€[39m[90mâ”¤[39m
Admin UI E2E (3, chrome)	Run Cypress	2025-01-17T01:12:27.2761329Z [90m  â”‚[39m [32mâœ”[39m  [0mclient_registration_policies.spec.t[0m      [90m00:33[39m        [0m9[0m        [32m9[39m        [90m-[39m        [90m-[39m        [90m-[39m [90mâ”‚[39m
Admin UI E2E (3, chrome)	Run Cypress	2025-01-17T01:12:27.2763027Z [90m  â”‚[39m    [0ms[0m                                                                                           [90mâ”‚[39m
Admin UI E2E (3, chrome)	Run Cypress	2025-01-17T01:12:27.2769513Z [90m  â”œ[39m[90mâ”€[39m[90mâ”€[39m[90mâ”€[39m[90mâ”€[39m[90mâ”€[39m[90mâ”€[39m[90mâ”€[39m[90mâ”€[39m[90mâ”€[39m[90mâ”€[39m[90mâ”€[39m[90mâ”€[39m[90mâ”€[39m[90mâ”€[39m[90mâ”€[39m[90mâ”€[39m[90mâ”€[39m[90mâ”€[39m[90mâ”€[39m[90mâ”€[39m[90mâ”€[39m[90mâ”€[39m[90mâ”€[39m[90mâ”€[39m[90mâ”€[39m[90mâ”€[39m[90mâ”€[39m[90mâ”€[39m[90mâ”€[39m[90mâ”€[39m[90mâ”€[39m[90mâ”€[39m[90mâ”€[39m[90mâ”€[39m[90mâ”€[39m[90mâ”€[39m[90mâ”€[39m[90mâ”€[39m[90mâ”€[39m[90mâ”€[39m[90mâ”€[39m[90mâ”€[39m[90mâ”€[39m[90mâ”€[39m[90mâ”€[39m[90mâ”€[39m[90mâ”€[39m[90mâ”€[39m[90mâ”€[39m[90mâ”€[39m[90mâ”€[39m[90mâ”€[39m[90mâ”€[39m[90mâ”€[39m[90mâ”€[39m[90mâ”€[39m[90mâ”€[39m[90mâ”€[39m[90mâ”€[39m[90mâ”€[39m[90mâ”€[39m[90mâ”€[39m[90mâ”€[39m[90mâ”€[39m[90mâ”€[39m[90mâ”€[39m[90mâ”€[39m[90mâ”€[39m[90mâ”€[39m[90mâ”€[39m[90mâ”€[39m[90mâ”€[39m[90mâ”€[39m[90mâ”€[39m[90mâ”€[39m[90mâ”€[39m[90mâ”€[39m[90mâ”€[39m[90mâ”€[39m[90mâ”€[39m[90mâ”€[39m[90mâ”€[39m[90mâ”€[39m[90mâ”€[39m[90mâ”€[39m[90mâ”€[39m[90mâ”€[39m[90mâ”€[39m[90mâ”€[39m[90mâ”€[39m[90mâ”€[39m[90mâ”€[39m[90mâ”€[39m[90mâ”€[39m[90mâ”€[39m[90mâ”€[39m[90mâ”¤[39m
Admin UI E2E (3, chrome)	Run Cypress	2025-01-17T01:12:27.2774975Z [90m  â”‚[39m [32mâœ”[39m  [0mclient_advanced.spec.ts[0m                  [90m00:53[39m        [0m6[0m        [32m6[39m        [90m-[39m        [90m-[39m        [90m-[39m [90mâ”‚[39m
Admin UI E2E (3, chrome)	Run Cypress	2025-01-17T01:12:27.2782450Z [90m  â”œ[39m[90mâ”€[39m[90mâ”€[39m[90mâ”€[39m[90mâ”€[39m[90mâ”€[39m[90mâ”€[39m[90mâ”€[39m[90mâ”€[39m[90mâ”€[39m[90mâ”€[39m[90mâ”€[39m[90mâ”€[39m[90mâ”€[39m[90mâ”€[39m[90mâ”€[39m[90mâ”€[39m[90mâ”€[39m[90mâ”€[39m[90mâ”€[39m[90mâ”€[39m[90mâ”€[39m[90mâ”€[39m[90mâ”€[39m[90mâ”€[39m[90mâ”€[39m[90mâ”€[39m[90mâ”€[39m[90mâ”€[39m[90mâ”€[39m[90mâ”€[39m[90mâ”€[39m[90mâ”€[39m[90mâ”€[39m[90mâ”€[39m[90mâ”€[39m[90mâ”€[39m[90mâ”€[39m[90mâ”€[39m[90mâ”€[39m[90mâ”€[39m[90mâ”€[39m[90mâ”€[39m[90mâ”€[39m[90mâ”€[39m[90mâ”€[39m[90mâ”€[39m[90mâ”€[39m[90mâ”€[39m[90mâ”€[39m[90mâ”€[39m[90mâ”€[39m[90mâ”€[39m[90mâ”€[39m[90mâ”€[39m[90mâ”€[39m[90mâ”€[39m[90mâ”€[39m[90mâ”€[39m[90mâ”€[39m[90mâ”€[39m[90mâ”€[39m[90mâ”€[39m[90mâ”€[39m[90mâ”€[39m[90mâ”€[39m[90mâ”€[39m[90mâ”€[39m[90mâ”€[39m[90mâ”€[39m[90mâ”€[39m[90mâ”€[39m[90mâ”€[39m[90mâ”€[39m[90mâ”€[39m[90mâ”€[39m[90mâ”€[39m[90mâ”€[39m[90mâ”€[39m[90mâ”€[39m[90mâ”€[39m[90mâ”€[39m[90mâ”€[39m[90mâ”€[39m[90mâ”€[39m[90mâ”€[39m[90mâ”€[39m[90mâ”€[39m[90mâ”€[39m[90mâ”€[39m[90mâ”€[39m[90mâ”€[39m[90mâ”€[39m[90mâ”€[39m[90mâ”€[39m[90mâ”€[39m[90mâ”€[39m[90mâ”¤[39m
Admin UI E2E (3, chrome)	Run Cypress	2025-01-17T01:12:27.2787195Z [90m  â”‚[39m [32mâœ”[39m  [0mclient_authorization_test.spec.ts[0m        [90m01:34[39m       [0m12[0m       [32m11[39m        [90m-[39m        [36m1[39m        [90m-[39m [90mâ”‚[39m
Admin UI E2E (3, chrome)	Run Cypress	2025-01-17T01:12:27.2793961Z [90m  â””[39m[90mâ”€[39m[90mâ”€[39m[90mâ”€[39m[90mâ”€[39m[90mâ”€[39m[90mâ”€[39m[90mâ”€[39m[90mâ”€[39m[90mâ”€[39m[90mâ”€[39m[90mâ”€[39m[90mâ”€[39m[90mâ”€[39m[90mâ”€[39m[90mâ”€[39m[90mâ”€[39m[90mâ”€[39m[90mâ”€[39m[90mâ”€[39m[90mâ”€[39m[90mâ”€[39m[90mâ”€[39m[90mâ”€[39m[90mâ”€[39m[90mâ”€[39m[90mâ”€[39m[90mâ”€[39m[90mâ”€[39m[90mâ”€[39m[90mâ”€[39m[90mâ”€[39m[90mâ”€[39m[90mâ”€[39m[90mâ”€[39m[90mâ”€[39m[90mâ”€[39m[90mâ”€[39m[90mâ”€[39m[90mâ”€[39m[90mâ”€[39m[90mâ”€[39m[90mâ”€[39m[90mâ”€[39m[90mâ”€[39m[90mâ”€[39m[90mâ”€[39m[90mâ”€[39m[90mâ”€[39m[90mâ”€[39m[90mâ”€[39m[90mâ”€[39m[90mâ”€[39m[90mâ”€[39m[90mâ”€[39m[90mâ”€[39m[90mâ”€[39m[90mâ”€[39m[90mâ”€[39m[90mâ”€[39m[90mâ”€[39m[90mâ”€[39m[90mâ”€[39m[90mâ”€[39m[90mâ”€[39m[90mâ”€[39m[90mâ”€[39m[90mâ”€[39m[90mâ”€[39m[90mâ”€[39m[90mâ”€[39m[90mâ”€[39m[90mâ”€[39m[90mâ”€[39m[90mâ”€[39m[90mâ”€[39m[90mâ”€[39m[90mâ”€[39m[90mâ”€[39m[90mâ”€[39m[90mâ”€[39m[90mâ”€[39m[90mâ”€[39m[90mâ”€[39m[90mâ”€[39m[90mâ”€[39m[90mâ”€[39m[90mâ”€[39m[90mâ”€[39m[90mâ”€[39m[90mâ”€[39m[90mâ”€[39m[90mâ”€[39m[90mâ”€[39m[90mâ”€[39m[90mâ”€[39m[90mâ”€[39m[90mâ”˜[39m
Admin UI E2E (3, chrome)	Run Cypress	2025-01-17T01:12:27.2799626Z [90m   [39m [31mâœ–[39m  [31m1 of 8 failed (13%)[39m                      [90m13:47[39m      [0m109[0m      [32m106[39m        [31m1[39m        [36m2[39m        [90m-[39m [90m [39m
Admin UI E2E (3, chrome)	Run Cypress	2025-01-17T01:12:27.2800325Z 
Admin UI E2E (3, chrome)	Run Cypress	2025-01-17T01:12:27.3742213Z ##[error]Cypress tests: 1 failed
Status Check - Keycloak JavaScript CI	Run /./.github/actions/status-check	2025-01-17T01:12:44.0012506Z Prepare all required actions
Status Check - Keycloak JavaScript CI	Run /./.github/actions/status-check	2025-01-17T01:12:44.0125730Z ##[group]Run ./.github/actions/status-check
Status Check - Keycloak JavaScript CI	Run /./.github/actions/status-check	2025-01-17T01:12:44.0126081Z with:
Status Check - Keycloak JavaScript CI	Run /./.github/actions/status-check	2025-01-17T01:12:44.0127254Z   jobs: {
Status Check - Keycloak JavaScript CI	Run /./.github/actions/status-check	  "conditional": {
Status Check - Keycloak JavaScript CI	Run /./.github/actions/status-check	    "result": "success",
Status Check - Keycloak JavaScript CI	Run /./.github/actions/status-check	    "outputs": {
Status Check - Keycloak JavaScript CI	Run /./.github/actions/status-check	      "js-ci": "true"
Status Check - Keycloak JavaScript CI	Run /./.github/actions/status-check	    }
Status Check - Keycloak JavaScript CI	Run /./.github/actions/status-check	  },
Status Check - Keycloak JavaScript CI	Run /./.github/actions/status-check	  "build-keycloak": {
Status Check - Keycloak JavaScript CI	Run /./.github/actions/status-check	    "result": "success",
Status Check - Keycloak JavaScript CI	Run /./.github/actions/status-check	    "outputs": {}
Status Check - Keycloak JavaScript CI	Run /./.github/actions/status-check	  },
Status Check - Keycloak JavaScript CI	Run /./.github/actions/status-check	  "admin-client": {
Status Check - Keycloak JavaScript CI	Run /./.github/actions/status-check	    "result": "success",
Status Check - Keycloak JavaScript CI	Run /./.github/actions/status-check	    "outputs": {}
Status Check - Keycloak JavaScript CI	Run /./.github/actions/status-check	  },
Status Check - Keycloak JavaScript CI	Run /./.github/actions/status-check	  "ui-shared": {
Status Check - Keycloak JavaScript CI	Run /./.github/actions/status-check	    "result": "success",
Status Check - Keycloak JavaScript CI	Run /./.github/actions/status-check	    "outputs": {}
Status Check - Keycloak JavaScript CI	Run /./.github/actions/status-check	  },
Status Check - Keycloak JavaScript CI	Run /./.github/actions/status-check	  "account-ui": {
Status Check - Keycloak JavaScript CI	Run /./.github/actions/status-check	    "result": "success",
Status Check - Keycloak JavaScript CI	Run /./.github/actions/status-check	    "outputs": {}
Status Check - Keycloak JavaScript CI	Run /./.github/actions/status-check	  },
Status Check - Keycloak JavaScript CI	Run /./.github/actions/status-check	  "account-ui-e2e": {
Status Check - Keycloak JavaScript CI	Run /./.github/actions/status-check	    "result": "success",
Status Check - Keycloak JavaScript CI	Run /./.github/actions/status-check	    "outputs": {}
Status Check - Keycloak JavaScript CI	Run /./.github/actions/status-check	  },
Status Check - Keycloak JavaScript CI	Run /./.github/actions/status-check	  "admin-ui": {
Status Check - Keycloak JavaScript CI	Run /./.github/actions/status-check	    "result": "success",
Status Check - Keycloak JavaScript CI	Run /./.github/actions/status-check	    "outputs": {}
Status Check - Keycloak JavaScript CI	Run /./.github/actions/status-check	  },
Status Check - Keycloak JavaScript CI	Run /./.github/actions/status-check	  "admin-ui-e2e": {
Status Check - Keycloak JavaScript CI	Run /./.github/actions/status-check	    "result": "failure",
Status Check - Keycloak JavaScript CI	Run /./.github/actions/status-check	    "outputs": {}
Status Check - Keycloak JavaScript CI	Run /./.github/actions/status-check	  }
Status Check - Keycloak JavaScript CI	Run /./.github/actions/status-check	}
Status Check - Keycloak JavaScript CI	Run /./.github/actions/status-check	2025-01-17T01:12:44.0128553Z env:
Status Check - Keycloak JavaScript CI	Run /./.github/actions/status-check	2025-01-17T01:12:44.0128857Z   MAVEN_ARGS: -B -nsu -Daether.connector.http.connectionMaxTtl=25
Status Check - Keycloak JavaScript CI	Run /./.github/actions/status-check	2025-01-17T01:12:44.0129230Z   RETRY_COUNT: 3
Status Check - Keycloak JavaScript CI	Run /./.github/actions/status-check	2025-01-17T01:12:44.0129464Z ##[endgroup]
Status Check - Keycloak JavaScript CI	Run /./.github/actions/status-check	2025-01-17T01:12:44.0229789Z ##[group]Run JOBS='{
Status Check - Keycloak JavaScript CI	Run /./.github/actions/status-check	2025-01-17T01:12:44.0230209Z [36;1mJOBS='{[0m
Status Check - Keycloak JavaScript CI	Run /./.github/actions/status-check	2025-01-17T01:12:44.0312103Z [36;1m  "conditional": {[0m
Status Check - Keycloak JavaScript CI	Run /./.github/actions/status-check	2025-01-17T01:12:44.0312434Z [36;1m    "result": "success",[0m
Status Check - Keycloak JavaScript CI	Run /./.github/actions/status-check	2025-01-17T01:12:44.0312729Z [36;1m    "outputs": {[0m
Status Check - Keycloak JavaScript CI	Run /./.github/actions/status-check	2025-01-17T01:12:44.0313115Z [36;1m      "js-ci": "true"[0m
Status Check - Keycloak JavaScript CI	Run /./.github/actions/status-check	2025-01-17T01:12:44.0313362Z [36;1m    }[0m
Status Check - Keycloak JavaScript CI	Run /./.github/actions/status-check	2025-01-17T01:12:44.0313573Z [36;1m  },[0m
Status Check - Keycloak JavaScript CI	Run /./.github/actions/status-check	2025-01-17T01:12:44.0313825Z [36;1m  "build-keycloak": {[0m
Status Check - Keycloak JavaScript CI	Run /./.github/actions/status-check	2025-01-17T01:12:44.0314120Z [36;1m    "result": "success",[0m
Status Check - Keycloak JavaScript CI	Run /./.github/actions/status-check	2025-01-17T01:12:44.0314412Z [36;1m    "outputs": {}[0m
Status Check - Keycloak JavaScript CI	Run /./.github/actions/status-check	2025-01-17T01:12:44.0314704Z [36;1m  },[0m
Status Check - Keycloak JavaScript CI	Run /./.github/actions/status-check	2025-01-17T01:12:44.0314913Z [36;1m  "admin-client": {[0m
Status Check - Keycloak JavaScript CI	Run /./.github/actions/status-check	2025-01-17T01:12:44.0315187Z [36;1m    "result": "success",[0m
Status Check - Keycloak JavaScript CI	Run /./.github/actions/status-check	2025-01-17T01:12:44.0315473Z [36;1m    "outputs": {}[0m
Status Check - Keycloak JavaScript CI	Run /./.github/actions/status-check	2025-01-17T01:12:44.0315703Z [36;1m  },[0m
Status Check - Keycloak JavaScript CI	Run /./.github/actions/status-check	2025-01-17T01:12:44.0315912Z [36;1m  "ui-shared": {[0m
Status Check - Keycloak JavaScript CI	Run /./.github/actions/status-check	2025-01-17T01:12:44.0316157Z [36;1m    "result": "success",[0m
Status Check - Keycloak JavaScript CI	Run /./.github/actions/status-check	2025-01-17T01:12:44.0316404Z [36;1m    "outputs": {}[0m
Status Check - Keycloak JavaScript CI	Run /./.github/actions/status-check	2025-01-17T01:12:44.0316643Z [36;1m  },[0m
Status Check - Keycloak JavaScript CI	Run /./.github/actions/status-check	2025-01-17T01:12:44.0316851Z [36;1m  "account-ui": {[0m
Status Check - Keycloak JavaScript CI	Run /./.github/actions/status-check	2025-01-17T01:12:44.0317084Z [36;1m    "result": "success",[0m
Status Check - Keycloak JavaScript CI	Run /./.github/actions/status-check	2025-01-17T01:12:44.0317336Z [36;1m    "outputs": {}[0m
Status Check - Keycloak JavaScript CI	Run /./.github/actions/status-check	2025-01-17T01:12:44.0317586Z [36;1m  },[0m
Status Check - Keycloak JavaScript CI	Run /./.github/actions/status-check	2025-01-17T01:12:44.0317790Z [36;1m  "account-ui-e2e": {[0m
Status Check - Keycloak JavaScript CI	Run /./.github/actions/status-check	2025-01-17T01:12:44.0318040Z [36;1m    "result": "success",[0m
Status Check - Keycloak JavaScript CI	Run /./.github/actions/status-check	2025-01-17T01:12:44.0318287Z [36;1m    "outputs": {}[0m
Status Check - Keycloak JavaScript CI	Run /./.github/actions/status-check	2025-01-17T01:12:44.0318503Z [36;1m  },[0m
Status Check - Keycloak JavaScript CI	Run /./.github/actions/status-check	2025-01-17T01:12:44.0318705Z [36;1m  "admin-ui": {[0m
Status Check - Keycloak JavaScript CI	Run /./.github/actions/status-check	2025-01-17T01:12:44.0318941Z [36;1m    "result": "success",[0m
Status Check - Keycloak JavaScript CI	Run /./.github/actions/status-check	2025-01-17T01:12:44.0319192Z [36;1m    "outputs": {}[0m
Status Check - Keycloak JavaScript CI	Run /./.github/actions/status-check	2025-01-17T01:12:44.0319427Z [36;1m  },[0m
Status Check - Keycloak JavaScript CI	Run /./.github/actions/status-check	2025-01-17T01:12:44.0319633Z [36;1m  "admin-ui-e2e": {[0m
Status Check - Keycloak JavaScript CI	Run /./.github/actions/status-check	2025-01-17T01:12:44.0319874Z [36;1m    "result": "failure",[0m
Status Check - Keycloak JavaScript CI	Run /./.github/actions/status-check	2025-01-17T01:12:44.0320123Z [36;1m    "outputs": {}[0m
Status Check - Keycloak JavaScript CI	Run /./.github/actions/status-check	2025-01-17T01:12:44.0320350Z [36;1m  }[0m
Status Check - Keycloak JavaScript CI	Run /./.github/actions/status-check	2025-01-17T01:12:44.0320541Z [36;1m}'[0m
Status Check - Keycloak JavaScript CI	Run /./.github/actions/status-check	2025-01-17T01:12:44.0320748Z [36;1m[0m
Status Check - Keycloak JavaScript CI	Run /./.github/actions/status-check	2025-01-17T01:12:44.0320955Z [36;1mecho "Job status:"[0m
Status Check - Keycloak JavaScript CI	Run /./.github/actions/status-check	2025-01-17T01:12:44.0321334Z [36;1mecho $JOBS | jq -r 'to_entries[] | " - \(.key): \(.value.result)"'[0m
Status Check - Keycloak JavaScript CI	Run /./.github/actions/status-check	2025-01-17T01:12:44.0321700Z [36;1m[0m
Status Check - Keycloak JavaScript CI	Run /./.github/actions/status-check	2025-01-17T01:12:44.0321975Z [36;1mfor i in $(echo $JOBS | jq -r 'to_entries[] | .value.result'); do[0m
Status Check - Keycloak JavaScript CI	Run /./.github/actions/status-check	2025-01-17T01:12:44.0322382Z [36;1m  if [ "$i" != "success" ] && [ "$i" != "skipped" ]; then[0m
Status Check - Keycloak JavaScript CI	Run /./.github/actions/status-check	2025-01-17T01:12:44.0322756Z [36;1m    echo ""[0m
Status Check - Keycloak JavaScript CI	Run /./.github/actions/status-check	2025-01-17T01:12:44.0323108Z [36;1m    echo "Status check not okay!"[0m
Status Check - Keycloak JavaScript CI	Run /./.github/actions/status-check	2025-01-17T01:12:44.0323381Z [36;1m    exit 1[0m
Status Check - Keycloak JavaScript CI	Run /./.github/actions/status-check	2025-01-17T01:12:44.0323590Z [36;1m  fi[0m
Status Check - Keycloak JavaScript CI	Run /./.github/actions/status-check	2025-01-17T01:12:44.0323787Z [36;1mdone[0m
Status Check - Keycloak JavaScript CI	Run /./.github/actions/status-check	2025-01-17T01:12:44.0356677Z shell: /usr/bin/bash --noprofile --norc -e -o pipefail {0}
Status Check - Keycloak JavaScript CI	Run /./.github/actions/status-check	2025-01-17T01:12:44.0357080Z env:
Status Check - Keycloak JavaScript CI	Run /./.github/actions/status-check	2025-01-17T01:12:44.0357391Z   MAVEN_ARGS: -B -nsu -Daether.connector.http.connectionMaxTtl=25
Status Check - Keycloak JavaScript CI	Run /./.github/actions/status-check	2025-01-17T01:12:44.0357764Z   RETRY_COUNT: 3
Status Check - Keycloak JavaScript CI	Run /./.github/actions/status-check	2025-01-17T01:12:44.0357982Z ##[endgroup]
Status Check - Keycloak JavaScript CI	Run /./.github/actions/status-check	2025-01-17T01:12:44.0425333Z Job status:
Status Check - Keycloak JavaScript CI	Run /./.github/actions/status-check	2025-01-17T01:12:44.0470239Z  - conditional: success
Status Check - Keycloak JavaScript CI	Run /./.github/actions/status-check	2025-01-17T01:12:44.0470573Z  - build-keycloak: success
Status Check - Keycloak JavaScript CI	Run /./.github/actions/status-check	2025-01-17T01:12:44.0470854Z  - admin-client: success
Status Check - Keycloak JavaScript CI	Run /./.github/actions/status-check	2025-01-17T01:12:44.0471106Z  - ui-shared: success
Status Check - Keycloak JavaScript CI	Run /./.github/actions/status-check	2025-01-17T01:12:44.0471339Z  - account-ui: success
Status Check - Keycloak JavaScript CI	Run /./.github/actions/status-check	2025-01-17T01:12:44.0471588Z  - account-ui-e2e: success
Status Check - Keycloak JavaScript CI	Run /./.github/actions/status-check	2025-01-17T01:12:44.0471838Z  - admin-ui: success
Status Check - Keycloak JavaScript CI	Run /./.github/actions/status-check	2025-01-17T01:12:44.0472061Z  - admin-ui-e2e: failure
Status Check - Keycloak JavaScript CI	Run /./.github/actions/status-check	2025-01-17T01:12:44.0505019Z 
Status Check - Keycloak JavaScript CI	Run /./.github/actions/status-check	2025-01-17T01:12:44.0505221Z Status check not okay!
Status Check - Keycloak JavaScript CI	Run /./.github/actions/status-check	2025-01-17T01:12:44.0517958Z ##[error]Process completed with exit code 1.
