Build	UNKNOWN STEP	ï»¿2026-01-22T14:31:02.9735471Z Current runner version: '2.331.0'
Build	UNKNOWN STEP	2026-01-22T14:31:02.9767378Z ##[group]Runner Image Provisioner
Build	UNKNOWN STEP	2026-01-22T14:31:02.9768269Z Hosted Compute Agent
Build	UNKNOWN STEP	2026-01-22T14:31:02.9768812Z Version: 20251211.462
Build	UNKNOWN STEP	2026-01-22T14:31:02.9769507Z Commit: 6cbad8c2bb55d58165063d031ccabf57e2d2db61
Build	UNKNOWN STEP	2026-01-22T14:31:02.9770206Z Build Date: 2025-12-11T16:28:49Z
Build	UNKNOWN STEP	2026-01-22T14:31:02.9770875Z Worker ID: {c35476ae-440a-4956-ad00-bcf2734d182c}
Build	UNKNOWN STEP	2026-01-22T14:31:02.9771535Z ##[endgroup]
Build	UNKNOWN STEP	2026-01-22T14:31:02.9772156Z ##[group]Operating System
Build	UNKNOWN STEP	2026-01-22T14:31:02.9772688Z Ubuntu
Build	UNKNOWN STEP	2026-01-22T14:31:02.9773151Z 24.04.3
Build	UNKNOWN STEP	2026-01-22T14:31:02.9773905Z LTS
Build	UNKNOWN STEP	2026-01-22T14:31:02.9774431Z ##[endgroup]
Build	UNKNOWN STEP	2026-01-22T14:31:02.9774966Z ##[group]Runner Image
Build	UNKNOWN STEP	2026-01-22T14:31:02.9775595Z Image: ubuntu-24.04
Build	UNKNOWN STEP	2026-01-22T14:31:02.9776121Z Version: 20260111.209.1
Build	UNKNOWN STEP	2026-01-22T14:31:02.9777089Z Included Software: https://github.com/actions/runner-images/blob/ubuntu24/20260111.209/images/ubuntu/Ubuntu2404-Readme.md
Build	UNKNOWN STEP	2026-01-22T14:31:02.9778726Z Image Release: https://github.com/actions/runner-images/releases/tag/ubuntu24%2F20260111.209
Build	UNKNOWN STEP	2026-01-22T14:31:02.9779732Z ##[endgroup]
Build	UNKNOWN STEP	2026-01-22T14:31:02.9780827Z ##[group]GITHUB_TOKEN Permissions
Build	UNKNOWN STEP	2026-01-22T14:31:02.9782650Z Contents: read
Build	UNKNOWN STEP	2026-01-22T14:31:02.9783286Z Metadata: read
Build	UNKNOWN STEP	2026-01-22T14:31:02.9784111Z ##[endgroup]
Build	UNKNOWN STEP	2026-01-22T14:31:02.9786204Z Secret source: None
Build	UNKNOWN STEP	2026-01-22T14:31:02.9787009Z Prepare workflow directory
Build	UNKNOWN STEP	2026-01-22T14:31:03.0268921Z Prepare all required actions
Build	UNKNOWN STEP	2026-01-22T14:31:03.0324635Z Getting action download info
Build	UNKNOWN STEP	2026-01-22T14:31:03.3850895Z Download action repository 'actions/checkout@08c6903cd8c0fde910a37f88322edcfb5dd907a8' (SHA:08c6903cd8c0fde910a37f88322edcfb5dd907a8)
Build	UNKNOWN STEP	2026-01-22T14:31:03.5822461Z Complete job name: Build
Build	UNKNOWN STEP	2026-01-22T14:31:03.6547301Z ##[group]Run actions/checkout@08c6903cd8c0fde910a37f88322edcfb5dd907a8
Build	UNKNOWN STEP	2026-01-22T14:31:03.6548420Z with:
Build	UNKNOWN STEP	2026-01-22T14:31:03.6548879Z   repository: keycloak/keycloak
Build	UNKNOWN STEP	2026-01-22T14:31:03.6549595Z   token: ***
Build	UNKNOWN STEP	2026-01-22T14:31:03.6550027Z   ssh-strict: true
Build	UNKNOWN STEP	2026-01-22T14:31:03.6550488Z   ssh-user: git
Build	UNKNOWN STEP	2026-01-22T14:31:03.6550951Z   persist-credentials: true
Build	UNKNOWN STEP	2026-01-22T14:31:03.6551434Z   clean: true
Build	UNKNOWN STEP	2026-01-22T14:31:03.6551889Z   sparse-checkout-cone-mode: true
Build	UNKNOWN STEP	2026-01-22T14:31:03.6552414Z   fetch-depth: 1
Build	UNKNOWN STEP	2026-01-22T14:31:03.6552848Z   fetch-tags: false
Build	UNKNOWN STEP	2026-01-22T14:31:03.6553304Z   show-progress: true
Build	UNKNOWN STEP	2026-01-22T14:31:03.6553987Z   lfs: false
Build	UNKNOWN STEP	2026-01-22T14:31:03.6554438Z   submodules: false
Build	UNKNOWN STEP	2026-01-22T14:31:03.6554880Z   set-safe-directory: true
Build	UNKNOWN STEP	2026-01-22T14:31:03.6555625Z env:
Build	UNKNOWN STEP	2026-01-22T14:31:03.6556236Z   MAVEN_ARGS: -B -nsu -Daether.connector.http.connectionMaxTtl=25
Build	UNKNOWN STEP	2026-01-22T14:31:03.6556972Z   SUREFIRE_RERUN_FAILING_COUNT: 2
Build	UNKNOWN STEP	2026-01-22T14:31:03.6557624Z   SUREFIRE_RETRY: -Dsurefire.rerunFailingTestsCount=2
Build	UNKNOWN STEP	2026-01-22T14:31:03.6558255Z ##[endgroup]
Build	UNKNOWN STEP	2026-01-22T14:31:03.7469125Z Syncing repository: keycloak/keycloak
Build	UNKNOWN STEP	2026-01-22T14:31:03.7471183Z ##[group]Getting Git version info
Build	UNKNOWN STEP	2026-01-22T14:31:03.7472017Z Working directory is '/home/runner/work/keycloak/keycloak'
Build	UNKNOWN STEP	2026-01-22T14:31:03.7473285Z [command]/usr/bin/git version
Build	UNKNOWN STEP	2026-01-22T14:31:03.7527848Z git version 2.52.0
Build	UNKNOWN STEP	2026-01-22T14:31:03.7549149Z ##[endgroup]
Build	UNKNOWN STEP	2026-01-22T14:31:03.7562679Z Temporarily overriding HOME='/home/runner/work/_temp/736699df-9ebb-46ab-8a3c-a37c4c8f2c5b' before making global git config changes
Build	UNKNOWN STEP	2026-01-22T14:31:03.7564467Z Adding repository directory to the temporary git global config as a safe directory
Build	UNKNOWN STEP	2026-01-22T14:31:03.7567572Z [command]/usr/bin/git config --global --add safe.directory /home/runner/work/keycloak/keycloak
Build	UNKNOWN STEP	2026-01-22T14:31:03.7609828Z Deleting the contents of '/home/runner/work/keycloak/keycloak'
Build	UNKNOWN STEP	2026-01-22T14:31:03.7613402Z ##[group]Initializing the repository
Build	UNKNOWN STEP	2026-01-22T14:31:03.7617898Z [command]/usr/bin/git init /home/runner/work/keycloak/keycloak
Build	UNKNOWN STEP	2026-01-22T14:31:03.7728646Z hint: Using 'master' as the name for the initial branch. This default branch name
Build	UNKNOWN STEP	2026-01-22T14:31:03.7730803Z hint: will change to "main" in Git 3.0. To configure the initial branch name
Build	UNKNOWN STEP	2026-01-22T14:31:03.7733396Z hint: to use in all of your new repositories, which will suppress this warning,
Build	UNKNOWN STEP	2026-01-22T14:31:03.7734995Z hint: call:
Build	UNKNOWN STEP	2026-01-22T14:31:03.7735840Z hint:
Build	UNKNOWN STEP	2026-01-22T14:31:03.7736597Z hint: 	git config --global init.defaultBranch <name>
Build	UNKNOWN STEP	2026-01-22T14:31:03.7737941Z hint:
Build	UNKNOWN STEP	2026-01-22T14:31:03.7738944Z hint: Names commonly chosen instead of 'master' are 'main', 'trunk' and
Build	UNKNOWN STEP	2026-01-22T14:31:03.7740184Z hint: 'development'. The just-created branch can be renamed via this command:
Build	UNKNOWN STEP	2026-01-22T14:31:03.7740979Z hint:
Build	UNKNOWN STEP	2026-01-22T14:31:03.7741429Z hint: 	git branch -m <name>
Build	UNKNOWN STEP	2026-01-22T14:31:03.7742055Z hint:
Build	UNKNOWN STEP	2026-01-22T14:31:03.7742769Z hint: Disable this message with "git config set advice.defaultBranchName false"
Build	UNKNOWN STEP	2026-01-22T14:31:03.7744770Z Initialized empty Git repository in /home/runner/work/keycloak/keycloak/.git/
Build	UNKNOWN STEP	2026-01-22T14:31:03.7746611Z [command]/usr/bin/git remote add origin https://github.com/keycloak/keycloak
Build	UNKNOWN STEP	2026-01-22T14:31:03.7802781Z ##[endgroup]
Build	UNKNOWN STEP	2026-01-22T14:31:03.7804469Z ##[group]Disabling automatic garbage collection
Build	UNKNOWN STEP	2026-01-22T14:31:03.7807602Z [command]/usr/bin/git config --local gc.auto 0
Build	UNKNOWN STEP	2026-01-22T14:31:03.7838235Z ##[endgroup]
Build	UNKNOWN STEP	2026-01-22T14:31:03.7839622Z ##[group]Setting up auth
Build	UNKNOWN STEP	2026-01-22T14:31:03.7845957Z [command]/usr/bin/git config --local --name-only --get-regexp core\.sshCommand
Build	UNKNOWN STEP	2026-01-22T14:31:03.7876896Z [command]/usr/bin/git submodule foreach --recursive sh -c "git config --local --name-only --get-regexp 'core\.sshCommand' && git config --local --unset-all 'core.sshCommand' || :"
Build	UNKNOWN STEP	2026-01-22T14:31:03.8216291Z [command]/usr/bin/git config --local --name-only --get-regexp http\.https\:\/\/github\.com\/\.extraheader
Build	UNKNOWN STEP	2026-01-22T14:31:03.8249179Z [command]/usr/bin/git submodule foreach --recursive sh -c "git config --local --name-only --get-regexp 'http\.https\:\/\/github\.com\/\.extraheader' && git config --local --unset-all 'http.https://github.com/.extraheader' || :"
Build	UNKNOWN STEP	2026-01-22T14:31:03.8479205Z [command]/usr/bin/git config --local http.https://github.com/.extraheader AUTHORIZATION: basic ***
Build	UNKNOWN STEP	2026-01-22T14:31:03.8515517Z ##[endgroup]
Build	UNKNOWN STEP	2026-01-22T14:31:03.8516429Z ##[group]Fetching the repository
Build	UNKNOWN STEP	2026-01-22T14:31:03.8524696Z [command]/usr/bin/git -c protocol.version=2 fetch --no-tags --prune --no-recurse-submodules --depth=1 origin +4e15f0d7aa6611ff69b6900751c3056b3687398a:refs/remotes/pull/45683/merge
Build	UNKNOWN STEP	2026-01-22T14:31:19.2636947Z remote: Internal Server Error
Build	UNKNOWN STEP	2026-01-22T14:31:19.2661646Z ##[error]fatal: unable to access 'https://github.com/keycloak/keycloak/': The requested URL returned error: 500
Build	UNKNOWN STEP	2026-01-22T14:31:19.2670473Z The process '/usr/bin/git' failed with exit code 128
Build	UNKNOWN STEP	2026-01-22T14:31:19.2670891Z Waiting 13 seconds before trying again
Build	UNKNOWN STEP	2026-01-22T14:31:32.2686684Z [command]/usr/bin/git -c protocol.version=2 fetch --no-tags --prune --no-recurse-submodules --depth=1 origin +4e15f0d7aa6611ff69b6900751c3056b3687398a:refs/remotes/pull/45683/merge
Build	UNKNOWN STEP	2026-01-22T14:32:20.5697705Z remote: Internal Server Error
Build	UNKNOWN STEP	2026-01-22T14:32:20.5700841Z ##[error]fatal: unable to access 'https://github.com/keycloak/keycloak/': The requested URL returned error: 500
Build	UNKNOWN STEP	2026-01-22T14:32:20.5720351Z The process '/usr/bin/git' failed with exit code 128
Build	UNKNOWN STEP	2026-01-22T14:32:33.5732428Z Waiting 13 seconds before trying again
Build	UNKNOWN STEP	2026-01-22T14:32:33.5734435Z [command]/usr/bin/git -c protocol.version=2 fetch --no-tags --prune --no-recurse-submodules --depth=1 origin +4e15f0d7aa6611ff69b6900751c3056b3687398a:refs/remotes/pull/45683/merge
Build	UNKNOWN STEP	2026-01-22T14:32:48.4459268Z remote: Internal Server Error
Build	UNKNOWN STEP	2026-01-22T14:32:48.4461334Z ##[error]fatal: unable to access 'https://github.com/keycloak/keycloak/': The requested URL returned error: 500
Build	UNKNOWN STEP	2026-01-22T14:32:48.4512868Z ##[error]The process '/usr/bin/git' failed with exit code 128
Build	UNKNOWN STEP	2026-01-22T14:32:48.4746422Z Post job cleanup.
Build	UNKNOWN STEP	2026-01-22T14:32:48.5556017Z [command]/usr/bin/git version
Build	UNKNOWN STEP	2026-01-22T14:32:48.5592317Z git version 2.52.0
Build	UNKNOWN STEP	2026-01-22T14:32:48.5629548Z Temporarily overriding HOME='/home/runner/work/_temp/da15c9f3-48ed-4522-af55-1d93f3f7a795' before making global git config changes
Build	UNKNOWN STEP	2026-01-22T14:32:48.5630805Z Adding repository directory to the temporary git global config as a safe directory
Build	UNKNOWN STEP	2026-01-22T14:32:48.5635375Z [command]/usr/bin/git config --global --add safe.directory /home/runner/work/keycloak/keycloak
Build	UNKNOWN STEP	2026-01-22T14:32:48.5672403Z [command]/usr/bin/git config --local --name-only --get-regexp core\.sshCommand
Build	UNKNOWN STEP	2026-01-22T14:32:48.5703539Z [command]/usr/bin/git submodule foreach --recursive sh -c "git config --local --name-only --get-regexp 'core\.sshCommand' && git config --local --unset-all 'core.sshCommand' || :"
Build	UNKNOWN STEP	2026-01-22T14:32:48.5924708Z [command]/usr/bin/git config --local --name-only --get-regexp http\.https\:\/\/github\.com\/\.extraheader
Build	UNKNOWN STEP	2026-01-22T14:32:48.5946066Z http.https://github.com/.extraheader
Build	UNKNOWN STEP	2026-01-22T14:32:48.5955700Z [command]/usr/bin/git config --local --unset-all http.https://github.com/.extraheader
Build	UNKNOWN STEP	2026-01-22T14:32:48.5986797Z [command]/usr/bin/git submodule foreach --recursive sh -c "git config --local --name-only --get-regexp 'http\.https\:\/\/github\.com\/\.extraheader' && git config --local --unset-all 'http.https://github.com/.extraheader' || :"
Build	UNKNOWN STEP	2026-01-22T14:32:48.6317793Z Cleaning up orphan processes
Status Check - Keycloak CI	UNKNOWN STEP	ï»¿2026-01-22T14:32:54.5540553Z Current runner version: '2.331.0'
Status Check - Keycloak CI	UNKNOWN STEP	2026-01-22T14:32:54.5561675Z ##[group]Runner Image Provisioner
Status Check - Keycloak CI	UNKNOWN STEP	2026-01-22T14:32:54.5562546Z Hosted Compute Agent
Status Check - Keycloak CI	UNKNOWN STEP	2026-01-22T14:32:54.5563091Z Version: 20251211.462
Status Check - Keycloak CI	UNKNOWN STEP	2026-01-22T14:32:54.5563876Z Commit: 6cbad8c2bb55d58165063d031ccabf57e2d2db61
Status Check - Keycloak CI	UNKNOWN STEP	2026-01-22T14:32:54.5564554Z Build Date: 2025-12-11T16:28:49Z
Status Check - Keycloak CI	UNKNOWN STEP	2026-01-22T14:32:54.5565529Z Worker ID: {77529c8e-5dbb-4ddc-9339-816ca495e45c}
Status Check - Keycloak CI	UNKNOWN STEP	2026-01-22T14:32:54.5566197Z ##[endgroup]
Status Check - Keycloak CI	UNKNOWN STEP	2026-01-22T14:32:54.5566707Z ##[group]Operating System
Status Check - Keycloak CI	UNKNOWN STEP	2026-01-22T14:32:54.5567349Z Ubuntu
Status Check - Keycloak CI	UNKNOWN STEP	2026-01-22T14:32:54.5567822Z 24.04.3
Status Check - Keycloak CI	UNKNOWN STEP	2026-01-22T14:32:54.5568291Z LTS
Status Check - Keycloak CI	UNKNOWN STEP	2026-01-22T14:32:54.5568778Z ##[endgroup]
Status Check - Keycloak CI	UNKNOWN STEP	2026-01-22T14:32:54.5569262Z ##[group]Runner Image
Status Check - Keycloak CI	UNKNOWN STEP	2026-01-22T14:32:54.5569760Z Image: ubuntu-24.04
Status Check - Keycloak CI	UNKNOWN STEP	2026-01-22T14:32:54.5570340Z Version: 20260111.209.1
Status Check - Keycloak CI	UNKNOWN STEP	2026-01-22T14:32:54.5571295Z Included Software: https://github.com/actions/runner-images/blob/ubuntu24/20260111.209/images/ubuntu/Ubuntu2404-Readme.md
Status Check - Keycloak CI	UNKNOWN STEP	2026-01-22T14:32:54.5572894Z Image Release: https://github.com/actions/runner-images/releases/tag/ubuntu24%2F20260111.209
Status Check - Keycloak CI	UNKNOWN STEP	2026-01-22T14:32:54.5574184Z ##[endgroup]
Status Check - Keycloak CI	UNKNOWN STEP	2026-01-22T14:32:54.5575221Z ##[group]GITHUB_TOKEN Permissions
Status Check - Keycloak CI	UNKNOWN STEP	2026-01-22T14:32:54.5577042Z Contents: read
Status Check - Keycloak CI	UNKNOWN STEP	2026-01-22T14:32:54.5577619Z Metadata: read
Status Check - Keycloak CI	UNKNOWN STEP	2026-01-22T14:32:54.5578193Z ##[endgroup]
Status Check - Keycloak CI	UNKNOWN STEP	2026-01-22T14:32:54.5580120Z Secret source: None
Status Check - Keycloak CI	UNKNOWN STEP	2026-01-22T14:32:54.5580782Z Prepare workflow directory
Status Check - Keycloak CI	UNKNOWN STEP	2026-01-22T14:32:54.5997182Z Prepare all required actions
Status Check - Keycloak CI	UNKNOWN STEP	2026-01-22T14:32:54.6053768Z Getting action download info
Status Check - Keycloak CI	UNKNOWN STEP	2026-01-22T14:32:55.0672073Z Download action repository 'actions/checkout@08c6903cd8c0fde910a37f88322edcfb5dd907a8' (SHA:08c6903cd8c0fde910a37f88322edcfb5dd907a8)
Status Check - Keycloak CI	UNKNOWN STEP	2026-01-22T14:32:55.3464637Z Complete job name: Status Check - Keycloak CI
Status Check - Keycloak CI	UNKNOWN STEP	2026-01-22T14:32:55.4162325Z ##[group]Run actions/checkout@08c6903cd8c0fde910a37f88322edcfb5dd907a8
Status Check - Keycloak CI	UNKNOWN STEP	2026-01-22T14:32:55.4163713Z with:
Status Check - Keycloak CI	UNKNOWN STEP	2026-01-22T14:32:55.4164164Z   repository: keycloak/keycloak
Status Check - Keycloak CI	UNKNOWN STEP	2026-01-22T14:32:55.4164846Z   token: ***
Status Check - Keycloak CI	UNKNOWN STEP	2026-01-22T14:32:55.4165291Z   ssh-strict: true
Status Check - Keycloak CI	UNKNOWN STEP	2026-01-22T14:32:55.4165710Z   ssh-user: git
Status Check - Keycloak CI	UNKNOWN STEP	2026-01-22T14:32:55.4166137Z   persist-credentials: true
Status Check - Keycloak CI	UNKNOWN STEP	2026-01-22T14:32:55.4166610Z   clean: true
Status Check - Keycloak CI	UNKNOWN STEP	2026-01-22T14:32:55.4167034Z   sparse-checkout-cone-mode: true
Status Check - Keycloak CI	UNKNOWN STEP	2026-01-22T14:32:55.4167545Z   fetch-depth: 1
Status Check - Keycloak CI	UNKNOWN STEP	2026-01-22T14:32:55.4167961Z   fetch-tags: false
Status Check - Keycloak CI	UNKNOWN STEP	2026-01-22T14:32:55.4168400Z   show-progress: true
Status Check - Keycloak CI	UNKNOWN STEP	2026-01-22T14:32:55.4168837Z   lfs: false
Status Check - Keycloak CI	UNKNOWN STEP	2026-01-22T14:32:55.4169242Z   submodules: false
Status Check - Keycloak CI	UNKNOWN STEP	2026-01-22T14:32:55.4169674Z   set-safe-directory: true
Status Check - Keycloak CI	UNKNOWN STEP	2026-01-22T14:32:55.4170391Z env:
Status Check - Keycloak CI	UNKNOWN STEP	2026-01-22T14:32:55.4170980Z   MAVEN_ARGS: -B -nsu -Daether.connector.http.connectionMaxTtl=25
Status Check - Keycloak CI	UNKNOWN STEP	2026-01-22T14:32:55.4171693Z   SUREFIRE_RERUN_FAILING_COUNT: 2
Status Check - Keycloak CI	UNKNOWN STEP	2026-01-22T14:32:55.4172616Z   SUREFIRE_RETRY: -Dsurefire.rerunFailingTestsCount=2
Status Check - Keycloak CI	UNKNOWN STEP	2026-01-22T14:32:55.4173461Z ##[endgroup]
Status Check - Keycloak CI	UNKNOWN STEP	2026-01-22T14:32:55.5069905Z Syncing repository: keycloak/keycloak
Status Check - Keycloak CI	UNKNOWN STEP	2026-01-22T14:32:55.5072251Z ##[group]Getting Git version info
Status Check - Keycloak CI	UNKNOWN STEP	2026-01-22T14:32:55.5073078Z Working directory is '/home/runner/work/keycloak/keycloak'
Status Check - Keycloak CI	UNKNOWN STEP	2026-01-22T14:32:55.5074557Z [command]/usr/bin/git version
Status Check - Keycloak CI	UNKNOWN STEP	2026-01-22T14:32:55.5135160Z git version 2.52.0
Status Check - Keycloak CI	UNKNOWN STEP	2026-01-22T14:32:55.5155297Z ##[endgroup]
Status Check - Keycloak CI	UNKNOWN STEP	2026-01-22T14:32:55.5168635Z Temporarily overriding HOME='/home/runner/work/_temp/457b2618-eb8e-46d0-a989-54279f213c35' before making global git config changes
Status Check - Keycloak CI	UNKNOWN STEP	2026-01-22T14:32:55.5173409Z Adding repository directory to the temporary git global config as a safe directory
Status Check - Keycloak CI	UNKNOWN STEP	2026-01-22T14:32:55.5175327Z [command]/usr/bin/git config --global --add safe.directory /home/runner/work/keycloak/keycloak
Status Check - Keycloak CI	UNKNOWN STEP	2026-01-22T14:32:55.5213696Z Deleting the contents of '/home/runner/work/keycloak/keycloak'
Status Check - Keycloak CI	UNKNOWN STEP	2026-01-22T14:32:55.5217019Z ##[group]Initializing the repository
Status Check - Keycloak CI	UNKNOWN STEP	2026-01-22T14:32:55.5221834Z [command]/usr/bin/git init /home/runner/work/keycloak/keycloak
Status Check - Keycloak CI	UNKNOWN STEP	2026-01-22T14:32:55.5331796Z hint: Using 'master' as the name for the initial branch. This default branch name
Status Check - Keycloak CI	UNKNOWN STEP	2026-01-22T14:32:55.5334259Z hint: will change to "main" in Git 3.0. To configure the initial branch name
Status Check - Keycloak CI	UNKNOWN STEP	2026-01-22T14:32:55.5336327Z hint: to use in all of your new repositories, which will suppress this warning,
Status Check - Keycloak CI	UNKNOWN STEP	2026-01-22T14:32:55.5337641Z hint: call:
Status Check - Keycloak CI	UNKNOWN STEP	2026-01-22T14:32:55.5338194Z hint:
Status Check - Keycloak CI	UNKNOWN STEP	2026-01-22T14:32:55.5338775Z hint: 	git config --global init.defaultBranch <name>
Status Check - Keycloak CI	UNKNOWN STEP	2026-01-22T14:32:55.5339884Z hint:
Status Check - Keycloak CI	UNKNOWN STEP	2026-01-22T14:32:55.5340489Z hint: Names commonly chosen instead of 'master' are 'main', 'trunk' and
Status Check - Keycloak CI	UNKNOWN STEP	2026-01-22T14:32:55.5341852Z hint: 'development'. The just-created branch can be renamed via this command:
Status Check - Keycloak CI	UNKNOWN STEP	2026-01-22T14:32:55.5342984Z hint:
Status Check - Keycloak CI	UNKNOWN STEP	2026-01-22T14:32:55.5343877Z hint: 	git branch -m <name>
Status Check - Keycloak CI	UNKNOWN STEP	2026-01-22T14:32:55.5344710Z hint:
Status Check - Keycloak CI	UNKNOWN STEP	2026-01-22T14:32:55.5345516Z hint: Disable this message with "git config set advice.defaultBranchName false"
Status Check - Keycloak CI	UNKNOWN STEP	2026-01-22T14:32:55.5346607Z Initialized empty Git repository in /home/runner/work/keycloak/keycloak/.git/
Status Check - Keycloak CI	UNKNOWN STEP	2026-01-22T14:32:55.5350828Z [command]/usr/bin/git remote add origin https://github.com/keycloak/keycloak
Status Check - Keycloak CI	UNKNOWN STEP	2026-01-22T14:32:55.5395921Z ##[endgroup]
Status Check - Keycloak CI	UNKNOWN STEP	2026-01-22T14:32:55.5396721Z ##[group]Disabling automatic garbage collection
Status Check - Keycloak CI	UNKNOWN STEP	2026-01-22T14:32:55.5399383Z [command]/usr/bin/git config --local gc.auto 0
Status Check - Keycloak CI	UNKNOWN STEP	2026-01-22T14:32:55.5427883Z ##[endgroup]
Status Check - Keycloak CI	UNKNOWN STEP	2026-01-22T14:32:55.5429336Z ##[group]Setting up auth
Status Check - Keycloak CI	UNKNOWN STEP	2026-01-22T14:32:55.5434982Z [command]/usr/bin/git config --local --name-only --get-regexp core\.sshCommand
Status Check - Keycloak CI	UNKNOWN STEP	2026-01-22T14:32:55.5465805Z [command]/usr/bin/git submodule foreach --recursive sh -c "git config --local --name-only --get-regexp 'core\.sshCommand' && git config --local --unset-all 'core.sshCommand' || :"
Status Check - Keycloak CI	UNKNOWN STEP	2026-01-22T14:32:55.5819924Z [command]/usr/bin/git config --local --name-only --get-regexp http\.https\:\/\/github\.com\/\.extraheader
Status Check - Keycloak CI	UNKNOWN STEP	2026-01-22T14:32:55.5850758Z [command]/usr/bin/git submodule foreach --recursive sh -c "git config --local --name-only --get-regexp 'http\.https\:\/\/github\.com\/\.extraheader' && git config --local --unset-all 'http.https://github.com/.extraheader' || :"
Status Check - Keycloak CI	UNKNOWN STEP	2026-01-22T14:32:55.6070894Z [command]/usr/bin/git config --local http.https://github.com/.extraheader AUTHORIZATION: basic ***
Status Check - Keycloak CI	UNKNOWN STEP	2026-01-22T14:32:55.6107566Z ##[endgroup]
Status Check - Keycloak CI	UNKNOWN STEP	2026-01-22T14:32:55.6108373Z ##[group]Fetching the repository
Status Check - Keycloak CI	UNKNOWN STEP	2026-01-22T14:32:55.6120610Z [command]/usr/bin/git -c protocol.version=2 fetch --no-tags --prune --no-recurse-submodules --depth=1 origin +4e15f0d7aa6611ff69b6900751c3056b3687398a:refs/remotes/pull/45683/merge
Status Check - Keycloak CI	UNKNOWN STEP	2026-01-22T14:32:59.6407293Z From https://github.com/keycloak/keycloak
Status Check - Keycloak CI	UNKNOWN STEP	2026-01-22T14:32:59.6408888Z  * [new ref]         4e15f0d7aa6611ff69b6900751c3056b3687398a -> pull/45683/merge
Status Check - Keycloak CI	UNKNOWN STEP	2026-01-22T14:32:59.6876410Z ##[endgroup]
Status Check - Keycloak CI	UNKNOWN STEP	2026-01-22T14:32:59.6878422Z ##[group]Determining the checkout info
Status Check - Keycloak CI	UNKNOWN STEP	2026-01-22T14:32:59.6880836Z ##[endgroup]
Status Check - Keycloak CI	UNKNOWN STEP	2026-01-22T14:32:59.6885080Z [command]/usr/bin/git sparse-checkout disable
Status Check - Keycloak CI	UNKNOWN STEP	2026-01-22T14:32:59.6925971Z [command]/usr/bin/git config --local --unset-all extensions.worktreeConfig
Status Check - Keycloak CI	UNKNOWN STEP	2026-01-22T14:32:59.6952747Z ##[group]Checking out the ref
Status Check - Keycloak CI	UNKNOWN STEP	2026-01-22T14:32:59.6956861Z [command]/usr/bin/git checkout --progress --force refs/remotes/pull/45683/merge
Status Check - Keycloak CI	UNKNOWN STEP	2026-01-22T14:33:00.6217675Z Note: switching to 'refs/remotes/pull/45683/merge'.
Status Check - Keycloak CI	UNKNOWN STEP	2026-01-22T14:33:00.6218505Z 
Status Check - Keycloak CI	UNKNOWN STEP	2026-01-22T14:33:00.6219089Z You are in 'detached HEAD' state. You can look around, make experimental
Status Check - Keycloak CI	UNKNOWN STEP	2026-01-22T14:33:00.6220557Z changes and commit them, and you can discard any commits you make in this
Status Check - Keycloak CI	UNKNOWN STEP	2026-01-22T14:33:00.6221823Z state without impacting any branches by switching back to a branch.
Status Check - Keycloak CI	UNKNOWN STEP	2026-01-22T14:33:00.6222823Z 
Status Check - Keycloak CI	UNKNOWN STEP	2026-01-22T14:33:00.6223743Z If you want to create a new branch to retain commits you create, you may
Status Check - Keycloak CI	UNKNOWN STEP	2026-01-22T14:33:00.6224989Z do so (now or later) by using -c with the switch command. Example:
Status Check - Keycloak CI	UNKNOWN STEP	2026-01-22T14:33:00.6225889Z 
Status Check - Keycloak CI	UNKNOWN STEP	2026-01-22T14:33:00.6226177Z   git switch -c <new-branch-name>
Status Check - Keycloak CI	UNKNOWN STEP	2026-01-22T14:33:00.6226525Z 
Status Check - Keycloak CI	UNKNOWN STEP	2026-01-22T14:33:00.6227725Z Or undo this operation with:
Status Check - Keycloak CI	UNKNOWN STEP	2026-01-22T14:33:00.6228108Z 
Status Check - Keycloak CI	UNKNOWN STEP	2026-01-22T14:33:00.6228309Z   git switch -
Status Check - Keycloak CI	UNKNOWN STEP	2026-01-22T14:33:00.6228659Z 
Status Check - Keycloak CI	UNKNOWN STEP	2026-01-22T14:33:00.6229171Z Turn off this advice by setting config variable advice.detachedHead to false
Status Check - Keycloak CI	UNKNOWN STEP	2026-01-22T14:33:00.6230238Z 
Status Check - Keycloak CI	UNKNOWN STEP	2026-01-22T14:33:00.6230830Z HEAD is now at 4e15f0d Merge a670188d8d56263d3914db75e978d1e9d95d788a into e16fc5938e8afdda3933aaf3c1b1f18d2cf0a207
Status Check - Keycloak CI	UNKNOWN STEP	2026-01-22T14:33:00.6253706Z ##[endgroup]
Status Check - Keycloak CI	UNKNOWN STEP	2026-01-22T14:33:00.6291831Z [command]/usr/bin/git log -1 --format=%H
Status Check - Keycloak CI	UNKNOWN STEP	2026-01-22T14:33:00.6316681Z 4e15f0d7aa6611ff69b6900751c3056b3687398a
Status Check - Keycloak CI	UNKNOWN STEP	2026-01-22T14:33:00.6555149Z Prepare all required actions
Status Check - Keycloak CI	UNKNOWN STEP	2026-01-22T14:33:00.6629782Z ##[group]Run ./.github/actions/status-check
Status Check - Keycloak CI	UNKNOWN STEP	2026-01-22T14:33:00.6630082Z with:
Status Check - Keycloak CI	UNKNOWN STEP	2026-01-22T14:33:00.6635985Z   jobs: {
Status Check - Keycloak CI	UNKNOWN STEP	  "conditional": {
Status Check - Keycloak CI	UNKNOWN STEP	    "result": "success",
Status Check - Keycloak CI	UNKNOWN STEP	    "outputs": {
Status Check - Keycloak CI	UNKNOWN STEP	      "ci": "true",
Status Check - Keycloak CI	UNKNOWN STEP	      "ci-quarkus": "false",
Status Check - Keycloak CI	UNKNOWN STEP	      "ci-webauthn": "true",
Status Check - Keycloak CI	UNKNOWN STEP	      "ci-azure": "false",
Status Check - Keycloak CI	UNKNOWN STEP	      "ci-admin-v2": "false",
Status Check - Keycloak CI	UNKNOWN STEP	      "ci-store": "true",
Status Check - Keycloak CI	UNKNOWN STEP	      "ci-sssd": "false",
Status Check - Keycloak CI	UNKNOWN STEP	      "ci-aurora": "false",
Status Check - Keycloak CI	UNKNOWN STEP	      "ci-compatibility-matrix": "skip",
Status Check - Keycloak CI	UNKNOWN STEP	      "ci-additional-dbs": "false"
Status Check - Keycloak CI	UNKNOWN STEP	    }
Status Check - Keycloak CI	UNKNOWN STEP	  },
Status Check - Keycloak CI	UNKNOWN STEP	  "build": {
Status Check - Keycloak CI	UNKNOWN STEP	    "result": "failure",
Status Check - Keycloak CI	UNKNOWN STEP	    "outputs": {}
Status Check - Keycloak CI	UNKNOWN STEP	  },
Status Check - Keycloak CI	UNKNOWN STEP	  "unit-tests": {
Status Check - Keycloak CI	UNKNOWN STEP	    "result": "skipped",
Status Check - Keycloak CI	UNKNOWN STEP	    "outputs": {}
Status Check - Keycloak CI	UNKNOWN STEP	  },
Status Check - Keycloak CI	UNKNOWN STEP	  "base-integration-tests": {
Status Check - Keycloak CI	UNKNOWN STEP	    "result": "skipped",
Status Check - Keycloak CI	UNKNOWN STEP	    "outputs": {}
Status Check - Keycloak CI	UNKNOWN STEP	  },
Status Check - Keycloak CI	UNKNOWN STEP	  "adapter-integration-tests": {
Status Check - Keycloak CI	UNKNOWN STEP	    "result": "skipped",
Status Check - Keycloak CI	UNKNOWN STEP	    "outputs": {}
Status Check - Keycloak CI	UNKNOWN STEP	  },
Status Check - Keycloak CI	UNKNOWN STEP	  "adapter-integration-tests-strict-cookies": {
Status Check - Keycloak CI	UNKNOWN STEP	    "result": "skipped",
Status Check - Keycloak CI	UNKNOWN STEP	    "outputs": {}
Status Check - Keycloak CI	UNKNOWN STEP	  },
Status Check - Keycloak CI	UNKNOWN STEP	  "quarkus-unit-tests": {
Status Check - Keycloak CI	UNKNOWN STEP	    "result": "skipped",
Status Check - Keycloak CI	UNKNOWN STEP	    "outputs": {}
Status Check - Keycloak CI	UNKNOWN STEP	  },
Status Check - Keycloak CI	UNKNOWN STEP	  "quarkus-integration-tests": {
Status Check - Keycloak CI	UNKNOWN STEP	    "result": "skipped",
Status Check - Keycloak CI	UNKNOWN STEP	    "outputs": {}
Status Check - Keycloak CI	UNKNOWN STEP	  },
Status Check - Keycloak CI	UNKNOWN STEP	  "jdk-integration-tests": {
Status Check - Keycloak CI	UNKNOWN STEP	    "result": "skipped",
Status Check - Keycloak CI	UNKNOWN STEP	    "outputs": {}
Status Check - Keycloak CI	UNKNOWN STEP	  },
Status Check - Keycloak CI	UNKNOWN STEP	  "store-integration-tests": {
Status Check - Keycloak CI	UNKNOWN STEP	    "result": "skipped",
Status Check - Keycloak CI	UNKNOWN STEP	    "outputs": {}
Status Check - Keycloak CI	UNKNOWN STEP	  },
Status Check - Keycloak CI	UNKNOWN STEP	  "volatile-sessions-tests": {
Status Check - Keycloak CI	UNKNOWN STEP	    "result": "skipped",
Status Check - Keycloak CI	UNKNOWN STEP	    "outputs": {}
Status Check - Keycloak CI	UNKNOWN STEP	  },
Status Check - Keycloak CI	UNKNOWN STEP	  "store-model-tests": {
Status Check - Keycloak CI	UNKNOWN STEP	    "result": "skipped",
Status Check - Keycloak CI	UNKNOWN STEP	    "outputs": {}
Status Check - Keycloak CI	UNKNOWN STEP	  },
Status Check - Keycloak CI	UNKNOWN STEP	  "clustering-integration-tests": {
Status Check - Keycloak CI	UNKNOWN STEP	    "result": "skipped",
Status Check - Keycloak CI	UNKNOWN STEP	    "outputs": {}
Status Check - Keycloak CI	UNKNOWN STEP	  },
Status Check - Keycloak CI	UNKNOWN STEP	  "fips-unit-tests": {
Status Check - Keycloak CI	UNKNOWN STEP	    "result": "skipped",
Status Check - Keycloak CI	UNKNOWN STEP	    "outputs": {}
Status Check - Keycloak CI	UNKNOWN STEP	  },
Status Check - Keycloak CI	UNKNOWN STEP	  "fips-integration-tests": {
Status Check - Keycloak CI	UNKNOWN STEP	    "result": "skipped",
Status Check - Keycloak CI	UNKNOWN STEP	    "outputs": {}
Status Check - Keycloak CI	UNKNOWN STEP	  },
Status Check - Keycloak CI	UNKNOWN STEP	  "forms-integration-tests": {
Status Check - Keycloak CI	UNKNOWN STEP	    "result": "skipped",
Status Check - Keycloak CI	UNKNOWN STEP	    "outputs": {}
Status Check - Keycloak CI	UNKNOWN STEP	  },
Status Check - Keycloak CI	UNKNOWN STEP	  "webauthn-integration-tests": {
Status Check - Keycloak CI	UNKNOWN STEP	    "result": "skipped",
Status Check - Keycloak CI	UNKNOWN STEP	    "outputs": {}
Status Check - Keycloak CI	UNKNOWN STEP	  },
Status Check - Keycloak CI	UNKNOWN STEP	  "sssd-unit-tests": {
Status Check - Keycloak CI	UNKNOWN STEP	    "result": "skipped",
Status Check - Keycloak CI	UNKNOWN STEP	    "outputs": {}
Status Check - Keycloak CI	UNKNOWN STEP	  },
Status Check - Keycloak CI	UNKNOWN STEP	  "migration-tests": {
Status Check - Keycloak CI	UNKNOWN STEP	    "result": "skipped",
Status Check - Keycloak CI	UNKNOWN STEP	    "outputs": {}
Status Check - Keycloak CI	UNKNOWN STEP	  },
Status Check - Keycloak CI	UNKNOWN STEP	  "external-infinispan-tests": {
Status Check - Keycloak CI	UNKNOWN STEP	    "result": "skipped",
Status Check - Keycloak CI	UNKNOWN STEP	    "outputs": {}
Status Check - Keycloak CI	UNKNOWN STEP	  },
Status Check - Keycloak CI	UNKNOWN STEP	  "test-framework": {
Status Check - Keycloak CI	UNKNOWN STEP	    "result": "skipped",
Status Check - Keycloak CI	UNKNOWN STEP	    "outputs": {}
Status Check - Keycloak CI	UNKNOWN STEP	  },
Status Check - Keycloak CI	UNKNOWN STEP	  "base-new-integration-tests": {
Status Check - Keycloak CI	UNKNOWN STEP	    "result": "skipped",
Status Check - Keycloak CI	UNKNOWN STEP	    "outputs": {}
Status Check - Keycloak CI	UNKNOWN STEP	  },
Status Check - Keycloak CI	UNKNOWN STEP	  "mixed-cluster-compatibility-tests": {
Status Check - Keycloak CI	UNKNOWN STEP	    "result": "skipped",
Status Check - Keycloak CI	UNKNOWN STEP	    "outputs": {}
Status Check - Keycloak CI	UNKNOWN STEP	  },
Status Check - Keycloak CI	UNKNOWN STEP	  "admin-v2-tests": {
Status Check - Keycloak CI	UNKNOWN STEP	    "result": "skipped",
Status Check - Keycloak CI	UNKNOWN STEP	    "outputs": {}
Status Check - Keycloak CI	UNKNOWN STEP	  }
Status Check - Keycloak CI	UNKNOWN STEP	}
Status Check - Keycloak CI	UNKNOWN STEP	2026-01-22T14:33:00.6641865Z env:
Status Check - Keycloak CI	UNKNOWN STEP	2026-01-22T14:33:00.6642145Z   MAVEN_ARGS: -B -nsu -Daether.connector.http.connectionMaxTtl=25
Status Check - Keycloak CI	UNKNOWN STEP	2026-01-22T14:33:00.6642494Z   SUREFIRE_RERUN_FAILING_COUNT: 2
Status Check - Keycloak CI	UNKNOWN STEP	2026-01-22T14:33:00.6642810Z   SUREFIRE_RETRY: -Dsurefire.rerunFailingTestsCount=2
Status Check - Keycloak CI	UNKNOWN STEP	2026-01-22T14:33:00.6643099Z ##[endgroup]
Status Check - Keycloak CI	UNKNOWN STEP	2026-01-22T14:33:00.6742520Z ##[group]Run JOBS='{
Status Check - Keycloak CI	UNKNOWN STEP	2026-01-22T14:33:00.6742849Z [36;1mJOBS='{[0m
Status Check - Keycloak CI	UNKNOWN STEP	2026-01-22T14:33:00.6743061Z [36;1m  "conditional": {[0m
Status Check - Keycloak CI	UNKNOWN STEP	2026-01-22T14:33:00.6743637Z [36;1m    "result": "success",[0m
Status Check - Keycloak CI	UNKNOWN STEP	2026-01-22T14:33:00.6743899Z [36;1m    "outputs": {[0m
Status Check - Keycloak CI	UNKNOWN STEP	2026-01-22T14:33:00.6744117Z [36;1m      "ci": "true",[0m
Status Check - Keycloak CI	UNKNOWN STEP	2026-01-22T14:33:00.6744346Z [36;1m      "ci-quarkus": "false",[0m
Status Check - Keycloak CI	UNKNOWN STEP	2026-01-22T14:33:00.6744612Z [36;1m      "ci-webauthn": "true",[0m
Status Check - Keycloak CI	UNKNOWN STEP	2026-01-22T14:33:00.6744864Z [36;1m      "ci-azure": "false",[0m
Status Check - Keycloak CI	UNKNOWN STEP	2026-01-22T14:33:00.6745100Z [36;1m      "ci-admin-v2": "false",[0m
Status Check - Keycloak CI	UNKNOWN STEP	2026-01-22T14:33:00.6745349Z [36;1m      "ci-store": "true",[0m
Status Check - Keycloak CI	UNKNOWN STEP	2026-01-22T14:33:00.6745584Z [36;1m      "ci-sssd": "false",[0m
Status Check - Keycloak CI	UNKNOWN STEP	2026-01-22T14:33:00.6745811Z [36;1m      "ci-aurora": "false",[0m
Status Check - Keycloak CI	UNKNOWN STEP	2026-01-22T14:33:00.6746088Z [36;1m      "ci-compatibility-matrix": "skip",[0m
Status Check - Keycloak CI	UNKNOWN STEP	2026-01-22T14:33:00.6746398Z [36;1m      "ci-additional-dbs": "false"[0m
Status Check - Keycloak CI	UNKNOWN STEP	2026-01-22T14:33:00.6746646Z [36;1m    }[0m
Status Check - Keycloak CI	UNKNOWN STEP	2026-01-22T14:33:00.6747014Z [36;1m  },[0m
Status Check - Keycloak CI	UNKNOWN STEP	2026-01-22T14:33:00.6747190Z [36;1m  "build": {[0m
Status Check - Keycloak CI	UNKNOWN STEP	2026-01-22T14:33:00.6747394Z [36;1m    "result": "failure",[0m
Status Check - Keycloak CI	UNKNOWN STEP	2026-01-22T14:33:00.6747630Z [36;1m    "outputs": {}[0m
Status Check - Keycloak CI	UNKNOWN STEP	2026-01-22T14:33:00.6747835Z [36;1m  },[0m
Status Check - Keycloak CI	UNKNOWN STEP	2026-01-22T14:33:00.6748008Z [36;1m  "unit-tests": {[0m
Status Check - Keycloak CI	UNKNOWN STEP	2026-01-22T14:33:00.6748226Z [36;1m    "result": "skipped",[0m
Status Check - Keycloak CI	UNKNOWN STEP	2026-01-22T14:33:00.6748607Z [36;1m    "outputs": {}[0m
Status Check - Keycloak CI	UNKNOWN STEP	2026-01-22T14:33:00.6748816Z [36;1m  },[0m
Status Check - Keycloak CI	UNKNOWN STEP	2026-01-22T14:33:00.6749007Z [36;1m  "base-integration-tests": {[0m
Status Check - Keycloak CI	UNKNOWN STEP	2026-01-22T14:33:00.6749266Z [36;1m    "result": "skipped",[0m
Status Check - Keycloak CI	UNKNOWN STEP	2026-01-22T14:33:00.6749497Z [36;1m    "outputs": {}[0m
Status Check - Keycloak CI	UNKNOWN STEP	2026-01-22T14:33:00.6749705Z [36;1m  },[0m
Status Check - Keycloak CI	UNKNOWN STEP	2026-01-22T14:33:00.6749902Z [36;1m  "adapter-integration-tests": {[0m
Status Check - Keycloak CI	UNKNOWN STEP	2026-01-22T14:33:00.6750166Z [36;1m    "result": "skipped",[0m
Status Check - Keycloak CI	UNKNOWN STEP	2026-01-22T14:33:00.6750396Z [36;1m    "outputs": {}[0m
Status Check - Keycloak CI	UNKNOWN STEP	2026-01-22T14:33:00.6750598Z [36;1m  },[0m
Status Check - Keycloak CI	UNKNOWN STEP	2026-01-22T14:33:00.6750861Z [36;1m  "adapter-integration-tests-strict-cookies": {[0m
Status Check - Keycloak CI	UNKNOWN STEP	2026-01-22T14:33:00.6751177Z [36;1m    "result": "skipped",[0m
Status Check - Keycloak CI	UNKNOWN STEP	2026-01-22T14:33:00.6751404Z [36;1m    "outputs": {}[0m
Status Check - Keycloak CI	UNKNOWN STEP	2026-01-22T14:33:00.6751599Z [36;1m  },[0m
Status Check - Keycloak CI	UNKNOWN STEP	2026-01-22T14:33:00.6751786Z [36;1m  "quarkus-unit-tests": {[0m
Status Check - Keycloak CI	UNKNOWN STEP	2026-01-22T14:33:00.6752021Z [36;1m    "result": "skipped",[0m
Status Check - Keycloak CI	UNKNOWN STEP	2026-01-22T14:33:00.6752246Z [36;1m    "outputs": {}[0m
Status Check - Keycloak CI	UNKNOWN STEP	2026-01-22T14:33:00.6752459Z [36;1m  },[0m
Status Check - Keycloak CI	UNKNOWN STEP	2026-01-22T14:33:00.6752652Z [36;1m  "quarkus-integration-tests": {[0m
Status Check - Keycloak CI	UNKNOWN STEP	2026-01-22T14:33:00.6752912Z [36;1m    "result": "skipped",[0m
Status Check - Keycloak CI	UNKNOWN STEP	2026-01-22T14:33:00.6753130Z [36;1m    "outputs": {}[0m
Status Check - Keycloak CI	UNKNOWN STEP	2026-01-22T14:33:00.6753456Z [36;1m  },[0m
Status Check - Keycloak CI	UNKNOWN STEP	2026-01-22T14:33:00.6753640Z [36;1m  "jdk-integration-tests": {[0m
Status Check - Keycloak CI	UNKNOWN STEP	2026-01-22T14:33:00.6753887Z [36;1m    "result": "skipped",[0m
Status Check - Keycloak CI	UNKNOWN STEP	2026-01-22T14:33:00.6754101Z [36;1m    "outputs": {}[0m
Status Check - Keycloak CI	UNKNOWN STEP	2026-01-22T14:33:00.6754296Z [36;1m  },[0m
Status Check - Keycloak CI	UNKNOWN STEP	2026-01-22T14:33:00.6754490Z [36;1m  "store-integration-tests": {[0m
Status Check - Keycloak CI	UNKNOWN STEP	2026-01-22T14:33:00.6754738Z [36;1m    "result": "skipped",[0m
Status Check - Keycloak CI	UNKNOWN STEP	2026-01-22T14:33:00.6754970Z [36;1m    "outputs": {}[0m
Status Check - Keycloak CI	UNKNOWN STEP	2026-01-22T14:33:00.6755161Z [36;1m  },[0m
Status Check - Keycloak CI	UNKNOWN STEP	2026-01-22T14:33:00.6755350Z [36;1m  "volatile-sessions-tests": {[0m
Status Check - Keycloak CI	UNKNOWN STEP	2026-01-22T14:33:00.6755593Z [36;1m    "result": "skipped",[0m
Status Check - Keycloak CI	UNKNOWN STEP	2026-01-22T14:33:00.6755821Z [36;1m    "outputs": {}[0m
Status Check - Keycloak CI	UNKNOWN STEP	2026-01-22T14:33:00.6756041Z [36;1m  },[0m
Status Check - Keycloak CI	UNKNOWN STEP	2026-01-22T14:33:00.6756258Z [36;1m  "store-model-tests": {[0m
Status Check - Keycloak CI	UNKNOWN STEP	2026-01-22T14:33:00.6756488Z [36;1m    "result": "skipped",[0m
Status Check - Keycloak CI	UNKNOWN STEP	2026-01-22T14:33:00.6756705Z [36;1m    "outputs": {}[0m
Status Check - Keycloak CI	UNKNOWN STEP	2026-01-22T14:33:00.6756916Z [36;1m  },[0m
Status Check - Keycloak CI	UNKNOWN STEP	2026-01-22T14:33:00.6757121Z [36;1m  "clustering-integration-tests": {[0m
Status Check - Keycloak CI	UNKNOWN STEP	2026-01-22T14:33:00.6757396Z [36;1m    "result": "skipped",[0m
Status Check - Keycloak CI	UNKNOWN STEP	2026-01-22T14:33:00.6757619Z [36;1m    "outputs": {}[0m
Status Check - Keycloak CI	UNKNOWN STEP	2026-01-22T14:33:00.6757814Z [36;1m  },[0m
Status Check - Keycloak CI	UNKNOWN STEP	2026-01-22T14:33:00.6758000Z [36;1m  "fips-unit-tests": {[0m
Status Check - Keycloak CI	UNKNOWN STEP	2026-01-22T14:33:00.6758225Z [36;1m    "result": "skipped",[0m
Status Check - Keycloak CI	UNKNOWN STEP	2026-01-22T14:33:00.6758448Z [36;1m    "outputs": {}[0m
Status Check - Keycloak CI	UNKNOWN STEP	2026-01-22T14:33:00.6758651Z [36;1m  },[0m
Status Check - Keycloak CI	UNKNOWN STEP	2026-01-22T14:33:00.6758847Z [36;1m  "fips-integration-tests": {[0m
Status Check - Keycloak CI	UNKNOWN STEP	2026-01-22T14:33:00.6759091Z [36;1m    "result": "skipped",[0m
Status Check - Keycloak CI	UNKNOWN STEP	2026-01-22T14:33:00.6759321Z [36;1m    "outputs": {}[0m
Status Check - Keycloak CI	UNKNOWN STEP	2026-01-22T14:33:00.6759515Z [36;1m  },[0m
Status Check - Keycloak CI	UNKNOWN STEP	2026-01-22T14:33:00.6759708Z [36;1m  "forms-integration-tests": {[0m
Status Check - Keycloak CI	UNKNOWN STEP	2026-01-22T14:33:00.6759962Z [36;1m    "result": "skipped",[0m
Status Check - Keycloak CI	UNKNOWN STEP	2026-01-22T14:33:00.6760177Z [36;1m    "outputs": {}[0m
Status Check - Keycloak CI	UNKNOWN STEP	2026-01-22T14:33:00.6760373Z [36;1m  },[0m
Status Check - Keycloak CI	UNKNOWN STEP	2026-01-22T14:33:00.6760565Z [36;1m  "webauthn-integration-tests": {[0m
Status Check - Keycloak CI	UNKNOWN STEP	2026-01-22T14:33:00.6760823Z [36;1m    "result": "skipped",[0m
Status Check - Keycloak CI	UNKNOWN STEP	2026-01-22T14:33:00.6761038Z [36;1m    "outputs": {}[0m
Status Check - Keycloak CI	UNKNOWN STEP	2026-01-22T14:33:00.6761236Z [36;1m  },[0m
Status Check - Keycloak CI	UNKNOWN STEP	2026-01-22T14:33:00.6761412Z [36;1m  "sssd-unit-tests": {[0m
Status Check - Keycloak CI	UNKNOWN STEP	2026-01-22T14:33:00.6761640Z [36;1m    "result": "skipped",[0m
Status Check - Keycloak CI	UNKNOWN STEP	2026-01-22T14:33:00.6761863Z [36;1m    "outputs": {}[0m
Status Check - Keycloak CI	UNKNOWN STEP	2026-01-22T14:33:00.6762055Z [36;1m  },[0m
Status Check - Keycloak CI	UNKNOWN STEP	2026-01-22T14:33:00.6762242Z [36;1m  "migration-tests": {[0m
Status Check - Keycloak CI	UNKNOWN STEP	2026-01-22T14:33:00.6762603Z [36;1m    "result": "skipped",[0m
Status Check - Keycloak CI	UNKNOWN STEP	2026-01-22T14:33:00.6762828Z [36;1m    "outputs": {}[0m
Status Check - Keycloak CI	UNKNOWN STEP	2026-01-22T14:33:00.6763022Z [36;1m  },[0m
Status Check - Keycloak CI	UNKNOWN STEP	2026-01-22T14:33:00.6763328Z [36;1m  "external-infinispan-tests": {[0m
Status Check - Keycloak CI	UNKNOWN STEP	2026-01-22T14:33:00.6763579Z [36;1m    "result": "skipped",[0m
Status Check - Keycloak CI	UNKNOWN STEP	2026-01-22T14:33:00.6763802Z [36;1m    "outputs": {}[0m
Status Check - Keycloak CI	UNKNOWN STEP	2026-01-22T14:33:00.6764129Z [36;1m  },[0m
Status Check - Keycloak CI	UNKNOWN STEP	2026-01-22T14:33:00.6764313Z [36;1m  "test-framework": {[0m
Status Check - Keycloak CI	UNKNOWN STEP	2026-01-22T14:33:00.6764539Z [36;1m    "result": "skipped",[0m
Status Check - Keycloak CI	UNKNOWN STEP	2026-01-22T14:33:00.6764787Z [36;1m    "outputs": {}[0m
Status Check - Keycloak CI	UNKNOWN STEP	2026-01-22T14:33:00.6764984Z [36;1m  },[0m
Status Check - Keycloak CI	UNKNOWN STEP	2026-01-22T14:33:00.6765177Z [36;1m  "base-new-integration-tests": {[0m
Status Check - Keycloak CI	UNKNOWN STEP	2026-01-22T14:33:00.6765435Z [36;1m    "result": "skipped",[0m
Status Check - Keycloak CI	UNKNOWN STEP	2026-01-22T14:33:00.6765654Z [36;1m    "outputs": {}[0m
Status Check - Keycloak CI	UNKNOWN STEP	2026-01-22T14:33:00.6765855Z [36;1m  },[0m
Status Check - Keycloak CI	UNKNOWN STEP	2026-01-22T14:33:00.6766069Z [36;1m  "mixed-cluster-compatibility-tests": {[0m
Status Check - Keycloak CI	UNKNOWN STEP	2026-01-22T14:33:00.6766357Z [36;1m    "result": "skipped",[0m
Status Check - Keycloak CI	UNKNOWN STEP	2026-01-22T14:33:00.6766593Z [36;1m    "outputs": {}[0m
Status Check - Keycloak CI	UNKNOWN STEP	2026-01-22T14:33:00.6766786Z [36;1m  },[0m
Status Check - Keycloak CI	UNKNOWN STEP	2026-01-22T14:33:00.6766969Z [36;1m  "admin-v2-tests": {[0m
Status Check - Keycloak CI	UNKNOWN STEP	2026-01-22T14:33:00.6767189Z [36;1m    "result": "skipped",[0m
Status Check - Keycloak CI	UNKNOWN STEP	2026-01-22T14:33:00.6767415Z [36;1m    "outputs": {}[0m
Status Check - Keycloak CI	UNKNOWN STEP	2026-01-22T14:33:00.6767611Z [36;1m  }[0m
Status Check - Keycloak CI	UNKNOWN STEP	2026-01-22T14:33:00.6767779Z [36;1m}'[0m
Status Check - Keycloak CI	UNKNOWN STEP	2026-01-22T14:33:00.6767958Z [36;1m[0m
Status Check - Keycloak CI	UNKNOWN STEP	2026-01-22T14:33:00.6768138Z [36;1mecho "Job status:"[0m
Status Check - Keycloak CI	UNKNOWN STEP	2026-01-22T14:33:00.6768453Z [36;1mecho $JOBS | jq -r 'to_entries[] | " - \(.key): \(.value.result)"'[0m
Status Check - Keycloak CI	UNKNOWN STEP	2026-01-22T14:33:00.6768781Z [36;1m[0m
Status Check - Keycloak CI	UNKNOWN STEP	2026-01-22T14:33:00.6769031Z [36;1mfor i in $(echo $JOBS | jq -r 'to_entries[] | .value.result'); do[0m
Status Check - Keycloak CI	UNKNOWN STEP	2026-01-22T14:33:00.6769410Z [36;1m  if [ "$i" != "success" ] && [ "$i" != "skipped" ]; then[0m
Status Check - Keycloak CI	UNKNOWN STEP	2026-01-22T14:33:00.6769700Z [36;1m    echo ""[0m
Status Check - Keycloak CI	UNKNOWN STEP	2026-01-22T14:33:00.6769908Z [36;1m    echo "Status check not okay!"[0m
Status Check - Keycloak CI	UNKNOWN STEP	2026-01-22T14:33:00.6770150Z [36;1m    exit 1[0m
Status Check - Keycloak CI	UNKNOWN STEP	2026-01-22T14:33:00.6770333Z [36;1m  fi[0m
Status Check - Keycloak CI	UNKNOWN STEP	2026-01-22T14:33:00.6770501Z [36;1mdone[0m
Status Check - Keycloak CI	UNKNOWN STEP	2026-01-22T14:33:00.6808587Z shell: /usr/bin/bash --noprofile --norc -e -o pipefail {0}
Status Check - Keycloak CI	UNKNOWN STEP	2026-01-22T14:33:00.6808931Z env:
Status Check - Keycloak CI	UNKNOWN STEP	2026-01-22T14:33:00.6809221Z   MAVEN_ARGS: -B -nsu -Daether.connector.http.connectionMaxTtl=25
Status Check - Keycloak CI	UNKNOWN STEP	2026-01-22T14:33:00.6809584Z   SUREFIRE_RERUN_FAILING_COUNT: 2
Status Check - Keycloak CI	UNKNOWN STEP	2026-01-22T14:33:00.6809888Z   SUREFIRE_RETRY: -Dsurefire.rerunFailingTestsCount=2
Status Check - Keycloak CI	UNKNOWN STEP	2026-01-22T14:33:00.6810190Z ##[endgroup]
Status Check - Keycloak CI	UNKNOWN STEP	2026-01-22T14:33:00.6882821Z Job status:
Status Check - Keycloak CI	UNKNOWN STEP	2026-01-22T14:33:00.6911373Z  - conditional: success
Status Check - Keycloak CI	UNKNOWN STEP	2026-01-22T14:33:00.6911755Z  - build: failure
Status Check - Keycloak CI	UNKNOWN STEP	2026-01-22T14:33:00.6912083Z  - unit-tests: skipped
Status Check - Keycloak CI	UNKNOWN STEP	2026-01-22T14:33:00.6912417Z  - base-integration-tests: skipped
Status Check - Keycloak CI	UNKNOWN STEP	2026-01-22T14:33:00.6912715Z  - adapter-integration-tests: skipped
Status Check - Keycloak CI	UNKNOWN STEP	2026-01-22T14:33:00.6913411Z  - adapter-integration-tests-strict-cookies: skipped
Status Check - Keycloak CI	UNKNOWN STEP	2026-01-22T14:33:00.6914006Z  - quarkus-unit-tests: skipped
Status Check - Keycloak CI	UNKNOWN STEP	2026-01-22T14:33:00.6914436Z  - quarkus-integration-tests: skipped
Status Check - Keycloak CI	UNKNOWN STEP	2026-01-22T14:33:00.6914928Z  - jdk-integration-tests: skipped
Status Check - Keycloak CI	UNKNOWN STEP	2026-01-22T14:33:00.6915373Z  - store-integration-tests: skipped
Status Check - Keycloak CI	UNKNOWN STEP	2026-01-22T14:33:00.6915796Z  - volatile-sessions-tests: skipped
Status Check - Keycloak CI	UNKNOWN STEP	2026-01-22T14:33:00.6916053Z  - store-model-tests: skipped
Status Check - Keycloak CI	UNKNOWN STEP	2026-01-22T14:33:00.6916309Z  - clustering-integration-tests: skipped
Status Check - Keycloak CI	UNKNOWN STEP	2026-01-22T14:33:00.6916587Z  - fips-unit-tests: skipped
Status Check - Keycloak CI	UNKNOWN STEP	2026-01-22T14:33:00.6916871Z  - fips-integration-tests: skipped
Status Check - Keycloak CI	UNKNOWN STEP	2026-01-22T14:33:00.6917154Z  - forms-integration-tests: skipped
Status Check - Keycloak CI	UNKNOWN STEP	2026-01-22T14:33:00.6917419Z  - webauthn-integration-tests: skipped
Status Check - Keycloak CI	UNKNOWN STEP	2026-01-22T14:33:00.6917685Z  - sssd-unit-tests: skipped
Status Check - Keycloak CI	UNKNOWN STEP	2026-01-22T14:33:00.6917921Z  - migration-tests: skipped
Status Check - Keycloak CI	UNKNOWN STEP	2026-01-22T14:33:00.6918155Z  - external-infinispan-tests: skipped
Status Check - Keycloak CI	UNKNOWN STEP	2026-01-22T14:33:00.6918422Z  - test-framework: skipped
Status Check - Keycloak CI	UNKNOWN STEP	2026-01-22T14:33:00.6918653Z  - base-new-integration-tests: skipped
Status Check - Keycloak CI	UNKNOWN STEP	2026-01-22T14:33:00.6919130Z  - mixed-cluster-compatibility-tests: skipped
Status Check - Keycloak CI	UNKNOWN STEP	2026-01-22T14:33:00.6919602Z  - admin-v2-tests: skipped
Status Check - Keycloak CI	UNKNOWN STEP	2026-01-22T14:33:00.6946929Z 
Status Check - Keycloak CI	UNKNOWN STEP	2026-01-22T14:33:00.6947112Z Status check not okay!
Status Check - Keycloak CI	UNKNOWN STEP	2026-01-22T14:33:00.6960173Z ##[error]Process completed with exit code 1.
Status Check - Keycloak CI	UNKNOWN STEP	2026-01-22T14:33:00.7153619Z Post job cleanup.
Status Check - Keycloak CI	UNKNOWN STEP	2026-01-22T14:33:00.7901049Z [command]/usr/bin/git version
Status Check - Keycloak CI	UNKNOWN STEP	2026-01-22T14:33:00.7935485Z git version 2.52.0
Status Check - Keycloak CI	UNKNOWN STEP	2026-01-22T14:33:00.7970316Z Temporarily overriding HOME='/home/runner/work/_temp/2d4564b5-f7a2-46f1-846a-2d78388ad5ac' before making global git config changes
Status Check - Keycloak CI	UNKNOWN STEP	2026-01-22T14:33:00.7971333Z Adding repository directory to the temporary git global config as a safe directory
Status Check - Keycloak CI	UNKNOWN STEP	2026-01-22T14:33:00.7975580Z [command]/usr/bin/git config --global --add safe.directory /home/runner/work/keycloak/keycloak
Status Check - Keycloak CI	UNKNOWN STEP	2026-01-22T14:33:00.8009773Z [command]/usr/bin/git config --local --name-only --get-regexp core\.sshCommand
Status Check - Keycloak CI	UNKNOWN STEP	2026-01-22T14:33:00.8041035Z [command]/usr/bin/git submodule foreach --recursive sh -c "git config --local --name-only --get-regexp 'core\.sshCommand' && git config --local --unset-all 'core.sshCommand' || :"
Status Check - Keycloak CI	UNKNOWN STEP	2026-01-22T14:33:00.8285004Z [command]/usr/bin/git config --local --name-only --get-regexp http\.https\:\/\/github\.com\/\.extraheader
Status Check - Keycloak CI	UNKNOWN STEP	2026-01-22T14:33:00.8306200Z http.https://github.com/.extraheader
Status Check - Keycloak CI	UNKNOWN STEP	2026-01-22T14:33:00.8315311Z [command]/usr/bin/git config --local --unset-all http.https://github.com/.extraheader
Status Check - Keycloak CI	UNKNOWN STEP	2026-01-22T14:33:00.8344841Z [command]/usr/bin/git submodule foreach --recursive sh -c "git config --local --name-only --get-regexp 'http\.https\:\/\/github\.com\/\.extraheader' && git config --local --unset-all 'http.https://github.com/.extraheader' || :"
Status Check - Keycloak CI	UNKNOWN STEP	2026-01-22T14:33:00.8686221Z Cleaning up orphan processes
