Admin UI E2E (5, chrome)	Run Cypress	2024-12-12T15:02:52.6332919Z ##[group]Run cypress-io/github-action@v6
Admin UI E2E (5, chrome)	Run Cypress	2024-12-12T15:02:52.6333417Z with:
Admin UI E2E (5, chrome)	Run Cypress	2024-12-12T15:02:52.6333691Z   install: false
Admin UI E2E (5, chrome)	Run Cypress	2024-12-12T15:02:52.6334000Z   browser: chrome
Admin UI E2E (5, chrome)	Run Cypress	2024-12-12T15:02:52.6334361Z   wait-on: http://localhost:8080
Admin UI E2E (5, chrome)	Run Cypress	2024-12-12T15:02:52.6334797Z   working-directory: js/apps/admin-ui
Admin UI E2E (5, chrome)	Run Cypress	2024-12-12T15:02:52.6335213Z   record: false
Admin UI E2E (5, chrome)	Run Cypress	2024-12-12T15:02:52.6335552Z   publish-summary: true
Admin UI E2E (5, chrome)	Run Cypress	2024-12-12T15:02:52.6335883Z   component: false
Admin UI E2E (5, chrome)	Run Cypress	2024-12-12T15:02:52.6336179Z env:
Admin UI E2E (5, chrome)	Run Cypress	2024-12-12T15:02:52.6336830Z   MAVEN_ARGS: -B -nsu -Daether.connector.http.connectionMaxTtl=25
Admin UI E2E (5, chrome)	Run Cypress	2024-12-12T15:02:52.6337409Z   WORKSPACE: keycloak-admin-ui
Admin UI E2E (5, chrome)	Run Cypress	2024-12-12T15:02:52.6337963Z   JAVA_HOME: /opt/hostedtoolcache/Java_Temurin-Hotspot_jdk/21.0.5-11/x64
Admin UI E2E (5, chrome)	Run Cypress	2024-12-12T15:02:52.6338758Z   JAVA_HOME_21_X64: /opt/hostedtoolcache/Java_Temurin-Hotspot_jdk/21.0.5-11/x64
Admin UI E2E (5, chrome)	Run Cypress	2024-12-12T15:02:52.6339381Z   SPLIT: 5
Admin UI E2E (5, chrome)	Run Cypress	2024-12-12T15:02:52.6339679Z   SPLIT_INDEX: 4
Admin UI E2E (5, chrome)	Run Cypress	2024-12-12T15:02:52.6340287Z   SPLIT_RANDOM_SEED: 3
Admin UI E2E (5, chrome)	Run Cypress	2024-12-12T15:02:52.6340633Z ##[endgroup]
Admin UI E2E (5, chrome)	Run Cypress	2024-12-12T15:02:52.8706782Z Skipping install because install parameter is false
Admin UI E2E (5, chrome)	Run Cypress	2024-12-12T15:02:52.8746982Z waiting on "http://localhost:8080" with timeout of 60 seconds
Admin UI E2E (5, chrome)	Run Cypress	2024-12-12T15:03:14.8628958Z It looks like this is your first time using Cypress: 13.16.1
Admin UI E2E (5, chrome)	Run Cypress	2024-12-12T15:03:14.8630227Z 
Admin UI E2E (5, chrome)	Run Cypress	2024-12-12T15:03:14.8652636Z [STARTED] Task without title.
Admin UI E2E (5, chrome)	Run Cypress	2024-12-12T15:03:19.0582261Z [SUCCESS] Task without title.
Admin UI E2E (5, chrome)	Run Cypress	2024-12-12T15:03:19.0585907Z 
Admin UI E2E (5, chrome)	Run Cypress	2024-12-12T15:03:19.0586281Z Opening Cypress...
Admin UI E2E (5, chrome)	Run Cypress	2024-12-12T15:03:19.6338199Z MESA: error: ZINK: vkCreateInstance failed (VK_ERROR_INCOMPATIBLE_DRIVER)
Admin UI E2E (5, chrome)	Run Cypress	2024-12-12T15:03:19.6340613Z glx: failed to create drisw screen
Admin UI E2E (5, chrome)	Run Cypress	2024-12-12T15:03:19.6846106Z 
Admin UI E2E (5, chrome)	Run Cypress	2024-12-12T15:03:19.6848542Z DevTools listening on ws://127.0.0.1:41111/devtools/browser/7243f587-aea0-4593-9d9e-1cd77526cff0
Admin UI E2E (5, chrome)	Run Cypress	2024-12-12T15:03:20.2774887Z (node:2725) ExperimentalWarning: `--experimental-loader` may be removed in the future; instead use `register()`:
Admin UI E2E (5, chrome)	Run Cypress	2024-12-12T15:03:20.2777692Z --import 'data:text/javascript,import { register } from "node:module"; import { pathToFileURL } from "node:url"; register("file%3A///home/runner/.cache/Cypress/13.16.1/Cypress/resources/app/node_modules/ts-node/esm/transpile-only.mjs", pathToFileURL("./"));'
Admin UI E2E (5, chrome)	Run Cypress	2024-12-12T15:03:20.2779649Z (Use `node --trace-warnings ...` to show where the warning was created)
Admin UI E2E (5, chrome)	Run Cypress	2024-12-12T15:03:31.4078140Z cypress-split: there are 41 found specs
Admin UI E2E (5, chrome)	Run Cypress	2024-12-12T15:03:31.4080169Z the first 5 specs
Admin UI E2E (5, chrome)	Run Cypress	2024-12-12T15:03:31.4081105Z - 1: /home/runner/work/keycloak/keycloak/js/apps/admin-ui/cypress/e2e/sessions_test.spec.ts
Admin UI E2E (5, chrome)	Run Cypress	2024-12-12T15:03:31.4082454Z - 2: /home/runner/work/keycloak/keycloak/js/apps/admin-ui/cypress/e2e/organization.spec.ts
Admin UI E2E (5, chrome)	Run Cypress	2024-12-12T15:03:31.4083728Z - 3: /home/runner/work/keycloak/keycloak/js/apps/admin-ui/cypress/e2e/users_test.spec.ts
Admin UI E2E (5, chrome)	Run Cypress	2024-12-12T15:03:31.4085030Z - 4: /home/runner/work/keycloak/keycloak/js/apps/admin-ui/cypress/e2e/client_scope.spec.ts
Admin UI E2E (5, chrome)	Run Cypress	2024-12-12T15:03:31.4086624Z - 5: /home/runner/work/keycloak/keycloak/js/apps/admin-ui/cypress/e2e/user_fed_test.spec.ts
Admin UI E2E (5, chrome)	Run Cypress	2024-12-12T15:03:31.4087555Z cypress-split: chunk 5 of 5
Admin UI E2E (5, chrome)	Run Cypress	2024-12-12T15:03:31.4097235Z k  spec                                                   
Admin UI E2E (5, chrome)	Run Cypress	2024-12-12T15:03:31.4098580Z -  -------------------------------------------------------
Admin UI E2E (5, chrome)	Run Cypress	2024-12-12T15:03:31.4099490Z 1  cypress/e2e/group_test.spec.ts                         
Admin UI E2E (5, chrome)	Run Cypress	2024-12-12T15:03:31.4100408Z 2  cypress/e2e/client_initial_access.spec.ts              
Admin UI E2E (5, chrome)	Run Cypress	2024-12-12T15:03:31.4101328Z 3  cypress/e2e/clients_test.spec.ts                       
Admin UI E2E (5, chrome)	Run Cypress	2024-12-12T15:03:31.4102266Z 4  cypress/e2e/identity_providers_saml_test.spec.ts       
Admin UI E2E (5, chrome)	Run Cypress	2024-12-12T15:03:31.4103212Z 5  cypress/e2e/users_attribute_search_test.spec.ts        
Admin UI E2E (5, chrome)	Run Cypress	2024-12-12T15:03:31.4104140Z 6  cypress/e2e/client_scopes_test.spec.ts                 
Admin UI E2E (5, chrome)	Run Cypress	2024-12-12T15:03:31.4105058Z 7  cypress/e2e/user_fed_ldap_hardcoded_mapper_test.spec.ts
Admin UI E2E (5, chrome)	Run Cypress	2024-12-12T15:03:31.4106033Z 8  cypress/e2e/authentication_policies_ciba.spec.ts       
Admin UI E2E (5, chrome)	Run Cypress	2024-12-12T15:03:31.4106797Z 
Admin UI E2E (5, chrome)	Run Cypress	2024-12-12T15:03:32.1040973Z 
Admin UI E2E (5, chrome)	Run Cypress	2024-12-12T15:03:32.1702735Z [90m====================================================================================================[39m
Admin UI E2E (5, chrome)	Run Cypress	2024-12-12T15:03:32.1703130Z 
Admin UI E2E (5, chrome)	Run Cypress	2024-12-12T15:03:32.1703565Z [0m  ([4m[1mRun Starting[22m[24m)[0m
Admin UI E2E (5, chrome)	Run Cypress	2024-12-12T15:03:32.1703769Z 
Admin UI E2E (5, chrome)	Run Cypress	2024-12-12T15:03:32.1777350Z [90m  â”Œ[39m[90mâ”€[39m[90mâ”€[39m[90mâ”€[39m[90mâ”€[39m[90mâ”€[39m[90mâ”€[39m[90mâ”€[39m[90mâ”€[39m[90mâ”€[39m[90mâ”€[39m[90mâ”€[39m[90mâ”€[39m[90mâ”€[39m[90mâ”€[39m[90mâ”€[39m[90mâ”€[39m[90mâ”€[39m[90mâ”€[39m[90mâ”€[39m[90mâ”€[39m[90mâ”€[39m[90mâ”€[39m[90mâ”€[39m[90mâ”€[39m[90mâ”€[39m[90mâ”€[39m[90mâ”€[39m[90mâ”€[39m[90mâ”€[39m[90mâ”€[39m[90mâ”€[39m[90mâ”€[39m[90mâ”€[39m[90mâ”€[39m[90mâ”€[39m[90mâ”€[39m[90mâ”€[39m[90mâ”€[39m[90mâ”€[39m[90mâ”€[39m[90mâ”€[39m[90mâ”€[39m[90mâ”€[39m[90mâ”€[39m[90mâ”€[39m[90mâ”€[39m[90mâ”€[39m[90mâ”€[39m[90mâ”€[39m[90mâ”€[39m[90mâ”€[39m[90mâ”€[39m[90mâ”€[39m[90mâ”€[39m[90mâ”€[39m[90mâ”€[39m[90mâ”€[39m[90mâ”€[39m[90mâ”€[39m[90mâ”€[39m[90mâ”€[39m[90mâ”€[39m[90mâ”€[39m[90mâ”€[39m[90mâ”€[39m[90mâ”€[39m[90mâ”€[39m[90mâ”€[39m[90mâ”€[39m[90mâ”€[39m[90mâ”€[39m[90mâ”€[39m[90mâ”€[39m[90mâ”€[39m[90mâ”€[39m[90mâ”€[39m[90mâ”€[39m[90mâ”€[39m[90mâ”€[39m[90mâ”€[39m[90mâ”€[39m[90mâ”€[39m[90mâ”€[39m[90mâ”€[39m[90mâ”€[39m[90mâ”€[39m[90mâ”€[39m[90mâ”€[39m[90mâ”€[39m[90mâ”€[39m[90mâ”€[39m[90mâ”€[39m[90mâ”€[39m[90mâ”€[39m[90mâ”€[39m[90mâ”€[39m[90mâ”[39m
Admin UI E2E (5, chrome)	Run Cypress	2024-12-12T15:03:32.1781231Z [90m  â”‚[39m [90mCypress:[39m        13.16.1                                                                        [90mâ”‚[39m
Admin UI E2E (5, chrome)	Run Cypress	2024-12-12T15:03:32.1782368Z [90m  â”‚[39m [90mBrowser:[39m        Chrome 131 [90m(headless)[39m                                                          [90mâ”‚[39m
Admin UI E2E (5, chrome)	Run Cypress	2024-12-12T15:03:32.1783623Z [90m  â”‚[39m [90mNode Version:[39m   [0mv20.18.0 [90m(/home/runner/runners/2.321.0/externals/node20/bin/node)[39m[0m              [90mâ”‚[39m
Admin UI E2E (5, chrome)	Run Cypress	2024-12-12T15:03:32.1784938Z [90m  â”‚[39m [90mSpecs:[39m          [0m8 found (group_test.spec.ts, client_initial_access.spec.ts, clients_test.spec.[0m [90mâ”‚[39m
Admin UI E2E (5, chrome)	Run Cypress	2024-12-12T15:03:32.1786236Z [90m  â”‚[39m                 [0mts, identity_providers_saml_test.spec.ts, users_attribute_search_test.spec.ts,[0m [90mâ”‚[39m
Admin UI E2E (5, chrome)	Run Cypress	2024-12-12T15:03:32.1787604Z [90m  â”‚[39m                 [0m client_scopes_test.spec.ts, user_fed_ldap_hardcoded_mapper_test.spec.ts, auth[0m [90mâ”‚[39m
Admin UI E2E (5, chrome)	Run Cypress	2024-12-12T15:03:32.1788686Z [90m  â”‚[39m                 [0mentication_policies_ci...)[0m                                                     [90mâ”‚[39m
Admin UI E2E (5, chrome)	Run Cypress	2024-12-12T15:03:32.1789891Z [90m  â”‚[39m [90mSearched:[39m       [0mcypress/e2e/group_test.spec.ts, cypress/e2e/client_initial_access.spec.ts, cyp[0m [90mâ”‚[39m
Admin UI E2E (5, chrome)	Run Cypress	2024-12-12T15:03:32.1791356Z [90m  â”‚[39m                 [0mress/e2e/clients_test.spec.ts, cypress/e2e/identity_providers_saml_test.spec.t[0m [90mâ”‚[39m
Admin UI E2E (5, chrome)	Run Cypress	2024-12-12T15:03:32.1792544Z [90m  â”‚[39m                 [0ms, cypress/e2e/users_attribute_search_test.spec.ts, cypress/e2e/client_scopes_[0m [90mâ”‚[39m
Admin UI E2E (5, chrome)	Run Cypress	2024-12-12T15:03:32.1793695Z [90m  â”‚[39m                 [0mtest.spec.ts, cypress/e2e/user_fed_ldap_hardcoded_mapper_test.spec.ts, cypress[0m [90mâ”‚[39m
Admin UI E2E (5, chrome)	Run Cypress	2024-12-12T15:03:32.1794803Z [90m  â”‚[39m                 [0m/e2e/authentication_policies_ciba.spec.ts[0m                                      [90mâ”‚[39m
Admin UI E2E (5, chrome)	Run Cypress	2024-12-12T15:03:32.1795987Z [90m  â”‚[39m [90mExperiments:[39m    experimentalMemoryManagement=true                                              [90mâ”‚[39m
Admin UI E2E (5, chrome)	Run Cypress	2024-12-12T15:03:32.1801526Z [90m  â””[39m[90mâ”€[39m[90mâ”€[39m[90mâ”€[39m[90mâ”€[39m[90mâ”€[39m[90mâ”€[39m[90mâ”€[39m[90mâ”€[39m[90mâ”€[39m[90mâ”€[39m[90mâ”€[39m[90mâ”€[39m[90mâ”€[39m[90mâ”€[39m[90mâ”€[39m[90mâ”€[39m[90mâ”€[39m[90mâ”€[39m[90mâ”€[39m[90mâ”€[39m[90mâ”€[39m[90mâ”€[39m[90mâ”€[39m[90mâ”€[39m[90mâ”€[39m[90mâ”€[39m[90mâ”€[39m[90mâ”€[39m[90mâ”€[39m[90mâ”€[39m[90mâ”€[39m[90mâ”€[39m[90mâ”€[39m[90mâ”€[39m[90mâ”€[39m[90mâ”€[39m[90mâ”€[39m[90mâ”€[39m[90mâ”€[39m[90mâ”€[39m[90mâ”€[39m[90mâ”€[39m[90mâ”€[39m[90mâ”€[39m[90mâ”€[39m[90mâ”€[39m[90mâ”€[39m[90mâ”€[39m[90mâ”€[39m[90mâ”€[39m[90mâ”€[39m[90mâ”€[39m[90mâ”€[39m[90mâ”€[39m[90mâ”€[39m[90mâ”€[39m[90mâ”€[39m[90mâ”€[39m[90mâ”€[39m[90mâ”€[39m[90mâ”€[39m[90mâ”€[39m[90mâ”€[39m[90mâ”€[39m[90mâ”€[39m[90mâ”€[39m[90mâ”€[39m[90mâ”€[39m[90mâ”€[39m[90mâ”€[39m[90mâ”€[39m[90mâ”€[39m[90mâ”€[39m[90mâ”€[39m[90mâ”€[39m[90mâ”€[39m[90mâ”€[39m[90mâ”€[39m[90mâ”€[39m[90mâ”€[39m[90mâ”€[39m[90mâ”€[39m[90mâ”€[39m[90mâ”€[39m[90mâ”€[39m[90mâ”€[39m[90mâ”€[39m[90mâ”€[39m[90mâ”€[39m[90mâ”€[39m[90mâ”€[39m[90mâ”€[39m[90mâ”€[39m[90mâ”€[39m[90mâ”€[39m[90mâ”€[39m[90mâ”˜[39m
Admin UI E2E (5, chrome)	Run Cypress	2024-12-12T15:03:32.1803775Z 
Admin UI E2E (5, chrome)	Run Cypress	2024-12-12T15:03:32.1803784Z 
Admin UI E2E (5, chrome)	Run Cypress	2024-12-12T15:03:32.1808369Z [90mâ”€[39m[90mâ”€[39m[90mâ”€[39m[90mâ”€[39m[90mâ”€[39m[90mâ”€[39m[90mâ”€[39m[90mâ”€[39m[90mâ”€[39m[90mâ”€[39m[90mâ”€[39m[90mâ”€[39m[90mâ”€[39m[90mâ”€[39m[90mâ”€[39m[90mâ”€[39m[90mâ”€[39m[90mâ”€[39m[90mâ”€[39m[90mâ”€[39m[90mâ”€[39m[90mâ”€[39m[90mâ”€[39m[90mâ”€[39m[90mâ”€[39m[90mâ”€[39m[90mâ”€[39m[90mâ”€[39m[90mâ”€[39m[90mâ”€[39m[90mâ”€[39m[90mâ”€[39m[90mâ”€[39m[90mâ”€[39m[90mâ”€[39m[90mâ”€[39m[90mâ”€[39m[90mâ”€[39m[90mâ”€[39m[90mâ”€[39m[90mâ”€[39m[90mâ”€[39m[90mâ”€[39m[90mâ”€[39m[90mâ”€[39m[90mâ”€[39m[90mâ”€[39m[90mâ”€[39m[90mâ”€[39m[90mâ”€[39m[90mâ”€[39m[90mâ”€[39m[90mâ”€[39m[90mâ”€[39m[90mâ”€[39m[90mâ”€[39m[90mâ”€[39m[90mâ”€[39m[90mâ”€[39m[90mâ”€[39m[90mâ”€[39m[90mâ”€[39m[90mâ”€[39m[90mâ”€[39m[90mâ”€[39m[90mâ”€[39m[90mâ”€[39m[90mâ”€[39m[90mâ”€[39m[90mâ”€[39m[90mâ”€[39m[90mâ”€[39m[90mâ”€[39m[90mâ”€[39m[90mâ”€[39m[90mâ”€[39m[90mâ”€[39m[90mâ”€[39m[90mâ”€[39m[90mâ”€[39m[90mâ”€[39m[90mâ”€[39m[90mâ”€[39m[90mâ”€[39m[90mâ”€[39m[90mâ”€[39m[90mâ”€[39m[90mâ”€[39m[90mâ”€[39m[90mâ”€[39m[90mâ”€[39m[90mâ”€[39m[90mâ”€[39m[90mâ”€[39m[90mâ”€[39m[90mâ”€[39m[90mâ”€[39m[90mâ”€[39m[90mâ”€[39m[90mâ”€[39m
Admin UI E2E (5, chrome)	Run Cypress	2024-12-12T15:03:32.1810772Z                                                                                                     
Admin UI E2E (5, chrome)	Run Cypress	2024-12-12T15:03:32.1811354Z   Running:  [90mgroup_test.spec.ts[39m                                                              [90m(1 of 8)[39m
Admin UI E2E (5, chrome)	Run Cypress	2024-12-12T15:03:39.6040516Z 
Admin UI E2E (5, chrome)	Run Cypress	2024-12-12T15:03:39.6048381Z [0m[0m
Admin UI E2E (5, chrome)	Run Cypress	2024-12-12T15:03:39.6049376Z [0m  Group test[0m
Admin UI E2E (5, chrome)	Run Cypress	2024-12-12T15:03:40.7732409Z [0m    List[0m
Admin UI E2E (5, chrome)	Run Cypress	2024-12-12T15:03:51.0245884Z     [32m  âœ“[0m[90m Create group from empty option[0m[90m (11325ms)[0m
Admin UI E2E (5, chrome)	Run Cypress	2024-12-12T15:03:56.2347596Z     [32m  âœ“[0m[90m Create group from search bar[0m[90m (5105ms)[0m
Admin UI E2E (5, chrome)	Run Cypress	2024-12-12T15:03:59.4078193Z     [32m  âœ“[0m[90m Fail to create group with empty name[0m[90m (3146ms)[0m
Admin UI E2E (5, chrome)	Run Cypress	2024-12-12T15:04:05.4792716Z     [32m  âœ“[0m[90m Fail to create group with duplicated name[0m[90m (5991ms)[0m
Admin UI E2E (5, chrome)	Run Cypress	2024-12-12T15:04:08.0360591Z     [32m  âœ“[0m[90m Empty search[0m[90m (2488ms)[0m
Admin UI E2E (5, chrome)	Run Cypress	2024-12-12T15:04:10.9555233Z     [32m  âœ“[0m[90m Search group that exists[0m[90m (2850ms)[0m
Admin UI E2E (5, chrome)	Run Cypress	2024-12-12T15:04:13.4624704Z     [32m  âœ“[0m[90m Search group that does not exists[0m[90m (2438ms)[0m
Admin UI E2E (5, chrome)	Run Cypress	2024-12-12T15:04:16.6031323Z     [32m  âœ“[0m[90m Duplicate group from item bar[0m[90m (3059ms)[0m
Admin UI E2E (5, chrome)	Run Cypress	2024-12-12T15:04:21.4213191Z     [32m  âœ“[0m[90m Delete group from item bar[0m[90m (4689ms)[0m
Admin UI E2E (5, chrome)	Run Cypress	2024-12-12T15:04:25.1030700Z     [32m  âœ“[0m[90m Delete group from search bar[0m[90m (3630ms)[0m
Admin UI E2E (5, chrome)	Run Cypress	2024-12-12T15:04:29.1112536Z     [32m  âœ“[0m[90m Delete groups from search bar[0m[90m (3927ms)[0m
Admin UI E2E (5, chrome)	Run Cypress	2024-12-12T15:04:29.1124309Z [0m    Search group under current group[0m
Admin UI E2E (5, chrome)	Run Cypress	2024-12-12T15:04:32.2700535Z     [32m  âœ“[0m[90m Search child group in group[0m[90m (3106ms)[0m
Admin UI E2E (5, chrome)	Run Cypress	2024-12-12T15:04:35.2115899Z     [32m  âœ“[0m[90m Search non existing child group in group[0m[90m (2852ms)[0m
Admin UI E2E (5, chrome)	Run Cypress	2024-12-12T15:04:37.6733404Z     [32m  âœ“[0m[90m Empty search in group[0m[90m (2386ms)[0m
Admin UI E2E (5, chrome)	Run Cypress	2024-12-12T15:04:37.6873193Z [0m    Group Actions[0m
Admin UI E2E (5, chrome)	Run Cypress	2024-12-12T15:04:41.7029598Z     [32m  âœ“[0m[90m Rename group[0m[90m (3915ms)[0m
Admin UI E2E (5, chrome)	Run Cypress	2024-12-12T15:04:44.5255249Z     [32m  âœ“[0m[90m Delete group from group details[0m[90m (2727ms)[0m
Admin UI E2E (5, chrome)	Run Cypress	2024-12-12T15:04:44.5409956Z [0m      Search globally[0m
Admin UI E2E (5, chrome)	Run Cypress	2024-12-12T15:04:46.9438072Z       [32m  âœ“[0m[90m Navigate to parent group details[0m[90m (2197ms)[0m
Admin UI E2E (5, chrome)	Run Cypress	2024-12-12T15:04:46.9484235Z [0m    Child Groups[0m
Admin UI E2E (5, chrome)	Run Cypress	2024-12-12T15:04:49.1112530Z     [32m  âœ“[0m[90m Check empty state[0m[90m (2112ms)[0m
Admin UI E2E (5, chrome)	Run Cypress	2024-12-12T15:04:51.7369744Z     [32m  âœ“[0m[90m Create group from empty state[0m[90m (2567ms)[0m
Admin UI E2E (5, chrome)	Run Cypress	2024-12-12T15:04:54.4600402Z     [32m  âœ“[0m[90m Create group from search bar[0m[90m (2676ms)[0m
Admin UI E2E (5, chrome)	Run Cypress	2024-12-12T15:04:56.5397950Z     [32m  âœ“[0m[90m Fail to create group with empty name[0m[90m (2039ms)[0m
Admin UI E2E (5, chrome)	Run Cypress	2024-12-12T15:04:59.2372629Z     [32m  âœ“[0m[90m Fail to create group with duplicated name[0m[90m (2678ms)[0m
Admin UI E2E (5, chrome)	Run Cypress	2024-12-12T15:05:02.6244179Z     [32m  âœ“[0m[90m Move group from item bar[0m[90m (3294ms)[0m
Admin UI E2E (5, chrome)	Run Cypress	2024-12-12T15:05:05.7552981Z     [32m  âœ“[0m[90m Search group[0m[90m (3031ms)[0m
Admin UI E2E (5, chrome)	Run Cypress	2024-12-12T15:05:07.6387583Z     [32m  âœ“[0m[90m Show child group in groups[0m[90m (1855ms)[0m
Admin UI E2E (5, chrome)	Run Cypress	2024-12-12T15:05:10.4652813Z     [32m  âœ“[0m[90m Delete group from search bar[0m[90m (2744ms)[0m
Admin UI E2E (5, chrome)	Run Cypress	2024-12-12T15:05:13.2515567Z     [32m  âœ“[0m[90m Delete group from item bar[0m[90m (2588ms)[0m
Admin UI E2E (5, chrome)	Run Cypress	2024-12-12T15:05:13.2763450Z [0m    Members[0m
Admin UI E2E (5, chrome)	Run Cypress	2024-12-12T15:05:16.7208680Z     [32m  âœ“[0m[90m Add member from search bar[0m[90m (3387ms)[0m
Admin UI E2E (5, chrome)	Run Cypress	2024-12-12T15:05:20.8196658Z     [32m  âœ“[0m[90m Show members with sub-group users[0m[90m (4010ms)[0m
Admin UI E2E (5, chrome)	Run Cypress	2024-12-12T15:05:24.8211273Z     [32m  âœ“[0m[90m Add member from empty state[0m[90m (3926ms)[0m
Admin UI E2E (5, chrome)	Run Cypress	2024-12-12T15:05:28.1381505Z     [32m  âœ“[0m[90m Leave group from search bar[0m[90m (3229ms)[0m
Admin UI E2E (5, chrome)	Run Cypress	2024-12-12T15:05:31.4853698Z     [32m  âœ“[0m[90m Leave group from item bar[0m[90m (3225ms)[0m
Admin UI E2E (5, chrome)	Run Cypress	2024-12-12T15:05:34.9777870Z     [32m  âœ“[0m[90m Show memberships from item bar[0m[90m (3245ms)[0m
Admin UI E2E (5, chrome)	Run Cypress	2024-12-12T15:05:34.9939505Z [0m    Breadcrumbs[0m
Admin UI E2E (5, chrome)	Run Cypress	2024-12-12T15:05:39.1481620Z     [32m  âœ“[0m[90m Navigate to parent group[0m[90m (4034ms)[0m
Admin UI E2E (5, chrome)	Run Cypress	2024-12-12T15:05:39.1660350Z [0m    Attributes[0m
Admin UI E2E (5, chrome)	Run Cypress	2024-12-12T15:05:42.5266211Z     [32m  âœ“[0m[90m Add attribute[0m[90m (3333ms)[0m
Admin UI E2E (5, chrome)	Run Cypress	2024-12-12T15:05:45.1384825Z     [32m  âœ“[0m[90m Remove attribute[0m[90m (2563ms)[0m
Admin UI E2E (5, chrome)	Run Cypress	2024-12-12T15:05:49.6795406Z     [32m  âœ“[0m[90m Revert changes[0m[90m (4483ms)[0m
Admin UI E2E (5, chrome)	Run Cypress	2024-12-12T15:05:49.6915426Z [0m    'Move to' function[0m
Admin UI E2E (5, chrome)	Run Cypress	2024-12-12T15:05:52.4840449Z     [32m  âœ“[0m[90m Move group to other group[0m[90m (2728ms)[0m
Admin UI E2E (5, chrome)	Run Cypress	2024-12-12T15:05:55.1810076Z     [32m  âœ“[0m[90m Move group to root[0m[90m (2608ms)[0m
Admin UI E2E (5, chrome)	Run Cypress	2024-12-12T15:05:55.1947098Z [0m    Role mappings[0m
Admin UI E2E (5, chrome)	Run Cypress	2024-12-12T15:05:57.2464972Z     [32m  âœ“[0m[90m Check empty state[0m[90m (2002ms)[0m
Admin UI E2E (5, chrome)	Run Cypress	2024-12-12T15:06:00.2835882Z     [32m  âœ“[0m[90m Assign roles from empty state[0m[90m (2972ms)[0m
Admin UI E2E (5, chrome)	Run Cypress	2024-12-12T15:06:02.4111852Z     [32m  âœ“[0m[90m Show and search roles[0m[90m (2052ms)[0m
Admin UI E2E (5, chrome)	Run Cypress	2024-12-12T15:06:04.5681322Z     [32m  âœ“[0m[90m Check hide inherited roles option[0m[90m (2099ms)[0m
Admin UI E2E (5, chrome)	Run Cypress	2024-12-12T15:06:06.4929560Z     [32m  âœ“[0m[90m Remove roles[0m[90m (1877ms)[0m
Admin UI E2E (5, chrome)	Run Cypress	2024-12-12T15:06:06.5033291Z [0m    Permissions[0m
Admin UI E2E (5, chrome)	Run Cypress	2024-12-12T15:06:09.0933611Z     [32m  âœ“[0m[90m enable/disable permissions[0m[90m (2551ms)[0m
Admin UI E2E (5, chrome)	Run Cypress	2024-12-12T15:06:09.1067192Z [0m    Accessibility tests for groups[0m
Admin UI E2E (5, chrome)	Run Cypress	2024-12-12T15:06:13.6571229Z     [32m  âœ“[0m[90m Check a11y violations on load/ groups[0m[90m (3974ms)[0m
Admin UI E2E (5, chrome)	Run Cypress	2024-12-12T15:06:13.6571830Z 
Admin UI E2E (5, chrome)	Run Cypress	2024-12-12T15:06:13.6849757Z 
Admin UI E2E (5, chrome)	Run Cypress	2024-12-12T15:06:13.6850762Z [92m [0m[32m 46 passing[0m[90m (3m)[0m
Admin UI E2E (5, chrome)	Run Cypress	2024-12-12T15:06:13.6851123Z 
Admin UI E2E (5, chrome)	Run Cypress	2024-12-12T15:06:14.7338592Z 
Admin UI E2E (5, chrome)	Run Cypress	2024-12-12T15:06:14.7339820Z [32m  ([4m[1mResults[22m[24m)[39m
Admin UI E2E (5, chrome)	Run Cypress	2024-12-12T15:06:14.7360111Z 
Admin UI E2E (5, chrome)	Run Cypress	2024-12-12T15:06:14.7376118Z [90m  â”Œ[39m[90mâ”€[39m[90mâ”€[39m[90mâ”€[39m[90mâ”€[39m[90mâ”€[39m[90mâ”€[39m[90mâ”€[39m[90mâ”€[39m[90mâ”€[39m[90mâ”€[39m[90mâ”€[39m[90mâ”€[39m[90mâ”€[39m[90mâ”€[39m[90mâ”€[39m[90mâ”€[39m[90mâ”€[39m[90mâ”€[39m[90mâ”€[39m[90mâ”€[39m[90mâ”€[39m[90mâ”€[39m[90mâ”€[39m[90mâ”€[39m[90mâ”€[39m[90mâ”€[39m[90mâ”€[39m[90mâ”€[39m[90mâ”€[39m[90mâ”€[39m[90mâ”€[39m[90mâ”€[39m[90mâ”€[39m[90mâ”€[39m[90mâ”€[39m[90mâ”€[39m[90mâ”€[39m[90mâ”€[39m[90mâ”€[39m[90mâ”€[39m[90mâ”€[39m[90mâ”€[39m[90mâ”€[39m[90mâ”€[39m[90mâ”€[39m[90mâ”€[39m[90mâ”€[39m[90mâ”€[39m[90mâ”€[39m[90mâ”€[39m[90mâ”€[39m[90mâ”€[39m[90mâ”€[39m[90mâ”€[39m[90mâ”€[39m[90mâ”€[39m[90mâ”€[39m[90mâ”€[39m[90mâ”€[39m[90mâ”€[39m[90mâ”€[39m[90mâ”€[39m[90mâ”€[39m[90mâ”€[39m[90mâ”€[39m[90mâ”€[39m[90mâ”€[39m[90mâ”€[39m[90mâ”€[39m[90mâ”€[39m[90mâ”€[39m[90mâ”€[39m[90mâ”€[39m[90mâ”€[39m[90mâ”€[39m[90mâ”€[39m[90mâ”€[39m[90mâ”€[39m[90mâ”€[39m[90mâ”€[39m[90mâ”€[39m[90mâ”€[39m[90mâ”€[39m[90mâ”€[39m[90mâ”€[39m[90mâ”€[39m[90mâ”€[39m[90mâ”€[39m[90mâ”€[39m[90mâ”€[39m[90mâ”€[39m[90mâ”€[39m[90mâ”€[39m[90mâ”€[39m[90mâ”€[39m[90mâ”€[39m[90mâ”[39m
Admin UI E2E (5, chrome)	Run Cypress	2024-12-12T15:06:14.7381028Z [90m  â”‚[39m [90mTests:[39m        [32m46[39m                                                                               [90mâ”‚[39m
Admin UI E2E (5, chrome)	Run Cypress	2024-12-12T15:06:14.7382176Z [90m  â”‚[39m [90mPassing:[39m      [32m46[39m                                                                               [90mâ”‚[39m
Admin UI E2E (5, chrome)	Run Cypress	2024-12-12T15:06:14.7383587Z [90m  â”‚[39m [90mFailing:[39m      [32m0[39m                                                                                [90mâ”‚[39m
Admin UI E2E (5, chrome)	Run Cypress	2024-12-12T15:06:14.7384725Z [90m  â”‚[39m [90mPending:[39m      [32m0[39m                                                                                [90mâ”‚[39m
Admin UI E2E (5, chrome)	Run Cypress	2024-12-12T15:06:14.7385847Z [90m  â”‚[39m [90mSkipped:[39m      [32m0[39m                                                                                [90mâ”‚[39m
Admin UI E2E (5, chrome)	Run Cypress	2024-12-12T15:06:14.7387176Z [90m  â”‚[39m [90mScreenshots:[39m  [32m0[39m                                                                                [90mâ”‚[39m
Admin UI E2E (5, chrome)	Run Cypress	2024-12-12T15:06:14.7388348Z [90m  â”‚[39m [90mVideo:[39m        [32mfalse[39m                                                                            [90mâ”‚[39m
Admin UI E2E (5, chrome)	Run Cypress	2024-12-12T15:06:14.7389580Z [90m  â”‚[39m [90mDuration:[39m     [32m2 minutes, 34 seconds[39m                                                            [90mâ”‚[39m
Admin UI E2E (5, chrome)	Run Cypress	2024-12-12T15:06:14.7391245Z [90m  â”‚[39m [90mSpec Ran:[39m     [32m[32mgroup_test.spec.ts[32m[39m                                                               [90mâ”‚[39m
Admin UI E2E (5, chrome)	Run Cypress	2024-12-12T15:06:14.7398018Z [90m  â””[39m[90mâ”€[39m[90mâ”€[39m[90mâ”€[39m[90mâ”€[39m[90mâ”€[39m[90mâ”€[39m[90mâ”€[39m[90mâ”€[39m[90mâ”€[39m[90mâ”€[39m[90mâ”€[39m[90mâ”€[39m[90mâ”€[39m[90mâ”€[39m[90mâ”€[39m[90mâ”€[39m[90mâ”€[39m[90mâ”€[39m[90mâ”€[39m[90mâ”€[39m[90mâ”€[39m[90mâ”€[39m[90mâ”€[39m[90mâ”€[39m[90mâ”€[39m[90mâ”€[39m[90mâ”€[39m[90mâ”€[39m[90mâ”€[39m[90mâ”€[39m[90mâ”€[39m[90mâ”€[39m[90mâ”€[39m[90mâ”€[39m[90mâ”€[39m[90mâ”€[39m[90mâ”€[39m[90mâ”€[39m[90mâ”€[39m[90mâ”€[39m[90mâ”€[39m[90mâ”€[39m[90mâ”€[39m[90mâ”€[39m[90mâ”€[39m[90mâ”€[39m[90mâ”€[39m[90mâ”€[39m[90mâ”€[39m[90mâ”€[39m[90mâ”€[39m[90mâ”€[39m[90mâ”€[39m[90mâ”€[39m[90mâ”€[39m[90mâ”€[39m[90mâ”€[39m[90mâ”€[39m[90mâ”€[39m[90mâ”€[39m[90mâ”€[39m[90mâ”€[39m[90mâ”€[39m[90mâ”€[39m[90mâ”€[39m[90mâ”€[39m[90mâ”€[39m[90mâ”€[39m[90mâ”€[39m[90mâ”€[39m[90mâ”€[39m[90mâ”€[39m[90mâ”€[39m[90mâ”€[39m[90mâ”€[39m[90mâ”€[39m[90mâ”€[39m[90mâ”€[39m[90mâ”€[39m[90mâ”€[39m[90mâ”€[39m[90mâ”€[39m[90mâ”€[39m[90mâ”€[39m[90mâ”€[39m[90mâ”€[39m[90mâ”€[39m[90mâ”€[39m[90mâ”€[39m[90mâ”€[39m[90mâ”€[39m[90mâ”€[39m[90mâ”€[39m[90mâ”€[39m[90mâ”€[39m[90mâ”€[39m[90mâ”˜[39m
Admin UI E2E (5, chrome)	Run Cypress	2024-12-12T15:06:14.7402040Z 
Admin UI E2E (5, chrome)	Run Cypress	2024-12-12T15:06:14.7760813Z 
Admin UI E2E (5, chrome)	Run Cypress	2024-12-12T15:06:14.7775390Z [90mâ”€[39m[90mâ”€[39m[90mâ”€[39m[90mâ”€[39m[90mâ”€[39m[90mâ”€[39m[90mâ”€[39m[90mâ”€[39m[90mâ”€[39m[90mâ”€[39m[90mâ”€[39m[90mâ”€[39m[90mâ”€[39m[90mâ”€[39m[90mâ”€[39m[90mâ”€[39m[90mâ”€[39m[90mâ”€[39m[90mâ”€[39m[90mâ”€[39m[90mâ”€[39m[90mâ”€[39m[90mâ”€[39m[90mâ”€[39m[90mâ”€[39m[90mâ”€[39m[90mâ”€[39m[90mâ”€[39m[90mâ”€[39m[90mâ”€[39m[90mâ”€[39m[90mâ”€[39m[90mâ”€[39m[90mâ”€[39m[90mâ”€[39m[90mâ”€[39m[90mâ”€[39m[90mâ”€[39m[90mâ”€[39m[90mâ”€[39m[90mâ”€[39m[90mâ”€[39m[90mâ”€[39m[90mâ”€[39m[90mâ”€[39m[90mâ”€[39m[90mâ”€[39m[90mâ”€[39m[90mâ”€[39m[90mâ”€[39m[90mâ”€[39m[90mâ”€[39m[90mâ”€[39m[90mâ”€[39m[90mâ”€[39m[90mâ”€[39m[90mâ”€[39m[90mâ”€[39m[90mâ”€[39m[90mâ”€[39m[90mâ”€[39m[90mâ”€[39m[90mâ”€[39m[90mâ”€[39m[90mâ”€[39m[90mâ”€[39m[90mâ”€[39m[90mâ”€[39m[90mâ”€[39m[90mâ”€[39m[90mâ”€[39m[90mâ”€[39m[90mâ”€[39m[90mâ”€[39m[90mâ”€[39m[90mâ”€[39m[90mâ”€[39m[90mâ”€[39m[90mâ”€[39m[90mâ”€[39m[90mâ”€[39m[90mâ”€[39m[90mâ”€[39m[90mâ”€[39m[90mâ”€[39m[90mâ”€[39m[90mâ”€[39m[90mâ”€[39m[90mâ”€[39m[90mâ”€[39m[90mâ”€[39m[90mâ”€[39m[90mâ”€[39m[90mâ”€[39m[90mâ”€[39m[90mâ”€[39m[90mâ”€[39m[90mâ”€[39m[90mâ”€[39m[90mâ”€[39m
Admin UI E2E (5, chrome)	Run Cypress	2024-12-12T15:06:14.7780404Z                                                                                                     
Admin UI E2E (5, chrome)	Run Cypress	2024-12-12T15:06:14.7781650Z   Running:  [90mclient_initial_access.spec.ts[39m                                                   [90m(2 of 8)[39m
Admin UI E2E (5, chrome)	Run Cypress	2024-12-12T15:06:17.7795313Z 
Admin UI E2E (5, chrome)	Run Cypress	2024-12-12T15:06:17.7796875Z [0m[0m
Admin UI E2E (5, chrome)	Run Cypress	2024-12-12T15:06:17.7877565Z [0m  Client initial access tokens[0m
Admin UI E2E (5, chrome)	Run Cypress	2024-12-12T15:06:22.2037878Z   [32m  âœ“[0m[90m Initial access token can't be created with 0 days and count[0m[90m (4387ms)[0m
Admin UI E2E (5, chrome)	Run Cypress	2024-12-12T15:06:26.8284277Z   [32m  âœ“[0m[90m Initial access token[0m[90m (4585ms)[0m
Admin UI E2E (5, chrome)	Run Cypress	2024-12-12T15:06:26.8285596Z 
Admin UI E2E (5, chrome)	Run Cypress	2024-12-12T15:06:26.8431748Z 
Admin UI E2E (5, chrome)	Run Cypress	2024-12-12T15:06:26.8433144Z [92m [0m[32m 2 passing[0m[90m (9s)[0m
Admin UI E2E (5, chrome)	Run Cypress	2024-12-12T15:06:26.8433667Z 
Admin UI E2E (5, chrome)	Run Cypress	2024-12-12T15:06:28.3218806Z 
Admin UI E2E (5, chrome)	Run Cypress	2024-12-12T15:06:28.3220351Z [32m  ([4m[1mResults[22m[24m)[39m
Admin UI E2E (5, chrome)	Run Cypress	2024-12-12T15:06:28.3238645Z 
Admin UI E2E (5, chrome)	Run Cypress	2024-12-12T15:06:28.3252989Z [90m  â”Œ[39m[90mâ”€[39m[90mâ”€[39m[90mâ”€[39m[90mâ”€[39m[90mâ”€[39m[90mâ”€[39m[90mâ”€[39m[90mâ”€[39m[90mâ”€[39m[90mâ”€[39m[90mâ”€[39m[90mâ”€[39m[90mâ”€[39m[90mâ”€[39m[90mâ”€[39m[90mâ”€[39m[90mâ”€[39m[90mâ”€[39m[90mâ”€[39m[90mâ”€[39m[90mâ”€[39m[90mâ”€[39m[90mâ”€[39m[90mâ”€[39m[90mâ”€[39m[90mâ”€[39m[90mâ”€[39m[90mâ”€[39m[90mâ”€[39m[90mâ”€[39m[90mâ”€[39m[90mâ”€[39m[90mâ”€[39m[90mâ”€[39m[90mâ”€[39m[90mâ”€[39m[90mâ”€[39m[90mâ”€[39m[90mâ”€[39m[90mâ”€[39m[90mâ”€[39m[90mâ”€[39m[90mâ”€[39m[90mâ”€[39m[90mâ”€[39m[90mâ”€[39m[90mâ”€[39m[90mâ”€[39m[90mâ”€[39m[90mâ”€[39m[90mâ”€[39m[90mâ”€[39m[90mâ”€[39m[90mâ”€[39m[90mâ”€[39m[90mâ”€[39m[90mâ”€[39m[90mâ”€[39m[90mâ”€[39m[90mâ”€[39m[90mâ”€[39m[90mâ”€[39m[90mâ”€[39m[90mâ”€[39m[90mâ”€[39m[90mâ”€[39m[90mâ”€[39m[90mâ”€[39m[90mâ”€[39m[90mâ”€[39m[90mâ”€[39m[90mâ”€[39m[90mâ”€[39m[90mâ”€[39m[90mâ”€[39m[90mâ”€[39m[90mâ”€[39m[90mâ”€[39m[90mâ”€[39m[90mâ”€[39m[90mâ”€[39m[90mâ”€[39m[90mâ”€[39m[90mâ”€[39m[90mâ”€[39m[90mâ”€[39m[90mâ”€[39m[90mâ”€[39m[90mâ”€[39m[90mâ”€[39m[90mâ”€[39m[90mâ”€[39m[90mâ”€[39m[90mâ”€[39m[90mâ”€[39m[90mâ”€[39m[90mâ”[39m
Admin UI E2E (5, chrome)	Run Cypress	2024-12-12T15:06:28.3255831Z [90m  â”‚[39m [90mTests:[39m        [32m2[39m                                                                                [90mâ”‚[39m
Admin UI E2E (5, chrome)	Run Cypress	2024-12-12T15:06:28.3256686Z [90m  â”‚[39m [90mPassing:[39m      [32m2[39m                                                                                [90mâ”‚[39m
Admin UI E2E (5, chrome)	Run Cypress	2024-12-12T15:06:28.3257365Z [90m  â”‚[39m [90mFailing:[39m      [32m0[39m                                                                                [90mâ”‚[39m
Admin UI E2E (5, chrome)	Run Cypress	2024-12-12T15:06:28.3258333Z [90m  â”‚[39m [90mPending:[39m      [32m0[39m                                                                                [90mâ”‚[39m
Admin UI E2E (5, chrome)	Run Cypress	2024-12-12T15:06:28.3259250Z [90m  â”‚[39m [90mSkipped:[39m      [32m0[39m                                                                                [90mâ”‚[39m
Admin UI E2E (5, chrome)	Run Cypress	2024-12-12T15:06:28.3260239Z [90m  â”‚[39m [90mScreenshots:[39m  [32m0[39m                                                                                [90mâ”‚[39m
Admin UI E2E (5, chrome)	Run Cypress	2024-12-12T15:06:28.3260917Z [90m  â”‚[39m [90mVideo:[39m        [32mfalse[39m                                                                            [90mâ”‚[39m
Admin UI E2E (5, chrome)	Run Cypress	2024-12-12T15:06:28.3261602Z [90m  â”‚[39m [90mDuration:[39m     [32m9 seconds[39m                                                                        [90mâ”‚[39m
Admin UI E2E (5, chrome)	Run Cypress	2024-12-12T15:06:28.3262955Z [90m  â”‚[39m [90mSpec Ran:[39m     [32m[32mclient_initial_access.spec.ts[32m[39m                                                    [90mâ”‚[39m
Admin UI E2E (5, chrome)	Run Cypress	2024-12-12T15:06:28.3269737Z [90m  â””[39m[90mâ”€[39m[90mâ”€[39m[90mâ”€[39m[90mâ”€[39m[90mâ”€[39m[90mâ”€[39m[90mâ”€[39m[90mâ”€[39m[90mâ”€[39m[90mâ”€[39m[90mâ”€[39m[90mâ”€[39m[90mâ”€[39m[90mâ”€[39m[90mâ”€[39m[90mâ”€[39m[90mâ”€[39m[90mâ”€[39m[90mâ”€[39m[90mâ”€[39m[90mâ”€[39m[90mâ”€[39m[90mâ”€[39m[90mâ”€[39m[90mâ”€[39m[90mâ”€[39m[90mâ”€[39m[90mâ”€[39m[90mâ”€[39m[90mâ”€[39m[90mâ”€[39m[90mâ”€[39m[90mâ”€[39m[90mâ”€[39m[90mâ”€[39m[90mâ”€[39m[90mâ”€[39m[90mâ”€[39m[90mâ”€[39m[90mâ”€[39m[90mâ”€[39m[90mâ”€[39m[90mâ”€[39m[90mâ”€[39m[90mâ”€[39m[90mâ”€[39m[90mâ”€[39m[90mâ”€[39m[90mâ”€[39m[90mâ”€[39m[90mâ”€[39m[90mâ”€[39m[90mâ”€[39m[90mâ”€[39m[90mâ”€[39m[90mâ”€[39m[90mâ”€[39m[90mâ”€[39m[90mâ”€[39m[90mâ”€[39m[90mâ”€[39m[90mâ”€[39m[90mâ”€[39m[90mâ”€[39m[90mâ”€[39m[90mâ”€[39m[90mâ”€[39m[90mâ”€[39m[90mâ”€[39m[90mâ”€[39m[90mâ”€[39m[90mâ”€[39m[90mâ”€[39m[90mâ”€[39m[90mâ”€[39m[90mâ”€[39m[90mâ”€[39m[90mâ”€[39m[90mâ”€[39m[90mâ”€[39m[90mâ”€[39m[90mâ”€[39m[90mâ”€[39m[90mâ”€[39m[90mâ”€[39m[90mâ”€[39m[90mâ”€[39m[90mâ”€[39m[90mâ”€[39m[90mâ”€[39m[90mâ”€[39m[90mâ”€[39m[90mâ”€[39m[90mâ”€[39m[90mâ”€[39m[90mâ”€[39m[90mâ”˜[39m
Admin UI E2E (5, chrome)	Run Cypress	2024-12-12T15:06:28.3272897Z 
Admin UI E2E (5, chrome)	Run Cypress	2024-12-12T15:06:28.3613821Z 
Admin UI E2E (5, chrome)	Run Cypress	2024-12-12T15:06:28.3623397Z [90mâ”€[39m[90mâ”€[39m[90mâ”€[39m[90mâ”€[39m[90mâ”€[39m[90mâ”€[39m[90mâ”€[39m[90mâ”€[39m[90mâ”€[39m[90mâ”€[39m[90mâ”€[39m[90mâ”€[39m[90mâ”€[39m[90mâ”€[39m[90mâ”€[39m[90mâ”€[39m[90mâ”€[39m[90mâ”€[39m[90mâ”€[39m[90mâ”€[39m[90mâ”€[39m[90mâ”€[39m[90mâ”€[39m[90mâ”€[39m[90mâ”€[39m[90mâ”€[39m[90mâ”€[39m[90mâ”€[39m[90mâ”€[39m[90mâ”€[39m[90mâ”€[39m[90mâ”€[39m[90mâ”€[39m[90mâ”€[39m[90mâ”€[39m[90mâ”€[39m[90mâ”€[39m[90mâ”€[39m[90mâ”€[39m[90mâ”€[39m[90mâ”€[39m[90mâ”€[39m[90mâ”€[39m[90mâ”€[39m[90mâ”€[39m[90mâ”€[39m[90mâ”€[39m[90mâ”€[39m[90mâ”€[39m[90mâ”€[39m[90mâ”€[39m[90mâ”€[39m[90mâ”€[39m[90mâ”€[39m[90mâ”€[39m[90mâ”€[39m[90mâ”€[39m[90mâ”€[39m[90mâ”€[39m[90mâ”€[39m[90mâ”€[39m[90mâ”€[39m[90mâ”€[39m[90mâ”€[39m[90mâ”€[39m[90mâ”€[39m[90mâ”€[39m[90mâ”€[39m[90mâ”€[39m[90mâ”€[39m[90mâ”€[39m[90mâ”€[39m[90mâ”€[39m[90mâ”€[39m[90mâ”€[39m[90mâ”€[39m[90mâ”€[39m[90mâ”€[39m[90mâ”€[39m[90mâ”€[39m[90mâ”€[39m[90mâ”€[39m[90mâ”€[39m[90mâ”€[39m[90mâ”€[39m[90mâ”€[39m[90mâ”€[39m[90mâ”€[39m[90mâ”€[39m[90mâ”€[39m[90mâ”€[39m[90mâ”€[39m[90mâ”€[39m[90mâ”€[39m[90mâ”€[39m[90mâ”€[39m[90mâ”€[39m[90mâ”€[39m[90mâ”€[39m[90mâ”€[39m
Admin UI E2E (5, chrome)	Run Cypress	2024-12-12T15:06:28.3625731Z                                                                                                     
Admin UI E2E (5, chrome)	Run Cypress	2024-12-12T15:06:28.3626301Z   Running:  [90mclients_test.spec.ts[39m                                                            [90m(3 of 8)[39m
Admin UI E2E (5, chrome)	Run Cypress	2024-12-12T15:06:32.3812583Z 
Admin UI E2E (5, chrome)	Run Cypress	2024-12-12T15:06:32.3815490Z [0m[0m
Admin UI E2E (5, chrome)	Run Cypress	2024-12-12T15:06:32.3837925Z [0m  Clients test[0m
Admin UI E2E (5, chrome)	Run Cypress	2024-12-12T15:06:33.5936040Z [0m    Client creation[0m
Admin UI E2E (5, chrome)	Run Cypress	2024-12-12T15:06:38.8625527Z     [32m  âœ“[0m[90m Should cancel creating client[0m[90m (6442ms)[0m
Admin UI E2E (5, chrome)	Run Cypress	2024-12-12T15:06:47.7024752Z     [32m  âœ“[0m[90m Should check settings elements[0m[90m (8717ms)[0m
Admin UI E2E (5, chrome)	Run Cypress	2024-12-12T15:06:50.8889407Z     [32m  âœ“[0m[90m Should navigate to previous using 'back' button[0m[90m (3112ms)[0m
Admin UI E2E (5, chrome)	Run Cypress	2024-12-12T15:06:54.5292341Z     [32m  âœ“[0m[90m Should fail creating client[0m[90m (3580ms)[0m
Admin UI E2E (5, chrome)	Run Cypress	2024-12-12T15:07:03.0367484Z     [32m  âœ“[0m[90m Client CRUD test[0m[90m (8417ms)[0m
Admin UI E2E (5, chrome)	Run Cypress	2024-12-12T15:07:05.4788187Z     [32m  âœ“[0m[90m Should fail to create imported client with empty ID[0m[90m (2387ms)[0m
Admin UI E2E (5, chrome)	Run Cypress	2024-12-12T15:07:09.6560115Z     [32m  âœ“[0m[90m Should fail to create client with same ID[0m[90m (4146ms)[0m
Admin UI E2E (5, chrome)	Run Cypress	2024-12-12T15:07:11.9073783Z     [32m  âœ“[0m[90m should delete 'identical' client id[0m[90m (2212ms)[0m
Admin UI E2E (5, chrome)	Run Cypress	2024-12-12T15:07:11.9242916Z [0m    Service account tab test[0m
Admin UI E2E (5, chrome)	Run Cypress	2024-12-12T15:07:17.9893223Z     [32m  âœ“[0m[90m List[0m[90m (5982ms)[0m
Admin UI E2E (5, chrome)	Run Cypress	2024-12-12T15:07:55.9758377Z       [33m(Attempt 1 of 4)[0m Assign
Admin UI E2E (5, chrome)	Run Cypress	2024-12-12T15:08:39.1297863Z       [33m(Attempt 2 of 4)[0m Assign
Admin UI E2E (5, chrome)	Run Cypress	2024-12-12T15:09:27.3810605Z       [33m(Attempt 3 of 4)[0m Assign
Admin UI E2E (5, chrome)	Run Cypress	2024-12-12T15:10:20.4258776Z     [31m  1) Assign[0m
Admin UI E2E (5, chrome)	Run Cypress	2024-12-12T15:10:21.2344519Z [0m    Mapping tab[0m
Admin UI E2E (5, chrome)	Run Cypress	2024-12-12T15:10:27.9655689Z     [32m  âœ“[0m[90m Add mapping to openid client[0m[90m (6351ms)[0m
Admin UI E2E (5, chrome)	Run Cypress	2024-12-12T15:10:27.9842258Z [0m    Keys tab test[0m
Admin UI E2E (5, chrome)	Run Cypress	2024-12-12T15:10:34.6626022Z     [32m  âœ“[0m[90m Generate new keys[0m[90m (6413ms)[0m
Admin UI E2E (5, chrome)	Run Cypress	2024-12-12T15:10:34.6777365Z [0m    Realm client[0m
Admin UI E2E (5, chrome)	Run Cypress	2024-12-12T15:10:39.3987488Z     [32m  âœ“[0m[90m Displays the correct tabs[0m[90m (4509ms)[0m
Admin UI E2E (5, chrome)	Run Cypress	2024-12-12T15:10:43.3232154Z     [32m  âœ“[0m[90m Hides the delete action[0m[90m (3767ms)[0m
Admin UI E2E (5, chrome)	Run Cypress	2024-12-12T15:10:43.3387458Z [0m    ***
Admin UI E2E (5, chrome)	Run Cypress	2024-12-12T15:10:47.3785142Z     [32m  âœ“[0m[90m Shows an explainer text for bearer only clients[0m[90m (3993ms)[0m
Admin UI E2E (5, chrome)	Run Cypress	2024-12-12T15:10:49.9009565Z     [32m  âœ“[0m[90m Hides the capability config section[0m[90m (2318ms)[0m
Admin UI E2E (5, chrome)	Run Cypress	2024-12-12T15:10:49.9397772Z [0m    Generated home URLs for built-in clients[0m
Admin UI E2E (5, chrome)	Run Cypress	2024-12-12T15:10:51.5402981Z     [32m  âœ“[0m[90m Check account-console Home URL[0m[90m (1565ms)[0m
Admin UI E2E (5, chrome)	Run Cypress	2024-12-12T15:10:54.2990078Z     [32m  âœ“[0m[90m Check security-admin-console Home URL[0m[90m (2607ms)[0m
Admin UI E2E (5, chrome)	Run Cypress	2024-12-12T15:10:54.3232082Z [0m    Accessibility tests for clients[0m
Admin UI E2E (5, chrome)	Run Cypress	2024-12-12T15:10:57.1045248Z     [32m  âœ“[0m[90m Check a11y violations on load/ clients list tab[0m[90m (2724ms)[0m
Admin UI E2E (5, chrome)	Run Cypress	2024-12-12T15:11:01.5198913Z     [32m  âœ“[0m[90m Check a11y violations on create client page[0m[90m (4346ms)[0m
Admin UI E2E (5, chrome)	Run Cypress	2024-12-12T15:11:12.3907869Z     [32m  âœ“[0m[90m Check a11y violations on client details page[0m[90m (10739ms)[0m
Admin UI E2E (5, chrome)	Run Cypress	2024-12-12T15:11:15.1751461Z     [32m  âœ“[0m[90m Check a11y violations in delete dialog[0m[90m (2697ms)[0m
Admin UI E2E (5, chrome)	Run Cypress	2024-12-12T15:11:18.2451611Z     [32m  âœ“[0m[90m Check a11y violations on client registration/ anonymous access policies tab[0m[90m (2945ms)[0m
Admin UI E2E (5, chrome)	Run Cypress	2024-12-12T15:11:22.2709989Z     [32m  âœ“[0m[90m Check a11y violations on client registration/ authenticated access policies tab[0m[90m (3317ms)[0m
Admin UI E2E (5, chrome)	Run Cypress	2024-12-12T15:11:22.2714848Z 
Admin UI E2E (5, chrome)	Run Cypress	2024-12-12T15:11:22.2932627Z 
Admin UI E2E (5, chrome)	Run Cypress	2024-12-12T15:11:22.2936214Z [92m [0m[32m 23 passing[0m[90m (5m)[0m
Admin UI E2E (5, chrome)	Run Cypress	2024-12-12T15:11:22.2941580Z [31m  1 failing[0m
Admin UI E2E (5, chrome)	Run Cypress	2024-12-12T15:11:22.2957405Z 
Admin UI E2E (5, chrome)	Run Cypress	2024-12-12T15:11:22.2958918Z [0m  1) Clients test
Admin UI E2E (5, chrome)	Run Cypress	2024-12-12T15:11:22.2959421Z        Service account tab test
Admin UI E2E (5, chrome)	Run Cypress	2024-12-12T15:11:22.2959852Z          Assign:
Admin UI E2E (5, chrome)	Run Cypress	2024-12-12T15:11:22.2961688Z [0m[31m     AssertionError: Timed out retrying after 30000ms: expected '[ <td.pf-v5-c-table__td.pf-v5-c-table__check>, 39 more... ]' not to contain 'create-realm-75da14d5-7cd0-4c9a-ba82-b231eb974f4f'[0m[90m
Admin UI E2E (5, chrome)	Run Cypress	2024-12-12T15:11:22.2963523Z       at Context.eval (webpack://@keycloak/keycloak-admin-ui/./cypress/support/pages/admin-ui/manage/RoleMappingTab.ts:90:0)
Admin UI E2E (5, chrome)	Run Cypress	2024-12-12T15:11:22.2964465Z [0m
Admin UI E2E (5, chrome)	Run Cypress	2024-12-12T15:11:22.2964632Z 
Admin UI E2E (5, chrome)	Run Cypress	2024-12-12T15:11:22.2964644Z 
Admin UI E2E (5, chrome)	Run Cypress	2024-12-12T15:11:23.3245119Z 
Admin UI E2E (5, chrome)	Run Cypress	2024-12-12T15:11:23.3246537Z [31m  ([4m[1mResults[22m[24m)[39m
Admin UI E2E (5, chrome)	Run Cypress	2024-12-12T15:11:23.3265003Z 
Admin UI E2E (5, chrome)	Run Cypress	2024-12-12T15:11:23.3281333Z [90m  â”Œ[39m[90mâ”€[39m[90mâ”€[39m[90mâ”€[39m[90mâ”€[39m[90mâ”€[39m[90mâ”€[39m[90mâ”€[39m[90mâ”€[39m[90mâ”€[39m[90mâ”€[39m[90mâ”€[39m[90mâ”€[39m[90mâ”€[39m[90mâ”€[39m[90mâ”€[39m[90mâ”€[39m[90mâ”€[39m[90mâ”€[39m[90mâ”€[39m[90mâ”€[39m[90mâ”€[39m[90mâ”€[39m[90mâ”€[39m[90mâ”€[39m[90mâ”€[39m[90mâ”€[39m[90mâ”€[39m[90mâ”€[39m[90mâ”€[39m[90mâ”€[39m[90mâ”€[39m[90mâ”€[39m[90mâ”€[39m[90mâ”€[39m[90mâ”€[39m[90mâ”€[39m[90mâ”€[39m[90mâ”€[39m[90mâ”€[39m[90mâ”€[39m[90mâ”€[39m[90mâ”€[39m[90mâ”€[39m[90mâ”€[39m[90mâ”€[39m[90mâ”€[39m[90mâ”€[39m[90mâ”€[39m[90mâ”€[39m[90mâ”€[39m[90mâ”€[39m[90mâ”€[39m[90mâ”€[39m[90mâ”€[39m[90mâ”€[39m[90mâ”€[39m[90mâ”€[39m[90mâ”€[39m[90mâ”€[39m[90mâ”€[39m[90mâ”€[39m[90mâ”€[39m[90mâ”€[39m[90mâ”€[39m[90mâ”€[39m[90mâ”€[39m[90mâ”€[39m[90mâ”€[39m[90mâ”€[39m[90mâ”€[39m[90mâ”€[39m[90mâ”€[39m[90mâ”€[39m[90mâ”€[39m[90mâ”€[39m[90mâ”€[39m[90mâ”€[39m[90mâ”€[39m[90mâ”€[39m[90mâ”€[39m[90mâ”€[39m[90mâ”€[39m[90mâ”€[39m[90mâ”€[39m[90mâ”€[39m[90mâ”€[39m[90mâ”€[39m[90mâ”€[39m[90mâ”€[39m[90mâ”€[39m[90mâ”€[39m[90mâ”€[39m[90mâ”€[39m[90mâ”€[39m[90mâ”€[39m[90mâ”€[39m[90mâ”[39m
Admin UI E2E (5, chrome)	Run Cypress	2024-12-12T15:11:23.3287176Z [90m  â”‚[39m [90mTests:[39m        [31m24[39m                                                                               [90mâ”‚[39m
Admin UI E2E (5, chrome)	Run Cypress	2024-12-12T15:11:23.3288691Z [90m  â”‚[39m [90mPassing:[39m      [31m23[39m                                                                               [90mâ”‚[39m
Admin UI E2E (5, chrome)	Run Cypress	2024-12-12T15:11:23.3290209Z [90m  â”‚[39m [90mFailing:[39m      [31m1[39m                                                                                [90mâ”‚[39m
Admin UI E2E (5, chrome)	Run Cypress	2024-12-12T15:11:23.3291588Z [90m  â”‚[39m [90mPending:[39m      [31m0[39m                                                                                [90mâ”‚[39m
Admin UI E2E (5, chrome)	Run Cypress	2024-12-12T15:11:23.3292995Z [90m  â”‚[39m [90mSkipped:[39m      [31m0[39m                                                                                [90mâ”‚[39m
Admin UI E2E (5, chrome)	Run Cypress	2024-12-12T15:11:23.3294092Z [90m  â”‚[39m [90mScreenshots:[39m  [31m4[39m                                                                                [90mâ”‚[39m
Admin UI E2E (5, chrome)	Run Cypress	2024-12-12T15:11:23.3295028Z [90m  â”‚[39m [90mVideo:[39m        [31mtrue[39m                                                                             [90mâ”‚[39m
Admin UI E2E (5, chrome)	Run Cypress	2024-12-12T15:11:23.3296306Z [90m  â”‚[39m [90mDuration:[39m     [31m4 minutes, 49 seconds[39m                                                            [90mâ”‚[39m
Admin UI E2E (5, chrome)	Run Cypress	2024-12-12T15:11:23.3298071Z [90m  â”‚[39m [90mSpec Ran:[39m     [31m[31mclients_test.spec.ts[31m[39m                                                             [90mâ”‚[39m
Admin UI E2E (5, chrome)	Run Cypress	2024-12-12T15:11:23.3304713Z [90m  â””[39m[90mâ”€[39m[90mâ”€[39m[90mâ”€[39m[90mâ”€[39m[90mâ”€[39m[90mâ”€[39m[90mâ”€[39m[90mâ”€[39m[90mâ”€[39m[90mâ”€[39m[90mâ”€[39m[90mâ”€[39m[90mâ”€[39m[90mâ”€[39m[90mâ”€[39m[90mâ”€[39m[90mâ”€[39m[90mâ”€[39m[90mâ”€[39m[90mâ”€[39m[90mâ”€[39m[90mâ”€[39m[90mâ”€[39m[90mâ”€[39m[90mâ”€[39m[90mâ”€[39m[90mâ”€[39m[90mâ”€[39m[90mâ”€[39m[90mâ”€[39m[90mâ”€[39m[90mâ”€[39m[90mâ”€[39m[90mâ”€[39m[90mâ”€[39m[90mâ”€[39m[90mâ”€[39m[90mâ”€[39m[90mâ”€[39m[90mâ”€[39m[90mâ”€[39m[90mâ”€[39m[90mâ”€[39m[90mâ”€[39m[90mâ”€[39m[90mâ”€[39m[90mâ”€[39m[90mâ”€[39m[90mâ”€[39m[90mâ”€[39m[90mâ”€[39m[90mâ”€[39m[90mâ”€[39m[90mâ”€[39m[90mâ”€[39m[90mâ”€[39m[90mâ”€[39m[90mâ”€[39m[90mâ”€[39m[90mâ”€[39m[90mâ”€[39m[90mâ”€[39m[90mâ”€[39m[90mâ”€[39m[90mâ”€[39m[90mâ”€[39m[90mâ”€[39m[90mâ”€[39m[90mâ”€[39m[90mâ”€[39m[90mâ”€[39m[90mâ”€[39m[90mâ”€[39m[90mâ”€[39m[90mâ”€[39m[90mâ”€[39m[90mâ”€[39m[90mâ”€[39m[90mâ”€[39m[90mâ”€[39m[90mâ”€[39m[90mâ”€[39m[90mâ”€[39m[90mâ”€[39m[90mâ”€[39m[90mâ”€[39m[90mâ”€[39m[90mâ”€[39m[90mâ”€[39m[90mâ”€[39m[90mâ”€[39m[90mâ”€[39m[90mâ”€[39m[90mâ”€[39m[90mâ”€[39m[90mâ”€[39m[90mâ”˜[39m
Admin UI E2E (5, chrome)	Run Cypress	2024-12-12T15:11:23.3308758Z 
Admin UI E2E (5, chrome)	Run Cypress	2024-12-12T15:11:23.3308878Z 
Admin UI E2E (5, chrome)	Run Cypress	2024-12-12T15:11:23.3309254Z [33m  ([4m[1mScreenshots[22m[24m)[39m
Admin UI E2E (5, chrome)	Run Cypress	2024-12-12T15:11:23.3309565Z 
Admin UI E2E (5, chrome)	Run Cypress	2024-12-12T15:11:23.3310712Z [90m [39m -  [0m/home/runner/work/keycloak/keycloak/js/apps/admin-ui/cypress/screenshots/clients[0m     [90m[90m(1280x581)[90m[39m
Admin UI E2E (5, chrome)	Run Cypress	2024-12-12T15:11:23.3312377Z [90m [39m    [0m_test.spec.ts/Clients test -- Service account tab test -- Assign (failed).png[0m                  
Admin UI E2E (5, chrome)	Run Cypress	2024-12-12T15:11:23.3314050Z [90m [39m -  [0m/home/runner/work/keycloak/keycloak/js/apps/admin-ui/cypress/screenshots/clients[0m     [90m[90m(1280x581)[90m[39m
Admin UI E2E (5, chrome)	Run Cypress	2024-12-12T15:11:23.3315947Z [90m [39m    [0m_test.spec.ts/Clients test -- Service account tab test -- Assign (failed) (attem[0m               
Admin UI E2E (5, chrome)	Run Cypress	2024-12-12T15:11:23.3317338Z [90m [39m    [0mpt 2).png[0m                                                                                      
Admin UI E2E (5, chrome)	Run Cypress	2024-12-12T15:11:23.3318838Z [90m [39m -  [0m/home/runner/work/keycloak/keycloak/js/apps/admin-ui/cypress/screenshots/clients[0m     [90m[90m(1280x581)[90m[39m
Admin UI E2E (5, chrome)	Run Cypress	2024-12-12T15:11:23.3320509Z [90m [39m    [0m_test.spec.ts/Clients test -- Service account tab test -- Assign (failed) (attem[0m               
Admin UI E2E (5, chrome)	Run Cypress	2024-12-12T15:11:23.3321809Z [90m [39m    [0mpt 3).png[0m                                                                                      
Admin UI E2E (5, chrome)	Run Cypress	2024-12-12T15:11:23.3323349Z [90m [39m -  [0m/home/runner/work/keycloak/keycloak/js/apps/admin-ui/cypress/screenshots/clients[0m     [90m[90m(1280x581)[90m[39m
Admin UI E2E (5, chrome)	Run Cypress	2024-12-12T15:11:23.3325051Z [90m [39m    [0m_test.spec.ts/Clients test -- Service account tab test -- Assign (failed) (attem[0m               
Admin UI E2E (5, chrome)	Run Cypress	2024-12-12T15:11:23.3326677Z [90m [39m    [0mpt 4).png[0m                                                                                      
Admin UI E2E (5, chrome)	Run Cypress	2024-12-12T15:11:23.3327236Z 
Admin UI E2E (5, chrome)	Run Cypress	2024-12-12T15:11:23.3735539Z 
Admin UI E2E (5, chrome)	Run Cypress	2024-12-12T15:11:23.3737369Z [36m  ([4m[1mVideo[22m[24m)[39m
Admin UI E2E (5, chrome)	Run Cypress	2024-12-12T15:11:23.3737676Z 
Admin UI E2E (5, chrome)	Run Cypress	2024-12-12T15:11:23.3738503Z   -  Video output: [36m/home/runner/work/keycloak/keycloak/js/apps/admin-ui/cypress/videos/clients_test.spec.ts.mp4[39m
Admin UI E2E (5, chrome)	Run Cypress	2024-12-12T15:11:23.3739202Z 
Admin UI E2E (5, chrome)	Run Cypress	2024-12-12T15:11:23.3740553Z 
Admin UI E2E (5, chrome)	Run Cypress	2024-12-12T15:11:23.3752541Z [90mâ”€[39m[90mâ”€[39m[90mâ”€[39m[90mâ”€[39m[90mâ”€[39m[90mâ”€[39m[90mâ”€[39m[90mâ”€[39m[90mâ”€[39m[90mâ”€[39m[90mâ”€[39m[90mâ”€[39m[90mâ”€[39m[90mâ”€[39m[90mâ”€[39m[90mâ”€[39m[90mâ”€[39m[90mâ”€[39m[90mâ”€[39m[90mâ”€[39m[90mâ”€[39m[90mâ”€[39m[90mâ”€[39m[90mâ”€[39m[90mâ”€[39m[90mâ”€[39m[90mâ”€[39m[90mâ”€[39m[90mâ”€[39m[90mâ”€[39m[90mâ”€[39m[90mâ”€[39m[90mâ”€[39m[90mâ”€[39m[90mâ”€[39m[90mâ”€[39m[90mâ”€[39m[90mâ”€[39m[90mâ”€[39m[90mâ”€[39m[90mâ”€[39m[90mâ”€[39m[90mâ”€[39m[90mâ”€[39m[90mâ”€[39m[90mâ”€[39m[90mâ”€[39m[90mâ”€[39m[90mâ”€[39m[90mâ”€[39m[90mâ”€[39m[90mâ”€[39m[90mâ”€[39m[90mâ”€[39m[90mâ”€[39m[90mâ”€[39m[90mâ”€[39m[90mâ”€[39m[90mâ”€[39m[90mâ”€[39m[90mâ”€[39m[90mâ”€[39m[90mâ”€[39m[90mâ”€[39m[90mâ”€[39m[90mâ”€[39m[90mâ”€[39m[90mâ”€[39m[90mâ”€[39m[90mâ”€[39m[90mâ”€[39m[90mâ”€[39m[90mâ”€[39m[90mâ”€[39m[90mâ”€[39m[90mâ”€[39m[90mâ”€[39m[90mâ”€[39m[90mâ”€[39m[90mâ”€[39m[90mâ”€[39m[90mâ”€[39m[90mâ”€[39m[90mâ”€[39m[90mâ”€[39m[90mâ”€[39m[90mâ”€[39m[90mâ”€[39m[90mâ”€[39m[90mâ”€[39m[90mâ”€[39m[90mâ”€[39m[90mâ”€[39m[90mâ”€[39m[90mâ”€[39m[90mâ”€[39m[90mâ”€[39m[90mâ”€[39m[90mâ”€[39m[90mâ”€[39m
Admin UI E2E (5, chrome)	Run Cypress	2024-12-12T15:11:23.3757350Z                                                                                                     
Admin UI E2E (5, chrome)	Run Cypress	2024-12-12T15:11:23.3758392Z   Running:  [90midentity_providers_saml_test.spec.ts[39m                                            [90m(4 of 8)[39m
Admin UI E2E (5, chrome)	Run Cypress	2024-12-12T15:11:26.4931586Z 
Admin UI E2E (5, chrome)	Run Cypress	2024-12-12T15:11:26.4936915Z [0m[0m
Admin UI E2E (5, chrome)	Run Cypress	2024-12-12T15:11:26.5025985Z [0m  SAML identity provider test[0m
Admin UI E2E (5, chrome)	Run Cypress	2024-12-12T15:11:26.5027502Z [0m    SAML identity provider creation[0m
Admin UI E2E (5, chrome)	Run Cypress	2024-12-12T15:11:34.3880476Z     [32m  âœ“[0m[90m should create a SAML provider using entity descriptor[0m[90m (7762ms)[0m
Admin UI E2E (5, chrome)	Run Cypress	2024-12-12T15:11:38.1585740Z     [32m  âœ“[0m[90m should add auth constraints to existing SAML provider[0m[90m (3690ms)[0m
Admin UI E2E (5, chrome)	Run Cypress	2024-12-12T15:11:42.5612169Z     [32m  âœ“[0m[90m should add SAML mapper of type Advanced Attribute to Role[0m[90m (4329ms)[0m
Admin UI E2E (5, chrome)	Run Cypress	2024-12-12T15:11:46.0615570Z     [32m  âœ“[0m[90m should add SAML mapper of type Username Template Importer[0m[90m (3468ms)[0m
Admin UI E2E (5, chrome)	Run Cypress	2024-12-12T15:11:49.9419465Z     [32m  âœ“[0m[90m should add SAML mapper of type Hardcoded User Session Attribute[0m[90m (3852ms)[0m
Admin UI E2E (5, chrome)	Run Cypress	2024-12-12T15:11:54.7912303Z     [32m  âœ“[0m[90m should add SAML mapper of type Attribute Importer[0m[90m (4804ms)[0m
Admin UI E2E (5, chrome)	Run Cypress	2024-12-12T15:11:58.4420204Z     [32m  âœ“[0m[90m should add SAML mapper of type Hardcoded Role[0m[90m (3593ms)[0m
Admin UI E2E (5, chrome)	Run Cypress	2024-12-12T15:12:02.7363276Z     [32m  âœ“[0m[90m should add SAML mapper of type Hardcoded Attribute[0m[90m (4213ms)[0m
Admin UI E2E (5, chrome)	Run Cypress	2024-12-12T15:12:05.7975318Z     [32m  âœ“[0m[90m should add SAML mapper of type SAML Attribute To Role[0m[90m (3023ms)[0m
Admin UI E2E (5, chrome)	Run Cypress	2024-12-12T15:12:08.9388587Z     [32m  âœ“[0m[90m should edit Username Template Importer mapper[0m[90m (3111ms)[0m
Admin UI E2E (5, chrome)	Run Cypress	2024-12-12T15:12:12.5126055Z     [32m  âœ“[0m[90m should edit SAML mapper[0m[90m (3533ms)[0m
Admin UI E2E (5, chrome)	Run Cypress	2024-12-12T15:12:23.8946205Z     [32m  âœ“[0m[90m should edit SAML settings[0m[90m (11333ms)[0m
Admin UI E2E (5, chrome)	Run Cypress	2024-12-12T15:12:25.6315485Z     [32m  âœ“[0m[90m clean up providers[0m[90m (1694ms)[0m
Admin UI E2E (5, chrome)	Run Cypress	2024-12-12T15:12:25.6316256Z 
Admin UI E2E (5, chrome)	Run Cypress	2024-12-12T15:12:25.6452486Z 
Admin UI E2E (5, chrome)	Run Cypress	2024-12-12T15:12:25.6453950Z [92m [0m[32m 13 passing[0m[90m (59s)[0m
Admin UI E2E (5, chrome)	Run Cypress	2024-12-12T15:12:25.6454730Z 
Admin UI E2E (5, chrome)	Run Cypress	2024-12-12T15:12:26.6675355Z 
Admin UI E2E (5, chrome)	Run Cypress	2024-12-12T15:12:26.6676595Z [32m  ([4m[1mResults[22m[24m)[39m
Admin UI E2E (5, chrome)	Run Cypress	2024-12-12T15:12:26.6694811Z 
Admin UI E2E (5, chrome)	Run Cypress	2024-12-12T15:12:26.6708843Z [90m  â”Œ[39m[90mâ”€[39m[90mâ”€[39m[90mâ”€[39m[90mâ”€[39m[90mâ”€[39m[90mâ”€[39m[90mâ”€[39m[90mâ”€[39m[90mâ”€[39m[90mâ”€[39m[90mâ”€[39m[90mâ”€[39m[90mâ”€[39m[90mâ”€[39m[90mâ”€[39m[90mâ”€[39m[90mâ”€[39m[90mâ”€[39m[90mâ”€[39m[90mâ”€[39m[90mâ”€[39m[90mâ”€[39m[90mâ”€[39m[90mâ”€[39m[90mâ”€[39m[90mâ”€[39m[90mâ”€[39m[90mâ”€[39m[90mâ”€[39m[90mâ”€[39m[90mâ”€[39m[90mâ”€[39m[90mâ”€[39m[90mâ”€[39m[90mâ”€[39m[90mâ”€[39m[90mâ”€[39m[90mâ”€[39m[90mâ”€[39m[90mâ”€[39m[90mâ”€[39m[90mâ”€[39m[90mâ”€[39m[90mâ”€[39m[90mâ”€[39m[90mâ”€[39m[90mâ”€[39m[90mâ”€[39m[90mâ”€[39m[90mâ”€[39m[90mâ”€[39m[90mâ”€[39m[90mâ”€[39m[90mâ”€[39m[90mâ”€[39m[90mâ”€[39m[90mâ”€[39m[90mâ”€[39m[90mâ”€[39m[90mâ”€[39m[90mâ”€[39m[90mâ”€[39m[90mâ”€[39m[90mâ”€[39m[90mâ”€[39m[90mâ”€[39m[90mâ”€[39m[90mâ”€[39m[90mâ”€[39m[90mâ”€[39m[90mâ”€[39m[90mâ”€[39m[90mâ”€[39m[90mâ”€[39m[90mâ”€[39m[90mâ”€[39m[90mâ”€[39m[90mâ”€[39m[90mâ”€[39m[90mâ”€[39m[90mâ”€[39m[90mâ”€[39m[90mâ”€[39m[90mâ”€[39m[90mâ”€[39m[90mâ”€[39m[90mâ”€[39m[90mâ”€[39m[90mâ”€[39m[90mâ”€[39m[90mâ”€[39m[90mâ”€[39m[90mâ”€[39m[90mâ”€[39m[90mâ”€[39m[90mâ”€[39m[90mâ”[39m
Admin UI E2E (5, chrome)	Run Cypress	2024-12-12T15:12:26.6713143Z [90m  â”‚[39m [90mTests:[39m        [32m13[39m                                                                               [90mâ”‚[39m
Admin UI E2E (5, chrome)	Run Cypress	2024-12-12T15:12:26.6714309Z [90m  â”‚[39m [90mPassing:[39m      [32m13[39m                                                                               [90mâ”‚[39m
Admin UI E2E (5, chrome)	Run Cypress	2024-12-12T15:12:26.6715415Z [90m  â”‚[39m [90mFailing:[39m      [32m0[39m                                                                                [90mâ”‚[39m
Admin UI E2E (5, chrome)	Run Cypress	2024-12-12T15:12:26.6716787Z [90m  â”‚[39m [90mPending:[39m      [32m0[39m                                                                                [90mâ”‚[39m
Admin UI E2E (5, chrome)	Run Cypress	2024-12-12T15:12:26.6717946Z [90m  â”‚[39m [90mSkipped:[39m      [32m0[39m                                                                                [90mâ”‚[39m
Admin UI E2E (5, chrome)	Run Cypress	2024-12-12T15:12:26.6719162Z [90m  â”‚[39m [90mScreenshots:[39m  [32m0[39m                                                                                [90mâ”‚[39m
Admin UI E2E (5, chrome)	Run Cypress	2024-12-12T15:12:26.6720424Z [90m  â”‚[39m [90mVideo:[39m        [32mfalse[39m                                                                            [90mâ”‚[39m
Admin UI E2E (5, chrome)	Run Cypress	2024-12-12T15:12:26.6722001Z [90m  â”‚[39m [90mDuration:[39m     [32m59 seconds[39m                                                                       [90mâ”‚[39m
Admin UI E2E (5, chrome)	Run Cypress	2024-12-12T15:12:26.6723311Z [90m  â”‚[39m [90mSpec Ran:[39m     [32m[32midentity_providers_saml_test.spec.ts[32m[39m                                             [90mâ”‚[39m
Admin UI E2E (5, chrome)	Run Cypress	2024-12-12T15:12:26.6730161Z [90m  â””[39m[90mâ”€[39m[90mâ”€[39m[90mâ”€[39m[90mâ”€[39m[90mâ”€[39m[90mâ”€[39m[90mâ”€[39m[90mâ”€[39m[90mâ”€[39m[90mâ”€[39m[90mâ”€[39m[90mâ”€[39m[90mâ”€[39m[90mâ”€[39m[90mâ”€[39m[90mâ”€[39m[90mâ”€[39m[90mâ”€[39m[90mâ”€[39m[90mâ”€[39m[90mâ”€[39m[90mâ”€[39m[90mâ”€[39m[90mâ”€[39m[90mâ”€[39m[90mâ”€[39m[90mâ”€[39m[90mâ”€[39m[90mâ”€[39m[90mâ”€[39m[90mâ”€[39m[90mâ”€[39m[90mâ”€[39m[90mâ”€[39m[90mâ”€[39m[90mâ”€[39m[90mâ”€[39m[90mâ”€[39m[90mâ”€[39m[90mâ”€[39m[90mâ”€[39m[90mâ”€[39m[90mâ”€[39m[90mâ”€[39m[90mâ”€[39m[90mâ”€[39m[90mâ”€[39m[90mâ”€[39m[90mâ”€[39m[90mâ”€[39m[90mâ”€[39m[90mâ”€[39m[90mâ”€[39m[90mâ”€[39m[90mâ”€[39m[90mâ”€[39m[90mâ”€[39m[90mâ”€[39m[90mâ”€[39m[90mâ”€[39m[90mâ”€[39m[90mâ”€[39m[90mâ”€[39m[90mâ”€[39m[90mâ”€[39m[90mâ”€[39m[90mâ”€[39m[90mâ”€[39m[90mâ”€[39m[90mâ”€[39m[90mâ”€[39m[90mâ”€[39m[90mâ”€[39m[90mâ”€[39m[90mâ”€[39m[90mâ”€[39m[90mâ”€[39m[90mâ”€[39m[90mâ”€[39m[90mâ”€[39m[90mâ”€[39m[90mâ”€[39m[90mâ”€[39m[90mâ”€[39m[90mâ”€[39m[90mâ”€[39m[90mâ”€[39m[90mâ”€[39m[90mâ”€[39m[90mâ”€[39m[90mâ”€[39m[90mâ”€[39m[90mâ”€[39m[90mâ”€[39m[90mâ”€[39m[90mâ”€[39m[90mâ”˜[39m
Admin UI E2E (5, chrome)	Run Cypress	2024-12-12T15:12:26.6734066Z 
Admin UI E2E (5, chrome)	Run Cypress	2024-12-12T15:12:26.7052821Z 
Admin UI E2E (5, chrome)	Run Cypress	2024-12-12T15:12:26.7064105Z [90mâ”€[39m[90mâ”€[39m[90mâ”€[39m[90mâ”€[39m[90mâ”€[39m[90mâ”€[39m[90mâ”€[39m[90mâ”€[39m[90mâ”€[39m[90mâ”€[39m[90mâ”€[39m[90mâ”€[39m[90mâ”€[39m[90mâ”€[39m[90mâ”€[39m[90mâ”€[39m[90mâ”€[39m[90mâ”€[39m[90mâ”€[39m[90mâ”€[39m[90mâ”€[39m[90mâ”€[39m[90mâ”€[39m[90mâ”€[39m[90mâ”€[39m[90mâ”€[39m[90mâ”€[39m[90mâ”€[39m[90mâ”€[39m[90mâ”€[39m[90mâ”€[39m[90mâ”€[39m[90mâ”€[39m[90mâ”€[39m[90mâ”€[39m[90mâ”€[39m[90mâ”€[39m[90mâ”€[39m[90mâ”€[39m[90mâ”€[39m[90mâ”€[39m[90mâ”€[39m[90mâ”€[39m[90mâ”€[39m[90mâ”€[39m[90mâ”€[39m[90mâ”€[39m[90mâ”€[39m[90mâ”€[39m[90mâ”€[39m[90mâ”€[39m[90mâ”€[39m[90mâ”€[39m[90mâ”€[39m[90mâ”€[39m[90mâ”€[39m[90mâ”€[39m[90mâ”€[39m[90mâ”€[39m[90mâ”€[39m[90mâ”€[39m[90mâ”€[39m[90mâ”€[39m[90mâ”€[39m[90mâ”€[39m[90mâ”€[39m[90mâ”€[39m[90mâ”€[39m[90mâ”€[39m[90mâ”€[39m[90mâ”€[39m[90mâ”€[39m[90mâ”€[39m[90mâ”€[39m[90mâ”€[39m[90mâ”€[39m[90mâ”€[39m[90mâ”€[39m[90mâ”€[39m[90mâ”€[39m[90mâ”€[39m[90mâ”€[39m[90mâ”€[39m[90mâ”€[39m[90mâ”€[39m[90mâ”€[39m[90mâ”€[39m[90mâ”€[39m[90mâ”€[39m[90mâ”€[39m[90mâ”€[39m[90mâ”€[39m[90mâ”€[39m[90mâ”€[39m[90mâ”€[39m[90mâ”€[39m[90mâ”€[39m[90mâ”€[39m[90mâ”€[39m[90mâ”€[39m
Admin UI E2E (5, chrome)	Run Cypress	2024-12-12T15:12:26.7068897Z                                                                                                     
Admin UI E2E (5, chrome)	Run Cypress	2024-12-12T15:12:26.7070000Z   Running:  [90musers_attribute_search_test.spec.ts[39m                                             [90m(5 of 8)[39m
Admin UI E2E (5, chrome)	Run Cypress	2024-12-12T15:12:30.5457552Z 
Admin UI E2E (5, chrome)	Run Cypress	2024-12-12T15:12:30.5458944Z [0m[0m
Admin UI E2E (5, chrome)	Run Cypress	2024-12-12T15:12:30.5483925Z [0m  Query by user attributes[0m
Admin UI E2E (5, chrome)	Run Cypress	2024-12-12T15:12:35.7240416Z   [32m  âœ“[0m[90m Query with one attribute condition[0m[90m (5137ms)[0m
Admin UI E2E (5, chrome)	Run Cypress	2024-12-12T15:12:38.5445894Z   [32m  âœ“[0m[90m Query with two attribute conditions[0m[90m (2635ms)[0m
Admin UI E2E (5, chrome)	Run Cypress	2024-12-12T15:12:38.5453554Z 
Admin UI E2E (5, chrome)	Run Cypress	2024-12-12T15:12:38.5589166Z 
Admin UI E2E (5, chrome)	Run Cypress	2024-12-12T15:12:38.5590520Z [92m [0m[32m 2 passing[0m[90m (8s)[0m
Admin UI E2E (5, chrome)	Run Cypress	2024-12-12T15:12:38.5591197Z 
Admin UI E2E (5, chrome)	Run Cypress	2024-12-12T15:12:40.0274589Z 
Admin UI E2E (5, chrome)	Run Cypress	2024-12-12T15:12:40.0275792Z [32m  ([4m[1mResults[22m[24m)[39m
Admin UI E2E (5, chrome)	Run Cypress	2024-12-12T15:12:40.0281400Z 
Admin UI E2E (5, chrome)	Run Cypress	2024-12-12T15:12:40.0292861Z [90m  â”Œ[39m[90mâ”€[39m[90mâ”€[39m[90mâ”€[39m[90mâ”€[39m[90mâ”€[39m[90mâ”€[39m[90mâ”€[39m[90mâ”€[39m[90mâ”€[39m[90mâ”€[39m[90mâ”€[39m[90mâ”€[39m[90mâ”€[39m[90mâ”€[39m[90mâ”€[39m[90mâ”€[39m[90mâ”€[39m[90mâ”€[39m[90mâ”€[39m[90mâ”€[39m[90mâ”€[39m[90mâ”€[39m[90mâ”€[39m[90mâ”€[39m[90mâ”€[39m[90mâ”€[39m[90mâ”€[39m[90mâ”€[39m[90mâ”€[39m[90mâ”€[39m[90mâ”€[39m[90mâ”€[39m[90mâ”€[39m[90mâ”€[39m[90mâ”€[39m[90mâ”€[39m[90mâ”€[39m[90mâ”€[39m[90mâ”€[39m[90mâ”€[39m[90mâ”€[39m[90mâ”€[39m[90mâ”€[39m[90mâ”€[39m[90mâ”€[39m[90mâ”€[39m[90mâ”€[39m[90mâ”€[39m[90mâ”€[39m[90mâ”€[39m[90mâ”€[39m[90mâ”€[39m[90mâ”€[39m[90mâ”€[39m[90mâ”€[39m[90mâ”€[39m[90mâ”€[39m[90mâ”€[39m[90mâ”€[39m[90mâ”€[39m[90mâ”€[39m[90mâ”€[39m[90mâ”€[39m[90mâ”€[39m[90mâ”€[39m[90mâ”€[39m[90mâ”€[39m[90mâ”€[39m[90mâ”€[39m[90mâ”€[39m[90mâ”€[39m[90mâ”€[39m[90mâ”€[39m[90mâ”€[39m[90mâ”€[39m[90mâ”€[39m[90mâ”€[39m[90mâ”€[39m[90mâ”€[39m[90mâ”€[39m[90mâ”€[39m[90mâ”€[39m[90mâ”€[39m[90mâ”€[39m[90mâ”€[39m[90mâ”€[39m[90mâ”€[39m[90mâ”€[39m[90mâ”€[39m[90mâ”€[39m[90mâ”€[39m[90mâ”€[39m[90mâ”€[39m[90mâ”€[39m[90mâ”€[39m[90mâ”€[39m[90mâ”[39m
Admin UI E2E (5, chrome)	Run Cypress	2024-12-12T15:12:40.0296089Z [90m  â”‚[39m [90mTests:[39m        [32m2[39m                                                                                [90mâ”‚[39m
Admin UI E2E (5, chrome)	Run Cypress	2024-12-12T15:12:40.0297044Z [90m  â”‚[39m [90mPassing:[39m      [32m2[39m                                                                                [90mâ”‚[39m
Admin UI E2E (5, chrome)	Run Cypress	2024-12-12T15:12:40.0297762Z [90m  â”‚[39m [90mFailing:[39m      [32m0[39m                                                                                [90mâ”‚[39m
Admin UI E2E (5, chrome)	Run Cypress	2024-12-12T15:12:40.0298421Z [90m  â”‚[39m [90mPending:[39m      [32m0[39m                                                                                [90mâ”‚[39m
Admin UI E2E (5, chrome)	Run Cypress	2024-12-12T15:12:40.0299444Z [90m  â”‚[39m [90mSkipped:[39m      [32m0[39m                                                                                [90mâ”‚[39m
Admin UI E2E (5, chrome)	Run Cypress	2024-12-12T15:12:40.0300143Z [90m  â”‚[39m [90mScreenshots:[39m  [32m0[39m                                                                                [90mâ”‚[39m
Admin UI E2E (5, chrome)	Run Cypress	2024-12-12T15:12:40.0300822Z [90m  â”‚[39m [90mVideo:[39m        [32mfalse[39m                                                                            [90mâ”‚[39m
Admin UI E2E (5, chrome)	Run Cypress	2024-12-12T15:12:40.0301519Z [90m  â”‚[39m [90mDuration:[39m     [32m8 seconds[39m                                                                        [90mâ”‚[39m
Admin UI E2E (5, chrome)	Run Cypress	2024-12-12T15:12:40.0302360Z [90m  â”‚[39m [90mSpec Ran:[39m     [32m[32musers_attribute_search_test.spec.ts[32m[39m                                              [90mâ”‚[39m
Admin UI E2E (5, chrome)	Run Cypress	2024-12-12T15:12:40.0308322Z [90m  â””[39m[90mâ”€[39m[90mâ”€[39m[90mâ”€[39m[90mâ”€[39m[90mâ”€[39m[90mâ”€[39m[90mâ”€[39m[90mâ”€[39m[90mâ”€[39m[90mâ”€[39m[90mâ”€[39m[90mâ”€[39m[90mâ”€[39m[90mâ”€[39m[90mâ”€[39m[90mâ”€[39m[90mâ”€[39m[90mâ”€[39m[90mâ”€[39m[90mâ”€[39m[90mâ”€[39m[90mâ”€[39m[90mâ”€[39m[90mâ”€[39m[90mâ”€[39m[90mâ”€[39m[90mâ”€[39m[90mâ”€[39m[90mâ”€[39m[90mâ”€[39m[90mâ”€[39m[90mâ”€[39m[90mâ”€[39m[90mâ”€[39m[90mâ”€[39m[90mâ”€[39m[90mâ”€[39m[90mâ”€[39m[90mâ”€[39m[90mâ”€[39m[90mâ”€[39m[90mâ”€[39m[90mâ”€[39m[90mâ”€[39m[90mâ”€[39m[90mâ”€[39m[90mâ”€[39m[90mâ”€[39m[90mâ”€[39m[90mâ”€[39m[90mâ”€[39m[90mâ”€[39m[90mâ”€[39m[90mâ”€[39m[90mâ”€[39m[90mâ”€[39m[90mâ”€[39m[90mâ”€[39m[90mâ”€[39m[90mâ”€[39m[90mâ”€[39m[90mâ”€[39m[90mâ”€[39m[90mâ”€[39m[90mâ”€[39m[90mâ”€[39m[90mâ”€[39m[90mâ”€[39m[90mâ”€[39m[90mâ”€[39m[90mâ”€[39m[90mâ”€[39m[90mâ”€[39m[90mâ”€[39m[90mâ”€[39m[90mâ”€[39m[90mâ”€[39m[90mâ”€[39m[90mâ”€[39m[90mâ”€[39m[90mâ”€[39m[90mâ”€[39m[90mâ”€[39m[90mâ”€[39m[90mâ”€[39m[90mâ”€[39m[90mâ”€[39m[90mâ”€[39m[90mâ”€[39m[90mâ”€[39m[90mâ”€[39m[90mâ”€[39m[90mâ”€[39m[90mâ”€[39m[90mâ”€[39m[90mâ”€[39m[90mâ”˜[39m
Admin UI E2E (5, chrome)	Run Cypress	2024-12-12T15:12:40.0312296Z 
Admin UI E2E (5, chrome)	Run Cypress	2024-12-12T15:12:40.0630339Z 
Admin UI E2E (5, chrome)	Run Cypress	2024-12-12T15:12:40.0639179Z [90mâ”€[39m[90mâ”€[39m[90mâ”€[39m[90mâ”€[39m[90mâ”€[39m[90mâ”€[39m[90mâ”€[39m[90mâ”€[39m[90mâ”€[39m[90mâ”€[39m[90mâ”€[39m[90mâ”€[39m[90mâ”€[39m[90mâ”€[39m[90mâ”€[39m[90mâ”€[39m[90mâ”€[39m[90mâ”€[39m[90mâ”€[39m[90mâ”€[39m[90mâ”€[39m[90mâ”€[39m[90mâ”€[39m[90mâ”€[39m[90mâ”€[39m[90mâ”€[39m[90mâ”€[39m[90mâ”€[39m[90mâ”€[39m[90mâ”€[39m[90mâ”€[39m[90mâ”€[39m[90mâ”€[39m[90mâ”€[39m[90mâ”€[39m[90mâ”€[39m[90mâ”€[39m[90mâ”€[39m[90mâ”€[39m[90mâ”€[39m[90mâ”€[39m[90mâ”€[39m[90mâ”€[39m[90mâ”€[39m[90mâ”€[39m[90mâ”€[39m[90mâ”€[39m[90mâ”€[39m[90mâ”€[39m[90mâ”€[39m[90mâ”€[39m[90mâ”€[39m[90mâ”€[39m[90mâ”€[39m[90mâ”€[39m[90mâ”€[39m[90mâ”€[39m[90mâ”€[39m[90mâ”€[39m[90mâ”€[39m[90mâ”€[39m[90mâ”€[39m[90mâ”€[39m[90mâ”€[39m[90mâ”€[39m[90mâ”€[39m[90mâ”€[39m[90mâ”€[39m[90mâ”€[39m[90mâ”€[39m[90mâ”€[39m[90mâ”€[39m[90mâ”€[39m[90mâ”€[39m[90mâ”€[39m[90mâ”€[39m[90mâ”€[39m[90mâ”€[39m[90mâ”€[39m[90mâ”€[39m[90mâ”€[39m[90mâ”€[39m[90mâ”€[39m[90mâ”€[39m[90mâ”€[39m[90mâ”€[39m[90mâ”€[39m[90mâ”€[39m[90mâ”€[39m[90mâ”€[39m[90mâ”€[39m[90mâ”€[39m[90mâ”€[39m[90mâ”€[39m[90mâ”€[39m[90mâ”€[39m[90mâ”€[39m[90mâ”€[39m[90mâ”€[39m[90mâ”€[39m
Admin UI E2E (5, chrome)	Run Cypress	2024-12-12T15:12:40.0642089Z                                                                                                     
Admin UI E2E (5, chrome)	Run Cypress	2024-12-12T15:12:40.0642974Z   Running:  [90mclient_scopes_test.spec.ts[39m                                                      [90m(6 of 8)[39m
Admin UI E2E (5, chrome)	Run Cypress	2024-12-12T15:12:43.6072872Z 
Admin UI E2E (5, chrome)	Run Cypress	2024-12-12T15:12:43.6073732Z [0m[0m
Admin UI E2E (5, chrome)	Run Cypress	2024-12-12T15:12:43.6160587Z [0m  Client Scopes test[0m
Admin UI E2E (5, chrome)	Run Cypress	2024-12-12T15:12:44.0032414Z [0m    Client Scope filter list items[0m
Admin UI E2E (5, chrome)	Run Cypress	2024-12-12T15:12:48.8649693Z     [32m  âœ“[0m[90m should filter item by name[0m[90m (5194ms)[0m
Admin UI E2E (5, chrome)	Run Cypress	2024-12-12T15:12:50.6722937Z     [32m  âœ“[0m[90m should filter items by Assigned type All types[0m[90m (1767ms)[0m
Admin UI E2E (5, chrome)	Run Cypress	2024-12-12T15:12:52.8908909Z     [32m  âœ“[0m[90m should filter items by Assigned type Default[0m[90m (2126ms)[0m
Admin UI E2E (5, chrome)	Run Cypress	2024-12-12T15:12:54.9848651Z     [32m  âœ“[0m[90m should filter items by Assigned type Optional[0m[90m (1998ms)[0m
Admin UI E2E (5, chrome)	Run Cypress	2024-12-12T15:12:57.3882751Z     [32m  âœ“[0m[90m should filter items by Protocol All[0m[90m (2320ms)[0m
Admin UI E2E (5, chrome)	Run Cypress	2024-12-12T15:12:59.1046324Z     [32m  âœ“[0m[90m should filter items by Protocol SAML[0m[90m (1673ms)[0m
Admin UI E2E (5, chrome)	Run Cypress	2024-12-12T15:13:01.1840638Z     [32m  âœ“[0m[90m should filter items by Protocol OpenID[0m[90m (1992ms)[0m
Admin UI E2E (5, chrome)	Run Cypress	2024-12-12T15:13:03.0456711Z     [32m  âœ“[0m[90m should show items on next page are more than 11[0m[90m (1767ms)[0m
Admin UI E2E (5, chrome)	Run Cypress	2024-12-12T15:13:03.0616179Z [0m    Client Scope modify list items[0m
Admin UI E2E (5, chrome)	Run Cypress	2024-12-12T15:13:05.1280708Z     [32m  âœ“[0m[90m should modify selected item type to Default from search bar[0m[90m (2017ms)[0m
Admin UI E2E (5, chrome)	Run Cypress	2024-12-12T15:13:07.2309135Z     [32m  âœ“[0m[90m should modify selected item type to Optional from search bar[0m[90m (2044ms)[0m
Admin UI E2E (5, chrome)	Run Cypress	2024-12-12T15:13:12.1453627Z     [32m  âœ“[0m[90m should modify item client-scope-test0 AssignedType to Default from item bar[0m[90m (4847ms)[0m
Admin UI E2E (5, chrome)	Run Cypress	2024-12-12T15:13:16.9914473Z     [32m  âœ“[0m[90m should modify item client-scope-test0 AssignedType to Optional from item bar[0m[90m (4780ms)[0m
Admin UI E2E (5, chrome)	Run Cypress	2024-12-12T15:13:21.7756594Z     [32m  âœ“[0m[90m should modify item client-scope-test0 AssignedType to None from item bar[0m[90m (4713ms)[0m
Admin UI E2E (5, chrome)	Run Cypress	2024-12-12T15:13:24.2368069Z     [32m  âœ“[0m[90m should not allow to modify item AssignedType from search bar when no item selected[0m[90m (2425ms)[0m
Admin UI E2E (5, chrome)	Run Cypress	2024-12-12T15:13:24.2464351Z [0m    Client Scope delete list items [0m
Admin UI E2E (5, chrome)	Run Cypress	2024-12-12T15:13:26.6125156Z     [32m  âœ“[0m[90m should delete item from item bar[0m[90m (2289ms)[0m
Admin UI E2E (5, chrome)	Run Cypress	2024-12-12T15:13:28.9019244Z     [32m  âœ“[0m[90m should delete selected item from search bar[0m[90m (2186ms)[0m
Admin UI E2E (5, chrome)	Run Cypress	2024-12-12T15:13:31.6068020Z     [32m  âœ“[0m[90m should delete multiple selected items from search bar[0m[90m (2597ms)[0m
Admin UI E2E (5, chrome)	Run Cypress	2024-12-12T15:13:31.6287827Z [0m    Client Scope creation[0m
Admin UI E2E (5, chrome)	Run Cypress	2024-12-12T15:13:33.7989334Z     [32m  âœ“[0m[90m should fail creating client scope[0m[90m (2149ms)[0m
Admin UI E2E (5, chrome)	Run Cypress	2024-12-12T15:13:35.4180346Z     [32m  âœ“[0m[90m hides 'consent text' field when 'display consent' switch is disabled[0m[90m (1587ms)[0m
Admin UI E2E (5, chrome)	Run Cypress	2024-12-12T15:13:39.4877539Z     [32m  âœ“[0m[90m Client scope CRUD test[0m[90m (4035ms)[0m
Admin UI E2E (5, chrome)	Run Cypress	2024-12-12T15:13:39.5007637Z [0m    Scope tab test[0m
Admin UI E2E (5, chrome)	Run Cypress	2024-12-12T15:13:42.2249160Z     [32m  âœ“[0m[90m Assign and unassign role[0m[90m (2696ms)[0m
Admin UI E2E (5, chrome)	Run Cypress	2024-12-12T15:13:42.2348372Z [0m    Mappers tab test[0m
Admin UI E2E (5, chrome)	Run Cypress	2024-12-12T15:13:50.6219994Z     [32m  âœ“[0m[90m CRUD mappers[0m[90m (8363ms)[0m
Admin UI E2E (5, chrome)	Run Cypress	2024-12-12T15:13:50.6416530Z [0m    Accessibility tests for client scopes[0m
Admin UI E2E (5, chrome)	Run Cypress	2024-12-12T15:13:52.5920256Z     [32m  âœ“[0m[90m Check a11y violations on load/ client scopes[0m[90m (1930ms)[0m
Admin UI E2E (5, chrome)	Run Cypress	2024-12-12T15:13:54.7244056Z     [32m  âœ“[0m[90m Check a11y violations on empty client scope[0m[90m (2071ms)[0m
Admin UI E2E (5, chrome)	Run Cypress	2024-12-12T15:14:01.9903184Z     [32m  âœ“[0m[90m Check a11y violations on client scope details[0m[90m (6875ms)[0m
Admin UI E2E (5, chrome)	Run Cypress	2024-12-12T15:14:01.9904820Z 
Admin UI E2E (5, chrome)	Run Cypress	2024-12-12T15:14:02.0057887Z 
Admin UI E2E (5, chrome)	Run Cypress	2024-12-12T15:14:02.0058808Z [92m [0m[32m 25 passing[0m[90m (1m)[0m
Admin UI E2E (5, chrome)	Run Cypress	2024-12-12T15:14:02.0059191Z 
Admin UI E2E (5, chrome)	Run Cypress	2024-12-12T15:14:03.0223184Z 
Admin UI E2E (5, chrome)	Run Cypress	2024-12-12T15:14:03.0224894Z [32m  ([4m[1mResults[22m[24m)[39m
Admin UI E2E (5, chrome)	Run Cypress	2024-12-12T15:14:03.0231107Z 
Admin UI E2E (5, chrome)	Run Cypress	2024-12-12T15:14:03.0244481Z [90m  â”Œ[39m[90mâ”€[39m[90mâ”€[39m[90mâ”€[39m[90mâ”€[39m[90mâ”€[39m[90mâ”€[39m[90mâ”€[39m[90mâ”€[39m[90mâ”€[39m[90mâ”€[39m[90mâ”€[39m[90mâ”€[39m[90mâ”€[39m[90mâ”€[39m[90mâ”€[39m[90mâ”€[39m[90mâ”€[39m[90mâ”€[39m[90mâ”€[39m[90mâ”€[39m[90mâ”€[39m[90mâ”€[39m[90mâ”€[39m[90mâ”€[39m[90mâ”€[39m[90mâ”€[39m[90mâ”€[39m[90mâ”€[39m[90mâ”€[39m[90mâ”€[39m[90mâ”€[39m[90mâ”€[39m[90mâ”€[39m[90mâ”€[39m[90mâ”€[39m[90mâ”€[39m[90mâ”€[39m[90mâ”€[39m[90mâ”€[39m[90mâ”€[39m[90mâ”€[39m[90mâ”€[39m[90mâ”€[39m[90mâ”€[39m[90mâ”€[39m[90mâ”€[39m[90mâ”€[39m[90mâ”€[39m[90mâ”€[39m[90mâ”€[39m[90mâ”€[39m[90mâ”€[39m[90mâ”€[39m[90mâ”€[39m[90mâ”€[39m[90mâ”€[39m[90mâ”€[39m[90mâ”€[39m[90mâ”€[39m[90mâ”€[39m[90mâ”€[39m[90mâ”€[39m[90mâ”€[39m[90mâ”€[39m[90mâ”€[39m[90mâ”€[39m[90mâ”€[39m[90mâ”€[39m[90mâ”€[39m[90mâ”€[39m[90mâ”€[39m[90mâ”€[39m[90mâ”€[39m[90mâ”€[39m[90mâ”€[39m[90mâ”€[39m[90mâ”€[39m[90mâ”€[39m[90mâ”€[39m[90mâ”€[39m[90mâ”€[39m[90mâ”€[39m[90mâ”€[39m[90mâ”€[39m[90mâ”€[39m[90mâ”€[39m[90mâ”€[39m[90mâ”€[39m[90mâ”€[39m[90mâ”€[39m[90mâ”€[39m[90mâ”€[39m[90mâ”€[39m[90mâ”€[39m[90mâ”€[39m[90mâ”€[39m[90mâ”[39m
Admin UI E2E (5, chrome)	Run Cypress	2024-12-12T15:14:03.0249182Z [90m  â”‚[39m [90mTests:[39m        [32m25[39m                                                                               [90mâ”‚[39m
Admin UI E2E (5, chrome)	Run Cypress	2024-12-12T15:14:03.0250410Z [90m  â”‚[39m [90mPassing:[39m      [32m25[39m                                                                               [90mâ”‚[39m
Admin UI E2E (5, chrome)	Run Cypress	2024-12-12T15:14:03.0251564Z [90m  â”‚[39m [90mFailing:[39m      [32m0[39m                                                                                [90mâ”‚[39m
Admin UI E2E (5, chrome)	Run Cypress	2024-12-12T15:14:03.0253117Z [90m  â”‚[39m [90mPending:[39m      [32m0[39m                                                                                [90mâ”‚[39m
Admin UI E2E (5, chrome)	Run Cypress	2024-12-12T15:14:03.0254275Z [90m  â”‚[39m [90mSkipped:[39m      [32m0[39m                                                                                [90mâ”‚[39m
Admin UI E2E (5, chrome)	Run Cypress	2024-12-12T15:14:03.0255471Z [90m  â”‚[39m [90mScreenshots:[39m  [32m0[39m                                                                                [90mâ”‚[39m
Admin UI E2E (5, chrome)	Run Cypress	2024-12-12T15:14:03.0256955Z [90m  â”‚[39m [90mVideo:[39m        [32mfalse[39m                                                                            [90mâ”‚[39m
Admin UI E2E (5, chrome)	Run Cypress	2024-12-12T15:14:03.0258265Z [90m  â”‚[39m [90mDuration:[39m     [32m1 minute, 18 seconds[39m                                                             [90mâ”‚[39m
Admin UI E2E (5, chrome)	Run Cypress	2024-12-12T15:14:03.0259947Z [90m  â”‚[39m [90mSpec Ran:[39m     [32m[32mclient_scopes_test.spec.ts[32m[39m                                                       [90mâ”‚[39m
Admin UI E2E (5, chrome)	Run Cypress	2024-12-12T15:14:03.0267014Z [90m  â””[39m[90mâ”€[39m[90mâ”€[39m[90mâ”€[39m[90mâ”€[39m[90mâ”€[39m[90mâ”€[39m[90mâ”€[39m[90mâ”€[39m[90mâ”€[39m[90mâ”€[39m[90mâ”€[39m[90mâ”€[39m[90mâ”€[39m[90mâ”€[39m[90mâ”€[39m[90mâ”€[39m[90mâ”€[39m[90mâ”€[39m[90mâ”€[39m[90mâ”€[39m[90mâ”€[39m[90mâ”€[39m[90mâ”€[39m[90mâ”€[39m[90mâ”€[39m[90mâ”€[39m[90mâ”€[39m[90mâ”€[39m[90mâ”€[39m[90mâ”€[39m[90mâ”€[39m[90mâ”€[39m[90mâ”€[39m[90mâ”€[39m[90mâ”€[39m[90mâ”€[39m[90mâ”€[39m[90mâ”€[39m[90mâ”€[39m[90mâ”€[39m[90mâ”€[39m[90mâ”€[39m[90mâ”€[39m[90mâ”€[39m[90mâ”€[39m[90mâ”€[39m[90mâ”€[39m[90mâ”€[39m[90mâ”€[39m[90mâ”€[39m[90mâ”€[39m[90mâ”€[39m[90mâ”€[39m[90mâ”€[39m[90mâ”€[39m[90mâ”€[39m[90mâ”€[39m[90mâ”€[39m[90mâ”€[39m[90mâ”€[39m[90mâ”€[39m[90mâ”€[39m[90mâ”€[39m[90mâ”€[39m[90mâ”€[39m[90mâ”€[39m[90mâ”€[39m[90mâ”€[39m[90mâ”€[39m[90mâ”€[39m[90mâ”€[39m[90mâ”€[39m[90mâ”€[39m[90mâ”€[39m[90mâ”€[39m[90mâ”€[39m[90mâ”€[39m[90mâ”€[39m[90mâ”€[39m[90mâ”€[39m[90mâ”€[39m[90mâ”€[39m[90mâ”€[39m[90mâ”€[39m[90mâ”€[39m[90mâ”€[39m[90mâ”€[39m[90mâ”€[39m[90mâ”€[39m[90mâ”€[39m[90mâ”€[39m[90mâ”€[39m[90mâ”€[39m[90mâ”€[39m[90mâ”€[39m[90mâ”€[39m[90mâ”˜[39m
Admin UI E2E (5, chrome)	Run Cypress	2024-12-12T15:14:03.0270667Z 
Admin UI E2E (5, chrome)	Run Cypress	2024-12-12T15:14:03.0680503Z 
Admin UI E2E (5, chrome)	Run Cypress	2024-12-12T15:14:03.0697417Z [90mâ”€[39m[90mâ”€[39m[90mâ”€[39m[90mâ”€[39m[90mâ”€[39m[90mâ”€[39m[90mâ”€[39m[90mâ”€[39m[90mâ”€[39m[90mâ”€[39m[90mâ”€[39m[90mâ”€[39m[90mâ”€[39m[90mâ”€[39m[90mâ”€[39m[90mâ”€[39m[90mâ”€[39m[90mâ”€[39m[90mâ”€[39m[90mâ”€[39m[90mâ”€[39m[90mâ”€[39m[90mâ”€[39m[90mâ”€[39m[90mâ”€[39m[90mâ”€[39m[90mâ”€[39m[90mâ”€[39m[90mâ”€[39m[90mâ”€[39m[90mâ”€[39m[90mâ”€[39m[90mâ”€[39m[90mâ”€[39m[90mâ”€[39m[90mâ”€[39m[90mâ”€[39m[90mâ”€[39m[90mâ”€[39m[90mâ”€[39m[90mâ”€[39m[90mâ”€[39m[90mâ”€[39m[90mâ”€[39m[90mâ”€[39m[90mâ”€[39m[90mâ”€[39m[90mâ”€[39m[90mâ”€[39m[90mâ”€[39m[90mâ”€[39m[90mâ”€[39m[90mâ”€[39m[90mâ”€[39m[90mâ”€[39m[90mâ”€[39m[90mâ”€[39m[90mâ”€[39m[90mâ”€[39m[90mâ”€[39m[90mâ”€[39m[90mâ”€[39m[90mâ”€[39m[90mâ”€[39m[90mâ”€[39m[90mâ”€[39m[90mâ”€[39m[90mâ”€[39m[90mâ”€[39m[90mâ”€[39m[90mâ”€[39m[90mâ”€[39m[90mâ”€[39m[90mâ”€[39m[90mâ”€[39m[90mâ”€[39m[90mâ”€[39m[90mâ”€[39m[90mâ”€[39m[90mâ”€[39m[90mâ”€[39m[90mâ”€[39m[90mâ”€[39m[90mâ”€[39m[90mâ”€[39m[90mâ”€[39m[90mâ”€[39m[90mâ”€[39m[90mâ”€[39m[90mâ”€[39m[90mâ”€[39m[90mâ”€[39m[90mâ”€[39m[90mâ”€[39m[90mâ”€[39m[90mâ”€[39m[90mâ”€[39m[90mâ”€[39m[90mâ”€[39m[90mâ”€[39m
Admin UI E2E (5, chrome)	Run Cypress	2024-12-12T15:14:03.0717271Z                                                                                                     
Admin UI E2E (5, chrome)	Run Cypress	2024-12-12T15:14:03.0718369Z   Running:  [90muser_fed_ldap_hardcoded_mapper_test.spec.ts[39m                                     [90m(7 of 8)[39m
Admin UI E2E (5, chrome)	Run Cypress	2024-12-12T15:14:06.1518683Z 
Admin UI E2E (5, chrome)	Run Cypress	2024-12-12T15:14:06.1519743Z [0m[0m
Admin UI E2E (5, chrome)	Run Cypress	2024-12-12T15:14:06.1543871Z [0m  User Fed LDAP mapper tests[0m
Admin UI E2E (5, chrome)	Run Cypress	2024-12-12T15:14:16.4227860Z   [32m  âœ“[0m[90m Create LDAP provider from empty state[0m[90m (10260ms)[0m
Admin UI E2E (5, chrome)	Run Cypress	2024-12-12T15:14:18.8655189Z   [32m  âœ“[0m[90m Create group[0m[90m (2389ms)[0m
Admin UI E2E (5, chrome)	Run Cypress	2024-12-12T15:14:27.4516279Z   [32m  âœ“[0m[90m Create client and role[0m[90m (8519ms)[0m
Admin UI E2E (5, chrome)	Run Cypress	2024-12-12T15:14:32.7982862Z   [32m  âœ“[0m[90m Delete default mappers[0m[90m (5311ms)[0m
Admin UI E2E (5, chrome)	Run Cypress	2024-12-12T15:14:38.3876221Z   [32m  âœ“[0m[90m Create hardcoded attribute mapper[0m[90m (5488ms)[0m
Admin UI E2E (5, chrome)	Run Cypress	2024-12-12T15:14:43.8447207Z   [32m  âœ“[0m[90m Create hardcoded ldap group mapper[0m[90m (5388ms)[0m
Admin UI E2E (5, chrome)	Run Cypress	2024-12-12T15:14:49.5867324Z   [32m  âœ“[0m[90m Create hardcoded ldap attribute mapper[0m[90m (5689ms)[0m
Admin UI E2E (5, chrome)	Run Cypress	2024-12-12T15:14:54.8643540Z   [32m  âœ“[0m[90m Create hardcoded ldap role mapper[0m[90m (5222ms)[0m
Admin UI E2E (5, chrome)	Run Cypress	2024-12-12T15:15:00.2281326Z   [32m  âœ“[0m[90m Create role ldap mapper[0m[90m (5303ms)[0m
Admin UI E2E (5, chrome)	Run Cypress	2024-12-12T15:15:03.2327323Z   [32m  âœ“[0m[90m Cleanup - delete LDAP provider[0m[90m (2970ms)[0m
Admin UI E2E (5, chrome)	Run Cypress	2024-12-12T15:15:04.9563135Z   [32m  âœ“[0m[90m Cleanup - delete group[0m[90m (1697ms)[0m
Admin UI E2E (5, chrome)	Run Cypress	2024-12-12T15:15:06.6889416Z   [32m  âœ“[0m[90m Cleanup - delete client[0m[90m (1701ms)[0m
Admin UI E2E (5, chrome)	Run Cypress	2024-12-12T15:15:06.6890613Z 
Admin UI E2E (5, chrome)	Run Cypress	2024-12-12T15:15:06.7033111Z 
Admin UI E2E (5, chrome)	Run Cypress	2024-12-12T15:15:06.7034120Z [92m [0m[32m 12 passing[0m[90m (1m)[0m
Admin UI E2E (5, chrome)	Run Cypress	2024-12-12T15:15:06.7034508Z 
Admin UI E2E (5, chrome)	Run Cypress	2024-12-12T15:15:07.7217390Z 
Admin UI E2E (5, chrome)	Run Cypress	2024-12-12T15:15:07.7218913Z [32m  ([4m[1mResults[22m[24m)[39m
Admin UI E2E (5, chrome)	Run Cypress	2024-12-12T15:15:07.7221863Z 
Admin UI E2E (5, chrome)	Run Cypress	2024-12-12T15:15:07.7233309Z [90m  â”Œ[39m[90mâ”€[39m[90mâ”€[39m[90mâ”€[39m[90mâ”€[39m[90mâ”€[39m[90mâ”€[39m[90mâ”€[39m[90mâ”€[39m[90mâ”€[39m[90mâ”€[39m[90mâ”€[39m[90mâ”€[39m[90mâ”€[39m[90mâ”€[39m[90mâ”€[39m[90mâ”€[39m[90mâ”€[39m[90mâ”€[39m[90mâ”€[39m[90mâ”€[39m[90mâ”€[39m[90mâ”€[39m[90mâ”€[39m[90mâ”€[39m[90mâ”€[39m[90mâ”€[39m[90mâ”€[39m[90mâ”€[39m[90mâ”€[39m[90mâ”€[39m[90mâ”€[39m[90mâ”€[39m[90mâ”€[39m[90mâ”€[39m[90mâ”€[39m[90mâ”€[39m[90mâ”€[39m[90mâ”€[39m[90mâ”€[39m[90mâ”€[39m[90mâ”€[39m[90mâ”€[39m[90mâ”€[39m[90mâ”€[39m[90mâ”€[39m[90mâ”€[39m[90mâ”€[39m[90mâ”€[39m[90mâ”€[39m[90mâ”€[39m[90mâ”€[39m[90mâ”€[39m[90mâ”€[39m[90mâ”€[39m[90mâ”€[39m[90mâ”€[39m[90mâ”€[39m[90mâ”€[39m[90mâ”€[39m[90mâ”€[39m[90mâ”€[39m[90mâ”€[39m[90mâ”€[39m[90mâ”€[39m[90mâ”€[39m[90mâ”€[39m[90mâ”€[39m[90mâ”€[39m[90mâ”€[39m[90mâ”€[39m[90mâ”€[39m[90mâ”€[39m[90mâ”€[39m[90mâ”€[39m[90mâ”€[39m[90mâ”€[39m[90mâ”€[39m[90mâ”€[39m[90mâ”€[39m[90mâ”€[39m[90mâ”€[39m[90mâ”€[39m[90mâ”€[39m[90mâ”€[39m[90mâ”€[39m[90mâ”€[39m[90mâ”€[39m[90mâ”€[39m[90mâ”€[39m[90mâ”€[39m[90mâ”€[39m[90mâ”€[39m[90mâ”€[39m[90mâ”€[39m[90mâ”€[39m[90mâ”€[39m[90mâ”[39m
Admin UI E2E (5, chrome)	Run Cypress	2024-12-12T15:15:07.7237991Z [90m  â”‚[39m [90mTests:[39m        [32m12[39m                                                                               [90mâ”‚[39m
Admin UI E2E (5, chrome)	Run Cypress	2024-12-12T15:15:07.7239143Z [90m  â”‚[39m [90mPassing:[39m      [32m12[39m                                                                               [90mâ”‚[39m
Admin UI E2E (5, chrome)	Run Cypress	2024-12-12T15:15:07.7240270Z [90m  â”‚[39m [90mFailing:[39m      [32m0[39m                                                                                [90mâ”‚[39m
Admin UI E2E (5, chrome)	Run Cypress	2024-12-12T15:15:07.7241413Z [90m  â”‚[39m [90mPending:[39m      [32m0[39m                                                                                [90mâ”‚[39m
Admin UI E2E (5, chrome)	Run Cypress	2024-12-12T15:15:07.7242595Z [90m  â”‚[39m [90mSkipped:[39m      [32m0[39m                                                                                [90mâ”‚[39m
Admin UI E2E (5, chrome)	Run Cypress	2024-12-12T15:15:07.7243859Z [90m  â”‚[39m [90mScreenshots:[39m  [32m0[39m                                                                                [90mâ”‚[39m
Admin UI E2E (5, chrome)	Run Cypress	2024-12-12T15:15:07.7245080Z [90m  â”‚[39m [90mVideo:[39m        [32mfalse[39m                                                                            [90mâ”‚[39m
Admin UI E2E (5, chrome)	Run Cypress	2024-12-12T15:15:07.7246536Z [90m  â”‚[39m [90mDuration:[39m     [32m1 minute, 0 seconds[39m                                                              [90mâ”‚[39m
Admin UI E2E (5, chrome)	Run Cypress	2024-12-12T15:15:07.7247996Z [90m  â”‚[39m [90mSpec Ran:[39m     [32m[32muser_fed_ldap_hardcoded_mapper_test.spec.ts[32m[39m                                      [90mâ”‚[39m
Admin UI E2E (5, chrome)	Run Cypress	2024-12-12T15:15:07.7254753Z [90m  â””[39m[90mâ”€[39m[90mâ”€[39m[90mâ”€[39m[90mâ”€[39m[90mâ”€[39m[90mâ”€[39m[90mâ”€[39m[90mâ”€[39m[90mâ”€[39m[90mâ”€[39m[90mâ”€[39m[90mâ”€[39m[90mâ”€[39m[90mâ”€[39m[90mâ”€[39m[90mâ”€[39m[90mâ”€[39m[90mâ”€[39m[90mâ”€[39m[90mâ”€[39m[90mâ”€[39m[90mâ”€[39m[90mâ”€[39m[90mâ”€[39m[90mâ”€[39m[90mâ”€[39m[90mâ”€[39m[90mâ”€[39m[90mâ”€[39m[90mâ”€[39m[90mâ”€[39m[90mâ”€[39m[90mâ”€[39m[90mâ”€[39m[90mâ”€[39m[90mâ”€[39m[90mâ”€[39m[90mâ”€[39m[90mâ”€[39m[90mâ”€[39m[90mâ”€[39m[90mâ”€[39m[90mâ”€[39m[90mâ”€[39m[90mâ”€[39m[90mâ”€[39m[90mâ”€[39m[90mâ”€[39m[90mâ”€[39m[90mâ”€[39m[90mâ”€[39m[90mâ”€[39m[90mâ”€[39m[90mâ”€[39m[90mâ”€[39m[90mâ”€[39m[90mâ”€[39m[90mâ”€[39m[90mâ”€[39m[90mâ”€[39m[90mâ”€[39m[90mâ”€[39m[90mâ”€[39m[90mâ”€[39m[90mâ”€[39m[90mâ”€[39m[90mâ”€[39m[90mâ”€[39m[90mâ”€[39m[90mâ”€[39m[90mâ”€[39m[90mâ”€[39m[90mâ”€[39m[90mâ”€[39m[90mâ”€[39m[90mâ”€[39m[90mâ”€[39m[90mâ”€[39m[90mâ”€[39m[90mâ”€[39m[90mâ”€[39m[90mâ”€[39m[90mâ”€[39m[90mâ”€[39m[90mâ”€[39m[90mâ”€[39m[90mâ”€[39m[90mâ”€[39m[90mâ”€[39m[90mâ”€[39m[90mâ”€[39m[90mâ”€[39m[90mâ”€[39m[90mâ”€[39m[90mâ”€[39m[90mâ”€[39m[90mâ”˜[39m
Admin UI E2E (5, chrome)	Run Cypress	2024-12-12T15:15:07.7259326Z 
Admin UI E2E (5, chrome)	Run Cypress	2024-12-12T15:15:07.7586988Z 
Admin UI E2E (5, chrome)	Run Cypress	2024-12-12T15:15:07.7598441Z [90mâ”€[39m[90mâ”€[39m[90mâ”€[39m[90mâ”€[39m[90mâ”€[39m[90mâ”€[39m[90mâ”€[39m[90mâ”€[39m[90mâ”€[39m[90mâ”€[39m[90mâ”€[39m[90mâ”€[39m[90mâ”€[39m[90mâ”€[39m[90mâ”€[39m[90mâ”€[39m[90mâ”€[39m[90mâ”€[39m[90mâ”€[39m[90mâ”€[39m[90mâ”€[39m[90mâ”€[39m[90mâ”€[39m[90mâ”€[39m[90mâ”€[39m[90mâ”€[39m[90mâ”€[39m[90mâ”€[39m[90mâ”€[39m[90mâ”€[39m[90mâ”€[39m[90mâ”€[39m[90mâ”€[39m[90mâ”€[39m[90mâ”€[39m[90mâ”€[39m[90mâ”€[39m[90mâ”€[39m[90mâ”€[39m[90mâ”€[39m[90mâ”€[39m[90mâ”€[39m[90mâ”€[39m[90mâ”€[39m[90mâ”€[39m[90mâ”€[39m[90mâ”€[39m[90mâ”€[39m[90mâ”€[39m[90mâ”€[39m[90mâ”€[39m[90mâ”€[39m[90mâ”€[39m[90mâ”€[39m[90mâ”€[39m[90mâ”€[39m[90mâ”€[39m[90mâ”€[39m[90mâ”€[39m[90mâ”€[39m[90mâ”€[39m[90mâ”€[39m[90mâ”€[39m[90mâ”€[39m[90mâ”€[39m[90mâ”€[39m[90mâ”€[39m[90mâ”€[39m[90mâ”€[39m[90mâ”€[39m[90mâ”€[39m[90mâ”€[39m[90mâ”€[39m[90mâ”€[39m[90mâ”€[39m[90mâ”€[39m[90mâ”€[39m[90mâ”€[39m[90mâ”€[39m[90mâ”€[39m[90mâ”€[39m[90mâ”€[39m[90mâ”€[39m[90mâ”€[39m[90mâ”€[39m[90mâ”€[39m[90mâ”€[39m[90mâ”€[39m[90mâ”€[39m[90mâ”€[39m[90mâ”€[39m[90mâ”€[39m[90mâ”€[39m[90mâ”€[39m[90mâ”€[39m[90mâ”€[39m[90mâ”€[39m[90mâ”€[39m[90mâ”€[39m[90mâ”€[39m
Admin UI E2E (5, chrome)	Run Cypress	2024-12-12T15:15:07.7600934Z                                                                                                     
Admin UI E2E (5, chrome)	Run Cypress	2024-12-12T15:15:07.7601596Z   Running:  [90mauthentication_policies_ciba.spec.ts[39m                                            [90m(8 of 8)[39m
Admin UI E2E (5, chrome)	Run Cypress	2024-12-12T15:15:11.4469755Z 
Admin UI E2E (5, chrome)	Run Cypress	2024-12-12T15:15:11.4470558Z [0m[0m
Admin UI E2E (5, chrome)	Run Cypress	2024-12-12T15:15:11.4493688Z [0m  Authentication - Policies - CIBA[0m
Admin UI E2E (5, chrome)	Run Cypress	2024-12-12T15:15:15.9976235Z   [32m  âœ“[0m[90m displays the initial state[0m[90m (4512ms)[0m
Admin UI E2E (5, chrome)	Run Cypress	2024-12-12T15:15:19.5858445Z   [32m  âœ“[0m[90m validates the fields[0m[90m (3516ms)[0m
Admin UI E2E (5, chrome)	Run Cypress	2024-12-12T15:15:23.6951177Z   [32m  âœ“[0m[90m saves the form[0m[90m (3642ms)[0m
Admin UI E2E (5, chrome)	Run Cypress	2024-12-12T15:15:23.6960782Z 
Admin UI E2E (5, chrome)	Run Cypress	2024-12-12T15:15:23.7267015Z 
Admin UI E2E (5, chrome)	Run Cypress	2024-12-12T15:15:23.7270053Z [92m [0m[32m 3 passing[0m[90m (12s)[0m
Admin UI E2E (5, chrome)	Run Cypress	2024-12-12T15:15:23.7275350Z 
Admin UI E2E (5, chrome)	Run Cypress	2024-12-12T15:15:24.7510767Z 
Admin UI E2E (5, chrome)	Run Cypress	2024-12-12T15:15:24.7512324Z [32m  ([4m[1mResults[22m[24m)[39m
Admin UI E2E (5, chrome)	Run Cypress	2024-12-12T15:15:24.7518684Z 
Admin UI E2E (5, chrome)	Run Cypress	2024-12-12T15:15:24.7532510Z [90m  â”Œ[39m[90mâ”€[39m[90mâ”€[39m[90mâ”€[39m[90mâ”€[39m[90mâ”€[39m[90mâ”€[39m[90mâ”€[39m[90mâ”€[39m[90mâ”€[39m[90mâ”€[39m[90mâ”€[39m[90mâ”€[39m[90mâ”€[39m[90mâ”€[39m[90mâ”€[39m[90mâ”€[39m[90mâ”€[39m[90mâ”€[39m[90mâ”€[39m[90mâ”€[39m[90mâ”€[39m[90mâ”€[39m[90mâ”€[39m[90mâ”€[39m[90mâ”€[39m[90mâ”€[39m[90mâ”€[39m[90mâ”€[39m[90mâ”€[39m[90mâ”€[39m[90mâ”€[39m[90mâ”€[39m[90mâ”€[39m[90mâ”€[39m[90mâ”€[39m[90mâ”€[39m[90mâ”€[39m[90mâ”€[39m[90mâ”€[39m[90mâ”€[39m[90mâ”€[39m[90mâ”€[39m[90mâ”€[39m[90mâ”€[39m[90mâ”€[39m[90mâ”€[39m[90mâ”€[39m[90mâ”€[39m[90mâ”€[39m[90mâ”€[39m[90mâ”€[39m[90mâ”€[39m[90mâ”€[39m[90mâ”€[39m[90mâ”€[39m[90mâ”€[39m[90mâ”€[39m[90mâ”€[39m[90mâ”€[39m[90mâ”€[39m[90mâ”€[39m[90mâ”€[39m[90mâ”€[39m[90mâ”€[39m[90mâ”€[39m[90mâ”€[39m[90mâ”€[39m[90mâ”€[39m[90mâ”€[39m[90mâ”€[39m[90mâ”€[39m[90mâ”€[39m[90mâ”€[39m[90mâ”€[39m[90mâ”€[39m[90mâ”€[39m[90mâ”€[39m[90mâ”€[39m[90mâ”€[39m[90mâ”€[39m[90mâ”€[39m[90mâ”€[39m[90mâ”€[39m[90mâ”€[39m[90mâ”€[39m[90mâ”€[39m[90mâ”€[39m[90mâ”€[39m[90mâ”€[39m[90mâ”€[39m[90mâ”€[39m[90mâ”€[39m[90mâ”€[39m[90mâ”€[39m[90mâ”€[39m[90mâ”€[39m[90mâ”[39m
Admin UI E2E (5, chrome)	Run Cypress	2024-12-12T15:15:24.7537584Z [90m  â”‚[39m [90mTests:[39m        [32m3[39m                                                                                [90mâ”‚[39m
Admin UI E2E (5, chrome)	Run Cypress	2024-12-12T15:15:24.7539093Z [90m  â”‚[39m [90mPassing:[39m      [32m3[39m                                                                                [90mâ”‚[39m
Admin UI E2E (5, chrome)	Run Cypress	2024-12-12T15:15:24.7540539Z [90m  â”‚[39m [90mFailing:[39m      [32m0[39m                                                                                [90mâ”‚[39m
Admin UI E2E (5, chrome)	Run Cypress	2024-12-12T15:15:24.7541953Z [90m  â”‚[39m [90mPending:[39m      [32m0[39m                                                                                [90mâ”‚[39m
Admin UI E2E (5, chrome)	Run Cypress	2024-12-12T15:15:24.7543501Z [90m  â”‚[39m [90mSkipped:[39m      [32m0[39m                                                                                [90mâ”‚[39m
Admin UI E2E (5, chrome)	Run Cypress	2024-12-12T15:15:24.7544764Z [90m  â”‚[39m [90mScreenshots:[39m  [32m0[39m                                                                                [90mâ”‚[39m
Admin UI E2E (5, chrome)	Run Cypress	2024-12-12T15:15:24.7546003Z [90m  â”‚[39m [90mVideo:[39m        [32mfalse[39m                                                                            [90mâ”‚[39m
Admin UI E2E (5, chrome)	Run Cypress	2024-12-12T15:15:24.7547527Z [90m  â”‚[39m [90mDuration:[39m     [32m12 seconds[39m                                                                       [90mâ”‚[39m
Admin UI E2E (5, chrome)	Run Cypress	2024-12-12T15:15:24.7549244Z [90m  â”‚[39m [90mSpec Ran:[39m     [32m[32mauthentication_policies_ciba.spec.ts[32m[39m                                             [90mâ”‚[39m
Admin UI E2E (5, chrome)	Run Cypress	2024-12-12T15:15:24.7556598Z [90m  â””[39m[90mâ”€[39m[90mâ”€[39m[90mâ”€[39m[90mâ”€[39m[90mâ”€[39m[90mâ”€[39m[90mâ”€[39m[90mâ”€[39m[90mâ”€[39m[90mâ”€[39m[90mâ”€[39m[90mâ”€[39m[90mâ”€[39m[90mâ”€[39m[90mâ”€[39m[90mâ”€[39m[90mâ”€[39m[90mâ”€[39m[90mâ”€[39m[90mâ”€[39m[90mâ”€[39m[90mâ”€[39m[90mâ”€[39m[90mâ”€[39m[90mâ”€[39m[90mâ”€[39m[90mâ”€[39m[90mâ”€[39m[90mâ”€[39m[90mâ”€[39m[90mâ”€[39m[90mâ”€[39m[90mâ”€[39m[90mâ”€[39m[90mâ”€[39m[90mâ”€[39m[90mâ”€[39m[90mâ”€[39m[90mâ”€[39m[90mâ”€[39m[90mâ”€[39m[90mâ”€[39m[90mâ”€[39m[90mâ”€[39m[90mâ”€[39m[90mâ”€[39m[90mâ”€[39m[90mâ”€[39m[90mâ”€[39m[90mâ”€[39m[90mâ”€[39m[90mâ”€[39m[90mâ”€[39m[90mâ”€[39m[90mâ”€[39m[90mâ”€[39m[90mâ”€[39m[90mâ”€[39m[90mâ”€[39m[90mâ”€[39m[90mâ”€[39m[90mâ”€[39m[90mâ”€[39m[90mâ”€[39m[90mâ”€[39m[90mâ”€[39m[90mâ”€[39m[90mâ”€[39m[90mâ”€[39m[90mâ”€[39m[90mâ”€[39m[90mâ”€[39m[90mâ”€[39m[90mâ”€[39m[90mâ”€[39m[90mâ”€[39m[90mâ”€[39m[90mâ”€[39m[90mâ”€[39m[90mâ”€[39m[90mâ”€[39m[90mâ”€[39m[90mâ”€[39m[90mâ”€[39m[90mâ”€[39m[90mâ”€[39m[90mâ”€[39m[90mâ”€[39m[90mâ”€[39m[90mâ”€[39m[90mâ”€[39m[90mâ”€[39m[90mâ”€[39m[90mâ”€[39m[90mâ”€[39m[90mâ”€[39m[90mâ”˜[39m
Admin UI E2E (5, chrome)	Run Cypress	2024-12-12T15:15:24.7560774Z 
Admin UI E2E (5, chrome)	Run Cypress	2024-12-12T15:15:24.7627137Z 
Admin UI E2E (5, chrome)	Run Cypress	2024-12-12T15:15:24.8141451Z [90m====================================================================================================[39m
Admin UI E2E (5, chrome)	Run Cypress	2024-12-12T15:15:24.8141906Z 
Admin UI E2E (5, chrome)	Run Cypress	2024-12-12T15:15:24.8142300Z [0m  ([4m[1mRun Finished[22m[24m)[0m
Admin UI E2E (5, chrome)	Run Cypress	2024-12-12T15:15:24.8167905Z 
Admin UI E2E (5, chrome)	Run Cypress	2024-12-12T15:15:24.8167935Z 
Admin UI E2E (5, chrome)	Run Cypress	2024-12-12T15:15:24.8209374Z [90m   [39m    [90mSpec[39m                                              [90mTests[39m  [90mPassing[39m  [90mFailing[39m  [90mPending[39m  [90mSkipped[39m [90m [39m
Admin UI E2E (5, chrome)	Run Cypress	2024-12-12T15:15:24.8217018Z [90m  â”Œ[39m[90mâ”€[39m[90mâ”€[39m[90mâ”€[39m[90mâ”€[39m[90mâ”€[39m[90mâ”€[39m[90mâ”€[39m[90mâ”€[39m[90mâ”€[39m[90mâ”€[39m[90mâ”€[39m[90mâ”€[39m[90mâ”€[39m[90mâ”€[39m[90mâ”€[39m[90mâ”€[39m[90mâ”€[39m[90mâ”€[39m[90mâ”€[39m[90mâ”€[39m[90mâ”€[39m[90mâ”€[39m[90mâ”€[39m[90mâ”€[39m[90mâ”€[39m[90mâ”€[39m[90mâ”€[39m[90mâ”€[39m[90mâ”€[39m[90mâ”€[39m[90mâ”€[39m[90mâ”€[39m[90mâ”€[39m[90mâ”€[39m[90mâ”€[39m[90mâ”€[39m[90mâ”€[39m[90mâ”€[39m[90mâ”€[39m[90mâ”€[39m[90mâ”€[39m[90mâ”€[39m[90mâ”€[39m[90mâ”€[39m[90mâ”€[39m[90mâ”€[39m[90mâ”€[39m[90mâ”€[39m[90mâ”€[39m[90mâ”€[39m[90mâ”€[39m[90mâ”€[39m[90mâ”€[39m[90mâ”€[39m[90mâ”€[39m[90mâ”€[39m[90mâ”€[39m[90mâ”€[39m[90mâ”€[39m[90mâ”€[39m[90mâ”€[39m[90mâ”€[39m[90mâ”€[39m[90mâ”€[39m[90mâ”€[39m[90mâ”€[39m[90mâ”€[39m[90mâ”€[39m[90mâ”€[39m[90mâ”€[39m[90mâ”€[39m[90mâ”€[39m[90mâ”€[39m[90mâ”€[39m[90mâ”€[39m[90mâ”€[39m[90mâ”€[39m[90mâ”€[39m[90mâ”€[39m[90mâ”€[39m[90mâ”€[39m[90mâ”€[39m[90mâ”€[39m[90mâ”€[39m[90mâ”€[39m[90mâ”€[39m[90mâ”€[39m[90mâ”€[39m[90mâ”€[39m[90mâ”€[39m[90mâ”€[39m[90mâ”€[39m[90mâ”€[39m[90mâ”€[39m[90mâ”€[39m[90mâ”€[39m[90mâ”[39m
Admin UI E2E (5, chrome)	Run Cypress	2024-12-12T15:15:24.8222309Z [90m  â”‚[39m [32mâœ”[39m  [0mgroup_test.spec.ts[0m                       [90m02:34[39m       [0m46[0m       [32m46[39m        [90m-[39m        [90m-[39m        [90m-[39m [90mâ”‚[39m
Admin UI E2E (5, chrome)	Run Cypress	2024-12-12T15:15:24.8229439Z [90m  â”œ[39m[90mâ”€[39m[90mâ”€[39m[90mâ”€[39m[90mâ”€[39m[90mâ”€[39m[90mâ”€[39m[90mâ”€[39m[90mâ”€[39m[90mâ”€[39m[90mâ”€[39m[90mâ”€[39m[90mâ”€[39m[90mâ”€[39m[90mâ”€[39m[90mâ”€[39m[90mâ”€[39m[90mâ”€[39m[90mâ”€[39m[90mâ”€[39m[90mâ”€[39m[90mâ”€[39m[90mâ”€[39m[90mâ”€[39m[90mâ”€[39m[90mâ”€[39m[90mâ”€[39m[90mâ”€[39m[90mâ”€[39m[90mâ”€[39m[90mâ”€[39m[90mâ”€[39m[90mâ”€[39m[90mâ”€[39m[90mâ”€[39m[90mâ”€[39m[90mâ”€[39m[90mâ”€[39m[90mâ”€[39m[90mâ”€[39m[90mâ”€[39m[90mâ”€[39m[90mâ”€[39m[90mâ”€[39m[90mâ”€[39m[90mâ”€[39m[90mâ”€[39m[90mâ”€[39m[90mâ”€[39m[90mâ”€[39m[90mâ”€[39m[90mâ”€[39m[90mâ”€[39m[90mâ”€[39m[90mâ”€[39m[90mâ”€[39m[90mâ”€[39m[90mâ”€[39m[90mâ”€[39m[90mâ”€[39m[90mâ”€[39m[90mâ”€[39m[90mâ”€[39m[90mâ”€[39m[90mâ”€[39m[90mâ”€[39m[90mâ”€[39m[90mâ”€[39m[90mâ”€[39m[90mâ”€[39m[90mâ”€[39m[90mâ”€[39m[90mâ”€[39m[90mâ”€[39m[90mâ”€[39m[90mâ”€[39m[90mâ”€[39m[90mâ”€[39m[90mâ”€[39m[90mâ”€[39m[90mâ”€[39m[90mâ”€[39m[90mâ”€[39m[90mâ”€[39m[90mâ”€[39m[90mâ”€[39m[90mâ”€[39m[90mâ”€[39m[90mâ”€[39m[90mâ”€[39m[90mâ”€[39m[90mâ”€[39m[90mâ”€[39m[90mâ”€[39m[90mâ”€[39m[90mâ”€[39m[90mâ”€[39m[90mâ”¤[39m
Admin UI E2E (5, chrome)	Run Cypress	2024-12-12T15:15:24.8234304Z [90m  â”‚[39m [32mâœ”[39m  [0mclient_initial_access.spec.ts[0m            [90m00:09[39m        [0m2[0m        [32m2[39m        [90m-[39m        [90m-[39m        [90m-[39m [90mâ”‚[39m
Admin UI E2E (5, chrome)	Run Cypress	2024-12-12T15:15:24.8241348Z [90m  â”œ[39m[90mâ”€[39m[90mâ”€[39m[90mâ”€[39m[90mâ”€[39m[90mâ”€[39m[90mâ”€[39m[90mâ”€[39m[90mâ”€[39m[90mâ”€[39m[90mâ”€[39m[90mâ”€[39m[90mâ”€[39m[90mâ”€[39m[90mâ”€[39m[90mâ”€[39m[90mâ”€[39m[90mâ”€[39m[90mâ”€[39m[90mâ”€[39m[90mâ”€[39m[90mâ”€[39m[90mâ”€[39m[90mâ”€[39m[90mâ”€[39m[90mâ”€[39m[90mâ”€[39m[90mâ”€[39m[90mâ”€[39m[90mâ”€[39m[90mâ”€[39m[90mâ”€[39m[90mâ”€[39m[90mâ”€[39m[90mâ”€[39m[90mâ”€[39m[90mâ”€[39m[90mâ”€[39m[90mâ”€[39m[90mâ”€[39m[90mâ”€[39m[90mâ”€[39m[90mâ”€[39m[90mâ”€[39m[90mâ”€[39m[90mâ”€[39m[90mâ”€[39m[90mâ”€[39m[90mâ”€[39m[90mâ”€[39m[90mâ”€[39m[90mâ”€[39m[90mâ”€[39m[90mâ”€[39m[90mâ”€[39m[90mâ”€[39m[90mâ”€[39m[90mâ”€[39m[90mâ”€[39m[90mâ”€[39m[90mâ”€[39m[90mâ”€[39m[90mâ”€[39m[90mâ”€[39m[90mâ”€[39m[90mâ”€[39m[90mâ”€[39m[90mâ”€[39m[90mâ”€[39m[90mâ”€[39m[90mâ”€[39m[90mâ”€[39m[90mâ”€[39m[90mâ”€[39m[90mâ”€[39m[90mâ”€[39m[90mâ”€[39m[90mâ”€[39m[90mâ”€[39m[90mâ”€[39m[90mâ”€[39m[90mâ”€[39m[90mâ”€[39m[90mâ”€[39m[90mâ”€[39m[90mâ”€[39m[90mâ”€[39m[90mâ”€[39m[90mâ”€[39m[90mâ”€[39m[90mâ”€[39m[90mâ”€[39m[90mâ”€[39m[90mâ”€[39m[90mâ”€[39m[90mâ”€[39m[90mâ”€[39m[90mâ”¤[39m
Admin UI E2E (5, chrome)	Run Cypress	2024-12-12T15:15:24.8246295Z [90m  â”‚[39m [31mâœ–[39m  [0mclients_test.spec.ts[0m                     [90m04:49[39m       [0m24[0m       [32m23[39m        [31m1[39m        [90m-[39m        [90m-[39m [90mâ”‚[39m
Admin UI E2E (5, chrome)	Run Cypress	2024-12-12T15:15:24.8253836Z [90m  â”œ[39m[90mâ”€[39m[90mâ”€[39m[90mâ”€[39m[90mâ”€[39m[90mâ”€[39m[90mâ”€[39m[90mâ”€[39m[90mâ”€[39m[90mâ”€[39m[90mâ”€[39m[90mâ”€[39m[90mâ”€[39m[90mâ”€[39m[90mâ”€[39m[90mâ”€[39m[90mâ”€[39m[90mâ”€[39m[90mâ”€[39m[90mâ”€[39m[90mâ”€[39m[90mâ”€[39m[90mâ”€[39m[90mâ”€[39m[90mâ”€[39m[90mâ”€[39m[90mâ”€[39m[90mâ”€[39m[90mâ”€[39m[90mâ”€[39m[90mâ”€[39m[90mâ”€[39m[90mâ”€[39m[90mâ”€[39m[90mâ”€[39m[90mâ”€[39m[90mâ”€[39m[90mâ”€[39m[90mâ”€[39m[90mâ”€[39m[90mâ”€[39m[90mâ”€[39m[90mâ”€[39m[90mâ”€[39m[90mâ”€[39m[90mâ”€[39m[90mâ”€[39m[90mâ”€[39m[90mâ”€[39m[90mâ”€[39m[90mâ”€[39m[90mâ”€[39m[90mâ”€[39m[90mâ”€[39m[90mâ”€[39m[90mâ”€[39m[90mâ”€[39m[90mâ”€[39m[90mâ”€[39m[90mâ”€[39m[90mâ”€[39m[90mâ”€[39m[90mâ”€[39m[90mâ”€[39m[90mâ”€[39m[90mâ”€[39m[90mâ”€[39m[90mâ”€[39m[90mâ”€[39m[90mâ”€[39m[90mâ”€[39m[90mâ”€[39m[90mâ”€[39m[90mâ”€[39m[90mâ”€[39m[90mâ”€[39m[90mâ”€[39m[90mâ”€[39m[90mâ”€[39m[90mâ”€[39m[90mâ”€[39m[90mâ”€[39m[90mâ”€[39m[90mâ”€[39m[90mâ”€[39m[90mâ”€[39m[90mâ”€[39m[90mâ”€[39m[90mâ”€[39m[90mâ”€[39m[90mâ”€[39m[90mâ”€[39m[90mâ”€[39m[90mâ”€[39m[90mâ”€[39m[90mâ”€[39m[90mâ”€[39m[90mâ”¤[39m
Admin UI E2E (5, chrome)	Run Cypress	2024-12-12T15:15:24.8258883Z [90m  â”‚[39m [32mâœ”[39m  [0midentity_providers_saml_test.spec.t[0m      [90m00:59[39m       [0m13[0m       [32m13[39m        [90m-[39m        [90m-[39m        [90m-[39m [90mâ”‚[39m
Admin UI E2E (5, chrome)	Run Cypress	2024-12-12T15:15:24.8260264Z [90m  â”‚[39m    [0ms[0m                                                                                           [90mâ”‚[39m
Admin UI E2E (5, chrome)	Run Cypress	2024-12-12T15:15:24.8266983Z [90m  â”œ[39m[90mâ”€[39m[90mâ”€[39m[90mâ”€[39m[90mâ”€[39m[90mâ”€[39m[90mâ”€[39m[90mâ”€[39m[90mâ”€[39m[90mâ”€[39m[90mâ”€[39m[90mâ”€[39m[90mâ”€[39m[90mâ”€[39m[90mâ”€[39m[90mâ”€[39m[90mâ”€[39m[90mâ”€[39m[90mâ”€[39m[90mâ”€[39m[90mâ”€[39m[90mâ”€[39m[90mâ”€[39m[90mâ”€[39m[90mâ”€[39m[90mâ”€[39m[90mâ”€[39m[90mâ”€[39m[90mâ”€[39m[90mâ”€[39m[90mâ”€[39m[90mâ”€[39m[90mâ”€[39m[90mâ”€[39m[90mâ”€[39m[90mâ”€[39m[90mâ”€[39m[90mâ”€[39m[90mâ”€[39m[90mâ”€[39m[90mâ”€[39m[90mâ”€[39m[90mâ”€[39m[90mâ”€[39m[90mâ”€[39m[90mâ”€[39m[90mâ”€[39m[90mâ”€[39m[90mâ”€[39m[90mâ”€[39m[90mâ”€[39m[90mâ”€[39m[90mâ”€[39m[90mâ”€[39m[90mâ”€[39m[90mâ”€[39m[90mâ”€[39m[90mâ”€[39m[90mâ”€[39m[90mâ”€[39m[90mâ”€[39m[90mâ”€[39m[90mâ”€[39m[90mâ”€[39m[90mâ”€[39m[90mâ”€[39m[90mâ”€[39m[90mâ”€[39m[90mâ”€[39m[90mâ”€[39m[90mâ”€[39m[90mâ”€[39m[90mâ”€[39m[90mâ”€[39m[90mâ”€[39m[90mâ”€[39m[90mâ”€[39m[90mâ”€[39m[90mâ”€[39m[90mâ”€[39m[90mâ”€[39m[90mâ”€[39m[90mâ”€[39m[90mâ”€[39m[90mâ”€[39m[90mâ”€[39m[90mâ”€[39m[90mâ”€[39m[90mâ”€[39m[90mâ”€[39m[90mâ”€[39m[90mâ”€[39m[90mâ”€[39m[90mâ”€[39m[90mâ”€[39m[90mâ”€[39m[90mâ”€[39m[90mâ”¤[39m
Admin UI E2E (5, chrome)	Run Cypress	2024-12-12T15:15:24.8272044Z [90m  â”‚[39m [32mâœ”[39m  [0musers_attribute_search_test.spec.ts[0m      [90m00:08[39m        [0m2[0m        [32m2[39m        [90m-[39m        [90m-[39m        [90m-[39m [90mâ”‚[39m
Admin UI E2E (5, chrome)	Run Cypress	2024-12-12T15:15:24.8279679Z [90m  â”œ[39m[90mâ”€[39m[90mâ”€[39m[90mâ”€[39m[90mâ”€[39m[90mâ”€[39m[90mâ”€[39m[90mâ”€[39m[90mâ”€[39m[90mâ”€[39m[90mâ”€[39m[90mâ”€[39m[90mâ”€[39m[90mâ”€[39m[90mâ”€[39m[90mâ”€[39m[90mâ”€[39m[90mâ”€[39m[90mâ”€[39m[90mâ”€[39m[90mâ”€[39m[90mâ”€[39m[90mâ”€[39m[90mâ”€[39m[90mâ”€[39m[90mâ”€[39m[90mâ”€[39m[90mâ”€[39m[90mâ”€[39m[90mâ”€[39m[90mâ”€[39m[90mâ”€[39m[90mâ”€[39m[90mâ”€[39m[90mâ”€[39m[90mâ”€[39m[90mâ”€[39m[90mâ”€[39m[90mâ”€[39m[90mâ”€[39m[90mâ”€[39m[90mâ”€[39m[90mâ”€[39m[90mâ”€[39m[90mâ”€[39m[90mâ”€[39m[90mâ”€[39m[90mâ”€[39m[90mâ”€[39m[90mâ”€[39m[90mâ”€[39m[90mâ”€[39m[90mâ”€[39m[90mâ”€[39m[90mâ”€[39m[90mâ”€[39m[90mâ”€[39m[90mâ”€[39m[90mâ”€[39m[90mâ”€[39m[90mâ”€[39m[90mâ”€[39m[90mâ”€[39m[90mâ”€[39m[90mâ”€[39m[90mâ”€[39m[90mâ”€[39m[90mâ”€[39m[90mâ”€[39m[90mâ”€[39m[90mâ”€[39m[90mâ”€[39m[90mâ”€[39m[90mâ”€[39m[90mâ”€[39m[90mâ”€[39m[90mâ”€[39m[90mâ”€[39m[90mâ”€[39m[90mâ”€[39m[90mâ”€[39m[90mâ”€[39m[90mâ”€[39m[90mâ”€[39m[90mâ”€[39m[90mâ”€[39m[90mâ”€[39m[90mâ”€[39m[90mâ”€[39m[90mâ”€[39m[90mâ”€[39m[90mâ”€[39m[90mâ”€[39m[90mâ”€[39m[90mâ”€[39m[90mâ”€[39m[90mâ”€[39m[90mâ”¤[39m
Admin UI E2E (5, chrome)	Run Cypress	2024-12-12T15:15:24.8285183Z [90m  â”‚[39m [32mâœ”[39m  [0mclient_scopes_test.spec.ts[0m               [90m01:18[39m       [0m25[0m       [32m25[39m        [90m-[39m        [90m-[39m        [90m-[39m [90mâ”‚[39m
Admin UI E2E (5, chrome)	Run Cypress	2024-12-12T15:15:24.8305514Z [90m  â”œ[39m[90mâ”€[39m[90mâ”€[39m[90mâ”€[39m[90mâ”€[39m[90mâ”€[39m[90mâ”€[39m[90mâ”€[39m[90mâ”€[39m[90mâ”€[39m[90mâ”€[39m[90mâ”€[39m[90mâ”€[39m[90mâ”€[39m[90mâ”€[39m[90mâ”€[39m[90mâ”€[39m[90mâ”€[39m[90mâ”€[39m[90mâ”€[39m[90mâ”€[39m[90mâ”€[39m[90mâ”€[39m[90mâ”€[39m[90mâ”€[39m[90mâ”€[39m[90mâ”€[39m[90mâ”€[39m[90mâ”€[39m[90mâ”€[39m[90mâ”€[39m[90mâ”€[39m[90mâ”€[39m[90mâ”€[39m[90mâ”€[39m[90mâ”€[39m[90mâ”€[39m[90mâ”€[39m[90mâ”€[39m[90mâ”€[39m[90mâ”€[39m[90mâ”€[39m[90mâ”€[39m[90mâ”€[39m[90mâ”€[39m[90mâ”€[39m[90mâ”€[39m[90mâ”€[39m[90mâ”€[39m[90mâ”€[39m[90mâ”€[39m[90mâ”€[39m[90mâ”€[39m[90mâ”€[39m[90mâ”€[39m[90mâ”€[39m[90mâ”€[39m[90mâ”€[39m[90mâ”€[39m[90mâ”€[39m[90mâ”€[39m[90mâ”€[39m[90mâ”€[39m[90mâ”€[39m[90mâ”€[39m[90mâ”€[39m[90mâ”€[39m[90mâ”€[39m[90mâ”€[39m[90mâ”€[39m[90mâ”€[39m[90mâ”€[39m[90mâ”€[39m[90mâ”€[39m[90mâ”€[39m[90mâ”€[39m[90mâ”€[39m[90mâ”€[39m[90mâ”€[39m[90mâ”€[39m[90mâ”€[39m[90mâ”€[39m[90mâ”€[39m[90mâ”€[39m[90mâ”€[39m[90mâ”€[39m[90mâ”€[39m[90mâ”€[39m[90mâ”€[39m[90mâ”€[39m[90mâ”€[39m[90mâ”€[39m[90mâ”€[39m[90mâ”€[39m[90mâ”€[39m[90mâ”€[39m[90mâ”€[39m[90mâ”¤[39m
Admin UI E2E (5, chrome)	Run Cypress	2024-12-12T15:15:24.8310840Z [90m  â”‚[39m [32mâœ”[39m  [0muser_fed_ldap_hardcoded_mapper_test[0m      [90m01:00[39m       [0m12[0m       [32m12[39m        [90m-[39m        [90m-[39m        [90m-[39m [90mâ”‚[39m
Admin UI E2E (5, chrome)	Run Cypress	2024-12-12T15:15:24.8312332Z [90m  â”‚[39m    [0m.spec.ts[0m                                                                                    [90mâ”‚[39m
Admin UI E2E (5, chrome)	Run Cypress	2024-12-12T15:15:24.8319184Z [90m  â”œ[39m[90mâ”€[39m[90mâ”€[39m[90mâ”€[39m[90mâ”€[39m[90mâ”€[39m[90mâ”€[39m[90mâ”€[39m[90mâ”€[39m[90mâ”€[39m[90mâ”€[39m[90mâ”€[39m[90mâ”€[39m[90mâ”€[39m[90mâ”€[39m[90mâ”€[39m[90mâ”€[39m[90mâ”€[39m[90mâ”€[39m[90mâ”€[39m[90mâ”€[39m[90mâ”€[39m[90mâ”€[39m[90mâ”€[39m[90mâ”€[39m[90mâ”€[39m[90mâ”€[39m[90mâ”€[39m[90mâ”€[39m[90mâ”€[39m[90mâ”€[39m[90mâ”€[39m[90mâ”€[39m[90mâ”€[39m[90mâ”€[39m[90mâ”€[39m[90mâ”€[39m[90mâ”€[39m[90mâ”€[39m[90mâ”€[39m[90mâ”€[39m[90mâ”€[39m[90mâ”€[39m[90mâ”€[39m[90mâ”€[39m[90mâ”€[39m[90mâ”€[39m[90mâ”€[39m[90mâ”€[39m[90mâ”€[39m[90mâ”€[39m[90mâ”€[39m[90mâ”€[39m[90mâ”€[39m[90mâ”€[39m[90mâ”€[39m[90mâ”€[39m[90mâ”€[39m[90mâ”€[39m[90mâ”€[39m[90mâ”€[39m[90mâ”€[39m[90mâ”€[39m[90mâ”€[39m[90mâ”€[39m[90mâ”€[39m[90mâ”€[39m[90mâ”€[39m[90mâ”€[39m[90mâ”€[39m[90mâ”€[39m[90mâ”€[39m[90mâ”€[39m[90mâ”€[39m[90mâ”€[39m[90mâ”€[39m[90mâ”€[39m[90mâ”€[39m[90mâ”€[39m[90mâ”€[39m[90mâ”€[39m[90mâ”€[39m[90mâ”€[39m[90mâ”€[39m[90mâ”€[39m[90mâ”€[39m[90mâ”€[39m[90mâ”€[39m[90mâ”€[39m[90mâ”€[39m[90mâ”€[39m[90mâ”€[39m[90mâ”€[39m[90mâ”€[39m[90mâ”€[39m[90mâ”€[39m[90mâ”€[39m[90mâ”¤[39m
Admin UI E2E (5, chrome)	Run Cypress	2024-12-12T15:15:24.8324641Z [90m  â”‚[39m [32mâœ”[39m  [0mauthentication_policies_ciba.spec.t[0m      [90m00:12[39m        [0m3[0m        [32m3[39m        [90m-[39m        [90m-[39m        [90m-[39m [90mâ”‚[39m
Admin UI E2E (5, chrome)	Run Cypress	2024-12-12T15:15:24.8326279Z [90m  â”‚[39m    [0ms[0m                                                                                           [90mâ”‚[39m
Admin UI E2E (5, chrome)	Run Cypress	2024-12-12T15:15:24.8333156Z [90m  â””[39m[90mâ”€[39m[90mâ”€[39m[90mâ”€[39m[90mâ”€[39m[90mâ”€[39m[90mâ”€[39m[90mâ”€[39m[90mâ”€[39m[90mâ”€[39m[90mâ”€[39m[90mâ”€[39m[90mâ”€[39m[90mâ”€[39m[90mâ”€[39m[90mâ”€[39m[90mâ”€[39m[90mâ”€[39m[90mâ”€[39m[90mâ”€[39m[90mâ”€[39m[90mâ”€[39m[90mâ”€[39m[90mâ”€[39m[90mâ”€[39m[90mâ”€[39m[90mâ”€[39m[90mâ”€[39m[90mâ”€[39m[90mâ”€[39m[90mâ”€[39m[90mâ”€[39m[90mâ”€[39m[90mâ”€[39m[90mâ”€[39m[90mâ”€[39m[90mâ”€[39m[90mâ”€[39m[90mâ”€[39m[90mâ”€[39m[90mâ”€[39m[90mâ”€[39m[90mâ”€[39m[90mâ”€[39m[90mâ”€[39m[90mâ”€[39m[90mâ”€[39m[90mâ”€[39m[90mâ”€[39m[90mâ”€[39m[90mâ”€[39m[90mâ”€[39m[90mâ”€[39m[90mâ”€[39m[90mâ”€[39m[90mâ”€[39m[90mâ”€[39m[90mâ”€[39m[90mâ”€[39m[90mâ”€[39m[90mâ”€[39m[90mâ”€[39m[90mâ”€[39m[90mâ”€[39m[90mâ”€[39m[90mâ”€[39m[90mâ”€[39m[90mâ”€[39m[90mâ”€[39m[90mâ”€[39m[90mâ”€[39m[90mâ”€[39m[90mâ”€[39m[90mâ”€[39m[90mâ”€[39m[90mâ”€[39m[90mâ”€[39m[90mâ”€[39m[90mâ”€[39m[90mâ”€[39m[90mâ”€[39m[90mâ”€[39m[90mâ”€[39m[90mâ”€[39m[90mâ”€[39m[90mâ”€[39m[90mâ”€[39m[90mâ”€[39m[90mâ”€[39m[90mâ”€[39m[90mâ”€[39m[90mâ”€[39m[90mâ”€[39m[90mâ”€[39m[90mâ”€[39m[90mâ”€[39m[90mâ”€[39m[90mâ”˜[39m
Admin UI E2E (5, chrome)	Run Cypress	2024-12-12T15:15:24.8353827Z [90m   [39m [31mâœ–[39m  [31m1 of 8 failed (13%)[39m                      [90m11:11[39m      [0m127[0m      [32m126[39m        [31m1[39m        [90m-[39m        [90m-[39m [90m [39m
Admin UI E2E (5, chrome)	Run Cypress	2024-12-12T15:15:24.8354525Z 
Admin UI E2E (5, chrome)	Run Cypress	2024-12-12T15:15:24.9232512Z ##[error]Cypress tests: 1 failed
Status Check - Keycloak JavaScript CI	Run /./.github/actions/status-check	2024-12-12T15:15:41.8722994Z Prepare all required actions
Status Check - Keycloak JavaScript CI	Run /./.github/actions/status-check	2024-12-12T15:15:41.8794607Z ##[group]Run ./.github/actions/status-check
Status Check - Keycloak JavaScript CI	Run /./.github/actions/status-check	2024-12-12T15:15:41.8794958Z with:
Status Check - Keycloak JavaScript CI	Run /./.github/actions/status-check	2024-12-12T15:15:41.8796153Z   jobs: {
Status Check - Keycloak JavaScript CI	Run /./.github/actions/status-check	  "conditional": {
Status Check - Keycloak JavaScript CI	Run /./.github/actions/status-check	    "result": "success",
Status Check - Keycloak JavaScript CI	Run /./.github/actions/status-check	    "outputs": {
Status Check - Keycloak JavaScript CI	Run /./.github/actions/status-check	      "js-ci": "true"
Status Check - Keycloak JavaScript CI	Run /./.github/actions/status-check	    }
Status Check - Keycloak JavaScript CI	Run /./.github/actions/status-check	  },
Status Check - Keycloak JavaScript CI	Run /./.github/actions/status-check	  "build-keycloak": {
Status Check - Keycloak JavaScript CI	Run /./.github/actions/status-check	    "result": "success",
Status Check - Keycloak JavaScript CI	Run /./.github/actions/status-check	    "outputs": {}
Status Check - Keycloak JavaScript CI	Run /./.github/actions/status-check	  },
Status Check - Keycloak JavaScript CI	Run /./.github/actions/status-check	  "admin-client": {
Status Check - Keycloak JavaScript CI	Run /./.github/actions/status-check	    "result": "success",
Status Check - Keycloak JavaScript CI	Run /./.github/actions/status-check	    "outputs": {}
Status Check - Keycloak JavaScript CI	Run /./.github/actions/status-check	  },
Status Check - Keycloak JavaScript CI	Run /./.github/actions/status-check	  "ui-shared": {
Status Check - Keycloak JavaScript CI	Run /./.github/actions/status-check	    "result": "success",
Status Check - Keycloak JavaScript CI	Run /./.github/actions/status-check	    "outputs": {}
Status Check - Keycloak JavaScript CI	Run /./.github/actions/status-check	  },
Status Check - Keycloak JavaScript CI	Run /./.github/actions/status-check	  "account-ui": {
Status Check - Keycloak JavaScript CI	Run /./.github/actions/status-check	    "result": "success",
Status Check - Keycloak JavaScript CI	Run /./.github/actions/status-check	    "outputs": {}
Status Check - Keycloak JavaScript CI	Run /./.github/actions/status-check	  },
Status Check - Keycloak JavaScript CI	Run /./.github/actions/status-check	  "account-ui-e2e": {
Status Check - Keycloak JavaScript CI	Run /./.github/actions/status-check	    "result": "success",
Status Check - Keycloak JavaScript CI	Run /./.github/actions/status-check	    "outputs": {}
Status Check - Keycloak JavaScript CI	Run /./.github/actions/status-check	  },
Status Check - Keycloak JavaScript CI	Run /./.github/actions/status-check	  "admin-ui": {
Status Check - Keycloak JavaScript CI	Run /./.github/actions/status-check	    "result": "success",
Status Check - Keycloak JavaScript CI	Run /./.github/actions/status-check	    "outputs": {}
Status Check - Keycloak JavaScript CI	Run /./.github/actions/status-check	  },
Status Check - Keycloak JavaScript CI	Run /./.github/actions/status-check	  "admin-ui-e2e": {
Status Check - Keycloak JavaScript CI	Run /./.github/actions/status-check	    "result": "failure",
Status Check - Keycloak JavaScript CI	Run /./.github/actions/status-check	    "outputs": {}
Status Check - Keycloak JavaScript CI	Run /./.github/actions/status-check	  }
Status Check - Keycloak JavaScript CI	Run /./.github/actions/status-check	}
Status Check - Keycloak JavaScript CI	Run /./.github/actions/status-check	2024-12-12T15:15:41.8797492Z env:
Status Check - Keycloak JavaScript CI	Run /./.github/actions/status-check	2024-12-12T15:15:41.8797800Z   MAVEN_ARGS: -B -nsu -Daether.connector.http.connectionMaxTtl=25
Status Check - Keycloak JavaScript CI	Run /./.github/actions/status-check	2024-12-12T15:15:41.8798173Z ##[endgroup]
Status Check - Keycloak JavaScript CI	Run /./.github/actions/status-check	2024-12-12T15:15:41.8899890Z ##[group]Run JOBS='{
Status Check - Keycloak JavaScript CI	Run /./.github/actions/status-check	2024-12-12T15:15:41.8900267Z [36;1mJOBS='{[0m
Status Check - Keycloak JavaScript CI	Run /./.github/actions/status-check	2024-12-12T15:15:41.8900559Z [36;1m  "conditional": {[0m
Status Check - Keycloak JavaScript CI	Run /./.github/actions/status-check	2024-12-12T15:15:41.8900829Z [36;1m    "result": "success",[0m
Status Check - Keycloak JavaScript CI	Run /./.github/actions/status-check	2024-12-12T15:15:41.8901104Z [36;1m    "outputs": {[0m
Status Check - Keycloak JavaScript CI	Run /./.github/actions/status-check	2024-12-12T15:15:41.8901368Z [36;1m      "js-ci": "true"[0m
Status Check - Keycloak JavaScript CI	Run /./.github/actions/status-check	2024-12-12T15:15:41.8901624Z [36;1m    }[0m
Status Check - Keycloak JavaScript CI	Run /./.github/actions/status-check	2024-12-12T15:15:41.8901832Z [36;1m  },[0m
Status Check - Keycloak JavaScript CI	Run /./.github/actions/status-check	2024-12-12T15:15:41.8902063Z [36;1m  "build-keycloak": {[0m
Status Check - Keycloak JavaScript CI	Run /./.github/actions/status-check	2024-12-12T15:15:41.8902341Z [36;1m    "result": "success",[0m
Status Check - Keycloak JavaScript CI	Run /./.github/actions/status-check	2024-12-12T15:15:41.8983466Z [36;1m    "outputs": {}[0m
Status Check - Keycloak JavaScript CI	Run /./.github/actions/status-check	2024-12-12T15:15:41.8983782Z [36;1m  },[0m
Status Check - Keycloak JavaScript CI	Run /./.github/actions/status-check	2024-12-12T15:15:41.8984243Z [36;1m  "admin-client": {[0m
Status Check - Keycloak JavaScript CI	Run /./.github/actions/status-check	2024-12-12T15:15:41.8984530Z [36;1m    "result": "success",[0m
Status Check - Keycloak JavaScript CI	Run /./.github/actions/status-check	2024-12-12T15:15:41.8984812Z [36;1m    "outputs": {}[0m
Status Check - Keycloak JavaScript CI	Run /./.github/actions/status-check	2024-12-12T15:15:41.8985134Z [36;1m  },[0m
Status Check - Keycloak JavaScript CI	Run /./.github/actions/status-check	2024-12-12T15:15:41.8985390Z [36;1m  "ui-shared": {[0m
Status Check - Keycloak JavaScript CI	Run /./.github/actions/status-check	2024-12-12T15:15:41.8985671Z [36;1m    "result": "success",[0m
Status Check - Keycloak JavaScript CI	Run /./.github/actions/status-check	2024-12-12T15:15:41.8985967Z [36;1m    "outputs": {}[0m
Status Check - Keycloak JavaScript CI	Run /./.github/actions/status-check	2024-12-12T15:15:41.8986224Z [36;1m  },[0m
Status Check - Keycloak JavaScript CI	Run /./.github/actions/status-check	2024-12-12T15:15:41.8986445Z [36;1m  "account-ui": {[0m
Status Check - Keycloak JavaScript CI	Run /./.github/actions/status-check	2024-12-12T15:15:41.8986698Z [36;1m    "result": "success",[0m
Status Check - Keycloak JavaScript CI	Run /./.github/actions/status-check	2024-12-12T15:15:41.8986963Z [36;1m    "outputs": {}[0m
Status Check - Keycloak JavaScript CI	Run /./.github/actions/status-check	2024-12-12T15:15:41.8987195Z [36;1m  },[0m
Status Check - Keycloak JavaScript CI	Run /./.github/actions/status-check	2024-12-12T15:15:41.8987412Z [36;1m  "account-ui-e2e": {[0m
Status Check - Keycloak JavaScript CI	Run /./.github/actions/status-check	2024-12-12T15:15:41.8987675Z [36;1m    "result": "success",[0m
Status Check - Keycloak JavaScript CI	Run /./.github/actions/status-check	2024-12-12T15:15:41.8987926Z [36;1m    "outputs": {}[0m
Status Check - Keycloak JavaScript CI	Run /./.github/actions/status-check	2024-12-12T15:15:41.8988159Z [36;1m  },[0m
Status Check - Keycloak JavaScript CI	Run /./.github/actions/status-check	2024-12-12T15:15:41.8988384Z [36;1m  "admin-ui": {[0m
Status Check - Keycloak JavaScript CI	Run /./.github/actions/status-check	2024-12-12T15:15:41.8988623Z [36;1m    "result": "success",[0m
Status Check - Keycloak JavaScript CI	Run /./.github/actions/status-check	2024-12-12T15:15:41.8988878Z [36;1m    "outputs": {}[0m
Status Check - Keycloak JavaScript CI	Run /./.github/actions/status-check	2024-12-12T15:15:41.8989107Z [36;1m  },[0m
Status Check - Keycloak JavaScript CI	Run /./.github/actions/status-check	2024-12-12T15:15:41.8989310Z [36;1m  "admin-ui-e2e": {[0m
Status Check - Keycloak JavaScript CI	Run /./.github/actions/status-check	2024-12-12T15:15:41.8989569Z [36;1m    "result": "failure",[0m
Status Check - Keycloak JavaScript CI	Run /./.github/actions/status-check	2024-12-12T15:15:41.8989828Z [36;1m    "outputs": {}[0m
Status Check - Keycloak JavaScript CI	Run /./.github/actions/status-check	2024-12-12T15:15:41.8990061Z [36;1m  }[0m
Status Check - Keycloak JavaScript CI	Run /./.github/actions/status-check	2024-12-12T15:15:41.8990262Z [36;1m}'[0m
Status Check - Keycloak JavaScript CI	Run /./.github/actions/status-check	2024-12-12T15:15:41.8990463Z [36;1m[0m
Status Check - Keycloak JavaScript CI	Run /./.github/actions/status-check	2024-12-12T15:15:41.8990677Z [36;1mecho "Job status:"[0m
Status Check - Keycloak JavaScript CI	Run /./.github/actions/status-check	2024-12-12T15:15:41.8991063Z [36;1mecho $JOBS | jq -r 'to_entries[] | " - \(.key): \(.value.result)"'[0m
Status Check - Keycloak JavaScript CI	Run /./.github/actions/status-check	2024-12-12T15:15:41.8991417Z [36;1m[0m
Status Check - Keycloak JavaScript CI	Run /./.github/actions/status-check	2024-12-12T15:15:41.8991713Z [36;1mfor i in $(echo $JOBS | jq -r 'to_entries[] | .value.result'); do[0m
Status Check - Keycloak JavaScript CI	Run /./.github/actions/status-check	2024-12-12T15:15:41.8992143Z [36;1m  if [ "$i" != "success" ] && [ "$i" != "skipped" ]; then[0m
Status Check - Keycloak JavaScript CI	Run /./.github/actions/status-check	2024-12-12T15:15:41.8992459Z [36;1m    echo ""[0m
Status Check - Keycloak JavaScript CI	Run /./.github/actions/status-check	2024-12-12T15:15:41.8992729Z [36;1m    echo "Status check not okay!"[0m
Status Check - Keycloak JavaScript CI	Run /./.github/actions/status-check	2024-12-12T15:15:41.8993049Z [36;1m    exit 1[0m
Status Check - Keycloak JavaScript CI	Run /./.github/actions/status-check	2024-12-12T15:15:41.8993267Z [36;1m  fi[0m
Status Check - Keycloak JavaScript CI	Run /./.github/actions/status-check	2024-12-12T15:15:41.8993466Z [36;1mdone[0m
Status Check - Keycloak JavaScript CI	Run /./.github/actions/status-check	2024-12-12T15:15:41.9026475Z shell: /usr/bin/bash --noprofile --norc -e -o pipefail {0}
Status Check - Keycloak JavaScript CI	Run /./.github/actions/status-check	2024-12-12T15:15:41.9027090Z env:
Status Check - Keycloak JavaScript CI	Run /./.github/actions/status-check	2024-12-12T15:15:41.9027416Z   MAVEN_ARGS: -B -nsu -Daether.connector.http.connectionMaxTtl=25
Status Check - Keycloak JavaScript CI	Run /./.github/actions/status-check	2024-12-12T15:15:41.9027790Z ##[endgroup]
Status Check - Keycloak JavaScript CI	Run /./.github/actions/status-check	2024-12-12T15:15:41.9095687Z Job status:
Status Check - Keycloak JavaScript CI	Run /./.github/actions/status-check	2024-12-12T15:15:41.9145019Z  - conditional: success
Status Check - Keycloak JavaScript CI	Run /./.github/actions/status-check	2024-12-12T15:15:41.9145501Z  - build-keycloak: success
Status Check - Keycloak JavaScript CI	Run /./.github/actions/status-check	2024-12-12T15:15:41.9146139Z  - admin-client: success
Status Check - Keycloak JavaScript CI	Run /./.github/actions/status-check	2024-12-12T15:15:41.9146407Z  - ui-shared: success
Status Check - Keycloak JavaScript CI	Run /./.github/actions/status-check	2024-12-12T15:15:41.9146655Z  - account-ui: success
Status Check - Keycloak JavaScript CI	Run /./.github/actions/status-check	2024-12-12T15:15:41.9146902Z  - account-ui-e2e: success
Status Check - Keycloak JavaScript CI	Run /./.github/actions/status-check	2024-12-12T15:15:41.9147162Z  - admin-ui: success
Status Check - Keycloak JavaScript CI	Run /./.github/actions/status-check	2024-12-12T15:15:41.9147410Z  - admin-ui-e2e: failure
Status Check - Keycloak JavaScript CI	Run /./.github/actions/status-check	2024-12-12T15:15:41.9179401Z 
Status Check - Keycloak JavaScript CI	Run /./.github/actions/status-check	2024-12-12T15:15:41.9179715Z Status check not okay!
Status Check - Keycloak JavaScript CI	Run /./.github/actions/status-check	2024-12-12T15:15:41.9192533Z ##[error]Process completed with exit code 1.
