Admin UI E2E (5, chrome)	Run Cypress	2025-02-05T13:14:51.8525229Z ##[group]Run cypress-io/github-action@v6
Admin UI E2E (5, chrome)	Run Cypress	2025-02-05T13:14:51.8525744Z with:
Admin UI E2E (5, chrome)	Run Cypress	2025-02-05T13:14:51.8526061Z   install: false
Admin UI E2E (5, chrome)	Run Cypress	2025-02-05T13:14:51.8526386Z   browser: chrome
Admin UI E2E (5, chrome)	Run Cypress	2025-02-05T13:14:51.8526745Z   wait-on: http://localhost:8080
Admin UI E2E (5, chrome)	Run Cypress	2025-02-05T13:14:51.8527191Z   working-directory: js/apps/admin-ui
Admin UI E2E (5, chrome)	Run Cypress	2025-02-05T13:14:51.8527625Z   record: false
Admin UI E2E (5, chrome)	Run Cypress	2025-02-05T13:14:51.8527976Z   publish-summary: true
Admin UI E2E (5, chrome)	Run Cypress	2025-02-05T13:14:51.8528343Z   component: false
Admin UI E2E (5, chrome)	Run Cypress	2025-02-05T13:14:51.8528660Z env:
Admin UI E2E (5, chrome)	Run Cypress	2025-02-05T13:14:51.8529071Z   MAVEN_ARGS: -B -nsu -Daether.connector.http.connectionMaxTtl=25
Admin UI E2E (5, chrome)	Run Cypress	2025-02-05T13:14:51.8529750Z   RETRY_COUNT: 3
Admin UI E2E (5, chrome)	Run Cypress	2025-02-05T13:14:51.8530097Z   COREPACK_INTEGRITY_KEYS: 0
Admin UI E2E (5, chrome)	Run Cypress	2025-02-05T13:14:51.8530514Z   WORKSPACE: keycloak-admin-ui
Admin UI E2E (5, chrome)	Run Cypress	2025-02-05T13:14:51.8531097Z   JAVA_HOME: /opt/hostedtoolcache/Java_Temurin-Hotspot_jdk/21.0.6-7/x64
Admin UI E2E (5, chrome)	Run Cypress	2025-02-05T13:14:51.8531932Z   JAVA_HOME_21_X64: /opt/hostedtoolcache/Java_Temurin-Hotspot_jdk/21.0.6-7/x64
Admin UI E2E (5, chrome)	Run Cypress	2025-02-05T13:14:51.8532772Z   SPLIT: 5
Admin UI E2E (5, chrome)	Run Cypress	2025-02-05T13:14:51.8533084Z   SPLIT_INDEX: 4
Admin UI E2E (5, chrome)	Run Cypress	2025-02-05T13:14:51.8533459Z   SPLIT_RANDOM_SEED: 20
Admin UI E2E (5, chrome)	Run Cypress	2025-02-05T13:14:51.8533796Z ##[endgroup]
Admin UI E2E (5, chrome)	Run Cypress	2025-02-05T13:14:52.1713211Z Skipping install because install parameter is false
Admin UI E2E (5, chrome)	Run Cypress	2025-02-05T13:14:52.1734350Z waiting on "http://localhost:8080" with timeout of 60 seconds
Admin UI E2E (5, chrome)	Run Cypress	2025-02-05T13:15:11.1733718Z It looks like this is your first time using Cypress: 14.0.1
Admin UI E2E (5, chrome)	Run Cypress	2025-02-05T13:15:11.1734202Z 
Admin UI E2E (5, chrome)	Run Cypress	2025-02-05T13:15:11.1757652Z [STARTED] Task without title.
Admin UI E2E (5, chrome)	Run Cypress	2025-02-05T13:15:12.6801683Z [SUCCESS] Task without title.
Admin UI E2E (5, chrome)	Run Cypress	2025-02-05T13:15:12.6805546Z 
Admin UI E2E (5, chrome)	Run Cypress	2025-02-05T13:15:12.6805856Z Opening Cypress...
Admin UI E2E (5, chrome)	Run Cypress	2025-02-05T13:15:13.2650040Z 
Admin UI E2E (5, chrome)	Run Cypress	2025-02-05T13:15:13.2652051Z DevTools listening on ws://127.0.0.1:35719/devtools/browser/562429ec-aa51-49ae-9d40-aa16bd407307
Admin UI E2E (5, chrome)	Run Cypress	2025-02-05T13:15:13.8943204Z (node:2760) ExperimentalWarning: `--experimental-loader` may be removed in the future; instead use `register()`:
Admin UI E2E (5, chrome)	Run Cypress	2025-02-05T13:15:13.8945839Z --import 'data:text/javascript,import { register } from "node:module"; import { pathToFileURL } from "node:url"; register("file%3A///home/runner/.cache/Cypress/14.0.1/Cypress/resources/app/node_modules/ts-node/esm/transpile-only.mjs", pathToFileURL("./"));'
Admin UI E2E (5, chrome)	Run Cypress	2025-02-05T13:15:13.8947840Z (Use `node --trace-warnings ...` to show where the warning was created)
Admin UI E2E (5, chrome)	Run Cypress	2025-02-05T13:15:14.6136350Z cypress-split: there are 41 found specs
Admin UI E2E (5, chrome)	Run Cypress	2025-02-05T13:15:14.6137044Z the first 5 specs
Admin UI E2E (5, chrome)	Run Cypress	2025-02-05T13:15:14.6138112Z - 1: /home/runner/work/keycloak/keycloak/js/apps/admin-ui/cypress/e2e/sessions_test.spec.ts
Admin UI E2E (5, chrome)	Run Cypress	2025-02-05T13:15:14.6140002Z - 2: /home/runner/work/keycloak/keycloak/js/apps/admin-ui/cypress/e2e/realm_settings_client_profiles_test.spec.ts
Admin UI E2E (5, chrome)	Run Cypress	2025-02-05T13:15:14.6141506Z - 3: /home/runner/work/keycloak/keycloak/js/apps/admin-ui/cypress/e2e/client_scopes_test.spec.ts
Admin UI E2E (5, chrome)	Run Cypress	2025-02-05T13:15:14.6143234Z - 4: /home/runner/work/keycloak/keycloak/js/apps/admin-ui/cypress/e2e/realm_settings_client_policies_test.spec.ts
Admin UI E2E (5, chrome)	Run Cypress	2025-02-05T13:15:14.6144750Z - 5: /home/runner/work/keycloak/keycloak/js/apps/admin-ui/cypress/e2e/realm_user_registration.spec.ts
Admin UI E2E (5, chrome)	Run Cypress	2025-02-05T13:15:14.6145674Z cypress-split: chunk 5 of 5
Admin UI E2E (5, chrome)	Run Cypress	2025-02-05T13:15:14.6156008Z k  spec                                            
Admin UI E2E (5, chrome)	Run Cypress	2025-02-05T13:15:14.6156638Z -  ------------------------------------------------
Admin UI E2E (5, chrome)	Run Cypress	2025-02-05T13:15:14.6157261Z 1  cypress/e2e/identity_providers_test.spec.ts     
Admin UI E2E (5, chrome)	Run Cypress	2025-02-05T13:15:14.6157906Z 2  cypress/e2e/user_fed_kerberos_test.spec.ts      
Admin UI E2E (5, chrome)	Run Cypress	2025-02-05T13:15:14.6158545Z 3  cypress/e2e/client_registration_policies.spec.ts
Admin UI E2E (5, chrome)	Run Cypress	2025-02-05T13:15:14.6159105Z 4  cypress/e2e/clients_test.spec.ts                
Admin UI E2E (5, chrome)	Run Cypress	2025-02-05T13:15:14.6159490Z 5  cypress/e2e/events_test.spec.ts                 
Admin UI E2E (5, chrome)	Run Cypress	2025-02-05T13:15:14.6159871Z 6  cypress/e2e/client_authorization_test.spec.ts   
Admin UI E2E (5, chrome)	Run Cypress	2025-02-05T13:15:14.6160244Z 7  cypress/e2e/masthead_test.spec.ts               
Admin UI E2E (5, chrome)	Run Cypress	2025-02-05T13:15:14.6160607Z 8  cypress/e2e/users_enable_disable.spec.ts        
Admin UI E2E (5, chrome)	Run Cypress	2025-02-05T13:15:14.6160808Z 
Admin UI E2E (5, chrome)	Run Cypress	2025-02-05T13:15:15.4063487Z 
Admin UI E2E (5, chrome)	Run Cypress	2025-02-05T13:15:15.4301301Z [90m====================================================================================================[39m
Admin UI E2E (5, chrome)	Run Cypress	2025-02-05T13:15:15.4302362Z 
Admin UI E2E (5, chrome)	Run Cypress	2025-02-05T13:15:15.4303426Z [0m  ([4m[1mRun Starting[22m[24m)[0m
Admin UI E2E (5, chrome)	Run Cypress	2025-02-05T13:15:15.4303934Z 
Admin UI E2E (5, chrome)	Run Cypress	2025-02-05T13:15:15.4379139Z [90m  â”Œ[39m[90mâ”€[39m[90mâ”€[39m[90mâ”€[39m[90mâ”€[39m[90mâ”€[39m[90mâ”€[39m[90mâ”€[39m[90mâ”€[39m[90mâ”€[39m[90mâ”€[39m[90mâ”€[39m[90mâ”€[39m[90mâ”€[39m[90mâ”€[39m[90mâ”€[39m[90mâ”€[39m[90mâ”€[39m[90mâ”€[39m[90mâ”€[39m[90mâ”€[39m[90mâ”€[39m[90mâ”€[39m[90mâ”€[39m[90mâ”€[39m[90mâ”€[39m[90mâ”€[39m[90mâ”€[39m[90mâ”€[39m[90mâ”€[39m[90mâ”€[39m[90mâ”€[39m[90mâ”€[39m[90mâ”€[39m[90mâ”€[39m[90mâ”€[39m[90mâ”€[39m[90mâ”€[39m[90mâ”€[39m[90mâ”€[39m[90mâ”€[39m[90mâ”€[39m[90mâ”€[39m[90mâ”€[39m[90mâ”€[39m[90mâ”€[39m[90mâ”€[39m[90mâ”€[39m[90mâ”€[39m[90mâ”€[39m[90mâ”€[39m[90mâ”€[39m[90mâ”€[39m[90mâ”€[39m[90mâ”€[39m[90mâ”€[39m[90mâ”€[39m[90mâ”€[39m[90mâ”€[39m[90mâ”€[39m[90mâ”€[39m[90mâ”€[39m[90mâ”€[39m[90mâ”€[39m[90mâ”€[39m[90mâ”€[39m[90mâ”€[39m[90mâ”€[39m[90mâ”€[39m[90mâ”€[39m[90mâ”€[39m[90mâ”€[39m[90mâ”€[39m[90mâ”€[39m[90mâ”€[39m[90mâ”€[39m[90mâ”€[39m[90mâ”€[39m[90mâ”€[39m[90mâ”€[39m[90mâ”€[39m[90mâ”€[39m[90mâ”€[39m[90mâ”€[39m[90mâ”€[39m[90mâ”€[39m[90mâ”€[39m[90mâ”€[39m[90mâ”€[39m[90mâ”€[39m[90mâ”€[39m[90mâ”€[39m[90mâ”€[39m[90mâ”€[39m[90mâ”€[39m[90mâ”€[39m[90mâ”€[39m[90mâ”[39m
Admin UI E2E (5, chrome)	Run Cypress	2025-02-05T13:15:15.4384506Z [90m  â”‚[39m [90mCypress:[39m        14.0.1                                                                         [90mâ”‚[39m
Admin UI E2E (5, chrome)	Run Cypress	2025-02-05T13:15:15.4386167Z [90m  â”‚[39m [90mBrowser:[39m        Chrome 133 [90m(headless)[39m                                                          [90mâ”‚[39m
Admin UI E2E (5, chrome)	Run Cypress	2025-02-05T13:15:15.4388135Z [90m  â”‚[39m [90mNode Version:[39m   [0mv20.18.0 [90m(/home/runner/runners/2.322.0/externals/node20/bin/node)[39m[0m              [90mâ”‚[39m
Admin UI E2E (5, chrome)	Run Cypress	2025-02-05T13:15:15.4390193Z [90m  â”‚[39m [90mSpecs:[39m          [0m8 found (identity_providers_test.spec.ts, user_fed_kerberos_test.spec.ts, clie[0m [90mâ”‚[39m
Admin UI E2E (5, chrome)	Run Cypress	2025-02-05T13:15:15.4392065Z [90m  â”‚[39m                 [0mnt_registration_policies.spec.ts, clients_test.spec.ts, events_test.spec.ts, c[0m [90mâ”‚[39m
Admin UI E2E (5, chrome)	Run Cypress	2025-02-05T13:15:15.4394160Z [90m  â”‚[39m                 [0mlient_authorization_test.spec.ts, masthead_test.spec.ts, users_enable_disable.[0m [90mâ”‚[39m
Admin UI E2E (5, chrome)	Run Cypress	2025-02-05T13:15:15.4395759Z [90m  â”‚[39m                 [0mspec.ts)[0m                                                                       [90mâ”‚[39m
Admin UI E2E (5, chrome)	Run Cypress	2025-02-05T13:15:15.4397508Z [90m  â”‚[39m [90mSearched:[39m       [0mcypress/e2e/identity_providers_test.spec.ts, cypress/e2e/user_fed_kerberos_tes[0m [90mâ”‚[39m
Admin UI E2E (5, chrome)	Run Cypress	2025-02-05T13:15:15.4399488Z [90m  â”‚[39m                 [0mt.spec.ts, cypress/e2e/client_registration_policies.spec.ts, cypress/e2e/clien[0m [90mâ”‚[39m
Admin UI E2E (5, chrome)	Run Cypress	2025-02-05T13:15:15.4401319Z [90m  â”‚[39m                 [0mts_test.spec.ts, cypress/e2e/events_test.spec.ts, cypress/e2e/client_authoriza[0m [90mâ”‚[39m
Admin UI E2E (5, chrome)	Run Cypress	2025-02-05T13:15:15.4403364Z [90m  â”‚[39m                 [0mtion_test.spec.ts, cypress/e2e/masthead_test.spec.ts, cypress/e2e/users_enable[0m [90mâ”‚[39m
Admin UI E2E (5, chrome)	Run Cypress	2025-02-05T13:15:15.4405044Z [90m  â”‚[39m                 [0m_disable.spec.ts[0m                                                               [90mâ”‚[39m
Admin UI E2E (5, chrome)	Run Cypress	2025-02-05T13:15:15.4407066Z [90m  â”‚[39m [90mExperiments:[39m    experimentalMemoryManagement=true                                              [90mâ”‚[39m
Admin UI E2E (5, chrome)	Run Cypress	2025-02-05T13:15:15.4415082Z [90m  â””[39m[90mâ”€[39m[90mâ”€[39m[90mâ”€[39m[90mâ”€[39m[90mâ”€[39m[90mâ”€[39m[90mâ”€[39m[90mâ”€[39m[90mâ”€[39m[90mâ”€[39m[90mâ”€[39m[90mâ”€[39m[90mâ”€[39m[90mâ”€[39m[90mâ”€[39m[90mâ”€[39m[90mâ”€[39m[90mâ”€[39m[90mâ”€[39m[90mâ”€[39m[90mâ”€[39m[90mâ”€[39m[90mâ”€[39m[90mâ”€[39m[90mâ”€[39m[90mâ”€[39m[90mâ”€[39m[90mâ”€[39m[90mâ”€[39m[90mâ”€[39m[90mâ”€[39m[90mâ”€[39m[90mâ”€[39m[90mâ”€[39m[90mâ”€[39m[90mâ”€[39m[90mâ”€[39m[90mâ”€[39m[90mâ”€[39m[90mâ”€[39m[90mâ”€[39m[90mâ”€[39m[90mâ”€[39m[90mâ”€[39m[90mâ”€[39m[90mâ”€[39m[90mâ”€[39m[90mâ”€[39m[90mâ”€[39m[90mâ”€[39m[90mâ”€[39m[90mâ”€[39m[90mâ”€[39m[90mâ”€[39m[90mâ”€[39m[90mâ”€[39m[90mâ”€[39m[90mâ”€[39m[90mâ”€[39m[90mâ”€[39m[90mâ”€[39m[90mâ”€[39m[90mâ”€[39m[90mâ”€[39m[90mâ”€[39m[90mâ”€[39m[90mâ”€[39m[90mâ”€[39m[90mâ”€[39m[90mâ”€[39m[90mâ”€[39m[90mâ”€[39m[90mâ”€[39m[90mâ”€[39m[90mâ”€[39m[90mâ”€[39m[90mâ”€[39m[90mâ”€[39m[90mâ”€[39m[90mâ”€[39m[90mâ”€[39m[90mâ”€[39m[90mâ”€[39m[90mâ”€[39m[90mâ”€[39m[90mâ”€[39m[90mâ”€[39m[90mâ”€[39m[90mâ”€[39m[90mâ”€[39m[90mâ”€[39m[90mâ”€[39m[90mâ”€[39m[90mâ”€[39m[90mâ”€[39m[90mâ”€[39m[90mâ”˜[39m
Admin UI E2E (5, chrome)	Run Cypress	2025-02-05T13:15:15.4419475Z 
Admin UI E2E (5, chrome)	Run Cypress	2025-02-05T13:15:15.4419552Z 
Admin UI E2E (5, chrome)	Run Cypress	2025-02-05T13:15:15.4426854Z [90mâ”€[39m[90mâ”€[39m[90mâ”€[39m[90mâ”€[39m[90mâ”€[39m[90mâ”€[39m[90mâ”€[39m[90mâ”€[39m[90mâ”€[39m[90mâ”€[39m[90mâ”€[39m[90mâ”€[39m[90mâ”€[39m[90mâ”€[39m[90mâ”€[39m[90mâ”€[39m[90mâ”€[39m[90mâ”€[39m[90mâ”€[39m[90mâ”€[39m[90mâ”€[39m[90mâ”€[39m[90mâ”€[39m[90mâ”€[39m[90mâ”€[39m[90mâ”€[39m[90mâ”€[39m[90mâ”€[39m[90mâ”€[39m[90mâ”€[39m[90mâ”€[39m[90mâ”€[39m[90mâ”€[39m[90mâ”€[39m[90mâ”€[39m[90mâ”€[39m[90mâ”€[39m[90mâ”€[39m[90mâ”€[39m[90mâ”€[39m[90mâ”€[39m[90mâ”€[39m[90mâ”€[39m[90mâ”€[39m[90mâ”€[39m[90mâ”€[39m[90mâ”€[39m[90mâ”€[39m[90mâ”€[39m[90mâ”€[39m[90mâ”€[39m[90mâ”€[39m[90mâ”€[39m[90mâ”€[39m[90mâ”€[39m[90mâ”€[39m[90mâ”€[39m[90mâ”€[39m[90mâ”€[39m[90mâ”€[39m[90mâ”€[39m[90mâ”€[39m[90mâ”€[39m[90mâ”€[39m[90mâ”€[39m[90mâ”€[39m[90mâ”€[39m[90mâ”€[39m[90mâ”€[39m[90mâ”€[39m[90mâ”€[39m[90mâ”€[39m[90mâ”€[39m[90mâ”€[39m[90mâ”€[39m[90mâ”€[39m[90mâ”€[39m[90mâ”€[39m[90mâ”€[39m[90mâ”€[39m[90mâ”€[39m[90mâ”€[39m[90mâ”€[39m[90mâ”€[39m[90mâ”€[39m[90mâ”€[39m[90mâ”€[39m[90mâ”€[39m[90mâ”€[39m[90mâ”€[39m[90mâ”€[39m[90mâ”€[39m[90mâ”€[39m[90mâ”€[39m[90mâ”€[39m[90mâ”€[39m[90mâ”€[39m[90mâ”€[39m[90mâ”€[39m[90mâ”€[39m
Admin UI E2E (5, chrome)	Run Cypress	2025-02-05T13:15:15.4431040Z                                                                                                     
Admin UI E2E (5, chrome)	Run Cypress	2025-02-05T13:15:15.4432192Z   Running:  [90midentity_providers_test.spec.ts[39m                                                 [90m(1 of 8)[39m
Admin UI E2E (5, chrome)	Run Cypress	2025-02-05T13:15:22.7277347Z 
Admin UI E2E (5, chrome)	Run Cypress	2025-02-05T13:15:22.7283958Z [0m[0m
Admin UI E2E (5, chrome)	Run Cypress	2025-02-05T13:15:22.7301144Z [0m  Identity provider test[0m
Admin UI E2E (5, chrome)	Run Cypress	2025-02-05T13:15:22.7302373Z [0m    Identity provider creation[0m
Admin UI E2E (5, chrome)	Run Cypress	2025-02-05T13:15:32.6271465Z     [32m  âœ“[0m[90m should create github provider[0m[90m (9823ms)[0m
Admin UI E2E (5, chrome)	Run Cypress	2025-02-05T13:15:36.0877052Z     [32m  âœ“[0m[90m fail to make duplicate github provider[0m[90m (3400ms)[0m
Admin UI E2E (5, chrome)	Run Cypress	2025-02-05T13:15:39.5035641Z     [32m  âœ“[0m[90m should create facebook provider[0m[90m (3337ms)[0m
Admin UI E2E (5, chrome)	Run Cypress	2025-02-05T13:15:42.8444736Z     [32m  âœ“[0m[90m search for existing provider by name[0m[90m (3226ms)[0m
Admin UI E2E (5, chrome)	Run Cypress	2025-02-05T13:15:46.2451029Z     [32m  âœ“[0m[90m search for non-existing provider by name[0m[90m (3299ms)[0m
Admin UI E2E (5, chrome)	Run Cypress	2025-02-05T13:15:51.0361627Z     [32m  âœ“[0m[90m create and delete provider by item details[0m[90m (4671ms)[0m
Admin UI E2E (5, chrome)	Run Cypress	2025-02-05T13:15:51.0734582Z     [36m  - should change order of providers[0m
Admin UI E2E (5, chrome)	Run Cypress	2025-02-05T13:15:53.2851597Z     [32m  âœ“[0m[90m should delete provider[0m[90m (2141ms)[0m
Admin UI E2E (5, chrome)	Run Cypress	2025-02-05T13:15:57.8863165Z     [32m  âœ“[0m[90m should add facebook social mapper[0m[90m (4561ms)[0m
Admin UI E2E (5, chrome)	Run Cypress	2025-02-05T13:16:02.8453495Z     [32m  âœ“[0m[90m should add Social mapper of type Attribute Importer[0m[90m (4830ms)[0m
Admin UI E2E (5, chrome)	Run Cypress	2025-02-05T13:16:06.4240742Z     [32m  âœ“[0m[90m should edit facebook mapper[0m[90m (3535ms)[0m
Admin UI E2E (5, chrome)	Run Cypress	2025-02-05T13:16:09.1908633Z     [32m  âœ“[0m[90m should delete facebook mapper[0m[90m (2674ms)[0m
Admin UI E2E (5, chrome)	Run Cypress	2025-02-05T13:16:11.6911087Z     [32m  âœ“[0m[90m clean up providers[0m[90m (2421ms)[0m
Admin UI E2E (5, chrome)	Run Cypress	2025-02-05T13:16:11.7065555Z [0m      Custom fields tests[0m
Admin UI E2E (5, chrome)	Run Cypress	2025-02-05T13:16:15.5211003Z       [32m  âœ“[0m[90m should create social login provider Bitbucket with custom fields[0m[90m (3657ms)[0m
Admin UI E2E (5, chrome)	Run Cypress	2025-02-05T13:16:19.6575118Z       [32m  âœ“[0m[90m should create social login provider Facebook with custom fields[0m[90m (4057ms)[0m
Admin UI E2E (5, chrome)	Run Cypress	2025-02-05T13:16:24.0311621Z       [32m  âœ“[0m[90m should create social login provider Github with custom fields[0m[90m (4326ms)[0m
Admin UI E2E (5, chrome)	Run Cypress	2025-02-05T13:16:27.9210003Z       [32m  âœ“[0m[90m should create social login provider Gitlab with custom fields[0m[90m (3755ms)[0m
Admin UI E2E (5, chrome)	Run Cypress	2025-02-05T13:16:32.0816245Z       [32m  âœ“[0m[90m should create social login provider Google with custom fields[0m[90m (4077ms)[0m
Admin UI E2E (5, chrome)	Run Cypress	2025-02-05T13:16:35.5848396Z       [32m  âœ“[0m[90m should create social login provider Instagram with custom fields[0m[90m (3455ms)[0m
Admin UI E2E (5, chrome)	Run Cypress	2025-02-05T13:16:39.0502472Z       [32m  âœ“[0m[90m should create social login provider LinkedIn with custom fields[0m[90m (3389ms)[0m
Admin UI E2E (5, chrome)	Run Cypress	2025-02-05T13:16:43.7840360Z       [32m  âœ“[0m[90m should create social login provider Microsoft with custom fields[0m[90m (4546ms)[0m
Admin UI E2E (5, chrome)	Run Cypress	2025-02-05T13:16:47.8244320Z       [32m  âœ“[0m[90m should create social login provider Openshift-v4 with custom fields[0m[90m (3969ms)[0m
Admin UI E2E (5, chrome)	Run Cypress	2025-02-05T13:16:51.2937399Z       [32m  âœ“[0m[90m should create social login provider Paypal with custom fields[0m[90m (3404ms)[0m
Admin UI E2E (5, chrome)	Run Cypress	2025-02-05T13:16:55.2323136Z       [32m  âœ“[0m[90m should create social login provider Stackoverflow with custom fields[0m[90m (3891ms)[0m
Admin UI E2E (5, chrome)	Run Cypress	2025-02-05T13:17:00.2228857Z       [32m  âœ“[0m[90m should create social login provider Twitter with custom fields[0m[90m (3727ms)[0m
Admin UI E2E (5, chrome)	Run Cypress	2025-02-05T13:17:00.2480516Z [0m    should check provider details[0m
Admin UI E2E (5, chrome)	Run Cypress	2025-02-05T13:17:03.0954031Z     [32m  âœ“[0m[90m creating github provider[0m[90m (2825ms)[0m
Admin UI E2E (5, chrome)	Run Cypress	2025-02-05T13:17:07.2701742Z     [32m  âœ“[0m[90m should check general settings[0m[90m (4121ms)[0m
Admin UI E2E (5, chrome)	Run Cypress	2025-02-05T13:17:11.1924316Z     [32m  âœ“[0m[90m should check input switches and inputs[0m[90m (3883ms)[0m
Admin UI E2E (5, chrome)	Run Cypress	2025-02-05T13:17:14.1472780Z     [32m  âœ“[0m[90m should revert and save options[0m[90m (2877ms)[0m
Admin UI E2E (5, chrome)	Run Cypress	2025-02-05T13:17:16.1757221Z     [32m  âœ“[0m[90m should delete providers[0m[90m (1984ms)[0m
Admin UI E2E (5, chrome)	Run Cypress	2025-02-05T13:17:16.1900665Z [0m    Accessibility tests for identity providers[0m
Admin UI E2E (5, chrome)	Run Cypress	2025-02-05T13:17:20.4227818Z     [32m  âœ“[0m[90m Check a11y violations on load/ identity providers[0m[90m (4208ms)[0m
Admin UI E2E (5, chrome)	Run Cypress	2025-02-05T13:17:20.4232304Z 
Admin UI E2E (5, chrome)	Run Cypress	2025-02-05T13:17:20.4437749Z 
Admin UI E2E (5, chrome)	Run Cypress	2025-02-05T13:17:20.4455204Z [92m [0m[32m 30 passing[0m[90m (2m)[0m
Admin UI E2E (5, chrome)	Run Cypress	2025-02-05T13:17:20.4455934Z [36m [0m[36m 1 pending[0m
Admin UI E2E (5, chrome)	Run Cypress	2025-02-05T13:17:20.4456528Z 
Admin UI E2E (5, chrome)	Run Cypress	2025-02-05T13:17:21.4745384Z 
Admin UI E2E (5, chrome)	Run Cypress	2025-02-05T13:17:21.4746883Z [32m  ([4m[1mResults[22m[24m)[39m
Admin UI E2E (5, chrome)	Run Cypress	2025-02-05T13:17:21.4764275Z 
Admin UI E2E (5, chrome)	Run Cypress	2025-02-05T13:17:21.4780808Z [90m  â”Œ[39m[90mâ”€[39m[90mâ”€[39m[90mâ”€[39m[90mâ”€[39m[90mâ”€[39m[90mâ”€[39m[90mâ”€[39m[90mâ”€[39m[90mâ”€[39m[90mâ”€[39m[90mâ”€[39m[90mâ”€[39m[90mâ”€[39m[90mâ”€[39m[90mâ”€[39m[90mâ”€[39m[90mâ”€[39m[90mâ”€[39m[90mâ”€[39m[90mâ”€[39m[90mâ”€[39m[90mâ”€[39m[90mâ”€[39m[90mâ”€[39m[90mâ”€[39m[90mâ”€[39m[90mâ”€[39m[90mâ”€[39m[90mâ”€[39m[90mâ”€[39m[90mâ”€[39m[90mâ”€[39m[90mâ”€[39m[90mâ”€[39m[90mâ”€[39m[90mâ”€[39m[90mâ”€[39m[90mâ”€[39m[90mâ”€[39m[90mâ”€[39m[90mâ”€[39m[90mâ”€[39m[90mâ”€[39m[90mâ”€[39m[90mâ”€[39m[90mâ”€[39m[90mâ”€[39m[90mâ”€[39m[90mâ”€[39m[90mâ”€[39m[90mâ”€[39m[90mâ”€[39m[90mâ”€[39m[90mâ”€[39m[90mâ”€[39m[90mâ”€[39m[90mâ”€[39m[90mâ”€[39m[90mâ”€[39m[90mâ”€[39m[90mâ”€[39m[90mâ”€[39m[90mâ”€[39m[90mâ”€[39m[90mâ”€[39m[90mâ”€[39m[90mâ”€[39m[90mâ”€[39m[90mâ”€[39m[90mâ”€[39m[90mâ”€[39m[90mâ”€[39m[90mâ”€[39m[90mâ”€[39m[90mâ”€[39m[90mâ”€[39m[90mâ”€[39m[90mâ”€[39m[90mâ”€[39m[90mâ”€[39m[90mâ”€[39m[90mâ”€[39m[90mâ”€[39m[90mâ”€[39m[90mâ”€[39m[90mâ”€[39m[90mâ”€[39m[90mâ”€[39m[90mâ”€[39m[90mâ”€[39m[90mâ”€[39m[90mâ”€[39m[90mâ”€[39m[90mâ”€[39m[90mâ”€[39m[90mâ”€[39m[90mâ”[39m
Admin UI E2E (5, chrome)	Run Cypress	2025-02-05T13:17:21.4786156Z [90m  â”‚[39m [90mTests:[39m        [32m31[39m                                                                               [90mâ”‚[39m
Admin UI E2E (5, chrome)	Run Cypress	2025-02-05T13:17:21.4787654Z [90m  â”‚[39m [90mPassing:[39m      [32m30[39m                                                                               [90mâ”‚[39m
Admin UI E2E (5, chrome)	Run Cypress	2025-02-05T13:17:21.4788982Z [90m  â”‚[39m [90mFailing:[39m      [32m0[39m                                                                                [90mâ”‚[39m
Admin UI E2E (5, chrome)	Run Cypress	2025-02-05T13:17:21.4790379Z [90m  â”‚[39m [90mPending:[39m      [32m1[39m                                                                                [90mâ”‚[39m
Admin UI E2E (5, chrome)	Run Cypress	2025-02-05T13:17:21.4791839Z [90m  â”‚[39m [90mSkipped:[39m      [32m0[39m                                                                                [90mâ”‚[39m
Admin UI E2E (5, chrome)	Run Cypress	2025-02-05T13:17:21.4793998Z [90m  â”‚[39m [90mScreenshots:[39m  [32m0[39m                                                                                [90mâ”‚[39m
Admin UI E2E (5, chrome)	Run Cypress	2025-02-05T13:17:21.4795579Z [90m  â”‚[39m [90mVideo:[39m        [32mfalse[39m                                                                            [90mâ”‚[39m
Admin UI E2E (5, chrome)	Run Cypress	2025-02-05T13:17:21.4797097Z [90m  â”‚[39m [90mDuration:[39m     [32m1 minute, 57 seconds[39m                                                             [90mâ”‚[39m
Admin UI E2E (5, chrome)	Run Cypress	2025-02-05T13:17:21.4798647Z [90m  â”‚[39m [90mSpec Ran:[39m     [32m[32midentity_providers_test.spec.ts[32m[39m                                                  [90mâ”‚[39m
Admin UI E2E (5, chrome)	Run Cypress	2025-02-05T13:17:21.4806185Z [90m  â””[39m[90mâ”€[39m[90mâ”€[39m[90mâ”€[39m[90mâ”€[39m[90mâ”€[39m[90mâ”€[39m[90mâ”€[39m[90mâ”€[39m[90mâ”€[39m[90mâ”€[39m[90mâ”€[39m[90mâ”€[39m[90mâ”€[39m[90mâ”€[39m[90mâ”€[39m[90mâ”€[39m[90mâ”€[39m[90mâ”€[39m[90mâ”€[39m[90mâ”€[39m[90mâ”€[39m[90mâ”€[39m[90mâ”€[39m[90mâ”€[39m[90mâ”€[39m[90mâ”€[39m[90mâ”€[39m[90mâ”€[39m[90mâ”€[39m[90mâ”€[39m[90mâ”€[39m[90mâ”€[39m[90mâ”€[39m[90mâ”€[39m[90mâ”€[39m[90mâ”€[39m[90mâ”€[39m[90mâ”€[39m[90mâ”€[39m[90mâ”€[39m[90mâ”€[39m[90mâ”€[39m[90mâ”€[39m[90mâ”€[39m[90mâ”€[39m[90mâ”€[39m[90mâ”€[39m[90mâ”€[39m[90mâ”€[39m[90mâ”€[39m[90mâ”€[39m[90mâ”€[39m[90mâ”€[39m[90mâ”€[39m[90mâ”€[39m[90mâ”€[39m[90mâ”€[39m[90mâ”€[39m[90mâ”€[39m[90mâ”€[39m[90mâ”€[39m[90mâ”€[39m[90mâ”€[39m[90mâ”€[39m[90mâ”€[39m[90mâ”€[39m[90mâ”€[39m[90mâ”€[39m[90mâ”€[39m[90mâ”€[39m[90mâ”€[39m[90mâ”€[39m[90mâ”€[39m[90mâ”€[39m[90mâ”€[39m[90mâ”€[39m[90mâ”€[39m[90mâ”€[39m[90mâ”€[39m[90mâ”€[39m[90mâ”€[39m[90mâ”€[39m[90mâ”€[39m[90mâ”€[39m[90mâ”€[39m[90mâ”€[39m[90mâ”€[39m[90mâ”€[39m[90mâ”€[39m[90mâ”€[39m[90mâ”€[39m[90mâ”€[39m[90mâ”€[39m[90mâ”€[39m[90mâ”€[39m[90mâ”€[39m[90mâ”˜[39m
Admin UI E2E (5, chrome)	Run Cypress	2025-02-05T13:17:21.4810204Z 
Admin UI E2E (5, chrome)	Run Cypress	2025-02-05T13:17:21.5151259Z 
Admin UI E2E (5, chrome)	Run Cypress	2025-02-05T13:17:21.5163224Z [90mâ”€[39m[90mâ”€[39m[90mâ”€[39m[90mâ”€[39m[90mâ”€[39m[90mâ”€[39m[90mâ”€[39m[90mâ”€[39m[90mâ”€[39m[90mâ”€[39m[90mâ”€[39m[90mâ”€[39m[90mâ”€[39m[90mâ”€[39m[90mâ”€[39m[90mâ”€[39m[90mâ”€[39m[90mâ”€[39m[90mâ”€[39m[90mâ”€[39m[90mâ”€[39m[90mâ”€[39m[90mâ”€[39m[90mâ”€[39m[90mâ”€[39m[90mâ”€[39m[90mâ”€[39m[90mâ”€[39m[90mâ”€[39m[90mâ”€[39m[90mâ”€[39m[90mâ”€[39m[90mâ”€[39m[90mâ”€[39m[90mâ”€[39m[90mâ”€[39m[90mâ”€[39m[90mâ”€[39m[90mâ”€[39m[90mâ”€[39m[90mâ”€[39m[90mâ”€[39m[90mâ”€[39m[90mâ”€[39m[90mâ”€[39m[90mâ”€[39m[90mâ”€[39m[90mâ”€[39m[90mâ”€[39m[90mâ”€[39m[90mâ”€[39m[90mâ”€[39m[90mâ”€[39m[90mâ”€[39m[90mâ”€[39m[90mâ”€[39m[90mâ”€[39m[90mâ”€[39m[90mâ”€[39m[90mâ”€[39m[90mâ”€[39m[90mâ”€[39m[90mâ”€[39m[90mâ”€[39m[90mâ”€[39m[90mâ”€[39m[90mâ”€[39m[90mâ”€[39m[90mâ”€[39m[90mâ”€[39m[90mâ”€[39m[90mâ”€[39m[90mâ”€[39m[90mâ”€[39m[90mâ”€[39m[90mâ”€[39m[90mâ”€[39m[90mâ”€[39m[90mâ”€[39m[90mâ”€[39m[90mâ”€[39m[90mâ”€[39m[90mâ”€[39m[90mâ”€[39m[90mâ”€[39m[90mâ”€[39m[90mâ”€[39m[90mâ”€[39m[90mâ”€[39m[90mâ”€[39m[90mâ”€[39m[90mâ”€[39m[90mâ”€[39m[90mâ”€[39m[90mâ”€[39m[90mâ”€[39m[90mâ”€[39m[90mâ”€[39m[90mâ”€[39m[90mâ”€[39m
Admin UI E2E (5, chrome)	Run Cypress	2025-02-05T13:17:21.5166668Z                                                                                                     
Admin UI E2E (5, chrome)	Run Cypress	2025-02-05T13:17:21.5167947Z   Running:  [90muser_fed_kerberos_test.spec.ts[39m                                                  [90m(2 of 8)[39m
Admin UI E2E (5, chrome)	Run Cypress	2025-02-05T13:17:24.3029838Z 
Admin UI E2E (5, chrome)	Run Cypress	2025-02-05T13:17:24.3037906Z [0m[0m
Admin UI E2E (5, chrome)	Run Cypress	2025-02-05T13:17:24.3139209Z [0m  User Fed Kerberos tests[0m
Admin UI E2E (5, chrome)	Run Cypress	2025-02-05T13:17:31.5938137Z   [32m  âœ“[0m[90m Should create Kerberos provider from empty state[0m[90m (7272ms)[0m
Admin UI E2E (5, chrome)	Run Cypress	2025-02-05T13:17:36.3910049Z   [32m  âœ“[0m[90m Should enable debug, password authentication, and first login[0m[90m (4711ms)[0m
Admin UI E2E (5, chrome)	Run Cypress	2025-02-05T13:17:41.3155000Z   [32m  âœ“[0m[90m Should set cache policy to evict_daily[0m[90m (4858ms)[0m
Admin UI E2E (5, chrome)	Run Cypress	2025-02-05T13:17:45.8850541Z   [32m  âœ“[0m[90m Should set cache policy to default[0m[90m (4494ms)[0m
Admin UI E2E (5, chrome)	Run Cypress	2025-02-05T13:17:51.0708570Z   [32m  âœ“[0m[90m Should set cache policy to evict_weekly[0m[90m (5125ms)[0m
Admin UI E2E (5, chrome)	Run Cypress	2025-02-05T13:17:55.9243975Z   [32m  âœ“[0m[90m Should set cache policy to max_lifespan[0m[90m (4778ms)[0m
Admin UI E2E (5, chrome)	Run Cypress	2025-02-05T13:18:00.2188380Z   [32m  âœ“[0m[90m Should set cache policy to no_cache[0m[90m (4236ms)[0m
Admin UI E2E (5, chrome)	Run Cypress	2025-02-05T13:18:05.3205857Z   [32m  âœ“[0m[90m Should edit existing Kerberos provider and cancel[0m[90m (5050ms)[0m
Admin UI E2E (5, chrome)	Run Cypress	2025-02-05T13:18:08.5923294Z   [32m  âœ“[0m[90m Should disable an existing Kerberos provider[0m[90m (3238ms)[0m
Admin UI E2E (5, chrome)	Run Cypress	2025-02-05T13:18:11.6562428Z   [32m  âœ“[0m[90m Should enable an existing previously-disabled Kerberos provider[0m[90m (2994ms)[0m
Admin UI E2E (5, chrome)	Run Cypress	2025-02-05T13:18:15.2150486Z   [32m  âœ“[0m[90m Should create new Kerberos provider using the New Provider dropdown[0m[90m (3528ms)[0m
Admin UI E2E (5, chrome)	Run Cypress	2025-02-05T13:18:15.2278863Z   [36m  - Should change the priority order of Kerberos providers[0m
Admin UI E2E (5, chrome)	Run Cypress	2025-02-05T13:18:17.3477286Z   [32m  âœ“[0m[90m Should delete a Kerberos provider from card view using the card's menu[0m[90m (2103ms)[0m
Admin UI E2E (5, chrome)	Run Cypress	2025-02-05T13:18:20.4357155Z   [32m  âœ“[0m[90m Should delete a Kerberos provider using the Settings view's Action menu[0m[90m (3044ms)[0m
Admin UI E2E (5, chrome)	Run Cypress	2025-02-05T13:18:20.4386853Z 
Admin UI E2E (5, chrome)	Run Cypress	2025-02-05T13:18:20.4693083Z 
Admin UI E2E (5, chrome)	Run Cypress	2025-02-05T13:18:20.4694883Z [92m [0m[32m 13 passing[0m[90m (56s)[0m
Admin UI E2E (5, chrome)	Run Cypress	2025-02-05T13:18:20.4696043Z [36m [0m[36m 1 pending[0m
Admin UI E2E (5, chrome)	Run Cypress	2025-02-05T13:18:20.4696648Z 
Admin UI E2E (5, chrome)	Run Cypress	2025-02-05T13:18:21.5007762Z 
Admin UI E2E (5, chrome)	Run Cypress	2025-02-05T13:18:21.5009278Z [32m  ([4m[1mResults[22m[24m)[39m
Admin UI E2E (5, chrome)	Run Cypress	2025-02-05T13:18:21.5013829Z 
Admin UI E2E (5, chrome)	Run Cypress	2025-02-05T13:18:21.5025590Z [90m  â”Œ[39m[90mâ”€[39m[90mâ”€[39m[90mâ”€[39m[90mâ”€[39m[90mâ”€[39m[90mâ”€[39m[90mâ”€[39m[90mâ”€[39m[90mâ”€[39m[90mâ”€[39m[90mâ”€[39m[90mâ”€[39m[90mâ”€[39m[90mâ”€[39m[90mâ”€[39m[90mâ”€[39m[90mâ”€[39m[90mâ”€[39m[90mâ”€[39m[90mâ”€[39m[90mâ”€[39m[90mâ”€[39m[90mâ”€[39m[90mâ”€[39m[90mâ”€[39m[90mâ”€[39m[90mâ”€[39m[90mâ”€[39m[90mâ”€[39m[90mâ”€[39m[90mâ”€[39m[90mâ”€[39m[90mâ”€[39m[90mâ”€[39m[90mâ”€[39m[90mâ”€[39m[90mâ”€[39m[90mâ”€[39m[90mâ”€[39m[90mâ”€[39m[90mâ”€[39m[90mâ”€[39m[90mâ”€[39m[90mâ”€[39m[90mâ”€[39m[90mâ”€[39m[90mâ”€[39m[90mâ”€[39m[90mâ”€[39m[90mâ”€[39m[90mâ”€[39m[90mâ”€[39m[90mâ”€[39m[90mâ”€[39m[90mâ”€[39m[90mâ”€[39m[90mâ”€[39m[90mâ”€[39m[90mâ”€[39m[90mâ”€[39m[90mâ”€[39m[90mâ”€[39m[90mâ”€[39m[90mâ”€[39m[90mâ”€[39m[90mâ”€[39m[90mâ”€[39m[90mâ”€[39m[90mâ”€[39m[90mâ”€[39m[90mâ”€[39m[90mâ”€[39m[90mâ”€[39m[90mâ”€[39m[90mâ”€[39m[90mâ”€[39m[90mâ”€[39m[90mâ”€[39m[90mâ”€[39m[90mâ”€[39m[90mâ”€[39m[90mâ”€[39m[90mâ”€[39m[90mâ”€[39m[90mâ”€[39m[90mâ”€[39m[90mâ”€[39m[90mâ”€[39m[90mâ”€[39m[90mâ”€[39m[90mâ”€[39m[90mâ”€[39m[90mâ”€[39m[90mâ”€[39m[90mâ”€[39m[90mâ”€[39m[90mâ”[39m
Admin UI E2E (5, chrome)	Run Cypress	2025-02-05T13:18:21.5030897Z [90m  â”‚[39m [90mTests:[39m        [32m14[39m                                                                               [90mâ”‚[39m
Admin UI E2E (5, chrome)	Run Cypress	2025-02-05T13:18:21.5032387Z [90m  â”‚[39m [90mPassing:[39m      [32m13[39m                                                                               [90mâ”‚[39m
Admin UI E2E (5, chrome)	Run Cypress	2025-02-05T13:18:21.5034142Z [90m  â”‚[39m [90mFailing:[39m      [32m0[39m                                                                                [90mâ”‚[39m
Admin UI E2E (5, chrome)	Run Cypress	2025-02-05T13:18:21.5036029Z [90m  â”‚[39m [90mPending:[39m      [32m1[39m                                                                                [90mâ”‚[39m
Admin UI E2E (5, chrome)	Run Cypress	2025-02-05T13:18:21.5037734Z [90m  â”‚[39m [90mSkipped:[39m      [32m0[39m                                                                                [90mâ”‚[39m
Admin UI E2E (5, chrome)	Run Cypress	2025-02-05T13:18:21.5039326Z [90m  â”‚[39m [90mScreenshots:[39m  [32m0[39m                                                                                [90mâ”‚[39m
Admin UI E2E (5, chrome)	Run Cypress	2025-02-05T13:18:21.5040842Z [90m  â”‚[39m [90mVideo:[39m        [32mfalse[39m                                                                            [90mâ”‚[39m
Admin UI E2E (5, chrome)	Run Cypress	2025-02-05T13:18:21.5042431Z [90m  â”‚[39m [90mDuration:[39m     [32m56 seconds[39m                                                                       [90mâ”‚[39m
Admin UI E2E (5, chrome)	Run Cypress	2025-02-05T13:18:21.5044397Z [90m  â”‚[39m [90mSpec Ran:[39m     [32m[32muser_fed_kerberos_test.spec.ts[32m[39m                                                   [90mâ”‚[39m
Admin UI E2E (5, chrome)	Run Cypress	2025-02-05T13:18:21.5051757Z [90m  â””[39m[90mâ”€[39m[90mâ”€[39m[90mâ”€[39m[90mâ”€[39m[90mâ”€[39m[90mâ”€[39m[90mâ”€[39m[90mâ”€[39m[90mâ”€[39m[90mâ”€[39m[90mâ”€[39m[90mâ”€[39m[90mâ”€[39m[90mâ”€[39m[90mâ”€[39m[90mâ”€[39m[90mâ”€[39m[90mâ”€[39m[90mâ”€[39m[90mâ”€[39m[90mâ”€[39m[90mâ”€[39m[90mâ”€[39m[90mâ”€[39m[90mâ”€[39m[90mâ”€[39m[90mâ”€[39m[90mâ”€[39m[90mâ”€[39m[90mâ”€[39m[90mâ”€[39m[90mâ”€[39m[90mâ”€[39m[90mâ”€[39m[90mâ”€[39m[90mâ”€[39m[90mâ”€[39m[90mâ”€[39m[90mâ”€[39m[90mâ”€[39m[90mâ”€[39m[90mâ”€[39m[90mâ”€[39m[90mâ”€[39m[90mâ”€[39m[90mâ”€[39m[90mâ”€[39m[90mâ”€[39m[90mâ”€[39m[90mâ”€[39m[90mâ”€[39m[90mâ”€[39m[90mâ”€[39m[90mâ”€[39m[90mâ”€[39m[90mâ”€[39m[90mâ”€[39m[90mâ”€[39m[90mâ”€[39m[90mâ”€[39m[90mâ”€[39m[90mâ”€[39m[90mâ”€[39m[90mâ”€[39m[90mâ”€[39m[90mâ”€[39m[90mâ”€[39m[90mâ”€[39m[90mâ”€[39m[90mâ”€[39m[90mâ”€[39m[90mâ”€[39m[90mâ”€[39m[90mâ”€[39m[90mâ”€[39m[90mâ”€[39m[90mâ”€[39m[90mâ”€[39m[90mâ”€[39m[90mâ”€[39m[90mâ”€[39m[90mâ”€[39m[90mâ”€[39m[90mâ”€[39m[90mâ”€[39m[90mâ”€[39m[90mâ”€[39m[90mâ”€[39m[90mâ”€[39m[90mâ”€[39m[90mâ”€[39m[90mâ”€[39m[90mâ”€[39m[90mâ”€[39m[90mâ”€[39m[90mâ”€[39m[90mâ”˜[39m
Admin UI E2E (5, chrome)	Run Cypress	2025-02-05T13:18:21.5056206Z 
Admin UI E2E (5, chrome)	Run Cypress	2025-02-05T13:18:21.5355835Z 
Admin UI E2E (5, chrome)	Run Cypress	2025-02-05T13:18:21.5367843Z [90mâ”€[39m[90mâ”€[39m[90mâ”€[39m[90mâ”€[39m[90mâ”€[39m[90mâ”€[39m[90mâ”€[39m[90mâ”€[39m[90mâ”€[39m[90mâ”€[39m[90mâ”€[39m[90mâ”€[39m[90mâ”€[39m[90mâ”€[39m[90mâ”€[39m[90mâ”€[39m[90mâ”€[39m[90mâ”€[39m[90mâ”€[39m[90mâ”€[39m[90mâ”€[39m[90mâ”€[39m[90mâ”€[39m[90mâ”€[39m[90mâ”€[39m[90mâ”€[39m[90mâ”€[39m[90mâ”€[39m[90mâ”€[39m[90mâ”€[39m[90mâ”€[39m[90mâ”€[39m[90mâ”€[39m[90mâ”€[39m[90mâ”€[39m[90mâ”€[39m[90mâ”€[39m[90mâ”€[39m[90mâ”€[39m[90mâ”€[39m[90mâ”€[39m[90mâ”€[39m[90mâ”€[39m[90mâ”€[39m[90mâ”€[39m[90mâ”€[39m[90mâ”€[39m[90mâ”€[39m[90mâ”€[39m[90mâ”€[39m[90mâ”€[39m[90mâ”€[39m[90mâ”€[39m[90mâ”€[39m[90mâ”€[39m[90mâ”€[39m[90mâ”€[39m[90mâ”€[39m[90mâ”€[39m[90mâ”€[39m[90mâ”€[39m[90mâ”€[39m[90mâ”€[39m[90mâ”€[39m[90mâ”€[39m[90mâ”€[39m[90mâ”€[39m[90mâ”€[39m[90mâ”€[39m[90mâ”€[39m[90mâ”€[39m[90mâ”€[39m[90mâ”€[39m[90mâ”€[39m[90mâ”€[39m[90mâ”€[39m[90mâ”€[39m[90mâ”€[39m[90mâ”€[39m[90mâ”€[39m[90mâ”€[39m[90mâ”€[39m[90mâ”€[39m[90mâ”€[39m[90mâ”€[39m[90mâ”€[39m[90mâ”€[39m[90mâ”€[39m[90mâ”€[39m[90mâ”€[39m[90mâ”€[39m[90mâ”€[39m[90mâ”€[39m[90mâ”€[39m[90mâ”€[39m[90mâ”€[39m[90mâ”€[39m[90mâ”€[39m[90mâ”€[39m[90mâ”€[39m
Admin UI E2E (5, chrome)	Run Cypress	2025-02-05T13:18:21.5373329Z                                                                                                     
Admin UI E2E (5, chrome)	Run Cypress	2025-02-05T13:18:21.5374469Z   Running:  [90mclient_registration_policies.spec.ts[39m                                            [90m(3 of 8)[39m
Admin UI E2E (5, chrome)	Run Cypress	2025-02-05T13:18:24.3830238Z 
Admin UI E2E (5, chrome)	Run Cypress	2025-02-05T13:18:24.3831604Z [0m[0m
Admin UI E2E (5, chrome)	Run Cypress	2025-02-05T13:18:24.3931750Z [0m  Client registration policies tab[0m
Admin UI E2E (5, chrome)	Run Cypress	2025-02-05T13:18:24.3932714Z [0m    Anonymous client policies subtab[0m
Admin UI E2E (5, chrome)	Run Cypress	2025-02-05T13:18:28.6669579Z     [32m  âœ“[0m[90m check anonymous clients list is not empty[0m[90m (4237ms)[0m
Admin UI E2E (5, chrome)	Run Cypress	2025-02-05T13:18:31.2604114Z     [32m  âœ“[0m[90m add anonymous client registration policy[0m[90m (2546ms)[0m
Admin UI E2E (5, chrome)	Run Cypress	2025-02-05T13:18:34.3012466Z     [32m  âœ“[0m[90m edit anonymous client registration policy[0m[90m (2962ms)[0m
Admin UI E2E (5, chrome)	Run Cypress	2025-02-05T13:18:36.4325172Z     [32m  âœ“[0m[90m delete anonymous client registration policy[0m[90m (2082ms)[0m
Admin UI E2E (5, chrome)	Run Cypress	2025-02-05T13:18:36.4457188Z [0m    Authenticated client policies subtab[0m
Admin UI E2E (5, chrome)	Run Cypress	2025-02-05T13:18:38.2649987Z     [32m  âœ“[0m[90m check authenticated clients list is not empty[0m[90m (1793ms)[0m
Admin UI E2E (5, chrome)	Run Cypress	2025-02-05T13:18:41.3393123Z     [32m  âœ“[0m[90m add authenticated client registration policy[0m[90m (2991ms)[0m
Admin UI E2E (5, chrome)	Run Cypress	2025-02-05T13:18:43.8283633Z     [32m  âœ“[0m[90m edit authenticated client registration policy[0m[90m (2448ms)[0m
Admin UI E2E (5, chrome)	Run Cypress	2025-02-05T13:18:46.2569367Z     [32m  âœ“[0m[90m delete authenticated client registration policy[0m[90m (2380ms)[0m
Admin UI E2E (5, chrome)	Run Cypress	2025-02-05T13:18:46.2740336Z 
Admin UI E2E (5, chrome)	Run Cypress	2025-02-05T13:18:46.2743617Z [0m  Accessibility tests for client registration policies[0m
Admin UI E2E (5, chrome)	Run Cypress	2025-02-05T13:18:48.5473863Z   [32m  âœ“[0m[90m Check a11y violations on load/ client registration policies[0m[90m (2266ms)[0m
Admin UI E2E (5, chrome)	Run Cypress	2025-02-05T13:18:48.5480216Z 
Admin UI E2E (5, chrome)	Run Cypress	2025-02-05T13:18:48.5661038Z 
Admin UI E2E (5, chrome)	Run Cypress	2025-02-05T13:18:48.5662320Z [92m [0m[32m 9 passing[0m[90m (24s)[0m
Admin UI E2E (5, chrome)	Run Cypress	2025-02-05T13:18:48.5663338Z 
Admin UI E2E (5, chrome)	Run Cypress	2025-02-05T13:18:49.5841722Z 
Admin UI E2E (5, chrome)	Run Cypress	2025-02-05T13:18:49.5843296Z [32m  ([4m[1mResults[22m[24m)[39m
Admin UI E2E (5, chrome)	Run Cypress	2025-02-05T13:18:49.5862742Z 
Admin UI E2E (5, chrome)	Run Cypress	2025-02-05T13:18:49.5874258Z [90m  â”Œ[39m[90mâ”€[39m[90mâ”€[39m[90mâ”€[39m[90mâ”€[39m[90mâ”€[39m[90mâ”€[39m[90mâ”€[39m[90mâ”€[39m[90mâ”€[39m[90mâ”€[39m[90mâ”€[39m[90mâ”€[39m[90mâ”€[39m[90mâ”€[39m[90mâ”€[39m[90mâ”€[39m[90mâ”€[39m[90mâ”€[39m[90mâ”€[39m[90mâ”€[39m[90mâ”€[39m[90mâ”€[39m[90mâ”€[39m[90mâ”€[39m[90mâ”€[39m[90mâ”€[39m[90mâ”€[39m[90mâ”€[39m[90mâ”€[39m[90mâ”€[39m[90mâ”€[39m[90mâ”€[39m[90mâ”€[39m[90mâ”€[39m[90mâ”€[39m[90mâ”€[39m[90mâ”€[39m[90mâ”€[39m[90mâ”€[39m[90mâ”€[39m[90mâ”€[39m[90mâ”€[39m[90mâ”€[39m[90mâ”€[39m[90mâ”€[39m[90mâ”€[39m[90mâ”€[39m[90mâ”€[39m[90mâ”€[39m[90mâ”€[39m[90mâ”€[39m[90mâ”€[39m[90mâ”€[39m[90mâ”€[39m[90mâ”€[39m[90mâ”€[39m[90mâ”€[39m[90mâ”€[39m[90mâ”€[39m[90mâ”€[39m[90mâ”€[39m[90mâ”€[39m[90mâ”€[39m[90mâ”€[39m[90mâ”€[39m[90mâ”€[39m[90mâ”€[39m[90mâ”€[39m[90mâ”€[39m[90mâ”€[39m[90mâ”€[39m[90mâ”€[39m[90mâ”€[39m[90mâ”€[39m[90mâ”€[39m[90mâ”€[39m[90mâ”€[39m[90mâ”€[39m[90mâ”€[39m[90mâ”€[39m[90mâ”€[39m[90mâ”€[39m[90mâ”€[39m[90mâ”€[39m[90mâ”€[39m[90mâ”€[39m[90mâ”€[39m[90mâ”€[39m[90mâ”€[39m[90mâ”€[39m[90mâ”€[39m[90mâ”€[39m[90mâ”€[39m[90mâ”€[39m[90mâ”€[39m[90mâ”€[39m[90mâ”[39m
Admin UI E2E (5, chrome)	Run Cypress	2025-02-05T13:18:49.5877124Z [90m  â”‚[39m [90mTests:[39m        [32m9[39m                                                                                [90mâ”‚[39m
Admin UI E2E (5, chrome)	Run Cypress	2025-02-05T13:18:49.5877833Z [90m  â”‚[39m [90mPassing:[39m      [32m9[39m                                                                                [90mâ”‚[39m
Admin UI E2E (5, chrome)	Run Cypress	2025-02-05T13:18:49.5878532Z [90m  â”‚[39m [90mFailing:[39m      [32m0[39m                                                                                [90mâ”‚[39m
Admin UI E2E (5, chrome)	Run Cypress	2025-02-05T13:18:49.5879498Z [90m  â”‚[39m [90mPending:[39m      [32m0[39m                                                                                [90mâ”‚[39m
Admin UI E2E (5, chrome)	Run Cypress	2025-02-05T13:18:49.5880592Z [90m  â”‚[39m [90mSkipped:[39m      [32m0[39m                                                                                [90mâ”‚[39m
Admin UI E2E (5, chrome)	Run Cypress	2025-02-05T13:18:49.5881302Z [90m  â”‚[39m [90mScreenshots:[39m  [32m0[39m                                                                                [90mâ”‚[39m
Admin UI E2E (5, chrome)	Run Cypress	2025-02-05T13:18:49.5881994Z [90m  â”‚[39m [90mVideo:[39m        [32mfalse[39m                                                                            [90mâ”‚[39m
Admin UI E2E (5, chrome)	Run Cypress	2025-02-05T13:18:49.5882971Z [90m  â”‚[39m [90mDuration:[39m     [32m24 seconds[39m                                                                       [90mâ”‚[39m
Admin UI E2E (5, chrome)	Run Cypress	2025-02-05T13:18:49.5884276Z [90m  â”‚[39m [90mSpec Ran:[39m     [32m[32mclient_registration_policies.spec.ts[32m[39m                                             [90mâ”‚[39m
Admin UI E2E (5, chrome)	Run Cypress	2025-02-05T13:18:49.5891105Z [90m  â””[39m[90mâ”€[39m[90mâ”€[39m[90mâ”€[39m[90mâ”€[39m[90mâ”€[39m[90mâ”€[39m[90mâ”€[39m[90mâ”€[39m[90mâ”€[39m[90mâ”€[39m[90mâ”€[39m[90mâ”€[39m[90mâ”€[39m[90mâ”€[39m[90mâ”€[39m[90mâ”€[39m[90mâ”€[39m[90mâ”€[39m[90mâ”€[39m[90mâ”€[39m[90mâ”€[39m[90mâ”€[39m[90mâ”€[39m[90mâ”€[39m[90mâ”€[39m[90mâ”€[39m[90mâ”€[39m[90mâ”€[39m[90mâ”€[39m[90mâ”€[39m[90mâ”€[39m[90mâ”€[39m[90mâ”€[39m[90mâ”€[39m[90mâ”€[39m[90mâ”€[39m[90mâ”€[39m[90mâ”€[39m[90mâ”€[39m[90mâ”€[39m[90mâ”€[39m[90mâ”€[39m[90mâ”€[39m[90mâ”€[39m[90mâ”€[39m[90mâ”€[39m[90mâ”€[39m[90mâ”€[39m[90mâ”€[39m[90mâ”€[39m[90mâ”€[39m[90mâ”€[39m[90mâ”€[39m[90mâ”€[39m[90mâ”€[39m[90mâ”€[39m[90mâ”€[39m[90mâ”€[39m[90mâ”€[39m[90mâ”€[39m[90mâ”€[39m[90mâ”€[39m[90mâ”€[39m[90mâ”€[39m[90mâ”€[39m[90mâ”€[39m[90mâ”€[39m[90mâ”€[39m[90mâ”€[39m[90mâ”€[39m[90mâ”€[39m[90mâ”€[39m[90mâ”€[39m[90mâ”€[39m[90mâ”€[39m[90mâ”€[39m[90mâ”€[39m[90mâ”€[39m[90mâ”€[39m[90mâ”€[39m[90mâ”€[39m[90mâ”€[39m[90mâ”€[39m[90mâ”€[39m[90mâ”€[39m[90mâ”€[39m[90mâ”€[39m[90mâ”€[39m[90mâ”€[39m[90mâ”€[39m[90mâ”€[39m[90mâ”€[39m[90mâ”€[39m[90mâ”€[39m[90mâ”€[39m[90mâ”€[39m[90mâ”˜[39m
Admin UI E2E (5, chrome)	Run Cypress	2025-02-05T13:18:49.5894983Z 
Admin UI E2E (5, chrome)	Run Cypress	2025-02-05T13:18:49.6201121Z 
Admin UI E2E (5, chrome)	Run Cypress	2025-02-05T13:18:49.6208949Z [90mâ”€[39m[90mâ”€[39m[90mâ”€[39m[90mâ”€[39m[90mâ”€[39m[90mâ”€[39m[90mâ”€[39m[90mâ”€[39m[90mâ”€[39m[90mâ”€[39m[90mâ”€[39m[90mâ”€[39m[90mâ”€[39m[90mâ”€[39m[90mâ”€[39m[90mâ”€[39m[90mâ”€[39m[90mâ”€[39m[90mâ”€[39m[90mâ”€[39m[90mâ”€[39m[90mâ”€[39m[90mâ”€[39m[90mâ”€[39m[90mâ”€[39m[90mâ”€[39m[90mâ”€[39m[90mâ”€[39m[90mâ”€[39m[90mâ”€[39m[90mâ”€[39m[90mâ”€[39m[90mâ”€[39m[90mâ”€[39m[90mâ”€[39m[90mâ”€[39m[90mâ”€[39m[90mâ”€[39m[90mâ”€[39m[90mâ”€[39m[90mâ”€[39m[90mâ”€[39m[90mâ”€[39m[90mâ”€[39m[90mâ”€[39m[90mâ”€[39m[90mâ”€[39m[90mâ”€[39m[90mâ”€[39m[90mâ”€[39m[90mâ”€[39m[90mâ”€[39m[90mâ”€[39m[90mâ”€[39m[90mâ”€[39m[90mâ”€[39m[90mâ”€[39m[90mâ”€[39m[90mâ”€[39m[90mâ”€[39m[90mâ”€[39m[90mâ”€[39m[90mâ”€[39m[90mâ”€[39m[90mâ”€[39m[90mâ”€[39m[90mâ”€[39m[90mâ”€[39m[90mâ”€[39m[90mâ”€[39m[90mâ”€[39m[90mâ”€[39m[90mâ”€[39m[90mâ”€[39m[90mâ”€[39m[90mâ”€[39m[90mâ”€[39m[90mâ”€[39m[90mâ”€[39m[90mâ”€[39m[90mâ”€[39m[90mâ”€[39m[90mâ”€[39m[90mâ”€[39m[90mâ”€[39m[90mâ”€[39m[90mâ”€[39m[90mâ”€[39m[90mâ”€[39m[90mâ”€[39m[90mâ”€[39m[90mâ”€[39m[90mâ”€[39m[90mâ”€[39m[90mâ”€[39m[90mâ”€[39m[90mâ”€[39m[90mâ”€[39m[90mâ”€[39m[90mâ”€[39m
Admin UI E2E (5, chrome)	Run Cypress	2025-02-05T13:18:49.6214876Z                                                                                                     
Admin UI E2E (5, chrome)	Run Cypress	2025-02-05T13:18:49.6215938Z   Running:  [90mclients_test.spec.ts[39m                                                            [90m(4 of 8)[39m
Admin UI E2E (5, chrome)	Run Cypress	2025-02-05T13:18:53.7914303Z 
Admin UI E2E (5, chrome)	Run Cypress	2025-02-05T13:18:53.7917457Z [0m[0m
Admin UI E2E (5, chrome)	Run Cypress	2025-02-05T13:18:53.7945943Z [0m  Clients test[0m
Admin UI E2E (5, chrome)	Run Cypress	2025-02-05T13:18:55.3858799Z [0m    Client creation[0m
Admin UI E2E (5, chrome)	Run Cypress	2025-02-05T13:19:00.5573132Z     [32m  âœ“[0m[90m Should cancel creating client[0m[90m (6718ms)[0m
Admin UI E2E (5, chrome)	Run Cypress	2025-02-05T13:19:07.6527542Z     [32m  âœ“[0m[90m Should check settings elements[0m[90m (6954ms)[0m
Admin UI E2E (5, chrome)	Run Cypress	2025-02-05T13:19:10.6161228Z     [32m  âœ“[0m[90m Should navigate to previous using 'back' button[0m[90m (2909ms)[0m
Admin UI E2E (5, chrome)	Run Cypress	2025-02-05T13:19:13.7459320Z     [32m  âœ“[0m[90m Should fail creating client[0m[90m (3103ms)[0m
Admin UI E2E (5, chrome)	Run Cypress	2025-02-05T13:19:19.9836322Z     [32m  âœ“[0m[90m Client CRUD test[0m[90m (6209ms)[0m
Admin UI E2E (5, chrome)	Run Cypress	2025-02-05T13:19:22.4436830Z     [32m  âœ“[0m[90m Should fail to create imported client with empty ID[0m[90m (2413ms)[0m
Admin UI E2E (5, chrome)	Run Cypress	2025-02-05T13:19:26.9425068Z     [32m  âœ“[0m[90m Should fail to create client with same ID[0m[90m (4417ms)[0m
Admin UI E2E (5, chrome)	Run Cypress	2025-02-05T13:19:29.4099452Z     [32m  âœ“[0m[90m should delete 'identical' client id[0m[90m (2419ms)[0m
Admin UI E2E (5, chrome)	Run Cypress	2025-02-05T13:19:29.4270250Z [0m    Service account tab test[0m
Admin UI E2E (5, chrome)	Run Cypress	2025-02-05T13:19:35.3774179Z     [32m  âœ“[0m[90m List[0m[90m (5851ms)[0m
Admin UI E2E (5, chrome)	Run Cypress	2025-02-05T13:20:12.6153895Z       [33m(Attempt 1 of 4)[0m Assign
Admin UI E2E (5, chrome)	Run Cypress	2025-02-05T13:20:53.2517441Z       [33m(Attempt 2 of 4)[0m Assign
Admin UI E2E (5, chrome)	Run Cypress	2025-02-05T13:21:36.9066794Z       [33m(Attempt 3 of 4)[0m Assign
Admin UI E2E (5, chrome)	Run Cypress	2025-02-05T13:22:24.0594374Z     [31m  1) Assign[0m
Admin UI E2E (5, chrome)	Run Cypress	2025-02-05T13:22:24.6179604Z [0m    Mapping tab[0m
Admin UI E2E (5, chrome)	Run Cypress	2025-02-05T13:22:31.4204687Z     [32m  âœ“[0m[90m Add mapping to openid client[0m[90m (6415ms)[0m
Admin UI E2E (5, chrome)	Run Cypress	2025-02-05T13:22:31.4332960Z [0m    Keys tab test[0m
Admin UI E2E (5, chrome)	Run Cypress	2025-02-05T13:22:37.4358397Z     [32m  âœ“[0m[90m Generate new keys[0m[90m (5579ms)[0m
Admin UI E2E (5, chrome)	Run Cypress	2025-02-05T13:22:37.4561492Z [0m    Realm client[0m
Admin UI E2E (5, chrome)	Run Cypress	2025-02-05T13:22:41.8164573Z     [32m  âœ“[0m[90m Displays the correct tabs[0m[90m (4135ms)[0m
Admin UI E2E (5, chrome)	Run Cypress	2025-02-05T13:22:45.9998035Z     [32m  âœ“[0m[90m Hides the delete action[0m[90m (4042ms)[0m
Admin UI E2E (5, chrome)	Run Cypress	2025-02-05T13:22:46.0157259Z [0m    ***
Admin UI E2E (5, chrome)	Run Cypress	2025-02-05T13:22:50.0714684Z     [32m  âœ“[0m[90m Shows an explainer text for bearer only clients[0m[90m (3970ms)[0m
Admin UI E2E (5, chrome)	Run Cypress	2025-02-05T13:22:54.2165209Z     [32m  âœ“[0m[90m Hides the capability config section[0m[90m (3806ms)[0m
Admin UI E2E (5, chrome)	Run Cypress	2025-02-05T13:22:54.2457368Z [0m    Generated home URLs for built-in clients[0m
Admin UI E2E (5, chrome)	Run Cypress	2025-02-05T13:22:56.1577623Z     [32m  âœ“[0m[90m Check account-console Home URL[0m[90m (1874ms)[0m
Admin UI E2E (5, chrome)	Run Cypress	2025-02-05T13:22:58.0244621Z     [32m  âœ“[0m[90m Check security-admin-console Home URL[0m[90m (1835ms)[0m
Admin UI E2E (5, chrome)	Run Cypress	2025-02-05T13:22:58.0344176Z [0m    Accessibility tests for clients[0m
Admin UI E2E (5, chrome)	Run Cypress	2025-02-05T13:23:00.5890603Z     [32m  âœ“[0m[90m Check a11y violations on load/ clients list tab[0m[90m (2492ms)[0m
Admin UI E2E (5, chrome)	Run Cypress	2025-02-05T13:23:05.0531182Z     [32m  âœ“[0m[90m Check a11y violations on create client page[0m[90m (4398ms)[0m
Admin UI E2E (5, chrome)	Run Cypress	2025-02-05T13:23:14.8938072Z     [32m  âœ“[0m[90m Check a11y violations on client details page[0m[90m (9705ms)[0m
Admin UI E2E (5, chrome)	Run Cypress	2025-02-05T13:23:17.8571623Z     [32m  âœ“[0m[90m Check a11y violations in delete dialog[0m[90m (2874ms)[0m
Admin UI E2E (5, chrome)	Run Cypress	2025-02-05T13:23:20.1301421Z     [32m  âœ“[0m[90m Check a11y violations on client registration/ anonymous access policies tab[0m[90m (2252ms)[0m
Admin UI E2E (5, chrome)	Run Cypress	2025-02-05T13:23:23.3629891Z     [32m  âœ“[0m[90m Check a11y violations on client registration/ authenticated access policies tab[0m[90m (2495ms)[0m
Admin UI E2E (5, chrome)	Run Cypress	2025-02-05T13:23:23.3643226Z 
Admin UI E2E (5, chrome)	Run Cypress	2025-02-05T13:23:23.4063645Z 
Admin UI E2E (5, chrome)	Run Cypress	2025-02-05T13:23:23.4064805Z [92m [0m[32m 23 passing[0m[90m (4m)[0m
Admin UI E2E (5, chrome)	Run Cypress	2025-02-05T13:23:23.4065631Z [31m  1 failing[0m
Admin UI E2E (5, chrome)	Run Cypress	2025-02-05T13:23:23.4068693Z 
Admin UI E2E (5, chrome)	Run Cypress	2025-02-05T13:23:23.4082275Z [0m  1) Clients test
Admin UI E2E (5, chrome)	Run Cypress	2025-02-05T13:23:23.4082905Z        Service account tab test
Admin UI E2E (5, chrome)	Run Cypress	2025-02-05T13:23:23.4083347Z          Assign:
Admin UI E2E (5, chrome)	Run Cypress	2025-02-05T13:23:23.4085206Z [0m[31m     AssertionError: Timed out retrying after 30000ms: expected '[ <td.pf-v5-c-table__td.pf-v5-c-table__check>, 39 more... ]' not to contain 'create-realm-3700a3e1-5c81-4ca7-82ba-30bd1e608dd5'[0m[90m
Admin UI E2E (5, chrome)	Run Cypress	2025-02-05T13:23:23.4087321Z       at captureUserInvocationStack (http://localhost:8080/__cypress/runner/cypress_runner.js:138885:94)
Admin UI E2E (5, chrome)	Run Cypress	2025-02-05T13:23:23.4088587Z       at Proxy.<anonymous> (http://localhost:8080/__cypress/runner/cypress_runner.js:138913:9)
Admin UI E2E (5, chrome)	Run Cypress	2025-02-05T13:23:23.4089679Z       at Proxy.<anonymous> (http://localhost:8080/__cypress/runner/cypress_runner.js:138768:14)
Admin UI E2E (5, chrome)	Run Cypress	2025-02-05T13:23:23.4090947Z       at Proxy.overwritingChainableMethodWrapper (http://localhost:8080/__cypress/runner/cypress_runner.js:78338:34)
Admin UI E2E (5, chrome)	Run Cypress	2025-02-05T13:23:23.4092304Z       at Proxy.chainableMethodWrapper (http://localhost:8080/__cypress/runner/cypress_runner.js:78233:49)
Admin UI E2E (5, chrome)	Run Cypress	2025-02-05T13:23:23.4094009Z       at Context.eval (webpack://@keycloak/keycloak-admin-ui/./cypress/support/pages/admin-ui/manage/RoleMappingTab.ts:91:0)
Admin UI E2E (5, chrome)	Run Cypress	2025-02-05T13:23:23.4095518Z       at <unknown> (http://localhost:8080/__cypress/runner/cypress_runner.js:117762:17)
Admin UI E2E (5, chrome)	Run Cypress	2025-02-05T13:23:23.4096482Z       at tryCatcher (http://localhost:8080/__cypress/runner/cypress_runner.js:1777:23)
Admin UI E2E (5, chrome)	Run Cypress	2025-02-05T13:23:23.4097558Z       at Promise.attempt.Promise.try (http://localhost:8080/__cypress/runner/cypress_runner.js:4285:29)
Admin UI E2E (5, chrome)	Run Cypress	2025-02-05T13:23:23.4098792Z       at Context.shouldFnWithCallback (http://localhost:8080/__cypress/runner/cypress_runner.js:117759:66)
Admin UI E2E (5, chrome)	Run Cypress	2025-02-05T13:23:23.4099637Z [0m
Admin UI E2E (5, chrome)	Run Cypress	2025-02-05T13:23:23.4099809Z 
Admin UI E2E (5, chrome)	Run Cypress	2025-02-05T13:23:23.4099821Z 
Admin UI E2E (5, chrome)	Run Cypress	2025-02-05T13:23:24.4297637Z 
Admin UI E2E (5, chrome)	Run Cypress	2025-02-05T13:23:24.4299042Z [31m  ([4m[1mResults[22m[24m)[39m
Admin UI E2E (5, chrome)	Run Cypress	2025-02-05T13:23:24.4316023Z 
Admin UI E2E (5, chrome)	Run Cypress	2025-02-05T13:23:24.4331710Z [90m  â”Œ[39m[90mâ”€[39m[90mâ”€[39m[90mâ”€[39m[90mâ”€[39m[90mâ”€[39m[90mâ”€[39m[90mâ”€[39m[90mâ”€[39m[90mâ”€[39m[90mâ”€[39m[90mâ”€[39m[90mâ”€[39m[90mâ”€[39m[90mâ”€[39m[90mâ”€[39m[90mâ”€[39m[90mâ”€[39m[90mâ”€[39m[90mâ”€[39m[90mâ”€[39m[90mâ”€[39m[90mâ”€[39m[90mâ”€[39m[90mâ”€[39m[90mâ”€[39m[90mâ”€[39m[90mâ”€[39m[90mâ”€[39m[90mâ”€[39m[90mâ”€[39m[90mâ”€[39m[90mâ”€[39m[90mâ”€[39m[90mâ”€[39m[90mâ”€[39m[90mâ”€[39m[90mâ”€[39m[90mâ”€[39m[90mâ”€[39m[90mâ”€[39m[90mâ”€[39m[90mâ”€[39m[90mâ”€[39m[90mâ”€[39m[90mâ”€[39m[90mâ”€[39m[90mâ”€[39m[90mâ”€[39m[90mâ”€[39m[90mâ”€[39m[90mâ”€[39m[90mâ”€[39m[90mâ”€[39m[90mâ”€[39m[90mâ”€[39m[90mâ”€[39m[90mâ”€[39m[90mâ”€[39m[90mâ”€[39m[90mâ”€[39m[90mâ”€[39m[90mâ”€[39m[90mâ”€[39m[90mâ”€[39m[90mâ”€[39m[90mâ”€[39m[90mâ”€[39m[90mâ”€[39m[90mâ”€[39m[90mâ”€[39m[90mâ”€[39m[90mâ”€[39m[90mâ”€[39m[90mâ”€[39m[90mâ”€[39m[90mâ”€[39m[90mâ”€[39m[90mâ”€[39m[90mâ”€[39m[90mâ”€[39m[90mâ”€[39m[90mâ”€[39m[90mâ”€[39m[90mâ”€[39m[90mâ”€[39m[90mâ”€[39m[90mâ”€[39m[90mâ”€[39m[90mâ”€[39m[90mâ”€[39m[90mâ”€[39m[90mâ”€[39m[90mâ”€[39m[90mâ”€[39m[90mâ”€[39m[90mâ”€[39m[90mâ”[39m
Admin UI E2E (5, chrome)	Run Cypress	2025-02-05T13:23:24.4335092Z [90m  â”‚[39m [90mTests:[39m        [31m24[39m                                                                               [90mâ”‚[39m
Admin UI E2E (5, chrome)	Run Cypress	2025-02-05T13:23:24.4336376Z [90m  â”‚[39m [90mPassing:[39m      [31m23[39m                                                                               [90mâ”‚[39m
Admin UI E2E (5, chrome)	Run Cypress	2025-02-05T13:23:24.4337600Z [90m  â”‚[39m [90mFailing:[39m      [31m1[39m                                                                                [90mâ”‚[39m
Admin UI E2E (5, chrome)	Run Cypress	2025-02-05T13:23:24.4338869Z [90m  â”‚[39m [90mPending:[39m      [31m0[39m                                                                                [90mâ”‚[39m
Admin UI E2E (5, chrome)	Run Cypress	2025-02-05T13:23:24.4340074Z [90m  â”‚[39m [90mSkipped:[39m      [31m0[39m                                                                                [90mâ”‚[39m
Admin UI E2E (5, chrome)	Run Cypress	2025-02-05T13:23:24.4341300Z [90m  â”‚[39m [90mScreenshots:[39m  [31m4[39m                                                                                [90mâ”‚[39m
Admin UI E2E (5, chrome)	Run Cypress	2025-02-05T13:23:24.4342439Z [90m  â”‚[39m [90mVideo:[39m        [31mtrue[39m                                                                             [90mâ”‚[39m
Admin UI E2E (5, chrome)	Run Cypress	2025-02-05T13:23:24.4343941Z [90m  â”‚[39m [90mDuration:[39m     [31m4 minutes, 29 seconds[39m                                                            [90mâ”‚[39m
Admin UI E2E (5, chrome)	Run Cypress	2025-02-05T13:23:24.4345805Z [90m  â”‚[39m [90mSpec Ran:[39m     [31m[31mclients_test.spec.ts[31m[39m                                                             [90mâ”‚[39m
Admin UI E2E (5, chrome)	Run Cypress	2025-02-05T13:23:24.4352325Z [90m  â””[39m[90mâ”€[39m[90mâ”€[39m[90mâ”€[39m[90mâ”€[39m[90mâ”€[39m[90mâ”€[39m[90mâ”€[39m[90mâ”€[39m[90mâ”€[39m[90mâ”€[39m[90mâ”€[39m[90mâ”€[39m[90mâ”€[39m[90mâ”€[39m[90mâ”€[39m[90mâ”€[39m[90mâ”€[39m[90mâ”€[39m[90mâ”€[39m[90mâ”€[39m[90mâ”€[39m[90mâ”€[39m[90mâ”€[39m[90mâ”€[39m[90mâ”€[39m[90mâ”€[39m[90mâ”€[39m[90mâ”€[39m[90mâ”€[39m[90mâ”€[39m[90mâ”€[39m[90mâ”€[39m[90mâ”€[39m[90mâ”€[39m[90mâ”€[39m[90mâ”€[39m[90mâ”€[39m[90mâ”€[39m[90mâ”€[39m[90mâ”€[39m[90mâ”€[39m[90mâ”€[39m[90mâ”€[39m[90mâ”€[39m[90mâ”€[39m[90mâ”€[39m[90mâ”€[39m[90mâ”€[39m[90mâ”€[39m[90mâ”€[39m[90mâ”€[39m[90mâ”€[39m[90mâ”€[39m[90mâ”€[39m[90mâ”€[39m[90mâ”€[39m[90mâ”€[39m[90mâ”€[39m[90mâ”€[39m[90mâ”€[39m[90mâ”€[39m[90mâ”€[39m[90mâ”€[39m[90mâ”€[39m[90mâ”€[39m[90mâ”€[39m[90mâ”€[39m[90mâ”€[39m[90mâ”€[39m[90mâ”€[39m[90mâ”€[39m[90mâ”€[39m[90mâ”€[39m[90mâ”€[39m[90mâ”€[39m[90mâ”€[39m[90mâ”€[39m[90mâ”€[39m[90mâ”€[39m[90mâ”€[39m[90mâ”€[39m[90mâ”€[39m[90mâ”€[39m[90mâ”€[39m[90mâ”€[39m[90mâ”€[39m[90mâ”€[39m[90mâ”€[39m[90mâ”€[39m[90mâ”€[39m[90mâ”€[39m[90mâ”€[39m[90mâ”€[39m[90mâ”€[39m[90mâ”€[39m[90mâ”€[39m[90mâ”˜[39m
Admin UI E2E (5, chrome)	Run Cypress	2025-02-05T13:23:24.4356482Z 
Admin UI E2E (5, chrome)	Run Cypress	2025-02-05T13:23:24.4356504Z 
Admin UI E2E (5, chrome)	Run Cypress	2025-02-05T13:23:24.4356931Z [33m  ([4m[1mScreenshots[22m[24m)[39m
Admin UI E2E (5, chrome)	Run Cypress	2025-02-05T13:23:24.4357263Z 
Admin UI E2E (5, chrome)	Run Cypress	2025-02-05T13:23:24.4358500Z [90m [39m -  [0m/home/runner/work/keycloak/keycloak/js/apps/admin-ui/cypress/screenshots/clients[0m     [90m[90m(1280x633)[90m[39m
Admin UI E2E (5, chrome)	Run Cypress	2025-02-05T13:23:24.4360224Z [90m [39m    [0m_test.spec.ts/Clients test -- Service account tab test -- Assign (failed).png[0m                  
Admin UI E2E (5, chrome)	Run Cypress	2025-02-05T13:23:24.4361893Z [90m [39m -  [0m/home/runner/work/keycloak/keycloak/js/apps/admin-ui/cypress/screenshots/clients[0m     [90m[90m(1280x633)[90m[39m
Admin UI E2E (5, chrome)	Run Cypress	2025-02-05T13:23:24.4363801Z [90m [39m    [0m_test.spec.ts/Clients test -- Service account tab test -- Assign (failed) (attem[0m               
Admin UI E2E (5, chrome)	Run Cypress	2025-02-05T13:23:24.4365050Z [90m [39m    [0mpt 2).png[0m                                                                                      
Admin UI E2E (5, chrome)	Run Cypress	2025-02-05T13:23:24.4366598Z [90m [39m -  [0m/home/runner/work/keycloak/keycloak/js/apps/admin-ui/cypress/screenshots/clients[0m     [90m[90m(1280x633)[90m[39m
Admin UI E2E (5, chrome)	Run Cypress	2025-02-05T13:23:24.4368316Z [90m [39m    [0m_test.spec.ts/Clients test -- Service account tab test -- Assign (failed) (attem[0m               
Admin UI E2E (5, chrome)	Run Cypress	2025-02-05T13:23:24.4369635Z [90m [39m    [0mpt 3).png[0m                                                                                      
Admin UI E2E (5, chrome)	Run Cypress	2025-02-05T13:23:24.4371173Z [90m [39m -  [0m/home/runner/work/keycloak/keycloak/js/apps/admin-ui/cypress/screenshots/clients[0m     [90m[90m(1280x633)[90m[39m
Admin UI E2E (5, chrome)	Run Cypress	2025-02-05T13:23:24.4373092Z [90m [39m    [0m_test.spec.ts/Clients test -- Service account tab test -- Assign (failed) (attem[0m               
Admin UI E2E (5, chrome)	Run Cypress	2025-02-05T13:23:24.4374628Z [90m [39m    [0mpt 4).png[0m                                                                                      
Admin UI E2E (5, chrome)	Run Cypress	2025-02-05T13:23:24.4375051Z 
Admin UI E2E (5, chrome)	Run Cypress	2025-02-05T13:23:24.4710764Z 
Admin UI E2E (5, chrome)	Run Cypress	2025-02-05T13:23:24.4712076Z [36m  ([4m[1mVideo[22m[24m)[39m
Admin UI E2E (5, chrome)	Run Cypress	2025-02-05T13:23:24.4713571Z 
Admin UI E2E (5, chrome)	Run Cypress	2025-02-05T13:23:24.4714579Z   -  Video output: [36m/home/runner/work/keycloak/keycloak/js/apps/admin-ui/cypress/videos/clients_test.spec.ts.mp4[39m
Admin UI E2E (5, chrome)	Run Cypress	2025-02-05T13:23:24.4715401Z 
Admin UI E2E (5, chrome)	Run Cypress	2025-02-05T13:23:24.4715414Z 
Admin UI E2E (5, chrome)	Run Cypress	2025-02-05T13:23:24.4725608Z [90mâ”€[39m[90mâ”€[39m[90mâ”€[39m[90mâ”€[39m[90mâ”€[39m[90mâ”€[39m[90mâ”€[39m[90mâ”€[39m[90mâ”€[39m[90mâ”€[39m[90mâ”€[39m[90mâ”€[39m[90mâ”€[39m[90mâ”€[39m[90mâ”€[39m[90mâ”€[39m[90mâ”€[39m[90mâ”€[39m[90mâ”€[39m[90mâ”€[39m[90mâ”€[39m[90mâ”€[39m[90mâ”€[39m[90mâ”€[39m[90mâ”€[39m[90mâ”€[39m[90mâ”€[39m[90mâ”€[39m[90mâ”€[39m[90mâ”€[39m[90mâ”€[39m[90mâ”€[39m[90mâ”€[39m[90mâ”€[39m[90mâ”€[39m[90mâ”€[39m[90mâ”€[39m[90mâ”€[39m[90mâ”€[39m[90mâ”€[39m[90mâ”€[39m[90mâ”€[39m[90mâ”€[39m[90mâ”€[39m[90mâ”€[39m[90mâ”€[39m[90mâ”€[39m[90mâ”€[39m[90mâ”€[39m[90mâ”€[39m[90mâ”€[39m[90mâ”€[39m[90mâ”€[39m[90mâ”€[39m[90mâ”€[39m[90mâ”€[39m[90mâ”€[39m[90mâ”€[39m[90mâ”€[39m[90mâ”€[39m[90mâ”€[39m[90mâ”€[39m[90mâ”€[39m[90mâ”€[39m[90mâ”€[39m[90mâ”€[39m[90mâ”€[39m[90mâ”€[39m[90mâ”€[39m[90mâ”€[39m[90mâ”€[39m[90mâ”€[39m[90mâ”€[39m[90mâ”€[39m[90mâ”€[39m[90mâ”€[39m[90mâ”€[39m[90mâ”€[39m[90mâ”€[39m[90mâ”€[39m[90mâ”€[39m[90mâ”€[39m[90mâ”€[39m[90mâ”€[39m[90mâ”€[39m[90mâ”€[39m[90mâ”€[39m[90mâ”€[39m[90mâ”€[39m[90mâ”€[39m[90mâ”€[39m[90mâ”€[39m[90mâ”€[39m[90mâ”€[39m[90mâ”€[39m[90mâ”€[39m[90mâ”€[39m[90mâ”€[39m[90mâ”€[39m[90mâ”€[39m
Admin UI E2E (5, chrome)	Run Cypress	2025-02-05T13:23:24.4732798Z                                                                                                     
Admin UI E2E (5, chrome)	Run Cypress	2025-02-05T13:23:24.4733952Z   Running:  [90mevents_test.spec.ts[39m                                                             [90m(5 of 8)[39m
Admin UI E2E (5, chrome)	Run Cypress	2025-02-05T13:23:28.5755000Z 
Admin UI E2E (5, chrome)	Run Cypress	2025-02-05T13:23:28.5756595Z [0m[0m
Admin UI E2E (5, chrome)	Run Cypress	2025-02-05T13:23:28.5809744Z [0m  Events tests[0m
Admin UI E2E (5, chrome)	Run Cypress	2025-02-05T13:23:28.5812406Z [0m    User events list[0m
Admin UI E2E (5, chrome)	Run Cypress	2025-02-05T13:23:28.5819881Z     [36m  - Show empty when no save events[0m
Admin UI E2E (5, chrome)	Run Cypress	2025-02-05T13:23:28.5828772Z     [36m  - Expand item to see more information[0m
Admin UI E2E (5, chrome)	Run Cypress	2025-02-05T13:23:28.6074203Z [0m    Search user events list[0m
Admin UI E2E (5, chrome)	Run Cypress	2025-02-05T13:23:28.6494422Z     [36m  - Check search dropdown display[0m
Admin UI E2E (5, chrome)	Run Cypress	2025-02-05T13:23:28.6495279Z     [36m  - Check user events search form fields display[0m
Admin UI E2E (5, chrome)	Run Cypress	2025-02-05T13:23:28.6513910Z     [36m  - Check event type dropdown options exist[0m
Admin UI E2E (5, chrome)	Run Cypress	2025-02-05T13:23:28.6519807Z     [36m  - Check `search events` button disabled by default[0m
Admin UI E2E (5, chrome)	Run Cypress	2025-02-05T13:23:28.6523308Z     [36m  - Check user events search and removal work[0m
Admin UI E2E (5, chrome)	Run Cypress	2025-02-05T13:23:28.6525003Z     [36m  - Check for no events logged[0m
Admin UI E2E (5, chrome)	Run Cypress	2025-02-05T13:23:28.6525710Z     [36m  - Check `search events` button enabled[0m
Admin UI E2E (5, chrome)	Run Cypress	2025-02-05T13:23:28.6566920Z     [36m  - Search by user ID[0m
Admin UI E2E (5, chrome)	Run Cypress	2025-02-05T13:23:28.6581212Z     [36m  - Search by event type[0m
Admin UI E2E (5, chrome)	Run Cypress	2025-02-05T13:23:28.6582914Z     [36m  - Search by client[0m
Admin UI E2E (5, chrome)	Run Cypress	2025-02-05T13:23:28.6587325Z     [36m  - Search by date from[0m
Admin UI E2E (5, chrome)	Run Cypress	2025-02-05T13:23:28.6623766Z     [36m  - Search by dato to[0m
Admin UI E2E (5, chrome)	Run Cypress	2025-02-05T13:23:28.6624824Z     [36m  - Search by Ip Adress to[0m
Admin UI E2E (5, chrome)	Run Cypress	2025-02-05T13:23:28.6627767Z     [36m  - Search by all elements[0m
Admin UI E2E (5, chrome)	Run Cypress	2025-02-05T13:23:28.6649652Z     [36m  - Check `search user events` button enabled[0m
Admin UI E2E (5, chrome)	Run Cypress	2025-02-05T13:23:28.6650576Z [0m    Admin events list[0m
Admin UI E2E (5, chrome)	Run Cypress	2025-02-05T13:23:28.6700810Z     [36m  - Show events[0m
Admin UI E2E (5, chrome)	Run Cypress	2025-02-05T13:23:28.6705472Z     [36m  - Show empty when no save events[0m
Admin UI E2E (5, chrome)	Run Cypress	2025-02-05T13:23:28.6899518Z [0m    Search admin events list[0m
Admin UI E2E (5, chrome)	Run Cypress	2025-02-05T13:23:28.7025120Z     [36m  - Search by resource types[0m
Admin UI E2E (5, chrome)	Run Cypress	2025-02-05T13:23:28.7076605Z     [36m  - Search by operation types[0m
Admin UI E2E (5, chrome)	Run Cypress	2025-02-05T13:23:28.7081964Z     [36m  - Search by resource path[0m
Admin UI E2E (5, chrome)	Run Cypress	2025-02-05T13:23:28.7090763Z     [36m  - Search by realm[0m
Admin UI E2E (5, chrome)	Run Cypress	2025-02-05T13:23:28.7092386Z     [36m  - Search by client[0m
Admin UI E2E (5, chrome)	Run Cypress	2025-02-05T13:23:28.7096689Z     [36m  - Search by user ID[0m
Admin UI E2E (5, chrome)	Run Cypress	2025-02-05T13:23:28.7100029Z     [36m  - Search by IP address[0m
Admin UI E2E (5, chrome)	Run Cypress	2025-02-05T13:23:28.7105141Z     [36m  - Search by date from[0m
Admin UI E2E (5, chrome)	Run Cypress	2025-02-05T13:23:28.7108387Z     [36m  - Search by date to[0m
Admin UI E2E (5, chrome)	Run Cypress	2025-02-05T13:23:28.7239141Z [0m    Search admin events[0m
Admin UI E2E (5, chrome)	Run Cypress	2025-02-05T13:23:28.7334984Z     [36m  - Check admin events search form fields display[0m
Admin UI E2E (5, chrome)	Run Cypress	2025-02-05T13:23:28.7439395Z     [36m  - Check `search admin events` button disabled by default[0m
Admin UI E2E (5, chrome)	Run Cypress	2025-02-05T13:23:28.7444582Z     [36m  - Check admin events search and removal work[0m
Admin UI E2E (5, chrome)	Run Cypress	2025-02-05T13:23:28.7449251Z     [36m  - Check for no events logged[0m
Admin UI E2E (5, chrome)	Run Cypress	2025-02-05T13:23:28.7453601Z     [36m  - Check `search admin events` button enabled[0m
Admin UI E2E (5, chrome)	Run Cypress	2025-02-05T13:23:28.7582371Z [0m    Check more button opens auth and representation dialogs[0m
Admin UI E2E (5, chrome)	Run Cypress	2025-02-05T13:23:28.7672335Z     [36m  - Check auth dialog opens and is not empty[0m
Admin UI E2E (5, chrome)	Run Cypress	2025-02-05T13:23:28.7677519Z     [36m  - Check representation dialog opens and is not empty[0m
Admin UI E2E (5, chrome)	Run Cypress	2025-02-05T13:23:28.7859359Z [0m    Accessibility tests for events[0m
Admin UI E2E (5, chrome)	Run Cypress	2025-02-05T13:23:28.8101530Z     [36m  - Check a11y violations on load/ user events tab[0m
Admin UI E2E (5, chrome)	Run Cypress	2025-02-05T13:23:28.8129636Z     [36m  - Check a11y violations in user events search form[0m
Admin UI E2E (5, chrome)	Run Cypress	2025-02-05T13:23:28.8130956Z     [36m  - Check a11y violations on admin events tab[0m
Admin UI E2E (5, chrome)	Run Cypress	2025-02-05T13:23:28.8132142Z     [36m  - Check a11y violations in admin events search form[0m
Admin UI E2E (5, chrome)	Run Cypress	2025-02-05T13:23:28.8133184Z     [36m  - Check a11y violations in Auth dialog[0m
Admin UI E2E (5, chrome)	Run Cypress	2025-02-05T13:23:28.8133939Z     [36m  - Check a11y violations in Representation dialog[0m
Admin UI E2E (5, chrome)	Run Cypress	2025-02-05T13:23:28.8178789Z 
Admin UI E2E (5, chrome)	Run Cypress	2025-02-05T13:23:28.8427789Z 
Admin UI E2E (5, chrome)	Run Cypress	2025-02-05T13:23:28.8434084Z [92m [0m[32m 0 passing[0m[90m (267ms)[0m
Admin UI E2E (5, chrome)	Run Cypress	2025-02-05T13:23:28.8436365Z [36m [0m[36m 41 pending[0m
Admin UI E2E (5, chrome)	Run Cypress	2025-02-05T13:23:28.8438493Z 
Admin UI E2E (5, chrome)	Run Cypress	2025-02-05T13:23:29.9722740Z 
Admin UI E2E (5, chrome)	Run Cypress	2025-02-05T13:23:29.9723687Z [32m  ([4m[1mResults[22m[24m)[39m
Admin UI E2E (5, chrome)	Run Cypress	2025-02-05T13:23:29.9726191Z 
Admin UI E2E (5, chrome)	Run Cypress	2025-02-05T13:23:29.9735311Z [90m  â”Œ[39m[90mâ”€[39m[90mâ”€[39m[90mâ”€[39m[90mâ”€[39m[90mâ”€[39m[90mâ”€[39m[90mâ”€[39m[90mâ”€[39m[90mâ”€[39m[90mâ”€[39m[90mâ”€[39m[90mâ”€[39m[90mâ”€[39m[90mâ”€[39m[90mâ”€[39m[90mâ”€[39m[90mâ”€[39m[90mâ”€[39m[90mâ”€[39m[90mâ”€[39m[90mâ”€[39m[90mâ”€[39m[90mâ”€[39m[90mâ”€[39m[90mâ”€[39m[90mâ”€[39m[90mâ”€[39m[90mâ”€[39m[90mâ”€[39m[90mâ”€[39m[90mâ”€[39m[90mâ”€[39m[90mâ”€[39m[90mâ”€[39m[90mâ”€[39m[90mâ”€[39m[90mâ”€[39m[90mâ”€[39m[90mâ”€[39m[90mâ”€[39m[90mâ”€[39m[90mâ”€[39m[90mâ”€[39m[90mâ”€[39m[90mâ”€[39m[90mâ”€[39m[90mâ”€[39m[90mâ”€[39m[90mâ”€[39m[90mâ”€[39m[90mâ”€[39m[90mâ”€[39m[90mâ”€[39m[90mâ”€[39m[90mâ”€[39m[90mâ”€[39m[90mâ”€[39m[90mâ”€[39m[90mâ”€[39m[90mâ”€[39m[90mâ”€[39m[90mâ”€[39m[90mâ”€[39m[90mâ”€[39m[90mâ”€[39m[90mâ”€[39m[90mâ”€[39m[90mâ”€[39m[90mâ”€[39m[90mâ”€[39m[90mâ”€[39m[90mâ”€[39m[90mâ”€[39m[90mâ”€[39m[90mâ”€[39m[90mâ”€[39m[90mâ”€[39m[90mâ”€[39m[90mâ”€[39m[90mâ”€[39m[90mâ”€[39m[90mâ”€[39m[90mâ”€[39m[90mâ”€[39m[90mâ”€[39m[90mâ”€[39m[90mâ”€[39m[90mâ”€[39m[90mâ”€[39m[90mâ”€[39m[90mâ”€[39m[90mâ”€[39m[90mâ”€[39m[90mâ”€[39m[90mâ”€[39m[90mâ”€[39m[90mâ”[39m
Admin UI E2E (5, chrome)	Run Cypress	2025-02-05T13:23:29.9738295Z [90m  â”‚[39m [90mTests:[39m        [32m41[39m                                                                               [90mâ”‚[39m
Admin UI E2E (5, chrome)	Run Cypress	2025-02-05T13:23:29.9739025Z [90m  â”‚[39m [90mPassing:[39m      [32m0[39m                                                                                [90mâ”‚[39m
Admin UI E2E (5, chrome)	Run Cypress	2025-02-05T13:23:29.9739722Z [90m  â”‚[39m [90mFailing:[39m      [32m0[39m                                                                                [90mâ”‚[39m
Admin UI E2E (5, chrome)	Run Cypress	2025-02-05T13:23:29.9740646Z [90m  â”‚[39m [90mPending:[39m      [32m41[39m                                                                               [90mâ”‚[39m
Admin UI E2E (5, chrome)	Run Cypress	2025-02-05T13:23:29.9741561Z [90m  â”‚[39m [90mSkipped:[39m      [32m0[39m                                                                                [90mâ”‚[39m
Admin UI E2E (5, chrome)	Run Cypress	2025-02-05T13:23:29.9742311Z [90m  â”‚[39m [90mScreenshots:[39m  [32m0[39m                                                                                [90mâ”‚[39m
Admin UI E2E (5, chrome)	Run Cypress	2025-02-05T13:23:29.9743588Z [90m  â”‚[39m [90mVideo:[39m        [32mfalse[39m                                                                            [90mâ”‚[39m
Admin UI E2E (5, chrome)	Run Cypress	2025-02-05T13:23:29.9744437Z [90m  â”‚[39m [90mDuration:[39m     [32m0 seconds[39m                                                                        [90mâ”‚[39m
Admin UI E2E (5, chrome)	Run Cypress	2025-02-05T13:23:29.9745536Z [90m  â”‚[39m [90mSpec Ran:[39m     [32m[32mevents_test.spec.ts[32m[39m                                                              [90mâ”‚[39m
Admin UI E2E (5, chrome)	Run Cypress	2025-02-05T13:23:29.9750699Z [90m  â””[39m[90mâ”€[39m[90mâ”€[39m[90mâ”€[39m[90mâ”€[39m[90mâ”€[39m[90mâ”€[39m[90mâ”€[39m[90mâ”€[39m[90mâ”€[39m[90mâ”€[39m[90mâ”€[39m[90mâ”€[39m[90mâ”€[39m[90mâ”€[39m[90mâ”€[39m[90mâ”€[39m[90mâ”€[39m[90mâ”€[39m[90mâ”€[39m[90mâ”€[39m[90mâ”€[39m[90mâ”€[39m[90mâ”€[39m[90mâ”€[39m[90mâ”€[39m[90mâ”€[39m[90mâ”€[39m[90mâ”€[39m[90mâ”€[39m[90mâ”€[39m[90mâ”€[39m[90mâ”€[39m[90mâ”€[39m[90mâ”€[39m[90mâ”€[39m[90mâ”€[39m[90mâ”€[39m[90mâ”€[39m[90mâ”€[39m[90mâ”€[39m[90mâ”€[39m[90mâ”€[39m[90mâ”€[39m[90mâ”€[39m[90mâ”€[39m[90mâ”€[39m[90mâ”€[39m[90mâ”€[39m[90mâ”€[39m[90mâ”€[39m[90mâ”€[39m[90mâ”€[39m[90mâ”€[39m[90mâ”€[39m[90mâ”€[39m[90mâ”€[39m[90mâ”€[39m[90mâ”€[39m[90mâ”€[39m[90mâ”€[39m[90mâ”€[39m[90mâ”€[39m[90mâ”€[39m[90mâ”€[39m[90mâ”€[39m[90mâ”€[39m[90mâ”€[39m[90mâ”€[39m[90mâ”€[39m[90mâ”€[39m[90mâ”€[39m[90mâ”€[39m[90mâ”€[39m[90mâ”€[39m[90mâ”€[39m[90mâ”€[39m[90mâ”€[39m[90mâ”€[39m[90mâ”€[39m[90mâ”€[39m[90mâ”€[39m[90mâ”€[39m[90mâ”€[39m[90mâ”€[39m[90mâ”€[39m[90mâ”€[39m[90mâ”€[39m[90mâ”€[39m[90mâ”€[39m[90mâ”€[39m[90mâ”€[39m[90mâ”€[39m[90mâ”€[39m[90mâ”€[39m[90mâ”€[39m[90mâ”€[39m[90mâ”˜[39m
Admin UI E2E (5, chrome)	Run Cypress	2025-02-05T13:23:29.9754304Z 
Admin UI E2E (5, chrome)	Run Cypress	2025-02-05T13:23:30.0074424Z 
Admin UI E2E (5, chrome)	Run Cypress	2025-02-05T13:23:30.0086261Z [90mâ”€[39m[90mâ”€[39m[90mâ”€[39m[90mâ”€[39m[90mâ”€[39m[90mâ”€[39m[90mâ”€[39m[90mâ”€[39m[90mâ”€[39m[90mâ”€[39m[90mâ”€[39m[90mâ”€[39m[90mâ”€[39m[90mâ”€[39m[90mâ”€[39m[90mâ”€[39m[90mâ”€[39m[90mâ”€[39m[90mâ”€[39m[90mâ”€[39m[90mâ”€[39m[90mâ”€[39m[90mâ”€[39m[90mâ”€[39m[90mâ”€[39m[90mâ”€[39m[90mâ”€[39m[90mâ”€[39m[90mâ”€[39m[90mâ”€[39m[90mâ”€[39m[90mâ”€[39m[90mâ”€[39m[90mâ”€[39m[90mâ”€[39m[90mâ”€[39m[90mâ”€[39m[90mâ”€[39m[90mâ”€[39m[90mâ”€[39m[90mâ”€[39m[90mâ”€[39m[90mâ”€[39m[90mâ”€[39m[90mâ”€[39m[90mâ”€[39m[90mâ”€[39m[90mâ”€[39m[90mâ”€[39m[90mâ”€[39m[90mâ”€[39m[90mâ”€[39m[90mâ”€[39m[90mâ”€[39m[90mâ”€[39m[90mâ”€[39m[90mâ”€[39m[90mâ”€[39m[90mâ”€[39m[90mâ”€[39m[90mâ”€[39m[90mâ”€[39m[90mâ”€[39m[90mâ”€[39m[90mâ”€[39m[90mâ”€[39m[90mâ”€[39m[90mâ”€[39m[90mâ”€[39m[90mâ”€[39m[90mâ”€[39m[90mâ”€[39m[90mâ”€[39m[90mâ”€[39m[90mâ”€[39m[90mâ”€[39m[90mâ”€[39m[90mâ”€[39m[90mâ”€[39m[90mâ”€[39m[90mâ”€[39m[90mâ”€[39m[90mâ”€[39m[90mâ”€[39m[90mâ”€[39m[90mâ”€[39m[90mâ”€[39m[90mâ”€[39m[90mâ”€[39m[90mâ”€[39m[90mâ”€[39m[90mâ”€[39m[90mâ”€[39m[90mâ”€[39m[90mâ”€[39m[90mâ”€[39m[90mâ”€[39m[90mâ”€[39m[90mâ”€[39m[90mâ”€[39m
Admin UI E2E (5, chrome)	Run Cypress	2025-02-05T13:23:30.0091087Z                                                                                                     
Admin UI E2E (5, chrome)	Run Cypress	2025-02-05T13:23:30.0092250Z   Running:  [90mclient_authorization_test.spec.ts[39m                                               [90m(6 of 8)[39m
Admin UI E2E (5, chrome)	Run Cypress	2025-02-05T13:23:33.3552256Z 
Admin UI E2E (5, chrome)	Run Cypress	2025-02-05T13:23:33.3555064Z [0m[0m
Admin UI E2E (5, chrome)	Run Cypress	2025-02-05T13:23:33.3579892Z [0m  Client authentication subtab[0m
Admin UI E2E (5, chrome)	Run Cypress	2025-02-05T13:23:39.3296176Z   [32m  âœ“[0m[90m Should update the resource server settings[0m[90m (5964ms)[0m
Admin UI E2E (5, chrome)	Run Cypress	2025-02-05T13:23:45.2464485Z   [32m  âœ“[0m[90m Should create a resource[0m[90m (5856ms)[0m
Admin UI E2E (5, chrome)	Run Cypress	2025-02-05T13:23:49.0118502Z   [32m  âœ“[0m[90m Edit a resource[0m[90m (3700ms)[0m
Admin UI E2E (5, chrome)	Run Cypress	2025-02-05T13:23:53.3009907Z   [32m  âœ“[0m[90m Should create a scope[0m[90m (4217ms)[0m
Admin UI E2E (5, chrome)	Run Cypress	2025-02-05T13:23:58.6261355Z   [32m  âœ“[0m[90m Should create a policy[0m[90m (5290ms)[0m
Admin UI E2E (5, chrome)	Run Cypress	2025-02-05T13:24:02.0183981Z   [32m  âœ“[0m[90m Should delete a policy[0m[90m (3336ms)[0m
Admin UI E2E (5, chrome)	Run Cypress	2025-02-05T13:24:07.2415213Z   [32m  âœ“[0m[90m Should create a client policy[0m[90m (5154ms)[0m
Admin UI E2E (5, chrome)	Run Cypress	2025-02-05T13:24:11.8830091Z   [32m  âœ“[0m[90m Should create a permission[0m[90m (4596ms)[0m
Admin UI E2E (5, chrome)	Run Cypress	2025-02-05T13:24:11.9045916Z   [36m  - Should copy auth details[0m
Admin UI E2E (5, chrome)	Run Cypress	2025-02-05T13:24:15.2268803Z   [32m  âœ“[0m[90m Should export auth details[0m[90m (3304ms)[0m
Admin UI E2E (5, chrome)	Run Cypress	2025-02-05T13:24:15.2393991Z [0m    Client authorization tab access for view-realm-authorization[0m
Admin UI E2E (5, chrome)	Run Cypress	2025-02-05T13:24:32.0539522Z     [32m  âœ“[0m[90m Should view autorization tab[0m[90m (15856ms)[0m
Admin UI E2E (5, chrome)	Run Cypress	2025-02-05T13:24:32.0998168Z [0m    Accessibility tests for client authorization[0m
Admin UI E2E (5, chrome)	Run Cypress	2025-02-05T13:24:41.8265688Z     [32m  âœ“[0m[90m Check a11y violations on load/ client authorization[0m[90m (9672ms)[0m
Admin UI E2E (5, chrome)	Run Cypress	2025-02-05T13:24:41.8274806Z 
Admin UI E2E (5, chrome)	Run Cypress	2025-02-05T13:24:41.8720587Z 
Admin UI E2E (5, chrome)	Run Cypress	2025-02-05T13:24:41.8722847Z [92m [0m[32m 11 passing[0m[90m (1m)[0m
Admin UI E2E (5, chrome)	Run Cypress	2025-02-05T13:24:41.8729480Z [36m [0m[36m 1 pending[0m
Admin UI E2E (5, chrome)	Run Cypress	2025-02-05T13:24:41.8730197Z 
Admin UI E2E (5, chrome)	Run Cypress	2025-02-05T13:24:42.8954128Z 
Admin UI E2E (5, chrome)	Run Cypress	2025-02-05T13:24:42.8955232Z [32m  ([4m[1mResults[22m[24m)[39m
Admin UI E2E (5, chrome)	Run Cypress	2025-02-05T13:24:42.8959820Z 
Admin UI E2E (5, chrome)	Run Cypress	2025-02-05T13:24:42.8972355Z [90m  â”Œ[39m[90mâ”€[39m[90mâ”€[39m[90mâ”€[39m[90mâ”€[39m[90mâ”€[39m[90mâ”€[39m[90mâ”€[39m[90mâ”€[39m[90mâ”€[39m[90mâ”€[39m[90mâ”€[39m[90mâ”€[39m[90mâ”€[39m[90mâ”€[39m[90mâ”€[39m[90mâ”€[39m[90mâ”€[39m[90mâ”€[39m[90mâ”€[39m[90mâ”€[39m[90mâ”€[39m[90mâ”€[39m[90mâ”€[39m[90mâ”€[39m[90mâ”€[39m[90mâ”€[39m[90mâ”€[39m[90mâ”€[39m[90mâ”€[39m[90mâ”€[39m[90mâ”€[39m[90mâ”€[39m[90mâ”€[39m[90mâ”€[39m[90mâ”€[39m[90mâ”€[39m[90mâ”€[39m[90mâ”€[39m[90mâ”€[39m[90mâ”€[39m[90mâ”€[39m[90mâ”€[39m[90mâ”€[39m[90mâ”€[39m[90mâ”€[39m[90mâ”€[39m[90mâ”€[39m[90mâ”€[39m[90mâ”€[39m[90mâ”€[39m[90mâ”€[39m[90mâ”€[39m[90mâ”€[39m[90mâ”€[39m[90mâ”€[39m[90mâ”€[39m[90mâ”€[39m[90mâ”€[39m[90mâ”€[39m[90mâ”€[39m[90mâ”€[39m[90mâ”€[39m[90mâ”€[39m[90mâ”€[39m[90mâ”€[39m[90mâ”€[39m[90mâ”€[39m[90mâ”€[39m[90mâ”€[39m[90mâ”€[39m[90mâ”€[39m[90mâ”€[39m[90mâ”€[39m[90mâ”€[39m[90mâ”€[39m[90mâ”€[39m[90mâ”€[39m[90mâ”€[39m[90mâ”€[39m[90mâ”€[39m[90mâ”€[39m[90mâ”€[39m[90mâ”€[39m[90mâ”€[39m[90mâ”€[39m[90mâ”€[39m[90mâ”€[39m[90mâ”€[39m[90mâ”€[39m[90mâ”€[39m[90mâ”€[39m[90mâ”€[39m[90mâ”€[39m[90mâ”€[39m[90mâ”€[39m[90mâ”€[39m[90mâ”[39m
Admin UI E2E (5, chrome)	Run Cypress	2025-02-05T13:24:42.8975204Z [90m  â”‚[39m [90mTests:[39m        [32m12[39m                                                                               [90mâ”‚[39m
Admin UI E2E (5, chrome)	Run Cypress	2025-02-05T13:24:42.8975915Z [90m  â”‚[39m [90mPassing:[39m      [32m11[39m                                                                               [90mâ”‚[39m
Admin UI E2E (5, chrome)	Run Cypress	2025-02-05T13:24:42.8976597Z [90m  â”‚[39m [90mFailing:[39m      [32m0[39m                                                                                [90mâ”‚[39m
Admin UI E2E (5, chrome)	Run Cypress	2025-02-05T13:24:42.8977267Z [90m  â”‚[39m [90mPending:[39m      [32m1[39m                                                                                [90mâ”‚[39m
Admin UI E2E (5, chrome)	Run Cypress	2025-02-05T13:24:42.8978318Z [90m  â”‚[39m [90mSkipped:[39m      [32m0[39m                                                                                [90mâ”‚[39m
Admin UI E2E (5, chrome)	Run Cypress	2025-02-05T13:24:42.8979022Z [90m  â”‚[39m [90mScreenshots:[39m  [32m0[39m                                                                                [90mâ”‚[39m
Admin UI E2E (5, chrome)	Run Cypress	2025-02-05T13:24:42.8979968Z [90m  â”‚[39m [90mVideo:[39m        [32mfalse[39m                                                                            [90mâ”‚[39m
Admin UI E2E (5, chrome)	Run Cypress	2025-02-05T13:24:42.8980864Z [90m  â”‚[39m [90mDuration:[39m     [32m1 minute, 8 seconds[39m                                                              [90mâ”‚[39m
Admin UI E2E (5, chrome)	Run Cypress	2025-02-05T13:24:42.8982115Z [90m  â”‚[39m [90mSpec Ran:[39m     [32m[32mclient_authorization_test.spec.ts[32m[39m                                                [90mâ”‚[39m
Admin UI E2E (5, chrome)	Run Cypress	2025-02-05T13:24:42.8988384Z [90m  â””[39m[90mâ”€[39m[90mâ”€[39m[90mâ”€[39m[90mâ”€[39m[90mâ”€[39m[90mâ”€[39m[90mâ”€[39m[90mâ”€[39m[90mâ”€[39m[90mâ”€[39m[90mâ”€[39m[90mâ”€[39m[90mâ”€[39m[90mâ”€[39m[90mâ”€[39m[90mâ”€[39m[90mâ”€[39m[90mâ”€[39m[90mâ”€[39m[90mâ”€[39m[90mâ”€[39m[90mâ”€[39m[90mâ”€[39m[90mâ”€[39m[90mâ”€[39m[90mâ”€[39m[90mâ”€[39m[90mâ”€[39m[90mâ”€[39m[90mâ”€[39m[90mâ”€[39m[90mâ”€[39m[90mâ”€[39m[90mâ”€[39m[90mâ”€[39m[90mâ”€[39m[90mâ”€[39m[90mâ”€[39m[90mâ”€[39m[90mâ”€[39m[90mâ”€[39m[90mâ”€[39m[90mâ”€[39m[90mâ”€[39m[90mâ”€[39m[90mâ”€[39m[90mâ”€[39m[90mâ”€[39m[90mâ”€[39m[90mâ”€[39m[90mâ”€[39m[90mâ”€[39m[90mâ”€[39m[90mâ”€[39m[90mâ”€[39m[90mâ”€[39m[90mâ”€[39m[90mâ”€[39m[90mâ”€[39m[90mâ”€[39m[90mâ”€[39m[90mâ”€[39m[90mâ”€[39m[90mâ”€[39m[90mâ”€[39m[90mâ”€[39m[90mâ”€[39m[90mâ”€[39m[90mâ”€[39m[90mâ”€[39m[90mâ”€[39m[90mâ”€[39m[90mâ”€[39m[90mâ”€[39m[90mâ”€[39m[90mâ”€[39m[90mâ”€[39m[90mâ”€[39m[90mâ”€[39m[90mâ”€[39m[90mâ”€[39m[90mâ”€[39m[90mâ”€[39m[90mâ”€[39m[90mâ”€[39m[90mâ”€[39m[90mâ”€[39m[90mâ”€[39m[90mâ”€[39m[90mâ”€[39m[90mâ”€[39m[90mâ”€[39m[90mâ”€[39m[90mâ”€[39m[90mâ”€[39m[90mâ”€[39m[90mâ”˜[39m
Admin UI E2E (5, chrome)	Run Cypress	2025-02-05T13:24:42.8992031Z 
Admin UI E2E (5, chrome)	Run Cypress	2025-02-05T13:24:42.9311868Z 
Admin UI E2E (5, chrome)	Run Cypress	2025-02-05T13:24:42.9316883Z [90mâ”€[39m[90mâ”€[39m[90mâ”€[39m[90mâ”€[39m[90mâ”€[39m[90mâ”€[39m[90mâ”€[39m[90mâ”€[39m[90mâ”€[39m[90mâ”€[39m[90mâ”€[39m[90mâ”€[39m[90mâ”€[39m[90mâ”€[39m[90mâ”€[39m[90mâ”€[39m[90mâ”€[39m[90mâ”€[39m[90mâ”€[39m[90mâ”€[39m[90mâ”€[39m[90mâ”€[39m[90mâ”€[39m[90mâ”€[39m[90mâ”€[39m[90mâ”€[39m[90mâ”€[39m[90mâ”€[39m[90mâ”€[39m[90mâ”€[39m[90mâ”€[39m[90mâ”€[39m[90mâ”€[39m[90mâ”€[39m[90mâ”€[39m[90mâ”€[39m[90mâ”€[39m[90mâ”€[39m[90mâ”€[39m[90mâ”€[39m[90mâ”€[39m[90mâ”€[39m[90mâ”€[39m[90mâ”€[39m[90mâ”€[39m[90mâ”€[39m[90mâ”€[39m[90mâ”€[39m[90mâ”€[39m[90mâ”€[39m[90mâ”€[39m[90mâ”€[39m[90mâ”€[39m[90mâ”€[39m[90mâ”€[39m[90mâ”€[39m[90mâ”€[39m[90mâ”€[39m[90mâ”€[39m[90mâ”€[39m[90mâ”€[39m[90mâ”€[39m[90mâ”€[39m[90mâ”€[39m[90mâ”€[39m[90mâ”€[39m[90mâ”€[39m[90mâ”€[39m[90mâ”€[39m[90mâ”€[39m[90mâ”€[39m[90mâ”€[39m[90mâ”€[39m[90mâ”€[39m[90mâ”€[39m[90mâ”€[39m[90mâ”€[39m[90mâ”€[39m[90mâ”€[39m[90mâ”€[39m[90mâ”€[39m[90mâ”€[39m[90mâ”€[39m[90mâ”€[39m[90mâ”€[39m[90mâ”€[39m[90mâ”€[39m[90mâ”€[39m[90mâ”€[39m[90mâ”€[39m[90mâ”€[39m[90mâ”€[39m[90mâ”€[39m[90mâ”€[39m[90mâ”€[39m[90mâ”€[39m[90mâ”€[39m[90mâ”€[39m[90mâ”€[39m[90mâ”€[39m
Admin UI E2E (5, chrome)	Run Cypress	2025-02-05T13:24:42.9319278Z                                                                                                     
Admin UI E2E (5, chrome)	Run Cypress	2025-02-05T13:24:42.9319877Z   Running:  [90mmasthead_test.spec.ts[39m                                                           [90m(7 of 8)[39m
Admin UI E2E (5, chrome)	Run Cypress	2025-02-05T13:24:46.3811349Z 
Admin UI E2E (5, chrome)	Run Cypress	2025-02-05T13:24:46.3812121Z [0m[0m
Admin UI E2E (5, chrome)	Run Cypress	2025-02-05T13:24:46.3853189Z [0m  Masthead tests[0m
Admin UI E2E (5, chrome)	Run Cypress	2025-02-05T13:24:46.3856514Z [0m    Desktop view[0m
Admin UI E2E (5, chrome)	Run Cypress	2025-02-05T13:24:50.4419785Z     [32m  âœ“[0m[90m Go to account console and back to admin console[0m[90m (4029ms)[0m
Admin UI E2E (5, chrome)	Run Cypress	2025-02-05T13:24:52.6483106Z     [32m  âœ“[0m[90m Sign out reachs to log in screen[0m[90m (2169ms)[0m
Admin UI E2E (5, chrome)	Run Cypress	2025-02-05T13:24:57.1224430Z     [32m  âœ“[0m[90m Go to realm info[0m[90m (4434ms)[0m
Admin UI E2E (5, chrome)	Run Cypress	2025-02-05T13:24:58.7418490Z     [32m  âœ“[0m[90m Should go to documentation page[0m[90m (1583ms)[0m
Admin UI E2E (5, chrome)	Run Cypress	2025-02-05T13:25:00.6141927Z     [32m  âœ“[0m[90m Enable/disable help mode in desktop mode[0m[90m (1832ms)[0m
Admin UI E2E (5, chrome)	Run Cypress	2025-02-05T13:25:00.6247575Z [0m    Login works for unprivileged users[0m
Admin UI E2E (5, chrome)	Run Cypress	2025-02-05T13:25:07.0582276Z     [32m  âœ“[0m[90m Login without privileges to see admin console[0m[90m (5960ms)[0m
Admin UI E2E (5, chrome)	Run Cypress	2025-02-05T13:25:07.0713686Z [0m    Mobile view[0m
Admin UI E2E (5, chrome)	Run Cypress	2025-02-05T13:25:11.4651241Z     [32m  âœ“[0m[90m Mobile menu is shown when in mobile view[0m[90m (4361ms)[0m
Admin UI E2E (5, chrome)	Run Cypress	2025-02-05T13:25:13.5848956Z     [32m  âœ“[0m[90m Enable/disable help mode in mobile view[0m[90m (2082ms)[0m
Admin UI E2E (5, chrome)	Run Cypress	2025-02-05T13:25:13.6087438Z [0m    Accessibility tests for masthead[0m
Admin UI E2E (5, chrome)	Run Cypress	2025-02-05T13:25:16.9133813Z     [32m  âœ“[0m[90m Check a11y violations on load/ masthead[0m[90m (3285ms)[0m
Admin UI E2E (5, chrome)	Run Cypress	2025-02-05T13:25:16.9137087Z 
Admin UI E2E (5, chrome)	Run Cypress	2025-02-05T13:25:16.9294961Z 
Admin UI E2E (5, chrome)	Run Cypress	2025-02-05T13:25:16.9296399Z [92m [0m[32m 9 passing[0m[90m (31s)[0m
Admin UI E2E (5, chrome)	Run Cypress	2025-02-05T13:25:16.9297589Z 
Admin UI E2E (5, chrome)	Run Cypress	2025-02-05T13:25:17.9435468Z 
Admin UI E2E (5, chrome)	Run Cypress	2025-02-05T13:25:17.9436626Z [32m  ([4m[1mResults[22m[24m)[39m
Admin UI E2E (5, chrome)	Run Cypress	2025-02-05T13:25:17.9441957Z 
Admin UI E2E (5, chrome)	Run Cypress	2025-02-05T13:25:17.9454282Z [90m  â”Œ[39m[90mâ”€[39m[90mâ”€[39m[90mâ”€[39m[90mâ”€[39m[90mâ”€[39m[90mâ”€[39m[90mâ”€[39m[90mâ”€[39m[90mâ”€[39m[90mâ”€[39m[90mâ”€[39m[90mâ”€[39m[90mâ”€[39m[90mâ”€[39m[90mâ”€[39m[90mâ”€[39m[90mâ”€[39m[90mâ”€[39m[90mâ”€[39m[90mâ”€[39m[90mâ”€[39m[90mâ”€[39m[90mâ”€[39m[90mâ”€[39m[90mâ”€[39m[90mâ”€[39m[90mâ”€[39m[90mâ”€[39m[90mâ”€[39m[90mâ”€[39m[90mâ”€[39m[90mâ”€[39m[90mâ”€[39m[90mâ”€[39m[90mâ”€[39m[90mâ”€[39m[90mâ”€[39m[90mâ”€[39m[90mâ”€[39m[90mâ”€[39m[90mâ”€[39m[90mâ”€[39m[90mâ”€[39m[90mâ”€[39m[90mâ”€[39m[90mâ”€[39m[90mâ”€[39m[90mâ”€[39m[90mâ”€[39m[90mâ”€[39m[90mâ”€[39m[90mâ”€[39m[90mâ”€[39m[90mâ”€[39m[90mâ”€[39m[90mâ”€[39m[90mâ”€[39m[90mâ”€[39m[90mâ”€[39m[90mâ”€[39m[90mâ”€[39m[90mâ”€[39m[90mâ”€[39m[90mâ”€[39m[90mâ”€[39m[90mâ”€[39m[90mâ”€[39m[90mâ”€[39m[90mâ”€[39m[90mâ”€[39m[90mâ”€[39m[90mâ”€[39m[90mâ”€[39m[90mâ”€[39m[90mâ”€[39m[90mâ”€[39m[90mâ”€[39m[90mâ”€[39m[90mâ”€[39m[90mâ”€[39m[90mâ”€[39m[90mâ”€[39m[90mâ”€[39m[90mâ”€[39m[90mâ”€[39m[90mâ”€[39m[90mâ”€[39m[90mâ”€[39m[90mâ”€[39m[90mâ”€[39m[90mâ”€[39m[90mâ”€[39m[90mâ”€[39m[90mâ”€[39m[90mâ”€[39m[90mâ”€[39m[90mâ”[39m
Admin UI E2E (5, chrome)	Run Cypress	2025-02-05T13:25:17.9458900Z [90m  â”‚[39m [90mTests:[39m        [32m9[39m                                                                                [90mâ”‚[39m
Admin UI E2E (5, chrome)	Run Cypress	2025-02-05T13:25:17.9460089Z [90m  â”‚[39m [90mPassing:[39m      [32m9[39m                                                                                [90mâ”‚[39m
Admin UI E2E (5, chrome)	Run Cypress	2025-02-05T13:25:17.9461278Z [90m  â”‚[39m [90mFailing:[39m      [32m0[39m                                                                                [90mâ”‚[39m
Admin UI E2E (5, chrome)	Run Cypress	2025-02-05T13:25:17.9462421Z [90m  â”‚[39m [90mPending:[39m      [32m0[39m                                                                                [90mâ”‚[39m
Admin UI E2E (5, chrome)	Run Cypress	2025-02-05T13:25:17.9463856Z [90m  â”‚[39m [90mSkipped:[39m      [32m0[39m                                                                                [90mâ”‚[39m
Admin UI E2E (5, chrome)	Run Cypress	2025-02-05T13:25:17.9465077Z [90m  â”‚[39m [90mScreenshots:[39m  [32m0[39m                                                                                [90mâ”‚[39m
Admin UI E2E (5, chrome)	Run Cypress	2025-02-05T13:25:17.9466381Z [90m  â”‚[39m [90mVideo:[39m        [32mfalse[39m                                                                            [90mâ”‚[39m
Admin UI E2E (5, chrome)	Run Cypress	2025-02-05T13:25:17.9467680Z [90m  â”‚[39m [90mDuration:[39m     [32m30 seconds[39m                                                                       [90mâ”‚[39m
Admin UI E2E (5, chrome)	Run Cypress	2025-02-05T13:25:17.9469152Z [90m  â”‚[39m [90mSpec Ran:[39m     [32m[32mmasthead_test.spec.ts[32m[39m                                                            [90mâ”‚[39m
Admin UI E2E (5, chrome)	Run Cypress	2025-02-05T13:25:17.9476072Z [90m  â””[39m[90mâ”€[39m[90mâ”€[39m[90mâ”€[39m[90mâ”€[39m[90mâ”€[39m[90mâ”€[39m[90mâ”€[39m[90mâ”€[39m[90mâ”€[39m[90mâ”€[39m[90mâ”€[39m[90mâ”€[39m[90mâ”€[39m[90mâ”€[39m[90mâ”€[39m[90mâ”€[39m[90mâ”€[39m[90mâ”€[39m[90mâ”€[39m[90mâ”€[39m[90mâ”€[39m[90mâ”€[39m[90mâ”€[39m[90mâ”€[39m[90mâ”€[39m[90mâ”€[39m[90mâ”€[39m[90mâ”€[39m[90mâ”€[39m[90mâ”€[39m[90mâ”€[39m[90mâ”€[39m[90mâ”€[39m[90mâ”€[39m[90mâ”€[39m[90mâ”€[39m[90mâ”€[39m[90mâ”€[39m[90mâ”€[39m[90mâ”€[39m[90mâ”€[39m[90mâ”€[39m[90mâ”€[39m[90mâ”€[39m[90mâ”€[39m[90mâ”€[39m[90mâ”€[39m[90mâ”€[39m[90mâ”€[39m[90mâ”€[39m[90mâ”€[39m[90mâ”€[39m[90mâ”€[39m[90mâ”€[39m[90mâ”€[39m[90mâ”€[39m[90mâ”€[39m[90mâ”€[39m[90mâ”€[39m[90mâ”€[39m[90mâ”€[39m[90mâ”€[39m[90mâ”€[39m[90mâ”€[39m[90mâ”€[39m[90mâ”€[39m[90mâ”€[39m[90mâ”€[39m[90mâ”€[39m[90mâ”€[39m[90mâ”€[39m[90mâ”€[39m[90mâ”€[39m[90mâ”€[39m[90mâ”€[39m[90mâ”€[39m[90mâ”€[39m[90mâ”€[39m[90mâ”€[39m[90mâ”€[39m[90mâ”€[39m[90mâ”€[39m[90mâ”€[39m[90mâ”€[39m[90mâ”€[39m[90mâ”€[39m[90mâ”€[39m[90mâ”€[39m[90mâ”€[39m[90mâ”€[39m[90mâ”€[39m[90mâ”€[39m[90mâ”€[39m[90mâ”€[39m[90mâ”€[39m[90mâ”€[39m[90mâ”˜[39m
Admin UI E2E (5, chrome)	Run Cypress	2025-02-05T13:25:17.9480200Z 
Admin UI E2E (5, chrome)	Run Cypress	2025-02-05T13:25:17.9782102Z 
Admin UI E2E (5, chrome)	Run Cypress	2025-02-05T13:25:17.9795432Z [90mâ”€[39m[90mâ”€[39m[90mâ”€[39m[90mâ”€[39m[90mâ”€[39m[90mâ”€[39m[90mâ”€[39m[90mâ”€[39m[90mâ”€[39m[90mâ”€[39m[90mâ”€[39m[90mâ”€[39m[90mâ”€[39m[90mâ”€[39m[90mâ”€[39m[90mâ”€[39m[90mâ”€[39m[90mâ”€[39m[90mâ”€[39m[90mâ”€[39m[90mâ”€[39m[90mâ”€[39m[90mâ”€[39m[90mâ”€[39m[90mâ”€[39m[90mâ”€[39m[90mâ”€[39m[90mâ”€[39m[90mâ”€[39m[90mâ”€[39m[90mâ”€[39m[90mâ”€[39m[90mâ”€[39m[90mâ”€[39m[90mâ”€[39m[90mâ”€[39m[90mâ”€[39m[90mâ”€[39m[90mâ”€[39m[90mâ”€[39m[90mâ”€[39m[90mâ”€[39m[90mâ”€[39m[90mâ”€[39m[90mâ”€[39m[90mâ”€[39m[90mâ”€[39m[90mâ”€[39m[90mâ”€[39m[90mâ”€[39m[90mâ”€[39m[90mâ”€[39m[90mâ”€[39m[90mâ”€[39m[90mâ”€[39m[90mâ”€[39m[90mâ”€[39m[90mâ”€[39m[90mâ”€[39m[90mâ”€[39m[90mâ”€[39m[90mâ”€[39m[90mâ”€[39m[90mâ”€[39m[90mâ”€[39m[90mâ”€[39m[90mâ”€[39m[90mâ”€[39m[90mâ”€[39m[90mâ”€[39m[90mâ”€[39m[90mâ”€[39m[90mâ”€[39m[90mâ”€[39m[90mâ”€[39m[90mâ”€[39m[90mâ”€[39m[90mâ”€[39m[90mâ”€[39m[90mâ”€[39m[90mâ”€[39m[90mâ”€[39m[90mâ”€[39m[90mâ”€[39m[90mâ”€[39m[90mâ”€[39m[90mâ”€[39m[90mâ”€[39m[90mâ”€[39m[90mâ”€[39m[90mâ”€[39m[90mâ”€[39m[90mâ”€[39m[90mâ”€[39m[90mâ”€[39m[90mâ”€[39m[90mâ”€[39m[90mâ”€[39m[90mâ”€[39m[90mâ”€[39m
Admin UI E2E (5, chrome)	Run Cypress	2025-02-05T13:25:17.9799983Z                                                                                                     
Admin UI E2E (5, chrome)	Run Cypress	2025-02-05T13:25:17.9801057Z   Running:  [90musers_enable_disable.spec.ts[39m                                                    [90m(8 of 8)[39m
Admin UI E2E (5, chrome)	Run Cypress	2025-02-05T13:25:21.7709890Z 
Admin UI E2E (5, chrome)	Run Cypress	2025-02-05T13:25:21.7711247Z [0m[0m
Admin UI E2E (5, chrome)	Run Cypress	2025-02-05T13:25:21.7748185Z [0m  User enable/disable[0m
Admin UI E2E (5, chrome)	Run Cypress	2025-02-05T13:25:28.3482328Z   [32m  âœ“[0m[90m disables a user[0m[90m (6573ms)[0m
Admin UI E2E (5, chrome)	Run Cypress	2025-02-05T13:25:32.9968529Z   [32m  âœ“[0m[90m enables a user[0m[90m (4609ms)[0m
Admin UI E2E (5, chrome)	Run Cypress	2025-02-05T13:25:38.4848445Z   [32m  âœ“[0m[90m ensures submitting doesn't reset the enabled state[0m[90m (5452ms)[0m
Admin UI E2E (5, chrome)	Run Cypress	2025-02-05T13:25:38.4854377Z 
Admin UI E2E (5, chrome)	Run Cypress	2025-02-05T13:25:38.5196129Z 
Admin UI E2E (5, chrome)	Run Cypress	2025-02-05T13:25:38.5197229Z [92m [0m[32m 3 passing[0m[90m (17s)[0m
Admin UI E2E (5, chrome)	Run Cypress	2025-02-05T13:25:38.5197625Z 
Admin UI E2E (5, chrome)	Run Cypress	2025-02-05T13:25:39.5436156Z 
Admin UI E2E (5, chrome)	Run Cypress	2025-02-05T13:25:39.5438104Z [32m  ([4m[1mResults[22m[24m)[39m
Admin UI E2E (5, chrome)	Run Cypress	2025-02-05T13:25:39.5440798Z 
Admin UI E2E (5, chrome)	Run Cypress	2025-02-05T13:25:39.5452051Z [90m  â”Œ[39m[90mâ”€[39m[90mâ”€[39m[90mâ”€[39m[90mâ”€[39m[90mâ”€[39m[90mâ”€[39m[90mâ”€[39m[90mâ”€[39m[90mâ”€[39m[90mâ”€[39m[90mâ”€[39m[90mâ”€[39m[90mâ”€[39m[90mâ”€[39m[90mâ”€[39m[90mâ”€[39m[90mâ”€[39m[90mâ”€[39m[90mâ”€[39m[90mâ”€[39m[90mâ”€[39m[90mâ”€[39m[90mâ”€[39m[90mâ”€[39m[90mâ”€[39m[90mâ”€[39m[90mâ”€[39m[90mâ”€[39m[90mâ”€[39m[90mâ”€[39m[90mâ”€[39m[90mâ”€[39m[90mâ”€[39m[90mâ”€[39m[90mâ”€[39m[90mâ”€[39m[90mâ”€[39m[90mâ”€[39m[90mâ”€[39m[90mâ”€[39m[90mâ”€[39m[90mâ”€[39m[90mâ”€[39m[90mâ”€[39m[90mâ”€[39m[90mâ”€[39m[90mâ”€[39m[90mâ”€[39m[90mâ”€[39m[90mâ”€[39m[90mâ”€[39m[90mâ”€[39m[90mâ”€[39m[90mâ”€[39m[90mâ”€[39m[90mâ”€[39m[90mâ”€[39m[90mâ”€[39m[90mâ”€[39m[90mâ”€[39m[90mâ”€[39m[90mâ”€[39m[90mâ”€[39m[90mâ”€[39m[90mâ”€[39m[90mâ”€[39m[90mâ”€[39m[90mâ”€[39m[90mâ”€[39m[90mâ”€[39m[90mâ”€[39m[90mâ”€[39m[90mâ”€[39m[90mâ”€[39m[90mâ”€[39m[90mâ”€[39m[90mâ”€[39m[90mâ”€[39m[90mâ”€[39m[90mâ”€[39m[90mâ”€[39m[90mâ”€[39m[90mâ”€[39m[90mâ”€[39m[90mâ”€[39m[90mâ”€[39m[90mâ”€[39m[90mâ”€[39m[90mâ”€[39m[90mâ”€[39m[90mâ”€[39m[90mâ”€[39m[90mâ”€[39m[90mâ”€[39m[90mâ”€[39m[90mâ”€[39m[90mâ”[39m
Admin UI E2E (5, chrome)	Run Cypress	2025-02-05T13:25:39.5457267Z [90m  â”‚[39m [90mTests:[39m        [32m3[39m                                                                                [90mâ”‚[39m
Admin UI E2E (5, chrome)	Run Cypress	2025-02-05T13:25:39.5458753Z [90m  â”‚[39m [90mPassing:[39m      [32m3[39m                                                                                [90mâ”‚[39m
Admin UI E2E (5, chrome)	Run Cypress	2025-02-05T13:25:39.5460399Z [90m  â”‚[39m [90mFailing:[39m      [32m0[39m                                                                                [90mâ”‚[39m
Admin UI E2E (5, chrome)	Run Cypress	2025-02-05T13:25:39.5462310Z [90m  â”‚[39m [90mPending:[39m      [32m0[39m                                                                                [90mâ”‚[39m
Admin UI E2E (5, chrome)	Run Cypress	2025-02-05T13:25:39.5464017Z [90m  â”‚[39m [90mSkipped:[39m      [32m0[39m                                                                                [90mâ”‚[39m
Admin UI E2E (5, chrome)	Run Cypress	2025-02-05T13:25:39.5465705Z [90m  â”‚[39m [90mScreenshots:[39m  [32m0[39m                                                                                [90mâ”‚[39m
Admin UI E2E (5, chrome)	Run Cypress	2025-02-05T13:25:39.5467145Z [90m  â”‚[39m [90mVideo:[39m        [32mfalse[39m                                                                            [90mâ”‚[39m
Admin UI E2E (5, chrome)	Run Cypress	2025-02-05T13:25:39.5468712Z [90m  â”‚[39m [90mDuration:[39m     [32m16 seconds[39m                                                                       [90mâ”‚[39m
Admin UI E2E (5, chrome)	Run Cypress	2025-02-05T13:25:39.5470634Z [90m  â”‚[39m [90mSpec Ran:[39m     [32m[32musers_enable_disable.spec.ts[32m[39m                                                     [90mâ”‚[39m
Admin UI E2E (5, chrome)	Run Cypress	2025-02-05T13:25:39.5478364Z [90m  â””[39m[90mâ”€[39m[90mâ”€[39m[90mâ”€[39m[90mâ”€[39m[90mâ”€[39m[90mâ”€[39m[90mâ”€[39m[90mâ”€[39m[90mâ”€[39m[90mâ”€[39m[90mâ”€[39m[90mâ”€[39m[90mâ”€[39m[90mâ”€[39m[90mâ”€[39m[90mâ”€[39m[90mâ”€[39m[90mâ”€[39m[90mâ”€[39m[90mâ”€[39m[90mâ”€[39m[90mâ”€[39m[90mâ”€[39m[90mâ”€[39m[90mâ”€[39m[90mâ”€[39m[90mâ”€[39m[90mâ”€[39m[90mâ”€[39m[90mâ”€[39m[90mâ”€[39m[90mâ”€[39m[90mâ”€[39m[90mâ”€[39m[90mâ”€[39m[90mâ”€[39m[90mâ”€[39m[90mâ”€[39m[90mâ”€[39m[90mâ”€[39m[90mâ”€[39m[90mâ”€[39m[90mâ”€[39m[90mâ”€[39m[90mâ”€[39m[90mâ”€[39m[90mâ”€[39m[90mâ”€[39m[90mâ”€[39m[90mâ”€[39m[90mâ”€[39m[90mâ”€[39m[90mâ”€[39m[90mâ”€[39m[90mâ”€[39m[90mâ”€[39m[90mâ”€[39m[90mâ”€[39m[90mâ”€[39m[90mâ”€[39m[90mâ”€[39m[90mâ”€[39m[90mâ”€[39m[90mâ”€[39m[90mâ”€[39m[90mâ”€[39m[90mâ”€[39m[90mâ”€[39m[90mâ”€[39m[90mâ”€[39m[90mâ”€[39m[90mâ”€[39m[90mâ”€[39m[90mâ”€[39m[90mâ”€[39m[90mâ”€[39m[90mâ”€[39m[90mâ”€[39m[90mâ”€[39m[90mâ”€[39m[90mâ”€[39m[90mâ”€[39m[90mâ”€[39m[90mâ”€[39m[90mâ”€[39m[90mâ”€[39m[90mâ”€[39m[90mâ”€[39m[90mâ”€[39m[90mâ”€[39m[90mâ”€[39m[90mâ”€[39m[90mâ”€[39m[90mâ”€[39m[90mâ”€[39m[90mâ”€[39m[90mâ”˜[39m
Admin UI E2E (5, chrome)	Run Cypress	2025-02-05T13:25:39.5504177Z 
Admin UI E2E (5, chrome)	Run Cypress	2025-02-05T13:25:39.5571418Z 
Admin UI E2E (5, chrome)	Run Cypress	2025-02-05T13:25:39.6225632Z [90m====================================================================================================[39m
Admin UI E2E (5, chrome)	Run Cypress	2025-02-05T13:25:39.6226667Z 
Admin UI E2E (5, chrome)	Run Cypress	2025-02-05T13:25:39.6227117Z [0m  ([4m[1mRun Finished[22m[24m)[0m
Admin UI E2E (5, chrome)	Run Cypress	2025-02-05T13:25:39.6243174Z 
Admin UI E2E (5, chrome)	Run Cypress	2025-02-05T13:25:39.6243836Z 
Admin UI E2E (5, chrome)	Run Cypress	2025-02-05T13:25:39.6282059Z [90m   [39m    [90mSpec[39m                                              [90mTests[39m  [90mPassing[39m  [90mFailing[39m  [90mPending[39m  [90mSkipped[39m [90m [39m
Admin UI E2E (5, chrome)	Run Cypress	2025-02-05T13:25:39.6291728Z [90m  â”Œ[39m[90mâ”€[39m[90mâ”€[39m[90mâ”€[39m[90mâ”€[39m[90mâ”€[39m[90mâ”€[39m[90mâ”€[39m[90mâ”€[39m[90mâ”€[39m[90mâ”€[39m[90mâ”€[39m[90mâ”€[39m[90mâ”€[39m[90mâ”€[39m[90mâ”€[39m[90mâ”€[39m[90mâ”€[39m[90mâ”€[39m[90mâ”€[39m[90mâ”€[39m[90mâ”€[39m[90mâ”€[39m[90mâ”€[39m[90mâ”€[39m[90mâ”€[39m[90mâ”€[39m[90mâ”€[39m[90mâ”€[39m[90mâ”€[39m[90mâ”€[39m[90mâ”€[39m[90mâ”€[39m[90mâ”€[39m[90mâ”€[39m[90mâ”€[39m[90mâ”€[39m[90mâ”€[39m[90mâ”€[39m[90mâ”€[39m[90mâ”€[39m[90mâ”€[39m[90mâ”€[39m[90mâ”€[39m[90mâ”€[39m[90mâ”€[39m[90mâ”€[39m[90mâ”€[39m[90mâ”€[39m[90mâ”€[39m[90mâ”€[39m[90mâ”€[39m[90mâ”€[39m[90mâ”€[39m[90mâ”€[39m[90mâ”€[39m[90mâ”€[39m[90mâ”€[39m[90mâ”€[39m[90mâ”€[39m[90mâ”€[39m[90mâ”€[39m[90mâ”€[39m[90mâ”€[39m[90mâ”€[39m[90mâ”€[39m[90mâ”€[39m[90mâ”€[39m[90mâ”€[39m[90mâ”€[39m[90mâ”€[39m[90mâ”€[39m[90mâ”€[39m[90mâ”€[39m[90mâ”€[39m[90mâ”€[39m[90mâ”€[39m[90mâ”€[39m[90mâ”€[39m[90mâ”€[39m[90mâ”€[39m[90mâ”€[39m[90mâ”€[39m[90mâ”€[39m[90mâ”€[39m[90mâ”€[39m[90mâ”€[39m[90mâ”€[39m[90mâ”€[39m[90mâ”€[39m[90mâ”€[39m[90mâ”€[39m[90mâ”€[39m[90mâ”€[39m[90mâ”€[39m[90mâ”€[39m[90mâ”€[39m[90mâ”[39m
Admin UI E2E (5, chrome)	Run Cypress	2025-02-05T13:25:39.6297671Z [90m  â”‚[39m [32mâœ”[39m  [0midentity_providers_test.spec.ts[0m          [90m01:57[39m       [0m31[0m       [32m30[39m        [90m-[39m        [36m1[39m        [90m-[39m [90mâ”‚[39m
Admin UI E2E (5, chrome)	Run Cypress	2025-02-05T13:25:39.6307233Z [90m  â”œ[39m[90mâ”€[39m[90mâ”€[39m[90mâ”€[39m[90mâ”€[39m[90mâ”€[39m[90mâ”€[39m[90mâ”€[39m[90mâ”€[39m[90mâ”€[39m[90mâ”€[39m[90mâ”€[39m[90mâ”€[39m[90mâ”€[39m[90mâ”€[39m[90mâ”€[39m[90mâ”€[39m[90mâ”€[39m[90mâ”€[39m[90mâ”€[39m[90mâ”€[39m[90mâ”€[39m[90mâ”€[39m[90mâ”€[39m[90mâ”€[39m[90mâ”€[39m[90mâ”€[39m[90mâ”€[39m[90mâ”€[39m[90mâ”€[39m[90mâ”€[39m[90mâ”€[39m[90mâ”€[39m[90mâ”€[39m[90mâ”€[39m[90mâ”€[39m[90mâ”€[39m[90mâ”€[39m[90mâ”€[39m[90mâ”€[39m[90mâ”€[39m[90mâ”€[39m[90mâ”€[39m[90mâ”€[39m[90mâ”€[39m[90mâ”€[39m[90mâ”€[39m[90mâ”€[39m[90mâ”€[39m[90mâ”€[39m[90mâ”€[39m[90mâ”€[39m[90mâ”€[39m[90mâ”€[39m[90mâ”€[39m[90mâ”€[39m[90mâ”€[39m[90mâ”€[39m[90mâ”€[39m[90mâ”€[39m[90mâ”€[39m[90mâ”€[39m[90mâ”€[39m[90mâ”€[39m[90mâ”€[39m[90mâ”€[39m[90mâ”€[39m[90mâ”€[39m[90mâ”€[39m[90mâ”€[39m[90mâ”€[39m[90mâ”€[39m[90mâ”€[39m[90mâ”€[39m[90mâ”€[39m[90mâ”€[39m[90mâ”€[39m[90mâ”€[39m[90mâ”€[39m[90mâ”€[39m[90mâ”€[39m[90mâ”€[39m[90mâ”€[39m[90mâ”€[39m[90mâ”€[39m[90mâ”€[39m[90mâ”€[39m[90mâ”€[39m[90mâ”€[39m[90mâ”€[39m[90mâ”€[39m[90mâ”€[39m[90mâ”€[39m[90mâ”€[39m[90mâ”€[39m[90mâ”€[39m[90mâ”€[39m[90mâ”¤[39m
Admin UI E2E (5, chrome)	Run Cypress	2025-02-05T13:25:39.6321896Z [90m  â”‚[39m [32mâœ”[39m  [0muser_fed_kerberos_test.spec.ts[0m           [90m00:56[39m       [0m14[0m       [32m13[39m        [90m-[39m        [36m1[39m        [90m-[39m [90mâ”‚[39m
Admin UI E2E (5, chrome)	Run Cypress	2025-02-05T13:25:39.6329191Z [90m  â”œ[39m[90mâ”€[39m[90mâ”€[39m[90mâ”€[39m[90mâ”€[39m[90mâ”€[39m[90mâ”€[39m[90mâ”€[39m[90mâ”€[39m[90mâ”€[39m[90mâ”€[39m[90mâ”€[39m[90mâ”€[39m[90mâ”€[39m[90mâ”€[39m[90mâ”€[39m[90mâ”€[39m[90mâ”€[39m[90mâ”€[39m[90mâ”€[39m[90mâ”€[39m[90mâ”€[39m[90mâ”€[39m[90mâ”€[39m[90mâ”€[39m[90mâ”€[39m[90mâ”€[39m[90mâ”€[39m[90mâ”€[39m[90mâ”€[39m[90mâ”€[39m[90mâ”€[39m[90mâ”€[39m[90mâ”€[39m[90mâ”€[39m[90mâ”€[39m[90mâ”€[39m[90mâ”€[39m[90mâ”€[39m[90mâ”€[39m[90mâ”€[39m[90mâ”€[39m[90mâ”€[39m[90mâ”€[39m[90mâ”€[39m[90mâ”€[39m[90mâ”€[39m[90mâ”€[39m[90mâ”€[39m[90mâ”€[39m[90mâ”€[39m[90mâ”€[39m[90mâ”€[39m[90mâ”€[39m[90mâ”€[39m[90mâ”€[39m[90mâ”€[39m[90mâ”€[39m[90mâ”€[39m[90mâ”€[39m[90mâ”€[39m[90mâ”€[39m[90mâ”€[39m[90mâ”€[39m[90mâ”€[39m[90mâ”€[39m[90mâ”€[39m[90mâ”€[39m[90mâ”€[39m[90mâ”€[39m[90mâ”€[39m[90mâ”€[39m[90mâ”€[39m[90mâ”€[39m[90mâ”€[39m[90mâ”€[39m[90mâ”€[39m[90mâ”€[39m[90mâ”€[39m[90mâ”€[39m[90mâ”€[39m[90mâ”€[39m[90mâ”€[39m[90mâ”€[39m[90mâ”€[39m[90mâ”€[39m[90mâ”€[39m[90mâ”€[39m[90mâ”€[39m[90mâ”€[39m[90mâ”€[39m[90mâ”€[39m[90mâ”€[39m[90mâ”€[39m[90mâ”€[39m[90mâ”€[39m[90mâ”€[39m[90mâ”¤[39m
Admin UI E2E (5, chrome)	Run Cypress	2025-02-05T13:25:39.6334417Z [90m  â”‚[39m [32mâœ”[39m  [0mclient_registration_policies.spec.t[0m      [90m00:24[39m        [0m9[0m        [32m9[39m        [90m-[39m        [90m-[39m        [90m-[39m [90mâ”‚[39m
Admin UI E2E (5, chrome)	Run Cypress	2025-02-05T13:25:39.6335780Z [90m  â”‚[39m    [0ms[0m                                                                                           [90mâ”‚[39m
Admin UI E2E (5, chrome)	Run Cypress	2025-02-05T13:25:39.6343013Z [90m  â”œ[39m[90mâ”€[39m[90mâ”€[39m[90mâ”€[39m[90mâ”€[39m[90mâ”€[39m[90mâ”€[39m[90mâ”€[39m[90mâ”€[39m[90mâ”€[39m[90mâ”€[39m[90mâ”€[39m[90mâ”€[39m[90mâ”€[39m[90mâ”€[39m[90mâ”€[39m[90mâ”€[39m[90mâ”€[39m[90mâ”€[39m[90mâ”€[39m[90mâ”€[39m[90mâ”€[39m[90mâ”€[39m[90mâ”€[39m[90mâ”€[39m[90mâ”€[39m[90mâ”€[39m[90mâ”€[39m[90mâ”€[39m[90mâ”€[39m[90mâ”€[39m[90mâ”€[39m[90mâ”€[39m[90mâ”€[39m[90mâ”€[39m[90mâ”€[39m[90mâ”€[39m[90mâ”€[39m[90mâ”€[39m[90mâ”€[39m[90mâ”€[39m[90mâ”€[39m[90mâ”€[39m[90mâ”€[39m[90mâ”€[39m[90mâ”€[39m[90mâ”€[39m[90mâ”€[39m[90mâ”€[39m[90mâ”€[39m[90mâ”€[39m[90mâ”€[39m[90mâ”€[39m[90mâ”€[39m[90mâ”€[39m[90mâ”€[39m[90mâ”€[39m[90mâ”€[39m[90mâ”€[39m[90mâ”€[39m[90mâ”€[39m[90mâ”€[39m[90mâ”€[39m[90mâ”€[39m[90mâ”€[39m[90mâ”€[39m[90mâ”€[39m[90mâ”€[39m[90mâ”€[39m[90mâ”€[39m[90mâ”€[39m[90mâ”€[39m[90mâ”€[39m[90mâ”€[39m[90mâ”€[39m[90mâ”€[39m[90mâ”€[39m[90mâ”€[39m[90mâ”€[39m[90mâ”€[39m[90mâ”€[39m[90mâ”€[39m[90mâ”€[39m[90mâ”€[39m[90mâ”€[39m[90mâ”€[39m[90mâ”€[39m[90mâ”€[39m[90mâ”€[39m[90mâ”€[39m[90mâ”€[39m[90mâ”€[39m[90mâ”€[39m[90mâ”€[39m[90mâ”€[39m[90mâ”€[39m[90mâ”€[39m[90mâ”¤[39m
Admin UI E2E (5, chrome)	Run Cypress	2025-02-05T13:25:39.6348209Z [90m  â”‚[39m [31mâœ–[39m  [0mclients_test.spec.ts[0m                     [90m04:29[39m       [0m24[0m       [32m23[39m        [31m1[39m        [90m-[39m        [90m-[39m [90mâ”‚[39m
Admin UI E2E (5, chrome)	Run Cypress	2025-02-05T13:25:39.6355322Z [90m  â”œ[39m[90mâ”€[39m[90mâ”€[39m[90mâ”€[39m[90mâ”€[39m[90mâ”€[39m[90mâ”€[39m[90mâ”€[39m[90mâ”€[39m[90mâ”€[39m[90mâ”€[39m[90mâ”€[39m[90mâ”€[39m[90mâ”€[39m[90mâ”€[39m[90mâ”€[39m[90mâ”€[39m[90mâ”€[39m[90mâ”€[39m[90mâ”€[39m[90mâ”€[39m[90mâ”€[39m[90mâ”€[39m[90mâ”€[39m[90mâ”€[39m[90mâ”€[39m[90mâ”€[39m[90mâ”€[39m[90mâ”€[39m[90mâ”€[39m[90mâ”€[39m[90mâ”€[39m[90mâ”€[39m[90mâ”€[39m[90mâ”€[39m[90mâ”€[39m[90mâ”€[39m[90mâ”€[39m[90mâ”€[39m[90mâ”€[39m[90mâ”€[39m[90mâ”€[39m[90mâ”€[39m[90mâ”€[39m[90mâ”€[39m[90mâ”€[39m[90mâ”€[39m[90mâ”€[39m[90mâ”€[39m[90mâ”€[39m[90mâ”€[39m[90mâ”€[39m[90mâ”€[39m[90mâ”€[39m[90mâ”€[39m[90mâ”€[39m[90mâ”€[39m[90mâ”€[39m[90mâ”€[39m[90mâ”€[39m[90mâ”€[39m[90mâ”€[39m[90mâ”€[39m[90mâ”€[39m[90mâ”€[39m[90mâ”€[39m[90mâ”€[39m[90mâ”€[39m[90mâ”€[39m[90mâ”€[39m[90mâ”€[39m[90mâ”€[39m[90mâ”€[39m[90mâ”€[39m[90mâ”€[39m[90mâ”€[39m[90mâ”€[39m[90mâ”€[39m[90mâ”€[39m[90mâ”€[39m[90mâ”€[39m[90mâ”€[39m[90mâ”€[39m[90mâ”€[39m[90mâ”€[39m[90mâ”€[39m[90mâ”€[39m[90mâ”€[39m[90mâ”€[39m[90mâ”€[39m[90mâ”€[39m[90mâ”€[39m[90mâ”€[39m[90mâ”€[39m[90mâ”€[39m[90mâ”€[39m[90mâ”€[39m[90mâ”¤[39m
Admin UI E2E (5, chrome)	Run Cypress	2025-02-05T13:25:39.6360367Z [90m  â”‚[39m [32mâœ”[39m  [0mevents_test.spec.ts[0m                      [90m270ms[39m       [0m41[0m        [90m-[39m        [90m-[39m       [36m41[39m        [90m-[39m [90mâ”‚[39m
Admin UI E2E (5, chrome)	Run Cypress	2025-02-05T13:25:39.6367636Z [90m  â”œ[39m[90mâ”€[39m[90mâ”€[39m[90mâ”€[39m[90mâ”€[39m[90mâ”€[39m[90mâ”€[39m[90mâ”€[39m[90mâ”€[39m[90mâ”€[39m[90mâ”€[39m[90mâ”€[39m[90mâ”€[39m[90mâ”€[39m[90mâ”€[39m[90mâ”€[39m[90mâ”€[39m[90mâ”€[39m[90mâ”€[39m[90mâ”€[39m[90mâ”€[39m[90mâ”€[39m[90mâ”€[39m[90mâ”€[39m[90mâ”€[39m[90mâ”€[39m[90mâ”€[39m[90mâ”€[39m[90mâ”€[39m[90mâ”€[39m[90mâ”€[39m[90mâ”€[39m[90mâ”€[39m[90mâ”€[39m[90mâ”€[39m[90mâ”€[39m[90mâ”€[39m[90mâ”€[39m[90mâ”€[39m[90mâ”€[39m[90mâ”€[39m[90mâ”€[39m[90mâ”€[39m[90mâ”€[39m[90mâ”€[39m[90mâ”€[39m[90mâ”€[39m[90mâ”€[39m[90mâ”€[39m[90mâ”€[39m[90mâ”€[39m[90mâ”€[39m[90mâ”€[39m[90mâ”€[39m[90mâ”€[39m[90mâ”€[39m[90mâ”€[39m[90mâ”€[39m[90mâ”€[39m[90mâ”€[39m[90mâ”€[39m[90mâ”€[39m[90mâ”€[39m[90mâ”€[39m[90mâ”€[39m[90mâ”€[39m[90mâ”€[39m[90mâ”€[39m[90mâ”€[39m[90mâ”€[39m[90mâ”€[39m[90mâ”€[39m[90mâ”€[39m[90mâ”€[39m[90mâ”€[39m[90mâ”€[39m[90mâ”€[39m[90mâ”€[39m[90mâ”€[39m[90mâ”€[39m[90mâ”€[39m[90mâ”€[39m[90mâ”€[39m[90mâ”€[39m[90mâ”€[39m[90mâ”€[39m[90mâ”€[39m[90mâ”€[39m[90mâ”€[39m[90mâ”€[39m[90mâ”€[39m[90mâ”€[39m[90mâ”€[39m[90mâ”€[39m[90mâ”€[39m[90mâ”€[39m[90mâ”€[39m[90mâ”¤[39m
Admin UI E2E (5, chrome)	Run Cypress	2025-02-05T13:25:39.6373002Z [90m  â”‚[39m [32mâœ”[39m  [0mclient_authorization_test.spec.ts[0m        [90m01:08[39m       [0m12[0m       [32m11[39m        [90m-[39m        [36m1[39m        [90m-[39m [90mâ”‚[39m
Admin UI E2E (5, chrome)	Run Cypress	2025-02-05T13:25:39.6379869Z [90m  â”œ[39m[90mâ”€[39m[90mâ”€[39m[90mâ”€[39m[90mâ”€[39m[90mâ”€[39m[90mâ”€[39m[90mâ”€[39m[90mâ”€[39m[90mâ”€[39m[90mâ”€[39m[90mâ”€[39m[90mâ”€[39m[90mâ”€[39m[90mâ”€[39m[90mâ”€[39m[90mâ”€[39m[90mâ”€[39m[90mâ”€[39m[90mâ”€[39m[90mâ”€[39m[90mâ”€[39m[90mâ”€[39m[90mâ”€[39m[90mâ”€[39m[90mâ”€[39m[90mâ”€[39m[90mâ”€[39m[90mâ”€[39m[90mâ”€[39m[90mâ”€[39m[90mâ”€[39m[90mâ”€[39m[90mâ”€[39m[90mâ”€[39m[90mâ”€[39m[90mâ”€[39m[90mâ”€[39m[90mâ”€[39m[90mâ”€[39m[90mâ”€[39m[90mâ”€[39m[90mâ”€[39m[90mâ”€[39m[90mâ”€[39m[90mâ”€[39m[90mâ”€[39m[90mâ”€[39m[90mâ”€[39m[90mâ”€[39m[90mâ”€[39m[90mâ”€[39m[90mâ”€[39m[90mâ”€[39m[90mâ”€[39m[90mâ”€[39m[90mâ”€[39m[90mâ”€[39m[90mâ”€[39m[90mâ”€[39m[90mâ”€[39m[90mâ”€[39m[90mâ”€[39m[90mâ”€[39m[90mâ”€[39m[90mâ”€[39m[90mâ”€[39m[90mâ”€[39m[90mâ”€[39m[90mâ”€[39m[90mâ”€[39m[90mâ”€[39m[90mâ”€[39m[90mâ”€[39m[90mâ”€[39m[90mâ”€[39m[90mâ”€[39m[90mâ”€[39m[90mâ”€[39m[90mâ”€[39m[90mâ”€[39m[90mâ”€[39m[90mâ”€[39m[90mâ”€[39m[90mâ”€[39m[90mâ”€[39m[90mâ”€[39m[90mâ”€[39m[90mâ”€[39m[90mâ”€[39m[90mâ”€[39m[90mâ”€[39m[90mâ”€[39m[90mâ”€[39m[90mâ”€[39m[90mâ”€[39m[90mâ”€[39m[90mâ”¤[39m
Admin UI E2E (5, chrome)	Run Cypress	2025-02-05T13:25:39.6387631Z [90m  â”‚[39m [32mâœ”[39m  [0mmasthead_test.spec.ts[0m                    [90m00:30[39m        [0m9[0m        [32m9[39m        [90m-[39m        [90m-[39m        [90m-[39m [90mâ”‚[39m
Admin UI E2E (5, chrome)	Run Cypress	2025-02-05T13:25:39.6394784Z [90m  â”œ[39m[90mâ”€[39m[90mâ”€[39m[90mâ”€[39m[90mâ”€[39m[90mâ”€[39m[90mâ”€[39m[90mâ”€[39m[90mâ”€[39m[90mâ”€[39m[90mâ”€[39m[90mâ”€[39m[90mâ”€[39m[90mâ”€[39m[90mâ”€[39m[90mâ”€[39m[90mâ”€[39m[90mâ”€[39m[90mâ”€[39m[90mâ”€[39m[90mâ”€[39m[90mâ”€[39m[90mâ”€[39m[90mâ”€[39m[90mâ”€[39m[90mâ”€[39m[90mâ”€[39m[90mâ”€[39m[90mâ”€[39m[90mâ”€[39m[90mâ”€[39m[90mâ”€[39m[90mâ”€[39m[90mâ”€[39m[90mâ”€[39m[90mâ”€[39m[90mâ”€[39m[90mâ”€[39m[90mâ”€[39m[90mâ”€[39m[90mâ”€[39m[90mâ”€[39m[90mâ”€[39m[90mâ”€[39m[90mâ”€[39m[90mâ”€[39m[90mâ”€[39m[90mâ”€[39m[90mâ”€[39m[90mâ”€[39m[90mâ”€[39m[90mâ”€[39m[90mâ”€[39m[90mâ”€[39m[90mâ”€[39m[90mâ”€[39m[90mâ”€[39m[90mâ”€[39m[90mâ”€[39m[90mâ”€[39m[90mâ”€[39m[90mâ”€[39m[90mâ”€[39m[90mâ”€[39m[90mâ”€[39m[90mâ”€[39m[90mâ”€[39m[90mâ”€[39m[90mâ”€[39m[90mâ”€[39m[90mâ”€[39m[90mâ”€[39m[90mâ”€[39m[90mâ”€[39m[90mâ”€[39m[90mâ”€[39m[90mâ”€[39m[90mâ”€[39m[90mâ”€[39m[90mâ”€[39m[90mâ”€[39m[90mâ”€[39m[90mâ”€[39m[90mâ”€[39m[90mâ”€[39m[90mâ”€[39m[90mâ”€[39m[90mâ”€[39m[90mâ”€[39m[90mâ”€[39m[90mâ”€[39m[90mâ”€[39m[90mâ”€[39m[90mâ”€[39m[90mâ”€[39m[90mâ”€[39m[90mâ”€[39m[90mâ”¤[39m
Admin UI E2E (5, chrome)	Run Cypress	2025-02-05T13:25:39.6402208Z [90m  â”‚[39m [32mâœ”[39m  [0musers_enable_disable.spec.ts[0m             [90m00:16[39m        [0m3[0m        [32m3[39m        [90m-[39m        [90m-[39m        [90m-[39m [90mâ”‚[39m
Admin UI E2E (5, chrome)	Run Cypress	2025-02-05T13:25:39.6409785Z [90m  â””[39m[90mâ”€[39m[90mâ”€[39m[90mâ”€[39m[90mâ”€[39m[90mâ”€[39m[90mâ”€[39m[90mâ”€[39m[90mâ”€[39m[90mâ”€[39m[90mâ”€[39m[90mâ”€[39m[90mâ”€[39m[90mâ”€[39m[90mâ”€[39m[90mâ”€[39m[90mâ”€[39m[90mâ”€[39m[90mâ”€[39m[90mâ”€[39m[90mâ”€[39m[90mâ”€[39m[90mâ”€[39m[90mâ”€[39m[90mâ”€[39m[90mâ”€[39m[90mâ”€[39m[90mâ”€[39m[90mâ”€[39m[90mâ”€[39m[90mâ”€[39m[90mâ”€[39m[90mâ”€[39m[90mâ”€[39m[90mâ”€[39m[90mâ”€[39m[90mâ”€[39m[90mâ”€[39m[90mâ”€[39m[90mâ”€[39m[90mâ”€[39m[90mâ”€[39m[90mâ”€[39m[90mâ”€[39m[90mâ”€[39m[90mâ”€[39m[90mâ”€[39m[90mâ”€[39m[90mâ”€[39m[90mâ”€[39m[90mâ”€[39m[90mâ”€[39m[90mâ”€[39m[90mâ”€[39m[90mâ”€[39m[90mâ”€[39m[90mâ”€[39m[90mâ”€[39m[90mâ”€[39m[90mâ”€[39m[90mâ”€[39m[90mâ”€[39m[90mâ”€[39m[90mâ”€[39m[90mâ”€[39m[90mâ”€[39m[90mâ”€[39m[90mâ”€[39m[90mâ”€[39m[90mâ”€[39m[90mâ”€[39m[90mâ”€[39m[90mâ”€[39m[90mâ”€[39m[90mâ”€[39m[90mâ”€[39m[90mâ”€[39m[90mâ”€[39m[90mâ”€[39m[90mâ”€[39m[90mâ”€[39m[90mâ”€[39m[90mâ”€[39m[90mâ”€[39m[90mâ”€[39m[90mâ”€[39m[90mâ”€[39m[90mâ”€[39m[90mâ”€[39m[90mâ”€[39m[90mâ”€[39m[90mâ”€[39m[90mâ”€[39m[90mâ”€[39m[90mâ”€[39m[90mâ”€[39m[90mâ”€[39m[90mâ”˜[39m
Admin UI E2E (5, chrome)	Run Cypress	2025-02-05T13:25:39.6415070Z [90m   [39m [31mâœ–[39m  [31m1 of 8 failed (13%)[39m                      [90m09:43[39m      [0m143[0m       [32m98[39m        [31m1[39m       [36m44[39m        [90m-[39m [90m [39m
Admin UI E2E (5, chrome)	Run Cypress	2025-02-05T13:25:39.6415745Z 
Admin UI E2E (5, chrome)	Run Cypress	2025-02-05T13:25:39.7270253Z ##[error]Cypress tests: 1 failed
Status Check - Keycloak JavaScript CI	Run /./.github/actions/status-check	2025-02-05T13:27:57.9420695Z Prepare all required actions
Status Check - Keycloak JavaScript CI	Run /./.github/actions/status-check	2025-02-05T13:27:57.9493470Z ##[group]Run ./.github/actions/status-check
Status Check - Keycloak JavaScript CI	Run /./.github/actions/status-check	2025-02-05T13:27:57.9493920Z with:
Status Check - Keycloak JavaScript CI	Run /./.github/actions/status-check	2025-02-05T13:27:57.9495083Z   jobs: {
Status Check - Keycloak JavaScript CI	Run /./.github/actions/status-check	  "conditional": {
Status Check - Keycloak JavaScript CI	Run /./.github/actions/status-check	    "result": "success",
Status Check - Keycloak JavaScript CI	Run /./.github/actions/status-check	    "outputs": {
Status Check - Keycloak JavaScript CI	Run /./.github/actions/status-check	      "js-ci": "true"
Status Check - Keycloak JavaScript CI	Run /./.github/actions/status-check	    }
Status Check - Keycloak JavaScript CI	Run /./.github/actions/status-check	  },
Status Check - Keycloak JavaScript CI	Run /./.github/actions/status-check	  "build-keycloak": {
Status Check - Keycloak JavaScript CI	Run /./.github/actions/status-check	    "result": "success",
Status Check - Keycloak JavaScript CI	Run /./.github/actions/status-check	    "outputs": {}
Status Check - Keycloak JavaScript CI	Run /./.github/actions/status-check	  },
Status Check - Keycloak JavaScript CI	Run /./.github/actions/status-check	  "admin-client": {
Status Check - Keycloak JavaScript CI	Run /./.github/actions/status-check	    "result": "success",
Status Check - Keycloak JavaScript CI	Run /./.github/actions/status-check	    "outputs": {}
Status Check - Keycloak JavaScript CI	Run /./.github/actions/status-check	  },
Status Check - Keycloak JavaScript CI	Run /./.github/actions/status-check	  "ui-shared": {
Status Check - Keycloak JavaScript CI	Run /./.github/actions/status-check	    "result": "success",
Status Check - Keycloak JavaScript CI	Run /./.github/actions/status-check	    "outputs": {}
Status Check - Keycloak JavaScript CI	Run /./.github/actions/status-check	  },
Status Check - Keycloak JavaScript CI	Run /./.github/actions/status-check	  "account-ui": {
Status Check - Keycloak JavaScript CI	Run /./.github/actions/status-check	    "result": "success",
Status Check - Keycloak JavaScript CI	Run /./.github/actions/status-check	    "outputs": {}
Status Check - Keycloak JavaScript CI	Run /./.github/actions/status-check	  },
Status Check - Keycloak JavaScript CI	Run /./.github/actions/status-check	  "account-ui-e2e": {
Status Check - Keycloak JavaScript CI	Run /./.github/actions/status-check	    "result": "success",
Status Check - Keycloak JavaScript CI	Run /./.github/actions/status-check	    "outputs": {}
Status Check - Keycloak JavaScript CI	Run /./.github/actions/status-check	  },
Status Check - Keycloak JavaScript CI	Run /./.github/actions/status-check	  "admin-ui": {
Status Check - Keycloak JavaScript CI	Run /./.github/actions/status-check	    "result": "success",
Status Check - Keycloak JavaScript CI	Run /./.github/actions/status-check	    "outputs": {}
Status Check - Keycloak JavaScript CI	Run /./.github/actions/status-check	  },
Status Check - Keycloak JavaScript CI	Run /./.github/actions/status-check	  "admin-ui-e2e": {
Status Check - Keycloak JavaScript CI	Run /./.github/actions/status-check	    "result": "failure",
Status Check - Keycloak JavaScript CI	Run /./.github/actions/status-check	    "outputs": {}
Status Check - Keycloak JavaScript CI	Run /./.github/actions/status-check	  }
Status Check - Keycloak JavaScript CI	Run /./.github/actions/status-check	}
Status Check - Keycloak JavaScript CI	Run /./.github/actions/status-check	2025-02-05T13:27:57.9496383Z env:
Status Check - Keycloak JavaScript CI	Run /./.github/actions/status-check	2025-02-05T13:27:57.9496690Z   MAVEN_ARGS: -B -nsu -Daether.connector.http.connectionMaxTtl=25
Status Check - Keycloak JavaScript CI	Run /./.github/actions/status-check	2025-02-05T13:27:57.9497070Z   RETRY_COUNT: 3
Status Check - Keycloak JavaScript CI	Run /./.github/actions/status-check	2025-02-05T13:27:57.9497338Z   COREPACK_INTEGRITY_KEYS: 0
Status Check - Keycloak JavaScript CI	Run /./.github/actions/status-check	2025-02-05T13:27:57.9497595Z ##[endgroup]
Status Check - Keycloak JavaScript CI	Run /./.github/actions/status-check	2025-02-05T13:27:57.9706158Z ##[group]Run JOBS='{
Status Check - Keycloak JavaScript CI	Run /./.github/actions/status-check	2025-02-05T13:27:57.9706579Z [36;1mJOBS='{[0m
Status Check - Keycloak JavaScript CI	Run /./.github/actions/status-check	2025-02-05T13:27:57.9706822Z [36;1m  "conditional": {[0m
Status Check - Keycloak JavaScript CI	Run /./.github/actions/status-check	2025-02-05T13:27:57.9707086Z [36;1m    "result": "success",[0m
Status Check - Keycloak JavaScript CI	Run /./.github/actions/status-check	2025-02-05T13:27:57.9707353Z [36;1m    "outputs": {[0m
Status Check - Keycloak JavaScript CI	Run /./.github/actions/status-check	2025-02-05T13:27:57.9707601Z [36;1m      "js-ci": "true"[0m
Status Check - Keycloak JavaScript CI	Run /./.github/actions/status-check	2025-02-05T13:27:57.9707849Z [36;1m    }[0m
Status Check - Keycloak JavaScript CI	Run /./.github/actions/status-check	2025-02-05T13:27:57.9708054Z [36;1m  },[0m
Status Check - Keycloak JavaScript CI	Run /./.github/actions/status-check	2025-02-05T13:27:57.9708274Z [36;1m  "build-keycloak": {[0m
Status Check - Keycloak JavaScript CI	Run /./.github/actions/status-check	2025-02-05T13:27:57.9708535Z [36;1m    "result": "success",[0m
Status Check - Keycloak JavaScript CI	Run /./.github/actions/status-check	2025-02-05T13:27:57.9708802Z [36;1m    "outputs": {}[0m
Status Check - Keycloak JavaScript CI	Run /./.github/actions/status-check	2025-02-05T13:27:57.9709076Z [36;1m  },[0m
Status Check - Keycloak JavaScript CI	Run /./.github/actions/status-check	2025-02-05T13:27:57.9709296Z [36;1m  "admin-client": {[0m
Status Check - Keycloak JavaScript CI	Run /./.github/actions/status-check	2025-02-05T13:27:57.9709547Z [36;1m    "result": "success",[0m
Status Check - Keycloak JavaScript CI	Run /./.github/actions/status-check	2025-02-05T13:27:57.9709810Z [36;1m    "outputs": {}[0m
Status Check - Keycloak JavaScript CI	Run /./.github/actions/status-check	2025-02-05T13:27:57.9710044Z [36;1m  },[0m
Status Check - Keycloak JavaScript CI	Run /./.github/actions/status-check	2025-02-05T13:27:57.9710249Z [36;1m  "ui-shared": {[0m
Status Check - Keycloak JavaScript CI	Run /./.github/actions/status-check	2025-02-05T13:27:57.9710495Z [36;1m    "result": "success",[0m
Status Check - Keycloak JavaScript CI	Run /./.github/actions/status-check	2025-02-05T13:27:57.9710967Z [36;1m    "outputs": {}[0m
Status Check - Keycloak JavaScript CI	Run /./.github/actions/status-check	2025-02-05T13:27:57.9711204Z [36;1m  },[0m
Status Check - Keycloak JavaScript CI	Run /./.github/actions/status-check	2025-02-05T13:27:57.9711415Z [36;1m  "account-ui": {[0m
Status Check - Keycloak JavaScript CI	Run /./.github/actions/status-check	2025-02-05T13:27:57.9711659Z [36;1m    "result": "success",[0m
Status Check - Keycloak JavaScript CI	Run /./.github/actions/status-check	2025-02-05T13:27:57.9711920Z [36;1m    "outputs": {}[0m
Status Check - Keycloak JavaScript CI	Run /./.github/actions/status-check	2025-02-05T13:27:57.9712152Z [36;1m  },[0m
Status Check - Keycloak JavaScript CI	Run /./.github/actions/status-check	2025-02-05T13:27:57.9712362Z [36;1m  "account-ui-e2e": {[0m
Status Check - Keycloak JavaScript CI	Run /./.github/actions/status-check	2025-02-05T13:27:57.9712624Z [36;1m    "result": "success",[0m
Status Check - Keycloak JavaScript CI	Run /./.github/actions/status-check	2025-02-05T13:27:57.9712886Z [36;1m    "outputs": {}[0m
Status Check - Keycloak JavaScript CI	Run /./.github/actions/status-check	2025-02-05T13:27:57.9713110Z [36;1m  },[0m
Status Check - Keycloak JavaScript CI	Run /./.github/actions/status-check	2025-02-05T13:27:57.9713320Z [36;1m  "admin-ui": {[0m
Status Check - Keycloak JavaScript CI	Run /./.github/actions/status-check	2025-02-05T13:27:57.9713557Z [36;1m    "result": "success",[0m
Status Check - Keycloak JavaScript CI	Run /./.github/actions/status-check	2025-02-05T13:27:57.9713819Z [36;1m    "outputs": {}[0m
Status Check - Keycloak JavaScript CI	Run /./.github/actions/status-check	2025-02-05T13:27:57.9714058Z [36;1m  },[0m
Status Check - Keycloak JavaScript CI	Run /./.github/actions/status-check	2025-02-05T13:27:57.9714268Z [36;1m  "admin-ui-e2e": {[0m
Status Check - Keycloak JavaScript CI	Run /./.github/actions/status-check	2025-02-05T13:27:57.9714514Z [36;1m    "result": "failure",[0m
Status Check - Keycloak JavaScript CI	Run /./.github/actions/status-check	2025-02-05T13:27:57.9714771Z [36;1m    "outputs": {}[0m
Status Check - Keycloak JavaScript CI	Run /./.github/actions/status-check	2025-02-05T13:27:57.9715004Z [36;1m  }[0m
Status Check - Keycloak JavaScript CI	Run /./.github/actions/status-check	2025-02-05T13:27:57.9715197Z [36;1m}'[0m
Status Check - Keycloak JavaScript CI	Run /./.github/actions/status-check	2025-02-05T13:27:57.9715422Z [36;1m[0m
Status Check - Keycloak JavaScript CI	Run /./.github/actions/status-check	2025-02-05T13:27:57.9715635Z [36;1mecho "Job status:"[0m
Status Check - Keycloak JavaScript CI	Run /./.github/actions/status-check	2025-02-05T13:27:57.9716003Z [36;1mecho $JOBS | jq -r 'to_entries[] | " - \(.key): \(.value.result)"'[0m
Status Check - Keycloak JavaScript CI	Run /./.github/actions/status-check	2025-02-05T13:27:57.9716355Z [36;1m[0m
Status Check - Keycloak JavaScript CI	Run /./.github/actions/status-check	2025-02-05T13:27:57.9716634Z [36;1mfor i in $(echo $JOBS | jq -r 'to_entries[] | .value.result'); do[0m
Status Check - Keycloak JavaScript CI	Run /./.github/actions/status-check	2025-02-05T13:27:57.9717103Z [36;1m  if [ "$i" != "success" ] && [ "$i" != "skipped" ]; then[0m
Status Check - Keycloak JavaScript CI	Run /./.github/actions/status-check	2025-02-05T13:27:57.9717408Z [36;1m    echo ""[0m
Status Check - Keycloak JavaScript CI	Run /./.github/actions/status-check	2025-02-05T13:27:57.9717652Z [36;1m    echo "Status check not okay!"[0m
Status Check - Keycloak JavaScript CI	Run /./.github/actions/status-check	2025-02-05T13:27:57.9717926Z [36;1m    exit 1[0m
Status Check - Keycloak JavaScript CI	Run /./.github/actions/status-check	2025-02-05T13:27:57.9718369Z [36;1m  fi[0m
Status Check - Keycloak JavaScript CI	Run /./.github/actions/status-check	2025-02-05T13:27:57.9718574Z [36;1mdone[0m
Status Check - Keycloak JavaScript CI	Run /./.github/actions/status-check	2025-02-05T13:27:57.9752052Z shell: /usr/bin/bash --noprofile --norc -e -o pipefail {0}
Status Check - Keycloak JavaScript CI	Run /./.github/actions/status-check	2025-02-05T13:27:57.9752463Z env:
Status Check - Keycloak JavaScript CI	Run /./.github/actions/status-check	2025-02-05T13:27:57.9752781Z   MAVEN_ARGS: -B -nsu -Daether.connector.http.connectionMaxTtl=25
Status Check - Keycloak JavaScript CI	Run /./.github/actions/status-check	2025-02-05T13:27:57.9753153Z   RETRY_COUNT: 3
Status Check - Keycloak JavaScript CI	Run /./.github/actions/status-check	2025-02-05T13:27:57.9753382Z   COREPACK_INTEGRITY_KEYS: 0
Status Check - Keycloak JavaScript CI	Run /./.github/actions/status-check	2025-02-05T13:27:57.9753913Z ##[endgroup]
Status Check - Keycloak JavaScript CI	Run /./.github/actions/status-check	2025-02-05T13:27:57.9829951Z Job status:
Status Check - Keycloak JavaScript CI	Run /./.github/actions/status-check	2025-02-05T13:27:57.9877755Z  - conditional: success
Status Check - Keycloak JavaScript CI	Run /./.github/actions/status-check	2025-02-05T13:27:57.9878260Z  - build-keycloak: success
Status Check - Keycloak JavaScript CI	Run /./.github/actions/status-check	2025-02-05T13:27:57.9878710Z  - admin-client: success
Status Check - Keycloak JavaScript CI	Run /./.github/actions/status-check	2025-02-05T13:27:57.9879055Z  - ui-shared: success
Status Check - Keycloak JavaScript CI	Run /./.github/actions/status-check	2025-02-05T13:27:57.9879318Z  - account-ui: success
Status Check - Keycloak JavaScript CI	Run /./.github/actions/status-check	2025-02-05T13:27:57.9879560Z  - account-ui-e2e: success
Status Check - Keycloak JavaScript CI	Run /./.github/actions/status-check	2025-02-05T13:27:57.9879846Z  - admin-ui: success
Status Check - Keycloak JavaScript CI	Run /./.github/actions/status-check	2025-02-05T13:27:57.9880085Z  - admin-ui-e2e: failure
Status Check - Keycloak JavaScript CI	Run /./.github/actions/status-check	2025-02-05T13:27:57.9913636Z 
Status Check - Keycloak JavaScript CI	Run /./.github/actions/status-check	2025-02-05T13:27:57.9913960Z Status check not okay!
Status Check - Keycloak JavaScript CI	Run /./.github/actions/status-check	2025-02-05T13:27:57.9927166Z ##[error]Process completed with exit code 1.
