Test local apiserver	UNKNOWN STEP	ï»¿2026-01-08T12:45:37.3682734Z Current runner version: '2.330.0'
Test local apiserver	UNKNOWN STEP	2026-01-08T12:45:37.3718667Z ##[group]Runner Image Provisioner
Test local apiserver	UNKNOWN STEP	2026-01-08T12:45:37.3720119Z Hosted Compute Agent
Test local apiserver	UNKNOWN STEP	2026-01-08T12:45:37.3721009Z Version: 20251211.462
Test local apiserver	UNKNOWN STEP	2026-01-08T12:45:37.3722000Z Commit: 6cbad8c2bb55d58165063d031ccabf57e2d2db61
Test local apiserver	UNKNOWN STEP	2026-01-08T12:45:37.3723215Z Build Date: 2025-12-11T16:28:49Z
Test local apiserver	UNKNOWN STEP	2026-01-08T12:45:37.3724385Z Worker ID: {44bd5c5b-440e-4176-8b70-399a51086f19}
Test local apiserver	UNKNOWN STEP	2026-01-08T12:45:37.3725510Z ##[endgroup]
Test local apiserver	UNKNOWN STEP	2026-01-08T12:45:37.3726483Z ##[group]Operating System
Test local apiserver	UNKNOWN STEP	2026-01-08T12:45:37.3727688Z Ubuntu
Test local apiserver	UNKNOWN STEP	2026-01-08T12:45:37.3728546Z 24.04.3
Test local apiserver	UNKNOWN STEP	2026-01-08T12:45:37.3729433Z LTS
Test local apiserver	UNKNOWN STEP	2026-01-08T12:45:37.3730214Z ##[endgroup]
Test local apiserver	UNKNOWN STEP	2026-01-08T12:45:37.3731136Z ##[group]Runner Image
Test local apiserver	UNKNOWN STEP	2026-01-08T12:45:37.3732010Z Image: ubuntu-24.04
Test local apiserver	UNKNOWN STEP	2026-01-08T12:45:37.3733074Z Version: 20251215.174.1
Test local apiserver	UNKNOWN STEP	2026-01-08T12:45:37.3734867Z Included Software: https://github.com/actions/runner-images/blob/ubuntu24/20251215.174/images/ubuntu/Ubuntu2404-Readme.md
Test local apiserver	UNKNOWN STEP	2026-01-08T12:45:37.3738137Z Image Release: https://github.com/actions/runner-images/releases/tag/ubuntu24%2F20251215.174
Test local apiserver	UNKNOWN STEP	2026-01-08T12:45:37.3739898Z ##[endgroup]
Test local apiserver	UNKNOWN STEP	2026-01-08T12:45:37.3741656Z ##[group]GITHUB_TOKEN Permissions
Test local apiserver	UNKNOWN STEP	2026-01-08T12:45:37.3744601Z Contents: read
Test local apiserver	UNKNOWN STEP	2026-01-08T12:45:37.3745427Z Metadata: read
Test local apiserver	UNKNOWN STEP	2026-01-08T12:45:37.3746352Z ##[endgroup]
Test local apiserver	UNKNOWN STEP	2026-01-08T12:45:37.3749439Z Secret source: None
Test local apiserver	UNKNOWN STEP	2026-01-08T12:45:37.3750556Z Prepare workflow directory
Test local apiserver	UNKNOWN STEP	2026-01-08T12:45:37.4303172Z Prepare all required actions
Test local apiserver	UNKNOWN STEP	2026-01-08T12:45:37.4358431Z Getting action download info
Test local apiserver	UNKNOWN STEP	2026-01-08T12:45:37.7517171Z Download action repository 'actions/checkout@08c6903cd8c0fde910a37f88322edcfb5dd907a8' (SHA:08c6903cd8c0fde910a37f88322edcfb5dd907a8)
Test local apiserver	UNKNOWN STEP	2026-01-08T12:45:38.2109916Z Complete job name: Test local apiserver
Test local apiserver	UNKNOWN STEP	2026-01-08T12:45:38.2818397Z ##[group]Run actions/checkout@08c6903cd8c0fde910a37f88322edcfb5dd907a8
Test local apiserver	UNKNOWN STEP	2026-01-08T12:45:38.2819530Z with:
Test local apiserver	UNKNOWN STEP	2026-01-08T12:45:38.2819963Z   repository: keycloak/keycloak
Test local apiserver	UNKNOWN STEP	2026-01-08T12:45:38.2820664Z   token: ***
Test local apiserver	UNKNOWN STEP	2026-01-08T12:45:38.2821082Z   ssh-strict: true
Test local apiserver	UNKNOWN STEP	2026-01-08T12:45:38.2821532Z   ssh-user: git
Test local apiserver	UNKNOWN STEP	2026-01-08T12:45:38.2822247Z   persist-credentials: true
Test local apiserver	UNKNOWN STEP	2026-01-08T12:45:38.2822843Z   clean: true
Test local apiserver	UNKNOWN STEP	2026-01-08T12:45:38.2823430Z   sparse-checkout-cone-mode: true
Test local apiserver	UNKNOWN STEP	2026-01-08T12:45:38.2823950Z   fetch-depth: 1
Test local apiserver	UNKNOWN STEP	2026-01-08T12:45:38.2824373Z   fetch-tags: false
Test local apiserver	UNKNOWN STEP	2026-01-08T12:45:38.2824818Z   show-progress: true
Test local apiserver	UNKNOWN STEP	2026-01-08T12:45:38.2825262Z   lfs: false
Test local apiserver	UNKNOWN STEP	2026-01-08T12:45:38.2825684Z   submodules: false
Test local apiserver	UNKNOWN STEP	2026-01-08T12:45:38.2826120Z   set-safe-directory: true
Test local apiserver	UNKNOWN STEP	2026-01-08T12:45:38.2826848Z env:
Test local apiserver	UNKNOWN STEP	2026-01-08T12:45:38.2827571Z   MAVEN_ARGS: -B -nsu -Daether.connector.http.connectionMaxTtl=25
Test local apiserver	UNKNOWN STEP	2026-01-08T12:45:38.2828288Z   MINIKUBE_VERSION: v1.37.0
Test local apiserver	UNKNOWN STEP	2026-01-08T12:45:38.2828831Z   KUBERNETES_VERSION: v1.32.9
Test local apiserver	UNKNOWN STEP	2026-01-08T12:45:38.2829326Z   MINIKUBE_MEMORY: 4096
Test local apiserver	UNKNOWN STEP	2026-01-08T12:45:38.2829790Z ##[endgroup]
Test local apiserver	UNKNOWN STEP	2026-01-08T12:45:38.3779035Z Syncing repository: keycloak/keycloak
Test local apiserver	UNKNOWN STEP	2026-01-08T12:45:38.3781883Z ##[group]Getting Git version info
Test local apiserver	UNKNOWN STEP	2026-01-08T12:45:38.3783237Z Working directory is '/home/runner/work/keycloak/keycloak'
Test local apiserver	UNKNOWN STEP	2026-01-08T12:45:38.3785268Z [command]/usr/bin/git version
Test local apiserver	UNKNOWN STEP	2026-01-08T12:45:38.3829326Z git version 2.52.0
Test local apiserver	UNKNOWN STEP	2026-01-08T12:45:38.3852465Z ##[endgroup]
Test local apiserver	UNKNOWN STEP	2026-01-08T12:45:38.3867163Z Temporarily overriding HOME='/home/runner/work/_temp/9145bcfb-b554-4d75-a52c-8197a5b70f1e' before making global git config changes
Test local apiserver	UNKNOWN STEP	2026-01-08T12:45:38.3870230Z Adding repository directory to the temporary git global config as a safe directory
Test local apiserver	UNKNOWN STEP	2026-01-08T12:45:38.3872460Z [command]/usr/bin/git config --global --add safe.directory /home/runner/work/keycloak/keycloak
Test local apiserver	UNKNOWN STEP	2026-01-08T12:45:38.3914841Z Deleting the contents of '/home/runner/work/keycloak/keycloak'
Test local apiserver	UNKNOWN STEP	2026-01-08T12:45:38.3918623Z ##[group]Initializing the repository
Test local apiserver	UNKNOWN STEP	2026-01-08T12:45:38.3923182Z [command]/usr/bin/git init /home/runner/work/keycloak/keycloak
Test local apiserver	UNKNOWN STEP	2026-01-08T12:45:38.4036374Z hint: Using 'master' as the name for the initial branch. This default branch name
Test local apiserver	UNKNOWN STEP	2026-01-08T12:45:38.4038439Z hint: will change to "main" in Git 3.0. To configure the initial branch name
Test local apiserver	UNKNOWN STEP	2026-01-08T12:45:38.4040485Z hint: to use in all of your new repositories, which will suppress this warning,
Test local apiserver	UNKNOWN STEP	2026-01-08T12:45:38.4041784Z hint: call:
Test local apiserver	UNKNOWN STEP	2026-01-08T12:45:38.4042427Z hint:
Test local apiserver	UNKNOWN STEP	2026-01-08T12:45:38.4043219Z hint: 	git config --global init.defaultBranch <name>
Test local apiserver	UNKNOWN STEP	2026-01-08T12:45:38.4044264Z hint:
Test local apiserver	UNKNOWN STEP	2026-01-08T12:45:38.4045397Z hint: Names commonly chosen instead of 'master' are 'main', 'trunk' and
Test local apiserver	UNKNOWN STEP	2026-01-08T12:45:38.4047292Z hint: 'development'. The just-created branch can be renamed via this command:
Test local apiserver	UNKNOWN STEP	2026-01-08T12:45:38.4049170Z hint:
Test local apiserver	UNKNOWN STEP	2026-01-08T12:45:38.4049979Z hint: 	git branch -m <name>
Test local apiserver	UNKNOWN STEP	2026-01-08T12:45:38.4050868Z hint:
Test local apiserver	UNKNOWN STEP	2026-01-08T12:45:38.4052131Z hint: Disable this message with "git config set advice.defaultBranchName false"
Test local apiserver	UNKNOWN STEP	2026-01-08T12:45:38.4054273Z Initialized empty Git repository in /home/runner/work/keycloak/keycloak/.git/
Test local apiserver	UNKNOWN STEP	2026-01-08T12:45:38.4057671Z [command]/usr/bin/git remote add origin https://github.com/keycloak/keycloak
Test local apiserver	UNKNOWN STEP	2026-01-08T12:45:38.4092077Z ##[endgroup]
Test local apiserver	UNKNOWN STEP	2026-01-08T12:45:38.4093589Z ##[group]Disabling automatic garbage collection
Test local apiserver	UNKNOWN STEP	2026-01-08T12:45:38.4094904Z [command]/usr/bin/git config --local gc.auto 0
Test local apiserver	UNKNOWN STEP	2026-01-08T12:45:38.4128667Z ##[endgroup]
Test local apiserver	UNKNOWN STEP	2026-01-08T12:45:38.4130154Z ##[group]Setting up auth
Test local apiserver	UNKNOWN STEP	2026-01-08T12:45:38.4135429Z [command]/usr/bin/git config --local --name-only --get-regexp core\.sshCommand
Test local apiserver	UNKNOWN STEP	2026-01-08T12:45:38.4168680Z [command]/usr/bin/git submodule foreach --recursive sh -c "git config --local --name-only --get-regexp 'core\.sshCommand' && git config --local --unset-all 'core.sshCommand' || :"
Test local apiserver	UNKNOWN STEP	2026-01-08T12:45:38.4532646Z [command]/usr/bin/git config --local --name-only --get-regexp http\.https\:\/\/github\.com\/\.extraheader
Test local apiserver	UNKNOWN STEP	2026-01-08T12:45:38.4563381Z [command]/usr/bin/git submodule foreach --recursive sh -c "git config --local --name-only --get-regexp 'http\.https\:\/\/github\.com\/\.extraheader' && git config --local --unset-all 'http.https://github.com/.extraheader' || :"
Test local apiserver	UNKNOWN STEP	2026-01-08T12:45:38.4783882Z [command]/usr/bin/git config --local http.https://github.com/.extraheader AUTHORIZATION: basic ***
Test local apiserver	UNKNOWN STEP	2026-01-08T12:45:38.4820143Z ##[endgroup]
Test local apiserver	UNKNOWN STEP	2026-01-08T12:45:38.4821002Z ##[group]Fetching the repository
Test local apiserver	UNKNOWN STEP	2026-01-08T12:45:38.4829851Z [command]/usr/bin/git -c protocol.version=2 fetch --no-tags --prune --no-recurse-submodules --depth=1 origin +787a372fc987fd687fe7e5777b9da2e8a80a7533:refs/remotes/pull/45268/merge
Test local apiserver	UNKNOWN STEP	2026-01-08T12:45:41.9180580Z From https://github.com/keycloak/keycloak
Test local apiserver	UNKNOWN STEP	2026-01-08T12:45:41.9183765Z  * [new ref]         787a372fc987fd687fe7e5777b9da2e8a80a7533 -> pull/45268/merge
Test local apiserver	UNKNOWN STEP	2026-01-08T12:45:41.9214528Z ##[endgroup]
Test local apiserver	UNKNOWN STEP	2026-01-08T12:45:41.9215978Z ##[group]Determining the checkout info
Test local apiserver	UNKNOWN STEP	2026-01-08T12:45:41.9217370Z ##[endgroup]
Test local apiserver	UNKNOWN STEP	2026-01-08T12:45:41.9223114Z [command]/usr/bin/git sparse-checkout disable
Test local apiserver	UNKNOWN STEP	2026-01-08T12:45:41.9268312Z [command]/usr/bin/git config --local --unset-all extensions.worktreeConfig
Test local apiserver	UNKNOWN STEP	2026-01-08T12:45:41.9296552Z ##[group]Checking out the ref
Test local apiserver	UNKNOWN STEP	2026-01-08T12:45:41.9300969Z [command]/usr/bin/git checkout --progress --force refs/remotes/pull/45268/merge
Test local apiserver	UNKNOWN STEP	2026-01-08T12:45:42.7890760Z Note: switching to 'refs/remotes/pull/45268/merge'.
Test local apiserver	UNKNOWN STEP	2026-01-08T12:45:42.7891559Z 
Test local apiserver	UNKNOWN STEP	2026-01-08T12:45:42.7892096Z You are in 'detached HEAD' state. You can look around, make experimental
Test local apiserver	UNKNOWN STEP	2026-01-08T12:45:42.7893276Z changes and commit them, and you can discard any commits you make in this
Test local apiserver	UNKNOWN STEP	2026-01-08T12:45:42.7894473Z state without impacting any branches by switching back to a branch.
Test local apiserver	UNKNOWN STEP	2026-01-08T12:45:42.7895253Z 
Test local apiserver	UNKNOWN STEP	2026-01-08T12:45:42.7895766Z If you want to create a new branch to retain commits you create, you may
Test local apiserver	UNKNOWN STEP	2026-01-08T12:45:42.7896695Z do so (now or later) by using -c with the switch command. Example:
Test local apiserver	UNKNOWN STEP	2026-01-08T12:45:42.7897266Z 
Test local apiserver	UNKNOWN STEP	2026-01-08T12:45:42.7897748Z   git switch -c <new-branch-name>
Test local apiserver	UNKNOWN STEP	2026-01-08T12:45:42.7898128Z 
Test local apiserver	UNKNOWN STEP	2026-01-08T12:45:42.7898344Z Or undo this operation with:
Test local apiserver	UNKNOWN STEP	2026-01-08T12:45:42.7898646Z 
Test local apiserver	UNKNOWN STEP	2026-01-08T12:45:42.7898812Z   git switch -
Test local apiserver	UNKNOWN STEP	2026-01-08T12:45:42.7899069Z 
Test local apiserver	UNKNOWN STEP	2026-01-08T12:45:42.7899338Z Turn off this advice by setting config variable advice.detachedHead to false
Test local apiserver	UNKNOWN STEP	2026-01-08T12:45:42.7900063Z 
Test local apiserver	UNKNOWN STEP	2026-01-08T12:45:42.7900486Z HEAD is now at 787a372 Merge 928b106f396ae93eaac824bad106291e98775d98 into ee20ab886b553b56ccabe4e296cb86a028de5e5b
Test local apiserver	UNKNOWN STEP	2026-01-08T12:45:42.7924777Z ##[endgroup]
Test local apiserver	UNKNOWN STEP	2026-01-08T12:45:42.7965025Z [command]/usr/bin/git log -1 --format=%H
Test local apiserver	UNKNOWN STEP	2026-01-08T12:45:42.7987767Z 787a372fc987fd687fe7e5777b9da2e8a80a7533
Test local apiserver	UNKNOWN STEP	2026-01-08T12:45:42.8229041Z Prepare all required actions
Test local apiserver	UNKNOWN STEP	2026-01-08T12:45:42.8229517Z Getting action download info
Test local apiserver	UNKNOWN STEP	2026-01-08T12:45:42.9630072Z Download action repository 'actions/setup-java@c5195efecf7bdfc987ee8bae7a71cb8b11521c00' (SHA:c5195efecf7bdfc987ee8bae7a71cb8b11521c00)
Test local apiserver	UNKNOWN STEP	2026-01-08T12:45:43.5186342Z ##[group]Run ./.github/actions/java-setup
Test local apiserver	UNKNOWN STEP	2026-01-08T12:45:43.5186671Z with:
Test local apiserver	UNKNOWN STEP	2026-01-08T12:45:43.5186881Z   distribution: temurin
Test local apiserver	UNKNOWN STEP	2026-01-08T12:45:43.5187118Z   java-version: 21
Test local apiserver	UNKNOWN STEP	2026-01-08T12:45:43.5187361Z env:
Test local apiserver	UNKNOWN STEP	2026-01-08T12:45:43.5187967Z   MAVEN_ARGS: -B -nsu -Daether.connector.http.connectionMaxTtl=25
Test local apiserver	UNKNOWN STEP	2026-01-08T12:45:43.5188382Z   MINIKUBE_VERSION: v1.37.0
Test local apiserver	UNKNOWN STEP	2026-01-08T12:45:43.5188644Z   KUBERNETES_VERSION: v1.32.9
Test local apiserver	UNKNOWN STEP	2026-01-08T12:45:43.5188897Z   MINIKUBE_MEMORY: 4096
Test local apiserver	UNKNOWN STEP	2026-01-08T12:45:43.5189117Z ##[endgroup]
Test local apiserver	UNKNOWN STEP	2026-01-08T12:45:43.5345857Z ##[group]Run actions/setup-java@c5195efecf7bdfc987ee8bae7a71cb8b11521c00
Test local apiserver	UNKNOWN STEP	2026-01-08T12:45:43.5346291Z with:
Test local apiserver	UNKNOWN STEP	2026-01-08T12:45:43.5346508Z   distribution: temurin
Test local apiserver	UNKNOWN STEP	2026-01-08T12:45:43.5346797Z   java-version: 21
Test local apiserver	UNKNOWN STEP	2026-01-08T12:45:43.5347025Z   java-package: jdk
Test local apiserver	UNKNOWN STEP	2026-01-08T12:45:43.5347255Z   check-latest: false
Test local apiserver	UNKNOWN STEP	2026-01-08T12:45:43.5347664Z   server-id: github
Test local apiserver	UNKNOWN STEP	2026-01-08T12:45:43.5347901Z   server-username: GITHUB_ACTOR
Test local apiserver	UNKNOWN STEP	2026-01-08T12:45:43.5348167Z   server-password: GITHUB_TOKEN
Test local apiserver	UNKNOWN STEP	2026-01-08T12:45:43.5348593Z   overwrite-settings: true
Test local apiserver	UNKNOWN STEP	2026-01-08T12:45:43.5419054Z   job-status: success
Test local apiserver	UNKNOWN STEP	2026-01-08T12:45:43.5419759Z   token: ***
Test local apiserver	UNKNOWN STEP	2026-01-08T12:45:43.5420166Z env:
Test local apiserver	UNKNOWN STEP	2026-01-08T12:45:43.5420811Z   MAVEN_ARGS: -B -nsu -Daether.connector.http.connectionMaxTtl=25
Test local apiserver	UNKNOWN STEP	2026-01-08T12:45:43.5421596Z   MINIKUBE_VERSION: v1.37.0
Test local apiserver	UNKNOWN STEP	2026-01-08T12:45:43.5422077Z   KUBERNETES_VERSION: v1.32.9
Test local apiserver	UNKNOWN STEP	2026-01-08T12:45:43.5422479Z   MINIKUBE_MEMORY: 4096
Test local apiserver	UNKNOWN STEP	2026-01-08T12:45:43.5422874Z ##[endgroup]
Test local apiserver	UNKNOWN STEP	2026-01-08T12:45:43.7373352Z ##[group]Installed distributions
Test local apiserver	UNKNOWN STEP	2026-01-08T12:45:43.7438711Z Resolved Java 21.0.9+10 from tool-cache
Test local apiserver	UNKNOWN STEP	2026-01-08T12:45:43.7439612Z Setting Java 21.0.9+10 as the default
Test local apiserver	UNKNOWN STEP	2026-01-08T12:45:43.7452669Z Creating toolchains.xml for JDK version 21 from temurin
Test local apiserver	UNKNOWN STEP	2026-01-08T12:45:43.7528082Z Writing to /home/runner/.m2/toolchains.xml
Test local apiserver	UNKNOWN STEP	2026-01-08T12:45:43.7528561Z 
Test local apiserver	UNKNOWN STEP	2026-01-08T12:45:43.7528747Z Java configuration:
Test local apiserver	UNKNOWN STEP	2026-01-08T12:45:43.7529726Z   Distribution: temurin
Test local apiserver	UNKNOWN STEP	2026-01-08T12:45:43.7530179Z   Version: 21.0.9+10
Test local apiserver	UNKNOWN STEP	2026-01-08T12:45:43.7531447Z   Path: /opt/hostedtoolcache/Java_Temurin-Hotspot_jdk/21.0.9-10/x64
Test local apiserver	UNKNOWN STEP	2026-01-08T12:45:43.7532025Z 
Test local apiserver	UNKNOWN STEP	2026-01-08T12:45:43.7532566Z ##[endgroup]
Test local apiserver	UNKNOWN STEP	2026-01-08T12:45:43.7552400Z Creating settings.xml with server-id: github
Test local apiserver	UNKNOWN STEP	2026-01-08T12:45:43.7556798Z Writing to /home/runner/.m2/settings.xml
Test local apiserver	UNKNOWN STEP	2026-01-08T12:45:43.7700949Z ##[group]Run ./mvnw install -Poperator -pl :keycloak-operator -am
Test local apiserver	UNKNOWN STEP	2026-01-08T12:45:43.7701549Z [36;1m./mvnw install -Poperator -pl :keycloak-operator -am[0m
Test local apiserver	UNKNOWN STEP	2026-01-08T12:45:43.7743914Z shell: /usr/bin/bash --noprofile --norc -e -o pipefail {0}
Test local apiserver	UNKNOWN STEP	2026-01-08T12:45:43.7744292Z env:
Test local apiserver	UNKNOWN STEP	2026-01-08T12:45:43.7744600Z   MAVEN_ARGS: -B -nsu -Daether.connector.http.connectionMaxTtl=25
Test local apiserver	UNKNOWN STEP	2026-01-08T12:45:43.7744983Z   MINIKUBE_VERSION: v1.37.0
Test local apiserver	UNKNOWN STEP	2026-01-08T12:45:43.7745245Z   KUBERNETES_VERSION: v1.32.9
Test local apiserver	UNKNOWN STEP	2026-01-08T12:45:43.7745497Z   MINIKUBE_MEMORY: 4096
Test local apiserver	UNKNOWN STEP	2026-01-08T12:45:43.7745841Z   JAVA_HOME: /opt/hostedtoolcache/Java_Temurin-Hotspot_jdk/21.0.9-10/x64
Test local apiserver	UNKNOWN STEP	2026-01-08T12:45:43.7746317Z   JAVA_HOME_21_X64: /opt/hostedtoolcache/Java_Temurin-Hotspot_jdk/21.0.9-10/x64
Test local apiserver	UNKNOWN STEP	2026-01-08T12:45:43.7746696Z ##[endgroup]
Test local apiserver	UNKNOWN STEP	2026-01-08T12:45:47.3068177Z [INFO] Downloading from central: https://repo.maven.apache.org/maven2/org/apache/maven/extensions/maven-build-cache-extension/1.2.0/maven-build-cache-extension-1.2.0.pom
Test local apiserver	UNKNOWN STEP	2026-01-08T12:45:47.9548645Z [INFO] Downloaded from central: https://repo.maven.apache.org/maven2/org/apache/maven/extensions/maven-build-cache-extension/1.2.0/maven-build-cache-extension-1.2.0.pom (16 kB at 25 kB/s)
Test local apiserver	UNKNOWN STEP	2026-01-08T12:45:48.0334276Z [INFO] Downloading from central: https://repo.maven.apache.org/maven2/org/apache/maven/extensions/maven-extensions/41/maven-extensions-41.pom
Test local apiserver	UNKNOWN STEP	2026-01-08T12:45:48.0742949Z [INFO] Downloaded from central: https://repo.maven.apache.org/maven2/org/apache/maven/extensions/maven-extensions/41/maven-extensions-41.pom (6.1 kB at 149 kB/s)
Test local apiserver	UNKNOWN STEP	2026-01-08T12:45:48.0776916Z [INFO] Downloading from central: https://repo.maven.apache.org/maven2/org/apache/maven/maven-parent/41/maven-parent-41.pom
Test local apiserver	UNKNOWN STEP	2026-01-08T12:45:48.1201076Z [INFO] Downloaded from central: https://repo.maven.apache.org/maven2/org/apache/maven/maven-parent/41/maven-parent-41.pom (50 kB at 1.2 MB/s)
Test local apiserver	UNKNOWN STEP	2026-01-08T12:45:48.1296136Z [INFO] Downloading from central: https://repo.maven.apache.org/maven2/org/apache/apache/31/apache-31.pom
Test local apiserver	UNKNOWN STEP	2026-01-08T12:45:48.1847670Z [INFO] Downloaded from central: https://repo.maven.apache.org/maven2/org/apache/apache/31/apache-31.pom (24 kB at 428 kB/s)
Test local apiserver	UNKNOWN STEP	2026-01-08T12:45:48.2028740Z [INFO] Downloading from central: https://repo.maven.apache.org/maven2/org/testcontainers/testcontainers-bom/1.19.7/testcontainers-bom-1.19.7.pom
Test local apiserver	UNKNOWN STEP	2026-01-08T12:45:48.2721927Z [INFO] Downloaded from central: https://repo.maven.apache.org/maven2/org/testcontainers/testcontainers-bom/1.19.7/testcontainers-bom-1.19.7.pom (10 kB at 151 kB/s)
Test local apiserver	UNKNOWN STEP	2026-01-08T12:45:48.2768993Z [INFO] Downloading from central: https://repo.maven.apache.org/maven2/org/junit/junit-bom/5.10.2/junit-bom-5.10.2.pom
Test local apiserver	UNKNOWN STEP	2026-01-08T12:45:48.3097057Z [INFO] Downloaded from central: https://repo.maven.apache.org/maven2/org/junit/junit-bom/5.10.2/junit-bom-5.10.2.pom (5.6 kB at 171 kB/s)
Test local apiserver	UNKNOWN STEP	2026-01-08T12:45:48.3195845Z [INFO] Downloading from central: https://repo.maven.apache.org/maven2/net/openhft/zero-allocation-hashing/0.16/zero-allocation-hashing-0.16.pom
Test local apiserver	UNKNOWN STEP	2026-01-08T12:45:48.3618444Z [INFO] Downloaded from central: https://repo.maven.apache.org/maven2/net/openhft/zero-allocation-hashing/0.16/zero-allocation-hashing-0.16.pom (16 kB at 378 kB/s)
Test local apiserver	UNKNOWN STEP	2026-01-08T12:45:48.3666352Z [INFO] Downloading from central: https://repo.maven.apache.org/maven2/net/openhft/java-parent-pom/1.1.28/java-parent-pom-1.1.28.pom
Test local apiserver	UNKNOWN STEP	2026-01-08T12:45:48.4026369Z [INFO] Downloaded from central: https://repo.maven.apache.org/maven2/net/openhft/java-parent-pom/1.1.28/java-parent-pom-1.1.28.pom (4.9 kB at 136 kB/s)
Test local apiserver	UNKNOWN STEP	2026-01-08T12:45:48.4060973Z [INFO] Downloading from central: https://repo.maven.apache.org/maven2/net/openhft/root-parent-pom/1.2.12/root-parent-pom-1.2.12.pom
Test local apiserver	UNKNOWN STEP	2026-01-08T12:45:48.4394236Z [INFO] Downloaded from central: https://repo.maven.apache.org/maven2/net/openhft/root-parent-pom/1.2.12/root-parent-pom-1.2.12.pom (18 kB at 517 kB/s)
Test local apiserver	UNKNOWN STEP	2026-01-08T12:45:48.4475653Z [INFO] Downloading from central: https://repo.maven.apache.org/maven2/com/github/albfernandez/juniversalchardet/2.4.0/juniversalchardet-2.4.0.pom
Test local apiserver	UNKNOWN STEP	2026-01-08T12:45:48.4851026Z [INFO] Downloaded from central: https://repo.maven.apache.org/maven2/com/github/albfernandez/juniversalchardet/2.4.0/juniversalchardet-2.4.0.pom (7.4 kB at 201 kB/s)
Test local apiserver	UNKNOWN STEP	2026-01-08T12:45:48.4910511Z [INFO] Downloading from central: https://repo.maven.apache.org/maven2/org/apache/commons/commons-lang3/3.14.0/commons-lang3-3.14.0.pom
Test local apiserver	UNKNOWN STEP	2026-01-08T12:45:48.5278040Z [INFO] Downloaded from central: https://repo.maven.apache.org/maven2/org/apache/commons/commons-lang3/3.14.0/commons-lang3-3.14.0.pom (31 kB at 835 kB/s)
Test local apiserver	UNKNOWN STEP	2026-01-08T12:45:48.5330017Z [INFO] Downloading from central: https://repo.maven.apache.org/maven2/org/apache/commons/commons-parent/64/commons-parent-64.pom
Test local apiserver	UNKNOWN STEP	2026-01-08T12:45:48.5760642Z [INFO] Downloaded from central: https://repo.maven.apache.org/maven2/org/apache/commons/commons-parent/64/commons-parent-64.pom (78 kB at 1.8 MB/s)
Test local apiserver	UNKNOWN STEP	2026-01-08T12:45:48.5878891Z [INFO] Downloading from central: https://repo.maven.apache.org/maven2/org/apache/apache/30/apache-30.pom
Test local apiserver	UNKNOWN STEP	2026-01-08T12:45:48.6339293Z [INFO] Downloaded from central: https://repo.maven.apache.org/maven2/org/apache/apache/30/apache-30.pom (23 kB at 494 kB/s)
Test local apiserver	UNKNOWN STEP	2026-01-08T12:45:48.6424026Z [INFO] Downloading from central: https://repo.maven.apache.org/maven2/org/junit/junit-bom/5.10.0/junit-bom-5.10.0.pom
Test local apiserver	UNKNOWN STEP	2026-01-08T12:45:48.6838489Z [INFO] Downloaded from central: https://repo.maven.apache.org/maven2/org/junit/junit-bom/5.10.0/junit-bom-5.10.0.pom (5.6 kB at 138 kB/s)
Test local apiserver	UNKNOWN STEP	2026-01-08T12:45:48.6880993Z [INFO] Downloading from central: https://repo.maven.apache.org/maven2/commons-io/commons-io/2.16.1/commons-io-2.16.1.pom
Test local apiserver	UNKNOWN STEP	2026-01-08T12:45:48.7290419Z [INFO] Downloaded from central: https://repo.maven.apache.org/maven2/commons-io/commons-io/2.16.1/commons-io-2.16.1.pom (20 kB at 479 kB/s)
Test local apiserver	UNKNOWN STEP	2026-01-08T12:45:48.7334158Z [INFO] Downloading from central: https://repo.maven.apache.org/maven2/org/apache/commons/commons-parent/69/commons-parent-69.pom
Test local apiserver	UNKNOWN STEP	2026-01-08T12:45:48.7725845Z [INFO] Downloaded from central: https://repo.maven.apache.org/maven2/org/apache/commons/commons-parent/69/commons-parent-69.pom (77 kB at 2.0 MB/s)
Test local apiserver	UNKNOWN STEP	2026-01-08T12:45:48.7839929Z [INFO] Downloading from central: https://repo.maven.apache.org/maven2/javax/annotation/javax.annotation-api/1.3.2/javax.annotation-api-1.3.2.pom
Test local apiserver	UNKNOWN STEP	2026-01-08T12:45:48.8309384Z [INFO] Downloaded from central: https://repo.maven.apache.org/maven2/javax/annotation/javax.annotation-api/1.3.2/javax.annotation-api-1.3.2.pom (14 kB at 302 kB/s)
Test local apiserver	UNKNOWN STEP	2026-01-08T12:45:48.8348740Z [INFO] Downloading from central: https://repo.maven.apache.org/maven2/net/java/jvnet-parent/3/jvnet-parent-3.pom
Test local apiserver	UNKNOWN STEP	2026-01-08T12:45:48.8851000Z [INFO] Downloaded from central: https://repo.maven.apache.org/maven2/net/java/jvnet-parent/3/jvnet-parent-3.pom (4.8 kB at 96 kB/s)
Test local apiserver	UNKNOWN STEP	2026-01-08T12:45:48.8902761Z [INFO] Downloading from central: https://repo.maven.apache.org/maven2/org/codehaus/plexus/plexus-utils/3.5.1/plexus-utils-3.5.1.pom
Test local apiserver	UNKNOWN STEP	2026-01-08T12:45:48.9238659Z [INFO] Downloaded from central: https://repo.maven.apache.org/maven2/org/codehaus/plexus/plexus-utils/3.5.1/plexus-utils-3.5.1.pom (8.8 kB at 258 kB/s)
Test local apiserver	UNKNOWN STEP	2026-01-08T12:45:48.9269781Z [INFO] Downloading from central: https://repo.maven.apache.org/maven2/org/codehaus/plexus/plexus/10/plexus-10.pom
Test local apiserver	UNKNOWN STEP	2026-01-08T12:45:48.9590001Z [INFO] Downloaded from central: https://repo.maven.apache.org/maven2/org/codehaus/plexus/plexus/10/plexus-10.pom (25 kB at 794 kB/s)
Test local apiserver	UNKNOWN STEP	2026-01-08T12:45:48.9657190Z [INFO] Downloading from central: https://repo.maven.apache.org/maven2/com/google/code/findbugs/jsr305/3.0.2/jsr305-3.0.2.pom
Test local apiserver	UNKNOWN STEP	2026-01-08T12:45:49.0167775Z [INFO] Downloaded from central: https://repo.maven.apache.org/maven2/com/google/code/findbugs/jsr305/3.0.2/jsr305-3.0.2.pom (4.3 kB at 82 kB/s)
Test local apiserver	UNKNOWN STEP	2026-01-08T12:45:49.0198550Z [INFO] Downloading from central: https://repo.maven.apache.org/maven2/org/sonatype/oss/oss-parent/7/oss-parent-7.pom
Test local apiserver	UNKNOWN STEP	2026-01-08T12:45:49.0537975Z [INFO] Downloaded from central: https://repo.maven.apache.org/maven2/org/sonatype/oss/oss-parent/7/oss-parent-7.pom (4.8 kB at 142 kB/s)
Test local apiserver	UNKNOWN STEP	2026-01-08T12:45:49.0570951Z [INFO] Downloading from central: https://repo.maven.apache.org/maven2/org/apache/maven/wagon/wagon-webdav-jackrabbit/3.5.3/wagon-webdav-jackrabbit-3.5.3.pom
Test local apiserver	UNKNOWN STEP	2026-01-08T12:45:49.1440094Z [INFO] Downloaded from central: https://repo.maven.apache.org/maven2/org/apache/maven/wagon/wagon-webdav-jackrabbit/3.5.3/wagon-webdav-jackrabbit-3.5.3.pom (5.3 kB at 61 kB/s)
Test local apiserver	UNKNOWN STEP	2026-01-08T12:45:49.1466244Z [INFO] Downloading from central: https://repo.maven.apache.org/maven2/org/apache/maven/wagon/wagon-providers/3.5.3/wagon-providers-3.5.3.pom
Test local apiserver	UNKNOWN STEP	2026-01-08T12:45:49.1792427Z [INFO] Downloaded from central: https://repo.maven.apache.org/maven2/org/apache/maven/wagon/wagon-providers/3.5.3/wagon-providers-3.5.3.pom (3.1 kB at 96 kB/s)
Test local apiserver	UNKNOWN STEP	2026-01-08T12:45:49.1818955Z [INFO] Downloading from central: https://repo.maven.apache.org/maven2/org/apache/maven/wagon/wagon/3.5.3/wagon-3.5.3.pom
Test local apiserver	UNKNOWN STEP	2026-01-08T12:45:49.2118097Z [INFO] Downloaded from central: https://repo.maven.apache.org/maven2/org/apache/maven/wagon/wagon/3.5.3/wagon-3.5.3.pom (21 kB at 707 kB/s)
Test local apiserver	UNKNOWN STEP	2026-01-08T12:45:49.2155473Z [INFO] Downloading from central: https://repo.maven.apache.org/maven2/org/apache/maven/maven-parent/34/maven-parent-34.pom
Test local apiserver	UNKNOWN STEP	2026-01-08T12:45:49.2481907Z [INFO] Downloaded from central: https://repo.maven.apache.org/maven2/org/apache/maven/maven-parent/34/maven-parent-34.pom (43 kB at 1.3 MB/s)
Test local apiserver	UNKNOWN STEP	2026-01-08T12:45:49.2519441Z [INFO] Downloading from central: https://repo.maven.apache.org/maven2/org/apache/apache/23/apache-23.pom
Test local apiserver	UNKNOWN STEP	2026-01-08T12:45:49.2841650Z [INFO] Downloaded from central: https://repo.maven.apache.org/maven2/org/apache/apache/23/apache-23.pom (18 kB at 576 kB/s)
Test local apiserver	UNKNOWN STEP	2026-01-08T12:45:49.2900344Z [INFO] Downloading from central: https://repo.maven.apache.org/maven2/org/apache/maven/wagon/wagon-http-shared/3.5.3/wagon-http-shared-3.5.3.pom
Test local apiserver	UNKNOWN STEP	2026-01-08T12:45:49.3220813Z [INFO] Downloaded from central: https://repo.maven.apache.org/maven2/org/apache/maven/wagon/wagon-http-shared/3.5.3/wagon-http-shared-3.5.3.pom (2.5 kB at 77 kB/s)
Test local apiserver	UNKNOWN STEP	2026-01-08T12:45:49.3338183Z [INFO] Downloading from central: https://repo.maven.apache.org/maven2/org/apache/httpcomponents/httpclient/4.5.14/httpclient-4.5.14.pom
Test local apiserver	UNKNOWN STEP	2026-01-08T12:45:49.3724922Z [INFO] Downloaded from central: https://repo.maven.apache.org/maven2/org/apache/httpcomponents/httpclient/4.5.14/httpclient-4.5.14.pom (6.6 kB at 170 kB/s)
Test local apiserver	UNKNOWN STEP	2026-01-08T12:45:49.3751477Z [INFO] Downloading from central: https://repo.maven.apache.org/maven2/org/apache/httpcomponents/httpcomponents-client/4.5.14/httpcomponents-client-4.5.14.pom
Test local apiserver	UNKNOWN STEP	2026-01-08T12:45:49.4092579Z [INFO] Downloaded from central: https://repo.maven.apache.org/maven2/org/apache/httpcomponents/httpcomponents-client/4.5.14/httpcomponents-client-4.5.14.pom (15 kB at 436 kB/s)
Test local apiserver	UNKNOWN STEP	2026-01-08T12:45:49.4114681Z [INFO] Downloading from central: https://repo.maven.apache.org/maven2/org/apache/httpcomponents/httpcomponents-parent/11/httpcomponents-parent-11.pom
Test local apiserver	UNKNOWN STEP	2026-01-08T12:45:49.4473808Z [INFO] Downloaded from central: https://repo.maven.apache.org/maven2/org/apache/httpcomponents/httpcomponents-parent/11/httpcomponents-parent-11.pom (35 kB at 964 kB/s)
Test local apiserver	UNKNOWN STEP	2026-01-08T12:45:49.4504370Z [INFO] Downloading from central: https://repo.maven.apache.org/maven2/org/apache/apache/21/apache-21.pom
Test local apiserver	UNKNOWN STEP	2026-01-08T12:45:49.4797905Z [INFO] Downloaded from central: https://repo.maven.apache.org/maven2/org/apache/apache/21/apache-21.pom (17 kB at 590 kB/s)
Test local apiserver	UNKNOWN STEP	2026-01-08T12:45:49.4845726Z [INFO] Downloading from central: https://repo.maven.apache.org/maven2/org/apache/httpcomponents/httpcore/4.4.16/httpcore-4.4.16.pom
Test local apiserver	UNKNOWN STEP	2026-01-08T12:45:49.5115464Z [INFO] Downloaded from central: https://repo.maven.apache.org/maven2/org/apache/httpcomponents/httpcore/4.4.16/httpcore-4.4.16.pom (5.0 kB at 184 kB/s)
Test local apiserver	UNKNOWN STEP	2026-01-08T12:45:49.5136563Z [INFO] Downloading from central: https://repo.maven.apache.org/maven2/org/apache/httpcomponents/httpcomponents-core/4.4.16/httpcomponents-core-4.4.16.pom
Test local apiserver	UNKNOWN STEP	2026-01-08T12:45:49.5476228Z [INFO] Downloaded from central: https://repo.maven.apache.org/maven2/org/apache/httpcomponents/httpcomponents-core/4.4.16/httpcomponents-core-4.4.16.pom (12 kB at 351 kB/s)
Test local apiserver	UNKNOWN STEP	2026-01-08T12:45:49.5524021Z [INFO] Downloading from central: https://repo.maven.apache.org/maven2/commons-codec/commons-codec/1.11/commons-codec-1.11.pom
Test local apiserver	UNKNOWN STEP	2026-01-08T12:45:49.5928945Z [INFO] Downloaded from central: https://repo.maven.apache.org/maven2/commons-codec/commons-codec/1.11/commons-codec-1.11.pom (14 kB at 349 kB/s)
Test local apiserver	UNKNOWN STEP	2026-01-08T12:45:49.5954620Z [INFO] Downloading from central: https://repo.maven.apache.org/maven2/org/apache/commons/commons-parent/42/commons-parent-42.pom
Test local apiserver	UNKNOWN STEP	2026-01-08T12:45:49.6338609Z [INFO] Downloaded from central: https://repo.maven.apache.org/maven2/org/apache/commons/commons-parent/42/commons-parent-42.pom (68 kB at 1.8 MB/s)
Test local apiserver	UNKNOWN STEP	2026-01-08T12:45:49.6374508Z [INFO] Downloading from central: https://repo.maven.apache.org/maven2/org/apache/apache/18/apache-18.pom
Test local apiserver	UNKNOWN STEP	2026-01-08T12:45:49.6941136Z [INFO] Downloaded from central: https://repo.maven.apache.org/maven2/org/apache/apache/18/apache-18.pom (16 kB at 280 kB/s)
Test local apiserver	UNKNOWN STEP	2026-01-08T12:45:49.6985990Z [INFO] Downloading from central: https://repo.maven.apache.org/maven2/org/codehaus/plexus/plexus-utils/4.0.0/plexus-utils-4.0.0.pom
Test local apiserver	UNKNOWN STEP	2026-01-08T12:45:49.7319927Z [INFO] Downloaded from central: https://repo.maven.apache.org/maven2/org/codehaus/plexus/plexus-utils/4.0.0/plexus-utils-4.0.0.pom (8.7 kB at 262 kB/s)
Test local apiserver	UNKNOWN STEP	2026-01-08T12:45:49.7346721Z [INFO] Downloading from central: https://repo.maven.apache.org/maven2/org/codehaus/plexus/plexus/13/plexus-13.pom
Test local apiserver	UNKNOWN STEP	2026-01-08T12:45:49.7734964Z [INFO] Downloaded from central: https://repo.maven.apache.org/maven2/org/codehaus/plexus/plexus/13/plexus-13.pom (27 kB at 702 kB/s)
Test local apiserver	UNKNOWN STEP	2026-01-08T12:45:49.7773170Z [INFO] Downloading from central: https://repo.maven.apache.org/maven2/org/junit/junit-bom/5.9.3/junit-bom-5.9.3.pom
Test local apiserver	UNKNOWN STEP	2026-01-08T12:45:49.8037425Z [INFO] Downloaded from central: https://repo.maven.apache.org/maven2/org/junit/junit-bom/5.9.3/junit-bom-5.9.3.pom (5.6 kB at 217 kB/s)
Test local apiserver	UNKNOWN STEP	2026-01-08T12:45:49.8070107Z [INFO] Downloading from central: https://repo.maven.apache.org/maven2/org/slf4j/slf4j-api/1.7.36/slf4j-api-1.7.36.pom
Test local apiserver	UNKNOWN STEP	2026-01-08T12:45:49.8391592Z [INFO] Downloaded from central: https://repo.maven.apache.org/maven2/org/slf4j/slf4j-api/1.7.36/slf4j-api-1.7.36.pom (2.7 kB at 86 kB/s)
Test local apiserver	UNKNOWN STEP	2026-01-08T12:45:49.8413190Z [INFO] Downloading from central: https://repo.maven.apache.org/maven2/org/slf4j/slf4j-parent/1.7.36/slf4j-parent-1.7.36.pom
Test local apiserver	UNKNOWN STEP	2026-01-08T12:45:49.8689830Z [INFO] Downloaded from central: https://repo.maven.apache.org/maven2/org/slf4j/slf4j-parent/1.7.36/slf4j-parent-1.7.36.pom (14 kB at 522 kB/s)
Test local apiserver	UNKNOWN STEP	2026-01-08T12:45:49.8740878Z [INFO] Downloading from central: https://repo.maven.apache.org/maven2/org/apache/maven/wagon/wagon-provider-api/3.5.3/wagon-provider-api-3.5.3.pom
Test local apiserver	UNKNOWN STEP	2026-01-08T12:45:49.9304424Z [INFO] Downloaded from central: https://repo.maven.apache.org/maven2/org/apache/maven/wagon/wagon-provider-api/3.5.3/wagon-provider-api-3.5.3.pom (1.9 kB at 34 kB/s)
Test local apiserver	UNKNOWN STEP	2026-01-08T12:45:49.9348620Z [INFO] Downloading from central: https://repo.maven.apache.org/maven2/org/apache/jackrabbit/jackrabbit-webdav/2.14.4/jackrabbit-webdav-2.14.4.pom
Test local apiserver	UNKNOWN STEP	2026-01-08T12:45:49.9741110Z [INFO] Downloaded from central: https://repo.maven.apache.org/maven2/org/apache/jackrabbit/jackrabbit-webdav/2.14.4/jackrabbit-webdav-2.14.4.pom (4.0 kB at 101 kB/s)
Test local apiserver	UNKNOWN STEP	2026-01-08T12:45:49.9761442Z [INFO] Downloading from central: https://repo.maven.apache.org/maven2/org/apache/jackrabbit/jackrabbit-parent/2.14.4/jackrabbit-parent-2.14.4.pom
Test local apiserver	UNKNOWN STEP	2026-01-08T12:45:50.0191675Z [INFO] Downloaded from central: https://repo.maven.apache.org/maven2/org/apache/jackrabbit/jackrabbit-parent/2.14.4/jackrabbit-parent-2.14.4.pom (35 kB at 807 kB/s)
Test local apiserver	UNKNOWN STEP	2026-01-08T12:45:50.0222216Z [INFO] Downloading from central: https://repo.maven.apache.org/maven2/org/apache/apache/13/apache-13.pom
Test local apiserver	UNKNOWN STEP	2026-01-08T12:45:50.0545265Z [INFO] Downloaded from central: https://repo.maven.apache.org/maven2/org/apache/apache/13/apache-13.pom (14 kB at 423 kB/s)
Test local apiserver	UNKNOWN STEP	2026-01-08T12:45:50.0581415Z [INFO] Downloading from central: https://repo.maven.apache.org/maven2/org/slf4j/slf4j-api/1.6.6/slf4j-api-1.6.6.pom
Test local apiserver	UNKNOWN STEP	2026-01-08T12:45:50.0865460Z [INFO] Downloaded from central: https://repo.maven.apache.org/maven2/org/slf4j/slf4j-api/1.6.6/slf4j-api-1.6.6.pom (2.7 kB at 93 kB/s)
Test local apiserver	UNKNOWN STEP	2026-01-08T12:45:50.0885521Z [INFO] Downloading from central: https://repo.maven.apache.org/maven2/org/slf4j/slf4j-parent/1.6.6/slf4j-parent-1.6.6.pom
Test local apiserver	UNKNOWN STEP	2026-01-08T12:45:50.1195990Z [INFO] Downloaded from central: https://repo.maven.apache.org/maven2/org/slf4j/slf4j-parent/1.6.6/slf4j-parent-1.6.6.pom (13 kB at 421 kB/s)
Test local apiserver	UNKNOWN STEP	2026-01-08T12:45:50.1231429Z [INFO] Downloading from central: https://repo.maven.apache.org/maven2/commons-codec/commons-codec/1.10/commons-codec-1.10.pom
Test local apiserver	UNKNOWN STEP	2026-01-08T12:45:50.1572514Z [INFO] Downloaded from central: https://repo.maven.apache.org/maven2/commons-codec/commons-codec/1.10/commons-codec-1.10.pom (12 kB at 341 kB/s)
Test local apiserver	UNKNOWN STEP	2026-01-08T12:45:50.1594508Z [INFO] Downloading from central: https://repo.maven.apache.org/maven2/org/apache/commons/commons-parent/35/commons-parent-35.pom
Test local apiserver	UNKNOWN STEP	2026-01-08T12:45:50.1954096Z [INFO] Downloaded from central: https://repo.maven.apache.org/maven2/org/apache/commons/commons-parent/35/commons-parent-35.pom (58 kB at 1.6 MB/s)
Test local apiserver	UNKNOWN STEP	2026-01-08T12:45:50.1984384Z [INFO] Downloading from central: https://repo.maven.apache.org/maven2/org/apache/apache/15/apache-15.pom
Test local apiserver	UNKNOWN STEP	2026-01-08T12:45:50.2331976Z [INFO] Downloaded from central: https://repo.maven.apache.org/maven2/org/apache/apache/15/apache-15.pom (15 kB at 448 kB/s)
Test local apiserver	UNKNOWN STEP	2026-01-08T12:45:50.2366466Z [INFO] Downloading from central: https://repo.maven.apache.org/maven2/org/apache/httpcomponents/httpclient/4.5.3/httpclient-4.5.3.pom
Test local apiserver	UNKNOWN STEP	2026-01-08T12:45:50.2716128Z [INFO] Downloaded from central: https://repo.maven.apache.org/maven2/org/apache/httpcomponents/httpclient/4.5.3/httpclient-4.5.3.pom (6.4 kB at 183 kB/s)
Test local apiserver	UNKNOWN STEP	2026-01-08T12:45:50.2735811Z [INFO] Downloading from central: https://repo.maven.apache.org/maven2/org/apache/httpcomponents/httpcomponents-client/4.5.3/httpcomponents-client-4.5.3.pom
Test local apiserver	UNKNOWN STEP	2026-01-08T12:45:50.3033396Z [INFO] Downloaded from central: https://repo.maven.apache.org/maven2/org/apache/httpcomponents/httpcomponents-client/4.5.3/httpcomponents-client-4.5.3.pom (16 kB at 522 kB/s)
Test local apiserver	UNKNOWN STEP	2026-01-08T12:45:50.3051793Z [INFO] Downloading from central: https://repo.maven.apache.org/maven2/org/apache/httpcomponents/project/7/project-7.pom
Test local apiserver	UNKNOWN STEP	2026-01-08T12:45:50.3371521Z [INFO] Downloaded from central: https://repo.maven.apache.org/maven2/org/apache/httpcomponents/project/7/project-7.pom (27 kB at 851 kB/s)
Test local apiserver	UNKNOWN STEP	2026-01-08T12:45:50.3414662Z [INFO] Downloading from central: https://repo.maven.apache.org/maven2/org/apache/httpcomponents/httpcore/4.4.6/httpcore-4.4.6.pom
Test local apiserver	UNKNOWN STEP	2026-01-08T12:45:50.3710314Z [INFO] Downloaded from central: https://repo.maven.apache.org/maven2/org/apache/httpcomponents/httpcore/4.4.6/httpcore-4.4.6.pom (5.1 kB at 176 kB/s)
Test local apiserver	UNKNOWN STEP	2026-01-08T12:45:50.3731833Z [INFO] Downloading from central: https://repo.maven.apache.org/maven2/org/apache/httpcomponents/httpcomponents-core/4.4.6/httpcomponents-core-4.4.6.pom
Test local apiserver	UNKNOWN STEP	2026-01-08T12:45:50.4041945Z [INFO] Downloaded from central: https://repo.maven.apache.org/maven2/org/apache/httpcomponents/httpcomponents-core/4.4.6/httpcomponents-core-4.4.6.pom (13 kB at 434 kB/s)
Test local apiserver	UNKNOWN STEP	2026-01-08T12:45:50.4090197Z [INFO] Downloading from central: https://repo.maven.apache.org/maven2/commons-codec/commons-codec/1.9/commons-codec-1.9.pom
Test local apiserver	UNKNOWN STEP	2026-01-08T12:45:50.4360863Z [INFO] Downloaded from central: https://repo.maven.apache.org/maven2/commons-codec/commons-codec/1.9/commons-codec-1.9.pom (12 kB at 428 kB/s)
Test local apiserver	UNKNOWN STEP	2026-01-08T12:45:50.4386144Z [INFO] Downloading from central: https://repo.maven.apache.org/maven2/org/apache/commons/commons-parent/32/commons-parent-32.pom
Test local apiserver	UNKNOWN STEP	2026-01-08T12:45:50.4823441Z [INFO] Downloaded from central: https://repo.maven.apache.org/maven2/org/apache/commons/commons-parent/32/commons-parent-32.pom (53 kB at 1.2 MB/s)
Test local apiserver	UNKNOWN STEP	2026-01-08T12:45:50.4869035Z [INFO] Downloading from central: https://repo.maven.apache.org/maven2/org/slf4j/jcl-over-slf4j/1.7.4/jcl-over-slf4j-1.7.4.pom
Test local apiserver	UNKNOWN STEP	2026-01-08T12:45:50.5188785Z [INFO] Downloaded from central: https://repo.maven.apache.org/maven2/org/slf4j/jcl-over-slf4j/1.7.4/jcl-over-slf4j-1.7.4.pom (1.9 kB at 58 kB/s)
Test local apiserver	UNKNOWN STEP	2026-01-08T12:45:50.5207120Z [INFO] Downloading from central: https://repo.maven.apache.org/maven2/org/slf4j/slf4j-parent/1.7.4/slf4j-parent-1.7.4.pom
Test local apiserver	UNKNOWN STEP	2026-01-08T12:45:50.5492288Z [INFO] Downloaded from central: https://repo.maven.apache.org/maven2/org/slf4j/slf4j-parent/1.7.4/slf4j-parent-1.7.4.pom (12 kB at 407 kB/s)
Test local apiserver	UNKNOWN STEP	2026-01-08T12:45:50.5525979Z [INFO] Downloading from central: https://repo.maven.apache.org/maven2/org/slf4j/slf4j-api/1.7.4/slf4j-api-1.7.4.pom
Test local apiserver	UNKNOWN STEP	2026-01-08T12:45:50.5825754Z [INFO] Downloaded from central: https://repo.maven.apache.org/maven2/org/slf4j/slf4j-api/1.7.4/slf4j-api-1.7.4.pom (2.7 kB at 90 kB/s)
Test local apiserver	UNKNOWN STEP	2026-01-08T12:45:50.5860919Z [INFO] Downloading from central: https://repo.maven.apache.org/maven2/org/slf4j/jcl-over-slf4j/1.7.36/jcl-over-slf4j-1.7.36.pom
Test local apiserver	UNKNOWN STEP	2026-01-08T12:45:50.6096349Z [ERROR] Error executing Maven.
Test local apiserver	UNKNOWN STEP	2026-01-08T12:45:50.6098699Z [ERROR] Extension org.apache.maven.extensions:maven-build-cache-extension:1.2.0 or one of its dependencies could not be resolved: Plugin org.apache.maven.extensions:maven-build-cache-extension:1.2.0 or one of its dependencies could not be resolved:
Test local apiserver	UNKNOWN STEP	2026-01-08T12:45:50.6100795Z 	Failed to read artifact descriptor for org.slf4j:jcl-over-slf4j:jar:1.7.36
Test local apiserver	UNKNOWN STEP	2026-01-08T12:45:50.6102433Z 
Test local apiserver	UNKNOWN STEP	2026-01-08T12:45:50.6108769Z [ERROR] Caused by: Plugin org.apache.maven.extensions:maven-build-cache-extension:1.2.0 or one of its dependencies could not be resolved:
Test local apiserver	UNKNOWN STEP	2026-01-08T12:45:50.6110029Z 	Failed to read artifact descriptor for org.slf4j:jcl-over-slf4j:jar:1.7.36
Test local apiserver	UNKNOWN STEP	2026-01-08T12:45:50.6110617Z 
Test local apiserver	UNKNOWN STEP	2026-01-08T12:45:50.6368960Z ##[error]Process completed with exit code 1.
Test local apiserver	UNKNOWN STEP	2026-01-08T12:45:50.6432431Z Post job cleanup.
Test local apiserver	UNKNOWN STEP	2026-01-08T12:45:50.6499901Z Post job cleanup.
Test local apiserver	UNKNOWN STEP	2026-01-08T12:45:50.8265269Z Post job cleanup.
Test local apiserver	UNKNOWN STEP	2026-01-08T12:45:50.9061184Z [command]/usr/bin/git version
Test local apiserver	UNKNOWN STEP	2026-01-08T12:45:50.9104414Z git version 2.52.0
Test local apiserver	UNKNOWN STEP	2026-01-08T12:45:50.9157847Z Temporarily overriding HOME='/home/runner/work/_temp/fd55555f-eac5-4485-859a-a2da8ac356b3' before making global git config changes
Test local apiserver	UNKNOWN STEP	2026-01-08T12:45:50.9159051Z Adding repository directory to the temporary git global config as a safe directory
Test local apiserver	UNKNOWN STEP	2026-01-08T12:45:50.9165801Z [command]/usr/bin/git config --global --add safe.directory /home/runner/work/keycloak/keycloak
Test local apiserver	UNKNOWN STEP	2026-01-08T12:45:50.9208664Z [command]/usr/bin/git config --local --name-only --get-regexp core\.sshCommand
Test local apiserver	UNKNOWN STEP	2026-01-08T12:45:50.9271622Z [command]/usr/bin/git submodule foreach --recursive sh -c "git config --local --name-only --get-regexp 'core\.sshCommand' && git config --local --unset-all 'core.sshCommand' || :"
Test local apiserver	UNKNOWN STEP	2026-01-08T12:45:50.9537235Z [command]/usr/bin/git config --local --name-only --get-regexp http\.https\:\/\/github\.com\/\.extraheader
Test local apiserver	UNKNOWN STEP	2026-01-08T12:45:50.9560621Z http.https://github.com/.extraheader
Test local apiserver	UNKNOWN STEP	2026-01-08T12:45:50.9570681Z [command]/usr/bin/git config --local --unset-all http.https://github.com/.extraheader
Test local apiserver	UNKNOWN STEP	2026-01-08T12:45:50.9601048Z [command]/usr/bin/git submodule foreach --recursive sh -c "git config --local --name-only --get-regexp 'http\.https\:\/\/github\.com\/\.extraheader' && git config --local --unset-all 'http.https://github.com/.extraheader' || :"
Test local apiserver	UNKNOWN STEP	2026-01-08T12:45:50.9952632Z Cleaning up orphan processes
Status Check - Keycloak Operator CI	UNKNOWN STEP	ï»¿2026-01-08T13:14:19.8766207Z Current runner version: '2.330.0'
Status Check - Keycloak Operator CI	UNKNOWN STEP	2026-01-08T13:14:19.8801707Z ##[group]Runner Image Provisioner
Status Check - Keycloak Operator CI	UNKNOWN STEP	2026-01-08T13:14:19.8802971Z Hosted Compute Agent
Status Check - Keycloak Operator CI	UNKNOWN STEP	2026-01-08T13:14:19.8803837Z Version: 20251211.462
Status Check - Keycloak Operator CI	UNKNOWN STEP	2026-01-08T13:14:19.8804946Z Commit: 6cbad8c2bb55d58165063d031ccabf57e2d2db61
Status Check - Keycloak Operator CI	UNKNOWN STEP	2026-01-08T13:14:19.8806080Z Build Date: 2025-12-11T16:28:49Z
Status Check - Keycloak Operator CI	UNKNOWN STEP	2026-01-08T13:14:19.8807156Z Worker ID: {f01fe536-821b-4891-8256-72f4304d71d8}
Status Check - Keycloak Operator CI	UNKNOWN STEP	2026-01-08T13:14:19.8808474Z ##[endgroup]
Status Check - Keycloak Operator CI	UNKNOWN STEP	2026-01-08T13:14:19.8809778Z ##[group]Operating System
Status Check - Keycloak Operator CI	UNKNOWN STEP	2026-01-08T13:14:19.8810718Z Ubuntu
Status Check - Keycloak Operator CI	UNKNOWN STEP	2026-01-08T13:14:19.8811564Z 24.04.3
Status Check - Keycloak Operator CI	UNKNOWN STEP	2026-01-08T13:14:19.8812216Z LTS
Status Check - Keycloak Operator CI	UNKNOWN STEP	2026-01-08T13:14:19.8812826Z ##[endgroup]
Status Check - Keycloak Operator CI	UNKNOWN STEP	2026-01-08T13:14:19.8813701Z ##[group]Runner Image
Status Check - Keycloak Operator CI	UNKNOWN STEP	2026-01-08T13:14:19.8814466Z Image: ubuntu-24.04
Status Check - Keycloak Operator CI	UNKNOWN STEP	2026-01-08T13:14:19.8815315Z Version: 20260105.202.1
Status Check - Keycloak Operator CI	UNKNOWN STEP	2026-01-08T13:14:19.8817268Z Included Software: https://github.com/actions/runner-images/blob/ubuntu24/20260105.202/images/ubuntu/Ubuntu2404-Readme.md
Status Check - Keycloak Operator CI	UNKNOWN STEP	2026-01-08T13:14:19.8820212Z Image Release: https://github.com/actions/runner-images/releases/tag/ubuntu24%2F20260105.202
Status Check - Keycloak Operator CI	UNKNOWN STEP	2026-01-08T13:14:19.8822105Z ##[endgroup]
Status Check - Keycloak Operator CI	UNKNOWN STEP	2026-01-08T13:14:19.8823788Z ##[group]GITHUB_TOKEN Permissions
Status Check - Keycloak Operator CI	UNKNOWN STEP	2026-01-08T13:14:19.8826831Z Contents: read
Status Check - Keycloak Operator CI	UNKNOWN STEP	2026-01-08T13:14:19.8827741Z Metadata: read
Status Check - Keycloak Operator CI	UNKNOWN STEP	2026-01-08T13:14:19.8828449Z ##[endgroup]
Status Check - Keycloak Operator CI	UNKNOWN STEP	2026-01-08T13:14:19.8831775Z Secret source: None
Status Check - Keycloak Operator CI	UNKNOWN STEP	2026-01-08T13:14:19.8833551Z Prepare workflow directory
Status Check - Keycloak Operator CI	UNKNOWN STEP	2026-01-08T13:14:19.9417973Z Prepare all required actions
Status Check - Keycloak Operator CI	UNKNOWN STEP	2026-01-08T13:14:19.9473201Z Getting action download info
Status Check - Keycloak Operator CI	UNKNOWN STEP	2026-01-08T13:14:20.2589096Z Download action repository 'actions/checkout@08c6903cd8c0fde910a37f88322edcfb5dd907a8' (SHA:08c6903cd8c0fde910a37f88322edcfb5dd907a8)
Status Check - Keycloak Operator CI	UNKNOWN STEP	2026-01-08T13:14:20.4743884Z Complete job name: Status Check - Keycloak Operator CI
Status Check - Keycloak Operator CI	UNKNOWN STEP	2026-01-08T13:14:20.5560680Z ##[group]Run actions/checkout@08c6903cd8c0fde910a37f88322edcfb5dd907a8
Status Check - Keycloak Operator CI	UNKNOWN STEP	2026-01-08T13:14:20.5562496Z with:
Status Check - Keycloak Operator CI	UNKNOWN STEP	2026-01-08T13:14:20.5563177Z   repository: keycloak/keycloak
Status Check - Keycloak Operator CI	UNKNOWN STEP	2026-01-08T13:14:20.5564340Z   token: ***
Status Check - Keycloak Operator CI	UNKNOWN STEP	2026-01-08T13:14:20.5565017Z   ssh-strict: true
Status Check - Keycloak Operator CI	UNKNOWN STEP	2026-01-08T13:14:20.5565687Z   ssh-user: git
Status Check - Keycloak Operator CI	UNKNOWN STEP	2026-01-08T13:14:20.5566362Z   persist-credentials: true
Status Check - Keycloak Operator CI	UNKNOWN STEP	2026-01-08T13:14:20.5567122Z   clean: true
Status Check - Keycloak Operator CI	UNKNOWN STEP	2026-01-08T13:14:20.5567802Z   sparse-checkout-cone-mode: true
Status Check - Keycloak Operator CI	UNKNOWN STEP	2026-01-08T13:14:20.5568609Z   fetch-depth: 1
Status Check - Keycloak Operator CI	UNKNOWN STEP	2026-01-08T13:14:20.5569461Z   fetch-tags: false
Status Check - Keycloak Operator CI	UNKNOWN STEP	2026-01-08T13:14:20.5570034Z   show-progress: true
Status Check - Keycloak Operator CI	UNKNOWN STEP	2026-01-08T13:14:20.5570880Z   lfs: false
Status Check - Keycloak Operator CI	UNKNOWN STEP	2026-01-08T13:14:20.5571358Z   submodules: false
Status Check - Keycloak Operator CI	UNKNOWN STEP	2026-01-08T13:14:20.5572258Z   set-safe-directory: true
Status Check - Keycloak Operator CI	UNKNOWN STEP	2026-01-08T13:14:20.5573566Z env:
Status Check - Keycloak Operator CI	UNKNOWN STEP	2026-01-08T13:14:20.5574523Z   MAVEN_ARGS: -B -nsu -Daether.connector.http.connectionMaxTtl=25
Status Check - Keycloak Operator CI	UNKNOWN STEP	2026-01-08T13:14:20.5575695Z   MINIKUBE_VERSION: v1.37.0
Status Check - Keycloak Operator CI	UNKNOWN STEP	2026-01-08T13:14:20.5576572Z   KUBERNETES_VERSION: v1.32.9
Status Check - Keycloak Operator CI	UNKNOWN STEP	2026-01-08T13:14:20.5577383Z   MINIKUBE_MEMORY: 4096
Status Check - Keycloak Operator CI	UNKNOWN STEP	2026-01-08T13:14:20.5578113Z ##[endgroup]
Status Check - Keycloak Operator CI	UNKNOWN STEP	2026-01-08T13:14:20.6651371Z Syncing repository: keycloak/keycloak
Status Check - Keycloak Operator CI	UNKNOWN STEP	2026-01-08T13:14:20.6653438Z ##[group]Getting Git version info
Status Check - Keycloak Operator CI	UNKNOWN STEP	2026-01-08T13:14:20.6654336Z Working directory is '/home/runner/work/keycloak/keycloak'
Status Check - Keycloak Operator CI	UNKNOWN STEP	2026-01-08T13:14:20.6655472Z [command]/usr/bin/git version
Status Check - Keycloak Operator CI	UNKNOWN STEP	2026-01-08T13:14:20.9587260Z git version 2.52.0
Status Check - Keycloak Operator CI	UNKNOWN STEP	2026-01-08T13:14:20.9610017Z ##[endgroup]
Status Check - Keycloak Operator CI	UNKNOWN STEP	2026-01-08T13:14:20.9627167Z Temporarily overriding HOME='/home/runner/work/_temp/9bc5d9af-c614-4efc-97a6-aa96c3329c1b' before making global git config changes
Status Check - Keycloak Operator CI	UNKNOWN STEP	2026-01-08T13:14:20.9628666Z Adding repository directory to the temporary git global config as a safe directory
Status Check - Keycloak Operator CI	UNKNOWN STEP	2026-01-08T13:14:20.9632569Z [command]/usr/bin/git config --global --add safe.directory /home/runner/work/keycloak/keycloak
Status Check - Keycloak Operator CI	UNKNOWN STEP	2026-01-08T13:14:20.9677842Z Deleting the contents of '/home/runner/work/keycloak/keycloak'
Status Check - Keycloak Operator CI	UNKNOWN STEP	2026-01-08T13:14:20.9681646Z ##[group]Initializing the repository
Status Check - Keycloak Operator CI	UNKNOWN STEP	2026-01-08T13:14:20.9687168Z [command]/usr/bin/git init /home/runner/work/keycloak/keycloak
Status Check - Keycloak Operator CI	UNKNOWN STEP	2026-01-08T13:14:20.9821148Z hint: Using 'master' as the name for the initial branch. This default branch name
Status Check - Keycloak Operator CI	UNKNOWN STEP	2026-01-08T13:14:20.9822739Z hint: will change to "main" in Git 3.0. To configure the initial branch name
Status Check - Keycloak Operator CI	UNKNOWN STEP	2026-01-08T13:14:20.9824707Z hint: to use in all of your new repositories, which will suppress this warning,
Status Check - Keycloak Operator CI	UNKNOWN STEP	2026-01-08T13:14:20.9826065Z hint: call:
Status Check - Keycloak Operator CI	UNKNOWN STEP	2026-01-08T13:14:20.9826831Z hint:
Status Check - Keycloak Operator CI	UNKNOWN STEP	2026-01-08T13:14:20.9827769Z hint: 	git config --global init.defaultBranch <name>
Status Check - Keycloak Operator CI	UNKNOWN STEP	2026-01-08T13:14:20.9829203Z hint:
Status Check - Keycloak Operator CI	UNKNOWN STEP	2026-01-08T13:14:20.9830412Z hint: Names commonly chosen instead of 'master' are 'main', 'trunk' and
Status Check - Keycloak Operator CI	UNKNOWN STEP	2026-01-08T13:14:20.9832226Z hint: 'development'. The just-created branch can be renamed via this command:
Status Check - Keycloak Operator CI	UNKNOWN STEP	2026-01-08T13:14:20.9833620Z hint:
Status Check - Keycloak Operator CI	UNKNOWN STEP	2026-01-08T13:14:20.9834353Z hint: 	git branch -m <name>
Status Check - Keycloak Operator CI	UNKNOWN STEP	2026-01-08T13:14:20.9835180Z hint:
Status Check - Keycloak Operator CI	UNKNOWN STEP	2026-01-08T13:14:20.9836291Z hint: Disable this message with "git config set advice.defaultBranchName false"
Status Check - Keycloak Operator CI	UNKNOWN STEP	2026-01-08T13:14:20.9838484Z Initialized empty Git repository in /home/runner/work/keycloak/keycloak/.git/
Status Check - Keycloak Operator CI	UNKNOWN STEP	2026-01-08T13:14:20.9841957Z [command]/usr/bin/git remote add origin https://github.com/keycloak/keycloak
Status Check - Keycloak Operator CI	UNKNOWN STEP	2026-01-08T13:14:20.9879065Z ##[endgroup]
Status Check - Keycloak Operator CI	UNKNOWN STEP	2026-01-08T13:14:20.9880406Z ##[group]Disabling automatic garbage collection
Status Check - Keycloak Operator CI	UNKNOWN STEP	2026-01-08T13:14:20.9883703Z [command]/usr/bin/git config --local gc.auto 0
Status Check - Keycloak Operator CI	UNKNOWN STEP	2026-01-08T13:14:20.9912149Z ##[endgroup]
Status Check - Keycloak Operator CI	UNKNOWN STEP	2026-01-08T13:14:20.9913508Z ##[group]Setting up auth
Status Check - Keycloak Operator CI	UNKNOWN STEP	2026-01-08T13:14:20.9919689Z [command]/usr/bin/git config --local --name-only --get-regexp core\.sshCommand
Status Check - Keycloak Operator CI	UNKNOWN STEP	2026-01-08T13:14:20.9951746Z [command]/usr/bin/git submodule foreach --recursive sh -c "git config --local --name-only --get-regexp 'core\.sshCommand' && git config --local --unset-all 'core.sshCommand' || :"
Status Check - Keycloak Operator CI	UNKNOWN STEP	2026-01-08T13:14:21.0344037Z [command]/usr/bin/git config --local --name-only --get-regexp http\.https\:\/\/github\.com\/\.extraheader
Status Check - Keycloak Operator CI	UNKNOWN STEP	2026-01-08T13:14:21.0377340Z [command]/usr/bin/git submodule foreach --recursive sh -c "git config --local --name-only --get-regexp 'http\.https\:\/\/github\.com\/\.extraheader' && git config --local --unset-all 'http.https://github.com/.extraheader' || :"
Status Check - Keycloak Operator CI	UNKNOWN STEP	2026-01-08T13:14:21.0603599Z [command]/usr/bin/git config --local http.https://github.com/.extraheader AUTHORIZATION: basic ***
Status Check - Keycloak Operator CI	UNKNOWN STEP	2026-01-08T13:14:21.0640318Z ##[endgroup]
Status Check - Keycloak Operator CI	UNKNOWN STEP	2026-01-08T13:14:21.0641907Z ##[group]Fetching the repository
Status Check - Keycloak Operator CI	UNKNOWN STEP	2026-01-08T13:14:21.0651268Z [command]/usr/bin/git -c protocol.version=2 fetch --no-tags --prune --no-recurse-submodules --depth=1 origin +787a372fc987fd687fe7e5777b9da2e8a80a7533:refs/remotes/pull/45268/merge
Status Check - Keycloak Operator CI	UNKNOWN STEP	2026-01-08T13:14:24.1912911Z From https://github.com/keycloak/keycloak
Status Check - Keycloak Operator CI	UNKNOWN STEP	2026-01-08T13:14:24.1916837Z  * [new ref]         787a372fc987fd687fe7e5777b9da2e8a80a7533 -> pull/45268/merge
Status Check - Keycloak Operator CI	UNKNOWN STEP	2026-01-08T13:14:24.1951933Z ##[endgroup]
Status Check - Keycloak Operator CI	UNKNOWN STEP	2026-01-08T13:14:24.1953539Z ##[group]Determining the checkout info
Status Check - Keycloak Operator CI	UNKNOWN STEP	2026-01-08T13:14:24.1955378Z ##[endgroup]
Status Check - Keycloak Operator CI	UNKNOWN STEP	2026-01-08T13:14:24.1958359Z [command]/usr/bin/git sparse-checkout disable
Status Check - Keycloak Operator CI	UNKNOWN STEP	2026-01-08T13:14:24.2001424Z [command]/usr/bin/git config --local --unset-all extensions.worktreeConfig
Status Check - Keycloak Operator CI	UNKNOWN STEP	2026-01-08T13:14:24.2027903Z ##[group]Checking out the ref
Status Check - Keycloak Operator CI	UNKNOWN STEP	2026-01-08T13:14:24.2031134Z [command]/usr/bin/git checkout --progress --force refs/remotes/pull/45268/merge
Status Check - Keycloak Operator CI	UNKNOWN STEP	2026-01-08T13:14:25.0646297Z Note: switching to 'refs/remotes/pull/45268/merge'.
Status Check - Keycloak Operator CI	UNKNOWN STEP	2026-01-08T13:14:25.0646795Z 
Status Check - Keycloak Operator CI	UNKNOWN STEP	2026-01-08T13:14:25.0647155Z You are in 'detached HEAD' state. You can look around, make experimental
Status Check - Keycloak Operator CI	UNKNOWN STEP	2026-01-08T13:14:25.0647946Z changes and commit them, and you can discard any commits you make in this
Status Check - Keycloak Operator CI	UNKNOWN STEP	2026-01-08T13:14:25.0648750Z state without impacting any branches by switching back to a branch.
Status Check - Keycloak Operator CI	UNKNOWN STEP	2026-01-08T13:14:25.0649734Z 
Status Check - Keycloak Operator CI	UNKNOWN STEP	2026-01-08T13:14:25.0650075Z If you want to create a new branch to retain commits you create, you may
Status Check - Keycloak Operator CI	UNKNOWN STEP	2026-01-08T13:14:25.0650774Z do so (now or later) by using -c with the switch command. Example:
Status Check - Keycloak Operator CI	UNKNOWN STEP	2026-01-08T13:14:25.0651162Z 
Status Check - Keycloak Operator CI	UNKNOWN STEP	2026-01-08T13:14:25.0651401Z   git switch -c <new-branch-name>
Status Check - Keycloak Operator CI	UNKNOWN STEP	2026-01-08T13:14:25.0651682Z 
Status Check - Keycloak Operator CI	UNKNOWN STEP	2026-01-08T13:14:25.0651860Z Or undo this operation with:
Status Check - Keycloak Operator CI	UNKNOWN STEP	2026-01-08T13:14:25.0652118Z 
Status Check - Keycloak Operator CI	UNKNOWN STEP	2026-01-08T13:14:25.0652263Z   git switch -
Status Check - Keycloak Operator CI	UNKNOWN STEP	2026-01-08T13:14:25.0652506Z 
Status Check - Keycloak Operator CI	UNKNOWN STEP	2026-01-08T13:14:25.0652852Z Turn off this advice by setting config variable advice.detachedHead to false
Status Check - Keycloak Operator CI	UNKNOWN STEP	2026-01-08T13:14:25.0653778Z 
Status Check - Keycloak Operator CI	UNKNOWN STEP	2026-01-08T13:14:25.0654357Z HEAD is now at 787a372 Merge 928b106f396ae93eaac824bad106291e98775d98 into ee20ab886b553b56ccabe4e296cb86a028de5e5b
Status Check - Keycloak Operator CI	UNKNOWN STEP	2026-01-08T13:14:25.0684510Z ##[endgroup]
Status Check - Keycloak Operator CI	UNKNOWN STEP	2026-01-08T13:14:25.0725042Z [command]/usr/bin/git log -1 --format=%H
Status Check - Keycloak Operator CI	UNKNOWN STEP	2026-01-08T13:14:25.0750261Z 787a372fc987fd687fe7e5777b9da2e8a80a7533
Status Check - Keycloak Operator CI	UNKNOWN STEP	2026-01-08T13:14:25.0992993Z Prepare all required actions
Status Check - Keycloak Operator CI	UNKNOWN STEP	2026-01-08T13:14:25.1067845Z ##[group]Run ./.github/actions/status-check
Status Check - Keycloak Operator CI	UNKNOWN STEP	2026-01-08T13:14:25.1068179Z with:
Status Check - Keycloak Operator CI	UNKNOWN STEP	2026-01-08T13:14:25.1069220Z   jobs: {
Status Check - Keycloak Operator CI	UNKNOWN STEP	  "conditional": {
Status Check - Keycloak Operator CI	UNKNOWN STEP	    "result": "success",
Status Check - Keycloak Operator CI	UNKNOWN STEP	    "outputs": {
Status Check - Keycloak Operator CI	UNKNOWN STEP	      "operator": "true"
Status Check - Keycloak Operator CI	UNKNOWN STEP	    }
Status Check - Keycloak Operator CI	UNKNOWN STEP	  },
Status Check - Keycloak Operator CI	UNKNOWN STEP	  "build": {
Status Check - Keycloak Operator CI	UNKNOWN STEP	    "result": "success",
Status Check - Keycloak Operator CI	UNKNOWN STEP	    "outputs": {}
Status Check - Keycloak Operator CI	UNKNOWN STEP	  },
Status Check - Keycloak Operator CI	UNKNOWN STEP	  "test-local-apiserver": {
Status Check - Keycloak Operator CI	UNKNOWN STEP	    "result": "failure",
Status Check - Keycloak Operator CI	UNKNOWN STEP	    "outputs": {}
Status Check - Keycloak Operator CI	UNKNOWN STEP	  },
Status Check - Keycloak Operator CI	UNKNOWN STEP	  "test-remote": {
Status Check - Keycloak Operator CI	UNKNOWN STEP	    "result": "success",
Status Check - Keycloak Operator CI	UNKNOWN STEP	    "outputs": {}
Status Check - Keycloak Operator CI	UNKNOWN STEP	  },
Status Check - Keycloak Operator CI	UNKNOWN STEP	  "test-olm": {
Status Check - Keycloak Operator CI	UNKNOWN STEP	    "result": "success",
Status Check - Keycloak Operator CI	UNKNOWN STEP	    "outputs": {}
Status Check - Keycloak Operator CI	UNKNOWN STEP	  }
Status Check - Keycloak Operator CI	UNKNOWN STEP	}
Status Check - Keycloak Operator CI	UNKNOWN STEP	2026-01-08T13:14:25.1070162Z env:
Status Check - Keycloak Operator CI	UNKNOWN STEP	2026-01-08T13:14:25.1070472Z   MAVEN_ARGS: -B -nsu -Daether.connector.http.connectionMaxTtl=25
Status Check - Keycloak Operator CI	UNKNOWN STEP	2026-01-08T13:14:25.1070839Z   MINIKUBE_VERSION: v1.37.0
Status Check - Keycloak Operator CI	UNKNOWN STEP	2026-01-08T13:14:25.1071137Z   KUBERNETES_VERSION: v1.32.9
Status Check - Keycloak Operator CI	UNKNOWN STEP	2026-01-08T13:14:25.1071398Z   MINIKUBE_MEMORY: 4096
Status Check - Keycloak Operator CI	UNKNOWN STEP	2026-01-08T13:14:25.1071624Z ##[endgroup]
Status Check - Keycloak Operator CI	UNKNOWN STEP	2026-01-08T13:14:25.1175260Z ##[group]Run JOBS='{
Status Check - Keycloak Operator CI	UNKNOWN STEP	2026-01-08T13:14:25.1175586Z [36;1mJOBS='{[0m
Status Check - Keycloak Operator CI	UNKNOWN STEP	2026-01-08T13:14:25.1175881Z [36;1m  "conditional": {[0m
Status Check - Keycloak Operator CI	UNKNOWN STEP	2026-01-08T13:14:25.1176145Z [36;1m    "result": "success",[0m
Status Check - Keycloak Operator CI	UNKNOWN STEP	2026-01-08T13:14:25.1176422Z [36;1m    "outputs": {[0m
Status Check - Keycloak Operator CI	UNKNOWN STEP	2026-01-08T13:14:25.1176668Z [36;1m      "operator": "true"[0m
Status Check - Keycloak Operator CI	UNKNOWN STEP	2026-01-08T13:14:25.1176924Z [36;1m    }[0m
Status Check - Keycloak Operator CI	UNKNOWN STEP	2026-01-08T13:14:25.1177126Z [36;1m  },[0m
Status Check - Keycloak Operator CI	UNKNOWN STEP	2026-01-08T13:14:25.1177342Z [36;1m  "build": {[0m
Status Check - Keycloak Operator CI	UNKNOWN STEP	2026-01-08T13:14:25.1177567Z [36;1m    "result": "success",[0m
Status Check - Keycloak Operator CI	UNKNOWN STEP	2026-01-08T13:14:25.1177839Z [36;1m    "outputs": {}[0m
Status Check - Keycloak Operator CI	UNKNOWN STEP	2026-01-08T13:14:25.1178071Z [36;1m  },[0m
Status Check - Keycloak Operator CI	UNKNOWN STEP	2026-01-08T13:14:25.1178301Z [36;1m  "test-local-apiserver": {[0m
Status Check - Keycloak Operator CI	UNKNOWN STEP	2026-01-08T13:14:25.1178591Z [36;1m    "result": "failure",[0m
Status Check - Keycloak Operator CI	UNKNOWN STEP	2026-01-08T13:14:25.1179024Z [36;1m    "outputs": {}[0m
Status Check - Keycloak Operator CI	UNKNOWN STEP	2026-01-08T13:14:25.1179263Z [36;1m  },[0m
Status Check - Keycloak Operator CI	UNKNOWN STEP	2026-01-08T13:14:25.1179471Z [36;1m  "test-remote": {[0m
Status Check - Keycloak Operator CI	UNKNOWN STEP	2026-01-08T13:14:25.1179717Z [36;1m    "result": "success",[0m
Status Check - Keycloak Operator CI	UNKNOWN STEP	2026-01-08T13:14:25.1179969Z [36;1m    "outputs": {}[0m
Status Check - Keycloak Operator CI	UNKNOWN STEP	2026-01-08T13:14:25.1180195Z [36;1m  },[0m
Status Check - Keycloak Operator CI	UNKNOWN STEP	2026-01-08T13:14:25.1180405Z [36;1m  "test-olm": {[0m
Status Check - Keycloak Operator CI	UNKNOWN STEP	2026-01-08T13:14:25.1180643Z [36;1m    "result": "success",[0m
Status Check - Keycloak Operator CI	UNKNOWN STEP	2026-01-08T13:14:25.1180898Z [36;1m    "outputs": {}[0m
Status Check - Keycloak Operator CI	UNKNOWN STEP	2026-01-08T13:14:25.1181131Z [36;1m  }[0m
Status Check - Keycloak Operator CI	UNKNOWN STEP	2026-01-08T13:14:25.1181335Z [36;1m}'[0m
Status Check - Keycloak Operator CI	UNKNOWN STEP	2026-01-08T13:14:25.1181529Z [36;1m[0m
Status Check - Keycloak Operator CI	UNKNOWN STEP	2026-01-08T13:14:25.1181740Z [36;1mecho "Job status:"[0m
Status Check - Keycloak Operator CI	UNKNOWN STEP	2026-01-08T13:14:25.1182113Z [36;1mecho $JOBS | jq -r 'to_entries[] | " - \(.key): \(.value.result)"'[0m
Status Check - Keycloak Operator CI	UNKNOWN STEP	2026-01-08T13:14:25.1182465Z [36;1m[0m
Status Check - Keycloak Operator CI	UNKNOWN STEP	2026-01-08T13:14:25.1182737Z [36;1mfor i in $(echo $JOBS | jq -r 'to_entries[] | .value.result'); do[0m
Status Check - Keycloak Operator CI	UNKNOWN STEP	2026-01-08T13:14:25.1183140Z [36;1m  if [ "$i" != "success" ] && [ "$i" != "skipped" ]; then[0m
Status Check - Keycloak Operator CI	UNKNOWN STEP	2026-01-08T13:14:25.1183447Z [36;1m    echo ""[0m
Status Check - Keycloak Operator CI	UNKNOWN STEP	2026-01-08T13:14:25.1183684Z [36;1m    echo "Status check not okay!"[0m
Status Check - Keycloak Operator CI	UNKNOWN STEP	2026-01-08T13:14:25.1183957Z [36;1m    exit 1[0m
Status Check - Keycloak Operator CI	UNKNOWN STEP	2026-01-08T13:14:25.1184167Z [36;1m  fi[0m
Status Check - Keycloak Operator CI	UNKNOWN STEP	2026-01-08T13:14:25.1184370Z [36;1mdone[0m
Status Check - Keycloak Operator CI	UNKNOWN STEP	2026-01-08T13:14:25.1223114Z shell: /usr/bin/bash --noprofile --norc -e -o pipefail {0}
Status Check - Keycloak Operator CI	UNKNOWN STEP	2026-01-08T13:14:25.1223483Z env:
Status Check - Keycloak Operator CI	UNKNOWN STEP	2026-01-08T13:14:25.1223784Z   MAVEN_ARGS: -B -nsu -Daether.connector.http.connectionMaxTtl=25
Status Check - Keycloak Operator CI	UNKNOWN STEP	2026-01-08T13:14:25.1224141Z   MINIKUBE_VERSION: v1.37.0
Status Check - Keycloak Operator CI	UNKNOWN STEP	2026-01-08T13:14:25.1224399Z   KUBERNETES_VERSION: v1.32.9
Status Check - Keycloak Operator CI	UNKNOWN STEP	2026-01-08T13:14:25.1224651Z   MINIKUBE_MEMORY: 4096
Status Check - Keycloak Operator CI	UNKNOWN STEP	2026-01-08T13:14:25.1224883Z ##[endgroup]
Status Check - Keycloak Operator CI	UNKNOWN STEP	2026-01-08T13:14:25.1298987Z Job status:
Status Check - Keycloak Operator CI	UNKNOWN STEP	2026-01-08T13:14:25.1325212Z  - conditional: success
Status Check - Keycloak Operator CI	UNKNOWN STEP	2026-01-08T13:14:25.1325504Z  - build: success
Status Check - Keycloak Operator CI	UNKNOWN STEP	2026-01-08T13:14:25.1325765Z  - test-local-apiserver: failure
Status Check - Keycloak Operator CI	UNKNOWN STEP	2026-01-08T13:14:25.1326325Z  - test-remote: success
Status Check - Keycloak Operator CI	UNKNOWN STEP	2026-01-08T13:14:25.1326570Z  - test-olm: success
Status Check - Keycloak Operator CI	UNKNOWN STEP	2026-01-08T13:14:25.1359550Z 
Status Check - Keycloak Operator CI	UNKNOWN STEP	2026-01-08T13:14:25.1359724Z Status check not okay!
Status Check - Keycloak Operator CI	UNKNOWN STEP	2026-01-08T13:14:25.1372984Z ##[error]Process completed with exit code 1.
Status Check - Keycloak Operator CI	UNKNOWN STEP	2026-01-08T13:14:25.1498154Z Post job cleanup.
Status Check - Keycloak Operator CI	UNKNOWN STEP	2026-01-08T13:14:25.2340526Z [command]/usr/bin/git version
Status Check - Keycloak Operator CI	UNKNOWN STEP	2026-01-08T13:14:25.2408379Z git version 2.52.0
Status Check - Keycloak Operator CI	UNKNOWN STEP	2026-01-08T13:14:25.2447704Z Temporarily overriding HOME='/home/runner/work/_temp/c7168203-d359-49f2-838a-310e31f32803' before making global git config changes
Status Check - Keycloak Operator CI	UNKNOWN STEP	2026-01-08T13:14:25.2449280Z Adding repository directory to the temporary git global config as a safe directory
Status Check - Keycloak Operator CI	UNKNOWN STEP	2026-01-08T13:14:25.2454287Z [command]/usr/bin/git config --global --add safe.directory /home/runner/work/keycloak/keycloak
Status Check - Keycloak Operator CI	UNKNOWN STEP	2026-01-08T13:14:25.2490478Z [command]/usr/bin/git config --local --name-only --get-regexp core\.sshCommand
Status Check - Keycloak Operator CI	UNKNOWN STEP	2026-01-08T13:14:25.2521865Z [command]/usr/bin/git submodule foreach --recursive sh -c "git config --local --name-only --get-regexp 'core\.sshCommand' && git config --local --unset-all 'core.sshCommand' || :"
Status Check - Keycloak Operator CI	UNKNOWN STEP	2026-01-08T13:14:25.2781219Z [command]/usr/bin/git config --local --name-only --get-regexp http\.https\:\/\/github\.com\/\.extraheader
Status Check - Keycloak Operator CI	UNKNOWN STEP	2026-01-08T13:14:25.2805739Z http.https://github.com/.extraheader
Status Check - Keycloak Operator CI	UNKNOWN STEP	2026-01-08T13:14:25.2815152Z [command]/usr/bin/git config --local --unset-all http.https://github.com/.extraheader
Status Check - Keycloak Operator CI	UNKNOWN STEP	2026-01-08T13:14:25.2848047Z [command]/usr/bin/git submodule foreach --recursive sh -c "git config --local --name-only --get-regexp 'http\.https\:\/\/github\.com\/\.extraheader' && git config --local --unset-all 'http.https://github.com/.extraheader' || :"
Status Check - Keycloak Operator CI	UNKNOWN STEP	2026-01-08T13:14:25.3224460Z Cleaning up orphan processes
