Admin UI E2E (4, chrome)	Run Cypress	2024-10-21T09:36:01.1660598Z ##[group]Run cypress-io/github-action@v6
Admin UI E2E (4, chrome)	Run Cypress	2024-10-21T09:36:01.1660968Z with:
Admin UI E2E (4, chrome)	Run Cypress	2024-10-21T09:36:01.1661182Z   install: false
Admin UI E2E (4, chrome)	Run Cypress	2024-10-21T09:36:01.1661421Z   browser: chrome
Admin UI E2E (4, chrome)	Run Cypress	2024-10-21T09:36:01.1661682Z   wait-on: http://localhost:8080
Admin UI E2E (4, chrome)	Run Cypress	2024-10-21T09:36:01.1662025Z   working-directory: js/apps/admin-ui
Admin UI E2E (4, chrome)	Run Cypress	2024-10-21T09:36:01.1662345Z   record: false
Admin UI E2E (4, chrome)	Run Cypress	2024-10-21T09:36:01.1662593Z   publish-summary: true
Admin UI E2E (4, chrome)	Run Cypress	2024-10-21T09:36:01.1662860Z   component: false
Admin UI E2E (4, chrome)	Run Cypress	2024-10-21T09:36:01.1663087Z env:
Admin UI E2E (4, chrome)	Run Cypress	2024-10-21T09:36:01.1663433Z   MAVEN_ARGS: -B -nsu -Daether.connector.http.connectionMaxTtl=25
Admin UI E2E (4, chrome)	Run Cypress	2024-10-21T09:36:01.1663887Z   WORKSPACE: admin-ui
Admin UI E2E (4, chrome)	Run Cypress	2024-10-21T09:36:01.1664517Z   JAVA_HOME: /opt/hostedtoolcache/Java_Temurin-Hotspot_jdk/17.0.12-7/x64
Admin UI E2E (4, chrome)	Run Cypress	2024-10-21T09:36:01.1665131Z   JAVA_HOME_17_X64: /opt/hostedtoolcache/Java_Temurin-Hotspot_jdk/17.0.12-7/x64
Admin UI E2E (4, chrome)	Run Cypress	2024-10-21T09:36:01.1665655Z   CYPRESS_BASE_URL: http://localhost:8080/admin/
Admin UI E2E (4, chrome)	Run Cypress	2024-10-21T09:36:01.1666078Z   CYPRESS_KEYCLOAK_SERVER: http://localhost:8080
Admin UI E2E (4, chrome)	Run Cypress	2024-10-21T09:36:01.1666443Z   SPLIT: 5
Admin UI E2E (4, chrome)	Run Cypress	2024-10-21T09:36:01.1666697Z   SPLIT_INDEX: 3
Admin UI E2E (4, chrome)	Run Cypress	2024-10-21T09:36:01.1666928Z ##[endgroup]
Admin UI E2E (4, chrome)	Run Cypress	2024-10-21T09:36:01.4005368Z Skipping install because install parameter is false
Admin UI E2E (4, chrome)	Run Cypress	2024-10-21T09:36:01.4017856Z waiting on "http://localhost:8080" with timeout of 60 seconds
Admin UI E2E (4, chrome)	Run Cypress	2024-10-21T09:36:18.9213563Z It looks like this is your first time using Cypress: 13.6.6
Admin UI E2E (4, chrome)	Run Cypress	2024-10-21T09:36:18.9214383Z 
Admin UI E2E (4, chrome)	Run Cypress	2024-10-21T09:36:18.9238246Z [STARTED] Task without title.
Admin UI E2E (4, chrome)	Run Cypress	2024-10-21T09:36:20.6230146Z [SUCCESS] Task without title.
Admin UI E2E (4, chrome)	Run Cypress	2024-10-21T09:36:20.6234093Z 
Admin UI E2E (4, chrome)	Run Cypress	2024-10-21T09:36:20.6234457Z Opening Cypress...
Admin UI E2E (4, chrome)	Run Cypress	2024-10-21T09:36:21.2365904Z 
Admin UI E2E (4, chrome)	Run Cypress	2024-10-21T09:36:21.2368076Z DevTools listening on ws://127.0.0.1:44481/devtools/browser/7b1548ac-ee7c-41ab-99c2-ee68f5e8e0b6
Admin UI E2E (4, chrome)	Run Cypress	2024-10-21T09:36:21.8045941Z (node:2654) ExperimentalWarning: `--experimental-loader` may be removed in the future; instead use `register()`:
Admin UI E2E (4, chrome)	Run Cypress	2024-10-21T09:36:21.8048233Z --import 'data:text/javascript,import { register } from "node:module"; import { pathToFileURL } from "node:url"; register("file%3A///home/runner/.cache/Cypress/13.6.6/Cypress/resources/app/node_modules/ts-node/esm/transpile-only.mjs", pathToFileURL("./"));'
Admin UI E2E (4, chrome)	Run Cypress	2024-10-21T09:36:21.8050850Z (Use `node --trace-warnings ...` to show where the warning was created)
Admin UI E2E (4, chrome)	Run Cypress	2024-10-21T09:36:28.4874158Z cypress-split: there are 35 found specs
Admin UI E2E (4, chrome)	Run Cypress	2024-10-21T09:36:28.4875567Z cypress-split: chunk 4 of 5
Admin UI E2E (4, chrome)	Run Cypress	2024-10-21T09:36:28.4887790Z k  spec                                                   
Admin UI E2E (4, chrome)	Run Cypress	2024-10-21T09:36:28.4888719Z -  -------------------------------------------------------
Admin UI E2E (4, chrome)	Run Cypress	2024-10-21T09:36:28.4889600Z 1  cypress/e2e/realm_settings_events_test.spec.ts         
Admin UI E2E (4, chrome)	Run Cypress	2024-10-21T09:36:28.4891804Z 2  cypress/e2e/realm_settings_general_tab_test.spec.ts    
Admin UI E2E (4, chrome)	Run Cypress	2024-10-21T09:36:28.4892760Z 3  cypress/e2e/realm_settings_tabs_test.spec.ts           
Admin UI E2E (4, chrome)	Run Cypress	2024-10-21T09:36:28.4893681Z 4  cypress/e2e/realm_settings_user_profile_enabled.spec.ts
Admin UI E2E (4, chrome)	Run Cypress	2024-10-21T09:36:28.4894577Z 5  cypress/e2e/realm_test.spec.ts                         
Admin UI E2E (4, chrome)	Run Cypress	2024-10-21T09:36:28.4895484Z 6  cypress/e2e/realm_user_registration.spec.ts            
Admin UI E2E (4, chrome)	Run Cypress	2024-10-21T09:36:28.4896394Z 7  cypress/e2e/sessions_test.spec.ts                      
Admin UI E2E (4, chrome)	Run Cypress	2024-10-21T09:36:28.4896850Z 
Admin UI E2E (4, chrome)	Run Cypress	2024-10-21T09:36:29.1014743Z 
Admin UI E2E (4, chrome)	Run Cypress	2024-10-21T09:36:29.1325848Z [90m====================================================================================================[39m
Admin UI E2E (4, chrome)	Run Cypress	2024-10-21T09:36:29.1326527Z 
Admin UI E2E (4, chrome)	Run Cypress	2024-10-21T09:36:29.1327399Z [0m  ([4m[1mRun Starting[22m[24m)[0m
Admin UI E2E (4, chrome)	Run Cypress	2024-10-21T09:36:29.1328015Z 
Admin UI E2E (4, chrome)	Run Cypress	2024-10-21T09:36:29.1401759Z [90m  â”Œ[39m[90mâ”€[39m[90mâ”€[39m[90mâ”€[39m[90mâ”€[39m[90mâ”€[39m[90mâ”€[39m[90mâ”€[39m[90mâ”€[39m[90mâ”€[39m[90mâ”€[39m[90mâ”€[39m[90mâ”€[39m[90mâ”€[39m[90mâ”€[39m[90mâ”€[39m[90mâ”€[39m[90mâ”€[39m[90mâ”€[39m[90mâ”€[39m[90mâ”€[39m[90mâ”€[39m[90mâ”€[39m[90mâ”€[39m[90mâ”€[39m[90mâ”€[39m[90mâ”€[39m[90mâ”€[39m[90mâ”€[39m[90mâ”€[39m[90mâ”€[39m[90mâ”€[39m[90mâ”€[39m[90mâ”€[39m[90mâ”€[39m[90mâ”€[39m[90mâ”€[39m[90mâ”€[39m[90mâ”€[39m[90mâ”€[39m[90mâ”€[39m[90mâ”€[39m[90mâ”€[39m[90mâ”€[39m[90mâ”€[39m[90mâ”€[39m[90mâ”€[39m[90mâ”€[39m[90mâ”€[39m[90mâ”€[39m[90mâ”€[39m[90mâ”€[39m[90mâ”€[39m[90mâ”€[39m[90mâ”€[39m[90mâ”€[39m[90mâ”€[39m[90mâ”€[39m[90mâ”€[39m[90mâ”€[39m[90mâ”€[39m[90mâ”€[39m[90mâ”€[39m[90mâ”€[39m[90mâ”€[39m[90mâ”€[39m[90mâ”€[39m[90mâ”€[39m[90mâ”€[39m[90mâ”€[39m[90mâ”€[39m[90mâ”€[39m[90mâ”€[39m[90mâ”€[39m[90mâ”€[39m[90mâ”€[39m[90mâ”€[39m[90mâ”€[39m[90mâ”€[39m[90mâ”€[39m[90mâ”€[39m[90mâ”€[39m[90mâ”€[39m[90mâ”€[39m[90mâ”€[39m[90mâ”€[39m[90mâ”€[39m[90mâ”€[39m[90mâ”€[39m[90mâ”€[39m[90mâ”€[39m[90mâ”€[39m[90mâ”€[39m[90mâ”€[39m[90mâ”€[39m[90mâ”€[39m[90mâ”€[39m[90mâ”[39m
Admin UI E2E (4, chrome)	Run Cypress	2024-10-21T09:36:29.1409380Z [90m  â”‚[39m [90mCypress:[39m        13.6.6                                                                         [90mâ”‚[39m
Admin UI E2E (4, chrome)	Run Cypress	2024-10-21T09:36:29.1411649Z [90m  â”‚[39m [90mBrowser:[39m        Chrome 130 [90m(headless)[39m                                                          [90mâ”‚[39m
Admin UI E2E (4, chrome)	Run Cypress	2024-10-21T09:36:29.1413992Z [90m  â”‚[39m [90mNode Version:[39m   [0mv20.13.1 [90m(/home/runner/runners/2.320.0/externals/node20/bin/node)[39m[0m              [90mâ”‚[39m
Admin UI E2E (4, chrome)	Run Cypress	2024-10-21T09:36:29.1416420Z [90m  â”‚[39m [90mSpecs:[39m          [0m7 found (realm_settings_events_test.spec.ts, realm_settings_general_tab_test.s[0m [90mâ”‚[39m
Admin UI E2E (4, chrome)	Run Cypress	2024-10-21T09:36:29.1418623Z [90m  â”‚[39m                 [0mpec.ts, realm_settings_tabs_test.spec.ts, realm_settings_user_profile_enabled.[0m [90mâ”‚[39m
Admin UI E2E (4, chrome)	Run Cypress	2024-10-21T09:36:29.1420723Z [90m  â”‚[39m                 [0mspec.ts, realm_test.spec.ts, realm_user_registration.spec.ts, sessions_test.sp[0m [90mâ”‚[39m
Admin UI E2E (4, chrome)	Run Cypress	2024-10-21T09:36:29.1422576Z [90m  â”‚[39m                 [0mec.ts)[0m                                                                         [90mâ”‚[39m
Admin UI E2E (4, chrome)	Run Cypress	2024-10-21T09:36:29.1424646Z [90m  â”‚[39m [90mSearched:[39m       [0mcypress/e2e/realm_settings_events_test.spec.ts, cypress/e2e/realm_settings_gen[0m [90mâ”‚[39m
Admin UI E2E (4, chrome)	Run Cypress	2024-10-21T09:36:29.1426887Z [90m  â”‚[39m                 [0meral_tab_test.spec.ts, cypress/e2e/realm_settings_tabs_test.spec.ts, cypress/e[0m [90mâ”‚[39m
Admin UI E2E (4, chrome)	Run Cypress	2024-10-21T09:36:29.1428994Z [90m  â”‚[39m                 [0m2e/realm_settings_user_profile_enabled.spec.ts, cypress/e2e/realm_test.spec.ts[0m [90mâ”‚[39m
Admin UI E2E (4, chrome)	Run Cypress	2024-10-21T09:36:29.1431109Z [90m  â”‚[39m                 [0m, cypress/e2e/realm_user_registration.spec.ts, cypress/e2e/sessions_test.spec.[0m [90mâ”‚[39m
Admin UI E2E (4, chrome)	Run Cypress	2024-10-21T09:36:29.1432956Z [90m  â”‚[39m                 [0mts[0m                                                                             [90mâ”‚[39m
Admin UI E2E (4, chrome)	Run Cypress	2024-10-21T09:36:29.1434809Z [90m  â”‚[39m [90mExperiments:[39m    experimentalMemoryManagement=true                                              [90mâ”‚[39m
Admin UI E2E (4, chrome)	Run Cypress	2024-10-21T09:36:29.1444350Z [90m  â””[39m[90mâ”€[39m[90mâ”€[39m[90mâ”€[39m[90mâ”€[39m[90mâ”€[39m[90mâ”€[39m[90mâ”€[39m[90mâ”€[39m[90mâ”€[39m[90mâ”€[39m[90mâ”€[39m[90mâ”€[39m[90mâ”€[39m[90mâ”€[39m[90mâ”€[39m[90mâ”€[39m[90mâ”€[39m[90mâ”€[39m[90mâ”€[39m[90mâ”€[39m[90mâ”€[39m[90mâ”€[39m[90mâ”€[39m[90mâ”€[39m[90mâ”€[39m[90mâ”€[39m[90mâ”€[39m[90mâ”€[39m[90mâ”€[39m[90mâ”€[39m[90mâ”€[39m[90mâ”€[39m[90mâ”€[39m[90mâ”€[39m[90mâ”€[39m[90mâ”€[39m[90mâ”€[39m[90mâ”€[39m[90mâ”€[39m[90mâ”€[39m[90mâ”€[39m[90mâ”€[39m[90mâ”€[39m[90mâ”€[39m[90mâ”€[39m[90mâ”€[39m[90mâ”€[39m[90mâ”€[39m[90mâ”€[39m[90mâ”€[39m[90mâ”€[39m[90mâ”€[39m[90mâ”€[39m[90mâ”€[39m[90mâ”€[39m[90mâ”€[39m[90mâ”€[39m[90mâ”€[39m[90mâ”€[39m[90mâ”€[39m[90mâ”€[39m[90mâ”€[39m[90mâ”€[39m[90mâ”€[39m[90mâ”€[39m[90mâ”€[39m[90mâ”€[39m[90mâ”€[39m[90mâ”€[39m[90mâ”€[39m[90mâ”€[39m[90mâ”€[39m[90mâ”€[39m[90mâ”€[39m[90mâ”€[39m[90mâ”€[39m[90mâ”€[39m[90mâ”€[39m[90mâ”€[39m[90mâ”€[39m[90mâ”€[39m[90mâ”€[39m[90mâ”€[39m[90mâ”€[39m[90mâ”€[39m[90mâ”€[39m[90mâ”€[39m[90mâ”€[39m[90mâ”€[39m[90mâ”€[39m[90mâ”€[39m[90mâ”€[39m[90mâ”€[39m[90mâ”€[39m[90mâ”€[39m[90mâ”€[39m[90mâ”˜[39m
Admin UI E2E (4, chrome)	Run Cypress	2024-10-21T09:36:29.1450364Z 
Admin UI E2E (4, chrome)	Run Cypress	2024-10-21T09:36:29.1450386Z 
Admin UI E2E (4, chrome)	Run Cypress	2024-10-21T09:36:29.1458359Z [90mâ”€[39m[90mâ”€[39m[90mâ”€[39m[90mâ”€[39m[90mâ”€[39m[90mâ”€[39m[90mâ”€[39m[90mâ”€[39m[90mâ”€[39m[90mâ”€[39m[90mâ”€[39m[90mâ”€[39m[90mâ”€[39m[90mâ”€[39m[90mâ”€[39m[90mâ”€[39m[90mâ”€[39m[90mâ”€[39m[90mâ”€[39m[90mâ”€[39m[90mâ”€[39m[90mâ”€[39m[90mâ”€[39m[90mâ”€[39m[90mâ”€[39m[90mâ”€[39m[90mâ”€[39m[90mâ”€[39m[90mâ”€[39m[90mâ”€[39m[90mâ”€[39m[90mâ”€[39m[90mâ”€[39m[90mâ”€[39m[90mâ”€[39m[90mâ”€[39m[90mâ”€[39m[90mâ”€[39m[90mâ”€[39m[90mâ”€[39m[90mâ”€[39m[90mâ”€[39m[90mâ”€[39m[90mâ”€[39m[90mâ”€[39m[90mâ”€[39m[90mâ”€[39m[90mâ”€[39m[90mâ”€[39m[90mâ”€[39m[90mâ”€[39m[90mâ”€[39m[90mâ”€[39m[90mâ”€[39m[90mâ”€[39m[90mâ”€[39m[90mâ”€[39m[90mâ”€[39m[90mâ”€[39m[90mâ”€[39m[90mâ”€[39m[90mâ”€[39m[90mâ”€[39m[90mâ”€[39m[90mâ”€[39m[90mâ”€[39m[90mâ”€[39m[90mâ”€[39m[90mâ”€[39m[90mâ”€[39m[90mâ”€[39m[90mâ”€[39m[90mâ”€[39m[90mâ”€[39m[90mâ”€[39m[90mâ”€[39m[90mâ”€[39m[90mâ”€[39m[90mâ”€[39m[90mâ”€[39m[90mâ”€[39m[90mâ”€[39m[90mâ”€[39m[90mâ”€[39m[90mâ”€[39m[90mâ”€[39m[90mâ”€[39m[90mâ”€[39m[90mâ”€[39m[90mâ”€[39m[90mâ”€[39m[90mâ”€[39m[90mâ”€[39m[90mâ”€[39m[90mâ”€[39m[90mâ”€[39m[90mâ”€[39m[90mâ”€[39m[90mâ”€[39m[90mâ”€[39m
Admin UI E2E (4, chrome)	Run Cypress	2024-10-21T09:36:29.1465353Z                                                                                                     
Admin UI E2E (4, chrome)	Run Cypress	2024-10-21T09:36:29.1466871Z   Running:  [90mrealm_settings_events_test.spec.ts[39m                                              [90m(1 of 7)[39m
Admin UI E2E (4, chrome)	Run Cypress	2024-10-21T09:36:40.9125940Z 
Admin UI E2E (4, chrome)	Run Cypress	2024-10-21T09:36:40.9131796Z [0m[0m
Admin UI E2E (4, chrome)	Run Cypress	2024-10-21T09:36:40.9180946Z [0m  Realm settings events tab tests[0m
Admin UI E2E (4, chrome)	Run Cypress	2024-10-21T09:36:53.7733260Z   [32m  âœ“[0m[90m Enable user events[0m[90m (12792ms)[0m
Admin UI E2E (4, chrome)	Run Cypress	2024-10-21T09:36:55.9143026Z   [32m  âœ“[0m[90m Go to keys tab[0m[90m (2082ms)[0m
Admin UI E2E (4, chrome)	Run Cypress	2024-10-21T09:37:15.7734351Z   [32m  âœ“[0m[90m add Providers[0m[90m (19801ms)[0m
Admin UI E2E (4, chrome)	Run Cypress	2024-10-21T09:37:18.4667892Z   [32m  âœ“[0m[90m search providers[0m[90m (2607ms)[0m
Admin UI E2E (4, chrome)	Run Cypress	2024-10-21T09:37:23.5153774Z   [32m  âœ“[0m[90m go to details[0m[90m (4969ms)[0m
Admin UI E2E (4, chrome)	Run Cypress	2024-10-21T09:37:25.9739020Z   [32m  âœ“[0m[90m Test keys[0m[90m (2412ms)[0m
Admin UI E2E (4, chrome)	Run Cypress	2024-10-21T09:37:25.9888435Z   [36m  - Should search active keys[0m
Admin UI E2E (4, chrome)	Run Cypress	2024-10-21T09:37:28.4309065Z   [32m  âœ“[0m[90m Should search passive keys[0m[90m (2425ms)[0m
Admin UI E2E (4, chrome)	Run Cypress	2024-10-21T09:37:31.3825855Z   [32m  âœ“[0m[90m Should search disabled keys[0m[90m (2900ms)[0m
Admin UI E2E (4, chrome)	Run Cypress	2024-10-21T09:37:34.2486140Z   [32m  âœ“[0m[90m delete provider[0m[90m (2803ms)[0m
Admin UI E2E (4, chrome)	Run Cypress	2024-10-21T09:37:37.0077381Z   [32m  âœ“[0m[90m list keys[0m[90m (2692ms)[0m
Admin UI E2E (4, chrome)	Run Cypress	2024-10-21T09:37:39.6938065Z   [32m  âœ“[0m[90m Realm header settings[0m[90m (2598ms)[0m
Admin UI E2E (4, chrome)	Run Cypress	2024-10-21T09:37:42.2613949Z   [32m  âœ“[0m[90m Brute force detection[0m[90m (2530ms)[0m
Admin UI E2E (4, chrome)	Run Cypress	2024-10-21T09:37:47.3922389Z   [32m  âœ“[0m[90m add session data[0m[90m (5103ms)[0m
Admin UI E2E (4, chrome)	Run Cypress	2024-10-21T09:37:49.2414572Z   [32m  âœ“[0m[90m check that sessions data was saved[0m[90m (1821ms)[0m
Admin UI E2E (4, chrome)	Run Cypress	2024-10-21T09:37:54.4438246Z   [32m  âœ“[0m[90m add token data[0m[90m (5163ms)[0m
Admin UI E2E (4, chrome)	Run Cypress	2024-10-21T09:37:57.4548275Z   [32m  âœ“[0m[90m check that token data was saved[0m[90m (1722ms)[0m
Admin UI E2E (4, chrome)	Run Cypress	2024-10-21T09:37:57.4775072Z 
Admin UI E2E (4, chrome)	Run Cypress	2024-10-21T09:37:57.4783660Z [0m  Realm settings events tab tests[0m
Admin UI E2E (4, chrome)	Run Cypress	2024-10-21T09:37:59.1309656Z   [32m  âœ“[0m[90m Should display event listeners form[0m[90m (1629ms)[0m
Admin UI E2E (4, chrome)	Run Cypress	2024-10-21T09:38:01.0810986Z   [32m  âœ“[0m[90m Should revert saving event listener[0m[90m (1925ms)[0m
Admin UI E2E (4, chrome)	Run Cypress	2024-10-21T09:38:03.1242270Z   [32m  âœ“[0m[90m Should save event listener[0m[90m (2018ms)[0m
Admin UI E2E (4, chrome)	Run Cypress	2024-10-21T09:38:04.8426041Z   [32m  âœ“[0m[90m Should remove event from event listener[0m[90m (1690ms)[0m
Admin UI E2E (4, chrome)	Run Cypress	2024-10-21T09:38:07.5535293Z   [32m  âœ“[0m[90m Should remove all events from event listener and re-save original[0m[90m (2665ms)[0m
Admin UI E2E (4, chrome)	Run Cypress	2024-10-21T09:38:07.5536637Z 
Admin UI E2E (4, chrome)	Run Cypress	2024-10-21T09:38:07.5727737Z 
Admin UI E2E (4, chrome)	Run Cypress	2024-10-21T09:38:07.5729696Z [92m [0m[32m 21 passing[0m[90m (1m)[0m
Admin UI E2E (4, chrome)	Run Cypress	2024-10-21T09:38:07.5730793Z [36m [0m[36m 1 pending[0m
Admin UI E2E (4, chrome)	Run Cypress	2024-10-21T09:38:07.5731327Z 
Admin UI E2E (4, chrome)	Run Cypress	2024-10-21T09:38:08.5929646Z 
Admin UI E2E (4, chrome)	Run Cypress	2024-10-21T09:38:08.5931095Z [32m  ([4m[1mResults[22m[24m)[39m
Admin UI E2E (4, chrome)	Run Cypress	2024-10-21T09:38:08.5948633Z 
Admin UI E2E (4, chrome)	Run Cypress	2024-10-21T09:38:08.5964565Z [90m  â”Œ[39m[90mâ”€[39m[90mâ”€[39m[90mâ”€[39m[90mâ”€[39m[90mâ”€[39m[90mâ”€[39m[90mâ”€[39m[90mâ”€[39m[90mâ”€[39m[90mâ”€[39m[90mâ”€[39m[90mâ”€[39m[90mâ”€[39m[90mâ”€[39m[90mâ”€[39m[90mâ”€[39m[90mâ”€[39m[90mâ”€[39m[90mâ”€[39m[90mâ”€[39m[90mâ”€[39m[90mâ”€[39m[90mâ”€[39m[90mâ”€[39m[90mâ”€[39m[90mâ”€[39m[90mâ”€[39m[90mâ”€[39m[90mâ”€[39m[90mâ”€[39m[90mâ”€[39m[90mâ”€[39m[90mâ”€[39m[90mâ”€[39m[90mâ”€[39m[90mâ”€[39m[90mâ”€[39m[90mâ”€[39m[90mâ”€[39m[90mâ”€[39m[90mâ”€[39m[90mâ”€[39m[90mâ”€[39m[90mâ”€[39m[90mâ”€[39m[90mâ”€[39m[90mâ”€[39m[90mâ”€[39m[90mâ”€[39m[90mâ”€[39m[90mâ”€[39m[90mâ”€[39m[90mâ”€[39m[90mâ”€[39m[90mâ”€[39m[90mâ”€[39m[90mâ”€[39m[90mâ”€[39m[90mâ”€[39m[90mâ”€[39m[90mâ”€[39m[90mâ”€[39m[90mâ”€[39m[90mâ”€[39m[90mâ”€[39m[90mâ”€[39m[90mâ”€[39m[90mâ”€[39m[90mâ”€[39m[90mâ”€[39m[90mâ”€[39m[90mâ”€[39m[90mâ”€[39m[90mâ”€[39m[90mâ”€[39m[90mâ”€[39m[90mâ”€[39m[90mâ”€[39m[90mâ”€[39m[90mâ”€[39m[90mâ”€[39m[90mâ”€[39m[90mâ”€[39m[90mâ”€[39m[90mâ”€[39m[90mâ”€[39m[90mâ”€[39m[90mâ”€[39m[90mâ”€[39m[90mâ”€[39m[90mâ”€[39m[90mâ”€[39m[90mâ”€[39m[90mâ”€[39m[90mâ”€[39m[90mâ”€[39m[90mâ”[39m
Admin UI E2E (4, chrome)	Run Cypress	2024-10-21T09:38:08.5969133Z [90m  â”‚[39m [90mTests:[39m        [32m22[39m                                                                               [90mâ”‚[39m
Admin UI E2E (4, chrome)	Run Cypress	2024-10-21T09:38:08.5970388Z [90m  â”‚[39m [90mPassing:[39m      [32m21[39m                                                                               [90mâ”‚[39m
Admin UI E2E (4, chrome)	Run Cypress	2024-10-21T09:38:08.5971339Z [90m  â”‚[39m [90mFailing:[39m      [32m0[39m                                                                                [90mâ”‚[39m
Admin UI E2E (4, chrome)	Run Cypress	2024-10-21T09:38:08.5972430Z [90m  â”‚[39m [90mPending:[39m      [32m1[39m                                                                                [90mâ”‚[39m
Admin UI E2E (4, chrome)	Run Cypress	2024-10-21T09:38:08.5973811Z [90m  â”‚[39m [90mSkipped:[39m      [32m0[39m                                                                                [90mâ”‚[39m
Admin UI E2E (4, chrome)	Run Cypress	2024-10-21T09:38:08.5975596Z [90m  â”‚[39m [90mScreenshots:[39m  [32m0[39m                                                                                [90mâ”‚[39m
Admin UI E2E (4, chrome)	Run Cypress	2024-10-21T09:38:08.5977378Z [90m  â”‚[39m [90mVideo:[39m        [32mfalse[39m                                                                            [90mâ”‚[39m
Admin UI E2E (4, chrome)	Run Cypress	2024-10-21T09:38:08.5979491Z [90m  â”‚[39m [90mDuration:[39m     [32m1 minute, 26 seconds[39m                                                             [90mâ”‚[39m
Admin UI E2E (4, chrome)	Run Cypress	2024-10-21T09:38:08.5981292Z [90m  â”‚[39m [90mSpec Ran:[39m     [32m[32mrealm_settings_events_test.spec.ts[32m[39m                                               [90mâ”‚[39m
Admin UI E2E (4, chrome)	Run Cypress	2024-10-21T09:38:08.5987874Z [90m  â””[39m[90mâ”€[39m[90mâ”€[39m[90mâ”€[39m[90mâ”€[39m[90mâ”€[39m[90mâ”€[39m[90mâ”€[39m[90mâ”€[39m[90mâ”€[39m[90mâ”€[39m[90mâ”€[39m[90mâ”€[39m[90mâ”€[39m[90mâ”€[39m[90mâ”€[39m[90mâ”€[39m[90mâ”€[39m[90mâ”€[39m[90mâ”€[39m[90mâ”€[39m[90mâ”€[39m[90mâ”€[39m[90mâ”€[39m[90mâ”€[39m[90mâ”€[39m[90mâ”€[39m[90mâ”€[39m[90mâ”€[39m[90mâ”€[39m[90mâ”€[39m[90mâ”€[39m[90mâ”€[39m[90mâ”€[39m[90mâ”€[39m[90mâ”€[39m[90mâ”€[39m[90mâ”€[39m[90mâ”€[39m[90mâ”€[39m[90mâ”€[39m[90mâ”€[39m[90mâ”€[39m[90mâ”€[39m[90mâ”€[39m[90mâ”€[39m[90mâ”€[39m[90mâ”€[39m[90mâ”€[39m[90mâ”€[39m[90mâ”€[39m[90mâ”€[39m[90mâ”€[39m[90mâ”€[39m[90mâ”€[39m[90mâ”€[39m[90mâ”€[39m[90mâ”€[39m[90mâ”€[39m[90mâ”€[39m[90mâ”€[39m[90mâ”€[39m[90mâ”€[39m[90mâ”€[39m[90mâ”€[39m[90mâ”€[39m[90mâ”€[39m[90mâ”€[39m[90mâ”€[39m[90mâ”€[39m[90mâ”€[39m[90mâ”€[39m[90mâ”€[39m[90mâ”€[39m[90mâ”€[39m[90mâ”€[39m[90mâ”€[39m[90mâ”€[39m[90mâ”€[39m[90mâ”€[39m[90mâ”€[39m[90mâ”€[39m[90mâ”€[39m[90mâ”€[39m[90mâ”€[39m[90mâ”€[39m[90mâ”€[39m[90mâ”€[39m[90mâ”€[39m[90mâ”€[39m[90mâ”€[39m[90mâ”€[39m[90mâ”€[39m[90mâ”€[39m[90mâ”€[39m[90mâ”€[39m[90mâ”€[39m[90mâ”˜[39m
Admin UI E2E (4, chrome)	Run Cypress	2024-10-21T09:38:08.5993018Z 
Admin UI E2E (4, chrome)	Run Cypress	2024-10-21T09:38:08.6334353Z 
Admin UI E2E (4, chrome)	Run Cypress	2024-10-21T09:38:08.6345737Z [90mâ”€[39m[90mâ”€[39m[90mâ”€[39m[90mâ”€[39m[90mâ”€[39m[90mâ”€[39m[90mâ”€[39m[90mâ”€[39m[90mâ”€[39m[90mâ”€[39m[90mâ”€[39m[90mâ”€[39m[90mâ”€[39m[90mâ”€[39m[90mâ”€[39m[90mâ”€[39m[90mâ”€[39m[90mâ”€[39m[90mâ”€[39m[90mâ”€[39m[90mâ”€[39m[90mâ”€[39m[90mâ”€[39m[90mâ”€[39m[90mâ”€[39m[90mâ”€[39m[90mâ”€[39m[90mâ”€[39m[90mâ”€[39m[90mâ”€[39m[90mâ”€[39m[90mâ”€[39m[90mâ”€[39m[90mâ”€[39m[90mâ”€[39m[90mâ”€[39m[90mâ”€[39m[90mâ”€[39m[90mâ”€[39m[90mâ”€[39m[90mâ”€[39m[90mâ”€[39m[90mâ”€[39m[90mâ”€[39m[90mâ”€[39m[90mâ”€[39m[90mâ”€[39m[90mâ”€[39m[90mâ”€[39m[90mâ”€[39m[90mâ”€[39m[90mâ”€[39m[90mâ”€[39m[90mâ”€[39m[90mâ”€[39m[90mâ”€[39m[90mâ”€[39m[90mâ”€[39m[90mâ”€[39m[90mâ”€[39m[90mâ”€[39m[90mâ”€[39m[90mâ”€[39m[90mâ”€[39m[90mâ”€[39m[90mâ”€[39m[90mâ”€[39m[90mâ”€[39m[90mâ”€[39m[90mâ”€[39m[90mâ”€[39m[90mâ”€[39m[90mâ”€[39m[90mâ”€[39m[90mâ”€[39m[90mâ”€[39m[90mâ”€[39m[90mâ”€[39m[90mâ”€[39m[90mâ”€[39m[90mâ”€[39m[90mâ”€[39m[90mâ”€[39m[90mâ”€[39m[90mâ”€[39m[90mâ”€[39m[90mâ”€[39m[90mâ”€[39m[90mâ”€[39m[90mâ”€[39m[90mâ”€[39m[90mâ”€[39m[90mâ”€[39m[90mâ”€[39m[90mâ”€[39m[90mâ”€[39m[90mâ”€[39m[90mâ”€[39m[90mâ”€[39m[90mâ”€[39m
Admin UI E2E (4, chrome)	Run Cypress	2024-10-21T09:38:08.6350399Z                                                                                                     
Admin UI E2E (4, chrome)	Run Cypress	2024-10-21T09:38:08.6351837Z   Running:  [90mrealm_settings_general_tab_test.spec.ts[39m                                         [90m(2 of 7)[39m
Admin UI E2E (4, chrome)	Run Cypress	2024-10-21T09:38:12.9122890Z 
Admin UI E2E (4, chrome)	Run Cypress	2024-10-21T09:38:12.9123957Z [0m[0m
Admin UI E2E (4, chrome)	Run Cypress	2024-10-21T09:38:12.9226135Z [0m  Realm settings general tab tests[0m
Admin UI E2E (4, chrome)	Run Cypress	2024-10-21T09:38:21.2368368Z Warning: vkCreateInstance: Found no drivers!
Admin UI E2E (4, chrome)	Run Cypress	2024-10-21T09:38:21.2369457Z Warning: vkCreateInstance failed with VK_ERROR_INCOMPATIBLE_DRIVER
Admin UI E2E (4, chrome)	Run Cypress	2024-10-21T09:38:21.2370706Z     at CheckVkSuccessImpl (../../third_party/dawn/src/dawn/native/vulkan/VulkanError.cpp:88)
Admin UI E2E (4, chrome)	Run Cypress	2024-10-21T09:38:21.2371981Z     at CreateVkInstance (../../third_party/dawn/src/dawn/native/vulkan/BackendVk.cpp:458)
Admin UI E2E (4, chrome)	Run Cypress	2024-10-21T09:38:21.2373179Z     at Initialize (../../third_party/dawn/src/dawn/native/vulkan/BackendVk.cpp:344)
Admin UI E2E (4, chrome)	Run Cypress	2024-10-21T09:38:21.2374347Z     at Create (../../third_party/dawn/src/dawn/native/vulkan/BackendVk.cpp:266)
Admin UI E2E (4, chrome)	Run Cypress	2024-10-21T09:38:21.2375541Z     at operator() (../../third_party/dawn/src/dawn/native/vulkan/BackendVk.cpp:521)
Admin UI E2E (4, chrome)	Run Cypress	2024-10-21T09:38:21.2376058Z 
Admin UI E2E (4, chrome)	Run Cypress	2024-10-21T09:38:48.7113907Z     [33m(Attempt 1 of 4)[0m Test all general tab switches
Admin UI E2E (4, chrome)	Run Cypress	2024-10-21T09:39:22.2554202Z     [33m(Attempt 2 of 4)[0m Test all general tab switches
Admin UI E2E (4, chrome)	Run Cypress	2024-10-21T09:39:56.2644489Z     [33m(Attempt 3 of 4)[0m Test all general tab switches
Admin UI E2E (4, chrome)	Run Cypress	2024-10-21T09:40:30.6392308Z   [31m  1) Test all general tab switches[0m
Admin UI E2E (4, chrome)	Run Cypress	2024-10-21T09:40:32.5971548Z   [32m  âœ“[0m[90m Fail to set Realm ID to empty[0m[90m (1864ms)[0m
Admin UI E2E (4, chrome)	Run Cypress	2024-10-21T09:40:34.6820882Z   [32m  âœ“[0m[90m Modify Display name[0m[90m (2040ms)[0m
Admin UI E2E (4, chrome)	Run Cypress	2024-10-21T09:40:36.2502316Z   [32m  âœ“[0m[90m Check Display name value[0m[90m (1519ms)[0m
Admin UI E2E (4, chrome)	Run Cypress	2024-10-21T09:40:38.2601434Z   [32m  âœ“[0m[90m Modify front end URL[0m[90m (1975ms)[0m
Admin UI E2E (4, chrome)	Run Cypress	2024-10-21T09:40:40.1454049Z   [32m  âœ“[0m[90m Select SSL all requests[0m[90m (1850ms)[0m
Admin UI E2E (4, chrome)	Run Cypress	2024-10-21T09:40:41.7611820Z   [32m  âœ“[0m[90m Verify SSL all requests displays[0m[90m (1580ms)[0m
Admin UI E2E (4, chrome)	Run Cypress	2024-10-21T09:40:43.6379206Z   [32m  âœ“[0m[90m Select SSL external requests[0m[90m (1835ms)[0m
Admin UI E2E (4, chrome)	Run Cypress	2024-10-21T09:40:45.1764707Z   [32m  âœ“[0m[90m Verify SSL external requests displays[0m[90m (1492ms)[0m
Admin UI E2E (4, chrome)	Run Cypress	2024-10-21T09:40:47.0553143Z   [32m  âœ“[0m[90m Select SSL None[0m[90m (1835ms)[0m
Admin UI E2E (4, chrome)	Run Cypress	2024-10-21T09:40:48.5538964Z   [32m  âœ“[0m[90m Verify SSL None displays[0m[90m (1458ms)[0m
Admin UI E2E (4, chrome)	Run Cypress	2024-10-21T09:40:50.1118190Z   [32m  âœ“[0m[90m Check Access Endpoints OpenID Endpoint Configuration link[0m[90m (1529ms)[0m
Admin UI E2E (4, chrome)	Run Cypress	2024-10-21T09:40:51.7195014Z   [32m  âœ“[0m[90m Access Endpoints OpenID Endpoint Configuration link[0m[90m (1572ms)[0m
Admin UI E2E (4, chrome)	Run Cypress	2024-10-21T09:40:53.2333054Z   [32m  âœ“[0m[90m Check if Access Endpoints SAML 2.0 Identity Provider Metadata link exists[0m[90m (1473ms)[0m
Admin UI E2E (4, chrome)	Run Cypress	2024-10-21T09:40:54.7834389Z   [32m  âœ“[0m[90m Access Endpoints SAML 2.0 Identity Provider Metadata link[0m[90m (1521ms)[0m
Admin UI E2E (4, chrome)	Run Cypress	2024-10-21T09:40:57.5659620Z   [32m  âœ“[0m[90m Verify 'Revert' button works[0m[90m (2112ms)[0m
Admin UI E2E (4, chrome)	Run Cypress	2024-10-21T09:40:57.5660820Z 
Admin UI E2E (4, chrome)	Run Cypress	2024-10-21T09:40:57.5873539Z 
Admin UI E2E (4, chrome)	Run Cypress	2024-10-21T09:40:57.5876539Z [92m [0m[32m 15 passing[0m[90m (3m)[0m
Admin UI E2E (4, chrome)	Run Cypress	2024-10-21T09:40:57.5878875Z [31m  1 failing[0m
Admin UI E2E (4, chrome)	Run Cypress	2024-10-21T09:40:57.5882687Z 
Admin UI E2E (4, chrome)	Run Cypress	2024-10-21T09:40:57.5886326Z [0m  1) Realm settings general tab tests
Admin UI E2E (4, chrome)	Run Cypress	2024-10-21T09:40:57.5887279Z        Test all general tab switches:
Admin UI E2E (4, chrome)	Run Cypress	2024-10-21T09:40:57.5889310Z [0m[31m     AssertionError: Timed out retrying after 30000ms: Expected to find element: `.pf-c-alert__title`, but never found it. Queried from:
Admin UI E2E (4, chrome)	Run Cypress	2024-10-21T09:40:57.5890704Z 
Admin UI E2E (4, chrome)	Run Cypress	2024-10-21T09:40:57.5891225Z               > cy.findByTestId(global-alerts)[0m[90m
Admin UI E2E (4, chrome)	Run Cypress	2024-10-21T09:40:57.5960536Z       at Masthead.checkNotificationMessage (webpack://admin-ui/./cypress/support/pages/admin-ui/Masthead.ts:90:0)
Admin UI E2E (4, chrome)	Run Cypress	2024-10-21T09:40:57.5961621Z       at Context.eval (webpack://admin-ui/./cypress/e2e/realm_settings_general_tab_test.spec.ts:44:0)
Admin UI E2E (4, chrome)	Run Cypress	2024-10-21T09:40:57.5962231Z [0m
Admin UI E2E (4, chrome)	Run Cypress	2024-10-21T09:40:57.5962365Z 
Admin UI E2E (4, chrome)	Run Cypress	2024-10-21T09:40:57.5962391Z 
Admin UI E2E (4, chrome)	Run Cypress	2024-10-21T09:40:58.6113852Z 
Admin UI E2E (4, chrome)	Run Cypress	2024-10-21T09:40:58.6115451Z [31m  ([4m[1mResults[22m[24m)[39m
Admin UI E2E (4, chrome)	Run Cypress	2024-10-21T09:40:58.6133689Z 
Admin UI E2E (4, chrome)	Run Cypress	2024-10-21T09:40:58.6149849Z [90m  â”Œ[39m[90mâ”€[39m[90mâ”€[39m[90mâ”€[39m[90mâ”€[39m[90mâ”€[39m[90mâ”€[39m[90mâ”€[39m[90mâ”€[39m[90mâ”€[39m[90mâ”€[39m[90mâ”€[39m[90mâ”€[39m[90mâ”€[39m[90mâ”€[39m[90mâ”€[39m[90mâ”€[39m[90mâ”€[39m[90mâ”€[39m[90mâ”€[39m[90mâ”€[39m[90mâ”€[39m[90mâ”€[39m[90mâ”€[39m[90mâ”€[39m[90mâ”€[39m[90mâ”€[39m[90mâ”€[39m[90mâ”€[39m[90mâ”€[39m[90mâ”€[39m[90mâ”€[39m[90mâ”€[39m[90mâ”€[39m[90mâ”€[39m[90mâ”€[39m[90mâ”€[39m[90mâ”€[39m[90mâ”€[39m[90mâ”€[39m[90mâ”€[39m[90mâ”€[39m[90mâ”€[39m[90mâ”€[39m[90mâ”€[39m[90mâ”€[39m[90mâ”€[39m[90mâ”€[39m[90mâ”€[39m[90mâ”€[39m[90mâ”€[39m[90mâ”€[39m[90mâ”€[39m[90mâ”€[39m[90mâ”€[39m[90mâ”€[39m[90mâ”€[39m[90mâ”€[39m[90mâ”€[39m[90mâ”€[39m[90mâ”€[39m[90mâ”€[39m[90mâ”€[39m[90mâ”€[39m[90mâ”€[39m[90mâ”€[39m[90mâ”€[39m[90mâ”€[39m[90mâ”€[39m[90mâ”€[39m[90mâ”€[39m[90mâ”€[39m[90mâ”€[39m[90mâ”€[39m[90mâ”€[39m[90mâ”€[39m[90mâ”€[39m[90mâ”€[39m[90mâ”€[39m[90mâ”€[39m[90mâ”€[39m[90mâ”€[39m[90mâ”€[39m[90mâ”€[39m[90mâ”€[39m[90mâ”€[39m[90mâ”€[39m[90mâ”€[39m[90mâ”€[39m[90mâ”€[39m[90mâ”€[39m[90mâ”€[39m[90mâ”€[39m[90mâ”€[39m[90mâ”€[39m[90mâ”€[39m[90mâ”€[39m[90mâ”[39m
Admin UI E2E (4, chrome)	Run Cypress	2024-10-21T09:40:58.6157016Z [90m  â”‚[39m [90mTests:[39m        [31m16[39m                                                                               [90mâ”‚[39m
Admin UI E2E (4, chrome)	Run Cypress	2024-10-21T09:40:58.6158678Z [90m  â”‚[39m [90mPassing:[39m      [31m15[39m                                                                               [90mâ”‚[39m
Admin UI E2E (4, chrome)	Run Cypress	2024-10-21T09:40:58.6160152Z [90m  â”‚[39m [90mFailing:[39m      [31m1[39m                                                                                [90mâ”‚[39m
Admin UI E2E (4, chrome)	Run Cypress	2024-10-21T09:40:58.6161626Z [90m  â”‚[39m [90mPending:[39m      [31m0[39m                                                                                [90mâ”‚[39m
Admin UI E2E (4, chrome)	Run Cypress	2024-10-21T09:40:58.6163216Z [90m  â”‚[39m [90mSkipped:[39m      [31m0[39m                                                                                [90mâ”‚[39m
Admin UI E2E (4, chrome)	Run Cypress	2024-10-21T09:40:58.6164730Z [90m  â”‚[39m [90mScreenshots:[39m  [31m4[39m                                                                                [90mâ”‚[39m
Admin UI E2E (4, chrome)	Run Cypress	2024-10-21T09:40:58.6166237Z [90m  â”‚[39m [90mVideo:[39m        [31mtrue[39m                                                                             [90mâ”‚[39m
Admin UI E2E (4, chrome)	Run Cypress	2024-10-21T09:40:58.6168395Z [90m  â”‚[39m [90mDuration:[39m     [31m2 minutes, 44 seconds[39m                                                            [90mâ”‚[39m
Admin UI E2E (4, chrome)	Run Cypress	2024-10-21T09:40:58.6170306Z [90m  â”‚[39m [90mSpec Ran:[39m     [31m[31mrealm_settings_general_tab_test.spec.ts[31m[39m                                          [90mâ”‚[39m
Admin UI E2E (4, chrome)	Run Cypress	2024-10-21T09:40:58.6179971Z [90m  â””[39m[90mâ”€[39m[90mâ”€[39m[90mâ”€[39m[90mâ”€[39m[90mâ”€[39m[90mâ”€[39m[90mâ”€[39m[90mâ”€[39m[90mâ”€[39m[90mâ”€[39m[90mâ”€[39m[90mâ”€[39m[90mâ”€[39m[90mâ”€[39m[90mâ”€[39m[90mâ”€[39m[90mâ”€[39m[90mâ”€[39m[90mâ”€[39m[90mâ”€[39m[90mâ”€[39m[90mâ”€[39m[90mâ”€[39m[90mâ”€[39m[90mâ”€[39m[90mâ”€[39m[90mâ”€[39m[90mâ”€[39m[90mâ”€[39m[90mâ”€[39m[90mâ”€[39m[90mâ”€[39m[90mâ”€[39m[90mâ”€[39m[90mâ”€[39m[90mâ”€[39m[90mâ”€[39m[90mâ”€[39m[90mâ”€[39m[90mâ”€[39m[90mâ”€[39m[90mâ”€[39m[90mâ”€[39m[90mâ”€[39m[90mâ”€[39m[90mâ”€[39m[90mâ”€[39m[90mâ”€[39m[90mâ”€[39m[90mâ”€[39m[90mâ”€[39m[90mâ”€[39m[90mâ”€[39m[90mâ”€[39m[90mâ”€[39m[90mâ”€[39m[90mâ”€[39m[90mâ”€[39m[90mâ”€[39m[90mâ”€[39m[90mâ”€[39m[90mâ”€[39m[90mâ”€[39m[90mâ”€[39m[90mâ”€[39m[90mâ”€[39m[90mâ”€[39m[90mâ”€[39m[90mâ”€[39m[90mâ”€[39m[90mâ”€[39m[90mâ”€[39m[90mâ”€[39m[90mâ”€[39m[90mâ”€[39m[90mâ”€[39m[90mâ”€[39m[90mâ”€[39m[90mâ”€[39m[90mâ”€[39m[90mâ”€[39m[90mâ”€[39m[90mâ”€[39m[90mâ”€[39m[90mâ”€[39m[90mâ”€[39m[90mâ”€[39m[90mâ”€[39m[90mâ”€[39m[90mâ”€[39m[90mâ”€[39m[90mâ”€[39m[90mâ”€[39m[90mâ”€[39m[90mâ”€[39m[90mâ”€[39m[90mâ”˜[39m
Admin UI E2E (4, chrome)	Run Cypress	2024-10-21T09:40:58.6185633Z 
Admin UI E2E (4, chrome)	Run Cypress	2024-10-21T09:40:58.6185656Z 
Admin UI E2E (4, chrome)	Run Cypress	2024-10-21T09:40:58.6186117Z [33m  ([4m[1mScreenshots[22m[24m)[39m
Admin UI E2E (4, chrome)	Run Cypress	2024-10-21T09:40:58.6186555Z 
Admin UI E2E (4, chrome)	Run Cypress	2024-10-21T09:40:58.6188138Z [90m [39m -  [0m/home/runner/work/keycloak/keycloak/js/apps/admin-ui/cypress/screenshots/realm_s[0m     [90m[90m(1280x581)[90m[39m
Admin UI E2E (4, chrome)	Run Cypress	2024-10-21T09:40:58.6190808Z [90m [39m    [0mettings_general_tab_test.spec.ts/Realm settings general tab tests -- Test all ge[0m               
Admin UI E2E (4, chrome)	Run Cypress	2024-10-21T09:40:58.6193086Z [90m [39m    [0mneral tab switches (failed).png[0m                                                                
Admin UI E2E (4, chrome)	Run Cypress	2024-10-21T09:40:58.6194964Z [90m [39m -  [0m/home/runner/work/keycloak/keycloak/js/apps/admin-ui/cypress/screenshots/realm_s[0m     [90m[90m(1280x581)[90m[39m
Admin UI E2E (4, chrome)	Run Cypress	2024-10-21T09:40:58.6201279Z [90m [39m    [0mettings_general_tab_test.spec.ts/Realm settings general tab tests -- Test all ge[0m               
Admin UI E2E (4, chrome)	Run Cypress	2024-10-21T09:40:58.6203136Z [90m [39m    [0mneral tab switches (failed) (attempt 2).png[0m                                                    
Admin UI E2E (4, chrome)	Run Cypress	2024-10-21T09:40:58.6205241Z [90m [39m -  [0m/home/runner/work/keycloak/keycloak/js/apps/admin-ui/cypress/screenshots/realm_s[0m     [90m[90m(1280x581)[90m[39m
Admin UI E2E (4, chrome)	Run Cypress	2024-10-21T09:40:58.6207491Z [90m [39m    [0mettings_general_tab_test.spec.ts/Realm settings general tab tests -- Test all ge[0m               
Admin UI E2E (4, chrome)	Run Cypress	2024-10-21T09:40:58.6209360Z [90m [39m    [0mneral tab switches (failed) (attempt 3).png[0m                                                    
Admin UI E2E (4, chrome)	Run Cypress	2024-10-21T09:40:58.6211495Z [90m [39m -  [0m/home/runner/work/keycloak/keycloak/js/apps/admin-ui/cypress/screenshots/realm_s[0m     [90m[90m(1280x581)[90m[39m
Admin UI E2E (4, chrome)	Run Cypress	2024-10-21T09:40:58.6213814Z [90m [39m    [0mettings_general_tab_test.spec.ts/Realm settings general tab tests -- Test all ge[0m               
Admin UI E2E (4, chrome)	Run Cypress	2024-10-21T09:40:58.6215657Z [90m [39m    [0mneral tab switches (failed) (attempt 4).png[0m                                                    
Admin UI E2E (4, chrome)	Run Cypress	2024-10-21T09:40:58.6216457Z 
Admin UI E2E (4, chrome)	Run Cypress	2024-10-21T09:40:58.6538562Z 
Admin UI E2E (4, chrome)	Run Cypress	2024-10-21T09:40:58.6539875Z [36m  ([4m[1mVideo[22m[24m)[39m
Admin UI E2E (4, chrome)	Run Cypress	2024-10-21T09:40:58.6540399Z 
Admin UI E2E (4, chrome)	Run Cypress	2024-10-21T09:40:58.6541997Z   -  Video output: [36m/home/runner/work/keycloak/keycloak/js/apps/admin-ui/cypress/videos/realm_settings_general_tab_test.spec.ts.mp4[39m
Admin UI E2E (4, chrome)	Run Cypress	2024-10-21T09:40:58.6543379Z 
Admin UI E2E (4, chrome)	Run Cypress	2024-10-21T09:40:58.6543401Z 
Admin UI E2E (4, chrome)	Run Cypress	2024-10-21T09:40:58.6557776Z [90mâ”€[39m[90mâ”€[39m[90mâ”€[39m[90mâ”€[39m[90mâ”€[39m[90mâ”€[39m[90mâ”€[39m[90mâ”€[39m[90mâ”€[39m[90mâ”€[39m[90mâ”€[39m[90mâ”€[39m[90mâ”€[39m[90mâ”€[39m[90mâ”€[39m[90mâ”€[39m[90mâ”€[39m[90mâ”€[39m[90mâ”€[39m[90mâ”€[39m[90mâ”€[39m[90mâ”€[39m[90mâ”€[39m[90mâ”€[39m[90mâ”€[39m[90mâ”€[39m[90mâ”€[39m[90mâ”€[39m[90mâ”€[39m[90mâ”€[39m[90mâ”€[39m[90mâ”€[39m[90mâ”€[39m[90mâ”€[39m[90mâ”€[39m[90mâ”€[39m[90mâ”€[39m[90mâ”€[39m[90mâ”€[39m[90mâ”€[39m[90mâ”€[39m[90mâ”€[39m[90mâ”€[39m[90mâ”€[39m[90mâ”€[39m[90mâ”€[39m[90mâ”€[39m[90mâ”€[39m[90mâ”€[39m[90mâ”€[39m[90mâ”€[39m[90mâ”€[39m[90mâ”€[39m[90mâ”€[39m[90mâ”€[39m[90mâ”€[39m[90mâ”€[39m[90mâ”€[39m[90mâ”€[39m[90mâ”€[39m[90mâ”€[39m[90mâ”€[39m[90mâ”€[39m[90mâ”€[39m[90mâ”€[39m[90mâ”€[39m[90mâ”€[39m[90mâ”€[39m[90mâ”€[39m[90mâ”€[39m[90mâ”€[39m[90mâ”€[39m[90mâ”€[39m[90mâ”€[39m[90mâ”€[39m[90mâ”€[39m[90mâ”€[39m[90mâ”€[39m[90mâ”€[39m[90mâ”€[39m[90mâ”€[39m[90mâ”€[39m[90mâ”€[39m[90mâ”€[39m[90mâ”€[39m[90mâ”€[39m[90mâ”€[39m[90mâ”€[39m[90mâ”€[39m[90mâ”€[39m[90mâ”€[39m[90mâ”€[39m[90mâ”€[39m[90mâ”€[39m[90mâ”€[39m[90mâ”€[39m[90mâ”€[39m[90mâ”€[39m[90mâ”€[39m[90mâ”€[39m
Admin UI E2E (4, chrome)	Run Cypress	2024-10-21T09:40:58.6563364Z                                                                                                     
Admin UI E2E (4, chrome)	Run Cypress	2024-10-21T09:40:58.6564265Z   Running:  [90mrealm_settings_tabs_test.spec.ts[39m                                                [90m(3 of 7)[39m
Admin UI E2E (4, chrome)	Run Cypress	2024-10-21T09:41:03.0494562Z 
Admin UI E2E (4, chrome)	Run Cypress	2024-10-21T09:41:03.0495485Z [0m[0m
Admin UI E2E (4, chrome)	Run Cypress	2024-10-21T09:41:03.0588095Z [0m  Realm settings tabs tests[0m
Admin UI E2E (4, chrome)	Run Cypress	2024-10-21T09:41:08.4037173Z   [32m  âœ“[0m[90m shows the 'user profile' tab[0m[90m (5297ms)[0m
Admin UI E2E (4, chrome)	Run Cypress	2024-10-21T09:41:12.4210834Z   [32m  âœ“[0m[90m Go to login tab[0m[90m (3978ms)[0m
Admin UI E2E (4, chrome)	Run Cypress	2024-10-21T09:41:17.6242908Z   [32m  âœ“[0m[90m Go to email tab[0m[90m (5176ms)[0m
Admin UI E2E (4, chrome)	Run Cypress	2024-10-21T09:41:19.9001799Z   [32m  âœ“[0m[90m Go to themes tab[0m[90m (2237ms)[0m
Admin UI E2E (4, chrome)	Run Cypress	2024-10-21T09:41:19.9158145Z [0m    Go to security defenses tab[0m
Admin UI E2E (4, chrome)	Run Cypress	2024-10-21T09:41:22.0034642Z     [32m  âœ“[0m[90m Realm header settings- update single input[0m[90m (2071ms)[0m
Admin UI E2E (4, chrome)	Run Cypress	2024-10-21T09:41:26.3944343Z     [32m  âœ“[0m[90m Realm header settings- update all inputs[0m[90m (4358ms)[0m
Admin UI E2E (4, chrome)	Run Cypress	2024-10-21T09:41:29.0679672Z     [32m  âœ“[0m[90m Brute force detection- update values[0m[90m (2637ms)[0m
Admin UI E2E (4, chrome)	Run Cypress	2024-10-21T09:41:29.0800064Z [0m    Go to localization tab[0m
Admin UI E2E (4, chrome)	Run Cypress	2024-10-21T09:41:31.3554563Z     [32m  âœ“[0m[90m Locales tab - Add locale[0m[90m (2257ms)[0m
Admin UI E2E (4, chrome)	Run Cypress	2024-10-21T09:41:33.8464300Z     [32m  âœ“[0m[90m Realm Overrides - Add and delete bundle[0m[90m (2458ms)[0m
Admin UI E2E (4, chrome)	Run Cypress	2024-10-21T09:41:36.6118976Z     [32m  âœ“[0m[90m Realm Overrides - Search for and delete bundle[0m[90m (2727ms)[0m
Admin UI E2E (4, chrome)	Run Cypress	2024-10-21T09:41:39.6036853Z     [32m  âœ“[0m[90m Realm Overrides - Edit and cancel edit message bundle[0m[90m (2956ms)[0m
Admin UI E2E (4, chrome)	Run Cypress	2024-10-21T09:41:41.3737594Z     [32m  âœ“[0m[90m Effective Message Bundles - Check before search message[0m[90m (1730ms)[0m
Admin UI E2E (4, chrome)	Run Cypress	2024-10-21T09:41:41.3846112Z [0m    Accessibility tests for realm settings[0m
Admin UI E2E (4, chrome)	Run Cypress	2024-10-21T09:41:44.3799566Z     [32m  âœ“[0m[90m Check a11y violations on load/ realm settings/ general tab[0m[90m (2981ms)[0m
Admin UI E2E (4, chrome)	Run Cypress	2024-10-21T09:41:47.4455433Z     [32m  âœ“[0m[90m Check a11y violations on login tab[0m[90m (3040ms)[0m
Admin UI E2E (4, chrome)	Run Cypress	2024-10-21T09:41:50.6158455Z     [32m  âœ“[0m[90m Check a11y violations on email tab[0m[90m (3146ms)[0m
Admin UI E2E (4, chrome)	Run Cypress	2024-10-21T09:41:53.6008699Z     [32m  âœ“[0m[90m Check a11y violations on themes tab[0m[90m (2967ms)[0m
Admin UI E2E (4, chrome)	Run Cypress	2024-10-21T09:41:56.6912684Z     [32m  âœ“[0m[90m Check a11y violations on keys tab/ keys list sub tab[0m[90m (3071ms)[0m
Admin UI E2E (4, chrome)	Run Cypress	2024-10-21T09:41:59.7906669Z     [32m  âœ“[0m[90m Check a11y violations on keys tab/ providers sub tab[0m[90m (3069ms)[0m
Admin UI E2E (4, chrome)	Run Cypress	2024-10-21T09:42:03.1342479Z     [32m  âœ“[0m[90m Check a11y violations on keys tab/ providers sub tab / adding provider[0m[90m (3321ms)[0m
Admin UI E2E (4, chrome)	Run Cypress	2024-10-21T09:42:06.2404890Z     [32m  âœ“[0m[90m Check a11y violations on events tab/ event listeners sub tab[0m[90m (3086ms)[0m
Admin UI E2E (4, chrome)	Run Cypress	2024-10-21T09:42:09.4955098Z     [32m  âœ“[0m[90m Check a11y violations on events tab/ user events settings sub tab[0m[90m (3227ms)[0m
Admin UI E2E (4, chrome)	Run Cypress	2024-10-21T09:42:12.8827876Z     [32m  âœ“[0m[90m Check a11y violations on events tab/ admin events settings sub tab[0m[90m (3364ms)[0m
Admin UI E2E (4, chrome)	Run Cypress	2024-10-21T09:42:16.0153401Z     [32m  âœ“[0m[90m Check a11y violations on localization locales sub tab[0m[90m (3113ms)[0m
Admin UI E2E (4, chrome)	Run Cypress	2024-10-21T09:42:19.0883138Z     [32m  âœ“[0m[90m Check a11y violations on localization realm overrides sub tab[0m[90m (3056ms)[0m
Admin UI E2E (4, chrome)	Run Cypress	2024-10-21T09:42:22.2448875Z     [32m  âœ“[0m[90m Check a11y violations on localization realm overrides sub tab/ adding message bundle[0m[90m (3138ms)[0m
Admin UI E2E (4, chrome)	Run Cypress	2024-10-21T09:42:25.3008241Z     [32m  âœ“[0m[90m Check a11y violations on localization effective message bundles sub tab[0m[90m (3033ms)[0m
Admin UI E2E (4, chrome)	Run Cypress	2024-10-21T09:42:28.3888431Z     [32m  âœ“[0m[90m Check a11y violations on security defenses tab[0m[90m (3070ms)[0m
Admin UI E2E (4, chrome)	Run Cypress	2024-10-21T09:42:31.5373278Z     [32m  âœ“[0m[90m Check a11y violations on sessions tab[0m[90m (3127ms)[0m
Admin UI E2E (4, chrome)	Run Cypress	2024-10-21T09:42:34.6795114Z     [32m  âœ“[0m[90m Check a11y violations on tokens tab[0m[90m (3121ms)[0m
Admin UI E2E (4, chrome)	Run Cypress	2024-10-21T09:42:37.8060277Z     [32m  âœ“[0m[90m Check a11y violations on client policies tab/ profiles sub tab[0m[90m (3094ms)[0m
Admin UI E2E (4, chrome)	Run Cypress	2024-10-21T09:42:40.9288787Z     [32m  âœ“[0m[90m Check a11y violations on client policies tab/ creating profile[0m[90m (3100ms)[0m
Admin UI E2E (4, chrome)	Run Cypress	2024-10-21T09:42:44.0198790Z     [32m  âœ“[0m[90m Check a11y violations on client policies tab/ policies sub tab[0m[90m (3067ms)[0m
Admin UI E2E (4, chrome)	Run Cypress	2024-10-21T09:42:47.3414364Z     [32m  âœ“[0m[90m Check a11y violations on client policies tab/ creating policy[0m[90m (3294ms)[0m
Admin UI E2E (4, chrome)	Run Cypress	2024-10-21T09:42:50.3796867Z     [32m  âœ“[0m[90m Check a11y violations on user registration tab/ default roles sub tab[0m[90m (2999ms)[0m
Admin UI E2E (4, chrome)	Run Cypress	2024-10-21T09:42:54.2476213Z     [32m  âœ“[0m[90m Check a11y violations on user registration tab/ default roles sub tab/ assigning role[0m[90m (3115ms)[0m
Admin UI E2E (4, chrome)	Run Cypress	2024-10-21T09:42:54.2477842Z 
Admin UI E2E (4, chrome)	Run Cypress	2024-10-21T09:42:54.2710853Z 
Admin UI E2E (4, chrome)	Run Cypress	2024-10-21T09:42:54.2712297Z [92m [0m[32m 35 passing[0m[90m (2m)[0m
Admin UI E2E (4, chrome)	Run Cypress	2024-10-21T09:42:54.2713141Z 
Admin UI E2E (4, chrome)	Run Cypress	2024-10-21T09:42:55.2902785Z 
Admin UI E2E (4, chrome)	Run Cypress	2024-10-21T09:42:55.2904071Z [32m  ([4m[1mResults[22m[24m)[39m
Admin UI E2E (4, chrome)	Run Cypress	2024-10-21T09:42:55.2920974Z 
Admin UI E2E (4, chrome)	Run Cypress	2024-10-21T09:42:55.2936585Z [90m  â”Œ[39m[90mâ”€[39m[90mâ”€[39m[90mâ”€[39m[90mâ”€[39m[90mâ”€[39m[90mâ”€[39m[90mâ”€[39m[90mâ”€[39m[90mâ”€[39m[90mâ”€[39m[90mâ”€[39m[90mâ”€[39m[90mâ”€[39m[90mâ”€[39m[90mâ”€[39m[90mâ”€[39m[90mâ”€[39m[90mâ”€[39m[90mâ”€[39m[90mâ”€[39m[90mâ”€[39m[90mâ”€[39m[90mâ”€[39m[90mâ”€[39m[90mâ”€[39m[90mâ”€[39m[90mâ”€[39m[90mâ”€[39m[90mâ”€[39m[90mâ”€[39m[90mâ”€[39m[90mâ”€[39m[90mâ”€[39m[90mâ”€[39m[90mâ”€[39m[90mâ”€[39m[90mâ”€[39m[90mâ”€[39m[90mâ”€[39m[90mâ”€[39m[90mâ”€[39m[90mâ”€[39m[90mâ”€[39m[90mâ”€[39m[90mâ”€[39m[90mâ”€[39m[90mâ”€[39m[90mâ”€[39m[90mâ”€[39m[90mâ”€[39m[90mâ”€[39m[90mâ”€[39m[90mâ”€[39m[90mâ”€[39m[90mâ”€[39m[90mâ”€[39m[90mâ”€[39m[90mâ”€[39m[90mâ”€[39m[90mâ”€[39m[90mâ”€[39m[90mâ”€[39m[90mâ”€[39m[90mâ”€[39m[90mâ”€[39m[90mâ”€[39m[90mâ”€[39m[90mâ”€[39m[90mâ”€[39m[90mâ”€[39m[90mâ”€[39m[90mâ”€[39m[90mâ”€[39m[90mâ”€[39m[90mâ”€[39m[90mâ”€[39m[90mâ”€[39m[90mâ”€[39m[90mâ”€[39m[90mâ”€[39m[90mâ”€[39m[90mâ”€[39m[90mâ”€[39m[90mâ”€[39m[90mâ”€[39m[90mâ”€[39m[90mâ”€[39m[90mâ”€[39m[90mâ”€[39m[90mâ”€[39m[90mâ”€[39m[90mâ”€[39m[90mâ”€[39m[90mâ”€[39m[90mâ”€[39m[90mâ”€[39m[90mâ”[39m
Admin UI E2E (4, chrome)	Run Cypress	2024-10-21T09:42:55.2943601Z [90m  â”‚[39m [90mTests:[39m        [32m35[39m                                                                               [90mâ”‚[39m
Admin UI E2E (4, chrome)	Run Cypress	2024-10-21T09:42:55.2946771Z [90m  â”‚[39m [90mPassing:[39m      [32m35[39m                                                                               [90mâ”‚[39m
Admin UI E2E (4, chrome)	Run Cypress	2024-10-21T09:42:55.2948535Z [90m  â”‚[39m [90mFailing:[39m      [32m0[39m                                                                                [90mâ”‚[39m
Admin UI E2E (4, chrome)	Run Cypress	2024-10-21T09:42:55.2950249Z [90m  â”‚[39m [90mPending:[39m      [32m0[39m                                                                                [90mâ”‚[39m
Admin UI E2E (4, chrome)	Run Cypress	2024-10-21T09:42:55.2952192Z [90m  â”‚[39m [90mSkipped:[39m      [32m0[39m                                                                                [90mâ”‚[39m
Admin UI E2E (4, chrome)	Run Cypress	2024-10-21T09:42:55.2953820Z [90m  â”‚[39m [90mScreenshots:[39m  [32m0[39m                                                                                [90mâ”‚[39m
Admin UI E2E (4, chrome)	Run Cypress	2024-10-21T09:42:55.3015756Z [90m  â”‚[39m [90mVideo:[39m        [32mfalse[39m                                                                            [90mâ”‚[39m
Admin UI E2E (4, chrome)	Run Cypress	2024-10-21T09:42:55.3017592Z [90m  â”‚[39m [90mDuration:[39m     [32m1 minute, 51 seconds[39m                                                             [90mâ”‚[39m
Admin UI E2E (4, chrome)	Run Cypress	2024-10-21T09:42:55.3019638Z [90m  â”‚[39m [90mSpec Ran:[39m     [32m[32mrealm_settings_tabs_test.spec.ts[32m[39m                                                 [90mâ”‚[39m
Admin UI E2E (4, chrome)	Run Cypress	2024-10-21T09:42:55.3028916Z [90m  â””[39m[90mâ”€[39m[90mâ”€[39m[90mâ”€[39m[90mâ”€[39m[90mâ”€[39m[90mâ”€[39m[90mâ”€[39m[90mâ”€[39m[90mâ”€[39m[90mâ”€[39m[90mâ”€[39m[90mâ”€[39m[90mâ”€[39m[90mâ”€[39m[90mâ”€[39m[90mâ”€[39m[90mâ”€[39m[90mâ”€[39m[90mâ”€[39m[90mâ”€[39m[90mâ”€[39m[90mâ”€[39m[90mâ”€[39m[90mâ”€[39m[90mâ”€[39m[90mâ”€[39m[90mâ”€[39m[90mâ”€[39m[90mâ”€[39m[90mâ”€[39m[90mâ”€[39m[90mâ”€[39m[90mâ”€[39m[90mâ”€[39m[90mâ”€[39m[90mâ”€[39m[90mâ”€[39m[90mâ”€[39m[90mâ”€[39m[90mâ”€[39m[90mâ”€[39m[90mâ”€[39m[90mâ”€[39m[90mâ”€[39m[90mâ”€[39m[90mâ”€[39m[90mâ”€[39m[90mâ”€[39m[90mâ”€[39m[90mâ”€[39m[90mâ”€[39m[90mâ”€[39m[90mâ”€[39m[90mâ”€[39m[90mâ”€[39m[90mâ”€[39m[90mâ”€[39m[90mâ”€[39m[90mâ”€[39m[90mâ”€[39m[90mâ”€[39m[90mâ”€[39m[90mâ”€[39m[90mâ”€[39m[90mâ”€[39m[90mâ”€[39m[90mâ”€[39m[90mâ”€[39m[90mâ”€[39m[90mâ”€[39m[90mâ”€[39m[90mâ”€[39m[90mâ”€[39m[90mâ”€[39m[90mâ”€[39m[90mâ”€[39m[90mâ”€[39m[90mâ”€[39m[90mâ”€[39m[90mâ”€[39m[90mâ”€[39m[90mâ”€[39m[90mâ”€[39m[90mâ”€[39m[90mâ”€[39m[90mâ”€[39m[90mâ”€[39m[90mâ”€[39m[90mâ”€[39m[90mâ”€[39m[90mâ”€[39m[90mâ”€[39m[90mâ”€[39m[90mâ”€[39m[90mâ”€[39m[90mâ”€[39m[90mâ”˜[39m
Admin UI E2E (4, chrome)	Run Cypress	2024-10-21T09:42:55.3038854Z 
Admin UI E2E (4, chrome)	Run Cypress	2024-10-21T09:42:55.3324612Z 
Admin UI E2E (4, chrome)	Run Cypress	2024-10-21T09:42:55.3344322Z [90mâ”€[39m[90mâ”€[39m[90mâ”€[39m[90mâ”€[39m[90mâ”€[39m[90mâ”€[39m[90mâ”€[39m[90mâ”€[39m[90mâ”€[39m[90mâ”€[39m[90mâ”€[39m[90mâ”€[39m[90mâ”€[39m[90mâ”€[39m[90mâ”€[39m[90mâ”€[39m[90mâ”€[39m[90mâ”€[39m[90mâ”€[39m[90mâ”€[39m[90mâ”€[39m[90mâ”€[39m[90mâ”€[39m[90mâ”€[39m[90mâ”€[39m[90mâ”€[39m[90mâ”€[39m[90mâ”€[39m[90mâ”€[39m[90mâ”€[39m[90mâ”€[39m[90mâ”€[39m[90mâ”€[39m[90mâ”€[39m[90mâ”€[39m[90mâ”€[39m[90mâ”€[39m[90mâ”€[39m[90mâ”€[39m[90mâ”€[39m[90mâ”€[39m[90mâ”€[39m[90mâ”€[39m[90mâ”€[39m[90mâ”€[39m[90mâ”€[39m[90mâ”€[39m[90mâ”€[39m[90mâ”€[39m[90mâ”€[39m[90mâ”€[39m[90mâ”€[39m[90mâ”€[39m[90mâ”€[39m[90mâ”€[39m[90mâ”€[39m[90mâ”€[39m[90mâ”€[39m[90mâ”€[39m[90mâ”€[39m[90mâ”€[39m[90mâ”€[39m[90mâ”€[39m[90mâ”€[39m[90mâ”€[39m[90mâ”€[39m[90mâ”€[39m[90mâ”€[39m[90mâ”€[39m[90mâ”€[39m[90mâ”€[39m[90mâ”€[39m[90mâ”€[39m[90mâ”€[39m[90mâ”€[39m[90mâ”€[39m[90mâ”€[39m[90mâ”€[39m[90mâ”€[39m[90mâ”€[39m[90mâ”€[39m[90mâ”€[39m[90mâ”€[39m[90mâ”€[39m[90mâ”€[39m[90mâ”€[39m[90mâ”€[39m[90mâ”€[39m[90mâ”€[39m[90mâ”€[39m[90mâ”€[39m[90mâ”€[39m[90mâ”€[39m[90mâ”€[39m[90mâ”€[39m[90mâ”€[39m[90mâ”€[39m[90mâ”€[39m[90mâ”€[39m[90mâ”€[39m
Admin UI E2E (4, chrome)	Run Cypress	2024-10-21T09:42:55.3351813Z                                                                                                     
Admin UI E2E (4, chrome)	Run Cypress	2024-10-21T09:42:55.3353742Z   Running:  [90mrealm_settings_user_profile_enabled.spec.ts[39m                                     [90m(4 of 7)[39m
Admin UI E2E (4, chrome)	Run Cypress	2024-10-21T09:42:59.8436117Z 
Admin UI E2E (4, chrome)	Run Cypress	2024-10-21T09:42:59.8437555Z [0m[0m
Admin UI E2E (4, chrome)	Run Cypress	2024-10-21T09:42:59.8459923Z [0m  User profile tabs[0m
Admin UI E2E (4, chrome)	Run Cypress	2024-10-21T09:43:01.0486988Z [0m    Attributes sub tab tests[0m
Admin UI E2E (4, chrome)	Run Cypress	2024-10-21T09:43:05.7477469Z     [32m  âœ“[0m[90m Goes to create attribute page[0m[90m (5833ms)[0m
Admin UI E2E (4, chrome)	Run Cypress	2024-10-21T09:43:09.5966995Z     [32m  âœ“[0m[90m Completes new attribute form and performs cancel[0m[90m (3782ms)[0m
Admin UI E2E (4, chrome)	Run Cypress	2024-10-21T09:43:12.6408933Z     [32m  âœ“[0m[90m Completes new attribute form and performs submit[0m[90m (2990ms)[0m
Admin UI E2E (4, chrome)	Run Cypress	2024-10-21T09:43:16.6214406Z     [32m  âœ“[0m[90m Modifies existing attribute and performs save[0m[90m (3947ms)[0m
Admin UI E2E (4, chrome)	Run Cypress	2024-10-21T09:43:20.5273910Z     [32m  âœ“[0m[90m Adds and removes validator to/from existing attribute and performs save[0m[90m (3871ms)[0m
Admin UI E2E (4, chrome)	Run Cypress	2024-10-21T09:43:20.5408265Z [0m    Attribute groups sub tab tests[0m
Admin UI E2E (4, chrome)	Run Cypress	2024-10-21T09:43:23.5838369Z     [32m  âœ“[0m[90m Deletes an attributes group[0m[90m (3021ms)[0m
Admin UI E2E (4, chrome)	Run Cypress	2024-10-21T09:43:23.5998734Z [0m    Json Editor sub tab tests[0m
Admin UI E2E (4, chrome)	Run Cypress	2024-10-21T09:43:28.8885533Z     [32m  âœ“[0m[90m Removes three validators with the editor[0m[90m (5260ms)[0m
Admin UI E2E (4, chrome)	Run Cypress	2024-10-21T09:43:28.9019801Z [0m    Check attributes are displayed and editable on user create/edit[0m
Admin UI E2E (4, chrome)	Run Cypress	2024-10-21T09:43:37.3462240Z     [32m  âœ“[0m[90m Checks that not required attribute is not present when user is created with email as username and edit username set to disabled[0m[90m (8419ms)[0m
Admin UI E2E (4, chrome)	Run Cypress	2024-10-21T09:43:45.5231095Z     [32m  âœ“[0m[90m Checks that not required attribute is not present when user is created/edited with email as username enabled[0m[90m (8084ms)[0m
Admin UI E2E (4, chrome)	Run Cypress	2024-10-21T09:43:52.0671152Z     [32m  âœ“[0m[90m Checks that not required attribute with permissions to view/edit is present when user is created[0m[90m (6463ms)[0m
Admin UI E2E (4, chrome)	Run Cypress	2024-10-21T09:43:57.1743192Z     [32m  âœ“[0m[90m Checks that required attribute with permissions to view/edit is present and required when user is created[0m[90m (5050ms)[0m
Admin UI E2E (4, chrome)	Run Cypress	2024-10-21T09:44:02.1351214Z     [32m  âœ“[0m[90m Checks that required attribute with permissions to view/edit is accepted when user is created[0m[90m (4924ms)[0m
Admin UI E2E (4, chrome)	Run Cypress	2024-10-21T09:44:07.5035560Z     [32m  âœ“[0m[90m Checks that attribute group is visible when user with existing attribute is created[0m[90m (5338ms)[0m
Admin UI E2E (4, chrome)	Run Cypress	2024-10-21T09:44:14.5558387Z     [32m  âœ“[0m[90m Checks that attribute group is visible when user with a new attribute is created[0m[90m (7021ms)[0m
Admin UI E2E (4, chrome)	Run Cypress	2024-10-21T09:44:21.7694614Z     [32m  âœ“[0m[90m Checks that attribute with select-annotation is displayed and editable when user is created/edited[0m[90m (6601ms)[0m
Admin UI E2E (4, chrome)	Run Cypress	2024-10-21T09:44:21.7698646Z 
Admin UI E2E (4, chrome)	Run Cypress	2024-10-21T09:44:21.7940564Z 
Admin UI E2E (4, chrome)	Run Cypress	2024-10-21T09:44:21.7942562Z [92m [0m[32m 15 passing[0m[90m (1m)[0m
Admin UI E2E (4, chrome)	Run Cypress	2024-10-21T09:44:21.7943080Z 
Admin UI E2E (4, chrome)	Run Cypress	2024-10-21T09:44:22.8131080Z 
Admin UI E2E (4, chrome)	Run Cypress	2024-10-21T09:44:22.8132575Z [32m  ([4m[1mResults[22m[24m)[39m
Admin UI E2E (4, chrome)	Run Cypress	2024-10-21T09:44:22.8149016Z 
Admin UI E2E (4, chrome)	Run Cypress	2024-10-21T09:44:22.8164417Z [90m  â”Œ[39m[90mâ”€[39m[90mâ”€[39m[90mâ”€[39m[90mâ”€[39m[90mâ”€[39m[90mâ”€[39m[90mâ”€[39m[90mâ”€[39m[90mâ”€[39m[90mâ”€[39m[90mâ”€[39m[90mâ”€[39m[90mâ”€[39m[90mâ”€[39m[90mâ”€[39m[90mâ”€[39m[90mâ”€[39m[90mâ”€[39m[90mâ”€[39m[90mâ”€[39m[90mâ”€[39m[90mâ”€[39m[90mâ”€[39m[90mâ”€[39m[90mâ”€[39m[90mâ”€[39m[90mâ”€[39m[90mâ”€[39m[90mâ”€[39m[90mâ”€[39m[90mâ”€[39m[90mâ”€[39m[90mâ”€[39m[90mâ”€[39m[90mâ”€[39m[90mâ”€[39m[90mâ”€[39m[90mâ”€[39m[90mâ”€[39m[90mâ”€[39m[90mâ”€[39m[90mâ”€[39m[90mâ”€[39m[90mâ”€[39m[90mâ”€[39m[90mâ”€[39m[90mâ”€[39m[90mâ”€[39m[90mâ”€[39m[90mâ”€[39m[90mâ”€[39m[90mâ”€[39m[90mâ”€[39m[90mâ”€[39m[90mâ”€[39m[90mâ”€[39m[90mâ”€[39m[90mâ”€[39m[90mâ”€[39m[90mâ”€[39m[90mâ”€[39m[90mâ”€[39m[90mâ”€[39m[90mâ”€[39m[90mâ”€[39m[90mâ”€[39m[90mâ”€[39m[90mâ”€[39m[90mâ”€[39m[90mâ”€[39m[90mâ”€[39m[90mâ”€[39m[90mâ”€[39m[90mâ”€[39m[90mâ”€[39m[90mâ”€[39m[90mâ”€[39m[90mâ”€[39m[90mâ”€[39m[90mâ”€[39m[90mâ”€[39m[90mâ”€[39m[90mâ”€[39m[90mâ”€[39m[90mâ”€[39m[90mâ”€[39m[90mâ”€[39m[90mâ”€[39m[90mâ”€[39m[90mâ”€[39m[90mâ”€[39m[90mâ”€[39m[90mâ”€[39m[90mâ”€[39m[90mâ”€[39m[90mâ”€[39m[90mâ”[39m
Admin UI E2E (4, chrome)	Run Cypress	2024-10-21T09:44:22.8170841Z [90m  â”‚[39m [90mTests:[39m        [32m15[39m                                                                               [90mâ”‚[39m
Admin UI E2E (4, chrome)	Run Cypress	2024-10-21T09:44:22.8172402Z [90m  â”‚[39m [90mPassing:[39m      [32m15[39m                                                                               [90mâ”‚[39m
Admin UI E2E (4, chrome)	Run Cypress	2024-10-21T09:44:22.8173994Z [90m  â”‚[39m [90mFailing:[39m      [32m0[39m                                                                                [90mâ”‚[39m
Admin UI E2E (4, chrome)	Run Cypress	2024-10-21T09:44:22.8175653Z [90m  â”‚[39m [90mPending:[39m      [32m0[39m                                                                                [90mâ”‚[39m
Admin UI E2E (4, chrome)	Run Cypress	2024-10-21T09:44:22.8177647Z [90m  â”‚[39m [90mSkipped:[39m      [32m0[39m                                                                                [90mâ”‚[39m
Admin UI E2E (4, chrome)	Run Cypress	2024-10-21T09:44:22.8179215Z [90m  â”‚[39m [90mScreenshots:[39m  [32m0[39m                                                                                [90mâ”‚[39m
Admin UI E2E (4, chrome)	Run Cypress	2024-10-21T09:44:22.8180790Z [90m  â”‚[39m [90mVideo:[39m        [32mfalse[39m                                                                            [90mâ”‚[39m
Admin UI E2E (4, chrome)	Run Cypress	2024-10-21T09:44:22.8182416Z [90m  â”‚[39m [90mDuration:[39m     [32m1 minute, 21 seconds[39m                                                             [90mâ”‚[39m
Admin UI E2E (4, chrome)	Run Cypress	2024-10-21T09:44:22.8184479Z [90m  â”‚[39m [90mSpec Ran:[39m     [32m[32mrealm_settings_user_profile_enabled.spec.ts[32m[39m                                      [90mâ”‚[39m
Admin UI E2E (4, chrome)	Run Cypress	2024-10-21T09:44:22.8193108Z [90m  â””[39m[90mâ”€[39m[90mâ”€[39m[90mâ”€[39m[90mâ”€[39m[90mâ”€[39m[90mâ”€[39m[90mâ”€[39m[90mâ”€[39m[90mâ”€[39m[90mâ”€[39m[90mâ”€[39m[90mâ”€[39m[90mâ”€[39m[90mâ”€[39m[90mâ”€[39m[90mâ”€[39m[90mâ”€[39m[90mâ”€[39m[90mâ”€[39m[90mâ”€[39m[90mâ”€[39m[90mâ”€[39m[90mâ”€[39m[90mâ”€[39m[90mâ”€[39m[90mâ”€[39m[90mâ”€[39m[90mâ”€[39m[90mâ”€[39m[90mâ”€[39m[90mâ”€[39m[90mâ”€[39m[90mâ”€[39m[90mâ”€[39m[90mâ”€[39m[90mâ”€[39m[90mâ”€[39m[90mâ”€[39m[90mâ”€[39m[90mâ”€[39m[90mâ”€[39m[90mâ”€[39m[90mâ”€[39m[90mâ”€[39m[90mâ”€[39m[90mâ”€[39m[90mâ”€[39m[90mâ”€[39m[90mâ”€[39m[90mâ”€[39m[90mâ”€[39m[90mâ”€[39m[90mâ”€[39m[90mâ”€[39m[90mâ”€[39m[90mâ”€[39m[90mâ”€[39m[90mâ”€[39m[90mâ”€[39m[90mâ”€[39m[90mâ”€[39m[90mâ”€[39m[90mâ”€[39m[90mâ”€[39m[90mâ”€[39m[90mâ”€[39m[90mâ”€[39m[90mâ”€[39m[90mâ”€[39m[90mâ”€[39m[90mâ”€[39m[90mâ”€[39m[90mâ”€[39m[90mâ”€[39m[90mâ”€[39m[90mâ”€[39m[90mâ”€[39m[90mâ”€[39m[90mâ”€[39m[90mâ”€[39m[90mâ”€[39m[90mâ”€[39m[90mâ”€[39m[90mâ”€[39m[90mâ”€[39m[90mâ”€[39m[90mâ”€[39m[90mâ”€[39m[90mâ”€[39m[90mâ”€[39m[90mâ”€[39m[90mâ”€[39m[90mâ”€[39m[90mâ”€[39m[90mâ”€[39m[90mâ”€[39m[90mâ”˜[39m
Admin UI E2E (4, chrome)	Run Cypress	2024-10-21T09:44:22.8198819Z 
Admin UI E2E (4, chrome)	Run Cypress	2024-10-21T09:44:22.8488714Z 
Admin UI E2E (4, chrome)	Run Cypress	2024-10-21T09:44:22.8501093Z [90mâ”€[39m[90mâ”€[39m[90mâ”€[39m[90mâ”€[39m[90mâ”€[39m[90mâ”€[39m[90mâ”€[39m[90mâ”€[39m[90mâ”€[39m[90mâ”€[39m[90mâ”€[39m[90mâ”€[39m[90mâ”€[39m[90mâ”€[39m[90mâ”€[39m[90mâ”€[39m[90mâ”€[39m[90mâ”€[39m[90mâ”€[39m[90mâ”€[39m[90mâ”€[39m[90mâ”€[39m[90mâ”€[39m[90mâ”€[39m[90mâ”€[39m[90mâ”€[39m[90mâ”€[39m[90mâ”€[39m[90mâ”€[39m[90mâ”€[39m[90mâ”€[39m[90mâ”€[39m[90mâ”€[39m[90mâ”€[39m[90mâ”€[39m[90mâ”€[39m[90mâ”€[39m[90mâ”€[39m[90mâ”€[39m[90mâ”€[39m[90mâ”€[39m[90mâ”€[39m[90mâ”€[39m[90mâ”€[39m[90mâ”€[39m[90mâ”€[39m[90mâ”€[39m[90mâ”€[39m[90mâ”€[39m[90mâ”€[39m[90mâ”€[39m[90mâ”€[39m[90mâ”€[39m[90mâ”€[39m[90mâ”€[39m[90mâ”€[39m[90mâ”€[39m[90mâ”€[39m[90mâ”€[39m[90mâ”€[39m[90mâ”€[39m[90mâ”€[39m[90mâ”€[39m[90mâ”€[39m[90mâ”€[39m[90mâ”€[39m[90mâ”€[39m[90mâ”€[39m[90mâ”€[39m[90mâ”€[39m[90mâ”€[39m[90mâ”€[39m[90mâ”€[39m[90mâ”€[39m[90mâ”€[39m[90mâ”€[39m[90mâ”€[39m[90mâ”€[39m[90mâ”€[39m[90mâ”€[39m[90mâ”€[39m[90mâ”€[39m[90mâ”€[39m[90mâ”€[39m[90mâ”€[39m[90mâ”€[39m[90mâ”€[39m[90mâ”€[39m[90mâ”€[39m[90mâ”€[39m[90mâ”€[39m[90mâ”€[39m[90mâ”€[39m[90mâ”€[39m[90mâ”€[39m[90mâ”€[39m[90mâ”€[39m[90mâ”€[39m[90mâ”€[39m[90mâ”€[39m
Admin UI E2E (4, chrome)	Run Cypress	2024-10-21T09:44:22.8505733Z                                                                                                     
Admin UI E2E (4, chrome)	Run Cypress	2024-10-21T09:44:22.8506574Z   Running:  [90mrealm_test.spec.ts[39m                                                              [90m(5 of 7)[39m
Admin UI E2E (4, chrome)	Run Cypress	2024-10-21T09:44:26.8635594Z 
Admin UI E2E (4, chrome)	Run Cypress	2024-10-21T09:44:26.8638942Z [0m[0m
Admin UI E2E (4, chrome)	Run Cypress	2024-10-21T09:44:26.8709553Z [0m  Realm tests[0m
Admin UI E2E (4, chrome)	Run Cypress	2024-10-21T09:44:30.8121742Z   [32m  âœ“[0m[90m should fail creating duplicated or empty name realm[0m[90m (3933ms)[0m
Admin UI E2E (4, chrome)	Run Cypress	2024-10-21T09:44:33.9830873Z   [32m  âœ“[0m[90m should create Test realm[0m[90m (3126ms)[0m
Admin UI E2E (4, chrome)	Run Cypress	2024-10-21T09:44:40.1685241Z   [32m  âœ“[0m[90m CRUD test of Disabled realm[0m[90m (6160ms)[0m
Admin UI E2E (4, chrome)	Run Cypress	2024-10-21T09:44:44.9849982Z   [32m  âœ“[0m[90m should create realm from new a realm[0m[90m (4791ms)[0m
Admin UI E2E (4, chrome)	Run Cypress	2024-10-21T09:44:46.3892853Z   [32m  âœ“[0m[90m should change to Test realm[0m[90m (1378ms)[0m
Admin UI E2E (4, chrome)	Run Cypress	2024-10-21T09:44:50.9287614Z   [32m  âœ“[0m[90m should create realm with special characters[0m[90m (3212ms)[0m
Admin UI E2E (4, chrome)	Run Cypress	2024-10-21T09:44:50.9289641Z 
Admin UI E2E (4, chrome)	Run Cypress	2024-10-21T09:44:50.9643971Z 
Admin UI E2E (4, chrome)	Run Cypress	2024-10-21T09:44:50.9645433Z [92m [0m[32m 6 passing[0m[90m (24s)[0m
Admin UI E2E (4, chrome)	Run Cypress	2024-10-21T09:44:50.9646507Z 
Admin UI E2E (4, chrome)	Run Cypress	2024-10-21T09:44:51.9809340Z 
Admin UI E2E (4, chrome)	Run Cypress	2024-10-21T09:44:51.9810731Z [32m  ([4m[1mResults[22m[24m)[39m
Admin UI E2E (4, chrome)	Run Cypress	2024-10-21T09:44:51.9813566Z 
Admin UI E2E (4, chrome)	Run Cypress	2024-10-21T09:44:51.9823593Z [90m  â”Œ[39m[90mâ”€[39m[90mâ”€[39m[90mâ”€[39m[90mâ”€[39m[90mâ”€[39m[90mâ”€[39m[90mâ”€[39m[90mâ”€[39m[90mâ”€[39m[90mâ”€[39m[90mâ”€[39m[90mâ”€[39m[90mâ”€[39m[90mâ”€[39m[90mâ”€[39m[90mâ”€[39m[90mâ”€[39m[90mâ”€[39m[90mâ”€[39m[90mâ”€[39m[90mâ”€[39m[90mâ”€[39m[90mâ”€[39m[90mâ”€[39m[90mâ”€[39m[90mâ”€[39m[90mâ”€[39m[90mâ”€[39m[90mâ”€[39m[90mâ”€[39m[90mâ”€[39m[90mâ”€[39m[90mâ”€[39m[90mâ”€[39m[90mâ”€[39m[90mâ”€[39m[90mâ”€[39m[90mâ”€[39m[90mâ”€[39m[90mâ”€[39m[90mâ”€[39m[90mâ”€[39m[90mâ”€[39m[90mâ”€[39m[90mâ”€[39m[90mâ”€[39m[90mâ”€[39m[90mâ”€[39m[90mâ”€[39m[90mâ”€[39m[90mâ”€[39m[90mâ”€[39m[90mâ”€[39m[90mâ”€[39m[90mâ”€[39m[90mâ”€[39m[90mâ”€[39m[90mâ”€[39m[90mâ”€[39m[90mâ”€[39m[90mâ”€[39m[90mâ”€[39m[90mâ”€[39m[90mâ”€[39m[90mâ”€[39m[90mâ”€[39m[90mâ”€[39m[90mâ”€[39m[90mâ”€[39m[90mâ”€[39m[90mâ”€[39m[90mâ”€[39m[90mâ”€[39m[90mâ”€[39m[90mâ”€[39m[90mâ”€[39m[90mâ”€[39m[90mâ”€[39m[90mâ”€[39m[90mâ”€[39m[90mâ”€[39m[90mâ”€[39m[90mâ”€[39m[90mâ”€[39m[90mâ”€[39m[90mâ”€[39m[90mâ”€[39m[90mâ”€[39m[90mâ”€[39m[90mâ”€[39m[90mâ”€[39m[90mâ”€[39m[90mâ”€[39m[90mâ”€[39m[90mâ”€[39m[90mâ”€[39m[90mâ”[39m
Admin UI E2E (4, chrome)	Run Cypress	2024-10-21T09:44:51.9827513Z [90m  â”‚[39m [90mTests:[39m        [32m6[39m                                                                                [90mâ”‚[39m
Admin UI E2E (4, chrome)	Run Cypress	2024-10-21T09:44:51.9828882Z [90m  â”‚[39m [90mPassing:[39m      [32m6[39m                                                                                [90mâ”‚[39m
Admin UI E2E (4, chrome)	Run Cypress	2024-10-21T09:44:51.9829949Z [90m  â”‚[39m [90mFailing:[39m      [32m0[39m                                                                                [90mâ”‚[39m
Admin UI E2E (4, chrome)	Run Cypress	2024-10-21T09:44:51.9830986Z [90m  â”‚[39m [90mPending:[39m      [32m0[39m                                                                                [90mâ”‚[39m
Admin UI E2E (4, chrome)	Run Cypress	2024-10-21T09:44:51.9832193Z [90m  â”‚[39m [90mSkipped:[39m      [32m0[39m                                                                                [90mâ”‚[39m
Admin UI E2E (4, chrome)	Run Cypress	2024-10-21T09:44:51.9834437Z [90m  â”‚[39m [90mScreenshots:[39m  [32m0[39m                                                                                [90mâ”‚[39m
Admin UI E2E (4, chrome)	Run Cypress	2024-10-21T09:44:51.9836486Z [90m  â”‚[39m [90mVideo:[39m        [32mfalse[39m                                                                            [90mâ”‚[39m
Admin UI E2E (4, chrome)	Run Cypress	2024-10-21T09:44:51.9838351Z [90m  â”‚[39m [90mDuration:[39m     [32m24 seconds[39m                                                                       [90mâ”‚[39m
Admin UI E2E (4, chrome)	Run Cypress	2024-10-21T09:44:51.9840440Z [90m  â”‚[39m [90mSpec Ran:[39m     [32m[32mrealm_test.spec.ts[32m[39m                                                               [90mâ”‚[39m
Admin UI E2E (4, chrome)	Run Cypress	2024-10-21T09:44:51.9849520Z [90m  â””[39m[90mâ”€[39m[90mâ”€[39m[90mâ”€[39m[90mâ”€[39m[90mâ”€[39m[90mâ”€[39m[90mâ”€[39m[90mâ”€[39m[90mâ”€[39m[90mâ”€[39m[90mâ”€[39m[90mâ”€[39m[90mâ”€[39m[90mâ”€[39m[90mâ”€[39m[90mâ”€[39m[90mâ”€[39m[90mâ”€[39m[90mâ”€[39m[90mâ”€[39m[90mâ”€[39m[90mâ”€[39m[90mâ”€[39m[90mâ”€[39m[90mâ”€[39m[90mâ”€[39m[90mâ”€[39m[90mâ”€[39m[90mâ”€[39m[90mâ”€[39m[90mâ”€[39m[90mâ”€[39m[90mâ”€[39m[90mâ”€[39m[90mâ”€[39m[90mâ”€[39m[90mâ”€[39m[90mâ”€[39m[90mâ”€[39m[90mâ”€[39m[90mâ”€[39m[90mâ”€[39m[90mâ”€[39m[90mâ”€[39m[90mâ”€[39m[90mâ”€[39m[90mâ”€[39m[90mâ”€[39m[90mâ”€[39m[90mâ”€[39m[90mâ”€[39m[90mâ”€[39m[90mâ”€[39m[90mâ”€[39m[90mâ”€[39m[90mâ”€[39m[90mâ”€[39m[90mâ”€[39m[90mâ”€[39m[90mâ”€[39m[90mâ”€[39m[90mâ”€[39m[90mâ”€[39m[90mâ”€[39m[90mâ”€[39m[90mâ”€[39m[90mâ”€[39m[90mâ”€[39m[90mâ”€[39m[90mâ”€[39m[90mâ”€[39m[90mâ”€[39m[90mâ”€[39m[90mâ”€[39m[90mâ”€[39m[90mâ”€[39m[90mâ”€[39m[90mâ”€[39m[90mâ”€[39m[90mâ”€[39m[90mâ”€[39m[90mâ”€[39m[90mâ”€[39m[90mâ”€[39m[90mâ”€[39m[90mâ”€[39m[90mâ”€[39m[90mâ”€[39m[90mâ”€[39m[90mâ”€[39m[90mâ”€[39m[90mâ”€[39m[90mâ”€[39m[90mâ”€[39m[90mâ”€[39m[90mâ”€[39m[90mâ”˜[39m
Admin UI E2E (4, chrome)	Run Cypress	2024-10-21T09:44:51.9855388Z 
Admin UI E2E (4, chrome)	Run Cypress	2024-10-21T09:44:52.0204842Z 
Admin UI E2E (4, chrome)	Run Cypress	2024-10-21T09:44:52.0217523Z [90mâ”€[39m[90mâ”€[39m[90mâ”€[39m[90mâ”€[39m[90mâ”€[39m[90mâ”€[39m[90mâ”€[39m[90mâ”€[39m[90mâ”€[39m[90mâ”€[39m[90mâ”€[39m[90mâ”€[39m[90mâ”€[39m[90mâ”€[39m[90mâ”€[39m[90mâ”€[39m[90mâ”€[39m[90mâ”€[39m[90mâ”€[39m[90mâ”€[39m[90mâ”€[39m[90mâ”€[39m[90mâ”€[39m[90mâ”€[39m[90mâ”€[39m[90mâ”€[39m[90mâ”€[39m[90mâ”€[39m[90mâ”€[39m[90mâ”€[39m[90mâ”€[39m[90mâ”€[39m[90mâ”€[39m[90mâ”€[39m[90mâ”€[39m[90mâ”€[39m[90mâ”€[39m[90mâ”€[39m[90mâ”€[39m[90mâ”€[39m[90mâ”€[39m[90mâ”€[39m[90mâ”€[39m[90mâ”€[39m[90mâ”€[39m[90mâ”€[39m[90mâ”€[39m[90mâ”€[39m[90mâ”€[39m[90mâ”€[39m[90mâ”€[39m[90mâ”€[39m[90mâ”€[39m[90mâ”€[39m[90mâ”€[39m[90mâ”€[39m[90mâ”€[39m[90mâ”€[39m[90mâ”€[39m[90mâ”€[39m[90mâ”€[39m[90mâ”€[39m[90mâ”€[39m[90mâ”€[39m[90mâ”€[39m[90mâ”€[39m[90mâ”€[39m[90mâ”€[39m[90mâ”€[39m[90mâ”€[39m[90mâ”€[39m[90mâ”€[39m[90mâ”€[39m[90mâ”€[39m[90mâ”€[39m[90mâ”€[39m[90mâ”€[39m[90mâ”€[39m[90mâ”€[39m[90mâ”€[39m[90mâ”€[39m[90mâ”€[39m[90mâ”€[39m[90mâ”€[39m[90mâ”€[39m[90mâ”€[39m[90mâ”€[39m[90mâ”€[39m[90mâ”€[39m[90mâ”€[39m[90mâ”€[39m[90mâ”€[39m[90mâ”€[39m[90mâ”€[39m[90mâ”€[39m[90mâ”€[39m[90mâ”€[39m[90mâ”€[39m[90mâ”€[39m[90mâ”€[39m
Admin UI E2E (4, chrome)	Run Cypress	2024-10-21T09:44:52.0223440Z                                                                                                     
Admin UI E2E (4, chrome)	Run Cypress	2024-10-21T09:44:52.0224841Z   Running:  [90mrealm_user_registration.spec.ts[39m                                                 [90m(6 of 7)[39m
Admin UI E2E (4, chrome)	Run Cypress	2024-10-21T09:44:56.0849904Z 
Admin UI E2E (4, chrome)	Run Cypress	2024-10-21T09:44:56.0851012Z [0m[0m
Admin UI E2E (4, chrome)	Run Cypress	2024-10-21T09:44:56.0872892Z [0m  Realm settings - User registration tab[0m
Admin UI E2E (4, chrome)	Run Cypress	2024-10-21T09:45:01.6780654Z   [32m  âœ“[0m[90m Add admin role[0m[90m (5583ms)[0m
Admin UI E2E (4, chrome)	Run Cypress	2024-10-21T09:45:03.3297491Z   [32m  âœ“[0m[90m Remove admin role[0m[90m (1605ms)[0m
Admin UI E2E (4, chrome)	Run Cypress	2024-10-21T09:45:05.5390768Z   [32m  âœ“[0m[90m Add default group[0m[90m (1748ms)[0m
Admin UI E2E (4, chrome)	Run Cypress	2024-10-21T09:45:05.5392241Z 
Admin UI E2E (4, chrome)	Run Cypress	2024-10-21T09:45:05.5546716Z 
Admin UI E2E (4, chrome)	Run Cypress	2024-10-21T09:45:05.5548183Z [92m [0m[32m 3 passing[0m[90m (9s)[0m
Admin UI E2E (4, chrome)	Run Cypress	2024-10-21T09:45:05.5548985Z 
Admin UI E2E (4, chrome)	Run Cypress	2024-10-21T09:45:06.5751674Z 
Admin UI E2E (4, chrome)	Run Cypress	2024-10-21T09:45:06.5753670Z [32m  ([4m[1mResults[22m[24m)[39m
Admin UI E2E (4, chrome)	Run Cypress	2024-10-21T09:45:06.5757389Z 
Admin UI E2E (4, chrome)	Run Cypress	2024-10-21T09:45:06.5771318Z [90m  â”Œ[39m[90mâ”€[39m[90mâ”€[39m[90mâ”€[39m[90mâ”€[39m[90mâ”€[39m[90mâ”€[39m[90mâ”€[39m[90mâ”€[39m[90mâ”€[39m[90mâ”€[39m[90mâ”€[39m[90mâ”€[39m[90mâ”€[39m[90mâ”€[39m[90mâ”€[39m[90mâ”€[39m[90mâ”€[39m[90mâ”€[39m[90mâ”€[39m[90mâ”€[39m[90mâ”€[39m[90mâ”€[39m[90mâ”€[39m[90mâ”€[39m[90mâ”€[39m[90mâ”€[39m[90mâ”€[39m[90mâ”€[39m[90mâ”€[39m[90mâ”€[39m[90mâ”€[39m[90mâ”€[39m[90mâ”€[39m[90mâ”€[39m[90mâ”€[39m[90mâ”€[39m[90mâ”€[39m[90mâ”€[39m[90mâ”€[39m[90mâ”€[39m[90mâ”€[39m[90mâ”€[39m[90mâ”€[39m[90mâ”€[39m[90mâ”€[39m[90mâ”€[39m[90mâ”€[39m[90mâ”€[39m[90mâ”€[39m[90mâ”€[39m[90mâ”€[39m[90mâ”€[39m[90mâ”€[39m[90mâ”€[39m[90mâ”€[39m[90mâ”€[39m[90mâ”€[39m[90mâ”€[39m[90mâ”€[39m[90mâ”€[39m[90mâ”€[39m[90mâ”€[39m[90mâ”€[39m[90mâ”€[39m[90mâ”€[39m[90mâ”€[39m[90mâ”€[39m[90mâ”€[39m[90mâ”€[39m[90mâ”€[39m[90mâ”€[39m[90mâ”€[39m[90mâ”€[39m[90mâ”€[39m[90mâ”€[39m[90mâ”€[39m[90mâ”€[39m[90mâ”€[39m[90mâ”€[39m[90mâ”€[39m[90mâ”€[39m[90mâ”€[39m[90mâ”€[39m[90mâ”€[39m[90mâ”€[39m[90mâ”€[39m[90mâ”€[39m[90mâ”€[39m[90mâ”€[39m[90mâ”€[39m[90mâ”€[39m[90mâ”€[39m[90mâ”€[39m[90mâ”€[39m[90mâ”€[39m[90mâ”€[39m[90mâ”[39m
Admin UI E2E (4, chrome)	Run Cypress	2024-10-21T09:45:06.5778050Z [90m  â”‚[39m [90mTests:[39m        [32m3[39m                                                                                [90mâ”‚[39m
Admin UI E2E (4, chrome)	Run Cypress	2024-10-21T09:45:06.5779765Z [90m  â”‚[39m [90mPassing:[39m      [32m3[39m                                                                                [90mâ”‚[39m
Admin UI E2E (4, chrome)	Run Cypress	2024-10-21T09:45:06.5781422Z [90m  â”‚[39m [90mFailing:[39m      [32m0[39m                                                                                [90mâ”‚[39m
Admin UI E2E (4, chrome)	Run Cypress	2024-10-21T09:45:06.5782997Z [90m  â”‚[39m [90mPending:[39m      [32m0[39m                                                                                [90mâ”‚[39m
Admin UI E2E (4, chrome)	Run Cypress	2024-10-21T09:45:06.5784514Z [90m  â”‚[39m [90mSkipped:[39m      [32m0[39m                                                                                [90mâ”‚[39m
Admin UI E2E (4, chrome)	Run Cypress	2024-10-21T09:45:06.5786034Z [90m  â”‚[39m [90mScreenshots:[39m  [32m0[39m                                                                                [90mâ”‚[39m
Admin UI E2E (4, chrome)	Run Cypress	2024-10-21T09:45:06.5787694Z [90m  â”‚[39m [90mVideo:[39m        [32mfalse[39m                                                                            [90mâ”‚[39m
Admin UI E2E (4, chrome)	Run Cypress	2024-10-21T09:45:06.5789363Z [90m  â”‚[39m [90mDuration:[39m     [32m9 seconds[39m                                                                        [90mâ”‚[39m
Admin UI E2E (4, chrome)	Run Cypress	2024-10-21T09:45:06.5791219Z [90m  â”‚[39m [90mSpec Ran:[39m     [32m[32mrealm_user_registration.spec.ts[32m[39m                                                  [90mâ”‚[39m
Admin UI E2E (4, chrome)	Run Cypress	2024-10-21T09:45:06.5799793Z [90m  â””[39m[90mâ”€[39m[90mâ”€[39m[90mâ”€[39m[90mâ”€[39m[90mâ”€[39m[90mâ”€[39m[90mâ”€[39m[90mâ”€[39m[90mâ”€[39m[90mâ”€[39m[90mâ”€[39m[90mâ”€[39m[90mâ”€[39m[90mâ”€[39m[90mâ”€[39m[90mâ”€[39m[90mâ”€[39m[90mâ”€[39m[90mâ”€[39m[90mâ”€[39m[90mâ”€[39m[90mâ”€[39m[90mâ”€[39m[90mâ”€[39m[90mâ”€[39m[90mâ”€[39m[90mâ”€[39m[90mâ”€[39m[90mâ”€[39m[90mâ”€[39m[90mâ”€[39m[90mâ”€[39m[90mâ”€[39m[90mâ”€[39m[90mâ”€[39m[90mâ”€[39m[90mâ”€[39m[90mâ”€[39m[90mâ”€[39m[90mâ”€[39m[90mâ”€[39m[90mâ”€[39m[90mâ”€[39m[90mâ”€[39m[90mâ”€[39m[90mâ”€[39m[90mâ”€[39m[90mâ”€[39m[90mâ”€[39m[90mâ”€[39m[90mâ”€[39m[90mâ”€[39m[90mâ”€[39m[90mâ”€[39m[90mâ”€[39m[90mâ”€[39m[90mâ”€[39m[90mâ”€[39m[90mâ”€[39m[90mâ”€[39m[90mâ”€[39m[90mâ”€[39m[90mâ”€[39m[90mâ”€[39m[90mâ”€[39m[90mâ”€[39m[90mâ”€[39m[90mâ”€[39m[90mâ”€[39m[90mâ”€[39m[90mâ”€[39m[90mâ”€[39m[90mâ”€[39m[90mâ”€[39m[90mâ”€[39m[90mâ”€[39m[90mâ”€[39m[90mâ”€[39m[90mâ”€[39m[90mâ”€[39m[90mâ”€[39m[90mâ”€[39m[90mâ”€[39m[90mâ”€[39m[90mâ”€[39m[90mâ”€[39m[90mâ”€[39m[90mâ”€[39m[90mâ”€[39m[90mâ”€[39m[90mâ”€[39m[90mâ”€[39m[90mâ”€[39m[90mâ”€[39m[90mâ”€[39m[90mâ”€[39m[90mâ”˜[39m
Admin UI E2E (4, chrome)	Run Cypress	2024-10-21T09:45:06.5805622Z 
Admin UI E2E (4, chrome)	Run Cypress	2024-10-21T09:45:06.6098265Z 
Admin UI E2E (4, chrome)	Run Cypress	2024-10-21T09:45:06.6112734Z [90mâ”€[39m[90mâ”€[39m[90mâ”€[39m[90mâ”€[39m[90mâ”€[39m[90mâ”€[39m[90mâ”€[39m[90mâ”€[39m[90mâ”€[39m[90mâ”€[39m[90mâ”€[39m[90mâ”€[39m[90mâ”€[39m[90mâ”€[39m[90mâ”€[39m[90mâ”€[39m[90mâ”€[39m[90mâ”€[39m[90mâ”€[39m[90mâ”€[39m[90mâ”€[39m[90mâ”€[39m[90mâ”€[39m[90mâ”€[39m[90mâ”€[39m[90mâ”€[39m[90mâ”€[39m[90mâ”€[39m[90mâ”€[39m[90mâ”€[39m[90mâ”€[39m[90mâ”€[39m[90mâ”€[39m[90mâ”€[39m[90mâ”€[39m[90mâ”€[39m[90mâ”€[39m[90mâ”€[39m[90mâ”€[39m[90mâ”€[39m[90mâ”€[39m[90mâ”€[39m[90mâ”€[39m[90mâ”€[39m[90mâ”€[39m[90mâ”€[39m[90mâ”€[39m[90mâ”€[39m[90mâ”€[39m[90mâ”€[39m[90mâ”€[39m[90mâ”€[39m[90mâ”€[39m[90mâ”€[39m[90mâ”€[39m[90mâ”€[39m[90mâ”€[39m[90mâ”€[39m[90mâ”€[39m[90mâ”€[39m[90mâ”€[39m[90mâ”€[39m[90mâ”€[39m[90mâ”€[39m[90mâ”€[39m[90mâ”€[39m[90mâ”€[39m[90mâ”€[39m[90mâ”€[39m[90mâ”€[39m[90mâ”€[39m[90mâ”€[39m[90mâ”€[39m[90mâ”€[39m[90mâ”€[39m[90mâ”€[39m[90mâ”€[39m[90mâ”€[39m[90mâ”€[39m[90mâ”€[39m[90mâ”€[39m[90mâ”€[39m[90mâ”€[39m[90mâ”€[39m[90mâ”€[39m[90mâ”€[39m[90mâ”€[39m[90mâ”€[39m[90mâ”€[39m[90mâ”€[39m[90mâ”€[39m[90mâ”€[39m[90mâ”€[39m[90mâ”€[39m[90mâ”€[39m[90mâ”€[39m[90mâ”€[39m[90mâ”€[39m[90mâ”€[39m[90mâ”€[39m
Admin UI E2E (4, chrome)	Run Cypress	2024-10-21T09:45:06.6119737Z                                                                                                     
Admin UI E2E (4, chrome)	Run Cypress	2024-10-21T09:45:06.6121154Z   Running:  [90msessions_test.spec.ts[39m                                                           [90m(7 of 7)[39m
Admin UI E2E (4, chrome)	Run Cypress	2024-10-21T09:45:10.0267169Z 
Admin UI E2E (4, chrome)	Run Cypress	2024-10-21T09:45:10.0268152Z [0m[0m
Admin UI E2E (4, chrome)	Run Cypress	2024-10-21T09:45:10.0292809Z [0m  Sessions test[0m
Admin UI E2E (4, chrome)	Run Cypress	2024-10-21T09:45:10.0295260Z [0m    Sessions list view[0m
Admin UI E2E (4, chrome)	Run Cypress	2024-10-21T09:45:14.3813649Z     [32m  âœ“[0m[90m check item values[0m[90m (4325ms)[0m
Admin UI E2E (4, chrome)	Run Cypress	2024-10-21T09:45:16.1479153Z     [32m  âœ“[0m[90m go to item accessed clients link[0m[90m (1724ms)[0m
Admin UI E2E (4, chrome)	Run Cypress	2024-10-21T09:45:16.1688121Z [0m    Offline sessions[0m
Admin UI E2E (4, chrome)	Run Cypress	2024-10-21T09:45:21.0995023Z     [32m  âœ“[0m[90m check offline token[0m[90m (4502ms)[0m
Admin UI E2E (4, chrome)	Run Cypress	2024-10-21T09:45:21.1099961Z [0m    Search[0m
Admin UI E2E (4, chrome)	Run Cypress	2024-10-21T09:45:22.6541440Z     [32m  âœ“[0m[90m search existing session[0m[90m (1514ms)[0m
Admin UI E2E (4, chrome)	Run Cypress	2024-10-21T09:45:24.3699560Z     [32m  âœ“[0m[90m search non-existant session[0m[90m (1678ms)[0m
Admin UI E2E (4, chrome)	Run Cypress	2024-10-21T09:45:24.3806017Z [0m    revocation[0m
Admin UI E2E (4, chrome)	Run Cypress	2024-10-21T09:45:24.3922269Z     [36m  - Clear revocation notBefore[0m
Admin UI E2E (4, chrome)	Run Cypress	2024-10-21T09:45:24.3946055Z     [36m  - Check if notBefore cleared[0m
Admin UI E2E (4, chrome)	Run Cypress	2024-10-21T09:45:24.3953168Z     [36m  - Set revocation notBefore[0m
Admin UI E2E (4, chrome)	Run Cypress	2024-10-21T09:45:24.3960566Z     [36m  - Check if notBefore saved[0m
Admin UI E2E (4, chrome)	Run Cypress	2024-10-21T09:45:24.3966584Z     [36m  - Push when URI not configured[0m
Admin UI E2E (4, chrome)	Run Cypress	2024-10-21T09:45:24.4059353Z [0m    Accessibility tests for sessions[0m
Admin UI E2E (4, chrome)	Run Cypress	2024-10-21T09:45:27.2171698Z     [32m  âœ“[0m[90m Check a11y violations on load/ sessions[0m[90m (2802ms)[0m
Admin UI E2E (4, chrome)	Run Cypress	2024-10-21T09:45:30.3148963Z     [32m  âœ“[0m[90m Check a11y violations on revocation dialog[0m[90m (3071ms)[0m
Admin UI E2E (4, chrome)	Run Cypress	2024-10-21T09:45:33.3554248Z     [32m  âœ“[0m[90m Check a11y violations on sign out all active sessions dialog[0m[90m (3008ms)[0m
Admin UI E2E (4, chrome)	Run Cypress	2024-10-21T09:45:33.3555956Z 
Admin UI E2E (4, chrome)	Run Cypress	2024-10-21T09:45:33.3717612Z 
Admin UI E2E (4, chrome)	Run Cypress	2024-10-21T09:45:33.3718801Z [92m [0m[32m 8 passing[0m[90m (23s)[0m
Admin UI E2E (4, chrome)	Run Cypress	2024-10-21T09:45:33.3719620Z [36m [0m[36m 5 pending[0m
Admin UI E2E (4, chrome)	Run Cypress	2024-10-21T09:45:33.3719979Z 
Admin UI E2E (4, chrome)	Run Cypress	2024-10-21T09:45:34.4006466Z 
Admin UI E2E (4, chrome)	Run Cypress	2024-10-21T09:45:34.4008163Z [32m  ([4m[1mResults[22m[24m)[39m
Admin UI E2E (4, chrome)	Run Cypress	2024-10-21T09:45:34.4013460Z 
Admin UI E2E (4, chrome)	Run Cypress	2024-10-21T09:45:34.4027327Z [90m  â”Œ[39m[90mâ”€[39m[90mâ”€[39m[90mâ”€[39m[90mâ”€[39m[90mâ”€[39m[90mâ”€[39m[90mâ”€[39m[90mâ”€[39m[90mâ”€[39m[90mâ”€[39m[90mâ”€[39m[90mâ”€[39m[90mâ”€[39m[90mâ”€[39m[90mâ”€[39m[90mâ”€[39m[90mâ”€[39m[90mâ”€[39m[90mâ”€[39m[90mâ”€[39m[90mâ”€[39m[90mâ”€[39m[90mâ”€[39m[90mâ”€[39m[90mâ”€[39m[90mâ”€[39m[90mâ”€[39m[90mâ”€[39m[90mâ”€[39m[90mâ”€[39m[90mâ”€[39m[90mâ”€[39m[90mâ”€[39m[90mâ”€[39m[90mâ”€[39m[90mâ”€[39m[90mâ”€[39m[90mâ”€[39m[90mâ”€[39m[90mâ”€[39m[90mâ”€[39m[90mâ”€[39m[90mâ”€[39m[90mâ”€[39m[90mâ”€[39m[90mâ”€[39m[90mâ”€[39m[90mâ”€[39m[90mâ”€[39m[90mâ”€[39m[90mâ”€[39m[90mâ”€[39m[90mâ”€[39m[90mâ”€[39m[90mâ”€[39m[90mâ”€[39m[90mâ”€[39m[90mâ”€[39m[90mâ”€[39m[90mâ”€[39m[90mâ”€[39m[90mâ”€[39m[90mâ”€[39m[90mâ”€[39m[90mâ”€[39m[90mâ”€[39m[90mâ”€[39m[90mâ”€[39m[90mâ”€[39m[90mâ”€[39m[90mâ”€[39m[90mâ”€[39m[90mâ”€[39m[90mâ”€[39m[90mâ”€[39m[90mâ”€[39m[90mâ”€[39m[90mâ”€[39m[90mâ”€[39m[90mâ”€[39m[90mâ”€[39m[90mâ”€[39m[90mâ”€[39m[90mâ”€[39m[90mâ”€[39m[90mâ”€[39m[90mâ”€[39m[90mâ”€[39m[90mâ”€[39m[90mâ”€[39m[90mâ”€[39m[90mâ”€[39m[90mâ”€[39m[90mâ”€[39m[90mâ”€[39m[90mâ”€[39m[90mâ”[39m
Admin UI E2E (4, chrome)	Run Cypress	2024-10-21T09:45:34.4034257Z [90m  â”‚[39m [90mTests:[39m        [32m13[39m                                                                               [90mâ”‚[39m
Admin UI E2E (4, chrome)	Run Cypress	2024-10-21T09:45:34.4036134Z [90m  â”‚[39m [90mPassing:[39m      [32m8[39m                                                                                [90mâ”‚[39m
Admin UI E2E (4, chrome)	Run Cypress	2024-10-21T09:45:34.4037759Z [90m  â”‚[39m [90mFailing:[39m      [32m0[39m                                                                                [90mâ”‚[39m
Admin UI E2E (4, chrome)	Run Cypress	2024-10-21T09:45:34.4039324Z [90m  â”‚[39m [90mPending:[39m      [32m5[39m                                                                                [90mâ”‚[39m
Admin UI E2E (4, chrome)	Run Cypress	2024-10-21T09:45:34.4040913Z [90m  â”‚[39m [90mSkipped:[39m      [32m0[39m                                                                                [90mâ”‚[39m
Admin UI E2E (4, chrome)	Run Cypress	2024-10-21T09:45:34.4042537Z [90m  â”‚[39m [90mScreenshots:[39m  [32m0[39m                                                                                [90mâ”‚[39m
Admin UI E2E (4, chrome)	Run Cypress	2024-10-21T09:45:34.4044184Z [90m  â”‚[39m [90mVideo:[39m        [32mfalse[39m                                                                            [90mâ”‚[39m
Admin UI E2E (4, chrome)	Run Cypress	2024-10-21T09:45:34.4045831Z [90m  â”‚[39m [90mDuration:[39m     [32m23 seconds[39m                                                                       [90mâ”‚[39m
Admin UI E2E (4, chrome)	Run Cypress	2024-10-21T09:45:34.4047681Z [90m  â”‚[39m [90mSpec Ran:[39m     [32m[32msessions_test.spec.ts[32m[39m                                                            [90mâ”‚[39m
Admin UI E2E (4, chrome)	Run Cypress	2024-10-21T09:45:34.4056465Z [90m  â””[39m[90mâ”€[39m[90mâ”€[39m[90mâ”€[39m[90mâ”€[39m[90mâ”€[39m[90mâ”€[39m[90mâ”€[39m[90mâ”€[39m[90mâ”€[39m[90mâ”€[39m[90mâ”€[39m[90mâ”€[39m[90mâ”€[39m[90mâ”€[39m[90mâ”€[39m[90mâ”€[39m[90mâ”€[39m[90mâ”€[39m[90mâ”€[39m[90mâ”€[39m[90mâ”€[39m[90mâ”€[39m[90mâ”€[39m[90mâ”€[39m[90mâ”€[39m[90mâ”€[39m[90mâ”€[39m[90mâ”€[39m[90mâ”€[39m[90mâ”€[39m[90mâ”€[39m[90mâ”€[39m[90mâ”€[39m[90mâ”€[39m[90mâ”€[39m[90mâ”€[39m[90mâ”€[39m[90mâ”€[39m[90mâ”€[39m[90mâ”€[39m[90mâ”€[39m[90mâ”€[39m[90mâ”€[39m[90mâ”€[39m[90mâ”€[39m[90mâ”€[39m[90mâ”€[39m[90mâ”€[39m[90mâ”€[39m[90mâ”€[39m[90mâ”€[39m[90mâ”€[39m[90mâ”€[39m[90mâ”€[39m[90mâ”€[39m[90mâ”€[39m[90mâ”€[39m[90mâ”€[39m[90mâ”€[39m[90mâ”€[39m[90mâ”€[39m[90mâ”€[39m[90mâ”€[39m[90mâ”€[39m[90mâ”€[39m[90mâ”€[39m[90mâ”€[39m[90mâ”€[39m[90mâ”€[39m[90mâ”€[39m[90mâ”€[39m[90mâ”€[39m[90mâ”€[39m[90mâ”€[39m[90mâ”€[39m[90mâ”€[39m[90mâ”€[39m[90mâ”€[39m[90mâ”€[39m[90mâ”€[39m[90mâ”€[39m[90mâ”€[39m[90mâ”€[39m[90mâ”€[39m[90mâ”€[39m[90mâ”€[39m[90mâ”€[39m[90mâ”€[39m[90mâ”€[39m[90mâ”€[39m[90mâ”€[39m[90mâ”€[39m[90mâ”€[39m[90mâ”€[39m[90mâ”€[39m[90mâ”€[39m[90mâ”˜[39m
Admin UI E2E (4, chrome)	Run Cypress	2024-10-21T09:45:34.4062049Z 
Admin UI E2E (4, chrome)	Run Cypress	2024-10-21T09:45:34.4104865Z 
Admin UI E2E (4, chrome)	Run Cypress	2024-10-21T09:45:34.4668822Z [90m====================================================================================================[39m
Admin UI E2E (4, chrome)	Run Cypress	2024-10-21T09:45:34.4669461Z 
Admin UI E2E (4, chrome)	Run Cypress	2024-10-21T09:45:34.4669884Z [0m  ([4m[1mRun Finished[22m[24m)[0m
Admin UI E2E (4, chrome)	Run Cypress	2024-10-21T09:45:34.4686829Z 
Admin UI E2E (4, chrome)	Run Cypress	2024-10-21T09:45:34.4686960Z 
Admin UI E2E (4, chrome)	Run Cypress	2024-10-21T09:45:34.4715636Z [90m   [39m    [90mSpec[39m                                              [90mTests[39m  [90mPassing[39m  [90mFailing[39m  [90mPending[39m  [90mSkipped[39m [90m [39m
Admin UI E2E (4, chrome)	Run Cypress	2024-10-21T09:45:34.4724931Z [90m  â”Œ[39m[90mâ”€[39m[90mâ”€[39m[90mâ”€[39m[90mâ”€[39m[90mâ”€[39m[90mâ”€[39m[90mâ”€[39m[90mâ”€[39m[90mâ”€[39m[90mâ”€[39m[90mâ”€[39m[90mâ”€[39m[90mâ”€[39m[90mâ”€[39m[90mâ”€[39m[90mâ”€[39m[90mâ”€[39m[90mâ”€[39m[90mâ”€[39m[90mâ”€[39m[90mâ”€[39m[90mâ”€[39m[90mâ”€[39m[90mâ”€[39m[90mâ”€[39m[90mâ”€[39m[90mâ”€[39m[90mâ”€[39m[90mâ”€[39m[90mâ”€[39m[90mâ”€[39m[90mâ”€[39m[90mâ”€[39m[90mâ”€[39m[90mâ”€[39m[90mâ”€[39m[90mâ”€[39m[90mâ”€[39m[90mâ”€[39m[90mâ”€[39m[90mâ”€[39m[90mâ”€[39m[90mâ”€[39m[90mâ”€[39m[90mâ”€[39m[90mâ”€[39m[90mâ”€[39m[90mâ”€[39m[90mâ”€[39m[90mâ”€[39m[90mâ”€[39m[90mâ”€[39m[90mâ”€[39m[90mâ”€[39m[90mâ”€[39m[90mâ”€[39m[90mâ”€[39m[90mâ”€[39m[90mâ”€[39m[90mâ”€[39m[90mâ”€[39m[90mâ”€[39m[90mâ”€[39m[90mâ”€[39m[90mâ”€[39m[90mâ”€[39m[90mâ”€[39m[90mâ”€[39m[90mâ”€[39m[90mâ”€[39m[90mâ”€[39m[90mâ”€[39m[90mâ”€[39m[90mâ”€[39m[90mâ”€[39m[90mâ”€[39m[90mâ”€[39m[90mâ”€[39m[90mâ”€[39m[90mâ”€[39m[90mâ”€[39m[90mâ”€[39m[90mâ”€[39m[90mâ”€[39m[90mâ”€[39m[90mâ”€[39m[90mâ”€[39m[90mâ”€[39m[90mâ”€[39m[90mâ”€[39m[90mâ”€[39m[90mâ”€[39m[90mâ”€[39m[90mâ”€[39m[90mâ”€[39m[90mâ”€[39m[90mâ”[39m
Admin UI E2E (4, chrome)	Run Cypress	2024-10-21T09:45:34.4732554Z [90m  â”‚[39m [32mâœ”[39m  [0mrealm_settings_events_test.spec.ts[0m       [90m01:26[39m       [0m22[0m       [32m21[39m        [90m-[39m        [36m1[39m        [90m-[39m [90mâ”‚[39m
Admin UI E2E (4, chrome)	Run Cypress	2024-10-21T09:45:34.4741766Z [90m  â”œ[39m[90mâ”€[39m[90mâ”€[39m[90mâ”€[39m[90mâ”€[39m[90mâ”€[39m[90mâ”€[39m[90mâ”€[39m[90mâ”€[39m[90mâ”€[39m[90mâ”€[39m[90mâ”€[39m[90mâ”€[39m[90mâ”€[39m[90mâ”€[39m[90mâ”€[39m[90mâ”€[39m[90mâ”€[39m[90mâ”€[39m[90mâ”€[39m[90mâ”€[39m[90mâ”€[39m[90mâ”€[39m[90mâ”€[39m[90mâ”€[39m[90mâ”€[39m[90mâ”€[39m[90mâ”€[39m[90mâ”€[39m[90mâ”€[39m[90mâ”€[39m[90mâ”€[39m[90mâ”€[39m[90mâ”€[39m[90mâ”€[39m[90mâ”€[39m[90mâ”€[39m[90mâ”€[39m[90mâ”€[39m[90mâ”€[39m[90mâ”€[39m[90mâ”€[39m[90mâ”€[39m[90mâ”€[39m[90mâ”€[39m[90mâ”€[39m[90mâ”€[39m[90mâ”€[39m[90mâ”€[39m[90mâ”€[39m[90mâ”€[39m[90mâ”€[39m[90mâ”€[39m[90mâ”€[39m[90mâ”€[39m[90mâ”€[39m[90mâ”€[39m[90mâ”€[39m[90mâ”€[39m[90mâ”€[39m[90mâ”€[39m[90mâ”€[39m[90mâ”€[39m[90mâ”€[39m[90mâ”€[39m[90mâ”€[39m[90mâ”€[39m[90mâ”€[39m[90mâ”€[39m[90mâ”€[39m[90mâ”€[39m[90mâ”€[39m[90mâ”€[39m[90mâ”€[39m[90mâ”€[39m[90mâ”€[39m[90mâ”€[39m[90mâ”€[39m[90mâ”€[39m[90mâ”€[39m[90mâ”€[39m[90mâ”€[39m[90mâ”€[39m[90mâ”€[39m[90mâ”€[39m[90mâ”€[39m[90mâ”€[39m[90mâ”€[39m[90mâ”€[39m[90mâ”€[39m[90mâ”€[39m[90mâ”€[39m[90mâ”€[39m[90mâ”€[39m[90mâ”€[39m[90mâ”€[39m[90mâ”€[39m[90mâ”¤[39m
Admin UI E2E (4, chrome)	Run Cypress	2024-10-21T09:45:34.4750034Z [90m  â”‚[39m [31mâœ–[39m  [0mrealm_settings_general_tab_test.spe[0m      [90m02:44[39m       [0m16[0m       [32m15[39m        [31m1[39m        [90m-[39m        [90m-[39m [90mâ”‚[39m
Admin UI E2E (4, chrome)	Run Cypress	2024-10-21T09:45:34.4752082Z [90m  â”‚[39m    [0mc.ts[0m                                                                                        [90mâ”‚[39m
Admin UI E2E (4, chrome)	Run Cypress	2024-10-21T09:45:34.4766447Z [90m  â”œ[39m[90mâ”€[39m[90mâ”€[39m[90mâ”€[39m[90mâ”€[39m[90mâ”€[39m[90mâ”€[39m[90mâ”€[39m[90mâ”€[39m[90mâ”€[39m[90mâ”€[39m[90mâ”€[39m[90mâ”€[39m[90mâ”€[39m[90mâ”€[39m[90mâ”€[39m[90mâ”€[39m[90mâ”€[39m[90mâ”€[39m[90mâ”€[39m[90mâ”€[39m[90mâ”€[39m[90mâ”€[39m[90mâ”€[39m[90mâ”€[39m[90mâ”€[39m[90mâ”€[39m[90mâ”€[39m[90mâ”€[39m[90mâ”€[39m[90mâ”€[39m[90mâ”€[39m[90mâ”€[39m[90mâ”€[39m[90mâ”€[39m[90mâ”€[39m[90mâ”€[39m[90mâ”€[39m[90mâ”€[39m[90mâ”€[39m[90mâ”€[39m[90mâ”€[39m[90mâ”€[39m[90mâ”€[39m[90mâ”€[39m[90mâ”€[39m[90mâ”€[39m[90mâ”€[39m[90mâ”€[39m[90mâ”€[39m[90mâ”€[39m[90mâ”€[39m[90mâ”€[39m[90mâ”€[39m[90mâ”€[39m[90mâ”€[39m[90mâ”€[39m[90mâ”€[39m[90mâ”€[39m[90mâ”€[39m[90mâ”€[39m[90mâ”€[39m[90mâ”€[39m[90mâ”€[39m[90mâ”€[39m[90mâ”€[39m[90mâ”€[39m[90mâ”€[39m[90mâ”€[39m[90mâ”€[39m[90mâ”€[39m[90mâ”€[39m[90mâ”€[39m[90mâ”€[39m[90mâ”€[39m[90mâ”€[39m[90mâ”€[39m[90mâ”€[39m[90mâ”€[39m[90mâ”€[39m[90mâ”€[39m[90mâ”€[39m[90mâ”€[39m[90mâ”€[39m[90mâ”€[39m[90mâ”€[39m[90mâ”€[39m[90mâ”€[39m[90mâ”€[39m[90mâ”€[39m[90mâ”€[39m[90mâ”€[39m[90mâ”€[39m[90mâ”€[39m[90mâ”€[39m[90mâ”€[39m[90mâ”€[39m[90mâ”¤[39m
Admin UI E2E (4, chrome)	Run Cypress	2024-10-21T09:45:34.4773847Z [90m  â”‚[39m [32mâœ”[39m  [0mrealm_settings_tabs_test.spec.ts[0m         [90m01:51[39m       [0m35[0m       [32m35[39m        [90m-[39m        [90m-[39m        [90m-[39m [90mâ”‚[39m
Admin UI E2E (4, chrome)	Run Cypress	2024-10-21T09:45:34.4786287Z [90m  â”œ[39m[90mâ”€[39m[90mâ”€[39m[90mâ”€[39m[90mâ”€[39m[90mâ”€[39m[90mâ”€[39m[90mâ”€[39m[90mâ”€[39m[90mâ”€[39m[90mâ”€[39m[90mâ”€[39m[90mâ”€[39m[90mâ”€[39m[90mâ”€[39m[90mâ”€[39m[90mâ”€[39m[90mâ”€[39m[90mâ”€[39m[90mâ”€[39m[90mâ”€[39m[90mâ”€[39m[90mâ”€[39m[90mâ”€[39m[90mâ”€[39m[90mâ”€[39m[90mâ”€[39m[90mâ”€[39m[90mâ”€[39m[90mâ”€[39m[90mâ”€[39m[90mâ”€[39m[90mâ”€[39m[90mâ”€[39m[90mâ”€[39m[90mâ”€[39m[90mâ”€[39m[90mâ”€[39m[90mâ”€[39m[90mâ”€[39m[90mâ”€[39m[90mâ”€[39m[90mâ”€[39m[90mâ”€[39m[90mâ”€[39m[90mâ”€[39m[90mâ”€[39m[90mâ”€[39m[90mâ”€[39m[90mâ”€[39m[90mâ”€[39m[90mâ”€[39m[90mâ”€[39m[90mâ”€[39m[90mâ”€[39m[90mâ”€[39m[90mâ”€[39m[90mâ”€[39m[90mâ”€[39m[90mâ”€[39m[90mâ”€[39m[90mâ”€[39m[90mâ”€[39m[90mâ”€[39m[90mâ”€[39m[90mâ”€[39m[90mâ”€[39m[90mâ”€[39m[90mâ”€[39m[90mâ”€[39m[90mâ”€[39m[90mâ”€[39m[90mâ”€[39m[90mâ”€[39m[90mâ”€[39m[90mâ”€[39m[90mâ”€[39m[90mâ”€[39m[90mâ”€[39m[90mâ”€[39m[90mâ”€[39m[90mâ”€[39m[90mâ”€[39m[90mâ”€[39m[90mâ”€[39m[90mâ”€[39m[90mâ”€[39m[90mâ”€[39m[90mâ”€[39m[90mâ”€[39m[90mâ”€[39m[90mâ”€[39m[90mâ”€[39m[90mâ”€[39m[90mâ”€[39m[90mâ”€[39m[90mâ”€[39m[90mâ”¤[39m
Admin UI E2E (4, chrome)	Run Cypress	2024-10-21T09:45:34.4798837Z [90m  â”‚[39m [32mâœ”[39m  [0mrealm_settings_user_profile_enabled[0m      [90m01:21[39m       [0m15[0m       [32m15[39m        [90m-[39m        [90m-[39m        [90m-[39m [90mâ”‚[39m
Admin UI E2E (4, chrome)	Run Cypress	2024-10-21T09:45:34.4800729Z [90m  â”‚[39m    [0m.spec.ts[0m                                                                                    [90mâ”‚[39m
Admin UI E2E (4, chrome)	Run Cypress	2024-10-21T09:45:34.4809497Z [90m  â”œ[39m[90mâ”€[39m[90mâ”€[39m[90mâ”€[39m[90mâ”€[39m[90mâ”€[39m[90mâ”€[39m[90mâ”€[39m[90mâ”€[39m[90mâ”€[39m[90mâ”€[39m[90mâ”€[39m[90mâ”€[39m[90mâ”€[39m[90mâ”€[39m[90mâ”€[39m[90mâ”€[39m[90mâ”€[39m[90mâ”€[39m[90mâ”€[39m[90mâ”€[39m[90mâ”€[39m[90mâ”€[39m[90mâ”€[39m[90mâ”€[39m[90mâ”€[39m[90mâ”€[39m[90mâ”€[39m[90mâ”€[39m[90mâ”€[39m[90mâ”€[39m[90mâ”€[39m[90mâ”€[39m[90mâ”€[39m[90mâ”€[39m[90mâ”€[39m[90mâ”€[39m[90mâ”€[39m[90mâ”€[39m[90mâ”€[39m[90mâ”€[39m[90mâ”€[39m[90mâ”€[39m[90mâ”€[39m[90mâ”€[39m[90mâ”€[39m[90mâ”€[39m[90mâ”€[39m[90mâ”€[39m[90mâ”€[39m[90mâ”€[39m[90mâ”€[39m[90mâ”€[39m[90mâ”€[39m[90mâ”€[39m[90mâ”€[39m[90mâ”€[39m[90mâ”€[39m[90mâ”€[39m[90mâ”€[39m[90mâ”€[39m[90mâ”€[39m[90mâ”€[39m[90mâ”€[39m[90mâ”€[39m[90mâ”€[39m[90mâ”€[39m[90mâ”€[39m[90mâ”€[39m[90mâ”€[39m[90mâ”€[39m[90mâ”€[39m[90mâ”€[39m[90mâ”€[39m[90mâ”€[39m[90mâ”€[39m[90mâ”€[39m[90mâ”€[39m[90mâ”€[39m[90mâ”€[39m[90mâ”€[39m[90mâ”€[39m[90mâ”€[39m[90mâ”€[39m[90mâ”€[39m[90mâ”€[39m[90mâ”€[39m[90mâ”€[39m[90mâ”€[39m[90mâ”€[39m[90mâ”€[39m[90mâ”€[39m[90mâ”€[39m[90mâ”€[39m[90mâ”€[39m[90mâ”€[39m[90mâ”€[39m[90mâ”¤[39m
Admin UI E2E (4, chrome)	Run Cypress	2024-10-21T09:45:34.4816646Z [90m  â”‚[39m [32mâœ”[39m  [0mrealm_test.spec.ts[0m                       [90m00:24[39m        [0m6[0m        [32m6[39m        [90m-[39m        [90m-[39m        [90m-[39m [90mâ”‚[39m
Admin UI E2E (4, chrome)	Run Cypress	2024-10-21T09:45:34.4826244Z [90m  â”œ[39m[90mâ”€[39m[90mâ”€[39m[90mâ”€[39m[90mâ”€[39m[90mâ”€[39m[90mâ”€[39m[90mâ”€[39m[90mâ”€[39m[90mâ”€[39m[90mâ”€[39m[90mâ”€[39m[90mâ”€[39m[90mâ”€[39m[90mâ”€[39m[90mâ”€[39m[90mâ”€[39m[90mâ”€[39m[90mâ”€[39m[90mâ”€[39m[90mâ”€[39m[90mâ”€[39m[90mâ”€[39m[90mâ”€[39m[90mâ”€[39m[90mâ”€[39m[90mâ”€[39m[90mâ”€[39m[90mâ”€[39m[90mâ”€[39m[90mâ”€[39m[90mâ”€[39m[90mâ”€[39m[90mâ”€[39m[90mâ”€[39m[90mâ”€[39m[90mâ”€[39m[90mâ”€[39m[90mâ”€[39m[90mâ”€[39m[90mâ”€[39m[90mâ”€[39m[90mâ”€[39m[90mâ”€[39m[90mâ”€[39m[90mâ”€[39m[90mâ”€[39m[90mâ”€[39m[90mâ”€[39m[90mâ”€[39m[90mâ”€[39m[90mâ”€[39m[90mâ”€[39m[90mâ”€[39m[90mâ”€[39m[90mâ”€[39m[90mâ”€[39m[90mâ”€[39m[90mâ”€[39m[90mâ”€[39m[90mâ”€[39m[90mâ”€[39m[90mâ”€[39m[90mâ”€[39m[90mâ”€[39m[90mâ”€[39m[90mâ”€[39m[90mâ”€[39m[90mâ”€[39m[90mâ”€[39m[90mâ”€[39m[90mâ”€[39m[90mâ”€[39m[90mâ”€[39m[90mâ”€[39m[90mâ”€[39m[90mâ”€[39m[90mâ”€[39m[90mâ”€[39m[90mâ”€[39m[90mâ”€[39m[90mâ”€[39m[90mâ”€[39m[90mâ”€[39m[90mâ”€[39m[90mâ”€[39m[90mâ”€[39m[90mâ”€[39m[90mâ”€[39m[90mâ”€[39m[90mâ”€[39m[90mâ”€[39m[90mâ”€[39m[90mâ”€[39m[90mâ”€[39m[90mâ”€[39m[90mâ”€[39m[90mâ”¤[39m
Admin UI E2E (4, chrome)	Run Cypress	2024-10-21T09:45:34.4837151Z [90m  â”‚[39m [32mâœ”[39m  [0mrealm_user_registration.spec.ts[0m          [90m00:09[39m        [0m3[0m        [32m3[39m        [90m-[39m        [90m-[39m        [90m-[39m [90mâ”‚[39m
Admin UI E2E (4, chrome)	Run Cypress	2024-10-21T09:45:34.4846521Z [90m  â”œ[39m[90mâ”€[39m[90mâ”€[39m[90mâ”€[39m[90mâ”€[39m[90mâ”€[39m[90mâ”€[39m[90mâ”€[39m[90mâ”€[39m[90mâ”€[39m[90mâ”€[39m[90mâ”€[39m[90mâ”€[39m[90mâ”€[39m[90mâ”€[39m[90mâ”€[39m[90mâ”€[39m[90mâ”€[39m[90mâ”€[39m[90mâ”€[39m[90mâ”€[39m[90mâ”€[39m[90mâ”€[39m[90mâ”€[39m[90mâ”€[39m[90mâ”€[39m[90mâ”€[39m[90mâ”€[39m[90mâ”€[39m[90mâ”€[39m[90mâ”€[39m[90mâ”€[39m[90mâ”€[39m[90mâ”€[39m[90mâ”€[39m[90mâ”€[39m[90mâ”€[39m[90mâ”€[39m[90mâ”€[39m[90mâ”€[39m[90mâ”€[39m[90mâ”€[39m[90mâ”€[39m[90mâ”€[39m[90mâ”€[39m[90mâ”€[39m[90mâ”€[39m[90mâ”€[39m[90mâ”€[39m[90mâ”€[39m[90mâ”€[39m[90mâ”€[39m[90mâ”€[39m[90mâ”€[39m[90mâ”€[39m[90mâ”€[39m[90mâ”€[39m[90mâ”€[39m[90mâ”€[39m[90mâ”€[39m[90mâ”€[39m[90mâ”€[39m[90mâ”€[39m[90mâ”€[39m[90mâ”€[39m[90mâ”€[39m[90mâ”€[39m[90mâ”€[39m[90mâ”€[39m[90mâ”€[39m[90mâ”€[39m[90mâ”€[39m[90mâ”€[39m[90mâ”€[39m[90mâ”€[39m[90mâ”€[39m[90mâ”€[39m[90mâ”€[39m[90mâ”€[39m[90mâ”€[39m[90mâ”€[39m[90mâ”€[39m[90mâ”€[39m[90mâ”€[39m[90mâ”€[39m[90mâ”€[39m[90mâ”€[39m[90mâ”€[39m[90mâ”€[39m[90mâ”€[39m[90mâ”€[39m[90mâ”€[39m[90mâ”€[39m[90mâ”€[39m[90mâ”€[39m[90mâ”€[39m[90mâ”€[39m[90mâ”¤[39m
Admin UI E2E (4, chrome)	Run Cypress	2024-10-21T09:45:34.4858002Z [90m  â”‚[39m [32mâœ”[39m  [0msessions_test.spec.ts[0m                    [90m00:23[39m       [0m13[0m        [32m8[39m        [90m-[39m        [36m5[39m        [90m-[39m [90mâ”‚[39m
Admin UI E2E (4, chrome)	Run Cypress	2024-10-21T09:45:34.4866762Z [90m  â””[39m[90mâ”€[39m[90mâ”€[39m[90mâ”€[39m[90mâ”€[39m[90mâ”€[39m[90mâ”€[39m[90mâ”€[39m[90mâ”€[39m[90mâ”€[39m[90mâ”€[39m[90mâ”€[39m[90mâ”€[39m[90mâ”€[39m[90mâ”€[39m[90mâ”€[39m[90mâ”€[39m[90mâ”€[39m[90mâ”€[39m[90mâ”€[39m[90mâ”€[39m[90mâ”€[39m[90mâ”€[39m[90mâ”€[39m[90mâ”€[39m[90mâ”€[39m[90mâ”€[39m[90mâ”€[39m[90mâ”€[39m[90mâ”€[39m[90mâ”€[39m[90mâ”€[39m[90mâ”€[39m[90mâ”€[39m[90mâ”€[39m[90mâ”€[39m[90mâ”€[39m[90mâ”€[39m[90mâ”€[39m[90mâ”€[39m[90mâ”€[39m[90mâ”€[39m[90mâ”€[39m[90mâ”€[39m[90mâ”€[39m[90mâ”€[39m[90mâ”€[39m[90mâ”€[39m[90mâ”€[39m[90mâ”€[39m[90mâ”€[39m[90mâ”€[39m[90mâ”€[39m[90mâ”€[39m[90mâ”€[39m[90mâ”€[39m[90mâ”€[39m[90mâ”€[39m[90mâ”€[39m[90mâ”€[39m[90mâ”€[39m[90mâ”€[39m[90mâ”€[39m[90mâ”€[39m[90mâ”€[39m[90mâ”€[39m[90mâ”€[39m[90mâ”€[39m[90mâ”€[39m[90mâ”€[39m[90mâ”€[39m[90mâ”€[39m[90mâ”€[39m[90mâ”€[39m[90mâ”€[39m[90mâ”€[39m[90mâ”€[39m[90mâ”€[39m[90mâ”€[39m[90mâ”€[39m[90mâ”€[39m[90mâ”€[39m[90mâ”€[39m[90mâ”€[39m[90mâ”€[39m[90mâ”€[39m[90mâ”€[39m[90mâ”€[39m[90mâ”€[39m[90mâ”€[39m[90mâ”€[39m[90mâ”€[39m[90mâ”€[39m[90mâ”€[39m[90mâ”€[39m[90mâ”€[39m[90mâ”€[39m[90mâ”˜[39m
Admin UI E2E (4, chrome)	Run Cypress	2024-10-21T09:45:34.4874281Z [90m   [39m [31mâœ–[39m  [31m1 of 7 failed (14%)[39m                      [90m08:21[39m      [0m110[0m      [32m103[39m        [31m1[39m        [36m6[39m        [90m-[39m [90m [39m
Admin UI E2E (4, chrome)	Run Cypress	2024-10-21T09:45:34.4875643Z 
Admin UI E2E (4, chrome)	Run Cypress	2024-10-21T09:45:34.5762294Z ##[error]Cypress tests: 1 failed
Status Check - Keycloak JavaScript CI	Run /./.github/actions/status-check	2024-10-21T09:45:49.9156711Z Prepare all required actions
Status Check - Keycloak JavaScript CI	Run /./.github/actions/status-check	2024-10-21T09:45:49.9247116Z ##[group]Run ./.github/actions/status-check
Status Check - Keycloak JavaScript CI	Run /./.github/actions/status-check	2024-10-21T09:45:49.9247676Z with:
Status Check - Keycloak JavaScript CI	Run /./.github/actions/status-check	2024-10-21T09:45:49.9249690Z   jobs: {
Status Check - Keycloak JavaScript CI	Run /./.github/actions/status-check	  "conditional": {
Status Check - Keycloak JavaScript CI	Run /./.github/actions/status-check	    "result": "success",
Status Check - Keycloak JavaScript CI	Run /./.github/actions/status-check	    "outputs": {
Status Check - Keycloak JavaScript CI	Run /./.github/actions/status-check	      "js-ci": "true"
Status Check - Keycloak JavaScript CI	Run /./.github/actions/status-check	    }
Status Check - Keycloak JavaScript CI	Run /./.github/actions/status-check	  },
Status Check - Keycloak JavaScript CI	Run /./.github/actions/status-check	  "build-keycloak": {
Status Check - Keycloak JavaScript CI	Run /./.github/actions/status-check	    "result": "success",
Status Check - Keycloak JavaScript CI	Run /./.github/actions/status-check	    "outputs": {}
Status Check - Keycloak JavaScript CI	Run /./.github/actions/status-check	  },
Status Check - Keycloak JavaScript CI	Run /./.github/actions/status-check	  "admin-client": {
Status Check - Keycloak JavaScript CI	Run /./.github/actions/status-check	    "result": "success",
Status Check - Keycloak JavaScript CI	Run /./.github/actions/status-check	    "outputs": {}
Status Check - Keycloak JavaScript CI	Run /./.github/actions/status-check	  },
Status Check - Keycloak JavaScript CI	Run /./.github/actions/status-check	  "keycloak-js": {
Status Check - Keycloak JavaScript CI	Run /./.github/actions/status-check	    "result": "success",
Status Check - Keycloak JavaScript CI	Run /./.github/actions/status-check	    "outputs": {}
Status Check - Keycloak JavaScript CI	Run /./.github/actions/status-check	  },
Status Check - Keycloak JavaScript CI	Run /./.github/actions/status-check	  "keycloak-masthead": {
Status Check - Keycloak JavaScript CI	Run /./.github/actions/status-check	    "result": "success",
Status Check - Keycloak JavaScript CI	Run /./.github/actions/status-check	    "outputs": {}
Status Check - Keycloak JavaScript CI	Run /./.github/actions/status-check	  },
Status Check - Keycloak JavaScript CI	Run /./.github/actions/status-check	  "ui-shared": {
Status Check - Keycloak JavaScript CI	Run /./.github/actions/status-check	    "result": "success",
Status Check - Keycloak JavaScript CI	Run /./.github/actions/status-check	    "outputs": {}
Status Check - Keycloak JavaScript CI	Run /./.github/actions/status-check	  },
Status Check - Keycloak JavaScript CI	Run /./.github/actions/status-check	  "account-ui": {
Status Check - Keycloak JavaScript CI	Run /./.github/actions/status-check	    "result": "success",
Status Check - Keycloak JavaScript CI	Run /./.github/actions/status-check	    "outputs": {}
Status Check - Keycloak JavaScript CI	Run /./.github/actions/status-check	  },
Status Check - Keycloak JavaScript CI	Run /./.github/actions/status-check	  "account-ui-e2e": {
Status Check - Keycloak JavaScript CI	Run /./.github/actions/status-check	    "result": "success",
Status Check - Keycloak JavaScript CI	Run /./.github/actions/status-check	    "outputs": {}
Status Check - Keycloak JavaScript CI	Run /./.github/actions/status-check	  },
Status Check - Keycloak JavaScript CI	Run /./.github/actions/status-check	  "admin-ui": {
Status Check - Keycloak JavaScript CI	Run /./.github/actions/status-check	    "result": "success",
Status Check - Keycloak JavaScript CI	Run /./.github/actions/status-check	    "outputs": {}
Status Check - Keycloak JavaScript CI	Run /./.github/actions/status-check	  },
Status Check - Keycloak JavaScript CI	Run /./.github/actions/status-check	  "admin-ui-e2e": {
Status Check - Keycloak JavaScript CI	Run /./.github/actions/status-check	    "result": "failure",
Status Check - Keycloak JavaScript CI	Run /./.github/actions/status-check	    "outputs": {}
Status Check - Keycloak JavaScript CI	Run /./.github/actions/status-check	  }
Status Check - Keycloak JavaScript CI	Run /./.github/actions/status-check	}
Status Check - Keycloak JavaScript CI	Run /./.github/actions/status-check	2024-10-21T09:45:49.9251786Z env:
Status Check - Keycloak JavaScript CI	Run /./.github/actions/status-check	2024-10-21T09:45:49.9252295Z   MAVEN_ARGS: -B -nsu -Daether.connector.http.connectionMaxTtl=25
Status Check - Keycloak JavaScript CI	Run /./.github/actions/status-check	2024-10-21T09:45:49.9252894Z ##[endgroup]
Status Check - Keycloak JavaScript CI	Run /./.github/actions/status-check	2024-10-21T09:45:49.9507087Z ##[group]Run JOBS='{
Status Check - Keycloak JavaScript CI	Run /./.github/actions/status-check	2024-10-21T09:45:49.9507574Z [36;1mJOBS='{[0m
Status Check - Keycloak JavaScript CI	Run /./.github/actions/status-check	2024-10-21T09:45:49.9507941Z [36;1m  "conditional": {[0m
Status Check - Keycloak JavaScript CI	Run /./.github/actions/status-check	2024-10-21T09:45:49.9508374Z [36;1m    "result": "success",[0m
Status Check - Keycloak JavaScript CI	Run /./.github/actions/status-check	2024-10-21T09:45:49.9508799Z [36;1m    "outputs": {[0m
Status Check - Keycloak JavaScript CI	Run /./.github/actions/status-check	2024-10-21T09:45:49.9509174Z [36;1m      "js-ci": "true"[0m
Status Check - Keycloak JavaScript CI	Run /./.github/actions/status-check	2024-10-21T09:45:49.9509581Z [36;1m    }[0m
Status Check - Keycloak JavaScript CI	Run /./.github/actions/status-check	2024-10-21T09:45:49.9509911Z [36;1m  },[0m
Status Check - Keycloak JavaScript CI	Run /./.github/actions/status-check	2024-10-21T09:45:49.9510233Z [36;1m  "build-keycloak": {[0m
Status Check - Keycloak JavaScript CI	Run /./.github/actions/status-check	2024-10-21T09:45:49.9510647Z [36;1m    "result": "success",[0m
Status Check - Keycloak JavaScript CI	Run /./.github/actions/status-check	2024-10-21T09:45:49.9511062Z [36;1m    "outputs": {}[0m
Status Check - Keycloak JavaScript CI	Run /./.github/actions/status-check	2024-10-21T09:45:49.9511413Z [36;1m  },[0m
Status Check - Keycloak JavaScript CI	Run /./.github/actions/status-check	2024-10-21T09:45:49.9511775Z [36;1m  "admin-client": {[0m
Status Check - Keycloak JavaScript CI	Run /./.github/actions/status-check	2024-10-21T09:45:49.9512166Z [36;1m    "result": "success",[0m
Status Check - Keycloak JavaScript CI	Run /./.github/actions/status-check	2024-10-21T09:45:49.9512558Z [36;1m    "outputs": {}[0m
Status Check - Keycloak JavaScript CI	Run /./.github/actions/status-check	2024-10-21T09:45:49.9512948Z [36;1m  },[0m
Status Check - Keycloak JavaScript CI	Run /./.github/actions/status-check	2024-10-21T09:45:49.9513262Z [36;1m  "keycloak-js": {[0m
Status Check - Keycloak JavaScript CI	Run /./.github/actions/status-check	2024-10-21T09:45:49.9513628Z [36;1m    "result": "success",[0m
Status Check - Keycloak JavaScript CI	Run /./.github/actions/status-check	2024-10-21T09:45:49.9514064Z [36;1m    "outputs": {}[0m
Status Check - Keycloak JavaScript CI	Run /./.github/actions/status-check	2024-10-21T09:45:49.9514413Z [36;1m  },[0m
Status Check - Keycloak JavaScript CI	Run /./.github/actions/status-check	2024-10-21T09:45:49.9514741Z [36;1m  "keycloak-masthead": {[0m
Status Check - Keycloak JavaScript CI	Run /./.github/actions/status-check	2024-10-21T09:45:49.9515184Z [36;1m    "result": "success",[0m
Status Check - Keycloak JavaScript CI	Run /./.github/actions/status-check	2024-10-21T09:45:49.9515574Z [36;1m    "outputs": {}[0m
Status Check - Keycloak JavaScript CI	Run /./.github/actions/status-check	2024-10-21T09:45:49.9515938Z [36;1m  },[0m
Status Check - Keycloak JavaScript CI	Run /./.github/actions/status-check	2024-10-21T09:45:49.9516277Z [36;1m  "ui-shared": {[0m
Status Check - Keycloak JavaScript CI	Run /./.github/actions/status-check	2024-10-21T09:45:49.9516635Z [36;1m    "result": "success",[0m
Status Check - Keycloak JavaScript CI	Run /./.github/actions/status-check	2024-10-21T09:45:49.9517028Z [36;1m    "outputs": {}[0m
Status Check - Keycloak JavaScript CI	Run /./.github/actions/status-check	2024-10-21T09:45:49.9517398Z [36;1m  },[0m
Status Check - Keycloak JavaScript CI	Run /./.github/actions/status-check	2024-10-21T09:45:49.9517709Z [36;1m  "account-ui": {[0m
Status Check - Keycloak JavaScript CI	Run /./.github/actions/status-check	2024-10-21T09:45:49.9518090Z [36;1m    "result": "success",[0m
Status Check - Keycloak JavaScript CI	Run /./.github/actions/status-check	2024-10-21T09:45:49.9518511Z [36;1m    "outputs": {}[0m
Status Check - Keycloak JavaScript CI	Run /./.github/actions/status-check	2024-10-21T09:45:49.9518866Z [36;1m  },[0m
Status Check - Keycloak JavaScript CI	Run /./.github/actions/status-check	2024-10-21T09:45:49.9519199Z [36;1m  "account-ui-e2e": {[0m
Status Check - Keycloak JavaScript CI	Run /./.github/actions/status-check	2024-10-21T09:45:49.9519610Z [36;1m    "result": "success",[0m
Status Check - Keycloak JavaScript CI	Run /./.github/actions/status-check	2024-10-21T09:45:49.9519994Z [36;1m    "outputs": {}[0m
Status Check - Keycloak JavaScript CI	Run /./.github/actions/status-check	2024-10-21T09:45:49.9520351Z [36;1m  },[0m
Status Check - Keycloak JavaScript CI	Run /./.github/actions/status-check	2024-10-21T09:45:49.9520693Z [36;1m  "admin-ui": {[0m
Status Check - Keycloak JavaScript CI	Run /./.github/actions/status-check	2024-10-21T09:45:49.9521054Z [36;1m    "result": "success",[0m
Status Check - Keycloak JavaScript CI	Run /./.github/actions/status-check	2024-10-21T09:45:49.9521449Z [36;1m    "outputs": {}[0m
Status Check - Keycloak JavaScript CI	Run /./.github/actions/status-check	2024-10-21T09:45:49.9521820Z [36;1m  },[0m
Status Check - Keycloak JavaScript CI	Run /./.github/actions/status-check	2024-10-21T09:45:49.9522151Z [36;1m  "admin-ui-e2e": {[0m
Status Check - Keycloak JavaScript CI	Run /./.github/actions/status-check	2024-10-21T09:45:49.9522520Z [36;1m    "result": "failure",[0m
Status Check - Keycloak JavaScript CI	Run /./.github/actions/status-check	2024-10-21T09:45:49.9522937Z [36;1m    "outputs": {}[0m
Status Check - Keycloak JavaScript CI	Run /./.github/actions/status-check	2024-10-21T09:45:49.9523299Z [36;1m  }[0m
Status Check - Keycloak JavaScript CI	Run /./.github/actions/status-check	2024-10-21T09:45:49.9523663Z [36;1m}'[0m
Status Check - Keycloak JavaScript CI	Run /./.github/actions/status-check	2024-10-21T09:45:49.9524031Z [36;1m[0m
Status Check - Keycloak JavaScript CI	Run /./.github/actions/status-check	2024-10-21T09:45:49.9524323Z [36;1mecho "Job status:"[0m
Status Check - Keycloak JavaScript CI	Run /./.github/actions/status-check	2024-10-21T09:45:49.9524862Z [36;1mecho $JOBS | jq -r 'to_entries[] | " - \(.key): \(.value.result)"'[0m
Status Check - Keycloak JavaScript CI	Run /./.github/actions/status-check	2024-10-21T09:45:49.9525720Z [36;1m[0m
Status Check - Keycloak JavaScript CI	Run /./.github/actions/status-check	2024-10-21T09:45:49.9526138Z [36;1mfor i in $(echo $JOBS | jq -r 'to_entries[] | .value.result'); do[0m
Status Check - Keycloak JavaScript CI	Run /./.github/actions/status-check	2024-10-21T09:45:49.9526791Z [36;1m  if [ "$i" != "success" ] && [ "$i" != "skipped" ]; then[0m
Status Check - Keycloak JavaScript CI	Run /./.github/actions/status-check	2024-10-21T09:45:49.9527358Z [36;1m    echo ""[0m
Status Check - Keycloak JavaScript CI	Run /./.github/actions/status-check	2024-10-21T09:45:49.9527910Z [36;1m    echo "Status check not okay!"[0m
Status Check - Keycloak JavaScript CI	Run /./.github/actions/status-check	2024-10-21T09:45:49.9528335Z [36;1m    exit 1[0m
Status Check - Keycloak JavaScript CI	Run /./.github/actions/status-check	2024-10-21T09:45:49.9528755Z [36;1m  fi[0m
Status Check - Keycloak JavaScript CI	Run /./.github/actions/status-check	2024-10-21T09:45:49.9529029Z [36;1mdone[0m
Status Check - Keycloak JavaScript CI	Run /./.github/actions/status-check	2024-10-21T09:45:49.9615708Z shell: /usr/bin/bash --noprofile --norc -e -o pipefail {0}
Status Check - Keycloak JavaScript CI	Run /./.github/actions/status-check	2024-10-21T09:45:49.9616252Z env:
Status Check - Keycloak JavaScript CI	Run /./.github/actions/status-check	2024-10-21T09:45:49.9616818Z   MAVEN_ARGS: -B -nsu -Daether.connector.http.connectionMaxTtl=25
Status Check - Keycloak JavaScript CI	Run /./.github/actions/status-check	2024-10-21T09:45:49.9617367Z ##[endgroup]
Status Check - Keycloak JavaScript CI	Run /./.github/actions/status-check	2024-10-21T09:45:49.9761297Z Job status:
Status Check - Keycloak JavaScript CI	Run /./.github/actions/status-check	2024-10-21T09:45:49.9981364Z  - conditional: success
Status Check - Keycloak JavaScript CI	Run /./.github/actions/status-check	2024-10-21T09:45:49.9982149Z  - build-keycloak: success
Status Check - Keycloak JavaScript CI	Run /./.github/actions/status-check	2024-10-21T09:45:49.9982990Z  - admin-client: success
Status Check - Keycloak JavaScript CI	Run /./.github/actions/status-check	2024-10-21T09:45:49.9983458Z  - keycloak-js: success
Status Check - Keycloak JavaScript CI	Run /./.github/actions/status-check	2024-10-21T09:45:49.9983945Z  - keycloak-masthead: success
Status Check - Keycloak JavaScript CI	Run /./.github/actions/status-check	2024-10-21T09:45:49.9984363Z  - ui-shared: success
Status Check - Keycloak JavaScript CI	Run /./.github/actions/status-check	2024-10-21T09:45:49.9984749Z  - account-ui: success
Status Check - Keycloak JavaScript CI	Run /./.github/actions/status-check	2024-10-21T09:45:49.9985171Z  - account-ui-e2e: success
Status Check - Keycloak JavaScript CI	Run /./.github/actions/status-check	2024-10-21T09:45:49.9985580Z  - admin-ui: success
Status Check - Keycloak JavaScript CI	Run /./.github/actions/status-check	2024-10-21T09:45:49.9985947Z  - admin-ui-e2e: failure
Status Check - Keycloak JavaScript CI	Run /./.github/actions/status-check	2024-10-21T09:45:50.0189520Z 
Status Check - Keycloak JavaScript CI	Run /./.github/actions/status-check	2024-10-21T09:45:50.0189753Z Status check not okay!
Status Check - Keycloak JavaScript CI	Run /./.github/actions/status-check	2024-10-21T09:45:50.0202760Z ##[error]Process completed with exit code 1.
