Test local apiserver	UNKNOWN STEP	ï»¿2026-01-06T13:50:15.8040910Z Current runner version: '2.330.0'
Test local apiserver	UNKNOWN STEP	2026-01-06T13:50:15.8063847Z ##[group]Runner Image Provisioner
Test local apiserver	UNKNOWN STEP	2026-01-06T13:50:15.8064638Z Hosted Compute Agent
Test local apiserver	UNKNOWN STEP	2026-01-06T13:50:15.8065132Z Version: 20251211.462
Test local apiserver	UNKNOWN STEP	2026-01-06T13:50:15.8065822Z Commit: 6cbad8c2bb55d58165063d031ccabf57e2d2db61
Test local apiserver	UNKNOWN STEP	2026-01-06T13:50:15.8066644Z Build Date: 2025-12-11T16:28:49Z
Test local apiserver	UNKNOWN STEP	2026-01-06T13:50:15.8067288Z Worker ID: {5a3c9f96-7127-4cbd-88d4-1bc6a12fad99}
Test local apiserver	UNKNOWN STEP	2026-01-06T13:50:15.8067993Z ##[endgroup]
Test local apiserver	UNKNOWN STEP	2026-01-06T13:50:15.8068522Z ##[group]Operating System
Test local apiserver	UNKNOWN STEP	2026-01-06T13:50:15.8069031Z Ubuntu
Test local apiserver	UNKNOWN STEP	2026-01-06T13:50:15.8069533Z 24.04.3
Test local apiserver	UNKNOWN STEP	2026-01-06T13:50:15.8069993Z LTS
Test local apiserver	UNKNOWN STEP	2026-01-06T13:50:15.8070399Z ##[endgroup]
Test local apiserver	UNKNOWN STEP	2026-01-06T13:50:15.8070934Z ##[group]Runner Image
Test local apiserver	UNKNOWN STEP	2026-01-06T13:50:15.8071425Z Image: ubuntu-24.04
Test local apiserver	UNKNOWN STEP	2026-01-06T13:50:15.8071913Z Version: 20251215.174.1
Test local apiserver	UNKNOWN STEP	2026-01-06T13:50:15.8072876Z Included Software: https://github.com/actions/runner-images/blob/ubuntu24/20251215.174/images/ubuntu/Ubuntu2404-Readme.md
Test local apiserver	UNKNOWN STEP	2026-01-06T13:50:15.8074502Z Image Release: https://github.com/actions/runner-images/releases/tag/ubuntu24%2F20251215.174
Test local apiserver	UNKNOWN STEP	2026-01-06T13:50:15.8075526Z ##[endgroup]
Test local apiserver	UNKNOWN STEP	2026-01-06T13:50:15.8076768Z ##[group]GITHUB_TOKEN Permissions
Test local apiserver	UNKNOWN STEP	2026-01-06T13:50:15.8078517Z Contents: read
Test local apiserver	UNKNOWN STEP	2026-01-06T13:50:15.8079125Z Metadata: read
Test local apiserver	UNKNOWN STEP	2026-01-06T13:50:15.8079608Z ##[endgroup]
Test local apiserver	UNKNOWN STEP	2026-01-06T13:50:15.8081545Z Secret source: None
Test local apiserver	UNKNOWN STEP	2026-01-06T13:50:15.8082305Z Prepare workflow directory
Test local apiserver	UNKNOWN STEP	2026-01-06T13:50:15.8485878Z Prepare all required actions
Test local apiserver	UNKNOWN STEP	2026-01-06T13:50:15.8526462Z Getting action download info
Test local apiserver	UNKNOWN STEP	2026-01-06T13:50:16.3095658Z Download action repository 'actions/checkout@08c6903cd8c0fde910a37f88322edcfb5dd907a8' (SHA:08c6903cd8c0fde910a37f88322edcfb5dd907a8)
Test local apiserver	UNKNOWN STEP	2026-01-06T13:50:16.5175607Z Complete job name: Test local apiserver
Test local apiserver	UNKNOWN STEP	2026-01-06T13:50:16.5889148Z ##[group]Run actions/checkout@08c6903cd8c0fde910a37f88322edcfb5dd907a8
Test local apiserver	UNKNOWN STEP	2026-01-06T13:50:16.5890201Z with:
Test local apiserver	UNKNOWN STEP	2026-01-06T13:50:16.5890596Z   repository: keycloak/keycloak
Test local apiserver	UNKNOWN STEP	2026-01-06T13:50:16.5891325Z   token: ***
Test local apiserver	UNKNOWN STEP	2026-01-06T13:50:16.5891820Z   ssh-strict: true
Test local apiserver	UNKNOWN STEP	2026-01-06T13:50:16.5892406Z   ssh-user: git
Test local apiserver	UNKNOWN STEP	2026-01-06T13:50:16.5892797Z   persist-credentials: true
Test local apiserver	UNKNOWN STEP	2026-01-06T13:50:16.5893435Z   clean: true
Test local apiserver	UNKNOWN STEP	2026-01-06T13:50:16.5893831Z   sparse-checkout-cone-mode: true
Test local apiserver	UNKNOWN STEP	2026-01-06T13:50:16.5894300Z   fetch-depth: 1
Test local apiserver	UNKNOWN STEP	2026-01-06T13:50:16.5894675Z   fetch-tags: false
Test local apiserver	UNKNOWN STEP	2026-01-06T13:50:16.5895064Z   show-progress: true
Test local apiserver	UNKNOWN STEP	2026-01-06T13:50:16.5895454Z   lfs: false
Test local apiserver	UNKNOWN STEP	2026-01-06T13:50:16.5895809Z   submodules: false
Test local apiserver	UNKNOWN STEP	2026-01-06T13:50:16.5896344Z   set-safe-directory: true
Test local apiserver	UNKNOWN STEP	2026-01-06T13:50:16.5897048Z env:
Test local apiserver	UNKNOWN STEP	2026-01-06T13:50:16.5897587Z   MAVEN_ARGS: -B -nsu -Daether.connector.http.connectionMaxTtl=25
Test local apiserver	UNKNOWN STEP	2026-01-06T13:50:16.5898234Z   MINIKUBE_VERSION: v1.37.0
Test local apiserver	UNKNOWN STEP	2026-01-06T13:50:16.5898717Z   KUBERNETES_VERSION: v1.32.9
Test local apiserver	UNKNOWN STEP	2026-01-06T13:50:16.5899161Z   MINIKUBE_MEMORY: 4096
Test local apiserver	UNKNOWN STEP	2026-01-06T13:50:16.5899556Z ##[endgroup]
Test local apiserver	UNKNOWN STEP	2026-01-06T13:50:16.6851930Z Syncing repository: keycloak/keycloak
Test local apiserver	UNKNOWN STEP	2026-01-06T13:50:16.6853786Z ##[group]Getting Git version info
Test local apiserver	UNKNOWN STEP	2026-01-06T13:50:16.6854459Z Working directory is '/home/runner/work/keycloak/keycloak'
Test local apiserver	UNKNOWN STEP	2026-01-06T13:50:16.6855398Z [command]/usr/bin/git version
Test local apiserver	UNKNOWN STEP	2026-01-06T13:50:16.6930900Z git version 2.52.0
Test local apiserver	UNKNOWN STEP	2026-01-06T13:50:16.6952518Z ##[endgroup]
Test local apiserver	UNKNOWN STEP	2026-01-06T13:50:16.6969639Z Temporarily overriding HOME='/home/runner/work/_temp/16ea9f52-f1a2-46f1-88a6-e61a6b3ed8e2' before making global git config changes
Test local apiserver	UNKNOWN STEP	2026-01-06T13:50:16.6971968Z Adding repository directory to the temporary git global config as a safe directory
Test local apiserver	UNKNOWN STEP	2026-01-06T13:50:16.6975853Z [command]/usr/bin/git config --global --add safe.directory /home/runner/work/keycloak/keycloak
Test local apiserver	UNKNOWN STEP	2026-01-06T13:50:16.7024465Z Deleting the contents of '/home/runner/work/keycloak/keycloak'
Test local apiserver	UNKNOWN STEP	2026-01-06T13:50:16.7028753Z ##[group]Initializing the repository
Test local apiserver	UNKNOWN STEP	2026-01-06T13:50:16.7034065Z [command]/usr/bin/git init /home/runner/work/keycloak/keycloak
Test local apiserver	UNKNOWN STEP	2026-01-06T13:50:16.7168347Z hint: Using 'master' as the name for the initial branch. This default branch name
Test local apiserver	UNKNOWN STEP	2026-01-06T13:50:16.7169935Z hint: will change to "main" in Git 3.0. To configure the initial branch name
Test local apiserver	UNKNOWN STEP	2026-01-06T13:50:16.7171443Z hint: to use in all of your new repositories, which will suppress this warning,
Test local apiserver	UNKNOWN STEP	2026-01-06T13:50:16.7172444Z hint: call:
Test local apiserver	UNKNOWN STEP	2026-01-06T13:50:16.7172998Z hint:
Test local apiserver	UNKNOWN STEP	2026-01-06T13:50:16.7173596Z hint: 	git config --global init.defaultBranch <name>
Test local apiserver	UNKNOWN STEP	2026-01-06T13:50:16.7174166Z hint:
Test local apiserver	UNKNOWN STEP	2026-01-06T13:50:16.7174707Z hint: Names commonly chosen instead of 'master' are 'main', 'trunk' and
Test local apiserver	UNKNOWN STEP	2026-01-06T13:50:16.7175586Z hint: 'development'. The just-created branch can be renamed via this command:
Test local apiserver	UNKNOWN STEP	2026-01-06T13:50:16.7176531Z hint:
Test local apiserver	UNKNOWN STEP	2026-01-06T13:50:16.7176915Z hint: 	git branch -m <name>
Test local apiserver	UNKNOWN STEP	2026-01-06T13:50:16.7177350Z hint:
Test local apiserver	UNKNOWN STEP	2026-01-06T13:50:16.7177955Z hint: Disable this message with "git config set advice.defaultBranchName false"
Test local apiserver	UNKNOWN STEP	2026-01-06T13:50:16.7179644Z Initialized empty Git repository in /home/runner/work/keycloak/keycloak/.git/
Test local apiserver	UNKNOWN STEP	2026-01-06T13:50:16.7185655Z [command]/usr/bin/git remote add origin https://github.com/keycloak/keycloak
Test local apiserver	UNKNOWN STEP	2026-01-06T13:50:16.7228666Z ##[endgroup]
Test local apiserver	UNKNOWN STEP	2026-01-06T13:50:16.7229362Z ##[group]Disabling automatic garbage collection
Test local apiserver	UNKNOWN STEP	2026-01-06T13:50:16.7232124Z [command]/usr/bin/git config --local gc.auto 0
Test local apiserver	UNKNOWN STEP	2026-01-06T13:50:16.7260066Z ##[endgroup]
Test local apiserver	UNKNOWN STEP	2026-01-06T13:50:16.7260712Z ##[group]Setting up auth
Test local apiserver	UNKNOWN STEP	2026-01-06T13:50:16.7266955Z [command]/usr/bin/git config --local --name-only --get-regexp core\.sshCommand
Test local apiserver	UNKNOWN STEP	2026-01-06T13:50:16.7297687Z [command]/usr/bin/git submodule foreach --recursive sh -c "git config --local --name-only --get-regexp 'core\.sshCommand' && git config --local --unset-all 'core.sshCommand' || :"
Test local apiserver	UNKNOWN STEP	2026-01-06T13:50:16.7694976Z [command]/usr/bin/git config --local --name-only --get-regexp http\.https\:\/\/github\.com\/\.extraheader
Test local apiserver	UNKNOWN STEP	2026-01-06T13:50:16.7734075Z [command]/usr/bin/git submodule foreach --recursive sh -c "git config --local --name-only --get-regexp 'http\.https\:\/\/github\.com\/\.extraheader' && git config --local --unset-all 'http.https://github.com/.extraheader' || :"
Test local apiserver	UNKNOWN STEP	2026-01-06T13:50:16.7983901Z [command]/usr/bin/git config --local http.https://github.com/.extraheader AUTHORIZATION: basic ***
Test local apiserver	UNKNOWN STEP	2026-01-06T13:50:16.8020522Z ##[endgroup]
Test local apiserver	UNKNOWN STEP	2026-01-06T13:50:16.8021916Z ##[group]Fetching the repository
Test local apiserver	UNKNOWN STEP	2026-01-06T13:50:16.8031386Z [command]/usr/bin/git -c protocol.version=2 fetch --no-tags --prune --no-recurse-submodules --depth=1 origin +3a9764538f88aaa89f25ff9edc6ce7b6cf3c8ae2:refs/remotes/pull/45161/merge
Test local apiserver	UNKNOWN STEP	2026-01-06T13:50:20.1373365Z From https://github.com/keycloak/keycloak
Test local apiserver	UNKNOWN STEP	2026-01-06T13:50:20.1375413Z  * [new ref]         3a9764538f88aaa89f25ff9edc6ce7b6cf3c8ae2 -> pull/45161/merge
Test local apiserver	UNKNOWN STEP	2026-01-06T13:50:20.1411241Z ##[endgroup]
Test local apiserver	UNKNOWN STEP	2026-01-06T13:50:20.1412495Z ##[group]Determining the checkout info
Test local apiserver	UNKNOWN STEP	2026-01-06T13:50:20.1414329Z ##[endgroup]
Test local apiserver	UNKNOWN STEP	2026-01-06T13:50:20.1419401Z [command]/usr/bin/git sparse-checkout disable
Test local apiserver	UNKNOWN STEP	2026-01-06T13:50:20.1464677Z [command]/usr/bin/git config --local --unset-all extensions.worktreeConfig
Test local apiserver	UNKNOWN STEP	2026-01-06T13:50:20.1495242Z ##[group]Checking out the ref
Test local apiserver	UNKNOWN STEP	2026-01-06T13:50:20.1502163Z [command]/usr/bin/git checkout --progress --force refs/remotes/pull/45161/merge
Test local apiserver	UNKNOWN STEP	2026-01-06T13:50:21.0187157Z Note: switching to 'refs/remotes/pull/45161/merge'.
Test local apiserver	UNKNOWN STEP	2026-01-06T13:50:21.0187723Z 
Test local apiserver	UNKNOWN STEP	2026-01-06T13:50:21.0188085Z You are in 'detached HEAD' state. You can look around, make experimental
Test local apiserver	UNKNOWN STEP	2026-01-06T13:50:21.0188812Z changes and commit them, and you can discard any commits you make in this
Test local apiserver	UNKNOWN STEP	2026-01-06T13:50:21.0189580Z state without impacting any branches by switching back to a branch.
Test local apiserver	UNKNOWN STEP	2026-01-06T13:50:21.0190016Z 
Test local apiserver	UNKNOWN STEP	2026-01-06T13:50:21.0190320Z If you want to create a new branch to retain commits you create, you may
Test local apiserver	UNKNOWN STEP	2026-01-06T13:50:21.0190980Z do so (now or later) by using -c with the switch command. Example:
Test local apiserver	UNKNOWN STEP	2026-01-06T13:50:21.0191353Z 
Test local apiserver	UNKNOWN STEP	2026-01-06T13:50:21.0191589Z   git switch -c <new-branch-name>
Test local apiserver	UNKNOWN STEP	2026-01-06T13:50:21.0191865Z 
Test local apiserver	UNKNOWN STEP	2026-01-06T13:50:21.0192050Z Or undo this operation with:
Test local apiserver	UNKNOWN STEP	2026-01-06T13:50:21.0192302Z 
Test local apiserver	UNKNOWN STEP	2026-01-06T13:50:21.0192468Z   git switch -
Test local apiserver	UNKNOWN STEP	2026-01-06T13:50:21.0192710Z 
Test local apiserver	UNKNOWN STEP	2026-01-06T13:50:21.0193065Z Turn off this advice by setting config variable advice.detachedHead to false
Test local apiserver	UNKNOWN STEP	2026-01-06T13:50:21.0193797Z 
Test local apiserver	UNKNOWN STEP	2026-01-06T13:50:21.0194252Z HEAD is now at 3a97645 Merge b9f7e7baafe73bc2dafc9676e981d708ef74082a into ffed84194e405af2f3f07f3b684e0c039d53e9b0
Test local apiserver	UNKNOWN STEP	2026-01-06T13:50:21.0222286Z ##[endgroup]
Test local apiserver	UNKNOWN STEP	2026-01-06T13:50:21.0261843Z [command]/usr/bin/git log -1 --format=%H
Test local apiserver	UNKNOWN STEP	2026-01-06T13:50:21.0284303Z 3a9764538f88aaa89f25ff9edc6ce7b6cf3c8ae2
Test local apiserver	UNKNOWN STEP	2026-01-06T13:50:21.0520706Z Prepare all required actions
Test local apiserver	UNKNOWN STEP	2026-01-06T13:50:21.0521262Z Getting action download info
Test local apiserver	UNKNOWN STEP	2026-01-06T13:50:21.3202010Z Download action repository 'actions/setup-java@c5195efecf7bdfc987ee8bae7a71cb8b11521c00' (SHA:c5195efecf7bdfc987ee8bae7a71cb8b11521c00)
Test local apiserver	UNKNOWN STEP	2026-01-06T13:50:22.0933329Z ##[group]Run ./.github/actions/java-setup
Test local apiserver	UNKNOWN STEP	2026-01-06T13:50:22.0933666Z with:
Test local apiserver	UNKNOWN STEP	2026-01-06T13:50:22.0933888Z   distribution: temurin
Test local apiserver	UNKNOWN STEP	2026-01-06T13:50:22.0934133Z   java-version: 21
Test local apiserver	UNKNOWN STEP	2026-01-06T13:50:22.0934393Z env:
Test local apiserver	UNKNOWN STEP	2026-01-06T13:50:22.0934702Z   MAVEN_ARGS: -B -nsu -Daether.connector.http.connectionMaxTtl=25
Test local apiserver	UNKNOWN STEP	2026-01-06T13:50:22.0935096Z   MINIKUBE_VERSION: v1.37.0
Test local apiserver	UNKNOWN STEP	2026-01-06T13:50:22.0935359Z   KUBERNETES_VERSION: v1.32.9
Test local apiserver	UNKNOWN STEP	2026-01-06T13:50:22.0935618Z   MINIKUBE_MEMORY: 4096
Test local apiserver	UNKNOWN STEP	2026-01-06T13:50:22.0935849Z ##[endgroup]
Test local apiserver	UNKNOWN STEP	2026-01-06T13:50:22.1110079Z ##[group]Run actions/setup-java@c5195efecf7bdfc987ee8bae7a71cb8b11521c00
Test local apiserver	UNKNOWN STEP	2026-01-06T13:50:22.1110526Z with:
Test local apiserver	UNKNOWN STEP	2026-01-06T13:50:22.1110749Z   distribution: temurin
Test local apiserver	UNKNOWN STEP	2026-01-06T13:50:22.1111077Z   java-version: 21
Test local apiserver	UNKNOWN STEP	2026-01-06T13:50:22.1193435Z   java-package: jdk
Test local apiserver	UNKNOWN STEP	2026-01-06T13:50:22.1193979Z   check-latest: false
Test local apiserver	UNKNOWN STEP	2026-01-06T13:50:22.1194438Z   server-id: github
Test local apiserver	UNKNOWN STEP	2026-01-06T13:50:22.1194958Z   server-username: GITHUB_ACTOR
Test local apiserver	UNKNOWN STEP	2026-01-06T13:50:22.1195521Z   server-password: GITHUB_TOKEN
Test local apiserver	UNKNOWN STEP	2026-01-06T13:50:22.1196407Z   overwrite-settings: true
Test local apiserver	UNKNOWN STEP	2026-01-06T13:50:22.1196820Z   job-status: success
Test local apiserver	UNKNOWN STEP	2026-01-06T13:50:22.1197550Z   token: ***
Test local apiserver	UNKNOWN STEP	2026-01-06T13:50:22.1197924Z env:
Test local apiserver	UNKNOWN STEP	2026-01-06T13:50:22.1198451Z   MAVEN_ARGS: -B -nsu -Daether.connector.http.connectionMaxTtl=25
Test local apiserver	UNKNOWN STEP	2026-01-06T13:50:22.1199125Z   MINIKUBE_VERSION: v1.37.0
Test local apiserver	UNKNOWN STEP	2026-01-06T13:50:22.1199526Z   KUBERNETES_VERSION: v1.32.9
Test local apiserver	UNKNOWN STEP	2026-01-06T13:50:22.1200028Z   MINIKUBE_MEMORY: 4096
Test local apiserver	UNKNOWN STEP	2026-01-06T13:50:22.1200446Z ##[endgroup]
Test local apiserver	UNKNOWN STEP	2026-01-06T13:50:22.3152535Z ##[group]Installed distributions
Test local apiserver	UNKNOWN STEP	2026-01-06T13:50:22.3570139Z Resolved Java 21.0.9+10 from tool-cache
Test local apiserver	UNKNOWN STEP	2026-01-06T13:50:22.3571019Z Setting Java 21.0.9+10 as the default
Test local apiserver	UNKNOWN STEP	2026-01-06T13:50:22.3585150Z Creating toolchains.xml for JDK version 21 from temurin
Test local apiserver	UNKNOWN STEP	2026-01-06T13:50:22.3671050Z Writing to /home/runner/.m2/toolchains.xml
Test local apiserver	UNKNOWN STEP	2026-01-06T13:50:22.3671619Z 
Test local apiserver	UNKNOWN STEP	2026-01-06T13:50:22.3671806Z Java configuration:
Test local apiserver	UNKNOWN STEP	2026-01-06T13:50:22.3672521Z   Distribution: temurin
Test local apiserver	UNKNOWN STEP	2026-01-06T13:50:22.3672938Z   Version: 21.0.9+10
Test local apiserver	UNKNOWN STEP	2026-01-06T13:50:22.3674058Z   Path: /opt/hostedtoolcache/Java_Temurin-Hotspot_jdk/21.0.9-10/x64
Test local apiserver	UNKNOWN STEP	2026-01-06T13:50:22.3674625Z 
Test local apiserver	UNKNOWN STEP	2026-01-06T13:50:22.3675287Z ##[endgroup]
Test local apiserver	UNKNOWN STEP	2026-01-06T13:50:22.3697250Z Creating settings.xml with server-id: github
Test local apiserver	UNKNOWN STEP	2026-01-06T13:50:22.3702091Z Writing to /home/runner/.m2/settings.xml
Test local apiserver	UNKNOWN STEP	2026-01-06T13:50:22.3842421Z ##[group]Run ./mvnw install -Poperator -pl :keycloak-operator -am
Test local apiserver	UNKNOWN STEP	2026-01-06T13:50:22.3843031Z [36;1m./mvnw install -Poperator -pl :keycloak-operator -am[0m
Test local apiserver	UNKNOWN STEP	2026-01-06T13:50:22.3882580Z shell: /usr/bin/bash --noprofile --norc -e -o pipefail {0}
Test local apiserver	UNKNOWN STEP	2026-01-06T13:50:22.3882962Z env:
Test local apiserver	UNKNOWN STEP	2026-01-06T13:50:22.3883276Z   MAVEN_ARGS: -B -nsu -Daether.connector.http.connectionMaxTtl=25
Test local apiserver	UNKNOWN STEP	2026-01-06T13:50:22.3883644Z   MINIKUBE_VERSION: v1.37.0
Test local apiserver	UNKNOWN STEP	2026-01-06T13:50:22.3883911Z   KUBERNETES_VERSION: v1.32.9
Test local apiserver	UNKNOWN STEP	2026-01-06T13:50:22.3884170Z   MINIKUBE_MEMORY: 4096
Test local apiserver	UNKNOWN STEP	2026-01-06T13:50:22.3884505Z   JAVA_HOME: /opt/hostedtoolcache/Java_Temurin-Hotspot_jdk/21.0.9-10/x64
Test local apiserver	UNKNOWN STEP	2026-01-06T13:50:22.3884989Z   JAVA_HOME_21_X64: /opt/hostedtoolcache/Java_Temurin-Hotspot_jdk/21.0.9-10/x64
Test local apiserver	UNKNOWN STEP	2026-01-06T13:50:22.3885367Z ##[endgroup]
Test local apiserver	UNKNOWN STEP	2026-01-06T13:50:22.5445222Z wget: Failed to fetch https://repo.maven.apache.org/maven2/org/apache/maven/apache-maven/3.9.8/apache-maven-3.9.8-bin.zip
Test local apiserver	UNKNOWN STEP	2026-01-06T13:50:22.5472763Z ##[error]Process completed with exit code 1.
Test local apiserver	UNKNOWN STEP	2026-01-06T13:50:22.5545289Z Post job cleanup.
Test local apiserver	UNKNOWN STEP	2026-01-06T13:50:22.5625224Z Post job cleanup.
Test local apiserver	UNKNOWN STEP	2026-01-06T13:50:22.7453060Z Post job cleanup.
Test local apiserver	UNKNOWN STEP	2026-01-06T13:50:22.8253444Z [command]/usr/bin/git version
Test local apiserver	UNKNOWN STEP	2026-01-06T13:50:22.8321095Z git version 2.52.0
Test local apiserver	UNKNOWN STEP	2026-01-06T13:50:22.8359141Z Temporarily overriding HOME='/home/runner/work/_temp/750ad709-4d92-4c15-a23a-1cc1c09f2768' before making global git config changes
Test local apiserver	UNKNOWN STEP	2026-01-06T13:50:22.8360555Z Adding repository directory to the temporary git global config as a safe directory
Test local apiserver	UNKNOWN STEP	2026-01-06T13:50:22.8365153Z [command]/usr/bin/git config --global --add safe.directory /home/runner/work/keycloak/keycloak
Test local apiserver	UNKNOWN STEP	2026-01-06T13:50:22.8400085Z [command]/usr/bin/git config --local --name-only --get-regexp core\.sshCommand
Test local apiserver	UNKNOWN STEP	2026-01-06T13:50:22.8434189Z [command]/usr/bin/git submodule foreach --recursive sh -c "git config --local --name-only --get-regexp 'core\.sshCommand' && git config --local --unset-all 'core.sshCommand' || :"
Test local apiserver	UNKNOWN STEP	2026-01-06T13:50:22.8680903Z [command]/usr/bin/git config --local --name-only --get-regexp http\.https\:\/\/github\.com\/\.extraheader
Test local apiserver	UNKNOWN STEP	2026-01-06T13:50:22.8703191Z http.https://github.com/.extraheader
Test local apiserver	UNKNOWN STEP	2026-01-06T13:50:22.8713544Z [command]/usr/bin/git config --local --unset-all http.https://github.com/.extraheader
Test local apiserver	UNKNOWN STEP	2026-01-06T13:50:22.8744108Z [command]/usr/bin/git submodule foreach --recursive sh -c "git config --local --name-only --get-regexp 'http\.https\:\/\/github\.com\/\.extraheader' && git config --local --unset-all 'http.https://github.com/.extraheader' || :"
Test local apiserver	UNKNOWN STEP	2026-01-06T13:50:22.9089479Z Cleaning up orphan processes
Test remote (fast)	UNKNOWN STEP	ï»¿2026-01-06T13:50:15.1458653Z Current runner version: '2.330.0'
Test remote (fast)	UNKNOWN STEP	2026-01-06T13:50:15.1484490Z ##[group]Runner Image Provisioner
Test remote (fast)	UNKNOWN STEP	2026-01-06T13:50:15.1485297Z Hosted Compute Agent
Test remote (fast)	UNKNOWN STEP	2026-01-06T13:50:15.1485957Z Version: 20251211.462
Test remote (fast)	UNKNOWN STEP	2026-01-06T13:50:15.1486592Z Commit: 6cbad8c2bb55d58165063d031ccabf57e2d2db61
Test remote (fast)	UNKNOWN STEP	2026-01-06T13:50:15.1487265Z Build Date: 2025-12-11T16:28:49Z
Test remote (fast)	UNKNOWN STEP	2026-01-06T13:50:15.1487990Z Worker ID: {f4251d44-ebf7-4ea3-a308-33b5e4acb32e}
Test remote (fast)	UNKNOWN STEP	2026-01-06T13:50:15.1488696Z ##[endgroup]
Test remote (fast)	UNKNOWN STEP	2026-01-06T13:50:15.1489180Z ##[group]Operating System
Test remote (fast)	UNKNOWN STEP	2026-01-06T13:50:15.1489828Z Ubuntu
Test remote (fast)	UNKNOWN STEP	2026-01-06T13:50:15.1490267Z 24.04.3
Test remote (fast)	UNKNOWN STEP	2026-01-06T13:50:15.1491266Z LTS
Test remote (fast)	UNKNOWN STEP	2026-01-06T13:50:15.1491795Z ##[endgroup]
Test remote (fast)	UNKNOWN STEP	2026-01-06T13:50:15.1492354Z ##[group]Runner Image
Test remote (fast)	UNKNOWN STEP	2026-01-06T13:50:15.1492855Z Image: ubuntu-24.04
Test remote (fast)	UNKNOWN STEP	2026-01-06T13:50:15.1493410Z Version: 20251215.174.1
Test remote (fast)	UNKNOWN STEP	2026-01-06T13:50:15.1494451Z Included Software: https://github.com/actions/runner-images/blob/ubuntu24/20251215.174/images/ubuntu/Ubuntu2404-Readme.md
Test remote (fast)	UNKNOWN STEP	2026-01-06T13:50:15.1495964Z Image Release: https://github.com/actions/runner-images/releases/tag/ubuntu24%2F20251215.174
Test remote (fast)	UNKNOWN STEP	2026-01-06T13:50:15.1497047Z ##[endgroup]
Test remote (fast)	UNKNOWN STEP	2026-01-06T13:50:15.1497997Z ##[group]GITHUB_TOKEN Permissions
Test remote (fast)	UNKNOWN STEP	2026-01-06T13:50:15.1500152Z Contents: read
Test remote (fast)	UNKNOWN STEP	2026-01-06T13:50:15.1500875Z Metadata: read
Test remote (fast)	UNKNOWN STEP	2026-01-06T13:50:15.1501340Z ##[endgroup]
Test remote (fast)	UNKNOWN STEP	2026-01-06T13:50:15.1504472Z Secret source: None
Test remote (fast)	UNKNOWN STEP	2026-01-06T13:50:15.1505761Z Prepare workflow directory
Test remote (fast)	UNKNOWN STEP	2026-01-06T13:50:15.1930115Z Prepare all required actions
Test remote (fast)	UNKNOWN STEP	2026-01-06T13:50:15.1968786Z Getting action download info
Test remote (fast)	UNKNOWN STEP	2026-01-06T13:50:15.5560042Z Download action repository 'actions/checkout@08c6903cd8c0fde910a37f88322edcfb5dd907a8' (SHA:08c6903cd8c0fde910a37f88322edcfb5dd907a8)
Test remote (fast)	UNKNOWN STEP	2026-01-06T13:50:15.6793076Z Download action repository 'manusa/actions-setup-minikube@b589f2d61bf96695c546929c72b38563e856059d' (SHA:b589f2d61bf96695c546929c72b38563e856059d)
Test remote (fast)	UNKNOWN STEP	2026-01-06T13:50:16.4194732Z Download action repository 'actions/download-artifact@018cc2cf5baa6db3ef3c5f8a56943fffe632ef53' (SHA:018cc2cf5baa6db3ef3c5f8a56943fffe632ef53)
Test remote (fast)	UNKNOWN STEP	2026-01-06T13:50:16.7738572Z Complete job name: Test remote (fast)
Test remote (fast)	UNKNOWN STEP	2026-01-06T13:50:16.8622374Z ##[group]Run actions/checkout@08c6903cd8c0fde910a37f88322edcfb5dd907a8
Test remote (fast)	UNKNOWN STEP	2026-01-06T13:50:16.8624176Z with:
Test remote (fast)	UNKNOWN STEP	2026-01-06T13:50:16.8624906Z   repository: keycloak/keycloak
Test remote (fast)	UNKNOWN STEP	2026-01-06T13:50:16.8626122Z   token: ***
Test remote (fast)	UNKNOWN STEP	2026-01-06T13:50:16.8626843Z   ssh-strict: true
Test remote (fast)	UNKNOWN STEP	2026-01-06T13:50:16.8627589Z   ssh-user: git
Test remote (fast)	UNKNOWN STEP	2026-01-06T13:50:16.8628354Z   persist-credentials: true
Test remote (fast)	UNKNOWN STEP	2026-01-06T13:50:16.8629294Z   clean: true
Test remote (fast)	UNKNOWN STEP	2026-01-06T13:50:16.8630105Z   sparse-checkout-cone-mode: true
Test remote (fast)	UNKNOWN STEP	2026-01-06T13:50:16.8631235Z   fetch-depth: 1
Test remote (fast)	UNKNOWN STEP	2026-01-06T13:50:16.8631990Z   fetch-tags: false
Test remote (fast)	UNKNOWN STEP	2026-01-06T13:50:16.8632798Z   show-progress: true
Test remote (fast)	UNKNOWN STEP	2026-01-06T13:50:16.8633562Z   lfs: false
Test remote (fast)	UNKNOWN STEP	2026-01-06T13:50:16.8634271Z   submodules: false
Test remote (fast)	UNKNOWN STEP	2026-01-06T13:50:16.8635044Z   set-safe-directory: true
Test remote (fast)	UNKNOWN STEP	2026-01-06T13:50:16.8636146Z env:
Test remote (fast)	UNKNOWN STEP	2026-01-06T13:50:16.8637165Z   MAVEN_ARGS: -B -nsu -Daether.connector.http.connectionMaxTtl=25
Test remote (fast)	UNKNOWN STEP	2026-01-06T13:50:16.8638452Z   MINIKUBE_VERSION: v1.37.0
Test remote (fast)	UNKNOWN STEP	2026-01-06T13:50:16.8639404Z   KUBERNETES_VERSION: v1.32.9
Test remote (fast)	UNKNOWN STEP	2026-01-06T13:50:16.8640300Z   MINIKUBE_MEMORY: 4096
Test remote (fast)	UNKNOWN STEP	2026-01-06T13:50:16.8641294Z ##[endgroup]
Test remote (fast)	UNKNOWN STEP	2026-01-06T13:50:16.9624946Z Syncing repository: keycloak/keycloak
Test remote (fast)	UNKNOWN STEP	2026-01-06T13:50:16.9627999Z ##[group]Getting Git version info
Test remote (fast)	UNKNOWN STEP	2026-01-06T13:50:16.9629677Z Working directory is '/home/runner/work/keycloak/keycloak'
Test remote (fast)	UNKNOWN STEP	2026-01-06T13:50:16.9632029Z [command]/usr/bin/git version
Test remote (fast)	UNKNOWN STEP	2026-01-06T13:50:16.9689640Z git version 2.52.0
Test remote (fast)	UNKNOWN STEP	2026-01-06T13:50:16.9713750Z ##[endgroup]
Test remote (fast)	UNKNOWN STEP	2026-01-06T13:50:16.9731411Z Temporarily overriding HOME='/home/runner/work/_temp/118796c5-729c-4ae2-93e8-1252206dad2a' before making global git config changes
Test remote (fast)	UNKNOWN STEP	2026-01-06T13:50:16.9735166Z Adding repository directory to the temporary git global config as a safe directory
Test remote (fast)	UNKNOWN STEP	2026-01-06T13:50:16.9738366Z [command]/usr/bin/git config --global --add safe.directory /home/runner/work/keycloak/keycloak
Test remote (fast)	UNKNOWN STEP	2026-01-06T13:50:16.9784319Z Deleting the contents of '/home/runner/work/keycloak/keycloak'
Test remote (fast)	UNKNOWN STEP	2026-01-06T13:50:16.9787926Z ##[group]Initializing the repository
Test remote (fast)	UNKNOWN STEP	2026-01-06T13:50:16.9793748Z [command]/usr/bin/git init /home/runner/work/keycloak/keycloak
Test remote (fast)	UNKNOWN STEP	2026-01-06T13:50:16.9928544Z hint: Using 'master' as the name for the initial branch. This default branch name
Test remote (fast)	UNKNOWN STEP	2026-01-06T13:50:16.9932375Z hint: will change to "main" in Git 3.0. To configure the initial branch name
Test remote (fast)	UNKNOWN STEP	2026-01-06T13:50:16.9934676Z hint: to use in all of your new repositories, which will suppress this warning,
Test remote (fast)	UNKNOWN STEP	2026-01-06T13:50:16.9936255Z hint: call:
Test remote (fast)	UNKNOWN STEP	2026-01-06T13:50:16.9937040Z hint:
Test remote (fast)	UNKNOWN STEP	2026-01-06T13:50:16.9938128Z hint: 	git config --global init.defaultBranch <name>
Test remote (fast)	UNKNOWN STEP	2026-01-06T13:50:16.9939831Z hint:
Test remote (fast)	UNKNOWN STEP	2026-01-06T13:50:16.9941440Z hint: Names commonly chosen instead of 'master' are 'main', 'trunk' and
Test remote (fast)	UNKNOWN STEP	2026-01-06T13:50:16.9943224Z hint: 'development'. The just-created branch can be renamed via this command:
Test remote (fast)	UNKNOWN STEP	2026-01-06T13:50:16.9944785Z hint:
Test remote (fast)	UNKNOWN STEP	2026-01-06T13:50:16.9945848Z hint: 	git branch -m <name>
Test remote (fast)	UNKNOWN STEP	2026-01-06T13:50:16.9946740Z hint:
Test remote (fast)	UNKNOWN STEP	2026-01-06T13:50:16.9947940Z hint: Disable this message with "git config set advice.defaultBranchName false"
Test remote (fast)	UNKNOWN STEP	2026-01-06T13:50:16.9949907Z Initialized empty Git repository in /home/runner/work/keycloak/keycloak/.git/
Test remote (fast)	UNKNOWN STEP	2026-01-06T13:50:16.9953268Z [command]/usr/bin/git remote add origin https://github.com/keycloak/keycloak
Test remote (fast)	UNKNOWN STEP	2026-01-06T13:50:16.9988379Z ##[endgroup]
Test remote (fast)	UNKNOWN STEP	2026-01-06T13:50:16.9989748Z ##[group]Disabling automatic garbage collection
Test remote (fast)	UNKNOWN STEP	2026-01-06T13:50:16.9992026Z [command]/usr/bin/git config --local gc.auto 0
Test remote (fast)	UNKNOWN STEP	2026-01-06T13:50:17.0024296Z ##[endgroup]
Test remote (fast)	UNKNOWN STEP	2026-01-06T13:50:17.0025561Z ##[group]Setting up auth
Test remote (fast)	UNKNOWN STEP	2026-01-06T13:50:17.0031773Z [command]/usr/bin/git config --local --name-only --get-regexp core\.sshCommand
Test remote (fast)	UNKNOWN STEP	2026-01-06T13:50:17.0065682Z [command]/usr/bin/git submodule foreach --recursive sh -c "git config --local --name-only --get-regexp 'core\.sshCommand' && git config --local --unset-all 'core.sshCommand' || :"
Test remote (fast)	UNKNOWN STEP	2026-01-06T13:50:17.0457575Z [command]/usr/bin/git config --local --name-only --get-regexp http\.https\:\/\/github\.com\/\.extraheader
Test remote (fast)	UNKNOWN STEP	2026-01-06T13:50:17.0495701Z [command]/usr/bin/git submodule foreach --recursive sh -c "git config --local --name-only --get-regexp 'http\.https\:\/\/github\.com\/\.extraheader' && git config --local --unset-all 'http.https://github.com/.extraheader' || :"
Test remote (fast)	UNKNOWN STEP	2026-01-06T13:50:17.0747499Z [command]/usr/bin/git config --local http.https://github.com/.extraheader AUTHORIZATION: basic ***
Test remote (fast)	UNKNOWN STEP	2026-01-06T13:50:17.0788053Z ##[endgroup]
Test remote (fast)	UNKNOWN STEP	2026-01-06T13:50:17.0789869Z ##[group]Fetching the repository
Test remote (fast)	UNKNOWN STEP	2026-01-06T13:50:17.0799883Z [command]/usr/bin/git -c protocol.version=2 fetch --no-tags --prune --no-recurse-submodules --depth=1 origin +3a9764538f88aaa89f25ff9edc6ce7b6cf3c8ae2:refs/remotes/pull/45161/merge
Test remote (fast)	UNKNOWN STEP	2026-01-06T13:50:20.5165153Z From https://github.com/keycloak/keycloak
Test remote (fast)	UNKNOWN STEP	2026-01-06T13:50:20.5166845Z  * [new ref]         3a9764538f88aaa89f25ff9edc6ce7b6cf3c8ae2 -> pull/45161/merge
Test remote (fast)	UNKNOWN STEP	2026-01-06T13:50:20.5199046Z ##[endgroup]
Test remote (fast)	UNKNOWN STEP	2026-01-06T13:50:20.5200022Z ##[group]Determining the checkout info
Test remote (fast)	UNKNOWN STEP	2026-01-06T13:50:20.5202249Z ##[endgroup]
Test remote (fast)	UNKNOWN STEP	2026-01-06T13:50:20.5206910Z [command]/usr/bin/git sparse-checkout disable
Test remote (fast)	UNKNOWN STEP	2026-01-06T13:50:20.5248649Z [command]/usr/bin/git config --local --unset-all extensions.worktreeConfig
Test remote (fast)	UNKNOWN STEP	2026-01-06T13:50:20.5274631Z ##[group]Checking out the ref
Test remote (fast)	UNKNOWN STEP	2026-01-06T13:50:20.5278219Z [command]/usr/bin/git checkout --progress --force refs/remotes/pull/45161/merge
Test remote (fast)	UNKNOWN STEP	2026-01-06T13:50:21.3905748Z Note: switching to 'refs/remotes/pull/45161/merge'.
Test remote (fast)	UNKNOWN STEP	2026-01-06T13:50:21.3906383Z 
Test remote (fast)	UNKNOWN STEP	2026-01-06T13:50:21.3906756Z You are in 'detached HEAD' state. You can look around, make experimental
Test remote (fast)	UNKNOWN STEP	2026-01-06T13:50:21.3907515Z changes and commit them, and you can discard any commits you make in this
Test remote (fast)	UNKNOWN STEP	2026-01-06T13:50:21.3908404Z state without impacting any branches by switching back to a branch.
Test remote (fast)	UNKNOWN STEP	2026-01-06T13:50:21.3908892Z 
Test remote (fast)	UNKNOWN STEP	2026-01-06T13:50:21.3909260Z If you want to create a new branch to retain commits you create, you may
Test remote (fast)	UNKNOWN STEP	2026-01-06T13:50:21.3909951Z do so (now or later) by using -c with the switch command. Example:
Test remote (fast)	UNKNOWN STEP	2026-01-06T13:50:21.3911127Z 
Test remote (fast)	UNKNOWN STEP	2026-01-06T13:50:21.3911430Z   git switch -c <new-branch-name>
Test remote (fast)	UNKNOWN STEP	2026-01-06T13:50:21.3911751Z 
Test remote (fast)	UNKNOWN STEP	2026-01-06T13:50:21.3912000Z Or undo this operation with:
Test remote (fast)	UNKNOWN STEP	2026-01-06T13:50:21.3912270Z 
Test remote (fast)	UNKNOWN STEP	2026-01-06T13:50:21.3912433Z   git switch -
Test remote (fast)	UNKNOWN STEP	2026-01-06T13:50:21.3912677Z 
Test remote (fast)	UNKNOWN STEP	2026-01-06T13:50:21.3913098Z Turn off this advice by setting config variable advice.detachedHead to false
Test remote (fast)	UNKNOWN STEP	2026-01-06T13:50:21.3913620Z 
Test remote (fast)	UNKNOWN STEP	2026-01-06T13:50:21.3914158Z HEAD is now at 3a97645 Merge b9f7e7baafe73bc2dafc9676e981d708ef74082a into ffed84194e405af2f3f07f3b684e0c039d53e9b0
Test remote (fast)	UNKNOWN STEP	2026-01-06T13:50:21.3946016Z ##[endgroup]
Test remote (fast)	UNKNOWN STEP	2026-01-06T13:50:21.3986467Z [command]/usr/bin/git log -1 --format=%H
Test remote (fast)	UNKNOWN STEP	2026-01-06T13:50:21.4013637Z 3a9764538f88aaa89f25ff9edc6ce7b6cf3c8ae2
Test remote (fast)	UNKNOWN STEP	2026-01-06T13:50:21.4298548Z ##[group]Run echo "version_remote=0.0.1-${GITHUB_SHA::6}" >> $GITHUB_ENV
Test remote (fast)	UNKNOWN STEP	2026-01-06T13:50:21.4299154Z [36;1mecho "version_remote=0.0.1-${GITHUB_SHA::6}" >> $GITHUB_ENV[0m
Test remote (fast)	UNKNOWN STEP	2026-01-06T13:50:21.4340124Z shell: /usr/bin/bash --noprofile --norc -e -o pipefail {0}
Test remote (fast)	UNKNOWN STEP	2026-01-06T13:50:21.4340897Z env:
Test remote (fast)	UNKNOWN STEP	2026-01-06T13:50:21.4341246Z   MAVEN_ARGS: -B -nsu -Daether.connector.http.connectionMaxTtl=25
Test remote (fast)	UNKNOWN STEP	2026-01-06T13:50:21.4341639Z   MINIKUBE_VERSION: v1.37.0
Test remote (fast)	UNKNOWN STEP	2026-01-06T13:50:21.4341916Z   KUBERNETES_VERSION: v1.32.9
Test remote (fast)	UNKNOWN STEP	2026-01-06T13:50:21.4342238Z   MINIKUBE_MEMORY: 4096
Test remote (fast)	UNKNOWN STEP	2026-01-06T13:50:21.4342476Z ##[endgroup]
Test remote (fast)	UNKNOWN STEP	2026-01-06T13:50:21.4563498Z Prepare all required actions
Test remote (fast)	UNKNOWN STEP	2026-01-06T13:50:21.4564087Z Getting action download info
Test remote (fast)	UNKNOWN STEP	2026-01-06T13:50:21.5807869Z Download action repository 'actions/setup-java@c5195efecf7bdfc987ee8bae7a71cb8b11521c00' (SHA:c5195efecf7bdfc987ee8bae7a71cb8b11521c00)
Test remote (fast)	UNKNOWN STEP	2026-01-06T13:50:21.9155882Z ##[group]Run ./.github/actions/java-setup
Test remote (fast)	UNKNOWN STEP	2026-01-06T13:50:21.9156159Z with:
Test remote (fast)	UNKNOWN STEP	2026-01-06T13:50:21.9156333Z   distribution: temurin
Test remote (fast)	UNKNOWN STEP	2026-01-06T13:50:21.9156539Z   java-version: 21
Test remote (fast)	UNKNOWN STEP	2026-01-06T13:50:21.9156715Z env:
Test remote (fast)	UNKNOWN STEP	2026-01-06T13:50:21.9156979Z   MAVEN_ARGS: -B -nsu -Daether.connector.http.connectionMaxTtl=25
Test remote (fast)	UNKNOWN STEP	2026-01-06T13:50:21.9157339Z   MINIKUBE_VERSION: v1.37.0
Test remote (fast)	UNKNOWN STEP	2026-01-06T13:50:21.9157580Z   KUBERNETES_VERSION: v1.32.9
Test remote (fast)	UNKNOWN STEP	2026-01-06T13:50:21.9157807Z   MINIKUBE_MEMORY: 4096
Test remote (fast)	UNKNOWN STEP	2026-01-06T13:50:21.9158011Z   version_remote: 0.0.1-3a9764
Test remote (fast)	UNKNOWN STEP	2026-01-06T13:50:21.9158223Z ##[endgroup]
Test remote (fast)	UNKNOWN STEP	2026-01-06T13:50:21.9305899Z ##[group]Run actions/setup-java@c5195efecf7bdfc987ee8bae7a71cb8b11521c00
Test remote (fast)	UNKNOWN STEP	2026-01-06T13:50:21.9306315Z with:
Test remote (fast)	UNKNOWN STEP	2026-01-06T13:50:21.9306501Z   distribution: temurin
Test remote (fast)	UNKNOWN STEP	2026-01-06T13:50:21.9306710Z   java-version: 21
Test remote (fast)	UNKNOWN STEP	2026-01-06T13:50:21.9306899Z   java-package: jdk
Test remote (fast)	UNKNOWN STEP	2026-01-06T13:50:21.9307103Z   check-latest: false
Test remote (fast)	UNKNOWN STEP	2026-01-06T13:50:21.9307293Z   server-id: github
Test remote (fast)	UNKNOWN STEP	2026-01-06T13:50:21.9307493Z   server-username: GITHUB_ACTOR
Test remote (fast)	UNKNOWN STEP	2026-01-06T13:50:21.9307735Z   server-password: GITHUB_TOKEN
Test remote (fast)	UNKNOWN STEP	2026-01-06T13:50:21.9307969Z   overwrite-settings: true
Test remote (fast)	UNKNOWN STEP	2026-01-06T13:50:21.9308185Z   job-status: success
Test remote (fast)	UNKNOWN STEP	2026-01-06T13:50:21.9308505Z   token: ***
Test remote (fast)	UNKNOWN STEP	2026-01-06T13:50:21.9308687Z env:
Test remote (fast)	UNKNOWN STEP	2026-01-06T13:50:21.9308949Z   MAVEN_ARGS: -B -nsu -Daether.connector.http.connectionMaxTtl=25
Test remote (fast)	UNKNOWN STEP	2026-01-06T13:50:21.9309311Z   MINIKUBE_VERSION: v1.37.0
Test remote (fast)	UNKNOWN STEP	2026-01-06T13:50:21.9309531Z   KUBERNETES_VERSION: v1.32.9
Test remote (fast)	UNKNOWN STEP	2026-01-06T13:50:21.9309770Z   MINIKUBE_MEMORY: 4096
Test remote (fast)	UNKNOWN STEP	2026-01-06T13:50:21.9310104Z   version_remote: 0.0.1-3a9764
Test remote (fast)	UNKNOWN STEP	2026-01-06T13:50:21.9310452Z ##[endgroup]
Test remote (fast)	UNKNOWN STEP	2026-01-06T13:50:22.1356888Z ##[group]Installed distributions
Test remote (fast)	UNKNOWN STEP	2026-01-06T13:50:22.1423391Z Resolved Java 21.0.9+10 from tool-cache
Test remote (fast)	UNKNOWN STEP	2026-01-06T13:50:22.1424512Z Setting Java 21.0.9+10 as the default
Test remote (fast)	UNKNOWN STEP	2026-01-06T13:50:22.1437344Z Creating toolchains.xml for JDK version 21 from temurin
Test remote (fast)	UNKNOWN STEP	2026-01-06T13:50:22.1517476Z Writing to /home/runner/.m2/toolchains.xml
Test remote (fast)	UNKNOWN STEP	2026-01-06T13:50:22.1517988Z 
Test remote (fast)	UNKNOWN STEP	2026-01-06T13:50:22.1518149Z Java configuration:
Test remote (fast)	UNKNOWN STEP	2026-01-06T13:50:22.1519245Z   Distribution: temurin
Test remote (fast)	UNKNOWN STEP	2026-01-06T13:50:22.1519635Z   Version: 21.0.9+10
Test remote (fast)	UNKNOWN STEP	2026-01-06T13:50:22.1520824Z   Path: /opt/hostedtoolcache/Java_Temurin-Hotspot_jdk/21.0.9-10/x64
Test remote (fast)	UNKNOWN STEP	2026-01-06T13:50:22.1521320Z 
Test remote (fast)	UNKNOWN STEP	2026-01-06T13:50:22.1522164Z ##[endgroup]
Test remote (fast)	UNKNOWN STEP	2026-01-06T13:50:22.1537356Z Creating settings.xml with server-id: github
Test remote (fast)	UNKNOWN STEP	2026-01-06T13:50:22.1540547Z Writing to /home/runner/.m2/settings.xml
Test remote (fast)	UNKNOWN STEP	2026-01-06T13:50:22.1689451Z ##[group]Run manusa/actions-setup-minikube@b589f2d61bf96695c546929c72b38563e856059d
Test remote (fast)	UNKNOWN STEP	2026-01-06T13:50:22.1689894Z with:
Test remote (fast)	UNKNOWN STEP	2026-01-06T13:50:22.1690097Z   minikube version: v1.37.0
Test remote (fast)	UNKNOWN STEP	2026-01-06T13:50:22.1690345Z   kubernetes version: v1.32.9
Test remote (fast)	UNKNOWN STEP	2026-01-06T13:50:22.1691331Z   github token: ***
Test remote (fast)	UNKNOWN STEP	2026-01-06T13:50:22.1691560Z   driver: docker
Test remote (fast)	UNKNOWN STEP	2026-01-06T13:50:22.1691860Z   start args: --addons=ingress --memory=4096 --cni calico --cpus=max
Test remote (fast)	UNKNOWN STEP	2026-01-06T13:50:22.1692220Z env:
Test remote (fast)	UNKNOWN STEP	2026-01-06T13:50:22.1692501Z   MAVEN_ARGS: -B -nsu -Daether.connector.http.connectionMaxTtl=25
Test remote (fast)	UNKNOWN STEP	2026-01-06T13:50:22.1692874Z   MINIKUBE_VERSION: v1.37.0
Test remote (fast)	UNKNOWN STEP	2026-01-06T13:50:22.1693114Z   KUBERNETES_VERSION: v1.32.9
Test remote (fast)	UNKNOWN STEP	2026-01-06T13:50:22.1693360Z   MINIKUBE_MEMORY: 4096
Test remote (fast)	UNKNOWN STEP	2026-01-06T13:50:22.1693593Z   version_remote: 0.0.1-3a9764
Test remote (fast)	UNKNOWN STEP	2026-01-06T13:50:22.1693948Z   JAVA_HOME: /opt/hostedtoolcache/Java_Temurin-Hotspot_jdk/21.0.9-10/x64
Test remote (fast)	UNKNOWN STEP	2026-01-06T13:50:22.1694495Z   JAVA_HOME_21_X64: /opt/hostedtoolcache/Java_Temurin-Hotspot_jdk/21.0.9-10/x64
Test remote (fast)	UNKNOWN STEP	2026-01-06T13:50:22.1694886Z ##[endgroup]
Test remote (fast)	UNKNOWN STEP	2026-01-06T13:50:22.2944294Z Loading input variables
Test remote (fast)	UNKNOWN STEP	2026-01-06T13:50:22.2947271Z Updating Environment configuration to support Minikube
Test remote (fast)	UNKNOWN STEP	2026-01-06T13:50:22.3123862Z 
Test remote (fast)	UNKNOWN STEP	2026-01-06T13:50:22.3124177Z WARNING: apt does not have a stable CLI interface. Use with caution in scripts.
Test remote (fast)	UNKNOWN STEP	2026-01-06T13:50:22.3124524Z 
Test remote (fast)	UNKNOWN STEP	2026-01-06T13:50:22.3812185Z Get:1 file:/etc/apt/apt-mirrors.txt Mirrorlist [144 B]
Test remote (fast)	UNKNOWN STEP	2026-01-06T13:50:22.4146744Z Hit:2 http://azure.archive.ubuntu.com/ubuntu noble InRelease
Test remote (fast)	UNKNOWN STEP	2026-01-06T13:50:22.4151789Z Hit:6 https://packages.microsoft.com/repos/azure-cli noble InRelease
Test remote (fast)	UNKNOWN STEP	2026-01-06T13:50:22.4159866Z Get:3 http://azure.archive.ubuntu.com/ubuntu noble-updates InRelease [126 kB]
Test remote (fast)	UNKNOWN STEP	2026-01-06T13:50:22.4196229Z Get:7 https://packages.microsoft.com/ubuntu/24.04/prod noble InRelease [3600 B]
Test remote (fast)	UNKNOWN STEP	2026-01-06T13:50:22.4216604Z Get:4 http://azure.archive.ubuntu.com/ubuntu noble-backports InRelease [126 kB]
Test remote (fast)	UNKNOWN STEP	2026-01-06T13:50:22.4233092Z Get:5 http://azure.archive.ubuntu.com/ubuntu noble-security InRelease [126 kB]
Test remote (fast)	UNKNOWN STEP	2026-01-06T13:50:22.6069003Z Get:8 http://azure.archive.ubuntu.com/ubuntu noble-updates/main amd64 Packages [1684 kB]
Test remote (fast)	UNKNOWN STEP	2026-01-06T13:50:22.6269776Z Get:9 http://azure.archive.ubuntu.com/ubuntu noble-updates/main Translation-en [311 kB]
Test remote (fast)	UNKNOWN STEP	2026-01-06T13:50:22.6280353Z Get:10 http://azure.archive.ubuntu.com/ubuntu noble-updates/main amd64 Components [175 kB]
Test remote (fast)	UNKNOWN STEP	2026-01-06T13:50:22.6305050Z Get:11 http://azure.archive.ubuntu.com/ubuntu noble-updates/main amd64 c-n-f Metadata [15.8 kB]
Test remote (fast)	UNKNOWN STEP	2026-01-06T13:50:22.6322768Z Get:12 http://azure.archive.ubuntu.com/ubuntu noble-updates/universe amd64 Packages [1506 kB]
Test remote (fast)	UNKNOWN STEP	2026-01-06T13:50:22.6421829Z Get:13 http://azure.archive.ubuntu.com/ubuntu noble-updates/universe Translation-en [306 kB]
Test remote (fast)	UNKNOWN STEP	2026-01-06T13:50:22.6446831Z Get:14 http://azure.archive.ubuntu.com/ubuntu noble-updates/universe amd64 Components [378 kB]
Test remote (fast)	UNKNOWN STEP	2026-01-06T13:50:22.6562408Z Get:15 http://azure.archive.ubuntu.com/ubuntu noble-updates/universe amd64 c-n-f Metadata [31.4 kB]
Test remote (fast)	UNKNOWN STEP	2026-01-06T13:50:22.6581344Z Get:16 http://azure.archive.ubuntu.com/ubuntu noble-updates/restricted amd64 Packages [2413 kB]
Test remote (fast)	UNKNOWN STEP	2026-01-06T13:50:22.6737590Z Get:17 http://azure.archive.ubuntu.com/ubuntu noble-updates/restricted Translation-en [550 kB]
Test remote (fast)	UNKNOWN STEP	2026-01-06T13:50:22.6921748Z Get:24 https://packages.microsoft.com/ubuntu/24.04/prod noble/main amd64 Packages [77.6 kB]
Test remote (fast)	UNKNOWN STEP	2026-01-06T13:50:22.7114221Z Get:25 https://packages.microsoft.com/ubuntu/24.04/prod noble/main arm64 Packages [59.2 kB]
Test remote (fast)	UNKNOWN STEP	2026-01-06T13:50:22.7225482Z Get:18 http://azure.archive.ubuntu.com/ubuntu noble-updates/restricted amd64 Components [212 B]
Test remote (fast)	UNKNOWN STEP	2026-01-06T13:50:22.7234663Z Get:19 http://azure.archive.ubuntu.com/ubuntu noble-updates/restricted amd64 c-n-f Metadata [516 B]
Test remote (fast)	UNKNOWN STEP	2026-01-06T13:50:22.7253156Z Get:20 http://azure.archive.ubuntu.com/ubuntu noble-updates/multiverse amd64 Packages [30.3 kB]
Test remote (fast)	UNKNOWN STEP	2026-01-06T13:50:22.7261929Z Get:21 http://azure.archive.ubuntu.com/ubuntu noble-updates/multiverse Translation-en [6048 B]
Test remote (fast)	UNKNOWN STEP	2026-01-06T13:50:22.7270951Z Get:22 http://azure.archive.ubuntu.com/ubuntu noble-updates/multiverse amd64 Components [940 B]
Test remote (fast)	UNKNOWN STEP	2026-01-06T13:50:22.7281019Z Get:23 http://azure.archive.ubuntu.com/ubuntu noble-updates/multiverse amd64 c-n-f Metadata [488 B]
Test remote (fast)	UNKNOWN STEP	2026-01-06T13:50:22.7291444Z Get:26 http://azure.archive.ubuntu.com/ubuntu noble-backports/main amd64 Packages [40.4 kB]
Test remote (fast)	UNKNOWN STEP	2026-01-06T13:50:22.7302733Z Get:27 http://azure.archive.ubuntu.com/ubuntu noble-backports/main amd64 Components [7328 B]
Test remote (fast)	UNKNOWN STEP	2026-01-06T13:50:22.7308427Z Get:28 http://azure.archive.ubuntu.com/ubuntu noble-backports/main amd64 c-n-f Metadata [368 B]
Test remote (fast)	UNKNOWN STEP	2026-01-06T13:50:22.7318891Z Get:29 http://azure.archive.ubuntu.com/ubuntu noble-backports/universe amd64 Packages [29.5 kB]
Test remote (fast)	UNKNOWN STEP	2026-01-06T13:50:22.7328317Z Get:30 http://azure.archive.ubuntu.com/ubuntu noble-backports/universe Translation-en [17.9 kB]
Test remote (fast)	UNKNOWN STEP	2026-01-06T13:50:22.7336791Z Get:31 http://azure.archive.ubuntu.com/ubuntu noble-backports/universe amd64 Components [10.5 kB]
Test remote (fast)	UNKNOWN STEP	2026-01-06T13:50:22.7350094Z Get:32 http://azure.archive.ubuntu.com/ubuntu noble-backports/universe amd64 c-n-f Metadata [1444 B]
Test remote (fast)	UNKNOWN STEP	2026-01-06T13:50:22.7364204Z Get:33 http://azure.archive.ubuntu.com/ubuntu noble-backports/restricted amd64 Components [216 B]
Test remote (fast)	UNKNOWN STEP	2026-01-06T13:50:22.7783148Z Get:34 http://azure.archive.ubuntu.com/ubuntu noble-backports/multiverse amd64 Components [212 B]
Test remote (fast)	UNKNOWN STEP	2026-01-06T13:50:22.7797738Z Get:35 http://azure.archive.ubuntu.com/ubuntu noble-security/main amd64 Packages [1391 kB]
Test remote (fast)	UNKNOWN STEP	2026-01-06T13:50:22.7866894Z Get:36 http://azure.archive.ubuntu.com/ubuntu noble-security/main Translation-en [225 kB]
Test remote (fast)	UNKNOWN STEP	2026-01-06T13:50:22.7885305Z Get:37 http://azure.archive.ubuntu.com/ubuntu noble-security/main amd64 Components [21.5 kB]
Test remote (fast)	UNKNOWN STEP	2026-01-06T13:50:22.7893723Z Get:38 http://azure.archive.ubuntu.com/ubuntu noble-security/main amd64 c-n-f Metadata [9504 B]
Test remote (fast)	UNKNOWN STEP	2026-01-06T13:50:22.7903353Z Get:39 http://azure.archive.ubuntu.com/ubuntu noble-security/universe amd64 Packages [916 kB]
Test remote (fast)	UNKNOWN STEP	2026-01-06T13:50:22.7954652Z Get:40 http://azure.archive.ubuntu.com/ubuntu noble-security/universe amd64 Components [71.4 kB]
Test remote (fast)	UNKNOWN STEP	2026-01-06T13:50:22.7967899Z Get:41 http://azure.archive.ubuntu.com/ubuntu noble-security/universe amd64 c-n-f Metadata [19.4 kB]
Test remote (fast)	UNKNOWN STEP	2026-01-06T13:50:22.7976583Z Get:42 http://azure.archive.ubuntu.com/ubuntu noble-security/restricted amd64 Components [212 B]
Test remote (fast)	UNKNOWN STEP	2026-01-06T13:50:22.7986381Z Get:43 http://azure.archive.ubuntu.com/ubuntu noble-security/multiverse amd64 Components [208 B]
Test remote (fast)	UNKNOWN STEP	2026-01-06T13:50:31.5153666Z Fetched 10.7 MB in 1s (7700 kB/s)
Test remote (fast)	UNKNOWN STEP	2026-01-06T13:50:32.3691292Z Reading package lists...
Test remote (fast)	UNKNOWN STEP	2026-01-06T13:50:32.5561999Z Building dependency tree...
Test remote (fast)	UNKNOWN STEP	2026-01-06T13:50:32.5569012Z Reading state information...
Test remote (fast)	UNKNOWN STEP	2026-01-06T13:50:32.5735856Z 69 packages can be upgraded. Run 'apt list --upgradable' to see them.
Test remote (fast)	UNKNOWN STEP	2026-01-06T13:50:32.6020034Z Reading package lists...
Test remote (fast)	UNKNOWN STEP	2026-01-06T13:50:32.7978154Z Building dependency tree...
Test remote (fast)	UNKNOWN STEP	2026-01-06T13:50:32.7985435Z Reading state information...
Test remote (fast)	UNKNOWN STEP	2026-01-06T13:50:33.0115121Z The following NEW packages will be installed:
Test remote (fast)	UNKNOWN STEP	2026-01-06T13:50:33.0125631Z   conntrack
Test remote (fast)	UNKNOWN STEP	2026-01-06T13:50:33.0337832Z 0 upgraded, 1 newly installed, 0 to remove and 69 not upgraded.
Test remote (fast)	UNKNOWN STEP	2026-01-06T13:50:33.0338475Z Need to get 37.9 kB of archives.
Test remote (fast)	UNKNOWN STEP	2026-01-06T13:50:33.0339056Z After this operation, 119 kB of additional disk space will be used.
Test remote (fast)	UNKNOWN STEP	2026-01-06T13:50:33.0339720Z Get:1 file:/etc/apt/apt-mirrors.txt Mirrorlist [144 B]
Test remote (fast)	UNKNOWN STEP	2026-01-06T13:50:33.0534359Z Get:2 http://azure.archive.ubuntu.com/ubuntu noble/main amd64 conntrack amd64 1:1.4.8-1ubuntu1 [37.9 kB]
Test remote (fast)	UNKNOWN STEP	2026-01-06T13:50:33.3211948Z Fetched 37.9 kB in 0s (1209 kB/s)
Test remote (fast)	UNKNOWN STEP	2026-01-06T13:50:33.3452958Z Selecting previously unselected package conntrack.
Test remote (fast)	UNKNOWN STEP	2026-01-06T13:50:33.3733488Z (Reading database ... 
Test remote (fast)	UNKNOWN STEP	2026-01-06T13:50:33.3734080Z (Reading database ... 5%
Test remote (fast)	UNKNOWN STEP	2026-01-06T13:50:33.3734446Z (Reading database ... 10%
Test remote (fast)	UNKNOWN STEP	2026-01-06T13:50:33.3734806Z (Reading database ... 15%
Test remote (fast)	UNKNOWN STEP	2026-01-06T13:50:33.3735133Z (Reading database ... 20%
Test remote (fast)	UNKNOWN STEP	2026-01-06T13:50:33.3735458Z (Reading database ... 25%
Test remote (fast)	UNKNOWN STEP	2026-01-06T13:50:33.3736068Z (Reading database ... 30%
Test remote (fast)	UNKNOWN STEP	2026-01-06T13:50:33.3736547Z (Reading database ... 35%
Test remote (fast)	UNKNOWN STEP	2026-01-06T13:50:33.3736869Z (Reading database ... 40%
Test remote (fast)	UNKNOWN STEP	2026-01-06T13:50:33.3737189Z (Reading database ... 45%
Test remote (fast)	UNKNOWN STEP	2026-01-06T13:50:33.3737502Z (Reading database ... 50%
Test remote (fast)	UNKNOWN STEP	2026-01-06T13:50:33.3848705Z (Reading database ... 55%
Test remote (fast)	UNKNOWN STEP	2026-01-06T13:50:33.4657882Z (Reading database ... 60%
Test remote (fast)	UNKNOWN STEP	2026-01-06T13:50:33.5983138Z (Reading database ... 65%
Test remote (fast)	UNKNOWN STEP	2026-01-06T13:50:33.6389376Z (Reading database ... 70%
Test remote (fast)	UNKNOWN STEP	2026-01-06T13:50:33.6818344Z (Reading database ... 75%
Test remote (fast)	UNKNOWN STEP	2026-01-06T13:50:33.8674187Z (Reading database ... 80%
Test remote (fast)	UNKNOWN STEP	2026-01-06T13:50:34.0558836Z (Reading database ... 85%
Test remote (fast)	UNKNOWN STEP	2026-01-06T13:50:34.2855850Z (Reading database ... 90%
Test remote (fast)	UNKNOWN STEP	2026-01-06T13:50:34.4194446Z (Reading database ... 95%
Test remote (fast)	UNKNOWN STEP	2026-01-06T13:50:34.4195038Z (Reading database ... 100%
Test remote (fast)	UNKNOWN STEP	2026-01-06T13:50:34.4195660Z (Reading database ... 217374 files and directories currently installed.)
Test remote (fast)	UNKNOWN STEP	2026-01-06T13:50:34.4242463Z Preparing to unpack .../conntrack_1%3a1.4.8-1ubuntu1_amd64.deb ...
Test remote (fast)	UNKNOWN STEP	2026-01-06T13:50:34.4271165Z Unpacking conntrack (1:1.4.8-1ubuntu1) ...
Test remote (fast)	UNKNOWN STEP	2026-01-06T13:50:34.4709316Z Setting up conntrack (1:1.4.8-1ubuntu1) ...
Test remote (fast)	UNKNOWN STEP	2026-01-06T13:50:34.4746402Z Processing triggers for man-db (2.12.0-4build2) ...
Test remote (fast)	UNKNOWN STEP	2026-01-06T13:50:34.4787498Z Not building database; man-db/auto-update is not 'true'.
Test remote (fast)	UNKNOWN STEP	2026-01-06T13:50:35.1461540Z 
Test remote (fast)	UNKNOWN STEP	2026-01-06T13:50:35.1462178Z Running kernel seems to be up-to-date.
Test remote (fast)	UNKNOWN STEP	2026-01-06T13:50:35.1462739Z 
Test remote (fast)	UNKNOWN STEP	2026-01-06T13:50:35.1462990Z No services need to be restarted.
Test remote (fast)	UNKNOWN STEP	2026-01-06T13:50:35.1463400Z 
Test remote (fast)	UNKNOWN STEP	2026-01-06T13:50:35.1463656Z No containers need to be restarted.
Test remote (fast)	UNKNOWN STEP	2026-01-06T13:50:35.1464074Z 
Test remote (fast)	UNKNOWN STEP	2026-01-06T13:50:35.1464307Z No user sessions are running outdated binaries.
Test remote (fast)	UNKNOWN STEP	2026-01-06T13:50:35.1464666Z 
Test remote (fast)	UNKNOWN STEP	2026-01-06T13:50:35.1464952Z No VM guests are running outdated hypervisor (qemu) binaries on this host.
Test remote (fast)	UNKNOWN STEP	2026-01-06T13:50:36.1614646Z fs.protected_regular = 0
Test remote (fast)	UNKNOWN STEP	2026-01-06T13:50:36.1626530Z Waiting for Docker to be ready
Test remote (fast)	UNKNOWN STEP	2026-01-06T13:50:36.2492211Z 28.0.4 - 28.0.4
Test remote (fast)	UNKNOWN STEP	2026-01-06T13:50:36.2511908Z Docker daemon is ready
Test remote (fast)	UNKNOWN STEP	2026-01-06T13:50:36.2515933Z Downloading Minikube  v1.37.0
Test remote (fast)	UNKNOWN STEP	2026-01-06T13:50:36.4992127Z Downloading from: https://github.com/kubernetes/minikube/releases/download/v1.37.0/minikube-linux-amd64
Test remote (fast)	UNKNOWN STEP	2026-01-06T13:50:37.3765605Z Installing Minikube
Test remote (fast)	UNKNOWN STEP	2026-01-06T13:50:37.4155468Z * minikube v1.37.0 on Ubuntu 24.04
Test remote (fast)	UNKNOWN STEP	2026-01-06T13:50:37.4174146Z   - MINIKUBE_VERSION=v1.37.0
Test remote (fast)	UNKNOWN STEP	2026-01-06T13:50:37.4183817Z   - MINIKUBE_MEMORY=4096
Test remote (fast)	UNKNOWN STEP	2026-01-06T13:50:37.4188436Z   - MINIKUBE_HOME=/home/runner/work/_temp
Test remote (fast)	UNKNOWN STEP	2026-01-06T13:50:39.2079103Z * Using the docker driver based on user configuration
Test remote (fast)	UNKNOWN STEP	2026-01-06T13:50:39.2719653Z * Using Docker driver with root privileges
Test remote (fast)	UNKNOWN STEP	2026-01-06T13:50:39.2733829Z * Starting "minikube" primary control-plane node in "minikube" cluster
Test remote (fast)	UNKNOWN STEP	2026-01-06T13:50:39.2745192Z * Pulling base image v0.0.48 ...
Test remote (fast)	UNKNOWN STEP	2026-01-06T13:50:39.2962542Z * Downloading Kubernetes v1.32.9 preload ...
Test remote (fast)	UNKNOWN STEP	2026-01-06T13:51:16.1096993Z * Configuring Calico (Container Networking Interface) ...
Test remote (fast)	UNKNOWN STEP	2026-01-06T13:51:17.0978720Z * Verifying Kubernetes components...
Test remote (fast)	UNKNOWN STEP	2026-01-06T13:51:17.1223502Z   - Using image registry.k8s.io/ingress-nginx/kube-webhook-certgen:v1.6.2
Test remote (fast)	UNKNOWN STEP	2026-01-06T13:51:17.1232791Z   - Using image registry.k8s.io/ingress-nginx/kube-webhook-certgen:v1.6.2
Test remote (fast)	UNKNOWN STEP	2026-01-06T13:51:17.1239440Z   - Using image registry.k8s.io/ingress-nginx/controller:v1.13.2
Test remote (fast)	UNKNOWN STEP	2026-01-06T13:51:17.1246607Z   - Using image gcr.io/k8s-minikube/storage-provisioner:v5
Test remote (fast)	UNKNOWN STEP	2026-01-06T13:51:18.0030320Z * Verifying ingress addon...
Test remote (fast)	UNKNOWN STEP	2026-01-06T13:51:40.5079851Z * Enabled addons: default-storageclass, storage-provisioner, ingress
Test remote (fast)	UNKNOWN STEP	2026-01-06T13:51:42.7705856Z 
Test remote (fast)	UNKNOWN STEP	2026-01-06T13:51:42.7718809Z     > gcr.io/k8s-minikube/kicbase...:  1.61 KiB / 488.52 MiB [>_] 0.00% ? p/s ?    > gcr.io/k8s-minikube/kicbase...:  14.99 MiB / 488.52 MiB [>] 3.07% ? p/s ?    > gcr.io/k8s-minikube/kicbase...:  48.67 MiB / 488.52 MiB [>] 9.96% ? p/s ?    > gcr.io/k8s-minikube/kicbase...:  100.75 MiB / 488.52 MiB  20.62% 167.71 M    > gcr.io/k8s-minikube/kicbase...:  154.11 MiB / 488.52 MiB  31.55% 167.71 M    > gcr.io/k8s-minikube/kicbase...:  204.94 MiB / 488.52 MiB  41.95% 167.71 M    > gcr.io/k8s-minikube/kicbase...:  247.56 MiB / 488.52 MiB  50.68% 172.69 M    > gcr.io/k8s-minikube/kicbase...:  292.63 MiB / 488.52 MiB  59.90% 172.69 M    > gcr.io/k8s-minikube/kicbase...:  339.80 MiB / 488.52 MiB  69.56% 172.69 M    > gcr.io/k8s-minikube/kicbase...:  379.39 MiB / 488.52 MiB  77.66% 175.73 M    > gcr.io/k8s-minikube/kicbase...:  434.88 MiB / 488.52 MiB  89.02% 175.73 M    > gcr.io/k8s-minikube/kicbase...:  488.51 MiB / 488.52 MiB  100.00% 225.05 ! /usr/bin/kubectl is version 1.34.3, which may have incompatibilities with Kubernetes 1.32.9.
Test remote (fast)	UNKNOWN STEP	2026-01-06T13:51:42.7725724Z   - Want kubectl v1.32.9? Try 'minikube kubectl -- get pods -A'
Test remote (fast)	UNKNOWN STEP	2026-01-06T13:51:42.7726941Z * Done! kubectl is now configured to use "minikube" cluster and "default" namespace by default
Test remote (fast)	UNKNOWN STEP	2026-01-06T13:51:42.8498392Z minikube version: v1.37.0commit: 65318f4cfff9c12cc87ec9eb8f4cdd57b25047f3 installed successfully
Test remote (fast)	UNKNOWN STEP	2026-01-06T13:51:42.8765605Z ##[group]Run actions/download-artifact@018cc2cf5baa6db3ef3c5f8a56943fffe632ef53
Test remote (fast)	UNKNOWN STEP	2026-01-06T13:51:42.8766139Z with:
Test remote (fast)	UNKNOWN STEP	2026-01-06T13:51:42.8766356Z   name: keycloak-dist
Test remote (fast)	UNKNOWN STEP	2026-01-06T13:51:42.8766617Z   path: quarkus/container
Test remote (fast)	UNKNOWN STEP	2026-01-06T13:51:42.8766888Z   merge-multiple: false
Test remote (fast)	UNKNOWN STEP	2026-01-06T13:51:42.8767149Z   repository: keycloak/keycloak
Test remote (fast)	UNKNOWN STEP	2026-01-06T13:51:42.8767424Z   run-id: 20748658664
Test remote (fast)	UNKNOWN STEP	2026-01-06T13:51:42.8767646Z env:
Test remote (fast)	UNKNOWN STEP	2026-01-06T13:51:42.8767973Z   MAVEN_ARGS: -B -nsu -Daether.connector.http.connectionMaxTtl=25
Test remote (fast)	UNKNOWN STEP	2026-01-06T13:51:42.8768395Z   MINIKUBE_VERSION: v1.37.0
Test remote (fast)	UNKNOWN STEP	2026-01-06T13:51:42.8768680Z   KUBERNETES_VERSION: v1.32.9
Test remote (fast)	UNKNOWN STEP	2026-01-06T13:51:42.8768954Z   MINIKUBE_MEMORY: 4096
Test remote (fast)	UNKNOWN STEP	2026-01-06T13:51:42.8769208Z   version_remote: 0.0.1-3a9764
Test remote (fast)	UNKNOWN STEP	2026-01-06T13:51:42.8769613Z   JAVA_HOME: /opt/hostedtoolcache/Java_Temurin-Hotspot_jdk/21.0.9-10/x64
Test remote (fast)	UNKNOWN STEP	2026-01-06T13:51:42.8770187Z   JAVA_HOME_21_X64: /opt/hostedtoolcache/Java_Temurin-Hotspot_jdk/21.0.9-10/x64
Test remote (fast)	UNKNOWN STEP	2026-01-06T13:51:42.8770873Z   MINIKUBE_HOME: /home/runner/work/_temp
Test remote (fast)	UNKNOWN STEP	2026-01-06T13:51:42.8771186Z ##[endgroup]
Test remote (fast)	UNKNOWN STEP	2026-01-06T13:51:43.0808683Z Downloading single artifact
Test remote (fast)	UNKNOWN STEP	2026-01-06T13:51:43.1874447Z Preparing to download the following artifacts:
Test remote (fast)	UNKNOWN STEP	2026-01-06T13:51:43.1878458Z - keycloak-dist (ID: 5037175472, Size: 164270952, Expected Digest: sha256:dbcfa3148a6264dbd6745652ad0f47efd01cfbc2e28dcc7c341b63a3f2fe0be9)
Test remote (fast)	UNKNOWN STEP	2026-01-06T13:51:43.2732121Z Redirecting to blob download url: https://productionresultssa19.blob.core.windows.net/actions-results/25094168-986c-4c60-b931-7dda185d5823/workflow-job-run-dc9bc738-b3fa-5b5b-bfe7-e304c94945a1/artifacts/8ec452859fe416bcecd39b267c69bfe76c7634fb13c33b71d912d2a8c0986080.zip
Test remote (fast)	UNKNOWN STEP	2026-01-06T13:51:43.2735474Z Starting download of artifact to: /home/runner/work/keycloak/keycloak/quarkus/container
Test remote (fast)	UNKNOWN STEP	2026-01-06T13:51:43.3496871Z (node:12234) [DEP0005] DeprecationWarning: Buffer() is deprecated due to security and usability issues. Please use the Buffer.alloc(), Buffer.allocUnsafe(), or Buffer.from() methods instead.
Test remote (fast)	UNKNOWN STEP	2026-01-06T13:51:43.3498060Z (Use `node --trace-deprecation ...` to show where the warning was created)
Test remote (fast)	UNKNOWN STEP	2026-01-06T13:51:45.1146129Z SHA256 digest of downloaded artifact is dbcfa3148a6264dbd6745652ad0f47efd01cfbc2e28dcc7c341b63a3f2fe0be9
Test remote (fast)	UNKNOWN STEP	2026-01-06T13:51:45.1147237Z Artifact download completed successfully.
Test remote (fast)	UNKNOWN STEP	2026-01-06T13:51:45.1147793Z Total of 1 artifact(s) downloaded
Test remote (fast)	UNKNOWN STEP	2026-01-06T13:51:45.1154383Z Download artifact has finished successfully
Test remote (fast)	UNKNOWN STEP	2026-01-06T13:51:45.1281565Z ##[group]Run eval $(minikube -p minikube docker-env)
Test remote (fast)	UNKNOWN STEP	2026-01-06T13:51:45.1281987Z [36;1meval $(minikube -p minikube docker-env)[0m
Test remote (fast)	UNKNOWN STEP	2026-01-06T13:51:45.1282534Z [36;1m(cd quarkus/container && docker build --build-arg KEYCLOAK_DIST=$(ls keycloak-*.tar.gz) . -t keycloak:0.0.1-3a9764)[0m
Test remote (fast)	UNKNOWN STEP	2026-01-06T13:51:45.1283222Z [36;1m(cd operator && ./scripts/build-testing-docker-images.sh 0.0.1-3a9764 keycloak custom-keycloak)[0m
Test remote (fast)	UNKNOWN STEP	2026-01-06T13:51:45.1316248Z shell: /usr/bin/bash --noprofile --norc -e -o pipefail {0}
Test remote (fast)	UNKNOWN STEP	2026-01-06T13:51:45.1316565Z env:
Test remote (fast)	UNKNOWN STEP	2026-01-06T13:51:45.1316845Z   MAVEN_ARGS: -B -nsu -Daether.connector.http.connectionMaxTtl=25
Test remote (fast)	UNKNOWN STEP	2026-01-06T13:51:45.1317369Z   MINIKUBE_VERSION: v1.37.0
Test remote (fast)	UNKNOWN STEP	2026-01-06T13:51:45.1317602Z   KUBERNETES_VERSION: v1.32.9
Test remote (fast)	UNKNOWN STEP	2026-01-06T13:51:45.1317832Z   MINIKUBE_MEMORY: 4096
Test remote (fast)	UNKNOWN STEP	2026-01-06T13:51:45.1318043Z   version_remote: 0.0.1-3a9764
Test remote (fast)	UNKNOWN STEP	2026-01-06T13:51:45.1318367Z   JAVA_HOME: /opt/hostedtoolcache/Java_Temurin-Hotspot_jdk/21.0.9-10/x64
Test remote (fast)	UNKNOWN STEP	2026-01-06T13:51:45.1318843Z   JAVA_HOME_21_X64: /opt/hostedtoolcache/Java_Temurin-Hotspot_jdk/21.0.9-10/x64
Test remote (fast)	UNKNOWN STEP	2026-01-06T13:51:45.1319203Z   MINIKUBE_HOME: /home/runner/work/_temp
Test remote (fast)	UNKNOWN STEP	2026-01-06T13:51:45.1319447Z ##[endgroup]
Test remote (fast)	UNKNOWN STEP	2026-01-06T13:51:45.7730460Z #0 building with "default" instance using docker driver
Test remote (fast)	UNKNOWN STEP	2026-01-06T13:51:45.7731572Z 
Test remote (fast)	UNKNOWN STEP	2026-01-06T13:51:45.7731975Z #1 [internal] load build definition from Dockerfile
Test remote (fast)	UNKNOWN STEP	2026-01-06T13:51:45.7732595Z #1 transferring dockerfile: 2.73kB done
Test remote (fast)	UNKNOWN STEP	2026-01-06T13:51:45.7733087Z #1 DONE 0.0s
Test remote (fast)	UNKNOWN STEP	2026-01-06T13:51:45.7733296Z 
Test remote (fast)	UNKNOWN STEP	2026-01-06T13:51:45.7733685Z #2 [internal] load metadata for registry.access.redhat.com/ubi9-micro:latest
Test remote (fast)	UNKNOWN STEP	2026-01-06T13:51:46.2134485Z #2 DONE 0.6s
Test remote (fast)	UNKNOWN STEP	2026-01-06T13:51:46.2134677Z 
Test remote (fast)	UNKNOWN STEP	2026-01-06T13:51:46.2134904Z #3 [internal] load metadata for registry.access.redhat.com/ubi9:latest
Test remote (fast)	UNKNOWN STEP	2026-01-06T13:51:46.3347753Z #3 DONE 0.6s
Test remote (fast)	UNKNOWN STEP	2026-01-06T13:51:46.3348120Z 
Test remote (fast)	UNKNOWN STEP	2026-01-06T13:51:46.3348293Z #4 [internal] load .dockerignore
Test remote (fast)	UNKNOWN STEP	2026-01-06T13:51:46.3349080Z #4 transferring context: 2B done
Test remote (fast)	UNKNOWN STEP	2026-01-06T13:51:46.3349646Z #4 DONE 0.0s
Test remote (fast)	UNKNOWN STEP	2026-01-06T13:51:46.3349830Z 
Test remote (fast)	UNKNOWN STEP	2026-01-06T13:51:46.3350773Z #5 [ubi-micro-build 1/8] FROM registry.access.redhat.com/ubi9:latest@sha256:2c9bb68a869abf7d7417f6639509ab5eb8500d8429ea11ab59e677be5545162b
Test remote (fast)	UNKNOWN STEP	2026-01-06T13:51:46.3352123Z #5 resolve registry.access.redhat.com/ubi9:latest@sha256:2c9bb68a869abf7d7417f6639509ab5eb8500d8429ea11ab59e677be5545162b done
Test remote (fast)	UNKNOWN STEP	2026-01-06T13:51:46.3353418Z #5 sha256:989a54762df6a21190a34dda0ffb682358fe5c29b249645536a2436b313af367 429B / 429B done
Test remote (fast)	UNKNOWN STEP	2026-01-06T13:51:46.3354522Z #5 sha256:d73ae4233daec01c75f6e30e8d046d89240f38eb301a619b0530968c51efc2ef 6.33kB / 6.33kB done
Test remote (fast)	UNKNOWN STEP	2026-01-06T13:51:46.3355622Z #5 sha256:34b5c851d9cf523f162ceb72c260f1c6d1e556f8f4422e15258572766f2afc28 0B / 80.02MB 0.1s
Test remote (fast)	UNKNOWN STEP	2026-01-06T13:51:46.3356704Z #5 sha256:2c9bb68a869abf7d7417f6639509ab5eb8500d8429ea11ab59e677be5545162b 970B / 970B done
Test remote (fast)	UNKNOWN STEP	2026-01-06T13:51:46.4378729Z #5 sha256:34b5c851d9cf523f162ceb72c260f1c6d1e556f8f4422e15258572766f2afc28 8.39MB / 80.02MB 0.2s
Test remote (fast)	UNKNOWN STEP	2026-01-06T13:51:46.5394274Z #5 sha256:34b5c851d9cf523f162ceb72c260f1c6d1e556f8f4422e15258572766f2afc28 15.73MB / 80.02MB 0.3s
Test remote (fast)	UNKNOWN STEP	2026-01-06T13:51:46.6395595Z #5 sha256:34b5c851d9cf523f162ceb72c260f1c6d1e556f8f4422e15258572766f2afc28 25.17MB / 80.02MB 0.4s
Test remote (fast)	UNKNOWN STEP	2026-01-06T13:51:46.7406829Z #5 sha256:34b5c851d9cf523f162ceb72c260f1c6d1e556f8f4422e15258572766f2afc28 31.46MB / 80.02MB 0.5s
Test remote (fast)	UNKNOWN STEP	2026-01-06T13:51:46.8415458Z #5 sha256:34b5c851d9cf523f162ceb72c260f1c6d1e556f8f4422e15258572766f2afc28 40.89MB / 80.02MB 0.6s
Test remote (fast)	UNKNOWN STEP	2026-01-06T13:51:46.9419651Z #5 ...
Test remote (fast)	UNKNOWN STEP	2026-01-06T13:51:46.9420527Z 
Test remote (fast)	UNKNOWN STEP	2026-01-06T13:51:46.9421551Z #6 [stage-1 1/4] FROM registry.access.redhat.com/ubi9-micro:latest@sha256:e9765516d74cafded50d8ef593331eeca2ef6eababdda118e5297898d99b7433
Test remote (fast)	UNKNOWN STEP	2026-01-06T13:51:46.9423298Z #6 resolve registry.access.redhat.com/ubi9-micro:latest@sha256:e9765516d74cafded50d8ef593331eeca2ef6eababdda118e5297898d99b7433 done
Test remote (fast)	UNKNOWN STEP	2026-01-06T13:51:46.9425527Z #6 sha256:84cf4e6864a9db4885ce018c997be49c775ee35907679951facaf8cfa132b136 5.35kB / 5.35kB done
Test remote (fast)	UNKNOWN STEP	2026-01-06T13:51:46.9427120Z #6 sha256:07dad54395c5924cebdcf7176bcbbf4962913ea01e4772b713492dc67cbe41a0 7.27MB / 7.27MB 0.2s done
Test remote (fast)	UNKNOWN STEP	2026-01-06T13:51:46.9428278Z #6 sha256:e9765516d74cafded50d8ef593331eeca2ef6eababdda118e5297898d99b7433 970B / 970B done
Test remote (fast)	UNKNOWN STEP	2026-01-06T13:51:46.9429335Z #6 sha256:e07e42e9fa650458e8a94d6ff19542a965e5036a8bdce72946e23e888e60201b 428B / 428B done
Test remote (fast)	UNKNOWN STEP	2026-01-06T13:51:46.9430367Z #6 extracting sha256:07dad54395c5924cebdcf7176bcbbf4962913ea01e4772b713492dc67cbe41a0 0.5s done
Test remote (fast)	UNKNOWN STEP	2026-01-06T13:51:46.9431316Z #6 DONE 0.7s
Test remote (fast)	UNKNOWN STEP	2026-01-06T13:51:46.9431509Z 
Test remote (fast)	UNKNOWN STEP	2026-01-06T13:51:46.9432260Z #5 [ubi-micro-build 1/8] FROM registry.access.redhat.com/ubi9:latest@sha256:2c9bb68a869abf7d7417f6639509ab5eb8500d8429ea11ab59e677be5545162b
Test remote (fast)	UNKNOWN STEP	2026-01-06T13:51:46.9433844Z #5 sha256:34b5c851d9cf523f162ceb72c260f1c6d1e556f8f4422e15258572766f2afc28 50.33MB / 80.02MB 0.7s
Test remote (fast)	UNKNOWN STEP	2026-01-06T13:51:47.1351645Z #5 sha256:34b5c851d9cf523f162ceb72c260f1c6d1e556f8f4422e15258572766f2afc28 68.16MB / 80.02MB 0.9s
Test remote (fast)	UNKNOWN STEP	2026-01-06T13:51:47.2350388Z #5 ...
Test remote (fast)	UNKNOWN STEP	2026-01-06T13:51:47.2350869Z 
Test remote (fast)	UNKNOWN STEP	2026-01-06T13:51:47.2352275Z #7 [internal] load build context
Test remote (fast)	UNKNOWN STEP	2026-01-06T13:51:47.2352772Z #7 transferring context: 164.26MB 1.0s done
Test remote (fast)	UNKNOWN STEP	2026-01-06T13:51:47.2353174Z #7 DONE 1.0s
Test remote (fast)	UNKNOWN STEP	2026-01-06T13:51:47.2353297Z 
Test remote (fast)	UNKNOWN STEP	2026-01-06T13:51:47.2353727Z #5 [ubi-micro-build 1/8] FROM registry.access.redhat.com/ubi9:latest@sha256:2c9bb68a869abf7d7417f6639509ab5eb8500d8429ea11ab59e677be5545162b
Test remote (fast)	UNKNOWN STEP	2026-01-06T13:51:47.2354491Z #5 sha256:34b5c851d9cf523f162ceb72c260f1c6d1e556f8f4422e15258572766f2afc28 74.45MB / 80.02MB 1.0s
Test remote (fast)	UNKNOWN STEP	2026-01-06T13:51:47.3355515Z #5 sha256:34b5c851d9cf523f162ceb72c260f1c6d1e556f8f4422e15258572766f2afc28 80.02MB / 80.02MB 1.1s
Test remote (fast)	UNKNOWN STEP	2026-01-06T13:51:47.5018805Z #5 sha256:34b5c851d9cf523f162ceb72c260f1c6d1e556f8f4422e15258572766f2afc28 80.02MB / 80.02MB 1.1s done
Test remote (fast)	UNKNOWN STEP	2026-01-06T13:51:47.5019936Z #5 extracting sha256:34b5c851d9cf523f162ceb72c260f1c6d1e556f8f4422e15258572766f2afc28 0.1s
Test remote (fast)	UNKNOWN STEP	2026-01-06T13:51:50.3977457Z #5 extracting sha256:34b5c851d9cf523f162ceb72c260f1c6d1e556f8f4422e15258572766f2afc28 2.9s done
Test remote (fast)	UNKNOWN STEP	2026-01-06T13:51:50.7579685Z #5 DONE 4.5s
Test remote (fast)	UNKNOWN STEP	2026-01-06T13:51:50.9128700Z 
Test remote (fast)	UNKNOWN STEP	2026-01-06T13:51:50.9129264Z #8 [ubi-micro-build 2/8] RUN dnf install -y tar gzip
Test remote (fast)	UNKNOWN STEP	2026-01-06T13:51:51.4156154Z #8 0.653 Updating Subscription Management repositories.
Test remote (fast)	UNKNOWN STEP	2026-01-06T13:51:51.5694975Z #8 0.654 Unable to read consumer identity
Test remote (fast)	UNKNOWN STEP	2026-01-06T13:51:51.5695608Z #8 0.657 
Test remote (fast)	UNKNOWN STEP	2026-01-06T13:51:51.5696334Z #8 0.657 This system is not registered with an entitlement server. You can use subscription-manager to register.
Test remote (fast)	UNKNOWN STEP	2026-01-06T13:51:51.5697388Z #8 0.657 
Test remote (fast)	UNKNOWN STEP	2026-01-06T13:51:51.8110549Z #8 1.049 Red Hat Universal Base Image 9 (RPMs) - BaseOS  1.4 MB/s | 532 kB     00:00    
Test remote (fast)	UNKNOWN STEP	2026-01-06T13:51:52.2120530Z #8 1.450 Red Hat Universal Base Image 9 (RPMs) - AppStre 8.1 MB/s | 2.6 MB     00:00    
Test remote (fast)	UNKNOWN STEP	2026-01-06T13:51:52.8953280Z #8 2.133 Red Hat Universal Base Image 9 (RPMs) - CodeRea 1.2 MB/s | 288 kB     00:00    
Test remote (fast)	UNKNOWN STEP	2026-01-06T13:51:53.0258860Z #8 2.264 Package tar-2:1.34-9.el9_7.x86_64 is already installed.
Test remote (fast)	UNKNOWN STEP	2026-01-06T13:51:53.2505595Z #8 2.264 Package gzip-1.12-1.el9.x86_64 is already installed.
Test remote (fast)	UNKNOWN STEP	2026-01-06T13:51:53.2506296Z #8 2.277 Dependencies resolved.
Test remote (fast)	UNKNOWN STEP	2026-01-06T13:51:53.2506725Z #8 2.278 Nothing to do.
Test remote (fast)	UNKNOWN STEP	2026-01-06T13:51:53.2507089Z #8 2.278 Complete!
Test remote (fast)	UNKNOWN STEP	2026-01-06T13:51:53.2507432Z #8 DONE 2.3s
Test remote (fast)	UNKNOWN STEP	2026-01-06T13:51:53.2507621Z 
Test remote (fast)	UNKNOWN STEP	2026-01-06T13:51:53.2508002Z #9 [ubi-micro-build 3/8] ADD keycloak-999.0.0-SNAPSHOT.tar.gz /tmp/keycloak/
Test remote (fast)	UNKNOWN STEP	2026-01-06T13:51:54.0104943Z #9 DONE 0.9s
Test remote (fast)	UNKNOWN STEP	2026-01-06T13:51:54.1275962Z 
Test remote (fast)	UNKNOWN STEP	2026-01-06T13:51:54.1277585Z #10 [ubi-micro-build 4/8] RUN (cd /tmp/keycloak &&     tar -xvf /tmp/keycloak/keycloak-*.tar.gz &&     rm /tmp/keycloak/keycloak-*.tar.gz) || true
Test remote (fast)	UNKNOWN STEP	2026-01-06T13:51:54.1278906Z #10 0.116 tar: /tmp/keycloak/keycloak-*.tar.gz: Cannot open: No such file or directory
Test remote (fast)	UNKNOWN STEP	2026-01-06T13:51:54.1279590Z #10 0.116 tar: Error is not recoverable: exiting now
Test remote (fast)	UNKNOWN STEP	2026-01-06T13:51:54.2567786Z #10 DONE 0.1s
Test remote (fast)	UNKNOWN STEP	2026-01-06T13:51:54.2568087Z 
Test remote (fast)	UNKNOWN STEP	2026-01-06T13:51:54.2569080Z #11 [ubi-micro-build 5/8] RUN mv /tmp/keycloak/keycloak-* /opt/keycloak && mkdir -p /opt/keycloak/data
Test remote (fast)	UNKNOWN STEP	2026-01-06T13:51:54.2570018Z #11 DONE 0.1s
Test remote (fast)	UNKNOWN STEP	2026-01-06T13:51:54.4080184Z 
Test remote (fast)	UNKNOWN STEP	2026-01-06T13:51:54.4081235Z #12 [ubi-micro-build 6/8] RUN chmod -R g+rwX /opt/keycloak
Test remote (fast)	UNKNOWN STEP	2026-01-06T13:51:54.8891966Z #12 DONE 0.6s
Test remote (fast)	UNKNOWN STEP	2026-01-06T13:51:55.0451170Z 
Test remote (fast)	UNKNOWN STEP	2026-01-06T13:51:55.0451695Z #13 [ubi-micro-build 7/8] ADD ubi-null.sh /tmp/
Test remote (fast)	UNKNOWN STEP	2026-01-06T13:51:55.0452211Z #13 DONE 0.0s
Test remote (fast)	UNKNOWN STEP	2026-01-06T13:51:55.0452403Z 
Test remote (fast)	UNKNOWN STEP	2026-01-06T13:51:55.0452890Z #14 [ubi-micro-build 8/8] RUN bash /tmp/ubi-null.sh java-21-openjdk-headless glibc-langpack-en findutils
Test remote (fast)	UNKNOWN STEP	2026-01-06T13:51:55.0453748Z #14 0.128 ==> Installing packages into chroot
Test remote (fast)	UNKNOWN STEP	2026-01-06T13:51:55.0454664Z #14 0.128 + dnf install -y findutils diffutils
Test remote (fast)	UNKNOWN STEP	2026-01-06T13:51:55.2970427Z #14 0.380 Updating Subscription Management repositories.
Test remote (fast)	UNKNOWN STEP	2026-01-06T13:51:55.5331790Z #14 0.381 Unable to read consumer identity
Test remote (fast)	UNKNOWN STEP	2026-01-06T13:51:55.5332358Z #14 0.384 
Test remote (fast)	UNKNOWN STEP	2026-01-06T13:51:55.5332891Z #14 0.384 This system is not registered with an entitlement server. You can use subscription-manager to register.
Test remote (fast)	UNKNOWN STEP	2026-01-06T13:51:55.5333493Z #14 0.384 
Test remote (fast)	UNKNOWN STEP	2026-01-06T13:51:55.5333867Z #14 0.423 Last metadata expiration check: 0:00:03 ago on Tue Jan  6 13:51:52 2026.
Test remote (fast)	UNKNOWN STEP	2026-01-06T13:51:55.5334444Z #14 0.448 Package findutils-1:4.8.0-7.el9.x86_64 is already installed.
Test remote (fast)	UNKNOWN STEP	2026-01-06T13:51:55.5334865Z #14 0.464 Dependencies resolved.
Test remote (fast)	UNKNOWN STEP	2026-01-06T13:51:55.5335198Z #14 0.465 ================================================================================
Test remote (fast)	UNKNOWN STEP	2026-01-06T13:51:55.5335689Z #14 0.465  Package         Architecture Version             Repository               Size
Test remote (fast)	UNKNOWN STEP	2026-01-06T13:51:55.5336161Z #14 0.465 ================================================================================
Test remote (fast)	UNKNOWN STEP	2026-01-06T13:51:55.5336512Z #14 0.465 Installing:
Test remote (fast)	UNKNOWN STEP	2026-01-06T13:51:55.5336876Z #14 0.465  diffutils       x86_64       3.7-12.el9          ubi-9-baseos-rpms       402 k
Test remote (fast)	UNKNOWN STEP	2026-01-06T13:51:55.5337276Z #14 0.465 
Test remote (fast)	UNKNOWN STEP	2026-01-06T13:51:55.5337500Z #14 0.465 Transaction Summary
Test remote (fast)	UNKNOWN STEP	2026-01-06T13:51:55.5337813Z #14 0.465 ================================================================================
Test remote (fast)	UNKNOWN STEP	2026-01-06T13:51:55.5338144Z #14 0.465 Install  1 Package
Test remote (fast)	UNKNOWN STEP	2026-01-06T13:51:55.5338400Z #14 0.465 
Test remote (fast)	UNKNOWN STEP	2026-01-06T13:51:55.5338633Z #14 0.466 Total download size: 402 k
Test remote (fast)	UNKNOWN STEP	2026-01-06T13:51:55.5338931Z #14 0.466 Installed size: 1.4 M
Test remote (fast)	UNKNOWN STEP	2026-01-06T13:51:55.5339213Z #14 0.466 Downloading Packages:
Test remote (fast)	UNKNOWN STEP	2026-01-06T13:51:55.5492130Z #14 0.632 diffutils-3.7-12.el9.x86_64.rpm                 2.4 MB/s | 402 kB     00:00    
Test remote (fast)	UNKNOWN STEP	2026-01-06T13:51:55.6646263Z #14 0.634 --------------------------------------------------------------------------------
Test remote (fast)	UNKNOWN STEP	2026-01-06T13:51:55.6647551Z #14 0.634 Total                                           2.3 MB/s | 402 kB     00:00     
Test remote (fast)	UNKNOWN STEP	2026-01-06T13:51:55.6648465Z #14 0.647 Running transaction check
Test remote (fast)	UNKNOWN STEP	2026-01-06T13:51:55.6648992Z #14 0.651 Transaction check succeeded.
Test remote (fast)	UNKNOWN STEP	2026-01-06T13:51:55.6649516Z #14 0.651 Running transaction test
Test remote (fast)	UNKNOWN STEP	2026-01-06T13:51:55.6650029Z #14 0.677 Transaction test succeeded.
Test remote (fast)	UNKNOWN STEP	2026-01-06T13:51:55.6650530Z #14 0.677 Running transaction
Test remote (fast)	UNKNOWN STEP	2026-01-06T13:51:55.6651484Z #14 0.700   Preparing        :                                                        1/1 
Test remote (fast)	UNKNOWN STEP	2026-01-06T13:51:55.8129980Z #14 0.748   Installing       : diffutils-3.7-12.el9.x86_64                            1/1 
Test remote (fast)	UNKNOWN STEP	2026-01-06T13:51:55.8131815Z #14 0.759   Running scriptlet: diffutils-3.7-12.el9.x86_64                            1/1 
Test remote (fast)	UNKNOWN STEP	2026-01-06T13:51:55.8132721Z #14 0.795   Verifying        : diffutils-3.7-12.el9.x86_64                            1/1 
Test remote (fast)	UNKNOWN STEP	2026-01-06T13:51:55.8133390Z #14 0.820 Installed products updated.
Test remote (fast)	UNKNOWN STEP	2026-01-06T13:51:55.8133833Z #14 0.847 
Test remote (fast)	UNKNOWN STEP	2026-01-06T13:51:55.8134138Z #14 0.847 Installed:
Test remote (fast)	UNKNOWN STEP	2026-01-06T13:51:55.8134739Z #14 0.847   diffutils-3.7-12.el9.x86_64                                                   
Test remote (fast)	UNKNOWN STEP	2026-01-06T13:51:55.8135292Z #14 0.847 
Test remote (fast)	UNKNOWN STEP	2026-01-06T13:51:55.8135572Z #14 0.847 Complete!
Test remote (fast)	UNKNOWN STEP	2026-01-06T13:51:55.8135900Z #14 0.896 ++ realpath rootfs
Test remote (fast)	UNKNOWN STEP	2026-01-06T13:51:55.9667199Z #14 0.898 + rootfs=/tmp/null/rootfs
Test remote (fast)	UNKNOWN STEP	2026-01-06T13:51:55.9667871Z #14 0.898 + mkdir -p /tmp/null/rootfs
Test remote (fast)	UNKNOWN STEP	2026-01-06T13:51:55.9669470Z #14 0.899 + xargs dnf install -y --installroot /tmp/null/rootfs --releasever 9 --setopt install_weak_deps=false --nodocs
Test remote (fast)	UNKNOWN STEP	2026-01-06T13:51:56.0510152Z #14 1.134 Updating Subscription Management repositories.
Test remote (fast)	UNKNOWN STEP	2026-01-06T13:51:56.2033278Z #14 1.135 Unable to read consumer identity
Test remote (fast)	UNKNOWN STEP	2026-01-06T13:51:56.2033681Z #14 1.136 
Test remote (fast)	UNKNOWN STEP	2026-01-06T13:51:56.2034130Z #14 1.136 This system is not registered with an entitlement server. You can use subscription-manager to register.
Test remote (fast)	UNKNOWN STEP	2026-01-06T13:51:56.2034610Z #14 1.136 
Test remote (fast)	UNKNOWN STEP	2026-01-06T13:51:56.3313676Z #14 1.414 Red Hat Universal Base Image 9 (RPMs) - BaseOS  2.1 MB/s | 532 kB     00:00    
Test remote (fast)	UNKNOWN STEP	2026-01-06T13:51:56.7678676Z #14 1.851 Red Hat Universal Base Image 9 (RPMs) - AppStre 7.5 MB/s | 2.6 MB     00:00    
Test remote (fast)	UNKNOWN STEP	2026-01-06T13:51:57.4413543Z #14 2.524 Red Hat Universal Base Image 9 (RPMs) - CodeRea 1.2 MB/s | 288 kB     00:00    
Test remote (fast)	UNKNOWN STEP	2026-01-06T13:51:57.5857487Z #14 2.669 Dependencies resolved.
Test remote (fast)	UNKNOWN STEP	2026-01-06T13:51:57.6863749Z #14 2.674 ===========================================================================================
Test remote (fast)	UNKNOWN STEP	2026-01-06T13:51:57.6865040Z #14 2.674  Package                    Arch    Version                     Repository             Size
Test remote (fast)	UNKNOWN STEP	2026-01-06T13:51:57.6866117Z #14 2.674 ===========================================================================================
Test remote (fast)	UNKNOWN STEP	2026-01-06T13:51:57.6866903Z #14 2.674 Installing:
Test remote (fast)	UNKNOWN STEP	2026-01-06T13:51:57.6867746Z #14 2.674  bash                       x86_64  5.1.8-9.el9                 ubi-9-baseos-rpms     1.7 M
Test remote (fast)	UNKNOWN STEP	2026-01-06T13:51:57.6869059Z #14 2.674  coreutils-single           x86_64  8.32-39.el9                 ubi-9-baseos-rpms     625 k
Test remote (fast)	UNKNOWN STEP	2026-01-06T13:51:57.6870084Z #14 2.674  findutils                  x86_64  1:4.8.0-7.el9               ubi-9-baseos-rpms     550 k
Test remote (fast)	UNKNOWN STEP	2026-01-06T13:51:57.6871223Z #14 2.674  glibc-langpack-en          x86_64  2.34-231.el9_7.2            ubi-9-baseos-rpms     660 k
Test remote (fast)	UNKNOWN STEP	2026-01-06T13:51:57.6872168Z #14 2.674  java-21-openjdk-headless   x86_64  1:21.0.9.0.10-2.el9         ubi-9-appstream-rpms   49 M
Test remote (fast)	UNKNOWN STEP	2026-01-06T13:51:57.6872906Z #14 2.674 Installing dependencies:
Test remote (fast)	UNKNOWN STEP	2026-01-06T13:51:57.6873509Z #14 2.674  alsa-lib                   x86_64  1.2.14-1.el9                ubi-9-appstream-rpms  529 k
Test remote (fast)	UNKNOWN STEP	2026-01-06T13:51:57.6874301Z #14 2.674  alternatives               x86_64  1.24-2.el9                  ubi-9-baseos-rpms      42 k
Test remote (fast)	UNKNOWN STEP	2026-01-06T13:51:57.6875100Z #14 2.674  avahi-libs                 x86_64  0.8-23.el9                  ubi-9-baseos-rpms      67 k
Test remote (fast)	UNKNOWN STEP	2026-01-06T13:51:57.6875894Z #14 2.674  basesystem                 noarch  11-13.el9                   ubi-9-baseos-rpms     8.0 k
Test remote (fast)	UNKNOWN STEP	2026-01-06T13:51:57.6876699Z #14 2.674  bzip2-libs                 x86_64  1.0.8-10.el9_5              ubi-9-baseos-rpms      42 k
Test remote (fast)	UNKNOWN STEP	2026-01-06T13:51:57.6877436Z #14 2.674  ca-certificates            noarch  2025.2.80_v9.0.305-91.el9   ubi-9-baseos-rpms     1.0 M
Test remote (fast)	UNKNOWN STEP	2026-01-06T13:51:57.6878027Z #14 2.674  copy-jdk-configs           noarch  4.0-3.el9                   ubi-9-appstream-rpms   29 k
Test remote (fast)	UNKNOWN STEP	2026-01-06T13:51:57.6878634Z #14 2.674  crypto-policies            noarch  20250905-1.git377cc42.el9_7 ubi-9-baseos-rpms      90 k
Test remote (fast)	UNKNOWN STEP	2026-01-06T13:51:57.6879418Z #14 2.674  crypto-policies-scripts    noarch  20250905-1.git377cc42.el9_7 ubi-9-baseos-rpms     102 k
Test remote (fast)	UNKNOWN STEP	2026-01-06T13:51:57.6880023Z #14 2.674  cups-libs                  x86_64  1:2.3.3op2-34.el9_7         ubi-9-baseos-rpms     261 k
Test remote (fast)	UNKNOWN STEP	2026-01-06T13:51:57.6880833Z #14 2.674  dbus-libs                  x86_64  1:1.12.20-8.el9             ubi-9-baseos-rpms     154 k
Test remote (fast)	UNKNOWN STEP	2026-01-06T13:51:57.6881345Z #14 2.674  expat                      x86_64  2.5.0-5.el9_7.1             ubi-9-baseos-rpms     117 k
Test remote (fast)	UNKNOWN STEP	2026-01-06T13:51:57.6881882Z #14 2.674  filesystem                 x86_64  3.16-5.el9                  ubi-9-baseos-rpms     4.8 M
Test remote (fast)	UNKNOWN STEP	2026-01-06T13:51:57.6882379Z #14 2.674  gawk                       x86_64  5.1.0-6.el9                 ubi-9-baseos-rpms     1.0 M
Test remote (fast)	UNKNOWN STEP	2026-01-06T13:51:57.6882866Z #14 2.674  gdbm-libs                  x86_64  1:1.23-1.el9                ubi-9-baseos-rpms      59 k
Test remote (fast)	UNKNOWN STEP	2026-01-06T13:51:57.6883866Z #14 2.674  glibc                      x86_64  2.34-231.el9_7.2            ubi-9-baseos-rpms     2.0 M
Test remote (fast)	UNKNOWN STEP	2026-01-06T13:51:57.6884458Z #14 2.674  glibc-common               x86_64  2.34-231.el9_7.2            ubi-9-baseos-rpms     306 k
Test remote (fast)	UNKNOWN STEP	2026-01-06T13:51:57.6884977Z #14 2.674  gmp                        x86_64  1:6.2.0-13.el9              ubi-9-baseos-rpms     319 k
Test remote (fast)	UNKNOWN STEP	2026-01-06T13:51:57.6885461Z #14 2.674  gnutls                     x86_64  3.8.3-9.el9                 ubi-9-baseos-rpms     1.1 M
Test remote (fast)	UNKNOWN STEP	2026-01-06T13:51:57.6885942Z #14 2.674  grep                       x86_64  3.6-5.el9                   ubi-9-baseos-rpms     273 k
Test remote (fast)	UNKNOWN STEP	2026-01-06T13:51:57.6886667Z #14 2.674  javapackages-filesystem    noarch  6.4.0-1.el9                 ubi-9-appstream-rpms   17 k
Test remote (fast)	UNKNOWN STEP	2026-01-06T13:51:57.6887310Z #14 2.674  keyutils-libs              x86_64  1.6.3-1.el9                 ubi-9-baseos-rpms      34 k
Test remote (fast)	UNKNOWN STEP	2026-01-06T13:51:57.6887837Z #14 2.674  krb5-libs                  x86_64  1.21.1-8.el9_6              ubi-9-baseos-rpms     766 k
Test remote (fast)	UNKNOWN STEP	2026-01-06T13:51:57.6888339Z #14 2.674  libacl                     x86_64  2.3.1-4.el9                 ubi-9-baseos-rpms      24 k
Test remote (fast)	UNKNOWN STEP	2026-01-06T13:51:57.6888915Z #14 2.674  libattr                    x86_64  2.5.1-3.el9                 ubi-9-baseos-rpms      20 k
Test remote (fast)	UNKNOWN STEP	2026-01-06T13:51:57.6889446Z #14 2.674  libcap                     x86_64  2.48-10.el9                 ubi-9-baseos-rpms      70 k
Test remote (fast)	UNKNOWN STEP	2026-01-06T13:51:57.6890121Z #14 2.674  libcom_err                 x86_64  1.46.5-8.el9                ubi-9-baseos-rpms      26 k
Test remote (fast)	UNKNOWN STEP	2026-01-06T13:51:57.6890799Z #14 2.674  libevent                   x86_64  2.1.12-8.el9_4              ubi-9-baseos-rpms     266 k
Test remote (fast)	UNKNOWN STEP	2026-01-06T13:51:57.6891253Z #14 2.674  libffi                     x86_64  3.4.2-8.el9                 ubi-9-baseos-rpms      40 k
Test remote (fast)	UNKNOWN STEP	2026-01-06T13:51:57.6891644Z #14 2.674  libgcc                     x86_64  11.5.0-11.el9               ubi-9-baseos-rpms      85 k
Test remote (fast)	UNKNOWN STEP	2026-01-06T13:51:57.6892050Z #14 2.674  libgcrypt                  x86_64  1.10.0-11.el9               ubi-9-baseos-rpms     510 k
Test remote (fast)	UNKNOWN STEP	2026-01-06T13:51:57.6892472Z #14 2.674  libgpg-error               x86_64  1.42-5.el9                  ubi-9-baseos-rpms     220 k
Test remote (fast)	UNKNOWN STEP	2026-01-06T13:51:57.6892903Z #14 2.674  libidn2                    x86_64  2.3.0-7.el9                 ubi-9-baseos-rpms     105 k
Test remote (fast)	UNKNOWN STEP	2026-01-06T13:51:57.6893320Z #14 2.674  libselinux                 x86_64  3.6-3.el9                   ubi-9-baseos-rpms      88 k
Test remote (fast)	UNKNOWN STEP	2026-01-06T13:51:57.6893734Z #14 2.674  libsepol                   x86_64  3.6-3.el9                   ubi-9-baseos-rpms     331 k
Test remote (fast)	UNKNOWN STEP	2026-01-06T13:51:57.6894141Z #14 2.674  libsigsegv                 x86_64  2.13-4.el9                  ubi-9-baseos-rpms      30 k
Test remote (fast)	UNKNOWN STEP	2026-01-06T13:51:57.6894553Z #14 2.674  libtasn1                   x86_64  4.16.0-9.el9                ubi-9-baseos-rpms      77 k
Test remote (fast)	UNKNOWN STEP	2026-01-06T13:51:57.6894975Z #14 2.674  libunistring               x86_64  0.9.10-15.el9               ubi-9-baseos-rpms     499 k
Test remote (fast)	UNKNOWN STEP	2026-01-06T13:51:57.6895398Z #14 2.674  libuuid                    x86_64  2.37.4-21.el9               ubi-9-baseos-rpms      30 k
Test remote (fast)	UNKNOWN STEP	2026-01-06T13:51:57.6895800Z #14 2.674  libverto                   x86_64  0.3.2-3.el9                 ubi-9-baseos-rpms      24 k
Test remote (fast)	UNKNOWN STEP	2026-01-06T13:51:57.6896203Z #14 2.674  libxcrypt                  x86_64  4.4.18-3.el9                ubi-9-baseos-rpms     120 k
Test remote (fast)	UNKNOWN STEP	2026-01-06T13:51:57.6896628Z #14 2.674  libzstd                    x86_64  1.5.5-1.el9                 ubi-9-baseos-rpms     297 k
Test remote (fast)	UNKNOWN STEP	2026-01-06T13:51:57.6897055Z #14 2.674  lksctp-tools               x86_64  1.0.19-3.el9_4              ubi-9-baseos-rpms     104 k
Test remote (fast)	UNKNOWN STEP	2026-01-06T13:51:57.6897465Z #14 2.674  lua                        x86_64  5.4.4-4.el9                 ubi-9-appstream-rpms  192 k
Test remote (fast)	UNKNOWN STEP	2026-01-06T13:51:57.6897851Z #14 2.674  lua-libs                   x86_64  5.4.4-4.el9                 ubi-9-baseos-rpms     132 k
Test remote (fast)	UNKNOWN STEP	2026-01-06T13:51:57.6898257Z #14 2.674  lua-posix                  x86_64  35.0-8.el9                  ubi-9-appstream-rpms  155 k
Test remote (fast)	UNKNOWN STEP	2026-01-06T13:51:57.6898816Z #14 2.674  lz4-libs                   x86_64  1.9.3-5.el9                 ubi-9-baseos-rpms      69 k
Test remote (fast)	UNKNOWN STEP	2026-01-06T13:51:57.6899238Z #14 2.674  mpfr                       x86_64  4.1.0-7.el9                 ubi-9-baseos-rpms     329 k
Test remote (fast)	UNKNOWN STEP	2026-01-06T13:51:57.6899887Z #14 2.674  ncurses-base               noarch  6.2-12.20210508.el9         ubi-9-baseos-rpms      96 k
Test remote (fast)	UNKNOWN STEP	2026-01-06T13:51:57.6900428Z #14 2.674  ncurses-libs               x86_64  6.2-12.20210508.el9         ubi-9-baseos-rpms     328 k
Test remote (fast)	UNKNOWN STEP	2026-01-06T13:51:57.6901068Z #14 2.674  nettle                     x86_64  3.10.1-1.el9                ubi-9-baseos-rpms     568 k
Test remote (fast)	UNKNOWN STEP	2026-01-06T13:51:57.6901623Z #14 2.674  nspr                       x86_64  4.36.0-4.el9_4              ubi-9-appstream-rpms  133 k
Test remote (fast)	UNKNOWN STEP	2026-01-06T13:51:57.6902010Z #14 2.674  nss                        x86_64  3.112.0-4.el9_4             ubi-9-appstream-rpms  723 k
Test remote (fast)	UNKNOWN STEP	2026-01-06T13:51:57.6902557Z #14 2.674  nss-softokn                x86_64  3.112.0-4.el9_4             ubi-9-appstream-rpms  400 k
Test remote (fast)	UNKNOWN STEP	2026-01-06T13:51:57.6903056Z #14 2.674  nss-softokn-freebl         x86_64  3.112.0-4.el9_4             ubi-9-appstream-rpms  413 k
Test remote (fast)	UNKNOWN STEP	2026-01-06T13:51:57.6903514Z #14 2.674  nss-sysinit                x86_64  3.112.0-4.el9_4             ubi-9-appstream-rpms   18 k
Test remote (fast)	UNKNOWN STEP	2026-01-06T13:51:57.6903939Z #14 2.674  nss-util                   x86_64  3.112.0-4.el9_4             ubi-9-appstream-rpms   89 k
Test remote (fast)	UNKNOWN STEP	2026-01-06T13:51:57.6904392Z #14 2.674  openssl-fips-provider      x86_64  3.0.7-8.el9                 ubi-9-baseos-rpms     9.2 k
Test remote (fast)	UNKNOWN STEP	2026-01-06T13:51:57.6904893Z #14 2.674  openssl-fips-provider-so   x86_64  3.0.7-8.el9                 ubi-9-baseos-rpms     576 k
Test remote (fast)	UNKNOWN STEP	2026-01-06T13:51:57.6905367Z #14 2.674  openssl-libs               x86_64  1:3.5.1-4.el9_7             ubi-9-baseos-rpms     2.3 M
Test remote (fast)	UNKNOWN STEP	2026-01-06T13:51:57.6905788Z #14 2.674  p11-kit                    x86_64  0.25.3-3.el9_5              ubi-9-baseos-rpms     536 k
Test remote (fast)	UNKNOWN STEP	2026-01-06T13:51:57.6906221Z #14 2.674  p11-kit-trust              x86_64  0.25.3-3.el9_5              ubi-9-baseos-rpms     144 k
Test remote (fast)	UNKNOWN STEP	2026-01-06T13:51:57.6906639Z #14 2.674  pcre                       x86_64  8.44-4.el9                  ubi-9-baseos-rpms     200 k
Test remote (fast)	UNKNOWN STEP	2026-01-06T13:51:57.6907026Z #14 2.674  pcre2                      x86_64  10.40-6.el9                 ubi-9-baseos-rpms     236 k
Test remote (fast)	UNKNOWN STEP	2026-01-06T13:51:57.6907437Z #14 2.674  pcre2-syntax               noarch  10.40-6.el9                 ubi-9-baseos-rpms     144 k
Test remote (fast)	UNKNOWN STEP	2026-01-06T13:51:57.6907867Z #14 2.674  python3                    x86_64  3.9.25-2.el9_7              ubi-9-baseos-rpms      26 k
Test remote (fast)	UNKNOWN STEP	2026-01-06T13:51:57.6908482Z #14 2.674  python3-libs               x86_64  3.9.25-2.el9_7              ubi-9-baseos-rpms     8.1 M
Test remote (fast)	UNKNOWN STEP	2026-01-06T13:51:57.6908951Z #14 2.674  python3-pip-wheel          noarch  21.3.1-1.el9                ubi-9-baseos-rpms     1.1 M
Test remote (fast)	UNKNOWN STEP	2026-01-06T13:51:57.6909479Z #14 2.674  python3-setuptools-wheel   noarch  53.0.0-15.el9               ubi-9-baseos-rpms     468 k
Test remote (fast)	UNKNOWN STEP	2026-01-06T13:51:57.6909954Z #14 2.674  readline                   x86_64  8.1-4.el9                   ubi-9-baseos-rpms     215 k
Test remote (fast)	UNKNOWN STEP	2026-01-06T13:51:57.6910382Z #14 2.674  redhat-release             x86_64  9.7-0.7.el9                 ubi-9-baseos-rpms      53 k
Test remote (fast)	UNKNOWN STEP	2026-01-06T13:51:57.6910939Z #14 2.674  sed                        x86_64  4.8-9.el9                   ubi-9-baseos-rpms     309 k
Test remote (fast)	UNKNOWN STEP	2026-01-06T13:51:57.6911323Z #14 2.674  setup                      noarch  2.13.7-10.el9               ubi-9-baseos-rpms     150 k
Test remote (fast)	UNKNOWN STEP	2026-01-06T13:51:57.6911738Z #14 2.674  sqlite-libs                x86_64  3.34.1-9.el9_7              ubi-9-baseos-rpms     642 k
Test remote (fast)	UNKNOWN STEP	2026-01-06T13:51:57.6912171Z #14 2.674  systemd-libs               x86_64  252-55.el9_7.7              ubi-9-baseos-rpms     676 k
Test remote (fast)	UNKNOWN STEP	2026-01-06T13:51:57.6912603Z #14 2.674  tzdata                     noarch  2025c-1.el9                 ubi-9-baseos-rpms     904 k
Test remote (fast)	UNKNOWN STEP	2026-01-06T13:51:57.6913034Z #14 2.674  tzdata-java                noarch  2025c-1.el9                 ubi-9-appstream-rpms  224 k
Test remote (fast)	UNKNOWN STEP	2026-01-06T13:51:57.6913591Z #14 2.674  xz-libs                    x86_64  5.2.5-8.el9_0               ubi-9-baseos-rpms      94 k
Test remote (fast)	UNKNOWN STEP	2026-01-06T13:51:57.6913989Z #14 2.674  zlib                       x86_64  1.2.11-40.el9               ubi-9-baseos-rpms      93 k
Test remote (fast)	UNKNOWN STEP	2026-01-06T13:51:57.6914296Z #14 2.674 
Test remote (fast)	UNKNOWN STEP	2026-01-06T13:51:57.6914475Z #14 2.674 Transaction Summary
Test remote (fast)	UNKNOWN STEP	2026-01-06T13:51:57.6914733Z #14 2.674 ===========================================================================================
Test remote (fast)	UNKNOWN STEP	2026-01-06T13:51:57.6915014Z #14 2.674 Install  84 Packages
Test remote (fast)	UNKNOWN STEP	2026-01-06T13:51:57.6915221Z #14 2.674 
Test remote (fast)	UNKNOWN STEP	2026-01-06T13:51:57.6915402Z #14 2.677 Total download size: 89 M
Test remote (fast)	UNKNOWN STEP	2026-01-06T13:51:57.6915641Z #14 2.677 Installed size: 321 M
Test remote (fast)	UNKNOWN STEP	2026-01-06T13:51:57.6915971Z #14 2.677 Downloading Packages:
Test remote (fast)	UNKNOWN STEP	2026-01-06T13:51:57.6916311Z #14 2.769 (1/84): basesystem-11-13.el9.noarch.rpm          94 kB/s | 8.0 kB     00:00    
Test remote (fast)	UNKNOWN STEP	2026-01-06T13:51:57.8512156Z #14 2.785 (2/84): alternatives-1.24-2.el9.x86_64.rpm      413 kB/s |  42 kB     00:00    
Test remote (fast)	UNKNOWN STEP	2026-01-06T13:51:57.8513224Z #14 2.813 (3/84): avahi-libs-0.8-23.el9.x86_64.rpm        520 kB/s |  67 kB     00:00    
Test remote (fast)	UNKNOWN STEP	2026-01-06T13:51:57.8514074Z #14 2.846 (4/84): bzip2-libs-1.0.8-10.el9_5.x86_64.rpm    683 kB/s |  42 kB     00:00    
Test remote (fast)	UNKNOWN STEP	2026-01-06T13:51:57.8514857Z #14 2.934 (5/84): bash-5.1.8-9.el9.x86_64.rpm              10 MB/s | 1.7 MB     00:00    
Test remote (fast)	UNKNOWN STEP	2026-01-06T13:51:57.9595853Z #14 2.939 (6/84): ca-certificates-2025.2.80_v9.0.305-91.e 8.1 MB/s | 1.0 MB     00:00    
Test remote (fast)	UNKNOWN STEP	2026-01-06T13:51:57.9597538Z #14 2.949 (7/84): coreutils-single-8.32-39.el9.x86_64.rpm 6.0 MB/s | 625 kB     00:00    
Test remote (fast)	UNKNOWN STEP	2026-01-06T13:51:57.9599243Z #14 2.968 (8/84): crypto-policies-scripts-20250905-1.git3 3.5 MB/s | 102 kB     00:00    
Test remote (fast)	UNKNOWN STEP	2026-01-06T13:51:57.9601401Z #14 2.971 (9/84): crypto-policies-20250905-1.git377cc42.e 2.5 MB/s |  90 kB     00:00    
Test remote (fast)	UNKNOWN STEP	2026-01-06T13:51:57.9602346Z #14 2.978 (10/84): cups-libs-2.3.3op2-34.el9_7.x86_64.rpm 8.7 MB/s | 261 kB     00:00    
Test remote (fast)	UNKNOWN STEP	2026-01-06T13:51:57.9603127Z #14 2.995 (11/84): expat-2.5.0-5.el9_7.1.x86_64.rpm       4.7 MB/s | 117 kB     00:00    
Test remote (fast)	UNKNOWN STEP	2026-01-06T13:51:57.9603904Z #14 2.997 (12/84): dbus-libs-1.12.20-8.el9.x86_64.rpm     5.3 MB/s | 154 kB     00:00    
Test remote (fast)	UNKNOWN STEP	2026-01-06T13:51:57.9604683Z #14 3.026 (13/84): findutils-4.8.0-7.el9.x86_64.rpm        18 MB/s | 550 kB     00:00    
Test remote (fast)	UNKNOWN STEP	2026-01-06T13:51:57.9605444Z #14 3.043 (14/84): gawk-5.1.0-6.el9.x86_64.rpm             22 MB/s | 1.0 MB     00:00    
Test remote (fast)	UNKNOWN STEP	2026-01-06T13:51:58.0615356Z #14 3.051 (15/84): gdbm-libs-1.23-1.el9.x86_64.rpm        2.3 MB/s |  59 kB     00:00    
Test remote (fast)	UNKNOWN STEP	2026-01-06T13:51:58.0616429Z #14 3.078 (16/84): glibc-common-2.34-231.el9_7.2.x86_64.r  11 MB/s | 306 kB     00:00    
Test remote (fast)	UNKNOWN STEP	2026-01-06T13:51:58.0617394Z #14 3.093 (17/84): filesystem-3.16-5.el9.x86_64.rpm        42 MB/s | 4.8 MB     00:00    
Test remote (fast)	UNKNOWN STEP	2026-01-06T13:51:58.0618361Z #14 3.100 (18/84): glibc-2.34-231.el9_7.2.x86_64.rpm       35 MB/s | 2.0 MB     00:00    
Test remote (fast)	UNKNOWN STEP	2026-01-06T13:51:58.0619506Z #14 3.118 (19/84): glibc-langpack-en-2.34-231.el9_7.2.x86  17 MB/s | 660 kB     00:00    
Test remote (fast)	UNKNOWN STEP	2026-01-06T13:51:58.0620423Z #14 3.120 (20/84): gmp-6.2.0-13.el9.x86_64.rpm             11 MB/s | 319 kB     00:00    
Test remote (fast)	UNKNOWN STEP	2026-01-06T13:51:58.0621632Z #14 3.135 (21/84): gnutls-3.8.3-9.el9.x86_64.rpm           31 MB/s | 1.1 MB     00:00    
Test remote (fast)	UNKNOWN STEP	2026-01-06T13:51:58.0622754Z #14 3.145 (22/84): keyutils-libs-1.6.3-1.el9.x86_64.rpm   1.4 MB/s |  34 kB     00:00    
Test remote (fast)	UNKNOWN STEP	2026-01-06T13:51:58.1699451Z #14 3.146 (23/84): grep-3.6-5.el9.x86_64.rpm              9.4 MB/s | 273 kB     00:00    
Test remote (fast)	UNKNOWN STEP	2026-01-06T13:51:58.1700863Z #14 3.170 (24/84): libacl-2.3.1-4.el9.x86_64.rpm          958 kB/s |  24 kB     00:00    
Test remote (fast)	UNKNOWN STEP	2026-01-06T13:51:58.1701957Z #14 3.172 (25/84): libattr-2.5.1-3.el9.x86_64.rpm         816 kB/s |  20 kB     00:00    
Test remote (fast)	UNKNOWN STEP	2026-01-06T13:51:58.1702647Z #14 3.176 (26/84): krb5-libs-1.21.1-8.el9_6.x86_64.rpm     18 MB/s | 766 kB     00:00    
Test remote (fast)	UNKNOWN STEP	2026-01-06T13:51:58.1703356Z #14 3.198 (27/84): libcap-2.48-10.el9.x86_64.rpm          2.5 MB/s |  70 kB     00:00    
Test remote (fast)	UNKNOWN STEP	2026-01-06T13:51:58.1704028Z #14 3.199 (28/84): libcom_err-1.46.5-8.el9.x86_64.rpm     964 kB/s |  26 kB     00:00    
Test remote (fast)	UNKNOWN STEP	2026-01-06T13:51:58.1704995Z #14 3.206 (29/84): libevent-2.1.12-8.el9_4.x86_64.rpm     8.8 MB/s | 266 kB     00:00    
Test remote (fast)	UNKNOWN STEP	2026-01-06T13:51:58.1705682Z #14 3.223 (30/84): libgcc-11.5.0-11.el9.x86_64.rpm        3.5 MB/s |  85 kB     00:00    
Test remote (fast)	UNKNOWN STEP	2026-01-06T13:51:58.1706350Z #14 3.228 (31/84): libffi-3.4.2-8.el9.x86_64.rpm          1.3 MB/s |  40 kB     00:00    
Test remote (fast)	UNKNOWN STEP	2026-01-06T13:51:58.1707029Z #14 3.236 (32/84): libgcrypt-1.10.0-11.el9.x86_64.rpm      17 MB/s | 510 kB     00:00    
Test remote (fast)	UNKNOWN STEP	2026-01-06T13:51:58.1707768Z #14 3.253 (33/84): libgpg-error-1.42-5.el9.x86_64.rpm     7.3 MB/s | 220 kB     00:00    
Test remote (fast)	UNKNOWN STEP	2026-01-06T13:51:58.2766086Z #14 3.255 (34/84): libidn2-2.3.0-7.el9.x86_64.rpm         3.8 MB/s | 105 kB     00:00    
Test remote (fast)	UNKNOWN STEP	2026-01-06T13:51:58.2768307Z #14 3.264 (35/84): libselinux-3.6-3.el9.x86_64.rpm        3.1 MB/s |  88 kB     00:00    
Test remote (fast)	UNKNOWN STEP	2026-01-06T13:51:58.2769297Z #14 3.280 (36/84): libsepol-3.6-3.el9.x86_64.rpm           12 MB/s | 331 kB     00:00    
Test remote (fast)	UNKNOWN STEP	2026-01-06T13:51:58.2770505Z #14 3.282 (37/84): libsigsegv-2.13-4.el9.x86_64.rpm       1.1 MB/s |  30 kB     00:00    
Test remote (fast)	UNKNOWN STEP	2026-01-06T13:51:58.2771965Z #14 3.290 (38/84): libtasn1-4.16.0-9.el9.x86_64.rpm       2.9 MB/s |  77 kB     00:00    
Test remote (fast)	UNKNOWN STEP	2026-01-06T13:51:58.2772919Z #14 3.306 (39/84): libuuid-2.37.4-21.el9.x86_64.rpm       1.2 MB/s |  30 kB     00:00    
Test remote (fast)	UNKNOWN STEP	2026-01-06T13:51:58.2773896Z #14 3.312 (40/84): libunistring-0.9.10-15.el9.x86_64.rpm   16 MB/s | 499 kB     00:00    
Test remote (fast)	UNKNOWN STEP	2026-01-06T13:51:58.2774942Z #14 3.318 (41/84): libverto-0.3.2-3.el9.x86_64.rpm        901 kB/s |  24 kB     00:00    
Test remote (fast)	UNKNOWN STEP	2026-01-06T13:51:58.2775963Z #14 3.331 (42/84): libxcrypt-4.4.18-3.el9.x86_64.rpm      4.8 MB/s | 120 kB     00:00    
Test remote (fast)	UNKNOWN STEP	2026-01-06T13:51:58.2776752Z #14 3.342 (43/84): libzstd-1.5.5-1.el9.x86_64.rpm         9.7 MB/s | 297 kB     00:00    
Test remote (fast)	UNKNOWN STEP	2026-01-06T13:51:58.2777547Z #14 3.347 (44/84): lksctp-tools-1.0.19-3.el9_4.x86_64.rpm 3.5 MB/s | 104 kB     00:00    
Test remote (fast)	UNKNOWN STEP	2026-01-06T13:51:58.2778330Z #14 3.360 (45/84): lua-libs-5.4.4-4.el9.x86_64.rpm        4.6 MB/s | 132 kB     00:00    
Test remote (fast)	UNKNOWN STEP	2026-01-06T13:51:58.3781934Z #14 3.367 (46/84): lz4-libs-1.9.3-5.el9.x86_64.rpm        2.8 MB/s |  69 kB     00:00    
Test remote (fast)	UNKNOWN STEP	2026-01-06T13:51:58.3783247Z #14 3.377 (47/84): mpfr-4.1.0-7.el9.x86_64.rpm             11 MB/s | 329 kB     00:00    
Test remote (fast)	UNKNOWN STEP	2026-01-06T13:51:58.3784078Z #14 3.387 (48/84): ncurses-base-6.2-12.20210508.el9.noarc 3.5 MB/s |  96 kB     00:00    
Test remote (fast)	UNKNOWN STEP	2026-01-06T13:51:58.3784905Z #14 3.394 (49/84): ncurses-libs-6.2-12.20210508.el9.x86_6  12 MB/s | 328 kB     00:00    
Test remote (fast)	UNKNOWN STEP	2026-01-06T13:51:58.3785700Z #14 3.408 (50/84): nettle-3.10.1-1.el9.x86_64.rpm          18 MB/s | 568 kB     00:00    
Test remote (fast)	UNKNOWN STEP	2026-01-06T13:51:58.3786525Z #14 3.410 (51/84): openssl-fips-provider-3.0.7-8.el9.x86_ 407 kB/s | 9.2 kB     00:00    
Test remote (fast)	UNKNOWN STEP	2026-01-06T13:51:58.3787663Z #14 3.425 (52/84): openssl-fips-provider-so-3.0.7-8.el9.x  18 MB/s | 576 kB     00:00    
Test remote (fast)	UNKNOWN STEP	2026-01-06T13:51:58.3788561Z #14 3.447 (53/84): p11-kit-0.25.3-3.el9_5.x86_64.rpm       14 MB/s | 536 kB     00:00    
Test remote (fast)	UNKNOWN STEP	2026-01-06T13:51:58.3789333Z #14 3.450 (54/84): p11-kit-trust-0.25.3-3.el9_5.x86_64.rp 5.7 MB/s | 144 kB     00:00    
Test remote (fast)	UNKNOWN STEP	2026-01-06T13:51:58.3790139Z #14 3.461 (55/84): openssl-libs-3.5.1-4.el9_7.x86_64.rpm   43 MB/s | 2.3 MB     00:00    
Test remote (fast)	UNKNOWN STEP	2026-01-06T13:51:58.4809671Z #14 3.477 (56/84): pcre-8.44-4.el9.x86_64.rpm             6.7 MB/s | 200 kB     00:00    
Test remote (fast)	UNKNOWN STEP	2026-01-06T13:51:58.4813642Z #14 3.479 (57/84): pcre2-10.40-6.el9.x86_64.rpm           8.1 MB/s | 236 kB     00:00    
Test remote (fast)	UNKNOWN STEP	2026-01-06T13:51:58.4815715Z #14 3.489 (58/84): pcre2-syntax-10.40-6.el9.noarch.rpm    5.1 MB/s | 144 kB     00:00    
Test remote (fast)	UNKNOWN STEP	2026-01-06T13:51:58.4817884Z #14 3.531 (59/84): python3-pip-wheel-21.3.1-1.el9.noarch.  28 MB/s | 1.1 MB     00:00    
Test remote (fast)	UNKNOWN STEP	2026-01-06T13:51:58.4820090Z #14 3.532 (60/84): python3-3.9.25-2.el9_7.x86_64.rpm      469 kB/s |  26 kB     00:00    
Test remote (fast)	UNKNOWN STEP	2026-01-06T13:51:58.4820991Z #14 3.560 (61/84): python3-setuptools-wheel-53.0.0-15.el9  16 MB/s | 468 kB     00:00    
Test remote (fast)	UNKNOWN STEP	2026-01-06T13:51:58.4821637Z #14 3.563 (62/84): readline-8.1-4.el9.x86_64.rpm          6.9 MB/s | 215 kB     00:00    
Test remote (fast)	UNKNOWN STEP	2026-01-06T13:51:58.5825689Z #14 3.585 (63/84): python3-libs-3.9.25-2.el9_7.x86_64.rpm  76 MB/s | 8.1 MB     00:00    
Test remote (fast)	UNKNOWN STEP	2026-01-06T13:51:58.5827057Z #14 3.589 (64/84): redhat-release-9.7-0.7.el9.x86_64.rpm  1.9 MB/s |  53 kB     00:00    
Test remote (fast)	UNKNOWN STEP	2026-01-06T13:51:58.5827738Z #14 3.607 (65/84): sed-4.8-9.el9.x86_64.rpm               6.9 MB/s | 309 kB     00:00    
Test remote (fast)	UNKNOWN STEP	2026-01-06T13:51:58.5828344Z #14 3.610 (66/84): setup-2.13.7-10.el9.noarch.rpm         5.9 MB/s | 150 kB     00:00    
Test remote (fast)	UNKNOWN STEP	2026-01-06T13:51:58.5828968Z #14 3.621 (67/84): sqlite-libs-3.34.1-9.el9_7.x86_64.rpm   20 MB/s | 642 kB     00:00    
Test remote (fast)	UNKNOWN STEP	2026-01-06T13:51:58.5829601Z #14 3.641 (68/84): systemd-libs-252-55.el9_7.7.x86_64.rpm  20 MB/s | 676 kB     00:00    
Test remote (fast)	UNKNOWN STEP	2026-01-06T13:51:58.5830341Z #14 3.644 (69/84): tzdata-2025c-1.el9.noarch.rpm           26 MB/s | 904 kB     00:00    
Test remote (fast)	UNKNOWN STEP	2026-01-06T13:51:58.5831846Z #14 3.649 (70/84): xz-libs-5.2.5-8.el9_0.x86_64.rpm       3.2 MB/s |  94 kB     00:00    
Test remote (fast)	UNKNOWN STEP	2026-01-06T13:51:58.5832903Z #14 3.666 (71/84): zlib-1.2.11-40.el9.x86_64.rpm          3.7 MB/s |  93 kB     00:00    
Test remote (fast)	UNKNOWN STEP	2026-01-06T13:51:58.6988529Z #14 3.668 (72/84): copy-jdk-configs-4.0-3.el9.noarch.rpm  1.2 MB/s |  29 kB     00:00    
Test remote (fast)	UNKNOWN STEP	2026-01-06T13:51:58.6989450Z #14 3.681 (73/84): lua-5.4.4-4.el9.x86_64.rpm             6.0 MB/s | 192 kB     00:00    
Test remote (fast)	UNKNOWN STEP	2026-01-06T13:51:58.6990174Z #14 3.694 (74/84): alsa-lib-1.2.14-1.el9.x86_64.rpm        20 MB/s | 529 kB     00:00    
Test remote (fast)	UNKNOWN STEP	2026-01-06T13:51:58.6991220Z #14 3.697 (75/84): lua-posix-35.0-8.el9.x86_64.rpm        4.8 MB/s | 155 kB     00:00    
Test remote (fast)	UNKNOWN STEP	2026-01-06T13:51:58.6992051Z #14 3.718 (76/84): javapackages-filesystem-6.4.0-1.el9.no 707 kB/s |  17 kB     00:00    
Test remote (fast)	UNKNOWN STEP	2026-01-06T13:51:58.6992823Z #14 3.725 (77/84): nspr-4.36.0-4.el9_4.x86_64.rpm         4.7 MB/s | 133 kB     00:00    
Test remote (fast)	UNKNOWN STEP	2026-01-06T13:51:58.6993533Z #14 3.750 (78/84): nss-3.112.0-4.el9_4.x86_64.rpm          23 MB/s | 723 kB     00:00    
Test remote (fast)	UNKNOWN STEP	2026-01-06T13:51:58.6994257Z #14 3.754 (79/84): nss-softokn-3.112.0-4.el9_4.x86_64.rpm  14 MB/s | 400 kB     00:00    
Test remote (fast)	UNKNOWN STEP	2026-01-06T13:51:58.6995023Z #14 3.782 (80/84): nss-sysinit-3.112.0-4.el9_4.x86_64.rpm 637 kB/s |  18 kB     00:00    
Test remote (fast)	UNKNOWN STEP	2026-01-06T13:51:58.8799967Z #14 3.786 (81/84): nss-softokn-freebl-3.112.0-4.el9_4.x86  11 MB/s | 413 kB     00:00    
Test remote (fast)	UNKNOWN STEP	2026-01-06T13:51:58.8801585Z #14 3.809 (82/84): nss-util-3.112.0-4.el9_4.x86_64.rpm    3.5 MB/s |  89 kB     00:00    
Test remote (fast)	UNKNOWN STEP	2026-01-06T13:51:58.8802574Z #14 3.813 (83/84): tzdata-java-2025c-1.el9.noarch.rpm     8.4 MB/s | 224 kB     00:00    
Test remote (fast)	UNKNOWN STEP	2026-01-06T13:51:59.1177612Z #14 4.201 (84/84): java-21-openjdk-headless-21.0.9.0.10-2  95 MB/s |  49 MB     00:00    
Test remote (fast)	UNKNOWN STEP	2026-01-06T13:51:59.3558186Z #14 4.204 --------------------------------------------------------------------------------
Test remote (fast)	UNKNOWN STEP	2026-01-06T13:51:59.3560387Z #14 4.204 Total                                            59 MB/s |  89 MB     00:01     
Test remote (fast)	UNKNOWN STEP	2026-01-06T13:51:59.3561732Z #14 4.215 Red Hat Universal Base Image 9 (RPMs) - BaseOS  3.5 MB/s | 3.6 kB     00:00    
Test remote (fast)	UNKNOWN STEP	2026-01-06T13:51:59.3562627Z #14 4.284 Importing GPG key 0xFD431D51:
Test remote (fast)	UNKNOWN STEP	2026-01-06T13:51:59.3563633Z #14 4.284  Userid     : "Red Hat, Inc. (release key 2) <security@redhat.com>"
Test remote (fast)	UNKNOWN STEP	2026-01-06T13:51:59.3564640Z #14 4.284  Fingerprint: 567E 347A D004 4ADE 55BA 8A5F 199E 2F91 FD43 1D51
Test remote (fast)	UNKNOWN STEP	2026-01-06T13:51:59.3565311Z #14 4.284  From       : /etc/pki/rpm-gpg/RPM-GPG-KEY-redhat-release
Test remote (fast)	UNKNOWN STEP	2026-01-06T13:51:59.3565936Z #14 4.287 Key imported successfully
Test remote (fast)	UNKNOWN STEP	2026-01-06T13:51:59.3566360Z #14 4.287 Importing GPG key 0x5A6340B3:
Test remote (fast)	UNKNOWN STEP	2026-01-06T13:51:59.3567008Z #14 4.287  Userid     : "Red Hat, Inc. (auxiliary key 3) <security@redhat.com>"
Test remote (fast)	UNKNOWN STEP	2026-01-06T13:51:59.3567779Z #14 4.287  Fingerprint: 7E46 2425 8C40 6535 D56D 6F13 5054 E4A4 5A63 40B3
Test remote (fast)	UNKNOWN STEP	2026-01-06T13:51:59.3568443Z #14 4.287  From       : /etc/pki/rpm-gpg/RPM-GPG-KEY-redhat-release
Test remote (fast)	UNKNOWN STEP	2026-01-06T13:51:59.3569004Z #14 4.288 Key imported successfully
Test remote (fast)	UNKNOWN STEP	2026-01-06T13:52:00.2501064Z #14 5.333 Running transaction check
Test remote (fast)	UNKNOWN STEP	2026-01-06T13:52:00.4530274Z #14 5.386 Transaction check succeeded.
Test remote (fast)	UNKNOWN STEP	2026-01-06T13:52:00.4531013Z #14 5.386 Running transaction test
Test remote (fast)	UNKNOWN STEP	2026-01-06T13:52:01.1000347Z #14 6.183 Transaction test succeeded.
Test remote (fast)	UNKNOWN STEP	2026-01-06T13:52:01.2511120Z #14 6.184 Running transaction
Test remote (fast)	UNKNOWN STEP	2026-01-06T13:52:01.8486681Z #14 6.778   Running scriptlet: filesystem-3.16-5.el9.x86_64                           1/1 
Test remote (fast)	UNKNOWN STEP	2026-01-06T13:52:01.8487831Z #14 6.780   Running scriptlet: copy-jdk-configs-4.0-3.el9.noarch                      1/1 
Test remote (fast)	UNKNOWN STEP	2026-01-06T13:52:01.9756143Z #14 6.781   Running scriptlet: java-21-openjdk-headless-1:21.0.9.0.10-2.el9.x86_64    1/1 
Test remote (fast)	UNKNOWN STEP	2026-01-06T13:52:02.1661328Z #14 7.059   Preparing        :                                                        1/1 
Test remote (fast)	UNKNOWN STEP	2026-01-06T13:52:02.2753199Z #14 7.249   Installing       : tzdata-2025c-1.el9.noarch                             1/84 
Test remote (fast)	UNKNOWN STEP	2026-01-06T13:52:02.2754874Z #14 7.297   Installing       : tzdata-java-2025c-1.el9.noarch                        2/84 
Test remote (fast)	UNKNOWN STEP	2026-01-06T13:52:02.2756728Z #14 7.303   Installing       : javapackages-filesystem-6.4.0-1.el9.noarch            3/84 
Test remote (fast)	UNKNOWN STEP	2026-01-06T13:52:02.2757958Z #14 7.309   Installing       : redhat-release-9.7-0.7.el9.x86_64                     4/84 
Test remote (fast)	UNKNOWN STEP	2026-01-06T13:52:02.2759072Z #14 7.317   Installing       : setup-2.13.7-10.el9.noarch                            5/84 
Test remote (fast)	UNKNOWN STEP	2026-01-06T13:52:02.2760325Z #14 7.318   Running scriptlet: setup-2.13.7-10.el9.noarch                            5/84 
Test remote (fast)	UNKNOWN STEP	2026-01-06T13:52:02.3767811Z #14 7.358   Installing       : filesystem-3.16-5.el9.x86_64                          6/84 
Test remote (fast)	UNKNOWN STEP	2026-01-06T13:52:02.3768784Z #14 7.406   Installing       : basesystem-11-13.el9.noarch                           7/84 
Test remote (fast)	UNKNOWN STEP	2026-01-06T13:52:02.3769765Z #14 7.409   Installing       : python3-setuptools-wheel-53.0.0-15.el9.noarch         8/84 
Test remote (fast)	UNKNOWN STEP	2026-01-06T13:52:02.3770922Z #14 7.411   Installing       : pcre2-syntax-10.40-6.el9.noarch                       9/84 
Test remote (fast)	UNKNOWN STEP	2026-01-06T13:52:02.3771727Z #14 7.431   Installing       : ncurses-base-6.2-12.20210508.el9.noarch              10/84 
Test remote (fast)	UNKNOWN STEP	2026-01-06T13:52:02.3772603Z #14 7.442   Installing       : ncurses-libs-6.2-12.20210508.el9.x86_64              11/84 
Test remote (fast)	UNKNOWN STEP	2026-01-06T13:52:02.3773451Z #14 7.457   Installing       : bash-5.1.8-9.el9.x86_64                              12/84 
Test remote (fast)	UNKNOWN STEP	2026-01-06T13:52:02.4953949Z #14 7.460   Running scriptlet: bash-5.1.8-9.el9.x86_64                              12/84 
Test remote (fast)	UNKNOWN STEP	2026-01-06T13:52:02.4954941Z #14 7.463   Installing       : libgcc-11.5.0-11.el9.x86_64                          13/84 
Test remote (fast)	UNKNOWN STEP	2026-01-06T13:52:02.4955820Z #14 7.464   Running scriptlet: libgcc-11.5.0-11.el9.x86_64                          13/84 
Test remote (fast)	UNKNOWN STEP	2026-01-06T13:52:02.4956724Z #14 7.530   Installing       : glibc-langpack-en-2.34-231.el9_7.2.x86_64            14/84 
Test remote (fast)	UNKNOWN STEP	2026-01-06T13:52:02.4957594Z #14 7.544   Installing       : glibc-common-2.34-231.el9_7.2.x86_64                 15/84 
Test remote (fast)	UNKNOWN STEP	2026-01-06T13:52:02.4958513Z #14 7.547   Running scriptlet: glibc-2.34-231.el9_7.2.x86_64                        16/84 
Test remote (fast)	UNKNOWN STEP	2026-01-06T13:52:02.6489289Z #14 7.579   Installing       : glibc-2.34-231.el9_7.2.x86_64                        16/84 
Test remote (fast)	UNKNOWN STEP	2026-01-06T13:52:03.0127199Z #14 7.582   Running scriptlet: glibc-2.34-231.el9_7.2.x86_64                        16/84 
Test remote (fast)	UNKNOWN STEP	2026-01-06T13:52:03.2235184Z #14 8.096   Installing       : crypto-policies-20250905-1.git377cc42.el9_7.noarch   17/84 
Test remote (fast)	UNKNOWN STEP	2026-01-06T13:52:03.2235922Z #14 8.099   Running scriptlet: crypto-policies-20250905-1.git377cc42.el9_7.noarch   17/84 
Test remote (fast)	UNKNOWN STEP	2026-01-06T13:52:03.2236569Z #14 8.103   Installing       : nspr-4.36.0-4.el9_4.x86_64                           18/84 
Test remote (fast)	UNKNOWN STEP	2026-01-06T13:52:03.2237151Z #14 8.106   Installing       : nss-util-3.112.0-4.el9_4.x86_64                      19/84 
Test remote (fast)	UNKNOWN STEP	2026-01-06T13:52:03.2237718Z #14 8.109   Installing       : zlib-1.2.11-40.el9.x86_64                            20/84 
Test remote (fast)	UNKNOWN STEP	2026-01-06T13:52:03.2238271Z #14 8.113   Installing       : libffi-3.4.2-8.el9.x86_64                            21/84 
Test remote (fast)	UNKNOWN STEP	2026-01-06T13:52:03.2238852Z #14 8.116   Installing       : libtasn1-4.16.0-9.el9.x86_64                         22/84 
Test remote (fast)	UNKNOWN STEP	2026-01-06T13:52:03.2239412Z #14 8.127   Installing       : p11-kit-0.25.3-3.el9_5.x86_64                        23/84 
Test remote (fast)	UNKNOWN STEP	2026-01-06T13:52:03.2239982Z #14 8.132   Installing       : libxcrypt-4.4.18-3.el9.x86_64                        24/84 
Test remote (fast)	UNKNOWN STEP	2026-01-06T13:52:03.2241015Z #14 8.138   Installing       : readline-8.1-4.el9.x86_64                            25/84 
Test remote (fast)	UNKNOWN STEP	2026-01-06T13:52:03.3275555Z #14 8.147   Installing       : sqlite-libs-3.34.1-9.el9_7.x86_64                    26/84 
Test remote (fast)	UNKNOWN STEP	2026-01-06T13:52:03.3276602Z #14 8.150   Installing       : alternatives-1.24-2.el9.x86_64                       27/84 
Test remote (fast)	UNKNOWN STEP	2026-01-06T13:52:03.3277419Z #14 8.155   Installing       : p11-kit-trust-0.25.3-3.el9_5.x86_64                  28/84 
Test remote (fast)	UNKNOWN STEP	2026-01-06T13:52:03.3278241Z #14 8.156   Running scriptlet: p11-kit-trust-0.25.3-3.el9_5.x86_64                  28/84 
Test remote (fast)	UNKNOWN STEP	2026-01-06T13:52:03.4292005Z #14 8.411   Installing       : gmp-1:6.2.0-13.el9.x86_64                            29/84 
Test remote (fast)	UNKNOWN STEP	2026-01-06T13:52:03.4293346Z #14 8.414   Installing       : libattr-2.5.1-3.el9.x86_64                           30/84 
Test remote (fast)	UNKNOWN STEP	2026-01-06T13:52:03.4294093Z #14 8.416   Installing       : libacl-2.3.1-4.el9.x86_64                            31/84 
Test remote (fast)	UNKNOWN STEP	2026-01-06T13:52:03.4294638Z #14 8.422   Installing       : libcap-2.48-10.el9.x86_64                            32/84 
Test remote (fast)	UNKNOWN STEP	2026-01-06T13:52:03.4295197Z #14 8.425   Installing       : libsigsegv-2.13-4.el9.x86_64                         33/84 
Test remote (fast)	UNKNOWN STEP	2026-01-06T13:52:03.4295748Z #14 8.434   Installing       : libunistring-0.9.10-15.el9.x86_64                    34/84 
Test remote (fast)	UNKNOWN STEP	2026-01-06T13:52:03.4296279Z #14 8.438   Installing       : lua-libs-5.4.4-4.el9.x86_64                          35/84 
Test remote (fast)	UNKNOWN STEP	2026-01-06T13:52:03.4296798Z #14 8.441   Installing       : xz-libs-5.2.5-8.el9_0.x86_64                         36/84 
Test remote (fast)	UNKNOWN STEP	2026-01-06T13:52:03.4297543Z #14 8.446   Installing       : lua-5.4.4-4.el9.x86_64                               37/84 
Test remote (fast)	UNKNOWN STEP	2026-01-06T13:52:03.4298150Z #14 8.460   Installing       : lua-posix-35.0-8.el9.x86_64                          38/84 
Test remote (fast)	UNKNOWN STEP	2026-01-06T13:52:03.4298863Z #14 8.465   Installing       : libidn2-2.3.0-7.el9.x86_64                           39/84 
Test remote (fast)	UNKNOWN STEP	2026-01-06T13:52:03.4299289Z #14 8.471   Installing       : mpfr-4.1.0-7.el9.x86_64                              40/84 
Test remote (fast)	UNKNOWN STEP	2026-01-06T13:52:03.4299714Z #14 8.485   Installing       : gawk-5.1.0-6.el9.x86_64                              41/84 
Test remote (fast)	UNKNOWN STEP	2026-01-06T13:52:03.4300228Z #14 8.493   Installing       : nss-softokn-freebl-3.112.0-4.el9_4.x86_64            42/84 
Test remote (fast)	UNKNOWN STEP	2026-01-06T13:52:03.4300911Z #14 8.502   Installing       : nss-softokn-3.112.0-4.el9_4.x86_64                   43/84 
Test remote (fast)	UNKNOWN STEP	2026-01-06T13:52:03.4301356Z #14 8.505   Installing       : bzip2-libs-1.0.8-10.el9_5.x86_64                     44/84 
Test remote (fast)	UNKNOWN STEP	2026-01-06T13:52:03.4301781Z #14 8.509   Installing       : expat-2.5.0-5.el9_7.1.x86_64                         45/84 
Test remote (fast)	UNKNOWN STEP	2026-01-06T13:52:03.5390182Z #14 8.512   Installing       : gdbm-libs-1:1.23-1.el9.x86_64                        46/84 
Test remote (fast)	UNKNOWN STEP	2026-01-06T13:52:03.5391318Z #14 8.515   Installing       : keyutils-libs-1.6.3-1.el9.x86_64                     47/84 
Test remote (fast)	UNKNOWN STEP	2026-01-06T13:52:03.5392221Z #14 8.518   Installing       : libcom_err-1.46.5-8.el9.x86_64                       48/84 
Test remote (fast)	UNKNOWN STEP	2026-01-06T13:52:03.5392791Z #14 8.523   Installing       : libgpg-error-1.42-5.el9.x86_64                       49/84 
Test remote (fast)	UNKNOWN STEP	2026-01-06T13:52:03.5393511Z #14 8.533   Installing       : libgcrypt-1.10.0-11.el9.x86_64                       50/84 
Test remote (fast)	UNKNOWN STEP	2026-01-06T13:52:03.5394047Z #14 8.540   Installing       : libsepol-3.6-3.el9.x86_64                            51/84 
Test remote (fast)	UNKNOWN STEP	2026-01-06T13:52:03.5394583Z #14 8.543   Installing       : libuuid-2.37.4-21.el9.x86_64                         52/84 
Test remote (fast)	UNKNOWN STEP	2026-01-06T13:52:03.5395114Z #14 8.546   Installing       : libverto-0.3.2-3.el9.x86_64                          53/84 
Test remote (fast)	UNKNOWN STEP	2026-01-06T13:52:03.5395644Z #14 8.552   Installing       : libzstd-1.5.5-1.el9.x86_64                           54/84 
Test remote (fast)	UNKNOWN STEP	2026-01-06T13:52:03.5396177Z #14 8.557   Installing       : lksctp-tools-1.0.19-3.el9_4.x86_64                   55/84 
Test remote (fast)	UNKNOWN STEP	2026-01-06T13:52:03.5396708Z #14 8.560   Installing       : lz4-libs-1.9.3-5.el9.x86_64                          56/84 
Test remote (fast)	UNKNOWN STEP	2026-01-06T13:52:03.5397224Z #14 8.568   Installing       : nettle-3.10.1-1.el9.x86_64                           57/84 
Test remote (fast)	UNKNOWN STEP	2026-01-06T13:52:03.5398369Z #14 8.580   Installing       : gnutls-3.8.3-9.el9.x86_64                            58/84 
Test remote (fast)	UNKNOWN STEP	2026-01-06T13:52:03.5399087Z #14 8.586   Installing       : pcre-8.44-4.el9.x86_64                               59/84 
Test remote (fast)	UNKNOWN STEP	2026-01-06T13:52:03.5399811Z #14 8.591   Installing       : grep-3.6-5.el9.x86_64                                60/84 
Test remote (fast)	UNKNOWN STEP	2026-01-06T13:52:03.5400768Z #14 8.597   Installing       : pcre2-10.40-6.el9.x86_64                             61/84 
Test remote (fast)	UNKNOWN STEP	2026-01-06T13:52:03.5401561Z #14 8.601   Installing       : libselinux-3.6-3.el9.x86_64                          62/84 
Test remote (fast)	UNKNOWN STEP	2026-01-06T13:52:03.7052208Z #14 8.622   Installing       : coreutils-single-8.32-39.el9.x86_64                  63/84 
Test remote (fast)	UNKNOWN STEP	2026-01-06T13:52:03.7053252Z #14 8.628   Installing       : sed-4.8-9.el9.x86_64                                 64/84 
Test remote (fast)	UNKNOWN STEP	2026-01-06T13:52:03.7053794Z #14 8.634   Installing       : findutils-1:4.8.0-7.el9.x86_64                       65/84 
Test remote (fast)	UNKNOWN STEP	2026-01-06T13:52:03.8151753Z #14 8.638   Running scriptlet: ca-certificates-2025.2.80_v9.0.305-91.el9.noarch     66/84 
Test remote (fast)	UNKNOWN STEP	2026-01-06T13:52:03.9693655Z #14 8.898   Installing       : ca-certificates-2025.2.80_v9.0.305-91.el9.noarch     66/84 
Test remote (fast)	UNKNOWN STEP	2026-01-06T13:52:04.9829300Z #14 8.902   Running scriptlet: ca-certificates-2025.2.80_v9.0.305-91.el9.noarch     66/84 
Test remote (fast)	UNKNOWN STEP	2026-01-06T13:52:05.2019289Z #14 10.07   Installing       : python3-pip-wheel-21.3.1-1.el9.noarch                67/84 
Test remote (fast)	UNKNOWN STEP	2026-01-06T13:52:05.2020374Z #14 10.07   Installing       : copy-jdk-configs-4.0-3.el9.noarch                    68/84 
Test remote (fast)	UNKNOWN STEP	2026-01-06T13:52:05.2021584Z #14 10.08   Installing       : openssl-fips-provider-so-3.0.7-8.el9.x86_64          69/84 
Test remote (fast)	UNKNOWN STEP	2026-01-06T13:52:05.2022450Z #14 10.08   Installing       : openssl-fips-provider-3.0.7-8.el9.x86_64             70/84 
Test remote (fast)	UNKNOWN STEP	2026-01-06T13:52:05.2023079Z #14 10.10   Installing       : openssl-libs-1:3.5.1-4.el9_7.x86_64                  71/84 
Test remote (fast)	UNKNOWN STEP	2026-01-06T13:52:05.2023652Z #14 10.12   Installing       : krb5-libs-1.21.1-8.el9_6.x86_64                      72/84 
Test remote (fast)	UNKNOWN STEP	2026-01-06T13:52:05.2024226Z #14 10.13   Installing       : libevent-2.1.12-8.el9_4.x86_64                       73/84 
Test remote (fast)	UNKNOWN STEP	2026-01-06T13:52:05.4164621Z #14 10.13   Installing       : python3-3.9.25-2.el9_7.x86_64                        74/84 
Test remote (fast)	UNKNOWN STEP	2026-01-06T13:52:05.6042275Z #14 10.50   Installing       : python3-libs-3.9.25-2.el9_7.x86_64                   75/84 
Test remote (fast)	UNKNOWN STEP	2026-01-06T13:52:05.6043180Z #14 10.52   Installing       : crypto-policies-scripts-20250905-1.git377cc42.el9_   76/84 
Test remote (fast)	UNKNOWN STEP	2026-01-06T13:52:05.6043984Z #14 10.52   Installing       : nss-sysinit-3.112.0-4.el9_4.x86_64                   77/84 
Test remote (fast)	UNKNOWN STEP	2026-01-06T13:52:05.6044720Z #14 10.53   Installing       : nss-3.112.0-4.el9_4.x86_64                           78/84 
Test remote (fast)	UNKNOWN STEP	2026-01-06T13:52:05.7182907Z #14 10.54   Running scriptlet: nss-3.112.0-4.el9_4.x86_64                           78/84 
Test remote (fast)	UNKNOWN STEP	2026-01-06T13:52:05.8722629Z #14 10.80   Installing       : systemd-libs-252-55.el9_7.7.x86_64                   79/84 
Test remote (fast)	UNKNOWN STEP	2026-01-06T13:52:06.0402245Z #14 10.80   Running scriptlet: systemd-libs-252-55.el9_7.7.x86_64                   79/84 
Test remote (fast)	UNKNOWN STEP	2026-01-06T13:52:06.2351837Z #14 11.12   Installing       : dbus-libs-1:1.12.20-8.el9.x86_64                     80/84 
Test remote (fast)	UNKNOWN STEP	2026-01-06T13:52:06.2354316Z #14 11.13   Installing       : avahi-libs-0.8-23.el9.x86_64                         81/84 
Test remote (fast)	UNKNOWN STEP	2026-01-06T13:52:06.2355156Z #14 11.14   Installing       : cups-libs-1:2.3.3op2-34.el9_7.x86_64                 82/84 
Test remote (fast)	UNKNOWN STEP	2026-01-06T13:52:07.1369446Z #14 11.17   Installing       : alsa-lib-1.2.14-1.el9.x86_64                         83/84 
Test remote (fast)	UNKNOWN STEP	2026-01-06T13:52:07.2933404Z #14 12.22   Installing       : java-21-openjdk-headless-1:21.0.9.0.10-2.el9.x86_6   84/84 
Test remote (fast)	UNKNOWN STEP	2026-01-06T13:52:07.4107644Z #14 12.23   Running scriptlet: java-21-openjdk-headless-1:21.0.9.0.10-2.el9.x86_6   84/84 
Test remote (fast)	UNKNOWN STEP	2026-01-06T13:52:07.6782570Z #14 12.49   Running scriptlet: filesystem-3.16-5.el9.x86_64                         84/84 
Test remote (fast)	UNKNOWN STEP	2026-01-06T13:52:08.9323512Z #14 12.76   Running scriptlet: ca-certificates-2025.2.80_v9.0.305-91.el9.noarch     84/84 
Test remote (fast)	UNKNOWN STEP	2026-01-06T13:52:09.1843291Z #14 14.02   Running scriptlet: copy-jdk-configs-4.0-3.el9.noarch                    84/84 
Test remote (fast)	UNKNOWN STEP	2026-01-06T13:52:09.7907499Z #14 14.27   Running scriptlet: crypto-policies-scripts-20250905-1.git377cc42.el9_   84/84 
Test remote (fast)	UNKNOWN STEP	2026-01-06T13:52:10.3986621Z #14 14.87   Running scriptlet: nss-3.112.0-4.el9_4.x86_64                           84/84 
Test remote (fast)	UNKNOWN STEP	2026-01-06T13:52:10.9593059Z #14 15.48   Running scriptlet: java-21-openjdk-headless-1:21.0.9.0.10-2.el9.x86_6   84/84 
Test remote (fast)	UNKNOWN STEP	2026-01-06T13:52:10.9599437Z #14 16.04   Verifying        : alternatives-1.24-2.el9.x86_64                        1/84 
Test remote (fast)	UNKNOWN STEP	2026-01-06T13:52:11.1530181Z #14 16.04   Verifying        : avahi-libs-0.8-23.el9.x86_64                          2/84 
Test remote (fast)	UNKNOWN STEP	2026-01-06T13:52:11.1531880Z #14 16.04   Verifying        : basesystem-11-13.el9.noarch                           3/84 
Test remote (fast)	UNKNOWN STEP	2026-01-06T13:52:11.1532777Z #14 16.04   Verifying        : bash-5.1.8-9.el9.x86_64                               4/84 
Test remote (fast)	UNKNOWN STEP	2026-01-06T13:52:11.1533694Z #14 16.04   Verifying        : bzip2-libs-1.0.8-10.el9_5.x86_64                      5/84 
Test remote (fast)	UNKNOWN STEP	2026-01-06T13:52:11.1534719Z #14 16.04   Verifying        : ca-certificates-2025.2.80_v9.0.305-91.el9.noarch      6/84 
Test remote (fast)	UNKNOWN STEP	2026-01-06T13:52:11.1535763Z #14 16.04   Verifying        : coreutils-single-8.32-39.el9.x86_64                   7/84 
Test remote (fast)	UNKNOWN STEP	2026-01-06T13:52:11.1536765Z #14 16.04   Verifying        : crypto-policies-20250905-1.git377cc42.el9_7.noarch    8/84 
Test remote (fast)	UNKNOWN STEP	2026-01-06T13:52:11.1537605Z #14 16.04   Verifying        : crypto-policies-scripts-20250905-1.git377cc42.el9_    9/84 
Test remote (fast)	UNKNOWN STEP	2026-01-06T13:52:11.1538246Z #14 16.04   Verifying        : cups-libs-1:2.3.3op2-34.el9_7.x86_64                 10/84 
Test remote (fast)	UNKNOWN STEP	2026-01-06T13:52:11.1538813Z #14 16.04   Verifying        : dbus-libs-1:1.12.20-8.el9.x86_64                     11/84 
Test remote (fast)	UNKNOWN STEP	2026-01-06T13:52:11.1539376Z #14 16.04   Verifying        : expat-2.5.0-5.el9_7.1.x86_64                         12/84 
Test remote (fast)	UNKNOWN STEP	2026-01-06T13:52:11.1539939Z #14 16.04   Verifying        : filesystem-3.16-5.el9.x86_64                         13/84 
Test remote (fast)	UNKNOWN STEP	2026-01-06T13:52:11.1540511Z #14 16.04   Verifying        : findutils-1:4.8.0-7.el9.x86_64                       14/84 
Test remote (fast)	UNKNOWN STEP	2026-01-06T13:52:11.1541276Z #14 16.04   Verifying        : gawk-5.1.0-6.el9.x86_64                              15/84 
Test remote (fast)	UNKNOWN STEP	2026-01-06T13:52:11.1541816Z #14 16.04   Verifying        : gdbm-libs-1:1.23-1.el9.x86_64                        16/84 
Test remote (fast)	UNKNOWN STEP	2026-01-06T13:52:11.1542361Z #14 16.04   Verifying        : glibc-2.34-231.el9_7.2.x86_64                        17/84 
Test remote (fast)	UNKNOWN STEP	2026-01-06T13:52:11.1542911Z #14 16.04   Verifying        : glibc-common-2.34-231.el9_7.2.x86_64                 18/84 
Test remote (fast)	UNKNOWN STEP	2026-01-06T13:52:11.1543462Z #14 16.04   Verifying        : glibc-langpack-en-2.34-231.el9_7.2.x86_64            19/84 
Test remote (fast)	UNKNOWN STEP	2026-01-06T13:52:11.1543947Z #14 16.04   Verifying        : gmp-1:6.2.0-13.el9.x86_64                            20/84 
Test remote (fast)	UNKNOWN STEP	2026-01-06T13:52:11.1544408Z #14 16.04   Verifying        : gnutls-3.8.3-9.el9.x86_64                            21/84 
Test remote (fast)	UNKNOWN STEP	2026-01-06T13:52:11.1544869Z #14 16.04   Verifying        : grep-3.6-5.el9.x86_64                                22/84 
Test remote (fast)	UNKNOWN STEP	2026-01-06T13:52:11.1545347Z #14 16.04   Verifying        : keyutils-libs-1.6.3-1.el9.x86_64                     23/84 
Test remote (fast)	UNKNOWN STEP	2026-01-06T13:52:11.1545827Z #14 16.04   Verifying        : krb5-libs-1.21.1-8.el9_6.x86_64                      24/84 
Test remote (fast)	UNKNOWN STEP	2026-01-06T13:52:11.1546294Z #14 16.04   Verifying        : libacl-2.3.1-4.el9.x86_64                            25/84 
Test remote (fast)	UNKNOWN STEP	2026-01-06T13:52:11.1547071Z #14 16.04   Verifying        : libattr-2.5.1-3.el9.x86_64                           26/84 
Test remote (fast)	UNKNOWN STEP	2026-01-06T13:52:11.1547628Z #14 16.04   Verifying        : libcap-2.48-10.el9.x86_64                            27/84 
Test remote (fast)	UNKNOWN STEP	2026-01-06T13:52:11.1548202Z #14 16.04   Verifying        : libcom_err-1.46.5-8.el9.x86_64                       28/84 
Test remote (fast)	UNKNOWN STEP	2026-01-06T13:52:11.1548885Z #14 16.04   Verifying        : libevent-2.1.12-8.el9_4.x86_64                       29/84 
Test remote (fast)	UNKNOWN STEP	2026-01-06T13:52:11.1549420Z #14 16.04   Verifying        : libffi-3.4.2-8.el9.x86_64                            30/84 
Test remote (fast)	UNKNOWN STEP	2026-01-06T13:52:11.1550184Z #14 16.04   Verifying        : libgcc-11.5.0-11.el9.x86_64                          31/84 
Test remote (fast)	UNKNOWN STEP	2026-01-06T13:52:11.1551169Z #14 16.04   Verifying        : libgcrypt-1.10.0-11.el9.x86_64                       32/84 
Test remote (fast)	UNKNOWN STEP	2026-01-06T13:52:11.1551862Z #14 16.04   Verifying        : libgpg-error-1.42-5.el9.x86_64                       33/84 
Test remote (fast)	UNKNOWN STEP	2026-01-06T13:52:11.1552532Z #14 16.05   Verifying        : libidn2-2.3.0-7.el9.x86_64                           34/84 
Test remote (fast)	UNKNOWN STEP	2026-01-06T13:52:11.1553383Z #14 16.05   Verifying        : libselinux-3.6-3.el9.x86_64                          35/84 
Test remote (fast)	UNKNOWN STEP	2026-01-06T13:52:11.1554008Z #14 16.05   Verifying        : libsepol-3.6-3.el9.x86_64                            36/84 
Test remote (fast)	UNKNOWN STEP	2026-01-06T13:52:11.1554774Z #14 16.05   Verifying        : libsigsegv-2.13-4.el9.x86_64                         37/84 
Test remote (fast)	UNKNOWN STEP	2026-01-06T13:52:11.1567211Z #14 16.05   Verifying        : libtasn1-4.16.0-9.el9.x86_64                         38/84 
Test remote (fast)	UNKNOWN STEP	2026-01-06T13:52:11.1567860Z #14 16.05   Verifying        : libunistring-0.9.10-15.el9.x86_64                    39/84 
Test remote (fast)	UNKNOWN STEP	2026-01-06T13:52:11.1568434Z #14 16.05   Verifying        : libuuid-2.37.4-21.el9.x86_64                         40/84 
Test remote (fast)	UNKNOWN STEP	2026-01-06T13:52:11.1568955Z #14 16.05   Verifying        : libverto-0.3.2-3.el9.x86_64                          41/84 
Test remote (fast)	UNKNOWN STEP	2026-01-06T13:52:11.1569480Z #14 16.05   Verifying        : libxcrypt-4.4.18-3.el9.x86_64                        42/84 
Test remote (fast)	UNKNOWN STEP	2026-01-06T13:52:11.1570001Z #14 16.05   Verifying        : libzstd-1.5.5-1.el9.x86_64                           43/84 
Test remote (fast)	UNKNOWN STEP	2026-01-06T13:52:11.1570534Z #14 16.05   Verifying        : lksctp-tools-1.0.19-3.el9_4.x86_64                   44/84 
Test remote (fast)	UNKNOWN STEP	2026-01-06T13:52:11.1571212Z #14 16.05   Verifying        : lua-libs-5.4.4-4.el9.x86_64                          45/84 
Test remote (fast)	UNKNOWN STEP	2026-01-06T13:52:11.1571738Z #14 16.05   Verifying        : lz4-libs-1.9.3-5.el9.x86_64                          46/84 
Test remote (fast)	UNKNOWN STEP	2026-01-06T13:52:11.1572243Z #14 16.05   Verifying        : mpfr-4.1.0-7.el9.x86_64                              47/84 
Test remote (fast)	UNKNOWN STEP	2026-01-06T13:52:11.1572756Z #14 16.05   Verifying        : ncurses-base-6.2-12.20210508.el9.noarch              48/84 
Test remote (fast)	UNKNOWN STEP	2026-01-06T13:52:11.1573295Z #14 16.05   Verifying        : ncurses-libs-6.2-12.20210508.el9.x86_64              49/84 
Test remote (fast)	UNKNOWN STEP	2026-01-06T13:52:11.1573813Z #14 16.05   Verifying        : nettle-3.10.1-1.el9.x86_64                           50/84 
Test remote (fast)	UNKNOWN STEP	2026-01-06T13:52:11.1574352Z #14 16.05   Verifying        : openssl-fips-provider-3.0.7-8.el9.x86_64             51/84 
Test remote (fast)	UNKNOWN STEP	2026-01-06T13:52:11.1574916Z #14 16.05   Verifying        : openssl-fips-provider-so-3.0.7-8.el9.x86_64          52/84 
Test remote (fast)	UNKNOWN STEP	2026-01-06T13:52:11.1575463Z #14 16.05   Verifying        : openssl-libs-1:3.5.1-4.el9_7.x86_64                  53/84 
Test remote (fast)	UNKNOWN STEP	2026-01-06T13:52:11.1575977Z #14 16.05   Verifying        : p11-kit-0.25.3-3.el9_5.x86_64                        54/84 
Test remote (fast)	UNKNOWN STEP	2026-01-06T13:52:11.1576483Z #14 16.05   Verifying        : p11-kit-trust-0.25.3-3.el9_5.x86_64                  55/84 
Test remote (fast)	UNKNOWN STEP	2026-01-06T13:52:11.1577010Z #14 16.05   Verifying        : pcre-8.44-4.el9.x86_64                               56/84 
Test remote (fast)	UNKNOWN STEP	2026-01-06T13:52:11.1577866Z #14 16.05   Verifying        : pcre2-10.40-6.el9.x86_64                             57/84 
Test remote (fast)	UNKNOWN STEP	2026-01-06T13:52:11.1578496Z #14 16.05   Verifying        : pcre2-syntax-10.40-6.el9.noarch                      58/84 
Test remote (fast)	UNKNOWN STEP	2026-01-06T13:52:11.1579024Z #14 16.05   Verifying        : python3-3.9.25-2.el9_7.x86_64                        59/84 
Test remote (fast)	UNKNOWN STEP	2026-01-06T13:52:11.1579537Z #14 16.05   Verifying        : python3-libs-3.9.25-2.el9_7.x86_64                   60/84 
Test remote (fast)	UNKNOWN STEP	2026-01-06T13:52:11.1580081Z #14 16.05   Verifying        : python3-pip-wheel-21.3.1-1.el9.noarch                61/84 
Test remote (fast)	UNKNOWN STEP	2026-01-06T13:52:11.1580850Z #14 16.05   Verifying        : python3-setuptools-wheel-53.0.0-15.el9.noarch        62/84 
Test remote (fast)	UNKNOWN STEP	2026-01-06T13:52:11.1581425Z #14 16.05   Verifying        : readline-8.1-4.el9.x86_64                            63/84 
Test remote (fast)	UNKNOWN STEP	2026-01-06T13:52:11.1581969Z #14 16.05   Verifying        : redhat-release-9.7-0.7.el9.x86_64                    64/84 
Test remote (fast)	UNKNOWN STEP	2026-01-06T13:52:11.1582482Z #14 16.05   Verifying        : sed-4.8-9.el9.x86_64                                 65/84 
Test remote (fast)	UNKNOWN STEP	2026-01-06T13:52:11.1583158Z #14 16.05   Verifying        : setup-2.13.7-10.el9.noarch                           66/84 
Test remote (fast)	UNKNOWN STEP	2026-01-06T13:52:11.1583790Z #14 16.05   Verifying        : sqlite-libs-3.34.1-9.el9_7.x86_64                    67/84 
Test remote (fast)	UNKNOWN STEP	2026-01-06T13:52:11.1584384Z #14 16.05   Verifying        : systemd-libs-252-55.el9_7.7.x86_64                   68/84 
Test remote (fast)	UNKNOWN STEP	2026-01-06T13:52:11.1584909Z #14 16.05   Verifying        : tzdata-2025c-1.el9.noarch                            69/84 
Test remote (fast)	UNKNOWN STEP	2026-01-06T13:52:11.1585424Z #14 16.05   Verifying        : xz-libs-5.2.5-8.el9_0.x86_64                         70/84 
Test remote (fast)	UNKNOWN STEP	2026-01-06T13:52:11.1586050Z #14 16.05   Verifying        : zlib-1.2.11-40.el9.x86_64                            71/84 
Test remote (fast)	UNKNOWN STEP	2026-01-06T13:52:11.1586570Z #14 16.05   Verifying        : copy-jdk-configs-4.0-3.el9.noarch                    72/84 
Test remote (fast)	UNKNOWN STEP	2026-01-06T13:52:11.1587088Z #14 16.05   Verifying        : lua-5.4.4-4.el9.x86_64                               73/84 
Test remote (fast)	UNKNOWN STEP	2026-01-06T13:52:11.1587601Z #14 16.05   Verifying        : lua-posix-35.0-8.el9.x86_64                          74/84 
Test remote (fast)	UNKNOWN STEP	2026-01-06T13:52:11.1588106Z #14 16.05   Verifying        : alsa-lib-1.2.14-1.el9.x86_64                         75/84 
Test remote (fast)	UNKNOWN STEP	2026-01-06T13:52:11.1588662Z #14 16.05   Verifying        : java-21-openjdk-headless-1:21.0.9.0.10-2.el9.x86_6   76/84 
Test remote (fast)	UNKNOWN STEP	2026-01-06T13:52:11.1589218Z #14 16.05   Verifying        : javapackages-filesystem-6.4.0-1.el9.noarch           77/84 
Test remote (fast)	UNKNOWN STEP	2026-01-06T13:52:11.1589778Z #14 16.05   Verifying        : nspr-4.36.0-4.el9_4.x86_64                           78/84 
Test remote (fast)	UNKNOWN STEP	2026-01-06T13:52:11.1590263Z #14 16.05   Verifying        : nss-3.112.0-4.el9_4.x86_64                           79/84 
Test remote (fast)	UNKNOWN STEP	2026-01-06T13:52:11.1590898Z #14 16.05   Verifying        : nss-softokn-3.112.0-4.el9_4.x86_64                   80/84 
Test remote (fast)	UNKNOWN STEP	2026-01-06T13:52:11.1591430Z #14 16.05   Verifying        : nss-softokn-freebl-3.112.0-4.el9_4.x86_64            81/84 
Test remote (fast)	UNKNOWN STEP	2026-01-06T13:52:11.1591960Z #14 16.05   Verifying        : nss-sysinit-3.112.0-4.el9_4.x86_64                   82/84 
Test remote (fast)	UNKNOWN STEP	2026-01-06T13:52:11.1592470Z #14 16.05   Verifying        : nss-util-3.112.0-4.el9_4.x86_64                      83/84 
Test remote (fast)	UNKNOWN STEP	2026-01-06T13:52:11.1592989Z #14 16.05   Verifying        : tzdata-java-2025c-1.el9.noarch                       84/84 
Test remote (fast)	UNKNOWN STEP	2026-01-06T13:52:11.1593424Z #14 16.11 Installed products updated.
Test remote (fast)	UNKNOWN STEP	2026-01-06T13:52:11.1593721Z #14 16.13 
Test remote (fast)	UNKNOWN STEP	2026-01-06T13:52:11.1593919Z #14 16.13 Installed:
Test remote (fast)	UNKNOWN STEP	2026-01-06T13:52:11.1594244Z #14 16.13   alsa-lib-1.2.14-1.el9.x86_64                                                  
Test remote (fast)	UNKNOWN STEP	2026-01-06T13:52:11.1594713Z #14 16.13   alternatives-1.24-2.el9.x86_64                                                
Test remote (fast)	UNKNOWN STEP	2026-01-06T13:52:11.1595181Z #14 16.13   avahi-libs-0.8-23.el9.x86_64                                                  
Test remote (fast)	UNKNOWN STEP	2026-01-06T13:52:11.1595770Z #14 16.13   basesystem-11-13.el9.noarch                                                   
Test remote (fast)	UNKNOWN STEP	2026-01-06T13:52:11.1596340Z #14 16.13   bash-5.1.8-9.el9.x86_64                                                       
Test remote (fast)	UNKNOWN STEP	2026-01-06T13:52:11.1596792Z #14 16.13   bzip2-libs-1.0.8-10.el9_5.x86_64                                              
Test remote (fast)	UNKNOWN STEP	2026-01-06T13:52:11.1597289Z #14 16.13   ca-certificates-2025.2.80_v9.0.305-91.el9.noarch                              
Test remote (fast)	UNKNOWN STEP	2026-01-06T13:52:11.1597818Z #14 16.13   copy-jdk-configs-4.0-3.el9.noarch                                             
Test remote (fast)	UNKNOWN STEP	2026-01-06T13:52:11.1598332Z #14 16.13   coreutils-single-8.32-39.el9.x86_64                                           
Test remote (fast)	UNKNOWN STEP	2026-01-06T13:52:11.1598884Z #14 16.13   crypto-policies-20250905-1.git377cc42.el9_7.noarch                            
Test remote (fast)	UNKNOWN STEP	2026-01-06T13:52:11.1599465Z #14 16.13   crypto-policies-scripts-20250905-1.git377cc42.el9_7.noarch                    
Test remote (fast)	UNKNOWN STEP	2026-01-06T13:52:11.1600007Z #14 16.13   cups-libs-1:2.3.3op2-34.el9_7.x86_64                                          
Test remote (fast)	UNKNOWN STEP	2026-01-06T13:52:11.1600471Z #14 16.13   dbus-libs-1:1.12.20-8.el9.x86_64                                              
Test remote (fast)	UNKNOWN STEP	2026-01-06T13:52:11.1601390Z #14 16.13   expat-2.5.0-5.el9_7.1.x86_64                                                  
Test remote (fast)	UNKNOWN STEP	2026-01-06T13:52:11.1601864Z #14 16.13   filesystem-3.16-5.el9.x86_64                                                  
Test remote (fast)	UNKNOWN STEP	2026-01-06T13:52:11.1602325Z #14 16.13   findutils-1:4.8.0-7.el9.x86_64                                                
Test remote (fast)	UNKNOWN STEP	2026-01-06T13:52:11.1602763Z #14 16.13   gawk-5.1.0-6.el9.x86_64                                                       
Test remote (fast)	UNKNOWN STEP	2026-01-06T13:52:11.1603189Z #14 16.13   gdbm-libs-1:1.23-1.el9.x86_64                                                 
Test remote (fast)	UNKNOWN STEP	2026-01-06T13:52:11.1603636Z #14 16.13   glibc-2.34-231.el9_7.2.x86_64                                                 
Test remote (fast)	UNKNOWN STEP	2026-01-06T13:52:11.1604208Z #14 16.13   glibc-common-2.34-231.el9_7.2.x86_64                                          
Test remote (fast)	UNKNOWN STEP	2026-01-06T13:52:11.1604708Z #14 16.13   glibc-langpack-en-2.34-231.el9_7.2.x86_64                                     
Test remote (fast)	UNKNOWN STEP	2026-01-06T13:52:11.1605166Z #14 16.13   gmp-1:6.2.0-13.el9.x86_64                                                     
Test remote (fast)	UNKNOWN STEP	2026-01-06T13:52:11.1605592Z #14 16.13   gnutls-3.8.3-9.el9.x86_64                                                     
Test remote (fast)	UNKNOWN STEP	2026-01-06T13:52:11.1606015Z #14 16.13   grep-3.6-5.el9.x86_64                                                         
Test remote (fast)	UNKNOWN STEP	2026-01-06T13:52:11.1606487Z #14 16.13   java-21-openjdk-headless-1:21.0.9.0.10-2.el9.x86_64                           
Test remote (fast)	UNKNOWN STEP	2026-01-06T13:52:11.1607032Z #14 16.13   javapackages-filesystem-6.4.0-1.el9.noarch                                    
Test remote (fast)	UNKNOWN STEP	2026-01-06T13:52:11.1607554Z #14 16.13   keyutils-libs-1.6.3-1.el9.x86_64                                              
Test remote (fast)	UNKNOWN STEP	2026-01-06T13:52:11.1608016Z #14 16.13   krb5-libs-1.21.1-8.el9_6.x86_64                                               
Test remote (fast)	UNKNOWN STEP	2026-01-06T13:52:11.1608455Z #14 16.13   libacl-2.3.1-4.el9.x86_64                                                     
Test remote (fast)	UNKNOWN STEP	2026-01-06T13:52:11.1608891Z #14 16.13   libattr-2.5.1-3.el9.x86_64                                                    
Test remote (fast)	UNKNOWN STEP	2026-01-06T13:52:11.1609333Z #14 16.13   libcap-2.48-10.el9.x86_64                                                     
Test remote (fast)	UNKNOWN STEP	2026-01-06T13:52:11.1609775Z #14 16.13   libcom_err-1.46.5-8.el9.x86_64                                                
Test remote (fast)	UNKNOWN STEP	2026-01-06T13:52:11.1610216Z #14 16.13   libevent-2.1.12-8.el9_4.x86_64                                                
Test remote (fast)	UNKNOWN STEP	2026-01-06T13:52:11.1610850Z #14 16.13   libffi-3.4.2-8.el9.x86_64                                                     
Test remote (fast)	UNKNOWN STEP	2026-01-06T13:52:11.1611290Z #14 16.13   libgcc-11.5.0-11.el9.x86_64                                                   
Test remote (fast)	UNKNOWN STEP	2026-01-06T13:52:11.1611740Z #14 16.13   libgcrypt-1.10.0-11.el9.x86_64                                                
Test remote (fast)	UNKNOWN STEP	2026-01-06T13:52:11.1612206Z #14 16.13   libgpg-error-1.42-5.el9.x86_64                                                
Test remote (fast)	UNKNOWN STEP	2026-01-06T13:52:11.1612659Z #14 16.13   libidn2-2.3.0-7.el9.x86_64                                                    
Test remote (fast)	UNKNOWN STEP	2026-01-06T13:52:11.1613107Z #14 16.13   libselinux-3.6-3.el9.x86_64                                                   
Test remote (fast)	UNKNOWN STEP	2026-01-06T13:52:11.1613564Z #14 16.13   libsepol-3.6-3.el9.x86_64                                                     
Test remote (fast)	UNKNOWN STEP	2026-01-06T13:52:11.1614011Z #14 16.13   libsigsegv-2.13-4.el9.x86_64                                                  
Test remote (fast)	UNKNOWN STEP	2026-01-06T13:52:11.1614488Z #14 16.13   libtasn1-4.16.0-9.el9.x86_64                                                  
Test remote (fast)	UNKNOWN STEP	2026-01-06T13:52:11.1614950Z #14 16.13   libunistring-0.9.10-15.el9.x86_64                                             
Test remote (fast)	UNKNOWN STEP	2026-01-06T13:52:11.1615413Z #14 16.13   libuuid-2.37.4-21.el9.x86_64                                                  
Test remote (fast)	UNKNOWN STEP	2026-01-06T13:52:11.1615859Z #14 16.13   libverto-0.3.2-3.el9.x86_64                                                   
Test remote (fast)	UNKNOWN STEP	2026-01-06T13:52:11.1616317Z #14 16.13   libxcrypt-4.4.18-3.el9.x86_64                                                 
Test remote (fast)	UNKNOWN STEP	2026-01-06T13:52:11.1616766Z #14 16.13   libzstd-1.5.5-1.el9.x86_64                                                    
Test remote (fast)	UNKNOWN STEP	2026-01-06T13:52:11.1617343Z #14 16.13   lksctp-tools-1.0.19-3.el9_4.x86_64                                            
Test remote (fast)	UNKNOWN STEP	2026-01-06T13:52:11.1617808Z #14 16.13   lua-5.4.4-4.el9.x86_64                                                        
Test remote (fast)	UNKNOWN STEP	2026-01-06T13:52:11.1618222Z #14 16.13   lua-libs-5.4.4-4.el9.x86_64                                                   
Test remote (fast)	UNKNOWN STEP	2026-01-06T13:52:11.1618665Z #14 16.13   lua-posix-35.0-8.el9.x86_64                                                   
Test remote (fast)	UNKNOWN STEP	2026-01-06T13:52:11.1619106Z #14 16.13   lz4-libs-1.9.3-5.el9.x86_64                                                   
Test remote (fast)	UNKNOWN STEP	2026-01-06T13:52:11.1619756Z #14 16.13   mpfr-4.1.0-7.el9.x86_64                                                       
Test remote (fast)	UNKNOWN STEP	2026-01-06T13:52:11.1620410Z #14 16.13   ncurses-base-6.2-12.20210508.el9.noarch                                       
Test remote (fast)	UNKNOWN STEP	2026-01-06T13:52:11.1621154Z #14 16.13   ncurses-libs-6.2-12.20210508.el9.x86_64                                       
Test remote (fast)	UNKNOWN STEP	2026-01-06T13:52:11.1621633Z #14 16.13   nettle-3.10.1-1.el9.x86_64                                                    
Test remote (fast)	UNKNOWN STEP	2026-01-06T13:52:11.1622069Z #14 16.13   nspr-4.36.0-4.el9_4.x86_64                                                    
Test remote (fast)	UNKNOWN STEP	2026-01-06T13:52:11.1622486Z #14 16.13   nss-3.112.0-4.el9_4.x86_64                                                    
Test remote (fast)	UNKNOWN STEP	2026-01-06T13:52:11.1622933Z #14 16.13   nss-softokn-3.112.0-4.el9_4.x86_64                                            
Test remote (fast)	UNKNOWN STEP	2026-01-06T13:52:11.1623429Z #14 16.13   nss-softokn-freebl-3.112.0-4.el9_4.x86_64                                     
Test remote (fast)	UNKNOWN STEP	2026-01-06T13:52:11.1623917Z #14 16.13   nss-sysinit-3.112.0-4.el9_4.x86_64                                            
Test remote (fast)	UNKNOWN STEP	2026-01-06T13:52:11.1624376Z #14 16.13   nss-util-3.112.0-4.el9_4.x86_64                                               
Test remote (fast)	UNKNOWN STEP	2026-01-06T13:52:11.1624880Z #14 16.13   openssl-fips-provider-3.0.7-8.el9.x86_64                                      
Test remote (fast)	UNKNOWN STEP	2026-01-06T13:52:11.1625426Z #14 16.13   openssl-fips-provider-so-3.0.7-8.el9.x86_64                                   
Test remote (fast)	UNKNOWN STEP	2026-01-06T13:52:11.1625931Z #14 16.13   openssl-libs-1:3.5.1-4.el9_7.x86_64                                           
Test remote (fast)	UNKNOWN STEP	2026-01-06T13:52:11.1626389Z #14 16.13   p11-kit-0.25.3-3.el9_5.x86_64                                                 
Test remote (fast)	UNKNOWN STEP	2026-01-06T13:52:11.1626841Z #14 16.13   p11-kit-trust-0.25.3-3.el9_5.x86_64                                           
Test remote (fast)	UNKNOWN STEP	2026-01-06T13:52:11.1627296Z #14 16.13   pcre-8.44-4.el9.x86_64                                                        
Test remote (fast)	UNKNOWN STEP	2026-01-06T13:52:11.1627713Z #14 16.13   pcre2-10.40-6.el9.x86_64                                                      
Test remote (fast)	UNKNOWN STEP	2026-01-06T13:52:11.1628214Z #14 16.13   pcre2-syntax-10.40-6.el9.noarch                                               
Test remote (fast)	UNKNOWN STEP	2026-01-06T13:52:11.1628793Z #14 16.13   python3-3.9.25-2.el9_7.x86_64                                                 
Test remote (fast)	UNKNOWN STEP	2026-01-06T13:52:11.1629254Z #14 16.13   python3-libs-3.9.25-2.el9_7.x86_64                                            
Test remote (fast)	UNKNOWN STEP	2026-01-06T13:52:11.1629749Z #14 16.13   python3-pip-wheel-21.3.1-1.el9.noarch                                         
Test remote (fast)	UNKNOWN STEP	2026-01-06T13:52:11.1630297Z #14 16.13   python3-setuptools-wheel-53.0.0-15.el9.noarch                                 
Test remote (fast)	UNKNOWN STEP	2026-01-06T13:52:11.1630966Z #14 16.13   readline-8.1-4.el9.x86_64                                                     
Test remote (fast)	UNKNOWN STEP	2026-01-06T13:52:11.1631432Z #14 16.13   redhat-release-9.7-0.7.el9.x86_64                                             
Test remote (fast)	UNKNOWN STEP	2026-01-06T13:52:11.1631880Z #14 16.13   sed-4.8-9.el9.x86_64                                                          
Test remote (fast)	UNKNOWN STEP	2026-01-06T13:52:11.1632308Z #14 16.13   setup-2.13.7-10.el9.noarch                                                    
Test remote (fast)	UNKNOWN STEP	2026-01-06T13:52:11.1632768Z #14 16.13   sqlite-libs-3.34.1-9.el9_7.x86_64                                             
Test remote (fast)	UNKNOWN STEP	2026-01-06T13:52:11.1633243Z #14 16.13   systemd-libs-252-55.el9_7.7.x86_64                                            
Test remote (fast)	UNKNOWN STEP	2026-01-06T13:52:11.1633724Z #14 16.13   tzdata-2025c-1.el9.noarch                                                     
Test remote (fast)	UNKNOWN STEP	2026-01-06T13:52:11.1634207Z #14 16.13   tzdata-java-2025c-1.el9.noarch                                                
Test remote (fast)	UNKNOWN STEP	2026-01-06T13:52:11.1634808Z #14 16.13   xz-libs-5.2.5-8.el9_0.x86_64                                                  
Test remote (fast)	UNKNOWN STEP	2026-01-06T13:52:11.1635242Z #14 16.13   zlib-1.2.11-40.el9.x86_64                                                     
Test remote (fast)	UNKNOWN STEP	2026-01-06T13:52:11.1635682Z #14 16.13 
Test remote (fast)	UNKNOWN STEP	2026-01-06T13:52:11.1635899Z #14 16.13 Complete!
Test remote (fast)	UNKNOWN STEP	2026-01-06T13:52:11.1636165Z #14 16.24 + dnf --installroot /tmp/null/rootfs clean all
Test remote (fast)	UNKNOWN STEP	2026-01-06T13:52:11.3987811Z #14 16.48 Updating Subscription Management repositories.
Test remote (fast)	UNKNOWN STEP	2026-01-06T13:52:11.6036944Z #14 16.48 Unable to read consumer identity
Test remote (fast)	UNKNOWN STEP	2026-01-06T13:52:11.6037464Z #14 16.48 
Test remote (fast)	UNKNOWN STEP	2026-01-06T13:52:11.6038541Z #14 16.48 This system is not registered with an entitlement server. You can use subscription-manager to register.
Test remote (fast)	UNKNOWN STEP	2026-01-06T13:52:11.6039258Z #14 16.48 
Test remote (fast)	UNKNOWN STEP	2026-01-06T13:52:11.6039560Z #14 16.49 26 files removed
Test remote (fast)	UNKNOWN STEP	2026-01-06T13:52:11.6041065Z #14 16.53 + rm -rf /tmp/null/rootfs/var/cache/bpf /tmp/null/rootfs/var/cache/dnf /tmp/null/rootfs/var/cache/ldconfig /tmp/null/rootfs/var/log/dnf.librepo.log /tmp/null/rootfs/var/log/dnf.log /tmp/null/rootfs/var/log/dnf.rpm.log '/tmp/null/rootfs/var/log/yum.*'
Test remote (fast)	UNKNOWN STEP	2026-01-06T13:52:11.6042326Z #14 16.54 ==> Building dependency tree
Test remote (fast)	UNKNOWN STEP	2026-01-06T13:52:11.8642958Z #14 16.95 ==> 41 packages to erase:
Test remote (fast)	UNKNOWN STEP	2026-01-06T13:52:12.0200470Z #14 16.95 alsa-lib
Test remote (fast)	UNKNOWN STEP	2026-01-06T13:52:12.0201054Z #14 16.95 avahi-libs
Test remote (fast)	UNKNOWN STEP	2026-01-06T13:52:12.0201427Z #14 16.95 bzip2-libs
Test remote (fast)	UNKNOWN STEP	2026-01-06T13:52:12.0201800Z #14 16.95 copy-jdk-configs
Test remote (fast)	UNKNOWN STEP	2026-01-06T13:52:12.0202197Z #14 16.95 cups-libs
Test remote (fast)	UNKNOWN STEP	2026-01-06T13:52:12.0202532Z #14 16.95 dbus-libs
Test remote (fast)	UNKNOWN STEP	2026-01-06T13:52:12.0202859Z #14 16.95 expat
Test remote (fast)	UNKNOWN STEP	2026-01-06T13:52:12.0203194Z #14 16.95 gawk
Test remote (fast)	UNKNOWN STEP	2026-01-06T13:52:12.0203437Z #14 16.95 gdbm-libs
Test remote (fast)	UNKNOWN STEP	2026-01-06T13:52:12.0203645Z #14 16.95 gmp
Test remote (fast)	UNKNOWN STEP	2026-01-06T13:52:12.0203848Z #14 16.95 gnutls
Test remote (fast)	UNKNOWN STEP	2026-01-06T13:52:12.0204063Z #14 16.95 gpg-pubkey
Test remote (fast)	UNKNOWN STEP	2026-01-06T13:52:12.0204295Z #14 16.95 keyutils-libs
Test remote (fast)	UNKNOWN STEP	2026-01-06T13:52:12.0204520Z #14 16.95 krb5-libs
Test remote (fast)	UNKNOWN STEP	2026-01-06T13:52:12.0204729Z #14 16.95 libcom_err
Test remote (fast)	UNKNOWN STEP	2026-01-06T13:52:12.0204941Z #14 16.95 libevent
Test remote (fast)	UNKNOWN STEP	2026-01-06T13:52:12.0205156Z #14 16.95 libgcrypt
Test remote (fast)	UNKNOWN STEP	2026-01-06T13:52:12.0205370Z #14 16.95 libgpg-error
Test remote (fast)	UNKNOWN STEP	2026-01-06T13:52:12.0205593Z #14 16.95 libidn2
Test remote (fast)	UNKNOWN STEP	2026-01-06T13:52:12.0205797Z #14 16.95 libunistring
Test remote (fast)	UNKNOWN STEP	2026-01-06T13:52:12.0206018Z #14 16.95 libuuid
Test remote (fast)	UNKNOWN STEP	2026-01-06T13:52:12.0206219Z #14 16.95 libverto
Test remote (fast)	UNKNOWN STEP	2026-01-06T13:52:12.0206431Z #14 16.95 libxcrypt
Test remote (fast)	UNKNOWN STEP	2026-01-06T13:52:12.0206643Z #14 16.95 libzstd
Test remote (fast)	UNKNOWN STEP	2026-01-06T13:52:12.0206848Z #14 16.95 lua
Test remote (fast)	UNKNOWN STEP	2026-01-06T13:52:12.0207054Z #14 16.95 lua-libs
Test remote (fast)	UNKNOWN STEP	2026-01-06T13:52:12.0207267Z #14 16.95 lua-posix
Test remote (fast)	UNKNOWN STEP	2026-01-06T13:52:12.0207479Z #14 16.95 lz4-libs
Test remote (fast)	UNKNOWN STEP	2026-01-06T13:52:12.0207681Z #14 16.95 mpfr
Test remote (fast)	UNKNOWN STEP	2026-01-06T13:52:12.0207885Z #14 16.95 nettle
Test remote (fast)	UNKNOWN STEP	2026-01-06T13:52:12.0208116Z #14 16.95 openssl-fips-provider
Test remote (fast)	UNKNOWN STEP	2026-01-06T13:52:12.0208398Z #14 16.95 openssl-fips-provider-so
Test remote (fast)	UNKNOWN STEP	2026-01-06T13:52:12.0208683Z #14 16.95 openssl-libs
Test remote (fast)	UNKNOWN STEP	2026-01-06T13:52:12.0208909Z #14 16.95 p11-kit
Test remote (fast)	UNKNOWN STEP	2026-01-06T13:52:12.0209116Z #14 16.95 python3
Test remote (fast)	UNKNOWN STEP	2026-01-06T13:52:12.0209322Z #14 16.95 python3-libs
Test remote (fast)	UNKNOWN STEP	2026-01-06T13:52:12.0209562Z #14 16.95 python3-pip-wheel
Test remote (fast)	UNKNOWN STEP	2026-01-06T13:52:12.0209806Z #14 16.95 python3-setuptools-wheel
Test remote (fast)	UNKNOWN STEP	2026-01-06T13:52:12.0210030Z #14 16.95 readline
Test remote (fast)	UNKNOWN STEP	2026-01-06T13:52:12.0210210Z #14 16.95 systemd-libs
Test remote (fast)	UNKNOWN STEP	2026-01-06T13:52:12.0210395Z #14 16.95 xz-libs
Test remote (fast)	UNKNOWN STEP	2026-01-06T13:52:12.0210748Z #14 16.95 ==> 44 packages to keep:
Test remote (fast)	UNKNOWN STEP	2026-01-06T13:52:12.0211062Z #14 16.95 alternatives
Test remote (fast)	UNKNOWN STEP	2026-01-06T13:52:12.0211259Z #14 16.95 basesystem
Test remote (fast)	UNKNOWN STEP	2026-01-06T13:52:12.0211440Z #14 16.95 bash
Test remote (fast)	UNKNOWN STEP	2026-01-06T13:52:12.0211628Z #14 16.95 ca-certificates
Test remote (fast)	UNKNOWN STEP	2026-01-06T13:52:12.0211846Z #14 16.95 coreutils-single
Test remote (fast)	UNKNOWN STEP	2026-01-06T13:52:12.0212063Z #14 16.95 crypto-policies
Test remote (fast)	UNKNOWN STEP	2026-01-06T13:52:12.0212288Z #14 16.95 crypto-policies-scripts
Test remote (fast)	UNKNOWN STEP	2026-01-06T13:52:12.0212510Z #14 16.95 filesystem
Test remote (fast)	UNKNOWN STEP	2026-01-06T13:52:12.0212697Z #14 16.95 findutils
Test remote (fast)	UNKNOWN STEP	2026-01-06T13:52:12.0212873Z #14 16.95 glibc
Test remote (fast)	UNKNOWN STEP	2026-01-06T13:52:12.0213068Z #14 16.95 glibc-common
Test remote (fast)	UNKNOWN STEP	2026-01-06T13:52:12.0213263Z #14 16.95 glibc-langpack-en
Test remote (fast)	UNKNOWN STEP	2026-01-06T13:52:12.0213466Z #14 16.95 grep
Test remote (fast)	UNKNOWN STEP	2026-01-06T13:52:12.0213977Z #14 16.95 java-21-openjdk-headless
Test remote (fast)	UNKNOWN STEP	2026-01-06T13:52:12.0214226Z #14 16.95 javapackages-filesystem
Test remote (fast)	UNKNOWN STEP	2026-01-06T13:52:12.0214448Z #14 16.95 libacl
Test remote (fast)	UNKNOWN STEP	2026-01-06T13:52:12.0214620Z #14 16.95 libattr
Test remote (fast)	UNKNOWN STEP	2026-01-06T13:52:12.0214787Z #14 16.95 libcap
Test remote (fast)	UNKNOWN STEP	2026-01-06T13:52:12.0214954Z #14 16.95 libffi
Test remote (fast)	UNKNOWN STEP	2026-01-06T13:52:12.0215125Z #14 16.95 libgcc
Test remote (fast)	UNKNOWN STEP	2026-01-06T13:52:12.0215288Z #14 16.95 libselinux
Test remote (fast)	UNKNOWN STEP	2026-01-06T13:52:12.0215468Z #14 16.95 libsepol
Test remote (fast)	UNKNOWN STEP	2026-01-06T13:52:12.0215643Z #14 16.95 libsigsegv
Test remote (fast)	UNKNOWN STEP	2026-01-06T13:52:12.0215814Z #14 16.95 libtasn1
Test remote (fast)	UNKNOWN STEP	2026-01-06T13:52:12.0215993Z #14 16.95 lksctp-tools
Test remote (fast)	UNKNOWN STEP	2026-01-06T13:52:12.0216186Z #14 16.95 ncurses-base
Test remote (fast)	UNKNOWN STEP	2026-01-06T13:52:12.0216517Z #14 16.95 ncurses-libs
Test remote (fast)	UNKNOWN STEP	2026-01-06T13:52:12.0216699Z #14 16.95 nspr
Test remote (fast)	UNKNOWN STEP	2026-01-06T13:52:12.0216865Z #14 16.95 nss
Test remote (fast)	UNKNOWN STEP	2026-01-06T13:52:12.0217038Z #14 16.95 nss-softokn
Test remote (fast)	UNKNOWN STEP	2026-01-06T13:52:12.0217230Z #14 16.95 nss-softokn-freebl
Test remote (fast)	UNKNOWN STEP	2026-01-06T13:52:12.0217440Z #14 16.95 nss-sysinit
Test remote (fast)	UNKNOWN STEP	2026-01-06T13:52:12.0217624Z #14 16.95 nss-util
Test remote (fast)	UNKNOWN STEP	2026-01-06T13:52:12.0217801Z #14 16.95 p11-kit-trust
Test remote (fast)	UNKNOWN STEP	2026-01-06T13:52:12.0218004Z #14 16.95 pcre
Test remote (fast)	UNKNOWN STEP	2026-01-06T13:52:12.0218177Z #14 16.95 pcre2
Test remote (fast)	UNKNOWN STEP	2026-01-06T13:52:12.0218353Z #14 16.95 pcre2-syntax
Test remote (fast)	UNKNOWN STEP	2026-01-06T13:52:12.0218555Z #14 16.95 redhat-release
Test remote (fast)	UNKNOWN STEP	2026-01-06T13:52:12.0218756Z #14 16.95 sed
Test remote (fast)	UNKNOWN STEP	2026-01-06T13:52:12.0218919Z #14 16.95 setup
Test remote (fast)	UNKNOWN STEP	2026-01-06T13:52:12.0219095Z #14 16.95 sqlite-libs
Test remote (fast)	UNKNOWN STEP	2026-01-06T13:52:12.0219284Z #14 16.95 tzdata
Test remote (fast)	UNKNOWN STEP	2026-01-06T13:52:12.0219451Z #14 16.95 tzdata-java
Test remote (fast)	UNKNOWN STEP	2026-01-06T13:52:12.0219629Z #14 16.95 zlib
Test remote (fast)	UNKNOWN STEP	2026-01-06T13:52:12.0219798Z #14 16.95 
Test remote (fast)	UNKNOWN STEP	2026-01-06T13:52:12.0219971Z #14 16.95 ==> Erasing packages
Test remote (fast)	UNKNOWN STEP	2026-01-06T13:52:12.0220294Z #14 16.95 + xargs rpm -r /tmp/null/rootfs --erase --nodeps --allmatches
Test remote (fast)	UNKNOWN STEP	2026-01-06T13:52:12.1573959Z #14 17.24 
Test remote (fast)	UNKNOWN STEP	2026-01-06T13:52:12.1574472Z #14 17.24 ==> Packages erased ok!
Test remote (fast)	UNKNOWN STEP	2026-01-06T13:52:12.3263447Z #14 DONE 17.3s
Test remote (fast)	UNKNOWN STEP	2026-01-06T13:52:12.8542784Z 
Test remote (fast)	UNKNOWN STEP	2026-01-06T13:52:12.8543418Z #15 [stage-1 2/4] COPY --from=ubi-micro-build /tmp/null/rootfs/ /
Test remote (fast)	UNKNOWN STEP	2026-01-06T13:52:14.0270553Z #15 DONE 1.2s
Test remote (fast)	UNKNOWN STEP	2026-01-06T13:52:14.1784542Z 
Test remote (fast)	UNKNOWN STEP	2026-01-06T13:52:14.1785368Z #16 [stage-1 3/4] COPY --from=ubi-micro-build --chown=1000:0 /opt/keycloak /opt/keycloak
Test remote (fast)	UNKNOWN STEP	2026-01-06T13:52:14.4713231Z #16 DONE 0.4s
Test remote (fast)	UNKNOWN STEP	2026-01-06T13:52:14.6126626Z 
Test remote (fast)	UNKNOWN STEP	2026-01-06T13:52:14.6128117Z #17 [stage-1 4/4] RUN echo "keycloak:x:0:root" >> /etc/group &&     echo "keycloak:x:1000:0:keycloak user:/opt/keycloak:/sbin/nologin" >> /etc/passwd
Test remote (fast)	UNKNOWN STEP	2026-01-06T13:52:14.6129106Z #17 DONE 0.1s
Test remote (fast)	UNKNOWN STEP	2026-01-06T13:52:14.7662893Z 
Test remote (fast)	UNKNOWN STEP	2026-01-06T13:52:14.7663390Z #18 exporting to image
Test remote (fast)	UNKNOWN STEP	2026-01-06T13:52:14.7664016Z #18 exporting layers
Test remote (fast)	UNKNOWN STEP	2026-01-06T13:52:15.5511959Z #18 exporting layers 0.9s done
Test remote (fast)	UNKNOWN STEP	2026-01-06T13:52:15.5512957Z #18 writing image sha256:d42d1ae6520f7d139457ad958eb9eaea4aafc6fe18ec9cd3f2589d8edbe848b0
Test remote (fast)	UNKNOWN STEP	2026-01-06T13:52:15.6045769Z #18 writing image sha256:d42d1ae6520f7d139457ad958eb9eaea4aafc6fe18ec9cd3f2589d8edbe848b0 done
Test remote (fast)	UNKNOWN STEP	2026-01-06T13:52:15.6047421Z #18 naming to docker.io/library/keycloak:0.0.1-3a9764 done
Test remote (fast)	UNKNOWN STEP	2026-01-06T13:52:15.6048101Z #18 DONE 1.0s
Test remote (fast)	UNKNOWN STEP	2026-01-06T13:52:15.6133787Z + VERSION=0.0.1-3a9764
Test remote (fast)	UNKNOWN STEP	2026-01-06T13:52:15.6134412Z + KEYCLOAK_IMAGE=keycloak
Test remote (fast)	UNKNOWN STEP	2026-01-06T13:52:15.6135480Z Using version: 0.0.1-3a9764
Test remote (fast)	UNKNOWN STEP	2026-01-06T13:52:15.6136188Z + KEYCLOAK_CUSTOM_IMAGE=custom-keycloak
Test remote (fast)	UNKNOWN STEP	2026-01-06T13:52:15.6136616Z + echo 'Using version: 0.0.1-3a9764'
Test remote (fast)	UNKNOWN STEP	2026-01-06T13:52:15.6141661Z +++ dirname -- ./scripts/build-testing-docker-images.sh
Test remote (fast)	UNKNOWN STEP	2026-01-06T13:52:15.6154922Z ++ cd -- ./scripts
Test remote (fast)	UNKNOWN STEP	2026-01-06T13:52:15.6155450Z ++ pwd
Test remote (fast)	UNKNOWN STEP	2026-01-06T13:52:15.6159023Z + SCRIPT_DIR=/home/runner/work/keycloak/keycloak/operator/scripts
Test remote (fast)	UNKNOWN STEP	2026-01-06T13:52:15.6162112Z + docker build -f /home/runner/work/keycloak/keycloak/operator/scripts/Dockerfile-custom-image --build-arg IMAGE=keycloak --build-arg VERSION=0.0.1-3a9764 -t custom-keycloak:0.0.1-3a9764 /home/runner/work/keycloak/keycloak/operator/scripts
Test remote (fast)	UNKNOWN STEP	2026-01-06T13:52:16.0126303Z #0 building with "default" instance using docker driver
Test remote (fast)	UNKNOWN STEP	2026-01-06T13:52:16.0126773Z 
Test remote (fast)	UNKNOWN STEP	2026-01-06T13:52:16.0127071Z #1 [internal] load build definition from Dockerfile-custom-image
Test remote (fast)	UNKNOWN STEP	2026-01-06T13:52:16.0127953Z #1 transferring dockerfile: 232B done
Test remote (fast)	UNKNOWN STEP	2026-01-06T13:52:16.0128225Z #1 DONE 0.0s
Test remote (fast)	UNKNOWN STEP	2026-01-06T13:52:16.0128348Z 
Test remote (fast)	UNKNOWN STEP	2026-01-06T13:52:16.0128531Z #2 [internal] load metadata for docker.io/library/keycloak:0.0.1-3a9764
Test remote (fast)	UNKNOWN STEP	2026-01-06T13:52:16.0128869Z #2 DONE 0.0s
Test remote (fast)	UNKNOWN STEP	2026-01-06T13:52:16.0128974Z 
Test remote (fast)	UNKNOWN STEP	2026-01-06T13:52:16.0129064Z #3 [internal] load .dockerignore
Test remote (fast)	UNKNOWN STEP	2026-01-06T13:52:16.0129309Z #3 transferring context: 2B done
Test remote (fast)	UNKNOWN STEP	2026-01-06T13:52:16.0129533Z #3 DONE 0.0s
Test remote (fast)	UNKNOWN STEP	2026-01-06T13:52:16.0129633Z 
Test remote (fast)	UNKNOWN STEP	2026-01-06T13:52:16.0129754Z #4 [1/2] FROM docker.io/library/keycloak:0.0.1-3a9764
Test remote (fast)	UNKNOWN STEP	2026-01-06T13:52:16.0130019Z #4 DONE 0.0s
Test remote (fast)	UNKNOWN STEP	2026-01-06T13:52:16.0130125Z 
Test remote (fast)	UNKNOWN STEP	2026-01-06T13:52:16.0130952Z #5 [2/2] RUN /opt/keycloak/bin/kc.sh build --db=postgres --health-enabled=true --metrics-enabled=true --features=rolling-updates
Test remote (fast)	UNKNOWN STEP	2026-01-06T13:52:16.8836172Z #5 1.021 Updating the configuration and installing your custom providers, if any. Please wait.
Test remote (fast)	UNKNOWN STEP	2026-01-06T13:52:28.4917546Z #5 12.63 2026-01-06 13:52:28,486 INFO  [io.quarkus.deployment.QuarkusAugmentor] (main) Quarkus augmentation completed in 10670ms
Test remote (fast)	UNKNOWN STEP	2026-01-06T13:52:28.7371307Z #5 12.66 Server configuration updated and persisted. Run the following command to review the configuration:
Test remote (fast)	UNKNOWN STEP	2026-01-06T13:52:28.7372158Z #5 12.66 
Test remote (fast)	UNKNOWN STEP	2026-01-06T13:52:28.7372481Z #5 12.66 	kc.sh show-config
Test remote (fast)	UNKNOWN STEP	2026-01-06T13:52:28.7372837Z #5 12.66 
Test remote (fast)	UNKNOWN STEP	2026-01-06T13:52:28.7373121Z #5 DONE 12.7s
Test remote (fast)	UNKNOWN STEP	2026-01-06T13:52:28.7373303Z 
Test remote (fast)	UNKNOWN STEP	2026-01-06T13:52:28.7373444Z #6 exporting to image
Test remote (fast)	UNKNOWN STEP	2026-01-06T13:52:28.7373786Z #6 exporting layers
Test remote (fast)	UNKNOWN STEP	2026-01-06T13:52:29.0037482Z #6 exporting layers 0.4s done
Test remote (fast)	UNKNOWN STEP	2026-01-06T13:52:29.0257838Z #6 writing image sha256:d93e6e88efbfb9bc57e2048159bebbe7c8d23ed801287238d1ca6a278e3850d1 done
Test remote (fast)	UNKNOWN STEP	2026-01-06T13:52:29.0258812Z #6 naming to docker.io/library/custom-keycloak:0.0.1-3a9764 done
Test remote (fast)	UNKNOWN STEP	2026-01-06T13:52:29.0259242Z #6 DONE 0.4s
Test remote (fast)	UNKNOWN STEP	2026-01-06T13:52:29.0339179Z ##[group]Run declare -A PARAMS
Test remote (fast)	UNKNOWN STEP	2026-01-06T13:52:29.0339499Z [36;1mdeclare -A PARAMS[0m
Test remote (fast)	UNKNOWN STEP	2026-01-06T13:52:29.0339789Z [36;1mPARAMS["slow"]="-Dkc.quarkus.tests.groups=slow"[0m
Test remote (fast)	UNKNOWN STEP	2026-01-06T13:52:29.0340147Z [36;1mPARAMS["fast"]='-Dkc.quarkus.tests.groups=!slow'[0m
Test remote (fast)	UNKNOWN STEP	2026-01-06T13:52:29.0340432Z [36;1m[0m
Test remote (fast)	UNKNOWN STEP	2026-01-06T13:52:29.0340888Z [36;1meval $(minikube -p minikube docker-env)[0m
Test remote (fast)	UNKNOWN STEP	2026-01-06T13:52:29.0341267Z [36;1m./mvnw install -Poperator -pl :keycloak-operator -am \[0m
Test remote (fast)	UNKNOWN STEP	2026-01-06T13:52:29.0341638Z [36;1m    -Dquarkus.container-image.build=true \[0m
Test remote (fast)	UNKNOWN STEP	2026-01-06T13:52:29.0342015Z [36;1m    -Dquarkus.kubernetes.image-pull-policy=IfNotPresent \[0m
Test remote (fast)	UNKNOWN STEP	2026-01-06T13:52:29.0342413Z [36;1m    -Dkc.operator.keycloak.image=keycloak:0.0.1-3a9764 \[0m
Test remote (fast)	UNKNOWN STEP	2026-01-06T13:52:29.0342968Z [36;1m    -Dquarkus.kubernetes.env.vars.kc-operator-keycloak-image-pull-policy=Never \[0m
Test remote (fast)	UNKNOWN STEP	2026-01-06T13:52:29.0343582Z [36;1m    -Dtest.operator.custom.image=custom-keycloak:0.0.1-3a9764 \[0m
Test remote (fast)	UNKNOWN STEP	2026-01-06T13:52:29.0344195Z [36;1m    --no-transfer-progress -Dtest.operator.deployment=remote ${PARAMS["fast"]}[0m
Test remote (fast)	UNKNOWN STEP	2026-01-06T13:52:29.0378043Z shell: /usr/bin/bash --noprofile --norc -e -o pipefail {0}
Test remote (fast)	UNKNOWN STEP	2026-01-06T13:52:29.0378357Z env:
Test remote (fast)	UNKNOWN STEP	2026-01-06T13:52:29.0378634Z   MAVEN_ARGS: -B -nsu -Daether.connector.http.connectionMaxTtl=25
Test remote (fast)	UNKNOWN STEP	2026-01-06T13:52:29.0378974Z   MINIKUBE_VERSION: v1.37.0
Test remote (fast)	UNKNOWN STEP	2026-01-06T13:52:29.0379207Z   KUBERNETES_VERSION: v1.32.9
Test remote (fast)	UNKNOWN STEP	2026-01-06T13:52:29.0379440Z   MINIKUBE_MEMORY: 4096
Test remote (fast)	UNKNOWN STEP	2026-01-06T13:52:29.0379651Z   version_remote: 0.0.1-3a9764
Test remote (fast)	UNKNOWN STEP	2026-01-06T13:52:29.0379977Z   JAVA_HOME: /opt/hostedtoolcache/Java_Temurin-Hotspot_jdk/21.0.9-10/x64
Test remote (fast)	UNKNOWN STEP	2026-01-06T13:52:29.0380420Z   JAVA_HOME_21_X64: /opt/hostedtoolcache/Java_Temurin-Hotspot_jdk/21.0.9-10/x64
Test remote (fast)	UNKNOWN STEP	2026-01-06T13:52:29.0380974Z   MINIKUBE_HOME: /home/runner/work/_temp
Test remote (fast)	UNKNOWN STEP	2026-01-06T13:52:29.0381227Z ##[endgroup]
Test remote (fast)	UNKNOWN STEP	2026-01-06T13:52:29.5086070Z wget: Failed to fetch https://repo.maven.apache.org/maven2/org/apache/maven/apache-maven/3.9.8/apache-maven-3.9.8-bin.zip
Test remote (fast)	UNKNOWN STEP	2026-01-06T13:52:29.5112595Z ##[error]Process completed with exit code 1.
Test remote (fast)	UNKNOWN STEP	2026-01-06T13:52:29.5169675Z Post job cleanup.
Test remote (fast)	UNKNOWN STEP	2026-01-06T13:52:29.5214766Z Post job cleanup.
Test remote (fast)	UNKNOWN STEP	2026-01-06T13:52:29.7020455Z Post job cleanup.
Test remote (fast)	UNKNOWN STEP	2026-01-06T13:52:29.7837646Z [command]/usr/bin/git version
Test remote (fast)	UNKNOWN STEP	2026-01-06T13:52:29.7875309Z git version 2.52.0
Test remote (fast)	UNKNOWN STEP	2026-01-06T13:52:29.7912424Z Temporarily overriding HOME='/home/runner/work/_temp/b669231b-2603-40ec-8144-db127129ab43' before making global git config changes
Test remote (fast)	UNKNOWN STEP	2026-01-06T13:52:29.7913780Z Adding repository directory to the temporary git global config as a safe directory
Test remote (fast)	UNKNOWN STEP	2026-01-06T13:52:29.7918356Z [command]/usr/bin/git config --global --add safe.directory /home/runner/work/keycloak/keycloak
Test remote (fast)	UNKNOWN STEP	2026-01-06T13:52:29.7955182Z [command]/usr/bin/git config --local --name-only --get-regexp core\.sshCommand
Test remote (fast)	UNKNOWN STEP	2026-01-06T13:52:29.8011735Z [command]/usr/bin/git submodule foreach --recursive sh -c "git config --local --name-only --get-regexp 'core\.sshCommand' && git config --local --unset-all 'core.sshCommand' || :"
Test remote (fast)	UNKNOWN STEP	2026-01-06T13:52:29.8279383Z [command]/usr/bin/git config --local --name-only --get-regexp http\.https\:\/\/github\.com\/\.extraheader
Test remote (fast)	UNKNOWN STEP	2026-01-06T13:52:29.8304360Z http.https://github.com/.extraheader
Test remote (fast)	UNKNOWN STEP	2026-01-06T13:52:29.8317950Z [command]/usr/bin/git config --local --unset-all http.https://github.com/.extraheader
Test remote (fast)	UNKNOWN STEP	2026-01-06T13:52:29.8353496Z [command]/usr/bin/git submodule foreach --recursive sh -c "git config --local --name-only --get-regexp 'http\.https\:\/\/github\.com\/\.extraheader' && git config --local --unset-all 'http.https://github.com/.extraheader' || :"
Test remote (fast)	UNKNOWN STEP	2026-01-06T13:52:29.8797893Z Cleaning up orphan processes
Status Check - Keycloak Operator CI	UNKNOWN STEP	ï»¿2026-01-06T14:00:52.7551610Z Current runner version: '2.330.0'
Status Check - Keycloak Operator CI	UNKNOWN STEP	2026-01-06T14:00:52.7573218Z ##[group]Runner Image Provisioner
Status Check - Keycloak Operator CI	UNKNOWN STEP	2026-01-06T14:00:52.7574369Z Hosted Compute Agent
Status Check - Keycloak Operator CI	UNKNOWN STEP	2026-01-06T14:00:52.7574905Z Version: 20251211.462
Status Check - Keycloak Operator CI	UNKNOWN STEP	2026-01-06T14:00:52.7575510Z Commit: 6cbad8c2bb55d58165063d031ccabf57e2d2db61
Status Check - Keycloak Operator CI	UNKNOWN STEP	2026-01-06T14:00:52.7576305Z Build Date: 2025-12-11T16:28:49Z
Status Check - Keycloak Operator CI	UNKNOWN STEP	2026-01-06T14:00:52.7576972Z Worker ID: {63ff1b1a-0c37-45d6-9ab8-171d765f4fb7}
Status Check - Keycloak Operator CI	UNKNOWN STEP	2026-01-06T14:00:52.7577659Z ##[endgroup]
Status Check - Keycloak Operator CI	UNKNOWN STEP	2026-01-06T14:00:52.7578304Z ##[group]Operating System
Status Check - Keycloak Operator CI	UNKNOWN STEP	2026-01-06T14:00:52.7579025Z Ubuntu
Status Check - Keycloak Operator CI	UNKNOWN STEP	2026-01-06T14:00:52.7579532Z 24.04.3
Status Check - Keycloak Operator CI	UNKNOWN STEP	2026-01-06T14:00:52.7580118Z LTS
Status Check - Keycloak Operator CI	UNKNOWN STEP	2026-01-06T14:00:52.7580563Z ##[endgroup]
Status Check - Keycloak Operator CI	UNKNOWN STEP	2026-01-06T14:00:52.7581110Z ##[group]Runner Image
Status Check - Keycloak Operator CI	UNKNOWN STEP	2026-01-06T14:00:52.7581709Z Image: ubuntu-24.04
Status Check - Keycloak Operator CI	UNKNOWN STEP	2026-01-06T14:00:52.7582247Z Version: 20251215.174.1
Status Check - Keycloak Operator CI	UNKNOWN STEP	2026-01-06T14:00:52.7583254Z Included Software: https://github.com/actions/runner-images/blob/ubuntu24/20251215.174/images/ubuntu/Ubuntu2404-Readme.md
Status Check - Keycloak Operator CI	UNKNOWN STEP	2026-01-06T14:00:52.7584908Z Image Release: https://github.com/actions/runner-images/releases/tag/ubuntu24%2F20251215.174
Status Check - Keycloak Operator CI	UNKNOWN STEP	2026-01-06T14:00:52.7585926Z ##[endgroup]
Status Check - Keycloak Operator CI	UNKNOWN STEP	2026-01-06T14:00:52.7587017Z ##[group]GITHUB_TOKEN Permissions
Status Check - Keycloak Operator CI	UNKNOWN STEP	2026-01-06T14:00:52.7589149Z Contents: read
Status Check - Keycloak Operator CI	UNKNOWN STEP	2026-01-06T14:00:52.7589667Z Metadata: read
Status Check - Keycloak Operator CI	UNKNOWN STEP	2026-01-06T14:00:52.7590347Z ##[endgroup]
Status Check - Keycloak Operator CI	UNKNOWN STEP	2026-01-06T14:00:52.7592239Z Secret source: None
Status Check - Keycloak Operator CI	UNKNOWN STEP	2026-01-06T14:00:52.7592904Z Prepare workflow directory
Status Check - Keycloak Operator CI	UNKNOWN STEP	2026-01-06T14:00:52.7982255Z Prepare all required actions
Status Check - Keycloak Operator CI	UNKNOWN STEP	2026-01-06T14:00:52.8027748Z Getting action download info
Status Check - Keycloak Operator CI	UNKNOWN STEP	2026-01-06T14:00:53.2418297Z Download action repository 'actions/checkout@08c6903cd8c0fde910a37f88322edcfb5dd907a8' (SHA:08c6903cd8c0fde910a37f88322edcfb5dd907a8)
Status Check - Keycloak Operator CI	UNKNOWN STEP	2026-01-06T14:00:53.4250934Z Complete job name: Status Check - Keycloak Operator CI
Status Check - Keycloak Operator CI	UNKNOWN STEP	2026-01-06T14:00:53.4925897Z ##[group]Run actions/checkout@08c6903cd8c0fde910a37f88322edcfb5dd907a8
Status Check - Keycloak Operator CI	UNKNOWN STEP	2026-01-06T14:00:53.4926887Z with:
Status Check - Keycloak Operator CI	UNKNOWN STEP	2026-01-06T14:00:53.4927328Z   repository: keycloak/keycloak
Status Check - Keycloak Operator CI	UNKNOWN STEP	2026-01-06T14:00:53.4927962Z   token: ***
Status Check - Keycloak Operator CI	UNKNOWN STEP	2026-01-06T14:00:53.4928377Z   ssh-strict: true
Status Check - Keycloak Operator CI	UNKNOWN STEP	2026-01-06T14:00:53.4928775Z   ssh-user: git
Status Check - Keycloak Operator CI	UNKNOWN STEP	2026-01-06T14:00:53.4929443Z   persist-credentials: true
Status Check - Keycloak Operator CI	UNKNOWN STEP	2026-01-06T14:00:53.4929899Z   clean: true
Status Check - Keycloak Operator CI	UNKNOWN STEP	2026-01-06T14:00:53.4930303Z   sparse-checkout-cone-mode: true
Status Check - Keycloak Operator CI	UNKNOWN STEP	2026-01-06T14:00:53.4930794Z   fetch-depth: 1
Status Check - Keycloak Operator CI	UNKNOWN STEP	2026-01-06T14:00:53.4931205Z   fetch-tags: false
Status Check - Keycloak Operator CI	UNKNOWN STEP	2026-01-06T14:00:53.4931607Z   show-progress: true
Status Check - Keycloak Operator CI	UNKNOWN STEP	2026-01-06T14:00:53.4932008Z   lfs: false
Status Check - Keycloak Operator CI	UNKNOWN STEP	2026-01-06T14:00:53.4932380Z   submodules: false
Status Check - Keycloak Operator CI	UNKNOWN STEP	2026-01-06T14:00:53.4932779Z   set-safe-directory: true
Status Check - Keycloak Operator CI	UNKNOWN STEP	2026-01-06T14:00:53.4933460Z env:
Status Check - Keycloak Operator CI	UNKNOWN STEP	2026-01-06T14:00:53.4933988Z   MAVEN_ARGS: -B -nsu -Daether.connector.http.connectionMaxTtl=25
Status Check - Keycloak Operator CI	UNKNOWN STEP	2026-01-06T14:00:53.4934643Z   MINIKUBE_VERSION: v1.37.0
Status Check - Keycloak Operator CI	UNKNOWN STEP	2026-01-06T14:00:53.4935133Z   KUBERNETES_VERSION: v1.32.9
Status Check - Keycloak Operator CI	UNKNOWN STEP	2026-01-06T14:00:53.4935790Z   MINIKUBE_MEMORY: 4096
Status Check - Keycloak Operator CI	UNKNOWN STEP	2026-01-06T14:00:53.4936350Z ##[endgroup]
Status Check - Keycloak Operator CI	UNKNOWN STEP	2026-01-06T14:00:53.5936302Z Syncing repository: keycloak/keycloak
Status Check - Keycloak Operator CI	UNKNOWN STEP	2026-01-06T14:00:53.5938035Z ##[group]Getting Git version info
Status Check - Keycloak Operator CI	UNKNOWN STEP	2026-01-06T14:00:53.5938747Z Working directory is '/home/runner/work/keycloak/keycloak'
Status Check - Keycloak Operator CI	UNKNOWN STEP	2026-01-06T14:00:53.5940144Z [command]/usr/bin/git version
Status Check - Keycloak Operator CI	UNKNOWN STEP	2026-01-06T14:00:53.6057380Z git version 2.52.0
Status Check - Keycloak Operator CI	UNKNOWN STEP	2026-01-06T14:00:53.6112230Z ##[endgroup]
Status Check - Keycloak Operator CI	UNKNOWN STEP	2026-01-06T14:00:53.6127786Z Temporarily overriding HOME='/home/runner/work/_temp/8142284d-c064-4237-a92c-de1a5fbb0908' before making global git config changes
Status Check - Keycloak Operator CI	UNKNOWN STEP	2026-01-06T14:00:53.6130423Z Adding repository directory to the temporary git global config as a safe directory
Status Check - Keycloak Operator CI	UNKNOWN STEP	2026-01-06T14:00:53.6133309Z [command]/usr/bin/git config --global --add safe.directory /home/runner/work/keycloak/keycloak
Status Check - Keycloak Operator CI	UNKNOWN STEP	2026-01-06T14:00:53.6172630Z Deleting the contents of '/home/runner/work/keycloak/keycloak'
Status Check - Keycloak Operator CI	UNKNOWN STEP	2026-01-06T14:00:53.6176293Z ##[group]Initializing the repository
Status Check - Keycloak Operator CI	UNKNOWN STEP	2026-01-06T14:00:53.6181023Z [command]/usr/bin/git init /home/runner/work/keycloak/keycloak
Status Check - Keycloak Operator CI	UNKNOWN STEP	2026-01-06T14:00:53.6279482Z hint: Using 'master' as the name for the initial branch. This default branch name
Status Check - Keycloak Operator CI	UNKNOWN STEP	2026-01-06T14:00:53.6281321Z hint: will change to "main" in Git 3.0. To configure the initial branch name
Status Check - Keycloak Operator CI	UNKNOWN STEP	2026-01-06T14:00:53.6283256Z hint: to use in all of your new repositories, which will suppress this warning,
Status Check - Keycloak Operator CI	UNKNOWN STEP	2026-01-06T14:00:53.6284560Z hint: call:
Status Check - Keycloak Operator CI	UNKNOWN STEP	2026-01-06T14:00:53.6285198Z hint:
Status Check - Keycloak Operator CI	UNKNOWN STEP	2026-01-06T14:00:53.6285936Z hint: 	git config --global init.defaultBranch <name>
Status Check - Keycloak Operator CI	UNKNOWN STEP	2026-01-06T14:00:53.6286597Z hint:
Status Check - Keycloak Operator CI	UNKNOWN STEP	2026-01-06T14:00:53.6287156Z hint: Names commonly chosen instead of 'master' are 'main', 'trunk' and
Status Check - Keycloak Operator CI	UNKNOWN STEP	2026-01-06T14:00:53.6288059Z hint: 'development'. The just-created branch can be renamed via this command:
Status Check - Keycloak Operator CI	UNKNOWN STEP	2026-01-06T14:00:53.6288762Z hint:
Status Check - Keycloak Operator CI	UNKNOWN STEP	2026-01-06T14:00:53.6289432Z hint: 	git branch -m <name>
Status Check - Keycloak Operator CI	UNKNOWN STEP	2026-01-06T14:00:53.6290106Z hint:
Status Check - Keycloak Operator CI	UNKNOWN STEP	2026-01-06T14:00:53.6291066Z hint: Disable this message with "git config set advice.defaultBranchName false"
Status Check - Keycloak Operator CI	UNKNOWN STEP	2026-01-06T14:00:53.6292597Z Initialized empty Git repository in /home/runner/work/keycloak/keycloak/.git/
Status Check - Keycloak Operator CI	UNKNOWN STEP	2026-01-06T14:00:53.6295125Z [command]/usr/bin/git remote add origin https://github.com/keycloak/keycloak
Status Check - Keycloak Operator CI	UNKNOWN STEP	2026-01-06T14:00:53.6327686Z ##[endgroup]
Status Check - Keycloak Operator CI	UNKNOWN STEP	2026-01-06T14:00:53.6328409Z ##[group]Disabling automatic garbage collection
Status Check - Keycloak Operator CI	UNKNOWN STEP	2026-01-06T14:00:53.6331250Z [command]/usr/bin/git config --local gc.auto 0
Status Check - Keycloak Operator CI	UNKNOWN STEP	2026-01-06T14:00:53.6358025Z ##[endgroup]
Status Check - Keycloak Operator CI	UNKNOWN STEP	2026-01-06T14:00:53.6359318Z ##[group]Setting up auth
Status Check - Keycloak Operator CI	UNKNOWN STEP	2026-01-06T14:00:53.6364196Z [command]/usr/bin/git config --local --name-only --get-regexp core\.sshCommand
Status Check - Keycloak Operator CI	UNKNOWN STEP	2026-01-06T14:00:53.6394120Z [command]/usr/bin/git submodule foreach --recursive sh -c "git config --local --name-only --get-regexp 'core\.sshCommand' && git config --local --unset-all 'core.sshCommand' || :"
Status Check - Keycloak Operator CI	UNKNOWN STEP	2026-01-06T14:00:53.6710048Z [command]/usr/bin/git config --local --name-only --get-regexp http\.https\:\/\/github\.com\/\.extraheader
Status Check - Keycloak Operator CI	UNKNOWN STEP	2026-01-06T14:00:53.6738752Z [command]/usr/bin/git submodule foreach --recursive sh -c "git config --local --name-only --get-regexp 'http\.https\:\/\/github\.com\/\.extraheader' && git config --local --unset-all 'http.https://github.com/.extraheader' || :"
Status Check - Keycloak Operator CI	UNKNOWN STEP	2026-01-06T14:00:53.6954925Z [command]/usr/bin/git config --local http.https://github.com/.extraheader AUTHORIZATION: basic ***
Status Check - Keycloak Operator CI	UNKNOWN STEP	2026-01-06T14:00:53.6987419Z ##[endgroup]
Status Check - Keycloak Operator CI	UNKNOWN STEP	2026-01-06T14:00:53.6988470Z ##[group]Fetching the repository
Status Check - Keycloak Operator CI	UNKNOWN STEP	2026-01-06T14:00:53.6996818Z [command]/usr/bin/git -c protocol.version=2 fetch --no-tags --prune --no-recurse-submodules --depth=1 origin +3a9764538f88aaa89f25ff9edc6ce7b6cf3c8ae2:refs/remotes/pull/45161/merge
Status Check - Keycloak Operator CI	UNKNOWN STEP	2026-01-06T14:00:57.1147500Z From https://github.com/keycloak/keycloak
Status Check - Keycloak Operator CI	UNKNOWN STEP	2026-01-06T14:00:57.1151382Z  * [new ref]         3a9764538f88aaa89f25ff9edc6ce7b6cf3c8ae2 -> pull/45161/merge
Status Check - Keycloak Operator CI	UNKNOWN STEP	2026-01-06T14:00:57.1181460Z ##[endgroup]
Status Check - Keycloak Operator CI	UNKNOWN STEP	2026-01-06T14:00:57.1182624Z ##[group]Determining the checkout info
Status Check - Keycloak Operator CI	UNKNOWN STEP	2026-01-06T14:00:57.1184373Z ##[endgroup]
Status Check - Keycloak Operator CI	UNKNOWN STEP	2026-01-06T14:00:57.1188746Z [command]/usr/bin/git sparse-checkout disable
Status Check - Keycloak Operator CI	UNKNOWN STEP	2026-01-06T14:00:57.1229301Z [command]/usr/bin/git config --local --unset-all extensions.worktreeConfig
Status Check - Keycloak Operator CI	UNKNOWN STEP	2026-01-06T14:00:57.1255478Z ##[group]Checking out the ref
Status Check - Keycloak Operator CI	UNKNOWN STEP	2026-01-06T14:00:57.1259216Z [command]/usr/bin/git checkout --progress --force refs/remotes/pull/45161/merge
Status Check - Keycloak Operator CI	UNKNOWN STEP	2026-01-06T14:00:57.9827848Z Note: switching to 'refs/remotes/pull/45161/merge'.
Status Check - Keycloak Operator CI	UNKNOWN STEP	2026-01-06T14:00:57.9832067Z 
Status Check - Keycloak Operator CI	UNKNOWN STEP	2026-01-06T14:00:57.9832761Z You are in 'detached HEAD' state. You can look around, make experimental
Status Check - Keycloak Operator CI	UNKNOWN STEP	2026-01-06T14:00:57.9834795Z changes and commit them, and you can discard any commits you make in this
Status Check - Keycloak Operator CI	UNKNOWN STEP	2026-01-06T14:00:57.9835806Z state without impacting any branches by switching back to a branch.
Status Check - Keycloak Operator CI	UNKNOWN STEP	2026-01-06T14:00:57.9836409Z 
Status Check - Keycloak Operator CI	UNKNOWN STEP	2026-01-06T14:00:57.9836839Z If you want to create a new branch to retain commits you create, you may
Status Check - Keycloak Operator CI	UNKNOWN STEP	2026-01-06T14:00:57.9837740Z do so (now or later) by using -c with the switch command. Example:
Status Check - Keycloak Operator CI	UNKNOWN STEP	2026-01-06T14:00:57.9838225Z 
Status Check - Keycloak Operator CI	UNKNOWN STEP	2026-01-06T14:00:57.9838497Z   git switch -c <new-branch-name>
Status Check - Keycloak Operator CI	UNKNOWN STEP	2026-01-06T14:00:57.9839154Z 
Status Check - Keycloak Operator CI	UNKNOWN STEP	2026-01-06T14:00:57.9839371Z Or undo this operation with:
Status Check - Keycloak Operator CI	UNKNOWN STEP	2026-01-06T14:00:57.9839697Z 
Status Check - Keycloak Operator CI	UNKNOWN STEP	2026-01-06T14:00:57.9839915Z   git switch -
Status Check - Keycloak Operator CI	UNKNOWN STEP	2026-01-06T14:00:57.9840172Z 
Status Check - Keycloak Operator CI	UNKNOWN STEP	2026-01-06T14:00:57.9840584Z Turn off this advice by setting config variable advice.detachedHead to false
Status Check - Keycloak Operator CI	UNKNOWN STEP	2026-01-06T14:00:57.9841450Z 
Status Check - Keycloak Operator CI	UNKNOWN STEP	2026-01-06T14:00:57.9842019Z HEAD is now at 3a97645 Merge b9f7e7baafe73bc2dafc9676e981d708ef74082a into ffed84194e405af2f3f07f3b684e0c039d53e9b0
Status Check - Keycloak Operator CI	UNKNOWN STEP	2026-01-06T14:00:57.9875602Z ##[endgroup]
Status Check - Keycloak Operator CI	UNKNOWN STEP	2026-01-06T14:00:57.9917329Z [command]/usr/bin/git log -1 --format=%H
Status Check - Keycloak Operator CI	UNKNOWN STEP	2026-01-06T14:00:57.9942714Z 3a9764538f88aaa89f25ff9edc6ce7b6cf3c8ae2
Status Check - Keycloak Operator CI	UNKNOWN STEP	2026-01-06T14:00:58.0172336Z Prepare all required actions
Status Check - Keycloak Operator CI	UNKNOWN STEP	2026-01-06T14:00:58.0243017Z ##[group]Run ./.github/actions/status-check
Status Check - Keycloak Operator CI	UNKNOWN STEP	2026-01-06T14:00:58.0243375Z with:
Status Check - Keycloak Operator CI	UNKNOWN STEP	2026-01-06T14:00:58.0244255Z   jobs: {
Status Check - Keycloak Operator CI	UNKNOWN STEP	  "conditional": {
Status Check - Keycloak Operator CI	UNKNOWN STEP	    "result": "success",
Status Check - Keycloak Operator CI	UNKNOWN STEP	    "outputs": {
Status Check - Keycloak Operator CI	UNKNOWN STEP	      "operator": "true"
Status Check - Keycloak Operator CI	UNKNOWN STEP	    }
Status Check - Keycloak Operator CI	UNKNOWN STEP	  },
Status Check - Keycloak Operator CI	UNKNOWN STEP	  "build": {
Status Check - Keycloak Operator CI	UNKNOWN STEP	    "result": "success",
Status Check - Keycloak Operator CI	UNKNOWN STEP	    "outputs": {}
Status Check - Keycloak Operator CI	UNKNOWN STEP	  },
Status Check - Keycloak Operator CI	UNKNOWN STEP	  "test-local-apiserver": {
Status Check - Keycloak Operator CI	UNKNOWN STEP	    "result": "failure",
Status Check - Keycloak Operator CI	UNKNOWN STEP	    "outputs": {}
Status Check - Keycloak Operator CI	UNKNOWN STEP	  },
Status Check - Keycloak Operator CI	UNKNOWN STEP	  "test-remote": {
Status Check - Keycloak Operator CI	UNKNOWN STEP	    "result": "failure",
Status Check - Keycloak Operator CI	UNKNOWN STEP	    "outputs": {}
Status Check - Keycloak Operator CI	UNKNOWN STEP	  },
Status Check - Keycloak Operator CI	UNKNOWN STEP	  "test-olm": {
Status Check - Keycloak Operator CI	UNKNOWN STEP	    "result": "success",
Status Check - Keycloak Operator CI	UNKNOWN STEP	    "outputs": {}
Status Check - Keycloak Operator CI	UNKNOWN STEP	  }
Status Check - Keycloak Operator CI	UNKNOWN STEP	}
Status Check - Keycloak Operator CI	UNKNOWN STEP	2026-01-06T14:00:58.0245192Z env:
Status Check - Keycloak Operator CI	UNKNOWN STEP	2026-01-06T14:00:58.0245534Z   MAVEN_ARGS: -B -nsu -Daether.connector.http.connectionMaxTtl=25
Status Check - Keycloak Operator CI	UNKNOWN STEP	2026-01-06T14:00:58.0245939Z   MINIKUBE_VERSION: v1.37.0
Status Check - Keycloak Operator CI	UNKNOWN STEP	2026-01-06T14:00:58.0246253Z   KUBERNETES_VERSION: v1.32.9
Status Check - Keycloak Operator CI	UNKNOWN STEP	2026-01-06T14:00:58.0246532Z   MINIKUBE_MEMORY: 4096
Status Check - Keycloak Operator CI	UNKNOWN STEP	2026-01-06T14:00:58.0246779Z ##[endgroup]
Status Check - Keycloak Operator CI	UNKNOWN STEP	2026-01-06T14:00:58.0347784Z ##[group]Run JOBS='{
Status Check - Keycloak Operator CI	UNKNOWN STEP	2026-01-06T14:00:58.0348138Z [36;1mJOBS='{[0m
Status Check - Keycloak Operator CI	UNKNOWN STEP	2026-01-06T14:00:58.0348447Z [36;1m  "conditional": {[0m
Status Check - Keycloak Operator CI	UNKNOWN STEP	2026-01-06T14:00:58.0348726Z [36;1m    "result": "success",[0m
Status Check - Keycloak Operator CI	UNKNOWN STEP	2026-01-06T14:00:58.0349248Z [36;1m    "outputs": {[0m
Status Check - Keycloak Operator CI	UNKNOWN STEP	2026-01-06T14:00:58.0349507Z [36;1m      "operator": "true"[0m
Status Check - Keycloak Operator CI	UNKNOWN STEP	2026-01-06T14:00:58.0349778Z [36;1m    }[0m
Status Check - Keycloak Operator CI	UNKNOWN STEP	2026-01-06T14:00:58.0350005Z [36;1m  },[0m
Status Check - Keycloak Operator CI	UNKNOWN STEP	2026-01-06T14:00:58.0350224Z [36;1m  "build": {[0m
Status Check - Keycloak Operator CI	UNKNOWN STEP	2026-01-06T14:00:58.0350487Z [36;1m    "result": "success",[0m
Status Check - Keycloak Operator CI	UNKNOWN STEP	2026-01-06T14:00:58.0350766Z [36;1m    "outputs": {}[0m
Status Check - Keycloak Operator CI	UNKNOWN STEP	2026-01-06T14:00:58.0351010Z [36;1m  },[0m
Status Check - Keycloak Operator CI	UNKNOWN STEP	2026-01-06T14:00:58.0351255Z [36;1m  "test-local-apiserver": {[0m
Status Check - Keycloak Operator CI	UNKNOWN STEP	2026-01-06T14:00:58.0351566Z [36;1m    "result": "failure",[0m
Status Check - Keycloak Operator CI	UNKNOWN STEP	2026-01-06T14:00:58.0351844Z [36;1m    "outputs": {}[0m
Status Check - Keycloak Operator CI	UNKNOWN STEP	2026-01-06T14:00:58.0352092Z [36;1m  },[0m
Status Check - Keycloak Operator CI	UNKNOWN STEP	2026-01-06T14:00:58.0352323Z [36;1m  "test-remote": {[0m
Status Check - Keycloak Operator CI	UNKNOWN STEP	2026-01-06T14:00:58.0352586Z [36;1m    "result": "failure",[0m
Status Check - Keycloak Operator CI	UNKNOWN STEP	2026-01-06T14:00:58.0352860Z [36;1m    "outputs": {}[0m
Status Check - Keycloak Operator CI	UNKNOWN STEP	2026-01-06T14:00:58.0353097Z [36;1m  },[0m
Status Check - Keycloak Operator CI	UNKNOWN STEP	2026-01-06T14:00:58.0353330Z [36;1m  "test-olm": {[0m
Status Check - Keycloak Operator CI	UNKNOWN STEP	2026-01-06T14:00:58.0353587Z [36;1m    "result": "success",[0m
Status Check - Keycloak Operator CI	UNKNOWN STEP	2026-01-06T14:00:58.0353848Z [36;1m    "outputs": {}[0m
Status Check - Keycloak Operator CI	UNKNOWN STEP	2026-01-06T14:00:58.0354105Z [36;1m  }[0m
Status Check - Keycloak Operator CI	UNKNOWN STEP	2026-01-06T14:00:58.0354317Z [36;1m}'[0m
Status Check - Keycloak Operator CI	UNKNOWN STEP	2026-01-06T14:00:58.0354549Z [36;1m[0m
Status Check - Keycloak Operator CI	UNKNOWN STEP	2026-01-06T14:00:58.0354773Z [36;1mecho "Job status:"[0m
Status Check - Keycloak Operator CI	UNKNOWN STEP	2026-01-06T14:00:58.0355165Z [36;1mecho $JOBS | jq -r 'to_entries[] | " - \(.key): \(.value.result)"'[0m
Status Check - Keycloak Operator CI	UNKNOWN STEP	2026-01-06T14:00:58.0355527Z [36;1m[0m
Status Check - Keycloak Operator CI	UNKNOWN STEP	2026-01-06T14:00:58.0355833Z [36;1mfor i in $(echo $JOBS | jq -r 'to_entries[] | .value.result'); do[0m
Status Check - Keycloak Operator CI	UNKNOWN STEP	2026-01-06T14:00:58.0356268Z [36;1m  if [ "$i" != "success" ] && [ "$i" != "skipped" ]; then[0m
Status Check - Keycloak Operator CI	UNKNOWN STEP	2026-01-06T14:00:58.0356592Z [36;1m    echo ""[0m
Status Check - Keycloak Operator CI	UNKNOWN STEP	2026-01-06T14:00:58.0356859Z [36;1m    echo "Status check not okay!"[0m
Status Check - Keycloak Operator CI	UNKNOWN STEP	2026-01-06T14:00:58.0357148Z [36;1m    exit 1[0m
Status Check - Keycloak Operator CI	UNKNOWN STEP	2026-01-06T14:00:58.0357378Z [36;1m  fi[0m
Status Check - Keycloak Operator CI	UNKNOWN STEP	2026-01-06T14:00:58.0357590Z [36;1mdone[0m
Status Check - Keycloak Operator CI	UNKNOWN STEP	2026-01-06T14:00:58.0394179Z shell: /usr/bin/bash --noprofile --norc -e -o pipefail {0}
Status Check - Keycloak Operator CI	UNKNOWN STEP	2026-01-06T14:00:58.0394579Z env:
Status Check - Keycloak Operator CI	UNKNOWN STEP	2026-01-06T14:00:58.0394894Z   MAVEN_ARGS: -B -nsu -Daether.connector.http.connectionMaxTtl=25
Status Check - Keycloak Operator CI	UNKNOWN STEP	2026-01-06T14:00:58.0395281Z   MINIKUBE_VERSION: v1.37.0
Status Check - Keycloak Operator CI	UNKNOWN STEP	2026-01-06T14:00:58.0395550Z   KUBERNETES_VERSION: v1.32.9
Status Check - Keycloak Operator CI	UNKNOWN STEP	2026-01-06T14:00:58.0395846Z   MINIKUBE_MEMORY: 4096
Status Check - Keycloak Operator CI	UNKNOWN STEP	2026-01-06T14:00:58.0396094Z ##[endgroup]
Status Check - Keycloak Operator CI	UNKNOWN STEP	2026-01-06T14:00:58.0469080Z Job status:
Status Check - Keycloak Operator CI	UNKNOWN STEP	2026-01-06T14:00:58.0496567Z  - conditional: success
Status Check - Keycloak Operator CI	UNKNOWN STEP	2026-01-06T14:00:58.0497012Z  - build: success
Status Check - Keycloak Operator CI	UNKNOWN STEP	2026-01-06T14:00:58.0497416Z  - test-local-apiserver: failure
Status Check - Keycloak Operator CI	UNKNOWN STEP	2026-01-06T14:00:58.0498020Z  - test-remote: failure
Status Check - Keycloak Operator CI	UNKNOWN STEP	2026-01-06T14:00:58.0498457Z  - test-olm: success
Status Check - Keycloak Operator CI	UNKNOWN STEP	2026-01-06T14:00:58.0530812Z 
Status Check - Keycloak Operator CI	UNKNOWN STEP	2026-01-06T14:00:58.0533638Z Status check not okay!
Status Check - Keycloak Operator CI	UNKNOWN STEP	2026-01-06T14:00:58.0544232Z ##[error]Process completed with exit code 1.
Status Check - Keycloak Operator CI	UNKNOWN STEP	2026-01-06T14:00:58.0664390Z Post job cleanup.
Status Check - Keycloak Operator CI	UNKNOWN STEP	2026-01-06T14:00:58.1447299Z [command]/usr/bin/git version
Status Check - Keycloak Operator CI	UNKNOWN STEP	2026-01-06T14:00:58.1482603Z git version 2.52.0
Status Check - Keycloak Operator CI	UNKNOWN STEP	2026-01-06T14:00:58.1519741Z Temporarily overriding HOME='/home/runner/work/_temp/a289570a-883e-455b-9fb2-a048c9170139' before making global git config changes
Status Check - Keycloak Operator CI	UNKNOWN STEP	2026-01-06T14:00:58.1520834Z Adding repository directory to the temporary git global config as a safe directory
Status Check - Keycloak Operator CI	UNKNOWN STEP	2026-01-06T14:00:58.1525051Z [command]/usr/bin/git config --global --add safe.directory /home/runner/work/keycloak/keycloak
Status Check - Keycloak Operator CI	UNKNOWN STEP	2026-01-06T14:00:58.1560260Z [command]/usr/bin/git config --local --name-only --get-regexp core\.sshCommand
Status Check - Keycloak Operator CI	UNKNOWN STEP	2026-01-06T14:00:58.1591940Z [command]/usr/bin/git submodule foreach --recursive sh -c "git config --local --name-only --get-regexp 'core\.sshCommand' && git config --local --unset-all 'core.sshCommand' || :"
Status Check - Keycloak Operator CI	UNKNOWN STEP	2026-01-06T14:00:58.1867455Z [command]/usr/bin/git config --local --name-only --get-regexp http\.https\:\/\/github\.com\/\.extraheader
Status Check - Keycloak Operator CI	UNKNOWN STEP	2026-01-06T14:00:58.1890295Z http.https://github.com/.extraheader
Status Check - Keycloak Operator CI	UNKNOWN STEP	2026-01-06T14:00:58.1899930Z [command]/usr/bin/git config --local --unset-all http.https://github.com/.extraheader
Status Check - Keycloak Operator CI	UNKNOWN STEP	2026-01-06T14:00:58.1930537Z [command]/usr/bin/git submodule foreach --recursive sh -c "git config --local --name-only --get-regexp 'http\.https\:\/\/github\.com\/\.extraheader' && git config --local --unset-all 'http.https://github.com/.extraheader' || :"
Status Check - Keycloak Operator CI	UNKNOWN STEP	2026-01-06T14:00:58.2284294Z Cleaning up orphan processes
