Test OLM installation	UNKNOWN STEP	Ôªø2025-06-04T09:08:13.3832755Z Current runner version: '2.324.0'
Test OLM installation	UNKNOWN STEP	2025-06-04T09:08:13.3855366Z ##[group]Runner Image Provisioner
Test OLM installation	UNKNOWN STEP	2025-06-04T09:08:13.3856157Z Hosted Compute Agent
Test OLM installation	UNKNOWN STEP	2025-06-04T09:08:13.3856801Z Version: 20250508.323
Test OLM installation	UNKNOWN STEP	2025-06-04T09:08:13.3857389Z Commit: 81b259f29879f73b4213d199e42d8c3465dae986
Test OLM installation	UNKNOWN STEP	2025-06-04T09:08:13.3858033Z Build Date: 2025-05-08T19:40:08Z
Test OLM installation	UNKNOWN STEP	2025-06-04T09:08:13.3859019Z ##[endgroup]
Test OLM installation	UNKNOWN STEP	2025-06-04T09:08:13.3859558Z ##[group]Operating System
Test OLM installation	UNKNOWN STEP	2025-06-04T09:08:13.3860128Z Ubuntu
Test OLM installation	UNKNOWN STEP	2025-06-04T09:08:13.3860650Z 24.04.2
Test OLM installation	UNKNOWN STEP	2025-06-04T09:08:13.3861133Z LTS
Test OLM installation	UNKNOWN STEP	2025-06-04T09:08:13.3861551Z ##[endgroup]
Test OLM installation	UNKNOWN STEP	2025-06-04T09:08:13.3862071Z ##[group]Runner Image
Test OLM installation	UNKNOWN STEP	2025-06-04T09:08:13.3862643Z Image: ubuntu-24.04
Test OLM installation	UNKNOWN STEP	2025-06-04T09:08:13.3863104Z Version: 20250511.1.0
Test OLM installation	UNKNOWN STEP	2025-06-04T09:08:13.3864120Z Included Software: https://github.com/actions/runner-images/blob/ubuntu24/20250511.1/images/ubuntu/Ubuntu2404-Readme.md
Test OLM installation	UNKNOWN STEP	2025-06-04T09:08:13.3865617Z Image Release: https://github.com/actions/runner-images/releases/tag/ubuntu24%2F20250511.1
Test OLM installation	UNKNOWN STEP	2025-06-04T09:08:13.3866593Z ##[endgroup]
Test OLM installation	UNKNOWN STEP	2025-06-04T09:08:13.3867597Z ##[group]GITHUB_TOKEN Permissions
Test OLM installation	UNKNOWN STEP	2025-06-04T09:08:13.3869819Z Contents: read
Test OLM installation	UNKNOWN STEP	2025-06-04T09:08:13.3870479Z Metadata: read
Test OLM installation	UNKNOWN STEP	2025-06-04T09:08:13.3870943Z ##[endgroup]
Test OLM installation	UNKNOWN STEP	2025-06-04T09:08:13.3872862Z Secret source: None
Test OLM installation	UNKNOWN STEP	2025-06-04T09:08:13.3873652Z Prepare workflow directory
Test OLM installation	UNKNOWN STEP	2025-06-04T09:08:13.4285099Z Prepare all required actions
Test OLM installation	UNKNOWN STEP	2025-06-04T09:08:13.4322411Z Getting action download info
Test OLM installation	UNKNOWN STEP	2025-06-04T09:08:13.8082595Z ##[group]Download immutable action package 'actions/checkout@v4'
Test OLM installation	UNKNOWN STEP	2025-06-04T09:08:13.8083814Z Version: 4.2.2
Test OLM installation	UNKNOWN STEP	2025-06-04T09:08:13.8084829Z Digest: sha256:ccb2698953eaebd21c7bf6268a94f9c26518a7e38e27e0b83c1fe1ad049819b1
Test OLM installation	UNKNOWN STEP	2025-06-04T09:08:13.8086000Z Source commit SHA: 11bd71901bbe5b1630ceea73d27597364c9af683
Test OLM installation	UNKNOWN STEP	2025-06-04T09:08:13.8086825Z ##[endgroup]
Test OLM installation	UNKNOWN STEP	2025-06-04T09:08:13.8781041Z Download action repository 'manusa/actions-setup-minikube@v2.13.1' (SHA:5d9440a1b535e8b4f541eaac559681a9022df29d)
Test OLM installation	UNKNOWN STEP	2025-06-04T09:08:14.4251332Z Download action repository 'redhat-actions/openshift-tools-installer@v1' (SHA:144527c7d98999f2652264c048c7a9bd103f8a82)
Test OLM installation	UNKNOWN STEP	2025-06-04T09:08:14.8761474Z ##[group]Download immutable action package 'actions/download-artifact@v4'
Test OLM installation	UNKNOWN STEP	2025-06-04T09:08:14.8762780Z Version: 4.3.0
Test OLM installation	UNKNOWN STEP	2025-06-04T09:08:14.8763908Z Digest: sha256:552a5b9ad918f62ec0c2e8f42f3c694d4ebd1b4036b18c39b14168fcdfc0e4f2
Test OLM installation	UNKNOWN STEP	2025-06-04T09:08:14.8765452Z Source commit SHA: d3f86a106a0bac45b974a628896c90dbdf5c8093
Test OLM installation	UNKNOWN STEP	2025-06-04T09:08:14.8766532Z ##[endgroup]
Test OLM installation	UNKNOWN STEP	2025-06-04T09:08:15.1853258Z Complete job name: Test OLM installation
Test OLM installation	UNKNOWN STEP	2025-06-04T09:08:15.2678976Z ##[group]Run actions/checkout@v4
Test OLM installation	UNKNOWN STEP	2025-06-04T09:08:15.2680404Z with:
Test OLM installation	UNKNOWN STEP	2025-06-04T09:08:15.2681241Z   repository: keycloak/keycloak
Test OLM installation	UNKNOWN STEP	2025-06-04T09:08:15.2682461Z   token: ***
Test OLM installation	UNKNOWN STEP	2025-06-04T09:08:15.2683384Z   ssh-strict: true
Test OLM installation	UNKNOWN STEP	2025-06-04T09:08:15.2684196Z   ssh-user: git
Test OLM installation	UNKNOWN STEP	2025-06-04T09:08:15.2685078Z   persist-credentials: true
Test OLM installation	UNKNOWN STEP	2025-06-04T09:08:15.2686066Z   clean: true
Test OLM installation	UNKNOWN STEP	2025-06-04T09:08:15.2686949Z   sparse-checkout-cone-mode: true
Test OLM installation	UNKNOWN STEP	2025-06-04T09:08:15.2687966Z   fetch-depth: 1
Test OLM installation	UNKNOWN STEP	2025-06-04T09:08:15.2689035Z   fetch-tags: false
Test OLM installation	UNKNOWN STEP	2025-06-04T09:08:15.2689899Z   show-progress: true
Test OLM installation	UNKNOWN STEP	2025-06-04T09:08:15.2690768Z   lfs: false
Test OLM installation	UNKNOWN STEP	2025-06-04T09:08:15.2691620Z   submodules: false
Test OLM installation	UNKNOWN STEP	2025-06-04T09:08:15.2692463Z   set-safe-directory: true
Test OLM installation	UNKNOWN STEP	2025-06-04T09:08:15.2693679Z env:
Test OLM installation	UNKNOWN STEP	2025-06-04T09:08:15.2694824Z   MAVEN_ARGS: -B -nsu -Daether.connector.http.connectionMaxTtl=25
Test OLM installation	UNKNOWN STEP	2025-06-04T09:08:15.2696277Z   MINIKUBE_VERSION: v1.32.0
Test OLM installation	UNKNOWN STEP	2025-06-04T09:08:15.2697297Z   KUBERNETES_VERSION: v1.27.10
Test OLM installation	UNKNOWN STEP	2025-06-04T09:08:15.2698636Z   MINIKUBE_MEMORY: 4096
Test OLM installation	UNKNOWN STEP	2025-06-04T09:08:15.2699555Z ##[endgroup]
Test OLM installation	UNKNOWN STEP	2025-06-04T09:08:15.3847659Z Syncing repository: keycloak/keycloak
Test OLM installation	UNKNOWN STEP	2025-06-04T09:08:15.3852076Z ##[group]Getting Git version info
Test OLM installation	UNKNOWN STEP	2025-06-04T09:08:15.3854415Z Working directory is '/home/runner/work/keycloak/keycloak'
Test OLM installation	UNKNOWN STEP	2025-06-04T09:08:15.3857682Z [command]/usr/bin/git version
Test OLM installation	UNKNOWN STEP	2025-06-04T09:08:15.3913760Z git version 2.49.0
Test OLM installation	UNKNOWN STEP	2025-06-04T09:08:15.3939729Z ##[endgroup]
Test OLM installation	UNKNOWN STEP	2025-06-04T09:08:15.3953550Z Temporarily overriding HOME='/home/runner/work/_temp/bbf32110-4301-4ed9-90a8-eb00b25097bc' before making global git config changes
Test OLM installation	UNKNOWN STEP	2025-06-04T09:08:15.3956650Z Adding repository directory to the temporary git global config as a safe directory
Test OLM installation	UNKNOWN STEP	2025-06-04T09:08:15.3959468Z [command]/usr/bin/git config --global --add safe.directory /home/runner/work/keycloak/keycloak
Test OLM installation	UNKNOWN STEP	2025-06-04T09:08:15.3995955Z Deleting the contents of '/home/runner/work/keycloak/keycloak'
Test OLM installation	UNKNOWN STEP	2025-06-04T09:08:15.3999997Z ##[group]Initializing the repository
Test OLM installation	UNKNOWN STEP	2025-06-04T09:08:15.4004360Z [command]/usr/bin/git init /home/runner/work/keycloak/keycloak
Test OLM installation	UNKNOWN STEP	2025-06-04T09:08:15.4088593Z hint: Using 'master' as the name for the initial branch. This default branch name
Test OLM installation	UNKNOWN STEP	2025-06-04T09:08:15.4090702Z hint: is subject to change. To configure the initial branch name to use in all
Test OLM installation	UNKNOWN STEP	2025-06-04T09:08:15.4092613Z hint: of your new repositories, which will suppress this warning, call:
Test OLM installation	UNKNOWN STEP	2025-06-04T09:08:15.4094746Z hint:
Test OLM installation	UNKNOWN STEP	2025-06-04T09:08:15.4096283Z hint: 	git config --global init.defaultBranch <name>
Test OLM installation	UNKNOWN STEP	2025-06-04T09:08:15.4098496Z hint:
Test OLM installation	UNKNOWN STEP	2025-06-04T09:08:15.4100504Z hint: Names commonly chosen instead of 'master' are 'main', 'trunk' and
Test OLM installation	UNKNOWN STEP	2025-06-04T09:08:15.4103781Z hint: 'development'. The just-created branch can be renamed via this command:
Test OLM installation	UNKNOWN STEP	2025-06-04T09:08:15.4106658Z hint:
Test OLM installation	UNKNOWN STEP	2025-06-04T09:08:15.4108032Z hint: 	git branch -m <name>
Test OLM installation	UNKNOWN STEP	2025-06-04T09:08:15.4110632Z Initialized empty Git repository in /home/runner/work/keycloak/keycloak/.git/
Test OLM installation	UNKNOWN STEP	2025-06-04T09:08:15.4116079Z [command]/usr/bin/git remote add origin https://github.com/keycloak/keycloak
Test OLM installation	UNKNOWN STEP	2025-06-04T09:08:15.4144411Z ##[endgroup]
Test OLM installation	UNKNOWN STEP	2025-06-04T09:08:15.4146849Z ##[group]Disabling automatic garbage collection
Test OLM installation	UNKNOWN STEP	2025-06-04T09:08:15.4149728Z [command]/usr/bin/git config --local gc.auto 0
Test OLM installation	UNKNOWN STEP	2025-06-04T09:08:15.4179931Z ##[endgroup]
Test OLM installation	UNKNOWN STEP	2025-06-04T09:08:15.4182605Z ##[group]Setting up auth
Test OLM installation	UNKNOWN STEP	2025-06-04T09:08:15.4186067Z [command]/usr/bin/git config --local --name-only --get-regexp core\.sshCommand
Test OLM installation	UNKNOWN STEP	2025-06-04T09:08:15.4220348Z [command]/usr/bin/git submodule foreach --recursive sh -c "git config --local --name-only --get-regexp 'core\.sshCommand' && git config --local --unset-all 'core.sshCommand' || :"
Test OLM installation	UNKNOWN STEP	2025-06-04T09:08:15.4539420Z [command]/usr/bin/git config --local --name-only --get-regexp http\.https\:\/\/github\.com\/\.extraheader
Test OLM installation	UNKNOWN STEP	2025-06-04T09:08:15.4575220Z [command]/usr/bin/git submodule foreach --recursive sh -c "git config --local --name-only --get-regexp 'http\.https\:\/\/github\.com\/\.extraheader' && git config --local --unset-all 'http.https://github.com/.extraheader' || :"
Test OLM installation	UNKNOWN STEP	2025-06-04T09:08:15.4817703Z [command]/usr/bin/git config --local http.https://github.com/.extraheader AUTHORIZATION: basic ***
Test OLM installation	UNKNOWN STEP	2025-06-04T09:08:15.4863034Z ##[endgroup]
Test OLM installation	UNKNOWN STEP	2025-06-04T09:08:15.4865836Z ##[group]Fetching the repository
Test OLM installation	UNKNOWN STEP	2025-06-04T09:08:15.4875491Z [command]/usr/bin/git -c protocol.version=2 fetch --no-tags --prune --no-recurse-submodules --depth=1 origin +86aa95c27e213f62d7982beb774b6d3176b47724:refs/remotes/pull/40197/merge
Test OLM installation	UNKNOWN STEP	2025-06-04T09:08:18.5821703Z From https://github.com/keycloak/keycloak
Test OLM installation	UNKNOWN STEP	2025-06-04T09:08:18.5823792Z  * [new ref]         86aa95c27e213f62d7982beb774b6d3176b47724 -> pull/40197/merge
Test OLM installation	UNKNOWN STEP	2025-06-04T09:08:18.5883506Z ##[endgroup]
Test OLM installation	UNKNOWN STEP	2025-06-04T09:08:18.5884310Z ##[group]Determining the checkout info
Test OLM installation	UNKNOWN STEP	2025-06-04T09:08:18.5885535Z ##[endgroup]
Test OLM installation	UNKNOWN STEP	2025-06-04T09:08:18.5890857Z [command]/usr/bin/git sparse-checkout disable
Test OLM installation	UNKNOWN STEP	2025-06-04T09:08:18.5936934Z [command]/usr/bin/git config --local --unset-all extensions.worktreeConfig
Test OLM installation	UNKNOWN STEP	2025-06-04T09:08:18.5964520Z ##[group]Checking out the ref
Test OLM installation	UNKNOWN STEP	2025-06-04T09:08:18.5968905Z [command]/usr/bin/git checkout --progress --force refs/remotes/pull/40197/merge
Test OLM installation	UNKNOWN STEP	2025-06-04T09:08:19.3884176Z Note: switching to 'refs/remotes/pull/40197/merge'.
Test OLM installation	UNKNOWN STEP	2025-06-04T09:08:19.3884756Z 
Test OLM installation	UNKNOWN STEP	2025-06-04T09:08:19.3885167Z You are in 'detached HEAD' state. You can look around, make experimental
Test OLM installation	UNKNOWN STEP	2025-06-04T09:08:19.3886132Z changes and commit them, and you can discard any commits you make in this
Test OLM installation	UNKNOWN STEP	2025-06-04T09:08:19.3887148Z state without impacting any branches by switching back to a branch.
Test OLM installation	UNKNOWN STEP	2025-06-04T09:08:19.3888550Z 
Test OLM installation	UNKNOWN STEP	2025-06-04T09:08:19.3888975Z If you want to create a new branch to retain commits you create, you may
Test OLM installation	UNKNOWN STEP	2025-06-04T09:08:19.3889868Z do so (now or later) by using -c with the switch command. Example:
Test OLM installation	UNKNOWN STEP	2025-06-04T09:08:19.3890354Z 
Test OLM installation	UNKNOWN STEP	2025-06-04T09:08:19.3890556Z   git switch -c <new-branch-name>
Test OLM installation	UNKNOWN STEP	2025-06-04T09:08:19.3890910Z 
Test OLM installation	UNKNOWN STEP	2025-06-04T09:08:19.3891069Z Or undo this operation with:
Test OLM installation	UNKNOWN STEP	2025-06-04T09:08:19.3891277Z 
Test OLM installation	UNKNOWN STEP	2025-06-04T09:08:19.3891390Z   git switch -
Test OLM installation	UNKNOWN STEP	2025-06-04T09:08:19.3891572Z 
Test OLM installation	UNKNOWN STEP	2025-06-04T09:08:19.3891862Z Turn off this advice by setting config variable advice.detachedHead to false
Test OLM installation	UNKNOWN STEP	2025-06-04T09:08:19.3892263Z 
Test OLM installation	UNKNOWN STEP	2025-06-04T09:08:19.3892694Z HEAD is now at 86aa95c Merge 65168bcfdee21ea3d8bff5658b0fe87a40f42b1c into 8a3bff7c7eed089151574649fb5df98077187c1f
Test OLM installation	UNKNOWN STEP	2025-06-04T09:08:19.3918429Z ##[endgroup]
Test OLM installation	UNKNOWN STEP	2025-06-04T09:08:19.3956405Z [command]/usr/bin/git log -1 --format=%H
Test OLM installation	UNKNOWN STEP	2025-06-04T09:08:19.3978913Z 86aa95c27e213f62d7982beb774b6d3176b47724
Test OLM installation	UNKNOWN STEP	2025-06-04T09:08:19.4210193Z Prepare all required actions
Test OLM installation	UNKNOWN STEP	2025-06-04T09:08:19.4210687Z Getting action download info
Test OLM installation	UNKNOWN STEP	2025-06-04T09:08:19.5774269Z ##[group]Download immutable action package 'actions/setup-java@v4'
Test OLM installation	UNKNOWN STEP	2025-06-04T09:08:19.5774773Z Version: 4.7.1
Test OLM installation	UNKNOWN STEP	2025-06-04T09:08:19.5775215Z Digest: sha256:23223d64943473efb4336f60463c0429cd4f422cd5fc6c48a5cf0d5907c1aeac
Test OLM installation	UNKNOWN STEP	2025-06-04T09:08:19.5775831Z Source commit SHA: c5195efecf7bdfc987ee8bae7a71cb8b11521c00
Test OLM installation	UNKNOWN STEP	2025-06-04T09:08:19.5776262Z ##[endgroup]
Test OLM installation	UNKNOWN STEP	2025-06-04T09:08:19.9094153Z ##[group]Run ./.github/actions/java-setup
Test OLM installation	UNKNOWN STEP	2025-06-04T09:08:19.9094471Z with:
Test OLM installation	UNKNOWN STEP	2025-06-04T09:08:19.9094679Z   distribution: temurin
Test OLM installation	UNKNOWN STEP	2025-06-04T09:08:19.9094915Z   java-version: 21
Test OLM installation	UNKNOWN STEP	2025-06-04T09:08:19.9095122Z env:
Test OLM installation	UNKNOWN STEP	2025-06-04T09:08:19.9095421Z   MAVEN_ARGS: -B -nsu -Daether.connector.http.connectionMaxTtl=25
Test OLM installation	UNKNOWN STEP	2025-06-04T09:08:19.9095787Z   MINIKUBE_VERSION: v1.32.0
Test OLM installation	UNKNOWN STEP	2025-06-04T09:08:19.9096054Z   KUBERNETES_VERSION: v1.27.10
Test OLM installation	UNKNOWN STEP	2025-06-04T09:08:19.9096319Z   MINIKUBE_MEMORY: 4096
Test OLM installation	UNKNOWN STEP	2025-06-04T09:08:19.9096589Z ##[endgroup]
Test OLM installation	UNKNOWN STEP	2025-06-04T09:08:19.9240394Z ##[group]Run actions/setup-java@v4
Test OLM installation	UNKNOWN STEP	2025-06-04T09:08:19.9240816Z with:
Test OLM installation	UNKNOWN STEP	2025-06-04T09:08:19.9241033Z   distribution: temurin
Test OLM installation	UNKNOWN STEP	2025-06-04T09:08:19.9241304Z   java-version: 21
Test OLM installation	UNKNOWN STEP	2025-06-04T09:08:19.9241748Z   java-package: jdk
Test OLM installation	UNKNOWN STEP	2025-06-04T09:08:19.9242044Z   check-latest: false
Test OLM installation	UNKNOWN STEP	2025-06-04T09:08:19.9242351Z   server-id: github
Test OLM installation	UNKNOWN STEP	2025-06-04T09:08:19.9242709Z   server-username: GITHUB_ACTOR
Test OLM installation	UNKNOWN STEP	2025-06-04T09:08:19.9243111Z   server-password: GITHUB_TOKEN
Test OLM installation	UNKNOWN STEP	2025-06-04T09:08:19.9243458Z   overwrite-settings: true
Test OLM installation	UNKNOWN STEP	2025-06-04T09:08:19.9243832Z   job-status: success
Test OLM installation	UNKNOWN STEP	2025-06-04T09:08:19.9244335Z   token: ***
Test OLM installation	UNKNOWN STEP	2025-06-04T09:08:19.9244612Z env:
Test OLM installation	UNKNOWN STEP	2025-06-04T09:08:19.9245066Z   MAVEN_ARGS: -B -nsu -Daether.connector.http.connectionMaxTtl=25
Test OLM installation	UNKNOWN STEP	2025-06-04T09:08:19.9245537Z   MINIKUBE_VERSION: v1.32.0
Test OLM installation	UNKNOWN STEP	2025-06-04T09:08:19.9245889Z   KUBERNETES_VERSION: v1.27.10
Test OLM installation	UNKNOWN STEP	2025-06-04T09:08:19.9246292Z   MINIKUBE_MEMORY: 4096
Test OLM installation	UNKNOWN STEP	2025-06-04T09:08:19.9246579Z ##[endgroup]
Test OLM installation	UNKNOWN STEP	2025-06-04T09:08:20.1349939Z ##[group]Installed distributions
Test OLM installation	UNKNOWN STEP	2025-06-04T09:08:20.1788708Z Resolved Java 21.0.7+6 from tool-cache
Test OLM installation	UNKNOWN STEP	2025-06-04T09:08:20.1789244Z Setting Java 21.0.7+6 as the default
Test OLM installation	UNKNOWN STEP	2025-06-04T09:08:20.1803039Z Creating toolchains.xml for JDK version 21 from temurin
Test OLM installation	UNKNOWN STEP	2025-06-04T09:08:20.1881392Z Writing to /home/runner/.m2/toolchains.xml
Test OLM installation	UNKNOWN STEP	2025-06-04T09:08:20.1881825Z 
Test OLM installation	UNKNOWN STEP	2025-06-04T09:08:20.1881971Z Java configuration:
Test OLM installation	UNKNOWN STEP	2025-06-04T09:08:20.1882326Z   Distribution: temurin
Test OLM installation	UNKNOWN STEP	2025-06-04T09:08:20.1882677Z   Version: 21.0.7+6
Test OLM installation	UNKNOWN STEP	2025-06-04T09:08:20.1883422Z   Path: /opt/hostedtoolcache/Java_Temurin-Hotspot_jdk/21.0.7-6/x64
Test OLM installation	UNKNOWN STEP	2025-06-04T09:08:20.1885334Z 
Test OLM installation	UNKNOWN STEP	2025-06-04T09:08:20.1885821Z ##[endgroup]
Test OLM installation	UNKNOWN STEP	2025-06-04T09:08:20.1900763Z Creating settings.xml with server-id: github
Test OLM installation	UNKNOWN STEP	2025-06-04T09:08:20.1906159Z Writing to /home/runner/.m2/settings.xml
Test OLM installation	UNKNOWN STEP	2025-06-04T09:08:20.2065952Z ##[group]Run manusa/actions-setup-minikube@v2.13.1
Test OLM installation	UNKNOWN STEP	2025-06-04T09:08:20.2066257Z with:
Test OLM installation	UNKNOWN STEP	2025-06-04T09:08:20.2066446Z   minikube version: v1.32.0
Test OLM installation	UNKNOWN STEP	2025-06-04T09:08:20.2066671Z   kubernetes version: v1.27.10
Test OLM installation	UNKNOWN STEP	2025-06-04T09:08:20.2067305Z   github token: ***
Test OLM installation	UNKNOWN STEP	2025-06-04T09:08:20.2067495Z   driver: docker
Test OLM installation	UNKNOWN STEP	2025-06-04T09:08:20.2067690Z   start args: --memory=4096
Test OLM installation	UNKNOWN STEP	2025-06-04T09:08:20.2067891Z env:
Test OLM installation	UNKNOWN STEP	2025-06-04T09:08:20.2068419Z   MAVEN_ARGS: -B -nsu -Daether.connector.http.connectionMaxTtl=25
Test OLM installation	UNKNOWN STEP	2025-06-04T09:08:20.2068770Z   MINIKUBE_VERSION: v1.32.0
Test OLM installation	UNKNOWN STEP	2025-06-04T09:08:20.2068992Z   KUBERNETES_VERSION: v1.27.10
Test OLM installation	UNKNOWN STEP	2025-06-04T09:08:20.2069212Z   MINIKUBE_MEMORY: 4096
Test OLM installation	UNKNOWN STEP	2025-06-04T09:08:20.2069504Z   JAVA_HOME: /opt/hostedtoolcache/Java_Temurin-Hotspot_jdk/21.0.7-6/x64
Test OLM installation	UNKNOWN STEP	2025-06-04T09:08:20.2069938Z   JAVA_HOME_21_X64: /opt/hostedtoolcache/Java_Temurin-Hotspot_jdk/21.0.7-6/x64
Test OLM installation	UNKNOWN STEP	2025-06-04T09:08:20.2070263Z ##[endgroup]
Test OLM installation	UNKNOWN STEP	2025-06-04T09:08:20.3268786Z Loading input variables
Test OLM installation	UNKNOWN STEP	2025-06-04T09:08:20.3271586Z Updating Environment configuration to support Minikube
Test OLM installation	UNKNOWN STEP	2025-06-04T09:08:20.3400330Z 
Test OLM installation	UNKNOWN STEP	2025-06-04T09:08:20.3400822Z WARNING: apt does not have a stable CLI interface. Use with caution in scripts.
Test OLM installation	UNKNOWN STEP	2025-06-04T09:08:20.3401171Z 
Test OLM installation	UNKNOWN STEP	2025-06-04T09:08:20.3982430Z Get:1 file:/etc/apt/apt-mirrors.txt Mirrorlist [144 B]
Test OLM installation	UNKNOWN STEP	2025-06-04T09:08:20.4426363Z Hit:2 http://azure.archive.ubuntu.com/ubuntu noble InRelease
Test OLM installation	UNKNOWN STEP	2025-06-04T09:08:20.4429793Z Get:6 https://packages.microsoft.com/repos/azure-cli noble InRelease [3564 B]
Test OLM installation	UNKNOWN STEP	2025-06-04T09:08:20.4455008Z Get:3 http://azure.archive.ubuntu.com/ubuntu noble-updates InRelease [126 kB]
Test OLM installation	UNKNOWN STEP	2025-06-04T09:08:20.4460840Z Get:7 https://packages.microsoft.com/ubuntu/24.04/prod noble InRelease [3600 B]
Test OLM installation	UNKNOWN STEP	2025-06-04T09:08:20.4513460Z Get:4 http://azure.archive.ubuntu.com/ubuntu noble-backports InRelease [126 kB]
Test OLM installation	UNKNOWN STEP	2025-06-04T09:08:20.4559687Z Get:5 http://azure.archive.ubuntu.com/ubuntu noble-security InRelease [126 kB]
Test OLM installation	UNKNOWN STEP	2025-06-04T09:08:20.5952803Z Get:8 https://packages.microsoft.com/repos/azure-cli noble/main amd64 Packages [1377 B]
Test OLM installation	UNKNOWN STEP	2025-06-04T09:08:20.6425683Z Get:9 https://packages.microsoft.com/ubuntu/24.04/prod noble/main armhf Packages [8426 B]
Test OLM installation	UNKNOWN STEP	2025-06-04T09:08:20.6597769Z Get:10 https://packages.microsoft.com/ubuntu/24.04/prod noble/main arm64 Packages [20.8 kB]
Test OLM installation	UNKNOWN STEP	2025-06-04T09:08:20.6699288Z Get:11 https://packages.microsoft.com/ubuntu/24.04/prod noble/main amd64 Packages [33.5 kB]
Test OLM installation	UNKNOWN STEP	2025-06-04T09:08:20.6833553Z Get:12 http://azure.archive.ubuntu.com/ubuntu noble-updates/main amd64 Packages [1110 kB]
Test OLM installation	UNKNOWN STEP	2025-06-04T09:08:20.6914866Z Get:13 http://azure.archive.ubuntu.com/ubuntu noble-updates/main Translation-en [235 kB]
Test OLM installation	UNKNOWN STEP	2025-06-04T09:08:20.6943174Z Get:14 http://azure.archive.ubuntu.com/ubuntu noble-updates/main amd64 Components [161 kB]
Test OLM installation	UNKNOWN STEP	2025-06-04T09:08:20.6966415Z Get:15 http://azure.archive.ubuntu.com/ubuntu noble-updates/universe amd64 Packages [1068 kB]
Test OLM installation	UNKNOWN STEP	2025-06-04T09:08:20.7041763Z Get:16 http://azure.archive.ubuntu.com/ubuntu noble-updates/universe Translation-en [271 kB]
Test OLM installation	UNKNOWN STEP	2025-06-04T09:08:20.7069969Z Get:17 http://azure.archive.ubuntu.com/ubuntu noble-updates/universe amd64 Components [376 kB]
Test OLM installation	UNKNOWN STEP	2025-06-04T09:08:20.7102997Z Get:18 http://azure.archive.ubuntu.com/ubuntu noble-updates/restricted amd64 Packages [1174 kB]
Test OLM installation	UNKNOWN STEP	2025-06-04T09:08:20.7187825Z Get:19 http://azure.archive.ubuntu.com/ubuntu noble-updates/restricted Translation-en [243 kB]
Test OLM installation	UNKNOWN STEP	2025-06-04T09:08:20.7214759Z Get:20 http://azure.archive.ubuntu.com/ubuntu noble-updates/restricted amd64 Components [212 B]
Test OLM installation	UNKNOWN STEP	2025-06-04T09:08:20.7230018Z Get:21 http://azure.archive.ubuntu.com/ubuntu noble-updates/multiverse amd64 Components [940 B]
Test OLM installation	UNKNOWN STEP	2025-06-04T09:08:20.7873910Z Get:22 http://azure.archive.ubuntu.com/ubuntu noble-backports/main amd64 Packages [39.2 kB]
Test OLM installation	UNKNOWN STEP	2025-06-04T09:08:20.7889111Z Get:23 http://azure.archive.ubuntu.com/ubuntu noble-backports/main amd64 Components [7072 B]
Test OLM installation	UNKNOWN STEP	2025-06-04T09:08:20.7901903Z Get:24 http://azure.archive.ubuntu.com/ubuntu noble-backports/universe amd64 Packages [27.1 kB]
Test OLM installation	UNKNOWN STEP	2025-06-04T09:08:20.7914979Z Get:25 http://azure.archive.ubuntu.com/ubuntu noble-backports/universe amd64 Components [16.4 kB]
Test OLM installation	UNKNOWN STEP	2025-06-04T09:08:20.7931898Z Get:26 http://azure.archive.ubuntu.com/ubuntu noble-backports/restricted amd64 Components [216 B]
Test OLM installation	UNKNOWN STEP	2025-06-04T09:08:20.7949118Z Get:27 http://azure.archive.ubuntu.com/ubuntu noble-backports/multiverse amd64 Components [212 B]
Test OLM installation	UNKNOWN STEP	2025-06-04T09:08:20.7959302Z Get:28 http://azure.archive.ubuntu.com/ubuntu noble-security/main amd64 Packages [864 kB]
Test OLM installation	UNKNOWN STEP	2025-06-04T09:08:20.8016835Z Get:29 http://azure.archive.ubuntu.com/ubuntu noble-security/main Translation-en [159 kB]
Test OLM installation	UNKNOWN STEP	2025-06-04T09:08:20.8039605Z Get:30 http://azure.archive.ubuntu.com/ubuntu noble-security/main amd64 Components [21.6 kB]
Test OLM installation	UNKNOWN STEP	2025-06-04T09:08:20.8054622Z Get:31 http://azure.archive.ubuntu.com/ubuntu noble-security/universe amd64 Packages [845 kB]
Test OLM installation	UNKNOWN STEP	2025-06-04T09:08:20.8106355Z Get:32 http://azure.archive.ubuntu.com/ubuntu noble-security/universe Translation-en [185 kB]
Test OLM installation	UNKNOWN STEP	2025-06-04T09:08:20.8130651Z Get:33 http://azure.archive.ubuntu.com/ubuntu noble-security/universe amd64 Components [52.2 kB]
Test OLM installation	UNKNOWN STEP	2025-06-04T09:08:20.8145865Z Get:34 http://azure.archive.ubuntu.com/ubuntu noble-security/restricted amd64 Packages [1138 kB]
Test OLM installation	UNKNOWN STEP	2025-06-04T09:08:20.8211297Z Get:35 http://azure.archive.ubuntu.com/ubuntu noble-security/restricted Translation-en [236 kB]
Test OLM installation	UNKNOWN STEP	2025-06-04T09:08:20.8676809Z Get:36 http://azure.archive.ubuntu.com/ubuntu noble-security/restricted amd64 Components [212 B]
Test OLM installation	UNKNOWN STEP	2025-06-04T09:08:20.8693385Z Get:37 http://azure.archive.ubuntu.com/ubuntu noble-security/multiverse amd64 Components [212 B]
Test OLM installation	UNKNOWN STEP	2025-06-04T09:08:25.3925952Z Fetched 8681 kB in 1s (7331 kB/s)
Test OLM installation	UNKNOWN STEP	2025-06-04T09:08:26.0629403Z Reading package lists...
Test OLM installation	UNKNOWN STEP	2025-06-04T09:08:26.2174140Z Building dependency tree...
Test OLM installation	UNKNOWN STEP	2025-06-04T09:08:26.2180476Z Reading state information...
Test OLM installation	UNKNOWN STEP	2025-06-04T09:08:26.2313911Z 50 packages can be upgraded. Run 'apt list --upgradable' to see them.
Test OLM installation	UNKNOWN STEP	2025-06-04T09:08:26.2566939Z Reading package lists...
Test OLM installation	UNKNOWN STEP	2025-06-04T09:08:26.4159171Z Building dependency tree...
Test OLM installation	UNKNOWN STEP	2025-06-04T09:08:26.4166190Z Reading state information...
Test OLM installation	UNKNOWN STEP	2025-06-04T09:08:26.5791929Z The following NEW packages will be installed:
Test OLM installation	UNKNOWN STEP	2025-06-04T09:08:26.5798338Z   conntrack
Test OLM installation	UNKNOWN STEP	2025-06-04T09:08:26.5963606Z 0 upgraded, 1 newly installed, 0 to remove and 50 not upgraded.
Test OLM installation	UNKNOWN STEP	2025-06-04T09:08:26.5964231Z Need to get 37.9 kB of archives.
Test OLM installation	UNKNOWN STEP	2025-06-04T09:08:26.5964826Z After this operation, 119 kB of additional disk space will be used.
Test OLM installation	UNKNOWN STEP	2025-06-04T09:08:26.5965292Z Get:1 file:/etc/apt/apt-mirrors.txt Mirrorlist [144 B]
Test OLM installation	UNKNOWN STEP	2025-06-04T09:08:26.6817326Z Get:2 http://azure.archive.ubuntu.com/ubuntu noble/main amd64 conntrack amd64 1:1.4.8-1ubuntu1 [37.9 kB]
Test OLM installation	UNKNOWN STEP	2025-06-04T09:08:26.9477562Z Fetched 37.9 kB in 0s (390 kB/s)
Test OLM installation	UNKNOWN STEP	2025-06-04T09:08:26.9702145Z Selecting previously unselected package conntrack.
Test OLM installation	UNKNOWN STEP	2025-06-04T09:08:26.9931125Z (Reading database ... 
Test OLM installation	UNKNOWN STEP	2025-06-04T09:08:26.9931645Z (Reading database ... 5%
Test OLM installation	UNKNOWN STEP	2025-06-04T09:08:26.9932148Z (Reading database ... 10%
Test OLM installation	UNKNOWN STEP	2025-06-04T09:08:26.9932599Z (Reading database ... 15%
Test OLM installation	UNKNOWN STEP	2025-06-04T09:08:26.9933024Z (Reading database ... 20%
Test OLM installation	UNKNOWN STEP	2025-06-04T09:08:26.9933376Z (Reading database ... 25%
Test OLM installation	UNKNOWN STEP	2025-06-04T09:08:26.9933681Z (Reading database ... 30%
Test OLM installation	UNKNOWN STEP	2025-06-04T09:08:26.9933950Z (Reading database ... 35%
Test OLM installation	UNKNOWN STEP	2025-06-04T09:08:26.9934217Z (Reading database ... 40%
Test OLM installation	UNKNOWN STEP	2025-06-04T09:08:26.9934477Z (Reading database ... 45%
Test OLM installation	UNKNOWN STEP	2025-06-04T09:08:26.9934764Z (Reading database ... 50%
Test OLM installation	UNKNOWN STEP	2025-06-04T09:08:27.0057723Z (Reading database ... 55%
Test OLM installation	UNKNOWN STEP	2025-06-04T09:08:27.0539290Z (Reading database ... 60%
Test OLM installation	UNKNOWN STEP	2025-06-04T09:08:27.0886855Z (Reading database ... 65%
Test OLM installation	UNKNOWN STEP	2025-06-04T09:08:27.1213588Z (Reading database ... 70%
Test OLM installation	UNKNOWN STEP	2025-06-04T09:08:27.1469551Z (Reading database ... 75%
Test OLM installation	UNKNOWN STEP	2025-06-04T09:08:27.1923618Z (Reading database ... 80%
Test OLM installation	UNKNOWN STEP	2025-06-04T09:08:27.2212090Z (Reading database ... 85%
Test OLM installation	UNKNOWN STEP	2025-06-04T09:08:27.2801168Z (Reading database ... 90%
Test OLM installation	UNKNOWN STEP	2025-06-04T09:08:27.3157640Z (Reading database ... 95%
Test OLM installation	UNKNOWN STEP	2025-06-04T09:08:27.3157942Z (Reading database ... 100%
Test OLM installation	UNKNOWN STEP	2025-06-04T09:08:27.3158540Z (Reading database ... 222694 files and directories currently installed.)
Test OLM installation	UNKNOWN STEP	2025-06-04T09:08:27.3202108Z Preparing to unpack .../conntrack_1%3a1.4.8-1ubuntu1_amd64.deb ...
Test OLM installation	UNKNOWN STEP	2025-06-04T09:08:27.3223426Z Unpacking conntrack (1:1.4.8-1ubuntu1) ...
Test OLM installation	UNKNOWN STEP	2025-06-04T09:08:27.3644882Z Setting up conntrack (1:1.4.8-1ubuntu1) ...
Test OLM installation	UNKNOWN STEP	2025-06-04T09:08:27.3675149Z Processing triggers for man-db (2.12.0-4build2) ...
Test OLM installation	UNKNOWN STEP	2025-06-04T09:08:28.6677936Z 
Test OLM installation	UNKNOWN STEP	2025-06-04T09:08:28.6678607Z Running kernel seems to be up-to-date.
Test OLM installation	UNKNOWN STEP	2025-06-04T09:08:28.6678987Z 
Test OLM installation	UNKNOWN STEP	2025-06-04T09:08:28.6679090Z Restarting services...
Test OLM installation	UNKNOWN STEP	2025-06-04T09:08:28.6752161Z 
Test OLM installation	UNKNOWN STEP	2025-06-04T09:08:28.6752447Z Service restarts being deferred:
Test OLM installation	UNKNOWN STEP	2025-06-04T09:08:28.6755169Z  systemctl restart hosted-compute-agent.service
Test OLM installation	UNKNOWN STEP	2025-06-04T09:08:28.6755526Z 
Test OLM installation	UNKNOWN STEP	2025-06-04T09:08:28.6755869Z No containers need to be restarted.
Test OLM installation	UNKNOWN STEP	2025-06-04T09:08:28.6756159Z 
Test OLM installation	UNKNOWN STEP	2025-06-04T09:08:28.6756348Z No user sessions are running outdated binaries.
Test OLM installation	UNKNOWN STEP	2025-06-04T09:08:28.6756674Z 
Test OLM installation	UNKNOWN STEP	2025-06-04T09:08:28.6756931Z No VM guests are running outdated hypervisor (qemu) binaries on this host.
Test OLM installation	UNKNOWN STEP	2025-06-04T09:08:29.6565837Z fs.protected_regular = 0
Test OLM installation	UNKNOWN STEP	2025-06-04T09:08:29.6576292Z Waiting for Docker to be ready
Test OLM installation	UNKNOWN STEP	2025-06-04T09:08:29.7375781Z 28.0.4 - 28.0.4
Test OLM installation	UNKNOWN STEP	2025-06-04T09:08:29.7392399Z Docker daemon is ready
Test OLM installation	UNKNOWN STEP	2025-06-04T09:08:29.7396200Z Downloading Minikube  v1.32.0
Test OLM installation	UNKNOWN STEP	2025-06-04T09:08:29.9574108Z Downloading from: https://github.com/kubernetes/minikube/releases/download/v1.32.0/minikube-linux-amd64
Test OLM installation	UNKNOWN STEP	2025-06-04T09:08:30.7611990Z Installing Minikube
Test OLM installation	UNKNOWN STEP	2025-06-04T09:08:30.8050368Z * minikube v1.32.0 on Ubuntu 24.04
Test OLM installation	UNKNOWN STEP	2025-06-04T09:08:30.8062737Z   - MINIKUBE_VERSION=v1.32.0
Test OLM installation	UNKNOWN STEP	2025-06-04T09:08:30.8069680Z   - MINIKUBE_MEMORY=4096
Test OLM installation	UNKNOWN STEP	2025-06-04T09:08:30.8076167Z   - MINIKUBE_HOME=/home/runner/work/_temp
Test OLM installation	UNKNOWN STEP	2025-06-04T09:08:30.8647401Z * minikube 1.36.0 is available! Download it: https://github.com/kubernetes/minikube/releases/tag/v1.36.0
Test OLM installation	UNKNOWN STEP	2025-06-04T09:08:30.8652985Z * To disable this notice, run: 'minikube config set WantUpdateNotification false'
Test OLM installation	UNKNOWN STEP	2025-06-04T09:08:30.8653667Z 
Test OLM installation	UNKNOWN STEP	2025-06-04T09:08:31.0144529Z * Using the docker driver based on user configuration
Test OLM installation	UNKNOWN STEP	2025-06-04T09:08:31.0682262Z * Using Docker driver with root privileges
Test OLM installation	UNKNOWN STEP	2025-06-04T09:08:31.0693482Z * Starting control plane node minikube in cluster minikube
Test OLM installation	UNKNOWN STEP	2025-06-04T09:08:31.0704210Z * Pulling base image ...
Test OLM installation	UNKNOWN STEP	2025-06-04T09:08:31.1356105Z * Downloading Kubernetes v1.27.10 preload ...
Test OLM installation	UNKNOWN STEP	2025-06-04T09:08:45.5162899Z * Creating docker container (CPUs=2, Memory=4096MB) ...
Test OLM installation	UNKNOWN STEP	2025-06-04T09:08:56.7279475Z * Preparing Kubernetes v1.27.10 on Docker 24.0.7 ...
Test OLM installation	UNKNOWN STEP	2025-06-04T09:08:59.3032621Z   - Generating certificates and keys ...
Test OLM installation	UNKNOWN STEP	2025-06-04T09:09:01.2663549Z   - Booting up control plane ...
Test OLM installation	UNKNOWN STEP	2025-06-04T09:09:06.8049985Z   - Configuring RBAC rules ...
Test OLM installation	UNKNOWN STEP	2025-06-04T09:09:07.2204098Z * Configuring bridge CNI (Container Networking Interface) ...
Test OLM installation	UNKNOWN STEP	2025-06-04T09:09:07.3939677Z * Verifying Kubernetes components...
Test OLM installation	UNKNOWN STEP	2025-06-04T09:09:07.3945883Z   - Using image gcr.io/k8s-minikube/storage-provisioner:v5
Test OLM installation	UNKNOWN STEP	2025-06-04T09:09:08.1785585Z * Enabled addons: storage-provisioner, default-storageclass
Test OLM installation	UNKNOWN STEP	2025-06-04T09:09:08.3569577Z 
Test OLM installation	UNKNOWN STEP	2025-06-04T09:09:08.3579307Z     > gcr.io/k8s-minikube/kicbase...:  0 B [_______________________] ?% ? p/s ?    > gcr.io/k8s-minikube/kicbase...:  1.62 KiB / 453.90 MiB [>_] 0.00% ? p/s ?    > gcr.io/k8s-minikube/kicbase...:  657.68 KiB / 453.90 MiB [] 0.14% ? p/s ?    > gcr.io/k8s-minikube/kicbase...:  19.73 MiB / 453.90 MiB  4.35% 32.89 MiB     > gcr.io/k8s-minikube/kicbase...:  44.79 MiB / 453.90 MiB  9.87% 32.89 MiB     > gcr.io/k8s-minikube/kicbase...:  64.77 MiB / 453.90 MiB  14.27% 32.89 MiB    > gcr.io/k8s-minikube/kicbase...:  93.30 MiB / 453.90 MiB  20.56% 38.68 MiB    > gcr.io/k8s-minikube/kicbase...:  118.41 MiB / 453.90 MiB  26.09% 38.68 Mi    > gcr.io/k8s-minikube/kicbase...:  144.00 MiB / 453.90 MiB  31.73% 38.68 Mi    > gcr.io/k8s-minikube/kicbase...:  172.85 MiB / 453.90 MiB  38.08% 44.74 Mi    > gcr.io/k8s-minikube/kicbase...:  200.00 MiB / 453.90 MiB  44.06% 44.74 Mi    > gcr.io/k8s-minikube/kicbase...:  231.96 MiB / 453.90 MiB  51.10% 44.74 Mi    > gcr.io/k8s-minikube/kicbase...:  262.24 MiB / 453.90 MiB  57.77% 51.46 Mi    > gcr.io/k8s-minikube/kicbase...:  294.66 MiB / 453.90 MiB  64.92% 51.46 Mi    > gcr.io/k8s-minikube/kicbase...:  325.56 MiB / 453.90 MiB  71.73% 51.46 Mi    > gcr.io/k8s-minikube/kicbase...:  357.28 MiB / 453.90 MiB  78.71% 58.36 Mi    > gcr.io/k8s-minikube/kicbase...:  388.44 MiB / 453.90 MiB  85.58% 58.36 Mi    > gcr.io/k8s-minikube/kicbase...:  419.60 MiB / 453.90 MiB  92.44% 58.36 Mi    > gcr.io/k8s-minikube/kicbase...:  450.97 MiB / 453.90 MiB  99.36% 64.67 Mi    > gcr.io/k8s-minikube/kicbase...:  453.90 MiB / 453.90 MiB  100.00% 125.34 ! /usr/bin/kubectl is version 1.33.0, which may have incompatibilities with Kubernetes 1.27.10.
Test OLM installation	UNKNOWN STEP	2025-06-04T09:09:08.3585858Z   - Want kubectl v1.27.10? Try 'minikube kubectl -- get pods -A'
Test OLM installation	UNKNOWN STEP	2025-06-04T09:09:08.3586684Z * Done! kubectl is now configured to use "minikube" cluster and "default" namespace by default
Test OLM installation	UNKNOWN STEP	2025-06-04T09:09:08.4396191Z minikube version: v1.32.0commit: 8220a6eb95f0a4d75f7f2d7b14cef975f050512d installed successfully
Test OLM installation	UNKNOWN STEP	2025-06-04T09:09:08.4605068Z ##[group]Run redhat-actions/openshift-tools-installer@v1
Test OLM installation	UNKNOWN STEP	2025-06-04T09:09:08.4605425Z with:
Test OLM installation	UNKNOWN STEP	2025-06-04T09:09:08.4605738Z   source: github
Test OLM installation	UNKNOWN STEP	2025-06-04T09:09:08.4605952Z   opm: 1.21.0
Test OLM installation	UNKNOWN STEP	2025-06-04T09:09:08.4606279Z   github_pat: ***
Test OLM installation	UNKNOWN STEP	2025-06-04T09:09:08.4606481Z   skip_cache: false
Test OLM installation	UNKNOWN STEP	2025-06-04T09:09:08.4606688Z env:
Test OLM installation	UNKNOWN STEP	2025-06-04T09:09:08.4606956Z   MAVEN_ARGS: -B -nsu -Daether.connector.http.connectionMaxTtl=25
Test OLM installation	UNKNOWN STEP	2025-06-04T09:09:08.4607312Z   MINIKUBE_VERSION: v1.32.0
Test OLM installation	UNKNOWN STEP	2025-06-04T09:09:08.4607542Z   KUBERNETES_VERSION: v1.27.10
Test OLM installation	UNKNOWN STEP	2025-06-04T09:09:08.4607760Z   MINIKUBE_MEMORY: 4096
Test OLM installation	UNKNOWN STEP	2025-06-04T09:09:08.4608067Z   JAVA_HOME: /opt/hostedtoolcache/Java_Temurin-Hotspot_jdk/21.0.7-6/x64
Test OLM installation	UNKNOWN STEP	2025-06-04T09:09:08.4608701Z   JAVA_HOME_21_X64: /opt/hostedtoolcache/Java_Temurin-Hotspot_jdk/21.0.7-6/x64
Test OLM installation	UNKNOWN STEP	2025-06-04T09:09:08.4609077Z   MINIKUBE_HOME: /home/runner/work/_temp
Test OLM installation	UNKNOWN STEP	2025-06-04T09:09:08.4609319Z ##[endgroup]
Test OLM installation	UNKNOWN STEP	2025-06-04T09:09:08.6280028Z Installing opm matching version "1.21.0"
Test OLM installation	UNKNOWN STEP	2025-06-04T09:09:08.6299402Z ‚ÑπÔ∏è Tools will be installed from "github".
Test OLM installation	UNKNOWN STEP	2025-06-04T09:09:08.6301188Z 
Test OLM installation	UNKNOWN STEP	2025-06-04T09:09:08.6301788Z üîé Searching for a version of opm satisfying the range "1.21.0" that was input as "1.21.0"
Test OLM installation	UNKNOWN STEP	2025-06-04T09:09:10.0971434Z Max opm version satisfying 1.21.0 is 1.21.0
Test OLM installation	UNKNOWN STEP	2025-06-04T09:09:10.0973220Z Download path of opm is https://github.com/operator-framework/operator-registry/releases
Test OLM installation	UNKNOWN STEP	2025-06-04T09:09:10.2843559Z Current operating system is linux
Test OLM installation	UNKNOWN STEP	2025-06-04T09:09:10.2845481Z Current architecture is amd64
Test OLM installation	UNKNOWN STEP	2025-06-04T09:09:10.2846305Z Selecting linux-amd64-opm
Test OLM installation	UNKNOWN STEP	2025-06-04T09:09:10.2850942Z Using temporary directory for storage
Test OLM installation	UNKNOWN STEP	2025-06-04T09:09:10.2862849Z üìÅ CLIs will be downloaded to /home/runner/work/_temp/openshift-bin
Test OLM installation	UNKNOWN STEP	2025-06-04T09:09:10.2866449Z Added /home/runner/work/_temp/openshift-bin to PATH
Test OLM installation	UNKNOWN STEP	2025-06-04T09:09:10.2867037Z Checking the cache for opm v1.21.0...
Test OLM installation	UNKNOWN STEP	2025-06-04T09:09:30.3154983Z ##[warning]Failed to check cache for opm v1.21.0: Error: getCacheEntry failed: Request timeout: /tCOJJILWkex8UDNVB9Z9q2wVTEo6XuQmvYC4WF5xSHs8KTS3Kx/_apis/artifactcache/cache?keys=opm_v1.21.0_linux_amd64_github&version=8b32b49210c8cf4c3e3edd31ba24546ebd2f9bbb4a71c43aadd293997aa68499
Test OLM installation	UNKNOWN STEP	2025-06-04T09:09:30.5470130Z ‚¨áÔ∏è Downloading 45.03MB https://github.com/operator-framework/operator-registry/releases/download/v1.21.0/linux-amd64-opm ...
Test OLM installation	UNKNOWN STEP	2025-06-04T09:09:31.0688609Z Downloaded linux-amd64-opm in 0.5s
Test OLM installation	UNKNOWN STEP	2025-06-04T09:09:31.0692913Z Download path of opm is https://github.com/operator-framework/operator-registry/releases
Test OLM installation	UNKNOWN STEP	2025-06-04T09:09:31.2720632Z ‚¨áÔ∏è Downloading hash file https://github.com/operator-framework/operator-registry/releases/download/v1.21.0/checksums.txt
Test OLM installation	UNKNOWN STEP	2025-06-04T09:09:31.6182166Z sha256 verification of linux-amd64-opm succeeded.
Test OLM installation	UNKNOWN STEP	2025-06-04T09:09:31.6259096Z opm installed into /home/runner/work/_temp/openshift-bin/opm
Test OLM installation	UNKNOWN STEP	2025-06-04T09:09:31.6293665Z [command]/home/runner/work/_temp/openshift-bin/opm version
Test OLM installation	UNKNOWN STEP	2025-06-04T09:09:31.6508557Z Version: version.Version{OpmVersion:"v1.21.0", GitCommit:"9999f796", BuildDate:"2022-03-03T21:23:12Z", GoOs:"linux", GoArch:"amd64"}
Test OLM installation	UNKNOWN STEP	2025-06-04T09:09:31.6538380Z üíæ Saving opm v1.21.0 into the cache
Test OLM installation	UNKNOWN STEP	2025-06-04T09:09:51.7219350Z ##[warning]Failed to cache opm v1.21.0: Error: reserveCache failed: Request timeout: /tCOJJILWkex8UDNVB9Z9q2wVTEo6XuQmvYC4WF5xSHs8KTS3Kx/_apis/artifactcache/caches
Test OLM installation	UNKNOWN STEP	2025-06-04T09:09:51.7221612Z ‚úÖ Successfully installed opm v1.21.0.
Test OLM installation	UNKNOWN STEP	2025-06-04T09:09:51.7221817Z 
Test OLM installation	UNKNOWN STEP	2025-06-04T09:09:51.7221960Z ‚úÖ Successfully installed 1/1 client:
Test OLM installation	UNKNOWN STEP	2025-06-04T09:09:51.7222228Z   - opm v1.21.0
Test OLM installation	UNKNOWN STEP	2025-06-04T09:09:51.7235677Z Wrote out installed versions to /home/runner/work/_temp/openshift-bin/openshift-clients-installed.json
Test OLM installation	UNKNOWN STEP	2025-06-04T09:11:54.5067308Z ##[group]Run sudo snap install yq
Test OLM installation	UNKNOWN STEP	2025-06-04T09:11:54.5067653Z [36;1msudo snap install yq[0m
Test OLM installation	UNKNOWN STEP	2025-06-04T09:11:54.5225145Z shell: /usr/bin/bash --noprofile --norc -e -o pipefail {0}
Test OLM installation	UNKNOWN STEP	2025-06-04T09:11:54.5225479Z env:
Test OLM installation	UNKNOWN STEP	2025-06-04T09:11:54.5225748Z   MAVEN_ARGS: -B -nsu -Daether.connector.http.connectionMaxTtl=25
Test OLM installation	UNKNOWN STEP	2025-06-04T09:11:54.5226080Z   MINIKUBE_VERSION: v1.32.0
Test OLM installation	UNKNOWN STEP	2025-06-04T09:11:54.5226304Z   KUBERNETES_VERSION: v1.27.10
Test OLM installation	UNKNOWN STEP	2025-06-04T09:11:54.5226528Z   MINIKUBE_MEMORY: 4096
Test OLM installation	UNKNOWN STEP	2025-06-04T09:11:54.5226824Z   JAVA_HOME: /opt/hostedtoolcache/Java_Temurin-Hotspot_jdk/21.0.7-6/x64
Test OLM installation	UNKNOWN STEP	2025-06-04T09:11:54.5227261Z   JAVA_HOME_21_X64: /opt/hostedtoolcache/Java_Temurin-Hotspot_jdk/21.0.7-6/x64
Test OLM installation	UNKNOWN STEP	2025-06-04T09:11:54.5227630Z   MINIKUBE_HOME: /home/runner/work/_temp
Test OLM installation	UNKNOWN STEP	2025-06-04T09:11:54.5227869Z ##[endgroup]
Test OLM installation	UNKNOWN STEP	2025-06-04T09:11:58.3460146Z 2025-06-04T09:11:58Z INFO Waiting for automatic snapd restart...
Test OLM installation	UNKNOWN STEP	2025-06-04T09:12:11.1231862Z yq v4.44.5 from Mike Farah (mikefarah) installed
Test OLM installation	UNKNOWN STEP	2025-06-04T09:12:11.1284516Z ##[group]Run ./scripts/install-olm.sh
Test OLM installation	UNKNOWN STEP	2025-06-04T09:12:11.1284842Z [36;1m./scripts/install-olm.sh[0m
Test OLM installation	UNKNOWN STEP	2025-06-04T09:12:11.1336289Z shell: /usr/bin/bash --noprofile --norc -e -o pipefail {0}
Test OLM installation	UNKNOWN STEP	2025-06-04T09:12:11.1336598Z env:
Test OLM installation	UNKNOWN STEP	2025-06-04T09:12:11.1336865Z   MAVEN_ARGS: -B -nsu -Daether.connector.http.connectionMaxTtl=25
Test OLM installation	UNKNOWN STEP	2025-06-04T09:12:11.1337184Z   MINIKUBE_VERSION: v1.32.0
Test OLM installation	UNKNOWN STEP	2025-06-04T09:12:11.1337415Z   KUBERNETES_VERSION: v1.27.10
Test OLM installation	UNKNOWN STEP	2025-06-04T09:12:11.1337624Z   MINIKUBE_MEMORY: 4096
Test OLM installation	UNKNOWN STEP	2025-06-04T09:12:11.1337935Z   JAVA_HOME: /opt/hostedtoolcache/Java_Temurin-Hotspot_jdk/21.0.7-6/x64
Test OLM installation	UNKNOWN STEP	2025-06-04T09:12:11.1338759Z   JAVA_HOME_21_X64: /opt/hostedtoolcache/Java_Temurin-Hotspot_jdk/21.0.7-6/x64
Test OLM installation	UNKNOWN STEP	2025-06-04T09:12:11.1339138Z   MINIKUBE_HOME: /home/runner/work/_temp
Test OLM installation	UNKNOWN STEP	2025-06-04T09:12:11.1339385Z ##[endgroup]
Test OLM installation	UNKNOWN STEP	2025-06-04T09:12:11.1420359Z + mkdir -p /tmp/olm/
Test OLM installation	UNKNOWN STEP	2025-06-04T09:12:11.1434954Z + curl -f -L https://github.com/operator-framework/operator-lifecycle-manager/releases/download/v0.26.0/install.sh -o /tmp/olm/install.sh
Test OLM installation	UNKNOWN STEP	2025-06-04T09:12:11.1497533Z   % Total    % Received % Xferd  Average Speed   Time    Time     Time  Current
Test OLM installation	UNKNOWN STEP	2025-06-04T09:12:11.1499435Z                                  Dload  Upload   Total   Spent    Left  Speed
Test OLM installation	UNKNOWN STEP	2025-06-04T09:12:11.1500098Z 
Test OLM installation	UNKNOWN STEP	2025-06-04T09:12:11.2875677Z   0     0    0     0    0     0      0      0 --:--:-- --:--:-- --:--:--     0
Test OLM installation	UNKNOWN STEP	2025-06-04T09:12:11.2876257Z   0     0    0     0    0     0      0      0 --:--:-- --:--:-- --:--:--     0
Test OLM installation	UNKNOWN STEP	2025-06-04T09:12:11.4232448Z 
Test OLM installation	UNKNOWN STEP	2025-06-04T09:12:11.4232980Z 100  1886  100  1886    0     0   6892      0 --:--:-- --:--:-- --:--:--  6892
Test OLM installation	UNKNOWN STEP	2025-06-04T09:12:11.4270202Z + chmod +x /tmp/olm/install.sh
Test OLM installation	UNKNOWN STEP	2025-06-04T09:12:11.4282677Z + /tmp/olm/install.sh v0.26.0
Test OLM installation	UNKNOWN STEP	2025-06-04T09:12:11.9115175Z customresourcedefinition.apiextensions.k8s.io/catalogsources.operators.coreos.com created
Test OLM installation	UNKNOWN STEP	2025-06-04T09:12:12.0372697Z customresourcedefinition.apiextensions.k8s.io/clusterserviceversions.operators.coreos.com created
Test OLM installation	UNKNOWN STEP	2025-06-04T09:12:12.0666876Z customresourcedefinition.apiextensions.k8s.io/installplans.operators.coreos.com created
Test OLM installation	UNKNOWN STEP	2025-06-04T09:12:12.0785711Z customresourcedefinition.apiextensions.k8s.io/olmconfigs.operators.coreos.com created
Test OLM installation	UNKNOWN STEP	2025-06-04T09:12:12.0936378Z customresourcedefinition.apiextensions.k8s.io/operatorconditions.operators.coreos.com created
Test OLM installation	UNKNOWN STEP	2025-06-04T09:12:12.1095640Z customresourcedefinition.apiextensions.k8s.io/operatorgroups.operators.coreos.com created
Test OLM installation	UNKNOWN STEP	2025-06-04T09:12:12.1186849Z customresourcedefinition.apiextensions.k8s.io/operators.operators.coreos.com created
Test OLM installation	UNKNOWN STEP	2025-06-04T09:12:12.1682958Z customresourcedefinition.apiextensions.k8s.io/subscriptions.operators.coreos.com created
Test OLM installation	UNKNOWN STEP	2025-06-04T09:12:12.5555996Z customresourcedefinition.apiextensions.k8s.io/catalogsources.operators.coreos.com condition met
Test OLM installation	UNKNOWN STEP	2025-06-04T09:12:12.7142817Z customresourcedefinition.apiextensions.k8s.io/clusterserviceversions.operators.coreos.com condition met
Test OLM installation	UNKNOWN STEP	2025-06-04T09:12:12.8196612Z customresourcedefinition.apiextensions.k8s.io/installplans.operators.coreos.com condition met
Test OLM installation	UNKNOWN STEP	2025-06-04T09:12:12.9235972Z customresourcedefinition.apiextensions.k8s.io/olmconfigs.operators.coreos.com condition met
Test OLM installation	UNKNOWN STEP	2025-06-04T09:12:13.0296231Z customresourcedefinition.apiextensions.k8s.io/operatorconditions.operators.coreos.com condition met
Test OLM installation	UNKNOWN STEP	2025-06-04T09:12:13.1352073Z customresourcedefinition.apiextensions.k8s.io/operatorgroups.operators.coreos.com condition met
Test OLM installation	UNKNOWN STEP	2025-06-04T09:12:13.2404433Z customresourcedefinition.apiextensions.k8s.io/operators.operators.coreos.com condition met
Test OLM installation	UNKNOWN STEP	2025-06-04T09:12:13.3613626Z customresourcedefinition.apiextensions.k8s.io/subscriptions.operators.coreos.com condition met
Test OLM installation	UNKNOWN STEP	2025-06-04T09:12:13.6976510Z namespace/olm created
Test OLM installation	UNKNOWN STEP	2025-06-04T09:12:13.7323008Z namespace/operators created
Test OLM installation	UNKNOWN STEP	2025-06-04T09:12:13.7662353Z serviceaccount/olm-operator-serviceaccount created
Test OLM installation	UNKNOWN STEP	2025-06-04T09:12:13.7799656Z clusterrole.rbac.authorization.k8s.io/system:controller:operator-lifecycle-manager created
Test OLM installation	UNKNOWN STEP	2025-06-04T09:12:13.7872761Z clusterrolebinding.rbac.authorization.k8s.io/olm-operator-binding-olm created
Test OLM installation	UNKNOWN STEP	2025-06-04T09:12:15.8159165Z olmconfig.operators.coreos.com/cluster created
Test OLM installation	UNKNOWN STEP	2025-06-04T09:12:15.8399005Z deployment.apps/olm-operator created
Test OLM installation	UNKNOWN STEP	2025-06-04T09:12:15.8750557Z deployment.apps/catalog-operator created
Test OLM installation	UNKNOWN STEP	2025-06-04T09:12:15.8926979Z clusterrole.rbac.authorization.k8s.io/aggregate-olm-edit created
Test OLM installation	UNKNOWN STEP	2025-06-04T09:12:15.9117370Z clusterrole.rbac.authorization.k8s.io/aggregate-olm-view created
Test OLM installation	UNKNOWN STEP	2025-06-04T09:12:15.9457778Z operatorgroup.operators.coreos.com/global-operators created
Test OLM installation	UNKNOWN STEP	2025-06-04T09:12:15.9550105Z operatorgroup.operators.coreos.com/olm-operators created
Test OLM installation	UNKNOWN STEP	2025-06-04T09:12:16.0030580Z clusterserviceversion.operators.coreos.com/packageserver created
Test OLM installation	UNKNOWN STEP	2025-06-04T09:12:16.0339377Z catalogsource.operators.coreos.com/operatorhubio-catalog created
Test OLM installation	UNKNOWN STEP	2025-06-04T09:12:16.0956164Z Waiting for deployment "olm-operator" rollout to finish: 0 of 1 updated replicas are available...
Test OLM installation	UNKNOWN STEP	2025-06-04T09:12:22.0510455Z deployment "olm-operator" successfully rolled out
Test OLM installation	UNKNOWN STEP	2025-06-04T09:12:22.1103231Z Waiting for deployment "catalog-operator" rollout to finish: 0 of 1 updated replicas are available...
Test OLM installation	UNKNOWN STEP	2025-06-04T09:12:23.0648069Z deployment "catalog-operator" successfully rolled out
Test OLM installation	UNKNOWN STEP	2025-06-04T09:12:23.1271076Z Package server phase: Installing
Test OLM installation	UNKNOWN STEP	2025-06-04T09:12:33.2467164Z Package server phase: Succeeded
Test OLM installation	UNKNOWN STEP	2025-06-04T09:12:33.3620468Z deployment "packageserver" successfully rolled out
Test OLM installation	UNKNOWN STEP	2025-06-04T09:12:33.3773007Z ##[group]Run actions/download-artifact@v4
Test OLM installation	UNKNOWN STEP	2025-06-04T09:12:33.3773426Z with:
Test OLM installation	UNKNOWN STEP	2025-06-04T09:12:33.3773691Z   name: keycloak-dist
Test OLM installation	UNKNOWN STEP	2025-06-04T09:12:33.3774005Z   path: quarkus/container
Test OLM installation	UNKNOWN STEP	2025-06-04T09:12:33.3774346Z   merge-multiple: false
Test OLM installation	UNKNOWN STEP	2025-06-04T09:12:33.3774668Z   repository: keycloak/keycloak
Test OLM installation	UNKNOWN STEP	2025-06-04T09:12:33.3775033Z   run-id: 15418348898
Test OLM installation	UNKNOWN STEP	2025-06-04T09:12:33.3775311Z env:
Test OLM installation	UNKNOWN STEP	2025-06-04T09:12:33.3775719Z   MAVEN_ARGS: -B -nsu -Daether.connector.http.connectionMaxTtl=25
Test OLM installation	UNKNOWN STEP	2025-06-04T09:12:33.3776264Z   MINIKUBE_VERSION: v1.32.0
Test OLM installation	UNKNOWN STEP	2025-06-04T09:12:33.3776619Z   KUBERNETES_VERSION: v1.27.10
Test OLM installation	UNKNOWN STEP	2025-06-04T09:12:33.3776978Z   MINIKUBE_MEMORY: 4096
Test OLM installation	UNKNOWN STEP	2025-06-04T09:12:33.3777473Z   JAVA_HOME: /opt/hostedtoolcache/Java_Temurin-Hotspot_jdk/21.0.7-6/x64
Test OLM installation	UNKNOWN STEP	2025-06-04T09:12:33.3778392Z   JAVA_HOME_21_X64: /opt/hostedtoolcache/Java_Temurin-Hotspot_jdk/21.0.7-6/x64
Test OLM installation	UNKNOWN STEP	2025-06-04T09:12:33.3779007Z   MINIKUBE_HOME: /home/runner/work/_temp
Test OLM installation	UNKNOWN STEP	2025-06-04T09:12:33.3779418Z ##[endgroup]
Test OLM installation	UNKNOWN STEP	2025-06-04T09:12:33.7178860Z Downloading single artifact
Test OLM installation	UNKNOWN STEP	2025-06-04T09:12:33.8946520Z Preparing to download the following artifacts:
Test OLM installation	UNKNOWN STEP	2025-06-04T09:12:33.8947817Z - keycloak-dist (ID: 3250148788, Size: 155235590, Expected Digest: sha256:774a14633b50b09f8f7f306a5c6262c63ffa8915af57389bf0ab85fd2229a0de)
Test OLM installation	UNKNOWN STEP	2025-06-04T09:12:33.9861907Z Redirecting to blob download url: https://productionresultssa19.blob.core.windows.net/actions-results/4273ee58-b55f-4907-8398-7139553537ed/workflow-job-run-1ce8a8bc-f7e6-5e81-abea-05710ecc0890/artifacts/8ec452859fe416bcecd39b267c69bfe76c7634fb13c33b71d912d2a8c0986080.zip
Test OLM installation	UNKNOWN STEP	2025-06-04T09:12:33.9864436Z Starting download of artifact to: /home/runner/work/keycloak/keycloak/quarkus/container
Test OLM installation	UNKNOWN STEP	2025-06-04T09:12:34.1891229Z (node:10431) [DEP0005] DeprecationWarning: Buffer() is deprecated due to security and usability issues. Please use the Buffer.alloc(), Buffer.allocUnsafe(), or Buffer.from() methods instead.
Test OLM installation	UNKNOWN STEP	2025-06-04T09:12:34.1893606Z (Use `node --trace-deprecation ...` to show where the warning was created)
Test OLM installation	UNKNOWN STEP	2025-06-04T09:12:36.9201306Z SHA256 digest of downloaded artifact is 774a14633b50b09f8f7f306a5c6262c63ffa8915af57389bf0ab85fd2229a0de
Test OLM installation	UNKNOWN STEP	2025-06-04T09:12:36.9202200Z Artifact download completed successfully.
Test OLM installation	UNKNOWN STEP	2025-06-04T09:12:36.9202513Z Total of 1 artifact(s) downloaded
Test OLM installation	UNKNOWN STEP	2025-06-04T09:12:36.9208009Z Download artifact has finished successfully
Test OLM installation	UNKNOWN STEP	2025-06-04T09:12:36.9324930Z ##[group]Run eval $(minikube -p minikube docker-env)
Test OLM installation	UNKNOWN STEP	2025-06-04T09:12:36.9325324Z [36;1meval $(minikube -p minikube docker-env)[0m
Test OLM installation	UNKNOWN STEP	2025-06-04T09:12:36.9325649Z [36;1m./scripts/olm-testing.sh ${GITHUB_SHA::6}[0m
Test OLM installation	UNKNOWN STEP	2025-06-04T09:12:36.9380922Z shell: /usr/bin/bash --noprofile --norc -e -o pipefail {0}
Test OLM installation	UNKNOWN STEP	2025-06-04T09:12:36.9381239Z env:
Test OLM installation	UNKNOWN STEP	2025-06-04T09:12:36.9381512Z   MAVEN_ARGS: -B -nsu -Daether.connector.http.connectionMaxTtl=25
Test OLM installation	UNKNOWN STEP	2025-06-04T09:12:36.9381847Z   MINIKUBE_VERSION: v1.32.0
Test OLM installation	UNKNOWN STEP	2025-06-04T09:12:36.9382073Z   KUBERNETES_VERSION: v1.27.10
Test OLM installation	UNKNOWN STEP	2025-06-04T09:12:36.9382295Z   MINIKUBE_MEMORY: 4096
Test OLM installation	UNKNOWN STEP	2025-06-04T09:12:36.9382601Z   JAVA_HOME: /opt/hostedtoolcache/Java_Temurin-Hotspot_jdk/21.0.7-6/x64
Test OLM installation	UNKNOWN STEP	2025-06-04T09:12:36.9383085Z   JAVA_HOME_21_X64: /opt/hostedtoolcache/Java_Temurin-Hotspot_jdk/21.0.7-6/x64
Test OLM installation	UNKNOWN STEP	2025-06-04T09:12:36.9383447Z   MINIKUBE_HOME: /home/runner/work/_temp
Test OLM installation	UNKNOWN STEP	2025-06-04T09:12:36.9383689Z ##[endgroup]
Test OLM installation	UNKNOWN STEP	2025-06-04T09:12:37.2611614Z + UUID=86aa95
Test OLM installation	UNKNOWN STEP	2025-06-04T09:12:37.2612194Z + INSTALL_NAMESPACE=default
Test OLM installation	UNKNOWN STEP	2025-06-04T09:12:37.2612565Z + TARGET_NAMESPACES=default
Test OLM installation	UNKNOWN STEP	2025-06-04T09:12:37.2617650Z +++ dirname -- ./scripts/olm-testing.sh
Test OLM installation	UNKNOWN STEP	2025-06-04T09:12:37.2628616Z ++ cd -- ./scripts
Test OLM installation	UNKNOWN STEP	2025-06-04T09:12:37.2629526Z ++ pwd
Test OLM installation	UNKNOWN STEP	2025-06-04T09:12:37.2632032Z + SCRIPT_DIR=/home/runner/work/keycloak/keycloak/operator/scripts
Test OLM installation	UNKNOWN STEP	2025-06-04T09:12:37.2632795Z + VERSION=86400000.0.0
Test OLM installation	UNKNOWN STEP	2025-06-04T09:12:37.2635465Z + cd /home/runner/work/keycloak/keycloak/operator/scripts/../../quarkus/container
Test OLM installation	UNKNOWN STEP	2025-06-04T09:12:37.2639592Z ++ ls keycloak-999.0.0-SNAPSHOT.tar.gz
Test OLM installation	UNKNOWN STEP	2025-06-04T09:12:37.2652736Z + docker build --build-arg KEYCLOAK_DIST=keycloak-999.0.0-SNAPSHOT.tar.gz . -t ttl.sh/86aa95keycloak:86400000.0.0
Test OLM installation	UNKNOWN STEP	2025-06-04T09:12:37.6544847Z #0 building with "default" instance using docker driver
Test OLM installation	UNKNOWN STEP	2025-06-04T09:12:37.6545279Z 
Test OLM installation	UNKNOWN STEP	2025-06-04T09:12:37.6545438Z #1 [internal] load .dockerignore
Test OLM installation	UNKNOWN STEP	2025-06-04T09:12:37.6545773Z #1 transferring context: 2B done
Test OLM installation	UNKNOWN STEP	2025-06-04T09:12:37.6546012Z #1 DONE 0.0s
Test OLM installation	UNKNOWN STEP	2025-06-04T09:12:37.6546161Z 
Test OLM installation	UNKNOWN STEP	2025-06-04T09:12:37.6546304Z #2 [internal] load build definition from Dockerfile
Test OLM installation	UNKNOWN STEP	2025-06-04T09:12:37.6546648Z #2 transferring dockerfile: 2.72kB done
Test OLM installation	UNKNOWN STEP	2025-06-04T09:12:37.6546926Z #2 DONE 0.0s
Test OLM installation	UNKNOWN STEP	2025-06-04T09:12:37.6547049Z 
Test OLM installation	UNKNOWN STEP	2025-06-04T09:12:37.6547244Z #3 [internal] load metadata for registry.access.redhat.com/ubi9:latest
Test OLM installation	UNKNOWN STEP	2025-06-04T09:12:37.9345832Z #3 DONE 0.4s
Test OLM installation	UNKNOWN STEP	2025-06-04T09:12:37.9346014Z 
Test OLM installation	UNKNOWN STEP	2025-06-04T09:12:37.9346269Z #4 [internal] load metadata for registry.access.redhat.com/ubi9-micro:latest
Test OLM installation	UNKNOWN STEP	2025-06-04T09:12:38.1291087Z #4 DONE 0.5s
Test OLM installation	UNKNOWN STEP	2025-06-04T09:12:38.1291438Z 
Test OLM installation	UNKNOWN STEP	2025-06-04T09:12:38.1292197Z #5 [ubi-micro-build 1/8] FROM registry.access.redhat.com/ubi9@sha256:304b50df1ea4db9706d8a30f4bbf26f582936ebc80c7e075c72ff2af99292a54
Test OLM installation	UNKNOWN STEP	2025-06-04T09:12:38.1293636Z #5 resolve registry.access.redhat.com/ubi9@sha256:304b50df1ea4db9706d8a30f4bbf26f582936ebc80c7e075c72ff2af99292a54 done
Test OLM installation	UNKNOWN STEP	2025-06-04T09:12:38.1294913Z #5 sha256:304b50df1ea4db9706d8a30f4bbf26f582936ebc80c7e075c72ff2af99292a54 897B / 897B done
Test OLM installation	UNKNOWN STEP	2025-06-04T09:12:38.1295970Z #5 sha256:62fb429dc6b93ab5ade55d1c8e6b08735f00224d3081d58f161eb5f55eeb3d7d 505B / 505B done
Test OLM installation	UNKNOWN STEP	2025-06-04T09:12:38.1296729Z #5 sha256:83c48939c2c8782580d44062545386358defd2d5cc748b9b963bdb8a78046a46 5.06kB / 5.06kB done
Test OLM installation	UNKNOWN STEP	2025-06-04T09:12:38.1297318Z #5 sha256:92efcdccd1058003df257e9cbdf756ff6b10bd276551590536a5a1678e099aaf 0B / 79.59MB 0.1s
Test OLM installation	UNKNOWN STEP	2025-06-04T09:12:38.2291944Z #5 sha256:92efcdccd1058003df257e9cbdf756ff6b10bd276551590536a5a1678e099aaf 9.44MB / 79.59MB 0.2s
Test OLM installation	UNKNOWN STEP	2025-06-04T09:12:38.3330680Z #5 sha256:92efcdccd1058003df257e9cbdf756ff6b10bd276551590536a5a1678e099aaf 19.92MB / 79.59MB 0.3s
Test OLM installation	UNKNOWN STEP	2025-06-04T09:12:38.5305038Z #5 sha256:92efcdccd1058003df257e9cbdf756ff6b10bd276551590536a5a1678e099aaf 48.23MB / 79.59MB 0.5s
Test OLM installation	UNKNOWN STEP	2025-06-04T09:12:38.6347214Z #5 sha256:92efcdccd1058003df257e9cbdf756ff6b10bd276551590536a5a1678e099aaf 60.82MB / 79.59MB 0.6s
Test OLM installation	UNKNOWN STEP	2025-06-04T09:12:38.8270291Z #5 sha256:92efcdccd1058003df257e9cbdf756ff6b10bd276551590536a5a1678e099aaf 79.59MB / 79.59MB 0.8s
Test OLM installation	UNKNOWN STEP	2025-06-04T09:12:38.9312168Z #5 sha256:92efcdccd1058003df257e9cbdf756ff6b10bd276551590536a5a1678e099aaf 79.59MB / 79.59MB 0.8s done
Test OLM installation	UNKNOWN STEP	2025-06-04T09:12:38.9313794Z #5 extracting sha256:92efcdccd1058003df257e9cbdf756ff6b10bd276551590536a5a1678e099aaf
Test OLM installation	UNKNOWN STEP	2025-06-04T09:12:39.0352447Z #5 ...
Test OLM installation	UNKNOWN STEP	2025-06-04T09:12:39.0352694Z 
Test OLM installation	UNKNOWN STEP	2025-06-04T09:12:39.0353393Z #6 [stage-1 1/4] FROM registry.access.redhat.com/ubi9-micro@sha256:955512628a9104d74f7b3b0a91db27a6bbecdd6a1975ce0f1b2658d3cd060b98
Test OLM installation	UNKNOWN STEP	2025-06-04T09:12:39.0354632Z #6 resolve registry.access.redhat.com/ubi9-micro@sha256:955512628a9104d74f7b3b0a91db27a6bbecdd6a1975ce0f1b2658d3cd060b98 done
Test OLM installation	UNKNOWN STEP	2025-06-04T09:12:39.0355536Z #6 sha256:955512628a9104d74f7b3b0a91db27a6bbecdd6a1975ce0f1b2658d3cd060b98 897B / 897B done
Test OLM installation	UNKNOWN STEP	2025-06-04T09:12:39.0356328Z #6 sha256:bc049e6e35c145513e3ec226faf3f929337ea2337fa5c9f7e00375aef4b801e8 504B / 504B done
Test OLM installation	UNKNOWN STEP	2025-06-04T09:12:39.0357420Z #6 sha256:352e1e8e3c437ad6bd352f164df8bdf7018df09f730362546276fe3df62ffd8c 4.00kB / 4.00kB done
Test OLM installation	UNKNOWN STEP	2025-06-04T09:12:39.0358819Z #6 sha256:cd2f3f69481dffe63a3071ea43aeeab2a4af254e96b065c35b2d7ce2534e0383 7.27MB / 7.27MB 0.3s done
Test OLM installation	UNKNOWN STEP	2025-06-04T09:12:39.0360064Z #6 extracting sha256:cd2f3f69481dffe63a3071ea43aeeab2a4af254e96b065c35b2d7ce2534e0383 0.6s done
Test OLM installation	UNKNOWN STEP	2025-06-04T09:12:39.0360809Z #6 DONE 0.9s
Test OLM installation	UNKNOWN STEP	2025-06-04T09:12:39.1550650Z 
Test OLM installation	UNKNOWN STEP	2025-06-04T09:12:39.1552665Z #7 [internal] load build context
Test OLM installation	UNKNOWN STEP	2025-06-04T09:12:39.1554049Z #7 transferring context: 155.22MB 1.1s done
Test OLM installation	UNKNOWN STEP	2025-06-04T09:12:39.1554480Z #7 DONE 1.1s
Test OLM installation	UNKNOWN STEP	2025-06-04T09:12:39.1554655Z 
Test OLM installation	UNKNOWN STEP	2025-06-04T09:12:39.1555363Z #5 [ubi-micro-build 1/8] FROM registry.access.redhat.com/ubi9@sha256:304b50df1ea4db9706d8a30f4bbf26f582936ebc80c7e075c72ff2af99292a54
Test OLM installation	UNKNOWN STEP	2025-06-04T09:12:42.4287947Z #5 extracting sha256:92efcdccd1058003df257e9cbdf756ff6b10bd276551590536a5a1678e099aaf 3.5s done
Test OLM installation	UNKNOWN STEP	2025-06-04T09:12:42.6079000Z #5 DONE 4.4s
Test OLM installation	UNKNOWN STEP	2025-06-04T09:12:42.6079204Z 
Test OLM installation	UNKNOWN STEP	2025-06-04T09:12:42.6079409Z #8 [ubi-micro-build 2/8] RUN dnf install -y tar gzip
Test OLM installation	UNKNOWN STEP	2025-06-04T09:12:42.8081700Z #8 0.351 Updating Subscription Management repositories.
Test OLM installation	UNKNOWN STEP	2025-06-04T09:12:42.9097181Z #8 0.351 Unable to read consumer identity
Test OLM installation	UNKNOWN STEP	2025-06-04T09:12:42.9097737Z #8 0.354 
Test OLM installation	UNKNOWN STEP	2025-06-04T09:12:42.9098633Z #8 0.354 This system is not registered with an entitlement server. You can use subscription-manager to register.
Test OLM installation	UNKNOWN STEP	2025-06-04T09:12:42.9099196Z #8 0.354 
Test OLM installation	UNKNOWN STEP	2025-06-04T09:12:42.9099594Z #8 0.452 Red Hat Universal Base Image 9 (RPMs) - BaseOS  9.1 MB/s | 587 kB     00:00    
Test OLM installation	UNKNOWN STEP	2025-06-04T09:12:43.0765498Z #8 0.619 Red Hat Universal Base Image 9 (RPMs) - AppStre  30 MB/s | 2.4 MB     00:00    
Test OLM installation	UNKNOWN STEP	2025-06-04T09:12:43.5102989Z #8 1.053 Red Hat Universal Base Image 9 (RPMs) - CodeRea 4.7 MB/s | 284 kB     00:00    
Test OLM installation	UNKNOWN STEP	2025-06-04T09:12:43.6606889Z #8 1.203 Package tar-2:1.34-7.el9.x86_64 is already installed.
Test OLM installation	UNKNOWN STEP	2025-06-04T09:12:43.7891349Z #8 1.204 Package gzip-1.12-1.el9.x86_64 is already installed.
Test OLM installation	UNKNOWN STEP	2025-06-04T09:12:43.7892680Z #8 1.219 Dependencies resolved.
Test OLM installation	UNKNOWN STEP	2025-06-04T09:12:43.7893077Z #8 1.220 Nothing to do.
Test OLM installation	UNKNOWN STEP	2025-06-04T09:12:43.7893434Z #8 1.221 Complete!
Test OLM installation	UNKNOWN STEP	2025-06-04T09:12:43.7894244Z #8 DONE 1.3s
Test OLM installation	UNKNOWN STEP	2025-06-04T09:12:43.9402616Z 
Test OLM installation	UNKNOWN STEP	2025-06-04T09:12:43.9403854Z #9 [ubi-micro-build 3/8] ADD keycloak-999.0.0-SNAPSHOT.tar.gz /tmp/keycloak/
Test OLM installation	UNKNOWN STEP	2025-06-04T09:12:44.6360069Z #9 DONE 0.8s
Test OLM installation	UNKNOWN STEP	2025-06-04T09:12:44.7524020Z 
Test OLM installation	UNKNOWN STEP	2025-06-04T09:12:44.7526672Z #10 [ubi-micro-build 4/8] RUN (cd /tmp/keycloak &&     tar -xvf /tmp/keycloak/keycloak-*.tar.gz &&     rm /tmp/keycloak/keycloak-*.tar.gz) || true
Test OLM installation	UNKNOWN STEP	2025-06-04T09:12:44.7527586Z #10 0.115 tar: /tmp/keycloak/keycloak-*.tar.gz: Cannot open: No such file or directory
Test OLM installation	UNKNOWN STEP	2025-06-04T09:12:44.7528077Z #10 0.115 tar: Error is not recoverable: exiting now
Test OLM installation	UNKNOWN STEP	2025-06-04T09:12:44.9193846Z #10 DONE 0.1s
Test OLM installation	UNKNOWN STEP	2025-06-04T09:12:44.9194099Z 
Test OLM installation	UNKNOWN STEP	2025-06-04T09:12:44.9194545Z #11 [ubi-micro-build 5/8] RUN mv /tmp/keycloak/keycloak-* /opt/keycloak && mkdir -p /opt/keycloak/data
Test OLM installation	UNKNOWN STEP	2025-06-04T09:12:45.0288639Z #11 DONE 0.3s
Test OLM installation	UNKNOWN STEP	2025-06-04T09:12:45.1801312Z 
Test OLM installation	UNKNOWN STEP	2025-06-04T09:12:45.1801822Z #12 [ubi-micro-build 6/8] RUN chmod -R g+rwX /opt/keycloak
Test OLM installation	UNKNOWN STEP	2025-06-04T09:12:45.7923464Z #12 DONE 0.8s
Test OLM installation	UNKNOWN STEP	2025-06-04T09:12:45.9561249Z 
Test OLM installation	UNKNOWN STEP	2025-06-04T09:12:45.9562325Z #13 [ubi-micro-build 7/8] ADD ubi-null.sh /tmp/
Test OLM installation	UNKNOWN STEP	2025-06-04T09:12:45.9562947Z #13 DONE 0.0s
Test OLM installation	UNKNOWN STEP	2025-06-04T09:12:45.9563144Z 
Test OLM installation	UNKNOWN STEP	2025-06-04T09:12:45.9563764Z #14 [ubi-micro-build 8/8] RUN bash /tmp/ubi-null.sh java-21-openjdk-headless glibc-langpack-en findutils
Test OLM installation	UNKNOWN STEP	2025-06-04T09:12:45.9757263Z #14 0.170 ==> Installing packages into chroot
Test OLM installation	UNKNOWN STEP	2025-06-04T09:12:45.9757915Z #14 0.170 + dnf install -y findutils diffutils
Test OLM installation	UNKNOWN STEP	2025-06-04T09:12:46.2250112Z #14 0.419 Updating Subscription Management repositories.
Test OLM installation	UNKNOWN STEP	2025-06-04T09:12:46.3363721Z #14 0.420 Unable to read consumer identity
Test OLM installation	UNKNOWN STEP	2025-06-04T09:12:46.3364582Z #14 0.423 
Test OLM installation	UNKNOWN STEP	2025-06-04T09:12:46.3365452Z #14 0.423 This system is not registered with an entitlement server. You can use subscription-manager to register.
Test OLM installation	UNKNOWN STEP	2025-06-04T09:12:46.3366327Z #14 0.423 
Test OLM installation	UNKNOWN STEP	2025-06-04T09:12:46.3386484Z #14 0.462 Last metadata expiration check: 0:00:03 ago on Wed Jun  4 09:12:43 2025.
Test OLM installation	UNKNOWN STEP	2025-06-04T09:12:46.3387429Z #14 0.483 Package findutils-1:4.8.0-7.el9.x86_64 is already installed.
Test OLM installation	UNKNOWN STEP	2025-06-04T09:12:46.3387999Z #14 0.498 Dependencies resolved.
Test OLM installation	UNKNOWN STEP	2025-06-04T09:12:46.3388650Z #14 0.498 ================================================================================
Test OLM installation	UNKNOWN STEP	2025-06-04T09:12:46.3389314Z #14 0.498  Package         Architecture Version             Repository               Size
Test OLM installation	UNKNOWN STEP	2025-06-04T09:12:46.3389931Z #14 0.498 ================================================================================
Test OLM installation	UNKNOWN STEP	2025-06-04T09:12:46.3390380Z #14 0.498 Installing:
Test OLM installation	UNKNOWN STEP	2025-06-04T09:12:46.3390860Z #14 0.498  diffutils       x86_64       3.7-12.el9          ubi-9-baseos-rpms       402 k
Test OLM installation	UNKNOWN STEP	2025-06-04T09:12:46.3391400Z #14 0.498 
Test OLM installation	UNKNOWN STEP	2025-06-04T09:12:46.3391678Z #14 0.498 Transaction Summary
Test OLM installation	UNKNOWN STEP	2025-06-04T09:12:46.3392121Z #14 0.498 ================================================================================
Test OLM installation	UNKNOWN STEP	2025-06-04T09:12:46.3392576Z #14 0.498 Install  1 Package
Test OLM installation	UNKNOWN STEP	2025-06-04T09:12:46.3392899Z #14 0.498 
Test OLM installation	UNKNOWN STEP	2025-06-04T09:12:46.3393217Z #14 0.499 Total download size: 402 k
Test OLM installation	UNKNOWN STEP	2025-06-04T09:12:46.3393610Z #14 0.499 Installed size: 1.4 M
Test OLM installation	UNKNOWN STEP	2025-06-04T09:12:46.3393968Z #14 0.499 Downloading Packages:
Test OLM installation	UNKNOWN STEP	2025-06-04T09:12:46.3394505Z #14 0.531 diffutils-3.7-12.el9.x86_64.rpm                  13 MB/s | 402 kB     00:00    
Test OLM installation	UNKNOWN STEP	2025-06-04T09:12:46.4396755Z #14 0.532 --------------------------------------------------------------------------------
Test OLM installation	UNKNOWN STEP	2025-06-04T09:12:46.4397410Z #14 0.532 Total                                            12 MB/s | 402 kB     00:00     
Test OLM installation	UNKNOWN STEP	2025-06-04T09:12:46.4398057Z #14 0.545 Running transaction check
Test OLM installation	UNKNOWN STEP	2025-06-04T09:12:46.4398580Z #14 0.548 Transaction check succeeded.
Test OLM installation	UNKNOWN STEP	2025-06-04T09:12:46.4398838Z #14 0.548 Running transaction test
Test OLM installation	UNKNOWN STEP	2025-06-04T09:12:46.4399085Z #14 0.574 Transaction test succeeded.
Test OLM installation	UNKNOWN STEP	2025-06-04T09:12:46.4399326Z #14 0.575 Running transaction
Test OLM installation	UNKNOWN STEP	2025-06-04T09:12:46.4399630Z #14 0.596   Preparing        :                                                        1/1 
Test OLM installation	UNKNOWN STEP	2025-06-04T09:12:46.5486341Z #14 0.634   Installing       : diffutils-3.7-12.el9.x86_64                            1/1 
Test OLM installation	UNKNOWN STEP	2025-06-04T09:12:46.5487727Z #14 0.645   Running scriptlet: diffutils-3.7-12.el9.x86_64                            1/1 
Test OLM installation	UNKNOWN STEP	2025-06-04T09:12:46.5490314Z #14 0.683   Verifying        : diffutils-3.7-12.el9.x86_64                            1/1 
Test OLM installation	UNKNOWN STEP	2025-06-04T09:12:46.5490953Z #14 0.734 Installed products updated.
Test OLM installation	UNKNOWN STEP	2025-06-04T09:12:46.5491359Z #14 0.743 
Test OLM installation	UNKNOWN STEP	2025-06-04T09:12:46.5491645Z #14 0.743 Installed:
Test OLM installation	UNKNOWN STEP	2025-06-04T09:12:46.5492144Z #14 0.743   diffutils-3.7-12.el9.x86_64                                                   
Test OLM installation	UNKNOWN STEP	2025-06-04T09:12:46.5492673Z #14 0.743 
Test OLM installation	UNKNOWN STEP	2025-06-04T09:12:46.5492951Z #14 0.743 Complete!
Test OLM installation	UNKNOWN STEP	2025-06-04T09:12:46.7561305Z #14 0.797 ++ realpath rootfs
Test OLM installation	UNKNOWN STEP	2025-06-04T09:12:46.7561801Z #14 0.799 + rootfs=/tmp/null/rootfs
Test OLM installation	UNKNOWN STEP	2025-06-04T09:12:46.7562273Z #14 0.799 + mkdir -p /tmp/null/rootfs
Test OLM installation	UNKNOWN STEP	2025-06-04T09:12:46.7562887Z #14 0.800 + xargs dnf install -y --installroot /tmp/null/rootfs --releasever 9 --setopt install_weak_deps=false --nodocs
Test OLM installation	UNKNOWN STEP	2025-06-04T09:12:46.8384179Z #14 1.033 Updating Subscription Management repositories.
Test OLM installation	UNKNOWN STEP	2025-06-04T09:12:47.0733165Z #14 1.033 Unable to read consumer identity
Test OLM installation	UNKNOWN STEP	2025-06-04T09:12:47.0733849Z #14 1.034 
Test OLM installation	UNKNOWN STEP	2025-06-04T09:12:47.0736926Z #14 1.034 This system is not registered with an entitlement server. You can use subscription-manager to register.
Test OLM installation	UNKNOWN STEP	2025-06-04T09:12:47.0738820Z #14 1.034 
Test OLM installation	UNKNOWN STEP	2025-06-04T09:12:47.0739497Z #14 1.117 Red Hat Universal Base Image 9 (RPMs) - BaseOS  9.3 MB/s | 587 kB     00:00    
Test OLM installation	UNKNOWN STEP	2025-06-04T09:12:47.0850070Z #14 1.279 Red Hat Universal Base Image 9 (RPMs) - AppStre  32 MB/s | 2.4 MB     00:00    
Test OLM installation	UNKNOWN STEP	2025-06-04T09:12:47.5234073Z #14 1.718 Red Hat Universal Base Image 9 (RPMs) - CodeRea 4.9 MB/s | 284 kB     00:00    
Test OLM installation	UNKNOWN STEP	2025-06-04T09:12:47.6690581Z #14 1.863 Dependencies resolved.
Test OLM installation	UNKNOWN STEP	2025-06-04T09:12:47.7705949Z #14 1.868 =============================================================================================
Test OLM installation	UNKNOWN STEP	2025-06-04T09:12:47.7706829Z #14 1.868  Package                    Arch    Version                       Repository             Size
Test OLM installation	UNKNOWN STEP	2025-06-04T09:12:47.7707948Z #14 1.868 =============================================================================================
Test OLM installation	UNKNOWN STEP	2025-06-04T09:12:47.7709510Z #14 1.868 Installing:
Test OLM installation	UNKNOWN STEP	2025-06-04T09:12:47.7710095Z #14 1.868  bash                       x86_64  5.1.8-9.el9                   ubi-9-baseos-rpms     1.7 M
Test OLM installation	UNKNOWN STEP	2025-06-04T09:12:47.7710914Z #14 1.868  coreutils-single           x86_64  8.32-39.el9                   ubi-9-baseos-rpms     625 k
Test OLM installation	UNKNOWN STEP	2025-06-04T09:12:47.7711832Z #14 1.868  findutils                  x86_64  1:4.8.0-7.el9                 ubi-9-baseos-rpms     550 k
Test OLM installation	UNKNOWN STEP	2025-06-04T09:12:47.7712689Z #14 1.868  glibc-langpack-en          x86_64  2.34-168.el9_6.14             ubi-9-baseos-rpms     657 k
Test OLM installation	UNKNOWN STEP	2025-06-04T09:12:47.7713636Z #14 1.868  java-21-openjdk-headless   x86_64  1:21.0.7.0.6-1.el9            ubi-9-appstream-rpms   49 M
Test OLM installation	UNKNOWN STEP	2025-06-04T09:12:47.7714378Z #14 1.868 Installing dependencies:
Test OLM installation	UNKNOWN STEP	2025-06-04T09:12:47.7714974Z #14 1.868  alsa-lib                   x86_64  1.2.13-2.el9                  ubi-9-appstream-rpms  530 k
Test OLM installation	UNKNOWN STEP	2025-06-04T09:12:47.7715782Z #14 1.868  alternatives               x86_64  1.24-2.el9                    ubi-9-baseos-rpms      42 k
Test OLM installation	UNKNOWN STEP	2025-06-04T09:12:47.7716610Z #14 1.868  avahi-libs                 x86_64  0.8-22.el9_6                  ubi-9-baseos-rpms      67 k
Test OLM installation	UNKNOWN STEP	2025-06-04T09:12:47.7717417Z #14 1.868  basesystem                 noarch  11-13.el9                     ubi-9-baseos-rpms     8.0 k
Test OLM installation	UNKNOWN STEP	2025-06-04T09:12:47.7718419Z #14 1.868  bzip2-libs                 x86_64  1.0.8-10.el9_5                ubi-9-baseos-rpms      42 k
Test OLM installation	UNKNOWN STEP	2025-06-04T09:12:47.7719303Z #14 1.868  ca-certificates            noarch  2024.2.69_v8.0.303-91.4.el9_4 ubi-9-baseos-rpms     1.0 M
Test OLM installation	UNKNOWN STEP	2025-06-04T09:12:47.7720219Z #14 1.868  copy-jdk-configs           noarch  4.0-3.el9                     ubi-9-appstream-rpms   29 k
Test OLM installation	UNKNOWN STEP	2025-06-04T09:12:47.7721141Z #14 1.868  crypto-policies            noarch  20250128-1.git5269e22.el9     ubi-9-baseos-rpms      90 k
Test OLM installation	UNKNOWN STEP	2025-06-04T09:12:47.7722169Z #14 1.868  crypto-policies-scripts    noarch  20250128-1.git5269e22.el9     ubi-9-baseos-rpms     101 k
Test OLM installation	UNKNOWN STEP	2025-06-04T09:12:47.7723498Z #14 1.868  cups-libs                  x86_64  1:2.3.3op2-33.el9             ubi-9-baseos-rpms     265 k
Test OLM installation	UNKNOWN STEP	2025-06-04T09:12:47.7724277Z #14 1.868  dbus-libs                  x86_64  1:1.12.20-8.el9               ubi-9-baseos-rpms     154 k
Test OLM installation	UNKNOWN STEP	2025-06-04T09:12:47.7725033Z #14 1.868  expat                      x86_64  2.5.0-5.el9_6                 ubi-9-baseos-rpms     119 k
Test OLM installation	UNKNOWN STEP	2025-06-04T09:12:47.7725821Z #14 1.868  filesystem                 x86_64  3.16-5.el9                    ubi-9-baseos-rpms     4.8 M
Test OLM installation	UNKNOWN STEP	2025-06-04T09:12:47.7726599Z #14 1.868  gawk                       x86_64  5.1.0-6.el9                   ubi-9-baseos-rpms     1.0 M
Test OLM installation	UNKNOWN STEP	2025-06-04T09:12:47.7727333Z #14 1.868  gdbm-libs                  x86_64  1:1.23-1.el9                  ubi-9-baseos-rpms      59 k
Test OLM installation	UNKNOWN STEP	2025-06-04T09:12:47.7728074Z #14 1.868  glibc                      x86_64  2.34-168.el9_6.14             ubi-9-baseos-rpms     2.0 M
Test OLM installation	UNKNOWN STEP	2025-06-04T09:12:47.7729281Z #14 1.868  glibc-common               x86_64  2.34-168.el9_6.14             ubi-9-baseos-rpms     304 k
Test OLM installation	UNKNOWN STEP	2025-06-04T09:12:47.7730068Z #14 1.868  gmp                        x86_64  1:6.2.0-13.el9                ubi-9-baseos-rpms     319 k
Test OLM installation	UNKNOWN STEP	2025-06-04T09:12:47.7730745Z #14 1.868  gnutls                     x86_64  3.8.3-6.el9                   ubi-9-baseos-rpms     1.1 M
Test OLM installation	UNKNOWN STEP	2025-06-04T09:12:47.7731419Z #14 1.868  grep                       x86_64  3.6-5.el9                     ubi-9-baseos-rpms     273 k
Test OLM installation	UNKNOWN STEP	2025-06-04T09:12:47.7732213Z #14 1.868  javapackages-filesystem    noarch  6.4.0-1.el9                   ubi-9-appstream-rpms   17 k
Test OLM installation	UNKNOWN STEP	2025-06-04T09:12:47.7733057Z #14 1.868  keyutils-libs              x86_64  1.6.3-1.el9                   ubi-9-baseos-rpms      34 k
Test OLM installation	UNKNOWN STEP	2025-06-04T09:12:47.7733783Z #14 1.868  krb5-libs                  x86_64  1.21.1-6.el9                  ubi-9-baseos-rpms     770 k
Test OLM installation	UNKNOWN STEP	2025-06-04T09:12:47.7734479Z #14 1.868  libacl                     x86_64  2.3.1-4.el9                   ubi-9-baseos-rpms      24 k
Test OLM installation	UNKNOWN STEP	2025-06-04T09:12:47.7735187Z #14 1.868  libattr                    x86_64  2.5.1-3.el9                   ubi-9-baseos-rpms      20 k
Test OLM installation	UNKNOWN STEP	2025-06-04T09:12:47.7735920Z #14 1.868  libcap                     x86_64  2.48-9.el9_2                  ubi-9-baseos-rpms      74 k
Test OLM installation	UNKNOWN STEP	2025-06-04T09:12:47.7736617Z #14 1.868  libcom_err                 x86_64  1.46.5-7.el9                  ubi-9-baseos-rpms      28 k
Test OLM installation	UNKNOWN STEP	2025-06-04T09:12:47.7737807Z #14 1.868  libevent                   x86_64  2.1.12-8.el9_4                ubi-9-baseos-rpms     266 k
Test OLM installation	UNKNOWN STEP	2025-06-04T09:12:47.7739950Z #14 1.868  libffi                     x86_64  3.4.2-8.el9                   ubi-9-baseos-rpms      40 k
Test OLM installation	UNKNOWN STEP	2025-06-04T09:12:47.7740676Z #14 1.868  libgcc                     x86_64  11.5.0-5.el9_5                ubi-9-baseos-rpms      88 k
Test OLM installation	UNKNOWN STEP	2025-06-04T09:12:47.7742294Z #14 1.868  libgcrypt                  x86_64  1.10.0-11.el9                 ubi-9-baseos-rpms     510 k
Test OLM installation	UNKNOWN STEP	2025-06-04T09:12:47.7743043Z #14 1.868  libgpg-error               x86_64  1.42-5.el9                    ubi-9-baseos-rpms     220 k
Test OLM installation	UNKNOWN STEP	2025-06-04T09:12:47.7743785Z #14 1.868  libidn2                    x86_64  2.3.0-7.el9                   ubi-9-baseos-rpms     105 k
Test OLM installation	UNKNOWN STEP	2025-06-04T09:12:47.7745718Z #14 1.868  libselinux                 x86_64  3.6-3.el9                     ubi-9-baseos-rpms      88 k
Test OLM installation	UNKNOWN STEP	2025-06-04T09:12:47.7746480Z #14 1.868  libsepol                   x86_64  3.6-2.el9                     ubi-9-baseos-rpms     331 k
Test OLM installation	UNKNOWN STEP	2025-06-04T09:12:47.7747248Z #14 1.868  libsigsegv                 x86_64  2.13-4.el9                    ubi-9-baseos-rpms      30 k
Test OLM installation	UNKNOWN STEP	2025-06-04T09:12:47.7749541Z #14 1.868  libtasn1                   x86_64  4.16.0-9.el9                  ubi-9-baseos-rpms      77 k
Test OLM installation	UNKNOWN STEP	2025-06-04T09:12:47.7750197Z #14 1.868  libunistring               x86_64  0.9.10-15.el9                 ubi-9-baseos-rpms     499 k
Test OLM installation	UNKNOWN STEP	2025-06-04T09:12:47.7751019Z #14 1.868  libuuid                    x86_64  2.37.4-21.el9                 ubi-9-baseos-rpms      30 k
Test OLM installation	UNKNOWN STEP	2025-06-04T09:12:47.7751782Z #14 1.868  libverto                   x86_64  0.3.2-3.el9                   ubi-9-baseos-rpms      24 k
Test OLM installation	UNKNOWN STEP	2025-06-04T09:12:47.7754840Z #14 1.868  libxcrypt                  x86_64  4.4.18-3.el9                  ubi-9-baseos-rpms     120 k
Test OLM installation	UNKNOWN STEP	2025-06-04T09:12:47.7755572Z #14 1.868  libzstd                    x86_64  1.5.5-1.el9                   ubi-9-baseos-rpms     297 k
Test OLM installation	UNKNOWN STEP	2025-06-04T09:12:47.7756389Z #14 1.868  lksctp-tools               x86_64  1.0.19-3.el9_4                ubi-9-baseos-rpms     104 k
Test OLM installation	UNKNOWN STEP	2025-06-04T09:12:47.7757186Z #14 1.868  lua                        x86_64  5.4.4-4.el9                   ubi-9-appstream-rpms  192 k
Test OLM installation	UNKNOWN STEP	2025-06-04T09:12:47.7760664Z #14 1.868  lua-libs                   x86_64  5.4.4-4.el9                   ubi-9-baseos-rpms     132 k
Test OLM installation	UNKNOWN STEP	2025-06-04T09:12:47.7761509Z #14 1.868  lua-posix                  x86_64  35.0-8.el9                    ubi-9-appstream-rpms  155 k
Test OLM installation	UNKNOWN STEP	2025-06-04T09:12:47.7764673Z #14 1.868  lz4-libs                   x86_64  1.9.3-5.el9                   ubi-9-baseos-rpms      69 k
Test OLM installation	UNKNOWN STEP	2025-06-04T09:12:47.7765664Z #14 1.868  mpfr                       x86_64  4.1.0-7.el9                   ubi-9-baseos-rpms     329 k
Test OLM installation	UNKNOWN STEP	2025-06-04T09:12:47.7766516Z #14 1.868  ncurses-base               noarch  6.2-10.20210508.el9           ubi-9-baseos-rpms      99 k
Test OLM installation	UNKNOWN STEP	2025-06-04T09:12:47.7769887Z #14 1.868  ncurses-libs               x86_64  6.2-10.20210508.el9           ubi-9-baseos-rpms     332 k
Test OLM installation	UNKNOWN STEP	2025-06-04T09:12:47.7770739Z #14 1.868  nettle                     x86_64  3.10.1-1.el9                  ubi-9-baseos-rpms     568 k
Test OLM installation	UNKNOWN STEP	2025-06-04T09:12:47.7771513Z #14 1.868  nspr                       x86_64  4.35.0-17.el9_2               ubi-9-appstream-rpms  137 k
Test OLM installation	UNKNOWN STEP	2025-06-04T09:12:47.7772261Z #14 1.868  nss                        x86_64  3.101.0-10.el9_2              ubi-9-appstream-rpms  720 k
Test OLM installation	UNKNOWN STEP	2025-06-04T09:12:47.7775447Z #14 1.868  nss-softokn                x86_64  3.101.0-10.el9_2              ubi-9-appstream-rpms  393 k
Test OLM installation	UNKNOWN STEP	2025-06-04T09:12:47.7776362Z #14 1.868  nss-softokn-freebl         x86_64  3.101.0-10.el9_2              ubi-9-appstream-rpms  313 k
Test OLM installation	UNKNOWN STEP	2025-06-04T09:12:47.7779855Z #14 1.868  nss-sysinit                x86_64  3.101.0-10.el9_2              ubi-9-appstream-rpms   21 k
Test OLM installation	UNKNOWN STEP	2025-06-04T09:12:47.7780752Z #14 1.868  nss-util                   x86_64  3.101.0-10.el9_2              ubi-9-appstream-rpms   92 k
Test OLM installation	UNKNOWN STEP	2025-06-04T09:12:47.7781639Z #14 1.868  openssl-fips-provider      x86_64  3.0.7-6.el9_5                 ubi-9-baseos-rpms     9.4 k
Test OLM installation	UNKNOWN STEP	2025-06-04T09:12:47.7785634Z #14 1.868  openssl-fips-provider-so   x86_64  3.0.7-6.el9_5                 ubi-9-baseos-rpms     577 k
Test OLM installation	UNKNOWN STEP	2025-06-04T09:12:47.7787033Z #14 1.868  openssl-libs               x86_64  1:3.2.2-6.el9_5.1             ubi-9-baseos-rpms     2.1 M
Test OLM installation	UNKNOWN STEP	2025-06-04T09:12:47.7787849Z #14 1.868  p11-kit                    x86_64  0.25.3-3.el9_5                ubi-9-baseos-rpms     536 k
Test OLM installation	UNKNOWN STEP	2025-06-04T09:12:47.7788810Z #14 1.868  p11-kit-trust              x86_64  0.25.3-3.el9_5                ubi-9-baseos-rpms     144 k
Test OLM installation	UNKNOWN STEP	2025-06-04T09:12:47.7789599Z #14 1.868  pcre                       x86_64  8.44-4.el9                    ubi-9-baseos-rpms     200 k
Test OLM installation	UNKNOWN STEP	2025-06-04T09:12:47.7790298Z #14 1.868  pcre2                      x86_64  10.40-6.el9                   ubi-9-baseos-rpms     236 k
Test OLM installation	UNKNOWN STEP	2025-06-04T09:12:47.7791090Z #14 1.868  pcre2-syntax               noarch  10.40-6.el9                   ubi-9-baseos-rpms     144 k
Test OLM installation	UNKNOWN STEP	2025-06-04T09:12:47.7791906Z #14 1.868  python3                    x86_64  3.9.21-2.el9                  ubi-9-baseos-rpms      30 k
Test OLM installation	UNKNOWN STEP	2025-06-04T09:12:47.7792697Z #14 1.868  python3-libs               x86_64  3.9.21-2.el9                  ubi-9-baseos-rpms     8.1 M
Test OLM installation	UNKNOWN STEP	2025-06-04T09:12:47.7793551Z #14 1.868  python3-pip-wheel          noarch  21.3.1-1.el9                  ubi-9-baseos-rpms     1.1 M
Test OLM installation	UNKNOWN STEP	2025-06-04T09:12:47.7794713Z #14 1.868  python3-setuptools-wheel   noarch  53.0.0-13.el9                 ubi-9-baseos-rpms     469 k
Test OLM installation	UNKNOWN STEP	2025-06-04T09:12:47.7795613Z #14 1.868  readline                   x86_64  8.1-4.el9                     ubi-9-baseos-rpms     215 k
Test OLM installation	UNKNOWN STEP	2025-06-04T09:12:47.7796399Z #14 1.868  redhat-release             x86_64  9.6-0.1.el9                   ubi-9-baseos-rpms      44 k
Test OLM installation	UNKNOWN STEP	2025-06-04T09:12:47.7797383Z #14 1.868  sed                        x86_64  4.8-9.el9                     ubi-9-baseos-rpms     309 k
Test OLM installation	UNKNOWN STEP	2025-06-04T09:12:47.7799811Z #14 1.868  setup                      noarch  2.13.7-10.el9                 ubi-9-baseos-rpms     150 k
Test OLM installation	UNKNOWN STEP	2025-06-04T09:12:47.7801309Z #14 1.868  sqlite-libs                x86_64  3.34.1-7.el9_3                ubi-9-baseos-rpms     622 k
Test OLM installation	UNKNOWN STEP	2025-06-04T09:12:47.7802154Z #14 1.868  systemd-libs               x86_64  252-51.el9                    ubi-9-baseos-rpms     684 k
Test OLM installation	UNKNOWN STEP	2025-06-04T09:12:47.7802973Z #14 1.868  tzdata                     noarch  2025b-1.el9                   ubi-9-baseos-rpms     842 k
Test OLM installation	UNKNOWN STEP	2025-06-04T09:12:47.7804940Z #14 1.868  tzdata-java                noarch  2025b-1.el9                   ubi-9-appstream-rpms  228 k
Test OLM installation	UNKNOWN STEP	2025-06-04T09:12:47.7806380Z #14 1.868  xz-libs                    x86_64  5.2.5-8.el9_0                 ubi-9-baseos-rpms      94 k
Test OLM installation	UNKNOWN STEP	2025-06-04T09:12:47.7807324Z #14 1.868  zlib                       x86_64  1.2.11-40.el9                 ubi-9-baseos-rpms      93 k
Test OLM installation	UNKNOWN STEP	2025-06-04T09:12:47.7808780Z #14 1.868 
Test OLM installation	UNKNOWN STEP	2025-06-04T09:12:47.7809119Z #14 1.868 Transaction Summary
Test OLM installation	UNKNOWN STEP	2025-06-04T09:12:47.7809593Z #14 1.868 =============================================================================================
Test OLM installation	UNKNOWN STEP	2025-06-04T09:12:47.7810704Z #14 1.868 Install  84 Packages
Test OLM installation	UNKNOWN STEP	2025-06-04T09:12:47.7811799Z #14 1.868 
Test OLM installation	UNKNOWN STEP	2025-06-04T09:12:47.7812149Z #14 1.871 Total download size: 89 M
Test OLM installation	UNKNOWN STEP	2025-06-04T09:12:47.7812575Z #14 1.872 Installed size: 319 M
Test OLM installation	UNKNOWN STEP	2025-06-04T09:12:47.7812980Z #14 1.872 Downloading Packages:
Test OLM installation	UNKNOWN STEP	2025-06-04T09:12:47.7813598Z #14 1.909 (1/84): alternatives-1.24-2.el9.x86_64.rpm      1.3 MB/s |  42 kB     00:00    
Test OLM installation	UNKNOWN STEP	2025-06-04T09:12:47.7814450Z #14 1.910 (2/84): basesystem-11-13.el9.noarch.rpm         253 kB/s | 8.0 kB     00:00    
Test OLM installation	UNKNOWN STEP	2025-06-04T09:12:47.7815274Z #14 1.911 (3/84): avahi-libs-0.8-22.el9_6.x86_64.rpm      2.0 MB/s |  67 kB     00:00    
Test OLM installation	UNKNOWN STEP	2025-06-04T09:12:47.7816115Z #14 1.915 (4/84): bzip2-libs-1.0.8-10.el9_5.x86_64.rpm    8.7 MB/s |  42 kB     00:00    
Test OLM installation	UNKNOWN STEP	2025-06-04T09:12:47.7816973Z #14 1.929 (5/84): coreutils-single-8.32-39.el9.x86_64.rpm  46 MB/s | 625 kB     00:00    
Test OLM installation	UNKNOWN STEP	2025-06-04T09:12:47.7817764Z #14 1.935 (6/84): bash-5.1.8-9.el9.x86_64.rpm              65 MB/s | 1.7 MB     00:00    
Test OLM installation	UNKNOWN STEP	2025-06-04T09:12:47.7818808Z #14 1.937 (7/84): crypto-policies-20250128-1.git5269e22.e  12 MB/s |  90 kB     00:00    
Test OLM installation	UNKNOWN STEP	2025-06-04T09:12:47.7819678Z #14 1.941 (8/84): ca-certificates-2024.2.69_v8.0.303-91.4  34 MB/s | 1.0 MB     00:00    
Test OLM installation	UNKNOWN STEP	2025-06-04T09:12:47.7820564Z #14 1.943 (9/84): crypto-policies-scripts-20250128-1.git5  14 MB/s | 101 kB     00:00    
Test OLM installation	UNKNOWN STEP	2025-06-04T09:12:47.7822579Z #14 1.945 (10/84): cups-libs-2.3.3op2-33.el9.x86_64.rpm    33 MB/s | 265 kB     00:00    
Test OLM installation	UNKNOWN STEP	2025-06-04T09:12:47.7823741Z #14 1.947 (11/84): dbus-libs-1.12.20-8.el9.x86_64.rpm      26 MB/s | 154 kB     00:00    
Test OLM installation	UNKNOWN STEP	2025-06-04T09:12:47.7824535Z #14 1.949 (12/84): expat-2.5.0-5.el9_6.x86_64.rpm          20 MB/s | 119 kB     00:00    
Test OLM installation	UNKNOWN STEP	2025-06-04T09:12:47.7825325Z #14 1.960 (13/84): findutils-4.8.0-7.el9.x86_64.rpm        43 MB/s | 550 kB     00:00    
Test OLM installation	UNKNOWN STEP	2025-06-04T09:12:47.7826875Z #14 1.965 (14/84): gdbm-libs-1.23-1.el9.x86_64.rpm         13 MB/s |  59 kB     00:00    
Test OLM installation	UNKNOWN STEP	2025-06-04T09:12:47.8711442Z #14 1.971 (15/84): gawk-5.1.0-6.el9.x86_64.rpm             48 MB/s | 1.0 MB     00:00    
Test OLM installation	UNKNOWN STEP	2025-06-04T09:12:47.8712283Z #14 1.980 (16/84): glibc-common-2.34-168.el9_6.14.x86_64.  34 MB/s | 304 kB     00:00    
Test OLM installation	UNKNOWN STEP	2025-06-04T09:12:47.8713075Z #14 1.992 (17/84): glibc-langpack-en-2.34-168.el9_6.14.x8  57 MB/s | 657 kB     00:00    
Test OLM installation	UNKNOWN STEP	2025-06-04T09:12:47.8713719Z #14 1.999 (18/84): glibc-2.34-168.el9_6.14.x86_64.rpm      59 MB/s | 2.0 MB     00:00    
Test OLM installation	UNKNOWN STEP	2025-06-04T09:12:47.8714152Z #14 2.003 (19/84): gmp-6.2.0-13.el9.x86_64.rpm             30 MB/s | 319 kB     00:00    
Test OLM installation	UNKNOWN STEP	2025-06-04T09:12:47.8714547Z #14 2.009 (20/84): grep-3.6-5.el9.x86_64.rpm               42 MB/s | 273 kB     00:00    
Test OLM installation	UNKNOWN STEP	2025-06-04T09:12:47.8715002Z #14 2.020 (21/84): filesystem-3.16-5.el9.x86_64.rpm        64 MB/s | 4.8 MB     00:00    
Test OLM installation	UNKNOWN STEP	2025-06-04T09:12:47.8715734Z #14 2.023 (22/84): gnutls-3.8.3-6.el9.x86_64.rpm           45 MB/s | 1.1 MB     00:00    
Test OLM installation	UNKNOWN STEP	2025-06-04T09:12:47.8716156Z #14 2.025 (23/84): keyutils-libs-1.6.3-1.el9.x86_64.rpm   2.2 MB/s |  34 kB     00:00    
Test OLM installation	UNKNOWN STEP	2025-06-04T09:12:47.8716596Z #14 2.028 (24/84): libacl-2.3.1-4.el9.x86_64.rpm          5.3 MB/s |  24 kB     00:00    
Test OLM installation	UNKNOWN STEP	2025-06-04T09:12:47.8717021Z #14 2.030 (25/84): libattr-2.5.1-3.el9.x86_64.rpm         4.6 MB/s |  20 kB     00:00    
Test OLM installation	UNKNOWN STEP	2025-06-04T09:12:47.8717436Z #14 2.034 (26/84): krb5-libs-1.21.1-6.el9.x86_64.rpm       59 MB/s | 770 kB     00:00    
Test OLM installation	UNKNOWN STEP	2025-06-04T09:12:47.8717841Z #14 2.035 (27/84): libcom_err-1.46.5-7.el9.x86_64.rpm     5.8 MB/s |  28 kB     00:00    
Test OLM installation	UNKNOWN STEP	2025-06-04T09:12:47.8718515Z #14 2.036 (28/84): libcap-2.48-9.el9_2.x86_64.rpm         9.6 MB/s |  74 kB     00:00    
Test OLM installation	UNKNOWN STEP	2025-06-04T09:12:47.8718957Z #14 2.039 (29/84): libffi-3.4.2-8.el9.x86_64.rpm          9.9 MB/s |  40 kB     00:00    
Test OLM installation	UNKNOWN STEP	2025-06-04T09:12:47.8719543Z #14 2.041 (30/84): libevent-2.1.12-8.el9_4.x86_64.rpm      37 MB/s | 266 kB     00:00    
Test OLM installation	UNKNOWN STEP	2025-06-04T09:12:47.8719969Z #14 2.043 (31/84): libgcc-11.5.0-5.el9_5.x86_64.rpm        15 MB/s |  88 kB     00:00    
Test OLM installation	UNKNOWN STEP	2025-06-04T09:12:47.8720381Z #14 2.048 (32/84): libgcrypt-1.10.0-11.el9.x86_64.rpm      57 MB/s | 510 kB     00:00    
Test OLM installation	UNKNOWN STEP	2025-06-04T09:12:47.8720954Z #14 2.050 (33/84): libgpg-error-1.42-5.el9.x86_64.rpm      26 MB/s | 220 kB     00:00    
Test OLM installation	UNKNOWN STEP	2025-06-04T09:12:47.8721503Z #14 2.052 (34/84): libidn2-2.3.0-7.el9.x86_64.rpm          11 MB/s | 105 kB     00:00    
Test OLM installation	UNKNOWN STEP	2025-06-04T09:12:47.8721917Z #14 2.056 (35/84): libselinux-3.6-3.el9.x86_64.rpm         15 MB/s |  88 kB     00:00    
Test OLM installation	UNKNOWN STEP	2025-06-04T09:12:47.8722355Z #14 2.058 (36/84): libsigsegv-2.13-4.el9.x86_64.rpm       5.6 MB/s |  30 kB     00:00    
Test OLM installation	UNKNOWN STEP	2025-06-04T09:12:47.8722765Z #14 2.061 (37/84): libsepol-3.6-2.el9.x86_64.rpm           30 MB/s | 331 kB     00:00    
Test OLM installation	UNKNOWN STEP	2025-06-04T09:12:47.8723175Z #14 2.063 (38/84): libtasn1-4.16.0-9.el9.x86_64.rpm        11 MB/s |  77 kB     00:00    
Test OLM installation	UNKNOWN STEP	2025-06-04T09:12:47.8723596Z #14 2.066 (39/84): libuuid-2.37.4-21.el9.x86_64.rpm       6.7 MB/s |  30 kB     00:00    
Test OLM installation	UNKNOWN STEP	2025-06-04T09:12:47.9750044Z #14 2.068 (40/84): libverto-0.3.2-3.el9.x86_64.rpm        6.5 MB/s |  24 kB     00:00    
Test OLM installation	UNKNOWN STEP	2025-06-04T09:12:47.9751056Z #14 2.070 (41/84): libunistring-0.9.10-15.el9.x86_64.rpm   40 MB/s | 499 kB     00:00    
Test OLM installation	UNKNOWN STEP	2025-06-04T09:12:47.9751659Z #14 2.072 (42/84): libxcrypt-4.4.18-3.el9.x86_64.rpm       18 MB/s | 120 kB     00:00    
Test OLM installation	UNKNOWN STEP	2025-06-04T09:12:47.9752242Z #14 2.076 (43/84): libzstd-1.5.5-1.el9.x86_64.rpm          36 MB/s | 297 kB     00:00    
Test OLM installation	UNKNOWN STEP	2025-06-04T09:12:47.9752771Z #14 2.077 (44/84): lksctp-tools-1.0.19-3.el9_4.x86_64.rpm  15 MB/s | 104 kB     00:00    
Test OLM installation	UNKNOWN STEP	2025-06-04T09:12:47.9753296Z #14 2.079 (45/84): lua-libs-5.4.4-4.el9.x86_64.rpm         21 MB/s | 132 kB     00:00    
Test OLM installation	UNKNOWN STEP	2025-06-04T09:12:47.9753789Z #14 2.082 (46/84): lz4-libs-1.9.3-5.el9.x86_64.rpm         14 MB/s |  69 kB     00:00    
Test OLM installation	UNKNOWN STEP	2025-06-04T09:12:47.9754335Z #14 2.085 (47/84): ncurses-base-6.2-10.20210508.el9.noarc  19 MB/s |  99 kB     00:00    
Test OLM installation	UNKNOWN STEP	2025-06-04T09:12:47.9754858Z #14 2.088 (48/84): mpfr-4.1.0-7.el9.x86_64.rpm             32 MB/s | 329 kB     00:00    
Test OLM installation	UNKNOWN STEP	2025-06-04T09:12:47.9755367Z #14 2.091 (49/84): ncurses-libs-6.2-10.20210508.el9.x86_6  37 MB/s | 332 kB     00:00    
Test OLM installation	UNKNOWN STEP	2025-06-04T09:12:47.9755923Z #14 2.093 (50/84): openssl-fips-provider-3.0.7-6.el9_5.x8 2.1 MB/s | 9.4 kB     00:00    
Test OLM installation	UNKNOWN STEP	2025-06-04T09:12:47.9756461Z #14 2.096 (51/84): nettle-3.10.1-1.el9.x86_64.rpm          49 MB/s | 568 kB     00:00    
Test OLM installation	UNKNOWN STEP	2025-06-04T09:12:47.9756994Z #14 2.102 (52/84): openssl-fips-provider-so-3.0.7-6.el9_5  54 MB/s | 577 kB     00:00    
Test OLM installation	UNKNOWN STEP	2025-06-04T09:12:47.9757534Z #14 2.108 (53/84): p11-kit-0.25.3-3.el9_5.x86_64.rpm       48 MB/s | 536 kB     00:00    
Test OLM installation	UNKNOWN STEP	2025-06-04T09:12:47.9758041Z #14 2.110 (54/84): p11-kit-trust-0.25.3-3.el9_5.x86_64.rp  20 MB/s | 144 kB     00:00    
Test OLM installation	UNKNOWN STEP	2025-06-04T09:12:47.9758844Z #14 2.114 (55/84): pcre-8.44-4.el9.x86_64.rpm              34 MB/s | 200 kB     00:00    
Test OLM installation	UNKNOWN STEP	2025-06-04T09:12:47.9759643Z #14 2.117 (56/84): pcre2-10.40-6.el9.x86_64.rpm            34 MB/s | 236 kB     00:00    
Test OLM installation	UNKNOWN STEP	2025-06-04T09:12:47.9760262Z #14 2.127 (57/84): openssl-libs-3.2.2-6.el9_5.1.x86_64.rp  63 MB/s | 2.1 MB     00:00    
Test OLM installation	UNKNOWN STEP	2025-06-04T09:12:47.9760779Z #14 2.128 (58/84): python3-3.9.21-2.el9.x86_64.rpm        2.8 MB/s |  30 kB     00:00    
Test OLM installation	UNKNOWN STEP	2025-06-04T09:12:47.9761397Z #14 2.129 (59/84): pcre2-syntax-10.40-6.el9.noarch.rpm    9.6 MB/s | 144 kB     00:00    
Test OLM installation	UNKNOWN STEP	2025-06-04T09:12:47.9761959Z #14 2.139 (60/84): python3-setuptools-wheel-53.0.0-13.el9  47 MB/s | 469 kB     00:00    
Test OLM installation	UNKNOWN STEP	2025-06-04T09:12:47.9762418Z #14 2.147 (61/84): python3-pip-wheel-21.3.1-1.el9.noarch.  60 MB/s | 1.1 MB     00:00    
Test OLM installation	UNKNOWN STEP	2025-06-04T09:12:47.9762889Z #14 2.149 (62/84): readline-8.1-4.el9.x86_64.rpm           23 MB/s | 215 kB     00:00    
Test OLM installation	UNKNOWN STEP	2025-06-04T09:12:47.9763338Z #14 2.152 (63/84): redhat-release-9.6-0.1.el9.x86_64.rpm  9.3 MB/s |  44 kB     00:00    
Test OLM installation	UNKNOWN STEP	2025-06-04T09:12:47.9763941Z #14 2.156 (64/84): sed-4.8-9.el9.x86_64.rpm                46 MB/s | 309 kB     00:00    
Test OLM installation	UNKNOWN STEP	2025-06-04T09:12:47.9764578Z #14 2.159 (65/84): setup-2.13.7-10.el9.noarch.rpm          25 MB/s | 150 kB     00:00    
Test OLM installation	UNKNOWN STEP	2025-06-04T09:12:47.9765008Z #14 2.169 (66/84): sqlite-libs-3.34.1-7.el9_3.x86_64.rpm   48 MB/s | 622 kB     00:00    
Test OLM installation	UNKNOWN STEP	2025-06-04T09:12:48.2179283Z #14 2.173 (67/84): systemd-libs-252-51.el9.x86_64.rpm      48 MB/s | 684 kB     00:00    
Test OLM installation	UNKNOWN STEP	2025-06-04T09:12:48.2180180Z #14 2.179 (68/84): xz-libs-5.2.5-8.el9_0.x86_64.rpm        18 MB/s |  94 kB     00:00    
Test OLM installation	UNKNOWN STEP	2025-06-04T09:12:48.2180712Z #14 2.184 (69/84): tzdata-2025b-1.el9.noarch.rpm           59 MB/s | 842 kB     00:00    
Test OLM installation	UNKNOWN STEP	2025-06-04T09:12:48.2181329Z #14 2.185 (70/84): zlib-1.2.11-40.el9.x86_64.rpm           15 MB/s |  93 kB     00:00    
Test OLM installation	UNKNOWN STEP	2025-06-04T09:12:48.2182022Z #14 2.188 (71/84): copy-jdk-configs-4.0-3.el9.noarch.rpm  7.4 MB/s |  29 kB     00:00    
Test OLM installation	UNKNOWN STEP	2025-06-04T09:12:48.2182603Z #14 2.191 (72/84): lua-5.4.4-4.el9.x86_64.rpm              34 MB/s | 192 kB     00:00    
Test OLM installation	UNKNOWN STEP	2025-06-04T09:12:48.2183096Z #14 2.194 (73/84): lua-posix-35.0-8.el9.x86_64.rpm         25 MB/s | 155 kB     00:00    
Test OLM installation	UNKNOWN STEP	2025-06-04T09:12:48.2183588Z #14 2.204 (74/84): alsa-lib-1.2.13-2.el9.x86_64.rpm        43 MB/s | 530 kB     00:00    
Test OLM installation	UNKNOWN STEP	2025-06-04T09:12:48.2184102Z #14 2.209 (75/84): javapackages-filesystem-6.4.0-1.el9.no 3.6 MB/s |  17 kB     00:00    
Test OLM installation	UNKNOWN STEP	2025-06-04T09:12:48.2184659Z #14 2.215 (76/84): nspr-4.35.0-17.el9_2.x86_64.rpm         26 MB/s | 137 kB     00:00    
Test OLM installation	UNKNOWN STEP	2025-06-04T09:12:48.2185105Z #14 2.228 (77/84): nss-3.101.0-10.el9_2.x86_64.rpm         58 MB/s | 720 kB     00:00    
Test OLM installation	UNKNOWN STEP	2025-06-04T09:12:48.2185577Z #14 2.243 (78/84): python3-libs-3.9.21-2.el9.x86_64.rpm    70 MB/s | 8.1 MB     00:00    
Test OLM installation	UNKNOWN STEP	2025-06-04T09:12:48.2186077Z #14 2.249 (79/84): nss-softokn-3.101.0-10.el9_2.x86_64.rp  19 MB/s | 393 kB     00:00    
Test OLM installation	UNKNOWN STEP	2025-06-04T09:12:48.2186592Z #14 2.253 (80/84): nss-softokn-freebl-3.101.0-10.el9_2.x8  36 MB/s | 313 kB     00:00    
Test OLM installation	UNKNOWN STEP	2025-06-04T09:12:48.2187093Z #14 2.254 (81/84): nss-sysinit-3.101.0-10.el9_2.x86_64.rp 4.3 MB/s |  21 kB     00:00    
Test OLM installation	UNKNOWN STEP	2025-06-04T09:12:48.2187582Z #14 2.259 (82/84): nss-util-3.101.0-10.el9_2.x86_64.rpm    15 MB/s |  92 kB     00:00    
Test OLM installation	UNKNOWN STEP	2025-06-04T09:12:48.2188266Z #14 2.261 (83/84): tzdata-java-2025b-1.el9.noarch.rpm      31 MB/s | 228 kB     00:00    
Test OLM installation	UNKNOWN STEP	2025-06-04T09:12:48.3060814Z #14 2.500 (84/84): java-21-openjdk-headless-21.0.7.0.6-1. 161 MB/s |  49 MB     00:00    
Test OLM installation	UNKNOWN STEP	2025-06-04T09:12:48.5446713Z #14 2.504 --------------------------------------------------------------------------------
Test OLM installation	UNKNOWN STEP	2025-06-04T09:12:48.5447709Z #14 2.504 Total                                           141 MB/s |  89 MB     00:00     
Test OLM installation	UNKNOWN STEP	2025-06-04T09:12:48.5449106Z #14 2.515 Red Hat Universal Base Image 9 (RPMs) - BaseOS  3.5 MB/s | 3.6 kB     00:00    
Test OLM installation	UNKNOWN STEP	2025-06-04T09:12:48.5449840Z #14 2.584 Importing GPG key 0xFD431D51:
Test OLM installation	UNKNOWN STEP	2025-06-04T09:12:48.5450246Z #14 2.584  Userid     : "Red Hat, Inc. (release key 2) <security@redhat.com>"
Test OLM installation	UNKNOWN STEP	2025-06-04T09:12:48.5450675Z #14 2.584  Fingerprint: 567E 347A D004 4ADE 55BA 8A5F 199E 2F91 FD43 1D51
Test OLM installation	UNKNOWN STEP	2025-06-04T09:12:48.5451509Z #14 2.584  From       : /etc/pki/rpm-gpg/RPM-GPG-KEY-redhat-release
Test OLM installation	UNKNOWN STEP	2025-06-04T09:12:48.5451834Z #14 2.587 Key imported successfully
Test OLM installation	UNKNOWN STEP	2025-06-04T09:12:48.5452082Z #14 2.587 Importing GPG key 0x5A6340B3:
Test OLM installation	UNKNOWN STEP	2025-06-04T09:12:48.5452413Z #14 2.587  Userid     : "Red Hat, Inc. (auxiliary key 3) <security@redhat.com>"
Test OLM installation	UNKNOWN STEP	2025-06-04T09:12:48.5452817Z #14 2.587  Fingerprint: 7E46 2425 8C40 6535 D56D 6F13 5054 E4A4 5A63 40B3
Test OLM installation	UNKNOWN STEP	2025-06-04T09:12:48.5453190Z #14 2.587  From       : /etc/pki/rpm-gpg/RPM-GPG-KEY-redhat-release
Test OLM installation	UNKNOWN STEP	2025-06-04T09:12:48.5453486Z #14 2.589 Key imported successfully
Test OLM installation	UNKNOWN STEP	2025-06-04T09:12:49.4751657Z #14 3.669 Running transaction check
Test OLM installation	UNKNOWN STEP	2025-06-04T09:12:49.6767812Z #14 3.721 Transaction check succeeded.
Test OLM installation	UNKNOWN STEP	2025-06-04T09:12:49.6768688Z #14 3.721 Running transaction test
Test OLM installation	UNKNOWN STEP	2025-06-04T09:12:50.1613266Z #14 4.356 Transaction test succeeded.
Test OLM installation	UNKNOWN STEP	2025-06-04T09:12:50.3122335Z #14 4.356 Running transaction
Test OLM installation	UNKNOWN STEP	2025-06-04T09:12:50.8933969Z #14 4.935   Running scriptlet: filesystem-3.16-5.el9.x86_64                           1/1 
Test OLM installation	UNKNOWN STEP	2025-06-04T09:12:50.8935113Z #14 4.936   Running scriptlet: copy-jdk-configs-4.0-3.el9.noarch                      1/1 
Test OLM installation	UNKNOWN STEP	2025-06-04T09:12:51.0134608Z #14 4.937   Running scriptlet: java-21-openjdk-headless-1:21.0.7.0.6-1.el9.x86_64     1/1 
Test OLM installation	UNKNOWN STEP	2025-06-04T09:12:51.1734543Z #14 5.208   Preparing        :                                                        1/1 
Test OLM installation	UNKNOWN STEP	2025-06-04T09:12:51.1735331Z #14 5.215   Installing       : libgcc-11.5.0-5.el9_5.x86_64                          1/84 
Test OLM installation	UNKNOWN STEP	2025-06-04T09:12:51.2122034Z #14 5.217   Running scriptlet: libgcc-11.5.0-5.el9_5.x86_64                          1/84 
Test OLM installation	UNKNOWN STEP	2025-06-04T09:12:51.3213699Z #14 5.406   Installing       : tzdata-2025b-1.el9.noarch                             2/84 
Test OLM installation	UNKNOWN STEP	2025-06-04T09:12:51.3214654Z #14 5.453   Installing       : tzdata-java-2025b-1.el9.noarch                        3/84 
Test OLM installation	UNKNOWN STEP	2025-06-04T09:12:51.3215425Z #14 5.459   Installing       : javapackages-filesystem-6.4.0-1.el9.noarch            4/84 
Test OLM installation	UNKNOWN STEP	2025-06-04T09:12:51.3216220Z #14 5.465   Installing       : redhat-release-9.6-0.1.el9.x86_64                     5/84 
Test OLM installation	UNKNOWN STEP	2025-06-04T09:12:51.3216948Z #14 5.473   Installing       : setup-2.13.7-10.el9.noarch                            6/84 
Test OLM installation	UNKNOWN STEP	2025-06-04T09:12:51.3217854Z #14 5.476   Running scriptlet: setup-2.13.7-10.el9.noarch                            6/84 
Test OLM installation	UNKNOWN STEP	2025-06-04T09:12:51.4693290Z #14 5.516   Installing       : filesystem-3.16-5.el9.x86_64                          7/84 
Test OLM installation	UNKNOWN STEP	2025-06-04T09:12:51.4694370Z #14 5.570   Installing       : basesystem-11-13.el9.noarch                           8/84 
Test OLM installation	UNKNOWN STEP	2025-06-04T09:12:51.4695403Z #14 5.573   Installing       : python3-setuptools-wheel-53.0.0-13.el9.noarch         9/84 
Test OLM installation	UNKNOWN STEP	2025-06-04T09:12:51.4696425Z #14 5.576   Installing       : pcre2-syntax-10.40-6.el9.noarch                      10/84 
Test OLM installation	UNKNOWN STEP	2025-06-04T09:12:51.4697402Z #14 5.596   Installing       : ncurses-base-6.2-10.20210508.el9.noarch              11/84 
Test OLM installation	UNKNOWN STEP	2025-06-04T09:12:51.5818712Z #14 5.664   Installing       : glibc-langpack-en-2.34-168.el9_6.14.x86_64           12/84 
Test OLM installation	UNKNOWN STEP	2025-06-04T09:12:51.5820546Z #14 5.680   Installing       : glibc-common-2.34-168.el9_6.14.x86_64                13/84 
Test OLM installation	UNKNOWN STEP	2025-06-04T09:12:51.5821365Z #14 5.685   Running scriptlet: glibc-2.34-168.el9_6.14.x86_64                       14/84 
Test OLM installation	UNKNOWN STEP	2025-06-04T09:12:51.5822134Z #14 5.746   Installing       : glibc-2.34-168.el9_6.14.x86_64                       14/84 
Test OLM installation	UNKNOWN STEP	2025-06-04T09:12:52.1526589Z #14 5.776   Running scriptlet: glibc-2.34-168.el9_6.14.x86_64                       14/84 
Test OLM installation	UNKNOWN STEP	2025-06-04T09:12:52.2527075Z #14 6.347   Installing       : ncurses-libs-6.2-10.20210508.el9.x86_64              15/84 
Test OLM installation	UNKNOWN STEP	2025-06-04T09:12:52.2527972Z #14 6.369   Installing       : bash-5.1.8-9.el9.x86_64                              16/84 
Test OLM installation	UNKNOWN STEP	2025-06-04T09:12:52.2529070Z #14 6.374   Running scriptlet: bash-5.1.8-9.el9.x86_64                              16/84 
Test OLM installation	UNKNOWN STEP	2025-06-04T09:12:52.2529943Z #14 6.392   Installing       : crypto-policies-20250128-1.git5269e22.el9.noarch     17/84 
Test OLM installation	UNKNOWN STEP	2025-06-04T09:12:52.2530544Z #14 6.396   Running scriptlet: crypto-policies-20250128-1.git5269e22.el9.noarch     17/84 
Test OLM installation	UNKNOWN STEP	2025-06-04T09:12:52.2533027Z #14 6.401   Installing       : nspr-4.35.0-17.el9_2.x86_64                          18/84 
Test OLM installation	UNKNOWN STEP	2025-06-04T09:12:52.2533477Z #14 6.406   Installing       : nss-util-3.101.0-10.el9_2.x86_64                     19/84 
Test OLM installation	UNKNOWN STEP	2025-06-04T09:12:52.2533895Z #14 6.409   Installing       : zlib-1.2.11-40.el9.x86_64                            20/84 
Test OLM installation	UNKNOWN STEP	2025-06-04T09:12:52.2534317Z #14 6.415   Installing       : readline-8.1-4.el9.x86_64                            21/84 
Test OLM installation	UNKNOWN STEP	2025-06-04T09:12:52.2534735Z #14 6.419   Installing       : libtasn1-4.16.0-9.el9.x86_64                         22/84 
Test OLM installation	UNKNOWN STEP	2025-06-04T09:12:52.2535155Z #14 6.423   Installing       : libxcrypt-4.4.18-3.el9.x86_64                        23/84 
Test OLM installation	UNKNOWN STEP	2025-06-04T09:12:52.2535573Z #14 6.431   Installing       : sqlite-libs-3.34.1-7.el9_3.x86_64                    24/84 
Test OLM installation	UNKNOWN STEP	2025-06-04T09:12:52.2536002Z #14 6.434   Installing       : alternatives-1.24-2.el9.x86_64                       25/84 
Test OLM installation	UNKNOWN STEP	2025-06-04T09:12:52.2536870Z #14 6.440   Installing       : gmp-1:6.2.0-13.el9.x86_64                            26/84 
Test OLM installation	UNKNOWN STEP	2025-06-04T09:12:52.2537599Z #14 6.444   Installing       : libattr-2.5.1-3.el9.x86_64                           27/84 
Test OLM installation	UNKNOWN STEP	2025-06-04T09:12:52.4329219Z #14 6.447   Installing       : libacl-2.3.1-4.el9.x86_64                            28/84 
Test OLM installation	UNKNOWN STEP	2025-06-04T09:12:52.4330054Z #14 6.453   Installing       : libcap-2.48-9.el9_2.x86_64                           29/84 
Test OLM installation	UNKNOWN STEP	2025-06-04T09:12:52.4330613Z #14 6.457   Installing       : libffi-3.4.2-8.el9.x86_64                            30/84 
Test OLM installation	UNKNOWN STEP	2025-06-04T09:12:52.4331159Z #14 6.468   Installing       : p11-kit-0.25.3-3.el9_5.x86_64                        31/84 
Test OLM installation	UNKNOWN STEP	2025-06-04T09:12:52.4331705Z #14 6.475   Installing       : p11-kit-trust-0.25.3-3.el9_5.x86_64                  32/84 
Test OLM installation	UNKNOWN STEP	2025-06-04T09:12:52.5307072Z #14 6.476   Running scriptlet: p11-kit-trust-0.25.3-3.el9_5.x86_64                  32/84 
Test OLM installation	UNKNOWN STEP	2025-06-04T09:12:52.6335882Z #14 6.725   Installing       : libsigsegv-2.13-4.el9.x86_64                         33/84 
Test OLM installation	UNKNOWN STEP	2025-06-04T09:12:52.6336849Z #14 6.735   Installing       : libunistring-0.9.10-15.el9.x86_64                    34/84 
Test OLM installation	UNKNOWN STEP	2025-06-04T09:12:52.6337808Z #14 6.739   Installing       : lua-libs-5.4.4-4.el9.x86_64                          35/84 
Test OLM installation	UNKNOWN STEP	2025-06-04T09:12:52.6339183Z #14 6.743   Installing       : xz-libs-5.2.5-8.el9_0.x86_64                         36/84 
Test OLM installation	UNKNOWN STEP	2025-06-04T09:12:52.6339982Z #14 6.747   Installing       : lua-5.4.4-4.el9.x86_64                               37/84 
Test OLM installation	UNKNOWN STEP	2025-06-04T09:12:52.6340781Z #14 6.761   Installing       : lua-posix-35.0-8.el9.x86_64                          38/84 
Test OLM installation	UNKNOWN STEP	2025-06-04T09:12:52.6341535Z #14 6.767   Installing       : libidn2-2.3.0-7.el9.x86_64                           39/84 
Test OLM installation	UNKNOWN STEP	2025-06-04T09:12:52.6342073Z #14 6.773   Installing       : mpfr-4.1.0-7.el9.x86_64                              40/84 
Test OLM installation	UNKNOWN STEP	2025-06-04T09:12:52.6342590Z #14 6.790   Installing       : gawk-5.1.0-6.el9.x86_64                              41/84 
Test OLM installation	UNKNOWN STEP	2025-06-04T09:12:52.6343151Z #14 6.798   Installing       : nss-softokn-freebl-3.101.0-10.el9_2.x86_64           42/84 
Test OLM installation	UNKNOWN STEP	2025-06-04T09:12:52.6343726Z #14 6.808   Installing       : nss-softokn-3.101.0-10.el9_2.x86_64                  43/84 
Test OLM installation	UNKNOWN STEP	2025-06-04T09:12:52.6344492Z #14 6.814   Installing       : lksctp-tools-1.0.19-3.el9_4.x86_64                   44/84 
Test OLM installation	UNKNOWN STEP	2025-06-04T09:12:52.6345028Z #14 6.817   Installing       : bzip2-libs-1.0.8-10.el9_5.x86_64                     45/84 
Test OLM installation	UNKNOWN STEP	2025-06-04T09:12:52.6345546Z #14 6.824   Installing       : expat-2.5.0-5.el9_6.x86_64                           46/84 
Test OLM installation	UNKNOWN STEP	2025-06-04T09:12:52.7386798Z #14 6.828   Installing       : gdbm-libs-1:1.23-1.el9.x86_64                        47/84 
Test OLM installation	UNKNOWN STEP	2025-06-04T09:12:52.7387767Z #14 6.831   Installing       : keyutils-libs-1.6.3-1.el9.x86_64                     48/84 
Test OLM installation	UNKNOWN STEP	2025-06-04T09:12:52.7388656Z #14 6.834   Installing       : libcom_err-1.46.5-7.el9.x86_64                       49/84 
Test OLM installation	UNKNOWN STEP	2025-06-04T09:12:52.7389237Z #14 6.840   Installing       : libgpg-error-1.42-5.el9.x86_64                       50/84 
Test OLM installation	UNKNOWN STEP	2025-06-04T09:12:52.7390144Z #14 6.849   Installing       : libgcrypt-1.10.0-11.el9.x86_64                       51/84 
Test OLM installation	UNKNOWN STEP	2025-06-04T09:12:52.7390696Z #14 6.854   Installing       : libsepol-3.6-2.el9.x86_64                            52/84 
Test OLM installation	UNKNOWN STEP	2025-06-04T09:12:52.7391235Z #14 6.858   Installing       : libuuid-2.37.4-21.el9.x86_64                         53/84 
Test OLM installation	UNKNOWN STEP	2025-06-04T09:12:52.7391699Z #14 6.862   Installing       : libverto-0.3.2-3.el9.x86_64                          54/84 
Test OLM installation	UNKNOWN STEP	2025-06-04T09:12:52.7392321Z #14 6.867   Installing       : libzstd-1.5.5-1.el9.x86_64                           55/84 
Test OLM installation	UNKNOWN STEP	2025-06-04T09:12:52.7392756Z #14 6.871   Installing       : lz4-libs-1.9.3-5.el9.x86_64                          56/84 
Test OLM installation	UNKNOWN STEP	2025-06-04T09:12:52.7393183Z #14 6.879   Installing       : nettle-3.10.1-1.el9.x86_64                           57/84 
Test OLM installation	UNKNOWN STEP	2025-06-04T09:12:52.7393607Z #14 6.891   Installing       : gnutls-3.8.3-6.el9.x86_64                            58/84 
Test OLM installation	UNKNOWN STEP	2025-06-04T09:12:52.7394227Z #14 6.897   Installing       : pcre-8.44-4.el9.x86_64                               59/84 
Test OLM installation	UNKNOWN STEP	2025-06-04T09:12:52.7394683Z #14 6.903   Installing       : grep-3.6-5.el9.x86_64                                60/84 
Test OLM installation	UNKNOWN STEP	2025-06-04T09:12:52.7395261Z #14 6.909   Installing       : pcre2-10.40-6.el9.x86_64                             61/84 
Test OLM installation	UNKNOWN STEP	2025-06-04T09:12:52.7395704Z #14 6.913   Installing       : libselinux-3.6-3.el9.x86_64                          62/84 
Test OLM installation	UNKNOWN STEP	2025-06-04T09:12:52.8980163Z #14 6.933   Installing       : coreutils-single-8.32-39.el9.x86_64                  63/84 
Test OLM installation	UNKNOWN STEP	2025-06-04T09:12:52.8981013Z #14 6.939   Installing       : sed-4.8-9.el9.x86_64                                 64/84 
Test OLM installation	UNKNOWN STEP	2025-06-04T09:12:53.0024171Z #14 6.942   Running scriptlet: ca-certificates-2024.2.69_v8.0.303-91.4.el9_4.noar   65/84 
Test OLM installation	UNKNOWN STEP	2025-06-04T09:12:53.1566923Z #14 7.197   Installing       : ca-certificates-2024.2.69_v8.0.303-91.4.el9_4.noar   65/84 
Test OLM installation	UNKNOWN STEP	2025-06-04T09:12:54.1064069Z #14 7.201   Running scriptlet: ca-certificates-2024.2.69_v8.0.303-91.4.el9_4.noar   65/84 
Test OLM installation	UNKNOWN STEP	2025-06-04T09:12:54.3242908Z #14 8.301   Installing       : python3-pip-wheel-21.3.1-1.el9.noarch                66/84 
Test OLM installation	UNKNOWN STEP	2025-06-04T09:12:54.3243541Z #14 8.309   Installing       : openssl-fips-provider-so-3.0.7-6.el9_5.x86_64        67/84 
Test OLM installation	UNKNOWN STEP	2025-06-04T09:12:54.3244098Z #14 8.311   Installing       : openssl-fips-provider-3.0.7-6.el9_5.x86_64           68/84 
Test OLM installation	UNKNOWN STEP	2025-06-04T09:12:54.3244621Z #14 8.336   Installing       : openssl-libs-1:3.2.2-6.el9_5.1.x86_64                69/84 
Test OLM installation	UNKNOWN STEP	2025-06-04T09:12:54.3245115Z #14 8.356   Installing       : krb5-libs-1.21.1-6.el9.x86_64                        70/84 
Test OLM installation	UNKNOWN STEP	2025-06-04T09:12:54.3245599Z #14 8.365   Installing       : libevent-2.1.12-8.el9_4.x86_64                       71/84 
Test OLM installation	UNKNOWN STEP	2025-06-04T09:12:56.5145098Z #14 8.368   Installing       : python3-3.9.21-2.el9.x86_64                          72/84 
Test OLM installation	UNKNOWN STEP	2025-06-04T09:12:56.7038665Z #14 10.71   Installing       : python3-libs-3.9.21-2.el9.x86_64                     73/84 
Test OLM installation	UNKNOWN STEP	2025-06-04T09:12:56.7039615Z #14 10.73   Installing       : crypto-policies-scripts-20250128-1.git5269e22.el9.   74/84 
Test OLM installation	UNKNOWN STEP	2025-06-04T09:12:56.7040198Z #14 10.73   Installing       : nss-sysinit-3.101.0-10.el9_2.x86_64                  75/84 
Test OLM installation	UNKNOWN STEP	2025-06-04T09:12:56.7040699Z #14 10.75   Installing       : nss-3.101.0-10.el9_2.x86_64                          76/84 
Test OLM installation	UNKNOWN STEP	2025-06-04T09:12:56.8074779Z #14 10.75   Running scriptlet: nss-3.101.0-10.el9_2.x86_64                          76/84 
Test OLM installation	UNKNOWN STEP	2025-06-04T09:12:56.9607393Z #14 11.00   Installing       : systemd-libs-252-51.el9.x86_64                       77/84 
Test OLM installation	UNKNOWN STEP	2025-06-04T09:12:57.0668959Z #14 11.00   Running scriptlet: systemd-libs-252-51.el9.x86_64                       77/84 
Test OLM installation	UNKNOWN STEP	2025-06-04T09:12:57.2575673Z #14 11.26   Installing       : dbus-libs-1:1.12.20-8.el9.x86_64                     78/84 
Test OLM installation	UNKNOWN STEP	2025-06-04T09:12:57.2577630Z #14 11.27   Installing       : avahi-libs-0.8-22.el9_6.x86_64                       79/84 
Test OLM installation	UNKNOWN STEP	2025-06-04T09:12:57.2578675Z #14 11.27   Installing       : cups-libs-1:2.3.3op2-33.el9.x86_64                   80/84 
Test OLM installation	UNKNOWN STEP	2025-06-04T09:12:57.2579821Z #14 11.28   Installing       : findutils-1:4.8.0-7.el9.x86_64                       81/84 
Test OLM installation	UNKNOWN STEP	2025-06-04T09:12:57.2580662Z #14 11.28   Installing       : copy-jdk-configs-4.0-3.el9.noarch                    82/84 
Test OLM installation	UNKNOWN STEP	2025-06-04T09:12:57.8124748Z #14 11.30   Installing       : alsa-lib-1.2.13-2.el9.x86_64                         83/84 
Test OLM installation	UNKNOWN STEP	2025-06-04T09:12:57.9684949Z #14 12.01   Installing       : java-21-openjdk-headless-1:21.0.7.0.6-1.el9.x86_64   84/84 
Test OLM installation	UNKNOWN STEP	2025-06-04T09:12:58.0723998Z #14 12.01   Running scriptlet: java-21-openjdk-headless-1:21.0.7.0.6-1.el9.x86_64   84/84 
Test OLM installation	UNKNOWN STEP	2025-06-04T09:12:58.3204770Z #14 12.27   Running scriptlet: filesystem-3.16-5.el9.x86_64                         84/84 
Test OLM installation	UNKNOWN STEP	2025-06-04T09:13:01.3123916Z #14 12.51   Running scriptlet: ca-certificates-2024.2.69_v8.0.303-91.4.el9_4.noar   84/84 
Test OLM installation	UNKNOWN STEP	2025-06-04T09:13:01.9041688Z #14 15.51   Running scriptlet: crypto-policies-scripts-20250128-1.git5269e22.el9.   84/84 
Test OLM installation	UNKNOWN STEP	2025-06-04T09:13:02.6594103Z #14 16.10   Running scriptlet: nss-3.101.0-10.el9_2.x86_64                          84/84 
Test OLM installation	UNKNOWN STEP	2025-06-04T09:13:02.9038966Z #14 16.85   Running scriptlet: copy-jdk-configs-4.0-3.el9.noarch                    84/84 
Test OLM installation	UNKNOWN STEP	2025-06-04T09:13:03.4468476Z #14 17.10   Running scriptlet: java-21-openjdk-headless-1:21.0.7.0.6-1.el9.x86_64   84/84 
Test OLM installation	UNKNOWN STEP	2025-06-04T09:13:03.4469443Z #14 17.64   Verifying        : alternatives-1.24-2.el9.x86_64                        1/84 
Test OLM installation	UNKNOWN STEP	2025-06-04T09:13:03.5549507Z #14 17.64   Verifying        : avahi-libs-0.8-22.el9_6.x86_64                        2/84 
Test OLM installation	UNKNOWN STEP	2025-06-04T09:13:03.5551374Z #14 17.64   Verifying        : basesystem-11-13.el9.noarch                           3/84 
Test OLM installation	UNKNOWN STEP	2025-06-04T09:13:03.5552155Z #14 17.64   Verifying        : bash-5.1.8-9.el9.x86_64                               4/84 
Test OLM installation	UNKNOWN STEP	2025-06-04T09:13:03.5552931Z #14 17.64   Verifying        : bzip2-libs-1.0.8-10.el9_5.x86_64                      5/84 
Test OLM installation	UNKNOWN STEP	2025-06-04T09:13:03.5553701Z #14 17.64   Verifying        : ca-certificates-2024.2.69_v8.0.303-91.4.el9_4.noar    6/84 
Test OLM installation	UNKNOWN STEP	2025-06-04T09:13:03.5554598Z #14 17.64   Verifying        : coreutils-single-8.32-39.el9.x86_64                   7/84 
Test OLM installation	UNKNOWN STEP	2025-06-04T09:13:03.5555436Z #14 17.64   Verifying        : crypto-policies-20250128-1.git5269e22.el9.noarch      8/84 
Test OLM installation	UNKNOWN STEP	2025-06-04T09:13:03.5556280Z #14 17.64   Verifying        : crypto-policies-scripts-20250128-1.git5269e22.el9.    9/84 
Test OLM installation	UNKNOWN STEP	2025-06-04T09:13:03.5557110Z #14 17.64   Verifying        : cups-libs-1:2.3.3op2-33.el9.x86_64                   10/84 
Test OLM installation	UNKNOWN STEP	2025-06-04T09:13:03.5557876Z #14 17.64   Verifying        : dbus-libs-1:1.12.20-8.el9.x86_64                     11/84 
Test OLM installation	UNKNOWN STEP	2025-06-04T09:13:03.5558803Z #14 17.64   Verifying        : expat-2.5.0-5.el9_6.x86_64                           12/84 
Test OLM installation	UNKNOWN STEP	2025-06-04T09:13:03.5559564Z #14 17.64   Verifying        : filesystem-3.16-5.el9.x86_64                         13/84 
Test OLM installation	UNKNOWN STEP	2025-06-04T09:13:03.5560336Z #14 17.64   Verifying        : findutils-1:4.8.0-7.el9.x86_64                       14/84 
Test OLM installation	UNKNOWN STEP	2025-06-04T09:13:03.5561108Z #14 17.64   Verifying        : gawk-5.1.0-6.el9.x86_64                              15/84 
Test OLM installation	UNKNOWN STEP	2025-06-04T09:13:03.5561855Z #14 17.64   Verifying        : gdbm-libs-1:1.23-1.el9.x86_64                        16/84 
Test OLM installation	UNKNOWN STEP	2025-06-04T09:13:03.5562607Z #14 17.64   Verifying        : glibc-2.34-168.el9_6.14.x86_64                       17/84 
Test OLM installation	UNKNOWN STEP	2025-06-04T09:13:03.5563347Z #14 17.64   Verifying        : glibc-common-2.34-168.el9_6.14.x86_64                18/84 
Test OLM installation	UNKNOWN STEP	2025-06-04T09:13:03.5564144Z #14 17.64   Verifying        : glibc-langpack-en-2.34-168.el9_6.14.x86_64           19/84 
Test OLM installation	UNKNOWN STEP	2025-06-04T09:13:03.5564912Z #14 17.64   Verifying        : gmp-1:6.2.0-13.el9.x86_64                            20/84 
Test OLM installation	UNKNOWN STEP	2025-06-04T09:13:03.5565662Z #14 17.64   Verifying        : gnutls-3.8.3-6.el9.x86_64                            21/84 
Test OLM installation	UNKNOWN STEP	2025-06-04T09:13:03.5566417Z #14 17.64   Verifying        : grep-3.6-5.el9.x86_64                                22/84 
Test OLM installation	UNKNOWN STEP	2025-06-04T09:13:03.5567190Z #14 17.64   Verifying        : keyutils-libs-1.6.3-1.el9.x86_64                     23/84 
Test OLM installation	UNKNOWN STEP	2025-06-04T09:13:03.5568569Z #14 17.64   Verifying        : krb5-libs-1.21.1-6.el9.x86_64                        24/84 
Test OLM installation	UNKNOWN STEP	2025-06-04T09:13:03.5569381Z #14 17.64   Verifying        : libacl-2.3.1-4.el9.x86_64                            25/84 
Test OLM installation	UNKNOWN STEP	2025-06-04T09:13:03.5570158Z #14 17.64   Verifying        : libattr-2.5.1-3.el9.x86_64                           26/84 
Test OLM installation	UNKNOWN STEP	2025-06-04T09:13:03.5570925Z #14 17.64   Verifying        : libcap-2.48-9.el9_2.x86_64                           27/84 
Test OLM installation	UNKNOWN STEP	2025-06-04T09:13:03.5571685Z #14 17.64   Verifying        : libcom_err-1.46.5-7.el9.x86_64                       28/84 
Test OLM installation	UNKNOWN STEP	2025-06-04T09:13:03.5572454Z #14 17.64   Verifying        : libevent-2.1.12-8.el9_4.x86_64                       29/84 
Test OLM installation	UNKNOWN STEP	2025-06-04T09:13:03.5573215Z #14 17.64   Verifying        : libffi-3.4.2-8.el9.x86_64                            30/84 
Test OLM installation	UNKNOWN STEP	2025-06-04T09:13:03.5573970Z #14 17.64   Verifying        : libgcc-11.5.0-5.el9_5.x86_64                         31/84 
Test OLM installation	UNKNOWN STEP	2025-06-04T09:13:03.5574968Z #14 17.64   Verifying        : libgcrypt-1.10.0-11.el9.x86_64                       32/84 
Test OLM installation	UNKNOWN STEP	2025-06-04T09:13:03.5575786Z #14 17.64   Verifying        : libgpg-error-1.42-5.el9.x86_64                       33/84 
Test OLM installation	UNKNOWN STEP	2025-06-04T09:13:03.5576563Z #14 17.64   Verifying        : libidn2-2.3.0-7.el9.x86_64                           34/84 
Test OLM installation	UNKNOWN STEP	2025-06-04T09:13:03.5577332Z #14 17.64   Verifying        : libselinux-3.6-3.el9.x86_64                          35/84 
Test OLM installation	UNKNOWN STEP	2025-06-04T09:13:03.5578119Z #14 17.64   Verifying        : libsepol-3.6-2.el9.x86_64                            36/84 
Test OLM installation	UNKNOWN STEP	2025-06-04T09:13:03.5579052Z #14 17.64   Verifying        : libsigsegv-2.13-4.el9.x86_64                         37/84 
Test OLM installation	UNKNOWN STEP	2025-06-04T09:13:03.5579827Z #14 17.64   Verifying        : libtasn1-4.16.0-9.el9.x86_64                         38/84 
Test OLM installation	UNKNOWN STEP	2025-06-04T09:13:03.5580615Z #14 17.64   Verifying        : libunistring-0.9.10-15.el9.x86_64                    39/84 
Test OLM installation	UNKNOWN STEP	2025-06-04T09:13:03.5581417Z #14 17.64   Verifying        : libuuid-2.37.4-21.el9.x86_64                         40/84 
Test OLM installation	UNKNOWN STEP	2025-06-04T09:13:03.5582196Z #14 17.64   Verifying        : libverto-0.3.2-3.el9.x86_64                          41/84 
Test OLM installation	UNKNOWN STEP	2025-06-04T09:13:03.5583002Z #14 17.64   Verifying        : libxcrypt-4.4.18-3.el9.x86_64                        42/84 
Test OLM installation	UNKNOWN STEP	2025-06-04T09:13:03.5583814Z #14 17.64   Verifying        : libzstd-1.5.5-1.el9.x86_64                           43/84 
Test OLM installation	UNKNOWN STEP	2025-06-04T09:13:03.5584634Z #14 17.65   Verifying        : lksctp-tools-1.0.19-3.el9_4.x86_64                   44/84 
Test OLM installation	UNKNOWN STEP	2025-06-04T09:13:03.5585444Z #14 17.65   Verifying        : lua-libs-5.4.4-4.el9.x86_64                          45/84 
Test OLM installation	UNKNOWN STEP	2025-06-04T09:13:03.5586229Z #14 17.65   Verifying        : lz4-libs-1.9.3-5.el9.x86_64                          46/84 
Test OLM installation	UNKNOWN STEP	2025-06-04T09:13:03.5586999Z #14 17.65   Verifying        : mpfr-4.1.0-7.el9.x86_64                              47/84 
Test OLM installation	UNKNOWN STEP	2025-06-04T09:13:03.5587795Z #14 17.65   Verifying        : ncurses-base-6.2-10.20210508.el9.noarch              48/84 
Test OLM installation	UNKNOWN STEP	2025-06-04T09:13:03.5588870Z #14 17.65   Verifying        : ncurses-libs-6.2-10.20210508.el9.x86_64              49/84 
Test OLM installation	UNKNOWN STEP	2025-06-04T09:13:03.5589672Z #14 17.65   Verifying        : nettle-3.10.1-1.el9.x86_64                           50/84 
Test OLM installation	UNKNOWN STEP	2025-06-04T09:13:03.5590500Z #14 17.65   Verifying        : openssl-fips-provider-3.0.7-6.el9_5.x86_64           51/84 
Test OLM installation	UNKNOWN STEP	2025-06-04T09:13:03.5591366Z #14 17.65   Verifying        : openssl-fips-provider-so-3.0.7-6.el9_5.x86_64        52/84 
Test OLM installation	UNKNOWN STEP	2025-06-04T09:13:03.5592214Z #14 17.65   Verifying        : openssl-libs-1:3.2.2-6.el9_5.1.x86_64                53/84 
Test OLM installation	UNKNOWN STEP	2025-06-04T09:13:03.5592991Z #14 17.65   Verifying        : p11-kit-0.25.3-3.el9_5.x86_64                        54/84 
Test OLM installation	UNKNOWN STEP	2025-06-04T09:13:03.5593869Z #14 17.65   Verifying        : p11-kit-trust-0.25.3-3.el9_5.x86_64                  55/84 
Test OLM installation	UNKNOWN STEP	2025-06-04T09:13:03.5594676Z #14 17.65   Verifying        : pcre-8.44-4.el9.x86_64                               56/84 
Test OLM installation	UNKNOWN STEP	2025-06-04T09:13:03.5595509Z #14 17.65   Verifying        : pcre2-10.40-6.el9.x86_64                             57/84 
Test OLM installation	UNKNOWN STEP	2025-06-04T09:13:03.5596577Z #14 17.65   Verifying        : pcre2-syntax-10.40-6.el9.noarch                      58/84 
Test OLM installation	UNKNOWN STEP	2025-06-04T09:13:03.5597397Z #14 17.65   Verifying        : python3-3.9.21-2.el9.x86_64                          59/84 
Test OLM installation	UNKNOWN STEP	2025-06-04T09:13:03.5598410Z #14 17.65   Verifying        : python3-libs-3.9.21-2.el9.x86_64                     60/84 
Test OLM installation	UNKNOWN STEP	2025-06-04T09:13:03.5599266Z #14 17.65   Verifying        : python3-pip-wheel-21.3.1-1.el9.noarch                61/84 
Test OLM installation	UNKNOWN STEP	2025-06-04T09:13:03.5600162Z #14 17.65   Verifying        : python3-setuptools-wheel-53.0.0-13.el9.noarch        62/84 
Test OLM installation	UNKNOWN STEP	2025-06-04T09:13:03.5601032Z #14 17.65   Verifying        : readline-8.1-4.el9.x86_64                            63/84 
Test OLM installation	UNKNOWN STEP	2025-06-04T09:13:03.5601847Z #14 17.65   Verifying        : redhat-release-9.6-0.1.el9.x86_64                    64/84 
Test OLM installation	UNKNOWN STEP	2025-06-04T09:13:03.5602642Z #14 17.65   Verifying        : sed-4.8-9.el9.x86_64                                 65/84 
Test OLM installation	UNKNOWN STEP	2025-06-04T09:13:03.5603612Z #14 17.65   Verifying        : setup-2.13.7-10.el9.noarch                           66/84 
Test OLM installation	UNKNOWN STEP	2025-06-04T09:13:03.5604476Z #14 17.65   Verifying        : sqlite-libs-3.34.1-7.el9_3.x86_64                    67/84 
Test OLM installation	UNKNOWN STEP	2025-06-04T09:13:03.5605302Z #14 17.65   Verifying        : systemd-libs-252-51.el9.x86_64                       68/84 
Test OLM installation	UNKNOWN STEP	2025-06-04T09:13:03.5606122Z #14 17.65   Verifying        : tzdata-2025b-1.el9.noarch                            69/84 
Test OLM installation	UNKNOWN STEP	2025-06-04T09:13:03.5606923Z #14 17.65   Verifying        : xz-libs-5.2.5-8.el9_0.x86_64                         70/84 
Test OLM installation	UNKNOWN STEP	2025-06-04T09:13:03.5607693Z #14 17.65   Verifying        : zlib-1.2.11-40.el9.x86_64                            71/84 
Test OLM installation	UNKNOWN STEP	2025-06-04T09:13:03.5608680Z #14 17.65   Verifying        : copy-jdk-configs-4.0-3.el9.noarch                    72/84 
Test OLM installation	UNKNOWN STEP	2025-06-04T09:13:03.5609485Z #14 17.65   Verifying        : lua-5.4.4-4.el9.x86_64                               73/84 
Test OLM installation	UNKNOWN STEP	2025-06-04T09:13:03.5610274Z #14 17.65   Verifying        : lua-posix-35.0-8.el9.x86_64                          74/84 
Test OLM installation	UNKNOWN STEP	2025-06-04T09:13:03.5611111Z #14 17.65   Verifying        : alsa-lib-1.2.13-2.el9.x86_64                         75/84 
Test OLM installation	UNKNOWN STEP	2025-06-04T09:13:03.5611930Z #14 17.65   Verifying        : java-21-openjdk-headless-1:21.0.7.0.6-1.el9.x86_64   76/84 
Test OLM installation	UNKNOWN STEP	2025-06-04T09:13:03.5612794Z #14 17.65   Verifying        : javapackages-filesystem-6.4.0-1.el9.noarch           77/84 
Test OLM installation	UNKNOWN STEP	2025-06-04T09:13:03.5613672Z #14 17.65   Verifying        : nspr-4.35.0-17.el9_2.x86_64                          78/84 
Test OLM installation	UNKNOWN STEP	2025-06-04T09:13:03.5614490Z #14 17.65   Verifying        : nss-3.101.0-10.el9_2.x86_64                          79/84 
Test OLM installation	UNKNOWN STEP	2025-06-04T09:13:03.5615277Z #14 17.65   Verifying        : nss-softokn-3.101.0-10.el9_2.x86_64                  80/84 
Test OLM installation	UNKNOWN STEP	2025-06-04T09:13:03.5616115Z #14 17.65   Verifying        : nss-softokn-freebl-3.101.0-10.el9_2.x86_64           81/84 
Test OLM installation	UNKNOWN STEP	2025-06-04T09:13:03.5616946Z #14 17.65   Verifying        : nss-sysinit-3.101.0-10.el9_2.x86_64                  82/84 
Test OLM installation	UNKNOWN STEP	2025-06-04T09:13:03.5617758Z #14 17.65   Verifying        : nss-util-3.101.0-10.el9_2.x86_64                     83/84 
Test OLM installation	UNKNOWN STEP	2025-06-04T09:13:03.5618750Z #14 17.65   Verifying        : tzdata-java-2025b-1.el9.noarch                       84/84 
Test OLM installation	UNKNOWN STEP	2025-06-04T09:13:03.5619421Z #14 17.75 Installed products updated.
Test OLM installation	UNKNOWN STEP	2025-06-04T09:13:03.6706136Z #14 17.76 
Test OLM installation	UNKNOWN STEP	2025-06-04T09:13:03.6706509Z #14 17.76 Installed:
Test OLM installation	UNKNOWN STEP	2025-06-04T09:13:03.6707033Z #14 17.76   alsa-lib-1.2.13-2.el9.x86_64                                                  
Test OLM installation	UNKNOWN STEP	2025-06-04T09:13:03.6707777Z #14 17.76   alternatives-1.24-2.el9.x86_64                                                
Test OLM installation	UNKNOWN STEP	2025-06-04T09:13:03.6708725Z #14 17.76   avahi-libs-0.8-22.el9_6.x86_64                                                
Test OLM installation	UNKNOWN STEP	2025-06-04T09:13:03.6709470Z #14 17.76   basesystem-11-13.el9.noarch                                                   
Test OLM installation	UNKNOWN STEP	2025-06-04T09:13:03.6710161Z #14 17.76   bash-5.1.8-9.el9.x86_64                                                       
Test OLM installation	UNKNOWN STEP	2025-06-04T09:13:03.6710640Z #14 17.76   bzip2-libs-1.0.8-10.el9_5.x86_64                                              
Test OLM installation	UNKNOWN STEP	2025-06-04T09:13:03.6711493Z #14 17.76   ca-certificates-2024.2.69_v8.0.303-91.4.el9_4.noarch                          
Test OLM installation	UNKNOWN STEP	2025-06-04T09:13:03.6711963Z #14 17.76   copy-jdk-configs-4.0-3.el9.noarch                                             
Test OLM installation	UNKNOWN STEP	2025-06-04T09:13:03.6712418Z #14 17.76   coreutils-single-8.32-39.el9.x86_64                                           
Test OLM installation	UNKNOWN STEP	2025-06-04T09:13:03.6712908Z #14 17.76   crypto-policies-20250128-1.git5269e22.el9.noarch                              
Test OLM installation	UNKNOWN STEP	2025-06-04T09:13:03.6713429Z #14 17.76   crypto-policies-scripts-20250128-1.git5269e22.el9.noarch                      
Test OLM installation	UNKNOWN STEP	2025-06-04T09:13:03.6713894Z #14 17.76   cups-libs-1:2.3.3op2-33.el9.x86_64                                            
Test OLM installation	UNKNOWN STEP	2025-06-04T09:13:03.6714317Z #14 17.76   dbus-libs-1:1.12.20-8.el9.x86_64                                              
Test OLM installation	UNKNOWN STEP	2025-06-04T09:13:03.6714709Z #14 17.76   expat-2.5.0-5.el9_6.x86_64                                                    
Test OLM installation	UNKNOWN STEP	2025-06-04T09:13:03.6715393Z #14 17.76   filesystem-3.16-5.el9.x86_64                                                  
Test OLM installation	UNKNOWN STEP	2025-06-04T09:13:03.6715807Z #14 17.76   findutils-1:4.8.0-7.el9.x86_64                                                
Test OLM installation	UNKNOWN STEP	2025-06-04T09:13:03.6716180Z #14 17.76   gawk-5.1.0-6.el9.x86_64                                                       
Test OLM installation	UNKNOWN STEP	2025-06-04T09:13:03.6716553Z #14 17.76   gdbm-libs-1:1.23-1.el9.x86_64                                                 
Test OLM installation	UNKNOWN STEP	2025-06-04T09:13:03.6716935Z #14 17.76   glibc-2.34-168.el9_6.14.x86_64                                                
Test OLM installation	UNKNOWN STEP	2025-06-04T09:13:03.6717325Z #14 17.76   glibc-common-2.34-168.el9_6.14.x86_64                                         
Test OLM installation	UNKNOWN STEP	2025-06-04T09:13:03.6717755Z #14 17.76   glibc-langpack-en-2.34-168.el9_6.14.x86_64                                    
Test OLM installation	UNKNOWN STEP	2025-06-04T09:13:03.6718353Z #14 17.76   gmp-1:6.2.0-13.el9.x86_64                                                     
Test OLM installation	UNKNOWN STEP	2025-06-04T09:13:03.6718767Z #14 17.76   gnutls-3.8.3-6.el9.x86_64                                                     
Test OLM installation	UNKNOWN STEP	2025-06-04T09:13:03.6719145Z #14 17.76   grep-3.6-5.el9.x86_64                                                         
Test OLM installation	UNKNOWN STEP	2025-06-04T09:13:03.6719563Z #14 17.76   java-21-openjdk-headless-1:21.0.7.0.6-1.el9.x86_64                            
Test OLM installation	UNKNOWN STEP	2025-06-04T09:13:03.6720040Z #14 17.76   javapackages-filesystem-6.4.0-1.el9.noarch                                    
Test OLM installation	UNKNOWN STEP	2025-06-04T09:13:03.6720488Z #14 17.76   keyutils-libs-1.6.3-1.el9.x86_64                                              
Test OLM installation	UNKNOWN STEP	2025-06-04T09:13:03.6720885Z #14 17.76   krb5-libs-1.21.1-6.el9.x86_64                                                 
Test OLM installation	UNKNOWN STEP	2025-06-04T09:13:03.6721259Z #14 17.76   libacl-2.3.1-4.el9.x86_64                                                     
Test OLM installation	UNKNOWN STEP	2025-06-04T09:13:03.6721632Z #14 17.76   libattr-2.5.1-3.el9.x86_64                                                    
Test OLM installation	UNKNOWN STEP	2025-06-04T09:13:03.6722004Z #14 17.76   libcap-2.48-9.el9_2.x86_64                                                    
Test OLM installation	UNKNOWN STEP	2025-06-04T09:13:03.6722385Z #14 17.76   libcom_err-1.46.5-7.el9.x86_64                                                
Test OLM installation	UNKNOWN STEP	2025-06-04T09:13:03.6722774Z #14 17.76   libevent-2.1.12-8.el9_4.x86_64                                                
Test OLM installation	UNKNOWN STEP	2025-06-04T09:13:03.6723174Z #14 17.76   libffi-3.4.2-8.el9.x86_64                                                     
Test OLM installation	UNKNOWN STEP	2025-06-04T09:13:03.6723542Z #14 17.76   libgcc-11.5.0-5.el9_5.x86_64                                                  
Test OLM installation	UNKNOWN STEP	2025-06-04T09:13:03.6723928Z #14 17.76   libgcrypt-1.10.0-11.el9.x86_64                                                
Test OLM installation	UNKNOWN STEP	2025-06-04T09:13:03.6724328Z #14 17.76   libgpg-error-1.42-5.el9.x86_64                                                
Test OLM installation	UNKNOWN STEP	2025-06-04T09:13:03.6724722Z #14 17.76   libidn2-2.3.0-7.el9.x86_64                                                    
Test OLM installation	UNKNOWN STEP	2025-06-04T09:13:03.6725099Z #14 17.76   libselinux-3.6-3.el9.x86_64                                                   
Test OLM installation	UNKNOWN STEP	2025-06-04T09:13:03.6725481Z #14 17.76   libsepol-3.6-2.el9.x86_64                                                     
Test OLM installation	UNKNOWN STEP	2025-06-04T09:13:03.6726007Z #14 17.76   libsigsegv-2.13-4.el9.x86_64                                                  
Test OLM installation	UNKNOWN STEP	2025-06-04T09:13:03.6726393Z #14 17.76   libtasn1-4.16.0-9.el9.x86_64                                                  
Test OLM installation	UNKNOWN STEP	2025-06-04T09:13:03.6726786Z #14 17.76   libunistring-0.9.10-15.el9.x86_64                                             
Test OLM installation	UNKNOWN STEP	2025-06-04T09:13:03.6727227Z #14 17.76   libuuid-2.37.4-21.el9.x86_64                                                  
Test OLM installation	UNKNOWN STEP	2025-06-04T09:13:03.6727605Z #14 17.76   libverto-0.3.2-3.el9.x86_64                                                   
Test OLM installation	UNKNOWN STEP	2025-06-04T09:13:03.6727995Z #14 17.76   libxcrypt-4.4.18-3.el9.x86_64                                                 
Test OLM installation	UNKNOWN STEP	2025-06-04T09:13:03.6728563Z #14 17.76   libzstd-1.5.5-1.el9.x86_64                                                    
Test OLM installation	UNKNOWN STEP	2025-06-04T09:13:03.6728959Z #14 17.76   lksctp-tools-1.0.19-3.el9_4.x86_64                                            
Test OLM installation	UNKNOWN STEP	2025-06-04T09:13:03.6729454Z #14 17.76   lua-5.4.4-4.el9.x86_64                                                        
Test OLM installation	UNKNOWN STEP	2025-06-04T09:13:03.6729842Z #14 17.76   lua-libs-5.4.4-4.el9.x86_64                                                   
Test OLM installation	UNKNOWN STEP	2025-06-04T09:13:03.6730246Z #14 17.76   lua-posix-35.0-8.el9.x86_64                                                   
Test OLM installation	UNKNOWN STEP	2025-06-04T09:13:03.6730640Z #14 17.76   lz4-libs-1.9.3-5.el9.x86_64                                                   
Test OLM installation	UNKNOWN STEP	2025-06-04T09:13:03.6731014Z #14 17.76   mpfr-4.1.0-7.el9.x86_64                                                       
Test OLM installation	UNKNOWN STEP	2025-06-04T09:13:03.6731421Z #14 17.76   ncurses-base-6.2-10.20210508.el9.noarch                                       
Test OLM installation	UNKNOWN STEP	2025-06-04T09:13:03.6731869Z #14 17.76   ncurses-libs-6.2-10.20210508.el9.x86_64                                       
Test OLM installation	UNKNOWN STEP	2025-06-04T09:13:03.6732271Z #14 17.76   nettle-3.10.1-1.el9.x86_64                                                    
Test OLM installation	UNKNOWN STEP	2025-06-04T09:13:03.6732643Z #14 17.76   nspr-4.35.0-17.el9_2.x86_64                                                   
Test OLM installation	UNKNOWN STEP	2025-06-04T09:13:03.6733018Z #14 17.76   nss-3.101.0-10.el9_2.x86_64                                                   
Test OLM installation	UNKNOWN STEP	2025-06-04T09:13:03.6733412Z #14 17.76   nss-softokn-3.101.0-10.el9_2.x86_64                                           
Test OLM installation	UNKNOWN STEP	2025-06-04T09:13:03.6733831Z #14 17.76   nss-softokn-freebl-3.101.0-10.el9_2.x86_64                                    
Test OLM installation	UNKNOWN STEP	2025-06-04T09:13:03.6734252Z #14 17.76   nss-sysinit-3.101.0-10.el9_2.x86_64                                           
Test OLM installation	UNKNOWN STEP	2025-06-04T09:13:03.6734646Z #14 17.76   nss-util-3.101.0-10.el9_2.x86_64                                              
Test OLM installation	UNKNOWN STEP	2025-06-04T09:13:03.6735084Z #14 17.76   openssl-fips-provider-3.0.7-6.el9_5.x86_64                                    
Test OLM installation	UNKNOWN STEP	2025-06-04T09:13:03.6735548Z #14 17.76   openssl-fips-provider-so-3.0.7-6.el9_5.x86_64                                 
Test OLM installation	UNKNOWN STEP	2025-06-04T09:13:03.6735988Z #14 17.76   openssl-libs-1:3.2.2-6.el9_5.1.x86_64                                         
Test OLM installation	UNKNOWN STEP	2025-06-04T09:13:03.6736380Z #14 17.76   p11-kit-0.25.3-3.el9_5.x86_64                                                 
Test OLM installation	UNKNOWN STEP	2025-06-04T09:13:03.6736768Z #14 17.76   p11-kit-trust-0.25.3-3.el9_5.x86_64                                           
Test OLM installation	UNKNOWN STEP	2025-06-04T09:13:03.6737150Z #14 17.76   pcre-8.44-4.el9.x86_64                                                        
Test OLM installation	UNKNOWN STEP	2025-06-04T09:13:03.6737509Z #14 17.76   pcre2-10.40-6.el9.x86_64                                                      
Test OLM installation	UNKNOWN STEP	2025-06-04T09:13:03.6737907Z #14 17.76   pcre2-syntax-10.40-6.el9.noarch                                               
Test OLM installation	UNKNOWN STEP	2025-06-04T09:13:03.6738582Z #14 17.76   python3-3.9.21-2.el9.x86_64                                                   
Test OLM installation	UNKNOWN STEP	2025-06-04T09:13:03.6739004Z #14 17.76   python3-libs-3.9.21-2.el9.x86_64                                              
Test OLM installation	UNKNOWN STEP	2025-06-04T09:13:03.6739439Z #14 17.76   python3-pip-wheel-21.3.1-1.el9.noarch                                         
Test OLM installation	UNKNOWN STEP	2025-06-04T09:13:03.6739906Z #14 17.76   python3-setuptools-wheel-53.0.0-13.el9.noarch                                 
Test OLM installation	UNKNOWN STEP	2025-06-04T09:13:03.6740768Z #14 17.76   readline-8.1-4.el9.x86_64                                                     
Test OLM installation	UNKNOWN STEP	2025-06-04T09:13:03.6741329Z #14 17.76   redhat-release-9.6-0.1.el9.x86_64                                             
Test OLM installation	UNKNOWN STEP	2025-06-04T09:13:03.6741790Z #14 17.76   sed-4.8-9.el9.x86_64                                                          
Test OLM installation	UNKNOWN STEP	2025-06-04T09:13:03.6742212Z #14 17.76   setup-2.13.7-10.el9.noarch                                                    
Test OLM installation	UNKNOWN STEP	2025-06-04T09:13:03.6742708Z #14 17.76   sqlite-libs-3.34.1-7.el9_3.x86_64                                             
Test OLM installation	UNKNOWN STEP	2025-06-04T09:13:03.6743137Z #14 17.76   systemd-libs-252-51.el9.x86_64                                                
Test OLM installation	UNKNOWN STEP	2025-06-04T09:13:03.6743647Z #14 17.76   tzdata-2025b-1.el9.noarch                                                     
Test OLM installation	UNKNOWN STEP	2025-06-04T09:13:03.6744067Z #14 17.76   tzdata-java-2025b-1.el9.noarch                                                
Test OLM installation	UNKNOWN STEP	2025-06-04T09:13:03.6744730Z #14 17.76   xz-libs-5.2.5-8.el9_0.x86_64                                                  
Test OLM installation	UNKNOWN STEP	2025-06-04T09:13:03.6745316Z #14 17.76   zlib-1.2.11-40.el9.x86_64                                                     
Test OLM installation	UNKNOWN STEP	2025-06-04T09:13:03.6745646Z #14 17.76 
Test OLM installation	UNKNOWN STEP	2025-06-04T09:13:03.6745811Z #14 17.76 Complete!
Test OLM installation	UNKNOWN STEP	2025-06-04T09:13:03.6746142Z #14 17.86 + dnf --installroot /tmp/null/rootfs clean all
Test OLM installation	UNKNOWN STEP	2025-06-04T09:13:03.9021605Z #14 18.10 Updating Subscription Management repositories.
Test OLM installation	UNKNOWN STEP	2025-06-04T09:13:04.1016652Z #14 18.10 Unable to read consumer identity
Test OLM installation	UNKNOWN STEP	2025-06-04T09:13:04.1017180Z #14 18.10 
Test OLM installation	UNKNOWN STEP	2025-06-04T09:13:04.1017806Z #14 18.10 This system is not registered with an entitlement server. You can use subscription-manager to register.
Test OLM installation	UNKNOWN STEP	2025-06-04T09:13:04.1018668Z #14 18.10 
Test OLM installation	UNKNOWN STEP	2025-06-04T09:13:04.1018897Z #14 18.11 26 files removed
Test OLM installation	UNKNOWN STEP	2025-06-04T09:13:04.1020226Z #14 18.14 + rm -rf /tmp/null/rootfs/var/cache/bpf /tmp/null/rootfs/var/cache/dnf /tmp/null/rootfs/var/cache/ldconfig /tmp/null/rootfs/var/log/dnf.librepo.log /tmp/null/rootfs/var/log/dnf.log /tmp/null/rootfs/var/log/dnf.rpm.log '/tmp/null/rootfs/var/log/yum.*'
Test OLM installation	UNKNOWN STEP	2025-06-04T09:13:04.1021564Z #14 18.15 ==> Building dependency tree
Test OLM installation	UNKNOWN STEP	2025-06-04T09:13:04.3550137Z #14 18.55 ==> 42 packages to erase:
Test OLM installation	UNKNOWN STEP	2025-06-04T09:13:04.5107010Z #14 18.55 alsa-lib
Test OLM installation	UNKNOWN STEP	2025-06-04T09:13:04.5107585Z #14 18.55 avahi-libs
Test OLM installation	UNKNOWN STEP	2025-06-04T09:13:04.5108010Z #14 18.55 bzip2-libs
Test OLM installation	UNKNOWN STEP	2025-06-04T09:13:04.5108660Z #14 18.55 copy-jdk-configs
Test OLM installation	UNKNOWN STEP	2025-06-04T09:13:04.5109088Z #14 18.55 cups-libs
Test OLM installation	UNKNOWN STEP	2025-06-04T09:13:04.5109434Z #14 18.55 dbus-libs
Test OLM installation	UNKNOWN STEP	2025-06-04T09:13:04.5109790Z #14 18.55 expat
Test OLM installation	UNKNOWN STEP	2025-06-04T09:13:04.5110137Z #14 18.55 gawk
Test OLM installation	UNKNOWN STEP	2025-06-04T09:13:04.5110473Z #14 18.55 gdbm-libs
Test OLM installation	UNKNOWN STEP	2025-06-04T09:13:04.5110826Z #14 18.55 gmp
Test OLM installation	UNKNOWN STEP	2025-06-04T09:13:04.5111159Z #14 18.55 gnutls
Test OLM installation	UNKNOWN STEP	2025-06-04T09:13:04.5111512Z #14 18.55 gpg-pubkey
Test OLM installation	UNKNOWN STEP	2025-06-04T09:13:04.5111889Z #14 18.55 keyutils-libs
Test OLM installation	UNKNOWN STEP	2025-06-04T09:13:04.5112225Z #14 18.55 krb5-libs
Test OLM installation	UNKNOWN STEP	2025-06-04T09:13:04.5112448Z #14 18.55 libcom_err
Test OLM installation	UNKNOWN STEP	2025-06-04T09:13:04.5112684Z #14 18.55 libevent
Test OLM installation	UNKNOWN STEP	2025-06-04T09:13:04.5112906Z #14 18.55 libffi
Test OLM installation	UNKNOWN STEP	2025-06-04T09:13:04.5113128Z #14 18.55 libgcrypt
Test OLM installation	UNKNOWN STEP	2025-06-04T09:13:04.5113390Z #14 18.55 libgpg-error
Test OLM installation	UNKNOWN STEP	2025-06-04T09:13:04.5113627Z #14 18.55 libidn2
Test OLM installation	UNKNOWN STEP	2025-06-04T09:13:04.5113850Z #14 18.55 libunistring
Test OLM installation	UNKNOWN STEP	2025-06-04T09:13:04.5114085Z #14 18.55 libuuid
Test OLM installation	UNKNOWN STEP	2025-06-04T09:13:04.5114308Z #14 18.55 libverto
Test OLM installation	UNKNOWN STEP	2025-06-04T09:13:04.5114529Z #14 18.55 libxcrypt
Test OLM installation	UNKNOWN STEP	2025-06-04T09:13:04.5114745Z #14 18.55 libzstd
Test OLM installation	UNKNOWN STEP	2025-06-04T09:13:04.5114960Z #14 18.55 lua
Test OLM installation	UNKNOWN STEP	2025-06-04T09:13:04.5115171Z #14 18.55 lua-libs
Test OLM installation	UNKNOWN STEP	2025-06-04T09:13:04.5115387Z #14 18.55 lua-posix
Test OLM installation	UNKNOWN STEP	2025-06-04T09:13:04.5115613Z #14 18.55 lz4-libs
Test OLM installation	UNKNOWN STEP	2025-06-04T09:13:04.5115829Z #14 18.55 mpfr
Test OLM installation	UNKNOWN STEP	2025-06-04T09:13:04.5116036Z #14 18.55 nettle
Test OLM installation	UNKNOWN STEP	2025-06-04T09:13:04.5116281Z #14 18.55 openssl-fips-provider
Test OLM installation	UNKNOWN STEP	2025-06-04T09:13:04.5116595Z #14 18.55 openssl-fips-provider-so
Test OLM installation	UNKNOWN STEP	2025-06-04T09:13:04.5116920Z #14 18.55 openssl-libs
Test OLM installation	UNKNOWN STEP	2025-06-04T09:13:04.5117164Z #14 18.55 p11-kit
Test OLM installation	UNKNOWN STEP	2025-06-04T09:13:04.5117387Z #14 18.55 python3
Test OLM installation	UNKNOWN STEP	2025-06-04T09:13:04.5117611Z #14 18.55 python3-libs
Test OLM installation	UNKNOWN STEP	2025-06-04T09:13:04.5117997Z #14 18.55 python3-pip-wheel
Test OLM installation	UNKNOWN STEP	2025-06-04T09:13:04.5119116Z #14 18.55 python3-setuptools-wheel
Test OLM installation	UNKNOWN STEP	2025-06-04T09:13:04.5119590Z #14 18.55 readline
Test OLM installation	UNKNOWN STEP	2025-06-04T09:13:04.5119922Z #14 18.55 systemd-libs
Test OLM installation	UNKNOWN STEP	2025-06-04T09:13:04.5120175Z #14 18.55 xz-libs
Test OLM installation	UNKNOWN STEP	2025-06-04T09:13:04.5120532Z #14 18.55 ==> 43 packages to keep:
Test OLM installation	UNKNOWN STEP	2025-06-04T09:13:04.5120963Z #14 18.55 alternatives
Test OLM installation	UNKNOWN STEP	2025-06-04T09:13:04.5121246Z #14 18.55 basesystem
Test OLM installation	UNKNOWN STEP	2025-06-04T09:13:04.5121476Z #14 18.55 bash
Test OLM installation	UNKNOWN STEP	2025-06-04T09:13:04.5121700Z #14 18.55 ca-certificates
Test OLM installation	UNKNOWN STEP	2025-06-04T09:13:04.5121967Z #14 18.55 coreutils-single
Test OLM installation	UNKNOWN STEP	2025-06-04T09:13:04.5122234Z #14 18.55 crypto-policies
Test OLM installation	UNKNOWN STEP	2025-06-04T09:13:04.5122521Z #14 18.55 crypto-policies-scripts
Test OLM installation	UNKNOWN STEP	2025-06-04T09:13:04.5122909Z #14 18.55 filesystem
Test OLM installation	UNKNOWN STEP	2025-06-04T09:13:04.5123141Z #14 18.55 findutils
Test OLM installation	UNKNOWN STEP	2025-06-04T09:13:04.5123320Z #14 18.55 glibc
Test OLM installation	UNKNOWN STEP	2025-06-04T09:13:04.5123490Z #14 18.55 glibc-common
Test OLM installation	UNKNOWN STEP	2025-06-04T09:13:04.5123685Z #14 18.55 glibc-langpack-en
Test OLM installation	UNKNOWN STEP	2025-06-04T09:13:04.5123896Z #14 18.55 grep
Test OLM installation	UNKNOWN STEP	2025-06-04T09:13:04.5124078Z #14 18.55 java-21-openjdk-headless
Test OLM installation	UNKNOWN STEP	2025-06-04T09:13:04.5124507Z #14 18.55 javapackages-filesystem
Test OLM installation	UNKNOWN STEP	2025-06-04T09:13:04.5124735Z #14 18.55 libacl
Test OLM installation	UNKNOWN STEP	2025-06-04T09:13:04.5124898Z #14 18.55 libattr
Test OLM installation	UNKNOWN STEP	2025-06-04T09:13:04.5125069Z #14 18.55 libcap
Test OLM installation	UNKNOWN STEP	2025-06-04T09:13:04.5125232Z #14 18.55 libgcc
Test OLM installation	UNKNOWN STEP	2025-06-04T09:13:04.5125389Z #14 18.55 libselinux
Test OLM installation	UNKNOWN STEP	2025-06-04T09:13:04.5125568Z #14 18.55 libsepol
Test OLM installation	UNKNOWN STEP	2025-06-04T09:13:04.5125740Z #14 18.55 libsigsegv
Test OLM installation	UNKNOWN STEP	2025-06-04T09:13:04.5125905Z #14 18.55 libtasn1
Test OLM installation	UNKNOWN STEP	2025-06-04T09:13:04.5126076Z #14 18.55 lksctp-tools
Test OLM installation	UNKNOWN STEP	2025-06-04T09:13:04.5126260Z #14 18.55 ncurses-base
Test OLM installation	UNKNOWN STEP	2025-06-04T09:13:04.5126440Z #14 18.55 ncurses-libs
Test OLM installation	UNKNOWN STEP	2025-06-04T09:13:04.5126609Z #14 18.55 nspr
Test OLM installation	UNKNOWN STEP	2025-06-04T09:13:04.5126771Z #14 18.55 nss
Test OLM installation	UNKNOWN STEP	2025-06-04T09:13:04.5126939Z #14 18.55 nss-softokn
Test OLM installation	UNKNOWN STEP	2025-06-04T09:13:04.5127128Z #14 18.55 nss-softokn-freebl
Test OLM installation	UNKNOWN STEP	2025-06-04T09:13:04.5127334Z #14 18.55 nss-sysinit
Test OLM installation	UNKNOWN STEP	2025-06-04T09:13:04.5127508Z #14 18.55 nss-util
Test OLM installation	UNKNOWN STEP	2025-06-04T09:13:04.5127680Z #14 18.55 p11-kit-trust
Test OLM installation	UNKNOWN STEP	2025-06-04T09:13:04.5127873Z #14 18.55 pcre
Test OLM installation	UNKNOWN STEP	2025-06-04T09:13:04.5128039Z #14 18.55 pcre2
Test OLM installation	UNKNOWN STEP	2025-06-04T09:13:04.5128389Z #14 18.55 pcre2-syntax
Test OLM installation	UNKNOWN STEP	2025-06-04T09:13:04.5128581Z #14 18.55 redhat-release
Test OLM installation	UNKNOWN STEP	2025-06-04T09:13:04.5128770Z #14 18.55 sed
Test OLM installation	UNKNOWN STEP	2025-06-04T09:13:04.5128930Z #14 18.55 setup
Test OLM installation	UNKNOWN STEP	2025-06-04T09:13:04.5129100Z #14 18.55 sqlite-libs
Test OLM installation	UNKNOWN STEP	2025-06-04T09:13:04.5129275Z #14 18.55 tzdata
Test OLM installation	UNKNOWN STEP	2025-06-04T09:13:04.5129437Z #14 18.55 tzdata-java
Test OLM installation	UNKNOWN STEP	2025-06-04T09:13:04.5129610Z #14 18.55 zlib
Test OLM installation	UNKNOWN STEP	2025-06-04T09:13:04.5129770Z #14 18.55 
Test OLM installation	UNKNOWN STEP	2025-06-04T09:13:04.5129935Z #14 18.55 ==> Erasing packages
Test OLM installation	UNKNOWN STEP	2025-06-04T09:13:04.5130249Z #14 18.55 + xargs rpm -r /tmp/null/rootfs --erase --nodeps --allmatches
Test OLM installation	UNKNOWN STEP	2025-06-04T09:13:04.6604123Z #14 18.85 
Test OLM installation	UNKNOWN STEP	2025-06-04T09:13:04.6604600Z #14 18.85 ==> Packages erased ok!
Test OLM installation	UNKNOWN STEP	2025-06-04T09:13:04.8552350Z #14 DONE 18.9s
Test OLM installation	UNKNOWN STEP	2025-06-04T09:13:06.2912607Z 
Test OLM installation	UNKNOWN STEP	2025-06-04T09:13:06.2913227Z #15 [stage-1 2/4] COPY --from=ubi-micro-build /tmp/null/rootfs/ /
Test OLM installation	UNKNOWN STEP	2025-06-04T09:13:07.7633458Z #15 DONE 1.5s
Test OLM installation	UNKNOWN STEP	2025-06-04T09:13:07.9153560Z 
Test OLM installation	UNKNOWN STEP	2025-06-04T09:13:07.9154436Z #16 [stage-1 3/4] COPY --from=ubi-micro-build --chown=1000:0 /opt/keycloak /opt/keycloak
Test OLM installation	UNKNOWN STEP	2025-06-04T09:13:08.2365270Z #16 DONE 0.5s
Test OLM installation	UNKNOWN STEP	2025-06-04T09:13:08.3411193Z 
Test OLM installation	UNKNOWN STEP	2025-06-04T09:13:08.3412957Z #17 [stage-1 4/4] RUN echo "keycloak:x:0:root" >> /etc/group &&     echo "keycloak:x:1000:0:keycloak user:/opt/keycloak:/sbin/nologin" >> /etc/passwd
Test OLM installation	UNKNOWN STEP	2025-06-04T09:13:08.3413865Z #17 DONE 0.1s
Test OLM installation	UNKNOWN STEP	2025-06-04T09:13:08.4927791Z 
Test OLM installation	UNKNOWN STEP	2025-06-04T09:13:08.4928674Z #18 exporting to image
Test OLM installation	UNKNOWN STEP	2025-06-04T09:13:08.4929316Z #18 exporting layers
Test OLM installation	UNKNOWN STEP	2025-06-04T09:13:09.7732449Z #18 exporting layers 1.4s done
Test OLM installation	UNKNOWN STEP	2025-06-04T09:13:09.7910335Z #18 writing image sha256:913ce69d1fd0d5dc4103b8c0f87c8f9c34722d5812ec0b885c516467255ad942 done
Test OLM installation	UNKNOWN STEP	2025-06-04T09:13:09.7911337Z #18 naming to ttl.sh/86aa95keycloak:86400000.0.0 done
Test OLM installation	UNKNOWN STEP	2025-06-04T09:13:09.7960551Z #18 DONE 1.4s
Test OLM installation	UNKNOWN STEP	2025-06-04T09:13:09.7960981Z + docker push ttl.sh/86aa95keycloak:86400000.0.0
Test OLM installation	UNKNOWN STEP	2025-06-04T09:13:10.0097671Z The push refers to repository [ttl.sh/86aa95keycloak]
Test OLM installation	UNKNOWN STEP	2025-06-04T09:13:10.1062017Z ddb445f5db3d: Preparing
Test OLM installation	UNKNOWN STEP	2025-06-04T09:13:10.1063111Z 6e6bc27fb819: Preparing
Test OLM installation	UNKNOWN STEP	2025-06-04T09:13:10.1064472Z bbcadb93a9e1: Preparing
Test OLM installation	UNKNOWN STEP	2025-06-04T09:13:10.1065558Z ef3cb51dff21: Preparing
Test OLM installation	UNKNOWN STEP	2025-06-04T09:13:13.4592501Z ddb445f5db3d: Pushed
Test OLM installation	UNKNOWN STEP	2025-06-04T09:13:23.5973817Z ef3cb51dff21: Pushed
Test OLM installation	UNKNOWN STEP	2025-06-04T09:14:40.8917623Z error parsing HTTP 499 response body: invalid character '<' looking for beginning of value: "<!DOCTYPE html>\n<html>\n  <head>\n    <meta name=\"viewport\" content=\"width=device-width, initial-scale=1\">\n    <meta charset=\"utf-8\">\n    <title>Application Error</title>\n    <style media=\"screen\">\n      html,body,iframe {\n        margin: 0;\n        padding: 0;\n      }\n\n      html,body {\n        height: 100%;\n        overflow: hidden;\n      }\n\n      iframe {\n        width: 100%;\n        height: 100%;\n        border: 0;\n      }\n    </style>\n  </head>\n  <body>\n    <iframe src=\"https://www.herokucdn.com/error-pages/application-error.html\"></iframe>\n  </body>\n</html>"
Test OLM installation	UNKNOWN STEP	2025-06-04T09:14:40.8942022Z ##[error]Process completed with exit code 1.
Test OLM installation	UNKNOWN STEP	2025-06-04T09:14:40.9010399Z Post job cleanup.
Test OLM installation	UNKNOWN STEP	2025-06-04T09:14:40.9052398Z Post job cleanup.
Test OLM installation	UNKNOWN STEP	2025-06-04T09:14:41.0862132Z Post job cleanup.
Test OLM installation	UNKNOWN STEP	2025-06-04T09:14:41.2065284Z [command]/usr/bin/git version
Test OLM installation	UNKNOWN STEP	2025-06-04T09:14:41.2115385Z git version 2.49.0
Test OLM installation	UNKNOWN STEP	2025-06-04T09:14:41.2191424Z Temporarily overriding HOME='/home/runner/work/_temp/bc7ff076-2672-4aed-b51f-38de7fba27e0' before making global git config changes
Test OLM installation	UNKNOWN STEP	2025-06-04T09:14:41.2193631Z Adding repository directory to the temporary git global config as a safe directory
Test OLM installation	UNKNOWN STEP	2025-06-04T09:14:41.2202173Z [command]/usr/bin/git config --global --add safe.directory /home/runner/work/keycloak/keycloak
Test OLM installation	UNKNOWN STEP	2025-06-04T09:14:41.2248614Z [command]/usr/bin/git config --local --name-only --get-regexp core\.sshCommand
Test OLM installation	UNKNOWN STEP	2025-06-04T09:14:41.2293126Z [command]/usr/bin/git submodule foreach --recursive sh -c "git config --local --name-only --get-regexp 'core\.sshCommand' && git config --local --unset-all 'core.sshCommand' || :"
Test OLM installation	UNKNOWN STEP	2025-06-04T09:14:41.2637480Z [command]/usr/bin/git config --local --name-only --get-regexp http\.https\:\/\/github\.com\/\.extraheader
Test OLM installation	UNKNOWN STEP	2025-06-04T09:14:41.2669057Z http.https://github.com/.extraheader
Test OLM installation	UNKNOWN STEP	2025-06-04T09:14:41.2687299Z [command]/usr/bin/git config --local --unset-all http.https://github.com/.extraheader
Test OLM installation	UNKNOWN STEP	2025-06-04T09:14:41.2729131Z [command]/usr/bin/git submodule foreach --recursive sh -c "git config --local --name-only --get-regexp 'http\.https\:\/\/github\.com\/\.extraheader' && git config --local --unset-all 'http.https://github.com/.extraheader' || :"
Test OLM installation	UNKNOWN STEP	2025-06-04T09:14:41.3226430Z Cleaning up orphan processes
Status Check - Keycloak Operator CI	UNKNOWN STEP	Ôªø2025-06-04T09:14:49.1639377Z Current runner version: '2.324.0'
Status Check - Keycloak Operator CI	UNKNOWN STEP	2025-06-04T09:14:49.1668860Z ##[group]Runner Image Provisioner
Status Check - Keycloak Operator CI	UNKNOWN STEP	2025-06-04T09:14:49.1670039Z Hosted Compute Agent
Status Check - Keycloak Operator CI	UNKNOWN STEP	2025-06-04T09:14:49.1671006Z Version: 20250508.323
Status Check - Keycloak Operator CI	UNKNOWN STEP	2025-06-04T09:14:49.1671981Z Commit: 81b259f29879f73b4213d199e42d8c3465dae986
Status Check - Keycloak Operator CI	UNKNOWN STEP	2025-06-04T09:14:49.1672951Z Build Date: 2025-05-08T19:40:08Z
Status Check - Keycloak Operator CI	UNKNOWN STEP	2025-06-04T09:14:49.1674032Z ##[endgroup]
Status Check - Keycloak Operator CI	UNKNOWN STEP	2025-06-04T09:14:49.1674835Z ##[group]Operating System
Status Check - Keycloak Operator CI	UNKNOWN STEP	2025-06-04T09:14:49.1675778Z Ubuntu
Status Check - Keycloak Operator CI	UNKNOWN STEP	2025-06-04T09:14:49.1676587Z 24.04.2
Status Check - Keycloak Operator CI	UNKNOWN STEP	2025-06-04T09:14:49.1677778Z LTS
Status Check - Keycloak Operator CI	UNKNOWN STEP	2025-06-04T09:14:49.1678598Z ##[endgroup]
Status Check - Keycloak Operator CI	UNKNOWN STEP	2025-06-04T09:14:49.1679544Z ##[group]Runner Image
Status Check - Keycloak Operator CI	UNKNOWN STEP	2025-06-04T09:14:49.1680520Z Image: ubuntu-24.04
Status Check - Keycloak Operator CI	UNKNOWN STEP	2025-06-04T09:14:49.1681352Z Version: 20250511.1.0
Status Check - Keycloak Operator CI	UNKNOWN STEP	2025-06-04T09:14:49.1683125Z Included Software: https://github.com/actions/runner-images/blob/ubuntu24/20250511.1/images/ubuntu/Ubuntu2404-Readme.md
Status Check - Keycloak Operator CI	UNKNOWN STEP	2025-06-04T09:14:49.1685770Z Image Release: https://github.com/actions/runner-images/releases/tag/ubuntu24%2F20250511.1
Status Check - Keycloak Operator CI	UNKNOWN STEP	2025-06-04T09:14:49.1687885Z ##[endgroup]
Status Check - Keycloak Operator CI	UNKNOWN STEP	2025-06-04T09:14:49.1689464Z ##[group]GITHUB_TOKEN Permissions
Status Check - Keycloak Operator CI	UNKNOWN STEP	2025-06-04T09:14:49.1692350Z Contents: read
Status Check - Keycloak Operator CI	UNKNOWN STEP	2025-06-04T09:14:49.1693198Z Metadata: read
Status Check - Keycloak Operator CI	UNKNOWN STEP	2025-06-04T09:14:49.1693898Z ##[endgroup]
Status Check - Keycloak Operator CI	UNKNOWN STEP	2025-06-04T09:14:49.1697450Z Secret source: None
Status Check - Keycloak Operator CI	UNKNOWN STEP	2025-06-04T09:14:49.1698581Z Prepare workflow directory
Status Check - Keycloak Operator CI	UNKNOWN STEP	2025-06-04T09:14:49.2270549Z Prepare all required actions
Status Check - Keycloak Operator CI	UNKNOWN STEP	2025-06-04T09:14:49.2327824Z Getting action download info
Status Check - Keycloak Operator CI	UNKNOWN STEP	2025-06-04T09:14:49.5011692Z ##[group]Download immutable action package 'actions/checkout@v4'
Status Check - Keycloak Operator CI	UNKNOWN STEP	2025-06-04T09:14:49.5012701Z Version: 4.2.2
Status Check - Keycloak Operator CI	UNKNOWN STEP	2025-06-04T09:14:49.5013654Z Digest: sha256:ccb2698953eaebd21c7bf6268a94f9c26518a7e38e27e0b83c1fe1ad049819b1
Status Check - Keycloak Operator CI	UNKNOWN STEP	2025-06-04T09:14:49.5014880Z Source commit SHA: 11bd71901bbe5b1630ceea73d27597364c9af683
Status Check - Keycloak Operator CI	UNKNOWN STEP	2025-06-04T09:14:49.5015555Z ##[endgroup]
Status Check - Keycloak Operator CI	UNKNOWN STEP	2025-06-04T09:14:49.6293776Z Complete job name: Status Check - Keycloak Operator CI
Status Check - Keycloak Operator CI	UNKNOWN STEP	2025-06-04T09:14:49.7046706Z ##[group]Run actions/checkout@v4
Status Check - Keycloak Operator CI	UNKNOWN STEP	2025-06-04T09:14:49.7047784Z with:
Status Check - Keycloak Operator CI	UNKNOWN STEP	2025-06-04T09:14:49.7048176Z   repository: keycloak/keycloak
Status Check - Keycloak Operator CI	UNKNOWN STEP	2025-06-04T09:14:49.7048811Z   token: ***
Status Check - Keycloak Operator CI	UNKNOWN STEP	2025-06-04T09:14:49.7049188Z   ssh-strict: true
Status Check - Keycloak Operator CI	UNKNOWN STEP	2025-06-04T09:14:49.7049568Z   ssh-user: git
Status Check - Keycloak Operator CI	UNKNOWN STEP	2025-06-04T09:14:49.7049961Z   persist-credentials: true
Status Check - Keycloak Operator CI	UNKNOWN STEP	2025-06-04T09:14:49.7050391Z   clean: true
Status Check - Keycloak Operator CI	UNKNOWN STEP	2025-06-04T09:14:49.7050781Z   sparse-checkout-cone-mode: true
Status Check - Keycloak Operator CI	UNKNOWN STEP	2025-06-04T09:14:49.7051245Z   fetch-depth: 1
Status Check - Keycloak Operator CI	UNKNOWN STEP	2025-06-04T09:14:49.7051625Z   fetch-tags: false
Status Check - Keycloak Operator CI	UNKNOWN STEP	2025-06-04T09:14:49.7052004Z   show-progress: true
Status Check - Keycloak Operator CI	UNKNOWN STEP	2025-06-04T09:14:49.7052400Z   lfs: false
Status Check - Keycloak Operator CI	UNKNOWN STEP	2025-06-04T09:14:49.7052762Z   submodules: false
Status Check - Keycloak Operator CI	UNKNOWN STEP	2025-06-04T09:14:49.7053155Z   set-safe-directory: true
Status Check - Keycloak Operator CI	UNKNOWN STEP	2025-06-04T09:14:49.7053776Z env:
Status Check - Keycloak Operator CI	UNKNOWN STEP	2025-06-04T09:14:49.7054291Z   MAVEN_ARGS: -B -nsu -Daether.connector.http.connectionMaxTtl=25
Status Check - Keycloak Operator CI	UNKNOWN STEP	2025-06-04T09:14:49.7054923Z   MINIKUBE_VERSION: v1.32.0
Status Check - Keycloak Operator CI	UNKNOWN STEP	2025-06-04T09:14:49.7055360Z   KUBERNETES_VERSION: v1.27.10
Status Check - Keycloak Operator CI	UNKNOWN STEP	2025-06-04T09:14:49.7055846Z   MINIKUBE_MEMORY: 4096
Status Check - Keycloak Operator CI	UNKNOWN STEP	2025-06-04T09:14:49.7056240Z ##[endgroup]
Status Check - Keycloak Operator CI	UNKNOWN STEP	2025-06-04T09:14:49.8115708Z Syncing repository: keycloak/keycloak
Status Check - Keycloak Operator CI	UNKNOWN STEP	2025-06-04T09:14:49.8117690Z ##[group]Getting Git version info
Status Check - Keycloak Operator CI	UNKNOWN STEP	2025-06-04T09:14:49.8118375Z Working directory is '/home/runner/work/keycloak/keycloak'
Status Check - Keycloak Operator CI	UNKNOWN STEP	2025-06-04T09:14:49.8119287Z [command]/usr/bin/git version
Status Check - Keycloak Operator CI	UNKNOWN STEP	2025-06-04T09:14:49.8152830Z git version 2.49.0
Status Check - Keycloak Operator CI	UNKNOWN STEP	2025-06-04T09:14:49.8178655Z ##[endgroup]
Status Check - Keycloak Operator CI	UNKNOWN STEP	2025-06-04T09:14:49.8192338Z Temporarily overriding HOME='/home/runner/work/_temp/952e8608-76f0-450e-89cd-f7929c068ad5' before making global git config changes
Status Check - Keycloak Operator CI	UNKNOWN STEP	2025-06-04T09:14:49.8196872Z Adding repository directory to the temporary git global config as a safe directory
Status Check - Keycloak Operator CI	UNKNOWN STEP	2025-06-04T09:14:49.8198275Z [command]/usr/bin/git config --global --add safe.directory /home/runner/work/keycloak/keycloak
Status Check - Keycloak Operator CI	UNKNOWN STEP	2025-06-04T09:14:49.8229948Z Deleting the contents of '/home/runner/work/keycloak/keycloak'
Status Check - Keycloak Operator CI	UNKNOWN STEP	2025-06-04T09:14:49.8233508Z ##[group]Initializing the repository
Status Check - Keycloak Operator CI	UNKNOWN STEP	2025-06-04T09:14:49.8237391Z [command]/usr/bin/git init /home/runner/work/keycloak/keycloak
Status Check - Keycloak Operator CI	UNKNOWN STEP	2025-06-04T09:14:49.8295392Z hint: Using 'master' as the name for the initial branch. This default branch name
Status Check - Keycloak Operator CI	UNKNOWN STEP	2025-06-04T09:14:49.8297662Z hint: is subject to change. To configure the initial branch name to use in all
Status Check - Keycloak Operator CI	UNKNOWN STEP	2025-06-04T09:14:49.8299063Z hint: of your new repositories, which will suppress this warning, call:
Status Check - Keycloak Operator CI	UNKNOWN STEP	2025-06-04T09:14:49.8299726Z hint:
Status Check - Keycloak Operator CI	UNKNOWN STEP	2025-06-04T09:14:49.8300432Z hint: 	git config --global init.defaultBranch <name>
Status Check - Keycloak Operator CI	UNKNOWN STEP	2025-06-04T09:14:49.8301513Z hint:
Status Check - Keycloak Operator CI	UNKNOWN STEP	2025-06-04T09:14:49.8302539Z hint: Names commonly chosen instead of 'master' are 'main', 'trunk' and
Status Check - Keycloak Operator CI	UNKNOWN STEP	2025-06-04T09:14:49.8303990Z hint: 'development'. The just-created branch can be renamed via this command:
Status Check - Keycloak Operator CI	UNKNOWN STEP	2025-06-04T09:14:49.8305159Z hint:
Status Check - Keycloak Operator CI	UNKNOWN STEP	2025-06-04T09:14:49.8305555Z hint: 	git branch -m <name>
Status Check - Keycloak Operator CI	UNKNOWN STEP	2025-06-04T09:14:49.8306248Z Initialized empty Git repository in /home/runner/work/keycloak/keycloak/.git/
Status Check - Keycloak Operator CI	UNKNOWN STEP	2025-06-04T09:14:49.8315045Z [command]/usr/bin/git remote add origin https://github.com/keycloak/keycloak
Status Check - Keycloak Operator CI	UNKNOWN STEP	2025-06-04T09:14:49.8345963Z ##[endgroup]
Status Check - Keycloak Operator CI	UNKNOWN STEP	2025-06-04T09:14:49.8346654Z ##[group]Disabling automatic garbage collection
Status Check - Keycloak Operator CI	UNKNOWN STEP	2025-06-04T09:14:49.8350242Z [command]/usr/bin/git config --local gc.auto 0
Status Check - Keycloak Operator CI	UNKNOWN STEP	2025-06-04T09:14:49.8378248Z ##[endgroup]
Status Check - Keycloak Operator CI	UNKNOWN STEP	2025-06-04T09:14:49.8379246Z ##[group]Setting up auth
Status Check - Keycloak Operator CI	UNKNOWN STEP	2025-06-04T09:14:49.8384495Z [command]/usr/bin/git config --local --name-only --get-regexp core\.sshCommand
Status Check - Keycloak Operator CI	UNKNOWN STEP	2025-06-04T09:14:49.8413551Z [command]/usr/bin/git submodule foreach --recursive sh -c "git config --local --name-only --get-regexp 'core\.sshCommand' && git config --local --unset-all 'core.sshCommand' || :"
Status Check - Keycloak Operator CI	UNKNOWN STEP	2025-06-04T09:14:49.8671369Z [command]/usr/bin/git config --local --name-only --get-regexp http\.https\:\/\/github\.com\/\.extraheader
Status Check - Keycloak Operator CI	UNKNOWN STEP	2025-06-04T09:14:49.8699972Z [command]/usr/bin/git submodule foreach --recursive sh -c "git config --local --name-only --get-regexp 'http\.https\:\/\/github\.com\/\.extraheader' && git config --local --unset-all 'http.https://github.com/.extraheader' || :"
Status Check - Keycloak Operator CI	UNKNOWN STEP	2025-06-04T09:14:49.8919812Z [command]/usr/bin/git config --local http.https://github.com/.extraheader AUTHORIZATION: basic ***
Status Check - Keycloak Operator CI	UNKNOWN STEP	2025-06-04T09:14:49.8962641Z ##[endgroup]
Status Check - Keycloak Operator CI	UNKNOWN STEP	2025-06-04T09:14:49.8963877Z ##[group]Fetching the repository
Status Check - Keycloak Operator CI	UNKNOWN STEP	2025-06-04T09:14:49.8972911Z [command]/usr/bin/git -c protocol.version=2 fetch --no-tags --prune --no-recurse-submodules --depth=1 origin +86aa95c27e213f62d7982beb774b6d3176b47724:refs/remotes/pull/40197/merge
Status Check - Keycloak Operator CI	UNKNOWN STEP	2025-06-04T09:14:53.0516968Z From https://github.com/keycloak/keycloak
Status Check - Keycloak Operator CI	UNKNOWN STEP	2025-06-04T09:14:53.0518621Z  * [new ref]         86aa95c27e213f62d7982beb774b6d3176b47724 -> pull/40197/merge
Status Check - Keycloak Operator CI	UNKNOWN STEP	2025-06-04T09:14:53.0567540Z ##[endgroup]
Status Check - Keycloak Operator CI	UNKNOWN STEP	2025-06-04T09:14:53.0569479Z ##[group]Determining the checkout info
Status Check - Keycloak Operator CI	UNKNOWN STEP	2025-06-04T09:14:53.0571488Z ##[endgroup]
Status Check - Keycloak Operator CI	UNKNOWN STEP	2025-06-04T09:14:53.0575525Z [command]/usr/bin/git sparse-checkout disable
Status Check - Keycloak Operator CI	UNKNOWN STEP	2025-06-04T09:14:53.0613794Z [command]/usr/bin/git config --local --unset-all extensions.worktreeConfig
Status Check - Keycloak Operator CI	UNKNOWN STEP	2025-06-04T09:14:53.0642959Z ##[group]Checking out the ref
Status Check - Keycloak Operator CI	UNKNOWN STEP	2025-06-04T09:14:53.0646791Z [command]/usr/bin/git checkout --progress --force refs/remotes/pull/40197/merge
Status Check - Keycloak Operator CI	UNKNOWN STEP	2025-06-04T09:14:53.8477808Z Note: switching to 'refs/remotes/pull/40197/merge'.
Status Check - Keycloak Operator CI	UNKNOWN STEP	2025-06-04T09:14:53.8478434Z 
Status Check - Keycloak Operator CI	UNKNOWN STEP	2025-06-04T09:14:53.8478812Z You are in 'detached HEAD' state. You can look around, make experimental
Status Check - Keycloak Operator CI	UNKNOWN STEP	2025-06-04T09:14:53.8479608Z changes and commit them, and you can discard any commits you make in this
Status Check - Keycloak Operator CI	UNKNOWN STEP	2025-06-04T09:14:53.8480391Z state without impacting any branches by switching back to a branch.
Status Check - Keycloak Operator CI	UNKNOWN STEP	2025-06-04T09:14:53.8480838Z 
Status Check - Keycloak Operator CI	UNKNOWN STEP	2025-06-04T09:14:53.8481150Z If you want to create a new branch to retain commits you create, you may
Status Check - Keycloak Operator CI	UNKNOWN STEP	2025-06-04T09:14:53.8481862Z do so (now or later) by using -c with the switch command. Example:
Status Check - Keycloak Operator CI	UNKNOWN STEP	2025-06-04T09:14:53.8482283Z 
Status Check - Keycloak Operator CI	UNKNOWN STEP	2025-06-04T09:14:53.8482461Z   git switch -c <new-branch-name>
Status Check - Keycloak Operator CI	UNKNOWN STEP	2025-06-04T09:14:53.8482771Z 
Status Check - Keycloak Operator CI	UNKNOWN STEP	2025-06-04T09:14:53.8482963Z Or undo this operation with:
Status Check - Keycloak Operator CI	UNKNOWN STEP	2025-06-04T09:14:53.8483237Z 
Status Check - Keycloak Operator CI	UNKNOWN STEP	2025-06-04T09:14:53.8483403Z   git switch -
Status Check - Keycloak Operator CI	UNKNOWN STEP	2025-06-04T09:14:53.8483633Z 
Status Check - Keycloak Operator CI	UNKNOWN STEP	2025-06-04T09:14:53.8484081Z Turn off this advice by setting config variable advice.detachedHead to false
Status Check - Keycloak Operator CI	UNKNOWN STEP	2025-06-04T09:14:53.8484937Z 
Status Check - Keycloak Operator CI	UNKNOWN STEP	2025-06-04T09:14:53.8485584Z HEAD is now at 86aa95c Merge 65168bcfdee21ea3d8bff5658b0fe87a40f42b1c into 8a3bff7c7eed089151574649fb5df98077187c1f
Status Check - Keycloak Operator CI	UNKNOWN STEP	2025-06-04T09:14:53.8511607Z ##[endgroup]
Status Check - Keycloak Operator CI	UNKNOWN STEP	2025-06-04T09:14:53.8549162Z [command]/usr/bin/git log -1 --format=%H
Status Check - Keycloak Operator CI	UNKNOWN STEP	2025-06-04T09:14:53.8570727Z 86aa95c27e213f62d7982beb774b6d3176b47724
Status Check - Keycloak Operator CI	UNKNOWN STEP	2025-06-04T09:14:53.8809510Z Prepare all required actions
Status Check - Keycloak Operator CI	UNKNOWN STEP	2025-06-04T09:14:53.8878223Z ##[group]Run ./.github/actions/status-check
Status Check - Keycloak Operator CI	UNKNOWN STEP	2025-06-04T09:14:53.8878551Z with:
Status Check - Keycloak Operator CI	UNKNOWN STEP	2025-06-04T09:14:53.8879407Z   jobs: {
Status Check - Keycloak Operator CI	UNKNOWN STEP	  "conditional": {
Status Check - Keycloak Operator CI	UNKNOWN STEP	    "result": "success",
Status Check - Keycloak Operator CI	UNKNOWN STEP	    "outputs": {
Status Check - Keycloak Operator CI	UNKNOWN STEP	      "operator": "true"
Status Check - Keycloak Operator CI	UNKNOWN STEP	    }
Status Check - Keycloak Operator CI	UNKNOWN STEP	  },
Status Check - Keycloak Operator CI	UNKNOWN STEP	  "build": {
Status Check - Keycloak Operator CI	UNKNOWN STEP	    "result": "success",
Status Check - Keycloak Operator CI	UNKNOWN STEP	    "outputs": {}
Status Check - Keycloak Operator CI	UNKNOWN STEP	  },
Status Check - Keycloak Operator CI	UNKNOWN STEP	  "test-local-apiserver": {
Status Check - Keycloak Operator CI	UNKNOWN STEP	    "result": "success",
Status Check - Keycloak Operator CI	UNKNOWN STEP	    "outputs": {}
Status Check - Keycloak Operator CI	UNKNOWN STEP	  },
Status Check - Keycloak Operator CI	UNKNOWN STEP	  "test-remote": {
Status Check - Keycloak Operator CI	UNKNOWN STEP	    "result": "success",
Status Check - Keycloak Operator CI	UNKNOWN STEP	    "outputs": {}
Status Check - Keycloak Operator CI	UNKNOWN STEP	  },
Status Check - Keycloak Operator CI	UNKNOWN STEP	  "test-olm": {
Status Check - Keycloak Operator CI	UNKNOWN STEP	    "result": "failure",
Status Check - Keycloak Operator CI	UNKNOWN STEP	    "outputs": {}
Status Check - Keycloak Operator CI	UNKNOWN STEP	  }
Status Check - Keycloak Operator CI	UNKNOWN STEP	}
Status Check - Keycloak Operator CI	UNKNOWN STEP	2025-06-04T09:14:53.8880315Z env:
Status Check - Keycloak Operator CI	UNKNOWN STEP	2025-06-04T09:14:53.8880619Z   MAVEN_ARGS: -B -nsu -Daether.connector.http.connectionMaxTtl=25
Status Check - Keycloak Operator CI	UNKNOWN STEP	2025-06-04T09:14:53.8881024Z   MINIKUBE_VERSION: v1.32.0
Status Check - Keycloak Operator CI	UNKNOWN STEP	2025-06-04T09:14:53.8881314Z   KUBERNETES_VERSION: v1.27.10
Status Check - Keycloak Operator CI	UNKNOWN STEP	2025-06-04T09:14:53.8881567Z   MINIKUBE_MEMORY: 4096
Status Check - Keycloak Operator CI	UNKNOWN STEP	2025-06-04T09:14:53.8881794Z ##[endgroup]
Status Check - Keycloak Operator CI	UNKNOWN STEP	2025-06-04T09:14:53.8980652Z ##[group]Run JOBS='{
Status Check - Keycloak Operator CI	UNKNOWN STEP	2025-06-04T09:14:53.8980977Z [36;1mJOBS='{[0m
Status Check - Keycloak Operator CI	UNKNOWN STEP	2025-06-04T09:14:53.8981262Z [36;1m  "conditional": {[0m
Status Check - Keycloak Operator CI	UNKNOWN STEP	2025-06-04T09:14:53.8981515Z [36;1m    "result": "success",[0m
Status Check - Keycloak Operator CI	UNKNOWN STEP	2025-06-04T09:14:53.8981795Z [36;1m    "outputs": {[0m
Status Check - Keycloak Operator CI	UNKNOWN STEP	2025-06-04T09:14:53.8982042Z [36;1m      "operator": "true"[0m
Status Check - Keycloak Operator CI	UNKNOWN STEP	2025-06-04T09:14:53.8982300Z [36;1m    }[0m
Status Check - Keycloak Operator CI	UNKNOWN STEP	2025-06-04T09:14:53.8982497Z [36;1m  },[0m
Status Check - Keycloak Operator CI	UNKNOWN STEP	2025-06-04T09:14:53.8982705Z [36;1m  "build": {[0m
Status Check - Keycloak Operator CI	UNKNOWN STEP	2025-06-04T09:14:53.8982930Z [36;1m    "result": "success",[0m
Status Check - Keycloak Operator CI	UNKNOWN STEP	2025-06-04T09:14:53.8983196Z [36;1m    "outputs": {}[0m
Status Check - Keycloak Operator CI	UNKNOWN STEP	2025-06-04T09:14:53.8983430Z [36;1m  },[0m
Status Check - Keycloak Operator CI	UNKNOWN STEP	2025-06-04T09:14:53.8983656Z [36;1m  "test-local-apiserver": {[0m
Status Check - Keycloak Operator CI	UNKNOWN STEP	2025-06-04T09:14:53.8983940Z [36;1m    "result": "success",[0m
Status Check - Keycloak Operator CI	UNKNOWN STEP	2025-06-04T09:14:53.8984206Z [36;1m    "outputs": {}[0m
Status Check - Keycloak Operator CI	UNKNOWN STEP	2025-06-04T09:14:53.8984442Z [36;1m  },[0m
Status Check - Keycloak Operator CI	UNKNOWN STEP	2025-06-04T09:14:53.8984650Z [36;1m  "test-remote": {[0m
Status Check - Keycloak Operator CI	UNKNOWN STEP	2025-06-04T09:14:53.8984902Z [36;1m    "result": "success",[0m
Status Check - Keycloak Operator CI	UNKNOWN STEP	2025-06-04T09:14:53.8985151Z [36;1m    "outputs": {}[0m
Status Check - Keycloak Operator CI	UNKNOWN STEP	2025-06-04T09:14:53.8985383Z [36;1m  },[0m
Status Check - Keycloak Operator CI	UNKNOWN STEP	2025-06-04T09:14:53.8985597Z [36;1m  "test-olm": {[0m
Status Check - Keycloak Operator CI	UNKNOWN STEP	2025-06-04T09:14:53.8985825Z [36;1m    "result": "failure",[0m
Status Check - Keycloak Operator CI	UNKNOWN STEP	2025-06-04T09:14:53.8986078Z [36;1m    "outputs": {}[0m
Status Check - Keycloak Operator CI	UNKNOWN STEP	2025-06-04T09:14:53.8986295Z [36;1m  }[0m
Status Check - Keycloak Operator CI	UNKNOWN STEP	2025-06-04T09:14:53.8986487Z [36;1m}'[0m
Status Check - Keycloak Operator CI	UNKNOWN STEP	2025-06-04T09:14:53.8986682Z [36;1m[0m
Status Check - Keycloak Operator CI	UNKNOWN STEP	2025-06-04T09:14:53.8986882Z [36;1mecho "Job status:"[0m
Status Check - Keycloak Operator CI	UNKNOWN STEP	2025-06-04T09:14:53.8987380Z [36;1mecho $JOBS | jq -r 'to_entries[] | " - \(.key): \(.value.result)"'[0m
Status Check - Keycloak Operator CI	UNKNOWN STEP	2025-06-04T09:14:53.8987741Z [36;1m[0m
Status Check - Keycloak Operator CI	UNKNOWN STEP	2025-06-04T09:14:53.8988020Z [36;1mfor i in $(echo $JOBS | jq -r 'to_entries[] | .value.result'); do[0m
Status Check - Keycloak Operator CI	UNKNOWN STEP	2025-06-04T09:14:53.8988423Z [36;1m  if [ "$i" != "success" ] && [ "$i" != "skipped" ]; then[0m
Status Check - Keycloak Operator CI	UNKNOWN STEP	2025-06-04T09:14:53.8988732Z [36;1m    echo ""[0m
Status Check - Keycloak Operator CI	UNKNOWN STEP	2025-06-04T09:14:53.8988966Z [36;1m    echo "Status check not okay!"[0m
Status Check - Keycloak Operator CI	UNKNOWN STEP	2025-06-04T09:14:53.8989236Z [36;1m    exit 1[0m
Status Check - Keycloak Operator CI	UNKNOWN STEP	2025-06-04T09:14:53.8989434Z [36;1m  fi[0m
Status Check - Keycloak Operator CI	UNKNOWN STEP	2025-06-04T09:14:53.8989632Z [36;1mdone[0m
Status Check - Keycloak Operator CI	UNKNOWN STEP	2025-06-04T09:14:53.9144392Z shell: /usr/bin/bash --noprofile --norc -e -o pipefail {0}
Status Check - Keycloak Operator CI	UNKNOWN STEP	2025-06-04T09:14:53.9144799Z env:
Status Check - Keycloak Operator CI	UNKNOWN STEP	2025-06-04T09:14:53.9145199Z   MAVEN_ARGS: -B -nsu -Daether.connector.http.connectionMaxTtl=25
Status Check - Keycloak Operator CI	UNKNOWN STEP	2025-06-04T09:14:53.9145633Z   MINIKUBE_VERSION: v1.32.0
Status Check - Keycloak Operator CI	UNKNOWN STEP	2025-06-04T09:14:53.9145935Z   KUBERNETES_VERSION: v1.27.10
Status Check - Keycloak Operator CI	UNKNOWN STEP	2025-06-04T09:14:53.9146286Z   MINIKUBE_MEMORY: 4096
Status Check - Keycloak Operator CI	UNKNOWN STEP	2025-06-04T09:14:53.9146546Z ##[endgroup]
Status Check - Keycloak Operator CI	UNKNOWN STEP	2025-06-04T09:14:53.9236132Z Job status:
Status Check - Keycloak Operator CI	UNKNOWN STEP	2025-06-04T09:14:53.9275598Z  - conditional: success
Status Check - Keycloak Operator CI	UNKNOWN STEP	2025-06-04T09:14:53.9275914Z  - build: success
Status Check - Keycloak Operator CI	UNKNOWN STEP	2025-06-04T09:14:53.9276182Z  - test-local-apiserver: success
Status Check - Keycloak Operator CI	UNKNOWN STEP	2025-06-04T09:14:53.9276466Z  - test-remote: success
Status Check - Keycloak Operator CI	UNKNOWN STEP	2025-06-04T09:14:53.9276709Z  - test-olm: failure
Status Check - Keycloak Operator CI	UNKNOWN STEP	2025-06-04T09:14:53.9309932Z 
Status Check - Keycloak Operator CI	UNKNOWN STEP	2025-06-04T09:14:53.9310180Z Status check not okay!
Status Check - Keycloak Operator CI	UNKNOWN STEP	2025-06-04T09:14:53.9322952Z ##[error]Process completed with exit code 1.
Status Check - Keycloak Operator CI	UNKNOWN STEP	2025-06-04T09:14:53.9437600Z Post job cleanup.
Status Check - Keycloak Operator CI	UNKNOWN STEP	2025-06-04T09:14:54.0370069Z [command]/usr/bin/git version
Status Check - Keycloak Operator CI	UNKNOWN STEP	2025-06-04T09:14:54.0407448Z git version 2.49.0
Status Check - Keycloak Operator CI	UNKNOWN STEP	2025-06-04T09:14:54.0450640Z Temporarily overriding HOME='/home/runner/work/_temp/f9c94742-f5ed-47fb-b743-43955cffab2e' before making global git config changes
Status Check - Keycloak Operator CI	UNKNOWN STEP	2025-06-04T09:14:54.0451688Z Adding repository directory to the temporary git global config as a safe directory
Status Check - Keycloak Operator CI	UNKNOWN STEP	2025-06-04T09:14:54.0463042Z [command]/usr/bin/git config --global --add safe.directory /home/runner/work/keycloak/keycloak
Status Check - Keycloak Operator CI	UNKNOWN STEP	2025-06-04T09:14:54.0521764Z [command]/usr/bin/git config --local --name-only --get-regexp core\.sshCommand
Status Check - Keycloak Operator CI	UNKNOWN STEP	2025-06-04T09:14:54.0531954Z [command]/usr/bin/git submodule foreach --recursive sh -c "git config --local --name-only --get-regexp 'core\.sshCommand' && git config --local --unset-all 'core.sshCommand' || :"
Status Check - Keycloak Operator CI	UNKNOWN STEP	2025-06-04T09:14:54.0798661Z [command]/usr/bin/git config --local --name-only --get-regexp http\.https\:\/\/github\.com\/\.extraheader
Status Check - Keycloak Operator CI	UNKNOWN STEP	2025-06-04T09:14:54.0822169Z http.https://github.com/.extraheader
Status Check - Keycloak Operator CI	UNKNOWN STEP	2025-06-04T09:14:54.0838325Z [command]/usr/bin/git config --local --unset-all http.https://github.com/.extraheader
Status Check - Keycloak Operator CI	UNKNOWN STEP	2025-06-04T09:14:54.0873551Z [command]/usr/bin/git submodule foreach --recursive sh -c "git config --local --name-only --get-regexp 'http\.https\:\/\/github\.com\/\.extraheader' && git config --local --unset-all 'http.https://github.com/.extraheader' || :"
Status Check - Keycloak Operator CI	UNKNOWN STEP	2025-06-04T09:14:54.1238632Z Cleaning up orphan processes
