Test OLM installation	UNKNOWN STEP	ï»¿2025-11-12T16:07:35.1637734Z Current runner version: '2.329.0'
Test OLM installation	UNKNOWN STEP	2025-11-12T16:07:35.1662322Z ##[group]Runner Image Provisioner
Test OLM installation	UNKNOWN STEP	2025-11-12T16:07:35.1663147Z Hosted Compute Agent
Test OLM installation	UNKNOWN STEP	2025-11-12T16:07:35.1663646Z Version: 20251016.436
Test OLM installation	UNKNOWN STEP	2025-11-12T16:07:35.1664354Z Commit: 8ab8ac8bfd662a3739dab9fe09456aba92132568
Test OLM installation	UNKNOWN STEP	2025-11-12T16:07:35.1665014Z Build Date: 2025-10-15T20:44:12Z
Test OLM installation	UNKNOWN STEP	2025-11-12T16:07:35.1665590Z ##[endgroup]
Test OLM installation	UNKNOWN STEP	2025-11-12T16:07:35.1666183Z ##[group]Operating System
Test OLM installation	UNKNOWN STEP	2025-11-12T16:07:35.1666742Z Ubuntu
Test OLM installation	UNKNOWN STEP	2025-11-12T16:07:35.1667202Z 24.04.3
Test OLM installation	UNKNOWN STEP	2025-11-12T16:07:35.1667691Z LTS
Test OLM installation	UNKNOWN STEP	2025-11-12T16:07:35.1668143Z ##[endgroup]
Test OLM installation	UNKNOWN STEP	2025-11-12T16:07:35.1668595Z ##[group]Runner Image
Test OLM installation	UNKNOWN STEP	2025-11-12T16:07:35.1669206Z Image: ubuntu-24.04
Test OLM installation	UNKNOWN STEP	2025-11-12T16:07:35.1669678Z Version: 20251102.99.1
Test OLM installation	UNKNOWN STEP	2025-11-12T16:07:35.1670833Z Included Software: https://github.com/actions/runner-images/blob/ubuntu24/20251102.99/images/ubuntu/Ubuntu2404-Readme.md
Test OLM installation	UNKNOWN STEP	2025-11-12T16:07:35.1672403Z Image Release: https://github.com/actions/runner-images/releases/tag/ubuntu24%2F20251102.99
Test OLM installation	UNKNOWN STEP	2025-11-12T16:07:35.1673343Z ##[endgroup]
Test OLM installation	UNKNOWN STEP	2025-11-12T16:07:35.1674406Z ##[group]GITHUB_TOKEN Permissions
Test OLM installation	UNKNOWN STEP	2025-11-12T16:07:35.1676169Z Contents: read
Test OLM installation	UNKNOWN STEP	2025-11-12T16:07:35.1676805Z Metadata: read
Test OLM installation	UNKNOWN STEP	2025-11-12T16:07:35.1677292Z ##[endgroup]
Test OLM installation	UNKNOWN STEP	2025-11-12T16:07:35.1679526Z Secret source: None
Test OLM installation	UNKNOWN STEP	2025-11-12T16:07:35.1680312Z Prepare workflow directory
Test OLM installation	UNKNOWN STEP	2025-11-12T16:07:35.2084538Z Prepare all required actions
Test OLM installation	UNKNOWN STEP	2025-11-12T16:07:35.2125857Z Getting action download info
Test OLM installation	UNKNOWN STEP	2025-11-12T16:07:35.8650244Z Download action repository 'actions/checkout@08c6903cd8c0fde910a37f88322edcfb5dd907a8' (SHA:08c6903cd8c0fde910a37f88322edcfb5dd907a8)
Test OLM installation	UNKNOWN STEP	2025-11-12T16:07:35.9582544Z Download action repository 'manusa/actions-setup-minikube@b589f2d61bf96695c546929c72b38563e856059d' (SHA:b589f2d61bf96695c546929c72b38563e856059d)
Test OLM installation	UNKNOWN STEP	2025-11-12T16:07:36.7174607Z Download action repository 'redhat-actions/openshift-tools-installer@144527c7d98999f2652264c048c7a9bd103f8a82' (SHA:144527c7d98999f2652264c048c7a9bd103f8a82)
Test OLM installation	UNKNOWN STEP	2025-11-12T16:07:37.4493868Z Download action repository 'actions/download-artifact@634f93cb2916e3fdff6788551b99b062d0335ce0' (SHA:634f93cb2916e3fdff6788551b99b062d0335ce0)
Test OLM installation	UNKNOWN STEP	2025-11-12T16:07:38.0895875Z Download action repository 'actions/upload-artifact@ea165f8d65b6e75b540449e92b4886f43607fa02' (SHA:ea165f8d65b6e75b540449e92b4886f43607fa02)
Test OLM installation	UNKNOWN STEP	2025-11-12T16:07:38.3161935Z Complete job name: Test OLM installation
Test OLM installation	UNKNOWN STEP	2025-11-12T16:07:38.4166650Z ##[group]Run actions/checkout@08c6903cd8c0fde910a37f88322edcfb5dd907a8
Test OLM installation	UNKNOWN STEP	2025-11-12T16:07:38.4168311Z with:
Test OLM installation	UNKNOWN STEP	2025-11-12T16:07:38.4169045Z   repository: keycloak/keycloak
Test OLM installation	UNKNOWN STEP	2025-11-12T16:07:38.4170241Z   token: ***
Test OLM installation	UNKNOWN STEP	2025-11-12T16:07:38.4171256Z   ssh-strict: true
Test OLM installation	UNKNOWN STEP	2025-11-12T16:07:38.4172000Z   ssh-user: git
Test OLM installation	UNKNOWN STEP	2025-11-12T16:07:38.4172758Z   persist-credentials: true
Test OLM installation	UNKNOWN STEP	2025-11-12T16:07:38.4173596Z   clean: true
Test OLM installation	UNKNOWN STEP	2025-11-12T16:07:38.4174378Z   sparse-checkout-cone-mode: true
Test OLM installation	UNKNOWN STEP	2025-11-12T16:07:38.4175293Z   fetch-depth: 1
Test OLM installation	UNKNOWN STEP	2025-11-12T16:07:38.4176016Z   fetch-tags: false
Test OLM installation	UNKNOWN STEP	2025-11-12T16:07:38.4176775Z   show-progress: true
Test OLM installation	UNKNOWN STEP	2025-11-12T16:07:38.4177542Z   lfs: false
Test OLM installation	UNKNOWN STEP	2025-11-12T16:07:38.4178269Z   submodules: false
Test OLM installation	UNKNOWN STEP	2025-11-12T16:07:38.4179030Z   set-safe-directory: true
Test OLM installation	UNKNOWN STEP	2025-11-12T16:07:38.4180152Z env:
Test OLM installation	UNKNOWN STEP	2025-11-12T16:07:38.4181310Z   MAVEN_ARGS: -B -nsu -Daether.connector.http.connectionMaxTtl=25
Test OLM installation	UNKNOWN STEP	2025-11-12T16:07:38.4182583Z   MINIKUBE_VERSION: v1.37.0
Test OLM installation	UNKNOWN STEP	2025-11-12T16:07:38.4183502Z   KUBERNETES_VERSION: v1.32.9
Test OLM installation	UNKNOWN STEP	2025-11-12T16:07:38.4184577Z   MINIKUBE_MEMORY: 4096
Test OLM installation	UNKNOWN STEP	2025-11-12T16:07:38.4185369Z ##[endgroup]
Test OLM installation	UNKNOWN STEP	2025-11-12T16:07:38.5151718Z Syncing repository: keycloak/keycloak
Test OLM installation	UNKNOWN STEP	2025-11-12T16:07:38.5154617Z ##[group]Getting Git version info
Test OLM installation	UNKNOWN STEP	2025-11-12T16:07:38.5156001Z Working directory is '/home/runner/work/keycloak/keycloak'
Test OLM installation	UNKNOWN STEP	2025-11-12T16:07:38.5157753Z [command]/usr/bin/git version
Test OLM installation	UNKNOWN STEP	2025-11-12T16:07:38.5203070Z git version 2.51.2
Test OLM installation	UNKNOWN STEP	2025-11-12T16:07:38.5226584Z ##[endgroup]
Test OLM installation	UNKNOWN STEP	2025-11-12T16:07:38.5242588Z Temporarily overriding HOME='/home/runner/work/_temp/fc722410-557f-45cc-b22e-8585924de169' before making global git config changes
Test OLM installation	UNKNOWN STEP	2025-11-12T16:07:38.5245774Z Adding repository directory to the temporary git global config as a safe directory
Test OLM installation	UNKNOWN STEP	2025-11-12T16:07:38.5248353Z [command]/usr/bin/git config --global --add safe.directory /home/runner/work/keycloak/keycloak
Test OLM installation	UNKNOWN STEP	2025-11-12T16:07:38.5287929Z Deleting the contents of '/home/runner/work/keycloak/keycloak'
Test OLM installation	UNKNOWN STEP	2025-11-12T16:07:38.5292251Z ##[group]Initializing the repository
Test OLM installation	UNKNOWN STEP	2025-11-12T16:07:38.5297691Z [command]/usr/bin/git init /home/runner/work/keycloak/keycloak
Test OLM installation	UNKNOWN STEP	2025-11-12T16:07:38.5411035Z hint: Using 'master' as the name for the initial branch. This default branch name
Test OLM installation	UNKNOWN STEP	2025-11-12T16:07:38.5413579Z hint: is subject to change. To configure the initial branch name to use in all
Test OLM installation	UNKNOWN STEP	2025-11-12T16:07:38.5415587Z hint: of your new repositories, which will suppress this warning, call:
Test OLM installation	UNKNOWN STEP	2025-11-12T16:07:38.5416870Z hint:
Test OLM installation	UNKNOWN STEP	2025-11-12T16:07:38.5417728Z hint: 	git config --global init.defaultBranch <name>
Test OLM installation	UNKNOWN STEP	2025-11-12T16:07:38.5418791Z hint:
Test OLM installation	UNKNOWN STEP	2025-11-12T16:07:38.5419811Z hint: Names commonly chosen instead of 'master' are 'main', 'trunk' and
Test OLM installation	UNKNOWN STEP	2025-11-12T16:07:38.5422356Z hint: 'development'. The just-created branch can be renamed via this command:
Test OLM installation	UNKNOWN STEP	2025-11-12T16:07:38.5423711Z hint:
Test OLM installation	UNKNOWN STEP	2025-11-12T16:07:38.5424404Z hint: 	git branch -m <name>
Test OLM installation	UNKNOWN STEP	2025-11-12T16:07:38.5425366Z hint:
Test OLM installation	UNKNOWN STEP	2025-11-12T16:07:38.5426958Z hint: Disable this message with "git config set advice.defaultBranchName false"
Test OLM installation	UNKNOWN STEP	2025-11-12T16:07:38.5428840Z Initialized empty Git repository in /home/runner/work/keycloak/keycloak/.git/
Test OLM installation	UNKNOWN STEP	2025-11-12T16:07:38.5432146Z [command]/usr/bin/git remote add origin https://github.com/keycloak/keycloak
Test OLM installation	UNKNOWN STEP	2025-11-12T16:07:38.5465255Z ##[endgroup]
Test OLM installation	UNKNOWN STEP	2025-11-12T16:07:38.5466523Z ##[group]Disabling automatic garbage collection
Test OLM installation	UNKNOWN STEP	2025-11-12T16:07:38.5468894Z [command]/usr/bin/git config --local gc.auto 0
Test OLM installation	UNKNOWN STEP	2025-11-12T16:07:38.5502526Z ##[endgroup]
Test OLM installation	UNKNOWN STEP	2025-11-12T16:07:38.5504722Z ##[group]Setting up auth
Test OLM installation	UNKNOWN STEP	2025-11-12T16:07:38.5510342Z [command]/usr/bin/git config --local --name-only --get-regexp core\.sshCommand
Test OLM installation	UNKNOWN STEP	2025-11-12T16:07:38.5546083Z [command]/usr/bin/git submodule foreach --recursive sh -c "git config --local --name-only --get-regexp 'core\.sshCommand' && git config --local --unset-all 'core.sshCommand' || :"
Test OLM installation	UNKNOWN STEP	2025-11-12T16:07:38.5877863Z [command]/usr/bin/git config --local --name-only --get-regexp http\.https\:\/\/github\.com\/\.extraheader
Test OLM installation	UNKNOWN STEP	2025-11-12T16:07:38.5914920Z [command]/usr/bin/git submodule foreach --recursive sh -c "git config --local --name-only --get-regexp 'http\.https\:\/\/github\.com\/\.extraheader' && git config --local --unset-all 'http.https://github.com/.extraheader' || :"
Test OLM installation	UNKNOWN STEP	2025-11-12T16:07:38.6153590Z [command]/usr/bin/git config --local http.https://github.com/.extraheader AUTHORIZATION: basic ***
Test OLM installation	UNKNOWN STEP	2025-11-12T16:07:38.6193334Z ##[endgroup]
Test OLM installation	UNKNOWN STEP	2025-11-12T16:07:38.6195761Z ##[group]Fetching the repository
Test OLM installation	UNKNOWN STEP	2025-11-12T16:07:38.6205873Z [command]/usr/bin/git -c protocol.version=2 fetch --no-tags --prune --no-recurse-submodules --depth=1 origin +61d0b794450a3d16c8dfb51cb53545b3ec0716a5:refs/remotes/pull/44176/merge
Test OLM installation	UNKNOWN STEP	2025-11-12T16:07:41.0913800Z From https://github.com/keycloak/keycloak
Test OLM installation	UNKNOWN STEP	2025-11-12T16:07:41.0914749Z  * [new ref]         61d0b794450a3d16c8dfb51cb53545b3ec0716a5 -> pull/44176/merge
Test OLM installation	UNKNOWN STEP	2025-11-12T16:07:41.0947934Z ##[endgroup]
Test OLM installation	UNKNOWN STEP	2025-11-12T16:07:41.0948619Z ##[group]Determining the checkout info
Test OLM installation	UNKNOWN STEP	2025-11-12T16:07:41.0951172Z ##[endgroup]
Test OLM installation	UNKNOWN STEP	2025-11-12T16:07:41.0956920Z [command]/usr/bin/git sparse-checkout disable
Test OLM installation	UNKNOWN STEP	2025-11-12T16:07:41.1000301Z [command]/usr/bin/git config --local --unset-all extensions.worktreeConfig
Test OLM installation	UNKNOWN STEP	2025-11-12T16:07:41.1029234Z ##[group]Checking out the ref
Test OLM installation	UNKNOWN STEP	2025-11-12T16:07:41.1033526Z [command]/usr/bin/git checkout --progress --force refs/remotes/pull/44176/merge
Test OLM installation	UNKNOWN STEP	2025-11-12T16:07:41.9354012Z Note: switching to 'refs/remotes/pull/44176/merge'.
Test OLM installation	UNKNOWN STEP	2025-11-12T16:07:41.9354562Z 
Test OLM installation	UNKNOWN STEP	2025-11-12T16:07:41.9354948Z You are in 'detached HEAD' state. You can look around, make experimental
Test OLM installation	UNKNOWN STEP	2025-11-12T16:07:41.9355947Z changes and commit them, and you can discard any commits you make in this
Test OLM installation	UNKNOWN STEP	2025-11-12T16:07:41.9356917Z state without impacting any branches by switching back to a branch.
Test OLM installation	UNKNOWN STEP	2025-11-12T16:07:41.9357988Z 
Test OLM installation	UNKNOWN STEP	2025-11-12T16:07:41.9358410Z If you want to create a new branch to retain commits you create, you may
Test OLM installation	UNKNOWN STEP	2025-11-12T16:07:41.9359275Z do so (now or later) by using -c with the switch command. Example:
Test OLM installation	UNKNOWN STEP	2025-11-12T16:07:41.9359748Z 
Test OLM installation	UNKNOWN STEP	2025-11-12T16:07:41.9359946Z   git switch -c <new-branch-name>
Test OLM installation	UNKNOWN STEP	2025-11-12T16:07:41.9360324Z 
Test OLM installation	UNKNOWN STEP	2025-11-12T16:07:41.9360540Z Or undo this operation with:
Test OLM installation	UNKNOWN STEP	2025-11-12T16:07:41.9361184Z 
Test OLM installation	UNKNOWN STEP	2025-11-12T16:07:41.9361400Z   git switch -
Test OLM installation	UNKNOWN STEP	2025-11-12T16:07:41.9361688Z 
Test OLM installation	UNKNOWN STEP	2025-11-12T16:07:41.9362136Z Turn off this advice by setting config variable advice.detachedHead to false
Test OLM installation	UNKNOWN STEP	2025-11-12T16:07:41.9362820Z 
Test OLM installation	UNKNOWN STEP	2025-11-12T16:07:41.9363439Z HEAD is now at 61d0b79 Merge ff40d9f1d652c6a5dde7fce8121989be1716c20e into a7c02076a1b8870bb24946c7bd445953f858e8f6
Test OLM installation	UNKNOWN STEP	2025-11-12T16:07:41.9388546Z ##[endgroup]
Test OLM installation	UNKNOWN STEP	2025-11-12T16:07:41.9430300Z [command]/usr/bin/git log -1 --format=%H
Test OLM installation	UNKNOWN STEP	2025-11-12T16:07:41.9455249Z 61d0b794450a3d16c8dfb51cb53545b3ec0716a5
Test OLM installation	UNKNOWN STEP	2025-11-12T16:07:41.9682056Z Prepare all required actions
Test OLM installation	UNKNOWN STEP	2025-11-12T16:07:41.9682531Z Getting action download info
Test OLM installation	UNKNOWN STEP	2025-11-12T16:07:42.1589145Z Download action repository 'actions/setup-java@c5195efecf7bdfc987ee8bae7a71cb8b11521c00' (SHA:c5195efecf7bdfc987ee8bae7a71cb8b11521c00)
Test OLM installation	UNKNOWN STEP	2025-11-12T16:07:42.8053272Z ##[group]Run ./.github/actions/java-setup
Test OLM installation	UNKNOWN STEP	2025-11-12T16:07:42.8053553Z with:
Test OLM installation	UNKNOWN STEP	2025-11-12T16:07:42.8053723Z   distribution: temurin
Test OLM installation	UNKNOWN STEP	2025-11-12T16:07:42.8053920Z   java-version: 21
Test OLM installation	UNKNOWN STEP	2025-11-12T16:07:42.8054096Z env:
Test OLM installation	UNKNOWN STEP	2025-11-12T16:07:42.8054354Z   MAVEN_ARGS: -B -nsu -Daether.connector.http.connectionMaxTtl=25
Test OLM installation	UNKNOWN STEP	2025-11-12T16:07:42.8054671Z   MINIKUBE_VERSION: v1.37.0
Test OLM installation	UNKNOWN STEP	2025-11-12T16:07:42.8054890Z   KUBERNETES_VERSION: v1.32.9
Test OLM installation	UNKNOWN STEP	2025-11-12T16:07:42.8055103Z   MINIKUBE_MEMORY: 4096
Test OLM installation	UNKNOWN STEP	2025-11-12T16:07:42.8055288Z ##[endgroup]
Test OLM installation	UNKNOWN STEP	2025-11-12T16:07:42.8200259Z ##[group]Run actions/setup-java@c5195efecf7bdfc987ee8bae7a71cb8b11521c00
Test OLM installation	UNKNOWN STEP	2025-11-12T16:07:42.8200619Z with:
Test OLM installation	UNKNOWN STEP	2025-11-12T16:07:42.8201117Z   distribution: temurin
Test OLM installation	UNKNOWN STEP	2025-11-12T16:07:42.8201364Z   java-version: 21
Test OLM installation	UNKNOWN STEP	2025-11-12T16:07:42.8201556Z   java-package: jdk
Test OLM installation	UNKNOWN STEP	2025-11-12T16:07:42.8201750Z   check-latest: false
Test OLM installation	UNKNOWN STEP	2025-11-12T16:07:42.8201935Z   server-id: github
Test OLM installation	UNKNOWN STEP	2025-11-12T16:07:42.8202128Z   server-username: GITHUB_ACTOR
Test OLM installation	UNKNOWN STEP	2025-11-12T16:07:42.8202354Z   server-password: GITHUB_TOKEN
Test OLM installation	UNKNOWN STEP	2025-11-12T16:07:42.8202575Z   overwrite-settings: true
Test OLM installation	UNKNOWN STEP	2025-11-12T16:07:42.8202778Z   job-status: success
Test OLM installation	UNKNOWN STEP	2025-11-12T16:07:42.8203087Z   token: ***
Test OLM installation	UNKNOWN STEP	2025-11-12T16:07:42.8203259Z env:
Test OLM installation	UNKNOWN STEP	2025-11-12T16:07:42.8203510Z   MAVEN_ARGS: -B -nsu -Daether.connector.http.connectionMaxTtl=25
Test OLM installation	UNKNOWN STEP	2025-11-12T16:07:42.8203845Z   MINIKUBE_VERSION: v1.37.0
Test OLM installation	UNKNOWN STEP	2025-11-12T16:07:42.8204062Z   KUBERNETES_VERSION: v1.32.9
Test OLM installation	UNKNOWN STEP	2025-11-12T16:07:42.8204275Z   MINIKUBE_MEMORY: 4096
Test OLM installation	UNKNOWN STEP	2025-11-12T16:07:42.8204464Z ##[endgroup]
Test OLM installation	UNKNOWN STEP	2025-11-12T16:07:43.0144939Z ##[group]Installed distributions
Test OLM installation	UNKNOWN STEP	2025-11-12T16:07:43.0295619Z Resolved Java 21.0.9+10 from tool-cache
Test OLM installation	UNKNOWN STEP	2025-11-12T16:07:43.0296851Z Setting Java 21.0.9+10 as the default
Test OLM installation	UNKNOWN STEP	2025-11-12T16:07:43.0309522Z Creating toolchains.xml for JDK version 21 from temurin
Test OLM installation	UNKNOWN STEP	2025-11-12T16:07:43.0386055Z Writing to /home/runner/.m2/toolchains.xml
Test OLM installation	UNKNOWN STEP	2025-11-12T16:07:43.0387088Z 
Test OLM installation	UNKNOWN STEP	2025-11-12T16:07:43.0387391Z Java configuration:
Test OLM installation	UNKNOWN STEP	2025-11-12T16:07:43.0387950Z   Distribution: temurin
Test OLM installation	UNKNOWN STEP	2025-11-12T16:07:43.0388322Z   Version: 21.0.9+10
Test OLM installation	UNKNOWN STEP	2025-11-12T16:07:43.0389053Z   Path: /opt/hostedtoolcache/Java_Temurin-Hotspot_jdk/21.0.9-10/x64
Test OLM installation	UNKNOWN STEP	2025-11-12T16:07:43.0389568Z 
Test OLM installation	UNKNOWN STEP	2025-11-12T16:07:43.0390158Z ##[endgroup]
Test OLM installation	UNKNOWN STEP	2025-11-12T16:07:43.0406595Z Creating settings.xml with server-id: github
Test OLM installation	UNKNOWN STEP	2025-11-12T16:07:43.0420791Z Writing to /home/runner/.m2/settings.xml
Test OLM installation	UNKNOWN STEP	2025-11-12T16:07:43.0588190Z ##[group]Run manusa/actions-setup-minikube@b589f2d61bf96695c546929c72b38563e856059d
Test OLM installation	UNKNOWN STEP	2025-11-12T16:07:43.0588591Z with:
Test OLM installation	UNKNOWN STEP	2025-11-12T16:07:43.0588769Z   minikube version: v1.37.0
Test OLM installation	UNKNOWN STEP	2025-11-12T16:07:43.0589018Z   kubernetes version: v1.32.9
Test OLM installation	UNKNOWN STEP	2025-11-12T16:07:43.0589439Z   github token: ***
Test OLM installation	UNKNOWN STEP	2025-11-12T16:07:43.0589638Z   driver: docker
Test OLM installation	UNKNOWN STEP	2025-11-12T16:07:43.0589938Z   start args: --memory=4096 --addons=registry --insecure-registry=192.168.49.0/24
Test OLM installation	UNKNOWN STEP	2025-11-12T16:07:43.0590454Z env:
Test OLM installation	UNKNOWN STEP	2025-11-12T16:07:43.0590965Z   MAVEN_ARGS: -B -nsu -Daether.connector.http.connectionMaxTtl=25
Test OLM installation	UNKNOWN STEP	2025-11-12T16:07:43.0591309Z   MINIKUBE_VERSION: v1.37.0
Test OLM installation	UNKNOWN STEP	2025-11-12T16:07:43.0591525Z   KUBERNETES_VERSION: v1.32.9
Test OLM installation	UNKNOWN STEP	2025-11-12T16:07:43.0591739Z   MINIKUBE_MEMORY: 4096
Test OLM installation	UNKNOWN STEP	2025-11-12T16:07:43.0592038Z   JAVA_HOME: /opt/hostedtoolcache/Java_Temurin-Hotspot_jdk/21.0.9-10/x64
Test OLM installation	UNKNOWN STEP	2025-11-12T16:07:43.0592472Z   JAVA_HOME_21_X64: /opt/hostedtoolcache/Java_Temurin-Hotspot_jdk/21.0.9-10/x64
Test OLM installation	UNKNOWN STEP	2025-11-12T16:07:43.0592810Z ##[endgroup]
Test OLM installation	UNKNOWN STEP	2025-11-12T16:07:43.1784336Z Loading input variables
Test OLM installation	UNKNOWN STEP	2025-11-12T16:07:43.1786800Z Updating Environment configuration to support Minikube
Test OLM installation	UNKNOWN STEP	2025-11-12T16:07:43.1984082Z 
Test OLM installation	UNKNOWN STEP	2025-11-12T16:07:43.1984568Z WARNING: apt does not have a stable CLI interface. Use with caution in scripts.
Test OLM installation	UNKNOWN STEP	2025-11-12T16:07:43.1985115Z 
Test OLM installation	UNKNOWN STEP	2025-11-12T16:07:43.2574648Z Get:1 file:/etc/apt/apt-mirrors.txt Mirrorlist [144 B]
Test OLM installation	UNKNOWN STEP	2025-11-12T16:07:43.3016846Z Hit:2 http://azure.archive.ubuntu.com/ubuntu noble InRelease
Test OLM installation	UNKNOWN STEP	2025-11-12T16:07:43.3024828Z Get:6 https://packages.microsoft.com/repos/azure-cli noble InRelease [3564 B]
Test OLM installation	UNKNOWN STEP	2025-11-12T16:07:43.3032033Z Get:7 https://packages.microsoft.com/ubuntu/24.04/prod noble InRelease [3600 B]
Test OLM installation	UNKNOWN STEP	2025-11-12T16:07:43.3064463Z Get:3 http://azure.archive.ubuntu.com/ubuntu noble-updates InRelease [126 kB]
Test OLM installation	UNKNOWN STEP	2025-11-12T16:07:43.3278637Z Get:4 http://azure.archive.ubuntu.com/ubuntu noble-backports InRelease [126 kB]
Test OLM installation	UNKNOWN STEP	2025-11-12T16:07:43.3439387Z Get:5 http://azure.archive.ubuntu.com/ubuntu noble-security InRelease [126 kB]
Test OLM installation	UNKNOWN STEP	2025-11-12T16:07:43.4575946Z Get:8 https://packages.microsoft.com/repos/azure-cli noble/main amd64 Packages [1700 B]
Test OLM installation	UNKNOWN STEP	2025-11-12T16:07:43.4903128Z Get:9 https://packages.microsoft.com/ubuntu/24.04/prod noble/main armhf Packages [11.2 kB]
Test OLM installation	UNKNOWN STEP	2025-11-12T16:07:43.4925692Z Get:10 https://packages.microsoft.com/ubuntu/24.04/prod noble/main amd64 Packages [67.2 kB]
Test OLM installation	UNKNOWN STEP	2025-11-12T16:07:43.4958170Z Get:11 https://packages.microsoft.com/ubuntu/24.04/prod noble/main arm64 Packages [49.9 kB]
Test OLM installation	UNKNOWN STEP	2025-11-12T16:07:43.5404786Z Get:12 http://azure.archive.ubuntu.com/ubuntu noble-updates/main amd64 Packages [1585 kB]
Test OLM installation	UNKNOWN STEP	2025-11-12T16:07:43.5527417Z Get:13 http://azure.archive.ubuntu.com/ubuntu noble-updates/main Translation-en [299 kB]
Test OLM installation	UNKNOWN STEP	2025-11-12T16:07:43.5548494Z Get:14 http://azure.archive.ubuntu.com/ubuntu noble-updates/main amd64 Components [175 kB]
Test OLM installation	UNKNOWN STEP	2025-11-12T16:07:43.5558961Z Get:15 http://azure.archive.ubuntu.com/ubuntu noble-updates/main amd64 c-n-f Metadata [15.7 kB]
Test OLM installation	UNKNOWN STEP	2025-11-12T16:07:43.5572207Z Get:16 http://azure.archive.ubuntu.com/ubuntu noble-updates/universe amd64 Packages [1498 kB]
Test OLM installation	UNKNOWN STEP	2025-11-12T16:07:43.5663185Z Get:17 http://azure.archive.ubuntu.com/ubuntu noble-updates/universe amd64 Components [377 kB]
Test OLM installation	UNKNOWN STEP	2025-11-12T16:07:43.5698762Z Get:18 http://azure.archive.ubuntu.com/ubuntu noble-updates/universe amd64 c-n-f Metadata [31.4 kB]
Test OLM installation	UNKNOWN STEP	2025-11-12T16:07:43.5706967Z Get:19 http://azure.archive.ubuntu.com/ubuntu noble-updates/restricted amd64 Packages [2244 kB]
Test OLM installation	UNKNOWN STEP	2025-11-12T16:07:43.5841874Z Get:20 http://azure.archive.ubuntu.com/ubuntu noble-updates/restricted Translation-en [509 kB]
Test OLM installation	UNKNOWN STEP	2025-11-12T16:07:43.5885266Z Get:21 http://azure.archive.ubuntu.com/ubuntu noble-updates/restricted amd64 Components [212 B]
Test OLM installation	UNKNOWN STEP	2025-11-12T16:07:43.6301605Z Get:22 http://azure.archive.ubuntu.com/ubuntu noble-updates/multiverse amd64 Components [940 B]
Test OLM installation	UNKNOWN STEP	2025-11-12T16:07:43.6313435Z Get:23 http://azure.archive.ubuntu.com/ubuntu noble-backports/main amd64 Components [7124 B]
Test OLM installation	UNKNOWN STEP	2025-11-12T16:07:43.6323159Z Get:24 http://azure.archive.ubuntu.com/ubuntu noble-backports/universe amd64 Components [11.0 kB]
Test OLM installation	UNKNOWN STEP	2025-11-12T16:07:43.6331738Z Get:25 http://azure.archive.ubuntu.com/ubuntu noble-backports/restricted amd64 Components [216 B]
Test OLM installation	UNKNOWN STEP	2025-11-12T16:07:43.6341427Z Get:26 http://azure.archive.ubuntu.com/ubuntu noble-backports/multiverse amd64 Components [212 B]
Test OLM installation	UNKNOWN STEP	2025-11-12T16:07:43.6567104Z Get:27 http://azure.archive.ubuntu.com/ubuntu noble-security/main amd64 Packages [1306 kB]
Test OLM installation	UNKNOWN STEP	2025-11-12T16:07:43.6752881Z Get:28 http://azure.archive.ubuntu.com/ubuntu noble-security/main Translation-en [215 kB]
Test OLM installation	UNKNOWN STEP	2025-11-12T16:07:43.6773518Z Get:29 http://azure.archive.ubuntu.com/ubuntu noble-security/main amd64 Components [21.5 kB]
Test OLM installation	UNKNOWN STEP	2025-11-12T16:07:43.6783528Z Get:30 http://azure.archive.ubuntu.com/ubuntu noble-security/main amd64 c-n-f Metadata [9336 B]
Test OLM installation	UNKNOWN STEP	2025-11-12T16:07:43.6814809Z Get:31 http://azure.archive.ubuntu.com/ubuntu noble-security/universe amd64 Packages [906 kB]
Test OLM installation	UNKNOWN STEP	2025-11-12T16:07:43.6865195Z Get:32 http://azure.archive.ubuntu.com/ubuntu noble-security/universe Translation-en [203 kB]
Test OLM installation	UNKNOWN STEP	2025-11-12T16:07:43.6886006Z Get:33 http://azure.archive.ubuntu.com/ubuntu noble-security/universe amd64 Components [52.2 kB]
Test OLM installation	UNKNOWN STEP	2025-11-12T16:07:43.6896821Z Get:34 http://azure.archive.ubuntu.com/ubuntu noble-security/universe amd64 c-n-f Metadata [19.4 kB]
Test OLM installation	UNKNOWN STEP	2025-11-12T16:07:43.6906178Z Get:35 http://azure.archive.ubuntu.com/ubuntu noble-security/restricted amd64 Packages [2140 kB]
Test OLM installation	UNKNOWN STEP	2025-11-12T16:07:43.7463077Z Get:36 http://azure.archive.ubuntu.com/ubuntu noble-security/restricted Translation-en [486 kB]
Test OLM installation	UNKNOWN STEP	2025-11-12T16:07:43.7494780Z Get:37 http://azure.archive.ubuntu.com/ubuntu noble-security/restricted amd64 Components [212 B]
Test OLM installation	UNKNOWN STEP	2025-11-12T16:07:43.7503321Z Get:38 http://azure.archive.ubuntu.com/ubuntu noble-security/multiverse amd64 Components [212 B]
Test OLM installation	UNKNOWN STEP	2025-11-12T16:07:52.5520199Z Fetched 12.6 MB in 2s (8172 kB/s)
Test OLM installation	UNKNOWN STEP	2025-11-12T16:07:53.3241805Z Reading package lists...
Test OLM installation	UNKNOWN STEP	2025-11-12T16:07:53.5047861Z Building dependency tree...
Test OLM installation	UNKNOWN STEP	2025-11-12T16:07:53.5054744Z Reading state information...
Test OLM installation	UNKNOWN STEP	2025-11-12T16:07:53.5208271Z 22 packages can be upgraded. Run 'apt list --upgradable' to see them.
Test OLM installation	UNKNOWN STEP	2025-11-12T16:07:53.5479227Z Reading package lists...
Test OLM installation	UNKNOWN STEP	2025-11-12T16:07:53.7609708Z Building dependency tree...
Test OLM installation	UNKNOWN STEP	2025-11-12T16:07:53.7617519Z Reading state information...
Test OLM installation	UNKNOWN STEP	2025-11-12T16:07:53.9419733Z The following NEW packages will be installed:
Test OLM installation	UNKNOWN STEP	2025-11-12T16:07:53.9426178Z   conntrack
Test OLM installation	UNKNOWN STEP	2025-11-12T16:07:53.9601457Z 0 upgraded, 1 newly installed, 0 to remove and 22 not upgraded.
Test OLM installation	UNKNOWN STEP	2025-11-12T16:07:53.9602232Z Need to get 37.9 kB of archives.
Test OLM installation	UNKNOWN STEP	2025-11-12T16:07:53.9603159Z After this operation, 119 kB of additional disk space will be used.
Test OLM installation	UNKNOWN STEP	2025-11-12T16:07:53.9604090Z Get:1 file:/etc/apt/apt-mirrors.txt Mirrorlist [144 B]
Test OLM installation	UNKNOWN STEP	2025-11-12T16:07:54.1840566Z Get:2 http://azure.archive.ubuntu.com/ubuntu noble/main amd64 conntrack amd64 1:1.4.8-1ubuntu1 [37.9 kB]
Test OLM installation	UNKNOWN STEP	2025-11-12T16:07:54.4400031Z Fetched 37.9 kB in 0s (161 kB/s)
Test OLM installation	UNKNOWN STEP	2025-11-12T16:07:54.4615391Z Selecting previously unselected package conntrack.
Test OLM installation	UNKNOWN STEP	2025-11-12T16:07:54.4885574Z (Reading database ... 
Test OLM installation	UNKNOWN STEP	2025-11-12T16:07:54.4886446Z (Reading database ... 5%
Test OLM installation	UNKNOWN STEP	2025-11-12T16:07:54.4887035Z (Reading database ... 10%
Test OLM installation	UNKNOWN STEP	2025-11-12T16:07:54.4887556Z (Reading database ... 15%
Test OLM installation	UNKNOWN STEP	2025-11-12T16:07:54.4888052Z (Reading database ... 20%
Test OLM installation	UNKNOWN STEP	2025-11-12T16:07:54.4888527Z (Reading database ... 25%
Test OLM installation	UNKNOWN STEP	2025-11-12T16:07:54.4889007Z (Reading database ... 30%
Test OLM installation	UNKNOWN STEP	2025-11-12T16:07:54.4889483Z (Reading database ... 35%
Test OLM installation	UNKNOWN STEP	2025-11-12T16:07:54.4889949Z (Reading database ... 40%
Test OLM installation	UNKNOWN STEP	2025-11-12T16:07:54.4890419Z (Reading database ... 45%
Test OLM installation	UNKNOWN STEP	2025-11-12T16:07:54.4891183Z (Reading database ... 50%
Test OLM installation	UNKNOWN STEP	2025-11-12T16:07:54.4972083Z (Reading database ... 55%
Test OLM installation	UNKNOWN STEP	2025-11-12T16:07:54.6013103Z (Reading database ... 60%
Test OLM installation	UNKNOWN STEP	2025-11-12T16:07:54.7161265Z (Reading database ... 65%
Test OLM installation	UNKNOWN STEP	2025-11-12T16:07:54.8076274Z (Reading database ... 70%
Test OLM installation	UNKNOWN STEP	2025-11-12T16:07:54.8658311Z (Reading database ... 75%
Test OLM installation	UNKNOWN STEP	2025-11-12T16:07:54.9976284Z (Reading database ... 80%
Test OLM installation	UNKNOWN STEP	2025-11-12T16:07:55.0782617Z (Reading database ... 85%
Test OLM installation	UNKNOWN STEP	2025-11-12T16:07:55.2065914Z (Reading database ... 90%
Test OLM installation	UNKNOWN STEP	2025-11-12T16:07:55.3608739Z (Reading database ... 95%
Test OLM installation	UNKNOWN STEP	2025-11-12T16:07:55.3609169Z (Reading database ... 100%
Test OLM installation	UNKNOWN STEP	2025-11-12T16:07:55.3609661Z (Reading database ... 215802 files and directories currently installed.)
Test OLM installation	UNKNOWN STEP	2025-11-12T16:07:55.3652552Z Preparing to unpack .../conntrack_1%3a1.4.8-1ubuntu1_amd64.deb ...
Test OLM installation	UNKNOWN STEP	2025-11-12T16:07:55.3680936Z Unpacking conntrack (1:1.4.8-1ubuntu1) ...
Test OLM installation	UNKNOWN STEP	2025-11-12T16:07:55.4071636Z Setting up conntrack (1:1.4.8-1ubuntu1) ...
Test OLM installation	UNKNOWN STEP	2025-11-12T16:07:55.4107702Z Processing triggers for man-db (2.12.0-4build2) ...
Test OLM installation	UNKNOWN STEP	2025-11-12T16:07:56.9031513Z 
Test OLM installation	UNKNOWN STEP	2025-11-12T16:07:56.9031943Z Running kernel seems to be up-to-date.
Test OLM installation	UNKNOWN STEP	2025-11-12T16:07:56.9032323Z 
Test OLM installation	UNKNOWN STEP	2025-11-12T16:07:56.9032492Z No services need to be restarted.
Test OLM installation	UNKNOWN STEP	2025-11-12T16:07:56.9032777Z 
Test OLM installation	UNKNOWN STEP	2025-11-12T16:07:56.9032942Z No containers need to be restarted.
Test OLM installation	UNKNOWN STEP	2025-11-12T16:07:56.9033243Z 
Test OLM installation	UNKNOWN STEP	2025-11-12T16:07:56.9033442Z No user sessions are running outdated binaries.
Test OLM installation	UNKNOWN STEP	2025-11-12T16:07:56.9033788Z 
Test OLM installation	UNKNOWN STEP	2025-11-12T16:07:56.9034125Z No VM guests are running outdated hypervisor (qemu) binaries on this host.
Test OLM installation	UNKNOWN STEP	2025-11-12T16:07:57.7508763Z fs.protected_regular = 0
Test OLM installation	UNKNOWN STEP	2025-11-12T16:07:57.7518846Z Waiting for Docker to be ready
Test OLM installation	UNKNOWN STEP	2025-11-12T16:07:57.8650595Z 28.0.4 - 28.0.4
Test OLM installation	UNKNOWN STEP	2025-11-12T16:07:57.8666335Z Docker daemon is ready
Test OLM installation	UNKNOWN STEP	2025-11-12T16:07:57.8670410Z Downloading Minikube  v1.37.0
Test OLM installation	UNKNOWN STEP	2025-11-12T16:07:58.2512655Z Downloading from: https://github.com/kubernetes/minikube/releases/download/v1.37.0/minikube-linux-amd64
Test OLM installation	UNKNOWN STEP	2025-11-12T16:07:59.1896164Z Installing Minikube
Test OLM installation	UNKNOWN STEP	2025-11-12T16:07:59.2285748Z * minikube v1.37.0 on Ubuntu 24.04
Test OLM installation	UNKNOWN STEP	2025-11-12T16:07:59.2289479Z   - MINIKUBE_VERSION=v1.37.0
Test OLM installation	UNKNOWN STEP	2025-11-12T16:07:59.2296530Z   - MINIKUBE_MEMORY=4096
Test OLM installation	UNKNOWN STEP	2025-11-12T16:07:59.2301706Z   - MINIKUBE_HOME=/home/runner/work/_temp
Test OLM installation	UNKNOWN STEP	2025-11-12T16:07:59.4992417Z * Using the docker driver based on user configuration
Test OLM installation	UNKNOWN STEP	2025-11-12T16:07:59.5805149Z * Using Docker driver with root privileges
Test OLM installation	UNKNOWN STEP	2025-11-12T16:07:59.5813640Z * Starting "minikube" primary control-plane node in "minikube" cluster
Test OLM installation	UNKNOWN STEP	2025-11-12T16:07:59.5821481Z * Pulling base image v0.0.48 ...
Test OLM installation	UNKNOWN STEP	2025-11-12T16:07:59.6441178Z * Downloading Kubernetes v1.32.9 preload ...
Test OLM installation	UNKNOWN STEP	2025-11-12T16:08:55.6192691Z * Configuring bridge CNI (Container Networking Interface) ...
Test OLM installation	UNKNOWN STEP	2025-11-12T16:08:55.7327240Z * Verifying Kubernetes components...
Test OLM installation	UNKNOWN STEP	2025-11-12T16:08:55.7565724Z   - Using image gcr.io/k8s-minikube/kube-registry-proxy:0.0.9
Test OLM installation	UNKNOWN STEP	2025-11-12T16:08:55.7578757Z   - Using image docker.io/registry:3.0.0
Test OLM installation	UNKNOWN STEP	2025-11-12T16:08:55.7681906Z   - Using image gcr.io/k8s-minikube/storage-provisioner:v5
Test OLM installation	UNKNOWN STEP	2025-11-12T16:08:56.2963874Z * Verifying registry addon...
Test OLM installation	UNKNOWN STEP	2025-11-12T16:09:06.3012166Z * Enabled addons: storage-provisioner, default-storageclass, registry
Test OLM installation	UNKNOWN STEP	2025-11-12T16:09:06.6126423Z 
Test OLM installation	UNKNOWN STEP	2025-11-12T16:09:06.6132892Z     > gcr.io/k8s-minikube/kicbase...:  0 B [_______________________] ?% ? p/s ?    > gcr.io/k8s-minikube/kicbase...:  1.61 KiB / 488.52 MiB [>_] 0.00% ? p/s ?    > gcr.io/k8s-minikube/kicbase...:  12.88 MiB / 488.52 MiB [>] 2.64% ? p/s ?    > gcr.io/k8s-minikube/kicbase...:  75.31 MiB / 488.52 MiB  15.42% 125.45 Mi    > gcr.io/k8s-minikube/kicbase...:  142.77 MiB / 488.52 MiB  29.22% 125.45 M    > gcr.io/k8s-minikube/kicbase...:  210.55 MiB / 488.52 MiB  43.10% 125.45 M    > gcr.io/k8s-minikube/kicbase...:  280.81 MiB / 488.52 MiB  57.48% 139.49 M    > gcr.io/k8s-minikube/kicbase...:  347.85 MiB / 488.52 MiB  71.20% 139.49 M    > gcr.io/k8s-minikube/kicbase...:  412.08 MiB / 488.52 MiB  84.35% 139.49 M    > gcr.io/k8s-minikube/kicbase...:  474.63 MiB / 488.52 MiB  97.16% 151.32 M    > gcr.io/k8s-minikube/kicbase...:  488.51 MiB / 488.52 MiB  100.00% 261.60 ! /usr/bin/kubectl is version 1.34.1, which may have incompatibilities with Kubernetes 1.32.9.
Test OLM installation	UNKNOWN STEP	2025-11-12T16:09:06.6135769Z   - Want kubectl v1.32.9? Try 'minikube kubectl -- get pods -A'
Test OLM installation	UNKNOWN STEP	2025-11-12T16:09:06.6136717Z * Done! kubectl is now configured to use "minikube" cluster and "default" namespace by default
Test OLM installation	UNKNOWN STEP	2025-11-12T16:09:06.6893774Z minikube version: v1.37.0commit: 65318f4cfff9c12cc87ec9eb8f4cdd57b25047f3 installed successfully
Test OLM installation	UNKNOWN STEP	2025-11-12T16:09:06.7094249Z ##[group]Run redhat-actions/openshift-tools-installer@144527c7d98999f2652264c048c7a9bd103f8a82
Test OLM installation	UNKNOWN STEP	2025-11-12T16:09:06.7094699Z with:
Test OLM installation	UNKNOWN STEP	2025-11-12T16:09:06.7094864Z   source: github
Test OLM installation	UNKNOWN STEP	2025-11-12T16:09:06.7095043Z   opm: 1.21.0
Test OLM installation	UNKNOWN STEP	2025-11-12T16:09:06.7095342Z   github_pat: ***
Test OLM installation	UNKNOWN STEP	2025-11-12T16:09:06.7095525Z   skip_cache: false
Test OLM installation	UNKNOWN STEP	2025-11-12T16:09:06.7095708Z env:
Test OLM installation	UNKNOWN STEP	2025-11-12T16:09:06.7095962Z   MAVEN_ARGS: -B -nsu -Daether.connector.http.connectionMaxTtl=25
Test OLM installation	UNKNOWN STEP	2025-11-12T16:09:06.7096474Z   MINIKUBE_VERSION: v1.37.0
Test OLM installation	UNKNOWN STEP	2025-11-12T16:09:06.7096693Z   KUBERNETES_VERSION: v1.32.9
Test OLM installation	UNKNOWN STEP	2025-11-12T16:09:06.7096912Z   MINIKUBE_MEMORY: 4096
Test OLM installation	UNKNOWN STEP	2025-11-12T16:09:06.7097218Z   JAVA_HOME: /opt/hostedtoolcache/Java_Temurin-Hotspot_jdk/21.0.9-10/x64
Test OLM installation	UNKNOWN STEP	2025-11-12T16:09:06.7097668Z   JAVA_HOME_21_X64: /opt/hostedtoolcache/Java_Temurin-Hotspot_jdk/21.0.9-10/x64
Test OLM installation	UNKNOWN STEP	2025-11-12T16:09:06.7098032Z   MINIKUBE_HOME: /home/runner/work/_temp
Test OLM installation	UNKNOWN STEP	2025-11-12T16:09:06.7098264Z ##[endgroup]
Test OLM installation	UNKNOWN STEP	2025-11-12T16:09:06.8705637Z Installing opm matching version "1.21.0"
Test OLM installation	UNKNOWN STEP	2025-11-12T16:09:06.8724523Z â„¹ï¸ Tools will be installed from "github".
Test OLM installation	UNKNOWN STEP	2025-11-12T16:09:06.8726271Z 
Test OLM installation	UNKNOWN STEP	2025-11-12T16:09:06.8726775Z ðŸ”Ž Searching for a version of opm satisfying the range "1.21.0" that was input as "1.21.0"
Test OLM installation	UNKNOWN STEP	2025-11-12T16:09:08.9823640Z Max opm version satisfying 1.21.0 is 1.21.0
Test OLM installation	UNKNOWN STEP	2025-11-12T16:09:08.9824793Z Download path of opm is https://github.com/operator-framework/operator-registry/releases
Test OLM installation	UNKNOWN STEP	2025-11-12T16:09:09.2837292Z Current operating system is linux
Test OLM installation	UNKNOWN STEP	2025-11-12T16:09:09.2840612Z Current architecture is amd64
Test OLM installation	UNKNOWN STEP	2025-11-12T16:09:09.2842083Z Selecting linux-amd64-opm
Test OLM installation	UNKNOWN STEP	2025-11-12T16:09:09.2845445Z Using temporary directory for storage
Test OLM installation	UNKNOWN STEP	2025-11-12T16:09:09.2851737Z ðŸ“ CLIs will be downloaded to /home/runner/work/_temp/openshift-bin
Test OLM installation	UNKNOWN STEP	2025-11-12T16:09:09.2854974Z Added /home/runner/work/_temp/openshift-bin to PATH
Test OLM installation	UNKNOWN STEP	2025-11-12T16:09:09.2855769Z Checking the cache for opm v1.21.0...
Test OLM installation	UNKNOWN STEP	2025-11-12T16:09:09.3346774Z ##[warning]Failed to check cache for opm v1.21.0: Error: Cache service responded with 400
Test OLM installation	UNKNOWN STEP	2025-11-12T16:09:09.6468080Z â¬‡ï¸ Downloading 45.03MB https://github.com/operator-framework/operator-registry/releases/download/v1.21.0/linux-amd64-opm ...
Test OLM installation	UNKNOWN STEP	2025-11-12T16:09:10.8547028Z Downloaded linux-amd64-opm in 1.2s
Test OLM installation	UNKNOWN STEP	2025-11-12T16:09:10.8550376Z Download path of opm is https://github.com/operator-framework/operator-registry/releases
Test OLM installation	UNKNOWN STEP	2025-11-12T16:09:11.1202182Z â¬‡ï¸ Downloading hash file https://github.com/operator-framework/operator-registry/releases/download/v1.21.0/checksums.txt
Test OLM installation	UNKNOWN STEP	2025-11-12T16:09:11.4798476Z sha256 verification of linux-amd64-opm succeeded.
Test OLM installation	UNKNOWN STEP	2025-11-12T16:09:11.4880531Z opm installed into /home/runner/work/_temp/openshift-bin/opm
Test OLM installation	UNKNOWN STEP	2025-11-12T16:09:11.4907732Z [command]/home/runner/work/_temp/openshift-bin/opm version
Test OLM installation	UNKNOWN STEP	2025-11-12T16:09:11.5099853Z Version: version.Version{OpmVersion:"v1.21.0", GitCommit:"9999f796", BuildDate:"2022-03-03T21:23:12Z", GoOs:"linux", GoArch:"amd64"}
Test OLM installation	UNKNOWN STEP	2025-11-12T16:09:11.5119744Z ðŸ’¾ Saving opm v1.21.0 into the cache
Test OLM installation	UNKNOWN STEP	2025-11-12T16:09:11.5244998Z ##[warning]Failed to cache opm v1.21.0: ReserveCacheError: Unable to reserve cache with key opm_v1.21.0_linux_amd64_github, another job may be creating this cache.
Test OLM installation	UNKNOWN STEP	2025-11-12T16:09:11.5247225Z âœ… Successfully installed opm v1.21.0.
Test OLM installation	UNKNOWN STEP	2025-11-12T16:09:11.5247565Z 
Test OLM installation	UNKNOWN STEP	2025-11-12T16:09:11.5247822Z âœ… Successfully installed 1/1 client:
Test OLM installation	UNKNOWN STEP	2025-11-12T16:09:11.5248275Z   - opm v1.21.0
Test OLM installation	UNKNOWN STEP	2025-11-12T16:09:11.5261332Z Wrote out installed versions to /home/runner/work/_temp/openshift-bin/openshift-clients-installed.json
Test OLM installation	UNKNOWN STEP	2025-11-12T16:09:11.5426041Z ##[group]Run redhat-actions/openshift-tools-installer@144527c7d98999f2652264c048c7a9bd103f8a82
Test OLM installation	UNKNOWN STEP	2025-11-12T16:09:11.5426504Z with:
Test OLM installation	UNKNOWN STEP	2025-11-12T16:09:11.5426672Z   oc: 4
Test OLM installation	UNKNOWN STEP	2025-11-12T16:09:11.5426984Z   github_pat: ***
Test OLM installation	UNKNOWN STEP	2025-11-12T16:09:11.5427166Z   source: mirror
Test OLM installation	UNKNOWN STEP	2025-11-12T16:09:11.5427346Z   skip_cache: false
Test OLM installation	UNKNOWN STEP	2025-11-12T16:09:11.5427524Z env:
Test OLM installation	UNKNOWN STEP	2025-11-12T16:09:11.5427788Z   MAVEN_ARGS: -B -nsu -Daether.connector.http.connectionMaxTtl=25
Test OLM installation	UNKNOWN STEP	2025-11-12T16:09:11.5428126Z   MINIKUBE_VERSION: v1.37.0
Test OLM installation	UNKNOWN STEP	2025-11-12T16:09:11.5428347Z   KUBERNETES_VERSION: v1.32.9
Test OLM installation	UNKNOWN STEP	2025-11-12T16:09:11.5428569Z   MINIKUBE_MEMORY: 4096
Test OLM installation	UNKNOWN STEP	2025-11-12T16:09:11.5428869Z   JAVA_HOME: /opt/hostedtoolcache/Java_Temurin-Hotspot_jdk/21.0.9-10/x64
Test OLM installation	UNKNOWN STEP	2025-11-12T16:09:11.5429321Z   JAVA_HOME_21_X64: /opt/hostedtoolcache/Java_Temurin-Hotspot_jdk/21.0.9-10/x64
Test OLM installation	UNKNOWN STEP	2025-11-12T16:09:11.5429675Z   MINIKUBE_HOME: /home/runner/work/_temp
Test OLM installation	UNKNOWN STEP	2025-11-12T16:09:11.5429916Z ##[endgroup]
Test OLM installation	UNKNOWN STEP	2025-11-12T16:09:11.7188490Z Installing oc matching version "4"
Test OLM installation	UNKNOWN STEP	2025-11-12T16:09:11.7209620Z â„¹ï¸ Tools will be installed from "mirror".
Test OLM installation	UNKNOWN STEP	2025-11-12T16:09:11.7211304Z 
Test OLM installation	UNKNOWN STEP	2025-11-12T16:09:11.7212007Z ðŸ”Ž Searching for a version of oc satisfying the range ">=4.0.0 <5.0.0-0" that was input as "4"
Test OLM installation	UNKNOWN STEP	2025-11-12T16:09:11.7218118Z Download directory for oc is https://mirror.openshift.com/pub/openshift-v4/clients/ocp/
Test OLM installation	UNKNOWN STEP	2025-11-12T16:09:13.3133178Z Max oc version satisfying >=4.0.0 <5.0.0-0 is 4.20.3
Test OLM installation	UNKNOWN STEP	2025-11-12T16:09:14.0702379Z Current operating system is linux
Test OLM installation	UNKNOWN STEP	2025-11-12T16:09:14.0712168Z ##[warning]Multiple files were found for oc that matched the current OS and architecture: openshift-client-linux-4.20.3.tar.gz, openshift-client-linux-amd64-rhel8-4.20.3.tar.gz, openshift-client-linux-amd64-rhel9-4.20.3.tar.gz, openshift-client-linux-arm64-4.20.3.tar.gz, openshift-client-linux-arm64-rhel8-4.20.3.tar.gz, openshift-client-linux-arm64-rhel9-4.20.3.tar.gz, openshift-client-linux-ppc64le-4.20.3.tar.gz, openshift-client-linux-ppc64le-rhel8-4.20.3.tar.gz, openshift-client-linux-ppc64le-rhel9-4.20.3.tar.gz, openshift-client-linux-s390x-rhel8-4.20.3.tar.gz, openshift-client-linux-s390x-rhel9-4.20.3.tar.gz. Selecting the first one.
Test OLM installation	UNKNOWN STEP	2025-11-12T16:09:14.0717286Z Selecting openshift-client-linux-4.20.3.tar.gz
Test OLM installation	UNKNOWN STEP	2025-11-12T16:09:14.0718156Z Using temporary directory for storage
Test OLM installation	UNKNOWN STEP	2025-11-12T16:09:14.0720572Z ðŸ“ CLIs will be downloaded to /home/runner/work/_temp/openshift-bin
Test OLM installation	UNKNOWN STEP	2025-11-12T16:09:14.0721798Z Added /home/runner/work/_temp/openshift-bin to PATH
Test OLM installation	UNKNOWN STEP	2025-11-12T16:09:14.0722728Z Checking the cache for oc 4.20.3...
Test OLM installation	UNKNOWN STEP	2025-11-12T16:09:14.0725127Z Current architecture is amd64
Test OLM installation	UNKNOWN STEP	2025-11-12T16:09:14.1097158Z ##[warning]Failed to check cache for oc 4.20.3: Error: Cache service responded with 400
Test OLM installation	UNKNOWN STEP	2025-11-12T16:09:14.3731861Z â¬‡ï¸ Downloading 73.17MB https://mirror.openshift.com/pub/openshift-v4/clients/ocp/4.20.3/openshift-client-linux-4.20.3.tar.gz ...
Test OLM installation	UNKNOWN STEP	2025-11-12T16:09:16.5420315Z Downloaded openshift-client-linux-4.20.3.tar.gz in 2.2s
Test OLM installation	UNKNOWN STEP	2025-11-12T16:09:17.3356284Z â¬‡ï¸ Downloading hash file https://mirror.openshift.com/pub/openshift-v4/clients/ocp/4.20.3/sha256sum.txt
Test OLM installation	UNKNOWN STEP	2025-11-12T16:09:17.7349578Z sha256 verification of openshift-client-linux-4.20.3.tar.gz succeeded.
Test OLM installation	UNKNOWN STEP	2025-11-12T16:09:17.7439371Z [command]/usr/bin/tar xz --warning=no-unknown-keyword --overwrite -C /home/runner/work/_temp/fb351320-75a1-4649-a0f1-0584b7d7d268 -f /home/runner/work/_temp/efaa035e4725b38350b58f1a1e5a946e-openshift-client-linux-4.20.3.tar.gz
Test OLM installation	UNKNOWN STEP	2025-11-12T16:09:18.8751029Z Removed /home/runner/work/_temp/efaa035e4725b38350b58f1a1e5a946e-openshift-client-linux-4.20.3.tar.gz
Test OLM installation	UNKNOWN STEP	2025-11-12T16:09:18.8816735Z oc installed into /home/runner/work/_temp/openshift-bin/oc
Test OLM installation	UNKNOWN STEP	2025-11-12T16:09:18.8832505Z [command]/home/runner/work/_temp/openshift-bin/oc version --client
Test OLM installation	UNKNOWN STEP	2025-11-12T16:09:18.9568628Z Client Version: 4.20.3
Test OLM installation	UNKNOWN STEP	2025-11-12T16:09:18.9569513Z Kustomize Version: v5.6.0
Test OLM installation	UNKNOWN STEP	2025-11-12T16:09:18.9605699Z ðŸ’¾ Saving oc 4.20.3 into the cache
Test OLM installation	UNKNOWN STEP	2025-11-12T16:09:18.9708906Z ##[warning]Failed to cache oc 4.20.3: ReserveCacheError: Unable to reserve cache with key oc_4.20.3_linux_amd64, another job may be creating this cache.
Test OLM installation	UNKNOWN STEP	2025-11-12T16:09:18.9712013Z âœ… Successfully installed oc 4.20.3.
Test OLM installation	UNKNOWN STEP	2025-11-12T16:09:18.9712376Z 
Test OLM installation	UNKNOWN STEP	2025-11-12T16:09:18.9712676Z âœ… Successfully installed 1/1 client:
Test OLM installation	UNKNOWN STEP	2025-11-12T16:09:18.9713124Z   - oc 4.20.3
Test OLM installation	UNKNOWN STEP	2025-11-12T16:09:18.9724411Z Wrote out installed versions to /home/runner/work/_temp/openshift-bin/openshift-clients-installed.json
Test OLM installation	UNKNOWN STEP	2025-11-12T16:09:18.9912910Z ##[group]Run sudo snap install yq
Test OLM installation	UNKNOWN STEP	2025-11-12T16:09:18.9913250Z [36;1msudo snap install yq[0m
Test OLM installation	UNKNOWN STEP	2025-11-12T16:09:18.9950875Z shell: /usr/bin/bash --noprofile --norc -e -o pipefail {0}
Test OLM installation	UNKNOWN STEP	2025-11-12T16:09:18.9951208Z env:
Test OLM installation	UNKNOWN STEP	2025-11-12T16:09:18.9951482Z   MAVEN_ARGS: -B -nsu -Daether.connector.http.connectionMaxTtl=25
Test OLM installation	UNKNOWN STEP	2025-11-12T16:09:18.9951814Z   MINIKUBE_VERSION: v1.37.0
Test OLM installation	UNKNOWN STEP	2025-11-12T16:09:18.9952038Z   KUBERNETES_VERSION: v1.32.9
Test OLM installation	UNKNOWN STEP	2025-11-12T16:09:18.9952251Z   MINIKUBE_MEMORY: 4096
Test OLM installation	UNKNOWN STEP	2025-11-12T16:09:18.9952546Z   JAVA_HOME: /opt/hostedtoolcache/Java_Temurin-Hotspot_jdk/21.0.9-10/x64
Test OLM installation	UNKNOWN STEP	2025-11-12T16:09:18.9952978Z   JAVA_HOME_21_X64: /opt/hostedtoolcache/Java_Temurin-Hotspot_jdk/21.0.9-10/x64
Test OLM installation	UNKNOWN STEP	2025-11-12T16:09:18.9953568Z   MINIKUBE_HOME: /home/runner/work/_temp
Test OLM installation	UNKNOWN STEP	2025-11-12T16:09:18.9953803Z ##[endgroup]
Test OLM installation	UNKNOWN STEP	2025-11-12T16:09:59.0446865Z error: unable to contact snap store
Test OLM installation	UNKNOWN STEP	2025-11-12T16:09:59.0478807Z ##[error]Process completed with exit code 1.
Test OLM installation	UNKNOWN STEP	2025-11-12T16:09:59.0531488Z ##[group]Run kubectl get keycloaks -A -o yaml
Test OLM installation	UNKNOWN STEP	2025-11-12T16:09:59.0532002Z [36;1mkubectl get keycloaks -A -o yaml[0m
Test OLM installation	UNKNOWN STEP	2025-11-12T16:09:59.0532331Z [36;1mkubectl get keycloakrealmimports -A -o yaml[0m
Test OLM installation	UNKNOWN STEP	2025-11-12T16:09:59.0566035Z shell: /usr/bin/bash --noprofile --norc -e -o pipefail {0}
Test OLM installation	UNKNOWN STEP	2025-11-12T16:09:59.0566343Z env:
Test OLM installation	UNKNOWN STEP	2025-11-12T16:09:59.0566607Z   MAVEN_ARGS: -B -nsu -Daether.connector.http.connectionMaxTtl=25
Test OLM installation	UNKNOWN STEP	2025-11-12T16:09:59.0566939Z   MINIKUBE_VERSION: v1.37.0
Test OLM installation	UNKNOWN STEP	2025-11-12T16:09:59.0567161Z   KUBERNETES_VERSION: v1.32.9
Test OLM installation	UNKNOWN STEP	2025-11-12T16:09:59.0567380Z   MINIKUBE_MEMORY: 4096
Test OLM installation	UNKNOWN STEP	2025-11-12T16:09:59.0567688Z   JAVA_HOME: /opt/hostedtoolcache/Java_Temurin-Hotspot_jdk/21.0.9-10/x64
Test OLM installation	UNKNOWN STEP	2025-11-12T16:09:59.0568136Z   JAVA_HOME_21_X64: /opt/hostedtoolcache/Java_Temurin-Hotspot_jdk/21.0.9-10/x64
Test OLM installation	UNKNOWN STEP	2025-11-12T16:09:59.0568480Z   MINIKUBE_HOME: /home/runner/work/_temp
Test OLM installation	UNKNOWN STEP	2025-11-12T16:09:59.0568715Z ##[endgroup]
Test OLM installation	UNKNOWN STEP	2025-11-12T16:09:59.1831092Z error: the server doesn't have a resource type "keycloaks"
Test OLM installation	UNKNOWN STEP	2025-11-12T16:09:59.1859147Z ##[error]Process completed with exit code 1.
Test OLM installation	UNKNOWN STEP	2025-11-12T16:09:59.1881433Z ##[group]Run oc adm inspect ns
Test OLM installation	UNKNOWN STEP	2025-11-12T16:09:59.1881720Z [36;1moc adm inspect ns[0m
Test OLM installation	UNKNOWN STEP	2025-11-12T16:09:59.1913726Z shell: /usr/bin/bash --noprofile --norc -e -o pipefail {0}
Test OLM installation	UNKNOWN STEP	2025-11-12T16:09:59.1914030Z env:
Test OLM installation	UNKNOWN STEP	2025-11-12T16:09:59.1914293Z   MAVEN_ARGS: -B -nsu -Daether.connector.http.connectionMaxTtl=25
Test OLM installation	UNKNOWN STEP	2025-11-12T16:09:59.1914625Z   MINIKUBE_VERSION: v1.37.0
Test OLM installation	UNKNOWN STEP	2025-11-12T16:09:59.1914850Z   KUBERNETES_VERSION: v1.32.9
Test OLM installation	UNKNOWN STEP	2025-11-12T16:09:59.1915059Z   MINIKUBE_MEMORY: 4096
Test OLM installation	UNKNOWN STEP	2025-11-12T16:09:59.1915359Z   JAVA_HOME: /opt/hostedtoolcache/Java_Temurin-Hotspot_jdk/21.0.9-10/x64
Test OLM installation	UNKNOWN STEP	2025-11-12T16:09:59.1915821Z   JAVA_HOME_21_X64: /opt/hostedtoolcache/Java_Temurin-Hotspot_jdk/21.0.9-10/x64
Test OLM installation	UNKNOWN STEP	2025-11-12T16:09:59.1916180Z   MINIKUBE_HOME: /home/runner/work/_temp
Test OLM installation	UNKNOWN STEP	2025-11-12T16:09:59.1916410Z ##[endgroup]
Test OLM installation	UNKNOWN STEP	2025-11-12T16:09:59.2882300Z Gathering data for ns/default...
Test OLM installation	UNKNOWN STEP	2025-11-12T16:09:59.3289119Z W1112 16:09:59.328714    7327 util.go:118] the server doesn't have a resource type egressfirewalls, skipping the inspection
Test OLM installation	UNKNOWN STEP	2025-11-12T16:09:59.3302595Z W1112 16:09:59.330143    7327 util.go:118] the server doesn't have a resource type egressqoses, skipping the inspection
Test OLM installation	UNKNOWN STEP	2025-11-12T16:09:59.3622307Z W1112 16:09:59.362109    7327 util.go:118] the server doesn't have a resource type servicemonitors, skipping the inspection
Test OLM installation	UNKNOWN STEP	2025-11-12T16:09:59.3636264Z W1112 16:09:59.363515    7327 util.go:118] the server doesn't have a resource type userdefinednetworks, skipping the inspection
Test OLM installation	UNKNOWN STEP	2025-11-12T16:09:59.3637418Z Gathering data for ns/kube-node-lease...
Test OLM installation	UNKNOWN STEP	2025-11-12T16:09:59.3914266Z W1112 16:09:59.391260    7327 util.go:118] the server doesn't have a resource type egressfirewalls, skipping the inspection
Test OLM installation	UNKNOWN STEP	2025-11-12T16:09:59.3928392Z W1112 16:09:59.392692    7327 util.go:118] the server doesn't have a resource type egressqoses, skipping the inspection
Test OLM installation	UNKNOWN STEP	2025-11-12T16:09:59.4199204Z W1112 16:09:59.419758    7327 util.go:118] the server doesn't have a resource type servicemonitors, skipping the inspection
Test OLM installation	UNKNOWN STEP	2025-11-12T16:09:59.4212881Z W1112 16:09:59.421129    7327 util.go:118] the server doesn't have a resource type userdefinednetworks, skipping the inspection
Test OLM installation	UNKNOWN STEP	2025-11-12T16:09:59.4214326Z Gathering data for ns/kube-public...
Test OLM installation	UNKNOWN STEP	2025-11-12T16:09:59.4508191Z W1112 16:09:59.450686    7327 util.go:118] the server doesn't have a resource type egressfirewalls, skipping the inspection
Test OLM installation	UNKNOWN STEP	2025-11-12T16:09:59.4522249Z W1112 16:09:59.452103    7327 util.go:118] the server doesn't have a resource type egressqoses, skipping the inspection
Test OLM installation	UNKNOWN STEP	2025-11-12T16:09:59.4753690Z W1112 16:09:59.475244    7327 util.go:118] the server doesn't have a resource type servicemonitors, skipping the inspection
Test OLM installation	UNKNOWN STEP	2025-11-12T16:09:59.4765737Z W1112 16:09:59.476453    7327 util.go:118] the server doesn't have a resource type userdefinednetworks, skipping the inspection
Test OLM installation	UNKNOWN STEP	2025-11-12T16:09:59.4766712Z Gathering data for ns/kube-system...
Test OLM installation	UNKNOWN STEP	2025-11-12T16:09:59.6309542Z W1112 16:09:59.630760    7327 util.go:118] the server doesn't have a resource type egressfirewalls, skipping the inspection
Test OLM installation	UNKNOWN STEP	2025-11-12T16:09:59.6321149Z W1112 16:09:59.631978    7327 util.go:118] the server doesn't have a resource type egressqoses, skipping the inspection
Test OLM installation	UNKNOWN STEP	2025-11-12T16:09:59.6683775Z W1112 16:09:59.668232    7327 util.go:118] the server doesn't have a resource type servicemonitors, skipping the inspection
Test OLM installation	UNKNOWN STEP	2025-11-12T16:09:59.6694943Z W1112 16:09:59.669369    7327 util.go:118] the server doesn't have a resource type userdefinednetworks, skipping the inspection
Test OLM installation	UNKNOWN STEP	2025-11-12T16:09:59.6762454Z Wrote inspect data to inspect.local.3339466627354835744.
Test OLM installation	UNKNOWN STEP	2025-11-12T16:09:59.6844722Z ##[group]Run actions/upload-artifact@ea165f8d65b6e75b540449e92b4886f43607fa02
Test OLM installation	UNKNOWN STEP	2025-11-12T16:09:59.6845121Z with:
Test OLM installation	UNKNOWN STEP	2025-11-12T16:09:59.6845294Z   name: oc-inspect
Test OLM installation	UNKNOWN STEP	2025-11-12T16:09:59.6845478Z   path: inspect.*
Test OLM installation	UNKNOWN STEP	2025-11-12T16:09:59.6845667Z   if-no-files-found: warn
Test OLM installation	UNKNOWN STEP	2025-11-12T16:09:59.6845874Z   compression-level: 6
Test OLM installation	UNKNOWN STEP	2025-11-12T16:09:59.6846066Z   overwrite: false
Test OLM installation	UNKNOWN STEP	2025-11-12T16:09:59.6846252Z   include-hidden-files: false
Test OLM installation	UNKNOWN STEP	2025-11-12T16:09:59.6846458Z env:
Test OLM installation	UNKNOWN STEP	2025-11-12T16:09:59.6846725Z   MAVEN_ARGS: -B -nsu -Daether.connector.http.connectionMaxTtl=25
Test OLM installation	UNKNOWN STEP	2025-11-12T16:09:59.6847056Z   MINIKUBE_VERSION: v1.37.0
Test OLM installation	UNKNOWN STEP	2025-11-12T16:09:59.6847282Z   KUBERNETES_VERSION: v1.32.9
Test OLM installation	UNKNOWN STEP	2025-11-12T16:09:59.6847494Z   MINIKUBE_MEMORY: 4096
Test OLM installation	UNKNOWN STEP	2025-11-12T16:09:59.6847799Z   JAVA_HOME: /opt/hostedtoolcache/Java_Temurin-Hotspot_jdk/21.0.9-10/x64
Test OLM installation	UNKNOWN STEP	2025-11-12T16:09:59.6848236Z   JAVA_HOME_21_X64: /opt/hostedtoolcache/Java_Temurin-Hotspot_jdk/21.0.9-10/x64
Test OLM installation	UNKNOWN STEP	2025-11-12T16:09:59.6848625Z   MINIKUBE_HOME: /home/runner/work/_temp
Test OLM installation	UNKNOWN STEP	2025-11-12T16:09:59.6848854Z ##[endgroup]
Test OLM installation	UNKNOWN STEP	2025-11-12T16:09:59.9748865Z With the provided path, there will be 115 files uploaded
Test OLM installation	UNKNOWN STEP	2025-11-12T16:09:59.9755232Z Artifact name is valid!
Test OLM installation	UNKNOWN STEP	2025-11-12T16:09:59.9757150Z Root directory input is valid!
Test OLM installation	UNKNOWN STEP	2025-11-12T16:10:00.2553149Z Beginning upload of artifact content to blob storage
Test OLM installation	UNKNOWN STEP	2025-11-12T16:10:00.9474681Z Uploaded bytes 115080
Test OLM installation	UNKNOWN STEP	2025-11-12T16:10:01.0390338Z Finished uploading artifact content to blob storage!
Test OLM installation	UNKNOWN STEP	2025-11-12T16:10:01.0393836Z SHA256 digest of uploaded artifact zip is 159c401184b2199cbeeadf652012dac24394d107e9b757a95cc8e4613ffb12e9
Test OLM installation	UNKNOWN STEP	2025-11-12T16:10:01.0396209Z Finalizing artifact upload
Test OLM installation	UNKNOWN STEP	2025-11-12T16:10:01.2302211Z Artifact oc-inspect.zip successfully finalized. Artifact ID 4545428443
Test OLM installation	UNKNOWN STEP	2025-11-12T16:10:01.2303194Z Artifact oc-inspect has been successfully uploaded! Final size is 115080 bytes. Artifact ID is 4545428443
Test OLM installation	UNKNOWN STEP	2025-11-12T16:10:01.2310115Z Artifact download URL: https://github.com/keycloak/keycloak/actions/runs/19303718532/artifacts/4545428443
Test OLM installation	UNKNOWN STEP	2025-11-12T16:10:01.2457785Z Post job cleanup.
Test OLM installation	UNKNOWN STEP	2025-11-12T16:10:01.2498572Z Post job cleanup.
Test OLM installation	UNKNOWN STEP	2025-11-12T16:10:01.4229722Z Post job cleanup.
Test OLM installation	UNKNOWN STEP	2025-11-12T16:10:01.5059776Z [command]/usr/bin/git version
Test OLM installation	UNKNOWN STEP	2025-11-12T16:10:01.5095614Z git version 2.51.2
Test OLM installation	UNKNOWN STEP	2025-11-12T16:10:01.5164674Z Temporarily overriding HOME='/home/runner/work/_temp/58d79560-c604-4a14-83a6-bcfdb2cdfdf8' before making global git config changes
Test OLM installation	UNKNOWN STEP	2025-11-12T16:10:01.5166015Z Adding repository directory to the temporary git global config as a safe directory
Test OLM installation	UNKNOWN STEP	2025-11-12T16:10:01.5170352Z [command]/usr/bin/git config --global --add safe.directory /home/runner/work/keycloak/keycloak
Test OLM installation	UNKNOWN STEP	2025-11-12T16:10:01.5205497Z [command]/usr/bin/git config --local --name-only --get-regexp core\.sshCommand
Test OLM installation	UNKNOWN STEP	2025-11-12T16:10:01.5235909Z [command]/usr/bin/git submodule foreach --recursive sh -c "git config --local --name-only --get-regexp 'core\.sshCommand' && git config --local --unset-all 'core.sshCommand' || :"
Test OLM installation	UNKNOWN STEP	2025-11-12T16:10:01.5491773Z [command]/usr/bin/git config --local --name-only --get-regexp http\.https\:\/\/github\.com\/\.extraheader
Test OLM installation	UNKNOWN STEP	2025-11-12T16:10:01.5521633Z http.https://github.com/.extraheader
Test OLM installation	UNKNOWN STEP	2025-11-12T16:10:01.5535380Z [command]/usr/bin/git config --local --unset-all http.https://github.com/.extraheader
Test OLM installation	UNKNOWN STEP	2025-11-12T16:10:01.5571969Z [command]/usr/bin/git submodule foreach --recursive sh -c "git config --local --name-only --get-regexp 'http\.https\:\/\/github\.com\/\.extraheader' && git config --local --unset-all 'http.https://github.com/.extraheader' || :"
Test OLM installation	UNKNOWN STEP	2025-11-12T16:10:01.5934802Z Cleaning up orphan processes
Status Check - Keycloak Operator CI	UNKNOWN STEP	ï»¿2025-11-12T16:36:29.2148150Z Current runner version: '2.329.0'
Status Check - Keycloak Operator CI	UNKNOWN STEP	2025-11-12T16:36:29.2171295Z ##[group]Runner Image Provisioner
Status Check - Keycloak Operator CI	UNKNOWN STEP	2025-11-12T16:36:29.2172023Z Hosted Compute Agent
Status Check - Keycloak Operator CI	UNKNOWN STEP	2025-11-12T16:36:29.2172580Z Version: 20251016.436
Status Check - Keycloak Operator CI	UNKNOWN STEP	2025-11-12T16:36:29.2173199Z Commit: 8ab8ac8bfd662a3739dab9fe09456aba92132568
Status Check - Keycloak Operator CI	UNKNOWN STEP	2025-11-12T16:36:29.2173912Z Build Date: 2025-10-15T20:44:12Z
Status Check - Keycloak Operator CI	UNKNOWN STEP	2025-11-12T16:36:29.2174471Z ##[endgroup]
Status Check - Keycloak Operator CI	UNKNOWN STEP	2025-11-12T16:36:29.2175065Z ##[group]Operating System
Status Check - Keycloak Operator CI	UNKNOWN STEP	2025-11-12T16:36:29.2175599Z Ubuntu
Status Check - Keycloak Operator CI	UNKNOWN STEP	2025-11-12T16:36:29.2176088Z 24.04.3
Status Check - Keycloak Operator CI	UNKNOWN STEP	2025-11-12T16:36:29.2176589Z LTS
Status Check - Keycloak Operator CI	UNKNOWN STEP	2025-11-12T16:36:29.2177026Z ##[endgroup]
Status Check - Keycloak Operator CI	UNKNOWN STEP	2025-11-12T16:36:29.2177661Z ##[group]Runner Image
Status Check - Keycloak Operator CI	UNKNOWN STEP	2025-11-12T16:36:29.2178243Z Image: ubuntu-24.04
Status Check - Keycloak Operator CI	UNKNOWN STEP	2025-11-12T16:36:29.2178765Z Version: 20251102.99.1
Status Check - Keycloak Operator CI	UNKNOWN STEP	2025-11-12T16:36:29.2180020Z Included Software: https://github.com/actions/runner-images/blob/ubuntu24/20251102.99/images/ubuntu/Ubuntu2404-Readme.md
Status Check - Keycloak Operator CI	UNKNOWN STEP	2025-11-12T16:36:29.2181668Z Image Release: https://github.com/actions/runner-images/releases/tag/ubuntu24%2F20251102.99
Status Check - Keycloak Operator CI	UNKNOWN STEP	2025-11-12T16:36:29.2182672Z ##[endgroup]
Status Check - Keycloak Operator CI	UNKNOWN STEP	2025-11-12T16:36:29.2183696Z ##[group]GITHUB_TOKEN Permissions
Status Check - Keycloak Operator CI	UNKNOWN STEP	2025-11-12T16:36:29.2185779Z Contents: read
Status Check - Keycloak Operator CI	UNKNOWN STEP	2025-11-12T16:36:29.2186384Z Metadata: read
Status Check - Keycloak Operator CI	UNKNOWN STEP	2025-11-12T16:36:29.2186944Z ##[endgroup]
Status Check - Keycloak Operator CI	UNKNOWN STEP	2025-11-12T16:36:29.2188854Z Secret source: None
Status Check - Keycloak Operator CI	UNKNOWN STEP	2025-11-12T16:36:29.2189934Z Prepare workflow directory
Status Check - Keycloak Operator CI	UNKNOWN STEP	2025-11-12T16:36:29.2588815Z Prepare all required actions
Status Check - Keycloak Operator CI	UNKNOWN STEP	2025-11-12T16:36:29.2626092Z Getting action download info
Status Check - Keycloak Operator CI	UNKNOWN STEP	2025-11-12T16:36:29.6011441Z Download action repository 'actions/checkout@08c6903cd8c0fde910a37f88322edcfb5dd907a8' (SHA:08c6903cd8c0fde910a37f88322edcfb5dd907a8)
Status Check - Keycloak Operator CI	UNKNOWN STEP	2025-11-12T16:36:29.7549202Z Complete job name: Status Check - Keycloak Operator CI
Status Check - Keycloak Operator CI	UNKNOWN STEP	2025-11-12T16:36:29.8198154Z ##[group]Run actions/checkout@08c6903cd8c0fde910a37f88322edcfb5dd907a8
Status Check - Keycloak Operator CI	UNKNOWN STEP	2025-11-12T16:36:29.8199315Z with:
Status Check - Keycloak Operator CI	UNKNOWN STEP	2025-11-12T16:36:29.8199710Z   repository: keycloak/keycloak
Status Check - Keycloak Operator CI	UNKNOWN STEP	2025-11-12T16:36:29.8200334Z   token: ***
Status Check - Keycloak Operator CI	UNKNOWN STEP	2025-11-12T16:36:29.8200702Z   ssh-strict: true
Status Check - Keycloak Operator CI	UNKNOWN STEP	2025-11-12T16:36:29.8201102Z   ssh-user: git
Status Check - Keycloak Operator CI	UNKNOWN STEP	2025-11-12T16:36:29.8201520Z   persist-credentials: true
Status Check - Keycloak Operator CI	UNKNOWN STEP	2025-11-12T16:36:29.8201964Z   clean: true
Status Check - Keycloak Operator CI	UNKNOWN STEP	2025-11-12T16:36:29.8202358Z   sparse-checkout-cone-mode: true
Status Check - Keycloak Operator CI	UNKNOWN STEP	2025-11-12T16:36:29.8202832Z   fetch-depth: 1
Status Check - Keycloak Operator CI	UNKNOWN STEP	2025-11-12T16:36:29.8203213Z   fetch-tags: false
Status Check - Keycloak Operator CI	UNKNOWN STEP	2025-11-12T16:36:29.8203603Z   show-progress: true
Status Check - Keycloak Operator CI	UNKNOWN STEP	2025-11-12T16:36:29.8204000Z   lfs: false
Status Check - Keycloak Operator CI	UNKNOWN STEP	2025-11-12T16:36:29.8204361Z   submodules: false
Status Check - Keycloak Operator CI	UNKNOWN STEP	2025-11-12T16:36:29.8204759Z   set-safe-directory: true
Status Check - Keycloak Operator CI	UNKNOWN STEP	2025-11-12T16:36:29.8205405Z env:
Status Check - Keycloak Operator CI	UNKNOWN STEP	2025-11-12T16:36:29.8205943Z   MAVEN_ARGS: -B -nsu -Daether.connector.http.connectionMaxTtl=25
Status Check - Keycloak Operator CI	UNKNOWN STEP	2025-11-12T16:36:29.8206584Z   MINIKUBE_VERSION: v1.37.0
Status Check - Keycloak Operator CI	UNKNOWN STEP	2025-11-12T16:36:29.8207063Z   KUBERNETES_VERSION: v1.32.9
Status Check - Keycloak Operator CI	UNKNOWN STEP	2025-11-12T16:36:29.8207510Z   MINIKUBE_MEMORY: 4096
Status Check - Keycloak Operator CI	UNKNOWN STEP	2025-11-12T16:36:29.8207920Z ##[endgroup]
Status Check - Keycloak Operator CI	UNKNOWN STEP	2025-11-12T16:36:29.9133493Z Syncing repository: keycloak/keycloak
Status Check - Keycloak Operator CI	UNKNOWN STEP	2025-11-12T16:36:29.9135329Z ##[group]Getting Git version info
Status Check - Keycloak Operator CI	UNKNOWN STEP	2025-11-12T16:36:29.9136035Z Working directory is '/home/runner/work/keycloak/keycloak'
Status Check - Keycloak Operator CI	UNKNOWN STEP	2025-11-12T16:36:29.9137037Z [command]/usr/bin/git version
Status Check - Keycloak Operator CI	UNKNOWN STEP	2025-11-12T16:36:29.9177864Z git version 2.51.2
Status Check - Keycloak Operator CI	UNKNOWN STEP	2025-11-12T16:36:29.9197898Z ##[endgroup]
Status Check - Keycloak Operator CI	UNKNOWN STEP	2025-11-12T16:36:29.9210485Z Temporarily overriding HOME='/home/runner/work/_temp/3bb179c2-1669-4766-9f07-41fb64945c24' before making global git config changes
Status Check - Keycloak Operator CI	UNKNOWN STEP	2025-11-12T16:36:29.9212481Z Adding repository directory to the temporary git global config as a safe directory
Status Check - Keycloak Operator CI	UNKNOWN STEP	2025-11-12T16:36:29.9215834Z [command]/usr/bin/git config --global --add safe.directory /home/runner/work/keycloak/keycloak
Status Check - Keycloak Operator CI	UNKNOWN STEP	2025-11-12T16:36:29.9251962Z Deleting the contents of '/home/runner/work/keycloak/keycloak'
Status Check - Keycloak Operator CI	UNKNOWN STEP	2025-11-12T16:36:29.9255137Z ##[group]Initializing the repository
Status Check - Keycloak Operator CI	UNKNOWN STEP	2025-11-12T16:36:29.9259418Z [command]/usr/bin/git init /home/runner/work/keycloak/keycloak
Status Check - Keycloak Operator CI	UNKNOWN STEP	2025-11-12T16:36:29.9364315Z hint: Using 'master' as the name for the initial branch. This default branch name
Status Check - Keycloak Operator CI	UNKNOWN STEP	2025-11-12T16:36:29.9365379Z hint: is subject to change. To configure the initial branch name to use in all
Status Check - Keycloak Operator CI	UNKNOWN STEP	2025-11-12T16:36:29.9366554Z hint: of your new repositories, which will suppress this warning, call:
Status Check - Keycloak Operator CI	UNKNOWN STEP	2025-11-12T16:36:29.9367321Z hint:
Status Check - Keycloak Operator CI	UNKNOWN STEP	2025-11-12T16:36:29.9368148Z hint: 	git config --global init.defaultBranch <name>
Status Check - Keycloak Operator CI	UNKNOWN STEP	2025-11-12T16:36:29.9368847Z hint:
Status Check - Keycloak Operator CI	UNKNOWN STEP	2025-11-12T16:36:29.9369682Z hint: Names commonly chosen instead of 'master' are 'main', 'trunk' and
Status Check - Keycloak Operator CI	UNKNOWN STEP	2025-11-12T16:36:29.9371301Z hint: 'development'. The just-created branch can be renamed via this command:
Status Check - Keycloak Operator CI	UNKNOWN STEP	2025-11-12T16:36:29.9372630Z hint:
Status Check - Keycloak Operator CI	UNKNOWN STEP	2025-11-12T16:36:29.9373487Z hint: 	git branch -m <name>
Status Check - Keycloak Operator CI	UNKNOWN STEP	2025-11-12T16:36:29.9374393Z hint:
Status Check - Keycloak Operator CI	UNKNOWN STEP	2025-11-12T16:36:29.9375501Z hint: Disable this message with "git config set advice.defaultBranchName false"
Status Check - Keycloak Operator CI	UNKNOWN STEP	2025-11-12T16:36:29.9377372Z Initialized empty Git repository in /home/runner/work/keycloak/keycloak/.git/
Status Check - Keycloak Operator CI	UNKNOWN STEP	2025-11-12T16:36:29.9380970Z [command]/usr/bin/git remote add origin https://github.com/keycloak/keycloak
Status Check - Keycloak Operator CI	UNKNOWN STEP	2025-11-12T16:36:29.9415013Z ##[endgroup]
Status Check - Keycloak Operator CI	UNKNOWN STEP	2025-11-12T16:36:29.9416202Z ##[group]Disabling automatic garbage collection
Status Check - Keycloak Operator CI	UNKNOWN STEP	2025-11-12T16:36:29.9419327Z [command]/usr/bin/git config --local gc.auto 0
Status Check - Keycloak Operator CI	UNKNOWN STEP	2025-11-12T16:36:29.9447010Z ##[endgroup]
Status Check - Keycloak Operator CI	UNKNOWN STEP	2025-11-12T16:36:29.9448200Z ##[group]Setting up auth
Status Check - Keycloak Operator CI	UNKNOWN STEP	2025-11-12T16:36:29.9453963Z [command]/usr/bin/git config --local --name-only --get-regexp core\.sshCommand
Status Check - Keycloak Operator CI	UNKNOWN STEP	2025-11-12T16:36:29.9485867Z [command]/usr/bin/git submodule foreach --recursive sh -c "git config --local --name-only --get-regexp 'core\.sshCommand' && git config --local --unset-all 'core.sshCommand' || :"
Status Check - Keycloak Operator CI	UNKNOWN STEP	2025-11-12T16:36:29.9831222Z [command]/usr/bin/git config --local --name-only --get-regexp http\.https\:\/\/github\.com\/\.extraheader
Status Check - Keycloak Operator CI	UNKNOWN STEP	2025-11-12T16:36:29.9861080Z [command]/usr/bin/git submodule foreach --recursive sh -c "git config --local --name-only --get-regexp 'http\.https\:\/\/github\.com\/\.extraheader' && git config --local --unset-all 'http.https://github.com/.extraheader' || :"
Status Check - Keycloak Operator CI	UNKNOWN STEP	2025-11-12T16:36:30.0090492Z [command]/usr/bin/git config --local http.https://github.com/.extraheader AUTHORIZATION: basic ***
Status Check - Keycloak Operator CI	UNKNOWN STEP	2025-11-12T16:36:30.0130889Z ##[endgroup]
Status Check - Keycloak Operator CI	UNKNOWN STEP	2025-11-12T16:36:30.0132322Z ##[group]Fetching the repository
Status Check - Keycloak Operator CI	UNKNOWN STEP	2025-11-12T16:36:30.0142536Z [command]/usr/bin/git -c protocol.version=2 fetch --no-tags --prune --no-recurse-submodules --depth=1 origin +61d0b794450a3d16c8dfb51cb53545b3ec0716a5:refs/remotes/pull/44176/merge
Status Check - Keycloak Operator CI	UNKNOWN STEP	2025-11-12T16:36:32.6627324Z From https://github.com/keycloak/keycloak
Status Check - Keycloak Operator CI	UNKNOWN STEP	2025-11-12T16:36:32.6628693Z  * [new ref]         61d0b794450a3d16c8dfb51cb53545b3ec0716a5 -> pull/44176/merge
Status Check - Keycloak Operator CI	UNKNOWN STEP	2025-11-12T16:36:32.6659449Z ##[endgroup]
Status Check - Keycloak Operator CI	UNKNOWN STEP	2025-11-12T16:36:32.6661364Z ##[group]Determining the checkout info
Status Check - Keycloak Operator CI	UNKNOWN STEP	2025-11-12T16:36:32.6663440Z ##[endgroup]
Status Check - Keycloak Operator CI	UNKNOWN STEP	2025-11-12T16:36:32.6667765Z [command]/usr/bin/git sparse-checkout disable
Status Check - Keycloak Operator CI	UNKNOWN STEP	2025-11-12T16:36:32.6708640Z [command]/usr/bin/git config --local --unset-all extensions.worktreeConfig
Status Check - Keycloak Operator CI	UNKNOWN STEP	2025-11-12T16:36:32.6735640Z ##[group]Checking out the ref
Status Check - Keycloak Operator CI	UNKNOWN STEP	2025-11-12T16:36:32.6739650Z [command]/usr/bin/git checkout --progress --force refs/remotes/pull/44176/merge
Status Check - Keycloak Operator CI	UNKNOWN STEP	2025-11-12T16:36:33.4953682Z Note: switching to 'refs/remotes/pull/44176/merge'.
Status Check - Keycloak Operator CI	UNKNOWN STEP	2025-11-12T16:36:33.4954576Z 
Status Check - Keycloak Operator CI	UNKNOWN STEP	2025-11-12T16:36:33.4954945Z You are in 'detached HEAD' state. You can look around, make experimental
Status Check - Keycloak Operator CI	UNKNOWN STEP	2025-11-12T16:36:33.4955768Z changes and commit them, and you can discard any commits you make in this
Status Check - Keycloak Operator CI	UNKNOWN STEP	2025-11-12T16:36:33.4956535Z state without impacting any branches by switching back to a branch.
Status Check - Keycloak Operator CI	UNKNOWN STEP	2025-11-12T16:36:33.4957047Z 
Status Check - Keycloak Operator CI	UNKNOWN STEP	2025-11-12T16:36:33.4957409Z If you want to create a new branch to retain commits you create, you may
Status Check - Keycloak Operator CI	UNKNOWN STEP	2025-11-12T16:36:33.4958157Z do so (now or later) by using -c with the switch command. Example:
Status Check - Keycloak Operator CI	UNKNOWN STEP	2025-11-12T16:36:33.4958593Z 
Status Check - Keycloak Operator CI	UNKNOWN STEP	2025-11-12T16:36:33.4958783Z   git switch -c <new-branch-name>
Status Check - Keycloak Operator CI	UNKNOWN STEP	2025-11-12T16:36:33.4959311Z 
Status Check - Keycloak Operator CI	UNKNOWN STEP	2025-11-12T16:36:33.4959519Z Or undo this operation with:
Status Check - Keycloak Operator CI	UNKNOWN STEP	2025-11-12T16:36:33.4959799Z 
Status Check - Keycloak Operator CI	UNKNOWN STEP	2025-11-12T16:36:33.4959963Z   git switch -
Status Check - Keycloak Operator CI	UNKNOWN STEP	2025-11-12T16:36:33.4960192Z 
Status Check - Keycloak Operator CI	UNKNOWN STEP	2025-11-12T16:36:33.4960599Z Turn off this advice by setting config variable advice.detachedHead to false
Status Check - Keycloak Operator CI	UNKNOWN STEP	2025-11-12T16:36:33.4961085Z 
Status Check - Keycloak Operator CI	UNKNOWN STEP	2025-11-12T16:36:33.4961677Z HEAD is now at 61d0b79 Merge ff40d9f1d652c6a5dde7fce8121989be1716c20e into a7c02076a1b8870bb24946c7bd445953f858e8f6
Status Check - Keycloak Operator CI	UNKNOWN STEP	2025-11-12T16:36:33.4987413Z ##[endgroup]
Status Check - Keycloak Operator CI	UNKNOWN STEP	2025-11-12T16:36:33.5026575Z [command]/usr/bin/git log -1 --format=%H
Status Check - Keycloak Operator CI	UNKNOWN STEP	2025-11-12T16:36:33.5049031Z 61d0b794450a3d16c8dfb51cb53545b3ec0716a5
Status Check - Keycloak Operator CI	UNKNOWN STEP	2025-11-12T16:36:33.5294011Z Prepare all required actions
Status Check - Keycloak Operator CI	UNKNOWN STEP	2025-11-12T16:36:33.5363748Z ##[group]Run ./.github/actions/status-check
Status Check - Keycloak Operator CI	UNKNOWN STEP	2025-11-12T16:36:33.5364074Z with:
Status Check - Keycloak Operator CI	UNKNOWN STEP	2025-11-12T16:36:33.5364965Z   jobs: {
Status Check - Keycloak Operator CI	UNKNOWN STEP	  "conditional": {
Status Check - Keycloak Operator CI	UNKNOWN STEP	    "result": "success",
Status Check - Keycloak Operator CI	UNKNOWN STEP	    "outputs": {
Status Check - Keycloak Operator CI	UNKNOWN STEP	      "operator": "true"
Status Check - Keycloak Operator CI	UNKNOWN STEP	    }
Status Check - Keycloak Operator CI	UNKNOWN STEP	  },
Status Check - Keycloak Operator CI	UNKNOWN STEP	  "build": {
Status Check - Keycloak Operator CI	UNKNOWN STEP	    "result": "success",
Status Check - Keycloak Operator CI	UNKNOWN STEP	    "outputs": {}
Status Check - Keycloak Operator CI	UNKNOWN STEP	  },
Status Check - Keycloak Operator CI	UNKNOWN STEP	  "test-local-apiserver": {
Status Check - Keycloak Operator CI	UNKNOWN STEP	    "result": "success",
Status Check - Keycloak Operator CI	UNKNOWN STEP	    "outputs": {}
Status Check - Keycloak Operator CI	UNKNOWN STEP	  },
Status Check - Keycloak Operator CI	UNKNOWN STEP	  "test-remote": {
Status Check - Keycloak Operator CI	UNKNOWN STEP	    "result": "success",
Status Check - Keycloak Operator CI	UNKNOWN STEP	    "outputs": {}
Status Check - Keycloak Operator CI	UNKNOWN STEP	  },
Status Check - Keycloak Operator CI	UNKNOWN STEP	  "test-olm": {
Status Check - Keycloak Operator CI	UNKNOWN STEP	    "result": "failure",
Status Check - Keycloak Operator CI	UNKNOWN STEP	    "outputs": {}
Status Check - Keycloak Operator CI	UNKNOWN STEP	  }
Status Check - Keycloak Operator CI	UNKNOWN STEP	}
Status Check - Keycloak Operator CI	UNKNOWN STEP	2025-11-12T16:36:33.5365925Z env:
Status Check - Keycloak Operator CI	UNKNOWN STEP	2025-11-12T16:36:33.5366250Z   MAVEN_ARGS: -B -nsu -Daether.connector.http.connectionMaxTtl=25
Status Check - Keycloak Operator CI	UNKNOWN STEP	2025-11-12T16:36:33.5366659Z   MINIKUBE_VERSION: v1.37.0
Status Check - Keycloak Operator CI	UNKNOWN STEP	2025-11-12T16:36:33.5366938Z   KUBERNETES_VERSION: v1.32.9
Status Check - Keycloak Operator CI	UNKNOWN STEP	2025-11-12T16:36:33.5367209Z   MINIKUBE_MEMORY: 4096
Status Check - Keycloak Operator CI	UNKNOWN STEP	2025-11-12T16:36:33.5367436Z ##[endgroup]
Status Check - Keycloak Operator CI	UNKNOWN STEP	2025-11-12T16:36:33.5468460Z ##[group]Run JOBS='{
Status Check - Keycloak Operator CI	UNKNOWN STEP	2025-11-12T16:36:33.5468789Z [36;1mJOBS='{[0m
Status Check - Keycloak Operator CI	UNKNOWN STEP	2025-11-12T16:36:33.5469234Z [36;1m  "conditional": {[0m
Status Check - Keycloak Operator CI	UNKNOWN STEP	2025-11-12T16:36:33.5469511Z [36;1m    "result": "success",[0m
Status Check - Keycloak Operator CI	UNKNOWN STEP	2025-11-12T16:36:33.5469789Z [36;1m    "outputs": {[0m
Status Check - Keycloak Operator CI	UNKNOWN STEP	2025-11-12T16:36:33.5470037Z [36;1m      "operator": "true"[0m
Status Check - Keycloak Operator CI	UNKNOWN STEP	2025-11-12T16:36:33.5470308Z [36;1m    }[0m
Status Check - Keycloak Operator CI	UNKNOWN STEP	2025-11-12T16:36:33.5470512Z [36;1m  },[0m
Status Check - Keycloak Operator CI	UNKNOWN STEP	2025-11-12T16:36:33.5470718Z [36;1m  "build": {[0m
Status Check - Keycloak Operator CI	UNKNOWN STEP	2025-11-12T16:36:33.5470941Z [36;1m    "result": "success",[0m
Status Check - Keycloak Operator CI	UNKNOWN STEP	2025-11-12T16:36:33.5471213Z [36;1m    "outputs": {}[0m
Status Check - Keycloak Operator CI	UNKNOWN STEP	2025-11-12T16:36:33.5471453Z [36;1m  },[0m
Status Check - Keycloak Operator CI	UNKNOWN STEP	2025-11-12T16:36:33.5471678Z [36;1m  "test-local-apiserver": {[0m
Status Check - Keycloak Operator CI	UNKNOWN STEP	2025-11-12T16:36:33.5471966Z [36;1m    "result": "success",[0m
Status Check - Keycloak Operator CI	UNKNOWN STEP	2025-11-12T16:36:33.5472224Z [36;1m    "outputs": {}[0m
Status Check - Keycloak Operator CI	UNKNOWN STEP	2025-11-12T16:36:33.5472470Z [36;1m  },[0m
Status Check - Keycloak Operator CI	UNKNOWN STEP	2025-11-12T16:36:33.5472675Z [36;1m  "test-remote": {[0m
Status Check - Keycloak Operator CI	UNKNOWN STEP	2025-11-12T16:36:33.5472928Z [36;1m    "result": "success",[0m
Status Check - Keycloak Operator CI	UNKNOWN STEP	2025-11-12T16:36:33.5473175Z [36;1m    "outputs": {}[0m
Status Check - Keycloak Operator CI	UNKNOWN STEP	2025-11-12T16:36:33.5473407Z [36;1m  },[0m
Status Check - Keycloak Operator CI	UNKNOWN STEP	2025-11-12T16:36:33.5473620Z [36;1m  "test-olm": {[0m
Status Check - Keycloak Operator CI	UNKNOWN STEP	2025-11-12T16:36:33.5473904Z [36;1m    "result": "failure",[0m
Status Check - Keycloak Operator CI	UNKNOWN STEP	2025-11-12T16:36:33.5474163Z [36;1m    "outputs": {}[0m
Status Check - Keycloak Operator CI	UNKNOWN STEP	2025-11-12T16:36:33.5474383Z [36;1m  }[0m
Status Check - Keycloak Operator CI	UNKNOWN STEP	2025-11-12T16:36:33.5474576Z [36;1m}'[0m
Status Check - Keycloak Operator CI	UNKNOWN STEP	2025-11-12T16:36:33.5474768Z [36;1m[0m
Status Check - Keycloak Operator CI	UNKNOWN STEP	2025-11-12T16:36:33.5474972Z [36;1mecho "Job status:"[0m
Status Check - Keycloak Operator CI	UNKNOWN STEP	2025-11-12T16:36:33.5475326Z [36;1mecho $JOBS | jq -r 'to_entries[] | " - \(.key): \(.value.result)"'[0m
Status Check - Keycloak Operator CI	UNKNOWN STEP	2025-11-12T16:36:33.5475687Z [36;1m[0m
Status Check - Keycloak Operator CI	UNKNOWN STEP	2025-11-12T16:36:33.5475967Z [36;1mfor i in $(echo $JOBS | jq -r 'to_entries[] | .value.result'); do[0m
Status Check - Keycloak Operator CI	UNKNOWN STEP	2025-11-12T16:36:33.5476376Z [36;1m  if [ "$i" != "success" ] && [ "$i" != "skipped" ]; then[0m
Status Check - Keycloak Operator CI	UNKNOWN STEP	2025-11-12T16:36:33.5476697Z [36;1m    echo ""[0m
Status Check - Keycloak Operator CI	UNKNOWN STEP	2025-11-12T16:36:33.5476933Z [36;1m    echo "Status check not okay!"[0m
Status Check - Keycloak Operator CI	UNKNOWN STEP	2025-11-12T16:36:33.5477216Z [36;1m    exit 1[0m
Status Check - Keycloak Operator CI	UNKNOWN STEP	2025-11-12T16:36:33.5477424Z [36;1m  fi[0m
Status Check - Keycloak Operator CI	UNKNOWN STEP	2025-11-12T16:36:33.5477626Z [36;1mdone[0m
Status Check - Keycloak Operator CI	UNKNOWN STEP	2025-11-12T16:36:33.5514550Z shell: /usr/bin/bash --noprofile --norc -e -o pipefail {0}
Status Check - Keycloak Operator CI	UNKNOWN STEP	2025-11-12T16:36:33.5514917Z env:
Status Check - Keycloak Operator CI	UNKNOWN STEP	2025-11-12T16:36:33.5515226Z   MAVEN_ARGS: -B -nsu -Daether.connector.http.connectionMaxTtl=25
Status Check - Keycloak Operator CI	UNKNOWN STEP	2025-11-12T16:36:33.5515598Z   MINIKUBE_VERSION: v1.37.0
Status Check - Keycloak Operator CI	UNKNOWN STEP	2025-11-12T16:36:33.5515862Z   KUBERNETES_VERSION: v1.32.9
Status Check - Keycloak Operator CI	UNKNOWN STEP	2025-11-12T16:36:33.5516168Z   MINIKUBE_MEMORY: 4096
Status Check - Keycloak Operator CI	UNKNOWN STEP	2025-11-12T16:36:33.5516393Z ##[endgroup]
Status Check - Keycloak Operator CI	UNKNOWN STEP	2025-11-12T16:36:33.5585522Z Job status:
Status Check - Keycloak Operator CI	UNKNOWN STEP	2025-11-12T16:36:33.5626414Z  - conditional: success
Status Check - Keycloak Operator CI	UNKNOWN STEP	2025-11-12T16:36:33.5626735Z  - build: success
Status Check - Keycloak Operator CI	UNKNOWN STEP	2025-11-12T16:36:33.5627002Z  - test-local-apiserver: success
Status Check - Keycloak Operator CI	UNKNOWN STEP	2025-11-12T16:36:33.5627293Z  - test-remote: success
Status Check - Keycloak Operator CI	UNKNOWN STEP	2025-11-12T16:36:33.5627526Z  - test-olm: failure
Status Check - Keycloak Operator CI	UNKNOWN STEP	2025-11-12T16:36:33.5660438Z 
Status Check - Keycloak Operator CI	UNKNOWN STEP	2025-11-12T16:36:33.5660894Z Status check not okay!
Status Check - Keycloak Operator CI	UNKNOWN STEP	2025-11-12T16:36:33.5672592Z ##[error]Process completed with exit code 1.
Status Check - Keycloak Operator CI	UNKNOWN STEP	2025-11-12T16:36:33.5786238Z Post job cleanup.
Status Check - Keycloak Operator CI	UNKNOWN STEP	2025-11-12T16:36:33.6536311Z [command]/usr/bin/git version
Status Check - Keycloak Operator CI	UNKNOWN STEP	2025-11-12T16:36:33.6570536Z git version 2.51.2
Status Check - Keycloak Operator CI	UNKNOWN STEP	2025-11-12T16:36:33.6604856Z Temporarily overriding HOME='/home/runner/work/_temp/243ac2d1-2aa5-4082-bd5d-a8f7b3017cbe' before making global git config changes
Status Check - Keycloak Operator CI	UNKNOWN STEP	2025-11-12T16:36:33.6605750Z Adding repository directory to the temporary git global config as a safe directory
Status Check - Keycloak Operator CI	UNKNOWN STEP	2025-11-12T16:36:33.6609993Z [command]/usr/bin/git config --global --add safe.directory /home/runner/work/keycloak/keycloak
Status Check - Keycloak Operator CI	UNKNOWN STEP	2025-11-12T16:36:33.6644202Z [command]/usr/bin/git config --local --name-only --get-regexp core\.sshCommand
Status Check - Keycloak Operator CI	UNKNOWN STEP	2025-11-12T16:36:33.6675317Z [command]/usr/bin/git submodule foreach --recursive sh -c "git config --local --name-only --get-regexp 'core\.sshCommand' && git config --local --unset-all 'core.sshCommand' || :"
Status Check - Keycloak Operator CI	UNKNOWN STEP	2025-11-12T16:36:33.6919764Z [command]/usr/bin/git config --local --name-only --get-regexp http\.https\:\/\/github\.com\/\.extraheader
Status Check - Keycloak Operator CI	UNKNOWN STEP	2025-11-12T16:36:33.6966122Z http.https://github.com/.extraheader
Status Check - Keycloak Operator CI	UNKNOWN STEP	2025-11-12T16:36:33.6975123Z [command]/usr/bin/git config --local --unset-all http.https://github.com/.extraheader
Status Check - Keycloak Operator CI	UNKNOWN STEP	2025-11-12T16:36:33.7003588Z [command]/usr/bin/git submodule foreach --recursive sh -c "git config --local --name-only --get-regexp 'http\.https\:\/\/github\.com\/\.extraheader' && git config --local --unset-all 'http.https://github.com/.extraheader' || :"
Status Check - Keycloak Operator CI	UNKNOWN STEP	2025-11-12T16:36:33.7350406Z Cleaning up orphan processes
