Admin UI E2E (3, chrome)	Run Cypress	2025-03-05T14:49:22.4231887Z ##[group]Run cypress-io/github-action@v6
Admin UI E2E (3, chrome)	Run Cypress	2025-03-05T14:49:22.4232381Z with:
Admin UI E2E (3, chrome)	Run Cypress	2025-03-05T14:49:22.4232962Z   install: false
Admin UI E2E (3, chrome)	Run Cypress	2025-03-05T14:49:22.4233308Z   browser: chrome
Admin UI E2E (3, chrome)	Run Cypress	2025-03-05T14:49:22.4233711Z   wait-on: http://localhost:8080
Admin UI E2E (3, chrome)	Run Cypress	2025-03-05T14:49:22.4234177Z   working-directory: js/apps/admin-ui
Admin UI E2E (3, chrome)	Run Cypress	2025-03-05T14:49:22.4234611Z   record: false
Admin UI E2E (3, chrome)	Run Cypress	2025-03-05T14:49:22.4234959Z   publish-summary: true
Admin UI E2E (3, chrome)	Run Cypress	2025-03-05T14:49:22.4235340Z   component: false
Admin UI E2E (3, chrome)	Run Cypress	2025-03-05T14:49:22.4235672Z env:
Admin UI E2E (3, chrome)	Run Cypress	2025-03-05T14:49:22.4236118Z   MAVEN_ARGS: -B -nsu -Daether.connector.http.connectionMaxTtl=25
Admin UI E2E (3, chrome)	Run Cypress	2025-03-05T14:49:22.4236662Z   RETRY_COUNT: 3
Admin UI E2E (3, chrome)	Run Cypress	2025-03-05T14:49:22.4237020Z   WORKSPACE: keycloak-admin-ui
Admin UI E2E (3, chrome)	Run Cypress	2025-03-05T14:49:22.4237594Z   JAVA_HOME: /opt/hostedtoolcache/Java_Temurin-Hotspot_jdk/21.0.6-7/x64
Admin UI E2E (3, chrome)	Run Cypress	2025-03-05T14:49:22.4238379Z   JAVA_HOME_21_X64: /opt/hostedtoolcache/Java_Temurin-Hotspot_jdk/21.0.6-7/x64
Admin UI E2E (3, chrome)	Run Cypress	2025-03-05T14:49:22.4238995Z   SPLIT: 5
Admin UI E2E (3, chrome)	Run Cypress	2025-03-05T14:49:22.4239291Z   SPLIT_INDEX: 2
Admin UI E2E (3, chrome)	Run Cypress	2025-03-05T14:49:22.4239627Z   SPLIT_RANDOM_SEED: 35
Admin UI E2E (3, chrome)	Run Cypress	2025-03-05T14:49:22.4240035Z ##[endgroup]
Admin UI E2E (3, chrome)	Run Cypress	2025-03-05T14:49:22.6086508Z Skipping install because install parameter is false
Admin UI E2E (3, chrome)	Run Cypress	2025-03-05T14:49:22.6096699Z waiting on "http://localhost:8080" with timeout of 60 seconds
Admin UI E2E (3, chrome)	Run Cypress	2025-03-05T14:49:45.6628396Z It looks like this is your first time using Cypress: 14.1.0
Admin UI E2E (3, chrome)	Run Cypress	2025-03-05T14:49:45.6628972Z 
Admin UI E2E (3, chrome)	Run Cypress	2025-03-05T14:49:45.6651670Z [STARTED] Task without title.
Admin UI E2E (3, chrome)	Run Cypress	2025-03-05T14:49:48.0891123Z [SUCCESS] Task without title.
Admin UI E2E (3, chrome)	Run Cypress	2025-03-05T14:49:48.0894717Z 
Admin UI E2E (3, chrome)	Run Cypress	2025-03-05T14:49:48.0895186Z Opening Cypress...
Admin UI E2E (3, chrome)	Run Cypress	2025-03-05T14:49:48.6818703Z 
Admin UI E2E (3, chrome)	Run Cypress	2025-03-05T14:49:48.6820467Z DevTools listening on ws://127.0.0.1:33131/devtools/browser/1c997c04-63f1-4a85-91f3-61a39f078745
Admin UI E2E (3, chrome)	Run Cypress	2025-03-05T14:49:49.2923184Z (node:2793) ExperimentalWarning: `--experimental-loader` may be removed in the future; instead use `register()`:
Admin UI E2E (3, chrome)	Run Cypress	2025-03-05T14:49:49.2924769Z --import 'data:text/javascript,import { register } from "node:module"; import { pathToFileURL } from "node:url"; register("file%3A///home/runner/.cache/Cypress/14.1.0/Cypress/resources/app/node_modules/ts-node/esm/transpile-only.mjs", pathToFileURL("./"));'
Admin UI E2E (3, chrome)	Run Cypress	2025-03-05T14:49:49.2925935Z (Use `node --trace-warnings ...` to show where the warning was created)
Admin UI E2E (3, chrome)	Run Cypress	2025-03-05T14:50:00.0008459Z cypress-split: there are 41 found specs
Admin UI E2E (3, chrome)	Run Cypress	2025-03-05T14:50:00.0010799Z the first 5 specs
Admin UI E2E (3, chrome)	Run Cypress	2025-03-05T14:50:00.0012041Z - 1: /home/runner/work/keycloak/keycloak/js/apps/admin-ui/cypress/e2e/realm_user_registration.spec.ts
Admin UI E2E (3, chrome)	Run Cypress	2025-03-05T14:50:00.0013844Z - 2: /home/runner/work/keycloak/keycloak/js/apps/admin-ui/cypress/e2e/realm_test.spec.ts
Admin UI E2E (3, chrome)	Run Cypress	2025-03-05T14:50:00.0015332Z - 3: /home/runner/work/keycloak/keycloak/js/apps/admin-ui/cypress/e2e/user_fed_test.spec.ts
Admin UI E2E (3, chrome)	Run Cypress	2025-03-05T14:50:00.0016969Z - 4: /home/runner/work/keycloak/keycloak/js/apps/admin-ui/cypress/e2e/authentication_test.spec.ts
Admin UI E2E (3, chrome)	Run Cypress	2025-03-05T14:50:00.0018689Z - 5: /home/runner/work/keycloak/keycloak/js/apps/admin-ui/cypress/e2e/realm_settings_events_test.spec.ts
Admin UI E2E (3, chrome)	Run Cypress	2025-03-05T14:50:00.0019874Z cypress-split: chunk 3 of 5
Admin UI E2E (3, chrome)	Run Cypress	2025-03-05T14:50:00.0028473Z k  spec                                                   
Admin UI E2E (3, chrome)	Run Cypress	2025-03-05T14:50:00.0029347Z -  -------------------------------------------------------
Admin UI E2E (3, chrome)	Run Cypress	2025-03-05T14:50:00.0030759Z 1  cypress/e2e/partial_import_test.spec.ts                
Admin UI E2E (3, chrome)	Run Cypress	2025-03-05T14:50:00.0031751Z 2  cypress/e2e/client_scopes_test.spec.ts                 
Admin UI E2E (3, chrome)	Run Cypress	2025-03-05T14:50:00.0032982Z 3  cypress/e2e/user_fed_ldap_hardcoded_mapper_test.spec.ts
Admin UI E2E (3, chrome)	Run Cypress	2025-03-05T14:50:00.0033992Z 4  cypress/e2e/organization.spec.ts                       
Admin UI E2E (3, chrome)	Run Cypress	2025-03-05T14:50:00.0034957Z 5  cypress/e2e/sessions_test.spec.ts                      
Admin UI E2E (3, chrome)	Run Cypress	2025-03-05T14:50:00.0035907Z 6  cypress/e2e/realm_settings_tabs_test.spec.ts           
Admin UI E2E (3, chrome)	Run Cypress	2025-03-05T14:50:00.0036872Z 7  cypress/e2e/realm_settings_general_tab_test.spec.ts    
Admin UI E2E (3, chrome)	Run Cypress	2025-03-05T14:50:00.0037833Z 8  cypress/e2e/clients_role.spec.ts                       
Admin UI E2E (3, chrome)	Run Cypress	2025-03-05T14:50:00.0038377Z 
Admin UI E2E (3, chrome)	Run Cypress	2025-03-05T14:50:00.8257536Z 
Admin UI E2E (3, chrome)	Run Cypress	2025-03-05T14:50:00.8973811Z [90m====================================================================================================[39m
Admin UI E2E (3, chrome)	Run Cypress	2025-03-05T14:50:00.8974593Z 
Admin UI E2E (3, chrome)	Run Cypress	2025-03-05T14:50:00.8975392Z [0m  ([4m[1mRun Starting[22m[24m)[0m
Admin UI E2E (3, chrome)	Run Cypress	2025-03-05T14:50:00.8975753Z 
Admin UI E2E (3, chrome)	Run Cypress	2025-03-05T14:50:00.9050145Z [90m  â”Œ[39m[90mâ”€[39m[90mâ”€[39m[90mâ”€[39m[90mâ”€[39m[90mâ”€[39m[90mâ”€[39m[90mâ”€[39m[90mâ”€[39m[90mâ”€[39m[90mâ”€[39m[90mâ”€[39m[90mâ”€[39m[90mâ”€[39m[90mâ”€[39m[90mâ”€[39m[90mâ”€[39m[90mâ”€[39m[90mâ”€[39m[90mâ”€[39m[90mâ”€[39m[90mâ”€[39m[90mâ”€[39m[90mâ”€[39m[90mâ”€[39m[90mâ”€[39m[90mâ”€[39m[90mâ”€[39m[90mâ”€[39m[90mâ”€[39m[90mâ”€[39m[90mâ”€[39m[90mâ”€[39m[90mâ”€[39m[90mâ”€[39m[90mâ”€[39m[90mâ”€[39m[90mâ”€[39m[90mâ”€[39m[90mâ”€[39m[90mâ”€[39m[90mâ”€[39m[90mâ”€[39m[90mâ”€[39m[90mâ”€[39m[90mâ”€[39m[90mâ”€[39m[90mâ”€[39m[90mâ”€[39m[90mâ”€[39m[90mâ”€[39m[90mâ”€[39m[90mâ”€[39m[90mâ”€[39m[90mâ”€[39m[90mâ”€[39m[90mâ”€[39m[90mâ”€[39m[90mâ”€[39m[90mâ”€[39m[90mâ”€[39m[90mâ”€[39m[90mâ”€[39m[90mâ”€[39m[90mâ”€[39m[90mâ”€[39m[90mâ”€[39m[90mâ”€[39m[90mâ”€[39m[90mâ”€[39m[90mâ”€[39m[90mâ”€[39m[90mâ”€[39m[90mâ”€[39m[90mâ”€[39m[90mâ”€[39m[90mâ”€[39m[90mâ”€[39m[90mâ”€[39m[90mâ”€[39m[90mâ”€[39m[90mâ”€[39m[90mâ”€[39m[90mâ”€[39m[90mâ”€[39m[90mâ”€[39m[90mâ”€[39m[90mâ”€[39m[90mâ”€[39m[90mâ”€[39m[90mâ”€[39m[90mâ”€[39m[90mâ”€[39m[90mâ”€[39m[90mâ”€[39m[90mâ”€[39m[90mâ”€[39m[90mâ”[39m
Admin UI E2E (3, chrome)	Run Cypress	2025-03-05T14:50:00.9054013Z [90m  â”‚[39m [90mCypress:[39m        14.1.0                                                                         [90mâ”‚[39m
Admin UI E2E (3, chrome)	Run Cypress	2025-03-05T14:50:00.9055040Z [90m  â”‚[39m [90mBrowser:[39m        Chrome 134 [90m(headless)[39m                                                          [90mâ”‚[39m
Admin UI E2E (3, chrome)	Run Cypress	2025-03-05T14:50:00.9056548Z [90m  â”‚[39m [90mNode Version:[39m   [0mv20.18.0 [90m(/home/runner/runners/2.322.0/externals/node20/bin/node)[39m[0m              [90mâ”‚[39m
Admin UI E2E (3, chrome)	Run Cypress	2025-03-05T14:50:00.9057673Z [90m  â”‚[39m [90mSpecs:[39m          [0m8 found (partial_import_test.spec.ts, client_scopes_test.spec.ts, user_fed_lda[0m [90mâ”‚[39m
Admin UI E2E (3, chrome)	Run Cypress	2025-03-05T14:50:00.9058676Z [90m  â”‚[39m                 [0mp_hardcoded_mapper_test.spec.ts, organization.spec.ts, sessions_test.spec.ts, [0m [90mâ”‚[39m
Admin UI E2E (3, chrome)	Run Cypress	2025-03-05T14:50:00.9059631Z [90m  â”‚[39m                 [0mrealm_settings_tabs_test.spec.ts, realm_settings_general_tab_test.spec.ts, cli[0m [90mâ”‚[39m
Admin UI E2E (3, chrome)	Run Cypress	2025-03-05T14:50:00.9060906Z [90m  â”‚[39m                 [0ments_role.spec.ts)[0m                                                             [90mâ”‚[39m
Admin UI E2E (3, chrome)	Run Cypress	2025-03-05T14:50:00.9061908Z [90m  â”‚[39m [90mSearched:[39m       [0mcypress/e2e/partial_import_test.spec.ts, cypress/e2e/client_scopes_test.spec.t[0m [90mâ”‚[39m
Admin UI E2E (3, chrome)	Run Cypress	2025-03-05T14:50:00.9076884Z [90m  â”‚[39m                 [0ms, cypress/e2e/user_fed_ldap_hardcoded_mapper_test.spec.ts, cypress/e2e/organi[0m [90mâ”‚[39m
Admin UI E2E (3, chrome)	Run Cypress	2025-03-05T14:50:00.9077859Z [90m  â”‚[39m                 [0mzation.spec.ts, cypress/e2e/sessions_test.spec.ts, cypress/e2e/realm_settings_[0m [90mâ”‚[39m
Admin UI E2E (3, chrome)	Run Cypress	2025-03-05T14:50:00.9078755Z [90m  â”‚[39m                 [0mtabs_test.spec.ts, cypress/e2e/realm_settings_general_tab_test.spec.ts, cypres[0m [90mâ”‚[39m
Admin UI E2E (3, chrome)	Run Cypress	2025-03-05T14:50:00.9079581Z [90m  â”‚[39m                 [0ms/e2e/clients_role.spec.ts[0m                                                     [90mâ”‚[39m
Admin UI E2E (3, chrome)	Run Cypress	2025-03-05T14:50:00.9080703Z [90m  â”‚[39m [90mExperiments:[39m    experimentalMemoryManagement=true                                              [90mâ”‚[39m
Admin UI E2E (3, chrome)	Run Cypress	2025-03-05T14:50:00.9085115Z [90m  â””[39m[90mâ”€[39m[90mâ”€[39m[90mâ”€[39m[90mâ”€[39m[90mâ”€[39m[90mâ”€[39m[90mâ”€[39m[90mâ”€[39m[90mâ”€[39m[90mâ”€[39m[90mâ”€[39m[90mâ”€[39m[90mâ”€[39m[90mâ”€[39m[90mâ”€[39m[90mâ”€[39m[90mâ”€[39m[90mâ”€[39m[90mâ”€[39m[90mâ”€[39m[90mâ”€[39m[90mâ”€[39m[90mâ”€[39m[90mâ”€[39m[90mâ”€[39m[90mâ”€[39m[90mâ”€[39m[90mâ”€[39m[90mâ”€[39m[90mâ”€[39m[90mâ”€[39m[90mâ”€[39m[90mâ”€[39m[90mâ”€[39m[90mâ”€[39m[90mâ”€[39m[90mâ”€[39m[90mâ”€[39m[90mâ”€[39m[90mâ”€[39m[90mâ”€[39m[90mâ”€[39m[90mâ”€[39m[90mâ”€[39m[90mâ”€[39m[90mâ”€[39m[90mâ”€[39m[90mâ”€[39m[90mâ”€[39m[90mâ”€[39m[90mâ”€[39m[90mâ”€[39m[90mâ”€[39m[90mâ”€[39m[90mâ”€[39m[90mâ”€[39m[90mâ”€[39m[90mâ”€[39m[90mâ”€[39m[90mâ”€[39m[90mâ”€[39m[90mâ”€[39m[90mâ”€[39m[90mâ”€[39m[90mâ”€[39m[90mâ”€[39m[90mâ”€[39m[90mâ”€[39m[90mâ”€[39m[90mâ”€[39m[90mâ”€[39m[90mâ”€[39m[90mâ”€[39m[90mâ”€[39m[90mâ”€[39m[90mâ”€[39m[90mâ”€[39m[90mâ”€[39m[90mâ”€[39m[90mâ”€[39m[90mâ”€[39m[90mâ”€[39m[90mâ”€[39m[90mâ”€[39m[90mâ”€[39m[90mâ”€[39m[90mâ”€[39m[90mâ”€[39m[90mâ”€[39m[90mâ”€[39m[90mâ”€[39m[90mâ”€[39m[90mâ”€[39m[90mâ”€[39m[90mâ”€[39m[90mâ”€[39m[90mâ”˜[39m
Admin UI E2E (3, chrome)	Run Cypress	2025-03-05T14:50:00.9087583Z 
Admin UI E2E (3, chrome)	Run Cypress	2025-03-05T14:50:00.9087881Z 
Admin UI E2E (3, chrome)	Run Cypress	2025-03-05T14:50:00.9091473Z [90mâ”€[39m[90mâ”€[39m[90mâ”€[39m[90mâ”€[39m[90mâ”€[39m[90mâ”€[39m[90mâ”€[39m[90mâ”€[39m[90mâ”€[39m[90mâ”€[39m[90mâ”€[39m[90mâ”€[39m[90mâ”€[39m[90mâ”€[39m[90mâ”€[39m[90mâ”€[39m[90mâ”€[39m[90mâ”€[39m[90mâ”€[39m[90mâ”€[39m[90mâ”€[39m[90mâ”€[39m[90mâ”€[39m[90mâ”€[39m[90mâ”€[39m[90mâ”€[39m[90mâ”€[39m[90mâ”€[39m[90mâ”€[39m[90mâ”€[39m[90mâ”€[39m[90mâ”€[39m[90mâ”€[39m[90mâ”€[39m[90mâ”€[39m[90mâ”€[39m[90mâ”€[39m[90mâ”€[39m[90mâ”€[39m[90mâ”€[39m[90mâ”€[39m[90mâ”€[39m[90mâ”€[39m[90mâ”€[39m[90mâ”€[39m[90mâ”€[39m[90mâ”€[39m[90mâ”€[39m[90mâ”€[39m[90mâ”€[39m[90mâ”€[39m[90mâ”€[39m[90mâ”€[39m[90mâ”€[39m[90mâ”€[39m[90mâ”€[39m[90mâ”€[39m[90mâ”€[39m[90mâ”€[39m[90mâ”€[39m[90mâ”€[39m[90mâ”€[39m[90mâ”€[39m[90mâ”€[39m[90mâ”€[39m[90mâ”€[39m[90mâ”€[39m[90mâ”€[39m[90mâ”€[39m[90mâ”€[39m[90mâ”€[39m[90mâ”€[39m[90mâ”€[39m[90mâ”€[39m[90mâ”€[39m[90mâ”€[39m[90mâ”€[39m[90mâ”€[39m[90mâ”€[39m[90mâ”€[39m[90mâ”€[39m[90mâ”€[39m[90mâ”€[39m[90mâ”€[39m[90mâ”€[39m[90mâ”€[39m[90mâ”€[39m[90mâ”€[39m[90mâ”€[39m[90mâ”€[39m[90mâ”€[39m[90mâ”€[39m[90mâ”€[39m[90mâ”€[39m[90mâ”€[39m[90mâ”€[39m[90mâ”€[39m[90mâ”€[39m[90mâ”€[39m[90mâ”€[39m
Admin UI E2E (3, chrome)	Run Cypress	2025-03-05T14:50:00.9094093Z                                                                                                     
Admin UI E2E (3, chrome)	Run Cypress	2025-03-05T14:50:00.9094774Z   Running:  [90mpartial_import_test.spec.ts[39m                                                     [90m(1 of 8)[39m
Admin UI E2E (3, chrome)	Run Cypress	2025-03-05T14:50:07.9467309Z 
Admin UI E2E (3, chrome)	Run Cypress	2025-03-05T14:50:07.9470919Z [0m[0m
Admin UI E2E (3, chrome)	Run Cypress	2025-03-05T14:50:07.9480910Z [0m  Partial import test[0m
Admin UI E2E (3, chrome)	Run Cypress	2025-03-05T14:50:19.0905937Z   [32m  âœ“[0m[90m Opens and closes partial import dialog[0m[90m (11134ms)[0m
Admin UI E2E (3, chrome)	Run Cypress	2025-03-05T14:50:22.1356987Z   [32m  âœ“[0m[90m Import button only enabled if JSON has something to import[0m[90m (3005ms)[0m
Admin UI E2E (3, chrome)	Run Cypress	2025-03-05T14:50:26.3213349Z   [32m  âœ“[0m[90m Displays user options after multi-realm import[0m[90m (4149ms)[0m
Admin UI E2E (3, chrome)	Run Cypress	2025-03-05T14:50:30.3314840Z   [32m  âœ“[0m[90m Displays user options after realmless import and does the import[0m[90m (3963ms)[0m
Admin UI E2E (3, chrome)	Run Cypress	2025-03-05T14:50:35.1329449Z   [32m  âœ“[0m[90m Should clear the input with the button[0m[90m (3065ms)[0m
Admin UI E2E (3, chrome)	Run Cypress	2025-03-05T14:50:35.1330680Z 
Admin UI E2E (3, chrome)	Run Cypress	2025-03-05T14:50:35.2008995Z 
Admin UI E2E (3, chrome)	Run Cypress	2025-03-05T14:50:35.2010489Z [92m [0m[32m 5 passing[0m[90m (27s)[0m
Admin UI E2E (3, chrome)	Run Cypress	2025-03-05T14:50:35.2010909Z 
Admin UI E2E (3, chrome)	Run Cypress	2025-03-05T14:50:36.2979263Z 
Admin UI E2E (3, chrome)	Run Cypress	2025-03-05T14:50:36.2981428Z [32m  ([4m[1mResults[22m[24m)[39m
Admin UI E2E (3, chrome)	Run Cypress	2025-03-05T14:50:36.2998642Z 
Admin UI E2E (3, chrome)	Run Cypress	2025-03-05T14:50:36.3016857Z [90m  â”Œ[39m[90mâ”€[39m[90mâ”€[39m[90mâ”€[39m[90mâ”€[39m[90mâ”€[39m[90mâ”€[39m[90mâ”€[39m[90mâ”€[39m[90mâ”€[39m[90mâ”€[39m[90mâ”€[39m[90mâ”€[39m[90mâ”€[39m[90mâ”€[39m[90mâ”€[39m[90mâ”€[39m[90mâ”€[39m[90mâ”€[39m[90mâ”€[39m[90mâ”€[39m[90mâ”€[39m[90mâ”€[39m[90mâ”€[39m[90mâ”€[39m[90mâ”€[39m[90mâ”€[39m[90mâ”€[39m[90mâ”€[39m[90mâ”€[39m[90mâ”€[39m[90mâ”€[39m[90mâ”€[39m[90mâ”€[39m[90mâ”€[39m[90mâ”€[39m[90mâ”€[39m[90mâ”€[39m[90mâ”€[39m[90mâ”€[39m[90mâ”€[39m[90mâ”€[39m[90mâ”€[39m[90mâ”€[39m[90mâ”€[39m[90mâ”€[39m[90mâ”€[39m[90mâ”€[39m[90mâ”€[39m[90mâ”€[39m[90mâ”€[39m[90mâ”€[39m[90mâ”€[39m[90mâ”€[39m[90mâ”€[39m[90mâ”€[39m[90mâ”€[39m[90mâ”€[39m[90mâ”€[39m[90mâ”€[39m[90mâ”€[39m[90mâ”€[39m[90mâ”€[39m[90mâ”€[39m[90mâ”€[39m[90mâ”€[39m[90mâ”€[39m[90mâ”€[39m[90mâ”€[39m[90mâ”€[39m[90mâ”€[39m[90mâ”€[39m[90mâ”€[39m[90mâ”€[39m[90mâ”€[39m[90mâ”€[39m[90mâ”€[39m[90mâ”€[39m[90mâ”€[39m[90mâ”€[39m[90mâ”€[39m[90mâ”€[39m[90mâ”€[39m[90mâ”€[39m[90mâ”€[39m[90mâ”€[39m[90mâ”€[39m[90mâ”€[39m[90mâ”€[39m[90mâ”€[39m[90mâ”€[39m[90mâ”€[39m[90mâ”€[39m[90mâ”€[39m[90mâ”€[39m[90mâ”€[39m[90mâ”€[39m[90mâ”[39m
Admin UI E2E (3, chrome)	Run Cypress	2025-03-05T14:50:36.3021697Z [90m  â”‚[39m [90mTests:[39m        [32m5[39m                                                                                [90mâ”‚[39m
Admin UI E2E (3, chrome)	Run Cypress	2025-03-05T14:50:36.3023449Z [90m  â”‚[39m [90mPassing:[39m      [32m5[39m                                                                                [90mâ”‚[39m
Admin UI E2E (3, chrome)	Run Cypress	2025-03-05T14:50:36.3024740Z [90m  â”‚[39m [90mFailing:[39m      [32m0[39m                                                                                [90mâ”‚[39m
Admin UI E2E (3, chrome)	Run Cypress	2025-03-05T14:50:36.3025898Z [90m  â”‚[39m [90mPending:[39m      [32m0[39m                                                                                [90mâ”‚[39m
Admin UI E2E (3, chrome)	Run Cypress	2025-03-05T14:50:36.3027025Z [90m  â”‚[39m [90mSkipped:[39m      [32m0[39m                                                                                [90mâ”‚[39m
Admin UI E2E (3, chrome)	Run Cypress	2025-03-05T14:50:36.3028201Z [90m  â”‚[39m [90mScreenshots:[39m  [32m0[39m                                                                                [90mâ”‚[39m
Admin UI E2E (3, chrome)	Run Cypress	2025-03-05T14:50:36.3029412Z [90m  â”‚[39m [90mVideo:[39m        [32mfalse[39m                                                                            [90mâ”‚[39m
Admin UI E2E (3, chrome)	Run Cypress	2025-03-05T14:50:36.3030636Z [90m  â”‚[39m [90mDuration:[39m     [32m27 seconds[39m                                                                       [90mâ”‚[39m
Admin UI E2E (3, chrome)	Run Cypress	2025-03-05T14:50:36.3032027Z [90m  â”‚[39m [90mSpec Ran:[39m     [32m[32mpartial_import_test.spec.ts[32m[39m                                                      [90mâ”‚[39m
Admin UI E2E (3, chrome)	Run Cypress	2025-03-05T14:50:36.3049200Z [90m  â””[39m[90mâ”€[39m[90mâ”€[39m[90mâ”€[39m[90mâ”€[39m[90mâ”€[39m[90mâ”€[39m[90mâ”€[39m[90mâ”€[39m[90mâ”€[39m[90mâ”€[39m[90mâ”€[39m[90mâ”€[39m[90mâ”€[39m[90mâ”€[39m[90mâ”€[39m[90mâ”€[39m[90mâ”€[39m[90mâ”€[39m[90mâ”€[39m[90mâ”€[39m[90mâ”€[39m[90mâ”€[39m[90mâ”€[39m[90mâ”€[39m[90mâ”€[39m[90mâ”€[39m[90mâ”€[39m[90mâ”€[39m[90mâ”€[39m[90mâ”€[39m[90mâ”€[39m[90mâ”€[39m[90mâ”€[39m[90mâ”€[39m[90mâ”€[39m[90mâ”€[39m[90mâ”€[39m[90mâ”€[39m[90mâ”€[39m[90mâ”€[39m[90mâ”€[39m[90mâ”€[39m[90mâ”€[39m[90mâ”€[39m[90mâ”€[39m[90mâ”€[39m[90mâ”€[39m[90mâ”€[39m[90mâ”€[39m[90mâ”€[39m[90mâ”€[39m[90mâ”€[39m[90mâ”€[39m[90mâ”€[39m[90mâ”€[39m[90mâ”€[39m[90mâ”€[39m[90mâ”€[39m[90mâ”€[39m[90mâ”€[39m[90mâ”€[39m[90mâ”€[39m[90mâ”€[39m[90mâ”€[39m[90mâ”€[39m[90mâ”€[39m[90mâ”€[39m[90mâ”€[39m[90mâ”€[39m[90mâ”€[39m[90mâ”€[39m[90mâ”€[39m[90mâ”€[39m[90mâ”€[39m[90mâ”€[39m[90mâ”€[39m[90mâ”€[39m[90mâ”€[39m[90mâ”€[39m[90mâ”€[39m[90mâ”€[39m[90mâ”€[39m[90mâ”€[39m[90mâ”€[39m[90mâ”€[39m[90mâ”€[39m[90mâ”€[39m[90mâ”€[39m[90mâ”€[39m[90mâ”€[39m[90mâ”€[39m[90mâ”€[39m[90mâ”€[39m[90mâ”€[39m[90mâ”€[39m[90mâ”€[39m[90mâ”˜[39m
Admin UI E2E (3, chrome)	Run Cypress	2025-03-05T14:50:36.3053511Z 
Admin UI E2E (3, chrome)	Run Cypress	2025-03-05T14:50:36.3693598Z 
Admin UI E2E (3, chrome)	Run Cypress	2025-03-05T14:50:36.3701772Z [90mâ”€[39m[90mâ”€[39m[90mâ”€[39m[90mâ”€[39m[90mâ”€[39m[90mâ”€[39m[90mâ”€[39m[90mâ”€[39m[90mâ”€[39m[90mâ”€[39m[90mâ”€[39m[90mâ”€[39m[90mâ”€[39m[90mâ”€[39m[90mâ”€[39m[90mâ”€[39m[90mâ”€[39m[90mâ”€[39m[90mâ”€[39m[90mâ”€[39m[90mâ”€[39m[90mâ”€[39m[90mâ”€[39m[90mâ”€[39m[90mâ”€[39m[90mâ”€[39m[90mâ”€[39m[90mâ”€[39m[90mâ”€[39m[90mâ”€[39m[90mâ”€[39m[90mâ”€[39m[90mâ”€[39m[90mâ”€[39m[90mâ”€[39m[90mâ”€[39m[90mâ”€[39m[90mâ”€[39m[90mâ”€[39m[90mâ”€[39m[90mâ”€[39m[90mâ”€[39m[90mâ”€[39m[90mâ”€[39m[90mâ”€[39m[90mâ”€[39m[90mâ”€[39m[90mâ”€[39m[90mâ”€[39m[90mâ”€[39m[90mâ”€[39m[90mâ”€[39m[90mâ”€[39m[90mâ”€[39m[90mâ”€[39m[90mâ”€[39m[90mâ”€[39m[90mâ”€[39m[90mâ”€[39m[90mâ”€[39m[90mâ”€[39m[90mâ”€[39m[90mâ”€[39m[90mâ”€[39m[90mâ”€[39m[90mâ”€[39m[90mâ”€[39m[90mâ”€[39m[90mâ”€[39m[90mâ”€[39m[90mâ”€[39m[90mâ”€[39m[90mâ”€[39m[90mâ”€[39m[90mâ”€[39m[90mâ”€[39m[90mâ”€[39m[90mâ”€[39m[90mâ”€[39m[90mâ”€[39m[90mâ”€[39m[90mâ”€[39m[90mâ”€[39m[90mâ”€[39m[90mâ”€[39m[90mâ”€[39m[90mâ”€[39m[90mâ”€[39m[90mâ”€[39m[90mâ”€[39m[90mâ”€[39m[90mâ”€[39m[90mâ”€[39m[90mâ”€[39m[90mâ”€[39m[90mâ”€[39m[90mâ”€[39m[90mâ”€[39m[90mâ”€[39m[90mâ”€[39m
Admin UI E2E (3, chrome)	Run Cypress	2025-03-05T14:50:36.3713647Z                                                                                                     
Admin UI E2E (3, chrome)	Run Cypress	2025-03-05T14:50:36.3714774Z   Running:  [90mclient_scopes_test.spec.ts[39m                                                      [90m(2 of 8)[39m
Admin UI E2E (3, chrome)	Run Cypress	2025-03-05T14:50:41.4578732Z 
Admin UI E2E (3, chrome)	Run Cypress	2025-03-05T14:50:41.4579907Z [0m[0m
Admin UI E2E (3, chrome)	Run Cypress	2025-03-05T14:50:41.4606483Z [0m  Client Scopes test[0m
Admin UI E2E (3, chrome)	Run Cypress	2025-03-05T14:50:42.2176927Z [0m    Client Scope filter list items[0m
Admin UI E2E (3, chrome)	Run Cypress	2025-03-05T14:50:48.4574859Z     [32m  âœ“[0m[90m should filter item by name[0m[90m (6904ms)[0m
Admin UI E2E (3, chrome)	Run Cypress	2025-03-05T14:50:51.0139330Z     [32m  âœ“[0m[90m should filter items by Assigned type All types[0m[90m (2451ms)[0m
Admin UI E2E (3, chrome)	Run Cypress	2025-03-05T14:50:53.6463347Z     [32m  âœ“[0m[90m should filter items by Assigned type Default[0m[90m (2532ms)[0m
Admin UI E2E (3, chrome)	Run Cypress	2025-03-05T14:50:56.2266193Z     [32m  âœ“[0m[90m should filter items by Assigned type Optional[0m[90m (2491ms)[0m
Admin UI E2E (3, chrome)	Run Cypress	2025-03-05T14:50:59.0362847Z     [32m  âœ“[0m[90m should filter items by Protocol All[0m[90m (2716ms)[0m
Admin UI E2E (3, chrome)	Run Cypress	2025-03-05T14:51:01.6340289Z     [32m  âœ“[0m[90m should filter items by Protocol SAML[0m[90m (2532ms)[0m
Admin UI E2E (3, chrome)	Run Cypress	2025-03-05T14:51:04.0604510Z     [32m  âœ“[0m[90m should filter items by Protocol OpenID[0m[90m (2356ms)[0m
Admin UI E2E (3, chrome)	Run Cypress	2025-03-05T14:51:06.4993091Z     [32m  âœ“[0m[90m should show items on next page are more than 11[0m[90m (2366ms)[0m
Admin UI E2E (3, chrome)	Run Cypress	2025-03-05T14:51:06.5141513Z [0m    Client Scope modify list items[0m
Admin UI E2E (3, chrome)	Run Cypress	2025-03-05T14:51:08.5523885Z     [32m  âœ“[0m[90m should modify selected item type to Default from search bar[0m[90m (2007ms)[0m
Admin UI E2E (3, chrome)	Run Cypress	2025-03-05T14:51:11.0823155Z     [32m  âœ“[0m[90m should modify selected item type to Optional from search bar[0m[90m (2458ms)[0m
Admin UI E2E (3, chrome)	Run Cypress	2025-03-05T14:51:16.5525235Z     [32m  âœ“[0m[90m should modify item client-scope-test0 AssignedType to Default from item bar[0m[90m (5398ms)[0m
Admin UI E2E (3, chrome)	Run Cypress	2025-03-05T14:51:21.7082010Z     [32m  âœ“[0m[90m should modify item client-scope-test0 AssignedType to Optional from item bar[0m[90m (5072ms)[0m
Admin UI E2E (3, chrome)	Run Cypress	2025-03-05T14:51:27.2301459Z     [32m  âœ“[0m[90m should modify item client-scope-test0 AssignedType to None from item bar[0m[90m (5435ms)[0m
Admin UI E2E (3, chrome)	Run Cypress	2025-03-05T14:51:29.8460327Z     [32m  âœ“[0m[90m should not allow to modify item AssignedType from search bar when no item selected[0m[90m (2568ms)[0m
Admin UI E2E (3, chrome)	Run Cypress	2025-03-05T14:51:29.8562334Z [0m    Client Scope delete list items [0m
Admin UI E2E (3, chrome)	Run Cypress	2025-03-05T14:51:32.4939542Z     [32m  âœ“[0m[90m should delete item from item bar[0m[90m (2572ms)[0m
Admin UI E2E (3, chrome)	Run Cypress	2025-03-05T14:51:34.6888754Z     [32m  âœ“[0m[90m should delete selected item from search bar[0m[90m (2153ms)[0m
Admin UI E2E (3, chrome)	Run Cypress	2025-03-05T14:51:37.6919305Z     [32m  âœ“[0m[90m should delete multiple selected items from search bar[0m[90m (2931ms)[0m
Admin UI E2E (3, chrome)	Run Cypress	2025-03-05T14:51:37.7074562Z [0m    Client Scope creation[0m
Admin UI E2E (3, chrome)	Run Cypress	2025-03-05T14:51:40.1902101Z     [32m  âœ“[0m[90m should fail creating client scope[0m[90m (2455ms)[0m
Admin UI E2E (3, chrome)	Run Cypress	2025-03-05T14:51:42.1732624Z     [32m  âœ“[0m[90m hides 'consent text' field when 'display consent' switch is disabled[0m[90m (1954ms)[0m
Admin UI E2E (3, chrome)	Run Cypress	2025-03-05T14:51:46.6283493Z     [32m  âœ“[0m[90m Client scope CRUD test[0m[90m (4414ms)[0m
Admin UI E2E (3, chrome)	Run Cypress	2025-03-05T14:51:46.6439766Z [0m    Scope tab test[0m
Admin UI E2E (3, chrome)	Run Cypress	2025-03-05T14:51:50.6278006Z     [32m  âœ“[0m[90m Assign and unassign role[0m[90m (3908ms)[0m
Admin UI E2E (3, chrome)	Run Cypress	2025-03-05T14:51:50.6913142Z [0m    Mappers tab test[0m
Admin UI E2E (3, chrome)	Run Cypress	2025-03-05T14:51:59.6992093Z     [32m  âœ“[0m[90m CRUD mappers[0m[90m (8939ms)[0m
Admin UI E2E (3, chrome)	Run Cypress	2025-03-05T14:51:59.7108353Z [0m    Accessibility tests for client scopes[0m
Admin UI E2E (3, chrome)	Run Cypress	2025-03-05T14:52:02.1708397Z     [32m  âœ“[0m[90m Check a11y violations on load/ client scopes[0m[90m (2446ms)[0m
Admin UI E2E (3, chrome)	Run Cypress	2025-03-05T14:52:04.6972364Z     [32m  âœ“[0m[90m Check a11y violations on empty client scope[0m[90m (2492ms)[0m
Admin UI E2E (3, chrome)	Run Cypress	2025-03-05T14:52:13.1438979Z       [33m(Attempt 1 of 4)[0m Check a11y violations on client scope details
Admin UI E2E (3, chrome)	Run Cypress	2025-03-05T14:52:47.8955121Z       [33m(Attempt 2 of 4)[0m Check a11y violations on client scope details
Admin UI E2E (3, chrome)	Run Cypress	2025-03-05T14:53:22.6464302Z       [33m(Attempt 3 of 4)[0m Check a11y violations on client scope details
Admin UI E2E (3, chrome)	Run Cypress	2025-03-05T14:53:57.9462390Z     [31m  1) Check a11y violations on client scope details[0m
Admin UI E2E (3, chrome)	Run Cypress	2025-03-05T14:53:58.8164658Z 
Admin UI E2E (3, chrome)	Run Cypress	2025-03-05T14:53:58.8697590Z 
Admin UI E2E (3, chrome)	Run Cypress	2025-03-05T14:53:58.8702674Z [92m [0m[32m 24 passing[0m[90m (3m)[0m
Admin UI E2E (3, chrome)	Run Cypress	2025-03-05T14:53:58.8704760Z [31m  1 failing[0m
Admin UI E2E (3, chrome)	Run Cypress	2025-03-05T14:53:58.8706967Z 
Admin UI E2E (3, chrome)	Run Cypress	2025-03-05T14:53:58.8707395Z [0m  1) Client Scopes test
Admin UI E2E (3, chrome)	Run Cypress	2025-03-05T14:53:58.8708240Z        Accessibility tests for client scopes
Admin UI E2E (3, chrome)	Run Cypress	2025-03-05T14:53:58.8709031Z          Check a11y violations on client scope details:
Admin UI E2E (3, chrome)	Run Cypress	2025-03-05T14:53:58.8714908Z [0m[31m     AssertionError: Timed out retrying after 30000ms: Expected to find element: `.pf-v5-c-tabs `, but never found it.[0m[90m
Admin UI E2E (3, chrome)	Run Cypress	2025-03-05T14:53:58.8716480Z       at TabPage._TabPage_getTab (webpack://@keycloak/keycloak-admin-ui/./cypress/support/pages/admin-ui/components/TabPage.ts:36:0)
Admin UI E2E (3, chrome)	Run Cypress	2025-03-05T14:53:58.8717670Z       at TabPage.clickTab (webpack://@keycloak/keycloak-admin-ui/./cypress/support/pages/admin-ui/components/TabPage.ts:16:0)
Admin UI E2E (3, chrome)	Run Cypress	2025-03-05T14:53:58.8718841Z       at ClientScopeDetailsPage.goToMappersTab (webpack://@keycloak/keycloak-admin-ui/./cypress/support/pages/admin-ui/manage/client_scopes/client_scope_details/ClientScopeDetailsPage.ts:29:0)
Admin UI E2E (3, chrome)	Run Cypress	2025-03-05T14:53:58.8719888Z       at Context.eval (webpack://@keycloak/keycloak-admin-ui/./cypress/e2e/client_scopes_test.spec.ts:379:0)
Admin UI E2E (3, chrome)	Run Cypress	2025-03-05T14:53:58.8720357Z [0m
Admin UI E2E (3, chrome)	Run Cypress	2025-03-05T14:53:58.8720460Z 
Admin UI E2E (3, chrome)	Run Cypress	2025-03-05T14:53:58.8720468Z 
Admin UI E2E (3, chrome)	Run Cypress	2025-03-05T14:53:59.8903900Z 
Admin UI E2E (3, chrome)	Run Cypress	2025-03-05T14:53:59.8905170Z [31m  ([4m[1mResults[22m[24m)[39m
Admin UI E2E (3, chrome)	Run Cypress	2025-03-05T14:53:59.8921938Z 
Admin UI E2E (3, chrome)	Run Cypress	2025-03-05T14:53:59.8934445Z [90m  â”Œ[39m[90mâ”€[39m[90mâ”€[39m[90mâ”€[39m[90mâ”€[39m[90mâ”€[39m[90mâ”€[39m[90mâ”€[39m[90mâ”€[39m[90mâ”€[39m[90mâ”€[39m[90mâ”€[39m[90mâ”€[39m[90mâ”€[39m[90mâ”€[39m[90mâ”€[39m[90mâ”€[39m[90mâ”€[39m[90mâ”€[39m[90mâ”€[39m[90mâ”€[39m[90mâ”€[39m[90mâ”€[39m[90mâ”€[39m[90mâ”€[39m[90mâ”€[39m[90mâ”€[39m[90mâ”€[39m[90mâ”€[39m[90mâ”€[39m[90mâ”€[39m[90mâ”€[39m[90mâ”€[39m[90mâ”€[39m[90mâ”€[39m[90mâ”€[39m[90mâ”€[39m[90mâ”€[39m[90mâ”€[39m[90mâ”€[39m[90mâ”€[39m[90mâ”€[39m[90mâ”€[39m[90mâ”€[39m[90mâ”€[39m[90mâ”€[39m[90mâ”€[39m[90mâ”€[39m[90mâ”€[39m[90mâ”€[39m[90mâ”€[39m[90mâ”€[39m[90mâ”€[39m[90mâ”€[39m[90mâ”€[39m[90mâ”€[39m[90mâ”€[39m[90mâ”€[39m[90mâ”€[39m[90mâ”€[39m[90mâ”€[39m[90mâ”€[39m[90mâ”€[39m[90mâ”€[39m[90mâ”€[39m[90mâ”€[39m[90mâ”€[39m[90mâ”€[39m[90mâ”€[39m[90mâ”€[39m[90mâ”€[39m[90mâ”€[39m[90mâ”€[39m[90mâ”€[39m[90mâ”€[39m[90mâ”€[39m[90mâ”€[39m[90mâ”€[39m[90mâ”€[39m[90mâ”€[39m[90mâ”€[39m[90mâ”€[39m[90mâ”€[39m[90mâ”€[39m[90mâ”€[39m[90mâ”€[39m[90mâ”€[39m[90mâ”€[39m[90mâ”€[39m[90mâ”€[39m[90mâ”€[39m[90mâ”€[39m[90mâ”€[39m[90mâ”€[39m[90mâ”€[39m[90mâ”€[39m[90mâ”€[39m[90mâ”[39m
Admin UI E2E (3, chrome)	Run Cypress	2025-03-05T14:53:59.8937905Z [90m  â”‚[39m [90mTests:[39m        [31m25[39m                                                                               [90mâ”‚[39m
Admin UI E2E (3, chrome)	Run Cypress	2025-03-05T14:53:59.8939143Z [90m  â”‚[39m [90mPassing:[39m      [31m24[39m                                                                               [90mâ”‚[39m
Admin UI E2E (3, chrome)	Run Cypress	2025-03-05T14:53:59.8940422Z [90m  â”‚[39m [90mFailing:[39m      [31m1[39m                                                                                [90mâ”‚[39m
Admin UI E2E (3, chrome)	Run Cypress	2025-03-05T14:53:59.8941696Z [90m  â”‚[39m [90mPending:[39m      [31m0[39m                                                                                [90mâ”‚[39m
Admin UI E2E (3, chrome)	Run Cypress	2025-03-05T14:53:59.8943119Z [90m  â”‚[39m [90mSkipped:[39m      [31m0[39m                                                                                [90mâ”‚[39m
Admin UI E2E (3, chrome)	Run Cypress	2025-03-05T14:53:59.8944727Z [90m  â”‚[39m [90mScreenshots:[39m  [31m4[39m                                                                                [90mâ”‚[39m
Admin UI E2E (3, chrome)	Run Cypress	2025-03-05T14:53:59.8946118Z [90m  â”‚[39m [90mVideo:[39m        [31mtrue[39m                                                                             [90mâ”‚[39m
Admin UI E2E (3, chrome)	Run Cypress	2025-03-05T14:53:59.8947502Z [90m  â”‚[39m [90mDuration:[39m     [31m3 minutes, 17 seconds[39m                                                            [90mâ”‚[39m
Admin UI E2E (3, chrome)	Run Cypress	2025-03-05T14:53:59.8948950Z [90m  â”‚[39m [90mSpec Ran:[39m     [31m[31mclient_scopes_test.spec.ts[31m[39m                                                       [90mâ”‚[39m
Admin UI E2E (3, chrome)	Run Cypress	2025-03-05T14:53:59.8953815Z [90m  â””[39m[90mâ”€[39m[90mâ”€[39m[90mâ”€[39m[90mâ”€[39m[90mâ”€[39m[90mâ”€[39m[90mâ”€[39m[90mâ”€[39m[90mâ”€[39m[90mâ”€[39m[90mâ”€[39m[90mâ”€[39m[90mâ”€[39m[90mâ”€[39m[90mâ”€[39m[90mâ”€[39m[90mâ”€[39m[90mâ”€[39m[90mâ”€[39m[90mâ”€[39m[90mâ”€[39m[90mâ”€[39m[90mâ”€[39m[90mâ”€[39m[90mâ”€[39m[90mâ”€[39m[90mâ”€[39m[90mâ”€[39m[90mâ”€[39m[90mâ”€[39m[90mâ”€[39m[90mâ”€[39m[90mâ”€[39m[90mâ”€[39m[90mâ”€[39m[90mâ”€[39m[90mâ”€[39m[90mâ”€[39m[90mâ”€[39m[90mâ”€[39m[90mâ”€[39m[90mâ”€[39m[90mâ”€[39m[90mâ”€[39m[90mâ”€[39m[90mâ”€[39m[90mâ”€[39m[90mâ”€[39m[90mâ”€[39m[90mâ”€[39m[90mâ”€[39m[90mâ”€[39m[90mâ”€[39m[90mâ”€[39m[90mâ”€[39m[90mâ”€[39m[90mâ”€[39m[90mâ”€[39m[90mâ”€[39m[90mâ”€[39m[90mâ”€[39m[90mâ”€[39m[90mâ”€[39m[90mâ”€[39m[90mâ”€[39m[90mâ”€[39m[90mâ”€[39m[90mâ”€[39m[90mâ”€[39m[90mâ”€[39m[90mâ”€[39m[90mâ”€[39m[90mâ”€[39m[90mâ”€[39m[90mâ”€[39m[90mâ”€[39m[90mâ”€[39m[90mâ”€[39m[90mâ”€[39m[90mâ”€[39m[90mâ”€[39m[90mâ”€[39m[90mâ”€[39m[90mâ”€[39m[90mâ”€[39m[90mâ”€[39m[90mâ”€[39m[90mâ”€[39m[90mâ”€[39m[90mâ”€[39m[90mâ”€[39m[90mâ”€[39m[90mâ”€[39m[90mâ”€[39m[90mâ”€[39m[90mâ”€[39m[90mâ”˜[39m
Admin UI E2E (3, chrome)	Run Cypress	2025-03-05T14:53:59.8955930Z 
Admin UI E2E (3, chrome)	Run Cypress	2025-03-05T14:53:59.8955939Z 
Admin UI E2E (3, chrome)	Run Cypress	2025-03-05T14:53:59.8956169Z [33m  ([4m[1mScreenshots[22m[24m)[39m
Admin UI E2E (3, chrome)	Run Cypress	2025-03-05T14:53:59.8956379Z 
Admin UI E2E (3, chrome)	Run Cypress	2025-03-05T14:53:59.8957457Z [90m [39m -  [0m/home/runner/work/keycloak/keycloak/js/apps/admin-ui/cypress/screenshots/client_[0m     [90m[90m(1280x633)[90m[39m
Admin UI E2E (3, chrome)	Run Cypress	2025-03-05T14:53:59.8958755Z [90m [39m    [0mscopes_test.spec.ts/Client Scopes test -- Accessibility tests for client scopes [0m               
Admin UI E2E (3, chrome)	Run Cypress	2025-03-05T14:53:59.8959600Z [90m [39m    [0m-- Check a11y violations on client scope details (failed).png[0m                                  
Admin UI E2E (3, chrome)	Run Cypress	2025-03-05T14:53:59.8960569Z [90m [39m -  [0m/home/runner/work/keycloak/keycloak/js/apps/admin-ui/cypress/screenshots/client_[0m     [90m[90m(1280x633)[90m[39m
Admin UI E2E (3, chrome)	Run Cypress	2025-03-05T14:53:59.8961518Z [90m [39m    [0mscopes_test.spec.ts/Client Scopes test -- Accessibility tests for client scopes [0m               
Admin UI E2E (3, chrome)	Run Cypress	2025-03-05T14:53:59.8962817Z [90m [39m    [0m-- Check a11y violations on client scope details (failed) (attempt 2).png[0m                      
Admin UI E2E (3, chrome)	Run Cypress	2025-03-05T14:53:59.8964309Z [90m [39m -  [0m/home/runner/work/keycloak/keycloak/js/apps/admin-ui/cypress/screenshots/client_[0m     [90m[90m(1280x633)[90m[39m
Admin UI E2E (3, chrome)	Run Cypress	2025-03-05T14:53:59.8966114Z [90m [39m    [0mscopes_test.spec.ts/Client Scopes test -- Accessibility tests for client scopes [0m               
Admin UI E2E (3, chrome)	Run Cypress	2025-03-05T14:53:59.8967990Z [90m [39m    [0m-- Check a11y violations on client scope details (failed) (attempt 3).png[0m                      
Admin UI E2E (3, chrome)	Run Cypress	2025-03-05T14:53:59.8969544Z [90m [39m -  [0m/home/runner/work/keycloak/keycloak/js/apps/admin-ui/cypress/screenshots/client_[0m     [90m[90m(1280x633)[90m[39m
Admin UI E2E (3, chrome)	Run Cypress	2025-03-05T14:53:59.8970781Z [90m [39m    [0mscopes_test.spec.ts/Client Scopes test -- Accessibility tests for client scopes [0m               
Admin UI E2E (3, chrome)	Run Cypress	2025-03-05T14:53:59.8972232Z [90m [39m    [0m-- Check a11y violations on client scope details (failed) (attempt 4).png[0m                      
Admin UI E2E (3, chrome)	Run Cypress	2025-03-05T14:53:59.8972841Z 
Admin UI E2E (3, chrome)	Run Cypress	2025-03-05T14:53:59.9325009Z 
Admin UI E2E (3, chrome)	Run Cypress	2025-03-05T14:53:59.9326220Z [36m  ([4m[1mVideo[22m[24m)[39m
Admin UI E2E (3, chrome)	Run Cypress	2025-03-05T14:53:59.9326989Z 
Admin UI E2E (3, chrome)	Run Cypress	2025-03-05T14:53:59.9328362Z   -  Video output: [36m/home/runner/work/keycloak/keycloak/js/apps/admin-ui/cypress/videos/client_scopes_test.spec.ts.mp4[39m
Admin UI E2E (3, chrome)	Run Cypress	2025-03-05T14:53:59.9329216Z 
Admin UI E2E (3, chrome)	Run Cypress	2025-03-05T14:53:59.9329228Z 
Admin UI E2E (3, chrome)	Run Cypress	2025-03-05T14:53:59.9341331Z [90mâ”€[39m[90mâ”€[39m[90mâ”€[39m[90mâ”€[39m[90mâ”€[39m[90mâ”€[39m[90mâ”€[39m[90mâ”€[39m[90mâ”€[39m[90mâ”€[39m[90mâ”€[39m[90mâ”€[39m[90mâ”€[39m[90mâ”€[39m[90mâ”€[39m[90mâ”€[39m[90mâ”€[39m[90mâ”€[39m[90mâ”€[39m[90mâ”€[39m[90mâ”€[39m[90mâ”€[39m[90mâ”€[39m[90mâ”€[39m[90mâ”€[39m[90mâ”€[39m[90mâ”€[39m[90mâ”€[39m[90mâ”€[39m[90mâ”€[39m[90mâ”€[39m[90mâ”€[39m[90mâ”€[39m[90mâ”€[39m[90mâ”€[39m[90mâ”€[39m[90mâ”€[39m[90mâ”€[39m[90mâ”€[39m[90mâ”€[39m[90mâ”€[39m[90mâ”€[39m[90mâ”€[39m[90mâ”€[39m[90mâ”€[39m[90mâ”€[39m[90mâ”€[39m[90mâ”€[39m[90mâ”€[39m[90mâ”€[39m[90mâ”€[39m[90mâ”€[39m[90mâ”€[39m[90mâ”€[39m[90mâ”€[39m[90mâ”€[39m[90mâ”€[39m[90mâ”€[39m[90mâ”€[39m[90mâ”€[39m[90mâ”€[39m[90mâ”€[39m[90mâ”€[39m[90mâ”€[39m[90mâ”€[39m[90mâ”€[39m[90mâ”€[39m[90mâ”€[39m[90mâ”€[39m[90mâ”€[39m[90mâ”€[39m[90mâ”€[39m[90mâ”€[39m[90mâ”€[39m[90mâ”€[39m[90mâ”€[39m[90mâ”€[39m[90mâ”€[39m[90mâ”€[39m[90mâ”€[39m[90mâ”€[39m[90mâ”€[39m[90mâ”€[39m[90mâ”€[39m[90mâ”€[39m[90mâ”€[39m[90mâ”€[39m[90mâ”€[39m[90mâ”€[39m[90mâ”€[39m[90mâ”€[39m[90mâ”€[39m[90mâ”€[39m[90mâ”€[39m[90mâ”€[39m[90mâ”€[39m[90mâ”€[39m[90mâ”€[39m[90mâ”€[39m[90mâ”€[39m
Admin UI E2E (3, chrome)	Run Cypress	2025-03-05T14:53:59.9344029Z                                                                                                     
Admin UI E2E (3, chrome)	Run Cypress	2025-03-05T14:53:59.9344686Z   Running:  [90muser_fed_ldap_hardcoded_mapper_test.spec.ts[39m                                     [90m(3 of 8)[39m
Admin UI E2E (3, chrome)	Run Cypress	2025-03-05T14:54:03.0321655Z 
Admin UI E2E (3, chrome)	Run Cypress	2025-03-05T14:54:03.0323553Z [0m[0m
Admin UI E2E (3, chrome)	Run Cypress	2025-03-05T14:54:03.0351371Z [0m  User Fed LDAP mapper tests[0m
Admin UI E2E (3, chrome)	Run Cypress	2025-03-05T14:54:13.7458884Z   [32m  âœ“[0m[90m Create LDAP provider from empty state[0m[90m (10703ms)[0m
Admin UI E2E (3, chrome)	Run Cypress	2025-03-05T14:54:16.5797477Z   [32m  âœ“[0m[90m Create group[0m[90m (2776ms)[0m
Admin UI E2E (3, chrome)	Run Cypress	2025-03-05T14:54:26.1926422Z   [32m  âœ“[0m[90m Create client and role[0m[90m (9545ms)[0m
Admin UI E2E (3, chrome)	Run Cypress	2025-03-05T14:54:31.1798298Z   [32m  âœ“[0m[90m Delete default mappers[0m[90m (4953ms)[0m
Admin UI E2E (3, chrome)	Run Cypress	2025-03-05T14:54:37.3175615Z   [32m  âœ“[0m[90m Create hardcoded attribute mapper[0m[90m (6033ms)[0m
Admin UI E2E (3, chrome)	Run Cypress	2025-03-05T14:54:42.9262708Z   [32m  âœ“[0m[90m Create hardcoded ldap group mapper[0m[90m (5513ms)[0m
Admin UI E2E (3, chrome)	Run Cypress	2025-03-05T14:54:48.9464419Z   [32m  âœ“[0m[90m Create hardcoded ldap attribute mapper[0m[90m (5968ms)[0m
Admin UI E2E (3, chrome)	Run Cypress	2025-03-05T14:54:54.5889427Z   [32m  âœ“[0m[90m Create hardcoded ldap role mapper[0m[90m (5572ms)[0m
Admin UI E2E (3, chrome)	Run Cypress	2025-03-05T14:55:00.4496582Z   [32m  âœ“[0m[90m Create role ldap mapper[0m[90m (5773ms)[0m
Admin UI E2E (3, chrome)	Run Cypress	2025-03-05T14:55:03.8924414Z   [32m  âœ“[0m[90m Cleanup - delete LDAP provider[0m[90m (3398ms)[0m
Admin UI E2E (3, chrome)	Run Cypress	2025-03-05T14:55:06.0773156Z   [32m  âœ“[0m[90m Cleanup - delete group[0m[90m (2133ms)[0m
Admin UI E2E (3, chrome)	Run Cypress	2025-03-05T14:55:08.4909170Z   [32m  âœ“[0m[90m Cleanup - delete client[0m[90m (2371ms)[0m
Admin UI E2E (3, chrome)	Run Cypress	2025-03-05T14:55:08.4911856Z 
Admin UI E2E (3, chrome)	Run Cypress	2025-03-05T14:55:08.5074183Z 
Admin UI E2E (3, chrome)	Run Cypress	2025-03-05T14:55:08.5075500Z [92m [0m[32m 12 passing[0m[90m (1m)[0m
Admin UI E2E (3, chrome)	Run Cypress	2025-03-05T14:55:08.5075960Z 
Admin UI E2E (3, chrome)	Run Cypress	2025-03-05T14:55:09.5376794Z 
Admin UI E2E (3, chrome)	Run Cypress	2025-03-05T14:55:09.5378312Z [32m  ([4m[1mResults[22m[24m)[39m
Admin UI E2E (3, chrome)	Run Cypress	2025-03-05T14:55:09.5395707Z 
Admin UI E2E (3, chrome)	Run Cypress	2025-03-05T14:55:09.5409293Z [90m  â”Œ[39m[90mâ”€[39m[90mâ”€[39m[90mâ”€[39m[90mâ”€[39m[90mâ”€[39m[90mâ”€[39m[90mâ”€[39m[90mâ”€[39m[90mâ”€[39m[90mâ”€[39m[90mâ”€[39m[90mâ”€[39m[90mâ”€[39m[90mâ”€[39m[90mâ”€[39m[90mâ”€[39m[90mâ”€[39m[90mâ”€[39m[90mâ”€[39m[90mâ”€[39m[90mâ”€[39m[90mâ”€[39m[90mâ”€[39m[90mâ”€[39m[90mâ”€[39m[90mâ”€[39m[90mâ”€[39m[90mâ”€[39m[90mâ”€[39m[90mâ”€[39m[90mâ”€[39m[90mâ”€[39m[90mâ”€[39m[90mâ”€[39m[90mâ”€[39m[90mâ”€[39m[90mâ”€[39m[90mâ”€[39m[90mâ”€[39m[90mâ”€[39m[90mâ”€[39m[90mâ”€[39m[90mâ”€[39m[90mâ”€[39m[90mâ”€[39m[90mâ”€[39m[90mâ”€[39m[90mâ”€[39m[90mâ”€[39m[90mâ”€[39m[90mâ”€[39m[90mâ”€[39m[90mâ”€[39m[90mâ”€[39m[90mâ”€[39m[90mâ”€[39m[90mâ”€[39m[90mâ”€[39m[90mâ”€[39m[90mâ”€[39m[90mâ”€[39m[90mâ”€[39m[90mâ”€[39m[90mâ”€[39m[90mâ”€[39m[90mâ”€[39m[90mâ”€[39m[90mâ”€[39m[90mâ”€[39m[90mâ”€[39m[90mâ”€[39m[90mâ”€[39m[90mâ”€[39m[90mâ”€[39m[90mâ”€[39m[90mâ”€[39m[90mâ”€[39m[90mâ”€[39m[90mâ”€[39m[90mâ”€[39m[90mâ”€[39m[90mâ”€[39m[90mâ”€[39m[90mâ”€[39m[90mâ”€[39m[90mâ”€[39m[90mâ”€[39m[90mâ”€[39m[90mâ”€[39m[90mâ”€[39m[90mâ”€[39m[90mâ”€[39m[90mâ”€[39m[90mâ”€[39m[90mâ”€[39m[90mâ”€[39m[90mâ”[39m
Admin UI E2E (3, chrome)	Run Cypress	2025-03-05T14:55:09.5414430Z [90m  â”‚[39m [90mTests:[39m        [32m12[39m                                                                               [90mâ”‚[39m
Admin UI E2E (3, chrome)	Run Cypress	2025-03-05T14:55:09.5415623Z [90m  â”‚[39m [90mPassing:[39m      [32m12[39m                                                                               [90mâ”‚[39m
Admin UI E2E (3, chrome)	Run Cypress	2025-03-05T14:55:09.5416748Z [90m  â”‚[39m [90mFailing:[39m      [32m0[39m                                                                                [90mâ”‚[39m
Admin UI E2E (3, chrome)	Run Cypress	2025-03-05T14:55:09.5417866Z [90m  â”‚[39m [90mPending:[39m      [32m0[39m                                                                                [90mâ”‚[39m
Admin UI E2E (3, chrome)	Run Cypress	2025-03-05T14:55:09.5419009Z [90m  â”‚[39m [90mSkipped:[39m      [32m0[39m                                                                                [90mâ”‚[39m
Admin UI E2E (3, chrome)	Run Cypress	2025-03-05T14:55:09.5420214Z [90m  â”‚[39m [90mScreenshots:[39m  [32m0[39m                                                                                [90mâ”‚[39m
Admin UI E2E (3, chrome)	Run Cypress	2025-03-05T14:55:09.5421451Z [90m  â”‚[39m [90mVideo:[39m        [32mfalse[39m                                                                            [90mâ”‚[39m
Admin UI E2E (3, chrome)	Run Cypress	2025-03-05T14:55:09.5422945Z [90m  â”‚[39m [90mDuration:[39m     [32m1 minute, 5 seconds[39m                                                              [90mâ”‚[39m
Admin UI E2E (3, chrome)	Run Cypress	2025-03-05T14:55:09.5424501Z [90m  â”‚[39m [90mSpec Ran:[39m     [32m[32muser_fed_ldap_hardcoded_mapper_test.spec.ts[32m[39m                                      [90mâ”‚[39m
Admin UI E2E (3, chrome)	Run Cypress	2025-03-05T14:55:09.5431334Z [90m  â””[39m[90mâ”€[39m[90mâ”€[39m[90mâ”€[39m[90mâ”€[39m[90mâ”€[39m[90mâ”€[39m[90mâ”€[39m[90mâ”€[39m[90mâ”€[39m[90mâ”€[39m[90mâ”€[39m[90mâ”€[39m[90mâ”€[39m[90mâ”€[39m[90mâ”€[39m[90mâ”€[39m[90mâ”€[39m[90mâ”€[39m[90mâ”€[39m[90mâ”€[39m[90mâ”€[39m[90mâ”€[39m[90mâ”€[39m[90mâ”€[39m[90mâ”€[39m[90mâ”€[39m[90mâ”€[39m[90mâ”€[39m[90mâ”€[39m[90mâ”€[39m[90mâ”€[39m[90mâ”€[39m[90mâ”€[39m[90mâ”€[39m[90mâ”€[39m[90mâ”€[39m[90mâ”€[39m[90mâ”€[39m[90mâ”€[39m[90mâ”€[39m[90mâ”€[39m[90mâ”€[39m[90mâ”€[39m[90mâ”€[39m[90mâ”€[39m[90mâ”€[39m[90mâ”€[39m[90mâ”€[39m[90mâ”€[39m[90mâ”€[39m[90mâ”€[39m[90mâ”€[39m[90mâ”€[39m[90mâ”€[39m[90mâ”€[39m[90mâ”€[39m[90mâ”€[39m[90mâ”€[39m[90mâ”€[39m[90mâ”€[39m[90mâ”€[39m[90mâ”€[39m[90mâ”€[39m[90mâ”€[39m[90mâ”€[39m[90mâ”€[39m[90mâ”€[39m[90mâ”€[39m[90mâ”€[39m[90mâ”€[39m[90mâ”€[39m[90mâ”€[39m[90mâ”€[39m[90mâ”€[39m[90mâ”€[39m[90mâ”€[39m[90mâ”€[39m[90mâ”€[39m[90mâ”€[39m[90mâ”€[39m[90mâ”€[39m[90mâ”€[39m[90mâ”€[39m[90mâ”€[39m[90mâ”€[39m[90mâ”€[39m[90mâ”€[39m[90mâ”€[39m[90mâ”€[39m[90mâ”€[39m[90mâ”€[39m[90mâ”€[39m[90mâ”€[39m[90mâ”€[39m[90mâ”€[39m[90mâ”€[39m[90mâ”˜[39m
Admin UI E2E (3, chrome)	Run Cypress	2025-03-05T14:55:09.5435494Z 
Admin UI E2E (3, chrome)	Run Cypress	2025-03-05T14:55:09.5745317Z 
Admin UI E2E (3, chrome)	Run Cypress	2025-03-05T14:55:09.5755975Z [90mâ”€[39m[90mâ”€[39m[90mâ”€[39m[90mâ”€[39m[90mâ”€[39m[90mâ”€[39m[90mâ”€[39m[90mâ”€[39m[90mâ”€[39m[90mâ”€[39m[90mâ”€[39m[90mâ”€[39m[90mâ”€[39m[90mâ”€[39m[90mâ”€[39m[90mâ”€[39m[90mâ”€[39m[90mâ”€[39m[90mâ”€[39m[90mâ”€[39m[90mâ”€[39m[90mâ”€[39m[90mâ”€[39m[90mâ”€[39m[90mâ”€[39m[90mâ”€[39m[90mâ”€[39m[90mâ”€[39m[90mâ”€[39m[90mâ”€[39m[90mâ”€[39m[90mâ”€[39m[90mâ”€[39m[90mâ”€[39m[90mâ”€[39m[90mâ”€[39m[90mâ”€[39m[90mâ”€[39m[90mâ”€[39m[90mâ”€[39m[90mâ”€[39m[90mâ”€[39m[90mâ”€[39m[90mâ”€[39m[90mâ”€[39m[90mâ”€[39m[90mâ”€[39m[90mâ”€[39m[90mâ”€[39m[90mâ”€[39m[90mâ”€[39m[90mâ”€[39m[90mâ”€[39m[90mâ”€[39m[90mâ”€[39m[90mâ”€[39m[90mâ”€[39m[90mâ”€[39m[90mâ”€[39m[90mâ”€[39m[90mâ”€[39m[90mâ”€[39m[90mâ”€[39m[90mâ”€[39m[90mâ”€[39m[90mâ”€[39m[90mâ”€[39m[90mâ”€[39m[90mâ”€[39m[90mâ”€[39m[90mâ”€[39m[90mâ”€[39m[90mâ”€[39m[90mâ”€[39m[90mâ”€[39m[90mâ”€[39m[90mâ”€[39m[90mâ”€[39m[90mâ”€[39m[90mâ”€[39m[90mâ”€[39m[90mâ”€[39m[90mâ”€[39m[90mâ”€[39m[90mâ”€[39m[90mâ”€[39m[90mâ”€[39m[90mâ”€[39m[90mâ”€[39m[90mâ”€[39m[90mâ”€[39m[90mâ”€[39m[90mâ”€[39m[90mâ”€[39m[90mâ”€[39m[90mâ”€[39m[90mâ”€[39m[90mâ”€[39m[90mâ”€[39m[90mâ”€[39m
Admin UI E2E (3, chrome)	Run Cypress	2025-03-05T14:55:09.5758699Z                                                                                                     
Admin UI E2E (3, chrome)	Run Cypress	2025-03-05T14:55:09.5759327Z   Running:  [90morganization.spec.ts[39m                                                            [90m(4 of 8)[39m
Admin UI E2E (3, chrome)	Run Cypress	2025-03-05T14:55:13.6632882Z 
Admin UI E2E (3, chrome)	Run Cypress	2025-03-05T14:55:13.6633925Z [0m[0m
Admin UI E2E (3, chrome)	Run Cypress	2025-03-05T14:55:13.6767404Z [0m  Organization CRUD[0m
Admin UI E2E (3, chrome)	Run Cypress	2025-03-05T14:55:13.6775705Z   [36m  - should create new organization[0m
Admin UI E2E (3, chrome)	Run Cypress	2025-03-05T14:55:13.6779345Z   [36m  - should modify existing organization[0m
Admin UI E2E (3, chrome)	Run Cypress	2025-03-05T14:55:13.6783919Z   [36m  - should delete from list[0m
Admin UI E2E (3, chrome)	Run Cypress	2025-03-05T14:55:13.6787338Z   [36m  - should delete from details page[0m
Admin UI E2E (3, chrome)	Run Cypress	2025-03-05T14:55:13.7043573Z 
Admin UI E2E (3, chrome)	Run Cypress	2025-03-05T14:55:13.7048256Z [0m  Members[0m
Admin UI E2E (3, chrome)	Run Cypress	2025-03-05T14:55:13.7075685Z   [36m  - should add member[0m
Admin UI E2E (3, chrome)	Run Cypress	2025-03-05T14:55:13.7187407Z 
Admin UI E2E (3, chrome)	Run Cypress	2025-03-05T14:55:13.7195617Z [0m  Identity providers[0m
Admin UI E2E (3, chrome)	Run Cypress	2025-03-05T14:55:13.7503590Z   [36m  - should add idp[0m
Admin UI E2E (3, chrome)	Run Cypress	2025-03-05T14:55:13.7506574Z 
Admin UI E2E (3, chrome)	Run Cypress	2025-03-05T14:55:13.7512718Z 
Admin UI E2E (3, chrome)	Run Cypress	2025-03-05T14:55:13.7515106Z [92m [0m[32m 0 passing[0m[90m (85ms)[0m
Admin UI E2E (3, chrome)	Run Cypress	2025-03-05T14:55:13.7515739Z [36m [0m[36m 6 pending[0m
Admin UI E2E (3, chrome)	Run Cypress	2025-03-05T14:55:13.7516024Z 
Admin UI E2E (3, chrome)	Run Cypress	2025-03-05T14:55:14.8596378Z 
Admin UI E2E (3, chrome)	Run Cypress	2025-03-05T14:55:14.8597764Z [32m  ([4m[1mResults[22m[24m)[39m
Admin UI E2E (3, chrome)	Run Cypress	2025-03-05T14:55:14.8600930Z 
Admin UI E2E (3, chrome)	Run Cypress	2025-03-05T14:55:14.8611681Z [90m  â”Œ[39m[90mâ”€[39m[90mâ”€[39m[90mâ”€[39m[90mâ”€[39m[90mâ”€[39m[90mâ”€[39m[90mâ”€[39m[90mâ”€[39m[90mâ”€[39m[90mâ”€[39m[90mâ”€[39m[90mâ”€[39m[90mâ”€[39m[90mâ”€[39m[90mâ”€[39m[90mâ”€[39m[90mâ”€[39m[90mâ”€[39m[90mâ”€[39m[90mâ”€[39m[90mâ”€[39m[90mâ”€[39m[90mâ”€[39m[90mâ”€[39m[90mâ”€[39m[90mâ”€[39m[90mâ”€[39m[90mâ”€[39m[90mâ”€[39m[90mâ”€[39m[90mâ”€[39m[90mâ”€[39m[90mâ”€[39m[90mâ”€[39m[90mâ”€[39m[90mâ”€[39m[90mâ”€[39m[90mâ”€[39m[90mâ”€[39m[90mâ”€[39m[90mâ”€[39m[90mâ”€[39m[90mâ”€[39m[90mâ”€[39m[90mâ”€[39m[90mâ”€[39m[90mâ”€[39m[90mâ”€[39m[90mâ”€[39m[90mâ”€[39m[90mâ”€[39m[90mâ”€[39m[90mâ”€[39m[90mâ”€[39m[90mâ”€[39m[90mâ”€[39m[90mâ”€[39m[90mâ”€[39m[90mâ”€[39m[90mâ”€[39m[90mâ”€[39m[90mâ”€[39m[90mâ”€[39m[90mâ”€[39m[90mâ”€[39m[90mâ”€[39m[90mâ”€[39m[90mâ”€[39m[90mâ”€[39m[90mâ”€[39m[90mâ”€[39m[90mâ”€[39m[90mâ”€[39m[90mâ”€[39m[90mâ”€[39m[90mâ”€[39m[90mâ”€[39m[90mâ”€[39m[90mâ”€[39m[90mâ”€[39m[90mâ”€[39m[90mâ”€[39m[90mâ”€[39m[90mâ”€[39m[90mâ”€[39m[90mâ”€[39m[90mâ”€[39m[90mâ”€[39m[90mâ”€[39m[90mâ”€[39m[90mâ”€[39m[90mâ”€[39m[90mâ”€[39m[90mâ”€[39m[90mâ”€[39m[90mâ”€[39m[90mâ”[39m
Admin UI E2E (3, chrome)	Run Cypress	2025-03-05T14:55:14.8615491Z [90m  â”‚[39m [90mTests:[39m        [32m6[39m                                                                                [90mâ”‚[39m
Admin UI E2E (3, chrome)	Run Cypress	2025-03-05T14:55:14.8616222Z [90m  â”‚[39m [90mPassing:[39m      [32m0[39m                                                                                [90mâ”‚[39m
Admin UI E2E (3, chrome)	Run Cypress	2025-03-05T14:55:14.8616927Z [90m  â”‚[39m [90mFailing:[39m      [32m0[39m                                                                                [90mâ”‚[39m
Admin UI E2E (3, chrome)	Run Cypress	2025-03-05T14:55:14.8617618Z [90m  â”‚[39m [90mPending:[39m      [32m6[39m                                                                                [90mâ”‚[39m
Admin UI E2E (3, chrome)	Run Cypress	2025-03-05T14:55:14.8618966Z [90m  â”‚[39m [90mSkipped:[39m      [32m0[39m                                                                                [90mâ”‚[39m
Admin UI E2E (3, chrome)	Run Cypress	2025-03-05T14:55:14.8619719Z [90m  â”‚[39m [90mScreenshots:[39m  [32m0[39m                                                                                [90mâ”‚[39m
Admin UI E2E (3, chrome)	Run Cypress	2025-03-05T14:55:14.8620613Z [90m  â”‚[39m [90mVideo:[39m        [32mfalse[39m                                                                            [90mâ”‚[39m
Admin UI E2E (3, chrome)	Run Cypress	2025-03-05T14:55:14.8621406Z [90m  â”‚[39m [90mDuration:[39m     [32m0 seconds[39m                                                                        [90mâ”‚[39m
Admin UI E2E (3, chrome)	Run Cypress	2025-03-05T14:55:14.8622220Z [90m  â”‚[39m [90mSpec Ran:[39m     [32m[32morganization.spec.ts[32m[39m                                                             [90mâ”‚[39m
Admin UI E2E (3, chrome)	Run Cypress	2025-03-05T14:55:14.8628413Z [90m  â””[39m[90mâ”€[39m[90mâ”€[39m[90mâ”€[39m[90mâ”€[39m[90mâ”€[39m[90mâ”€[39m[90mâ”€[39m[90mâ”€[39m[90mâ”€[39m[90mâ”€[39m[90mâ”€[39m[90mâ”€[39m[90mâ”€[39m[90mâ”€[39m[90mâ”€[39m[90mâ”€[39m[90mâ”€[39m[90mâ”€[39m[90mâ”€[39m[90mâ”€[39m[90mâ”€[39m[90mâ”€[39m[90mâ”€[39m[90mâ”€[39m[90mâ”€[39m[90mâ”€[39m[90mâ”€[39m[90mâ”€[39m[90mâ”€[39m[90mâ”€[39m[90mâ”€[39m[90mâ”€[39m[90mâ”€[39m[90mâ”€[39m[90mâ”€[39m[90mâ”€[39m[90mâ”€[39m[90mâ”€[39m[90mâ”€[39m[90mâ”€[39m[90mâ”€[39m[90mâ”€[39m[90mâ”€[39m[90mâ”€[39m[90mâ”€[39m[90mâ”€[39m[90mâ”€[39m[90mâ”€[39m[90mâ”€[39m[90mâ”€[39m[90mâ”€[39m[90mâ”€[39m[90mâ”€[39m[90mâ”€[39m[90mâ”€[39m[90mâ”€[39m[90mâ”€[39m[90mâ”€[39m[90mâ”€[39m[90mâ”€[39m[90mâ”€[39m[90mâ”€[39m[90mâ”€[39m[90mâ”€[39m[90mâ”€[39m[90mâ”€[39m[90mâ”€[39m[90mâ”€[39m[90mâ”€[39m[90mâ”€[39m[90mâ”€[39m[90mâ”€[39m[90mâ”€[39m[90mâ”€[39m[90mâ”€[39m[90mâ”€[39m[90mâ”€[39m[90mâ”€[39m[90mâ”€[39m[90mâ”€[39m[90mâ”€[39m[90mâ”€[39m[90mâ”€[39m[90mâ”€[39m[90mâ”€[39m[90mâ”€[39m[90mâ”€[39m[90mâ”€[39m[90mâ”€[39m[90mâ”€[39m[90mâ”€[39m[90mâ”€[39m[90mâ”€[39m[90mâ”€[39m[90mâ”€[39m[90mâ”€[39m[90mâ”˜[39m
Admin UI E2E (3, chrome)	Run Cypress	2025-03-05T14:55:14.8632968Z 
Admin UI E2E (3, chrome)	Run Cypress	2025-03-05T14:55:14.8951987Z 
Admin UI E2E (3, chrome)	Run Cypress	2025-03-05T14:55:14.8966887Z [90mâ”€[39m[90mâ”€[39m[90mâ”€[39m[90mâ”€[39m[90mâ”€[39m[90mâ”€[39m[90mâ”€[39m[90mâ”€[39m[90mâ”€[39m[90mâ”€[39m[90mâ”€[39m[90mâ”€[39m[90mâ”€[39m[90mâ”€[39m[90mâ”€[39m[90mâ”€[39m[90mâ”€[39m[90mâ”€[39m[90mâ”€[39m[90mâ”€[39m[90mâ”€[39m[90mâ”€[39m[90mâ”€[39m[90mâ”€[39m[90mâ”€[39m[90mâ”€[39m[90mâ”€[39m[90mâ”€[39m[90mâ”€[39m[90mâ”€[39m[90mâ”€[39m[90mâ”€[39m[90mâ”€[39m[90mâ”€[39m[90mâ”€[39m[90mâ”€[39m[90mâ”€[39m[90mâ”€[39m[90mâ”€[39m[90mâ”€[39m[90mâ”€[39m[90mâ”€[39m[90mâ”€[39m[90mâ”€[39m[90mâ”€[39m[90mâ”€[39m[90mâ”€[39m[90mâ”€[39m[90mâ”€[39m[90mâ”€[39m[90mâ”€[39m[90mâ”€[39m[90mâ”€[39m[90mâ”€[39m[90mâ”€[39m[90mâ”€[39m[90mâ”€[39m[90mâ”€[39m[90mâ”€[39m[90mâ”€[39m[90mâ”€[39m[90mâ”€[39m[90mâ”€[39m[90mâ”€[39m[90mâ”€[39m[90mâ”€[39m[90mâ”€[39m[90mâ”€[39m[90mâ”€[39m[90mâ”€[39m[90mâ”€[39m[90mâ”€[39m[90mâ”€[39m[90mâ”€[39m[90mâ”€[39m[90mâ”€[39m[90mâ”€[39m[90mâ”€[39m[90mâ”€[39m[90mâ”€[39m[90mâ”€[39m[90mâ”€[39m[90mâ”€[39m[90mâ”€[39m[90mâ”€[39m[90mâ”€[39m[90mâ”€[39m[90mâ”€[39m[90mâ”€[39m[90mâ”€[39m[90mâ”€[39m[90mâ”€[39m[90mâ”€[39m[90mâ”€[39m[90mâ”€[39m[90mâ”€[39m[90mâ”€[39m[90mâ”€[39m[90mâ”€[39m[90mâ”€[39m
Admin UI E2E (3, chrome)	Run Cypress	2025-03-05T14:55:14.8974506Z                                                                                                     
Admin UI E2E (3, chrome)	Run Cypress	2025-03-05T14:55:14.8975679Z   Running:  [90msessions_test.spec.ts[39m                                                           [90m(5 of 8)[39m
Admin UI E2E (3, chrome)	Run Cypress	2025-03-05T14:55:18.1163294Z 
Admin UI E2E (3, chrome)	Run Cypress	2025-03-05T14:55:18.1164701Z [0m[0m
Admin UI E2E (3, chrome)	Run Cypress	2025-03-05T14:55:18.1195017Z [0m  Sessions test[0m
Admin UI E2E (3, chrome)	Run Cypress	2025-03-05T14:55:18.1201404Z [0m    Sessions list view[0m
Admin UI E2E (3, chrome)	Run Cypress	2025-03-05T14:55:23.0964824Z     [32m  âœ“[0m[90m check item values[0m[90m (4957ms)[0m
Admin UI E2E (3, chrome)	Run Cypress	2025-03-05T14:55:25.5934860Z     [32m  âœ“[0m[90m go to item accessed clients link[0m[90m (2414ms)[0m
Admin UI E2E (3, chrome)	Run Cypress	2025-03-05T14:55:25.6344358Z [0m    Offline sessions[0m
Admin UI E2E (3, chrome)	Run Cypress	2025-03-05T14:55:29.3777352Z     [32m  âœ“[0m[90m check offline token[0m[90m (3542ms)[0m
Admin UI E2E (3, chrome)	Run Cypress	2025-03-05T14:55:29.4007059Z [0m    Search[0m
Admin UI E2E (3, chrome)	Run Cypress	2025-03-05T14:55:31.7835522Z     [32m  âœ“[0m[90m search existing session[0m[90m (2326ms)[0m
Admin UI E2E (3, chrome)	Run Cypress	2025-03-05T14:55:34.0204502Z     [32m  âœ“[0m[90m search non-existant session[0m[90m (2197ms)[0m
Admin UI E2E (3, chrome)	Run Cypress	2025-03-05T14:55:34.0318551Z [0m    revocation[0m
Admin UI E2E (3, chrome)	Run Cypress	2025-03-05T14:55:34.0453977Z     [36m  - Clear revocation notBefore[0m
Admin UI E2E (3, chrome)	Run Cypress	2025-03-05T14:55:34.0468685Z     [36m  - Check if notBefore cleared[0m
Admin UI E2E (3, chrome)	Run Cypress	2025-03-05T14:55:34.0471984Z     [36m  - Set revocation notBefore[0m
Admin UI E2E (3, chrome)	Run Cypress	2025-03-05T14:55:34.0479082Z     [36m  - Check if notBefore saved[0m
Admin UI E2E (3, chrome)	Run Cypress	2025-03-05T14:55:34.0484990Z     [36m  - Push when URI not configured[0m
Admin UI E2E (3, chrome)	Run Cypress	2025-03-05T14:55:34.0597146Z [0m    Accessibility tests for sessions[0m
Admin UI E2E (3, chrome)	Run Cypress	2025-03-05T14:55:38.2933255Z     [32m  âœ“[0m[90m Check a11y violations on load/ sessions[0m[90m (4214ms)[0m
Admin UI E2E (3, chrome)	Run Cypress	2025-03-05T14:55:42.8223167Z     [32m  âœ“[0m[90m Check a11y violations on revocation dialog[0m[90m (4499ms)[0m
Admin UI E2E (3, chrome)	Run Cypress	2025-03-05T14:55:47.4263553Z     [32m  âœ“[0m[90m Check a11y violations on sign out all active sessions dialog[0m[90m (4550ms)[0m
Admin UI E2E (3, chrome)	Run Cypress	2025-03-05T14:55:47.4264869Z 
Admin UI E2E (3, chrome)	Run Cypress	2025-03-05T14:55:47.4444844Z 
Admin UI E2E (3, chrome)	Run Cypress	2025-03-05T14:55:47.4445998Z [92m [0m[32m 8 passing[0m[90m (29s)[0m
Admin UI E2E (3, chrome)	Run Cypress	2025-03-05T14:55:47.4446492Z [36m [0m[36m 5 pending[0m
Admin UI E2E (3, chrome)	Run Cypress	2025-03-05T14:55:47.4446653Z 
Admin UI E2E (3, chrome)	Run Cypress	2025-03-05T14:55:48.4760722Z 
Admin UI E2E (3, chrome)	Run Cypress	2025-03-05T14:55:48.4762285Z [32m  ([4m[1mResults[22m[24m)[39m
Admin UI E2E (3, chrome)	Run Cypress	2025-03-05T14:55:48.4767015Z 
Admin UI E2E (3, chrome)	Run Cypress	2025-03-05T14:55:48.4780112Z [90m  â”Œ[39m[90mâ”€[39m[90mâ”€[39m[90mâ”€[39m[90mâ”€[39m[90mâ”€[39m[90mâ”€[39m[90mâ”€[39m[90mâ”€[39m[90mâ”€[39m[90mâ”€[39m[90mâ”€[39m[90mâ”€[39m[90mâ”€[39m[90mâ”€[39m[90mâ”€[39m[90mâ”€[39m[90mâ”€[39m[90mâ”€[39m[90mâ”€[39m[90mâ”€[39m[90mâ”€[39m[90mâ”€[39m[90mâ”€[39m[90mâ”€[39m[90mâ”€[39m[90mâ”€[39m[90mâ”€[39m[90mâ”€[39m[90mâ”€[39m[90mâ”€[39m[90mâ”€[39m[90mâ”€[39m[90mâ”€[39m[90mâ”€[39m[90mâ”€[39m[90mâ”€[39m[90mâ”€[39m[90mâ”€[39m[90mâ”€[39m[90mâ”€[39m[90mâ”€[39m[90mâ”€[39m[90mâ”€[39m[90mâ”€[39m[90mâ”€[39m[90mâ”€[39m[90mâ”€[39m[90mâ”€[39m[90mâ”€[39m[90mâ”€[39m[90mâ”€[39m[90mâ”€[39m[90mâ”€[39m[90mâ”€[39m[90mâ”€[39m[90mâ”€[39m[90mâ”€[39m[90mâ”€[39m[90mâ”€[39m[90mâ”€[39m[90mâ”€[39m[90mâ”€[39m[90mâ”€[39m[90mâ”€[39m[90mâ”€[39m[90mâ”€[39m[90mâ”€[39m[90mâ”€[39m[90mâ”€[39m[90mâ”€[39m[90mâ”€[39m[90mâ”€[39m[90mâ”€[39m[90mâ”€[39m[90mâ”€[39m[90mâ”€[39m[90mâ”€[39m[90mâ”€[39m[90mâ”€[39m[90mâ”€[39m[90mâ”€[39m[90mâ”€[39m[90mâ”€[39m[90mâ”€[39m[90mâ”€[39m[90mâ”€[39m[90mâ”€[39m[90mâ”€[39m[90mâ”€[39m[90mâ”€[39m[90mâ”€[39m[90mâ”€[39m[90mâ”€[39m[90mâ”€[39m[90mâ”€[39m[90mâ”€[39m[90mâ”[39m
Admin UI E2E (3, chrome)	Run Cypress	2025-03-05T14:55:48.4784917Z [90m  â”‚[39m [90mTests:[39m        [32m13[39m                                                                               [90mâ”‚[39m
Admin UI E2E (3, chrome)	Run Cypress	2025-03-05T14:55:48.4786085Z [90m  â”‚[39m [90mPassing:[39m      [32m8[39m                                                                                [90mâ”‚[39m
Admin UI E2E (3, chrome)	Run Cypress	2025-03-05T14:55:48.4787216Z [90m  â”‚[39m [90mFailing:[39m      [32m0[39m                                                                                [90mâ”‚[39m
Admin UI E2E (3, chrome)	Run Cypress	2025-03-05T14:55:48.4788347Z [90m  â”‚[39m [90mPending:[39m      [32m5[39m                                                                                [90mâ”‚[39m
Admin UI E2E (3, chrome)	Run Cypress	2025-03-05T14:55:48.4789807Z [90m  â”‚[39m [90mSkipped:[39m      [32m0[39m                                                                                [90mâ”‚[39m
Admin UI E2E (3, chrome)	Run Cypress	2025-03-05T14:55:48.4791065Z [90m  â”‚[39m [90mScreenshots:[39m  [32m0[39m                                                                                [90mâ”‚[39m
Admin UI E2E (3, chrome)	Run Cypress	2025-03-05T14:55:48.4792360Z [90m  â”‚[39m [90mVideo:[39m        [32mfalse[39m                                                                            [90mâ”‚[39m
Admin UI E2E (3, chrome)	Run Cypress	2025-03-05T14:55:48.4793798Z [90m  â”‚[39m [90mDuration:[39m     [32m29 seconds[39m                                                                       [90mâ”‚[39m
Admin UI E2E (3, chrome)	Run Cypress	2025-03-05T14:55:48.4795186Z [90m  â”‚[39m [90mSpec Ran:[39m     [32m[32msessions_test.spec.ts[32m[39m                                                            [90mâ”‚[39m
Admin UI E2E (3, chrome)	Run Cypress	2025-03-05T14:55:48.4802008Z [90m  â””[39m[90mâ”€[39m[90mâ”€[39m[90mâ”€[39m[90mâ”€[39m[90mâ”€[39m[90mâ”€[39m[90mâ”€[39m[90mâ”€[39m[90mâ”€[39m[90mâ”€[39m[90mâ”€[39m[90mâ”€[39m[90mâ”€[39m[90mâ”€[39m[90mâ”€[39m[90mâ”€[39m[90mâ”€[39m[90mâ”€[39m[90mâ”€[39m[90mâ”€[39m[90mâ”€[39m[90mâ”€[39m[90mâ”€[39m[90mâ”€[39m[90mâ”€[39m[90mâ”€[39m[90mâ”€[39m[90mâ”€[39m[90mâ”€[39m[90mâ”€[39m[90mâ”€[39m[90mâ”€[39m[90mâ”€[39m[90mâ”€[39m[90mâ”€[39m[90mâ”€[39m[90mâ”€[39m[90mâ”€[39m[90mâ”€[39m[90mâ”€[39m[90mâ”€[39m[90mâ”€[39m[90mâ”€[39m[90mâ”€[39m[90mâ”€[39m[90mâ”€[39m[90mâ”€[39m[90mâ”€[39m[90mâ”€[39m[90mâ”€[39m[90mâ”€[39m[90mâ”€[39m[90mâ”€[39m[90mâ”€[39m[90mâ”€[39m[90mâ”€[39m[90mâ”€[39m[90mâ”€[39m[90mâ”€[39m[90mâ”€[39m[90mâ”€[39m[90mâ”€[39m[90mâ”€[39m[90mâ”€[39m[90mâ”€[39m[90mâ”€[39m[90mâ”€[39m[90mâ”€[39m[90mâ”€[39m[90mâ”€[39m[90mâ”€[39m[90mâ”€[39m[90mâ”€[39m[90mâ”€[39m[90mâ”€[39m[90mâ”€[39m[90mâ”€[39m[90mâ”€[39m[90mâ”€[39m[90mâ”€[39m[90mâ”€[39m[90mâ”€[39m[90mâ”€[39m[90mâ”€[39m[90mâ”€[39m[90mâ”€[39m[90mâ”€[39m[90mâ”€[39m[90mâ”€[39m[90mâ”€[39m[90mâ”€[39m[90mâ”€[39m[90mâ”€[39m[90mâ”€[39m[90mâ”€[39m[90mâ”€[39m[90mâ”˜[39m
Admin UI E2E (3, chrome)	Run Cypress	2025-03-05T14:55:48.4805972Z 
Admin UI E2E (3, chrome)	Run Cypress	2025-03-05T14:55:48.5175119Z 
Admin UI E2E (3, chrome)	Run Cypress	2025-03-05T14:55:48.5185465Z [90mâ”€[39m[90mâ”€[39m[90mâ”€[39m[90mâ”€[39m[90mâ”€[39m[90mâ”€[39m[90mâ”€[39m[90mâ”€[39m[90mâ”€[39m[90mâ”€[39m[90mâ”€[39m[90mâ”€[39m[90mâ”€[39m[90mâ”€[39m[90mâ”€[39m[90mâ”€[39m[90mâ”€[39m[90mâ”€[39m[90mâ”€[39m[90mâ”€[39m[90mâ”€[39m[90mâ”€[39m[90mâ”€[39m[90mâ”€[39m[90mâ”€[39m[90mâ”€[39m[90mâ”€[39m[90mâ”€[39m[90mâ”€[39m[90mâ”€[39m[90mâ”€[39m[90mâ”€[39m[90mâ”€[39m[90mâ”€[39m[90mâ”€[39m[90mâ”€[39m[90mâ”€[39m[90mâ”€[39m[90mâ”€[39m[90mâ”€[39m[90mâ”€[39m[90mâ”€[39m[90mâ”€[39m[90mâ”€[39m[90mâ”€[39m[90mâ”€[39m[90mâ”€[39m[90mâ”€[39m[90mâ”€[39m[90mâ”€[39m[90mâ”€[39m[90mâ”€[39m[90mâ”€[39m[90mâ”€[39m[90mâ”€[39m[90mâ”€[39m[90mâ”€[39m[90mâ”€[39m[90mâ”€[39m[90mâ”€[39m[90mâ”€[39m[90mâ”€[39m[90mâ”€[39m[90mâ”€[39m[90mâ”€[39m[90mâ”€[39m[90mâ”€[39m[90mâ”€[39m[90mâ”€[39m[90mâ”€[39m[90mâ”€[39m[90mâ”€[39m[90mâ”€[39m[90mâ”€[39m[90mâ”€[39m[90mâ”€[39m[90mâ”€[39m[90mâ”€[39m[90mâ”€[39m[90mâ”€[39m[90mâ”€[39m[90mâ”€[39m[90mâ”€[39m[90mâ”€[39m[90mâ”€[39m[90mâ”€[39m[90mâ”€[39m[90mâ”€[39m[90mâ”€[39m[90mâ”€[39m[90mâ”€[39m[90mâ”€[39m[90mâ”€[39m[90mâ”€[39m[90mâ”€[39m[90mâ”€[39m[90mâ”€[39m[90mâ”€[39m[90mâ”€[39m[90mâ”€[39m
Admin UI E2E (3, chrome)	Run Cypress	2025-03-05T14:55:48.5188520Z                                                                                                     
Admin UI E2E (3, chrome)	Run Cypress	2025-03-05T14:55:48.5189190Z   Running:  [90mrealm_settings_tabs_test.spec.ts[39m                                                [90m(6 of 8)[39m
Admin UI E2E (3, chrome)	Run Cypress	2025-03-05T14:55:52.5699535Z 
Admin UI E2E (3, chrome)	Run Cypress	2025-03-05T14:55:52.5700890Z [0m[0m
Admin UI E2E (3, chrome)	Run Cypress	2025-03-05T14:55:52.5721879Z [0m  Realm settings tabs tests[0m
Admin UI E2E (3, chrome)	Run Cypress	2025-03-05T14:55:58.1478182Z   [32m  âœ“[0m[90m shows the 'user profile' tab[0m[90m (5526ms)[0m
Admin UI E2E (3, chrome)	Run Cypress	2025-03-05T14:56:06.0065717Z   [32m  âœ“[0m[90m Go to login tab[0m[90m (7812ms)[0m
Admin UI E2E (3, chrome)	Run Cypress	2025-03-05T14:56:12.2893538Z   [32m  âœ“[0m[90m Go to email tab[0m[90m (6189ms)[0m
Admin UI E2E (3, chrome)	Run Cypress	2025-03-05T14:56:15.6689863Z   [32m  âœ“[0m[90m Go to themes tab[0m[90m (3254ms)[0m
Admin UI E2E (3, chrome)	Run Cypress	2025-03-05T14:56:15.7475091Z [0m    Go to security defenses tab[0m
Admin UI E2E (3, chrome)	Run Cypress	2025-03-05T14:56:18.8843659Z     [32m  âœ“[0m[90m Realm header settings- update single input[0m[90m (3084ms)[0m
Admin UI E2E (3, chrome)	Run Cypress	2025-03-05T14:56:24.5308444Z     [32m  âœ“[0m[90m Realm header settings- update all inputs[0m[90m (5532ms)[0m
Admin UI E2E (3, chrome)	Run Cypress	2025-03-05T14:56:28.2033254Z     [32m  âœ“[0m[90m Brute force detection- update values[0m[90m (3562ms)[0m
Admin UI E2E (3, chrome)	Run Cypress	2025-03-05T14:56:28.2288762Z [0m    Go to localization tab[0m
Admin UI E2E (3, chrome)	Run Cypress	2025-03-05T14:56:31.7058466Z     [32m  âœ“[0m[90m Locales tab - Add locale[0m[90m (3401ms)[0m
Admin UI E2E (3, chrome)	Run Cypress	2025-03-05T14:56:35.6241900Z     [32m  âœ“[0m[90m Realm Overrides - Add and delete bundle[0m[90m (3832ms)[0m
Admin UI E2E (3, chrome)	Run Cypress	2025-03-05T14:56:38.9978925Z     [32m  âœ“[0m[90m Realm Overrides - Search for and delete bundle[0m[90m (3313ms)[0m
Admin UI E2E (3, chrome)	Run Cypress	2025-03-05T14:56:43.4163272Z     [32m  âœ“[0m[90m Realm Overrides - Edit and cancel edit message bundle[0m[90m (4360ms)[0m
Admin UI E2E (3, chrome)	Run Cypress	2025-03-05T14:56:45.6712384Z     [32m  âœ“[0m[90m Effective Message Bundles - Check before search message[0m[90m (2208ms)[0m
Admin UI E2E (3, chrome)	Run Cypress	2025-03-05T14:56:45.6860052Z [0m    Accessibility tests for realm settings[0m
Admin UI E2E (3, chrome)	Run Cypress	2025-03-05T14:56:50.0634268Z     [32m  âœ“[0m[90m Check a11y violations on load/ realm settings/ general tab[0m[90m (4353ms)[0m
Admin UI E2E (3, chrome)	Run Cypress	2025-03-05T14:56:55.0609214Z     [32m  âœ“[0m[90m Check a11y violations on login tab[0m[90m (4928ms)[0m
Admin UI E2E (3, chrome)	Run Cypress	2025-03-05T14:56:59.7887241Z     [32m  âœ“[0m[90m Check a11y violations on email tab[0m[90m (4671ms)[0m
Admin UI E2E (3, chrome)	Run Cypress	2025-03-05T14:57:04.7630565Z     [32m  âœ“[0m[90m Check a11y violations on themes tab[0m[90m (4860ms)[0m
Admin UI E2E (3, chrome)	Run Cypress	2025-03-05T14:57:09.2318787Z     [32m  âœ“[0m[90m Check a11y violations on keys tab/ keys list sub tab[0m[90m (4411ms)[0m
Admin UI E2E (3, chrome)	Run Cypress	2025-03-05T14:57:14.3811010Z     [32m  âœ“[0m[90m Check a11y violations on keys tab/ providers sub tab[0m[90m (5046ms)[0m
Admin UI E2E (3, chrome)	Run Cypress	2025-03-05T14:57:19.0024072Z     [32m  âœ“[0m[90m Check a11y violations on keys tab/ providers sub tab / adding provider[0m[90m (4578ms)[0m
Admin UI E2E (3, chrome)	Run Cypress	2025-03-05T14:57:24.0722288Z     [32m  âœ“[0m[90m Check a11y violations on events tab/ event listeners sub tab[0m[90m (4960ms)[0m
Admin UI E2E (3, chrome)	Run Cypress	2025-03-05T14:57:29.4659417Z     [32m  âœ“[0m[90m Check a11y violations on events tab/ user events settings sub tab[0m[90m (5291ms)[0m
Admin UI E2E (3, chrome)	Run Cypress	2025-03-05T14:57:34.7003261Z     [32m  âœ“[0m[90m Check a11y violations on events tab/ admin events settings sub tab[0m[90m (5119ms)[0m
Admin UI E2E (3, chrome)	Run Cypress	2025-03-05T14:57:39.7709395Z     [32m  âœ“[0m[90m Check a11y violations on localization locales sub tab[0m[90m (5018ms)[0m
Admin UI E2E (3, chrome)	Run Cypress	2025-03-05T14:57:44.7268353Z     [32m  âœ“[0m[90m Check a11y violations on localization realm overrides sub tab[0m[90m (4904ms)[0m
Admin UI E2E (3, chrome)	Run Cypress	2025-03-05T14:57:49.2314207Z     [32m  âœ“[0m[90m Check a11y violations on localization realm overrides sub tab/ adding message bundle[0m[90m (4477ms)[0m
Admin UI E2E (3, chrome)	Run Cypress	2025-03-05T14:57:54.2454294Z     [32m  âœ“[0m[90m Check a11y violations on localization effective message bundles sub tab[0m[90m (4954ms)[0m
Admin UI E2E (3, chrome)	Run Cypress	2025-03-05T14:57:58.1808109Z     [32m  âœ“[0m[90m Check a11y violations on security defenses tab[0m[90m (3902ms)[0m
Admin UI E2E (3, chrome)	Run Cypress	2025-03-05T14:58:03.0128560Z     [32m  âœ“[0m[90m Check a11y violations on sessions tab[0m[90m (4739ms)[0m
Admin UI E2E (3, chrome)	Run Cypress	2025-03-05T14:58:08.0534457Z     [32m  âœ“[0m[90m Check a11y violations on tokens tab[0m[90m (4965ms)[0m
Admin UI E2E (3, chrome)	Run Cypress	2025-03-05T14:58:12.9158472Z     [32m  âœ“[0m[90m Check a11y violations on client policies tab/ profiles sub tab[0m[90m (4804ms)[0m
Admin UI E2E (3, chrome)	Run Cypress	2025-03-05T14:58:18.0757973Z     [32m  âœ“[0m[90m Check a11y violations on client policies tab/ creating profile[0m[90m (5027ms)[0m
Admin UI E2E (3, chrome)	Run Cypress	2025-03-05T14:58:22.1853311Z     [32m  âœ“[0m[90m Check a11y violations on client policies tab/ policies sub tab[0m[90m (4051ms)[0m
Admin UI E2E (3, chrome)	Run Cypress	2025-03-05T14:58:27.2463969Z     [32m  âœ“[0m[90m Check a11y violations on client policies tab/ creating policy[0m[90m (5012ms)[0m
Admin UI E2E (3, chrome)	Run Cypress	2025-03-05T14:58:31.4429853Z     [32m  âœ“[0m[90m Check a11y violations on user registration tab/ default roles sub tab[0m[90m (4100ms)[0m
Admin UI E2E (3, chrome)	Run Cypress	2025-03-05T14:58:36.6884681Z     [32m  âœ“[0m[90m Check a11y violations on user registration tab/ default roles sub tab/ assigning role[0m[90m (4802ms)[0m
Admin UI E2E (3, chrome)	Run Cypress	2025-03-05T14:58:36.6894485Z 
Admin UI E2E (3, chrome)	Run Cypress	2025-03-05T14:58:36.7107375Z 
Admin UI E2E (3, chrome)	Run Cypress	2025-03-05T14:58:36.7109574Z [92m [0m[32m 35 passing[0m[90m (3m)[0m
Admin UI E2E (3, chrome)	Run Cypress	2025-03-05T14:58:36.7110946Z 
Admin UI E2E (3, chrome)	Run Cypress	2025-03-05T14:58:37.7588094Z 
Admin UI E2E (3, chrome)	Run Cypress	2025-03-05T14:58:37.7589720Z [32m  ([4m[1mResults[22m[24m)[39m
Admin UI E2E (3, chrome)	Run Cypress	2025-03-05T14:58:37.7596281Z 
Admin UI E2E (3, chrome)	Run Cypress	2025-03-05T14:58:37.7612091Z [90m  â”Œ[39m[90mâ”€[39m[90mâ”€[39m[90mâ”€[39m[90mâ”€[39m[90mâ”€[39m[90mâ”€[39m[90mâ”€[39m[90mâ”€[39m[90mâ”€[39m[90mâ”€[39m[90mâ”€[39m[90mâ”€[39m[90mâ”€[39m[90mâ”€[39m[90mâ”€[39m[90mâ”€[39m[90mâ”€[39m[90mâ”€[39m[90mâ”€[39m[90mâ”€[39m[90mâ”€[39m[90mâ”€[39m[90mâ”€[39m[90mâ”€[39m[90mâ”€[39m[90mâ”€[39m[90mâ”€[39m[90mâ”€[39m[90mâ”€[39m[90mâ”€[39m[90mâ”€[39m[90mâ”€[39m[90mâ”€[39m[90mâ”€[39m[90mâ”€[39m[90mâ”€[39m[90mâ”€[39m[90mâ”€[39m[90mâ”€[39m[90mâ”€[39m[90mâ”€[39m[90mâ”€[39m[90mâ”€[39m[90mâ”€[39m[90mâ”€[39m[90mâ”€[39m[90mâ”€[39m[90mâ”€[39m[90mâ”€[39m[90mâ”€[39m[90mâ”€[39m[90mâ”€[39m[90mâ”€[39m[90mâ”€[39m[90mâ”€[39m[90mâ”€[39m[90mâ”€[39m[90mâ”€[39m[90mâ”€[39m[90mâ”€[39m[90mâ”€[39m[90mâ”€[39m[90mâ”€[39m[90mâ”€[39m[90mâ”€[39m[90mâ”€[39m[90mâ”€[39m[90mâ”€[39m[90mâ”€[39m[90mâ”€[39m[90mâ”€[39m[90mâ”€[39m[90mâ”€[39m[90mâ”€[39m[90mâ”€[39m[90mâ”€[39m[90mâ”€[39m[90mâ”€[39m[90mâ”€[39m[90mâ”€[39m[90mâ”€[39m[90mâ”€[39m[90mâ”€[39m[90mâ”€[39m[90mâ”€[39m[90mâ”€[39m[90mâ”€[39m[90mâ”€[39m[90mâ”€[39m[90mâ”€[39m[90mâ”€[39m[90mâ”€[39m[90mâ”€[39m[90mâ”€[39m[90mâ”€[39m[90mâ”€[39m[90mâ”[39m
Admin UI E2E (3, chrome)	Run Cypress	2025-03-05T14:58:37.7616305Z [90m  â”‚[39m [90mTests:[39m        [32m35[39m                                                                               [90mâ”‚[39m
Admin UI E2E (3, chrome)	Run Cypress	2025-03-05T14:58:37.7617593Z [90m  â”‚[39m [90mPassing:[39m      [32m35[39m                                                                               [90mâ”‚[39m
Admin UI E2E (3, chrome)	Run Cypress	2025-03-05T14:58:37.7618595Z [90m  â”‚[39m [90mFailing:[39m      [32m0[39m                                                                                [90mâ”‚[39m
Admin UI E2E (3, chrome)	Run Cypress	2025-03-05T14:58:37.7619471Z [90m  â”‚[39m [90mPending:[39m      [32m0[39m                                                                                [90mâ”‚[39m
Admin UI E2E (3, chrome)	Run Cypress	2025-03-05T14:58:37.7620222Z [90m  â”‚[39m [90mSkipped:[39m      [32m0[39m                                                                                [90mâ”‚[39m
Admin UI E2E (3, chrome)	Run Cypress	2025-03-05T14:58:37.7621761Z [90m  â”‚[39m [90mScreenshots:[39m  [32m0[39m                                                                                [90mâ”‚[39m
Admin UI E2E (3, chrome)	Run Cypress	2025-03-05T14:58:37.7623312Z [90m  â”‚[39m [90mVideo:[39m        [32mfalse[39m                                                                            [90mâ”‚[39m
Admin UI E2E (3, chrome)	Run Cypress	2025-03-05T14:58:37.7624742Z [90m  â”‚[39m [90mDuration:[39m     [32m2 minutes, 44 seconds[39m                                                            [90mâ”‚[39m
Admin UI E2E (3, chrome)	Run Cypress	2025-03-05T14:58:37.7626364Z [90m  â”‚[39m [90mSpec Ran:[39m     [32m[32mrealm_settings_tabs_test.spec.ts[32m[39m                                                 [90mâ”‚[39m
Admin UI E2E (3, chrome)	Run Cypress	2025-03-05T14:58:37.7635895Z [90m  â””[39m[90mâ”€[39m[90mâ”€[39m[90mâ”€[39m[90mâ”€[39m[90mâ”€[39m[90mâ”€[39m[90mâ”€[39m[90mâ”€[39m[90mâ”€[39m[90mâ”€[39m[90mâ”€[39m[90mâ”€[39m[90mâ”€[39m[90mâ”€[39m[90mâ”€[39m[90mâ”€[39m[90mâ”€[39m[90mâ”€[39m[90mâ”€[39m[90mâ”€[39m[90mâ”€[39m[90mâ”€[39m[90mâ”€[39m[90mâ”€[39m[90mâ”€[39m[90mâ”€[39m[90mâ”€[39m[90mâ”€[39m[90mâ”€[39m[90mâ”€[39m[90mâ”€[39m[90mâ”€[39m[90mâ”€[39m[90mâ”€[39m[90mâ”€[39m[90mâ”€[39m[90mâ”€[39m[90mâ”€[39m[90mâ”€[39m[90mâ”€[39m[90mâ”€[39m[90mâ”€[39m[90mâ”€[39m[90mâ”€[39m[90mâ”€[39m[90mâ”€[39m[90mâ”€[39m[90mâ”€[39m[90mâ”€[39m[90mâ”€[39m[90mâ”€[39m[90mâ”€[39m[90mâ”€[39m[90mâ”€[39m[90mâ”€[39m[90mâ”€[39m[90mâ”€[39m[90mâ”€[39m[90mâ”€[39m[90mâ”€[39m[90mâ”€[39m[90mâ”€[39m[90mâ”€[39m[90mâ”€[39m[90mâ”€[39m[90mâ”€[39m[90mâ”€[39m[90mâ”€[39m[90mâ”€[39m[90mâ”€[39m[90mâ”€[39m[90mâ”€[39m[90mâ”€[39m[90mâ”€[39m[90mâ”€[39m[90mâ”€[39m[90mâ”€[39m[90mâ”€[39m[90mâ”€[39m[90mâ”€[39m[90mâ”€[39m[90mâ”€[39m[90mâ”€[39m[90mâ”€[39m[90mâ”€[39m[90mâ”€[39m[90mâ”€[39m[90mâ”€[39m[90mâ”€[39m[90mâ”€[39m[90mâ”€[39m[90mâ”€[39m[90mâ”€[39m[90mâ”€[39m[90mâ”€[39m[90mâ”€[39m[90mâ”˜[39m
Admin UI E2E (3, chrome)	Run Cypress	2025-03-05T14:58:37.7639822Z 
Admin UI E2E (3, chrome)	Run Cypress	2025-03-05T14:58:37.8233085Z 
Admin UI E2E (3, chrome)	Run Cypress	2025-03-05T14:58:37.8269050Z [90mâ”€[39m[90mâ”€[39m[90mâ”€[39m[90mâ”€[39m[90mâ”€[39m[90mâ”€[39m[90mâ”€[39m[90mâ”€[39m[90mâ”€[39m[90mâ”€[39m[90mâ”€[39m[90mâ”€[39m[90mâ”€[39m[90mâ”€[39m[90mâ”€[39m[90mâ”€[39m[90mâ”€[39m[90mâ”€[39m[90mâ”€[39m[90mâ”€[39m[90mâ”€[39m[90mâ”€[39m[90mâ”€[39m[90mâ”€[39m[90mâ”€[39m[90mâ”€[39m[90mâ”€[39m[90mâ”€[39m[90mâ”€[39m[90mâ”€[39m[90mâ”€[39m[90mâ”€[39m[90mâ”€[39m[90mâ”€[39m[90mâ”€[39m[90mâ”€[39m[90mâ”€[39m[90mâ”€[39m[90mâ”€[39m[90mâ”€[39m[90mâ”€[39m[90mâ”€[39m[90mâ”€[39m[90mâ”€[39m[90mâ”€[39m[90mâ”€[39m[90mâ”€[39m[90mâ”€[39m[90mâ”€[39m[90mâ”€[39m[90mâ”€[39m[90mâ”€[39m[90mâ”€[39m[90mâ”€[39m[90mâ”€[39m[90mâ”€[39m[90mâ”€[39m[90mâ”€[39m[90mâ”€[39m[90mâ”€[39m[90mâ”€[39m[90mâ”€[39m[90mâ”€[39m[90mâ”€[39m[90mâ”€[39m[90mâ”€[39m[90mâ”€[39m[90mâ”€[39m[90mâ”€[39m[90mâ”€[39m[90mâ”€[39m[90mâ”€[39m[90mâ”€[39m[90mâ”€[39m[90mâ”€[39m[90mâ”€[39m[90mâ”€[39m[90mâ”€[39m[90mâ”€[39m[90mâ”€[39m[90mâ”€[39m[90mâ”€[39m[90mâ”€[39m[90mâ”€[39m[90mâ”€[39m[90mâ”€[39m[90mâ”€[39m[90mâ”€[39m[90mâ”€[39m[90mâ”€[39m[90mâ”€[39m[90mâ”€[39m[90mâ”€[39m[90mâ”€[39m[90mâ”€[39m[90mâ”€[39m[90mâ”€[39m[90mâ”€[39m[90mâ”€[39m[90mâ”€[39m
Admin UI E2E (3, chrome)	Run Cypress	2025-03-05T14:58:37.8296429Z                                                                                                     
Admin UI E2E (3, chrome)	Run Cypress	2025-03-05T14:58:37.8297681Z   Running:  [90mrealm_settings_general_tab_test.spec.ts[39m                                         [90m(7 of 8)[39m
Admin UI E2E (3, chrome)	Run Cypress	2025-03-05T14:58:41.8873748Z 
Admin UI E2E (3, chrome)	Run Cypress	2025-03-05T14:58:41.8879100Z [0m[0m
Admin UI E2E (3, chrome)	Run Cypress	2025-03-05T14:58:41.8909770Z [0m  Realm settings general tab tests[0m
Admin UI E2E (3, chrome)	Run Cypress	2025-03-05T14:58:47.7666957Z   [32m  âœ“[0m[90m Test all general tab switches[0m[90m (5837ms)[0m
Admin UI E2E (3, chrome)	Run Cypress	2025-03-05T14:58:50.9237700Z   [32m  âœ“[0m[90m Test realm enable/disable switch[0m[90m (3085ms)[0m
Admin UI E2E (3, chrome)	Run Cypress	2025-03-05T14:58:53.0702378Z   [32m  âœ“[0m[90m Fail to set Realm ID to empty[0m[90m (2081ms)[0m
Admin UI E2E (3, chrome)	Run Cypress	2025-03-05T14:58:55.5640255Z   [32m  âœ“[0m[90m Modify Display name[0m[90m (2464ms)[0m
Admin UI E2E (3, chrome)	Run Cypress	2025-03-05T14:58:57.5403010Z   [32m  âœ“[0m[90m Check Display name value[0m[90m (1950ms)[0m
Admin UI E2E (3, chrome)	Run Cypress	2025-03-05T14:58:59.9836774Z   [32m  âœ“[0m[90m Modify front end URL[0m[90m (2419ms)[0m
Admin UI E2E (3, chrome)	Run Cypress	2025-03-05T14:59:02.6361276Z   [32m  âœ“[0m[90m Select SSL all requests[0m[90m (2591ms)[0m
Admin UI E2E (3, chrome)	Run Cypress	2025-03-05T14:59:04.9700648Z   [32m  âœ“[0m[90m Verify SSL all requests displays[0m[90m (2273ms)[0m
Admin UI E2E (3, chrome)	Run Cypress	2025-03-05T14:59:07.6097283Z   [32m  âœ“[0m[90m Select SSL external requests[0m[90m (2562ms)[0m
Admin UI E2E (3, chrome)	Run Cypress	2025-03-05T14:59:09.7112228Z   [32m  âœ“[0m[90m Verify SSL external requests displays[0m[90m (2048ms)[0m
Admin UI E2E (3, chrome)	Run Cypress	2025-03-05T14:59:11.9830483Z   [32m  âœ“[0m[90m Select SSL None[0m[90m (2242ms)[0m
Admin UI E2E (3, chrome)	Run Cypress	2025-03-05T14:59:13.9711912Z   [32m  âœ“[0m[90m Verify SSL None displays[0m[90m (1959ms)[0m
Admin UI E2E (3, chrome)	Run Cypress	2025-03-05T14:59:15.9257459Z   [32m  âœ“[0m[90m Check Access Endpoints OpenID Endpoint Configuration link[0m[90m (1905ms)[0m
Admin UI E2E (3, chrome)	Run Cypress	2025-03-05T14:59:17.9313286Z   [32m  âœ“[0m[90m Access Endpoints OpenID Endpoint Configuration link[0m[90m (2004ms)[0m
Admin UI E2E (3, chrome)	Run Cypress	2025-03-05T14:59:20.0630761Z   [32m  âœ“[0m[90m Check if Access Endpoints SAML 2.0 Identity Provider Metadata link exists[0m[90m (2090ms)[0m
Admin UI E2E (3, chrome)	Run Cypress	2025-03-05T14:59:22.0075486Z   [32m  âœ“[0m[90m Access Endpoints SAML 2.0 Identity Provider Metadata link[0m[90m (1925ms)[0m
Admin UI E2E (3, chrome)	Run Cypress	2025-03-05T14:59:25.0703852Z   [32m  âœ“[0m[90m Verify 'Revert' button works[0m[90m (2496ms)[0m
Admin UI E2E (3, chrome)	Run Cypress	2025-03-05T14:59:25.0708511Z 
Admin UI E2E (3, chrome)	Run Cypress	2025-03-05T14:59:25.1110735Z 
Admin UI E2E (3, chrome)	Run Cypress	2025-03-05T14:59:25.1116337Z [92m [0m[32m 17 passing[0m[90m (43s)[0m
Admin UI E2E (3, chrome)	Run Cypress	2025-03-05T14:59:25.1121019Z 
Admin UI E2E (3, chrome)	Run Cypress	2025-03-05T14:59:26.1285461Z 
Admin UI E2E (3, chrome)	Run Cypress	2025-03-05T14:59:26.1286640Z [32m  ([4m[1mResults[22m[24m)[39m
Admin UI E2E (3, chrome)	Run Cypress	2025-03-05T14:59:26.1289701Z 
Admin UI E2E (3, chrome)	Run Cypress	2025-03-05T14:59:26.1299811Z [90m  â”Œ[39m[90mâ”€[39m[90mâ”€[39m[90mâ”€[39m[90mâ”€[39m[90mâ”€[39m[90mâ”€[39m[90mâ”€[39m[90mâ”€[39m[90mâ”€[39m[90mâ”€[39m[90mâ”€[39m[90mâ”€[39m[90mâ”€[39m[90mâ”€[39m[90mâ”€[39m[90mâ”€[39m[90mâ”€[39m[90mâ”€[39m[90mâ”€[39m[90mâ”€[39m[90mâ”€[39m[90mâ”€[39m[90mâ”€[39m[90mâ”€[39m[90mâ”€[39m[90mâ”€[39m[90mâ”€[39m[90mâ”€[39m[90mâ”€[39m[90mâ”€[39m[90mâ”€[39m[90mâ”€[39m[90mâ”€[39m[90mâ”€[39m[90mâ”€[39m[90mâ”€[39m[90mâ”€[39m[90mâ”€[39m[90mâ”€[39m[90mâ”€[39m[90mâ”€[39m[90mâ”€[39m[90mâ”€[39m[90mâ”€[39m[90mâ”€[39m[90mâ”€[39m[90mâ”€[39m[90mâ”€[39m[90mâ”€[39m[90mâ”€[39m[90mâ”€[39m[90mâ”€[39m[90mâ”€[39m[90mâ”€[39m[90mâ”€[39m[90mâ”€[39m[90mâ”€[39m[90mâ”€[39m[90mâ”€[39m[90mâ”€[39m[90mâ”€[39m[90mâ”€[39m[90mâ”€[39m[90mâ”€[39m[90mâ”€[39m[90mâ”€[39m[90mâ”€[39m[90mâ”€[39m[90mâ”€[39m[90mâ”€[39m[90mâ”€[39m[90mâ”€[39m[90mâ”€[39m[90mâ”€[39m[90mâ”€[39m[90mâ”€[39m[90mâ”€[39m[90mâ”€[39m[90mâ”€[39m[90mâ”€[39m[90mâ”€[39m[90mâ”€[39m[90mâ”€[39m[90mâ”€[39m[90mâ”€[39m[90mâ”€[39m[90mâ”€[39m[90mâ”€[39m[90mâ”€[39m[90mâ”€[39m[90mâ”€[39m[90mâ”€[39m[90mâ”€[39m[90mâ”€[39m[90mâ”€[39m[90mâ”€[39m[90mâ”[39m
Admin UI E2E (3, chrome)	Run Cypress	2025-03-05T14:59:26.1303291Z [90m  â”‚[39m [90mTests:[39m        [32m17[39m                                                                               [90mâ”‚[39m
Admin UI E2E (3, chrome)	Run Cypress	2025-03-05T14:59:26.1304020Z [90m  â”‚[39m [90mPassing:[39m      [32m17[39m                                                                               [90mâ”‚[39m
Admin UI E2E (3, chrome)	Run Cypress	2025-03-05T14:59:26.1304747Z [90m  â”‚[39m [90mFailing:[39m      [32m0[39m                                                                                [90mâ”‚[39m
Admin UI E2E (3, chrome)	Run Cypress	2025-03-05T14:59:26.1305431Z [90m  â”‚[39m [90mPending:[39m      [32m0[39m                                                                                [90mâ”‚[39m
Admin UI E2E (3, chrome)	Run Cypress	2025-03-05T14:59:26.1306305Z [90m  â”‚[39m [90mSkipped:[39m      [32m0[39m                                                                                [90mâ”‚[39m
Admin UI E2E (3, chrome)	Run Cypress	2025-03-05T14:59:26.1307294Z [90m  â”‚[39m [90mScreenshots:[39m  [32m0[39m                                                                                [90mâ”‚[39m
Admin UI E2E (3, chrome)	Run Cypress	2025-03-05T14:59:26.1308022Z [90m  â”‚[39m [90mVideo:[39m        [32mfalse[39m                                                                            [90mâ”‚[39m
Admin UI E2E (3, chrome)	Run Cypress	2025-03-05T14:59:26.1309052Z [90m  â”‚[39m [90mDuration:[39m     [32m43 seconds[39m                                                                       [90mâ”‚[39m
Admin UI E2E (3, chrome)	Run Cypress	2025-03-05T14:59:26.1309931Z [90m  â”‚[39m [90mSpec Ran:[39m     [32m[32mrealm_settings_general_tab_test.spec.ts[32m[39m                                          [90mâ”‚[39m
Admin UI E2E (3, chrome)	Run Cypress	2025-03-05T14:59:26.1316401Z [90m  â””[39m[90mâ”€[39m[90mâ”€[39m[90mâ”€[39m[90mâ”€[39m[90mâ”€[39m[90mâ”€[39m[90mâ”€[39m[90mâ”€[39m[90mâ”€[39m[90mâ”€[39m[90mâ”€[39m[90mâ”€[39m[90mâ”€[39m[90mâ”€[39m[90mâ”€[39m[90mâ”€[39m[90mâ”€[39m[90mâ”€[39m[90mâ”€[39m[90mâ”€[39m[90mâ”€[39m[90mâ”€[39m[90mâ”€[39m[90mâ”€[39m[90mâ”€[39m[90mâ”€[39m[90mâ”€[39m[90mâ”€[39m[90mâ”€[39m[90mâ”€[39m[90mâ”€[39m[90mâ”€[39m[90mâ”€[39m[90mâ”€[39m[90mâ”€[39m[90mâ”€[39m[90mâ”€[39m[90mâ”€[39m[90mâ”€[39m[90mâ”€[39m[90mâ”€[39m[90mâ”€[39m[90mâ”€[39m[90mâ”€[39m[90mâ”€[39m[90mâ”€[39m[90mâ”€[39m[90mâ”€[39m[90mâ”€[39m[90mâ”€[39m[90mâ”€[39m[90mâ”€[39m[90mâ”€[39m[90mâ”€[39m[90mâ”€[39m[90mâ”€[39m[90mâ”€[39m[90mâ”€[39m[90mâ”€[39m[90mâ”€[39m[90mâ”€[39m[90mâ”€[39m[90mâ”€[39m[90mâ”€[39m[90mâ”€[39m[90mâ”€[39m[90mâ”€[39m[90mâ”€[39m[90mâ”€[39m[90mâ”€[39m[90mâ”€[39m[90mâ”€[39m[90mâ”€[39m[90mâ”€[39m[90mâ”€[39m[90mâ”€[39m[90mâ”€[39m[90mâ”€[39m[90mâ”€[39m[90mâ”€[39m[90mâ”€[39m[90mâ”€[39m[90mâ”€[39m[90mâ”€[39m[90mâ”€[39m[90mâ”€[39m[90mâ”€[39m[90mâ”€[39m[90mâ”€[39m[90mâ”€[39m[90mâ”€[39m[90mâ”€[39m[90mâ”€[39m[90mâ”€[39m[90mâ”€[39m[90mâ”€[39m[90mâ”˜[39m
Admin UI E2E (3, chrome)	Run Cypress	2025-03-05T14:59:26.1319549Z 
Admin UI E2E (3, chrome)	Run Cypress	2025-03-05T14:59:26.1697989Z 
Admin UI E2E (3, chrome)	Run Cypress	2025-03-05T14:59:26.1706374Z [90mâ”€[39m[90mâ”€[39m[90mâ”€[39m[90mâ”€[39m[90mâ”€[39m[90mâ”€[39m[90mâ”€[39m[90mâ”€[39m[90mâ”€[39m[90mâ”€[39m[90mâ”€[39m[90mâ”€[39m[90mâ”€[39m[90mâ”€[39m[90mâ”€[39m[90mâ”€[39m[90mâ”€[39m[90mâ”€[39m[90mâ”€[39m[90mâ”€[39m[90mâ”€[39m[90mâ”€[39m[90mâ”€[39m[90mâ”€[39m[90mâ”€[39m[90mâ”€[39m[90mâ”€[39m[90mâ”€[39m[90mâ”€[39m[90mâ”€[39m[90mâ”€[39m[90mâ”€[39m[90mâ”€[39m[90mâ”€[39m[90mâ”€[39m[90mâ”€[39m[90mâ”€[39m[90mâ”€[39m[90mâ”€[39m[90mâ”€[39m[90mâ”€[39m[90mâ”€[39m[90mâ”€[39m[90mâ”€[39m[90mâ”€[39m[90mâ”€[39m[90mâ”€[39m[90mâ”€[39m[90mâ”€[39m[90mâ”€[39m[90mâ”€[39m[90mâ”€[39m[90mâ”€[39m[90mâ”€[39m[90mâ”€[39m[90mâ”€[39m[90mâ”€[39m[90mâ”€[39m[90mâ”€[39m[90mâ”€[39m[90mâ”€[39m[90mâ”€[39m[90mâ”€[39m[90mâ”€[39m[90mâ”€[39m[90mâ”€[39m[90mâ”€[39m[90mâ”€[39m[90mâ”€[39m[90mâ”€[39m[90mâ”€[39m[90mâ”€[39m[90mâ”€[39m[90mâ”€[39m[90mâ”€[39m[90mâ”€[39m[90mâ”€[39m[90mâ”€[39m[90mâ”€[39m[90mâ”€[39m[90mâ”€[39m[90mâ”€[39m[90mâ”€[39m[90mâ”€[39m[90mâ”€[39m[90mâ”€[39m[90mâ”€[39m[90mâ”€[39m[90mâ”€[39m[90mâ”€[39m[90mâ”€[39m[90mâ”€[39m[90mâ”€[39m[90mâ”€[39m[90mâ”€[39m[90mâ”€[39m[90mâ”€[39m[90mâ”€[39m[90mâ”€[39m[90mâ”€[39m
Admin UI E2E (3, chrome)	Run Cypress	2025-03-05T14:59:26.1711622Z                                                                                                     
Admin UI E2E (3, chrome)	Run Cypress	2025-03-05T14:59:26.1712829Z   Running:  [90mclients_role.spec.ts[39m                                                            [90m(8 of 8)[39m
Admin UI E2E (3, chrome)	Run Cypress	2025-03-05T14:59:29.9559530Z 
Admin UI E2E (3, chrome)	Run Cypress	2025-03-05T14:59:29.9561206Z [0m[0m
Admin UI E2E (3, chrome)	Run Cypress	2025-03-05T14:59:29.9589044Z [0m  Roles tab test[0m
Admin UI E2E (3, chrome)	Run Cypress	2025-03-05T14:59:37.6010965Z   [32m  âœ“[0m[90m Should fail to create client role with empty name[0m[90m (7611ms)[0m
Admin UI E2E (3, chrome)	Run Cypress	2025-03-05T14:59:41.9757696Z   [32m  âœ“[0m[90m Should create client role[0m[90m (4324ms)[0m
Admin UI E2E (3, chrome)	Run Cypress	2025-03-05T14:59:46.6546293Z   [32m  âœ“[0m[90m Should update client role description[0m[90m (4649ms)[0m
Admin UI E2E (3, chrome)	Run Cypress	2025-03-05T14:59:52.1105302Z   [32m  âœ“[0m[90m Should add attribute to client role[0m[90m (5416ms)[0m
Admin UI E2E (3, chrome)	Run Cypress	2025-03-05T14:59:56.4597073Z   [32m  âœ“[0m[90m Should delete attribute from client role[0m[90m (4288ms)[0m
Admin UI E2E (3, chrome)	Run Cypress	2025-03-05T15:00:01.2028389Z   [32m  âœ“[0m[90m Should create client role to be deleted[0m[90m (4658ms)[0m
Admin UI E2E (3, chrome)	Run Cypress	2025-03-05T15:00:06.1680112Z   [32m  âœ“[0m[90m Should fail to create duplicate client role[0m[90m (4903ms)[0m
Admin UI E2E (3, chrome)	Run Cypress	2025-03-05T15:00:10.3880411Z   [32m  âœ“[0m[90m Should search existing client role[0m[90m (4169ms)[0m
Admin UI E2E (3, chrome)	Run Cypress	2025-03-05T15:00:13.9981640Z   [32m  âœ“[0m[90m Should search non-existing role test[0m[90m (3583ms)[0m
Admin UI E2E (3, chrome)	Run Cypress	2025-03-05T15:00:17.4303225Z   [32m  âœ“[0m[90m roles empty search test[0m[90m (3398ms)[0m
Admin UI E2E (3, chrome)	Run Cypress	2025-03-05T15:00:24.8037322Z   [32m  âœ“[0m[90m Add associated roles test[0m[90m (7296ms)[0m
Admin UI E2E (3, chrome)	Run Cypress	2025-03-05T15:00:29.0975224Z   [32m  âœ“[0m[90m Should hide inherited roles test[0m[90m (4251ms)[0m
Admin UI E2E (3, chrome)	Run Cypress	2025-03-05T15:00:33.7875541Z   [32m  âœ“[0m[90m Should delete associated roles test[0m[90m (4659ms)[0m
Admin UI E2E (3, chrome)	Run Cypress	2025-03-05T15:00:38.3716448Z   [32m  âœ“[0m[90m Should delete associated role from search bar test[0m[90m (4556ms)[0m
Admin UI E2E (3, chrome)	Run Cypress	2025-03-05T15:00:41.9791439Z   [32m  âœ“[0m[90m Should delete client role test[0m[90m (3574ms)[0m
Admin UI E2E (3, chrome)	Run Cypress	2025-03-05T15:00:46.7058514Z   [32m  âœ“[0m[90m Should delete client role from role details test[0m[90m (4178ms)[0m
Admin UI E2E (3, chrome)	Run Cypress	2025-03-05T15:00:46.7071823Z 
Admin UI E2E (3, chrome)	Run Cypress	2025-03-05T15:00:46.7282856Z 
Admin UI E2E (3, chrome)	Run Cypress	2025-03-05T15:00:46.7284280Z [92m [0m[32m 16 passing[0m[90m (1m)[0m
Admin UI E2E (3, chrome)	Run Cypress	2025-03-05T15:00:46.7285077Z 
Admin UI E2E (3, chrome)	Run Cypress	2025-03-05T15:00:47.7473701Z 
Admin UI E2E (3, chrome)	Run Cypress	2025-03-05T15:00:47.7474958Z [32m  ([4m[1mResults[22m[24m)[39m
Admin UI E2E (3, chrome)	Run Cypress	2025-03-05T15:00:47.7479693Z 
Admin UI E2E (3, chrome)	Run Cypress	2025-03-05T15:00:47.7493178Z [90m  â”Œ[39m[90mâ”€[39m[90mâ”€[39m[90mâ”€[39m[90mâ”€[39m[90mâ”€[39m[90mâ”€[39m[90mâ”€[39m[90mâ”€[39m[90mâ”€[39m[90mâ”€[39m[90mâ”€[39m[90mâ”€[39m[90mâ”€[39m[90mâ”€[39m[90mâ”€[39m[90mâ”€[39m[90mâ”€[39m[90mâ”€[39m[90mâ”€[39m[90mâ”€[39m[90mâ”€[39m[90mâ”€[39m[90mâ”€[39m[90mâ”€[39m[90mâ”€[39m[90mâ”€[39m[90mâ”€[39m[90mâ”€[39m[90mâ”€[39m[90mâ”€[39m[90mâ”€[39m[90mâ”€[39m[90mâ”€[39m[90mâ”€[39m[90mâ”€[39m[90mâ”€[39m[90mâ”€[39m[90mâ”€[39m[90mâ”€[39m[90mâ”€[39m[90mâ”€[39m[90mâ”€[39m[90mâ”€[39m[90mâ”€[39m[90mâ”€[39m[90mâ”€[39m[90mâ”€[39m[90mâ”€[39m[90mâ”€[39m[90mâ”€[39m[90mâ”€[39m[90mâ”€[39m[90mâ”€[39m[90mâ”€[39m[90mâ”€[39m[90mâ”€[39m[90mâ”€[39m[90mâ”€[39m[90mâ”€[39m[90mâ”€[39m[90mâ”€[39m[90mâ”€[39m[90mâ”€[39m[90mâ”€[39m[90mâ”€[39m[90mâ”€[39m[90mâ”€[39m[90mâ”€[39m[90mâ”€[39m[90mâ”€[39m[90mâ”€[39m[90mâ”€[39m[90mâ”€[39m[90mâ”€[39m[90mâ”€[39m[90mâ”€[39m[90mâ”€[39m[90mâ”€[39m[90mâ”€[39m[90mâ”€[39m[90mâ”€[39m[90mâ”€[39m[90mâ”€[39m[90mâ”€[39m[90mâ”€[39m[90mâ”€[39m[90mâ”€[39m[90mâ”€[39m[90mâ”€[39m[90mâ”€[39m[90mâ”€[39m[90mâ”€[39m[90mâ”€[39m[90mâ”€[39m[90mâ”€[39m[90mâ”€[39m[90mâ”[39m
Admin UI E2E (3, chrome)	Run Cypress	2025-03-05T15:00:47.7497409Z [90m  â”‚[39m [90mTests:[39m        [32m16[39m                                                                               [90mâ”‚[39m
Admin UI E2E (3, chrome)	Run Cypress	2025-03-05T15:00:47.7498178Z [90m  â”‚[39m [90mPassing:[39m      [32m16[39m                                                                               [90mâ”‚[39m
Admin UI E2E (3, chrome)	Run Cypress	2025-03-05T15:00:47.7499345Z [90m  â”‚[39m [90mFailing:[39m      [32m0[39m                                                                                [90mâ”‚[39m
Admin UI E2E (3, chrome)	Run Cypress	2025-03-05T15:00:47.7500613Z [90m  â”‚[39m [90mPending:[39m      [32m0[39m                                                                                [90mâ”‚[39m
Admin UI E2E (3, chrome)	Run Cypress	2025-03-05T15:00:47.7501912Z [90m  â”‚[39m [90mSkipped:[39m      [32m0[39m                                                                                [90mâ”‚[39m
Admin UI E2E (3, chrome)	Run Cypress	2025-03-05T15:00:47.7503511Z [90m  â”‚[39m [90mScreenshots:[39m  [32m0[39m                                                                                [90mâ”‚[39m
Admin UI E2E (3, chrome)	Run Cypress	2025-03-05T15:00:47.7504841Z [90m  â”‚[39m [90mVideo:[39m        [32mfalse[39m                                                                            [90mâ”‚[39m
Admin UI E2E (3, chrome)	Run Cypress	2025-03-05T15:00:47.7506233Z [90m  â”‚[39m [90mDuration:[39m     [32m1 minute, 16 seconds[39m                                                             [90mâ”‚[39m
Admin UI E2E (3, chrome)	Run Cypress	2025-03-05T15:00:47.7508198Z [90m  â”‚[39m [90mSpec Ran:[39m     [32m[32mclients_role.spec.ts[32m[39m                                                             [90mâ”‚[39m
Admin UI E2E (3, chrome)	Run Cypress	2025-03-05T15:00:47.7545745Z [90m  â””[39m[90mâ”€[39m[90mâ”€[39m[90mâ”€[39m[90mâ”€[39m[90mâ”€[39m[90mâ”€[39m[90mâ”€[39m[90mâ”€[39m[90mâ”€[39m[90mâ”€[39m[90mâ”€[39m[90mâ”€[39m[90mâ”€[39m[90mâ”€[39m[90mâ”€[39m[90mâ”€[39m[90mâ”€[39m[90mâ”€[39m[90mâ”€[39m[90mâ”€[39m[90mâ”€[39m[90mâ”€[39m[90mâ”€[39m[90mâ”€[39m[90mâ”€[39m[90mâ”€[39m[90mâ”€[39m[90mâ”€[39m[90mâ”€[39m[90mâ”€[39m[90mâ”€[39m[90mâ”€[39m[90mâ”€[39m[90mâ”€[39m[90mâ”€[39m[90mâ”€[39m[90mâ”€[39m[90mâ”€[39m[90mâ”€[39m[90mâ”€[39m[90mâ”€[39m[90mâ”€[39m[90mâ”€[39m[90mâ”€[39m[90mâ”€[39m[90mâ”€[39m[90mâ”€[39m[90mâ”€[39m[90mâ”€[39m[90mâ”€[39m[90mâ”€[39m[90mâ”€[39m[90mâ”€[39m[90mâ”€[39m[90mâ”€[39m[90mâ”€[39m[90mâ”€[39m[90mâ”€[39m[90mâ”€[39m[90mâ”€[39m[90mâ”€[39m[90mâ”€[39m[90mâ”€[39m[90mâ”€[39m[90mâ”€[39m[90mâ”€[39m[90mâ”€[39m[90mâ”€[39m[90mâ”€[39m[90mâ”€[39m[90mâ”€[39m[90mâ”€[39m[90mâ”€[39m[90mâ”€[39m[90mâ”€[39m[90mâ”€[39m[90mâ”€[39m[90mâ”€[39m[90mâ”€[39m[90mâ”€[39m[90mâ”€[39m[90mâ”€[39m[90mâ”€[39m[90mâ”€[39m[90mâ”€[39m[90mâ”€[39m[90mâ”€[39m[90mâ”€[39m[90mâ”€[39m[90mâ”€[39m[90mâ”€[39m[90mâ”€[39m[90mâ”€[39m[90mâ”€[39m[90mâ”€[39m[90mâ”€[39m[90mâ”˜[39m
Admin UI E2E (3, chrome)	Run Cypress	2025-03-05T15:00:47.7550657Z 
Admin UI E2E (3, chrome)	Run Cypress	2025-03-05T15:00:47.7599566Z 
Admin UI E2E (3, chrome)	Run Cypress	2025-03-05T15:00:47.8269329Z [90m====================================================================================================[39m
Admin UI E2E (3, chrome)	Run Cypress	2025-03-05T15:00:47.8269835Z 
Admin UI E2E (3, chrome)	Run Cypress	2025-03-05T15:00:47.8270216Z [0m  ([4m[1mRun Finished[22m[24m)[0m
Admin UI E2E (3, chrome)	Run Cypress	2025-03-05T15:00:47.8292045Z 
Admin UI E2E (3, chrome)	Run Cypress	2025-03-05T15:00:47.8292305Z 
Admin UI E2E (3, chrome)	Run Cypress	2025-03-05T15:00:47.8334116Z [90m   [39m    [90mSpec[39m                                              [90mTests[39m  [90mPassing[39m  [90mFailing[39m  [90mPending[39m  [90mSkipped[39m [90m [39m
Admin UI E2E (3, chrome)	Run Cypress	2025-03-05T15:00:47.8343845Z [90m  â”Œ[39m[90mâ”€[39m[90mâ”€[39m[90mâ”€[39m[90mâ”€[39m[90mâ”€[39m[90mâ”€[39m[90mâ”€[39m[90mâ”€[39m[90mâ”€[39m[90mâ”€[39m[90mâ”€[39m[90mâ”€[39m[90mâ”€[39m[90mâ”€[39m[90mâ”€[39m[90mâ”€[39m[90mâ”€[39m[90mâ”€[39m[90mâ”€[39m[90mâ”€[39m[90mâ”€[39m[90mâ”€[39m[90mâ”€[39m[90mâ”€[39m[90mâ”€[39m[90mâ”€[39m[90mâ”€[39m[90mâ”€[39m[90mâ”€[39m[90mâ”€[39m[90mâ”€[39m[90mâ”€[39m[90mâ”€[39m[90mâ”€[39m[90mâ”€[39m[90mâ”€[39m[90mâ”€[39m[90mâ”€[39m[90mâ”€[39m[90mâ”€[39m[90mâ”€[39m[90mâ”€[39m[90mâ”€[39m[90mâ”€[39m[90mâ”€[39m[90mâ”€[39m[90mâ”€[39m[90mâ”€[39m[90mâ”€[39m[90mâ”€[39m[90mâ”€[39m[90mâ”€[39m[90mâ”€[39m[90mâ”€[39m[90mâ”€[39m[90mâ”€[39m[90mâ”€[39m[90mâ”€[39m[90mâ”€[39m[90mâ”€[39m[90mâ”€[39m[90mâ”€[39m[90mâ”€[39m[90mâ”€[39m[90mâ”€[39m[90mâ”€[39m[90mâ”€[39m[90mâ”€[39m[90mâ”€[39m[90mâ”€[39m[90mâ”€[39m[90mâ”€[39m[90mâ”€[39m[90mâ”€[39m[90mâ”€[39m[90mâ”€[39m[90mâ”€[39m[90mâ”€[39m[90mâ”€[39m[90mâ”€[39m[90mâ”€[39m[90mâ”€[39m[90mâ”€[39m[90mâ”€[39m[90mâ”€[39m[90mâ”€[39m[90mâ”€[39m[90mâ”€[39m[90mâ”€[39m[90mâ”€[39m[90mâ”€[39m[90mâ”€[39m[90mâ”€[39m[90mâ”€[39m[90mâ”€[39m[90mâ”€[39m[90mâ”[39m
Admin UI E2E (3, chrome)	Run Cypress	2025-03-05T15:00:47.8348959Z [90m  â”‚[39m [32mâœ”[39m  [0mpartial_import_test.spec.ts[0m              [90m00:27[39m        [0m5[0m        [32m5[39m        [90m-[39m        [90m-[39m        [90m-[39m [90mâ”‚[39m
Admin UI E2E (3, chrome)	Run Cypress	2025-03-05T15:00:47.8356284Z [90m  â”œ[39m[90mâ”€[39m[90mâ”€[39m[90mâ”€[39m[90mâ”€[39m[90mâ”€[39m[90mâ”€[39m[90mâ”€[39m[90mâ”€[39m[90mâ”€[39m[90mâ”€[39m[90mâ”€[39m[90mâ”€[39m[90mâ”€[39m[90mâ”€[39m[90mâ”€[39m[90mâ”€[39m[90mâ”€[39m[90mâ”€[39m[90mâ”€[39m[90mâ”€[39m[90mâ”€[39m[90mâ”€[39m[90mâ”€[39m[90mâ”€[39m[90mâ”€[39m[90mâ”€[39m[90mâ”€[39m[90mâ”€[39m[90mâ”€[39m[90mâ”€[39m[90mâ”€[39m[90mâ”€[39m[90mâ”€[39m[90mâ”€[39m[90mâ”€[39m[90mâ”€[39m[90mâ”€[39m[90mâ”€[39m[90mâ”€[39m[90mâ”€[39m[90mâ”€[39m[90mâ”€[39m[90mâ”€[39m[90mâ”€[39m[90mâ”€[39m[90mâ”€[39m[90mâ”€[39m[90mâ”€[39m[90mâ”€[39m[90mâ”€[39m[90mâ”€[39m[90mâ”€[39m[90mâ”€[39m[90mâ”€[39m[90mâ”€[39m[90mâ”€[39m[90mâ”€[39m[90mâ”€[39m[90mâ”€[39m[90mâ”€[39m[90mâ”€[39m[90mâ”€[39m[90mâ”€[39m[90mâ”€[39m[90mâ”€[39m[90mâ”€[39m[90mâ”€[39m[90mâ”€[39m[90mâ”€[39m[90mâ”€[39m[90mâ”€[39m[90mâ”€[39m[90mâ”€[39m[90mâ”€[39m[90mâ”€[39m[90mâ”€[39m[90mâ”€[39m[90mâ”€[39m[90mâ”€[39m[90mâ”€[39m[90mâ”€[39m[90mâ”€[39m[90mâ”€[39m[90mâ”€[39m[90mâ”€[39m[90mâ”€[39m[90mâ”€[39m[90mâ”€[39m[90mâ”€[39m[90mâ”€[39m[90mâ”€[39m[90mâ”€[39m[90mâ”€[39m[90mâ”€[39m[90mâ”€[39m[90mâ”€[39m[90mâ”¤[39m
Admin UI E2E (3, chrome)	Run Cypress	2025-03-05T15:00:47.8361717Z [90m  â”‚[39m [31mâœ–[39m  [0mclient_scopes_test.spec.ts[0m               [90m03:17[39m       [0m25[0m       [32m24[39m        [31m1[39m        [90m-[39m        [90m-[39m [90mâ”‚[39m
Admin UI E2E (3, chrome)	Run Cypress	2025-03-05T15:00:47.8369218Z [90m  â”œ[39m[90mâ”€[39m[90mâ”€[39m[90mâ”€[39m[90mâ”€[39m[90mâ”€[39m[90mâ”€[39m[90mâ”€[39m[90mâ”€[39m[90mâ”€[39m[90mâ”€[39m[90mâ”€[39m[90mâ”€[39m[90mâ”€[39m[90mâ”€[39m[90mâ”€[39m[90mâ”€[39m[90mâ”€[39m[90mâ”€[39m[90mâ”€[39m[90mâ”€[39m[90mâ”€[39m[90mâ”€[39m[90mâ”€[39m[90mâ”€[39m[90mâ”€[39m[90mâ”€[39m[90mâ”€[39m[90mâ”€[39m[90mâ”€[39m[90mâ”€[39m[90mâ”€[39m[90mâ”€[39m[90mâ”€[39m[90mâ”€[39m[90mâ”€[39m[90mâ”€[39m[90mâ”€[39m[90mâ”€[39m[90mâ”€[39m[90mâ”€[39m[90mâ”€[39m[90mâ”€[39m[90mâ”€[39m[90mâ”€[39m[90mâ”€[39m[90mâ”€[39m[90mâ”€[39m[90mâ”€[39m[90mâ”€[39m[90mâ”€[39m[90mâ”€[39m[90mâ”€[39m[90mâ”€[39m[90mâ”€[39m[90mâ”€[39m[90mâ”€[39m[90mâ”€[39m[90mâ”€[39m[90mâ”€[39m[90mâ”€[39m[90mâ”€[39m[90mâ”€[39m[90mâ”€[39m[90mâ”€[39m[90mâ”€[39m[90mâ”€[39m[90mâ”€[39m[90mâ”€[39m[90mâ”€[39m[90mâ”€[39m[90mâ”€[39m[90mâ”€[39m[90mâ”€[39m[90mâ”€[39m[90mâ”€[39m[90mâ”€[39m[90mâ”€[39m[90mâ”€[39m[90mâ”€[39m[90mâ”€[39m[90mâ”€[39m[90mâ”€[39m[90mâ”€[39m[90mâ”€[39m[90mâ”€[39m[90mâ”€[39m[90mâ”€[39m[90mâ”€[39m[90mâ”€[39m[90mâ”€[39m[90mâ”€[39m[90mâ”€[39m[90mâ”€[39m[90mâ”€[39m[90mâ”€[39m[90mâ”€[39m[90mâ”¤[39m
Admin UI E2E (3, chrome)	Run Cypress	2025-03-05T15:00:47.8374818Z [90m  â”‚[39m [32mâœ”[39m  [0muser_fed_ldap_hardcoded_mapper_test[0m      [90m01:05[39m       [0m12[0m       [32m12[39m        [90m-[39m        [90m-[39m        [90m-[39m [90mâ”‚[39m
Admin UI E2E (3, chrome)	Run Cypress	2025-03-05T15:00:47.8376260Z [90m  â”‚[39m    [0m.spec.ts[0m                                                                                    [90mâ”‚[39m
Admin UI E2E (3, chrome)	Run Cypress	2025-03-05T15:00:47.8384876Z [90m  â”œ[39m[90mâ”€[39m[90mâ”€[39m[90mâ”€[39m[90mâ”€[39m[90mâ”€[39m[90mâ”€[39m[90mâ”€[39m[90mâ”€[39m[90mâ”€[39m[90mâ”€[39m[90mâ”€[39m[90mâ”€[39m[90mâ”€[39m[90mâ”€[39m[90mâ”€[39m[90mâ”€[39m[90mâ”€[39m[90mâ”€[39m[90mâ”€[39m[90mâ”€[39m[90mâ”€[39m[90mâ”€[39m[90mâ”€[39m[90mâ”€[39m[90mâ”€[39m[90mâ”€[39m[90mâ”€[39m[90mâ”€[39m[90mâ”€[39m[90mâ”€[39m[90mâ”€[39m[90mâ”€[39m[90mâ”€[39m[90mâ”€[39m[90mâ”€[39m[90mâ”€[39m[90mâ”€[39m[90mâ”€[39m[90mâ”€[39m[90mâ”€[39m[90mâ”€[39m[90mâ”€[39m[90mâ”€[39m[90mâ”€[39m[90mâ”€[39m[90mâ”€[39m[90mâ”€[39m[90mâ”€[39m[90mâ”€[39m[90mâ”€[39m[90mâ”€[39m[90mâ”€[39m[90mâ”€[39m[90mâ”€[39m[90mâ”€[39m[90mâ”€[39m[90mâ”€[39m[90mâ”€[39m[90mâ”€[39m[90mâ”€[39m[90mâ”€[39m[90mâ”€[39m[90mâ”€[39m[90mâ”€[39m[90mâ”€[39m[90mâ”€[39m[90mâ”€[39m[90mâ”€[39m[90mâ”€[39m[90mâ”€[39m[90mâ”€[39m[90mâ”€[39m[90mâ”€[39m[90mâ”€[39m[90mâ”€[39m[90mâ”€[39m[90mâ”€[39m[90mâ”€[39m[90mâ”€[39m[90mâ”€[39m[90mâ”€[39m[90mâ”€[39m[90mâ”€[39m[90mâ”€[39m[90mâ”€[39m[90mâ”€[39m[90mâ”€[39m[90mâ”€[39m[90mâ”€[39m[90mâ”€[39m[90mâ”€[39m[90mâ”€[39m[90mâ”€[39m[90mâ”€[39m[90mâ”€[39m[90mâ”€[39m[90mâ”¤[39m
Admin UI E2E (3, chrome)	Run Cypress	2025-03-05T15:00:47.8389961Z [90m  â”‚[39m [32mâœ”[39m  [0morganization.spec.ts[0m                      [90m80ms[39m        [0m6[0m        [90m-[39m        [90m-[39m        [36m6[39m        [90m-[39m [90mâ”‚[39m
Admin UI E2E (3, chrome)	Run Cypress	2025-03-05T15:00:47.8397459Z [90m  â”œ[39m[90mâ”€[39m[90mâ”€[39m[90mâ”€[39m[90mâ”€[39m[90mâ”€[39m[90mâ”€[39m[90mâ”€[39m[90mâ”€[39m[90mâ”€[39m[90mâ”€[39m[90mâ”€[39m[90mâ”€[39m[90mâ”€[39m[90mâ”€[39m[90mâ”€[39m[90mâ”€[39m[90mâ”€[39m[90mâ”€[39m[90mâ”€[39m[90mâ”€[39m[90mâ”€[39m[90mâ”€[39m[90mâ”€[39m[90mâ”€[39m[90mâ”€[39m[90mâ”€[39m[90mâ”€[39m[90mâ”€[39m[90mâ”€[39m[90mâ”€[39m[90mâ”€[39m[90mâ”€[39m[90mâ”€[39m[90mâ”€[39m[90mâ”€[39m[90mâ”€[39m[90mâ”€[39m[90mâ”€[39m[90mâ”€[39m[90mâ”€[39m[90mâ”€[39m[90mâ”€[39m[90mâ”€[39m[90mâ”€[39m[90mâ”€[39m[90mâ”€[39m[90mâ”€[39m[90mâ”€[39m[90mâ”€[39m[90mâ”€[39m[90mâ”€[39m[90mâ”€[39m[90mâ”€[39m[90mâ”€[39m[90mâ”€[39m[90mâ”€[39m[90mâ”€[39m[90mâ”€[39m[90mâ”€[39m[90mâ”€[39m[90mâ”€[39m[90mâ”€[39m[90mâ”€[39m[90mâ”€[39m[90mâ”€[39m[90mâ”€[39m[90mâ”€[39m[90mâ”€[39m[90mâ”€[39m[90mâ”€[39m[90mâ”€[39m[90mâ”€[39m[90mâ”€[39m[90mâ”€[39m[90mâ”€[39m[90mâ”€[39m[90mâ”€[39m[90mâ”€[39m[90mâ”€[39m[90mâ”€[39m[90mâ”€[39m[90mâ”€[39m[90mâ”€[39m[90mâ”€[39m[90mâ”€[39m[90mâ”€[39m[90mâ”€[39m[90mâ”€[39m[90mâ”€[39m[90mâ”€[39m[90mâ”€[39m[90mâ”€[39m[90mâ”€[39m[90mâ”€[39m[90mâ”€[39m[90mâ”€[39m[90mâ”¤[39m
Admin UI E2E (3, chrome)	Run Cypress	2025-03-05T15:00:47.8402907Z [90m  â”‚[39m [32mâœ”[39m  [0msessions_test.spec.ts[0m                    [90m00:29[39m       [0m13[0m        [32m8[39m        [90m-[39m        [36m5[39m        [90m-[39m [90mâ”‚[39m
Admin UI E2E (3, chrome)	Run Cypress	2025-03-05T15:00:47.8409828Z [90m  â”œ[39m[90mâ”€[39m[90mâ”€[39m[90mâ”€[39m[90mâ”€[39m[90mâ”€[39m[90mâ”€[39m[90mâ”€[39m[90mâ”€[39m[90mâ”€[39m[90mâ”€[39m[90mâ”€[39m[90mâ”€[39m[90mâ”€[39m[90mâ”€[39m[90mâ”€[39m[90mâ”€[39m[90mâ”€[39m[90mâ”€[39m[90mâ”€[39m[90mâ”€[39m[90mâ”€[39m[90mâ”€[39m[90mâ”€[39m[90mâ”€[39m[90mâ”€[39m[90mâ”€[39m[90mâ”€[39m[90mâ”€[39m[90mâ”€[39m[90mâ”€[39m[90mâ”€[39m[90mâ”€[39m[90mâ”€[39m[90mâ”€[39m[90mâ”€[39m[90mâ”€[39m[90mâ”€[39m[90mâ”€[39m[90mâ”€[39m[90mâ”€[39m[90mâ”€[39m[90mâ”€[39m[90mâ”€[39m[90mâ”€[39m[90mâ”€[39m[90mâ”€[39m[90mâ”€[39m[90mâ”€[39m[90mâ”€[39m[90mâ”€[39m[90mâ”€[39m[90mâ”€[39m[90mâ”€[39m[90mâ”€[39m[90mâ”€[39m[90mâ”€[39m[90mâ”€[39m[90mâ”€[39m[90mâ”€[39m[90mâ”€[39m[90mâ”€[39m[90mâ”€[39m[90mâ”€[39m[90mâ”€[39m[90mâ”€[39m[90mâ”€[39m[90mâ”€[39m[90mâ”€[39m[90mâ”€[39m[90mâ”€[39m[90mâ”€[39m[90mâ”€[39m[90mâ”€[39m[90mâ”€[39m[90mâ”€[39m[90mâ”€[39m[90mâ”€[39m[90mâ”€[39m[90mâ”€[39m[90mâ”€[39m[90mâ”€[39m[90mâ”€[39m[90mâ”€[39m[90mâ”€[39m[90mâ”€[39m[90mâ”€[39m[90mâ”€[39m[90mâ”€[39m[90mâ”€[39m[90mâ”€[39m[90mâ”€[39m[90mâ”€[39m[90mâ”€[39m[90mâ”€[39m[90mâ”€[39m[90mâ”€[39m[90mâ”¤[39m
Admin UI E2E (3, chrome)	Run Cypress	2025-03-05T15:00:47.8414796Z [90m  â”‚[39m [32mâœ”[39m  [0mrealm_settings_tabs_test.spec.ts[0m         [90m02:44[39m       [0m35[0m       [32m35[39m        [90m-[39m        [90m-[39m        [90m-[39m [90mâ”‚[39m
Admin UI E2E (3, chrome)	Run Cypress	2025-03-05T15:00:47.8422233Z [90m  â”œ[39m[90mâ”€[39m[90mâ”€[39m[90mâ”€[39m[90mâ”€[39m[90mâ”€[39m[90mâ”€[39m[90mâ”€[39m[90mâ”€[39m[90mâ”€[39m[90mâ”€[39m[90mâ”€[39m[90mâ”€[39m[90mâ”€[39m[90mâ”€[39m[90mâ”€[39m[90mâ”€[39m[90mâ”€[39m[90mâ”€[39m[90mâ”€[39m[90mâ”€[39m[90mâ”€[39m[90mâ”€[39m[90mâ”€[39m[90mâ”€[39m[90mâ”€[39m[90mâ”€[39m[90mâ”€[39m[90mâ”€[39m[90mâ”€[39m[90mâ”€[39m[90mâ”€[39m[90mâ”€[39m[90mâ”€[39m[90mâ”€[39m[90mâ”€[39m[90mâ”€[39m[90mâ”€[39m[90mâ”€[39m[90mâ”€[39m[90mâ”€[39m[90mâ”€[39m[90mâ”€[39m[90mâ”€[39m[90mâ”€[39m[90mâ”€[39m[90mâ”€[39m[90mâ”€[39m[90mâ”€[39m[90mâ”€[39m[90mâ”€[39m[90mâ”€[39m[90mâ”€[39m[90mâ”€[39m[90mâ”€[39m[90mâ”€[39m[90mâ”€[39m[90mâ”€[39m[90mâ”€[39m[90mâ”€[39m[90mâ”€[39m[90mâ”€[39m[90mâ”€[39m[90mâ”€[39m[90mâ”€[39m[90mâ”€[39m[90mâ”€[39m[90mâ”€[39m[90mâ”€[39m[90mâ”€[39m[90mâ”€[39m[90mâ”€[39m[90mâ”€[39m[90mâ”€[39m[90mâ”€[39m[90mâ”€[39m[90mâ”€[39m[90mâ”€[39m[90mâ”€[39m[90mâ”€[39m[90mâ”€[39m[90mâ”€[39m[90mâ”€[39m[90mâ”€[39m[90mâ”€[39m[90mâ”€[39m[90mâ”€[39m[90mâ”€[39m[90mâ”€[39m[90mâ”€[39m[90mâ”€[39m[90mâ”€[39m[90mâ”€[39m[90mâ”€[39m[90mâ”€[39m[90mâ”€[39m[90mâ”€[39m[90mâ”¤[39m
Admin UI E2E (3, chrome)	Run Cypress	2025-03-05T15:00:47.8427430Z [90m  â”‚[39m [32mâœ”[39m  [0mrealm_settings_general_tab_test.spe[0m      [90m00:43[39m       [0m17[0m       [32m17[39m        [90m-[39m        [90m-[39m        [90m-[39m [90mâ”‚[39m
Admin UI E2E (3, chrome)	Run Cypress	2025-03-05T15:00:47.8429035Z [90m  â”‚[39m    [0mc.ts[0m                                                                                        [90mâ”‚[39m
Admin UI E2E (3, chrome)	Run Cypress	2025-03-05T15:00:47.8435233Z [90m  â”œ[39m[90mâ”€[39m[90mâ”€[39m[90mâ”€[39m[90mâ”€[39m[90mâ”€[39m[90mâ”€[39m[90mâ”€[39m[90mâ”€[39m[90mâ”€[39m[90mâ”€[39m[90mâ”€[39m[90mâ”€[39m[90mâ”€[39m[90mâ”€[39m[90mâ”€[39m[90mâ”€[39m[90mâ”€[39m[90mâ”€[39m[90mâ”€[39m[90mâ”€[39m[90mâ”€[39m[90mâ”€[39m[90mâ”€[39m[90mâ”€[39m[90mâ”€[39m[90mâ”€[39m[90mâ”€[39m[90mâ”€[39m[90mâ”€[39m[90mâ”€[39m[90mâ”€[39m[90mâ”€[39m[90mâ”€[39m[90mâ”€[39m[90mâ”€[39m[90mâ”€[39m[90mâ”€[39m[90mâ”€[39m[90mâ”€[39m[90mâ”€[39m[90mâ”€[39m[90mâ”€[39m[90mâ”€[39m[90mâ”€[39m[90mâ”€[39m[90mâ”€[39m[90mâ”€[39m[90mâ”€[39m[90mâ”€[39m[90mâ”€[39m[90mâ”€[39m[90mâ”€[39m[90mâ”€[39m[90mâ”€[39m[90mâ”€[39m[90mâ”€[39m[90mâ”€[39m[90mâ”€[39m[90mâ”€[39m[90mâ”€[39m[90mâ”€[39m[90mâ”€[39m[90mâ”€[39m[90mâ”€[39m[90mâ”€[39m[90mâ”€[39m[90mâ”€[39m[90mâ”€[39m[90mâ”€[39m[90mâ”€[39m[90mâ”€[39m[90mâ”€[39m[90mâ”€[39m[90mâ”€[39m[90mâ”€[39m[90mâ”€[39m[90mâ”€[39m[90mâ”€[39m[90mâ”€[39m[90mâ”€[39m[90mâ”€[39m[90mâ”€[39m[90mâ”€[39m[90mâ”€[39m[90mâ”€[39m[90mâ”€[39m[90mâ”€[39m[90mâ”€[39m[90mâ”€[39m[90mâ”€[39m[90mâ”€[39m[90mâ”€[39m[90mâ”€[39m[90mâ”€[39m[90mâ”€[39m[90mâ”€[39m[90mâ”¤[39m
Admin UI E2E (3, chrome)	Run Cypress	2025-03-05T15:00:47.8440183Z [90m  â”‚[39m [32mâœ”[39m  [0mclients_role.spec.ts[0m                     [90m01:16[39m       [0m16[0m       [32m16[39m        [90m-[39m        [90m-[39m        [90m-[39m [90mâ”‚[39m
Admin UI E2E (3, chrome)	Run Cypress	2025-03-05T15:00:47.8447466Z [90m  â””[39m[90mâ”€[39m[90mâ”€[39m[90mâ”€[39m[90mâ”€[39m[90mâ”€[39m[90mâ”€[39m[90mâ”€[39m[90mâ”€[39m[90mâ”€[39m[90mâ”€[39m[90mâ”€[39m[90mâ”€[39m[90mâ”€[39m[90mâ”€[39m[90mâ”€[39m[90mâ”€[39m[90mâ”€[39m[90mâ”€[39m[90mâ”€[39m[90mâ”€[39m[90mâ”€[39m[90mâ”€[39m[90mâ”€[39m[90mâ”€[39m[90mâ”€[39m[90mâ”€[39m[90mâ”€[39m[90mâ”€[39m[90mâ”€[39m[90mâ”€[39m[90mâ”€[39m[90mâ”€[39m[90mâ”€[39m[90mâ”€[39m[90mâ”€[39m[90mâ”€[39m[90mâ”€[39m[90mâ”€[39m[90mâ”€[39m[90mâ”€[39m[90mâ”€[39m[90mâ”€[39m[90mâ”€[39m[90mâ”€[39m[90mâ”€[39m[90mâ”€[39m[90mâ”€[39m[90mâ”€[39m[90mâ”€[39m[90mâ”€[39m[90mâ”€[39m[90mâ”€[39m[90mâ”€[39m[90mâ”€[39m[90mâ”€[39m[90mâ”€[39m[90mâ”€[39m[90mâ”€[39m[90mâ”€[39m[90mâ”€[39m[90mâ”€[39m[90mâ”€[39m[90mâ”€[39m[90mâ”€[39m[90mâ”€[39m[90mâ”€[39m[90mâ”€[39m[90mâ”€[39m[90mâ”€[39m[90mâ”€[39m[90mâ”€[39m[90mâ”€[39m[90mâ”€[39m[90mâ”€[39m[90mâ”€[39m[90mâ”€[39m[90mâ”€[39m[90mâ”€[39m[90mâ”€[39m[90mâ”€[39m[90mâ”€[39m[90mâ”€[39m[90mâ”€[39m[90mâ”€[39m[90mâ”€[39m[90mâ”€[39m[90mâ”€[39m[90mâ”€[39m[90mâ”€[39m[90mâ”€[39m[90mâ”€[39m[90mâ”€[39m[90mâ”€[39m[90mâ”€[39m[90mâ”€[39m[90mâ”€[39m[90mâ”˜[39m
Admin UI E2E (3, chrome)	Run Cypress	2025-03-05T15:00:47.8452272Z [90m   [39m [31mâœ–[39m  [31m1 of 8 failed (13%)[39m                      [90m10:03[39m      [0m129[0m      [32m117[39m        [31m1[39m       [36m11[39m        [90m-[39m [90m [39m
Admin UI E2E (3, chrome)	Run Cypress	2025-03-05T15:00:47.8453084Z 
Admin UI E2E (3, chrome)	Run Cypress	2025-03-05T15:00:47.9675719Z ##[error]Cypress tests: 1 failed
Status Check - Keycloak JavaScript CI	Run /./.github/actions/status-check	2025-03-05T15:01:09.0758035Z Prepare all required actions
Status Check - Keycloak JavaScript CI	Run /./.github/actions/status-check	2025-03-05T15:01:09.0829594Z ##[group]Run ./.github/actions/status-check
Status Check - Keycloak JavaScript CI	Run /./.github/actions/status-check	2025-03-05T15:01:09.0829961Z with:
Status Check - Keycloak JavaScript CI	Run /./.github/actions/status-check	2025-03-05T15:01:09.0831328Z   jobs: {
Status Check - Keycloak JavaScript CI	Run /./.github/actions/status-check	  "conditional": {
Status Check - Keycloak JavaScript CI	Run /./.github/actions/status-check	    "result": "success",
Status Check - Keycloak JavaScript CI	Run /./.github/actions/status-check	    "outputs": {
Status Check - Keycloak JavaScript CI	Run /./.github/actions/status-check	      "js-ci": "true"
Status Check - Keycloak JavaScript CI	Run /./.github/actions/status-check	    }
Status Check - Keycloak JavaScript CI	Run /./.github/actions/status-check	  },
Status Check - Keycloak JavaScript CI	Run /./.github/actions/status-check	  "build-keycloak": {
Status Check - Keycloak JavaScript CI	Run /./.github/actions/status-check	    "result": "success",
Status Check - Keycloak JavaScript CI	Run /./.github/actions/status-check	    "outputs": {}
Status Check - Keycloak JavaScript CI	Run /./.github/actions/status-check	  },
Status Check - Keycloak JavaScript CI	Run /./.github/actions/status-check	  "admin-client": {
Status Check - Keycloak JavaScript CI	Run /./.github/actions/status-check	    "result": "success",
Status Check - Keycloak JavaScript CI	Run /./.github/actions/status-check	    "outputs": {}
Status Check - Keycloak JavaScript CI	Run /./.github/actions/status-check	  },
Status Check - Keycloak JavaScript CI	Run /./.github/actions/status-check	  "ui-shared": {
Status Check - Keycloak JavaScript CI	Run /./.github/actions/status-check	    "result": "success",
Status Check - Keycloak JavaScript CI	Run /./.github/actions/status-check	    "outputs": {}
Status Check - Keycloak JavaScript CI	Run /./.github/actions/status-check	  },
Status Check - Keycloak JavaScript CI	Run /./.github/actions/status-check	  "account-ui": {
Status Check - Keycloak JavaScript CI	Run /./.github/actions/status-check	    "result": "success",
Status Check - Keycloak JavaScript CI	Run /./.github/actions/status-check	    "outputs": {}
Status Check - Keycloak JavaScript CI	Run /./.github/actions/status-check	  },
Status Check - Keycloak JavaScript CI	Run /./.github/actions/status-check	  "account-ui-e2e": {
Status Check - Keycloak JavaScript CI	Run /./.github/actions/status-check	    "result": "success",
Status Check - Keycloak JavaScript CI	Run /./.github/actions/status-check	    "outputs": {}
Status Check - Keycloak JavaScript CI	Run /./.github/actions/status-check	  },
Status Check - Keycloak JavaScript CI	Run /./.github/actions/status-check	  "admin-ui": {
Status Check - Keycloak JavaScript CI	Run /./.github/actions/status-check	    "result": "success",
Status Check - Keycloak JavaScript CI	Run /./.github/actions/status-check	    "outputs": {}
Status Check - Keycloak JavaScript CI	Run /./.github/actions/status-check	  },
Status Check - Keycloak JavaScript CI	Run /./.github/actions/status-check	  "admin-ui-e2e": {
Status Check - Keycloak JavaScript CI	Run /./.github/actions/status-check	    "result": "failure",
Status Check - Keycloak JavaScript CI	Run /./.github/actions/status-check	    "outputs": {}
Status Check - Keycloak JavaScript CI	Run /./.github/actions/status-check	  }
Status Check - Keycloak JavaScript CI	Run /./.github/actions/status-check	}
Status Check - Keycloak JavaScript CI	Run /./.github/actions/status-check	2025-03-05T15:01:09.0832644Z env:
Status Check - Keycloak JavaScript CI	Run /./.github/actions/status-check	2025-03-05T15:01:09.0832957Z   MAVEN_ARGS: -B -nsu -Daether.connector.http.connectionMaxTtl=25
Status Check - Keycloak JavaScript CI	Run /./.github/actions/status-check	2025-03-05T15:01:09.0833338Z   RETRY_COUNT: 3
Status Check - Keycloak JavaScript CI	Run /./.github/actions/status-check	2025-03-05T15:01:09.0833586Z ##[endgroup]
Status Check - Keycloak JavaScript CI	Run /./.github/actions/status-check	2025-03-05T15:01:09.1027168Z ##[group]Run JOBS='{
Status Check - Keycloak JavaScript CI	Run /./.github/actions/status-check	2025-03-05T15:01:09.1027639Z [36;1mJOBS='{[0m
Status Check - Keycloak JavaScript CI	Run /./.github/actions/status-check	2025-03-05T15:01:09.1027893Z [36;1m  "conditional": {[0m
Status Check - Keycloak JavaScript CI	Run /./.github/actions/status-check	2025-03-05T15:01:09.1028166Z [36;1m    "result": "success",[0m
Status Check - Keycloak JavaScript CI	Run /./.github/actions/status-check	2025-03-05T15:01:09.1028447Z [36;1m    "outputs": {[0m
Status Check - Keycloak JavaScript CI	Run /./.github/actions/status-check	2025-03-05T15:01:09.1028697Z [36;1m      "js-ci": "true"[0m
Status Check - Keycloak JavaScript CI	Run /./.github/actions/status-check	2025-03-05T15:01:09.1028946Z [36;1m    }[0m
Status Check - Keycloak JavaScript CI	Run /./.github/actions/status-check	2025-03-05T15:01:09.1029160Z [36;1m  },[0m
Status Check - Keycloak JavaScript CI	Run /./.github/actions/status-check	2025-03-05T15:01:09.1029383Z [36;1m  "build-keycloak": {[0m
Status Check - Keycloak JavaScript CI	Run /./.github/actions/status-check	2025-03-05T15:01:09.1029643Z [36;1m    "result": "success",[0m
Status Check - Keycloak JavaScript CI	Run /./.github/actions/status-check	2025-03-05T15:01:09.1029924Z [36;1m    "outputs": {}[0m
Status Check - Keycloak JavaScript CI	Run /./.github/actions/status-check	2025-03-05T15:01:09.1030168Z [36;1m  },[0m
Status Check - Keycloak JavaScript CI	Run /./.github/actions/status-check	2025-03-05T15:01:09.1030392Z [36;1m  "admin-client": {[0m
Status Check - Keycloak JavaScript CI	Run /./.github/actions/status-check	2025-03-05T15:01:09.1030652Z [36;1m    "result": "success",[0m
Status Check - Keycloak JavaScript CI	Run /./.github/actions/status-check	2025-03-05T15:01:09.1031159Z [36;1m    "outputs": {}[0m
Status Check - Keycloak JavaScript CI	Run /./.github/actions/status-check	2025-03-05T15:01:09.1031414Z [36;1m  },[0m
Status Check - Keycloak JavaScript CI	Run /./.github/actions/status-check	2025-03-05T15:01:09.1031636Z [36;1m  "ui-shared": {[0m
Status Check - Keycloak JavaScript CI	Run /./.github/actions/status-check	2025-03-05T15:01:09.1031891Z [36;1m    "result": "success",[0m
Status Check - Keycloak JavaScript CI	Run /./.github/actions/status-check	2025-03-05T15:01:09.1032164Z [36;1m    "outputs": {}[0m
Status Check - Keycloak JavaScript CI	Run /./.github/actions/status-check	2025-03-05T15:01:09.1032410Z [36;1m  },[0m
Status Check - Keycloak JavaScript CI	Run /./.github/actions/status-check	2025-03-05T15:01:09.1032633Z [36;1m  "account-ui": {[0m
Status Check - Keycloak JavaScript CI	Run /./.github/actions/status-check	2025-03-05T15:01:09.1032891Z [36;1m    "result": "success",[0m
Status Check - Keycloak JavaScript CI	Run /./.github/actions/status-check	2025-03-05T15:01:09.1033160Z [36;1m    "outputs": {}[0m
Status Check - Keycloak JavaScript CI	Run /./.github/actions/status-check	2025-03-05T15:01:09.1033403Z [36;1m  },[0m
Status Check - Keycloak JavaScript CI	Run /./.github/actions/status-check	2025-03-05T15:01:09.1033623Z [36;1m  "account-ui-e2e": {[0m
Status Check - Keycloak JavaScript CI	Run /./.github/actions/status-check	2025-03-05T15:01:09.1033889Z [36;1m    "result": "success",[0m
Status Check - Keycloak JavaScript CI	Run /./.github/actions/status-check	2025-03-05T15:01:09.1034156Z [36;1m    "outputs": {}[0m
Status Check - Keycloak JavaScript CI	Run /./.github/actions/status-check	2025-03-05T15:01:09.1034396Z [36;1m  },[0m
Status Check - Keycloak JavaScript CI	Run /./.github/actions/status-check	2025-03-05T15:01:09.1034615Z [36;1m  "admin-ui": {[0m
Status Check - Keycloak JavaScript CI	Run /./.github/actions/status-check	2025-03-05T15:01:09.1034859Z [36;1m    "result": "success",[0m
Status Check - Keycloak JavaScript CI	Run /./.github/actions/status-check	2025-03-05T15:01:09.1035123Z [36;1m    "outputs": {}[0m
Status Check - Keycloak JavaScript CI	Run /./.github/actions/status-check	2025-03-05T15:01:09.1035366Z [36;1m  },[0m
Status Check - Keycloak JavaScript CI	Run /./.github/actions/status-check	2025-03-05T15:01:09.1035590Z [36;1m  "admin-ui-e2e": {[0m
Status Check - Keycloak JavaScript CI	Run /./.github/actions/status-check	2025-03-05T15:01:09.1035852Z [36;1m    "result": "failure",[0m
Status Check - Keycloak JavaScript CI	Run /./.github/actions/status-check	2025-03-05T15:01:09.1036108Z [36;1m    "outputs": {}[0m
Status Check - Keycloak JavaScript CI	Run /./.github/actions/status-check	2025-03-05T15:01:09.1036349Z [36;1m  }[0m
Status Check - Keycloak JavaScript CI	Run /./.github/actions/status-check	2025-03-05T15:01:09.1036558Z [36;1m}'[0m
Status Check - Keycloak JavaScript CI	Run /./.github/actions/status-check	2025-03-05T15:01:09.1036776Z [36;1m[0m
Status Check - Keycloak JavaScript CI	Run /./.github/actions/status-check	2025-03-05T15:01:09.1036998Z [36;1mecho "Job status:"[0m
Status Check - Keycloak JavaScript CI	Run /./.github/actions/status-check	2025-03-05T15:01:09.1037377Z [36;1mecho $JOBS | jq -r 'to_entries[] | " - \(.key): \(.value.result)"'[0m
Status Check - Keycloak JavaScript CI	Run /./.github/actions/status-check	2025-03-05T15:01:09.1037746Z [36;1m[0m
Status Check - Keycloak JavaScript CI	Run /./.github/actions/status-check	2025-03-05T15:01:09.1038046Z [36;1mfor i in $(echo $JOBS | jq -r 'to_entries[] | .value.result'); do[0m
Status Check - Keycloak JavaScript CI	Run /./.github/actions/status-check	2025-03-05T15:01:09.1038462Z [36;1m  if [ "$i" != "success" ] && [ "$i" != "skipped" ]; then[0m
Status Check - Keycloak JavaScript CI	Run /./.github/actions/status-check	2025-03-05T15:01:09.1038843Z [36;1m    echo ""[0m
Status Check - Keycloak JavaScript CI	Run /./.github/actions/status-check	2025-03-05T15:01:09.1039106Z [36;1m    echo "Status check not okay!"[0m
Status Check - Keycloak JavaScript CI	Run /./.github/actions/status-check	2025-03-05T15:01:09.1039397Z [36;1m    exit 1[0m
Status Check - Keycloak JavaScript CI	Run /./.github/actions/status-check	2025-03-05T15:01:09.1039618Z [36;1m  fi[0m
Status Check - Keycloak JavaScript CI	Run /./.github/actions/status-check	2025-03-05T15:01:09.1039839Z [36;1mdone[0m
Status Check - Keycloak JavaScript CI	Run /./.github/actions/status-check	2025-03-05T15:01:09.1091645Z shell: /usr/bin/bash --noprofile --norc -e -o pipefail {0}
Status Check - Keycloak JavaScript CI	Run /./.github/actions/status-check	2025-03-05T15:01:09.1092044Z env:
Status Check - Keycloak JavaScript CI	Run /./.github/actions/status-check	2025-03-05T15:01:09.1092361Z   MAVEN_ARGS: -B -nsu -Daether.connector.http.connectionMaxTtl=25
Status Check - Keycloak JavaScript CI	Run /./.github/actions/status-check	2025-03-05T15:01:09.1092738Z   RETRY_COUNT: 3
Status Check - Keycloak JavaScript CI	Run /./.github/actions/status-check	2025-03-05T15:01:09.1092970Z ##[endgroup]
Status Check - Keycloak JavaScript CI	Run /./.github/actions/status-check	2025-03-05T15:01:09.1180700Z Job status:
Status Check - Keycloak JavaScript CI	Run /./.github/actions/status-check	2025-03-05T15:01:09.1224880Z  - conditional: success
Status Check - Keycloak JavaScript CI	Run /./.github/actions/status-check	2025-03-05T15:01:09.1225246Z  - build-keycloak: success
Status Check - Keycloak JavaScript CI	Run /./.github/actions/status-check	2025-03-05T15:01:09.1225544Z  - admin-client: success
Status Check - Keycloak JavaScript CI	Run /./.github/actions/status-check	2025-03-05T15:01:09.1225812Z  - ui-shared: success
Status Check - Keycloak JavaScript CI	Run /./.github/actions/status-check	2025-03-05T15:01:09.1226068Z  - account-ui: success
Status Check - Keycloak JavaScript CI	Run /./.github/actions/status-check	2025-03-05T15:01:09.1226324Z  - account-ui-e2e: success
Status Check - Keycloak JavaScript CI	Run /./.github/actions/status-check	2025-03-05T15:01:09.1226585Z  - admin-ui: success
Status Check - Keycloak JavaScript CI	Run /./.github/actions/status-check	2025-03-05T15:01:09.1226832Z  - admin-ui-e2e: failure
Status Check - Keycloak JavaScript CI	Run /./.github/actions/status-check	2025-03-05T15:01:09.1259798Z 
Status Check - Keycloak JavaScript CI	Run /./.github/actions/status-check	2025-03-05T15:01:09.1260078Z Status check not okay!
Status Check - Keycloak JavaScript CI	Run /./.github/actions/status-check	2025-03-05T15:01:09.1273046Z ##[error]Process completed with exit code 1.
