Admin UI E2E (2, chrome)	Run Cypress	2025-01-10T01:04:05.5038643Z ##[group]Run cypress-io/github-action@v6
Admin UI E2E (2, chrome)	Run Cypress	2025-01-10T01:04:05.5039166Z with:
Admin UI E2E (2, chrome)	Run Cypress	2025-01-10T01:04:05.5039472Z   install: false
Admin UI E2E (2, chrome)	Run Cypress	2025-01-10T01:04:05.5039796Z   browser: chrome
Admin UI E2E (2, chrome)	Run Cypress	2025-01-10T01:04:05.5040171Z   wait-on: http://localhost:8080
Admin UI E2E (2, chrome)	Run Cypress	2025-01-10T01:04:05.5040619Z   working-directory: js/apps/admin-ui
Admin UI E2E (2, chrome)	Run Cypress	2025-01-10T01:04:05.5041056Z   record: false
Admin UI E2E (2, chrome)	Run Cypress	2025-01-10T01:04:05.5041396Z   publish-summary: true
Admin UI E2E (2, chrome)	Run Cypress	2025-01-10T01:04:05.5041766Z   component: false
Admin UI E2E (2, chrome)	Run Cypress	2025-01-10T01:04:05.5042085Z env:
Admin UI E2E (2, chrome)	Run Cypress	2025-01-10T01:04:05.5042534Z   MAVEN_ARGS: -B -nsu -Daether.connector.http.connectionMaxTtl=25
Admin UI E2E (2, chrome)	Run Cypress	2025-01-10T01:04:05.5043349Z   RETRY_COUNT: 3
Admin UI E2E (2, chrome)	Run Cypress	2025-01-10T01:04:05.5043704Z   WORKSPACE: keycloak-admin-ui
Admin UI E2E (2, chrome)	Run Cypress	2025-01-10T01:04:05.5044286Z   JAVA_HOME: /opt/hostedtoolcache/Java_Temurin-Hotspot_jdk/21.0.5-11/x64
Admin UI E2E (2, chrome)	Run Cypress	2025-01-10T01:04:05.5045106Z   JAVA_HOME_21_X64: /opt/hostedtoolcache/Java_Temurin-Hotspot_jdk/21.0.5-11/x64
Admin UI E2E (2, chrome)	Run Cypress	2025-01-10T01:04:05.5045732Z   SPLIT: 5
Admin UI E2E (2, chrome)	Run Cypress	2025-01-10T01:04:05.5046023Z   SPLIT_INDEX: 1
Admin UI E2E (2, chrome)	Run Cypress	2025-01-10T01:04:05.5046352Z   SPLIT_RANDOM_SEED: 89
Admin UI E2E (2, chrome)	Run Cypress	2025-01-10T01:04:05.5046741Z ##[endgroup]
Admin UI E2E (2, chrome)	Run Cypress	2025-01-10T01:04:05.6861998Z Skipping install because install parameter is false
Admin UI E2E (2, chrome)	Run Cypress	2025-01-10T01:04:05.6876205Z waiting on "http://localhost:8080" with timeout of 60 seconds
Admin UI E2E (2, chrome)	Run Cypress	2025-01-10T01:04:25.6980043Z It looks like this is your first time using Cypress: 13.17.0
Admin UI E2E (2, chrome)	Run Cypress	2025-01-10T01:04:25.6980374Z 
Admin UI E2E (2, chrome)	Run Cypress	2025-01-10T01:04:25.7001830Z [STARTED] Task without title.
Admin UI E2E (2, chrome)	Run Cypress	2025-01-10T01:04:29.9909084Z [SUCCESS] Task without title.
Admin UI E2E (2, chrome)	Run Cypress	2025-01-10T01:04:29.9913048Z 
Admin UI E2E (2, chrome)	Run Cypress	2025-01-10T01:04:29.9913496Z Opening Cypress...
Admin UI E2E (2, chrome)	Run Cypress	2025-01-10T01:04:30.5624124Z MESA: error: ZINK: vkCreateInstance failed (VK_ERROR_INCOMPATIBLE_DRIVER)
Admin UI E2E (2, chrome)	Run Cypress	2025-01-10T01:04:30.5625810Z glx: failed to create drisw screen
Admin UI E2E (2, chrome)	Run Cypress	2025-01-10T01:04:30.6125694Z 
Admin UI E2E (2, chrome)	Run Cypress	2025-01-10T01:04:30.6127560Z DevTools listening on ws://127.0.0.1:40867/devtools/browser/473551a9-e42e-42db-b579-6f1922466137
Admin UI E2E (2, chrome)	Run Cypress	2025-01-10T01:04:31.1857275Z (node:2744) ExperimentalWarning: `--experimental-loader` may be removed in the future; instead use `register()`:
Admin UI E2E (2, chrome)	Run Cypress	2025-01-10T01:04:31.1859147Z --import 'data:text/javascript,import { register } from "node:module"; import { pathToFileURL } from "node:url"; register("file%3A///home/runner/.cache/Cypress/13.17.0/Cypress/resources/app/node_modules/ts-node/esm/transpile-only.mjs", pathToFileURL("./"));'
Admin UI E2E (2, chrome)	Run Cypress	2025-01-10T01:04:31.1861074Z (Use `node --trace-warnings ...` to show where the warning was created)
Admin UI E2E (2, chrome)	Run Cypress	2025-01-10T01:04:37.8998364Z cypress-split: there are 41 found specs
Admin UI E2E (2, chrome)	Run Cypress	2025-01-10T01:04:37.9000511Z the first 5 specs
Admin UI E2E (2, chrome)	Run Cypress	2025-01-10T01:04:37.9001994Z - 1: /home/runner/work/keycloak/keycloak/js/apps/admin-ui/cypress/e2e/realm_settings_client_profiles_test.spec.ts
Admin UI E2E (2, chrome)	Run Cypress	2025-01-10T01:04:37.9003998Z - 2: /home/runner/work/keycloak/keycloak/js/apps/admin-ui/cypress/e2e/events_test.spec.ts
Admin UI E2E (2, chrome)	Run Cypress	2025-01-10T01:04:37.9005595Z - 3: /home/runner/work/keycloak/keycloak/js/apps/admin-ui/cypress/e2e/realm_user_registration.spec.ts
Admin UI E2E (2, chrome)	Run Cypress	2025-01-10T01:04:37.9007361Z - 4: /home/runner/work/keycloak/keycloak/js/apps/admin-ui/cypress/e2e/client_advanced.spec.ts
Admin UI E2E (2, chrome)	Run Cypress	2025-01-10T01:04:37.9008992Z - 5: /home/runner/work/keycloak/keycloak/js/apps/admin-ui/cypress/e2e/client_scopes_test.spec.ts
Admin UI E2E (2, chrome)	Run Cypress	2025-01-10T01:04:37.9010083Z cypress-split: chunk 2 of 5
Admin UI E2E (2, chrome)	Run Cypress	2025-01-10T01:04:37.9018311Z k  spec                                                   
Admin UI E2E (2, chrome)	Run Cypress	2025-01-10T01:04:37.9019170Z -  -------------------------------------------------------
Admin UI E2E (2, chrome)	Run Cypress	2025-01-10T01:04:37.9020248Z 1  cypress/e2e/user_fed_ldap_hardcoded_mapper_test.spec.ts
Admin UI E2E (2, chrome)	Run Cypress	2025-01-10T01:04:37.9021253Z 2  cypress/e2e/authentication_policies_ciba.spec.ts       
Admin UI E2E (2, chrome)	Run Cypress	2025-01-10T01:04:37.9022797Z 3  cypress/e2e/realm_settings_client_policies_test.spec.ts
Admin UI E2E (2, chrome)	Run Cypress	2025-01-10T01:04:37.9023951Z 4  cypress/e2e/clients_saml_test.spec.ts                  
Admin UI E2E (2, chrome)	Run Cypress	2025-01-10T01:04:37.9024936Z 5  cypress/e2e/clients_test.spec.ts                       
Admin UI E2E (2, chrome)	Run Cypress	2025-01-10T01:04:37.9025959Z 6  cypress/e2e/realm_settings_tabs_test.spec.ts           
Admin UI E2E (2, chrome)	Run Cypress	2025-01-10T01:04:37.9026920Z 7  cypress/e2e/realm_settings_general_tab_test.spec.ts    
Admin UI E2E (2, chrome)	Run Cypress	2025-01-10T01:04:37.9027930Z 8  cypress/e2e/authentication_policies.spec.ts            
Admin UI E2E (2, chrome)	Run Cypress	2025-01-10T01:04:37.9028918Z 
Admin UI E2E (2, chrome)	Run Cypress	2025-01-10T01:04:38.5779455Z 
Admin UI E2E (2, chrome)	Run Cypress	2025-01-10T01:04:38.6273214Z [90m====================================================================================================[39m
Admin UI E2E (2, chrome)	Run Cypress	2025-01-10T01:04:38.6273812Z 
Admin UI E2E (2, chrome)	Run Cypress	2025-01-10T01:04:38.6275197Z [0m  ([4m[1mRun Starting[22m[24m)[0m
Admin UI E2E (2, chrome)	Run Cypress	2025-01-10T01:04:38.6275702Z 
Admin UI E2E (2, chrome)	Run Cypress	2025-01-10T01:04:38.6354065Z [90m  â”Œ[39m[90mâ”€[39m[90mâ”€[39m[90mâ”€[39m[90mâ”€[39m[90mâ”€[39m[90mâ”€[39m[90mâ”€[39m[90mâ”€[39m[90mâ”€[39m[90mâ”€[39m[90mâ”€[39m[90mâ”€[39m[90mâ”€[39m[90mâ”€[39m[90mâ”€[39m[90mâ”€[39m[90mâ”€[39m[90mâ”€[39m[90mâ”€[39m[90mâ”€[39m[90mâ”€[39m[90mâ”€[39m[90mâ”€[39m[90mâ”€[39m[90mâ”€[39m[90mâ”€[39m[90mâ”€[39m[90mâ”€[39m[90mâ”€[39m[90mâ”€[39m[90mâ”€[39m[90mâ”€[39m[90mâ”€[39m[90mâ”€[39m[90mâ”€[39m[90mâ”€[39m[90mâ”€[39m[90mâ”€[39m[90mâ”€[39m[90mâ”€[39m[90mâ”€[39m[90mâ”€[39m[90mâ”€[39m[90mâ”€[39m[90mâ”€[39m[90mâ”€[39m[90mâ”€[39m[90mâ”€[39m[90mâ”€[39m[90mâ”€[39m[90mâ”€[39m[90mâ”€[39m[90mâ”€[39m[90mâ”€[39m[90mâ”€[39m[90mâ”€[39m[90mâ”€[39m[90mâ”€[39m[90mâ”€[39m[90mâ”€[39m[90mâ”€[39m[90mâ”€[39m[90mâ”€[39m[90mâ”€[39m[90mâ”€[39m[90mâ”€[39m[90mâ”€[39m[90mâ”€[39m[90mâ”€[39m[90mâ”€[39m[90mâ”€[39m[90mâ”€[39m[90mâ”€[39m[90mâ”€[39m[90mâ”€[39m[90mâ”€[39m[90mâ”€[39m[90mâ”€[39m[90mâ”€[39m[90mâ”€[39m[90mâ”€[39m[90mâ”€[39m[90mâ”€[39m[90mâ”€[39m[90mâ”€[39m[90mâ”€[39m[90mâ”€[39m[90mâ”€[39m[90mâ”€[39m[90mâ”€[39m[90mâ”€[39m[90mâ”€[39m[90mâ”€[39m[90mâ”€[39m[90mâ”€[39m[90mâ”€[39m[90mâ”[39m
Admin UI E2E (2, chrome)	Run Cypress	2025-01-10T01:04:38.6359453Z [90m  â”‚[39m [90mCypress:[39m        13.17.0                                                                        [90mâ”‚[39m
Admin UI E2E (2, chrome)	Run Cypress	2025-01-10T01:04:38.6361190Z [90m  â”‚[39m [90mBrowser:[39m        Chrome 131 [90m(headless)[39m                                                          [90mâ”‚[39m
Admin UI E2E (2, chrome)	Run Cypress	2025-01-10T01:04:38.6363506Z [90m  â”‚[39m [90mNode Version:[39m   [0mv20.18.0 [90m(/home/runner/runners/2.321.0/externals/node20/bin/node)[39m[0m              [90mâ”‚[39m
Admin UI E2E (2, chrome)	Run Cypress	2025-01-10T01:04:38.6365643Z [90m  â”‚[39m [90mSpecs:[39m          [0m8 found (user_fed_ldap_hardcoded_mapper_test.spec.ts, authentication_policies_[0m [90mâ”‚[39m
Admin UI E2E (2, chrome)	Run Cypress	2025-01-10T01:04:38.6367646Z [90m  â”‚[39m                 [0mciba.spec.ts, realm_settings_client_policies_test.spec.ts, clients_saml_test.s[0m [90mâ”‚[39m
Admin UI E2E (2, chrome)	Run Cypress	2025-01-10T01:04:38.6369525Z [90m  â”‚[39m                 [0mpec.ts, clients_test.spec.ts, realm_settings_tabs_test.spec.ts, realm_settings[0m [90mâ”‚[39m
Admin UI E2E (2, chrome)	Run Cypress	2025-01-10T01:04:38.6371181Z [90m  â”‚[39m                 [0m_general_tab_test.spec...)[0m                                                     [90mâ”‚[39m
Admin UI E2E (2, chrome)	Run Cypress	2025-01-10T01:04:38.6373455Z [90m  â”‚[39m [90mSearched:[39m       [0mcypress/e2e/user_fed_ldap_hardcoded_mapper_test.spec.ts, cypress/e2e/authentic[0m [90mâ”‚[39m
Admin UI E2E (2, chrome)	Run Cypress	2025-01-10T01:04:38.6375478Z [90m  â”‚[39m                 [0mation_policies_ciba.spec.ts, cypress/e2e/realm_settings_client_policies_test.s[0m [90mâ”‚[39m
Admin UI E2E (2, chrome)	Run Cypress	2025-01-10T01:04:38.6377518Z [90m  â”‚[39m                 [0mpec.ts, cypress/e2e/clients_saml_test.spec.ts, cypress/e2e/clients_test.spec.t[0m [90mâ”‚[39m
Admin UI E2E (2, chrome)	Run Cypress	2025-01-10T01:04:38.6379369Z [90m  â”‚[39m                 [0ms, cypress/e2e/realm_settings_tabs_test.spec.ts, cypress/e2e/realm_settings_ge[0m [90mâ”‚[39m
Admin UI E2E (2, chrome)	Run Cypress	2025-01-10T01:04:38.6381138Z [90m  â”‚[39m                 [0mneral_tab_test.spec.ts, cypress/e2e/authentication_policies.spec.ts[0m            [90mâ”‚[39m
Admin UI E2E (2, chrome)	Run Cypress	2025-01-10T01:04:38.6383426Z [90m  â”‚[39m [90mExperiments:[39m    experimentalMemoryManagement=true                                              [90mâ”‚[39m
Admin UI E2E (2, chrome)	Run Cypress	2025-01-10T01:04:38.6391461Z [90m  â””[39m[90mâ”€[39m[90mâ”€[39m[90mâ”€[39m[90mâ”€[39m[90mâ”€[39m[90mâ”€[39m[90mâ”€[39m[90mâ”€[39m[90mâ”€[39m[90mâ”€[39m[90mâ”€[39m[90mâ”€[39m[90mâ”€[39m[90mâ”€[39m[90mâ”€[39m[90mâ”€[39m[90mâ”€[39m[90mâ”€[39m[90mâ”€[39m[90mâ”€[39m[90mâ”€[39m[90mâ”€[39m[90mâ”€[39m[90mâ”€[39m[90mâ”€[39m[90mâ”€[39m[90mâ”€[39m[90mâ”€[39m[90mâ”€[39m[90mâ”€[39m[90mâ”€[39m[90mâ”€[39m[90mâ”€[39m[90mâ”€[39m[90mâ”€[39m[90mâ”€[39m[90mâ”€[39m[90mâ”€[39m[90mâ”€[39m[90mâ”€[39m[90mâ”€[39m[90mâ”€[39m[90mâ”€[39m[90mâ”€[39m[90mâ”€[39m[90mâ”€[39m[90mâ”€[39m[90mâ”€[39m[90mâ”€[39m[90mâ”€[39m[90mâ”€[39m[90mâ”€[39m[90mâ”€[39m[90mâ”€[39m[90mâ”€[39m[90mâ”€[39m[90mâ”€[39m[90mâ”€[39m[90mâ”€[39m[90mâ”€[39m[90mâ”€[39m[90mâ”€[39m[90mâ”€[39m[90mâ”€[39m[90mâ”€[39m[90mâ”€[39m[90mâ”€[39m[90mâ”€[39m[90mâ”€[39m[90mâ”€[39m[90mâ”€[39m[90mâ”€[39m[90mâ”€[39m[90mâ”€[39m[90mâ”€[39m[90mâ”€[39m[90mâ”€[39m[90mâ”€[39m[90mâ”€[39m[90mâ”€[39m[90mâ”€[39m[90mâ”€[39m[90mâ”€[39m[90mâ”€[39m[90mâ”€[39m[90mâ”€[39m[90mâ”€[39m[90mâ”€[39m[90mâ”€[39m[90mâ”€[39m[90mâ”€[39m[90mâ”€[39m[90mâ”€[39m[90mâ”€[39m[90mâ”€[39m[90mâ”€[39m[90mâ”˜[39m
Admin UI E2E (2, chrome)	Run Cypress	2025-01-10T01:04:38.6396101Z 
Admin UI E2E (2, chrome)	Run Cypress	2025-01-10T01:04:38.6396123Z 
Admin UI E2E (2, chrome)	Run Cypress	2025-01-10T01:04:38.6403266Z [90mâ”€[39m[90mâ”€[39m[90mâ”€[39m[90mâ”€[39m[90mâ”€[39m[90mâ”€[39m[90mâ”€[39m[90mâ”€[39m[90mâ”€[39m[90mâ”€[39m[90mâ”€[39m[90mâ”€[39m[90mâ”€[39m[90mâ”€[39m[90mâ”€[39m[90mâ”€[39m[90mâ”€[39m[90mâ”€[39m[90mâ”€[39m[90mâ”€[39m[90mâ”€[39m[90mâ”€[39m[90mâ”€[39m[90mâ”€[39m[90mâ”€[39m[90mâ”€[39m[90mâ”€[39m[90mâ”€[39m[90mâ”€[39m[90mâ”€[39m[90mâ”€[39m[90mâ”€[39m[90mâ”€[39m[90mâ”€[39m[90mâ”€[39m[90mâ”€[39m[90mâ”€[39m[90mâ”€[39m[90mâ”€[39m[90mâ”€[39m[90mâ”€[39m[90mâ”€[39m[90mâ”€[39m[90mâ”€[39m[90mâ”€[39m[90mâ”€[39m[90mâ”€[39m[90mâ”€[39m[90mâ”€[39m[90mâ”€[39m[90mâ”€[39m[90mâ”€[39m[90mâ”€[39m[90mâ”€[39m[90mâ”€[39m[90mâ”€[39m[90mâ”€[39m[90mâ”€[39m[90mâ”€[39m[90mâ”€[39m[90mâ”€[39m[90mâ”€[39m[90mâ”€[39m[90mâ”€[39m[90mâ”€[39m[90mâ”€[39m[90mâ”€[39m[90mâ”€[39m[90mâ”€[39m[90mâ”€[39m[90mâ”€[39m[90mâ”€[39m[90mâ”€[39m[90mâ”€[39m[90mâ”€[39m[90mâ”€[39m[90mâ”€[39m[90mâ”€[39m[90mâ”€[39m[90mâ”€[39m[90mâ”€[39m[90mâ”€[39m[90mâ”€[39m[90mâ”€[39m[90mâ”€[39m[90mâ”€[39m[90mâ”€[39m[90mâ”€[39m[90mâ”€[39m[90mâ”€[39m[90mâ”€[39m[90mâ”€[39m[90mâ”€[39m[90mâ”€[39m[90mâ”€[39m[90mâ”€[39m[90mâ”€[39m[90mâ”€[39m[90mâ”€[39m[90mâ”€[39m
Admin UI E2E (2, chrome)	Run Cypress	2025-01-10T01:04:38.6407799Z                                                                                                     
Admin UI E2E (2, chrome)	Run Cypress	2025-01-10T01:04:38.6409315Z   Running:  [90muser_fed_ldap_hardcoded_mapper_test.spec.ts[39m                                     [90m(1 of 8)[39m
Admin UI E2E (2, chrome)	Run Cypress	2025-01-10T01:04:44.0487375Z 
Admin UI E2E (2, chrome)	Run Cypress	2025-01-10T01:04:44.0491017Z [0m[0m
Admin UI E2E (2, chrome)	Run Cypress	2025-01-10T01:04:44.0501082Z [0m  User Fed LDAP mapper tests[0m
Admin UI E2E (2, chrome)	Run Cypress	2025-01-10T01:04:57.3988182Z   [32m  âœ“[0m[90m Create LDAP provider from empty state[0m[90m (13316ms)[0m
Admin UI E2E (2, chrome)	Run Cypress	2025-01-10T01:05:01.4666867Z   [32m  âœ“[0m[90m Create group[0m[90m (3869ms)[0m
Admin UI E2E (2, chrome)	Run Cypress	2025-01-10T01:05:12.0620163Z   [32m  âœ“[0m[90m Create client and role[0m[90m (10497ms)[0m
Admin UI E2E (2, chrome)	Run Cypress	2025-01-10T01:05:17.9744798Z   [32m  âœ“[0m[90m Delete default mappers[0m[90m (5879ms)[0m
Admin UI E2E (2, chrome)	Run Cypress	2025-01-10T01:05:23.9884183Z   [32m  âœ“[0m[90m Create hardcoded attribute mapper[0m[90m (5953ms)[0m
Admin UI E2E (2, chrome)	Run Cypress	2025-01-10T01:05:29.7671308Z   [32m  âœ“[0m[90m Create hardcoded ldap group mapper[0m[90m (5712ms)[0m
Admin UI E2E (2, chrome)	Run Cypress	2025-01-10T01:05:35.5900920Z   [32m  âœ“[0m[90m Create hardcoded ldap attribute mapper[0m[90m (5774ms)[0m
Admin UI E2E (2, chrome)	Run Cypress	2025-01-10T01:05:41.0233664Z   [32m  âœ“[0m[90m Create hardcoded ldap role mapper[0m[90m (5353ms)[0m
Admin UI E2E (2, chrome)	Run Cypress	2025-01-10T01:05:47.0363489Z   [32m  âœ“[0m[90m Create role ldap mapper[0m[90m (5928ms)[0m
Admin UI E2E (2, chrome)	Run Cypress	2025-01-10T01:05:50.3554597Z   [32m  âœ“[0m[90m Cleanup - delete LDAP provider[0m[90m (3277ms)[0m
Admin UI E2E (2, chrome)	Run Cypress	2025-01-10T01:05:52.8543020Z   [32m  âœ“[0m[90m Cleanup - delete group[0m[90m (2414ms)[0m
Admin UI E2E (2, chrome)	Run Cypress	2025-01-10T01:05:55.2944342Z   [32m  âœ“[0m[90m Cleanup - delete client[0m[90m (2387ms)[0m
Admin UI E2E (2, chrome)	Run Cypress	2025-01-10T01:05:55.2956500Z 
Admin UI E2E (2, chrome)	Run Cypress	2025-01-10T01:05:55.3155533Z 
Admin UI E2E (2, chrome)	Run Cypress	2025-01-10T01:05:55.3163316Z [92m [0m[32m 12 passing[0m[90m (1m)[0m
Admin UI E2E (2, chrome)	Run Cypress	2025-01-10T01:05:55.3168228Z 
Admin UI E2E (2, chrome)	Run Cypress	2025-01-10T01:05:56.3474433Z 
Admin UI E2E (2, chrome)	Run Cypress	2025-01-10T01:05:56.3476568Z [32m  ([4m[1mResults[22m[24m)[39m
Admin UI E2E (2, chrome)	Run Cypress	2025-01-10T01:05:56.3495476Z 
Admin UI E2E (2, chrome)	Run Cypress	2025-01-10T01:05:56.3513646Z [90m  â”Œ[39m[90mâ”€[39m[90mâ”€[39m[90mâ”€[39m[90mâ”€[39m[90mâ”€[39m[90mâ”€[39m[90mâ”€[39m[90mâ”€[39m[90mâ”€[39m[90mâ”€[39m[90mâ”€[39m[90mâ”€[39m[90mâ”€[39m[90mâ”€[39m[90mâ”€[39m[90mâ”€[39m[90mâ”€[39m[90mâ”€[39m[90mâ”€[39m[90mâ”€[39m[90mâ”€[39m[90mâ”€[39m[90mâ”€[39m[90mâ”€[39m[90mâ”€[39m[90mâ”€[39m[90mâ”€[39m[90mâ”€[39m[90mâ”€[39m[90mâ”€[39m[90mâ”€[39m[90mâ”€[39m[90mâ”€[39m[90mâ”€[39m[90mâ”€[39m[90mâ”€[39m[90mâ”€[39m[90mâ”€[39m[90mâ”€[39m[90mâ”€[39m[90mâ”€[39m[90mâ”€[39m[90mâ”€[39m[90mâ”€[39m[90mâ”€[39m[90mâ”€[39m[90mâ”€[39m[90mâ”€[39m[90mâ”€[39m[90mâ”€[39m[90mâ”€[39m[90mâ”€[39m[90mâ”€[39m[90mâ”€[39m[90mâ”€[39m[90mâ”€[39m[90mâ”€[39m[90mâ”€[39m[90mâ”€[39m[90mâ”€[39m[90mâ”€[39m[90mâ”€[39m[90mâ”€[39m[90mâ”€[39m[90mâ”€[39m[90mâ”€[39m[90mâ”€[39m[90mâ”€[39m[90mâ”€[39m[90mâ”€[39m[90mâ”€[39m[90mâ”€[39m[90mâ”€[39m[90mâ”€[39m[90mâ”€[39m[90mâ”€[39m[90mâ”€[39m[90mâ”€[39m[90mâ”€[39m[90mâ”€[39m[90mâ”€[39m[90mâ”€[39m[90mâ”€[39m[90mâ”€[39m[90mâ”€[39m[90mâ”€[39m[90mâ”€[39m[90mâ”€[39m[90mâ”€[39m[90mâ”€[39m[90mâ”€[39m[90mâ”€[39m[90mâ”€[39m[90mâ”€[39m[90mâ”€[39m[90mâ”€[39m[90mâ”[39m
Admin UI E2E (2, chrome)	Run Cypress	2025-01-10T01:05:56.3518861Z [90m  â”‚[39m [90mTests:[39m        [32m12[39m                                                                               [90mâ”‚[39m
Admin UI E2E (2, chrome)	Run Cypress	2025-01-10T01:05:56.3520311Z [90m  â”‚[39m [90mPassing:[39m      [32m12[39m                                                                               [90mâ”‚[39m
Admin UI E2E (2, chrome)	Run Cypress	2025-01-10T01:05:56.3521878Z [90m  â”‚[39m [90mFailing:[39m      [32m0[39m                                                                                [90mâ”‚[39m
Admin UI E2E (2, chrome)	Run Cypress	2025-01-10T01:05:56.3523496Z [90m  â”‚[39m [90mPending:[39m      [32m0[39m                                                                                [90mâ”‚[39m
Admin UI E2E (2, chrome)	Run Cypress	2025-01-10T01:05:56.3525013Z [90m  â”‚[39m [90mSkipped:[39m      [32m0[39m                                                                                [90mâ”‚[39m
Admin UI E2E (2, chrome)	Run Cypress	2025-01-10T01:05:56.3526481Z [90m  â”‚[39m [90mScreenshots:[39m  [32m0[39m                                                                                [90mâ”‚[39m
Admin UI E2E (2, chrome)	Run Cypress	2025-01-10T01:05:56.3527819Z [90m  â”‚[39m [90mVideo:[39m        [32mfalse[39m                                                                            [90mâ”‚[39m
Admin UI E2E (2, chrome)	Run Cypress	2025-01-10T01:05:56.3529414Z [90m  â”‚[39m [90mDuration:[39m     [32m1 minute, 11 seconds[39m                                                             [90mâ”‚[39m
Admin UI E2E (2, chrome)	Run Cypress	2025-01-10T01:05:56.3531207Z [90m  â”‚[39m [90mSpec Ran:[39m     [32m[32muser_fed_ldap_hardcoded_mapper_test.spec.ts[32m[39m                                      [90mâ”‚[39m
Admin UI E2E (2, chrome)	Run Cypress	2025-01-10T01:05:56.3538526Z [90m  â””[39m[90mâ”€[39m[90mâ”€[39m[90mâ”€[39m[90mâ”€[39m[90mâ”€[39m[90mâ”€[39m[90mâ”€[39m[90mâ”€[39m[90mâ”€[39m[90mâ”€[39m[90mâ”€[39m[90mâ”€[39m[90mâ”€[39m[90mâ”€[39m[90mâ”€[39m[90mâ”€[39m[90mâ”€[39m[90mâ”€[39m[90mâ”€[39m[90mâ”€[39m[90mâ”€[39m[90mâ”€[39m[90mâ”€[39m[90mâ”€[39m[90mâ”€[39m[90mâ”€[39m[90mâ”€[39m[90mâ”€[39m[90mâ”€[39m[90mâ”€[39m[90mâ”€[39m[90mâ”€[39m[90mâ”€[39m[90mâ”€[39m[90mâ”€[39m[90mâ”€[39m[90mâ”€[39m[90mâ”€[39m[90mâ”€[39m[90mâ”€[39m[90mâ”€[39m[90mâ”€[39m[90mâ”€[39m[90mâ”€[39m[90mâ”€[39m[90mâ”€[39m[90mâ”€[39m[90mâ”€[39m[90mâ”€[39m[90mâ”€[39m[90mâ”€[39m[90mâ”€[39m[90mâ”€[39m[90mâ”€[39m[90mâ”€[39m[90mâ”€[39m[90mâ”€[39m[90mâ”€[39m[90mâ”€[39m[90mâ”€[39m[90mâ”€[39m[90mâ”€[39m[90mâ”€[39m[90mâ”€[39m[90mâ”€[39m[90mâ”€[39m[90mâ”€[39m[90mâ”€[39m[90mâ”€[39m[90mâ”€[39m[90mâ”€[39m[90mâ”€[39m[90mâ”€[39m[90mâ”€[39m[90mâ”€[39m[90mâ”€[39m[90mâ”€[39m[90mâ”€[39m[90mâ”€[39m[90mâ”€[39m[90mâ”€[39m[90mâ”€[39m[90mâ”€[39m[90mâ”€[39m[90mâ”€[39m[90mâ”€[39m[90mâ”€[39m[90mâ”€[39m[90mâ”€[39m[90mâ”€[39m[90mâ”€[39m[90mâ”€[39m[90mâ”€[39m[90mâ”€[39m[90mâ”€[39m[90mâ”€[39m[90mâ”˜[39m
Admin UI E2E (2, chrome)	Run Cypress	2025-01-10T01:05:56.3543580Z 
Admin UI E2E (2, chrome)	Run Cypress	2025-01-10T01:05:56.3873660Z 
Admin UI E2E (2, chrome)	Run Cypress	2025-01-10T01:05:56.3883217Z [90mâ”€[39m[90mâ”€[39m[90mâ”€[39m[90mâ”€[39m[90mâ”€[39m[90mâ”€[39m[90mâ”€[39m[90mâ”€[39m[90mâ”€[39m[90mâ”€[39m[90mâ”€[39m[90mâ”€[39m[90mâ”€[39m[90mâ”€[39m[90mâ”€[39m[90mâ”€[39m[90mâ”€[39m[90mâ”€[39m[90mâ”€[39m[90mâ”€[39m[90mâ”€[39m[90mâ”€[39m[90mâ”€[39m[90mâ”€[39m[90mâ”€[39m[90mâ”€[39m[90mâ”€[39m[90mâ”€[39m[90mâ”€[39m[90mâ”€[39m[90mâ”€[39m[90mâ”€[39m[90mâ”€[39m[90mâ”€[39m[90mâ”€[39m[90mâ”€[39m[90mâ”€[39m[90mâ”€[39m[90mâ”€[39m[90mâ”€[39m[90mâ”€[39m[90mâ”€[39m[90mâ”€[39m[90mâ”€[39m[90mâ”€[39m[90mâ”€[39m[90mâ”€[39m[90mâ”€[39m[90mâ”€[39m[90mâ”€[39m[90mâ”€[39m[90mâ”€[39m[90mâ”€[39m[90mâ”€[39m[90mâ”€[39m[90mâ”€[39m[90mâ”€[39m[90mâ”€[39m[90mâ”€[39m[90mâ”€[39m[90mâ”€[39m[90mâ”€[39m[90mâ”€[39m[90mâ”€[39m[90mâ”€[39m[90mâ”€[39m[90mâ”€[39m[90mâ”€[39m[90mâ”€[39m[90mâ”€[39m[90mâ”€[39m[90mâ”€[39m[90mâ”€[39m[90mâ”€[39m[90mâ”€[39m[90mâ”€[39m[90mâ”€[39m[90mâ”€[39m[90mâ”€[39m[90mâ”€[39m[90mâ”€[39m[90mâ”€[39m[90mâ”€[39m[90mâ”€[39m[90mâ”€[39m[90mâ”€[39m[90mâ”€[39m[90mâ”€[39m[90mâ”€[39m[90mâ”€[39m[90mâ”€[39m[90mâ”€[39m[90mâ”€[39m[90mâ”€[39m[90mâ”€[39m[90mâ”€[39m[90mâ”€[39m[90mâ”€[39m[90mâ”€[39m[90mâ”€[39m
Admin UI E2E (2, chrome)	Run Cypress	2025-01-10T01:05:56.3888362Z                                                                                                     
Admin UI E2E (2, chrome)	Run Cypress	2025-01-10T01:05:56.3889782Z   Running:  [90mauthentication_policies_ciba.spec.ts[39m                                            [90m(2 of 8)[39m
Admin UI E2E (2, chrome)	Run Cypress	2025-01-10T01:06:00.8249698Z 
Admin UI E2E (2, chrome)	Run Cypress	2025-01-10T01:06:00.8252852Z [0m[0m
Admin UI E2E (2, chrome)	Run Cypress	2025-01-10T01:06:00.8276307Z [0m  Authentication - Policies - CIBA[0m
Admin UI E2E (2, chrome)	Run Cypress	2025-01-10T01:06:06.4586677Z   [32m  âœ“[0m[90m displays the initial state[0m[90m (5590ms)[0m
Admin UI E2E (2, chrome)	Run Cypress	2025-01-10T01:06:10.3227935Z   [32m  âœ“[0m[90m validates the fields[0m[90m (3802ms)[0m
Admin UI E2E (2, chrome)	Run Cypress	2025-01-10T01:06:14.3752395Z   [32m  âœ“[0m[90m saves the form[0m[90m (3311ms)[0m
Admin UI E2E (2, chrome)	Run Cypress	2025-01-10T01:06:14.3759566Z 
Admin UI E2E (2, chrome)	Run Cypress	2025-01-10T01:06:14.4013102Z 
Admin UI E2E (2, chrome)	Run Cypress	2025-01-10T01:06:14.4014310Z [92m [0m[32m 3 passing[0m[90m (14s)[0m
Admin UI E2E (2, chrome)	Run Cypress	2025-01-10T01:06:14.4015651Z 
Admin UI E2E (2, chrome)	Run Cypress	2025-01-10T01:06:15.4550785Z 
Admin UI E2E (2, chrome)	Run Cypress	2025-01-10T01:06:15.4552317Z [32m  ([4m[1mResults[22m[24m)[39m
Admin UI E2E (2, chrome)	Run Cypress	2025-01-10T01:06:15.4557386Z 
Admin UI E2E (2, chrome)	Run Cypress	2025-01-10T01:06:15.4569713Z [90m  â”Œ[39m[90mâ”€[39m[90mâ”€[39m[90mâ”€[39m[90mâ”€[39m[90mâ”€[39m[90mâ”€[39m[90mâ”€[39m[90mâ”€[39m[90mâ”€[39m[90mâ”€[39m[90mâ”€[39m[90mâ”€[39m[90mâ”€[39m[90mâ”€[39m[90mâ”€[39m[90mâ”€[39m[90mâ”€[39m[90mâ”€[39m[90mâ”€[39m[90mâ”€[39m[90mâ”€[39m[90mâ”€[39m[90mâ”€[39m[90mâ”€[39m[90mâ”€[39m[90mâ”€[39m[90mâ”€[39m[90mâ”€[39m[90mâ”€[39m[90mâ”€[39m[90mâ”€[39m[90mâ”€[39m[90mâ”€[39m[90mâ”€[39m[90mâ”€[39m[90mâ”€[39m[90mâ”€[39m[90mâ”€[39m[90mâ”€[39m[90mâ”€[39m[90mâ”€[39m[90mâ”€[39m[90mâ”€[39m[90mâ”€[39m[90mâ”€[39m[90mâ”€[39m[90mâ”€[39m[90mâ”€[39m[90mâ”€[39m[90mâ”€[39m[90mâ”€[39m[90mâ”€[39m[90mâ”€[39m[90mâ”€[39m[90mâ”€[39m[90mâ”€[39m[90mâ”€[39m[90mâ”€[39m[90mâ”€[39m[90mâ”€[39m[90mâ”€[39m[90mâ”€[39m[90mâ”€[39m[90mâ”€[39m[90mâ”€[39m[90mâ”€[39m[90mâ”€[39m[90mâ”€[39m[90mâ”€[39m[90mâ”€[39m[90mâ”€[39m[90mâ”€[39m[90mâ”€[39m[90mâ”€[39m[90mâ”€[39m[90mâ”€[39m[90mâ”€[39m[90mâ”€[39m[90mâ”€[39m[90mâ”€[39m[90mâ”€[39m[90mâ”€[39m[90mâ”€[39m[90mâ”€[39m[90mâ”€[39m[90mâ”€[39m[90mâ”€[39m[90mâ”€[39m[90mâ”€[39m[90mâ”€[39m[90mâ”€[39m[90mâ”€[39m[90mâ”€[39m[90mâ”€[39m[90mâ”€[39m[90mâ”€[39m[90mâ”[39m
Admin UI E2E (2, chrome)	Run Cypress	2025-01-10T01:06:15.4572571Z [90m  â”‚[39m [90mTests:[39m        [32m3[39m                                                                                [90mâ”‚[39m
Admin UI E2E (2, chrome)	Run Cypress	2025-01-10T01:06:15.4574792Z [90m  â”‚[39m [90mPassing:[39m      [32m3[39m                                                                                [90mâ”‚[39m
Admin UI E2E (2, chrome)	Run Cypress	2025-01-10T01:06:15.4575796Z [90m  â”‚[39m [90mFailing:[39m      [32m0[39m                                                                                [90mâ”‚[39m
Admin UI E2E (2, chrome)	Run Cypress	2025-01-10T01:06:15.4576615Z [90m  â”‚[39m [90mPending:[39m      [32m0[39m                                                                                [90mâ”‚[39m
Admin UI E2E (2, chrome)	Run Cypress	2025-01-10T01:06:15.4577492Z [90m  â”‚[39m [90mSkipped:[39m      [32m0[39m                                                                                [90mâ”‚[39m
Admin UI E2E (2, chrome)	Run Cypress	2025-01-10T01:06:15.4578212Z [90m  â”‚[39m [90mScreenshots:[39m  [32m0[39m                                                                                [90mâ”‚[39m
Admin UI E2E (2, chrome)	Run Cypress	2025-01-10T01:06:15.4578903Z [90m  â”‚[39m [90mVideo:[39m        [32mfalse[39m                                                                            [90mâ”‚[39m
Admin UI E2E (2, chrome)	Run Cypress	2025-01-10T01:06:15.4579842Z [90m  â”‚[39m [90mDuration:[39m     [32m13 seconds[39m                                                                       [90mâ”‚[39m
Admin UI E2E (2, chrome)	Run Cypress	2025-01-10T01:06:15.4581376Z [90m  â”‚[39m [90mSpec Ran:[39m     [32m[32mauthentication_policies_ciba.spec.ts[32m[39m                                             [90mâ”‚[39m
Admin UI E2E (2, chrome)	Run Cypress	2025-01-10T01:06:15.4588565Z [90m  â””[39m[90mâ”€[39m[90mâ”€[39m[90mâ”€[39m[90mâ”€[39m[90mâ”€[39m[90mâ”€[39m[90mâ”€[39m[90mâ”€[39m[90mâ”€[39m[90mâ”€[39m[90mâ”€[39m[90mâ”€[39m[90mâ”€[39m[90mâ”€[39m[90mâ”€[39m[90mâ”€[39m[90mâ”€[39m[90mâ”€[39m[90mâ”€[39m[90mâ”€[39m[90mâ”€[39m[90mâ”€[39m[90mâ”€[39m[90mâ”€[39m[90mâ”€[39m[90mâ”€[39m[90mâ”€[39m[90mâ”€[39m[90mâ”€[39m[90mâ”€[39m[90mâ”€[39m[90mâ”€[39m[90mâ”€[39m[90mâ”€[39m[90mâ”€[39m[90mâ”€[39m[90mâ”€[39m[90mâ”€[39m[90mâ”€[39m[90mâ”€[39m[90mâ”€[39m[90mâ”€[39m[90mâ”€[39m[90mâ”€[39m[90mâ”€[39m[90mâ”€[39m[90mâ”€[39m[90mâ”€[39m[90mâ”€[39m[90mâ”€[39m[90mâ”€[39m[90mâ”€[39m[90mâ”€[39m[90mâ”€[39m[90mâ”€[39m[90mâ”€[39m[90mâ”€[39m[90mâ”€[39m[90mâ”€[39m[90mâ”€[39m[90mâ”€[39m[90mâ”€[39m[90mâ”€[39m[90mâ”€[39m[90mâ”€[39m[90mâ”€[39m[90mâ”€[39m[90mâ”€[39m[90mâ”€[39m[90mâ”€[39m[90mâ”€[39m[90mâ”€[39m[90mâ”€[39m[90mâ”€[39m[90mâ”€[39m[90mâ”€[39m[90mâ”€[39m[90mâ”€[39m[90mâ”€[39m[90mâ”€[39m[90mâ”€[39m[90mâ”€[39m[90mâ”€[39m[90mâ”€[39m[90mâ”€[39m[90mâ”€[39m[90mâ”€[39m[90mâ”€[39m[90mâ”€[39m[90mâ”€[39m[90mâ”€[39m[90mâ”€[39m[90mâ”€[39m[90mâ”€[39m[90mâ”€[39m[90mâ”€[39m[90mâ”˜[39m
Admin UI E2E (2, chrome)	Run Cypress	2025-01-10T01:06:15.4592212Z 
Admin UI E2E (2, chrome)	Run Cypress	2025-01-10T01:06:15.4905028Z 
Admin UI E2E (2, chrome)	Run Cypress	2025-01-10T01:06:15.4916568Z [90mâ”€[39m[90mâ”€[39m[90mâ”€[39m[90mâ”€[39m[90mâ”€[39m[90mâ”€[39m[90mâ”€[39m[90mâ”€[39m[90mâ”€[39m[90mâ”€[39m[90mâ”€[39m[90mâ”€[39m[90mâ”€[39m[90mâ”€[39m[90mâ”€[39m[90mâ”€[39m[90mâ”€[39m[90mâ”€[39m[90mâ”€[39m[90mâ”€[39m[90mâ”€[39m[90mâ”€[39m[90mâ”€[39m[90mâ”€[39m[90mâ”€[39m[90mâ”€[39m[90mâ”€[39m[90mâ”€[39m[90mâ”€[39m[90mâ”€[39m[90mâ”€[39m[90mâ”€[39m[90mâ”€[39m[90mâ”€[39m[90mâ”€[39m[90mâ”€[39m[90mâ”€[39m[90mâ”€[39m[90mâ”€[39m[90mâ”€[39m[90mâ”€[39m[90mâ”€[39m[90mâ”€[39m[90mâ”€[39m[90mâ”€[39m[90mâ”€[39m[90mâ”€[39m[90mâ”€[39m[90mâ”€[39m[90mâ”€[39m[90mâ”€[39m[90mâ”€[39m[90mâ”€[39m[90mâ”€[39m[90mâ”€[39m[90mâ”€[39m[90mâ”€[39m[90mâ”€[39m[90mâ”€[39m[90mâ”€[39m[90mâ”€[39m[90mâ”€[39m[90mâ”€[39m[90mâ”€[39m[90mâ”€[39m[90mâ”€[39m[90mâ”€[39m[90mâ”€[39m[90mâ”€[39m[90mâ”€[39m[90mâ”€[39m[90mâ”€[39m[90mâ”€[39m[90mâ”€[39m[90mâ”€[39m[90mâ”€[39m[90mâ”€[39m[90mâ”€[39m[90mâ”€[39m[90mâ”€[39m[90mâ”€[39m[90mâ”€[39m[90mâ”€[39m[90mâ”€[39m[90mâ”€[39m[90mâ”€[39m[90mâ”€[39m[90mâ”€[39m[90mâ”€[39m[90mâ”€[39m[90mâ”€[39m[90mâ”€[39m[90mâ”€[39m[90mâ”€[39m[90mâ”€[39m[90mâ”€[39m[90mâ”€[39m[90mâ”€[39m[90mâ”€[39m[90mâ”€[39m
Admin UI E2E (2, chrome)	Run Cypress	2025-01-10T01:06:15.4921880Z                                                                                                     
Admin UI E2E (2, chrome)	Run Cypress	2025-01-10T01:06:15.4929312Z   Running:  [90mrealm_settings_client_policies_test.spec.ts[39m                                     [90m(3 of 8)[39m
Admin UI E2E (2, chrome)	Run Cypress	2025-01-10T01:06:19.1864107Z 
Admin UI E2E (2, chrome)	Run Cypress	2025-01-10T01:06:19.1864961Z [0m[0m
Admin UI E2E (2, chrome)	Run Cypress	2025-01-10T01:06:19.1958681Z [0m  Realm settings client policies tab tests[0m
Admin UI E2E (2, chrome)	Run Cypress	2025-01-10T01:06:26.4798871Z   [32m  âœ“[0m[90m Complete new client form and cancel[0m[90m (7237ms)[0m
Admin UI E2E (2, chrome)	Run Cypress	2025-01-10T01:06:29.9110296Z   [32m  âœ“[0m[90m Complete new client form and submit[0m[90m (3381ms)[0m
Admin UI E2E (2, chrome)	Run Cypress	2025-01-10T01:06:33.0227297Z   [32m  âœ“[0m[90m Should perform client profile search by profile name[0m[90m (3043ms)[0m
Admin UI E2E (2, chrome)	Run Cypress	2025-01-10T01:06:35.6009788Z   [32m  âœ“[0m[90m Should not have conditions configured by default[0m[90m (2517ms)[0m
Admin UI E2E (2, chrome)	Run Cypress	2025-01-10T01:06:38.6847993Z   [32m  âœ“[0m[90m Should cancel adding a new condition to a client profile[0m[90m (2994ms)[0m
Admin UI E2E (2, chrome)	Run Cypress	2025-01-10T01:06:42.4756997Z   [32m  âœ“[0m[90m Should add a new client-roles condition to a client profile[0m[90m (3735ms)[0m
Admin UI E2E (2, chrome)	Run Cypress	2025-01-10T01:06:45.9560513Z   [32m  âœ“[0m[90m Should add a new client-scopes condition to a client profile[0m[90m (3442ms)[0m
Admin UI E2E (2, chrome)	Run Cypress	2025-01-10T01:06:49.2565179Z   [32m  âœ“[0m[90m Should edit the client-roles condition of a client profile[0m[90m (3184ms)[0m
Admin UI E2E (2, chrome)	Run Cypress	2025-01-10T01:06:52.5871702Z   [32m  âœ“[0m[90m Should edit the client-scopes condition of a client profile[0m[90m (3236ms)[0m
Admin UI E2E (2, chrome)	Run Cypress	2025-01-10T01:06:55.5611688Z   [32m  âœ“[0m[90m Should cancel deleting condition from a client profile[0m[90m (2901ms)[0m
Admin UI E2E (2, chrome)	Run Cypress	2025-01-10T01:06:57.7870200Z   [32m  âœ“[0m[90m Should delete client-roles condition from a client profile[0m[90m (2193ms)[0m
Admin UI E2E (2, chrome)	Run Cypress	2025-01-10T01:07:00.5819652Z   [32m  âœ“[0m[90m Should delete client-scopes condition from a client profile[0m[90m (2713ms)[0m
Admin UI E2E (2, chrome)	Run Cypress	2025-01-10T01:07:03.9252010Z   [32m  âœ“[0m[90m Check cancelling the client policy deletion[0m[90m (3287ms)[0m
Admin UI E2E (2, chrome)	Run Cypress	2025-01-10T01:07:07.5330116Z   [32m  âœ“[0m[90m Check deleting the client policy[0m[90m (3576ms)[0m
Admin UI E2E (2, chrome)	Run Cypress	2025-01-10T01:07:10.1521453Z   [32m  âœ“[0m[90m Check navigating between Form View and JSON editor[0m[90m (2548ms)[0m
Admin UI E2E (2, chrome)	Run Cypress	2025-01-10T01:07:16.8749595Z   [32m  âœ“[0m[90m Should not create duplicate client profile[0m[90m (6665ms)[0m
Admin UI E2E (2, chrome)	Run Cypress	2025-01-10T01:07:20.8759612Z   [32m  âœ“[0m[90m Check deleting newly created client policy from create view via dropdown[0m[90m (3924ms)[0m
Admin UI E2E (2, chrome)	Run Cypress	2025-01-10T01:07:23.6191859Z   [32m  âœ“[0m[90m Check reloading JSON policies[0m[90m (2670ms)[0m
Admin UI E2E (2, chrome)	Run Cypress	2025-01-10T01:07:23.6192388Z 
Admin UI E2E (2, chrome)	Run Cypress	2025-01-10T01:07:23.6466848Z 
Admin UI E2E (2, chrome)	Run Cypress	2025-01-10T01:07:23.6468153Z [92m [0m[32m 18 passing[0m[90m (1m)[0m
Admin UI E2E (2, chrome)	Run Cypress	2025-01-10T01:07:23.6468545Z 
Admin UI E2E (2, chrome)	Run Cypress	2025-01-10T01:07:24.6799499Z 
Admin UI E2E (2, chrome)	Run Cypress	2025-01-10T01:07:24.6800692Z [32m  ([4m[1mResults[22m[24m)[39m
Admin UI E2E (2, chrome)	Run Cypress	2025-01-10T01:07:24.6819275Z 
Admin UI E2E (2, chrome)	Run Cypress	2025-01-10T01:07:24.6831626Z [90m  â”Œ[39m[90mâ”€[39m[90mâ”€[39m[90mâ”€[39m[90mâ”€[39m[90mâ”€[39m[90mâ”€[39m[90mâ”€[39m[90mâ”€[39m[90mâ”€[39m[90mâ”€[39m[90mâ”€[39m[90mâ”€[39m[90mâ”€[39m[90mâ”€[39m[90mâ”€[39m[90mâ”€[39m[90mâ”€[39m[90mâ”€[39m[90mâ”€[39m[90mâ”€[39m[90mâ”€[39m[90mâ”€[39m[90mâ”€[39m[90mâ”€[39m[90mâ”€[39m[90mâ”€[39m[90mâ”€[39m[90mâ”€[39m[90mâ”€[39m[90mâ”€[39m[90mâ”€[39m[90mâ”€[39m[90mâ”€[39m[90mâ”€[39m[90mâ”€[39m[90mâ”€[39m[90mâ”€[39m[90mâ”€[39m[90mâ”€[39m[90mâ”€[39m[90mâ”€[39m[90mâ”€[39m[90mâ”€[39m[90mâ”€[39m[90mâ”€[39m[90mâ”€[39m[90mâ”€[39m[90mâ”€[39m[90mâ”€[39m[90mâ”€[39m[90mâ”€[39m[90mâ”€[39m[90mâ”€[39m[90mâ”€[39m[90mâ”€[39m[90mâ”€[39m[90mâ”€[39m[90mâ”€[39m[90mâ”€[39m[90mâ”€[39m[90mâ”€[39m[90mâ”€[39m[90mâ”€[39m[90mâ”€[39m[90mâ”€[39m[90mâ”€[39m[90mâ”€[39m[90mâ”€[39m[90mâ”€[39m[90mâ”€[39m[90mâ”€[39m[90mâ”€[39m[90mâ”€[39m[90mâ”€[39m[90mâ”€[39m[90mâ”€[39m[90mâ”€[39m[90mâ”€[39m[90mâ”€[39m[90mâ”€[39m[90mâ”€[39m[90mâ”€[39m[90mâ”€[39m[90mâ”€[39m[90mâ”€[39m[90mâ”€[39m[90mâ”€[39m[90mâ”€[39m[90mâ”€[39m[90mâ”€[39m[90mâ”€[39m[90mâ”€[39m[90mâ”€[39m[90mâ”€[39m[90mâ”€[39m[90mâ”€[39m[90mâ”[39m
Admin UI E2E (2, chrome)	Run Cypress	2025-01-10T01:07:24.6835040Z [90m  â”‚[39m [90mTests:[39m        [32m18[39m                                                                               [90mâ”‚[39m
Admin UI E2E (2, chrome)	Run Cypress	2025-01-10T01:07:24.6835760Z [90m  â”‚[39m [90mPassing:[39m      [32m18[39m                                                                               [90mâ”‚[39m
Admin UI E2E (2, chrome)	Run Cypress	2025-01-10T01:07:24.6836940Z [90m  â”‚[39m [90mFailing:[39m      [32m0[39m                                                                                [90mâ”‚[39m
Admin UI E2E (2, chrome)	Run Cypress	2025-01-10T01:07:24.6837665Z [90m  â”‚[39m [90mPending:[39m      [32m0[39m                                                                                [90mâ”‚[39m
Admin UI E2E (2, chrome)	Run Cypress	2025-01-10T01:07:24.6838343Z [90m  â”‚[39m [90mSkipped:[39m      [32m0[39m                                                                                [90mâ”‚[39m
Admin UI E2E (2, chrome)	Run Cypress	2025-01-10T01:07:24.6839035Z [90m  â”‚[39m [90mScreenshots:[39m  [32m0[39m                                                                                [90mâ”‚[39m
Admin UI E2E (2, chrome)	Run Cypress	2025-01-10T01:07:24.6839719Z [90m  â”‚[39m [90mVideo:[39m        [32mfalse[39m                                                                            [90mâ”‚[39m
Admin UI E2E (2, chrome)	Run Cypress	2025-01-10T01:07:24.6840462Z [90m  â”‚[39m [90mDuration:[39m     [32m1 minute, 4 seconds[39m                                                              [90mâ”‚[39m
Admin UI E2E (2, chrome)	Run Cypress	2025-01-10T01:07:24.6841762Z [90m  â”‚[39m [90mSpec Ran:[39m     [32m[32mrealm_settings_client_policies_test.spec.ts[32m[39m                                      [90mâ”‚[39m
Admin UI E2E (2, chrome)	Run Cypress	2025-01-10T01:07:24.6848018Z [90m  â””[39m[90mâ”€[39m[90mâ”€[39m[90mâ”€[39m[90mâ”€[39m[90mâ”€[39m[90mâ”€[39m[90mâ”€[39m[90mâ”€[39m[90mâ”€[39m[90mâ”€[39m[90mâ”€[39m[90mâ”€[39m[90mâ”€[39m[90mâ”€[39m[90mâ”€[39m[90mâ”€[39m[90mâ”€[39m[90mâ”€[39m[90mâ”€[39m[90mâ”€[39m[90mâ”€[39m[90mâ”€[39m[90mâ”€[39m[90mâ”€[39m[90mâ”€[39m[90mâ”€[39m[90mâ”€[39m[90mâ”€[39m[90mâ”€[39m[90mâ”€[39m[90mâ”€[39m[90mâ”€[39m[90mâ”€[39m[90mâ”€[39m[90mâ”€[39m[90mâ”€[39m[90mâ”€[39m[90mâ”€[39m[90mâ”€[39m[90mâ”€[39m[90mâ”€[39m[90mâ”€[39m[90mâ”€[39m[90mâ”€[39m[90mâ”€[39m[90mâ”€[39m[90mâ”€[39m[90mâ”€[39m[90mâ”€[39m[90mâ”€[39m[90mâ”€[39m[90mâ”€[39m[90mâ”€[39m[90mâ”€[39m[90mâ”€[39m[90mâ”€[39m[90mâ”€[39m[90mâ”€[39m[90mâ”€[39m[90mâ”€[39m[90mâ”€[39m[90mâ”€[39m[90mâ”€[39m[90mâ”€[39m[90mâ”€[39m[90mâ”€[39m[90mâ”€[39m[90mâ”€[39m[90mâ”€[39m[90mâ”€[39m[90mâ”€[39m[90mâ”€[39m[90mâ”€[39m[90mâ”€[39m[90mâ”€[39m[90mâ”€[39m[90mâ”€[39m[90mâ”€[39m[90mâ”€[39m[90mâ”€[39m[90mâ”€[39m[90mâ”€[39m[90mâ”€[39m[90mâ”€[39m[90mâ”€[39m[90mâ”€[39m[90mâ”€[39m[90mâ”€[39m[90mâ”€[39m[90mâ”€[39m[90mâ”€[39m[90mâ”€[39m[90mâ”€[39m[90mâ”€[39m[90mâ”€[39m[90mâ”€[39m[90mâ”˜[39m
Admin UI E2E (2, chrome)	Run Cypress	2025-01-10T01:07:24.6851485Z 
Admin UI E2E (2, chrome)	Run Cypress	2025-01-10T01:07:24.7148277Z 
Admin UI E2E (2, chrome)	Run Cypress	2025-01-10T01:07:24.7159107Z [90mâ”€[39m[90mâ”€[39m[90mâ”€[39m[90mâ”€[39m[90mâ”€[39m[90mâ”€[39m[90mâ”€[39m[90mâ”€[39m[90mâ”€[39m[90mâ”€[39m[90mâ”€[39m[90mâ”€[39m[90mâ”€[39m[90mâ”€[39m[90mâ”€[39m[90mâ”€[39m[90mâ”€[39m[90mâ”€[39m[90mâ”€[39m[90mâ”€[39m[90mâ”€[39m[90mâ”€[39m[90mâ”€[39m[90mâ”€[39m[90mâ”€[39m[90mâ”€[39m[90mâ”€[39m[90mâ”€[39m[90mâ”€[39m[90mâ”€[39m[90mâ”€[39m[90mâ”€[39m[90mâ”€[39m[90mâ”€[39m[90mâ”€[39m[90mâ”€[39m[90mâ”€[39m[90mâ”€[39m[90mâ”€[39m[90mâ”€[39m[90mâ”€[39m[90mâ”€[39m[90mâ”€[39m[90mâ”€[39m[90mâ”€[39m[90mâ”€[39m[90mâ”€[39m[90mâ”€[39m[90mâ”€[39m[90mâ”€[39m[90mâ”€[39m[90mâ”€[39m[90mâ”€[39m[90mâ”€[39m[90mâ”€[39m[90mâ”€[39m[90mâ”€[39m[90mâ”€[39m[90mâ”€[39m[90mâ”€[39m[90mâ”€[39m[90mâ”€[39m[90mâ”€[39m[90mâ”€[39m[90mâ”€[39m[90mâ”€[39m[90mâ”€[39m[90mâ”€[39m[90mâ”€[39m[90mâ”€[39m[90mâ”€[39m[90mâ”€[39m[90mâ”€[39m[90mâ”€[39m[90mâ”€[39m[90mâ”€[39m[90mâ”€[39m[90mâ”€[39m[90mâ”€[39m[90mâ”€[39m[90mâ”€[39m[90mâ”€[39m[90mâ”€[39m[90mâ”€[39m[90mâ”€[39m[90mâ”€[39m[90mâ”€[39m[90mâ”€[39m[90mâ”€[39m[90mâ”€[39m[90mâ”€[39m[90mâ”€[39m[90mâ”€[39m[90mâ”€[39m[90mâ”€[39m[90mâ”€[39m[90mâ”€[39m[90mâ”€[39m[90mâ”€[39m[90mâ”€[39m
Admin UI E2E (2, chrome)	Run Cypress	2025-01-10T01:07:24.7161667Z                                                                                                     
Admin UI E2E (2, chrome)	Run Cypress	2025-01-10T01:07:24.7162411Z   Running:  [90mclients_saml_test.spec.ts[39m                                                       [90m(4 of 8)[39m
Admin UI E2E (2, chrome)	Run Cypress	2025-01-10T01:07:28.5837396Z 
Admin UI E2E (2, chrome)	Run Cypress	2025-01-10T01:07:28.5843465Z [0m[0m
Admin UI E2E (2, chrome)	Run Cypress	2025-01-10T01:07:28.5865196Z [0m  Clients SAML tests[0m
Admin UI E2E (2, chrome)	Run Cypress	2025-01-10T01:07:28.5865931Z [0m    SAML test[0m
Admin UI E2E (2, chrome)	Run Cypress	2025-01-10T01:07:33.0427176Z     [32m  âœ“[0m[90m should display the saml sections on details screen[0m[90m (4418ms)[0m
Admin UI E2E (2, chrome)	Run Cypress	2025-01-10T01:07:35.3339666Z     [32m  âœ“[0m[90m should save force name id format[0m[90m (2246ms)[0m
Admin UI E2E (2, chrome)	Run Cypress	2025-01-10T01:07:35.3418030Z [0m    SAML keys tab[0m
Admin UI E2E (2, chrome)	Run Cypress	2025-01-10T01:07:38.5703929Z     [32m  âœ“[0m[90m should doesn't disable signature when cancel[0m[90m (3198ms)[0m
Admin UI E2E (2, chrome)	Run Cypress	2025-01-10T01:07:41.8594001Z     [32m  âœ“[0m[90m should disable client signature[0m[90m (3236ms)[0m
Admin UI E2E (2, chrome)	Run Cypress	2025-01-10T01:07:45.3417707Z     [32m  âœ“[0m[90m should enable Encryption keys config[0m[90m (3410ms)[0m
Admin UI E2E (2, chrome)	Run Cypress	2025-01-10T01:07:45.3490751Z [0m    SAML settings tab[0m
Admin UI E2E (2, chrome)	Run Cypress	2025-01-10T01:07:48.9135074Z     [32m  âœ“[0m[90m should check SAML capabilities[0m[90m (3542ms)[0m
Admin UI E2E (2, chrome)	Run Cypress	2025-01-10T01:07:54.6110761Z     [32m  âœ“[0m[90m should check signature and encryption[0m[90m (5626ms)[0m
Admin UI E2E (2, chrome)	Run Cypress	2025-01-10T01:08:02.8334097Z     [32m  âœ“[0m[90m should check access settings[0m[90m (8186ms)[0m
Admin UI E2E (2, chrome)	Run Cypress	2025-01-10T01:08:06.5847531Z     [32m  âœ“[0m[90m should check login settings[0m[90m (3687ms)[0m
Admin UI E2E (2, chrome)	Run Cypress	2025-01-10T01:08:06.5848226Z 
Admin UI E2E (2, chrome)	Run Cypress	2025-01-10T01:08:06.6118077Z 
Admin UI E2E (2, chrome)	Run Cypress	2025-01-10T01:08:06.6119396Z [92m [0m[32m 9 passing[0m[90m (38s)[0m
Admin UI E2E (2, chrome)	Run Cypress	2025-01-10T01:08:06.6120201Z 
Admin UI E2E (2, chrome)	Run Cypress	2025-01-10T01:08:07.6330830Z 
Admin UI E2E (2, chrome)	Run Cypress	2025-01-10T01:08:07.6333067Z [32m  ([4m[1mResults[22m[24m)[39m
Admin UI E2E (2, chrome)	Run Cypress	2025-01-10T01:08:07.6352403Z 
Admin UI E2E (2, chrome)	Run Cypress	2025-01-10T01:08:07.6366219Z [90m  â”Œ[39m[90mâ”€[39m[90mâ”€[39m[90mâ”€[39m[90mâ”€[39m[90mâ”€[39m[90mâ”€[39m[90mâ”€[39m[90mâ”€[39m[90mâ”€[39m[90mâ”€[39m[90mâ”€[39m[90mâ”€[39m[90mâ”€[39m[90mâ”€[39m[90mâ”€[39m[90mâ”€[39m[90mâ”€[39m[90mâ”€[39m[90mâ”€[39m[90mâ”€[39m[90mâ”€[39m[90mâ”€[39m[90mâ”€[39m[90mâ”€[39m[90mâ”€[39m[90mâ”€[39m[90mâ”€[39m[90mâ”€[39m[90mâ”€[39m[90mâ”€[39m[90mâ”€[39m[90mâ”€[39m[90mâ”€[39m[90mâ”€[39m[90mâ”€[39m[90mâ”€[39m[90mâ”€[39m[90mâ”€[39m[90mâ”€[39m[90mâ”€[39m[90mâ”€[39m[90mâ”€[39m[90mâ”€[39m[90mâ”€[39m[90mâ”€[39m[90mâ”€[39m[90mâ”€[39m[90mâ”€[39m[90mâ”€[39m[90mâ”€[39m[90mâ”€[39m[90mâ”€[39m[90mâ”€[39m[90mâ”€[39m[90mâ”€[39m[90mâ”€[39m[90mâ”€[39m[90mâ”€[39m[90mâ”€[39m[90mâ”€[39m[90mâ”€[39m[90mâ”€[39m[90mâ”€[39m[90mâ”€[39m[90mâ”€[39m[90mâ”€[39m[90mâ”€[39m[90mâ”€[39m[90mâ”€[39m[90mâ”€[39m[90mâ”€[39m[90mâ”€[39m[90mâ”€[39m[90mâ”€[39m[90mâ”€[39m[90mâ”€[39m[90mâ”€[39m[90mâ”€[39m[90mâ”€[39m[90mâ”€[39m[90mâ”€[39m[90mâ”€[39m[90mâ”€[39m[90mâ”€[39m[90mâ”€[39m[90mâ”€[39m[90mâ”€[39m[90mâ”€[39m[90mâ”€[39m[90mâ”€[39m[90mâ”€[39m[90mâ”€[39m[90mâ”€[39m[90mâ”€[39m[90mâ”€[39m[90mâ”€[39m[90mâ”[39m
Admin UI E2E (2, chrome)	Run Cypress	2025-01-10T01:08:07.6368999Z [90m  â”‚[39m [90mTests:[39m        [32m9[39m                                                                                [90mâ”‚[39m
Admin UI E2E (2, chrome)	Run Cypress	2025-01-10T01:08:07.6369700Z [90m  â”‚[39m [90mPassing:[39m      [32m9[39m                                                                                [90mâ”‚[39m
Admin UI E2E (2, chrome)	Run Cypress	2025-01-10T01:08:07.6370647Z [90m  â”‚[39m [90mFailing:[39m      [32m0[39m                                                                                [90mâ”‚[39m
Admin UI E2E (2, chrome)	Run Cypress	2025-01-10T01:08:07.6371509Z [90m  â”‚[39m [90mPending:[39m      [32m0[39m                                                                                [90mâ”‚[39m
Admin UI E2E (2, chrome)	Run Cypress	2025-01-10T01:08:07.6372199Z [90m  â”‚[39m [90mSkipped:[39m      [32m0[39m                                                                                [90mâ”‚[39m
Admin UI E2E (2, chrome)	Run Cypress	2025-01-10T01:08:07.6373501Z [90m  â”‚[39m [90mScreenshots:[39m  [32m0[39m                                                                                [90mâ”‚[39m
Admin UI E2E (2, chrome)	Run Cypress	2025-01-10T01:08:07.6374384Z [90m  â”‚[39m [90mVideo:[39m        [32mfalse[39m                                                                            [90mâ”‚[39m
Admin UI E2E (2, chrome)	Run Cypress	2025-01-10T01:08:07.6375501Z [90m  â”‚[39m [90mDuration:[39m     [32m38 seconds[39m                                                                       [90mâ”‚[39m
Admin UI E2E (2, chrome)	Run Cypress	2025-01-10T01:08:07.6376626Z [90m  â”‚[39m [90mSpec Ran:[39m     [32m[32mclients_saml_test.spec.ts[32m[39m                                                        [90mâ”‚[39m
Admin UI E2E (2, chrome)	Run Cypress	2025-01-10T01:08:07.6381641Z [90m  â””[39m[90mâ”€[39m[90mâ”€[39m[90mâ”€[39m[90mâ”€[39m[90mâ”€[39m[90mâ”€[39m[90mâ”€[39m[90mâ”€[39m[90mâ”€[39m[90mâ”€[39m[90mâ”€[39m[90mâ”€[39m[90mâ”€[39m[90mâ”€[39m[90mâ”€[39m[90mâ”€[39m[90mâ”€[39m[90mâ”€[39m[90mâ”€[39m[90mâ”€[39m[90mâ”€[39m[90mâ”€[39m[90mâ”€[39m[90mâ”€[39m[90mâ”€[39m[90mâ”€[39m[90mâ”€[39m[90mâ”€[39m[90mâ”€[39m[90mâ”€[39m[90mâ”€[39m[90mâ”€[39m[90mâ”€[39m[90mâ”€[39m[90mâ”€[39m[90mâ”€[39m[90mâ”€[39m[90mâ”€[39m[90mâ”€[39m[90mâ”€[39m[90mâ”€[39m[90mâ”€[39m[90mâ”€[39m[90mâ”€[39m[90mâ”€[39m[90mâ”€[39m[90mâ”€[39m[90mâ”€[39m[90mâ”€[39m[90mâ”€[39m[90mâ”€[39m[90mâ”€[39m[90mâ”€[39m[90mâ”€[39m[90mâ”€[39m[90mâ”€[39m[90mâ”€[39m[90mâ”€[39m[90mâ”€[39m[90mâ”€[39m[90mâ”€[39m[90mâ”€[39m[90mâ”€[39m[90mâ”€[39m[90mâ”€[39m[90mâ”€[39m[90mâ”€[39m[90mâ”€[39m[90mâ”€[39m[90mâ”€[39m[90mâ”€[39m[90mâ”€[39m[90mâ”€[39m[90mâ”€[39m[90mâ”€[39m[90mâ”€[39m[90mâ”€[39m[90mâ”€[39m[90mâ”€[39m[90mâ”€[39m[90mâ”€[39m[90mâ”€[39m[90mâ”€[39m[90mâ”€[39m[90mâ”€[39m[90mâ”€[39m[90mâ”€[39m[90mâ”€[39m[90mâ”€[39m[90mâ”€[39m[90mâ”€[39m[90mâ”€[39m[90mâ”€[39m[90mâ”€[39m[90mâ”€[39m[90mâ”€[39m[90mâ”˜[39m
Admin UI E2E (2, chrome)	Run Cypress	2025-01-10T01:08:07.6385264Z 
Admin UI E2E (2, chrome)	Run Cypress	2025-01-10T01:08:07.6669638Z 
Admin UI E2E (2, chrome)	Run Cypress	2025-01-10T01:08:07.6681575Z [90mâ”€[39m[90mâ”€[39m[90mâ”€[39m[90mâ”€[39m[90mâ”€[39m[90mâ”€[39m[90mâ”€[39m[90mâ”€[39m[90mâ”€[39m[90mâ”€[39m[90mâ”€[39m[90mâ”€[39m[90mâ”€[39m[90mâ”€[39m[90mâ”€[39m[90mâ”€[39m[90mâ”€[39m[90mâ”€[39m[90mâ”€[39m[90mâ”€[39m[90mâ”€[39m[90mâ”€[39m[90mâ”€[39m[90mâ”€[39m[90mâ”€[39m[90mâ”€[39m[90mâ”€[39m[90mâ”€[39m[90mâ”€[39m[90mâ”€[39m[90mâ”€[39m[90mâ”€[39m[90mâ”€[39m[90mâ”€[39m[90mâ”€[39m[90mâ”€[39m[90mâ”€[39m[90mâ”€[39m[90mâ”€[39m[90mâ”€[39m[90mâ”€[39m[90mâ”€[39m[90mâ”€[39m[90mâ”€[39m[90mâ”€[39m[90mâ”€[39m[90mâ”€[39m[90mâ”€[39m[90mâ”€[39m[90mâ”€[39m[90mâ”€[39m[90mâ”€[39m[90mâ”€[39m[90mâ”€[39m[90mâ”€[39m[90mâ”€[39m[90mâ”€[39m[90mâ”€[39m[90mâ”€[39m[90mâ”€[39m[90mâ”€[39m[90mâ”€[39m[90mâ”€[39m[90mâ”€[39m[90mâ”€[39m[90mâ”€[39m[90mâ”€[39m[90mâ”€[39m[90mâ”€[39m[90mâ”€[39m[90mâ”€[39m[90mâ”€[39m[90mâ”€[39m[90mâ”€[39m[90mâ”€[39m[90mâ”€[39m[90mâ”€[39m[90mâ”€[39m[90mâ”€[39m[90mâ”€[39m[90mâ”€[39m[90mâ”€[39m[90mâ”€[39m[90mâ”€[39m[90mâ”€[39m[90mâ”€[39m[90mâ”€[39m[90mâ”€[39m[90mâ”€[39m[90mâ”€[39m[90mâ”€[39m[90mâ”€[39m[90mâ”€[39m[90mâ”€[39m[90mâ”€[39m[90mâ”€[39m[90mâ”€[39m[90mâ”€[39m[90mâ”€[39m[90mâ”€[39m
Admin UI E2E (2, chrome)	Run Cypress	2025-01-10T01:08:07.6686371Z                                                                                                     
Admin UI E2E (2, chrome)	Run Cypress	2025-01-10T01:08:07.6687414Z   Running:  [90mclients_test.spec.ts[39m                                                            [90m(5 of 8)[39m
Admin UI E2E (2, chrome)	Run Cypress	2025-01-10T01:08:12.0053729Z 
Admin UI E2E (2, chrome)	Run Cypress	2025-01-10T01:08:12.0054854Z [0m[0m
Admin UI E2E (2, chrome)	Run Cypress	2025-01-10T01:08:12.0055568Z [0m  Clients test[0m
Admin UI E2E (2, chrome)	Run Cypress	2025-01-10T01:08:12.7792871Z [0m    Client creation[0m
Admin UI E2E (2, chrome)	Run Cypress	2025-01-10T01:08:17.7999227Z     [32m  âœ“[0m[90m Should cancel creating client[0m[90m (5757ms)[0m
Admin UI E2E (2, chrome)	Run Cypress	2025-01-10T01:08:26.8792220Z     [32m  âœ“[0m[90m Should check settings elements[0m[90m (8960ms)[0m
Admin UI E2E (2, chrome)	Run Cypress	2025-01-10T01:08:30.0064633Z     [32m  âœ“[0m[90m Should navigate to previous using 'back' button[0m[90m (3049ms)[0m
Admin UI E2E (2, chrome)	Run Cypress	2025-01-10T01:08:33.5523642Z     [32m  âœ“[0m[90m Should fail creating client[0m[90m (3502ms)[0m
Admin UI E2E (2, chrome)	Run Cypress	2025-01-10T01:08:42.3881564Z     [32m  âœ“[0m[90m Client CRUD test[0m[90m (8731ms)[0m
Admin UI E2E (2, chrome)	Run Cypress	2025-01-10T01:08:44.9034960Z     [32m  âœ“[0m[90m Should fail to create imported client with empty ID[0m[90m (2450ms)[0m
Admin UI E2E (2, chrome)	Run Cypress	2025-01-10T01:08:49.8013046Z     [32m  âœ“[0m[90m Should fail to create client with same ID[0m[90m (4852ms)[0m
Admin UI E2E (2, chrome)	Run Cypress	2025-01-10T01:08:51.8551769Z     [32m  âœ“[0m[90m should delete 'identical' client id[0m[90m (2004ms)[0m
Admin UI E2E (2, chrome)	Run Cypress	2025-01-10T01:08:51.8720245Z [0m    Service account tab test[0m
Admin UI E2E (2, chrome)	Run Cypress	2025-01-10T01:08:56.2741811Z     [32m  âœ“[0m[90m List[0m[90m (4378ms)[0m
Admin UI E2E (2, chrome)	Run Cypress	2025-01-10T01:09:34.4084651Z       [33m(Attempt 1 of 4)[0m Assign
Admin UI E2E (2, chrome)	Run Cypress	2025-01-10T01:10:17.6307868Z       [33m(Attempt 2 of 4)[0m Assign
Admin UI E2E (2, chrome)	Run Cypress	2025-01-10T01:11:05.5579109Z       [33m(Attempt 3 of 4)[0m Assign
Admin UI E2E (2, chrome)	Run Cypress	2025-01-10T01:11:58.4371178Z     [31m  1) Assign[0m
Admin UI E2E (2, chrome)	Run Cypress	2025-01-10T01:11:59.5269227Z [0m    Mapping tab[0m
Admin UI E2E (2, chrome)	Run Cypress	2025-01-10T01:12:06.5892203Z     [32m  âœ“[0m[90m Add mapping to openid client[0m[90m (6617ms)[0m
Admin UI E2E (2, chrome)	Run Cypress	2025-01-10T01:12:06.6094256Z [0m    Keys tab test[0m
Admin UI E2E (2, chrome)	Run Cypress	2025-01-10T01:12:13.5424249Z     [32m  âœ“[0m[90m Generate new keys[0m[90m (6518ms)[0m
Admin UI E2E (2, chrome)	Run Cypress	2025-01-10T01:12:13.5547488Z [0m    Realm client[0m
Admin UI E2E (2, chrome)	Run Cypress	2025-01-10T01:12:18.2789734Z     [32m  âœ“[0m[90m Displays the correct tabs[0m[90m (4536ms)[0m
Admin UI E2E (2, chrome)	Run Cypress	2025-01-10T01:12:21.3181551Z     [32m  âœ“[0m[90m Hides the delete action[0m[90m (2990ms)[0m
Admin UI E2E (2, chrome)	Run Cypress	2025-01-10T01:12:21.3274548Z [0m    ***
Admin UI E2E (2, chrome)	Run Cypress	2025-01-10T01:12:25.6094020Z     [32m  âœ“[0m[90m Shows an explainer text for bearer only clients[0m[90m (4169ms)[0m
Admin UI E2E (2, chrome)	Run Cypress	2025-01-10T01:12:29.8886861Z     [32m  âœ“[0m[90m Hides the capability config section[0m[90m (3921ms)[0m
Admin UI E2E (2, chrome)	Run Cypress	2025-01-10T01:12:29.9304680Z [0m    Generated home URLs for built-in clients[0m
Admin UI E2E (2, chrome)	Run Cypress	2025-01-10T01:12:31.6907197Z     [32m  âœ“[0m[90m Check account-console Home URL[0m[90m (1724ms)[0m
Admin UI E2E (2, chrome)	Run Cypress	2025-01-10T01:12:34.1042955Z     [32m  âœ“[0m[90m Check security-admin-console Home URL[0m[90m (2261ms)[0m
Admin UI E2E (2, chrome)	Run Cypress	2025-01-10T01:12:34.1167065Z [0m    Accessibility tests for clients[0m
Admin UI E2E (2, chrome)	Run Cypress	2025-01-10T01:12:36.9748002Z     [32m  âœ“[0m[90m Check a11y violations on load/ clients list tab[0m[90m (2801ms)[0m
Admin UI E2E (2, chrome)	Run Cypress	2025-01-10T01:12:41.6885182Z     [32m  âœ“[0m[90m Check a11y violations on create client page[0m[90m (4635ms)[0m
Admin UI E2E (2, chrome)	Run Cypress	2025-01-10T01:12:48.4975604Z     [32m  âœ“[0m[90m Check a11y violations on client details page[0m[90m (6753ms)[0m
Admin UI E2E (2, chrome)	Run Cypress	2025-01-10T01:12:52.6493912Z     [32m  âœ“[0m[90m Check a11y violations in delete dialog[0m[90m (4067ms)[0m
Admin UI E2E (2, chrome)	Run Cypress	2025-01-10T01:12:54.7937691Z     [32m  âœ“[0m[90m Check a11y violations on client registration/ anonymous access policies tab[0m[90m (2079ms)[0m
Admin UI E2E (2, chrome)	Run Cypress	2025-01-10T01:12:58.4791400Z     [32m  âœ“[0m[90m Check a11y violations on client registration/ authenticated access policies tab[0m[90m (3241ms)[0m
Admin UI E2E (2, chrome)	Run Cypress	2025-01-10T01:12:58.4805173Z 
Admin UI E2E (2, chrome)	Run Cypress	2025-01-10T01:12:58.5025764Z 
Admin UI E2E (2, chrome)	Run Cypress	2025-01-10T01:12:58.5026969Z [92m [0m[32m 23 passing[0m[90m (5m)[0m
Admin UI E2E (2, chrome)	Run Cypress	2025-01-10T01:12:58.5027764Z [31m  1 failing[0m
Admin UI E2E (2, chrome)	Run Cypress	2025-01-10T01:12:58.5028426Z 
Admin UI E2E (2, chrome)	Run Cypress	2025-01-10T01:12:58.5041891Z [0m  1) Clients test
Admin UI E2E (2, chrome)	Run Cypress	2025-01-10T01:12:58.5042592Z        Service account tab test
Admin UI E2E (2, chrome)	Run Cypress	2025-01-10T01:12:58.5043622Z          Assign:
Admin UI E2E (2, chrome)	Run Cypress	2025-01-10T01:12:58.5046004Z [0m[31m     AssertionError: Timed out retrying after 30000ms: expected '[ <td.pf-v5-c-table__td.pf-v5-c-table__check>, 39 more... ]' not to contain 'create-realm-143eb6b4-fb10-4629-9061-979c2a2f6227'[0m[90m
Admin UI E2E (2, chrome)	Run Cypress	2025-01-10T01:12:58.5047983Z       at Context.eval (webpack://@keycloak/keycloak-admin-ui/./cypress/support/pages/admin-ui/manage/RoleMappingTab.ts:91:0)
Admin UI E2E (2, chrome)	Run Cypress	2025-01-10T01:12:58.5049035Z [0m
Admin UI E2E (2, chrome)	Run Cypress	2025-01-10T01:12:58.5049368Z 
Admin UI E2E (2, chrome)	Run Cypress	2025-01-10T01:12:58.5049421Z 
Admin UI E2E (2, chrome)	Run Cypress	2025-01-10T01:12:59.5567719Z 
Admin UI E2E (2, chrome)	Run Cypress	2025-01-10T01:12:59.5568928Z [31m  ([4m[1mResults[22m[24m)[39m
Admin UI E2E (2, chrome)	Run Cypress	2025-01-10T01:12:59.5586336Z 
Admin UI E2E (2, chrome)	Run Cypress	2025-01-10T01:12:59.5600531Z [90m  â”Œ[39m[90mâ”€[39m[90mâ”€[39m[90mâ”€[39m[90mâ”€[39m[90mâ”€[39m[90mâ”€[39m[90mâ”€[39m[90mâ”€[39m[90mâ”€[39m[90mâ”€[39m[90mâ”€[39m[90mâ”€[39m[90mâ”€[39m[90mâ”€[39m[90mâ”€[39m[90mâ”€[39m[90mâ”€[39m[90mâ”€[39m[90mâ”€[39m[90mâ”€[39m[90mâ”€[39m[90mâ”€[39m[90mâ”€[39m[90mâ”€[39m[90mâ”€[39m[90mâ”€[39m[90mâ”€[39m[90mâ”€[39m[90mâ”€[39m[90mâ”€[39m[90mâ”€[39m[90mâ”€[39m[90mâ”€[39m[90mâ”€[39m[90mâ”€[39m[90mâ”€[39m[90mâ”€[39m[90mâ”€[39m[90mâ”€[39m[90mâ”€[39m[90mâ”€[39m[90mâ”€[39m[90mâ”€[39m[90mâ”€[39m[90mâ”€[39m[90mâ”€[39m[90mâ”€[39m[90mâ”€[39m[90mâ”€[39m[90mâ”€[39m[90mâ”€[39m[90mâ”€[39m[90mâ”€[39m[90mâ”€[39m[90mâ”€[39m[90mâ”€[39m[90mâ”€[39m[90mâ”€[39m[90mâ”€[39m[90mâ”€[39m[90mâ”€[39m[90mâ”€[39m[90mâ”€[39m[90mâ”€[39m[90mâ”€[39m[90mâ”€[39m[90mâ”€[39m[90mâ”€[39m[90mâ”€[39m[90mâ”€[39m[90mâ”€[39m[90mâ”€[39m[90mâ”€[39m[90mâ”€[39m[90mâ”€[39m[90mâ”€[39m[90mâ”€[39m[90mâ”€[39m[90mâ”€[39m[90mâ”€[39m[90mâ”€[39m[90mâ”€[39m[90mâ”€[39m[90mâ”€[39m[90mâ”€[39m[90mâ”€[39m[90mâ”€[39m[90mâ”€[39m[90mâ”€[39m[90mâ”€[39m[90mâ”€[39m[90mâ”€[39m[90mâ”€[39m[90mâ”€[39m[90mâ”€[39m[90mâ”€[39m[90mâ”[39m
Admin UI E2E (2, chrome)	Run Cypress	2025-01-10T01:12:59.5603392Z [90m  â”‚[39m [90mTests:[39m        [31m24[39m                                                                               [90mâ”‚[39m
Admin UI E2E (2, chrome)	Run Cypress	2025-01-10T01:12:59.5604115Z [90m  â”‚[39m [90mPassing:[39m      [31m23[39m                                                                               [90mâ”‚[39m
Admin UI E2E (2, chrome)	Run Cypress	2025-01-10T01:12:59.5604837Z [90m  â”‚[39m [90mFailing:[39m      [31m1[39m                                                                                [90mâ”‚[39m
Admin UI E2E (2, chrome)	Run Cypress	2025-01-10T01:12:59.5605802Z [90m  â”‚[39m [90mPending:[39m      [31m0[39m                                                                                [90mâ”‚[39m
Admin UI E2E (2, chrome)	Run Cypress	2025-01-10T01:12:59.5607036Z [90m  â”‚[39m [90mSkipped:[39m      [31m0[39m                                                                                [90mâ”‚[39m
Admin UI E2E (2, chrome)	Run Cypress	2025-01-10T01:12:59.5608290Z [90m  â”‚[39m [90mScreenshots:[39m  [31m4[39m                                                                                [90mâ”‚[39m
Admin UI E2E (2, chrome)	Run Cypress	2025-01-10T01:12:59.5609482Z [90m  â”‚[39m [90mVideo:[39m        [31mtrue[39m                                                                             [90mâ”‚[39m
Admin UI E2E (2, chrome)	Run Cypress	2025-01-10T01:12:59.5610646Z [90m  â”‚[39m [90mDuration:[39m     [31m4 minutes, 46 seconds[39m                                                            [90mâ”‚[39m
Admin UI E2E (2, chrome)	Run Cypress	2025-01-10T01:12:59.5612084Z [90m  â”‚[39m [90mSpec Ran:[39m     [31m[31mclients_test.spec.ts[31m[39m                                                             [90mâ”‚[39m
Admin UI E2E (2, chrome)	Run Cypress	2025-01-10T01:12:59.5618845Z [90m  â””[39m[90mâ”€[39m[90mâ”€[39m[90mâ”€[39m[90mâ”€[39m[90mâ”€[39m[90mâ”€[39m[90mâ”€[39m[90mâ”€[39m[90mâ”€[39m[90mâ”€[39m[90mâ”€[39m[90mâ”€[39m[90mâ”€[39m[90mâ”€[39m[90mâ”€[39m[90mâ”€[39m[90mâ”€[39m[90mâ”€[39m[90mâ”€[39m[90mâ”€[39m[90mâ”€[39m[90mâ”€[39m[90mâ”€[39m[90mâ”€[39m[90mâ”€[39m[90mâ”€[39m[90mâ”€[39m[90mâ”€[39m[90mâ”€[39m[90mâ”€[39m[90mâ”€[39m[90mâ”€[39m[90mâ”€[39m[90mâ”€[39m[90mâ”€[39m[90mâ”€[39m[90mâ”€[39m[90mâ”€[39m[90mâ”€[39m[90mâ”€[39m[90mâ”€[39m[90mâ”€[39m[90mâ”€[39m[90mâ”€[39m[90mâ”€[39m[90mâ”€[39m[90mâ”€[39m[90mâ”€[39m[90mâ”€[39m[90mâ”€[39m[90mâ”€[39m[90mâ”€[39m[90mâ”€[39m[90mâ”€[39m[90mâ”€[39m[90mâ”€[39m[90mâ”€[39m[90mâ”€[39m[90mâ”€[39m[90mâ”€[39m[90mâ”€[39m[90mâ”€[39m[90mâ”€[39m[90mâ”€[39m[90mâ”€[39m[90mâ”€[39m[90mâ”€[39m[90mâ”€[39m[90mâ”€[39m[90mâ”€[39m[90mâ”€[39m[90mâ”€[39m[90mâ”€[39m[90mâ”€[39m[90mâ”€[39m[90mâ”€[39m[90mâ”€[39m[90mâ”€[39m[90mâ”€[39m[90mâ”€[39m[90mâ”€[39m[90mâ”€[39m[90mâ”€[39m[90mâ”€[39m[90mâ”€[39m[90mâ”€[39m[90mâ”€[39m[90mâ”€[39m[90mâ”€[39m[90mâ”€[39m[90mâ”€[39m[90mâ”€[39m[90mâ”€[39m[90mâ”€[39m[90mâ”€[39m[90mâ”€[39m[90mâ”˜[39m
Admin UI E2E (2, chrome)	Run Cypress	2025-01-10T01:12:59.5622450Z 
Admin UI E2E (2, chrome)	Run Cypress	2025-01-10T01:12:59.5622470Z 
Admin UI E2E (2, chrome)	Run Cypress	2025-01-10T01:12:59.5623056Z [33m  ([4m[1mScreenshots[22m[24m)[39m
Admin UI E2E (2, chrome)	Run Cypress	2025-01-10T01:12:59.5623370Z 
Admin UI E2E (2, chrome)	Run Cypress	2025-01-10T01:12:59.5624603Z [90m [39m -  [0m/home/runner/work/keycloak/keycloak/js/apps/admin-ui/cypress/screenshots/clients[0m     [90m[90m(1280x633)[90m[39m
Admin UI E2E (2, chrome)	Run Cypress	2025-01-10T01:12:59.5626523Z [90m [39m    [0m_test.spec.ts/Clients test -- Service account tab test -- Assign (failed).png[0m                  
Admin UI E2E (2, chrome)	Run Cypress	2025-01-10T01:12:59.5628140Z [90m [39m -  [0m/home/runner/work/keycloak/keycloak/js/apps/admin-ui/cypress/screenshots/clients[0m     [90m[90m(1280x633)[90m[39m
Admin UI E2E (2, chrome)	Run Cypress	2025-01-10T01:12:59.5629741Z [90m [39m    [0m_test.spec.ts/Clients test -- Service account tab test -- Assign (failed) (attem[0m               
Admin UI E2E (2, chrome)	Run Cypress	2025-01-10T01:12:59.5630985Z [90m [39m    [0mpt 2).png[0m                                                                                      
Admin UI E2E (2, chrome)	Run Cypress	2025-01-10T01:12:59.5632493Z [90m [39m -  [0m/home/runner/work/keycloak/keycloak/js/apps/admin-ui/cypress/screenshots/clients[0m     [90m[90m(1280x633)[90m[39m
Admin UI E2E (2, chrome)	Run Cypress	2025-01-10T01:12:59.5634370Z [90m [39m    [0m_test.spec.ts/Clients test -- Service account tab test -- Assign (failed) (attem[0m               
Admin UI E2E (2, chrome)	Run Cypress	2025-01-10T01:12:59.5635626Z [90m [39m    [0mpt 3).png[0m                                                                                      
Admin UI E2E (2, chrome)	Run Cypress	2025-01-10T01:12:59.5637166Z [90m [39m -  [0m/home/runner/work/keycloak/keycloak/js/apps/admin-ui/cypress/screenshots/clients[0m     [90m[90m(1280x633)[90m[39m
Admin UI E2E (2, chrome)	Run Cypress	2025-01-10T01:12:59.5638903Z [90m [39m    [0m_test.spec.ts/Clients test -- Service account tab test -- Assign (failed) (attem[0m               
Admin UI E2E (2, chrome)	Run Cypress	2025-01-10T01:12:59.5640124Z [90m [39m    [0mpt 4).png[0m                                                                                      
Admin UI E2E (2, chrome)	Run Cypress	2025-01-10T01:12:59.5640514Z 
Admin UI E2E (2, chrome)	Run Cypress	2025-01-10T01:12:59.6042233Z 
Admin UI E2E (2, chrome)	Run Cypress	2025-01-10T01:12:59.6045726Z [36m  ([4m[1mVideo[22m[24m)[39m
Admin UI E2E (2, chrome)	Run Cypress	2025-01-10T01:12:59.6055546Z 
Admin UI E2E (2, chrome)	Run Cypress	2025-01-10T01:12:59.6056833Z   -  Video output: [36m/home/runner/work/keycloak/keycloak/js/apps/admin-ui/cypress/videos/clients_test.spec.ts.mp4[39m
Admin UI E2E (2, chrome)	Run Cypress	2025-01-10T01:12:59.6057737Z 
Admin UI E2E (2, chrome)	Run Cypress	2025-01-10T01:12:59.6057877Z 
Admin UI E2E (2, chrome)	Run Cypress	2025-01-10T01:12:59.6064992Z [90mâ”€[39m[90mâ”€[39m[90mâ”€[39m[90mâ”€[39m[90mâ”€[39m[90mâ”€[39m[90mâ”€[39m[90mâ”€[39m[90mâ”€[39m[90mâ”€[39m[90mâ”€[39m[90mâ”€[39m[90mâ”€[39m[90mâ”€[39m[90mâ”€[39m[90mâ”€[39m[90mâ”€[39m[90mâ”€[39m[90mâ”€[39m[90mâ”€[39m[90mâ”€[39m[90mâ”€[39m[90mâ”€[39m[90mâ”€[39m[90mâ”€[39m[90mâ”€[39m[90mâ”€[39m[90mâ”€[39m[90mâ”€[39m[90mâ”€[39m[90mâ”€[39m[90mâ”€[39m[90mâ”€[39m[90mâ”€[39m[90mâ”€[39m[90mâ”€[39m[90mâ”€[39m[90mâ”€[39m[90mâ”€[39m[90mâ”€[39m[90mâ”€[39m[90mâ”€[39m[90mâ”€[39m[90mâ”€[39m[90mâ”€[39m[90mâ”€[39m[90mâ”€[39m[90mâ”€[39m[90mâ”€[39m[90mâ”€[39m[90mâ”€[39m[90mâ”€[39m[90mâ”€[39m[90mâ”€[39m[90mâ”€[39m[90mâ”€[39m[90mâ”€[39m[90mâ”€[39m[90mâ”€[39m[90mâ”€[39m[90mâ”€[39m[90mâ”€[39m[90mâ”€[39m[90mâ”€[39m[90mâ”€[39m[90mâ”€[39m[90mâ”€[39m[90mâ”€[39m[90mâ”€[39m[90mâ”€[39m[90mâ”€[39m[90mâ”€[39m[90mâ”€[39m[90mâ”€[39m[90mâ”€[39m[90mâ”€[39m[90mâ”€[39m[90mâ”€[39m[90mâ”€[39m[90mâ”€[39m[90mâ”€[39m[90mâ”€[39m[90mâ”€[39m[90mâ”€[39m[90mâ”€[39m[90mâ”€[39m[90mâ”€[39m[90mâ”€[39m[90mâ”€[39m[90mâ”€[39m[90mâ”€[39m[90mâ”€[39m[90mâ”€[39m[90mâ”€[39m[90mâ”€[39m[90mâ”€[39m[90mâ”€[39m[90mâ”€[39m[90mâ”€[39m[90mâ”€[39m
Admin UI E2E (2, chrome)	Run Cypress	2025-01-10T01:12:59.6069067Z                                                                                                     
Admin UI E2E (2, chrome)	Run Cypress	2025-01-10T01:12:59.6070189Z   Running:  [90mrealm_settings_tabs_test.spec.ts[39m                                                [90m(6 of 8)[39m
Admin UI E2E (2, chrome)	Run Cypress	2025-01-10T01:13:03.7639692Z 
Admin UI E2E (2, chrome)	Run Cypress	2025-01-10T01:13:03.7643657Z [0m[0m
Admin UI E2E (2, chrome)	Run Cypress	2025-01-10T01:13:03.7664008Z [0m  Realm settings tabs tests[0m
Admin UI E2E (2, chrome)	Run Cypress	2025-01-10T01:13:08.4081061Z   [32m  âœ“[0m[90m shows the 'user profile' tab[0m[90m (4594ms)[0m
Admin UI E2E (2, chrome)	Run Cypress	2025-01-10T01:13:12.4222915Z   [32m  âœ“[0m[90m Go to login tab[0m[90m (3981ms)[0m
Admin UI E2E (2, chrome)	Run Cypress	2025-01-10T01:13:18.5352368Z   [32m  âœ“[0m[90m Go to email tab[0m[90m (6082ms)[0m
Admin UI E2E (2, chrome)	Run Cypress	2025-01-10T01:13:21.7394920Z   [32m  âœ“[0m[90m Go to themes tab[0m[90m (3144ms)[0m
Admin UI E2E (2, chrome)	Run Cypress	2025-01-10T01:13:21.7702329Z [0m    Go to security defenses tab[0m
Admin UI E2E (2, chrome)	Run Cypress	2025-01-10T01:13:24.4800563Z     [32m  âœ“[0m[90m Realm header settings- update single input[0m[90m (2646ms)[0m
Admin UI E2E (2, chrome)	Run Cypress	2025-01-10T01:13:29.1781232Z     [32m  âœ“[0m[90m Realm header settings- update all inputs[0m[90m (4646ms)[0m
Admin UI E2E (2, chrome)	Run Cypress	2025-01-10T01:13:32.7994220Z     [32m  âœ“[0m[90m Brute force detection- update values[0m[90m (3485ms)[0m
Admin UI E2E (2, chrome)	Run Cypress	2025-01-10T01:13:32.8219124Z [0m    Go to localization tab[0m
Admin UI E2E (2, chrome)	Run Cypress	2025-01-10T01:13:35.2021915Z     [32m  âœ“[0m[90m Locales tab - Add locale[0m[90m (2353ms)[0m
Admin UI E2E (2, chrome)	Run Cypress	2025-01-10T01:13:38.0603833Z     [32m  âœ“[0m[90m Realm Overrides - Add and delete bundle[0m[90m (2823ms)[0m
Admin UI E2E (2, chrome)	Run Cypress	2025-01-10T01:13:41.7442586Z     [32m  âœ“[0m[90m Realm Overrides - Search for and delete bundle[0m[90m (3640ms)[0m
Admin UI E2E (2, chrome)	Run Cypress	2025-01-10T01:13:46.1244024Z     [32m  âœ“[0m[90m Realm Overrides - Edit and cancel edit message bundle[0m[90m (4283ms)[0m
Admin UI E2E (2, chrome)	Run Cypress	2025-01-10T01:13:48.1620656Z     [32m  âœ“[0m[90m Effective Message Bundles - Check before search message[0m[90m (1976ms)[0m
Admin UI E2E (2, chrome)	Run Cypress	2025-01-10T01:13:48.1727359Z [0m    Accessibility tests for realm settings[0m
Admin UI E2E (2, chrome)	Run Cypress	2025-01-10T01:13:52.4285761Z     [32m  âœ“[0m[90m Check a11y violations on load/ realm settings/ general tab[0m[90m (4235ms)[0m
Admin UI E2E (2, chrome)	Run Cypress	2025-01-10T01:13:56.0648108Z     [32m  âœ“[0m[90m Check a11y violations on login tab[0m[90m (3606ms)[0m
Admin UI E2E (2, chrome)	Run Cypress	2025-01-10T01:14:00.3849605Z     [32m  âœ“[0m[90m Check a11y violations on email tab[0m[90m (4279ms)[0m
Admin UI E2E (2, chrome)	Run Cypress	2025-01-10T01:14:03.6961133Z     [32m  âœ“[0m[90m Check a11y violations on themes tab[0m[90m (3278ms)[0m
Admin UI E2E (2, chrome)	Run Cypress	2025-01-10T01:14:07.6964691Z     [32m  âœ“[0m[90m Check a11y violations on keys tab/ keys list sub tab[0m[90m (3944ms)[0m
Admin UI E2E (2, chrome)	Run Cypress	2025-01-10T01:14:11.2309482Z     [32m  âœ“[0m[90m Check a11y violations on keys tab/ providers sub tab[0m[90m (3480ms)[0m
Admin UI E2E (2, chrome)	Run Cypress	2025-01-10T01:14:15.2906015Z     [32m  âœ“[0m[90m Check a11y violations on keys tab/ providers sub tab / adding provider[0m[90m (4042ms)[0m
Admin UI E2E (2, chrome)	Run Cypress	2025-01-10T01:14:19.2130350Z     [32m  âœ“[0m[90m Check a11y violations on events tab/ event listeners sub tab[0m[90m (3877ms)[0m
Admin UI E2E (2, chrome)	Run Cypress	2025-01-10T01:14:22.8185940Z     [32m  âœ“[0m[90m Check a11y violations on events tab/ user events settings sub tab[0m[90m (3578ms)[0m
Admin UI E2E (2, chrome)	Run Cypress	2025-01-10T01:14:27.0635251Z     [32m  âœ“[0m[90m Check a11y violations on events tab/ admin events settings sub tab[0m[90m (4208ms)[0m
Admin UI E2E (2, chrome)	Run Cypress	2025-01-10T01:14:30.8635960Z     [32m  âœ“[0m[90m Check a11y violations on localization locales sub tab[0m[90m (3761ms)[0m
Admin UI E2E (2, chrome)	Run Cypress	2025-01-10T01:14:34.4157795Z     [32m  âœ“[0m[90m Check a11y violations on localization realm overrides sub tab[0m[90m (3519ms)[0m
Admin UI E2E (2, chrome)	Run Cypress	2025-01-10T01:14:37.8986910Z     [32m  âœ“[0m[90m Check a11y violations on localization realm overrides sub tab/ adding message bundle[0m[90m (3458ms)[0m
Admin UI E2E (2, chrome)	Run Cypress	2025-01-10T01:14:41.8098635Z     [32m  âœ“[0m[90m Check a11y violations on localization effective message bundles sub tab[0m[90m (3877ms)[0m
Admin UI E2E (2, chrome)	Run Cypress	2025-01-10T01:14:45.1833851Z     [32m  âœ“[0m[90m Check a11y violations on security defenses tab[0m[90m (3341ms)[0m
Admin UI E2E (2, chrome)	Run Cypress	2025-01-10T01:14:48.6995789Z     [32m  âœ“[0m[90m Check a11y violations on sessions tab[0m[90m (3494ms)[0m
Admin UI E2E (2, chrome)	Run Cypress	2025-01-10T01:14:52.4899619Z     [32m  âœ“[0m[90m Check a11y violations on tokens tab[0m[90m (3754ms)[0m
Admin UI E2E (2, chrome)	Run Cypress	2025-01-10T01:14:56.8700377Z     [32m  âœ“[0m[90m Check a11y violations on client policies tab/ profiles sub tab[0m[90m (4333ms)[0m
Admin UI E2E (2, chrome)	Run Cypress	2025-01-10T01:15:00.9735962Z     [32m  âœ“[0m[90m Check a11y violations on client policies tab/ creating profile[0m[90m (4052ms)[0m
Admin UI E2E (2, chrome)	Run Cypress	2025-01-10T01:15:05.6794136Z     [32m  âœ“[0m[90m Check a11y violations on client policies tab/ policies sub tab[0m[90m (4633ms)[0m
Admin UI E2E (2, chrome)	Run Cypress	2025-01-10T01:15:10.4051142Z     [32m  âœ“[0m[90m Check a11y violations on client policies tab/ creating policy[0m[90m (4623ms)[0m
Admin UI E2E (2, chrome)	Run Cypress	2025-01-10T01:15:13.8929406Z     [32m  âœ“[0m[90m Check a11y violations on user registration tab/ default roles sub tab[0m[90m (3456ms)[0m
Admin UI E2E (2, chrome)	Run Cypress	2025-01-10T01:15:18.5817262Z     [32m  âœ“[0m[90m Check a11y violations on user registration tab/ default roles sub tab/ assigning role[0m[90m (4273ms)[0m
Admin UI E2E (2, chrome)	Run Cypress	2025-01-10T01:15:18.5826730Z 
Admin UI E2E (2, chrome)	Run Cypress	2025-01-10T01:15:18.6055656Z 
Admin UI E2E (2, chrome)	Run Cypress	2025-01-10T01:15:18.6059586Z [92m [0m[32m 35 passing[0m[90m (2m)[0m
Admin UI E2E (2, chrome)	Run Cypress	2025-01-10T01:15:18.6062469Z 
Admin UI E2E (2, chrome)	Run Cypress	2025-01-10T01:15:19.6419158Z 
Admin UI E2E (2, chrome)	Run Cypress	2025-01-10T01:15:19.6420596Z [32m  ([4m[1mResults[22m[24m)[39m
Admin UI E2E (2, chrome)	Run Cypress	2025-01-10T01:15:19.6425987Z 
Admin UI E2E (2, chrome)	Run Cypress	2025-01-10T01:15:19.6438821Z [90m  â”Œ[39m[90mâ”€[39m[90mâ”€[39m[90mâ”€[39m[90mâ”€[39m[90mâ”€[39m[90mâ”€[39m[90mâ”€[39m[90mâ”€[39m[90mâ”€[39m[90mâ”€[39m[90mâ”€[39m[90mâ”€[39m[90mâ”€[39m[90mâ”€[39m[90mâ”€[39m[90mâ”€[39m[90mâ”€[39m[90mâ”€[39m[90mâ”€[39m[90mâ”€[39m[90mâ”€[39m[90mâ”€[39m[90mâ”€[39m[90mâ”€[39m[90mâ”€[39m[90mâ”€[39m[90mâ”€[39m[90mâ”€[39m[90mâ”€[39m[90mâ”€[39m[90mâ”€[39m[90mâ”€[39m[90mâ”€[39m[90mâ”€[39m[90mâ”€[39m[90mâ”€[39m[90mâ”€[39m[90mâ”€[39m[90mâ”€[39m[90mâ”€[39m[90mâ”€[39m[90mâ”€[39m[90mâ”€[39m[90mâ”€[39m[90mâ”€[39m[90mâ”€[39m[90mâ”€[39m[90mâ”€[39m[90mâ”€[39m[90mâ”€[39m[90mâ”€[39m[90mâ”€[39m[90mâ”€[39m[90mâ”€[39m[90mâ”€[39m[90mâ”€[39m[90mâ”€[39m[90mâ”€[39m[90mâ”€[39m[90mâ”€[39m[90mâ”€[39m[90mâ”€[39m[90mâ”€[39m[90mâ”€[39m[90mâ”€[39m[90mâ”€[39m[90mâ”€[39m[90mâ”€[39m[90mâ”€[39m[90mâ”€[39m[90mâ”€[39m[90mâ”€[39m[90mâ”€[39m[90mâ”€[39m[90mâ”€[39m[90mâ”€[39m[90mâ”€[39m[90mâ”€[39m[90mâ”€[39m[90mâ”€[39m[90mâ”€[39m[90mâ”€[39m[90mâ”€[39m[90mâ”€[39m[90mâ”€[39m[90mâ”€[39m[90mâ”€[39m[90mâ”€[39m[90mâ”€[39m[90mâ”€[39m[90mâ”€[39m[90mâ”€[39m[90mâ”€[39m[90mâ”€[39m[90mâ”€[39m[90mâ”€[39m[90mâ”[39m
Admin UI E2E (2, chrome)	Run Cypress	2025-01-10T01:15:19.6443670Z [90m  â”‚[39m [90mTests:[39m        [32m35[39m                                                                               [90mâ”‚[39m
Admin UI E2E (2, chrome)	Run Cypress	2025-01-10T01:15:19.6444888Z [90m  â”‚[39m [90mPassing:[39m      [32m35[39m                                                                               [90mâ”‚[39m
Admin UI E2E (2, chrome)	Run Cypress	2025-01-10T01:15:19.6446082Z [90m  â”‚[39m [90mFailing:[39m      [32m0[39m                                                                                [90mâ”‚[39m
Admin UI E2E (2, chrome)	Run Cypress	2025-01-10T01:15:19.6447234Z [90m  â”‚[39m [90mPending:[39m      [32m0[39m                                                                                [90mâ”‚[39m
Admin UI E2E (2, chrome)	Run Cypress	2025-01-10T01:15:19.6448403Z [90m  â”‚[39m [90mSkipped:[39m      [32m0[39m                                                                                [90mâ”‚[39m
Admin UI E2E (2, chrome)	Run Cypress	2025-01-10T01:15:19.6449680Z [90m  â”‚[39m [90mScreenshots:[39m  [32m0[39m                                                                                [90mâ”‚[39m
Admin UI E2E (2, chrome)	Run Cypress	2025-01-10T01:15:19.6450977Z [90m  â”‚[39m [90mVideo:[39m        [32mfalse[39m                                                                            [90mâ”‚[39m
Admin UI E2E (2, chrome)	Run Cypress	2025-01-10T01:15:19.6452284Z [90m  â”‚[39m [90mDuration:[39m     [32m2 minutes, 14 seconds[39m                                                            [90mâ”‚[39m
Admin UI E2E (2, chrome)	Run Cypress	2025-01-10T01:15:19.6454215Z [90m  â”‚[39m [90mSpec Ran:[39m     [32m[32mrealm_settings_tabs_test.spec.ts[32m[39m                                                 [90mâ”‚[39m
Admin UI E2E (2, chrome)	Run Cypress	2025-01-10T01:15:19.6461454Z [90m  â””[39m[90mâ”€[39m[90mâ”€[39m[90mâ”€[39m[90mâ”€[39m[90mâ”€[39m[90mâ”€[39m[90mâ”€[39m[90mâ”€[39m[90mâ”€[39m[90mâ”€[39m[90mâ”€[39m[90mâ”€[39m[90mâ”€[39m[90mâ”€[39m[90mâ”€[39m[90mâ”€[39m[90mâ”€[39m[90mâ”€[39m[90mâ”€[39m[90mâ”€[39m[90mâ”€[39m[90mâ”€[39m[90mâ”€[39m[90mâ”€[39m[90mâ”€[39m[90mâ”€[39m[90mâ”€[39m[90mâ”€[39m[90mâ”€[39m[90mâ”€[39m[90mâ”€[39m[90mâ”€[39m[90mâ”€[39m[90mâ”€[39m[90mâ”€[39m[90mâ”€[39m[90mâ”€[39m[90mâ”€[39m[90mâ”€[39m[90mâ”€[39m[90mâ”€[39m[90mâ”€[39m[90mâ”€[39m[90mâ”€[39m[90mâ”€[39m[90mâ”€[39m[90mâ”€[39m[90mâ”€[39m[90mâ”€[39m[90mâ”€[39m[90mâ”€[39m[90mâ”€[39m[90mâ”€[39m[90mâ”€[39m[90mâ”€[39m[90mâ”€[39m[90mâ”€[39m[90mâ”€[39m[90mâ”€[39m[90mâ”€[39m[90mâ”€[39m[90mâ”€[39m[90mâ”€[39m[90mâ”€[39m[90mâ”€[39m[90mâ”€[39m[90mâ”€[39m[90mâ”€[39m[90mâ”€[39m[90mâ”€[39m[90mâ”€[39m[90mâ”€[39m[90mâ”€[39m[90mâ”€[39m[90mâ”€[39m[90mâ”€[39m[90mâ”€[39m[90mâ”€[39m[90mâ”€[39m[90mâ”€[39m[90mâ”€[39m[90mâ”€[39m[90mâ”€[39m[90mâ”€[39m[90mâ”€[39m[90mâ”€[39m[90mâ”€[39m[90mâ”€[39m[90mâ”€[39m[90mâ”€[39m[90mâ”€[39m[90mâ”€[39m[90mâ”€[39m[90mâ”€[39m[90mâ”€[39m[90mâ”€[39m[90mâ”˜[39m
Admin UI E2E (2, chrome)	Run Cypress	2025-01-10T01:15:19.6465743Z 
Admin UI E2E (2, chrome)	Run Cypress	2025-01-10T01:15:19.6762479Z 
Admin UI E2E (2, chrome)	Run Cypress	2025-01-10T01:15:19.6773087Z [90mâ”€[39m[90mâ”€[39m[90mâ”€[39m[90mâ”€[39m[90mâ”€[39m[90mâ”€[39m[90mâ”€[39m[90mâ”€[39m[90mâ”€[39m[90mâ”€[39m[90mâ”€[39m[90mâ”€[39m[90mâ”€[39m[90mâ”€[39m[90mâ”€[39m[90mâ”€[39m[90mâ”€[39m[90mâ”€[39m[90mâ”€[39m[90mâ”€[39m[90mâ”€[39m[90mâ”€[39m[90mâ”€[39m[90mâ”€[39m[90mâ”€[39m[90mâ”€[39m[90mâ”€[39m[90mâ”€[39m[90mâ”€[39m[90mâ”€[39m[90mâ”€[39m[90mâ”€[39m[90mâ”€[39m[90mâ”€[39m[90mâ”€[39m[90mâ”€[39m[90mâ”€[39m[90mâ”€[39m[90mâ”€[39m[90mâ”€[39m[90mâ”€[39m[90mâ”€[39m[90mâ”€[39m[90mâ”€[39m[90mâ”€[39m[90mâ”€[39m[90mâ”€[39m[90mâ”€[39m[90mâ”€[39m[90mâ”€[39m[90mâ”€[39m[90mâ”€[39m[90mâ”€[39m[90mâ”€[39m[90mâ”€[39m[90mâ”€[39m[90mâ”€[39m[90mâ”€[39m[90mâ”€[39m[90mâ”€[39m[90mâ”€[39m[90mâ”€[39m[90mâ”€[39m[90mâ”€[39m[90mâ”€[39m[90mâ”€[39m[90mâ”€[39m[90mâ”€[39m[90mâ”€[39m[90mâ”€[39m[90mâ”€[39m[90mâ”€[39m[90mâ”€[39m[90mâ”€[39m[90mâ”€[39m[90mâ”€[39m[90mâ”€[39m[90mâ”€[39m[90mâ”€[39m[90mâ”€[39m[90mâ”€[39m[90mâ”€[39m[90mâ”€[39m[90mâ”€[39m[90mâ”€[39m[90mâ”€[39m[90mâ”€[39m[90mâ”€[39m[90mâ”€[39m[90mâ”€[39m[90mâ”€[39m[90mâ”€[39m[90mâ”€[39m[90mâ”€[39m[90mâ”€[39m[90mâ”€[39m[90mâ”€[39m[90mâ”€[39m[90mâ”€[39m[90mâ”€[39m
Admin UI E2E (2, chrome)	Run Cypress	2025-01-10T01:15:19.6776761Z                                                                                                     
Admin UI E2E (2, chrome)	Run Cypress	2025-01-10T01:15:19.6777528Z   Running:  [90mrealm_settings_general_tab_test.spec.ts[39m                                         [90m(7 of 8)[39m
Admin UI E2E (2, chrome)	Run Cypress	2025-01-10T01:15:23.7108126Z 
Admin UI E2E (2, chrome)	Run Cypress	2025-01-10T01:15:23.7109414Z [0m[0m
Admin UI E2E (2, chrome)	Run Cypress	2025-01-10T01:15:23.7133335Z [0m  Realm settings general tab tests[0m
Admin UI E2E (2, chrome)	Run Cypress	2025-01-10T01:15:29.1048675Z   [32m  âœ“[0m[90m Test all general tab switches[0m[90m (5360ms)[0m
Admin UI E2E (2, chrome)	Run Cypress	2025-01-10T01:15:31.9682158Z   [32m  âœ“[0m[90m Test realm enable/disable switch[0m[90m (2813ms)[0m
Admin UI E2E (2, chrome)	Run Cypress	2025-01-10T01:15:33.8616311Z   [32m  âœ“[0m[90m Fail to set Realm ID to empty[0m[90m (1850ms)[0m
Admin UI E2E (2, chrome)	Run Cypress	2025-01-10T01:15:36.4120997Z   [32m  âœ“[0m[90m Modify Display name[0m[90m (2497ms)[0m
Admin UI E2E (2, chrome)	Run Cypress	2025-01-10T01:15:38.0820116Z   [32m  âœ“[0m[90m Check Display name value[0m[90m (1626ms)[0m
Admin UI E2E (2, chrome)	Run Cypress	2025-01-10T01:15:40.5680383Z   [32m  âœ“[0m[90m Modify front end URL[0m[90m (2456ms)[0m
Admin UI E2E (2, chrome)	Run Cypress	2025-01-10T01:15:42.5753753Z   [32m  âœ“[0m[90m Select SSL all requests[0m[90m (1977ms)[0m
Admin UI E2E (2, chrome)	Run Cypress	2025-01-10T01:15:44.2544602Z   [32m  âœ“[0m[90m Verify SSL all requests displays[0m[90m (1648ms)[0m
Admin UI E2E (2, chrome)	Run Cypress	2025-01-10T01:15:46.6155883Z   [32m  âœ“[0m[90m Select SSL external requests[0m[90m (2336ms)[0m
Admin UI E2E (2, chrome)	Run Cypress	2025-01-10T01:15:48.3230944Z   [32m  âœ“[0m[90m Verify SSL external requests displays[0m[90m (1680ms)[0m
Admin UI E2E (2, chrome)	Run Cypress	2025-01-10T01:15:50.7849869Z   [32m  âœ“[0m[90m Select SSL None[0m[90m (2430ms)[0m
Admin UI E2E (2, chrome)	Run Cypress	2025-01-10T01:15:52.4579884Z   [32m  âœ“[0m[90m Verify SSL None displays[0m[90m (1638ms)[0m
Admin UI E2E (2, chrome)	Run Cypress	2025-01-10T01:15:54.1482371Z   [32m  âœ“[0m[90m Check Access Endpoints OpenID Endpoint Configuration link[0m[90m (1668ms)[0m
Admin UI E2E (2, chrome)	Run Cypress	2025-01-10T01:15:56.1935977Z   [32m  âœ“[0m[90m Access Endpoints OpenID Endpoint Configuration link[0m[90m (1996ms)[0m
Admin UI E2E (2, chrome)	Run Cypress	2025-01-10T01:15:57.9980704Z   [32m  âœ“[0m[90m Check if Access Endpoints SAML 2.0 Identity Provider Metadata link exists[0m[90m (1768ms)[0m
Admin UI E2E (2, chrome)	Run Cypress	2025-01-10T01:15:59.8572478Z   [32m  âœ“[0m[90m Access Endpoints SAML 2.0 Identity Provider Metadata link[0m[90m (1823ms)[0m
Admin UI E2E (2, chrome)	Run Cypress	2025-01-10T01:16:02.8001483Z   [32m  âœ“[0m[90m Verify 'Revert' button works[0m[90m (2529ms)[0m
Admin UI E2E (2, chrome)	Run Cypress	2025-01-10T01:16:02.8008947Z 
Admin UI E2E (2, chrome)	Run Cypress	2025-01-10T01:16:02.8364144Z 
Admin UI E2E (2, chrome)	Run Cypress	2025-01-10T01:16:02.8365767Z [92m [0m[32m 17 passing[0m[90m (39s)[0m
Admin UI E2E (2, chrome)	Run Cypress	2025-01-10T01:16:02.8366294Z 
Admin UI E2E (2, chrome)	Run Cypress	2025-01-10T01:16:03.8906770Z 
Admin UI E2E (2, chrome)	Run Cypress	2025-01-10T01:16:03.8909100Z [32m  ([4m[1mResults[22m[24m)[39m
Admin UI E2E (2, chrome)	Run Cypress	2025-01-10T01:16:03.8915024Z 
Admin UI E2E (2, chrome)	Run Cypress	2025-01-10T01:16:03.8929341Z [90m  â”Œ[39m[90mâ”€[39m[90mâ”€[39m[90mâ”€[39m[90mâ”€[39m[90mâ”€[39m[90mâ”€[39m[90mâ”€[39m[90mâ”€[39m[90mâ”€[39m[90mâ”€[39m[90mâ”€[39m[90mâ”€[39m[90mâ”€[39m[90mâ”€[39m[90mâ”€[39m[90mâ”€[39m[90mâ”€[39m[90mâ”€[39m[90mâ”€[39m[90mâ”€[39m[90mâ”€[39m[90mâ”€[39m[90mâ”€[39m[90mâ”€[39m[90mâ”€[39m[90mâ”€[39m[90mâ”€[39m[90mâ”€[39m[90mâ”€[39m[90mâ”€[39m[90mâ”€[39m[90mâ”€[39m[90mâ”€[39m[90mâ”€[39m[90mâ”€[39m[90mâ”€[39m[90mâ”€[39m[90mâ”€[39m[90mâ”€[39m[90mâ”€[39m[90mâ”€[39m[90mâ”€[39m[90mâ”€[39m[90mâ”€[39m[90mâ”€[39m[90mâ”€[39m[90mâ”€[39m[90mâ”€[39m[90mâ”€[39m[90mâ”€[39m[90mâ”€[39m[90mâ”€[39m[90mâ”€[39m[90mâ”€[39m[90mâ”€[39m[90mâ”€[39m[90mâ”€[39m[90mâ”€[39m[90mâ”€[39m[90mâ”€[39m[90mâ”€[39m[90mâ”€[39m[90mâ”€[39m[90mâ”€[39m[90mâ”€[39m[90mâ”€[39m[90mâ”€[39m[90mâ”€[39m[90mâ”€[39m[90mâ”€[39m[90mâ”€[39m[90mâ”€[39m[90mâ”€[39m[90mâ”€[39m[90mâ”€[39m[90mâ”€[39m[90mâ”€[39m[90mâ”€[39m[90mâ”€[39m[90mâ”€[39m[90mâ”€[39m[90mâ”€[39m[90mâ”€[39m[90mâ”€[39m[90mâ”€[39m[90mâ”€[39m[90mâ”€[39m[90mâ”€[39m[90mâ”€[39m[90mâ”€[39m[90mâ”€[39m[90mâ”€[39m[90mâ”€[39m[90mâ”€[39m[90mâ”€[39m[90mâ”€[39m[90mâ”[39m
Admin UI E2E (2, chrome)	Run Cypress	2025-01-10T01:16:03.8933960Z [90m  â”‚[39m [90mTests:[39m        [32m17[39m                                                                               [90mâ”‚[39m
Admin UI E2E (2, chrome)	Run Cypress	2025-01-10T01:16:03.8935137Z [90m  â”‚[39m [90mPassing:[39m      [32m17[39m                                                                               [90mâ”‚[39m
Admin UI E2E (2, chrome)	Run Cypress	2025-01-10T01:16:03.8936267Z [90m  â”‚[39m [90mFailing:[39m      [32m0[39m                                                                                [90mâ”‚[39m
Admin UI E2E (2, chrome)	Run Cypress	2025-01-10T01:16:03.8937429Z [90m  â”‚[39m [90mPending:[39m      [32m0[39m                                                                                [90mâ”‚[39m
Admin UI E2E (2, chrome)	Run Cypress	2025-01-10T01:16:03.8938584Z [90m  â”‚[39m [90mSkipped:[39m      [32m0[39m                                                                                [90mâ”‚[39m
Admin UI E2E (2, chrome)	Run Cypress	2025-01-10T01:16:03.8939823Z [90m  â”‚[39m [90mScreenshots:[39m  [32m0[39m                                                                                [90mâ”‚[39m
Admin UI E2E (2, chrome)	Run Cypress	2025-01-10T01:16:03.8941158Z [90m  â”‚[39m [90mVideo:[39m        [32mfalse[39m                                                                            [90mâ”‚[39m
Admin UI E2E (2, chrome)	Run Cypress	2025-01-10T01:16:03.8942422Z [90m  â”‚[39m [90mDuration:[39m     [32m39 seconds[39m                                                                       [90mâ”‚[39m
Admin UI E2E (2, chrome)	Run Cypress	2025-01-10T01:16:03.8944075Z [90m  â”‚[39m [90mSpec Ran:[39m     [32m[32mrealm_settings_general_tab_test.spec.ts[32m[39m                                          [90mâ”‚[39m
Admin UI E2E (2, chrome)	Run Cypress	2025-01-10T01:16:03.8950787Z [90m  â””[39m[90mâ”€[39m[90mâ”€[39m[90mâ”€[39m[90mâ”€[39m[90mâ”€[39m[90mâ”€[39m[90mâ”€[39m[90mâ”€[39m[90mâ”€[39m[90mâ”€[39m[90mâ”€[39m[90mâ”€[39m[90mâ”€[39m[90mâ”€[39m[90mâ”€[39m[90mâ”€[39m[90mâ”€[39m[90mâ”€[39m[90mâ”€[39m[90mâ”€[39m[90mâ”€[39m[90mâ”€[39m[90mâ”€[39m[90mâ”€[39m[90mâ”€[39m[90mâ”€[39m[90mâ”€[39m[90mâ”€[39m[90mâ”€[39m[90mâ”€[39m[90mâ”€[39m[90mâ”€[39m[90mâ”€[39m[90mâ”€[39m[90mâ”€[39m[90mâ”€[39m[90mâ”€[39m[90mâ”€[39m[90mâ”€[39m[90mâ”€[39m[90mâ”€[39m[90mâ”€[39m[90mâ”€[39m[90mâ”€[39m[90mâ”€[39m[90mâ”€[39m[90mâ”€[39m[90mâ”€[39m[90mâ”€[39m[90mâ”€[39m[90mâ”€[39m[90mâ”€[39m[90mâ”€[39m[90mâ”€[39m[90mâ”€[39m[90mâ”€[39m[90mâ”€[39m[90mâ”€[39m[90mâ”€[39m[90mâ”€[39m[90mâ”€[39m[90mâ”€[39m[90mâ”€[39m[90mâ”€[39m[90mâ”€[39m[90mâ”€[39m[90mâ”€[39m[90mâ”€[39m[90mâ”€[39m[90mâ”€[39m[90mâ”€[39m[90mâ”€[39m[90mâ”€[39m[90mâ”€[39m[90mâ”€[39m[90mâ”€[39m[90mâ”€[39m[90mâ”€[39m[90mâ”€[39m[90mâ”€[39m[90mâ”€[39m[90mâ”€[39m[90mâ”€[39m[90mâ”€[39m[90mâ”€[39m[90mâ”€[39m[90mâ”€[39m[90mâ”€[39m[90mâ”€[39m[90mâ”€[39m[90mâ”€[39m[90mâ”€[39m[90mâ”€[39m[90mâ”€[39m[90mâ”€[39m[90mâ”€[39m[90mâ”˜[39m
Admin UI E2E (2, chrome)	Run Cypress	2025-01-10T01:16:03.8955056Z 
Admin UI E2E (2, chrome)	Run Cypress	2025-01-10T01:16:03.9239189Z 
Admin UI E2E (2, chrome)	Run Cypress	2025-01-10T01:16:03.9250263Z [90mâ”€[39m[90mâ”€[39m[90mâ”€[39m[90mâ”€[39m[90mâ”€[39m[90mâ”€[39m[90mâ”€[39m[90mâ”€[39m[90mâ”€[39m[90mâ”€[39m[90mâ”€[39m[90mâ”€[39m[90mâ”€[39m[90mâ”€[39m[90mâ”€[39m[90mâ”€[39m[90mâ”€[39m[90mâ”€[39m[90mâ”€[39m[90mâ”€[39m[90mâ”€[39m[90mâ”€[39m[90mâ”€[39m[90mâ”€[39m[90mâ”€[39m[90mâ”€[39m[90mâ”€[39m[90mâ”€[39m[90mâ”€[39m[90mâ”€[39m[90mâ”€[39m[90mâ”€[39m[90mâ”€[39m[90mâ”€[39m[90mâ”€[39m[90mâ”€[39m[90mâ”€[39m[90mâ”€[39m[90mâ”€[39m[90mâ”€[39m[90mâ”€[39m[90mâ”€[39m[90mâ”€[39m[90mâ”€[39m[90mâ”€[39m[90mâ”€[39m[90mâ”€[39m[90mâ”€[39m[90mâ”€[39m[90mâ”€[39m[90mâ”€[39m[90mâ”€[39m[90mâ”€[39m[90mâ”€[39m[90mâ”€[39m[90mâ”€[39m[90mâ”€[39m[90mâ”€[39m[90mâ”€[39m[90mâ”€[39m[90mâ”€[39m[90mâ”€[39m[90mâ”€[39m[90mâ”€[39m[90mâ”€[39m[90mâ”€[39m[90mâ”€[39m[90mâ”€[39m[90mâ”€[39m[90mâ”€[39m[90mâ”€[39m[90mâ”€[39m[90mâ”€[39m[90mâ”€[39m[90mâ”€[39m[90mâ”€[39m[90mâ”€[39m[90mâ”€[39m[90mâ”€[39m[90mâ”€[39m[90mâ”€[39m[90mâ”€[39m[90mâ”€[39m[90mâ”€[39m[90mâ”€[39m[90mâ”€[39m[90mâ”€[39m[90mâ”€[39m[90mâ”€[39m[90mâ”€[39m[90mâ”€[39m[90mâ”€[39m[90mâ”€[39m[90mâ”€[39m[90mâ”€[39m[90mâ”€[39m[90mâ”€[39m[90mâ”€[39m[90mâ”€[39m[90mâ”€[39m
Admin UI E2E (2, chrome)	Run Cypress	2025-01-10T01:16:03.9254661Z                                                                                                     
Admin UI E2E (2, chrome)	Run Cypress	2025-01-10T01:16:03.9256841Z   Running:  [90mauthentication_policies.spec.ts[39m                                                 [90m(8 of 8)[39m
Admin UI E2E (2, chrome)	Run Cypress	2025-01-10T01:16:06.6262389Z 
Admin UI E2E (2, chrome)	Run Cypress	2025-01-10T01:16:06.6263696Z [0m[0m
Admin UI E2E (2, chrome)	Run Cypress	2025-01-10T01:16:06.6358499Z [0m  Policies[0m
Admin UI E2E (2, chrome)	Run Cypress	2025-01-10T01:16:06.6360146Z [0m    OTP policies tab[0m
Admin UI E2E (2, chrome)	Run Cypress	2025-01-10T01:16:10.8664502Z     [32m  âœ“[0m[90m should change to hotp[0m[90m (4202ms)[0m
Admin UI E2E (2, chrome)	Run Cypress	2025-01-10T01:16:10.8827203Z [0m    Webauthn policies tabs[0m
Admin UI E2E (2, chrome)	Run Cypress	2025-01-10T01:16:13.3262923Z     [32m  âœ“[0m[90m should fill webauthn settings[0m[90m (2425ms)[0m
Admin UI E2E (2, chrome)	Run Cypress	2025-01-10T01:16:15.5944613Z     [32m  âœ“[0m[90m should fill webauthn passwordless settings[0m[90m (2223ms)[0m
Admin UI E2E (2, chrome)	Run Cypress	2025-01-10T01:16:15.5947215Z 
Admin UI E2E (2, chrome)	Run Cypress	2025-01-10T01:16:15.6272104Z 
Admin UI E2E (2, chrome)	Run Cypress	2025-01-10T01:16:15.6273293Z [92m [0m[32m 3 passing[0m[90m (9s)[0m
Admin UI E2E (2, chrome)	Run Cypress	2025-01-10T01:16:15.6273777Z 
Admin UI E2E (2, chrome)	Run Cypress	2025-01-10T01:16:16.6370816Z 
Admin UI E2E (2, chrome)	Run Cypress	2025-01-10T01:16:16.6372333Z [32m  ([4m[1mResults[22m[24m)[39m
Admin UI E2E (2, chrome)	Run Cypress	2025-01-10T01:16:16.6375500Z 
Admin UI E2E (2, chrome)	Run Cypress	2025-01-10T01:16:16.6387360Z [90m  â”Œ[39m[90mâ”€[39m[90mâ”€[39m[90mâ”€[39m[90mâ”€[39m[90mâ”€[39m[90mâ”€[39m[90mâ”€[39m[90mâ”€[39m[90mâ”€[39m[90mâ”€[39m[90mâ”€[39m[90mâ”€[39m[90mâ”€[39m[90mâ”€[39m[90mâ”€[39m[90mâ”€[39m[90mâ”€[39m[90mâ”€[39m[90mâ”€[39m[90mâ”€[39m[90mâ”€[39m[90mâ”€[39m[90mâ”€[39m[90mâ”€[39m[90mâ”€[39m[90mâ”€[39m[90mâ”€[39m[90mâ”€[39m[90mâ”€[39m[90mâ”€[39m[90mâ”€[39m[90mâ”€[39m[90mâ”€[39m[90mâ”€[39m[90mâ”€[39m[90mâ”€[39m[90mâ”€[39m[90mâ”€[39m[90mâ”€[39m[90mâ”€[39m[90mâ”€[39m[90mâ”€[39m[90mâ”€[39m[90mâ”€[39m[90mâ”€[39m[90mâ”€[39m[90mâ”€[39m[90mâ”€[39m[90mâ”€[39m[90mâ”€[39m[90mâ”€[39m[90mâ”€[39m[90mâ”€[39m[90mâ”€[39m[90mâ”€[39m[90mâ”€[39m[90mâ”€[39m[90mâ”€[39m[90mâ”€[39m[90mâ”€[39m[90mâ”€[39m[90mâ”€[39m[90mâ”€[39m[90mâ”€[39m[90mâ”€[39m[90mâ”€[39m[90mâ”€[39m[90mâ”€[39m[90mâ”€[39m[90mâ”€[39m[90mâ”€[39m[90mâ”€[39m[90mâ”€[39m[90mâ”€[39m[90mâ”€[39m[90mâ”€[39m[90mâ”€[39m[90mâ”€[39m[90mâ”€[39m[90mâ”€[39m[90mâ”€[39m[90mâ”€[39m[90mâ”€[39m[90mâ”€[39m[90mâ”€[39m[90mâ”€[39m[90mâ”€[39m[90mâ”€[39m[90mâ”€[39m[90mâ”€[39m[90mâ”€[39m[90mâ”€[39m[90mâ”€[39m[90mâ”€[39m[90mâ”€[39m[90mâ”€[39m[90mâ”[39m
Admin UI E2E (2, chrome)	Run Cypress	2025-01-10T01:16:16.6392427Z [90m  â”‚[39m [90mTests:[39m        [32m3[39m                                                                                [90mâ”‚[39m
Admin UI E2E (2, chrome)	Run Cypress	2025-01-10T01:16:16.6393939Z [90m  â”‚[39m [90mPassing:[39m      [32m3[39m                                                                                [90mâ”‚[39m
Admin UI E2E (2, chrome)	Run Cypress	2025-01-10T01:16:16.6395228Z [90m  â”‚[39m [90mFailing:[39m      [32m0[39m                                                                                [90mâ”‚[39m
Admin UI E2E (2, chrome)	Run Cypress	2025-01-10T01:16:16.6396571Z [90m  â”‚[39m [90mPending:[39m      [32m0[39m                                                                                [90mâ”‚[39m
Admin UI E2E (2, chrome)	Run Cypress	2025-01-10T01:16:16.6397880Z [90m  â”‚[39m [90mSkipped:[39m      [32m0[39m                                                                                [90mâ”‚[39m
Admin UI E2E (2, chrome)	Run Cypress	2025-01-10T01:16:16.6399165Z [90m  â”‚[39m [90mScreenshots:[39m  [32m0[39m                                                                                [90mâ”‚[39m
Admin UI E2E (2, chrome)	Run Cypress	2025-01-10T01:16:16.6400457Z [90m  â”‚[39m [90mVideo:[39m        [32mfalse[39m                                                                            [90mâ”‚[39m
Admin UI E2E (2, chrome)	Run Cypress	2025-01-10T01:16:16.6401990Z [90m  â”‚[39m [90mDuration:[39m     [32m9 seconds[39m                                                                        [90mâ”‚[39m
Admin UI E2E (2, chrome)	Run Cypress	2025-01-10T01:16:16.6404199Z [90m  â”‚[39m [90mSpec Ran:[39m     [32m[32mauthentication_policies.spec.ts[32m[39m                                                  [90mâ”‚[39m
Admin UI E2E (2, chrome)	Run Cypress	2025-01-10T01:16:16.6411307Z [90m  â””[39m[90mâ”€[39m[90mâ”€[39m[90mâ”€[39m[90mâ”€[39m[90mâ”€[39m[90mâ”€[39m[90mâ”€[39m[90mâ”€[39m[90mâ”€[39m[90mâ”€[39m[90mâ”€[39m[90mâ”€[39m[90mâ”€[39m[90mâ”€[39m[90mâ”€[39m[90mâ”€[39m[90mâ”€[39m[90mâ”€[39m[90mâ”€[39m[90mâ”€[39m[90mâ”€[39m[90mâ”€[39m[90mâ”€[39m[90mâ”€[39m[90mâ”€[39m[90mâ”€[39m[90mâ”€[39m[90mâ”€[39m[90mâ”€[39m[90mâ”€[39m[90mâ”€[39m[90mâ”€[39m[90mâ”€[39m[90mâ”€[39m[90mâ”€[39m[90mâ”€[39m[90mâ”€[39m[90mâ”€[39m[90mâ”€[39m[90mâ”€[39m[90mâ”€[39m[90mâ”€[39m[90mâ”€[39m[90mâ”€[39m[90mâ”€[39m[90mâ”€[39m[90mâ”€[39m[90mâ”€[39m[90mâ”€[39m[90mâ”€[39m[90mâ”€[39m[90mâ”€[39m[90mâ”€[39m[90mâ”€[39m[90mâ”€[39m[90mâ”€[39m[90mâ”€[39m[90mâ”€[39m[90mâ”€[39m[90mâ”€[39m[90mâ”€[39m[90mâ”€[39m[90mâ”€[39m[90mâ”€[39m[90mâ”€[39m[90mâ”€[39m[90mâ”€[39m[90mâ”€[39m[90mâ”€[39m[90mâ”€[39m[90mâ”€[39m[90mâ”€[39m[90mâ”€[39m[90mâ”€[39m[90mâ”€[39m[90mâ”€[39m[90mâ”€[39m[90mâ”€[39m[90mâ”€[39m[90mâ”€[39m[90mâ”€[39m[90mâ”€[39m[90mâ”€[39m[90mâ”€[39m[90mâ”€[39m[90mâ”€[39m[90mâ”€[39m[90mâ”€[39m[90mâ”€[39m[90mâ”€[39m[90mâ”€[39m[90mâ”€[39m[90mâ”€[39m[90mâ”€[39m[90mâ”€[39m[90mâ”€[39m[90mâ”˜[39m
Admin UI E2E (2, chrome)	Run Cypress	2025-01-10T01:16:16.6415648Z 
Admin UI E2E (2, chrome)	Run Cypress	2025-01-10T01:16:16.6474848Z 
Admin UI E2E (2, chrome)	Run Cypress	2025-01-10T01:16:16.6939521Z [90m====================================================================================================[39m
Admin UI E2E (2, chrome)	Run Cypress	2025-01-10T01:16:16.6939961Z 
Admin UI E2E (2, chrome)	Run Cypress	2025-01-10T01:16:16.6940305Z [0m  ([4m[1mRun Finished[22m[24m)[0m
Admin UI E2E (2, chrome)	Run Cypress	2025-01-10T01:16:16.6957785Z 
Admin UI E2E (2, chrome)	Run Cypress	2025-01-10T01:16:16.6957825Z 
Admin UI E2E (2, chrome)	Run Cypress	2025-01-10T01:16:16.6992927Z [90m   [39m    [90mSpec[39m                                              [90mTests[39m  [90mPassing[39m  [90mFailing[39m  [90mPending[39m  [90mSkipped[39m [90m [39m
Admin UI E2E (2, chrome)	Run Cypress	2025-01-10T01:16:16.7000585Z [90m  â”Œ[39m[90mâ”€[39m[90mâ”€[39m[90mâ”€[39m[90mâ”€[39m[90mâ”€[39m[90mâ”€[39m[90mâ”€[39m[90mâ”€[39m[90mâ”€[39m[90mâ”€[39m[90mâ”€[39m[90mâ”€[39m[90mâ”€[39m[90mâ”€[39m[90mâ”€[39m[90mâ”€[39m[90mâ”€[39m[90mâ”€[39m[90mâ”€[39m[90mâ”€[39m[90mâ”€[39m[90mâ”€[39m[90mâ”€[39m[90mâ”€[39m[90mâ”€[39m[90mâ”€[39m[90mâ”€[39m[90mâ”€[39m[90mâ”€[39m[90mâ”€[39m[90mâ”€[39m[90mâ”€[39m[90mâ”€[39m[90mâ”€[39m[90mâ”€[39m[90mâ”€[39m[90mâ”€[39m[90mâ”€[39m[90mâ”€[39m[90mâ”€[39m[90mâ”€[39m[90mâ”€[39m[90mâ”€[39m[90mâ”€[39m[90mâ”€[39m[90mâ”€[39m[90mâ”€[39m[90mâ”€[39m[90mâ”€[39m[90mâ”€[39m[90mâ”€[39m[90mâ”€[39m[90mâ”€[39m[90mâ”€[39m[90mâ”€[39m[90mâ”€[39m[90mâ”€[39m[90mâ”€[39m[90mâ”€[39m[90mâ”€[39m[90mâ”€[39m[90mâ”€[39m[90mâ”€[39m[90mâ”€[39m[90mâ”€[39m[90mâ”€[39m[90mâ”€[39m[90mâ”€[39m[90mâ”€[39m[90mâ”€[39m[90mâ”€[39m[90mâ”€[39m[90mâ”€[39m[90mâ”€[39m[90mâ”€[39m[90mâ”€[39m[90mâ”€[39m[90mâ”€[39m[90mâ”€[39m[90mâ”€[39m[90mâ”€[39m[90mâ”€[39m[90mâ”€[39m[90mâ”€[39m[90mâ”€[39m[90mâ”€[39m[90mâ”€[39m[90mâ”€[39m[90mâ”€[39m[90mâ”€[39m[90mâ”€[39m[90mâ”€[39m[90mâ”€[39m[90mâ”€[39m[90mâ”€[39m[90mâ”€[39m[90mâ”[39m
Admin UI E2E (2, chrome)	Run Cypress	2025-01-10T01:16:16.7004502Z [90m  â”‚[39m [32mâœ”[39m  [0muser_fed_ldap_hardcoded_mapper_test[0m      [90m01:11[39m       [0m12[0m       [32m12[39m        [90m-[39m        [90m-[39m        [90m-[39m [90mâ”‚[39m
Admin UI E2E (2, chrome)	Run Cypress	2025-01-10T01:16:16.7005325Z [90m  â”‚[39m    [0m.spec.ts[0m                                                                                    [90mâ”‚[39m
Admin UI E2E (2, chrome)	Run Cypress	2025-01-10T01:16:16.7008988Z [90m  â”œ[39m[90mâ”€[39m[90mâ”€[39m[90mâ”€[39m[90mâ”€[39m[90mâ”€[39m[90mâ”€[39m[90mâ”€[39m[90mâ”€[39m[90mâ”€[39m[90mâ”€[39m[90mâ”€[39m[90mâ”€[39m[90mâ”€[39m[90mâ”€[39m[90mâ”€[39m[90mâ”€[39m[90mâ”€[39m[90mâ”€[39m[90mâ”€[39m[90mâ”€[39m[90mâ”€[39m[90mâ”€[39m[90mâ”€[39m[90mâ”€[39m[90mâ”€[39m[90mâ”€[39m[90mâ”€[39m[90mâ”€[39m[90mâ”€[39m[90mâ”€[39m[90mâ”€[39m[90mâ”€[39m[90mâ”€[39m[90mâ”€[39m[90mâ”€[39m[90mâ”€[39m[90mâ”€[39m[90mâ”€[39m[90mâ”€[39m[90mâ”€[39m[90mâ”€[39m[90mâ”€[39m[90mâ”€[39m[90mâ”€[39m[90mâ”€[39m[90mâ”€[39m[90mâ”€[39m[90mâ”€[39m[90mâ”€[39m[90mâ”€[39m[90mâ”€[39m[90mâ”€[39m[90mâ”€[39m[90mâ”€[39m[90mâ”€[39m[90mâ”€[39m[90mâ”€[39m[90mâ”€[39m[90mâ”€[39m[90mâ”€[39m[90mâ”€[39m[90mâ”€[39m[90mâ”€[39m[90mâ”€[39m[90mâ”€[39m[90mâ”€[39m[90mâ”€[39m[90mâ”€[39m[90mâ”€[39m[90mâ”€[39m[90mâ”€[39m[90mâ”€[39m[90mâ”€[39m[90mâ”€[39m[90mâ”€[39m[90mâ”€[39m[90mâ”€[39m[90mâ”€[39m[90mâ”€[39m[90mâ”€[39m[90mâ”€[39m[90mâ”€[39m[90mâ”€[39m[90mâ”€[39m[90mâ”€[39m[90mâ”€[39m[90mâ”€[39m[90mâ”€[39m[90mâ”€[39m[90mâ”€[39m[90mâ”€[39m[90mâ”€[39m[90mâ”€[39m[90mâ”€[39m[90mâ”€[39m[90mâ”€[39m[90mâ”¤[39m
Admin UI E2E (2, chrome)	Run Cypress	2025-01-10T01:16:16.7011629Z [90m  â”‚[39m [32mâœ”[39m  [0mauthentication_policies_ciba.spec.t[0m      [90m00:13[39m        [0m3[0m        [32m3[39m        [90m-[39m        [90m-[39m        [90m-[39m [90mâ”‚[39m
Admin UI E2E (2, chrome)	Run Cypress	2025-01-10T01:16:16.7012394Z [90m  â”‚[39m    [0ms[0m                                                                                           [90mâ”‚[39m
Admin UI E2E (2, chrome)	Run Cypress	2025-01-10T01:16:16.7016348Z [90m  â”œ[39m[90mâ”€[39m[90mâ”€[39m[90mâ”€[39m[90mâ”€[39m[90mâ”€[39m[90mâ”€[39m[90mâ”€[39m[90mâ”€[39m[90mâ”€[39m[90mâ”€[39m[90mâ”€[39m[90mâ”€[39m[90mâ”€[39m[90mâ”€[39m[90mâ”€[39m[90mâ”€[39m[90mâ”€[39m[90mâ”€[39m[90mâ”€[39m[90mâ”€[39m[90mâ”€[39m[90mâ”€[39m[90mâ”€[39m[90mâ”€[39m[90mâ”€[39m[90mâ”€[39m[90mâ”€[39m[90mâ”€[39m[90mâ”€[39m[90mâ”€[39m[90mâ”€[39m[90mâ”€[39m[90mâ”€[39m[90mâ”€[39m[90mâ”€[39m[90mâ”€[39m[90mâ”€[39m[90mâ”€[39m[90mâ”€[39m[90mâ”€[39m[90mâ”€[39m[90mâ”€[39m[90mâ”€[39m[90mâ”€[39m[90mâ”€[39m[90mâ”€[39m[90mâ”€[39m[90mâ”€[39m[90mâ”€[39m[90mâ”€[39m[90mâ”€[39m[90mâ”€[39m[90mâ”€[39m[90mâ”€[39m[90mâ”€[39m[90mâ”€[39m[90mâ”€[39m[90mâ”€[39m[90mâ”€[39m[90mâ”€[39m[90mâ”€[39m[90mâ”€[39m[90mâ”€[39m[90mâ”€[39m[90mâ”€[39m[90mâ”€[39m[90mâ”€[39m[90mâ”€[39m[90mâ”€[39m[90mâ”€[39m[90mâ”€[39m[90mâ”€[39m[90mâ”€[39m[90mâ”€[39m[90mâ”€[39m[90mâ”€[39m[90mâ”€[39m[90mâ”€[39m[90mâ”€[39m[90mâ”€[39m[90mâ”€[39m[90mâ”€[39m[90mâ”€[39m[90mâ”€[39m[90mâ”€[39m[90mâ”€[39m[90mâ”€[39m[90mâ”€[39m[90mâ”€[39m[90mâ”€[39m[90mâ”€[39m[90mâ”€[39m[90mâ”€[39m[90mâ”€[39m[90mâ”€[39m[90mâ”€[39m[90mâ”¤[39m
Admin UI E2E (2, chrome)	Run Cypress	2025-01-10T01:16:16.7019245Z [90m  â”‚[39m [32mâœ”[39m  [0mrealm_settings_client_policies_test[0m      [90m01:04[39m       [0m18[0m       [32m18[39m        [90m-[39m        [90m-[39m        [90m-[39m [90mâ”‚[39m
Admin UI E2E (2, chrome)	Run Cypress	2025-01-10T01:16:16.7020033Z [90m  â”‚[39m    [0m.spec.ts[0m                                                                                    [90mâ”‚[39m
Admin UI E2E (2, chrome)	Run Cypress	2025-01-10T01:16:16.7024257Z [90m  â”œ[39m[90mâ”€[39m[90mâ”€[39m[90mâ”€[39m[90mâ”€[39m[90mâ”€[39m[90mâ”€[39m[90mâ”€[39m[90mâ”€[39m[90mâ”€[39m[90mâ”€[39m[90mâ”€[39m[90mâ”€[39m[90mâ”€[39m[90mâ”€[39m[90mâ”€[39m[90mâ”€[39m[90mâ”€[39m[90mâ”€[39m[90mâ”€[39m[90mâ”€[39m[90mâ”€[39m[90mâ”€[39m[90mâ”€[39m[90mâ”€[39m[90mâ”€[39m[90mâ”€[39m[90mâ”€[39m[90mâ”€[39m[90mâ”€[39m[90mâ”€[39m[90mâ”€[39m[90mâ”€[39m[90mâ”€[39m[90mâ”€[39m[90mâ”€[39m[90mâ”€[39m[90mâ”€[39m[90mâ”€[39m[90mâ”€[39m[90mâ”€[39m[90mâ”€[39m[90mâ”€[39m[90mâ”€[39m[90mâ”€[39m[90mâ”€[39m[90mâ”€[39m[90mâ”€[39m[90mâ”€[39m[90mâ”€[39m[90mâ”€[39m[90mâ”€[39m[90mâ”€[39m[90mâ”€[39m[90mâ”€[39m[90mâ”€[39m[90mâ”€[39m[90mâ”€[39m[90mâ”€[39m[90mâ”€[39m[90mâ”€[39m[90mâ”€[39m[90mâ”€[39m[90mâ”€[39m[90mâ”€[39m[90mâ”€[39m[90mâ”€[39m[90mâ”€[39m[90mâ”€[39m[90mâ”€[39m[90mâ”€[39m[90mâ”€[39m[90mâ”€[39m[90mâ”€[39m[90mâ”€[39m[90mâ”€[39m[90mâ”€[39m[90mâ”€[39m[90mâ”€[39m[90mâ”€[39m[90mâ”€[39m[90mâ”€[39m[90mâ”€[39m[90mâ”€[39m[90mâ”€[39m[90mâ”€[39m[90mâ”€[39m[90mâ”€[39m[90mâ”€[39m[90mâ”€[39m[90mâ”€[39m[90mâ”€[39m[90mâ”€[39m[90mâ”€[39m[90mâ”€[39m[90mâ”€[39m[90mâ”€[39m[90mâ”¤[39m
Admin UI E2E (2, chrome)	Run Cypress	2025-01-10T01:16:16.7028316Z [90m  â”‚[39m [32mâœ”[39m  [0mclients_saml_test.spec.ts[0m                [90m00:38[39m        [0m9[0m        [32m9[39m        [90m-[39m        [90m-[39m        [90m-[39m [90mâ”‚[39m
Admin UI E2E (2, chrome)	Run Cypress	2025-01-10T01:16:16.7035133Z [90m  â”œ[39m[90mâ”€[39m[90mâ”€[39m[90mâ”€[39m[90mâ”€[39m[90mâ”€[39m[90mâ”€[39m[90mâ”€[39m[90mâ”€[39m[90mâ”€[39m[90mâ”€[39m[90mâ”€[39m[90mâ”€[39m[90mâ”€[39m[90mâ”€[39m[90mâ”€[39m[90mâ”€[39m[90mâ”€[39m[90mâ”€[39m[90mâ”€[39m[90mâ”€[39m[90mâ”€[39m[90mâ”€[39m[90mâ”€[39m[90mâ”€[39m[90mâ”€[39m[90mâ”€[39m[90mâ”€[39m[90mâ”€[39m[90mâ”€[39m[90mâ”€[39m[90mâ”€[39m[90mâ”€[39m[90mâ”€[39m[90mâ”€[39m[90mâ”€[39m[90mâ”€[39m[90mâ”€[39m[90mâ”€[39m[90mâ”€[39m[90mâ”€[39m[90mâ”€[39m[90mâ”€[39m[90mâ”€[39m[90mâ”€[39m[90mâ”€[39m[90mâ”€[39m[90mâ”€[39m[90mâ”€[39m[90mâ”€[39m[90mâ”€[39m[90mâ”€[39m[90mâ”€[39m[90mâ”€[39m[90mâ”€[39m[90mâ”€[39m[90mâ”€[39m[90mâ”€[39m[90mâ”€[39m[90mâ”€[39m[90mâ”€[39m[90mâ”€[39m[90mâ”€[39m[90mâ”€[39m[90mâ”€[39m[90mâ”€[39m[90mâ”€[39m[90mâ”€[39m[90mâ”€[39m[90mâ”€[39m[90mâ”€[39m[90mâ”€[39m[90mâ”€[39m[90mâ”€[39m[90mâ”€[39m[90mâ”€[39m[90mâ”€[39m[90mâ”€[39m[90mâ”€[39m[90mâ”€[39m[90mâ”€[39m[90mâ”€[39m[90mâ”€[39m[90mâ”€[39m[90mâ”€[39m[90mâ”€[39m[90mâ”€[39m[90mâ”€[39m[90mâ”€[39m[90mâ”€[39m[90mâ”€[39m[90mâ”€[39m[90mâ”€[39m[90mâ”€[39m[90mâ”€[39m[90mâ”€[39m[90mâ”€[39m[90mâ”¤[39m
Admin UI E2E (2, chrome)	Run Cypress	2025-01-10T01:16:16.7039872Z [90m  â”‚[39m [31mâœ–[39m  [0mclients_test.spec.ts[0m                     [90m04:46[39m       [0m24[0m       [32m23[39m        [31m1[39m        [90m-[39m        [90m-[39m [90mâ”‚[39m
Admin UI E2E (2, chrome)	Run Cypress	2025-01-10T01:16:16.7049366Z [90m  â”œ[39m[90mâ”€[39m[90mâ”€[39m[90mâ”€[39m[90mâ”€[39m[90mâ”€[39m[90mâ”€[39m[90mâ”€[39m[90mâ”€[39m[90mâ”€[39m[90mâ”€[39m[90mâ”€[39m[90mâ”€[39m[90mâ”€[39m[90mâ”€[39m[90mâ”€[39m[90mâ”€[39m[90mâ”€[39m[90mâ”€[39m[90mâ”€[39m[90mâ”€[39m[90mâ”€[39m[90mâ”€[39m[90mâ”€[39m[90mâ”€[39m[90mâ”€[39m[90mâ”€[39m[90mâ”€[39m[90mâ”€[39m[90mâ”€[39m[90mâ”€[39m[90mâ”€[39m[90mâ”€[39m[90mâ”€[39m[90mâ”€[39m[90mâ”€[39m[90mâ”€[39m[90mâ”€[39m[90mâ”€[39m[90mâ”€[39m[90mâ”€[39m[90mâ”€[39m[90mâ”€[39m[90mâ”€[39m[90mâ”€[39m[90mâ”€[39m[90mâ”€[39m[90mâ”€[39m[90mâ”€[39m[90mâ”€[39m[90mâ”€[39m[90mâ”€[39m[90mâ”€[39m[90mâ”€[39m[90mâ”€[39m[90mâ”€[39m[90mâ”€[39m[90mâ”€[39m[90mâ”€[39m[90mâ”€[39m[90mâ”€[39m[90mâ”€[39m[90mâ”€[39m[90mâ”€[39m[90mâ”€[39m[90mâ”€[39m[90mâ”€[39m[90mâ”€[39m[90mâ”€[39m[90mâ”€[39m[90mâ”€[39m[90mâ”€[39m[90mâ”€[39m[90mâ”€[39m[90mâ”€[39m[90mâ”€[39m[90mâ”€[39m[90mâ”€[39m[90mâ”€[39m[90mâ”€[39m[90mâ”€[39m[90mâ”€[39m[90mâ”€[39m[90mâ”€[39m[90mâ”€[39m[90mâ”€[39m[90mâ”€[39m[90mâ”€[39m[90mâ”€[39m[90mâ”€[39m[90mâ”€[39m[90mâ”€[39m[90mâ”€[39m[90mâ”€[39m[90mâ”€[39m[90mâ”€[39m[90mâ”€[39m[90mâ”¤[39m
Admin UI E2E (2, chrome)	Run Cypress	2025-01-10T01:16:16.7058061Z [90m  â”‚[39m [32mâœ”[39m  [0mrealm_settings_tabs_test.spec.ts[0m         [90m02:14[39m       [0m35[0m       [32m35[39m        [90m-[39m        [90m-[39m        [90m-[39m [90mâ”‚[39m
Admin UI E2E (2, chrome)	Run Cypress	2025-01-10T01:16:16.7065036Z [90m  â”œ[39m[90mâ”€[39m[90mâ”€[39m[90mâ”€[39m[90mâ”€[39m[90mâ”€[39m[90mâ”€[39m[90mâ”€[39m[90mâ”€[39m[90mâ”€[39m[90mâ”€[39m[90mâ”€[39m[90mâ”€[39m[90mâ”€[39m[90mâ”€[39m[90mâ”€[39m[90mâ”€[39m[90mâ”€[39m[90mâ”€[39m[90mâ”€[39m[90mâ”€[39m[90mâ”€[39m[90mâ”€[39m[90mâ”€[39m[90mâ”€[39m[90mâ”€[39m[90mâ”€[39m[90mâ”€[39m[90mâ”€[39m[90mâ”€[39m[90mâ”€[39m[90mâ”€[39m[90mâ”€[39m[90mâ”€[39m[90mâ”€[39m[90mâ”€[39m[90mâ”€[39m[90mâ”€[39m[90mâ”€[39m[90mâ”€[39m[90mâ”€[39m[90mâ”€[39m[90mâ”€[39m[90mâ”€[39m[90mâ”€[39m[90mâ”€[39m[90mâ”€[39m[90mâ”€[39m[90mâ”€[39m[90mâ”€[39m[90mâ”€[39m[90mâ”€[39m[90mâ”€[39m[90mâ”€[39m[90mâ”€[39m[90mâ”€[39m[90mâ”€[39m[90mâ”€[39m[90mâ”€[39m[90mâ”€[39m[90mâ”€[39m[90mâ”€[39m[90mâ”€[39m[90mâ”€[39m[90mâ”€[39m[90mâ”€[39m[90mâ”€[39m[90mâ”€[39m[90mâ”€[39m[90mâ”€[39m[90mâ”€[39m[90mâ”€[39m[90mâ”€[39m[90mâ”€[39m[90mâ”€[39m[90mâ”€[39m[90mâ”€[39m[90mâ”€[39m[90mâ”€[39m[90mâ”€[39m[90mâ”€[39m[90mâ”€[39m[90mâ”€[39m[90mâ”€[39m[90mâ”€[39m[90mâ”€[39m[90mâ”€[39m[90mâ”€[39m[90mâ”€[39m[90mâ”€[39m[90mâ”€[39m[90mâ”€[39m[90mâ”€[39m[90mâ”€[39m[90mâ”€[39m[90mâ”€[39m[90mâ”€[39m[90mâ”¤[39m
Admin UI E2E (2, chrome)	Run Cypress	2025-01-10T01:16:16.7070224Z [90m  â”‚[39m [32mâœ”[39m  [0mrealm_settings_general_tab_test.spe[0m      [90m00:39[39m       [0m17[0m       [32m17[39m        [90m-[39m        [90m-[39m        [90m-[39m [90mâ”‚[39m
Admin UI E2E (2, chrome)	Run Cypress	2025-01-10T01:16:16.7072058Z [90m  â”‚[39m    [0mc.ts[0m                                                                                        [90mâ”‚[39m
Admin UI E2E (2, chrome)	Run Cypress	2025-01-10T01:16:16.7079486Z [90m  â”œ[39m[90mâ”€[39m[90mâ”€[39m[90mâ”€[39m[90mâ”€[39m[90mâ”€[39m[90mâ”€[39m[90mâ”€[39m[90mâ”€[39m[90mâ”€[39m[90mâ”€[39m[90mâ”€[39m[90mâ”€[39m[90mâ”€[39m[90mâ”€[39m[90mâ”€[39m[90mâ”€[39m[90mâ”€[39m[90mâ”€[39m[90mâ”€[39m[90mâ”€[39m[90mâ”€[39m[90mâ”€[39m[90mâ”€[39m[90mâ”€[39m[90mâ”€[39m[90mâ”€[39m[90mâ”€[39m[90mâ”€[39m[90mâ”€[39m[90mâ”€[39m[90mâ”€[39m[90mâ”€[39m[90mâ”€[39m[90mâ”€[39m[90mâ”€[39m[90mâ”€[39m[90mâ”€[39m[90mâ”€[39m[90mâ”€[39m[90mâ”€[39m[90mâ”€[39m[90mâ”€[39m[90mâ”€[39m[90mâ”€[39m[90mâ”€[39m[90mâ”€[39m[90mâ”€[39m[90mâ”€[39m[90mâ”€[39m[90mâ”€[39m[90mâ”€[39m[90mâ”€[39m[90mâ”€[39m[90mâ”€[39m[90mâ”€[39m[90mâ”€[39m[90mâ”€[39m[90mâ”€[39m[90mâ”€[39m[90mâ”€[39m[90mâ”€[39m[90mâ”€[39m[90mâ”€[39m[90mâ”€[39m[90mâ”€[39m[90mâ”€[39m[90mâ”€[39m[90mâ”€[39m[90mâ”€[39m[90mâ”€[39m[90mâ”€[39m[90mâ”€[39m[90mâ”€[39m[90mâ”€[39m[90mâ”€[39m[90mâ”€[39m[90mâ”€[39m[90mâ”€[39m[90mâ”€[39m[90mâ”€[39m[90mâ”€[39m[90mâ”€[39m[90mâ”€[39m[90mâ”€[39m[90mâ”€[39m[90mâ”€[39m[90mâ”€[39m[90mâ”€[39m[90mâ”€[39m[90mâ”€[39m[90mâ”€[39m[90mâ”€[39m[90mâ”€[39m[90mâ”€[39m[90mâ”€[39m[90mâ”€[39m[90mâ”¤[39m
Admin UI E2E (2, chrome)	Run Cypress	2025-01-10T01:16:16.7084804Z [90m  â”‚[39m [32mâœ”[39m  [0mauthentication_policies.spec.ts[0m          [90m00:09[39m        [0m3[0m        [32m3[39m        [90m-[39m        [90m-[39m        [90m-[39m [90mâ”‚[39m
Admin UI E2E (2, chrome)	Run Cypress	2025-01-10T01:16:16.7092001Z [90m  â””[39m[90mâ”€[39m[90mâ”€[39m[90mâ”€[39m[90mâ”€[39m[90mâ”€[39m[90mâ”€[39m[90mâ”€[39m[90mâ”€[39m[90mâ”€[39m[90mâ”€[39m[90mâ”€[39m[90mâ”€[39m[90mâ”€[39m[90mâ”€[39m[90mâ”€[39m[90mâ”€[39m[90mâ”€[39m[90mâ”€[39m[90mâ”€[39m[90mâ”€[39m[90mâ”€[39m[90mâ”€[39m[90mâ”€[39m[90mâ”€[39m[90mâ”€[39m[90mâ”€[39m[90mâ”€[39m[90mâ”€[39m[90mâ”€[39m[90mâ”€[39m[90mâ”€[39m[90mâ”€[39m[90mâ”€[39m[90mâ”€[39m[90mâ”€[39m[90mâ”€[39m[90mâ”€[39m[90mâ”€[39m[90mâ”€[39m[90mâ”€[39m[90mâ”€[39m[90mâ”€[39m[90mâ”€[39m[90mâ”€[39m[90mâ”€[39m[90mâ”€[39m[90mâ”€[39m[90mâ”€[39m[90mâ”€[39m[90mâ”€[39m[90mâ”€[39m[90mâ”€[39m[90mâ”€[39m[90mâ”€[39m[90mâ”€[39m[90mâ”€[39m[90mâ”€[39m[90mâ”€[39m[90mâ”€[39m[90mâ”€[39m[90mâ”€[39m[90mâ”€[39m[90mâ”€[39m[90mâ”€[39m[90mâ”€[39m[90mâ”€[39m[90mâ”€[39m[90mâ”€[39m[90mâ”€[39m[90mâ”€[39m[90mâ”€[39m[90mâ”€[39m[90mâ”€[39m[90mâ”€[39m[90mâ”€[39m[90mâ”€[39m[90mâ”€[39m[90mâ”€[39m[90mâ”€[39m[90mâ”€[39m[90mâ”€[39m[90mâ”€[39m[90mâ”€[39m[90mâ”€[39m[90mâ”€[39m[90mâ”€[39m[90mâ”€[39m[90mâ”€[39m[90mâ”€[39m[90mâ”€[39m[90mâ”€[39m[90mâ”€[39m[90mâ”€[39m[90mâ”€[39m[90mâ”€[39m[90mâ”€[39m[90mâ”˜[39m
Admin UI E2E (2, chrome)	Run Cypress	2025-01-10T01:16:16.7097122Z [90m   [39m [31mâœ–[39m  [31m1 of 8 failed (13%)[39m                      [90m10:56[39m      [0m121[0m      [32m120[39m        [31m1[39m        [90m-[39m        [90m-[39m [90m [39m
Admin UI E2E (2, chrome)	Run Cypress	2025-01-10T01:16:16.7097823Z 
Admin UI E2E (2, chrome)	Run Cypress	2025-01-10T01:16:16.8084225Z ##[error]Cypress tests: 1 failed
Status Check - Keycloak JavaScript CI	Run /./.github/actions/status-check	2025-01-10T01:16:32.9013954Z Prepare all required actions
Status Check - Keycloak JavaScript CI	Run /./.github/actions/status-check	2025-01-10T01:16:32.9083738Z ##[group]Run ./.github/actions/status-check
Status Check - Keycloak JavaScript CI	Run /./.github/actions/status-check	2025-01-10T01:16:32.9084086Z with:
Status Check - Keycloak JavaScript CI	Run /./.github/actions/status-check	2025-01-10T01:16:32.9085259Z   jobs: {
Status Check - Keycloak JavaScript CI	Run /./.github/actions/status-check	  "conditional": {
Status Check - Keycloak JavaScript CI	Run /./.github/actions/status-check	    "result": "success",
Status Check - Keycloak JavaScript CI	Run /./.github/actions/status-check	    "outputs": {
Status Check - Keycloak JavaScript CI	Run /./.github/actions/status-check	      "js-ci": "true"
Status Check - Keycloak JavaScript CI	Run /./.github/actions/status-check	    }
Status Check - Keycloak JavaScript CI	Run /./.github/actions/status-check	  },
Status Check - Keycloak JavaScript CI	Run /./.github/actions/status-check	  "build-keycloak": {
Status Check - Keycloak JavaScript CI	Run /./.github/actions/status-check	    "result": "success",
Status Check - Keycloak JavaScript CI	Run /./.github/actions/status-check	    "outputs": {}
Status Check - Keycloak JavaScript CI	Run /./.github/actions/status-check	  },
Status Check - Keycloak JavaScript CI	Run /./.github/actions/status-check	  "admin-client": {
Status Check - Keycloak JavaScript CI	Run /./.github/actions/status-check	    "result": "success",
Status Check - Keycloak JavaScript CI	Run /./.github/actions/status-check	    "outputs": {}
Status Check - Keycloak JavaScript CI	Run /./.github/actions/status-check	  },
Status Check - Keycloak JavaScript CI	Run /./.github/actions/status-check	  "ui-shared": {
Status Check - Keycloak JavaScript CI	Run /./.github/actions/status-check	    "result": "success",
Status Check - Keycloak JavaScript CI	Run /./.github/actions/status-check	    "outputs": {}
Status Check - Keycloak JavaScript CI	Run /./.github/actions/status-check	  },
Status Check - Keycloak JavaScript CI	Run /./.github/actions/status-check	  "account-ui": {
Status Check - Keycloak JavaScript CI	Run /./.github/actions/status-check	    "result": "success",
Status Check - Keycloak JavaScript CI	Run /./.github/actions/status-check	    "outputs": {}
Status Check - Keycloak JavaScript CI	Run /./.github/actions/status-check	  },
Status Check - Keycloak JavaScript CI	Run /./.github/actions/status-check	  "account-ui-e2e": {
Status Check - Keycloak JavaScript CI	Run /./.github/actions/status-check	    "result": "success",
Status Check - Keycloak JavaScript CI	Run /./.github/actions/status-check	    "outputs": {}
Status Check - Keycloak JavaScript CI	Run /./.github/actions/status-check	  },
Status Check - Keycloak JavaScript CI	Run /./.github/actions/status-check	  "admin-ui": {
Status Check - Keycloak JavaScript CI	Run /./.github/actions/status-check	    "result": "success",
Status Check - Keycloak JavaScript CI	Run /./.github/actions/status-check	    "outputs": {}
Status Check - Keycloak JavaScript CI	Run /./.github/actions/status-check	  },
Status Check - Keycloak JavaScript CI	Run /./.github/actions/status-check	  "admin-ui-e2e": {
Status Check - Keycloak JavaScript CI	Run /./.github/actions/status-check	    "result": "failure",
Status Check - Keycloak JavaScript CI	Run /./.github/actions/status-check	    "outputs": {}
Status Check - Keycloak JavaScript CI	Run /./.github/actions/status-check	  }
Status Check - Keycloak JavaScript CI	Run /./.github/actions/status-check	}
Status Check - Keycloak JavaScript CI	Run /./.github/actions/status-check	2025-01-10T01:16:32.9086569Z env:
Status Check - Keycloak JavaScript CI	Run /./.github/actions/status-check	2025-01-10T01:16:32.9086877Z   MAVEN_ARGS: -B -nsu -Daether.connector.http.connectionMaxTtl=25
Status Check - Keycloak JavaScript CI	Run /./.github/actions/status-check	2025-01-10T01:16:32.9087257Z   RETRY_COUNT: 3
Status Check - Keycloak JavaScript CI	Run /./.github/actions/status-check	2025-01-10T01:16:32.9087493Z ##[endgroup]
Status Check - Keycloak JavaScript CI	Run /./.github/actions/status-check	2025-01-10T01:16:32.9277810Z ##[group]Run JOBS='{
Status Check - Keycloak JavaScript CI	Run /./.github/actions/status-check	2025-01-10T01:16:32.9278247Z [36;1mJOBS='{[0m
Status Check - Keycloak JavaScript CI	Run /./.github/actions/status-check	2025-01-10T01:16:32.9278485Z [36;1m  "conditional": {[0m
Status Check - Keycloak JavaScript CI	Run /./.github/actions/status-check	2025-01-10T01:16:32.9278770Z [36;1m    "result": "success",[0m
Status Check - Keycloak JavaScript CI	Run /./.github/actions/status-check	2025-01-10T01:16:32.9279049Z [36;1m    "outputs": {[0m
Status Check - Keycloak JavaScript CI	Run /./.github/actions/status-check	2025-01-10T01:16:32.9279317Z [36;1m      "js-ci": "true"[0m
Status Check - Keycloak JavaScript CI	Run /./.github/actions/status-check	2025-01-10T01:16:32.9279558Z [36;1m    }[0m
Status Check - Keycloak JavaScript CI	Run /./.github/actions/status-check	2025-01-10T01:16:32.9279762Z [36;1m  },[0m
Status Check - Keycloak JavaScript CI	Run /./.github/actions/status-check	2025-01-10T01:16:32.9279981Z [36;1m  "build-keycloak": {[0m
Status Check - Keycloak JavaScript CI	Run /./.github/actions/status-check	2025-01-10T01:16:32.9280232Z [36;1m    "result": "success",[0m
Status Check - Keycloak JavaScript CI	Run /./.github/actions/status-check	2025-01-10T01:16:32.9280496Z [36;1m    "outputs": {}[0m
Status Check - Keycloak JavaScript CI	Run /./.github/actions/status-check	2025-01-10T01:16:32.9280730Z [36;1m  },[0m
Status Check - Keycloak JavaScript CI	Run /./.github/actions/status-check	2025-01-10T01:16:32.9280937Z [36;1m  "admin-client": {[0m
Status Check - Keycloak JavaScript CI	Run /./.github/actions/status-check	2025-01-10T01:16:32.9281187Z [36;1m    "result": "success",[0m
Status Check - Keycloak JavaScript CI	Run /./.github/actions/status-check	2025-01-10T01:16:32.9281465Z [36;1m    "outputs": {}[0m
Status Check - Keycloak JavaScript CI	Run /./.github/actions/status-check	2025-01-10T01:16:32.9281700Z [36;1m  },[0m
Status Check - Keycloak JavaScript CI	Run /./.github/actions/status-check	2025-01-10T01:16:32.9281918Z [36;1m  "ui-shared": {[0m
Status Check - Keycloak JavaScript CI	Run /./.github/actions/status-check	2025-01-10T01:16:32.9282312Z [36;1m    "result": "success",[0m
Status Check - Keycloak JavaScript CI	Run /./.github/actions/status-check	2025-01-10T01:16:32.9282584Z [36;1m    "outputs": {}[0m
Status Check - Keycloak JavaScript CI	Run /./.github/actions/status-check	2025-01-10T01:16:32.9282826Z [36;1m  },[0m
Status Check - Keycloak JavaScript CI	Run /./.github/actions/status-check	2025-01-10T01:16:32.9283028Z [36;1m  "account-ui": {[0m
Status Check - Keycloak JavaScript CI	Run /./.github/actions/status-check	2025-01-10T01:16:32.9283272Z [36;1m    "result": "success",[0m
Status Check - Keycloak JavaScript CI	Run /./.github/actions/status-check	2025-01-10T01:16:32.9283531Z [36;1m    "outputs": {}[0m
Status Check - Keycloak JavaScript CI	Run /./.github/actions/status-check	2025-01-10T01:16:32.9283759Z [36;1m  },[0m
Status Check - Keycloak JavaScript CI	Run /./.github/actions/status-check	2025-01-10T01:16:32.9283977Z [36;1m  "account-ui-e2e": {[0m
Status Check - Keycloak JavaScript CI	Run /./.github/actions/status-check	2025-01-10T01:16:32.9284228Z [36;1m    "result": "success",[0m
Status Check - Keycloak JavaScript CI	Run /./.github/actions/status-check	2025-01-10T01:16:32.9284475Z [36;1m    "outputs": {}[0m
Status Check - Keycloak JavaScript CI	Run /./.github/actions/status-check	2025-01-10T01:16:32.9284705Z [36;1m  },[0m
Status Check - Keycloak JavaScript CI	Run /./.github/actions/status-check	2025-01-10T01:16:32.9284911Z [36;1m  "admin-ui": {[0m
Status Check - Keycloak JavaScript CI	Run /./.github/actions/status-check	2025-01-10T01:16:32.9285143Z [36;1m    "result": "success",[0m
Status Check - Keycloak JavaScript CI	Run /./.github/actions/status-check	2025-01-10T01:16:32.9285394Z [36;1m    "outputs": {}[0m
Status Check - Keycloak JavaScript CI	Run /./.github/actions/status-check	2025-01-10T01:16:32.9285633Z [36;1m  },[0m
Status Check - Keycloak JavaScript CI	Run /./.github/actions/status-check	2025-01-10T01:16:32.9285840Z [36;1m  "admin-ui-e2e": {[0m
Status Check - Keycloak JavaScript CI	Run /./.github/actions/status-check	2025-01-10T01:16:32.9286092Z [36;1m    "result": "failure",[0m
Status Check - Keycloak JavaScript CI	Run /./.github/actions/status-check	2025-01-10T01:16:32.9286349Z [36;1m    "outputs": {}[0m
Status Check - Keycloak JavaScript CI	Run /./.github/actions/status-check	2025-01-10T01:16:32.9286579Z [36;1m  }[0m
Status Check - Keycloak JavaScript CI	Run /./.github/actions/status-check	2025-01-10T01:16:32.9286783Z [36;1m}'[0m
Status Check - Keycloak JavaScript CI	Run /./.github/actions/status-check	2025-01-10T01:16:32.9286994Z [36;1m[0m
Status Check - Keycloak JavaScript CI	Run /./.github/actions/status-check	2025-01-10T01:16:32.9287202Z [36;1mecho "Job status:"[0m
Status Check - Keycloak JavaScript CI	Run /./.github/actions/status-check	2025-01-10T01:16:32.9287582Z [36;1mecho $JOBS | jq -r 'to_entries[] | " - \(.key): \(.value.result)"'[0m
Status Check - Keycloak JavaScript CI	Run /./.github/actions/status-check	2025-01-10T01:16:32.9287948Z [36;1m[0m
Status Check - Keycloak JavaScript CI	Run /./.github/actions/status-check	2025-01-10T01:16:32.9288231Z [36;1mfor i in $(echo $JOBS | jq -r 'to_entries[] | .value.result'); do[0m
Status Check - Keycloak JavaScript CI	Run /./.github/actions/status-check	2025-01-10T01:16:32.9288637Z [36;1m  if [ "$i" != "success" ] && [ "$i" != "skipped" ]; then[0m
Status Check - Keycloak JavaScript CI	Run /./.github/actions/status-check	2025-01-10T01:16:32.9288953Z [36;1m    echo ""[0m
Status Check - Keycloak JavaScript CI	Run /./.github/actions/status-check	2025-01-10T01:16:32.9289194Z [36;1m    echo "Status check not okay!"[0m
Status Check - Keycloak JavaScript CI	Run /./.github/actions/status-check	2025-01-10T01:16:32.9289475Z [36;1m    exit 1[0m
Status Check - Keycloak JavaScript CI	Run /./.github/actions/status-check	2025-01-10T01:16:32.9289689Z [36;1m  fi[0m
Status Check - Keycloak JavaScript CI	Run /./.github/actions/status-check	2025-01-10T01:16:32.9289887Z [36;1mdone[0m
Status Check - Keycloak JavaScript CI	Run /./.github/actions/status-check	2025-01-10T01:16:32.9321508Z shell: /usr/bin/bash --noprofile --norc -e -o pipefail {0}
Status Check - Keycloak JavaScript CI	Run /./.github/actions/status-check	2025-01-10T01:16:32.9321907Z env:
Status Check - Keycloak JavaScript CI	Run /./.github/actions/status-check	2025-01-10T01:16:32.9322368Z   MAVEN_ARGS: -B -nsu -Daether.connector.http.connectionMaxTtl=25
Status Check - Keycloak JavaScript CI	Run /./.github/actions/status-check	2025-01-10T01:16:32.9322731Z   RETRY_COUNT: 3
Status Check - Keycloak JavaScript CI	Run /./.github/actions/status-check	2025-01-10T01:16:32.9322952Z ##[endgroup]
Status Check - Keycloak JavaScript CI	Run /./.github/actions/status-check	2025-01-10T01:16:32.9391204Z Job status:
Status Check - Keycloak JavaScript CI	Run /./.github/actions/status-check	2025-01-10T01:16:32.9799974Z  - conditional: success
Status Check - Keycloak JavaScript CI	Run /./.github/actions/status-check	2025-01-10T01:16:32.9800552Z  - build-keycloak: success
Status Check - Keycloak JavaScript CI	Run /./.github/actions/status-check	2025-01-10T01:16:32.9800966Z  - admin-client: success
Status Check - Keycloak JavaScript CI	Run /./.github/actions/status-check	2025-01-10T01:16:32.9801356Z  - ui-shared: success
Status Check - Keycloak JavaScript CI	Run /./.github/actions/status-check	2025-01-10T01:16:32.9801661Z  - account-ui: success
Status Check - Keycloak JavaScript CI	Run /./.github/actions/status-check	2025-01-10T01:16:32.9801971Z  - account-ui-e2e: success
Status Check - Keycloak JavaScript CI	Run /./.github/actions/status-check	2025-01-10T01:16:32.9802526Z  - admin-ui: success
Status Check - Keycloak JavaScript CI	Run /./.github/actions/status-check	2025-01-10T01:16:32.9802834Z  - admin-ui-e2e: failure
Status Check - Keycloak JavaScript CI	Run /./.github/actions/status-check	2025-01-10T01:16:32.9834366Z 
Status Check - Keycloak JavaScript CI	Run /./.github/actions/status-check	2025-01-10T01:16:32.9834625Z Status check not okay!
Status Check - Keycloak JavaScript CI	Run /./.github/actions/status-check	2025-01-10T01:16:32.9847393Z ##[error]Process completed with exit code 1.
