Admin UI E2E (chromium)	UNKNOWN STEP	ï»¿2026-01-15T16:19:25.6690887Z Current runner version: '2.331.0'
Admin UI E2E (chromium)	UNKNOWN STEP	2026-01-15T16:19:25.6713951Z ##[group]Runner Image Provisioner
Admin UI E2E (chromium)	UNKNOWN STEP	2026-01-15T16:19:25.6714712Z Hosted Compute Agent
Admin UI E2E (chromium)	UNKNOWN STEP	2026-01-15T16:19:25.6715259Z Version: 20251211.462
Admin UI E2E (chromium)	UNKNOWN STEP	2026-01-15T16:19:25.6715962Z Commit: 6cbad8c2bb55d58165063d031ccabf57e2d2db61
Admin UI E2E (chromium)	UNKNOWN STEP	2026-01-15T16:19:25.6716708Z Build Date: 2025-12-11T16:28:49Z
Admin UI E2E (chromium)	UNKNOWN STEP	2026-01-15T16:19:25.6717355Z Worker ID: {fe228b4f-31d2-4aa5-8ece-94bd3b9daa8e}
Admin UI E2E (chromium)	UNKNOWN STEP	2026-01-15T16:19:25.6718084Z ##[endgroup]
Admin UI E2E (chromium)	UNKNOWN STEP	2026-01-15T16:19:25.6718616Z ##[group]Operating System
Admin UI E2E (chromium)	UNKNOWN STEP	2026-01-15T16:19:25.6719144Z Ubuntu
Admin UI E2E (chromium)	UNKNOWN STEP	2026-01-15T16:19:25.6719989Z 24.04.3
Admin UI E2E (chromium)	UNKNOWN STEP	2026-01-15T16:19:25.6720476Z LTS
Admin UI E2E (chromium)	UNKNOWN STEP	2026-01-15T16:19:25.6720939Z ##[endgroup]
Admin UI E2E (chromium)	UNKNOWN STEP	2026-01-15T16:19:25.6721448Z ##[group]Runner Image
Admin UI E2E (chromium)	UNKNOWN STEP	2026-01-15T16:19:25.6722012Z Image: ubuntu-24.04
Admin UI E2E (chromium)	UNKNOWN STEP	2026-01-15T16:19:25.6722563Z Version: 20260111.209.1
Admin UI E2E (chromium)	UNKNOWN STEP	2026-01-15T16:19:25.6723642Z Included Software: https://github.com/actions/runner-images/blob/ubuntu24/20260111.209/images/ubuntu/Ubuntu2404-Readme.md
Admin UI E2E (chromium)	UNKNOWN STEP	2026-01-15T16:19:25.6725208Z Image Release: https://github.com/actions/runner-images/releases/tag/ubuntu24%2F20260111.209
Admin UI E2E (chromium)	UNKNOWN STEP	2026-01-15T16:19:25.6726275Z ##[endgroup]
Admin UI E2E (chromium)	UNKNOWN STEP	2026-01-15T16:19:25.6727243Z ##[group]GITHUB_TOKEN Permissions
Admin UI E2E (chromium)	UNKNOWN STEP	2026-01-15T16:19:25.6729060Z Contents: read
Admin UI E2E (chromium)	UNKNOWN STEP	2026-01-15T16:19:25.6729931Z Metadata: read
Admin UI E2E (chromium)	UNKNOWN STEP	2026-01-15T16:19:25.6730462Z ##[endgroup]
Admin UI E2E (chromium)	UNKNOWN STEP	2026-01-15T16:19:25.6732387Z Secret source: None
Admin UI E2E (chromium)	UNKNOWN STEP	2026-01-15T16:19:25.6733181Z Prepare workflow directory
Admin UI E2E (chromium)	UNKNOWN STEP	2026-01-15T16:19:25.7135346Z Prepare all required actions
Admin UI E2E (chromium)	UNKNOWN STEP	2026-01-15T16:19:25.7171532Z Getting action download info
Admin UI E2E (chromium)	UNKNOWN STEP	2026-01-15T16:19:26.2114767Z Download action repository 'actions/checkout@08c6903cd8c0fde910a37f88322edcfb5dd907a8' (SHA:08c6903cd8c0fde910a37f88322edcfb5dd907a8)
Admin UI E2E (chromium)	UNKNOWN STEP	2026-01-15T16:19:26.3174409Z Download action repository 'actions/download-artifact@37930b1c2abaa49bbe596cd826c3c89aef350131' (SHA:37930b1c2abaa49bbe596cd826c3c89aef350131)
Admin UI E2E (chromium)	UNKNOWN STEP	2026-01-15T16:19:27.2071858Z Download action repository 'actions/upload-artifact@b7c566a772e6b6bfb58ed0dc250532a479d7789f' (SHA:b7c566a772e6b6bfb58ed0dc250532a479d7789f)
Admin UI E2E (chromium)	UNKNOWN STEP	2026-01-15T16:19:27.4704985Z Complete job name: Admin UI E2E (chromium)
Admin UI E2E (chromium)	UNKNOWN STEP	2026-01-15T16:19:27.5575708Z ##[group]Run actions/checkout@08c6903cd8c0fde910a37f88322edcfb5dd907a8
Admin UI E2E (chromium)	UNKNOWN STEP	2026-01-15T16:19:27.5577512Z with:
Admin UI E2E (chromium)	UNKNOWN STEP	2026-01-15T16:19:27.5578308Z   repository: keycloak/keycloak
Admin UI E2E (chromium)	UNKNOWN STEP	2026-01-15T16:19:27.5579724Z   token: ***
Admin UI E2E (chromium)	UNKNOWN STEP	2026-01-15T16:19:27.5580527Z   ssh-strict: true
Admin UI E2E (chromium)	UNKNOWN STEP	2026-01-15T16:19:27.5581348Z   ssh-user: git
Admin UI E2E (chromium)	UNKNOWN STEP	2026-01-15T16:19:27.5582186Z   persist-credentials: true
Admin UI E2E (chromium)	UNKNOWN STEP	2026-01-15T16:19:27.5583121Z   clean: true
Admin UI E2E (chromium)	UNKNOWN STEP	2026-01-15T16:19:27.5583983Z   sparse-checkout-cone-mode: true
Admin UI E2E (chromium)	UNKNOWN STEP	2026-01-15T16:19:27.5585009Z   fetch-depth: 1
Admin UI E2E (chromium)	UNKNOWN STEP	2026-01-15T16:19:27.5585828Z   fetch-tags: false
Admin UI E2E (chromium)	UNKNOWN STEP	2026-01-15T16:19:27.5586680Z   show-progress: true
Admin UI E2E (chromium)	UNKNOWN STEP	2026-01-15T16:19:27.5587542Z   lfs: false
Admin UI E2E (chromium)	UNKNOWN STEP	2026-01-15T16:19:27.5588310Z   submodules: false
Admin UI E2E (chromium)	UNKNOWN STEP	2026-01-15T16:19:27.5589176Z   set-safe-directory: true
Admin UI E2E (chromium)	UNKNOWN STEP	2026-01-15T16:19:27.5590466Z env:
Admin UI E2E (chromium)	UNKNOWN STEP	2026-01-15T16:19:27.5591602Z   MAVEN_ARGS: -B -nsu -Daether.connector.http.connectionMaxTtl=25
Admin UI E2E (chromium)	UNKNOWN STEP	2026-01-15T16:19:27.5593102Z   WORKSPACE: @keycloak/keycloak-admin-ui
Admin UI E2E (chromium)	UNKNOWN STEP	2026-01-15T16:19:27.5594259Z   RETRY_COUNT: 3
Admin UI E2E (chromium)	UNKNOWN STEP	2026-01-15T16:19:27.5595053Z ##[endgroup]
Admin UI E2E (chromium)	UNKNOWN STEP	2026-01-15T16:19:27.6548599Z Syncing repository: keycloak/keycloak
Admin UI E2E (chromium)	UNKNOWN STEP	2026-01-15T16:19:27.6552488Z ##[group]Getting Git version info
Admin UI E2E (chromium)	UNKNOWN STEP	2026-01-15T16:19:27.6553902Z Working directory is '/home/runner/work/keycloak/keycloak'
Admin UI E2E (chromium)	UNKNOWN STEP	2026-01-15T16:19:27.6555851Z [command]/usr/bin/git version
Admin UI E2E (chromium)	UNKNOWN STEP	2026-01-15T16:19:27.6658203Z git version 2.52.0
Admin UI E2E (chromium)	UNKNOWN STEP	2026-01-15T16:19:27.6680736Z ##[endgroup]
Admin UI E2E (chromium)	UNKNOWN STEP	2026-01-15T16:19:27.6696864Z Temporarily overriding HOME='/home/runner/work/_temp/eb773dd7-759a-49aa-9fff-e625698a8dec' before making global git config changes
Admin UI E2E (chromium)	UNKNOWN STEP	2026-01-15T16:19:27.6702044Z Adding repository directory to the temporary git global config as a safe directory
Admin UI E2E (chromium)	UNKNOWN STEP	2026-01-15T16:19:27.6705889Z [command]/usr/bin/git config --global --add safe.directory /home/runner/work/keycloak/keycloak
Admin UI E2E (chromium)	UNKNOWN STEP	2026-01-15T16:19:27.6746691Z Deleting the contents of '/home/runner/work/keycloak/keycloak'
Admin UI E2E (chromium)	UNKNOWN STEP	2026-01-15T16:19:27.6750596Z ##[group]Initializing the repository
Admin UI E2E (chromium)	UNKNOWN STEP	2026-01-15T16:19:27.6755667Z [command]/usr/bin/git init /home/runner/work/keycloak/keycloak
Admin UI E2E (chromium)	UNKNOWN STEP	2026-01-15T16:19:27.6897276Z hint: Using 'master' as the name for the initial branch. This default branch name
Admin UI E2E (chromium)	UNKNOWN STEP	2026-01-15T16:19:27.6900779Z hint: will change to "main" in Git 3.0. To configure the initial branch name
Admin UI E2E (chromium)	UNKNOWN STEP	2026-01-15T16:19:27.6903618Z hint: to use in all of your new repositories, which will suppress this warning,
Admin UI E2E (chromium)	UNKNOWN STEP	2026-01-15T16:19:27.6905136Z hint: call:
Admin UI E2E (chromium)	UNKNOWN STEP	2026-01-15T16:19:27.6906211Z hint:
Admin UI E2E (chromium)	UNKNOWN STEP	2026-01-15T16:19:27.6907450Z hint: 	git config --global init.defaultBranch <name>
Admin UI E2E (chromium)	UNKNOWN STEP	2026-01-15T16:19:27.6908662Z hint:
Admin UI E2E (chromium)	UNKNOWN STEP	2026-01-15T16:19:27.6910351Z hint: Names commonly chosen instead of 'master' are 'main', 'trunk' and
Admin UI E2E (chromium)	UNKNOWN STEP	2026-01-15T16:19:27.6913373Z hint: 'development'. The just-created branch can be renamed via this command:
Admin UI E2E (chromium)	UNKNOWN STEP	2026-01-15T16:19:27.6915207Z hint:
Admin UI E2E (chromium)	UNKNOWN STEP	2026-01-15T16:19:27.6915989Z hint: 	git branch -m <name>
Admin UI E2E (chromium)	UNKNOWN STEP	2026-01-15T16:19:27.6916897Z hint:
Admin UI E2E (chromium)	UNKNOWN STEP	2026-01-15T16:19:27.6918132Z hint: Disable this message with "git config set advice.defaultBranchName false"
Admin UI E2E (chromium)	UNKNOWN STEP	2026-01-15T16:19:27.6920393Z Initialized empty Git repository in /home/runner/work/keycloak/keycloak/.git/
Admin UI E2E (chromium)	UNKNOWN STEP	2026-01-15T16:19:27.6923570Z [command]/usr/bin/git remote add origin https://github.com/keycloak/keycloak
Admin UI E2E (chromium)	UNKNOWN STEP	2026-01-15T16:19:27.6947661Z ##[endgroup]
Admin UI E2E (chromium)	UNKNOWN STEP	2026-01-15T16:19:27.6949087Z ##[group]Disabling automatic garbage collection
Admin UI E2E (chromium)	UNKNOWN STEP	2026-01-15T16:19:27.6951101Z [command]/usr/bin/git config --local gc.auto 0
Admin UI E2E (chromium)	UNKNOWN STEP	2026-01-15T16:19:27.6978304Z ##[endgroup]
Admin UI E2E (chromium)	UNKNOWN STEP	2026-01-15T16:19:27.6979907Z ##[group]Setting up auth
Admin UI E2E (chromium)	UNKNOWN STEP	2026-01-15T16:19:27.6985397Z [command]/usr/bin/git config --local --name-only --get-regexp core\.sshCommand
Admin UI E2E (chromium)	UNKNOWN STEP	2026-01-15T16:19:27.7018904Z [command]/usr/bin/git submodule foreach --recursive sh -c "git config --local --name-only --get-regexp 'core\.sshCommand' && git config --local --unset-all 'core.sshCommand' || :"
Admin UI E2E (chromium)	UNKNOWN STEP	2026-01-15T16:19:27.7398249Z [command]/usr/bin/git config --local --name-only --get-regexp http\.https\:\/\/github\.com\/\.extraheader
Admin UI E2E (chromium)	UNKNOWN STEP	2026-01-15T16:19:27.7434254Z [command]/usr/bin/git submodule foreach --recursive sh -c "git config --local --name-only --get-regexp 'http\.https\:\/\/github\.com\/\.extraheader' && git config --local --unset-all 'http.https://github.com/.extraheader' || :"
Admin UI E2E (chromium)	UNKNOWN STEP	2026-01-15T16:19:27.7679975Z [command]/usr/bin/git config --local http.https://github.com/.extraheader AUTHORIZATION: basic ***
Admin UI E2E (chromium)	UNKNOWN STEP	2026-01-15T16:19:27.7721937Z ##[endgroup]
Admin UI E2E (chromium)	UNKNOWN STEP	2026-01-15T16:19:27.7724054Z ##[group]Fetching the repository
Admin UI E2E (chromium)	UNKNOWN STEP	2026-01-15T16:19:27.7731367Z [command]/usr/bin/git -c protocol.version=2 fetch --no-tags --prune --no-recurse-submodules --depth=1 origin +090619652a7da81533603f4249fd662fe39a9938:refs/remotes/pull/45150/merge
Admin UI E2E (chromium)	UNKNOWN STEP	2026-01-15T16:19:31.5588393Z From https://github.com/keycloak/keycloak
Admin UI E2E (chromium)	UNKNOWN STEP	2026-01-15T16:19:31.5590241Z  * [new ref]         090619652a7da81533603f4249fd662fe39a9938 -> pull/45150/merge
Admin UI E2E (chromium)	UNKNOWN STEP	2026-01-15T16:19:31.5620577Z ##[endgroup]
Admin UI E2E (chromium)	UNKNOWN STEP	2026-01-15T16:19:31.5621399Z ##[group]Determining the checkout info
Admin UI E2E (chromium)	UNKNOWN STEP	2026-01-15T16:19:31.5624015Z ##[endgroup]
Admin UI E2E (chromium)	UNKNOWN STEP	2026-01-15T16:19:31.5629333Z [command]/usr/bin/git sparse-checkout disable
Admin UI E2E (chromium)	UNKNOWN STEP	2026-01-15T16:19:31.5670013Z [command]/usr/bin/git config --local --unset-all extensions.worktreeConfig
Admin UI E2E (chromium)	UNKNOWN STEP	2026-01-15T16:19:31.5695636Z ##[group]Checking out the ref
Admin UI E2E (chromium)	UNKNOWN STEP	2026-01-15T16:19:31.5700062Z [command]/usr/bin/git checkout --progress --force refs/remotes/pull/45150/merge
Admin UI E2E (chromium)	UNKNOWN STEP	2026-01-15T16:19:32.4236561Z Note: switching to 'refs/remotes/pull/45150/merge'.
Admin UI E2E (chromium)	UNKNOWN STEP	2026-01-15T16:19:32.4237144Z 
Admin UI E2E (chromium)	UNKNOWN STEP	2026-01-15T16:19:32.4237708Z You are in 'detached HEAD' state. You can look around, make experimental
Admin UI E2E (chromium)	UNKNOWN STEP	2026-01-15T16:19:32.4238655Z changes and commit them, and you can discard any commits you make in this
Admin UI E2E (chromium)	UNKNOWN STEP	2026-01-15T16:19:32.4239361Z state without impacting any branches by switching back to a branch.
Admin UI E2E (chromium)	UNKNOWN STEP	2026-01-15T16:19:32.4240338Z 
Admin UI E2E (chromium)	UNKNOWN STEP	2026-01-15T16:19:32.4240782Z If you want to create a new branch to retain commits you create, you may
Admin UI E2E (chromium)	UNKNOWN STEP	2026-01-15T16:19:32.4241618Z do so (now or later) by using -c with the switch command. Example:
Admin UI E2E (chromium)	UNKNOWN STEP	2026-01-15T16:19:32.4242069Z 
Admin UI E2E (chromium)	UNKNOWN STEP	2026-01-15T16:19:32.4242686Z   git switch -c <new-branch-name>
Admin UI E2E (chromium)	UNKNOWN STEP	2026-01-15T16:19:32.4242912Z 
Admin UI E2E (chromium)	UNKNOWN STEP	2026-01-15T16:19:32.4243036Z Or undo this operation with:
Admin UI E2E (chromium)	UNKNOWN STEP	2026-01-15T16:19:32.4243254Z 
Admin UI E2E (chromium)	UNKNOWN STEP	2026-01-15T16:19:32.4243359Z   git switch -
Admin UI E2E (chromium)	UNKNOWN STEP	2026-01-15T16:19:32.4243525Z 
Admin UI E2E (chromium)	UNKNOWN STEP	2026-01-15T16:19:32.4243760Z Turn off this advice by setting config variable advice.detachedHead to false
Admin UI E2E (chromium)	UNKNOWN STEP	2026-01-15T16:19:32.4244141Z 
Admin UI E2E (chromium)	UNKNOWN STEP	2026-01-15T16:19:32.4244508Z HEAD is now at 0906196 Merge 22824f37a05c3d620e474fe6b705b1aae27ea2a7 into e4bb53a74377f3c7384d773aee16543e3a0812a1
Admin UI E2E (chromium)	UNKNOWN STEP	2026-01-15T16:19:32.4274049Z ##[endgroup]
Admin UI E2E (chromium)	UNKNOWN STEP	2026-01-15T16:19:32.4313929Z [command]/usr/bin/git log -1 --format=%H
Admin UI E2E (chromium)	UNKNOWN STEP	2026-01-15T16:19:32.4338535Z 090619652a7da81533603f4249fd662fe39a9938
Admin UI E2E (chromium)	UNKNOWN STEP	2026-01-15T16:19:32.4573638Z Prepare all required actions
Admin UI E2E (chromium)	UNKNOWN STEP	2026-01-15T16:19:32.4574123Z Getting action download info
Admin UI E2E (chromium)	UNKNOWN STEP	2026-01-15T16:19:32.6672398Z Download action repository 'actions/setup-node@49933ea5288caeca8642d1e84afbd3f7d6820020' (SHA:49933ea5288caeca8642d1e84afbd3f7d6820020)
Admin UI E2E (chromium)	UNKNOWN STEP	2026-01-15T16:19:32.7752647Z ##[group]Run ./.github/actions/pnpm-setup
Admin UI E2E (chromium)	UNKNOWN STEP	2026-01-15T16:19:32.7752951Z with:
Admin UI E2E (chromium)	UNKNOWN STEP	2026-01-15T16:19:32.7753138Z   node-version: 24
Admin UI E2E (chromium)	UNKNOWN STEP	2026-01-15T16:19:32.7753327Z env:
Admin UI E2E (chromium)	UNKNOWN STEP	2026-01-15T16:19:32.7753610Z   MAVEN_ARGS: -B -nsu -Daether.connector.http.connectionMaxTtl=25
Admin UI E2E (chromium)	UNKNOWN STEP	2026-01-15T16:19:32.7753977Z   WORKSPACE: @keycloak/keycloak-admin-ui
Admin UI E2E (chromium)	UNKNOWN STEP	2026-01-15T16:19:32.7754233Z   RETRY_COUNT: 3
Admin UI E2E (chromium)	UNKNOWN STEP	2026-01-15T16:19:32.7754417Z ##[endgroup]
Admin UI E2E (chromium)	UNKNOWN STEP	2026-01-15T16:19:32.7890961Z ##[group]Run actions/setup-node@49933ea5288caeca8642d1e84afbd3f7d6820020
Admin UI E2E (chromium)	UNKNOWN STEP	2026-01-15T16:19:32.7891344Z with:
Admin UI E2E (chromium)	UNKNOWN STEP	2026-01-15T16:19:32.7891532Z   node-version: 24
Admin UI E2E (chromium)	UNKNOWN STEP	2026-01-15T16:19:32.7891744Z   check-latest: true
Admin UI E2E (chromium)	UNKNOWN STEP	2026-01-15T16:19:32.7891964Z   always-auth: false
Admin UI E2E (chromium)	UNKNOWN STEP	2026-01-15T16:19:32.7892354Z   token: ***
Admin UI E2E (chromium)	UNKNOWN STEP	2026-01-15T16:19:32.7892542Z env:
Admin UI E2E (chromium)	UNKNOWN STEP	2026-01-15T16:19:32.7892832Z   MAVEN_ARGS: -B -nsu -Daether.connector.http.connectionMaxTtl=25
Admin UI E2E (chromium)	UNKNOWN STEP	2026-01-15T16:19:32.7893207Z   WORKSPACE: @keycloak/keycloak-admin-ui
Admin UI E2E (chromium)	UNKNOWN STEP	2026-01-15T16:19:32.7893473Z   RETRY_COUNT: 3
Admin UI E2E (chromium)	UNKNOWN STEP	2026-01-15T16:19:32.7893668Z ##[endgroup]
Admin UI E2E (chromium)	UNKNOWN STEP	2026-01-15T16:19:32.9589990Z Attempt to resolve the latest version from manifest...
Admin UI E2E (chromium)	UNKNOWN STEP	2026-01-15T16:19:33.8206021Z Resolved as '24.13.0'
Admin UI E2E (chromium)	UNKNOWN STEP	2026-01-15T16:19:33.8221971Z Attempting to download 24.13.0...
Admin UI E2E (chromium)	UNKNOWN STEP	2026-01-15T16:19:34.6166950Z Acquiring 24.13.0 - x64 from https://github.com/actions/node-versions/releases/download/24.13.0-20981653924/node-24.13.0-linux-x64.tar.gz
Admin UI E2E (chromium)	UNKNOWN STEP	2026-01-15T16:19:35.2310184Z Extracting ...
Admin UI E2E (chromium)	UNKNOWN STEP	2026-01-15T16:19:35.2422864Z [command]/usr/bin/tar xz --strip 1 --warning=no-unknown-keyword --overwrite -C /home/runner/work/_temp/6c0b3b45-1700-4e44-9acf-73f653992f44 -f /home/runner/work/_temp/b0fd2234-049e-4d7b-b9fc-40b9aa757918
Admin UI E2E (chromium)	UNKNOWN STEP	2026-01-15T16:19:36.4290890Z Adding to the cache ...
Admin UI E2E (chromium)	UNKNOWN STEP	2026-01-15T16:19:38.2028527Z ##[group]Environment details
Admin UI E2E (chromium)	UNKNOWN STEP	2026-01-15T16:19:38.4309280Z node: v24.13.0
Admin UI E2E (chromium)	UNKNOWN STEP	2026-01-15T16:19:38.4309790Z npm: 11.6.2
Admin UI E2E (chromium)	UNKNOWN STEP	2026-01-15T16:19:38.4310066Z yarn: 1.22.22
Admin UI E2E (chromium)	UNKNOWN STEP	2026-01-15T16:19:38.4310736Z ##[endgroup]
Admin UI E2E (chromium)	UNKNOWN STEP	2026-01-15T16:19:38.4490806Z Prepare all required actions
Admin UI E2E (chromium)	UNKNOWN STEP	2026-01-15T16:19:38.4491124Z Getting action download info
Admin UI E2E (chromium)	UNKNOWN STEP	2026-01-15T16:19:38.6824594Z Download action repository 'actions/cache@5a3ec84eff668545956fd18022155c47e93e2684' (SHA:5a3ec84eff668545956fd18022155c47e93e2684)
Admin UI E2E (chromium)	UNKNOWN STEP	2026-01-15T16:19:38.8917833Z ##[group]Run ./.github/actions/corepack-setup
Admin UI E2E (chromium)	UNKNOWN STEP	2026-01-15T16:19:38.8918113Z env:
Admin UI E2E (chromium)	UNKNOWN STEP	2026-01-15T16:19:38.8918389Z   MAVEN_ARGS: -B -nsu -Daether.connector.http.connectionMaxTtl=25
Admin UI E2E (chromium)	UNKNOWN STEP	2026-01-15T16:19:38.8918785Z   WORKSPACE: @keycloak/keycloak-admin-ui
Admin UI E2E (chromium)	UNKNOWN STEP	2026-01-15T16:19:38.8919039Z   RETRY_COUNT: 3
Admin UI E2E (chromium)	UNKNOWN STEP	2026-01-15T16:19:38.8919229Z ##[endgroup]
Admin UI E2E (chromium)	UNKNOWN STEP	2026-01-15T16:19:38.8950378Z ##[group]Run corepack enable
Admin UI E2E (chromium)	UNKNOWN STEP	2026-01-15T16:19:38.8950687Z [36;1mcorepack enable[0m
Admin UI E2E (chromium)	UNKNOWN STEP	2026-01-15T16:19:38.8986614Z shell: /usr/bin/bash --noprofile --norc -e -o pipefail {0}
Admin UI E2E (chromium)	UNKNOWN STEP	2026-01-15T16:19:38.8986954Z env:
Admin UI E2E (chromium)	UNKNOWN STEP	2026-01-15T16:19:38.8987238Z   MAVEN_ARGS: -B -nsu -Daether.connector.http.connectionMaxTtl=25
Admin UI E2E (chromium)	UNKNOWN STEP	2026-01-15T16:19:38.8987615Z   WORKSPACE: @keycloak/keycloak-admin-ui
Admin UI E2E (chromium)	UNKNOWN STEP	2026-01-15T16:19:38.8987879Z   RETRY_COUNT: 3
Admin UI E2E (chromium)	UNKNOWN STEP	2026-01-15T16:19:38.8988073Z ##[endgroup]
Admin UI E2E (chromium)	UNKNOWN STEP	2026-01-15T16:19:38.9778198Z ##[group]Run echo "key=corepack-tools-$(jq -r '.packageManager' package.json)" >> $GITHUB_OUTPUT
Admin UI E2E (chromium)	UNKNOWN STEP	2026-01-15T16:19:38.9778889Z [36;1mecho "key=corepack-tools-$(jq -r '.packageManager' package.json)" >> $GITHUB_OUTPUT[0m
Admin UI E2E (chromium)	UNKNOWN STEP	2026-01-15T16:19:38.9811895Z shell: /usr/bin/bash --noprofile --norc -e -o pipefail {0}
Admin UI E2E (chromium)	UNKNOWN STEP	2026-01-15T16:19:38.9812405Z env:
Admin UI E2E (chromium)	UNKNOWN STEP	2026-01-15T16:19:38.9812747Z   MAVEN_ARGS: -B -nsu -Daether.connector.http.connectionMaxTtl=25
Admin UI E2E (chromium)	UNKNOWN STEP	2026-01-15T16:19:38.9813143Z   WORKSPACE: @keycloak/keycloak-admin-ui
Admin UI E2E (chromium)	UNKNOWN STEP	2026-01-15T16:19:38.9813411Z   RETRY_COUNT: 3
Admin UI E2E (chromium)	UNKNOWN STEP	2026-01-15T16:19:38.9813601Z ##[endgroup]
Admin UI E2E (chromium)	UNKNOWN STEP	2026-01-15T16:19:38.9977515Z ##[group]Run actions/cache@5a3ec84eff668545956fd18022155c47e93e2684
Admin UI E2E (chromium)	UNKNOWN STEP	2026-01-15T16:19:38.9977854Z with:
Admin UI E2E (chromium)	UNKNOWN STEP	2026-01-15T16:19:38.9978045Z   path: ./js/corepack.tgz
Admin UI E2E (chromium)	UNKNOWN STEP	2026-01-15T16:19:38.9978778Z   key: Linux-corepack-tools-pnpm@10.14.0+sha512.ad27a79641b49c3e481a16a805baa71817a04bbe06a38d17e60e2eaee83f6a146c6a688125f5792e48dd5ba30e7da52a5cda4c3992b9ccf333f9ce223af84748
Admin UI E2E (chromium)	UNKNOWN STEP	2026-01-15T16:19:38.9979839Z   enableCrossOsArchive: false
Admin UI E2E (chromium)	UNKNOWN STEP	2026-01-15T16:19:38.9980134Z   fail-on-cache-miss: false
Admin UI E2E (chromium)	UNKNOWN STEP	2026-01-15T16:19:38.9980358Z   lookup-only: false
Admin UI E2E (chromium)	UNKNOWN STEP	2026-01-15T16:19:38.9980559Z   save-always: false
Admin UI E2E (chromium)	UNKNOWN STEP	2026-01-15T16:19:38.9980742Z env:
Admin UI E2E (chromium)	UNKNOWN STEP	2026-01-15T16:19:38.9981013Z   MAVEN_ARGS: -B -nsu -Daether.connector.http.connectionMaxTtl=25
Admin UI E2E (chromium)	UNKNOWN STEP	2026-01-15T16:19:38.9981379Z   WORKSPACE: @keycloak/keycloak-admin-ui
Admin UI E2E (chromium)	UNKNOWN STEP	2026-01-15T16:19:38.9981631Z   RETRY_COUNT: 3
Admin UI E2E (chromium)	UNKNOWN STEP	2026-01-15T16:19:38.9981819Z ##[endgroup]
Admin UI E2E (chromium)	UNKNOWN STEP	2026-01-15T16:19:39.3652427Z Cache hit for: Linux-corepack-tools-pnpm@10.14.0+sha512.ad27a79641b49c3e481a16a805baa71817a04bbe06a38d17e60e2eaee83f6a146c6a688125f5792e48dd5ba30e7da52a5cda4c3992b9ccf333f9ce223af84748
Admin UI E2E (chromium)	UNKNOWN STEP	2026-01-15T16:19:40.3651697Z Received 4351040 of 4351040 (100.0%), 5.5 MBs/sec
Admin UI E2E (chromium)	UNKNOWN STEP	2026-01-15T16:19:40.3652317Z Cache Size: ~4 MB (4351040 B)
Admin UI E2E (chromium)	UNKNOWN STEP	2026-01-15T16:19:40.3681792Z [command]/usr/bin/tar -xf /home/runner/work/_temp/77d6dbd2-9026-4e18-9f7b-c4207d90ff46/cache.tzst -P -C /home/runner/work/keycloak/keycloak --use-compress-program unzstd
Admin UI E2E (chromium)	UNKNOWN STEP	2026-01-15T16:19:40.3797680Z Cache restored successfully
Admin UI E2E (chromium)	UNKNOWN STEP	2026-01-15T16:19:40.3886587Z Cache restored from key: Linux-corepack-tools-pnpm@10.14.0+sha512.ad27a79641b49c3e481a16a805baa71817a04bbe06a38d17e60e2eaee83f6a146c6a688125f5792e48dd5ba30e7da52a5cda4c3992b9ccf333f9ce223af84748
Admin UI E2E (chromium)	UNKNOWN STEP	2026-01-15T16:19:40.3985724Z ##[group]Run corepack install -g --cache-only ./corepack.tgz
Admin UI E2E (chromium)	UNKNOWN STEP	2026-01-15T16:19:40.3986147Z [36;1mcorepack install -g --cache-only ./corepack.tgz[0m
Admin UI E2E (chromium)	UNKNOWN STEP	2026-01-15T16:19:40.4017311Z shell: /usr/bin/bash --noprofile --norc -e -o pipefail {0}
Admin UI E2E (chromium)	UNKNOWN STEP	2026-01-15T16:19:40.4017646Z env:
Admin UI E2E (chromium)	UNKNOWN STEP	2026-01-15T16:19:40.4017941Z   MAVEN_ARGS: -B -nsu -Daether.connector.http.connectionMaxTtl=25
Admin UI E2E (chromium)	UNKNOWN STEP	2026-01-15T16:19:40.4018334Z   WORKSPACE: @keycloak/keycloak-admin-ui
Admin UI E2E (chromium)	UNKNOWN STEP	2026-01-15T16:19:40.4018604Z   RETRY_COUNT: 3
Admin UI E2E (chromium)	UNKNOWN STEP	2026-01-15T16:19:40.4018806Z ##[endgroup]
Admin UI E2E (chromium)	UNKNOWN STEP	2026-01-15T16:19:40.5392844Z Adding pnpm@10.14.0 to the cache...
Admin UI E2E (chromium)	UNKNOWN STEP	2026-01-15T16:19:41.5603749Z Prepare all required actions
Admin UI E2E (chromium)	UNKNOWN STEP	2026-01-15T16:19:41.5604066Z Getting action download info
Admin UI E2E (chromium)	UNKNOWN STEP	2026-01-15T16:19:41.7733543Z ##[group]Run ./.github/actions/pnpm-store-cache
Admin UI E2E (chromium)	UNKNOWN STEP	2026-01-15T16:19:41.7733856Z env:
Admin UI E2E (chromium)	UNKNOWN STEP	2026-01-15T16:19:41.7734153Z   MAVEN_ARGS: -B -nsu -Daether.connector.http.connectionMaxTtl=25
Admin UI E2E (chromium)	UNKNOWN STEP	2026-01-15T16:19:41.7734540Z   WORKSPACE: @keycloak/keycloak-admin-ui
Admin UI E2E (chromium)	UNKNOWN STEP	2026-01-15T16:19:41.7734802Z   RETRY_COUNT: 3
Admin UI E2E (chromium)	UNKNOWN STEP	2026-01-15T16:19:41.7735000Z ##[endgroup]
Admin UI E2E (chromium)	UNKNOWN STEP	2026-01-15T16:19:41.7751167Z ##[group]Run echo "key=pnpm-store-`date -u "+%Y-%U"`" >> $GITHUB_OUTPUT
Admin UI E2E (chromium)	UNKNOWN STEP	2026-01-15T16:19:41.7751635Z [36;1mecho "key=pnpm-store-`date -u "+%Y-%U"`" >> $GITHUB_OUTPUT[0m
Admin UI E2E (chromium)	UNKNOWN STEP	2026-01-15T16:19:41.7782789Z shell: /usr/bin/bash --noprofile --norc -e -o pipefail {0}
Admin UI E2E (chromium)	UNKNOWN STEP	2026-01-15T16:19:41.7783120Z env:
Admin UI E2E (chromium)	UNKNOWN STEP	2026-01-15T16:19:41.7783419Z   MAVEN_ARGS: -B -nsu -Daether.connector.http.connectionMaxTtl=25
Admin UI E2E (chromium)	UNKNOWN STEP	2026-01-15T16:19:41.7783790Z   WORKSPACE: @keycloak/keycloak-admin-ui
Admin UI E2E (chromium)	UNKNOWN STEP	2026-01-15T16:19:41.7784053Z   RETRY_COUNT: 3
Admin UI E2E (chromium)	UNKNOWN STEP	2026-01-15T16:19:41.7784248Z ##[endgroup]
Admin UI E2E (chromium)	UNKNOWN STEP	2026-01-15T16:19:41.7890177Z ##[group]Run actions/cache@5a3ec84eff668545956fd18022155c47e93e2684
Admin UI E2E (chromium)	UNKNOWN STEP	2026-01-15T16:19:41.7890705Z with:
Admin UI E2E (chromium)	UNKNOWN STEP	2026-01-15T16:19:41.7891045Z   path: ~/.local/share/pnpm/store
Admin UI E2E (chromium)	UNKNOWN STEP	~/AppData/Local/pnpm/store
Admin UI E2E (chromium)	UNKNOWN STEP	~/Library/pnpm/store
Admin UI E2E (chromium)	UNKNOWN STEP	
Admin UI E2E (chromium)	UNKNOWN STEP	2026-01-15T16:19:41.7891484Z   key: Linux-pnpm-store-2026-02
Admin UI E2E (chromium)	UNKNOWN STEP	2026-01-15T16:19:41.7891754Z   enableCrossOsArchive: false
Admin UI E2E (chromium)	UNKNOWN STEP	2026-01-15T16:19:41.7892006Z   fail-on-cache-miss: false
Admin UI E2E (chromium)	UNKNOWN STEP	2026-01-15T16:19:41.7892245Z   lookup-only: false
Admin UI E2E (chromium)	UNKNOWN STEP	2026-01-15T16:19:41.7892459Z   save-always: false
Admin UI E2E (chromium)	UNKNOWN STEP	2026-01-15T16:19:41.7892651Z env:
Admin UI E2E (chromium)	UNKNOWN STEP	2026-01-15T16:19:41.7892937Z   MAVEN_ARGS: -B -nsu -Daether.connector.http.connectionMaxTtl=25
Admin UI E2E (chromium)	UNKNOWN STEP	2026-01-15T16:19:41.7893314Z   WORKSPACE: @keycloak/keycloak-admin-ui
Admin UI E2E (chromium)	UNKNOWN STEP	2026-01-15T16:19:41.7893575Z   RETRY_COUNT: 3
Admin UI E2E (chromium)	UNKNOWN STEP	2026-01-15T16:19:41.7893905Z ##[endgroup]
Admin UI E2E (chromium)	UNKNOWN STEP	2026-01-15T16:19:42.1416174Z Cache hit for: Linux-pnpm-store-2026-02
Admin UI E2E (chromium)	UNKNOWN STEP	2026-01-15T16:19:43.3530093Z Received 41943040 of 129858914 (32.3%), 40.0 MBs/sec
Admin UI E2E (chromium)	UNKNOWN STEP	2026-01-15T16:19:43.9408586Z Received 129858914 of 129858914 (100.0%), 77.9 MBs/sec
Admin UI E2E (chromium)	UNKNOWN STEP	2026-01-15T16:19:43.9412119Z Cache Size: ~124 MB (129858914 B)
Admin UI E2E (chromium)	UNKNOWN STEP	2026-01-15T16:19:43.9453431Z [command]/usr/bin/tar -xf /home/runner/work/_temp/ced75b1f-65b9-4357-94ce-2fe3c68ecb59/cache.tzst -P -C /home/runner/work/keycloak/keycloak --use-compress-program unzstd
Admin UI E2E (chromium)	UNKNOWN STEP	2026-01-15T16:19:46.3695095Z Cache restored successfully
Admin UI E2E (chromium)	UNKNOWN STEP	2026-01-15T16:19:46.4028201Z Cache restored from key: Linux-pnpm-store-2026-02
Admin UI E2E (chromium)	UNKNOWN STEP	2026-01-15T16:19:46.4134204Z ##[group]Run pnpm install --prefer-offline --frozen-lockfile
Admin UI E2E (chromium)	UNKNOWN STEP	2026-01-15T16:19:46.4134634Z [36;1mpnpm install --prefer-offline --frozen-lockfile[0m
Admin UI E2E (chromium)	UNKNOWN STEP	2026-01-15T16:19:46.4165884Z shell: /usr/bin/bash --noprofile --norc -e -o pipefail {0}
Admin UI E2E (chromium)	UNKNOWN STEP	2026-01-15T16:19:46.4166224Z env:
Admin UI E2E (chromium)	UNKNOWN STEP	2026-01-15T16:19:46.4166531Z   MAVEN_ARGS: -B -nsu -Daether.connector.http.connectionMaxTtl=25
Admin UI E2E (chromium)	UNKNOWN STEP	2026-01-15T16:19:46.4166915Z   WORKSPACE: @keycloak/keycloak-admin-ui
Admin UI E2E (chromium)	UNKNOWN STEP	2026-01-15T16:19:46.4167192Z   RETRY_COUNT: 3
Admin UI E2E (chromium)	UNKNOWN STEP	2026-01-15T16:19:46.4167398Z ##[endgroup]
Admin UI E2E (chromium)	UNKNOWN STEP	2026-01-15T16:19:46.8218322Z Scope: all 8 workspace projects
Admin UI E2E (chromium)	UNKNOWN STEP	2026-01-15T16:19:46.8667902Z Lockfile is up to date, resolution step is skipped
Admin UI E2E (chromium)	UNKNOWN STEP	2026-01-15T16:19:46.9224699Z Progress: resolved 1, reused 0, downloaded 0, added 0
Admin UI E2E (chromium)	UNKNOWN STEP	2026-01-15T16:19:47.0430174Z Packages: +854
Admin UI E2E (chromium)	UNKNOWN STEP	2026-01-15T16:19:47.0431442Z ++++++++++++++++++++++++++++++++++++++++++++++++++++++++++++++++++++++++++++++++
Admin UI E2E (chromium)	UNKNOWN STEP	2026-01-15T16:19:47.9230590Z Progress: resolved 854, reused 832, downloaded 19, added 34
Admin UI E2E (chromium)	UNKNOWN STEP	2026-01-15T16:19:48.9240071Z Progress: resolved 854, reused 832, downloaded 19, added 853
Admin UI E2E (chromium)	UNKNOWN STEP	2026-01-15T16:19:49.5214628Z Progress: resolved 854, reused 832, downloaded 19, added 854, done
Admin UI E2E (chromium)	UNKNOWN STEP	2026-01-15T16:19:50.1448423Z 
Admin UI E2E (chromium)	UNKNOWN STEP	2026-01-15T16:19:50.1449012Z devDependencies:
Admin UI E2E (chromium)	UNKNOWN STEP	2026-01-15T16:19:50.1449629Z + @eslint/compat 2.0.0
Admin UI E2E (chromium)	UNKNOWN STEP	2026-01-15T16:19:50.1450095Z + @eslint/eslintrc 3.3.3
Admin UI E2E (chromium)	UNKNOWN STEP	2026-01-15T16:19:50.1450505Z + @eslint/js 9.39.2
Admin UI E2E (chromium)	UNKNOWN STEP	2026-01-15T16:19:50.1450869Z + @types/node 25.0.3
Admin UI E2E (chromium)	UNKNOWN STEP	2026-01-15T16:19:50.1451215Z + eslint 9.39.2
Admin UI E2E (chromium)	UNKNOWN STEP	2026-01-15T16:19:50.1451632Z + eslint-config-prettier 10.1.8
Admin UI E2E (chromium)	UNKNOWN STEP	2026-01-15T16:19:50.1452062Z + eslint-plugin-lodash 8.0.0
Admin UI E2E (chromium)	UNKNOWN STEP	2026-01-15T16:19:50.1452619Z + eslint-plugin-playwright 2.4.0
Admin UI E2E (chromium)	UNKNOWN STEP	2026-01-15T16:19:50.1453157Z + eslint-plugin-prettier 5.5.4
Admin UI E2E (chromium)	UNKNOWN STEP	2026-01-15T16:19:50.1453630Z + eslint-plugin-react 7.37.5
Admin UI E2E (chromium)	UNKNOWN STEP	2026-01-15T16:19:50.1454184Z + eslint-plugin-react-compiler 19.1.0-rc.2
Admin UI E2E (chromium)	UNKNOWN STEP	2026-01-15T16:19:50.1454770Z + eslint-plugin-react-hooks 6.1.0
Admin UI E2E (chromium)	UNKNOWN STEP	2026-01-15T16:19:50.1455228Z + husky 9.1.7
Admin UI E2E (chromium)	UNKNOWN STEP	2026-01-15T16:19:50.1455580Z + lint-staged 16.2.7
Admin UI E2E (chromium)	UNKNOWN STEP	2026-01-15T16:19:50.1455948Z + prettier 3.6.2
Admin UI E2E (chromium)	UNKNOWN STEP	2026-01-15T16:19:50.1456286Z + tslib 2.8.1
Admin UI E2E (chromium)	UNKNOWN STEP	2026-01-15T16:19:50.1456631Z + typescript 5.9.3
Admin UI E2E (chromium)	UNKNOWN STEP	2026-01-15T16:19:50.1457041Z + typescript-eslint 8.42.0
Admin UI E2E (chromium)	UNKNOWN STEP	2026-01-15T16:19:50.1457454Z + wireit 0.14.12
Admin UI E2E (chromium)	UNKNOWN STEP	2026-01-15T16:19:50.1457678Z 
Admin UI E2E (chromium)	UNKNOWN STEP	2026-01-15T16:19:50.1615674Z . prepare$ cd .. && husky js/.husky
Admin UI E2E (chromium)	UNKNOWN STEP	2026-01-15T16:19:50.2078698Z . prepare: Done
Admin UI E2E (chromium)	UNKNOWN STEP	2026-01-15T16:19:50.2360703Z Done in 3.7s using pnpm v10.14.0
Admin UI E2E (chromium)	UNKNOWN STEP	2026-01-15T16:19:50.2894387Z ##[group]Run actions/download-artifact@37930b1c2abaa49bbe596cd826c3c89aef350131
Admin UI E2E (chromium)	UNKNOWN STEP	2026-01-15T16:19:50.2894827Z with:
Admin UI E2E (chromium)	UNKNOWN STEP	2026-01-15T16:19:50.2895068Z   name: keycloak
Admin UI E2E (chromium)	UNKNOWN STEP	2026-01-15T16:19:50.2895285Z   merge-multiple: false
Admin UI E2E (chromium)	UNKNOWN STEP	2026-01-15T16:19:50.2895696Z   repository: keycloak/keycloak
Admin UI E2E (chromium)	UNKNOWN STEP	2026-01-15T16:19:50.2895934Z   run-id: 21038160151
Admin UI E2E (chromium)	UNKNOWN STEP	2026-01-15T16:19:50.2896139Z env:
Admin UI E2E (chromium)	UNKNOWN STEP	2026-01-15T16:19:50.2896428Z   MAVEN_ARGS: -B -nsu -Daether.connector.http.connectionMaxTtl=25
Admin UI E2E (chromium)	UNKNOWN STEP	2026-01-15T16:19:50.2896808Z   WORKSPACE: @keycloak/keycloak-admin-ui
Admin UI E2E (chromium)	UNKNOWN STEP	2026-01-15T16:19:50.2897078Z   RETRY_COUNT: 3
Admin UI E2E (chromium)	UNKNOWN STEP	2026-01-15T16:19:50.2897278Z ##[endgroup]
Admin UI E2E (chromium)	UNKNOWN STEP	2026-01-15T16:19:50.4281398Z Downloading single artifact
Admin UI E2E (chromium)	UNKNOWN STEP	2026-01-15T16:19:50.6549238Z Preparing to download the following artifacts:
Admin UI E2E (chromium)	UNKNOWN STEP	2026-01-15T16:19:50.6550413Z - keycloak (ID: 5142918664, Size: 166632692, Expected Digest: sha256:1ef8b571bf7e90cbc8281e3115e5fdd367bf8793970eef7194af40c6b79cf8c3)
Admin UI E2E (chromium)	UNKNOWN STEP	2026-01-15T16:19:51.0830667Z Redirecting to blob download url: https://productionresultssa14.blob.core.windows.net/actions-results/c281d0d0-da4a-46c6-afbd-da61972eee90/workflow-job-run-5b03abd4-9315-5d1e-b1ce-f144fa765268/artifacts/d63f4a0cdaab52726d1ce895e4ac8c3507049e617b0a97d0a0af508bdad34a8d.zip
Admin UI E2E (chromium)	UNKNOWN STEP	2026-01-15T16:19:51.0832191Z Starting download of artifact to: /home/runner/work/keycloak/keycloak
Admin UI E2E (chromium)	UNKNOWN STEP	2026-01-15T16:19:51.3560746Z (node:2208) [DEP0005] DeprecationWarning: Buffer() is deprecated due to security and usability issues. Please use the Buffer.alloc(), Buffer.allocUnsafe(), or Buffer.from() methods instead.
Admin UI E2E (chromium)	UNKNOWN STEP	2026-01-15T16:19:51.3562005Z (Use `node --trace-deprecation ...` to show where the warning was created)
Admin UI E2E (chromium)	UNKNOWN STEP	2026-01-15T16:19:56.8902566Z SHA256 digest of downloaded artifact is 1ef8b571bf7e90cbc8281e3115e5fdd367bf8793970eef7194af40c6b79cf8c3
Admin UI E2E (chromium)	UNKNOWN STEP	2026-01-15T16:19:56.8903720Z Artifact download completed successfully.
Admin UI E2E (chromium)	UNKNOWN STEP	2026-01-15T16:19:56.8904359Z Total of 1 artifact(s) downloaded
Admin UI E2E (chromium)	UNKNOWN STEP	2026-01-15T16:19:56.8911144Z Download artifact has finished successfully
Admin UI E2E (chromium)	UNKNOWN STEP	2026-01-15T16:19:56.9027090Z Prepare all required actions
Admin UI E2E (chromium)	UNKNOWN STEP	2026-01-15T16:19:56.9027458Z Getting action download info
Admin UI E2E (chromium)	UNKNOWN STEP	2026-01-15T16:19:57.0825335Z Download action repository 'actions/setup-java@c5195efecf7bdfc987ee8bae7a71cb8b11521c00' (SHA:c5195efecf7bdfc987ee8bae7a71cb8b11521c00)
Admin UI E2E (chromium)	UNKNOWN STEP	2026-01-15T16:19:58.0759287Z ##[group]Run ./.github/actions/java-setup
Admin UI E2E (chromium)	UNKNOWN STEP	2026-01-15T16:19:58.0760409Z with:
Admin UI E2E (chromium)	UNKNOWN STEP	2026-01-15T16:19:58.0760618Z   distribution: temurin
Admin UI E2E (chromium)	UNKNOWN STEP	2026-01-15T16:19:58.0760851Z   java-version: 21
Admin UI E2E (chromium)	UNKNOWN STEP	2026-01-15T16:19:58.0761059Z env:
Admin UI E2E (chromium)	UNKNOWN STEP	2026-01-15T16:19:58.0761355Z   MAVEN_ARGS: -B -nsu -Daether.connector.http.connectionMaxTtl=25
Admin UI E2E (chromium)	UNKNOWN STEP	2026-01-15T16:19:58.0761745Z   WORKSPACE: @keycloak/keycloak-admin-ui
Admin UI E2E (chromium)	UNKNOWN STEP	2026-01-15T16:19:58.0762022Z   RETRY_COUNT: 3
Admin UI E2E (chromium)	UNKNOWN STEP	2026-01-15T16:19:58.0762229Z ##[endgroup]
Admin UI E2E (chromium)	UNKNOWN STEP	2026-01-15T16:19:58.0810643Z ##[group]Run actions/setup-java@c5195efecf7bdfc987ee8bae7a71cb8b11521c00
Admin UI E2E (chromium)	UNKNOWN STEP	2026-01-15T16:19:58.0811023Z with:
Admin UI E2E (chromium)	UNKNOWN STEP	2026-01-15T16:19:58.0811226Z   distribution: temurin
Admin UI E2E (chromium)	UNKNOWN STEP	2026-01-15T16:19:58.0811459Z   java-version: 21
Admin UI E2E (chromium)	UNKNOWN STEP	2026-01-15T16:19:58.0811717Z   java-package: jdk
Admin UI E2E (chromium)	UNKNOWN STEP	2026-01-15T16:19:58.0811936Z   check-latest: false
Admin UI E2E (chromium)	UNKNOWN STEP	2026-01-15T16:19:58.0812155Z   server-id: github
Admin UI E2E (chromium)	UNKNOWN STEP	2026-01-15T16:19:58.0812380Z   server-username: GITHUB_ACTOR
Admin UI E2E (chromium)	UNKNOWN STEP	2026-01-15T16:19:58.0812645Z   server-password: GITHUB_TOKEN
Admin UI E2E (chromium)	UNKNOWN STEP	2026-01-15T16:19:58.0812911Z   overwrite-settings: true
Admin UI E2E (chromium)	UNKNOWN STEP	2026-01-15T16:19:58.0813160Z   job-status: success
Admin UI E2E (chromium)	UNKNOWN STEP	2026-01-15T16:19:58.0813502Z   token: ***
Admin UI E2E (chromium)	UNKNOWN STEP	2026-01-15T16:19:58.0813696Z env:
Admin UI E2E (chromium)	UNKNOWN STEP	2026-01-15T16:19:58.0813995Z   MAVEN_ARGS: -B -nsu -Daether.connector.http.connectionMaxTtl=25
Admin UI E2E (chromium)	UNKNOWN STEP	2026-01-15T16:19:58.0814394Z   WORKSPACE: @keycloak/keycloak-admin-ui
Admin UI E2E (chromium)	UNKNOWN STEP	2026-01-15T16:19:58.0814674Z   RETRY_COUNT: 3
Admin UI E2E (chromium)	UNKNOWN STEP	2026-01-15T16:19:58.0814880Z ##[endgroup]
Admin UI E2E (chromium)	UNKNOWN STEP	2026-01-15T16:19:58.2814657Z ##[group]Installed distributions
Admin UI E2E (chromium)	UNKNOWN STEP	2026-01-15T16:19:58.2876202Z Resolved Java 21.0.9+10 from tool-cache
Admin UI E2E (chromium)	UNKNOWN STEP	2026-01-15T16:19:58.2877093Z Setting Java 21.0.9+10 as the default
Admin UI E2E (chromium)	UNKNOWN STEP	2026-01-15T16:19:58.2889934Z Creating toolchains.xml for JDK version 21 from temurin
Admin UI E2E (chromium)	UNKNOWN STEP	2026-01-15T16:19:58.2964201Z Writing to /home/runner/.m2/toolchains.xml
Admin UI E2E (chromium)	UNKNOWN STEP	2026-01-15T16:19:58.2965334Z 
Admin UI E2E (chromium)	UNKNOWN STEP	2026-01-15T16:19:58.2965568Z Java configuration:
Admin UI E2E (chromium)	UNKNOWN STEP	2026-01-15T16:19:58.2966008Z   Distribution: temurin
Admin UI E2E (chromium)	UNKNOWN STEP	2026-01-15T16:19:58.2966435Z   Version: 21.0.9+10
Admin UI E2E (chromium)	UNKNOWN STEP	2026-01-15T16:19:58.2967940Z   Path: /opt/hostedtoolcache/Java_Temurin-Hotspot_jdk/21.0.9-10/x64
Admin UI E2E (chromium)	UNKNOWN STEP	2026-01-15T16:19:58.2968785Z 
Admin UI E2E (chromium)	UNKNOWN STEP	2026-01-15T16:19:58.2969258Z ##[endgroup]
Admin UI E2E (chromium)	UNKNOWN STEP	2026-01-15T16:19:58.2973205Z Creating settings.xml with server-id: github
Admin UI E2E (chromium)	UNKNOWN STEP	2026-01-15T16:19:58.2990313Z Writing to /home/runner/.m2/settings.xml
Admin UI E2E (chromium)	UNKNOWN STEP	2026-01-15T16:19:58.3083632Z ##[group]Run tar xfvz keycloak-999.0.0-SNAPSHOT.tar.gz
Admin UI E2E (chromium)	UNKNOWN STEP	2026-01-15T16:19:58.3084060Z [36;1mtar xfvz keycloak-999.0.0-SNAPSHOT.tar.gz[0m
Admin UI E2E (chromium)	UNKNOWN STEP	2026-01-15T16:19:58.3085029Z [36;1mkeycloak-999.0.0-SNAPSHOT/bin/kc.sh start-dev --features=admin-fine-grained-authz:v2,transient-users,spiffe,oid4vc-vci,kubernetes-service-accounts,jwt-authorization-grant,workflows &> ~/server.log &[0m
Admin UI E2E (chromium)	UNKNOWN STEP	2026-01-15T16:19:58.3117943Z shell: /usr/bin/bash --noprofile --norc -e -o pipefail {0}
Admin UI E2E (chromium)	UNKNOWN STEP	2026-01-15T16:19:58.3118300Z env:
Admin UI E2E (chromium)	UNKNOWN STEP	2026-01-15T16:19:58.3118612Z   MAVEN_ARGS: -B -nsu -Daether.connector.http.connectionMaxTtl=25
Admin UI E2E (chromium)	UNKNOWN STEP	2026-01-15T16:19:58.3119007Z   WORKSPACE: @keycloak/keycloak-admin-ui
Admin UI E2E (chromium)	UNKNOWN STEP	2026-01-15T16:19:58.3119293Z   RETRY_COUNT: 3
Admin UI E2E (chromium)	UNKNOWN STEP	2026-01-15T16:19:58.3119739Z   JAVA_HOME: /opt/hostedtoolcache/Java_Temurin-Hotspot_jdk/21.0.9-10/x64
Admin UI E2E (chromium)	UNKNOWN STEP	2026-01-15T16:19:58.3120269Z   JAVA_HOME_21_X64: /opt/hostedtoolcache/Java_Temurin-Hotspot_jdk/21.0.9-10/x64
Admin UI E2E (chromium)	UNKNOWN STEP	2026-01-15T16:19:58.3120675Z   KC_BOOTSTRAP_ADMIN_USERNAME: admin
Admin UI E2E (chromium)	UNKNOWN STEP	2026-01-15T16:19:58.3120995Z   KC_BOOTSTRAP_ADMIN_PASSWORD: admin
Admin UI E2E (chromium)	UNKNOWN STEP	2026-01-15T16:19:58.3121323Z   KC_BOOTSTRAP_ADMIN_CLIENT_ID: temporary-admin-service
Admin UI E2E (chromium)	UNKNOWN STEP	2026-01-15T16:19:58.3121715Z   KC_BOOTSTRAP_ADMIN_CLIENT_SECRET: temporary-admin-service
Admin UI E2E (chromium)	UNKNOWN STEP	2026-01-15T16:19:58.3122047Z ##[endgroup]
Admin UI E2E (chromium)	UNKNOWN STEP	2026-01-15T16:19:58.3198315Z keycloak-999.0.0-SNAPSHOT/version.txt
Admin UI E2E (chromium)	UNKNOWN STEP	2026-01-15T16:19:58.3199461Z keycloak-999.0.0-SNAPSHOT/conf/cache-ispn.xml
Admin UI E2E (chromium)	UNKNOWN STEP	2026-01-15T16:19:58.3200341Z keycloak-999.0.0-SNAPSHOT/README.md
Admin UI E2E (chromium)	UNKNOWN STEP	2026-01-15T16:19:58.3202292Z keycloak-999.0.0-SNAPSHOT/themes/README.md
Admin UI E2E (chromium)	UNKNOWN STEP	2026-01-15T16:19:58.3202898Z keycloak-999.0.0-SNAPSHOT/bin/kc.bat
Admin UI E2E (chromium)	UNKNOWN STEP	2026-01-15T16:19:58.3203514Z keycloak-999.0.0-SNAPSHOT/bin/kc.sh
Admin UI E2E (chromium)	UNKNOWN STEP	2026-01-15T16:19:58.3204176Z keycloak-999.0.0-SNAPSHOT/bin/federation-sssd-setup.sh
Admin UI E2E (chromium)	UNKNOWN STEP	2026-01-15T16:19:58.3204808Z keycloak-999.0.0-SNAPSHOT/bin/
Admin UI E2E (chromium)	UNKNOWN STEP	2026-01-15T16:19:58.3205319Z keycloak-999.0.0-SNAPSHOT/bin/client/
Admin UI E2E (chromium)	UNKNOWN STEP	2026-01-15T16:19:58.3205876Z keycloak-999.0.0-SNAPSHOT/bin/client/lib/
Admin UI E2E (chromium)	UNKNOWN STEP	2026-01-15T16:19:58.3206295Z keycloak-999.0.0-SNAPSHOT/bin/kcreg.bat
Admin UI E2E (chromium)	UNKNOWN STEP	2026-01-15T16:19:58.3206647Z keycloak-999.0.0-SNAPSHOT/bin/kcreg.sh
Admin UI E2E (chromium)	UNKNOWN STEP	2026-01-15T16:19:58.3206992Z keycloak-999.0.0-SNAPSHOT/bin/kcadm.bat
Admin UI E2E (chromium)	UNKNOWN STEP	2026-01-15T16:19:58.3207505Z keycloak-999.0.0-SNAPSHOT/bin/client/keycloak-admin-cli-999.0.0-SNAPSHOT.jar
Admin UI E2E (chromium)	UNKNOWN STEP	2026-01-15T16:19:58.3561723Z keycloak-999.0.0-SNAPSHOT/bin/client/lib/keycloak-crypto-default-999.0.0-SNAPSHOT.jar
Admin UI E2E (chromium)	UNKNOWN STEP	2026-01-15T16:19:58.3563017Z keycloak-999.0.0-SNAPSHOT/bin/client/lib/bcprov-jdk18on-1.82.jar
Admin UI E2E (chromium)	UNKNOWN STEP	2026-01-15T16:19:58.4046829Z keycloak-999.0.0-SNAPSHOT/bin/client/lib/keycloak-crypto-fips1402-999.0.0-SNAPSHOT.jar
Admin UI E2E (chromium)	UNKNOWN STEP	2026-01-15T16:19:58.4048082Z keycloak-999.0.0-SNAPSHOT/bin/kcadm.sh
Admin UI E2E (chromium)	UNKNOWN STEP	2026-01-15T16:19:58.4048735Z keycloak-999.0.0-SNAPSHOT/providers/README.md
Admin UI E2E (chromium)	UNKNOWN STEP	2026-01-15T16:19:58.4050068Z keycloak-999.0.0-SNAPSHOT/lib/
Admin UI E2E (chromium)	UNKNOWN STEP	2026-01-15T16:19:58.4050956Z keycloak-999.0.0-SNAPSHOT/lib/quarkus/
Admin UI E2E (chromium)	UNKNOWN STEP	2026-01-15T16:19:58.4051579Z keycloak-999.0.0-SNAPSHOT/lib/lib/
Admin UI E2E (chromium)	UNKNOWN STEP	2026-01-15T16:19:58.4052226Z keycloak-999.0.0-SNAPSHOT/lib/lib/deployment/
Admin UI E2E (chromium)	UNKNOWN STEP	2026-01-15T16:19:58.4054212Z keycloak-999.0.0-SNAPSHOT/lib/lib/main/
Admin UI E2E (chromium)	UNKNOWN STEP	2026-01-15T16:19:58.4054850Z keycloak-999.0.0-SNAPSHOT/lib/lib/boot/
Admin UI E2E (chromium)	UNKNOWN STEP	2026-01-15T16:19:58.4055342Z keycloak-999.0.0-SNAPSHOT/lib/app/
Admin UI E2E (chromium)	UNKNOWN STEP	2026-01-15T16:19:58.4056029Z keycloak-999.0.0-SNAPSHOT/lib/quarkus/transformed-bytecode.jar
Admin UI E2E (chromium)	UNKNOWN STEP	2026-01-15T16:19:58.4087297Z keycloak-999.0.0-SNAPSHOT/lib/quarkus/quarkus-application.dat
Admin UI E2E (chromium)	UNKNOWN STEP	2026-01-15T16:19:58.4100746Z keycloak-999.0.0-SNAPSHOT/lib/quarkus/build-system.properties
Admin UI E2E (chromium)	UNKNOWN STEP	2026-01-15T16:19:58.4101624Z keycloak-999.0.0-SNAPSHOT/lib/quarkus/generated-bytecode.jar
Admin UI E2E (chromium)	UNKNOWN STEP	2026-01-15T16:19:58.4290148Z keycloak-999.0.0-SNAPSHOT/lib/lib/deployment/io.quarkus.http.quarkus-http-http-core-5.3.5.jar
Admin UI E2E (chromium)	UNKNOWN STEP	2026-01-15T16:19:58.4291716Z keycloak-999.0.0-SNAPSHOT/lib/lib/deployment/io.quarkus.quarkus-vertx-deployment-spi-3.30.5.jar
Admin UI E2E (chromium)	UNKNOWN STEP	2026-01-15T16:19:58.4293339Z keycloak-999.0.0-SNAPSHOT/lib/lib/deployment/io.smallrye.smallrye-open-api-spring-4.2.3.jar
Admin UI E2E (chromium)	UNKNOWN STEP	2026-01-15T16:19:58.4294653Z keycloak-999.0.0-SNAPSHOT/lib/lib/deployment/io.github.dmlloyd.jdk-classfile-backport-25.1.jar
Admin UI E2E (chromium)	UNKNOWN STEP	2026-01-15T16:19:58.4355381Z keycloak-999.0.0-SNAPSHOT/lib/lib/deployment/io.quarkus.quarkus-agroal-spi-3.30.5.jar
Admin UI E2E (chromium)	UNKNOWN STEP	2026-01-15T16:19:58.4356487Z keycloak-999.0.0-SNAPSHOT/lib/lib/deployment/org.fusesource.jansi.jansi-2.4.0.jar
Admin UI E2E (chromium)	UNKNOWN STEP	2026-01-15T16:19:58.4369914Z keycloak-999.0.0-SNAPSHOT/lib/lib/deployment/io.smallrye.smallrye-open-api-ui-4.2.3.jar
Admin UI E2E (chromium)	UNKNOWN STEP	2026-01-15T16:19:58.4433862Z keycloak-999.0.0-SNAPSHOT/lib/lib/deployment/io.smallrye.smallrye-open-api-vertx-4.2.3.jar
Admin UI E2E (chromium)	UNKNOWN STEP	2026-01-15T16:19:58.4435209Z keycloak-999.0.0-SNAPSHOT/lib/lib/deployment/io.quarkus.http.quarkus-http-core-5.3.5.jar
Admin UI E2E (chromium)	UNKNOWN STEP	2026-01-15T16:19:58.4491681Z keycloak-999.0.0-SNAPSHOT/lib/lib/deployment/io.quarkus.quarkus-jdbc-oracle-deployment-3.30.5.jar
Admin UI E2E (chromium)	UNKNOWN STEP	2026-01-15T16:19:58.4492910Z keycloak-999.0.0-SNAPSHOT/lib/lib/deployment/io.quarkus.quarkus-bootstrap-core-3.30.5.jar
Admin UI E2E (chromium)	UNKNOWN STEP	2026-01-15T16:19:58.4500470Z keycloak-999.0.0-SNAPSHOT/lib/lib/deployment/io.quarkus.arc.arc-processor-3.30.5.jar
Admin UI E2E (chromium)	UNKNOWN STEP	2026-01-15T16:19:58.4549440Z keycloak-999.0.0-SNAPSHOT/lib/lib/deployment/io.quarkus.http.quarkus-http-servlet-5.3.5.jar
Admin UI E2E (chromium)	UNKNOWN STEP	2026-01-15T16:19:58.4580606Z keycloak-999.0.0-SNAPSHOT/lib/lib/deployment/io.quarkus.quarkus-jdbc-mariadb-deployment-3.30.5.jar
Admin UI E2E (chromium)	UNKNOWN STEP	2026-01-15T16:19:58.4581973Z keycloak-999.0.0-SNAPSHOT/lib/lib/deployment/io.quarkus.quarkus-swagger-ui-deployment-3.30.5.jar
Admin UI E2E (chromium)	UNKNOWN STEP	2026-01-15T16:19:58.4583322Z keycloak-999.0.0-SNAPSHOT/lib/lib/deployment/io.quarkus.quarkus-reactive-routes-deployment-3.30.5.jar
Admin UI E2E (chromium)	UNKNOWN STEP	2026-01-15T16:19:58.4589295Z keycloak-999.0.0-SNAPSHOT/lib/lib/deployment/io.quarkus.quarkus-smallrye-health-dev-3.30.5.jar
Admin UI E2E (chromium)	UNKNOWN STEP	2026-01-15T16:19:58.4590577Z keycloak-999.0.0-SNAPSHOT/lib/lib/deployment/io.quarkus.quarkus-builder-3.30.5.jar
Admin UI E2E (chromium)	UNKNOWN STEP	2026-01-15T16:19:58.4596293Z keycloak-999.0.0-SNAPSHOT/lib/lib/deployment/io.quarkus.quarkus-opentelemetry-deployment-3.30.5.jar
Admin UI E2E (chromium)	UNKNOWN STEP	2026-01-15T16:19:58.4601272Z keycloak-999.0.0-SNAPSHOT/lib/lib/deployment/io.quarkus.quarkus-panache-hibernate-common-deployment-3.30.5.jar
Admin UI E2E (chromium)	UNKNOWN STEP	2026-01-15T16:19:58.4602489Z keycloak-999.0.0-SNAPSHOT/lib/lib/deployment/org.aesh.readline-2.6.jar
Admin UI E2E (chromium)	UNKNOWN STEP	2026-01-15T16:19:58.4624354Z keycloak-999.0.0-SNAPSHOT/lib/lib/deployment/io.quarkus.quarkus-smallrye-context-propagation-spi-3.30.5.jar
Admin UI E2E (chromium)	UNKNOWN STEP	2026-01-15T16:19:58.4625691Z keycloak-999.0.0-SNAPSHOT/lib/lib/deployment/org.apache.commons.commons-compress-1.28.0.jar
Admin UI E2E (chromium)	UNKNOWN STEP	2026-01-15T16:19:58.4693726Z keycloak-999.0.0-SNAPSHOT/lib/lib/deployment/io.quarkus.quarkus-jdbc-mssql-deployment-3.30.5.jar
Admin UI E2E (chromium)	UNKNOWN STEP	2026-01-15T16:19:58.4694973Z keycloak-999.0.0-SNAPSHOT/lib/lib/deployment/org.graalvm.sdk.nativeimage-23.1.2.jar
Admin UI E2E (chromium)	UNKNOWN STEP	2026-01-15T16:19:58.4705330Z keycloak-999.0.0-SNAPSHOT/lib/lib/deployment/io.quarkus.quarkus-jackson-spi-3.30.5.jar
Admin UI E2E (chromium)	UNKNOWN STEP	2026-01-15T16:19:58.4706627Z keycloak-999.0.0-SNAPSHOT/lib/lib/deployment/io.quarkus.quarkus-datasource-deployment-spi-3.30.5.jar
Admin UI E2E (chromium)	UNKNOWN STEP	2026-01-15T16:19:58.4708035Z keycloak-999.0.0-SNAPSHOT/lib/lib/deployment/io.quarkus.quarkus-hibernate-orm-deployment-3.30.5.jar
Admin UI E2E (chromium)	UNKNOWN STEP	2026-01-15T16:19:58.4720734Z keycloak-999.0.0-SNAPSHOT/lib/lib/deployment/io.quarkus.quarkus-kubernetes-spi-3.30.5.jar
Admin UI E2E (chromium)	UNKNOWN STEP	2026-01-15T16:19:58.4723096Z keycloak-999.0.0-SNAPSHOT/lib/lib/deployment/io.quarkus.quarkus-grpc-common-deployment-3.30.5.jar
Admin UI E2E (chromium)	UNKNOWN STEP	2026-01-15T16:19:58.4724871Z keycloak-999.0.0-SNAPSHOT/lib/lib/deployment/io.smallrye.jandex-gizmo2-3.5.2.jar
Admin UI E2E (chromium)	UNKNOWN STEP	2026-01-15T16:19:58.4726191Z keycloak-999.0.0-SNAPSHOT/lib/lib/deployment/io.quarkus.resteasy.reactive.resteasy-reactive-processor-3.30.5.jar
Admin UI E2E (chromium)	UNKNOWN STEP	2026-01-15T16:19:58.4735980Z keycloak-999.0.0-SNAPSHOT/lib/lib/deployment/io.quarkus.quarkus-credentials-deployment-3.30.5.jar
Admin UI E2E (chromium)	UNKNOWN STEP	2026-01-15T16:19:58.4737347Z keycloak-999.0.0-SNAPSHOT/lib/lib/deployment/io.quarkus.quarkus-reactive-datasource-spi-3.30.5.jar
Admin UI E2E (chromium)	UNKNOWN STEP	2026-01-15T16:19:58.4738783Z keycloak-999.0.0-SNAPSHOT/lib/lib/deployment/io.quarkus.quarkus-jackson-deployment-3.30.5.jar
Admin UI E2E (chromium)	UNKNOWN STEP	2026-01-15T16:19:58.4740293Z keycloak-999.0.0-SNAPSHOT/lib/lib/deployment/io.smallrye.common.smallrye-common-process-2.14.0.jar
Admin UI E2E (chromium)	UNKNOWN STEP	2026-01-15T16:19:58.4746739Z keycloak-999.0.0-SNAPSHOT/lib/lib/deployment/io.quarkus.quarkus-vertx-deployment-3.30.5.jar
Admin UI E2E (chromium)	UNKNOWN STEP	2026-01-15T16:19:58.4749230Z keycloak-999.0.0-SNAPSHOT/lib/lib/deployment/io.quarkus.quarkus-panache-common-3.30.5.jar
Admin UI E2E (chromium)	UNKNOWN STEP	2026-01-15T16:19:58.4750995Z keycloak-999.0.0-SNAPSHOT/lib/lib/deployment/io.quarkus.quarkus-tls-registry-deployment-spi-3.30.5.jar
Admin UI E2E (chromium)	UNKNOWN STEP	2026-01-15T16:19:58.4752322Z keycloak-999.0.0-SNAPSHOT/lib/lib/deployment/io.quarkus.quarkus-rest-jackson-deployment-3.30.5.jar
Admin UI E2E (chromium)	UNKNOWN STEP	2026-01-15T16:19:58.4756418Z keycloak-999.0.0-SNAPSHOT/lib/lib/deployment/io.smallrye.common.smallrye-common-resource-2.14.0.jar
Admin UI E2E (chromium)	UNKNOWN STEP	2026-01-15T16:19:58.4758341Z keycloak-999.0.0-SNAPSHOT/lib/lib/deployment/io.smallrye.smallrye-health-ui-4.3.0.jar
Admin UI E2E (chromium)	UNKNOWN STEP	2026-01-15T16:19:58.4765788Z keycloak-999.0.0-SNAPSHOT/lib/lib/deployment/io.quarkus.resteasy.reactive.resteasy-reactive-common-processor-3.30.5.jar
Admin UI E2E (chromium)	UNKNOWN STEP	2026-01-15T16:19:58.4772608Z keycloak-999.0.0-SNAPSHOT/lib/lib/deployment/io.quarkus.quarkus-narayana-jta-deployment-3.30.5.jar
Admin UI E2E (chromium)	UNKNOWN STEP	2026-01-15T16:19:58.4774335Z keycloak-999.0.0-SNAPSHOT/lib/lib/deployment/io.quarkus.quarkus-rest-spi-deployment-3.30.5.jar
Admin UI E2E (chromium)	UNKNOWN STEP	2026-01-15T16:19:58.4776079Z keycloak-999.0.0-SNAPSHOT/lib/lib/deployment/appmodel.dat
Admin UI E2E (chromium)	UNKNOWN STEP	2026-01-15T16:19:58.4781781Z keycloak-999.0.0-SNAPSHOT/lib/lib/deployment/io.quarkus.quarkus-hibernate-validator-spi-3.30.5.jar
Admin UI E2E (chromium)	UNKNOWN STEP	2026-01-15T16:19:58.4783153Z keycloak-999.0.0-SNAPSHOT/lib/lib/deployment/io.quarkus.quarkus-vertx-http-deployment-3.30.5.jar
Admin UI E2E (chromium)	UNKNOWN STEP	2026-01-15T16:19:58.4790322Z keycloak-999.0.0-SNAPSHOT/lib/lib/deployment/io.quarkus.quarkus-jdbc-mysql-deployment-3.30.5.jar
Admin UI E2E (chromium)	UNKNOWN STEP	2026-01-15T16:19:58.4791647Z keycloak-999.0.0-SNAPSHOT/lib/lib/deployment/io.quarkus.quarkus-class-change-agent-3.30.5.jar
Admin UI E2E (chromium)	UNKNOWN STEP	2026-01-15T16:19:58.4792911Z keycloak-999.0.0-SNAPSHOT/lib/lib/deployment/io.quarkus.quarkus-resteasy-common-spi-3.30.5.jar
Admin UI E2E (chromium)	UNKNOWN STEP	2026-01-15T16:19:58.4794258Z keycloak-999.0.0-SNAPSHOT/lib/lib/deployment/io.quarkus.quarkus-vertx-http-deployment-spi-3.30.5.jar
Admin UI E2E (chromium)	UNKNOWN STEP	2026-01-15T16:19:58.4795521Z keycloak-999.0.0-SNAPSHOT/lib/lib/deployment/io.quarkus.quarkus-arc-deployment-3.30.5.jar
Admin UI E2E (chromium)	UNKNOWN STEP	2026-01-15T16:19:58.4814123Z keycloak-999.0.0-SNAPSHOT/lib/lib/deployment/io.quarkus.quarkus-agroal-deployment-3.30.5.jar
Admin UI E2E (chromium)	UNKNOWN STEP	2026-01-15T16:19:58.4816040Z keycloak-999.0.0-SNAPSHOT/lib/lib/deployment/io.quarkus.gizmo.gizmo-1.9.0.jar
Admin UI E2E (chromium)	UNKNOWN STEP	2026-01-15T16:19:58.4829251Z keycloak-999.0.0-SNAPSHOT/lib/lib/deployment/io.quarkus.quarkus-hibernate-validator-deployment-3.30.5.jar
Admin UI E2E (chromium)	UNKNOWN STEP	2026-01-15T16:19:58.4831449Z keycloak-999.0.0-SNAPSHOT/lib/lib/deployment/io.quarkus.quarkus-smallrye-openapi-dev-3.30.5.jar
Admin UI E2E (chromium)	UNKNOWN STEP	2026-01-15T16:19:58.4833038Z keycloak-999.0.0-SNAPSHOT/lib/lib/deployment/io.quarkus.quarkus-kubernetes-service-binding-spi-3.30.5.jar
Admin UI E2E (chromium)	UNKNOWN STEP	2026-01-15T16:19:58.4834173Z keycloak-999.0.0-SNAPSHOT/lib/lib/deployment/deployment-class-path.dat
Admin UI E2E (chromium)	UNKNOWN STEP	2026-01-15T16:19:58.4835499Z keycloak-999.0.0-SNAPSHOT/lib/lib/deployment/io.quarkus.quarkus-smallrye-openapi-common-deployment-3.30.5.jar
Admin UI E2E (chromium)	UNKNOWN STEP	2026-01-15T16:19:58.4836931Z keycloak-999.0.0-SNAPSHOT/lib/lib/deployment/io.quarkus.quarkus-panache-common-deployment-3.30.5.jar
Admin UI E2E (chromium)	UNKNOWN STEP	2026-01-15T16:19:58.4840500Z keycloak-999.0.0-SNAPSHOT/lib/lib/deployment/io.quarkus.quarkus-undertow-spi-3.30.5.jar
Admin UI E2E (chromium)	UNKNOWN STEP	2026-01-15T16:19:58.4842392Z keycloak-999.0.0-SNAPSHOT/lib/lib/deployment/io.quarkus.quarkus-rest-server-spi-deployment-3.30.5.jar
Admin UI E2E (chromium)	UNKNOWN STEP	2026-01-15T16:19:58.4843871Z keycloak-999.0.0-SNAPSHOT/lib/lib/deployment/io.quarkus.quarkus-tls-registry-deployment-3.30.5.jar
Admin UI E2E (chromium)	UNKNOWN STEP	2026-01-15T16:19:58.4845177Z keycloak-999.0.0-SNAPSHOT/lib/lib/deployment/io.quarkus.quarkus-jaxrs-spi-deployment-3.30.5.jar
Admin UI E2E (chromium)	UNKNOWN STEP	2026-01-15T16:19:58.4846383Z keycloak-999.0.0-SNAPSHOT/lib/lib/deployment/io.quarkus.quarkus-assistant-dev-3.30.5.jar
Admin UI E2E (chromium)	UNKNOWN STEP	2026-01-15T16:19:58.4847686Z keycloak-999.0.0-SNAPSHOT/lib/lib/deployment/io.quarkus.quarkus-assistant-deployment-spi-3.30.5.jar
Admin UI E2E (chromium)	UNKNOWN STEP	2026-01-15T16:19:58.4848932Z keycloak-999.0.0-SNAPSHOT/lib/lib/deployment/io.quarkus.quarkus-mutiny-deployment-3.30.5.jar
Admin UI E2E (chromium)	UNKNOWN STEP	2026-01-15T16:19:58.4850419Z keycloak-999.0.0-SNAPSHOT/lib/lib/deployment/io.quarkus.quarkus-smallrye-openapi-spi-3.30.5.jar
Admin UI E2E (chromium)	UNKNOWN STEP	2026-01-15T16:19:58.4851945Z keycloak-999.0.0-SNAPSHOT/lib/lib/deployment/io.quarkus.quarkus-smallrye-health-deployment-3.30.5.jar
Admin UI E2E (chromium)	UNKNOWN STEP	2026-01-15T16:19:58.4853695Z keycloak-999.0.0-SNAPSHOT/lib/lib/deployment/org.keycloak.keycloak-quarkus-server-deployment-999.0.0-SNAPSHOT.jar
Admin UI E2E (chromium)	UNKNOWN STEP	2026-01-15T16:19:58.4855222Z keycloak-999.0.0-SNAPSHOT/lib/lib/deployment/io.quarkus.quarkus-rest-deployment-3.30.5.jar
Admin UI E2E (chromium)	UNKNOWN STEP	2026-01-15T16:19:58.4863698Z keycloak-999.0.0-SNAPSHOT/lib/lib/deployment/org.graalvm.sdk.word-23.1.2.jar
Admin UI E2E (chromium)	UNKNOWN STEP	2026-01-15T16:19:58.4865429Z keycloak-999.0.0-SNAPSHOT/lib/lib/deployment/io.quarkus.quarkus-micrometer-opentelemetry-deployment-3.30.5.jar
Admin UI E2E (chromium)	UNKNOWN STEP	2026-01-15T16:19:58.4866846Z keycloak-999.0.0-SNAPSHOT/lib/lib/deployment/io.quarkus.quarkus-virtual-threads-deployment-3.30.5.jar
Admin UI E2E (chromium)	UNKNOWN STEP	2026-01-15T16:19:58.4868290Z keycloak-999.0.0-SNAPSHOT/lib/lib/deployment/io.quarkus.quarkus-jdbc-postgresql-deployment-3.30.5.jar
Admin UI E2E (chromium)	UNKNOWN STEP	2026-01-15T16:19:58.4869719Z keycloak-999.0.0-SNAPSHOT/lib/lib/deployment/jakarta.servlet.jakarta.servlet-api-6.0.0.jar
Admin UI E2E (chromium)	UNKNOWN STEP	2026-01-15T16:19:58.4890046Z keycloak-999.0.0-SNAPSHOT/lib/lib/deployment/io.quarkus.quarkus-caffeine-deployment-3.30.5.jar
Admin UI E2E (chromium)	UNKNOWN STEP	2026-01-15T16:19:58.4891859Z keycloak-999.0.0-SNAPSHOT/lib/lib/deployment/io.quarkus.gizmo.gizmo2-2.0.0.Beta10.jar
Admin UI E2E (chromium)	UNKNOWN STEP	2026-01-15T16:19:58.4927509Z keycloak-999.0.0-SNAPSHOT/lib/lib/deployment/io.quarkus.quarkus-smallrye-openapi-deployment-3.30.5.jar
Admin UI E2E (chromium)	UNKNOWN STEP	2026-01-15T16:19:58.4932348Z keycloak-999.0.0-SNAPSHOT/lib/lib/deployment/io.quarkus.quarkus-core-deployment-3.30.5.jar
Admin UI E2E (chromium)	UNKNOWN STEP	2026-01-15T16:19:58.5028934Z keycloak-999.0.0-SNAPSHOT/lib/lib/deployment/io.quarkus.quarkus-netty-deployment-3.30.5.jar
Admin UI E2E (chromium)	UNKNOWN STEP	2026-01-15T16:19:58.5030378Z keycloak-999.0.0-SNAPSHOT/lib/lib/deployment/io.quarkus.quarkus-panache-hibernate-common-3.30.5.jar
Admin UI E2E (chromium)	UNKNOWN STEP	2026-01-15T16:19:58.5031554Z keycloak-999.0.0-SNAPSHOT/lib/lib/deployment/org.aesh.aesh-2.8.2.jar
Admin UI E2E (chromium)	UNKNOWN STEP	2026-01-15T16:19:58.5054423Z keycloak-999.0.0-SNAPSHOT/lib/lib/deployment/io.quarkus.quarkus-jsonp-deployment-3.30.5.jar
Admin UI E2E (chromium)	UNKNOWN STEP	2026-01-15T16:19:58.5055693Z keycloak-999.0.0-SNAPSHOT/lib/lib/deployment/io.quarkus.quarkus-micrometer-deployment-3.30.5.jar
Admin UI E2E (chromium)	UNKNOWN STEP	2026-01-15T16:19:58.5059708Z keycloak-999.0.0-SNAPSHOT/lib/lib/deployment/io.quarkus.quarkus-jdbc-h2-deployment-3.30.5.jar
Admin UI E2E (chromium)	UNKNOWN STEP	2026-01-15T16:19:58.5061599Z keycloak-999.0.0-SNAPSHOT/lib/lib/deployment/io.smallrye.smallrye-open-api-jaxrs-4.2.3.jar
Admin UI E2E (chromium)	UNKNOWN STEP	2026-01-15T16:19:58.5064534Z keycloak-999.0.0-SNAPSHOT/lib/lib/deployment/io.quarkus.quarkus-bootstrap-app-model-3.30.5.jar
Admin UI E2E (chromium)	UNKNOWN STEP	2026-01-15T16:19:58.5079137Z keycloak-999.0.0-SNAPSHOT/lib/lib/deployment/io.quarkus.quarkus-hibernate-orm-deployment-spi-3.30.5.jar
Admin UI E2E (chromium)	UNKNOWN STEP	2026-01-15T16:19:58.5080668Z keycloak-999.0.0-SNAPSHOT/lib/lib/deployment/io.quarkus.quarkus-security-spi-3.30.5.jar
Admin UI E2E (chromium)	UNKNOWN STEP	2026-01-15T16:19:58.5081897Z keycloak-999.0.0-SNAPSHOT/lib/lib/deployment/io.quarkus.quarkus-smallrye-health-spi-3.30.5.jar
Admin UI E2E (chromium)	UNKNOWN STEP	2026-01-15T16:19:58.5083240Z keycloak-999.0.0-SNAPSHOT/lib/lib/deployment/io.quarkus.quarkus-rest-common-deployment-3.30.5.jar
Admin UI E2E (chromium)	UNKNOWN STEP	2026-01-15T16:19:58.5085711Z keycloak-999.0.0-SNAPSHOT/lib/lib/deployment/io.quarkus.quarkus-datasource-deployment-3.30.5.jar
Admin UI E2E (chromium)	UNKNOWN STEP	2026-01-15T16:19:58.5087549Z keycloak-999.0.0-SNAPSHOT/lib/lib/deployment/io.quarkus.quarkus-smallrye-context-propagation-deployment-3.30.5.jar
Admin UI E2E (chromium)	UNKNOWN STEP	2026-01-15T16:19:58.5089107Z keycloak-999.0.0-SNAPSHOT/lib/lib/deployment/io.quarkus.quarkus-rest-jackson-common-deployment-3.30.5.jar
Admin UI E2E (chromium)	UNKNOWN STEP	2026-01-15T16:19:58.5090806Z keycloak-999.0.0-SNAPSHOT/lib/lib/deployment/io.quarkus.quarkus-micrometer-registry-prometheus-deployment-3.30.5.jar
Admin UI E2E (chromium)	UNKNOWN STEP	2026-01-15T16:19:58.5092338Z keycloak-999.0.0-SNAPSHOT/lib/lib/deployment/io.quarkus.quarkus-resteasy-server-common-spi-3.30.5.jar
Admin UI E2E (chromium)	UNKNOWN STEP	2026-01-15T16:19:58.5093698Z keycloak-999.0.0-SNAPSHOT/lib/lib/deployment/io.quarkus.quarkus-logging-json-deployment-3.30.5.jar
Admin UI E2E (chromium)	UNKNOWN STEP	2026-01-15T16:19:58.5095012Z keycloak-999.0.0-SNAPSHOT/lib/lib/deployment/io.quarkus.quarkus-devui-deployment-spi-3.30.5.jar
Admin UI E2E (chromium)	UNKNOWN STEP	2026-01-15T16:19:58.5096411Z keycloak-999.0.0-SNAPSHOT/lib/lib/main/io.smallrye.reactive.smallrye-mutiny-vertx-uri-template-3.21.3.jar
Admin UI E2E (chromium)	UNKNOWN STEP	2026-01-15T16:19:58.5097808Z keycloak-999.0.0-SNAPSHOT/lib/lib/main/com.google.guava.guava-33.5.0-jre.jar
Admin UI E2E (chromium)	UNKNOWN STEP	2026-01-15T16:19:58.5285105Z keycloak-999.0.0-SNAPSHOT/lib/lib/main/io.quarkus.quarkus-rest-common-3.30.5.jar
Admin UI E2E (chromium)	UNKNOWN STEP	2026-01-15T16:19:58.5286480Z keycloak-999.0.0-SNAPSHOT/lib/lib/main/io.quarkus.quarkus-micrometer-opentelemetry-3.30.5.jar
Admin UI E2E (chromium)	UNKNOWN STEP	2026-01-15T16:19:58.5287822Z keycloak-999.0.0-SNAPSHOT/lib/lib/main/org.keycloak.keycloak-model-storage-999.0.0-SNAPSHOT.jar
Admin UI E2E (chromium)	UNKNOWN STEP	2026-01-15T16:19:58.5292275Z keycloak-999.0.0-SNAPSHOT/lib/lib/main/org.keycloak.keycloak-saml-core-public-999.0.0-SNAPSHOT.jar
Admin UI E2E (chromium)	UNKNOWN STEP	2026-01-15T16:19:58.5306938Z keycloak-999.0.0-SNAPSHOT/lib/lib/main/org.wildfly.security.wildfly-elytron-provider-util-2.7.1.Final.jar
Admin UI E2E (chromium)	UNKNOWN STEP	2026-01-15T16:19:58.5308916Z keycloak-999.0.0-SNAPSHOT/lib/lib/main/org.wildfly.security.wildfly-elytron-mechanism-scram-2.7.1.Final.jar
Admin UI E2E (chromium)	UNKNOWN STEP	2026-01-15T16:19:58.5311559Z keycloak-999.0.0-SNAPSHOT/lib/lib/main/io.smallrye.reactive.smallrye-mutiny-vertx-auth-common-3.21.3.jar
Admin UI E2E (chromium)	UNKNOWN STEP	2026-01-15T16:19:58.5313943Z keycloak-999.0.0-SNAPSHOT/lib/lib/main/io.quarkus.quarkus-fs-util-1.2.0.jar
Admin UI E2E (chromium)	UNKNOWN STEP	2026-01-15T16:19:58.5316371Z keycloak-999.0.0-SNAPSHOT/lib/lib/main/io.grpc.grpc-util-1.76.0.jar
Admin UI E2E (chromium)	UNKNOWN STEP	2026-01-15T16:19:58.5322948Z keycloak-999.0.0-SNAPSHOT/lib/lib/main/io.quarkus.quarkus-credentials-3.30.5.jar
Admin UI E2E (chromium)	UNKNOWN STEP	2026-01-15T16:19:58.5324223Z keycloak-999.0.0-SNAPSHOT/lib/lib/main/io.opentelemetry.instrumentation.opentelemetry-jdbc-2.21.0-alpha.jar
Admin UI E2E (chromium)	UNKNOWN STEP	2026-01-15T16:19:58.5330321Z keycloak-999.0.0-SNAPSHOT/lib/lib/main/com.google.api.grpc.proto-google-common-protos-2.63.1.jar
Admin UI E2E (chromium)	UNKNOWN STEP	2026-01-15T16:19:58.5511163Z keycloak-999.0.0-SNAPSHOT/lib/lib/main/io.grpc.grpc-protobuf-1.76.0.jar
Admin UI E2E (chromium)	UNKNOWN STEP	2026-01-15T16:19:58.5512089Z keycloak-999.0.0-SNAPSHOT/lib/lib/main/io.quarkus.quarkus-arc-3.30.5.jar
Admin UI E2E (chromium)	UNKNOWN STEP	2026-01-15T16:19:58.5516073Z keycloak-999.0.0-SNAPSHOT/lib/lib/main/com.fasterxml.jackson.dataformat.jackson-dataformat-cbor-2.20.1.jar
Admin UI E2E (chromium)	UNKNOWN STEP	2026-01-15T16:19:58.5520604Z keycloak-999.0.0-SNAPSHOT/lib/lib/main/com.fasterxml.jackson.datatype.jackson-datatype-jdk8-2.20.1.jar
Admin UI E2E (chromium)	UNKNOWN STEP	2026-01-15T16:19:58.5524983Z keycloak-999.0.0-SNAPSHOT/lib/lib/main/org.keycloak.keycloak-model-storage-services-999.0.0-SNAPSHOT.jar
Admin UI E2E (chromium)	UNKNOWN STEP	2026-01-15T16:19:58.5527138Z keycloak-999.0.0-SNAPSHOT/lib/lib/main/io.quarkus.quarkus-jdbc-h2-3.30.5.jar
Admin UI E2E (chromium)	UNKNOWN STEP	2026-01-15T16:19:58.5529185Z keycloak-999.0.0-SNAPSHOT/lib/lib/main/org.bouncycastle.bcpkix-jdk18on-1.82.jar
Admin UI E2E (chromium)	UNKNOWN STEP	2026-01-15T16:19:58.5599980Z keycloak-999.0.0-SNAPSHOT/lib/lib/main/com.google.zxing.core-3.4.0.jar
Admin UI E2E (chromium)	UNKNOWN STEP	2026-01-15T16:19:58.5635548Z keycloak-999.0.0-SNAPSHOT/lib/lib/main/io.netty.netty-common-4.1.130.Final.jar
Admin UI E2E (chromium)	UNKNOWN STEP	2026-01-15T16:19:58.5681050Z keycloak-999.0.0-SNAPSHOT/lib/lib/main/org.infinispan.infinispan-counter-api-16.0.5.jar
Admin UI E2E (chromium)	UNKNOWN STEP	2026-01-15T16:19:58.5683465Z keycloak-999.0.0-SNAPSHOT/lib/lib/main/org.wildfly.security.wildfly-elytron-x500-cert-util-2.7.1.Final.jar
Admin UI E2E (chromium)	UNKNOWN STEP	2026-01-15T16:19:58.5684600Z keycloak-999.0.0-SNAPSHOT/lib/lib/main/org.jspecify.jspecify-1.0.0.jar
Admin UI E2E (chromium)	UNKNOWN STEP	2026-01-15T16:19:58.5685630Z keycloak-999.0.0-SNAPSHOT/lib/lib/main/org.apache.kerby.kerby-asn1-2.0.3.jar
Admin UI E2E (chromium)	UNKNOWN STEP	2026-01-15T16:19:58.5691113Z keycloak-999.0.0-SNAPSHOT/lib/lib/main/io.smallrye.config.smallrye-config-common-3.14.1.jar
Admin UI E2E (chromium)	UNKNOWN STEP	2026-01-15T16:19:58.5692432Z keycloak-999.0.0-SNAPSHOT/lib/lib/main/org.wildfly.security.wildfly-elytron-auth-2.7.1.Final.jar
Admin UI E2E (chromium)	UNKNOWN STEP	2026-01-15T16:19:58.5693614Z keycloak-999.0.0-SNAPSHOT/lib/lib/main/org.snakeyaml.snakeyaml-engine-2.6.jar
Admin UI E2E (chromium)	UNKNOWN STEP	2026-01-15T16:19:58.5712670Z keycloak-999.0.0-SNAPSHOT/lib/lib/main/org.keycloak.keycloak-themes-vendor-999.0.0-SNAPSHOT.jar
Admin UI E2E (chromium)	UNKNOWN STEP	2026-01-15T16:19:58.6539788Z keycloak-999.0.0-SNAPSHOT/lib/lib/main/org.wildfly.security.wildfly-elytron-mechanism-oauth2-2.7.1.Final.jar
Admin UI E2E (chromium)	UNKNOWN STEP	2026-01-15T16:19:58.6541534Z keycloak-999.0.0-SNAPSHOT/lib/lib/main/io.opentelemetry.instrumentation.opentelemetry-apache-httpclient-4.3-2.21.0-alpha.jar
Admin UI E2E (chromium)	UNKNOWN STEP	2026-01-15T16:19:58.6542863Z keycloak-999.0.0-SNAPSHOT/lib/lib/main/org.freemarker.freemarker-2.3.32.jar
Admin UI E2E (chromium)	UNKNOWN STEP	2026-01-15T16:19:58.6661125Z keycloak-999.0.0-SNAPSHOT/lib/lib/main/io.netty.netty-codec-4.1.130.Final.jar
Admin UI E2E (chromium)	UNKNOWN STEP	2026-01-15T16:19:58.6686282Z keycloak-999.0.0-SNAPSHOT/lib/lib/main/com.fasterxml.jackson.datatype.jackson-datatype-jsr310-2.20.1.jar
Admin UI E2E (chromium)	UNKNOWN STEP	2026-01-15T16:19:58.6694997Z keycloak-999.0.0-SNAPSHOT/lib/lib/main/com.fasterxml.jackson.core.jackson-databind-2.20.1.jar
Admin UI E2E (chromium)	UNKNOWN STEP	2026-01-15T16:19:58.6811339Z keycloak-999.0.0-SNAPSHOT/lib/lib/main/io.prometheus.simpleclient_tracer_otel-0.16.0.jar
Admin UI E2E (chromium)	UNKNOWN STEP	2026-01-15T16:19:58.6813017Z keycloak-999.0.0-SNAPSHOT/lib/lib/main/io.quarkus.resteasy.reactive.resteasy-reactive-3.30.5.jar
Admin UI E2E (chromium)	UNKNOWN STEP	2026-01-15T16:19:58.6848924Z keycloak-999.0.0-SNAPSHOT/lib/lib/main/com.google.protobuf.protobuf-java-4.32.1.jar
Admin UI E2E (chromium)	UNKNOWN STEP	2026-01-15T16:19:58.6977594Z keycloak-999.0.0-SNAPSHOT/lib/lib/main/org.ow2.asm.asm-commons-9.9.jar
Admin UI E2E (chromium)	UNKNOWN STEP	2026-01-15T16:19:58.6984489Z keycloak-999.0.0-SNAPSHOT/lib/lib/main/org.hibernate.quarkus-local-cache-0.3.1.jar
Admin UI E2E (chromium)	UNKNOWN STEP	2026-01-15T16:19:58.6988895Z keycloak-999.0.0-SNAPSHOT/lib/lib/main/io.smallrye.smallrye-health-provided-checks-4.3.0.jar
Admin UI E2E (chromium)	UNKNOWN STEP	2026-01-15T16:19:58.6990422Z keycloak-999.0.0-SNAPSHOT/lib/lib/main/org.keycloak.keycloak-ldap-federation-999.0.0-SNAPSHOT.jar
Admin UI E2E (chromium)	UNKNOWN STEP	2026-01-15T16:19:58.7011705Z keycloak-999.0.0-SNAPSHOT/lib/lib/main/io.opentelemetry.opentelemetry-common-1.55.0.jar
Admin UI E2E (chromium)	UNKNOWN STEP	2026-01-15T16:19:58.7013094Z keycloak-999.0.0-SNAPSHOT/lib/lib/main/io.smallrye.reactive.smallrye-reactive-converter-api-3.0.3.jar
Admin UI E2E (chromium)	UNKNOWN STEP	2026-01-15T16:19:58.7014480Z keycloak-999.0.0-SNAPSHOT/lib/lib/main/jakarta.xml.bind.jakarta.xml.bind-api-4.0.4.jar
Admin UI E2E (chromium)	UNKNOWN STEP	2026-01-15T16:19:58.7021963Z keycloak-999.0.0-SNAPSHOT/lib/lib/main/io.opentelemetry.instrumentation.opentelemetry-instrumentation-annotations-2.21.0.jar
Admin UI E2E (chromium)	UNKNOWN STEP	2026-01-15T16:19:58.7023722Z keycloak-999.0.0-SNAPSHOT/lib/lib/main/io.prometheus.simpleclient_common-0.16.0.jar
Admin UI E2E (chromium)	UNKNOWN STEP	2026-01-15T16:19:58.7025032Z keycloak-999.0.0-SNAPSHOT/lib/lib/main/io.quarkus.quarkus-swagger-ui-3.30.5.jar
Admin UI E2E (chromium)	UNKNOWN STEP	2026-01-15T16:19:58.7026320Z keycloak-999.0.0-SNAPSHOT/lib/lib/main/org.keycloak.keycloak-model-storage-private-999.0.0-SNAPSHOT.jar
Admin UI E2E (chromium)	UNKNOWN STEP	2026-01-15T16:19:58.7041786Z keycloak-999.0.0-SNAPSHOT/lib/lib/main/org.keycloak.keycloak-authz-policy-common-999.0.0-SNAPSHOT.jar
Admin UI E2E (chromium)	UNKNOWN STEP	2026-01-15T16:19:58.7048438Z keycloak-999.0.0-SNAPSHOT/lib/lib/main/io.netty.netty-codec-haproxy-4.1.130.Final.jar
Admin UI E2E (chromium)	UNKNOWN STEP	2026-01-15T16:19:58.7051020Z keycloak-999.0.0-SNAPSHOT/lib/lib/main/org.keycloak.keycloak-config-api-999.0.0-SNAPSHOT.jar
Admin UI E2E (chromium)	UNKNOWN STEP	2026-01-15T16:19:58.7057684Z keycloak-999.0.0-SNAPSHOT/lib/lib/main/org.keycloak.keycloak-rest-admin-ui-ext-999.0.0-SNAPSHOT.jar
Admin UI E2E (chromium)	UNKNOWN STEP	2026-01-15T16:19:58.7060434Z keycloak-999.0.0-SNAPSHOT/lib/lib/main/io.smallrye.reactive.smallrye-mutiny-vertx-web-common-3.21.3.jar
Admin UI E2E (chromium)	UNKNOWN STEP	2026-01-15T16:19:58.7062697Z keycloak-999.0.0-SNAPSHOT/lib/lib/main/org.infinispan.protostream.protostream-6.0.3.jar
Admin UI E2E (chromium)	UNKNOWN STEP	2026-01-15T16:19:58.7100871Z keycloak-999.0.0-SNAPSHOT/lib/lib/main/io.perfmark.perfmark-api-0.27.0.jar
Admin UI E2E (chromium)	UNKNOWN STEP	2026-01-15T16:19:58.7102216Z keycloak-999.0.0-SNAPSHOT/lib/lib/main/io.netty.netty-buffer-4.1.130.Final.jar
Admin UI E2E (chromium)	UNKNOWN STEP	2026-01-15T16:19:58.7126160Z keycloak-999.0.0-SNAPSHOT/lib/lib/main/jakarta.inject.jakarta.inject-api-2.0.1.jar
Admin UI E2E (chromium)	UNKNOWN STEP	2026-01-15T16:19:58.7127400Z keycloak-999.0.0-SNAPSHOT/lib/lib/main/io.quarkus.vertx.utils.quarkus-vertx-utils-3.30.5.jar
Admin UI E2E (chromium)	UNKNOWN STEP	2026-01-15T16:19:58.7128878Z keycloak-999.0.0-SNAPSHOT/lib/lib/main/io.netty.netty-codec-http-4.1.130.Final.jar
Admin UI E2E (chromium)	UNKNOWN STEP	2026-01-15T16:19:58.7175945Z keycloak-999.0.0-SNAPSHOT/lib/lib/main/org.jboss.slf4j.slf4j-jboss-logmanager-2.0.2.Final.jar
Admin UI E2E (chromium)	UNKNOWN STEP	2026-01-15T16:19:58.7177398Z keycloak-999.0.0-SNAPSHOT/lib/lib/main/org.keycloak.keycloak-server-spi-999.0.0-SNAPSHOT.jar
Admin UI E2E (chromium)	UNKNOWN STEP	2026-01-15T16:19:58.7198643Z keycloak-999.0.0-SNAPSHOT/lib/lib/main/org.locationtech.jts.jts-core-1.19.0.jar
Admin UI E2E (chromium)	UNKNOWN STEP	2026-01-15T16:19:58.7273825Z keycloak-999.0.0-SNAPSHOT/lib/lib/main/info.picocli.picocli-4.7.7.jar
Admin UI E2E (chromium)	UNKNOWN STEP	2026-01-15T16:19:58.7301459Z keycloak-999.0.0-SNAPSHOT/lib/lib/main/io.micrometer.micrometer-observation-1.14.7.jar
Admin UI E2E (chromium)	UNKNOWN STEP	2026-01-15T16:19:58.7305921Z keycloak-999.0.0-SNAPSHOT/lib/lib/main/io.quarkus.resteasy.reactive.resteasy-reactive-vertx-3.30.5.jar
Admin UI E2E (chromium)	UNKNOWN STEP	2026-01-15T16:19:58.7310385Z keycloak-999.0.0-SNAPSHOT/lib/lib/main/org.hibernate.validator.hibernate-validator-9.0.1.Final.jar
Admin UI E2E (chromium)	UNKNOWN STEP	2026-01-15T16:19:58.7403817Z keycloak-999.0.0-SNAPSHOT/lib/lib/main/org.eclipse.microprofile.context-propagation.microprofile-context-propagation-api-1.3.jar
Admin UI E2E (chromium)	UNKNOWN STEP	2026-01-15T16:19:58.7406366Z keycloak-999.0.0-SNAPSHOT/lib/lib/main/org.infinispan.infinispan-core-16.0.5.jar
Admin UI E2E (chromium)	UNKNOWN STEP	2026-01-15T16:19:58.7798815Z keycloak-999.0.0-SNAPSHOT/lib/lib/main/io.quarkus.quarkus-vertx-http-3.30.5.jar
Admin UI E2E (chromium)	UNKNOWN STEP	2026-01-15T16:19:58.7844914Z keycloak-999.0.0-SNAPSHOT/lib/lib/main/org.keycloak.keycloak-model-infinispan-999.0.0-SNAPSHOT.jar
Admin UI E2E (chromium)	UNKNOWN STEP	2026-01-15T16:19:58.7920179Z keycloak-999.0.0-SNAPSHOT/lib/lib/main/org.wildfly.security.wildfly-elytron-keystore-2.7.1.Final.jar
Admin UI E2E (chromium)	UNKNOWN STEP	2026-01-15T16:19:58.7921772Z keycloak-999.0.0-SNAPSHOT/lib/lib/main/io.netty.netty-codec-socks-4.1.130.Final.jar
Admin UI E2E (chromium)	UNKNOWN STEP	2026-01-15T16:19:58.7930424Z keycloak-999.0.0-SNAPSHOT/lib/lib/main/io.vertx.vertx-web-4.5.23.jar
Admin UI E2E (chromium)	UNKNOWN STEP	2026-01-15T16:19:58.7956407Z keycloak-999.0.0-SNAPSHOT/lib/lib/main/org.slf4j.slf4j-api-2.0.17.jar
Admin UI E2E (chromium)	UNKNOWN STEP	2026-01-15T16:19:58.7964636Z keycloak-999.0.0-SNAPSHOT/lib/lib/main/org.eclipse.angus.angus-mail-2.0.5.jar
Admin UI E2E (chromium)	UNKNOWN STEP	2026-01-15T16:19:58.7997939Z keycloak-999.0.0-SNAPSHOT/lib/lib/main/io.quarkus.quarkus-tls-registry-3.30.5.jar
Admin UI E2E (chromium)	UNKNOWN STEP	2026-01-15T16:19:58.8002985Z keycloak-999.0.0-SNAPSHOT/lib/lib/main/org.twitter4j.twitter4j-core-4.1.2.jar
Admin UI E2E (chromium)	UNKNOWN STEP	2026-01-15T16:19:58.8025668Z keycloak-999.0.0-SNAPSHOT/lib/lib/main/org.hibernate.models.hibernate-models-1.0.1.jar
Admin UI E2E (chromium)	UNKNOWN STEP	2026-01-15T16:19:58.8042233Z keycloak-999.0.0-SNAPSHOT/lib/lib/main/com.fasterxml.jackson.module.jackson-module-parameter-names-2.20.1.jar
Admin UI E2E (chromium)	UNKNOWN STEP	2026-01-15T16:19:58.8044870Z keycloak-999.0.0-SNAPSHOT/lib/lib/main/org.wildfly.security.wildfly-elytron-sasl-oauth2-2.7.1.Final.jar
Admin UI E2E (chromium)	UNKNOWN STEP	2026-01-15T16:19:58.8047444Z keycloak-999.0.0-SNAPSHOT/lib/lib/main/io.vertx.vertx-codegen-4.5.23.jar
Admin UI E2E (chromium)	UNKNOWN STEP	2026-01-15T16:19:58.8059378Z keycloak-999.0.0-SNAPSHOT/lib/lib/main/io.quarkus.quarkus-transaction-annotations-3.30.5.jar
Admin UI E2E (chromium)	UNKNOWN STEP	2026-01-15T16:19:58.8062414Z keycloak-999.0.0-SNAPSHOT/lib/lib/main/jakarta.xml.soap.jakarta.xml.soap-api-3.0.0.jar
Admin UI E2E (chromium)	UNKNOWN STEP	2026-01-15T16:19:58.8064097Z keycloak-999.0.0-SNAPSHOT/lib/lib/main/io.netty.netty-transport-native-epoll-4.1.130.Final-linux-aarch_64.jar
Admin UI E2E (chromium)	UNKNOWN STEP	2026-01-15T16:19:58.8068477Z keycloak-999.0.0-SNAPSHOT/lib/lib/main/io.quarkus.quarkus-rest-jackson-common-3.30.5.jar
Admin UI E2E (chromium)	UNKNOWN STEP	2026-01-15T16:19:58.8069952Z keycloak-999.0.0-SNAPSHOT/lib/lib/main/org.jboss.invocation.jboss-invocation-2.0.0.Final.jar
Admin UI E2E (chromium)	UNKNOWN STEP	2026-01-15T16:19:58.8073979Z keycloak-999.0.0-SNAPSHOT/lib/lib/main/com.fasterxml.jackson.jakarta.rs.jackson-jakarta-rs-base-2.20.1.jar
Admin UI E2E (chromium)	UNKNOWN STEP	2026-01-15T16:19:58.8076794Z keycloak-999.0.0-SNAPSHOT/lib/lib/main/io.vertx.vertx-auth-common-4.5.23.jar
Admin UI E2E (chromium)	UNKNOWN STEP	2026-01-15T16:19:58.8086015Z keycloak-999.0.0-SNAPSHOT/lib/lib/main/org.keycloak.keycloak-services-999.0.0-SNAPSHOT.jar
Admin UI E2E (chromium)	UNKNOWN STEP	2026-01-15T16:19:58.8369171Z keycloak-999.0.0-SNAPSHOT/lib/lib/main/io.opentelemetry.opentelemetry-sdk-1.55.0.jar
Admin UI E2E (chromium)	UNKNOWN STEP	2026-01-15T16:19:58.8370864Z keycloak-999.0.0-SNAPSHOT/lib/lib/main/io.vertx.vertx-grpc-server-4.5.23.jar
Admin UI E2E (chromium)	UNKNOWN STEP	2026-01-15T16:19:58.8373286Z keycloak-999.0.0-SNAPSHOT/lib/lib/main/org.postgresql.postgresql-42.7.8.jar
Admin UI E2E (chromium)	UNKNOWN STEP	2026-01-15T16:19:58.8448502Z keycloak-999.0.0-SNAPSHOT/lib/lib/main/io.quarkus.quarkus-jdbc-mysql-3.30.5.jar
Admin UI E2E (chromium)	UNKNOWN STEP	2026-01-15T16:19:58.8449830Z keycloak-999.0.0-SNAPSHOT/lib/lib/main/org.infinispan.infinispan-api-16.0.5.jar
Admin UI E2E (chromium)	UNKNOWN STEP	2026-01-15T16:19:58.8458293Z keycloak-999.0.0-SNAPSHOT/lib/lib/main/org.wildfly.security.wildfly-elytron-sasl-scram-2.7.1.Final.jar
Admin UI E2E (chromium)	UNKNOWN STEP	2026-01-15T16:19:58.8459684Z keycloak-999.0.0-SNAPSHOT/lib/lib/main/jakarta.interceptor.jakarta.interceptor-api-2.2.0.jar
Admin UI E2E (chromium)	UNKNOWN STEP	2026-01-15T16:19:58.8460781Z keycloak-999.0.0-SNAPSHOT/lib/lib/main/org.antlr.antlr4-runtime-4.13.2.jar
Admin UI E2E (chromium)	UNKNOWN STEP	2026-01-15T16:19:58.8483991Z keycloak-999.0.0-SNAPSHOT/lib/lib/main/io.smallrye.reactive.smallrye-mutiny-vertx-runtime-3.21.3.jar
Admin UI E2E (chromium)	UNKNOWN STEP	2026-01-15T16:19:58.8486166Z keycloak-999.0.0-SNAPSHOT/lib/lib/main/org.keycloak.keycloak-crypto-fips1402-999.0.0-SNAPSHOT.jar
Admin UI E2E (chromium)	UNKNOWN STEP	2026-01-15T16:19:58.8490810Z keycloak-999.0.0-SNAPSHOT/lib/lib/main/org.wildfly.security.wildfly-elytron-mechanism-2.7.1.Final.jar
Admin UI E2E (chromium)	UNKNOWN STEP	2026-01-15T16:19:58.8493379Z keycloak-999.0.0-SNAPSHOT/lib/lib/main/io.quarkus.security.quarkus-security-2.2.1.jar
Admin UI E2E (chromium)	UNKNOWN STEP	2026-01-15T16:19:58.8495882Z keycloak-999.0.0-SNAPSHOT/lib/lib/main/io.smallrye.smallrye-open-api-core-4.2.3.jar
Admin UI E2E (chromium)	UNKNOWN STEP	2026-01-15T16:19:58.8538773Z keycloak-999.0.0-SNAPSHOT/lib/lib/main/jakarta.persistence.jakarta.persistence-api-3.2.0.jar
Admin UI E2E (chromium)	UNKNOWN STEP	2026-01-15T16:19:58.8552119Z keycloak-999.0.0-SNAPSHOT/lib/lib/main/io.smallrye.smallrye-health-api-4.3.0.jar
Admin UI E2E (chromium)	UNKNOWN STEP	2026-01-15T16:19:58.8553251Z keycloak-999.0.0-SNAPSHOT/lib/lib/main/org.keycloak.keycloak-core-999.0.0-SNAPSHOT.jar
Admin UI E2E (chromium)	UNKNOWN STEP	2026-01-15T16:19:58.8591084Z keycloak-999.0.0-SNAPSHOT/lib/lib/main/io.opentelemetry.opentelemetry-api-1.55.0.jar
Admin UI E2E (chromium)	UNKNOWN STEP	2026-01-15T16:19:58.8601583Z keycloak-999.0.0-SNAPSHOT/lib/lib/main/org.jboss.narayana.jts.narayana-jts-integration-7.3.3.Final.jar
Admin UI E2E (chromium)	UNKNOWN STEP	2026-01-15T16:19:58.8604003Z keycloak-999.0.0-SNAPSHOT/lib/lib/main/io.quarkus.quarkus-smallrye-openapi-3.30.5.jar
Admin UI E2E (chromium)	UNKNOWN STEP	2026-01-15T16:19:58.8607893Z keycloak-999.0.0-SNAPSHOT/lib/lib/main/io.quarkus.quarkus-micrometer-registry-prometheus-3.30.5.jar
Admin UI E2E (chromium)	UNKNOWN STEP	2026-01-15T16:19:58.8609286Z keycloak-999.0.0-SNAPSHOT/lib/lib/main/org.eclipse.microprofile.config.microprofile-config-api-3.1.jar
Admin UI E2E (chromium)	UNKNOWN STEP	2026-01-15T16:19:58.8610465Z keycloak-999.0.0-SNAPSHOT/lib/lib/main/com.h2database.h2-2.4.240.jar
Admin UI E2E (chromium)	UNKNOWN STEP	2026-01-15T16:19:58.8791224Z keycloak-999.0.0-SNAPSHOT/lib/lib/main/org.keycloak.keycloak-crypto-default-999.0.0-SNAPSHOT.jar
Admin UI E2E (chromium)	UNKNOWN STEP	2026-01-15T16:19:58.8793232Z keycloak-999.0.0-SNAPSHOT/lib/lib/main/io.netty.netty-resolver-dns-4.1.130.Final.jar
Admin UI E2E (chromium)	UNKNOWN STEP	2026-01-15T16:19:58.8806654Z keycloak-999.0.0-SNAPSHOT/lib/lib/main/net.java.dev.jna.jna-5.8.0.jar
Admin UI E2E (chromium)	UNKNOWN STEP	2026-01-15T16:19:58.8918394Z keycloak-999.0.0-SNAPSHOT/lib/lib/main/io.opentelemetry.instrumentation.opentelemetry-instrumentation-api-incubator-2.21.0-alpha.jar
Admin UI E2E (chromium)	UNKNOWN STEP	2026-01-15T16:19:58.8928941Z keycloak-999.0.0-SNAPSHOT/lib/lib/main/org.openjdk.nashorn.nashorn-core-15.4.jar
Admin UI E2E (chromium)	UNKNOWN STEP	2026-01-15T16:19:58.9075062Z keycloak-999.0.0-SNAPSHOT/lib/lib/main/io.quarkus.quarkus-jsonp-3.30.5.jar
Admin UI E2E (chromium)	UNKNOWN STEP	2026-01-15T16:19:58.9076560Z keycloak-999.0.0-SNAPSHOT/lib/lib/main/io.smallrye.smallrye-context-propagation-jta-2.3.0.jar
Admin UI E2E (chromium)	UNKNOWN STEP	2026-01-15T16:19:58.9078599Z keycloak-999.0.0-SNAPSHOT/lib/lib/main/org.jboss.logging.commons-logging-jboss-logging-1.0.0.Final.jar
Admin UI E2E (chromium)	UNKNOWN STEP	2026-01-15T16:19:58.9080292Z keycloak-999.0.0-SNAPSHOT/lib/lib/main/org.wildfly.security.wildfly-elytron-mechanism-digest-2.7.1.Final.jar
Admin UI E2E (chromium)	UNKNOWN STEP	2026-01-15T16:19:58.9081723Z keycloak-999.0.0-SNAPSHOT/lib/lib/main/io.smallrye.smallrye-context-propagation-api-2.3.0.jar
Admin UI E2E (chromium)	UNKNOWN STEP	2026-01-15T16:19:58.9082935Z keycloak-999.0.0-SNAPSHOT/lib/lib/main/org.infinispan.infinispan-commons-16.0.5.jar
Admin UI E2E (chromium)	UNKNOWN STEP	2026-01-15T16:19:58.9139665Z keycloak-999.0.0-SNAPSHOT/lib/lib/main/com.fasterxml.jackson.module.jackson-module-jakarta-xmlbind-annotations-2.20.1.jar
Admin UI E2E (chromium)	UNKNOWN STEP	2026-01-15T16:19:58.9141488Z keycloak-999.0.0-SNAPSHOT/lib/lib/main/org.keycloak.keycloak-ipatuura-federation-999.0.0-SNAPSHOT.jar
Admin UI E2E (chromium)	UNKNOWN STEP	2026-01-15T16:19:58.9143508Z keycloak-999.0.0-SNAPSHOT/lib/lib/main/org.infinispan.infinispan-multimap-16.0.5.jar
Admin UI E2E (chromium)	UNKNOWN STEP	2026-01-15T16:19:58.9162595Z keycloak-999.0.0-SNAPSHOT/lib/lib/main/io.quarkus.quarkus-datasource-3.30.5.jar
Admin UI E2E (chromium)	UNKNOWN STEP	2026-01-15T16:19:58.9165043Z keycloak-999.0.0-SNAPSHOT/lib/lib/main/org.wildfly.security.wildfly-elytron-security-manager-action-2.7.1.Final.jar
Admin UI E2E (chromium)	UNKNOWN STEP	2026-01-15T16:19:58.9166633Z keycloak-999.0.0-SNAPSHOT/lib/lib/main/org.wildfly.security.wildfly-elytron-credential-2.7.1.Final.jar
Admin UI E2E (chromium)	UNKNOWN STEP	2026-01-15T16:19:58.9176178Z keycloak-999.0.0-SNAPSHOT/lib/lib/main/net.bytebuddy.byte-buddy-1.17.6.jar
Admin UI E2E (chromium)	UNKNOWN STEP	2026-01-15T16:19:58.9783610Z keycloak-999.0.0-SNAPSHOT/lib/lib/main/com.googlecode.owasp-java-html-sanitizer.java10-shim-20260101.1.jar
Admin UI E2E (chromium)	UNKNOWN STEP	2026-01-15T16:19:58.9785183Z keycloak-999.0.0-SNAPSHOT/lib/lib/main/org.infinispan.protostream.protostream-types-6.0.3.jar
Admin UI E2E (chromium)	UNKNOWN STEP	2026-01-15T16:19:58.9795947Z keycloak-999.0.0-SNAPSHOT/lib/lib/main/io.setl.rdf-urdna-1.1.jar
Admin UI E2E (chromium)	UNKNOWN STEP	2026-01-15T16:19:58.9797259Z keycloak-999.0.0-SNAPSHOT/lib/lib/main/io.smallrye.reactive.mutiny-3.1.0.jar
Admin UI E2E (chromium)	UNKNOWN STEP	2026-01-15T16:19:58.9857530Z keycloak-999.0.0-SNAPSHOT/lib/lib/main/io.opentelemetry.opentelemetry-exporter-otlp-common-1.55.0.jar
Admin UI E2E (chromium)	UNKNOWN STEP	2026-01-15T16:19:58.9869901Z keycloak-999.0.0-SNAPSHOT/lib/lib/main/io.quarkus.quarkus-hibernate-validator-3.30.5.jar
Admin UI E2E (chromium)	UNKNOWN STEP	2026-01-15T16:19:58.9876407Z keycloak-999.0.0-SNAPSHOT/lib/lib/main/org.wildfly.security.wildfly-elytron-password-impl-2.7.1.Final.jar
Admin UI E2E (chromium)	UNKNOWN STEP	2026-01-15T16:19:58.9882892Z keycloak-999.0.0-SNAPSHOT/lib/lib/main/org.bouncycastle.bcprov-jdk18on-1.82.jar
Admin UI E2E (chromium)	UNKNOWN STEP	2026-01-15T16:19:59.0363061Z keycloak-999.0.0-SNAPSHOT/lib/lib/main/io.quarkus.quarkus-jdbc-mssql-3.30.5.jar
Admin UI E2E (chromium)	UNKNOWN STEP	2026-01-15T16:19:59.0364212Z keycloak-999.0.0-SNAPSHOT/lib/lib/main/io.quarkus.quarkus-datasource-common-3.30.5.jar
Admin UI E2E (chromium)	UNKNOWN STEP	2026-01-15T16:19:59.0365289Z keycloak-999.0.0-SNAPSHOT/lib/lib/main/io.agroal.agroal-api-2.8.jar
Admin UI E2E (chromium)	UNKNOWN STEP	2026-01-15T16:19:59.0369621Z keycloak-999.0.0-SNAPSHOT/lib/lib/main/org.ow2.asm.asm-9.9.jar
Admin UI E2E (chromium)	UNKNOWN STEP	2026-01-15T16:19:59.0376524Z keycloak-999.0.0-SNAPSHOT/lib/lib/main/jakarta.transaction.jakarta.transaction-api-2.0.1.jar
Admin UI E2E (chromium)	UNKNOWN STEP	2026-01-15T16:19:59.0378618Z keycloak-999.0.0-SNAPSHOT/lib/lib/main/io.smallrye.reactive.mutiny-smallrye-context-propagation-3.1.0.jar
Admin UI E2E (chromium)	UNKNOWN STEP	2026-01-15T16:19:59.0381368Z keycloak-999.0.0-SNAPSHOT/lib/lib/main/jakarta.enterprise.jakarta.enterprise.lang-model-4.1.0.jar
Admin UI E2E (chromium)	UNKNOWN STEP	2026-01-15T16:19:59.0383766Z keycloak-999.0.0-SNAPSHOT/lib/lib/main/io.netty.netty-transport-4.1.130.Final.jar
Admin UI E2E (chromium)	UNKNOWN STEP	2026-01-15T16:19:59.0416728Z keycloak-999.0.0-SNAPSHOT/lib/lib/main/org.wildfly.security.wildfly-elytron-x500-cert-2.7.1.Final.jar
Admin UI E2E (chromium)	UNKNOWN STEP	2026-01-15T16:19:59.0421231Z keycloak-999.0.0-SNAPSHOT/lib/lib/main/io.quarkus.quarkus-rest-3.30.5.jar
Admin UI E2E (chromium)	UNKNOWN STEP	2026-01-15T16:19:59.0429370Z keycloak-999.0.0-SNAPSHOT/lib/lib/main/com.fasterxml.classmate-1.7.1.jar
Admin UI E2E (chromium)	UNKNOWN STEP	2026-01-15T16:19:59.0433989Z keycloak-999.0.0-SNAPSHOT/lib/lib/main/org.keycloak.keycloak-common-999.0.0-SNAPSHOT.jar
Admin UI E2E (chromium)	UNKNOWN STEP	2026-01-15T16:19:59.0446703Z keycloak-999.0.0-SNAPSHOT/lib/lib/main/org.jboss.threads.jboss-threads-3.9.2.jar
Admin UI E2E (chromium)	UNKNOWN STEP	2026-01-15T16:19:59.0455285Z keycloak-999.0.0-SNAPSHOT/lib/lib/main/io.quarkus.quarkus-reactive-routes-3.30.5.jar
Admin UI E2E (chromium)	UNKNOWN STEP	2026-01-15T16:19:59.0460311Z keycloak-999.0.0-SNAPSHOT/lib/lib/main/io.netty.netty-transport-native-epoll-4.1.130.Final-linux-x86_64.jar
Admin UI E2E (chromium)	UNKNOWN STEP	2026-01-15T16:19:59.0462085Z keycloak-999.0.0-SNAPSHOT/lib/lib/main/io.smallrye.config.smallrye-config-3.14.1.jar
Admin UI E2E (chromium)	UNKNOWN STEP	2026-01-15T16:19:59.0466353Z keycloak-999.0.0-SNAPSHOT/lib/lib/main/io.quarkus.quarkus-jdbc-postgresql-3.30.5.jar
Admin UI E2E (chromium)	UNKNOWN STEP	2026-01-15T16:19:59.0467497Z keycloak-999.0.0-SNAPSHOT/lib/lib/main/io.quarkus.quarkus-websockets-next-spi-3.30.5.jar
Admin UI E2E (chromium)	UNKNOWN STEP	2026-01-15T16:19:59.0468851Z keycloak-999.0.0-SNAPSHOT/lib/lib/main/org.keycloak.keycloak-server-spi-private-999.0.0-SNAPSHOT.jar
Admin UI E2E (chromium)	UNKNOWN STEP	2026-01-15T16:19:59.0523882Z keycloak-999.0.0-SNAPSHOT/lib/lib/main/com.google.code.gson.gson-2.13.2.jar
Admin UI E2E (chromium)	UNKNOWN STEP	2026-01-15T16:19:59.0542701Z keycloak-999.0.0-SNAPSHOT/lib/lib/main/com.fasterxml.jackson.dataformat.jackson-dataformat-yaml-2.20.1.jar
Admin UI E2E (chromium)	UNKNOWN STEP	2026-01-15T16:19:59.0546851Z keycloak-999.0.0-SNAPSHOT/lib/lib/main/org.hdrhistogram.HdrHistogram-2.2.2.jar
Admin UI E2E (chromium)	UNKNOWN STEP	2026-01-15T16:19:59.0557930Z keycloak-999.0.0-SNAPSHOT/lib/lib/main/io.quarkus.resteasy.reactive.resteasy-reactive-common-types-3.30.5.jar
Admin UI E2E (chromium)	UNKNOWN STEP	2026-01-15T16:19:59.0559246Z keycloak-999.0.0-SNAPSHOT/lib/lib/main/io.quarkus.quarkus-mutiny-3.30.5.jar
Admin UI E2E (chromium)	UNKNOWN STEP	2026-01-15T16:19:59.0560428Z keycloak-999.0.0-SNAPSHOT/lib/lib/main/io.quarkus.quarkus-narayana-jta-3.30.5.jar
Admin UI E2E (chromium)	UNKNOWN STEP	2026-01-15T16:19:59.0566623Z keycloak-999.0.0-SNAPSHOT/lib/lib/main/io.opentelemetry.semconv.opentelemetry-semconv-1.37.0.jar
Admin UI E2E (chromium)	UNKNOWN STEP	2026-01-15T16:19:59.0568681Z keycloak-999.0.0-SNAPSHOT/lib/lib/main/io.reactivex.rxjava3.rxjava-3.1.12.jar
Admin UI E2E (chromium)	UNKNOWN STEP	2026-01-15T16:19:59.0729080Z keycloak-999.0.0-SNAPSHOT/lib/lib/main/jakarta.annotation.jakarta.annotation-api-3.0.0.jar
Admin UI E2E (chromium)	UNKNOWN STEP	2026-01-15T16:19:59.0731614Z keycloak-999.0.0-SNAPSHOT/lib/lib/main/jakarta.activation.jakarta.activation-api-2.1.4.jar
Admin UI E2E (chromium)	UNKNOWN STEP	2026-01-15T16:19:59.0735749Z keycloak-999.0.0-SNAPSHOT/lib/lib/main/io.netty.netty-codec-dns-4.1.130.Final.jar
Admin UI E2E (chromium)	UNKNOWN STEP	2026-01-15T16:19:59.0740609Z keycloak-999.0.0-SNAPSHOT/lib/lib/main/org.eclipse.microprofile.openapi.microprofile-openapi-api-4.1.1.jar
Admin UI E2E (chromium)	UNKNOWN STEP	2026-01-15T16:19:59.0746580Z keycloak-999.0.0-SNAPSHOT/lib/lib/main/org.jctools.jctools-core-4.0.5.jar
Admin UI E2E (chromium)	UNKNOWN STEP	2026-01-15T16:19:59.0776869Z keycloak-999.0.0-SNAPSHOT/lib/lib/main/com.sun.istack.istack-commons-runtime-3.0.10.jar
Admin UI E2E (chromium)	UNKNOWN STEP	2026-01-15T16:19:59.0778468Z keycloak-999.0.0-SNAPSHOT/lib/lib/main/org.bouncycastle.bcutil-jdk18on-1.82.jar
Admin UI E2E (chromium)	UNKNOWN STEP	2026-01-15T16:19:59.0822610Z keycloak-999.0.0-SNAPSHOT/lib/lib/main/io.smallrye.reactive.mutiny-zero-flow-adapters-1.1.1.jar
Admin UI E2E (chromium)	UNKNOWN STEP	2026-01-15T16:19:59.0823669Z keycloak-999.0.0-SNAPSHOT/lib/lib/main/jakarta.resource.jakarta.resource-api-2.1.0.jar
Admin UI E2E (chromium)	UNKNOWN STEP	2026-01-15T16:19:59.0826541Z keycloak-999.0.0-SNAPSHOT/lib/lib/main/io.grpc.grpc-api-1.76.0.jar
Admin UI E2E (chromium)	UNKNOWN STEP	2026-01-15T16:19:59.0847583Z keycloak-999.0.0-SNAPSHOT/lib/lib/main/com.googlecode.owasp-java-html-sanitizer.owasp-java-html-sanitizer-20260101.1.jar
Admin UI E2E (chromium)	UNKNOWN STEP	2026-01-15T16:19:59.0864273Z keycloak-999.0.0-SNAPSHOT/lib/lib/main/org.hibernate.orm.hibernate-graalvm-7.1.11.Final.jar
Admin UI E2E (chromium)	UNKNOWN STEP	2026-01-15T16:19:59.0865365Z keycloak-999.0.0-SNAPSHOT/lib/lib/main/org.ow2.asm.asm-tree-9.9.jar
Admin UI E2E (chromium)	UNKNOWN STEP	2026-01-15T16:19:59.0869073Z keycloak-999.0.0-SNAPSHOT/lib/lib/main/io.opentelemetry.instrumentation.opentelemetry-instrumentation-api-2.21.0.jar
Admin UI E2E (chromium)	UNKNOWN STEP	2026-01-15T16:19:59.0882899Z keycloak-999.0.0-SNAPSHOT/lib/lib/main/io.grpc.grpc-netty-1.76.0.jar
Admin UI E2E (chromium)	UNKNOWN STEP	2026-01-15T16:19:59.0901690Z keycloak-999.0.0-SNAPSHOT/lib/lib/main/org.ow2.asm.asm-analysis-9.9.jar
Admin UI E2E (chromium)	UNKNOWN STEP	2026-01-15T16:19:59.0904225Z keycloak-999.0.0-SNAPSHOT/lib/lib/main/io.netty.netty-resolver-4.1.130.Final.jar
Admin UI E2E (chromium)	UNKNOWN STEP	2026-01-15T16:19:59.0908201Z keycloak-999.0.0-SNAPSHOT/lib/lib/main/io.smallrye.common.smallrye-common-vertx-context-2.14.0.jar
Admin UI E2E (chromium)	UNKNOWN STEP	2026-01-15T16:19:59.0909288Z keycloak-999.0.0-SNAPSHOT/lib/lib/main/org.wildfly.security.wildfly-elytron-sasl-gs2-2.7.1.Final.jar
Admin UI E2E (chromium)	UNKNOWN STEP	2026-01-15T16:19:59.0910805Z keycloak-999.0.0-SNAPSHOT/lib/lib/main/io.netty.netty-handler-4.1.130.Final.jar
Admin UI E2E (chromium)	UNKNOWN STEP	2026-01-15T16:19:59.0945557Z keycloak-999.0.0-SNAPSHOT/lib/lib/main/org.infinispan.infinispan-cachestore-remote-16.0.5.jar
Admin UI E2E (chromium)	UNKNOWN STEP	2026-01-15T16:19:59.0956194Z keycloak-999.0.0-SNAPSHOT/lib/lib/main/com.googlecode.owasp-java-html-sanitizer.java8-shim-20260101.1.jar
Admin UI E2E (chromium)	UNKNOWN STEP	2026-01-15T16:19:59.0957396Z keycloak-999.0.0-SNAPSHOT/lib/lib/main/org.hibernate.orm.hibernate-community-dialects-7.1.11.Final.jar
Admin UI E2E (chromium)	UNKNOWN STEP	2026-01-15T16:19:59.1005183Z keycloak-999.0.0-SNAPSHOT/lib/lib/main/io.smallrye.smallrye-context-propagation-storage-2.3.0.jar
Admin UI E2E (chromium)	UNKNOWN STEP	2026-01-15T16:19:59.1007426Z keycloak-999.0.0-SNAPSHOT/lib/lib/main/io.opentelemetry.instrumentation.opentelemetry-runtime-telemetry-java8-2.21.0-alpha.jar
Admin UI E2E (chromium)	UNKNOWN STEP	2026-01-15T16:19:59.1009327Z keycloak-999.0.0-SNAPSHOT/lib/lib/main/io.smallrye.common.smallrye-common-classloader-2.14.0.jar
Admin UI E2E (chromium)	UNKNOWN STEP	2026-01-15T16:19:59.1010714Z keycloak-999.0.0-SNAPSHOT/lib/lib/main/org.jboss.narayana.jta.narayana-jta-7.3.3.Final.jar
Admin UI E2E (chromium)	UNKNOWN STEP	2026-01-15T16:19:59.1075662Z keycloak-999.0.0-SNAPSHOT/lib/lib/main/io.quarkus.quarkus-jdbc-oracle-3.30.5.jar
Admin UI E2E (chromium)	UNKNOWN STEP	2026-01-15T16:19:59.1076511Z keycloak-999.0.0-SNAPSHOT/lib/lib/main/io.grpc.grpc-core-1.76.0.jar
Admin UI E2E (chromium)	UNKNOWN STEP	2026-01-15T16:19:59.1116999Z keycloak-999.0.0-SNAPSHOT/lib/lib/main/io.opentelemetry.opentelemetry-context-1.55.0.jar
Admin UI E2E (chromium)	UNKNOWN STEP	2026-01-15T16:19:59.1121168Z keycloak-999.0.0-SNAPSHOT/lib/lib/main/commons-codec.commons-codec-1.20.0.jar
Admin UI E2E (chromium)	UNKNOWN STEP	2026-01-15T16:19:59.1145630Z keycloak-999.0.0-SNAPSHOT/lib/lib/main/com.microsoft.sqlserver.mssql-jdbc-13.2.1.jre11.jar
Admin UI E2E (chromium)	UNKNOWN STEP	2026-01-15T16:19:59.1221824Z keycloak-999.0.0-SNAPSHOT/lib/lib/main/io.quarkus.quarkus-vertx-3.30.5.jar
Admin UI E2E (chromium)	UNKNOWN STEP	2026-01-15T16:19:59.1230397Z keycloak-999.0.0-SNAPSHOT/lib/lib/main/io.grpc.grpc-stub-1.76.0.jar
Admin UI E2E (chromium)	UNKNOWN STEP	2026-01-15T16:19:59.1234826Z keycloak-999.0.0-SNAPSHOT/lib/lib/main/org.keycloak.keycloak-themes-999.0.0-SNAPSHOT.jar
Admin UI E2E (chromium)	UNKNOWN STEP	2026-01-15T16:19:59.1298100Z keycloak-999.0.0-SNAPSHOT/lib/lib/main/com.fasterxml.jackson.jakarta.rs.jackson-jakarta-rs-yaml-provider-2.20.1.jar
Admin UI E2E (chromium)	UNKNOWN STEP	2026-01-15T16:19:59.1299837Z keycloak-999.0.0-SNAPSHOT/lib/lib/main/io.prometheus.simpleclient_tracer_otel_agent-0.16.0.jar
Admin UI E2E (chromium)	UNKNOWN STEP	2026-01-15T16:19:59.1300800Z keycloak-999.0.0-SNAPSHOT/lib/lib/main/io.quarkus.quarkus-smallrye-health-3.30.5.jar
Admin UI E2E (chromium)	UNKNOWN STEP	2026-01-15T16:19:59.1301844Z keycloak-999.0.0-SNAPSHOT/lib/lib/main/org.jboss.jboss-transaction-spi-8.0.0.Final.jar
Admin UI E2E (chromium)	UNKNOWN STEP	2026-01-15T16:19:59.1302885Z keycloak-999.0.0-SNAPSHOT/lib/lib/main/io.quarkus.quarkus-hibernate-orm-3.30.5.jar
Admin UI E2E (chromium)	UNKNOWN STEP	2026-01-15T16:19:59.1323613Z keycloak-999.0.0-SNAPSHOT/lib/lib/main/io.quarkus.quarkus-caffeine-3.30.5.jar
Admin UI E2E (chromium)	UNKNOWN STEP	2026-01-15T16:19:59.1324643Z keycloak-999.0.0-SNAPSHOT/lib/lib/main/org.glassfish.jaxb.jaxb-core-4.0.6.jar
Admin UI E2E (chromium)	UNKNOWN STEP	2026-01-15T16:19:59.1332168Z keycloak-999.0.0-SNAPSHOT/lib/lib/main/org.wildfly.security.wildfly-elytron-asn1-2.7.1.Final.jar
Admin UI E2E (chromium)	UNKNOWN STEP	2026-01-15T16:19:59.1334447Z keycloak-999.0.0-SNAPSHOT/lib/lib/main/org.jgroups.jgroups-5.5.1.Final.jar
Admin UI E2E (chromium)	UNKNOWN STEP	2026-01-15T16:19:59.1484838Z keycloak-999.0.0-SNAPSHOT/lib/lib/main/io.quarkus.quarkus-smallrye-context-propagation-3.30.5.jar
Admin UI E2E (chromium)	UNKNOWN STEP	2026-01-15T16:19:59.1487136Z keycloak-999.0.0-SNAPSHOT/lib/lib/main/jakarta.mail.jakarta.mail-api-2.1.1.jar
Admin UI E2E (chromium)	UNKNOWN STEP	2026-01-15T16:19:59.1501690Z keycloak-999.0.0-SNAPSHOT/lib/lib/main/org.keycloak.keycloak-quarkus-server-999.0.0-SNAPSHOT.jar
Admin UI E2E (chromium)	UNKNOWN STEP	2026-01-15T16:19:59.1527013Z keycloak-999.0.0-SNAPSHOT/lib/lib/main/io.opentelemetry.instrumentation.opentelemetry-instrumentation-annotations-support-2.21.0-alpha.jar
Admin UI E2E (chromium)	UNKNOWN STEP	2026-01-15T16:19:59.1528785Z keycloak-999.0.0-SNAPSHOT/lib/lib/main/org.apache.httpcomponents.httpclient-4.5.14.jar
Admin UI E2E (chromium)	UNKNOWN STEP	2026-01-15T16:19:59.1576462Z keycloak-999.0.0-SNAPSHOT/lib/lib/main/io.quarkus.arc.arc-3.30.5.jar
Admin UI E2E (chromium)	UNKNOWN STEP	2026-01-15T16:19:59.1595223Z keycloak-999.0.0-SNAPSHOT/lib/lib/main/io.quarkus.resteasy.reactive.resteasy-reactive-jackson-3.30.5.jar
Admin UI E2E (chromium)	UNKNOWN STEP	2026-01-15T16:19:59.1597666Z keycloak-999.0.0-SNAPSHOT/lib/lib/main/io.opentelemetry.semconv.opentelemetry-semconv-incubating-1.37.0-alpha.jar
Admin UI E2E (chromium)	UNKNOWN STEP	2026-01-15T16:19:59.1607415Z keycloak-999.0.0-SNAPSHOT/lib/lib/main/com.sun.xml.messaging.saaj.saaj-impl-2.0.1.jar
Admin UI E2E (chromium)	UNKNOWN STEP	2026-01-15T16:19:59.1635741Z keycloak-999.0.0-SNAPSHOT/lib/lib/main/io.quarkus.quarkus-virtual-threads-3.30.5.jar
Admin UI E2E (chromium)	UNKNOWN STEP	2026-01-15T16:19:59.1638324Z keycloak-999.0.0-SNAPSHOT/lib/lib/main/org.wildfly.security.wildfly-elytron-sasl-digest-2.7.1.Final.jar
Admin UI E2E (chromium)	UNKNOWN STEP	2026-01-15T16:19:59.1640740Z keycloak-999.0.0-SNAPSHOT/lib/lib/main/io.quarkus.quarkus-grpc-common-3.30.5.jar
Admin UI E2E (chromium)	UNKNOWN STEP	2026-01-15T16:19:59.1642136Z keycloak-999.0.0-SNAPSHOT/lib/lib/main/org.wildfly.security.wildfly-elytron-sasl-external-2.7.1.Final.jar
Admin UI E2E (chromium)	UNKNOWN STEP	2026-01-15T16:19:59.1643262Z keycloak-999.0.0-SNAPSHOT/lib/lib/main/org.glassfish.jaxb.txw2-4.0.6.jar
Admin UI E2E (chromium)	UNKNOWN STEP	2026-01-15T16:19:59.1648155Z keycloak-999.0.0-SNAPSHOT/lib/lib/main/io.smallrye.smallrye-fault-tolerance-vertx-6.9.3.jar
Admin UI E2E (chromium)	UNKNOWN STEP	2026-01-15T16:19:59.1649643Z keycloak-999.0.0-SNAPSHOT/lib/lib/main/io.smallrye.certs.smallrye-private-key-pem-parser-0.9.2.jar
Admin UI E2E (chromium)	UNKNOWN STEP	2026-01-15T16:19:59.1650621Z keycloak-999.0.0-SNAPSHOT/lib/lib/main/io.vertx.vertx-core-4.5.23.jar
Admin UI E2E (chromium)	UNKNOWN STEP	2026-01-15T16:19:59.1754565Z keycloak-999.0.0-SNAPSHOT/lib/lib/main/io.agroal.agroal-pool-2.8.jar
Admin UI E2E (chromium)	UNKNOWN STEP	2026-01-15T16:19:59.1763350Z keycloak-999.0.0-SNAPSHOT/lib/lib/main/io.smallrye.smallrye-open-api-model-4.2.3.jar
Admin UI E2E (chromium)	UNKNOWN STEP	2026-01-15T16:19:59.1765884Z keycloak-999.0.0-SNAPSHOT/lib/lib/main/io.quarkus.quarkus-logging-json-3.30.5.jar
Admin UI E2E (chromium)	UNKNOWN STEP	2026-01-15T16:19:59.1768147Z keycloak-999.0.0-SNAPSHOT/lib/lib/main/io.opentelemetry.opentelemetry-sdk-common-1.55.0.jar
Admin UI E2E (chromium)	UNKNOWN STEP	2026-01-15T16:19:59.1772660Z keycloak-999.0.0-SNAPSHOT/lib/lib/main/io.opentelemetry.opentelemetry-sdk-metrics-1.55.0.jar
Admin UI E2E (chromium)	UNKNOWN STEP	2026-01-15T16:19:59.1792853Z keycloak-999.0.0-SNAPSHOT/lib/lib/main/io.quarkus.quarkus-security-runtime-spi-3.30.5.jar
Admin UI E2E (chromium)	UNKNOWN STEP	2026-01-15T16:19:59.1795097Z keycloak-999.0.0-SNAPSHOT/lib/lib/main/jakarta.el.jakarta.el-api-6.0.1.jar
Admin UI E2E (chromium)	UNKNOWN STEP	2026-01-15T16:19:59.1801773Z keycloak-999.0.0-SNAPSHOT/lib/lib/main/jakarta.enterprise.jakarta.enterprise.cdi-api-4.1.0.jar
Admin UI E2E (chromium)	UNKNOWN STEP	2026-01-15T16:19:59.1811634Z keycloak-999.0.0-SNAPSHOT/lib/lib/main/org.ow2.asm.asm-util-9.9.jar
Admin UI E2E (chromium)	UNKNOWN STEP	2026-01-15T16:19:59.1818074Z keycloak-999.0.0-SNAPSHOT/lib/lib/main/io.smallrye.reactive.smallrye-mutiny-vertx-web-3.21.3.jar
Admin UI E2E (chromium)	UNKNOWN STEP	2026-01-15T16:19:59.1827181Z keycloak-999.0.0-SNAPSHOT/lib/lib/main/io.opentelemetry.instrumentation.opentelemetry-micrometer-1.5-2.21.0-alpha.jar
Admin UI E2E (chromium)	UNKNOWN STEP	2026-01-15T16:19:59.1831011Z keycloak-999.0.0-SNAPSHOT/lib/lib/main/org.liquibase.liquibase-core-4.33.0.jar
Admin UI E2E (chromium)	UNKNOWN STEP	2026-01-15T16:19:59.2029619Z keycloak-999.0.0-SNAPSHOT/lib/lib/main/com.github.ua-parser.uap-java-1.6.1.jar
Admin UI E2E (chromium)	UNKNOWN STEP	2026-01-15T16:19:59.2034109Z keycloak-999.0.0-SNAPSHOT/lib/lib/main/org.keycloak.keycloak-admin-v2-rest-999.0.0-SNAPSHOT.jar
Admin UI E2E (chromium)	UNKNOWN STEP	2026-01-15T16:19:59.2035540Z keycloak-999.0.0-SNAPSHOT/lib/lib/main/io.opentelemetry.opentelemetry-exporter-otlp-1.55.0.jar
Admin UI E2E (chromium)	UNKNOWN STEP	2026-01-15T16:19:59.2040349Z keycloak-999.0.0-SNAPSHOT/lib/lib/main/jakarta.ws.rs.jakarta.ws.rs-api-3.1.0.jar
Admin UI E2E (chromium)	UNKNOWN STEP	2026-01-15T16:19:59.2050867Z keycloak-999.0.0-SNAPSHOT/lib/lib/main/com.fasterxml.jackson.core.jackson-core-2.20.1.jar
Admin UI E2E (chromium)	UNKNOWN STEP	2026-01-15T16:19:59.2087304Z keycloak-999.0.0-SNAPSHOT/lib/lib/main/io.agroal.agroal-narayana-2.8.jar
Admin UI E2E (chromium)	UNKNOWN STEP	2026-01-15T16:19:59.2088200Z keycloak-999.0.0-SNAPSHOT/lib/lib/main/org.eclipse.angus.angus-activation-2.0.3.jar
Admin UI E2E (chromium)	UNKNOWN STEP	2026-01-15T16:19:59.2090488Z keycloak-999.0.0-SNAPSHOT/lib/lib/main/org.wildfly.security.wildfly-elytron-util-2.7.1.Final.jar
Admin UI E2E (chromium)	UNKNOWN STEP	2026-01-15T16:19:59.2092598Z keycloak-999.0.0-SNAPSHOT/lib/lib/main/io.opentelemetry.opentelemetry-api-incubator-1.55.0-alpha.jar
Admin UI E2E (chromium)	UNKNOWN STEP	2026-01-15T16:19:59.2099174Z keycloak-999.0.0-SNAPSHOT/lib/lib/main/org.infinispan.infinispan-client-hotrod-16.0.5.jar
Admin UI E2E (chromium)	UNKNOWN STEP	2026-01-15T16:19:59.2148151Z keycloak-999.0.0-SNAPSHOT/lib/lib/main/org.apache.commons.commons-lang3-3.19.0.jar
Admin UI E2E (chromium)	UNKNOWN STEP	2026-01-15T16:19:59.2192957Z keycloak-999.0.0-SNAPSHOT/lib/lib/main/io.opentelemetry.opentelemetry-exporter-common-1.55.0.jar
Admin UI E2E (chromium)	UNKNOWN STEP	2026-01-15T16:19:59.2201615Z keycloak-999.0.0-SNAPSHOT/lib/lib/main/io.quarkus.quarkus-micrometer-3.30.5.jar
Admin UI E2E (chromium)	UNKNOWN STEP	2026-01-15T16:19:59.2218114Z keycloak-999.0.0-SNAPSHOT/lib/lib/main/org.wildfly.security.wildfly-elytron-sasl-gssapi-2.7.1.Final.jar
Admin UI E2E (chromium)	UNKNOWN STEP	2026-01-15T16:19:59.2220340Z keycloak-999.0.0-SNAPSHOT/lib/lib/main/com.webauthn4j.webauthn4j-core-0.29.3.RELEASE.jar
Admin UI E2E (chromium)	UNKNOWN STEP	2026-01-15T16:19:59.2254632Z keycloak-999.0.0-SNAPSHOT/lib/lib/main/org.hibernate.orm.hibernate-core-7.1.11.Final.jar
Admin UI E2E (chromium)	UNKNOWN STEP	2026-01-15T16:19:59.3101855Z keycloak-999.0.0-SNAPSHOT/lib/lib/main/io.prometheus.simpleclient_tracer_common-0.16.0.jar
Admin UI E2E (chromium)	UNKNOWN STEP	2026-01-15T16:19:59.3103151Z keycloak-999.0.0-SNAPSHOT/lib/lib/main/com.mysql.mysql-connector-j-8.3.0.jar
Admin UI E2E (chromium)	UNKNOWN STEP	2026-01-15T16:19:59.3257515Z keycloak-999.0.0-SNAPSHOT/lib/lib/main/io.prometheus.simpleclient-0.16.0.jar
Admin UI E2E (chromium)	UNKNOWN STEP	2026-01-15T16:19:59.3262279Z keycloak-999.0.0-SNAPSHOT/lib/lib/main/com.aayushatharva.brotli4j.native-linux-x86_64-1.16.0.jar
Admin UI E2E (chromium)	UNKNOWN STEP	2026-01-15T16:19:59.3282916Z keycloak-999.0.0-SNAPSHOT/lib/lib/main/org.wildfly.security.wildfly-elytron-sasl-2.7.1.Final.jar
Admin UI E2E (chromium)	UNKNOWN STEP	2026-01-15T16:19:59.3293844Z keycloak-999.0.0-SNAPSHOT/lib/lib/main/org.eclipse.microprofile.reactive-streams-operators.microprofile-reactive-streams-operators-api-3.0.1.jar
Admin UI E2E (chromium)	UNKNOWN STEP	2026-01-15T16:19:59.3297703Z keycloak-999.0.0-SNAPSHOT/lib/lib/main/io.smallrye.reactive.smallrye-reactive-converter-mutiny-3.0.3.jar
Admin UI E2E (chromium)	UNKNOWN STEP	2026-01-15T16:19:59.3298971Z keycloak-999.0.0-SNAPSHOT/lib/lib/main/org.apache.httpcomponents.httpcore-4.4.16.jar
Admin UI E2E (chromium)	UNKNOWN STEP	2026-01-15T16:19:59.3318781Z keycloak-999.0.0-SNAPSHOT/lib/lib/main/commons-io.commons-io-2.21.0.jar
Admin UI E2E (chromium)	UNKNOWN STEP	2026-01-15T16:19:59.3355694Z keycloak-999.0.0-SNAPSHOT/lib/lib/main/org.wildfly.security.wildfly-elytron-permission-2.7.1.Final.jar
Admin UI E2E (chromium)	UNKNOWN STEP	2026-01-15T16:19:59.3359914Z keycloak-999.0.0-SNAPSHOT/lib/lib/main/org.keycloak.keycloak-admin-ui-999.0.0-SNAPSHOT.jar
Admin UI E2E (chromium)	UNKNOWN STEP	2026-01-15T16:19:59.3644147Z keycloak-999.0.0-SNAPSHOT/lib/lib/main/io.micrometer.micrometer-core-1.14.7.jar
Admin UI E2E (chromium)	UNKNOWN STEP	2026-01-15T16:19:59.3697988Z keycloak-999.0.0-SNAPSHOT/lib/lib/main/org.mariadb.jdbc.mariadb-java-client-3.5.6.jar
Admin UI E2E (chromium)	UNKNOWN STEP	2026-01-15T16:19:59.3745290Z keycloak-999.0.0-SNAPSHOT/lib/lib/main/io.smallrye.reactive.smallrye-mutiny-vertx-bridge-common-3.21.3.jar
Admin UI E2E (chromium)	UNKNOWN STEP	2026-01-15T16:19:59.3746553Z keycloak-999.0.0-SNAPSHOT/lib/lib/main/io.netty.netty-codec-http2-4.1.130.Final.jar
Admin UI E2E (chromium)	UNKNOWN STEP	2026-01-15T16:19:59.3777269Z keycloak-999.0.0-SNAPSHOT/lib/lib/main/io.smallrye.config.smallrye-config-core-3.14.1.jar
Admin UI E2E (chromium)	UNKNOWN STEP	2026-01-15T16:19:59.3800108Z keycloak-999.0.0-SNAPSHOT/lib/lib/main/org.wildfly.security.wildfly-elytron-mechanism-gssapi-2.7.1.Final.jar
Admin UI E2E (chromium)	UNKNOWN STEP	2026-01-15T16:19:59.3801519Z keycloak-999.0.0-SNAPSHOT/lib/lib/main/org.wildfly.security.wildfly-elytron-x500-2.7.1.Final.jar
Admin UI E2E (chromium)	UNKNOWN STEP	2026-01-15T16:19:59.3804483Z keycloak-999.0.0-SNAPSHOT/lib/lib/main/io.vertx.vertx-grpc-common-4.5.23.jar
Admin UI E2E (chromium)	UNKNOWN STEP	2026-01-15T16:19:59.3806694Z keycloak-999.0.0-SNAPSHOT/lib/lib/main/io.quarkus.quarkus-jackson-3.30.5.jar
Admin UI E2E (chromium)	UNKNOWN STEP	2026-01-15T16:19:59.3808402Z keycloak-999.0.0-SNAPSHOT/lib/lib/main/io.opentelemetry.instrumentation.opentelemetry-runtime-telemetry-java17-2.21.0-alpha.jar
Admin UI E2E (chromium)	UNKNOWN STEP	2026-01-15T16:19:59.3812241Z keycloak-999.0.0-SNAPSHOT/lib/lib/main/io.opentelemetry.opentelemetry-sdk-trace-1.55.0.jar
Admin UI E2E (chromium)	UNKNOWN STEP	2026-01-15T16:19:59.3820682Z keycloak-999.0.0-SNAPSHOT/lib/lib/main/io.smallrye.config.smallrye-config-source-keystore-3.14.1.jar
Admin UI E2E (chromium)	UNKNOWN STEP	2026-01-15T16:19:59.3822618Z keycloak-999.0.0-SNAPSHOT/lib/lib/main/com.apicatalog.titanium-json-ld-1.3.3.jar
Admin UI E2E (chromium)	UNKNOWN STEP	2026-01-15T16:19:59.3841864Z keycloak-999.0.0-SNAPSHOT/lib/lib/main/org.wildfly.security.wildfly-elytron-ssl-2.7.1.Final.jar
Admin UI E2E (chromium)	UNKNOWN STEP	2026-01-15T16:19:59.3852659Z keycloak-999.0.0-SNAPSHOT/lib/lib/main/jakarta.validation.jakarta.validation-api-3.1.1.jar
Admin UI E2E (chromium)	UNKNOWN STEP	2026-01-15T16:19:59.3859133Z keycloak-999.0.0-SNAPSHOT/lib/lib/main/org.apache.commons.commons-collections4-4.5.0.jar
Admin UI E2E (chromium)	UNKNOWN STEP	2026-01-15T16:19:59.3915189Z keycloak-999.0.0-SNAPSHOT/lib/lib/main/io.quarkus.quarkus-tls-registry-spi-3.30.5.jar
Admin UI E2E (chromium)	UNKNOWN STEP	2026-01-15T16:19:59.3916437Z keycloak-999.0.0-SNAPSHOT/lib/lib/main/org.keycloak.keycloak-sssd-federation-999.0.0-SNAPSHOT.jar
Admin UI E2E (chromium)	UNKNOWN STEP	2026-01-15T16:19:59.3938338Z keycloak-999.0.0-SNAPSHOT/lib/lib/main/io.smallrye.jandex-3.5.2.jar
Admin UI E2E (chromium)	UNKNOWN STEP	2026-01-15T16:19:59.3963336Z keycloak-999.0.0-SNAPSHOT/lib/lib/main/io.smallrye.smallrye-context-propagation-2.3.0.jar
Admin UI E2E (chromium)	UNKNOWN STEP	2026-01-15T16:19:59.3969975Z keycloak-999.0.0-SNAPSHOT/lib/lib/main/org.wildfly.security.wildfly-elytron-base-2.7.1.Final.jar
Admin UI E2E (chromium)	UNKNOWN STEP	2026-01-15T16:19:59.3972108Z keycloak-999.0.0-SNAPSHOT/lib/lib/main/org.yaml.snakeyaml-2.0.jar
Admin UI E2E (chromium)	UNKNOWN STEP	2026-01-15T16:19:59.3992765Z keycloak-999.0.0-SNAPSHOT/lib/lib/main/com.opencsv.opencsv-5.11.2.jar
Admin UI E2E (chromium)	UNKNOWN STEP	2026-01-15T16:19:59.4007700Z keycloak-999.0.0-SNAPSHOT/lib/lib/main/org.keycloak.keycloak-account-ui-999.0.0-SNAPSHOT.jar
Admin UI E2E (chromium)	UNKNOWN STEP	2026-01-15T16:19:59.4095900Z keycloak-999.0.0-SNAPSHOT/lib/lib/main/io.micrometer.micrometer-registry-prometheus-simpleclient-1.14.7.jar
Admin UI E2E (chromium)	UNKNOWN STEP	2026-01-15T16:19:59.4097661Z keycloak-999.0.0-SNAPSHOT/lib/lib/main/io.vertx.vertx-grpc-4.5.23.jar
Admin UI E2E (chromium)	UNKNOWN STEP	2026-01-15T16:19:59.4100589Z keycloak-999.0.0-SNAPSHOT/lib/lib/main/io.grpc.grpc-protobuf-lite-1.76.0.jar
Admin UI E2E (chromium)	UNKNOWN STEP	2026-01-15T16:19:59.4101705Z keycloak-999.0.0-SNAPSHOT/lib/lib/main/io.opentelemetry.opentelemetry-sdk-logs-1.55.0.jar
Admin UI E2E (chromium)	UNKNOWN STEP	2026-01-15T16:19:59.4105757Z keycloak-999.0.0-SNAPSHOT/lib/lib/main/org.reactivestreams.reactive-streams-1.0.4.jar
Admin UI E2E (chromium)	UNKNOWN STEP	2026-01-15T16:19:59.4107614Z keycloak-999.0.0-SNAPSHOT/lib/lib/main/com.aayushatharva.brotli4j.brotli4j-1.16.0.jar
Admin UI E2E (chromium)	UNKNOWN STEP	2026-01-15T16:19:59.4110401Z keycloak-999.0.0-SNAPSHOT/lib/lib/main/org.latencyutils.LatencyUtils-2.0.3.jar
Admin UI E2E (chromium)	UNKNOWN STEP	2026-01-15T16:19:59.4112804Z keycloak-999.0.0-SNAPSHOT/lib/lib/main/io.smallrye.common.smallrye-common-annotation-2.14.0.jar
Admin UI E2E (chromium)	UNKNOWN STEP	2026-01-15T16:19:59.4114067Z keycloak-999.0.0-SNAPSHOT/lib/lib/main/org.keycloak.keycloak-admin-v2-api-999.0.0-SNAPSHOT.jar
Admin UI E2E (chromium)	UNKNOWN STEP	2026-01-15T16:19:59.4117669Z keycloak-999.0.0-SNAPSHOT/lib/lib/main/org.wildfly.security.wildfly-elytron-auth-server-2.7.1.Final.jar
Admin UI E2E (chromium)	UNKNOWN STEP	2026-01-15T16:19:59.4134602Z keycloak-999.0.0-SNAPSHOT/lib/lib/main/io.smallrye.reactive.vertx-mutiny-generator-3.21.3.jar
Admin UI E2E (chromium)	UNKNOWN STEP	2026-01-15T16:19:59.4141007Z keycloak-999.0.0-SNAPSHOT/lib/lib/main/io.quarkus.quarkus-agroal-3.30.5.jar
Admin UI E2E (chromium)	UNKNOWN STEP	2026-01-15T16:19:59.4145513Z keycloak-999.0.0-SNAPSHOT/lib/lib/main/io.netty.netty-transport-classes-epoll-4.1.130.Final.jar
Admin UI E2E (chromium)	UNKNOWN STEP	2026-01-15T16:19:59.4156037Z keycloak-999.0.0-SNAPSHOT/lib/lib/main/com.google.errorprone.error_prone_annotations-2.44.0.jar
Admin UI E2E (chromium)	UNKNOWN STEP	2026-01-15T16:19:59.4157333Z keycloak-999.0.0-SNAPSHOT/lib/lib/main/io.netty.netty-transport-native-unix-common-4.1.130.Final.jar
Admin UI E2E (chromium)	UNKNOWN STEP	2026-01-15T16:19:59.4160099Z keycloak-999.0.0-SNAPSHOT/lib/lib/main/io.grpc.grpc-context-1.76.0.jar
Admin UI E2E (chromium)	UNKNOWN STEP	2026-01-15T16:19:59.4161381Z keycloak-999.0.0-SNAPSHOT/lib/lib/main/io.smallrye.reactive.smallrye-mutiny-vertx-core-3.21.3.jar
Admin UI E2E (chromium)	UNKNOWN STEP	2026-01-15T16:19:59.4181210Z keycloak-999.0.0-SNAPSHOT/lib/lib/main/io.vertx.vertx-bridge-common-4.5.23.jar
Admin UI E2E (chromium)	UNKNOWN STEP	2026-01-15T16:19:59.4183841Z keycloak-999.0.0-SNAPSHOT/lib/lib/main/io.opentelemetry.opentelemetry-sdk-extension-autoconfigure-1.55.0.jar
Admin UI E2E (chromium)	UNKNOWN STEP	2026-01-15T16:19:59.4186116Z keycloak-999.0.0-SNAPSHOT/lib/lib/main/io.smallrye.config.smallrye-config-validator-3.14.1.jar
Admin UI E2E (chromium)	UNKNOWN STEP	2026-01-15T16:19:59.4187511Z keycloak-999.0.0-SNAPSHOT/lib/lib/main/io.netty.netty-handler-proxy-4.1.130.Final.jar
Admin UI E2E (chromium)	UNKNOWN STEP	2026-01-15T16:19:59.4189131Z keycloak-999.0.0-SNAPSHOT/lib/lib/main/com.aayushatharva.brotli4j.service-1.16.0.jar
Admin UI E2E (chromium)	UNKNOWN STEP	2026-01-15T16:19:59.4190549Z keycloak-999.0.0-SNAPSHOT/lib/lib/main/io.quarkus.quarkus-opentelemetry-3.30.5.jar
Admin UI E2E (chromium)	UNKNOWN STEP	2026-01-15T16:19:59.4211488Z keycloak-999.0.0-SNAPSHOT/lib/lib/main/org.glassfish.jaxb.jaxb-runtime-4.0.6.jar
Admin UI E2E (chromium)	UNKNOWN STEP	2026-01-15T16:19:59.4275696Z keycloak-999.0.0-SNAPSHOT/lib/lib/main/io.quarkus.resteasy.reactive.resteasy-reactive-common-3.30.5.jar
Admin UI E2E (chromium)	UNKNOWN STEP	2026-01-15T16:19:59.4293733Z keycloak-999.0.0-SNAPSHOT/lib/lib/main/javax.xml.bind.jaxb-api-2.3.1.jar
Admin UI E2E (chromium)	UNKNOWN STEP	2026-01-15T16:19:59.4302031Z keycloak-999.0.0-SNAPSHOT/lib/lib/main/io.smallrye.smallrye-health-4.3.0.jar
Admin UI E2E (chromium)	UNKNOWN STEP	2026-01-15T16:19:59.4306468Z keycloak-999.0.0-SNAPSHOT/lib/lib/main/org.keycloak.keycloak-kerberos-federation-999.0.0-SNAPSHOT.jar
Admin UI E2E (chromium)	UNKNOWN STEP	2026-01-15T16:19:59.4308885Z keycloak-999.0.0-SNAPSHOT/lib/lib/main/org.keycloak.keycloak-model-jpa-999.0.0-SNAPSHOT.jar
Admin UI E2E (chromium)	UNKNOWN STEP	2026-01-15T16:19:59.4357957Z keycloak-999.0.0-SNAPSHOT/lib/lib/main/org.jvnet.staxex.stax-ex-2.0.1.jar
Admin UI E2E (chromium)	UNKNOWN STEP	2026-01-15T16:19:59.4360575Z keycloak-999.0.0-SNAPSHOT/lib/lib/main/io.micrometer.micrometer-commons-1.14.7.jar
Admin UI E2E (chromium)	UNKNOWN STEP	2026-01-15T16:19:59.4364678Z keycloak-999.0.0-SNAPSHOT/lib/lib/main/com.webauthn4j.webauthn4j-util-0.29.3.RELEASE.jar
Admin UI E2E (chromium)	UNKNOWN STEP	2026-01-15T16:19:59.4365515Z keycloak-999.0.0-SNAPSHOT/lib/lib/main/io.quarkus.quarkus-rest-jackson-3.30.5.jar
Admin UI E2E (chromium)	UNKNOWN STEP	2026-01-15T16:19:59.4369422Z keycloak-999.0.0-SNAPSHOT/lib/lib/main/org.eclipse.microprofile.health.microprofile-health-api-4.0.1.jar
Admin UI E2E (chromium)	UNKNOWN STEP	2026-01-15T16:19:59.4370771Z keycloak-999.0.0-SNAPSHOT/lib/lib/main/com.github.ben-manes.caffeine.caffeine-3.2.3.jar
Admin UI E2E (chromium)	UNKNOWN STEP	2026-01-15T16:19:59.4429875Z keycloak-999.0.0-SNAPSHOT/lib/lib/main/io.quarkus.quarkus-core-3.30.5.jar
Admin UI E2E (chromium)	UNKNOWN STEP	2026-01-15T16:19:59.4461488Z keycloak-999.0.0-SNAPSHOT/lib/lib/main/com.fasterxml.jackson.core.jackson-annotations-2.20.jar
Admin UI E2E (chromium)	UNKNOWN STEP	2026-01-15T16:19:59.4465684Z keycloak-999.0.0-SNAPSHOT/lib/lib/main/io.vertx.vertx-grpc-client-4.5.23.jar
Admin UI E2E (chromium)	UNKNOWN STEP	2026-01-15T16:19:59.4468285Z keycloak-999.0.0-SNAPSHOT/lib/lib/main/org.wildfly.security.wildfly-elytron-http-2.7.1.Final.jar
Admin UI E2E (chromium)	UNKNOWN STEP	2026-01-15T16:19:59.4470466Z keycloak-999.0.0-SNAPSHOT/lib/lib/main/org.wildfly.common.wildfly-common-1.5.4.Final-format-001.jar
Admin UI E2E (chromium)	UNKNOWN STEP	2026-01-15T16:19:59.4489030Z keycloak-999.0.0-SNAPSHOT/lib/lib/main/io.quarkus.quarkus-jdbc-mariadb-3.30.5.jar
Admin UI E2E (chromium)	UNKNOWN STEP	2026-01-15T16:19:59.4491632Z keycloak-999.0.0-SNAPSHOT/lib/lib/main/org.keycloak.keycloak-saml-core-999.0.0-SNAPSHOT.jar
Admin UI E2E (chromium)	UNKNOWN STEP	2026-01-15T16:19:59.4528131Z keycloak-999.0.0-SNAPSHOT/lib/lib/main/io.quarkus.quarkus-netty-3.30.5.jar
Admin UI E2E (chromium)	UNKNOWN STEP	2026-01-15T16:19:59.4532843Z keycloak-999.0.0-SNAPSHOT/lib/lib/main/io.opentelemetry.opentelemetry-sdk-extension-autoconfigure-spi-1.55.0.jar
Admin UI E2E (chromium)	UNKNOWN STEP	2026-01-15T16:19:59.4534234Z keycloak-999.0.0-SNAPSHOT/lib/lib/main/io.vertx.vertx-web-common-4.5.23.jar
Admin UI E2E (chromium)	UNKNOWN STEP	2026-01-15T16:19:59.4537055Z keycloak-999.0.0-SNAPSHOT/lib/lib/main/org.wildfly.security.wildfly-elytron-sasl-plain-2.7.1.Final.jar
Admin UI E2E (chromium)	UNKNOWN STEP	2026-01-15T16:19:59.4538298Z keycloak-999.0.0-SNAPSHOT/lib/lib/main/com.google.zxing.javase-3.4.0.jar
Admin UI E2E (chromium)	UNKNOWN STEP	2026-01-15T16:19:59.4540000Z keycloak-999.0.0-SNAPSHOT/lib/lib/main/org.apache.santuario.xmlsec-3.0.4.jar
Admin UI E2E (chromium)	UNKNOWN STEP	2026-01-15T16:19:59.4620009Z keycloak-999.0.0-SNAPSHOT/lib/lib/boot/io.smallrye.common.smallrye-common-ref-2.14.0.jar
Admin UI E2E (chromium)	UNKNOWN STEP	2026-01-15T16:19:59.4621311Z keycloak-999.0.0-SNAPSHOT/lib/lib/boot/io.smallrye.common.smallrye-common-constraint-2.14.0.jar
Admin UI E2E (chromium)	UNKNOWN STEP	2026-01-15T16:19:59.4622907Z keycloak-999.0.0-SNAPSHOT/lib/lib/boot/io.smallrye.common.smallrye-common-expression-2.14.0.jar
Admin UI E2E (chromium)	UNKNOWN STEP	2026-01-15T16:19:59.4624521Z keycloak-999.0.0-SNAPSHOT/lib/lib/boot/org.jboss.logmanager.jboss-logmanager-3.1.2.Final.jar
Admin UI E2E (chromium)	UNKNOWN STEP	2026-01-15T16:19:59.4677144Z keycloak-999.0.0-SNAPSHOT/lib/lib/boot/io.quarkus.quarkus-vertx-latebound-mdc-provider-3.30.5.jar
Admin UI E2E (chromium)	UNKNOWN STEP	2026-01-15T16:19:59.4679057Z keycloak-999.0.0-SNAPSHOT/lib/lib/boot/org.jboss.logging.jboss-logging-3.6.1.Final.jar
Admin UI E2E (chromium)	UNKNOWN STEP	2026-01-15T16:19:59.4684132Z keycloak-999.0.0-SNAPSHOT/lib/lib/boot/jakarta.json.jakarta.json-api-2.1.3.jar
Admin UI E2E (chromium)	UNKNOWN STEP	2026-01-15T16:19:59.4686543Z keycloak-999.0.0-SNAPSHOT/lib/lib/boot/io.smallrye.common.smallrye-common-cpu-2.14.0.jar
Admin UI E2E (chromium)	UNKNOWN STEP	2026-01-15T16:19:59.4688890Z keycloak-999.0.0-SNAPSHOT/lib/lib/boot/io.smallrye.common.smallrye-common-os-2.14.0.jar
Admin UI E2E (chromium)	UNKNOWN STEP	2026-01-15T16:19:59.4690224Z keycloak-999.0.0-SNAPSHOT/lib/lib/boot/org.eclipse.parsson.parsson-1.1.7.jar
Admin UI E2E (chromium)	UNKNOWN STEP	2026-01-15T16:19:59.4698056Z keycloak-999.0.0-SNAPSHOT/lib/lib/boot/io.quarkus.quarkus-development-mode-spi-3.30.5.jar
Admin UI E2E (chromium)	UNKNOWN STEP	2026-01-15T16:19:59.4702372Z keycloak-999.0.0-SNAPSHOT/lib/lib/boot/org.crac.crac-1.5.0.jar
Admin UI E2E (chromium)	UNKNOWN STEP	2026-01-15T16:19:59.4703329Z keycloak-999.0.0-SNAPSHOT/lib/lib/boot/io.quarkus.quarkus-bootstrap-runner-3.30.5.jar
Admin UI E2E (chromium)	UNKNOWN STEP	2026-01-15T16:19:59.4707976Z keycloak-999.0.0-SNAPSHOT/lib/lib/boot/io.smallrye.common.smallrye-common-io-2.14.0.jar
Admin UI E2E (chromium)	UNKNOWN STEP	2026-01-15T16:19:59.4710291Z keycloak-999.0.0-SNAPSHOT/lib/lib/boot/io.quarkus.quarkus-classloader-commons-3.30.5.jar
Admin UI E2E (chromium)	UNKNOWN STEP	2026-01-15T16:19:59.4711574Z keycloak-999.0.0-SNAPSHOT/lib/lib/boot/io.smallrye.common.smallrye-common-function-2.14.0.jar
Admin UI E2E (chromium)	UNKNOWN STEP	2026-01-15T16:19:59.4714984Z keycloak-999.0.0-SNAPSHOT/lib/lib/boot/io.smallrye.common.smallrye-common-net-2.14.0.jar
Admin UI E2E (chromium)	UNKNOWN STEP	2026-01-15T16:19:59.4716733Z keycloak-999.0.0-SNAPSHOT/lib/quarkus-run.jar
Admin UI E2E (chromium)	UNKNOWN STEP	2026-01-15T16:19:59.4717400Z keycloak-999.0.0-SNAPSHOT/lib/app/keycloak.jar
Admin UI E2E (chromium)	UNKNOWN STEP	2026-01-15T16:19:59.4718010Z keycloak-999.0.0-SNAPSHOT/conf/README.md
Admin UI E2E (chromium)	UNKNOWN STEP	2026-01-15T16:19:59.4718613Z keycloak-999.0.0-SNAPSHOT/conf/keycloak.conf
Admin UI E2E (chromium)	UNKNOWN STEP	2026-01-15T16:19:59.4719225Z keycloak-999.0.0-SNAPSHOT/conf/truststores/
Admin UI E2E (chromium)	UNKNOWN STEP	2026-01-15T16:19:59.4719966Z keycloak-999.0.0-SNAPSHOT/LICENSE.txt
Admin UI E2E (chromium)	UNKNOWN STEP	2026-01-15T16:19:59.4757708Z ##[group]Run pnpm --fail-if-no-match --filter @keycloak/keycloak-admin-ui exec playwright install --with-deps
Admin UI E2E (chromium)	UNKNOWN STEP	2026-01-15T16:19:59.4758783Z [36;1mpnpm --fail-if-no-match --filter @keycloak/keycloak-admin-ui exec playwright install --with-deps[0m
Admin UI E2E (chromium)	UNKNOWN STEP	2026-01-15T16:19:59.4793925Z shell: /usr/bin/bash --noprofile --norc -e -o pipefail {0}
Admin UI E2E (chromium)	UNKNOWN STEP	2026-01-15T16:19:59.4794287Z env:
Admin UI E2E (chromium)	UNKNOWN STEP	2026-01-15T16:19:59.4794612Z   MAVEN_ARGS: -B -nsu -Daether.connector.http.connectionMaxTtl=25
Admin UI E2E (chromium)	UNKNOWN STEP	2026-01-15T16:19:59.4795029Z   WORKSPACE: @keycloak/keycloak-admin-ui
Admin UI E2E (chromium)	UNKNOWN STEP	2026-01-15T16:19:59.4795316Z   RETRY_COUNT: 3
Admin UI E2E (chromium)	UNKNOWN STEP	2026-01-15T16:19:59.4795648Z   JAVA_HOME: /opt/hostedtoolcache/Java_Temurin-Hotspot_jdk/21.0.9-10/x64
Admin UI E2E (chromium)	UNKNOWN STEP	2026-01-15T16:19:59.4796319Z   JAVA_HOME_21_X64: /opt/hostedtoolcache/Java_Temurin-Hotspot_jdk/21.0.9-10/x64
Admin UI E2E (chromium)	UNKNOWN STEP	2026-01-15T16:19:59.4796972Z ##[endgroup]
Admin UI E2E (chromium)	UNKNOWN STEP	2026-01-15T16:20:00.3705184Z Installing dependencies...
Admin UI E2E (chromium)	UNKNOWN STEP	2026-01-15T16:20:00.3769911Z Switching to root user to install dependencies...
Admin UI E2E (chromium)	UNKNOWN STEP	2026-01-15T16:20:00.4584442Z Get:1 file:/etc/apt/apt-mirrors.txt Mirrorlist [144 B]
Admin UI E2E (chromium)	UNKNOWN STEP	2026-01-15T16:20:00.4904945Z Hit:2 http://azure.archive.ubuntu.com/ubuntu noble InRelease
Admin UI E2E (chromium)	UNKNOWN STEP	2026-01-15T16:20:00.4951440Z Get:3 http://azure.archive.ubuntu.com/ubuntu noble-updates InRelease [126 kB]
Admin UI E2E (chromium)	UNKNOWN STEP	2026-01-15T16:20:00.5029399Z Get:4 http://azure.archive.ubuntu.com/ubuntu noble-backports InRelease [126 kB]
Admin UI E2E (chromium)	UNKNOWN STEP	2026-01-15T16:20:00.5043759Z Get:5 http://azure.archive.ubuntu.com/ubuntu noble-security InRelease [126 kB]
Admin UI E2E (chromium)	UNKNOWN STEP	2026-01-15T16:20:00.5092782Z Err:6 https://packages.microsoft.com/repos/azure-cli noble InRelease
Admin UI E2E (chromium)	UNKNOWN STEP	2026-01-15T16:20:00.5094055Z   403  Forbidden [IP: 13.107.246.71 443]
Admin UI E2E (chromium)	UNKNOWN STEP	2026-01-15T16:20:00.5467305Z Err:7 https://packages.microsoft.com/ubuntu/24.04/prod noble InRelease
Admin UI E2E (chromium)	UNKNOWN STEP	2026-01-15T16:20:00.5472091Z   403  Forbidden [IP: 13.107.246.71 443]
Admin UI E2E (chromium)	UNKNOWN STEP	2026-01-15T16:20:00.6387022Z Get:8 http://azure.archive.ubuntu.com/ubuntu noble-updates/main amd64 Packages [1693 kB]
Admin UI E2E (chromium)	UNKNOWN STEP	2026-01-15T16:20:00.6555702Z Get:9 http://azure.archive.ubuntu.com/ubuntu noble-updates/main Translation-en [313 kB]
Admin UI E2E (chromium)	UNKNOWN STEP	2026-01-15T16:20:00.6579175Z Get:10 http://azure.archive.ubuntu.com/ubuntu noble-updates/main amd64 Components [175 kB]
Admin UI E2E (chromium)	UNKNOWN STEP	2026-01-15T16:20:00.6593238Z Get:11 http://azure.archive.ubuntu.com/ubuntu noble-updates/main amd64 c-n-f Metadata [15.9 kB]
Admin UI E2E (chromium)	UNKNOWN STEP	2026-01-15T16:20:00.6600416Z Get:12 http://azure.archive.ubuntu.com/ubuntu noble-updates/universe amd64 Packages [1511 kB]
Admin UI E2E (chromium)	UNKNOWN STEP	2026-01-15T16:20:00.6682987Z Get:13 http://azure.archive.ubuntu.com/ubuntu noble-updates/universe Translation-en [308 kB]
Admin UI E2E (chromium)	UNKNOWN STEP	2026-01-15T16:20:00.6707302Z Get:14 http://azure.archive.ubuntu.com/ubuntu noble-updates/universe amd64 Components [378 kB]
Admin UI E2E (chromium)	UNKNOWN STEP	2026-01-15T16:20:00.6733344Z Get:15 http://azure.archive.ubuntu.com/ubuntu noble-updates/universe amd64 c-n-f Metadata [31.4 kB]
Admin UI E2E (chromium)	UNKNOWN STEP	2026-01-15T16:20:00.6744112Z Get:16 http://azure.archive.ubuntu.com/ubuntu noble-updates/restricted amd64 Packages [2426 kB]
Admin UI E2E (chromium)	UNKNOWN STEP	2026-01-15T16:20:00.6896372Z Get:17 http://azure.archive.ubuntu.com/ubuntu noble-updates/restricted Translation-en [554 kB]
Admin UI E2E (chromium)	UNKNOWN STEP	2026-01-15T16:20:00.7329036Z Get:18 http://azure.archive.ubuntu.com/ubuntu noble-updates/restricted amd64 Components [212 B]
Admin UI E2E (chromium)	UNKNOWN STEP	2026-01-15T16:20:00.7336760Z Get:19 http://azure.archive.ubuntu.com/ubuntu noble-updates/multiverse amd64 Components [940 B]
Admin UI E2E (chromium)	UNKNOWN STEP	2026-01-15T16:20:00.7342802Z Get:20 http://azure.archive.ubuntu.com/ubuntu noble-backports/main amd64 Components [7308 B]
Admin UI E2E (chromium)	UNKNOWN STEP	2026-01-15T16:20:00.7350687Z Get:21 http://azure.archive.ubuntu.com/ubuntu noble-backports/universe amd64 Components [10.5 kB]
Admin UI E2E (chromium)	UNKNOWN STEP	2026-01-15T16:20:00.7358421Z Get:22 http://azure.archive.ubuntu.com/ubuntu noble-backports/restricted amd64 Components [216 B]
Admin UI E2E (chromium)	UNKNOWN STEP	2026-01-15T16:20:00.7368432Z Get:23 http://azure.archive.ubuntu.com/ubuntu noble-backports/multiverse amd64 Components [212 B]
Admin UI E2E (chromium)	UNKNOWN STEP	2026-01-15T16:20:00.7533012Z Get:24 http://azure.archive.ubuntu.com/ubuntu noble-security/main amd64 Packages [1404 kB]
Admin UI E2E (chromium)	UNKNOWN STEP	2026-01-15T16:20:00.7611948Z Get:25 http://azure.archive.ubuntu.com/ubuntu noble-security/main Translation-en [228 kB]
Admin UI E2E (chromium)	UNKNOWN STEP	2026-01-15T16:20:00.7631336Z Get:26 http://azure.archive.ubuntu.com/ubuntu noble-security/main amd64 Components [21.5 kB]
Admin UI E2E (chromium)	UNKNOWN STEP	2026-01-15T16:20:00.7641204Z Get:27 http://azure.archive.ubuntu.com/ubuntu noble-security/main amd64 c-n-f Metadata [9724 B]
Admin UI E2E (chromium)	UNKNOWN STEP	2026-01-15T16:20:00.7652789Z Get:28 http://azure.archive.ubuntu.com/ubuntu noble-security/universe amd64 Packages [920 kB]
Admin UI E2E (chromium)	UNKNOWN STEP	2026-01-15T16:20:00.7704555Z Get:29 http://azure.archive.ubuntu.com/ubuntu noble-security/universe Translation-en [209 kB]
Admin UI E2E (chromium)	UNKNOWN STEP	2026-01-15T16:20:00.7724215Z Get:30 http://azure.archive.ubuntu.com/ubuntu noble-security/universe amd64 Components [71.4 kB]
Admin UI E2E (chromium)	UNKNOWN STEP	2026-01-15T16:20:00.7737051Z Get:31 http://azure.archive.ubuntu.com/ubuntu noble-security/universe amd64 c-n-f Metadata [19.7 kB]
Admin UI E2E (chromium)	UNKNOWN STEP	2026-01-15T16:20:00.8184915Z Get:32 http://azure.archive.ubuntu.com/ubuntu noble-security/restricted amd64 Packages [2302 kB]
Admin UI E2E (chromium)	UNKNOWN STEP	2026-01-15T16:20:00.8297742Z Get:33 http://azure.archive.ubuntu.com/ubuntu noble-security/restricted Translation-en [527 kB]
Admin UI E2E (chromium)	UNKNOWN STEP	2026-01-15T16:20:00.8326941Z Get:34 http://azure.archive.ubuntu.com/ubuntu noble-security/restricted amd64 Components [212 B]
Admin UI E2E (chromium)	UNKNOWN STEP	2026-01-15T16:20:00.8332999Z Get:35 http://azure.archive.ubuntu.com/ubuntu noble-security/multiverse amd64 Components [212 B]
Admin UI E2E (chromium)	UNKNOWN STEP	2026-01-15T16:20:18.3451650Z Reading package lists...
Admin UI E2E (chromium)	UNKNOWN STEP	2026-01-15T16:20:18.3595259Z E: Failed to fetch https://packages.microsoft.com/repos/azure-cli/dists/noble/InRelease  403  Forbidden [IP: 13.107.246.71 443]
Admin UI E2E (chromium)	UNKNOWN STEP	2026-01-15T16:20:18.3600966Z E: The repository 'https://packages.microsoft.com/repos/azure-cli noble InRelease' is no longer signed.
Admin UI E2E (chromium)	UNKNOWN STEP	2026-01-15T16:20:18.3606671Z E: Failed to fetch https://packages.microsoft.com/ubuntu/24.04/prod/dists/noble/InRelease  403  Forbidden [IP: 13.107.246.71 443]
Admin UI E2E (chromium)	UNKNOWN STEP	2026-01-15T16:20:18.3611706Z E: The repository 'https://packages.microsoft.com/ubuntu/24.04/prod noble InRelease' is no longer signed.
Admin UI E2E (chromium)	UNKNOWN STEP	2026-01-15T16:20:18.3653533Z Failed to install browsers
Admin UI E2E (chromium)	UNKNOWN STEP	2026-01-15T16:20:18.3655739Z Error: Installation process exited with code: 100
Admin UI E2E (chromium)	UNKNOWN STEP	2026-01-15T16:20:18.3988336Z undefined
Admin UI E2E (chromium)	UNKNOWN STEP	2026-01-15T16:20:18.3991392Z /home/runner/work/keycloak/keycloak/js/apps/admin-ui:
Admin UI E2E (chromium)	UNKNOWN STEP	2026-01-15T16:20:18.3996223Z âERR_PNPM_RECURSIVE_EXEC_FIRST_FAILâ Command failed with exit code 1: playwright install --with-deps
Admin UI E2E (chromium)	UNKNOWN STEP	2026-01-15T16:20:18.4280826Z ##[error]Process completed with exit code 1.
Admin UI E2E (chromium)	UNKNOWN STEP	2026-01-15T16:20:18.4360766Z ##[group]Run actions/upload-artifact@b7c566a772e6b6bfb58ed0dc250532a479d7789f
Admin UI E2E (chromium)	UNKNOWN STEP	2026-01-15T16:20:18.4361202Z with:
Admin UI E2E (chromium)	UNKNOWN STEP	2026-01-15T16:20:18.4361635Z   name: admin-ui-playwright-report-chromium
Admin UI E2E (chromium)	UNKNOWN STEP	2026-01-15T16:20:18.4361966Z   path: js/apps/admin-ui/playwright-report
Admin UI E2E (chromium)	UNKNOWN STEP	2026-01-15T16:20:18.4362275Z   retention-days: 30
Admin UI E2E (chromium)	UNKNOWN STEP	2026-01-15T16:20:18.4362510Z   if-no-files-found: warn
Admin UI E2E (chromium)	UNKNOWN STEP	2026-01-15T16:20:18.4362758Z   compression-level: 6
Admin UI E2E (chromium)	UNKNOWN STEP	2026-01-15T16:20:18.4362987Z   overwrite: false
Admin UI E2E (chromium)	UNKNOWN STEP	2026-01-15T16:20:18.4363215Z   include-hidden-files: false
Admin UI E2E (chromium)	UNKNOWN STEP	2026-01-15T16:20:18.4363459Z env:
Admin UI E2E (chromium)	UNKNOWN STEP	2026-01-15T16:20:18.4363799Z   MAVEN_ARGS: -B -nsu -Daether.connector.http.connectionMaxTtl=25
Admin UI E2E (chromium)	UNKNOWN STEP	2026-01-15T16:20:18.4364195Z   WORKSPACE: @keycloak/keycloak-admin-ui
Admin UI E2E (chromium)	UNKNOWN STEP	2026-01-15T16:20:18.4364469Z   RETRY_COUNT: 3
Admin UI E2E (chromium)	UNKNOWN STEP	2026-01-15T16:20:18.4364794Z   JAVA_HOME: /opt/hostedtoolcache/Java_Temurin-Hotspot_jdk/21.0.9-10/x64
Admin UI E2E (chromium)	UNKNOWN STEP	2026-01-15T16:20:18.4365291Z   JAVA_HOME_21_X64: /opt/hostedtoolcache/Java_Temurin-Hotspot_jdk/21.0.9-10/x64
Admin UI E2E (chromium)	UNKNOWN STEP	2026-01-15T16:20:18.4365705Z ##[endgroup]
Admin UI E2E (chromium)	UNKNOWN STEP	2026-01-15T16:20:18.6094869Z ##[warning]No files were found with the provided path: js/apps/admin-ui/playwright-report. No artifacts will be uploaded.
Admin UI E2E (chromium)	UNKNOWN STEP	2026-01-15T16:20:18.6299439Z ##[group]Run actions/upload-artifact@b7c566a772e6b6bfb58ed0dc250532a479d7789f
Admin UI E2E (chromium)	UNKNOWN STEP	2026-01-15T16:20:18.6300506Z with:
Admin UI E2E (chromium)	UNKNOWN STEP	2026-01-15T16:20:18.6300870Z   name: admin-ui-server-log-chromium
Admin UI E2E (chromium)	UNKNOWN STEP	2026-01-15T16:20:18.6301350Z   path: ~/server.log
Admin UI E2E (chromium)	UNKNOWN STEP	2026-01-15T16:20:18.6301734Z   if-no-files-found: warn
Admin UI E2E (chromium)	UNKNOWN STEP	2026-01-15T16:20:18.6302153Z   compression-level: 6
Admin UI E2E (chromium)	UNKNOWN STEP	2026-01-15T16:20:18.6302551Z   overwrite: false
Admin UI E2E (chromium)	UNKNOWN STEP	2026-01-15T16:20:18.6316549Z   include-hidden-files: false
Admin UI E2E (chromium)	UNKNOWN STEP	2026-01-15T16:20:18.6317021Z env:
Admin UI E2E (chromium)	UNKNOWN STEP	2026-01-15T16:20:18.6317543Z   MAVEN_ARGS: -B -nsu -Daether.connector.http.connectionMaxTtl=25
Admin UI E2E (chromium)	UNKNOWN STEP	2026-01-15T16:20:18.6318254Z   WORKSPACE: @keycloak/keycloak-admin-ui
Admin UI E2E (chromium)	UNKNOWN STEP	2026-01-15T16:20:18.6318749Z   RETRY_COUNT: 3
Admin UI E2E (chromium)	UNKNOWN STEP	2026-01-15T16:20:18.6319316Z   JAVA_HOME: /opt/hostedtoolcache/Java_Temurin-Hotspot_jdk/21.0.9-10/x64
Admin UI E2E (chromium)	UNKNOWN STEP	2026-01-15T16:20:18.6320534Z   JAVA_HOME_21_X64: /opt/hostedtoolcache/Java_Temurin-Hotspot_jdk/21.0.9-10/x64
Admin UI E2E (chromium)	UNKNOWN STEP	2026-01-15T16:20:18.6321215Z ##[endgroup]
Admin UI E2E (chromium)	UNKNOWN STEP	2026-01-15T16:20:18.8681671Z With the provided path, there will be 1 file uploaded
Admin UI E2E (chromium)	UNKNOWN STEP	2026-01-15T16:20:18.8687451Z Artifact name is valid!
Admin UI E2E (chromium)	UNKNOWN STEP	2026-01-15T16:20:18.8688413Z Root directory input is valid!
Admin UI E2E (chromium)	UNKNOWN STEP	2026-01-15T16:20:19.1560837Z Beginning upload of artifact content to blob storage
Admin UI E2E (chromium)	UNKNOWN STEP	2026-01-15T16:20:19.4267980Z Uploaded bytes 344
Admin UI E2E (chromium)	UNKNOWN STEP	2026-01-15T16:20:19.4919119Z Finished uploading artifact content to blob storage!
Admin UI E2E (chromium)	UNKNOWN STEP	2026-01-15T16:20:19.4921812Z SHA256 digest of uploaded artifact zip is 7b1d7dc1ef465a809d81c102a3e9aae90830d2331ba40d55d5491cb2659c4b7a
Admin UI E2E (chromium)	UNKNOWN STEP	2026-01-15T16:20:19.4922829Z Finalizing artifact upload
Admin UI E2E (chromium)	UNKNOWN STEP	2026-01-15T16:20:19.8121795Z Artifact admin-ui-server-log-chromium.zip successfully finalized. Artifact ID 5142933523
Admin UI E2E (chromium)	UNKNOWN STEP	2026-01-15T16:20:19.8123963Z Artifact admin-ui-server-log-chromium has been successfully uploaded! Final size is 344 bytes. Artifact ID is 5142933523
Admin UI E2E (chromium)	UNKNOWN STEP	2026-01-15T16:20:19.8126071Z Artifact download URL: https://github.com/keycloak/keycloak/actions/runs/21038160151/artifacts/5142933523
Admin UI E2E (chromium)	UNKNOWN STEP	2026-01-15T16:20:19.8445512Z Post job cleanup.
Admin UI E2E (chromium)	UNKNOWN STEP	2026-01-15T16:20:19.8536944Z Post job cleanup.
Admin UI E2E (chromium)	UNKNOWN STEP	2026-01-15T16:20:20.1321063Z Post job cleanup.
Admin UI E2E (chromium)	UNKNOWN STEP	2026-01-15T16:20:20.1428881Z Post job cleanup.
Admin UI E2E (chromium)	UNKNOWN STEP	2026-01-15T16:20:20.2618232Z [command]/usr/bin/git version
Admin UI E2E (chromium)	UNKNOWN STEP	2026-01-15T16:20:20.2679056Z git version 2.52.0
Admin UI E2E (chromium)	UNKNOWN STEP	2026-01-15T16:20:20.2731306Z Temporarily overriding HOME='/home/runner/work/_temp/1b908f95-837f-489c-8bbf-7f4176ff7feb' before making global git config changes
Admin UI E2E (chromium)	UNKNOWN STEP	2026-01-15T16:20:20.2740867Z Adding repository directory to the temporary git global config as a safe directory
Admin UI E2E (chromium)	UNKNOWN STEP	2026-01-15T16:20:20.2745949Z [command]/usr/bin/git config --global --add safe.directory /home/runner/work/keycloak/keycloak
Admin UI E2E (chromium)	UNKNOWN STEP	2026-01-15T16:20:20.2791126Z [command]/usr/bin/git config --local --name-only --get-regexp core\.sshCommand
Admin UI E2E (chromium)	UNKNOWN STEP	2026-01-15T16:20:20.2826872Z [command]/usr/bin/git submodule foreach --recursive sh -c "git config --local --name-only --get-regexp 'core\.sshCommand' && git config --local --unset-all 'core.sshCommand' || :"
Admin UI E2E (chromium)	UNKNOWN STEP	2026-01-15T16:20:20.3102420Z [command]/usr/bin/git config --local --name-only --get-regexp http\.https\:\/\/github\.com\/\.extraheader
Admin UI E2E (chromium)	UNKNOWN STEP	2026-01-15T16:20:20.3130207Z http.https://github.com/.extraheader
Admin UI E2E (chromium)	UNKNOWN STEP	2026-01-15T16:20:20.3140609Z [command]/usr/bin/git config --local --unset-all http.https://github.com/.extraheader
Admin UI E2E (chromium)	UNKNOWN STEP	2026-01-15T16:20:20.3173279Z [command]/usr/bin/git submodule foreach --recursive sh -c "git config --local --name-only --get-regexp 'http\.https\:\/\/github\.com\/\.extraheader' && git config --local --unset-all 'http.https://github.com/.extraheader' || :"
Admin UI E2E (chromium)	UNKNOWN STEP	2026-01-15T16:20:20.3624282Z Cleaning up orphan processes
Admin UI E2E (chromium)	UNKNOWN STEP	2026-01-15T16:20:20.4062968Z Terminate orphan process: pid (2239) (java)
Status Check - Keycloak JavaScript CI	UNKNOWN STEP	ï»¿2026-01-15T16:21:59.3063679Z Current runner version: '2.331.0'
Status Check - Keycloak JavaScript CI	UNKNOWN STEP	2026-01-15T16:21:59.3087373Z ##[group]Runner Image Provisioner
Status Check - Keycloak JavaScript CI	UNKNOWN STEP	2026-01-15T16:21:59.3088145Z Hosted Compute Agent
Status Check - Keycloak JavaScript CI	UNKNOWN STEP	2026-01-15T16:21:59.3088772Z Version: 20251211.462
Status Check - Keycloak JavaScript CI	UNKNOWN STEP	2026-01-15T16:21:59.3089341Z Commit: 6cbad8c2bb55d58165063d031ccabf57e2d2db61
Status Check - Keycloak JavaScript CI	UNKNOWN STEP	2026-01-15T16:21:59.3090046Z Build Date: 2025-12-11T16:28:49Z
Status Check - Keycloak JavaScript CI	UNKNOWN STEP	2026-01-15T16:21:59.3090749Z Worker ID: {714b37f0-51d0-441e-8a07-cebe70348387}
Status Check - Keycloak JavaScript CI	UNKNOWN STEP	2026-01-15T16:21:59.3091413Z ##[endgroup]
Status Check - Keycloak JavaScript CI	UNKNOWN STEP	2026-01-15T16:21:59.3091935Z ##[group]Operating System
Status Check - Keycloak JavaScript CI	UNKNOWN STEP	2026-01-15T16:21:59.3092498Z Ubuntu
Status Check - Keycloak JavaScript CI	UNKNOWN STEP	2026-01-15T16:21:59.3092982Z 24.04.3
Status Check - Keycloak JavaScript CI	UNKNOWN STEP	2026-01-15T16:21:59.3093401Z LTS
Status Check - Keycloak JavaScript CI	UNKNOWN STEP	2026-01-15T16:21:59.3093886Z ##[endgroup]
Status Check - Keycloak JavaScript CI	UNKNOWN STEP	2026-01-15T16:21:59.3094381Z ##[group]Runner Image
Status Check - Keycloak JavaScript CI	UNKNOWN STEP	2026-01-15T16:21:59.3094905Z Image: ubuntu-24.04
Status Check - Keycloak JavaScript CI	UNKNOWN STEP	2026-01-15T16:21:59.3095355Z Version: 20260105.202.1
Status Check - Keycloak JavaScript CI	UNKNOWN STEP	2026-01-15T16:21:59.3096782Z Included Software: https://github.com/actions/runner-images/blob/ubuntu24/20260105.202/images/ubuntu/Ubuntu2404-Readme.md
Status Check - Keycloak JavaScript CI	UNKNOWN STEP	2026-01-15T16:21:59.3098364Z Image Release: https://github.com/actions/runner-images/releases/tag/ubuntu24%2F20260105.202
Status Check - Keycloak JavaScript CI	UNKNOWN STEP	2026-01-15T16:21:59.3099648Z ##[endgroup]
Status Check - Keycloak JavaScript CI	UNKNOWN STEP	2026-01-15T16:21:59.3100616Z ##[group]GITHUB_TOKEN Permissions
Status Check - Keycloak JavaScript CI	UNKNOWN STEP	2026-01-15T16:21:59.3102503Z Contents: read
Status Check - Keycloak JavaScript CI	UNKNOWN STEP	2026-01-15T16:21:59.3103012Z Metadata: read
Status Check - Keycloak JavaScript CI	UNKNOWN STEP	2026-01-15T16:21:59.3103502Z ##[endgroup]
Status Check - Keycloak JavaScript CI	UNKNOWN STEP	2026-01-15T16:21:59.3105928Z Secret source: None
Status Check - Keycloak JavaScript CI	UNKNOWN STEP	2026-01-15T16:21:59.3106632Z Prepare workflow directory
Status Check - Keycloak JavaScript CI	UNKNOWN STEP	2026-01-15T16:21:59.3514416Z Prepare all required actions
Status Check - Keycloak JavaScript CI	UNKNOWN STEP	2026-01-15T16:21:59.3552080Z Getting action download info
Status Check - Keycloak JavaScript CI	UNKNOWN STEP	2026-01-15T16:21:59.6744952Z Download action repository 'actions/checkout@08c6903cd8c0fde910a37f88322edcfb5dd907a8' (SHA:08c6903cd8c0fde910a37f88322edcfb5dd907a8)
Status Check - Keycloak JavaScript CI	UNKNOWN STEP	2026-01-15T16:21:59.8778029Z Complete job name: Status Check - Keycloak JavaScript CI
Status Check - Keycloak JavaScript CI	UNKNOWN STEP	2026-01-15T16:21:59.9457252Z ##[group]Run actions/checkout@08c6903cd8c0fde910a37f88322edcfb5dd907a8
Status Check - Keycloak JavaScript CI	UNKNOWN STEP	2026-01-15T16:21:59.9458245Z with:
Status Check - Keycloak JavaScript CI	UNKNOWN STEP	2026-01-15T16:21:59.9458649Z   repository: keycloak/keycloak
Status Check - Keycloak JavaScript CI	UNKNOWN STEP	2026-01-15T16:21:59.9459281Z   token: ***
Status Check - Keycloak JavaScript CI	UNKNOWN STEP	2026-01-15T16:21:59.9459676Z   ssh-strict: true
Status Check - Keycloak JavaScript CI	UNKNOWN STEP	2026-01-15T16:21:59.9460078Z   ssh-user: git
Status Check - Keycloak JavaScript CI	UNKNOWN STEP	2026-01-15T16:21:59.9460486Z   persist-credentials: true
Status Check - Keycloak JavaScript CI	UNKNOWN STEP	2026-01-15T16:21:59.9460922Z   clean: true
Status Check - Keycloak JavaScript CI	UNKNOWN STEP	2026-01-15T16:21:59.9461342Z   sparse-checkout-cone-mode: true
Status Check - Keycloak JavaScript CI	UNKNOWN STEP	2026-01-15T16:21:59.9461830Z   fetch-depth: 1
Status Check - Keycloak JavaScript CI	UNKNOWN STEP	2026-01-15T16:21:59.9462220Z   fetch-tags: false
Status Check - Keycloak JavaScript CI	UNKNOWN STEP	2026-01-15T16:21:59.9462616Z   show-progress: true
Status Check - Keycloak JavaScript CI	UNKNOWN STEP	2026-01-15T16:21:59.9463016Z   lfs: false
Status Check - Keycloak JavaScript CI	UNKNOWN STEP	2026-01-15T16:21:59.9463385Z   submodules: false
Status Check - Keycloak JavaScript CI	UNKNOWN STEP	2026-01-15T16:21:59.9464010Z   set-safe-directory: true
Status Check - Keycloak JavaScript CI	UNKNOWN STEP	2026-01-15T16:21:59.9464795Z env:
Status Check - Keycloak JavaScript CI	UNKNOWN STEP	2026-01-15T16:21:59.9465421Z   MAVEN_ARGS: -B -nsu -Daether.connector.http.connectionMaxTtl=25
Status Check - Keycloak JavaScript CI	UNKNOWN STEP	2026-01-15T16:21:59.9466374Z ##[endgroup]
Status Check - Keycloak JavaScript CI	UNKNOWN STEP	2026-01-15T16:22:00.0384288Z Syncing repository: keycloak/keycloak
Status Check - Keycloak JavaScript CI	UNKNOWN STEP	2026-01-15T16:22:00.0386414Z ##[group]Getting Git version info
Status Check - Keycloak JavaScript CI	UNKNOWN STEP	2026-01-15T16:22:00.0387121Z Working directory is '/home/runner/work/keycloak/keycloak'
Status Check - Keycloak JavaScript CI	UNKNOWN STEP	2026-01-15T16:22:00.0388103Z [command]/usr/bin/git version
Status Check - Keycloak JavaScript CI	UNKNOWN STEP	2026-01-15T16:22:00.0455972Z git version 2.52.0
Status Check - Keycloak JavaScript CI	UNKNOWN STEP	2026-01-15T16:22:00.0476759Z ##[endgroup]
Status Check - Keycloak JavaScript CI	UNKNOWN STEP	2026-01-15T16:22:00.0492992Z Temporarily overriding HOME='/home/runner/work/_temp/52acbb67-af9e-474e-b057-6d74eea32604' before making global git config changes
Status Check - Keycloak JavaScript CI	UNKNOWN STEP	2026-01-15T16:22:00.0495324Z Adding repository directory to the temporary git global config as a safe directory
Status Check - Keycloak JavaScript CI	UNKNOWN STEP	2026-01-15T16:22:00.0498931Z [command]/usr/bin/git config --global --add safe.directory /home/runner/work/keycloak/keycloak
Status Check - Keycloak JavaScript CI	UNKNOWN STEP	2026-01-15T16:22:00.0539554Z Deleting the contents of '/home/runner/work/keycloak/keycloak'
Status Check - Keycloak JavaScript CI	UNKNOWN STEP	2026-01-15T16:22:00.0543439Z ##[group]Initializing the repository
Status Check - Keycloak JavaScript CI	UNKNOWN STEP	2026-01-15T16:22:00.0548717Z [command]/usr/bin/git init /home/runner/work/keycloak/keycloak
Status Check - Keycloak JavaScript CI	UNKNOWN STEP	2026-01-15T16:22:00.0668801Z hint: Using 'master' as the name for the initial branch. This default branch name
Status Check - Keycloak JavaScript CI	UNKNOWN STEP	2026-01-15T16:22:00.0670519Z hint: will change to "main" in Git 3.0. To configure the initial branch name
Status Check - Keycloak JavaScript CI	UNKNOWN STEP	2026-01-15T16:22:00.0672097Z hint: to use in all of your new repositories, which will suppress this warning,
Status Check - Keycloak JavaScript CI	UNKNOWN STEP	2026-01-15T16:22:00.0673600Z hint: call:
Status Check - Keycloak JavaScript CI	UNKNOWN STEP	2026-01-15T16:22:00.0674215Z hint:
Status Check - Keycloak JavaScript CI	UNKNOWN STEP	2026-01-15T16:22:00.0674846Z hint: 	git config --global init.defaultBranch <name>
Status Check - Keycloak JavaScript CI	UNKNOWN STEP	2026-01-15T16:22:00.0675623Z hint:
Status Check - Keycloak JavaScript CI	UNKNOWN STEP	2026-01-15T16:22:00.0676245Z hint: Names commonly chosen instead of 'master' are 'main', 'trunk' and
Status Check - Keycloak JavaScript CI	UNKNOWN STEP	2026-01-15T16:22:00.0677180Z hint: 'development'. The just-created branch can be renamed via this command:
Status Check - Keycloak JavaScript CI	UNKNOWN STEP	2026-01-15T16:22:00.0677914Z hint:
Status Check - Keycloak JavaScript CI	UNKNOWN STEP	2026-01-15T16:22:00.0678315Z hint: 	git branch -m <name>
Status Check - Keycloak JavaScript CI	UNKNOWN STEP	2026-01-15T16:22:00.0678792Z hint:
Status Check - Keycloak JavaScript CI	UNKNOWN STEP	2026-01-15T16:22:00.0679588Z hint: Disable this message with "git config set advice.defaultBranchName false"
Status Check - Keycloak JavaScript CI	UNKNOWN STEP	2026-01-15T16:22:00.0680914Z Initialized empty Git repository in /home/runner/work/keycloak/keycloak/.git/
Status Check - Keycloak JavaScript CI	UNKNOWN STEP	2026-01-15T16:22:00.0684487Z [command]/usr/bin/git remote add origin https://github.com/keycloak/keycloak
Status Check - Keycloak JavaScript CI	UNKNOWN STEP	2026-01-15T16:22:00.0718975Z ##[endgroup]
Status Check - Keycloak JavaScript CI	UNKNOWN STEP	2026-01-15T16:22:00.0719722Z ##[group]Disabling automatic garbage collection
Status Check - Keycloak JavaScript CI	UNKNOWN STEP	2026-01-15T16:22:00.0722117Z [command]/usr/bin/git config --local gc.auto 0
Status Check - Keycloak JavaScript CI	UNKNOWN STEP	2026-01-15T16:22:00.0750068Z ##[endgroup]
Status Check - Keycloak JavaScript CI	UNKNOWN STEP	2026-01-15T16:22:00.0751080Z ##[group]Setting up auth
Status Check - Keycloak JavaScript CI	UNKNOWN STEP	2026-01-15T16:22:00.0756387Z [command]/usr/bin/git config --local --name-only --get-regexp core\.sshCommand
Status Check - Keycloak JavaScript CI	UNKNOWN STEP	2026-01-15T16:22:00.0786145Z [command]/usr/bin/git submodule foreach --recursive sh -c "git config --local --name-only --get-regexp 'core\.sshCommand' && git config --local --unset-all 'core.sshCommand' || :"
Status Check - Keycloak JavaScript CI	UNKNOWN STEP	2026-01-15T16:22:00.1104888Z [command]/usr/bin/git config --local --name-only --get-regexp http\.https\:\/\/github\.com\/\.extraheader
Status Check - Keycloak JavaScript CI	UNKNOWN STEP	2026-01-15T16:22:00.1134969Z [command]/usr/bin/git submodule foreach --recursive sh -c "git config --local --name-only --get-regexp 'http\.https\:\/\/github\.com\/\.extraheader' && git config --local --unset-all 'http.https://github.com/.extraheader' || :"
Status Check - Keycloak JavaScript CI	UNKNOWN STEP	2026-01-15T16:22:00.1351316Z [command]/usr/bin/git config --local http.https://github.com/.extraheader AUTHORIZATION: basic ***
Status Check - Keycloak JavaScript CI	UNKNOWN STEP	2026-01-15T16:22:00.1386449Z ##[endgroup]
Status Check - Keycloak JavaScript CI	UNKNOWN STEP	2026-01-15T16:22:00.1387262Z ##[group]Fetching the repository
Status Check - Keycloak JavaScript CI	UNKNOWN STEP	2026-01-15T16:22:00.1396162Z [command]/usr/bin/git -c protocol.version=2 fetch --no-tags --prune --no-recurse-submodules --depth=1 origin +090619652a7da81533603f4249fd662fe39a9938:refs/remotes/pull/45150/merge
Status Check - Keycloak JavaScript CI	UNKNOWN STEP	2026-01-15T16:22:04.1197859Z From https://github.com/keycloak/keycloak
Status Check - Keycloak JavaScript CI	UNKNOWN STEP	2026-01-15T16:22:04.1199963Z  * [new ref]         090619652a7da81533603f4249fd662fe39a9938 -> pull/45150/merge
Status Check - Keycloak JavaScript CI	UNKNOWN STEP	2026-01-15T16:22:04.1230683Z ##[endgroup]
Status Check - Keycloak JavaScript CI	UNKNOWN STEP	2026-01-15T16:22:04.1232378Z ##[group]Determining the checkout info
Status Check - Keycloak JavaScript CI	UNKNOWN STEP	2026-01-15T16:22:04.1234254Z ##[endgroup]
Status Check - Keycloak JavaScript CI	UNKNOWN STEP	2026-01-15T16:22:04.1237694Z [command]/usr/bin/git sparse-checkout disable
Status Check - Keycloak JavaScript CI	UNKNOWN STEP	2026-01-15T16:22:04.1279088Z [command]/usr/bin/git config --local --unset-all extensions.worktreeConfig
Status Check - Keycloak JavaScript CI	UNKNOWN STEP	2026-01-15T16:22:04.1307928Z ##[group]Checking out the ref
Status Check - Keycloak JavaScript CI	UNKNOWN STEP	2026-01-15T16:22:04.1312158Z [command]/usr/bin/git checkout --progress --force refs/remotes/pull/45150/merge
Status Check - Keycloak JavaScript CI	UNKNOWN STEP	2026-01-15T16:22:05.0013938Z Note: switching to 'refs/remotes/pull/45150/merge'.
Status Check - Keycloak JavaScript CI	UNKNOWN STEP	2026-01-15T16:22:05.0015377Z 
Status Check - Keycloak JavaScript CI	UNKNOWN STEP	2026-01-15T16:22:05.0016039Z You are in 'detached HEAD' state. You can look around, make experimental
Status Check - Keycloak JavaScript CI	UNKNOWN STEP	2026-01-15T16:22:05.0016889Z changes and commit them, and you can discard any commits you make in this
Status Check - Keycloak JavaScript CI	UNKNOWN STEP	2026-01-15T16:22:05.0017702Z state without impacting any branches by switching back to a branch.
Status Check - Keycloak JavaScript CI	UNKNOWN STEP	2026-01-15T16:22:05.0018182Z 
Status Check - Keycloak JavaScript CI	UNKNOWN STEP	2026-01-15T16:22:05.0018542Z If you want to create a new branch to retain commits you create, you may
Status Check - Keycloak JavaScript CI	UNKNOWN STEP	2026-01-15T16:22:05.0019316Z do so (now or later) by using -c with the switch command. Example:
Status Check - Keycloak JavaScript CI	UNKNOWN STEP	2026-01-15T16:22:05.0019756Z 
Status Check - Keycloak JavaScript CI	UNKNOWN STEP	2026-01-15T16:22:05.0019945Z   git switch -c <new-branch-name>
Status Check - Keycloak JavaScript CI	UNKNOWN STEP	2026-01-15T16:22:05.0020252Z 
Status Check - Keycloak JavaScript CI	UNKNOWN STEP	2026-01-15T16:22:05.0020447Z Or undo this operation with:
Status Check - Keycloak JavaScript CI	UNKNOWN STEP	2026-01-15T16:22:05.0020725Z 
Status Check - Keycloak JavaScript CI	UNKNOWN STEP	2026-01-15T16:22:05.0020920Z   git switch -
Status Check - Keycloak JavaScript CI	UNKNOWN STEP	2026-01-15T16:22:05.0021163Z 
Status Check - Keycloak JavaScript CI	UNKNOWN STEP	2026-01-15T16:22:05.0021580Z Turn off this advice by setting config variable advice.detachedHead to false
Status Check - Keycloak JavaScript CI	UNKNOWN STEP	2026-01-15T16:22:05.0022120Z 
Status Check - Keycloak JavaScript CI	UNKNOWN STEP	2026-01-15T16:22:05.0022742Z HEAD is now at 0906196 Merge 22824f37a05c3d620e474fe6b705b1aae27ea2a7 into e4bb53a74377f3c7384d773aee16543e3a0812a1
Status Check - Keycloak JavaScript CI	UNKNOWN STEP	2026-01-15T16:22:05.0051608Z ##[endgroup]
Status Check - Keycloak JavaScript CI	UNKNOWN STEP	2026-01-15T16:22:05.0091402Z [command]/usr/bin/git log -1 --format=%H
Status Check - Keycloak JavaScript CI	UNKNOWN STEP	2026-01-15T16:22:05.0114997Z 090619652a7da81533603f4249fd662fe39a9938
Status Check - Keycloak JavaScript CI	UNKNOWN STEP	2026-01-15T16:22:05.0366509Z Prepare all required actions
Status Check - Keycloak JavaScript CI	UNKNOWN STEP	2026-01-15T16:22:05.0440729Z ##[group]Run ./.github/actions/status-check
Status Check - Keycloak JavaScript CI	UNKNOWN STEP	2026-01-15T16:22:05.0441132Z with:
Status Check - Keycloak JavaScript CI	UNKNOWN STEP	2026-01-15T16:22:05.0442839Z   jobs: {
Status Check - Keycloak JavaScript CI	UNKNOWN STEP	  "conditional": {
Status Check - Keycloak JavaScript CI	UNKNOWN STEP	    "result": "success",
Status Check - Keycloak JavaScript CI	UNKNOWN STEP	    "outputs": {
Status Check - Keycloak JavaScript CI	UNKNOWN STEP	      "js-ci": "true"
Status Check - Keycloak JavaScript CI	UNKNOWN STEP	    }
Status Check - Keycloak JavaScript CI	UNKNOWN STEP	  },
Status Check - Keycloak JavaScript CI	UNKNOWN STEP	  "build-keycloak": {
Status Check - Keycloak JavaScript CI	UNKNOWN STEP	    "result": "success",
Status Check - Keycloak JavaScript CI	UNKNOWN STEP	    "outputs": {}
Status Check - Keycloak JavaScript CI	UNKNOWN STEP	  },
Status Check - Keycloak JavaScript CI	UNKNOWN STEP	  "admin-client": {
Status Check - Keycloak JavaScript CI	UNKNOWN STEP	    "result": "success",
Status Check - Keycloak JavaScript CI	UNKNOWN STEP	    "outputs": {}
Status Check - Keycloak JavaScript CI	UNKNOWN STEP	  },
Status Check - Keycloak JavaScript CI	UNKNOWN STEP	  "ui-shared": {
Status Check - Keycloak JavaScript CI	UNKNOWN STEP	    "result": "success",
Status Check - Keycloak JavaScript CI	UNKNOWN STEP	    "outputs": {}
Status Check - Keycloak JavaScript CI	UNKNOWN STEP	  },
Status Check - Keycloak JavaScript CI	UNKNOWN STEP	  "account-ui": {
Status Check - Keycloak JavaScript CI	UNKNOWN STEP	    "result": "success",
Status Check - Keycloak JavaScript CI	UNKNOWN STEP	    "outputs": {}
Status Check - Keycloak JavaScript CI	UNKNOWN STEP	  },
Status Check - Keycloak JavaScript CI	UNKNOWN STEP	  "account-ui-e2e": {
Status Check - Keycloak JavaScript CI	UNKNOWN STEP	    "result": "success",
Status Check - Keycloak JavaScript CI	UNKNOWN STEP	    "outputs": {}
Status Check - Keycloak JavaScript CI	UNKNOWN STEP	  },
Status Check - Keycloak JavaScript CI	UNKNOWN STEP	  "admin-ui": {
Status Check - Keycloak JavaScript CI	UNKNOWN STEP	    "result": "success",
Status Check - Keycloak JavaScript CI	UNKNOWN STEP	    "outputs": {}
Status Check - Keycloak JavaScript CI	UNKNOWN STEP	  },
Status Check - Keycloak JavaScript CI	UNKNOWN STEP	  "admin-ui-e2e": {
Status Check - Keycloak JavaScript CI	UNKNOWN STEP	    "result": "failure",
Status Check - Keycloak JavaScript CI	UNKNOWN STEP	    "outputs": {}
Status Check - Keycloak JavaScript CI	UNKNOWN STEP	  },
Status Check - Keycloak JavaScript CI	UNKNOWN STEP	  "keycloak-admin-client": {
Status Check - Keycloak JavaScript CI	UNKNOWN STEP	    "result": "success",
Status Check - Keycloak JavaScript CI	UNKNOWN STEP	    "outputs": {}
Status Check - Keycloak JavaScript CI	UNKNOWN STEP	  }
Status Check - Keycloak JavaScript CI	UNKNOWN STEP	}
Status Check - Keycloak JavaScript CI	UNKNOWN STEP	2026-01-15T16:22:05.0444631Z env:
Status Check - Keycloak JavaScript CI	UNKNOWN STEP	2026-01-15T16:22:05.0444994Z   MAVEN_ARGS: -B -nsu -Daether.connector.http.connectionMaxTtl=25
Status Check - Keycloak JavaScript CI	UNKNOWN STEP	2026-01-15T16:22:05.0445362Z ##[endgroup]
Status Check - Keycloak JavaScript CI	UNKNOWN STEP	2026-01-15T16:22:05.0547623Z ##[group]Run JOBS='{
Status Check - Keycloak JavaScript CI	UNKNOWN STEP	2026-01-15T16:22:05.0547961Z [36;1mJOBS='{[0m
Status Check - Keycloak JavaScript CI	UNKNOWN STEP	2026-01-15T16:22:05.0548192Z [36;1m  "conditional": {[0m
Status Check - Keycloak JavaScript CI	UNKNOWN STEP	2026-01-15T16:22:05.0548462Z [36;1m    "result": "success",[0m
Status Check - Keycloak JavaScript CI	UNKNOWN STEP	2026-01-15T16:22:05.0548736Z [36;1m    "outputs": {[0m
Status Check - Keycloak JavaScript CI	UNKNOWN STEP	2026-01-15T16:22:05.0548977Z [36;1m      "js-ci": "true"[0m
Status Check - Keycloak JavaScript CI	UNKNOWN STEP	2026-01-15T16:22:05.0549220Z [36;1m    }[0m
Status Check - Keycloak JavaScript CI	UNKNOWN STEP	2026-01-15T16:22:05.0549417Z [36;1m  },[0m
Status Check - Keycloak JavaScript CI	UNKNOWN STEP	2026-01-15T16:22:05.0549630Z [36;1m  "build-keycloak": {[0m
Status Check - Keycloak JavaScript CI	UNKNOWN STEP	2026-01-15T16:22:05.0549887Z [36;1m    "result": "success",[0m
Status Check - Keycloak JavaScript CI	UNKNOWN STEP	2026-01-15T16:22:05.0550171Z [36;1m    "outputs": {}[0m
Status Check - Keycloak JavaScript CI	UNKNOWN STEP	2026-01-15T16:22:05.0550407Z [36;1m  },[0m
Status Check - Keycloak JavaScript CI	UNKNOWN STEP	2026-01-15T16:22:05.0550621Z [36;1m  "admin-client": {[0m
Status Check - Keycloak JavaScript CI	UNKNOWN STEP	2026-01-15T16:22:05.0550871Z [36;1m    "result": "success",[0m
Status Check - Keycloak JavaScript CI	UNKNOWN STEP	2026-01-15T16:22:05.0551138Z [36;1m    "outputs": {}[0m
Status Check - Keycloak JavaScript CI	UNKNOWN STEP	2026-01-15T16:22:05.0551361Z [36;1m  },[0m
Status Check - Keycloak JavaScript CI	UNKNOWN STEP	2026-01-15T16:22:05.0551575Z [36;1m  "ui-shared": {[0m
Status Check - Keycloak JavaScript CI	UNKNOWN STEP	2026-01-15T16:22:05.0551826Z [36;1m    "result": "success",[0m
Status Check - Keycloak JavaScript CI	UNKNOWN STEP	2026-01-15T16:22:05.0552086Z [36;1m    "outputs": {}[0m
Status Check - Keycloak JavaScript CI	UNKNOWN STEP	2026-01-15T16:22:05.0552324Z [36;1m  },[0m
Status Check - Keycloak JavaScript CI	UNKNOWN STEP	2026-01-15T16:22:05.0552526Z [36;1m  "account-ui": {[0m
Status Check - Keycloak JavaScript CI	UNKNOWN STEP	2026-01-15T16:22:05.0552775Z [36;1m    "result": "success",[0m
Status Check - Keycloak JavaScript CI	UNKNOWN STEP	2026-01-15T16:22:05.0553027Z [36;1m    "outputs": {}[0m
Status Check - Keycloak JavaScript CI	UNKNOWN STEP	2026-01-15T16:22:05.0553254Z [36;1m  },[0m
Status Check - Keycloak JavaScript CI	UNKNOWN STEP	2026-01-15T16:22:05.0553457Z [36;1m  "account-ui-e2e": {[0m
Status Check - Keycloak JavaScript CI	UNKNOWN STEP	2026-01-15T16:22:05.0553757Z [36;1m    "result": "success",[0m
Status Check - Keycloak JavaScript CI	UNKNOWN STEP	2026-01-15T16:22:05.0554013Z [36;1m    "outputs": {}[0m
Status Check - Keycloak JavaScript CI	UNKNOWN STEP	2026-01-15T16:22:05.0554249Z [36;1m  },[0m
Status Check - Keycloak JavaScript CI	UNKNOWN STEP	2026-01-15T16:22:05.0554456Z [36;1m  "admin-ui": {[0m
Status Check - Keycloak JavaScript CI	UNKNOWN STEP	2026-01-15T16:22:05.0554693Z [36;1m    "result": "success",[0m
Status Check - Keycloak JavaScript CI	UNKNOWN STEP	2026-01-15T16:22:05.0554962Z [36;1m    "outputs": {}[0m
Status Check - Keycloak JavaScript CI	UNKNOWN STEP	2026-01-15T16:22:05.0555183Z [36;1m  },[0m
Status Check - Keycloak JavaScript CI	UNKNOWN STEP	2026-01-15T16:22:05.0555398Z [36;1m  "admin-ui-e2e": {[0m
Status Check - Keycloak JavaScript CI	UNKNOWN STEP	2026-01-15T16:22:05.0555771Z [36;1m    "result": "failure",[0m
Status Check - Keycloak JavaScript CI	UNKNOWN STEP	2026-01-15T16:22:05.0556026Z [36;1m    "outputs": {}[0m
Status Check - Keycloak JavaScript CI	UNKNOWN STEP	2026-01-15T16:22:05.0556247Z [36;1m  },[0m
Status Check - Keycloak JavaScript CI	UNKNOWN STEP	2026-01-15T16:22:05.0556472Z [36;1m  "keycloak-admin-client": {[0m
Status Check - Keycloak JavaScript CI	UNKNOWN STEP	2026-01-15T16:22:05.0556747Z [36;1m    "result": "success",[0m
Status Check - Keycloak JavaScript CI	UNKNOWN STEP	2026-01-15T16:22:05.0556993Z [36;1m    "outputs": {}[0m
Status Check - Keycloak JavaScript CI	UNKNOWN STEP	2026-01-15T16:22:05.0557221Z [36;1m  }[0m
Status Check - Keycloak JavaScript CI	UNKNOWN STEP	2026-01-15T16:22:05.0557408Z [36;1m}'[0m
Status Check - Keycloak JavaScript CI	UNKNOWN STEP	2026-01-15T16:22:05.0557609Z [36;1m[0m
Status Check - Keycloak JavaScript CI	UNKNOWN STEP	2026-01-15T16:22:05.0557809Z [36;1mecho "Job status:"[0m
Status Check - Keycloak JavaScript CI	UNKNOWN STEP	2026-01-15T16:22:05.0558198Z [36;1mecho $JOBS | jq -r 'to_entries[] | " - \(.key): \(.value.result)"'[0m
Status Check - Keycloak JavaScript CI	UNKNOWN STEP	2026-01-15T16:22:05.0558569Z [36;1m[0m
Status Check - Keycloak JavaScript CI	UNKNOWN STEP	2026-01-15T16:22:05.0558860Z [36;1mfor i in $(echo $JOBS | jq -r 'to_entries[] | .value.result'); do[0m
Status Check - Keycloak JavaScript CI	UNKNOWN STEP	2026-01-15T16:22:05.0559290Z [36;1m  if [ "$i" != "success" ] && [ "$i" != "skipped" ]; then[0m
Status Check - Keycloak JavaScript CI	UNKNOWN STEP	2026-01-15T16:22:05.0559607Z [36;1m    echo ""[0m
Status Check - Keycloak JavaScript CI	UNKNOWN STEP	2026-01-15T16:22:05.0560050Z [36;1m    echo "Status check not okay!"[0m
Status Check - Keycloak JavaScript CI	UNKNOWN STEP	2026-01-15T16:22:05.0560321Z [36;1m    exit 1[0m
Status Check - Keycloak JavaScript CI	UNKNOWN STEP	2026-01-15T16:22:05.0560536Z [36;1m  fi[0m
Status Check - Keycloak JavaScript CI	UNKNOWN STEP	2026-01-15T16:22:05.0560726Z [36;1mdone[0m
Status Check - Keycloak JavaScript CI	UNKNOWN STEP	2026-01-15T16:22:05.0598136Z shell: /usr/bin/bash --noprofile --norc -e -o pipefail {0}
Status Check - Keycloak JavaScript CI	UNKNOWN STEP	2026-01-15T16:22:05.0598533Z env:
Status Check - Keycloak JavaScript CI	UNKNOWN STEP	2026-01-15T16:22:05.0598836Z   MAVEN_ARGS: -B -nsu -Daether.connector.http.connectionMaxTtl=25
Status Check - Keycloak JavaScript CI	UNKNOWN STEP	2026-01-15T16:22:05.0599212Z ##[endgroup]
Status Check - Keycloak JavaScript CI	UNKNOWN STEP	2026-01-15T16:22:05.0670463Z Job status:
Status Check - Keycloak JavaScript CI	UNKNOWN STEP	2026-01-15T16:22:05.0698236Z  - conditional: success
Status Check - Keycloak JavaScript CI	UNKNOWN STEP	2026-01-15T16:22:05.0698560Z  - build-keycloak: success
Status Check - Keycloak JavaScript CI	UNKNOWN STEP	2026-01-15T16:22:05.0698911Z  - admin-client: success
Status Check - Keycloak JavaScript CI	UNKNOWN STEP	2026-01-15T16:22:05.0699173Z  - ui-shared: success
Status Check - Keycloak JavaScript CI	UNKNOWN STEP	2026-01-15T16:22:05.0699423Z  - account-ui: success
Status Check - Keycloak JavaScript CI	UNKNOWN STEP	2026-01-15T16:22:05.0699676Z  - account-ui-e2e: success
Status Check - Keycloak JavaScript CI	UNKNOWN STEP	2026-01-15T16:22:05.0699932Z  - admin-ui: success
Status Check - Keycloak JavaScript CI	UNKNOWN STEP	2026-01-15T16:22:05.0700177Z  - admin-ui-e2e: failure
Status Check - Keycloak JavaScript CI	UNKNOWN STEP	2026-01-15T16:22:05.0700437Z  - keycloak-admin-client: success
Status Check - Keycloak JavaScript CI	UNKNOWN STEP	2026-01-15T16:22:05.0733385Z 
Status Check - Keycloak JavaScript CI	UNKNOWN STEP	2026-01-15T16:22:05.0733808Z Status check not okay!
Status Check - Keycloak JavaScript CI	UNKNOWN STEP	2026-01-15T16:22:05.0746683Z ##[error]Process completed with exit code 1.
Status Check - Keycloak JavaScript CI	UNKNOWN STEP	2026-01-15T16:22:05.0873064Z Post job cleanup.
Status Check - Keycloak JavaScript CI	UNKNOWN STEP	2026-01-15T16:22:05.1710027Z [command]/usr/bin/git version
Status Check - Keycloak JavaScript CI	UNKNOWN STEP	2026-01-15T16:22:05.1744975Z git version 2.52.0
Status Check - Keycloak JavaScript CI	UNKNOWN STEP	2026-01-15T16:22:05.1783020Z Temporarily overriding HOME='/home/runner/work/_temp/758e2d61-c049-47f1-a3b1-cb949fc7f118' before making global git config changes
Status Check - Keycloak JavaScript CI	UNKNOWN STEP	2026-01-15T16:22:05.1784532Z Adding repository directory to the temporary git global config as a safe directory
Status Check - Keycloak JavaScript CI	UNKNOWN STEP	2026-01-15T16:22:05.1789294Z [command]/usr/bin/git config --global --add safe.directory /home/runner/work/keycloak/keycloak
Status Check - Keycloak JavaScript CI	UNKNOWN STEP	2026-01-15T16:22:05.1826574Z [command]/usr/bin/git config --local --name-only --get-regexp core\.sshCommand
Status Check - Keycloak JavaScript CI	UNKNOWN STEP	2026-01-15T16:22:05.1859448Z [command]/usr/bin/git submodule foreach --recursive sh -c "git config --local --name-only --get-regexp 'core\.sshCommand' && git config --local --unset-all 'core.sshCommand' || :"
Status Check - Keycloak JavaScript CI	UNKNOWN STEP	2026-01-15T16:22:05.2108115Z [command]/usr/bin/git config --local --name-only --get-regexp http\.https\:\/\/github\.com\/\.extraheader
Status Check - Keycloak JavaScript CI	UNKNOWN STEP	2026-01-15T16:22:05.2130480Z http.https://github.com/.extraheader
Status Check - Keycloak JavaScript CI	UNKNOWN STEP	2026-01-15T16:22:05.2140325Z [command]/usr/bin/git config --local --unset-all http.https://github.com/.extraheader
Status Check - Keycloak JavaScript CI	UNKNOWN STEP	2026-01-15T16:22:05.2171146Z [command]/usr/bin/git submodule foreach --recursive sh -c "git config --local --name-only --get-regexp 'http\.https\:\/\/github\.com\/\.extraheader' && git config --local --unset-all 'http.https://github.com/.extraheader' || :"
Status Check - Keycloak JavaScript CI	UNKNOWN STEP	2026-01-15T16:22:05.2520679Z Cleaning up orphan processes
