Test remote (slow)	UNKNOWN STEP	ï»¿2025-11-05T19:43:08.9362029Z Current runner version: '2.329.0'
Test remote (slow)	UNKNOWN STEP	2025-11-05T19:43:08.9385504Z ##[group]Runner Image Provisioner
Test remote (slow)	UNKNOWN STEP	2025-11-05T19:43:08.9386666Z Hosted Compute Agent
Test remote (slow)	UNKNOWN STEP	2025-11-05T19:43:08.9387527Z Version: 20251016.436
Test remote (slow)	UNKNOWN STEP	2025-11-05T19:43:08.9388439Z Commit: 8ab8ac8bfd662a3739dab9fe09456aba92132568
Test remote (slow)	UNKNOWN STEP	2025-11-05T19:43:08.9389620Z Build Date: 2025-10-15T20:44:12Z
Test remote (slow)	UNKNOWN STEP	2025-11-05T19:43:08.9390260Z ##[endgroup]
Test remote (slow)	UNKNOWN STEP	2025-11-05T19:43:08.9390794Z ##[group]Operating System
Test remote (slow)	UNKNOWN STEP	2025-11-05T19:43:08.9391399Z Ubuntu
Test remote (slow)	UNKNOWN STEP	2025-11-05T19:43:08.9391861Z 24.04.3
Test remote (slow)	UNKNOWN STEP	2025-11-05T19:43:08.9392319Z LTS
Test remote (slow)	UNKNOWN STEP	2025-11-05T19:43:08.9392730Z ##[endgroup]
Test remote (slow)	UNKNOWN STEP	2025-11-05T19:43:08.9393292Z ##[group]Runner Image
Test remote (slow)	UNKNOWN STEP	2025-11-05T19:43:08.9393850Z Image: ubuntu-24.04
Test remote (slow)	UNKNOWN STEP	2025-11-05T19:43:08.9394308Z Version: 20251030.96.2
Test remote (slow)	UNKNOWN STEP	2025-11-05T19:43:08.9395378Z Included Software: https://github.com/actions/runner-images/blob/ubuntu24/20251030.96/images/ubuntu/Ubuntu2404-Readme.md
Test remote (slow)	UNKNOWN STEP	2025-11-05T19:43:08.9396891Z Image Release: https://github.com/actions/runner-images/releases/tag/ubuntu24%2F20251030.96
Test remote (slow)	UNKNOWN STEP	2025-11-05T19:43:08.9398035Z ##[endgroup]
Test remote (slow)	UNKNOWN STEP	2025-11-05T19:43:08.9399180Z ##[group]GITHUB_TOKEN Permissions
Test remote (slow)	UNKNOWN STEP	2025-11-05T19:43:08.9401055Z Contents: read
Test remote (slow)	UNKNOWN STEP	2025-11-05T19:43:08.9401624Z Metadata: read
Test remote (slow)	UNKNOWN STEP	2025-11-05T19:43:08.9402062Z ##[endgroup]
Test remote (slow)	UNKNOWN STEP	2025-11-05T19:43:08.9404137Z Secret source: None
Test remote (slow)	UNKNOWN STEP	2025-11-05T19:43:08.9404833Z Prepare workflow directory
Test remote (slow)	UNKNOWN STEP	2025-11-05T19:43:08.9795382Z Prepare all required actions
Test remote (slow)	UNKNOWN STEP	2025-11-05T19:43:08.9833044Z Getting action download info
Test remote (slow)	UNKNOWN STEP	2025-11-05T19:43:09.3850753Z Download action repository 'actions/checkout@08c6903cd8c0fde910a37f88322edcfb5dd907a8' (SHA:08c6903cd8c0fde910a37f88322edcfb5dd907a8)
Test remote (slow)	UNKNOWN STEP	2025-11-05T19:43:09.4858110Z Download action repository 'manusa/actions-setup-minikube@b589f2d61bf96695c546929c72b38563e856059d' (SHA:b589f2d61bf96695c546929c72b38563e856059d)
Test remote (slow)	UNKNOWN STEP	2025-11-05T19:43:10.1109835Z Download action repository 'actions/download-artifact@634f93cb2916e3fdff6788551b99b062d0335ce0' (SHA:634f93cb2916e3fdff6788551b99b062d0335ce0)
Test remote (slow)	UNKNOWN STEP	2025-11-05T19:43:10.6067120Z Complete job name: Test remote (slow)
Test remote (slow)	UNKNOWN STEP	2025-11-05T19:43:10.6873106Z ##[group]Run actions/checkout@08c6903cd8c0fde910a37f88322edcfb5dd907a8
Test remote (slow)	UNKNOWN STEP	2025-11-05T19:43:10.6874812Z with:
Test remote (slow)	UNKNOWN STEP	2025-11-05T19:43:10.6875563Z   repository: keycloak/keycloak
Test remote (slow)	UNKNOWN STEP	2025-11-05T19:43:10.6876738Z   token: ***
Test remote (slow)	UNKNOWN STEP	2025-11-05T19:43:10.6877469Z   ssh-strict: true
Test remote (slow)	UNKNOWN STEP	2025-11-05T19:43:10.6878231Z   ssh-user: git
Test remote (slow)	UNKNOWN STEP	2025-11-05T19:43:10.6879234Z   persist-credentials: true
Test remote (slow)	UNKNOWN STEP	2025-11-05T19:43:10.6880105Z   clean: true
Test remote (slow)	UNKNOWN STEP	2025-11-05T19:43:10.6880905Z   sparse-checkout-cone-mode: true
Test remote (slow)	UNKNOWN STEP	2025-11-05T19:43:10.6881846Z   fetch-depth: 1
Test remote (slow)	UNKNOWN STEP	2025-11-05T19:43:10.6882600Z   fetch-tags: false
Test remote (slow)	UNKNOWN STEP	2025-11-05T19:43:10.6883377Z   show-progress: true
Test remote (slow)	UNKNOWN STEP	2025-11-05T19:43:10.6884158Z   lfs: false
Test remote (slow)	UNKNOWN STEP	2025-11-05T19:43:10.6884862Z   submodules: false
Test remote (slow)	UNKNOWN STEP	2025-11-05T19:43:10.6885658Z   set-safe-directory: true
Test remote (slow)	UNKNOWN STEP	2025-11-05T19:43:10.6886751Z env:
Test remote (slow)	UNKNOWN STEP	2025-11-05T19:43:10.6887792Z   MAVEN_ARGS: -B -nsu -Daether.connector.http.connectionMaxTtl=25
Test remote (slow)	UNKNOWN STEP	2025-11-05T19:43:10.6889239Z   MINIKUBE_VERSION: v1.37.0
Test remote (slow)	UNKNOWN STEP	2025-11-05T19:43:10.6890174Z   KUBERNETES_VERSION: v1.32.9
Test remote (slow)	UNKNOWN STEP	2025-11-05T19:43:10.6891094Z   MINIKUBE_MEMORY: 4096
Test remote (slow)	UNKNOWN STEP	2025-11-05T19:43:10.6891883Z ##[endgroup]
Test remote (slow)	UNKNOWN STEP	2025-11-05T19:43:10.7814194Z Syncing repository: keycloak/keycloak
Test remote (slow)	UNKNOWN STEP	2025-11-05T19:43:10.7816901Z ##[group]Getting Git version info
Test remote (slow)	UNKNOWN STEP	2025-11-05T19:43:10.7818361Z Working directory is '/home/runner/work/keycloak/keycloak'
Test remote (slow)	UNKNOWN STEP	2025-11-05T19:43:10.7820705Z [command]/usr/bin/git version
Test remote (slow)	UNKNOWN STEP	2025-11-05T19:43:10.7868137Z git version 2.51.2
Test remote (slow)	UNKNOWN STEP	2025-11-05T19:43:10.7888591Z ##[endgroup]
Test remote (slow)	UNKNOWN STEP	2025-11-05T19:43:10.7903462Z Temporarily overriding HOME='/home/runner/work/_temp/28f416c6-41a7-4066-800d-bcba3359df45' before making global git config changes
Test remote (slow)	UNKNOWN STEP	2025-11-05T19:43:10.7906652Z Adding repository directory to the temporary git global config as a safe directory
Test remote (slow)	UNKNOWN STEP	2025-11-05T19:43:10.7909647Z [command]/usr/bin/git config --global --add safe.directory /home/runner/work/keycloak/keycloak
Test remote (slow)	UNKNOWN STEP	2025-11-05T19:43:10.7944070Z Deleting the contents of '/home/runner/work/keycloak/keycloak'
Test remote (slow)	UNKNOWN STEP	2025-11-05T19:43:10.7947001Z ##[group]Initializing the repository
Test remote (slow)	UNKNOWN STEP	2025-11-05T19:43:10.7951654Z [command]/usr/bin/git init /home/runner/work/keycloak/keycloak
Test remote (slow)	UNKNOWN STEP	2025-11-05T19:43:10.8047779Z hint: Using 'master' as the name for the initial branch. This default branch name
Test remote (slow)	UNKNOWN STEP	2025-11-05T19:43:10.8050189Z hint: is subject to change. To configure the initial branch name to use in all
Test remote (slow)	UNKNOWN STEP	2025-11-05T19:43:10.8052492Z hint: of your new repositories, which will suppress this warning, call:
Test remote (slow)	UNKNOWN STEP	2025-11-05T19:43:10.8054215Z hint:
Test remote (slow)	UNKNOWN STEP	2025-11-05T19:43:10.8055314Z hint: 	git config --global init.defaultBranch <name>
Test remote (slow)	UNKNOWN STEP	2025-11-05T19:43:10.8056472Z hint:
Test remote (slow)	UNKNOWN STEP	2025-11-05T19:43:10.8057751Z hint: Names commonly chosen instead of 'master' are 'main', 'trunk' and
Test remote (slow)	UNKNOWN STEP	2025-11-05T19:43:10.8059799Z hint: 'development'. The just-created branch can be renamed via this command:
Test remote (slow)	UNKNOWN STEP	2025-11-05T19:43:10.8061390Z hint:
Test remote (slow)	UNKNOWN STEP	2025-11-05T19:43:10.8062493Z hint: 	git branch -m <name>
Test remote (slow)	UNKNOWN STEP	2025-11-05T19:43:10.8063377Z hint:
Test remote (slow)	UNKNOWN STEP	2025-11-05T19:43:10.8064555Z hint: Disable this message with "git config set advice.defaultBranchName false"
Test remote (slow)	UNKNOWN STEP	2025-11-05T19:43:10.8066538Z Initialized empty Git repository in /home/runner/work/keycloak/keycloak/.git/
Test remote (slow)	UNKNOWN STEP	2025-11-05T19:43:10.8069658Z [command]/usr/bin/git remote add origin https://github.com/keycloak/keycloak
Test remote (slow)	UNKNOWN STEP	2025-11-05T19:43:10.8097426Z ##[endgroup]
Test remote (slow)	UNKNOWN STEP	2025-11-05T19:43:10.8098936Z ##[group]Disabling automatic garbage collection
Test remote (slow)	UNKNOWN STEP	2025-11-05T19:43:10.8100597Z [command]/usr/bin/git config --local gc.auto 0
Test remote (slow)	UNKNOWN STEP	2025-11-05T19:43:10.8129418Z ##[endgroup]
Test remote (slow)	UNKNOWN STEP	2025-11-05T19:43:10.8130738Z ##[group]Setting up auth
Test remote (slow)	UNKNOWN STEP	2025-11-05T19:43:10.8136092Z [command]/usr/bin/git config --local --name-only --get-regexp core\.sshCommand
Test remote (slow)	UNKNOWN STEP	2025-11-05T19:43:10.8165890Z [command]/usr/bin/git submodule foreach --recursive sh -c "git config --local --name-only --get-regexp 'core\.sshCommand' && git config --local --unset-all 'core.sshCommand' || :"
Test remote (slow)	UNKNOWN STEP	2025-11-05T19:43:10.8520188Z [command]/usr/bin/git config --local --name-only --get-regexp http\.https\:\/\/github\.com\/\.extraheader
Test remote (slow)	UNKNOWN STEP	2025-11-05T19:43:10.8550226Z [command]/usr/bin/git submodule foreach --recursive sh -c "git config --local --name-only --get-regexp 'http\.https\:\/\/github\.com\/\.extraheader' && git config --local --unset-all 'http.https://github.com/.extraheader' || :"
Test remote (slow)	UNKNOWN STEP	2025-11-05T19:43:10.8766657Z [command]/usr/bin/git config --local http.https://github.com/.extraheader AUTHORIZATION: basic ***
Test remote (slow)	UNKNOWN STEP	2025-11-05T19:43:10.8799970Z ##[endgroup]
Test remote (slow)	UNKNOWN STEP	2025-11-05T19:43:10.8801379Z ##[group]Fetching the repository
Test remote (slow)	UNKNOWN STEP	2025-11-05T19:43:10.8809617Z [command]/usr/bin/git -c protocol.version=2 fetch --no-tags --prune --no-recurse-submodules --depth=1 origin +3410e86fd3affa966b3d36f49bc4a2668bc745fe:refs/remotes/pull/43982/merge
Test remote (slow)	UNKNOWN STEP	2025-11-05T19:43:12.7219376Z From https://github.com/keycloak/keycloak
Test remote (slow)	UNKNOWN STEP	2025-11-05T19:43:12.7221271Z  * [new ref]         3410e86fd3affa966b3d36f49bc4a2668bc745fe -> pull/43982/merge
Test remote (slow)	UNKNOWN STEP	2025-11-05T19:43:12.7251726Z ##[endgroup]
Test remote (slow)	UNKNOWN STEP	2025-11-05T19:43:12.7257182Z ##[group]Determining the checkout info
Test remote (slow)	UNKNOWN STEP	2025-11-05T19:43:12.7258209Z ##[endgroup]
Test remote (slow)	UNKNOWN STEP	2025-11-05T19:43:12.7261460Z [command]/usr/bin/git sparse-checkout disable
Test remote (slow)	UNKNOWN STEP	2025-11-05T19:43:12.7301436Z [command]/usr/bin/git config --local --unset-all extensions.worktreeConfig
Test remote (slow)	UNKNOWN STEP	2025-11-05T19:43:12.7329610Z ##[group]Checking out the ref
Test remote (slow)	UNKNOWN STEP	2025-11-05T19:43:12.7334563Z [command]/usr/bin/git checkout --progress --force refs/remotes/pull/43982/merge
Test remote (slow)	UNKNOWN STEP	2025-11-05T19:43:13.5588206Z Note: switching to 'refs/remotes/pull/43982/merge'.
Test remote (slow)	UNKNOWN STEP	2025-11-05T19:43:13.5589257Z 
Test remote (slow)	UNKNOWN STEP	2025-11-05T19:43:13.5589824Z You are in 'detached HEAD' state. You can look around, make experimental
Test remote (slow)	UNKNOWN STEP	2025-11-05T19:43:13.5591110Z changes and commit them, and you can discard any commits you make in this
Test remote (slow)	UNKNOWN STEP	2025-11-05T19:43:13.5592302Z state without impacting any branches by switching back to a branch.
Test remote (slow)	UNKNOWN STEP	2025-11-05T19:43:13.5592920Z 
Test remote (slow)	UNKNOWN STEP	2025-11-05T19:43:13.5593409Z If you want to create a new branch to retain commits you create, you may
Test remote (slow)	UNKNOWN STEP	2025-11-05T19:43:13.5594554Z do so (now or later) by using -c with the switch command. Example:
Test remote (slow)	UNKNOWN STEP	2025-11-05T19:43:13.5595280Z 
Test remote (slow)	UNKNOWN STEP	2025-11-05T19:43:13.5595585Z   git switch -c <new-branch-name>
Test remote (slow)	UNKNOWN STEP	2025-11-05T19:43:13.5596491Z 
Test remote (slow)	UNKNOWN STEP	2025-11-05T19:43:13.5596772Z Or undo this operation with:
Test remote (slow)	UNKNOWN STEP	2025-11-05T19:43:13.5597190Z 
Test remote (slow)	UNKNOWN STEP	2025-11-05T19:43:13.5597526Z   git switch -
Test remote (slow)	UNKNOWN STEP	2025-11-05T19:43:13.5597869Z 
Test remote (slow)	UNKNOWN STEP	2025-11-05T19:43:13.5598351Z Turn off this advice by setting config variable advice.detachedHead to false
Test remote (slow)	UNKNOWN STEP	2025-11-05T19:43:13.5599227Z 
Test remote (slow)	UNKNOWN STEP	2025-11-05T19:43:13.5599934Z HEAD is now at 3410e86 Merge 6d8c5ce10b13a97eacd2fc28af2b13d41eeb0778 into 6043027d9999e77af95c2d5fab292e92d6856d76
Test remote (slow)	UNKNOWN STEP	2025-11-05T19:43:13.5622293Z ##[endgroup]
Test remote (slow)	UNKNOWN STEP	2025-11-05T19:43:13.5661757Z [command]/usr/bin/git log -1 --format=%H
Test remote (slow)	UNKNOWN STEP	2025-11-05T19:43:13.5683828Z 3410e86fd3affa966b3d36f49bc4a2668bc745fe
Test remote (slow)	UNKNOWN STEP	2025-11-05T19:43:13.5880194Z ##[group]Run echo "version_remote=0.0.1-${GITHUB_SHA::6}" >> $GITHUB_ENV
Test remote (slow)	UNKNOWN STEP	2025-11-05T19:43:13.5880781Z [36;1mecho "version_remote=0.0.1-${GITHUB_SHA::6}" >> $GITHUB_ENV[0m
Test remote (slow)	UNKNOWN STEP	2025-11-05T19:43:13.5917162Z shell: /usr/bin/bash --noprofile --norc -e -o pipefail {0}
Test remote (slow)	UNKNOWN STEP	2025-11-05T19:43:13.5917612Z env:
Test remote (slow)	UNKNOWN STEP	2025-11-05T19:43:13.5918060Z   MAVEN_ARGS: -B -nsu -Daether.connector.http.connectionMaxTtl=25
Test remote (slow)	UNKNOWN STEP	2025-11-05T19:43:13.5918540Z   MINIKUBE_VERSION: v1.37.0
Test remote (slow)	UNKNOWN STEP	2025-11-05T19:43:13.5919182Z   KUBERNETES_VERSION: v1.32.9
Test remote (slow)	UNKNOWN STEP	2025-11-05T19:43:13.5919552Z   MINIKUBE_MEMORY: 4096
Test remote (slow)	UNKNOWN STEP	2025-11-05T19:43:13.5919866Z ##[endgroup]
Test remote (slow)	UNKNOWN STEP	2025-11-05T19:43:13.6157699Z Prepare all required actions
Test remote (slow)	UNKNOWN STEP	2025-11-05T19:43:13.6158143Z Getting action download info
Test remote (slow)	UNKNOWN STEP	2025-11-05T19:43:13.7805688Z Download action repository 'actions/setup-java@c5195efecf7bdfc987ee8bae7a71cb8b11521c00' (SHA:c5195efecf7bdfc987ee8bae7a71cb8b11521c00)
Test remote (slow)	UNKNOWN STEP	2025-11-05T19:43:14.0477819Z ##[group]Run ./.github/actions/java-setup
Test remote (slow)	UNKNOWN STEP	2025-11-05T19:43:14.0478109Z with:
Test remote (slow)	UNKNOWN STEP	2025-11-05T19:43:14.0478292Z   distribution: temurin
Test remote (slow)	UNKNOWN STEP	2025-11-05T19:43:14.0478504Z   java-version: 21
Test remote (slow)	UNKNOWN STEP	2025-11-05T19:43:14.0478852Z env:
Test remote (slow)	UNKNOWN STEP	2025-11-05T19:43:14.0479119Z   MAVEN_ARGS: -B -nsu -Daether.connector.http.connectionMaxTtl=25
Test remote (slow)	UNKNOWN STEP	2025-11-05T19:43:14.0479448Z   MINIKUBE_VERSION: v1.37.0
Test remote (slow)	UNKNOWN STEP	2025-11-05T19:43:14.0479675Z   KUBERNETES_VERSION: v1.32.9
Test remote (slow)	UNKNOWN STEP	2025-11-05T19:43:14.0479895Z   MINIKUBE_MEMORY: 4096
Test remote (slow)	UNKNOWN STEP	2025-11-05T19:43:14.0480122Z   version_remote: 0.0.1-3410e8
Test remote (slow)	UNKNOWN STEP	2025-11-05T19:43:14.0480327Z ##[endgroup]
Test remote (slow)	UNKNOWN STEP	2025-11-05T19:43:14.0622326Z ##[group]Run actions/setup-java@c5195efecf7bdfc987ee8bae7a71cb8b11521c00
Test remote (slow)	UNKNOWN STEP	2025-11-05T19:43:14.0622765Z with:
Test remote (slow)	UNKNOWN STEP	2025-11-05T19:43:14.0622951Z   distribution: temurin
Test remote (slow)	UNKNOWN STEP	2025-11-05T19:43:14.0623161Z   java-version: 21
Test remote (slow)	UNKNOWN STEP	2025-11-05T19:43:14.0623354Z   java-package: jdk
Test remote (slow)	UNKNOWN STEP	2025-11-05T19:43:14.0623555Z   check-latest: false
Test remote (slow)	UNKNOWN STEP	2025-11-05T19:43:14.0623748Z   server-id: github
Test remote (slow)	UNKNOWN STEP	2025-11-05T19:43:14.0623942Z   server-username: GITHUB_ACTOR
Test remote (slow)	UNKNOWN STEP	2025-11-05T19:43:14.0624174Z   server-password: GITHUB_TOKEN
Test remote (slow)	UNKNOWN STEP	2025-11-05T19:43:14.0624402Z   overwrite-settings: true
Test remote (slow)	UNKNOWN STEP	2025-11-05T19:43:14.0624614Z   job-status: success
Test remote (slow)	UNKNOWN STEP	2025-11-05T19:43:14.0624930Z   token: ***
Test remote (slow)	UNKNOWN STEP	2025-11-05T19:43:14.0625113Z env:
Test remote (slow)	UNKNOWN STEP	2025-11-05T19:43:14.0625372Z   MAVEN_ARGS: -B -nsu -Daether.connector.http.connectionMaxTtl=25
Test remote (slow)	UNKNOWN STEP	2025-11-05T19:43:14.0625710Z   MINIKUBE_VERSION: v1.37.0
Test remote (slow)	UNKNOWN STEP	2025-11-05T19:43:14.0625930Z   KUBERNETES_VERSION: v1.32.9
Test remote (slow)	UNKNOWN STEP	2025-11-05T19:43:14.0626160Z   MINIKUBE_MEMORY: 4096
Test remote (slow)	UNKNOWN STEP	2025-11-05T19:43:14.0626363Z   version_remote: 0.0.1-3410e8
Test remote (slow)	UNKNOWN STEP	2025-11-05T19:43:14.0626578Z ##[endgroup]
Test remote (slow)	UNKNOWN STEP	2025-11-05T19:43:14.2556608Z ##[group]Installed distributions
Test remote (slow)	UNKNOWN STEP	2025-11-05T19:43:14.2778346Z Resolved Java 21.0.9+10 from tool-cache
Test remote (slow)	UNKNOWN STEP	2025-11-05T19:43:14.2779766Z Setting Java 21.0.9+10 as the default
Test remote (slow)	UNKNOWN STEP	2025-11-05T19:43:14.2798530Z Creating toolchains.xml for JDK version 21 from temurin
Test remote (slow)	UNKNOWN STEP	2025-11-05T19:43:14.2922179Z Writing to /home/runner/.m2/toolchains.xml
Test remote (slow)	UNKNOWN STEP	2025-11-05T19:43:14.2923238Z 
Test remote (slow)	UNKNOWN STEP	2025-11-05T19:43:14.2923475Z Java configuration:
Test remote (slow)	UNKNOWN STEP	2025-11-05T19:43:14.2924635Z   Distribution: temurin
Test remote (slow)	UNKNOWN STEP	2025-11-05T19:43:14.2925084Z   Version: 21.0.9+10
Test remote (slow)	UNKNOWN STEP	2025-11-05T19:43:14.2926229Z   Path: /opt/hostedtoolcache/Java_Temurin-Hotspot_jdk/21.0.9-10/x64
Test remote (slow)	UNKNOWN STEP	2025-11-05T19:43:14.2926792Z 
Test remote (slow)	UNKNOWN STEP	2025-11-05T19:43:14.2927331Z ##[endgroup]
Test remote (slow)	UNKNOWN STEP	2025-11-05T19:43:14.2943233Z Creating settings.xml with server-id: github
Test remote (slow)	UNKNOWN STEP	2025-11-05T19:43:14.2955640Z Writing to /home/runner/.m2/settings.xml
Test remote (slow)	UNKNOWN STEP	2025-11-05T19:43:14.3112933Z ##[group]Run manusa/actions-setup-minikube@b589f2d61bf96695c546929c72b38563e856059d
Test remote (slow)	UNKNOWN STEP	2025-11-05T19:43:14.3113524Z with:
Test remote (slow)	UNKNOWN STEP	2025-11-05T19:43:14.3113701Z   minikube version: v1.37.0
Test remote (slow)	UNKNOWN STEP	2025-11-05T19:43:14.3113932Z   kubernetes version: v1.32.9
Test remote (slow)	UNKNOWN STEP	2025-11-05T19:43:14.3114373Z   github token: ***
Test remote (slow)	UNKNOWN STEP	2025-11-05T19:43:14.3114563Z   driver: docker
Test remote (slow)	UNKNOWN STEP	2025-11-05T19:43:14.3114845Z   start args: --addons=ingress --memory=4096 --cni calico --cpus=max
Test remote (slow)	UNKNOWN STEP	2025-11-05T19:43:14.3115154Z env:
Test remote (slow)	UNKNOWN STEP	2025-11-05T19:43:14.3115411Z   MAVEN_ARGS: -B -nsu -Daether.connector.http.connectionMaxTtl=25
Test remote (slow)	UNKNOWN STEP	2025-11-05T19:43:14.3115730Z   MINIKUBE_VERSION: v1.37.0
Test remote (slow)	UNKNOWN STEP	2025-11-05T19:43:14.3115950Z   KUBERNETES_VERSION: v1.32.9
Test remote (slow)	UNKNOWN STEP	2025-11-05T19:43:14.3116160Z   MINIKUBE_MEMORY: 4096
Test remote (slow)	UNKNOWN STEP	2025-11-05T19:43:14.3116369Z   version_remote: 0.0.1-3410e8
Test remote (slow)	UNKNOWN STEP	2025-11-05T19:43:14.3116686Z   JAVA_HOME: /opt/hostedtoolcache/Java_Temurin-Hotspot_jdk/21.0.9-10/x64
Test remote (slow)	UNKNOWN STEP	2025-11-05T19:43:14.3117160Z   JAVA_HOME_21_X64: /opt/hostedtoolcache/Java_Temurin-Hotspot_jdk/21.0.9-10/x64
Test remote (slow)	UNKNOWN STEP	2025-11-05T19:43:14.3117495Z ##[endgroup]
Test remote (slow)	UNKNOWN STEP	2025-11-05T19:43:14.4290180Z Loading input variables
Test remote (slow)	UNKNOWN STEP	2025-11-05T19:43:14.4293043Z Updating Environment configuration to support Minikube
Test remote (slow)	UNKNOWN STEP	2025-11-05T19:43:14.4496390Z 
Test remote (slow)	UNKNOWN STEP	2025-11-05T19:43:14.4496987Z WARNING: apt does not have a stable CLI interface. Use with caution in scripts.
Test remote (slow)	UNKNOWN STEP	2025-11-05T19:43:14.4497358Z 
Test remote (slow)	UNKNOWN STEP	2025-11-05T19:43:14.5165672Z Get:1 file:/etc/apt/apt-mirrors.txt Mirrorlist [144 B]
Test remote (slow)	UNKNOWN STEP	2025-11-05T19:43:14.5585871Z Hit:2 http://azure.archive.ubuntu.com/ubuntu noble InRelease
Test remote (slow)	UNKNOWN STEP	2025-11-05T19:43:14.5603460Z Get:3 http://azure.archive.ubuntu.com/ubuntu noble-updates InRelease [126 kB]
Test remote (slow)	UNKNOWN STEP	2025-11-05T19:43:14.5692071Z Get:4 http://azure.archive.ubuntu.com/ubuntu noble-backports InRelease [126 kB]
Test remote (slow)	UNKNOWN STEP	2025-11-05T19:43:14.5704791Z Get:5 http://azure.archive.ubuntu.com/ubuntu noble-security InRelease [126 kB]
Test remote (slow)	UNKNOWN STEP	2025-11-05T19:43:14.5720290Z Get:6 https://packages.microsoft.com/repos/azure-cli noble InRelease [3564 B]
Test remote (slow)	UNKNOWN STEP	2025-11-05T19:43:14.5812750Z Get:7 https://packages.microsoft.com/ubuntu/24.04/prod noble InRelease [3600 B]
Test remote (slow)	UNKNOWN STEP	2025-11-05T19:43:14.7149913Z Get:8 http://azure.archive.ubuntu.com/ubuntu noble-updates/main amd64 Packages [1584 kB]
Test remote (slow)	UNKNOWN STEP	2025-11-05T19:43:14.7482817Z Get:9 http://azure.archive.ubuntu.com/ubuntu noble-updates/main Translation-en [298 kB]
Test remote (slow)	UNKNOWN STEP	2025-11-05T19:43:14.7502675Z Get:10 http://azure.archive.ubuntu.com/ubuntu noble-updates/main amd64 Components [175 kB]
Test remote (slow)	UNKNOWN STEP	2025-11-05T19:43:14.7528538Z Get:11 http://azure.archive.ubuntu.com/ubuntu noble-updates/main amd64 c-n-f Metadata [15.7 kB]
Test remote (slow)	UNKNOWN STEP	2025-11-05T19:43:14.7538894Z Get:12 http://azure.archive.ubuntu.com/ubuntu noble-updates/universe amd64 Packages [1498 kB]
Test remote (slow)	UNKNOWN STEP	2025-11-05T19:43:14.7631714Z Get:13 http://azure.archive.ubuntu.com/ubuntu noble-updates/universe Translation-en [303 kB]
Test remote (slow)	UNKNOWN STEP	2025-11-05T19:43:14.7662826Z Get:14 http://azure.archive.ubuntu.com/ubuntu noble-updates/universe amd64 Components [378 kB]
Test remote (slow)	UNKNOWN STEP	2025-11-05T19:43:14.7700074Z Get:15 http://azure.archive.ubuntu.com/ubuntu noble-updates/universe amd64 c-n-f Metadata [31.4 kB]
Test remote (slow)	UNKNOWN STEP	2025-11-05T19:43:14.7709850Z Get:16 http://azure.archive.ubuntu.com/ubuntu noble-updates/restricted amd64 Packages [2240 kB]
Test remote (slow)	UNKNOWN STEP	2025-11-05T19:43:14.7824032Z Get:17 http://azure.archive.ubuntu.com/ubuntu noble-updates/restricted Translation-en [508 kB]
Test remote (slow)	UNKNOWN STEP	2025-11-05T19:43:14.8286368Z Get:18 http://azure.archive.ubuntu.com/ubuntu noble-updates/restricted amd64 Components [212 B]
Test remote (slow)	UNKNOWN STEP	2025-11-05T19:43:14.8299735Z Get:19 http://azure.archive.ubuntu.com/ubuntu noble-updates/multiverse amd64 Components [940 B]
Test remote (slow)	UNKNOWN STEP	2025-11-05T19:43:14.8307707Z Get:20 http://azure.archive.ubuntu.com/ubuntu noble-backports/main amd64 Components [7148 B]
Test remote (slow)	UNKNOWN STEP	2025-11-05T19:43:14.8317147Z Get:21 http://azure.archive.ubuntu.com/ubuntu noble-backports/universe amd64 Components [11.0 kB]
Test remote (slow)	UNKNOWN STEP	2025-11-05T19:43:14.8325270Z Get:22 http://azure.archive.ubuntu.com/ubuntu noble-backports/restricted amd64 Components [212 B]
Test remote (slow)	UNKNOWN STEP	2025-11-05T19:43:14.8345189Z Get:23 http://azure.archive.ubuntu.com/ubuntu noble-backports/multiverse amd64 Components [212 B]
Test remote (slow)	UNKNOWN STEP	2025-11-05T19:43:14.8571858Z Get:24 http://azure.archive.ubuntu.com/ubuntu noble-security/main amd64 Packages [1301 kB]
Test remote (slow)	UNKNOWN STEP	2025-11-05T19:43:14.8627034Z Get:25 http://azure.archive.ubuntu.com/ubuntu noble-security/main Translation-en [214 kB]
Test remote (slow)	UNKNOWN STEP	2025-11-05T19:43:14.8653738Z Get:26 http://azure.archive.ubuntu.com/ubuntu noble-security/main amd64 Components [21.6 kB]
Test remote (slow)	UNKNOWN STEP	2025-11-05T19:43:14.8671318Z Get:27 http://azure.archive.ubuntu.com/ubuntu noble-security/main amd64 c-n-f Metadata [9332 B]
Test remote (slow)	UNKNOWN STEP	2025-11-05T19:43:14.8720250Z Get:28 http://azure.archive.ubuntu.com/ubuntu noble-security/universe amd64 Packages [906 kB]
Test remote (slow)	UNKNOWN STEP	2025-11-05T19:43:14.8753675Z Get:29 http://azure.archive.ubuntu.com/ubuntu noble-security/universe Translation-en [203 kB]
Test remote (slow)	UNKNOWN STEP	2025-11-05T19:43:14.8779852Z Get:30 http://azure.archive.ubuntu.com/ubuntu noble-security/universe amd64 Components [52.2 kB]
Test remote (slow)	UNKNOWN STEP	2025-11-05T19:43:14.8797563Z Get:31 http://azure.archive.ubuntu.com/ubuntu noble-security/universe amd64 c-n-f Metadata [19.4 kB]
Test remote (slow)	UNKNOWN STEP	2025-11-05T19:43:14.9235305Z Get:36 https://packages.microsoft.com/repos/azure-cli noble/main amd64 Packages [1700 B]
Test remote (slow)	UNKNOWN STEP	2025-11-05T19:43:14.9244027Z Get:32 http://azure.archive.ubuntu.com/ubuntu noble-security/restricted amd64 Packages [2131 kB]
Test remote (slow)	UNKNOWN STEP	2025-11-05T19:43:14.9395096Z Get:33 http://azure.archive.ubuntu.com/ubuntu noble-security/restricted Translation-en [483 kB]
Test remote (slow)	UNKNOWN STEP	2025-11-05T19:43:14.9433064Z Get:34 http://azure.archive.ubuntu.com/ubuntu noble-security/restricted amd64 Components [208 B]
Test remote (slow)	UNKNOWN STEP	2025-11-05T19:43:14.9452184Z Get:35 http://azure.archive.ubuntu.com/ubuntu noble-security/multiverse amd64 Components [208 B]
Test remote (slow)	UNKNOWN STEP	2025-11-05T19:43:14.9804585Z Get:37 https://packages.microsoft.com/ubuntu/24.04/prod noble/main armhf Packages [11.1 kB]
Test remote (slow)	UNKNOWN STEP	2025-11-05T19:43:14.9858167Z Get:38 https://packages.microsoft.com/ubuntu/24.04/prod noble/main arm64 Packages [49.1 kB]
Test remote (slow)	UNKNOWN STEP	2025-11-05T19:43:14.9931286Z Get:39 https://packages.microsoft.com/ubuntu/24.04/prod noble/main amd64 Packages [66.4 kB]
Test remote (slow)	UNKNOWN STEP	2025-11-05T19:43:23.4464698Z Fetched 12.9 MB in 2s (8339 kB/s)
Test remote (slow)	UNKNOWN STEP	2025-11-05T19:43:24.1780326Z Reading package lists...
Test remote (slow)	UNKNOWN STEP	2025-11-05T19:43:24.3318262Z Building dependency tree...
Test remote (slow)	UNKNOWN STEP	2025-11-05T19:43:24.3325425Z Reading state information...
Test remote (slow)	UNKNOWN STEP	2025-11-05T19:43:24.3463100Z 37 packages can be upgraded. Run 'apt list --upgradable' to see them.
Test remote (slow)	UNKNOWN STEP	2025-11-05T19:43:24.3730965Z Reading package lists...
Test remote (slow)	UNKNOWN STEP	2025-11-05T19:43:24.5370858Z Building dependency tree...
Test remote (slow)	UNKNOWN STEP	2025-11-05T19:43:24.5378105Z Reading state information...
Test remote (slow)	UNKNOWN STEP	2025-11-05T19:43:24.7030994Z The following NEW packages will be installed:
Test remote (slow)	UNKNOWN STEP	2025-11-05T19:43:24.7036748Z   conntrack
Test remote (slow)	UNKNOWN STEP	2025-11-05T19:43:24.7209323Z 0 upgraded, 1 newly installed, 0 to remove and 37 not upgraded.
Test remote (slow)	UNKNOWN STEP	2025-11-05T19:43:24.7209984Z Need to get 37.9 kB of archives.
Test remote (slow)	UNKNOWN STEP	2025-11-05T19:43:24.7210537Z After this operation, 119 kB of additional disk space will be used.
Test remote (slow)	UNKNOWN STEP	2025-11-05T19:43:24.7210932Z Get:1 file:/etc/apt/apt-mirrors.txt Mirrorlist [144 B]
Test remote (slow)	UNKNOWN STEP	2025-11-05T19:43:24.7529021Z Get:2 http://azure.archive.ubuntu.com/ubuntu noble/main amd64 conntrack amd64 1:1.4.8-1ubuntu1 [37.9 kB]
Test remote (slow)	UNKNOWN STEP	2025-11-05T19:43:25.0202838Z Fetched 37.9 kB in 0s (805 kB/s)
Test remote (slow)	UNKNOWN STEP	2025-11-05T19:43:25.0988469Z Selecting previously unselected package conntrack.
Test remote (slow)	UNKNOWN STEP	2025-11-05T19:43:25.2071056Z (Reading database ... 
Test remote (slow)	UNKNOWN STEP	2025-11-05T19:43:25.2075446Z (Reading database ... 5%
Test remote (slow)	UNKNOWN STEP	2025-11-05T19:43:25.2075904Z (Reading database ... 10%
Test remote (slow)	UNKNOWN STEP	2025-11-05T19:43:25.2076306Z (Reading database ... 15%
Test remote (slow)	UNKNOWN STEP	2025-11-05T19:43:25.2076566Z (Reading database ... 20%
Test remote (slow)	UNKNOWN STEP	2025-11-05T19:43:25.2076803Z (Reading database ... 25%
Test remote (slow)	UNKNOWN STEP	2025-11-05T19:43:25.2077058Z (Reading database ... 30%
Test remote (slow)	UNKNOWN STEP	2025-11-05T19:43:25.2077298Z (Reading database ... 35%
Test remote (slow)	UNKNOWN STEP	2025-11-05T19:43:25.2077539Z (Reading database ... 40%
Test remote (slow)	UNKNOWN STEP	2025-11-05T19:43:25.2077776Z (Reading database ... 45%
Test remote (slow)	UNKNOWN STEP	2025-11-05T19:43:25.2078015Z (Reading database ... 50%
Test remote (slow)	UNKNOWN STEP	2025-11-05T19:43:25.3169173Z (Reading database ... 55%
Test remote (slow)	UNKNOWN STEP	2025-11-05T19:43:25.6942785Z (Reading database ... 60%
Test remote (slow)	UNKNOWN STEP	2025-11-05T19:43:25.8709722Z (Reading database ... 65%
Test remote (slow)	UNKNOWN STEP	2025-11-05T19:43:25.9716361Z (Reading database ... 70%
Test remote (slow)	UNKNOWN STEP	2025-11-05T19:43:26.1116841Z (Reading database ... 75%
Test remote (slow)	UNKNOWN STEP	2025-11-05T19:43:26.7641292Z (Reading database ... 80%
Test remote (slow)	UNKNOWN STEP	2025-11-05T19:43:27.6083565Z (Reading database ... 85%
Test remote (slow)	UNKNOWN STEP	2025-11-05T19:43:28.4586155Z (Reading database ... 90%
Test remote (slow)	UNKNOWN STEP	2025-11-05T19:43:29.2186579Z (Reading database ... 95%
Test remote (slow)	UNKNOWN STEP	2025-11-05T19:43:29.2187125Z (Reading database ... 100%
Test remote (slow)	UNKNOWN STEP	2025-11-05T19:43:29.2187815Z (Reading database ... 215550 files and directories currently installed.)
Test remote (slow)	UNKNOWN STEP	2025-11-05T19:43:29.2232900Z Preparing to unpack .../conntrack_1%3a1.4.8-1ubuntu1_amd64.deb ...
Test remote (slow)	UNKNOWN STEP	2025-11-05T19:43:29.2269468Z Unpacking conntrack (1:1.4.8-1ubuntu1) ...
Test remote (slow)	UNKNOWN STEP	2025-11-05T19:43:29.2835423Z Setting up conntrack (1:1.4.8-1ubuntu1) ...
Test remote (slow)	UNKNOWN STEP	2025-11-05T19:43:29.2862719Z Processing triggers for man-db (2.12.0-4build2) ...
Test remote (slow)	UNKNOWN STEP	2025-11-05T19:43:32.2490120Z 
Test remote (slow)	UNKNOWN STEP	2025-11-05T19:43:32.2490578Z Running kernel seems to be up-to-date.
Test remote (slow)	UNKNOWN STEP	2025-11-05T19:43:32.2490889Z 
Test remote (slow)	UNKNOWN STEP	2025-11-05T19:43:32.2491021Z No services need to be restarted.
Test remote (slow)	UNKNOWN STEP	2025-11-05T19:43:32.2491623Z 
Test remote (slow)	UNKNOWN STEP	2025-11-05T19:43:32.2491941Z No containers need to be restarted.
Test remote (slow)	UNKNOWN STEP	2025-11-05T19:43:32.2492212Z 
Test remote (slow)	UNKNOWN STEP	2025-11-05T19:43:32.2492360Z No user sessions are running outdated binaries.
Test remote (slow)	UNKNOWN STEP	2025-11-05T19:43:32.2492581Z 
Test remote (slow)	UNKNOWN STEP	2025-11-05T19:43:32.2492775Z No VM guests are running outdated hypervisor (qemu) binaries on this host.
Test remote (slow)	UNKNOWN STEP	2025-11-05T19:43:33.0921881Z fs.protected_regular = 0
Test remote (slow)	UNKNOWN STEP	2025-11-05T19:43:33.0932050Z Waiting for Docker to be ready
Test remote (slow)	UNKNOWN STEP	2025-11-05T19:43:33.1871529Z 28.0.4 - 28.0.4
Test remote (slow)	UNKNOWN STEP	2025-11-05T19:43:33.1887453Z Docker daemon is ready
Test remote (slow)	UNKNOWN STEP	2025-11-05T19:43:33.1892124Z Downloading Minikube  v1.37.0
Test remote (slow)	UNKNOWN STEP	2025-11-05T19:43:33.4432898Z Downloading from: https://github.com/kubernetes/minikube/releases/download/v1.37.0/minikube-linux-amd64
Test remote (slow)	UNKNOWN STEP	2025-11-05T19:43:34.2181903Z Installing Minikube
Test remote (slow)	UNKNOWN STEP	2025-11-05T19:43:34.2583535Z * minikube v1.37.0 on Ubuntu 24.04
Test remote (slow)	UNKNOWN STEP	2025-11-05T19:43:34.2588113Z   - MINIKUBE_VERSION=v1.37.0
Test remote (slow)	UNKNOWN STEP	2025-11-05T19:43:34.2595877Z   - MINIKUBE_MEMORY=4096
Test remote (slow)	UNKNOWN STEP	2025-11-05T19:43:34.2600914Z   - MINIKUBE_HOME=/home/runner/work/_temp
Test remote (slow)	UNKNOWN STEP	2025-11-05T19:43:34.5524299Z * Using the docker driver based on user configuration
Test remote (slow)	UNKNOWN STEP	2025-11-05T19:43:34.6077591Z * Using Docker driver with root privileges
Test remote (slow)	UNKNOWN STEP	2025-11-05T19:43:34.6088051Z * Starting "minikube" primary control-plane node in "minikube" cluster
Test remote (slow)	UNKNOWN STEP	2025-11-05T19:43:34.6095126Z * Pulling base image v0.0.48 ...
Test remote (slow)	UNKNOWN STEP	2025-11-05T19:43:34.6377163Z * Downloading Kubernetes v1.32.9 preload ...
Test remote (slow)	UNKNOWN STEP	2025-11-05T19:44:13.9387094Z * Configuring Calico (Container Networking Interface) ...
Test remote (slow)	UNKNOWN STEP	2025-11-05T19:44:15.1988840Z * Verifying Kubernetes components...
Test remote (slow)	UNKNOWN STEP	2025-11-05T19:44:15.2255620Z   - Using image registry.k8s.io/ingress-nginx/kube-webhook-certgen:v1.6.2
Test remote (slow)	UNKNOWN STEP	2025-11-05T19:44:15.2264278Z   - Using image registry.k8s.io/ingress-nginx/controller:v1.13.2
Test remote (slow)	UNKNOWN STEP	2025-11-05T19:44:15.2265201Z   - Using image registry.k8s.io/ingress-nginx/kube-webhook-certgen:v1.6.2
Test remote (slow)	UNKNOWN STEP	2025-11-05T19:44:15.2489711Z   - Using image gcr.io/k8s-minikube/storage-provisioner:v5
Test remote (slow)	UNKNOWN STEP	2025-11-05T19:44:16.2262977Z * Verifying ingress addon...
Test remote (slow)	UNKNOWN STEP	2025-11-05T19:44:38.7312948Z * Enabled addons: storage-provisioner, default-storageclass, ingress
Test remote (slow)	UNKNOWN STEP	2025-11-05T19:44:42.5136961Z 
Test remote (slow)	UNKNOWN STEP	2025-11-05T19:44:42.5146487Z     > gcr.io/k8s-minikube/kicbase...:  0 B [_______________________] ?% ? p/s ?    > gcr.io/k8s-minikube/kicbase...:  592.72 KiB / 488.52 MiB [] 0.12% ? p/s ?    > gcr.io/k8s-minikube/kicbase...:  31.92 MiB / 488.52 MiB [>] 6.53% ? p/s ?    > gcr.io/k8s-minikube/kicbase...:  63.02 MiB / 488.52 MiB  12.90% 104.98 Mi    > gcr.io/k8s-minikube/kicbase...:  95.39 MiB / 488.52 MiB  19.53% 104.98 Mi    > gcr.io/k8s-minikube/kicbase...:  126.77 MiB / 488.52 MiB  25.95% 104.98 M    > gcr.io/k8s-minikube/kicbase...:  154.59 MiB / 488.52 MiB  31.64% 108.05 M    > gcr.io/k8s-minikube/kicbase...:  184.41 MiB / 488.52 MiB  37.75% 108.05 M    > gcr.io/k8s-minikube/kicbase...:  212.85 MiB / 488.52 MiB  43.57% 108.05 M    > gcr.io/k8s-minikube/kicbase...:  242.62 MiB / 488.52 MiB  49.66% 110.54 M    > gcr.io/k8s-minikube/kicbase...:  270.71 MiB / 488.52 MiB  55.41% 110.54 M    > gcr.io/k8s-minikube/kicbase...:  298.12 MiB / 488.52 MiB  61.03% 110.54 M    > gcr.io/k8s-minikube/kicbase...:  317.17 MiB / 488.52 MiB  64.93% 111.43 M    > gcr.io/k8s-minikube/kicbase...:  340.27 MiB / 488.52 MiB  69.65% 111.43 M    > gcr.io/k8s-minikube/kicbase...:  369.56 MiB / 488.52 MiB  75.65% 111.43 M    > gcr.io/k8s-minikube/kicbase...:  398.65 MiB / 488.52 MiB  81.60% 113.01 M    > gcr.io/k8s-minikube/kicbase...:  427.85 MiB / 488.52 MiB  87.58% 113.01 M    > gcr.io/k8s-minikube/kicbase...:  451.97 MiB / 488.52 MiB  92.52% 113.01 M    > gcr.io/k8s-minikube/kicbase...:  478.57 MiB / 488.52 MiB  97.96% 114.31 M    > gcr.io/k8s-minikube/kicbase...:  488.51 MiB / 488.52 MiB  100.00% 133.20 ! /usr/bin/kubectl is version 1.34.1, which may have incompatibilities with Kubernetes 1.32.9.
Test remote (slow)	UNKNOWN STEP	2025-11-05T19:44:42.5154142Z   - Want kubectl v1.32.9? Try 'minikube kubectl -- get pods -A'
Test remote (slow)	UNKNOWN STEP	2025-11-05T19:44:42.5155204Z * Done! kubectl is now configured to use "minikube" cluster and "default" namespace by default
Test remote (slow)	UNKNOWN STEP	2025-11-05T19:44:42.5954272Z minikube version: v1.37.0commit: 65318f4cfff9c12cc87ec9eb8f4cdd57b25047f3 installed successfully
Test remote (slow)	UNKNOWN STEP	2025-11-05T19:44:42.6174742Z ##[group]Run actions/download-artifact@634f93cb2916e3fdff6788551b99b062d0335ce0
Test remote (slow)	UNKNOWN STEP	2025-11-05T19:44:42.6175374Z with:
Test remote (slow)	UNKNOWN STEP	2025-11-05T19:44:42.6175784Z   name: keycloak-dist
Test remote (slow)	UNKNOWN STEP	2025-11-05T19:44:42.6176058Z   path: quarkus/container
Test remote (slow)	UNKNOWN STEP	2025-11-05T19:44:42.6176371Z   merge-multiple: false
Test remote (slow)	UNKNOWN STEP	2025-11-05T19:44:42.6176728Z   repository: keycloak/keycloak
Test remote (slow)	UNKNOWN STEP	2025-11-05T19:44:42.6177010Z   run-id: 19114098570
Test remote (slow)	UNKNOWN STEP	2025-11-05T19:44:42.6177288Z env:
Test remote (slow)	UNKNOWN STEP	2025-11-05T19:44:42.6177672Z   MAVEN_ARGS: -B -nsu -Daether.connector.http.connectionMaxTtl=25
Test remote (slow)	UNKNOWN STEP	2025-11-05T19:44:42.6178119Z   MINIKUBE_VERSION: v1.37.0
Test remote (slow)	UNKNOWN STEP	2025-11-05T19:44:42.6178407Z   KUBERNETES_VERSION: v1.32.9
Test remote (slow)	UNKNOWN STEP	2025-11-05T19:44:42.6179065Z   MINIKUBE_MEMORY: 4096
Test remote (slow)	UNKNOWN STEP	2025-11-05T19:44:42.6179414Z   version_remote: 0.0.1-3410e8
Test remote (slow)	UNKNOWN STEP	2025-11-05T19:44:42.6179826Z   JAVA_HOME: /opt/hostedtoolcache/Java_Temurin-Hotspot_jdk/21.0.9-10/x64
Test remote (slow)	UNKNOWN STEP	2025-11-05T19:44:42.6180534Z   JAVA_HOME_21_X64: /opt/hostedtoolcache/Java_Temurin-Hotspot_jdk/21.0.9-10/x64
Test remote (slow)	UNKNOWN STEP	2025-11-05T19:44:42.6181061Z   MINIKUBE_HOME: /home/runner/work/_temp
Test remote (slow)	UNKNOWN STEP	2025-11-05T19:44:42.6181364Z ##[endgroup]
Test remote (slow)	UNKNOWN STEP	2025-11-05T19:44:42.8155053Z Downloading single artifact
Test remote (slow)	UNKNOWN STEP	2025-11-05T19:44:42.9166278Z Preparing to download the following artifacts:
Test remote (slow)	UNKNOWN STEP	2025-11-05T19:44:42.9167462Z - keycloak-dist (ID: 4478794610, Size: 164904017, Expected Digest: sha256:a14dec6cfdba676c15383a708e252cfa875adf6a5afdd90c6a9cb3b9f611c6b7)
Test remote (slow)	UNKNOWN STEP	2025-11-05T19:44:42.9803992Z Redirecting to blob download url: https://productionresultssa12.blob.core.windows.net/actions-results/c4e8f3c0-672c-4921-b23a-a4af138da994/workflow-job-run-5fb82cdf-5348-5d31-945b-0195199380cd/artifacts/8ec452859fe416bcecd39b267c69bfe76c7634fb13c33b71d912d2a8c0986080.zip
Test remote (slow)	UNKNOWN STEP	2025-11-05T19:44:42.9805606Z Starting download of artifact to: /home/runner/work/keycloak/keycloak/quarkus/container
Test remote (slow)	UNKNOWN STEP	2025-11-05T19:44:43.2164273Z (node:11447) [DEP0005] DeprecationWarning: Buffer() is deprecated due to security and usability issues. Please use the Buffer.alloc(), Buffer.allocUnsafe(), or Buffer.from() methods instead.
Test remote (slow)	UNKNOWN STEP	2025-11-05T19:44:43.2165382Z (Use `node --trace-deprecation ...` to show where the warning was created)
Test remote (slow)	UNKNOWN STEP	2025-11-05T19:44:45.0656341Z SHA256 digest of downloaded artifact is a14dec6cfdba676c15383a708e252cfa875adf6a5afdd90c6a9cb3b9f611c6b7
Test remote (slow)	UNKNOWN STEP	2025-11-05T19:44:45.0657048Z Artifact download completed successfully.
Test remote (slow)	UNKNOWN STEP	2025-11-05T19:44:45.0657358Z Total of 1 artifact(s) downloaded
Test remote (slow)	UNKNOWN STEP	2025-11-05T19:44:45.0662691Z Download artifact has finished successfully
Test remote (slow)	UNKNOWN STEP	2025-11-05T19:44:45.0786747Z ##[group]Run eval $(minikube -p minikube docker-env)
Test remote (slow)	UNKNOWN STEP	2025-11-05T19:44:45.0787134Z [36;1meval $(minikube -p minikube docker-env)[0m
Test remote (slow)	UNKNOWN STEP	2025-11-05T19:44:45.0787656Z [36;1m(cd quarkus/container && docker build --build-arg KEYCLOAK_DIST=$(ls keycloak-*.tar.gz) . -t keycloak:0.0.1-3410e8)[0m
Test remote (slow)	UNKNOWN STEP	2025-11-05T19:44:45.0788504Z [36;1m(cd operator && ./scripts/build-testing-docker-images.sh 0.0.1-3410e8 keycloak custom-keycloak)[0m
Test remote (slow)	UNKNOWN STEP	2025-11-05T19:44:45.0821900Z shell: /usr/bin/bash --noprofile --norc -e -o pipefail {0}
Test remote (slow)	UNKNOWN STEP	2025-11-05T19:44:45.0822215Z env:
Test remote (slow)	UNKNOWN STEP	2025-11-05T19:44:45.0822478Z   MAVEN_ARGS: -B -nsu -Daether.connector.http.connectionMaxTtl=25
Test remote (slow)	UNKNOWN STEP	2025-11-05T19:44:45.0822812Z   MINIKUBE_VERSION: v1.37.0
Test remote (slow)	UNKNOWN STEP	2025-11-05T19:44:45.0823218Z   KUBERNETES_VERSION: v1.32.9
Test remote (slow)	UNKNOWN STEP	2025-11-05T19:44:45.0823438Z   MINIKUBE_MEMORY: 4096
Test remote (slow)	UNKNOWN STEP	2025-11-05T19:44:45.0823643Z   version_remote: 0.0.1-3410e8
Test remote (slow)	UNKNOWN STEP	2025-11-05T19:44:45.0823966Z   JAVA_HOME: /opt/hostedtoolcache/Java_Temurin-Hotspot_jdk/21.0.9-10/x64
Test remote (slow)	UNKNOWN STEP	2025-11-05T19:44:45.0824452Z   JAVA_HOME_21_X64: /opt/hostedtoolcache/Java_Temurin-Hotspot_jdk/21.0.9-10/x64
Test remote (slow)	UNKNOWN STEP	2025-11-05T19:44:45.0824816Z   MINIKUBE_HOME: /home/runner/work/_temp
Test remote (slow)	UNKNOWN STEP	2025-11-05T19:44:45.0825051Z ##[endgroup]
Test remote (slow)	UNKNOWN STEP	2025-11-05T19:44:45.7237263Z #0 building with "default" instance using docker driver
Test remote (slow)	UNKNOWN STEP	2025-11-05T19:44:45.7237636Z 
Test remote (slow)	UNKNOWN STEP	2025-11-05T19:44:45.7237792Z #1 [internal] load build definition from Dockerfile
Test remote (slow)	UNKNOWN STEP	2025-11-05T19:44:45.7238180Z #1 transferring dockerfile: 2.73kB done
Test remote (slow)	UNKNOWN STEP	2025-11-05T19:44:45.7238470Z #1 DONE 0.0s
Test remote (slow)	UNKNOWN STEP	2025-11-05T19:44:45.7238601Z 
Test remote (slow)	UNKNOWN STEP	2025-11-05T19:44:45.7239134Z #2 [internal] load metadata for registry.access.redhat.com/ubi9:latest
Test remote (slow)	UNKNOWN STEP	2025-11-05T19:44:45.9530027Z #2 ...
Test remote (slow)	UNKNOWN STEP	2025-11-05T19:44:45.9530248Z 
Test remote (slow)	UNKNOWN STEP	2025-11-05T19:44:45.9530604Z #3 [internal] load metadata for registry.access.redhat.com/ubi9-micro:latest
Test remote (slow)	UNKNOWN STEP	2025-11-05T19:44:45.9531032Z #3 DONE 0.4s
Test remote (slow)	UNKNOWN STEP	2025-11-05T19:44:46.1096321Z 
Test remote (slow)	UNKNOWN STEP	2025-11-05T19:44:46.1097838Z #2 [internal] load metadata for registry.access.redhat.com/ubi9:latest
Test remote (slow)	UNKNOWN STEP	2025-11-05T19:44:46.1099092Z #2 DONE 0.4s
Test remote (slow)	UNKNOWN STEP	2025-11-05T19:44:46.1102752Z 
Test remote (slow)	UNKNOWN STEP	2025-11-05T19:44:46.1102921Z #4 [internal] load .dockerignore
Test remote (slow)	UNKNOWN STEP	2025-11-05T19:44:46.1103650Z #4 transferring context: 2B done
Test remote (slow)	UNKNOWN STEP	2025-11-05T19:44:46.1104663Z #4 DONE 0.0s
Test remote (slow)	UNKNOWN STEP	2025-11-05T19:44:46.1104856Z 
Test remote (slow)	UNKNOWN STEP	2025-11-05T19:44:46.1105626Z #5 [ubi-micro-build 1/8] FROM registry.access.redhat.com/ubi9:latest@sha256:dec374e05cc13ebbc0975c9f521f3db6942d27f8ccdf06b180160490eef8bdbc
Test remote (slow)	UNKNOWN STEP	2025-11-05T19:44:46.1109966Z #5 resolve registry.access.redhat.com/ubi9:latest@sha256:dec374e05cc13ebbc0975c9f521f3db6942d27f8ccdf06b180160490eef8bdbc done
Test remote (slow)	UNKNOWN STEP	2025-11-05T19:44:46.1111103Z #5 sha256:dec374e05cc13ebbc0975c9f521f3db6942d27f8ccdf06b180160490eef8bdbc 970B / 970B done
Test remote (slow)	UNKNOWN STEP	2025-11-05T19:44:46.1114812Z #5 sha256:f3b9841ea7615b38fd271cf18ae235d8228d3369036eb175ded171c936808255 429B / 429B done
Test remote (slow)	UNKNOWN STEP	2025-11-05T19:44:46.1115843Z #5 sha256:4461e0f8948d70db7614912a1d3d4b0b180d4a3044a08058bec55dbbb941b1f3 5.94kB / 5.94kB done
Test remote (slow)	UNKNOWN STEP	2025-11-05T19:44:46.1116960Z #5 sha256:35d6a5cce6a146ea7213377edde7d1d27f34dda18ce9fac98ea2ab40a6b110f6 7.34MB / 79.59MB 0.1s
Test remote (slow)	UNKNOWN STEP	2025-11-05T19:44:46.2107074Z #5 sha256:35d6a5cce6a146ea7213377edde7d1d27f34dda18ce9fac98ea2ab40a6b110f6 26.21MB / 79.59MB 0.2s
Test remote (slow)	UNKNOWN STEP	2025-11-05T19:44:46.3110712Z #5 sha256:35d6a5cce6a146ea7213377edde7d1d27f34dda18ce9fac98ea2ab40a6b110f6 46.14MB / 79.59MB 0.3s
Test remote (slow)	UNKNOWN STEP	2025-11-05T19:44:46.4139887Z #5 sha256:35d6a5cce6a146ea7213377edde7d1d27f34dda18ce9fac98ea2ab40a6b110f6 65.01MB / 79.59MB 0.4s
Test remote (slow)	UNKNOWN STEP	2025-11-05T19:44:46.5153478Z #5 sha256:35d6a5cce6a146ea7213377edde7d1d27f34dda18ce9fac98ea2ab40a6b110f6 79.59MB / 79.59MB 0.5s
Test remote (slow)	UNKNOWN STEP	2025-11-05T19:44:46.6143084Z #5 sha256:35d6a5cce6a146ea7213377edde7d1d27f34dda18ce9fac98ea2ab40a6b110f6 79.59MB / 79.59MB 0.5s done
Test remote (slow)	UNKNOWN STEP	2025-11-05T19:44:46.6145027Z #5 extracting sha256:35d6a5cce6a146ea7213377edde7d1d27f34dda18ce9fac98ea2ab40a6b110f6
Test remote (slow)	UNKNOWN STEP	2025-11-05T19:44:47.1565870Z #5 ...
Test remote (slow)	UNKNOWN STEP	2025-11-05T19:44:47.1566206Z 
Test remote (slow)	UNKNOWN STEP	2025-11-05T19:44:47.1566378Z #6 [internal] load build context
Test remote (slow)	UNKNOWN STEP	2025-11-05T19:44:47.1566874Z #6 transferring context: 164.89MB 1.0s done
Test remote (slow)	UNKNOWN STEP	2025-11-05T19:44:47.1567321Z #6 DONE 1.0s
Test remote (slow)	UNKNOWN STEP	2025-11-05T19:44:47.1567864Z 
Test remote (slow)	UNKNOWN STEP	2025-11-05T19:44:47.1568588Z #7 [stage-1 1/4] FROM registry.access.redhat.com/ubi9-micro:latest@sha256:990002083442f6a93cd3249da32ecb7c3f6be778a1bec3a73a9c17fbc40edc15
Test remote (slow)	UNKNOWN STEP	2025-11-05T19:44:47.1570158Z #7 resolve registry.access.redhat.com/ubi9-micro:latest@sha256:990002083442f6a93cd3249da32ecb7c3f6be778a1bec3a73a9c17fbc40edc15 done
Test remote (slow)	UNKNOWN STEP	2025-11-05T19:44:47.1571286Z #7 sha256:990002083442f6a93cd3249da32ecb7c3f6be778a1bec3a73a9c17fbc40edc15 970B / 970B done
Test remote (slow)	UNKNOWN STEP	2025-11-05T19:44:47.1572367Z #7 sha256:40bc662f062f4b8bd2c565f33afd213abcadb0afd138dfc45c5c1c19edd8d319 428B / 428B done
Test remote (slow)	UNKNOWN STEP	2025-11-05T19:44:47.1573142Z #7 sha256:3f62c8d50142dbc9d3a53643b53faae8ea5bef43c2e1f7a669f76652cca2e87c 5.18kB / 5.18kB done
Test remote (slow)	UNKNOWN STEP	2025-11-05T19:44:47.1574247Z #7 sha256:e44958e765eb6f552b8656cac3b1ab938654c79657d5dcb931dc43840cb68ac2 7.27MB / 7.27MB 0.5s done
Test remote (slow)	UNKNOWN STEP	2025-11-05T19:44:47.1575041Z #7 extracting sha256:e44958e765eb6f552b8656cac3b1ab938654c79657d5dcb931dc43840cb68ac2 0.5s done
Test remote (slow)	UNKNOWN STEP	2025-11-05T19:44:47.1575763Z #7 DONE 1.0s
Test remote (slow)	UNKNOWN STEP	2025-11-05T19:44:47.2508314Z 
Test remote (slow)	UNKNOWN STEP	2025-11-05T19:44:47.2509596Z #5 [ubi-micro-build 1/8] FROM registry.access.redhat.com/ubi9:latest@sha256:dec374e05cc13ebbc0975c9f521f3db6942d27f8ccdf06b180160490eef8bdbc
Test remote (slow)	UNKNOWN STEP	2025-11-05T19:44:50.1803701Z #5 extracting sha256:35d6a5cce6a146ea7213377edde7d1d27f34dda18ce9fac98ea2ab40a6b110f6 3.4s done
Test remote (slow)	UNKNOWN STEP	2025-11-05T19:44:50.1812232Z #5 DONE 4.2s
Test remote (slow)	UNKNOWN STEP	2025-11-05T19:44:50.3347673Z 
Test remote (slow)	UNKNOWN STEP	2025-11-05T19:44:50.3349033Z #8 [ubi-micro-build 2/8] RUN dnf install -y tar gzip
Test remote (slow)	UNKNOWN STEP	2025-11-05T19:44:50.6637810Z #8 0.480 Updating Subscription Management repositories.
Test remote (slow)	UNKNOWN STEP	2025-11-05T19:44:50.7974846Z #8 0.480 Unable to read consumer identity
Test remote (slow)	UNKNOWN STEP	2025-11-05T19:44:50.7975366Z #8 0.484 
Test remote (slow)	UNKNOWN STEP	2025-11-05T19:44:50.7976058Z #8 0.484 This system is not registered with an entitlement server. You can use subscription-manager to register.
Test remote (slow)	UNKNOWN STEP	2025-11-05T19:44:50.7976951Z #8 0.484 
Test remote (slow)	UNKNOWN STEP	2025-11-05T19:44:50.7978474Z #8 0.614 Red Hat Universal Base Image 9 (RPMs) - BaseOS  5.4 MB/s | 531 kB     00:00    
Test remote (slow)	UNKNOWN STEP	2025-11-05T19:44:50.9524511Z #8 0.769 Red Hat Universal Base Image 9 (RPMs) - AppStre  34 MB/s | 2.4 MB     00:00    
Test remote (slow)	UNKNOWN STEP	2025-11-05T19:44:51.3934751Z #8 1.210 Red Hat Universal Base Image 9 (RPMs) - CodeRea 4.8 MB/s | 287 kB     00:00    
Test remote (slow)	UNKNOWN STEP	2025-11-05T19:44:51.5635572Z #8 1.380 Package tar-2:1.34-7.el9.x86_64 is already installed.
Test remote (slow)	UNKNOWN STEP	2025-11-05T19:44:51.5636284Z #8 1.380 Package gzip-1.12-1.el9.x86_64 is already installed.
Test remote (slow)	UNKNOWN STEP	2025-11-05T19:44:51.8011436Z #8 1.397 Dependencies resolved.
Test remote (slow)	UNKNOWN STEP	2025-11-05T19:44:51.8012343Z #8 1.398 Nothing to do.
Test remote (slow)	UNKNOWN STEP	2025-11-05T19:44:51.8012855Z #8 1.399 Complete!
Test remote (slow)	UNKNOWN STEP	2025-11-05T19:44:51.8013120Z #8 DONE 1.5s
Test remote (slow)	UNKNOWN STEP	2025-11-05T19:44:51.8013248Z 
Test remote (slow)	UNKNOWN STEP	2025-11-05T19:44:51.8013466Z #9 [ubi-micro-build 3/8] ADD keycloak-999.0.0-SNAPSHOT.tar.gz /tmp/keycloak/
Test remote (slow)	UNKNOWN STEP	2025-11-05T19:44:52.6329500Z #9 DONE 1.0s
Test remote (slow)	UNKNOWN STEP	2025-11-05T19:44:52.7391343Z 
Test remote (slow)	UNKNOWN STEP	2025-11-05T19:44:52.7392785Z #10 [ubi-micro-build 4/8] RUN (cd /tmp/keycloak &&     tar -xvf /tmp/keycloak/keycloak-*.tar.gz &&     rm /tmp/keycloak/keycloak-*.tar.gz) || true
Test remote (slow)	UNKNOWN STEP	2025-11-05T19:44:52.7393851Z #10 0.105 tar: /tmp/keycloak/keycloak-*.tar.gz: Cannot open: No such file or directory
Test remote (slow)	UNKNOWN STEP	2025-11-05T19:44:52.7394342Z #10 0.105 tar: Error is not recoverable: exiting now
Test remote (slow)	UNKNOWN STEP	2025-11-05T19:44:52.8780809Z #10 DONE 0.1s
Test remote (slow)	UNKNOWN STEP	2025-11-05T19:44:52.8781060Z 
Test remote (slow)	UNKNOWN STEP	2025-11-05T19:44:52.8781571Z #11 [ubi-micro-build 5/8] RUN mv /tmp/keycloak/keycloak-* /opt/keycloak && mkdir -p /opt/keycloak/data
Test remote (slow)	UNKNOWN STEP	2025-11-05T19:44:52.8782308Z #11 DONE 0.1s
Test remote (slow)	UNKNOWN STEP	2025-11-05T19:44:53.0292151Z 
Test remote (slow)	UNKNOWN STEP	2025-11-05T19:44:53.0292708Z #12 [ubi-micro-build 6/8] RUN chmod -R g+rwX /opt/keycloak
Test remote (slow)	UNKNOWN STEP	2025-11-05T19:44:53.5110767Z #12 DONE 0.6s
Test remote (slow)	UNKNOWN STEP	2025-11-05T19:44:53.6630002Z 
Test remote (slow)	UNKNOWN STEP	2025-11-05T19:44:53.6630598Z #13 [ubi-micro-build 7/8] ADD ubi-null.sh /tmp/
Test remote (slow)	UNKNOWN STEP	2025-11-05T19:44:53.6631125Z #13 DONE 0.0s
Test remote (slow)	UNKNOWN STEP	2025-11-05T19:44:53.6631275Z 
Test remote (slow)	UNKNOWN STEP	2025-11-05T19:44:53.6631573Z #14 [ubi-micro-build 8/8] RUN bash /tmp/ubi-null.sh java-21-openjdk-headless glibc-langpack-en findutils
Test remote (slow)	UNKNOWN STEP	2025-11-05T19:44:53.6632039Z #14 0.128 ==> Installing packages into chroot
Test remote (slow)	UNKNOWN STEP	2025-11-05T19:44:53.6632340Z #14 0.128 + dnf install -y findutils diffutils
Test remote (slow)	UNKNOWN STEP	2025-11-05T19:44:53.9060671Z #14 0.371 Updating Subscription Management repositories.
Test remote (slow)	UNKNOWN STEP	2025-11-05T19:44:54.0081245Z #14 0.371 Unable to read consumer identity
Test remote (slow)	UNKNOWN STEP	2025-11-05T19:44:54.0081895Z #14 0.374 
Test remote (slow)	UNKNOWN STEP	2025-11-05T19:44:54.0082583Z #14 0.374 This system is not registered with an entitlement server. You can use subscription-manager to register.
Test remote (slow)	UNKNOWN STEP	2025-11-05T19:44:54.0083286Z #14 0.374 
Test remote (slow)	UNKNOWN STEP	2025-11-05T19:44:54.0083618Z #14 0.411 Last metadata expiration check: 0:00:02 ago on Wed Nov  5 19:44:51 2025.
Test remote (slow)	UNKNOWN STEP	2025-11-05T19:44:54.0084100Z #14 0.432 Package findutils-1:4.8.0-7.el9.x86_64 is already installed.
Test remote (slow)	UNKNOWN STEP	2025-11-05T19:44:54.0084466Z #14 0.445 Dependencies resolved.
Test remote (slow)	UNKNOWN STEP	2025-11-05T19:44:54.0084742Z #14 0.446 ================================================================================
Test remote (slow)	UNKNOWN STEP	2025-11-05T19:44:54.0085513Z #14 0.446  Package         Architecture Version             Repository               Size
Test remote (slow)	UNKNOWN STEP	2025-11-05T19:44:54.0085925Z #14 0.446 ================================================================================
Test remote (slow)	UNKNOWN STEP	2025-11-05T19:44:54.0086232Z #14 0.446 Installing:
Test remote (slow)	UNKNOWN STEP	2025-11-05T19:44:54.0086559Z #14 0.446  diffutils       x86_64       3.7-12.el9          ubi-9-baseos-rpms       402 k
Test remote (slow)	UNKNOWN STEP	2025-11-05T19:44:54.0087144Z #14 0.446 
Test remote (slow)	UNKNOWN STEP	2025-11-05T19:44:54.0087440Z #14 0.446 Transaction Summary
Test remote (slow)	UNKNOWN STEP	2025-11-05T19:44:54.0087906Z #14 0.446 ================================================================================
Test remote (slow)	UNKNOWN STEP	2025-11-05T19:44:54.0088426Z #14 0.446 Install  1 Package
Test remote (slow)	UNKNOWN STEP	2025-11-05T19:44:54.0089059Z #14 0.446 
Test remote (slow)	UNKNOWN STEP	2025-11-05T19:44:54.0089399Z #14 0.446 Total download size: 402 k
Test remote (slow)	UNKNOWN STEP	2025-11-05T19:44:54.0089795Z #14 0.447 Installed size: 1.4 M
Test remote (slow)	UNKNOWN STEP	2025-11-05T19:44:54.0090089Z #14 0.447 Downloading Packages:
Test remote (slow)	UNKNOWN STEP	2025-11-05T19:44:54.0090707Z #14 0.473 diffutils-3.7-12.el9.x86_64.rpm                  16 MB/s | 402 kB     00:00    
Test remote (slow)	UNKNOWN STEP	2025-11-05T19:44:54.1159406Z #14 0.474 --------------------------------------------------------------------------------
Test remote (slow)	UNKNOWN STEP	2025-11-05T19:44:54.1160206Z #14 0.475 Total                                            14 MB/s | 402 kB     00:00     
Test remote (slow)	UNKNOWN STEP	2025-11-05T19:44:54.1160821Z #14 0.486 Running transaction check
Test remote (slow)	UNKNOWN STEP	2025-11-05T19:44:54.1161143Z #14 0.489 Transaction check succeeded.
Test remote (slow)	UNKNOWN STEP	2025-11-05T19:44:54.1161578Z #14 0.489 Running transaction test
Test remote (slow)	UNKNOWN STEP	2025-11-05T19:44:54.1161901Z #14 0.515 Transaction test succeeded.
Test remote (slow)	UNKNOWN STEP	2025-11-05T19:44:54.1162198Z #14 0.516 Running transaction
Test remote (slow)	UNKNOWN STEP	2025-11-05T19:44:54.1162546Z #14 0.537   Preparing        :                                                        1/1 
Test remote (slow)	UNKNOWN STEP	2025-11-05T19:44:54.1163052Z #14 0.571   Installing       : diffutils-3.7-12.el9.x86_64                            1/1 
Test remote (slow)	UNKNOWN STEP	2025-11-05T19:44:54.2754232Z #14 0.581   Running scriptlet: diffutils-3.7-12.el9.x86_64                            1/1 
Test remote (slow)	UNKNOWN STEP	2025-11-05T19:44:54.2757053Z #14 0.618   Verifying        : diffutils-3.7-12.el9.x86_64                            1/1 
Test remote (slow)	UNKNOWN STEP	2025-11-05T19:44:54.2757751Z #14 0.645 Installed products updated.
Test remote (slow)	UNKNOWN STEP	2025-11-05T19:44:54.2758185Z #14 0.673 
Test remote (slow)	UNKNOWN STEP	2025-11-05T19:44:54.2758489Z #14 0.673 Installed:
Test remote (slow)	UNKNOWN STEP	2025-11-05T19:44:54.2759290Z #14 0.673   diffutils-3.7-12.el9.x86_64                                                   
Test remote (slow)	UNKNOWN STEP	2025-11-05T19:44:54.2759867Z #14 0.673 
Test remote (slow)	UNKNOWN STEP	2025-11-05T19:44:54.2760141Z #14 0.673 Complete!
Test remote (slow)	UNKNOWN STEP	2025-11-05T19:44:54.2760462Z #14 0.740 ++ realpath rootfs
Test remote (slow)	UNKNOWN STEP	2025-11-05T19:44:54.4296807Z #14 0.742 + rootfs=/tmp/null/rootfs
Test remote (slow)	UNKNOWN STEP	2025-11-05T19:44:54.4297306Z #14 0.743 + mkdir -p /tmp/null/rootfs
Test remote (slow)	UNKNOWN STEP	2025-11-05T19:44:54.4297897Z #14 0.744 + xargs dnf install -y --installroot /tmp/null/rootfs --releasever 9 --setopt install_weak_deps=false --nodocs
Test remote (slow)	UNKNOWN STEP	2025-11-05T19:44:54.5199379Z #14 0.985 Updating Subscription Management repositories.
Test remote (slow)	UNKNOWN STEP	2025-11-05T19:44:54.7497097Z #14 0.985 Unable to read consumer identity
Test remote (slow)	UNKNOWN STEP	2025-11-05T19:44:54.7497593Z #14 0.987 
Test remote (slow)	UNKNOWN STEP	2025-11-05T19:44:54.7498267Z #14 0.987 This system is not registered with an entitlement server. You can use subscription-manager to register.
Test remote (slow)	UNKNOWN STEP	2025-11-05T19:44:54.7499305Z #14 0.987 
Test remote (slow)	UNKNOWN STEP	2025-11-05T19:44:54.7499838Z #14 1.064 Red Hat Universal Base Image 9 (RPMs) - BaseOS  8.9 MB/s | 531 kB     00:00    
Test remote (slow)	UNKNOWN STEP	2025-11-05T19:44:54.7562480Z #14 1.221 Red Hat Universal Base Image 9 (RPMs) - AppStre  30 MB/s | 2.4 MB     00:00    
Test remote (slow)	UNKNOWN STEP	2025-11-05T19:44:55.1985469Z #14 1.664 Red Hat Universal Base Image 9 (RPMs) - CodeRea 4.0 MB/s | 287 kB     00:00    
Test remote (slow)	UNKNOWN STEP	2025-11-05T19:44:55.3385872Z #14 1.804 Dependencies resolved.
Test remote (slow)	UNKNOWN STEP	2025-11-05T19:44:55.4445963Z #14 1.809 =============================================================================================
Test remote (slow)	UNKNOWN STEP	2025-11-05T19:44:55.4446788Z #14 1.809  Package                    Arch    Version                       Repository             Size
Test remote (slow)	UNKNOWN STEP	2025-11-05T19:44:55.4447513Z #14 1.809 =============================================================================================
Test remote (slow)	UNKNOWN STEP	2025-11-05T19:44:55.4448033Z #14 1.809 Installing:
Test remote (slow)	UNKNOWN STEP	2025-11-05T19:44:55.4452345Z #14 1.809  bash                       x86_64  5.1.8-9.el9                   ubi-9-baseos-rpms     1.7 M
Test remote (slow)	UNKNOWN STEP	2025-11-05T19:44:55.4452890Z #14 1.809  coreutils-single           x86_64  8.32-39.el9                   ubi-9-baseos-rpms     625 k
Test remote (slow)	UNKNOWN STEP	2025-11-05T19:44:55.4453376Z #14 1.809  findutils                  x86_64  1:4.8.0-7.el9                 ubi-9-baseos-rpms     550 k
Test remote (slow)	UNKNOWN STEP	2025-11-05T19:44:55.4453843Z #14 1.809  glibc-langpack-en          x86_64  2.34-168.el9_6.24             ubi-9-baseos-rpms     655 k
Test remote (slow)	UNKNOWN STEP	2025-11-05T19:44:55.4458366Z #14 1.809  java-21-openjdk-headless   x86_64  1:21.0.9.0.10-1.el9           ubi-9-appstream-rpms   49 M
Test remote (slow)	UNKNOWN STEP	2025-11-05T19:44:55.4459140Z #14 1.809 Installing dependencies:
Test remote (slow)	UNKNOWN STEP	2025-11-05T19:44:55.4459752Z #14 1.809  alsa-lib                   x86_64  1.2.13-2.el9                  ubi-9-appstream-rpms  530 k
Test remote (slow)	UNKNOWN STEP	2025-11-05T19:44:55.4460194Z #14 1.809  alternatives               x86_64  1.24-2.el9                    ubi-9-baseos-rpms      42 k
Test remote (slow)	UNKNOWN STEP	2025-11-05T19:44:55.4460626Z #14 1.809  avahi-libs                 x86_64  0.8-22.el9_6.1                ubi-9-baseos-rpms      67 k
Test remote (slow)	UNKNOWN STEP	2025-11-05T19:44:55.4464708Z #14 1.809  basesystem                 noarch  11-13.el9                     ubi-9-baseos-rpms     8.0 k
Test remote (slow)	UNKNOWN STEP	2025-11-05T19:44:55.4465177Z #14 1.809  bzip2-libs                 x86_64  1.0.8-10.el9_5                ubi-9-baseos-rpms      42 k
Test remote (slow)	UNKNOWN STEP	2025-11-05T19:44:55.4465659Z #14 1.809  ca-certificates            noarch  2024.2.69_v8.0.303-91.4.el9_4 ubi-9-baseos-rpms     1.0 M
Test remote (slow)	UNKNOWN STEP	2025-11-05T19:44:55.4466164Z #14 1.809  copy-jdk-configs           noarch  4.0-3.el9                     ubi-9-appstream-rpms   29 k
Test remote (slow)	UNKNOWN STEP	2025-11-05T19:44:55.4466687Z #14 1.809  crypto-policies            noarch  20250128-1.git5269e22.el9     ubi-9-baseos-rpms      90 k
Test remote (slow)	UNKNOWN STEP	2025-11-05T19:44:55.4470959Z #14 1.809  crypto-policies-scripts    noarch  20250128-1.git5269e22.el9     ubi-9-baseos-rpms     101 k
Test remote (slow)	UNKNOWN STEP	2025-11-05T19:44:55.4471552Z #14 1.809  cups-libs                  x86_64  1:2.3.3op2-33.el9_6.1         ubi-9-baseos-rpms     260 k
Test remote (slow)	UNKNOWN STEP	2025-11-05T19:44:55.4472006Z #14 1.809  dbus-libs                  x86_64  1:1.12.20-8.el9               ubi-9-baseos-rpms     154 k
Test remote (slow)	UNKNOWN STEP	2025-11-05T19:44:55.4472444Z #14 1.809  expat                      x86_64  2.5.0-5.el9_6                 ubi-9-baseos-rpms     119 k
Test remote (slow)	UNKNOWN STEP	2025-11-05T19:44:55.4473173Z #14 1.809  filesystem                 x86_64  3.16-5.el9                    ubi-9-baseos-rpms     4.8 M
Test remote (slow)	UNKNOWN STEP	2025-11-05T19:44:55.4477030Z #14 1.809  gawk                       x86_64  5.1.0-6.el9                   ubi-9-baseos-rpms     1.0 M
Test remote (slow)	UNKNOWN STEP	2025-11-05T19:44:55.4477544Z #14 1.809  gdbm-libs                  x86_64  1:1.23-1.el9                  ubi-9-baseos-rpms      59 k
Test remote (slow)	UNKNOWN STEP	2025-11-05T19:44:55.4477959Z #14 1.809  glibc                      x86_64  2.34-168.el9_6.24             ubi-9-baseos-rpms     2.0 M
Test remote (slow)	UNKNOWN STEP	2025-11-05T19:44:55.4478393Z #14 1.809  glibc-common               x86_64  2.34-168.el9_6.24             ubi-9-baseos-rpms     302 k
Test remote (slow)	UNKNOWN STEP	2025-11-05T19:44:55.4479032Z #14 1.809  gmp                        x86_64  1:6.2.0-13.el9                ubi-9-baseos-rpms     319 k
Test remote (slow)	UNKNOWN STEP	2025-11-05T19:44:55.4479555Z #14 1.809  gnutls                     x86_64  3.8.3-6.el9_6.2               ubi-9-baseos-rpms     1.1 M
Test remote (slow)	UNKNOWN STEP	2025-11-05T19:44:55.4479953Z #14 1.809  grep                       x86_64  3.6-5.el9                     ubi-9-baseos-rpms     273 k
Test remote (slow)	UNKNOWN STEP	2025-11-05T19:44:55.4483414Z #14 1.809  javapackages-filesystem    noarch  6.4.0-1.el9                   ubi-9-appstream-rpms   17 k
Test remote (slow)	UNKNOWN STEP	2025-11-05T19:44:55.4484094Z #14 1.809  keyutils-libs              x86_64  1.6.3-1.el9                   ubi-9-baseos-rpms      34 k
Test remote (slow)	UNKNOWN STEP	2025-11-05T19:44:55.4484543Z #14 1.809  krb5-libs                  x86_64  1.21.1-8.el9_6                ubi-9-baseos-rpms     766 k
Test remote (slow)	UNKNOWN STEP	2025-11-05T19:44:55.4485163Z #14 1.809  libacl                     x86_64  2.3.1-4.el9                   ubi-9-baseos-rpms      24 k
Test remote (slow)	UNKNOWN STEP	2025-11-05T19:44:55.4485585Z #14 1.809  libattr                    x86_64  2.5.1-3.el9                   ubi-9-baseos-rpms      20 k
Test remote (slow)	UNKNOWN STEP	2025-11-05T19:44:55.4485989Z #14 1.809  libcap                     x86_64  2.48-9.el9_2                  ubi-9-baseos-rpms      74 k
Test remote (slow)	UNKNOWN STEP	2025-11-05T19:44:55.4486619Z #14 1.809  libcom_err                 x86_64  1.46.5-7.el9                  ubi-9-baseos-rpms      28 k
Test remote (slow)	UNKNOWN STEP	2025-11-05T19:44:55.4490665Z #14 1.809  libevent                   x86_64  2.1.12-8.el9_4                ubi-9-baseos-rpms     266 k
Test remote (slow)	UNKNOWN STEP	2025-11-05T19:44:55.4491235Z #14 1.809  libffi                     x86_64  3.4.2-8.el9                   ubi-9-baseos-rpms      40 k
Test remote (slow)	UNKNOWN STEP	2025-11-05T19:44:55.4491659Z #14 1.809  libgcc                     x86_64  11.5.0-5.el9_5                ubi-9-baseos-rpms      88 k
Test remote (slow)	UNKNOWN STEP	2025-11-05T19:44:55.4492075Z #14 1.809  libgcrypt                  x86_64  1.10.0-11.el9                 ubi-9-baseos-rpms     510 k
Test remote (slow)	UNKNOWN STEP	2025-11-05T19:44:55.4492512Z #14 1.809  libgpg-error               x86_64  1.42-5.el9                    ubi-9-baseos-rpms     220 k
Test remote (slow)	UNKNOWN STEP	2025-11-05T19:44:55.4492995Z #14 1.809  libidn2                    x86_64  2.3.0-7.el9                   ubi-9-baseos-rpms     105 k
Test remote (slow)	UNKNOWN STEP	2025-11-05T19:44:55.4495835Z #14 1.809  libselinux                 x86_64  3.6-3.el9                     ubi-9-baseos-rpms      88 k
Test remote (slow)	UNKNOWN STEP	2025-11-05T19:44:55.4496380Z #14 1.809  libsepol                   x86_64  3.6-2.el9                     ubi-9-baseos-rpms     331 k
Test remote (slow)	UNKNOWN STEP	2025-11-05T19:44:55.4496812Z #14 1.809  libsigsegv                 x86_64  2.13-4.el9                    ubi-9-baseos-rpms      30 k
Test remote (slow)	UNKNOWN STEP	2025-11-05T19:44:55.4497236Z #14 1.809  libtasn1                   x86_64  4.16.0-9.el9                  ubi-9-baseos-rpms      77 k
Test remote (slow)	UNKNOWN STEP	2025-11-05T19:44:55.4497655Z #14 1.809  libunistring               x86_64  0.9.10-15.el9                 ubi-9-baseos-rpms     499 k
Test remote (slow)	UNKNOWN STEP	2025-11-05T19:44:55.4498086Z #14 1.809  libuuid                    x86_64  2.37.4-21.el9                 ubi-9-baseos-rpms      30 k
Test remote (slow)	UNKNOWN STEP	2025-11-05T19:44:55.4498495Z #14 1.809  libverto                   x86_64  0.3.2-3.el9                   ubi-9-baseos-rpms      24 k
Test remote (slow)	UNKNOWN STEP	2025-11-05T19:44:55.4499154Z #14 1.809  libxcrypt                  x86_64  4.4.18-3.el9                  ubi-9-baseos-rpms     120 k
Test remote (slow)	UNKNOWN STEP	2025-11-05T19:44:55.4499574Z #14 1.809  libzstd                    x86_64  1.5.5-1.el9                   ubi-9-baseos-rpms     297 k
Test remote (slow)	UNKNOWN STEP	2025-11-05T19:44:55.4499992Z #14 1.809  lksctp-tools               x86_64  1.0.19-3.el9_4                ubi-9-baseos-rpms     104 k
Test remote (slow)	UNKNOWN STEP	2025-11-05T19:44:55.4502897Z #14 1.809  lua                        x86_64  5.4.4-4.el9                   ubi-9-appstream-rpms  192 k
Test remote (slow)	UNKNOWN STEP	2025-11-05T19:44:55.4503362Z #14 1.809  lua-libs                   x86_64  5.4.4-4.el9                   ubi-9-baseos-rpms     132 k
Test remote (slow)	UNKNOWN STEP	2025-11-05T19:44:55.4503779Z #14 1.809  lua-posix                  x86_64  35.0-8.el9                    ubi-9-appstream-rpms  155 k
Test remote (slow)	UNKNOWN STEP	2025-11-05T19:44:55.4504195Z #14 1.809  lz4-libs                   x86_64  1.9.3-5.el9                   ubi-9-baseos-rpms      69 k
Test remote (slow)	UNKNOWN STEP	2025-11-05T19:44:55.4504592Z #14 1.809  mpfr                       x86_64  4.1.0-7.el9                   ubi-9-baseos-rpms     329 k
Test remote (slow)	UNKNOWN STEP	2025-11-05T19:44:55.4505010Z #14 1.809  ncurses-base               noarch  6.2-10.20210508.el9_6.2       ubi-9-baseos-rpms      96 k
Test remote (slow)	UNKNOWN STEP	2025-11-05T19:44:55.4505479Z #14 1.809  ncurses-libs               x86_64  6.2-10.20210508.el9_6.2       ubi-9-baseos-rpms     329 k
Test remote (slow)	UNKNOWN STEP	2025-11-05T19:44:55.4508522Z #14 1.809  nettle                     x86_64  3.10.1-1.el9                  ubi-9-baseos-rpms     568 k
Test remote (slow)	UNKNOWN STEP	2025-11-05T19:44:55.4509190Z #14 1.809  nspr                       x86_64  4.36.0-4.el9_4                ubi-9-appstream-rpms  133 k
Test remote (slow)	UNKNOWN STEP	2025-11-05T19:44:55.4509634Z #14 1.809  nss                        x86_64  3.112.0-4.el9_4               ubi-9-appstream-rpms  723 k
Test remote (slow)	UNKNOWN STEP	2025-11-05T19:44:55.4510164Z #14 1.809  nss-softokn                x86_64  3.112.0-4.el9_4               ubi-9-appstream-rpms  400 k
Test remote (slow)	UNKNOWN STEP	2025-11-05T19:44:55.4510672Z #14 1.809  nss-softokn-freebl         x86_64  3.112.0-4.el9_4               ubi-9-appstream-rpms  413 k
Test remote (slow)	UNKNOWN STEP	2025-11-05T19:44:55.4511147Z #14 1.809  nss-sysinit                x86_64  3.112.0-4.el9_4               ubi-9-appstream-rpms   18 k
Test remote (slow)	UNKNOWN STEP	2025-11-05T19:44:55.4511577Z #14 1.809  nss-util                   x86_64  3.112.0-4.el9_4               ubi-9-appstream-rpms   89 k
Test remote (slow)	UNKNOWN STEP	2025-11-05T19:44:55.4512196Z #14 1.809  openssl-fips-provider      x86_64  3.0.7-6.el9_5                 ubi-9-baseos-rpms     9.4 k
Test remote (slow)	UNKNOWN STEP	2025-11-05T19:44:55.4512731Z #14 1.809  openssl-fips-provider-so   x86_64  3.0.7-6.el9_5                 ubi-9-baseos-rpms     577 k
Test remote (slow)	UNKNOWN STEP	2025-11-05T19:44:55.4513255Z #14 1.809  openssl-libs               x86_64  1:3.2.2-6.el9_5.1             ubi-9-baseos-rpms     2.1 M
Test remote (slow)	UNKNOWN STEP	2025-11-05T19:44:55.4513688Z #14 1.809  p11-kit                    x86_64  0.25.3-3.el9_5                ubi-9-baseos-rpms     536 k
Test remote (slow)	UNKNOWN STEP	2025-11-05T19:44:55.4514108Z #14 1.809  p11-kit-trust              x86_64  0.25.3-3.el9_5                ubi-9-baseos-rpms     144 k
Test remote (slow)	UNKNOWN STEP	2025-11-05T19:44:55.4514522Z #14 1.809  pcre                       x86_64  8.44-4.el9                    ubi-9-baseos-rpms     200 k
Test remote (slow)	UNKNOWN STEP	2025-11-05T19:44:55.4517470Z #14 1.809  pcre2                      x86_64  10.40-6.el9                   ubi-9-baseos-rpms     236 k
Test remote (slow)	UNKNOWN STEP	2025-11-05T19:44:55.4517997Z #14 1.809  pcre2-syntax               noarch  10.40-6.el9                   ubi-9-baseos-rpms     144 k
Test remote (slow)	UNKNOWN STEP	2025-11-05T19:44:55.4518572Z #14 1.809  python3                    x86_64  3.9.21-2.el9_6.2              ubi-9-baseos-rpms      26 k
Test remote (slow)	UNKNOWN STEP	2025-11-05T19:44:55.4519317Z #14 1.809  python3-libs               x86_64  3.9.21-2.el9_6.2              ubi-9-baseos-rpms     8.1 M
Test remote (slow)	UNKNOWN STEP	2025-11-05T19:44:55.4520121Z #14 1.809  python3-pip-wheel          noarch  21.3.1-1.el9                  ubi-9-baseos-rpms     1.1 M
Test remote (slow)	UNKNOWN STEP	2025-11-05T19:44:55.4521073Z #14 1.809  python3-setuptools-wheel   noarch  53.0.0-13.el9_6.1             ubi-9-baseos-rpms     468 k
Test remote (slow)	UNKNOWN STEP	2025-11-05T19:44:55.4521793Z #14 1.809  readline                   x86_64  8.1-4.el9                     ubi-9-baseos-rpms     215 k
Test remote (slow)	UNKNOWN STEP	2025-11-05T19:44:55.4522229Z #14 1.809  redhat-release             x86_64  9.6-0.1.el9                   ubi-9-baseos-rpms      44 k
Test remote (slow)	UNKNOWN STEP	2025-11-05T19:44:55.4522642Z #14 1.809  sed                        x86_64  4.8-9.el9                     ubi-9-baseos-rpms     309 k
Test remote (slow)	UNKNOWN STEP	2025-11-05T19:44:55.4523121Z #14 1.809  setup                      noarch  2.13.7-10.el9                 ubi-9-baseos-rpms     150 k
Test remote (slow)	UNKNOWN STEP	2025-11-05T19:44:55.4525600Z #14 1.809  sqlite-libs                x86_64  3.34.1-8.el9_6                ubi-9-baseos-rpms     618 k
Test remote (slow)	UNKNOWN STEP	2025-11-05T19:44:55.4526181Z #14 1.809  systemd-libs               x86_64  252-51.el9_6.3                ubi-9-baseos-rpms     671 k
Test remote (slow)	UNKNOWN STEP	2025-11-05T19:44:55.4526955Z #14 1.809  tzdata                     noarch  2025b-1.el9                   ubi-9-baseos-rpms     842 k
Test remote (slow)	UNKNOWN STEP	2025-11-05T19:44:55.4527766Z #14 1.809  tzdata-java                noarch  2025b-1.el9                   ubi-9-appstream-rpms  228 k
Test remote (slow)	UNKNOWN STEP	2025-11-05T19:44:55.4528207Z #14 1.809  xz-libs                    x86_64  5.2.5-8.el9_0                 ubi-9-baseos-rpms      94 k
Test remote (slow)	UNKNOWN STEP	2025-11-05T19:44:55.4528600Z #14 1.809  zlib                       x86_64  1.2.11-40.el9                 ubi-9-baseos-rpms      93 k
Test remote (slow)	UNKNOWN STEP	2025-11-05T19:44:55.4529175Z #14 1.809 
Test remote (slow)	UNKNOWN STEP	2025-11-05T19:44:55.4529366Z #14 1.809 Transaction Summary
Test remote (slow)	UNKNOWN STEP	2025-11-05T19:44:55.4529635Z #14 1.809 =============================================================================================
Test remote (slow)	UNKNOWN STEP	2025-11-05T19:44:55.4531801Z #14 1.809 Install  84 Packages
Test remote (slow)	UNKNOWN STEP	2025-11-05T19:44:55.4532153Z #14 1.809 
Test remote (slow)	UNKNOWN STEP	2025-11-05T19:44:55.4532680Z #14 1.812 Total download size: 89 M
Test remote (slow)	UNKNOWN STEP	2025-11-05T19:44:55.4533098Z #14 1.812 Installed size: 320 M
Test remote (slow)	UNKNOWN STEP	2025-11-05T19:44:55.4533334Z #14 1.812 Downloading Packages:
Test remote (slow)	UNKNOWN STEP	2025-11-05T19:44:55.4533662Z #14 1.857 (1/84): avahi-libs-0.8-22.el9_6.1.x86_64.rpm    1.7 MB/s |  67 kB     00:00    
Test remote (slow)	UNKNOWN STEP	2025-11-05T19:44:55.4534123Z #14 1.858 (2/84): basesystem-11-13.el9.noarch.rpm         203 kB/s | 8.0 kB     00:00    
Test remote (slow)	UNKNOWN STEP	2025-11-05T19:44:55.4534584Z #14 1.859 (3/84): alternatives-1.24-2.el9.x86_64.rpm      1.0 MB/s |  42 kB     00:00    
Test remote (slow)	UNKNOWN STEP	2025-11-05T19:44:55.4535030Z #14 1.869 (4/84): bzip2-libs-1.0.8-10.el9_5.x86_64.rpm    3.8 MB/s |  42 kB     00:00    
Test remote (slow)	UNKNOWN STEP	2025-11-05T19:44:55.4535467Z #14 1.881 (5/84): ca-certificates-2024.2.69_v8.0.303-91.4  45 MB/s | 1.0 MB     00:00    
Test remote (slow)	UNKNOWN STEP	2025-11-05T19:44:55.4536049Z #14 1.888 (6/84): coreutils-single-8.32-39.el9.x86_64.rpm  35 MB/s | 625 kB     00:00    
Test remote (slow)	UNKNOWN STEP	2025-11-05T19:44:55.4536476Z #14 1.893 (7/84): bash-5.1.8-9.el9.x86_64.rpm              48 MB/s | 1.7 MB     00:00    
Test remote (slow)	UNKNOWN STEP	2025-11-05T19:44:55.4539289Z #14 1.894 (8/84): crypto-policies-20250128-1.git5269e22.e 7.3 MB/s |  90 kB     00:00    
Test remote (slow)	UNKNOWN STEP	2025-11-05T19:44:55.4539779Z #14 1.896 (9/84): crypto-policies-scripts-20250128-1.git5  13 MB/s | 101 kB     00:00    
Test remote (slow)	UNKNOWN STEP	2025-11-05T19:44:55.4540403Z #14 1.899 (10/84): cups-libs-2.3.3op2-33.el9_6.1.x86_64.r  43 MB/s | 260 kB     00:00    
Test remote (slow)	UNKNOWN STEP	2025-11-05T19:44:55.4540832Z #14 1.901 (11/84): expat-2.5.0-5.el9_6.x86_64.rpm          22 MB/s | 119 kB     00:00    
Test remote (slow)	UNKNOWN STEP	2025-11-05T19:44:55.4541243Z #14 1.903 (12/84): dbus-libs-1.12.20-8.el9.x86_64.rpm      17 MB/s | 154 kB     00:00    
Test remote (slow)	UNKNOWN STEP	2025-11-05T19:44:55.4541668Z #14 1.909 (13/84): findutils-4.8.0-7.el9.x86_64.rpm        71 MB/s | 550 kB     00:00    
Test remote (slow)	UNKNOWN STEP	2025-11-05T19:44:55.5487373Z #14 1.914 (14/84): gdbm-libs-1.23-1.el9.x86_64.rpm         12 MB/s |  59 kB     00:00    
Test remote (slow)	UNKNOWN STEP	2025-11-05T19:44:55.5488235Z #14 1.921 (15/84): gawk-5.1.0-6.el9.x86_64.rpm             57 MB/s | 1.0 MB     00:00    
Test remote (slow)	UNKNOWN STEP	2025-11-05T19:44:55.5489498Z #14 1.933 (16/84): glibc-common-2.34-168.el9_6.24.x86_64.  26 MB/s | 302 kB     00:00    
Test remote (slow)	UNKNOWN STEP	2025-11-05T19:44:55.5490332Z #14 1.941 (17/84): glibc-2.34-168.el9_6.24.x86_64.rpm      74 MB/s | 2.0 MB     00:00    
Test remote (slow)	UNKNOWN STEP	2025-11-05T19:44:55.5492127Z #14 1.949 (18/84): glibc-langpack-en-2.34-168.el9_6.24.x8  40 MB/s | 655 kB     00:00    
Test remote (slow)	UNKNOWN STEP	2025-11-05T19:44:55.5495197Z #14 1.950 (19/84): gmp-6.2.0-13.el9.x86_64.rpm             35 MB/s | 319 kB     00:00    
Test remote (slow)	UNKNOWN STEP	2025-11-05T19:44:55.5496047Z #14 1.961 (20/84): filesystem-3.16-5.el9.x86_64.rpm        78 MB/s | 4.8 MB     00:00    
Test remote (slow)	UNKNOWN STEP	2025-11-05T19:44:55.5496995Z #14 1.965 (21/84): keyutils-libs-1.6.3-1.el9.x86_64.rpm   8.4 MB/s |  34 kB     00:00    
Test remote (slow)	UNKNOWN STEP	2025-11-05T19:44:55.5497779Z #14 1.966 (22/84): grep-3.6-5.el9.x86_64.rpm               17 MB/s | 273 kB     00:00    
Test remote (slow)	UNKNOWN STEP	2025-11-05T19:44:55.5498532Z #14 1.973 (23/84): gnutls-3.8.3-6.el9_6.2.x86_64.rpm       49 MB/s | 1.1 MB     00:00    
Test remote (slow)	UNKNOWN STEP	2025-11-05T19:44:55.5499493Z #14 1.977 (24/84): krb5-libs-1.21.1-8.el9_6.x86_64.rpm     63 MB/s | 766 kB     00:00    
Test remote (slow)	UNKNOWN STEP	2025-11-05T19:44:55.5500277Z #14 1.978 (25/84): libattr-2.5.1-3.el9.x86_64.rpm         3.9 MB/s |  20 kB     00:00    
Test remote (slow)	UNKNOWN STEP	2025-11-05T19:44:55.5501063Z #14 1.983 (26/84): libacl-2.3.1-4.el9.x86_64.rpm          1.4 MB/s |  24 kB     00:00    
Test remote (slow)	UNKNOWN STEP	2025-11-05T19:44:55.5501833Z #14 1.984 (27/84): libcom_err-1.46.5-7.el9.x86_64.rpm     4.8 MB/s |  28 kB     00:00    
Test remote (slow)	UNKNOWN STEP	2025-11-05T19:44:55.5502619Z #14 1.986 (28/84): libcap-2.48-9.el9_2.x86_64.rpm         8.9 MB/s |  74 kB     00:00    
Test remote (slow)	UNKNOWN STEP	2025-11-05T19:44:55.5503327Z #14 1.990 (29/84): libgcc-11.5.0-5.el9_5.x86_64.rpm        20 MB/s |  88 kB     00:00    
Test remote (slow)	UNKNOWN STEP	2025-11-05T19:44:55.5504057Z #14 1.999 (30/84): libevent-2.1.12-8.el9_4.x86_64.rpm      17 MB/s | 266 kB     00:00    
Test remote (slow)	UNKNOWN STEP	2025-11-05T19:44:55.5504622Z #14 2.001 (31/84): libgcrypt-1.10.0-11.el9.x86_64.rpm      49 MB/s | 510 kB     00:00    
Test remote (slow)	UNKNOWN STEP	2025-11-05T19:44:55.5505083Z #14 2.002 (32/84): libffi-3.4.2-8.el9.x86_64.rpm          2.2 MB/s |  40 kB     00:00    
Test remote (slow)	UNKNOWN STEP	2025-11-05T19:44:55.5505521Z #14 2.006 (33/84): libgpg-error-1.42-5.el9.x86_64.rpm      34 MB/s | 220 kB     00:00    
Test remote (slow)	UNKNOWN STEP	2025-11-05T19:44:55.5506438Z #14 2.014 (34/84): libidn2-2.3.0-7.el9.x86_64.rpm         8.0 MB/s | 105 kB     00:00    
Test remote (slow)	UNKNOWN STEP	2025-11-05T19:44:55.6511270Z #14 2.016 (35/84): libselinux-3.6-3.el9.x86_64.rpm        6.0 MB/s |  88 kB     00:00    
Test remote (slow)	UNKNOWN STEP	2025-11-05T19:44:55.6515016Z #14 2.018 (36/84): libsepol-3.6-2.el9.x86_64.rpm           27 MB/s | 331 kB     00:00    
Test remote (slow)	UNKNOWN STEP	2025-11-05T19:44:55.6515603Z #14 2.021 (37/84): libtasn1-4.16.0-9.el9.x86_64.rpm        19 MB/s |  77 kB     00:00    
Test remote (slow)	UNKNOWN STEP	2025-11-05T19:44:55.6516371Z #14 2.026 (38/84): libunistring-0.9.10-15.el9.x86_64.rpm   64 MB/s | 499 kB     00:00    
Test remote (slow)	UNKNOWN STEP	2025-11-05T19:44:55.6517162Z #14 2.027 (39/84): libuuid-2.37.4-21.el9.x86_64.rpm       5.3 MB/s |  30 kB     00:00    
Test remote (slow)	UNKNOWN STEP	2025-11-05T19:44:55.6517921Z #14 2.031 (40/84): libverto-0.3.2-3.el9.x86_64.rpm        4.9 MB/s |  24 kB     00:00    
Test remote (slow)	UNKNOWN STEP	2025-11-05T19:44:55.6520812Z #14 2.034 (41/84): libxcrypt-4.4.18-3.el9.x86_64.rpm       17 MB/s | 120 kB     00:00    
Test remote (slow)	UNKNOWN STEP	2025-11-05T19:44:55.6521378Z #14 2.038 (42/84): libzstd-1.5.5-1.el9.x86_64.rpm          43 MB/s | 297 kB     00:00    
Test remote (slow)	UNKNOWN STEP	2025-11-05T19:44:55.6521814Z #14 2.040 (43/84): lksctp-tools-1.0.19-3.el9_4.x86_64.rpm  20 MB/s | 104 kB     00:00    
Test remote (slow)	UNKNOWN STEP	2025-11-05T19:44:55.6522230Z #14 2.043 (44/84): lua-libs-5.4.4-4.el9.x86_64.rpm         28 MB/s | 132 kB     00:00    
Test remote (slow)	UNKNOWN STEP	2025-11-05T19:44:55.6522635Z #14 2.046 (45/84): lz4-libs-1.9.3-5.el9.x86_64.rpm         12 MB/s |  69 kB     00:00    
Test remote (slow)	UNKNOWN STEP	2025-11-05T19:44:55.6523024Z #14 2.049 (46/84): mpfr-4.1.0-7.el9.x86_64.rpm             57 MB/s | 329 kB     00:00    
Test remote (slow)	UNKNOWN STEP	2025-11-05T19:44:55.6523433Z #14 2.054 (47/84): ncurses-base-6.2-10.20210508.el9_6.2.n  12 MB/s |  96 kB     00:00    
Test remote (slow)	UNKNOWN STEP	2025-11-05T19:44:55.6523863Z #14 2.056 (48/84): ncurses-libs-6.2-10.20210508.el9_6.2.x  47 MB/s | 329 kB     00:00    
Test remote (slow)	UNKNOWN STEP	2025-11-05T19:44:55.6524314Z #14 2.060 (49/84): openssl-fips-provider-3.0.7-6.el9_5.x8 2.9 MB/s | 9.4 kB     00:00    
Test remote (slow)	UNKNOWN STEP	2025-11-05T19:44:55.6526678Z #14 2.063 (50/84): nettle-3.10.1-1.el9.x86_64.rpm          65 MB/s | 568 kB     00:00    
Test remote (slow)	UNKNOWN STEP	2025-11-05T19:44:55.6527143Z #14 2.065 (51/84): libsigsegv-2.13-4.el9.x86_64.rpm       590 kB/s |  30 kB     00:00    
Test remote (slow)	UNKNOWN STEP	2025-11-05T19:44:55.6527594Z #14 2.070 (52/84): openssl-fips-provider-so-3.0.7-6.el9_5  58 MB/s | 577 kB     00:00    
Test remote (slow)	UNKNOWN STEP	2025-11-05T19:44:55.6528037Z #14 2.076 (53/84): p11-kit-trust-0.25.3-3.el9_5.x86_64.rp  28 MB/s | 144 kB     00:00    
Test remote (slow)	UNKNOWN STEP	2025-11-05T19:44:55.6528452Z #14 2.083 (54/84): pcre-8.44-4.el9.x86_64.rpm              29 MB/s | 200 kB     00:00    
Test remote (slow)	UNKNOWN STEP	2025-11-05T19:44:55.6529243Z #14 2.087 (55/84): openssl-libs-3.2.2-6.el9_5.1.x86_64.rp  91 MB/s | 2.1 MB     00:00    
Test remote (slow)	UNKNOWN STEP	2025-11-05T19:44:55.6529684Z #14 2.089 (56/84): pcre2-10.40-6.el9.x86_64.rpm            35 MB/s | 236 kB     00:00    
Test remote (slow)	UNKNOWN STEP	2025-11-05T19:44:55.6530140Z #14 2.093 (57/84): pcre2-syntax-10.40-6.el9.noarch.rpm     29 MB/s | 144 kB     00:00    
Test remote (slow)	UNKNOWN STEP	2025-11-05T19:44:55.6530587Z #14 2.094 (58/84): python3-3.9.21-2.el9_6.2.x86_64.rpm    5.7 MB/s |  26 kB     00:00    
Test remote (slow)	UNKNOWN STEP	2025-11-05T19:44:55.6531003Z #14 2.098 (59/84): p11-kit-0.25.3-3.el9_5.x86_64.rpm       16 MB/s | 536 kB     00:00    
Test remote (slow)	UNKNOWN STEP	2025-11-05T19:44:55.6533525Z #14 2.109 (60/84): python3-setuptools-wheel-53.0.0-13.el9  41 MB/s | 468 kB     00:00    
Test remote (slow)	UNKNOWN STEP	2025-11-05T19:44:55.6534132Z #14 2.116 (61/84): python3-pip-wheel-21.3.1-1.el9.noarch.  53 MB/s | 1.1 MB     00:00    
Test remote (slow)	UNKNOWN STEP	2025-11-05T19:44:55.7510734Z #14 2.119 (62/84): readline-8.1-4.el9.x86_64.rpm           22 MB/s | 215 kB     00:00    
Test remote (slow)	UNKNOWN STEP	2025-11-05T19:44:55.7511631Z #14 2.121 (63/84): redhat-release-9.6-0.1.el9.x86_64.rpm  9.4 MB/s |  44 kB     00:00    
Test remote (slow)	UNKNOWN STEP	2025-11-05T19:44:55.7512480Z #14 2.127 (64/84): sed-4.8-9.el9.x86_64.rpm                40 MB/s | 309 kB     00:00    
Test remote (slow)	UNKNOWN STEP	2025-11-05T19:44:55.7513204Z #14 2.129 (65/84): setup-2.13.7-10.el9.noarch.rpm          19 MB/s | 150 kB     00:00    
Test remote (slow)	UNKNOWN STEP	2025-11-05T19:44:55.7513992Z #14 2.137 (66/84): sqlite-libs-3.34.1-8.el9_6.x86_64.rpm   65 MB/s | 618 kB     00:00    
Test remote (slow)	UNKNOWN STEP	2025-11-05T19:44:55.7514760Z #14 2.142 (67/84): systemd-libs-252-51.el9_6.3.x86_64.rpm  51 MB/s | 671 kB     00:00    
Test remote (slow)	UNKNOWN STEP	2025-11-05T19:44:55.7515529Z #14 2.147 (68/84): xz-libs-5.2.5-8.el9_0.x86_64.rpm        22 MB/s |  94 kB     00:00    
Test remote (slow)	UNKNOWN STEP	2025-11-05T19:44:55.7516040Z #14 2.151 (69/84): tzdata-2025b-1.el9.noarch.rpm           59 MB/s | 842 kB     00:00    
Test remote (slow)	UNKNOWN STEP	2025-11-05T19:44:55.7516531Z #14 2.153 (70/84): zlib-1.2.11-40.el9.x86_64.rpm           15 MB/s |  93 kB     00:00    
Test remote (slow)	UNKNOWN STEP	2025-11-05T19:44:55.7517023Z #14 2.178 (71/84): python3-libs-3.9.21-2.el9_6.2.x86_64.r  95 MB/s | 8.1 MB     00:00    
Test remote (slow)	UNKNOWN STEP	2025-11-05T19:44:55.7517535Z #14 2.179 (72/84): copy-jdk-configs-4.0-3.el9.noarch.rpm  1.0 MB/s |  29 kB     00:00    
Test remote (slow)	UNKNOWN STEP	2025-11-05T19:44:55.7517973Z #14 2.181 (73/84): lua-5.4.4-4.el9.x86_64.rpm             6.8 MB/s | 192 kB     00:00    
Test remote (slow)	UNKNOWN STEP	2025-11-05T19:44:55.7518386Z #14 2.183 (74/84): lua-posix-35.0-8.el9.x86_64.rpm         32 MB/s | 155 kB     00:00    
Test remote (slow)	UNKNOWN STEP	2025-11-05T19:44:55.7519322Z #14 2.187 (75/84): javapackages-filesystem-6.4.0-1.el9.no 4.7 MB/s |  17 kB     00:00    
Test remote (slow)	UNKNOWN STEP	2025-11-05T19:44:55.7519766Z #14 2.193 (76/84): nspr-4.36.0-4.el9_4.x86_64.rpm          27 MB/s | 133 kB     00:00    
Test remote (slow)	UNKNOWN STEP	2025-11-05T19:44:55.7520175Z #14 2.200 (77/84): alsa-lib-1.2.13-2.el9.x86_64.rpm        25 MB/s | 530 kB     00:00    
Test remote (slow)	UNKNOWN STEP	2025-11-05T19:44:55.7520574Z #14 2.206 (78/84): nss-3.112.0-4.el9_4.x86_64.rpm          55 MB/s | 723 kB     00:00    
Test remote (slow)	UNKNOWN STEP	2025-11-05T19:44:55.7520980Z #14 2.210 (79/84): nss-softokn-3.112.0-4.el9_4.x86_64.rpm  42 MB/s | 400 kB     00:00    
Test remote (slow)	UNKNOWN STEP	2025-11-05T19:44:55.7521410Z #14 2.216 (80/84): nss-softokn-freebl-3.112.0-4.el9_4.x86  42 MB/s | 413 kB     00:00    
Test remote (slow)	UNKNOWN STEP	2025-11-05T19:44:55.7521848Z #14 2.216 (81/84): nss-sysinit-3.112.0-4.el9_4.x86_64.rpm 2.9 MB/s |  18 kB     00:00    
Test remote (slow)	UNKNOWN STEP	2025-11-05T19:44:55.9103356Z #14 2.224 (82/84): tzdata-java-2025b-1.el9.noarch.rpm      31 MB/s | 228 kB     00:00    
Test remote (slow)	UNKNOWN STEP	2025-11-05T19:44:55.9104299Z #14 2.225 (83/84): nss-util-3.112.0-4.el9_4.x86_64.rpm     11 MB/s |  89 kB     00:00    
Test remote (slow)	UNKNOWN STEP	2025-11-05T19:44:56.1165067Z #14 2.581 (84/84): java-21-openjdk-headless-21.0.9.0.10-1 123 MB/s |  49 MB     00:00    
Test remote (slow)	UNKNOWN STEP	2025-11-05T19:44:56.3529024Z #14 2.585 --------------------------------------------------------------------------------
Test remote (slow)	UNKNOWN STEP	2025-11-05T19:44:56.3529744Z #14 2.585 Total                                           115 MB/s |  89 MB     00:00     
Test remote (slow)	UNKNOWN STEP	2025-11-05T19:44:56.3530448Z #14 2.596 Red Hat Universal Base Image 9 (RPMs) - BaseOS  3.5 MB/s | 3.6 kB     00:00    
Test remote (slow)	UNKNOWN STEP	2025-11-05T19:44:56.3531104Z #14 2.664 Importing GPG key 0xFD431D51:
Test remote (slow)	UNKNOWN STEP	2025-11-05T19:44:56.3531671Z #14 2.664  Userid     : "Red Hat, Inc. (release key 2) <security@redhat.com>"
Test remote (slow)	UNKNOWN STEP	2025-11-05T19:44:56.3532374Z #14 2.664  Fingerprint: 567E 347A D004 4ADE 55BA 8A5F 199E 2F91 FD43 1D51
Test remote (slow)	UNKNOWN STEP	2025-11-05T19:44:56.3533066Z #14 2.664  From       : /etc/pki/rpm-gpg/RPM-GPG-KEY-redhat-release
Test remote (slow)	UNKNOWN STEP	2025-11-05T19:44:56.3533604Z #14 2.666 Key imported successfully
Test remote (slow)	UNKNOWN STEP	2025-11-05T19:44:56.3534031Z #14 2.667 Importing GPG key 0x5A6340B3:
Test remote (slow)	UNKNOWN STEP	2025-11-05T19:44:56.3534580Z #14 2.667  Userid     : "Red Hat, Inc. (auxiliary key 3) <security@redhat.com>"
Test remote (slow)	UNKNOWN STEP	2025-11-05T19:44:56.3535285Z #14 2.667  Fingerprint: 7E46 2425 8C40 6535 D56D 6F13 5054 E4A4 5A63 40B3
Test remote (slow)	UNKNOWN STEP	2025-11-05T19:44:56.3535954Z #14 2.667  From       : /etc/pki/rpm-gpg/RPM-GPG-KEY-redhat-release
Test remote (slow)	UNKNOWN STEP	2025-11-05T19:44:56.3536481Z #14 2.668 Key imported successfully
Test remote (slow)	UNKNOWN STEP	2025-11-05T19:44:57.2087909Z #14 3.674 Running transaction check
Test remote (slow)	UNKNOWN STEP	2025-11-05T19:44:57.4098226Z #14 3.724 Transaction check succeeded.
Test remote (slow)	UNKNOWN STEP	2025-11-05T19:44:57.4098939Z #14 3.724 Running transaction test
Test remote (slow)	UNKNOWN STEP	2025-11-05T19:44:57.8531233Z #14 4.318 Transaction test succeeded.
Test remote (slow)	UNKNOWN STEP	2025-11-05T19:44:58.0040171Z #14 4.319 Running transaction
Test remote (slow)	UNKNOWN STEP	2025-11-05T19:44:58.4195806Z #14 4.731   Running scriptlet: filesystem-3.16-5.el9.x86_64                           1/1 
Test remote (slow)	UNKNOWN STEP	2025-11-05T19:44:58.4196851Z #14 4.733   Running scriptlet: copy-jdk-configs-4.0-3.el9.noarch                      1/1 
Test remote (slow)	UNKNOWN STEP	2025-11-05T19:44:58.5390879Z #14 4.734   Running scriptlet: java-21-openjdk-headless-1:21.0.9.0.10-1.el9.x86_64    1/1 
Test remote (slow)	UNKNOWN STEP	2025-11-05T19:44:58.6993641Z #14 5.004   Preparing        :                                                        1/1 
Test remote (slow)	UNKNOWN STEP	2025-11-05T19:44:58.6994831Z #14 5.012   Installing       : libgcc-11.5.0-5.el9_5.x86_64                          1/84 
Test remote (slow)	UNKNOWN STEP	2025-11-05T19:44:58.7362973Z #14 5.014   Running scriptlet: libgcc-11.5.0-5.el9_5.x86_64                          1/84 
Test remote (slow)	UNKNOWN STEP	2025-11-05T19:44:58.8449048Z #14 5.201   Installing       : tzdata-2025b-1.el9.noarch                             2/84 
Test remote (slow)	UNKNOWN STEP	2025-11-05T19:44:58.8449773Z #14 5.248   Installing       : tzdata-java-2025b-1.el9.noarch                        3/84 
Test remote (slow)	UNKNOWN STEP	2025-11-05T19:44:58.8450266Z #14 5.254   Installing       : javapackages-filesystem-6.4.0-1.el9.noarch            4/84 
Test remote (slow)	UNKNOWN STEP	2025-11-05T19:44:58.8450736Z #14 5.259   Installing       : redhat-release-9.6-0.1.el9.x86_64                     5/84 
Test remote (slow)	UNKNOWN STEP	2025-11-05T19:44:58.8451170Z #14 5.267   Installing       : setup-2.13.7-10.el9.noarch                            6/84 
Test remote (slow)	UNKNOWN STEP	2025-11-05T19:44:58.8452016Z #14 5.268   Running scriptlet: setup-2.13.7-10.el9.noarch                            6/84 
Test remote (slow)	UNKNOWN STEP	2025-11-05T19:44:58.9848211Z #14 5.310   Installing       : filesystem-3.16-5.el9.x86_64                          7/84 
Test remote (slow)	UNKNOWN STEP	2025-11-05T19:44:58.9849414Z #14 5.358   Installing       : basesystem-11-13.el9.noarch                           8/84 
Test remote (slow)	UNKNOWN STEP	2025-11-05T19:44:58.9850181Z #14 5.361   Installing       : python3-setuptools-wheel-53.0.0-13.el9_6.1.noarch     9/84 
Test remote (slow)	UNKNOWN STEP	2025-11-05T19:44:58.9850775Z #14 5.364   Installing       : pcre2-syntax-10.40-6.el9.noarch                      10/84 
Test remote (slow)	UNKNOWN STEP	2025-11-05T19:44:58.9851350Z #14 5.384   Installing       : ncurses-base-6.2-10.20210508.el9_6.2.noarch          11/84 
Test remote (slow)	UNKNOWN STEP	2025-11-05T19:44:59.1862523Z #14 5.450   Installing       : glibc-langpack-en-2.34-168.el9_6.24.x86_64           12/84 
Test remote (slow)	UNKNOWN STEP	2025-11-05T19:44:59.1863073Z #14 5.463   Installing       : glibc-common-2.34-168.el9_6.24.x86_64                13/84 
Test remote (slow)	UNKNOWN STEP	2025-11-05T19:44:59.1863606Z #14 5.466   Running scriptlet: glibc-2.34-168.el9_6.24.x86_64                       14/84 
Test remote (slow)	UNKNOWN STEP	2025-11-05T19:44:59.1864077Z #14 5.498   Installing       : glibc-2.34-168.el9_6.24.x86_64                       14/84 
Test remote (slow)	UNKNOWN STEP	2025-11-05T19:44:59.5405267Z #14 5.501   Running scriptlet: glibc-2.34-168.el9_6.24.x86_64                       14/84 
Test remote (slow)	UNKNOWN STEP	2025-11-05T19:44:59.6454402Z #14 6.005   Installing       : ncurses-libs-6.2-10.20210508.el9_6.2.x86_64          15/84 
Test remote (slow)	UNKNOWN STEP	2025-11-05T19:44:59.6455122Z #14 6.024   Installing       : bash-5.1.8-9.el9.x86_64                              16/84 
Test remote (slow)	UNKNOWN STEP	2025-11-05T19:44:59.6455659Z #14 6.027   Running scriptlet: bash-5.1.8-9.el9.x86_64                              16/84 
Test remote (slow)	UNKNOWN STEP	2025-11-05T19:44:59.6456208Z #14 6.043   Installing       : crypto-policies-20250128-1.git5269e22.el9.noarch     17/84 
Test remote (slow)	UNKNOWN STEP	2025-11-05T19:44:59.6456799Z #14 6.045   Running scriptlet: crypto-policies-20250128-1.git5269e22.el9.noarch     17/84 
Test remote (slow)	UNKNOWN STEP	2025-11-05T19:44:59.6457336Z #14 6.049   Installing       : nspr-4.36.0-4.el9_4.x86_64                           18/84 
Test remote (slow)	UNKNOWN STEP	2025-11-05T19:44:59.6457850Z #14 6.053   Installing       : nss-util-3.112.0-4.el9_4.x86_64                      19/84 
Test remote (slow)	UNKNOWN STEP	2025-11-05T19:44:59.6458343Z #14 6.056   Installing       : zlib-1.2.11-40.el9.x86_64                            20/84 
Test remote (slow)	UNKNOWN STEP	2025-11-05T19:44:59.6459265Z #14 6.061   Installing       : readline-8.1-4.el9.x86_64                            21/84 
Test remote (slow)	UNKNOWN STEP	2025-11-05T19:44:59.6459774Z #14 6.064   Installing       : libtasn1-4.16.0-9.el9.x86_64                         22/84 
Test remote (slow)	UNKNOWN STEP	2025-11-05T19:44:59.6460289Z #14 6.068   Installing       : libxcrypt-4.4.18-3.el9.x86_64                        23/84 
Test remote (slow)	UNKNOWN STEP	2025-11-05T19:44:59.6460792Z #14 6.075   Installing       : sqlite-libs-3.34.1-8.el9_6.x86_64                    24/84 
Test remote (slow)	UNKNOWN STEP	2025-11-05T19:44:59.6461295Z #14 6.080   Installing       : alternatives-1.24-2.el9.x86_64                       25/84 
Test remote (slow)	UNKNOWN STEP	2025-11-05T19:44:59.6461790Z #14 6.086   Installing       : gmp-1:6.2.0-13.el9.x86_64                            26/84 
Test remote (slow)	UNKNOWN STEP	2025-11-05T19:44:59.6462237Z #14 6.088   Installing       : libattr-2.5.1-3.el9.x86_64                           27/84 
Test remote (slow)	UNKNOWN STEP	2025-11-05T19:44:59.6462671Z #14 6.091   Installing       : libacl-2.3.1-4.el9.x86_64                            28/84 
Test remote (slow)	UNKNOWN STEP	2025-11-05T19:44:59.6463354Z #14 6.096   Installing       : libcap-2.48-9.el9_2.x86_64                           29/84 
Test remote (slow)	UNKNOWN STEP	2025-11-05T19:44:59.6463793Z #14 6.100   Installing       : libffi-3.4.2-8.el9.x86_64                            30/84 
Test remote (slow)	UNKNOWN STEP	2025-11-05T19:44:59.8031639Z #14 6.110   Installing       : p11-kit-0.25.3-3.el9_5.x86_64                        31/84 
Test remote (slow)	UNKNOWN STEP	2025-11-05T19:44:59.8032461Z #14 6.116   Installing       : p11-kit-trust-0.25.3-3.el9_5.x86_64                  32/84 
Test remote (slow)	UNKNOWN STEP	2025-11-05T19:44:59.9133017Z #14 6.118   Running scriptlet: p11-kit-trust-0.25.3-3.el9_5.x86_64                  32/84 
Test remote (slow)	UNKNOWN STEP	2025-11-05T19:45:00.0153018Z #14 6.378   Installing       : libsigsegv-2.13-4.el9.x86_64                         33/84 
Test remote (slow)	UNKNOWN STEP	2025-11-05T19:45:00.0154361Z #14 6.389   Installing       : libunistring-0.9.10-15.el9.x86_64                    34/84 
Test remote (slow)	UNKNOWN STEP	2025-11-05T19:45:00.0155534Z #14 6.393   Installing       : lua-libs-5.4.4-4.el9.x86_64                          35/84 
Test remote (slow)	UNKNOWN STEP	2025-11-05T19:45:00.0156014Z #14 6.396   Installing       : xz-libs-5.2.5-8.el9_0.x86_64                         36/84 
Test remote (slow)	UNKNOWN STEP	2025-11-05T19:45:00.0156455Z #14 6.400   Installing       : lua-5.4.4-4.el9.x86_64                               37/84 
Test remote (slow)	UNKNOWN STEP	2025-11-05T19:45:00.0156886Z #14 6.414   Installing       : lua-posix-35.0-8.el9.x86_64                          38/84 
Test remote (slow)	UNKNOWN STEP	2025-11-05T19:45:00.0157318Z #14 6.419   Installing       : libidn2-2.3.0-7.el9.x86_64                           39/84 
Test remote (slow)	UNKNOWN STEP	2025-11-05T19:45:00.0157759Z #14 6.425   Installing       : mpfr-4.1.0-7.el9.x86_64                              40/84 
Test remote (slow)	UNKNOWN STEP	2025-11-05T19:45:00.0158832Z #14 6.440   Installing       : gawk-5.1.0-6.el9.x86_64                              41/84 
Test remote (slow)	UNKNOWN STEP	2025-11-05T19:45:00.0159299Z #14 6.448   Installing       : nss-softokn-freebl-3.112.0-4.el9_4.x86_64            42/84 
Test remote (slow)	UNKNOWN STEP	2025-11-05T19:45:00.0159734Z #14 6.457   Installing       : nss-softokn-3.112.0-4.el9_4.x86_64                   43/84 
Test remote (slow)	UNKNOWN STEP	2025-11-05T19:45:00.0160330Z #14 6.462   Installing       : lksctp-tools-1.0.19-3.el9_4.x86_64                   44/84 
Test remote (slow)	UNKNOWN STEP	2025-11-05T19:45:00.0160953Z #14 6.465   Installing       : bzip2-libs-1.0.8-10.el9_5.x86_64                     45/84 
Test remote (slow)	UNKNOWN STEP	2025-11-05T19:45:00.0161795Z #14 6.469   Installing       : expat-2.5.0-5.el9_6.x86_64                           46/84 
Test remote (slow)	UNKNOWN STEP	2025-11-05T19:45:00.0162606Z #14 6.473   Installing       : gdbm-libs-1:1.23-1.el9.x86_64                        47/84 
Test remote (slow)	UNKNOWN STEP	2025-11-05T19:45:00.0163443Z #14 6.476   Installing       : keyutils-libs-1.6.3-1.el9.x86_64                     48/84 
Test remote (slow)	UNKNOWN STEP	2025-11-05T19:45:00.1157570Z #14 6.480   Installing       : libcom_err-1.46.5-7.el9.x86_64                       49/84 
Test remote (slow)	UNKNOWN STEP	2025-11-05T19:45:00.1158501Z #14 6.486   Installing       : libgpg-error-1.42-5.el9.x86_64                       50/84 
Test remote (slow)	UNKNOWN STEP	2025-11-05T19:45:00.1159285Z #14 6.494   Installing       : libgcrypt-1.10.0-11.el9.x86_64                       51/84 
Test remote (slow)	UNKNOWN STEP	2025-11-05T19:45:00.1159893Z #14 6.499   Installing       : libsepol-3.6-2.el9.x86_64                            52/84 
Test remote (slow)	UNKNOWN STEP	2025-11-05T19:45:00.1160445Z #14 6.502   Installing       : libuuid-2.37.4-21.el9.x86_64                         53/84 
Test remote (slow)	UNKNOWN STEP	2025-11-05T19:45:00.1161000Z #14 6.505   Installing       : libverto-0.3.2-3.el9.x86_64                          54/84 
Test remote (slow)	UNKNOWN STEP	2025-11-05T19:45:00.1161528Z #14 6.510   Installing       : libzstd-1.5.5-1.el9.x86_64                           55/84 
Test remote (slow)	UNKNOWN STEP	2025-11-05T19:45:00.1162052Z #14 6.513   Installing       : lz4-libs-1.9.3-5.el9.x86_64                          56/84 
Test remote (slow)	UNKNOWN STEP	2025-11-05T19:45:00.1162578Z #14 6.520   Installing       : nettle-3.10.1-1.el9.x86_64                           57/84 
Test remote (slow)	UNKNOWN STEP	2025-11-05T19:45:00.1163098Z #14 6.532   Installing       : gnutls-3.8.3-6.el9_6.2.x86_64                        58/84 
Test remote (slow)	UNKNOWN STEP	2025-11-05T19:45:00.1163627Z #14 6.538   Installing       : pcre-8.44-4.el9.x86_64                               59/84 
Test remote (slow)	UNKNOWN STEP	2025-11-05T19:45:00.1164165Z #14 6.546   Installing       : grep-3.6-5.el9.x86_64                                60/84 
Test remote (slow)	UNKNOWN STEP	2025-11-05T19:45:00.1164695Z #14 6.551   Installing       : pcre2-10.40-6.el9.x86_64                             61/84 
Test remote (slow)	UNKNOWN STEP	2025-11-05T19:45:00.1165226Z #14 6.555   Installing       : libselinux-3.6-3.el9.x86_64                          62/84 
Test remote (slow)	UNKNOWN STEP	2025-11-05T19:45:00.1166059Z #14 6.575   Installing       : coreutils-single-8.32-39.el9.x86_64                  63/84 
Test remote (slow)	UNKNOWN STEP	2025-11-05T19:45:00.2692957Z #14 6.581   Installing       : sed-4.8-9.el9.x86_64                                 64/84 
Test remote (slow)	UNKNOWN STEP	2025-11-05T19:45:00.3777496Z #14 6.584   Running scriptlet: ca-certificates-2024.2.69_v8.0.303-91.4.el9_4.noar   65/84 
Test remote (slow)	UNKNOWN STEP	2025-11-05T19:45:00.5319130Z #14 6.843   Installing       : ca-certificates-2024.2.69_v8.0.303-91.4.el9_4.noar   65/84 
Test remote (slow)	UNKNOWN STEP	2025-11-05T19:45:01.5153866Z #14 6.846   Running scriptlet: ca-certificates-2024.2.69_v8.0.303-91.4.el9_4.noar   65/84 
Test remote (slow)	UNKNOWN STEP	2025-11-05T19:45:01.7301272Z #14 7.980   Installing       : python3-pip-wheel-21.3.1-1.el9.noarch                66/84 
Test remote (slow)	UNKNOWN STEP	2025-11-05T19:45:01.7302335Z #14 7.988   Installing       : openssl-fips-provider-so-3.0.7-6.el9_5.x86_64        67/84 
Test remote (slow)	UNKNOWN STEP	2025-11-05T19:45:01.7302817Z #14 7.990   Installing       : openssl-fips-provider-3.0.7-6.el9_5.x86_64           68/84 
Test remote (slow)	UNKNOWN STEP	2025-11-05T19:45:01.7303284Z #14 8.014   Installing       : openssl-libs-1:3.2.2-6.el9_5.1.x86_64                69/84 
Test remote (slow)	UNKNOWN STEP	2025-11-05T19:45:01.7303727Z #14 8.031   Installing       : krb5-libs-1.21.1-8.el9_6.x86_64                      70/84 
Test remote (slow)	UNKNOWN STEP	2025-11-05T19:45:01.7304148Z #14 8.041   Installing       : libevent-2.1.12-8.el9_4.x86_64                       71/84 
Test remote (slow)	UNKNOWN STEP	2025-11-05T19:45:01.9282063Z #14 8.045   Installing       : python3-3.9.21-2.el9_6.2.x86_64                      72/84 
Test remote (slow)	UNKNOWN STEP	2025-11-05T19:45:02.1168109Z #14 8.393   Installing       : python3-libs-3.9.21-2.el9_6.2.x86_64                 73/84 
Test remote (slow)	UNKNOWN STEP	2025-11-05T19:45:02.1168925Z #14 8.415   Installing       : crypto-policies-scripts-20250128-1.git5269e22.el9.   74/84 
Test remote (slow)	UNKNOWN STEP	2025-11-05T19:45:02.1169497Z #14 8.418   Installing       : nss-sysinit-3.112.0-4.el9_4.x86_64                   75/84 
Test remote (slow)	UNKNOWN STEP	2025-11-05T19:45:02.1170029Z #14 8.429   Installing       : nss-3.112.0-4.el9_4.x86_64                           76/84 
Test remote (slow)	UNKNOWN STEP	2025-11-05T19:45:02.2231405Z #14 8.431   Running scriptlet: nss-3.112.0-4.el9_4.x86_64                           76/84 
Test remote (slow)	UNKNOWN STEP	2025-11-05T19:45:02.3762382Z #14 8.688   Installing       : systemd-libs-252-51.el9_6.3.x86_64                   77/84 
Test remote (slow)	UNKNOWN STEP	2025-11-05T19:45:02.4872604Z #14 8.691   Running scriptlet: systemd-libs-252-51.el9_6.3.x86_64                   77/84 
Test remote (slow)	UNKNOWN STEP	2025-11-05T19:45:02.6752793Z #14 8.952   Installing       : dbus-libs-1:1.12.20-8.el9.x86_64                     78/84 
Test remote (slow)	UNKNOWN STEP	2025-11-05T19:45:02.6753675Z #14 8.957   Installing       : avahi-libs-0.8-22.el9_6.1.x86_64                     79/84 
Test remote (slow)	UNKNOWN STEP	2025-11-05T19:45:02.6754450Z #14 8.962   Installing       : cups-libs-1:2.3.3op2-33.el9_6.1.x86_64               80/84 
Test remote (slow)	UNKNOWN STEP	2025-11-05T19:45:02.6755241Z #14 8.969   Installing       : findutils-1:4.8.0-7.el9.x86_64                       81/84 
Test remote (slow)	UNKNOWN STEP	2025-11-05T19:45:02.6756078Z #14 8.973   Installing       : copy-jdk-configs-4.0-3.el9.noarch                    82/84 
Test remote (slow)	UNKNOWN STEP	2025-11-05T19:45:03.9506045Z #14 8.990   Installing       : alsa-lib-1.2.13-2.el9.x86_64                         83/84 
Test remote (slow)	UNKNOWN STEP	2025-11-05T19:45:04.1094359Z #14 10.42   Installing       : java-21-openjdk-headless-1:21.0.9.0.10-1.el9.x86_6   84/84 
Test remote (slow)	UNKNOWN STEP	2025-11-05T19:45:04.2203164Z #14 10.42   Running scriptlet: java-21-openjdk-headless-1:21.0.9.0.10-1.el9.x86_6   84/84 
Test remote (slow)	UNKNOWN STEP	2025-11-05T19:45:04.4788924Z #14 10.68   Running scriptlet: filesystem-3.16-5.el9.x86_64                         84/84 
Test remote (slow)	UNKNOWN STEP	2025-11-05T19:45:05.6070896Z #14 10.94   Running scriptlet: ca-certificates-2024.2.69_v8.0.303-91.4.el9_4.noar   84/84 
Test remote (slow)	UNKNOWN STEP	2025-11-05T19:45:06.2003176Z #14 12.07   Running scriptlet: crypto-policies-scripts-20250128-1.git5269e22.el9.   84/84 
Test remote (slow)	UNKNOWN STEP	2025-11-05T19:45:06.7957073Z #14 12.67   Running scriptlet: nss-3.112.0-4.el9_4.x86_64                           84/84 
Test remote (slow)	UNKNOWN STEP	2025-11-05T19:45:07.0458836Z #14 13.26   Running scriptlet: copy-jdk-configs-4.0-3.el9.noarch                    84/84 
Test remote (slow)	UNKNOWN STEP	2025-11-05T19:45:07.5934338Z #14 13.51   Running scriptlet: java-21-openjdk-headless-1:21.0.9.0.10-1.el9.x86_6   84/84 
Test remote (slow)	UNKNOWN STEP	2025-11-05T19:45:07.5935597Z #14 14.06   Verifying        : alternatives-1.24-2.el9.x86_64                        1/84 
Test remote (slow)	UNKNOWN STEP	2025-11-05T19:45:07.7784759Z #14 14.06   Verifying        : avahi-libs-0.8-22.el9_6.1.x86_64                      2/84 
Test remote (slow)	UNKNOWN STEP	2025-11-05T19:45:07.7785754Z #14 14.06   Verifying        : basesystem-11-13.el9.noarch                           3/84 
Test remote (slow)	UNKNOWN STEP	2025-11-05T19:45:07.7786527Z #14 14.06   Verifying        : bash-5.1.8-9.el9.x86_64                               4/84 
Test remote (slow)	UNKNOWN STEP	2025-11-05T19:45:07.7787255Z #14 14.06   Verifying        : bzip2-libs-1.0.8-10.el9_5.x86_64                      5/84 
Test remote (slow)	UNKNOWN STEP	2025-11-05T19:45:07.7788025Z #14 14.06   Verifying        : ca-certificates-2024.2.69_v8.0.303-91.4.el9_4.noar    6/84 
Test remote (slow)	UNKNOWN STEP	2025-11-05T19:45:07.7788995Z #14 14.06   Verifying        : coreutils-single-8.32-39.el9.x86_64                   7/84 
Test remote (slow)	UNKNOWN STEP	2025-11-05T19:45:07.7790025Z #14 14.06   Verifying        : crypto-policies-20250128-1.git5269e22.el9.noarch      8/84 
Test remote (slow)	UNKNOWN STEP	2025-11-05T19:45:07.7790806Z #14 14.06   Verifying        : crypto-policies-scripts-20250128-1.git5269e22.el9.    9/84 
Test remote (slow)	UNKNOWN STEP	2025-11-05T19:45:07.7791595Z #14 14.06   Verifying        : cups-libs-1:2.3.3op2-33.el9_6.1.x86_64               10/84 
Test remote (slow)	UNKNOWN STEP	2025-11-05T19:45:07.7792319Z #14 14.06   Verifying        : dbus-libs-1:1.12.20-8.el9.x86_64                     11/84 
Test remote (slow)	UNKNOWN STEP	2025-11-05T19:45:07.7793028Z #14 14.06   Verifying        : expat-2.5.0-5.el9_6.x86_64                           12/84 
Test remote (slow)	UNKNOWN STEP	2025-11-05T19:45:07.7793768Z #14 14.06   Verifying        : filesystem-3.16-5.el9.x86_64                         13/84 
Test remote (slow)	UNKNOWN STEP	2025-11-05T19:45:07.7794680Z #14 14.06   Verifying        : findutils-1:4.8.0-7.el9.x86_64                       14/84 
Test remote (slow)	UNKNOWN STEP	2025-11-05T19:45:07.7795255Z #14 14.06   Verifying        : gawk-5.1.0-6.el9.x86_64                              15/84 
Test remote (slow)	UNKNOWN STEP	2025-11-05T19:45:07.7795721Z #14 14.06   Verifying        : gdbm-libs-1:1.23-1.el9.x86_64                        16/84 
Test remote (slow)	UNKNOWN STEP	2025-11-05T19:45:07.7796159Z #14 14.06   Verifying        : glibc-2.34-168.el9_6.24.x86_64                       17/84 
Test remote (slow)	UNKNOWN STEP	2025-11-05T19:45:07.7796601Z #14 14.06   Verifying        : glibc-common-2.34-168.el9_6.24.x86_64                18/84 
Test remote (slow)	UNKNOWN STEP	2025-11-05T19:45:07.7797055Z #14 14.06   Verifying        : glibc-langpack-en-2.34-168.el9_6.24.x86_64           19/84 
Test remote (slow)	UNKNOWN STEP	2025-11-05T19:45:07.7797479Z #14 14.06   Verifying        : gmp-1:6.2.0-13.el9.x86_64                            20/84 
Test remote (slow)	UNKNOWN STEP	2025-11-05T19:45:07.7797878Z #14 14.06   Verifying        : gnutls-3.8.3-6.el9_6.2.x86_64                        21/84 
Test remote (slow)	UNKNOWN STEP	2025-11-05T19:45:07.7798287Z #14 14.06   Verifying        : grep-3.6-5.el9.x86_64                                22/84 
Test remote (slow)	UNKNOWN STEP	2025-11-05T19:45:07.7798921Z #14 14.06   Verifying        : keyutils-libs-1.6.3-1.el9.x86_64                     23/84 
Test remote (slow)	UNKNOWN STEP	2025-11-05T19:45:07.7799367Z #14 14.06   Verifying        : krb5-libs-1.21.1-8.el9_6.x86_64                      24/84 
Test remote (slow)	UNKNOWN STEP	2025-11-05T19:45:07.7799784Z #14 14.06   Verifying        : libacl-2.3.1-4.el9.x86_64                            25/84 
Test remote (slow)	UNKNOWN STEP	2025-11-05T19:45:07.7800195Z #14 14.06   Verifying        : libattr-2.5.1-3.el9.x86_64                           26/84 
Test remote (slow)	UNKNOWN STEP	2025-11-05T19:45:07.7800620Z #14 14.06   Verifying        : libcap-2.48-9.el9_2.x86_64                           27/84 
Test remote (slow)	UNKNOWN STEP	2025-11-05T19:45:07.7801025Z #14 14.06   Verifying        : libcom_err-1.46.5-7.el9.x86_64                       28/84 
Test remote (slow)	UNKNOWN STEP	2025-11-05T19:45:07.7801436Z #14 14.06   Verifying        : libevent-2.1.12-8.el9_4.x86_64                       29/84 
Test remote (slow)	UNKNOWN STEP	2025-11-05T19:45:07.7801843Z #14 14.06   Verifying        : libffi-3.4.2-8.el9.x86_64                            30/84 
Test remote (slow)	UNKNOWN STEP	2025-11-05T19:45:07.7802243Z #14 14.06   Verifying        : libgcc-11.5.0-5.el9_5.x86_64                         31/84 
Test remote (slow)	UNKNOWN STEP	2025-11-05T19:45:07.7802795Z #14 14.06   Verifying        : libgcrypt-1.10.0-11.el9.x86_64                       32/84 
Test remote (slow)	UNKNOWN STEP	2025-11-05T19:45:07.7803244Z #14 14.06   Verifying        : libgpg-error-1.42-5.el9.x86_64                       33/84 
Test remote (slow)	UNKNOWN STEP	2025-11-05T19:45:07.7803669Z #14 14.06   Verifying        : libidn2-2.3.0-7.el9.x86_64                           34/84 
Test remote (slow)	UNKNOWN STEP	2025-11-05T19:45:07.7804093Z #14 14.06   Verifying        : libselinux-3.6-3.el9.x86_64                          35/84 
Test remote (slow)	UNKNOWN STEP	2025-11-05T19:45:07.7804684Z #14 14.06   Verifying        : libsepol-3.6-2.el9.x86_64                            36/84 
Test remote (slow)	UNKNOWN STEP	2025-11-05T19:45:07.7805125Z #14 14.06   Verifying        : libsigsegv-2.13-4.el9.x86_64                         37/84 
Test remote (slow)	UNKNOWN STEP	2025-11-05T19:45:07.7805546Z #14 14.06   Verifying        : libtasn1-4.16.0-9.el9.x86_64                         38/84 
Test remote (slow)	UNKNOWN STEP	2025-11-05T19:45:07.7805970Z #14 14.06   Verifying        : libunistring-0.9.10-15.el9.x86_64                    39/84 
Test remote (slow)	UNKNOWN STEP	2025-11-05T19:45:07.7806386Z #14 14.06   Verifying        : libuuid-2.37.4-21.el9.x86_64                         40/84 
Test remote (slow)	UNKNOWN STEP	2025-11-05T19:45:07.7806799Z #14 14.06   Verifying        : libverto-0.3.2-3.el9.x86_64                          41/84 
Test remote (slow)	UNKNOWN STEP	2025-11-05T19:45:07.7807334Z #14 14.06   Verifying        : libxcrypt-4.4.18-3.el9.x86_64                        42/84 
Test remote (slow)	UNKNOWN STEP	2025-11-05T19:45:07.7807743Z #14 14.06   Verifying        : libzstd-1.5.5-1.el9.x86_64                           43/84 
Test remote (slow)	UNKNOWN STEP	2025-11-05T19:45:07.7808164Z #14 14.06   Verifying        : lksctp-tools-1.0.19-3.el9_4.x86_64                   44/84 
Test remote (slow)	UNKNOWN STEP	2025-11-05T19:45:07.7808575Z #14 14.06   Verifying        : lua-libs-5.4.4-4.el9.x86_64                          45/84 
Test remote (slow)	UNKNOWN STEP	2025-11-05T19:45:07.7809166Z #14 14.06   Verifying        : lz4-libs-1.9.3-5.el9.x86_64                          46/84 
Test remote (slow)	UNKNOWN STEP	2025-11-05T19:45:07.7809563Z #14 14.06   Verifying        : mpfr-4.1.0-7.el9.x86_64                              47/84 
Test remote (slow)	UNKNOWN STEP	2025-11-05T19:45:07.7809976Z #14 14.06   Verifying        : ncurses-base-6.2-10.20210508.el9_6.2.noarch          48/84 
Test remote (slow)	UNKNOWN STEP	2025-11-05T19:45:07.7810398Z #14 14.06   Verifying        : ncurses-libs-6.2-10.20210508.el9_6.2.x86_64          49/84 
Test remote (slow)	UNKNOWN STEP	2025-11-05T19:45:07.7810815Z #14 14.06   Verifying        : nettle-3.10.1-1.el9.x86_64                           50/84 
Test remote (slow)	UNKNOWN STEP	2025-11-05T19:45:07.7811245Z #14 14.06   Verifying        : openssl-fips-provider-3.0.7-6.el9_5.x86_64           51/84 
Test remote (slow)	UNKNOWN STEP	2025-11-05T19:45:07.7811699Z #14 14.06   Verifying        : openssl-fips-provider-so-3.0.7-6.el9_5.x86_64        52/84 
Test remote (slow)	UNKNOWN STEP	2025-11-05T19:45:07.7812142Z #14 14.06   Verifying        : openssl-libs-1:3.2.2-6.el9_5.1.x86_64                53/84 
Test remote (slow)	UNKNOWN STEP	2025-11-05T19:45:07.7812570Z #14 14.06   Verifying        : p11-kit-0.25.3-3.el9_5.x86_64                        54/84 
Test remote (slow)	UNKNOWN STEP	2025-11-05T19:45:07.7812974Z #14 14.06   Verifying        : p11-kit-trust-0.25.3-3.el9_5.x86_64                  55/84 
Test remote (slow)	UNKNOWN STEP	2025-11-05T19:45:07.7813377Z #14 14.06   Verifying        : pcre-8.44-4.el9.x86_64                               56/84 
Test remote (slow)	UNKNOWN STEP	2025-11-05T19:45:07.7813779Z #14 14.06   Verifying        : pcre2-10.40-6.el9.x86_64                             57/84 
Test remote (slow)	UNKNOWN STEP	2025-11-05T19:45:07.7814197Z #14 14.06   Verifying        : pcre2-syntax-10.40-6.el9.noarch                      58/84 
Test remote (slow)	UNKNOWN STEP	2025-11-05T19:45:07.7814619Z #14 14.06   Verifying        : python3-3.9.21-2.el9_6.2.x86_64                      59/84 
Test remote (slow)	UNKNOWN STEP	2025-11-05T19:45:07.7815030Z #14 14.06   Verifying        : python3-libs-3.9.21-2.el9_6.2.x86_64                 60/84 
Test remote (slow)	UNKNOWN STEP	2025-11-05T19:45:07.7815467Z #14 14.06   Verifying        : python3-pip-wheel-21.3.1-1.el9.noarch                61/84 
Test remote (slow)	UNKNOWN STEP	2025-11-05T19:45:07.7815924Z #14 14.06   Verifying        : python3-setuptools-wheel-53.0.0-13.el9_6.1.noarch    62/84 
Test remote (slow)	UNKNOWN STEP	2025-11-05T19:45:07.7816360Z #14 14.06   Verifying        : readline-8.1-4.el9.x86_64                            63/84 
Test remote (slow)	UNKNOWN STEP	2025-11-05T19:45:07.7816780Z #14 14.06   Verifying        : redhat-release-9.6-0.1.el9.x86_64                    64/84 
Test remote (slow)	UNKNOWN STEP	2025-11-05T19:45:07.7817193Z #14 14.06   Verifying        : sed-4.8-9.el9.x86_64                                 65/84 
Test remote (slow)	UNKNOWN STEP	2025-11-05T19:45:07.7817592Z #14 14.06   Verifying        : setup-2.13.7-10.el9.noarch                           66/84 
Test remote (slow)	UNKNOWN STEP	2025-11-05T19:45:07.7818008Z #14 14.06   Verifying        : sqlite-libs-3.34.1-8.el9_6.x86_64                    67/84 
Test remote (slow)	UNKNOWN STEP	2025-11-05T19:45:07.7818432Z #14 14.06   Verifying        : systemd-libs-252-51.el9_6.3.x86_64                   68/84 
Test remote (slow)	UNKNOWN STEP	2025-11-05T19:45:07.7819085Z #14 14.06   Verifying        : tzdata-2025b-1.el9.noarch                            69/84 
Test remote (slow)	UNKNOWN STEP	2025-11-05T19:45:07.7819621Z #14 14.06   Verifying        : xz-libs-5.2.5-8.el9_0.x86_64                         70/84 
Test remote (slow)	UNKNOWN STEP	2025-11-05T19:45:07.7820022Z #14 14.06   Verifying        : zlib-1.2.11-40.el9.x86_64                            71/84 
Test remote (slow)	UNKNOWN STEP	2025-11-05T19:45:07.7820450Z #14 14.06   Verifying        : copy-jdk-configs-4.0-3.el9.noarch                    72/84 
Test remote (slow)	UNKNOWN STEP	2025-11-05T19:45:07.7820868Z #14 14.06   Verifying        : lua-5.4.4-4.el9.x86_64                               73/84 
Test remote (slow)	UNKNOWN STEP	2025-11-05T19:45:07.7821273Z #14 14.06   Verifying        : lua-posix-35.0-8.el9.x86_64                          74/84 
Test remote (slow)	UNKNOWN STEP	2025-11-05T19:45:07.7821679Z #14 14.06   Verifying        : alsa-lib-1.2.13-2.el9.x86_64                         75/84 
Test remote (slow)	UNKNOWN STEP	2025-11-05T19:45:07.7822095Z #14 14.06   Verifying        : java-21-openjdk-headless-1:21.0.9.0.10-1.el9.x86_6   76/84 
Test remote (slow)	UNKNOWN STEP	2025-11-05T19:45:07.7822653Z #14 14.06   Verifying        : javapackages-filesystem-6.4.0-1.el9.noarch           77/84 
Test remote (slow)	UNKNOWN STEP	2025-11-05T19:45:07.7823096Z #14 14.06   Verifying        : nspr-4.36.0-4.el9_4.x86_64                           78/84 
Test remote (slow)	UNKNOWN STEP	2025-11-05T19:45:07.7823484Z #14 14.06   Verifying        : nss-3.112.0-4.el9_4.x86_64                           79/84 
Test remote (slow)	UNKNOWN STEP	2025-11-05T19:45:07.7823888Z #14 14.07   Verifying        : nss-softokn-3.112.0-4.el9_4.x86_64                   80/84 
Test remote (slow)	UNKNOWN STEP	2025-11-05T19:45:07.7824345Z #14 14.07   Verifying        : nss-softokn-freebl-3.112.0-4.el9_4.x86_64            81/84 
Test remote (slow)	UNKNOWN STEP	2025-11-05T19:45:07.7824787Z #14 14.07   Verifying        : nss-sysinit-3.112.0-4.el9_4.x86_64                   82/84 
Test remote (slow)	UNKNOWN STEP	2025-11-05T19:45:07.7825197Z #14 14.07   Verifying        : nss-util-3.112.0-4.el9_4.x86_64                      83/84 
Test remote (slow)	UNKNOWN STEP	2025-11-05T19:45:07.7825618Z #14 14.07   Verifying        : tzdata-java-2025b-1.el9.noarch                       84/84 
Test remote (slow)	UNKNOWN STEP	2025-11-05T19:45:07.7825976Z #14 14.12 Installed products updated.
Test remote (slow)	UNKNOWN STEP	2025-11-05T19:45:07.7826214Z #14 14.14 
Test remote (slow)	UNKNOWN STEP	2025-11-05T19:45:07.7826382Z #14 14.14 Installed:
Test remote (slow)	UNKNOWN STEP	2025-11-05T19:45:07.7826662Z #14 14.14   alsa-lib-1.2.13-2.el9.x86_64                                                  
Test remote (slow)	UNKNOWN STEP	2025-11-05T19:45:07.7827071Z #14 14.14   alternatives-1.24-2.el9.x86_64                                                
Test remote (slow)	UNKNOWN STEP	2025-11-05T19:45:07.7827475Z #14 14.14   avahi-libs-0.8-22.el9_6.1.x86_64                                              
Test remote (slow)	UNKNOWN STEP	2025-11-05T19:45:07.7827886Z #14 14.14   basesystem-11-13.el9.noarch                                                   
Test remote (slow)	UNKNOWN STEP	2025-11-05T19:45:07.7828312Z #14 14.14   bash-5.1.8-9.el9.x86_64                                                       
Test remote (slow)	UNKNOWN STEP	2025-11-05T19:45:07.7828871Z #14 14.14   bzip2-libs-1.0.8-10.el9_5.x86_64                                              
Test remote (slow)	UNKNOWN STEP	2025-11-05T19:45:07.7829310Z #14 14.14   ca-certificates-2024.2.69_v8.0.303-91.4.el9_4.noarch                          
Test remote (slow)	UNKNOWN STEP	2025-11-05T19:45:07.7829761Z #14 14.14   copy-jdk-configs-4.0-3.el9.noarch                                             
Test remote (slow)	UNKNOWN STEP	2025-11-05T19:45:07.7830199Z #14 14.14   coreutils-single-8.32-39.el9.x86_64                                           
Test remote (slow)	UNKNOWN STEP	2025-11-05T19:45:07.7830669Z #14 14.14   crypto-policies-20250128-1.git5269e22.el9.noarch                              
Test remote (slow)	UNKNOWN STEP	2025-11-05T19:45:07.7831186Z #14 14.14   crypto-policies-scripts-20250128-1.git5269e22.el9.noarch                      
Test remote (slow)	UNKNOWN STEP	2025-11-05T19:45:07.7831658Z #14 14.14   cups-libs-1:2.3.3op2-33.el9_6.1.x86_64                                        
Test remote (slow)	UNKNOWN STEP	2025-11-05T19:45:07.7832061Z #14 14.14   dbus-libs-1:1.12.20-8.el9.x86_64                                              
Test remote (slow)	UNKNOWN STEP	2025-11-05T19:45:07.7832434Z #14 14.14   expat-2.5.0-5.el9_6.x86_64                                                    
Test remote (slow)	UNKNOWN STEP	2025-11-05T19:45:07.7832822Z #14 14.14   filesystem-3.16-5.el9.x86_64                                                  
Test remote (slow)	UNKNOWN STEP	2025-11-05T19:45:07.7833218Z #14 14.14   findutils-1:4.8.0-7.el9.x86_64                                                
Test remote (slow)	UNKNOWN STEP	2025-11-05T19:45:07.7833599Z #14 14.14   gawk-5.1.0-6.el9.x86_64                                                       
Test remote (slow)	UNKNOWN STEP	2025-11-05T19:45:07.7833964Z #14 14.14   gdbm-libs-1:1.23-1.el9.x86_64                                                 
Test remote (slow)	UNKNOWN STEP	2025-11-05T19:45:07.7845444Z #14 14.14   glibc-2.34-168.el9_6.24.x86_64                                                
Test remote (slow)	UNKNOWN STEP	2025-11-05T19:45:07.7845942Z #14 14.14   glibc-common-2.34-168.el9_6.24.x86_64                                         
Test remote (slow)	UNKNOWN STEP	2025-11-05T19:45:07.7846388Z #14 14.14   glibc-langpack-en-2.34-168.el9_6.24.x86_64                                    
Test remote (slow)	UNKNOWN STEP	2025-11-05T19:45:07.7846802Z #14 14.14   gmp-1:6.2.0-13.el9.x86_64                                                     
Test remote (slow)	UNKNOWN STEP	2025-11-05T19:45:07.7847176Z #14 14.14   gnutls-3.8.3-6.el9_6.2.x86_64                                                 
Test remote (slow)	UNKNOWN STEP	2025-11-05T19:45:07.7847541Z #14 14.14   grep-3.6-5.el9.x86_64                                                         
Test remote (slow)	UNKNOWN STEP	2025-11-05T19:45:07.7848060Z #14 14.14   java-21-openjdk-headless-1:21.0.9.0.10-1.el9.x86_64                           
Test remote (slow)	UNKNOWN STEP	2025-11-05T19:45:07.7848545Z #14 14.14   javapackages-filesystem-6.4.0-1.el9.noarch                                    
Test remote (slow)	UNKNOWN STEP	2025-11-05T19:45:07.7849435Z #14 14.14   keyutils-libs-1.6.3-1.el9.x86_64                                              
Test remote (slow)	UNKNOWN STEP	2025-11-05T19:45:07.7849868Z #14 14.14   krb5-libs-1.21.1-8.el9_6.x86_64                                               
Test remote (slow)	UNKNOWN STEP	2025-11-05T19:45:07.7850243Z #14 14.14   libacl-2.3.1-4.el9.x86_64                                                     
Test remote (slow)	UNKNOWN STEP	2025-11-05T19:45:07.7850615Z #14 14.14   libattr-2.5.1-3.el9.x86_64                                                    
Test remote (slow)	UNKNOWN STEP	2025-11-05T19:45:07.7850988Z #14 14.14   libcap-2.48-9.el9_2.x86_64                                                    
Test remote (slow)	UNKNOWN STEP	2025-11-05T19:45:07.7851367Z #14 14.14   libcom_err-1.46.5-7.el9.x86_64                                                
Test remote (slow)	UNKNOWN STEP	2025-11-05T19:45:07.7851764Z #14 14.14   libevent-2.1.12-8.el9_4.x86_64                                                
Test remote (slow)	UNKNOWN STEP	2025-11-05T19:45:07.7852156Z #14 14.14   libffi-3.4.2-8.el9.x86_64                                                     
Test remote (slow)	UNKNOWN STEP	2025-11-05T19:45:07.7852530Z #14 14.14   libgcc-11.5.0-5.el9_5.x86_64                                                  
Test remote (slow)	UNKNOWN STEP	2025-11-05T19:45:07.7852924Z #14 14.14   libgcrypt-1.10.0-11.el9.x86_64                                                
Test remote (slow)	UNKNOWN STEP	2025-11-05T19:45:07.7853327Z #14 14.14   libgpg-error-1.42-5.el9.x86_64                                                
Test remote (slow)	UNKNOWN STEP	2025-11-05T19:45:07.7853718Z #14 14.14   libidn2-2.3.0-7.el9.x86_64                                                    
Test remote (slow)	UNKNOWN STEP	2025-11-05T19:45:07.7854158Z #14 14.14   libselinux-3.6-3.el9.x86_64                                                   
Test remote (slow)	UNKNOWN STEP	2025-11-05T19:45:07.7854649Z #14 14.14   libsepol-3.6-2.el9.x86_64                                                     
Test remote (slow)	UNKNOWN STEP	2025-11-05T19:45:07.7855060Z #14 14.14   libsigsegv-2.13-4.el9.x86_64                                                  
Test remote (slow)	UNKNOWN STEP	2025-11-05T19:45:07.7855484Z #14 14.14   libtasn1-4.16.0-9.el9.x86_64                                                  
Test remote (slow)	UNKNOWN STEP	2025-11-05T19:45:07.7855898Z #14 14.14   libunistring-0.9.10-15.el9.x86_64                                             
Test remote (slow)	UNKNOWN STEP	2025-11-05T19:45:07.7856303Z #14 14.14   libuuid-2.37.4-21.el9.x86_64                                                  
Test remote (slow)	UNKNOWN STEP	2025-11-05T19:45:07.7856684Z #14 14.14   libverto-0.3.2-3.el9.x86_64                                                   
Test remote (slow)	UNKNOWN STEP	2025-11-05T19:45:07.7857073Z #14 14.14   libxcrypt-4.4.18-3.el9.x86_64                                                 
Test remote (slow)	UNKNOWN STEP	2025-11-05T19:45:07.7857466Z #14 14.14   libzstd-1.5.5-1.el9.x86_64                                                    
Test remote (slow)	UNKNOWN STEP	2025-11-05T19:45:07.7857861Z #14 14.14   lksctp-tools-1.0.19-3.el9_4.x86_64                                            
Test remote (slow)	UNKNOWN STEP	2025-11-05T19:45:07.7858239Z #14 14.14   lua-5.4.4-4.el9.x86_64                                                        
Test remote (slow)	UNKNOWN STEP	2025-11-05T19:45:07.7858606Z #14 14.14   lua-libs-5.4.4-4.el9.x86_64                                                   
Test remote (slow)	UNKNOWN STEP	2025-11-05T19:45:07.7859209Z #14 14.14   lua-posix-35.0-8.el9.x86_64                                                   
Test remote (slow)	UNKNOWN STEP	2025-11-05T19:45:07.7859594Z #14 14.14   lz4-libs-1.9.3-5.el9.x86_64                                                   
Test remote (slow)	UNKNOWN STEP	2025-11-05T19:45:07.7860090Z #14 14.14   mpfr-4.1.0-7.el9.x86_64                                                       
Test remote (slow)	UNKNOWN STEP	2025-11-05T19:45:07.7860497Z #14 14.14   ncurses-base-6.2-10.20210508.el9_6.2.noarch                                   
Test remote (slow)	UNKNOWN STEP	2025-11-05T19:45:07.7860934Z #14 14.14   ncurses-libs-6.2-10.20210508.el9_6.2.x86_64                                   
Test remote (slow)	UNKNOWN STEP	2025-11-05T19:45:07.7861341Z #14 14.14   nettle-3.10.1-1.el9.x86_64                                                    
Test remote (slow)	UNKNOWN STEP	2025-11-05T19:45:07.7861703Z #14 14.14   nspr-4.36.0-4.el9_4.x86_64                                                    
Test remote (slow)	UNKNOWN STEP	2025-11-05T19:45:07.7862065Z #14 14.14   nss-3.112.0-4.el9_4.x86_64                                                    
Test remote (slow)	UNKNOWN STEP	2025-11-05T19:45:07.7862448Z #14 14.14   nss-softokn-3.112.0-4.el9_4.x86_64                                            
Test remote (slow)	UNKNOWN STEP	2025-11-05T19:45:07.7863011Z #14 14.14   nss-softokn-freebl-3.112.0-4.el9_4.x86_64                                     
Test remote (slow)	UNKNOWN STEP	2025-11-05T19:45:07.7863458Z #14 14.14   nss-sysinit-3.112.0-4.el9_4.x86_64                                            
Test remote (slow)	UNKNOWN STEP	2025-11-05T19:45:07.7863859Z #14 14.14   nss-util-3.112.0-4.el9_4.x86_64                                               
Test remote (slow)	UNKNOWN STEP	2025-11-05T19:45:07.7864295Z #14 14.14   openssl-fips-provider-3.0.7-6.el9_5.x86_64                                    
Test remote (slow)	UNKNOWN STEP	2025-11-05T19:45:07.7864766Z #14 14.14   openssl-fips-provider-so-3.0.7-6.el9_5.x86_64                                 
Test remote (slow)	UNKNOWN STEP	2025-11-05T19:45:07.7865201Z #14 14.14   openssl-libs-1:3.2.2-6.el9_5.1.x86_64                                         
Test remote (slow)	UNKNOWN STEP	2025-11-05T19:45:07.7865592Z #14 14.14   p11-kit-0.25.3-3.el9_5.x86_64                                                 
Test remote (slow)	UNKNOWN STEP	2025-11-05T19:45:07.7865974Z #14 14.14   p11-kit-trust-0.25.3-3.el9_5.x86_64                                           
Test remote (slow)	UNKNOWN STEP	2025-11-05T19:45:07.7866349Z #14 14.14   pcre-8.44-4.el9.x86_64                                                        
Test remote (slow)	UNKNOWN STEP	2025-11-05T19:45:07.7866709Z #14 14.14   pcre2-10.40-6.el9.x86_64                                                      
Test remote (slow)	UNKNOWN STEP	2025-11-05T19:45:07.7867101Z #14 14.14   pcre2-syntax-10.40-6.el9.noarch                                               
Test remote (slow)	UNKNOWN STEP	2025-11-05T19:45:07.7867506Z #14 14.14   python3-3.9.21-2.el9_6.2.x86_64                                               
Test remote (slow)	UNKNOWN STEP	2025-11-05T19:45:07.7867890Z #14 14.14   python3-libs-3.9.21-2.el9_6.2.x86_64                                          
Test remote (slow)	UNKNOWN STEP	2025-11-05T19:45:07.7868319Z #14 14.14   python3-pip-wheel-21.3.1-1.el9.noarch                                         
Test remote (slow)	UNKNOWN STEP	2025-11-05T19:45:07.7868991Z #14 14.14   python3-setuptools-wheel-53.0.0-13.el9_6.1.noarch                             
Test remote (slow)	UNKNOWN STEP	2025-11-05T19:45:07.7869435Z #14 14.14   readline-8.1-4.el9.x86_64                                                     
Test remote (slow)	UNKNOWN STEP	2025-11-05T19:45:07.7869840Z #14 14.14   redhat-release-9.6-0.1.el9.x86_64                                             
Test remote (slow)	UNKNOWN STEP	2025-11-05T19:45:07.7870230Z #14 14.14   sed-4.8-9.el9.x86_64                                                          
Test remote (slow)	UNKNOWN STEP	2025-11-05T19:45:07.7870598Z #14 14.14   setup-2.13.7-10.el9.noarch                                                    
Test remote (slow)	UNKNOWN STEP	2025-11-05T19:45:07.7870996Z #14 14.14   sqlite-libs-3.34.1-8.el9_6.x86_64                                             
Test remote (slow)	UNKNOWN STEP	2025-11-05T19:45:07.7871403Z #14 14.14   systemd-libs-252-51.el9_6.3.x86_64                                            
Test remote (slow)	UNKNOWN STEP	2025-11-05T19:45:07.7871815Z #14 14.14   tzdata-2025b-1.el9.noarch                                                     
Test remote (slow)	UNKNOWN STEP	2025-11-05T19:45:07.7872235Z #14 14.14   tzdata-java-2025b-1.el9.noarch                                                
Test remote (slow)	UNKNOWN STEP	2025-11-05T19:45:07.7872631Z #14 14.14   xz-libs-5.2.5-8.el9_0.x86_64                                                  
Test remote (slow)	UNKNOWN STEP	2025-11-05T19:45:07.7873002Z #14 14.14   zlib-1.2.11-40.el9.x86_64                                                     
Test remote (slow)	UNKNOWN STEP	2025-11-05T19:45:07.7873297Z #14 14.14 
Test remote (slow)	UNKNOWN STEP	2025-11-05T19:45:07.7873465Z #14 14.14 Complete!
Test remote (slow)	UNKNOWN STEP	2025-11-05T19:45:07.7873707Z #14 14.24 + dnf --installroot /tmp/null/rootfs clean all
Test remote (slow)	UNKNOWN STEP	2025-11-05T19:45:08.0120378Z #14 14.48 Updating Subscription Management repositories.
Test remote (slow)	UNKNOWN STEP	2025-11-05T19:45:08.2133432Z #14 14.48 Unable to read consumer identity
Test remote (slow)	UNKNOWN STEP	2025-11-05T19:45:08.2133961Z #14 14.48 
Test remote (slow)	UNKNOWN STEP	2025-11-05T19:45:08.2134644Z #14 14.48 This system is not registered with an entitlement server. You can use subscription-manager to register.
Test remote (slow)	UNKNOWN STEP	2025-11-05T19:45:08.2135434Z #14 14.48 
Test remote (slow)	UNKNOWN STEP	2025-11-05T19:45:08.2135746Z #14 14.49 26 files removed
Test remote (slow)	UNKNOWN STEP	2025-11-05T19:45:08.2137449Z #14 14.53 + rm -rf /tmp/null/rootfs/var/cache/bpf /tmp/null/rootfs/var/cache/dnf /tmp/null/rootfs/var/cache/ldconfig /tmp/null/rootfs/var/log/dnf.librepo.log /tmp/null/rootfs/var/log/dnf.log /tmp/null/rootfs/var/log/dnf.rpm.log '/tmp/null/rootfs/var/log/yum.*'
Test remote (slow)	UNKNOWN STEP	2025-11-05T19:45:08.2139412Z #14 14.53 ==> Building dependency tree
Test remote (slow)	UNKNOWN STEP	2025-11-05T19:45:08.4594910Z #14 14.92 ==> 42 packages to erase:
Test remote (slow)	UNKNOWN STEP	2025-11-05T19:45:08.6149481Z #14 14.93 alsa-lib
Test remote (slow)	UNKNOWN STEP	2025-11-05T19:45:08.6149950Z #14 14.93 avahi-libs
Test remote (slow)	UNKNOWN STEP	2025-11-05T19:45:08.6150366Z #14 14.93 bzip2-libs
Test remote (slow)	UNKNOWN STEP	2025-11-05T19:45:08.6150762Z #14 14.93 copy-jdk-configs
Test remote (slow)	UNKNOWN STEP	2025-11-05T19:45:08.6151205Z #14 14.93 cups-libs
Test remote (slow)	UNKNOWN STEP	2025-11-05T19:45:08.6151607Z #14 14.93 dbus-libs
Test remote (slow)	UNKNOWN STEP	2025-11-05T19:45:08.6151963Z #14 14.93 expat
Test remote (slow)	UNKNOWN STEP	2025-11-05T19:45:08.6152320Z #14 14.93 gawk
Test remote (slow)	UNKNOWN STEP	2025-11-05T19:45:08.6152673Z #14 14.93 gdbm-libs
Test remote (slow)	UNKNOWN STEP	2025-11-05T19:45:08.6153034Z #14 14.93 gmp
Test remote (slow)	UNKNOWN STEP	2025-11-05T19:45:08.6153370Z #14 14.93 gnutls
Test remote (slow)	UNKNOWN STEP	2025-11-05T19:45:08.6153733Z #14 14.93 gpg-pubkey
Test remote (slow)	UNKNOWN STEP	2025-11-05T19:45:08.6154152Z #14 14.93 keyutils-libs
Test remote (slow)	UNKNOWN STEP	2025-11-05T19:45:08.6154451Z #14 14.93 krb5-libs
Test remote (slow)	UNKNOWN STEP	2025-11-05T19:45:08.6154683Z #14 14.93 libcom_err
Test remote (slow)	UNKNOWN STEP	2025-11-05T19:45:08.6154921Z #14 14.93 libevent
Test remote (slow)	UNKNOWN STEP	2025-11-05T19:45:08.6155144Z #14 14.93 libffi
Test remote (slow)	UNKNOWN STEP	2025-11-05T19:45:08.6155370Z #14 14.93 libgcrypt
Test remote (slow)	UNKNOWN STEP	2025-11-05T19:45:08.6155606Z #14 14.93 libgpg-error
Test remote (slow)	UNKNOWN STEP	2025-11-05T19:45:08.6155844Z #14 14.93 libidn2
Test remote (slow)	UNKNOWN STEP	2025-11-05T19:45:08.6156075Z #14 14.93 libunistring
Test remote (slow)	UNKNOWN STEP	2025-11-05T19:45:08.6156332Z #14 14.93 libuuid
Test remote (slow)	UNKNOWN STEP	2025-11-05T19:45:08.6156556Z #14 14.93 libverto
Test remote (slow)	UNKNOWN STEP	2025-11-05T19:45:08.6156786Z #14 14.93 libxcrypt
Test remote (slow)	UNKNOWN STEP	2025-11-05T19:45:08.6157016Z #14 14.93 libzstd
Test remote (slow)	UNKNOWN STEP	2025-11-05T19:45:08.6157231Z #14 14.93 lua
Test remote (slow)	UNKNOWN STEP	2025-11-05T19:45:08.6157449Z #14 14.93 lua-libs
Test remote (slow)	UNKNOWN STEP	2025-11-05T19:45:08.6157683Z #14 14.93 lua-posix
Test remote (slow)	UNKNOWN STEP	2025-11-05T19:45:08.6157905Z #14 14.93 lz4-libs
Test remote (slow)	UNKNOWN STEP	2025-11-05T19:45:08.6158127Z #14 14.93 mpfr
Test remote (slow)	UNKNOWN STEP	2025-11-05T19:45:08.6158348Z #14 14.93 nettle
Test remote (slow)	UNKNOWN STEP	2025-11-05T19:45:08.6158597Z #14 14.93 openssl-fips-provider
Test remote (slow)	UNKNOWN STEP	2025-11-05T19:45:08.6159139Z #14 14.93 openssl-fips-provider-so
Test remote (slow)	UNKNOWN STEP	2025-11-05T19:45:08.6159460Z #14 14.93 openssl-libs
Test remote (slow)	UNKNOWN STEP	2025-11-05T19:45:08.6159719Z #14 14.93 p11-kit
Test remote (slow)	UNKNOWN STEP	2025-11-05T19:45:08.6159946Z #14 14.93 python3
Test remote (slow)	UNKNOWN STEP	2025-11-05T19:45:08.6160185Z #14 14.93 python3-libs
Test remote (slow)	UNKNOWN STEP	2025-11-05T19:45:08.6160449Z #14 14.93 python3-pip-wheel
Test remote (slow)	UNKNOWN STEP	2025-11-05T19:45:08.6160677Z #14 14.93 python3-setuptools-wheel
Test remote (slow)	UNKNOWN STEP	2025-11-05T19:45:08.6160911Z #14 14.93 readline
Test remote (slow)	UNKNOWN STEP	2025-11-05T19:45:08.6161095Z #14 14.93 systemd-libs
Test remote (slow)	UNKNOWN STEP	2025-11-05T19:45:08.6161280Z #14 14.93 xz-libs
Test remote (slow)	UNKNOWN STEP	2025-11-05T19:45:08.6161471Z #14 14.93 ==> 43 packages to keep:
Test remote (slow)	UNKNOWN STEP	2025-11-05T19:45:08.6161692Z #14 14.93 alternatives
Test remote (slow)	UNKNOWN STEP	2025-11-05T19:45:08.6161870Z #14 14.93 basesystem
Test remote (slow)	UNKNOWN STEP	2025-11-05T19:45:08.6162051Z #14 14.93 bash
Test remote (slow)	UNKNOWN STEP	2025-11-05T19:45:08.6162238Z #14 14.93 ca-certificates
Test remote (slow)	UNKNOWN STEP	2025-11-05T19:45:08.6162444Z #14 14.93 coreutils-single
Test remote (slow)	UNKNOWN STEP	2025-11-05T19:45:08.6162657Z #14 14.93 crypto-policies
Test remote (slow)	UNKNOWN STEP	2025-11-05T19:45:08.6162871Z #14 14.93 crypto-policies-scripts
Test remote (slow)	UNKNOWN STEP	2025-11-05T19:45:08.6163095Z #14 14.93 filesystem
Test remote (slow)	UNKNOWN STEP	2025-11-05T19:45:08.6163283Z #14 14.93 findutils
Test remote (slow)	UNKNOWN STEP	2025-11-05T19:45:08.6163458Z #14 14.93 glibc
Test remote (slow)	UNKNOWN STEP	2025-11-05T19:45:08.6163633Z #14 14.93 glibc-common
Test remote (slow)	UNKNOWN STEP	2025-11-05T19:45:08.6163825Z #14 14.93 glibc-langpack-en
Test remote (slow)	UNKNOWN STEP	2025-11-05T19:45:08.6164029Z #14 14.93 grep
Test remote (slow)	UNKNOWN STEP	2025-11-05T19:45:08.6164218Z #14 14.93 java-21-openjdk-headless
Test remote (slow)	UNKNOWN STEP	2025-11-05T19:45:08.6164461Z #14 14.93 javapackages-filesystem
Test remote (slow)	UNKNOWN STEP	2025-11-05T19:45:08.6164683Z #14 14.93 libacl
Test remote (slow)	UNKNOWN STEP	2025-11-05T19:45:08.6164854Z #14 14.93 libattr
Test remote (slow)	UNKNOWN STEP	2025-11-05T19:45:08.6165026Z #14 14.93 libcap
Test remote (slow)	UNKNOWN STEP	2025-11-05T19:45:08.6165195Z #14 14.93 libgcc
Test remote (slow)	UNKNOWN STEP	2025-11-05T19:45:08.6165363Z #14 14.93 libselinux
Test remote (slow)	UNKNOWN STEP	2025-11-05T19:45:08.6165547Z #14 14.93 libsepol
Test remote (slow)	UNKNOWN STEP	2025-11-05T19:45:08.6165724Z #14 14.93 libsigsegv
Test remote (slow)	UNKNOWN STEP	2025-11-05T19:45:08.6165903Z #14 14.93 libtasn1
Test remote (slow)	UNKNOWN STEP	2025-11-05T19:45:08.6166351Z #14 14.93 lksctp-tools
Test remote (slow)	UNKNOWN STEP	2025-11-05T19:45:08.6166561Z #14 14.93 ncurses-base
Test remote (slow)	UNKNOWN STEP	2025-11-05T19:45:08.6166750Z #14 14.93 ncurses-libs
Test remote (slow)	UNKNOWN STEP	2025-11-05T19:45:08.6166925Z #14 14.93 nspr
Test remote (slow)	UNKNOWN STEP	2025-11-05T19:45:08.6167096Z #14 14.93 nss
Test remote (slow)	UNKNOWN STEP	2025-11-05T19:45:08.6167268Z #14 14.93 nss-softokn
Test remote (slow)	UNKNOWN STEP	2025-11-05T19:45:08.6167464Z #14 14.93 nss-softokn-freebl
Test remote (slow)	UNKNOWN STEP	2025-11-05T19:45:08.6167669Z #14 14.93 nss-sysinit
Test remote (slow)	UNKNOWN STEP	2025-11-05T19:45:08.6167847Z #14 14.93 nss-util
Test remote (slow)	UNKNOWN STEP	2025-11-05T19:45:08.6168027Z #14 14.93 p11-kit-trust
Test remote (slow)	UNKNOWN STEP	2025-11-05T19:45:08.6168211Z #14 14.93 pcre
Test remote (slow)	UNKNOWN STEP	2025-11-05T19:45:08.6168406Z #14 14.93 pcre2
Test remote (slow)	UNKNOWN STEP	2025-11-05T19:45:08.6168578Z #14 14.93 pcre2-syntax
Test remote (slow)	UNKNOWN STEP	2025-11-05T19:45:08.6169025Z #14 14.93 redhat-release
Test remote (slow)	UNKNOWN STEP	2025-11-05T19:45:08.6169228Z #14 14.93 sed
Test remote (slow)	UNKNOWN STEP	2025-11-05T19:45:08.6169559Z #14 14.93 setup
Test remote (slow)	UNKNOWN STEP	2025-11-05T19:45:08.6169740Z #14 14.93 sqlite-libs
Test remote (slow)	UNKNOWN STEP	2025-11-05T19:45:08.6169923Z #14 14.93 tzdata
Test remote (slow)	UNKNOWN STEP	2025-11-05T19:45:08.6170090Z #14 14.93 tzdata-java
Test remote (slow)	UNKNOWN STEP	2025-11-05T19:45:08.6170267Z #14 14.93 zlib
Test remote (slow)	UNKNOWN STEP	2025-11-05T19:45:08.6170430Z #14 14.93 
Test remote (slow)	UNKNOWN STEP	2025-11-05T19:45:08.6170603Z #14 14.93 ==> Erasing packages
Test remote (slow)	UNKNOWN STEP	2025-11-05T19:45:08.6170923Z #14 14.93 + xargs rpm -r /tmp/null/rootfs --erase --nodeps --allmatches
Test remote (slow)	UNKNOWN STEP	2025-11-05T19:45:08.7559503Z #14 15.22 
Test remote (slow)	UNKNOWN STEP	2025-11-05T19:45:08.7559912Z #14 15.22 ==> Packages erased ok!
Test remote (slow)	UNKNOWN STEP	2025-11-05T19:45:08.9273631Z #14 DONE 15.2s
Test remote (slow)	UNKNOWN STEP	2025-11-05T19:45:09.4600713Z 
Test remote (slow)	UNKNOWN STEP	2025-11-05T19:45:09.4602294Z #15 [stage-1 2/4] COPY --from=ubi-micro-build /tmp/null/rootfs/ /
Test remote (slow)	UNKNOWN STEP	2025-11-05T19:45:10.6280446Z #15 DONE 1.2s
Test remote (slow)	UNKNOWN STEP	2025-11-05T19:45:10.7797512Z 
Test remote (slow)	UNKNOWN STEP	2025-11-05T19:45:10.7798344Z #16 [stage-1 3/4] COPY --from=ubi-micro-build --chown=1000:0 /opt/keycloak /opt/keycloak
Test remote (slow)	UNKNOWN STEP	2025-11-05T19:45:11.0712297Z #16 DONE 0.4s
Test remote (slow)	UNKNOWN STEP	2025-11-05T19:45:11.1934665Z 
Test remote (slow)	UNKNOWN STEP	2025-11-05T19:45:11.1937799Z #17 [stage-1 4/4] RUN echo "keycloak:x:0:root" >> /etc/group &&     echo "keycloak:x:1000:0:keycloak user:/opt/keycloak:/sbin/nologin" >> /etc/passwd
Test remote (slow)	UNKNOWN STEP	2025-11-05T19:45:11.1939030Z #17 DONE 0.1s
Test remote (slow)	UNKNOWN STEP	2025-11-05T19:45:11.3452044Z 
Test remote (slow)	UNKNOWN STEP	2025-11-05T19:45:11.3452809Z #18 exporting to image
Test remote (slow)	UNKNOWN STEP	2025-11-05T19:45:11.3453683Z #18 exporting layers
Test remote (slow)	UNKNOWN STEP	2025-11-05T19:45:12.0379870Z #18 exporting layers 0.8s done
Test remote (slow)	UNKNOWN STEP	2025-11-05T19:45:12.0553370Z #18 writing image sha256:289a0f7d033f49af3ac8b2bee45acd131f1b6bed9e4406e3784de5cb5df225f6 done
Test remote (slow)	UNKNOWN STEP	2025-11-05T19:45:12.0554295Z #18 naming to docker.io/library/keycloak:0.0.1-3410e8 done
Test remote (slow)	UNKNOWN STEP	2025-11-05T19:45:12.0554870Z #18 DONE 0.8s
Test remote (slow)	UNKNOWN STEP	2025-11-05T19:45:12.0641443Z + VERSION=0.0.1-3410e8
Test remote (slow)	UNKNOWN STEP	2025-11-05T19:45:12.0641859Z + KEYCLOAK_IMAGE=keycloak
Test remote (slow)	UNKNOWN STEP	2025-11-05T19:45:12.0642268Z + KEYCLOAK_CUSTOM_IMAGE=custom-keycloak
Test remote (slow)	UNKNOWN STEP	2025-11-05T19:45:12.0642706Z + echo 'Using version: 0.0.1-3410e8'
Test remote (slow)	UNKNOWN STEP	2025-11-05T19:45:12.0643156Z Using version: 0.0.1-3410e8
Test remote (slow)	UNKNOWN STEP	2025-11-05T19:45:12.0643636Z +++ dirname -- ./scripts/build-testing-docker-images.sh
Test remote (slow)	UNKNOWN STEP	2025-11-05T19:45:12.0655594Z ++ cd -- ./scripts
Test remote (slow)	UNKNOWN STEP	2025-11-05T19:45:12.0656021Z ++ pwd
Test remote (slow)	UNKNOWN STEP	2025-11-05T19:45:12.0658223Z + SCRIPT_DIR=/home/runner/work/keycloak/keycloak/operator/scripts
Test remote (slow)	UNKNOWN STEP	2025-11-05T19:45:12.0659676Z + docker build -f /home/runner/work/keycloak/keycloak/operator/scripts/Dockerfile-custom-image --build-arg IMAGE=keycloak --build-arg VERSION=0.0.1-3410e8 -t custom-keycloak:0.0.1-3410e8 /home/runner/work/keycloak/keycloak/operator/scripts
Test remote (slow)	UNKNOWN STEP	2025-11-05T19:45:12.4095414Z #0 building with "default" instance using docker driver
Test remote (slow)	UNKNOWN STEP	2025-11-05T19:45:12.4096376Z 
Test remote (slow)	UNKNOWN STEP	2025-11-05T19:45:12.4096714Z #1 [internal] load build definition from Dockerfile-custom-image
Test remote (slow)	UNKNOWN STEP	2025-11-05T19:45:12.4097210Z #1 transferring dockerfile: 232B done
Test remote (slow)	UNKNOWN STEP	2025-11-05T19:45:12.4097475Z #1 DONE 0.0s
Test remote (slow)	UNKNOWN STEP	2025-11-05T19:45:12.4097588Z 
Test remote (slow)	UNKNOWN STEP	2025-11-05T19:45:12.4097767Z #2 [internal] load metadata for docker.io/library/keycloak:0.0.1-3410e8
Test remote (slow)	UNKNOWN STEP	2025-11-05T19:45:12.4098094Z #2 DONE 0.0s
Test remote (slow)	UNKNOWN STEP	2025-11-05T19:45:12.4098200Z 
Test remote (slow)	UNKNOWN STEP	2025-11-05T19:45:12.4098299Z #3 [internal] load .dockerignore
Test remote (slow)	UNKNOWN STEP	2025-11-05T19:45:12.4098557Z #3 transferring context: 2B done
Test remote (slow)	UNKNOWN STEP	2025-11-05T19:45:12.4099196Z #3 DONE 0.0s
Test remote (slow)	UNKNOWN STEP	2025-11-05T19:45:12.4099333Z 
Test remote (slow)	UNKNOWN STEP	2025-11-05T19:45:12.4099459Z #4 [1/2] FROM docker.io/library/keycloak:0.0.1-3410e8
Test remote (slow)	UNKNOWN STEP	2025-11-05T19:45:12.4099726Z #4 DONE 0.0s
Test remote (slow)	UNKNOWN STEP	2025-11-05T19:45:12.4099825Z 
Test remote (slow)	UNKNOWN STEP	2025-11-05T19:45:12.4100457Z #5 [2/2] RUN /opt/keycloak/bin/kc.sh build --db=postgres --health-enabled=true --metrics-enabled=true --features=rolling-updates
Test remote (slow)	UNKNOWN STEP	2025-11-05T19:45:13.2854603Z #5 1.026 Updating the configuration and installing your custom providers, if any. Please wait.
Test remote (slow)	UNKNOWN STEP	2025-11-05T19:45:24.4455653Z #5 12.19 2025-11-05 19:45:24,443 INFO  [io.quarkus.deployment.QuarkusAugmentor] (main) Quarkus augmentation completed in 10291ms
Test remote (slow)	UNKNOWN STEP	2025-11-05T19:45:24.6909665Z #5 12.21 Server configuration updated and persisted. Run the following command to review the configuration:
Test remote (slow)	UNKNOWN STEP	2025-11-05T19:45:24.6910365Z #5 12.21 
Test remote (slow)	UNKNOWN STEP	2025-11-05T19:45:24.6910573Z #5 12.21 	kc.sh show-config
Test remote (slow)	UNKNOWN STEP	2025-11-05T19:45:24.6911050Z #5 12.21 
Test remote (slow)	UNKNOWN STEP	2025-11-05T19:45:24.6911231Z #5 DONE 12.3s
Test remote (slow)	UNKNOWN STEP	2025-11-05T19:45:24.6911641Z 
Test remote (slow)	UNKNOWN STEP	2025-11-05T19:45:24.6911738Z #6 exporting to image
Test remote (slow)	UNKNOWN STEP	2025-11-05T19:45:24.6911963Z #6 exporting layers
Test remote (slow)	UNKNOWN STEP	2025-11-05T19:45:25.0042430Z #6 exporting layers 0.5s done
Test remote (slow)	UNKNOWN STEP	2025-11-05T19:45:25.0223978Z #6 writing image sha256:1cb93d0de62bb8c0c91fac288616f987260dbd23eaf40daf5330e65f54332e16 done
Test remote (slow)	UNKNOWN STEP	2025-11-05T19:45:25.0225011Z #6 naming to docker.io/library/custom-keycloak:0.0.1-3410e8 done
Test remote (slow)	UNKNOWN STEP	2025-11-05T19:45:25.0225522Z #6 DONE 0.5s
Test remote (slow)	UNKNOWN STEP	2025-11-05T19:45:25.0320841Z ##[group]Run declare -A PARAMS
Test remote (slow)	UNKNOWN STEP	2025-11-05T19:45:25.0321173Z [36;1mdeclare -A PARAMS[0m
Test remote (slow)	UNKNOWN STEP	2025-11-05T19:45:25.0321583Z [36;1mPARAMS["slow"]="-Dkc.quarkus.tests.groups=slow"[0m
Test remote (slow)	UNKNOWN STEP	2025-11-05T19:45:25.0322071Z [36;1mPARAMS["fast"]='-Dkc.quarkus.tests.groups=!slow'[0m
Test remote (slow)	UNKNOWN STEP	2025-11-05T19:45:25.0322495Z [36;1m[0m
Test remote (slow)	UNKNOWN STEP	2025-11-05T19:45:25.0322718Z [36;1meval $(minikube -p minikube docker-env)[0m
Test remote (slow)	UNKNOWN STEP	2025-11-05T19:45:25.0323075Z [36;1m./mvnw install -Poperator -pl :keycloak-operator -am \[0m
Test remote (slow)	UNKNOWN STEP	2025-11-05T19:45:25.0323438Z [36;1m    -Dquarkus.container-image.build=true \[0m
Test remote (slow)	UNKNOWN STEP	2025-11-05T19:45:25.0323819Z [36;1m    -Dquarkus.kubernetes.image-pull-policy=IfNotPresent \[0m
Test remote (slow)	UNKNOWN STEP	2025-11-05T19:45:25.0324217Z [36;1m    -Dkc.operator.keycloak.image=keycloak:0.0.1-3410e8 \[0m
Test remote (slow)	UNKNOWN STEP	2025-11-05T19:45:25.0324701Z [36;1m    -Dquarkus.kubernetes.env.vars.kc-operator-keycloak-image-pull-policy=Never \[0m
Test remote (slow)	UNKNOWN STEP	2025-11-05T19:45:25.0325210Z [36;1m    -Dtest.operator.custom.image=custom-keycloak:0.0.1-3410e8 \[0m
Test remote (slow)	UNKNOWN STEP	2025-11-05T19:45:25.0325718Z [36;1m    --no-transfer-progress -Dtest.operator.deployment=remote ${PARAMS["slow"]}[0m
Test remote (slow)	UNKNOWN STEP	2025-11-05T19:45:25.0359714Z shell: /usr/bin/bash --noprofile --norc -e -o pipefail {0}
Test remote (slow)	UNKNOWN STEP	2025-11-05T19:45:25.0360035Z env:
Test remote (slow)	UNKNOWN STEP	2025-11-05T19:45:25.0360307Z   MAVEN_ARGS: -B -nsu -Daether.connector.http.connectionMaxTtl=25
Test remote (slow)	UNKNOWN STEP	2025-11-05T19:45:25.0360648Z   MINIKUBE_VERSION: v1.37.0
Test remote (slow)	UNKNOWN STEP	2025-11-05T19:45:25.0360880Z   KUBERNETES_VERSION: v1.32.9
Test remote (slow)	UNKNOWN STEP	2025-11-05T19:45:25.0361104Z   MINIKUBE_MEMORY: 4096
Test remote (slow)	UNKNOWN STEP	2025-11-05T19:45:25.0361309Z   version_remote: 0.0.1-3410e8
Test remote (slow)	UNKNOWN STEP	2025-11-05T19:45:25.0361647Z   JAVA_HOME: /opt/hostedtoolcache/Java_Temurin-Hotspot_jdk/21.0.9-10/x64
Test remote (slow)	UNKNOWN STEP	2025-11-05T19:45:25.0362105Z   JAVA_HOME_21_X64: /opt/hostedtoolcache/Java_Temurin-Hotspot_jdk/21.0.9-10/x64
Test remote (slow)	UNKNOWN STEP	2025-11-05T19:45:25.0362497Z   MINIKUBE_HOME: /home/runner/work/_temp
Test remote (slow)	UNKNOWN STEP	2025-11-05T19:45:25.0362738Z ##[endgroup]
Test remote (slow)	UNKNOWN STEP	2025-11-05T19:45:33.6796458Z [ERROR] Error executing Maven.
Test remote (slow)	UNKNOWN STEP	2025-11-05T19:45:33.6798392Z [ERROR] Extension org.apache.maven.extensions:maven-build-cache-extension:1.2.0 or one of its dependencies could not be resolved: Plugin org.apache.maven.extensions:maven-build-cache-extension:1.2.0 or one of its dependencies could not be resolved:
Test remote (slow)	UNKNOWN STEP	2025-11-05T19:45:33.6800547Z 	Failed to read artifact descriptor for org.apache.commons:commons-lang3:jar:3.14.0
Test remote (slow)	UNKNOWN STEP	2025-11-05T19:45:33.6801537Z 	Failed to read artifact descriptor for org.apache.jackrabbit:jackrabbit-webdav:jar:2.14.4
Test remote (slow)	UNKNOWN STEP	2025-11-05T19:45:33.6802139Z 
Test remote (slow)	UNKNOWN STEP	2025-11-05T19:45:33.6807165Z [ERROR] Caused by: Plugin org.apache.maven.extensions:maven-build-cache-extension:1.2.0 or one of its dependencies could not be resolved:
Test remote (slow)	UNKNOWN STEP	2025-11-05T19:45:33.6809201Z 	Failed to read artifact descriptor for org.apache.commons:commons-lang3:jar:3.14.0
Test remote (slow)	UNKNOWN STEP	2025-11-05T19:45:33.6813827Z 	Failed to read artifact descriptor for org.apache.jackrabbit:jackrabbit-webdav:jar:2.14.4
Test remote (slow)	UNKNOWN STEP	2025-11-05T19:45:33.6814643Z 
Test remote (slow)	UNKNOWN STEP	2025-11-05T19:45:33.7098070Z ##[error]Process completed with exit code 1.
Test remote (slow)	UNKNOWN STEP	2025-11-05T19:45:33.7155840Z Post job cleanup.
Test remote (slow)	UNKNOWN STEP	2025-11-05T19:45:33.7196593Z Post job cleanup.
Test remote (slow)	UNKNOWN STEP	2025-11-05T19:45:33.8979162Z Post job cleanup.
Test remote (slow)	UNKNOWN STEP	2025-11-05T19:45:34.0133292Z [command]/usr/bin/git version
Test remote (slow)	UNKNOWN STEP	2025-11-05T19:45:34.0200991Z git version 2.51.2
Test remote (slow)	UNKNOWN STEP	2025-11-05T19:45:34.0241450Z Temporarily overriding HOME='/home/runner/work/_temp/9f0665d3-7921-4721-9212-245e1ba1a9e4' before making global git config changes
Test remote (slow)	UNKNOWN STEP	2025-11-05T19:45:34.0242457Z Adding repository directory to the temporary git global config as a safe directory
Test remote (slow)	UNKNOWN STEP	2025-11-05T19:45:34.0247746Z [command]/usr/bin/git config --global --add safe.directory /home/runner/work/keycloak/keycloak
Test remote (slow)	UNKNOWN STEP	2025-11-05T19:45:34.0288252Z [command]/usr/bin/git config --local --name-only --get-regexp core\.sshCommand
Test remote (slow)	UNKNOWN STEP	2025-11-05T19:45:34.0328140Z [command]/usr/bin/git submodule foreach --recursive sh -c "git config --local --name-only --get-regexp 'core\.sshCommand' && git config --local --unset-all 'core.sshCommand' || :"
Test remote (slow)	UNKNOWN STEP	2025-11-05T19:45:34.0587075Z [command]/usr/bin/git config --local --name-only --get-regexp http\.https\:\/\/github\.com\/\.extraheader
Test remote (slow)	UNKNOWN STEP	2025-11-05T19:45:34.0610490Z http.https://github.com/.extraheader
Test remote (slow)	UNKNOWN STEP	2025-11-05T19:45:34.0620245Z [command]/usr/bin/git config --local --unset-all http.https://github.com/.extraheader
Test remote (slow)	UNKNOWN STEP	2025-11-05T19:45:34.0650246Z [command]/usr/bin/git submodule foreach --recursive sh -c "git config --local --name-only --get-regexp 'http\.https\:\/\/github\.com\/\.extraheader' && git config --local --unset-all 'http.https://github.com/.extraheader' || :"
Test remote (slow)	UNKNOWN STEP	2025-11-05T19:45:34.1007203Z Cleaning up orphan processes
Status Check - Keycloak Operator CI	UNKNOWN STEP	ï»¿2025-11-05T19:54:40.1373718Z Current runner version: '2.329.0'
Status Check - Keycloak Operator CI	UNKNOWN STEP	2025-11-05T19:54:40.1397516Z ##[group]Runner Image Provisioner
Status Check - Keycloak Operator CI	UNKNOWN STEP	2025-11-05T19:54:40.1398793Z Hosted Compute Agent
Status Check - Keycloak Operator CI	UNKNOWN STEP	2025-11-05T19:54:40.1399639Z Version: 20251016.436
Status Check - Keycloak Operator CI	UNKNOWN STEP	2025-11-05T19:54:40.1400223Z Commit: 8ab8ac8bfd662a3739dab9fe09456aba92132568
Status Check - Keycloak Operator CI	UNKNOWN STEP	2025-11-05T19:54:40.1401029Z Build Date: 2025-10-15T20:44:12Z
Status Check - Keycloak Operator CI	UNKNOWN STEP	2025-11-05T19:54:40.1401589Z ##[endgroup]
Status Check - Keycloak Operator CI	UNKNOWN STEP	2025-11-05T19:54:40.1402116Z ##[group]Operating System
Status Check - Keycloak Operator CI	UNKNOWN STEP	2025-11-05T19:54:40.1402674Z Ubuntu
Status Check - Keycloak Operator CI	UNKNOWN STEP	2025-11-05T19:54:40.1403179Z 24.04.3
Status Check - Keycloak Operator CI	UNKNOWN STEP	2025-11-05T19:54:40.1403642Z LTS
Status Check - Keycloak Operator CI	UNKNOWN STEP	2025-11-05T19:54:40.1404119Z ##[endgroup]
Status Check - Keycloak Operator CI	UNKNOWN STEP	2025-11-05T19:54:40.1404631Z ##[group]Runner Image
Status Check - Keycloak Operator CI	UNKNOWN STEP	2025-11-05T19:54:40.1405118Z Image: ubuntu-24.04
Status Check - Keycloak Operator CI	UNKNOWN STEP	2025-11-05T19:54:40.1405652Z Version: 20251030.96.2
Status Check - Keycloak Operator CI	UNKNOWN STEP	2025-11-05T19:54:40.1406635Z Included Software: https://github.com/actions/runner-images/blob/ubuntu24/20251030.96/images/ubuntu/Ubuntu2404-Readme.md
Status Check - Keycloak Operator CI	UNKNOWN STEP	2025-11-05T19:54:40.1408195Z Image Release: https://github.com/actions/runner-images/releases/tag/ubuntu24%2F20251030.96
Status Check - Keycloak Operator CI	UNKNOWN STEP	2025-11-05T19:54:40.1409455Z ##[endgroup]
Status Check - Keycloak Operator CI	UNKNOWN STEP	2025-11-05T19:54:40.1410406Z ##[group]GITHUB_TOKEN Permissions
Status Check - Keycloak Operator CI	UNKNOWN STEP	2025-11-05T19:54:40.1412572Z Contents: read
Status Check - Keycloak Operator CI	UNKNOWN STEP	2025-11-05T19:54:40.1413082Z Metadata: read
Status Check - Keycloak Operator CI	UNKNOWN STEP	2025-11-05T19:54:40.1413564Z ##[endgroup]
Status Check - Keycloak Operator CI	UNKNOWN STEP	2025-11-05T19:54:40.1415772Z Secret source: None
Status Check - Keycloak Operator CI	UNKNOWN STEP	2025-11-05T19:54:40.1416843Z Prepare workflow directory
Status Check - Keycloak Operator CI	UNKNOWN STEP	2025-11-05T19:54:40.1816754Z Prepare all required actions
Status Check - Keycloak Operator CI	UNKNOWN STEP	2025-11-05T19:54:40.1854686Z Getting action download info
Status Check - Keycloak Operator CI	UNKNOWN STEP	2025-11-05T19:54:40.5130444Z Download action repository 'actions/checkout@08c6903cd8c0fde910a37f88322edcfb5dd907a8' (SHA:08c6903cd8c0fde910a37f88322edcfb5dd907a8)
Status Check - Keycloak Operator CI	UNKNOWN STEP	2025-11-05T19:54:41.0363870Z Complete job name: Status Check - Keycloak Operator CI
Status Check - Keycloak Operator CI	UNKNOWN STEP	2025-11-05T19:54:41.1065735Z ##[group]Run actions/checkout@08c6903cd8c0fde910a37f88322edcfb5dd907a8
Status Check - Keycloak Operator CI	UNKNOWN STEP	2025-11-05T19:54:41.1066843Z with:
Status Check - Keycloak Operator CI	UNKNOWN STEP	2025-11-05T19:54:41.1067280Z   repository: keycloak/keycloak
Status Check - Keycloak Operator CI	UNKNOWN STEP	2025-11-05T19:54:41.1067993Z   token: ***
Status Check - Keycloak Operator CI	UNKNOWN STEP	2025-11-05T19:54:41.1068408Z   ssh-strict: true
Status Check - Keycloak Operator CI	UNKNOWN STEP	2025-11-05T19:54:41.1069100Z   ssh-user: git
Status Check - Keycloak Operator CI	UNKNOWN STEP	2025-11-05T19:54:41.1069660Z   persist-credentials: true
Status Check - Keycloak Operator CI	UNKNOWN STEP	2025-11-05T19:54:41.1070160Z   clean: true
Status Check - Keycloak Operator CI	UNKNOWN STEP	2025-11-05T19:54:41.1070596Z   sparse-checkout-cone-mode: true
Status Check - Keycloak Operator CI	UNKNOWN STEP	2025-11-05T19:54:41.1071115Z   fetch-depth: 1
Status Check - Keycloak Operator CI	UNKNOWN STEP	2025-11-05T19:54:41.1071533Z   fetch-tags: false
Status Check - Keycloak Operator CI	UNKNOWN STEP	2025-11-05T19:54:41.1071968Z   show-progress: true
Status Check - Keycloak Operator CI	UNKNOWN STEP	2025-11-05T19:54:41.1072404Z   lfs: false
Status Check - Keycloak Operator CI	UNKNOWN STEP	2025-11-05T19:54:41.1072836Z   submodules: false
Status Check - Keycloak Operator CI	UNKNOWN STEP	2025-11-05T19:54:41.1073279Z   set-safe-directory: true
Status Check - Keycloak Operator CI	UNKNOWN STEP	2025-11-05T19:54:41.1074419Z env:
Status Check - Keycloak Operator CI	UNKNOWN STEP	2025-11-05T19:54:41.1075040Z   MAVEN_ARGS: -B -nsu -Daether.connector.http.connectionMaxTtl=25
Status Check - Keycloak Operator CI	UNKNOWN STEP	2025-11-05T19:54:41.1075762Z   MINIKUBE_VERSION: v1.37.0
Status Check - Keycloak Operator CI	UNKNOWN STEP	2025-11-05T19:54:41.1076335Z   KUBERNETES_VERSION: v1.32.9
Status Check - Keycloak Operator CI	UNKNOWN STEP	2025-11-05T19:54:41.1076823Z   MINIKUBE_MEMORY: 4096
Status Check - Keycloak Operator CI	UNKNOWN STEP	2025-11-05T19:54:41.1077275Z ##[endgroup]
Status Check - Keycloak Operator CI	UNKNOWN STEP	2025-11-05T19:54:41.2047164Z Syncing repository: keycloak/keycloak
Status Check - Keycloak Operator CI	UNKNOWN STEP	2025-11-05T19:54:41.2049333Z ##[group]Getting Git version info
Status Check - Keycloak Operator CI	UNKNOWN STEP	2025-11-05T19:54:41.2050102Z Working directory is '/home/runner/work/keycloak/keycloak'
Status Check - Keycloak Operator CI	UNKNOWN STEP	2025-11-05T19:54:41.2051208Z [command]/usr/bin/git version
Status Check - Keycloak Operator CI	UNKNOWN STEP	2025-11-05T19:54:41.2129637Z git version 2.51.2
Status Check - Keycloak Operator CI	UNKNOWN STEP	2025-11-05T19:54:41.2150844Z ##[endgroup]
Status Check - Keycloak Operator CI	UNKNOWN STEP	2025-11-05T19:54:41.2167505Z Temporarily overriding HOME='/home/runner/work/_temp/36fdb3a6-2cae-487c-b3bc-f2a1ae53adc5' before making global git config changes
Status Check - Keycloak Operator CI	UNKNOWN STEP	2025-11-05T19:54:41.2170469Z Adding repository directory to the temporary git global config as a safe directory
Status Check - Keycloak Operator CI	UNKNOWN STEP	2025-11-05T19:54:41.2173312Z [command]/usr/bin/git config --global --add safe.directory /home/runner/work/keycloak/keycloak
Status Check - Keycloak Operator CI	UNKNOWN STEP	2025-11-05T19:54:41.2211836Z Deleting the contents of '/home/runner/work/keycloak/keycloak'
Status Check - Keycloak Operator CI	UNKNOWN STEP	2025-11-05T19:54:41.2215614Z ##[group]Initializing the repository
Status Check - Keycloak Operator CI	UNKNOWN STEP	2025-11-05T19:54:41.2220656Z [command]/usr/bin/git init /home/runner/work/keycloak/keycloak
Status Check - Keycloak Operator CI	UNKNOWN STEP	2025-11-05T19:54:41.2330141Z hint: Using 'master' as the name for the initial branch. This default branch name
Status Check - Keycloak Operator CI	UNKNOWN STEP	2025-11-05T19:54:41.2331882Z hint: is subject to change. To configure the initial branch name to use in all
Status Check - Keycloak Operator CI	UNKNOWN STEP	2025-11-05T19:54:41.2333912Z hint: of your new repositories, which will suppress this warning, call:
Status Check - Keycloak Operator CI	UNKNOWN STEP	2025-11-05T19:54:41.2335133Z hint:
Status Check - Keycloak Operator CI	UNKNOWN STEP	2025-11-05T19:54:41.2335939Z hint: 	git config --global init.defaultBranch <name>
Status Check - Keycloak Operator CI	UNKNOWN STEP	2025-11-05T19:54:41.2336786Z hint:
Status Check - Keycloak Operator CI	UNKNOWN STEP	2025-11-05T19:54:41.2337396Z hint: Names commonly chosen instead of 'master' are 'main', 'trunk' and
Status Check - Keycloak Operator CI	UNKNOWN STEP	2025-11-05T19:54:41.2339206Z hint: 'development'. The just-created branch can be renamed via this command:
Status Check - Keycloak Operator CI	UNKNOWN STEP	2025-11-05T19:54:41.2340529Z hint:
Status Check - Keycloak Operator CI	UNKNOWN STEP	2025-11-05T19:54:41.2341005Z hint: 	git branch -m <name>
Status Check - Keycloak Operator CI	UNKNOWN STEP	2025-11-05T19:54:41.2341519Z hint:
Status Check - Keycloak Operator CI	UNKNOWN STEP	2025-11-05T19:54:41.2342243Z hint: Disable this message with "git config set advice.defaultBranchName false"
Status Check - Keycloak Operator CI	UNKNOWN STEP	2025-11-05T19:54:41.2344214Z Initialized empty Git repository in /home/runner/work/keycloak/keycloak/.git/
Status Check - Keycloak Operator CI	UNKNOWN STEP	2025-11-05T19:54:41.2347181Z [command]/usr/bin/git remote add origin https://github.com/keycloak/keycloak
Status Check - Keycloak Operator CI	UNKNOWN STEP	2025-11-05T19:54:41.2381385Z ##[endgroup]
Status Check - Keycloak Operator CI	UNKNOWN STEP	2025-11-05T19:54:41.2382747Z ##[group]Disabling automatic garbage collection
Status Check - Keycloak Operator CI	UNKNOWN STEP	2025-11-05T19:54:41.2385928Z [command]/usr/bin/git config --local gc.auto 0
Status Check - Keycloak Operator CI	UNKNOWN STEP	2025-11-05T19:54:41.2414968Z ##[endgroup]
Status Check - Keycloak Operator CI	UNKNOWN STEP	2025-11-05T19:54:41.2416392Z ##[group]Setting up auth
Status Check - Keycloak Operator CI	UNKNOWN STEP	2025-11-05T19:54:41.2422540Z [command]/usr/bin/git config --local --name-only --get-regexp core\.sshCommand
Status Check - Keycloak Operator CI	UNKNOWN STEP	2025-11-05T19:54:41.2454017Z [command]/usr/bin/git submodule foreach --recursive sh -c "git config --local --name-only --get-regexp 'core\.sshCommand' && git config --local --unset-all 'core.sshCommand' || :"
Status Check - Keycloak Operator CI	UNKNOWN STEP	2025-11-05T19:54:41.2788806Z [command]/usr/bin/git config --local --name-only --get-regexp http\.https\:\/\/github\.com\/\.extraheader
Status Check - Keycloak Operator CI	UNKNOWN STEP	2025-11-05T19:54:41.2819891Z [command]/usr/bin/git submodule foreach --recursive sh -c "git config --local --name-only --get-regexp 'http\.https\:\/\/github\.com\/\.extraheader' && git config --local --unset-all 'http.https://github.com/.extraheader' || :"
Status Check - Keycloak Operator CI	UNKNOWN STEP	2025-11-05T19:54:41.3044210Z [command]/usr/bin/git config --local http.https://github.com/.extraheader AUTHORIZATION: basic ***
Status Check - Keycloak Operator CI	UNKNOWN STEP	2025-11-05T19:54:41.3080376Z ##[endgroup]
Status Check - Keycloak Operator CI	UNKNOWN STEP	2025-11-05T19:54:41.3081386Z ##[group]Fetching the repository
Status Check - Keycloak Operator CI	UNKNOWN STEP	2025-11-05T19:54:41.3089711Z [command]/usr/bin/git -c protocol.version=2 fetch --no-tags --prune --no-recurse-submodules --depth=1 origin +3410e86fd3affa966b3d36f49bc4a2668bc745fe:refs/remotes/pull/43982/merge
Status Check - Keycloak Operator CI	UNKNOWN STEP	2025-11-05T19:54:43.4068200Z From https://github.com/keycloak/keycloak
Status Check - Keycloak Operator CI	UNKNOWN STEP	2025-11-05T19:54:43.4070129Z  * [new ref]         3410e86fd3affa966b3d36f49bc4a2668bc745fe -> pull/43982/merge
Status Check - Keycloak Operator CI	UNKNOWN STEP	2025-11-05T19:54:43.4100414Z ##[endgroup]
Status Check - Keycloak Operator CI	UNKNOWN STEP	2025-11-05T19:54:43.4101442Z ##[group]Determining the checkout info
Status Check - Keycloak Operator CI	UNKNOWN STEP	2025-11-05T19:54:43.4103100Z ##[endgroup]
Status Check - Keycloak Operator CI	UNKNOWN STEP	2025-11-05T19:54:43.4108626Z [command]/usr/bin/git sparse-checkout disable
Status Check - Keycloak Operator CI	UNKNOWN STEP	2025-11-05T19:54:43.4149812Z [command]/usr/bin/git config --local --unset-all extensions.worktreeConfig
Status Check - Keycloak Operator CI	UNKNOWN STEP	2025-11-05T19:54:43.4175712Z ##[group]Checking out the ref
Status Check - Keycloak Operator CI	UNKNOWN STEP	2025-11-05T19:54:43.4180361Z [command]/usr/bin/git checkout --progress --force refs/remotes/pull/43982/merge
Status Check - Keycloak Operator CI	UNKNOWN STEP	2025-11-05T19:54:44.2454032Z Note: switching to 'refs/remotes/pull/43982/merge'.
Status Check - Keycloak Operator CI	UNKNOWN STEP	2025-11-05T19:54:44.2454816Z 
Status Check - Keycloak Operator CI	UNKNOWN STEP	2025-11-05T19:54:44.2455484Z You are in 'detached HEAD' state. You can look around, make experimental
Status Check - Keycloak Operator CI	UNKNOWN STEP	2025-11-05T19:54:44.2456513Z changes and commit them, and you can discard any commits you make in this
Status Check - Keycloak Operator CI	UNKNOWN STEP	2025-11-05T19:54:44.2457432Z state without impacting any branches by switching back to a branch.
Status Check - Keycloak Operator CI	UNKNOWN STEP	2025-11-05T19:54:44.2458007Z 
Status Check - Keycloak Operator CI	UNKNOWN STEP	2025-11-05T19:54:44.2458436Z If you want to create a new branch to retain commits you create, you may
Status Check - Keycloak Operator CI	UNKNOWN STEP	2025-11-05T19:54:44.2459406Z do so (now or later) by using -c with the switch command. Example:
Status Check - Keycloak Operator CI	UNKNOWN STEP	2025-11-05T19:54:44.2459795Z 
Status Check - Keycloak Operator CI	UNKNOWN STEP	2025-11-05T19:54:44.2459995Z   git switch -c <new-branch-name>
Status Check - Keycloak Operator CI	UNKNOWN STEP	2025-11-05T19:54:44.2460334Z 
Status Check - Keycloak Operator CI	UNKNOWN STEP	2025-11-05T19:54:44.2460565Z Or undo this operation with:
Status Check - Keycloak Operator CI	UNKNOWN STEP	2025-11-05T19:54:44.2460858Z 
Status Check - Keycloak Operator CI	UNKNOWN STEP	2025-11-05T19:54:44.2461045Z   git switch -
Status Check - Keycloak Operator CI	UNKNOWN STEP	2025-11-05T19:54:44.2461340Z 
Status Check - Keycloak Operator CI	UNKNOWN STEP	2025-11-05T19:54:44.2461737Z Turn off this advice by setting config variable advice.detachedHead to false
Status Check - Keycloak Operator CI	UNKNOWN STEP	2025-11-05T19:54:44.2462273Z 
Status Check - Keycloak Operator CI	UNKNOWN STEP	2025-11-05T19:54:44.2462994Z HEAD is now at 3410e86 Merge 6d8c5ce10b13a97eacd2fc28af2b13d41eeb0778 into 6043027d9999e77af95c2d5fab292e92d6856d76
Status Check - Keycloak Operator CI	UNKNOWN STEP	2025-11-05T19:54:44.2487876Z ##[endgroup]
Status Check - Keycloak Operator CI	UNKNOWN STEP	2025-11-05T19:54:44.2530142Z [command]/usr/bin/git log -1 --format=%H
Status Check - Keycloak Operator CI	UNKNOWN STEP	2025-11-05T19:54:44.2554198Z 3410e86fd3affa966b3d36f49bc4a2668bc745fe
Status Check - Keycloak Operator CI	UNKNOWN STEP	2025-11-05T19:54:44.2798105Z Prepare all required actions
Status Check - Keycloak Operator CI	UNKNOWN STEP	2025-11-05T19:54:44.2869145Z ##[group]Run ./.github/actions/status-check
Status Check - Keycloak Operator CI	UNKNOWN STEP	2025-11-05T19:54:44.2869435Z with:
Status Check - Keycloak Operator CI	UNKNOWN STEP	2025-11-05T19:54:44.2870245Z   jobs: {
Status Check - Keycloak Operator CI	UNKNOWN STEP	  "conditional": {
Status Check - Keycloak Operator CI	UNKNOWN STEP	    "result": "success",
Status Check - Keycloak Operator CI	UNKNOWN STEP	    "outputs": {
Status Check - Keycloak Operator CI	UNKNOWN STEP	      "operator": "true"
Status Check - Keycloak Operator CI	UNKNOWN STEP	    }
Status Check - Keycloak Operator CI	UNKNOWN STEP	  },
Status Check - Keycloak Operator CI	UNKNOWN STEP	  "build": {
Status Check - Keycloak Operator CI	UNKNOWN STEP	    "result": "success",
Status Check - Keycloak Operator CI	UNKNOWN STEP	    "outputs": {}
Status Check - Keycloak Operator CI	UNKNOWN STEP	  },
Status Check - Keycloak Operator CI	UNKNOWN STEP	  "test-local-apiserver": {
Status Check - Keycloak Operator CI	UNKNOWN STEP	    "result": "success",
Status Check - Keycloak Operator CI	UNKNOWN STEP	    "outputs": {}
Status Check - Keycloak Operator CI	UNKNOWN STEP	  },
Status Check - Keycloak Operator CI	UNKNOWN STEP	  "test-remote": {
Status Check - Keycloak Operator CI	UNKNOWN STEP	    "result": "failure",
Status Check - Keycloak Operator CI	UNKNOWN STEP	    "outputs": {}
Status Check - Keycloak Operator CI	UNKNOWN STEP	  },
Status Check - Keycloak Operator CI	UNKNOWN STEP	  "test-olm": {
Status Check - Keycloak Operator CI	UNKNOWN STEP	    "result": "success",
Status Check - Keycloak Operator CI	UNKNOWN STEP	    "outputs": {}
Status Check - Keycloak Operator CI	UNKNOWN STEP	  }
Status Check - Keycloak Operator CI	UNKNOWN STEP	}
Status Check - Keycloak Operator CI	UNKNOWN STEP	2025-11-05T19:54:44.2871101Z env:
Status Check - Keycloak Operator CI	UNKNOWN STEP	2025-11-05T19:54:44.2871374Z   MAVEN_ARGS: -B -nsu -Daether.connector.http.connectionMaxTtl=25
Status Check - Keycloak Operator CI	UNKNOWN STEP	2025-11-05T19:54:44.2871737Z   MINIKUBE_VERSION: v1.37.0
Status Check - Keycloak Operator CI	UNKNOWN STEP	2025-11-05T19:54:44.2871990Z   KUBERNETES_VERSION: v1.32.9
Status Check - Keycloak Operator CI	UNKNOWN STEP	2025-11-05T19:54:44.2872205Z   MINIKUBE_MEMORY: 4096
Status Check - Keycloak Operator CI	UNKNOWN STEP	2025-11-05T19:54:44.2872395Z ##[endgroup]
Status Check - Keycloak Operator CI	UNKNOWN STEP	2025-11-05T19:54:44.2972552Z ##[group]Run JOBS='{
Status Check - Keycloak Operator CI	UNKNOWN STEP	2025-11-05T19:54:44.2972847Z [36;1mJOBS='{[0m
Status Check - Keycloak Operator CI	UNKNOWN STEP	2025-11-05T19:54:44.2973101Z [36;1m  "conditional": {[0m
Status Check - Keycloak Operator CI	UNKNOWN STEP	2025-11-05T19:54:44.2973335Z [36;1m    "result": "success",[0m
Status Check - Keycloak Operator CI	UNKNOWN STEP	2025-11-05T19:54:44.2973572Z [36;1m    "outputs": {[0m
Status Check - Keycloak Operator CI	UNKNOWN STEP	2025-11-05T19:54:44.2973772Z [36;1m      "operator": "true"[0m
Status Check - Keycloak Operator CI	UNKNOWN STEP	2025-11-05T19:54:44.2973982Z [36;1m    }[0m
Status Check - Keycloak Operator CI	UNKNOWN STEP	2025-11-05T19:54:44.2974140Z [36;1m  },[0m
Status Check - Keycloak Operator CI	UNKNOWN STEP	2025-11-05T19:54:44.2974303Z [36;1m  "build": {[0m
Status Check - Keycloak Operator CI	UNKNOWN STEP	2025-11-05T19:54:44.2974491Z [36;1m    "result": "success",[0m
Status Check - Keycloak Operator CI	UNKNOWN STEP	2025-11-05T19:54:44.2974714Z [36;1m    "outputs": {}[0m
Status Check - Keycloak Operator CI	UNKNOWN STEP	2025-11-05T19:54:44.2974912Z [36;1m  },[0m
Status Check - Keycloak Operator CI	UNKNOWN STEP	2025-11-05T19:54:44.2975089Z [36;1m  "test-local-apiserver": {[0m
Status Check - Keycloak Operator CI	UNKNOWN STEP	2025-11-05T19:54:44.2975326Z [36;1m    "result": "success",[0m
Status Check - Keycloak Operator CI	UNKNOWN STEP	2025-11-05T19:54:44.2975531Z [36;1m    "outputs": {}[0m
Status Check - Keycloak Operator CI	UNKNOWN STEP	2025-11-05T19:54:44.2975726Z [36;1m  },[0m
Status Check - Keycloak Operator CI	UNKNOWN STEP	2025-11-05T19:54:44.2975887Z [36;1m  "test-remote": {[0m
Status Check - Keycloak Operator CI	UNKNOWN STEP	2025-11-05T19:54:44.2976091Z [36;1m    "result": "failure",[0m
Status Check - Keycloak Operator CI	UNKNOWN STEP	2025-11-05T19:54:44.2976291Z [36;1m    "outputs": {}[0m
Status Check - Keycloak Operator CI	UNKNOWN STEP	2025-11-05T19:54:44.2976476Z [36;1m  },[0m
Status Check - Keycloak Operator CI	UNKNOWN STEP	2025-11-05T19:54:44.2976681Z [36;1m  "test-olm": {[0m
Status Check - Keycloak Operator CI	UNKNOWN STEP	2025-11-05T19:54:44.2976874Z [36;1m    "result": "success",[0m
Status Check - Keycloak Operator CI	UNKNOWN STEP	2025-11-05T19:54:44.2977084Z [36;1m    "outputs": {}[0m
Status Check - Keycloak Operator CI	UNKNOWN STEP	2025-11-05T19:54:44.2977264Z [36;1m  }[0m
Status Check - Keycloak Operator CI	UNKNOWN STEP	2025-11-05T19:54:44.2977429Z [36;1m}'[0m
Status Check - Keycloak Operator CI	UNKNOWN STEP	2025-11-05T19:54:44.2977578Z [36;1m[0m
Status Check - Keycloak Operator CI	UNKNOWN STEP	2025-11-05T19:54:44.2977741Z [36;1mecho "Job status:"[0m
Status Check - Keycloak Operator CI	UNKNOWN STEP	2025-11-05T19:54:44.2978047Z [36;1mecho $JOBS | jq -r 'to_entries[] | " - \(.key): \(.value.result)"'[0m
Status Check - Keycloak Operator CI	UNKNOWN STEP	2025-11-05T19:54:44.2978361Z [36;1m[0m
Status Check - Keycloak Operator CI	UNKNOWN STEP	2025-11-05T19:54:44.2978590Z [36;1mfor i in $(echo $JOBS | jq -r 'to_entries[] | .value.result'); do[0m
Status Check - Keycloak Operator CI	UNKNOWN STEP	2025-11-05T19:54:44.2979085Z [36;1m  if [ "$i" != "success" ] && [ "$i" != "skipped" ]; then[0m
Status Check - Keycloak Operator CI	UNKNOWN STEP	2025-11-05T19:54:44.2979373Z [36;1m    echo ""[0m
Status Check - Keycloak Operator CI	UNKNOWN STEP	2025-11-05T19:54:44.2979573Z [36;1m    echo "Status check not okay!"[0m
Status Check - Keycloak Operator CI	UNKNOWN STEP	2025-11-05T19:54:44.2979800Z [36;1m    exit 1[0m
Status Check - Keycloak Operator CI	UNKNOWN STEP	2025-11-05T19:54:44.2979966Z [36;1m  fi[0m
Status Check - Keycloak Operator CI	UNKNOWN STEP	2025-11-05T19:54:44.2980121Z [36;1mdone[0m
Status Check - Keycloak Operator CI	UNKNOWN STEP	2025-11-05T19:54:44.3019383Z shell: /usr/bin/bash --noprofile --norc -e -o pipefail {0}
Status Check - Keycloak Operator CI	UNKNOWN STEP	2025-11-05T19:54:44.3019710Z env:
Status Check - Keycloak Operator CI	UNKNOWN STEP	2025-11-05T19:54:44.3019980Z   MAVEN_ARGS: -B -nsu -Daether.connector.http.connectionMaxTtl=25
Status Check - Keycloak Operator CI	UNKNOWN STEP	2025-11-05T19:54:44.3020315Z   MINIKUBE_VERSION: v1.37.0
Status Check - Keycloak Operator CI	UNKNOWN STEP	2025-11-05T19:54:44.3020538Z   KUBERNETES_VERSION: v1.32.9
Status Check - Keycloak Operator CI	UNKNOWN STEP	2025-11-05T19:54:44.3020777Z   MINIKUBE_MEMORY: 4096
Status Check - Keycloak Operator CI	UNKNOWN STEP	2025-11-05T19:54:44.3020993Z ##[endgroup]
Status Check - Keycloak Operator CI	UNKNOWN STEP	2025-11-05T19:54:44.3095390Z Job status:
Status Check - Keycloak Operator CI	UNKNOWN STEP	2025-11-05T19:54:44.3140020Z  - conditional: success
Status Check - Keycloak Operator CI	UNKNOWN STEP	2025-11-05T19:54:44.3140397Z  - build: success
Status Check - Keycloak Operator CI	UNKNOWN STEP	2025-11-05T19:54:44.3140745Z  - test-local-apiserver: success
Status Check - Keycloak Operator CI	UNKNOWN STEP	2025-11-05T19:54:44.3141032Z  - test-remote: failure
Status Check - Keycloak Operator CI	UNKNOWN STEP	2025-11-05T19:54:44.3141245Z  - test-olm: success
Status Check - Keycloak Operator CI	UNKNOWN STEP	2025-11-05T19:54:44.3175486Z 
Status Check - Keycloak Operator CI	UNKNOWN STEP	2025-11-05T19:54:44.3175984Z Status check not okay!
Status Check - Keycloak Operator CI	UNKNOWN STEP	2025-11-05T19:54:44.3189249Z ##[error]Process completed with exit code 1.
Status Check - Keycloak Operator CI	UNKNOWN STEP	2025-11-05T19:54:44.3309412Z Post job cleanup.
Status Check - Keycloak Operator CI	UNKNOWN STEP	2025-11-05T19:54:44.4093523Z [command]/usr/bin/git version
Status Check - Keycloak Operator CI	UNKNOWN STEP	2025-11-05T19:54:44.4162783Z git version 2.51.2
Status Check - Keycloak Operator CI	UNKNOWN STEP	2025-11-05T19:54:44.4201781Z Temporarily overriding HOME='/home/runner/work/_temp/7ee46983-cb78-40aa-8965-469402fa84fc' before making global git config changes
Status Check - Keycloak Operator CI	UNKNOWN STEP	2025-11-05T19:54:44.4203238Z Adding repository directory to the temporary git global config as a safe directory
Status Check - Keycloak Operator CI	UNKNOWN STEP	2025-11-05T19:54:44.4207908Z [command]/usr/bin/git config --global --add safe.directory /home/runner/work/keycloak/keycloak
Status Check - Keycloak Operator CI	UNKNOWN STEP	2025-11-05T19:54:44.4248742Z [command]/usr/bin/git config --local --name-only --get-regexp core\.sshCommand
Status Check - Keycloak Operator CI	UNKNOWN STEP	2025-11-05T19:54:44.4284086Z [command]/usr/bin/git submodule foreach --recursive sh -c "git config --local --name-only --get-regexp 'core\.sshCommand' && git config --local --unset-all 'core.sshCommand' || :"
Status Check - Keycloak Operator CI	UNKNOWN STEP	2025-11-05T19:54:44.4534925Z [command]/usr/bin/git config --local --name-only --get-regexp http\.https\:\/\/github\.com\/\.extraheader
Status Check - Keycloak Operator CI	UNKNOWN STEP	2025-11-05T19:54:44.4559986Z http.https://github.com/.extraheader
Status Check - Keycloak Operator CI	UNKNOWN STEP	2025-11-05T19:54:44.4573530Z [command]/usr/bin/git config --local --unset-all http.https://github.com/.extraheader
Status Check - Keycloak Operator CI	UNKNOWN STEP	2025-11-05T19:54:44.4608134Z [command]/usr/bin/git submodule foreach --recursive sh -c "git config --local --name-only --get-regexp 'http\.https\:\/\/github\.com\/\.extraheader' && git config --local --unset-all 'http.https://github.com/.extraheader' || :"
Status Check - Keycloak Operator CI	UNKNOWN STEP	2025-11-05T19:54:44.4970633Z Cleaning up orphan processes
