Test OLM installation	UNKNOWN STEP	ï»¿2025-11-06T10:38:27.8394370Z Current runner version: '2.329.0'
Test OLM installation	UNKNOWN STEP	2025-11-06T10:38:27.8420043Z ##[group]Runner Image Provisioner
Test OLM installation	UNKNOWN STEP	2025-11-06T10:38:27.8420858Z Hosted Compute Agent
Test OLM installation	UNKNOWN STEP	2025-11-06T10:38:27.8421549Z Version: 20251016.436
Test OLM installation	UNKNOWN STEP	2025-11-06T10:38:27.8422135Z Commit: 8ab8ac8bfd662a3739dab9fe09456aba92132568
Test OLM installation	UNKNOWN STEP	2025-11-06T10:38:27.8422846Z Build Date: 2025-10-15T20:44:12Z
Test OLM installation	UNKNOWN STEP	2025-11-06T10:38:27.8423470Z ##[endgroup]
Test OLM installation	UNKNOWN STEP	2025-11-06T10:38:27.8424332Z ##[group]Operating System
Test OLM installation	UNKNOWN STEP	2025-11-06T10:38:27.8424936Z Ubuntu
Test OLM installation	UNKNOWN STEP	2025-11-06T10:38:27.8425472Z 24.04.3
Test OLM installation	UNKNOWN STEP	2025-11-06T10:38:27.8425967Z LTS
Test OLM installation	UNKNOWN STEP	2025-11-06T10:38:27.8426405Z ##[endgroup]
Test OLM installation	UNKNOWN STEP	2025-11-06T10:38:27.8426961Z ##[group]Runner Image
Test OLM installation	UNKNOWN STEP	2025-11-06T10:38:27.8427485Z Image: ubuntu-24.04
Test OLM installation	UNKNOWN STEP	2025-11-06T10:38:27.8428030Z Version: 20251030.96.2
Test OLM installation	UNKNOWN STEP	2025-11-06T10:38:27.8429003Z Included Software: https://github.com/actions/runner-images/blob/ubuntu24/20251030.96/images/ubuntu/Ubuntu2404-Readme.md
Test OLM installation	UNKNOWN STEP	2025-11-06T10:38:27.8430680Z Image Release: https://github.com/actions/runner-images/releases/tag/ubuntu24%2F20251030.96
Test OLM installation	UNKNOWN STEP	2025-11-06T10:38:27.8431693Z ##[endgroup]
Test OLM installation	UNKNOWN STEP	2025-11-06T10:38:27.8432741Z ##[group]GITHUB_TOKEN Permissions
Test OLM installation	UNKNOWN STEP	2025-11-06T10:38:27.8435099Z Contents: read
Test OLM installation	UNKNOWN STEP	2025-11-06T10:38:27.8435741Z Metadata: read
Test OLM installation	UNKNOWN STEP	2025-11-06T10:38:27.8436250Z ##[endgroup]
Test OLM installation	UNKNOWN STEP	2025-11-06T10:38:27.8438616Z Secret source: None
Test OLM installation	UNKNOWN STEP	2025-11-06T10:38:27.8439407Z Prepare workflow directory
Test OLM installation	UNKNOWN STEP	2025-11-06T10:38:27.8841794Z Prepare all required actions
Test OLM installation	UNKNOWN STEP	2025-11-06T10:38:27.8880575Z Getting action download info
Test OLM installation	UNKNOWN STEP	2025-11-06T10:38:28.3057489Z Download action repository 'actions/checkout@08c6903cd8c0fde910a37f88322edcfb5dd907a8' (SHA:08c6903cd8c0fde910a37f88322edcfb5dd907a8)
Test OLM installation	UNKNOWN STEP	2025-11-06T10:38:28.3954791Z Download action repository 'manusa/actions-setup-minikube@b589f2d61bf96695c546929c72b38563e856059d' (SHA:b589f2d61bf96695c546929c72b38563e856059d)
Test OLM installation	UNKNOWN STEP	2025-11-06T10:38:28.7459472Z Download action repository 'redhat-actions/openshift-tools-installer@144527c7d98999f2652264c048c7a9bd103f8a82' (SHA:144527c7d98999f2652264c048c7a9bd103f8a82)
Test OLM installation	UNKNOWN STEP	2025-11-06T10:38:29.0923780Z Download action repository 'actions/download-artifact@634f93cb2916e3fdff6788551b99b062d0335ce0' (SHA:634f93cb2916e3fdff6788551b99b062d0335ce0)
Test OLM installation	UNKNOWN STEP	2025-11-06T10:38:29.3576384Z Download action repository 'actions/upload-artifact@ea165f8d65b6e75b540449e92b4886f43607fa02' (SHA:ea165f8d65b6e75b540449e92b4886f43607fa02)
Test OLM installation	UNKNOWN STEP	2025-11-06T10:38:29.5829108Z Complete job name: Test OLM installation
Test OLM installation	UNKNOWN STEP	2025-11-06T10:38:29.6810136Z ##[group]Run actions/checkout@08c6903cd8c0fde910a37f88322edcfb5dd907a8
Test OLM installation	UNKNOWN STEP	2025-11-06T10:38:29.6811817Z with:
Test OLM installation	UNKNOWN STEP	2025-11-06T10:38:29.6812546Z   repository: keycloak/keycloak
Test OLM installation	UNKNOWN STEP	2025-11-06T10:38:29.6813987Z   token: ***
Test OLM installation	UNKNOWN STEP	2025-11-06T10:38:29.6814719Z   ssh-strict: true
Test OLM installation	UNKNOWN STEP	2025-11-06T10:38:29.6815464Z   ssh-user: git
Test OLM installation	UNKNOWN STEP	2025-11-06T10:38:29.6816226Z   persist-credentials: true
Test OLM installation	UNKNOWN STEP	2025-11-06T10:38:29.6817074Z   clean: true
Test OLM installation	UNKNOWN STEP	2025-11-06T10:38:29.6817835Z   sparse-checkout-cone-mode: true
Test OLM installation	UNKNOWN STEP	2025-11-06T10:38:29.6818769Z   fetch-depth: 1
Test OLM installation	UNKNOWN STEP	2025-11-06T10:38:29.6819506Z   fetch-tags: false
Test OLM installation	UNKNOWN STEP	2025-11-06T10:38:29.6820262Z   show-progress: true
Test OLM installation	UNKNOWN STEP	2025-11-06T10:38:29.6821010Z   lfs: false
Test OLM installation	UNKNOWN STEP	2025-11-06T10:38:29.6821743Z   submodules: false
Test OLM installation	UNKNOWN STEP	2025-11-06T10:38:29.6822493Z   set-safe-directory: true
Test OLM installation	UNKNOWN STEP	2025-11-06T10:38:29.6823818Z env:
Test OLM installation	UNKNOWN STEP	2025-11-06T10:38:29.6824847Z   MAVEN_ARGS: -B -nsu -Daether.connector.http.connectionMaxTtl=25
Test OLM installation	UNKNOWN STEP	2025-11-06T10:38:29.6826113Z   MINIKUBE_VERSION: v1.37.0
Test OLM installation	UNKNOWN STEP	2025-11-06T10:38:29.6827023Z   KUBERNETES_VERSION: v1.32.9
Test OLM installation	UNKNOWN STEP	2025-11-06T10:38:29.6827881Z   MINIKUBE_MEMORY: 4096
Test OLM installation	UNKNOWN STEP	2025-11-06T10:38:29.6828643Z ##[endgroup]
Test OLM installation	UNKNOWN STEP	2025-11-06T10:38:29.7782698Z Syncing repository: keycloak/keycloak
Test OLM installation	UNKNOWN STEP	2025-11-06T10:38:29.7785932Z ##[group]Getting Git version info
Test OLM installation	UNKNOWN STEP	2025-11-06T10:38:29.7787270Z Working directory is '/home/runner/work/keycloak/keycloak'
Test OLM installation	UNKNOWN STEP	2025-11-06T10:38:29.7789929Z [command]/usr/bin/git version
Test OLM installation	UNKNOWN STEP	2025-11-06T10:38:29.7790955Z git version 2.51.2
Test OLM installation	UNKNOWN STEP	2025-11-06T10:38:29.7811124Z ##[endgroup]
Test OLM installation	UNKNOWN STEP	2025-11-06T10:38:29.7826899Z Temporarily overriding HOME='/home/runner/work/_temp/74ea1f4b-f129-470f-be86-7f658ca0fe98' before making global git config changes
Test OLM installation	UNKNOWN STEP	2025-11-06T10:38:29.7830900Z Adding repository directory to the temporary git global config as a safe directory
Test OLM installation	UNKNOWN STEP	2025-11-06T10:38:29.7834275Z [command]/usr/bin/git config --global --add safe.directory /home/runner/work/keycloak/keycloak
Test OLM installation	UNKNOWN STEP	2025-11-06T10:38:29.7869645Z Deleting the contents of '/home/runner/work/keycloak/keycloak'
Test OLM installation	UNKNOWN STEP	2025-11-06T10:38:29.7874381Z ##[group]Initializing the repository
Test OLM installation	UNKNOWN STEP	2025-11-06T10:38:29.7879306Z [command]/usr/bin/git init /home/runner/work/keycloak/keycloak
Test OLM installation	UNKNOWN STEP	2025-11-06T10:38:29.7940764Z hint: Using 'master' as the name for the initial branch. This default branch name
Test OLM installation	UNKNOWN STEP	2025-11-06T10:38:29.7943824Z hint: is subject to change. To configure the initial branch name to use in all
Test OLM installation	UNKNOWN STEP	2025-11-06T10:38:29.7945815Z hint: of your new repositories, which will suppress this warning, call:
Test OLM installation	UNKNOWN STEP	2025-11-06T10:38:29.7947153Z hint:
Test OLM installation	UNKNOWN STEP	2025-11-06T10:38:29.7948387Z hint: 	git config --global init.defaultBranch <name>
Test OLM installation	UNKNOWN STEP	2025-11-06T10:38:29.7949644Z hint:
Test OLM installation	UNKNOWN STEP	2025-11-06T10:38:29.7950694Z hint: Names commonly chosen instead of 'master' are 'main', 'trunk' and
Test OLM installation	UNKNOWN STEP	2025-11-06T10:38:29.7952633Z hint: 'development'. The just-created branch can be renamed via this command:
Test OLM installation	UNKNOWN STEP	2025-11-06T10:38:29.7955044Z hint:
Test OLM installation	UNKNOWN STEP	2025-11-06T10:38:29.7955816Z hint: 	git branch -m <name>
Test OLM installation	UNKNOWN STEP	2025-11-06T10:38:29.7956663Z hint:
Test OLM installation	UNKNOWN STEP	2025-11-06T10:38:29.7957815Z hint: Disable this message with "git config set advice.defaultBranchName false"
Test OLM installation	UNKNOWN STEP	2025-11-06T10:38:29.7959734Z Initialized empty Git repository in /home/runner/work/keycloak/keycloak/.git/
Test OLM installation	UNKNOWN STEP	2025-11-06T10:38:29.7963001Z [command]/usr/bin/git remote add origin https://github.com/keycloak/keycloak
Test OLM installation	UNKNOWN STEP	2025-11-06T10:38:29.8023500Z ##[endgroup]
Test OLM installation	UNKNOWN STEP	2025-11-06T10:38:29.8025337Z ##[group]Disabling automatic garbage collection
Test OLM installation	UNKNOWN STEP	2025-11-06T10:38:29.8026976Z [command]/usr/bin/git config --local gc.auto 0
Test OLM installation	UNKNOWN STEP	2025-11-06T10:38:29.8058987Z ##[endgroup]
Test OLM installation	UNKNOWN STEP	2025-11-06T10:38:29.8065669Z ##[group]Setting up auth
Test OLM installation	UNKNOWN STEP	2025-11-06T10:38:29.8067020Z [command]/usr/bin/git config --local --name-only --get-regexp core\.sshCommand
Test OLM installation	UNKNOWN STEP	2025-11-06T10:38:29.8101797Z [command]/usr/bin/git submodule foreach --recursive sh -c "git config --local --name-only --get-regexp 'core\.sshCommand' && git config --local --unset-all 'core.sshCommand' || :"
Test OLM installation	UNKNOWN STEP	2025-11-06T10:38:29.8396311Z [command]/usr/bin/git config --local --name-only --get-regexp http\.https\:\/\/github\.com\/\.extraheader
Test OLM installation	UNKNOWN STEP	2025-11-06T10:38:29.8434394Z [command]/usr/bin/git submodule foreach --recursive sh -c "git config --local --name-only --get-regexp 'http\.https\:\/\/github\.com\/\.extraheader' && git config --local --unset-all 'http.https://github.com/.extraheader' || :"
Test OLM installation	UNKNOWN STEP	2025-11-06T10:38:29.8681251Z [command]/usr/bin/git config --local http.https://github.com/.extraheader AUTHORIZATION: basic ***
Test OLM installation	UNKNOWN STEP	2025-11-06T10:38:29.8720234Z ##[endgroup]
Test OLM installation	UNKNOWN STEP	2025-11-06T10:38:29.8722541Z ##[group]Fetching the repository
Test OLM installation	UNKNOWN STEP	2025-11-06T10:38:29.8733905Z [command]/usr/bin/git -c protocol.version=2 fetch --no-tags --prune --no-recurse-submodules --depth=1 origin +382d8a2e3efa9c9f4c1dc5e128278b0f2cef636e:refs/remotes/pull/43943/merge
Test OLM installation	UNKNOWN STEP	2025-11-06T10:38:31.8248782Z From https://github.com/keycloak/keycloak
Test OLM installation	UNKNOWN STEP	2025-11-06T10:38:31.8250996Z  * [new ref]         382d8a2e3efa9c9f4c1dc5e128278b0f2cef636e -> pull/43943/merge
Test OLM installation	UNKNOWN STEP	2025-11-06T10:38:31.8280327Z ##[endgroup]
Test OLM installation	UNKNOWN STEP	2025-11-06T10:38:31.8281268Z ##[group]Determining the checkout info
Test OLM installation	UNKNOWN STEP	2025-11-06T10:38:31.8284056Z ##[endgroup]
Test OLM installation	UNKNOWN STEP	2025-11-06T10:38:31.8289571Z [command]/usr/bin/git sparse-checkout disable
Test OLM installation	UNKNOWN STEP	2025-11-06T10:38:31.8329901Z [command]/usr/bin/git config --local --unset-all extensions.worktreeConfig
Test OLM installation	UNKNOWN STEP	2025-11-06T10:38:31.8356657Z ##[group]Checking out the ref
Test OLM installation	UNKNOWN STEP	2025-11-06T10:38:31.8360550Z [command]/usr/bin/git checkout --progress --force refs/remotes/pull/43943/merge
Test OLM installation	UNKNOWN STEP	2025-11-06T10:38:32.6639407Z Note: switching to 'refs/remotes/pull/43943/merge'.
Test OLM installation	UNKNOWN STEP	2025-11-06T10:38:32.6639992Z 
Test OLM installation	UNKNOWN STEP	2025-11-06T10:38:32.6640398Z You are in 'detached HEAD' state. You can look around, make experimental
Test OLM installation	UNKNOWN STEP	2025-11-06T10:38:32.6641290Z changes and commit them, and you can discard any commits you make in this
Test OLM installation	UNKNOWN STEP	2025-11-06T10:38:32.6642267Z state without impacting any branches by switching back to a branch.
Test OLM installation	UNKNOWN STEP	2025-11-06T10:38:32.6643360Z 
Test OLM installation	UNKNOWN STEP	2025-11-06T10:38:32.6644027Z If you want to create a new branch to retain commits you create, you may
Test OLM installation	UNKNOWN STEP	2025-11-06T10:38:32.6644885Z do so (now or later) by using -c with the switch command. Example:
Test OLM installation	UNKNOWN STEP	2025-11-06T10:38:32.6645287Z 
Test OLM installation	UNKNOWN STEP	2025-11-06T10:38:32.6645436Z   git switch -c <new-branch-name>
Test OLM installation	UNKNOWN STEP	2025-11-06T10:38:32.6645701Z 
Test OLM installation	UNKNOWN STEP	2025-11-06T10:38:32.6645852Z Or undo this operation with:
Test OLM installation	UNKNOWN STEP	2025-11-06T10:38:32.6646069Z 
Test OLM installation	UNKNOWN STEP	2025-11-06T10:38:32.6646198Z   git switch -
Test OLM installation	UNKNOWN STEP	2025-11-06T10:38:32.6646390Z 
Test OLM installation	UNKNOWN STEP	2025-11-06T10:38:32.6646667Z Turn off this advice by setting config variable advice.detachedHead to false
Test OLM installation	UNKNOWN STEP	2025-11-06T10:38:32.6647098Z 
Test OLM installation	UNKNOWN STEP	2025-11-06T10:38:32.6647548Z HEAD is now at 382d8a2 Merge ea6d05b3c83a024496c1a68f767676390bbca507 into b8a8be33aa578789cd5c11a4fed046356f85b776
Test OLM installation	UNKNOWN STEP	2025-11-06T10:38:32.6675804Z ##[endgroup]
Test OLM installation	UNKNOWN STEP	2025-11-06T10:38:32.6717006Z [command]/usr/bin/git log -1 --format=%H
Test OLM installation	UNKNOWN STEP	2025-11-06T10:38:32.6742108Z 382d8a2e3efa9c9f4c1dc5e128278b0f2cef636e
Test OLM installation	UNKNOWN STEP	2025-11-06T10:38:32.6992195Z Prepare all required actions
Test OLM installation	UNKNOWN STEP	2025-11-06T10:38:32.6992727Z Getting action download info
Test OLM installation	UNKNOWN STEP	2025-11-06T10:38:32.8192488Z Download action repository 'actions/setup-java@c5195efecf7bdfc987ee8bae7a71cb8b11521c00' (SHA:c5195efecf7bdfc987ee8bae7a71cb8b11521c00)
Test OLM installation	UNKNOWN STEP	2025-11-06T10:38:33.1298921Z ##[group]Run ./.github/actions/java-setup
Test OLM installation	UNKNOWN STEP	2025-11-06T10:38:33.1299239Z with:
Test OLM installation	UNKNOWN STEP	2025-11-06T10:38:33.1299454Z   distribution: temurin
Test OLM installation	UNKNOWN STEP	2025-11-06T10:38:33.1299701Z   java-version: 21
Test OLM installation	UNKNOWN STEP	2025-11-06T10:38:33.1299949Z env:
Test OLM installation	UNKNOWN STEP	2025-11-06T10:38:33.1300257Z   MAVEN_ARGS: -B -nsu -Daether.connector.http.connectionMaxTtl=25
Test OLM installation	UNKNOWN STEP	2025-11-06T10:38:33.1300627Z   MINIKUBE_VERSION: v1.37.0
Test OLM installation	UNKNOWN STEP	2025-11-06T10:38:33.1300894Z   KUBERNETES_VERSION: v1.32.9
Test OLM installation	UNKNOWN STEP	2025-11-06T10:38:33.1301154Z   MINIKUBE_MEMORY: 4096
Test OLM installation	UNKNOWN STEP	2025-11-06T10:38:33.1301379Z ##[endgroup]
Test OLM installation	UNKNOWN STEP	2025-11-06T10:38:33.1455238Z ##[group]Run actions/setup-java@c5195efecf7bdfc987ee8bae7a71cb8b11521c00
Test OLM installation	UNKNOWN STEP	2025-11-06T10:38:33.1455669Z with:
Test OLM installation	UNKNOWN STEP	2025-11-06T10:38:33.1455892Z   distribution: temurin
Test OLM installation	UNKNOWN STEP	2025-11-06T10:38:33.1456189Z   java-version: 21
Test OLM installation	UNKNOWN STEP	2025-11-06T10:38:33.1456439Z   java-package: jdk
Test OLM installation	UNKNOWN STEP	2025-11-06T10:38:33.1456686Z   check-latest: false
Test OLM installation	UNKNOWN STEP	2025-11-06T10:38:33.1456921Z   server-id: github
Test OLM installation	UNKNOWN STEP	2025-11-06T10:38:33.1457170Z   server-username: GITHUB_ACTOR
Test OLM installation	UNKNOWN STEP	2025-11-06T10:38:33.1457449Z   server-password: GITHUB_TOKEN
Test OLM installation	UNKNOWN STEP	2025-11-06T10:38:33.1457725Z   overwrite-settings: true
Test OLM installation	UNKNOWN STEP	2025-11-06T10:38:33.1457977Z   job-status: success
Test OLM installation	UNKNOWN STEP	2025-11-06T10:38:33.1458384Z   token: ***
Test OLM installation	UNKNOWN STEP	2025-11-06T10:38:33.1458595Z env:
Test OLM installation	UNKNOWN STEP	2025-11-06T10:38:33.1458896Z   MAVEN_ARGS: -B -nsu -Daether.connector.http.connectionMaxTtl=25
Test OLM installation	UNKNOWN STEP	2025-11-06T10:38:33.1459286Z   MINIKUBE_VERSION: v1.37.0
Test OLM installation	UNKNOWN STEP	2025-11-06T10:38:33.1459546Z   KUBERNETES_VERSION: v1.32.9
Test OLM installation	UNKNOWN STEP	2025-11-06T10:38:33.1459805Z   MINIKUBE_MEMORY: 4096
Test OLM installation	UNKNOWN STEP	2025-11-06T10:38:33.1460038Z ##[endgroup]
Test OLM installation	UNKNOWN STEP	2025-11-06T10:38:33.3549583Z ##[group]Installed distributions
Test OLM installation	UNKNOWN STEP	2025-11-06T10:38:33.3677670Z Resolved Java 21.0.9+10 from tool-cache
Test OLM installation	UNKNOWN STEP	2025-11-06T10:38:33.3678815Z Setting Java 21.0.9+10 as the default
Test OLM installation	UNKNOWN STEP	2025-11-06T10:38:33.3692438Z Creating toolchains.xml for JDK version 21 from temurin
Test OLM installation	UNKNOWN STEP	2025-11-06T10:38:33.3772005Z Writing to /home/runner/.m2/toolchains.xml
Test OLM installation	UNKNOWN STEP	2025-11-06T10:38:33.3772931Z 
Test OLM installation	UNKNOWN STEP	2025-11-06T10:38:33.3773152Z Java configuration:
Test OLM installation	UNKNOWN STEP	2025-11-06T10:38:33.3774165Z   Distribution: temurin
Test OLM installation	UNKNOWN STEP	2025-11-06T10:38:33.3774784Z   Version: 21.0.9+10
Test OLM installation	UNKNOWN STEP	2025-11-06T10:38:33.3775435Z   Path: /opt/hostedtoolcache/Java_Temurin-Hotspot_jdk/21.0.9-10/x64
Test OLM installation	UNKNOWN STEP	2025-11-06T10:38:33.3775967Z 
Test OLM installation	UNKNOWN STEP	2025-11-06T10:38:33.3776708Z ##[endgroup]
Test OLM installation	UNKNOWN STEP	2025-11-06T10:38:33.3792889Z Creating settings.xml with server-id: github
Test OLM installation	UNKNOWN STEP	2025-11-06T10:38:33.3799248Z Writing to /home/runner/.m2/settings.xml
Test OLM installation	UNKNOWN STEP	2025-11-06T10:38:33.3964619Z ##[group]Run manusa/actions-setup-minikube@b589f2d61bf96695c546929c72b38563e856059d
Test OLM installation	UNKNOWN STEP	2025-11-06T10:38:33.3965066Z with:
Test OLM installation	UNKNOWN STEP	2025-11-06T10:38:33.3965260Z   minikube version: v1.37.0
Test OLM installation	UNKNOWN STEP	2025-11-06T10:38:33.3965498Z   kubernetes version: v1.32.9
Test OLM installation	UNKNOWN STEP	2025-11-06T10:38:33.3965933Z   github token: ***
Test OLM installation	UNKNOWN STEP	2025-11-06T10:38:33.3966121Z   driver: docker
Test OLM installation	UNKNOWN STEP	2025-11-06T10:38:33.3966425Z   start args: --memory=4096 --addons=registry --insecure-registry=192.168.49.0/24
Test OLM installation	UNKNOWN STEP	2025-11-06T10:38:33.3966948Z env:
Test OLM installation	UNKNOWN STEP	2025-11-06T10:38:33.3967218Z   MAVEN_ARGS: -B -nsu -Daether.connector.http.connectionMaxTtl=25
Test OLM installation	UNKNOWN STEP	2025-11-06T10:38:33.3967564Z   MINIKUBE_VERSION: v1.37.0
Test OLM installation	UNKNOWN STEP	2025-11-06T10:38:33.3967780Z   KUBERNETES_VERSION: v1.32.9
Test OLM installation	UNKNOWN STEP	2025-11-06T10:38:33.3967999Z   MINIKUBE_MEMORY: 4096
Test OLM installation	UNKNOWN STEP	2025-11-06T10:38:33.3968293Z   JAVA_HOME: /opt/hostedtoolcache/Java_Temurin-Hotspot_jdk/21.0.9-10/x64
Test OLM installation	UNKNOWN STEP	2025-11-06T10:38:33.3968733Z   JAVA_HOME_21_X64: /opt/hostedtoolcache/Java_Temurin-Hotspot_jdk/21.0.9-10/x64
Test OLM installation	UNKNOWN STEP	2025-11-06T10:38:33.3969063Z ##[endgroup]
Test OLM installation	UNKNOWN STEP	2025-11-06T10:38:33.5193871Z Loading input variables
Test OLM installation	UNKNOWN STEP	2025-11-06T10:38:33.5196178Z Updating Environment configuration to support Minikube
Test OLM installation	UNKNOWN STEP	2025-11-06T10:38:33.5319801Z 
Test OLM installation	UNKNOWN STEP	2025-11-06T10:38:33.5320397Z WARNING: apt does not have a stable CLI interface. Use with caution in scripts.
Test OLM installation	UNKNOWN STEP	2025-11-06T10:38:33.5320852Z 
Test OLM installation	UNKNOWN STEP	2025-11-06T10:38:33.5945704Z Get:1 file:/etc/apt/apt-mirrors.txt Mirrorlist [144 B]
Test OLM installation	UNKNOWN STEP	2025-11-06T10:38:33.6290928Z Hit:2 http://azure.archive.ubuntu.com/ubuntu noble InRelease
Test OLM installation	UNKNOWN STEP	2025-11-06T10:38:33.6312977Z Get:3 http://azure.archive.ubuntu.com/ubuntu noble-updates InRelease [126 kB]
Test OLM installation	UNKNOWN STEP	2025-11-06T10:38:33.6359658Z Get:6 https://packages.microsoft.com/repos/azure-cli noble InRelease [3564 B]
Test OLM installation	UNKNOWN STEP	2025-11-06T10:38:33.6360655Z Get:4 http://azure.archive.ubuntu.com/ubuntu noble-backports InRelease [126 kB]
Test OLM installation	UNKNOWN STEP	2025-11-06T10:38:33.6387343Z Get:5 http://azure.archive.ubuntu.com/ubuntu noble-security InRelease [126 kB]
Test OLM installation	UNKNOWN STEP	2025-11-06T10:38:33.6394503Z Get:7 https://packages.microsoft.com/ubuntu/24.04/prod noble InRelease [3600 B]
Test OLM installation	UNKNOWN STEP	2025-11-06T10:38:33.7818969Z Get:8 http://azure.archive.ubuntu.com/ubuntu noble-updates/main amd64 Packages [1584 kB]
Test OLM installation	UNKNOWN STEP	2025-11-06T10:38:33.8014025Z Get:9 http://azure.archive.ubuntu.com/ubuntu noble-updates/main Translation-en [298 kB]
Test OLM installation	UNKNOWN STEP	2025-11-06T10:38:33.8022431Z Get:10 http://azure.archive.ubuntu.com/ubuntu noble-updates/main amd64 Components [175 kB]
Test OLM installation	UNKNOWN STEP	2025-11-06T10:38:33.8050766Z Get:11 http://azure.archive.ubuntu.com/ubuntu noble-updates/main amd64 c-n-f Metadata [15.7 kB]
Test OLM installation	UNKNOWN STEP	2025-11-06T10:38:33.8085820Z Get:12 http://azure.archive.ubuntu.com/ubuntu noble-updates/universe amd64 Packages [1498 kB]
Test OLM installation	UNKNOWN STEP	2025-11-06T10:38:33.8158536Z Get:13 http://azure.archive.ubuntu.com/ubuntu noble-updates/universe Translation-en [303 kB]
Test OLM installation	UNKNOWN STEP	2025-11-06T10:38:33.8189829Z Get:14 http://azure.archive.ubuntu.com/ubuntu noble-updates/universe amd64 Components [378 kB]
Test OLM installation	UNKNOWN STEP	2025-11-06T10:38:33.8223899Z Get:15 http://azure.archive.ubuntu.com/ubuntu noble-updates/universe amd64 c-n-f Metadata [31.4 kB]
Test OLM installation	UNKNOWN STEP	2025-11-06T10:38:33.8239525Z Get:16 http://azure.archive.ubuntu.com/ubuntu noble-updates/restricted amd64 Packages [2240 kB]
Test OLM installation	UNKNOWN STEP	2025-11-06T10:38:33.8373531Z Get:17 http://azure.archive.ubuntu.com/ubuntu noble-updates/restricted Translation-en [508 kB]
Test OLM installation	UNKNOWN STEP	2025-11-06T10:38:33.8558601Z Get:20 https://packages.microsoft.com/repos/azure-cli noble/main amd64 Packages [1700 B]
Test OLM installation	UNKNOWN STEP	2025-11-06T10:38:33.8835957Z Get:18 http://azure.archive.ubuntu.com/ubuntu noble-updates/restricted amd64 Components [212 B]
Test OLM installation	UNKNOWN STEP	2025-11-06T10:38:33.8848434Z Get:19 http://azure.archive.ubuntu.com/ubuntu noble-updates/multiverse amd64 Components [940 B]
Test OLM installation	UNKNOWN STEP	2025-11-06T10:38:33.9224029Z Get:21 http://azure.archive.ubuntu.com/ubuntu noble-backports/main amd64 Components [7144 B]
Test OLM installation	UNKNOWN STEP	2025-11-06T10:38:33.9246245Z Get:22 http://azure.archive.ubuntu.com/ubuntu noble-backports/universe amd64 Components [11.0 kB]
Test OLM installation	UNKNOWN STEP	2025-11-06T10:38:33.9253920Z Get:23 http://azure.archive.ubuntu.com/ubuntu noble-backports/restricted amd64 Components [212 B]
Test OLM installation	UNKNOWN STEP	2025-11-06T10:38:33.9260745Z Get:24 http://azure.archive.ubuntu.com/ubuntu noble-backports/multiverse amd64 Components [212 B]
Test OLM installation	UNKNOWN STEP	2025-11-06T10:38:34.0023262Z Get:25 http://azure.archive.ubuntu.com/ubuntu noble-security/main amd64 Packages [1301 kB]
Test OLM installation	UNKNOWN STEP	2025-11-06T10:38:34.0204953Z Get:26 http://azure.archive.ubuntu.com/ubuntu noble-security/main Translation-en [214 kB]
Test OLM installation	UNKNOWN STEP	2025-11-06T10:38:34.0253437Z Get:27 http://azure.archive.ubuntu.com/ubuntu noble-security/main amd64 Components [21.5 kB]
Test OLM installation	UNKNOWN STEP	2025-11-06T10:38:34.0291984Z Get:28 http://azure.archive.ubuntu.com/ubuntu noble-security/main amd64 c-n-f Metadata [9336 B]
Test OLM installation	UNKNOWN STEP	2025-11-06T10:38:34.0339939Z Get:29 http://azure.archive.ubuntu.com/ubuntu noble-security/universe amd64 Packages [906 kB]
Test OLM installation	UNKNOWN STEP	2025-11-06T10:38:34.0473391Z Get:30 http://azure.archive.ubuntu.com/ubuntu noble-security/universe Translation-en [203 kB]
Test OLM installation	UNKNOWN STEP	2025-11-06T10:38:34.0520265Z Get:31 http://azure.archive.ubuntu.com/ubuntu noble-security/universe amd64 Components [52.3 kB]
Test OLM installation	UNKNOWN STEP	2025-11-06T10:38:34.0548661Z Get:32 http://azure.archive.ubuntu.com/ubuntu noble-security/universe amd64 c-n-f Metadata [19.4 kB]
Test OLM installation	UNKNOWN STEP	2025-11-06T10:38:34.0707279Z Get:37 https://packages.microsoft.com/ubuntu/24.04/prod noble/main arm64 Packages [49.1 kB]
Test OLM installation	UNKNOWN STEP	2025-11-06T10:38:34.0765755Z Get:38 https://packages.microsoft.com/ubuntu/24.04/prod noble/main armhf Packages [11.1 kB]
Test OLM installation	UNKNOWN STEP	2025-11-06T10:38:34.0815915Z Get:39 https://packages.microsoft.com/ubuntu/24.04/prod noble/main amd64 Packages [66.5 kB]
Test OLM installation	UNKNOWN STEP	2025-11-06T10:38:34.1000819Z Get:33 http://azure.archive.ubuntu.com/ubuntu noble-security/restricted amd64 Packages [2131 kB]
Test OLM installation	UNKNOWN STEP	2025-11-06T10:38:34.1123891Z Get:34 http://azure.archive.ubuntu.com/ubuntu noble-security/restricted Translation-en [483 kB]
Test OLM installation	UNKNOWN STEP	2025-11-06T10:38:34.1155744Z Get:35 http://azure.archive.ubuntu.com/ubuntu noble-security/restricted amd64 Components [212 B]
Test OLM installation	UNKNOWN STEP	2025-11-06T10:38:34.1164408Z Get:36 http://azure.archive.ubuntu.com/ubuntu noble-security/multiverse amd64 Components [212 B]
Test OLM installation	UNKNOWN STEP	2025-11-06T10:38:42.4964203Z Fetched 12.9 MB in 2s (8418 kB/s)
Test OLM installation	UNKNOWN STEP	2025-11-06T10:38:43.2735262Z Reading package lists...
Test OLM installation	UNKNOWN STEP	2025-11-06T10:38:43.4689362Z Building dependency tree...
Test OLM installation	UNKNOWN STEP	2025-11-06T10:38:43.4696291Z Reading state information...
Test OLM installation	UNKNOWN STEP	2025-11-06T10:38:43.4882777Z 37 packages can be upgraded. Run 'apt list --upgradable' to see them.
Test OLM installation	UNKNOWN STEP	2025-11-06T10:38:43.5144724Z Reading package lists...
Test OLM installation	UNKNOWN STEP	2025-11-06T10:38:43.7116608Z Building dependency tree...
Test OLM installation	UNKNOWN STEP	2025-11-06T10:38:43.7124371Z Reading state information...
Test OLM installation	UNKNOWN STEP	2025-11-06T10:38:43.9165009Z The following NEW packages will be installed:
Test OLM installation	UNKNOWN STEP	2025-11-06T10:38:43.9174147Z   conntrack
Test OLM installation	UNKNOWN STEP	2025-11-06T10:38:43.9366357Z 0 upgraded, 1 newly installed, 0 to remove and 37 not upgraded.
Test OLM installation	UNKNOWN STEP	2025-11-06T10:38:43.9366761Z Need to get 37.9 kB of archives.
Test OLM installation	UNKNOWN STEP	2025-11-06T10:38:43.9367091Z After this operation, 119 kB of additional disk space will be used.
Test OLM installation	UNKNOWN STEP	2025-11-06T10:38:43.9367470Z Get:1 file:/etc/apt/apt-mirrors.txt Mirrorlist [144 B]
Test OLM installation	UNKNOWN STEP	2025-11-06T10:38:43.9540849Z Get:2 http://azure.archive.ubuntu.com/ubuntu noble/main amd64 conntrack amd64 1:1.4.8-1ubuntu1 [37.9 kB]
Test OLM installation	UNKNOWN STEP	2025-11-06T10:38:44.2136533Z Fetched 37.9 kB in 0s (1317 kB/s)
Test OLM installation	UNKNOWN STEP	2025-11-06T10:38:44.2338486Z Selecting previously unselected package conntrack.
Test OLM installation	UNKNOWN STEP	2025-11-06T10:38:44.2527805Z (Reading database ... 
Test OLM installation	UNKNOWN STEP	2025-11-06T10:38:44.2528335Z (Reading database ... 5%
Test OLM installation	UNKNOWN STEP	2025-11-06T10:38:44.2528817Z (Reading database ... 10%
Test OLM installation	UNKNOWN STEP	2025-11-06T10:38:44.2529143Z (Reading database ... 15%
Test OLM installation	UNKNOWN STEP	2025-11-06T10:38:44.2529465Z (Reading database ... 20%
Test OLM installation	UNKNOWN STEP	2025-11-06T10:38:44.2529772Z (Reading database ... 25%
Test OLM installation	UNKNOWN STEP	2025-11-06T10:38:44.2530234Z (Reading database ... 30%
Test OLM installation	UNKNOWN STEP	2025-11-06T10:38:44.2530744Z (Reading database ... 35%
Test OLM installation	UNKNOWN STEP	2025-11-06T10:38:44.2531198Z (Reading database ... 40%
Test OLM installation	UNKNOWN STEP	2025-11-06T10:38:44.2531660Z (Reading database ... 45%
Test OLM installation	UNKNOWN STEP	2025-11-06T10:38:44.2532142Z (Reading database ... 50%
Test OLM installation	UNKNOWN STEP	2025-11-06T10:38:44.2573904Z (Reading database ... 55%
Test OLM installation	UNKNOWN STEP	2025-11-06T10:38:44.2777276Z (Reading database ... 60%
Test OLM installation	UNKNOWN STEP	2025-11-06T10:38:44.2893778Z (Reading database ... 65%
Test OLM installation	UNKNOWN STEP	2025-11-06T10:38:44.2991044Z (Reading database ... 70%
Test OLM installation	UNKNOWN STEP	2025-11-06T10:38:44.3115292Z (Reading database ... 75%
Test OLM installation	UNKNOWN STEP	2025-11-06T10:38:44.3284305Z (Reading database ... 80%
Test OLM installation	UNKNOWN STEP	2025-11-06T10:38:44.3592109Z (Reading database ... 85%
Test OLM installation	UNKNOWN STEP	2025-11-06T10:38:44.4014719Z (Reading database ... 90%
Test OLM installation	UNKNOWN STEP	2025-11-06T10:38:44.4198838Z (Reading database ... 95%
Test OLM installation	UNKNOWN STEP	2025-11-06T10:38:44.4199322Z (Reading database ... 100%
Test OLM installation	UNKNOWN STEP	2025-11-06T10:38:44.4199987Z (Reading database ... 215550 files and directories currently installed.)
Test OLM installation	UNKNOWN STEP	2025-11-06T10:38:44.4245561Z Preparing to unpack .../conntrack_1%3a1.4.8-1ubuntu1_amd64.deb ...
Test OLM installation	UNKNOWN STEP	2025-11-06T10:38:44.4271980Z Unpacking conntrack (1:1.4.8-1ubuntu1) ...
Test OLM installation	UNKNOWN STEP	2025-11-06T10:38:44.4707500Z Setting up conntrack (1:1.4.8-1ubuntu1) ...
Test OLM installation	UNKNOWN STEP	2025-11-06T10:38:44.4737920Z Processing triggers for man-db (2.12.0-4build2) ...
Test OLM installation	UNKNOWN STEP	2025-11-06T10:38:45.5635482Z 
Test OLM installation	UNKNOWN STEP	2025-11-06T10:38:45.5636173Z Running kernel seems to be up-to-date.
Test OLM installation	UNKNOWN STEP	2025-11-06T10:38:45.5636581Z 
Test OLM installation	UNKNOWN STEP	2025-11-06T10:38:45.5636746Z No services need to be restarted.
Test OLM installation	UNKNOWN STEP	2025-11-06T10:38:45.5637050Z 
Test OLM installation	UNKNOWN STEP	2025-11-06T10:38:45.5637234Z No containers need to be restarted.
Test OLM installation	UNKNOWN STEP	2025-11-06T10:38:45.5637606Z 
Test OLM installation	UNKNOWN STEP	2025-11-06T10:38:45.5637834Z No user sessions are running outdated binaries.
Test OLM installation	UNKNOWN STEP	2025-11-06T10:38:45.5638276Z 
Test OLM installation	UNKNOWN STEP	2025-11-06T10:38:45.5638659Z No VM guests are running outdated hypervisor (qemu) binaries on this host.
Test OLM installation	UNKNOWN STEP	2025-11-06T10:38:46.5716078Z fs.protected_regular = 0
Test OLM installation	UNKNOWN STEP	2025-11-06T10:38:46.5727055Z Waiting for Docker to be ready
Test OLM installation	UNKNOWN STEP	2025-11-06T10:38:46.6142332Z 28.0.4 - 28.0.4
Test OLM installation	UNKNOWN STEP	2025-11-06T10:38:46.6158439Z Docker daemon is ready
Test OLM installation	UNKNOWN STEP	2025-11-06T10:38:46.6162964Z Downloading Minikube  v1.37.0
Test OLM installation	UNKNOWN STEP	2025-11-06T10:38:46.8398944Z Downloading from: https://github.com/kubernetes/minikube/releases/download/v1.37.0/minikube-linux-amd64
Test OLM installation	UNKNOWN STEP	2025-11-06T10:38:47.7980917Z Installing Minikube
Test OLM installation	UNKNOWN STEP	2025-11-06T10:38:47.8365052Z * minikube v1.37.0 on Ubuntu 24.04
Test OLM installation	UNKNOWN STEP	2025-11-06T10:38:47.8368227Z   - MINIKUBE_VERSION=v1.37.0
Test OLM installation	UNKNOWN STEP	2025-11-06T10:38:47.8375377Z   - MINIKUBE_MEMORY=4096
Test OLM installation	UNKNOWN STEP	2025-11-06T10:38:47.8379052Z   - MINIKUBE_HOME=/home/runner/work/_temp
Test OLM installation	UNKNOWN STEP	2025-11-06T10:38:49.7230920Z * Using the docker driver based on user configuration
Test OLM installation	UNKNOWN STEP	2025-11-06T10:38:49.8074107Z * Using Docker driver with root privileges
Test OLM installation	UNKNOWN STEP	2025-11-06T10:38:49.8091646Z * Starting "minikube" primary control-plane node in "minikube" cluster
Test OLM installation	UNKNOWN STEP	2025-11-06T10:38:49.8106989Z * Pulling base image v0.0.48 ...
Test OLM installation	UNKNOWN STEP	2025-11-06T10:38:49.8399033Z * Downloading Kubernetes v1.32.9 preload ...
Test OLM installation	UNKNOWN STEP	2025-11-06T10:39:28.7864771Z * Configuring bridge CNI (Container Networking Interface) ...
Test OLM installation	UNKNOWN STEP	2025-11-06T10:39:28.8925168Z * Verifying Kubernetes components...
Test OLM installation	UNKNOWN STEP	2025-11-06T10:39:28.9148207Z   - Using image gcr.io/k8s-minikube/kube-registry-proxy:0.0.9
Test OLM installation	UNKNOWN STEP	2025-11-06T10:39:28.9148937Z   - Using image gcr.io/k8s-minikube/storage-provisioner:v5
Test OLM installation	UNKNOWN STEP	2025-11-06T10:39:28.9155243Z   - Using image docker.io/registry:3.0.0
Test OLM installation	UNKNOWN STEP	2025-11-06T10:39:29.4968994Z * Verifying registry addon...
Test OLM installation	UNKNOWN STEP	2025-11-06T10:39:38.5017903Z * Enabled addons: storage-provisioner, default-storageclass, registry
Test OLM installation	UNKNOWN STEP	2025-11-06T10:39:41.3480124Z 
Test OLM installation	UNKNOWN STEP	2025-11-06T10:39:41.3488135Z     > gcr.io/k8s-minikube/kicbase...:  1.61 KiB / 488.52 MiB [>_] 0.00% ? p/s ?    > gcr.io/k8s-minikube/kicbase...:  1.61 KiB / 488.52 MiB [>_] 0.00% ? p/s ?    > gcr.io/k8s-minikube/kicbase...:  48.68 MiB / 488.52 MiB [>] 9.96% ? p/s ?    > gcr.io/k8s-minikube/kicbase...:  108.59 MiB / 488.52 MiB  22.23% 181.02 M    > gcr.io/k8s-minikube/kicbase...:  172.43 MiB / 488.52 MiB  35.30% 181.02 M    > gcr.io/k8s-minikube/kicbase...:  229.50 MiB / 488.52 MiB  46.98% 181.02 M    > gcr.io/k8s-minikube/kicbase...:  289.52 MiB / 488.52 MiB  59.26% 188.79 M    > gcr.io/k8s-minikube/kicbase...:  351.80 MiB / 488.52 MiB  72.01% 188.79 M    > gcr.io/k8s-minikube/kicbase...:  412.35 MiB / 488.52 MiB  84.41% 188.79 M    > gcr.io/k8s-minikube/kicbase...:  473.06 MiB / 488.52 MiB  96.84% 196.35 M    > gcr.io/k8s-minikube/kicbase...:  488.51 MiB / 488.52 MiB  100.00% 264.16 ! /usr/bin/kubectl is version 1.34.1, which may have incompatibilities with Kubernetes 1.32.9.
Test OLM installation	UNKNOWN STEP	2025-11-06T10:39:41.3491465Z   - Want kubectl v1.32.9? Try 'minikube kubectl -- get pods -A'
Test OLM installation	UNKNOWN STEP	2025-11-06T10:39:41.3492820Z * Done! kubectl is now configured to use "minikube" cluster and "default" namespace by default
Test OLM installation	UNKNOWN STEP	2025-11-06T10:39:41.4351519Z minikube version: v1.37.0commit: 65318f4cfff9c12cc87ec9eb8f4cdd57b25047f3 installed successfully
Test OLM installation	UNKNOWN STEP	2025-11-06T10:39:41.4488130Z ##[group]Run redhat-actions/openshift-tools-installer@144527c7d98999f2652264c048c7a9bd103f8a82
Test OLM installation	UNKNOWN STEP	2025-11-06T10:39:41.4488585Z with:
Test OLM installation	UNKNOWN STEP	2025-11-06T10:39:41.4488753Z   source: github
Test OLM installation	UNKNOWN STEP	2025-11-06T10:39:41.4488935Z   opm: 1.21.0
Test OLM installation	UNKNOWN STEP	2025-11-06T10:39:41.4489243Z   github_pat: ***
Test OLM installation	UNKNOWN STEP	2025-11-06T10:39:41.4489437Z   skip_cache: false
Test OLM installation	UNKNOWN STEP	2025-11-06T10:39:41.4489618Z env:
Test OLM installation	UNKNOWN STEP	2025-11-06T10:39:41.4490073Z   MAVEN_ARGS: -B -nsu -Daether.connector.http.connectionMaxTtl=25
Test OLM installation	UNKNOWN STEP	2025-11-06T10:39:41.4490398Z   MINIKUBE_VERSION: v1.37.0
Test OLM installation	UNKNOWN STEP	2025-11-06T10:39:41.4490628Z   KUBERNETES_VERSION: v1.32.9
Test OLM installation	UNKNOWN STEP	2025-11-06T10:39:41.4490845Z   MINIKUBE_MEMORY: 4096
Test OLM installation	UNKNOWN STEP	2025-11-06T10:39:41.4491138Z   JAVA_HOME: /opt/hostedtoolcache/Java_Temurin-Hotspot_jdk/21.0.9-10/x64
Test OLM installation	UNKNOWN STEP	2025-11-06T10:39:41.4491745Z   JAVA_HOME_21_X64: /opt/hostedtoolcache/Java_Temurin-Hotspot_jdk/21.0.9-10/x64
Test OLM installation	UNKNOWN STEP	2025-11-06T10:39:41.4492161Z   MINIKUBE_HOME: /home/runner/work/_temp
Test OLM installation	UNKNOWN STEP	2025-11-06T10:39:41.4492406Z ##[endgroup]
Test OLM installation	UNKNOWN STEP	2025-11-06T10:39:41.6214468Z Installing opm matching version "1.21.0"
Test OLM installation	UNKNOWN STEP	2025-11-06T10:39:41.6234137Z â„¹ï¸ Tools will be installed from "github".
Test OLM installation	UNKNOWN STEP	2025-11-06T10:39:41.6235603Z 
Test OLM installation	UNKNOWN STEP	2025-11-06T10:39:41.6236183Z ðŸ”Ž Searching for a version of opm satisfying the range "1.21.0" that was input as "1.21.0"
Test OLM installation	UNKNOWN STEP	2025-11-06T10:39:43.3042249Z Max opm version satisfying 1.21.0 is 1.21.0
Test OLM installation	UNKNOWN STEP	2025-11-06T10:39:43.3043355Z Download path of opm is https://github.com/operator-framework/operator-registry/releases
Test OLM installation	UNKNOWN STEP	2025-11-06T10:39:43.4517475Z Current operating system is linux
Test OLM installation	UNKNOWN STEP	2025-11-06T10:39:43.4520717Z Current architecture is amd64
Test OLM installation	UNKNOWN STEP	2025-11-06T10:39:43.4521971Z Selecting linux-amd64-opm
Test OLM installation	UNKNOWN STEP	2025-11-06T10:39:43.4525382Z Using temporary directory for storage
Test OLM installation	UNKNOWN STEP	2025-11-06T10:39:43.4531599Z ðŸ“ CLIs will be downloaded to /home/runner/work/_temp/openshift-bin
Test OLM installation	UNKNOWN STEP	2025-11-06T10:39:43.4535373Z Added /home/runner/work/_temp/openshift-bin to PATH
Test OLM installation	UNKNOWN STEP	2025-11-06T10:39:43.4535968Z Checking the cache for opm v1.21.0...
Test OLM installation	UNKNOWN STEP	2025-11-06T10:39:43.5346525Z ##[warning]Failed to check cache for opm v1.21.0: Error: Cache service responded with 400
Test OLM installation	UNKNOWN STEP	2025-11-06T10:39:43.6635260Z â¬‡ï¸ Downloading 45.03MB https://github.com/operator-framework/operator-registry/releases/download/v1.21.0/linux-amd64-opm ...
Test OLM installation	UNKNOWN STEP	2025-11-06T10:39:44.0739108Z Downloaded linux-amd64-opm in 0.4s
Test OLM installation	UNKNOWN STEP	2025-11-06T10:39:44.0742681Z Download path of opm is https://github.com/operator-framework/operator-registry/releases
Test OLM installation	UNKNOWN STEP	2025-11-06T10:39:44.2230924Z â¬‡ï¸ Downloading hash file https://github.com/operator-framework/operator-registry/releases/download/v1.21.0/checksums.txt
Test OLM installation	UNKNOWN STEP	2025-11-06T10:39:44.4636170Z sha256 verification of linux-amd64-opm succeeded.
Test OLM installation	UNKNOWN STEP	2025-11-06T10:39:44.4726186Z opm installed into /home/runner/work/_temp/openshift-bin/opm
Test OLM installation	UNKNOWN STEP	2025-11-06T10:39:44.4757327Z [command]/home/runner/work/_temp/openshift-bin/opm version
Test OLM installation	UNKNOWN STEP	2025-11-06T10:39:44.4972800Z Version: version.Version{OpmVersion:"v1.21.0", GitCommit:"9999f796", BuildDate:"2022-03-03T21:23:12Z", GoOs:"linux", GoArch:"amd64"}
Test OLM installation	UNKNOWN STEP	2025-11-06T10:39:44.4995562Z ðŸ’¾ Saving opm v1.21.0 into the cache
Test OLM installation	UNKNOWN STEP	2025-11-06T10:39:44.5212268Z ##[warning]Failed to cache opm v1.21.0: ReserveCacheError: Unable to reserve cache with key opm_v1.21.0_linux_amd64_github, another job may be creating this cache.
Test OLM installation	UNKNOWN STEP	2025-11-06T10:39:44.5215042Z âœ… Successfully installed opm v1.21.0.
Test OLM installation	UNKNOWN STEP	2025-11-06T10:39:44.5215403Z 
Test OLM installation	UNKNOWN STEP	2025-11-06T10:39:44.5215695Z âœ… Successfully installed 1/1 client:
Test OLM installation	UNKNOWN STEP	2025-11-06T10:39:44.5216134Z   - opm v1.21.0
Test OLM installation	UNKNOWN STEP	2025-11-06T10:39:44.5232122Z Wrote out installed versions to /home/runner/work/_temp/openshift-bin/openshift-clients-installed.json
Test OLM installation	UNKNOWN STEP	2025-11-06T10:39:44.5395051Z ##[group]Run redhat-actions/openshift-tools-installer@144527c7d98999f2652264c048c7a9bd103f8a82
Test OLM installation	UNKNOWN STEP	2025-11-06T10:39:44.5395514Z with:
Test OLM installation	UNKNOWN STEP	2025-11-06T10:39:44.5395688Z   oc: 4
Test OLM installation	UNKNOWN STEP	2025-11-06T10:39:44.5395991Z   github_pat: ***
Test OLM installation	UNKNOWN STEP	2025-11-06T10:39:44.5396190Z   source: mirror
Test OLM installation	UNKNOWN STEP	2025-11-06T10:39:44.5396371Z   skip_cache: false
Test OLM installation	UNKNOWN STEP	2025-11-06T10:39:44.5396558Z env:
Test OLM installation	UNKNOWN STEP	2025-11-06T10:39:44.5396817Z   MAVEN_ARGS: -B -nsu -Daether.connector.http.connectionMaxTtl=25
Test OLM installation	UNKNOWN STEP	2025-11-06T10:39:44.5397151Z   MINIKUBE_VERSION: v1.37.0
Test OLM installation	UNKNOWN STEP	2025-11-06T10:39:44.5397375Z   KUBERNETES_VERSION: v1.32.9
Test OLM installation	UNKNOWN STEP	2025-11-06T10:39:44.5397595Z   MINIKUBE_MEMORY: 4096
Test OLM installation	UNKNOWN STEP	2025-11-06T10:39:44.5397899Z   JAVA_HOME: /opt/hostedtoolcache/Java_Temurin-Hotspot_jdk/21.0.9-10/x64
Test OLM installation	UNKNOWN STEP	2025-11-06T10:39:44.5398332Z   JAVA_HOME_21_X64: /opt/hostedtoolcache/Java_Temurin-Hotspot_jdk/21.0.9-10/x64
Test OLM installation	UNKNOWN STEP	2025-11-06T10:39:44.5398690Z   MINIKUBE_HOME: /home/runner/work/_temp
Test OLM installation	UNKNOWN STEP	2025-11-06T10:39:44.5399111Z ##[endgroup]
Test OLM installation	UNKNOWN STEP	2025-11-06T10:39:44.7105534Z Installing oc matching version "4"
Test OLM installation	UNKNOWN STEP	2025-11-06T10:39:44.7126851Z â„¹ï¸ Tools will be installed from "mirror".
Test OLM installation	UNKNOWN STEP	2025-11-06T10:39:44.7128918Z 
Test OLM installation	UNKNOWN STEP	2025-11-06T10:39:44.7130257Z ðŸ”Ž Searching for a version of oc satisfying the range ">=4.0.0 <5.0.0-0" that was input as "4"
Test OLM installation	UNKNOWN STEP	2025-11-06T10:39:44.7135077Z Download directory for oc is https://mirror.openshift.com/pub/openshift-v4/clients/ocp/
Test OLM installation	UNKNOWN STEP	2025-11-06T10:39:45.8776437Z Max oc version satisfying >=4.0.0 <5.0.0-0 is 4.20.2
Test OLM installation	UNKNOWN STEP	2025-11-06T10:39:46.4598332Z Current operating system is linux
Test OLM installation	UNKNOWN STEP	2025-11-06T10:39:46.4608295Z ##[warning]Multiple files were found for oc that matched the current OS and architecture: openshift-client-linux-4.20.2.tar.gz, openshift-client-linux-amd64-rhel8-4.20.2.tar.gz, openshift-client-linux-amd64-rhel9-4.20.2.tar.gz, openshift-client-linux-arm64-4.20.2.tar.gz, openshift-client-linux-arm64-rhel8-4.20.2.tar.gz, openshift-client-linux-arm64-rhel9-4.20.2.tar.gz, openshift-client-linux-ppc64le-4.20.2.tar.gz, openshift-client-linux-ppc64le-rhel8-4.20.2.tar.gz, openshift-client-linux-ppc64le-rhel9-4.20.2.tar.gz, openshift-client-linux-s390x-rhel8-4.20.2.tar.gz, openshift-client-linux-s390x-rhel9-4.20.2.tar.gz. Selecting the first one.
Test OLM installation	UNKNOWN STEP	2025-11-06T10:39:46.4613465Z Selecting openshift-client-linux-4.20.2.tar.gz
Test OLM installation	UNKNOWN STEP	2025-11-06T10:39:46.4614428Z Using temporary directory for storage
Test OLM installation	UNKNOWN STEP	2025-11-06T10:39:46.4617969Z ðŸ“ CLIs will be downloaded to /home/runner/work/_temp/openshift-bin
Test OLM installation	UNKNOWN STEP	2025-11-06T10:39:46.4621918Z Added /home/runner/work/_temp/openshift-bin to PATH
Test OLM installation	UNKNOWN STEP	2025-11-06T10:39:46.4622995Z Checking the cache for oc 4.20.2...
Test OLM installation	UNKNOWN STEP	2025-11-06T10:39:46.4624982Z Current architecture is amd64
Test OLM installation	UNKNOWN STEP	2025-11-06T10:39:46.5296018Z ##[warning]Failed to check cache for oc 4.20.2: Error: Cache service responded with 400
Test OLM installation	UNKNOWN STEP	2025-11-06T10:39:46.6109955Z â¬‡ï¸ Downloading 73.17MB https://mirror.openshift.com/pub/openshift-v4/clients/ocp/4.20.2/openshift-client-linux-4.20.2.tar.gz ...
Test OLM installation	UNKNOWN STEP	2025-11-06T10:39:47.4292513Z Downloaded openshift-client-linux-4.20.2.tar.gz in 0.8s
Test OLM installation	UNKNOWN STEP	2025-11-06T10:39:47.8096826Z â¬‡ï¸ Downloading hash file https://mirror.openshift.com/pub/openshift-v4/clients/ocp/4.20.2/sha256sum.txt
Test OLM installation	UNKNOWN STEP	2025-11-06T10:39:48.0345029Z sha256 verification of openshift-client-linux-4.20.2.tar.gz succeeded.
Test OLM installation	UNKNOWN STEP	2025-11-06T10:39:48.0460618Z [command]/usr/bin/tar xz --warning=no-unknown-keyword --overwrite -C /home/runner/work/_temp/04ada72e-145c-4f69-874b-d14321f4439a -f /home/runner/work/_temp/20c51db3912f293d4956e8985c5f0044-openshift-client-linux-4.20.2.tar.gz
Test OLM installation	UNKNOWN STEP	2025-11-06T10:39:49.1776132Z Removed /home/runner/work/_temp/20c51db3912f293d4956e8985c5f0044-openshift-client-linux-4.20.2.tar.gz
Test OLM installation	UNKNOWN STEP	2025-11-06T10:39:49.1845315Z oc installed into /home/runner/work/_temp/openshift-bin/oc
Test OLM installation	UNKNOWN STEP	2025-11-06T10:39:49.1861189Z [command]/home/runner/work/_temp/openshift-bin/oc version --client
Test OLM installation	UNKNOWN STEP	2025-11-06T10:39:49.2583709Z Client Version: 4.20.2
Test OLM installation	UNKNOWN STEP	2025-11-06T10:39:49.2584160Z Kustomize Version: v5.6.0
Test OLM installation	UNKNOWN STEP	2025-11-06T10:39:49.2620095Z ðŸ’¾ Saving oc 4.20.2 into the cache
Test OLM installation	UNKNOWN STEP	2025-11-06T10:39:49.2808022Z ##[warning]Failed to cache oc 4.20.2: ReserveCacheError: Unable to reserve cache with key oc_4.20.2_linux_amd64, another job may be creating this cache.
Test OLM installation	UNKNOWN STEP	2025-11-06T10:39:49.2809759Z âœ… Successfully installed oc 4.20.2.
Test OLM installation	UNKNOWN STEP	2025-11-06T10:39:49.2809976Z 
Test OLM installation	UNKNOWN STEP	2025-11-06T10:39:49.2810128Z âœ… Successfully installed 1/1 client:
Test OLM installation	UNKNOWN STEP	2025-11-06T10:39:49.2810429Z   - oc 4.20.2
Test OLM installation	UNKNOWN STEP	2025-11-06T10:39:49.2821319Z Wrote out installed versions to /home/runner/work/_temp/openshift-bin/openshift-clients-installed.json
Test OLM installation	UNKNOWN STEP	2025-11-06T10:39:49.2991822Z ##[group]Run sudo snap install yq
Test OLM installation	UNKNOWN STEP	2025-11-06T10:39:49.2992171Z [36;1msudo snap install yq[0m
Test OLM installation	UNKNOWN STEP	2025-11-06T10:39:49.3028642Z shell: /usr/bin/bash --noprofile --norc -e -o pipefail {0}
Test OLM installation	UNKNOWN STEP	2025-11-06T10:39:49.3028966Z env:
Test OLM installation	UNKNOWN STEP	2025-11-06T10:39:49.3029231Z   MAVEN_ARGS: -B -nsu -Daether.connector.http.connectionMaxTtl=25
Test OLM installation	UNKNOWN STEP	2025-11-06T10:39:49.3029566Z   MINIKUBE_VERSION: v1.37.0
Test OLM installation	UNKNOWN STEP	2025-11-06T10:39:49.3029791Z   KUBERNETES_VERSION: v1.32.9
Test OLM installation	UNKNOWN STEP	2025-11-06T10:39:49.3030010Z   MINIKUBE_MEMORY: 4096
Test OLM installation	UNKNOWN STEP	2025-11-06T10:39:49.3030545Z   JAVA_HOME: /opt/hostedtoolcache/Java_Temurin-Hotspot_jdk/21.0.9-10/x64
Test OLM installation	UNKNOWN STEP	2025-11-06T10:39:49.3031017Z   JAVA_HOME_21_X64: /opt/hostedtoolcache/Java_Temurin-Hotspot_jdk/21.0.9-10/x64
Test OLM installation	UNKNOWN STEP	2025-11-06T10:39:49.3031390Z   MINIKUBE_HOME: /home/runner/work/_temp
Test OLM installation	UNKNOWN STEP	2025-11-06T10:39:49.3031626Z ##[endgroup]
Test OLM installation	UNKNOWN STEP	2025-11-06T10:39:53.5134773Z 2025-11-06T10:39:53Z INFO Waiting for automatic snapd restart...
Test OLM installation	UNKNOWN STEP	2025-11-06T10:40:03.2793009Z yq v4.46.1 from Mike Farah (mikefarah) installed
Test OLM installation	UNKNOWN STEP	2025-11-06T10:40:03.2849152Z ##[group]Run ./scripts/install-olm.sh
Test OLM installation	UNKNOWN STEP	2025-11-06T10:40:03.2849486Z [36;1m./scripts/install-olm.sh[0m
Test OLM installation	UNKNOWN STEP	2025-11-06T10:40:03.2882079Z shell: /usr/bin/bash --noprofile --norc -e -o pipefail {0}
Test OLM installation	UNKNOWN STEP	2025-11-06T10:40:03.2882391Z env:
Test OLM installation	UNKNOWN STEP	2025-11-06T10:40:03.2882650Z   MAVEN_ARGS: -B -nsu -Daether.connector.http.connectionMaxTtl=25
Test OLM installation	UNKNOWN STEP	2025-11-06T10:40:03.2883000Z   MINIKUBE_VERSION: v1.37.0
Test OLM installation	UNKNOWN STEP	2025-11-06T10:40:03.2883220Z   KUBERNETES_VERSION: v1.32.9
Test OLM installation	UNKNOWN STEP	2025-11-06T10:40:03.2883439Z   MINIKUBE_MEMORY: 4096
Test OLM installation	UNKNOWN STEP	2025-11-06T10:40:03.2884034Z   JAVA_HOME: /opt/hostedtoolcache/Java_Temurin-Hotspot_jdk/21.0.9-10/x64
Test OLM installation	UNKNOWN STEP	2025-11-06T10:40:03.2884492Z   JAVA_HOME_21_X64: /opt/hostedtoolcache/Java_Temurin-Hotspot_jdk/21.0.9-10/x64
Test OLM installation	UNKNOWN STEP	2025-11-06T10:40:03.2884854Z   MINIKUBE_HOME: /home/runner/work/_temp
Test OLM installation	UNKNOWN STEP	2025-11-06T10:40:03.2885090Z ##[endgroup]
Test OLM installation	UNKNOWN STEP	2025-11-06T10:40:03.2956350Z + mkdir -p /tmp/olm/
Test OLM installation	UNKNOWN STEP	2025-11-06T10:40:03.2972450Z + curl -f -L https://github.com/operator-framework/operator-lifecycle-manager/releases/download/v0.26.0/install.sh -o /tmp/olm/install.sh
Test OLM installation	UNKNOWN STEP	2025-11-06T10:40:03.3029218Z   % Total    % Received % Xferd  Average Speed   Time    Time     Time  Current
Test OLM installation	UNKNOWN STEP	2025-11-06T10:40:03.3029901Z                                  Dload  Upload   Total   Spent    Left  Speed
Test OLM installation	UNKNOWN STEP	2025-11-06T10:40:03.3030275Z 
Test OLM installation	UNKNOWN STEP	2025-11-06T10:40:03.4671311Z   0     0    0     0    0     0      0      0 --:--:-- --:--:-- --:--:--     0
Test OLM installation	UNKNOWN STEP	2025-11-06T10:40:03.4671866Z   0     0    0     0    0     0      0      0 --:--:-- --:--:-- --:--:--     0
Test OLM installation	UNKNOWN STEP	2025-11-06T10:40:03.5135216Z 
Test OLM installation	UNKNOWN STEP	2025-11-06T10:40:03.5135586Z 100  1886  100  1886    0     0   8948      0 --:--:-- --:--:-- --:--:--  8948
Test OLM installation	UNKNOWN STEP	2025-11-06T10:40:03.5164896Z + chmod +x /tmp/olm/install.sh
Test OLM installation	UNKNOWN STEP	2025-11-06T10:40:03.5179030Z + /tmp/olm/install.sh v0.26.0
Test OLM installation	UNKNOWN STEP	2025-11-06T10:40:04.2297948Z customresourcedefinition.apiextensions.k8s.io/catalogsources.operators.coreos.com created
Test OLM installation	UNKNOWN STEP	2025-11-06T10:40:04.4501120Z customresourcedefinition.apiextensions.k8s.io/clusterserviceversions.operators.coreos.com created
Test OLM installation	UNKNOWN STEP	2025-11-06T10:40:04.4626743Z customresourcedefinition.apiextensions.k8s.io/installplans.operators.coreos.com created
Test OLM installation	UNKNOWN STEP	2025-11-06T10:40:04.4708178Z customresourcedefinition.apiextensions.k8s.io/olmconfigs.operators.coreos.com created
Test OLM installation	UNKNOWN STEP	2025-11-06T10:40:04.4872350Z customresourcedefinition.apiextensions.k8s.io/operatorconditions.operators.coreos.com created
Test OLM installation	UNKNOWN STEP	2025-11-06T10:40:04.5016001Z customresourcedefinition.apiextensions.k8s.io/operatorgroups.operators.coreos.com created
Test OLM installation	UNKNOWN STEP	2025-11-06T10:40:04.5099175Z customresourcedefinition.apiextensions.k8s.io/operators.operators.coreos.com created
Test OLM installation	UNKNOWN STEP	2025-11-06T10:40:04.6196449Z customresourcedefinition.apiextensions.k8s.io/subscriptions.operators.coreos.com created
Test OLM installation	UNKNOWN STEP	2025-11-06T10:40:04.9766930Z customresourcedefinition.apiextensions.k8s.io/catalogsources.operators.coreos.com condition met
Test OLM installation	UNKNOWN STEP	2025-11-06T10:40:05.1937901Z customresourcedefinition.apiextensions.k8s.io/clusterserviceversions.operators.coreos.com condition met
Test OLM installation	UNKNOWN STEP	2025-11-06T10:40:05.3017954Z customresourcedefinition.apiextensions.k8s.io/installplans.operators.coreos.com condition met
Test OLM installation	UNKNOWN STEP	2025-11-06T10:40:05.4072635Z customresourcedefinition.apiextensions.k8s.io/olmconfigs.operators.coreos.com condition met
Test OLM installation	UNKNOWN STEP	2025-11-06T10:40:05.5162025Z customresourcedefinition.apiextensions.k8s.io/operatorconditions.operators.coreos.com condition met
Test OLM installation	UNKNOWN STEP	2025-11-06T10:40:05.6259173Z customresourcedefinition.apiextensions.k8s.io/operatorgroups.operators.coreos.com condition met
Test OLM installation	UNKNOWN STEP	2025-11-06T10:40:05.7332957Z customresourcedefinition.apiextensions.k8s.io/operators.operators.coreos.com condition met
Test OLM installation	UNKNOWN STEP	2025-11-06T10:40:05.8776454Z customresourcedefinition.apiextensions.k8s.io/subscriptions.operators.coreos.com condition met
Test OLM installation	UNKNOWN STEP	2025-11-06T10:40:06.2751537Z namespace/olm created
Test OLM installation	UNKNOWN STEP	2025-11-06T10:40:06.2784762Z namespace/operators created
Test OLM installation	UNKNOWN STEP	2025-11-06T10:40:06.3580605Z serviceaccount/olm-operator-serviceaccount created
Test OLM installation	UNKNOWN STEP	2025-11-06T10:40:06.3841474Z clusterrole.rbac.authorization.k8s.io/system:controller:operator-lifecycle-manager created
Test OLM installation	UNKNOWN STEP	2025-11-06T10:40:06.4029229Z clusterrolebinding.rbac.authorization.k8s.io/olm-operator-binding-olm created
Test OLM installation	UNKNOWN STEP	2025-11-06T10:40:06.4367163Z olmconfig.operators.coreos.com/cluster created
Test OLM installation	UNKNOWN STEP	2025-11-06T10:40:06.4901169Z deployment.apps/olm-operator created
Test OLM installation	UNKNOWN STEP	2025-11-06T10:40:06.4963492Z deployment.apps/catalog-operator created
Test OLM installation	UNKNOWN STEP	2025-11-06T10:40:06.5019335Z clusterrole.rbac.authorization.k8s.io/aggregate-olm-edit created
Test OLM installation	UNKNOWN STEP	2025-11-06T10:40:06.5144691Z clusterrole.rbac.authorization.k8s.io/aggregate-olm-view created
Test OLM installation	UNKNOWN STEP	2025-11-06T10:40:06.5871106Z operatorgroup.operators.coreos.com/global-operators created
Test OLM installation	UNKNOWN STEP	2025-11-06T10:40:06.5896610Z operatorgroup.operators.coreos.com/olm-operators created
Test OLM installation	UNKNOWN STEP	2025-11-06T10:40:06.6600982Z clusterserviceversion.operators.coreos.com/packageserver created
Test OLM installation	UNKNOWN STEP	2025-11-06T10:40:06.7060022Z catalogsource.operators.coreos.com/operatorhubio-catalog created
Test OLM installation	UNKNOWN STEP	2025-11-06T10:40:06.8094971Z Waiting for deployment "olm-operator" rollout to finish: 0 of 1 updated replicas are available...
Test OLM installation	UNKNOWN STEP	2025-11-06T10:40:10.4439371Z deployment "olm-operator" successfully rolled out
Test OLM installation	UNKNOWN STEP	2025-11-06T10:40:10.5803855Z deployment "catalog-operator" successfully rolled out
Test OLM installation	UNKNOWN STEP	2025-11-06T10:40:10.7371056Z Package server phase: Installing
Test OLM installation	UNKNOWN STEP	2025-11-06T10:40:20.8344494Z Package server phase: Succeeded
Test OLM installation	UNKNOWN STEP	2025-11-06T10:40:20.9406240Z deployment "packageserver" successfully rolled out
Test OLM installation	UNKNOWN STEP	2025-11-06T10:40:20.9510143Z ##[group]Run actions/download-artifact@634f93cb2916e3fdff6788551b99b062d0335ce0
Test OLM installation	UNKNOWN STEP	2025-11-06T10:40:20.9510828Z with:
Test OLM installation	UNKNOWN STEP	2025-11-06T10:40:20.9511131Z   name: keycloak-dist
Test OLM installation	UNKNOWN STEP	2025-11-06T10:40:20.9511483Z   path: quarkus/container
Test OLM installation	UNKNOWN STEP	2025-11-06T10:40:20.9511872Z   merge-multiple: false
Test OLM installation	UNKNOWN STEP	2025-11-06T10:40:20.9512242Z   repository: keycloak/keycloak
Test OLM installation	UNKNOWN STEP	2025-11-06T10:40:20.9512626Z   run-id: 19132744846
Test OLM installation	UNKNOWN STEP	2025-11-06T10:40:20.9512933Z env:
Test OLM installation	UNKNOWN STEP	2025-11-06T10:40:20.9513418Z   MAVEN_ARGS: -B -nsu -Daether.connector.http.connectionMaxTtl=25
Test OLM installation	UNKNOWN STEP	2025-11-06T10:40:20.9514374Z   MINIKUBE_VERSION: v1.37.0
Test OLM installation	UNKNOWN STEP	2025-11-06T10:40:20.9514787Z   KUBERNETES_VERSION: v1.32.9
Test OLM installation	UNKNOWN STEP	2025-11-06T10:40:20.9515124Z   MINIKUBE_MEMORY: 4096
Test OLM installation	UNKNOWN STEP	2025-11-06T10:40:20.9515670Z   JAVA_HOME: /opt/hostedtoolcache/Java_Temurin-Hotspot_jdk/21.0.9-10/x64
Test OLM installation	UNKNOWN STEP	2025-11-06T10:40:20.9516483Z   JAVA_HOME_21_X64: /opt/hostedtoolcache/Java_Temurin-Hotspot_jdk/21.0.9-10/x64
Test OLM installation	UNKNOWN STEP	2025-11-06T10:40:20.9517163Z   MINIKUBE_HOME: /home/runner/work/_temp
Test OLM installation	UNKNOWN STEP	2025-11-06T10:40:20.9517659Z ##[endgroup]
Test OLM installation	UNKNOWN STEP	2025-11-06T10:40:21.1704461Z Downloading single artifact
Test OLM installation	UNKNOWN STEP	2025-11-06T10:40:21.2762086Z Preparing to download the following artifacts:
Test OLM installation	UNKNOWN STEP	2025-11-06T10:40:21.2763256Z - keycloak-dist (ID: 4485546751, Size: 164919216, Expected Digest: sha256:a0f5ac14a7bb3ea43c549a575a6f764ca27617e84b43ef631ec17596b66fe8f1)
Test OLM installation	UNKNOWN STEP	2025-11-06T10:40:21.3558468Z Redirecting to blob download url: https://productionresultssa11.blob.core.windows.net/actions-results/cbbf0784-4962-48e5-93e4-67a72a0cf61f/workflow-job-run-48d3c777-9491-5857-9346-e3ca3e8b6943/artifacts/8ec452859fe416bcecd39b267c69bfe76c7634fb13c33b71d912d2a8c0986080.zip
Test OLM installation	UNKNOWN STEP	2025-11-06T10:40:21.3560844Z Starting download of artifact to: /home/runner/work/keycloak/keycloak/quarkus/container
Test OLM installation	UNKNOWN STEP	2025-11-06T10:40:21.4446702Z (node:8839) [DEP0005] DeprecationWarning: Buffer() is deprecated due to security and usability issues. Please use the Buffer.alloc(), Buffer.allocUnsafe(), or Buffer.from() methods instead.
Test OLM installation	UNKNOWN STEP	2025-11-06T10:40:21.4448078Z (Use `node --trace-deprecation ...` to show where the warning was created)
Test OLM installation	UNKNOWN STEP	2025-11-06T10:40:23.4767425Z SHA256 digest of downloaded artifact is a0f5ac14a7bb3ea43c549a575a6f764ca27617e84b43ef631ec17596b66fe8f1
Test OLM installation	UNKNOWN STEP	2025-11-06T10:40:23.4768321Z Artifact download completed successfully.
Test OLM installation	UNKNOWN STEP	2025-11-06T10:40:23.4768943Z Total of 1 artifact(s) downloaded
Test OLM installation	UNKNOWN STEP	2025-11-06T10:40:23.4773481Z Download artifact has finished successfully
Test OLM installation	UNKNOWN STEP	2025-11-06T10:40:23.4894180Z ##[group]Run echo "Minikube IP $(minikube ip)"
Test OLM installation	UNKNOWN STEP	2025-11-06T10:40:23.4894550Z [36;1mecho "Minikube IP $(minikube ip)"[0m
Test OLM installation	UNKNOWN STEP	2025-11-06T10:40:23.4894859Z [36;1meval $(minikube -p minikube docker-env)[0m
Test OLM installation	UNKNOWN STEP	2025-11-06T10:40:23.4895251Z [36;1mREGISTRY=$(minikube ip):5000 ./scripts/olm-testing.sh ${GITHUB_SHA::6}[0m
Test OLM installation	UNKNOWN STEP	2025-11-06T10:40:23.4931381Z shell: /usr/bin/bash --noprofile --norc -e -o pipefail {0}
Test OLM installation	UNKNOWN STEP	2025-11-06T10:40:23.4931698Z env:
Test OLM installation	UNKNOWN STEP	2025-11-06T10:40:23.4931970Z   MAVEN_ARGS: -B -nsu -Daether.connector.http.connectionMaxTtl=25
Test OLM installation	UNKNOWN STEP	2025-11-06T10:40:23.4932314Z   MINIKUBE_VERSION: v1.37.0
Test OLM installation	UNKNOWN STEP	2025-11-06T10:40:23.4932546Z   KUBERNETES_VERSION: v1.32.9
Test OLM installation	UNKNOWN STEP	2025-11-06T10:40:23.4932772Z   MINIKUBE_MEMORY: 4096
Test OLM installation	UNKNOWN STEP	2025-11-06T10:40:23.4933230Z   JAVA_HOME: /opt/hostedtoolcache/Java_Temurin-Hotspot_jdk/21.0.9-10/x64
Test OLM installation	UNKNOWN STEP	2025-11-06T10:40:23.4934042Z   JAVA_HOME_21_X64: /opt/hostedtoolcache/Java_Temurin-Hotspot_jdk/21.0.9-10/x64
Test OLM installation	UNKNOWN STEP	2025-11-06T10:40:23.4934451Z   MINIKUBE_HOME: /home/runner/work/_temp
Test OLM installation	UNKNOWN STEP	2025-11-06T10:40:23.4934732Z ##[endgroup]
Test OLM installation	UNKNOWN STEP	2025-11-06T10:40:23.6175205Z Minikube IP 192.168.49.2
Test OLM installation	UNKNOWN STEP	2025-11-06T10:40:23.9840719Z + UUID=382d8a
Test OLM installation	UNKNOWN STEP	2025-11-06T10:40:23.9841140Z + INSTALL_NAMESPACE=default
Test OLM installation	UNKNOWN STEP	2025-11-06T10:40:23.9841586Z + TARGET_NAMESPACES=default
Test OLM installation	UNKNOWN STEP	2025-11-06T10:40:23.9846852Z +++ dirname -- ./scripts/olm-testing.sh
Test OLM installation	UNKNOWN STEP	2025-11-06T10:40:23.9857142Z ++ cd -- ./scripts
Test OLM installation	UNKNOWN STEP	2025-11-06T10:40:23.9857766Z ++ pwd
Test OLM installation	UNKNOWN STEP	2025-11-06T10:40:23.9860440Z + SCRIPT_DIR=/home/runner/work/keycloak/keycloak/operator/scripts
Test OLM installation	UNKNOWN STEP	2025-11-06T10:40:23.9861180Z + REGISTRY=192.168.49.2:5000
Test OLM installation	UNKNOWN STEP	2025-11-06T10:40:23.9861610Z + VERSION=86400000.0.0
Test OLM installation	UNKNOWN STEP	2025-11-06T10:40:23.9863529Z + cd /home/runner/work/keycloak/keycloak/operator/scripts/../../quarkus/container
Test OLM installation	UNKNOWN STEP	2025-11-06T10:40:23.9867821Z ++ ls keycloak-999.0.0-SNAPSHOT.tar.gz
Test OLM installation	UNKNOWN STEP	2025-11-06T10:40:23.9880956Z + docker build --build-arg KEYCLOAK_DIST=keycloak-999.0.0-SNAPSHOT.tar.gz . -t 192.168.49.2:5000/382d8akeycloak:86400000.0.0
Test OLM installation	UNKNOWN STEP	2025-11-06T10:40:24.4356598Z #0 building with "default" instance using docker driver
Test OLM installation	UNKNOWN STEP	2025-11-06T10:40:24.4356943Z 
Test OLM installation	UNKNOWN STEP	2025-11-06T10:40:24.4357100Z #1 [internal] load build definition from Dockerfile
Test OLM installation	UNKNOWN STEP	2025-11-06T10:40:24.4357456Z #1 transferring dockerfile: 2.73kB done
Test OLM installation	UNKNOWN STEP	2025-11-06T10:40:24.4357747Z #1 DONE 0.0s
Test OLM installation	UNKNOWN STEP	2025-11-06T10:40:24.4357869Z 
Test OLM installation	UNKNOWN STEP	2025-11-06T10:40:24.4358101Z #2 [internal] load metadata for registry.access.redhat.com/ubi9-micro:latest
Test OLM installation	UNKNOWN STEP	2025-11-06T10:40:24.6044876Z #2 DONE 0.3s
Test OLM installation	UNKNOWN STEP	2025-11-06T10:40:24.6045212Z 
Test OLM installation	UNKNOWN STEP	2025-11-06T10:40:24.6045593Z #3 [internal] load metadata for registry.access.redhat.com/ubi9:latest
Test OLM installation	UNKNOWN STEP	2025-11-06T10:40:24.7348483Z #3 DONE 0.3s
Test OLM installation	UNKNOWN STEP	2025-11-06T10:40:24.7352856Z 
Test OLM installation	UNKNOWN STEP	2025-11-06T10:40:24.7353341Z #4 [internal] load .dockerignore
Test OLM installation	UNKNOWN STEP	2025-11-06T10:40:24.7354625Z #4 transferring context: 2B done
Test OLM installation	UNKNOWN STEP	2025-11-06T10:40:24.7452359Z #4 DONE 0.0s
Test OLM installation	UNKNOWN STEP	2025-11-06T10:40:24.7456683Z 
Test OLM installation	UNKNOWN STEP	2025-11-06T10:40:24.7457438Z #5 [stage-1 1/4] FROM registry.access.redhat.com/ubi9-micro:latest@sha256:990002083442f6a93cd3249da32ecb7c3f6be778a1bec3a73a9c17fbc40edc15
Test OLM installation	UNKNOWN STEP	2025-11-06T10:40:24.7461708Z #5 resolve registry.access.redhat.com/ubi9-micro:latest@sha256:990002083442f6a93cd3249da32ecb7c3f6be778a1bec3a73a9c17fbc40edc15 done
Test OLM installation	UNKNOWN STEP	2025-11-06T10:40:24.7465894Z #5 sha256:990002083442f6a93cd3249da32ecb7c3f6be778a1bec3a73a9c17fbc40edc15 970B / 970B done
Test OLM installation	UNKNOWN STEP	2025-11-06T10:40:24.7472493Z #5 sha256:40bc662f062f4b8bd2c565f33afd213abcadb0afd138dfc45c5c1c19edd8d319 428B / 428B done
Test OLM installation	UNKNOWN STEP	2025-11-06T10:40:24.7473807Z #5 sha256:3f62c8d50142dbc9d3a53643b53faae8ea5bef43c2e1f7a669f76652cca2e87c 5.18kB / 5.18kB done
Test OLM installation	UNKNOWN STEP	2025-11-06T10:40:24.7474865Z #5 sha256:e44958e765eb6f552b8656cac3b1ab938654c79657d5dcb931dc43840cb68ac2 7.27MB / 7.27MB 0.1s
Test OLM installation	UNKNOWN STEP	2025-11-06T10:40:24.8367739Z #5 sha256:e44958e765eb6f552b8656cac3b1ab938654c79657d5dcb931dc43840cb68ac2 7.27MB / 7.27MB 0.1s done
Test OLM installation	UNKNOWN STEP	2025-11-06T10:40:24.8376814Z #5 extracting sha256:e44958e765eb6f552b8656cac3b1ab938654c79657d5dcb931dc43840cb68ac2
Test OLM installation	UNKNOWN STEP	2025-11-06T10:40:25.3967459Z #5 extracting sha256:e44958e765eb6f552b8656cac3b1ab938654c79657d5dcb931dc43840cb68ac2 0.6s done
Test OLM installation	UNKNOWN STEP	2025-11-06T10:40:25.3969577Z #5 DONE 0.8s
Test OLM installation	UNKNOWN STEP	2025-11-06T10:40:25.3970087Z 
Test OLM installation	UNKNOWN STEP	2025-11-06T10:40:25.3970833Z #6 [ubi-micro-build 1/8] FROM registry.access.redhat.com/ubi9:latest@sha256:dec374e05cc13ebbc0975c9f521f3db6942d27f8ccdf06b180160490eef8bdbc
Test OLM installation	UNKNOWN STEP	2025-11-06T10:40:25.3972315Z #6 resolve registry.access.redhat.com/ubi9:latest@sha256:dec374e05cc13ebbc0975c9f521f3db6942d27f8ccdf06b180160490eef8bdbc done
Test OLM installation	UNKNOWN STEP	2025-11-06T10:40:25.3973758Z #6 sha256:35d6a5cce6a146ea7213377edde7d1d27f34dda18ce9fac98ea2ab40a6b110f6 79.59MB / 79.59MB 0.4s done
Test OLM installation	UNKNOWN STEP	2025-11-06T10:40:25.3974857Z #6 sha256:dec374e05cc13ebbc0975c9f521f3db6942d27f8ccdf06b180160490eef8bdbc 970B / 970B done
Test OLM installation	UNKNOWN STEP	2025-11-06T10:40:25.3975841Z #6 sha256:f3b9841ea7615b38fd271cf18ae235d8228d3369036eb175ded171c936808255 429B / 429B done
Test OLM installation	UNKNOWN STEP	2025-11-06T10:40:25.3976832Z #6 sha256:4461e0f8948d70db7614912a1d3d4b0b180d4a3044a08058bec55dbbb941b1f3 5.94kB / 5.94kB done
Test OLM installation	UNKNOWN STEP	2025-11-06T10:40:25.3977853Z #6 extracting sha256:35d6a5cce6a146ea7213377edde7d1d27f34dda18ce9fac98ea2ab40a6b110f6 0.2s
Test OLM installation	UNKNOWN STEP	2025-11-06T10:40:25.6435906Z #6 ...
Test OLM installation	UNKNOWN STEP	2025-11-06T10:40:25.6436683Z 
Test OLM installation	UNKNOWN STEP	2025-11-06T10:40:25.6437228Z #7 [internal] load build context
Test OLM installation	UNKNOWN STEP	2025-11-06T10:40:25.6437739Z #7 transferring context: 164.90MB 1.0s done
Test OLM installation	UNKNOWN STEP	2025-11-06T10:40:25.6438225Z #7 DONE 1.0s
Test OLM installation	UNKNOWN STEP	2025-11-06T10:40:25.6438398Z 
Test OLM installation	UNKNOWN STEP	2025-11-06T10:40:25.6439159Z #6 [ubi-micro-build 1/8] FROM registry.access.redhat.com/ubi9:latest@sha256:dec374e05cc13ebbc0975c9f521f3db6942d27f8ccdf06b180160490eef8bdbc
Test OLM installation	UNKNOWN STEP	2025-11-06T10:40:28.2459150Z #6 extracting sha256:35d6a5cce6a146ea7213377edde7d1d27f34dda18ce9fac98ea2ab40a6b110f6 3.1s done
Test OLM installation	UNKNOWN STEP	2025-11-06T10:40:28.2459977Z #6 DONE 3.6s
Test OLM installation	UNKNOWN STEP	2025-11-06T10:40:28.2460162Z 
Test OLM installation	UNKNOWN STEP	2025-11-06T10:40:28.2460384Z #8 [ubi-micro-build 2/8] RUN dnf install -y tar gzip
Test OLM installation	UNKNOWN STEP	2025-11-06T10:40:28.6274133Z #8 0.386 Updating Subscription Management repositories.
Test OLM installation	UNKNOWN STEP	2025-11-06T10:40:28.7816354Z #8 0.386 Unable to read consumer identity
Test OLM installation	UNKNOWN STEP	2025-11-06T10:40:28.7816869Z #8 0.390 
Test OLM installation	UNKNOWN STEP	2025-11-06T10:40:28.7817358Z #8 0.390 This system is not registered with an entitlement server. You can use subscription-manager to register.
Test OLM installation	UNKNOWN STEP	2025-11-06T10:40:28.7817926Z #8 0.390 
Test OLM installation	UNKNOWN STEP	2025-11-06T10:40:28.8094005Z #8 0.568 Red Hat Universal Base Image 9 (RPMs) - BaseOS  3.6 MB/s | 531 kB     00:00    
Test OLM installation	UNKNOWN STEP	2025-11-06T10:40:29.0109291Z #8 0.770 Red Hat Universal Base Image 9 (RPMs) - AppStre  19 MB/s | 2.4 MB     00:00    
Test OLM installation	UNKNOWN STEP	2025-11-06T10:40:29.4799051Z #8 1.239 Red Hat Universal Base Image 9 (RPMs) - CodeRea 3.1 MB/s | 287 kB     00:00    
Test OLM installation	UNKNOWN STEP	2025-11-06T10:40:29.6141970Z #8 1.373 Package tar-2:1.34-7.el9.x86_64 is already installed.
Test OLM installation	UNKNOWN STEP	2025-11-06T10:40:29.7788960Z #8 1.373 Package gzip-1.12-1.el9.x86_64 is already installed.
Test OLM installation	UNKNOWN STEP	2025-11-06T10:40:29.7789526Z #8 1.386 Dependencies resolved.
Test OLM installation	UNKNOWN STEP	2025-11-06T10:40:29.7789815Z #8 1.387 Nothing to do.
Test OLM installation	UNKNOWN STEP	2025-11-06T10:40:29.7790049Z #8 1.387 Complete!
Test OLM installation	UNKNOWN STEP	2025-11-06T10:40:30.7591101Z #8 DONE 2.5s
Test OLM installation	UNKNOWN STEP	2025-11-06T10:40:30.9103017Z 
Test OLM installation	UNKNOWN STEP	2025-11-06T10:40:30.9104181Z #9 [ubi-micro-build 3/8] ADD keycloak-999.0.0-SNAPSHOT.tar.gz /tmp/keycloak/
Test OLM installation	UNKNOWN STEP	2025-11-06T10:40:31.7137098Z #9 DONE 1.0s
Test OLM installation	UNKNOWN STEP	2025-11-06T10:40:31.8253474Z 
Test OLM installation	UNKNOWN STEP	2025-11-06T10:40:31.8255001Z #10 [ubi-micro-build 4/8] RUN (cd /tmp/keycloak &&     tar -xvf /tmp/keycloak/keycloak-*.tar.gz &&     rm /tmp/keycloak/keycloak-*.tar.gz) || true
Test OLM installation	UNKNOWN STEP	2025-11-06T10:40:31.8255933Z #10 0.111 tar: /tmp/keycloak/keycloak-*.tar.gz: Cannot open: No such file or directory
Test OLM installation	UNKNOWN STEP	2025-11-06T10:40:31.8256497Z #10 0.111 tar: Error is not recoverable: exiting now
Test OLM installation	UNKNOWN STEP	2025-11-06T10:40:31.9608982Z #10 DONE 0.1s
Test OLM installation	UNKNOWN STEP	2025-11-06T10:40:31.9609259Z 
Test OLM installation	UNKNOWN STEP	2025-11-06T10:40:31.9609780Z #11 [ubi-micro-build 5/8] RUN mv /tmp/keycloak/keycloak-* /opt/keycloak && mkdir -p /opt/keycloak/data
Test OLM installation	UNKNOWN STEP	2025-11-06T10:40:31.9610525Z #11 DONE 0.1s
Test OLM installation	UNKNOWN STEP	2025-11-06T10:40:32.1128483Z 
Test OLM installation	UNKNOWN STEP	2025-11-06T10:40:32.1129267Z #12 [ubi-micro-build 6/8] RUN chmod -R g+rwX /opt/keycloak
Test OLM installation	UNKNOWN STEP	2025-11-06T10:40:32.5928179Z #12 DONE 0.6s
Test OLM installation	UNKNOWN STEP	2025-11-06T10:40:32.7414998Z 
Test OLM installation	UNKNOWN STEP	2025-11-06T10:40:32.7417197Z #13 [ubi-micro-build 7/8] ADD ubi-null.sh /tmp/
Test OLM installation	UNKNOWN STEP	2025-11-06T10:40:32.7417799Z #13 DONE 0.0s
Test OLM installation	UNKNOWN STEP	2025-11-06T10:40:32.7417989Z 
Test OLM installation	UNKNOWN STEP	2025-11-06T10:40:32.7418498Z #14 [ubi-micro-build 8/8] RUN bash /tmp/ubi-null.sh java-21-openjdk-headless glibc-langpack-en findutils
Test OLM installation	UNKNOWN STEP	2025-11-06T10:40:32.7422073Z #14 0.134 ==> Installing packages into chroot
Test OLM installation	UNKNOWN STEP	2025-11-06T10:40:32.7422611Z #14 0.134 + dnf install -y findutils diffutils
Test OLM installation	UNKNOWN STEP	2025-11-06T10:40:33.0012954Z #14 0.394 Updating Subscription Management repositories.
Test OLM installation	UNKNOWN STEP	2025-11-06T10:40:33.1501198Z #14 0.394 Unable to read consumer identity
Test OLM installation	UNKNOWN STEP	2025-11-06T10:40:33.1501998Z #14 0.398 
Test OLM installation	UNKNOWN STEP	2025-11-06T10:40:33.1502842Z #14 0.398 This system is not registered with an entitlement server. You can use subscription-manager to register.
Test OLM installation	UNKNOWN STEP	2025-11-06T10:40:33.1503910Z #14 0.398 
Test OLM installation	UNKNOWN STEP	2025-11-06T10:40:33.1504407Z #14 0.439 Last metadata expiration check: 0:00:04 ago on Thu Nov  6 10:40:29 2025.
Test OLM installation	UNKNOWN STEP	2025-11-06T10:40:33.1505100Z #14 0.461 Package findutils-1:4.8.0-7.el9.x86_64 is already installed.
Test OLM installation	UNKNOWN STEP	2025-11-06T10:40:33.1505513Z #14 0.475 Dependencies resolved.
Test OLM installation	UNKNOWN STEP	2025-11-06T10:40:33.1505830Z #14 0.476 ================================================================================
Test OLM installation	UNKNOWN STEP	2025-11-06T10:40:33.1506341Z #14 0.476  Package         Architecture Version             Repository               Size
Test OLM installation	UNKNOWN STEP	2025-11-06T10:40:33.1506886Z #14 0.476 ================================================================================
Test OLM installation	UNKNOWN STEP	2025-11-06T10:40:33.1507228Z #14 0.476 Installing:
Test OLM installation	UNKNOWN STEP	2025-11-06T10:40:33.1507587Z #14 0.476  diffutils       x86_64       3.7-12.el9          ubi-9-baseos-rpms       402 k
Test OLM installation	UNKNOWN STEP	2025-11-06T10:40:33.1507981Z #14 0.476 
Test OLM installation	UNKNOWN STEP	2025-11-06T10:40:33.1508192Z #14 0.476 Transaction Summary
Test OLM installation	UNKNOWN STEP	2025-11-06T10:40:33.1508449Z #14 0.476 ================================================================================
Test OLM installation	UNKNOWN STEP	2025-11-06T10:40:33.1508729Z #14 0.476 Install  1 Package
Test OLM installation	UNKNOWN STEP	2025-11-06T10:40:33.1508941Z #14 0.476 
Test OLM installation	UNKNOWN STEP	2025-11-06T10:40:33.1509131Z #14 0.477 Total download size: 402 k
Test OLM installation	UNKNOWN STEP	2025-11-06T10:40:33.1509524Z #14 0.477 Installed size: 1.4 M
Test OLM installation	UNKNOWN STEP	2025-11-06T10:40:33.1509920Z #14 0.477 Downloading Packages:
Test OLM installation	UNKNOWN STEP	2025-11-06T10:40:33.1510449Z #14 0.543 diffutils-3.7-12.el9.x86_64.rpm                 6.1 MB/s | 402 kB     00:00    
Test OLM installation	UNKNOWN STEP	2025-11-06T10:40:33.2518463Z #14 0.544 --------------------------------------------------------------------------------
Test OLM installation	UNKNOWN STEP	2025-11-06T10:40:33.2519374Z #14 0.545 Total                                           5.8 MB/s | 402 kB     00:00     
Test OLM installation	UNKNOWN STEP	2025-11-06T10:40:33.2519696Z #14 0.558 Running transaction check
Test OLM installation	UNKNOWN STEP	2025-11-06T10:40:33.2520179Z #14 0.561 Transaction check succeeded.
Test OLM installation	UNKNOWN STEP	2025-11-06T10:40:33.2520611Z #14 0.561 Running transaction test
Test OLM installation	UNKNOWN STEP	2025-11-06T10:40:33.2520909Z #14 0.587 Transaction test succeeded.
Test OLM installation	UNKNOWN STEP	2025-11-06T10:40:33.2521157Z #14 0.588 Running transaction
Test OLM installation	UNKNOWN STEP	2025-11-06T10:40:33.2521445Z #14 0.608   Preparing        :                                                        1/1 
Test OLM installation	UNKNOWN STEP	2025-11-06T10:40:33.3573410Z #14 0.644   Installing       : diffutils-3.7-12.el9.x86_64                            1/1 
Test OLM installation	UNKNOWN STEP	2025-11-06T10:40:33.3575131Z #14 0.655   Running scriptlet: diffutils-3.7-12.el9.x86_64                            1/1 
Test OLM installation	UNKNOWN STEP	2025-11-06T10:40:33.3577376Z #14 0.692   Verifying        : diffutils-3.7-12.el9.x86_64                            1/1 
Test OLM installation	UNKNOWN STEP	2025-11-06T10:40:33.3578102Z #14 0.721 Installed products updated.
Test OLM installation	UNKNOWN STEP	2025-11-06T10:40:33.3578559Z #14 0.750 
Test OLM installation	UNKNOWN STEP	2025-11-06T10:40:33.3578869Z #14 0.750 Installed:
Test OLM installation	UNKNOWN STEP	2025-11-06T10:40:33.3579407Z #14 0.750   diffutils-3.7-12.el9.x86_64                                                   
Test OLM installation	UNKNOWN STEP	2025-11-06T10:40:33.3580031Z #14 0.750 
Test OLM installation	UNKNOWN STEP	2025-11-06T10:40:33.3580314Z #14 0.750 Complete!
Test OLM installation	UNKNOWN STEP	2025-11-06T10:40:33.5685762Z #14 0.808 ++ realpath rootfs
Test OLM installation	UNKNOWN STEP	2025-11-06T10:40:33.5686308Z #14 0.809 + rootfs=/tmp/null/rootfs
Test OLM installation	UNKNOWN STEP	2025-11-06T10:40:33.5686581Z #14 0.809 + mkdir -p /tmp/null/rootfs
Test OLM installation	UNKNOWN STEP	2025-11-06T10:40:33.5687089Z #14 0.811 + xargs dnf install -y --installroot /tmp/null/rootfs --releasever 9 --setopt install_weak_deps=false --nodocs
Test OLM installation	UNKNOWN STEP	2025-11-06T10:40:33.6635925Z #14 1.056 Updating Subscription Management repositories.
Test OLM installation	UNKNOWN STEP	2025-11-06T10:40:33.7871323Z #14 1.057 Unable to read consumer identity
Test OLM installation	UNKNOWN STEP	2025-11-06T10:40:33.7871786Z #14 1.058 
Test OLM installation	UNKNOWN STEP	2025-11-06T10:40:33.7872482Z #14 1.058 This system is not registered with an entitlement server. You can use subscription-manager to register.
Test OLM installation	UNKNOWN STEP	2025-11-06T10:40:33.7873474Z #14 1.058 
Test OLM installation	UNKNOWN STEP	2025-11-06T10:40:33.7874447Z #14 1.180 Red Hat Universal Base Image 9 (RPMs) - BaseOS  5.3 MB/s | 531 kB     00:00    
Test OLM installation	UNKNOWN STEP	2025-11-06T10:40:34.1250048Z #14 1.518 Red Hat Universal Base Image 9 (RPMs) - AppStre 9.2 MB/s | 2.4 MB     00:00    
Test OLM installation	UNKNOWN STEP	2025-11-06T10:40:34.6071078Z #14 2.000 Red Hat Universal Base Image 9 (RPMs) - CodeRea 2.8 MB/s | 287 kB     00:00    
Test OLM installation	UNKNOWN STEP	2025-11-06T10:40:34.7536070Z #14 2.146 Dependencies resolved.
Test OLM installation	UNKNOWN STEP	2025-11-06T10:40:34.8777429Z #14 2.151 =============================================================================================
Test OLM installation	UNKNOWN STEP	2025-11-06T10:40:34.8778898Z #14 2.151  Package                    Arch    Version                       Repository             Size
Test OLM installation	UNKNOWN STEP	2025-11-06T10:40:34.8779619Z #14 2.151 =============================================================================================
Test OLM installation	UNKNOWN STEP	2025-11-06T10:40:34.8780097Z #14 2.151 Installing:
Test OLM installation	UNKNOWN STEP	2025-11-06T10:40:34.8780617Z #14 2.151  bash                       x86_64  5.1.8-9.el9                   ubi-9-baseos-rpms     1.7 M
Test OLM installation	UNKNOWN STEP	2025-11-06T10:40:34.8781474Z #14 2.151  coreutils-single           x86_64  8.32-39.el9                   ubi-9-baseos-rpms     625 k
Test OLM installation	UNKNOWN STEP	2025-11-06T10:40:34.8782377Z #14 2.151  findutils                  x86_64  1:4.8.0-7.el9                 ubi-9-baseos-rpms     550 k
Test OLM installation	UNKNOWN STEP	2025-11-06T10:40:34.8783114Z #14 2.151  glibc-langpack-en          x86_64  2.34-168.el9_6.24             ubi-9-baseos-rpms     655 k
Test OLM installation	UNKNOWN STEP	2025-11-06T10:40:34.8784135Z #14 2.151  java-21-openjdk-headless   x86_64  1:21.0.9.0.10-1.el9           ubi-9-appstream-rpms   49 M
Test OLM installation	UNKNOWN STEP	2025-11-06T10:40:34.8784630Z #14 2.151 Installing dependencies:
Test OLM installation	UNKNOWN STEP	2025-11-06T10:40:34.8785036Z #14 2.151  alsa-lib                   x86_64  1.2.13-2.el9                  ubi-9-appstream-rpms  530 k
Test OLM installation	UNKNOWN STEP	2025-11-06T10:40:34.8785578Z #14 2.151  alternatives               x86_64  1.24-2.el9                    ubi-9-baseos-rpms      42 k
Test OLM installation	UNKNOWN STEP	2025-11-06T10:40:34.8786124Z #14 2.151  avahi-libs                 x86_64  0.8-22.el9_6.1                ubi-9-baseos-rpms      67 k
Test OLM installation	UNKNOWN STEP	2025-11-06T10:40:34.8786679Z #14 2.151  basesystem                 noarch  11-13.el9                     ubi-9-baseos-rpms     8.0 k
Test OLM installation	UNKNOWN STEP	2025-11-06T10:40:34.8787226Z #14 2.151  bzip2-libs                 x86_64  1.0.8-10.el9_5                ubi-9-baseos-rpms      42 k
Test OLM installation	UNKNOWN STEP	2025-11-06T10:40:34.8788026Z #14 2.151  ca-certificates            noarch  2024.2.69_v8.0.303-91.4.el9_4 ubi-9-baseos-rpms     1.0 M
Test OLM installation	UNKNOWN STEP	2025-11-06T10:40:34.8788639Z #14 2.151  copy-jdk-configs           noarch  4.0-3.el9                     ubi-9-appstream-rpms   29 k
Test OLM installation	UNKNOWN STEP	2025-11-06T10:40:34.8789263Z #14 2.151  crypto-policies            noarch  20250128-1.git5269e22.el9     ubi-9-baseos-rpms      90 k
Test OLM installation	UNKNOWN STEP	2025-11-06T10:40:34.8789938Z #14 2.151  crypto-policies-scripts    noarch  20250128-1.git5269e22.el9     ubi-9-baseos-rpms     101 k
Test OLM installation	UNKNOWN STEP	2025-11-06T10:40:34.8790569Z #14 2.151  cups-libs                  x86_64  1:2.3.3op2-33.el9_6.1         ubi-9-baseos-rpms     260 k
Test OLM installation	UNKNOWN STEP	2025-11-06T10:40:34.8791004Z #14 2.151  dbus-libs                  x86_64  1:1.12.20-8.el9               ubi-9-baseos-rpms     154 k
Test OLM installation	UNKNOWN STEP	2025-11-06T10:40:34.8791425Z #14 2.151  expat                      x86_64  2.5.0-5.el9_6                 ubi-9-baseos-rpms     119 k
Test OLM installation	UNKNOWN STEP	2025-11-06T10:40:34.8791838Z #14 2.151  filesystem                 x86_64  3.16-5.el9                    ubi-9-baseos-rpms     4.8 M
Test OLM installation	UNKNOWN STEP	2025-11-06T10:40:34.8792241Z #14 2.151  gawk                       x86_64  5.1.0-6.el9                   ubi-9-baseos-rpms     1.0 M
Test OLM installation	UNKNOWN STEP	2025-11-06T10:40:34.8792642Z #14 2.151  gdbm-libs                  x86_64  1:1.23-1.el9                  ubi-9-baseos-rpms      59 k
Test OLM installation	UNKNOWN STEP	2025-11-06T10:40:34.8793061Z #14 2.151  glibc                      x86_64  2.34-168.el9_6.24             ubi-9-baseos-rpms     2.0 M
Test OLM installation	UNKNOWN STEP	2025-11-06T10:40:34.8793484Z #14 2.151  glibc-common               x86_64  2.34-168.el9_6.24             ubi-9-baseos-rpms     302 k
Test OLM installation	UNKNOWN STEP	2025-11-06T10:40:34.8794106Z #14 2.151  gmp                        x86_64  1:6.2.0-13.el9                ubi-9-baseos-rpms     319 k
Test OLM installation	UNKNOWN STEP	2025-11-06T10:40:34.8794927Z #14 2.151  gnutls                     x86_64  3.8.3-6.el9_6.2               ubi-9-baseos-rpms     1.1 M
Test OLM installation	UNKNOWN STEP	2025-11-06T10:40:34.8795331Z #14 2.151  grep                       x86_64  3.6-5.el9                     ubi-9-baseos-rpms     273 k
Test OLM installation	UNKNOWN STEP	2025-11-06T10:40:34.8795788Z #14 2.151  javapackages-filesystem    noarch  6.4.0-1.el9                   ubi-9-appstream-rpms   17 k
Test OLM installation	UNKNOWN STEP	2025-11-06T10:40:34.8796285Z #14 2.151  keyutils-libs              x86_64  1.6.3-1.el9                   ubi-9-baseos-rpms      34 k
Test OLM installation	UNKNOWN STEP	2025-11-06T10:40:34.8796713Z #14 2.151  krb5-libs                  x86_64  1.21.1-8.el9_6                ubi-9-baseos-rpms     766 k
Test OLM installation	UNKNOWN STEP	2025-11-06T10:40:34.8797130Z #14 2.151  libacl                     x86_64  2.3.1-4.el9                   ubi-9-baseos-rpms      24 k
Test OLM installation	UNKNOWN STEP	2025-11-06T10:40:34.8797539Z #14 2.151  libattr                    x86_64  2.5.1-3.el9                   ubi-9-baseos-rpms      20 k
Test OLM installation	UNKNOWN STEP	2025-11-06T10:40:34.8797944Z #14 2.151  libcap                     x86_64  2.48-9.el9_2                  ubi-9-baseos-rpms      74 k
Test OLM installation	UNKNOWN STEP	2025-11-06T10:40:34.8798552Z #14 2.151  libcom_err                 x86_64  1.46.5-7.el9                  ubi-9-baseos-rpms      28 k
Test OLM installation	UNKNOWN STEP	2025-11-06T10:40:34.8799116Z #14 2.151  libevent                   x86_64  2.1.12-8.el9_4                ubi-9-baseos-rpms     266 k
Test OLM installation	UNKNOWN STEP	2025-11-06T10:40:34.8799520Z #14 2.151  libffi                     x86_64  3.4.2-8.el9                   ubi-9-baseos-rpms      40 k
Test OLM installation	UNKNOWN STEP	2025-11-06T10:40:34.8799921Z #14 2.151  libgcc                     x86_64  11.5.0-5.el9_5                ubi-9-baseos-rpms      88 k
Test OLM installation	UNKNOWN STEP	2025-11-06T10:40:34.8800344Z #14 2.151  libgcrypt                  x86_64  1.10.0-11.el9                 ubi-9-baseos-rpms     510 k
Test OLM installation	UNKNOWN STEP	2025-11-06T10:40:34.8800771Z #14 2.151  libgpg-error               x86_64  1.42-5.el9                    ubi-9-baseos-rpms     220 k
Test OLM installation	UNKNOWN STEP	2025-11-06T10:40:34.8801481Z #14 2.151  libidn2                    x86_64  2.3.0-7.el9                   ubi-9-baseos-rpms     105 k
Test OLM installation	UNKNOWN STEP	2025-11-06T10:40:34.8801904Z #14 2.151  libselinux                 x86_64  3.6-3.el9                     ubi-9-baseos-rpms      88 k
Test OLM installation	UNKNOWN STEP	2025-11-06T10:40:34.8802335Z #14 2.151  libsepol                   x86_64  3.6-2.el9                     ubi-9-baseos-rpms     331 k
Test OLM installation	UNKNOWN STEP	2025-11-06T10:40:34.8802753Z #14 2.151  libsigsegv                 x86_64  2.13-4.el9                    ubi-9-baseos-rpms      30 k
Test OLM installation	UNKNOWN STEP	2025-11-06T10:40:34.8803165Z #14 2.151  libtasn1                   x86_64  4.16.0-9.el9                  ubi-9-baseos-rpms      77 k
Test OLM installation	UNKNOWN STEP	2025-11-06T10:40:34.8803764Z #14 2.151  libunistring               x86_64  0.9.10-15.el9                 ubi-9-baseos-rpms     499 k
Test OLM installation	UNKNOWN STEP	2025-11-06T10:40:34.8804274Z #14 2.151  libuuid                    x86_64  2.37.4-21.el9                 ubi-9-baseos-rpms      30 k
Test OLM installation	UNKNOWN STEP	2025-11-06T10:40:34.8804686Z #14 2.151  libverto                   x86_64  0.3.2-3.el9                   ubi-9-baseos-rpms      24 k
Test OLM installation	UNKNOWN STEP	2025-11-06T10:40:34.8805097Z #14 2.151  libxcrypt                  x86_64  4.4.18-3.el9                  ubi-9-baseos-rpms     120 k
Test OLM installation	UNKNOWN STEP	2025-11-06T10:40:34.8805524Z #14 2.151  libzstd                    x86_64  1.5.5-1.el9                   ubi-9-baseos-rpms     297 k
Test OLM installation	UNKNOWN STEP	2025-11-06T10:40:34.8805945Z #14 2.151  lksctp-tools               x86_64  1.0.19-3.el9_4                ubi-9-baseos-rpms     104 k
Test OLM installation	UNKNOWN STEP	2025-11-06T10:40:34.8806357Z #14 2.151  lua                        x86_64  5.4.4-4.el9                   ubi-9-appstream-rpms  192 k
Test OLM installation	UNKNOWN STEP	2025-11-06T10:40:34.8806743Z #14 2.151  lua-libs                   x86_64  5.4.4-4.el9                   ubi-9-baseos-rpms     132 k
Test OLM installation	UNKNOWN STEP	2025-11-06T10:40:34.8807162Z #14 2.151  lua-posix                  x86_64  35.0-8.el9                    ubi-9-appstream-rpms  155 k
Test OLM installation	UNKNOWN STEP	2025-11-06T10:40:34.8807578Z #14 2.151  lz4-libs                   x86_64  1.9.3-5.el9                   ubi-9-baseos-rpms      69 k
Test OLM installation	UNKNOWN STEP	2025-11-06T10:40:34.8807970Z #14 2.151  mpfr                       x86_64  4.1.0-7.el9                   ubi-9-baseos-rpms     329 k
Test OLM installation	UNKNOWN STEP	2025-11-06T10:40:34.8808391Z #14 2.151  ncurses-base               noarch  6.2-10.20210508.el9_6.2       ubi-9-baseos-rpms      96 k
Test OLM installation	UNKNOWN STEP	2025-11-06T10:40:34.8809283Z #14 2.151  ncurses-libs               x86_64  6.2-10.20210508.el9_6.2       ubi-9-baseos-rpms     329 k
Test OLM installation	UNKNOWN STEP	2025-11-06T10:40:34.8809976Z #14 2.151  nettle                     x86_64  3.10.1-1.el9                  ubi-9-baseos-rpms     568 k
Test OLM installation	UNKNOWN STEP	2025-11-06T10:40:34.8810388Z #14 2.151  nspr                       x86_64  4.36.0-4.el9_4                ubi-9-appstream-rpms  133 k
Test OLM installation	UNKNOWN STEP	2025-11-06T10:40:34.8810782Z #14 2.151  nss                        x86_64  3.112.0-4.el9_4               ubi-9-appstream-rpms  723 k
Test OLM installation	UNKNOWN STEP	2025-11-06T10:40:34.8811200Z #14 2.151  nss-softokn                x86_64  3.112.0-4.el9_4               ubi-9-appstream-rpms  400 k
Test OLM installation	UNKNOWN STEP	2025-11-06T10:40:34.8811732Z #14 2.151  nss-softokn-freebl         x86_64  3.112.0-4.el9_4               ubi-9-appstream-rpms  413 k
Test OLM installation	UNKNOWN STEP	2025-11-06T10:40:34.8812229Z #14 2.151  nss-sysinit                x86_64  3.112.0-4.el9_4               ubi-9-appstream-rpms   18 k
Test OLM installation	UNKNOWN STEP	2025-11-06T10:40:34.8812657Z #14 2.151  nss-util                   x86_64  3.112.0-4.el9_4               ubi-9-appstream-rpms   89 k
Test OLM installation	UNKNOWN STEP	2025-11-06T10:40:34.8813128Z #14 2.151  openssl-fips-provider      x86_64  3.0.7-6.el9_5                 ubi-9-baseos-rpms     9.4 k
Test OLM installation	UNKNOWN STEP	2025-11-06T10:40:34.8813838Z #14 2.151  openssl-fips-provider-so   x86_64  3.0.7-6.el9_5                 ubi-9-baseos-rpms     577 k
Test OLM installation	UNKNOWN STEP	2025-11-06T10:40:34.8814329Z #14 2.151  openssl-libs               x86_64  1:3.2.2-6.el9_5.1             ubi-9-baseos-rpms     2.1 M
Test OLM installation	UNKNOWN STEP	2025-11-06T10:40:34.8814753Z #14 2.151  p11-kit                    x86_64  0.25.3-3.el9_5                ubi-9-baseos-rpms     536 k
Test OLM installation	UNKNOWN STEP	2025-11-06T10:40:34.8815174Z #14 2.151  p11-kit-trust              x86_64  0.25.3-3.el9_5                ubi-9-baseos-rpms     144 k
Test OLM installation	UNKNOWN STEP	2025-11-06T10:40:34.8815590Z #14 2.151  pcre                       x86_64  8.44-4.el9                    ubi-9-baseos-rpms     200 k
Test OLM installation	UNKNOWN STEP	2025-11-06T10:40:34.8815981Z #14 2.151  pcre2                      x86_64  10.40-6.el9                   ubi-9-baseos-rpms     236 k
Test OLM installation	UNKNOWN STEP	2025-11-06T10:40:34.8816492Z #14 2.151  pcre2-syntax               noarch  10.40-6.el9                   ubi-9-baseos-rpms     144 k
Test OLM installation	UNKNOWN STEP	2025-11-06T10:40:34.8816940Z #14 2.151  python3                    x86_64  3.9.21-2.el9_6.2              ubi-9-baseos-rpms      26 k
Test OLM installation	UNKNOWN STEP	2025-11-06T10:40:34.8817370Z #14 2.151  python3-libs               x86_64  3.9.21-2.el9_6.2              ubi-9-baseos-rpms     8.1 M
Test OLM installation	UNKNOWN STEP	2025-11-06T10:40:34.8817831Z #14 2.151  python3-pip-wheel          noarch  21.3.1-1.el9                  ubi-9-baseos-rpms     1.1 M
Test OLM installation	UNKNOWN STEP	2025-11-06T10:40:34.8818336Z #14 2.151  python3-setuptools-wheel   noarch  53.0.0-13.el9_6.1             ubi-9-baseos-rpms     468 k
Test OLM installation	UNKNOWN STEP	2025-11-06T10:40:34.8818829Z #14 2.151  readline                   x86_64  8.1-4.el9                     ubi-9-baseos-rpms     215 k
Test OLM installation	UNKNOWN STEP	2025-11-06T10:40:34.8819260Z #14 2.151  redhat-release             x86_64  9.6-0.1.el9                   ubi-9-baseos-rpms      44 k
Test OLM installation	UNKNOWN STEP	2025-11-06T10:40:34.8819729Z #14 2.151  sed                        x86_64  4.8-9.el9                     ubi-9-baseos-rpms     309 k
Test OLM installation	UNKNOWN STEP	2025-11-06T10:40:34.8820391Z #14 2.151  setup                      noarch  2.13.7-10.el9                 ubi-9-baseos-rpms     150 k
Test OLM installation	UNKNOWN STEP	2025-11-06T10:40:34.8821086Z #14 2.151  sqlite-libs                x86_64  3.34.1-8.el9_6                ubi-9-baseos-rpms     618 k
Test OLM installation	UNKNOWN STEP	2025-11-06T10:40:34.8821841Z #14 2.151  systemd-libs               x86_64  252-51.el9_6.3                ubi-9-baseos-rpms     671 k
Test OLM installation	UNKNOWN STEP	2025-11-06T10:40:34.8822279Z #14 2.151  tzdata                     noarch  2025b-1.el9                   ubi-9-baseos-rpms     842 k
Test OLM installation	UNKNOWN STEP	2025-11-06T10:40:34.8822721Z #14 2.151  tzdata-java                noarch  2025b-1.el9                   ubi-9-appstream-rpms  228 k
Test OLM installation	UNKNOWN STEP	2025-11-06T10:40:34.8823150Z #14 2.151  xz-libs                    x86_64  5.2.5-8.el9_0                 ubi-9-baseos-rpms      94 k
Test OLM installation	UNKNOWN STEP	2025-11-06T10:40:34.8823848Z #14 2.151  zlib                       x86_64  1.2.11-40.el9                 ubi-9-baseos-rpms      93 k
Test OLM installation	UNKNOWN STEP	2025-11-06T10:40:34.8824362Z #14 2.151 
Test OLM installation	UNKNOWN STEP	2025-11-06T10:40:34.8824599Z #14 2.151 Transaction Summary
Test OLM installation	UNKNOWN STEP	2025-11-06T10:40:34.8825155Z #14 2.151 =============================================================================================
Test OLM installation	UNKNOWN STEP	2025-11-06T10:40:34.8825443Z #14 2.151 Install  84 Packages
Test OLM installation	UNKNOWN STEP	2025-11-06T10:40:34.8825651Z #14 2.151 
Test OLM installation	UNKNOWN STEP	2025-11-06T10:40:34.8825833Z #14 2.154 Total download size: 89 M
Test OLM installation	UNKNOWN STEP	2025-11-06T10:40:34.8826075Z #14 2.154 Installed size: 320 M
Test OLM installation	UNKNOWN STEP	2025-11-06T10:40:34.8826293Z #14 2.155 Downloading Packages:
Test OLM installation	UNKNOWN STEP	2025-11-06T10:40:34.8826635Z #14 2.197 (1/84): basesystem-11-13.el9.noarch.rpm         224 kB/s | 8.0 kB     00:00    
Test OLM installation	UNKNOWN STEP	2025-11-06T10:40:34.8827091Z #14 2.209 (2/84): avahi-libs-0.8-22.el9_6.1.x86_64.rpm    1.4 MB/s |  67 kB     00:00    
Test OLM installation	UNKNOWN STEP	2025-11-06T10:40:34.8827515Z #14 2.220 (3/84): bzip2-libs-1.0.8-10.el9_5.x86_64.rpm    3.9 MB/s |  42 kB     00:00    
Test OLM installation	UNKNOWN STEP	2025-11-06T10:40:34.8827918Z #14 2.270 (4/84): bash-5.1.8-9.el9.x86_64.rpm              23 MB/s | 1.7 MB     00:00    
Test OLM installation	UNKNOWN STEP	2025-11-06T10:40:34.9851846Z #14 2.282 (5/84): coreutils-single-8.32-39.el9.x86_64.rpm  53 MB/s | 625 kB     00:00    
Test OLM installation	UNKNOWN STEP	2025-11-06T10:40:34.9854591Z #14 2.287 (6/84): ca-certificates-2024.2.69_v8.0.303-91.4  15 MB/s | 1.0 MB     00:00    
Test OLM installation	UNKNOWN STEP	2025-11-06T10:40:34.9855513Z #14 2.288 (7/84): alternatives-1.24-2.el9.x86_64.rpm      329 kB/s |  42 kB     00:00    
Test OLM installation	UNKNOWN STEP	2025-11-06T10:40:34.9856428Z #14 2.292 (8/84): crypto-policies-20250128-1.git5269e22.e  10 MB/s |  90 kB     00:00    
Test OLM installation	UNKNOWN STEP	2025-11-06T10:40:34.9857363Z #14 2.299 (9/84): crypto-policies-scripts-20250128-1.git5 8.4 MB/s | 101 kB     00:00    
Test OLM installation	UNKNOWN STEP	2025-11-06T10:40:34.9858252Z #14 2.301 (10/84): dbus-libs-1.12.20-8.el9.x86_64.rpm      16 MB/s | 154 kB     00:00    
Test OLM installation	UNKNOWN STEP	2025-11-06T10:40:34.9859030Z #14 2.310 (11/84): expat-2.5.0-5.el9_6.x86_64.rpm          11 MB/s | 119 kB     00:00    
Test OLM installation	UNKNOWN STEP	2025-11-06T10:40:34.9859783Z #14 2.328 (12/84): findutils-4.8.0-7.el9.x86_64.rpm        31 MB/s | 550 kB     00:00    
Test OLM installation	UNKNOWN STEP	2025-11-06T10:40:34.9860539Z #14 2.349 (13/84): gawk-5.1.0-6.el9.x86_64.rpm             49 MB/s | 1.0 MB     00:00    
Test OLM installation	UNKNOWN STEP	2025-11-06T10:40:34.9861334Z #14 2.362 (14/84): filesystem-3.16-5.el9.x86_64.rpm        79 MB/s | 4.8 MB     00:00    
Test OLM installation	UNKNOWN STEP	2025-11-06T10:40:34.9862152Z #14 2.364 (15/84): gdbm-libs-1.23-1.el9.x86_64.rpm        3.9 MB/s |  59 kB     00:00    
Test OLM installation	UNKNOWN STEP	2025-11-06T10:40:34.9862951Z #14 2.378 (16/84): glibc-common-2.34-168.el9_6.24.x86_64.  22 MB/s | 302 kB     00:00    
Test OLM installation	UNKNOWN STEP	2025-11-06T10:40:35.0909411Z #14 2.388 (17/84): glibc-2.34-168.el9_6.24.x86_64.rpm      75 MB/s | 2.0 MB     00:00    
Test OLM installation	UNKNOWN STEP	2025-11-06T10:40:35.0910234Z #14 2.393 (18/84): glibc-langpack-en-2.34-168.el9_6.24.x8  42 MB/s | 655 kB     00:00    
Test OLM installation	UNKNOWN STEP	2025-11-06T10:40:35.0910711Z #14 2.399 (19/84): gmp-6.2.0-13.el9.x86_64.rpm             30 MB/s | 319 kB     00:00    
Test OLM installation	UNKNOWN STEP	2025-11-06T10:40:35.0911144Z #14 2.410 (20/84): grep-3.6-5.el9.x86_64.rpm               26 MB/s | 273 kB     00:00    
Test OLM installation	UNKNOWN STEP	2025-11-06T10:40:35.0911582Z #14 2.414 (21/84): gnutls-3.8.3-6.el9_6.2.x86_64.rpm       54 MB/s | 1.1 MB     00:00    
Test OLM installation	UNKNOWN STEP	2025-11-06T10:40:35.0912042Z #14 2.420 (22/84): keyutils-libs-1.6.3-1.el9.x86_64.rpm   3.5 MB/s |  34 kB     00:00    
Test OLM installation	UNKNOWN STEP	2025-11-06T10:40:35.0912537Z #14 2.428 (23/84): krb5-libs-1.21.1-8.el9_6.x86_64.rpm     53 MB/s | 766 kB     00:00    
Test OLM installation	UNKNOWN STEP	2025-11-06T10:40:35.0913002Z #14 2.430 (24/84): libacl-2.3.1-4.el9.x86_64.rpm          2.4 MB/s |  24 kB     00:00    
Test OLM installation	UNKNOWN STEP	2025-11-06T10:40:35.0913470Z #14 2.437 (25/84): cups-libs-2.3.3op2-33.el9_6.1.x86_64.r 1.7 MB/s | 260 kB     00:00    
Test OLM installation	UNKNOWN STEP	2025-11-06T10:40:35.0914132Z #14 2.438 (26/84): libattr-2.5.1-3.el9.x86_64.rpm         2.0 MB/s |  20 kB     00:00    
Test OLM installation	UNKNOWN STEP	2025-11-06T10:40:35.0914609Z #14 2.440 (27/84): libcap-2.48-9.el9_2.x86_64.rpm         7.4 MB/s |  74 kB     00:00    
Test OLM installation	UNKNOWN STEP	2025-11-06T10:40:35.0915070Z #14 2.450 (28/84): libffi-3.4.2-8.el9.x86_64.rpm          4.1 MB/s |  40 kB     00:00    
Test OLM installation	UNKNOWN STEP	2025-11-06T10:40:35.0915534Z #14 2.458 (29/84): libgcc-11.5.0-5.el9_5.x86_64.rpm        10 MB/s |  88 kB     00:00    
Test OLM installation	UNKNOWN STEP	2025-11-06T10:40:35.0916004Z #14 2.471 (30/84): libcom_err-1.46.5-7.el9.x86_64.rpm     874 kB/s |  28 kB     00:00    
Test OLM installation	UNKNOWN STEP	2025-11-06T10:40:35.0916477Z #14 2.472 (31/84): libevent-2.1.12-8.el9_4.x86_64.rpm     7.7 MB/s | 266 kB     00:00    
Test OLM installation	UNKNOWN STEP	2025-11-06T10:40:35.0917430Z #14 2.475 (32/84): libgcrypt-1.10.0-11.el9.x86_64.rpm      30 MB/s | 510 kB     00:00    
Test OLM installation	UNKNOWN STEP	2025-11-06T10:40:35.0917935Z #14 2.484 (33/84): libselinux-3.6-3.el9.x86_64.rpm         10 MB/s |  88 kB     00:00    
Test OLM installation	UNKNOWN STEP	2025-11-06T10:40:35.1952858Z #14 2.487 (34/84): libidn2-2.3.0-7.el9.x86_64.rpm         7.2 MB/s | 105 kB     00:00    
Test OLM installation	UNKNOWN STEP	2025-11-06T10:40:35.1953821Z #14 2.494 (35/84): libsepol-3.6-2.el9.x86_64.rpm           32 MB/s | 331 kB     00:00    
Test OLM installation	UNKNOWN STEP	2025-11-06T10:40:35.1954370Z #14 2.496 (36/84): libsigsegv-2.13-4.el9.x86_64.rpm       3.3 MB/s |  30 kB     00:00    
Test OLM installation	UNKNOWN STEP	2025-11-06T10:40:35.1954909Z #14 2.503 (37/84): libtasn1-4.16.0-9.el9.x86_64.rpm       8.7 MB/s |  77 kB     00:00    
Test OLM installation	UNKNOWN STEP	2025-11-06T10:40:35.1955441Z #14 2.508 (38/84): libunistring-0.9.10-15.el9.x86_64.rpm   43 MB/s | 499 kB     00:00    
Test OLM installation	UNKNOWN STEP	2025-11-06T10:40:35.1955966Z #14 2.512 (39/84): libuuid-2.37.4-21.el9.x86_64.rpm       3.4 MB/s |  30 kB     00:00    
Test OLM installation	UNKNOWN STEP	2025-11-06T10:40:35.1956489Z #14 2.516 (40/84): libgpg-error-1.42-5.el9.x86_64.rpm     4.7 MB/s | 220 kB     00:00    
Test OLM installation	UNKNOWN STEP	2025-11-06T10:40:35.1957054Z #14 2.518 (41/84): libverto-0.3.2-3.el9.x86_64.rpm        2.5 MB/s |  24 kB     00:00    
Test OLM installation	UNKNOWN STEP	2025-11-06T10:40:35.1957578Z #14 2.523 (42/84): libxcrypt-4.4.18-3.el9.x86_64.rpm       12 MB/s | 120 kB     00:00    
Test OLM installation	UNKNOWN STEP	2025-11-06T10:40:35.1958110Z #14 2.528 (43/84): lksctp-tools-1.0.19-3.el9_4.x86_64.rpm  11 MB/s | 104 kB     00:00    
Test OLM installation	UNKNOWN STEP	2025-11-06T10:40:35.1958626Z #14 2.533 (44/84): lua-libs-5.4.4-4.el9.x86_64.rpm         12 MB/s | 132 kB     00:00    
Test OLM installation	UNKNOWN STEP	2025-11-06T10:40:35.1959127Z #14 2.537 (45/84): lz4-libs-1.9.3-5.el9.x86_64.rpm        7.8 MB/s |  69 kB     00:00    
Test OLM installation	UNKNOWN STEP	2025-11-06T10:40:35.1959611Z #14 2.544 (46/84): mpfr-4.1.0-7.el9.x86_64.rpm             31 MB/s | 329 kB     00:00    
Test OLM installation	UNKNOWN STEP	2025-11-06T10:40:35.1960122Z #14 2.546 (47/84): ncurses-base-6.2-10.20210508.el9_6.2.n  10 MB/s |  96 kB     00:00    
Test OLM installation	UNKNOWN STEP	2025-11-06T10:40:35.1960655Z #14 2.557 (48/84): ncurses-libs-6.2-10.20210508.el9_6.2.x  26 MB/s | 329 kB     00:00    
Test OLM installation	UNKNOWN STEP	2025-11-06T10:40:35.1961182Z #14 2.561 (49/84): nettle-3.10.1-1.el9.x86_64.rpm          38 MB/s | 568 kB     00:00    
Test OLM installation	UNKNOWN STEP	2025-11-06T10:40:35.1961676Z #14 2.563 (50/84): libzstd-1.5.5-1.el9.x86_64.rpm         6.3 MB/s | 297 kB     00:00    
Test OLM installation	UNKNOWN STEP	2025-11-06T10:40:35.1962221Z #14 2.566 (51/84): openssl-fips-provider-3.0.7-6.el9_5.x8 1.1 MB/s | 9.4 kB     00:00    
Test OLM installation	UNKNOWN STEP	2025-11-06T10:40:35.1962819Z #14 2.574 (52/84): openssl-fips-provider-so-3.0.7-6.el9_5  45 MB/s | 577 kB     00:00    
Test OLM installation	UNKNOWN STEP	2025-11-06T10:40:35.1963375Z #14 2.579 (53/84): p11-kit-0.25.3-3.el9_5.x86_64.rpm       42 MB/s | 536 kB     00:00    
Test OLM installation	UNKNOWN STEP	2025-11-06T10:40:35.1964096Z #14 2.588 (54/84): pcre-8.44-4.el9.x86_64.rpm              21 MB/s | 200 kB     00:00    
Test OLM installation	UNKNOWN STEP	2025-11-06T10:40:35.3022270Z #14 2.599 (55/84): pcre2-10.40-6.el9.x86_64.rpm            23 MB/s | 236 kB     00:00    
Test OLM installation	UNKNOWN STEP	2025-11-06T10:40:35.3023064Z #14 2.600 (56/84): p11-kit-trust-0.25.3-3.el9_5.x86_64.rp 5.5 MB/s | 144 kB     00:00    
Test OLM installation	UNKNOWN STEP	2025-11-06T10:40:35.3023930Z #14 2.608 (57/84): pcre2-syntax-10.40-6.el9.noarch.rpm     16 MB/s | 144 kB     00:00    
Test OLM installation	UNKNOWN STEP	2025-11-06T10:40:35.3024526Z #14 2.610 (58/84): python3-3.9.21-2.el9_6.2.x86_64.rpm    2.8 MB/s |  26 kB     00:00    
Test OLM installation	UNKNOWN STEP	2025-11-06T10:40:35.3025083Z #14 2.636 (59/84): python3-pip-wheel-21.3.1-1.el9.noarch.  44 MB/s | 1.1 MB     00:00    
Test OLM installation	UNKNOWN STEP	2025-11-06T10:40:35.3025669Z #14 2.650 (60/84): python3-setuptools-wheel-53.0.0-13.el9  33 MB/s | 468 kB     00:00    
Test OLM installation	UNKNOWN STEP	2025-11-06T10:40:35.3026228Z #14 2.670 (61/84): openssl-libs-3.2.2-6.el9_5.1.x86_64.rp  20 MB/s | 2.1 MB     00:00    
Test OLM installation	UNKNOWN STEP	2025-11-06T10:40:35.3026753Z #14 2.695 (62/84): python3-libs-3.9.21-2.el9_6.2.x86_64.r  94 MB/s | 8.1 MB     00:00    
Test OLM installation	UNKNOWN STEP	2025-11-06T10:40:35.4185752Z #14 2.696 (63/84): readline-8.1-4.el9.x86_64.rpm          4.6 MB/s | 215 kB     00:00    
Test OLM installation	UNKNOWN STEP	2025-11-06T10:40:35.4186667Z #14 2.706 (64/84): setup-2.13.7-10.el9.noarch.rpm          16 MB/s | 150 kB     00:00    
Test OLM installation	UNKNOWN STEP	2025-11-06T10:40:35.4187414Z #14 2.708 (65/84): redhat-release-9.6-0.1.el9.x86_64.rpm  1.1 MB/s |  44 kB     00:00    
Test OLM installation	UNKNOWN STEP	2025-11-06T10:40:35.4188502Z #14 2.718 (66/84): sqlite-libs-3.34.1-8.el9_6.x86_64.rpm   52 MB/s | 618 kB     00:00    
Test OLM installation	UNKNOWN STEP	2025-11-06T10:40:35.4189388Z #14 2.721 (67/84): sed-4.8-9.el9.x86_64.rpm                12 MB/s | 309 kB     00:00    
Test OLM installation	UNKNOWN STEP	2025-11-06T10:40:35.4190061Z #14 2.731 (68/84): xz-libs-5.2.5-8.el9_0.x86_64.rpm       9.7 MB/s |  94 kB     00:00    
Test OLM installation	UNKNOWN STEP	2025-11-06T10:40:35.4190770Z #14 2.734 (69/84): tzdata-2025b-1.el9.noarch.rpm           53 MB/s | 842 kB     00:00    
Test OLM installation	UNKNOWN STEP	2025-11-06T10:40:35.4191523Z #14 2.743 (70/84): systemd-libs-252-51.el9_6.3.x86_64.rpm  19 MB/s | 671 kB     00:00    
Test OLM installation	UNKNOWN STEP	2025-11-06T10:40:35.4192258Z #14 2.744 (71/84): zlib-1.2.11-40.el9.x86_64.rpm          7.0 MB/s |  93 kB     00:00    
Test OLM installation	UNKNOWN STEP	2025-11-06T10:40:35.4193010Z #14 2.745 (72/84): copy-jdk-configs-4.0-3.el9.noarch.rpm  2.6 MB/s |  29 kB     00:00    
Test OLM installation	UNKNOWN STEP	2025-11-06T10:40:35.4194391Z #14 2.756 (73/84): lua-posix-35.0-8.el9.x86_64.rpm         13 MB/s | 155 kB     00:00    
Test OLM installation	UNKNOWN STEP	2025-11-06T10:40:35.4195043Z #14 2.760 (74/84): alsa-lib-1.2.13-2.el9.x86_64.rpm        35 MB/s | 530 kB     00:00    
Test OLM installation	UNKNOWN STEP	2025-11-06T10:40:35.4195535Z #14 2.769 (75/84): javapackages-filesystem-6.4.0-1.el9.no 2.0 MB/s |  17 kB     00:00    
Test OLM installation	UNKNOWN STEP	2025-11-06T10:40:35.4195981Z #14 2.773 (76/84): lua-5.4.4-4.el9.x86_64.rpm             6.2 MB/s | 192 kB     00:00    
Test OLM installation	UNKNOWN STEP	2025-11-06T10:40:35.4196692Z #14 2.780 (77/84): nspr-4.36.0-4.el9_4.x86_64.rpm          12 MB/s | 133 kB     00:00    
Test OLM installation	UNKNOWN STEP	2025-11-06T10:40:35.4197399Z #14 2.793 (78/84): nss-softokn-3.112.0-4.el9_4.x86_64.rpm  30 MB/s | 400 kB     00:00    
Test OLM installation	UNKNOWN STEP	2025-11-06T10:40:35.4198096Z #14 2.811 (79/84): nss-3.112.0-4.el9_4.x86_64.rpm          19 MB/s | 723 kB     00:00    
Test OLM installation	UNKNOWN STEP	2025-11-06T10:40:35.5989431Z #14 2.814 (80/84): nss-softokn-freebl-3.112.0-4.el9_4.x86  20 MB/s | 413 kB     00:00    
Test OLM installation	UNKNOWN STEP	2025-11-06T10:40:35.5991233Z #14 2.825 (81/84): nss-util-3.112.0-4.el9_4.x86_64.rpm    7.9 MB/s |  89 kB     00:00    
Test OLM installation	UNKNOWN STEP	2025-11-06T10:40:35.5992121Z #14 2.838 (82/84): tzdata-java-2025b-1.el9.noarch.rpm      18 MB/s | 228 kB     00:00    
Test OLM installation	UNKNOWN STEP	2025-11-06T10:40:35.5992970Z #14 2.841 (83/84): nss-sysinit-3.112.0-4.el9_4.x86_64.rpm 631 kB/s |  18 kB     00:00    
Test OLM installation	UNKNOWN STEP	2025-11-06T10:40:35.7443849Z #14 3.137 (84/84): java-21-openjdk-headless-21.0.9.0.10-1 130 MB/s |  49 MB     00:00    
Test OLM installation	UNKNOWN STEP	2025-11-06T10:40:35.8970203Z #14 3.143 --------------------------------------------------------------------------------
Test OLM installation	UNKNOWN STEP	2025-11-06T10:40:35.8970921Z #14 3.144 Total                                            90 MB/s |  89 MB     00:00     
Test OLM installation	UNKNOWN STEP	2025-11-06T10:40:35.8971643Z #14 3.163 Red Hat Universal Base Image 9 (RPMs) - BaseOS  3.5 MB/s | 3.6 kB     00:00    
Test OLM installation	UNKNOWN STEP	2025-11-06T10:40:35.8972291Z #14 3.290 Importing GPG key 0xFD431D51:
Test OLM installation	UNKNOWN STEP	2025-11-06T10:40:35.8972857Z #14 3.290  Userid     : "Red Hat, Inc. (release key 2) <security@redhat.com>"
Test OLM installation	UNKNOWN STEP	2025-11-06T10:40:35.8973793Z #14 3.290  Fingerprint: 567E 347A D004 4ADE 55BA 8A5F 199E 2F91 FD43 1D51
Test OLM installation	UNKNOWN STEP	2025-11-06T10:40:35.8974532Z #14 3.290  From       : /etc/pki/rpm-gpg/RPM-GPG-KEY-redhat-release
Test OLM installation	UNKNOWN STEP	2025-11-06T10:40:36.0558105Z #14 3.295 Key imported successfully
Test OLM installation	UNKNOWN STEP	2025-11-06T10:40:36.0563312Z #14 3.295 Importing GPG key 0x5A6340B3:
Test OLM installation	UNKNOWN STEP	2025-11-06T10:40:36.0564266Z #14 3.295  Userid     : "Red Hat, Inc. (auxiliary key 3) <security@redhat.com>"
Test OLM installation	UNKNOWN STEP	2025-11-06T10:40:36.0565056Z #14 3.295  Fingerprint: 7E46 2425 8C40 6535 D56D 6F13 5054 E4A4 5A63 40B3
Test OLM installation	UNKNOWN STEP	2025-11-06T10:40:36.0565778Z #14 3.295  From       : /etc/pki/rpm-gpg/RPM-GPG-KEY-redhat-release
Test OLM installation	UNKNOWN STEP	2025-11-06T10:40:36.0566358Z #14 3.298 Key imported successfully
Test OLM installation	UNKNOWN STEP	2025-11-06T10:40:37.7865221Z #14 5.179 Running transaction check
Test OLM installation	UNKNOWN STEP	2025-11-06T10:40:37.9931830Z #14 5.235 Transaction check succeeded.
Test OLM installation	UNKNOWN STEP	2025-11-06T10:40:37.9932616Z #14 5.235 Running transaction test
Test OLM installation	UNKNOWN STEP	2025-11-06T10:40:38.5057451Z #14 5.898 Transaction test succeeded.
Test OLM installation	UNKNOWN STEP	2025-11-06T10:40:38.6568891Z #14 5.899 Running transaction
Test OLM installation	UNKNOWN STEP	2025-11-06T10:40:39.0782804Z #14 6.318   Running scriptlet: filesystem-3.16-5.el9.x86_64                           1/1 
Test OLM installation	UNKNOWN STEP	2025-11-06T10:40:39.0784062Z #14 6.319   Running scriptlet: copy-jdk-configs-4.0-3.el9.noarch                      1/1 
Test OLM installation	UNKNOWN STEP	2025-11-06T10:40:39.2023987Z #14 6.321   Running scriptlet: java-21-openjdk-headless-1:21.0.9.0.10-1.el9.x86_64    1/1 
Test OLM installation	UNKNOWN STEP	2025-11-06T10:40:39.3624542Z #14 6.595   Preparing        :                                                        1/1 
Test OLM installation	UNKNOWN STEP	2025-11-06T10:40:39.3625354Z #14 6.602   Installing       : libgcc-11.5.0-5.el9_5.x86_64                          1/84 
Test OLM installation	UNKNOWN STEP	2025-11-06T10:40:39.3994703Z #14 6.605   Running scriptlet: libgcc-11.5.0-5.el9_5.x86_64                          1/84 
Test OLM installation	UNKNOWN STEP	2025-11-06T10:40:39.5130674Z #14 6.792   Installing       : tzdata-2025b-1.el9.noarch                             2/84 
Test OLM installation	UNKNOWN STEP	2025-11-06T10:40:39.5131833Z #14 6.839   Installing       : tzdata-java-2025b-1.el9.noarch                        3/84 
Test OLM installation	UNKNOWN STEP	2025-11-06T10:40:39.5132714Z #14 6.845   Installing       : javapackages-filesystem-6.4.0-1.el9.noarch            4/84 
Test OLM installation	UNKNOWN STEP	2025-11-06T10:40:39.5133323Z #14 6.852   Installing       : redhat-release-9.6-0.1.el9.x86_64                     5/84 
Test OLM installation	UNKNOWN STEP	2025-11-06T10:40:39.5134204Z #14 6.860   Installing       : setup-2.13.7-10.el9.noarch                            6/84 
Test OLM installation	UNKNOWN STEP	2025-11-06T10:40:39.5134804Z #14 6.861   Running scriptlet: setup-2.13.7-10.el9.noarch                            6/84 
Test OLM installation	UNKNOWN STEP	2025-11-06T10:40:39.6548668Z #14 6.906   Installing       : filesystem-3.16-5.el9.x86_64                          7/84 
Test OLM installation	UNKNOWN STEP	2025-11-06T10:40:39.6549550Z #14 6.955   Installing       : basesystem-11-13.el9.noarch                           8/84 
Test OLM installation	UNKNOWN STEP	2025-11-06T10:40:39.6550159Z #14 6.958   Installing       : python3-setuptools-wheel-53.0.0-13.el9_6.1.noarch     9/84 
Test OLM installation	UNKNOWN STEP	2025-11-06T10:40:39.6550755Z #14 6.961   Installing       : pcre2-syntax-10.40-6.el9.noarch                      10/84 
Test OLM installation	UNKNOWN STEP	2025-11-06T10:40:39.6551309Z #14 6.981   Installing       : ncurses-base-6.2-10.20210508.el9_6.2.noarch          11/84 
Test OLM installation	UNKNOWN STEP	2025-11-06T10:40:39.8581345Z #14 7.048   Installing       : glibc-langpack-en-2.34-168.el9_6.24.x86_64           12/84 
Test OLM installation	UNKNOWN STEP	2025-11-06T10:40:39.8582217Z #14 7.062   Installing       : glibc-common-2.34-168.el9_6.24.x86_64                13/84 
Test OLM installation	UNKNOWN STEP	2025-11-06T10:40:39.8583070Z #14 7.065   Running scriptlet: glibc-2.34-168.el9_6.24.x86_64                       14/84 
Test OLM installation	UNKNOWN STEP	2025-11-06T10:40:39.8584132Z #14 7.098   Installing       : glibc-2.34-168.el9_6.24.x86_64                       14/84 
Test OLM installation	UNKNOWN STEP	2025-11-06T10:40:40.2094705Z #14 7.101   Running scriptlet: glibc-2.34-168.el9_6.24.x86_64                       14/84 
Test OLM installation	UNKNOWN STEP	2025-11-06T10:40:40.3108122Z #14 7.602   Installing       : ncurses-libs-6.2-10.20210508.el9_6.2.x86_64          15/84 
Test OLM installation	UNKNOWN STEP	2025-11-06T10:40:40.3109080Z #14 7.618   Installing       : bash-5.1.8-9.el9.x86_64                              16/84 
Test OLM installation	UNKNOWN STEP	2025-11-06T10:40:40.3109678Z #14 7.621   Running scriptlet: bash-5.1.8-9.el9.x86_64                              16/84 
Test OLM installation	UNKNOWN STEP	2025-11-06T10:40:40.3110270Z #14 7.637   Installing       : crypto-policies-20250128-1.git5269e22.el9.noarch     17/84 
Test OLM installation	UNKNOWN STEP	2025-11-06T10:40:40.3110884Z #14 7.639   Running scriptlet: crypto-policies-20250128-1.git5269e22.el9.noarch     17/84 
Test OLM installation	UNKNOWN STEP	2025-11-06T10:40:40.3111446Z #14 7.643   Installing       : nspr-4.36.0-4.el9_4.x86_64                           18/84 
Test OLM installation	UNKNOWN STEP	2025-11-06T10:40:40.3112244Z #14 7.647   Installing       : nss-util-3.112.0-4.el9_4.x86_64                      19/84 
Test OLM installation	UNKNOWN STEP	2025-11-06T10:40:40.3112786Z #14 7.650   Installing       : zlib-1.2.11-40.el9.x86_64                            20/84 
Test OLM installation	UNKNOWN STEP	2025-11-06T10:40:40.3113310Z #14 7.655   Installing       : readline-8.1-4.el9.x86_64                            21/84 
Test OLM installation	UNKNOWN STEP	2025-11-06T10:40:40.3114238Z #14 7.658   Installing       : libtasn1-4.16.0-9.el9.x86_64                         22/84 
Test OLM installation	UNKNOWN STEP	2025-11-06T10:40:40.3114866Z #14 7.662   Installing       : libxcrypt-4.4.18-3.el9.x86_64                        23/84 
Test OLM installation	UNKNOWN STEP	2025-11-06T10:40:40.3115399Z #14 7.669   Installing       : sqlite-libs-3.34.1-8.el9_6.x86_64                    24/84 
Test OLM installation	UNKNOWN STEP	2025-11-06T10:40:40.3115942Z #14 7.672   Installing       : alternatives-1.24-2.el9.x86_64                       25/84 
Test OLM installation	UNKNOWN STEP	2025-11-06T10:40:40.3116468Z #14 7.678   Installing       : gmp-1:6.2.0-13.el9.x86_64                            26/84 
Test OLM installation	UNKNOWN STEP	2025-11-06T10:40:40.3116995Z #14 7.680   Installing       : libattr-2.5.1-3.el9.x86_64                           27/84 
Test OLM installation	UNKNOWN STEP	2025-11-06T10:40:40.3117938Z #14 7.683   Installing       : libacl-2.3.1-4.el9.x86_64                            28/84 
Test OLM installation	UNKNOWN STEP	2025-11-06T10:40:40.3118472Z #14 7.688   Installing       : libcap-2.48-9.el9_2.x86_64                           29/84 
Test OLM installation	UNKNOWN STEP	2025-11-06T10:40:40.3118993Z #14 7.693   Installing       : libffi-3.4.2-8.el9.x86_64                            30/84 
Test OLM installation	UNKNOWN STEP	2025-11-06T10:40:40.4688225Z #14 7.704   Installing       : p11-kit-0.25.3-3.el9_5.x86_64                        31/84 
Test OLM installation	UNKNOWN STEP	2025-11-06T10:40:40.4689083Z #14 7.710   Installing       : p11-kit-trust-0.25.3-3.el9_5.x86_64                  32/84 
Test OLM installation	UNKNOWN STEP	2025-11-06T10:40:40.5745716Z #14 7.711   Running scriptlet: p11-kit-trust-0.25.3-3.el9_5.x86_64                  32/84 
Test OLM installation	UNKNOWN STEP	2025-11-06T10:40:40.6761629Z #14 7.967   Installing       : libsigsegv-2.13-4.el9.x86_64                         33/84 
Test OLM installation	UNKNOWN STEP	2025-11-06T10:40:40.6762701Z #14 7.977   Installing       : libunistring-0.9.10-15.el9.x86_64                    34/84 
Test OLM installation	UNKNOWN STEP	2025-11-06T10:40:40.6763533Z #14 7.983   Installing       : lua-libs-5.4.4-4.el9.x86_64                          35/84 
Test OLM installation	UNKNOWN STEP	2025-11-06T10:40:40.6764324Z #14 7.987   Installing       : xz-libs-5.2.5-8.el9_0.x86_64                         36/84 
Test OLM installation	UNKNOWN STEP	2025-11-06T10:40:40.6764754Z #14 7.992   Installing       : lua-5.4.4-4.el9.x86_64                               37/84 
Test OLM installation	UNKNOWN STEP	2025-11-06T10:40:40.6765180Z #14 8.006   Installing       : lua-posix-35.0-8.el9.x86_64                          38/84 
Test OLM installation	UNKNOWN STEP	2025-11-06T10:40:40.6765627Z #14 8.010   Installing       : libidn2-2.3.0-7.el9.x86_64                           39/84 
Test OLM installation	UNKNOWN STEP	2025-11-06T10:40:40.6766036Z #14 8.016   Installing       : mpfr-4.1.0-7.el9.x86_64                              40/84 
Test OLM installation	UNKNOWN STEP	2025-11-06T10:40:40.6766439Z #14 8.031   Installing       : gawk-5.1.0-6.el9.x86_64                              41/84 
Test OLM installation	UNKNOWN STEP	2025-11-06T10:40:40.6766865Z #14 8.039   Installing       : nss-softokn-freebl-3.112.0-4.el9_4.x86_64            42/84 
Test OLM installation	UNKNOWN STEP	2025-11-06T10:40:40.6767302Z #14 8.048   Installing       : nss-softokn-3.112.0-4.el9_4.x86_64                   43/84 
Test OLM installation	UNKNOWN STEP	2025-11-06T10:40:40.6767955Z #14 8.054   Installing       : lksctp-tools-1.0.19-3.el9_4.x86_64                   44/84 
Test OLM installation	UNKNOWN STEP	2025-11-06T10:40:40.6768406Z #14 8.057   Installing       : bzip2-libs-1.0.8-10.el9_5.x86_64                     45/84 
Test OLM installation	UNKNOWN STEP	2025-11-06T10:40:40.6769105Z #14 8.061   Installing       : expat-2.5.0-5.el9_6.x86_64                           46/84 
Test OLM installation	UNKNOWN STEP	2025-11-06T10:40:40.6769812Z #14 8.066   Installing       : gdbm-libs-1:1.23-1.el9.x86_64                        47/84 
Test OLM installation	UNKNOWN STEP	2025-11-06T10:40:40.7765782Z #14 8.069   Installing       : keyutils-libs-1.6.3-1.el9.x86_64                     48/84 
Test OLM installation	UNKNOWN STEP	2025-11-06T10:40:40.7766557Z #14 8.073   Installing       : libcom_err-1.46.5-7.el9.x86_64                       49/84 
Test OLM installation	UNKNOWN STEP	2025-11-06T10:40:40.7767127Z #14 8.078   Installing       : libgpg-error-1.42-5.el9.x86_64                       50/84 
Test OLM installation	UNKNOWN STEP	2025-11-06T10:40:40.7767680Z #14 8.085   Installing       : libgcrypt-1.10.0-11.el9.x86_64                       51/84 
Test OLM installation	UNKNOWN STEP	2025-11-06T10:40:40.7768236Z #14 8.093   Installing       : libsepol-3.6-2.el9.x86_64                            52/84 
Test OLM installation	UNKNOWN STEP	2025-11-06T10:40:40.7768777Z #14 8.096   Installing       : libuuid-2.37.4-21.el9.x86_64                         53/84 
Test OLM installation	UNKNOWN STEP	2025-11-06T10:40:40.7769307Z #14 8.099   Installing       : libverto-0.3.2-3.el9.x86_64                          54/84 
Test OLM installation	UNKNOWN STEP	2025-11-06T10:40:40.7769837Z #14 8.104   Installing       : libzstd-1.5.5-1.el9.x86_64                           55/84 
Test OLM installation	UNKNOWN STEP	2025-11-06T10:40:40.7770370Z #14 8.107   Installing       : lz4-libs-1.9.3-5.el9.x86_64                          56/84 
Test OLM installation	UNKNOWN STEP	2025-11-06T10:40:40.7770897Z #14 8.114   Installing       : nettle-3.10.1-1.el9.x86_64                           57/84 
Test OLM installation	UNKNOWN STEP	2025-11-06T10:40:40.7771586Z #14 8.126   Installing       : gnutls-3.8.3-6.el9_6.2.x86_64                        58/84 
Test OLM installation	UNKNOWN STEP	2025-11-06T10:40:40.7772249Z #14 8.132   Installing       : pcre-8.44-4.el9.x86_64                               59/84 
Test OLM installation	UNKNOWN STEP	2025-11-06T10:40:40.7772703Z #14 8.138   Installing       : grep-3.6-5.el9.x86_64                                60/84 
Test OLM installation	UNKNOWN STEP	2025-11-06T10:40:40.7773734Z #14 8.144   Installing       : pcre2-10.40-6.el9.x86_64                             61/84 
Test OLM installation	UNKNOWN STEP	2025-11-06T10:40:40.7774222Z #14 8.148   Installing       : libselinux-3.6-3.el9.x86_64                          62/84 
Test OLM installation	UNKNOWN STEP	2025-11-06T10:40:40.9360626Z #14 8.169   Installing       : coreutils-single-8.32-39.el9.x86_64                  63/84 
Test OLM installation	UNKNOWN STEP	2025-11-06T10:40:40.9361642Z #14 8.175   Installing       : sed-4.8-9.el9.x86_64                                 64/84 
Test OLM installation	UNKNOWN STEP	2025-11-06T10:40:41.0477008Z #14 8.178   Running scriptlet: ca-certificates-2024.2.69_v8.0.303-91.4.el9_4.noar   65/84 
Test OLM installation	UNKNOWN STEP	2025-11-06T10:40:41.2018688Z #14 8.440   Installing       : ca-certificates-2024.2.69_v8.0.303-91.4.el9_4.noar   65/84 
Test OLM installation	UNKNOWN STEP	2025-11-06T10:40:42.1846300Z #14 8.444   Running scriptlet: ca-certificates-2024.2.69_v8.0.303-91.4.el9_4.noar   65/84 
Test OLM installation	UNKNOWN STEP	2025-11-06T10:40:42.3966729Z #14 9.577   Installing       : python3-pip-wheel-21.3.1-1.el9.noarch                66/84 
Test OLM installation	UNKNOWN STEP	2025-11-06T10:40:42.3967431Z #14 9.584   Installing       : openssl-fips-provider-so-3.0.7-6.el9_5.x86_64        67/84 
Test OLM installation	UNKNOWN STEP	2025-11-06T10:40:42.3968031Z #14 9.586   Installing       : openssl-fips-provider-3.0.7-6.el9_5.x86_64           68/84 
Test OLM installation	UNKNOWN STEP	2025-11-06T10:40:42.3968791Z #14 9.610   Installing       : openssl-libs-1:3.2.2-6.el9_5.1.x86_64                69/84 
Test OLM installation	UNKNOWN STEP	2025-11-06T10:40:42.3969320Z #14 9.626   Installing       : krb5-libs-1.21.1-8.el9_6.x86_64                      70/84 
Test OLM installation	UNKNOWN STEP	2025-11-06T10:40:42.3969853Z #14 9.635   Installing       : libevent-2.1.12-8.el9_4.x86_64                       71/84 
Test OLM installation	UNKNOWN STEP	2025-11-06T10:40:42.5965948Z #14 9.639   Installing       : python3-3.9.21-2.el9_6.2.x86_64                      72/84 
Test OLM installation	UNKNOWN STEP	2025-11-06T10:40:42.7855246Z #14 9.989   Installing       : python3-libs-3.9.21-2.el9_6.2.x86_64                 73/84 
Test OLM installation	UNKNOWN STEP	2025-11-06T10:40:42.7856214Z #14 10.01   Installing       : crypto-policies-scripts-20250128-1.git5269e22.el9.   74/84 
Test OLM installation	UNKNOWN STEP	2025-11-06T10:40:42.7857117Z #14 10.01   Installing       : nss-sysinit-3.112.0-4.el9_4.x86_64                   75/84 
Test OLM installation	UNKNOWN STEP	2025-11-06T10:40:42.7858086Z #14 10.03   Installing       : nss-3.112.0-4.el9_4.x86_64                           76/84 
Test OLM installation	UNKNOWN STEP	2025-11-06T10:40:42.8927480Z #14 10.03   Running scriptlet: nss-3.112.0-4.el9_4.x86_64                           76/84 
Test OLM installation	UNKNOWN STEP	2025-11-06T10:40:43.0459914Z #14 10.29   Installing       : systemd-libs-252-51.el9_6.3.x86_64                   77/84 
Test OLM installation	UNKNOWN STEP	2025-11-06T10:40:43.1582947Z #14 10.29   Running scriptlet: systemd-libs-252-51.el9_6.3.x86_64                   77/84 
Test OLM installation	UNKNOWN STEP	2025-11-06T10:40:43.3461294Z #14 10.55   Installing       : dbus-libs-1:1.12.20-8.el9.x86_64                     78/84 
Test OLM installation	UNKNOWN STEP	2025-11-06T10:40:43.3462105Z #14 10.56   Installing       : avahi-libs-0.8-22.el9_6.1.x86_64                     79/84 
Test OLM installation	UNKNOWN STEP	2025-11-06T10:40:43.3462615Z #14 10.56   Installing       : cups-libs-1:2.3.3op2-33.el9_6.1.x86_64               80/84 
Test OLM installation	UNKNOWN STEP	2025-11-06T10:40:43.3463340Z #14 10.57   Installing       : findutils-1:4.8.0-7.el9.x86_64                       81/84 
Test OLM installation	UNKNOWN STEP	2025-11-06T10:40:43.3464250Z #14 10.57   Installing       : copy-jdk-configs-4.0-3.el9.noarch                    82/84 
Test OLM installation	UNKNOWN STEP	2025-11-06T10:40:45.9112275Z #14 10.59   Installing       : alsa-lib-1.2.13-2.el9.x86_64                         83/84 
Test OLM installation	UNKNOWN STEP	2025-11-06T10:40:46.0684225Z #14 13.30   Installing       : java-21-openjdk-headless-1:21.0.9.0.10-1.el9.x86_6   84/84 
Test OLM installation	UNKNOWN STEP	2025-11-06T10:40:46.1789311Z #14 13.31   Running scriptlet: java-21-openjdk-headless-1:21.0.9.0.10-1.el9.x86_6   84/84 
Test OLM installation	UNKNOWN STEP	2025-11-06T10:40:46.4302299Z #14 13.57   Running scriptlet: filesystem-3.16-5.el9.x86_64                         84/84 
Test OLM installation	UNKNOWN STEP	2025-11-06T10:40:47.5681515Z #14 13.82   Running scriptlet: ca-certificates-2024.2.69_v8.0.303-91.4.el9_4.noar   84/84 
Test OLM installation	UNKNOWN STEP	2025-11-06T10:40:48.1641037Z #14 14.96   Running scriptlet: crypto-policies-scripts-20250128-1.git5269e22.el9.   84/84 
Test OLM installation	UNKNOWN STEP	2025-11-06T10:40:48.7639335Z #14 15.56   Running scriptlet: nss-3.112.0-4.el9_4.x86_64                           84/84 
Test OLM installation	UNKNOWN STEP	2025-11-06T10:40:49.0177091Z #14 16.16   Running scriptlet: copy-jdk-configs-4.0-3.el9.noarch                    84/84 
Test OLM installation	UNKNOWN STEP	2025-11-06T10:40:49.5836924Z #14 16.41   Running scriptlet: java-21-openjdk-headless-1:21.0.9.0.10-1.el9.x86_6   84/84 
Test OLM installation	UNKNOWN STEP	2025-11-06T10:40:49.5840642Z #14 16.98   Verifying        : alternatives-1.24-2.el9.x86_64                        1/84 
Test OLM installation	UNKNOWN STEP	2025-11-06T10:40:49.7823153Z #14 16.98   Verifying        : avahi-libs-0.8-22.el9_6.1.x86_64                      2/84 
Test OLM installation	UNKNOWN STEP	2025-11-06T10:40:49.7825368Z #14 16.98   Verifying        : basesystem-11-13.el9.noarch                           3/84 
Test OLM installation	UNKNOWN STEP	2025-11-06T10:40:49.7826909Z #14 16.98   Verifying        : bash-5.1.8-9.el9.x86_64                               4/84 
Test OLM installation	UNKNOWN STEP	2025-11-06T10:40:49.7827666Z #14 16.98   Verifying        : bzip2-libs-1.0.8-10.el9_5.x86_64                      5/84 
Test OLM installation	UNKNOWN STEP	2025-11-06T10:40:49.7828447Z #14 16.98   Verifying        : ca-certificates-2024.2.69_v8.0.303-91.4.el9_4.noar    6/84 
Test OLM installation	UNKNOWN STEP	2025-11-06T10:40:49.7829234Z #14 16.98   Verifying        : coreutils-single-8.32-39.el9.x86_64                   7/84 
Test OLM installation	UNKNOWN STEP	2025-11-06T10:40:49.7830052Z #14 16.98   Verifying        : crypto-policies-20250128-1.git5269e22.el9.noarch      8/84 
Test OLM installation	UNKNOWN STEP	2025-11-06T10:40:49.7830969Z #14 16.98   Verifying        : crypto-policies-scripts-20250128-1.git5269e22.el9.    9/84 
Test OLM installation	UNKNOWN STEP	2025-11-06T10:40:49.7831808Z #14 16.98   Verifying        : cups-libs-1:2.3.3op2-33.el9_6.1.x86_64               10/84 
Test OLM installation	UNKNOWN STEP	2025-11-06T10:40:49.7832568Z #14 16.98   Verifying        : dbus-libs-1:1.12.20-8.el9.x86_64                     11/84 
Test OLM installation	UNKNOWN STEP	2025-11-06T10:40:49.7833293Z #14 16.98   Verifying        : expat-2.5.0-5.el9_6.x86_64                           12/84 
Test OLM installation	UNKNOWN STEP	2025-11-06T10:40:49.7834277Z #14 16.98   Verifying        : filesystem-3.16-5.el9.x86_64                         13/84 
Test OLM installation	UNKNOWN STEP	2025-11-06T10:40:49.7835019Z #14 16.98   Verifying        : findutils-1:4.8.0-7.el9.x86_64                       14/84 
Test OLM installation	UNKNOWN STEP	2025-11-06T10:40:49.7835724Z #14 16.98   Verifying        : gawk-5.1.0-6.el9.x86_64                              15/84 
Test OLM installation	UNKNOWN STEP	2025-11-06T10:40:49.7836446Z #14 16.98   Verifying        : gdbm-libs-1:1.23-1.el9.x86_64                        16/84 
Test OLM installation	UNKNOWN STEP	2025-11-06T10:40:49.7836944Z #14 16.98   Verifying        : glibc-2.34-168.el9_6.24.x86_64                       17/84 
Test OLM installation	UNKNOWN STEP	2025-11-06T10:40:49.7837360Z #14 16.98   Verifying        : glibc-common-2.34-168.el9_6.24.x86_64                18/84 
Test OLM installation	UNKNOWN STEP	2025-11-06T10:40:49.7837821Z #14 16.98   Verifying        : glibc-langpack-en-2.34-168.el9_6.24.x86_64           19/84 
Test OLM installation	UNKNOWN STEP	2025-11-06T10:40:49.7838256Z #14 16.98   Verifying        : gmp-1:6.2.0-13.el9.x86_64                            20/84 
Test OLM installation	UNKNOWN STEP	2025-11-06T10:40:49.7838669Z #14 16.98   Verifying        : gnutls-3.8.3-6.el9_6.2.x86_64                        21/84 
Test OLM installation	UNKNOWN STEP	2025-11-06T10:40:49.7839074Z #14 16.98   Verifying        : grep-3.6-5.el9.x86_64                                22/84 
Test OLM installation	UNKNOWN STEP	2025-11-06T10:40:49.7839492Z #14 16.98   Verifying        : keyutils-libs-1.6.3-1.el9.x86_64                     23/84 
Test OLM installation	UNKNOWN STEP	2025-11-06T10:40:49.7839917Z #14 16.98   Verifying        : krb5-libs-1.21.1-8.el9_6.x86_64                      24/84 
Test OLM installation	UNKNOWN STEP	2025-11-06T10:40:49.7840356Z #14 16.98   Verifying        : libacl-2.3.1-4.el9.x86_64                            25/84 
Test OLM installation	UNKNOWN STEP	2025-11-06T10:40:49.7840798Z #14 16.98   Verifying        : libattr-2.5.1-3.el9.x86_64                           26/84 
Test OLM installation	UNKNOWN STEP	2025-11-06T10:40:49.7841251Z #14 16.98   Verifying        : libcap-2.48-9.el9_2.x86_64                           27/84 
Test OLM installation	UNKNOWN STEP	2025-11-06T10:40:49.7841666Z #14 16.98   Verifying        : libcom_err-1.46.5-7.el9.x86_64                       28/84 
Test OLM installation	UNKNOWN STEP	2025-11-06T10:40:49.7842075Z #14 16.98   Verifying        : libevent-2.1.12-8.el9_4.x86_64                       29/84 
Test OLM installation	UNKNOWN STEP	2025-11-06T10:40:49.7842498Z #14 16.98   Verifying        : libffi-3.4.2-8.el9.x86_64                            30/84 
Test OLM installation	UNKNOWN STEP	2025-11-06T10:40:49.7842906Z #14 16.98   Verifying        : libgcc-11.5.0-5.el9_5.x86_64                         31/84 
Test OLM installation	UNKNOWN STEP	2025-11-06T10:40:49.7843318Z #14 16.98   Verifying        : libgcrypt-1.10.0-11.el9.x86_64                       32/84 
Test OLM installation	UNKNOWN STEP	2025-11-06T10:40:49.7843965Z #14 16.98   Verifying        : libgpg-error-1.42-5.el9.x86_64                       33/84 
Test OLM installation	UNKNOWN STEP	2025-11-06T10:40:49.7844898Z #14 16.98   Verifying        : libidn2-2.3.0-7.el9.x86_64                           34/84 
Test OLM installation	UNKNOWN STEP	2025-11-06T10:40:49.7845359Z #14 16.98   Verifying        : libselinux-3.6-3.el9.x86_64                          35/84 
Test OLM installation	UNKNOWN STEP	2025-11-06T10:40:49.7845797Z #14 16.98   Verifying        : libsepol-3.6-2.el9.x86_64                            36/84 
Test OLM installation	UNKNOWN STEP	2025-11-06T10:40:49.7846222Z #14 16.98   Verifying        : libsigsegv-2.13-4.el9.x86_64                         37/84 
Test OLM installation	UNKNOWN STEP	2025-11-06T10:40:49.7846668Z #14 16.98   Verifying        : libtasn1-4.16.0-9.el9.x86_64                         38/84 
Test OLM installation	UNKNOWN STEP	2025-11-06T10:40:49.7847111Z #14 16.98   Verifying        : libunistring-0.9.10-15.el9.x86_64                    39/84 
Test OLM installation	UNKNOWN STEP	2025-11-06T10:40:49.7847536Z #14 16.98   Verifying        : libuuid-2.37.4-21.el9.x86_64                         40/84 
Test OLM installation	UNKNOWN STEP	2025-11-06T10:40:49.7847954Z #14 16.98   Verifying        : libverto-0.3.2-3.el9.x86_64                          41/84 
Test OLM installation	UNKNOWN STEP	2025-11-06T10:40:49.7848381Z #14 16.98   Verifying        : libxcrypt-4.4.18-3.el9.x86_64                        42/84 
Test OLM installation	UNKNOWN STEP	2025-11-06T10:40:49.7848831Z #14 16.98   Verifying        : libzstd-1.5.5-1.el9.x86_64                           43/84 
Test OLM installation	UNKNOWN STEP	2025-11-06T10:40:49.7849251Z #14 16.98   Verifying        : lksctp-tools-1.0.19-3.el9_4.x86_64                   44/84 
Test OLM installation	UNKNOWN STEP	2025-11-06T10:40:49.7849671Z #14 16.98   Verifying        : lua-libs-5.4.4-4.el9.x86_64                          45/84 
Test OLM installation	UNKNOWN STEP	2025-11-06T10:40:49.7850078Z #14 16.98   Verifying        : lz4-libs-1.9.3-5.el9.x86_64                          46/84 
Test OLM installation	UNKNOWN STEP	2025-11-06T10:40:49.7850479Z #14 16.98   Verifying        : mpfr-4.1.0-7.el9.x86_64                              47/84 
Test OLM installation	UNKNOWN STEP	2025-11-06T10:40:49.7850887Z #14 16.98   Verifying        : ncurses-base-6.2-10.20210508.el9_6.2.noarch          48/84 
Test OLM installation	UNKNOWN STEP	2025-11-06T10:40:49.7851316Z #14 16.98   Verifying        : ncurses-libs-6.2-10.20210508.el9_6.2.x86_64          49/84 
Test OLM installation	UNKNOWN STEP	2025-11-06T10:40:49.7851731Z #14 16.98   Verifying        : nettle-3.10.1-1.el9.x86_64                           50/84 
Test OLM installation	UNKNOWN STEP	2025-11-06T10:40:49.7852179Z #14 16.98   Verifying        : openssl-fips-provider-3.0.7-6.el9_5.x86_64           51/84 
Test OLM installation	UNKNOWN STEP	2025-11-06T10:40:49.7852635Z #14 16.98   Verifying        : openssl-fips-provider-so-3.0.7-6.el9_5.x86_64        52/84 
Test OLM installation	UNKNOWN STEP	2025-11-06T10:40:49.7853076Z #14 16.98   Verifying        : openssl-libs-1:3.2.2-6.el9_5.1.x86_64                53/84 
Test OLM installation	UNKNOWN STEP	2025-11-06T10:40:49.7853491Z #14 16.98   Verifying        : p11-kit-0.25.3-3.el9_5.x86_64                        54/84 
Test OLM installation	UNKNOWN STEP	2025-11-06T10:40:49.7854194Z #14 16.98   Verifying        : p11-kit-trust-0.25.3-3.el9_5.x86_64                  55/84 
Test OLM installation	UNKNOWN STEP	2025-11-06T10:40:49.7854621Z #14 16.98   Verifying        : pcre-8.44-4.el9.x86_64                               56/84 
Test OLM installation	UNKNOWN STEP	2025-11-06T10:40:49.7855027Z #14 16.98   Verifying        : pcre2-10.40-6.el9.x86_64                             57/84 
Test OLM installation	UNKNOWN STEP	2025-11-06T10:40:49.7855446Z #14 16.98   Verifying        : pcre2-syntax-10.40-6.el9.noarch                      58/84 
Test OLM installation	UNKNOWN STEP	2025-11-06T10:40:49.7855866Z #14 16.98   Verifying        : python3-3.9.21-2.el9_6.2.x86_64                      59/84 
Test OLM installation	UNKNOWN STEP	2025-11-06T10:40:49.7856296Z #14 16.98   Verifying        : python3-libs-3.9.21-2.el9_6.2.x86_64                 60/84 
Test OLM installation	UNKNOWN STEP	2025-11-06T10:40:49.7856732Z #14 16.98   Verifying        : python3-pip-wheel-21.3.1-1.el9.noarch                61/84 
Test OLM installation	UNKNOWN STEP	2025-11-06T10:40:49.7857189Z #14 16.98   Verifying        : python3-setuptools-wheel-53.0.0-13.el9_6.1.noarch    62/84 
Test OLM installation	UNKNOWN STEP	2025-11-06T10:40:49.7857620Z #14 16.98   Verifying        : readline-8.1-4.el9.x86_64                            63/84 
Test OLM installation	UNKNOWN STEP	2025-11-06T10:40:49.7858047Z #14 16.98   Verifying        : redhat-release-9.6-0.1.el9.x86_64                    64/84 
Test OLM installation	UNKNOWN STEP	2025-11-06T10:40:49.7858457Z #14 16.98   Verifying        : sed-4.8-9.el9.x86_64                                 65/84 
Test OLM installation	UNKNOWN STEP	2025-11-06T10:40:49.7858858Z #14 16.98   Verifying        : setup-2.13.7-10.el9.noarch                           66/84 
Test OLM installation	UNKNOWN STEP	2025-11-06T10:40:49.7859274Z #14 16.98   Verifying        : sqlite-libs-3.34.1-8.el9_6.x86_64                    67/84 
Test OLM installation	UNKNOWN STEP	2025-11-06T10:40:49.7859853Z #14 16.98   Verifying        : systemd-libs-252-51.el9_6.3.x86_64                   68/84 
Test OLM installation	UNKNOWN STEP	2025-11-06T10:40:49.7860389Z #14 16.98   Verifying        : tzdata-2025b-1.el9.noarch                            69/84 
Test OLM installation	UNKNOWN STEP	2025-11-06T10:40:49.7860804Z #14 16.98   Verifying        : xz-libs-5.2.5-8.el9_0.x86_64                         70/84 
Test OLM installation	UNKNOWN STEP	2025-11-06T10:40:49.7861210Z #14 16.98   Verifying        : zlib-1.2.11-40.el9.x86_64                            71/84 
Test OLM installation	UNKNOWN STEP	2025-11-06T10:40:49.7861629Z #14 16.98   Verifying        : copy-jdk-configs-4.0-3.el9.noarch                    72/84 
Test OLM installation	UNKNOWN STEP	2025-11-06T10:40:49.7862042Z #14 16.98   Verifying        : lua-5.4.4-4.el9.x86_64                               73/84 
Test OLM installation	UNKNOWN STEP	2025-11-06T10:40:49.7862438Z #14 16.98   Verifying        : lua-posix-35.0-8.el9.x86_64                          74/84 
Test OLM installation	UNKNOWN STEP	2025-11-06T10:40:49.7862853Z #14 16.98   Verifying        : alsa-lib-1.2.13-2.el9.x86_64                         75/84 
Test OLM installation	UNKNOWN STEP	2025-11-06T10:40:49.7863272Z #14 16.98   Verifying        : java-21-openjdk-headless-1:21.0.9.0.10-1.el9.x86_6   76/84 
Test OLM installation	UNKNOWN STEP	2025-11-06T10:40:49.7864324Z #14 16.98   Verifying        : javapackages-filesystem-6.4.0-1.el9.noarch           77/84 
Test OLM installation	UNKNOWN STEP	2025-11-06T10:40:49.7864789Z #14 16.98   Verifying        : nspr-4.36.0-4.el9_4.x86_64                           78/84 
Test OLM installation	UNKNOWN STEP	2025-11-06T10:40:49.7865196Z #14 16.98   Verifying        : nss-3.112.0-4.el9_4.x86_64                           79/84 
Test OLM installation	UNKNOWN STEP	2025-11-06T10:40:49.7865613Z #14 16.98   Verifying        : nss-softokn-3.112.0-4.el9_4.x86_64                   80/84 
Test OLM installation	UNKNOWN STEP	2025-11-06T10:40:49.7866048Z #14 16.98   Verifying        : nss-softokn-freebl-3.112.0-4.el9_4.x86_64            81/84 
Test OLM installation	UNKNOWN STEP	2025-11-06T10:40:49.7866473Z #14 16.98   Verifying        : nss-sysinit-3.112.0-4.el9_4.x86_64                   82/84 
Test OLM installation	UNKNOWN STEP	2025-11-06T10:40:49.7866885Z #14 16.98   Verifying        : nss-util-3.112.0-4.el9_4.x86_64                      83/84 
Test OLM installation	UNKNOWN STEP	2025-11-06T10:40:49.7867303Z #14 16.98   Verifying        : tzdata-java-2025b-1.el9.noarch                       84/84 
Test OLM installation	UNKNOWN STEP	2025-11-06T10:40:49.7867659Z #14 17.05 Installed products updated.
Test OLM installation	UNKNOWN STEP	2025-11-06T10:40:49.7867905Z #14 17.07 
Test OLM installation	UNKNOWN STEP	2025-11-06T10:40:49.7868078Z #14 17.07 Installed:
Test OLM installation	UNKNOWN STEP	2025-11-06T10:40:49.7868364Z #14 17.07   alsa-lib-1.2.13-2.el9.x86_64                                                  
Test OLM installation	UNKNOWN STEP	2025-11-06T10:40:49.7868766Z #14 17.07   alternatives-1.24-2.el9.x86_64                                                
Test OLM installation	UNKNOWN STEP	2025-11-06T10:40:49.7869178Z #14 17.07   avahi-libs-0.8-22.el9_6.1.x86_64                                              
Test OLM installation	UNKNOWN STEP	2025-11-06T10:40:49.7869591Z #14 17.07   basesystem-11-13.el9.noarch                                                   
Test OLM installation	UNKNOWN STEP	2025-11-06T10:40:49.7869981Z #14 17.07   bash-5.1.8-9.el9.x86_64                                                       
Test OLM installation	UNKNOWN STEP	2025-11-06T10:40:49.7870365Z #14 17.07   bzip2-libs-1.0.8-10.el9_5.x86_64                                              
Test OLM installation	UNKNOWN STEP	2025-11-06T10:40:49.7870811Z #14 17.07   ca-certificates-2024.2.69_v8.0.303-91.4.el9_4.noarch                          
Test OLM installation	UNKNOWN STEP	2025-11-06T10:40:49.7871255Z #14 17.07   copy-jdk-configs-4.0-3.el9.noarch                                             
Test OLM installation	UNKNOWN STEP	2025-11-06T10:40:49.7871700Z #14 17.07   coreutils-single-8.32-39.el9.x86_64                                           
Test OLM installation	UNKNOWN STEP	2025-11-06T10:40:49.7872167Z #14 17.07   crypto-policies-20250128-1.git5269e22.el9.noarch                              
Test OLM installation	UNKNOWN STEP	2025-11-06T10:40:49.7872671Z #14 17.07   crypto-policies-scripts-20250128-1.git5269e22.el9.noarch                      
Test OLM installation	UNKNOWN STEP	2025-11-06T10:40:49.7873139Z #14 17.07   cups-libs-1:2.3.3op2-33.el9_6.1.x86_64                                        
Test OLM installation	UNKNOWN STEP	2025-11-06T10:40:49.7873721Z #14 17.07   dbus-libs-1:1.12.20-8.el9.x86_64                                              
Test OLM installation	UNKNOWN STEP	2025-11-06T10:40:49.7874120Z #14 17.07   expat-2.5.0-5.el9_6.x86_64                                                    
Test OLM installation	UNKNOWN STEP	2025-11-06T10:40:49.7874532Z #14 17.07   filesystem-3.16-5.el9.x86_64                                                  
Test OLM installation	UNKNOWN STEP	2025-11-06T10:40:49.7874924Z #14 17.07   findutils-1:4.8.0-7.el9.x86_64                                                
Test OLM installation	UNKNOWN STEP	2025-11-06T10:40:49.7875552Z #14 17.07   gawk-5.1.0-6.el9.x86_64                                                       
Test OLM installation	UNKNOWN STEP	2025-11-06T10:40:49.7875922Z #14 17.07   gdbm-libs-1:1.23-1.el9.x86_64                                                 
Test OLM installation	UNKNOWN STEP	2025-11-06T10:40:49.7876303Z #14 17.07   glibc-2.34-168.el9_6.24.x86_64                                                
Test OLM installation	UNKNOWN STEP	2025-11-06T10:40:49.7876700Z #14 17.07   glibc-common-2.34-168.el9_6.24.x86_64                                         
Test OLM installation	UNKNOWN STEP	2025-11-06T10:40:49.7877131Z #14 17.07   glibc-langpack-en-2.34-168.el9_6.24.x86_64                                    
Test OLM installation	UNKNOWN STEP	2025-11-06T10:40:49.7877528Z #14 17.07   gmp-1:6.2.0-13.el9.x86_64                                                     
Test OLM installation	UNKNOWN STEP	2025-11-06T10:40:49.7877899Z #14 17.07   gnutls-3.8.3-6.el9_6.2.x86_64                                                 
Test OLM installation	UNKNOWN STEP	2025-11-06T10:40:49.7878264Z #14 17.07   grep-3.6-5.el9.x86_64                                                         
Test OLM installation	UNKNOWN STEP	2025-11-06T10:40:49.7878672Z #14 17.07   java-21-openjdk-headless-1:21.0.9.0.10-1.el9.x86_64                           
Test OLM installation	UNKNOWN STEP	2025-11-06T10:40:49.7879152Z #14 17.07   javapackages-filesystem-6.4.0-1.el9.noarch                                    
Test OLM installation	UNKNOWN STEP	2025-11-06T10:40:49.7879604Z #14 17.07   keyutils-libs-1.6.3-1.el9.x86_64                                              
Test OLM installation	UNKNOWN STEP	2025-11-06T10:40:49.7880006Z #14 17.07   krb5-libs-1.21.1-8.el9_6.x86_64                                               
Test OLM installation	UNKNOWN STEP	2025-11-06T10:40:49.7880393Z #14 17.07   libacl-2.3.1-4.el9.x86_64                                                     
Test OLM installation	UNKNOWN STEP	2025-11-06T10:40:49.7880765Z #14 17.07   libattr-2.5.1-3.el9.x86_64                                                    
Test OLM installation	UNKNOWN STEP	2025-11-06T10:40:49.7881142Z #14 17.07   libcap-2.48-9.el9_2.x86_64                                                    
Test OLM installation	UNKNOWN STEP	2025-11-06T10:40:49.7881523Z #14 17.07   libcom_err-1.46.5-7.el9.x86_64                                                
Test OLM installation	UNKNOWN STEP	2025-11-06T10:40:49.7881908Z #14 17.07   libevent-2.1.12-8.el9_4.x86_64                                                
Test OLM installation	UNKNOWN STEP	2025-11-06T10:40:49.7882295Z #14 17.07   libffi-3.4.2-8.el9.x86_64                                                     
Test OLM installation	UNKNOWN STEP	2025-11-06T10:40:49.7882672Z #14 17.07   libgcc-11.5.0-5.el9_5.x86_64                                                  
Test OLM installation	UNKNOWN STEP	2025-11-06T10:40:49.7883066Z #14 17.07   libgcrypt-1.10.0-11.el9.x86_64                                                
Test OLM installation	UNKNOWN STEP	2025-11-06T10:40:49.7883463Z #14 17.07   libgpg-error-1.42-5.el9.x86_64                                                
Test OLM installation	UNKNOWN STEP	2025-11-06T10:40:49.7884145Z #14 17.07   libidn2-2.3.0-7.el9.x86_64                                                    
Test OLM installation	UNKNOWN STEP	2025-11-06T10:40:49.7884540Z #14 17.07   libselinux-3.6-3.el9.x86_64                                                   
Test OLM installation	UNKNOWN STEP	2025-11-06T10:40:49.7884926Z #14 17.07   libsepol-3.6-2.el9.x86_64                                                     
Test OLM installation	UNKNOWN STEP	2025-11-06T10:40:49.7885311Z #14 17.07   libsigsegv-2.13-4.el9.x86_64                                                  
Test OLM installation	UNKNOWN STEP	2025-11-06T10:40:49.7885704Z #14 17.07   libtasn1-4.16.0-9.el9.x86_64                                                  
Test OLM installation	UNKNOWN STEP	2025-11-06T10:40:49.7886238Z #14 17.07   libunistring-0.9.10-15.el9.x86_64                                             
Test OLM installation	UNKNOWN STEP	2025-11-06T10:40:49.7886672Z #14 17.07   libuuid-2.37.4-21.el9.x86_64                                                  
Test OLM installation	UNKNOWN STEP	2025-11-06T10:40:49.7887065Z #14 17.07   libverto-0.3.2-3.el9.x86_64                                                   
Test OLM installation	UNKNOWN STEP	2025-11-06T10:40:49.7887458Z #14 17.07   libxcrypt-4.4.18-3.el9.x86_64                                                 
Test OLM installation	UNKNOWN STEP	2025-11-06T10:40:49.7887844Z #14 17.07   libzstd-1.5.5-1.el9.x86_64                                                    
Test OLM installation	UNKNOWN STEP	2025-11-06T10:40:49.7888240Z #14 17.07   lksctp-tools-1.0.19-3.el9_4.x86_64                                            
Test OLM installation	UNKNOWN STEP	2025-11-06T10:40:49.7888623Z #14 17.07   lua-5.4.4-4.el9.x86_64                                                        
Test OLM installation	UNKNOWN STEP	2025-11-06T10:40:49.7888983Z #14 17.07   lua-libs-5.4.4-4.el9.x86_64                                                   
Test OLM installation	UNKNOWN STEP	2025-11-06T10:40:49.7889618Z #14 17.07   lua-posix-35.0-8.el9.x86_64                                                   
Test OLM installation	UNKNOWN STEP	2025-11-06T10:40:49.7890013Z #14 17.07   lz4-libs-1.9.3-5.el9.x86_64                                                   
Test OLM installation	UNKNOWN STEP	2025-11-06T10:40:49.7890384Z #14 17.07   mpfr-4.1.0-7.el9.x86_64                                                       
Test OLM installation	UNKNOWN STEP	2025-11-06T10:40:49.7890785Z #14 17.07   ncurses-base-6.2-10.20210508.el9_6.2.noarch                                   
Test OLM installation	UNKNOWN STEP	2025-11-06T10:40:49.7891226Z #14 17.07   ncurses-libs-6.2-10.20210508.el9_6.2.x86_64                                   
Test OLM installation	UNKNOWN STEP	2025-11-06T10:40:49.7891633Z #14 17.07   nettle-3.10.1-1.el9.x86_64                                                    
Test OLM installation	UNKNOWN STEP	2025-11-06T10:40:49.7892008Z #14 17.07   nspr-4.36.0-4.el9_4.x86_64                                                    
Test OLM installation	UNKNOWN STEP	2025-11-06T10:40:49.7892371Z #14 17.07   nss-3.112.0-4.el9_4.x86_64                                                    
Test OLM installation	UNKNOWN STEP	2025-11-06T10:40:49.7892758Z #14 17.07   nss-softokn-3.112.0-4.el9_4.x86_64                                            
Test OLM installation	UNKNOWN STEP	2025-11-06T10:40:49.7893192Z #14 17.07   nss-softokn-freebl-3.112.0-4.el9_4.x86_64                                     
Test OLM installation	UNKNOWN STEP	2025-11-06T10:40:49.7893843Z #14 17.07   nss-sysinit-3.112.0-4.el9_4.x86_64                                            
Test OLM installation	UNKNOWN STEP	2025-11-06T10:40:49.7894318Z #14 17.07   nss-util-3.112.0-4.el9_4.x86_64                                               
Test OLM installation	UNKNOWN STEP	2025-11-06T10:40:49.7894745Z #14 17.07   openssl-fips-provider-3.0.7-6.el9_5.x86_64                                    
Test OLM installation	UNKNOWN STEP	2025-11-06T10:40:49.7895209Z #14 17.07   openssl-fips-provider-so-3.0.7-6.el9_5.x86_64                                 
Test OLM installation	UNKNOWN STEP	2025-11-06T10:40:49.7895644Z #14 17.07   openssl-libs-1:3.2.2-6.el9_5.1.x86_64                                         
Test OLM installation	UNKNOWN STEP	2025-11-06T10:40:49.7896035Z #14 17.07   p11-kit-0.25.3-3.el9_5.x86_64                                                 
Test OLM installation	UNKNOWN STEP	2025-11-06T10:40:49.7896423Z #14 17.07   p11-kit-trust-0.25.3-3.el9_5.x86_64                                           
Test OLM installation	UNKNOWN STEP	2025-11-06T10:40:49.7896810Z #14 17.07   pcre-8.44-4.el9.x86_64                                                        
Test OLM installation	UNKNOWN STEP	2025-11-06T10:40:49.7897175Z #14 17.07   pcre2-10.40-6.el9.x86_64                                                      
Test OLM installation	UNKNOWN STEP	2025-11-06T10:40:49.7897571Z #14 17.07   pcre2-syntax-10.40-6.el9.noarch                                               
Test OLM installation	UNKNOWN STEP	2025-11-06T10:40:49.7897974Z #14 17.07   python3-3.9.21-2.el9_6.2.x86_64                                               
Test OLM installation	UNKNOWN STEP	2025-11-06T10:40:49.7898369Z #14 17.07   python3-libs-3.9.21-2.el9_6.2.x86_64                                          
Test OLM installation	UNKNOWN STEP	2025-11-06T10:40:49.7898792Z #14 17.07   python3-pip-wheel-21.3.1-1.el9.noarch                                         
Test OLM installation	UNKNOWN STEP	2025-11-06T10:40:49.7899254Z #14 17.07   python3-setuptools-wheel-53.0.0-13.el9_6.1.noarch                             
Test OLM installation	UNKNOWN STEP	2025-11-06T10:40:49.7899688Z #14 17.07   readline-8.1-4.el9.x86_64                                                     
Test OLM installation	UNKNOWN STEP	2025-11-06T10:40:49.7900091Z #14 17.07   redhat-release-9.6-0.1.el9.x86_64                                             
Test OLM installation	UNKNOWN STEP	2025-11-06T10:40:49.7900478Z #14 17.07   sed-4.8-9.el9.x86_64                                                          
Test OLM installation	UNKNOWN STEP	2025-11-06T10:40:49.7900848Z #14 17.07   setup-2.13.7-10.el9.noarch                                                    
Test OLM installation	UNKNOWN STEP	2025-11-06T10:40:49.7901248Z #14 17.07   sqlite-libs-3.34.1-8.el9_6.x86_64                                             
Test OLM installation	UNKNOWN STEP	2025-11-06T10:40:49.7901653Z #14 17.07   systemd-libs-252-51.el9_6.3.x86_64                                            
Test OLM installation	UNKNOWN STEP	2025-11-06T10:40:49.7902063Z #14 17.07   tzdata-2025b-1.el9.noarch                                                     
Test OLM installation	UNKNOWN STEP	2025-11-06T10:40:49.7902480Z #14 17.07   tzdata-java-2025b-1.el9.noarch                                                
Test OLM installation	UNKNOWN STEP	2025-11-06T10:40:49.7902883Z #14 17.07   xz-libs-5.2.5-8.el9_0.x86_64                                                  
Test OLM installation	UNKNOWN STEP	2025-11-06T10:40:49.7903249Z #14 17.07   zlib-1.2.11-40.el9.x86_64                                                     
Test OLM installation	UNKNOWN STEP	2025-11-06T10:40:49.7903849Z #14 17.07 
Test OLM installation	UNKNOWN STEP	2025-11-06T10:40:49.7904025Z #14 17.07 Complete!
Test OLM installation	UNKNOWN STEP	2025-11-06T10:40:49.7904393Z #14 17.17 + dnf --installroot /tmp/null/rootfs clean all
Test OLM installation	UNKNOWN STEP	2025-11-06T10:40:50.0310341Z #14 17.42 Updating Subscription Management repositories.
Test OLM installation	UNKNOWN STEP	2025-11-06T10:40:50.2397631Z #14 17.42 Unable to read consumer identity
Test OLM installation	UNKNOWN STEP	2025-11-06T10:40:50.2399341Z #14 17.43 
Test OLM installation	UNKNOWN STEP	2025-11-06T10:40:50.2400236Z #14 17.43 This system is not registered with an entitlement server. You can use subscription-manager to register.
Test OLM installation	UNKNOWN STEP	2025-11-06T10:40:50.2401234Z #14 17.43 
Test OLM installation	UNKNOWN STEP	2025-11-06T10:40:50.2401608Z #14 17.43 26 files removed
Test OLM installation	UNKNOWN STEP	2025-11-06T10:40:50.2404083Z #14 17.48 + rm -rf /tmp/null/rootfs/var/cache/bpf /tmp/null/rootfs/var/cache/dnf /tmp/null/rootfs/var/cache/ldconfig /tmp/null/rootfs/var/log/dnf.librepo.log /tmp/null/rootfs/var/log/dnf.log /tmp/null/rootfs/var/log/dnf.rpm.log '/tmp/null/rootfs/var/log/yum.*'
Test OLM installation	UNKNOWN STEP	2025-11-06T10:40:50.2406383Z #14 17.48 ==> Building dependency tree
Test OLM installation	UNKNOWN STEP	2025-11-06T10:40:50.5035534Z #14 17.90 ==> 42 packages to erase:
Test OLM installation	UNKNOWN STEP	2025-11-06T10:40:50.6590776Z #14 17.90 alsa-lib
Test OLM installation	UNKNOWN STEP	2025-11-06T10:40:50.6591355Z #14 17.90 avahi-libs
Test OLM installation	UNKNOWN STEP	2025-11-06T10:40:50.6591791Z #14 17.90 bzip2-libs
Test OLM installation	UNKNOWN STEP	2025-11-06T10:40:50.6592162Z #14 17.90 copy-jdk-configs
Test OLM installation	UNKNOWN STEP	2025-11-06T10:40:50.6592458Z #14 17.90 cups-libs
Test OLM installation	UNKNOWN STEP	2025-11-06T10:40:50.6592674Z #14 17.90 dbus-libs
Test OLM installation	UNKNOWN STEP	2025-11-06T10:40:50.6592886Z #14 17.90 expat
Test OLM installation	UNKNOWN STEP	2025-11-06T10:40:50.6593095Z #14 17.90 gawk
Test OLM installation	UNKNOWN STEP	2025-11-06T10:40:50.6593298Z #14 17.90 gdbm-libs
Test OLM installation	UNKNOWN STEP	2025-11-06T10:40:50.6593509Z #14 17.90 gmp
Test OLM installation	UNKNOWN STEP	2025-11-06T10:40:50.6593894Z #14 17.90 gnutls
Test OLM installation	UNKNOWN STEP	2025-11-06T10:40:50.6594104Z #14 17.90 gpg-pubkey
Test OLM installation	UNKNOWN STEP	2025-11-06T10:40:50.6594338Z #14 17.90 keyutils-libs
Test OLM installation	UNKNOWN STEP	2025-11-06T10:40:50.6594567Z #14 17.90 krb5-libs
Test OLM installation	UNKNOWN STEP	2025-11-06T10:40:50.6594773Z #14 17.90 libcom_err
Test OLM installation	UNKNOWN STEP	2025-11-06T10:40:50.6594987Z #14 17.90 libevent
Test OLM installation	UNKNOWN STEP	2025-11-06T10:40:50.6595195Z #14 17.90 libffi
Test OLM installation	UNKNOWN STEP	2025-11-06T10:40:50.6595399Z #14 17.90 libgcrypt
Test OLM installation	UNKNOWN STEP	2025-11-06T10:40:50.6595615Z #14 17.90 libgpg-error
Test OLM installation	UNKNOWN STEP	2025-11-06T10:40:50.6595838Z #14 17.90 libidn2
Test OLM installation	UNKNOWN STEP	2025-11-06T10:40:50.6596042Z #14 17.90 libunistring
Test OLM installation	UNKNOWN STEP	2025-11-06T10:40:50.6596274Z #14 17.90 libuuid
Test OLM installation	UNKNOWN STEP	2025-11-06T10:40:50.6596479Z #14 17.90 libverto
Test OLM installation	UNKNOWN STEP	2025-11-06T10:40:50.6596691Z #14 17.90 libxcrypt
Test OLM installation	UNKNOWN STEP	2025-11-06T10:40:50.6596897Z #14 17.90 libzstd
Test OLM installation	UNKNOWN STEP	2025-11-06T10:40:50.6597099Z #14 17.90 lua
Test OLM installation	UNKNOWN STEP	2025-11-06T10:40:50.6597293Z #14 17.90 lua-libs
Test OLM installation	UNKNOWN STEP	2025-11-06T10:40:50.6597504Z #14 17.90 lua-posix
Test OLM installation	UNKNOWN STEP	2025-11-06T10:40:50.6597710Z #14 17.90 lz4-libs
Test OLM installation	UNKNOWN STEP	2025-11-06T10:40:50.6597914Z #14 17.90 mpfr
Test OLM installation	UNKNOWN STEP	2025-11-06T10:40:50.6598109Z #14 17.90 nettle
Test OLM installation	UNKNOWN STEP	2025-11-06T10:40:50.6598338Z #14 17.90 openssl-fips-provider
Test OLM installation	UNKNOWN STEP	2025-11-06T10:40:50.6598623Z #14 17.90 openssl-fips-provider-so
Test OLM installation	UNKNOWN STEP	2025-11-06T10:40:50.6598898Z #14 17.90 openssl-libs
Test OLM installation	UNKNOWN STEP	2025-11-06T10:40:50.6599119Z #14 17.90 p11-kit
Test OLM installation	UNKNOWN STEP	2025-11-06T10:40:50.6599325Z #14 17.90 python3
Test OLM installation	UNKNOWN STEP	2025-11-06T10:40:50.6599529Z #14 17.90 python3-libs
Test OLM installation	UNKNOWN STEP	2025-11-06T10:40:50.6599764Z #14 17.90 python3-pip-wheel
Test OLM installation	UNKNOWN STEP	2025-11-06T10:40:50.6600031Z #14 17.90 python3-setuptools-wheel
Test OLM installation	UNKNOWN STEP	2025-11-06T10:40:50.6600297Z #14 17.90 readline
Test OLM installation	UNKNOWN STEP	2025-11-06T10:40:50.6600508Z #14 17.90 systemd-libs
Test OLM installation	UNKNOWN STEP	2025-11-06T10:40:50.6600736Z #14 17.90 xz-libs
Test OLM installation	UNKNOWN STEP	2025-11-06T10:40:50.6600948Z #14 17.90 ==> 43 packages to keep:
Test OLM installation	UNKNOWN STEP	2025-11-06T10:40:50.6601219Z #14 17.90 alternatives
Test OLM installation	UNKNOWN STEP	2025-11-06T10:40:50.6601438Z #14 17.90 basesystem
Test OLM installation	UNKNOWN STEP	2025-11-06T10:40:50.6601645Z #14 17.90 bash
Test OLM installation	UNKNOWN STEP	2025-11-06T10:40:50.6601856Z #14 17.90 ca-certificates
Test OLM installation	UNKNOWN STEP	2025-11-06T10:40:50.6602105Z #14 17.90 coreutils-single
Test OLM installation	UNKNOWN STEP	2025-11-06T10:40:50.6602356Z #14 17.90 crypto-policies
Test OLM installation	UNKNOWN STEP	2025-11-06T10:40:50.6602607Z #14 17.90 crypto-policies-scripts
Test OLM installation	UNKNOWN STEP	2025-11-06T10:40:50.6602875Z #14 17.90 filesystem
Test OLM installation	UNKNOWN STEP	2025-11-06T10:40:50.6603091Z #14 17.90 findutils
Test OLM installation	UNKNOWN STEP	2025-11-06T10:40:50.6603293Z #14 17.90 glibc
Test OLM installation	UNKNOWN STEP	2025-11-06T10:40:50.6603498Z #14 17.90 glibc-common
Test OLM installation	UNKNOWN STEP	2025-11-06T10:40:50.6603846Z #14 17.90 glibc-langpack-en
Test OLM installation	UNKNOWN STEP	2025-11-06T10:40:50.6604112Z #14 17.90 grep
Test OLM installation	UNKNOWN STEP	2025-11-06T10:40:50.6604332Z #14 17.90 java-21-openjdk-headless
Test OLM installation	UNKNOWN STEP	2025-11-06T10:40:50.6604615Z #14 17.90 javapackages-filesystem
Test OLM installation	UNKNOWN STEP	2025-11-06T10:40:50.6604873Z #14 17.90 libacl
Test OLM installation	UNKNOWN STEP	2025-11-06T10:40:50.6605075Z #14 17.90 libattr
Test OLM installation	UNKNOWN STEP	2025-11-06T10:40:50.6605276Z #14 17.90 libcap
Test OLM installation	UNKNOWN STEP	2025-11-06T10:40:50.6605780Z #14 17.90 libgcc
Test OLM installation	UNKNOWN STEP	2025-11-06T10:40:50.6605985Z #14 17.90 libselinux
Test OLM installation	UNKNOWN STEP	2025-11-06T10:40:50.6606346Z #14 17.90 libsepol
Test OLM installation	UNKNOWN STEP	2025-11-06T10:40:50.6606561Z #14 17.90 libsigsegv
Test OLM installation	UNKNOWN STEP	2025-11-06T10:40:50.6606772Z #14 17.90 libtasn1
Test OLM installation	UNKNOWN STEP	2025-11-06T10:40:50.6606982Z #14 17.90 lksctp-tools
Test OLM installation	UNKNOWN STEP	2025-11-06T10:40:50.6607177Z #14 17.90 ncurses-base
Test OLM installation	UNKNOWN STEP	2025-11-06T10:40:50.6607362Z #14 17.90 ncurses-libs
Test OLM installation	UNKNOWN STEP	2025-11-06T10:40:50.6607543Z #14 17.90 nspr
Test OLM installation	UNKNOWN STEP	2025-11-06T10:40:50.6607709Z #14 17.90 nss
Test OLM installation	UNKNOWN STEP	2025-11-06T10:40:50.6607874Z #14 17.90 nss-softokn
Test OLM installation	UNKNOWN STEP	2025-11-06T10:40:50.6608077Z #14 17.90 nss-softokn-freebl
Test OLM installation	UNKNOWN STEP	2025-11-06T10:40:50.6608290Z #14 17.90 nss-sysinit
Test OLM installation	UNKNOWN STEP	2025-11-06T10:40:50.6608469Z #14 17.90 nss-util
Test OLM installation	UNKNOWN STEP	2025-11-06T10:40:50.6608647Z #14 17.90 p11-kit-trust
Test OLM installation	UNKNOWN STEP	2025-11-06T10:40:50.6608837Z #14 17.90 pcre
Test OLM installation	UNKNOWN STEP	2025-11-06T10:40:50.6609000Z #14 17.90 pcre2
Test OLM installation	UNKNOWN STEP	2025-11-06T10:40:50.6609175Z #14 17.90 pcre2-syntax
Test OLM installation	UNKNOWN STEP	2025-11-06T10:40:50.6609364Z #14 17.90 redhat-release
Test OLM installation	UNKNOWN STEP	2025-11-06T10:40:50.6609553Z #14 17.90 sed
Test OLM installation	UNKNOWN STEP	2025-11-06T10:40:50.6609719Z #14 17.90 setup
Test OLM installation	UNKNOWN STEP	2025-11-06T10:40:50.6609899Z #14 17.90 sqlite-libs
Test OLM installation	UNKNOWN STEP	2025-11-06T10:40:50.6610073Z #14 17.90 tzdata
Test OLM installation	UNKNOWN STEP	2025-11-06T10:40:50.6610255Z #14 17.90 tzdata-java
Test OLM installation	UNKNOWN STEP	2025-11-06T10:40:50.6610433Z #14 17.90 zlib
Test OLM installation	UNKNOWN STEP	2025-11-06T10:40:50.6610592Z #14 17.90 
Test OLM installation	UNKNOWN STEP	2025-11-06T10:40:50.6610769Z #14 17.90 ==> Erasing packages
Test OLM installation	UNKNOWN STEP	2025-11-06T10:40:50.6611086Z #14 17.90 + xargs rpm -r /tmp/null/rootfs --erase --nodeps --allmatches
Test OLM installation	UNKNOWN STEP	2025-11-06T10:40:50.8231388Z #14 18.22 
Test OLM installation	UNKNOWN STEP	2025-11-06T10:40:50.8231916Z #14 18.22 ==> Packages erased ok!
Test OLM installation	UNKNOWN STEP	2025-11-06T10:40:50.9938320Z #14 DONE 18.2s
Test OLM installation	UNKNOWN STEP	2025-11-06T10:40:51.5215407Z 
Test OLM installation	UNKNOWN STEP	2025-11-06T10:40:51.5216053Z #15 [stage-1 2/4] COPY --from=ubi-micro-build /tmp/null/rootfs/ /
Test OLM installation	UNKNOWN STEP	2025-11-06T10:40:52.6761299Z #15 DONE 1.2s
Test OLM installation	UNKNOWN STEP	2025-11-06T10:40:52.8279615Z 
Test OLM installation	UNKNOWN STEP	2025-11-06T10:40:52.8280307Z #16 [stage-1 3/4] COPY --from=ubi-micro-build --chown=1000:0 /opt/keycloak /opt/keycloak
Test OLM installation	UNKNOWN STEP	2025-11-06T10:40:53.2142828Z #16 DONE 0.5s
Test OLM installation	UNKNOWN STEP	2025-11-06T10:40:53.3473885Z 
Test OLM installation	UNKNOWN STEP	2025-11-06T10:40:53.3475102Z #17 [stage-1 4/4] RUN echo "keycloak:x:0:root" >> /etc/group &&     echo "keycloak:x:1000:0:keycloak user:/opt/keycloak:/sbin/nologin" >> /etc/passwd
Test OLM installation	UNKNOWN STEP	2025-11-06T10:40:53.3476197Z #17 DONE 0.1s
Test OLM installation	UNKNOWN STEP	2025-11-06T10:40:53.4997281Z 
Test OLM installation	UNKNOWN STEP	2025-11-06T10:40:53.4998811Z #18 exporting to image
Test OLM installation	UNKNOWN STEP	2025-11-06T10:40:53.4999695Z #18 exporting layers
Test OLM installation	UNKNOWN STEP	2025-11-06T10:40:54.1769734Z #18 exporting layers 0.8s done
Test OLM installation	UNKNOWN STEP	2025-11-06T10:40:54.1988739Z #18 writing image sha256:0996e609b2583cdeccc92349b0f31a2766f0517d7f6faf18d475e8b9f899a2a9 done
Test OLM installation	UNKNOWN STEP	2025-11-06T10:40:54.1989805Z #18 naming to 192.168.49.2:5000/382d8akeycloak:86400000.0.0 done
Test OLM installation	UNKNOWN STEP	2025-11-06T10:40:54.1990349Z #18 DONE 0.8s
Test OLM installation	UNKNOWN STEP	2025-11-06T10:40:54.2044351Z + docker push 192.168.49.2:5000/382d8akeycloak:86400000.0.0
Test OLM installation	UNKNOWN STEP	2025-11-06T10:40:54.2204438Z The push refers to repository [192.168.49.2:5000/382d8akeycloak]
Test OLM installation	UNKNOWN STEP	2025-11-06T10:40:54.2208388Z Get "http://192.168.49.2:5000/v2/": dial tcp 192.168.49.2:5000: connect: connection refused
Test OLM installation	UNKNOWN STEP	2025-11-06T10:40:54.2232322Z ##[error]Process completed with exit code 1.
Test OLM installation	UNKNOWN STEP	2025-11-06T10:40:54.2280102Z ##[group]Run kubectl get keycloaks -A -o yaml
Test OLM installation	UNKNOWN STEP	2025-11-06T10:40:54.2280472Z [36;1mkubectl get keycloaks -A -o yaml[0m
Test OLM installation	UNKNOWN STEP	2025-11-06T10:40:54.2280783Z [36;1mkubectl get keycloakrealmimports -A -o yaml[0m
Test OLM installation	UNKNOWN STEP	2025-11-06T10:40:54.2315666Z shell: /usr/bin/bash --noprofile --norc -e -o pipefail {0}
Test OLM installation	UNKNOWN STEP	2025-11-06T10:40:54.2315985Z env:
Test OLM installation	UNKNOWN STEP	2025-11-06T10:40:54.2316262Z   MAVEN_ARGS: -B -nsu -Daether.connector.http.connectionMaxTtl=25
Test OLM installation	UNKNOWN STEP	2025-11-06T10:40:54.2316604Z   MINIKUBE_VERSION: v1.37.0
Test OLM installation	UNKNOWN STEP	2025-11-06T10:40:54.2316834Z   KUBERNETES_VERSION: v1.32.9
Test OLM installation	UNKNOWN STEP	2025-11-06T10:40:54.2317059Z   MINIKUBE_MEMORY: 4096
Test OLM installation	UNKNOWN STEP	2025-11-06T10:40:54.2317367Z   JAVA_HOME: /opt/hostedtoolcache/Java_Temurin-Hotspot_jdk/21.0.9-10/x64
Test OLM installation	UNKNOWN STEP	2025-11-06T10:40:54.2317816Z   JAVA_HOME_21_X64: /opt/hostedtoolcache/Java_Temurin-Hotspot_jdk/21.0.9-10/x64
Test OLM installation	UNKNOWN STEP	2025-11-06T10:40:54.2318191Z   MINIKUBE_HOME: /home/runner/work/_temp
Test OLM installation	UNKNOWN STEP	2025-11-06T10:40:54.2318437Z ##[endgroup]
Test OLM installation	UNKNOWN STEP	2025-11-06T10:40:54.3352106Z error: the server doesn't have a resource type "keycloaks"
Test OLM installation	UNKNOWN STEP	2025-11-06T10:40:54.3382894Z ##[error]Process completed with exit code 1.
Test OLM installation	UNKNOWN STEP	2025-11-06T10:40:54.3406339Z ##[group]Run oc adm inspect ns
Test OLM installation	UNKNOWN STEP	2025-11-06T10:40:54.3406628Z [36;1moc adm inspect ns[0m
Test OLM installation	UNKNOWN STEP	2025-11-06T10:40:54.3439371Z shell: /usr/bin/bash --noprofile --norc -e -o pipefail {0}
Test OLM installation	UNKNOWN STEP	2025-11-06T10:40:54.3439682Z env:
Test OLM installation	UNKNOWN STEP	2025-11-06T10:40:54.3439953Z   MAVEN_ARGS: -B -nsu -Daether.connector.http.connectionMaxTtl=25
Test OLM installation	UNKNOWN STEP	2025-11-06T10:40:54.3440292Z   MINIKUBE_VERSION: v1.37.0
Test OLM installation	UNKNOWN STEP	2025-11-06T10:40:54.3440515Z   KUBERNETES_VERSION: v1.32.9
Test OLM installation	UNKNOWN STEP	2025-11-06T10:40:54.3440731Z   MINIKUBE_MEMORY: 4096
Test OLM installation	UNKNOWN STEP	2025-11-06T10:40:54.3441036Z   JAVA_HOME: /opt/hostedtoolcache/Java_Temurin-Hotspot_jdk/21.0.9-10/x64
Test OLM installation	UNKNOWN STEP	2025-11-06T10:40:54.3441482Z   JAVA_HOME_21_X64: /opt/hostedtoolcache/Java_Temurin-Hotspot_jdk/21.0.9-10/x64
Test OLM installation	UNKNOWN STEP	2025-11-06T10:40:54.3441839Z   MINIKUBE_HOME: /home/runner/work/_temp
Test OLM installation	UNKNOWN STEP	2025-11-06T10:40:54.3442079Z ##[endgroup]
Test OLM installation	UNKNOWN STEP	2025-11-06T10:40:54.4498790Z Gathering data for ns/default...
Test OLM installation	UNKNOWN STEP	2025-11-06T10:40:54.4924645Z W1106 10:40:54.492211    9984 util.go:118] the server doesn't have a resource type egressfirewalls, skipping the inspection
Test OLM installation	UNKNOWN STEP	2025-11-06T10:40:54.4963270Z W1106 10:40:54.494961    9984 util.go:118] the server doesn't have a resource type egressqoses, skipping the inspection
Test OLM installation	UNKNOWN STEP	2025-11-06T10:40:54.5312348Z W1106 10:40:54.531016    9984 util.go:118] the server doesn't have a resource type servicemonitors, skipping the inspection
Test OLM installation	UNKNOWN STEP	2025-11-06T10:40:54.5351272Z W1106 10:40:54.534941    9984 util.go:118] the server doesn't have a resource type userdefinednetworks, skipping the inspection
Test OLM installation	UNKNOWN STEP	2025-11-06T10:40:54.5351999Z Gathering data for ns/kube-node-lease...
Test OLM installation	UNKNOWN STEP	2025-11-06T10:40:54.5653052Z W1106 10:40:54.565045    9984 util.go:118] the server doesn't have a resource type egressfirewalls, skipping the inspection
Test OLM installation	UNKNOWN STEP	2025-11-06T10:40:54.5668648Z W1106 10:40:54.566692    9984 util.go:118] the server doesn't have a resource type egressqoses, skipping the inspection
Test OLM installation	UNKNOWN STEP	2025-11-06T10:40:54.5971843Z W1106 10:40:54.597019    9984 util.go:118] the server doesn't have a resource type servicemonitors, skipping the inspection
Test OLM installation	UNKNOWN STEP	2025-11-06T10:40:54.5987698Z W1106 10:40:54.598618    9984 util.go:118] the server doesn't have a resource type userdefinednetworks, skipping the inspection
Test OLM installation	UNKNOWN STEP	2025-11-06T10:40:54.5988572Z Gathering data for ns/kube-public...
Test OLM installation	UNKNOWN STEP	2025-11-06T10:40:54.6318423Z W1106 10:40:54.631692    9984 util.go:118] the server doesn't have a resource type egressfirewalls, skipping the inspection
Test OLM installation	UNKNOWN STEP	2025-11-06T10:40:54.6334052Z W1106 10:40:54.633246    9984 util.go:118] the server doesn't have a resource type egressqoses, skipping the inspection
Test OLM installation	UNKNOWN STEP	2025-11-06T10:40:54.6612265Z W1106 10:40:54.661044    9984 util.go:118] the server doesn't have a resource type servicemonitors, skipping the inspection
Test OLM installation	UNKNOWN STEP	2025-11-06T10:40:54.6655017Z W1106 10:40:54.663111    9984 util.go:118] the server doesn't have a resource type userdefinednetworks, skipping the inspection
Test OLM installation	UNKNOWN STEP	2025-11-06T10:40:54.6656152Z Gathering data for ns/kube-system...
Test OLM installation	UNKNOWN STEP	2025-11-06T10:40:54.8431599Z W1106 10:40:54.843032    9984 util.go:118] the server doesn't have a resource type egressfirewalls, skipping the inspection
Test OLM installation	UNKNOWN STEP	2025-11-06T10:40:54.8445401Z W1106 10:40:54.844411    9984 util.go:118] the server doesn't have a resource type egressqoses, skipping the inspection
Test OLM installation	UNKNOWN STEP	2025-11-06T10:40:54.8980509Z W1106 10:40:54.897865    9984 util.go:118] the server doesn't have a resource type servicemonitors, skipping the inspection
Test OLM installation	UNKNOWN STEP	2025-11-06T10:40:54.8994544Z W1106 10:40:54.899310    9984 util.go:118] the server doesn't have a resource type userdefinednetworks, skipping the inspection
Test OLM installation	UNKNOWN STEP	2025-11-06T10:40:54.8995181Z Gathering data for ns/olm...
Test OLM installation	UNKNOWN STEP	2025-11-06T10:40:55.1431836Z W1106 10:40:55.143013    9984 util.go:118] the server doesn't have a resource type egressfirewalls, skipping the inspection
Test OLM installation	UNKNOWN STEP	2025-11-06T10:40:55.1446244Z W1106 10:40:55.144476    9984 util.go:118] the server doesn't have a resource type egressqoses, skipping the inspection
Test OLM installation	UNKNOWN STEP	2025-11-06T10:40:55.1881927Z W1106 10:40:55.187981    9984 util.go:118] the server doesn't have a resource type servicemonitors, skipping the inspection
Test OLM installation	UNKNOWN STEP	2025-11-06T10:40:55.1897337Z W1106 10:40:55.189568    9984 util.go:118] the server doesn't have a resource type userdefinednetworks, skipping the inspection
Test OLM installation	UNKNOWN STEP	2025-11-06T10:40:55.1898058Z Gathering data for ns/operators...
Test OLM installation	UNKNOWN STEP	2025-11-06T10:40:55.2189859Z W1106 10:40:55.218827    9984 util.go:118] the server doesn't have a resource type egressfirewalls, skipping the inspection
Test OLM installation	UNKNOWN STEP	2025-11-06T10:40:55.2204312Z W1106 10:40:55.220310    9984 util.go:118] the server doesn't have a resource type egressqoses, skipping the inspection
Test OLM installation	UNKNOWN STEP	2025-11-06T10:40:55.2509442Z W1106 10:40:55.250743    9984 util.go:118] the server doesn't have a resource type servicemonitors, skipping the inspection
Test OLM installation	UNKNOWN STEP	2025-11-06T10:40:55.2524600Z W1106 10:40:55.252308    9984 util.go:118] the server doesn't have a resource type userdefinednetworks, skipping the inspection
Test OLM installation	UNKNOWN STEP	2025-11-06T10:40:55.2666565Z Wrote inspect data to inspect.local.4138853693377150099.
Test OLM installation	UNKNOWN STEP	2025-11-06T10:40:55.2747954Z ##[group]Run actions/upload-artifact@ea165f8d65b6e75b540449e92b4886f43607fa02
Test OLM installation	UNKNOWN STEP	2025-11-06T10:40:55.2748355Z with:
Test OLM installation	UNKNOWN STEP	2025-11-06T10:40:55.2748529Z   name: oc-inspect
Test OLM installation	UNKNOWN STEP	2025-11-06T10:40:55.2748723Z   path: inspect.*
Test OLM installation	UNKNOWN STEP	2025-11-06T10:40:55.2748930Z   if-no-files-found: warn
Test OLM installation	UNKNOWN STEP	2025-11-06T10:40:55.2749147Z   compression-level: 6
Test OLM installation	UNKNOWN STEP	2025-11-06T10:40:55.2749386Z   overwrite: false
Test OLM installation	UNKNOWN STEP	2025-11-06T10:40:55.2749584Z   include-hidden-files: false
Test OLM installation	UNKNOWN STEP	2025-11-06T10:40:55.2749791Z env:
Test OLM installation	UNKNOWN STEP	2025-11-06T10:40:55.2750057Z   MAVEN_ARGS: -B -nsu -Daether.connector.http.connectionMaxTtl=25
Test OLM installation	UNKNOWN STEP	2025-11-06T10:40:55.2750390Z   MINIKUBE_VERSION: v1.37.0
Test OLM installation	UNKNOWN STEP	2025-11-06T10:40:55.2750610Z   KUBERNETES_VERSION: v1.32.9
Test OLM installation	UNKNOWN STEP	2025-11-06T10:40:55.2750834Z   MINIKUBE_MEMORY: 4096
Test OLM installation	UNKNOWN STEP	2025-11-06T10:40:55.2751148Z   JAVA_HOME: /opt/hostedtoolcache/Java_Temurin-Hotspot_jdk/21.0.9-10/x64
Test OLM installation	UNKNOWN STEP	2025-11-06T10:40:55.2751595Z   JAVA_HOME_21_X64: /opt/hostedtoolcache/Java_Temurin-Hotspot_jdk/21.0.9-10/x64
Test OLM installation	UNKNOWN STEP	2025-11-06T10:40:55.2751979Z   MINIKUBE_HOME: /home/runner/work/_temp
Test OLM installation	UNKNOWN STEP	2025-11-06T10:40:55.2752215Z ##[endgroup]
Test OLM installation	UNKNOWN STEP	2025-11-06T10:40:55.5734966Z With the provided path, there will be 174 files uploaded
Test OLM installation	UNKNOWN STEP	2025-11-06T10:40:55.5740646Z Artifact name is valid!
Test OLM installation	UNKNOWN STEP	2025-11-06T10:40:55.5741967Z Root directory input is valid!
Test OLM installation	UNKNOWN STEP	2025-11-06T10:40:55.6907858Z Beginning upload of artifact content to blob storage
Test OLM installation	UNKNOWN STEP	2025-11-06T10:40:55.9682197Z Uploaded bytes 224488
Test OLM installation	UNKNOWN STEP	2025-11-06T10:40:55.9879461Z Finished uploading artifact content to blob storage!
Test OLM installation	UNKNOWN STEP	2025-11-06T10:40:55.9882502Z SHA256 digest of uploaded artifact zip is ae983ad0dc7eaff3673daf0746ba7e1a419b053c8186f4098b020ba45ef451aa
Test OLM installation	UNKNOWN STEP	2025-11-06T10:40:55.9884802Z Finalizing artifact upload
Test OLM installation	UNKNOWN STEP	2025-11-06T10:40:56.0810422Z Artifact oc-inspect.zip successfully finalized. Artifact ID 4485572080
Test OLM installation	UNKNOWN STEP	2025-11-06T10:40:56.0811649Z Artifact oc-inspect has been successfully uploaded! Final size is 224488 bytes. Artifact ID is 4485572080
Test OLM installation	UNKNOWN STEP	2025-11-06T10:40:56.0818679Z Artifact download URL: https://github.com/keycloak/keycloak/actions/runs/19132744846/artifacts/4485572080
Test OLM installation	UNKNOWN STEP	2025-11-06T10:40:56.0953495Z Post job cleanup.
Test OLM installation	UNKNOWN STEP	2025-11-06T10:40:56.0994585Z Post job cleanup.
Test OLM installation	UNKNOWN STEP	2025-11-06T10:40:56.2798685Z Post job cleanup.
Test OLM installation	UNKNOWN STEP	2025-11-06T10:40:56.3631825Z [command]/usr/bin/git version
Test OLM installation	UNKNOWN STEP	2025-11-06T10:40:56.3668835Z git version 2.51.2
Test OLM installation	UNKNOWN STEP	2025-11-06T10:40:56.3708356Z Temporarily overriding HOME='/home/runner/work/_temp/74109640-998f-4297-87a4-c392eb4780dc' before making global git config changes
Test OLM installation	UNKNOWN STEP	2025-11-06T10:40:56.3709828Z Adding repository directory to the temporary git global config as a safe directory
Test OLM installation	UNKNOWN STEP	2025-11-06T10:40:56.3713424Z [command]/usr/bin/git config --global --add safe.directory /home/runner/work/keycloak/keycloak
Test OLM installation	UNKNOWN STEP	2025-11-06T10:40:56.3751084Z [command]/usr/bin/git config --local --name-only --get-regexp core\.sshCommand
Test OLM installation	UNKNOWN STEP	2025-11-06T10:40:56.3787816Z [command]/usr/bin/git submodule foreach --recursive sh -c "git config --local --name-only --get-regexp 'core\.sshCommand' && git config --local --unset-all 'core.sshCommand' || :"
Test OLM installation	UNKNOWN STEP	2025-11-06T10:40:56.4058508Z [command]/usr/bin/git config --local --name-only --get-regexp http\.https\:\/\/github\.com\/\.extraheader
Test OLM installation	UNKNOWN STEP	2025-11-06T10:40:56.4083008Z http.https://github.com/.extraheader
Test OLM installation	UNKNOWN STEP	2025-11-06T10:40:56.4093998Z [command]/usr/bin/git config --local --unset-all http.https://github.com/.extraheader
Test OLM installation	UNKNOWN STEP	2025-11-06T10:40:56.4128490Z [command]/usr/bin/git submodule foreach --recursive sh -c "git config --local --name-only --get-regexp 'http\.https\:\/\/github\.com\/\.extraheader' && git config --local --unset-all 'http.https://github.com/.extraheader' || :"
Test OLM installation	UNKNOWN STEP	2025-11-06T10:40:56.4509406Z Cleaning up orphan processes
Status Check - Keycloak Operator CI	UNKNOWN STEP	ï»¿2025-11-06T11:06:30.1640749Z Current runner version: '2.329.0'
Status Check - Keycloak Operator CI	UNKNOWN STEP	2025-11-06T11:06:30.1665687Z ##[group]Runner Image Provisioner
Status Check - Keycloak Operator CI	UNKNOWN STEP	2025-11-06T11:06:30.1666605Z Hosted Compute Agent
Status Check - Keycloak Operator CI	UNKNOWN STEP	2025-11-06T11:06:30.1667337Z Version: 20251016.436
Status Check - Keycloak Operator CI	UNKNOWN STEP	2025-11-06T11:06:30.1667956Z Commit: 8ab8ac8bfd662a3739dab9fe09456aba92132568
Status Check - Keycloak Operator CI	UNKNOWN STEP	2025-11-06T11:06:30.1668603Z Build Date: 2025-10-15T20:44:12Z
Status Check - Keycloak Operator CI	UNKNOWN STEP	2025-11-06T11:06:30.1669267Z ##[endgroup]
Status Check - Keycloak Operator CI	UNKNOWN STEP	2025-11-06T11:06:30.1669801Z ##[group]Operating System
Status Check - Keycloak Operator CI	UNKNOWN STEP	2025-11-06T11:06:30.1670354Z Ubuntu
Status Check - Keycloak Operator CI	UNKNOWN STEP	2025-11-06T11:06:30.1670865Z 24.04.3
Status Check - Keycloak Operator CI	UNKNOWN STEP	2025-11-06T11:06:30.1671334Z LTS
Status Check - Keycloak Operator CI	UNKNOWN STEP	2025-11-06T11:06:30.1671753Z ##[endgroup]
Status Check - Keycloak Operator CI	UNKNOWN STEP	2025-11-06T11:06:30.1672305Z ##[group]Runner Image
Status Check - Keycloak Operator CI	UNKNOWN STEP	2025-11-06T11:06:30.1672879Z Image: ubuntu-24.04
Status Check - Keycloak Operator CI	UNKNOWN STEP	2025-11-06T11:06:30.1673352Z Version: 20251030.96.2
Status Check - Keycloak Operator CI	UNKNOWN STEP	2025-11-06T11:06:30.1674421Z Included Software: https://github.com/actions/runner-images/blob/ubuntu24/20251030.96/images/ubuntu/Ubuntu2404-Readme.md
Status Check - Keycloak Operator CI	UNKNOWN STEP	2025-11-06T11:06:30.1675919Z Image Release: https://github.com/actions/runner-images/releases/tag/ubuntu24%2F20251030.96
Status Check - Keycloak Operator CI	UNKNOWN STEP	2025-11-06T11:06:30.1677319Z ##[endgroup]
Status Check - Keycloak Operator CI	UNKNOWN STEP	2025-11-06T11:06:30.1678382Z ##[group]GITHUB_TOKEN Permissions
Status Check - Keycloak Operator CI	UNKNOWN STEP	2025-11-06T11:06:30.1680591Z Contents: read
Status Check - Keycloak Operator CI	UNKNOWN STEP	2025-11-06T11:06:30.1681174Z Metadata: read
Status Check - Keycloak Operator CI	UNKNOWN STEP	2025-11-06T11:06:30.1681633Z ##[endgroup]
Status Check - Keycloak Operator CI	UNKNOWN STEP	2025-11-06T11:06:30.1684636Z Secret source: None
Status Check - Keycloak Operator CI	UNKNOWN STEP	2025-11-06T11:06:30.1685548Z Prepare workflow directory
Status Check - Keycloak Operator CI	UNKNOWN STEP	2025-11-06T11:06:30.2102448Z Prepare all required actions
Status Check - Keycloak Operator CI	UNKNOWN STEP	2025-11-06T11:06:30.2140532Z Getting action download info
Status Check - Keycloak Operator CI	UNKNOWN STEP	2025-11-06T11:06:30.5281865Z Download action repository 'actions/checkout@08c6903cd8c0fde910a37f88322edcfb5dd907a8' (SHA:08c6903cd8c0fde910a37f88322edcfb5dd907a8)
Status Check - Keycloak Operator CI	UNKNOWN STEP	2025-11-06T11:06:30.8131367Z Complete job name: Status Check - Keycloak Operator CI
Status Check - Keycloak Operator CI	UNKNOWN STEP	2025-11-06T11:06:30.8811226Z ##[group]Run actions/checkout@08c6903cd8c0fde910a37f88322edcfb5dd907a8
Status Check - Keycloak Operator CI	UNKNOWN STEP	2025-11-06T11:06:30.8812237Z with:
Status Check - Keycloak Operator CI	UNKNOWN STEP	2025-11-06T11:06:30.8812630Z   repository: keycloak/keycloak
Status Check - Keycloak Operator CI	UNKNOWN STEP	2025-11-06T11:06:30.8813259Z   token: ***
Status Check - Keycloak Operator CI	UNKNOWN STEP	2025-11-06T11:06:30.8813624Z   ssh-strict: true
Status Check - Keycloak Operator CI	UNKNOWN STEP	2025-11-06T11:06:30.8814008Z   ssh-user: git
Status Check - Keycloak Operator CI	UNKNOWN STEP	2025-11-06T11:06:30.8814413Z   persist-credentials: true
Status Check - Keycloak Operator CI	UNKNOWN STEP	2025-11-06T11:06:30.8814849Z   clean: true
Status Check - Keycloak Operator CI	UNKNOWN STEP	2025-11-06T11:06:30.8815250Z   sparse-checkout-cone-mode: true
Status Check - Keycloak Operator CI	UNKNOWN STEP	2025-11-06T11:06:30.8815726Z   fetch-depth: 1
Status Check - Keycloak Operator CI	UNKNOWN STEP	2025-11-06T11:06:30.8816104Z   fetch-tags: false
Status Check - Keycloak Operator CI	UNKNOWN STEP	2025-11-06T11:06:30.8816712Z   show-progress: true
Status Check - Keycloak Operator CI	UNKNOWN STEP	2025-11-06T11:06:30.8817111Z   lfs: false
Status Check - Keycloak Operator CI	UNKNOWN STEP	2025-11-06T11:06:30.8817463Z   submodules: false
Status Check - Keycloak Operator CI	UNKNOWN STEP	2025-11-06T11:06:30.8817870Z   set-safe-directory: true
Status Check - Keycloak Operator CI	UNKNOWN STEP	2025-11-06T11:06:30.8818553Z env:
Status Check - Keycloak Operator CI	UNKNOWN STEP	2025-11-06T11:06:30.8819091Z   MAVEN_ARGS: -B -nsu -Daether.connector.http.connectionMaxTtl=25
Status Check - Keycloak Operator CI	UNKNOWN STEP	2025-11-06T11:06:30.8819737Z   MINIKUBE_VERSION: v1.37.0
Status Check - Keycloak Operator CI	UNKNOWN STEP	2025-11-06T11:06:30.8820227Z   KUBERNETES_VERSION: v1.32.9
Status Check - Keycloak Operator CI	UNKNOWN STEP	2025-11-06T11:06:30.8820668Z   MINIKUBE_MEMORY: 4096
Status Check - Keycloak Operator CI	UNKNOWN STEP	2025-11-06T11:06:30.8821072Z ##[endgroup]
Status Check - Keycloak Operator CI	UNKNOWN STEP	2025-11-06T11:06:30.9750236Z Syncing repository: keycloak/keycloak
Status Check - Keycloak Operator CI	UNKNOWN STEP	2025-11-06T11:06:30.9751921Z ##[group]Getting Git version info
Status Check - Keycloak Operator CI	UNKNOWN STEP	2025-11-06T11:06:30.9752614Z Working directory is '/home/runner/work/keycloak/keycloak'
Status Check - Keycloak Operator CI	UNKNOWN STEP	2025-11-06T11:06:30.9753623Z [command]/usr/bin/git version
Status Check - Keycloak Operator CI	UNKNOWN STEP	2025-11-06T11:06:30.9820109Z git version 2.51.2
Status Check - Keycloak Operator CI	UNKNOWN STEP	2025-11-06T11:06:30.9873042Z ##[endgroup]
Status Check - Keycloak Operator CI	UNKNOWN STEP	2025-11-06T11:06:30.9887780Z Temporarily overriding HOME='/home/runner/work/_temp/608a6098-fa4a-4f8b-9c0d-cfb9ef73b3c5' before making global git config changes
Status Check - Keycloak Operator CI	UNKNOWN STEP	2025-11-06T11:06:30.9889908Z Adding repository directory to the temporary git global config as a safe directory
Status Check - Keycloak Operator CI	UNKNOWN STEP	2025-11-06T11:06:30.9892702Z [command]/usr/bin/git config --global --add safe.directory /home/runner/work/keycloak/keycloak
Status Check - Keycloak Operator CI	UNKNOWN STEP	2025-11-06T11:06:30.9932311Z Deleting the contents of '/home/runner/work/keycloak/keycloak'
Status Check - Keycloak Operator CI	UNKNOWN STEP	2025-11-06T11:06:30.9936808Z ##[group]Initializing the repository
Status Check - Keycloak Operator CI	UNKNOWN STEP	2025-11-06T11:06:30.9941540Z [command]/usr/bin/git init /home/runner/work/keycloak/keycloak
Status Check - Keycloak Operator CI	UNKNOWN STEP	2025-11-06T11:06:31.0032383Z hint: Using 'master' as the name for the initial branch. This default branch name
Status Check - Keycloak Operator CI	UNKNOWN STEP	2025-11-06T11:06:31.0033450Z hint: is subject to change. To configure the initial branch name to use in all
Status Check - Keycloak Operator CI	UNKNOWN STEP	2025-11-06T11:06:31.0034696Z hint: of your new repositories, which will suppress this warning, call:
Status Check - Keycloak Operator CI	UNKNOWN STEP	2025-11-06T11:06:31.0035884Z hint:
Status Check - Keycloak Operator CI	UNKNOWN STEP	2025-11-06T11:06:31.0036610Z hint: 	git config --global init.defaultBranch <name>
Status Check - Keycloak Operator CI	UNKNOWN STEP	2025-11-06T11:06:31.0037446Z hint:
Status Check - Keycloak Operator CI	UNKNOWN STEP	2025-11-06T11:06:31.0038427Z hint: Names commonly chosen instead of 'master' are 'main', 'trunk' and
Status Check - Keycloak Operator CI	UNKNOWN STEP	2025-11-06T11:06:31.0040061Z hint: 'development'. The just-created branch can be renamed via this command:
Status Check - Keycloak Operator CI	UNKNOWN STEP	2025-11-06T11:06:31.0041315Z hint:
Status Check - Keycloak Operator CI	UNKNOWN STEP	2025-11-06T11:06:31.0042027Z hint: 	git branch -m <name>
Status Check - Keycloak Operator CI	UNKNOWN STEP	2025-11-06T11:06:31.0042859Z hint:
Status Check - Keycloak Operator CI	UNKNOWN STEP	2025-11-06T11:06:31.0043965Z hint: Disable this message with "git config set advice.defaultBranchName false"
Status Check - Keycloak Operator CI	UNKNOWN STEP	2025-11-06T11:06:31.0045647Z Initialized empty Git repository in /home/runner/work/keycloak/keycloak/.git/
Status Check - Keycloak Operator CI	UNKNOWN STEP	2025-11-06T11:06:31.0048923Z [command]/usr/bin/git remote add origin https://github.com/keycloak/keycloak
Status Check - Keycloak Operator CI	UNKNOWN STEP	2025-11-06T11:06:31.0084385Z ##[endgroup]
Status Check - Keycloak Operator CI	UNKNOWN STEP	2025-11-06T11:06:31.0085618Z ##[group]Disabling automatic garbage collection
Status Check - Keycloak Operator CI	UNKNOWN STEP	2025-11-06T11:06:31.0089358Z [command]/usr/bin/git config --local gc.auto 0
Status Check - Keycloak Operator CI	UNKNOWN STEP	2025-11-06T11:06:31.0117910Z ##[endgroup]
Status Check - Keycloak Operator CI	UNKNOWN STEP	2025-11-06T11:06:31.0119267Z ##[group]Setting up auth
Status Check - Keycloak Operator CI	UNKNOWN STEP	2025-11-06T11:06:31.0125207Z [command]/usr/bin/git config --local --name-only --get-regexp core\.sshCommand
Status Check - Keycloak Operator CI	UNKNOWN STEP	2025-11-06T11:06:31.0157226Z [command]/usr/bin/git submodule foreach --recursive sh -c "git config --local --name-only --get-regexp 'core\.sshCommand' && git config --local --unset-all 'core.sshCommand' || :"
Status Check - Keycloak Operator CI	UNKNOWN STEP	2025-11-06T11:06:31.0580593Z [command]/usr/bin/git config --local --name-only --get-regexp http\.https\:\/\/github\.com\/\.extraheader
Status Check - Keycloak Operator CI	UNKNOWN STEP	2025-11-06T11:06:31.0611458Z [command]/usr/bin/git submodule foreach --recursive sh -c "git config --local --name-only --get-regexp 'http\.https\:\/\/github\.com\/\.extraheader' && git config --local --unset-all 'http.https://github.com/.extraheader' || :"
Status Check - Keycloak Operator CI	UNKNOWN STEP	2025-11-06T11:06:31.0833820Z [command]/usr/bin/git config --local http.https://github.com/.extraheader AUTHORIZATION: basic ***
Status Check - Keycloak Operator CI	UNKNOWN STEP	2025-11-06T11:06:31.0875067Z ##[endgroup]
Status Check - Keycloak Operator CI	UNKNOWN STEP	2025-11-06T11:06:31.0875878Z ##[group]Fetching the repository
Status Check - Keycloak Operator CI	UNKNOWN STEP	2025-11-06T11:06:31.0884581Z [command]/usr/bin/git -c protocol.version=2 fetch --no-tags --prune --no-recurse-submodules --depth=1 origin +382d8a2e3efa9c9f4c1dc5e128278b0f2cef636e:refs/remotes/pull/43943/merge
Status Check - Keycloak Operator CI	UNKNOWN STEP	2025-11-06T11:06:33.1112040Z From https://github.com/keycloak/keycloak
Status Check - Keycloak Operator CI	UNKNOWN STEP	2025-11-06T11:06:33.1114126Z  * [new ref]         382d8a2e3efa9c9f4c1dc5e128278b0f2cef636e -> pull/43943/merge
Status Check - Keycloak Operator CI	UNKNOWN STEP	2025-11-06T11:06:33.1143048Z ##[endgroup]
Status Check - Keycloak Operator CI	UNKNOWN STEP	2025-11-06T11:06:33.1144241Z ##[group]Determining the checkout info
Status Check - Keycloak Operator CI	UNKNOWN STEP	2025-11-06T11:06:33.1145759Z ##[endgroup]
Status Check - Keycloak Operator CI	UNKNOWN STEP	2025-11-06T11:06:33.1150624Z [command]/usr/bin/git sparse-checkout disable
Status Check - Keycloak Operator CI	UNKNOWN STEP	2025-11-06T11:06:33.1192277Z [command]/usr/bin/git config --local --unset-all extensions.worktreeConfig
Status Check - Keycloak Operator CI	UNKNOWN STEP	2025-11-06T11:06:33.1219835Z ##[group]Checking out the ref
Status Check - Keycloak Operator CI	UNKNOWN STEP	2025-11-06T11:06:33.1224101Z [command]/usr/bin/git checkout --progress --force refs/remotes/pull/43943/merge
Status Check - Keycloak Operator CI	UNKNOWN STEP	2025-11-06T11:06:33.9602295Z Note: switching to 'refs/remotes/pull/43943/merge'.
Status Check - Keycloak Operator CI	UNKNOWN STEP	2025-11-06T11:06:33.9603903Z 
Status Check - Keycloak Operator CI	UNKNOWN STEP	2025-11-06T11:06:33.9604249Z You are in 'detached HEAD' state. You can look around, make experimental
Status Check - Keycloak Operator CI	UNKNOWN STEP	2025-11-06T11:06:33.9605021Z changes and commit them, and you can discard any commits you make in this
Status Check - Keycloak Operator CI	UNKNOWN STEP	2025-11-06T11:06:33.9605631Z state without impacting any branches by switching back to a branch.
Status Check - Keycloak Operator CI	UNKNOWN STEP	2025-11-06T11:06:33.9605980Z 
Status Check - Keycloak Operator CI	UNKNOWN STEP	2025-11-06T11:06:33.9606222Z If you want to create a new branch to retain commits you create, you may
Status Check - Keycloak Operator CI	UNKNOWN STEP	2025-11-06T11:06:33.9607005Z do so (now or later) by using -c with the switch command. Example:
Status Check - Keycloak Operator CI	UNKNOWN STEP	2025-11-06T11:06:33.9607310Z 
Status Check - Keycloak Operator CI	UNKNOWN STEP	2025-11-06T11:06:33.9607458Z   git switch -c <new-branch-name>
Status Check - Keycloak Operator CI	UNKNOWN STEP	2025-11-06T11:06:33.9607695Z 
Status Check - Keycloak Operator CI	UNKNOWN STEP	2025-11-06T11:06:33.9607846Z Or undo this operation with:
Status Check - Keycloak Operator CI	UNKNOWN STEP	2025-11-06T11:06:33.9608048Z 
Status Check - Keycloak Operator CI	UNKNOWN STEP	2025-11-06T11:06:33.9608179Z   git switch -
Status Check - Keycloak Operator CI	UNKNOWN STEP	2025-11-06T11:06:33.9608347Z 
Status Check - Keycloak Operator CI	UNKNOWN STEP	2025-11-06T11:06:33.9608636Z Turn off this advice by setting config variable advice.detachedHead to false
Status Check - Keycloak Operator CI	UNKNOWN STEP	2025-11-06T11:06:33.9609011Z 
Status Check - Keycloak Operator CI	UNKNOWN STEP	2025-11-06T11:06:33.9609427Z HEAD is now at 382d8a2 Merge ea6d05b3c83a024496c1a68f767676390bbca507 into b8a8be33aa578789cd5c11a4fed046356f85b776
Status Check - Keycloak Operator CI	UNKNOWN STEP	2025-11-06T11:06:33.9636480Z ##[endgroup]
Status Check - Keycloak Operator CI	UNKNOWN STEP	2025-11-06T11:06:33.9676706Z [command]/usr/bin/git log -1 --format=%H
Status Check - Keycloak Operator CI	UNKNOWN STEP	2025-11-06T11:06:33.9700037Z 382d8a2e3efa9c9f4c1dc5e128278b0f2cef636e
Status Check - Keycloak Operator CI	UNKNOWN STEP	2025-11-06T11:06:33.9956837Z Prepare all required actions
Status Check - Keycloak Operator CI	UNKNOWN STEP	2025-11-06T11:06:34.0029148Z ##[group]Run ./.github/actions/status-check
Status Check - Keycloak Operator CI	UNKNOWN STEP	2025-11-06T11:06:34.0029480Z with:
Status Check - Keycloak Operator CI	UNKNOWN STEP	2025-11-06T11:06:34.0030423Z   jobs: {
Status Check - Keycloak Operator CI	UNKNOWN STEP	  "conditional": {
Status Check - Keycloak Operator CI	UNKNOWN STEP	    "result": "success",
Status Check - Keycloak Operator CI	UNKNOWN STEP	    "outputs": {
Status Check - Keycloak Operator CI	UNKNOWN STEP	      "operator": "true"
Status Check - Keycloak Operator CI	UNKNOWN STEP	    }
Status Check - Keycloak Operator CI	UNKNOWN STEP	  },
Status Check - Keycloak Operator CI	UNKNOWN STEP	  "build": {
Status Check - Keycloak Operator CI	UNKNOWN STEP	    "result": "success",
Status Check - Keycloak Operator CI	UNKNOWN STEP	    "outputs": {}
Status Check - Keycloak Operator CI	UNKNOWN STEP	  },
Status Check - Keycloak Operator CI	UNKNOWN STEP	  "test-local-apiserver": {
Status Check - Keycloak Operator CI	UNKNOWN STEP	    "result": "success",
Status Check - Keycloak Operator CI	UNKNOWN STEP	    "outputs": {}
Status Check - Keycloak Operator CI	UNKNOWN STEP	  },
Status Check - Keycloak Operator CI	UNKNOWN STEP	  "test-remote": {
Status Check - Keycloak Operator CI	UNKNOWN STEP	    "result": "success",
Status Check - Keycloak Operator CI	UNKNOWN STEP	    "outputs": {}
Status Check - Keycloak Operator CI	UNKNOWN STEP	  },
Status Check - Keycloak Operator CI	UNKNOWN STEP	  "test-olm": {
Status Check - Keycloak Operator CI	UNKNOWN STEP	    "result": "failure",
Status Check - Keycloak Operator CI	UNKNOWN STEP	    "outputs": {}
Status Check - Keycloak Operator CI	UNKNOWN STEP	  }
Status Check - Keycloak Operator CI	UNKNOWN STEP	}
Status Check - Keycloak Operator CI	UNKNOWN STEP	2025-11-06T11:06:34.0031343Z env:
Status Check - Keycloak Operator CI	UNKNOWN STEP	2025-11-06T11:06:34.0031649Z   MAVEN_ARGS: -B -nsu -Daether.connector.http.connectionMaxTtl=25
Status Check - Keycloak Operator CI	UNKNOWN STEP	2025-11-06T11:06:34.0032055Z   MINIKUBE_VERSION: v1.37.0
Status Check - Keycloak Operator CI	UNKNOWN STEP	2025-11-06T11:06:34.0032335Z   KUBERNETES_VERSION: v1.32.9
Status Check - Keycloak Operator CI	UNKNOWN STEP	2025-11-06T11:06:34.0032653Z   MINIKUBE_MEMORY: 4096
Status Check - Keycloak Operator CI	UNKNOWN STEP	2025-11-06T11:06:34.0032885Z ##[endgroup]
Status Check - Keycloak Operator CI	UNKNOWN STEP	2025-11-06T11:06:34.0135567Z ##[group]Run JOBS='{
Status Check - Keycloak Operator CI	UNKNOWN STEP	2025-11-06T11:06:34.0135918Z [36;1mJOBS='{[0m
Status Check - Keycloak Operator CI	UNKNOWN STEP	2025-11-06T11:06:34.0136218Z [36;1m  "conditional": {[0m
Status Check - Keycloak Operator CI	UNKNOWN STEP	2025-11-06T11:06:34.0136730Z [36;1m    "result": "success",[0m
Status Check - Keycloak Operator CI	UNKNOWN STEP	2025-11-06T11:06:34.0137017Z [36;1m    "outputs": {[0m
Status Check - Keycloak Operator CI	UNKNOWN STEP	2025-11-06T11:06:34.0137262Z [36;1m      "operator": "true"[0m
Status Check - Keycloak Operator CI	UNKNOWN STEP	2025-11-06T11:06:34.0137515Z [36;1m    }[0m
Status Check - Keycloak Operator CI	UNKNOWN STEP	2025-11-06T11:06:34.0137714Z [36;1m  },[0m
Status Check - Keycloak Operator CI	UNKNOWN STEP	2025-11-06T11:06:34.0137923Z [36;1m  "build": {[0m
Status Check - Keycloak Operator CI	UNKNOWN STEP	2025-11-06T11:06:34.0138149Z [36;1m    "result": "success",[0m
Status Check - Keycloak Operator CI	UNKNOWN STEP	2025-11-06T11:06:34.0138601Z [36;1m    "outputs": {}[0m
Status Check - Keycloak Operator CI	UNKNOWN STEP	2025-11-06T11:06:34.0138866Z [36;1m  },[0m
Status Check - Keycloak Operator CI	UNKNOWN STEP	2025-11-06T11:06:34.0139092Z [36;1m  "test-local-apiserver": {[0m
Status Check - Keycloak Operator CI	UNKNOWN STEP	2025-11-06T11:06:34.0139374Z [36;1m    "result": "success",[0m
Status Check - Keycloak Operator CI	UNKNOWN STEP	2025-11-06T11:06:34.0139625Z [36;1m    "outputs": {}[0m
Status Check - Keycloak Operator CI	UNKNOWN STEP	2025-11-06T11:06:34.0139876Z [36;1m  },[0m
Status Check - Keycloak Operator CI	UNKNOWN STEP	2025-11-06T11:06:34.0140084Z [36;1m  "test-remote": {[0m
Status Check - Keycloak Operator CI	UNKNOWN STEP	2025-11-06T11:06:34.0140380Z [36;1m    "result": "success",[0m
Status Check - Keycloak Operator CI	UNKNOWN STEP	2025-11-06T11:06:34.0140630Z [36;1m    "outputs": {}[0m
Status Check - Keycloak Operator CI	UNKNOWN STEP	2025-11-06T11:06:34.0140857Z [36;1m  },[0m
Status Check - Keycloak Operator CI	UNKNOWN STEP	2025-11-06T11:06:34.0141071Z [36;1m  "test-olm": {[0m
Status Check - Keycloak Operator CI	UNKNOWN STEP	2025-11-06T11:06:34.0141306Z [36;1m    "result": "failure",[0m
Status Check - Keycloak Operator CI	UNKNOWN STEP	2025-11-06T11:06:34.0141562Z [36;1m    "outputs": {}[0m
Status Check - Keycloak Operator CI	UNKNOWN STEP	2025-11-06T11:06:34.0141786Z [36;1m  }[0m
Status Check - Keycloak Operator CI	UNKNOWN STEP	2025-11-06T11:06:34.0141984Z [36;1m}'[0m
Status Check - Keycloak Operator CI	UNKNOWN STEP	2025-11-06T11:06:34.0142192Z [36;1m[0m
Status Check - Keycloak Operator CI	UNKNOWN STEP	2025-11-06T11:06:34.0142399Z [36;1mecho "Job status:"[0m
Status Check - Keycloak Operator CI	UNKNOWN STEP	2025-11-06T11:06:34.0142762Z [36;1mecho $JOBS | jq -r 'to_entries[] | " - \(.key): \(.value.result)"'[0m
Status Check - Keycloak Operator CI	UNKNOWN STEP	2025-11-06T11:06:34.0143117Z [36;1m[0m
Status Check - Keycloak Operator CI	UNKNOWN STEP	2025-11-06T11:06:34.0143393Z [36;1mfor i in $(echo $JOBS | jq -r 'to_entries[] | .value.result'); do[0m
Status Check - Keycloak Operator CI	UNKNOWN STEP	2025-11-06T11:06:34.0143797Z [36;1m  if [ "$i" != "success" ] && [ "$i" != "skipped" ]; then[0m
Status Check - Keycloak Operator CI	UNKNOWN STEP	2025-11-06T11:06:34.0144111Z [36;1m    echo ""[0m
Status Check - Keycloak Operator CI	UNKNOWN STEP	2025-11-06T11:06:34.0144351Z [36;1m    echo "Status check not okay!"[0m
Status Check - Keycloak Operator CI	UNKNOWN STEP	2025-11-06T11:06:34.0144630Z [36;1m    exit 1[0m
Status Check - Keycloak Operator CI	UNKNOWN STEP	2025-11-06T11:06:34.0144839Z [36;1m  fi[0m
Status Check - Keycloak Operator CI	UNKNOWN STEP	2025-11-06T11:06:34.0145039Z [36;1mdone[0m
Status Check - Keycloak Operator CI	UNKNOWN STEP	2025-11-06T11:06:34.0182579Z shell: /usr/bin/bash --noprofile --norc -e -o pipefail {0}
Status Check - Keycloak Operator CI	UNKNOWN STEP	2025-11-06T11:06:34.0182951Z env:
Status Check - Keycloak Operator CI	UNKNOWN STEP	2025-11-06T11:06:34.0183252Z   MAVEN_ARGS: -B -nsu -Daether.connector.http.connectionMaxTtl=25
Status Check - Keycloak Operator CI	UNKNOWN STEP	2025-11-06T11:06:34.0183635Z   MINIKUBE_VERSION: v1.37.0
Status Check - Keycloak Operator CI	UNKNOWN STEP	2025-11-06T11:06:34.0183903Z   KUBERNETES_VERSION: v1.32.9
Status Check - Keycloak Operator CI	UNKNOWN STEP	2025-11-06T11:06:34.0184281Z   MINIKUBE_MEMORY: 4096
Status Check - Keycloak Operator CI	UNKNOWN STEP	2025-11-06T11:06:34.0184509Z ##[endgroup]
Status Check - Keycloak Operator CI	UNKNOWN STEP	2025-11-06T11:06:34.0260474Z Job status:
Status Check - Keycloak Operator CI	UNKNOWN STEP	2025-11-06T11:06:34.0304651Z  - conditional: success
Status Check - Keycloak Operator CI	UNKNOWN STEP	2025-11-06T11:06:34.0305114Z  - build: success
Status Check - Keycloak Operator CI	UNKNOWN STEP	2025-11-06T11:06:34.0305506Z  - test-local-apiserver: success
Status Check - Keycloak Operator CI	UNKNOWN STEP	2025-11-06T11:06:34.0305851Z  - test-remote: success
Status Check - Keycloak Operator CI	UNKNOWN STEP	2025-11-06T11:06:34.0306145Z  - test-olm: failure
Status Check - Keycloak Operator CI	UNKNOWN STEP	2025-11-06T11:06:34.0339684Z 
Status Check - Keycloak Operator CI	UNKNOWN STEP	2025-11-06T11:06:34.0340205Z Status check not okay!
Status Check - Keycloak Operator CI	UNKNOWN STEP	2025-11-06T11:06:34.0353074Z ##[error]Process completed with exit code 1.
Status Check - Keycloak Operator CI	UNKNOWN STEP	2025-11-06T11:06:34.0473367Z Post job cleanup.
Status Check - Keycloak Operator CI	UNKNOWN STEP	2025-11-06T11:06:34.1245492Z [command]/usr/bin/git version
Status Check - Keycloak Operator CI	UNKNOWN STEP	2025-11-06T11:06:34.1313619Z git version 2.51.2
Status Check - Keycloak Operator CI	UNKNOWN STEP	2025-11-06T11:06:34.1350025Z Temporarily overriding HOME='/home/runner/work/_temp/b9c1826f-367c-4b06-a8f2-c9ddf3943e67' before making global git config changes
Status Check - Keycloak Operator CI	UNKNOWN STEP	2025-11-06T11:06:34.1351194Z Adding repository directory to the temporary git global config as a safe directory
Status Check - Keycloak Operator CI	UNKNOWN STEP	2025-11-06T11:06:34.1355209Z [command]/usr/bin/git config --global --add safe.directory /home/runner/work/keycloak/keycloak
Status Check - Keycloak Operator CI	UNKNOWN STEP	2025-11-06T11:06:34.1392138Z [command]/usr/bin/git config --local --name-only --get-regexp core\.sshCommand
Status Check - Keycloak Operator CI	UNKNOWN STEP	2025-11-06T11:06:34.1424899Z [command]/usr/bin/git submodule foreach --recursive sh -c "git config --local --name-only --get-regexp 'core\.sshCommand' && git config --local --unset-all 'core.sshCommand' || :"
Status Check - Keycloak Operator CI	UNKNOWN STEP	2025-11-06T11:06:34.1674286Z [command]/usr/bin/git config --local --name-only --get-regexp http\.https\:\/\/github\.com\/\.extraheader
Status Check - Keycloak Operator CI	UNKNOWN STEP	2025-11-06T11:06:34.1697767Z http.https://github.com/.extraheader
Status Check - Keycloak Operator CI	UNKNOWN STEP	2025-11-06T11:06:34.1706891Z [command]/usr/bin/git config --local --unset-all http.https://github.com/.extraheader
Status Check - Keycloak Operator CI	UNKNOWN STEP	2025-11-06T11:06:34.1737223Z [command]/usr/bin/git submodule foreach --recursive sh -c "git config --local --name-only --get-regexp 'http\.https\:\/\/github\.com\/\.extraheader' && git config --local --unset-all 'http.https://github.com/.extraheader' || :"
Status Check - Keycloak Operator CI	UNKNOWN STEP	2025-11-06T11:06:34.2090668Z Cleaning up orphan processes
