Test OLM installation	UNKNOWN STEP	Ôªø2025-06-02T19:15:49.9703236Z Current runner version: '2.324.0'
Test OLM installation	UNKNOWN STEP	2025-06-02T19:15:49.9727349Z ##[group]Runner Image Provisioner
Test OLM installation	UNKNOWN STEP	2025-06-02T19:15:49.9728166Z Hosted Compute Agent
Test OLM installation	UNKNOWN STEP	2025-06-02T19:15:49.9728746Z Version: 20250508.323
Test OLM installation	UNKNOWN STEP	2025-06-02T19:15:49.9729441Z Commit: 81b259f29879f73b4213d199e42d8c3465dae986
Test OLM installation	UNKNOWN STEP	2025-06-02T19:15:49.9730194Z Build Date: 2025-05-08T19:40:08Z
Test OLM installation	UNKNOWN STEP	2025-06-02T19:15:49.9730781Z ##[endgroup]
Test OLM installation	UNKNOWN STEP	2025-06-02T19:15:49.9731394Z ##[group]Operating System
Test OLM installation	UNKNOWN STEP	2025-06-02T19:15:49.9731963Z Ubuntu
Test OLM installation	UNKNOWN STEP	2025-06-02T19:15:49.9732407Z 24.04.2
Test OLM installation	UNKNOWN STEP	2025-06-02T19:15:49.9732935Z LTS
Test OLM installation	UNKNOWN STEP	2025-06-02T19:15:49.9733394Z ##[endgroup]
Test OLM installation	UNKNOWN STEP	2025-06-02T19:15:49.9733891Z ##[group]Runner Image
Test OLM installation	UNKNOWN STEP	2025-06-02T19:15:49.9734432Z Image: ubuntu-24.04
Test OLM installation	UNKNOWN STEP	2025-06-02T19:15:49.9735115Z Version: 20250511.1.0
Test OLM installation	UNKNOWN STEP	2025-06-02T19:15:49.9736114Z Included Software: https://github.com/actions/runner-images/blob/ubuntu24/20250511.1/images/ubuntu/Ubuntu2404-Readme.md
Test OLM installation	UNKNOWN STEP	2025-06-02T19:15:49.9737714Z Image Release: https://github.com/actions/runner-images/releases/tag/ubuntu24%2F20250511.1
Test OLM installation	UNKNOWN STEP	2025-06-02T19:15:49.9738693Z ##[endgroup]
Test OLM installation	UNKNOWN STEP	2025-06-02T19:15:49.9739751Z ##[group]GITHUB_TOKEN Permissions
Test OLM installation	UNKNOWN STEP	2025-06-02T19:15:49.9741889Z Contents: read
Test OLM installation	UNKNOWN STEP	2025-06-02T19:15:49.9742401Z Metadata: read
Test OLM installation	UNKNOWN STEP	2025-06-02T19:15:49.9743033Z ##[endgroup]
Test OLM installation	UNKNOWN STEP	2025-06-02T19:15:49.9745625Z Secret source: None
Test OLM installation	UNKNOWN STEP	2025-06-02T19:15:49.9746295Z Prepare workflow directory
Test OLM installation	UNKNOWN STEP	2025-06-02T19:15:50.0162199Z Prepare all required actions
Test OLM installation	UNKNOWN STEP	2025-06-02T19:15:50.0200411Z Getting action download info
Test OLM installation	UNKNOWN STEP	2025-06-02T19:15:50.3865573Z ##[group]Download immutable action package 'actions/checkout@v4'
Test OLM installation	UNKNOWN STEP	2025-06-02T19:15:50.3866790Z Version: 4.2.2
Test OLM installation	UNKNOWN STEP	2025-06-02T19:15:50.3867972Z Digest: sha256:ccb2698953eaebd21c7bf6268a94f9c26518a7e38e27e0b83c1fe1ad049819b1
Test OLM installation	UNKNOWN STEP	2025-06-02T19:15:50.3869302Z Source commit SHA: 11bd71901bbe5b1630ceea73d27597364c9af683
Test OLM installation	UNKNOWN STEP	2025-06-02T19:15:50.3870114Z ##[endgroup]
Test OLM installation	UNKNOWN STEP	2025-06-02T19:15:50.4613540Z Download action repository 'manusa/actions-setup-minikube@v2.13.1' (SHA:5d9440a1b535e8b4f541eaac559681a9022df29d)
Test OLM installation	UNKNOWN STEP	2025-06-02T19:15:51.1848286Z Download action repository 'redhat-actions/openshift-tools-installer@v1' (SHA:144527c7d98999f2652264c048c7a9bd103f8a82)
Test OLM installation	UNKNOWN STEP	2025-06-02T19:15:51.5641023Z ##[group]Download immutable action package 'actions/download-artifact@v4'
Test OLM installation	UNKNOWN STEP	2025-06-02T19:15:51.5642341Z Version: 4.3.0
Test OLM installation	UNKNOWN STEP	2025-06-02T19:15:51.5643532Z Digest: sha256:552a5b9ad918f62ec0c2e8f42f3c694d4ebd1b4036b18c39b14168fcdfc0e4f2
Test OLM installation	UNKNOWN STEP	2025-06-02T19:15:51.5645421Z Source commit SHA: d3f86a106a0bac45b974a628896c90dbdf5c8093
Test OLM installation	UNKNOWN STEP	2025-06-02T19:15:51.5646559Z ##[endgroup]
Test OLM installation	UNKNOWN STEP	2025-06-02T19:15:51.9075532Z Complete job name: Test OLM installation
Test OLM installation	UNKNOWN STEP	2025-06-02T19:15:51.9899949Z ##[group]Run actions/checkout@v4
Test OLM installation	UNKNOWN STEP	2025-06-02T19:15:51.9901227Z with:
Test OLM installation	UNKNOWN STEP	2025-06-02T19:15:51.9901978Z   repository: keycloak/keycloak
Test OLM installation	UNKNOWN STEP	2025-06-02T19:15:51.9903164Z   token: ***
Test OLM installation	UNKNOWN STEP	2025-06-02T19:15:51.9903896Z   ssh-strict: true
Test OLM installation	UNKNOWN STEP	2025-06-02T19:15:51.9904833Z   ssh-user: git
Test OLM installation	UNKNOWN STEP	2025-06-02T19:15:51.9905629Z   persist-credentials: true
Test OLM installation	UNKNOWN STEP	2025-06-02T19:15:51.9906494Z   clean: true
Test OLM installation	UNKNOWN STEP	2025-06-02T19:15:51.9907273Z   sparse-checkout-cone-mode: true
Test OLM installation	UNKNOWN STEP	2025-06-02T19:15:51.9908235Z   fetch-depth: 1
Test OLM installation	UNKNOWN STEP	2025-06-02T19:15:51.9909018Z   fetch-tags: false
Test OLM installation	UNKNOWN STEP	2025-06-02T19:15:51.9909814Z   show-progress: true
Test OLM installation	UNKNOWN STEP	2025-06-02T19:15:51.9910602Z   lfs: false
Test OLM installation	UNKNOWN STEP	2025-06-02T19:15:51.9911326Z   submodules: false
Test OLM installation	UNKNOWN STEP	2025-06-02T19:15:51.9912125Z   set-safe-directory: true
Test OLM installation	UNKNOWN STEP	2025-06-02T19:15:51.9913248Z env:
Test OLM installation	UNKNOWN STEP	2025-06-02T19:15:51.9914278Z   MAVEN_ARGS: -B -nsu -Daether.connector.http.connectionMaxTtl=25
Test OLM installation	UNKNOWN STEP	2025-06-02T19:15:51.9915803Z   MINIKUBE_VERSION: v1.32.0
Test OLM installation	UNKNOWN STEP	2025-06-02T19:15:51.9916713Z   KUBERNETES_VERSION: v1.27.10
Test OLM installation	UNKNOWN STEP	2025-06-02T19:15:51.9917935Z   MINIKUBE_MEMORY: 4096
Test OLM installation	UNKNOWN STEP	2025-06-02T19:15:51.9918792Z ##[endgroup]
Test OLM installation	UNKNOWN STEP	2025-06-02T19:15:52.1006260Z Syncing repository: keycloak/keycloak
Test OLM installation	UNKNOWN STEP	2025-06-02T19:15:52.1009036Z ##[group]Getting Git version info
Test OLM installation	UNKNOWN STEP	2025-06-02T19:15:52.1010474Z Working directory is '/home/runner/work/keycloak/keycloak'
Test OLM installation	UNKNOWN STEP	2025-06-02T19:15:52.1012584Z [command]/usr/bin/git version
Test OLM installation	UNKNOWN STEP	2025-06-02T19:15:52.1048958Z git version 2.49.0
Test OLM installation	UNKNOWN STEP	2025-06-02T19:15:52.1074944Z ##[endgroup]
Test OLM installation	UNKNOWN STEP	2025-06-02T19:15:52.1088697Z Temporarily overriding HOME='/home/runner/work/_temp/960cbefb-d280-4607-978f-c601f759f1b7' before making global git config changes
Test OLM installation	UNKNOWN STEP	2025-06-02T19:15:52.1091934Z Adding repository directory to the temporary git global config as a safe directory
Test OLM installation	UNKNOWN STEP	2025-06-02T19:15:52.1094639Z [command]/usr/bin/git config --global --add safe.directory /home/runner/work/keycloak/keycloak
Test OLM installation	UNKNOWN STEP	2025-06-02T19:15:52.1126617Z Deleting the contents of '/home/runner/work/keycloak/keycloak'
Test OLM installation	UNKNOWN STEP	2025-06-02T19:15:52.1130232Z ##[group]Initializing the repository
Test OLM installation	UNKNOWN STEP	2025-06-02T19:15:52.1133959Z [command]/usr/bin/git init /home/runner/work/keycloak/keycloak
Test OLM installation	UNKNOWN STEP	2025-06-02T19:15:52.1208203Z hint: Using 'master' as the name for the initial branch. This default branch name
Test OLM installation	UNKNOWN STEP	2025-06-02T19:15:52.1210237Z hint: is subject to change. To configure the initial branch name to use in all
Test OLM installation	UNKNOWN STEP	2025-06-02T19:15:52.1212659Z hint: of your new repositories, which will suppress this warning, call:
Test OLM installation	UNKNOWN STEP	2025-06-02T19:15:52.1214212Z hint:
Test OLM installation	UNKNOWN STEP	2025-06-02T19:15:52.1215875Z hint: 	git config --global init.defaultBranch <name>
Test OLM installation	UNKNOWN STEP	2025-06-02T19:15:52.1217211Z hint:
Test OLM installation	UNKNOWN STEP	2025-06-02T19:15:52.1218748Z hint: Names commonly chosen instead of 'master' are 'main', 'trunk' and
Test OLM installation	UNKNOWN STEP	2025-06-02T19:15:52.1220662Z hint: 'development'. The just-created branch can be renamed via this command:
Test OLM installation	UNKNOWN STEP	2025-06-02T19:15:52.1222228Z hint:
Test OLM installation	UNKNOWN STEP	2025-06-02T19:15:52.1223343Z hint: 	git branch -m <name>
Test OLM installation	UNKNOWN STEP	2025-06-02T19:15:52.1225054Z Initialized empty Git repository in /home/runner/work/keycloak/keycloak/.git/
Test OLM installation	UNKNOWN STEP	2025-06-02T19:15:52.1228332Z [command]/usr/bin/git remote add origin https://github.com/keycloak/keycloak
Test OLM installation	UNKNOWN STEP	2025-06-02T19:15:52.1261993Z ##[endgroup]
Test OLM installation	UNKNOWN STEP	2025-06-02T19:15:52.1263524Z ##[group]Disabling automatic garbage collection
Test OLM installation	UNKNOWN STEP	2025-06-02T19:15:52.1266063Z [command]/usr/bin/git config --local gc.auto 0
Test OLM installation	UNKNOWN STEP	2025-06-02T19:15:52.1295989Z ##[endgroup]
Test OLM installation	UNKNOWN STEP	2025-06-02T19:15:52.1298366Z ##[group]Setting up auth
Test OLM installation	UNKNOWN STEP	2025-06-02T19:15:52.1303101Z [command]/usr/bin/git config --local --name-only --get-regexp core\.sshCommand
Test OLM installation	UNKNOWN STEP	2025-06-02T19:15:52.1336351Z [command]/usr/bin/git submodule foreach --recursive sh -c "git config --local --name-only --get-regexp 'core\.sshCommand' && git config --local --unset-all 'core.sshCommand' || :"
Test OLM installation	UNKNOWN STEP	2025-06-02T19:15:52.1643095Z [command]/usr/bin/git config --local --name-only --get-regexp http\.https\:\/\/github\.com\/\.extraheader
Test OLM installation	UNKNOWN STEP	2025-06-02T19:15:52.1675472Z [command]/usr/bin/git submodule foreach --recursive sh -c "git config --local --name-only --get-regexp 'http\.https\:\/\/github\.com\/\.extraheader' && git config --local --unset-all 'http.https://github.com/.extraheader' || :"
Test OLM installation	UNKNOWN STEP	2025-06-02T19:15:52.1905179Z [command]/usr/bin/git config --local http.https://github.com/.extraheader AUTHORIZATION: basic ***
Test OLM installation	UNKNOWN STEP	2025-06-02T19:15:52.1941028Z ##[endgroup]
Test OLM installation	UNKNOWN STEP	2025-06-02T19:15:52.1943685Z ##[group]Fetching the repository
Test OLM installation	UNKNOWN STEP	2025-06-02T19:15:52.1952941Z [command]/usr/bin/git -c protocol.version=2 fetch --no-tags --prune --no-recurse-submodules --depth=1 origin +35c0979d9b157aa73e726277c8549dbb4518da2f:refs/remotes/pull/40115/merge
Test OLM installation	UNKNOWN STEP	2025-06-02T19:15:53.6853262Z From https://github.com/keycloak/keycloak
Test OLM installation	UNKNOWN STEP	2025-06-02T19:15:53.6855831Z  * [new ref]         35c0979d9b157aa73e726277c8549dbb4518da2f -> pull/40115/merge
Test OLM installation	UNKNOWN STEP	2025-06-02T19:15:53.6909827Z ##[endgroup]
Test OLM installation	UNKNOWN STEP	2025-06-02T19:15:53.6911725Z ##[group]Determining the checkout info
Test OLM installation	UNKNOWN STEP	2025-06-02T19:15:53.6912954Z ##[endgroup]
Test OLM installation	UNKNOWN STEP	2025-06-02T19:15:53.6917058Z [command]/usr/bin/git sparse-checkout disable
Test OLM installation	UNKNOWN STEP	2025-06-02T19:15:53.6959166Z [command]/usr/bin/git config --local --unset-all extensions.worktreeConfig
Test OLM installation	UNKNOWN STEP	2025-06-02T19:15:53.6985581Z ##[group]Checking out the ref
Test OLM installation	UNKNOWN STEP	2025-06-02T19:15:53.6988990Z [command]/usr/bin/git checkout --progress --force refs/remotes/pull/40115/merge
Test OLM installation	UNKNOWN STEP	2025-06-02T19:15:54.4831383Z Note: switching to 'refs/remotes/pull/40115/merge'.
Test OLM installation	UNKNOWN STEP	2025-06-02T19:15:54.4831826Z 
Test OLM installation	UNKNOWN STEP	2025-06-02T19:15:54.4832118Z You are in 'detached HEAD' state. You can look around, make experimental
Test OLM installation	UNKNOWN STEP	2025-06-02T19:15:54.4832812Z changes and commit them, and you can discard any commits you make in this
Test OLM installation	UNKNOWN STEP	2025-06-02T19:15:54.4833492Z state without impacting any branches by switching back to a branch.
Test OLM installation	UNKNOWN STEP	2025-06-02T19:15:54.4834201Z 
Test OLM installation	UNKNOWN STEP	2025-06-02T19:15:54.4834480Z If you want to create a new branch to retain commits you create, you may
Test OLM installation	UNKNOWN STEP	2025-06-02T19:15:54.4835337Z do so (now or later) by using -c with the switch command. Example:
Test OLM installation	UNKNOWN STEP	2025-06-02T19:15:54.4835680Z 
Test OLM installation	UNKNOWN STEP	2025-06-02T19:15:54.4835823Z   git switch -c <new-branch-name>
Test OLM installation	UNKNOWN STEP	2025-06-02T19:15:54.4836072Z 
Test OLM installation	UNKNOWN STEP	2025-06-02T19:15:54.4836219Z Or undo this operation with:
Test OLM installation	UNKNOWN STEP	2025-06-02T19:15:54.4836441Z 
Test OLM installation	UNKNOWN STEP	2025-06-02T19:15:54.4836559Z   git switch -
Test OLM installation	UNKNOWN STEP	2025-06-02T19:15:54.4837817Z 
Test OLM installation	UNKNOWN STEP	2025-06-02T19:15:54.4838167Z Turn off this advice by setting config variable advice.detachedHead to false
Test OLM installation	UNKNOWN STEP	2025-06-02T19:15:54.4838622Z 
Test OLM installation	UNKNOWN STEP	2025-06-02T19:15:54.4839147Z HEAD is now at 35c0979 Merge dcf136b76b1821f9f2474f95370c13b72e49348a into a66f7fbc53d742ebf049e47c05075a4c79f273da
Test OLM installation	UNKNOWN STEP	2025-06-02T19:15:54.4866078Z ##[endgroup]
Test OLM installation	UNKNOWN STEP	2025-06-02T19:15:54.4910871Z [command]/usr/bin/git log -1 --format=%H
Test OLM installation	UNKNOWN STEP	2025-06-02T19:15:54.4934944Z 35c0979d9b157aa73e726277c8549dbb4518da2f
Test OLM installation	UNKNOWN STEP	2025-06-02T19:15:54.5156335Z Prepare all required actions
Test OLM installation	UNKNOWN STEP	2025-06-02T19:15:54.5156778Z Getting action download info
Test OLM installation	UNKNOWN STEP	2025-06-02T19:15:54.6955652Z ##[group]Download immutable action package 'actions/setup-java@v4'
Test OLM installation	UNKNOWN STEP	2025-06-02T19:15:54.6956113Z Version: 4.7.1
Test OLM installation	UNKNOWN STEP	2025-06-02T19:15:54.6956501Z Digest: sha256:23223d64943473efb4336f60463c0429cd4f422cd5fc6c48a5cf0d5907c1aeac
Test OLM installation	UNKNOWN STEP	2025-06-02T19:15:54.6957058Z Source commit SHA: c5195efecf7bdfc987ee8bae7a71cb8b11521c00
Test OLM installation	UNKNOWN STEP	2025-06-02T19:15:54.6957417Z ##[endgroup]
Test OLM installation	UNKNOWN STEP	2025-06-02T19:15:54.9542672Z ##[group]Run ./.github/actions/java-setup
Test OLM installation	UNKNOWN STEP	2025-06-02T19:15:54.9542937Z with:
Test OLM installation	UNKNOWN STEP	2025-06-02T19:15:54.9543105Z   distribution: temurin
Test OLM installation	UNKNOWN STEP	2025-06-02T19:15:54.9543302Z   java-version: 21
Test OLM installation	UNKNOWN STEP	2025-06-02T19:15:54.9543465Z env:
Test OLM installation	UNKNOWN STEP	2025-06-02T19:15:54.9543721Z   MAVEN_ARGS: -B -nsu -Daether.connector.http.connectionMaxTtl=25
Test OLM installation	UNKNOWN STEP	2025-06-02T19:15:54.9544035Z   MINIKUBE_VERSION: v1.32.0
Test OLM installation	UNKNOWN STEP	2025-06-02T19:15:54.9544252Z   KUBERNETES_VERSION: v1.27.10
Test OLM installation	UNKNOWN STEP	2025-06-02T19:15:54.9544460Z   MINIKUBE_MEMORY: 4096
Test OLM installation	UNKNOWN STEP	2025-06-02T19:15:54.9544832Z ##[endgroup]
Test OLM installation	UNKNOWN STEP	2025-06-02T19:15:54.9679295Z ##[group]Run actions/setup-java@v4
Test OLM installation	UNKNOWN STEP	2025-06-02T19:15:54.9679525Z with:
Test OLM installation	UNKNOWN STEP	2025-06-02T19:15:54.9679692Z   distribution: temurin
Test OLM installation	UNKNOWN STEP	2025-06-02T19:15:54.9679880Z   java-version: 21
Test OLM installation	UNKNOWN STEP	2025-06-02T19:15:54.9680062Z   java-package: jdk
Test OLM installation	UNKNOWN STEP	2025-06-02T19:15:54.9680238Z   check-latest: false
Test OLM installation	UNKNOWN STEP	2025-06-02T19:15:54.9680424Z   server-id: github
Test OLM installation	UNKNOWN STEP	2025-06-02T19:15:54.9680613Z   server-username: GITHUB_ACTOR
Test OLM installation	UNKNOWN STEP	2025-06-02T19:15:54.9680835Z   server-password: GITHUB_TOKEN
Test OLM installation	UNKNOWN STEP	2025-06-02T19:15:54.9681060Z   overwrite-settings: true
Test OLM installation	UNKNOWN STEP	2025-06-02T19:15:54.9681257Z   job-status: success
Test OLM installation	UNKNOWN STEP	2025-06-02T19:15:54.9681597Z   token: ***
Test OLM installation	UNKNOWN STEP	2025-06-02T19:15:54.9681756Z env:
Test OLM installation	UNKNOWN STEP	2025-06-02T19:15:54.9682015Z   MAVEN_ARGS: -B -nsu -Daether.connector.http.connectionMaxTtl=25
Test OLM installation	UNKNOWN STEP	2025-06-02T19:15:54.9682349Z   MINIKUBE_VERSION: v1.32.0
Test OLM installation	UNKNOWN STEP	2025-06-02T19:15:54.9682573Z   KUBERNETES_VERSION: v1.27.10
Test OLM installation	UNKNOWN STEP	2025-06-02T19:15:54.9682784Z   MINIKUBE_MEMORY: 4096
Test OLM installation	UNKNOWN STEP	2025-06-02T19:15:54.9682967Z ##[endgroup]
Test OLM installation	UNKNOWN STEP	2025-06-02T19:15:55.1592790Z ##[group]Installed distributions
Test OLM installation	UNKNOWN STEP	2025-06-02T19:15:55.1647509Z Resolved Java 21.0.7+6 from tool-cache
Test OLM installation	UNKNOWN STEP	2025-06-02T19:15:55.1647988Z Setting Java 21.0.7+6 as the default
Test OLM installation	UNKNOWN STEP	2025-06-02T19:15:55.1661141Z Creating toolchains.xml for JDK version 21 from temurin
Test OLM installation	UNKNOWN STEP	2025-06-02T19:15:55.1737483Z Writing to /home/runner/.m2/toolchains.xml
Test OLM installation	UNKNOWN STEP	2025-06-02T19:15:55.1737827Z 
Test OLM installation	UNKNOWN STEP	2025-06-02T19:15:55.1739122Z Java configuration:
Test OLM installation	UNKNOWN STEP	2025-06-02T19:15:55.1739480Z   Distribution: temurin
Test OLM installation	UNKNOWN STEP	2025-06-02T19:15:55.1739808Z   Version: 21.0.7+6
Test OLM installation	UNKNOWN STEP	2025-06-02T19:15:55.1740490Z   Path: /opt/hostedtoolcache/Java_Temurin-Hotspot_jdk/21.0.7-6/x64
Test OLM installation	UNKNOWN STEP	2025-06-02T19:15:55.1740911Z 
Test OLM installation	UNKNOWN STEP	2025-06-02T19:15:55.1741934Z ##[endgroup]
Test OLM installation	UNKNOWN STEP	2025-06-02T19:15:55.1756992Z Creating settings.xml with server-id: github
Test OLM installation	UNKNOWN STEP	2025-06-02T19:15:55.1763566Z Writing to /home/runner/.m2/settings.xml
Test OLM installation	UNKNOWN STEP	2025-06-02T19:15:55.1918509Z ##[group]Run manusa/actions-setup-minikube@v2.13.1
Test OLM installation	UNKNOWN STEP	2025-06-02T19:15:55.1918828Z with:
Test OLM installation	UNKNOWN STEP	2025-06-02T19:15:55.1919004Z   minikube version: v1.32.0
Test OLM installation	UNKNOWN STEP	2025-06-02T19:15:55.1919226Z   kubernetes version: v1.27.10
Test OLM installation	UNKNOWN STEP	2025-06-02T19:15:55.1919838Z   github token: ***
Test OLM installation	UNKNOWN STEP	2025-06-02T19:15:55.1920026Z   driver: docker
Test OLM installation	UNKNOWN STEP	2025-06-02T19:15:55.1920220Z   start args: --memory=4096
Test OLM installation	UNKNOWN STEP	2025-06-02T19:15:55.1920420Z env:
Test OLM installation	UNKNOWN STEP	2025-06-02T19:15:55.1920679Z   MAVEN_ARGS: -B -nsu -Daether.connector.http.connectionMaxTtl=25
Test OLM installation	UNKNOWN STEP	2025-06-02T19:15:55.1921002Z   MINIKUBE_VERSION: v1.32.0
Test OLM installation	UNKNOWN STEP	2025-06-02T19:15:55.1921218Z   KUBERNETES_VERSION: v1.27.10
Test OLM installation	UNKNOWN STEP	2025-06-02T19:15:55.1921427Z   MINIKUBE_MEMORY: 4096
Test OLM installation	UNKNOWN STEP	2025-06-02T19:15:55.1921729Z   JAVA_HOME: /opt/hostedtoolcache/Java_Temurin-Hotspot_jdk/21.0.7-6/x64
Test OLM installation	UNKNOWN STEP	2025-06-02T19:15:55.1922161Z   JAVA_HOME_21_X64: /opt/hostedtoolcache/Java_Temurin-Hotspot_jdk/21.0.7-6/x64
Test OLM installation	UNKNOWN STEP	2025-06-02T19:15:55.1922499Z ##[endgroup]
Test OLM installation	UNKNOWN STEP	2025-06-02T19:15:55.3111286Z Loading input variables
Test OLM installation	UNKNOWN STEP	2025-06-02T19:15:55.3114142Z Updating Environment configuration to support Minikube
Test OLM installation	UNKNOWN STEP	2025-06-02T19:15:55.3254033Z 
Test OLM installation	UNKNOWN STEP	2025-06-02T19:15:55.3254427Z WARNING: apt does not have a stable CLI interface. Use with caution in scripts.
Test OLM installation	UNKNOWN STEP	2025-06-02T19:15:55.3851413Z 
Test OLM installation	UNKNOWN STEP	2025-06-02T19:15:55.3851725Z Get:1 file:/etc/apt/apt-mirrors.txt Mirrorlist [144 B]
Test OLM installation	UNKNOWN STEP	2025-06-02T19:15:55.4305744Z Hit:2 http://azure.archive.ubuntu.com/ubuntu noble InRelease
Test OLM installation	UNKNOWN STEP	2025-06-02T19:15:55.4309606Z Get:6 https://packages.microsoft.com/repos/azure-cli noble InRelease [3564 B]
Test OLM installation	UNKNOWN STEP	2025-06-02T19:15:55.4329530Z Get:3 http://azure.archive.ubuntu.com/ubuntu noble-updates InRelease [126 kB]
Test OLM installation	UNKNOWN STEP	2025-06-02T19:15:55.4335138Z Get:7 https://packages.microsoft.com/ubuntu/24.04/prod noble InRelease [3600 B]
Test OLM installation	UNKNOWN STEP	2025-06-02T19:15:55.4444614Z Get:4 http://azure.archive.ubuntu.com/ubuntu noble-backports InRelease [126 kB]
Test OLM installation	UNKNOWN STEP	2025-06-02T19:15:55.4527552Z Get:5 http://azure.archive.ubuntu.com/ubuntu noble-security InRelease [126 kB]
Test OLM installation	UNKNOWN STEP	2025-06-02T19:15:55.5722423Z Get:8 https://packages.microsoft.com/repos/azure-cli noble/main amd64 Packages [1318 B]
Test OLM installation	UNKNOWN STEP	2025-06-02T19:15:55.6196835Z Get:9 https://packages.microsoft.com/ubuntu/24.04/prod noble/main amd64 Packages [33.4 kB]
Test OLM installation	UNKNOWN STEP	2025-06-02T19:15:55.6243317Z Get:10 https://packages.microsoft.com/ubuntu/24.04/prod noble/main armhf Packages [8426 B]
Test OLM installation	UNKNOWN STEP	2025-06-02T19:15:55.6291380Z Get:11 https://packages.microsoft.com/ubuntu/24.04/prod noble/main arm64 Packages [20.7 kB]
Test OLM installation	UNKNOWN STEP	2025-06-02T19:15:55.6734473Z Get:12 http://azure.archive.ubuntu.com/ubuntu noble-updates/main amd64 Packages [1110 kB]
Test OLM installation	UNKNOWN STEP	2025-06-02T19:15:55.6820037Z Get:13 http://azure.archive.ubuntu.com/ubuntu noble-updates/main Translation-en [235 kB]
Test OLM installation	UNKNOWN STEP	2025-06-02T19:15:55.6853513Z Get:14 http://azure.archive.ubuntu.com/ubuntu noble-updates/main amd64 Components [161 kB]
Test OLM installation	UNKNOWN STEP	2025-06-02T19:15:55.6880636Z Get:15 http://azure.archive.ubuntu.com/ubuntu noble-updates/universe amd64 Packages [1068 kB]
Test OLM installation	UNKNOWN STEP	2025-06-02T19:15:55.6941616Z Get:16 http://azure.archive.ubuntu.com/ubuntu noble-updates/universe Translation-en [271 kB]
Test OLM installation	UNKNOWN STEP	2025-06-02T19:15:55.6972647Z Get:17 http://azure.archive.ubuntu.com/ubuntu noble-updates/universe amd64 Components [376 kB]
Test OLM installation	UNKNOWN STEP	2025-06-02T19:15:55.7005460Z Get:18 http://azure.archive.ubuntu.com/ubuntu noble-updates/restricted amd64 Packages [1174 kB]
Test OLM installation	UNKNOWN STEP	2025-06-02T19:15:55.7073286Z Get:19 http://azure.archive.ubuntu.com/ubuntu noble-updates/restricted Translation-en [243 kB]
Test OLM installation	UNKNOWN STEP	2025-06-02T19:15:55.7099858Z Get:20 http://azure.archive.ubuntu.com/ubuntu noble-updates/restricted amd64 Components [212 B]
Test OLM installation	UNKNOWN STEP	2025-06-02T19:15:55.7110296Z Get:21 http://azure.archive.ubuntu.com/ubuntu noble-updates/multiverse amd64 Components [940 B]
Test OLM installation	UNKNOWN STEP	2025-06-02T19:15:55.7742522Z Get:22 http://azure.archive.ubuntu.com/ubuntu noble-backports/main amd64 Packages [39.2 kB]
Test OLM installation	UNKNOWN STEP	2025-06-02T19:15:55.7757170Z Get:23 http://azure.archive.ubuntu.com/ubuntu noble-backports/main amd64 Components [7084 B]
Test OLM installation	UNKNOWN STEP	2025-06-02T19:15:55.7778997Z Get:24 http://azure.archive.ubuntu.com/ubuntu noble-backports/universe amd64 Packages [27.1 kB]
Test OLM installation	UNKNOWN STEP	2025-06-02T19:15:55.7813829Z Get:25 http://azure.archive.ubuntu.com/ubuntu noble-backports/universe amd64 Components [16.4 kB]
Test OLM installation	UNKNOWN STEP	2025-06-02T19:15:55.7847859Z Get:26 http://azure.archive.ubuntu.com/ubuntu noble-backports/restricted amd64 Components [216 B]
Test OLM installation	UNKNOWN STEP	2025-06-02T19:15:55.7862942Z Get:27 http://azure.archive.ubuntu.com/ubuntu noble-backports/multiverse amd64 Components [212 B]
Test OLM installation	UNKNOWN STEP	2025-06-02T19:15:55.7875849Z Get:28 http://azure.archive.ubuntu.com/ubuntu noble-security/main amd64 Packages [864 kB]
Test OLM installation	UNKNOWN STEP	2025-06-02T19:15:55.7935593Z Get:29 http://azure.archive.ubuntu.com/ubuntu noble-security/main Translation-en [159 kB]
Test OLM installation	UNKNOWN STEP	2025-06-02T19:15:55.7953589Z Get:30 http://azure.archive.ubuntu.com/ubuntu noble-security/main amd64 Components [21.5 kB]
Test OLM installation	UNKNOWN STEP	2025-06-02T19:15:55.7966902Z Get:31 http://azure.archive.ubuntu.com/ubuntu noble-security/universe amd64 Packages [845 kB]
Test OLM installation	UNKNOWN STEP	2025-06-02T19:15:55.8020547Z Get:32 http://azure.archive.ubuntu.com/ubuntu noble-security/universe Translation-en [185 kB]
Test OLM installation	UNKNOWN STEP	2025-06-02T19:15:55.8061619Z Get:33 http://azure.archive.ubuntu.com/ubuntu noble-security/universe amd64 Components [52.2 kB]
Test OLM installation	UNKNOWN STEP	2025-06-02T19:15:55.8076432Z Get:34 http://azure.archive.ubuntu.com/ubuntu noble-security/restricted amd64 Packages [1138 kB]
Test OLM installation	UNKNOWN STEP	2025-06-02T19:15:55.8143524Z Get:35 http://azure.archive.ubuntu.com/ubuntu noble-security/restricted Translation-en [236 kB]
Test OLM installation	UNKNOWN STEP	2025-06-02T19:15:55.8588132Z Get:36 http://azure.archive.ubuntu.com/ubuntu noble-security/restricted amd64 Components [208 B]
Test OLM installation	UNKNOWN STEP	2025-06-02T19:15:55.8601644Z Get:37 http://azure.archive.ubuntu.com/ubuntu noble-security/multiverse amd64 Components [208 B]
Test OLM installation	UNKNOWN STEP	2025-06-02T19:16:00.2903731Z Fetched 8681 kB in 1s (7427 kB/s)
Test OLM installation	UNKNOWN STEP	2025-06-02T19:16:00.9139522Z Reading package lists...
Test OLM installation	UNKNOWN STEP	2025-06-02T19:16:01.0512575Z Building dependency tree...
Test OLM installation	UNKNOWN STEP	2025-06-02T19:16:01.0519344Z Reading state information...
Test OLM installation	UNKNOWN STEP	2025-06-02T19:16:01.0649084Z 50 packages can be upgraded. Run 'apt list --upgradable' to see them.
Test OLM installation	UNKNOWN STEP	2025-06-02T19:16:01.0903253Z Reading package lists...
Test OLM installation	UNKNOWN STEP	2025-06-02T19:16:01.2324430Z Building dependency tree...
Test OLM installation	UNKNOWN STEP	2025-06-02T19:16:01.2332077Z Reading state information...
Test OLM installation	UNKNOWN STEP	2025-06-02T19:16:01.3894868Z The following NEW packages will be installed:
Test OLM installation	UNKNOWN STEP	2025-06-02T19:16:01.3900532Z   conntrack
Test OLM installation	UNKNOWN STEP	2025-06-02T19:16:01.4065916Z 0 upgraded, 1 newly installed, 0 to remove and 50 not upgraded.
Test OLM installation	UNKNOWN STEP	2025-06-02T19:16:01.4066320Z Need to get 37.9 kB of archives.
Test OLM installation	UNKNOWN STEP	2025-06-02T19:16:01.4066680Z After this operation, 119 kB of additional disk space will be used.
Test OLM installation	UNKNOWN STEP	2025-06-02T19:16:01.4067169Z Get:1 file:/etc/apt/apt-mirrors.txt Mirrorlist [144 B]
Test OLM installation	UNKNOWN STEP	2025-06-02T19:16:01.4597878Z Get:2 http://azure.archive.ubuntu.com/ubuntu noble/main amd64 conntrack amd64 1:1.4.8-1ubuntu1 [37.9 kB]
Test OLM installation	UNKNOWN STEP	2025-06-02T19:16:01.7049430Z Fetched 37.9 kB in 0s (588 kB/s)
Test OLM installation	UNKNOWN STEP	2025-06-02T19:16:01.7272491Z Selecting previously unselected package conntrack.
Test OLM installation	UNKNOWN STEP	2025-06-02T19:16:01.7501649Z (Reading database ... 
Test OLM installation	UNKNOWN STEP	2025-06-02T19:16:01.7502035Z (Reading database ... 5%
Test OLM installation	UNKNOWN STEP	2025-06-02T19:16:01.7502397Z (Reading database ... 10%
Test OLM installation	UNKNOWN STEP	2025-06-02T19:16:01.7502730Z (Reading database ... 15%
Test OLM installation	UNKNOWN STEP	2025-06-02T19:16:01.7503063Z (Reading database ... 20%
Test OLM installation	UNKNOWN STEP	2025-06-02T19:16:01.7503324Z (Reading database ... 25%
Test OLM installation	UNKNOWN STEP	2025-06-02T19:16:01.7503691Z (Reading database ... 30%
Test OLM installation	UNKNOWN STEP	2025-06-02T19:16:01.7503901Z (Reading database ... 35%
Test OLM installation	UNKNOWN STEP	2025-06-02T19:16:01.7504118Z (Reading database ... 40%
Test OLM installation	UNKNOWN STEP	2025-06-02T19:16:01.7504328Z (Reading database ... 45%
Test OLM installation	UNKNOWN STEP	2025-06-02T19:16:01.7504543Z (Reading database ... 50%
Test OLM installation	UNKNOWN STEP	2025-06-02T19:16:01.7607214Z (Reading database ... 55%
Test OLM installation	UNKNOWN STEP	2025-06-02T19:16:01.8006917Z (Reading database ... 60%
Test OLM installation	UNKNOWN STEP	2025-06-02T19:16:01.8232471Z (Reading database ... 65%
Test OLM installation	UNKNOWN STEP	2025-06-02T19:16:01.8483151Z (Reading database ... 70%
Test OLM installation	UNKNOWN STEP	2025-06-02T19:16:01.8775960Z (Reading database ... 75%
Test OLM installation	UNKNOWN STEP	2025-06-02T19:16:01.9315632Z (Reading database ... 80%
Test OLM installation	UNKNOWN STEP	2025-06-02T19:16:01.9668379Z (Reading database ... 85%
Test OLM installation	UNKNOWN STEP	2025-06-02T19:16:02.0322586Z (Reading database ... 90%
Test OLM installation	UNKNOWN STEP	2025-06-02T19:16:02.0772817Z (Reading database ... 95%
Test OLM installation	UNKNOWN STEP	2025-06-02T19:16:02.0773194Z (Reading database ... 100%
Test OLM installation	UNKNOWN STEP	2025-06-02T19:16:02.0773675Z (Reading database ... 222694 files and directories currently installed.)
Test OLM installation	UNKNOWN STEP	2025-06-02T19:16:02.0817048Z Preparing to unpack .../conntrack_1%3a1.4.8-1ubuntu1_amd64.deb ...
Test OLM installation	UNKNOWN STEP	2025-06-02T19:16:02.0845841Z Unpacking conntrack (1:1.4.8-1ubuntu1) ...
Test OLM installation	UNKNOWN STEP	2025-06-02T19:16:02.1264427Z Setting up conntrack (1:1.4.8-1ubuntu1) ...
Test OLM installation	UNKNOWN STEP	2025-06-02T19:16:02.1305172Z Processing triggers for man-db (2.12.0-4build2) ...
Test OLM installation	UNKNOWN STEP	2025-06-02T19:16:03.3448937Z 
Test OLM installation	UNKNOWN STEP	2025-06-02T19:16:03.3449761Z Running kernel seems to be up-to-date.
Test OLM installation	UNKNOWN STEP	2025-06-02T19:16:03.3450114Z 
Test OLM installation	UNKNOWN STEP	2025-06-02T19:16:03.3450246Z Restarting services...
Test OLM installation	UNKNOWN STEP	2025-06-02T19:16:03.3517254Z 
Test OLM installation	UNKNOWN STEP	2025-06-02T19:16:03.3517867Z Service restarts being deferred:
Test OLM installation	UNKNOWN STEP	2025-06-02T19:16:03.3518944Z  systemctl restart hosted-compute-agent.service
Test OLM installation	UNKNOWN STEP	2025-06-02T19:16:03.3519174Z 
Test OLM installation	UNKNOWN STEP	2025-06-02T19:16:03.3519628Z No containers need to be restarted.
Test OLM installation	UNKNOWN STEP	2025-06-02T19:16:03.3519902Z 
Test OLM installation	UNKNOWN STEP	2025-06-02T19:16:03.3520022Z No user sessions are running outdated binaries.
Test OLM installation	UNKNOWN STEP	2025-06-02T19:16:03.3520221Z 
Test OLM installation	UNKNOWN STEP	2025-06-02T19:16:03.3520418Z No VM guests are running outdated hypervisor (qemu) binaries on this host.
Test OLM installation	UNKNOWN STEP	2025-06-02T19:16:04.1422665Z fs.protected_regular = 0
Test OLM installation	UNKNOWN STEP	2025-06-02T19:16:04.1433157Z Waiting for Docker to be ready
Test OLM installation	UNKNOWN STEP	2025-06-02T19:16:04.2218469Z 28.0.4 - 28.0.4
Test OLM installation	UNKNOWN STEP	2025-06-02T19:16:04.2233860Z Docker daemon is ready
Test OLM installation	UNKNOWN STEP	2025-06-02T19:16:04.2238256Z Downloading Minikube  v1.32.0
Test OLM installation	UNKNOWN STEP	2025-06-02T19:16:04.4479598Z Downloading from: https://github.com/kubernetes/minikube/releases/download/v1.32.0/minikube-linux-amd64
Test OLM installation	UNKNOWN STEP	2025-06-02T19:16:05.2062255Z Installing Minikube
Test OLM installation	UNKNOWN STEP	2025-06-02T19:16:05.2481944Z * minikube v1.32.0 on Ubuntu 24.04
Test OLM installation	UNKNOWN STEP	2025-06-02T19:16:05.2486194Z   - MINIKUBE_VERSION=v1.32.0
Test OLM installation	UNKNOWN STEP	2025-06-02T19:16:05.2491420Z   - MINIKUBE_MEMORY=4096
Test OLM installation	UNKNOWN STEP	2025-06-02T19:16:05.2496840Z   - MINIKUBE_HOME=/home/runner/work/_temp
Test OLM installation	UNKNOWN STEP	2025-06-02T19:16:05.3081546Z * minikube 1.36.0 is available! Download it: https://github.com/kubernetes/minikube/releases/tag/v1.36.0
Test OLM installation	UNKNOWN STEP	2025-06-02T19:16:05.3086337Z * To disable this notice, run: 'minikube config set WantUpdateNotification false'
Test OLM installation	UNKNOWN STEP	2025-06-02T19:16:05.3086985Z 
Test OLM installation	UNKNOWN STEP	2025-06-02T19:16:05.4506430Z * Using the docker driver based on user configuration
Test OLM installation	UNKNOWN STEP	2025-06-02T19:16:05.4921551Z * Using Docker driver with root privileges
Test OLM installation	UNKNOWN STEP	2025-06-02T19:16:05.4931089Z * Starting control plane node minikube in cluster minikube
Test OLM installation	UNKNOWN STEP	2025-06-02T19:16:05.4939439Z * Pulling base image ...
Test OLM installation	UNKNOWN STEP	2025-06-02T19:16:05.5704326Z * Downloading Kubernetes v1.27.10 preload ...
Test OLM installation	UNKNOWN STEP	2025-06-02T19:16:20.3338393Z * Creating docker container (CPUs=2, Memory=4096MB) ...
Test OLM installation	UNKNOWN STEP	2025-06-02T19:16:32.7485254Z * Preparing Kubernetes v1.27.10 on Docker 24.0.7 ...
Test OLM installation	UNKNOWN STEP	2025-06-02T19:16:42.8726114Z   - Generating certificates and keys ...
Test OLM installation	UNKNOWN STEP	2025-06-02T19:16:42.8744910Z   - Booting up control plane ...
Test OLM installation	UNKNOWN STEP	2025-06-02T19:16:42.8774042Z   - Configuring RBAC rules ...
Test OLM installation	UNKNOWN STEP	2025-06-02T19:16:42.8821484Z * Configuring bridge CNI (Container Networking Interface) ...
Test OLM installation	UNKNOWN STEP	2025-06-02T19:16:43.0489375Z * Verifying Kubernetes components...
Test OLM installation	UNKNOWN STEP	2025-06-02T19:16:43.0494015Z   - Using image gcr.io/k8s-minikube/storage-provisioner:v5
Test OLM installation	UNKNOWN STEP	2025-06-02T19:16:43.8092738Z * Enabled addons: storage-provisioner, default-storageclass
Test OLM installation	UNKNOWN STEP	2025-06-02T19:16:44.0450899Z 
Test OLM installation	UNKNOWN STEP	2025-06-02T19:16:44.0460199Z     > gcr.io/k8s-minikube/kicbase...:  0 B [_______________________] ?% ? p/s ?    > gcr.io/k8s-minikube/kicbase...:  1.62 KiB / 453.90 MiB [>_] 0.00% ? p/s ?    > gcr.io/k8s-minikube/kicbase...:  1.62 KiB / 453.90 MiB [>_] 0.00% ? p/s ?    > gcr.io/k8s-minikube/kicbase...:  369.73 KiB / 453.90 MiB  0.08% 616.40 Ki    > gcr.io/k8s-minikube/kicbase...:  16.00 MiB / 453.90 MiB  3.53% 616.40 KiB    > gcr.io/k8s-minikube/kicbase...:  32.00 MiB / 453.90 MiB  7.05% 616.40 KiB    > gcr.io/k8s-minikube/kicbase...:  48.00 MiB / 453.90 MiB  10.58% 5.69 MiB     > gcr.io/k8s-minikube/kicbase...:  56.00 MiB / 453.90 MiB  12.34% 5.69 MiB     > gcr.io/k8s-minikube/kicbase...:  64.00 MiB / 453.90 MiB  14.10% 5.69 MiB     > gcr.io/k8s-minikube/kicbase...:  79.81 MiB / 453.90 MiB  17.58% 8.74 MiB     > gcr.io/k8s-minikube/kicbase...:  96.00 MiB / 453.90 MiB  21.15% 8.74 MiB     > gcr.io/k8s-minikube/kicbase...:  116.00 MiB / 453.90 MiB  25.56% 8.74 MiB    > gcr.io/k8s-minikube/kicbase...:  132.00 MiB / 453.90 MiB  29.08% 13.79 Mi    > gcr.io/k8s-minikube/kicbase...:  152.00 MiB / 453.90 MiB  33.49% 13.79 Mi    > gcr.io/k8s-minikube/kicbase...:  168.00 MiB / 453.90 MiB  37.01% 13.79 Mi    > gcr.io/k8s-minikube/kicbase...:  188.25 MiB / 453.90 MiB  41.47% 18.95 Mi    > gcr.io/k8s-minikube/kicbase...:  212.69 MiB / 453.90 MiB  46.86% 18.95 Mi    > gcr.io/k8s-minikube/kicbase...:  236.00 MiB / 453.90 MiB  51.99% 18.95 Mi    > gcr.io/k8s-minikube/kicbase...:  260.00 MiB / 453.90 MiB  57.28% 25.44 Mi    > gcr.io/k8s-minikube/kicbase...:  287.38 MiB / 453.90 MiB  63.31% 25.44 Mi    > gcr.io/k8s-minikube/kicbase...:  312.00 MiB / 453.90 MiB  68.74% 25.44 Mi    > gcr.io/k8s-minikube/kicbase...:  336.00 MiB / 453.90 MiB  74.03% 31.96 Mi    > gcr.io/k8s-minikube/kicbase...:  360.22 MiB / 453.90 MiB  79.36% 31.96 Mi    > gcr.io/k8s-minikube/kicbase...:  384.00 MiB / 453.90 MiB  84.60% 31.96 Mi    > gcr.io/k8s-minikube/kicbase...:  406.33 MiB / 453.90 MiB  89.52% 37.47 Mi    > gcr.io/k8s-minikube/kicbase...:  428.00 MiB / 453.90 MiB  94.29% 37.47 Mi    > gcr.io/k8s-minikube/kicbase...:  453.90 MiB / 453.90 MiB  100.00% 87.60 M! /usr/bin/kubectl is version 1.33.0, which may have incompatibilities with Kubernetes 1.27.10.
Test OLM installation	UNKNOWN STEP	2025-06-02T19:16:44.0466407Z   - Want kubectl v1.27.10? Try 'minikube kubectl -- get pods -A'
Test OLM installation	UNKNOWN STEP	2025-06-02T19:16:44.0467286Z * Done! kubectl is now configured to use "minikube" cluster and "default" namespace by default
Test OLM installation	UNKNOWN STEP	2025-06-02T19:16:44.1282382Z minikube version: v1.32.0commit: 8220a6eb95f0a4d75f7f2d7b14cef975f050512d installed successfully
Test OLM installation	UNKNOWN STEP	2025-06-02T19:16:44.1527074Z ##[group]Run redhat-actions/openshift-tools-installer@v1
Test OLM installation	UNKNOWN STEP	2025-06-02T19:16:44.1527392Z with:
Test OLM installation	UNKNOWN STEP	2025-06-02T19:16:44.1527558Z   source: github
Test OLM installation	UNKNOWN STEP	2025-06-02T19:16:44.1527733Z   opm: 1.21.0
Test OLM installation	UNKNOWN STEP	2025-06-02T19:16:44.1528023Z   github_pat: ***
Test OLM installation	UNKNOWN STEP	2025-06-02T19:16:44.1528218Z   skip_cache: false
Test OLM installation	UNKNOWN STEP	2025-06-02T19:16:44.1528393Z env:
Test OLM installation	UNKNOWN STEP	2025-06-02T19:16:44.1528675Z   MAVEN_ARGS: -B -nsu -Daether.connector.http.connectionMaxTtl=25
Test OLM installation	UNKNOWN STEP	2025-06-02T19:16:44.1529135Z   MINIKUBE_VERSION: v1.32.0
Test OLM installation	UNKNOWN STEP	2025-06-02T19:16:44.1529353Z   KUBERNETES_VERSION: v1.27.10
Test OLM installation	UNKNOWN STEP	2025-06-02T19:16:44.1529564Z   MINIKUBE_MEMORY: 4096
Test OLM installation	UNKNOWN STEP	2025-06-02T19:16:44.1529860Z   JAVA_HOME: /opt/hostedtoolcache/Java_Temurin-Hotspot_jdk/21.0.7-6/x64
Test OLM installation	UNKNOWN STEP	2025-06-02T19:16:44.1530424Z   JAVA_HOME_21_X64: /opt/hostedtoolcache/Java_Temurin-Hotspot_jdk/21.0.7-6/x64
Test OLM installation	UNKNOWN STEP	2025-06-02T19:16:44.1530833Z   MINIKUBE_HOME: /home/runner/work/_temp
Test OLM installation	UNKNOWN STEP	2025-06-02T19:16:44.1531130Z ##[endgroup]
Test OLM installation	UNKNOWN STEP	2025-06-02T19:16:44.3183000Z Installing opm matching version "1.21.0"
Test OLM installation	UNKNOWN STEP	2025-06-02T19:16:44.3203728Z ‚ÑπÔ∏è Tools will be installed from "github".
Test OLM installation	UNKNOWN STEP	2025-06-02T19:16:44.3205339Z 
Test OLM installation	UNKNOWN STEP	2025-06-02T19:16:44.3205998Z üîé Searching for a version of opm satisfying the range "1.21.0" that was input as "1.21.0"
Test OLM installation	UNKNOWN STEP	2025-06-02T19:16:45.9839885Z Max opm version satisfying 1.21.0 is 1.21.0
Test OLM installation	UNKNOWN STEP	2025-06-02T19:16:45.9840995Z Download path of opm is https://github.com/operator-framework/operator-registry/releases
Test OLM installation	UNKNOWN STEP	2025-06-02T19:16:46.1476715Z Current operating system is linux
Test OLM installation	UNKNOWN STEP	2025-06-02T19:16:46.1478801Z Current architecture is amd64
Test OLM installation	UNKNOWN STEP	2025-06-02T19:16:46.1479753Z Selecting linux-amd64-opm
Test OLM installation	UNKNOWN STEP	2025-06-02T19:16:46.1483632Z Using temporary directory for storage
Test OLM installation	UNKNOWN STEP	2025-06-02T19:16:46.1495607Z üìÅ CLIs will be downloaded to /home/runner/work/_temp/openshift-bin
Test OLM installation	UNKNOWN STEP	2025-06-02T19:16:46.1498724Z Added /home/runner/work/_temp/openshift-bin to PATH
Test OLM installation	UNKNOWN STEP	2025-06-02T19:16:46.1499144Z Checking the cache for opm v1.21.0...
Test OLM installation	UNKNOWN STEP	2025-06-02T19:17:06.1823060Z ##[warning]Failed to check cache for opm v1.21.0: Error: getCacheEntry failed: Request timeout: /tCOJJILWkex8UDNVB9Z9q2wVTEo6XuQmvYC4WF5xSHs8KTS3Kx/_apis/artifactcache/cache?keys=opm_v1.21.0_linux_amd64_github&version=8b32b49210c8cf4c3e3edd31ba24546ebd2f9bbb4a71c43aadd293997aa68499
Test OLM installation	UNKNOWN STEP	2025-06-02T19:17:06.3837545Z ‚¨áÔ∏è Downloading 45.03MB https://github.com/operator-framework/operator-registry/releases/download/v1.21.0/linux-amd64-opm ...
Test OLM installation	UNKNOWN STEP	2025-06-02T19:17:06.8713268Z Downloaded linux-amd64-opm in 0.5s
Test OLM installation	UNKNOWN STEP	2025-06-02T19:17:06.8716788Z Download path of opm is https://github.com/operator-framework/operator-registry/releases
Test OLM installation	UNKNOWN STEP	2025-06-02T19:17:07.0632493Z ‚¨áÔ∏è Downloading hash file https://github.com/operator-framework/operator-registry/releases/download/v1.21.0/checksums.txt
Test OLM installation	UNKNOWN STEP	2025-06-02T19:17:07.3430799Z sha256 verification of linux-amd64-opm succeeded.
Test OLM installation	UNKNOWN STEP	2025-06-02T19:17:07.3465716Z opm installed into /home/runner/work/_temp/openshift-bin/opm
Test OLM installation	UNKNOWN STEP	2025-06-02T19:17:07.3497669Z [command]/home/runner/work/_temp/openshift-bin/opm version
Test OLM installation	UNKNOWN STEP	2025-06-02T19:17:07.3678902Z Version: version.Version{OpmVersion:"v1.21.0", GitCommit:"9999f796", BuildDate:"2022-03-03T21:23:12Z", GoOs:"linux", GoArch:"amd64"}
Test OLM installation	UNKNOWN STEP	2025-06-02T19:17:07.3699837Z üíæ Saving opm v1.21.0 into the cache
Test OLM installation	UNKNOWN STEP	2025-06-02T19:17:27.3955910Z ##[warning]Failed to cache opm v1.21.0: Error: reserveCache failed: Request timeout: /tCOJJILWkex8UDNVB9Z9q2wVTEo6XuQmvYC4WF5xSHs8KTS3Kx/_apis/artifactcache/caches
Test OLM installation	UNKNOWN STEP	2025-06-02T19:17:27.3958098Z ‚úÖ Successfully installed opm v1.21.0.
Test OLM installation	UNKNOWN STEP	2025-06-02T19:17:27.3958368Z 
Test OLM installation	UNKNOWN STEP	2025-06-02T19:17:27.3958581Z ‚úÖ Successfully installed 1/1 client:
Test OLM installation	UNKNOWN STEP	2025-06-02T19:17:27.3958961Z   - opm v1.21.0
Test OLM installation	UNKNOWN STEP	2025-06-02T19:17:27.3970823Z Wrote out installed versions to /home/runner/work/_temp/openshift-bin/openshift-clients-installed.json
Test OLM installation	UNKNOWN STEP	2025-06-02T19:19:31.8406253Z ##[group]Run sudo snap install yq
Test OLM installation	UNKNOWN STEP	2025-06-02T19:19:31.8406587Z [36;1msudo snap install yq[0m
Test OLM installation	UNKNOWN STEP	2025-06-02T19:19:31.8568181Z shell: /usr/bin/bash --noprofile --norc -e -o pipefail {0}
Test OLM installation	UNKNOWN STEP	2025-06-02T19:19:31.8568493Z env:
Test OLM installation	UNKNOWN STEP	2025-06-02T19:19:31.8568750Z   MAVEN_ARGS: -B -nsu -Daether.connector.http.connectionMaxTtl=25
Test OLM installation	UNKNOWN STEP	2025-06-02T19:19:31.8569085Z   MINIKUBE_VERSION: v1.32.0
Test OLM installation	UNKNOWN STEP	2025-06-02T19:19:31.8569306Z   KUBERNETES_VERSION: v1.27.10
Test OLM installation	UNKNOWN STEP	2025-06-02T19:19:31.8569521Z   MINIKUBE_MEMORY: 4096
Test OLM installation	UNKNOWN STEP	2025-06-02T19:19:31.8569817Z   JAVA_HOME: /opt/hostedtoolcache/Java_Temurin-Hotspot_jdk/21.0.7-6/x64
Test OLM installation	UNKNOWN STEP	2025-06-02T19:19:31.8570250Z   JAVA_HOME_21_X64: /opt/hostedtoolcache/Java_Temurin-Hotspot_jdk/21.0.7-6/x64
Test OLM installation	UNKNOWN STEP	2025-06-02T19:19:31.8570596Z   MINIKUBE_HOME: /home/runner/work/_temp
Test OLM installation	UNKNOWN STEP	2025-06-02T19:19:31.8570822Z ##[endgroup]
Test OLM installation	UNKNOWN STEP	2025-06-02T19:19:38.0218312Z 2025-06-02T19:19:37Z INFO Waiting for automatic snapd restart...
Test OLM installation	UNKNOWN STEP	2025-06-02T19:19:49.6945636Z yq v4.44.5 from Mike Farah (mikefarah) installed
Test OLM installation	UNKNOWN STEP	2025-06-02T19:19:49.6997719Z ##[group]Run ./scripts/install-olm.sh
Test OLM installation	UNKNOWN STEP	2025-06-02T19:19:49.6998030Z [36;1m./scripts/install-olm.sh[0m
Test OLM installation	UNKNOWN STEP	2025-06-02T19:19:49.7050864Z shell: /usr/bin/bash --noprofile --norc -e -o pipefail {0}
Test OLM installation	UNKNOWN STEP	2025-06-02T19:19:49.7051203Z env:
Test OLM installation	UNKNOWN STEP	2025-06-02T19:19:49.7051464Z   MAVEN_ARGS: -B -nsu -Daether.connector.http.connectionMaxTtl=25
Test OLM installation	UNKNOWN STEP	2025-06-02T19:19:49.7051791Z   MINIKUBE_VERSION: v1.32.0
Test OLM installation	UNKNOWN STEP	2025-06-02T19:19:49.7052014Z   KUBERNETES_VERSION: v1.27.10
Test OLM installation	UNKNOWN STEP	2025-06-02T19:19:49.7052227Z   MINIKUBE_MEMORY: 4096
Test OLM installation	UNKNOWN STEP	2025-06-02T19:19:49.7052526Z   JAVA_HOME: /opt/hostedtoolcache/Java_Temurin-Hotspot_jdk/21.0.7-6/x64
Test OLM installation	UNKNOWN STEP	2025-06-02T19:19:49.7052961Z   JAVA_HOME_21_X64: /opt/hostedtoolcache/Java_Temurin-Hotspot_jdk/21.0.7-6/x64
Test OLM installation	UNKNOWN STEP	2025-06-02T19:19:49.7053317Z   MINIKUBE_HOME: /home/runner/work/_temp
Test OLM installation	UNKNOWN STEP	2025-06-02T19:19:49.7053549Z ##[endgroup]
Test OLM installation	UNKNOWN STEP	2025-06-02T19:19:49.7133160Z + mkdir -p /tmp/olm/
Test OLM installation	UNKNOWN STEP	2025-06-02T19:19:49.7148066Z + curl -f -L https://github.com/operator-framework/operator-lifecycle-manager/releases/download/v0.26.0/install.sh -o /tmp/olm/install.sh
Test OLM installation	UNKNOWN STEP	2025-06-02T19:19:49.7213597Z   % Total    % Received % Xferd  Average Speed   Time    Time     Time  Current
Test OLM installation	UNKNOWN STEP	2025-06-02T19:19:49.7214217Z                                  Dload  Upload   Total   Spent    Left  Speed
Test OLM installation	UNKNOWN STEP	2025-06-02T19:19:49.7214523Z 
Test OLM installation	UNKNOWN STEP	2025-06-02T19:19:49.8620811Z   0     0    0     0    0     0      0      0 --:--:-- --:--:-- --:--:--     0
Test OLM installation	UNKNOWN STEP	2025-06-02T19:19:49.8621475Z   0     0    0     0    0     0      0      0 --:--:-- --:--:-- --:--:--     0
Test OLM installation	UNKNOWN STEP	2025-06-02T19:19:50.0188290Z 
Test OLM installation	UNKNOWN STEP	2025-06-02T19:19:50.0188794Z 100  1886  100  1886    0     0   6336      0 --:--:-- --:--:-- --:--:--  6336
Test OLM installation	UNKNOWN STEP	2025-06-02T19:19:50.0189404Z 100  1886  100  1886    0     0   6335      0 --:--:-- --:--:-- --:--:--     0
Test OLM installation	UNKNOWN STEP	2025-06-02T19:19:50.0222663Z + chmod +x /tmp/olm/install.sh
Test OLM installation	UNKNOWN STEP	2025-06-02T19:19:50.0236132Z + /tmp/olm/install.sh v0.26.0
Test OLM installation	UNKNOWN STEP	2025-06-02T19:19:50.4627724Z customresourcedefinition.apiextensions.k8s.io/catalogsources.operators.coreos.com created
Test OLM installation	UNKNOWN STEP	2025-06-02T19:19:50.6031460Z customresourcedefinition.apiextensions.k8s.io/clusterserviceversions.operators.coreos.com created
Test OLM installation	UNKNOWN STEP	2025-06-02T19:19:50.6137315Z customresourcedefinition.apiextensions.k8s.io/installplans.operators.coreos.com created
Test OLM installation	UNKNOWN STEP	2025-06-02T19:19:50.6241143Z customresourcedefinition.apiextensions.k8s.io/olmconfigs.operators.coreos.com created
Test OLM installation	UNKNOWN STEP	2025-06-02T19:19:50.6377695Z customresourcedefinition.apiextensions.k8s.io/operatorconditions.operators.coreos.com created
Test OLM installation	UNKNOWN STEP	2025-06-02T19:19:50.6496010Z customresourcedefinition.apiextensions.k8s.io/operatorgroups.operators.coreos.com created
Test OLM installation	UNKNOWN STEP	2025-06-02T19:19:50.6621768Z customresourcedefinition.apiextensions.k8s.io/operators.operators.coreos.com created
Test OLM installation	UNKNOWN STEP	2025-06-02T19:19:50.7682699Z customresourcedefinition.apiextensions.k8s.io/subscriptions.operators.coreos.com created
Test OLM installation	UNKNOWN STEP	2025-06-02T19:19:51.1350097Z customresourcedefinition.apiextensions.k8s.io/catalogsources.operators.coreos.com condition met
Test OLM installation	UNKNOWN STEP	2025-06-02T19:19:51.2968063Z customresourcedefinition.apiextensions.k8s.io/clusterserviceversions.operators.coreos.com condition met
Test OLM installation	UNKNOWN STEP	2025-06-02T19:19:51.4028333Z customresourcedefinition.apiextensions.k8s.io/installplans.operators.coreos.com condition met
Test OLM installation	UNKNOWN STEP	2025-06-02T19:19:51.5069979Z customresourcedefinition.apiextensions.k8s.io/olmconfigs.operators.coreos.com condition met
Test OLM installation	UNKNOWN STEP	2025-06-02T19:19:51.6126852Z customresourcedefinition.apiextensions.k8s.io/operatorconditions.operators.coreos.com condition met
Test OLM installation	UNKNOWN STEP	2025-06-02T19:19:51.7186761Z customresourcedefinition.apiextensions.k8s.io/operatorgroups.operators.coreos.com condition met
Test OLM installation	UNKNOWN STEP	2025-06-02T19:19:51.8277033Z customresourcedefinition.apiextensions.k8s.io/operators.operators.coreos.com condition met
Test OLM installation	UNKNOWN STEP	2025-06-02T19:19:51.9552463Z customresourcedefinition.apiextensions.k8s.io/subscriptions.operators.coreos.com condition met
Test OLM installation	UNKNOWN STEP	2025-06-02T19:19:52.2645254Z namespace/olm created
Test OLM installation	UNKNOWN STEP	2025-06-02T19:19:52.3010862Z namespace/operators created
Test OLM installation	UNKNOWN STEP	2025-06-02T19:19:52.3372860Z serviceaccount/olm-operator-serviceaccount created
Test OLM installation	UNKNOWN STEP	2025-06-02T19:19:52.3493277Z clusterrole.rbac.authorization.k8s.io/system:controller:operator-lifecycle-manager created
Test OLM installation	UNKNOWN STEP	2025-06-02T19:19:52.3569952Z clusterrolebinding.rbac.authorization.k8s.io/olm-operator-binding-olm created
Test OLM installation	UNKNOWN STEP	2025-06-02T19:19:52.3833308Z olmconfig.operators.coreos.com/cluster created
Test OLM installation	UNKNOWN STEP	2025-06-02T19:19:52.4086046Z deployment.apps/olm-operator created
Test OLM installation	UNKNOWN STEP	2025-06-02T19:19:52.4408918Z deployment.apps/catalog-operator created
Test OLM installation	UNKNOWN STEP	2025-06-02T19:19:52.4555587Z clusterrole.rbac.authorization.k8s.io/aggregate-olm-edit created
Test OLM installation	UNKNOWN STEP	2025-06-02T19:19:52.4732426Z clusterrole.rbac.authorization.k8s.io/aggregate-olm-view created
Test OLM installation	UNKNOWN STEP	2025-06-02T19:19:52.5061601Z operatorgroup.operators.coreos.com/global-operators created
Test OLM installation	UNKNOWN STEP	2025-06-02T19:19:52.5135622Z operatorgroup.operators.coreos.com/olm-operators created
Test OLM installation	UNKNOWN STEP	2025-06-02T19:19:52.5592921Z clusterserviceversion.operators.coreos.com/packageserver created
Test OLM installation	UNKNOWN STEP	2025-06-02T19:19:52.5906293Z catalogsource.operators.coreos.com/operatorhubio-catalog created
Test OLM installation	UNKNOWN STEP	2025-06-02T19:19:52.6479258Z Waiting for deployment "olm-operator" rollout to finish: 0 of 1 updated replicas are available...
Test OLM installation	UNKNOWN STEP	2025-06-02T19:19:57.6763310Z deployment "olm-operator" successfully rolled out
Test OLM installation	UNKNOWN STEP	2025-06-02T19:19:57.7549130Z deployment "catalog-operator" successfully rolled out
Test OLM installation	UNKNOWN STEP	2025-06-02T19:19:57.8242420Z Package server phase: Installing
Test OLM installation	UNKNOWN STEP	2025-06-02T19:20:07.8824059Z Package server phase: Succeeded
Test OLM installation	UNKNOWN STEP	2025-06-02T19:20:07.9382654Z deployment "packageserver" successfully rolled out
Test OLM installation	UNKNOWN STEP	2025-06-02T19:20:07.9454978Z ##[group]Run actions/download-artifact@v4
Test OLM installation	UNKNOWN STEP	2025-06-02T19:20:07.9455271Z with:
Test OLM installation	UNKNOWN STEP	2025-06-02T19:20:07.9455445Z   name: keycloak-dist
Test OLM installation	UNKNOWN STEP	2025-06-02T19:20:07.9455640Z   path: quarkus/container
Test OLM installation	UNKNOWN STEP	2025-06-02T19:20:07.9455855Z   merge-multiple: false
Test OLM installation	UNKNOWN STEP	2025-06-02T19:20:07.9456054Z   repository: keycloak/keycloak
Test OLM installation	UNKNOWN STEP	2025-06-02T19:20:07.9456264Z   run-id: 15387443729
Test OLM installation	UNKNOWN STEP	2025-06-02T19:20:07.9456432Z env:
Test OLM installation	UNKNOWN STEP	2025-06-02T19:20:07.9456680Z   MAVEN_ARGS: -B -nsu -Daether.connector.http.connectionMaxTtl=25
Test OLM installation	UNKNOWN STEP	2025-06-02T19:20:07.9457001Z   MINIKUBE_VERSION: v1.32.0
Test OLM installation	UNKNOWN STEP	2025-06-02T19:20:07.9457211Z   KUBERNETES_VERSION: v1.27.10
Test OLM installation	UNKNOWN STEP	2025-06-02T19:20:07.9457422Z   MINIKUBE_MEMORY: 4096
Test OLM installation	UNKNOWN STEP	2025-06-02T19:20:07.9457710Z   JAVA_HOME: /opt/hostedtoolcache/Java_Temurin-Hotspot_jdk/21.0.7-6/x64
Test OLM installation	UNKNOWN STEP	2025-06-02T19:20:07.9458362Z   JAVA_HOME_21_X64: /opt/hostedtoolcache/Java_Temurin-Hotspot_jdk/21.0.7-6/x64
Test OLM installation	UNKNOWN STEP	2025-06-02T19:20:07.9458708Z   MINIKUBE_HOME: /home/runner/work/_temp
Test OLM installation	UNKNOWN STEP	2025-06-02T19:20:07.9458943Z ##[endgroup]
Test OLM installation	UNKNOWN STEP	2025-06-02T19:20:08.1427846Z Downloading single artifact
Test OLM installation	UNKNOWN STEP	2025-06-02T19:20:08.3196656Z Preparing to download the following artifacts:
Test OLM installation	UNKNOWN STEP	2025-06-02T19:20:08.3197576Z - keycloak-dist (ID: 3244115454, Size: 155233086, Expected Digest: sha256:ac23f8632c386a6026eb1d15b497db0a49b7a38477984b48db8c6734ee8ca0d7)
Test OLM installation	UNKNOWN STEP	2025-06-02T19:20:08.4076881Z Redirecting to blob download url: https://productionresultssa16.blob.core.windows.net/actions-results/8f185da6-91c3-4de5-b259-5512997b3c2f/workflow-job-run-2109af03-5756-5796-94eb-c277039d851e/artifacts/8ec452859fe416bcecd39b267c69bfe76c7634fb13c33b71d912d2a8c0986080.zip
Test OLM installation	UNKNOWN STEP	2025-06-02T19:20:08.4079286Z Starting download of artifact to: /home/runner/work/keycloak/keycloak/quarkus/container
Test OLM installation	UNKNOWN STEP	2025-06-02T19:20:08.6009382Z (node:10339) [DEP0005] DeprecationWarning: Buffer() is deprecated due to security and usability issues. Please use the Buffer.alloc(), Buffer.allocUnsafe(), or Buffer.from() methods instead.
Test OLM installation	UNKNOWN STEP	2025-06-02T19:20:08.6011769Z (Use `node --trace-deprecation ...` to show where the warning was created)
Test OLM installation	UNKNOWN STEP	2025-06-02T19:20:11.2301346Z SHA256 digest of downloaded artifact is ac23f8632c386a6026eb1d15b497db0a49b7a38477984b48db8c6734ee8ca0d7
Test OLM installation	UNKNOWN STEP	2025-06-02T19:20:11.2302416Z Artifact download completed successfully.
Test OLM installation	UNKNOWN STEP	2025-06-02T19:20:11.2302911Z Total of 1 artifact(s) downloaded
Test OLM installation	UNKNOWN STEP	2025-06-02T19:20:11.2309033Z Download artifact has finished successfully
Test OLM installation	UNKNOWN STEP	2025-06-02T19:20:11.2425546Z ##[group]Run eval $(minikube -p minikube docker-env)
Test OLM installation	UNKNOWN STEP	2025-06-02T19:20:11.2425946Z [36;1meval $(minikube -p minikube docker-env)[0m
Test OLM installation	UNKNOWN STEP	2025-06-02T19:20:11.2426274Z [36;1m./scripts/olm-testing.sh ${GITHUB_SHA::6}[0m
Test OLM installation	UNKNOWN STEP	2025-06-02T19:20:11.2478453Z shell: /usr/bin/bash --noprofile --norc -e -o pipefail {0}
Test OLM installation	UNKNOWN STEP	2025-06-02T19:20:11.2478770Z env:
Test OLM installation	UNKNOWN STEP	2025-06-02T19:20:11.2479044Z   MAVEN_ARGS: -B -nsu -Daether.connector.http.connectionMaxTtl=25
Test OLM installation	UNKNOWN STEP	2025-06-02T19:20:11.2479410Z   MINIKUBE_VERSION: v1.32.0
Test OLM installation	UNKNOWN STEP	2025-06-02T19:20:11.2479633Z   KUBERNETES_VERSION: v1.27.10
Test OLM installation	UNKNOWN STEP	2025-06-02T19:20:11.2479851Z   MINIKUBE_MEMORY: 4096
Test OLM installation	UNKNOWN STEP	2025-06-02T19:20:11.2480429Z   JAVA_HOME: /opt/hostedtoolcache/Java_Temurin-Hotspot_jdk/21.0.7-6/x64
Test OLM installation	UNKNOWN STEP	2025-06-02T19:20:11.2480982Z   JAVA_HOME_21_X64: /opt/hostedtoolcache/Java_Temurin-Hotspot_jdk/21.0.7-6/x64
Test OLM installation	UNKNOWN STEP	2025-06-02T19:20:11.2481402Z   MINIKUBE_HOME: /home/runner/work/_temp
Test OLM installation	UNKNOWN STEP	2025-06-02T19:20:11.2481897Z ##[endgroup]
Test OLM installation	UNKNOWN STEP	2025-06-02T19:20:11.4810973Z + UUID=35c097
Test OLM installation	UNKNOWN STEP	2025-06-02T19:20:11.4811738Z + INSTALL_NAMESPACE=default
Test OLM installation	UNKNOWN STEP	2025-06-02T19:20:11.4812295Z + TARGET_NAMESPACES=default
Test OLM installation	UNKNOWN STEP	2025-06-02T19:20:11.4817198Z +++ dirname -- ./scripts/olm-testing.sh
Test OLM installation	UNKNOWN STEP	2025-06-02T19:20:11.4827612Z ++ cd -- ./scripts
Test OLM installation	UNKNOWN STEP	2025-06-02T19:20:11.4828074Z ++ pwd
Test OLM installation	UNKNOWN STEP	2025-06-02T19:20:11.4830462Z + SCRIPT_DIR=/home/runner/work/keycloak/keycloak/operator/scripts
Test OLM installation	UNKNOWN STEP	2025-06-02T19:20:11.4831183Z + VERSION=86400000.0.0
Test OLM installation	UNKNOWN STEP	2025-06-02T19:20:11.4833391Z + cd /home/runner/work/keycloak/keycloak/operator/scripts/../../quarkus/container
Test OLM installation	UNKNOWN STEP	2025-06-02T19:20:11.4836772Z ++ ls keycloak-999.0.0-SNAPSHOT.tar.gz
Test OLM installation	UNKNOWN STEP	2025-06-02T19:20:11.4849733Z + docker build --build-arg KEYCLOAK_DIST=keycloak-999.0.0-SNAPSHOT.tar.gz . -t ttl.sh/35c097keycloak:86400000.0.0
Test OLM installation	UNKNOWN STEP	2025-06-02T19:20:11.8601528Z #0 building with "default" instance using docker driver
Test OLM installation	UNKNOWN STEP	2025-06-02T19:20:11.8602060Z 
Test OLM installation	UNKNOWN STEP	2025-06-02T19:20:11.8602250Z #1 [internal] load .dockerignore
Test OLM installation	UNKNOWN STEP	2025-06-02T19:20:11.8602775Z #1 transferring context: 2B done
Test OLM installation	UNKNOWN STEP	2025-06-02T19:20:11.8603262Z #1 DONE 0.0s
Test OLM installation	UNKNOWN STEP	2025-06-02T19:20:11.8603546Z 
Test OLM installation	UNKNOWN STEP	2025-06-02T19:20:11.8603816Z #2 [internal] load build definition from Dockerfile
Test OLM installation	UNKNOWN STEP	2025-06-02T19:20:11.8604482Z #2 transferring dockerfile: 2.72kB done
Test OLM installation	UNKNOWN STEP	2025-06-02T19:20:11.8605214Z #2 DONE 0.0s
Test OLM installation	UNKNOWN STEP	2025-06-02T19:20:11.8605361Z 
Test OLM installation	UNKNOWN STEP	2025-06-02T19:20:11.8605589Z #3 [internal] load metadata for registry.access.redhat.com/ubi9:latest
Test OLM installation	UNKNOWN STEP	2025-06-02T19:20:12.4747584Z #3 DONE 0.8s
Test OLM installation	UNKNOWN STEP	2025-06-02T19:20:12.4748077Z 
Test OLM installation	UNKNOWN STEP	2025-06-02T19:20:12.4748507Z #4 [internal] load metadata for registry.access.redhat.com/ubi9-micro:latest
Test OLM installation	UNKNOWN STEP	2025-06-02T19:20:12.6983757Z #4 DONE 1.0s
Test OLM installation	UNKNOWN STEP	2025-06-02T19:20:12.8105274Z 
Test OLM installation	UNKNOWN STEP	2025-06-02T19:20:12.8116887Z #5 [stage-1 1/4] FROM registry.access.redhat.com/ubi9-micro@sha256:955512628a9104d74f7b3b0a91db27a6bbecdd6a1975ce0f1b2658d3cd060b98
Test OLM installation	UNKNOWN STEP	2025-06-02T19:20:12.8118397Z #5 resolve registry.access.redhat.com/ubi9-micro@sha256:955512628a9104d74f7b3b0a91db27a6bbecdd6a1975ce0f1b2658d3cd060b98 done
Test OLM installation	UNKNOWN STEP	2025-06-02T19:20:12.8119707Z #5 sha256:955512628a9104d74f7b3b0a91db27a6bbecdd6a1975ce0f1b2658d3cd060b98 897B / 897B done
Test OLM installation	UNKNOWN STEP	2025-06-02T19:20:12.8120949Z #5 sha256:bc049e6e35c145513e3ec226faf3f929337ea2337fa5c9f7e00375aef4b801e8 504B / 504B done
Test OLM installation	UNKNOWN STEP	2025-06-02T19:20:12.8122107Z #5 sha256:352e1e8e3c437ad6bd352f164df8bdf7018df09f730362546276fe3df62ffd8c 4.00kB / 4.00kB done
Test OLM installation	UNKNOWN STEP	2025-06-02T19:20:12.8123142Z #5 sha256:cd2f3f69481dffe63a3071ea43aeeab2a4af254e96b065c35b2d7ce2534e0383 0B / 7.27MB 0.1s
Test OLM installation	UNKNOWN STEP	2025-06-02T19:20:12.9115962Z #5 sha256:cd2f3f69481dffe63a3071ea43aeeab2a4af254e96b065c35b2d7ce2534e0383 2.36MB / 7.27MB 0.2s
Test OLM installation	UNKNOWN STEP	2025-06-02T19:20:13.0128376Z #5 sha256:cd2f3f69481dffe63a3071ea43aeeab2a4af254e96b065c35b2d7ce2534e0383 7.27MB / 7.27MB 0.2s done
Test OLM installation	UNKNOWN STEP	2025-06-02T19:20:13.0130407Z #5 extracting sha256:cd2f3f69481dffe63a3071ea43aeeab2a4af254e96b065c35b2d7ce2534e0383
Test OLM installation	UNKNOWN STEP	2025-06-02T19:20:13.6758608Z #5 extracting sha256:cd2f3f69481dffe63a3071ea43aeeab2a4af254e96b065c35b2d7ce2534e0383 0.6s done
Test OLM installation	UNKNOWN STEP	2025-06-02T19:20:13.6765734Z #5 DONE 0.9s
Test OLM installation	UNKNOWN STEP	2025-06-02T19:20:13.6766070Z 
Test OLM installation	UNKNOWN STEP	2025-06-02T19:20:13.6767433Z #6 [ubi-micro-build 1/8] FROM registry.access.redhat.com/ubi9@sha256:304b50df1ea4db9706d8a30f4bbf26f582936ebc80c7e075c72ff2af99292a54
Test OLM installation	UNKNOWN STEP	2025-06-02T19:20:13.6769195Z #6 resolve registry.access.redhat.com/ubi9@sha256:304b50df1ea4db9706d8a30f4bbf26f582936ebc80c7e075c72ff2af99292a54 done
Test OLM installation	UNKNOWN STEP	2025-06-02T19:20:13.6771254Z #6 sha256:304b50df1ea4db9706d8a30f4bbf26f582936ebc80c7e075c72ff2af99292a54 897B / 897B done
Test OLM installation	UNKNOWN STEP	2025-06-02T19:20:13.6773915Z #6 sha256:62fb429dc6b93ab5ade55d1c8e6b08735f00224d3081d58f161eb5f55eeb3d7d 505B / 505B done
Test OLM installation	UNKNOWN STEP	2025-06-02T19:20:13.6775572Z #6 sha256:83c48939c2c8782580d44062545386358defd2d5cc748b9b963bdb8a78046a46 5.06kB / 5.06kB done
Test OLM installation	UNKNOWN STEP	2025-06-02T19:20:13.6777368Z #6 sha256:92efcdccd1058003df257e9cbdf756ff6b10bd276551590536a5a1678e099aaf 79.59MB / 79.59MB 0.8s done
Test OLM installation	UNKNOWN STEP	2025-06-02T19:20:13.6778570Z #6 extracting sha256:92efcdccd1058003df257e9cbdf756ff6b10bd276551590536a5a1678e099aaf 0.1s
Test OLM installation	UNKNOWN STEP	2025-06-02T19:20:13.9016964Z #6 ...
Test OLM installation	UNKNOWN STEP	2025-06-02T19:20:13.9017352Z 
Test OLM installation	UNKNOWN STEP	2025-06-02T19:20:13.9017613Z #7 [internal] load build context
Test OLM installation	UNKNOWN STEP	2025-06-02T19:20:13.9018166Z #7 transferring context: 155.22MB 1.1s done
Test OLM installation	UNKNOWN STEP	2025-06-02T19:20:13.9018842Z #7 DONE 1.1s
Test OLM installation	UNKNOWN STEP	2025-06-02T19:20:13.9019133Z 
Test OLM installation	UNKNOWN STEP	2025-06-02T19:20:13.9019823Z #6 [ubi-micro-build 1/8] FROM registry.access.redhat.com/ubi9@sha256:304b50df1ea4db9706d8a30f4bbf26f582936ebc80c7e075c72ff2af99292a54
Test OLM installation	UNKNOWN STEP	2025-06-02T19:20:18.2963837Z #6 extracting sha256:92efcdccd1058003df257e9cbdf756ff6b10bd276551590536a5a1678e099aaf 4.7s done
Test OLM installation	UNKNOWN STEP	2025-06-02T19:20:18.2964899Z #6 DONE 5.6s
Test OLM installation	UNKNOWN STEP	2025-06-02T19:20:18.4476637Z 
Test OLM installation	UNKNOWN STEP	2025-06-02T19:20:18.4477303Z #8 [ubi-micro-build 2/8] RUN dnf install -y tar gzip
Test OLM installation	UNKNOWN STEP	2025-06-02T19:20:18.6406728Z #8 0.343 Updating Subscription Management repositories.
Test OLM installation	UNKNOWN STEP	2025-06-02T19:20:18.7945618Z #8 0.344 Unable to read consumer identity
Test OLM installation	UNKNOWN STEP	2025-06-02T19:20:18.7946098Z #8 0.347 
Test OLM installation	UNKNOWN STEP	2025-06-02T19:20:18.7946645Z #8 0.347 This system is not registered with an entitlement server. You can use subscription-manager to register.
Test OLM installation	UNKNOWN STEP	2025-06-02T19:20:18.7947251Z #8 0.347 
Test OLM installation	UNKNOWN STEP	2025-06-02T19:20:18.8485602Z #8 0.551 Red Hat Universal Base Image 9 (RPMs) - BaseOS  3.3 MB/s | 587 kB     00:00    
Test OLM installation	UNKNOWN STEP	2025-06-02T19:20:19.0058352Z #8 0.709 Red Hat Universal Base Image 9 (RPMs) - AppStre  35 MB/s | 2.4 MB     00:00    
Test OLM installation	UNKNOWN STEP	2025-06-02T19:20:19.4364296Z #8 1.139 Red Hat Universal Base Image 9 (RPMs) - CodeRea 4.8 MB/s | 284 kB     00:00    
Test OLM installation	UNKNOWN STEP	2025-06-02T19:20:19.5701324Z #8 1.273 Package tar-2:1.34-7.el9.x86_64 is already installed.
Test OLM installation	UNKNOWN STEP	2025-06-02T19:20:19.6741845Z #8 1.273 Package gzip-1.12-1.el9.x86_64 is already installed.
Test OLM installation	UNKNOWN STEP	2025-06-02T19:20:19.6742479Z #8 1.287 Dependencies resolved.
Test OLM installation	UNKNOWN STEP	2025-06-02T19:20:19.6743425Z #8 1.288 Nothing to do.
Test OLM installation	UNKNOWN STEP	2025-06-02T19:20:19.6743853Z #8 1.288 Complete!
Test OLM installation	UNKNOWN STEP	2025-06-02T19:20:19.6744232Z #8 DONE 1.4s
Test OLM installation	UNKNOWN STEP	2025-06-02T19:20:19.8276884Z 
Test OLM installation	UNKNOWN STEP	2025-06-02T19:20:19.8277641Z #9 [ubi-micro-build 3/8] ADD keycloak-999.0.0-SNAPSHOT.tar.gz /tmp/keycloak/
Test OLM installation	UNKNOWN STEP	2025-06-02T19:20:20.5394605Z #9 DONE 0.9s
Test OLM installation	UNKNOWN STEP	2025-06-02T19:20:20.6448139Z 
Test OLM installation	UNKNOWN STEP	2025-06-02T19:20:20.6449410Z #10 [ubi-micro-build 4/8] RUN (cd /tmp/keycloak &&     tar -xvf /tmp/keycloak/keycloak-*.tar.gz &&     rm /tmp/keycloak/keycloak-*.tar.gz) || true
Test OLM installation	UNKNOWN STEP	2025-06-02T19:20:20.6451049Z #10 0.105 tar: /tmp/keycloak/keycloak-*.tar.gz: Cannot open: No such file or directory
Test OLM installation	UNKNOWN STEP	2025-06-02T19:20:20.6451983Z #10 0.105 tar: Error is not recoverable: exiting now
Test OLM installation	UNKNOWN STEP	2025-06-02T19:20:20.8009317Z #10 DONE 0.1s
Test OLM installation	UNKNOWN STEP	2025-06-02T19:20:20.8009661Z 
Test OLM installation	UNKNOWN STEP	2025-06-02T19:20:20.8010195Z #11 [ubi-micro-build 5/8] RUN mv /tmp/keycloak/keycloak-* /opt/keycloak && mkdir -p /opt/keycloak/data
Test OLM installation	UNKNOWN STEP	2025-06-02T19:20:20.8124027Z #11 DONE 0.2s
Test OLM installation	UNKNOWN STEP	2025-06-02T19:20:20.9636052Z 
Test OLM installation	UNKNOWN STEP	2025-06-02T19:20:20.9636542Z #12 [ubi-micro-build 6/8] RUN chmod -R g+rwX /opt/keycloak
Test OLM installation	UNKNOWN STEP	2025-06-02T19:20:21.6398528Z #12 DONE 0.8s
Test OLM installation	UNKNOWN STEP	2025-06-02T19:20:21.8080907Z 
Test OLM installation	UNKNOWN STEP	2025-06-02T19:20:21.8081484Z #13 [ubi-micro-build 7/8] ADD ubi-null.sh /tmp/
Test OLM installation	UNKNOWN STEP	2025-06-02T19:20:21.8081848Z #13 DONE 0.0s
Test OLM installation	UNKNOWN STEP	2025-06-02T19:20:21.8081971Z 
Test OLM installation	UNKNOWN STEP	2025-06-02T19:20:21.8082289Z #14 [ubi-micro-build 8/8] RUN bash /tmp/ubi-null.sh java-21-openjdk-headless glibc-langpack-en findutils
Test OLM installation	UNKNOWN STEP	2025-06-02T19:20:21.8166168Z #14 0.159 ==> Installing packages into chroot
Test OLM installation	UNKNOWN STEP	2025-06-02T19:20:21.8167124Z #14 0.159 + dnf install -y findutils diffutils
Test OLM installation	UNKNOWN STEP	2025-06-02T19:20:22.0694370Z #14 0.412 Updating Subscription Management repositories.
Test OLM installation	UNKNOWN STEP	2025-06-02T19:20:22.1807220Z #14 0.413 Unable to read consumer identity
Test OLM installation	UNKNOWN STEP	2025-06-02T19:20:22.1807937Z #14 0.416 
Test OLM installation	UNKNOWN STEP	2025-06-02T19:20:22.1808814Z #14 0.416 This system is not registered with an entitlement server. You can use subscription-manager to register.
Test OLM installation	UNKNOWN STEP	2025-06-02T19:20:22.1809577Z #14 0.416 
Test OLM installation	UNKNOWN STEP	2025-06-02T19:20:22.1810008Z #14 0.455 Last metadata expiration check: 0:00:03 ago on Mon Jun  2 19:20:19 2025.
Test OLM installation	UNKNOWN STEP	2025-06-02T19:20:22.1810667Z #14 0.476 Package findutils-1:4.8.0-7.el9.x86_64 is already installed.
Test OLM installation	UNKNOWN STEP	2025-06-02T19:20:22.1811382Z #14 0.491 Dependencies resolved.
Test OLM installation	UNKNOWN STEP	2025-06-02T19:20:22.1811844Z #14 0.491 ================================================================================
Test OLM installation	UNKNOWN STEP	2025-06-02T19:20:22.1813256Z #14 0.491  Package         Architecture Version             Repository               Size
Test OLM installation	UNKNOWN STEP	2025-06-02T19:20:22.1813952Z #14 0.491 ================================================================================
Test OLM installation	UNKNOWN STEP	2025-06-02T19:20:22.1814403Z #14 0.491 Installing:
Test OLM installation	UNKNOWN STEP	2025-06-02T19:20:22.1815620Z #14 0.491  diffutils       x86_64       3.7-12.el9          ubi-9-baseos-rpms       402 k
Test OLM installation	UNKNOWN STEP	2025-06-02T19:20:22.1816196Z #14 0.491 
Test OLM installation	UNKNOWN STEP	2025-06-02T19:20:22.1816514Z #14 0.491 Transaction Summary
Test OLM installation	UNKNOWN STEP	2025-06-02T19:20:22.1816953Z #14 0.491 ================================================================================
Test OLM installation	UNKNOWN STEP	2025-06-02T19:20:22.1817432Z #14 0.491 Install  1 Package
Test OLM installation	UNKNOWN STEP	2025-06-02T19:20:22.1817814Z #14 0.491 
Test OLM installation	UNKNOWN STEP	2025-06-02T19:20:22.1818143Z #14 0.492 Total download size: 402 k
Test OLM installation	UNKNOWN STEP	2025-06-02T19:20:22.1818524Z #14 0.492 Installed size: 1.4 M
Test OLM installation	UNKNOWN STEP	2025-06-02T19:20:22.1818762Z #14 0.492 Downloading Packages:
Test OLM installation	UNKNOWN STEP	2025-06-02T19:20:22.1819090Z #14 0.524 diffutils-3.7-12.el9.x86_64.rpm                  13 MB/s | 402 kB     00:00    
Test OLM installation	UNKNOWN STEP	2025-06-02T19:20:22.2838274Z #14 0.525 --------------------------------------------------------------------------------
Test OLM installation	UNKNOWN STEP	2025-06-02T19:20:22.2839640Z #14 0.525 Total                                            12 MB/s | 402 kB     00:00     
Test OLM installation	UNKNOWN STEP	2025-06-02T19:20:22.2840158Z #14 0.536 Running transaction check
Test OLM installation	UNKNOWN STEP	2025-06-02T19:20:22.2840571Z #14 0.540 Transaction check succeeded.
Test OLM installation	UNKNOWN STEP	2025-06-02T19:20:22.2841025Z #14 0.540 Running transaction test
Test OLM installation	UNKNOWN STEP	2025-06-02T19:20:22.2841356Z #14 0.565 Transaction test succeeded.
Test OLM installation	UNKNOWN STEP	2025-06-02T19:20:22.2841701Z #14 0.565 Running transaction
Test OLM installation	UNKNOWN STEP	2025-06-02T19:20:22.2842160Z #14 0.590   Preparing        :                                                        1/1 
Test OLM installation	UNKNOWN STEP	2025-06-02T19:20:22.3870818Z #14 0.627   Installing       : diffutils-3.7-12.el9.x86_64                            1/1 
Test OLM installation	UNKNOWN STEP	2025-06-02T19:20:22.3871648Z #14 0.637   Running scriptlet: diffutils-3.7-12.el9.x86_64                            1/1 
Test OLM installation	UNKNOWN STEP	2025-06-02T19:20:22.3872401Z #14 0.675   Verifying        : diffutils-3.7-12.el9.x86_64                            1/1 
Test OLM installation	UNKNOWN STEP	2025-06-02T19:20:22.3872935Z #14 0.730 Installed products updated.
Test OLM installation	UNKNOWN STEP	2025-06-02T19:20:22.6012608Z #14 0.737 
Test OLM installation	UNKNOWN STEP	2025-06-02T19:20:22.6012955Z #14 0.737 Installed:
Test OLM installation	UNKNOWN STEP	2025-06-02T19:20:22.6013530Z #14 0.737   diffutils-3.7-12.el9.x86_64                                                   
Test OLM installation	UNKNOWN STEP	2025-06-02T19:20:22.6014108Z #14 0.737 
Test OLM installation	UNKNOWN STEP	2025-06-02T19:20:22.6014400Z #14 0.737 Complete!
Test OLM installation	UNKNOWN STEP	2025-06-02T19:20:22.6015061Z #14 0.791 ++ realpath rootfs
Test OLM installation	UNKNOWN STEP	2025-06-02T19:20:22.6015505Z #14 0.792 + rootfs=/tmp/null/rootfs
Test OLM installation	UNKNOWN STEP	2025-06-02T19:20:22.6015949Z #14 0.792 + mkdir -p /tmp/null/rootfs
Test OLM installation	UNKNOWN STEP	2025-06-02T19:20:22.6016793Z #14 0.794 + xargs dnf install -y --installroot /tmp/null/rootfs --releasever 9 --setopt install_weak_deps=false --nodocs
Test OLM installation	UNKNOWN STEP	2025-06-02T19:20:22.6766881Z #14 1.019 Updating Subscription Management repositories.
Test OLM installation	UNKNOWN STEP	2025-06-02T19:20:22.9242885Z #14 1.020 Unable to read consumer identity
Test OLM installation	UNKNOWN STEP	2025-06-02T19:20:22.9243729Z #14 1.021 
Test OLM installation	UNKNOWN STEP	2025-06-02T19:20:22.9246723Z #14 1.021 This system is not registered with an entitlement server. You can use subscription-manager to register.
Test OLM installation	UNKNOWN STEP	2025-06-02T19:20:22.9249261Z #14 1.021 
Test OLM installation	UNKNOWN STEP	2025-06-02T19:20:22.9251694Z #14 1.116 Red Hat Universal Base Image 9 (RPMs) - BaseOS  7.8 MB/s | 587 kB     00:00    
Test OLM installation	UNKNOWN STEP	2025-06-02T19:20:22.9404148Z #14 1.283 Red Hat Universal Base Image 9 (RPMs) - AppStre  31 MB/s | 2.4 MB     00:00    
Test OLM installation	UNKNOWN STEP	2025-06-02T19:20:23.3893559Z #14 1.732 Red Hat Universal Base Image 9 (RPMs) - CodeRea 4.0 MB/s | 284 kB     00:00    
Test OLM installation	UNKNOWN STEP	2025-06-02T19:20:23.5356359Z #14 1.878 Dependencies resolved.
Test OLM installation	UNKNOWN STEP	2025-06-02T19:20:23.6381038Z #14 1.883 =============================================================================================
Test OLM installation	UNKNOWN STEP	2025-06-02T19:20:23.6381802Z #14 1.883  Package                    Arch    Version                       Repository             Size
Test OLM installation	UNKNOWN STEP	2025-06-02T19:20:23.6382535Z #14 1.883 =============================================================================================
Test OLM installation	UNKNOWN STEP	2025-06-02T19:20:23.6383025Z #14 1.883 Installing:
Test OLM installation	UNKNOWN STEP	2025-06-02T19:20:23.6383520Z #14 1.883  bash                       x86_64  5.1.8-9.el9                   ubi-9-baseos-rpms     1.7 M
Test OLM installation	UNKNOWN STEP	2025-06-02T19:20:23.6384308Z #14 1.883  coreutils-single           x86_64  8.32-39.el9                   ubi-9-baseos-rpms     625 k
Test OLM installation	UNKNOWN STEP	2025-06-02T19:20:23.6385341Z #14 1.883  findutils                  x86_64  1:4.8.0-7.el9                 ubi-9-baseos-rpms     550 k
Test OLM installation	UNKNOWN STEP	2025-06-02T19:20:23.6386098Z #14 1.883  glibc-langpack-en          x86_64  2.34-168.el9_6.14             ubi-9-baseos-rpms     657 k
Test OLM installation	UNKNOWN STEP	2025-06-02T19:20:23.6386924Z #14 1.883  java-21-openjdk-headless   x86_64  1:21.0.7.0.6-1.el9            ubi-9-appstream-rpms   49 M
Test OLM installation	UNKNOWN STEP	2025-06-02T19:20:23.6387553Z #14 1.883 Installing dependencies:
Test OLM installation	UNKNOWN STEP	2025-06-02T19:20:23.6388067Z #14 1.883  alsa-lib                   x86_64  1.2.13-2.el9                  ubi-9-appstream-rpms  530 k
Test OLM installation	UNKNOWN STEP	2025-06-02T19:20:23.6388789Z #14 1.883  alternatives               x86_64  1.24-2.el9                    ubi-9-baseos-rpms      42 k
Test OLM installation	UNKNOWN STEP	2025-06-02T19:20:23.6389511Z #14 1.883  avahi-libs                 x86_64  0.8-22.el9_6                  ubi-9-baseos-rpms      67 k
Test OLM installation	UNKNOWN STEP	2025-06-02T19:20:23.6390228Z #14 1.883  basesystem                 noarch  11-13.el9                     ubi-9-baseos-rpms     8.0 k
Test OLM installation	UNKNOWN STEP	2025-06-02T19:20:23.6391069Z #14 1.883  bzip2-libs                 x86_64  1.0.8-10.el9_5                ubi-9-baseos-rpms      42 k
Test OLM installation	UNKNOWN STEP	2025-06-02T19:20:23.6391831Z #14 1.883  ca-certificates            noarch  2024.2.69_v8.0.303-91.4.el9_4 ubi-9-baseos-rpms     1.0 M
Test OLM installation	UNKNOWN STEP	2025-06-02T19:20:23.6392638Z #14 1.883  copy-jdk-configs           noarch  4.0-3.el9                     ubi-9-appstream-rpms   29 k
Test OLM installation	UNKNOWN STEP	2025-06-02T19:20:23.6393457Z #14 1.883  crypto-policies            noarch  20250128-1.git5269e22.el9     ubi-9-baseos-rpms      90 k
Test OLM installation	UNKNOWN STEP	2025-06-02T19:20:23.6394869Z #14 1.883  crypto-policies-scripts    noarch  20250128-1.git5269e22.el9     ubi-9-baseos-rpms     101 k
Test OLM installation	UNKNOWN STEP	2025-06-02T19:20:23.6395712Z #14 1.883  cups-libs                  x86_64  1:2.3.3op2-33.el9             ubi-9-baseos-rpms     265 k
Test OLM installation	UNKNOWN STEP	2025-06-02T19:20:23.6396412Z #14 1.883  dbus-libs                  x86_64  1:1.12.20-8.el9               ubi-9-baseos-rpms     154 k
Test OLM installation	UNKNOWN STEP	2025-06-02T19:20:23.6397096Z #14 1.883  expat                      x86_64  2.5.0-5.el9_6                 ubi-9-baseos-rpms     119 k
Test OLM installation	UNKNOWN STEP	2025-06-02T19:20:23.6397786Z #14 1.883  filesystem                 x86_64  3.16-5.el9                    ubi-9-baseos-rpms     4.8 M
Test OLM installation	UNKNOWN STEP	2025-06-02T19:20:23.6398482Z #14 1.883  gawk                       x86_64  5.1.0-6.el9                   ubi-9-baseos-rpms     1.0 M
Test OLM installation	UNKNOWN STEP	2025-06-02T19:20:23.6399174Z #14 1.883  gdbm-libs                  x86_64  1:1.23-1.el9                  ubi-9-baseos-rpms      59 k
Test OLM installation	UNKNOWN STEP	2025-06-02T19:20:23.6399870Z #14 1.883  glibc                      x86_64  2.34-168.el9_6.14             ubi-9-baseos-rpms     2.0 M
Test OLM installation	UNKNOWN STEP	2025-06-02T19:20:23.6400606Z #14 1.883  glibc-common               x86_64  2.34-168.el9_6.14             ubi-9-baseos-rpms     304 k
Test OLM installation	UNKNOWN STEP	2025-06-02T19:20:23.6401093Z #14 1.883  gmp                        x86_64  1:6.2.0-13.el9                ubi-9-baseos-rpms     319 k
Test OLM installation	UNKNOWN STEP	2025-06-02T19:20:23.6401511Z #14 1.883  gnutls                     x86_64  3.8.3-6.el9                   ubi-9-baseos-rpms     1.1 M
Test OLM installation	UNKNOWN STEP	2025-06-02T19:20:23.6402080Z #14 1.883  grep                       x86_64  3.6-5.el9                     ubi-9-baseos-rpms     273 k
Test OLM installation	UNKNOWN STEP	2025-06-02T19:20:23.6402585Z #14 1.883  javapackages-filesystem    noarch  6.4.0-1.el9                   ubi-9-appstream-rpms   17 k
Test OLM installation	UNKNOWN STEP	2025-06-02T19:20:23.6403085Z #14 1.883  keyutils-libs              x86_64  1.6.3-1.el9                   ubi-9-baseos-rpms      34 k
Test OLM installation	UNKNOWN STEP	2025-06-02T19:20:23.6403518Z #14 1.883  krb5-libs                  x86_64  1.21.1-6.el9                  ubi-9-baseos-rpms     770 k
Test OLM installation	UNKNOWN STEP	2025-06-02T19:20:23.6403924Z #14 1.883  libacl                     x86_64  2.3.1-4.el9                   ubi-9-baseos-rpms      24 k
Test OLM installation	UNKNOWN STEP	2025-06-02T19:20:23.6404359Z #14 1.883  libattr                    x86_64  2.5.1-3.el9                   ubi-9-baseos-rpms      20 k
Test OLM installation	UNKNOWN STEP	2025-06-02T19:20:23.6405028Z #14 1.883  libcap                     x86_64  2.48-9.el9_2                  ubi-9-baseos-rpms      74 k
Test OLM installation	UNKNOWN STEP	2025-06-02T19:20:23.6405561Z #14 1.883  libcom_err                 x86_64  1.46.5-7.el9                  ubi-9-baseos-rpms      28 k
Test OLM installation	UNKNOWN STEP	2025-06-02T19:20:23.6406254Z #14 1.883  libevent                   x86_64  2.1.12-8.el9_4                ubi-9-baseos-rpms     266 k
Test OLM installation	UNKNOWN STEP	2025-06-02T19:20:23.6406959Z #14 1.883  libffi                     x86_64  3.4.2-8.el9                   ubi-9-baseos-rpms      40 k
Test OLM installation	UNKNOWN STEP	2025-06-02T19:20:23.6407478Z #14 1.883  libgcc                     x86_64  11.5.0-5.el9_5                ubi-9-baseos-rpms      88 k
Test OLM installation	UNKNOWN STEP	2025-06-02T19:20:23.6407933Z #14 1.883  libgcrypt                  x86_64  1.10.0-11.el9                 ubi-9-baseos-rpms     510 k
Test OLM installation	UNKNOWN STEP	2025-06-02T19:20:23.6408378Z #14 1.883  libgpg-error               x86_64  1.42-5.el9                    ubi-9-baseos-rpms     220 k
Test OLM installation	UNKNOWN STEP	2025-06-02T19:20:23.6408803Z #14 1.883  libidn2                    x86_64  2.3.0-7.el9                   ubi-9-baseos-rpms     105 k
Test OLM installation	UNKNOWN STEP	2025-06-02T19:20:23.6409224Z #14 1.883  libselinux                 x86_64  3.6-3.el9                     ubi-9-baseos-rpms      88 k
Test OLM installation	UNKNOWN STEP	2025-06-02T19:20:23.6409647Z #14 1.883  libsepol                   x86_64  3.6-2.el9                     ubi-9-baseos-rpms     331 k
Test OLM installation	UNKNOWN STEP	2025-06-02T19:20:23.6410078Z #14 1.883  libsigsegv                 x86_64  2.13-4.el9                    ubi-9-baseos-rpms      30 k
Test OLM installation	UNKNOWN STEP	2025-06-02T19:20:23.6410505Z #14 1.883  libtasn1                   x86_64  4.16.0-9.el9                  ubi-9-baseos-rpms      77 k
Test OLM installation	UNKNOWN STEP	2025-06-02T19:20:23.6410936Z #14 1.883  libunistring               x86_64  0.9.10-15.el9                 ubi-9-baseos-rpms     499 k
Test OLM installation	UNKNOWN STEP	2025-06-02T19:20:23.6411367Z #14 1.883  libuuid                    x86_64  2.37.4-21.el9                 ubi-9-baseos-rpms      30 k
Test OLM installation	UNKNOWN STEP	2025-06-02T19:20:23.6415416Z #14 1.883  libverto                   x86_64  0.3.2-3.el9                   ubi-9-baseos-rpms      24 k
Test OLM installation	UNKNOWN STEP	2025-06-02T19:20:23.6415833Z #14 1.883  libxcrypt                  x86_64  4.4.18-3.el9                  ubi-9-baseos-rpms     120 k
Test OLM installation	UNKNOWN STEP	2025-06-02T19:20:23.6416241Z #14 1.883  libzstd                    x86_64  1.5.5-1.el9                   ubi-9-baseos-rpms     297 k
Test OLM installation	UNKNOWN STEP	2025-06-02T19:20:23.6416747Z #14 1.883  lksctp-tools               x86_64  1.0.19-3.el9_4                ubi-9-baseos-rpms     104 k
Test OLM installation	UNKNOWN STEP	2025-06-02T19:20:23.6417447Z #14 1.883  lua                        x86_64  5.4.4-4.el9                   ubi-9-appstream-rpms  192 k
Test OLM installation	UNKNOWN STEP	2025-06-02T19:20:23.6418150Z #14 1.883  lua-libs                   x86_64  5.4.4-4.el9                   ubi-9-baseos-rpms     132 k
Test OLM installation	UNKNOWN STEP	2025-06-02T19:20:23.6418928Z #14 1.883  lua-posix                  x86_64  35.0-8.el9                    ubi-9-appstream-rpms  155 k
Test OLM installation	UNKNOWN STEP	2025-06-02T19:20:23.6419701Z #14 1.883  lz4-libs                   x86_64  1.9.3-5.el9                   ubi-9-baseos-rpms      69 k
Test OLM installation	UNKNOWN STEP	2025-06-02T19:20:23.6420424Z #14 1.883  mpfr                       x86_64  4.1.0-7.el9                   ubi-9-baseos-rpms     329 k
Test OLM installation	UNKNOWN STEP	2025-06-02T19:20:23.6421196Z #14 1.883  ncurses-base               noarch  6.2-10.20210508.el9           ubi-9-baseos-rpms      99 k
Test OLM installation	UNKNOWN STEP	2025-06-02T19:20:23.6422048Z #14 1.883  ncurses-libs               x86_64  6.2-10.20210508.el9           ubi-9-baseos-rpms     332 k
Test OLM installation	UNKNOWN STEP	2025-06-02T19:20:23.6423039Z #14 1.883  nettle                     x86_64  3.10.1-1.el9                  ubi-9-baseos-rpms     568 k
Test OLM installation	UNKNOWN STEP	2025-06-02T19:20:23.6423803Z #14 1.883  nspr                       x86_64  4.35.0-17.el9_2               ubi-9-appstream-rpms  137 k
Test OLM installation	UNKNOWN STEP	2025-06-02T19:20:23.6424530Z #14 1.883  nss                        x86_64  3.101.0-10.el9_2              ubi-9-appstream-rpms  720 k
Test OLM installation	UNKNOWN STEP	2025-06-02T19:20:23.6425530Z #14 1.883  nss-softokn                x86_64  3.101.0-10.el9_2              ubi-9-appstream-rpms  393 k
Test OLM installation	UNKNOWN STEP	2025-06-02T19:20:23.6426388Z #14 1.883  nss-softokn-freebl         x86_64  3.101.0-10.el9_2              ubi-9-appstream-rpms  313 k
Test OLM installation	UNKNOWN STEP	2025-06-02T19:20:23.6427304Z #14 1.883  nss-sysinit                x86_64  3.101.0-10.el9_2              ubi-9-appstream-rpms   21 k
Test OLM installation	UNKNOWN STEP	2025-06-02T19:20:23.6428135Z #14 1.883  nss-util                   x86_64  3.101.0-10.el9_2              ubi-9-appstream-rpms   92 k
Test OLM installation	UNKNOWN STEP	2025-06-02T19:20:23.6428973Z #14 1.883  openssl-fips-provider      x86_64  3.0.7-6.el9_5                 ubi-9-baseos-rpms     9.4 k
Test OLM installation	UNKNOWN STEP	2025-06-02T19:20:23.6429889Z #14 1.883  openssl-fips-provider-so   x86_64  3.0.7-6.el9_5                 ubi-9-baseos-rpms     577 k
Test OLM installation	UNKNOWN STEP	2025-06-02T19:20:23.6430752Z #14 1.883  openssl-libs               x86_64  1:3.2.2-6.el9_5.1             ubi-9-baseos-rpms     2.1 M
Test OLM installation	UNKNOWN STEP	2025-06-02T19:20:23.6431523Z #14 1.883  p11-kit                    x86_64  0.25.3-3.el9_5                ubi-9-baseos-rpms     536 k
Test OLM installation	UNKNOWN STEP	2025-06-02T19:20:23.6432286Z #14 1.883  p11-kit-trust              x86_64  0.25.3-3.el9_5                ubi-9-baseos-rpms     144 k
Test OLM installation	UNKNOWN STEP	2025-06-02T19:20:23.6433038Z #14 1.883  pcre                       x86_64  8.44-4.el9                    ubi-9-baseos-rpms     200 k
Test OLM installation	UNKNOWN STEP	2025-06-02T19:20:23.6433748Z #14 1.883  pcre2                      x86_64  10.40-6.el9                   ubi-9-baseos-rpms     236 k
Test OLM installation	UNKNOWN STEP	2025-06-02T19:20:23.6434490Z #14 1.883  pcre2-syntax               noarch  10.40-6.el9                   ubi-9-baseos-rpms     144 k
Test OLM installation	UNKNOWN STEP	2025-06-02T19:20:23.6435487Z #14 1.883  python3                    x86_64  3.9.21-2.el9                  ubi-9-baseos-rpms      30 k
Test OLM installation	UNKNOWN STEP	2025-06-02T19:20:23.6436260Z #14 1.883  python3-libs               x86_64  3.9.21-2.el9                  ubi-9-baseos-rpms     8.1 M
Test OLM installation	UNKNOWN STEP	2025-06-02T19:20:23.6437074Z #14 1.883  python3-pip-wheel          noarch  21.3.1-1.el9                  ubi-9-baseos-rpms     1.1 M
Test OLM installation	UNKNOWN STEP	2025-06-02T19:20:23.6437969Z #14 1.883  python3-setuptools-wheel   noarch  53.0.0-13.el9                 ubi-9-baseos-rpms     469 k
Test OLM installation	UNKNOWN STEP	2025-06-02T19:20:23.6438819Z #14 1.883  readline                   x86_64  8.1-4.el9                     ubi-9-baseos-rpms     215 k
Test OLM installation	UNKNOWN STEP	2025-06-02T19:20:23.6439771Z #14 1.883  redhat-release             x86_64  9.6-0.1.el9                   ubi-9-baseos-rpms      44 k
Test OLM installation	UNKNOWN STEP	2025-06-02T19:20:23.6440500Z #14 1.883  sed                        x86_64  4.8-9.el9                     ubi-9-baseos-rpms     309 k
Test OLM installation	UNKNOWN STEP	2025-06-02T19:20:23.6441191Z #14 1.883  setup                      noarch  2.13.7-10.el9                 ubi-9-baseos-rpms     150 k
Test OLM installation	UNKNOWN STEP	2025-06-02T19:20:23.6441953Z #14 1.883  sqlite-libs                x86_64  3.34.1-7.el9_3                ubi-9-baseos-rpms     622 k
Test OLM installation	UNKNOWN STEP	2025-06-02T19:20:23.6442733Z #14 1.883  systemd-libs               x86_64  252-51.el9                    ubi-9-baseos-rpms     684 k
Test OLM installation	UNKNOWN STEP	2025-06-02T19:20:23.6443510Z #14 1.883  tzdata                     noarch  2025b-1.el9                   ubi-9-baseos-rpms     842 k
Test OLM installation	UNKNOWN STEP	2025-06-02T19:20:23.6444301Z #14 1.883  tzdata-java                noarch  2025b-1.el9                   ubi-9-appstream-rpms  228 k
Test OLM installation	UNKNOWN STEP	2025-06-02T19:20:23.6445274Z #14 1.883  xz-libs                    x86_64  5.2.5-8.el9_0                 ubi-9-baseos-rpms      94 k
Test OLM installation	UNKNOWN STEP	2025-06-02T19:20:23.6445994Z #14 1.883  zlib                       x86_64  1.2.11-40.el9                 ubi-9-baseos-rpms      93 k
Test OLM installation	UNKNOWN STEP	2025-06-02T19:20:23.6446529Z #14 1.883 
Test OLM installation	UNKNOWN STEP	2025-06-02T19:20:23.6446828Z #14 1.883 Transaction Summary
Test OLM installation	UNKNOWN STEP	2025-06-02T19:20:23.6447256Z #14 1.883 =============================================================================================
Test OLM installation	UNKNOWN STEP	2025-06-02T19:20:23.6447758Z #14 1.883 Install  84 Packages
Test OLM installation	UNKNOWN STEP	2025-06-02T19:20:23.6448331Z #14 1.883 
Test OLM installation	UNKNOWN STEP	2025-06-02T19:20:23.6448659Z #14 1.886 Total download size: 89 M
Test OLM installation	UNKNOWN STEP	2025-06-02T19:20:23.6449058Z #14 1.886 Installed size: 319 M
Test OLM installation	UNKNOWN STEP	2025-06-02T19:20:23.6449428Z #14 1.887 Downloading Packages:
Test OLM installation	UNKNOWN STEP	2025-06-02T19:20:23.6450008Z #14 1.922 (1/84): basesystem-11-13.el9.noarch.rpm         280 kB/s | 8.0 kB     00:00    
Test OLM installation	UNKNOWN STEP	2025-06-02T19:20:23.6450823Z #14 1.924 (2/84): alternatives-1.24-2.el9.x86_64.rpm      1.3 MB/s |  42 kB     00:00    
Test OLM installation	UNKNOWN STEP	2025-06-02T19:20:23.6451596Z #14 1.928 (3/84): avahi-libs-0.8-22.el9_6.x86_64.rpm      1.9 MB/s |  67 kB     00:00    
Test OLM installation	UNKNOWN STEP	2025-06-02T19:20:23.6452343Z #14 1.930 (4/84): bzip2-libs-1.0.8-10.el9_5.x86_64.rpm    7.2 MB/s |  42 kB     00:00    
Test OLM installation	UNKNOWN STEP	2025-06-02T19:20:23.6453058Z #14 1.948 (5/84): bash-5.1.8-9.el9.x86_64.rpm              65 MB/s | 1.7 MB     00:00    
Test OLM installation	UNKNOWN STEP	2025-06-02T19:20:23.6453801Z #14 1.952 (6/84): ca-certificates-2024.2.69_v8.0.303-91.4  42 MB/s | 1.0 MB     00:00    
Test OLM installation	UNKNOWN STEP	2025-06-02T19:20:23.6454579Z #14 1.955 (7/84): coreutils-single-8.32-39.el9.x86_64.rpm  24 MB/s | 625 kB     00:00    
Test OLM installation	UNKNOWN STEP	2025-06-02T19:20:23.6455578Z #14 1.957 (8/84): crypto-policies-20250128-1.git5269e22.e  10 MB/s |  90 kB     00:00    
Test OLM installation	UNKNOWN STEP	2025-06-02T19:20:23.6456413Z #14 1.959 (9/84): crypto-policies-scripts-20250128-1.git5  15 MB/s | 101 kB     00:00    
Test OLM installation	UNKNOWN STEP	2025-06-02T19:20:23.6457225Z #14 1.962 (10/84): cups-libs-2.3.3op2-33.el9.x86_64.rpm    42 MB/s | 265 kB     00:00    
Test OLM installation	UNKNOWN STEP	2025-06-02T19:20:23.6457963Z #14 1.964 (11/84): dbus-libs-1.12.20-8.el9.x86_64.rpm      22 MB/s | 154 kB     00:00    
Test OLM installation	UNKNOWN STEP	2025-06-02T19:20:23.6458688Z #14 1.966 (12/84): expat-2.5.0-5.el9_6.x86_64.rpm          18 MB/s | 119 kB     00:00    
Test OLM installation	UNKNOWN STEP	2025-06-02T19:20:23.6459404Z #14 1.975 (13/84): findutils-4.8.0-7.el9.x86_64.rpm        50 MB/s | 550 kB     00:00    
Test OLM installation	UNKNOWN STEP	2025-06-02T19:20:23.6460144Z #14 1.981 (14/84): gdbm-libs-1.23-1.el9.x86_64.rpm         11 MB/s |  59 kB     00:00    
Test OLM installation	UNKNOWN STEP	2025-06-02T19:20:23.7403791Z #14 1.985 (15/84): gawk-5.1.0-6.el9.x86_64.rpm             53 MB/s | 1.0 MB     00:00    
Test OLM installation	UNKNOWN STEP	2025-06-02T19:20:23.7404808Z #14 1.994 (16/84): glibc-common-2.34-168.el9_6.14.x86_64.  34 MB/s | 304 kB     00:00    
Test OLM installation	UNKNOWN STEP	2025-06-02T19:20:23.7405639Z #14 2.007 (17/84): glibc-2.34-168.el9_6.14.x86_64.rpm      74 MB/s | 2.0 MB     00:00    
Test OLM installation	UNKNOWN STEP	2025-06-02T19:20:23.7406420Z #14 2.011 (18/84): glibc-langpack-en-2.34-168.el9_6.14.x8  40 MB/s | 657 kB     00:00    
Test OLM installation	UNKNOWN STEP	2025-06-02T19:20:23.7407164Z #14 2.015 (19/84): gmp-6.2.0-13.el9.x86_64.rpm             42 MB/s | 319 kB     00:00    
Test OLM installation	UNKNOWN STEP	2025-06-02T19:20:23.7407922Z #14 2.029 (20/84): filesystem-3.16-5.el9.x86_64.rpm        72 MB/s | 4.8 MB     00:00    
Test OLM installation	UNKNOWN STEP	2025-06-02T19:20:23.7409016Z #14 2.032 (21/84): grep-3.6-5.el9.x86_64.rpm               16 MB/s | 273 kB     00:00    
Test OLM installation	UNKNOWN STEP	2025-06-02T19:20:23.7409793Z #14 2.035 (22/84): keyutils-libs-1.6.3-1.el9.x86_64.rpm   6.0 MB/s |  34 kB     00:00    
Test OLM installation	UNKNOWN STEP	2025-06-02T19:20:23.7410581Z #14 2.039 (23/84): gnutls-3.8.3-6.el9.x86_64.rpm           39 MB/s | 1.1 MB     00:00    
Test OLM installation	UNKNOWN STEP	2025-06-02T19:20:23.7411316Z #14 2.040 (24/84): libacl-2.3.1-4.el9.x86_64.rpm          4.6 MB/s |  24 kB     00:00    
Test OLM installation	UNKNOWN STEP	2025-06-02T19:20:23.7412066Z #14 2.046 (25/84): krb5-libs-1.21.1-6.el9.x86_64.rpm       58 MB/s | 770 kB     00:00    
Test OLM installation	UNKNOWN STEP	2025-06-02T19:20:23.7412817Z #14 2.048 (26/84): libcap-2.48-9.el9_2.x86_64.rpm          11 MB/s |  74 kB     00:00    
Test OLM installation	UNKNOWN STEP	2025-06-02T19:20:23.7413578Z #14 2.050 (27/84): libattr-2.5.1-3.el9.x86_64.rpm         1.8 MB/s |  20 kB     00:00    
Test OLM installation	UNKNOWN STEP	2025-06-02T19:20:23.7414276Z #14 2.051 (28/84): libcom_err-1.46.5-7.el9.x86_64.rpm     5.0 MB/s |  28 kB     00:00    
Test OLM installation	UNKNOWN STEP	2025-06-02T19:20:23.7415240Z #14 2.055 (29/84): libevent-2.1.12-8.el9_4.x86_64.rpm      37 MB/s | 266 kB     00:00    
Test OLM installation	UNKNOWN STEP	2025-06-02T19:20:23.7415933Z #14 2.057 (30/84): libgcc-11.5.0-5.el9_5.x86_64.rpm        15 MB/s |  88 kB     00:00    
Test OLM installation	UNKNOWN STEP	2025-06-02T19:20:23.7416480Z #14 2.059 (31/84): libffi-3.4.2-8.el9.x86_64.rpm          4.6 MB/s |  40 kB     00:00    
Test OLM installation	UNKNOWN STEP	2025-06-02T19:20:23.7416917Z #14 2.064 (32/84): libgcrypt-1.10.0-11.el9.x86_64.rpm      59 MB/s | 510 kB     00:00    
Test OLM installation	UNKNOWN STEP	2025-06-02T19:20:23.7417518Z #14 2.066 (33/84): libidn2-2.3.0-7.el9.x86_64.rpm          14 MB/s | 105 kB     00:00    
Test OLM installation	UNKNOWN STEP	2025-06-02T19:20:23.7417947Z #14 2.068 (34/84): libgpg-error-1.42-5.el9.x86_64.rpm      21 MB/s | 220 kB     00:00    
Test OLM installation	UNKNOWN STEP	2025-06-02T19:20:23.7418392Z #14 2.070 (35/84): libselinux-3.6-3.el9.x86_64.rpm         15 MB/s |  88 kB     00:00    
Test OLM installation	UNKNOWN STEP	2025-06-02T19:20:23.7418842Z #14 2.073 (36/84): libsigsegv-2.13-4.el9.x86_64.rpm       7.2 MB/s |  30 kB     00:00    
Test OLM installation	UNKNOWN STEP	2025-06-02T19:20:23.7419665Z #14 2.075 (37/84): libtasn1-4.16.0-9.el9.x86_64.rpm        16 MB/s |  77 kB     00:00    
Test OLM installation	UNKNOWN STEP	2025-06-02T19:20:23.7420091Z #14 2.077 (38/84): libsepol-3.6-2.el9.x86_64.rpm           32 MB/s | 331 kB     00:00    
Test OLM installation	UNKNOWN STEP	2025-06-02T19:20:23.7420496Z #14 2.080 (39/84): libuuid-2.37.4-21.el9.x86_64.rpm       6.5 MB/s |  30 kB     00:00    
Test OLM installation	UNKNOWN STEP	2025-06-02T19:20:23.7420907Z #14 2.083 (40/84): libunistring-0.9.10-15.el9.x86_64.rpm   47 MB/s | 499 kB     00:00    
Test OLM installation	UNKNOWN STEP	2025-06-02T19:20:23.8457896Z #14 2.086 (41/84): libxcrypt-4.4.18-3.el9.x86_64.rpm       20 MB/s | 120 kB     00:00    
Test OLM installation	UNKNOWN STEP	2025-06-02T19:20:23.8458822Z #14 2.090 (42/84): libzstd-1.5.5-1.el9.x86_64.rpm          45 MB/s | 297 kB     00:00    
Test OLM installation	UNKNOWN STEP	2025-06-02T19:20:23.8459583Z #14 2.092 (43/84): libverto-0.3.2-3.el9.x86_64.rpm        1.7 MB/s |  24 kB     00:00    
Test OLM installation	UNKNOWN STEP	2025-06-02T19:20:23.8460349Z #14 2.094 (44/84): lksctp-tools-1.0.19-3.el9_4.x86_64.rpm  14 MB/s | 104 kB     00:00    
Test OLM installation	UNKNOWN STEP	2025-06-02T19:20:23.8461092Z #14 2.096 (45/84): lua-libs-5.4.4-4.el9.x86_64.rpm         24 MB/s | 132 kB     00:00    
Test OLM installation	UNKNOWN STEP	2025-06-02T19:20:23.8461793Z #14 2.100 (46/84): lz4-libs-1.9.3-5.el9.x86_64.rpm        8.2 MB/s |  69 kB     00:00    
Test OLM installation	UNKNOWN STEP	2025-06-02T19:20:23.8462551Z #14 2.102 (47/84): ncurses-base-6.2-10.20210508.el9.noarc  16 MB/s |  99 kB     00:00    
Test OLM installation	UNKNOWN STEP	2025-06-02T19:20:23.8463284Z #14 2.104 (48/84): mpfr-4.1.0-7.el9.x86_64.rpm             31 MB/s | 329 kB     00:00    
Test OLM installation	UNKNOWN STEP	2025-06-02T19:20:23.8463993Z #14 2.108 (49/84): ncurses-libs-6.2-10.20210508.el9.x86_6  45 MB/s | 332 kB     00:00    
Test OLM installation	UNKNOWN STEP	2025-06-02T19:20:23.8465029Z #14 2.109 (50/84): openssl-fips-provider-3.0.7-6.el9_5.x8 2.1 MB/s | 9.4 kB     00:00    
Test OLM installation	UNKNOWN STEP	2025-06-02T19:20:23.8465815Z #14 2.114 (51/84): nettle-3.10.1-1.el9.x86_64.rpm          48 MB/s | 568 kB     00:00    
Test OLM installation	UNKNOWN STEP	2025-06-02T19:20:23.8466609Z #14 2.121 (52/84): openssl-fips-provider-so-3.0.7-6.el9_5  46 MB/s | 577 kB     00:00    
Test OLM installation	UNKNOWN STEP	2025-06-02T19:20:23.8467376Z #14 2.126 (53/84): p11-kit-0.25.3-3.el9_5.x86_64.rpm       45 MB/s | 536 kB     00:00    
Test OLM installation	UNKNOWN STEP	2025-06-02T19:20:23.8468133Z #14 2.128 (54/84): p11-kit-trust-0.25.3-3.el9_5.x86_64.rp  20 MB/s | 144 kB     00:00    
Test OLM installation	UNKNOWN STEP	2025-06-02T19:20:23.8469214Z #14 2.133 (55/84): pcre-8.44-4.el9.x86_64.rpm              34 MB/s | 200 kB     00:00    
Test OLM installation	UNKNOWN STEP	2025-06-02T19:20:23.8469922Z #14 2.136 (56/84): pcre2-10.40-6.el9.x86_64.rpm            34 MB/s | 236 kB     00:00    
Test OLM installation	UNKNOWN STEP	2025-06-02T19:20:23.8470663Z #14 2.140 (57/84): pcre2-syntax-10.40-6.el9.noarch.rpm     19 MB/s | 144 kB     00:00    
Test OLM installation	UNKNOWN STEP	2025-06-02T19:20:23.8471441Z #14 2.146 (58/84): openssl-libs-3.2.2-6.el9_5.1.x86_64.rp  58 MB/s | 2.1 MB     00:00    
Test OLM installation	UNKNOWN STEP	2025-06-02T19:20:23.8472180Z #14 2.148 (59/84): python3-3.9.21-2.el9.x86_64.rpm        2.4 MB/s |  30 kB     00:00    
Test OLM installation	UNKNOWN STEP	2025-06-02T19:20:23.8472953Z #14 2.158 (60/84): python3-setuptools-wheel-53.0.0-13.el9  45 MB/s | 469 kB     00:00    
Test OLM installation	UNKNOWN STEP	2025-06-02T19:20:23.8473752Z #14 2.165 (61/84): python3-pip-wheel-21.3.1-1.el9.noarch.  63 MB/s | 1.1 MB     00:00    
Test OLM installation	UNKNOWN STEP	2025-06-02T19:20:23.8474498Z #14 2.168 (62/84): readline-8.1-4.el9.x86_64.rpm           24 MB/s | 215 kB     00:00    
Test OLM installation	UNKNOWN STEP	2025-06-02T19:20:23.8475493Z #14 2.170 (63/84): redhat-release-9.6-0.1.el9.x86_64.rpm  9.1 MB/s |  44 kB     00:00    
Test OLM installation	UNKNOWN STEP	2025-06-02T19:20:23.8476227Z #14 2.177 (64/84): sed-4.8-9.el9.x86_64.rpm                35 MB/s | 309 kB     00:00    
Test OLM installation	UNKNOWN STEP	2025-06-02T19:20:23.8476937Z #14 2.178 (65/84): setup-2.13.7-10.el9.noarch.rpm          18 MB/s | 150 kB     00:00    
Test OLM installation	UNKNOWN STEP	2025-06-02T19:20:23.8477664Z #14 2.189 (66/84): sqlite-libs-3.34.1-7.el9_3.x86_64.rpm   53 MB/s | 622 kB     00:00    
Test OLM installation	UNKNOWN STEP	2025-06-02T19:20:24.0847357Z #14 2.193 (67/84): systemd-libs-252-51.el9.x86_64.rpm      46 MB/s | 684 kB     00:00    
Test OLM installation	UNKNOWN STEP	2025-06-02T19:20:24.0848326Z #14 2.199 (68/84): xz-libs-5.2.5-8.el9_0.x86_64.rpm        17 MB/s |  94 kB     00:00    
Test OLM installation	UNKNOWN STEP	2025-06-02T19:20:24.0849004Z #14 2.203 (69/84): tzdata-2025b-1.el9.noarch.rpm           58 MB/s | 842 kB     00:00    
Test OLM installation	UNKNOWN STEP	2025-06-02T19:20:24.0849643Z #14 2.205 (70/84): zlib-1.2.11-40.el9.x86_64.rpm           16 MB/s |  93 kB     00:00    
Test OLM installation	UNKNOWN STEP	2025-06-02T19:20:24.0850318Z #14 2.209 (71/84): copy-jdk-configs-4.0-3.el9.noarch.rpm  5.7 MB/s |  29 kB     00:00    
Test OLM installation	UNKNOWN STEP	2025-06-02T19:20:24.0851007Z #14 2.213 (72/84): lua-5.4.4-4.el9.x86_64.rpm              25 MB/s | 192 kB     00:00    
Test OLM installation	UNKNOWN STEP	2025-06-02T19:20:24.0851642Z #14 2.216 (73/84): lua-posix-35.0-8.el9.x86_64.rpm         23 MB/s | 155 kB     00:00    
Test OLM installation	UNKNOWN STEP	2025-06-02T19:20:24.0852365Z #14 2.223 (74/84): alsa-lib-1.2.13-2.el9.x86_64.rpm        54 MB/s | 530 kB     00:00    
Test OLM installation	UNKNOWN STEP	2025-06-02T19:20:24.0853063Z #14 2.228 (75/84): javapackages-filesystem-6.4.0-1.el9.no 3.9 MB/s |  17 kB     00:00    
Test OLM installation	UNKNOWN STEP	2025-06-02T19:20:24.0853736Z #14 2.234 (76/84): nspr-4.35.0-17.el9_2.x86_64.rpm         23 MB/s | 137 kB     00:00    
Test OLM installation	UNKNOWN STEP	2025-06-02T19:20:24.0854422Z #14 2.248 (77/84): python3-libs-3.9.21-2.el9.x86_64.rpm    75 MB/s | 8.1 MB     00:00    
Test OLM installation	UNKNOWN STEP	2025-06-02T19:20:24.0855160Z #14 2.255 (78/84): nss-3.101.0-10.el9_2.x86_64.rpm         34 MB/s | 720 kB     00:00    
Test OLM installation	UNKNOWN STEP	2025-06-02T19:20:24.0855590Z #14 2.260 (79/84): nss-softokn-3.101.0-10.el9_2.x86_64.rp  36 MB/s | 393 kB     00:00    
Test OLM installation	UNKNOWN STEP	2025-06-02T19:20:24.0856020Z #14 2.265 (80/84): nss-softokn-freebl-3.101.0-10.el9_2.x8  33 MB/s | 313 kB     00:00    
Test OLM installation	UNKNOWN STEP	2025-06-02T19:20:24.0856471Z #14 2.267 (81/84): nss-sysinit-3.101.0-10.el9_2.x86_64.rp 2.8 MB/s |  21 kB     00:00    
Test OLM installation	UNKNOWN STEP	2025-06-02T19:20:24.0856908Z #14 2.273 (82/84): nss-util-3.101.0-10.el9_2.x86_64.rpm    16 MB/s |  92 kB     00:00    
Test OLM installation	UNKNOWN STEP	2025-06-02T19:20:24.0857342Z #14 2.277 (83/84): tzdata-java-2025b-1.el9.noarch.rpm      25 MB/s | 228 kB     00:00    
Test OLM installation	UNKNOWN STEP	2025-06-02T19:20:24.1849928Z #14 2.528 (84/84): java-21-openjdk-headless-21.0.7.0.6-1. 158 MB/s |  49 MB     00:00    
Test OLM installation	UNKNOWN STEP	2025-06-02T19:20:24.4214578Z #14 2.531 --------------------------------------------------------------------------------
Test OLM installation	UNKNOWN STEP	2025-06-02T19:20:24.4215649Z #14 2.532 Total                                           138 MB/s |  89 MB     00:00     
Test OLM installation	UNKNOWN STEP	2025-06-02T19:20:24.4216932Z #14 2.543 Red Hat Universal Base Image 9 (RPMs) - BaseOS  3.5 MB/s | 3.6 kB     00:00    
Test OLM installation	UNKNOWN STEP	2025-06-02T19:20:24.4217535Z #14 2.609 Importing GPG key 0xFD431D51:
Test OLM installation	UNKNOWN STEP	2025-06-02T19:20:24.4218042Z #14 2.609  Userid     : "Red Hat, Inc. (release key 2) <security@redhat.com>"
Test OLM installation	UNKNOWN STEP	2025-06-02T19:20:24.4219012Z #14 2.609  Fingerprint: 567E 347A D004 4ADE 55BA 8A5F 199E 2F91 FD43 1D51
Test OLM installation	UNKNOWN STEP	2025-06-02T19:20:24.4219785Z #14 2.609  From       : /etc/pki/rpm-gpg/RPM-GPG-KEY-redhat-release
Test OLM installation	UNKNOWN STEP	2025-06-02T19:20:24.4220348Z #14 2.612 Key imported successfully
Test OLM installation	UNKNOWN STEP	2025-06-02T19:20:24.4220730Z #14 2.613 Importing GPG key 0x5A6340B3:
Test OLM installation	UNKNOWN STEP	2025-06-02T19:20:24.4221262Z #14 2.613  Userid     : "Red Hat, Inc. (auxiliary key 3) <security@redhat.com>"
Test OLM installation	UNKNOWN STEP	2025-06-02T19:20:24.4221955Z #14 2.613  Fingerprint: 7E46 2425 8C40 6535 D56D 6F13 5054 E4A4 5A63 40B3
Test OLM installation	UNKNOWN STEP	2025-06-02T19:20:24.4222615Z #14 2.613  From       : /etc/pki/rpm-gpg/RPM-GPG-KEY-redhat-release
Test OLM installation	UNKNOWN STEP	2025-06-02T19:20:24.4223159Z #14 2.614 Key imported successfully
Test OLM installation	UNKNOWN STEP	2025-06-02T19:20:25.3321587Z #14 3.675 Running transaction check
Test OLM installation	UNKNOWN STEP	2025-06-02T19:20:25.5340526Z #14 3.726 Transaction check succeeded.
Test OLM installation	UNKNOWN STEP	2025-06-02T19:20:25.5341096Z #14 3.726 Running transaction test
Test OLM installation	UNKNOWN STEP	2025-06-02T19:20:26.0237917Z #14 4.367 Transaction test succeeded.
Test OLM installation	UNKNOWN STEP	2025-06-02T19:20:26.1747701Z #14 4.367 Running transaction
Test OLM installation	UNKNOWN STEP	2025-06-02T19:20:26.6705277Z #14 4.860   Running scriptlet: filesystem-3.16-5.el9.x86_64                           1/1 
Test OLM installation	UNKNOWN STEP	2025-06-02T19:20:26.6705864Z #14 4.862   Running scriptlet: copy-jdk-configs-4.0-3.el9.noarch                      1/1 
Test OLM installation	UNKNOWN STEP	2025-06-02T19:20:26.7917602Z #14 4.863   Running scriptlet: java-21-openjdk-headless-1:21.0.7.0.6-1.el9.x86_64     1/1 
Test OLM installation	UNKNOWN STEP	2025-06-02T19:20:26.9506371Z #14 5.135   Preparing        :                                                        1/1 
Test OLM installation	UNKNOWN STEP	2025-06-02T19:20:26.9507360Z #14 5.141   Installing       : libgcc-11.5.0-5.el9_5.x86_64                          1/84 
Test OLM installation	UNKNOWN STEP	2025-06-02T19:20:26.9882524Z #14 5.143   Running scriptlet: libgcc-11.5.0-5.el9_5.x86_64                          1/84 
Test OLM installation	UNKNOWN STEP	2025-06-02T19:20:27.0990258Z #14 5.331   Installing       : tzdata-2025b-1.el9.noarch                             2/84 
Test OLM installation	UNKNOWN STEP	2025-06-02T19:20:27.0991321Z #14 5.378   Installing       : tzdata-java-2025b-1.el9.noarch                        3/84 
Test OLM installation	UNKNOWN STEP	2025-06-02T19:20:27.0992312Z #14 5.384   Installing       : javapackages-filesystem-6.4.0-1.el9.noarch            4/84 
Test OLM installation	UNKNOWN STEP	2025-06-02T19:20:27.0993317Z #14 5.391   Installing       : redhat-release-9.6-0.1.el9.x86_64                     5/84 
Test OLM installation	UNKNOWN STEP	2025-06-02T19:20:27.0994231Z #14 5.399   Installing       : setup-2.13.7-10.el9.noarch                            6/84 
Test OLM installation	UNKNOWN STEP	2025-06-02T19:20:27.0995367Z #14 5.400   Running scriptlet: setup-2.13.7-10.el9.noarch                            6/84 
Test OLM installation	UNKNOWN STEP	2025-06-02T19:20:27.2406329Z #14 5.442   Installing       : filesystem-3.16-5.el9.x86_64                          7/84 
Test OLM installation	UNKNOWN STEP	2025-06-02T19:20:27.2407539Z #14 5.489   Installing       : basesystem-11-13.el9.noarch                           8/84 
Test OLM installation	UNKNOWN STEP	2025-06-02T19:20:27.2408342Z #14 5.494   Installing       : python3-setuptools-wheel-53.0.0-13.el9.noarch         9/84 
Test OLM installation	UNKNOWN STEP	2025-06-02T19:20:27.2408952Z #14 5.497   Installing       : pcre2-syntax-10.40-6.el9.noarch                      10/84 
Test OLM installation	UNKNOWN STEP	2025-06-02T19:20:27.2409512Z #14 5.517   Installing       : ncurses-base-6.2-10.20210508.el9.noarch              11/84 
Test OLM installation	UNKNOWN STEP	2025-06-02T19:20:27.4418052Z #14 5.583   Installing       : glibc-langpack-en-2.34-168.el9_6.14.x86_64           12/84 
Test OLM installation	UNKNOWN STEP	2025-06-02T19:20:27.4418740Z #14 5.597   Installing       : glibc-common-2.34-168.el9_6.14.x86_64                13/84 
Test OLM installation	UNKNOWN STEP	2025-06-02T19:20:27.4419325Z #14 5.600   Running scriptlet: glibc-2.34-168.el9_6.14.x86_64                       14/84 
Test OLM installation	UNKNOWN STEP	2025-06-02T19:20:27.4419871Z #14 5.631   Installing       : glibc-2.34-168.el9_6.14.x86_64                       14/84 
Test OLM installation	UNKNOWN STEP	2025-06-02T19:20:27.8896328Z #14 5.634   Running scriptlet: glibc-2.34-168.el9_6.14.x86_64                       14/84 
Test OLM installation	UNKNOWN STEP	2025-06-02T19:20:28.0131727Z #14 6.232   Installing       : ncurses-libs-6.2-10.20210508.el9.x86_64              15/84 
Test OLM installation	UNKNOWN STEP	2025-06-02T19:20:28.0133672Z #14 6.255   Installing       : bash-5.1.8-9.el9.x86_64                              16/84 
Test OLM installation	UNKNOWN STEP	2025-06-02T19:20:28.0134445Z #14 6.271   Running scriptlet: bash-5.1.8-9.el9.x86_64                              16/84 
Test OLM installation	UNKNOWN STEP	2025-06-02T19:20:28.0135500Z #14 6.303   Installing       : crypto-policies-20250128-1.git5269e22.el9.noarch     17/84 
Test OLM installation	UNKNOWN STEP	2025-06-02T19:20:28.0136707Z #14 6.303   Running scriptlet: crypto-policies-20250128-1.git5269e22.el9.noarch     17/84 
Test OLM installation	UNKNOWN STEP	2025-06-02T19:20:28.0137498Z #14 6.303   Installing       : nspr-4.35.0-17.el9_2.x86_64                          18/84 
Test OLM installation	UNKNOWN STEP	2025-06-02T19:20:28.0138224Z #14 6.303   Installing       : nss-util-3.101.0-10.el9_2.x86_64                     19/84 
Test OLM installation	UNKNOWN STEP	2025-06-02T19:20:28.0138930Z #14 6.315   Installing       : zlib-1.2.11-40.el9.x86_64                            20/84 
Test OLM installation	UNKNOWN STEP	2025-06-02T19:20:28.0139657Z #14 6.332   Installing       : readline-8.1-4.el9.x86_64                            21/84 
Test OLM installation	UNKNOWN STEP	2025-06-02T19:20:28.0140404Z #14 6.332   Installing       : libtasn1-4.16.0-9.el9.x86_64                         22/84 
Test OLM installation	UNKNOWN STEP	2025-06-02T19:20:28.0141140Z #14 6.332   Installing       : libxcrypt-4.4.18-3.el9.x86_64                        23/84 
Test OLM installation	UNKNOWN STEP	2025-06-02T19:20:28.0141880Z #14 6.356   Installing       : sqlite-libs-3.34.1-7.el9_3.x86_64                    24/84 
Test OLM installation	UNKNOWN STEP	2025-06-02T19:20:28.0142637Z #14 6.356   Installing       : alternatives-1.24-2.el9.x86_64                       25/84 
Test OLM installation	UNKNOWN STEP	2025-06-02T19:20:28.2283382Z #14 6.356   Installing       : gmp-1:6.2.0-13.el9.x86_64                            26/84 
Test OLM installation	UNKNOWN STEP	2025-06-02T19:20:28.2284145Z #14 6.372   Installing       : libattr-2.5.1-3.el9.x86_64                           27/84 
Test OLM installation	UNKNOWN STEP	2025-06-02T19:20:28.2285034Z #14 6.372   Installing       : libacl-2.3.1-4.el9.x86_64                            28/84 
Test OLM installation	UNKNOWN STEP	2025-06-02T19:20:28.2286124Z #14 6.384   Installing       : libcap-2.48-9.el9_2.x86_64                           29/84 
Test OLM installation	UNKNOWN STEP	2025-06-02T19:20:28.2286833Z #14 6.393   Installing       : libffi-3.4.2-8.el9.x86_64                            30/84 
Test OLM installation	UNKNOWN STEP	2025-06-02T19:20:28.2287520Z #14 6.406   Installing       : p11-kit-0.25.3-3.el9_5.x86_64                        31/84 
Test OLM installation	UNKNOWN STEP	2025-06-02T19:20:28.2288201Z #14 6.420   Installing       : p11-kit-trust-0.25.3-3.el9_5.x86_64                  32/84 
Test OLM installation	UNKNOWN STEP	2025-06-02T19:20:28.3287464Z #14 6.421   Running scriptlet: p11-kit-trust-0.25.3-3.el9_5.x86_64                  32/84 
Test OLM installation	UNKNOWN STEP	2025-06-02T19:20:28.4292000Z #14 6.672   Installing       : libsigsegv-2.13-4.el9.x86_64                         33/84 
Test OLM installation	UNKNOWN STEP	2025-06-02T19:20:28.4293681Z #14 6.680   Installing       : libunistring-0.9.10-15.el9.x86_64                    34/84 
Test OLM installation	UNKNOWN STEP	2025-06-02T19:20:28.4294922Z #14 6.684   Installing       : lua-libs-5.4.4-4.el9.x86_64                          35/84 
Test OLM installation	UNKNOWN STEP	2025-06-02T19:20:28.4295666Z #14 6.687   Installing       : xz-libs-5.2.5-8.el9_0.x86_64                         36/84 
Test OLM installation	UNKNOWN STEP	2025-06-02T19:20:28.4296358Z #14 6.691   Installing       : lua-5.4.4-4.el9.x86_64                               37/84 
Test OLM installation	UNKNOWN STEP	2025-06-02T19:20:28.4297055Z #14 6.705   Installing       : lua-posix-35.0-8.el9.x86_64                          38/84 
Test OLM installation	UNKNOWN STEP	2025-06-02T19:20:28.4297749Z #14 6.710   Installing       : libidn2-2.3.0-7.el9.x86_64                           39/84 
Test OLM installation	UNKNOWN STEP	2025-06-02T19:20:28.4298507Z #14 6.718   Installing       : mpfr-4.1.0-7.el9.x86_64                              40/84 
Test OLM installation	UNKNOWN STEP	2025-06-02T19:20:28.4299254Z #14 6.732   Installing       : gawk-5.1.0-6.el9.x86_64                              41/84 
Test OLM installation	UNKNOWN STEP	2025-06-02T19:20:28.4300028Z #14 6.740   Installing       : nss-softokn-freebl-3.101.0-10.el9_2.x86_64           42/84 
Test OLM installation	UNKNOWN STEP	2025-06-02T19:20:28.4300815Z #14 6.749   Installing       : nss-softokn-3.101.0-10.el9_2.x86_64                  43/84 
Test OLM installation	UNKNOWN STEP	2025-06-02T19:20:28.4301618Z #14 6.754   Installing       : lksctp-tools-1.0.19-3.el9_4.x86_64                   44/84 
Test OLM installation	UNKNOWN STEP	2025-06-02T19:20:28.4302295Z #14 6.757   Installing       : bzip2-libs-1.0.8-10.el9_5.x86_64                     45/84 
Test OLM installation	UNKNOWN STEP	2025-06-02T19:20:28.4302959Z #14 6.762   Installing       : expat-2.5.0-5.el9_6.x86_64                           46/84 
Test OLM installation	UNKNOWN STEP	2025-06-02T19:20:28.4303673Z #14 6.765   Installing       : gdbm-libs-1:1.23-1.el9.x86_64                        47/84 
Test OLM installation	UNKNOWN STEP	2025-06-02T19:20:28.4304417Z #14 6.768   Installing       : keyutils-libs-1.6.3-1.el9.x86_64                     48/84 
Test OLM installation	UNKNOWN STEP	2025-06-02T19:20:28.5333850Z #14 6.772   Installing       : libcom_err-1.46.5-7.el9.x86_64                       49/84 
Test OLM installation	UNKNOWN STEP	2025-06-02T19:20:28.5335260Z #14 6.779   Installing       : libgpg-error-1.42-5.el9.x86_64                       50/84 
Test OLM installation	UNKNOWN STEP	2025-06-02T19:20:28.5336002Z #14 6.787   Installing       : libgcrypt-1.10.0-11.el9.x86_64                       51/84 
Test OLM installation	UNKNOWN STEP	2025-06-02T19:20:28.5336726Z #14 6.792   Installing       : libsepol-3.6-2.el9.x86_64                            52/84 
Test OLM installation	UNKNOWN STEP	2025-06-02T19:20:28.5337319Z #14 6.795   Installing       : libuuid-2.37.4-21.el9.x86_64                         53/84 
Test OLM installation	UNKNOWN STEP	2025-06-02T19:20:28.5337797Z #14 6.799   Installing       : libverto-0.3.2-3.el9.x86_64                          54/84 
Test OLM installation	UNKNOWN STEP	2025-06-02T19:20:28.5338242Z #14 6.805   Installing       : libzstd-1.5.5-1.el9.x86_64                           55/84 
Test OLM installation	UNKNOWN STEP	2025-06-02T19:20:28.5338684Z #14 6.807   Installing       : lz4-libs-1.9.3-5.el9.x86_64                          56/84 
Test OLM installation	UNKNOWN STEP	2025-06-02T19:20:28.5339106Z #14 6.815   Installing       : nettle-3.10.1-1.el9.x86_64                           57/84 
Test OLM installation	UNKNOWN STEP	2025-06-02T19:20:28.5339529Z #14 6.827   Installing       : gnutls-3.8.3-6.el9.x86_64                            58/84 
Test OLM installation	UNKNOWN STEP	2025-06-02T19:20:28.5339974Z #14 6.834   Installing       : pcre-8.44-4.el9.x86_64                               59/84 
Test OLM installation	UNKNOWN STEP	2025-06-02T19:20:28.5340418Z #14 6.840   Installing       : grep-3.6-5.el9.x86_64                                60/84 
Test OLM installation	UNKNOWN STEP	2025-06-02T19:20:28.5340856Z #14 6.846   Installing       : pcre2-10.40-6.el9.x86_64                             61/84 
Test OLM installation	UNKNOWN STEP	2025-06-02T19:20:28.5341453Z #14 6.849   Installing       : libselinux-3.6-3.el9.x86_64                          62/84 
Test OLM installation	UNKNOWN STEP	2025-06-02T19:20:28.5341914Z #14 6.871   Installing       : coreutils-single-8.32-39.el9.x86_64                  63/84 
Test OLM installation	UNKNOWN STEP	2025-06-02T19:20:28.6871111Z #14 6.876   Installing       : sed-4.8-9.el9.x86_64                                 64/84 
Test OLM installation	UNKNOWN STEP	2025-06-02T19:20:28.7905989Z #14 6.879   Running scriptlet: ca-certificates-2024.2.69_v8.0.303-91.4.el9_4.noar   65/84 
Test OLM installation	UNKNOWN STEP	2025-06-02T19:20:28.9449731Z #14 7.133   Installing       : ca-certificates-2024.2.69_v8.0.303-91.4.el9_4.noar   65/84 
Test OLM installation	UNKNOWN STEP	2025-06-02T19:20:29.8856596Z #14 7.137   Running scriptlet: ca-certificates-2024.2.69_v8.0.303-91.4.el9_4.noar   65/84 
Test OLM installation	UNKNOWN STEP	2025-06-02T19:20:30.1000058Z #14 8.228   Installing       : python3-pip-wheel-21.3.1-1.el9.noarch                66/84 
Test OLM installation	UNKNOWN STEP	2025-06-02T19:20:30.1000981Z #14 8.236   Installing       : openssl-fips-provider-so-3.0.7-6.el9_5.x86_64        67/84 
Test OLM installation	UNKNOWN STEP	2025-06-02T19:20:30.1001777Z #14 8.238   Installing       : openssl-fips-provider-3.0.7-6.el9_5.x86_64           68/84 
Test OLM installation	UNKNOWN STEP	2025-06-02T19:20:30.1002575Z #14 8.263   Installing       : openssl-libs-1:3.2.2-6.el9_5.1.x86_64                69/84 
Test OLM installation	UNKNOWN STEP	2025-06-02T19:20:30.1003312Z #14 8.280   Installing       : krb5-libs-1.21.1-6.el9.x86_64                        70/84 
Test OLM installation	UNKNOWN STEP	2025-06-02T19:20:30.1004072Z #14 8.289   Installing       : libevent-2.1.12-8.el9_4.x86_64                       71/84 
Test OLM installation	UNKNOWN STEP	2025-06-02T19:20:30.2935460Z #14 8.293   Installing       : python3-3.9.21-2.el9.x86_64                          72/84 
Test OLM installation	UNKNOWN STEP	2025-06-02T19:20:30.4832779Z #14 8.636   Installing       : python3-libs-3.9.21-2.el9.x86_64                     73/84 
Test OLM installation	UNKNOWN STEP	2025-06-02T19:20:30.4833568Z #14 8.658   Installing       : crypto-policies-scripts-20250128-1.git5269e22.el9.   74/84 
Test OLM installation	UNKNOWN STEP	2025-06-02T19:20:30.4834122Z #14 8.662   Installing       : nss-sysinit-3.101.0-10.el9_2.x86_64                  75/84 
Test OLM installation	UNKNOWN STEP	2025-06-02T19:20:30.4834603Z #14 8.673   Installing       : nss-3.101.0-10.el9_2.x86_64                          76/84 
Test OLM installation	UNKNOWN STEP	2025-06-02T19:20:30.5845322Z #14 8.676   Running scriptlet: nss-3.101.0-10.el9_2.x86_64                          76/84 
Test OLM installation	UNKNOWN STEP	2025-06-02T19:20:30.7378839Z #14 8.927   Installing       : systemd-libs-252-51.el9.x86_64                       77/84 
Test OLM installation	UNKNOWN STEP	2025-06-02T19:20:30.8416103Z #14 8.930   Running scriptlet: systemd-libs-252-51.el9.x86_64                       77/84 
Test OLM installation	UNKNOWN STEP	2025-06-02T19:20:31.0313045Z #14 9.184   Installing       : dbus-libs-1:1.12.20-8.el9.x86_64                     78/84 
Test OLM installation	UNKNOWN STEP	2025-06-02T19:20:31.0313591Z #14 9.190   Installing       : avahi-libs-0.8-22.el9_6.x86_64                       79/84 
Test OLM installation	UNKNOWN STEP	2025-06-02T19:20:31.0314483Z #14 9.196   Installing       : cups-libs-1:2.3.3op2-33.el9.x86_64                   80/84 
Test OLM installation	UNKNOWN STEP	2025-06-02T19:20:31.0315253Z #14 9.203   Installing       : findutils-1:4.8.0-7.el9.x86_64                       81/84 
Test OLM installation	UNKNOWN STEP	2025-06-02T19:20:31.0315728Z #14 9.207   Installing       : copy-jdk-configs-4.0-3.el9.noarch                    82/84 
Test OLM installation	UNKNOWN STEP	2025-06-02T19:20:31.5456305Z #14 9.224   Installing       : alsa-lib-1.2.13-2.el9.x86_64                         83/84 
Test OLM installation	UNKNOWN STEP	2025-06-02T19:20:31.7021094Z #14 9.888   Installing       : java-21-openjdk-headless-1:21.0.7.0.6-1.el9.x86_64   84/84 
Test OLM installation	UNKNOWN STEP	2025-06-02T19:20:31.8053068Z #14 9.894   Running scriptlet: java-21-openjdk-headless-1:21.0.7.0.6-1.el9.x86_64   84/84 
Test OLM installation	UNKNOWN STEP	2025-06-02T19:20:32.0531313Z #14 10.15   Running scriptlet: filesystem-3.16-5.el9.x86_64                         84/84 
Test OLM installation	UNKNOWN STEP	2025-06-02T19:20:34.6116825Z #14 10.40   Running scriptlet: ca-certificates-2024.2.69_v8.0.303-91.4.el9_4.noar   84/84 
Test OLM installation	UNKNOWN STEP	2025-06-02T19:20:35.2022320Z #14 12.95   Running scriptlet: crypto-policies-scripts-20250128-1.git5269e22.el9.   84/84 
Test OLM installation	UNKNOWN STEP	2025-06-02T19:20:35.7852735Z #14 13.55   Running scriptlet: nss-3.101.0-10.el9_2.x86_64                          84/84 
Test OLM installation	UNKNOWN STEP	2025-06-02T19:20:36.0321971Z #14 14.13   Running scriptlet: copy-jdk-configs-4.0-3.el9.noarch                    84/84 
Test OLM installation	UNKNOWN STEP	2025-06-02T19:20:36.5699633Z #14 14.38   Running scriptlet: java-21-openjdk-headless-1:21.0.7.0.6-1.el9.x86_64   84/84 
Test OLM installation	UNKNOWN STEP	2025-06-02T19:20:36.5700946Z #14 14.91   Verifying        : alternatives-1.24-2.el9.x86_64                        1/84 
Test OLM installation	UNKNOWN STEP	2025-06-02T19:20:36.7548384Z #14 14.91   Verifying        : avahi-libs-0.8-22.el9_6.x86_64                        2/84 
Test OLM installation	UNKNOWN STEP	2025-06-02T19:20:36.7549254Z #14 14.91   Verifying        : basesystem-11-13.el9.noarch                           3/84 
Test OLM installation	UNKNOWN STEP	2025-06-02T19:20:36.7549967Z #14 14.91   Verifying        : bash-5.1.8-9.el9.x86_64                               4/84 
Test OLM installation	UNKNOWN STEP	2025-06-02T19:20:36.7550434Z #14 14.91   Verifying        : bzip2-libs-1.0.8-10.el9_5.x86_64                      5/84 
Test OLM installation	UNKNOWN STEP	2025-06-02T19:20:36.7550936Z #14 14.91   Verifying        : ca-certificates-2024.2.69_v8.0.303-91.4.el9_4.noar    6/84 
Test OLM installation	UNKNOWN STEP	2025-06-02T19:20:36.7551424Z #14 14.91   Verifying        : coreutils-single-8.32-39.el9.x86_64                   7/84 
Test OLM installation	UNKNOWN STEP	2025-06-02T19:20:36.7551911Z #14 14.91   Verifying        : crypto-policies-20250128-1.git5269e22.el9.noarch      8/84 
Test OLM installation	UNKNOWN STEP	2025-06-02T19:20:36.7552403Z #14 14.91   Verifying        : crypto-policies-scripts-20250128-1.git5269e22.el9.    9/84 
Test OLM installation	UNKNOWN STEP	2025-06-02T19:20:36.7552878Z #14 14.91   Verifying        : cups-libs-1:2.3.3op2-33.el9.x86_64                   10/84 
Test OLM installation	UNKNOWN STEP	2025-06-02T19:20:36.7553310Z #14 14.91   Verifying        : dbus-libs-1:1.12.20-8.el9.x86_64                     11/84 
Test OLM installation	UNKNOWN STEP	2025-06-02T19:20:36.7553734Z #14 14.91   Verifying        : expat-2.5.0-5.el9_6.x86_64                           12/84 
Test OLM installation	UNKNOWN STEP	2025-06-02T19:20:36.7554167Z #14 14.91   Verifying        : filesystem-3.16-5.el9.x86_64                         13/84 
Test OLM installation	UNKNOWN STEP	2025-06-02T19:20:36.7554598Z #14 14.91   Verifying        : findutils-1:4.8.0-7.el9.x86_64                       14/84 
Test OLM installation	UNKNOWN STEP	2025-06-02T19:20:36.7555323Z #14 14.91   Verifying        : gawk-5.1.0-6.el9.x86_64                              15/84 
Test OLM installation	UNKNOWN STEP	2025-06-02T19:20:36.7555922Z #14 14.91   Verifying        : gdbm-libs-1:1.23-1.el9.x86_64                        16/84 
Test OLM installation	UNKNOWN STEP	2025-06-02T19:20:36.7556424Z #14 14.91   Verifying        : glibc-2.34-168.el9_6.14.x86_64                       17/84 
Test OLM installation	UNKNOWN STEP	2025-06-02T19:20:36.7556854Z #14 14.91   Verifying        : glibc-common-2.34-168.el9_6.14.x86_64                18/84 
Test OLM installation	UNKNOWN STEP	2025-06-02T19:20:36.7557304Z #14 14.91   Verifying        : glibc-langpack-en-2.34-168.el9_6.14.x86_64           19/84 
Test OLM installation	UNKNOWN STEP	2025-06-02T19:20:36.7557735Z #14 14.91   Verifying        : gmp-1:6.2.0-13.el9.x86_64                            20/84 
Test OLM installation	UNKNOWN STEP	2025-06-02T19:20:36.7558145Z #14 14.91   Verifying        : gnutls-3.8.3-6.el9.x86_64                            21/84 
Test OLM installation	UNKNOWN STEP	2025-06-02T19:20:36.7558569Z #14 14.91   Verifying        : grep-3.6-5.el9.x86_64                                22/84 
Test OLM installation	UNKNOWN STEP	2025-06-02T19:20:36.7559381Z #14 14.91   Verifying        : keyutils-libs-1.6.3-1.el9.x86_64                     23/84 
Test OLM installation	UNKNOWN STEP	2025-06-02T19:20:36.7559825Z #14 14.91   Verifying        : krb5-libs-1.21.1-6.el9.x86_64                        24/84 
Test OLM installation	UNKNOWN STEP	2025-06-02T19:20:36.7560245Z #14 14.91   Verifying        : libacl-2.3.1-4.el9.x86_64                            25/84 
Test OLM installation	UNKNOWN STEP	2025-06-02T19:20:36.7560653Z #14 14.91   Verifying        : libattr-2.5.1-3.el9.x86_64                           26/84 
Test OLM installation	UNKNOWN STEP	2025-06-02T19:20:36.7561056Z #14 14.91   Verifying        : libcap-2.48-9.el9_2.x86_64                           27/84 
Test OLM installation	UNKNOWN STEP	2025-06-02T19:20:36.7561455Z #14 14.91   Verifying        : libcom_err-1.46.5-7.el9.x86_64                       28/84 
Test OLM installation	UNKNOWN STEP	2025-06-02T19:20:36.7561852Z #14 14.91   Verifying        : libevent-2.1.12-8.el9_4.x86_64                       29/84 
Test OLM installation	UNKNOWN STEP	2025-06-02T19:20:36.7562255Z #14 14.91   Verifying        : libffi-3.4.2-8.el9.x86_64                            30/84 
Test OLM installation	UNKNOWN STEP	2025-06-02T19:20:36.7562653Z #14 14.91   Verifying        : libgcc-11.5.0-5.el9_5.x86_64                         31/84 
Test OLM installation	UNKNOWN STEP	2025-06-02T19:20:36.7563064Z #14 14.92   Verifying        : libgcrypt-1.10.0-11.el9.x86_64                       32/84 
Test OLM installation	UNKNOWN STEP	2025-06-02T19:20:36.7563478Z #14 14.92   Verifying        : libgpg-error-1.42-5.el9.x86_64                       33/84 
Test OLM installation	UNKNOWN STEP	2025-06-02T19:20:36.7563884Z #14 14.92   Verifying        : libidn2-2.3.0-7.el9.x86_64                           34/84 
Test OLM installation	UNKNOWN STEP	2025-06-02T19:20:36.7564339Z #14 14.92   Verifying        : libselinux-3.6-3.el9.x86_64                          35/84 
Test OLM installation	UNKNOWN STEP	2025-06-02T19:20:36.7565195Z #14 14.92   Verifying        : libsepol-3.6-2.el9.x86_64                            36/84 
Test OLM installation	UNKNOWN STEP	2025-06-02T19:20:36.7565662Z #14 14.92   Verifying        : libsigsegv-2.13-4.el9.x86_64                         37/84 
Test OLM installation	UNKNOWN STEP	2025-06-02T19:20:36.7566079Z #14 14.92   Verifying        : libtasn1-4.16.0-9.el9.x86_64                         38/84 
Test OLM installation	UNKNOWN STEP	2025-06-02T19:20:36.7566513Z #14 14.92   Verifying        : libunistring-0.9.10-15.el9.x86_64                    39/84 
Test OLM installation	UNKNOWN STEP	2025-06-02T19:20:36.7566945Z #14 14.92   Verifying        : libuuid-2.37.4-21.el9.x86_64                         40/84 
Test OLM installation	UNKNOWN STEP	2025-06-02T19:20:36.7567357Z #14 14.92   Verifying        : libverto-0.3.2-3.el9.x86_64                          41/84 
Test OLM installation	UNKNOWN STEP	2025-06-02T19:20:36.7567775Z #14 14.92   Verifying        : libxcrypt-4.4.18-3.el9.x86_64                        42/84 
Test OLM installation	UNKNOWN STEP	2025-06-02T19:20:36.7568188Z #14 14.92   Verifying        : libzstd-1.5.5-1.el9.x86_64                           43/84 
Test OLM installation	UNKNOWN STEP	2025-06-02T19:20:36.7568601Z #14 14.92   Verifying        : lksctp-tools-1.0.19-3.el9_4.x86_64                   44/84 
Test OLM installation	UNKNOWN STEP	2025-06-02T19:20:36.7569022Z #14 14.92   Verifying        : lua-libs-5.4.4-4.el9.x86_64                          45/84 
Test OLM installation	UNKNOWN STEP	2025-06-02T19:20:36.7569431Z #14 14.92   Verifying        : lz4-libs-1.9.3-5.el9.x86_64                          46/84 
Test OLM installation	UNKNOWN STEP	2025-06-02T19:20:36.7569830Z #14 14.92   Verifying        : mpfr-4.1.0-7.el9.x86_64                              47/84 
Test OLM installation	UNKNOWN STEP	2025-06-02T19:20:36.7570241Z #14 14.92   Verifying        : ncurses-base-6.2-10.20210508.el9.noarch              48/84 
Test OLM installation	UNKNOWN STEP	2025-06-02T19:20:36.7570672Z #14 14.92   Verifying        : ncurses-libs-6.2-10.20210508.el9.x86_64              49/84 
Test OLM installation	UNKNOWN STEP	2025-06-02T19:20:36.7571080Z #14 14.92   Verifying        : nettle-3.10.1-1.el9.x86_64                           50/84 
Test OLM installation	UNKNOWN STEP	2025-06-02T19:20:36.7571495Z #14 14.92   Verifying        : openssl-fips-provider-3.0.7-6.el9_5.x86_64           51/84 
Test OLM installation	UNKNOWN STEP	2025-06-02T19:20:36.7571939Z #14 14.92   Verifying        : openssl-fips-provider-so-3.0.7-6.el9_5.x86_64        52/84 
Test OLM installation	UNKNOWN STEP	2025-06-02T19:20:36.7572370Z #14 14.92   Verifying        : openssl-libs-1:3.2.2-6.el9_5.1.x86_64                53/84 
Test OLM installation	UNKNOWN STEP	2025-06-02T19:20:36.7572776Z #14 14.92   Verifying        : p11-kit-0.25.3-3.el9_5.x86_64                        54/84 
Test OLM installation	UNKNOWN STEP	2025-06-02T19:20:36.7573173Z #14 14.92   Verifying        : p11-kit-trust-0.25.3-3.el9_5.x86_64                  55/84 
Test OLM installation	UNKNOWN STEP	2025-06-02T19:20:36.7573577Z #14 14.92   Verifying        : pcre-8.44-4.el9.x86_64                               56/84 
Test OLM installation	UNKNOWN STEP	2025-06-02T19:20:36.7574097Z #14 14.92   Verifying        : pcre2-10.40-6.el9.x86_64                             57/84 
Test OLM installation	UNKNOWN STEP	2025-06-02T19:20:36.7574537Z #14 14.92   Verifying        : pcre2-syntax-10.40-6.el9.noarch                      58/84 
Test OLM installation	UNKNOWN STEP	2025-06-02T19:20:36.7575071Z #14 14.92   Verifying        : python3-3.9.21-2.el9.x86_64                          59/84 
Test OLM installation	UNKNOWN STEP	2025-06-02T19:20:36.7575484Z #14 14.92   Verifying        : python3-libs-3.9.21-2.el9.x86_64                     60/84 
Test OLM installation	UNKNOWN STEP	2025-06-02T19:20:36.7575919Z #14 14.92   Verifying        : python3-pip-wheel-21.3.1-1.el9.noarch                61/84 
Test OLM installation	UNKNOWN STEP	2025-06-02T19:20:36.7576373Z #14 14.92   Verifying        : python3-setuptools-wheel-53.0.0-13.el9.noarch        62/84 
Test OLM installation	UNKNOWN STEP	2025-06-02T19:20:36.7576809Z #14 14.92   Verifying        : readline-8.1-4.el9.x86_64                            63/84 
Test OLM installation	UNKNOWN STEP	2025-06-02T19:20:36.7577225Z #14 14.92   Verifying        : redhat-release-9.6-0.1.el9.x86_64                    64/84 
Test OLM installation	UNKNOWN STEP	2025-06-02T19:20:36.7577635Z #14 14.92   Verifying        : sed-4.8-9.el9.x86_64                                 65/84 
Test OLM installation	UNKNOWN STEP	2025-06-02T19:20:36.7578033Z #14 14.92   Verifying        : setup-2.13.7-10.el9.noarch                           66/84 
Test OLM installation	UNKNOWN STEP	2025-06-02T19:20:36.7578442Z #14 14.92   Verifying        : sqlite-libs-3.34.1-7.el9_3.x86_64                    67/84 
Test OLM installation	UNKNOWN STEP	2025-06-02T19:20:36.7578858Z #14 14.92   Verifying        : systemd-libs-252-51.el9.x86_64                       68/84 
Test OLM installation	UNKNOWN STEP	2025-06-02T19:20:36.7579273Z #14 14.92   Verifying        : tzdata-2025b-1.el9.noarch                            69/84 
Test OLM installation	UNKNOWN STEP	2025-06-02T19:20:36.7579795Z #14 14.92   Verifying        : xz-libs-5.2.5-8.el9_0.x86_64                         70/84 
Test OLM installation	UNKNOWN STEP	2025-06-02T19:20:36.7580196Z #14 14.92   Verifying        : zlib-1.2.11-40.el9.x86_64                            71/84 
Test OLM installation	UNKNOWN STEP	2025-06-02T19:20:36.7580607Z #14 14.92   Verifying        : copy-jdk-configs-4.0-3.el9.noarch                    72/84 
Test OLM installation	UNKNOWN STEP	2025-06-02T19:20:36.7581013Z #14 14.92   Verifying        : lua-5.4.4-4.el9.x86_64                               73/84 
Test OLM installation	UNKNOWN STEP	2025-06-02T19:20:36.7581407Z #14 14.92   Verifying        : lua-posix-35.0-8.el9.x86_64                          74/84 
Test OLM installation	UNKNOWN STEP	2025-06-02T19:20:36.7581808Z #14 14.92   Verifying        : alsa-lib-1.2.13-2.el9.x86_64                         75/84 
Test OLM installation	UNKNOWN STEP	2025-06-02T19:20:36.7582216Z #14 14.92   Verifying        : java-21-openjdk-headless-1:21.0.7.0.6-1.el9.x86_64   76/84 
Test OLM installation	UNKNOWN STEP	2025-06-02T19:20:36.7582685Z #14 14.92   Verifying        : javapackages-filesystem-6.4.0-1.el9.noarch           77/84 
Test OLM installation	UNKNOWN STEP	2025-06-02T19:20:36.7583110Z #14 14.92   Verifying        : nspr-4.35.0-17.el9_2.x86_64                          78/84 
Test OLM installation	UNKNOWN STEP	2025-06-02T19:20:36.7583501Z #14 14.92   Verifying        : nss-3.101.0-10.el9_2.x86_64                          79/84 
Test OLM installation	UNKNOWN STEP	2025-06-02T19:20:36.7583902Z #14 14.92   Verifying        : nss-softokn-3.101.0-10.el9_2.x86_64                  80/84 
Test OLM installation	UNKNOWN STEP	2025-06-02T19:20:36.7584317Z #14 14.92   Verifying        : nss-softokn-freebl-3.101.0-10.el9_2.x86_64           81/84 
Test OLM installation	UNKNOWN STEP	2025-06-02T19:20:36.7584932Z #14 14.92   Verifying        : nss-sysinit-3.101.0-10.el9_2.x86_64                  82/84 
Test OLM installation	UNKNOWN STEP	2025-06-02T19:20:36.7585427Z #14 14.92   Verifying        : nss-util-3.101.0-10.el9_2.x86_64                     83/84 
Test OLM installation	UNKNOWN STEP	2025-06-02T19:20:36.7585844Z #14 14.92   Verifying        : tzdata-java-2025b-1.el9.noarch                       84/84 
Test OLM installation	UNKNOWN STEP	2025-06-02T19:20:36.7586187Z #14 14.98 Installed products updated.
Test OLM installation	UNKNOWN STEP	2025-06-02T19:20:36.7586424Z #14 14.99 
Test OLM installation	UNKNOWN STEP	2025-06-02T19:20:36.7586592Z #14 14.99 Installed:
Test OLM installation	UNKNOWN STEP	2025-06-02T19:20:36.7586871Z #14 14.99   alsa-lib-1.2.13-2.el9.x86_64                                                  
Test OLM installation	UNKNOWN STEP	2025-06-02T19:20:36.7587283Z #14 14.99   alternatives-1.24-2.el9.x86_64                                                
Test OLM installation	UNKNOWN STEP	2025-06-02T19:20:36.7587695Z #14 14.99   avahi-libs-0.8-22.el9_6.x86_64                                                
Test OLM installation	UNKNOWN STEP	2025-06-02T19:20:36.7588106Z #14 14.99   basesystem-11-13.el9.noarch                                                   
Test OLM installation	UNKNOWN STEP	2025-06-02T19:20:36.7588491Z #14 14.99   bash-5.1.8-9.el9.x86_64                                                       
Test OLM installation	UNKNOWN STEP	2025-06-02T19:20:36.7589023Z #14 14.99   bzip2-libs-1.0.8-10.el9_5.x86_64                                              
Test OLM installation	UNKNOWN STEP	2025-06-02T19:20:36.7589451Z #14 14.99   ca-certificates-2024.2.69_v8.0.303-91.4.el9_4.noarch                          
Test OLM installation	UNKNOWN STEP	2025-06-02T19:20:36.7589894Z #14 14.99   copy-jdk-configs-4.0-3.el9.noarch                                             
Test OLM installation	UNKNOWN STEP	2025-06-02T19:20:36.7590324Z #14 14.99   coreutils-single-8.32-39.el9.x86_64                                           
Test OLM installation	UNKNOWN STEP	2025-06-02T19:20:36.7590811Z #14 14.99   crypto-policies-20250128-1.git5269e22.el9.noarch                              
Test OLM installation	UNKNOWN STEP	2025-06-02T19:20:36.7591329Z #14 14.99   crypto-policies-scripts-20250128-1.git5269e22.el9.noarch                      
Test OLM installation	UNKNOWN STEP	2025-06-02T19:20:36.7591793Z #14 14.99   cups-libs-1:2.3.3op2-33.el9.x86_64                                            
Test OLM installation	UNKNOWN STEP	2025-06-02T19:20:36.7592188Z #14 14.99   dbus-libs-1:1.12.20-8.el9.x86_64                                              
Test OLM installation	UNKNOWN STEP	2025-06-02T19:20:36.7592569Z #14 14.99   expat-2.5.0-5.el9_6.x86_64                                                    
Test OLM installation	UNKNOWN STEP	2025-06-02T19:20:36.7592960Z #14 14.99   filesystem-3.16-5.el9.x86_64                                                  
Test OLM installation	UNKNOWN STEP	2025-06-02T19:20:36.7593348Z #14 14.99   findutils-1:4.8.0-7.el9.x86_64                                                
Test OLM installation	UNKNOWN STEP	2025-06-02T19:20:36.7593716Z #14 14.99   gawk-5.1.0-6.el9.x86_64                                                       
Test OLM installation	UNKNOWN STEP	2025-06-02T19:20:36.7594190Z #14 14.99   gdbm-libs-1:1.23-1.el9.x86_64                                                 
Test OLM installation	UNKNOWN STEP	2025-06-02T19:20:36.7594587Z #14 14.99   glibc-2.34-168.el9_6.14.x86_64                                                
Test OLM installation	UNKNOWN STEP	2025-06-02T19:20:36.7595208Z #14 14.99   glibc-common-2.34-168.el9_6.14.x86_64                                         
Test OLM installation	UNKNOWN STEP	2025-06-02T19:20:36.7595644Z #14 14.99   glibc-langpack-en-2.34-168.el9_6.14.x86_64                                    
Test OLM installation	UNKNOWN STEP	2025-06-02T19:20:36.7596047Z #14 14.99   gmp-1:6.2.0-13.el9.x86_64                                                     
Test OLM installation	UNKNOWN STEP	2025-06-02T19:20:36.7596425Z #14 14.99   gnutls-3.8.3-6.el9.x86_64                                                     
Test OLM installation	UNKNOWN STEP	2025-06-02T19:20:36.7596781Z #14 14.99   grep-3.6-5.el9.x86_64                                                         
Test OLM installation	UNKNOWN STEP	2025-06-02T19:20:36.7597185Z #14 14.99   java-21-openjdk-headless-1:21.0.7.0.6-1.el9.x86_64                            
Test OLM installation	UNKNOWN STEP	2025-06-02T19:20:36.7597652Z #14 14.99   javapackages-filesystem-6.4.0-1.el9.noarch                                    
Test OLM installation	UNKNOWN STEP	2025-06-02T19:20:36.7598097Z #14 14.99   keyutils-libs-1.6.3-1.el9.x86_64                                              
Test OLM installation	UNKNOWN STEP	2025-06-02T19:20:36.7598485Z #14 14.99   krb5-libs-1.21.1-6.el9.x86_64                                                 
Test OLM installation	UNKNOWN STEP	2025-06-02T19:20:36.7598857Z #14 14.99   libacl-2.3.1-4.el9.x86_64                                                     
Test OLM installation	UNKNOWN STEP	2025-06-02T19:20:36.7599231Z #14 14.99   libattr-2.5.1-3.el9.x86_64                                                    
Test OLM installation	UNKNOWN STEP	2025-06-02T19:20:36.7599598Z #14 14.99   libcap-2.48-9.el9_2.x86_64                                                    
Test OLM installation	UNKNOWN STEP	2025-06-02T19:20:36.7599979Z #14 14.99   libcom_err-1.46.5-7.el9.x86_64                                                
Test OLM installation	UNKNOWN STEP	2025-06-02T19:20:36.7600361Z #14 14.99   libevent-2.1.12-8.el9_4.x86_64                                                
Test OLM installation	UNKNOWN STEP	2025-06-02T19:20:36.7600738Z #14 14.99   libffi-3.4.2-8.el9.x86_64                                                     
Test OLM installation	UNKNOWN STEP	2025-06-02T19:20:36.7601104Z #14 14.99   libgcc-11.5.0-5.el9_5.x86_64                                                  
Test OLM installation	UNKNOWN STEP	2025-06-02T19:20:36.7601497Z #14 14.99   libgcrypt-1.10.0-11.el9.x86_64                                                
Test OLM installation	UNKNOWN STEP	2025-06-02T19:20:36.7601895Z #14 14.99   libgpg-error-1.42-5.el9.x86_64                                                
Test OLM installation	UNKNOWN STEP	2025-06-02T19:20:36.7602302Z #14 14.99   libidn2-2.3.0-7.el9.x86_64                                                    
Test OLM installation	UNKNOWN STEP	2025-06-02T19:20:36.7602682Z #14 14.99   libselinux-3.6-3.el9.x86_64                                                   
Test OLM installation	UNKNOWN STEP	2025-06-02T19:20:36.7603247Z #14 14.99   libsepol-3.6-2.el9.x86_64                                                     
Test OLM installation	UNKNOWN STEP	2025-06-02T19:20:36.7603630Z #14 14.99   libsigsegv-2.13-4.el9.x86_64                                                  
Test OLM installation	UNKNOWN STEP	2025-06-02T19:20:36.7604012Z #14 14.99   libtasn1-4.16.0-9.el9.x86_64                                                  
Test OLM installation	UNKNOWN STEP	2025-06-02T19:20:36.7604401Z #14 14.99   libunistring-0.9.10-15.el9.x86_64                                             
Test OLM installation	UNKNOWN STEP	2025-06-02T19:20:36.7604946Z #14 14.99   libuuid-2.37.4-21.el9.x86_64                                                  
Test OLM installation	UNKNOWN STEP	2025-06-02T19:20:36.7605325Z #14 14.99   libverto-0.3.2-3.el9.x86_64                                                   
Test OLM installation	UNKNOWN STEP	2025-06-02T19:20:36.7605869Z #14 14.99   libxcrypt-4.4.18-3.el9.x86_64                                                 
Test OLM installation	UNKNOWN STEP	2025-06-02T19:20:36.7606306Z #14 14.99   libzstd-1.5.5-1.el9.x86_64                                                    
Test OLM installation	UNKNOWN STEP	2025-06-02T19:20:36.7606695Z #14 14.99   lksctp-tools-1.0.19-3.el9_4.x86_64                                            
Test OLM installation	UNKNOWN STEP	2025-06-02T19:20:36.7607075Z #14 14.99   lua-5.4.4-4.el9.x86_64                                                        
Test OLM installation	UNKNOWN STEP	2025-06-02T19:20:36.7607434Z #14 14.99   lua-libs-5.4.4-4.el9.x86_64                                                   
Test OLM installation	UNKNOWN STEP	2025-06-02T19:20:36.7607812Z #14 14.99   lua-posix-35.0-8.el9.x86_64                                                   
Test OLM installation	UNKNOWN STEP	2025-06-02T19:20:36.7608192Z #14 14.99   lz4-libs-1.9.3-5.el9.x86_64                                                   
Test OLM installation	UNKNOWN STEP	2025-06-02T19:20:36.7608869Z #14 14.99   mpfr-4.1.0-7.el9.x86_64                                                       
Test OLM installation	UNKNOWN STEP	2025-06-02T19:20:36.7609333Z #14 14.99   ncurses-base-6.2-10.20210508.el9.noarch                                       
Test OLM installation	UNKNOWN STEP	2025-06-02T19:20:36.7609786Z #14 14.99   ncurses-libs-6.2-10.20210508.el9.x86_64                                       
Test OLM installation	UNKNOWN STEP	2025-06-02T19:20:36.7610184Z #14 14.99   nettle-3.10.1-1.el9.x86_64                                                    
Test OLM installation	UNKNOWN STEP	2025-06-02T19:20:36.7610560Z #14 14.99   nspr-4.35.0-17.el9_2.x86_64                                                   
Test OLM installation	UNKNOWN STEP	2025-06-02T19:20:36.7610919Z #14 14.99   nss-3.101.0-10.el9_2.x86_64                                                   
Test OLM installation	UNKNOWN STEP	2025-06-02T19:20:36.7611302Z #14 14.99   nss-softokn-3.101.0-10.el9_2.x86_64                                           
Test OLM installation	UNKNOWN STEP	2025-06-02T19:20:36.7611713Z #14 14.99   nss-softokn-freebl-3.101.0-10.el9_2.x86_64                                    
Test OLM installation	UNKNOWN STEP	2025-06-02T19:20:36.7612139Z #14 14.99   nss-sysinit-3.101.0-10.el9_2.x86_64                                           
Test OLM installation	UNKNOWN STEP	2025-06-02T19:20:36.7612527Z #14 14.99   nss-util-3.101.0-10.el9_2.x86_64                                              
Test OLM installation	UNKNOWN STEP	2025-06-02T19:20:36.7612947Z #14 14.99   openssl-fips-provider-3.0.7-6.el9_5.x86_64                                    
Test OLM installation	UNKNOWN STEP	2025-06-02T19:20:36.7613409Z #14 14.99   openssl-fips-provider-so-3.0.7-6.el9_5.x86_64                                 
Test OLM installation	UNKNOWN STEP	2025-06-02T19:20:36.7613843Z #14 14.99   openssl-libs-1:3.2.2-6.el9_5.1.x86_64                                         
Test OLM installation	UNKNOWN STEP	2025-06-02T19:20:36.7614232Z #14 14.99   p11-kit-0.25.3-3.el9_5.x86_64                                                 
Test OLM installation	UNKNOWN STEP	2025-06-02T19:20:36.7614618Z #14 14.99   p11-kit-trust-0.25.3-3.el9_5.x86_64                                           
Test OLM installation	UNKNOWN STEP	2025-06-02T19:20:36.7615111Z #14 14.99   pcre-8.44-4.el9.x86_64                                                        
Test OLM installation	UNKNOWN STEP	2025-06-02T19:20:36.7615465Z #14 14.99   pcre2-10.40-6.el9.x86_64                                                      
Test OLM installation	UNKNOWN STEP	2025-06-02T19:20:36.7615864Z #14 14.99   pcre2-syntax-10.40-6.el9.noarch                                               
Test OLM installation	UNKNOWN STEP	2025-06-02T19:20:36.7616269Z #14 14.99   python3-3.9.21-2.el9.x86_64                                                   
Test OLM installation	UNKNOWN STEP	2025-06-02T19:20:36.7616853Z #14 14.99   python3-libs-3.9.21-2.el9.x86_64                                              
Test OLM installation	UNKNOWN STEP	2025-06-02T19:20:36.7617497Z #14 14.99   python3-pip-wheel-21.3.1-1.el9.noarch                                         
Test OLM installation	UNKNOWN STEP	2025-06-02T19:20:36.7618202Z #14 14.99   python3-setuptools-wheel-53.0.0-13.el9.noarch                                 
Test OLM installation	UNKNOWN STEP	2025-06-02T19:20:36.7618639Z #14 14.99   readline-8.1-4.el9.x86_64                                                     
Test OLM installation	UNKNOWN STEP	2025-06-02T19:20:36.7619040Z #14 14.99   redhat-release-9.6-0.1.el9.x86_64                                             
Test OLM installation	UNKNOWN STEP	2025-06-02T19:20:36.7619419Z #14 14.99   sed-4.8-9.el9.x86_64                                                          
Test OLM installation	UNKNOWN STEP	2025-06-02T19:20:36.7619799Z #14 14.99   setup-2.13.7-10.el9.noarch                                                    
Test OLM installation	UNKNOWN STEP	2025-06-02T19:20:36.7620189Z #14 14.99   sqlite-libs-3.34.1-7.el9_3.x86_64                                             
Test OLM installation	UNKNOWN STEP	2025-06-02T19:20:36.7620594Z #14 14.99   systemd-libs-252-51.el9.x86_64                                                
Test OLM installation	UNKNOWN STEP	2025-06-02T19:20:36.7621003Z #14 14.99   tzdata-2025b-1.el9.noarch                                                     
Test OLM installation	UNKNOWN STEP	2025-06-02T19:20:36.7621411Z #14 14.99   tzdata-java-2025b-1.el9.noarch                                                
Test OLM installation	UNKNOWN STEP	2025-06-02T19:20:36.7621805Z #14 14.99   xz-libs-5.2.5-8.el9_0.x86_64                                                  
Test OLM installation	UNKNOWN STEP	2025-06-02T19:20:36.7622166Z #14 14.99   zlib-1.2.11-40.el9.x86_64                                                     
Test OLM installation	UNKNOWN STEP	2025-06-02T19:20:36.7622453Z #14 14.99 
Test OLM installation	UNKNOWN STEP	2025-06-02T19:20:36.7622609Z #14 14.99 Complete!
Test OLM installation	UNKNOWN STEP	2025-06-02T19:20:36.7622847Z #14 15.10 + dnf --installroot /tmp/null/rootfs clean all
Test OLM installation	UNKNOWN STEP	2025-06-02T19:20:36.9891857Z #14 15.33 Updating Subscription Management repositories.
Test OLM installation	UNKNOWN STEP	2025-06-02T19:20:37.1898642Z #14 15.33 Unable to read consumer identity
Test OLM installation	UNKNOWN STEP	2025-06-02T19:20:37.1899098Z #14 15.33 
Test OLM installation	UNKNOWN STEP	2025-06-02T19:20:37.1899516Z #14 15.33 This system is not registered with an entitlement server. You can use subscription-manager to register.
Test OLM installation	UNKNOWN STEP	2025-06-02T19:20:37.1899996Z #14 15.33 
Test OLM installation	UNKNOWN STEP	2025-06-02T19:20:37.1900179Z #14 15.34 26 files removed
Test OLM installation	UNKNOWN STEP	2025-06-02T19:20:37.1901185Z #14 15.38 + rm -rf /tmp/null/rootfs/var/cache/bpf /tmp/null/rootfs/var/cache/dnf /tmp/null/rootfs/var/cache/ldconfig /tmp/null/rootfs/var/log/dnf.librepo.log /tmp/null/rootfs/var/log/dnf.log /tmp/null/rootfs/var/log/dnf.rpm.log '/tmp/null/rootfs/var/log/yum.*'
Test OLM installation	UNKNOWN STEP	2025-06-02T19:20:37.1902253Z #14 15.38 ==> Building dependency tree
Test OLM installation	UNKNOWN STEP	2025-06-02T19:20:37.4338318Z #14 15.78 ==> 42 packages to erase:
Test OLM installation	UNKNOWN STEP	2025-06-02T19:20:37.5894337Z #14 15.78 alsa-lib
Test OLM installation	UNKNOWN STEP	2025-06-02T19:20:37.5894927Z #14 15.78 avahi-libs
Test OLM installation	UNKNOWN STEP	2025-06-02T19:20:37.5895256Z #14 15.78 bzip2-libs
Test OLM installation	UNKNOWN STEP	2025-06-02T19:20:37.5895595Z #14 15.78 copy-jdk-configs
Test OLM installation	UNKNOWN STEP	2025-06-02T19:20:37.5895952Z #14 15.78 cups-libs
Test OLM installation	UNKNOWN STEP	2025-06-02T19:20:37.5896270Z #14 15.78 dbus-libs
Test OLM installation	UNKNOWN STEP	2025-06-02T19:20:37.5896578Z #14 15.78 expat
Test OLM installation	UNKNOWN STEP	2025-06-02T19:20:37.5896845Z #14 15.78 gawk
Test OLM installation	UNKNOWN STEP	2025-06-02T19:20:37.5897114Z #14 15.78 gdbm-libs
Test OLM installation	UNKNOWN STEP	2025-06-02T19:20:37.5897388Z #14 15.78 gmp
Test OLM installation	UNKNOWN STEP	2025-06-02T19:20:37.5897641Z #14 15.78 gnutls
Test OLM installation	UNKNOWN STEP	2025-06-02T19:20:37.5897921Z #14 15.78 gpg-pubkey
Test OLM installation	UNKNOWN STEP	2025-06-02T19:20:37.5898224Z #14 15.78 keyutils-libs
Test OLM installation	UNKNOWN STEP	2025-06-02T19:20:37.5898519Z #14 15.78 krb5-libs
Test OLM installation	UNKNOWN STEP	2025-06-02T19:20:37.5898798Z #14 15.78 libcom_err
Test OLM installation	UNKNOWN STEP	2025-06-02T19:20:37.5899037Z #14 15.78 libevent
Test OLM installation	UNKNOWN STEP	2025-06-02T19:20:37.5899217Z #14 15.78 libffi
Test OLM installation	UNKNOWN STEP	2025-06-02T19:20:37.5899391Z #14 15.78 libgcrypt
Test OLM installation	UNKNOWN STEP	2025-06-02T19:20:37.5899571Z #14 15.78 libgpg-error
Test OLM installation	UNKNOWN STEP	2025-06-02T19:20:37.5899755Z #14 15.78 libidn2
Test OLM installation	UNKNOWN STEP	2025-06-02T19:20:37.5899929Z #14 15.78 libunistring
Test OLM installation	UNKNOWN STEP	2025-06-02T19:20:37.5900112Z #14 15.78 libuuid
Test OLM installation	UNKNOWN STEP	2025-06-02T19:20:37.5900275Z #14 15.78 libverto
Test OLM installation	UNKNOWN STEP	2025-06-02T19:20:37.5900449Z #14 15.78 libxcrypt
Test OLM installation	UNKNOWN STEP	2025-06-02T19:20:37.5900623Z #14 15.78 libzstd
Test OLM installation	UNKNOWN STEP	2025-06-02T19:20:37.5900785Z #14 15.78 lua
Test OLM installation	UNKNOWN STEP	2025-06-02T19:20:37.5900954Z #14 15.78 lua-libs
Test OLM installation	UNKNOWN STEP	2025-06-02T19:20:37.5901130Z #14 15.78 lua-posix
Test OLM installation	UNKNOWN STEP	2025-06-02T19:20:37.5901300Z #14 15.78 lz4-libs
Test OLM installation	UNKNOWN STEP	2025-06-02T19:20:37.5901471Z #14 15.78 mpfr
Test OLM installation	UNKNOWN STEP	2025-06-02T19:20:37.5901637Z #14 15.78 nettle
Test OLM installation	UNKNOWN STEP	2025-06-02T19:20:37.5901832Z #14 15.78 openssl-fips-provider
Test OLM installation	UNKNOWN STEP	2025-06-02T19:20:37.5902070Z #14 15.78 openssl-fips-provider-so
Test OLM installation	UNKNOWN STEP	2025-06-02T19:20:37.5902303Z #14 15.78 openssl-libs
Test OLM installation	UNKNOWN STEP	2025-06-02T19:20:37.5902489Z #14 15.78 p11-kit
Test OLM installation	UNKNOWN STEP	2025-06-02T19:20:37.5902656Z #14 15.78 python3
Test OLM installation	UNKNOWN STEP	2025-06-02T19:20:37.5903095Z #14 15.78 python3-libs
Test OLM installation	UNKNOWN STEP	2025-06-02T19:20:37.5903299Z #14 15.78 python3-pip-wheel
Test OLM installation	UNKNOWN STEP	2025-06-02T19:20:37.5903522Z #14 15.78 python3-setuptools-wheel
Test OLM installation	UNKNOWN STEP	2025-06-02T19:20:37.5903750Z #14 15.78 readline
Test OLM installation	UNKNOWN STEP	2025-06-02T19:20:37.5903926Z #14 15.78 systemd-libs
Test OLM installation	UNKNOWN STEP	2025-06-02T19:20:37.5904101Z #14 15.78 xz-libs
Test OLM installation	UNKNOWN STEP	2025-06-02T19:20:37.5904286Z #14 15.78 ==> 43 packages to keep:
Test OLM installation	UNKNOWN STEP	2025-06-02T19:20:37.5904509Z #14 15.78 alternatives
Test OLM installation	UNKNOWN STEP	2025-06-02T19:20:37.5904902Z #14 15.78 basesystem
Test OLM installation	UNKNOWN STEP	2025-06-02T19:20:37.5905170Z #14 15.78 bash
Test OLM installation	UNKNOWN STEP	2025-06-02T19:20:37.5905358Z #14 15.78 ca-certificates
Test OLM installation	UNKNOWN STEP	2025-06-02T19:20:37.5905564Z #14 15.78 coreutils-single
Test OLM installation	UNKNOWN STEP	2025-06-02T19:20:37.5905774Z #14 15.78 crypto-policies
Test OLM installation	UNKNOWN STEP	2025-06-02T19:20:37.5905987Z #14 15.78 crypto-policies-scripts
Test OLM installation	UNKNOWN STEP	2025-06-02T19:20:37.5906201Z #14 15.78 filesystem
Test OLM installation	UNKNOWN STEP	2025-06-02T19:20:37.5906368Z #14 15.78 findutils
Test OLM installation	UNKNOWN STEP	2025-06-02T19:20:37.5906535Z #14 15.78 glibc
Test OLM installation	UNKNOWN STEP	2025-06-02T19:20:37.5906701Z #14 15.78 glibc-common
Test OLM installation	UNKNOWN STEP	2025-06-02T19:20:37.5906886Z #14 15.78 glibc-langpack-en
Test OLM installation	UNKNOWN STEP	2025-06-02T19:20:37.5907086Z #14 15.78 grep
Test OLM installation	UNKNOWN STEP	2025-06-02T19:20:37.5907266Z #14 15.78 java-21-openjdk-headless
Test OLM installation	UNKNOWN STEP	2025-06-02T19:20:37.5907496Z #14 15.78 javapackages-filesystem
Test OLM installation	UNKNOWN STEP	2025-06-02T19:20:37.5907711Z #14 15.78 libacl
Test OLM installation	UNKNOWN STEP	2025-06-02T19:20:37.5907873Z #14 15.78 libattr
Test OLM installation	UNKNOWN STEP	2025-06-02T19:20:37.5908032Z #14 15.78 libcap
Test OLM installation	UNKNOWN STEP	2025-06-02T19:20:37.5908196Z #14 15.78 libgcc
Test OLM installation	UNKNOWN STEP	2025-06-02T19:20:37.5908358Z #14 15.78 libselinux
Test OLM installation	UNKNOWN STEP	2025-06-02T19:20:37.5908527Z #14 15.78 libsepol
Test OLM installation	UNKNOWN STEP	2025-06-02T19:20:37.5908695Z #14 15.78 libsigsegv
Test OLM installation	UNKNOWN STEP	2025-06-02T19:20:37.5909026Z #14 15.78 libtasn1
Test OLM installation	UNKNOWN STEP	2025-06-02T19:20:37.5909199Z #14 15.78 lksctp-tools
Test OLM installation	UNKNOWN STEP	2025-06-02T19:20:37.5909383Z #14 15.78 ncurses-base
Test OLM installation	UNKNOWN STEP	2025-06-02T19:20:37.5909566Z #14 15.78 ncurses-libs
Test OLM installation	UNKNOWN STEP	2025-06-02T19:20:37.5909737Z #14 15.78 nspr
Test OLM installation	UNKNOWN STEP	2025-06-02T19:20:37.5909892Z #14 15.78 nss
Test OLM installation	UNKNOWN STEP	2025-06-02T19:20:37.5910053Z #14 15.78 nss-softokn
Test OLM installation	UNKNOWN STEP	2025-06-02T19:20:37.5910242Z #14 15.78 nss-softokn-freebl
Test OLM installation	UNKNOWN STEP	2025-06-02T19:20:37.5910443Z #14 15.78 nss-sysinit
Test OLM installation	UNKNOWN STEP	2025-06-02T19:20:37.5910618Z #14 15.78 nss-util
Test OLM installation	UNKNOWN STEP	2025-06-02T19:20:37.5910798Z #14 15.78 p11-kit-trust
Test OLM installation	UNKNOWN STEP	2025-06-02T19:20:37.5910974Z #14 15.78 pcre
Test OLM installation	UNKNOWN STEP	2025-06-02T19:20:37.5911133Z #14 15.78 pcre2
Test OLM installation	UNKNOWN STEP	2025-06-02T19:20:37.5911300Z #14 15.78 pcre2-syntax
Test OLM installation	UNKNOWN STEP	2025-06-02T19:20:37.5911482Z #14 15.78 redhat-release
Test OLM installation	UNKNOWN STEP	2025-06-02T19:20:37.5911668Z #14 15.78 sed
Test OLM installation	UNKNOWN STEP	2025-06-02T19:20:37.5911822Z #14 15.78 setup
Test OLM installation	UNKNOWN STEP	2025-06-02T19:20:37.5911980Z #14 15.78 sqlite-libs
Test OLM installation	UNKNOWN STEP	2025-06-02T19:20:37.5912149Z #14 15.78 tzdata
Test OLM installation	UNKNOWN STEP	2025-06-02T19:20:37.5912315Z #14 15.78 tzdata-java
Test OLM installation	UNKNOWN STEP	2025-06-02T19:20:37.5912477Z #14 15.78 zlib
Test OLM installation	UNKNOWN STEP	2025-06-02T19:20:37.5912636Z #14 15.78 
Test OLM installation	UNKNOWN STEP	2025-06-02T19:20:37.5912808Z #14 15.78 ==> Erasing packages
Test OLM installation	UNKNOWN STEP	2025-06-02T19:20:37.5913118Z #14 15.78 + xargs rpm -r /tmp/null/rootfs --erase --nodeps --allmatches
Test OLM installation	UNKNOWN STEP	2025-06-02T19:20:37.7550711Z #14 16.10 
Test OLM installation	UNKNOWN STEP	2025-06-02T19:20:37.7551119Z #14 16.10 ==> Packages erased ok!
Test OLM installation	UNKNOWN STEP	2025-06-02T19:20:37.9296701Z #14 DONE 16.1s
Test OLM installation	UNKNOWN STEP	2025-06-02T19:20:39.4830574Z 
Test OLM installation	UNKNOWN STEP	2025-06-02T19:20:39.4831278Z #15 [stage-1 2/4] COPY --from=ubi-micro-build /tmp/null/rootfs/ /
Test OLM installation	UNKNOWN STEP	2025-06-02T19:20:40.7067646Z #15 DONE 1.2s
Test OLM installation	UNKNOWN STEP	2025-06-02T19:20:40.8588804Z 
Test OLM installation	UNKNOWN STEP	2025-06-02T19:20:40.8589500Z #16 [stage-1 3/4] COPY --from=ubi-micro-build --chown=1000:0 /opt/keycloak /opt/keycloak
Test OLM installation	UNKNOWN STEP	2025-06-02T19:20:41.1488120Z #16 DONE 0.4s
Test OLM installation	UNKNOWN STEP	2025-06-02T19:20:41.2569763Z 
Test OLM installation	UNKNOWN STEP	2025-06-02T19:20:41.2571188Z #17 [stage-1 4/4] RUN echo "keycloak:x:0:root" >> /etc/group &&     echo "keycloak:x:1000:0:keycloak user:/opt/keycloak:/sbin/nologin" >> /etc/passwd
Test OLM installation	UNKNOWN STEP	2025-06-02T19:20:41.2572052Z #17 DONE 0.1s
Test OLM installation	UNKNOWN STEP	2025-06-02T19:20:41.4083025Z 
Test OLM installation	UNKNOWN STEP	2025-06-02T19:20:41.4083410Z #18 exporting to image
Test OLM installation	UNKNOWN STEP	2025-06-02T19:20:41.4083863Z #18 exporting layers
Test OLM installation	UNKNOWN STEP	2025-06-02T19:20:42.6638921Z #18 exporting layers 1.4s done
Test OLM installation	UNKNOWN STEP	2025-06-02T19:20:42.6837365Z #18 writing image sha256:65471e01bd93e74644344b1a0ef87ad77da55d1a93e0dc44924f133b295d341a done
Test OLM installation	UNKNOWN STEP	2025-06-02T19:20:42.6838252Z #18 naming to ttl.sh/35c097keycloak:86400000.0.0 done
Test OLM installation	UNKNOWN STEP	2025-06-02T19:20:42.6838966Z #18 DONE 1.4s
Test OLM installation	UNKNOWN STEP	2025-06-02T19:20:42.6887816Z + docker push ttl.sh/35c097keycloak:86400000.0.0
Test OLM installation	UNKNOWN STEP	2025-06-02T19:20:42.9778896Z The push refers to repository [ttl.sh/35c097keycloak]
Test OLM installation	UNKNOWN STEP	2025-06-02T19:20:43.1315282Z 109b9b165545: Preparing
Test OLM installation	UNKNOWN STEP	2025-06-02T19:20:43.1318439Z 9508cf3e7e49: Preparing
Test OLM installation	UNKNOWN STEP	2025-06-02T19:20:43.1318993Z cb206e888c00: Preparing
Test OLM installation	UNKNOWN STEP	2025-06-02T19:20:43.1319343Z ef3cb51dff21: Preparing
Test OLM installation	UNKNOWN STEP	2025-06-02T19:20:46.3439682Z 109b9b165545: Pushed
Test OLM installation	UNKNOWN STEP	2025-06-02T19:20:51.2530206Z ef3cb51dff21: Pushed
Test OLM installation	UNKNOWN STEP	2025-06-02T19:21:48.8445025Z cb206e888c00: Pushed
Test OLM installation	UNKNOWN STEP	2025-06-02T19:22:13.7422606Z error parsing HTTP 499 response body: invalid character '<' looking for beginning of value: "<!DOCTYPE html>\n<html>\n  <head>\n    <meta name=\"viewport\" content=\"width=device-width, initial-scale=1\">\n    <meta charset=\"utf-8\">\n    <title>Application Error</title>\n    <style media=\"screen\">\n      html,body,iframe {\n        margin: 0;\n        padding: 0;\n      }\n\n      html,body {\n        height: 100%;\n        overflow: hidden;\n      }\n\n      iframe {\n        width: 100%;\n        height: 100%;\n        border: 0;\n      }\n    </style>\n  </head>\n  <body>\n    <iframe src=\"https://www.herokucdn.com/error-pages/application-error.html\"></iframe>\n  </body>\n</html>"
Test OLM installation	UNKNOWN STEP	2025-06-02T19:22:13.7462357Z ##[error]Process completed with exit code 1.
Test OLM installation	UNKNOWN STEP	2025-06-02T19:22:13.7516857Z Post job cleanup.
Test OLM installation	UNKNOWN STEP	2025-06-02T19:22:13.7556093Z Post job cleanup.
Test OLM installation	UNKNOWN STEP	2025-06-02T19:22:13.9275470Z Post job cleanup.
Test OLM installation	UNKNOWN STEP	2025-06-02T19:22:14.0254484Z [command]/usr/bin/git version
Test OLM installation	UNKNOWN STEP	2025-06-02T19:22:14.0304602Z git version 2.49.0
Test OLM installation	UNKNOWN STEP	2025-06-02T19:22:14.0355531Z Temporarily overriding HOME='/home/runner/work/_temp/efabf432-04c3-4b04-8606-3638e90eadea' before making global git config changes
Test OLM installation	UNKNOWN STEP	2025-06-02T19:22:14.0356766Z Adding repository directory to the temporary git global config as a safe directory
Test OLM installation	UNKNOWN STEP	2025-06-02T19:22:14.0361431Z [command]/usr/bin/git config --global --add safe.directory /home/runner/work/keycloak/keycloak
Test OLM installation	UNKNOWN STEP	2025-06-02T19:22:14.0398350Z [command]/usr/bin/git config --local --name-only --get-regexp core\.sshCommand
Test OLM installation	UNKNOWN STEP	2025-06-02T19:22:14.0431299Z [command]/usr/bin/git submodule foreach --recursive sh -c "git config --local --name-only --get-regexp 'core\.sshCommand' && git config --local --unset-all 'core.sshCommand' || :"
Test OLM installation	UNKNOWN STEP	2025-06-02T19:22:14.0680497Z [command]/usr/bin/git config --local --name-only --get-regexp http\.https\:\/\/github\.com\/\.extraheader
Test OLM installation	UNKNOWN STEP	2025-06-02T19:22:14.0703820Z http.https://github.com/.extraheader
Test OLM installation	UNKNOWN STEP	2025-06-02T19:22:14.0716626Z [command]/usr/bin/git config --local --unset-all http.https://github.com/.extraheader
Test OLM installation	UNKNOWN STEP	2025-06-02T19:22:14.0748802Z [command]/usr/bin/git submodule foreach --recursive sh -c "git config --local --name-only --get-regexp 'http\.https\:\/\/github\.com\/\.extraheader' && git config --local --unset-all 'http.https://github.com/.extraheader' || :"
Test OLM installation	UNKNOWN STEP	2025-06-02T19:22:14.1095553Z Cleaning up orphan processes
Status Check - Keycloak Operator CI	UNKNOWN STEP	Ôªø2025-06-02T19:46:14.0514369Z Current runner version: '2.324.0'
Status Check - Keycloak Operator CI	UNKNOWN STEP	2025-06-02T19:46:14.0547310Z ##[group]Runner Image Provisioner
Status Check - Keycloak Operator CI	UNKNOWN STEP	2025-06-02T19:46:14.0548540Z Hosted Compute Agent
Status Check - Keycloak Operator CI	UNKNOWN STEP	2025-06-02T19:46:14.0549367Z Version: 20250508.323
Status Check - Keycloak Operator CI	UNKNOWN STEP	2025-06-02T19:46:14.0550458Z Commit: 81b259f29879f73b4213d199e42d8c3465dae986
Status Check - Keycloak Operator CI	UNKNOWN STEP	2025-06-02T19:46:14.0551592Z Build Date: 2025-05-08T19:40:08Z
Status Check - Keycloak Operator CI	UNKNOWN STEP	2025-06-02T19:46:14.0552490Z ##[endgroup]
Status Check - Keycloak Operator CI	UNKNOWN STEP	2025-06-02T19:46:14.0553673Z ##[group]Operating System
Status Check - Keycloak Operator CI	UNKNOWN STEP	2025-06-02T19:46:14.0554519Z Ubuntu
Status Check - Keycloak Operator CI	UNKNOWN STEP	2025-06-02T19:46:14.0555257Z 24.04.2
Status Check - Keycloak Operator CI	UNKNOWN STEP	2025-06-02T19:46:14.0556003Z LTS
Status Check - Keycloak Operator CI	UNKNOWN STEP	2025-06-02T19:46:14.0556733Z ##[endgroup]
Status Check - Keycloak Operator CI	UNKNOWN STEP	2025-06-02T19:46:14.0557478Z ##[group]Runner Image
Status Check - Keycloak Operator CI	UNKNOWN STEP	2025-06-02T19:46:14.0558444Z Image: ubuntu-24.04
Status Check - Keycloak Operator CI	UNKNOWN STEP	2025-06-02T19:46:14.0559289Z Version: 20250511.1.0
Status Check - Keycloak Operator CI	UNKNOWN STEP	2025-06-02T19:46:14.0560893Z Included Software: https://github.com/actions/runner-images/blob/ubuntu24/20250511.1/images/ubuntu/Ubuntu2404-Readme.md
Status Check - Keycloak Operator CI	UNKNOWN STEP	2025-06-02T19:46:14.0563935Z Image Release: https://github.com/actions/runner-images/releases/tag/ubuntu24%2F20250511.1
Status Check - Keycloak Operator CI	UNKNOWN STEP	2025-06-02T19:46:14.0565771Z ##[endgroup]
Status Check - Keycloak Operator CI	UNKNOWN STEP	2025-06-02T19:46:14.0567341Z ##[group]GITHUB_TOKEN Permissions
Status Check - Keycloak Operator CI	UNKNOWN STEP	2025-06-02T19:46:14.0569886Z Contents: read
Status Check - Keycloak Operator CI	UNKNOWN STEP	2025-06-02T19:46:14.0570678Z Metadata: read
Status Check - Keycloak Operator CI	UNKNOWN STEP	2025-06-02T19:46:14.0571453Z ##[endgroup]
Status Check - Keycloak Operator CI	UNKNOWN STEP	2025-06-02T19:46:14.0574990Z Secret source: None
Status Check - Keycloak Operator CI	UNKNOWN STEP	2025-06-02T19:46:14.0576047Z Prepare workflow directory
Status Check - Keycloak Operator CI	UNKNOWN STEP	2025-06-02T19:46:14.1153187Z Prepare all required actions
Status Check - Keycloak Operator CI	UNKNOWN STEP	2025-06-02T19:46:14.1208516Z Getting action download info
Status Check - Keycloak Operator CI	UNKNOWN STEP	2025-06-02T19:46:14.4221914Z ##[group]Download immutable action package 'actions/checkout@v4'
Status Check - Keycloak Operator CI	UNKNOWN STEP	2025-06-02T19:46:14.4222861Z Version: 4.2.2
Status Check - Keycloak Operator CI	UNKNOWN STEP	2025-06-02T19:46:14.4224244Z Digest: sha256:ccb2698953eaebd21c7bf6268a94f9c26518a7e38e27e0b83c1fe1ad049819b1
Status Check - Keycloak Operator CI	UNKNOWN STEP	2025-06-02T19:46:14.4225371Z Source commit SHA: 11bd71901bbe5b1630ceea73d27597364c9af683
Status Check - Keycloak Operator CI	UNKNOWN STEP	2025-06-02T19:46:14.4226080Z ##[endgroup]
Status Check - Keycloak Operator CI	UNKNOWN STEP	2025-06-02T19:46:14.5664355Z Complete job name: Status Check - Keycloak Operator CI
Status Check - Keycloak Operator CI	UNKNOWN STEP	2025-06-02T19:46:14.6305278Z ##[group]Run actions/checkout@v4
Status Check - Keycloak Operator CI	UNKNOWN STEP	2025-06-02T19:46:14.6306089Z with:
Status Check - Keycloak Operator CI	UNKNOWN STEP	2025-06-02T19:46:14.6306470Z   repository: keycloak/keycloak
Status Check - Keycloak Operator CI	UNKNOWN STEP	2025-06-02T19:46:14.6307153Z   token: ***
Status Check - Keycloak Operator CI	UNKNOWN STEP	2025-06-02T19:46:14.6307521Z   ssh-strict: true
Status Check - Keycloak Operator CI	UNKNOWN STEP	2025-06-02T19:46:14.6307900Z   ssh-user: git
Status Check - Keycloak Operator CI	UNKNOWN STEP	2025-06-02T19:46:14.6308287Z   persist-credentials: true
Status Check - Keycloak Operator CI	UNKNOWN STEP	2025-06-02T19:46:14.6308717Z   clean: true
Status Check - Keycloak Operator CI	UNKNOWN STEP	2025-06-02T19:46:14.6309109Z   sparse-checkout-cone-mode: true
Status Check - Keycloak Operator CI	UNKNOWN STEP	2025-06-02T19:46:14.6309570Z   fetch-depth: 1
Status Check - Keycloak Operator CI	UNKNOWN STEP	2025-06-02T19:46:14.6309951Z   fetch-tags: false
Status Check - Keycloak Operator CI	UNKNOWN STEP	2025-06-02T19:46:14.6310342Z   show-progress: true
Status Check - Keycloak Operator CI	UNKNOWN STEP	2025-06-02T19:46:14.6310733Z   lfs: false
Status Check - Keycloak Operator CI	UNKNOWN STEP	2025-06-02T19:46:14.6311085Z   submodules: false
Status Check - Keycloak Operator CI	UNKNOWN STEP	2025-06-02T19:46:14.6311480Z   set-safe-directory: true
Status Check - Keycloak Operator CI	UNKNOWN STEP	2025-06-02T19:46:14.6312089Z env:
Status Check - Keycloak Operator CI	UNKNOWN STEP	2025-06-02T19:46:14.6312631Z   MAVEN_ARGS: -B -nsu -Daether.connector.http.connectionMaxTtl=25
Status Check - Keycloak Operator CI	UNKNOWN STEP	2025-06-02T19:46:14.6313428Z   MINIKUBE_VERSION: v1.32.0
Status Check - Keycloak Operator CI	UNKNOWN STEP	2025-06-02T19:46:14.6313881Z   KUBERNETES_VERSION: v1.27.10
Status Check - Keycloak Operator CI	UNKNOWN STEP	2025-06-02T19:46:14.6314359Z   MINIKUBE_MEMORY: 4096
Status Check - Keycloak Operator CI	UNKNOWN STEP	2025-06-02T19:46:14.6314763Z ##[endgroup]
Status Check - Keycloak Operator CI	UNKNOWN STEP	2025-06-02T19:46:14.7380996Z Syncing repository: keycloak/keycloak
Status Check - Keycloak Operator CI	UNKNOWN STEP	2025-06-02T19:46:14.7382675Z ##[group]Getting Git version info
Status Check - Keycloak Operator CI	UNKNOWN STEP	2025-06-02T19:46:14.7383627Z Working directory is '/home/runner/work/keycloak/keycloak'
Status Check - Keycloak Operator CI	UNKNOWN STEP	2025-06-02T19:46:14.7384591Z [command]/usr/bin/git version
Status Check - Keycloak Operator CI	UNKNOWN STEP	2025-06-02T19:46:14.7429170Z git version 2.49.0
Status Check - Keycloak Operator CI	UNKNOWN STEP	2025-06-02T19:46:14.7455207Z ##[endgroup]
Status Check - Keycloak Operator CI	UNKNOWN STEP	2025-06-02T19:46:14.7470050Z Temporarily overriding HOME='/home/runner/work/_temp/1d34e920-e0c7-4f40-9ca3-a25dfe1a33c9' before making global git config changes
Status Check - Keycloak Operator CI	UNKNOWN STEP	2025-06-02T19:46:14.7471440Z Adding repository directory to the temporary git global config as a safe directory
Status Check - Keycloak Operator CI	UNKNOWN STEP	2025-06-02T19:46:14.7475429Z [command]/usr/bin/git config --global --add safe.directory /home/runner/work/keycloak/keycloak
Status Check - Keycloak Operator CI	UNKNOWN STEP	2025-06-02T19:46:14.7510985Z Deleting the contents of '/home/runner/work/keycloak/keycloak'
Status Check - Keycloak Operator CI	UNKNOWN STEP	2025-06-02T19:46:14.7515211Z ##[group]Initializing the repository
Status Check - Keycloak Operator CI	UNKNOWN STEP	2025-06-02T19:46:14.7520229Z [command]/usr/bin/git init /home/runner/work/keycloak/keycloak
Status Check - Keycloak Operator CI	UNKNOWN STEP	2025-06-02T19:46:14.7606357Z hint: Using 'master' as the name for the initial branch. This default branch name
Status Check - Keycloak Operator CI	UNKNOWN STEP	2025-06-02T19:46:14.7608002Z hint: is subject to change. To configure the initial branch name to use in all
Status Check - Keycloak Operator CI	UNKNOWN STEP	2025-06-02T19:46:14.7608878Z hint: of your new repositories, which will suppress this warning, call:
Status Check - Keycloak Operator CI	UNKNOWN STEP	2025-06-02T19:46:14.7609523Z hint:
Status Check - Keycloak Operator CI	UNKNOWN STEP	2025-06-02T19:46:14.7610269Z hint: 	git config --global init.defaultBranch <name>
Status Check - Keycloak Operator CI	UNKNOWN STEP	2025-06-02T19:46:14.7611312Z hint:
Status Check - Keycloak Operator CI	UNKNOWN STEP	2025-06-02T19:46:14.7612192Z hint: Names commonly chosen instead of 'master' are 'main', 'trunk' and
Status Check - Keycloak Operator CI	UNKNOWN STEP	2025-06-02T19:46:14.7614017Z hint: 'development'. The just-created branch can be renamed via this command:
Status Check - Keycloak Operator CI	UNKNOWN STEP	2025-06-02T19:46:14.7615319Z hint:
Status Check - Keycloak Operator CI	UNKNOWN STEP	2025-06-02T19:46:14.7615990Z hint: 	git branch -m <name>
Status Check - Keycloak Operator CI	UNKNOWN STEP	2025-06-02T19:46:14.7617256Z Initialized empty Git repository in /home/runner/work/keycloak/keycloak/.git/
Status Check - Keycloak Operator CI	UNKNOWN STEP	2025-06-02T19:46:14.7624398Z [command]/usr/bin/git remote add origin https://github.com/keycloak/keycloak
Status Check - Keycloak Operator CI	UNKNOWN STEP	2025-06-02T19:46:14.7657958Z ##[endgroup]
Status Check - Keycloak Operator CI	UNKNOWN STEP	2025-06-02T19:46:14.7659037Z ##[group]Disabling automatic garbage collection
Status Check - Keycloak Operator CI	UNKNOWN STEP	2025-06-02T19:46:14.7661571Z [command]/usr/bin/git config --local gc.auto 0
Status Check - Keycloak Operator CI	UNKNOWN STEP	2025-06-02T19:46:14.7690315Z ##[endgroup]
Status Check - Keycloak Operator CI	UNKNOWN STEP	2025-06-02T19:46:14.7691325Z ##[group]Setting up auth
Status Check - Keycloak Operator CI	UNKNOWN STEP	2025-06-02T19:46:14.7696778Z [command]/usr/bin/git config --local --name-only --get-regexp core\.sshCommand
Status Check - Keycloak Operator CI	UNKNOWN STEP	2025-06-02T19:46:14.7726105Z [command]/usr/bin/git submodule foreach --recursive sh -c "git config --local --name-only --get-regexp 'core\.sshCommand' && git config --local --unset-all 'core.sshCommand' || :"
Status Check - Keycloak Operator CI	UNKNOWN STEP	2025-06-02T19:46:14.8018564Z [command]/usr/bin/git config --local --name-only --get-regexp http\.https\:\/\/github\.com\/\.extraheader
Status Check - Keycloak Operator CI	UNKNOWN STEP	2025-06-02T19:46:14.8050154Z [command]/usr/bin/git submodule foreach --recursive sh -c "git config --local --name-only --get-regexp 'http\.https\:\/\/github\.com\/\.extraheader' && git config --local --unset-all 'http.https://github.com/.extraheader' || :"
Status Check - Keycloak Operator CI	UNKNOWN STEP	2025-06-02T19:46:14.8270473Z [command]/usr/bin/git config --local http.https://github.com/.extraheader AUTHORIZATION: basic ***
Status Check - Keycloak Operator CI	UNKNOWN STEP	2025-06-02T19:46:14.8312902Z ##[endgroup]
Status Check - Keycloak Operator CI	UNKNOWN STEP	2025-06-02T19:46:14.8321384Z ##[group]Fetching the repository
Status Check - Keycloak Operator CI	UNKNOWN STEP	2025-06-02T19:46:14.8322950Z [command]/usr/bin/git -c protocol.version=2 fetch --no-tags --prune --no-recurse-submodules --depth=1 origin +35c0979d9b157aa73e726277c8549dbb4518da2f:refs/remotes/pull/40115/merge
Status Check - Keycloak Operator CI	UNKNOWN STEP	2025-06-02T19:46:18.0583138Z From https://github.com/keycloak/keycloak
Status Check - Keycloak Operator CI	UNKNOWN STEP	2025-06-02T19:46:18.0584860Z  * [new ref]         35c0979d9b157aa73e726277c8549dbb4518da2f -> pull/40115/merge
Status Check - Keycloak Operator CI	UNKNOWN STEP	2025-06-02T19:46:18.0637806Z ##[endgroup]
Status Check - Keycloak Operator CI	UNKNOWN STEP	2025-06-02T19:46:18.0639010Z ##[group]Determining the checkout info
Status Check - Keycloak Operator CI	UNKNOWN STEP	2025-06-02T19:46:18.0640270Z ##[endgroup]
Status Check - Keycloak Operator CI	UNKNOWN STEP	2025-06-02T19:46:18.0646095Z [command]/usr/bin/git sparse-checkout disable
Status Check - Keycloak Operator CI	UNKNOWN STEP	2025-06-02T19:46:18.0686457Z [command]/usr/bin/git config --local --unset-all extensions.worktreeConfig
Status Check - Keycloak Operator CI	UNKNOWN STEP	2025-06-02T19:46:18.0715784Z ##[group]Checking out the ref
Status Check - Keycloak Operator CI	UNKNOWN STEP	2025-06-02T19:46:18.0719653Z [command]/usr/bin/git checkout --progress --force refs/remotes/pull/40115/merge
Status Check - Keycloak Operator CI	UNKNOWN STEP	2025-06-02T19:46:18.8617053Z Note: switching to 'refs/remotes/pull/40115/merge'.
Status Check - Keycloak Operator CI	UNKNOWN STEP	2025-06-02T19:46:18.8618632Z 
Status Check - Keycloak Operator CI	UNKNOWN STEP	2025-06-02T19:46:18.8618951Z You are in 'detached HEAD' state. You can look around, make experimental
Status Check - Keycloak Operator CI	UNKNOWN STEP	2025-06-02T19:46:18.8619594Z changes and commit them, and you can discard any commits you make in this
Status Check - Keycloak Operator CI	UNKNOWN STEP	2025-06-02T19:46:18.8620227Z state without impacting any branches by switching back to a branch.
Status Check - Keycloak Operator CI	UNKNOWN STEP	2025-06-02T19:46:18.8620593Z 
Status Check - Keycloak Operator CI	UNKNOWN STEP	2025-06-02T19:46:18.8620858Z If you want to create a new branch to retain commits you create, you may
Status Check - Keycloak Operator CI	UNKNOWN STEP	2025-06-02T19:46:18.8621421Z do so (now or later) by using -c with the switch command. Example:
Status Check - Keycloak Operator CI	UNKNOWN STEP	2025-06-02T19:46:18.8621735Z 
Status Check - Keycloak Operator CI	UNKNOWN STEP	2025-06-02T19:46:18.8621885Z   git switch -c <new-branch-name>
Status Check - Keycloak Operator CI	UNKNOWN STEP	2025-06-02T19:46:18.8622109Z 
Status Check - Keycloak Operator CI	UNKNOWN STEP	2025-06-02T19:46:18.8622260Z Or undo this operation with:
Status Check - Keycloak Operator CI	UNKNOWN STEP	2025-06-02T19:46:18.8622488Z 
Status Check - Keycloak Operator CI	UNKNOWN STEP	2025-06-02T19:46:18.8622619Z   git switch -
Status Check - Keycloak Operator CI	UNKNOWN STEP	2025-06-02T19:46:18.8622823Z 
Status Check - Keycloak Operator CI	UNKNOWN STEP	2025-06-02T19:46:18.8623207Z Turn off this advice by setting config variable advice.detachedHead to false
Status Check - Keycloak Operator CI	UNKNOWN STEP	2025-06-02T19:46:18.8624133Z 
Status Check - Keycloak Operator CI	UNKNOWN STEP	2025-06-02T19:46:18.8624639Z HEAD is now at 35c0979 Merge dcf136b76b1821f9f2474f95370c13b72e49348a into a66f7fbc53d742ebf049e47c05075a4c79f273da
Status Check - Keycloak Operator CI	UNKNOWN STEP	2025-06-02T19:46:18.8648662Z ##[endgroup]
Status Check - Keycloak Operator CI	UNKNOWN STEP	2025-06-02T19:46:18.8687639Z [command]/usr/bin/git log -1 --format=%H
Status Check - Keycloak Operator CI	UNKNOWN STEP	2025-06-02T19:46:18.8710800Z 35c0979d9b157aa73e726277c8549dbb4518da2f
Status Check - Keycloak Operator CI	UNKNOWN STEP	2025-06-02T19:46:18.8947522Z Prepare all required actions
Status Check - Keycloak Operator CI	UNKNOWN STEP	2025-06-02T19:46:18.9017950Z ##[group]Run ./.github/actions/status-check
Status Check - Keycloak Operator CI	UNKNOWN STEP	2025-06-02T19:46:18.9018267Z with:
Status Check - Keycloak Operator CI	UNKNOWN STEP	2025-06-02T19:46:18.9019126Z   jobs: {
Status Check - Keycloak Operator CI	UNKNOWN STEP	  "conditional": {
Status Check - Keycloak Operator CI	UNKNOWN STEP	    "result": "success",
Status Check - Keycloak Operator CI	UNKNOWN STEP	    "outputs": {
Status Check - Keycloak Operator CI	UNKNOWN STEP	      "operator": "true"
Status Check - Keycloak Operator CI	UNKNOWN STEP	    }
Status Check - Keycloak Operator CI	UNKNOWN STEP	  },
Status Check - Keycloak Operator CI	UNKNOWN STEP	  "build": {
Status Check - Keycloak Operator CI	UNKNOWN STEP	    "result": "success",
Status Check - Keycloak Operator CI	UNKNOWN STEP	    "outputs": {}
Status Check - Keycloak Operator CI	UNKNOWN STEP	  },
Status Check - Keycloak Operator CI	UNKNOWN STEP	  "test-local-apiserver": {
Status Check - Keycloak Operator CI	UNKNOWN STEP	    "result": "success",
Status Check - Keycloak Operator CI	UNKNOWN STEP	    "outputs": {}
Status Check - Keycloak Operator CI	UNKNOWN STEP	  },
Status Check - Keycloak Operator CI	UNKNOWN STEP	  "test-remote": {
Status Check - Keycloak Operator CI	UNKNOWN STEP	    "result": "success",
Status Check - Keycloak Operator CI	UNKNOWN STEP	    "outputs": {}
Status Check - Keycloak Operator CI	UNKNOWN STEP	  },
Status Check - Keycloak Operator CI	UNKNOWN STEP	  "test-olm": {
Status Check - Keycloak Operator CI	UNKNOWN STEP	    "result": "failure",
Status Check - Keycloak Operator CI	UNKNOWN STEP	    "outputs": {}
Status Check - Keycloak Operator CI	UNKNOWN STEP	  }
Status Check - Keycloak Operator CI	UNKNOWN STEP	}
Status Check - Keycloak Operator CI	UNKNOWN STEP	2025-06-02T19:46:18.9020012Z env:
Status Check - Keycloak Operator CI	UNKNOWN STEP	2025-06-02T19:46:18.9020310Z   MAVEN_ARGS: -B -nsu -Daether.connector.http.connectionMaxTtl=25
Status Check - Keycloak Operator CI	UNKNOWN STEP	2025-06-02T19:46:18.9020725Z   MINIKUBE_VERSION: v1.32.0
Status Check - Keycloak Operator CI	UNKNOWN STEP	2025-06-02T19:46:18.9020994Z   KUBERNETES_VERSION: v1.27.10
Status Check - Keycloak Operator CI	UNKNOWN STEP	2025-06-02T19:46:18.9021251Z   MINIKUBE_MEMORY: 4096
Status Check - Keycloak Operator CI	UNKNOWN STEP	2025-06-02T19:46:18.9021480Z ##[endgroup]
Status Check - Keycloak Operator CI	UNKNOWN STEP	2025-06-02T19:46:18.9121347Z ##[group]Run JOBS='{
Status Check - Keycloak Operator CI	UNKNOWN STEP	2025-06-02T19:46:18.9121676Z [36;1mJOBS='{[0m
Status Check - Keycloak Operator CI	UNKNOWN STEP	2025-06-02T19:46:18.9121959Z [36;1m  "conditional": {[0m
Status Check - Keycloak Operator CI	UNKNOWN STEP	2025-06-02T19:46:18.9122216Z [36;1m    "result": "success",[0m
Status Check - Keycloak Operator CI	UNKNOWN STEP	2025-06-02T19:46:18.9122486Z [36;1m    "outputs": {[0m
Status Check - Keycloak Operator CI	UNKNOWN STEP	2025-06-02T19:46:18.9122723Z [36;1m      "operator": "true"[0m
Status Check - Keycloak Operator CI	UNKNOWN STEP	2025-06-02T19:46:18.9122980Z [36;1m    }[0m
Status Check - Keycloak Operator CI	UNKNOWN STEP	2025-06-02T19:46:18.9123181Z [36;1m  },[0m
Status Check - Keycloak Operator CI	UNKNOWN STEP	2025-06-02T19:46:18.9123547Z [36;1m  "build": {[0m
Status Check - Keycloak Operator CI	UNKNOWN STEP	2025-06-02T19:46:18.9123774Z [36;1m    "result": "success",[0m
Status Check - Keycloak Operator CI	UNKNOWN STEP	2025-06-02T19:46:18.9124039Z [36;1m    "outputs": {}[0m
Status Check - Keycloak Operator CI	UNKNOWN STEP	2025-06-02T19:46:18.9124275Z [36;1m  },[0m
Status Check - Keycloak Operator CI	UNKNOWN STEP	2025-06-02T19:46:18.9124499Z [36;1m  "test-local-apiserver": {[0m
Status Check - Keycloak Operator CI	UNKNOWN STEP	2025-06-02T19:46:18.9124783Z [36;1m    "result": "success",[0m
Status Check - Keycloak Operator CI	UNKNOWN STEP	2025-06-02T19:46:18.9125054Z [36;1m    "outputs": {}[0m
Status Check - Keycloak Operator CI	UNKNOWN STEP	2025-06-02T19:46:18.9125287Z [36;1m  },[0m
Status Check - Keycloak Operator CI	UNKNOWN STEP	2025-06-02T19:46:18.9125490Z [36;1m  "test-remote": {[0m
Status Check - Keycloak Operator CI	UNKNOWN STEP	2025-06-02T19:46:18.9125735Z [36;1m    "result": "success",[0m
Status Check - Keycloak Operator CI	UNKNOWN STEP	2025-06-02T19:46:18.9125991Z [36;1m    "outputs": {}[0m
Status Check - Keycloak Operator CI	UNKNOWN STEP	2025-06-02T19:46:18.9126225Z [36;1m  },[0m
Status Check - Keycloak Operator CI	UNKNOWN STEP	2025-06-02T19:46:18.9126439Z [36;1m  "test-olm": {[0m
Status Check - Keycloak Operator CI	UNKNOWN STEP	2025-06-02T19:46:18.9126676Z [36;1m    "result": "failure",[0m
Status Check - Keycloak Operator CI	UNKNOWN STEP	2025-06-02T19:46:18.9126932Z [36;1m    "outputs": {}[0m
Status Check - Keycloak Operator CI	UNKNOWN STEP	2025-06-02T19:46:18.9127156Z [36;1m  }[0m
Status Check - Keycloak Operator CI	UNKNOWN STEP	2025-06-02T19:46:18.9127349Z [36;1m}'[0m
Status Check - Keycloak Operator CI	UNKNOWN STEP	2025-06-02T19:46:18.9127545Z [36;1m[0m
Status Check - Keycloak Operator CI	UNKNOWN STEP	2025-06-02T19:46:18.9127750Z [36;1mecho "Job status:"[0m
Status Check - Keycloak Operator CI	UNKNOWN STEP	2025-06-02T19:46:18.9128108Z [36;1mecho $JOBS | jq -r 'to_entries[] | " - \(.key): \(.value.result)"'[0m
Status Check - Keycloak Operator CI	UNKNOWN STEP	2025-06-02T19:46:18.9128455Z [36;1m[0m
Status Check - Keycloak Operator CI	UNKNOWN STEP	2025-06-02T19:46:18.9128725Z [36;1mfor i in $(echo $JOBS | jq -r 'to_entries[] | .value.result'); do[0m
Status Check - Keycloak Operator CI	UNKNOWN STEP	2025-06-02T19:46:18.9129114Z [36;1m  if [ "$i" != "success" ] && [ "$i" != "skipped" ]; then[0m
Status Check - Keycloak Operator CI	UNKNOWN STEP	2025-06-02T19:46:18.9129426Z [36;1m    echo ""[0m
Status Check - Keycloak Operator CI	UNKNOWN STEP	2025-06-02T19:46:18.9129655Z [36;1m    echo "Status check not okay!"[0m
Status Check - Keycloak Operator CI	UNKNOWN STEP	2025-06-02T19:46:18.9129921Z [36;1m    exit 1[0m
Status Check - Keycloak Operator CI	UNKNOWN STEP	2025-06-02T19:46:18.9130131Z [36;1m  fi[0m
Status Check - Keycloak Operator CI	UNKNOWN STEP	2025-06-02T19:46:18.9130328Z [36;1mdone[0m
Status Check - Keycloak Operator CI	UNKNOWN STEP	2025-06-02T19:46:18.9311166Z shell: /usr/bin/bash --noprofile --norc -e -o pipefail {0}
Status Check - Keycloak Operator CI	UNKNOWN STEP	2025-06-02T19:46:18.9311556Z env:
Status Check - Keycloak Operator CI	UNKNOWN STEP	2025-06-02T19:46:18.9311873Z   MAVEN_ARGS: -B -nsu -Daether.connector.http.connectionMaxTtl=25
Status Check - Keycloak Operator CI	UNKNOWN STEP	2025-06-02T19:46:18.9312244Z   MINIKUBE_VERSION: v1.32.0
Status Check - Keycloak Operator CI	UNKNOWN STEP	2025-06-02T19:46:18.9312511Z   KUBERNETES_VERSION: v1.27.10
Status Check - Keycloak Operator CI	UNKNOWN STEP	2025-06-02T19:46:18.9312825Z   MINIKUBE_MEMORY: 4096
Status Check - Keycloak Operator CI	UNKNOWN STEP	2025-06-02T19:46:18.9313052Z ##[endgroup]
Status Check - Keycloak Operator CI	UNKNOWN STEP	2025-06-02T19:46:18.9406582Z Job status:
Status Check - Keycloak Operator CI	UNKNOWN STEP	2025-06-02T19:46:18.9441554Z  - conditional: success
Status Check - Keycloak Operator CI	UNKNOWN STEP	2025-06-02T19:46:18.9441870Z  - build: success
Status Check - Keycloak Operator CI	UNKNOWN STEP	2025-06-02T19:46:18.9442139Z  - test-local-apiserver: success
Status Check - Keycloak Operator CI	UNKNOWN STEP	2025-06-02T19:46:18.9442417Z  - test-remote: success
Status Check - Keycloak Operator CI	UNKNOWN STEP	2025-06-02T19:46:18.9442654Z  - test-olm: failure
Status Check - Keycloak Operator CI	UNKNOWN STEP	2025-06-02T19:46:18.9476428Z 
Status Check - Keycloak Operator CI	UNKNOWN STEP	2025-06-02T19:46:18.9476655Z Status check not okay!
Status Check - Keycloak Operator CI	UNKNOWN STEP	2025-06-02T19:46:18.9490211Z ##[error]Process completed with exit code 1.
Status Check - Keycloak Operator CI	UNKNOWN STEP	2025-06-02T19:46:18.9607437Z Post job cleanup.
Status Check - Keycloak Operator CI	UNKNOWN STEP	2025-06-02T19:46:19.0542606Z [command]/usr/bin/git version
Status Check - Keycloak Operator CI	UNKNOWN STEP	2025-06-02T19:46:19.0578410Z git version 2.49.0
Status Check - Keycloak Operator CI	UNKNOWN STEP	2025-06-02T19:46:19.0622844Z Temporarily overriding HOME='/home/runner/work/_temp/409fa775-e941-4073-b4c5-c89f4cc7b69f' before making global git config changes
Status Check - Keycloak Operator CI	UNKNOWN STEP	2025-06-02T19:46:19.0624469Z Adding repository directory to the temporary git global config as a safe directory
Status Check - Keycloak Operator CI	UNKNOWN STEP	2025-06-02T19:46:19.0636870Z [command]/usr/bin/git config --global --add safe.directory /home/runner/work/keycloak/keycloak
Status Check - Keycloak Operator CI	UNKNOWN STEP	2025-06-02T19:46:19.0671726Z [command]/usr/bin/git config --local --name-only --get-regexp core\.sshCommand
Status Check - Keycloak Operator CI	UNKNOWN STEP	2025-06-02T19:46:19.0705303Z [command]/usr/bin/git submodule foreach --recursive sh -c "git config --local --name-only --get-regexp 'core\.sshCommand' && git config --local --unset-all 'core.sshCommand' || :"
Status Check - Keycloak Operator CI	UNKNOWN STEP	2025-06-02T19:46:19.0950293Z [command]/usr/bin/git config --local --name-only --get-regexp http\.https\:\/\/github\.com\/\.extraheader
Status Check - Keycloak Operator CI	UNKNOWN STEP	2025-06-02T19:46:19.0971602Z http.https://github.com/.extraheader
Status Check - Keycloak Operator CI	UNKNOWN STEP	2025-06-02T19:46:19.0983657Z [command]/usr/bin/git config --local --unset-all http.https://github.com/.extraheader
Status Check - Keycloak Operator CI	UNKNOWN STEP	2025-06-02T19:46:19.1013795Z [command]/usr/bin/git submodule foreach --recursive sh -c "git config --local --name-only --get-regexp 'http\.https\:\/\/github\.com\/\.extraheader' && git config --local --unset-all 'http.https://github.com/.extraheader' || :"
Status Check - Keycloak Operator CI	UNKNOWN STEP	2025-06-02T19:46:19.1361520Z Cleaning up orphan processes
