Admin UI E2E (2, chrome)	Run Cypress	2025-02-04T14:11:16.1030974Z ##[group]Run cypress-io/github-action@v6
Admin UI E2E (2, chrome)	Run Cypress	2025-02-04T14:11:16.1031275Z with:
Admin UI E2E (2, chrome)	Run Cypress	2025-02-04T14:11:16.1031450Z   install: false
Admin UI E2E (2, chrome)	Run Cypress	2025-02-04T14:11:16.1031633Z   browser: chrome
Admin UI E2E (2, chrome)	Run Cypress	2025-02-04T14:11:16.1031852Z   wait-on: http://localhost:8080
Admin UI E2E (2, chrome)	Run Cypress	2025-02-04T14:11:16.1032103Z   working-directory: js/apps/admin-ui
Admin UI E2E (2, chrome)	Run Cypress	2025-02-04T14:11:16.1032346Z   record: false
Admin UI E2E (2, chrome)	Run Cypress	2025-02-04T14:11:16.1032539Z   publish-summary: true
Admin UI E2E (2, chrome)	Run Cypress	2025-02-04T14:11:16.1032758Z   component: false
Admin UI E2E (2, chrome)	Run Cypress	2025-02-04T14:11:16.1032936Z env:
Admin UI E2E (2, chrome)	Run Cypress	2025-02-04T14:11:16.1033191Z   MAVEN_ARGS: -B -nsu -Daether.connector.http.connectionMaxTtl=25
Admin UI E2E (2, chrome)	Run Cypress	2025-02-04T14:11:16.1033508Z   RETRY_COUNT: 3
Admin UI E2E (2, chrome)	Run Cypress	2025-02-04T14:11:16.1033692Z   COREPACK_INTEGRITY_KEYS: 0
Admin UI E2E (2, chrome)	Run Cypress	2025-02-04T14:11:16.1033917Z   WORKSPACE: keycloak-admin-ui
Admin UI E2E (2, chrome)	Run Cypress	2025-02-04T14:11:16.1034238Z   JAVA_HOME: /opt/hostedtoolcache/Java_Temurin-Hotspot_jdk/21.0.6-7/x64
Admin UI E2E (2, chrome)	Run Cypress	2025-02-04T14:11:16.1034665Z   JAVA_HOME_21_X64: /opt/hostedtoolcache/Java_Temurin-Hotspot_jdk/21.0.6-7/x64
Admin UI E2E (2, chrome)	Run Cypress	2025-02-04T14:11:16.1034992Z   SPLIT: 5
Admin UI E2E (2, chrome)	Run Cypress	2025-02-04T14:11:16.1035155Z   SPLIT_INDEX: 1
Admin UI E2E (2, chrome)	Run Cypress	2025-02-04T14:11:16.1035364Z   SPLIT_RANDOM_SEED: 27
Admin UI E2E (2, chrome)	Run Cypress	2025-02-04T14:11:16.1035551Z ##[endgroup]
Admin UI E2E (2, chrome)	Run Cypress	2025-02-04T14:11:16.3409877Z Skipping install because install parameter is false
Admin UI E2E (2, chrome)	Run Cypress	2025-02-04T14:11:16.3425775Z waiting on "http://localhost:8080" with timeout of 60 seconds
Admin UI E2E (2, chrome)	Run Cypress	2025-02-04T14:11:38.4107942Z It looks like this is your first time using Cypress: 14.0.1
Admin UI E2E (2, chrome)	Run Cypress	2025-02-04T14:11:38.4108322Z 
Admin UI E2E (2, chrome)	Run Cypress	2025-02-04T14:11:38.4131713Z [STARTED] Task without title.
Admin UI E2E (2, chrome)	Run Cypress	2025-02-04T14:11:41.8248207Z [SUCCESS] Task without title.
Admin UI E2E (2, chrome)	Run Cypress	2025-02-04T14:11:41.8251557Z 
Admin UI E2E (2, chrome)	Run Cypress	2025-02-04T14:11:41.8251871Z Opening Cypress...
Admin UI E2E (2, chrome)	Run Cypress	2025-02-04T14:11:42.3485435Z MESA: error: ZINK: vkCreateInstance failed (VK_ERROR_INCOMPATIBLE_DRIVER)
Admin UI E2E (2, chrome)	Run Cypress	2025-02-04T14:11:42.4047804Z 
Admin UI E2E (2, chrome)	Run Cypress	2025-02-04T14:11:42.4048908Z DevTools listening on ws://127.0.0.1:45709/devtools/browser/fd81c80a-1f52-4937-9d4d-a246a06e35bb
Admin UI E2E (2, chrome)	Run Cypress	2025-02-04T14:11:43.0096695Z (node:2771) ExperimentalWarning: `--experimental-loader` may be removed in the future; instead use `register()`:
Admin UI E2E (2, chrome)	Run Cypress	2025-02-04T14:11:43.0100483Z --import 'data:text/javascript,import { register } from "node:module"; import { pathToFileURL } from "node:url"; register("file%3A///home/runner/.cache/Cypress/14.0.1/Cypress/resources/app/node_modules/ts-node/esm/transpile-only.mjs", pathToFileURL("./"));'
Admin UI E2E (2, chrome)	Run Cypress	2025-02-04T14:11:43.0101690Z (Use `node --trace-warnings ...` to show where the warning was created)
Admin UI E2E (2, chrome)	Run Cypress	2025-02-04T14:11:52.1685017Z cypress-split: there are 41 found specs
Admin UI E2E (2, chrome)	Run Cypress	2025-02-04T14:11:52.1685695Z the first 5 specs
Admin UI E2E (2, chrome)	Run Cypress	2025-02-04T14:11:52.1686636Z - 1: /home/runner/work/keycloak/keycloak/js/apps/admin-ui/cypress/e2e/group_test.spec.ts
Admin UI E2E (2, chrome)	Run Cypress	2025-02-04T14:11:52.1688396Z - 2: /home/runner/work/keycloak/keycloak/js/apps/admin-ui/cypress/e2e/realm_settings_events_test.spec.ts
Admin UI E2E (2, chrome)	Run Cypress	2025-02-04T14:11:52.1689359Z - 3: /home/runner/work/keycloak/keycloak/js/apps/admin-ui/cypress/e2e/users_test.spec.ts
Admin UI E2E (2, chrome)	Run Cypress	2025-02-04T14:11:52.1690347Z - 4: /home/runner/work/keycloak/keycloak/js/apps/admin-ui/cypress/e2e/realm_settings_client_profiles_test.spec.ts
Admin UI E2E (2, chrome)	Run Cypress	2025-02-04T14:11:52.1691292Z - 5: /home/runner/work/keycloak/keycloak/js/apps/admin-ui/cypress/e2e/client_scope.spec.ts
Admin UI E2E (2, chrome)	Run Cypress	2025-02-04T14:11:52.1691857Z cypress-split: chunk 2 of 5
Admin UI E2E (2, chrome)	Run Cypress	2025-02-04T14:11:52.1702310Z k  spec                                                   
Admin UI E2E (2, chrome)	Run Cypress	2025-02-04T14:11:52.1702986Z -  -------------------------------------------------------
Admin UI E2E (2, chrome)	Run Cypress	2025-02-04T14:11:52.1703670Z 1  cypress/e2e/i18n_test.spec.ts                          
Admin UI E2E (2, chrome)	Run Cypress	2025-02-04T14:11:52.1704520Z 2  cypress/e2e/clients_test.spec.ts                       
Admin UI E2E (2, chrome)	Run Cypress	2025-02-04T14:11:52.1705009Z 3  cypress/e2e/users_attribute_search_test.spec.ts        
Admin UI E2E (2, chrome)	Run Cypress	2025-02-04T14:11:52.1705480Z 4  cypress/e2e/identity_providers_test.spec.ts            
Admin UI E2E (2, chrome)	Run Cypress	2025-02-04T14:11:52.1705937Z 5  cypress/e2e/authentication_policies.spec.ts            
Admin UI E2E (2, chrome)	Run Cypress	2025-02-04T14:11:52.1706391Z 6  cypress/e2e/client_authorization_test.spec.ts          
Admin UI E2E (2, chrome)	Run Cypress	2025-02-04T14:11:52.1706837Z 7  cypress/e2e/client_initial_access.spec.ts              
Admin UI E2E (2, chrome)	Run Cypress	2025-02-04T14:11:52.1707519Z 8  cypress/e2e/user_fed_ldap_hardcoded_mapper_test.spec.ts
Admin UI E2E (2, chrome)	Run Cypress	2025-02-04T14:11:52.1708061Z 
Admin UI E2E (2, chrome)	Run Cypress	2025-02-04T14:11:52.8309745Z 
Admin UI E2E (2, chrome)	Run Cypress	2025-02-04T14:11:52.8737778Z [90m====================================================================================================[39m
Admin UI E2E (2, chrome)	Run Cypress	2025-02-04T14:11:52.8738344Z 
Admin UI E2E (2, chrome)	Run Cypress	2025-02-04T14:11:52.8739542Z [0m  ([4m[1mRun Starting[22m[24m)[0m
Admin UI E2E (2, chrome)	Run Cypress	2025-02-04T14:11:52.8739932Z 
Admin UI E2E (2, chrome)	Run Cypress	2025-02-04T14:11:52.8814659Z [90m  â”Œ[39m[90mâ”€[39m[90mâ”€[39m[90mâ”€[39m[90mâ”€[39m[90mâ”€[39m[90mâ”€[39m[90mâ”€[39m[90mâ”€[39m[90mâ”€[39m[90mâ”€[39m[90mâ”€[39m[90mâ”€[39m[90mâ”€[39m[90mâ”€[39m[90mâ”€[39m[90mâ”€[39m[90mâ”€[39m[90mâ”€[39m[90mâ”€[39m[90mâ”€[39m[90mâ”€[39m[90mâ”€[39m[90mâ”€[39m[90mâ”€[39m[90mâ”€[39m[90mâ”€[39m[90mâ”€[39m[90mâ”€[39m[90mâ”€[39m[90mâ”€[39m[90mâ”€[39m[90mâ”€[39m[90mâ”€[39m[90mâ”€[39m[90mâ”€[39m[90mâ”€[39m[90mâ”€[39m[90mâ”€[39m[90mâ”€[39m[90mâ”€[39m[90mâ”€[39m[90mâ”€[39m[90mâ”€[39m[90mâ”€[39m[90mâ”€[39m[90mâ”€[39m[90mâ”€[39m[90mâ”€[39m[90mâ”€[39m[90mâ”€[39m[90mâ”€[39m[90mâ”€[39m[90mâ”€[39m[90mâ”€[39m[90mâ”€[39m[90mâ”€[39m[90mâ”€[39m[90mâ”€[39m[90mâ”€[39m[90mâ”€[39m[90mâ”€[39m[90mâ”€[39m[90mâ”€[39m[90mâ”€[39m[90mâ”€[39m[90mâ”€[39m[90mâ”€[39m[90mâ”€[39m[90mâ”€[39m[90mâ”€[39m[90mâ”€[39m[90mâ”€[39m[90mâ”€[39m[90mâ”€[39m[90mâ”€[39m[90mâ”€[39m[90mâ”€[39m[90mâ”€[39m[90mâ”€[39m[90mâ”€[39m[90mâ”€[39m[90mâ”€[39m[90mâ”€[39m[90mâ”€[39m[90mâ”€[39m[90mâ”€[39m[90mâ”€[39m[90mâ”€[39m[90mâ”€[39m[90mâ”€[39m[90mâ”€[39m[90mâ”€[39m[90mâ”€[39m[90mâ”€[39m[90mâ”€[39m[90mâ”€[39m[90mâ”[39m
Admin UI E2E (2, chrome)	Run Cypress	2025-02-04T14:11:52.8819572Z [90m  â”‚[39m [90mCypress:[39m        14.0.1                                                                         [90mâ”‚[39m
Admin UI E2E (2, chrome)	Run Cypress	2025-02-04T14:11:52.8821011Z [90m  â”‚[39m [90mBrowser:[39m        Chrome 132 [90m(headless)[39m                                                          [90mâ”‚[39m
Admin UI E2E (2, chrome)	Run Cypress	2025-02-04T14:11:52.8822755Z [90m  â”‚[39m [90mNode Version:[39m   [0mv20.18.0 [90m(/home/runner/runners/2.322.0/externals/node20/bin/node)[39m[0m              [90mâ”‚[39m
Admin UI E2E (2, chrome)	Run Cypress	2025-02-04T14:11:52.8824590Z [90m  â”‚[39m [90mSpecs:[39m          [0m8 found (i18n_test.spec.ts, clients_test.spec.ts, users_attribute_search_test.[0m [90mâ”‚[39m
Admin UI E2E (2, chrome)	Run Cypress	2025-02-04T14:11:52.8826286Z [90m  â”‚[39m                 [0mspec.ts, identity_providers_test.spec.ts, authentication_policies.spec.ts, cli[0m [90mâ”‚[39m
Admin UI E2E (2, chrome)	Run Cypress	2025-02-04T14:11:52.8828161Z [90m  â”‚[39m                 [0ment_authorization_test.spec.ts, client_initial_access.spec.ts, user_fed_ldap_h[0m [90mâ”‚[39m
Admin UI E2E (2, chrome)	Run Cypress	2025-02-04T14:11:52.8829037Z [90m  â”‚[39m                 [0mardcoded_mapper_test.s...)[0m                                                     [90mâ”‚[39m
Admin UI E2E (2, chrome)	Run Cypress	2025-02-04T14:11:52.8829895Z [90m  â”‚[39m [90mSearched:[39m       [0mcypress/e2e/i18n_test.spec.ts, cypress/e2e/clients_test.spec.ts, cypress/e2e/u[0m [90mâ”‚[39m
Admin UI E2E (2, chrome)	Run Cypress	2025-02-04T14:11:52.8830803Z [90m  â”‚[39m                 [0msers_attribute_search_test.spec.ts, cypress/e2e/identity_providers_test.spec.t[0m [90mâ”‚[39m
Admin UI E2E (2, chrome)	Run Cypress	2025-02-04T14:11:52.8831652Z [90m  â”‚[39m                 [0ms, cypress/e2e/authentication_policies.spec.ts, cypress/e2e/client_authorizati[0m [90mâ”‚[39m
Admin UI E2E (2, chrome)	Run Cypress	2025-02-04T14:11:52.8832493Z [90m  â”‚[39m                 [0mon_test.spec.ts, cypress/e2e/client_initial_access.spec.ts, cypress/e2e/user_f[0m [90mâ”‚[39m
Admin UI E2E (2, chrome)	Run Cypress	2025-02-04T14:11:52.8833255Z [90m  â”‚[39m                 [0med_ldap_hardcoded_mapper_test.spec.ts[0m                                          [90mâ”‚[39m
Admin UI E2E (2, chrome)	Run Cypress	2025-02-04T14:11:52.8834051Z [90m  â”‚[39m [90mExperiments:[39m    experimentalMemoryManagement=true                                              [90mâ”‚[39m
Admin UI E2E (2, chrome)	Run Cypress	2025-02-04T14:11:52.8838317Z [90m  â””[39m[90mâ”€[39m[90mâ”€[39m[90mâ”€[39m[90mâ”€[39m[90mâ”€[39m[90mâ”€[39m[90mâ”€[39m[90mâ”€[39m[90mâ”€[39m[90mâ”€[39m[90mâ”€[39m[90mâ”€[39m[90mâ”€[39m[90mâ”€[39m[90mâ”€[39m[90mâ”€[39m[90mâ”€[39m[90mâ”€[39m[90mâ”€[39m[90mâ”€[39m[90mâ”€[39m[90mâ”€[39m[90mâ”€[39m[90mâ”€[39m[90mâ”€[39m[90mâ”€[39m[90mâ”€[39m[90mâ”€[39m[90mâ”€[39m[90mâ”€[39m[90mâ”€[39m[90mâ”€[39m[90mâ”€[39m[90mâ”€[39m[90mâ”€[39m[90mâ”€[39m[90mâ”€[39m[90mâ”€[39m[90mâ”€[39m[90mâ”€[39m[90mâ”€[39m[90mâ”€[39m[90mâ”€[39m[90mâ”€[39m[90mâ”€[39m[90mâ”€[39m[90mâ”€[39m[90mâ”€[39m[90mâ”€[39m[90mâ”€[39m[90mâ”€[39m[90mâ”€[39m[90mâ”€[39m[90mâ”€[39m[90mâ”€[39m[90mâ”€[39m[90mâ”€[39m[90mâ”€[39m[90mâ”€[39m[90mâ”€[39m[90mâ”€[39m[90mâ”€[39m[90mâ”€[39m[90mâ”€[39m[90mâ”€[39m[90mâ”€[39m[90mâ”€[39m[90mâ”€[39m[90mâ”€[39m[90mâ”€[39m[90mâ”€[39m[90mâ”€[39m[90mâ”€[39m[90mâ”€[39m[90mâ”€[39m[90mâ”€[39m[90mâ”€[39m[90mâ”€[39m[90mâ”€[39m[90mâ”€[39m[90mâ”€[39m[90mâ”€[39m[90mâ”€[39m[90mâ”€[39m[90mâ”€[39m[90mâ”€[39m[90mâ”€[39m[90mâ”€[39m[90mâ”€[39m[90mâ”€[39m[90mâ”€[39m[90mâ”€[39m[90mâ”€[39m[90mâ”€[39m[90mâ”€[39m[90mâ”€[39m[90mâ”˜[39m
Admin UI E2E (2, chrome)	Run Cypress	2025-02-04T14:11:52.8840502Z 
Admin UI E2E (2, chrome)	Run Cypress	2025-02-04T14:11:52.8840517Z 
Admin UI E2E (2, chrome)	Run Cypress	2025-02-04T14:11:52.8843954Z [90mâ”€[39m[90mâ”€[39m[90mâ”€[39m[90mâ”€[39m[90mâ”€[39m[90mâ”€[39m[90mâ”€[39m[90mâ”€[39m[90mâ”€[39m[90mâ”€[39m[90mâ”€[39m[90mâ”€[39m[90mâ”€[39m[90mâ”€[39m[90mâ”€[39m[90mâ”€[39m[90mâ”€[39m[90mâ”€[39m[90mâ”€[39m[90mâ”€[39m[90mâ”€[39m[90mâ”€[39m[90mâ”€[39m[90mâ”€[39m[90mâ”€[39m[90mâ”€[39m[90mâ”€[39m[90mâ”€[39m[90mâ”€[39m[90mâ”€[39m[90mâ”€[39m[90mâ”€[39m[90mâ”€[39m[90mâ”€[39m[90mâ”€[39m[90mâ”€[39m[90mâ”€[39m[90mâ”€[39m[90mâ”€[39m[90mâ”€[39m[90mâ”€[39m[90mâ”€[39m[90mâ”€[39m[90mâ”€[39m[90mâ”€[39m[90mâ”€[39m[90mâ”€[39m[90mâ”€[39m[90mâ”€[39m[90mâ”€[39m[90mâ”€[39m[90mâ”€[39m[90mâ”€[39m[90mâ”€[39m[90mâ”€[39m[90mâ”€[39m[90mâ”€[39m[90mâ”€[39m[90mâ”€[39m[90mâ”€[39m[90mâ”€[39m[90mâ”€[39m[90mâ”€[39m[90mâ”€[39m[90mâ”€[39m[90mâ”€[39m[90mâ”€[39m[90mâ”€[39m[90mâ”€[39m[90mâ”€[39m[90mâ”€[39m[90mâ”€[39m[90mâ”€[39m[90mâ”€[39m[90mâ”€[39m[90mâ”€[39m[90mâ”€[39m[90mâ”€[39m[90mâ”€[39m[90mâ”€[39m[90mâ”€[39m[90mâ”€[39m[90mâ”€[39m[90mâ”€[39m[90mâ”€[39m[90mâ”€[39m[90mâ”€[39m[90mâ”€[39m[90mâ”€[39m[90mâ”€[39m[90mâ”€[39m[90mâ”€[39m[90mâ”€[39m[90mâ”€[39m[90mâ”€[39m[90mâ”€[39m[90mâ”€[39m[90mâ”€[39m[90mâ”€[39m[90mâ”€[39m
Admin UI E2E (2, chrome)	Run Cypress	2025-02-04T14:11:52.8846102Z                                                                                                     
Admin UI E2E (2, chrome)	Run Cypress	2025-02-04T14:11:52.8846678Z   Running:  [90mi18n_test.spec.ts[39m                                                               [90m(1 of 8)[39m
Admin UI E2E (2, chrome)	Run Cypress	2025-02-04T14:11:59.7578550Z 
Admin UI E2E (2, chrome)	Run Cypress	2025-02-04T14:11:59.7587010Z [0m[0m
Admin UI E2E (2, chrome)	Run Cypress	2025-02-04T14:11:59.7589451Z [0m  i18n tests[0m
Admin UI E2E (2, chrome)	Run Cypress	2025-02-04T14:12:08.5689790Z   [32m  âœ“[0m[90m should use THEME localization for fallback (en) when language without theme localization is requested and no realm localization exists[0m[90m (8645ms)[0m
Admin UI E2E (2, chrome)	Run Cypress	2025-02-04T14:12:10.9286915Z   [32m  âœ“[0m[90m should use THEME localization for language when language with theme localization is requested and no realm localization exists[0m[90m (2190ms)[0m
Admin UI E2E (2, chrome)	Run Cypress	2025-02-04T14:12:13.3878531Z   [32m  âœ“[0m[90m should use REALM localization for fallback (en) when language without theme localization is requested and realm localization exists for fallback (en)[0m[90m (2279ms)[0m
Admin UI E2E (2, chrome)	Run Cypress	2025-02-04T14:12:15.7830731Z   [32m  âœ“[0m[90m should use THEME localization for language when language with theme localization is requested and realm localization exists for fallback (en) only[0m[90m (2168ms)[0m
Admin UI E2E (2, chrome)	Run Cypress	2025-02-04T14:12:17.8324700Z   [32m  âœ“[0m[90m should use REALM localization for language when language is requested and realm localization exists for language[0m[90m (1852ms)[0m
Admin UI E2E (2, chrome)	Run Cypress	2025-02-04T14:12:17.8537484Z   [36m  - should use REALM localization for region when region is requested and realm localization exists for region[0m
Admin UI E2E (2, chrome)	Run Cypress	2025-02-04T14:12:21.3535526Z   [32m  âœ“[0m[90m should use REALM localization for language when language is requested and realm localization exists for fallback (en), language, region[0m[90m (3245ms)[0m
Admin UI E2E (2, chrome)	Run Cypress	2025-02-04T14:12:24.2135017Z   [32m  âœ“[0m[90m should use REALM localization for language when region is requested and realm localization exists for fallback (en), language[0m[90m (2641ms)[0m
Admin UI E2E (2, chrome)	Run Cypress	2025-02-04T14:12:26.5100604Z   [32m  âœ“[0m[90m should apply plurals and interpolation for THEME localization[0m[90m (2092ms)[0m
Admin UI E2E (2, chrome)	Run Cypress	2025-02-04T14:12:29.4876492Z   [32m  âœ“[0m[90m should apply plurals and interpolation for REALM localization[0m[90m (2298ms)[0m
Admin UI E2E (2, chrome)	Run Cypress	2025-02-04T14:12:29.4877353Z 
Admin UI E2E (2, chrome)	Run Cypress	2025-02-04T14:12:29.5095254Z 
Admin UI E2E (2, chrome)	Run Cypress	2025-02-04T14:12:29.5096986Z [92m [0m[32m 9 passing[0m[90m (30s)[0m
Admin UI E2E (2, chrome)	Run Cypress	2025-02-04T14:12:29.5099854Z [36m [0m[36m 1 pending[0m
Admin UI E2E (2, chrome)	Run Cypress	2025-02-04T14:12:29.5100291Z 
Admin UI E2E (2, chrome)	Run Cypress	2025-02-04T14:12:30.5599827Z 
Admin UI E2E (2, chrome)	Run Cypress	2025-02-04T14:12:30.5601351Z [32m  ([4m[1mResults[22m[24m)[39m
Admin UI E2E (2, chrome)	Run Cypress	2025-02-04T14:12:30.5618955Z 
Admin UI E2E (2, chrome)	Run Cypress	2025-02-04T14:12:30.5635926Z [90m  â”Œ[39m[90mâ”€[39m[90mâ”€[39m[90mâ”€[39m[90mâ”€[39m[90mâ”€[39m[90mâ”€[39m[90mâ”€[39m[90mâ”€[39m[90mâ”€[39m[90mâ”€[39m[90mâ”€[39m[90mâ”€[39m[90mâ”€[39m[90mâ”€[39m[90mâ”€[39m[90mâ”€[39m[90mâ”€[39m[90mâ”€[39m[90mâ”€[39m[90mâ”€[39m[90mâ”€[39m[90mâ”€[39m[90mâ”€[39m[90mâ”€[39m[90mâ”€[39m[90mâ”€[39m[90mâ”€[39m[90mâ”€[39m[90mâ”€[39m[90mâ”€[39m[90mâ”€[39m[90mâ”€[39m[90mâ”€[39m[90mâ”€[39m[90mâ”€[39m[90mâ”€[39m[90mâ”€[39m[90mâ”€[39m[90mâ”€[39m[90mâ”€[39m[90mâ”€[39m[90mâ”€[39m[90mâ”€[39m[90mâ”€[39m[90mâ”€[39m[90mâ”€[39m[90mâ”€[39m[90mâ”€[39m[90mâ”€[39m[90mâ”€[39m[90mâ”€[39m[90mâ”€[39m[90mâ”€[39m[90mâ”€[39m[90mâ”€[39m[90mâ”€[39m[90mâ”€[39m[90mâ”€[39m[90mâ”€[39m[90mâ”€[39m[90mâ”€[39m[90mâ”€[39m[90mâ”€[39m[90mâ”€[39m[90mâ”€[39m[90mâ”€[39m[90mâ”€[39m[90mâ”€[39m[90mâ”€[39m[90mâ”€[39m[90mâ”€[39m[90mâ”€[39m[90mâ”€[39m[90mâ”€[39m[90mâ”€[39m[90mâ”€[39m[90mâ”€[39m[90mâ”€[39m[90mâ”€[39m[90mâ”€[39m[90mâ”€[39m[90mâ”€[39m[90mâ”€[39m[90mâ”€[39m[90mâ”€[39m[90mâ”€[39m[90mâ”€[39m[90mâ”€[39m[90mâ”€[39m[90mâ”€[39m[90mâ”€[39m[90mâ”€[39m[90mâ”€[39m[90mâ”€[39m[90mâ”€[39m[90mâ”€[39m[90mâ”[39m
Admin UI E2E (2, chrome)	Run Cypress	2025-02-04T14:12:30.5640232Z [90m  â”‚[39m [90mTests:[39m        [32m10[39m                                                                               [90mâ”‚[39m
Admin UI E2E (2, chrome)	Run Cypress	2025-02-04T14:12:30.5641426Z [90m  â”‚[39m [90mPassing:[39m      [32m9[39m                                                                                [90mâ”‚[39m
Admin UI E2E (2, chrome)	Run Cypress	2025-02-04T14:12:30.5642526Z [90m  â”‚[39m [90mFailing:[39m      [32m0[39m                                                                                [90mâ”‚[39m
Admin UI E2E (2, chrome)	Run Cypress	2025-02-04T14:12:30.5643621Z [90m  â”‚[39m [90mPending:[39m      [32m1[39m                                                                                [90mâ”‚[39m
Admin UI E2E (2, chrome)	Run Cypress	2025-02-04T14:12:30.5644732Z [90m  â”‚[39m [90mSkipped:[39m      [32m0[39m                                                                                [90mâ”‚[39m
Admin UI E2E (2, chrome)	Run Cypress	2025-02-04T14:12:30.5645866Z [90m  â”‚[39m [90mScreenshots:[39m  [32m0[39m                                                                                [90mâ”‚[39m
Admin UI E2E (2, chrome)	Run Cypress	2025-02-04T14:12:30.5647208Z [90m  â”‚[39m [90mVideo:[39m        [32mfalse[39m                                                                            [90mâ”‚[39m
Admin UI E2E (2, chrome)	Run Cypress	2025-02-04T14:12:30.5648501Z [90m  â”‚[39m [90mDuration:[39m     [32m29 seconds[39m                                                                       [90mâ”‚[39m
Admin UI E2E (2, chrome)	Run Cypress	2025-02-04T14:12:30.5649816Z [90m  â”‚[39m [90mSpec Ran:[39m     [32m[32mi18n_test.spec.ts[32m[39m                                                                [90mâ”‚[39m
Admin UI E2E (2, chrome)	Run Cypress	2025-02-04T14:12:30.5656158Z [90m  â””[39m[90mâ”€[39m[90mâ”€[39m[90mâ”€[39m[90mâ”€[39m[90mâ”€[39m[90mâ”€[39m[90mâ”€[39m[90mâ”€[39m[90mâ”€[39m[90mâ”€[39m[90mâ”€[39m[90mâ”€[39m[90mâ”€[39m[90mâ”€[39m[90mâ”€[39m[90mâ”€[39m[90mâ”€[39m[90mâ”€[39m[90mâ”€[39m[90mâ”€[39m[90mâ”€[39m[90mâ”€[39m[90mâ”€[39m[90mâ”€[39m[90mâ”€[39m[90mâ”€[39m[90mâ”€[39m[90mâ”€[39m[90mâ”€[39m[90mâ”€[39m[90mâ”€[39m[90mâ”€[39m[90mâ”€[39m[90mâ”€[39m[90mâ”€[39m[90mâ”€[39m[90mâ”€[39m[90mâ”€[39m[90mâ”€[39m[90mâ”€[39m[90mâ”€[39m[90mâ”€[39m[90mâ”€[39m[90mâ”€[39m[90mâ”€[39m[90mâ”€[39m[90mâ”€[39m[90mâ”€[39m[90mâ”€[39m[90mâ”€[39m[90mâ”€[39m[90mâ”€[39m[90mâ”€[39m[90mâ”€[39m[90mâ”€[39m[90mâ”€[39m[90mâ”€[39m[90mâ”€[39m[90mâ”€[39m[90mâ”€[39m[90mâ”€[39m[90mâ”€[39m[90mâ”€[39m[90mâ”€[39m[90mâ”€[39m[90mâ”€[39m[90mâ”€[39m[90mâ”€[39m[90mâ”€[39m[90mâ”€[39m[90mâ”€[39m[90mâ”€[39m[90mâ”€[39m[90mâ”€[39m[90mâ”€[39m[90mâ”€[39m[90mâ”€[39m[90mâ”€[39m[90mâ”€[39m[90mâ”€[39m[90mâ”€[39m[90mâ”€[39m[90mâ”€[39m[90mâ”€[39m[90mâ”€[39m[90mâ”€[39m[90mâ”€[39m[90mâ”€[39m[90mâ”€[39m[90mâ”€[39m[90mâ”€[39m[90mâ”€[39m[90mâ”€[39m[90mâ”€[39m[90mâ”€[39m[90mâ”€[39m[90mâ”˜[39m
Admin UI E2E (2, chrome)	Run Cypress	2025-02-04T14:12:30.5660137Z 
Admin UI E2E (2, chrome)	Run Cypress	2025-02-04T14:12:30.5971302Z 
Admin UI E2E (2, chrome)	Run Cypress	2025-02-04T14:12:30.5984194Z [90mâ”€[39m[90mâ”€[39m[90mâ”€[39m[90mâ”€[39m[90mâ”€[39m[90mâ”€[39m[90mâ”€[39m[90mâ”€[39m[90mâ”€[39m[90mâ”€[39m[90mâ”€[39m[90mâ”€[39m[90mâ”€[39m[90mâ”€[39m[90mâ”€[39m[90mâ”€[39m[90mâ”€[39m[90mâ”€[39m[90mâ”€[39m[90mâ”€[39m[90mâ”€[39m[90mâ”€[39m[90mâ”€[39m[90mâ”€[39m[90mâ”€[39m[90mâ”€[39m[90mâ”€[39m[90mâ”€[39m[90mâ”€[39m[90mâ”€[39m[90mâ”€[39m[90mâ”€[39m[90mâ”€[39m[90mâ”€[39m[90mâ”€[39m[90mâ”€[39m[90mâ”€[39m[90mâ”€[39m[90mâ”€[39m[90mâ”€[39m[90mâ”€[39m[90mâ”€[39m[90mâ”€[39m[90mâ”€[39m[90mâ”€[39m[90mâ”€[39m[90mâ”€[39m[90mâ”€[39m[90mâ”€[39m[90mâ”€[39m[90mâ”€[39m[90mâ”€[39m[90mâ”€[39m[90mâ”€[39m[90mâ”€[39m[90mâ”€[39m[90mâ”€[39m[90mâ”€[39m[90mâ”€[39m[90mâ”€[39m[90mâ”€[39m[90mâ”€[39m[90mâ”€[39m[90mâ”€[39m[90mâ”€[39m[90mâ”€[39m[90mâ”€[39m[90mâ”€[39m[90mâ”€[39m[90mâ”€[39m[90mâ”€[39m[90mâ”€[39m[90mâ”€[39m[90mâ”€[39m[90mâ”€[39m[90mâ”€[39m[90mâ”€[39m[90mâ”€[39m[90mâ”€[39m[90mâ”€[39m[90mâ”€[39m[90mâ”€[39m[90mâ”€[39m[90mâ”€[39m[90mâ”€[39m[90mâ”€[39m[90mâ”€[39m[90mâ”€[39m[90mâ”€[39m[90mâ”€[39m[90mâ”€[39m[90mâ”€[39m[90mâ”€[39m[90mâ”€[39m[90mâ”€[39m[90mâ”€[39m[90mâ”€[39m[90mâ”€[39m[90mâ”€[39m[90mâ”€[39m
Admin UI E2E (2, chrome)	Run Cypress	2025-02-04T14:12:30.5988383Z                                                                                                     
Admin UI E2E (2, chrome)	Run Cypress	2025-02-04T14:12:30.5989422Z   Running:  [90mclients_test.spec.ts[39m                                                            [90m(2 of 8)[39m
Admin UI E2E (2, chrome)	Run Cypress	2025-02-04T14:12:34.7965772Z 
Admin UI E2E (2, chrome)	Run Cypress	2025-02-04T14:12:34.7970476Z [0m[0m
Admin UI E2E (2, chrome)	Run Cypress	2025-02-04T14:12:34.7986589Z [0m  Clients test[0m
Admin UI E2E (2, chrome)	Run Cypress	2025-02-04T14:12:36.3309517Z [0m    Client creation[0m
Admin UI E2E (2, chrome)	Run Cypress	2025-02-04T14:12:41.6015270Z     [32m  âœ“[0m[90m Should cancel creating client[0m[90m (6746ms)[0m
Admin UI E2E (2, chrome)	Run Cypress	2025-02-04T14:12:48.6485362Z     [32m  âœ“[0m[90m Should check settings elements[0m[90m (6940ms)[0m
Admin UI E2E (2, chrome)	Run Cypress	2025-02-04T14:12:51.7246494Z     [32m  âœ“[0m[90m Should navigate to previous using 'back' button[0m[90m (2991ms)[0m
Admin UI E2E (2, chrome)	Run Cypress	2025-02-04T14:12:55.0843502Z     [32m  âœ“[0m[90m Should fail creating client[0m[90m (3308ms)[0m
Admin UI E2E (2, chrome)	Run Cypress	2025-02-04T14:13:03.4235815Z     [32m  âœ“[0m[90m Client CRUD test[0m[90m (8217ms)[0m
Admin UI E2E (2, chrome)	Run Cypress	2025-02-04T14:13:06.0527735Z     [32m  âœ“[0m[90m Should fail to create imported client with empty ID[0m[90m (2568ms)[0m
Admin UI E2E (2, chrome)	Run Cypress	2025-02-04T14:13:10.9978373Z     [32m  âœ“[0m[90m Should fail to create client with same ID[0m[90m (4892ms)[0m
Admin UI E2E (2, chrome)	Run Cypress	2025-02-04T14:13:13.0969872Z     [32m  âœ“[0m[90m should delete 'identical' client id[0m[90m (2039ms)[0m
Admin UI E2E (2, chrome)	Run Cypress	2025-02-04T14:13:13.1228897Z [0m    Service account tab test[0m
Admin UI E2E (2, chrome)	Run Cypress	2025-02-04T14:13:18.9850066Z     [32m  âœ“[0m[90m List[0m[90m (5754ms)[0m
Admin UI E2E (2, chrome)	Run Cypress	2025-02-04T14:13:56.6106286Z       [33m(Attempt 1 of 4)[0m Assign
Admin UI E2E (2, chrome)	Run Cypress	2025-02-04T14:14:38.1958405Z       [33m(Attempt 2 of 4)[0m Assign
Admin UI E2E (2, chrome)	Run Cypress	2025-02-04T14:15:23.4278284Z       [33m(Attempt 3 of 4)[0m Assign
Admin UI E2E (2, chrome)	Run Cypress	2025-02-04T14:16:11.9591497Z     [31m  1) Assign[0m
Admin UI E2E (2, chrome)	Run Cypress	2025-02-04T14:16:12.7922303Z [0m    Mapping tab[0m
Admin UI E2E (2, chrome)	Run Cypress	2025-02-04T14:16:19.8172729Z     [32m  âœ“[0m[90m Add mapping to openid client[0m[90m (6730ms)[0m
Admin UI E2E (2, chrome)	Run Cypress	2025-02-04T14:16:19.8615617Z [0m    Keys tab test[0m
Admin UI E2E (2, chrome)	Run Cypress	2025-02-04T14:16:26.4063932Z     [32m  âœ“[0m[90m Generate new keys[0m[90m (6215ms)[0m
Admin UI E2E (2, chrome)	Run Cypress	2025-02-04T14:16:26.4418176Z [0m    Realm client[0m
Admin UI E2E (2, chrome)	Run Cypress	2025-02-04T14:16:30.8338846Z     [32m  âœ“[0m[90m Displays the correct tabs[0m[90m (4160ms)[0m
Admin UI E2E (2, chrome)	Run Cypress	2025-02-04T14:16:34.9333752Z     [32m  âœ“[0m[90m Hides the delete action[0m[90m (3987ms)[0m
Admin UI E2E (2, chrome)	Run Cypress	2025-02-04T14:16:34.9488177Z [0m    ***
Admin UI E2E (2, chrome)	Run Cypress	2025-02-04T14:16:39.2156196Z     [32m  âœ“[0m[90m Shows an explainer text for bearer only clients[0m[90m (4162ms)[0m
Admin UI E2E (2, chrome)	Run Cypress	2025-02-04T14:16:43.4950670Z     [32m  âœ“[0m[90m Hides the capability config section[0m[90m (3858ms)[0m
Admin UI E2E (2, chrome)	Run Cypress	2025-02-04T14:16:43.4951926Z [0m    Generated home URLs for built-in clients[0m
Admin UI E2E (2, chrome)	Run Cypress	2025-02-04T14:16:45.2974675Z     [32m  âœ“[0m[90m Check account-console Home URL[0m[90m (1755ms)[0m
Admin UI E2E (2, chrome)	Run Cypress	2025-02-04T14:16:47.6457987Z     [32m  âœ“[0m[90m Check security-admin-console Home URL[0m[90m (2191ms)[0m
Admin UI E2E (2, chrome)	Run Cypress	2025-02-04T14:16:47.6639867Z [0m    Accessibility tests for clients[0m
Admin UI E2E (2, chrome)	Run Cypress	2025-02-04T14:16:50.4039442Z     [32m  âœ“[0m[90m Check a11y violations on load/ clients list tab[0m[90m (2681ms)[0m
Admin UI E2E (2, chrome)	Run Cypress	2025-02-04T14:16:54.7574339Z     [32m  âœ“[0m[90m Check a11y violations on create client page[0m[90m (4264ms)[0m
Admin UI E2E (2, chrome)	Run Cypress	2025-02-04T14:17:02.2132882Z     [32m  âœ“[0m[90m Check a11y violations on client details page[0m[90m (7411ms)[0m
Admin UI E2E (2, chrome)	Run Cypress	2025-02-04T14:17:05.1675666Z     [32m  âœ“[0m[90m Check a11y violations in delete dialog[0m[90m (2894ms)[0m
Admin UI E2E (2, chrome)	Run Cypress	2025-02-04T14:17:07.2842126Z     [32m  âœ“[0m[90m Check a11y violations on client registration/ anonymous access policies tab[0m[90m (2097ms)[0m
Admin UI E2E (2, chrome)	Run Cypress	2025-02-04T14:17:10.9492496Z     [32m  âœ“[0m[90m Check a11y violations on client registration/ authenticated access policies tab[0m[90m (2921ms)[0m
Admin UI E2E (2, chrome)	Run Cypress	2025-02-04T14:17:10.9499732Z 
Admin UI E2E (2, chrome)	Run Cypress	2025-02-04T14:17:10.9873271Z 
Admin UI E2E (2, chrome)	Run Cypress	2025-02-04T14:17:10.9876327Z [92m [0m[32m 23 passing[0m[90m (5m)[0m
Admin UI E2E (2, chrome)	Run Cypress	2025-02-04T14:17:10.9876883Z [31m  1 failing[0m
Admin UI E2E (2, chrome)	Run Cypress	2025-02-04T14:17:10.9879809Z 
Admin UI E2E (2, chrome)	Run Cypress	2025-02-04T14:17:10.9881958Z [0m  1) Clients test
Admin UI E2E (2, chrome)	Run Cypress	2025-02-04T14:17:10.9882398Z        Service account tab test
Admin UI E2E (2, chrome)	Run Cypress	2025-02-04T14:17:10.9882807Z          Assign:
Admin UI E2E (2, chrome)	Run Cypress	2025-02-04T14:17:10.9884579Z [0m[31m     AssertionError: Timed out retrying after 30000ms: expected '[ <td.pf-v5-c-table__td.pf-v5-c-table__check>, 39 more... ]' not to contain 'create-realm-d4e4f18b-e41a-44b6-a5f3-2477e2b0a895'[0m[90m
Admin UI E2E (2, chrome)	Run Cypress	2025-02-04T14:17:10.9886221Z       at captureUserInvocationStack (http://localhost:8080/__cypress/runner/cypress_runner.js:138885:94)
Admin UI E2E (2, chrome)	Run Cypress	2025-02-04T14:17:10.9887504Z       at Proxy.<anonymous> (http://localhost:8080/__cypress/runner/cypress_runner.js:138913:9)
Admin UI E2E (2, chrome)	Run Cypress	2025-02-04T14:17:10.9888499Z       at Proxy.<anonymous> (http://localhost:8080/__cypress/runner/cypress_runner.js:138768:14)
Admin UI E2E (2, chrome)	Run Cypress	2025-02-04T14:17:10.9889277Z       at Proxy.overwritingChainableMethodWrapper (http://localhost:8080/__cypress/runner/cypress_runner.js:78338:34)
Admin UI E2E (2, chrome)	Run Cypress	2025-02-04T14:17:10.9890055Z       at Proxy.chainableMethodWrapper (http://localhost:8080/__cypress/runner/cypress_runner.js:78233:49)
Admin UI E2E (2, chrome)	Run Cypress	2025-02-04T14:17:10.9890863Z       at Context.eval (webpack://@keycloak/keycloak-admin-ui/./cypress/support/pages/admin-ui/manage/RoleMappingTab.ts:91:0)
Admin UI E2E (2, chrome)	Run Cypress	2025-02-04T14:17:10.9891759Z       at <unknown> (http://localhost:8080/__cypress/runner/cypress_runner.js:117762:17)
Admin UI E2E (2, chrome)	Run Cypress	2025-02-04T14:17:10.9892677Z       at tryCatcher (http://localhost:8080/__cypress/runner/cypress_runner.js:1777:23)
Admin UI E2E (2, chrome)	Run Cypress	2025-02-04T14:17:10.9893366Z       at Promise.attempt.Promise.try (http://localhost:8080/__cypress/runner/cypress_runner.js:4285:29)
Admin UI E2E (2, chrome)	Run Cypress	2025-02-04T14:17:10.9895042Z       at Context.shouldFnWithCallback (http://localhost:8080/__cypress/runner/cypress_runner.js:117759:66)
Admin UI E2E (2, chrome)	Run Cypress	2025-02-04T14:17:10.9895769Z [0m
Admin UI E2E (2, chrome)	Run Cypress	2025-02-04T14:17:10.9895904Z 
Admin UI E2E (2, chrome)	Run Cypress	2025-02-04T14:17:10.9895913Z 
Admin UI E2E (2, chrome)	Run Cypress	2025-02-04T14:17:12.0338713Z 
Admin UI E2E (2, chrome)	Run Cypress	2025-02-04T14:17:12.0340160Z [31m  ([4m[1mResults[22m[24m)[39m
Admin UI E2E (2, chrome)	Run Cypress	2025-02-04T14:17:12.0357304Z 
Admin UI E2E (2, chrome)	Run Cypress	2025-02-04T14:17:12.0371908Z [90m  â”Œ[39m[90mâ”€[39m[90mâ”€[39m[90mâ”€[39m[90mâ”€[39m[90mâ”€[39m[90mâ”€[39m[90mâ”€[39m[90mâ”€[39m[90mâ”€[39m[90mâ”€[39m[90mâ”€[39m[90mâ”€[39m[90mâ”€[39m[90mâ”€[39m[90mâ”€[39m[90mâ”€[39m[90mâ”€[39m[90mâ”€[39m[90mâ”€[39m[90mâ”€[39m[90mâ”€[39m[90mâ”€[39m[90mâ”€[39m[90mâ”€[39m[90mâ”€[39m[90mâ”€[39m[90mâ”€[39m[90mâ”€[39m[90mâ”€[39m[90mâ”€[39m[90mâ”€[39m[90mâ”€[39m[90mâ”€[39m[90mâ”€[39m[90mâ”€[39m[90mâ”€[39m[90mâ”€[39m[90mâ”€[39m[90mâ”€[39m[90mâ”€[39m[90mâ”€[39m[90mâ”€[39m[90mâ”€[39m[90mâ”€[39m[90mâ”€[39m[90mâ”€[39m[90mâ”€[39m[90mâ”€[39m[90mâ”€[39m[90mâ”€[39m[90mâ”€[39m[90mâ”€[39m[90mâ”€[39m[90mâ”€[39m[90mâ”€[39m[90mâ”€[39m[90mâ”€[39m[90mâ”€[39m[90mâ”€[39m[90mâ”€[39m[90mâ”€[39m[90mâ”€[39m[90mâ”€[39m[90mâ”€[39m[90mâ”€[39m[90mâ”€[39m[90mâ”€[39m[90mâ”€[39m[90mâ”€[39m[90mâ”€[39m[90mâ”€[39m[90mâ”€[39m[90mâ”€[39m[90mâ”€[39m[90mâ”€[39m[90mâ”€[39m[90mâ”€[39m[90mâ”€[39m[90mâ”€[39m[90mâ”€[39m[90mâ”€[39m[90mâ”€[39m[90mâ”€[39m[90mâ”€[39m[90mâ”€[39m[90mâ”€[39m[90mâ”€[39m[90mâ”€[39m[90mâ”€[39m[90mâ”€[39m[90mâ”€[39m[90mâ”€[39m[90mâ”€[39m[90mâ”€[39m[90mâ”€[39m[90mâ”€[39m[90mâ”[39m
Admin UI E2E (2, chrome)	Run Cypress	2025-02-04T14:17:12.0377482Z [90m  â”‚[39m [90mTests:[39m        [31m24[39m                                                                               [90mâ”‚[39m
Admin UI E2E (2, chrome)	Run Cypress	2025-02-04T14:17:12.0378877Z [90m  â”‚[39m [90mPassing:[39m      [31m23[39m                                                                               [90mâ”‚[39m
Admin UI E2E (2, chrome)	Run Cypress	2025-02-04T14:17:12.0380164Z [90m  â”‚[39m [90mFailing:[39m      [31m1[39m                                                                                [90mâ”‚[39m
Admin UI E2E (2, chrome)	Run Cypress	2025-02-04T14:17:12.0381405Z [90m  â”‚[39m [90mPending:[39m      [31m0[39m                                                                                [90mâ”‚[39m
Admin UI E2E (2, chrome)	Run Cypress	2025-02-04T14:17:12.0382672Z [90m  â”‚[39m [90mSkipped:[39m      [31m0[39m                                                                                [90mâ”‚[39m
Admin UI E2E (2, chrome)	Run Cypress	2025-02-04T14:17:12.0383558Z [90m  â”‚[39m [90mScreenshots:[39m  [31m4[39m                                                                                [90mâ”‚[39m
Admin UI E2E (2, chrome)	Run Cypress	2025-02-04T14:17:12.0384363Z [90m  â”‚[39m [90mVideo:[39m        [31mtrue[39m                                                                             [90mâ”‚[39m
Admin UI E2E (2, chrome)	Run Cypress	2025-02-04T14:17:12.0385354Z [90m  â”‚[39m [90mDuration:[39m     [31m4 minutes, 36 seconds[39m                                                            [90mâ”‚[39m
Admin UI E2E (2, chrome)	Run Cypress	2025-02-04T14:17:12.0386389Z [90m  â”‚[39m [90mSpec Ran:[39m     [31m[31mclients_test.spec.ts[31m[39m                                                             [90mâ”‚[39m
Admin UI E2E (2, chrome)	Run Cypress	2025-02-04T14:17:12.0391135Z [90m  â””[39m[90mâ”€[39m[90mâ”€[39m[90mâ”€[39m[90mâ”€[39m[90mâ”€[39m[90mâ”€[39m[90mâ”€[39m[90mâ”€[39m[90mâ”€[39m[90mâ”€[39m[90mâ”€[39m[90mâ”€[39m[90mâ”€[39m[90mâ”€[39m[90mâ”€[39m[90mâ”€[39m[90mâ”€[39m[90mâ”€[39m[90mâ”€[39m[90mâ”€[39m[90mâ”€[39m[90mâ”€[39m[90mâ”€[39m[90mâ”€[39m[90mâ”€[39m[90mâ”€[39m[90mâ”€[39m[90mâ”€[39m[90mâ”€[39m[90mâ”€[39m[90mâ”€[39m[90mâ”€[39m[90mâ”€[39m[90mâ”€[39m[90mâ”€[39m[90mâ”€[39m[90mâ”€[39m[90mâ”€[39m[90mâ”€[39m[90mâ”€[39m[90mâ”€[39m[90mâ”€[39m[90mâ”€[39m[90mâ”€[39m[90mâ”€[39m[90mâ”€[39m[90mâ”€[39m[90mâ”€[39m[90mâ”€[39m[90mâ”€[39m[90mâ”€[39m[90mâ”€[39m[90mâ”€[39m[90mâ”€[39m[90mâ”€[39m[90mâ”€[39m[90mâ”€[39m[90mâ”€[39m[90mâ”€[39m[90mâ”€[39m[90mâ”€[39m[90mâ”€[39m[90mâ”€[39m[90mâ”€[39m[90mâ”€[39m[90mâ”€[39m[90mâ”€[39m[90mâ”€[39m[90mâ”€[39m[90mâ”€[39m[90mâ”€[39m[90mâ”€[39m[90mâ”€[39m[90mâ”€[39m[90mâ”€[39m[90mâ”€[39m[90mâ”€[39m[90mâ”€[39m[90mâ”€[39m[90mâ”€[39m[90mâ”€[39m[90mâ”€[39m[90mâ”€[39m[90mâ”€[39m[90mâ”€[39m[90mâ”€[39m[90mâ”€[39m[90mâ”€[39m[90mâ”€[39m[90mâ”€[39m[90mâ”€[39m[90mâ”€[39m[90mâ”€[39m[90mâ”€[39m[90mâ”€[39m[90mâ”€[39m[90mâ”˜[39m
Admin UI E2E (2, chrome)	Run Cypress	2025-02-04T14:17:12.0393387Z 
Admin UI E2E (2, chrome)	Run Cypress	2025-02-04T14:17:12.0393397Z 
Admin UI E2E (2, chrome)	Run Cypress	2025-02-04T14:17:12.0393644Z [33m  ([4m[1mScreenshots[22m[24m)[39m
Admin UI E2E (2, chrome)	Run Cypress	2025-02-04T14:17:12.0393839Z 
Admin UI E2E (2, chrome)	Run Cypress	2025-02-04T14:17:12.0394782Z [90m [39m -  [0m/home/runner/work/keycloak/keycloak/js/apps/admin-ui/cypress/screenshots/clients[0m     [90m[90m(1280x633)[90m[39m
Admin UI E2E (2, chrome)	Run Cypress	2025-02-04T14:17:12.0396339Z [90m [39m    [0m_test.spec.ts/Clients test -- Service account tab test -- Assign (failed).png[0m                  
Admin UI E2E (2, chrome)	Run Cypress	2025-02-04T14:17:12.0397715Z [90m [39m -  [0m/home/runner/work/keycloak/keycloak/js/apps/admin-ui/cypress/screenshots/clients[0m     [90m[90m(1280x633)[90m[39m
Admin UI E2E (2, chrome)	Run Cypress	2025-02-04T14:17:12.0399151Z [90m [39m    [0m_test.spec.ts/Clients test -- Service account tab test -- Assign (failed) (attem[0m               
Admin UI E2E (2, chrome)	Run Cypress	2025-02-04T14:17:12.0399962Z [90m [39m    [0mpt 2).png[0m                                                                                      
Admin UI E2E (2, chrome)	Run Cypress	2025-02-04T14:17:12.0400914Z [90m [39m -  [0m/home/runner/work/keycloak/keycloak/js/apps/admin-ui/cypress/screenshots/clients[0m     [90m[90m(1280x633)[90m[39m
Admin UI E2E (2, chrome)	Run Cypress	2025-02-04T14:17:12.0401922Z [90m [39m    [0m_test.spec.ts/Clients test -- Service account tab test -- Assign (failed) (attem[0m               
Admin UI E2E (2, chrome)	Run Cypress	2025-02-04T14:17:12.0403058Z [90m [39m    [0mpt 3).png[0m                                                                                      
Admin UI E2E (2, chrome)	Run Cypress	2025-02-04T14:17:12.0404184Z [90m [39m -  [0m/home/runner/work/keycloak/keycloak/js/apps/admin-ui/cypress/screenshots/clients[0m     [90m[90m(1280x633)[90m[39m
Admin UI E2E (2, chrome)	Run Cypress	2025-02-04T14:17:12.0405442Z [90m [39m    [0m_test.spec.ts/Clients test -- Service account tab test -- Assign (failed) (attem[0m               
Admin UI E2E (2, chrome)	Run Cypress	2025-02-04T14:17:12.0406116Z [90m [39m    [0mpt 4).png[0m                                                                                      
Admin UI E2E (2, chrome)	Run Cypress	2025-02-04T14:17:12.0406342Z 
Admin UI E2E (2, chrome)	Run Cypress	2025-02-04T14:17:12.0768694Z 
Admin UI E2E (2, chrome)	Run Cypress	2025-02-04T14:17:12.0769921Z [36m  ([4m[1mVideo[22m[24m)[39m
Admin UI E2E (2, chrome)	Run Cypress	2025-02-04T14:17:12.0771095Z 
Admin UI E2E (2, chrome)	Run Cypress	2025-02-04T14:17:12.0772011Z   -  Video output: [36m/home/runner/work/keycloak/keycloak/js/apps/admin-ui/cypress/videos/clients_test.spec.ts.mp4[39m
Admin UI E2E (2, chrome)	Run Cypress	2025-02-04T14:17:12.0772749Z 
Admin UI E2E (2, chrome)	Run Cypress	2025-02-04T14:17:12.0831134Z 
Admin UI E2E (2, chrome)	Run Cypress	2025-02-04T14:17:12.0842974Z [90mâ”€[39m[90mâ”€[39m[90mâ”€[39m[90mâ”€[39m[90mâ”€[39m[90mâ”€[39m[90mâ”€[39m[90mâ”€[39m[90mâ”€[39m[90mâ”€[39m[90mâ”€[39m[90mâ”€[39m[90mâ”€[39m[90mâ”€[39m[90mâ”€[39m[90mâ”€[39m[90mâ”€[39m[90mâ”€[39m[90mâ”€[39m[90mâ”€[39m[90mâ”€[39m[90mâ”€[39m[90mâ”€[39m[90mâ”€[39m[90mâ”€[39m[90mâ”€[39m[90mâ”€[39m[90mâ”€[39m[90mâ”€[39m[90mâ”€[39m[90mâ”€[39m[90mâ”€[39m[90mâ”€[39m[90mâ”€[39m[90mâ”€[39m[90mâ”€[39m[90mâ”€[39m[90mâ”€[39m[90mâ”€[39m[90mâ”€[39m[90mâ”€[39m[90mâ”€[39m[90mâ”€[39m[90mâ”€[39m[90mâ”€[39m[90mâ”€[39m[90mâ”€[39m[90mâ”€[39m[90mâ”€[39m[90mâ”€[39m[90mâ”€[39m[90mâ”€[39m[90mâ”€[39m[90mâ”€[39m[90mâ”€[39m[90mâ”€[39m[90mâ”€[39m[90mâ”€[39m[90mâ”€[39m[90mâ”€[39m[90mâ”€[39m[90mâ”€[39m[90mâ”€[39m[90mâ”€[39m[90mâ”€[39m[90mâ”€[39m[90mâ”€[39m[90mâ”€[39m[90mâ”€[39m[90mâ”€[39m[90mâ”€[39m[90mâ”€[39m[90mâ”€[39m[90mâ”€[39m[90mâ”€[39m[90mâ”€[39m[90mâ”€[39m[90mâ”€[39m[90mâ”€[39m[90mâ”€[39m[90mâ”€[39m[90mâ”€[39m[90mâ”€[39m[90mâ”€[39m[90mâ”€[39m[90mâ”€[39m[90mâ”€[39m[90mâ”€[39m[90mâ”€[39m[90mâ”€[39m[90mâ”€[39m[90mâ”€[39m[90mâ”€[39m[90mâ”€[39m[90mâ”€[39m[90mâ”€[39m[90mâ”€[39m[90mâ”€[39m[90mâ”€[39m[90mâ”€[39m
Admin UI E2E (2, chrome)	Run Cypress	2025-02-04T14:17:12.0846952Z                                                                                                     
Admin UI E2E (2, chrome)	Run Cypress	2025-02-04T14:17:12.0848323Z   Running:  [90musers_attribute_search_test.spec.ts[39m                                             [90m(3 of 8)[39m
Admin UI E2E (2, chrome)	Run Cypress	2025-02-04T14:17:15.8647692Z 
Admin UI E2E (2, chrome)	Run Cypress	2025-02-04T14:17:15.8649165Z [0m[0m
Admin UI E2E (2, chrome)	Run Cypress	2025-02-04T14:17:15.8685891Z [0m  Query by user attributes[0m
Admin UI E2E (2, chrome)	Run Cypress	2025-02-04T14:17:21.5120774Z   [32m  âœ“[0m[90m Query with one attribute condition[0m[90m (5604ms)[0m
Admin UI E2E (2, chrome)	Run Cypress	2025-02-04T14:17:25.0600314Z   [32m  âœ“[0m[90m Query with two attribute conditions[0m[90m (3161ms)[0m
Admin UI E2E (2, chrome)	Run Cypress	2025-02-04T14:17:25.0604882Z 
Admin UI E2E (2, chrome)	Run Cypress	2025-02-04T14:17:25.0873441Z 
Admin UI E2E (2, chrome)	Run Cypress	2025-02-04T14:17:25.0874472Z [92m [0m[32m 2 passing[0m[90m (9s)[0m
Admin UI E2E (2, chrome)	Run Cypress	2025-02-04T14:17:25.0874848Z 
Admin UI E2E (2, chrome)	Run Cypress	2025-02-04T14:17:26.1224544Z 
Admin UI E2E (2, chrome)	Run Cypress	2025-02-04T14:17:26.1225961Z [32m  ([4m[1mResults[22m[24m)[39m
Admin UI E2E (2, chrome)	Run Cypress	2025-02-04T14:17:26.1230150Z 
Admin UI E2E (2, chrome)	Run Cypress	2025-02-04T14:17:26.1241976Z [90m  â”Œ[39m[90mâ”€[39m[90mâ”€[39m[90mâ”€[39m[90mâ”€[39m[90mâ”€[39m[90mâ”€[39m[90mâ”€[39m[90mâ”€[39m[90mâ”€[39m[90mâ”€[39m[90mâ”€[39m[90mâ”€[39m[90mâ”€[39m[90mâ”€[39m[90mâ”€[39m[90mâ”€[39m[90mâ”€[39m[90mâ”€[39m[90mâ”€[39m[90mâ”€[39m[90mâ”€[39m[90mâ”€[39m[90mâ”€[39m[90mâ”€[39m[90mâ”€[39m[90mâ”€[39m[90mâ”€[39m[90mâ”€[39m[90mâ”€[39m[90mâ”€[39m[90mâ”€[39m[90mâ”€[39m[90mâ”€[39m[90mâ”€[39m[90mâ”€[39m[90mâ”€[39m[90mâ”€[39m[90mâ”€[39m[90mâ”€[39m[90mâ”€[39m[90mâ”€[39m[90mâ”€[39m[90mâ”€[39m[90mâ”€[39m[90mâ”€[39m[90mâ”€[39m[90mâ”€[39m[90mâ”€[39m[90mâ”€[39m[90mâ”€[39m[90mâ”€[39m[90mâ”€[39m[90mâ”€[39m[90mâ”€[39m[90mâ”€[39m[90mâ”€[39m[90mâ”€[39m[90mâ”€[39m[90mâ”€[39m[90mâ”€[39m[90mâ”€[39m[90mâ”€[39m[90mâ”€[39m[90mâ”€[39m[90mâ”€[39m[90mâ”€[39m[90mâ”€[39m[90mâ”€[39m[90mâ”€[39m[90mâ”€[39m[90mâ”€[39m[90mâ”€[39m[90mâ”€[39m[90mâ”€[39m[90mâ”€[39m[90mâ”€[39m[90mâ”€[39m[90mâ”€[39m[90mâ”€[39m[90mâ”€[39m[90mâ”€[39m[90mâ”€[39m[90mâ”€[39m[90mâ”€[39m[90mâ”€[39m[90mâ”€[39m[90mâ”€[39m[90mâ”€[39m[90mâ”€[39m[90mâ”€[39m[90mâ”€[39m[90mâ”€[39m[90mâ”€[39m[90mâ”€[39m[90mâ”€[39m[90mâ”€[39m[90mâ”[39m
Admin UI E2E (2, chrome)	Run Cypress	2025-02-04T14:17:26.1245157Z [90m  â”‚[39m [90mTests:[39m        [32m2[39m                                                                                [90mâ”‚[39m
Admin UI E2E (2, chrome)	Run Cypress	2025-02-04T14:17:26.1245855Z [90m  â”‚[39m [90mPassing:[39m      [32m2[39m                                                                                [90mâ”‚[39m
Admin UI E2E (2, chrome)	Run Cypress	2025-02-04T14:17:26.1246544Z [90m  â”‚[39m [90mFailing:[39m      [32m0[39m                                                                                [90mâ”‚[39m
Admin UI E2E (2, chrome)	Run Cypress	2025-02-04T14:17:26.1247728Z [90m  â”‚[39m [90mPending:[39m      [32m0[39m                                                                                [90mâ”‚[39m
Admin UI E2E (2, chrome)	Run Cypress	2025-02-04T14:17:26.1248648Z [90m  â”‚[39m [90mSkipped:[39m      [32m0[39m                                                                                [90mâ”‚[39m
Admin UI E2E (2, chrome)	Run Cypress	2025-02-04T14:17:26.1249347Z [90m  â”‚[39m [90mScreenshots:[39m  [32m0[39m                                                                                [90mâ”‚[39m
Admin UI E2E (2, chrome)	Run Cypress	2025-02-04T14:17:26.1250041Z [90m  â”‚[39m [90mVideo:[39m        [32mfalse[39m                                                                            [90mâ”‚[39m
Admin UI E2E (2, chrome)	Run Cypress	2025-02-04T14:17:26.1250737Z [90m  â”‚[39m [90mDuration:[39m     [32m9 seconds[39m                                                                        [90mâ”‚[39m
Admin UI E2E (2, chrome)	Run Cypress	2025-02-04T14:17:26.1251820Z [90m  â”‚[39m [90mSpec Ran:[39m     [32m[32musers_attribute_search_test.spec.ts[32m[39m                                              [90mâ”‚[39m
Admin UI E2E (2, chrome)	Run Cypress	2025-02-04T14:17:26.1257401Z [90m  â””[39m[90mâ”€[39m[90mâ”€[39m[90mâ”€[39m[90mâ”€[39m[90mâ”€[39m[90mâ”€[39m[90mâ”€[39m[90mâ”€[39m[90mâ”€[39m[90mâ”€[39m[90mâ”€[39m[90mâ”€[39m[90mâ”€[39m[90mâ”€[39m[90mâ”€[39m[90mâ”€[39m[90mâ”€[39m[90mâ”€[39m[90mâ”€[39m[90mâ”€[39m[90mâ”€[39m[90mâ”€[39m[90mâ”€[39m[90mâ”€[39m[90mâ”€[39m[90mâ”€[39m[90mâ”€[39m[90mâ”€[39m[90mâ”€[39m[90mâ”€[39m[90mâ”€[39m[90mâ”€[39m[90mâ”€[39m[90mâ”€[39m[90mâ”€[39m[90mâ”€[39m[90mâ”€[39m[90mâ”€[39m[90mâ”€[39m[90mâ”€[39m[90mâ”€[39m[90mâ”€[39m[90mâ”€[39m[90mâ”€[39m[90mâ”€[39m[90mâ”€[39m[90mâ”€[39m[90mâ”€[39m[90mâ”€[39m[90mâ”€[39m[90mâ”€[39m[90mâ”€[39m[90mâ”€[39m[90mâ”€[39m[90mâ”€[39m[90mâ”€[39m[90mâ”€[39m[90mâ”€[39m[90mâ”€[39m[90mâ”€[39m[90mâ”€[39m[90mâ”€[39m[90mâ”€[39m[90mâ”€[39m[90mâ”€[39m[90mâ”€[39m[90mâ”€[39m[90mâ”€[39m[90mâ”€[39m[90mâ”€[39m[90mâ”€[39m[90mâ”€[39m[90mâ”€[39m[90mâ”€[39m[90mâ”€[39m[90mâ”€[39m[90mâ”€[39m[90mâ”€[39m[90mâ”€[39m[90mâ”€[39m[90mâ”€[39m[90mâ”€[39m[90mâ”€[39m[90mâ”€[39m[90mâ”€[39m[90mâ”€[39m[90mâ”€[39m[90mâ”€[39m[90mâ”€[39m[90mâ”€[39m[90mâ”€[39m[90mâ”€[39m[90mâ”€[39m[90mâ”€[39m[90mâ”€[39m[90mâ”€[39m[90mâ”˜[39m
Admin UI E2E (2, chrome)	Run Cypress	2025-02-04T14:17:26.1260060Z 
Admin UI E2E (2, chrome)	Run Cypress	2025-02-04T14:17:26.1575274Z 
Admin UI E2E (2, chrome)	Run Cypress	2025-02-04T14:17:26.1583141Z [90mâ”€[39m[90mâ”€[39m[90mâ”€[39m[90mâ”€[39m[90mâ”€[39m[90mâ”€[39m[90mâ”€[39m[90mâ”€[39m[90mâ”€[39m[90mâ”€[39m[90mâ”€[39m[90mâ”€[39m[90mâ”€[39m[90mâ”€[39m[90mâ”€[39m[90mâ”€[39m[90mâ”€[39m[90mâ”€[39m[90mâ”€[39m[90mâ”€[39m[90mâ”€[39m[90mâ”€[39m[90mâ”€[39m[90mâ”€[39m[90mâ”€[39m[90mâ”€[39m[90mâ”€[39m[90mâ”€[39m[90mâ”€[39m[90mâ”€[39m[90mâ”€[39m[90mâ”€[39m[90mâ”€[39m[90mâ”€[39m[90mâ”€[39m[90mâ”€[39m[90mâ”€[39m[90mâ”€[39m[90mâ”€[39m[90mâ”€[39m[90mâ”€[39m[90mâ”€[39m[90mâ”€[39m[90mâ”€[39m[90mâ”€[39m[90mâ”€[39m[90mâ”€[39m[90mâ”€[39m[90mâ”€[39m[90mâ”€[39m[90mâ”€[39m[90mâ”€[39m[90mâ”€[39m[90mâ”€[39m[90mâ”€[39m[90mâ”€[39m[90mâ”€[39m[90mâ”€[39m[90mâ”€[39m[90mâ”€[39m[90mâ”€[39m[90mâ”€[39m[90mâ”€[39m[90mâ”€[39m[90mâ”€[39m[90mâ”€[39m[90mâ”€[39m[90mâ”€[39m[90mâ”€[39m[90mâ”€[39m[90mâ”€[39m[90mâ”€[39m[90mâ”€[39m[90mâ”€[39m[90mâ”€[39m[90mâ”€[39m[90mâ”€[39m[90mâ”€[39m[90mâ”€[39m[90mâ”€[39m[90mâ”€[39m[90mâ”€[39m[90mâ”€[39m[90mâ”€[39m[90mâ”€[39m[90mâ”€[39m[90mâ”€[39m[90mâ”€[39m[90mâ”€[39m[90mâ”€[39m[90mâ”€[39m[90mâ”€[39m[90mâ”€[39m[90mâ”€[39m[90mâ”€[39m[90mâ”€[39m[90mâ”€[39m[90mâ”€[39m[90mâ”€[39m[90mâ”€[39m
Admin UI E2E (2, chrome)	Run Cypress	2025-02-04T14:17:26.1586993Z                                                                                                     
Admin UI E2E (2, chrome)	Run Cypress	2025-02-04T14:17:26.1588318Z   Running:  [90midentity_providers_test.spec.ts[39m                                                 [90m(4 of 8)[39m
Admin UI E2E (2, chrome)	Run Cypress	2025-02-04T14:17:29.7359129Z 
Admin UI E2E (2, chrome)	Run Cypress	2025-02-04T14:17:29.7360704Z [0m[0m
Admin UI E2E (2, chrome)	Run Cypress	2025-02-04T14:17:29.7391361Z [0m  Identity provider test[0m
Admin UI E2E (2, chrome)	Run Cypress	2025-02-04T14:17:29.7393807Z [0m    Identity provider creation[0m
Admin UI E2E (2, chrome)	Run Cypress	2025-02-04T14:17:35.2718140Z     [32m  âœ“[0m[90m should create github provider[0m[90m (5452ms)[0m
Admin UI E2E (2, chrome)	Run Cypress	2025-02-04T14:17:38.3373632Z     [32m  âœ“[0m[90m fail to make duplicate github provider[0m[90m (3013ms)[0m
Admin UI E2E (2, chrome)	Run Cypress	2025-02-04T14:17:40.9563993Z     [32m  âœ“[0m[90m should create facebook provider[0m[90m (2570ms)[0m
Admin UI E2E (2, chrome)	Run Cypress	2025-02-04T14:17:42.8611526Z     [32m  âœ“[0m[90m search for existing provider by name[0m[90m (1847ms)[0m
Admin UI E2E (2, chrome)	Run Cypress	2025-02-04T14:17:45.1491352Z     [32m  âœ“[0m[90m search for non-existing provider by name[0m[90m (2235ms)[0m
Admin UI E2E (2, chrome)	Run Cypress	2025-02-04T14:17:49.0768959Z     [32m  âœ“[0m[90m create and delete provider by item details[0m[90m (3797ms)[0m
Admin UI E2E (2, chrome)	Run Cypress	2025-02-04T14:17:49.1122520Z     [36m  - should change order of providers[0m
Admin UI E2E (2, chrome)	Run Cypress	2025-02-04T14:17:51.0201867Z     [32m  âœ“[0m[90m should delete provider[0m[90m (1872ms)[0m
Admin UI E2E (2, chrome)	Run Cypress	2025-02-04T14:17:55.6238626Z     [32m  âœ“[0m[90m should add facebook social mapper[0m[90m (4503ms)[0m
Admin UI E2E (2, chrome)	Run Cypress	2025-02-04T14:18:00.4158346Z     [32m  âœ“[0m[90m should add Social mapper of type Attribute Importer[0m[90m (4687ms)[0m
Admin UI E2E (2, chrome)	Run Cypress	2025-02-04T14:18:04.5163304Z     [32m  âœ“[0m[90m should edit facebook mapper[0m[90m (4053ms)[0m
Admin UI E2E (2, chrome)	Run Cypress	2025-02-04T14:18:07.0283505Z     [32m  âœ“[0m[90m should delete facebook mapper[0m[90m (2426ms)[0m
Admin UI E2E (2, chrome)	Run Cypress	2025-02-04T14:18:09.1177921Z     [32m  âœ“[0m[90m clean up providers[0m[90m (1990ms)[0m
Admin UI E2E (2, chrome)	Run Cypress	2025-02-04T14:18:09.1320148Z [0m      Custom fields tests[0m
Admin UI E2E (2, chrome)	Run Cypress	2025-02-04T14:18:12.9025440Z       [32m  âœ“[0m[90m should create social login provider Bitbucket with custom fields[0m[90m (3618ms)[0m
Admin UI E2E (2, chrome)	Run Cypress	2025-02-04T14:18:16.8942986Z       [32m  âœ“[0m[90m should create social login provider Facebook with custom fields[0m[90m (3879ms)[0m
Admin UI E2E (2, chrome)	Run Cypress	2025-02-04T14:18:21.5885421Z       [32m  âœ“[0m[90m should create social login provider Github with custom fields[0m[90m (4541ms)[0m
Admin UI E2E (2, chrome)	Run Cypress	2025-02-04T14:18:24.8128400Z       [32m  âœ“[0m[90m should create social login provider Gitlab with custom fields[0m[90m (3131ms)[0m
Admin UI E2E (2, chrome)	Run Cypress	2025-02-04T14:18:29.2395762Z       [32m  âœ“[0m[90m should create social login provider Google with custom fields[0m[90m (4218ms)[0m
Admin UI E2E (2, chrome)	Run Cypress	2025-02-04T14:18:33.2118481Z       [32m  âœ“[0m[90m should create social login provider Instagram with custom fields[0m[90m (3719ms)[0m
Admin UI E2E (2, chrome)	Run Cypress	2025-02-04T14:18:37.1261779Z       [32m  âœ“[0m[90m should create social login provider LinkedIn with custom fields[0m[90m (3724ms)[0m
Admin UI E2E (2, chrome)	Run Cypress	2025-02-04T14:18:41.4511001Z       [32m  âœ“[0m[90m should create social login provider Microsoft with custom fields[0m[90m (4212ms)[0m
Admin UI E2E (2, chrome)	Run Cypress	2025-02-04T14:18:45.4154298Z       [32m  âœ“[0m[90m should create social login provider Openshift-v4 with custom fields[0m[90m (3864ms)[0m
Admin UI E2E (2, chrome)	Run Cypress	2025-02-04T14:18:48.7189723Z       [32m  âœ“[0m[90m should create social login provider Paypal with custom fields[0m[90m (3246ms)[0m
Admin UI E2E (2, chrome)	Run Cypress	2025-02-04T14:18:52.4978569Z       [32m  âœ“[0m[90m should create social login provider Stackoverflow with custom fields[0m[90m (3734ms)[0m
Admin UI E2E (2, chrome)	Run Cypress	2025-02-04T14:18:57.0864242Z       [32m  âœ“[0m[90m should create social login provider Twitter with custom fields[0m[90m (3518ms)[0m
Admin UI E2E (2, chrome)	Run Cypress	2025-02-04T14:18:57.1212967Z [0m    should check provider details[0m
Admin UI E2E (2, chrome)	Run Cypress	2025-02-04T14:19:00.3131803Z     [32m  âœ“[0m[90m creating github provider[0m[90m (3134ms)[0m
Admin UI E2E (2, chrome)	Run Cypress	2025-02-04T14:19:03.9971765Z     [32m  âœ“[0m[90m should check general settings[0m[90m (3644ms)[0m
Admin UI E2E (2, chrome)	Run Cypress	2025-02-04T14:19:08.8418712Z     [32m  âœ“[0m[90m should check input switches and inputs[0m[90m (4791ms)[0m
Admin UI E2E (2, chrome)	Run Cypress	2025-02-04T14:19:11.4731722Z     [32m  âœ“[0m[90m should revert and save options[0m[90m (2532ms)[0m
Admin UI E2E (2, chrome)	Run Cypress	2025-02-04T14:19:13.2412335Z     [32m  âœ“[0m[90m should delete providers[0m[90m (1715ms)[0m
Admin UI E2E (2, chrome)	Run Cypress	2025-02-04T14:19:13.2529099Z [0m    Accessibility tests for identity providers[0m
Admin UI E2E (2, chrome)	Run Cypress	2025-02-04T14:19:17.2134081Z     [32m  âœ“[0m[90m Check a11y violations on load/ identity providers[0m[90m (3936ms)[0m
Admin UI E2E (2, chrome)	Run Cypress	2025-02-04T14:19:17.2134895Z 
Admin UI E2E (2, chrome)	Run Cypress	2025-02-04T14:19:17.2334476Z 
Admin UI E2E (2, chrome)	Run Cypress	2025-02-04T14:19:17.2338574Z [92m [0m[32m 30 passing[0m[90m (2m)[0m
Admin UI E2E (2, chrome)	Run Cypress	2025-02-04T14:19:17.2340490Z [36m [0m[36m 1 pending[0m
Admin UI E2E (2, chrome)	Run Cypress	2025-02-04T14:19:17.2340775Z 
Admin UI E2E (2, chrome)	Run Cypress	2025-02-04T14:19:18.2675866Z 
Admin UI E2E (2, chrome)	Run Cypress	2025-02-04T14:19:18.2676986Z [32m  ([4m[1mResults[22m[24m)[39m
Admin UI E2E (2, chrome)	Run Cypress	2025-02-04T14:19:18.2694115Z 
Admin UI E2E (2, chrome)	Run Cypress	2025-02-04T14:19:18.2706057Z [90m  â”Œ[39m[90mâ”€[39m[90mâ”€[39m[90mâ”€[39m[90mâ”€[39m[90mâ”€[39m[90mâ”€[39m[90mâ”€[39m[90mâ”€[39m[90mâ”€[39m[90mâ”€[39m[90mâ”€[39m[90mâ”€[39m[90mâ”€[39m[90mâ”€[39m[90mâ”€[39m[90mâ”€[39m[90mâ”€[39m[90mâ”€[39m[90mâ”€[39m[90mâ”€[39m[90mâ”€[39m[90mâ”€[39m[90mâ”€[39m[90mâ”€[39m[90mâ”€[39m[90mâ”€[39m[90mâ”€[39m[90mâ”€[39m[90mâ”€[39m[90mâ”€[39m[90mâ”€[39m[90mâ”€[39m[90mâ”€[39m[90mâ”€[39m[90mâ”€[39m[90mâ”€[39m[90mâ”€[39m[90mâ”€[39m[90mâ”€[39m[90mâ”€[39m[90mâ”€[39m[90mâ”€[39m[90mâ”€[39m[90mâ”€[39m[90mâ”€[39m[90mâ”€[39m[90mâ”€[39m[90mâ”€[39m[90mâ”€[39m[90mâ”€[39m[90mâ”€[39m[90mâ”€[39m[90mâ”€[39m[90mâ”€[39m[90mâ”€[39m[90mâ”€[39m[90mâ”€[39m[90mâ”€[39m[90mâ”€[39m[90mâ”€[39m[90mâ”€[39m[90mâ”€[39m[90mâ”€[39m[90mâ”€[39m[90mâ”€[39m[90mâ”€[39m[90mâ”€[39m[90mâ”€[39m[90mâ”€[39m[90mâ”€[39m[90mâ”€[39m[90mâ”€[39m[90mâ”€[39m[90mâ”€[39m[90mâ”€[39m[90mâ”€[39m[90mâ”€[39m[90mâ”€[39m[90mâ”€[39m[90mâ”€[39m[90mâ”€[39m[90mâ”€[39m[90mâ”€[39m[90mâ”€[39m[90mâ”€[39m[90mâ”€[39m[90mâ”€[39m[90mâ”€[39m[90mâ”€[39m[90mâ”€[39m[90mâ”€[39m[90mâ”€[39m[90mâ”€[39m[90mâ”€[39m[90mâ”€[39m[90mâ”€[39m[90mâ”[39m
Admin UI E2E (2, chrome)	Run Cypress	2025-02-04T14:19:18.2709209Z [90m  â”‚[39m [90mTests:[39m        [32m31[39m                                                                               [90mâ”‚[39m
Admin UI E2E (2, chrome)	Run Cypress	2025-02-04T14:19:18.2710217Z [90m  â”‚[39m [90mPassing:[39m      [32m30[39m                                                                               [90mâ”‚[39m
Admin UI E2E (2, chrome)	Run Cypress	2025-02-04T14:19:18.2711665Z [90m  â”‚[39m [90mFailing:[39m      [32m0[39m                                                                                [90mâ”‚[39m
Admin UI E2E (2, chrome)	Run Cypress	2025-02-04T14:19:18.2712817Z [90m  â”‚[39m [90mPending:[39m      [32m1[39m                                                                                [90mâ”‚[39m
Admin UI E2E (2, chrome)	Run Cypress	2025-02-04T14:19:18.2713751Z [90m  â”‚[39m [90mSkipped:[39m      [32m0[39m                                                                                [90mâ”‚[39m
Admin UI E2E (2, chrome)	Run Cypress	2025-02-04T14:19:18.2714966Z [90m  â”‚[39m [90mScreenshots:[39m  [32m0[39m                                                                                [90mâ”‚[39m
Admin UI E2E (2, chrome)	Run Cypress	2025-02-04T14:19:18.2716007Z [90m  â”‚[39m [90mVideo:[39m        [32mfalse[39m                                                                            [90mâ”‚[39m
Admin UI E2E (2, chrome)	Run Cypress	2025-02-04T14:19:18.2717566Z [90m  â”‚[39m [90mDuration:[39m     [32m1 minute, 47 seconds[39m                                                             [90mâ”‚[39m
Admin UI E2E (2, chrome)	Run Cypress	2025-02-04T14:19:18.2719069Z [90m  â”‚[39m [90mSpec Ran:[39m     [32m[32midentity_providers_test.spec.ts[32m[39m                                                  [90mâ”‚[39m
Admin UI E2E (2, chrome)	Run Cypress	2025-02-04T14:19:18.2726388Z [90m  â””[39m[90mâ”€[39m[90mâ”€[39m[90mâ”€[39m[90mâ”€[39m[90mâ”€[39m[90mâ”€[39m[90mâ”€[39m[90mâ”€[39m[90mâ”€[39m[90mâ”€[39m[90mâ”€[39m[90mâ”€[39m[90mâ”€[39m[90mâ”€[39m[90mâ”€[39m[90mâ”€[39m[90mâ”€[39m[90mâ”€[39m[90mâ”€[39m[90mâ”€[39m[90mâ”€[39m[90mâ”€[39m[90mâ”€[39m[90mâ”€[39m[90mâ”€[39m[90mâ”€[39m[90mâ”€[39m[90mâ”€[39m[90mâ”€[39m[90mâ”€[39m[90mâ”€[39m[90mâ”€[39m[90mâ”€[39m[90mâ”€[39m[90mâ”€[39m[90mâ”€[39m[90mâ”€[39m[90mâ”€[39m[90mâ”€[39m[90mâ”€[39m[90mâ”€[39m[90mâ”€[39m[90mâ”€[39m[90mâ”€[39m[90mâ”€[39m[90mâ”€[39m[90mâ”€[39m[90mâ”€[39m[90mâ”€[39m[90mâ”€[39m[90mâ”€[39m[90mâ”€[39m[90mâ”€[39m[90mâ”€[39m[90mâ”€[39m[90mâ”€[39m[90mâ”€[39m[90mâ”€[39m[90mâ”€[39m[90mâ”€[39m[90mâ”€[39m[90mâ”€[39m[90mâ”€[39m[90mâ”€[39m[90mâ”€[39m[90mâ”€[39m[90mâ”€[39m[90mâ”€[39m[90mâ”€[39m[90mâ”€[39m[90mâ”€[39m[90mâ”€[39m[90mâ”€[39m[90mâ”€[39m[90mâ”€[39m[90mâ”€[39m[90mâ”€[39m[90mâ”€[39m[90mâ”€[39m[90mâ”€[39m[90mâ”€[39m[90mâ”€[39m[90mâ”€[39m[90mâ”€[39m[90mâ”€[39m[90mâ”€[39m[90mâ”€[39m[90mâ”€[39m[90mâ”€[39m[90mâ”€[39m[90mâ”€[39m[90mâ”€[39m[90mâ”€[39m[90mâ”€[39m[90mâ”€[39m[90mâ”€[39m[90mâ”˜[39m
Admin UI E2E (2, chrome)	Run Cypress	2025-02-04T14:19:18.2730075Z 
Admin UI E2E (2, chrome)	Run Cypress	2025-02-04T14:19:18.3035904Z 
Admin UI E2E (2, chrome)	Run Cypress	2025-02-04T14:19:18.3046410Z [90mâ”€[39m[90mâ”€[39m[90mâ”€[39m[90mâ”€[39m[90mâ”€[39m[90mâ”€[39m[90mâ”€[39m[90mâ”€[39m[90mâ”€[39m[90mâ”€[39m[90mâ”€[39m[90mâ”€[39m[90mâ”€[39m[90mâ”€[39m[90mâ”€[39m[90mâ”€[39m[90mâ”€[39m[90mâ”€[39m[90mâ”€[39m[90mâ”€[39m[90mâ”€[39m[90mâ”€[39m[90mâ”€[39m[90mâ”€[39m[90mâ”€[39m[90mâ”€[39m[90mâ”€[39m[90mâ”€[39m[90mâ”€[39m[90mâ”€[39m[90mâ”€[39m[90mâ”€[39m[90mâ”€[39m[90mâ”€[39m[90mâ”€[39m[90mâ”€[39m[90mâ”€[39m[90mâ”€[39m[90mâ”€[39m[90mâ”€[39m[90mâ”€[39m[90mâ”€[39m[90mâ”€[39m[90mâ”€[39m[90mâ”€[39m[90mâ”€[39m[90mâ”€[39m[90mâ”€[39m[90mâ”€[39m[90mâ”€[39m[90mâ”€[39m[90mâ”€[39m[90mâ”€[39m[90mâ”€[39m[90mâ”€[39m[90mâ”€[39m[90mâ”€[39m[90mâ”€[39m[90mâ”€[39m[90mâ”€[39m[90mâ”€[39m[90mâ”€[39m[90mâ”€[39m[90mâ”€[39m[90mâ”€[39m[90mâ”€[39m[90mâ”€[39m[90mâ”€[39m[90mâ”€[39m[90mâ”€[39m[90mâ”€[39m[90mâ”€[39m[90mâ”€[39m[90mâ”€[39m[90mâ”€[39m[90mâ”€[39m[90mâ”€[39m[90mâ”€[39m[90mâ”€[39m[90mâ”€[39m[90mâ”€[39m[90mâ”€[39m[90mâ”€[39m[90mâ”€[39m[90mâ”€[39m[90mâ”€[39m[90mâ”€[39m[90mâ”€[39m[90mâ”€[39m[90mâ”€[39m[90mâ”€[39m[90mâ”€[39m[90mâ”€[39m[90mâ”€[39m[90mâ”€[39m[90mâ”€[39m[90mâ”€[39m[90mâ”€[39m[90mâ”€[39m[90mâ”€[39m
Admin UI E2E (2, chrome)	Run Cypress	2025-02-04T14:19:18.3049965Z                                                                                                     
Admin UI E2E (2, chrome)	Run Cypress	2025-02-04T14:19:18.3051098Z   Running:  [90mauthentication_policies.spec.ts[39m                                                 [90m(5 of 8)[39m
Admin UI E2E (2, chrome)	Run Cypress	2025-02-04T14:19:20.9187967Z 
Admin UI E2E (2, chrome)	Run Cypress	2025-02-04T14:19:20.9188820Z [0m[0m
Admin UI E2E (2, chrome)	Run Cypress	2025-02-04T14:19:20.9271735Z [0m  Policies[0m
Admin UI E2E (2, chrome)	Run Cypress	2025-02-04T14:19:20.9272897Z [0m    OTP policies tab[0m
Admin UI E2E (2, chrome)	Run Cypress	2025-02-04T14:19:25.4301475Z     [32m  âœ“[0m[90m should change to hotp[0m[90m (4467ms)[0m
Admin UI E2E (2, chrome)	Run Cypress	2025-02-04T14:19:25.4485772Z [0m    Webauthn policies tabs[0m
Admin UI E2E (2, chrome)	Run Cypress	2025-02-04T14:19:27.9976322Z     [32m  âœ“[0m[90m should fill webauthn settings[0m[90m (2526ms)[0m
Admin UI E2E (2, chrome)	Run Cypress	2025-02-04T14:19:30.4777488Z     [32m  âœ“[0m[90m should fill webauthn passwordless settings[0m[90m (2434ms)[0m
Admin UI E2E (2, chrome)	Run Cypress	2025-02-04T14:19:30.4782760Z 
Admin UI E2E (2, chrome)	Run Cypress	2025-02-04T14:19:30.5008628Z 
Admin UI E2E (2, chrome)	Run Cypress	2025-02-04T14:19:30.5010612Z [92m [0m[32m 3 passing[0m[90m (10s)[0m
Admin UI E2E (2, chrome)	Run Cypress	2025-02-04T14:19:30.5011256Z 
Admin UI E2E (2, chrome)	Run Cypress	2025-02-04T14:19:31.5128489Z 
Admin UI E2E (2, chrome)	Run Cypress	2025-02-04T14:19:31.5129757Z [32m  ([4m[1mResults[22m[24m)[39m
Admin UI E2E (2, chrome)	Run Cypress	2025-02-04T14:19:31.5132341Z 
Admin UI E2E (2, chrome)	Run Cypress	2025-02-04T14:19:31.5143312Z [90m  â”Œ[39m[90mâ”€[39m[90mâ”€[39m[90mâ”€[39m[90mâ”€[39m[90mâ”€[39m[90mâ”€[39m[90mâ”€[39m[90mâ”€[39m[90mâ”€[39m[90mâ”€[39m[90mâ”€[39m[90mâ”€[39m[90mâ”€[39m[90mâ”€[39m[90mâ”€[39m[90mâ”€[39m[90mâ”€[39m[90mâ”€[39m[90mâ”€[39m[90mâ”€[39m[90mâ”€[39m[90mâ”€[39m[90mâ”€[39m[90mâ”€[39m[90mâ”€[39m[90mâ”€[39m[90mâ”€[39m[90mâ”€[39m[90mâ”€[39m[90mâ”€[39m[90mâ”€[39m[90mâ”€[39m[90mâ”€[39m[90mâ”€[39m[90mâ”€[39m[90mâ”€[39m[90mâ”€[39m[90mâ”€[39m[90mâ”€[39m[90mâ”€[39m[90mâ”€[39m[90mâ”€[39m[90mâ”€[39m[90mâ”€[39m[90mâ”€[39m[90mâ”€[39m[90mâ”€[39m[90mâ”€[39m[90mâ”€[39m[90mâ”€[39m[90mâ”€[39m[90mâ”€[39m[90mâ”€[39m[90mâ”€[39m[90mâ”€[39m[90mâ”€[39m[90mâ”€[39m[90mâ”€[39m[90mâ”€[39m[90mâ”€[39m[90mâ”€[39m[90mâ”€[39m[90mâ”€[39m[90mâ”€[39m[90mâ”€[39m[90mâ”€[39m[90mâ”€[39m[90mâ”€[39m[90mâ”€[39m[90mâ”€[39m[90mâ”€[39m[90mâ”€[39m[90mâ”€[39m[90mâ”€[39m[90mâ”€[39m[90mâ”€[39m[90mâ”€[39m[90mâ”€[39m[90mâ”€[39m[90mâ”€[39m[90mâ”€[39m[90mâ”€[39m[90mâ”€[39m[90mâ”€[39m[90mâ”€[39m[90mâ”€[39m[90mâ”€[39m[90mâ”€[39m[90mâ”€[39m[90mâ”€[39m[90mâ”€[39m[90mâ”€[39m[90mâ”€[39m[90mâ”€[39m[90mâ”€[39m[90mâ”€[39m[90mâ”[39m
Admin UI E2E (2, chrome)	Run Cypress	2025-02-04T14:19:31.5147536Z [90m  â”‚[39m [90mTests:[39m        [32m3[39m                                                                                [90mâ”‚[39m
Admin UI E2E (2, chrome)	Run Cypress	2025-02-04T14:19:31.5148659Z [90m  â”‚[39m [90mPassing:[39m      [32m3[39m                                                                                [90mâ”‚[39m
Admin UI E2E (2, chrome)	Run Cypress	2025-02-04T14:19:31.5149777Z [90m  â”‚[39m [90mFailing:[39m      [32m0[39m                                                                                [90mâ”‚[39m
Admin UI E2E (2, chrome)	Run Cypress	2025-02-04T14:19:31.5150840Z [90m  â”‚[39m [90mPending:[39m      [32m0[39m                                                                                [90mâ”‚[39m
Admin UI E2E (2, chrome)	Run Cypress	2025-02-04T14:19:31.5151943Z [90m  â”‚[39m [90mSkipped:[39m      [32m0[39m                                                                                [90mâ”‚[39m
Admin UI E2E (2, chrome)	Run Cypress	2025-02-04T14:19:31.5153071Z [90m  â”‚[39m [90mScreenshots:[39m  [32m0[39m                                                                                [90mâ”‚[39m
Admin UI E2E (2, chrome)	Run Cypress	2025-02-04T14:19:31.5154306Z [90m  â”‚[39m [90mVideo:[39m        [32mfalse[39m                                                                            [90mâ”‚[39m
Admin UI E2E (2, chrome)	Run Cypress	2025-02-04T14:19:31.5155576Z [90m  â”‚[39m [90mDuration:[39m     [32m9 seconds[39m                                                                        [90mâ”‚[39m
Admin UI E2E (2, chrome)	Run Cypress	2025-02-04T14:19:31.5157734Z [90m  â”‚[39m [90mSpec Ran:[39m     [32m[32mauthentication_policies.spec.ts[32m[39m                                                  [90mâ”‚[39m
Admin UI E2E (2, chrome)	Run Cypress	2025-02-04T14:19:31.5165938Z [90m  â””[39m[90mâ”€[39m[90mâ”€[39m[90mâ”€[39m[90mâ”€[39m[90mâ”€[39m[90mâ”€[39m[90mâ”€[39m[90mâ”€[39m[90mâ”€[39m[90mâ”€[39m[90mâ”€[39m[90mâ”€[39m[90mâ”€[39m[90mâ”€[39m[90mâ”€[39m[90mâ”€[39m[90mâ”€[39m[90mâ”€[39m[90mâ”€[39m[90mâ”€[39m[90mâ”€[39m[90mâ”€[39m[90mâ”€[39m[90mâ”€[39m[90mâ”€[39m[90mâ”€[39m[90mâ”€[39m[90mâ”€[39m[90mâ”€[39m[90mâ”€[39m[90mâ”€[39m[90mâ”€[39m[90mâ”€[39m[90mâ”€[39m[90mâ”€[39m[90mâ”€[39m[90mâ”€[39m[90mâ”€[39m[90mâ”€[39m[90mâ”€[39m[90mâ”€[39m[90mâ”€[39m[90mâ”€[39m[90mâ”€[39m[90mâ”€[39m[90mâ”€[39m[90mâ”€[39m[90mâ”€[39m[90mâ”€[39m[90mâ”€[39m[90mâ”€[39m[90mâ”€[39m[90mâ”€[39m[90mâ”€[39m[90mâ”€[39m[90mâ”€[39m[90mâ”€[39m[90mâ”€[39m[90mâ”€[39m[90mâ”€[39m[90mâ”€[39m[90mâ”€[39m[90mâ”€[39m[90mâ”€[39m[90mâ”€[39m[90mâ”€[39m[90mâ”€[39m[90mâ”€[39m[90mâ”€[39m[90mâ”€[39m[90mâ”€[39m[90mâ”€[39m[90mâ”€[39m[90mâ”€[39m[90mâ”€[39m[90mâ”€[39m[90mâ”€[39m[90mâ”€[39m[90mâ”€[39m[90mâ”€[39m[90mâ”€[39m[90mâ”€[39m[90mâ”€[39m[90mâ”€[39m[90mâ”€[39m[90mâ”€[39m[90mâ”€[39m[90mâ”€[39m[90mâ”€[39m[90mâ”€[39m[90mâ”€[39m[90mâ”€[39m[90mâ”€[39m[90mâ”€[39m[90mâ”€[39m[90mâ”€[39m[90mâ”˜[39m
Admin UI E2E (2, chrome)	Run Cypress	2025-02-04T14:19:31.5169860Z 
Admin UI E2E (2, chrome)	Run Cypress	2025-02-04T14:19:31.5493148Z 
Admin UI E2E (2, chrome)	Run Cypress	2025-02-04T14:19:31.5504188Z [90mâ”€[39m[90mâ”€[39m[90mâ”€[39m[90mâ”€[39m[90mâ”€[39m[90mâ”€[39m[90mâ”€[39m[90mâ”€[39m[90mâ”€[39m[90mâ”€[39m[90mâ”€[39m[90mâ”€[39m[90mâ”€[39m[90mâ”€[39m[90mâ”€[39m[90mâ”€[39m[90mâ”€[39m[90mâ”€[39m[90mâ”€[39m[90mâ”€[39m[90mâ”€[39m[90mâ”€[39m[90mâ”€[39m[90mâ”€[39m[90mâ”€[39m[90mâ”€[39m[90mâ”€[39m[90mâ”€[39m[90mâ”€[39m[90mâ”€[39m[90mâ”€[39m[90mâ”€[39m[90mâ”€[39m[90mâ”€[39m[90mâ”€[39m[90mâ”€[39m[90mâ”€[39m[90mâ”€[39m[90mâ”€[39m[90mâ”€[39m[90mâ”€[39m[90mâ”€[39m[90mâ”€[39m[90mâ”€[39m[90mâ”€[39m[90mâ”€[39m[90mâ”€[39m[90mâ”€[39m[90mâ”€[39m[90mâ”€[39m[90mâ”€[39m[90mâ”€[39m[90mâ”€[39m[90mâ”€[39m[90mâ”€[39m[90mâ”€[39m[90mâ”€[39m[90mâ”€[39m[90mâ”€[39m[90mâ”€[39m[90mâ”€[39m[90mâ”€[39m[90mâ”€[39m[90mâ”€[39m[90mâ”€[39m[90mâ”€[39m[90mâ”€[39m[90mâ”€[39m[90mâ”€[39m[90mâ”€[39m[90mâ”€[39m[90mâ”€[39m[90mâ”€[39m[90mâ”€[39m[90mâ”€[39m[90mâ”€[39m[90mâ”€[39m[90mâ”€[39m[90mâ”€[39m[90mâ”€[39m[90mâ”€[39m[90mâ”€[39m[90mâ”€[39m[90mâ”€[39m[90mâ”€[39m[90mâ”€[39m[90mâ”€[39m[90mâ”€[39m[90mâ”€[39m[90mâ”€[39m[90mâ”€[39m[90mâ”€[39m[90mâ”€[39m[90mâ”€[39m[90mâ”€[39m[90mâ”€[39m[90mâ”€[39m[90mâ”€[39m[90mâ”€[39m[90mâ”€[39m
Admin UI E2E (2, chrome)	Run Cypress	2025-02-04T14:19:31.5508489Z                                                                                                     
Admin UI E2E (2, chrome)	Run Cypress	2025-02-04T14:19:31.5509617Z   Running:  [90mclient_authorization_test.spec.ts[39m                                               [90m(6 of 8)[39m
Admin UI E2E (2, chrome)	Run Cypress	2025-02-04T14:19:35.3957393Z 
Admin UI E2E (2, chrome)	Run Cypress	2025-02-04T14:19:35.3958767Z [0m[0m
Admin UI E2E (2, chrome)	Run Cypress	2025-02-04T14:19:35.3989537Z [0m  Client authentication subtab[0m
Admin UI E2E (2, chrome)	Run Cypress	2025-02-04T14:19:41.2487775Z   [32m  âœ“[0m[90m Should update the resource server settings[0m[90m (5828ms)[0m
Admin UI E2E (2, chrome)	Run Cypress	2025-02-04T14:19:47.2391193Z   [32m  âœ“[0m[90m Should create a resource[0m[90m (5913ms)[0m
Admin UI E2E (2, chrome)	Run Cypress	2025-02-04T14:19:51.5893819Z   [32m  âœ“[0m[90m Edit a resource[0m[90m (4250ms)[0m
Admin UI E2E (2, chrome)	Run Cypress	2025-02-04T14:19:56.5549241Z   [32m  âœ“[0m[90m Should create a scope[0m[90m (4875ms)[0m
Admin UI E2E (2, chrome)	Run Cypress	2025-02-04T14:20:01.9687812Z   [32m  âœ“[0m[90m Should create a policy[0m[90m (5325ms)[0m
Admin UI E2E (2, chrome)	Run Cypress	2025-02-04T14:20:06.0084699Z   [32m  âœ“[0m[90m Should delete a policy[0m[90m (3961ms)[0m
Admin UI E2E (2, chrome)	Run Cypress	2025-02-04T14:20:11.3162980Z   [32m  âœ“[0m[90m Should create a client policy[0m[90m (5189ms)[0m
Admin UI E2E (2, chrome)	Run Cypress	2025-02-04T14:20:16.5905355Z   [32m  âœ“[0m[90m Should create a permission[0m[90m (5208ms)[0m
Admin UI E2E (2, chrome)	Run Cypress	2025-02-04T14:20:16.6396166Z   [36m  - Should copy auth details[0m
Admin UI E2E (2, chrome)	Run Cypress	2025-02-04T14:20:20.1632888Z   [32m  âœ“[0m[90m Should export auth details[0m[90m (3506ms)[0m
Admin UI E2E (2, chrome)	Run Cypress	2025-02-04T14:20:20.1971628Z [0m    Client authorization tab access for view-realm-authorization[0m
Admin UI E2E (2, chrome)	Run Cypress	2025-02-04T14:20:35.4380128Z     [32m  âœ“[0m[90m Should view autorization tab[0m[90m (14371ms)[0m
Admin UI E2E (2, chrome)	Run Cypress	2025-02-04T14:20:35.4608334Z [0m    Accessibility tests for client authorization[0m
Admin UI E2E (2, chrome)	Run Cypress	2025-02-04T14:20:45.0709821Z     [32m  âœ“[0m[90m Check a11y violations on load/ client authorization[0m[90m (9549ms)[0m
Admin UI E2E (2, chrome)	Run Cypress	2025-02-04T14:20:45.0712018Z 
Admin UI E2E (2, chrome)	Run Cypress	2025-02-04T14:20:45.1338642Z 
Admin UI E2E (2, chrome)	Run Cypress	2025-02-04T14:20:45.1349344Z [92m [0m[32m 11 passing[0m[90m (1m)[0m
Admin UI E2E (2, chrome)	Run Cypress	2025-02-04T14:20:45.1350334Z [36m [0m[36m 1 pending[0m
Admin UI E2E (2, chrome)	Run Cypress	2025-02-04T14:20:45.1351436Z 
Admin UI E2E (2, chrome)	Run Cypress	2025-02-04T14:20:46.1692393Z 
Admin UI E2E (2, chrome)	Run Cypress	2025-02-04T14:20:46.1694720Z [32m  ([4m[1mResults[22m[24m)[39m
Admin UI E2E (2, chrome)	Run Cypress	2025-02-04T14:20:46.1700118Z 
Admin UI E2E (2, chrome)	Run Cypress	2025-02-04T14:20:46.1714147Z [90m  â”Œ[39m[90mâ”€[39m[90mâ”€[39m[90mâ”€[39m[90mâ”€[39m[90mâ”€[39m[90mâ”€[39m[90mâ”€[39m[90mâ”€[39m[90mâ”€[39m[90mâ”€[39m[90mâ”€[39m[90mâ”€[39m[90mâ”€[39m[90mâ”€[39m[90mâ”€[39m[90mâ”€[39m[90mâ”€[39m[90mâ”€[39m[90mâ”€[39m[90mâ”€[39m[90mâ”€[39m[90mâ”€[39m[90mâ”€[39m[90mâ”€[39m[90mâ”€[39m[90mâ”€[39m[90mâ”€[39m[90mâ”€[39m[90mâ”€[39m[90mâ”€[39m[90mâ”€[39m[90mâ”€[39m[90mâ”€[39m[90mâ”€[39m[90mâ”€[39m[90mâ”€[39m[90mâ”€[39m[90mâ”€[39m[90mâ”€[39m[90mâ”€[39m[90mâ”€[39m[90mâ”€[39m[90mâ”€[39m[90mâ”€[39m[90mâ”€[39m[90mâ”€[39m[90mâ”€[39m[90mâ”€[39m[90mâ”€[39m[90mâ”€[39m[90mâ”€[39m[90mâ”€[39m[90mâ”€[39m[90mâ”€[39m[90mâ”€[39m[90mâ”€[39m[90mâ”€[39m[90mâ”€[39m[90mâ”€[39m[90mâ”€[39m[90mâ”€[39m[90mâ”€[39m[90mâ”€[39m[90mâ”€[39m[90mâ”€[39m[90mâ”€[39m[90mâ”€[39m[90mâ”€[39m[90mâ”€[39m[90mâ”€[39m[90mâ”€[39m[90mâ”€[39m[90mâ”€[39m[90mâ”€[39m[90mâ”€[39m[90mâ”€[39m[90mâ”€[39m[90mâ”€[39m[90mâ”€[39m[90mâ”€[39m[90mâ”€[39m[90mâ”€[39m[90mâ”€[39m[90mâ”€[39m[90mâ”€[39m[90mâ”€[39m[90mâ”€[39m[90mâ”€[39m[90mâ”€[39m[90mâ”€[39m[90mâ”€[39m[90mâ”€[39m[90mâ”€[39m[90mâ”€[39m[90mâ”€[39m[90mâ”€[39m[90mâ”[39m
Admin UI E2E (2, chrome)	Run Cypress	2025-02-04T14:20:46.1718891Z [90m  â”‚[39m [90mTests:[39m        [32m12[39m                                                                               [90mâ”‚[39m
Admin UI E2E (2, chrome)	Run Cypress	2025-02-04T14:20:46.1720009Z [90m  â”‚[39m [90mPassing:[39m      [32m11[39m                                                                               [90mâ”‚[39m
Admin UI E2E (2, chrome)	Run Cypress	2025-02-04T14:20:46.1721096Z [90m  â”‚[39m [90mFailing:[39m      [32m0[39m                                                                                [90mâ”‚[39m
Admin UI E2E (2, chrome)	Run Cypress	2025-02-04T14:20:46.1722237Z [90m  â”‚[39m [90mPending:[39m      [32m1[39m                                                                                [90mâ”‚[39m
Admin UI E2E (2, chrome)	Run Cypress	2025-02-04T14:20:46.1723350Z [90m  â”‚[39m [90mSkipped:[39m      [32m0[39m                                                                                [90mâ”‚[39m
Admin UI E2E (2, chrome)	Run Cypress	2025-02-04T14:20:46.1724544Z [90m  â”‚[39m [90mScreenshots:[39m  [32m0[39m                                                                                [90mâ”‚[39m
Admin UI E2E (2, chrome)	Run Cypress	2025-02-04T14:20:46.1725812Z [90m  â”‚[39m [90mVideo:[39m        [32mfalse[39m                                                                            [90mâ”‚[39m
Admin UI E2E (2, chrome)	Run Cypress	2025-02-04T14:20:46.1727360Z [90m  â”‚[39m [90mDuration:[39m     [32m1 minute, 9 seconds[39m                                                              [90mâ”‚[39m
Admin UI E2E (2, chrome)	Run Cypress	2025-02-04T14:20:46.1728787Z [90m  â”‚[39m [90mSpec Ran:[39m     [32m[32mclient_authorization_test.spec.ts[32m[39m                                                [90mâ”‚[39m
Admin UI E2E (2, chrome)	Run Cypress	2025-02-04T14:20:46.1735788Z [90m  â””[39m[90mâ”€[39m[90mâ”€[39m[90mâ”€[39m[90mâ”€[39m[90mâ”€[39m[90mâ”€[39m[90mâ”€[39m[90mâ”€[39m[90mâ”€[39m[90mâ”€[39m[90mâ”€[39m[90mâ”€[39m[90mâ”€[39m[90mâ”€[39m[90mâ”€[39m[90mâ”€[39m[90mâ”€[39m[90mâ”€[39m[90mâ”€[39m[90mâ”€[39m[90mâ”€[39m[90mâ”€[39m[90mâ”€[39m[90mâ”€[39m[90mâ”€[39m[90mâ”€[39m[90mâ”€[39m[90mâ”€[39m[90mâ”€[39m[90mâ”€[39m[90mâ”€[39m[90mâ”€[39m[90mâ”€[39m[90mâ”€[39m[90mâ”€[39m[90mâ”€[39m[90mâ”€[39m[90mâ”€[39m[90mâ”€[39m[90mâ”€[39m[90mâ”€[39m[90mâ”€[39m[90mâ”€[39m[90mâ”€[39m[90mâ”€[39m[90mâ”€[39m[90mâ”€[39m[90mâ”€[39m[90mâ”€[39m[90mâ”€[39m[90mâ”€[39m[90mâ”€[39m[90mâ”€[39m[90mâ”€[39m[90mâ”€[39m[90mâ”€[39m[90mâ”€[39m[90mâ”€[39m[90mâ”€[39m[90mâ”€[39m[90mâ”€[39m[90mâ”€[39m[90mâ”€[39m[90mâ”€[39m[90mâ”€[39m[90mâ”€[39m[90mâ”€[39m[90mâ”€[39m[90mâ”€[39m[90mâ”€[39m[90mâ”€[39m[90mâ”€[39m[90mâ”€[39m[90mâ”€[39m[90mâ”€[39m[90mâ”€[39m[90mâ”€[39m[90mâ”€[39m[90mâ”€[39m[90mâ”€[39m[90mâ”€[39m[90mâ”€[39m[90mâ”€[39m[90mâ”€[39m[90mâ”€[39m[90mâ”€[39m[90mâ”€[39m[90mâ”€[39m[90mâ”€[39m[90mâ”€[39m[90mâ”€[39m[90mâ”€[39m[90mâ”€[39m[90mâ”€[39m[90mâ”€[39m[90mâ”€[39m[90mâ”˜[39m
Admin UI E2E (2, chrome)	Run Cypress	2025-02-04T14:20:46.1739848Z 
Admin UI E2E (2, chrome)	Run Cypress	2025-02-04T14:20:46.2056108Z 
Admin UI E2E (2, chrome)	Run Cypress	2025-02-04T14:20:46.2069140Z [90mâ”€[39m[90mâ”€[39m[90mâ”€[39m[90mâ”€[39m[90mâ”€[39m[90mâ”€[39m[90mâ”€[39m[90mâ”€[39m[90mâ”€[39m[90mâ”€[39m[90mâ”€[39m[90mâ”€[39m[90mâ”€[39m[90mâ”€[39m[90mâ”€[39m[90mâ”€[39m[90mâ”€[39m[90mâ”€[39m[90mâ”€[39m[90mâ”€[39m[90mâ”€[39m[90mâ”€[39m[90mâ”€[39m[90mâ”€[39m[90mâ”€[39m[90mâ”€[39m[90mâ”€[39m[90mâ”€[39m[90mâ”€[39m[90mâ”€[39m[90mâ”€[39m[90mâ”€[39m[90mâ”€[39m[90mâ”€[39m[90mâ”€[39m[90mâ”€[39m[90mâ”€[39m[90mâ”€[39m[90mâ”€[39m[90mâ”€[39m[90mâ”€[39m[90mâ”€[39m[90mâ”€[39m[90mâ”€[39m[90mâ”€[39m[90mâ”€[39m[90mâ”€[39m[90mâ”€[39m[90mâ”€[39m[90mâ”€[39m[90mâ”€[39m[90mâ”€[39m[90mâ”€[39m[90mâ”€[39m[90mâ”€[39m[90mâ”€[39m[90mâ”€[39m[90mâ”€[39m[90mâ”€[39m[90mâ”€[39m[90mâ”€[39m[90mâ”€[39m[90mâ”€[39m[90mâ”€[39m[90mâ”€[39m[90mâ”€[39m[90mâ”€[39m[90mâ”€[39m[90mâ”€[39m[90mâ”€[39m[90mâ”€[39m[90mâ”€[39m[90mâ”€[39m[90mâ”€[39m[90mâ”€[39m[90mâ”€[39m[90mâ”€[39m[90mâ”€[39m[90mâ”€[39m[90mâ”€[39m[90mâ”€[39m[90mâ”€[39m[90mâ”€[39m[90mâ”€[39m[90mâ”€[39m[90mâ”€[39m[90mâ”€[39m[90mâ”€[39m[90mâ”€[39m[90mâ”€[39m[90mâ”€[39m[90mâ”€[39m[90mâ”€[39m[90mâ”€[39m[90mâ”€[39m[90mâ”€[39m[90mâ”€[39m[90mâ”€[39m[90mâ”€[39m[90mâ”€[39m
Admin UI E2E (2, chrome)	Run Cypress	2025-02-04T14:20:46.2073458Z                                                                                                     
Admin UI E2E (2, chrome)	Run Cypress	2025-02-04T14:20:46.2074736Z   Running:  [90mclient_initial_access.spec.ts[39m                                                   [90m(7 of 8)[39m
Admin UI E2E (2, chrome)	Run Cypress	2025-02-04T14:20:49.0587003Z 
Admin UI E2E (2, chrome)	Run Cypress	2025-02-04T14:20:49.0588844Z [0m[0m
Admin UI E2E (2, chrome)	Run Cypress	2025-02-04T14:20:49.0616830Z [0m  Client initial access tokens[0m
Admin UI E2E (2, chrome)	Run Cypress	2025-02-04T14:20:53.2490796Z   [32m  âœ“[0m[90m Initial access token can't be created with 0 days and count[0m[90m (4171ms)[0m
Admin UI E2E (2, chrome)	Run Cypress	2025-02-04T14:20:57.9729427Z   [32m  âœ“[0m[90m Initial access token[0m[90m (4670ms)[0m
Admin UI E2E (2, chrome)	Run Cypress	2025-02-04T14:20:57.9731435Z 
Admin UI E2E (2, chrome)	Run Cypress	2025-02-04T14:20:57.9936461Z 
Admin UI E2E (2, chrome)	Run Cypress	2025-02-04T14:20:57.9940856Z [92m [0m[32m 2 passing[0m[90m (9s)[0m
Admin UI E2E (2, chrome)	Run Cypress	2025-02-04T14:20:57.9941275Z 
Admin UI E2E (2, chrome)	Run Cypress	2025-02-04T14:20:59.0273252Z 
Admin UI E2E (2, chrome)	Run Cypress	2025-02-04T14:20:59.0274578Z [32m  ([4m[1mResults[22m[24m)[39m
Admin UI E2E (2, chrome)	Run Cypress	2025-02-04T14:20:59.0276717Z 
Admin UI E2E (2, chrome)	Run Cypress	2025-02-04T14:20:59.0287887Z [90m  â”Œ[39m[90mâ”€[39m[90mâ”€[39m[90mâ”€[39m[90mâ”€[39m[90mâ”€[39m[90mâ”€[39m[90mâ”€[39m[90mâ”€[39m[90mâ”€[39m[90mâ”€[39m[90mâ”€[39m[90mâ”€[39m[90mâ”€[39m[90mâ”€[39m[90mâ”€[39m[90mâ”€[39m[90mâ”€[39m[90mâ”€[39m[90mâ”€[39m[90mâ”€[39m[90mâ”€[39m[90mâ”€[39m[90mâ”€[39m[90mâ”€[39m[90mâ”€[39m[90mâ”€[39m[90mâ”€[39m[90mâ”€[39m[90mâ”€[39m[90mâ”€[39m[90mâ”€[39m[90mâ”€[39m[90mâ”€[39m[90mâ”€[39m[90mâ”€[39m[90mâ”€[39m[90mâ”€[39m[90mâ”€[39m[90mâ”€[39m[90mâ”€[39m[90mâ”€[39m[90mâ”€[39m[90mâ”€[39m[90mâ”€[39m[90mâ”€[39m[90mâ”€[39m[90mâ”€[39m[90mâ”€[39m[90mâ”€[39m[90mâ”€[39m[90mâ”€[39m[90mâ”€[39m[90mâ”€[39m[90mâ”€[39m[90mâ”€[39m[90mâ”€[39m[90mâ”€[39m[90mâ”€[39m[90mâ”€[39m[90mâ”€[39m[90mâ”€[39m[90mâ”€[39m[90mâ”€[39m[90mâ”€[39m[90mâ”€[39m[90mâ”€[39m[90mâ”€[39m[90mâ”€[39m[90mâ”€[39m[90mâ”€[39m[90mâ”€[39m[90mâ”€[39m[90mâ”€[39m[90mâ”€[39m[90mâ”€[39m[90mâ”€[39m[90mâ”€[39m[90mâ”€[39m[90mâ”€[39m[90mâ”€[39m[90mâ”€[39m[90mâ”€[39m[90mâ”€[39m[90mâ”€[39m[90mâ”€[39m[90mâ”€[39m[90mâ”€[39m[90mâ”€[39m[90mâ”€[39m[90mâ”€[39m[90mâ”€[39m[90mâ”€[39m[90mâ”€[39m[90mâ”€[39m[90mâ”€[39m[90mâ”€[39m[90mâ”[39m
Admin UI E2E (2, chrome)	Run Cypress	2025-02-04T14:20:59.0291174Z [90m  â”‚[39m [90mTests:[39m        [32m2[39m                                                                                [90mâ”‚[39m
Admin UI E2E (2, chrome)	Run Cypress	2025-02-04T14:20:59.0291878Z [90m  â”‚[39m [90mPassing:[39m      [32m2[39m                                                                                [90mâ”‚[39m
Admin UI E2E (2, chrome)	Run Cypress	2025-02-04T14:20:59.0292815Z [90m  â”‚[39m [90mFailing:[39m      [32m0[39m                                                                                [90mâ”‚[39m
Admin UI E2E (2, chrome)	Run Cypress	2025-02-04T14:20:59.0293799Z [90m  â”‚[39m [90mPending:[39m      [32m0[39m                                                                                [90mâ”‚[39m
Admin UI E2E (2, chrome)	Run Cypress	2025-02-04T14:20:59.0294638Z [90m  â”‚[39m [90mSkipped:[39m      [32m0[39m                                                                                [90mâ”‚[39m
Admin UI E2E (2, chrome)	Run Cypress	2025-02-04T14:20:59.0295326Z [90m  â”‚[39m [90mScreenshots:[39m  [32m0[39m                                                                                [90mâ”‚[39m
Admin UI E2E (2, chrome)	Run Cypress	2025-02-04T14:20:59.0296014Z [90m  â”‚[39m [90mVideo:[39m        [32mfalse[39m                                                                            [90mâ”‚[39m
Admin UI E2E (2, chrome)	Run Cypress	2025-02-04T14:20:59.0296704Z [90m  â”‚[39m [90mDuration:[39m     [32m8 seconds[39m                                                                        [90mâ”‚[39m
Admin UI E2E (2, chrome)	Run Cypress	2025-02-04T14:20:59.0297994Z [90m  â”‚[39m [90mSpec Ran:[39m     [32m[32mclient_initial_access.spec.ts[32m[39m                                                    [90mâ”‚[39m
Admin UI E2E (2, chrome)	Run Cypress	2025-02-04T14:20:59.0304221Z [90m  â””[39m[90mâ”€[39m[90mâ”€[39m[90mâ”€[39m[90mâ”€[39m[90mâ”€[39m[90mâ”€[39m[90mâ”€[39m[90mâ”€[39m[90mâ”€[39m[90mâ”€[39m[90mâ”€[39m[90mâ”€[39m[90mâ”€[39m[90mâ”€[39m[90mâ”€[39m[90mâ”€[39m[90mâ”€[39m[90mâ”€[39m[90mâ”€[39m[90mâ”€[39m[90mâ”€[39m[90mâ”€[39m[90mâ”€[39m[90mâ”€[39m[90mâ”€[39m[90mâ”€[39m[90mâ”€[39m[90mâ”€[39m[90mâ”€[39m[90mâ”€[39m[90mâ”€[39m[90mâ”€[39m[90mâ”€[39m[90mâ”€[39m[90mâ”€[39m[90mâ”€[39m[90mâ”€[39m[90mâ”€[39m[90mâ”€[39m[90mâ”€[39m[90mâ”€[39m[90mâ”€[39m[90mâ”€[39m[90mâ”€[39m[90mâ”€[39m[90mâ”€[39m[90mâ”€[39m[90mâ”€[39m[90mâ”€[39m[90mâ”€[39m[90mâ”€[39m[90mâ”€[39m[90mâ”€[39m[90mâ”€[39m[90mâ”€[39m[90mâ”€[39m[90mâ”€[39m[90mâ”€[39m[90mâ”€[39m[90mâ”€[39m[90mâ”€[39m[90mâ”€[39m[90mâ”€[39m[90mâ”€[39m[90mâ”€[39m[90mâ”€[39m[90mâ”€[39m[90mâ”€[39m[90mâ”€[39m[90mâ”€[39m[90mâ”€[39m[90mâ”€[39m[90mâ”€[39m[90mâ”€[39m[90mâ”€[39m[90mâ”€[39m[90mâ”€[39m[90mâ”€[39m[90mâ”€[39m[90mâ”€[39m[90mâ”€[39m[90mâ”€[39m[90mâ”€[39m[90mâ”€[39m[90mâ”€[39m[90mâ”€[39m[90mâ”€[39m[90mâ”€[39m[90mâ”€[39m[90mâ”€[39m[90mâ”€[39m[90mâ”€[39m[90mâ”€[39m[90mâ”€[39m[90mâ”€[39m[90mâ”€[39m[90mâ”˜[39m
Admin UI E2E (2, chrome)	Run Cypress	2025-02-04T14:20:59.0307631Z 
Admin UI E2E (2, chrome)	Run Cypress	2025-02-04T14:20:59.0658909Z 
Admin UI E2E (2, chrome)	Run Cypress	2025-02-04T14:20:59.0669575Z [90mâ”€[39m[90mâ”€[39m[90mâ”€[39m[90mâ”€[39m[90mâ”€[39m[90mâ”€[39m[90mâ”€[39m[90mâ”€[39m[90mâ”€[39m[90mâ”€[39m[90mâ”€[39m[90mâ”€[39m[90mâ”€[39m[90mâ”€[39m[90mâ”€[39m[90mâ”€[39m[90mâ”€[39m[90mâ”€[39m[90mâ”€[39m[90mâ”€[39m[90mâ”€[39m[90mâ”€[39m[90mâ”€[39m[90mâ”€[39m[90mâ”€[39m[90mâ”€[39m[90mâ”€[39m[90mâ”€[39m[90mâ”€[39m[90mâ”€[39m[90mâ”€[39m[90mâ”€[39m[90mâ”€[39m[90mâ”€[39m[90mâ”€[39m[90mâ”€[39m[90mâ”€[39m[90mâ”€[39m[90mâ”€[39m[90mâ”€[39m[90mâ”€[39m[90mâ”€[39m[90mâ”€[39m[90mâ”€[39m[90mâ”€[39m[90mâ”€[39m[90mâ”€[39m[90mâ”€[39m[90mâ”€[39m[90mâ”€[39m[90mâ”€[39m[90mâ”€[39m[90mâ”€[39m[90mâ”€[39m[90mâ”€[39m[90mâ”€[39m[90mâ”€[39m[90mâ”€[39m[90mâ”€[39m[90mâ”€[39m[90mâ”€[39m[90mâ”€[39m[90mâ”€[39m[90mâ”€[39m[90mâ”€[39m[90mâ”€[39m[90mâ”€[39m[90mâ”€[39m[90mâ”€[39m[90mâ”€[39m[90mâ”€[39m[90mâ”€[39m[90mâ”€[39m[90mâ”€[39m[90mâ”€[39m[90mâ”€[39m[90mâ”€[39m[90mâ”€[39m[90mâ”€[39m[90mâ”€[39m[90mâ”€[39m[90mâ”€[39m[90mâ”€[39m[90mâ”€[39m[90mâ”€[39m[90mâ”€[39m[90mâ”€[39m[90mâ”€[39m[90mâ”€[39m[90mâ”€[39m[90mâ”€[39m[90mâ”€[39m[90mâ”€[39m[90mâ”€[39m[90mâ”€[39m[90mâ”€[39m[90mâ”€[39m[90mâ”€[39m[90mâ”€[39m[90mâ”€[39m
Admin UI E2E (2, chrome)	Run Cypress	2025-02-04T14:20:59.0674136Z                                                                                                     
Admin UI E2E (2, chrome)	Run Cypress	2025-02-04T14:20:59.0675255Z   Running:  [90muser_fed_ldap_hardcoded_mapper_test.spec.ts[39m                                     [90m(8 of 8)[39m
Admin UI E2E (2, chrome)	Run Cypress	2025-02-04T14:21:01.9012489Z 
Admin UI E2E (2, chrome)	Run Cypress	2025-02-04T14:21:01.9015230Z [0m[0m
Admin UI E2E (2, chrome)	Run Cypress	2025-02-04T14:21:01.9042592Z [0m  User Fed LDAP mapper tests[0m
Admin UI E2E (2, chrome)	Run Cypress	2025-02-04T14:21:12.4549338Z   [32m  âœ“[0m[90m Create LDAP provider from empty state[0m[90m (10509ms)[0m
Admin UI E2E (2, chrome)	Run Cypress	2025-02-04T14:21:14.6406662Z   [32m  âœ“[0m[90m Create group[0m[90m (2143ms)[0m
Admin UI E2E (2, chrome)	Run Cypress	2025-02-04T14:21:23.2198943Z   [32m  âœ“[0m[90m Create client and role[0m[90m (8510ms)[0m
Admin UI E2E (2, chrome)	Run Cypress	2025-02-04T14:21:27.9931514Z   [32m  âœ“[0m[90m Delete default mappers[0m[90m (4731ms)[0m
Admin UI E2E (2, chrome)	Run Cypress	2025-02-04T14:21:33.7306132Z   [32m  âœ“[0m[90m Create hardcoded attribute mapper[0m[90m (5646ms)[0m
Admin UI E2E (2, chrome)	Run Cypress	2025-02-04T14:21:39.1579398Z   [32m  âœ“[0m[90m Create hardcoded ldap group mapper[0m[90m (5354ms)[0m
Admin UI E2E (2, chrome)	Run Cypress	2025-02-04T14:21:44.9032890Z   [32m  âœ“[0m[90m Create hardcoded ldap attribute mapper[0m[90m (5683ms)[0m
Admin UI E2E (2, chrome)	Run Cypress	2025-02-04T14:21:50.1735516Z   [32m  âœ“[0m[90m Create hardcoded ldap role mapper[0m[90m (5206ms)[0m
Admin UI E2E (2, chrome)	Run Cypress	2025-02-04T14:21:55.7171778Z   [32m  âœ“[0m[90m Create role ldap mapper[0m[90m (5471ms)[0m
Admin UI E2E (2, chrome)	Run Cypress	2025-02-04T14:21:58.6913018Z   [32m  âœ“[0m[90m Cleanup - delete LDAP provider[0m[90m (2934ms)[0m
Admin UI E2E (2, chrome)	Run Cypress	2025-02-04T14:22:00.5082856Z   [32m  âœ“[0m[90m Cleanup - delete group[0m[90m (1764ms)[0m
Admin UI E2E (2, chrome)	Run Cypress	2025-02-04T14:22:02.3734502Z   [32m  âœ“[0m[90m Cleanup - delete client[0m[90m (1828ms)[0m
Admin UI E2E (2, chrome)	Run Cypress	2025-02-04T14:22:02.3735337Z 
Admin UI E2E (2, chrome)	Run Cypress	2025-02-04T14:22:02.3894821Z 
Admin UI E2E (2, chrome)	Run Cypress	2025-02-04T14:22:02.3895849Z [92m [0m[32m 12 passing[0m[90m (1m)[0m
Admin UI E2E (2, chrome)	Run Cypress	2025-02-04T14:22:02.3896239Z 
Admin UI E2E (2, chrome)	Run Cypress	2025-02-04T14:22:03.4092922Z 
Admin UI E2E (2, chrome)	Run Cypress	2025-02-04T14:22:03.4094363Z [32m  ([4m[1mResults[22m[24m)[39m
Admin UI E2E (2, chrome)	Run Cypress	2025-02-04T14:22:03.4100104Z 
Admin UI E2E (2, chrome)	Run Cypress	2025-02-04T14:22:03.4112659Z [90m  â”Œ[39m[90mâ”€[39m[90mâ”€[39m[90mâ”€[39m[90mâ”€[39m[90mâ”€[39m[90mâ”€[39m[90mâ”€[39m[90mâ”€[39m[90mâ”€[39m[90mâ”€[39m[90mâ”€[39m[90mâ”€[39m[90mâ”€[39m[90mâ”€[39m[90mâ”€[39m[90mâ”€[39m[90mâ”€[39m[90mâ”€[39m[90mâ”€[39m[90mâ”€[39m[90mâ”€[39m[90mâ”€[39m[90mâ”€[39m[90mâ”€[39m[90mâ”€[39m[90mâ”€[39m[90mâ”€[39m[90mâ”€[39m[90mâ”€[39m[90mâ”€[39m[90mâ”€[39m[90mâ”€[39m[90mâ”€[39m[90mâ”€[39m[90mâ”€[39m[90mâ”€[39m[90mâ”€[39m[90mâ”€[39m[90mâ”€[39m[90mâ”€[39m[90mâ”€[39m[90mâ”€[39m[90mâ”€[39m[90mâ”€[39m[90mâ”€[39m[90mâ”€[39m[90mâ”€[39m[90mâ”€[39m[90mâ”€[39m[90mâ”€[39m[90mâ”€[39m[90mâ”€[39m[90mâ”€[39m[90mâ”€[39m[90mâ”€[39m[90mâ”€[39m[90mâ”€[39m[90mâ”€[39m[90mâ”€[39m[90mâ”€[39m[90mâ”€[39m[90mâ”€[39m[90mâ”€[39m[90mâ”€[39m[90mâ”€[39m[90mâ”€[39m[90mâ”€[39m[90mâ”€[39m[90mâ”€[39m[90mâ”€[39m[90mâ”€[39m[90mâ”€[39m[90mâ”€[39m[90mâ”€[39m[90mâ”€[39m[90mâ”€[39m[90mâ”€[39m[90mâ”€[39m[90mâ”€[39m[90mâ”€[39m[90mâ”€[39m[90mâ”€[39m[90mâ”€[39m[90mâ”€[39m[90mâ”€[39m[90mâ”€[39m[90mâ”€[39m[90mâ”€[39m[90mâ”€[39m[90mâ”€[39m[90mâ”€[39m[90mâ”€[39m[90mâ”€[39m[90mâ”€[39m[90mâ”€[39m[90mâ”€[39m[90mâ”[39m
Admin UI E2E (2, chrome)	Run Cypress	2025-02-04T14:22:03.4117303Z [90m  â”‚[39m [90mTests:[39m        [32m12[39m                                                                               [90mâ”‚[39m
Admin UI E2E (2, chrome)	Run Cypress	2025-02-04T14:22:03.4118559Z [90m  â”‚[39m [90mPassing:[39m      [32m12[39m                                                                               [90mâ”‚[39m
Admin UI E2E (2, chrome)	Run Cypress	2025-02-04T14:22:03.4119752Z [90m  â”‚[39m [90mFailing:[39m      [32m0[39m                                                                                [90mâ”‚[39m
Admin UI E2E (2, chrome)	Run Cypress	2025-02-04T14:22:03.4120842Z [90m  â”‚[39m [90mPending:[39m      [32m0[39m                                                                                [90mâ”‚[39m
Admin UI E2E (2, chrome)	Run Cypress	2025-02-04T14:22:03.4122488Z [90m  â”‚[39m [90mSkipped:[39m      [32m0[39m                                                                                [90mâ”‚[39m
Admin UI E2E (2, chrome)	Run Cypress	2025-02-04T14:22:03.4123691Z [90m  â”‚[39m [90mScreenshots:[39m  [32m0[39m                                                                                [90mâ”‚[39m
Admin UI E2E (2, chrome)	Run Cypress	2025-02-04T14:22:03.4124942Z [90m  â”‚[39m [90mVideo:[39m        [32mfalse[39m                                                                            [90mâ”‚[39m
Admin UI E2E (2, chrome)	Run Cypress	2025-02-04T14:22:03.4126127Z [90m  â”‚[39m [90mDuration:[39m     [32m1 minute, 0 seconds[39m                                                              [90mâ”‚[39m
Admin UI E2E (2, chrome)	Run Cypress	2025-02-04T14:22:03.4127296Z [90m  â”‚[39m [90mSpec Ran:[39m     [32m[32muser_fed_ldap_hardcoded_mapper_test.spec.ts[32m[39m                                      [90mâ”‚[39m
Admin UI E2E (2, chrome)	Run Cypress	2025-02-04T14:22:03.4131161Z [90m  â””[39m[90mâ”€[39m[90mâ”€[39m[90mâ”€[39m[90mâ”€[39m[90mâ”€[39m[90mâ”€[39m[90mâ”€[39m[90mâ”€[39m[90mâ”€[39m[90mâ”€[39m[90mâ”€[39m[90mâ”€[39m[90mâ”€[39m[90mâ”€[39m[90mâ”€[39m[90mâ”€[39m[90mâ”€[39m[90mâ”€[39m[90mâ”€[39m[90mâ”€[39m[90mâ”€[39m[90mâ”€[39m[90mâ”€[39m[90mâ”€[39m[90mâ”€[39m[90mâ”€[39m[90mâ”€[39m[90mâ”€[39m[90mâ”€[39m[90mâ”€[39m[90mâ”€[39m[90mâ”€[39m[90mâ”€[39m[90mâ”€[39m[90mâ”€[39m[90mâ”€[39m[90mâ”€[39m[90mâ”€[39m[90mâ”€[39m[90mâ”€[39m[90mâ”€[39m[90mâ”€[39m[90mâ”€[39m[90mâ”€[39m[90mâ”€[39m[90mâ”€[39m[90mâ”€[39m[90mâ”€[39m[90mâ”€[39m[90mâ”€[39m[90mâ”€[39m[90mâ”€[39m[90mâ”€[39m[90mâ”€[39m[90mâ”€[39m[90mâ”€[39m[90mâ”€[39m[90mâ”€[39m[90mâ”€[39m[90mâ”€[39m[90mâ”€[39m[90mâ”€[39m[90mâ”€[39m[90mâ”€[39m[90mâ”€[39m[90mâ”€[39m[90mâ”€[39m[90mâ”€[39m[90mâ”€[39m[90mâ”€[39m[90mâ”€[39m[90mâ”€[39m[90mâ”€[39m[90mâ”€[39m[90mâ”€[39m[90mâ”€[39m[90mâ”€[39m[90mâ”€[39m[90mâ”€[39m[90mâ”€[39m[90mâ”€[39m[90mâ”€[39m[90mâ”€[39m[90mâ”€[39m[90mâ”€[39m[90mâ”€[39m[90mâ”€[39m[90mâ”€[39m[90mâ”€[39m[90mâ”€[39m[90mâ”€[39m[90mâ”€[39m[90mâ”€[39m[90mâ”€[39m[90mâ”€[39m[90mâ”€[39m[90mâ”˜[39m
Admin UI E2E (2, chrome)	Run Cypress	2025-02-04T14:22:03.4133164Z 
Admin UI E2E (2, chrome)	Run Cypress	2025-02-04T14:22:03.4224494Z 
Admin UI E2E (2, chrome)	Run Cypress	2025-02-04T14:22:03.4670864Z [90m====================================================================================================[39m
Admin UI E2E (2, chrome)	Run Cypress	2025-02-04T14:22:03.4671396Z 
Admin UI E2E (2, chrome)	Run Cypress	2025-02-04T14:22:03.4671732Z [0m  ([4m[1mRun Finished[22m[24m)[0m
Admin UI E2E (2, chrome)	Run Cypress	2025-02-04T14:22:03.4688105Z 
Admin UI E2E (2, chrome)	Run Cypress	2025-02-04T14:22:03.4688280Z 
Admin UI E2E (2, chrome)	Run Cypress	2025-02-04T14:22:03.4720547Z [90m   [39m    [90mSpec[39m                                              [90mTests[39m  [90mPassing[39m  [90mFailing[39m  [90mPending[39m  [90mSkipped[39m [90m [39m
Admin UI E2E (2, chrome)	Run Cypress	2025-02-04T14:22:03.4727480Z [90m  â”Œ[39m[90mâ”€[39m[90mâ”€[39m[90mâ”€[39m[90mâ”€[39m[90mâ”€[39m[90mâ”€[39m[90mâ”€[39m[90mâ”€[39m[90mâ”€[39m[90mâ”€[39m[90mâ”€[39m[90mâ”€[39m[90mâ”€[39m[90mâ”€[39m[90mâ”€[39m[90mâ”€[39m[90mâ”€[39m[90mâ”€[39m[90mâ”€[39m[90mâ”€[39m[90mâ”€[39m[90mâ”€[39m[90mâ”€[39m[90mâ”€[39m[90mâ”€[39m[90mâ”€[39m[90mâ”€[39m[90mâ”€[39m[90mâ”€[39m[90mâ”€[39m[90mâ”€[39m[90mâ”€[39m[90mâ”€[39m[90mâ”€[39m[90mâ”€[39m[90mâ”€[39m[90mâ”€[39m[90mâ”€[39m[90mâ”€[39m[90mâ”€[39m[90mâ”€[39m[90mâ”€[39m[90mâ”€[39m[90mâ”€[39m[90mâ”€[39m[90mâ”€[39m[90mâ”€[39m[90mâ”€[39m[90mâ”€[39m[90mâ”€[39m[90mâ”€[39m[90mâ”€[39m[90mâ”€[39m[90mâ”€[39m[90mâ”€[39m[90mâ”€[39m[90mâ”€[39m[90mâ”€[39m[90mâ”€[39m[90mâ”€[39m[90mâ”€[39m[90mâ”€[39m[90mâ”€[39m[90mâ”€[39m[90mâ”€[39m[90mâ”€[39m[90mâ”€[39m[90mâ”€[39m[90mâ”€[39m[90mâ”€[39m[90mâ”€[39m[90mâ”€[39m[90mâ”€[39m[90mâ”€[39m[90mâ”€[39m[90mâ”€[39m[90mâ”€[39m[90mâ”€[39m[90mâ”€[39m[90mâ”€[39m[90mâ”€[39m[90mâ”€[39m[90mâ”€[39m[90mâ”€[39m[90mâ”€[39m[90mâ”€[39m[90mâ”€[39m[90mâ”€[39m[90mâ”€[39m[90mâ”€[39m[90mâ”€[39m[90mâ”€[39m[90mâ”€[39m[90mâ”€[39m[90mâ”€[39m[90mâ”€[39m[90mâ”[39m
Admin UI E2E (2, chrome)	Run Cypress	2025-02-04T14:22:03.4732460Z [90m  â”‚[39m [32mâœ”[39m  [0mi18n_test.spec.ts[0m                        [90m00:29[39m       [0m10[0m        [32m9[39m        [90m-[39m        [36m1[39m        [90m-[39m [90mâ”‚[39m
Admin UI E2E (2, chrome)	Run Cypress	2025-02-04T14:22:03.4739446Z [90m  â”œ[39m[90mâ”€[39m[90mâ”€[39m[90mâ”€[39m[90mâ”€[39m[90mâ”€[39m[90mâ”€[39m[90mâ”€[39m[90mâ”€[39m[90mâ”€[39m[90mâ”€[39m[90mâ”€[39m[90mâ”€[39m[90mâ”€[39m[90mâ”€[39m[90mâ”€[39m[90mâ”€[39m[90mâ”€[39m[90mâ”€[39m[90mâ”€[39m[90mâ”€[39m[90mâ”€[39m[90mâ”€[39m[90mâ”€[39m[90mâ”€[39m[90mâ”€[39m[90mâ”€[39m[90mâ”€[39m[90mâ”€[39m[90mâ”€[39m[90mâ”€[39m[90mâ”€[39m[90mâ”€[39m[90mâ”€[39m[90mâ”€[39m[90mâ”€[39m[90mâ”€[39m[90mâ”€[39m[90mâ”€[39m[90mâ”€[39m[90mâ”€[39m[90mâ”€[39m[90mâ”€[39m[90mâ”€[39m[90mâ”€[39m[90mâ”€[39m[90mâ”€[39m[90mâ”€[39m[90mâ”€[39m[90mâ”€[39m[90mâ”€[39m[90mâ”€[39m[90mâ”€[39m[90mâ”€[39m[90mâ”€[39m[90mâ”€[39m[90mâ”€[39m[90mâ”€[39m[90mâ”€[39m[90mâ”€[39m[90mâ”€[39m[90mâ”€[39m[90mâ”€[39m[90mâ”€[39m[90mâ”€[39m[90mâ”€[39m[90mâ”€[39m[90mâ”€[39m[90mâ”€[39m[90mâ”€[39m[90mâ”€[39m[90mâ”€[39m[90mâ”€[39m[90mâ”€[39m[90mâ”€[39m[90mâ”€[39m[90mâ”€[39m[90mâ”€[39m[90mâ”€[39m[90mâ”€[39m[90mâ”€[39m[90mâ”€[39m[90mâ”€[39m[90mâ”€[39m[90mâ”€[39m[90mâ”€[39m[90mâ”€[39m[90mâ”€[39m[90mâ”€[39m[90mâ”€[39m[90mâ”€[39m[90mâ”€[39m[90mâ”€[39m[90mâ”€[39m[90mâ”€[39m[90mâ”€[39m[90mâ”€[39m[90mâ”¤[39m
Admin UI E2E (2, chrome)	Run Cypress	2025-02-04T14:22:03.4745110Z [90m  â”‚[39m [31mâœ–[39m  [0mclients_test.spec.ts[0m                     [90m04:36[39m       [0m24[0m       [32m23[39m        [31m1[39m        [90m-[39m        [90m-[39m [90mâ”‚[39m
Admin UI E2E (2, chrome)	Run Cypress	2025-02-04T14:22:03.4753255Z [90m  â”œ[39m[90mâ”€[39m[90mâ”€[39m[90mâ”€[39m[90mâ”€[39m[90mâ”€[39m[90mâ”€[39m[90mâ”€[39m[90mâ”€[39m[90mâ”€[39m[90mâ”€[39m[90mâ”€[39m[90mâ”€[39m[90mâ”€[39m[90mâ”€[39m[90mâ”€[39m[90mâ”€[39m[90mâ”€[39m[90mâ”€[39m[90mâ”€[39m[90mâ”€[39m[90mâ”€[39m[90mâ”€[39m[90mâ”€[39m[90mâ”€[39m[90mâ”€[39m[90mâ”€[39m[90mâ”€[39m[90mâ”€[39m[90mâ”€[39m[90mâ”€[39m[90mâ”€[39m[90mâ”€[39m[90mâ”€[39m[90mâ”€[39m[90mâ”€[39m[90mâ”€[39m[90mâ”€[39m[90mâ”€[39m[90mâ”€[39m[90mâ”€[39m[90mâ”€[39m[90mâ”€[39m[90mâ”€[39m[90mâ”€[39m[90mâ”€[39m[90mâ”€[39m[90mâ”€[39m[90mâ”€[39m[90mâ”€[39m[90mâ”€[39m[90mâ”€[39m[90mâ”€[39m[90mâ”€[39m[90mâ”€[39m[90mâ”€[39m[90mâ”€[39m[90mâ”€[39m[90mâ”€[39m[90mâ”€[39m[90mâ”€[39m[90mâ”€[39m[90mâ”€[39m[90mâ”€[39m[90mâ”€[39m[90mâ”€[39m[90mâ”€[39m[90mâ”€[39m[90mâ”€[39m[90mâ”€[39m[90mâ”€[39m[90mâ”€[39m[90mâ”€[39m[90mâ”€[39m[90mâ”€[39m[90mâ”€[39m[90mâ”€[39m[90mâ”€[39m[90mâ”€[39m[90mâ”€[39m[90mâ”€[39m[90mâ”€[39m[90mâ”€[39m[90mâ”€[39m[90mâ”€[39m[90mâ”€[39m[90mâ”€[39m[90mâ”€[39m[90mâ”€[39m[90mâ”€[39m[90mâ”€[39m[90mâ”€[39m[90mâ”€[39m[90mâ”€[39m[90mâ”€[39m[90mâ”€[39m[90mâ”€[39m[90mâ”¤[39m
Admin UI E2E (2, chrome)	Run Cypress	2025-02-04T14:22:03.4758037Z [90m  â”‚[39m [32mâœ”[39m  [0musers_attribute_search_test.spec.ts[0m      [90m00:09[39m        [0m2[0m        [32m2[39m        [90m-[39m        [90m-[39m        [90m-[39m [90mâ”‚[39m
Admin UI E2E (2, chrome)	Run Cypress	2025-02-04T14:22:03.4764913Z [90m  â”œ[39m[90mâ”€[39m[90mâ”€[39m[90mâ”€[39m[90mâ”€[39m[90mâ”€[39m[90mâ”€[39m[90mâ”€[39m[90mâ”€[39m[90mâ”€[39m[90mâ”€[39m[90mâ”€[39m[90mâ”€[39m[90mâ”€[39m[90mâ”€[39m[90mâ”€[39m[90mâ”€[39m[90mâ”€[39m[90mâ”€[39m[90mâ”€[39m[90mâ”€[39m[90mâ”€[39m[90mâ”€[39m[90mâ”€[39m[90mâ”€[39m[90mâ”€[39m[90mâ”€[39m[90mâ”€[39m[90mâ”€[39m[90mâ”€[39m[90mâ”€[39m[90mâ”€[39m[90mâ”€[39m[90mâ”€[39m[90mâ”€[39m[90mâ”€[39m[90mâ”€[39m[90mâ”€[39m[90mâ”€[39m[90mâ”€[39m[90mâ”€[39m[90mâ”€[39m[90mâ”€[39m[90mâ”€[39m[90mâ”€[39m[90mâ”€[39m[90mâ”€[39m[90mâ”€[39m[90mâ”€[39m[90mâ”€[39m[90mâ”€[39m[90mâ”€[39m[90mâ”€[39m[90mâ”€[39m[90mâ”€[39m[90mâ”€[39m[90mâ”€[39m[90mâ”€[39m[90mâ”€[39m[90mâ”€[39m[90mâ”€[39m[90mâ”€[39m[90mâ”€[39m[90mâ”€[39m[90mâ”€[39m[90mâ”€[39m[90mâ”€[39m[90mâ”€[39m[90mâ”€[39m[90mâ”€[39m[90mâ”€[39m[90mâ”€[39m[90mâ”€[39m[90mâ”€[39m[90mâ”€[39m[90mâ”€[39m[90mâ”€[39m[90mâ”€[39m[90mâ”€[39m[90mâ”€[39m[90mâ”€[39m[90mâ”€[39m[90mâ”€[39m[90mâ”€[39m[90mâ”€[39m[90mâ”€[39m[90mâ”€[39m[90mâ”€[39m[90mâ”€[39m[90mâ”€[39m[90mâ”€[39m[90mâ”€[39m[90mâ”€[39m[90mâ”€[39m[90mâ”€[39m[90mâ”€[39m[90mâ”€[39m[90mâ”¤[39m
Admin UI E2E (2, chrome)	Run Cypress	2025-02-04T14:22:03.4771298Z [90m  â”‚[39m [32mâœ”[39m  [0midentity_providers_test.spec.ts[0m          [90m01:47[39m       [0m31[0m       [32m30[39m        [90m-[39m        [36m1[39m        [90m-[39m [90mâ”‚[39m
Admin UI E2E (2, chrome)	Run Cypress	2025-02-04T14:22:03.4781767Z [90m  â”œ[39m[90mâ”€[39m[90mâ”€[39m[90mâ”€[39m[90mâ”€[39m[90mâ”€[39m[90mâ”€[39m[90mâ”€[39m[90mâ”€[39m[90mâ”€[39m[90mâ”€[39m[90mâ”€[39m[90mâ”€[39m[90mâ”€[39m[90mâ”€[39m[90mâ”€[39m[90mâ”€[39m[90mâ”€[39m[90mâ”€[39m[90mâ”€[39m[90mâ”€[39m[90mâ”€[39m[90mâ”€[39m[90mâ”€[39m[90mâ”€[39m[90mâ”€[39m[90mâ”€[39m[90mâ”€[39m[90mâ”€[39m[90mâ”€[39m[90mâ”€[39m[90mâ”€[39m[90mâ”€[39m[90mâ”€[39m[90mâ”€[39m[90mâ”€[39m[90mâ”€[39m[90mâ”€[39m[90mâ”€[39m[90mâ”€[39m[90mâ”€[39m[90mâ”€[39m[90mâ”€[39m[90mâ”€[39m[90mâ”€[39m[90mâ”€[39m[90mâ”€[39m[90mâ”€[39m[90mâ”€[39m[90mâ”€[39m[90mâ”€[39m[90mâ”€[39m[90mâ”€[39m[90mâ”€[39m[90mâ”€[39m[90mâ”€[39m[90mâ”€[39m[90mâ”€[39m[90mâ”€[39m[90mâ”€[39m[90mâ”€[39m[90mâ”€[39m[90mâ”€[39m[90mâ”€[39m[90mâ”€[39m[90mâ”€[39m[90mâ”€[39m[90mâ”€[39m[90mâ”€[39m[90mâ”€[39m[90mâ”€[39m[90mâ”€[39m[90mâ”€[39m[90mâ”€[39m[90mâ”€[39m[90mâ”€[39m[90mâ”€[39m[90mâ”€[39m[90mâ”€[39m[90mâ”€[39m[90mâ”€[39m[90mâ”€[39m[90mâ”€[39m[90mâ”€[39m[90mâ”€[39m[90mâ”€[39m[90mâ”€[39m[90mâ”€[39m[90mâ”€[39m[90mâ”€[39m[90mâ”€[39m[90mâ”€[39m[90mâ”€[39m[90mâ”€[39m[90mâ”€[39m[90mâ”€[39m[90mâ”€[39m[90mâ”¤[39m
Admin UI E2E (2, chrome)	Run Cypress	2025-02-04T14:22:03.4786597Z [90m  â”‚[39m [32mâœ”[39m  [0mauthentication_policies.spec.ts[0m          [90m00:09[39m        [0m3[0m        [32m3[39m        [90m-[39m        [90m-[39m        [90m-[39m [90mâ”‚[39m
Admin UI E2E (2, chrome)	Run Cypress	2025-02-04T14:22:03.4795705Z [90m  â”œ[39m[90mâ”€[39m[90mâ”€[39m[90mâ”€[39m[90mâ”€[39m[90mâ”€[39m[90mâ”€[39m[90mâ”€[39m[90mâ”€[39m[90mâ”€[39m[90mâ”€[39m[90mâ”€[39m[90mâ”€[39m[90mâ”€[39m[90mâ”€[39m[90mâ”€[39m[90mâ”€[39m[90mâ”€[39m[90mâ”€[39m[90mâ”€[39m[90mâ”€[39m[90mâ”€[39m[90mâ”€[39m[90mâ”€[39m[90mâ”€[39m[90mâ”€[39m[90mâ”€[39m[90mâ”€[39m[90mâ”€[39m[90mâ”€[39m[90mâ”€[39m[90mâ”€[39m[90mâ”€[39m[90mâ”€[39m[90mâ”€[39m[90mâ”€[39m[90mâ”€[39m[90mâ”€[39m[90mâ”€[39m[90mâ”€[39m[90mâ”€[39m[90mâ”€[39m[90mâ”€[39m[90mâ”€[39m[90mâ”€[39m[90mâ”€[39m[90mâ”€[39m[90mâ”€[39m[90mâ”€[39m[90mâ”€[39m[90mâ”€[39m[90mâ”€[39m[90mâ”€[39m[90mâ”€[39m[90mâ”€[39m[90mâ”€[39m[90mâ”€[39m[90mâ”€[39m[90mâ”€[39m[90mâ”€[39m[90mâ”€[39m[90mâ”€[39m[90mâ”€[39m[90mâ”€[39m[90mâ”€[39m[90mâ”€[39m[90mâ”€[39m[90mâ”€[39m[90mâ”€[39m[90mâ”€[39m[90mâ”€[39m[90mâ”€[39m[90mâ”€[39m[90mâ”€[39m[90mâ”€[39m[90mâ”€[39m[90mâ”€[39m[90mâ”€[39m[90mâ”€[39m[90mâ”€[39m[90mâ”€[39m[90mâ”€[39m[90mâ”€[39m[90mâ”€[39m[90mâ”€[39m[90mâ”€[39m[90mâ”€[39m[90mâ”€[39m[90mâ”€[39m[90mâ”€[39m[90mâ”€[39m[90mâ”€[39m[90mâ”€[39m[90mâ”€[39m[90mâ”€[39m[90mâ”€[39m[90mâ”€[39m[90mâ”¤[39m
Admin UI E2E (2, chrome)	Run Cypress	2025-02-04T14:22:03.4800401Z [90m  â”‚[39m [32mâœ”[39m  [0mclient_authorization_test.spec.ts[0m        [90m01:09[39m       [0m12[0m       [32m11[39m        [90m-[39m        [36m1[39m        [90m-[39m [90mâ”‚[39m
Admin UI E2E (2, chrome)	Run Cypress	2025-02-04T14:22:03.4807459Z [90m  â”œ[39m[90mâ”€[39m[90mâ”€[39m[90mâ”€[39m[90mâ”€[39m[90mâ”€[39m[90mâ”€[39m[90mâ”€[39m[90mâ”€[39m[90mâ”€[39m[90mâ”€[39m[90mâ”€[39m[90mâ”€[39m[90mâ”€[39m[90mâ”€[39m[90mâ”€[39m[90mâ”€[39m[90mâ”€[39m[90mâ”€[39m[90mâ”€[39m[90mâ”€[39m[90mâ”€[39m[90mâ”€[39m[90mâ”€[39m[90mâ”€[39m[90mâ”€[39m[90mâ”€[39m[90mâ”€[39m[90mâ”€[39m[90mâ”€[39m[90mâ”€[39m[90mâ”€[39m[90mâ”€[39m[90mâ”€[39m[90mâ”€[39m[90mâ”€[39m[90mâ”€[39m[90mâ”€[39m[90mâ”€[39m[90mâ”€[39m[90mâ”€[39m[90mâ”€[39m[90mâ”€[39m[90mâ”€[39m[90mâ”€[39m[90mâ”€[39m[90mâ”€[39m[90mâ”€[39m[90mâ”€[39m[90mâ”€[39m[90mâ”€[39m[90mâ”€[39m[90mâ”€[39m[90mâ”€[39m[90mâ”€[39m[90mâ”€[39m[90mâ”€[39m[90mâ”€[39m[90mâ”€[39m[90mâ”€[39m[90mâ”€[39m[90mâ”€[39m[90mâ”€[39m[90mâ”€[39m[90mâ”€[39m[90mâ”€[39m[90mâ”€[39m[90mâ”€[39m[90mâ”€[39m[90mâ”€[39m[90mâ”€[39m[90mâ”€[39m[90mâ”€[39m[90mâ”€[39m[90mâ”€[39m[90mâ”€[39m[90mâ”€[39m[90mâ”€[39m[90mâ”€[39m[90mâ”€[39m[90mâ”€[39m[90mâ”€[39m[90mâ”€[39m[90mâ”€[39m[90mâ”€[39m[90mâ”€[39m[90mâ”€[39m[90mâ”€[39m[90mâ”€[39m[90mâ”€[39m[90mâ”€[39m[90mâ”€[39m[90mâ”€[39m[90mâ”€[39m[90mâ”€[39m[90mâ”€[39m[90mâ”€[39m[90mâ”¤[39m
Admin UI E2E (2, chrome)	Run Cypress	2025-02-04T14:22:03.4811980Z [90m  â”‚[39m [32mâœ”[39m  [0mclient_initial_access.spec.ts[0m            [90m00:08[39m        [0m2[0m        [32m2[39m        [90m-[39m        [90m-[39m        [90m-[39m [90mâ”‚[39m
Admin UI E2E (2, chrome)	Run Cypress	2025-02-04T14:22:03.4819016Z [90m  â”œ[39m[90mâ”€[39m[90mâ”€[39m[90mâ”€[39m[90mâ”€[39m[90mâ”€[39m[90mâ”€[39m[90mâ”€[39m[90mâ”€[39m[90mâ”€[39m[90mâ”€[39m[90mâ”€[39m[90mâ”€[39m[90mâ”€[39m[90mâ”€[39m[90mâ”€[39m[90mâ”€[39m[90mâ”€[39m[90mâ”€[39m[90mâ”€[39m[90mâ”€[39m[90mâ”€[39m[90mâ”€[39m[90mâ”€[39m[90mâ”€[39m[90mâ”€[39m[90mâ”€[39m[90mâ”€[39m[90mâ”€[39m[90mâ”€[39m[90mâ”€[39m[90mâ”€[39m[90mâ”€[39m[90mâ”€[39m[90mâ”€[39m[90mâ”€[39m[90mâ”€[39m[90mâ”€[39m[90mâ”€[39m[90mâ”€[39m[90mâ”€[39m[90mâ”€[39m[90mâ”€[39m[90mâ”€[39m[90mâ”€[39m[90mâ”€[39m[90mâ”€[39m[90mâ”€[39m[90mâ”€[39m[90mâ”€[39m[90mâ”€[39m[90mâ”€[39m[90mâ”€[39m[90mâ”€[39m[90mâ”€[39m[90mâ”€[39m[90mâ”€[39m[90mâ”€[39m[90mâ”€[39m[90mâ”€[39m[90mâ”€[39m[90mâ”€[39m[90mâ”€[39m[90mâ”€[39m[90mâ”€[39m[90mâ”€[39m[90mâ”€[39m[90mâ”€[39m[90mâ”€[39m[90mâ”€[39m[90mâ”€[39m[90mâ”€[39m[90mâ”€[39m[90mâ”€[39m[90mâ”€[39m[90mâ”€[39m[90mâ”€[39m[90mâ”€[39m[90mâ”€[39m[90mâ”€[39m[90mâ”€[39m[90mâ”€[39m[90mâ”€[39m[90mâ”€[39m[90mâ”€[39m[90mâ”€[39m[90mâ”€[39m[90mâ”€[39m[90mâ”€[39m[90mâ”€[39m[90mâ”€[39m[90mâ”€[39m[90mâ”€[39m[90mâ”€[39m[90mâ”€[39m[90mâ”€[39m[90mâ”€[39m[90mâ”¤[39m
Admin UI E2E (2, chrome)	Run Cypress	2025-02-04T14:22:03.4823448Z [90m  â”‚[39m [32mâœ”[39m  [0muser_fed_ldap_hardcoded_mapper_test[0m      [90m01:00[39m       [0m12[0m       [32m12[39m        [90m-[39m        [90m-[39m        [90m-[39m [90mâ”‚[39m
Admin UI E2E (2, chrome)	Run Cypress	2025-02-04T14:22:03.4824848Z [90m  â”‚[39m    [0m.spec.ts[0m                                                                                    [90mâ”‚[39m
Admin UI E2E (2, chrome)	Run Cypress	2025-02-04T14:22:03.4831355Z [90m  â””[39m[90mâ”€[39m[90mâ”€[39m[90mâ”€[39m[90mâ”€[39m[90mâ”€[39m[90mâ”€[39m[90mâ”€[39m[90mâ”€[39m[90mâ”€[39m[90mâ”€[39m[90mâ”€[39m[90mâ”€[39m[90mâ”€[39m[90mâ”€[39m[90mâ”€[39m[90mâ”€[39m[90mâ”€[39m[90mâ”€[39m[90mâ”€[39m[90mâ”€[39m[90mâ”€[39m[90mâ”€[39m[90mâ”€[39m[90mâ”€[39m[90mâ”€[39m[90mâ”€[39m[90mâ”€[39m[90mâ”€[39m[90mâ”€[39m[90mâ”€[39m[90mâ”€[39m[90mâ”€[39m[90mâ”€[39m[90mâ”€[39m[90mâ”€[39m[90mâ”€[39m[90mâ”€[39m[90mâ”€[39m[90mâ”€[39m[90mâ”€[39m[90mâ”€[39m[90mâ”€[39m[90mâ”€[39m[90mâ”€[39m[90mâ”€[39m[90mâ”€[39m[90mâ”€[39m[90mâ”€[39m[90mâ”€[39m[90mâ”€[39m[90mâ”€[39m[90mâ”€[39m[90mâ”€[39m[90mâ”€[39m[90mâ”€[39m[90mâ”€[39m[90mâ”€[39m[90mâ”€[39m[90mâ”€[39m[90mâ”€[39m[90mâ”€[39m[90mâ”€[39m[90mâ”€[39m[90mâ”€[39m[90mâ”€[39m[90mâ”€[39m[90mâ”€[39m[90mâ”€[39m[90mâ”€[39m[90mâ”€[39m[90mâ”€[39m[90mâ”€[39m[90mâ”€[39m[90mâ”€[39m[90mâ”€[39m[90mâ”€[39m[90mâ”€[39m[90mâ”€[39m[90mâ”€[39m[90mâ”€[39m[90mâ”€[39m[90mâ”€[39m[90mâ”€[39m[90mâ”€[39m[90mâ”€[39m[90mâ”€[39m[90mâ”€[39m[90mâ”€[39m[90mâ”€[39m[90mâ”€[39m[90mâ”€[39m[90mâ”€[39m[90mâ”€[39m[90mâ”€[39m[90mâ”€[39m[90mâ”€[39m[90mâ”˜[39m
Admin UI E2E (2, chrome)	Run Cypress	2025-02-04T14:22:03.4836204Z [90m   [39m [31mâœ–[39m  [31m1 of 8 failed (13%)[39m                      [90m09:31[39m       [0m96[0m       [32m92[39m        [31m1[39m        [36m3[39m        [90m-[39m [90m [39m
Admin UI E2E (2, chrome)	Run Cypress	2025-02-04T14:22:03.4836881Z 
Admin UI E2E (2, chrome)	Run Cypress	2025-02-04T14:22:03.5866047Z ##[error]Cypress tests: 1 failed
Status Check - Keycloak JavaScript CI	Run /./.github/actions/status-check	2025-02-04T14:41:43.9490294Z Prepare all required actions
Status Check - Keycloak JavaScript CI	Run /./.github/actions/status-check	2025-02-04T14:41:43.9560509Z ##[group]Run ./.github/actions/status-check
Status Check - Keycloak JavaScript CI	Run /./.github/actions/status-check	2025-02-04T14:41:43.9560825Z with:
Status Check - Keycloak JavaScript CI	Run /./.github/actions/status-check	2025-02-04T14:41:43.9561980Z   jobs: {
Status Check - Keycloak JavaScript CI	Run /./.github/actions/status-check	  "conditional": {
Status Check - Keycloak JavaScript CI	Run /./.github/actions/status-check	    "result": "success",
Status Check - Keycloak JavaScript CI	Run /./.github/actions/status-check	    "outputs": {
Status Check - Keycloak JavaScript CI	Run /./.github/actions/status-check	      "js-ci": "true"
Status Check - Keycloak JavaScript CI	Run /./.github/actions/status-check	    }
Status Check - Keycloak JavaScript CI	Run /./.github/actions/status-check	  },
Status Check - Keycloak JavaScript CI	Run /./.github/actions/status-check	  "build-keycloak": {
Status Check - Keycloak JavaScript CI	Run /./.github/actions/status-check	    "result": "success",
Status Check - Keycloak JavaScript CI	Run /./.github/actions/status-check	    "outputs": {}
Status Check - Keycloak JavaScript CI	Run /./.github/actions/status-check	  },
Status Check - Keycloak JavaScript CI	Run /./.github/actions/status-check	  "admin-client": {
Status Check - Keycloak JavaScript CI	Run /./.github/actions/status-check	    "result": "success",
Status Check - Keycloak JavaScript CI	Run /./.github/actions/status-check	    "outputs": {}
Status Check - Keycloak JavaScript CI	Run /./.github/actions/status-check	  },
Status Check - Keycloak JavaScript CI	Run /./.github/actions/status-check	  "ui-shared": {
Status Check - Keycloak JavaScript CI	Run /./.github/actions/status-check	    "result": "success",
Status Check - Keycloak JavaScript CI	Run /./.github/actions/status-check	    "outputs": {}
Status Check - Keycloak JavaScript CI	Run /./.github/actions/status-check	  },
Status Check - Keycloak JavaScript CI	Run /./.github/actions/status-check	  "account-ui": {
Status Check - Keycloak JavaScript CI	Run /./.github/actions/status-check	    "result": "success",
Status Check - Keycloak JavaScript CI	Run /./.github/actions/status-check	    "outputs": {}
Status Check - Keycloak JavaScript CI	Run /./.github/actions/status-check	  },
Status Check - Keycloak JavaScript CI	Run /./.github/actions/status-check	  "account-ui-e2e": {
Status Check - Keycloak JavaScript CI	Run /./.github/actions/status-check	    "result": "success",
Status Check - Keycloak JavaScript CI	Run /./.github/actions/status-check	    "outputs": {}
Status Check - Keycloak JavaScript CI	Run /./.github/actions/status-check	  },
Status Check - Keycloak JavaScript CI	Run /./.github/actions/status-check	  "admin-ui": {
Status Check - Keycloak JavaScript CI	Run /./.github/actions/status-check	    "result": "success",
Status Check - Keycloak JavaScript CI	Run /./.github/actions/status-check	    "outputs": {}
Status Check - Keycloak JavaScript CI	Run /./.github/actions/status-check	  },
Status Check - Keycloak JavaScript CI	Run /./.github/actions/status-check	  "admin-ui-e2e": {
Status Check - Keycloak JavaScript CI	Run /./.github/actions/status-check	    "result": "failure",
Status Check - Keycloak JavaScript CI	Run /./.github/actions/status-check	    "outputs": {}
Status Check - Keycloak JavaScript CI	Run /./.github/actions/status-check	  }
Status Check - Keycloak JavaScript CI	Run /./.github/actions/status-check	}
Status Check - Keycloak JavaScript CI	Run /./.github/actions/status-check	2025-02-04T14:41:43.9563406Z env:
Status Check - Keycloak JavaScript CI	Run /./.github/actions/status-check	2025-02-04T14:41:43.9563687Z   MAVEN_ARGS: -B -nsu -Daether.connector.http.connectionMaxTtl=25
Status Check - Keycloak JavaScript CI	Run /./.github/actions/status-check	2025-02-04T14:41:43.9564025Z   RETRY_COUNT: 3
Status Check - Keycloak JavaScript CI	Run /./.github/actions/status-check	2025-02-04T14:41:43.9564254Z   COREPACK_INTEGRITY_KEYS: 0
Status Check - Keycloak JavaScript CI	Run /./.github/actions/status-check	2025-02-04T14:41:43.9564472Z ##[endgroup]
Status Check - Keycloak JavaScript CI	Run /./.github/actions/status-check	2025-02-04T14:41:43.9664704Z ##[group]Run JOBS='{
Status Check - Keycloak JavaScript CI	Run /./.github/actions/status-check	2025-02-04T14:41:43.9665021Z [36;1mJOBS='{[0m
Status Check - Keycloak JavaScript CI	Run /./.github/actions/status-check	2025-02-04T14:41:43.9745971Z [36;1m  "conditional": {[0m
Status Check - Keycloak JavaScript CI	Run /./.github/actions/status-check	2025-02-04T14:41:43.9746382Z [36;1m    "result": "success",[0m
Status Check - Keycloak JavaScript CI	Run /./.github/actions/status-check	2025-02-04T14:41:43.9746786Z [36;1m    "outputs": {[0m
Status Check - Keycloak JavaScript CI	Run /./.github/actions/status-check	2025-02-04T14:41:43.9747149Z [36;1m      "js-ci": "true"[0m
Status Check - Keycloak JavaScript CI	Run /./.github/actions/status-check	2025-02-04T14:41:43.9747625Z [36;1m    }[0m
Status Check - Keycloak JavaScript CI	Run /./.github/actions/status-check	2025-02-04T14:41:43.9747985Z [36;1m  },[0m
Status Check - Keycloak JavaScript CI	Run /./.github/actions/status-check	2025-02-04T14:41:43.9748387Z [36;1m  "build-keycloak": {[0m
Status Check - Keycloak JavaScript CI	Run /./.github/actions/status-check	2025-02-04T14:41:43.9748796Z [36;1m    "result": "success",[0m
Status Check - Keycloak JavaScript CI	Run /./.github/actions/status-check	2025-02-04T14:41:43.9749189Z [36;1m    "outputs": {}[0m
Status Check - Keycloak JavaScript CI	Run /./.github/actions/status-check	2025-02-04T14:41:43.9749557Z [36;1m  },[0m
Status Check - Keycloak JavaScript CI	Run /./.github/actions/status-check	2025-02-04T14:41:43.9749893Z [36;1m  "admin-client": {[0m
Status Check - Keycloak JavaScript CI	Run /./.github/actions/status-check	2025-02-04T14:41:43.9750295Z [36;1m    "result": "success",[0m
Status Check - Keycloak JavaScript CI	Run /./.github/actions/status-check	2025-02-04T14:41:43.9750707Z [36;1m    "outputs": {}[0m
Status Check - Keycloak JavaScript CI	Run /./.github/actions/status-check	2025-02-04T14:41:43.9751128Z [36;1m  },[0m
Status Check - Keycloak JavaScript CI	Run /./.github/actions/status-check	2025-02-04T14:41:43.9751449Z [36;1m  "ui-shared": {[0m
Status Check - Keycloak JavaScript CI	Run /./.github/actions/status-check	2025-02-04T14:41:43.9751830Z [36;1m    "result": "success",[0m
Status Check - Keycloak JavaScript CI	Run /./.github/actions/status-check	2025-02-04T14:41:43.9752257Z [36;1m    "outputs": {}[0m
Status Check - Keycloak JavaScript CI	Run /./.github/actions/status-check	2025-02-04T14:41:43.9752826Z [36;1m  },[0m
Status Check - Keycloak JavaScript CI	Run /./.github/actions/status-check	2025-02-04T14:41:43.9753173Z [36;1m  "account-ui": {[0m
Status Check - Keycloak JavaScript CI	Run /./.github/actions/status-check	2025-02-04T14:41:43.9753565Z [36;1m    "result": "success",[0m
Status Check - Keycloak JavaScript CI	Run /./.github/actions/status-check	2025-02-04T14:41:43.9753985Z [36;1m    "outputs": {}[0m
Status Check - Keycloak JavaScript CI	Run /./.github/actions/status-check	2025-02-04T14:41:43.9754348Z [36;1m  },[0m
Status Check - Keycloak JavaScript CI	Run /./.github/actions/status-check	2025-02-04T14:41:43.9754665Z [36;1m  "account-ui-e2e": {[0m
Status Check - Keycloak JavaScript CI	Run /./.github/actions/status-check	2025-02-04T14:41:43.9755071Z [36;1m    "result": "success",[0m
Status Check - Keycloak JavaScript CI	Run /./.github/actions/status-check	2025-02-04T14:41:43.9755462Z [36;1m    "outputs": {}[0m
Status Check - Keycloak JavaScript CI	Run /./.github/actions/status-check	2025-02-04T14:41:43.9755824Z [36;1m  },[0m
Status Check - Keycloak JavaScript CI	Run /./.github/actions/status-check	2025-02-04T14:41:43.9756131Z [36;1m  "admin-ui": {[0m
Status Check - Keycloak JavaScript CI	Run /./.github/actions/status-check	2025-02-04T14:41:43.9756494Z [36;1m    "result": "success",[0m
Status Check - Keycloak JavaScript CI	Run /./.github/actions/status-check	2025-02-04T14:41:43.9756916Z [36;1m    "outputs": {}[0m
Status Check - Keycloak JavaScript CI	Run /./.github/actions/status-check	2025-02-04T14:41:43.9757274Z [36;1m  },[0m
Status Check - Keycloak JavaScript CI	Run /./.github/actions/status-check	2025-02-04T14:41:43.9757576Z [36;1m  "admin-ui-e2e": {[0m
Status Check - Keycloak JavaScript CI	Run /./.github/actions/status-check	2025-02-04T14:41:43.9757956Z [36;1m    "result": "failure",[0m
Status Check - Keycloak JavaScript CI	Run /./.github/actions/status-check	2025-02-04T14:41:43.9758353Z [36;1m    "outputs": {}[0m
Status Check - Keycloak JavaScript CI	Run /./.github/actions/status-check	2025-02-04T14:41:43.9758709Z [36;1m  }[0m
Status Check - Keycloak JavaScript CI	Run /./.github/actions/status-check	2025-02-04T14:41:43.9759017Z [36;1m}'[0m
Status Check - Keycloak JavaScript CI	Run /./.github/actions/status-check	2025-02-04T14:41:43.9759327Z [36;1m[0m
Status Check - Keycloak JavaScript CI	Run /./.github/actions/status-check	2025-02-04T14:41:43.9759632Z [36;1mecho "Job status:"[0m
Status Check - Keycloak JavaScript CI	Run /./.github/actions/status-check	2025-02-04T14:41:43.9760206Z [36;1mecho $JOBS | jq -r 'to_entries[] | " - \(.key): \(.value.result)"'[0m
Status Check - Keycloak JavaScript CI	Run /./.github/actions/status-check	2025-02-04T14:41:43.9760763Z [36;1m[0m
Status Check - Keycloak JavaScript CI	Run /./.github/actions/status-check	2025-02-04T14:41:43.9761243Z [36;1mfor i in $(echo $JOBS | jq -r 'to_entries[] | .value.result'); do[0m
Status Check - Keycloak JavaScript CI	Run /./.github/actions/status-check	2025-02-04T14:41:43.9762011Z [36;1m  if [ "$i" != "success" ] && [ "$i" != "skipped" ]; then[0m
Status Check - Keycloak JavaScript CI	Run /./.github/actions/status-check	2025-02-04T14:41:43.9762538Z [36;1m    echo ""[0m
Status Check - Keycloak JavaScript CI	Run /./.github/actions/status-check	2025-02-04T14:41:43.9763074Z [36;1m    echo "Status check not okay!"[0m
Status Check - Keycloak JavaScript CI	Run /./.github/actions/status-check	2025-02-04T14:41:43.9763460Z [36;1m    exit 1[0m
Status Check - Keycloak JavaScript CI	Run /./.github/actions/status-check	2025-02-04T14:41:43.9763892Z [36;1m  fi[0m
Status Check - Keycloak JavaScript CI	Run /./.github/actions/status-check	2025-02-04T14:41:43.9764068Z [36;1mdone[0m
Status Check - Keycloak JavaScript CI	Run /./.github/actions/status-check	2025-02-04T14:41:43.9797289Z shell: /usr/bin/bash --noprofile --norc -e -o pipefail {0}
Status Check - Keycloak JavaScript CI	Run /./.github/actions/status-check	2025-02-04T14:41:43.9797643Z env:
Status Check - Keycloak JavaScript CI	Run /./.github/actions/status-check	2025-02-04T14:41:43.9797930Z   MAVEN_ARGS: -B -nsu -Daether.connector.http.connectionMaxTtl=25
Status Check - Keycloak JavaScript CI	Run /./.github/actions/status-check	2025-02-04T14:41:43.9798272Z   RETRY_COUNT: 3
Status Check - Keycloak JavaScript CI	Run /./.github/actions/status-check	2025-02-04T14:41:43.9798473Z   COREPACK_INTEGRITY_KEYS: 0
Status Check - Keycloak JavaScript CI	Run /./.github/actions/status-check	2025-02-04T14:41:43.9798958Z ##[endgroup]
Status Check - Keycloak JavaScript CI	Run /./.github/actions/status-check	2025-02-04T14:41:43.9868430Z Job status:
Status Check - Keycloak JavaScript CI	Run /./.github/actions/status-check	2025-02-04T14:41:43.9926471Z  - conditional: success
Status Check - Keycloak JavaScript CI	Run /./.github/actions/status-check	2025-02-04T14:41:43.9926835Z  - build-keycloak: success
Status Check - Keycloak JavaScript CI	Run /./.github/actions/status-check	2025-02-04T14:41:43.9927102Z  - admin-client: success
Status Check - Keycloak JavaScript CI	Run /./.github/actions/status-check	2025-02-04T14:41:43.9927329Z  - ui-shared: success
Status Check - Keycloak JavaScript CI	Run /./.github/actions/status-check	2025-02-04T14:41:43.9927536Z  - account-ui: success
Status Check - Keycloak JavaScript CI	Run /./.github/actions/status-check	2025-02-04T14:41:43.9927745Z  - account-ui-e2e: success
Status Check - Keycloak JavaScript CI	Run /./.github/actions/status-check	2025-02-04T14:41:43.9927957Z  - admin-ui: success
Status Check - Keycloak JavaScript CI	Run /./.github/actions/status-check	2025-02-04T14:41:43.9928153Z  - admin-ui-e2e: failure
Status Check - Keycloak JavaScript CI	Run /./.github/actions/status-check	2025-02-04T14:41:43.9961363Z 
Status Check - Keycloak JavaScript CI	Run /./.github/actions/status-check	2025-02-04T14:41:43.9961719Z Status check not okay!
Status Check - Keycloak JavaScript CI	Run /./.github/actions/status-check	2025-02-04T14:41:43.9974004Z ##[error]Process completed with exit code 1.
