Test OLM installation	UNKNOWN STEP	ï»¿2025-10-20T08:39:54.8406514Z Current runner version: '2.329.0'
Test OLM installation	UNKNOWN STEP	2025-10-20T08:39:54.8429119Z ##[group]Runner Image Provisioner
Test OLM installation	UNKNOWN STEP	2025-10-20T08:39:54.8430025Z Hosted Compute Agent
Test OLM installation	UNKNOWN STEP	2025-10-20T08:39:54.8430547Z Version: 20251013.424
Test OLM installation	UNKNOWN STEP	2025-10-20T08:39:54.8431153Z Commit: cfdd8bfed34d71a55b72df4d2e82343c3fc2bab3
Test OLM installation	UNKNOWN STEP	2025-10-20T08:39:54.8431879Z Build Date: 2025-10-13T20:22:23Z
Test OLM installation	UNKNOWN STEP	2025-10-20T08:39:54.8432484Z ##[endgroup]
Test OLM installation	UNKNOWN STEP	2025-10-20T08:39:54.8433011Z ##[group]Operating System
Test OLM installation	UNKNOWN STEP	2025-10-20T08:39:54.8433558Z Ubuntu
Test OLM installation	UNKNOWN STEP	2025-10-20T08:39:54.8434060Z 24.04.3
Test OLM installation	UNKNOWN STEP	2025-10-20T08:39:54.8434489Z LTS
Test OLM installation	UNKNOWN STEP	2025-10-20T08:39:54.8435004Z ##[endgroup]
Test OLM installation	UNKNOWN STEP	2025-10-20T08:39:54.8435477Z ##[group]Runner Image
Test OLM installation	UNKNOWN STEP	2025-10-20T08:39:54.8436373Z Image: ubuntu-24.04
Test OLM installation	UNKNOWN STEP	2025-10-20T08:39:54.8436848Z Version: 20251014.76.1
Test OLM installation	UNKNOWN STEP	2025-10-20T08:39:54.8437929Z Included Software: https://github.com/actions/runner-images/blob/ubuntu24/20251014.76/images/ubuntu/Ubuntu2404-Readme.md
Test OLM installation	UNKNOWN STEP	2025-10-20T08:39:54.8439458Z Image Release: https://github.com/actions/runner-images/releases/tag/ubuntu24%2F20251014.76
Test OLM installation	UNKNOWN STEP	2025-10-20T08:39:54.8440437Z ##[endgroup]
Test OLM installation	UNKNOWN STEP	2025-10-20T08:39:54.8441391Z ##[group]GITHUB_TOKEN Permissions
Test OLM installation	UNKNOWN STEP	2025-10-20T08:39:54.8443205Z Contents: read
Test OLM installation	UNKNOWN STEP	2025-10-20T08:39:54.8443761Z Metadata: read
Test OLM installation	UNKNOWN STEP	2025-10-20T08:39:54.8444279Z ##[endgroup]
Test OLM installation	UNKNOWN STEP	2025-10-20T08:39:54.8446871Z Secret source: None
Test OLM installation	UNKNOWN STEP	2025-10-20T08:39:54.8447564Z Prepare workflow directory
Test OLM installation	UNKNOWN STEP	2025-10-20T08:39:54.8899422Z Prepare all required actions
Test OLM installation	UNKNOWN STEP	2025-10-20T08:39:54.8936513Z Getting action download info
Test OLM installation	UNKNOWN STEP	2025-10-20T08:39:55.3929379Z Download action repository 'actions/checkout@08c6903cd8c0fde910a37f88322edcfb5dd907a8' (SHA:08c6903cd8c0fde910a37f88322edcfb5dd907a8)
Test OLM installation	UNKNOWN STEP	2025-10-20T08:39:55.5750580Z Download action repository 'manusa/actions-setup-minikube@b589f2d61bf96695c546929c72b38563e856059d' (SHA:b589f2d61bf96695c546929c72b38563e856059d)
Test OLM installation	UNKNOWN STEP	2025-10-20T08:39:56.4034444Z Download action repository 'redhat-actions/openshift-tools-installer@144527c7d98999f2652264c048c7a9bd103f8a82' (SHA:144527c7d98999f2652264c048c7a9bd103f8a82)
Test OLM installation	UNKNOWN STEP	2025-10-20T08:39:57.1876491Z Download action repository 'actions/download-artifact@634f93cb2916e3fdff6788551b99b062d0335ce0' (SHA:634f93cb2916e3fdff6788551b99b062d0335ce0)
Test OLM installation	UNKNOWN STEP	2025-10-20T08:39:57.7972140Z Download action repository 'actions/upload-artifact@ea165f8d65b6e75b540449e92b4886f43607fa02' (SHA:ea165f8d65b6e75b540449e92b4886f43607fa02)
Test OLM installation	UNKNOWN STEP	2025-10-20T08:39:58.0584431Z Complete job name: Test OLM installation
Test OLM installation	UNKNOWN STEP	2025-10-20T08:39:58.1402041Z ##[group]Run actions/checkout@08c6903cd8c0fde910a37f88322edcfb5dd907a8
Test OLM installation	UNKNOWN STEP	2025-10-20T08:39:58.1402942Z with:
Test OLM installation	UNKNOWN STEP	2025-10-20T08:39:58.1403311Z   repository: keycloak/keycloak
Test OLM installation	UNKNOWN STEP	2025-10-20T08:39:58.1403933Z   token: ***
Test OLM installation	UNKNOWN STEP	2025-10-20T08:39:58.1404285Z   ssh-strict: true
Test OLM installation	UNKNOWN STEP	2025-10-20T08:39:58.1404653Z   ssh-user: git
Test OLM installation	UNKNOWN STEP	2025-10-20T08:39:58.1405020Z   persist-credentials: true
Test OLM installation	UNKNOWN STEP	2025-10-20T08:39:58.1405416Z   clean: true
Test OLM installation	UNKNOWN STEP	2025-10-20T08:39:58.1406033Z   sparse-checkout-cone-mode: true
Test OLM installation	UNKNOWN STEP	2025-10-20T08:39:58.1406476Z   fetch-depth: 1
Test OLM installation	UNKNOWN STEP	2025-10-20T08:39:58.1406833Z   fetch-tags: false
Test OLM installation	UNKNOWN STEP	2025-10-20T08:39:58.1407194Z   show-progress: true
Test OLM installation	UNKNOWN STEP	2025-10-20T08:39:58.1407562Z   lfs: false
Test OLM installation	UNKNOWN STEP	2025-10-20T08:39:58.1407925Z   submodules: false
Test OLM installation	UNKNOWN STEP	2025-10-20T08:39:58.1408290Z   set-safe-directory: true
Test OLM installation	UNKNOWN STEP	2025-10-20T08:39:58.1408935Z env:
Test OLM installation	UNKNOWN STEP	2025-10-20T08:39:58.1409424Z   MAVEN_ARGS: -B -nsu -Daether.connector.http.connectionMaxTtl=25
Test OLM installation	UNKNOWN STEP	2025-10-20T08:39:58.1409964Z   MINIKUBE_VERSION: v1.37.0
Test OLM installation	UNKNOWN STEP	2025-10-20T08:39:58.1410416Z   KUBERNETES_VERSION: v1.32.9
Test OLM installation	UNKNOWN STEP	2025-10-20T08:39:58.1410820Z   MINIKUBE_MEMORY: 4096
Test OLM installation	UNKNOWN STEP	2025-10-20T08:39:58.1411178Z ##[endgroup]
Test OLM installation	UNKNOWN STEP	2025-10-20T08:39:58.2325035Z Syncing repository: keycloak/keycloak
Test OLM installation	UNKNOWN STEP	2025-10-20T08:39:58.2327079Z ##[group]Getting Git version info
Test OLM installation	UNKNOWN STEP	2025-10-20T08:39:58.2327740Z Working directory is '/home/runner/work/keycloak/keycloak'
Test OLM installation	UNKNOWN STEP	2025-10-20T08:39:58.2328651Z [command]/usr/bin/git version
Test OLM installation	UNKNOWN STEP	2025-10-20T08:39:58.2380696Z git version 2.51.0
Test OLM installation	UNKNOWN STEP	2025-10-20T08:39:58.2433087Z ##[endgroup]
Test OLM installation	UNKNOWN STEP	2025-10-20T08:39:58.2446726Z Temporarily overriding HOME='/home/runner/work/_temp/a14bd445-b248-4434-9770-ab21bf069eea' before making global git config changes
Test OLM installation	UNKNOWN STEP	2025-10-20T08:39:58.2448477Z Adding repository directory to the temporary git global config as a safe directory
Test OLM installation	UNKNOWN STEP	2025-10-20T08:39:58.2451917Z [command]/usr/bin/git config --global --add safe.directory /home/runner/work/keycloak/keycloak
Test OLM installation	UNKNOWN STEP	2025-10-20T08:39:58.2488425Z Deleting the contents of '/home/runner/work/keycloak/keycloak'
Test OLM installation	UNKNOWN STEP	2025-10-20T08:39:58.2492006Z ##[group]Initializing the repository
Test OLM installation	UNKNOWN STEP	2025-10-20T08:39:58.2496797Z [command]/usr/bin/git init /home/runner/work/keycloak/keycloak
Test OLM installation	UNKNOWN STEP	2025-10-20T08:39:58.2593162Z hint: Using 'master' as the name for the initial branch. This default branch name
Test OLM installation	UNKNOWN STEP	2025-10-20T08:39:58.2594468Z hint: is subject to change. To configure the initial branch name to use in all
Test OLM installation	UNKNOWN STEP	2025-10-20T08:39:58.2595862Z hint: of your new repositories, which will suppress this warning, call:
Test OLM installation	UNKNOWN STEP	2025-10-20T08:39:58.2596697Z hint:
Test OLM installation	UNKNOWN STEP	2025-10-20T08:39:58.2597227Z hint: 	git config --global init.defaultBranch <name>
Test OLM installation	UNKNOWN STEP	2025-10-20T08:39:58.2597970Z hint:
Test OLM installation	UNKNOWN STEP	2025-10-20T08:39:58.2598842Z hint: Names commonly chosen instead of 'master' are 'main', 'trunk' and
Test OLM installation	UNKNOWN STEP	2025-10-20T08:39:58.2600093Z hint: 'development'. The just-created branch can be renamed via this command:
Test OLM installation	UNKNOWN STEP	2025-10-20T08:39:58.2601036Z hint:
Test OLM installation	UNKNOWN STEP	2025-10-20T08:39:58.2601596Z hint: 	git branch -m <name>
Test OLM installation	UNKNOWN STEP	2025-10-20T08:39:58.2602022Z hint:
Test OLM installation	UNKNOWN STEP	2025-10-20T08:39:58.2602592Z hint: Disable this message with "git config set advice.defaultBranchName false"
Test OLM installation	UNKNOWN STEP	2025-10-20T08:39:58.2603415Z Initialized empty Git repository in /home/runner/work/keycloak/keycloak/.git/
Test OLM installation	UNKNOWN STEP	2025-10-20T08:39:58.2609560Z [command]/usr/bin/git remote add origin https://github.com/keycloak/keycloak
Test OLM installation	UNKNOWN STEP	2025-10-20T08:39:58.2647316Z ##[endgroup]
Test OLM installation	UNKNOWN STEP	2025-10-20T08:39:58.2648098Z ##[group]Disabling automatic garbage collection
Test OLM installation	UNKNOWN STEP	2025-10-20T08:39:58.2652502Z [command]/usr/bin/git config --local gc.auto 0
Test OLM installation	UNKNOWN STEP	2025-10-20T08:39:58.2679162Z ##[endgroup]
Test OLM installation	UNKNOWN STEP	2025-10-20T08:39:58.2680159Z ##[group]Setting up auth
Test OLM installation	UNKNOWN STEP	2025-10-20T08:39:58.2686064Z [command]/usr/bin/git config --local --name-only --get-regexp core\.sshCommand
Test OLM installation	UNKNOWN STEP	2025-10-20T08:39:58.2718326Z [command]/usr/bin/git submodule foreach --recursive sh -c "git config --local --name-only --get-regexp 'core\.sshCommand' && git config --local --unset-all 'core.sshCommand' || :"
Test OLM installation	UNKNOWN STEP	2025-10-20T08:39:58.3037372Z [command]/usr/bin/git config --local --name-only --get-regexp http\.https\:\/\/github\.com\/\.extraheader
Test OLM installation	UNKNOWN STEP	2025-10-20T08:39:58.3067948Z [command]/usr/bin/git submodule foreach --recursive sh -c "git config --local --name-only --get-regexp 'http\.https\:\/\/github\.com\/\.extraheader' && git config --local --unset-all 'http.https://github.com/.extraheader' || :"
Test OLM installation	UNKNOWN STEP	2025-10-20T08:39:58.3280967Z [command]/usr/bin/git config --local http.https://github.com/.extraheader AUTHORIZATION: basic ***
Test OLM installation	UNKNOWN STEP	2025-10-20T08:39:58.3314332Z ##[endgroup]
Test OLM installation	UNKNOWN STEP	2025-10-20T08:39:58.3316072Z ##[group]Fetching the repository
Test OLM installation	UNKNOWN STEP	2025-10-20T08:39:58.3324033Z [command]/usr/bin/git -c protocol.version=2 fetch --no-tags --prune --no-recurse-submodules --depth=1 origin +449bbbcf09be994083d5882b711ee2dac15dc915:refs/remotes/pull/43085/merge
Test OLM installation	UNKNOWN STEP	2025-10-20T08:40:02.1412953Z From https://github.com/keycloak/keycloak
Test OLM installation	UNKNOWN STEP	2025-10-20T08:40:02.1413949Z  * [new ref]         449bbbcf09be994083d5882b711ee2dac15dc915 -> pull/43085/merge
Test OLM installation	UNKNOWN STEP	2025-10-20T08:40:02.1446096Z ##[endgroup]
Test OLM installation	UNKNOWN STEP	2025-10-20T08:40:02.1446775Z ##[group]Determining the checkout info
Test OLM installation	UNKNOWN STEP	2025-10-20T08:40:02.1449615Z ##[endgroup]
Test OLM installation	UNKNOWN STEP	2025-10-20T08:40:02.1454966Z [command]/usr/bin/git sparse-checkout disable
Test OLM installation	UNKNOWN STEP	2025-10-20T08:40:02.1496927Z [command]/usr/bin/git config --local --unset-all extensions.worktreeConfig
Test OLM installation	UNKNOWN STEP	2025-10-20T08:40:02.1521784Z ##[group]Checking out the ref
Test OLM installation	UNKNOWN STEP	2025-10-20T08:40:02.1527696Z [command]/usr/bin/git checkout --progress --force refs/remotes/pull/43085/merge
Test OLM installation	UNKNOWN STEP	2025-10-20T08:40:02.9500954Z Note: switching to 'refs/remotes/pull/43085/merge'.
Test OLM installation	UNKNOWN STEP	2025-10-20T08:40:02.9501429Z 
Test OLM installation	UNKNOWN STEP	2025-10-20T08:40:02.9501731Z You are in 'detached HEAD' state. You can look around, make experimental
Test OLM installation	UNKNOWN STEP	2025-10-20T08:40:02.9502444Z changes and commit them, and you can discard any commits you make in this
Test OLM installation	UNKNOWN STEP	2025-10-20T08:40:02.9503157Z state without impacting any branches by switching back to a branch.
Test OLM installation	UNKNOWN STEP	2025-10-20T08:40:02.9503932Z 
Test OLM installation	UNKNOWN STEP	2025-10-20T08:40:02.9504240Z If you want to create a new branch to retain commits you create, you may
Test OLM installation	UNKNOWN STEP	2025-10-20T08:40:02.9504887Z do so (now or later) by using -c with the switch command. Example:
Test OLM installation	UNKNOWN STEP	2025-10-20T08:40:02.9505263Z 
Test OLM installation	UNKNOWN STEP	2025-10-20T08:40:02.9505408Z   git switch -c <new-branch-name>
Test OLM installation	UNKNOWN STEP	2025-10-20T08:40:02.9505923Z 
Test OLM installation	UNKNOWN STEP	2025-10-20T08:40:02.9506071Z Or undo this operation with:
Test OLM installation	UNKNOWN STEP	2025-10-20T08:40:02.9506317Z 
Test OLM installation	UNKNOWN STEP	2025-10-20T08:40:02.9506444Z   git switch -
Test OLM installation	UNKNOWN STEP	2025-10-20T08:40:02.9506868Z 
Test OLM installation	UNKNOWN STEP	2025-10-20T08:40:02.9507202Z Turn off this advice by setting config variable advice.detachedHead to false
Test OLM installation	UNKNOWN STEP	2025-10-20T08:40:02.9507688Z 
Test OLM installation	UNKNOWN STEP	2025-10-20T08:40:02.9509375Z HEAD is now at 449bbbc Merge 0e107f9d24f0df8bbc0be1a1a3cd9684bdec7c94 into 37bea126c723068b35d1f46bab5367c18db156ab
Test OLM installation	UNKNOWN STEP	2025-10-20T08:40:02.9539338Z ##[endgroup]
Test OLM installation	UNKNOWN STEP	2025-10-20T08:40:02.9587162Z [command]/usr/bin/git log -1 --format=%H
Test OLM installation	UNKNOWN STEP	2025-10-20T08:40:02.9615243Z 449bbbcf09be994083d5882b711ee2dac15dc915
Test OLM installation	UNKNOWN STEP	2025-10-20T08:40:02.9840358Z Prepare all required actions
Test OLM installation	UNKNOWN STEP	2025-10-20T08:40:02.9840784Z Getting action download info
Test OLM installation	UNKNOWN STEP	2025-10-20T08:40:03.1775334Z Download action repository 'actions/setup-java@c5195efecf7bdfc987ee8bae7a71cb8b11521c00' (SHA:c5195efecf7bdfc987ee8bae7a71cb8b11521c00)
Test OLM installation	UNKNOWN STEP	2025-10-20T08:40:03.9851559Z ##[group]Run ./.github/actions/java-setup
Test OLM installation	UNKNOWN STEP	2025-10-20T08:40:03.9851835Z with:
Test OLM installation	UNKNOWN STEP	2025-10-20T08:40:03.9852017Z   distribution: temurin
Test OLM installation	UNKNOWN STEP	2025-10-20T08:40:03.9852213Z   java-version: 21
Test OLM installation	UNKNOWN STEP	2025-10-20T08:40:03.9852398Z env:
Test OLM installation	UNKNOWN STEP	2025-10-20T08:40:03.9852661Z   MAVEN_ARGS: -B -nsu -Daether.connector.http.connectionMaxTtl=25
Test OLM installation	UNKNOWN STEP	2025-10-20T08:40:03.9853007Z   MINIKUBE_VERSION: v1.37.0
Test OLM installation	UNKNOWN STEP	2025-10-20T08:40:03.9853225Z   KUBERNETES_VERSION: v1.32.9
Test OLM installation	UNKNOWN STEP	2025-10-20T08:40:03.9853443Z   MINIKUBE_MEMORY: 4096
Test OLM installation	UNKNOWN STEP	2025-10-20T08:40:03.9853632Z ##[endgroup]
Test OLM installation	UNKNOWN STEP	2025-10-20T08:40:03.9998391Z ##[group]Run actions/setup-java@c5195efecf7bdfc987ee8bae7a71cb8b11521c00
Test OLM installation	UNKNOWN STEP	2025-10-20T08:40:03.9998749Z with:
Test OLM installation	UNKNOWN STEP	2025-10-20T08:40:03.9998921Z   distribution: temurin
Test OLM installation	UNKNOWN STEP	2025-10-20T08:40:03.9999155Z   java-version: 21
Test OLM installation	UNKNOWN STEP	2025-10-20T08:40:03.9999349Z   java-package: jdk
Test OLM installation	UNKNOWN STEP	2025-10-20T08:40:03.9999543Z   check-latest: false
Test OLM installation	UNKNOWN STEP	2025-10-20T08:40:03.9999723Z   server-id: github
Test OLM installation	UNKNOWN STEP	2025-10-20T08:40:03.9999911Z   server-username: GITHUB_ACTOR
Test OLM installation	UNKNOWN STEP	2025-10-20T08:40:04.0000133Z   server-password: GITHUB_TOKEN
Test OLM installation	UNKNOWN STEP	2025-10-20T08:40:04.0000351Z   overwrite-settings: true
Test OLM installation	UNKNOWN STEP	2025-10-20T08:40:04.0000552Z   job-status: success
Test OLM installation	UNKNOWN STEP	2025-10-20T08:40:04.0000856Z   token: ***
Test OLM installation	UNKNOWN STEP	2025-10-20T08:40:04.0001025Z env:
Test OLM installation	UNKNOWN STEP	2025-10-20T08:40:04.0001281Z   MAVEN_ARGS: -B -nsu -Daether.connector.http.connectionMaxTtl=25
Test OLM installation	UNKNOWN STEP	2025-10-20T08:40:04.0001616Z   MINIKUBE_VERSION: v1.37.0
Test OLM installation	UNKNOWN STEP	2025-10-20T08:40:04.0001830Z   KUBERNETES_VERSION: v1.32.9
Test OLM installation	UNKNOWN STEP	2025-10-20T08:40:04.0002042Z   MINIKUBE_MEMORY: 4096
Test OLM installation	UNKNOWN STEP	2025-10-20T08:40:04.0002233Z ##[endgroup]
Test OLM installation	UNKNOWN STEP	2025-10-20T08:40:04.1893161Z ##[group]Installed distributions
Test OLM installation	UNKNOWN STEP	2025-10-20T08:40:04.2266322Z Resolved Java 21.0.8+9 from tool-cache
Test OLM installation	UNKNOWN STEP	2025-10-20T08:40:04.2267165Z Setting Java 21.0.8+9 as the default
Test OLM installation	UNKNOWN STEP	2025-10-20T08:40:04.2280176Z Creating toolchains.xml for JDK version 21 from temurin
Test OLM installation	UNKNOWN STEP	2025-10-20T08:40:04.2356166Z Writing to /home/runner/.m2/toolchains.xml
Test OLM installation	UNKNOWN STEP	2025-10-20T08:40:04.2357342Z 
Test OLM installation	UNKNOWN STEP	2025-10-20T08:40:04.2357509Z Java configuration:
Test OLM installation	UNKNOWN STEP	2025-10-20T08:40:04.2358167Z   Distribution: temurin
Test OLM installation	UNKNOWN STEP	2025-10-20T08:40:04.2358546Z   Version: 21.0.8+9
Test OLM installation	UNKNOWN STEP	2025-10-20T08:40:04.2359814Z   Path: /opt/hostedtoolcache/Java_Temurin-Hotspot_jdk/21.0.8-9/x64
Test OLM installation	UNKNOWN STEP	2025-10-20T08:40:04.2360300Z 
Test OLM installation	UNKNOWN STEP	2025-10-20T08:40:04.2360959Z ##[endgroup]
Test OLM installation	UNKNOWN STEP	2025-10-20T08:40:04.2376041Z Creating settings.xml with server-id: github
Test OLM installation	UNKNOWN STEP	2025-10-20T08:40:04.2383327Z Writing to /home/runner/.m2/settings.xml
Test OLM installation	UNKNOWN STEP	2025-10-20T08:40:04.2532487Z ##[group]Run manusa/actions-setup-minikube@b589f2d61bf96695c546929c72b38563e856059d
Test OLM installation	UNKNOWN STEP	2025-10-20T08:40:04.2532879Z with:
Test OLM installation	UNKNOWN STEP	2025-10-20T08:40:04.2533053Z   minikube version: v1.37.0
Test OLM installation	UNKNOWN STEP	2025-10-20T08:40:04.2533274Z   kubernetes version: v1.32.9
Test OLM installation	UNKNOWN STEP	2025-10-20T08:40:04.2533685Z   github token: ***
Test OLM installation	UNKNOWN STEP	2025-10-20T08:40:04.2533865Z   driver: docker
Test OLM installation	UNKNOWN STEP	2025-10-20T08:40:04.2534159Z   start args: --memory=4096 --addons=registry --insecure-registry=192.168.49.0/24
Test OLM installation	UNKNOWN STEP	2025-10-20T08:40:04.2534648Z env:
Test OLM installation	UNKNOWN STEP	2025-10-20T08:40:04.2534895Z   MAVEN_ARGS: -B -nsu -Daether.connector.http.connectionMaxTtl=25
Test OLM installation	UNKNOWN STEP	2025-10-20T08:40:04.2535218Z   MINIKUBE_VERSION: v1.37.0
Test OLM installation	UNKNOWN STEP	2025-10-20T08:40:04.2535425Z   KUBERNETES_VERSION: v1.32.9
Test OLM installation	UNKNOWN STEP	2025-10-20T08:40:04.2535802Z   MINIKUBE_MEMORY: 4096
Test OLM installation	UNKNOWN STEP	2025-10-20T08:40:04.2536087Z   JAVA_HOME: /opt/hostedtoolcache/Java_Temurin-Hotspot_jdk/21.0.8-9/x64
Test OLM installation	UNKNOWN STEP	2025-10-20T08:40:04.2536528Z   JAVA_HOME_21_X64: /opt/hostedtoolcache/Java_Temurin-Hotspot_jdk/21.0.8-9/x64
Test OLM installation	UNKNOWN STEP	2025-10-20T08:40:04.2536848Z ##[endgroup]
Test OLM installation	UNKNOWN STEP	2025-10-20T08:40:04.3693178Z Loading input variables
Test OLM installation	UNKNOWN STEP	2025-10-20T08:40:04.3696073Z Updating Environment configuration to support Minikube
Test OLM installation	UNKNOWN STEP	2025-10-20T08:40:04.3935924Z 
Test OLM installation	UNKNOWN STEP	2025-10-20T08:40:04.3936424Z WARNING: apt does not have a stable CLI interface. Use with caution in scripts.
Test OLM installation	UNKNOWN STEP	2025-10-20T08:40:04.3937421Z 
Test OLM installation	UNKNOWN STEP	2025-10-20T08:40:04.5146771Z Get:1 file:/etc/apt/apt-mirrors.txt Mirrorlist [144 B]
Test OLM installation	UNKNOWN STEP	2025-10-20T08:40:04.5547882Z Hit:2 http://azure.archive.ubuntu.com/ubuntu noble InRelease
Test OLM installation	UNKNOWN STEP	2025-10-20T08:40:04.5561374Z Hit:6 https://packages.microsoft.com/repos/azure-cli noble InRelease
Test OLM installation	UNKNOWN STEP	2025-10-20T08:40:04.5562414Z Get:7 https://packages.microsoft.com/ubuntu/24.04/prod noble InRelease [3600 B]
Test OLM installation	UNKNOWN STEP	2025-10-20T08:40:04.5607102Z Get:3 http://azure.archive.ubuntu.com/ubuntu noble-updates InRelease [126 kB]
Test OLM installation	UNKNOWN STEP	2025-10-20T08:40:04.5671049Z Get:4 http://azure.archive.ubuntu.com/ubuntu noble-backports InRelease [126 kB]
Test OLM installation	UNKNOWN STEP	2025-10-20T08:40:04.5731134Z Get:5 http://azure.archive.ubuntu.com/ubuntu noble-security InRelease [126 kB]
Test OLM installation	UNKNOWN STEP	2025-10-20T08:40:04.7941749Z Get:8 https://packages.microsoft.com/ubuntu/24.04/prod noble/main armhf Packages [10.9 kB]
Test OLM installation	UNKNOWN STEP	2025-10-20T08:40:04.8052437Z Get:9 https://packages.microsoft.com/ubuntu/24.04/prod noble/main amd64 Packages [62.8 kB]
Test OLM installation	UNKNOWN STEP	2025-10-20T08:40:04.8087434Z Get:10 https://packages.microsoft.com/ubuntu/24.04/prod noble/main arm64 Packages [45.3 kB]
Test OLM installation	UNKNOWN STEP	2025-10-20T08:40:04.8453120Z Get:11 http://azure.archive.ubuntu.com/ubuntu noble-updates/main amd64 Packages [1498 kB]
Test OLM installation	UNKNOWN STEP	2025-10-20T08:40:04.8558132Z Get:12 http://azure.archive.ubuntu.com/ubuntu noble-updates/main amd64 Components [175 kB]
Test OLM installation	UNKNOWN STEP	2025-10-20T08:40:04.8577664Z Get:13 http://azure.archive.ubuntu.com/ubuntu noble-updates/main amd64 c-n-f Metadata [15.3 kB]
Test OLM installation	UNKNOWN STEP	2025-10-20T08:40:04.8588003Z Get:14 http://azure.archive.ubuntu.com/ubuntu noble-updates/universe amd64 Packages [1496 kB]
Test OLM installation	UNKNOWN STEP	2025-10-20T08:40:04.8698205Z Get:15 http://azure.archive.ubuntu.com/ubuntu noble-updates/universe Translation-en [301 kB]
Test OLM installation	UNKNOWN STEP	2025-10-20T08:40:04.8712408Z Get:16 http://azure.archive.ubuntu.com/ubuntu noble-updates/universe amd64 Components [378 kB]
Test OLM installation	UNKNOWN STEP	2025-10-20T08:40:04.8743914Z Get:17 http://azure.archive.ubuntu.com/ubuntu noble-updates/universe amd64 c-n-f Metadata [31.3 kB]
Test OLM installation	UNKNOWN STEP	2025-10-20T08:40:04.8760484Z Get:18 http://azure.archive.ubuntu.com/ubuntu noble-updates/restricted amd64 Packages [2090 kB]
Test OLM installation	UNKNOWN STEP	2025-10-20T08:40:04.8890794Z Get:19 http://azure.archive.ubuntu.com/ubuntu noble-updates/restricted Translation-en [470 kB]
Test OLM installation	UNKNOWN STEP	2025-10-20T08:40:04.8928532Z Get:20 http://azure.archive.ubuntu.com/ubuntu noble-updates/restricted amd64 Components [212 B]
Test OLM installation	UNKNOWN STEP	2025-10-20T08:40:04.9366008Z Get:21 http://azure.archive.ubuntu.com/ubuntu noble-updates/restricted amd64 c-n-f Metadata [516 B]
Test OLM installation	UNKNOWN STEP	2025-10-20T08:40:04.9377864Z Get:22 http://azure.archive.ubuntu.com/ubuntu noble-updates/multiverse amd64 Packages [30.3 kB]
Test OLM installation	UNKNOWN STEP	2025-10-20T08:40:04.9388928Z Get:23 http://azure.archive.ubuntu.com/ubuntu noble-updates/multiverse Translation-en [5564 B]
Test OLM installation	UNKNOWN STEP	2025-10-20T08:40:04.9404890Z Get:24 http://azure.archive.ubuntu.com/ubuntu noble-updates/multiverse amd64 Components [940 B]
Test OLM installation	UNKNOWN STEP	2025-10-20T08:40:04.9419356Z Get:25 http://azure.archive.ubuntu.com/ubuntu noble-updates/multiverse amd64 c-n-f Metadata [484 B]
Test OLM installation	UNKNOWN STEP	2025-10-20T08:40:04.9425227Z Get:26 http://azure.archive.ubuntu.com/ubuntu noble-backports/main amd64 Components [7140 B]
Test OLM installation	UNKNOWN STEP	2025-10-20T08:40:04.9442302Z Get:27 http://azure.archive.ubuntu.com/ubuntu noble-backports/universe amd64 Components [11.0 kB]
Test OLM installation	UNKNOWN STEP	2025-10-20T08:40:04.9460593Z Get:28 http://azure.archive.ubuntu.com/ubuntu noble-backports/restricted amd64 Components [216 B]
Test OLM installation	UNKNOWN STEP	2025-10-20T08:40:04.9471375Z Get:29 http://azure.archive.ubuntu.com/ubuntu noble-backports/multiverse amd64 Components [212 B]
Test OLM installation	UNKNOWN STEP	2025-10-20T08:40:04.9836794Z Get:30 http://azure.archive.ubuntu.com/ubuntu noble-security/main amd64 Packages [1222 kB]
Test OLM installation	UNKNOWN STEP	2025-10-20T08:40:04.9898223Z Get:31 http://azure.archive.ubuntu.com/ubuntu noble-security/main Translation-en [204 kB]
Test OLM installation	UNKNOWN STEP	2025-10-20T08:40:04.9919516Z Get:32 http://azure.archive.ubuntu.com/ubuntu noble-security/main amd64 Components [21.5 kB]
Test OLM installation	UNKNOWN STEP	2025-10-20T08:40:04.9929296Z Get:33 http://azure.archive.ubuntu.com/ubuntu noble-security/main amd64 c-n-f Metadata [8968 B]
Test OLM installation	UNKNOWN STEP	2025-10-20T08:40:04.9945848Z Get:34 http://azure.archive.ubuntu.com/ubuntu noble-security/universe amd64 Packages [892 kB]
Test OLM installation	UNKNOWN STEP	2025-10-20T08:40:05.0407718Z Get:35 http://azure.archive.ubuntu.com/ubuntu noble-security/universe Translation-en [197 kB]
Test OLM installation	UNKNOWN STEP	2025-10-20T08:40:05.0427980Z Get:36 http://azure.archive.ubuntu.com/ubuntu noble-security/universe amd64 Components [52.3 kB]
Test OLM installation	UNKNOWN STEP	2025-10-20T08:40:05.0438988Z Get:37 http://azure.archive.ubuntu.com/ubuntu noble-security/universe amd64 c-n-f Metadata [18.3 kB]
Test OLM installation	UNKNOWN STEP	2025-10-20T08:40:05.0448207Z Get:38 http://azure.archive.ubuntu.com/ubuntu noble-security/restricted amd64 Components [212 B]
Test OLM installation	UNKNOWN STEP	2025-10-20T08:40:05.0457811Z Get:39 http://azure.archive.ubuntu.com/ubuntu noble-security/multiverse amd64 Components [208 B]
Test OLM installation	UNKNOWN STEP	2025-10-20T08:40:13.0647917Z Fetched 9629 kB in 1s (7437 kB/s)
Test OLM installation	UNKNOWN STEP	2025-10-20T08:40:13.7532392Z Reading package lists...
Test OLM installation	UNKNOWN STEP	2025-10-20T08:40:13.8982477Z Building dependency tree...
Test OLM installation	UNKNOWN STEP	2025-10-20T08:40:13.8989699Z Reading state information...
Test OLM installation	UNKNOWN STEP	2025-10-20T08:40:13.9118550Z 11 packages can be upgraded. Run 'apt list --upgradable' to see them.
Test OLM installation	UNKNOWN STEP	2025-10-20T08:40:13.9478624Z Reading package lists...
Test OLM installation	UNKNOWN STEP	2025-10-20T08:40:14.0889318Z Building dependency tree...
Test OLM installation	UNKNOWN STEP	2025-10-20T08:40:14.0896486Z Reading state information...
Test OLM installation	UNKNOWN STEP	2025-10-20T08:40:14.2551087Z The following NEW packages will be installed:
Test OLM installation	UNKNOWN STEP	2025-10-20T08:40:14.2556433Z   conntrack
Test OLM installation	UNKNOWN STEP	2025-10-20T08:40:14.2721807Z 0 upgraded, 1 newly installed, 0 to remove and 11 not upgraded.
Test OLM installation	UNKNOWN STEP	2025-10-20T08:40:14.2722369Z Need to get 37.9 kB of archives.
Test OLM installation	UNKNOWN STEP	2025-10-20T08:40:14.2722812Z After this operation, 119 kB of additional disk space will be used.
Test OLM installation	UNKNOWN STEP	2025-10-20T08:40:14.2723197Z Get:1 file:/etc/apt/apt-mirrors.txt Mirrorlist [144 B]
Test OLM installation	UNKNOWN STEP	2025-10-20T08:40:14.3455798Z Get:2 http://azure.archive.ubuntu.com/ubuntu noble/main amd64 conntrack amd64 1:1.4.8-1ubuntu1 [37.9 kB]
Test OLM installation	UNKNOWN STEP	2025-10-20T08:40:14.5943440Z Fetched 37.9 kB in 0s (447 kB/s)
Test OLM installation	UNKNOWN STEP	2025-10-20T08:40:14.6337209Z Selecting previously unselected package conntrack.
Test OLM installation	UNKNOWN STEP	2025-10-20T08:40:14.7713165Z (Reading database ... 
Test OLM installation	UNKNOWN STEP	2025-10-20T08:40:14.7713891Z (Reading database ... 5%
Test OLM installation	UNKNOWN STEP	2025-10-20T08:40:14.7714264Z (Reading database ... 10%
Test OLM installation	UNKNOWN STEP	2025-10-20T08:40:14.7714485Z (Reading database ... 15%
Test OLM installation	UNKNOWN STEP	2025-10-20T08:40:14.7714697Z (Reading database ... 20%
Test OLM installation	UNKNOWN STEP	2025-10-20T08:40:14.7714887Z (Reading database ... 25%
Test OLM installation	UNKNOWN STEP	2025-10-20T08:40:14.7715080Z (Reading database ... 30%
Test OLM installation	UNKNOWN STEP	2025-10-20T08:40:14.7715286Z (Reading database ... 35%
Test OLM installation	UNKNOWN STEP	2025-10-20T08:40:14.7715475Z (Reading database ... 40%
Test OLM installation	UNKNOWN STEP	2025-10-20T08:40:14.7715942Z (Reading database ... 45%
Test OLM installation	UNKNOWN STEP	2025-10-20T08:40:14.7716143Z (Reading database ... 50%
Test OLM installation	UNKNOWN STEP	2025-10-20T08:40:14.8965980Z (Reading database ... 55%
Test OLM installation	UNKNOWN STEP	2025-10-20T08:40:15.5744756Z (Reading database ... 60%
Test OLM installation	UNKNOWN STEP	2025-10-20T08:40:16.2193814Z (Reading database ... 65%
Test OLM installation	UNKNOWN STEP	2025-10-20T08:40:16.8218444Z (Reading database ... 70%
Test OLM installation	UNKNOWN STEP	2025-10-20T08:40:17.4212599Z (Reading database ... 75%
Test OLM installation	UNKNOWN STEP	2025-10-20T08:40:18.1169059Z (Reading database ... 80%
Test OLM installation	UNKNOWN STEP	2025-10-20T08:40:18.8148925Z (Reading database ... 85%
Test OLM installation	UNKNOWN STEP	2025-10-20T08:40:19.5491759Z (Reading database ... 90%
Test OLM installation	UNKNOWN STEP	2025-10-20T08:40:20.2978242Z (Reading database ... 95%
Test OLM installation	UNKNOWN STEP	2025-10-20T08:40:20.2978648Z (Reading database ... 100%
Test OLM installation	UNKNOWN STEP	2025-10-20T08:40:20.2979146Z (Reading database ... 215760 files and directories currently installed.)
Test OLM installation	UNKNOWN STEP	2025-10-20T08:40:20.3020820Z Preparing to unpack .../conntrack_1%3a1.4.8-1ubuntu1_amd64.deb ...
Test OLM installation	UNKNOWN STEP	2025-10-20T08:40:20.3047802Z Unpacking conntrack (1:1.4.8-1ubuntu1) ...
Test OLM installation	UNKNOWN STEP	2025-10-20T08:40:20.3760072Z Setting up conntrack (1:1.4.8-1ubuntu1) ...
Test OLM installation	UNKNOWN STEP	2025-10-20T08:40:20.3787912Z Processing triggers for man-db (2.12.0-4build2) ...
Test OLM installation	UNKNOWN STEP	2025-10-20T08:40:27.6065898Z 
Test OLM installation	UNKNOWN STEP	2025-10-20T08:40:27.6066337Z Running kernel seems to be up-to-date.
Test OLM installation	UNKNOWN STEP	2025-10-20T08:40:27.6066705Z 
Test OLM installation	UNKNOWN STEP	2025-10-20T08:40:27.6066858Z No services need to be restarted.
Test OLM installation	UNKNOWN STEP	2025-10-20T08:40:27.6067130Z 
Test OLM installation	UNKNOWN STEP	2025-10-20T08:40:27.6067287Z No containers need to be restarted.
Test OLM installation	UNKNOWN STEP	2025-10-20T08:40:27.6067562Z 
Test OLM installation	UNKNOWN STEP	2025-10-20T08:40:27.6067744Z No user sessions are running outdated binaries.
Test OLM installation	UNKNOWN STEP	2025-10-20T08:40:27.6068100Z 
Test OLM installation	UNKNOWN STEP	2025-10-20T08:40:27.6068413Z No VM guests are running outdated hypervisor (qemu) binaries on this host.
Test OLM installation	UNKNOWN STEP	2025-10-20T08:40:28.4159743Z fs.protected_regular = 0
Test OLM installation	UNKNOWN STEP	2025-10-20T08:40:28.4170814Z Waiting for Docker to be ready
Test OLM installation	UNKNOWN STEP	2025-10-20T08:40:28.5150821Z 28.0.4 - 28.0.4
Test OLM installation	UNKNOWN STEP	2025-10-20T08:40:28.5165285Z Docker daemon is ready
Test OLM installation	UNKNOWN STEP	2025-10-20T08:40:28.5169407Z Downloading Minikube  v1.37.0
Test OLM installation	UNKNOWN STEP	2025-10-20T08:40:28.9052093Z Downloading from: https://github.com/kubernetes/minikube/releases/download/v1.37.0/minikube-linux-amd64
Test OLM installation	UNKNOWN STEP	2025-10-20T08:40:30.0832125Z Installing Minikube
Test OLM installation	UNKNOWN STEP	2025-10-20T08:40:30.1194556Z * minikube v1.37.0 on Ubuntu 24.04
Test OLM installation	UNKNOWN STEP	2025-10-20T08:40:30.1199635Z   - MINIKUBE_VERSION=v1.37.0
Test OLM installation	UNKNOWN STEP	2025-10-20T08:40:30.1211627Z   - MINIKUBE_MEMORY=4096
Test OLM installation	UNKNOWN STEP	2025-10-20T08:40:30.1216605Z   - MINIKUBE_HOME=/home/runner/work/_temp
Test OLM installation	UNKNOWN STEP	2025-10-20T08:40:32.9430888Z * Using the docker driver based on user configuration
Test OLM installation	UNKNOWN STEP	2025-10-20T08:40:33.0079596Z * Using Docker driver with root privileges
Test OLM installation	UNKNOWN STEP	2025-10-20T08:40:33.0090058Z * Starting "minikube" primary control-plane node in "minikube" cluster
Test OLM installation	UNKNOWN STEP	2025-10-20T08:40:33.0097399Z * Pulling base image v0.0.48 ...
Test OLM installation	UNKNOWN STEP	2025-10-20T08:40:33.0612447Z * Downloading Kubernetes v1.32.9 preload ...
Test OLM installation	UNKNOWN STEP	2025-10-20T08:41:11.5552739Z * Configuring bridge CNI (Container Networking Interface) ...
Test OLM installation	UNKNOWN STEP	2025-10-20T08:41:11.6579456Z * Verifying Kubernetes components...
Test OLM installation	UNKNOWN STEP	2025-10-20T08:41:11.6904347Z   - Using image gcr.io/k8s-minikube/kube-registry-proxy:0.0.9
Test OLM installation	UNKNOWN STEP	2025-10-20T08:41:11.6906641Z   - Using image gcr.io/k8s-minikube/storage-provisioner:v5
Test OLM installation	UNKNOWN STEP	2025-10-20T08:41:11.6919903Z   - Using image docker.io/registry:3.0.0
Test OLM installation	UNKNOWN STEP	2025-10-20T08:41:12.2432497Z * Verifying registry addon...
Test OLM installation	UNKNOWN STEP	2025-10-20T08:47:12.2450140Z     > gcr.io/k8s-minikube/kicbase...:  0 B [_______________________] ?% ? p/s ?    > gcr.io/k8s-minikube/kicbase...:  1.61 KiB / 488.52 MiB [>_] 0.00% ? p/s ?    > gcr.io/k8s-minikube/kicbase...:  49.76 KiB / 488.52 MiB [>] 0.01% ? p/s ?    > gcr.io/k8s-minikube/kicbase...:  12.49 MiB / 488.52 MiB  2.56% 20.81 MiB     > gcr.io/k8s-minikube/kicbase...:  45.05 MiB / 488.52 MiB  9.22% 20.81 MiB     > gcr.io/k8s-minikube/kicbase...:  77.75 MiB / 488.52 MiB  15.92% 20.81 MiB    > gcr.io/k8s-minikube/kicbase...:  110.50 MiB / 488.52 MiB  22.62% 30.00 Mi    > gcr.io/k8s-minikube/kicbase...:  143.96 MiB / 488.52 MiB  29.47% 30.00 Mi    > gcr.io/k8s-minikube/kicbase...:  176.85 MiB / 488.52 MiB  36.20% 30.00 Mi    > gcr.io/k8s-minikube/kicbase...:  210.17 MiB / 488.52 MiB  43.02% 38.79 Mi    > gcr.io/k8s-minikube/kicbase...:  243.67 MiB / 488.52 MiB  49.88% 38.79 Mi    > gcr.io/k8s-minikube/kicbase...:  277.03 MiB / 488.52 MiB  56.71% 38.79 Mi    > gcr.io/k8s-minikube/kicbase...:  310.22 MiB / 488.52 MiB  63.50% 47.04 Mi    > gcr.io/k8s-minikube/kicbase...:  343.41 MiB / 488.52 MiB  70.30% 47.04 Mi    > gcr.io/k8s-minikube/kicbase...:  376.77 MiB / 488.52 MiB  77.12% 47.04 Mi    > gcr.io/k8s-minikube/kicbase...:  409.81 MiB / 488.52 MiB  83.89% 54.72 Mi    > gcr.io/k8s-minikube/kicbase...:  443.38 MiB / 488.52 MiB  90.76% 54.72 Mi    > gcr.io/k8s-minikube/kicbase...:  476.53 MiB / 488.52 MiB  97.55% 54.72 Mi    > gcr.io/k8s-minikube/kicbase...:  488.51 MiB / 488.52 MiB  100.00% 140.72 ! Enabling 'registry' returned an error: running callbacks: [waiting for kubernetes.io/minikube-addons=registry pods: context deadline exceeded]
Test OLM installation	UNKNOWN STEP	2025-10-20T08:47:12.2456583Z * Enabled addons: default-storageclass, storage-provisioner
Test OLM installation	UNKNOWN STEP	2025-10-20T08:47:15.6519767Z 
Test OLM installation	UNKNOWN STEP	2025-10-20T08:47:15.6523939Z ! /usr/bin/kubectl is version 1.34.1, which may have incompatibilities with Kubernetes 1.32.9.
Test OLM installation	UNKNOWN STEP	2025-10-20T08:47:15.6527208Z   - Want kubectl v1.32.9? Try 'minikube kubectl -- get pods -A'
Test OLM installation	UNKNOWN STEP	2025-10-20T08:47:15.6530767Z * Done! kubectl is now configured to use "minikube" cluster and "default" namespace by default
Test OLM installation	UNKNOWN STEP	2025-10-20T08:47:15.7262072Z minikube version: v1.37.0commit: 65318f4cfff9c12cc87ec9eb8f4cdd57b25047f3 installed successfully
Test OLM installation	UNKNOWN STEP	2025-10-20T08:47:15.7461281Z ##[group]Run redhat-actions/openshift-tools-installer@144527c7d98999f2652264c048c7a9bd103f8a82
Test OLM installation	UNKNOWN STEP	2025-10-20T08:47:15.7461715Z with:
Test OLM installation	UNKNOWN STEP	2025-10-20T08:47:15.7461878Z   source: github
Test OLM installation	UNKNOWN STEP	2025-10-20T08:47:15.7462043Z   opm: 1.21.0
Test OLM installation	UNKNOWN STEP	2025-10-20T08:47:15.7462329Z   github_pat: ***
Test OLM installation	UNKNOWN STEP	2025-10-20T08:47:15.7462508Z   skip_cache: false
Test OLM installation	UNKNOWN STEP	2025-10-20T08:47:15.7462684Z env:
Test OLM installation	UNKNOWN STEP	2025-10-20T08:47:15.7462934Z   MAVEN_ARGS: -B -nsu -Daether.connector.http.connectionMaxTtl=25
Test OLM installation	UNKNOWN STEP	2025-10-20T08:47:15.7463259Z   MINIKUBE_VERSION: v1.37.0
Test OLM installation	UNKNOWN STEP	2025-10-20T08:47:15.7463472Z   KUBERNETES_VERSION: v1.32.9
Test OLM installation	UNKNOWN STEP	2025-10-20T08:47:15.7463690Z   MINIKUBE_MEMORY: 4096
Test OLM installation	UNKNOWN STEP	2025-10-20T08:47:15.7463987Z   JAVA_HOME: /opt/hostedtoolcache/Java_Temurin-Hotspot_jdk/21.0.8-9/x64
Test OLM installation	UNKNOWN STEP	2025-10-20T08:47:15.7464408Z   JAVA_HOME_21_X64: /opt/hostedtoolcache/Java_Temurin-Hotspot_jdk/21.0.8-9/x64
Test OLM installation	UNKNOWN STEP	2025-10-20T08:47:15.7464753Z   MINIKUBE_HOME: /home/runner/work/_temp
Test OLM installation	UNKNOWN STEP	2025-10-20T08:47:15.7464979Z ##[endgroup]
Test OLM installation	UNKNOWN STEP	2025-10-20T08:47:15.9064222Z Installing opm matching version "1.21.0"
Test OLM installation	UNKNOWN STEP	2025-10-20T08:47:15.9083499Z â„¹ï¸ Tools will be installed from "github".
Test OLM installation	UNKNOWN STEP	2025-10-20T08:47:15.9085379Z 
Test OLM installation	UNKNOWN STEP	2025-10-20T08:47:15.9086191Z ðŸ”Ž Searching for a version of opm satisfying the range "1.21.0" that was input as "1.21.0"
Test OLM installation	UNKNOWN STEP	2025-10-20T08:47:18.1116027Z Max opm version satisfying 1.21.0 is 1.21.0
Test OLM installation	UNKNOWN STEP	2025-10-20T08:47:18.1117170Z Download path of opm is https://github.com/operator-framework/operator-registry/releases
Test OLM installation	UNKNOWN STEP	2025-10-20T08:47:18.4312499Z Current operating system is linux
Test OLM installation	UNKNOWN STEP	2025-10-20T08:47:18.4315751Z Current architecture is amd64
Test OLM installation	UNKNOWN STEP	2025-10-20T08:47:18.4316742Z Selecting linux-amd64-opm
Test OLM installation	UNKNOWN STEP	2025-10-20T08:47:18.4320498Z Using temporary directory for storage
Test OLM installation	UNKNOWN STEP	2025-10-20T08:47:18.4326866Z ðŸ“ CLIs will be downloaded to /home/runner/work/_temp/openshift-bin
Test OLM installation	UNKNOWN STEP	2025-10-20T08:47:18.4329916Z Added /home/runner/work/_temp/openshift-bin to PATH
Test OLM installation	UNKNOWN STEP	2025-10-20T08:47:18.4330345Z Checking the cache for opm v1.21.0...
Test OLM installation	UNKNOWN STEP	2025-10-20T08:47:18.5274731Z ##[warning]Failed to check cache for opm v1.21.0: Error: Cache service responded with 400
Test OLM installation	UNKNOWN STEP	2025-10-20T08:47:18.8457146Z â¬‡ï¸ Downloading 45.03MB https://github.com/operator-framework/operator-registry/releases/download/v1.21.0/linux-amd64-opm ...
Test OLM installation	UNKNOWN STEP	2025-10-20T08:47:19.5259841Z Downloaded linux-amd64-opm in 0.7s
Test OLM installation	UNKNOWN STEP	2025-10-20T08:47:19.5260419Z Download path of opm is https://github.com/operator-framework/operator-registry/releases
Test OLM installation	UNKNOWN STEP	2025-10-20T08:47:19.8336883Z â¬‡ï¸ Downloading hash file https://github.com/operator-framework/operator-registry/releases/download/v1.21.0/checksums.txt
Test OLM installation	UNKNOWN STEP	2025-10-20T08:47:20.2197950Z sha256 verification of linux-amd64-opm succeeded.
Test OLM installation	UNKNOWN STEP	2025-10-20T08:47:20.2280934Z opm installed into /home/runner/work/_temp/openshift-bin/opm
Test OLM installation	UNKNOWN STEP	2025-10-20T08:47:20.2311584Z [command]/home/runner/work/_temp/openshift-bin/opm version
Test OLM installation	UNKNOWN STEP	2025-10-20T08:47:20.2505107Z Version: version.Version{OpmVersion:"v1.21.0", GitCommit:"9999f796", BuildDate:"2022-03-03T21:23:12Z", GoOs:"linux", GoArch:"amd64"}
Test OLM installation	UNKNOWN STEP	2025-10-20T08:47:20.2525094Z ðŸ’¾ Saving opm v1.21.0 into the cache
Test OLM installation	UNKNOWN STEP	2025-10-20T08:47:20.2668246Z ##[warning]Failed to cache opm v1.21.0: ReserveCacheError: Unable to reserve cache with key opm_v1.21.0_linux_amd64_github, another job may be creating this cache.
Test OLM installation	UNKNOWN STEP	2025-10-20T08:47:20.2670758Z âœ… Successfully installed opm v1.21.0.
Test OLM installation	UNKNOWN STEP	2025-10-20T08:47:20.2671091Z 
Test OLM installation	UNKNOWN STEP	2025-10-20T08:47:20.2671348Z âœ… Successfully installed 1/1 client:
Test OLM installation	UNKNOWN STEP	2025-10-20T08:47:20.2671785Z   - opm v1.21.0
Test OLM installation	UNKNOWN STEP	2025-10-20T08:47:20.2685117Z Wrote out installed versions to /home/runner/work/_temp/openshift-bin/openshift-clients-installed.json
Test OLM installation	UNKNOWN STEP	2025-10-20T08:47:20.2838527Z ##[group]Run redhat-actions/openshift-tools-installer@144527c7d98999f2652264c048c7a9bd103f8a82
Test OLM installation	UNKNOWN STEP	2025-10-20T08:47:20.2839114Z with:
Test OLM installation	UNKNOWN STEP	2025-10-20T08:47:20.2839267Z   oc: 4
Test OLM installation	UNKNOWN STEP	2025-10-20T08:47:20.2839544Z   github_pat: ***
Test OLM installation	UNKNOWN STEP	2025-10-20T08:47:20.2839726Z   source: mirror
Test OLM installation	UNKNOWN STEP	2025-10-20T08:47:20.2839894Z   skip_cache: false
Test OLM installation	UNKNOWN STEP	2025-10-20T08:47:20.2840066Z env:
Test OLM installation	UNKNOWN STEP	2025-10-20T08:47:20.2840313Z   MAVEN_ARGS: -B -nsu -Daether.connector.http.connectionMaxTtl=25
Test OLM installation	UNKNOWN STEP	2025-10-20T08:47:20.2840636Z   MINIKUBE_VERSION: v1.37.0
Test OLM installation	UNKNOWN STEP	2025-10-20T08:47:20.2840845Z   KUBERNETES_VERSION: v1.32.9
Test OLM installation	UNKNOWN STEP	2025-10-20T08:47:20.2841052Z   MINIKUBE_MEMORY: 4096
Test OLM installation	UNKNOWN STEP	2025-10-20T08:47:20.2841340Z   JAVA_HOME: /opt/hostedtoolcache/Java_Temurin-Hotspot_jdk/21.0.8-9/x64
Test OLM installation	UNKNOWN STEP	2025-10-20T08:47:20.2841776Z   JAVA_HOME_21_X64: /opt/hostedtoolcache/Java_Temurin-Hotspot_jdk/21.0.8-9/x64
Test OLM installation	UNKNOWN STEP	2025-10-20T08:47:20.2842120Z   MINIKUBE_HOME: /home/runner/work/_temp
Test OLM installation	UNKNOWN STEP	2025-10-20T08:47:20.2842345Z ##[endgroup]
Test OLM installation	UNKNOWN STEP	2025-10-20T08:47:20.4436154Z Installing oc matching version "4"
Test OLM installation	UNKNOWN STEP	2025-10-20T08:47:20.4456084Z â„¹ï¸ Tools will be installed from "mirror".
Test OLM installation	UNKNOWN STEP	2025-10-20T08:47:20.4457792Z 
Test OLM installation	UNKNOWN STEP	2025-10-20T08:47:20.4458347Z ðŸ”Ž Searching for a version of oc satisfying the range ">=4.0.0 <5.0.0-0" that was input as "4"
Test OLM installation	UNKNOWN STEP	2025-10-20T08:47:20.4463786Z Download directory for oc is https://mirror.openshift.com/pub/openshift-v4/clients/ocp/
Test OLM installation	UNKNOWN STEP	2025-10-20T08:47:21.8400370Z Max oc version satisfying >=4.0.0 <5.0.0-0 is 4.20.0
Test OLM installation	UNKNOWN STEP	2025-10-20T08:47:22.4817089Z Current operating system is linux
Test OLM installation	UNKNOWN STEP	2025-10-20T08:47:22.4827157Z ##[warning]Multiple files were found for oc that matched the current OS and architecture: openshift-client-linux-4.20.0.tar.gz, openshift-client-linux-amd64-rhel8-4.20.0.tar.gz, openshift-client-linux-amd64-rhel9-4.20.0.tar.gz, openshift-client-linux-arm64-4.20.0.tar.gz, openshift-client-linux-arm64-rhel8-4.20.0.tar.gz, openshift-client-linux-arm64-rhel9-4.20.0.tar.gz, openshift-client-linux-ppc64le-4.20.0.tar.gz, openshift-client-linux-ppc64le-rhel8-4.20.0.tar.gz, openshift-client-linux-ppc64le-rhel9-4.20.0.tar.gz, openshift-client-linux-s390x-rhel8-4.20.0.tar.gz, openshift-client-linux-s390x-rhel9-4.20.0.tar.gz. Selecting the first one.
Test OLM installation	UNKNOWN STEP	2025-10-20T08:47:22.4832517Z Selecting openshift-client-linux-4.20.0.tar.gz
Test OLM installation	UNKNOWN STEP	2025-10-20T08:47:22.4833491Z Using temporary directory for storage
Test OLM installation	UNKNOWN STEP	2025-10-20T08:47:22.4846591Z ðŸ“ CLIs will be downloaded to /home/runner/work/_temp/openshift-bin
Test OLM installation	UNKNOWN STEP	2025-10-20T08:47:22.4847275Z Added /home/runner/work/_temp/openshift-bin to PATH
Test OLM installation	UNKNOWN STEP	2025-10-20T08:47:22.4847785Z Checking the cache for oc 4.20.0...
Test OLM installation	UNKNOWN STEP	2025-10-20T08:47:22.4848194Z Current architecture is amd64
Test OLM installation	UNKNOWN STEP	2025-10-20T08:47:22.5390618Z ##[warning]Failed to check cache for oc 4.20.0: Error: Cache service responded with 400
Test OLM installation	UNKNOWN STEP	2025-10-20T08:47:23.0066405Z â¬‡ï¸ Downloading 73.17MB https://mirror.openshift.com/pub/openshift-v4/clients/ocp/4.20.0/openshift-client-linux-4.20.0.tar.gz ...
Test OLM installation	UNKNOWN STEP	2025-10-20T08:47:24.2969757Z Downloaded openshift-client-linux-4.20.0.tar.gz in 1.3s
Test OLM installation	UNKNOWN STEP	2025-10-20T08:47:25.1508041Z â¬‡ï¸ Downloading hash file https://mirror.openshift.com/pub/openshift-v4/clients/ocp/4.20.0/sha256sum.txt
Test OLM installation	UNKNOWN STEP	2025-10-20T08:47:25.7178712Z sha256 verification of openshift-client-linux-4.20.0.tar.gz succeeded.
Test OLM installation	UNKNOWN STEP	2025-10-20T08:47:25.7268024Z [command]/usr/bin/tar xz --warning=no-unknown-keyword --overwrite -C /home/runner/work/_temp/7bd95aa7-bcc9-49d3-9272-28daf1b518f1 -f /home/runner/work/_temp/5aa9290130e88c3c1805ac15a9eb35bc-openshift-client-linux-4.20.0.tar.gz
Test OLM installation	UNKNOWN STEP	2025-10-20T08:47:26.8387017Z Removed /home/runner/work/_temp/5aa9290130e88c3c1805ac15a9eb35bc-openshift-client-linux-4.20.0.tar.gz
Test OLM installation	UNKNOWN STEP	2025-10-20T08:47:26.8451360Z oc installed into /home/runner/work/_temp/openshift-bin/oc
Test OLM installation	UNKNOWN STEP	2025-10-20T08:47:26.8469853Z [command]/home/runner/work/_temp/openshift-bin/oc version --client
Test OLM installation	UNKNOWN STEP	2025-10-20T08:47:26.9105831Z Client Version: 4.20.0
Test OLM installation	UNKNOWN STEP	2025-10-20T08:47:26.9106376Z Kustomize Version: v5.6.0
Test OLM installation	UNKNOWN STEP	2025-10-20T08:47:26.9139070Z ðŸ’¾ Saving oc 4.20.0 into the cache
Test OLM installation	UNKNOWN STEP	2025-10-20T08:47:26.9272390Z ##[warning]Failed to cache oc 4.20.0: ReserveCacheError: Unable to reserve cache with key oc_4.20.0_linux_amd64, another job may be creating this cache.
Test OLM installation	UNKNOWN STEP	2025-10-20T08:47:26.9273865Z âœ… Successfully installed oc 4.20.0.
Test OLM installation	UNKNOWN STEP	2025-10-20T08:47:26.9274225Z 
Test OLM installation	UNKNOWN STEP	2025-10-20T08:47:26.9274369Z âœ… Successfully installed 1/1 client:
Test OLM installation	UNKNOWN STEP	2025-10-20T08:47:26.9274634Z   - oc 4.20.0
Test OLM installation	UNKNOWN STEP	2025-10-20T08:47:26.9284884Z Wrote out installed versions to /home/runner/work/_temp/openshift-bin/openshift-clients-installed.json
Test OLM installation	UNKNOWN STEP	2025-10-20T08:47:26.9468890Z ##[group]Run sudo snap install yq
Test OLM installation	UNKNOWN STEP	2025-10-20T08:47:26.9469212Z [36;1msudo snap install yq[0m
Test OLM installation	UNKNOWN STEP	2025-10-20T08:47:26.9501968Z shell: /usr/bin/bash --noprofile --norc -e -o pipefail {0}
Test OLM installation	UNKNOWN STEP	2025-10-20T08:47:26.9502291Z env:
Test OLM installation	UNKNOWN STEP	2025-10-20T08:47:26.9502557Z   MAVEN_ARGS: -B -nsu -Daether.connector.http.connectionMaxTtl=25
Test OLM installation	UNKNOWN STEP	2025-10-20T08:47:26.9502888Z   MINIKUBE_VERSION: v1.37.0
Test OLM installation	UNKNOWN STEP	2025-10-20T08:47:26.9503108Z   KUBERNETES_VERSION: v1.32.9
Test OLM installation	UNKNOWN STEP	2025-10-20T08:47:26.9503318Z   MINIKUBE_MEMORY: 4096
Test OLM installation	UNKNOWN STEP	2025-10-20T08:47:26.9503614Z   JAVA_HOME: /opt/hostedtoolcache/Java_Temurin-Hotspot_jdk/21.0.8-9/x64
Test OLM installation	UNKNOWN STEP	2025-10-20T08:47:26.9504037Z   JAVA_HOME_21_X64: /opt/hostedtoolcache/Java_Temurin-Hotspot_jdk/21.0.8-9/x64
Test OLM installation	UNKNOWN STEP	2025-10-20T08:47:26.9504381Z   MINIKUBE_HOME: /home/runner/work/_temp
Test OLM installation	UNKNOWN STEP	2025-10-20T08:47:26.9504627Z ##[endgroup]
Test OLM installation	UNKNOWN STEP	2025-10-20T08:47:33.2312475Z 2025-10-20T08:47:33Z INFO Waiting for automatic snapd restart...
Test OLM installation	UNKNOWN STEP	2025-10-20T08:47:46.6700754Z yq v4.46.1 from Mike Farah (mikefarah) installed
Test OLM installation	UNKNOWN STEP	2025-10-20T08:47:46.6755199Z ##[group]Run ./scripts/install-olm.sh
Test OLM installation	UNKNOWN STEP	2025-10-20T08:47:46.6756010Z [36;1m./scripts/install-olm.sh[0m
Test OLM installation	UNKNOWN STEP	2025-10-20T08:47:46.6785078Z shell: /usr/bin/bash --noprofile --norc -e -o pipefail {0}
Test OLM installation	UNKNOWN STEP	2025-10-20T08:47:46.6785378Z env:
Test OLM installation	UNKNOWN STEP	2025-10-20T08:47:46.6785885Z   MAVEN_ARGS: -B -nsu -Daether.connector.http.connectionMaxTtl=25
Test OLM installation	UNKNOWN STEP	2025-10-20T08:47:46.6786219Z   MINIKUBE_VERSION: v1.37.0
Test OLM installation	UNKNOWN STEP	2025-10-20T08:47:46.6786439Z   KUBERNETES_VERSION: v1.32.9
Test OLM installation	UNKNOWN STEP	2025-10-20T08:47:46.6786652Z   MINIKUBE_MEMORY: 4096
Test OLM installation	UNKNOWN STEP	2025-10-20T08:47:46.6786945Z   JAVA_HOME: /opt/hostedtoolcache/Java_Temurin-Hotspot_jdk/21.0.8-9/x64
Test OLM installation	UNKNOWN STEP	2025-10-20T08:47:46.6787391Z   JAVA_HOME_21_X64: /opt/hostedtoolcache/Java_Temurin-Hotspot_jdk/21.0.8-9/x64
Test OLM installation	UNKNOWN STEP	2025-10-20T08:47:46.6787742Z   MINIKUBE_HOME: /home/runner/work/_temp
Test OLM installation	UNKNOWN STEP	2025-10-20T08:47:46.6787992Z ##[endgroup]
Test OLM installation	UNKNOWN STEP	2025-10-20T08:47:46.6848411Z + mkdir -p /tmp/olm/
Test OLM installation	UNKNOWN STEP	2025-10-20T08:47:46.6862684Z + curl -f -L https://github.com/operator-framework/operator-lifecycle-manager/releases/download/v0.26.0/install.sh -o /tmp/olm/install.sh
Test OLM installation	UNKNOWN STEP	2025-10-20T08:47:46.6925214Z   % Total    % Received % Xferd  Average Speed   Time    Time     Time  Current
Test OLM installation	UNKNOWN STEP	2025-10-20T08:47:46.6926044Z                                  Dload  Upload   Total   Spent    Left  Speed
Test OLM installation	UNKNOWN STEP	2025-10-20T08:47:46.6926373Z 
Test OLM installation	UNKNOWN STEP	2025-10-20T08:47:46.9294649Z   0     0    0     0    0     0      0      0 --:--:-- --:--:-- --:--:--     0
Test OLM installation	UNKNOWN STEP	2025-10-20T08:47:46.9295201Z   0     0    0     0    0     0      0      0 --:--:-- --:--:-- --:--:--     0
Test OLM installation	UNKNOWN STEP	2025-10-20T08:47:46.9894629Z 
Test OLM installation	UNKNOWN STEP	2025-10-20T08:47:46.9894920Z 100  1886  100  1886    0     0   6347      0 --:--:-- --:--:-- --:--:--  6347
Test OLM installation	UNKNOWN STEP	2025-10-20T08:47:46.9920425Z + chmod +x /tmp/olm/install.sh
Test OLM installation	UNKNOWN STEP	2025-10-20T08:47:46.9932544Z + /tmp/olm/install.sh v0.26.0
Test OLM installation	UNKNOWN STEP	2025-10-20T08:47:47.8821344Z customresourcedefinition.apiextensions.k8s.io/catalogsources.operators.coreos.com created
Test OLM installation	UNKNOWN STEP	2025-10-20T08:47:48.0747528Z customresourcedefinition.apiextensions.k8s.io/clusterserviceversions.operators.coreos.com created
Test OLM installation	UNKNOWN STEP	2025-10-20T08:47:48.0878920Z customresourcedefinition.apiextensions.k8s.io/installplans.operators.coreos.com created
Test OLM installation	UNKNOWN STEP	2025-10-20T08:47:48.0967135Z customresourcedefinition.apiextensions.k8s.io/olmconfigs.operators.coreos.com created
Test OLM installation	UNKNOWN STEP	2025-10-20T08:47:48.1105189Z customresourcedefinition.apiextensions.k8s.io/operatorconditions.operators.coreos.com created
Test OLM installation	UNKNOWN STEP	2025-10-20T08:47:48.1255865Z customresourcedefinition.apiextensions.k8s.io/operatorgroups.operators.coreos.com created
Test OLM installation	UNKNOWN STEP	2025-10-20T08:47:48.1325258Z customresourcedefinition.apiextensions.k8s.io/operators.operators.coreos.com created
Test OLM installation	UNKNOWN STEP	2025-10-20T08:47:48.2284877Z customresourcedefinition.apiextensions.k8s.io/subscriptions.operators.coreos.com created
Test OLM installation	UNKNOWN STEP	2025-10-20T08:47:48.8251100Z customresourcedefinition.apiextensions.k8s.io/catalogsources.operators.coreos.com condition met
Test OLM installation	UNKNOWN STEP	2025-10-20T08:47:49.0329375Z customresourcedefinition.apiextensions.k8s.io/clusterserviceversions.operators.coreos.com condition met
Test OLM installation	UNKNOWN STEP	2025-10-20T08:47:49.1395776Z customresourcedefinition.apiextensions.k8s.io/installplans.operators.coreos.com condition met
Test OLM installation	UNKNOWN STEP	2025-10-20T08:47:49.2441328Z customresourcedefinition.apiextensions.k8s.io/olmconfigs.operators.coreos.com condition met
Test OLM installation	UNKNOWN STEP	2025-10-20T08:47:49.3524808Z customresourcedefinition.apiextensions.k8s.io/operatorconditions.operators.coreos.com condition met
Test OLM installation	UNKNOWN STEP	2025-10-20T08:47:49.4605082Z customresourcedefinition.apiextensions.k8s.io/operatorgroups.operators.coreos.com condition met
Test OLM installation	UNKNOWN STEP	2025-10-20T08:47:49.5656268Z customresourcedefinition.apiextensions.k8s.io/operators.operators.coreos.com condition met
Test OLM installation	UNKNOWN STEP	2025-10-20T08:47:49.7040750Z customresourcedefinition.apiextensions.k8s.io/subscriptions.operators.coreos.com condition met
Test OLM installation	UNKNOWN STEP	2025-10-20T08:47:50.1934038Z namespace/olm created
Test OLM installation	UNKNOWN STEP	2025-10-20T08:47:50.1966493Z namespace/operators created
Test OLM installation	UNKNOWN STEP	2025-10-20T08:47:50.2762113Z serviceaccount/olm-operator-serviceaccount created
Test OLM installation	UNKNOWN STEP	2025-10-20T08:47:50.2978275Z clusterrole.rbac.authorization.k8s.io/system:controller:operator-lifecycle-manager created
Test OLM installation	UNKNOWN STEP	2025-10-20T08:47:50.3150944Z clusterrolebinding.rbac.authorization.k8s.io/olm-operator-binding-olm created
Test OLM installation	UNKNOWN STEP	2025-10-20T08:47:50.3475085Z olmconfig.operators.coreos.com/cluster created
Test OLM installation	UNKNOWN STEP	2025-10-20T08:47:50.4009774Z deployment.apps/olm-operator created
Test OLM installation	UNKNOWN STEP	2025-10-20T08:47:50.4067624Z deployment.apps/catalog-operator created
Test OLM installation	UNKNOWN STEP	2025-10-20T08:47:50.4119542Z clusterrole.rbac.authorization.k8s.io/aggregate-olm-edit created
Test OLM installation	UNKNOWN STEP	2025-10-20T08:47:50.4253320Z clusterrole.rbac.authorization.k8s.io/aggregate-olm-view created
Test OLM installation	UNKNOWN STEP	2025-10-20T08:47:50.4811827Z operatorgroup.operators.coreos.com/global-operators created
Test OLM installation	UNKNOWN STEP	2025-10-20T08:47:50.4954750Z operatorgroup.operators.coreos.com/olm-operators created
Test OLM installation	UNKNOWN STEP	2025-10-20T08:47:50.5681712Z clusterserviceversion.operators.coreos.com/packageserver created
Test OLM installation	UNKNOWN STEP	2025-10-20T08:47:50.6142904Z catalogsource.operators.coreos.com/operatorhubio-catalog created
Test OLM installation	UNKNOWN STEP	2025-10-20T08:47:50.7114293Z Waiting for deployment "olm-operator" rollout to finish: 0 of 1 updated replicas are available...
Test OLM installation	UNKNOWN STEP	2025-10-20T08:53:38.1752916Z deployment "olm-operator" successfully rolled out
Test OLM installation	UNKNOWN STEP	2025-10-20T08:53:38.2734929Z deployment "catalog-operator" successfully rolled out
Test OLM installation	UNKNOWN STEP	2025-10-20T08:53:38.3627500Z Package server phase: Installing
Test OLM installation	UNKNOWN STEP	2025-10-20T08:53:48.4569824Z Package server phase: Succeeded
Test OLM installation	UNKNOWN STEP	2025-10-20T08:53:48.5578376Z deployment "packageserver" successfully rolled out
Test OLM installation	UNKNOWN STEP	2025-10-20T08:53:48.5663988Z ##[group]Run actions/download-artifact@634f93cb2916e3fdff6788551b99b062d0335ce0
Test OLM installation	UNKNOWN STEP	2025-10-20T08:53:48.5664378Z with:
Test OLM installation	UNKNOWN STEP	2025-10-20T08:53:48.5664544Z   name: keycloak-dist
Test OLM installation	UNKNOWN STEP	2025-10-20T08:53:48.5664744Z   path: quarkus/container
Test OLM installation	UNKNOWN STEP	2025-10-20T08:53:48.5664944Z   merge-multiple: false
Test OLM installation	UNKNOWN STEP	2025-10-20T08:53:48.5665148Z   repository: keycloak/keycloak
Test OLM installation	UNKNOWN STEP	2025-10-20T08:53:48.5665361Z   run-id: 18646761638
Test OLM installation	UNKNOWN STEP	2025-10-20T08:53:48.5665908Z env:
Test OLM installation	UNKNOWN STEP	2025-10-20T08:53:48.5666175Z   MAVEN_ARGS: -B -nsu -Daether.connector.http.connectionMaxTtl=25
Test OLM installation	UNKNOWN STEP	2025-10-20T08:53:48.5666506Z   MINIKUBE_VERSION: v1.37.0
Test OLM installation	UNKNOWN STEP	2025-10-20T08:53:48.5666728Z   KUBERNETES_VERSION: v1.32.9
Test OLM installation	UNKNOWN STEP	2025-10-20T08:53:48.5666937Z   MINIKUBE_MEMORY: 4096
Test OLM installation	UNKNOWN STEP	2025-10-20T08:53:48.5667227Z   JAVA_HOME: /opt/hostedtoolcache/Java_Temurin-Hotspot_jdk/21.0.8-9/x64
Test OLM installation	UNKNOWN STEP	2025-10-20T08:53:48.5667648Z   JAVA_HOME_21_X64: /opt/hostedtoolcache/Java_Temurin-Hotspot_jdk/21.0.8-9/x64
Test OLM installation	UNKNOWN STEP	2025-10-20T08:53:48.5668047Z   MINIKUBE_HOME: /home/runner/work/_temp
Test OLM installation	UNKNOWN STEP	2025-10-20T08:53:48.5668419Z ##[endgroup]
Test OLM installation	UNKNOWN STEP	2025-10-20T08:53:48.7845035Z Downloading single artifact
Test OLM installation	UNKNOWN STEP	2025-10-20T08:53:49.0328833Z Preparing to download the following artifacts:
Test OLM installation	UNKNOWN STEP	2025-10-20T08:53:49.0329876Z - keycloak-dist (ID: 4315243384, Size: 160319028, Expected Digest: sha256:4830de465ab000640d8490dd4a3ef32da4f8a22e65bcabb83410a8f42c750d30)
Test OLM installation	UNKNOWN STEP	2025-10-20T08:53:49.1892242Z Redirecting to blob download url: https://productionresultssa16.blob.core.windows.net/actions-results/1ca5ec06-dddb-4559-948f-ff03b6b4c8fa/workflow-job-run-8a33c008-e804-5acf-80ad-3437ea08e957/artifacts/8ec452859fe416bcecd39b267c69bfe76c7634fb13c33b71d912d2a8c0986080.zip
Test OLM installation	UNKNOWN STEP	2025-10-20T08:53:49.1895008Z Starting download of artifact to: /home/runner/work/keycloak/keycloak/quarkus/container
Test OLM installation	UNKNOWN STEP	2025-10-20T08:53:49.4437636Z (node:12911) [DEP0005] DeprecationWarning: Buffer() is deprecated due to security and usability issues. Please use the Buffer.alloc(), Buffer.allocUnsafe(), or Buffer.from() methods instead.
Test OLM installation	UNKNOWN STEP	2025-10-20T08:53:49.4445964Z (Use `node --trace-deprecation ...` to show where the warning was created)
Test OLM installation	UNKNOWN STEP	2025-10-20T08:53:54.3623850Z SHA256 digest of downloaded artifact is 4830de465ab000640d8490dd4a3ef32da4f8a22e65bcabb83410a8f42c750d30
Test OLM installation	UNKNOWN STEP	2025-10-20T08:53:54.3626502Z Artifact download completed successfully.
Test OLM installation	UNKNOWN STEP	2025-10-20T08:53:54.3627184Z Total of 1 artifact(s) downloaded
Test OLM installation	UNKNOWN STEP	2025-10-20T08:53:54.3633714Z Download artifact has finished successfully
Test OLM installation	UNKNOWN STEP	2025-10-20T08:53:54.3827968Z ##[group]Run echo "Minikube IP $(minikube ip)"
Test OLM installation	UNKNOWN STEP	2025-10-20T08:53:54.3828565Z [36;1mecho "Minikube IP $(minikube ip)"[0m
Test OLM installation	UNKNOWN STEP	2025-10-20T08:53:54.3829154Z [36;1meval $(minikube -p minikube docker-env)[0m
Test OLM installation	UNKNOWN STEP	2025-10-20T08:53:54.3829903Z [36;1mREGISTRY=$(minikube ip):5000 ./scripts/olm-testing.sh ${GITHUB_SHA::6}[0m
Test OLM installation	UNKNOWN STEP	2025-10-20T08:53:54.3873753Z shell: /usr/bin/bash --noprofile --norc -e -o pipefail {0}
Test OLM installation	UNKNOWN STEP	2025-10-20T08:53:54.3874313Z env:
Test OLM installation	UNKNOWN STEP	2025-10-20T08:53:54.3874783Z   MAVEN_ARGS: -B -nsu -Daether.connector.http.connectionMaxTtl=25
Test OLM installation	UNKNOWN STEP	2025-10-20T08:53:54.3875378Z   MINIKUBE_VERSION: v1.37.0
Test OLM installation	UNKNOWN STEP	2025-10-20T08:53:54.3875973Z   KUBERNETES_VERSION: v1.32.9
Test OLM installation	UNKNOWN STEP	2025-10-20T08:53:54.3876375Z   MINIKUBE_MEMORY: 4096
Test OLM installation	UNKNOWN STEP	2025-10-20T08:53:54.3876931Z   JAVA_HOME: /opt/hostedtoolcache/Java_Temurin-Hotspot_jdk/21.0.8-9/x64
Test OLM installation	UNKNOWN STEP	2025-10-20T08:53:54.3877745Z   JAVA_HOME_21_X64: /opt/hostedtoolcache/Java_Temurin-Hotspot_jdk/21.0.8-9/x64
Test OLM installation	UNKNOWN STEP	2025-10-20T08:53:54.3878451Z   MINIKUBE_HOME: /home/runner/work/_temp
Test OLM installation	UNKNOWN STEP	2025-10-20T08:53:54.3878910Z ##[endgroup]
Test OLM installation	UNKNOWN STEP	2025-10-20T08:53:54.7416877Z Minikube IP 192.168.49.2
Test OLM installation	UNKNOWN STEP	2025-10-20T08:53:55.4191006Z + UUID=449bbb
Test OLM installation	UNKNOWN STEP	2025-10-20T08:53:55.4195368Z + INSTALL_NAMESPACE=default
Test OLM installation	UNKNOWN STEP	2025-10-20T08:53:55.4199466Z + TARGET_NAMESPACES=default
Test OLM installation	UNKNOWN STEP	2025-10-20T08:53:55.4203280Z +++ dirname -- ./scripts/olm-testing.sh
Test OLM installation	UNKNOWN STEP	2025-10-20T08:53:55.4214087Z ++ cd -- ./scripts
Test OLM installation	UNKNOWN STEP	2025-10-20T08:53:55.4220859Z ++ pwd
Test OLM installation	UNKNOWN STEP	2025-10-20T08:53:55.4222704Z + SCRIPT_DIR=/home/runner/work/keycloak/keycloak/operator/scripts
Test OLM installation	UNKNOWN STEP	2025-10-20T08:53:55.4223295Z + REGISTRY=192.168.49.2:5000
Test OLM installation	UNKNOWN STEP	2025-10-20T08:53:55.4223663Z + VERSION=86400000.0.0
Test OLM installation	UNKNOWN STEP	2025-10-20T08:53:55.4224274Z + cd /home/runner/work/keycloak/keycloak/operator/scripts/../../quarkus/container
Test OLM installation	UNKNOWN STEP	2025-10-20T08:53:55.4224985Z ++ ls keycloak-999.0.0-SNAPSHOT.tar.gz
Test OLM installation	UNKNOWN STEP	2025-10-20T08:53:55.4244932Z + docker build --build-arg KEYCLOAK_DIST=keycloak-999.0.0-SNAPSHOT.tar.gz . -t 192.168.49.2:5000/449bbbkeycloak:86400000.0.0
Test OLM installation	UNKNOWN STEP	2025-10-20T08:53:55.9443744Z #0 building with "default" instance using docker driver
Test OLM installation	UNKNOWN STEP	2025-10-20T08:53:55.9445781Z 
Test OLM installation	UNKNOWN STEP	2025-10-20T08:53:55.9446025Z #1 [internal] load build definition from Dockerfile
Test OLM installation	UNKNOWN STEP	2025-10-20T08:53:55.9446546Z #1 transferring dockerfile: 2.73kB done
Test OLM installation	UNKNOWN STEP	2025-10-20T08:53:55.9446953Z #1 DONE 0.0s
Test OLM installation	UNKNOWN STEP	2025-10-20T08:53:55.9447123Z 
Test OLM installation	UNKNOWN STEP	2025-10-20T08:53:55.9447449Z #2 [internal] load metadata for registry.access.redhat.com/ubi9-micro:latest
Test OLM installation	UNKNOWN STEP	2025-10-20T08:53:56.0421766Z #2 ERROR: unexpected status from HEAD request to https://registry.access.redhat.com/v2/ubi9-micro/manifests/latest: 503 Service Unavailable
Test OLM installation	UNKNOWN STEP	2025-10-20T08:53:56.0423179Z 
Test OLM installation	UNKNOWN STEP	2025-10-20T08:53:56.0425067Z #3 [internal] load metadata for registry.access.redhat.com/ubi9:latest
Test OLM installation	UNKNOWN STEP	2025-10-20T08:53:56.0747623Z #3 CANCELED
Test OLM installation	UNKNOWN STEP	2025-10-20T08:53:56.0748209Z ------
Test OLM installation	UNKNOWN STEP	2025-10-20T08:53:56.0750957Z  > [internal] load metadata for registry.access.redhat.com/ubi9-micro:latest:
Test OLM installation	UNKNOWN STEP	2025-10-20T08:53:56.0751563Z ------
Test OLM installation	UNKNOWN STEP	2025-10-20T08:53:56.0773187Z Dockerfile:22
Test OLM installation	UNKNOWN STEP	2025-10-20T08:53:56.0773778Z --------------------
Test OLM installation	UNKNOWN STEP	2025-10-20T08:53:56.0780241Z   20 |     RUN bash /tmp/ubi-null.sh java-21-openjdk-headless glibc-langpack-en findutils
Test OLM installation	UNKNOWN STEP	2025-10-20T08:53:56.0784050Z   21 |     
Test OLM installation	UNKNOWN STEP	2025-10-20T08:53:56.0787753Z   22 | >>> FROM registry.access.redhat.com/ubi9-micro
Test OLM installation	UNKNOWN STEP	2025-10-20T08:53:56.0792033Z   23 |     ENV LANG=en_US.UTF-8
Test OLM installation	UNKNOWN STEP	2025-10-20T08:53:56.0797041Z   24 |     
Test OLM installation	UNKNOWN STEP	2025-10-20T08:53:56.0798384Z --------------------
Test OLM installation	UNKNOWN STEP	2025-10-20T08:53:56.0800880Z ERROR: failed to build: failed to solve: registry.access.redhat.com/ubi9-micro: failed to resolve source metadata for registry.access.redhat.com/ubi9-micro:latest: unexpected status from HEAD request to https://registry.access.redhat.com/v2/ubi9-micro/manifests/latest: 503 Service Unavailable
Test OLM installation	UNKNOWN STEP	2025-10-20T08:53:56.0867467Z ##[error]Process completed with exit code 1.
Test OLM installation	UNKNOWN STEP	2025-10-20T08:53:56.0968908Z ##[group]Run kubectl get keycloaks -A -o yaml
Test OLM installation	UNKNOWN STEP	2025-10-20T08:53:56.0969554Z [36;1mkubectl get keycloaks -A -o yaml[0m
Test OLM installation	UNKNOWN STEP	2025-10-20T08:53:56.0970097Z [36;1mkubectl get keycloakrealmimports -A -o yaml[0m
Test OLM installation	UNKNOWN STEP	2025-10-20T08:53:56.1012578Z shell: /usr/bin/bash --noprofile --norc -e -o pipefail {0}
Test OLM installation	UNKNOWN STEP	2025-10-20T08:53:56.1013087Z env:
Test OLM installation	UNKNOWN STEP	2025-10-20T08:53:56.1013509Z   MAVEN_ARGS: -B -nsu -Daether.connector.http.connectionMaxTtl=25
Test OLM installation	UNKNOWN STEP	2025-10-20T08:53:56.1014066Z   MINIKUBE_VERSION: v1.37.0
Test OLM installation	UNKNOWN STEP	2025-10-20T08:53:56.1014439Z   KUBERNETES_VERSION: v1.32.9
Test OLM installation	UNKNOWN STEP	2025-10-20T08:53:56.1014792Z   MINIKUBE_MEMORY: 4096
Test OLM installation	UNKNOWN STEP	2025-10-20T08:53:56.1015285Z   JAVA_HOME: /opt/hostedtoolcache/Java_Temurin-Hotspot_jdk/21.0.8-9/x64
Test OLM installation	UNKNOWN STEP	2025-10-20T08:53:56.1016208Z   JAVA_HOME_21_X64: /opt/hostedtoolcache/Java_Temurin-Hotspot_jdk/21.0.8-9/x64
Test OLM installation	UNKNOWN STEP	2025-10-20T08:53:56.1016804Z   MINIKUBE_HOME: /home/runner/work/_temp
Test OLM installation	UNKNOWN STEP	2025-10-20T08:53:56.1017193Z ##[endgroup]
Test OLM installation	UNKNOWN STEP	2025-10-20T08:53:56.2613881Z error: the server doesn't have a resource type "keycloaks"
Test OLM installation	UNKNOWN STEP	2025-10-20T08:53:56.2653567Z ##[error]Process completed with exit code 1.
Test OLM installation	UNKNOWN STEP	2025-10-20T08:53:56.2685226Z ##[group]Run oc adm inspect ns
Test OLM installation	UNKNOWN STEP	2025-10-20T08:53:56.2685842Z [36;1moc adm inspect ns[0m
Test OLM installation	UNKNOWN STEP	2025-10-20T08:53:56.2722906Z shell: /usr/bin/bash --noprofile --norc -e -o pipefail {0}
Test OLM installation	UNKNOWN STEP	2025-10-20T08:53:56.2723401Z env:
Test OLM installation	UNKNOWN STEP	2025-10-20T08:53:56.2723819Z   MAVEN_ARGS: -B -nsu -Daether.connector.http.connectionMaxTtl=25
Test OLM installation	UNKNOWN STEP	2025-10-20T08:53:56.2724389Z   MINIKUBE_VERSION: v1.37.0
Test OLM installation	UNKNOWN STEP	2025-10-20T08:53:56.2724755Z   KUBERNETES_VERSION: v1.32.9
Test OLM installation	UNKNOWN STEP	2025-10-20T08:53:56.2725107Z   MINIKUBE_MEMORY: 4096
Test OLM installation	UNKNOWN STEP	2025-10-20T08:53:56.2725763Z   JAVA_HOME: /opt/hostedtoolcache/Java_Temurin-Hotspot_jdk/21.0.8-9/x64
Test OLM installation	UNKNOWN STEP	2025-10-20T08:53:56.2726516Z   JAVA_HOME_21_X64: /opt/hostedtoolcache/Java_Temurin-Hotspot_jdk/21.0.8-9/x64
Test OLM installation	UNKNOWN STEP	2025-10-20T08:53:56.2727123Z   MINIKUBE_HOME: /home/runner/work/_temp
Test OLM installation	UNKNOWN STEP	2025-10-20T08:53:56.2727512Z ##[endgroup]
Test OLM installation	UNKNOWN STEP	2025-10-20T08:53:56.4027037Z Gathering data for ns/default...
Test OLM installation	UNKNOWN STEP	2025-10-20T08:53:56.4391676Z W1020 08:53:56.438933   13213 util.go:118] the server doesn't have a resource type egressfirewalls, skipping the inspection
Test OLM installation	UNKNOWN STEP	2025-10-20T08:53:56.4406508Z W1020 08:53:56.440513   13213 util.go:118] the server doesn't have a resource type egressqoses, skipping the inspection
Test OLM installation	UNKNOWN STEP	2025-10-20T08:53:56.4714965Z W1020 08:53:56.471356   13213 util.go:118] the server doesn't have a resource type servicemonitors, skipping the inspection
Test OLM installation	UNKNOWN STEP	2025-10-20T08:53:56.4756685Z W1020 08:53:56.475525   13213 util.go:118] the server doesn't have a resource type userdefinednetworks, skipping the inspection
Test OLM installation	UNKNOWN STEP	2025-10-20T08:53:56.4757666Z Gathering data for ns/kube-node-lease...
Test OLM installation	UNKNOWN STEP	2025-10-20T08:53:56.5075431Z W1020 08:53:56.507402   13213 util.go:118] the server doesn't have a resource type egressfirewalls, skipping the inspection
Test OLM installation	UNKNOWN STEP	2025-10-20T08:53:56.5090535Z W1020 08:53:56.508940   13213 util.go:118] the server doesn't have a resource type egressqoses, skipping the inspection
Test OLM installation	UNKNOWN STEP	2025-10-20T08:53:56.5407275Z W1020 08:53:56.540605   13213 util.go:118] the server doesn't have a resource type servicemonitors, skipping the inspection
Test OLM installation	UNKNOWN STEP	2025-10-20T08:53:56.5422277Z W1020 08:53:56.542100   13213 util.go:118] the server doesn't have a resource type userdefinednetworks, skipping the inspection
Test OLM installation	UNKNOWN STEP	2025-10-20T08:53:56.5423066Z Gathering data for ns/kube-public...
Test OLM installation	UNKNOWN STEP	2025-10-20T08:53:56.5737389Z W1020 08:53:56.572619   13213 util.go:118] the server doesn't have a resource type egressfirewalls, skipping the inspection
Test OLM installation	UNKNOWN STEP	2025-10-20T08:53:56.5768142Z W1020 08:53:56.576695   13213 util.go:118] the server doesn't have a resource type egressqoses, skipping the inspection
Test OLM installation	UNKNOWN STEP	2025-10-20T08:53:56.6032025Z W1020 08:53:56.603064   13213 util.go:118] the server doesn't have a resource type servicemonitors, skipping the inspection
Test OLM installation	UNKNOWN STEP	2025-10-20T08:53:56.6047144Z W1020 08:53:56.604581   13213 util.go:118] the server doesn't have a resource type userdefinednetworks, skipping the inspection
Test OLM installation	UNKNOWN STEP	2025-10-20T08:53:56.6047954Z Gathering data for ns/kube-system...
Test OLM installation	UNKNOWN STEP	2025-10-20T08:53:57.0636895Z W1020 08:53:57.063485   13213 util.go:118] the server doesn't have a resource type egressfirewalls, skipping the inspection
Test OLM installation	UNKNOWN STEP	2025-10-20T08:53:57.0650819Z W1020 08:53:57.064969   13213 util.go:118] the server doesn't have a resource type egressqoses, skipping the inspection
Test OLM installation	UNKNOWN STEP	2025-10-20T08:53:57.1048622Z W1020 08:53:57.104712   13213 util.go:118] the server doesn't have a resource type servicemonitors, skipping the inspection
Test OLM installation	UNKNOWN STEP	2025-10-20T08:53:57.1063608Z W1020 08:53:57.106173   13213 util.go:118] the server doesn't have a resource type userdefinednetworks, skipping the inspection
Test OLM installation	UNKNOWN STEP	2025-10-20T08:53:57.1064547Z Gathering data for ns/olm...
Test OLM installation	UNKNOWN STEP	2025-10-20T08:53:57.5839940Z W1020 08:53:57.583849   13213 util.go:118] the server doesn't have a resource type egressfirewalls, skipping the inspection
Test OLM installation	UNKNOWN STEP	2025-10-20T08:53:57.5853880Z W1020 08:53:57.585267   13213 util.go:118] the server doesn't have a resource type egressqoses, skipping the inspection
Test OLM installation	UNKNOWN STEP	2025-10-20T08:53:57.6316031Z W1020 08:53:57.631414   13213 util.go:118] the server doesn't have a resource type servicemonitors, skipping the inspection
Test OLM installation	UNKNOWN STEP	2025-10-20T08:53:57.6331903Z W1020 08:53:57.633006   13213 util.go:118] the server doesn't have a resource type userdefinednetworks, skipping the inspection
Test OLM installation	UNKNOWN STEP	2025-10-20T08:53:57.6332891Z Gathering data for ns/operators...
Test OLM installation	UNKNOWN STEP	2025-10-20T08:53:57.6676954Z W1020 08:53:57.665244   13213 util.go:118] the server doesn't have a resource type egressfirewalls, skipping the inspection
Test OLM installation	UNKNOWN STEP	2025-10-20T08:53:57.6692380Z W1020 08:53:57.669116   13213 util.go:118] the server doesn't have a resource type egressqoses, skipping the inspection
Test OLM installation	UNKNOWN STEP	2025-10-20T08:53:57.6957799Z W1020 08:53:57.695664   13213 util.go:118] the server doesn't have a resource type servicemonitors, skipping the inspection
Test OLM installation	UNKNOWN STEP	2025-10-20T08:53:57.6973457Z W1020 08:53:57.697203   13213 util.go:118] the server doesn't have a resource type userdefinednetworks, skipping the inspection
Test OLM installation	UNKNOWN STEP	2025-10-20T08:53:57.7127447Z error: inspection completed with the errors occurred while gathering data:
Test OLM installation	UNKNOWN STEP	2025-10-20T08:53:57.7128385Z     one or more errors occurred while gathering pod-specific data for namespace: kube-system
Test OLM installation	UNKNOWN STEP	2025-10-20T08:53:57.7129017Z 
Test OLM installation	UNKNOWN STEP	2025-10-20T08:53:57.7129448Z     one or more errors occurred while gathering container data for pod registry-68f6fff6f9-jhtnx:
Test OLM installation	UNKNOWN STEP	2025-10-20T08:53:57.7130266Z Wrote inspect data to inspect.local.5064877040111408151.
Test OLM installation	UNKNOWN STEP	2025-10-20T08:53:57.7130653Z 
Test OLM installation	UNKNOWN STEP	2025-10-20T08:53:57.7131651Z     [container "registry" in pod "registry-68f6fff6f9-jhtnx" is waiting to start: trying and failing to pull image, previous terminated container "registry" in pod "registry-68f6fff6f9-jhtnx" not found]
Test OLM installation	UNKNOWN STEP	2025-10-20T08:53:57.7169098Z ##[error]Process completed with exit code 1.
Test OLM installation	UNKNOWN STEP	2025-10-20T08:53:57.7207228Z ##[group]Run actions/upload-artifact@ea165f8d65b6e75b540449e92b4886f43607fa02
Test OLM installation	UNKNOWN STEP	2025-10-20T08:53:57.7207608Z with:
Test OLM installation	UNKNOWN STEP	2025-10-20T08:53:57.7207784Z   name: oc-inspect
Test OLM installation	UNKNOWN STEP	2025-10-20T08:53:57.7207972Z   path: inspect.*
Test OLM installation	UNKNOWN STEP	2025-10-20T08:53:57.7208160Z   if-no-files-found: warn
Test OLM installation	UNKNOWN STEP	2025-10-20T08:53:57.7208376Z   compression-level: 6
Test OLM installation	UNKNOWN STEP	2025-10-20T08:53:57.7208569Z   overwrite: false
Test OLM installation	UNKNOWN STEP	2025-10-20T08:53:57.7208760Z   include-hidden-files: false
Test OLM installation	UNKNOWN STEP	2025-10-20T08:53:57.7208962Z env:
Test OLM installation	UNKNOWN STEP	2025-10-20T08:53:57.7209218Z   MAVEN_ARGS: -B -nsu -Daether.connector.http.connectionMaxTtl=25
Test OLM installation	UNKNOWN STEP	2025-10-20T08:53:57.7209539Z   MINIKUBE_VERSION: v1.37.0
Test OLM installation	UNKNOWN STEP	2025-10-20T08:53:57.7209759Z   KUBERNETES_VERSION: v1.32.9
Test OLM installation	UNKNOWN STEP	2025-10-20T08:53:57.7209975Z   MINIKUBE_MEMORY: 4096
Test OLM installation	UNKNOWN STEP	2025-10-20T08:53:57.7210281Z   JAVA_HOME: /opt/hostedtoolcache/Java_Temurin-Hotspot_jdk/21.0.8-9/x64
Test OLM installation	UNKNOWN STEP	2025-10-20T08:53:57.7210904Z   JAVA_HOME_21_X64: /opt/hostedtoolcache/Java_Temurin-Hotspot_jdk/21.0.8-9/x64
Test OLM installation	UNKNOWN STEP	2025-10-20T08:53:57.7211282Z   MINIKUBE_HOME: /home/runner/work/_temp
Test OLM installation	UNKNOWN STEP	2025-10-20T08:53:57.7211516Z ##[endgroup]
Test OLM installation	UNKNOWN STEP	2025-10-20T08:53:57.9983499Z With the provided path, there will be 174 files uploaded
Test OLM installation	UNKNOWN STEP	2025-10-20T08:53:57.9988861Z Artifact name is valid!
Test OLM installation	UNKNOWN STEP	2025-10-20T08:53:57.9989924Z Root directory input is valid!
Test OLM installation	UNKNOWN STEP	2025-10-20T08:53:58.2288362Z Beginning upload of artifact content to blob storage
Test OLM installation	UNKNOWN STEP	2025-10-20T08:53:58.8724461Z Uploaded bytes 408347
Test OLM installation	UNKNOWN STEP	2025-10-20T08:53:58.9345928Z Finished uploading artifact content to blob storage!
Test OLM installation	UNKNOWN STEP	2025-10-20T08:53:58.9349589Z SHA256 digest of uploaded artifact zip is 855cd5585e6f04504556f253225e73a8e8ae2fa6825e1f1d82a23068b7d033c2
Test OLM installation	UNKNOWN STEP	2025-10-20T08:53:58.9351417Z Finalizing artifact upload
Test OLM installation	UNKNOWN STEP	2025-10-20T08:53:59.0598459Z Artifact oc-inspect.zip successfully finalized. Artifact ID 4315315894
Test OLM installation	UNKNOWN STEP	2025-10-20T08:53:59.0599707Z Artifact oc-inspect has been successfully uploaded! Final size is 408347 bytes. Artifact ID is 4315315894
Test OLM installation	UNKNOWN STEP	2025-10-20T08:53:59.0607694Z Artifact download URL: https://github.com/keycloak/keycloak/actions/runs/18646761638/artifacts/4315315894
Test OLM installation	UNKNOWN STEP	2025-10-20T08:53:59.0738797Z Post job cleanup.
Test OLM installation	UNKNOWN STEP	2025-10-20T08:53:59.0782204Z Post job cleanup.
Test OLM installation	UNKNOWN STEP	2025-10-20T08:53:59.2518064Z Post job cleanup.
Test OLM installation	UNKNOWN STEP	2025-10-20T08:53:59.3397994Z [command]/usr/bin/git version
Test OLM installation	UNKNOWN STEP	2025-10-20T08:53:59.3442166Z git version 2.51.0
Test OLM installation	UNKNOWN STEP	2025-10-20T08:53:59.3486985Z Temporarily overriding HOME='/home/runner/work/_temp/f9af68e8-7952-44a4-a1eb-ea224cb6f674' before making global git config changes
Test OLM installation	UNKNOWN STEP	2025-10-20T08:53:59.3488107Z Adding repository directory to the temporary git global config as a safe directory
Test OLM installation	UNKNOWN STEP	2025-10-20T08:53:59.3492992Z [command]/usr/bin/git config --global --add safe.directory /home/runner/work/keycloak/keycloak
Test OLM installation	UNKNOWN STEP	2025-10-20T08:53:59.3528283Z [command]/usr/bin/git config --local --name-only --get-regexp core\.sshCommand
Test OLM installation	UNKNOWN STEP	2025-10-20T08:53:59.3559529Z [command]/usr/bin/git submodule foreach --recursive sh -c "git config --local --name-only --get-regexp 'core\.sshCommand' && git config --local --unset-all 'core.sshCommand' || :"
Test OLM installation	UNKNOWN STEP	2025-10-20T08:53:59.3809415Z [command]/usr/bin/git config --local --name-only --get-regexp http\.https\:\/\/github\.com\/\.extraheader
Test OLM installation	UNKNOWN STEP	2025-10-20T08:53:59.3831663Z http.https://github.com/.extraheader
Test OLM installation	UNKNOWN STEP	2025-10-20T08:53:59.3841471Z [command]/usr/bin/git config --local --unset-all http.https://github.com/.extraheader
Test OLM installation	UNKNOWN STEP	2025-10-20T08:53:59.3873908Z [command]/usr/bin/git submodule foreach --recursive sh -c "git config --local --name-only --get-regexp 'http\.https\:\/\/github\.com\/\.extraheader' && git config --local --unset-all 'http.https://github.com/.extraheader' || :"
Test OLM installation	UNKNOWN STEP	2025-10-20T08:53:59.4256130Z Cleaning up orphan processes
Test remote (fast)	UNKNOWN STEP	ï»¿2025-10-20T08:39:54.6745948Z Current runner version: '2.329.0'
Test remote (fast)	UNKNOWN STEP	2025-10-20T08:39:54.6769694Z ##[group]Runner Image Provisioner
Test remote (fast)	UNKNOWN STEP	2025-10-20T08:39:54.6770531Z Hosted Compute Agent
Test remote (fast)	UNKNOWN STEP	2025-10-20T08:39:54.6771064Z Version: 20251013.424
Test remote (fast)	UNKNOWN STEP	2025-10-20T08:39:54.6771760Z Commit: cfdd8bfed34d71a55b72df4d2e82343c3fc2bab3
Test remote (fast)	UNKNOWN STEP	2025-10-20T08:39:54.6772442Z Build Date: 2025-10-13T20:22:23Z
Test remote (fast)	UNKNOWN STEP	2025-10-20T08:39:54.6773055Z ##[endgroup]
Test remote (fast)	UNKNOWN STEP	2025-10-20T08:39:54.6773638Z ##[group]Operating System
Test remote (fast)	UNKNOWN STEP	2025-10-20T08:39:54.6774225Z Ubuntu
Test remote (fast)	UNKNOWN STEP	2025-10-20T08:39:54.6774686Z 24.04.3
Test remote (fast)	UNKNOWN STEP	2025-10-20T08:39:54.6775198Z LTS
Test remote (fast)	UNKNOWN STEP	2025-10-20T08:39:54.6775645Z ##[endgroup]
Test remote (fast)	UNKNOWN STEP	2025-10-20T08:39:54.6776154Z ##[group]Runner Image
Test remote (fast)	UNKNOWN STEP	2025-10-20T08:39:54.6777026Z Image: ubuntu-24.04
Test remote (fast)	UNKNOWN STEP	2025-10-20T08:39:54.6777571Z Version: 20251014.76.1
Test remote (fast)	UNKNOWN STEP	2025-10-20T08:39:54.6779395Z Included Software: https://github.com/actions/runner-images/blob/ubuntu24/20251014.76/images/ubuntu/Ubuntu2404-Readme.md
Test remote (fast)	UNKNOWN STEP	2025-10-20T08:39:54.6782228Z Image Release: https://github.com/actions/runner-images/releases/tag/ubuntu24%2F20251014.76
Test remote (fast)	UNKNOWN STEP	2025-10-20T08:39:54.6784074Z ##[endgroup]
Test remote (fast)	UNKNOWN STEP	2025-10-20T08:39:54.6786036Z ##[group]GITHUB_TOKEN Permissions
Test remote (fast)	UNKNOWN STEP	2025-10-20T08:39:54.6789113Z Contents: read
Test remote (fast)	UNKNOWN STEP	2025-10-20T08:39:54.6790038Z Metadata: read
Test remote (fast)	UNKNOWN STEP	2025-10-20T08:39:54.6790955Z ##[endgroup]
Test remote (fast)	UNKNOWN STEP	2025-10-20T08:39:54.6793681Z Secret source: None
Test remote (fast)	UNKNOWN STEP	2025-10-20T08:39:54.6794864Z Prepare workflow directory
Test remote (fast)	UNKNOWN STEP	2025-10-20T08:39:54.7369120Z Prepare all required actions
Test remote (fast)	UNKNOWN STEP	2025-10-20T08:39:54.7424312Z Getting action download info
Test remote (fast)	UNKNOWN STEP	2025-10-20T08:39:55.0568316Z Download action repository 'actions/checkout@08c6903cd8c0fde910a37f88322edcfb5dd907a8' (SHA:08c6903cd8c0fde910a37f88322edcfb5dd907a8)
Test remote (fast)	UNKNOWN STEP	2025-10-20T08:39:55.2039497Z Download action repository 'manusa/actions-setup-minikube@b589f2d61bf96695c546929c72b38563e856059d' (SHA:b589f2d61bf96695c546929c72b38563e856059d)
Test remote (fast)	UNKNOWN STEP	2025-10-20T08:39:55.7816391Z Download action repository 'actions/download-artifact@634f93cb2916e3fdff6788551b99b062d0335ce0' (SHA:634f93cb2916e3fdff6788551b99b062d0335ce0)
Test remote (fast)	UNKNOWN STEP	2025-10-20T08:39:56.2529606Z Complete job name: Test remote (fast)
Test remote (fast)	UNKNOWN STEP	2025-10-20T08:39:56.3270001Z ##[group]Run actions/checkout@08c6903cd8c0fde910a37f88322edcfb5dd907a8
Test remote (fast)	UNKNOWN STEP	2025-10-20T08:39:56.3271270Z with:
Test remote (fast)	UNKNOWN STEP	2025-10-20T08:39:56.3271773Z   repository: keycloak/keycloak
Test remote (fast)	UNKNOWN STEP	2025-10-20T08:39:56.3272664Z   token: ***
Test remote (fast)	UNKNOWN STEP	2025-10-20T08:39:56.3273125Z   ssh-strict: true
Test remote (fast)	UNKNOWN STEP	2025-10-20T08:39:56.3273599Z   ssh-user: git
Test remote (fast)	UNKNOWN STEP	2025-10-20T08:39:56.3274072Z   persist-credentials: true
Test remote (fast)	UNKNOWN STEP	2025-10-20T08:39:56.3274591Z   clean: true
Test remote (fast)	UNKNOWN STEP	2025-10-20T08:39:56.3275072Z   sparse-checkout-cone-mode: true
Test remote (fast)	UNKNOWN STEP	2025-10-20T08:39:56.3275634Z   fetch-depth: 1
Test remote (fast)	UNKNOWN STEP	2025-10-20T08:39:56.3276102Z   fetch-tags: false
Test remote (fast)	UNKNOWN STEP	2025-10-20T08:39:56.3276890Z   show-progress: true
Test remote (fast)	UNKNOWN STEP	2025-10-20T08:39:56.3277411Z   lfs: false
Test remote (fast)	UNKNOWN STEP	2025-10-20T08:39:56.3277883Z   submodules: false
Test remote (fast)	UNKNOWN STEP	2025-10-20T08:39:56.3278383Z   set-safe-directory: true
Test remote (fast)	UNKNOWN STEP	2025-10-20T08:39:56.3279309Z env:
Test remote (fast)	UNKNOWN STEP	2025-10-20T08:39:56.3279987Z   MAVEN_ARGS: -B -nsu -Daether.connector.http.connectionMaxTtl=25
Test remote (fast)	UNKNOWN STEP	2025-10-20T08:39:56.3280717Z   MINIKUBE_VERSION: v1.37.0
Test remote (fast)	UNKNOWN STEP	2025-10-20T08:39:56.3281326Z   KUBERNETES_VERSION: v1.32.9
Test remote (fast)	UNKNOWN STEP	2025-10-20T08:39:56.3281865Z   MINIKUBE_MEMORY: 4096
Test remote (fast)	UNKNOWN STEP	2025-10-20T08:39:56.3282342Z ##[endgroup]
Test remote (fast)	UNKNOWN STEP	2025-10-20T08:39:56.4217121Z Syncing repository: keycloak/keycloak
Test remote (fast)	UNKNOWN STEP	2025-10-20T08:39:56.4219087Z ##[group]Getting Git version info
Test remote (fast)	UNKNOWN STEP	2025-10-20T08:39:56.4219878Z Working directory is '/home/runner/work/keycloak/keycloak'
Test remote (fast)	UNKNOWN STEP	2025-10-20T08:39:56.4220941Z [command]/usr/bin/git version
Test remote (fast)	UNKNOWN STEP	2025-10-20T08:39:56.4285882Z git version 2.51.0
Test remote (fast)	UNKNOWN STEP	2025-10-20T08:39:56.4306847Z ##[endgroup]
Test remote (fast)	UNKNOWN STEP	2025-10-20T08:39:56.4320988Z Temporarily overriding HOME='/home/runner/work/_temp/e85c76ee-0c42-4571-a9d5-403e78953bfd' before making global git config changes
Test remote (fast)	UNKNOWN STEP	2025-10-20T08:39:56.4322523Z Adding repository directory to the temporary git global config as a safe directory
Test remote (fast)	UNKNOWN STEP	2025-10-20T08:39:56.4325934Z [command]/usr/bin/git config --global --add safe.directory /home/runner/work/keycloak/keycloak
Test remote (fast)	UNKNOWN STEP	2025-10-20T08:39:56.4365481Z Deleting the contents of '/home/runner/work/keycloak/keycloak'
Test remote (fast)	UNKNOWN STEP	2025-10-20T08:39:56.4369746Z ##[group]Initializing the repository
Test remote (fast)	UNKNOWN STEP	2025-10-20T08:39:56.4374986Z [command]/usr/bin/git init /home/runner/work/keycloak/keycloak
Test remote (fast)	UNKNOWN STEP	2025-10-20T08:39:56.4496995Z hint: Using 'master' as the name for the initial branch. This default branch name
Test remote (fast)	UNKNOWN STEP	2025-10-20T08:39:56.4498477Z hint: is subject to change. To configure the initial branch name to use in all
Test remote (fast)	UNKNOWN STEP	2025-10-20T08:39:56.4499796Z hint: of your new repositories, which will suppress this warning, call:
Test remote (fast)	UNKNOWN STEP	2025-10-20T08:39:56.4501057Z hint:
Test remote (fast)	UNKNOWN STEP	2025-10-20T08:39:56.4501972Z hint: 	git config --global init.defaultBranch <name>
Test remote (fast)	UNKNOWN STEP	2025-10-20T08:39:56.4503413Z hint:
Test remote (fast)	UNKNOWN STEP	2025-10-20T08:39:56.4504766Z hint: Names commonly chosen instead of 'master' are 'main', 'trunk' and
Test remote (fast)	UNKNOWN STEP	2025-10-20T08:39:56.4507270Z hint: 'development'. The just-created branch can be renamed via this command:
Test remote (fast)	UNKNOWN STEP	2025-10-20T08:39:56.4508978Z hint:
Test remote (fast)	UNKNOWN STEP	2025-10-20T08:39:56.4509923Z hint: 	git branch -m <name>
Test remote (fast)	UNKNOWN STEP	2025-10-20T08:39:56.4511095Z hint:
Test remote (fast)	UNKNOWN STEP	2025-10-20T08:39:56.4512474Z hint: Disable this message with "git config set advice.defaultBranchName false"
Test remote (fast)	UNKNOWN STEP	2025-10-20T08:39:56.4514900Z Initialized empty Git repository in /home/runner/work/keycloak/keycloak/.git/
Test remote (fast)	UNKNOWN STEP	2025-10-20T08:39:56.4518717Z [command]/usr/bin/git remote add origin https://github.com/keycloak/keycloak
Test remote (fast)	UNKNOWN STEP	2025-10-20T08:39:56.4558954Z ##[endgroup]
Test remote (fast)	UNKNOWN STEP	2025-10-20T08:39:56.4560850Z ##[group]Disabling automatic garbage collection
Test remote (fast)	UNKNOWN STEP	2025-10-20T08:39:56.4563442Z [command]/usr/bin/git config --local gc.auto 0
Test remote (fast)	UNKNOWN STEP	2025-10-20T08:39:56.4602082Z ##[endgroup]
Test remote (fast)	UNKNOWN STEP	2025-10-20T08:39:56.4603944Z ##[group]Setting up auth
Test remote (fast)	UNKNOWN STEP	2025-10-20T08:39:56.4605458Z [command]/usr/bin/git config --local --name-only --get-regexp core\.sshCommand
Test remote (fast)	UNKNOWN STEP	2025-10-20T08:39:56.4635456Z [command]/usr/bin/git submodule foreach --recursive sh -c "git config --local --name-only --get-regexp 'core\.sshCommand' && git config --local --unset-all 'core.sshCommand' || :"
Test remote (fast)	UNKNOWN STEP	2025-10-20T08:39:56.4988529Z [command]/usr/bin/git config --local --name-only --get-regexp http\.https\:\/\/github\.com\/\.extraheader
Test remote (fast)	UNKNOWN STEP	2025-10-20T08:39:56.5020274Z [command]/usr/bin/git submodule foreach --recursive sh -c "git config --local --name-only --get-regexp 'http\.https\:\/\/github\.com\/\.extraheader' && git config --local --unset-all 'http.https://github.com/.extraheader' || :"
Test remote (fast)	UNKNOWN STEP	2025-10-20T08:39:56.5241679Z [command]/usr/bin/git config --local http.https://github.com/.extraheader AUTHORIZATION: basic ***
Test remote (fast)	UNKNOWN STEP	2025-10-20T08:39:56.5277845Z ##[endgroup]
Test remote (fast)	UNKNOWN STEP	2025-10-20T08:39:56.5279663Z ##[group]Fetching the repository
Test remote (fast)	UNKNOWN STEP	2025-10-20T08:39:56.5288538Z [command]/usr/bin/git -c protocol.version=2 fetch --no-tags --prune --no-recurse-submodules --depth=1 origin +449bbbcf09be994083d5882b711ee2dac15dc915:refs/remotes/pull/43085/merge
Test remote (fast)	UNKNOWN STEP	2025-10-20T08:39:59.5311847Z From https://github.com/keycloak/keycloak
Test remote (fast)	UNKNOWN STEP	2025-10-20T08:39:59.5314751Z  * [new ref]         449bbbcf09be994083d5882b711ee2dac15dc915 -> pull/43085/merge
Test remote (fast)	UNKNOWN STEP	2025-10-20T08:39:59.5350046Z ##[endgroup]
Test remote (fast)	UNKNOWN STEP	2025-10-20T08:39:59.5352272Z ##[group]Determining the checkout info
Test remote (fast)	UNKNOWN STEP	2025-10-20T08:39:59.5354559Z ##[endgroup]
Test remote (fast)	UNKNOWN STEP	2025-10-20T08:39:59.5359752Z [command]/usr/bin/git sparse-checkout disable
Test remote (fast)	UNKNOWN STEP	2025-10-20T08:39:59.5407197Z [command]/usr/bin/git config --local --unset-all extensions.worktreeConfig
Test remote (fast)	UNKNOWN STEP	2025-10-20T08:39:59.5437306Z ##[group]Checking out the ref
Test remote (fast)	UNKNOWN STEP	2025-10-20T08:39:59.5441743Z [command]/usr/bin/git checkout --progress --force refs/remotes/pull/43085/merge
Test remote (fast)	UNKNOWN STEP	2025-10-20T08:40:00.3507414Z Note: switching to 'refs/remotes/pull/43085/merge'.
Test remote (fast)	UNKNOWN STEP	2025-10-20T08:40:00.3508148Z 
Test remote (fast)	UNKNOWN STEP	2025-10-20T08:40:00.3508754Z You are in 'detached HEAD' state. You can look around, make experimental
Test remote (fast)	UNKNOWN STEP	2025-10-20T08:40:00.3509694Z changes and commit them, and you can discard any commits you make in this
Test remote (fast)	UNKNOWN STEP	2025-10-20T08:40:00.3510582Z state without impacting any branches by switching back to a branch.
Test remote (fast)	UNKNOWN STEP	2025-10-20T08:40:00.3511073Z 
Test remote (fast)	UNKNOWN STEP	2025-10-20T08:40:00.3511396Z If you want to create a new branch to retain commits you create, you may
Test remote (fast)	UNKNOWN STEP	2025-10-20T08:40:00.3512115Z do so (now or later) by using -c with the switch command. Example:
Test remote (fast)	UNKNOWN STEP	2025-10-20T08:40:00.3512429Z 
Test remote (fast)	UNKNOWN STEP	2025-10-20T08:40:00.3512660Z   git switch -c <new-branch-name>
Test remote (fast)	UNKNOWN STEP	2025-10-20T08:40:00.3513377Z 
Test remote (fast)	UNKNOWN STEP	2025-10-20T08:40:00.3513541Z Or undo this operation with:
Test remote (fast)	UNKNOWN STEP	2025-10-20T08:40:00.3513797Z 
Test remote (fast)	UNKNOWN STEP	2025-10-20T08:40:00.3513935Z   git switch -
Test remote (fast)	UNKNOWN STEP	2025-10-20T08:40:00.3514192Z 
Test remote (fast)	UNKNOWN STEP	2025-10-20T08:40:00.3514592Z Turn off this advice by setting config variable advice.detachedHead to false
Test remote (fast)	UNKNOWN STEP	2025-10-20T08:40:00.3515374Z 
Test remote (fast)	UNKNOWN STEP	2025-10-20T08:40:00.3515982Z HEAD is now at 449bbbc Merge 0e107f9d24f0df8bbc0be1a1a3cd9684bdec7c94 into 37bea126c723068b35d1f46bab5367c18db156ab
Test remote (fast)	UNKNOWN STEP	2025-10-20T08:40:00.3544368Z ##[endgroup]
Test remote (fast)	UNKNOWN STEP	2025-10-20T08:40:00.3589000Z [command]/usr/bin/git log -1 --format=%H
Test remote (fast)	UNKNOWN STEP	2025-10-20T08:40:00.3615995Z 449bbbcf09be994083d5882b711ee2dac15dc915
Test remote (fast)	UNKNOWN STEP	2025-10-20T08:40:00.3849860Z ##[group]Run echo "version_remote=0.0.1-${GITHUB_SHA::6}" >> $GITHUB_ENV
Test remote (fast)	UNKNOWN STEP	2025-10-20T08:40:00.3850592Z [36;1mecho "version_remote=0.0.1-${GITHUB_SHA::6}" >> $GITHUB_ENV[0m
Test remote (fast)	UNKNOWN STEP	2025-10-20T08:40:00.3886013Z shell: /usr/bin/bash --noprofile --norc -e -o pipefail {0}
Test remote (fast)	UNKNOWN STEP	2025-10-20T08:40:00.3886766Z env:
Test remote (fast)	UNKNOWN STEP	2025-10-20T08:40:00.3887145Z   MAVEN_ARGS: -B -nsu -Daether.connector.http.connectionMaxTtl=25
Test remote (fast)	UNKNOWN STEP	2025-10-20T08:40:00.3887959Z   MINIKUBE_VERSION: v1.37.0
Test remote (fast)	UNKNOWN STEP	2025-10-20T08:40:00.3888358Z   KUBERNETES_VERSION: v1.32.9
Test remote (fast)	UNKNOWN STEP	2025-10-20T08:40:00.3888768Z   MINIKUBE_MEMORY: 4096
Test remote (fast)	UNKNOWN STEP	2025-10-20T08:40:00.3889090Z ##[endgroup]
Test remote (fast)	UNKNOWN STEP	2025-10-20T08:40:00.4160296Z Prepare all required actions
Test remote (fast)	UNKNOWN STEP	2025-10-20T08:40:00.4160784Z Getting action download info
Test remote (fast)	UNKNOWN STEP	2025-10-20T08:40:00.5458576Z Download action repository 'actions/setup-java@c5195efecf7bdfc987ee8bae7a71cb8b11521c00' (SHA:c5195efecf7bdfc987ee8bae7a71cb8b11521c00)
Test remote (fast)	UNKNOWN STEP	2025-10-20T08:40:01.1081099Z ##[group]Run ./.github/actions/java-setup
Test remote (fast)	UNKNOWN STEP	2025-10-20T08:40:01.1081375Z with:
Test remote (fast)	UNKNOWN STEP	2025-10-20T08:40:01.1081548Z   distribution: temurin
Test remote (fast)	UNKNOWN STEP	2025-10-20T08:40:01.1081746Z   java-version: 21
Test remote (fast)	UNKNOWN STEP	2025-10-20T08:40:01.1081917Z env:
Test remote (fast)	UNKNOWN STEP	2025-10-20T08:40:01.1082185Z   MAVEN_ARGS: -B -nsu -Daether.connector.http.connectionMaxTtl=25
Test remote (fast)	UNKNOWN STEP	2025-10-20T08:40:01.1082515Z   MINIKUBE_VERSION: v1.37.0
Test remote (fast)	UNKNOWN STEP	2025-10-20T08:40:01.1082733Z   KUBERNETES_VERSION: v1.32.9
Test remote (fast)	UNKNOWN STEP	2025-10-20T08:40:01.1082942Z   MINIKUBE_MEMORY: 4096
Test remote (fast)	UNKNOWN STEP	2025-10-20T08:40:01.1083158Z   version_remote: 0.0.1-449bbb
Test remote (fast)	UNKNOWN STEP	2025-10-20T08:40:01.1083362Z ##[endgroup]
Test remote (fast)	UNKNOWN STEP	2025-10-20T08:40:01.1230002Z ##[group]Run actions/setup-java@c5195efecf7bdfc987ee8bae7a71cb8b11521c00
Test remote (fast)	UNKNOWN STEP	2025-10-20T08:40:01.1230444Z with:
Test remote (fast)	UNKNOWN STEP	2025-10-20T08:40:01.1230617Z   distribution: temurin
Test remote (fast)	UNKNOWN STEP	2025-10-20T08:40:01.1230824Z   java-version: 21
Test remote (fast)	UNKNOWN STEP	2025-10-20T08:40:01.1231007Z   java-package: jdk
Test remote (fast)	UNKNOWN STEP	2025-10-20T08:40:01.1231199Z   check-latest: false
Test remote (fast)	UNKNOWN STEP	2025-10-20T08:40:01.1231389Z   server-id: github
Test remote (fast)	UNKNOWN STEP	2025-10-20T08:40:01.1231576Z   server-username: GITHUB_ACTOR
Test remote (fast)	UNKNOWN STEP	2025-10-20T08:40:01.1231800Z   server-password: GITHUB_TOKEN
Test remote (fast)	UNKNOWN STEP	2025-10-20T08:40:01.1232024Z   overwrite-settings: true
Test remote (fast)	UNKNOWN STEP	2025-10-20T08:40:01.1232227Z   job-status: success
Test remote (fast)	UNKNOWN STEP	2025-10-20T08:40:01.1232572Z   token: ***
Test remote (fast)	UNKNOWN STEP	2025-10-20T08:40:01.1232745Z env:
Test remote (fast)	UNKNOWN STEP	2025-10-20T08:40:01.1233001Z   MAVEN_ARGS: -B -nsu -Daether.connector.http.connectionMaxTtl=25
Test remote (fast)	UNKNOWN STEP	2025-10-20T08:40:01.1233331Z   MINIKUBE_VERSION: v1.37.0
Test remote (fast)	UNKNOWN STEP	2025-10-20T08:40:01.1233537Z   KUBERNETES_VERSION: v1.32.9
Test remote (fast)	UNKNOWN STEP	2025-10-20T08:40:01.1233765Z   MINIKUBE_MEMORY: 4096
Test remote (fast)	UNKNOWN STEP	2025-10-20T08:40:01.1233954Z   version_remote: 0.0.1-449bbb
Test remote (fast)	UNKNOWN STEP	2025-10-20T08:40:01.1234155Z ##[endgroup]
Test remote (fast)	UNKNOWN STEP	2025-10-20T08:40:01.3202675Z ##[group]Installed distributions
Test remote (fast)	UNKNOWN STEP	2025-10-20T08:40:01.3585341Z Resolved Java 21.0.8+9 from tool-cache
Test remote (fast)	UNKNOWN STEP	2025-10-20T08:40:01.3586876Z Setting Java 21.0.8+9 as the default
Test remote (fast)	UNKNOWN STEP	2025-10-20T08:40:01.3601028Z Creating toolchains.xml for JDK version 21 from temurin
Test remote (fast)	UNKNOWN STEP	2025-10-20T08:40:01.3682625Z Writing to /home/runner/.m2/toolchains.xml
Test remote (fast)	UNKNOWN STEP	2025-10-20T08:40:01.3683013Z 
Test remote (fast)	UNKNOWN STEP	2025-10-20T08:40:01.3683163Z Java configuration:
Test remote (fast)	UNKNOWN STEP	2025-10-20T08:40:01.3683755Z   Distribution: temurin
Test remote (fast)	UNKNOWN STEP	2025-10-20T08:40:01.3684291Z   Version: 21.0.8+9
Test remote (fast)	UNKNOWN STEP	2025-10-20T08:40:01.3686166Z   Path: /opt/hostedtoolcache/Java_Temurin-Hotspot_jdk/21.0.8-9/x64
Test remote (fast)	UNKNOWN STEP	2025-10-20T08:40:01.3687005Z 
Test remote (fast)	UNKNOWN STEP	2025-10-20T08:40:01.3687860Z ##[endgroup]
Test remote (fast)	UNKNOWN STEP	2025-10-20T08:40:01.3707372Z Creating settings.xml with server-id: github
Test remote (fast)	UNKNOWN STEP	2025-10-20T08:40:01.3708859Z Writing to /home/runner/.m2/settings.xml
Test remote (fast)	UNKNOWN STEP	2025-10-20T08:40:01.3862059Z ##[group]Run manusa/actions-setup-minikube@b589f2d61bf96695c546929c72b38563e856059d
Test remote (fast)	UNKNOWN STEP	2025-10-20T08:40:01.3862625Z with:
Test remote (fast)	UNKNOWN STEP	2025-10-20T08:40:01.3862794Z   minikube version: v1.37.0
Test remote (fast)	UNKNOWN STEP	2025-10-20T08:40:01.3863024Z   kubernetes version: v1.32.9
Test remote (fast)	UNKNOWN STEP	2025-10-20T08:40:01.3863456Z   github token: ***
Test remote (fast)	UNKNOWN STEP	2025-10-20T08:40:01.3863635Z   driver: docker
Test remote (fast)	UNKNOWN STEP	2025-10-20T08:40:01.3863905Z   start args: --addons=ingress --memory=4096 --cni calico --cpus=max
Test remote (fast)	UNKNOWN STEP	2025-10-20T08:40:01.3864212Z env:
Test remote (fast)	UNKNOWN STEP	2025-10-20T08:40:01.3864464Z   MAVEN_ARGS: -B -nsu -Daether.connector.http.connectionMaxTtl=25
Test remote (fast)	UNKNOWN STEP	2025-10-20T08:40:01.3864783Z   MINIKUBE_VERSION: v1.37.0
Test remote (fast)	UNKNOWN STEP	2025-10-20T08:40:01.3864998Z   KUBERNETES_VERSION: v1.32.9
Test remote (fast)	UNKNOWN STEP	2025-10-20T08:40:01.3865200Z   MINIKUBE_MEMORY: 4096
Test remote (fast)	UNKNOWN STEP	2025-10-20T08:40:01.3865396Z   version_remote: 0.0.1-449bbb
Test remote (fast)	UNKNOWN STEP	2025-10-20T08:40:01.3865713Z   JAVA_HOME: /opt/hostedtoolcache/Java_Temurin-Hotspot_jdk/21.0.8-9/x64
Test remote (fast)	UNKNOWN STEP	2025-10-20T08:40:01.3866148Z   JAVA_HOME_21_X64: /opt/hostedtoolcache/Java_Temurin-Hotspot_jdk/21.0.8-9/x64
Test remote (fast)	UNKNOWN STEP	2025-10-20T08:40:01.3866745Z ##[endgroup]
Test remote (fast)	UNKNOWN STEP	2025-10-20T08:40:01.5110350Z Loading input variables
Test remote (fast)	UNKNOWN STEP	2025-10-20T08:40:01.5113208Z Updating Environment configuration to support Minikube
Test remote (fast)	UNKNOWN STEP	2025-10-20T08:40:01.5251106Z 
Test remote (fast)	UNKNOWN STEP	2025-10-20T08:40:01.5251680Z WARNING: apt does not have a stable CLI interface. Use with caution in scripts.
Test remote (fast)	UNKNOWN STEP	2025-10-20T08:40:01.5252080Z 
Test remote (fast)	UNKNOWN STEP	2025-10-20T08:40:01.6158448Z Get:1 file:/etc/apt/apt-mirrors.txt Mirrorlist [144 B]
Test remote (fast)	UNKNOWN STEP	2025-10-20T08:40:01.6597155Z Hit:2 http://azure.archive.ubuntu.com/ubuntu noble InRelease
Test remote (fast)	UNKNOWN STEP	2025-10-20T08:40:01.6628350Z Hit:6 https://packages.microsoft.com/repos/azure-cli noble InRelease
Test remote (fast)	UNKNOWN STEP	2025-10-20T08:40:01.6629551Z Get:7 https://packages.microsoft.com/ubuntu/24.04/prod noble InRelease [3600 B]
Test remote (fast)	UNKNOWN STEP	2025-10-20T08:40:01.6638954Z Get:3 http://azure.archive.ubuntu.com/ubuntu noble-updates InRelease [126 kB]
Test remote (fast)	UNKNOWN STEP	2025-10-20T08:40:01.6732995Z Get:4 http://azure.archive.ubuntu.com/ubuntu noble-backports InRelease [126 kB]
Test remote (fast)	UNKNOWN STEP	2025-10-20T08:40:01.6777764Z Get:5 http://azure.archive.ubuntu.com/ubuntu noble-security InRelease [126 kB]
Test remote (fast)	UNKNOWN STEP	2025-10-20T08:40:01.8618403Z Get:8 https://packages.microsoft.com/ubuntu/24.04/prod noble/main arm64 Packages [45.3 kB]
Test remote (fast)	UNKNOWN STEP	2025-10-20T08:40:01.8813639Z Get:9 https://packages.microsoft.com/ubuntu/24.04/prod noble/main amd64 Packages [62.8 kB]
Test remote (fast)	UNKNOWN STEP	2025-10-20T08:40:01.8846884Z Get:10 https://packages.microsoft.com/ubuntu/24.04/prod noble/main armhf Packages [10.9 kB]
Test remote (fast)	UNKNOWN STEP	2025-10-20T08:40:01.9143900Z Get:11 http://azure.archive.ubuntu.com/ubuntu noble-updates/main amd64 Packages [1498 kB]
Test remote (fast)	UNKNOWN STEP	2025-10-20T08:40:01.9234434Z Get:12 http://azure.archive.ubuntu.com/ubuntu noble-updates/main amd64 Components [175 kB]
Test remote (fast)	UNKNOWN STEP	2025-10-20T08:40:01.9254009Z Get:13 http://azure.archive.ubuntu.com/ubuntu noble-updates/main amd64 c-n-f Metadata [15.3 kB]
Test remote (fast)	UNKNOWN STEP	2025-10-20T08:40:01.9262222Z Get:14 http://azure.archive.ubuntu.com/ubuntu noble-updates/universe amd64 Packages [1496 kB]
Test remote (fast)	UNKNOWN STEP	2025-10-20T08:40:01.9351716Z Get:15 http://azure.archive.ubuntu.com/ubuntu noble-updates/universe Translation-en [301 kB]
Test remote (fast)	UNKNOWN STEP	2025-10-20T08:40:01.9373994Z Get:16 http://azure.archive.ubuntu.com/ubuntu noble-updates/universe amd64 Components [378 kB]
Test remote (fast)	UNKNOWN STEP	2025-10-20T08:40:01.9404256Z Get:17 http://azure.archive.ubuntu.com/ubuntu noble-updates/universe amd64 c-n-f Metadata [31.3 kB]
Test remote (fast)	UNKNOWN STEP	2025-10-20T08:40:01.9414363Z Get:18 http://azure.archive.ubuntu.com/ubuntu noble-updates/restricted amd64 Packages [2090 kB]
Test remote (fast)	UNKNOWN STEP	2025-10-20T08:40:01.9529349Z Get:19 http://azure.archive.ubuntu.com/ubuntu noble-updates/restricted Translation-en [470 kB]
Test remote (fast)	UNKNOWN STEP	2025-10-20T08:40:01.9561343Z Get:20 http://azure.archive.ubuntu.com/ubuntu noble-updates/restricted amd64 Components [212 B]
Test remote (fast)	UNKNOWN STEP	2025-10-20T08:40:01.9991693Z Get:21 http://azure.archive.ubuntu.com/ubuntu noble-updates/restricted amd64 c-n-f Metadata [516 B]
Test remote (fast)	UNKNOWN STEP	2025-10-20T08:40:02.0002330Z Get:22 http://azure.archive.ubuntu.com/ubuntu noble-updates/multiverse amd64 Packages [30.3 kB]
Test remote (fast)	UNKNOWN STEP	2025-10-20T08:40:02.0015203Z Get:23 http://azure.archive.ubuntu.com/ubuntu noble-updates/multiverse Translation-en [5564 B]
Test remote (fast)	UNKNOWN STEP	2025-10-20T08:40:02.0023528Z Get:24 http://azure.archive.ubuntu.com/ubuntu noble-updates/multiverse amd64 Components [940 B]
Test remote (fast)	UNKNOWN STEP	2025-10-20T08:40:02.0032420Z Get:25 http://azure.archive.ubuntu.com/ubuntu noble-updates/multiverse amd64 c-n-f Metadata [484 B]
Test remote (fast)	UNKNOWN STEP	2025-10-20T08:40:02.0042432Z Get:26 http://azure.archive.ubuntu.com/ubuntu noble-backports/main amd64 Components [7140 B]
Test remote (fast)	UNKNOWN STEP	2025-10-20T08:40:02.0053092Z Get:27 http://azure.archive.ubuntu.com/ubuntu noble-backports/universe amd64 Components [11.0 kB]
Test remote (fast)	UNKNOWN STEP	2025-10-20T08:40:02.0065185Z Get:28 http://azure.archive.ubuntu.com/ubuntu noble-backports/restricted amd64 Components [216 B]
Test remote (fast)	UNKNOWN STEP	2025-10-20T08:40:02.0072626Z Get:29 http://azure.archive.ubuntu.com/ubuntu noble-backports/multiverse amd64 Components [212 B]
Test remote (fast)	UNKNOWN STEP	2025-10-20T08:40:02.0368224Z Get:30 http://azure.archive.ubuntu.com/ubuntu noble-security/main amd64 Packages [1222 kB]
Test remote (fast)	UNKNOWN STEP	2025-10-20T08:40:02.0446283Z Get:31 http://azure.archive.ubuntu.com/ubuntu noble-security/main Translation-en [204 kB]
Test remote (fast)	UNKNOWN STEP	2025-10-20T08:40:02.0465307Z Get:32 http://azure.archive.ubuntu.com/ubuntu noble-security/main amd64 Components [21.5 kB]
Test remote (fast)	UNKNOWN STEP	2025-10-20T08:40:02.0478227Z Get:33 http://azure.archive.ubuntu.com/ubuntu noble-security/main amd64 c-n-f Metadata [8968 B]
Test remote (fast)	UNKNOWN STEP	2025-10-20T08:40:02.0486269Z Get:34 http://azure.archive.ubuntu.com/ubuntu noble-security/universe amd64 Packages [892 kB]
Test remote (fast)	UNKNOWN STEP	2025-10-20T08:40:02.0994297Z Get:35 http://azure.archive.ubuntu.com/ubuntu noble-security/universe Translation-en [197 kB]
Test remote (fast)	UNKNOWN STEP	2025-10-20T08:40:02.1018856Z Get:36 http://azure.archive.ubuntu.com/ubuntu noble-security/universe amd64 Components [52.3 kB]
Test remote (fast)	UNKNOWN STEP	2025-10-20T08:40:02.1029871Z Get:37 http://azure.archive.ubuntu.com/ubuntu noble-security/universe amd64 c-n-f Metadata [18.3 kB]
Test remote (fast)	UNKNOWN STEP	2025-10-20T08:40:02.1038410Z Get:38 http://azure.archive.ubuntu.com/ubuntu noble-security/restricted amd64 Components [212 B]
Test remote (fast)	UNKNOWN STEP	2025-10-20T08:40:02.1047417Z Get:39 http://azure.archive.ubuntu.com/ubuntu noble-security/multiverse amd64 Components [208 B]
Test remote (fast)	UNKNOWN STEP	2025-10-20T08:40:07.1625765Z Fetched 9629 kB in 1s (7443 kB/s)
Test remote (fast)	UNKNOWN STEP	2025-10-20T08:40:07.9150615Z Reading package lists...
Test remote (fast)	UNKNOWN STEP	2025-10-20T08:40:08.0898638Z Building dependency tree...
Test remote (fast)	UNKNOWN STEP	2025-10-20T08:40:08.0905161Z Reading state information...
Test remote (fast)	UNKNOWN STEP	2025-10-20T08:40:08.1041144Z 11 packages can be upgraded. Run 'apt list --upgradable' to see them.
Test remote (fast)	UNKNOWN STEP	2025-10-20T08:40:08.1318949Z Reading package lists...
Test remote (fast)	UNKNOWN STEP	2025-10-20T08:40:08.3204649Z Building dependency tree...
Test remote (fast)	UNKNOWN STEP	2025-10-20T08:40:08.3211922Z Reading state information...
Test remote (fast)	UNKNOWN STEP	2025-10-20T08:40:08.4872793Z The following NEW packages will be installed:
Test remote (fast)	UNKNOWN STEP	2025-10-20T08:40:08.4879425Z   conntrack
Test remote (fast)	UNKNOWN STEP	2025-10-20T08:40:08.5076831Z 0 upgraded, 1 newly installed, 0 to remove and 11 not upgraded.
Test remote (fast)	UNKNOWN STEP	2025-10-20T08:40:08.5077418Z Need to get 37.9 kB of archives.
Test remote (fast)	UNKNOWN STEP	2025-10-20T08:40:08.5077796Z After this operation, 119 kB of additional disk space will be used.
Test remote (fast)	UNKNOWN STEP	2025-10-20T08:40:08.5078191Z Get:1 file:/etc/apt/apt-mirrors.txt Mirrorlist [144 B]
Test remote (fast)	UNKNOWN STEP	2025-10-20T08:40:08.5624310Z Get:2 http://azure.archive.ubuntu.com/ubuntu noble/main amd64 conntrack amd64 1:1.4.8-1ubuntu1 [37.9 kB]
Test remote (fast)	UNKNOWN STEP	2025-10-20T08:40:08.8151129Z Fetched 37.9 kB in 0s (566 kB/s)
Test remote (fast)	UNKNOWN STEP	2025-10-20T08:40:08.8391125Z Selecting previously unselected package conntrack.
Test remote (fast)	UNKNOWN STEP	2025-10-20T08:40:08.8690462Z (Reading database ... 
Test remote (fast)	UNKNOWN STEP	2025-10-20T08:40:08.8690987Z (Reading database ... 5%
Test remote (fast)	UNKNOWN STEP	2025-10-20T08:40:08.8691394Z (Reading database ... 10%
Test remote (fast)	UNKNOWN STEP	2025-10-20T08:40:08.8691697Z (Reading database ... 15%
Test remote (fast)	UNKNOWN STEP	2025-10-20T08:40:08.8691968Z (Reading database ... 20%
Test remote (fast)	UNKNOWN STEP	2025-10-20T08:40:08.8692240Z (Reading database ... 25%
Test remote (fast)	UNKNOWN STEP	2025-10-20T08:40:08.8692521Z (Reading database ... 30%
Test remote (fast)	UNKNOWN STEP	2025-10-20T08:40:08.8692784Z (Reading database ... 35%
Test remote (fast)	UNKNOWN STEP	2025-10-20T08:40:08.8693051Z (Reading database ... 40%
Test remote (fast)	UNKNOWN STEP	2025-10-20T08:40:08.8693309Z (Reading database ... 45%
Test remote (fast)	UNKNOWN STEP	2025-10-20T08:40:08.8693577Z (Reading database ... 50%
Test remote (fast)	UNKNOWN STEP	2025-10-20T08:40:08.8883707Z (Reading database ... 55%
Test remote (fast)	UNKNOWN STEP	2025-10-20T08:40:09.1342481Z (Reading database ... 60%
Test remote (fast)	UNKNOWN STEP	2025-10-20T08:40:09.1893848Z (Reading database ... 65%
Test remote (fast)	UNKNOWN STEP	2025-10-20T08:40:09.2355060Z (Reading database ... 70%
Test remote (fast)	UNKNOWN STEP	2025-10-20T08:40:09.3859792Z (Reading database ... 75%
Test remote (fast)	UNKNOWN STEP	2025-10-20T08:40:09.6400874Z (Reading database ... 80%
Test remote (fast)	UNKNOWN STEP	2025-10-20T08:40:09.9322746Z (Reading database ... 85%
Test remote (fast)	UNKNOWN STEP	2025-10-20T08:40:10.1850162Z (Reading database ... 90%
Test remote (fast)	UNKNOWN STEP	2025-10-20T08:40:10.3922934Z (Reading database ... 95%
Test remote (fast)	UNKNOWN STEP	2025-10-20T08:40:10.3923260Z (Reading database ... 100%
Test remote (fast)	UNKNOWN STEP	2025-10-20T08:40:10.3923632Z (Reading database ... 215760 files and directories currently installed.)
Test remote (fast)	UNKNOWN STEP	2025-10-20T08:40:10.3967631Z Preparing to unpack .../conntrack_1%3a1.4.8-1ubuntu1_amd64.deb ...
Test remote (fast)	UNKNOWN STEP	2025-10-20T08:40:10.4009450Z Unpacking conntrack (1:1.4.8-1ubuntu1) ...
Test remote (fast)	UNKNOWN STEP	2025-10-20T08:40:10.4612732Z Setting up conntrack (1:1.4.8-1ubuntu1) ...
Test remote (fast)	UNKNOWN STEP	2025-10-20T08:40:10.4643368Z Processing triggers for man-db (2.12.0-4build2) ...
Test remote (fast)	UNKNOWN STEP	2025-10-20T08:40:12.1098656Z 
Test remote (fast)	UNKNOWN STEP	2025-10-20T08:40:12.1099265Z Running kernel seems to be up-to-date.
Test remote (fast)	UNKNOWN STEP	2025-10-20T08:40:12.1099602Z 
Test remote (fast)	UNKNOWN STEP	2025-10-20T08:40:12.1099709Z No services need to be restarted.
Test remote (fast)	UNKNOWN STEP	2025-10-20T08:40:12.1099891Z 
Test remote (fast)	UNKNOWN STEP	2025-10-20T08:40:12.1099989Z No containers need to be restarted.
Test remote (fast)	UNKNOWN STEP	2025-10-20T08:40:12.1100177Z 
Test remote (fast)	UNKNOWN STEP	2025-10-20T08:40:12.1100330Z No user sessions are running outdated binaries.
Test remote (fast)	UNKNOWN STEP	2025-10-20T08:40:12.1100559Z 
Test remote (fast)	UNKNOWN STEP	2025-10-20T08:40:12.1100770Z No VM guests are running outdated hypervisor (qemu) binaries on this host.
Test remote (fast)	UNKNOWN STEP	2025-10-20T08:40:13.1104040Z fs.protected_regular = 0
Test remote (fast)	UNKNOWN STEP	2025-10-20T08:40:13.1117331Z Waiting for Docker to be ready
Test remote (fast)	UNKNOWN STEP	2025-10-20T08:40:13.2102738Z 28.0.4 - 28.0.4
Test remote (fast)	UNKNOWN STEP	2025-10-20T08:40:13.2119359Z Docker daemon is ready
Test remote (fast)	UNKNOWN STEP	2025-10-20T08:40:13.2123478Z Downloading Minikube  v1.37.0
Test remote (fast)	UNKNOWN STEP	2025-10-20T08:40:13.4833980Z Downloading from: https://github.com/kubernetes/minikube/releases/download/v1.37.0/minikube-linux-amd64
Test remote (fast)	UNKNOWN STEP	2025-10-20T08:40:14.4974132Z Installing Minikube
Test remote (fast)	UNKNOWN STEP	2025-10-20T08:40:14.5323819Z * minikube v1.37.0 on Ubuntu 24.04
Test remote (fast)	UNKNOWN STEP	2025-10-20T08:40:14.5328043Z   - MINIKUBE_VERSION=v1.37.0
Test remote (fast)	UNKNOWN STEP	2025-10-20T08:40:14.5335263Z   - MINIKUBE_MEMORY=4096
Test remote (fast)	UNKNOWN STEP	2025-10-20T08:40:14.5340797Z   - MINIKUBE_HOME=/home/runner/work/_temp
Test remote (fast)	UNKNOWN STEP	2025-10-20T08:40:16.9622522Z * Using the docker driver based on user configuration
Test remote (fast)	UNKNOWN STEP	2025-10-20T08:40:17.0223962Z * Using Docker driver with root privileges
Test remote (fast)	UNKNOWN STEP	2025-10-20T08:40:17.0234513Z * Starting "minikube" primary control-plane node in "minikube" cluster
Test remote (fast)	UNKNOWN STEP	2025-10-20T08:40:17.0242719Z * Pulling base image v0.0.48 ...
Test remote (fast)	UNKNOWN STEP	2025-10-20T08:40:17.0772354Z * Downloading Kubernetes v1.32.9 preload ...
Test remote (fast)	UNKNOWN STEP	2025-10-20T08:40:56.2835890Z * Configuring Calico (Container Networking Interface) ...
Test remote (fast)	UNKNOWN STEP	2025-10-20T08:40:57.3100878Z * Verifying Kubernetes components...
Test remote (fast)	UNKNOWN STEP	2025-10-20T08:40:57.3376945Z   - Using image gcr.io/k8s-minikube/storage-provisioner:v5
Test remote (fast)	UNKNOWN STEP	2025-10-20T08:40:57.3501599Z   - Using image registry.k8s.io/ingress-nginx/controller:v1.13.2
Test remote (fast)	UNKNOWN STEP	2025-10-20T08:40:57.3508222Z   - Using image registry.k8s.io/ingress-nginx/kube-webhook-certgen:v1.6.2
Test remote (fast)	UNKNOWN STEP	2025-10-20T08:40:57.3513096Z   - Using image registry.k8s.io/ingress-nginx/kube-webhook-certgen:v1.6.2
Test remote (fast)	UNKNOWN STEP	2025-10-20T08:40:58.2365376Z * Verifying ingress addon...
Test remote (fast)	UNKNOWN STEP	2025-10-20T08:46:58.2388315Z     > gcr.io/k8s-minikube/kicbase...:  0 B [_______________________] ?% ? p/s ?    > gcr.io/k8s-minikube/kicbase...:  1.61 KiB / 488.52 MiB [>_] 0.00% ? p/s ?    > gcr.io/k8s-minikube/kicbase...:  1.61 KiB / 488.52 MiB [>_] 0.00% ? p/s ?    > gcr.io/k8s-minikube/kicbase...:  8.25 MiB / 488.52 MiB  1.69% 13.75 MiB p    > gcr.io/k8s-minikube/kicbase...:  44.47 MiB / 488.52 MiB  9.10% 13.75 MiB     > gcr.io/k8s-minikube/kicbase...:  83.81 MiB / 488.52 MiB  17.16% 13.75 MiB    > gcr.io/k8s-minikube/kicbase...:  124.77 MiB / 488.52 MiB  25.54% 25.40 Mi    > gcr.io/k8s-minikube/kicbase...:  166.69 MiB / 488.52 MiB  34.12% 25.40 Mi    > gcr.io/k8s-minikube/kicbase...:  209.62 MiB / 488.52 MiB  42.91% 25.40 Mi    > gcr.io/k8s-minikube/kicbase...:  251.40 MiB / 488.52 MiB  51.46% 37.35 Mi    > gcr.io/k8s-minikube/kicbase...:  294.24 MiB / 488.52 MiB  60.23% 37.35 Mi    > gcr.io/k8s-minikube/kicbase...:  335.91 MiB / 488.52 MiB  68.76% 37.35 Mi    > gcr.io/k8s-minikube/kicbase...:  377.05 MiB / 488.52 MiB  77.18% 48.47 Mi    > gcr.io/k8s-minikube/kicbase...:  419.44 MiB / 488.52 MiB  85.86% 48.47 Mi    > gcr.io/k8s-minikube/kicbase...:  461.37 MiB / 488.52 MiB  94.44% 48.47 Mi    > gcr.io/k8s-minikube/kicbase...:  488.51 MiB / 488.52 MiB  100.00% 166.90 ! Enabling 'ingress' returned an error: running callbacks: [waiting for app.kubernetes.io/name=ingress-nginx pods: context deadline exceeded]
Test remote (fast)	UNKNOWN STEP	2025-10-20T08:46:58.2398088Z * Enabled addons: storage-provisioner, default-storageclass
Test remote (fast)	UNKNOWN STEP	2025-10-20T08:47:08.6168084Z 
Test remote (fast)	UNKNOWN STEP	2025-10-20T08:47:08.6171923Z ! /usr/bin/kubectl is version 1.34.1, which may have incompatibilities with Kubernetes 1.32.9.
Test remote (fast)	UNKNOWN STEP	2025-10-20T08:47:08.6175726Z   - Want kubectl v1.32.9? Try 'minikube kubectl -- get pods -A'
Test remote (fast)	UNKNOWN STEP	2025-10-20T08:47:08.6179811Z * Done! kubectl is now configured to use "minikube" cluster and "default" namespace by default
Test remote (fast)	UNKNOWN STEP	2025-10-20T08:47:08.7052572Z minikube version: v1.37.0commit: 65318f4cfff9c12cc87ec9eb8f4cdd57b25047f3 installed successfully
Test remote (fast)	UNKNOWN STEP	2025-10-20T08:47:08.7293603Z ##[group]Run actions/download-artifact@634f93cb2916e3fdff6788551b99b062d0335ce0
Test remote (fast)	UNKNOWN STEP	2025-10-20T08:47:08.7294018Z with:
Test remote (fast)	UNKNOWN STEP	2025-10-20T08:47:08.7294189Z   name: keycloak-dist
Test remote (fast)	UNKNOWN STEP	2025-10-20T08:47:08.7294394Z   path: quarkus/container
Test remote (fast)	UNKNOWN STEP	2025-10-20T08:47:08.7294628Z   merge-multiple: false
Test remote (fast)	UNKNOWN STEP	2025-10-20T08:47:08.7294827Z   repository: keycloak/keycloak
Test remote (fast)	UNKNOWN STEP	2025-10-20T08:47:08.7295035Z   run-id: 18646761638
Test remote (fast)	UNKNOWN STEP	2025-10-20T08:47:08.7295212Z env:
Test remote (fast)	UNKNOWN STEP	2025-10-20T08:47:08.7295780Z   MAVEN_ARGS: -B -nsu -Daether.connector.http.connectionMaxTtl=25
Test remote (fast)	UNKNOWN STEP	2025-10-20T08:47:08.7296122Z   MINIKUBE_VERSION: v1.37.0
Test remote (fast)	UNKNOWN STEP	2025-10-20T08:47:08.7296696Z   KUBERNETES_VERSION: v1.32.9
Test remote (fast)	UNKNOWN STEP	2025-10-20T08:47:08.7296922Z   MINIKUBE_MEMORY: 4096
Test remote (fast)	UNKNOWN STEP	2025-10-20T08:47:08.7297178Z   version_remote: 0.0.1-449bbb
Test remote (fast)	UNKNOWN STEP	2025-10-20T08:47:08.7297576Z   JAVA_HOME: /opt/hostedtoolcache/Java_Temurin-Hotspot_jdk/21.0.8-9/x64
Test remote (fast)	UNKNOWN STEP	2025-10-20T08:47:08.7298104Z   JAVA_HOME_21_X64: /opt/hostedtoolcache/Java_Temurin-Hotspot_jdk/21.0.8-9/x64
Test remote (fast)	UNKNOWN STEP	2025-10-20T08:47:08.7298590Z   MINIKUBE_HOME: /home/runner/work/_temp
Test remote (fast)	UNKNOWN STEP	2025-10-20T08:47:08.7298830Z ##[endgroup]
Test remote (fast)	UNKNOWN STEP	2025-10-20T08:47:08.9417061Z Downloading single artifact
Test remote (fast)	UNKNOWN STEP	2025-10-20T08:47:09.1053298Z Preparing to download the following artifacts:
Test remote (fast)	UNKNOWN STEP	2025-10-20T08:47:09.1054376Z - keycloak-dist (ID: 4315243384, Size: 160319028, Expected Digest: sha256:4830de465ab000640d8490dd4a3ef32da4f8a22e65bcabb83410a8f42c750d30)
Test remote (fast)	UNKNOWN STEP	2025-10-20T08:47:09.1999738Z Redirecting to blob download url: https://productionresultssa16.blob.core.windows.net/actions-results/1ca5ec06-dddb-4559-948f-ff03b6b4c8fa/workflow-job-run-8a33c008-e804-5acf-80ad-3437ea08e957/artifacts/8ec452859fe416bcecd39b267c69bfe76c7634fb13c33b71d912d2a8c0986080.zip
Test remote (fast)	UNKNOWN STEP	2025-10-20T08:47:09.2002113Z Starting download of artifact to: /home/runner/work/keycloak/keycloak/quarkus/container
Test remote (fast)	UNKNOWN STEP	2025-10-20T08:47:09.3697781Z (node:122561) [DEP0005] DeprecationWarning: Buffer() is deprecated due to security and usability issues. Please use the Buffer.alloc(), Buffer.allocUnsafe(), or Buffer.from() methods instead.
Test remote (fast)	UNKNOWN STEP	2025-10-20T08:47:09.3700722Z (Use `node --trace-deprecation ...` to show where the warning was created)
Test remote (fast)	UNKNOWN STEP	2025-10-20T08:47:11.9887210Z SHA256 digest of downloaded artifact is 4830de465ab000640d8490dd4a3ef32da4f8a22e65bcabb83410a8f42c750d30
Test remote (fast)	UNKNOWN STEP	2025-10-20T08:47:11.9888113Z Artifact download completed successfully.
Test remote (fast)	UNKNOWN STEP	2025-10-20T08:47:11.9888604Z Total of 1 artifact(s) downloaded
Test remote (fast)	UNKNOWN STEP	2025-10-20T08:47:11.9894841Z Download artifact has finished successfully
Test remote (fast)	UNKNOWN STEP	2025-10-20T08:47:12.0049463Z ##[group]Run eval $(minikube -p minikube docker-env)
Test remote (fast)	UNKNOWN STEP	2025-10-20T08:47:12.0049844Z [36;1meval $(minikube -p minikube docker-env)[0m
Test remote (fast)	UNKNOWN STEP	2025-10-20T08:47:12.0050382Z [36;1m(cd quarkus/container && docker build --build-arg KEYCLOAK_DIST=$(ls keycloak-*.tar.gz) . -t keycloak:0.0.1-449bbb)[0m
Test remote (fast)	UNKNOWN STEP	2025-10-20T08:47:12.0051073Z [36;1m(cd operator && ./scripts/build-testing-docker-images.sh 0.0.1-449bbb keycloak custom-keycloak)[0m
Test remote (fast)	UNKNOWN STEP	2025-10-20T08:47:12.0080576Z shell: /usr/bin/bash --noprofile --norc -e -o pipefail {0}
Test remote (fast)	UNKNOWN STEP	2025-10-20T08:47:12.0080882Z env:
Test remote (fast)	UNKNOWN STEP	2025-10-20T08:47:12.0081148Z   MAVEN_ARGS: -B -nsu -Daether.connector.http.connectionMaxTtl=25
Test remote (fast)	UNKNOWN STEP	2025-10-20T08:47:12.0081487Z   MINIKUBE_VERSION: v1.37.0
Test remote (fast)	UNKNOWN STEP	2025-10-20T08:47:12.0081716Z   KUBERNETES_VERSION: v1.32.9
Test remote (fast)	UNKNOWN STEP	2025-10-20T08:47:12.0081927Z   MINIKUBE_MEMORY: 4096
Test remote (fast)	UNKNOWN STEP	2025-10-20T08:47:12.0082369Z   version_remote: 0.0.1-449bbb
Test remote (fast)	UNKNOWN STEP	2025-10-20T08:47:12.0082773Z   JAVA_HOME: /opt/hostedtoolcache/Java_Temurin-Hotspot_jdk/21.0.8-9/x64
Test remote (fast)	UNKNOWN STEP	2025-10-20T08:47:12.0083255Z   JAVA_HOME_21_X64: /opt/hostedtoolcache/Java_Temurin-Hotspot_jdk/21.0.8-9/x64
Test remote (fast)	UNKNOWN STEP	2025-10-20T08:47:12.0083612Z   MINIKUBE_HOME: /home/runner/work/_temp
Test remote (fast)	UNKNOWN STEP	2025-10-20T08:47:12.0083852Z ##[endgroup]
Test remote (fast)	UNKNOWN STEP	2025-10-20T08:47:12.9950683Z #0 building with "default" instance using docker driver
Test remote (fast)	UNKNOWN STEP	2025-10-20T08:47:12.9951318Z 
Test remote (fast)	UNKNOWN STEP	2025-10-20T08:47:12.9951523Z #1 [internal] load build definition from Dockerfile
Test remote (fast)	UNKNOWN STEP	2025-10-20T08:47:12.9951988Z #1 transferring dockerfile: 2.73kB done
Test remote (fast)	UNKNOWN STEP	2025-10-20T08:47:12.9952386Z #1 DONE 0.0s
Test remote (fast)	UNKNOWN STEP	2025-10-20T08:47:12.9952498Z 
Test remote (fast)	UNKNOWN STEP	2025-10-20T08:47:12.9952699Z #2 [internal] load metadata for registry.access.redhat.com/ubi9:latest
Test remote (fast)	UNKNOWN STEP	2025-10-20T08:47:13.0266389Z #2 ...
Test remote (fast)	UNKNOWN STEP	2025-10-20T08:47:13.0266995Z 
Test remote (fast)	UNKNOWN STEP	2025-10-20T08:47:13.0267578Z #3 [internal] load metadata for registry.access.redhat.com/ubi9-micro:latest
Test remote (fast)	UNKNOWN STEP	2025-10-20T08:47:13.0269811Z #3 ERROR: unexpected status from HEAD request to https://registry.access.redhat.com/v2/ubi9-micro/manifests/latest: 502 Bad Gateway
Test remote (fast)	UNKNOWN STEP	2025-10-20T08:47:13.0517942Z 
Test remote (fast)	UNKNOWN STEP	2025-10-20T08:47:13.0518734Z #2 [internal] load metadata for registry.access.redhat.com/ubi9:latest
Test remote (fast)	UNKNOWN STEP	2025-10-20T08:47:13.0519327Z #2 CANCELED
Test remote (fast)	UNKNOWN STEP	2025-10-20T08:47:13.0519581Z ------
Test remote (fast)	UNKNOWN STEP	2025-10-20T08:47:13.0520118Z  > [internal] load metadata for registry.access.redhat.com/ubi9-micro:latest:
Test remote (fast)	UNKNOWN STEP	2025-10-20T08:47:13.0520726Z ------
Test remote (fast)	UNKNOWN STEP	2025-10-20T08:47:13.0536674Z Dockerfile:22
Test remote (fast)	UNKNOWN STEP	2025-10-20T08:47:13.0537085Z --------------------
Test remote (fast)	UNKNOWN STEP	2025-10-20T08:47:13.0537964Z   20 |     RUN bash /tmp/ubi-null.sh java-21-openjdk-headless glibc-langpack-en findutils
Test remote (fast)	UNKNOWN STEP	2025-10-20T08:47:13.0538616Z   21 |     
Test remote (fast)	UNKNOWN STEP	2025-10-20T08:47:13.0538955Z   22 | >>> FROM registry.access.redhat.com/ubi9-micro
Test remote (fast)	UNKNOWN STEP	2025-10-20T08:47:13.0539443Z   23 |     ENV LANG=en_US.UTF-8
Test remote (fast)	UNKNOWN STEP	2025-10-20T08:47:13.0539775Z   24 |     
Test remote (fast)	UNKNOWN STEP	2025-10-20T08:47:13.0540022Z --------------------
Test remote (fast)	UNKNOWN STEP	2025-10-20T08:47:13.0541752Z ERROR: failed to build: failed to solve: registry.access.redhat.com/ubi9-micro: failed to resolve source metadata for registry.access.redhat.com/ubi9-micro:latest: unexpected status from HEAD request to https://registry.access.redhat.com/v2/ubi9-micro/manifests/latest: 502 Bad Gateway
Test remote (fast)	UNKNOWN STEP	2025-10-20T08:47:13.0600749Z ##[error]Process completed with exit code 1.
Test remote (fast)	UNKNOWN STEP	2025-10-20T08:47:13.0662833Z Post job cleanup.
Test remote (fast)	UNKNOWN STEP	2025-10-20T08:47:13.0704074Z Post job cleanup.
Test remote (fast)	UNKNOWN STEP	2025-10-20T08:47:13.2697797Z Post job cleanup.
Test remote (fast)	UNKNOWN STEP	2025-10-20T08:47:13.3872496Z [command]/usr/bin/git version
Test remote (fast)	UNKNOWN STEP	2025-10-20T08:47:13.3914532Z git version 2.51.0
Test remote (fast)	UNKNOWN STEP	2025-10-20T08:47:13.3957551Z Temporarily overriding HOME='/home/runner/work/_temp/5a36473d-f95d-4da3-917d-5e86deae5e43' before making global git config changes
Test remote (fast)	UNKNOWN STEP	2025-10-20T08:47:13.3958482Z Adding repository directory to the temporary git global config as a safe directory
Test remote (fast)	UNKNOWN STEP	2025-10-20T08:47:13.3963267Z [command]/usr/bin/git config --global --add safe.directory /home/runner/work/keycloak/keycloak
Test remote (fast)	UNKNOWN STEP	2025-10-20T08:47:13.4002716Z [command]/usr/bin/git config --local --name-only --get-regexp core\.sshCommand
Test remote (fast)	UNKNOWN STEP	2025-10-20T08:47:13.4039372Z [command]/usr/bin/git submodule foreach --recursive sh -c "git config --local --name-only --get-regexp 'core\.sshCommand' && git config --local --unset-all 'core.sshCommand' || :"
Test remote (fast)	UNKNOWN STEP	2025-10-20T08:47:13.4390825Z [command]/usr/bin/git config --local --name-only --get-regexp http\.https\:\/\/github\.com\/\.extraheader
Test remote (fast)	UNKNOWN STEP	2025-10-20T08:47:13.4426312Z http.https://github.com/.extraheader
Test remote (fast)	UNKNOWN STEP	2025-10-20T08:47:13.4439037Z [command]/usr/bin/git config --local --unset-all http.https://github.com/.extraheader
Test remote (fast)	UNKNOWN STEP	2025-10-20T08:47:13.4493013Z [command]/usr/bin/git submodule foreach --recursive sh -c "git config --local --name-only --get-regexp 'http\.https\:\/\/github\.com\/\.extraheader' && git config --local --unset-all 'http.https://github.com/.extraheader' || :"
Test remote (fast)	UNKNOWN STEP	2025-10-20T08:47:13.5184702Z Cleaning up orphan processes
Status Check - Keycloak Operator CI	UNKNOWN STEP	ï»¿2025-10-20T08:54:04.6492823Z Current runner version: '2.329.0'
Status Check - Keycloak Operator CI	UNKNOWN STEP	2025-10-20T08:54:04.6527544Z ##[group]Runner Image Provisioner
Status Check - Keycloak Operator CI	UNKNOWN STEP	2025-10-20T08:54:04.6528803Z Hosted Compute Agent
Status Check - Keycloak Operator CI	UNKNOWN STEP	2025-10-20T08:54:04.6529965Z Version: 20251013.424
Status Check - Keycloak Operator CI	UNKNOWN STEP	2025-10-20T08:54:04.6531242Z Commit: cfdd8bfed34d71a55b72df4d2e82343c3fc2bab3
Status Check - Keycloak Operator CI	UNKNOWN STEP	2025-10-20T08:54:04.6532484Z Build Date: 2025-10-13T20:22:23Z
Status Check - Keycloak Operator CI	UNKNOWN STEP	2025-10-20T08:54:04.6533572Z ##[endgroup]
Status Check - Keycloak Operator CI	UNKNOWN STEP	2025-10-20T08:54:04.6534429Z ##[group]Operating System
Status Check - Keycloak Operator CI	UNKNOWN STEP	2025-10-20T08:54:04.6535304Z Ubuntu
Status Check - Keycloak Operator CI	UNKNOWN STEP	2025-10-20T08:54:04.6536254Z 24.04.3
Status Check - Keycloak Operator CI	UNKNOWN STEP	2025-10-20T08:54:04.6536962Z LTS
Status Check - Keycloak Operator CI	UNKNOWN STEP	2025-10-20T08:54:04.6537806Z ##[endgroup]
Status Check - Keycloak Operator CI	UNKNOWN STEP	2025-10-20T08:54:04.6538659Z ##[group]Runner Image
Status Check - Keycloak Operator CI	UNKNOWN STEP	2025-10-20T08:54:04.6539506Z Image: ubuntu-24.04
Status Check - Keycloak Operator CI	UNKNOWN STEP	2025-10-20T08:54:04.6540650Z Version: 20251014.76.1
Status Check - Keycloak Operator CI	UNKNOWN STEP	2025-10-20T08:54:04.6542560Z Included Software: https://github.com/actions/runner-images/blob/ubuntu24/20251014.76/images/ubuntu/Ubuntu2404-Readme.md
Status Check - Keycloak Operator CI	UNKNOWN STEP	2025-10-20T08:54:04.6545590Z Image Release: https://github.com/actions/runner-images/releases/tag/ubuntu24%2F20251014.76
Status Check - Keycloak Operator CI	UNKNOWN STEP	2025-10-20T08:54:04.6547440Z ##[endgroup]
Status Check - Keycloak Operator CI	UNKNOWN STEP	2025-10-20T08:54:04.6549204Z ##[group]GITHUB_TOKEN Permissions
Status Check - Keycloak Operator CI	UNKNOWN STEP	2025-10-20T08:54:04.6552081Z Contents: read
Status Check - Keycloak Operator CI	UNKNOWN STEP	2025-10-20T08:54:04.6552880Z Metadata: read
Status Check - Keycloak Operator CI	UNKNOWN STEP	2025-10-20T08:54:04.6553849Z ##[endgroup]
Status Check - Keycloak Operator CI	UNKNOWN STEP	2025-10-20T08:54:04.6556733Z Secret source: None
Status Check - Keycloak Operator CI	UNKNOWN STEP	2025-10-20T08:54:04.6557854Z Prepare workflow directory
Status Check - Keycloak Operator CI	UNKNOWN STEP	2025-10-20T08:54:04.7157267Z Prepare all required actions
Status Check - Keycloak Operator CI	UNKNOWN STEP	2025-10-20T08:54:04.7214009Z Getting action download info
Status Check - Keycloak Operator CI	UNKNOWN STEP	2025-10-20T08:54:04.9404124Z Download action repository 'actions/checkout@08c6903cd8c0fde910a37f88322edcfb5dd907a8' (SHA:08c6903cd8c0fde910a37f88322edcfb5dd907a8)
Status Check - Keycloak Operator CI	UNKNOWN STEP	2025-10-20T08:54:05.1886117Z Complete job name: Status Check - Keycloak Operator CI
Status Check - Keycloak Operator CI	UNKNOWN STEP	2025-10-20T08:54:05.2539891Z ##[group]Run actions/checkout@08c6903cd8c0fde910a37f88322edcfb5dd907a8
Status Check - Keycloak Operator CI	UNKNOWN STEP	2025-10-20T08:54:05.2541111Z with:
Status Check - Keycloak Operator CI	UNKNOWN STEP	2025-10-20T08:54:05.2541523Z   repository: keycloak/keycloak
Status Check - Keycloak Operator CI	UNKNOWN STEP	2025-10-20T08:54:05.2542157Z   token: ***
Status Check - Keycloak Operator CI	UNKNOWN STEP	2025-10-20T08:54:05.2542541Z   ssh-strict: true
Status Check - Keycloak Operator CI	UNKNOWN STEP	2025-10-20T08:54:05.2542955Z   ssh-user: git
Status Check - Keycloak Operator CI	UNKNOWN STEP	2025-10-20T08:54:05.2543376Z   persist-credentials: true
Status Check - Keycloak Operator CI	UNKNOWN STEP	2025-10-20T08:54:05.2543834Z   clean: true
Status Check - Keycloak Operator CI	UNKNOWN STEP	2025-10-20T08:54:05.2544239Z   sparse-checkout-cone-mode: true
Status Check - Keycloak Operator CI	UNKNOWN STEP	2025-10-20T08:54:05.2544738Z   fetch-depth: 1
Status Check - Keycloak Operator CI	UNKNOWN STEP	2025-10-20T08:54:05.2545127Z   fetch-tags: false
Status Check - Keycloak Operator CI	UNKNOWN STEP	2025-10-20T08:54:05.2545536Z   show-progress: true
Status Check - Keycloak Operator CI	UNKNOWN STEP	2025-10-20T08:54:05.2545936Z   lfs: false
Status Check - Keycloak Operator CI	UNKNOWN STEP	2025-10-20T08:54:05.2546312Z   submodules: false
Status Check - Keycloak Operator CI	UNKNOWN STEP	2025-10-20T08:54:05.2546716Z   set-safe-directory: true
Status Check - Keycloak Operator CI	UNKNOWN STEP	2025-10-20T08:54:05.2547345Z env:
Status Check - Keycloak Operator CI	UNKNOWN STEP	2025-10-20T08:54:05.2547895Z   MAVEN_ARGS: -B -nsu -Daether.connector.http.connectionMaxTtl=25
Status Check - Keycloak Operator CI	UNKNOWN STEP	2025-10-20T08:54:05.2548702Z   MINIKUBE_VERSION: v1.37.0
Status Check - Keycloak Operator CI	UNKNOWN STEP	2025-10-20T08:54:05.2549216Z   KUBERNETES_VERSION: v1.32.9
Status Check - Keycloak Operator CI	UNKNOWN STEP	2025-10-20T08:54:05.2549736Z   MINIKUBE_MEMORY: 4096
Status Check - Keycloak Operator CI	UNKNOWN STEP	2025-10-20T08:54:05.2550162Z ##[endgroup]
Status Check - Keycloak Operator CI	UNKNOWN STEP	2025-10-20T08:54:05.3458032Z Syncing repository: keycloak/keycloak
Status Check - Keycloak Operator CI	UNKNOWN STEP	2025-10-20T08:54:05.3459939Z ##[group]Getting Git version info
Status Check - Keycloak Operator CI	UNKNOWN STEP	2025-10-20T08:54:05.3460810Z Working directory is '/home/runner/work/keycloak/keycloak'
Status Check - Keycloak Operator CI	UNKNOWN STEP	2025-10-20T08:54:05.3461814Z [command]/usr/bin/git version
Status Check - Keycloak Operator CI	UNKNOWN STEP	2025-10-20T08:54:05.3532292Z git version 2.51.0
Status Check - Keycloak Operator CI	UNKNOWN STEP	2025-10-20T08:54:05.3552334Z ##[endgroup]
Status Check - Keycloak Operator CI	UNKNOWN STEP	2025-10-20T08:54:05.3566620Z Temporarily overriding HOME='/home/runner/work/_temp/a2a4e036-3c0c-4a07-ae04-7a1deb6c1c00' before making global git config changes
Status Check - Keycloak Operator CI	UNKNOWN STEP	2025-10-20T08:54:05.3568888Z Adding repository directory to the temporary git global config as a safe directory
Status Check - Keycloak Operator CI	UNKNOWN STEP	2025-10-20T08:54:05.3571740Z [command]/usr/bin/git config --global --add safe.directory /home/runner/work/keycloak/keycloak
Status Check - Keycloak Operator CI	UNKNOWN STEP	2025-10-20T08:54:05.3611182Z Deleting the contents of '/home/runner/work/keycloak/keycloak'
Status Check - Keycloak Operator CI	UNKNOWN STEP	2025-10-20T08:54:05.3615499Z ##[group]Initializing the repository
Status Check - Keycloak Operator CI	UNKNOWN STEP	2025-10-20T08:54:05.3620956Z [command]/usr/bin/git init /home/runner/work/keycloak/keycloak
Status Check - Keycloak Operator CI	UNKNOWN STEP	2025-10-20T08:54:05.3741285Z hint: Using 'master' as the name for the initial branch. This default branch name
Status Check - Keycloak Operator CI	UNKNOWN STEP	2025-10-20T08:54:05.3742508Z hint: is subject to change. To configure the initial branch name to use in all
Status Check - Keycloak Operator CI	UNKNOWN STEP	2025-10-20T08:54:05.3743686Z hint: of your new repositories, which will suppress this warning, call:
Status Check - Keycloak Operator CI	UNKNOWN STEP	2025-10-20T08:54:05.3744625Z hint:
Status Check - Keycloak Operator CI	UNKNOWN STEP	2025-10-20T08:54:05.3745482Z hint: 	git config --global init.defaultBranch <name>
Status Check - Keycloak Operator CI	UNKNOWN STEP	2025-10-20T08:54:05.3746646Z hint:
Status Check - Keycloak Operator CI	UNKNOWN STEP	2025-10-20T08:54:05.3747682Z hint: Names commonly chosen instead of 'master' are 'main', 'trunk' and
Status Check - Keycloak Operator CI	UNKNOWN STEP	2025-10-20T08:54:05.3749337Z hint: 'development'. The just-created branch can be renamed via this command:
Status Check - Keycloak Operator CI	UNKNOWN STEP	2025-10-20T08:54:05.3750824Z hint:
Status Check - Keycloak Operator CI	UNKNOWN STEP	2025-10-20T08:54:05.3751731Z hint: 	git branch -m <name>
Status Check - Keycloak Operator CI	UNKNOWN STEP	2025-10-20T08:54:05.3752577Z hint:
Status Check - Keycloak Operator CI	UNKNOWN STEP	2025-10-20T08:54:05.3753605Z hint: Disable this message with "git config set advice.defaultBranchName false"
Status Check - Keycloak Operator CI	UNKNOWN STEP	2025-10-20T08:54:05.3755320Z Initialized empty Git repository in /home/runner/work/keycloak/keycloak/.git/
Status Check - Keycloak Operator CI	UNKNOWN STEP	2025-10-20T08:54:05.3758300Z [command]/usr/bin/git remote add origin https://github.com/keycloak/keycloak
Status Check - Keycloak Operator CI	UNKNOWN STEP	2025-10-20T08:54:05.3826765Z ##[endgroup]
Status Check - Keycloak Operator CI	UNKNOWN STEP	2025-10-20T08:54:05.3827493Z ##[group]Disabling automatic garbage collection
Status Check - Keycloak Operator CI	UNKNOWN STEP	2025-10-20T08:54:05.3832012Z [command]/usr/bin/git config --local gc.auto 0
Status Check - Keycloak Operator CI	UNKNOWN STEP	2025-10-20T08:54:05.3860155Z ##[endgroup]
Status Check - Keycloak Operator CI	UNKNOWN STEP	2025-10-20T08:54:05.3861585Z ##[group]Setting up auth
Status Check - Keycloak Operator CI	UNKNOWN STEP	2025-10-20T08:54:05.3867719Z [command]/usr/bin/git config --local --name-only --get-regexp core\.sshCommand
Status Check - Keycloak Operator CI	UNKNOWN STEP	2025-10-20T08:54:05.3899544Z [command]/usr/bin/git submodule foreach --recursive sh -c "git config --local --name-only --get-regexp 'core\.sshCommand' && git config --local --unset-all 'core.sshCommand' || :"
Status Check - Keycloak Operator CI	UNKNOWN STEP	2025-10-20T08:54:05.4232976Z [command]/usr/bin/git config --local --name-only --get-regexp http\.https\:\/\/github\.com\/\.extraheader
Status Check - Keycloak Operator CI	UNKNOWN STEP	2025-10-20T08:54:05.4264189Z [command]/usr/bin/git submodule foreach --recursive sh -c "git config --local --name-only --get-regexp 'http\.https\:\/\/github\.com\/\.extraheader' && git config --local --unset-all 'http.https://github.com/.extraheader' || :"
Status Check - Keycloak Operator CI	UNKNOWN STEP	2025-10-20T08:54:05.4486317Z [command]/usr/bin/git config --local http.https://github.com/.extraheader AUTHORIZATION: basic ***
Status Check - Keycloak Operator CI	UNKNOWN STEP	2025-10-20T08:54:05.4520662Z ##[endgroup]
Status Check - Keycloak Operator CI	UNKNOWN STEP	2025-10-20T08:54:05.4521996Z ##[group]Fetching the repository
Status Check - Keycloak Operator CI	UNKNOWN STEP	2025-10-20T08:54:05.4531000Z [command]/usr/bin/git -c protocol.version=2 fetch --no-tags --prune --no-recurse-submodules --depth=1 origin +449bbbcf09be994083d5882b711ee2dac15dc915:refs/remotes/pull/43085/merge
Status Check - Keycloak Operator CI	UNKNOWN STEP	2025-10-20T08:54:08.6821827Z From https://github.com/keycloak/keycloak
Status Check - Keycloak Operator CI	UNKNOWN STEP	2025-10-20T08:54:08.6824143Z  * [new ref]         449bbbcf09be994083d5882b711ee2dac15dc915 -> pull/43085/merge
Status Check - Keycloak Operator CI	UNKNOWN STEP	2025-10-20T08:54:08.6855302Z ##[endgroup]
Status Check - Keycloak Operator CI	UNKNOWN STEP	2025-10-20T08:54:08.6858744Z ##[group]Determining the checkout info
Status Check - Keycloak Operator CI	UNKNOWN STEP	2025-10-20T08:54:08.6860485Z ##[endgroup]
Status Check - Keycloak Operator CI	UNKNOWN STEP	2025-10-20T08:54:08.6862858Z [command]/usr/bin/git sparse-checkout disable
Status Check - Keycloak Operator CI	UNKNOWN STEP	2025-10-20T08:54:08.6905169Z [command]/usr/bin/git config --local --unset-all extensions.worktreeConfig
Status Check - Keycloak Operator CI	UNKNOWN STEP	2025-10-20T08:54:08.6931734Z ##[group]Checking out the ref
Status Check - Keycloak Operator CI	UNKNOWN STEP	2025-10-20T08:54:08.6934389Z [command]/usr/bin/git checkout --progress --force refs/remotes/pull/43085/merge
Status Check - Keycloak Operator CI	UNKNOWN STEP	2025-10-20T08:54:09.4918293Z Note: switching to 'refs/remotes/pull/43085/merge'.
Status Check - Keycloak Operator CI	UNKNOWN STEP	2025-10-20T08:54:09.4919419Z 
Status Check - Keycloak Operator CI	UNKNOWN STEP	2025-10-20T08:54:09.4919885Z You are in 'detached HEAD' state. You can look around, make experimental
Status Check - Keycloak Operator CI	UNKNOWN STEP	2025-10-20T08:54:09.4921001Z changes and commit them, and you can discard any commits you make in this
Status Check - Keycloak Operator CI	UNKNOWN STEP	2025-10-20T08:54:09.4921551Z state without impacting any branches by switching back to a branch.
Status Check - Keycloak Operator CI	UNKNOWN STEP	2025-10-20T08:54:09.4921858Z 
Status Check - Keycloak Operator CI	UNKNOWN STEP	2025-10-20T08:54:09.4922081Z If you want to create a new branch to retain commits you create, you may
Status Check - Keycloak Operator CI	UNKNOWN STEP	2025-10-20T08:54:09.4922559Z do so (now or later) by using -c with the switch command. Example:
Status Check - Keycloak Operator CI	UNKNOWN STEP	2025-10-20T08:54:09.4922837Z 
Status Check - Keycloak Operator CI	UNKNOWN STEP	2025-10-20T08:54:09.4922963Z   git switch -c <new-branch-name>
Status Check - Keycloak Operator CI	UNKNOWN STEP	2025-10-20T08:54:09.4923173Z 
Status Check - Keycloak Operator CI	UNKNOWN STEP	2025-10-20T08:54:09.4923308Z Or undo this operation with:
Status Check - Keycloak Operator CI	UNKNOWN STEP	2025-10-20T08:54:09.4923483Z 
Status Check - Keycloak Operator CI	UNKNOWN STEP	2025-10-20T08:54:09.4923592Z   git switch -
Status Check - Keycloak Operator CI	UNKNOWN STEP	2025-10-20T08:54:09.4923756Z 
Status Check - Keycloak Operator CI	UNKNOWN STEP	2025-10-20T08:54:09.4924016Z Turn off this advice by setting config variable advice.detachedHead to false
Status Check - Keycloak Operator CI	UNKNOWN STEP	2025-10-20T08:54:09.4924332Z 
Status Check - Keycloak Operator CI	UNKNOWN STEP	2025-10-20T08:54:09.4924700Z HEAD is now at 449bbbc Merge 0e107f9d24f0df8bbc0be1a1a3cd9684bdec7c94 into 37bea126c723068b35d1f46bab5367c18db156ab
Status Check - Keycloak Operator CI	UNKNOWN STEP	2025-10-20T08:54:09.4955342Z ##[endgroup]
Status Check - Keycloak Operator CI	UNKNOWN STEP	2025-10-20T08:54:09.4996098Z [command]/usr/bin/git log -1 --format=%H
Status Check - Keycloak Operator CI	UNKNOWN STEP	2025-10-20T08:54:09.5019856Z 449bbbcf09be994083d5882b711ee2dac15dc915
Status Check - Keycloak Operator CI	UNKNOWN STEP	2025-10-20T08:54:09.5264981Z Prepare all required actions
Status Check - Keycloak Operator CI	UNKNOWN STEP	2025-10-20T08:54:09.5335038Z ##[group]Run ./.github/actions/status-check
Status Check - Keycloak Operator CI	UNKNOWN STEP	2025-10-20T08:54:09.5335350Z with:
Status Check - Keycloak Operator CI	UNKNOWN STEP	2025-10-20T08:54:09.5336203Z   jobs: {
Status Check - Keycloak Operator CI	UNKNOWN STEP	  "conditional": {
Status Check - Keycloak Operator CI	UNKNOWN STEP	    "result": "success",
Status Check - Keycloak Operator CI	UNKNOWN STEP	    "outputs": {
Status Check - Keycloak Operator CI	UNKNOWN STEP	      "operator": "true"
Status Check - Keycloak Operator CI	UNKNOWN STEP	    }
Status Check - Keycloak Operator CI	UNKNOWN STEP	  },
Status Check - Keycloak Operator CI	UNKNOWN STEP	  "build": {
Status Check - Keycloak Operator CI	UNKNOWN STEP	    "result": "success",
Status Check - Keycloak Operator CI	UNKNOWN STEP	    "outputs": {}
Status Check - Keycloak Operator CI	UNKNOWN STEP	  },
Status Check - Keycloak Operator CI	UNKNOWN STEP	  "test-local-apiserver": {
Status Check - Keycloak Operator CI	UNKNOWN STEP	    "result": "success",
Status Check - Keycloak Operator CI	UNKNOWN STEP	    "outputs": {}
Status Check - Keycloak Operator CI	UNKNOWN STEP	  },
Status Check - Keycloak Operator CI	UNKNOWN STEP	  "test-remote": {
Status Check - Keycloak Operator CI	UNKNOWN STEP	    "result": "failure",
Status Check - Keycloak Operator CI	UNKNOWN STEP	    "outputs": {}
Status Check - Keycloak Operator CI	UNKNOWN STEP	  },
Status Check - Keycloak Operator CI	UNKNOWN STEP	  "test-olm": {
Status Check - Keycloak Operator CI	UNKNOWN STEP	    "result": "failure",
Status Check - Keycloak Operator CI	UNKNOWN STEP	    "outputs": {}
Status Check - Keycloak Operator CI	UNKNOWN STEP	  }
Status Check - Keycloak Operator CI	UNKNOWN STEP	}
Status Check - Keycloak Operator CI	UNKNOWN STEP	2025-10-20T08:54:09.5337099Z env:
Status Check - Keycloak Operator CI	UNKNOWN STEP	2025-10-20T08:54:09.5337413Z   MAVEN_ARGS: -B -nsu -Daether.connector.http.connectionMaxTtl=25
Status Check - Keycloak Operator CI	UNKNOWN STEP	2025-10-20T08:54:09.5337807Z   MINIKUBE_VERSION: v1.37.0
Status Check - Keycloak Operator CI	UNKNOWN STEP	2025-10-20T08:54:09.5338078Z   KUBERNETES_VERSION: v1.32.9
Status Check - Keycloak Operator CI	UNKNOWN STEP	2025-10-20T08:54:09.5338336Z   MINIKUBE_MEMORY: 4096
Status Check - Keycloak Operator CI	UNKNOWN STEP	2025-10-20T08:54:09.5338559Z ##[endgroup]
Status Check - Keycloak Operator CI	UNKNOWN STEP	2025-10-20T08:54:09.5439489Z ##[group]Run JOBS='{
Status Check - Keycloak Operator CI	UNKNOWN STEP	2025-10-20T08:54:09.5439832Z [36;1mJOBS='{[0m
Status Check - Keycloak Operator CI	UNKNOWN STEP	2025-10-20T08:54:09.5440123Z [36;1m  "conditional": {[0m
Status Check - Keycloak Operator CI	UNKNOWN STEP	2025-10-20T08:54:09.5440555Z [36;1m    "result": "success",[0m
Status Check - Keycloak Operator CI	UNKNOWN STEP	2025-10-20T08:54:09.5440837Z [36;1m    "outputs": {[0m
Status Check - Keycloak Operator CI	UNKNOWN STEP	2025-10-20T08:54:09.5441081Z [36;1m      "operator": "true"[0m
Status Check - Keycloak Operator CI	UNKNOWN STEP	2025-10-20T08:54:09.5441337Z [36;1m    }[0m
Status Check - Keycloak Operator CI	UNKNOWN STEP	2025-10-20T08:54:09.5441536Z [36;1m  },[0m
Status Check - Keycloak Operator CI	UNKNOWN STEP	2025-10-20T08:54:09.5441743Z [36;1m  "build": {[0m
Status Check - Keycloak Operator CI	UNKNOWN STEP	2025-10-20T08:54:09.5442081Z [36;1m    "result": "success",[0m
Status Check - Keycloak Operator CI	UNKNOWN STEP	2025-10-20T08:54:09.5442342Z [36;1m    "outputs": {}[0m
Status Check - Keycloak Operator CI	UNKNOWN STEP	2025-10-20T08:54:09.5442577Z [36;1m  },[0m
Status Check - Keycloak Operator CI	UNKNOWN STEP	2025-10-20T08:54:09.5442797Z [36;1m  "test-local-apiserver": {[0m
Status Check - Keycloak Operator CI	UNKNOWN STEP	2025-10-20T08:54:09.5443074Z [36;1m    "result": "success",[0m
Status Check - Keycloak Operator CI	UNKNOWN STEP	2025-10-20T08:54:09.5443323Z [36;1m    "outputs": {}[0m
Status Check - Keycloak Operator CI	UNKNOWN STEP	2025-10-20T08:54:09.5443569Z [36;1m  },[0m
Status Check - Keycloak Operator CI	UNKNOWN STEP	2025-10-20T08:54:09.5443776Z [36;1m  "test-remote": {[0m
Status Check - Keycloak Operator CI	UNKNOWN STEP	2025-10-20T08:54:09.5444027Z [36;1m    "result": "failure",[0m
Status Check - Keycloak Operator CI	UNKNOWN STEP	2025-10-20T08:54:09.5444287Z [36;1m    "outputs": {}[0m
Status Check - Keycloak Operator CI	UNKNOWN STEP	2025-10-20T08:54:09.5444515Z [36;1m  },[0m
Status Check - Keycloak Operator CI	UNKNOWN STEP	2025-10-20T08:54:09.5444727Z [36;1m  "test-olm": {[0m
Status Check - Keycloak Operator CI	UNKNOWN STEP	2025-10-20T08:54:09.5444960Z [36;1m    "result": "failure",[0m
Status Check - Keycloak Operator CI	UNKNOWN STEP	2025-10-20T08:54:09.5445216Z [36;1m    "outputs": {}[0m
Status Check - Keycloak Operator CI	UNKNOWN STEP	2025-10-20T08:54:09.5445440Z [36;1m  }[0m
Status Check - Keycloak Operator CI	UNKNOWN STEP	2025-10-20T08:54:09.5445637Z [36;1m}'[0m
Status Check - Keycloak Operator CI	UNKNOWN STEP	2025-10-20T08:54:09.5445840Z [36;1m[0m
Status Check - Keycloak Operator CI	UNKNOWN STEP	2025-10-20T08:54:09.5446049Z [36;1mecho "Job status:"[0m
Status Check - Keycloak Operator CI	UNKNOWN STEP	2025-10-20T08:54:09.5446396Z [36;1mecho $JOBS | jq -r 'to_entries[] | " - \(.key): \(.value.result)"'[0m
Status Check - Keycloak Operator CI	UNKNOWN STEP	2025-10-20T08:54:09.5446740Z [36;1m[0m
Status Check - Keycloak Operator CI	UNKNOWN STEP	2025-10-20T08:54:09.5447024Z [36;1mfor i in $(echo $JOBS | jq -r 'to_entries[] | .value.result'); do[0m
Status Check - Keycloak Operator CI	UNKNOWN STEP	2025-10-20T08:54:09.5447410Z [36;1m  if [ "$i" != "success" ] && [ "$i" != "skipped" ]; then[0m
Status Check - Keycloak Operator CI	UNKNOWN STEP	2025-10-20T08:54:09.5447723Z [36;1m    echo ""[0m
Status Check - Keycloak Operator CI	UNKNOWN STEP	2025-10-20T08:54:09.5447957Z [36;1m    echo "Status check not okay!"[0m
Status Check - Keycloak Operator CI	UNKNOWN STEP	2025-10-20T08:54:09.5448230Z [36;1m    exit 1[0m
Status Check - Keycloak Operator CI	UNKNOWN STEP	2025-10-20T08:54:09.5448438Z [36;1m  fi[0m
Status Check - Keycloak Operator CI	UNKNOWN STEP	2025-10-20T08:54:09.5448638Z [36;1mdone[0m
Status Check - Keycloak Operator CI	UNKNOWN STEP	2025-10-20T08:54:09.5482029Z shell: /usr/bin/bash --noprofile --norc -e -o pipefail {0}
Status Check - Keycloak Operator CI	UNKNOWN STEP	2025-10-20T08:54:09.5482406Z env:
Status Check - Keycloak Operator CI	UNKNOWN STEP	2025-10-20T08:54:09.5482719Z   MAVEN_ARGS: -B -nsu -Daether.connector.http.connectionMaxTtl=25
Status Check - Keycloak Operator CI	UNKNOWN STEP	2025-10-20T08:54:09.5483092Z   MINIKUBE_VERSION: v1.37.0
Status Check - Keycloak Operator CI	UNKNOWN STEP	2025-10-20T08:54:09.5483355Z   KUBERNETES_VERSION: v1.32.9
Status Check - Keycloak Operator CI	UNKNOWN STEP	2025-10-20T08:54:09.5483599Z   MINIKUBE_MEMORY: 4096
Status Check - Keycloak Operator CI	UNKNOWN STEP	2025-10-20T08:54:09.5483826Z ##[endgroup]
Status Check - Keycloak Operator CI	UNKNOWN STEP	2025-10-20T08:54:09.5550883Z Job status:
Status Check - Keycloak Operator CI	UNKNOWN STEP	2025-10-20T08:54:09.5601414Z  - conditional: success
Status Check - Keycloak Operator CI	UNKNOWN STEP	2025-10-20T08:54:09.5601851Z  - build: success
Status Check - Keycloak Operator CI	UNKNOWN STEP	2025-10-20T08:54:09.5602271Z  - test-local-apiserver: success
Status Check - Keycloak Operator CI	UNKNOWN STEP	2025-10-20T08:54:09.5602568Z  - test-remote: failure
Status Check - Keycloak Operator CI	UNKNOWN STEP	2025-10-20T08:54:09.5602993Z  - test-olm: failure
Status Check - Keycloak Operator CI	UNKNOWN STEP	2025-10-20T08:54:09.5635243Z 
Status Check - Keycloak Operator CI	UNKNOWN STEP	2025-10-20T08:54:09.5635702Z Status check not okay!
Status Check - Keycloak Operator CI	UNKNOWN STEP	2025-10-20T08:54:09.5648432Z ##[error]Process completed with exit code 1.
Status Check - Keycloak Operator CI	UNKNOWN STEP	2025-10-20T08:54:09.5763792Z Post job cleanup.
Status Check - Keycloak Operator CI	UNKNOWN STEP	2025-10-20T08:54:09.6528867Z [command]/usr/bin/git version
Status Check - Keycloak Operator CI	UNKNOWN STEP	2025-10-20T08:54:09.6595076Z git version 2.51.0
Status Check - Keycloak Operator CI	UNKNOWN STEP	2025-10-20T08:54:09.6633683Z Temporarily overriding HOME='/home/runner/work/_temp/08d6ea22-1fd7-4d12-bafc-fede85a4257e' before making global git config changes
Status Check - Keycloak Operator CI	UNKNOWN STEP	2025-10-20T08:54:09.6635103Z Adding repository directory to the temporary git global config as a safe directory
Status Check - Keycloak Operator CI	UNKNOWN STEP	2025-10-20T08:54:09.6639547Z [command]/usr/bin/git config --global --add safe.directory /home/runner/work/keycloak/keycloak
Status Check - Keycloak Operator CI	UNKNOWN STEP	2025-10-20T08:54:09.6675765Z [command]/usr/bin/git config --local --name-only --get-regexp core\.sshCommand
Status Check - Keycloak Operator CI	UNKNOWN STEP	2025-10-20T08:54:09.6708521Z [command]/usr/bin/git submodule foreach --recursive sh -c "git config --local --name-only --get-regexp 'core\.sshCommand' && git config --local --unset-all 'core.sshCommand' || :"
Status Check - Keycloak Operator CI	UNKNOWN STEP	2025-10-20T08:54:09.6954998Z [command]/usr/bin/git config --local --name-only --get-regexp http\.https\:\/\/github\.com\/\.extraheader
Status Check - Keycloak Operator CI	UNKNOWN STEP	2025-10-20T08:54:09.6976876Z http.https://github.com/.extraheader
Status Check - Keycloak Operator CI	UNKNOWN STEP	2025-10-20T08:54:09.6986735Z [command]/usr/bin/git config --local --unset-all http.https://github.com/.extraheader
Status Check - Keycloak Operator CI	UNKNOWN STEP	2025-10-20T08:54:09.7019566Z [command]/usr/bin/git submodule foreach --recursive sh -c "git config --local --name-only --get-regexp 'http\.https\:\/\/github\.com\/\.extraheader' && git config --local --unset-all 'http.https://github.com/.extraheader' || :"
Status Check - Keycloak Operator CI	UNKNOWN STEP	2025-10-20T08:54:09.7432809Z Cleaning up orphan processes
