Admin UI E2E (1, chrome)	Run Cypress	2024-11-13T19:18:07.3215138Z ##[group]Run cypress-io/github-action@v6
Admin UI E2E (1, chrome)	Run Cypress	2024-11-13T19:18:07.3215524Z with:
Admin UI E2E (1, chrome)	Run Cypress	2024-11-13T19:18:07.3215746Z   install: false
Admin UI E2E (1, chrome)	Run Cypress	2024-11-13T19:18:07.3215988Z   browser: chrome
Admin UI E2E (1, chrome)	Run Cypress	2024-11-13T19:18:07.3216257Z   wait-on: http://localhost:8080
Admin UI E2E (1, chrome)	Run Cypress	2024-11-13T19:18:07.3216602Z   working-directory: js/apps/admin-ui
Admin UI E2E (1, chrome)	Run Cypress	2024-11-13T19:18:07.3216930Z   record: false
Admin UI E2E (1, chrome)	Run Cypress	2024-11-13T19:18:07.3217177Z   publish-summary: true
Admin UI E2E (1, chrome)	Run Cypress	2024-11-13T19:18:07.3217451Z   component: false
Admin UI E2E (1, chrome)	Run Cypress	2024-11-13T19:18:07.3217686Z env:
Admin UI E2E (1, chrome)	Run Cypress	2024-11-13T19:18:07.3218036Z   MAVEN_ARGS: -B -nsu -Daether.connector.http.connectionMaxTtl=25
Admin UI E2E (1, chrome)	Run Cypress	2024-11-13T19:18:07.3218552Z   WORKSPACE: keycloak-admin-ui
Admin UI E2E (1, chrome)	Run Cypress	2024-11-13T19:18:07.3219000Z   JAVA_HOME: /opt/hostedtoolcache/Java_Temurin-Hotspot_jdk/21.0.5-11/x64
Admin UI E2E (1, chrome)	Run Cypress	2024-11-13T19:18:07.3219625Z   JAVA_HOME_21_X64: /opt/hostedtoolcache/Java_Temurin-Hotspot_jdk/21.0.5-11/x64
Admin UI E2E (1, chrome)	Run Cypress	2024-11-13T19:18:07.3220097Z   SPLIT: 5
Admin UI E2E (1, chrome)	Run Cypress	2024-11-13T19:18:07.3220524Z   SPLIT_INDEX: 0
Admin UI E2E (1, chrome)	Run Cypress	2024-11-13T19:18:07.3220775Z   SPLIT_RANDOM_SEED: 75
Admin UI E2E (1, chrome)	Run Cypress	2024-11-13T19:18:07.3221188Z ##[endgroup]
Admin UI E2E (1, chrome)	Run Cypress	2024-11-13T19:18:07.4829692Z Skipping install because install parameter is false
Admin UI E2E (1, chrome)	Run Cypress	2024-11-13T19:18:07.4839738Z waiting on "http://localhost:8080" with timeout of 60 seconds
Admin UI E2E (1, chrome)	Run Cypress	2024-11-13T19:18:37.5325531Z It looks like this is your first time using Cypress: 13.15.2
Admin UI E2E (1, chrome)	Run Cypress	2024-11-13T19:18:37.5325983Z 
Admin UI E2E (1, chrome)	Run Cypress	2024-11-13T19:18:37.5349052Z [STARTED] Task without title.
Admin UI E2E (1, chrome)	Run Cypress	2024-11-13T19:18:54.7077873Z [SUCCESS] Task without title.
Admin UI E2E (1, chrome)	Run Cypress	2024-11-13T19:18:54.7083625Z 
Admin UI E2E (1, chrome)	Run Cypress	2024-11-13T19:18:54.7084038Z Opening Cypress...
Admin UI E2E (1, chrome)	Run Cypress	2024-11-13T19:18:55.3710793Z 
Admin UI E2E (1, chrome)	Run Cypress	2024-11-13T19:18:55.3712995Z DevTools listening on ws://127.0.0.1:41875/devtools/browser/0ed45ed7-e19b-4370-9c6d-ae7c45861e51
Admin UI E2E (1, chrome)	Run Cypress	2024-11-13T19:18:56.0186125Z (node:2647) ExperimentalWarning: `--experimental-loader` may be removed in the future; instead use `register()`:
Admin UI E2E (1, chrome)	Run Cypress	2024-11-13T19:18:56.0189977Z --import 'data:text/javascript,import { register } from "node:module"; import { pathToFileURL } from "node:url"; register("file%3A///home/runner/.cache/Cypress/13.15.2/Cypress/resources/app/node_modules/ts-node/esm/transpile-only.mjs", pathToFileURL("./"));'
Admin UI E2E (1, chrome)	Run Cypress	2024-11-13T19:18:56.0192627Z (Use `node --trace-warnings ...` to show where the warning was created)
Admin UI E2E (1, chrome)	Run Cypress	2024-11-13T19:19:18.6162401Z cypress-split: there are 37 found specs
Admin UI E2E (1, chrome)	Run Cypress	2024-11-13T19:19:18.6163167Z the first 5 specs
Admin UI E2E (1, chrome)	Run Cypress	2024-11-13T19:19:18.6164747Z - 1: /home/runner/work/keycloak/keycloak/js/apps/admin-ui/cypress/e2e/realm_user_registration.spec.ts
Admin UI E2E (1, chrome)	Run Cypress	2024-11-13T19:19:18.6166504Z - 2: /home/runner/work/keycloak/keycloak/js/apps/admin-ui/cypress/e2e/organization.spec.ts
Admin UI E2E (1, chrome)	Run Cypress	2024-11-13T19:19:18.6167944Z - 3: /home/runner/work/keycloak/keycloak/js/apps/admin-ui/cypress/e2e/clients_saml_test.spec.ts
Admin UI E2E (1, chrome)	Run Cypress	2024-11-13T19:19:18.6169436Z - 4: /home/runner/work/keycloak/keycloak/js/apps/admin-ui/cypress/e2e/users_enable_disable.spec.ts
Admin UI E2E (1, chrome)	Run Cypress	2024-11-13T19:19:18.6171023Z - 5: /home/runner/work/keycloak/keycloak/js/apps/admin-ui/cypress/e2e/realm_settings_general_tab_test.spec.ts
Admin UI E2E (1, chrome)	Run Cypress	2024-11-13T19:19:18.6172092Z cypress-split: chunk 1 of 5
Admin UI E2E (1, chrome)	Run Cypress	2024-11-13T19:19:18.6176928Z k  spec                                               
Admin UI E2E (1, chrome)	Run Cypress	2024-11-13T19:19:18.6177882Z -  ---------------------------------------------------
Admin UI E2E (1, chrome)	Run Cypress	2024-11-13T19:19:18.6178536Z 1  cypress/e2e/realm_user_registration.spec.ts        
Admin UI E2E (1, chrome)	Run Cypress	2024-11-13T19:19:18.6179072Z 2  cypress/e2e/organization.spec.ts                   
Admin UI E2E (1, chrome)	Run Cypress	2024-11-13T19:19:18.6179578Z 3  cypress/e2e/clients_saml_test.spec.ts              
Admin UI E2E (1, chrome)	Run Cypress	2024-11-13T19:19:18.6180076Z 4  cypress/e2e/users_enable_disable.spec.ts           
Admin UI E2E (1, chrome)	Run Cypress	2024-11-13T19:19:18.6180580Z 5  cypress/e2e/realm_settings_general_tab_test.spec.ts
Admin UI E2E (1, chrome)	Run Cypress	2024-11-13T19:19:18.6181378Z 6  cypress/e2e/identity_providers_test.spec.ts        
Admin UI E2E (1, chrome)	Run Cypress	2024-11-13T19:19:18.6181894Z 7  cypress/e2e/partial_export_test.spec.ts            
Admin UI E2E (1, chrome)	Run Cypress	2024-11-13T19:19:18.6182398Z 8  cypress/e2e/clients_saml_advanced.spec.ts          
Admin UI E2E (1, chrome)	Run Cypress	2024-11-13T19:19:18.6182696Z 
Admin UI E2E (1, chrome)	Run Cypress	2024-11-13T19:19:19.3040943Z 
Admin UI E2E (1, chrome)	Run Cypress	2024-11-13T19:19:19.3352218Z [90m====================================================================================================[39m
Admin UI E2E (1, chrome)	Run Cypress	2024-11-13T19:19:19.3353418Z 
Admin UI E2E (1, chrome)	Run Cypress	2024-11-13T19:19:19.3354561Z [0m  ([4m[1mRun Starting[22m[24m)[0m
Admin UI E2E (1, chrome)	Run Cypress	2024-11-13T19:19:19.3355074Z 
Admin UI E2E (1, chrome)	Run Cypress	2024-11-13T19:19:19.3445121Z [90m  â”Œ[39m[90mâ”€[39m[90mâ”€[39m[90mâ”€[39m[90mâ”€[39m[90mâ”€[39m[90mâ”€[39m[90mâ”€[39m[90mâ”€[39m[90mâ”€[39m[90mâ”€[39m[90mâ”€[39m[90mâ”€[39m[90mâ”€[39m[90mâ”€[39m[90mâ”€[39m[90mâ”€[39m[90mâ”€[39m[90mâ”€[39m[90mâ”€[39m[90mâ”€[39m[90mâ”€[39m[90mâ”€[39m[90mâ”€[39m[90mâ”€[39m[90mâ”€[39m[90mâ”€[39m[90mâ”€[39m[90mâ”€[39m[90mâ”€[39m[90mâ”€[39m[90mâ”€[39m[90mâ”€[39m[90mâ”€[39m[90mâ”€[39m[90mâ”€[39m[90mâ”€[39m[90mâ”€[39m[90mâ”€[39m[90mâ”€[39m[90mâ”€[39m[90mâ”€[39m[90mâ”€[39m[90mâ”€[39m[90mâ”€[39m[90mâ”€[39m[90mâ”€[39m[90mâ”€[39m[90mâ”€[39m[90mâ”€[39m[90mâ”€[39m[90mâ”€[39m[90mâ”€[39m[90mâ”€[39m[90mâ”€[39m[90mâ”€[39m[90mâ”€[39m[90mâ”€[39m[90mâ”€[39m[90mâ”€[39m[90mâ”€[39m[90mâ”€[39m[90mâ”€[39m[90mâ”€[39m[90mâ”€[39m[90mâ”€[39m[90mâ”€[39m[90mâ”€[39m[90mâ”€[39m[90mâ”€[39m[90mâ”€[39m[90mâ”€[39m[90mâ”€[39m[90mâ”€[39m[90mâ”€[39m[90mâ”€[39m[90mâ”€[39m[90mâ”€[39m[90mâ”€[39m[90mâ”€[39m[90mâ”€[39m[90mâ”€[39m[90mâ”€[39m[90mâ”€[39m[90mâ”€[39m[90mâ”€[39m[90mâ”€[39m[90mâ”€[39m[90mâ”€[39m[90mâ”€[39m[90mâ”€[39m[90mâ”€[39m[90mâ”€[39m[90mâ”€[39m[90mâ”€[39m[90mâ”€[39m[90mâ”€[39m[90mâ”[39m
Admin UI E2E (1, chrome)	Run Cypress	2024-11-13T19:19:19.3452905Z [90m  â”‚[39m [90mCypress:[39m        13.15.2                                                                        [90mâ”‚[39m
Admin UI E2E (1, chrome)	Run Cypress	2024-11-13T19:19:19.3454857Z [90m  â”‚[39m [90mBrowser:[39m        Chrome 131 [90m(headless)[39m                                                          [90mâ”‚[39m
Admin UI E2E (1, chrome)	Run Cypress	2024-11-13T19:19:19.3457152Z [90m  â”‚[39m [90mNode Version:[39m   [0mv20.13.1 [90m(/home/runner/runners/2.320.0/externals/node20/bin/node)[39m[0m              [90mâ”‚[39m
Admin UI E2E (1, chrome)	Run Cypress	2024-11-13T19:19:19.3459592Z [90m  â”‚[39m [90mSpecs:[39m          [0m8 found (realm_user_registration.spec.ts, organization.spec.ts, clients_saml_t[0m [90mâ”‚[39m
Admin UI E2E (1, chrome)	Run Cypress	2024-11-13T19:19:19.3462103Z [90m  â”‚[39m                 [0mest.spec.ts, users_enable_disable.spec.ts, realm_settings_general_tab_test.spe[0m [90mâ”‚[39m
Admin UI E2E (1, chrome)	Run Cypress	2024-11-13T19:19:19.3464298Z [90m  â”‚[39m                 [0mc.ts, identity_providers_test.spec.ts, partial_export_test.spec.ts, clients_sa[0m [90mâ”‚[39m
Admin UI E2E (1, chrome)	Run Cypress	2024-11-13T19:19:19.3466243Z [90m  â”‚[39m                 [0mml_advanced.spec.ts)[0m                                                           [90mâ”‚[39m
Admin UI E2E (1, chrome)	Run Cypress	2024-11-13T19:19:19.3468353Z [90m  â”‚[39m [90mSearched:[39m       [0mcypress/e2e/realm_user_registration.spec.ts, cypress/e2e/organization.spec.ts,[0m [90mâ”‚[39m
Admin UI E2E (1, chrome)	Run Cypress	2024-11-13T19:19:19.3470650Z [90m  â”‚[39m                 [0m cypress/e2e/clients_saml_test.spec.ts, cypress/e2e/users_enable_disable.spec.[0m [90mâ”‚[39m
Admin UI E2E (1, chrome)	Run Cypress	2024-11-13T19:19:19.3472785Z [90m  â”‚[39m                 [0mts, cypress/e2e/realm_settings_general_tab_test.spec.ts, cypress/e2e/identity_[0m [90mâ”‚[39m
Admin UI E2E (1, chrome)	Run Cypress	2024-11-13T19:19:19.3474950Z [90m  â”‚[39m                 [0mproviders_test.spec.ts, cypress/e2e/partial_export_test.spec.ts, cypress/e2e/c[0m [90mâ”‚[39m
Admin UI E2E (1, chrome)	Run Cypress	2024-11-13T19:19:19.3476939Z [90m  â”‚[39m                 [0mlients_saml_advanced.spec.ts[0m                                                   [90mâ”‚[39m
Admin UI E2E (1, chrome)	Run Cypress	2024-11-13T19:19:19.3479016Z [90m  â”‚[39m [90mExperiments:[39m    experimentalMemoryManagement=true                                              [90mâ”‚[39m
Admin UI E2E (1, chrome)	Run Cypress	2024-11-13T19:19:19.3488481Z [90m  â””[39m[90mâ”€[39m[90mâ”€[39m[90mâ”€[39m[90mâ”€[39m[90mâ”€[39m[90mâ”€[39m[90mâ”€[39m[90mâ”€[39m[90mâ”€[39m[90mâ”€[39m[90mâ”€[39m[90mâ”€[39m[90mâ”€[39m[90mâ”€[39m[90mâ”€[39m[90mâ”€[39m[90mâ”€[39m[90mâ”€[39m[90mâ”€[39m[90mâ”€[39m[90mâ”€[39m[90mâ”€[39m[90mâ”€[39m[90mâ”€[39m[90mâ”€[39m[90mâ”€[39m[90mâ”€[39m[90mâ”€[39m[90mâ”€[39m[90mâ”€[39m[90mâ”€[39m[90mâ”€[39m[90mâ”€[39m[90mâ”€[39m[90mâ”€[39m[90mâ”€[39m[90mâ”€[39m[90mâ”€[39m[90mâ”€[39m[90mâ”€[39m[90mâ”€[39m[90mâ”€[39m[90mâ”€[39m[90mâ”€[39m[90mâ”€[39m[90mâ”€[39m[90mâ”€[39m[90mâ”€[39m[90mâ”€[39m[90mâ”€[39m[90mâ”€[39m[90mâ”€[39m[90mâ”€[39m[90mâ”€[39m[90mâ”€[39m[90mâ”€[39m[90mâ”€[39m[90mâ”€[39m[90mâ”€[39m[90mâ”€[39m[90mâ”€[39m[90mâ”€[39m[90mâ”€[39m[90mâ”€[39m[90mâ”€[39m[90mâ”€[39m[90mâ”€[39m[90mâ”€[39m[90mâ”€[39m[90mâ”€[39m[90mâ”€[39m[90mâ”€[39m[90mâ”€[39m[90mâ”€[39m[90mâ”€[39m[90mâ”€[39m[90mâ”€[39m[90mâ”€[39m[90mâ”€[39m[90mâ”€[39m[90mâ”€[39m[90mâ”€[39m[90mâ”€[39m[90mâ”€[39m[90mâ”€[39m[90mâ”€[39m[90mâ”€[39m[90mâ”€[39m[90mâ”€[39m[90mâ”€[39m[90mâ”€[39m[90mâ”€[39m[90mâ”€[39m[90mâ”€[39m[90mâ”€[39m[90mâ”€[39m[90mâ”˜[39m
Admin UI E2E (1, chrome)	Run Cypress	2024-11-13T19:19:19.3494963Z 
Admin UI E2E (1, chrome)	Run Cypress	2024-11-13T19:19:19.3494989Z 
Admin UI E2E (1, chrome)	Run Cypress	2024-11-13T19:19:19.3503215Z [90mâ”€[39m[90mâ”€[39m[90mâ”€[39m[90mâ”€[39m[90mâ”€[39m[90mâ”€[39m[90mâ”€[39m[90mâ”€[39m[90mâ”€[39m[90mâ”€[39m[90mâ”€[39m[90mâ”€[39m[90mâ”€[39m[90mâ”€[39m[90mâ”€[39m[90mâ”€[39m[90mâ”€[39m[90mâ”€[39m[90mâ”€[39m[90mâ”€[39m[90mâ”€[39m[90mâ”€[39m[90mâ”€[39m[90mâ”€[39m[90mâ”€[39m[90mâ”€[39m[90mâ”€[39m[90mâ”€[39m[90mâ”€[39m[90mâ”€[39m[90mâ”€[39m[90mâ”€[39m[90mâ”€[39m[90mâ”€[39m[90mâ”€[39m[90mâ”€[39m[90mâ”€[39m[90mâ”€[39m[90mâ”€[39m[90mâ”€[39m[90mâ”€[39m[90mâ”€[39m[90mâ”€[39m[90mâ”€[39m[90mâ”€[39m[90mâ”€[39m[90mâ”€[39m[90mâ”€[39m[90mâ”€[39m[90mâ”€[39m[90mâ”€[39m[90mâ”€[39m[90mâ”€[39m[90mâ”€[39m[90mâ”€[39m[90mâ”€[39m[90mâ”€[39m[90mâ”€[39m[90mâ”€[39m[90mâ”€[39m[90mâ”€[39m[90mâ”€[39m[90mâ”€[39m[90mâ”€[39m[90mâ”€[39m[90mâ”€[39m[90mâ”€[39m[90mâ”€[39m[90mâ”€[39m[90mâ”€[39m[90mâ”€[39m[90mâ”€[39m[90mâ”€[39m[90mâ”€[39m[90mâ”€[39m[90mâ”€[39m[90mâ”€[39m[90mâ”€[39m[90mâ”€[39m[90mâ”€[39m[90mâ”€[39m[90mâ”€[39m[90mâ”€[39m[90mâ”€[39m[90mâ”€[39m[90mâ”€[39m[90mâ”€[39m[90mâ”€[39m[90mâ”€[39m[90mâ”€[39m[90mâ”€[39m[90mâ”€[39m[90mâ”€[39m[90mâ”€[39m[90mâ”€[39m[90mâ”€[39m[90mâ”€[39m[90mâ”€[39m[90mâ”€[39m[90mâ”€[39m
Admin UI E2E (1, chrome)	Run Cypress	2024-11-13T19:19:19.3510087Z                                                                                                     
Admin UI E2E (1, chrome)	Run Cypress	2024-11-13T19:19:19.3511636Z   Running:  [90mrealm_user_registration.spec.ts[39m                                                 [90m(1 of 8)[39m
Admin UI E2E (1, chrome)	Run Cypress	2024-11-13T19:19:26.4781928Z 
Admin UI E2E (1, chrome)	Run Cypress	2024-11-13T19:19:26.4786305Z [0m[0m
Admin UI E2E (1, chrome)	Run Cypress	2024-11-13T19:19:26.4789704Z [0m  Realm settings - User registration tab[0m
Admin UI E2E (1, chrome)	Run Cypress	2024-11-13T19:19:36.4122220Z   [32m  âœ“[0m[90m Add admin role[0m[90m (9910ms)[0m
Admin UI E2E (1, chrome)	Run Cypress	2024-11-13T19:19:38.6273963Z   [32m  âœ“[0m[90m Remove admin role[0m[90m (2179ms)[0m
Admin UI E2E (1, chrome)	Run Cypress	2024-11-13T19:19:41.3751473Z   [32m  âœ“[0m[90m Add default group[0m[90m (2493ms)[0m
Admin UI E2E (1, chrome)	Run Cypress	2024-11-13T19:19:41.3752116Z 
Admin UI E2E (1, chrome)	Run Cypress	2024-11-13T19:19:41.3972215Z 
Admin UI E2E (1, chrome)	Run Cypress	2024-11-13T19:19:41.3975320Z [92m [0m[32m 3 passing[0m[90m (15s)[0m
Admin UI E2E (1, chrome)	Run Cypress	2024-11-13T19:19:41.3975840Z 
Admin UI E2E (1, chrome)	Run Cypress	2024-11-13T19:19:42.4316510Z 
Admin UI E2E (1, chrome)	Run Cypress	2024-11-13T19:19:42.4317389Z [32m  ([4m[1mResults[22m[24m)[39m
Admin UI E2E (1, chrome)	Run Cypress	2024-11-13T19:19:42.4323682Z 
Admin UI E2E (1, chrome)	Run Cypress	2024-11-13T19:19:42.4340571Z [90m  â”Œ[39m[90mâ”€[39m[90mâ”€[39m[90mâ”€[39m[90mâ”€[39m[90mâ”€[39m[90mâ”€[39m[90mâ”€[39m[90mâ”€[39m[90mâ”€[39m[90mâ”€[39m[90mâ”€[39m[90mâ”€[39m[90mâ”€[39m[90mâ”€[39m[90mâ”€[39m[90mâ”€[39m[90mâ”€[39m[90mâ”€[39m[90mâ”€[39m[90mâ”€[39m[90mâ”€[39m[90mâ”€[39m[90mâ”€[39m[90mâ”€[39m[90mâ”€[39m[90mâ”€[39m[90mâ”€[39m[90mâ”€[39m[90mâ”€[39m[90mâ”€[39m[90mâ”€[39m[90mâ”€[39m[90mâ”€[39m[90mâ”€[39m[90mâ”€[39m[90mâ”€[39m[90mâ”€[39m[90mâ”€[39m[90mâ”€[39m[90mâ”€[39m[90mâ”€[39m[90mâ”€[39m[90mâ”€[39m[90mâ”€[39m[90mâ”€[39m[90mâ”€[39m[90mâ”€[39m[90mâ”€[39m[90mâ”€[39m[90mâ”€[39m[90mâ”€[39m[90mâ”€[39m[90mâ”€[39m[90mâ”€[39m[90mâ”€[39m[90mâ”€[39m[90mâ”€[39m[90mâ”€[39m[90mâ”€[39m[90mâ”€[39m[90mâ”€[39m[90mâ”€[39m[90mâ”€[39m[90mâ”€[39m[90mâ”€[39m[90mâ”€[39m[90mâ”€[39m[90mâ”€[39m[90mâ”€[39m[90mâ”€[39m[90mâ”€[39m[90mâ”€[39m[90mâ”€[39m[90mâ”€[39m[90mâ”€[39m[90mâ”€[39m[90mâ”€[39m[90mâ”€[39m[90mâ”€[39m[90mâ”€[39m[90mâ”€[39m[90mâ”€[39m[90mâ”€[39m[90mâ”€[39m[90mâ”€[39m[90mâ”€[39m[90mâ”€[39m[90mâ”€[39m[90mâ”€[39m[90mâ”€[39m[90mâ”€[39m[90mâ”€[39m[90mâ”€[39m[90mâ”€[39m[90mâ”€[39m[90mâ”€[39m[90mâ”[39m
Admin UI E2E (1, chrome)	Run Cypress	2024-11-13T19:19:42.4345652Z [90m  â”‚[39m [90mTests:[39m        [32m3[39m                                                                                [90mâ”‚[39m
Admin UI E2E (1, chrome)	Run Cypress	2024-11-13T19:19:42.4347055Z [90m  â”‚[39m [90mPassing:[39m      [32m3[39m                                                                                [90mâ”‚[39m
Admin UI E2E (1, chrome)	Run Cypress	2024-11-13T19:19:42.4348435Z [90m  â”‚[39m [90mFailing:[39m      [32m0[39m                                                                                [90mâ”‚[39m
Admin UI E2E (1, chrome)	Run Cypress	2024-11-13T19:19:42.4350465Z [90m  â”‚[39m [90mPending:[39m      [32m0[39m                                                                                [90mâ”‚[39m
Admin UI E2E (1, chrome)	Run Cypress	2024-11-13T19:19:42.4351845Z [90m  â”‚[39m [90mSkipped:[39m      [32m0[39m                                                                                [90mâ”‚[39m
Admin UI E2E (1, chrome)	Run Cypress	2024-11-13T19:19:42.4353200Z [90m  â”‚[39m [90mScreenshots:[39m  [32m0[39m                                                                                [90mâ”‚[39m
Admin UI E2E (1, chrome)	Run Cypress	2024-11-13T19:19:42.4354914Z [90m  â”‚[39m [90mVideo:[39m        [32mfalse[39m                                                                            [90mâ”‚[39m
Admin UI E2E (1, chrome)	Run Cypress	2024-11-13T19:19:42.4357245Z [90m  â”‚[39m [90mDuration:[39m     [32m14 seconds[39m                                                                       [90mâ”‚[39m
Admin UI E2E (1, chrome)	Run Cypress	2024-11-13T19:19:42.4359628Z [90m  â”‚[39m [90mSpec Ran:[39m     [32m[32mrealm_user_registration.spec.ts[32m[39m                                                  [90mâ”‚[39m
Admin UI E2E (1, chrome)	Run Cypress	2024-11-13T19:19:42.4368877Z [90m  â””[39m[90mâ”€[39m[90mâ”€[39m[90mâ”€[39m[90mâ”€[39m[90mâ”€[39m[90mâ”€[39m[90mâ”€[39m[90mâ”€[39m[90mâ”€[39m[90mâ”€[39m[90mâ”€[39m[90mâ”€[39m[90mâ”€[39m[90mâ”€[39m[90mâ”€[39m[90mâ”€[39m[90mâ”€[39m[90mâ”€[39m[90mâ”€[39m[90mâ”€[39m[90mâ”€[39m[90mâ”€[39m[90mâ”€[39m[90mâ”€[39m[90mâ”€[39m[90mâ”€[39m[90mâ”€[39m[90mâ”€[39m[90mâ”€[39m[90mâ”€[39m[90mâ”€[39m[90mâ”€[39m[90mâ”€[39m[90mâ”€[39m[90mâ”€[39m[90mâ”€[39m[90mâ”€[39m[90mâ”€[39m[90mâ”€[39m[90mâ”€[39m[90mâ”€[39m[90mâ”€[39m[90mâ”€[39m[90mâ”€[39m[90mâ”€[39m[90mâ”€[39m[90mâ”€[39m[90mâ”€[39m[90mâ”€[39m[90mâ”€[39m[90mâ”€[39m[90mâ”€[39m[90mâ”€[39m[90mâ”€[39m[90mâ”€[39m[90mâ”€[39m[90mâ”€[39m[90mâ”€[39m[90mâ”€[39m[90mâ”€[39m[90mâ”€[39m[90mâ”€[39m[90mâ”€[39m[90mâ”€[39m[90mâ”€[39m[90mâ”€[39m[90mâ”€[39m[90mâ”€[39m[90mâ”€[39m[90mâ”€[39m[90mâ”€[39m[90mâ”€[39m[90mâ”€[39m[90mâ”€[39m[90mâ”€[39m[90mâ”€[39m[90mâ”€[39m[90mâ”€[39m[90mâ”€[39m[90mâ”€[39m[90mâ”€[39m[90mâ”€[39m[90mâ”€[39m[90mâ”€[39m[90mâ”€[39m[90mâ”€[39m[90mâ”€[39m[90mâ”€[39m[90mâ”€[39m[90mâ”€[39m[90mâ”€[39m[90mâ”€[39m[90mâ”€[39m[90mâ”€[39m[90mâ”€[39m[90mâ”€[39m[90mâ”˜[39m
Admin UI E2E (1, chrome)	Run Cypress	2024-11-13T19:19:42.4375927Z 
Admin UI E2E (1, chrome)	Run Cypress	2024-11-13T19:19:42.4871221Z 
Admin UI E2E (1, chrome)	Run Cypress	2024-11-13T19:19:42.4884518Z [90mâ”€[39m[90mâ”€[39m[90mâ”€[39m[90mâ”€[39m[90mâ”€[39m[90mâ”€[39m[90mâ”€[39m[90mâ”€[39m[90mâ”€[39m[90mâ”€[39m[90mâ”€[39m[90mâ”€[39m[90mâ”€[39m[90mâ”€[39m[90mâ”€[39m[90mâ”€[39m[90mâ”€[39m[90mâ”€[39m[90mâ”€[39m[90mâ”€[39m[90mâ”€[39m[90mâ”€[39m[90mâ”€[39m[90mâ”€[39m[90mâ”€[39m[90mâ”€[39m[90mâ”€[39m[90mâ”€[39m[90mâ”€[39m[90mâ”€[39m[90mâ”€[39m[90mâ”€[39m[90mâ”€[39m[90mâ”€[39m[90mâ”€[39m[90mâ”€[39m[90mâ”€[39m[90mâ”€[39m[90mâ”€[39m[90mâ”€[39m[90mâ”€[39m[90mâ”€[39m[90mâ”€[39m[90mâ”€[39m[90mâ”€[39m[90mâ”€[39m[90mâ”€[39m[90mâ”€[39m[90mâ”€[39m[90mâ”€[39m[90mâ”€[39m[90mâ”€[39m[90mâ”€[39m[90mâ”€[39m[90mâ”€[39m[90mâ”€[39m[90mâ”€[39m[90mâ”€[39m[90mâ”€[39m[90mâ”€[39m[90mâ”€[39m[90mâ”€[39m[90mâ”€[39m[90mâ”€[39m[90mâ”€[39m[90mâ”€[39m[90mâ”€[39m[90mâ”€[39m[90mâ”€[39m[90mâ”€[39m[90mâ”€[39m[90mâ”€[39m[90mâ”€[39m[90mâ”€[39m[90mâ”€[39m[90mâ”€[39m[90mâ”€[39m[90mâ”€[39m[90mâ”€[39m[90mâ”€[39m[90mâ”€[39m[90mâ”€[39m[90mâ”€[39m[90mâ”€[39m[90mâ”€[39m[90mâ”€[39m[90mâ”€[39m[90mâ”€[39m[90mâ”€[39m[90mâ”€[39m[90mâ”€[39m[90mâ”€[39m[90mâ”€[39m[90mâ”€[39m[90mâ”€[39m[90mâ”€[39m[90mâ”€[39m[90mâ”€[39m[90mâ”€[39m[90mâ”€[39m
Admin UI E2E (1, chrome)	Run Cypress	2024-11-13T19:19:42.4891391Z                                                                                                     
Admin UI E2E (1, chrome)	Run Cypress	2024-11-13T19:19:42.4892822Z   Running:  [90morganization.spec.ts[39m                                                            [90m(2 of 8)[39m
Admin UI E2E (1, chrome)	Run Cypress	2024-11-13T19:19:47.1983150Z 
Admin UI E2E (1, chrome)	Run Cypress	2024-11-13T19:19:47.1984012Z [0m[0m
Admin UI E2E (1, chrome)	Run Cypress	2024-11-13T19:19:47.2094462Z [0m  Organization CRUD[0m
Admin UI E2E (1, chrome)	Run Cypress	2024-11-13T19:19:47.2098317Z   [36m  - should create new organization[0m
Admin UI E2E (1, chrome)	Run Cypress	2024-11-13T19:19:47.2107445Z   [36m  - should modify existing organization[0m
Admin UI E2E (1, chrome)	Run Cypress	2024-11-13T19:19:47.2108856Z   [36m  - should delete from list[0m
Admin UI E2E (1, chrome)	Run Cypress	2024-11-13T19:19:47.2112381Z   [36m  - should delete from details page[0m
Admin UI E2E (1, chrome)	Run Cypress	2024-11-13T19:19:47.2374893Z 
Admin UI E2E (1, chrome)	Run Cypress	2024-11-13T19:19:47.2376045Z [0m  Members[0m
Admin UI E2E (1, chrome)	Run Cypress	2024-11-13T19:19:47.2376886Z   [36m  - should add member[0m
Admin UI E2E (1, chrome)	Run Cypress	2024-11-13T19:19:47.2830297Z 
Admin UI E2E (1, chrome)	Run Cypress	2024-11-13T19:19:47.2831260Z [0m  Identity providers[0m
Admin UI E2E (1, chrome)	Run Cypress	2024-11-13T19:19:47.2832142Z   [36m  - should add idp[0m
Admin UI E2E (1, chrome)	Run Cypress	2024-11-13T19:19:47.2832634Z 
Admin UI E2E (1, chrome)	Run Cypress	2024-11-13T19:19:47.2838056Z 
Admin UI E2E (1, chrome)	Run Cypress	2024-11-13T19:19:47.2841204Z [92m [0m[32m 0 passing[0m[90m (86ms)[0m
Admin UI E2E (1, chrome)	Run Cypress	2024-11-13T19:19:47.2842745Z [36m [0m[36m 6 pending[0m
Admin UI E2E (1, chrome)	Run Cypress	2024-11-13T19:19:47.2850412Z 
Admin UI E2E (1, chrome)	Run Cypress	2024-11-13T19:19:48.4226306Z 
Admin UI E2E (1, chrome)	Run Cypress	2024-11-13T19:19:48.4228397Z [32m  ([4m[1mResults[22m[24m)[39m
Admin UI E2E (1, chrome)	Run Cypress	2024-11-13T19:19:48.4231759Z 
Admin UI E2E (1, chrome)	Run Cypress	2024-11-13T19:19:48.4250490Z [90m  â”Œ[39m[90mâ”€[39m[90mâ”€[39m[90mâ”€[39m[90mâ”€[39m[90mâ”€[39m[90mâ”€[39m[90mâ”€[39m[90mâ”€[39m[90mâ”€[39m[90mâ”€[39m[90mâ”€[39m[90mâ”€[39m[90mâ”€[39m[90mâ”€[39m[90mâ”€[39m[90mâ”€[39m[90mâ”€[39m[90mâ”€[39m[90mâ”€[39m[90mâ”€[39m[90mâ”€[39m[90mâ”€[39m[90mâ”€[39m[90mâ”€[39m[90mâ”€[39m[90mâ”€[39m[90mâ”€[39m[90mâ”€[39m[90mâ”€[39m[90mâ”€[39m[90mâ”€[39m[90mâ”€[39m[90mâ”€[39m[90mâ”€[39m[90mâ”€[39m[90mâ”€[39m[90mâ”€[39m[90mâ”€[39m[90mâ”€[39m[90mâ”€[39m[90mâ”€[39m[90mâ”€[39m[90mâ”€[39m[90mâ”€[39m[90mâ”€[39m[90mâ”€[39m[90mâ”€[39m[90mâ”€[39m[90mâ”€[39m[90mâ”€[39m[90mâ”€[39m[90mâ”€[39m[90mâ”€[39m[90mâ”€[39m[90mâ”€[39m[90mâ”€[39m[90mâ”€[39m[90mâ”€[39m[90mâ”€[39m[90mâ”€[39m[90mâ”€[39m[90mâ”€[39m[90mâ”€[39m[90mâ”€[39m[90mâ”€[39m[90mâ”€[39m[90mâ”€[39m[90mâ”€[39m[90mâ”€[39m[90mâ”€[39m[90mâ”€[39m[90mâ”€[39m[90mâ”€[39m[90mâ”€[39m[90mâ”€[39m[90mâ”€[39m[90mâ”€[39m[90mâ”€[39m[90mâ”€[39m[90mâ”€[39m[90mâ”€[39m[90mâ”€[39m[90mâ”€[39m[90mâ”€[39m[90mâ”€[39m[90mâ”€[39m[90mâ”€[39m[90mâ”€[39m[90mâ”€[39m[90mâ”€[39m[90mâ”€[39m[90mâ”€[39m[90mâ”€[39m[90mâ”€[39m[90mâ”€[39m[90mâ”€[39m[90mâ”[39m
Admin UI E2E (1, chrome)	Run Cypress	2024-11-13T19:19:48.4257604Z [90m  â”‚[39m [90mTests:[39m        [32m6[39m                                                                                [90mâ”‚[39m
Admin UI E2E (1, chrome)	Run Cypress	2024-11-13T19:19:48.4259242Z [90m  â”‚[39m [90mPassing:[39m      [32m0[39m                                                                                [90mâ”‚[39m
Admin UI E2E (1, chrome)	Run Cypress	2024-11-13T19:19:48.4261249Z [90m  â”‚[39m [90mFailing:[39m      [32m0[39m                                                                                [90mâ”‚[39m
Admin UI E2E (1, chrome)	Run Cypress	2024-11-13T19:19:48.4262909Z [90m  â”‚[39m [90mPending:[39m      [32m6[39m                                                                                [90mâ”‚[39m
Admin UI E2E (1, chrome)	Run Cypress	2024-11-13T19:19:48.4264505Z [90m  â”‚[39m [90mSkipped:[39m      [32m0[39m                                                                                [90mâ”‚[39m
Admin UI E2E (1, chrome)	Run Cypress	2024-11-13T19:19:48.4266174Z [90m  â”‚[39m [90mScreenshots:[39m  [32m0[39m                                                                                [90mâ”‚[39m
Admin UI E2E (1, chrome)	Run Cypress	2024-11-13T19:19:48.4267834Z [90m  â”‚[39m [90mVideo:[39m        [32mfalse[39m                                                                            [90mâ”‚[39m
Admin UI E2E (1, chrome)	Run Cypress	2024-11-13T19:19:48.4269505Z [90m  â”‚[39m [90mDuration:[39m     [32m0 seconds[39m                                                                        [90mâ”‚[39m
Admin UI E2E (1, chrome)	Run Cypress	2024-11-13T19:19:48.4272253Z [90m  â”‚[39m [90mSpec Ran:[39m     [32m[32morganization.spec.ts[32m[39m                                                             [90mâ”‚[39m
Admin UI E2E (1, chrome)	Run Cypress	2024-11-13T19:19:48.4281359Z [90m  â””[39m[90mâ”€[39m[90mâ”€[39m[90mâ”€[39m[90mâ”€[39m[90mâ”€[39m[90mâ”€[39m[90mâ”€[39m[90mâ”€[39m[90mâ”€[39m[90mâ”€[39m[90mâ”€[39m[90mâ”€[39m[90mâ”€[39m[90mâ”€[39m[90mâ”€[39m[90mâ”€[39m[90mâ”€[39m[90mâ”€[39m[90mâ”€[39m[90mâ”€[39m[90mâ”€[39m[90mâ”€[39m[90mâ”€[39m[90mâ”€[39m[90mâ”€[39m[90mâ”€[39m[90mâ”€[39m[90mâ”€[39m[90mâ”€[39m[90mâ”€[39m[90mâ”€[39m[90mâ”€[39m[90mâ”€[39m[90mâ”€[39m[90mâ”€[39m[90mâ”€[39m[90mâ”€[39m[90mâ”€[39m[90mâ”€[39m[90mâ”€[39m[90mâ”€[39m[90mâ”€[39m[90mâ”€[39m[90mâ”€[39m[90mâ”€[39m[90mâ”€[39m[90mâ”€[39m[90mâ”€[39m[90mâ”€[39m[90mâ”€[39m[90mâ”€[39m[90mâ”€[39m[90mâ”€[39m[90mâ”€[39m[90mâ”€[39m[90mâ”€[39m[90mâ”€[39m[90mâ”€[39m[90mâ”€[39m[90mâ”€[39m[90mâ”€[39m[90mâ”€[39m[90mâ”€[39m[90mâ”€[39m[90mâ”€[39m[90mâ”€[39m[90mâ”€[39m[90mâ”€[39m[90mâ”€[39m[90mâ”€[39m[90mâ”€[39m[90mâ”€[39m[90mâ”€[39m[90mâ”€[39m[90mâ”€[39m[90mâ”€[39m[90mâ”€[39m[90mâ”€[39m[90mâ”€[39m[90mâ”€[39m[90mâ”€[39m[90mâ”€[39m[90mâ”€[39m[90mâ”€[39m[90mâ”€[39m[90mâ”€[39m[90mâ”€[39m[90mâ”€[39m[90mâ”€[39m[90mâ”€[39m[90mâ”€[39m[90mâ”€[39m[90mâ”€[39m[90mâ”€[39m[90mâ”€[39m[90mâ”€[39m[90mâ”˜[39m
Admin UI E2E (1, chrome)	Run Cypress	2024-11-13T19:19:48.4287586Z 
Admin UI E2E (1, chrome)	Run Cypress	2024-11-13T19:19:48.4761022Z 
Admin UI E2E (1, chrome)	Run Cypress	2024-11-13T19:19:48.4774214Z [90mâ”€[39m[90mâ”€[39m[90mâ”€[39m[90mâ”€[39m[90mâ”€[39m[90mâ”€[39m[90mâ”€[39m[90mâ”€[39m[90mâ”€[39m[90mâ”€[39m[90mâ”€[39m[90mâ”€[39m[90mâ”€[39m[90mâ”€[39m[90mâ”€[39m[90mâ”€[39m[90mâ”€[39m[90mâ”€[39m[90mâ”€[39m[90mâ”€[39m[90mâ”€[39m[90mâ”€[39m[90mâ”€[39m[90mâ”€[39m[90mâ”€[39m[90mâ”€[39m[90mâ”€[39m[90mâ”€[39m[90mâ”€[39m[90mâ”€[39m[90mâ”€[39m[90mâ”€[39m[90mâ”€[39m[90mâ”€[39m[90mâ”€[39m[90mâ”€[39m[90mâ”€[39m[90mâ”€[39m[90mâ”€[39m[90mâ”€[39m[90mâ”€[39m[90mâ”€[39m[90mâ”€[39m[90mâ”€[39m[90mâ”€[39m[90mâ”€[39m[90mâ”€[39m[90mâ”€[39m[90mâ”€[39m[90mâ”€[39m[90mâ”€[39m[90mâ”€[39m[90mâ”€[39m[90mâ”€[39m[90mâ”€[39m[90mâ”€[39m[90mâ”€[39m[90mâ”€[39m[90mâ”€[39m[90mâ”€[39m[90mâ”€[39m[90mâ”€[39m[90mâ”€[39m[90mâ”€[39m[90mâ”€[39m[90mâ”€[39m[90mâ”€[39m[90mâ”€[39m[90mâ”€[39m[90mâ”€[39m[90mâ”€[39m[90mâ”€[39m[90mâ”€[39m[90mâ”€[39m[90mâ”€[39m[90mâ”€[39m[90mâ”€[39m[90mâ”€[39m[90mâ”€[39m[90mâ”€[39m[90mâ”€[39m[90mâ”€[39m[90mâ”€[39m[90mâ”€[39m[90mâ”€[39m[90mâ”€[39m[90mâ”€[39m[90mâ”€[39m[90mâ”€[39m[90mâ”€[39m[90mâ”€[39m[90mâ”€[39m[90mâ”€[39m[90mâ”€[39m[90mâ”€[39m[90mâ”€[39m[90mâ”€[39m[90mâ”€[39m[90mâ”€[39m[90mâ”€[39m
Admin UI E2E (1, chrome)	Run Cypress	2024-11-13T19:19:48.4780669Z                                                                                                     
Admin UI E2E (1, chrome)	Run Cypress	2024-11-13T19:19:48.4782266Z   Running:  [90mclients_saml_test.spec.ts[39m                                                       [90m(3 of 8)[39m
Admin UI E2E (1, chrome)	Run Cypress	2024-11-13T19:19:52.0082300Z 
Admin UI E2E (1, chrome)	Run Cypress	2024-11-13T19:19:52.0090143Z [0m[0m
Admin UI E2E (1, chrome)	Run Cypress	2024-11-13T19:19:52.0113434Z [0m  Clients SAML tests[0m
Admin UI E2E (1, chrome)	Run Cypress	2024-11-13T19:19:52.0114110Z [0m    SAML test[0m
Admin UI E2E (1, chrome)	Run Cypress	2024-11-13T19:19:56.5469588Z     [32m  âœ“[0m[90m should display the saml sections on details screen[0m[90m (4503ms)[0m
Admin UI E2E (1, chrome)	Run Cypress	2024-11-13T19:19:58.8561308Z     [32m  âœ“[0m[90m should save force name id format[0m[90m (2260ms)[0m
Admin UI E2E (1, chrome)	Run Cypress	2024-11-13T19:19:58.8751856Z [0m    SAML keys tab[0m
Admin UI E2E (1, chrome)	Run Cypress	2024-11-13T19:20:02.0449904Z     [32m  âœ“[0m[90m should doesn't disable signature when cancel[0m[90m (3110ms)[0m
Admin UI E2E (1, chrome)	Run Cypress	2024-11-13T19:20:04.5275876Z     [32m  âœ“[0m[90m should disable client signature[0m[90m (2443ms)[0m
Admin UI E2E (1, chrome)	Run Cypress	2024-11-13T19:20:07.1562000Z     [32m  âœ“[0m[90m should enable Encryption keys config[0m[90m (2577ms)[0m
Admin UI E2E (1, chrome)	Run Cypress	2024-11-13T19:20:07.1674938Z [0m    SAML settings tab[0m
Admin UI E2E (1, chrome)	Run Cypress	2024-11-13T19:20:10.5012534Z     [32m  âœ“[0m[90m should check SAML capabilities[0m[90m (3316ms)[0m
Admin UI E2E (1, chrome)	Run Cypress	2024-11-13T19:20:14.9950450Z     [32m  âœ“[0m[90m should check signature and encryption[0m[90m (4465ms)[0m
Admin UI E2E (1, chrome)	Run Cypress	2024-11-13T19:20:22.1571443Z     [32m  âœ“[0m[90m should check access settings[0m[90m (7124ms)[0m
Admin UI E2E (1, chrome)	Run Cypress	2024-11-13T19:20:25.0792845Z     [32m  âœ“[0m[90m should check login settings[0m[90m (2884ms)[0m
Admin UI E2E (1, chrome)	Run Cypress	2024-11-13T19:20:25.0793933Z 
Admin UI E2E (1, chrome)	Run Cypress	2024-11-13T19:20:25.1007245Z 
Admin UI E2E (1, chrome)	Run Cypress	2024-11-13T19:20:25.1009278Z [92m [0m[32m 9 passing[0m[90m (33s)[0m
Admin UI E2E (1, chrome)	Run Cypress	2024-11-13T19:20:25.1013821Z 
Admin UI E2E (1, chrome)	Run Cypress	2024-11-13T19:20:26.1157898Z 
Admin UI E2E (1, chrome)	Run Cypress	2024-11-13T19:20:26.1159245Z [32m  ([4m[1mResults[22m[24m)[39m
Admin UI E2E (1, chrome)	Run Cypress	2024-11-13T19:20:26.1163886Z 
Admin UI E2E (1, chrome)	Run Cypress	2024-11-13T19:20:26.1178330Z [90m  â”Œ[39m[90mâ”€[39m[90mâ”€[39m[90mâ”€[39m[90mâ”€[39m[90mâ”€[39m[90mâ”€[39m[90mâ”€[39m[90mâ”€[39m[90mâ”€[39m[90mâ”€[39m[90mâ”€[39m[90mâ”€[39m[90mâ”€[39m[90mâ”€[39m[90mâ”€[39m[90mâ”€[39m[90mâ”€[39m[90mâ”€[39m[90mâ”€[39m[90mâ”€[39m[90mâ”€[39m[90mâ”€[39m[90mâ”€[39m[90mâ”€[39m[90mâ”€[39m[90mâ”€[39m[90mâ”€[39m[90mâ”€[39m[90mâ”€[39m[90mâ”€[39m[90mâ”€[39m[90mâ”€[39m[90mâ”€[39m[90mâ”€[39m[90mâ”€[39m[90mâ”€[39m[90mâ”€[39m[90mâ”€[39m[90mâ”€[39m[90mâ”€[39m[90mâ”€[39m[90mâ”€[39m[90mâ”€[39m[90mâ”€[39m[90mâ”€[39m[90mâ”€[39m[90mâ”€[39m[90mâ”€[39m[90mâ”€[39m[90mâ”€[39m[90mâ”€[39m[90mâ”€[39m[90mâ”€[39m[90mâ”€[39m[90mâ”€[39m[90mâ”€[39m[90mâ”€[39m[90mâ”€[39m[90mâ”€[39m[90mâ”€[39m[90mâ”€[39m[90mâ”€[39m[90mâ”€[39m[90mâ”€[39m[90mâ”€[39m[90mâ”€[39m[90mâ”€[39m[90mâ”€[39m[90mâ”€[39m[90mâ”€[39m[90mâ”€[39m[90mâ”€[39m[90mâ”€[39m[90mâ”€[39m[90mâ”€[39m[90mâ”€[39m[90mâ”€[39m[90mâ”€[39m[90mâ”€[39m[90mâ”€[39m[90mâ”€[39m[90mâ”€[39m[90mâ”€[39m[90mâ”€[39m[90mâ”€[39m[90mâ”€[39m[90mâ”€[39m[90mâ”€[39m[90mâ”€[39m[90mâ”€[39m[90mâ”€[39m[90mâ”€[39m[90mâ”€[39m[90mâ”€[39m[90mâ”€[39m[90mâ”€[39m[90mâ”[39m
Admin UI E2E (1, chrome)	Run Cypress	2024-11-13T19:20:26.1186291Z [90m  â”‚[39m [90mTests:[39m        [32m9[39m                                                                                [90mâ”‚[39m
Admin UI E2E (1, chrome)	Run Cypress	2024-11-13T19:20:26.1187967Z [90m  â”‚[39m [90mPassing:[39m      [32m9[39m                                                                                [90mâ”‚[39m
Admin UI E2E (1, chrome)	Run Cypress	2024-11-13T19:20:26.1189628Z [90m  â”‚[39m [90mFailing:[39m      [32m0[39m                                                                                [90mâ”‚[39m
Admin UI E2E (1, chrome)	Run Cypress	2024-11-13T19:20:26.1191271Z [90m  â”‚[39m [90mPending:[39m      [32m0[39m                                                                                [90mâ”‚[39m
Admin UI E2E (1, chrome)	Run Cypress	2024-11-13T19:20:26.1192883Z [90m  â”‚[39m [90mSkipped:[39m      [32m0[39m                                                                                [90mâ”‚[39m
Admin UI E2E (1, chrome)	Run Cypress	2024-11-13T19:20:26.1194467Z [90m  â”‚[39m [90mScreenshots:[39m  [32m0[39m                                                                                [90mâ”‚[39m
Admin UI E2E (1, chrome)	Run Cypress	2024-11-13T19:20:26.1196107Z [90m  â”‚[39m [90mVideo:[39m        [32mfalse[39m                                                                            [90mâ”‚[39m
Admin UI E2E (1, chrome)	Run Cypress	2024-11-13T19:20:26.1197897Z [90m  â”‚[39m [90mDuration:[39m     [32m33 seconds[39m                                                                       [90mâ”‚[39m
Admin UI E2E (1, chrome)	Run Cypress	2024-11-13T19:20:26.1199878Z [90m  â”‚[39m [90mSpec Ran:[39m     [32m[32mclients_saml_test.spec.ts[32m[39m                                                        [90mâ”‚[39m
Admin UI E2E (1, chrome)	Run Cypress	2024-11-13T19:20:26.1209893Z [90m  â””[39m[90mâ”€[39m[90mâ”€[39m[90mâ”€[39m[90mâ”€[39m[90mâ”€[39m[90mâ”€[39m[90mâ”€[39m[90mâ”€[39m[90mâ”€[39m[90mâ”€[39m[90mâ”€[39m[90mâ”€[39m[90mâ”€[39m[90mâ”€[39m[90mâ”€[39m[90mâ”€[39m[90mâ”€[39m[90mâ”€[39m[90mâ”€[39m[90mâ”€[39m[90mâ”€[39m[90mâ”€[39m[90mâ”€[39m[90mâ”€[39m[90mâ”€[39m[90mâ”€[39m[90mâ”€[39m[90mâ”€[39m[90mâ”€[39m[90mâ”€[39m[90mâ”€[39m[90mâ”€[39m[90mâ”€[39m[90mâ”€[39m[90mâ”€[39m[90mâ”€[39m[90mâ”€[39m[90mâ”€[39m[90mâ”€[39m[90mâ”€[39m[90mâ”€[39m[90mâ”€[39m[90mâ”€[39m[90mâ”€[39m[90mâ”€[39m[90mâ”€[39m[90mâ”€[39m[90mâ”€[39m[90mâ”€[39m[90mâ”€[39m[90mâ”€[39m[90mâ”€[39m[90mâ”€[39m[90mâ”€[39m[90mâ”€[39m[90mâ”€[39m[90mâ”€[39m[90mâ”€[39m[90mâ”€[39m[90mâ”€[39m[90mâ”€[39m[90mâ”€[39m[90mâ”€[39m[90mâ”€[39m[90mâ”€[39m[90mâ”€[39m[90mâ”€[39m[90mâ”€[39m[90mâ”€[39m[90mâ”€[39m[90mâ”€[39m[90mâ”€[39m[90mâ”€[39m[90mâ”€[39m[90mâ”€[39m[90mâ”€[39m[90mâ”€[39m[90mâ”€[39m[90mâ”€[39m[90mâ”€[39m[90mâ”€[39m[90mâ”€[39m[90mâ”€[39m[90mâ”€[39m[90mâ”€[39m[90mâ”€[39m[90mâ”€[39m[90mâ”€[39m[90mâ”€[39m[90mâ”€[39m[90mâ”€[39m[90mâ”€[39m[90mâ”€[39m[90mâ”€[39m[90mâ”€[39m[90mâ”€[39m[90mâ”˜[39m
Admin UI E2E (1, chrome)	Run Cypress	2024-11-13T19:20:26.1216402Z 
Admin UI E2E (1, chrome)	Run Cypress	2024-11-13T19:20:26.1578669Z 
Admin UI E2E (1, chrome)	Run Cypress	2024-11-13T19:20:26.1592026Z [90mâ”€[39m[90mâ”€[39m[90mâ”€[39m[90mâ”€[39m[90mâ”€[39m[90mâ”€[39m[90mâ”€[39m[90mâ”€[39m[90mâ”€[39m[90mâ”€[39m[90mâ”€[39m[90mâ”€[39m[90mâ”€[39m[90mâ”€[39m[90mâ”€[39m[90mâ”€[39m[90mâ”€[39m[90mâ”€[39m[90mâ”€[39m[90mâ”€[39m[90mâ”€[39m[90mâ”€[39m[90mâ”€[39m[90mâ”€[39m[90mâ”€[39m[90mâ”€[39m[90mâ”€[39m[90mâ”€[39m[90mâ”€[39m[90mâ”€[39m[90mâ”€[39m[90mâ”€[39m[90mâ”€[39m[90mâ”€[39m[90mâ”€[39m[90mâ”€[39m[90mâ”€[39m[90mâ”€[39m[90mâ”€[39m[90mâ”€[39m[90mâ”€[39m[90mâ”€[39m[90mâ”€[39m[90mâ”€[39m[90mâ”€[39m[90mâ”€[39m[90mâ”€[39m[90mâ”€[39m[90mâ”€[39m[90mâ”€[39m[90mâ”€[39m[90mâ”€[39m[90mâ”€[39m[90mâ”€[39m[90mâ”€[39m[90mâ”€[39m[90mâ”€[39m[90mâ”€[39m[90mâ”€[39m[90mâ”€[39m[90mâ”€[39m[90mâ”€[39m[90mâ”€[39m[90mâ”€[39m[90mâ”€[39m[90mâ”€[39m[90mâ”€[39m[90mâ”€[39m[90mâ”€[39m[90mâ”€[39m[90mâ”€[39m[90mâ”€[39m[90mâ”€[39m[90mâ”€[39m[90mâ”€[39m[90mâ”€[39m[90mâ”€[39m[90mâ”€[39m[90mâ”€[39m[90mâ”€[39m[90mâ”€[39m[90mâ”€[39m[90mâ”€[39m[90mâ”€[39m[90mâ”€[39m[90mâ”€[39m[90mâ”€[39m[90mâ”€[39m[90mâ”€[39m[90mâ”€[39m[90mâ”€[39m[90mâ”€[39m[90mâ”€[39m[90mâ”€[39m[90mâ”€[39m[90mâ”€[39m[90mâ”€[39m[90mâ”€[39m[90mâ”€[39m[90mâ”€[39m
Admin UI E2E (1, chrome)	Run Cypress	2024-11-13T19:20:26.1598602Z                                                                                                     
Admin UI E2E (1, chrome)	Run Cypress	2024-11-13T19:20:26.1599991Z   Running:  [90musers_enable_disable.spec.ts[39m                                                    [90m(4 of 8)[39m
Admin UI E2E (1, chrome)	Run Cypress	2024-11-13T19:20:30.0222979Z 
Admin UI E2E (1, chrome)	Run Cypress	2024-11-13T19:20:30.0224336Z [0m[0m
Admin UI E2E (1, chrome)	Run Cypress	2024-11-13T19:20:30.0258632Z [0m  User enable/disable[0m
Admin UI E2E (1, chrome)	Run Cypress	2024-11-13T19:20:36.0307395Z   [32m  âœ“[0m[90m disables a user[0m[90m (6006ms)[0m
Admin UI E2E (1, chrome)	Run Cypress	2024-11-13T19:20:39.6945735Z   [32m  âœ“[0m[90m enables a user[0m[90m (3637ms)[0m
Admin UI E2E (1, chrome)	Run Cypress	2024-11-13T19:20:44.6837198Z   [32m  âœ“[0m[90m ensures submitting doesn't reset the enabled state[0m[90m (4966ms)[0m
Admin UI E2E (1, chrome)	Run Cypress	2024-11-13T19:20:44.6839162Z 
Admin UI E2E (1, chrome)	Run Cypress	2024-11-13T19:20:44.7042832Z 
Admin UI E2E (1, chrome)	Run Cypress	2024-11-13T19:20:44.7044418Z [92m [0m[32m 3 passing[0m[90m (15s)[0m
Admin UI E2E (1, chrome)	Run Cypress	2024-11-13T19:20:44.7045384Z 
Admin UI E2E (1, chrome)	Run Cypress	2024-11-13T19:20:45.7297027Z 
Admin UI E2E (1, chrome)	Run Cypress	2024-11-13T19:20:45.7298319Z [32m  ([4m[1mResults[22m[24m)[39m
Admin UI E2E (1, chrome)	Run Cypress	2024-11-13T19:20:45.7301378Z 
Admin UI E2E (1, chrome)	Run Cypress	2024-11-13T19:20:45.7314763Z [90m  â”Œ[39m[90mâ”€[39m[90mâ”€[39m[90mâ”€[39m[90mâ”€[39m[90mâ”€[39m[90mâ”€[39m[90mâ”€[39m[90mâ”€[39m[90mâ”€[39m[90mâ”€[39m[90mâ”€[39m[90mâ”€[39m[90mâ”€[39m[90mâ”€[39m[90mâ”€[39m[90mâ”€[39m[90mâ”€[39m[90mâ”€[39m[90mâ”€[39m[90mâ”€[39m[90mâ”€[39m[90mâ”€[39m[90mâ”€[39m[90mâ”€[39m[90mâ”€[39m[90mâ”€[39m[90mâ”€[39m[90mâ”€[39m[90mâ”€[39m[90mâ”€[39m[90mâ”€[39m[90mâ”€[39m[90mâ”€[39m[90mâ”€[39m[90mâ”€[39m[90mâ”€[39m[90mâ”€[39m[90mâ”€[39m[90mâ”€[39m[90mâ”€[39m[90mâ”€[39m[90mâ”€[39m[90mâ”€[39m[90mâ”€[39m[90mâ”€[39m[90mâ”€[39m[90mâ”€[39m[90mâ”€[39m[90mâ”€[39m[90mâ”€[39m[90mâ”€[39m[90mâ”€[39m[90mâ”€[39m[90mâ”€[39m[90mâ”€[39m[90mâ”€[39m[90mâ”€[39m[90mâ”€[39m[90mâ”€[39m[90mâ”€[39m[90mâ”€[39m[90mâ”€[39m[90mâ”€[39m[90mâ”€[39m[90mâ”€[39m[90mâ”€[39m[90mâ”€[39m[90mâ”€[39m[90mâ”€[39m[90mâ”€[39m[90mâ”€[39m[90mâ”€[39m[90mâ”€[39m[90mâ”€[39m[90mâ”€[39m[90mâ”€[39m[90mâ”€[39m[90mâ”€[39m[90mâ”€[39m[90mâ”€[39m[90mâ”€[39m[90mâ”€[39m[90mâ”€[39m[90mâ”€[39m[90mâ”€[39m[90mâ”€[39m[90mâ”€[39m[90mâ”€[39m[90mâ”€[39m[90mâ”€[39m[90mâ”€[39m[90mâ”€[39m[90mâ”€[39m[90mâ”€[39m[90mâ”€[39m[90mâ”€[39m[90mâ”[39m
Admin UI E2E (1, chrome)	Run Cypress	2024-11-13T19:20:45.7321270Z [90m  â”‚[39m [90mTests:[39m        [32m3[39m                                                                                [90mâ”‚[39m
Admin UI E2E (1, chrome)	Run Cypress	2024-11-13T19:20:45.7322859Z [90m  â”‚[39m [90mPassing:[39m      [32m3[39m                                                                                [90mâ”‚[39m
Admin UI E2E (1, chrome)	Run Cypress	2024-11-13T19:20:45.7324521Z [90m  â”‚[39m [90mFailing:[39m      [32m0[39m                                                                                [90mâ”‚[39m
Admin UI E2E (1, chrome)	Run Cypress	2024-11-13T19:20:45.7326179Z [90m  â”‚[39m [90mPending:[39m      [32m0[39m                                                                                [90mâ”‚[39m
Admin UI E2E (1, chrome)	Run Cypress	2024-11-13T19:20:45.7327771Z [90m  â”‚[39m [90mSkipped:[39m      [32m0[39m                                                                                [90mâ”‚[39m
Admin UI E2E (1, chrome)	Run Cypress	2024-11-13T19:20:45.7329685Z [90m  â”‚[39m [90mScreenshots:[39m  [32m0[39m                                                                                [90mâ”‚[39m
Admin UI E2E (1, chrome)	Run Cypress	2024-11-13T19:20:45.7331320Z [90m  â”‚[39m [90mVideo:[39m        [32mfalse[39m                                                                            [90mâ”‚[39m
Admin UI E2E (1, chrome)	Run Cypress	2024-11-13T19:20:45.7333198Z [90m  â”‚[39m [90mDuration:[39m     [32m14 seconds[39m                                                                       [90mâ”‚[39m
Admin UI E2E (1, chrome)	Run Cypress	2024-11-13T19:20:45.7335161Z [90m  â”‚[39m [90mSpec Ran:[39m     [32m[32musers_enable_disable.spec.ts[32m[39m                                                     [90mâ”‚[39m
Admin UI E2E (1, chrome)	Run Cypress	2024-11-13T19:20:45.7345146Z [90m  â””[39m[90mâ”€[39m[90mâ”€[39m[90mâ”€[39m[90mâ”€[39m[90mâ”€[39m[90mâ”€[39m[90mâ”€[39m[90mâ”€[39m[90mâ”€[39m[90mâ”€[39m[90mâ”€[39m[90mâ”€[39m[90mâ”€[39m[90mâ”€[39m[90mâ”€[39m[90mâ”€[39m[90mâ”€[39m[90mâ”€[39m[90mâ”€[39m[90mâ”€[39m[90mâ”€[39m[90mâ”€[39m[90mâ”€[39m[90mâ”€[39m[90mâ”€[39m[90mâ”€[39m[90mâ”€[39m[90mâ”€[39m[90mâ”€[39m[90mâ”€[39m[90mâ”€[39m[90mâ”€[39m[90mâ”€[39m[90mâ”€[39m[90mâ”€[39m[90mâ”€[39m[90mâ”€[39m[90mâ”€[39m[90mâ”€[39m[90mâ”€[39m[90mâ”€[39m[90mâ”€[39m[90mâ”€[39m[90mâ”€[39m[90mâ”€[39m[90mâ”€[39m[90mâ”€[39m[90mâ”€[39m[90mâ”€[39m[90mâ”€[39m[90mâ”€[39m[90mâ”€[39m[90mâ”€[39m[90mâ”€[39m[90mâ”€[39m[90mâ”€[39m[90mâ”€[39m[90mâ”€[39m[90mâ”€[39m[90mâ”€[39m[90mâ”€[39m[90mâ”€[39m[90mâ”€[39m[90mâ”€[39m[90mâ”€[39m[90mâ”€[39m[90mâ”€[39m[90mâ”€[39m[90mâ”€[39m[90mâ”€[39m[90mâ”€[39m[90mâ”€[39m[90mâ”€[39m[90mâ”€[39m[90mâ”€[39m[90mâ”€[39m[90mâ”€[39m[90mâ”€[39m[90mâ”€[39m[90mâ”€[39m[90mâ”€[39m[90mâ”€[39m[90mâ”€[39m[90mâ”€[39m[90mâ”€[39m[90mâ”€[39m[90mâ”€[39m[90mâ”€[39m[90mâ”€[39m[90mâ”€[39m[90mâ”€[39m[90mâ”€[39m[90mâ”€[39m[90mâ”€[39m[90mâ”€[39m[90mâ”€[39m[90mâ”˜[39m
Admin UI E2E (1, chrome)	Run Cypress	2024-11-13T19:20:45.7350763Z 
Admin UI E2E (1, chrome)	Run Cypress	2024-11-13T19:20:45.7879550Z 
Admin UI E2E (1, chrome)	Run Cypress	2024-11-13T19:20:45.7890950Z [90mâ”€[39m[90mâ”€[39m[90mâ”€[39m[90mâ”€[39m[90mâ”€[39m[90mâ”€[39m[90mâ”€[39m[90mâ”€[39m[90mâ”€[39m[90mâ”€[39m[90mâ”€[39m[90mâ”€[39m[90mâ”€[39m[90mâ”€[39m[90mâ”€[39m[90mâ”€[39m[90mâ”€[39m[90mâ”€[39m[90mâ”€[39m[90mâ”€[39m[90mâ”€[39m[90mâ”€[39m[90mâ”€[39m[90mâ”€[39m[90mâ”€[39m[90mâ”€[39m[90mâ”€[39m[90mâ”€[39m[90mâ”€[39m[90mâ”€[39m[90mâ”€[39m[90mâ”€[39m[90mâ”€[39m[90mâ”€[39m[90mâ”€[39m[90mâ”€[39m[90mâ”€[39m[90mâ”€[39m[90mâ”€[39m[90mâ”€[39m[90mâ”€[39m[90mâ”€[39m[90mâ”€[39m[90mâ”€[39m[90mâ”€[39m[90mâ”€[39m[90mâ”€[39m[90mâ”€[39m[90mâ”€[39m[90mâ”€[39m[90mâ”€[39m[90mâ”€[39m[90mâ”€[39m[90mâ”€[39m[90mâ”€[39m[90mâ”€[39m[90mâ”€[39m[90mâ”€[39m[90mâ”€[39m[90mâ”€[39m[90mâ”€[39m[90mâ”€[39m[90mâ”€[39m[90mâ”€[39m[90mâ”€[39m[90mâ”€[39m[90mâ”€[39m[90mâ”€[39m[90mâ”€[39m[90mâ”€[39m[90mâ”€[39m[90mâ”€[39m[90mâ”€[39m[90mâ”€[39m[90mâ”€[39m[90mâ”€[39m[90mâ”€[39m[90mâ”€[39m[90mâ”€[39m[90mâ”€[39m[90mâ”€[39m[90mâ”€[39m[90mâ”€[39m[90mâ”€[39m[90mâ”€[39m[90mâ”€[39m[90mâ”€[39m[90mâ”€[39m[90mâ”€[39m[90mâ”€[39m[90mâ”€[39m[90mâ”€[39m[90mâ”€[39m[90mâ”€[39m[90mâ”€[39m[90mâ”€[39m[90mâ”€[39m[90mâ”€[39m[90mâ”€[39m[90mâ”€[39m
Admin UI E2E (1, chrome)	Run Cypress	2024-11-13T19:20:45.7895089Z                                                                                                     
Admin UI E2E (1, chrome)	Run Cypress	2024-11-13T19:20:45.7896643Z   Running:  [90mrealm_settings_general_tab_test.spec.ts[39m                                         [90m(5 of 8)[39m
Admin UI E2E (1, chrome)	Run Cypress	2024-11-13T19:20:49.8546342Z 
Admin UI E2E (1, chrome)	Run Cypress	2024-11-13T19:20:49.8547399Z [0m[0m
Admin UI E2E (1, chrome)	Run Cypress	2024-11-13T19:20:49.8568598Z [0m  Realm settings general tab tests[0m
Admin UI E2E (1, chrome)	Run Cypress	2024-11-13T19:21:26.1863181Z     [33m(Attempt 1 of 4)[0m Test all general tab switches
Admin UI E2E (1, chrome)	Run Cypress	2024-11-13T19:21:35.1003583Z     [33m(Attempt 2 of 4)[0m Test all general tab switches
Admin UI E2E (1, chrome)	Run Cypress	2024-11-13T19:22:09.7153645Z     [33m(Attempt 3 of 4)[0m Test all general tab switches
Admin UI E2E (1, chrome)	Run Cypress	2024-11-13T19:22:20.0094264Z   [31m  1) Test all general tab switches[0m
Admin UI E2E (1, chrome)	Run Cypress	2024-11-13T19:22:21.9758074Z   [32m  âœ“[0m[90m Fail to set Realm ID to empty[0m[90m (1840ms)[0m
Admin UI E2E (1, chrome)	Run Cypress	2024-11-13T19:22:24.1894064Z   [32m  âœ“[0m[90m Modify Display name[0m[90m (2160ms)[0m
Admin UI E2E (1, chrome)	Run Cypress	2024-11-13T19:22:25.7992852Z   [32m  âœ“[0m[90m Check Display name value[0m[90m (1545ms)[0m
Admin UI E2E (1, chrome)	Run Cypress	2024-11-13T19:22:27.9246222Z   [32m  âœ“[0m[90m Modify front end URL[0m[90m (2090ms)[0m
Admin UI E2E (1, chrome)	Run Cypress	2024-11-13T19:22:29.7788024Z   [32m  âœ“[0m[90m Select SSL all requests[0m[90m (1814ms)[0m
Admin UI E2E (1, chrome)	Run Cypress	2024-11-13T19:22:31.4816157Z   [32m  âœ“[0m[90m Verify SSL all requests displays[0m[90m (1666ms)[0m
Admin UI E2E (1, chrome)	Run Cypress	2024-11-13T19:22:33.2793037Z   [32m  âœ“[0m[90m Select SSL external requests[0m[90m (1757ms)[0m
Admin UI E2E (1, chrome)	Run Cypress	2024-11-13T19:22:34.9791733Z   [32m  âœ“[0m[90m Verify SSL external requests displays[0m[90m (1660ms)[0m
Admin UI E2E (1, chrome)	Run Cypress	2024-11-13T19:22:36.8448949Z   [32m  âœ“[0m[90m Select SSL None[0m[90m (1832ms)[0m
Admin UI E2E (1, chrome)	Run Cypress	2024-11-13T19:22:38.3489990Z   [32m  âœ“[0m[90m Verify SSL None displays[0m[90m (1476ms)[0m
Admin UI E2E (1, chrome)	Run Cypress	2024-11-13T19:22:39.9082538Z   [32m  âœ“[0m[90m Check Access Endpoints OpenID Endpoint Configuration link[0m[90m (1512ms)[0m
Admin UI E2E (1, chrome)	Run Cypress	2024-11-13T19:22:41.4330630Z   [32m  âœ“[0m[90m Access Endpoints OpenID Endpoint Configuration link[0m[90m (1501ms)[0m
Admin UI E2E (1, chrome)	Run Cypress	2024-11-13T19:22:43.2159464Z   [32m  âœ“[0m[90m Check if Access Endpoints SAML 2.0 Identity Provider Metadata link exists[0m[90m (1741ms)[0m
Admin UI E2E (1, chrome)	Run Cypress	2024-11-13T19:22:44.9438675Z   [32m  âœ“[0m[90m Access Endpoints SAML 2.0 Identity Provider Metadata link[0m[90m (1696ms)[0m
Admin UI E2E (1, chrome)	Run Cypress	2024-11-13T19:22:47.7435915Z   [32m  âœ“[0m[90m Verify 'Revert' button works[0m[90m (2030ms)[0m
Admin UI E2E (1, chrome)	Run Cypress	2024-11-13T19:22:47.7436825Z 
Admin UI E2E (1, chrome)	Run Cypress	2024-11-13T19:22:47.7620098Z 
Admin UI E2E (1, chrome)	Run Cypress	2024-11-13T19:22:47.7621473Z [92m [0m[32m 15 passing[0m[90m (2m)[0m
Admin UI E2E (1, chrome)	Run Cypress	2024-11-13T19:22:47.7653530Z [31m  1 failing[0m
Admin UI E2E (1, chrome)	Run Cypress	2024-11-13T19:22:47.7654413Z 
Admin UI E2E (1, chrome)	Run Cypress	2024-11-13T19:22:47.7654959Z [0m  1) Realm settings general tab tests
Admin UI E2E (1, chrome)	Run Cypress	2024-11-13T19:22:47.7655651Z        Test all general tab switches:
Admin UI E2E (1, chrome)	Run Cypress	2024-11-13T19:22:47.7657994Z [0m[31m     CypressError: Timed out retrying after 5000ms: `cy.wait()` timed out waiting `5000ms` for the 1st request to the route: `load-8277e11b-49bc-46a9-b080-80ec4083ad46`. No request ever occurred.
Admin UI E2E (1, chrome)	Run Cypress	2024-11-13T19:22:47.7659569Z 
Admin UI E2E (1, chrome)	Run Cypress	2024-11-13T19:22:47.7659899Z https://on.cypress.io/wait[0m[90m
Admin UI E2E (1, chrome)	Run Cypress	2024-11-13T19:22:47.7661053Z       at cypressErr (http://localhost:8080/__cypress/runner/cypress_runner.js:75898:18)
Admin UI E2E (1, chrome)	Run Cypress	2024-11-13T19:22:47.7662446Z       at Object.errByPath (http://localhost:8080/__cypress/runner/cypress_runner.js:75952:10)
Admin UI E2E (1, chrome)	Run Cypress	2024-11-13T19:22:47.7664206Z       at checkForXhr (http://localhost:8080/__cypress/runner/cypress_runner.js:135185:84)
Admin UI E2E (1, chrome)	Run Cypress	2024-11-13T19:22:47.7665465Z       at <unknown> (http://localhost:8080/__cypress/runner/cypress_runner.js:135211:28)
Admin UI E2E (1, chrome)	Run Cypress	2024-11-13T19:22:47.7666694Z       at tryCatcher (http://localhost:8080/__cypress/runner/cypress_runner.js:1807:23)
Admin UI E2E (1, chrome)	Run Cypress	2024-11-13T19:22:47.7668109Z       at Promise.attempt.Promise.try (http://localhost:8080/__cypress/runner/cypress_runner.js:4315:29)
Admin UI E2E (1, chrome)	Run Cypress	2024-11-13T19:22:47.7669504Z       at whenStable (http://localhost:8080/__cypress/runner/cypress_runner.js:143587:68)
Admin UI E2E (1, chrome)	Run Cypress	2024-11-13T19:22:47.7670729Z       at <unknown> (http://localhost:8080/__cypress/runner/cypress_runner.js:143528:14)
Admin UI E2E (1, chrome)	Run Cypress	2024-11-13T19:22:47.7671942Z       at tryCatcher (http://localhost:8080/__cypress/runner/cypress_runner.js:1807:23)
Admin UI E2E (1, chrome)	Run Cypress	2024-11-13T19:22:47.7673612Z       at Promise._settlePromiseFromHandler (http://localhost:8080/__cypress/runner/cypress_runner.js:1519:31)
Admin UI E2E (1, chrome)	Run Cypress	2024-11-13T19:22:47.7675118Z       at Promise._settlePromise (http://localhost:8080/__cypress/runner/cypress_runner.js:1576:18)
Admin UI E2E (1, chrome)	Run Cypress	2024-11-13T19:22:47.7676530Z       at Promise._settlePromise0 (http://localhost:8080/__cypress/runner/cypress_runner.js:1621:10)
Admin UI E2E (1, chrome)	Run Cypress	2024-11-13T19:22:47.7677947Z       at Promise._settlePromises (http://localhost:8080/__cypress/runner/cypress_runner.js:1701:18)
Admin UI E2E (1, chrome)	Run Cypress	2024-11-13T19:22:47.7679302Z       at Promise._fulfill (http://localhost:8080/__cypress/runner/cypress_runner.js:1645:18)
Admin UI E2E (1, chrome)	Run Cypress	2024-11-13T19:22:47.7680532Z       at <unknown> (http://localhost:8080/__cypress/runner/cypress_runner.js:5450:46)
Admin UI E2E (1, chrome)	Run Cypress	2024-11-13T19:22:47.7681345Z   From Your Spec Code:
Admin UI E2E (1, chrome)	Run Cypress	2024-11-13T19:22:47.7682564Z       at Context.eval (webpack://@keycloak/keycloak-admin-ui/./cypress/support/pages/admin-ui/Masthead.ts:87:0)
Admin UI E2E (1, chrome)	Run Cypress	2024-11-13T19:22:47.7683706Z [0m
Admin UI E2E (1, chrome)	Run Cypress	2024-11-13T19:22:47.7683901Z 
Admin UI E2E (1, chrome)	Run Cypress	2024-11-13T19:22:47.7683932Z 
Admin UI E2E (1, chrome)	Run Cypress	2024-11-13T19:22:48.7943983Z 
Admin UI E2E (1, chrome)	Run Cypress	2024-11-13T19:22:48.7945653Z [31m  ([4m[1mResults[22m[24m)[39m
Admin UI E2E (1, chrome)	Run Cypress	2024-11-13T19:22:48.7962697Z 
Admin UI E2E (1, chrome)	Run Cypress	2024-11-13T19:22:48.7979591Z [90m  â”Œ[39m[90mâ”€[39m[90mâ”€[39m[90mâ”€[39m[90mâ”€[39m[90mâ”€[39m[90mâ”€[39m[90mâ”€[39m[90mâ”€[39m[90mâ”€[39m[90mâ”€[39m[90mâ”€[39m[90mâ”€[39m[90mâ”€[39m[90mâ”€[39m[90mâ”€[39m[90mâ”€[39m[90mâ”€[39m[90mâ”€[39m[90mâ”€[39m[90mâ”€[39m[90mâ”€[39m[90mâ”€[39m[90mâ”€[39m[90mâ”€[39m[90mâ”€[39m[90mâ”€[39m[90mâ”€[39m[90mâ”€[39m[90mâ”€[39m[90mâ”€[39m[90mâ”€[39m[90mâ”€[39m[90mâ”€[39m[90mâ”€[39m[90mâ”€[39m[90mâ”€[39m[90mâ”€[39m[90mâ”€[39m[90mâ”€[39m[90mâ”€[39m[90mâ”€[39m[90mâ”€[39m[90mâ”€[39m[90mâ”€[39m[90mâ”€[39m[90mâ”€[39m[90mâ”€[39m[90mâ”€[39m[90mâ”€[39m[90mâ”€[39m[90mâ”€[39m[90mâ”€[39m[90mâ”€[39m[90mâ”€[39m[90mâ”€[39m[90mâ”€[39m[90mâ”€[39m[90mâ”€[39m[90mâ”€[39m[90mâ”€[39m[90mâ”€[39m[90mâ”€[39m[90mâ”€[39m[90mâ”€[39m[90mâ”€[39m[90mâ”€[39m[90mâ”€[39m[90mâ”€[39m[90mâ”€[39m[90mâ”€[39m[90mâ”€[39m[90mâ”€[39m[90mâ”€[39m[90mâ”€[39m[90mâ”€[39m[90mâ”€[39m[90mâ”€[39m[90mâ”€[39m[90mâ”€[39m[90mâ”€[39m[90mâ”€[39m[90mâ”€[39m[90mâ”€[39m[90mâ”€[39m[90mâ”€[39m[90mâ”€[39m[90mâ”€[39m[90mâ”€[39m[90mâ”€[39m[90mâ”€[39m[90mâ”€[39m[90mâ”€[39m[90mâ”€[39m[90mâ”€[39m[90mâ”€[39m[90mâ”€[39m[90mâ”[39m
Admin UI E2E (1, chrome)	Run Cypress	2024-11-13T19:22:48.7986555Z [90m  â”‚[39m [90mTests:[39m        [31m16[39m                                                                               [90mâ”‚[39m
Admin UI E2E (1, chrome)	Run Cypress	2024-11-13T19:22:48.7987548Z [90m  â”‚[39m [90mPassing:[39m      [31m15[39m                                                                               [90mâ”‚[39m
Admin UI E2E (1, chrome)	Run Cypress	2024-11-13T19:22:48.7988782Z [90m  â”‚[39m [90mFailing:[39m      [31m1[39m                                                                                [90mâ”‚[39m
Admin UI E2E (1, chrome)	Run Cypress	2024-11-13T19:22:48.7990449Z [90m  â”‚[39m [90mPending:[39m      [31m0[39m                                                                                [90mâ”‚[39m
Admin UI E2E (1, chrome)	Run Cypress	2024-11-13T19:22:48.7992107Z [90m  â”‚[39m [90mSkipped:[39m      [31m0[39m                                                                                [90mâ”‚[39m
Admin UI E2E (1, chrome)	Run Cypress	2024-11-13T19:22:48.7993783Z [90m  â”‚[39m [90mScreenshots:[39m  [31m4[39m                                                                                [90mâ”‚[39m
Admin UI E2E (1, chrome)	Run Cypress	2024-11-13T19:22:48.7995565Z [90m  â”‚[39m [90mVideo:[39m        [31mtrue[39m                                                                             [90mâ”‚[39m
Admin UI E2E (1, chrome)	Run Cypress	2024-11-13T19:22:48.7996597Z [90m  â”‚[39m [90mDuration:[39m     [31m1 minute, 57 seconds[39m                                                             [90mâ”‚[39m
Admin UI E2E (1, chrome)	Run Cypress	2024-11-13T19:22:48.7997769Z [90m  â”‚[39m [90mSpec Ran:[39m     [31m[31mrealm_settings_general_tab_test.spec.ts[31m[39m                                          [90mâ”‚[39m
Admin UI E2E (1, chrome)	Run Cypress	2024-11-13T19:22:48.8002869Z [90m  â””[39m[90mâ”€[39m[90mâ”€[39m[90mâ”€[39m[90mâ”€[39m[90mâ”€[39m[90mâ”€[39m[90mâ”€[39m[90mâ”€[39m[90mâ”€[39m[90mâ”€[39m[90mâ”€[39m[90mâ”€[39m[90mâ”€[39m[90mâ”€[39m[90mâ”€[39m[90mâ”€[39m[90mâ”€[39m[90mâ”€[39m[90mâ”€[39m[90mâ”€[39m[90mâ”€[39m[90mâ”€[39m[90mâ”€[39m[90mâ”€[39m[90mâ”€[39m[90mâ”€[39m[90mâ”€[39m[90mâ”€[39m[90mâ”€[39m[90mâ”€[39m[90mâ”€[39m[90mâ”€[39m[90mâ”€[39m[90mâ”€[39m[90mâ”€[39m[90mâ”€[39m[90mâ”€[39m[90mâ”€[39m[90mâ”€[39m[90mâ”€[39m[90mâ”€[39m[90mâ”€[39m[90mâ”€[39m[90mâ”€[39m[90mâ”€[39m[90mâ”€[39m[90mâ”€[39m[90mâ”€[39m[90mâ”€[39m[90mâ”€[39m[90mâ”€[39m[90mâ”€[39m[90mâ”€[39m[90mâ”€[39m[90mâ”€[39m[90mâ”€[39m[90mâ”€[39m[90mâ”€[39m[90mâ”€[39m[90mâ”€[39m[90mâ”€[39m[90mâ”€[39m[90mâ”€[39m[90mâ”€[39m[90mâ”€[39m[90mâ”€[39m[90mâ”€[39m[90mâ”€[39m[90mâ”€[39m[90mâ”€[39m[90mâ”€[39m[90mâ”€[39m[90mâ”€[39m[90mâ”€[39m[90mâ”€[39m[90mâ”€[39m[90mâ”€[39m[90mâ”€[39m[90mâ”€[39m[90mâ”€[39m[90mâ”€[39m[90mâ”€[39m[90mâ”€[39m[90mâ”€[39m[90mâ”€[39m[90mâ”€[39m[90mâ”€[39m[90mâ”€[39m[90mâ”€[39m[90mâ”€[39m[90mâ”€[39m[90mâ”€[39m[90mâ”€[39m[90mâ”€[39m[90mâ”€[39m[90mâ”€[39m[90mâ”˜[39m
Admin UI E2E (1, chrome)	Run Cypress	2024-11-13T19:22:48.8006517Z 
Admin UI E2E (1, chrome)	Run Cypress	2024-11-13T19:22:48.8006543Z 
Admin UI E2E (1, chrome)	Run Cypress	2024-11-13T19:22:48.8006836Z [33m  ([4m[1mScreenshots[22m[24m)[39m
Admin UI E2E (1, chrome)	Run Cypress	2024-11-13T19:22:48.8007181Z 
Admin UI E2E (1, chrome)	Run Cypress	2024-11-13T19:22:48.8008611Z [90m [39m -  [0m/home/runner/work/keycloak/keycloak/js/apps/admin-ui/cypress/screenshots/realm_s[0m     [90m[90m(1280x581)[90m[39m
Admin UI E2E (1, chrome)	Run Cypress	2024-11-13T19:22:48.8010161Z [90m [39m    [0mettings_general_tab_test.spec.ts/Realm settings general tab tests -- Test all ge[0m               
Admin UI E2E (1, chrome)	Run Cypress	2024-11-13T19:22:48.8011915Z [90m [39m    [0mneral tab switches (failed).png[0m                                                                
Admin UI E2E (1, chrome)	Run Cypress	2024-11-13T19:22:48.8014107Z [90m [39m -  [0m/home/runner/work/keycloak/keycloak/js/apps/admin-ui/cypress/screenshots/realm_s[0m     [90m[90m(1280x581)[90m[39m
Admin UI E2E (1, chrome)	Run Cypress	2024-11-13T19:22:48.8016280Z [90m [39m    [0mettings_general_tab_test.spec.ts/Realm settings general tab tests -- Test all ge[0m               
Admin UI E2E (1, chrome)	Run Cypress	2024-11-13T19:22:48.8018086Z [90m [39m    [0mneral tab switches (failed) (attempt 2).png[0m                                                    
Admin UI E2E (1, chrome)	Run Cypress	2024-11-13T19:22:48.8020227Z [90m [39m -  [0m/home/runner/work/keycloak/keycloak/js/apps/admin-ui/cypress/screenshots/realm_s[0m     [90m[90m(1280x581)[90m[39m
Admin UI E2E (1, chrome)	Run Cypress	2024-11-13T19:22:48.8023119Z [90m [39m    [0mettings_general_tab_test.spec.ts/Realm settings general tab tests -- Test all ge[0m               
Admin UI E2E (1, chrome)	Run Cypress	2024-11-13T19:22:48.8024934Z [90m [39m    [0mneral tab switches (failed) (attempt 3).png[0m                                                    
Admin UI E2E (1, chrome)	Run Cypress	2024-11-13T19:22:48.8027076Z [90m [39m -  [0m/home/runner/work/keycloak/keycloak/js/apps/admin-ui/cypress/screenshots/realm_s[0m     [90m[90m(1280x581)[90m[39m
Admin UI E2E (1, chrome)	Run Cypress	2024-11-13T19:22:48.8029206Z [90m [39m    [0mettings_general_tab_test.spec.ts/Realm settings general tab tests -- Test all ge[0m               
Admin UI E2E (1, chrome)	Run Cypress	2024-11-13T19:22:48.8031102Z [90m [39m    [0mneral tab switches (failed) (attempt 4).png[0m                                                    
Admin UI E2E (1, chrome)	Run Cypress	2024-11-13T19:22:48.8031944Z 
Admin UI E2E (1, chrome)	Run Cypress	2024-11-13T19:22:48.8422979Z 
Admin UI E2E (1, chrome)	Run Cypress	2024-11-13T19:22:48.8424485Z [36m  ([4m[1mVideo[22m[24m)[39m
Admin UI E2E (1, chrome)	Run Cypress	2024-11-13T19:22:48.8425400Z 
Admin UI E2E (1, chrome)	Run Cypress	2024-11-13T19:22:48.8427050Z   -  Video output: [36m/home/runner/work/keycloak/keycloak/js/apps/admin-ui/cypress/videos/realm_settings_general_tab_test.spec.ts.mp4[39m
Admin UI E2E (1, chrome)	Run Cypress	2024-11-13T19:22:48.8429069Z 
Admin UI E2E (1, chrome)	Run Cypress	2024-11-13T19:22:48.8429328Z 
Admin UI E2E (1, chrome)	Run Cypress	2024-11-13T19:22:48.8441564Z [90mâ”€[39m[90mâ”€[39m[90mâ”€[39m[90mâ”€[39m[90mâ”€[39m[90mâ”€[39m[90mâ”€[39m[90mâ”€[39m[90mâ”€[39m[90mâ”€[39m[90mâ”€[39m[90mâ”€[39m[90mâ”€[39m[90mâ”€[39m[90mâ”€[39m[90mâ”€[39m[90mâ”€[39m[90mâ”€[39m[90mâ”€[39m[90mâ”€[39m[90mâ”€[39m[90mâ”€[39m[90mâ”€[39m[90mâ”€[39m[90mâ”€[39m[90mâ”€[39m[90mâ”€[39m[90mâ”€[39m[90mâ”€[39m[90mâ”€[39m[90mâ”€[39m[90mâ”€[39m[90mâ”€[39m[90mâ”€[39m[90mâ”€[39m[90mâ”€[39m[90mâ”€[39m[90mâ”€[39m[90mâ”€[39m[90mâ”€[39m[90mâ”€[39m[90mâ”€[39m[90mâ”€[39m[90mâ”€[39m[90mâ”€[39m[90mâ”€[39m[90mâ”€[39m[90mâ”€[39m[90mâ”€[39m[90mâ”€[39m[90mâ”€[39m[90mâ”€[39m[90mâ”€[39m[90mâ”€[39m[90mâ”€[39m[90mâ”€[39m[90mâ”€[39m[90mâ”€[39m[90mâ”€[39m[90mâ”€[39m[90mâ”€[39m[90mâ”€[39m[90mâ”€[39m[90mâ”€[39m[90mâ”€[39m[90mâ”€[39m[90mâ”€[39m[90mâ”€[39m[90mâ”€[39m[90mâ”€[39m[90mâ”€[39m[90mâ”€[39m[90mâ”€[39m[90mâ”€[39m[90mâ”€[39m[90mâ”€[39m[90mâ”€[39m[90mâ”€[39m[90mâ”€[39m[90mâ”€[39m[90mâ”€[39m[90mâ”€[39m[90mâ”€[39m[90mâ”€[39m[90mâ”€[39m[90mâ”€[39m[90mâ”€[39m[90mâ”€[39m[90mâ”€[39m[90mâ”€[39m[90mâ”€[39m[90mâ”€[39m[90mâ”€[39m[90mâ”€[39m[90mâ”€[39m[90mâ”€[39m[90mâ”€[39m[90mâ”€[39m[90mâ”€[39m[90mâ”€[39m
Admin UI E2E (1, chrome)	Run Cypress	2024-11-13T19:22:48.8446421Z                                                                                                     
Admin UI E2E (1, chrome)	Run Cypress	2024-11-13T19:22:48.8447413Z   Running:  [90midentity_providers_test.spec.ts[39m                                                 [90m(6 of 8)[39m
Admin UI E2E (1, chrome)	Run Cypress	2024-11-13T19:22:52.9470863Z 
Admin UI E2E (1, chrome)	Run Cypress	2024-11-13T19:22:52.9472021Z [0m[0m
Admin UI E2E (1, chrome)	Run Cypress	2024-11-13T19:22:52.9556997Z [0m  Identity provider test[0m
Admin UI E2E (1, chrome)	Run Cypress	2024-11-13T19:22:52.9558449Z [0m    Identity provider creation[0m
Admin UI E2E (1, chrome)	Run Cypress	2024-11-13T19:22:57.8292053Z     [32m  âœ“[0m[90m should create github provider[0m[90m (4841ms)[0m
Admin UI E2E (1, chrome)	Run Cypress	2024-11-13T19:22:59.8361105Z     [32m  âœ“[0m[90m fail to make duplicate github provider[0m[90m (1966ms)[0m
Admin UI E2E (1, chrome)	Run Cypress	2024-11-13T19:23:02.1845555Z     [32m  âœ“[0m[90m should create facebook provider[0m[90m (2280ms)[0m
Admin UI E2E (1, chrome)	Run Cypress	2024-11-13T19:23:03.8300710Z     [32m  âœ“[0m[90m search for existing provider by name[0m[90m (1584ms)[0m
Admin UI E2E (1, chrome)	Run Cypress	2024-11-13T19:23:05.5650294Z     [32m  âœ“[0m[90m search for non-existing provider by name[0m[90m (1703ms)[0m
Admin UI E2E (1, chrome)	Run Cypress	2024-11-13T19:23:08.2222914Z     [32m  âœ“[0m[90m create and delete provider by item details[0m[90m (2625ms)[0m
Admin UI E2E (1, chrome)	Run Cypress	2024-11-13T19:23:08.2378534Z     [36m  - should change order of providers[0m
Admin UI E2E (1, chrome)	Run Cypress	2024-11-13T19:23:10.4899641Z     [32m  âœ“[0m[90m should delete provider[0m[90m (2207ms)[0m
Admin UI E2E (1, chrome)	Run Cypress	2024-11-13T19:23:14.1035878Z     [32m  âœ“[0m[90m should add facebook social mapper[0m[90m (3580ms)[0m
Admin UI E2E (1, chrome)	Run Cypress	2024-11-13T19:23:17.7929784Z     [32m  âœ“[0m[90m should add Social mapper of type Attribute Importer[0m[90m (3661ms)[0m
Admin UI E2E (1, chrome)	Run Cypress	2024-11-13T19:23:20.8152749Z     [32m  âœ“[0m[90m should edit facebook mapper[0m[90m (2988ms)[0m
Admin UI E2E (1, chrome)	Run Cypress	2024-11-13T19:23:22.7343893Z     [32m  âœ“[0m[90m should delete facebook mapper[0m[90m (1878ms)[0m
Admin UI E2E (1, chrome)	Run Cypress	2024-11-13T19:23:24.3862602Z     [32m  âœ“[0m[90m clean up providers[0m[90m (1607ms)[0m
Admin UI E2E (1, chrome)	Run Cypress	2024-11-13T19:23:24.3970151Z [0m      Custom fields tests[0m
Admin UI E2E (1, chrome)	Run Cypress	2024-11-13T19:23:27.2398665Z       [32m  âœ“[0m[90m should create social login provider Bitbucket with custom fields[0m[90m (2803ms)[0m
Admin UI E2E (1, chrome)	Run Cypress	2024-11-13T19:23:30.8507003Z       [32m  âœ“[0m[90m should create social login provider Facebook with custom fields[0m[90m (3550ms)[0m
Admin UI E2E (1, chrome)	Run Cypress	2024-11-13T19:23:34.6680833Z       [32m  âœ“[0m[90m should create social login provider Github with custom fields[0m[90m (3761ms)[0m
Admin UI E2E (1, chrome)	Run Cypress	2024-11-13T19:23:37.6107417Z       [32m  âœ“[0m[90m should create social login provider Gitlab with custom fields[0m[90m (2825ms)[0m
Admin UI E2E (1, chrome)	Run Cypress	2024-11-13T19:23:41.1493692Z       [32m  âœ“[0m[90m should create social login provider Google with custom fields[0m[90m (3519ms)[0m
Admin UI E2E (1, chrome)	Run Cypress	2024-11-13T19:23:44.1182062Z       [32m  âœ“[0m[90m should create social login provider Instagram with custom fields[0m[90m (2919ms)[0m
Admin UI E2E (1, chrome)	Run Cypress	2024-11-13T19:23:47.0628769Z       [32m  âœ“[0m[90m should create social login provider LinkedIn with custom fields[0m[90m (2872ms)[0m
Admin UI E2E (1, chrome)	Run Cypress	2024-11-13T19:23:50.5054867Z       [32m  âœ“[0m[90m should create social login provider Microsoft with custom fields[0m[90m (3371ms)[0m
Admin UI E2E (1, chrome)	Run Cypress	2024-11-13T19:23:54.1299079Z       [32m  âœ“[0m[90m should create social login provider Openshift-v3 with custom fields[0m[90m (3563ms)[0m
Admin UI E2E (1, chrome)	Run Cypress	2024-11-13T19:23:57.7785118Z       [32m  âœ“[0m[90m should create social login provider Openshift-v4 with custom fields[0m[90m (3573ms)[0m
Admin UI E2E (1, chrome)	Run Cypress	2024-11-13T19:24:00.6278598Z       [32m  âœ“[0m[90m should create social login provider Paypal with custom fields[0m[90m (2796ms)[0m
Admin UI E2E (1, chrome)	Run Cypress	2024-11-13T19:24:04.1895998Z       [32m  âœ“[0m[90m should create social login provider Stackoverflow with custom fields[0m[90m (3487ms)[0m
Admin UI E2E (1, chrome)	Run Cypress	2024-11-13T19:24:07.7936770Z       [32m  âœ“[0m[90m should create social login provider Twitter with custom fields[0m[90m (2673ms)[0m
Admin UI E2E (1, chrome)	Run Cypress	2024-11-13T19:24:07.8050817Z [0m    should check provider details[0m
Admin UI E2E (1, chrome)	Run Cypress	2024-11-13T19:24:09.9781852Z     [32m  âœ“[0m[90m creating github provider[0m[90m (2146ms)[0m
Admin UI E2E (1, chrome)	Run Cypress	2024-11-13T19:24:13.2171956Z     [32m  âœ“[0m[90m should check general settings[0m[90m (3204ms)[0m
Admin UI E2E (1, chrome)	Run Cypress	2024-11-13T19:24:16.4401674Z     [32m  âœ“[0m[90m should check input switches and inputs[0m[90m (3190ms)[0m
Admin UI E2E (1, chrome)	Run Cypress	2024-11-13T19:24:18.3489922Z     [32m  âœ“[0m[90m should revert and save options[0m[90m (1878ms)[0m
Admin UI E2E (1, chrome)	Run Cypress	2024-11-13T19:24:19.8349697Z     [32m  âœ“[0m[90m should delete providers[0m[90m (1452ms)[0m
Admin UI E2E (1, chrome)	Run Cypress	2024-11-13T19:24:19.8443655Z [0m    Accessibility tests for identity providers[0m
Admin UI E2E (1, chrome)	Run Cypress	2024-11-13T19:24:22.7523443Z     [32m  âœ“[0m[90m Check a11y violations on load/ identity providers[0m[90m (2878ms)[0m
Admin UI E2E (1, chrome)	Run Cypress	2024-11-13T19:24:22.7524781Z 
Admin UI E2E (1, chrome)	Run Cypress	2024-11-13T19:24:22.7734779Z 
Admin UI E2E (1, chrome)	Run Cypress	2024-11-13T19:24:22.7736319Z [92m [0m[32m 31 passing[0m[90m (1m)[0m
Admin UI E2E (1, chrome)	Run Cypress	2024-11-13T19:24:22.7737481Z [36m [0m[36m 1 pending[0m
Admin UI E2E (1, chrome)	Run Cypress	2024-11-13T19:24:22.7738075Z 
Admin UI E2E (1, chrome)	Run Cypress	2024-11-13T19:24:23.8009436Z 
Admin UI E2E (1, chrome)	Run Cypress	2024-11-13T19:24:23.8010532Z [32m  ([4m[1mResults[22m[24m)[39m
Admin UI E2E (1, chrome)	Run Cypress	2024-11-13T19:24:23.8015441Z 
Admin UI E2E (1, chrome)	Run Cypress	2024-11-13T19:24:23.8031096Z [90m  â”Œ[39m[90mâ”€[39m[90mâ”€[39m[90mâ”€[39m[90mâ”€[39m[90mâ”€[39m[90mâ”€[39m[90mâ”€[39m[90mâ”€[39m[90mâ”€[39m[90mâ”€[39m[90mâ”€[39m[90mâ”€[39m[90mâ”€[39m[90mâ”€[39m[90mâ”€[39m[90mâ”€[39m[90mâ”€[39m[90mâ”€[39m[90mâ”€[39m[90mâ”€[39m[90mâ”€[39m[90mâ”€[39m[90mâ”€[39m[90mâ”€[39m[90mâ”€[39m[90mâ”€[39m[90mâ”€[39m[90mâ”€[39m[90mâ”€[39m[90mâ”€[39m[90mâ”€[39m[90mâ”€[39m[90mâ”€[39m[90mâ”€[39m[90mâ”€[39m[90mâ”€[39m[90mâ”€[39m[90mâ”€[39m[90mâ”€[39m[90mâ”€[39m[90mâ”€[39m[90mâ”€[39m[90mâ”€[39m[90mâ”€[39m[90mâ”€[39m[90mâ”€[39m[90mâ”€[39m[90mâ”€[39m[90mâ”€[39m[90mâ”€[39m[90mâ”€[39m[90mâ”€[39m[90mâ”€[39m[90mâ”€[39m[90mâ”€[39m[90mâ”€[39m[90mâ”€[39m[90mâ”€[39m[90mâ”€[39m[90mâ”€[39m[90mâ”€[39m[90mâ”€[39m[90mâ”€[39m[90mâ”€[39m[90mâ”€[39m[90mâ”€[39m[90mâ”€[39m[90mâ”€[39m[90mâ”€[39m[90mâ”€[39m[90mâ”€[39m[90mâ”€[39m[90mâ”€[39m[90mâ”€[39m[90mâ”€[39m[90mâ”€[39m[90mâ”€[39m[90mâ”€[39m[90mâ”€[39m[90mâ”€[39m[90mâ”€[39m[90mâ”€[39m[90mâ”€[39m[90mâ”€[39m[90mâ”€[39m[90mâ”€[39m[90mâ”€[39m[90mâ”€[39m[90mâ”€[39m[90mâ”€[39m[90mâ”€[39m[90mâ”€[39m[90mâ”€[39m[90mâ”€[39m[90mâ”€[39m[90mâ”€[39m[90mâ”[39m
Admin UI E2E (1, chrome)	Run Cypress	2024-11-13T19:24:23.8037927Z [90m  â”‚[39m [90mTests:[39m        [32m32[39m                                                                               [90mâ”‚[39m
Admin UI E2E (1, chrome)	Run Cypress	2024-11-13T19:24:23.8039576Z [90m  â”‚[39m [90mPassing:[39m      [32m31[39m                                                                               [90mâ”‚[39m
Admin UI E2E (1, chrome)	Run Cypress	2024-11-13T19:24:23.8041206Z [90m  â”‚[39m [90mFailing:[39m      [32m0[39m                                                                                [90mâ”‚[39m
Admin UI E2E (1, chrome)	Run Cypress	2024-11-13T19:24:23.8042813Z [90m  â”‚[39m [90mPending:[39m      [32m1[39m                                                                                [90mâ”‚[39m
Admin UI E2E (1, chrome)	Run Cypress	2024-11-13T19:24:23.8167149Z [90m  â”‚[39m [90mSkipped:[39m      [32m0[39m                                                                                [90mâ”‚[39m
Admin UI E2E (1, chrome)	Run Cypress	2024-11-13T19:24:23.8173831Z [90m  â”‚[39m [90mScreenshots:[39m  [32m0[39m                                                                                [90mâ”‚[39m
Admin UI E2E (1, chrome)	Run Cypress	2024-11-13T19:24:23.8176182Z [90m  â”‚[39m [90mVideo:[39m        [32mfalse[39m                                                                            [90mâ”‚[39m
Admin UI E2E (1, chrome)	Run Cypress	2024-11-13T19:24:23.8178001Z [90m  â”‚[39m [90mDuration:[39m     [32m1 minute, 29 seconds[39m                                                             [90mâ”‚[39m
Admin UI E2E (1, chrome)	Run Cypress	2024-11-13T19:24:23.8180078Z [90m  â”‚[39m [90mSpec Ran:[39m     [32m[32midentity_providers_test.spec.ts[32m[39m                                                  [90mâ”‚[39m
Admin UI E2E (1, chrome)	Run Cypress	2024-11-13T19:24:23.8189060Z [90m  â””[39m[90mâ”€[39m[90mâ”€[39m[90mâ”€[39m[90mâ”€[39m[90mâ”€[39m[90mâ”€[39m[90mâ”€[39m[90mâ”€[39m[90mâ”€[39m[90mâ”€[39m[90mâ”€[39m[90mâ”€[39m[90mâ”€[39m[90mâ”€[39m[90mâ”€[39m[90mâ”€[39m[90mâ”€[39m[90mâ”€[39m[90mâ”€[39m[90mâ”€[39m[90mâ”€[39m[90mâ”€[39m[90mâ”€[39m[90mâ”€[39m[90mâ”€[39m[90mâ”€[39m[90mâ”€[39m[90mâ”€[39m[90mâ”€[39m[90mâ”€[39m[90mâ”€[39m[90mâ”€[39m[90mâ”€[39m[90mâ”€[39m[90mâ”€[39m[90mâ”€[39m[90mâ”€[39m[90mâ”€[39m[90mâ”€[39m[90mâ”€[39m[90mâ”€[39m[90mâ”€[39m[90mâ”€[39m[90mâ”€[39m[90mâ”€[39m[90mâ”€[39m[90mâ”€[39m[90mâ”€[39m[90mâ”€[39m[90mâ”€[39m[90mâ”€[39m[90mâ”€[39m[90mâ”€[39m[90mâ”€[39m[90mâ”€[39m[90mâ”€[39m[90mâ”€[39m[90mâ”€[39m[90mâ”€[39m[90mâ”€[39m[90mâ”€[39m[90mâ”€[39m[90mâ”€[39m[90mâ”€[39m[90mâ”€[39m[90mâ”€[39m[90mâ”€[39m[90mâ”€[39m[90mâ”€[39m[90mâ”€[39m[90mâ”€[39m[90mâ”€[39m[90mâ”€[39m[90mâ”€[39m[90mâ”€[39m[90mâ”€[39m[90mâ”€[39m[90mâ”€[39m[90mâ”€[39m[90mâ”€[39m[90mâ”€[39m[90mâ”€[39m[90mâ”€[39m[90mâ”€[39m[90mâ”€[39m[90mâ”€[39m[90mâ”€[39m[90mâ”€[39m[90mâ”€[39m[90mâ”€[39m[90mâ”€[39m[90mâ”€[39m[90mâ”€[39m[90mâ”€[39m[90mâ”€[39m[90mâ”€[39m[90mâ”˜[39m
Admin UI E2E (1, chrome)	Run Cypress	2024-11-13T19:24:23.8192344Z 
Admin UI E2E (1, chrome)	Run Cypress	2024-11-13T19:24:23.8451771Z 
Admin UI E2E (1, chrome)	Run Cypress	2024-11-13T19:24:23.8464545Z [90mâ”€[39m[90mâ”€[39m[90mâ”€[39m[90mâ”€[39m[90mâ”€[39m[90mâ”€[39m[90mâ”€[39m[90mâ”€[39m[90mâ”€[39m[90mâ”€[39m[90mâ”€[39m[90mâ”€[39m[90mâ”€[39m[90mâ”€[39m[90mâ”€[39m[90mâ”€[39m[90mâ”€[39m[90mâ”€[39m[90mâ”€[39m[90mâ”€[39m[90mâ”€[39m[90mâ”€[39m[90mâ”€[39m[90mâ”€[39m[90mâ”€[39m[90mâ”€[39m[90mâ”€[39m[90mâ”€[39m[90mâ”€[39m[90mâ”€[39m[90mâ”€[39m[90mâ”€[39m[90mâ”€[39m[90mâ”€[39m[90mâ”€[39m[90mâ”€[39m[90mâ”€[39m[90mâ”€[39m[90mâ”€[39m[90mâ”€[39m[90mâ”€[39m[90mâ”€[39m[90mâ”€[39m[90mâ”€[39m[90mâ”€[39m[90mâ”€[39m[90mâ”€[39m[90mâ”€[39m[90mâ”€[39m[90mâ”€[39m[90mâ”€[39m[90mâ”€[39m[90mâ”€[39m[90mâ”€[39m[90mâ”€[39m[90mâ”€[39m[90mâ”€[39m[90mâ”€[39m[90mâ”€[39m[90mâ”€[39m[90mâ”€[39m[90mâ”€[39m[90mâ”€[39m[90mâ”€[39m[90mâ”€[39m[90mâ”€[39m[90mâ”€[39m[90mâ”€[39m[90mâ”€[39m[90mâ”€[39m[90mâ”€[39m[90mâ”€[39m[90mâ”€[39m[90mâ”€[39m[90mâ”€[39m[90mâ”€[39m[90mâ”€[39m[90mâ”€[39m[90mâ”€[39m[90mâ”€[39m[90mâ”€[39m[90mâ”€[39m[90mâ”€[39m[90mâ”€[39m[90mâ”€[39m[90mâ”€[39m[90mâ”€[39m[90mâ”€[39m[90mâ”€[39m[90mâ”€[39m[90mâ”€[39m[90mâ”€[39m[90mâ”€[39m[90mâ”€[39m[90mâ”€[39m[90mâ”€[39m[90mâ”€[39m[90mâ”€[39m[90mâ”€[39m[90mâ”€[39m
Admin UI E2E (1, chrome)	Run Cypress	2024-11-13T19:24:23.8470591Z                                                                                                     
Admin UI E2E (1, chrome)	Run Cypress	2024-11-13T19:24:23.8472056Z   Running:  [90mpartial_export_test.spec.ts[39m                                                     [90m(7 of 8)[39m
Admin UI E2E (1, chrome)	Run Cypress	2024-11-13T19:24:27.5012105Z 
Admin UI E2E (1, chrome)	Run Cypress	2024-11-13T19:24:27.5015088Z [0m[0m
Admin UI E2E (1, chrome)	Run Cypress	2024-11-13T19:24:27.5093100Z [0m  Partial realm export[0m
Admin UI E2E (1, chrome)	Run Cypress	2024-11-13T19:24:32.0155488Z   [32m  âœ“[0m[90m Closes the dialog[0m[90m (4485ms)[0m
Admin UI E2E (1, chrome)	Run Cypress	2024-11-13T19:24:33.7925799Z   [32m  âœ“[0m[90m Shows a warning message[0m[90m (1735ms)[0m
Admin UI E2E (1, chrome)	Run Cypress	2024-11-13T19:24:36.1982255Z   [32m  âœ“[0m[90m Exports the realm[0m[90m (1813ms)[0m
Admin UI E2E (1, chrome)	Run Cypress	2024-11-13T19:24:36.1983208Z 
Admin UI E2E (1, chrome)	Run Cypress	2024-11-13T19:24:36.2286582Z 
Admin UI E2E (1, chrome)	Run Cypress	2024-11-13T19:24:36.2287958Z [92m [0m[32m 3 passing[0m[90m (9s)[0m
Admin UI E2E (1, chrome)	Run Cypress	2024-11-13T19:24:36.2289258Z 
Admin UI E2E (1, chrome)	Run Cypress	2024-11-13T19:24:37.6957583Z 
Admin UI E2E (1, chrome)	Run Cypress	2024-11-13T19:24:37.6959078Z [32m  ([4m[1mResults[22m[24m)[39m
Admin UI E2E (1, chrome)	Run Cypress	2024-11-13T19:24:37.6961605Z 
Admin UI E2E (1, chrome)	Run Cypress	2024-11-13T19:24:37.6974944Z [90m  â”Œ[39m[90mâ”€[39m[90mâ”€[39m[90mâ”€[39m[90mâ”€[39m[90mâ”€[39m[90mâ”€[39m[90mâ”€[39m[90mâ”€[39m[90mâ”€[39m[90mâ”€[39m[90mâ”€[39m[90mâ”€[39m[90mâ”€[39m[90mâ”€[39m[90mâ”€[39m[90mâ”€[39m[90mâ”€[39m[90mâ”€[39m[90mâ”€[39m[90mâ”€[39m[90mâ”€[39m[90mâ”€[39m[90mâ”€[39m[90mâ”€[39m[90mâ”€[39m[90mâ”€[39m[90mâ”€[39m[90mâ”€[39m[90mâ”€[39m[90mâ”€[39m[90mâ”€[39m[90mâ”€[39m[90mâ”€[39m[90mâ”€[39m[90mâ”€[39m[90mâ”€[39m[90mâ”€[39m[90mâ”€[39m[90mâ”€[39m[90mâ”€[39m[90mâ”€[39m[90mâ”€[39m[90mâ”€[39m[90mâ”€[39m[90mâ”€[39m[90mâ”€[39m[90mâ”€[39m[90mâ”€[39m[90mâ”€[39m[90mâ”€[39m[90mâ”€[39m[90mâ”€[39m[90mâ”€[39m[90mâ”€[39m[90mâ”€[39m[90mâ”€[39m[90mâ”€[39m[90mâ”€[39m[90mâ”€[39m[90mâ”€[39m[90mâ”€[39m[90mâ”€[39m[90mâ”€[39m[90mâ”€[39m[90mâ”€[39m[90mâ”€[39m[90mâ”€[39m[90mâ”€[39m[90mâ”€[39m[90mâ”€[39m[90mâ”€[39m[90mâ”€[39m[90mâ”€[39m[90mâ”€[39m[90mâ”€[39m[90mâ”€[39m[90mâ”€[39m[90mâ”€[39m[90mâ”€[39m[90mâ”€[39m[90mâ”€[39m[90mâ”€[39m[90mâ”€[39m[90mâ”€[39m[90mâ”€[39m[90mâ”€[39m[90mâ”€[39m[90mâ”€[39m[90mâ”€[39m[90mâ”€[39m[90mâ”€[39m[90mâ”€[39m[90mâ”€[39m[90mâ”€[39m[90mâ”€[39m[90mâ”€[39m[90mâ”[39m
Admin UI E2E (1, chrome)	Run Cypress	2024-11-13T19:24:37.6982955Z [90m  â”‚[39m [90mTests:[39m        [32m3[39m                                                                                [90mâ”‚[39m
Admin UI E2E (1, chrome)	Run Cypress	2024-11-13T19:24:37.6984651Z [90m  â”‚[39m [90mPassing:[39m      [32m3[39m                                                                                [90mâ”‚[39m
Admin UI E2E (1, chrome)	Run Cypress	2024-11-13T19:24:37.6986305Z [90m  â”‚[39m [90mFailing:[39m      [32m0[39m                                                                                [90mâ”‚[39m
Admin UI E2E (1, chrome)	Run Cypress	2024-11-13T19:24:37.6987914Z [90m  â”‚[39m [90mPending:[39m      [32m0[39m                                                                                [90mâ”‚[39m
Admin UI E2E (1, chrome)	Run Cypress	2024-11-13T19:24:37.7063867Z [90m  â”‚[39m [90mSkipped:[39m      [32m0[39m                                                                                [90mâ”‚[39m
Admin UI E2E (1, chrome)	Run Cypress	2024-11-13T19:24:37.7065646Z [90m  â”‚[39m [90mScreenshots:[39m  [32m0[39m                                                                                [90mâ”‚[39m
Admin UI E2E (1, chrome)	Run Cypress	2024-11-13T19:24:37.7067396Z [90m  â”‚[39m [90mVideo:[39m        [32mfalse[39m                                                                            [90mâ”‚[39m
Admin UI E2E (1, chrome)	Run Cypress	2024-11-13T19:24:37.7069227Z [90m  â”‚[39m [90mDuration:[39m     [32m8 seconds[39m                                                                        [90mâ”‚[39m
Admin UI E2E (1, chrome)	Run Cypress	2024-11-13T19:24:37.7071312Z [90m  â”‚[39m [90mSpec Ran:[39m     [32m[32mpartial_export_test.spec.ts[32m[39m                                                      [90mâ”‚[39m
Admin UI E2E (1, chrome)	Run Cypress	2024-11-13T19:24:37.7081049Z [90m  â””[39m[90mâ”€[39m[90mâ”€[39m[90mâ”€[39m[90mâ”€[39m[90mâ”€[39m[90mâ”€[39m[90mâ”€[39m[90mâ”€[39m[90mâ”€[39m[90mâ”€[39m[90mâ”€[39m[90mâ”€[39m[90mâ”€[39m[90mâ”€[39m[90mâ”€[39m[90mâ”€[39m[90mâ”€[39m[90mâ”€[39m[90mâ”€[39m[90mâ”€[39m[90mâ”€[39m[90mâ”€[39m[90mâ”€[39m[90mâ”€[39m[90mâ”€[39m[90mâ”€[39m[90mâ”€[39m[90mâ”€[39m[90mâ”€[39m[90mâ”€[39m[90mâ”€[39m[90mâ”€[39m[90mâ”€[39m[90mâ”€[39m[90mâ”€[39m[90mâ”€[39m[90mâ”€[39m[90mâ”€[39m[90mâ”€[39m[90mâ”€[39m[90mâ”€[39m[90mâ”€[39m[90mâ”€[39m[90mâ”€[39m[90mâ”€[39m[90mâ”€[39m[90mâ”€[39m[90mâ”€[39m[90mâ”€[39m[90mâ”€[39m[90mâ”€[39m[90mâ”€[39m[90mâ”€[39m[90mâ”€[39m[90mâ”€[39m[90mâ”€[39m[90mâ”€[39m[90mâ”€[39m[90mâ”€[39m[90mâ”€[39m[90mâ”€[39m[90mâ”€[39m[90mâ”€[39m[90mâ”€[39m[90mâ”€[39m[90mâ”€[39m[90mâ”€[39m[90mâ”€[39m[90mâ”€[39m[90mâ”€[39m[90mâ”€[39m[90mâ”€[39m[90mâ”€[39m[90mâ”€[39m[90mâ”€[39m[90mâ”€[39m[90mâ”€[39m[90mâ”€[39m[90mâ”€[39m[90mâ”€[39m[90mâ”€[39m[90mâ”€[39m[90mâ”€[39m[90mâ”€[39m[90mâ”€[39m[90mâ”€[39m[90mâ”€[39m[90mâ”€[39m[90mâ”€[39m[90mâ”€[39m[90mâ”€[39m[90mâ”€[39m[90mâ”€[39m[90mâ”€[39m[90mâ”€[39m[90mâ”€[39m[90mâ”˜[39m
Admin UI E2E (1, chrome)	Run Cypress	2024-11-13T19:24:37.7087978Z 
Admin UI E2E (1, chrome)	Run Cypress	2024-11-13T19:24:37.7392233Z 
Admin UI E2E (1, chrome)	Run Cypress	2024-11-13T19:24:37.7403029Z [90mâ”€[39m[90mâ”€[39m[90mâ”€[39m[90mâ”€[39m[90mâ”€[39m[90mâ”€[39m[90mâ”€[39m[90mâ”€[39m[90mâ”€[39m[90mâ”€[39m[90mâ”€[39m[90mâ”€[39m[90mâ”€[39m[90mâ”€[39m[90mâ”€[39m[90mâ”€[39m[90mâ”€[39m[90mâ”€[39m[90mâ”€[39m[90mâ”€[39m[90mâ”€[39m[90mâ”€[39m[90mâ”€[39m[90mâ”€[39m[90mâ”€[39m[90mâ”€[39m[90mâ”€[39m[90mâ”€[39m[90mâ”€[39m[90mâ”€[39m[90mâ”€[39m[90mâ”€[39m[90mâ”€[39m[90mâ”€[39m[90mâ”€[39m[90mâ”€[39m[90mâ”€[39m[90mâ”€[39m[90mâ”€[39m[90mâ”€[39m[90mâ”€[39m[90mâ”€[39m[90mâ”€[39m[90mâ”€[39m[90mâ”€[39m[90mâ”€[39m[90mâ”€[39m[90mâ”€[39m[90mâ”€[39m[90mâ”€[39m[90mâ”€[39m[90mâ”€[39m[90mâ”€[39m[90mâ”€[39m[90mâ”€[39m[90mâ”€[39m[90mâ”€[39m[90mâ”€[39m[90mâ”€[39m[90mâ”€[39m[90mâ”€[39m[90mâ”€[39m[90mâ”€[39m[90mâ”€[39m[90mâ”€[39m[90mâ”€[39m[90mâ”€[39m[90mâ”€[39m[90mâ”€[39m[90mâ”€[39m[90mâ”€[39m[90mâ”€[39m[90mâ”€[39m[90mâ”€[39m[90mâ”€[39m[90mâ”€[39m[90mâ”€[39m[90mâ”€[39m[90mâ”€[39m[90mâ”€[39m[90mâ”€[39m[90mâ”€[39m[90mâ”€[39m[90mâ”€[39m[90mâ”€[39m[90mâ”€[39m[90mâ”€[39m[90mâ”€[39m[90mâ”€[39m[90mâ”€[39m[90mâ”€[39m[90mâ”€[39m[90mâ”€[39m[90mâ”€[39m[90mâ”€[39m[90mâ”€[39m[90mâ”€[39m[90mâ”€[39m[90mâ”€[39m[90mâ”€[39m
Admin UI E2E (1, chrome)	Run Cypress	2024-11-13T19:24:37.7410163Z                                                                                                     
Admin UI E2E (1, chrome)	Run Cypress	2024-11-13T19:24:37.7411695Z   Running:  [90mclients_saml_advanced.spec.ts[39m                                                   [90m(8 of 8)[39m
Admin UI E2E (1, chrome)	Run Cypress	2024-11-13T19:24:41.2470985Z 
Admin UI E2E (1, chrome)	Run Cypress	2024-11-13T19:24:41.2473158Z [0m[0m
Admin UI E2E (1, chrome)	Run Cypress	2024-11-13T19:24:41.2497372Z [0m  Clients Saml advanced tab[0m
Admin UI E2E (1, chrome)	Run Cypress	2024-11-13T19:24:41.2498816Z [0m    Fine Grain SAML Endpoint Configuration[0m
Admin UI E2E (1, chrome)	Run Cypress	2024-11-13T19:24:47.1659582Z     [32m  âœ“[0m[90m Should Terms of service URL[0m[90m (5887ms)[0m
Admin UI E2E (1, chrome)	Run Cypress	2024-11-13T19:24:49.8189415Z     [32m  âœ“[0m[90m Invalid terms of service URL[0m[90m (2585ms)[0m
Admin UI E2E (1, chrome)	Run Cypress	2024-11-13T19:24:49.8208439Z 
Admin UI E2E (1, chrome)	Run Cypress	2024-11-13T19:24:49.8403171Z 
Admin UI E2E (1, chrome)	Run Cypress	2024-11-13T19:24:49.8404863Z [92m [0m[32m 2 passing[0m[90m (9s)[0m
Admin UI E2E (1, chrome)	Run Cypress	2024-11-13T19:24:49.8405725Z 
Admin UI E2E (1, chrome)	Run Cypress	2024-11-13T19:24:50.8530085Z 
Admin UI E2E (1, chrome)	Run Cypress	2024-11-13T19:24:50.8531719Z [32m  ([4m[1mResults[22m[24m)[39m
Admin UI E2E (1, chrome)	Run Cypress	2024-11-13T19:24:50.8534017Z 
Admin UI E2E (1, chrome)	Run Cypress	2024-11-13T19:24:50.8548218Z [90m  â”Œ[39m[90mâ”€[39m[90mâ”€[39m[90mâ”€[39m[90mâ”€[39m[90mâ”€[39m[90mâ”€[39m[90mâ”€[39m[90mâ”€[39m[90mâ”€[39m[90mâ”€[39m[90mâ”€[39m[90mâ”€[39m[90mâ”€[39m[90mâ”€[39m[90mâ”€[39m[90mâ”€[39m[90mâ”€[39m[90mâ”€[39m[90mâ”€[39m[90mâ”€[39m[90mâ”€[39m[90mâ”€[39m[90mâ”€[39m[90mâ”€[39m[90mâ”€[39m[90mâ”€[39m[90mâ”€[39m[90mâ”€[39m[90mâ”€[39m[90mâ”€[39m[90mâ”€[39m[90mâ”€[39m[90mâ”€[39m[90mâ”€[39m[90mâ”€[39m[90mâ”€[39m[90mâ”€[39m[90mâ”€[39m[90mâ”€[39m[90mâ”€[39m[90mâ”€[39m[90mâ”€[39m[90mâ”€[39m[90mâ”€[39m[90mâ”€[39m[90mâ”€[39m[90mâ”€[39m[90mâ”€[39m[90mâ”€[39m[90mâ”€[39m[90mâ”€[39m[90mâ”€[39m[90mâ”€[39m[90mâ”€[39m[90mâ”€[39m[90mâ”€[39m[90mâ”€[39m[90mâ”€[39m[90mâ”€[39m[90mâ”€[39m[90mâ”€[39m[90mâ”€[39m[90mâ”€[39m[90mâ”€[39m[90mâ”€[39m[90mâ”€[39m[90mâ”€[39m[90mâ”€[39m[90mâ”€[39m[90mâ”€[39m[90mâ”€[39m[90mâ”€[39m[90mâ”€[39m[90mâ”€[39m[90mâ”€[39m[90mâ”€[39m[90mâ”€[39m[90mâ”€[39m[90mâ”€[39m[90mâ”€[39m[90mâ”€[39m[90mâ”€[39m[90mâ”€[39m[90mâ”€[39m[90mâ”€[39m[90mâ”€[39m[90mâ”€[39m[90mâ”€[39m[90mâ”€[39m[90mâ”€[39m[90mâ”€[39m[90mâ”€[39m[90mâ”€[39m[90mâ”€[39m[90mâ”€[39m[90mâ”€[39m[90mâ”[39m
Admin UI E2E (1, chrome)	Run Cypress	2024-11-13T19:24:50.8557286Z [90m  â”‚[39m [90mTests:[39m        [32m2[39m                                                                                [90mâ”‚[39m
Admin UI E2E (1, chrome)	Run Cypress	2024-11-13T19:24:50.8559314Z [90m  â”‚[39m [90mPassing:[39m      [32m2[39m                                                                                [90mâ”‚[39m
Admin UI E2E (1, chrome)	Run Cypress	2024-11-13T19:24:50.8561556Z [90m  â”‚[39m [90mFailing:[39m      [32m0[39m                                                                                [90mâ”‚[39m
Admin UI E2E (1, chrome)	Run Cypress	2024-11-13T19:24:50.8563486Z [90m  â”‚[39m [90mPending:[39m      [32m0[39m                                                                                [90mâ”‚[39m
Admin UI E2E (1, chrome)	Run Cypress	2024-11-13T19:24:50.8565543Z [90m  â”‚[39m [90mSkipped:[39m      [32m0[39m                                                                                [90mâ”‚[39m
Admin UI E2E (1, chrome)	Run Cypress	2024-11-13T19:24:50.8567419Z [90m  â”‚[39m [90mScreenshots:[39m  [32m0[39m                                                                                [90mâ”‚[39m
Admin UI E2E (1, chrome)	Run Cypress	2024-11-13T19:24:50.8569222Z [90m  â”‚[39m [90mVideo:[39m        [32mfalse[39m                                                                            [90mâ”‚[39m
Admin UI E2E (1, chrome)	Run Cypress	2024-11-13T19:24:50.8571146Z [90m  â”‚[39m [90mDuration:[39m     [32m8 seconds[39m                                                                        [90mâ”‚[39m
Admin UI E2E (1, chrome)	Run Cypress	2024-11-13T19:24:50.8573423Z [90m  â”‚[39m [90mSpec Ran:[39m     [32m[32mclients_saml_advanced.spec.ts[32m[39m                                                    [90mâ”‚[39m
Admin UI E2E (1, chrome)	Run Cypress	2024-11-13T19:24:50.8584075Z [90m  â””[39m[90mâ”€[39m[90mâ”€[39m[90mâ”€[39m[90mâ”€[39m[90mâ”€[39m[90mâ”€[39m[90mâ”€[39m[90mâ”€[39m[90mâ”€[39m[90mâ”€[39m[90mâ”€[39m[90mâ”€[39m[90mâ”€[39m[90mâ”€[39m[90mâ”€[39m[90mâ”€[39m[90mâ”€[39m[90mâ”€[39m[90mâ”€[39m[90mâ”€[39m[90mâ”€[39m[90mâ”€[39m[90mâ”€[39m[90mâ”€[39m[90mâ”€[39m[90mâ”€[39m[90mâ”€[39m[90mâ”€[39m[90mâ”€[39m[90mâ”€[39m[90mâ”€[39m[90mâ”€[39m[90mâ”€[39m[90mâ”€[39m[90mâ”€[39m[90mâ”€[39m[90mâ”€[39m[90mâ”€[39m[90mâ”€[39m[90mâ”€[39m[90mâ”€[39m[90mâ”€[39m[90mâ”€[39m[90mâ”€[39m[90mâ”€[39m[90mâ”€[39m[90mâ”€[39m[90mâ”€[39m[90mâ”€[39m[90mâ”€[39m[90mâ”€[39m[90mâ”€[39m[90mâ”€[39m[90mâ”€[39m[90mâ”€[39m[90mâ”€[39m[90mâ”€[39m[90mâ”€[39m[90mâ”€[39m[90mâ”€[39m[90mâ”€[39m[90mâ”€[39m[90mâ”€[39m[90mâ”€[39m[90mâ”€[39m[90mâ”€[39m[90mâ”€[39m[90mâ”€[39m[90mâ”€[39m[90mâ”€[39m[90mâ”€[39m[90mâ”€[39m[90mâ”€[39m[90mâ”€[39m[90mâ”€[39m[90mâ”€[39m[90mâ”€[39m[90mâ”€[39m[90mâ”€[39m[90mâ”€[39m[90mâ”€[39m[90mâ”€[39m[90mâ”€[39m[90mâ”€[39m[90mâ”€[39m[90mâ”€[39m[90mâ”€[39m[90mâ”€[39m[90mâ”€[39m[90mâ”€[39m[90mâ”€[39m[90mâ”€[39m[90mâ”€[39m[90mâ”€[39m[90mâ”€[39m[90mâ”€[39m[90mâ”˜[39m
Admin UI E2E (1, chrome)	Run Cypress	2024-11-13T19:24:50.8589768Z 
Admin UI E2E (1, chrome)	Run Cypress	2024-11-13T19:24:50.8608307Z 
Admin UI E2E (1, chrome)	Run Cypress	2024-11-13T19:24:50.9235304Z [90m====================================================================================================[39m
Admin UI E2E (1, chrome)	Run Cypress	2024-11-13T19:24:50.9236019Z 
Admin UI E2E (1, chrome)	Run Cypress	2024-11-13T19:24:50.9236690Z [0m  ([4m[1mRun Finished[22m[24m)[0m
Admin UI E2E (1, chrome)	Run Cypress	2024-11-13T19:24:50.9257464Z 
Admin UI E2E (1, chrome)	Run Cypress	2024-11-13T19:24:50.9257547Z 
Admin UI E2E (1, chrome)	Run Cypress	2024-11-13T19:24:50.9303500Z [90m   [39m    [90mSpec[39m                                              [90mTests[39m  [90mPassing[39m  [90mFailing[39m  [90mPending[39m  [90mSkipped[39m [90m [39m
Admin UI E2E (1, chrome)	Run Cypress	2024-11-13T19:24:50.9312826Z [90m  â”Œ[39m[90mâ”€[39m[90mâ”€[39m[90mâ”€[39m[90mâ”€[39m[90mâ”€[39m[90mâ”€[39m[90mâ”€[39m[90mâ”€[39m[90mâ”€[39m[90mâ”€[39m[90mâ”€[39m[90mâ”€[39m[90mâ”€[39m[90mâ”€[39m[90mâ”€[39m[90mâ”€[39m[90mâ”€[39m[90mâ”€[39m[90mâ”€[39m[90mâ”€[39m[90mâ”€[39m[90mâ”€[39m[90mâ”€[39m[90mâ”€[39m[90mâ”€[39m[90mâ”€[39m[90mâ”€[39m[90mâ”€[39m[90mâ”€[39m[90mâ”€[39m[90mâ”€[39m[90mâ”€[39m[90mâ”€[39m[90mâ”€[39m[90mâ”€[39m[90mâ”€[39m[90mâ”€[39m[90mâ”€[39m[90mâ”€[39m[90mâ”€[39m[90mâ”€[39m[90mâ”€[39m[90mâ”€[39m[90mâ”€[39m[90mâ”€[39m[90mâ”€[39m[90mâ”€[39m[90mâ”€[39m[90mâ”€[39m[90mâ”€[39m[90mâ”€[39m[90mâ”€[39m[90mâ”€[39m[90mâ”€[39m[90mâ”€[39m[90mâ”€[39m[90mâ”€[39m[90mâ”€[39m[90mâ”€[39m[90mâ”€[39m[90mâ”€[39m[90mâ”€[39m[90mâ”€[39m[90mâ”€[39m[90mâ”€[39m[90mâ”€[39m[90mâ”€[39m[90mâ”€[39m[90mâ”€[39m[90mâ”€[39m[90mâ”€[39m[90mâ”€[39m[90mâ”€[39m[90mâ”€[39m[90mâ”€[39m[90mâ”€[39m[90mâ”€[39m[90mâ”€[39m[90mâ”€[39m[90mâ”€[39m[90mâ”€[39m[90mâ”€[39m[90mâ”€[39m[90mâ”€[39m[90mâ”€[39m[90mâ”€[39m[90mâ”€[39m[90mâ”€[39m[90mâ”€[39m[90mâ”€[39m[90mâ”€[39m[90mâ”€[39m[90mâ”€[39m[90mâ”€[39m[90mâ”€[39m[90mâ”€[39m[90mâ”[39m
Admin UI E2E (1, chrome)	Run Cypress	2024-11-13T19:24:50.9318394Z [90m  â”‚[39m [32mâœ”[39m  [0mrealm_user_registration.spec.ts[0m          [90m00:14[39m        [0m3[0m        [32m3[39m        [90m-[39m        [90m-[39m        [90m-[39m [90mâ”‚[39m
Admin UI E2E (1, chrome)	Run Cypress	2024-11-13T19:24:50.9327623Z [90m  â”œ[39m[90mâ”€[39m[90mâ”€[39m[90mâ”€[39m[90mâ”€[39m[90mâ”€[39m[90mâ”€[39m[90mâ”€[39m[90mâ”€[39m[90mâ”€[39m[90mâ”€[39m[90mâ”€[39m[90mâ”€[39m[90mâ”€[39m[90mâ”€[39m[90mâ”€[39m[90mâ”€[39m[90mâ”€[39m[90mâ”€[39m[90mâ”€[39m[90mâ”€[39m[90mâ”€[39m[90mâ”€[39m[90mâ”€[39m[90mâ”€[39m[90mâ”€[39m[90mâ”€[39m[90mâ”€[39m[90mâ”€[39m[90mâ”€[39m[90mâ”€[39m[90mâ”€[39m[90mâ”€[39m[90mâ”€[39m[90mâ”€[39m[90mâ”€[39m[90mâ”€[39m[90mâ”€[39m[90mâ”€[39m[90mâ”€[39m[90mâ”€[39m[90mâ”€[39m[90mâ”€[39m[90mâ”€[39m[90mâ”€[39m[90mâ”€[39m[90mâ”€[39m[90mâ”€[39m[90mâ”€[39m[90mâ”€[39m[90mâ”€[39m[90mâ”€[39m[90mâ”€[39m[90mâ”€[39m[90mâ”€[39m[90mâ”€[39m[90mâ”€[39m[90mâ”€[39m[90mâ”€[39m[90mâ”€[39m[90mâ”€[39m[90mâ”€[39m[90mâ”€[39m[90mâ”€[39m[90mâ”€[39m[90mâ”€[39m[90mâ”€[39m[90mâ”€[39m[90mâ”€[39m[90mâ”€[39m[90mâ”€[39m[90mâ”€[39m[90mâ”€[39m[90mâ”€[39m[90mâ”€[39m[90mâ”€[39m[90mâ”€[39m[90mâ”€[39m[90mâ”€[39m[90mâ”€[39m[90mâ”€[39m[90mâ”€[39m[90mâ”€[39m[90mâ”€[39m[90mâ”€[39m[90mâ”€[39m[90mâ”€[39m[90mâ”€[39m[90mâ”€[39m[90mâ”€[39m[90mâ”€[39m[90mâ”€[39m[90mâ”€[39m[90mâ”€[39m[90mâ”€[39m[90mâ”€[39m[90mâ”€[39m[90mâ”¤[39m
Admin UI E2E (1, chrome)	Run Cypress	2024-11-13T19:24:50.9335290Z [90m  â”‚[39m [32mâœ”[39m  [0morganization.spec.ts[0m                      [90m87ms[39m        [0m6[0m        [90m-[39m        [90m-[39m        [36m6[39m        [90m-[39m [90mâ”‚[39m
Admin UI E2E (1, chrome)	Run Cypress	2024-11-13T19:24:50.9344963Z [90m  â”œ[39m[90mâ”€[39m[90mâ”€[39m[90mâ”€[39m[90mâ”€[39m[90mâ”€[39m[90mâ”€[39m[90mâ”€[39m[90mâ”€[39m[90mâ”€[39m[90mâ”€[39m[90mâ”€[39m[90mâ”€[39m[90mâ”€[39m[90mâ”€[39m[90mâ”€[39m[90mâ”€[39m[90mâ”€[39m[90mâ”€[39m[90mâ”€[39m[90mâ”€[39m[90mâ”€[39m[90mâ”€[39m[90mâ”€[39m[90mâ”€[39m[90mâ”€[39m[90mâ”€[39m[90mâ”€[39m[90mâ”€[39m[90mâ”€[39m[90mâ”€[39m[90mâ”€[39m[90mâ”€[39m[90mâ”€[39m[90mâ”€[39m[90mâ”€[39m[90mâ”€[39m[90mâ”€[39m[90mâ”€[39m[90mâ”€[39m[90mâ”€[39m[90mâ”€[39m[90mâ”€[39m[90mâ”€[39m[90mâ”€[39m[90mâ”€[39m[90mâ”€[39m[90mâ”€[39m[90mâ”€[39m[90mâ”€[39m[90mâ”€[39m[90mâ”€[39m[90mâ”€[39m[90mâ”€[39m[90mâ”€[39m[90mâ”€[39m[90mâ”€[39m[90mâ”€[39m[90mâ”€[39m[90mâ”€[39m[90mâ”€[39m[90mâ”€[39m[90mâ”€[39m[90mâ”€[39m[90mâ”€[39m[90mâ”€[39m[90mâ”€[39m[90mâ”€[39m[90mâ”€[39m[90mâ”€[39m[90mâ”€[39m[90mâ”€[39m[90mâ”€[39m[90mâ”€[39m[90mâ”€[39m[90mâ”€[39m[90mâ”€[39m[90mâ”€[39m[90mâ”€[39m[90mâ”€[39m[90mâ”€[39m[90mâ”€[39m[90mâ”€[39m[90mâ”€[39m[90mâ”€[39m[90mâ”€[39m[90mâ”€[39m[90mâ”€[39m[90mâ”€[39m[90mâ”€[39m[90mâ”€[39m[90mâ”€[39m[90mâ”€[39m[90mâ”€[39m[90mâ”€[39m[90mâ”€[39m[90mâ”€[39m[90mâ”¤[39m
Admin UI E2E (1, chrome)	Run Cypress	2024-11-13T19:24:50.9349813Z [90m  â”‚[39m [32mâœ”[39m  [0mclients_saml_test.spec.ts[0m                [90m00:33[39m        [0m9[0m        [32m9[39m        [90m-[39m        [90m-[39m        [90m-[39m [90mâ”‚[39m
Admin UI E2E (1, chrome)	Run Cypress	2024-11-13T19:24:50.9380084Z [90m  â”œ[39m[90mâ”€[39m[90mâ”€[39m[90mâ”€[39m[90mâ”€[39m[90mâ”€[39m[90mâ”€[39m[90mâ”€[39m[90mâ”€[39m[90mâ”€[39m[90mâ”€[39m[90mâ”€[39m[90mâ”€[39m[90mâ”€[39m[90mâ”€[39m[90mâ”€[39m[90mâ”€[39m[90mâ”€[39m[90mâ”€[39m[90mâ”€[39m[90mâ”€[39m[90mâ”€[39m[90mâ”€[39m[90mâ”€[39m[90mâ”€[39m[90mâ”€[39m[90mâ”€[39m[90mâ”€[39m[90mâ”€[39m[90mâ”€[39m[90mâ”€[39m[90mâ”€[39m[90mâ”€[39m[90mâ”€[39m[90mâ”€[39m[90mâ”€[39m[90mâ”€[39m[90mâ”€[39m[90mâ”€[39m[90mâ”€[39m[90mâ”€[39m[90mâ”€[39m[90mâ”€[39m[90mâ”€[39m[90mâ”€[39m[90mâ”€[39m[90mâ”€[39m[90mâ”€[39m[90mâ”€[39m[90mâ”€[39m[90mâ”€[39m[90mâ”€[39m[90mâ”€[39m[90mâ”€[39m[90mâ”€[39m[90mâ”€[39m[90mâ”€[39m[90mâ”€[39m[90mâ”€[39m[90mâ”€[39m[90mâ”€[39m[90mâ”€[39m[90mâ”€[39m[90mâ”€[39m[90mâ”€[39m[90mâ”€[39m[90mâ”€[39m[90mâ”€[39m[90mâ”€[39m[90mâ”€[39m[90mâ”€[39m[90mâ”€[39m[90mâ”€[39m[90mâ”€[39m[90mâ”€[39m[90mâ”€[39m[90mâ”€[39m[90mâ”€[39m[90mâ”€[39m[90mâ”€[39m[90mâ”€[39m[90mâ”€[39m[90mâ”€[39m[90mâ”€[39m[90mâ”€[39m[90mâ”€[39m[90mâ”€[39m[90mâ”€[39m[90mâ”€[39m[90mâ”€[39m[90mâ”€[39m[90mâ”€[39m[90mâ”€[39m[90mâ”€[39m[90mâ”€[39m[90mâ”€[39m[90mâ”€[39m[90mâ”¤[39m
Admin UI E2E (1, chrome)	Run Cypress	2024-11-13T19:24:50.9388321Z [90m  â”‚[39m [32mâœ”[39m  [0musers_enable_disable.spec.ts[0m             [90m00:14[39m        [0m3[0m        [32m3[39m        [90m-[39m        [90m-[39m        [90m-[39m [90mâ”‚[39m
Admin UI E2E (1, chrome)	Run Cypress	2024-11-13T19:24:50.9400225Z [90m  â”œ[39m[90mâ”€[39m[90mâ”€[39m[90mâ”€[39m[90mâ”€[39m[90mâ”€[39m[90mâ”€[39m[90mâ”€[39m[90mâ”€[39m[90mâ”€[39m[90mâ”€[39m[90mâ”€[39m[90mâ”€[39m[90mâ”€[39m[90mâ”€[39m[90mâ”€[39m[90mâ”€[39m[90mâ”€[39m[90mâ”€[39m[90mâ”€[39m[90mâ”€[39m[90mâ”€[39m[90mâ”€[39m[90mâ”€[39m[90mâ”€[39m[90mâ”€[39m[90mâ”€[39m[90mâ”€[39m[90mâ”€[39m[90mâ”€[39m[90mâ”€[39m[90mâ”€[39m[90mâ”€[39m[90mâ”€[39m[90mâ”€[39m[90mâ”€[39m[90mâ”€[39m[90mâ”€[39m[90mâ”€[39m[90mâ”€[39m[90mâ”€[39m[90mâ”€[39m[90mâ”€[39m[90mâ”€[39m[90mâ”€[39m[90mâ”€[39m[90mâ”€[39m[90mâ”€[39m[90mâ”€[39m[90mâ”€[39m[90mâ”€[39m[90mâ”€[39m[90mâ”€[39m[90mâ”€[39m[90mâ”€[39m[90mâ”€[39m[90mâ”€[39m[90mâ”€[39m[90mâ”€[39m[90mâ”€[39m[90mâ”€[39m[90mâ”€[39m[90mâ”€[39m[90mâ”€[39m[90mâ”€[39m[90mâ”€[39m[90mâ”€[39m[90mâ”€[39m[90mâ”€[39m[90mâ”€[39m[90mâ”€[39m[90mâ”€[39m[90mâ”€[39m[90mâ”€[39m[90mâ”€[39m[90mâ”€[39m[90mâ”€[39m[90mâ”€[39m[90mâ”€[39m[90mâ”€[39m[90mâ”€[39m[90mâ”€[39m[90mâ”€[39m[90mâ”€[39m[90mâ”€[39m[90mâ”€[39m[90mâ”€[39m[90mâ”€[39m[90mâ”€[39m[90mâ”€[39m[90mâ”€[39m[90mâ”€[39m[90mâ”€[39m[90mâ”€[39m[90mâ”€[39m[90mâ”€[39m[90mâ”€[39m[90mâ”¤[39m
Admin UI E2E (1, chrome)	Run Cypress	2024-11-13T19:24:50.9408009Z [90m  â”‚[39m [31mâœ–[39m  [0mrealm_settings_general_tab_test.spe[0m      [90m01:57[39m       [0m16[0m       [32m15[39m        [31m1[39m        [90m-[39m        [90m-[39m [90mâ”‚[39m
Admin UI E2E (1, chrome)	Run Cypress	2024-11-13T19:24:50.9410155Z [90m  â”‚[39m    [0mc.ts[0m                                                                                        [90mâ”‚[39m
Admin UI E2E (1, chrome)	Run Cypress	2024-11-13T19:24:50.9424192Z [90m  â”œ[39m[90mâ”€[39m[90mâ”€[39m[90mâ”€[39m[90mâ”€[39m[90mâ”€[39m[90mâ”€[39m[90mâ”€[39m[90mâ”€[39m[90mâ”€[39m[90mâ”€[39m[90mâ”€[39m[90mâ”€[39m[90mâ”€[39m[90mâ”€[39m[90mâ”€[39m[90mâ”€[39m[90mâ”€[39m[90mâ”€[39m[90mâ”€[39m[90mâ”€[39m[90mâ”€[39m[90mâ”€[39m[90mâ”€[39m[90mâ”€[39m[90mâ”€[39m[90mâ”€[39m[90mâ”€[39m[90mâ”€[39m[90mâ”€[39m[90mâ”€[39m[90mâ”€[39m[90mâ”€[39m[90mâ”€[39m[90mâ”€[39m[90mâ”€[39m[90mâ”€[39m[90mâ”€[39m[90mâ”€[39m[90mâ”€[39m[90mâ”€[39m[90mâ”€[39m[90mâ”€[39m[90mâ”€[39m[90mâ”€[39m[90mâ”€[39m[90mâ”€[39m[90mâ”€[39m[90mâ”€[39m[90mâ”€[39m[90mâ”€[39m[90mâ”€[39m[90mâ”€[39m[90mâ”€[39m[90mâ”€[39m[90mâ”€[39m[90mâ”€[39m[90mâ”€[39m[90mâ”€[39m[90mâ”€[39m[90mâ”€[39m[90mâ”€[39m[90mâ”€[39m[90mâ”€[39m[90mâ”€[39m[90mâ”€[39m[90mâ”€[39m[90mâ”€[39m[90mâ”€[39m[90mâ”€[39m[90mâ”€[39m[90mâ”€[39m[90mâ”€[39m[90mâ”€[39m[90mâ”€[39m[90mâ”€[39m[90mâ”€[39m[90mâ”€[39m[90mâ”€[39m[90mâ”€[39m[90mâ”€[39m[90mâ”€[39m[90mâ”€[39m[90mâ”€[39m[90mâ”€[39m[90mâ”€[39m[90mâ”€[39m[90mâ”€[39m[90mâ”€[39m[90mâ”€[39m[90mâ”€[39m[90mâ”€[39m[90mâ”€[39m[90mâ”€[39m[90mâ”€[39m[90mâ”€[39m[90mâ”€[39m[90mâ”¤[39m
Admin UI E2E (1, chrome)	Run Cypress	2024-11-13T19:24:50.9432330Z [90m  â”‚[39m [32mâœ”[39m  [0midentity_providers_test.spec.ts[0m          [90m01:29[39m       [0m32[0m       [32m31[39m        [90m-[39m        [36m1[39m        [90m-[39m [90mâ”‚[39m
Admin UI E2E (1, chrome)	Run Cypress	2024-11-13T19:24:50.9451691Z [90m  â”œ[39m[90mâ”€[39m[90mâ”€[39m[90mâ”€[39m[90mâ”€[39m[90mâ”€[39m[90mâ”€[39m[90mâ”€[39m[90mâ”€[39m[90mâ”€[39m[90mâ”€[39m[90mâ”€[39m[90mâ”€[39m[90mâ”€[39m[90mâ”€[39m[90mâ”€[39m[90mâ”€[39m[90mâ”€[39m[90mâ”€[39m[90mâ”€[39m[90mâ”€[39m[90mâ”€[39m[90mâ”€[39m[90mâ”€[39m[90mâ”€[39m[90mâ”€[39m[90mâ”€[39m[90mâ”€[39m[90mâ”€[39m[90mâ”€[39m[90mâ”€[39m[90mâ”€[39m[90mâ”€[39m[90mâ”€[39m[90mâ”€[39m[90mâ”€[39m[90mâ”€[39m[90mâ”€[39m[90mâ”€[39m[90mâ”€[39m[90mâ”€[39m[90mâ”€[39m[90mâ”€[39m[90mâ”€[39m[90mâ”€[39m[90mâ”€[39m[90mâ”€[39m[90mâ”€[39m[90mâ”€[39m[90mâ”€[39m[90mâ”€[39m[90mâ”€[39m[90mâ”€[39m[90mâ”€[39m[90mâ”€[39m[90mâ”€[39m[90mâ”€[39m[90mâ”€[39m[90mâ”€[39m[90mâ”€[39m[90mâ”€[39m[90mâ”€[39m[90mâ”€[39m[90mâ”€[39m[90mâ”€[39m[90mâ”€[39m[90mâ”€[39m[90mâ”€[39m[90mâ”€[39m[90mâ”€[39m[90mâ”€[39m[90mâ”€[39m[90mâ”€[39m[90mâ”€[39m[90mâ”€[39m[90mâ”€[39m[90mâ”€[39m[90mâ”€[39m[90mâ”€[39m[90mâ”€[39m[90mâ”€[39m[90mâ”€[39m[90mâ”€[39m[90mâ”€[39m[90mâ”€[39m[90mâ”€[39m[90mâ”€[39m[90mâ”€[39m[90mâ”€[39m[90mâ”€[39m[90mâ”€[39m[90mâ”€[39m[90mâ”€[39m[90mâ”€[39m[90mâ”€[39m[90mâ”€[39m[90mâ”€[39m[90mâ”¤[39m
Admin UI E2E (1, chrome)	Run Cypress	2024-11-13T19:24:50.9459888Z [90m  â”‚[39m [32mâœ”[39m  [0mpartial_export_test.spec.ts[0m              [90m00:08[39m        [0m3[0m        [32m3[39m        [90m-[39m        [90m-[39m        [90m-[39m [90mâ”‚[39m
Admin UI E2E (1, chrome)	Run Cypress	2024-11-13T19:24:50.9469455Z [90m  â”œ[39m[90mâ”€[39m[90mâ”€[39m[90mâ”€[39m[90mâ”€[39m[90mâ”€[39m[90mâ”€[39m[90mâ”€[39m[90mâ”€[39m[90mâ”€[39m[90mâ”€[39m[90mâ”€[39m[90mâ”€[39m[90mâ”€[39m[90mâ”€[39m[90mâ”€[39m[90mâ”€[39m[90mâ”€[39m[90mâ”€[39m[90mâ”€[39m[90mâ”€[39m[90mâ”€[39m[90mâ”€[39m[90mâ”€[39m[90mâ”€[39m[90mâ”€[39m[90mâ”€[39m[90mâ”€[39m[90mâ”€[39m[90mâ”€[39m[90mâ”€[39m[90mâ”€[39m[90mâ”€[39m[90mâ”€[39m[90mâ”€[39m[90mâ”€[39m[90mâ”€[39m[90mâ”€[39m[90mâ”€[39m[90mâ”€[39m[90mâ”€[39m[90mâ”€[39m[90mâ”€[39m[90mâ”€[39m[90mâ”€[39m[90mâ”€[39m[90mâ”€[39m[90mâ”€[39m[90mâ”€[39m[90mâ”€[39m[90mâ”€[39m[90mâ”€[39m[90mâ”€[39m[90mâ”€[39m[90mâ”€[39m[90mâ”€[39m[90mâ”€[39m[90mâ”€[39m[90mâ”€[39m[90mâ”€[39m[90mâ”€[39m[90mâ”€[39m[90mâ”€[39m[90mâ”€[39m[90mâ”€[39m[90mâ”€[39m[90mâ”€[39m[90mâ”€[39m[90mâ”€[39m[90mâ”€[39m[90mâ”€[39m[90mâ”€[39m[90mâ”€[39m[90mâ”€[39m[90mâ”€[39m[90mâ”€[39m[90mâ”€[39m[90mâ”€[39m[90mâ”€[39m[90mâ”€[39m[90mâ”€[39m[90mâ”€[39m[90mâ”€[39m[90mâ”€[39m[90mâ”€[39m[90mâ”€[39m[90mâ”€[39m[90mâ”€[39m[90mâ”€[39m[90mâ”€[39m[90mâ”€[39m[90mâ”€[39m[90mâ”€[39m[90mâ”€[39m[90mâ”€[39m[90mâ”€[39m[90mâ”€[39m[90mâ”¤[39m
Admin UI E2E (1, chrome)	Run Cypress	2024-11-13T19:24:50.9477368Z [90m  â”‚[39m [32mâœ”[39m  [0mclients_saml_advanced.spec.ts[0m            [90m00:08[39m        [0m2[0m        [32m2[39m        [90m-[39m        [90m-[39m        [90m-[39m [90mâ”‚[39m
Admin UI E2E (1, chrome)	Run Cypress	2024-11-13T19:24:50.9488369Z [90m  â””[39m[90mâ”€[39m[90mâ”€[39m[90mâ”€[39m[90mâ”€[39m[90mâ”€[39m[90mâ”€[39m[90mâ”€[39m[90mâ”€[39m[90mâ”€[39m[90mâ”€[39m[90mâ”€[39m[90mâ”€[39m[90mâ”€[39m[90mâ”€[39m[90mâ”€[39m[90mâ”€[39m[90mâ”€[39m[90mâ”€[39m[90mâ”€[39m[90mâ”€[39m[90mâ”€[39m[90mâ”€[39m[90mâ”€[39m[90mâ”€[39m[90mâ”€[39m[90mâ”€[39m[90mâ”€[39m[90mâ”€[39m[90mâ”€[39m[90mâ”€[39m[90mâ”€[39m[90mâ”€[39m[90mâ”€[39m[90mâ”€[39m[90mâ”€[39m[90mâ”€[39m[90mâ”€[39m[90mâ”€[39m[90mâ”€[39m[90mâ”€[39m[90mâ”€[39m[90mâ”€[39m[90mâ”€[39m[90mâ”€[39m[90mâ”€[39m[90mâ”€[39m[90mâ”€[39m[90mâ”€[39m[90mâ”€[39m[90mâ”€[39m[90mâ”€[39m[90mâ”€[39m[90mâ”€[39m[90mâ”€[39m[90mâ”€[39m[90mâ”€[39m[90mâ”€[39m[90mâ”€[39m[90mâ”€[39m[90mâ”€[39m[90mâ”€[39m[90mâ”€[39m[90mâ”€[39m[90mâ”€[39m[90mâ”€[39m[90mâ”€[39m[90mâ”€[39m[90mâ”€[39m[90mâ”€[39m[90mâ”€[39m[90mâ”€[39m[90mâ”€[39m[90mâ”€[39m[90mâ”€[39m[90mâ”€[39m[90mâ”€[39m[90mâ”€[39m[90mâ”€[39m[90mâ”€[39m[90mâ”€[39m[90mâ”€[39m[90mâ”€[39m[90mâ”€[39m[90mâ”€[39m[90mâ”€[39m[90mâ”€[39m[90mâ”€[39m[90mâ”€[39m[90mâ”€[39m[90mâ”€[39m[90mâ”€[39m[90mâ”€[39m[90mâ”€[39m[90mâ”€[39m[90mâ”€[39m[90mâ”€[39m[90mâ”˜[39m
Admin UI E2E (1, chrome)	Run Cypress	2024-11-13T19:24:50.9493138Z [90m   [39m [31mâœ–[39m  [31m1 of 8 failed (13%)[39m                      [90m04:47[39m       [0m74[0m       [32m66[39m        [31m1[39m        [36m7[39m        [90m-[39m [90m [39m
Admin UI E2E (1, chrome)	Run Cypress	2024-11-13T19:24:50.9493831Z 
Admin UI E2E (1, chrome)	Run Cypress	2024-11-13T19:24:51.0707717Z ##[error]Cypress tests: 1 failed
Status Check - Keycloak JavaScript CI	Run /./.github/actions/status-check	2024-11-13T19:28:49.3706357Z Prepare all required actions
Status Check - Keycloak JavaScript CI	Run /./.github/actions/status-check	2024-11-13T19:28:49.3802645Z ##[group]Run ./.github/actions/status-check
Status Check - Keycloak JavaScript CI	Run /./.github/actions/status-check	2024-11-13T19:28:49.3803155Z with:
Status Check - Keycloak JavaScript CI	Run /./.github/actions/status-check	2024-11-13T19:28:49.3804916Z   jobs: {
Status Check - Keycloak JavaScript CI	Run /./.github/actions/status-check	  "conditional": {
Status Check - Keycloak JavaScript CI	Run /./.github/actions/status-check	    "result": "success",
Status Check - Keycloak JavaScript CI	Run /./.github/actions/status-check	    "outputs": {
Status Check - Keycloak JavaScript CI	Run /./.github/actions/status-check	      "js-ci": "true"
Status Check - Keycloak JavaScript CI	Run /./.github/actions/status-check	    }
Status Check - Keycloak JavaScript CI	Run /./.github/actions/status-check	  },
Status Check - Keycloak JavaScript CI	Run /./.github/actions/status-check	  "build-keycloak": {
Status Check - Keycloak JavaScript CI	Run /./.github/actions/status-check	    "result": "success",
Status Check - Keycloak JavaScript CI	Run /./.github/actions/status-check	    "outputs": {}
Status Check - Keycloak JavaScript CI	Run /./.github/actions/status-check	  },
Status Check - Keycloak JavaScript CI	Run /./.github/actions/status-check	  "admin-client": {
Status Check - Keycloak JavaScript CI	Run /./.github/actions/status-check	    "result": "success",
Status Check - Keycloak JavaScript CI	Run /./.github/actions/status-check	    "outputs": {}
Status Check - Keycloak JavaScript CI	Run /./.github/actions/status-check	  },
Status Check - Keycloak JavaScript CI	Run /./.github/actions/status-check	  "ui-shared": {
Status Check - Keycloak JavaScript CI	Run /./.github/actions/status-check	    "result": "success",
Status Check - Keycloak JavaScript CI	Run /./.github/actions/status-check	    "outputs": {}
Status Check - Keycloak JavaScript CI	Run /./.github/actions/status-check	  },
Status Check - Keycloak JavaScript CI	Run /./.github/actions/status-check	  "account-ui": {
Status Check - Keycloak JavaScript CI	Run /./.github/actions/status-check	    "result": "success",
Status Check - Keycloak JavaScript CI	Run /./.github/actions/status-check	    "outputs": {}
Status Check - Keycloak JavaScript CI	Run /./.github/actions/status-check	  },
Status Check - Keycloak JavaScript CI	Run /./.github/actions/status-check	  "account-ui-e2e": {
Status Check - Keycloak JavaScript CI	Run /./.github/actions/status-check	    "result": "success",
Status Check - Keycloak JavaScript CI	Run /./.github/actions/status-check	    "outputs": {}
Status Check - Keycloak JavaScript CI	Run /./.github/actions/status-check	  },
Status Check - Keycloak JavaScript CI	Run /./.github/actions/status-check	  "admin-ui": {
Status Check - Keycloak JavaScript CI	Run /./.github/actions/status-check	    "result": "success",
Status Check - Keycloak JavaScript CI	Run /./.github/actions/status-check	    "outputs": {}
Status Check - Keycloak JavaScript CI	Run /./.github/actions/status-check	  },
Status Check - Keycloak JavaScript CI	Run /./.github/actions/status-check	  "admin-ui-e2e": {
Status Check - Keycloak JavaScript CI	Run /./.github/actions/status-check	    "result": "failure",
Status Check - Keycloak JavaScript CI	Run /./.github/actions/status-check	    "outputs": {}
Status Check - Keycloak JavaScript CI	Run /./.github/actions/status-check	  }
Status Check - Keycloak JavaScript CI	Run /./.github/actions/status-check	}
Status Check - Keycloak JavaScript CI	Run /./.github/actions/status-check	2024-11-13T19:28:49.3806804Z env:
Status Check - Keycloak JavaScript CI	Run /./.github/actions/status-check	2024-11-13T19:28:49.3807280Z   MAVEN_ARGS: -B -nsu -Daether.connector.http.connectionMaxTtl=25
Status Check - Keycloak JavaScript CI	Run /./.github/actions/status-check	2024-11-13T19:28:49.3807786Z ##[endgroup]
Status Check - Keycloak JavaScript CI	Run /./.github/actions/status-check	2024-11-13T19:28:49.4066661Z ##[group]Run JOBS='{
Status Check - Keycloak JavaScript CI	Run /./.github/actions/status-check	2024-11-13T19:28:49.4067166Z [36;1mJOBS='{[0m
Status Check - Keycloak JavaScript CI	Run /./.github/actions/status-check	2024-11-13T19:28:49.4067767Z [36;1m  "conditional": {[0m
Status Check - Keycloak JavaScript CI	Run /./.github/actions/status-check	2024-11-13T19:28:49.4068179Z [36;1m    "result": "success",[0m
Status Check - Keycloak JavaScript CI	Run /./.github/actions/status-check	2024-11-13T19:28:49.4068672Z [36;1m    "outputs": {[0m
Status Check - Keycloak JavaScript CI	Run /./.github/actions/status-check	2024-11-13T19:28:49.4069060Z [36;1m      "js-ci": "true"[0m
Status Check - Keycloak JavaScript CI	Run /./.github/actions/status-check	2024-11-13T19:28:49.4069422Z [36;1m    }[0m
Status Check - Keycloak JavaScript CI	Run /./.github/actions/status-check	2024-11-13T19:28:49.4069883Z [36;1m  },[0m
Status Check - Keycloak JavaScript CI	Run /./.github/actions/status-check	2024-11-13T19:28:49.4070219Z [36;1m  "build-keycloak": {[0m
Status Check - Keycloak JavaScript CI	Run /./.github/actions/status-check	2024-11-13T19:28:49.4070596Z [36;1m    "result": "success",[0m
Status Check - Keycloak JavaScript CI	Run /./.github/actions/status-check	2024-11-13T19:28:49.4071066Z [36;1m    "outputs": {}[0m
Status Check - Keycloak JavaScript CI	Run /./.github/actions/status-check	2024-11-13T19:28:49.4071429Z [36;1m  },[0m
Status Check - Keycloak JavaScript CI	Run /./.github/actions/status-check	2024-11-13T19:28:49.4071746Z [36;1m  "admin-client": {[0m
Status Check - Keycloak JavaScript CI	Run /./.github/actions/status-check	2024-11-13T19:28:49.4072199Z [36;1m    "result": "success",[0m
Status Check - Keycloak JavaScript CI	Run /./.github/actions/status-check	2024-11-13T19:28:49.4072609Z [36;1m    "outputs": {}[0m
Status Check - Keycloak JavaScript CI	Run /./.github/actions/status-check	2024-11-13T19:28:49.4072963Z [36;1m  },[0m
Status Check - Keycloak JavaScript CI	Run /./.github/actions/status-check	2024-11-13T19:28:49.4073356Z [36;1m  "ui-shared": {[0m
Status Check - Keycloak JavaScript CI	Run /./.github/actions/status-check	2024-11-13T19:28:49.4073737Z [36;1m    "result": "success",[0m
Status Check - Keycloak JavaScript CI	Run /./.github/actions/status-check	2024-11-13T19:28:49.4074124Z [36;1m    "outputs": {}[0m
Status Check - Keycloak JavaScript CI	Run /./.github/actions/status-check	2024-11-13T19:28:49.4074607Z [36;1m  },[0m
Status Check - Keycloak JavaScript CI	Run /./.github/actions/status-check	2024-11-13T19:28:49.4074952Z [36;1m  "account-ui": {[0m
Status Check - Keycloak JavaScript CI	Run /./.github/actions/status-check	2024-11-13T19:28:49.4075284Z [36;1m    "result": "success",[0m
Status Check - Keycloak JavaScript CI	Run /./.github/actions/status-check	2024-11-13T19:28:49.4075739Z [36;1m    "outputs": {}[0m
Status Check - Keycloak JavaScript CI	Run /./.github/actions/status-check	2024-11-13T19:28:49.4076114Z [36;1m  },[0m
Status Check - Keycloak JavaScript CI	Run /./.github/actions/status-check	2024-11-13T19:28:49.4076408Z [36;1m  "account-ui-e2e": {[0m
Status Check - Keycloak JavaScript CI	Run /./.github/actions/status-check	2024-11-13T19:28:49.4076875Z [36;1m    "result": "success",[0m
Status Check - Keycloak JavaScript CI	Run /./.github/actions/status-check	2024-11-13T19:28:49.4077286Z [36;1m    "outputs": {}[0m
Status Check - Keycloak JavaScript CI	Run /./.github/actions/status-check	2024-11-13T19:28:49.4077603Z [36;1m  },[0m
Status Check - Keycloak JavaScript CI	Run /./.github/actions/status-check	2024-11-13T19:28:49.4077989Z [36;1m  "admin-ui": {[0m
Status Check - Keycloak JavaScript CI	Run /./.github/actions/status-check	2024-11-13T19:28:49.4078601Z [36;1m    "result": "success",[0m
Status Check - Keycloak JavaScript CI	Run /./.github/actions/status-check	2024-11-13T19:28:49.4079056Z [36;1m    "outputs": {}[0m
Status Check - Keycloak JavaScript CI	Run /./.github/actions/status-check	2024-11-13T19:28:49.4079500Z [36;1m  },[0m
Status Check - Keycloak JavaScript CI	Run /./.github/actions/status-check	2024-11-13T19:28:49.4079846Z [36;1m  "admin-ui-e2e": {[0m
Status Check - Keycloak JavaScript CI	Run /./.github/actions/status-check	2024-11-13T19:28:49.4080202Z [36;1m    "result": "failure",[0m
Status Check - Keycloak JavaScript CI	Run /./.github/actions/status-check	2024-11-13T19:28:49.4080669Z [36;1m    "outputs": {}[0m
Status Check - Keycloak JavaScript CI	Run /./.github/actions/status-check	2024-11-13T19:28:49.4081042Z [36;1m  }[0m
Status Check - Keycloak JavaScript CI	Run /./.github/actions/status-check	2024-11-13T19:28:49.4081312Z [36;1m}'[0m
Status Check - Keycloak JavaScript CI	Run /./.github/actions/status-check	2024-11-13T19:28:49.4081699Z [36;1m[0m
Status Check - Keycloak JavaScript CI	Run /./.github/actions/status-check	2024-11-13T19:28:49.4082014Z [36;1mecho "Job status:"[0m
Status Check - Keycloak JavaScript CI	Run /./.github/actions/status-check	2024-11-13T19:28:49.4082526Z [36;1mecho $JOBS | jq -r 'to_entries[] | " - \(.key): \(.value.result)"'[0m
Status Check - Keycloak JavaScript CI	Run /./.github/actions/status-check	2024-11-13T19:28:49.4083156Z [36;1m[0m
Status Check - Keycloak JavaScript CI	Run /./.github/actions/status-check	2024-11-13T19:28:49.4083620Z [36;1mfor i in $(echo $JOBS | jq -r 'to_entries[] | .value.result'); do[0m
Status Check - Keycloak JavaScript CI	Run /./.github/actions/status-check	2024-11-13T19:28:49.4084384Z [36;1m  if [ "$i" != "success" ] && [ "$i" != "skipped" ]; then[0m
Status Check - Keycloak JavaScript CI	Run /./.github/actions/status-check	2024-11-13T19:28:49.4084970Z [36;1m    echo ""[0m
Status Check - Keycloak JavaScript CI	Run /./.github/actions/status-check	2024-11-13T19:28:49.4085441Z [36;1m    echo "Status check not okay!"[0m
Status Check - Keycloak JavaScript CI	Run /./.github/actions/status-check	2024-11-13T19:28:49.4085879Z [36;1m    exit 1[0m
Status Check - Keycloak JavaScript CI	Run /./.github/actions/status-check	2024-11-13T19:28:49.4086263Z [36;1m  fi[0m
Status Check - Keycloak JavaScript CI	Run /./.github/actions/status-check	2024-11-13T19:28:49.4086579Z [36;1mdone[0m
Status Check - Keycloak JavaScript CI	Run /./.github/actions/status-check	2024-11-13T19:28:49.4196211Z shell: /usr/bin/bash --noprofile --norc -e -o pipefail {0}
Status Check - Keycloak JavaScript CI	Run /./.github/actions/status-check	2024-11-13T19:28:49.4197129Z env:
Status Check - Keycloak JavaScript CI	Run /./.github/actions/status-check	2024-11-13T19:28:49.4197712Z   MAVEN_ARGS: -B -nsu -Daether.connector.http.connectionMaxTtl=25
Status Check - Keycloak JavaScript CI	Run /./.github/actions/status-check	2024-11-13T19:28:49.4198269Z ##[endgroup]
Status Check - Keycloak JavaScript CI	Run /./.github/actions/status-check	2024-11-13T19:28:49.4343312Z Job status:
Status Check - Keycloak JavaScript CI	Run /./.github/actions/status-check	2024-11-13T19:28:49.4570917Z  - conditional: success
Status Check - Keycloak JavaScript CI	Run /./.github/actions/status-check	2024-11-13T19:28:49.4571609Z  - build-keycloak: success
Status Check - Keycloak JavaScript CI	Run /./.github/actions/status-check	2024-11-13T19:28:49.4572595Z  - admin-client: success
Status Check - Keycloak JavaScript CI	Run /./.github/actions/status-check	2024-11-13T19:28:49.4573116Z  - ui-shared: success
Status Check - Keycloak JavaScript CI	Run /./.github/actions/status-check	2024-11-13T19:28:49.4573484Z  - account-ui: success
Status Check - Keycloak JavaScript CI	Run /./.github/actions/status-check	2024-11-13T19:28:49.4573896Z  - account-ui-e2e: success
Status Check - Keycloak JavaScript CI	Run /./.github/actions/status-check	2024-11-13T19:28:49.4574325Z  - admin-ui: success
Status Check - Keycloak JavaScript CI	Run /./.github/actions/status-check	2024-11-13T19:28:49.4574722Z  - admin-ui-e2e: failure
Status Check - Keycloak JavaScript CI	Run /./.github/actions/status-check	2024-11-13T19:28:49.4780035Z 
Status Check - Keycloak JavaScript CI	Run /./.github/actions/status-check	2024-11-13T19:28:49.4780444Z Status check not okay!
Status Check - Keycloak JavaScript CI	Run /./.github/actions/status-check	2024-11-13T19:28:49.4795126Z ##[error]Process completed with exit code 1.
